[0.007s][info][gc,init] CardTable entry size: 512
[0.007s][info][gc     ] Using Parallel
[0.010s][info][gc,init] Version: 21.0.4+7-adhoc.Administrator.jdk21u (release)
[0.010s][info][gc,init] CPUs: 6 total, 6 available
[0.010s][info][gc,init] Memory: 15591M
[0.010s][info][gc,init] Large Page Support: Disabled
[0.010s][info][gc,init] NUMA Support: Disabled
[0.010s][info][gc,init] Compressed Oops: Enabled (32-bit)
[0.010s][info][gc,init] Alignments: Space 512K, Generation 512K, Heap 2M
[0.010s][info][gc,init] Heap Min Capacity: 1G
[0.010s][info][gc,init] Heap Initial Capacity: 1G
[0.010s][info][gc,init] Heap Max Capacity: 1G
[0.012s][info][gc,init] Pre-touch: Disabled
[0.012s][info][gc,init] Parallel Workers: 6
[0.021s][info][gc,metaspace] CDS archive(s) mapped at: [0x0000014980000000-0x0000014980c90000-0x0000014980c90000), size 13172736, SharedBaseAddress: 0x0000014980000000, ArchiveRelocationMode: 1.
[0.021s][info][gc,metaspace] Compressed class space mapped at: 0x0000014981000000-0x00000149c1000000, reserved size: 1073741824
[0.021s][info][gc,metaspace] Narrow klass base: 0x0000014980000000, Narrow klass shift: 0, Narrow klass range: 0x100000000
[6.830s][info][gc,start    ] GC(0) Pause Young (Metadata GC Threshold)
[6.839s][info][gc,heap     ] GC(0) PSYoungGen: 108658K(305664K)->19086K(305664K) Eden: 108658K(262144K)->0K(262144K) From: 0K(43520K)->19086K(43520K)
[6.839s][info][gc,heap     ] GC(0) ParOldGen: 0K(699392K)->88K(699392K)
[6.839s][info][gc,metaspace] GC(0) Metaspace: 21269K(21504K)->21269K(21504K) NonClass: 18607K(18752K)->18607K(18752K) Class: 2661K(2752K)->2661K(2752K)
[6.839s][info][gc          ] GC(0) Pause Young (Metadata GC Threshold) 106M->18M(981M) 9.273ms
[6.839s][info][gc,cpu      ] GC(0) User=0.02s Sys=0.00s Real=0.02s
[6.839s][info][gc,start    ] GC(1) Pause Full (Metadata GC Threshold)
[6.839s][info][gc,phases,start] GC(1) Marking Phase
[6.844s][info][gc,phases      ] GC(1) Marking Phase 4.813ms
[6.844s][info][gc,phases,start] GC(1) Summary Phase
[6.844s][info][gc,phases      ] GC(1) Summary Phase 0.012ms
[6.844s][info][gc,phases,start] GC(1) Adjust Roots
[6.847s][info][gc,phases      ] GC(1) Adjust Roots 2.863ms
[6.847s][info][gc,phases,start] GC(1) Compaction Phase
[6.853s][info][gc,phases      ] GC(1) Compaction Phase 6.031ms
[6.853s][info][gc,phases,start] GC(1) Post Compact
[6.854s][info][gc,phases      ] GC(1) Post Compact 0.907ms
[6.854s][info][gc,heap        ] GC(1) PSYoungGen: 19086K(305664K)->0K(305664K) Eden: 0K(262144K)->0K(262144K) From: 19086K(43520K)->0K(43520K)
[6.854s][info][gc,heap        ] GC(1) ParOldGen: 88K(699392K)->18877K(699392K)
[6.854s][info][gc,metaspace   ] GC(1) Metaspace: 21269K(21504K)->21269K(21504K) NonClass: 18607K(18752K)->18607K(18752K) Class: 2661K(2752K)->2661K(2752K)
[6.854s][info][gc             ] GC(1) Pause Full (Metadata GC Threshold) 18M->18M(981M) 14.834ms
[6.854s][info][gc,cpu         ] GC(1) User=0.00s Sys=0.02s Real=0.02s
[7.642s][info][gc,start       ] GC(2) Pause Young (Metadata GC Threshold)
[7.645s][info][gc,heap        ] GC(2) PSYoungGen: 72173K(305664K)->3977K(305664K) Eden: 72173K(262144K)->0K(262144K) From: 0K(43520K)->3977K(43520K)
[7.645s][info][gc,heap        ] GC(2) ParOldGen: 18877K(699392K)->18885K(699392K)
[7.645s][info][gc,metaspace   ] GC(2) Metaspace: 35458K(35840K)->35458K(35840K) NonClass: 31039K(31232K)->31039K(31232K) Class: 4419K(4608K)->4419K(4608K)
[7.645s][info][gc             ] GC(2) Pause Young (Metadata GC Threshold) 88M->22M(981M) 3.461ms
[7.646s][info][gc,cpu         ] GC(2) User=0.00s Sys=0.00s Real=0.00s
[7.646s][info][gc,start       ] GC(3) Pause Full (Metadata GC Threshold)
[7.646s][info][gc,phases,start] GC(3) Marking Phase
[7.653s][info][gc,phases      ] GC(3) Marking Phase 7.372ms
[7.653s][info][gc,phases,start] GC(3) Summary Phase
[7.653s][info][gc,phases      ] GC(3) Summary Phase 0.011ms
[7.653s][info][gc,phases,start] GC(3) Adjust Roots
[7.656s][info][gc,phases      ] GC(3) Adjust Roots 3.414ms
[7.656s][info][gc,phases,start] GC(3) Compaction Phase
[7.664s][info][gc,phases      ] GC(3) Compaction Phase 7.161ms
[7.664s][info][gc,phases,start] GC(3) Post Compact
[7.664s][info][gc,phases      ] GC(3) Post Compact 0.669ms
[7.664s][info][gc,heap        ] GC(3) PSYoungGen: 3977K(305664K)->0K(305664K) Eden: 0K(262144K)->0K(262144K) From: 3977K(43520K)->0K(43520K)
[7.664s][info][gc,heap        ] GC(3) ParOldGen: 18885K(699392K)->22627K(699392K)
[7.664s][info][gc,metaspace   ] GC(3) Metaspace: 35458K(35840K)->35458K(35840K) NonClass: 31039K(31232K)->31039K(31232K) Class: 4419K(4608K)->4419K(4608K)
[7.664s][info][gc             ] GC(3) Pause Full (Metadata GC Threshold) 22M->22M(981M) 18.947ms
[7.665s][info][gc,cpu         ] GC(3) User=0.02s Sys=0.00s Real=0.02s
[9.002s][info][gc,start       ] GC(4) Pause Young (Metadata GC Threshold)
[9.007s][info][gc,heap        ] GC(4) PSYoungGen: 147442K(305664K)->7015K(305664K) Eden: 147442K(262144K)->0K(262144K) From: 0K(43520K)->7015K(43520K)
[9.007s][info][gc,heap        ] GC(4) ParOldGen: 22627K(699392K)->22635K(699392K)
[9.007s][info][gc,metaspace   ] GC(4) Metaspace: 59347K(59776K)->59347K(59776K) NonClass: 52224K(52480K)->52224K(52480K) Class: 7122K(7296K)->7122K(7296K)
[9.007s][info][gc             ] GC(4) Pause Young (Metadata GC Threshold) 166M->28M(981M) 4.907ms
[9.007s][info][gc,cpu         ] GC(4) User=0.00s Sys=0.00s Real=0.00s
[9.007s][info][gc,start       ] GC(5) Pause Full (Metadata GC Threshold)
[9.007s][info][gc,phases,start] GC(5) Marking Phase
[9.017s][info][gc,phases      ] GC(5) Marking Phase 9.662ms
[9.017s][info][gc,phases,start] GC(5) Summary Phase
[9.017s][info][gc,phases      ] GC(5) Summary Phase 0.010ms
[9.017s][info][gc,phases,start] GC(5) Adjust Roots
[9.021s][info][gc,phases      ] GC(5) Adjust Roots 4.281ms
[9.021s][info][gc,phases,start] GC(5) Compaction Phase
[9.033s][info][gc,phases      ] GC(5) Compaction Phase 11.061ms
[9.033s][info][gc,phases,start] GC(5) Post Compact
[9.034s][info][gc,phases      ] GC(5) Post Compact 1.210ms
[9.034s][info][gc,heap        ] GC(5) PSYoungGen: 7015K(305664K)->0K(305664K) Eden: 0K(262144K)->0K(262144K) From: 7015K(43520K)->0K(43520K)
[9.034s][info][gc,heap        ] GC(5) ParOldGen: 22635K(699392K)->29201K(699392K)
[9.034s][info][gc,metaspace   ] GC(5) Metaspace: 59347K(59776K)->59347K(59776K) NonClass: 52224K(52480K)->52224K(52480K) Class: 7122K(7296K)->7122K(7296K)
[9.034s][info][gc             ] GC(5) Pause Full (Metadata GC Threshold) 28M->28M(981M) 26.606ms
[9.034s][info][gc,cpu         ] GC(5) User=0.03s Sys=0.00s Real=0.03s
[10.257s][info][gc,start       ] GC(6) Pause Young (System.gc())
[10.260s][info][gc,heap        ] GC(6) PSYoungGen: 99134K(305664K)->4683K(305664K) Eden: 99134K(262144K)->0K(262144K) From: 0K(43520K)->4683K(43520K)
[10.260s][info][gc,heap        ] GC(6) ParOldGen: 29201K(699392K)->29209K(699392K)
[10.260s][info][gc,metaspace   ] GC(6) Metaspace: 82788K(83392K)->82788K(83392K) NonClass: 72481K(72832K)->72481K(72832K) Class: 10306K(10560K)->10306K(10560K)
[10.261s][info][gc             ] GC(6) Pause Young (System.gc()) 125M->33M(981M) 3.454ms
[10.261s][info][gc,cpu         ] GC(6) User=0.00s Sys=0.00s Real=0.00s
[10.261s][info][gc,start       ] GC(7) Pause Full (System.gc())
[10.261s][info][gc,phases,start] GC(7) Marking Phase
[10.275s][info][gc,phases      ] GC(7) Marking Phase 14.230ms
[10.275s][info][gc,phases,start] GC(7) Summary Phase
[10.275s][info][gc,phases      ] GC(7) Summary Phase 0.009ms
[10.275s][info][gc,phases,start] GC(7) Adjust Roots
[10.279s][info][gc,phases      ] GC(7) Adjust Roots 4.532ms
[10.279s][info][gc,phases,start] GC(7) Compaction Phase
[10.291s][info][gc,phases      ] GC(7) Compaction Phase 11.548ms
[10.291s][info][gc,phases,start] GC(7) Post Compact
[10.292s][info][gc,phases      ] GC(7) Post Compact 0.683ms
[10.292s][info][gc,heap        ] GC(7) PSYoungGen: 4683K(305664K)->0K(305664K) Eden: 0K(262144K)->0K(262144K) From: 4683K(43520K)->0K(43520K)
[10.292s][info][gc,heap        ] GC(7) ParOldGen: 29209K(699392K)->33430K(699392K)
[10.292s][info][gc,metaspace   ] GC(7) Metaspace: 82788K(83392K)->82788K(83392K) NonClass: 72481K(72832K)->72481K(72832K) Class: 10306K(10560K)->10306K(10560K)
[10.292s][info][gc             ] GC(7) Pause Full (System.gc()) 33M->32M(981M) 31.343ms
[10.292s][info][gc,cpu         ] GC(7) User=0.03s Sys=0.00s Real=0.03s
[12.444s][info][gc,start       ] GC(8) Pause Young (Allocation Failure)
[12.451s][info][gc,heap        ] GC(8) PSYoungGen: 262144K(305664K)->12907K(305664K) Eden: 262144K(262144K)->0K(262144K) From: 0K(43520K)->12907K(43520K)
[12.451s][info][gc,heap        ] GC(8) ParOldGen: 33430K(699392K)->33446K(699392K)
[12.451s][info][gc,metaspace   ] GC(8) Metaspace: 115485K(116608K)->115485K(116608K) NonClass: 100677K(101312K)->100677K(101312K) Class: 14808K(15296K)->14808K(15296K)
[12.451s][info][gc             ] GC(8) Pause Young (Allocation Failure) 288M->45M(981M) 7.314ms
[12.451s][info][gc,cpu         ] GC(8) User=0.00s Sys=0.00s Real=0.00s
[12.530s][info][gc,start       ] GC(9) Pause Young (Allocation Failure)
[12.536s][info][gc,heap        ] GC(9) PSYoungGen: 275051K(305664K)->19826K(324608K) Eden: 262144K(262144K)->0K(281088K) From: 12907K(43520K)->19826K(43520K)
[12.537s][info][gc,heap        ] GC(9) ParOldGen: 33446K(699392K)->33454K(699392K)
[12.537s][info][gc,metaspace   ] GC(9) Metaspace: 115488K(116608K)->115488K(116608K) NonClass: 100679K(101312K)->100679K(101312K) Class: 14808K(15296K)->14808K(15296K)
[12.537s][info][gc             ] GC(9) Pause Young (Allocation Failure) 301M->52M(1000M) 6.049ms
[12.537s][info][gc,cpu         ] GC(9) User=0.00s Sys=0.02s Real=0.02s
[12.600s][info][gc,start       ] GC(10) Pause Young (Allocation Failure)
[12.606s][info][gc,heap        ] GC(10) PSYoungGen: 300914K(324608K)->24549K(305664K) Eden: 281088K(281088K)->0K(281088K) From: 19826K(43520K)->24549K(24576K)
[12.606s][info][gc,heap        ] GC(10) ParOldGen: 33454K(699392K)->33745K(699392K)
[12.606s][info][gc,metaspace   ] GC(10) Metaspace: 115917K(116992K)->115917K(116992K) NonClass: 101018K(101632K)->101018K(101632K) Class: 14898K(15360K)->14898K(15360K)
[12.606s][info][gc             ] GC(10) Pause Young (Allocation Failure) 326M->56M(981M) 6.636ms
[12.606s][info][gc,cpu         ] GC(10) User=0.02s Sys=0.00s Real=0.02s
[13.771s][info][gc,start       ] GC(11) Pause Young (Allocation Failure)
[13.782s][info][gc,heap        ] GC(11) PSYoungGen: 305637K(305664K)->29667K(300032K) Eden: 281088K(281088K)->0K(270336K) From: 24549K(24576K)->29667K(29696K)
[13.782s][info][gc,heap        ] GC(11) ParOldGen: 33745K(699392K)->43476K(699392K)
[13.782s][info][gc,metaspace   ] GC(11) Metaspace: 125974K(127488K)->125974K(127488K) NonClass: 109532K(110400K)->109532K(110400K) Class: 16442K(17088K)->16442K(17088K)
[13.782s][info][gc             ] GC(11) Pause Young (Allocation Failure) 331M->71M(976M) 10.417ms
[13.782s][info][gc,cpu         ] GC(11) User=0.02s Sys=0.00s Real=0.02s
[14.614s][info][gc,start       ] GC(12) Pause Young (Allocation Failure)
[14.622s][info][gc,heap        ] GC(12) PSYoungGen: 300003K(300032K)->20976K(309760K) Eden: 270336K(270336K)->0K(270336K) From: 29667K(29696K)->20976K(39424K)
[14.622s][info][gc,heap        ] GC(12) ParOldGen: 43476K(699392K)->50714K(699392K)
[14.622s][info][gc,metaspace   ] GC(12) Metaspace: 128970K(130752K)->128970K(130752K) NonClass: 112085K(113088K)->112085K(113088K) Class: 16885K(17664K)->16885K(17664K)
[14.622s][info][gc             ] GC(12) Pause Young (Allocation Failure) 335M->70M(985M) 8.543ms
[14.622s][info][gc,cpu         ] GC(12) User=0.02s Sys=0.00s Real=0.02s
[15.108s][info][gc,start       ] GC(13) Pause Young (Allocation Failure)
[15.114s][info][gc,heap        ] GC(13) PSYoungGen: 291312K(309760K)->14730K(312320K) Eden: 270336K(270336K)->0K(273920K) From: 20976K(39424K)->14730K(38400K)
[15.114s][info][gc,heap        ] GC(13) ParOldGen: 50714K(699392K)->63098K(699392K)
[15.114s][info][gc,metaspace   ] GC(13) Metaspace: 130149K(131968K)->130149K(131968K) NonClass: 113085K(114112K)->113085K(114112K) Class: 17063K(17856K)->17063K(17856K)
[15.114s][info][gc             ] GC(13) Pause Young (Allocation Failure) 334M->76M(988M) 5.669ms
[15.114s][info][gc,cpu         ] GC(13) User=0.02s Sys=0.00s Real=0.02s
[15.194s][info][gc,start       ] GC(14) Pause Young (Allocation Failure)
[15.199s][info][gc,heap        ] GC(14) PSYoungGen: 288650K(312320K)->3385K(310784K) Eden: 273920K(273920K)->0K(273920K) From: 14730K(38400K)->3385K(36864K)
[15.199s][info][gc,heap        ] GC(14) ParOldGen: 63098K(699392K)->77102K(699392K)
[15.199s][info][gc,metaspace   ] GC(14) Metaspace: 130163K(131968K)->130163K(131968K) NonClass: 113099K(114112K)->113099K(114112K) Class: 17063K(17856K)->17063K(17856K)
[15.199s][info][gc             ] GC(14) Pause Young (Allocation Failure) 343M->78M(986M) 5.004ms
[15.199s][info][gc,cpu         ] GC(14) User=0.00s Sys=0.00s Real=0.00s
[15.306s][info][gc,start       ] GC(15) Pause Young (Allocation Failure)
[15.308s][info][gc,heap        ] GC(15) PSYoungGen: 273698K(310784K)->288K(311296K) Eden: 270312K(273920K)->0K(274432K) From: 3385K(36864K)->288K(36864K)
[15.308s][info][gc,heap        ] GC(15) ParOldGen: 77102K(699392K)->78022K(699392K)
[15.308s][info][gc,metaspace   ] GC(15) Metaspace: 130339K(132160K)->130339K(132160K) NonClass: 113255K(114240K)->113255K(114240K) Class: 17083K(17920K)->17083K(17920K)
[15.308s][info][gc             ] GC(15) Pause Young (Allocation Failure) 342M->76M(987M) 1.778ms
[15.308s][info][gc,cpu         ] GC(15) User=0.00s Sys=0.00s Real=0.00s
[15.712s][info][gc,start       ] GC(16) Pause Young (Allocation Failure)
[15.719s][info][gc,heap        ] GC(16) PSYoungGen: 274720K(311296K)->27627K(302080K) Eden: 274432K(274432K)->0K(274432K) From: 288K(36864K)->27627K(27648K)
[15.719s][info][gc,heap        ] GC(16) ParOldGen: 78022K(699392K)->78122K(699392K)
[15.719s][info][gc,metaspace   ] GC(16) Metaspace: 131231K(133248K)->131231K(133248K) NonClass: 113995K(115072K)->113995K(115072K) Class: 17236K(18176K)->17236K(18176K)
[15.719s][info][gc             ] GC(16) Pause Young (Allocation Failure) 344M->103M(978M) 6.246ms
[15.719s][info][gc,cpu         ] GC(16) User=0.00s Sys=0.00s Real=0.00s
[16.028s][info][gc,start       ] GC(17) Pause Young (System.gc())
[16.029s][info][gc,heap        ] GC(17) PSYoungGen: 167440K(302080K)->724K(309248K) Eden: 139813K(274432K)->0K(268800K) From: 27627K(27648K)->724K(40448K)
[16.029s][info][gc,heap        ] GC(17) ParOldGen: 78122K(699392K)->79106K(699392K)
[16.029s][info][gc,metaspace   ] GC(17) Metaspace: 131734K(133696K)->131734K(133696K) NonClass: 114405K(115456K)->114405K(115456K) Class: 17328K(18240K)->17328K(18240K)
[16.029s][info][gc             ] GC(17) Pause Young (System.gc()) 239M->77M(985M) 1.744ms
[16.029s][info][gc,cpu         ] GC(17) User=0.00s Sys=0.00s Real=0.00s
[16.029s][info][gc,start       ] GC(18) Pause Full (System.gc())
[16.029s][info][gc,phases,start] GC(18) Marking Phase
[16.074s][info][gc,phases      ] GC(18) Marking Phase 44.684ms
[16.074s][info][gc,phases,start] GC(18) Summary Phase
[16.074s][info][gc,phases      ] GC(18) Summary Phase 0.010ms
[16.074s][info][gc,phases,start] GC(18) Adjust Roots
[16.086s][info][gc,phases      ] GC(18) Adjust Roots 12.285ms
[16.087s][info][gc,phases,start] GC(18) Compaction Phase
[16.107s][info][gc,phases      ] GC(18) Compaction Phase 20.240ms
[16.107s][info][gc,phases,start] GC(18) Post Compact
[16.109s][info][gc,phases      ] GC(18) Post Compact 2.304ms
[16.109s][info][gc,heap        ] GC(18) PSYoungGen: 724K(309248K)->0K(309248K) Eden: 0K(268800K)->0K(268800K) From: 724K(40448K)->0K(40448K)
[16.109s][info][gc,heap        ] GC(18) ParOldGen: 79106K(699392K)->66949K(699392K)
[16.109s][info][gc,metaspace   ] GC(18) Metaspace: 131734K(133696K)->131012K(133696K) NonClass: 114405K(115456K)->113872K(115456K) Class: 17328K(18240K)->17140K(18240K)
[16.109s][info][gc             ] GC(18) Pause Full (System.gc()) 77M->65M(985M) 79.906ms
[16.109s][info][gc,cpu         ] GC(18) User=0.12s Sys=0.00s Real=0.08s
[16.602s][info][gc,start       ] GC(19) Pause Young (Allocation Failure)
[16.604s][info][gc,heap        ] GC(19) PSYoungGen: 268800K(309248K)->2483K(308736K) Eden: 268800K(268800K)->0K(268800K) From: 0K(40448K)->2483K(39936K)
[16.604s][info][gc,heap        ] GC(19) ParOldGen: 66949K(699392K)->66957K(699392K)
[16.604s][info][gc,metaspace   ] GC(19) Metaspace: 131246K(133760K)->131246K(133760K) NonClass: 114095K(115520K)->114095K(115520K) Class: 17150K(18240K)->17150K(18240K)
[16.604s][info][gc             ] GC(19) Pause Young (Allocation Failure) 327M->67M(984M) 2.539ms
[16.605s][info][gc,cpu         ] GC(19) User=0.00s Sys=0.00s Real=0.00s
[16.748s][info][gc,start       ] GC(20) Pause Young (Allocation Failure)
[16.751s][info][gc,heap        ] GC(20) PSYoungGen: 271283K(308736K)->2936K(310784K) Eden: 268800K(268800K)->0K(271360K) From: 2483K(39936K)->2936K(39424K)
[16.751s][info][gc,heap        ] GC(20) ParOldGen: 66957K(699392K)->68260K(699392K)
[16.751s][info][gc,metaspace   ] GC(20) Metaspace: 131309K(133824K)->131309K(133824K) NonClass: 114158K(115584K)->114158K(115584K) Class: 17150K(18240K)->17150K(18240K)
[16.751s][info][gc             ] GC(20) Pause Young (Allocation Failure) 330M->69M(986M) 2.598ms
[16.751s][info][gc,cpu         ] GC(20) User=0.00s Sys=0.00s Real=0.00s
[16.867s][info][gc,start       ] GC(21) Pause Young (Allocation Failure)
[16.868s][info][gc,heap        ] GC(21) PSYoungGen: 274296K(310784K)->192K(309760K) Eden: 271360K(271360K)->0K(271360K) From: 2936K(39424K)->192K(38400K)
[16.868s][info][gc,heap        ] GC(21) ParOldGen: 68260K(699392K)->70981K(699392K)
[16.868s][info][gc,metaspace   ] GC(21) Metaspace: 131309K(133824K)->131309K(133824K) NonClass: 114158K(115584K)->114158K(115584K) Class: 17150K(18240K)->17150K(18240K)
[16.868s][info][gc             ] GC(21) Pause Young (Allocation Failure) 334M->69M(985M) 1.248ms
[16.868s][info][gc,cpu         ] GC(21) User=0.00s Sys=0.00s Real=0.00s
[16.975s][info][gc,start       ] GC(22) Pause Young (Allocation Failure)
[16.976s][info][gc,heap        ] GC(22) PSYoungGen: 271552K(309760K)->224K(312320K) Eden: 271360K(271360K)->0K(274432K) From: 192K(38400K)->224K(37888K)
[16.976s][info][gc,heap        ] GC(22) ParOldGen: 70981K(699392K)->70989K(699392K)
[16.976s][info][gc,metaspace   ] GC(22) Metaspace: 131311K(133824K)->131311K(133824K) NonClass: 114160K(115584K)->114160K(115584K) Class: 17150K(18240K)->17150K(18240K)
[16.976s][info][gc             ] GC(22) Pause Young (Allocation Failure) 334M->69M(988M) 0.765ms
[16.976s][info][gc,cpu         ] GC(22) User=0.00s Sys=0.00s Real=0.00s
[17.169s][info][gc,start       ] GC(23) Pause Young (Allocation Failure)
[17.173s][info][gc,heap        ] GC(23) PSYoungGen: 274656K(312320K)->21171K(295936K) Eden: 274432K(274432K)->0K(274432K) From: 224K(37888K)->21171K(21504K)
[17.173s][info][gc,heap        ] GC(23) ParOldGen: 70989K(699392K)->71053K(699392K)
[17.173s][info][gc,metaspace   ] GC(23) Metaspace: 131385K(133824K)->131385K(133824K) NonClass: 114234K(115584K)->114234K(115584K) Class: 17150K(18240K)->17150K(18240K)
[17.173s][info][gc             ] GC(23) Pause Young (Allocation Failure) 337M->90M(972M) 4.448ms
[17.173s][info][gc,cpu         ] GC(23) User=0.00s Sys=0.00s Real=0.00s
[17.373s][info][gc,start       ] GC(24) Pause Young (System.gc())
[17.375s][info][gc,heap        ] GC(24) PSYoungGen: 208469K(295936K)->532K(311808K) Eden: 187297K(274432K)->0K(273408K) From: 21171K(21504K)->532K(38400K)
[17.375s][info][gc,heap        ] GC(24) ParOldGen: 71053K(699392K)->79828K(699392K)
[17.375s][info][gc,metaspace   ] GC(24) Metaspace: 131455K(133824K)->131455K(133824K) NonClass: 114303K(115584K)->114303K(115584K) Class: 17151K(18240K)->17151K(18240K)
[17.375s][info][gc             ] GC(24) Pause Young (System.gc()) 272M->78M(987M) 2.386ms
[17.375s][info][gc,cpu         ] GC(24) User=0.00s Sys=0.00s Real=0.00s
[17.376s][info][gc,start       ] GC(25) Pause Full (System.gc())
[17.376s][info][gc,phases,start] GC(25) Marking Phase
[17.419s][info][gc,phases      ] GC(25) Marking Phase 43.821ms
[17.419s][info][gc,phases,start] GC(25) Summary Phase
[17.419s][info][gc,phases      ] GC(25) Summary Phase 0.009ms
[17.419s][info][gc,phases,start] GC(25) Adjust Roots
[17.429s][info][gc,phases      ] GC(25) Adjust Roots 9.998ms
[17.429s][info][gc,phases,start] GC(25) Compaction Phase
[17.440s][info][gc,phases      ] GC(25) Compaction Phase 10.988ms
[17.441s][info][gc,phases,start] GC(25) Post Compact
[17.441s][info][gc,phases      ] GC(25) Post Compact 0.743ms
[17.441s][info][gc,heap        ] GC(25) PSYoungGen: 532K(311808K)->0K(311808K) Eden: 0K(273408K)->0K(273408K) From: 532K(38400K)->0K(38400K)
[17.441s][info][gc,heap        ] GC(25) ParOldGen: 79828K(699392K)->72986K(699392K)
[17.441s][info][gc,metaspace   ] GC(25) Metaspace: 131455K(133824K)->131428K(133824K) NonClass: 114303K(115584K)->114280K(115584K) Class: 17151K(18240K)->17147K(18240K)
[17.441s][info][gc             ] GC(25) Pause Full (System.gc()) 78M->71M(987M) 65.862ms
[17.441s][info][gc,cpu         ] GC(25) User=0.03s Sys=0.02s Real=0.06s
[17.824s][info][gc,start       ] GC(26) Pause Young (Allocation Failure)
[17.826s][info][gc,heap        ] GC(26) PSYoungGen: 273408K(311808K)->2515K(310784K) Eden: 273408K(273408K)->0K(273408K) From: 0K(38400K)->2515K(37376K)
[17.826s][info][gc,heap        ] GC(26) ParOldGen: 72986K(699392K)->72994K(699392K)
[17.826s][info][gc,metaspace   ] GC(26) Metaspace: 131935K(134080K)->131935K(134080K) NonClass: 114780K(115840K)->114780K(115840K) Class: 17154K(18240K)->17154K(18240K)
[17.826s][info][gc             ] GC(26) Pause Young (Allocation Failure) 338M->73M(986M) 2.640ms
[17.827s][info][gc,cpu         ] GC(26) User=0.02s Sys=0.00s Real=0.01s
[17.920s][info][gc,start       ] GC(27) Pause Young (Allocation Failure)
[17.922s][info][gc,heap        ] GC(27) PSYoungGen: 275923K(310784K)->2733K(314880K) Eden: 273408K(273408K)->0K(279040K) From: 2515K(37376K)->2733K(35840K)
[17.922s][info][gc,heap        ] GC(27) ParOldGen: 72994K(699392K)->74317K(699392K)
[17.922s][info][gc,metaspace   ] GC(27) Metaspace: 131981K(134144K)->131981K(134144K) NonClass: 114825K(115904K)->114825K(115904K) Class: 17155K(18240K)->17155K(18240K)
[17.922s][info][gc             ] GC(27) Pause Young (Allocation Failure) 340M->75M(990M) 1.955ms
[17.922s][info][gc,cpu         ] GC(27) User=0.00s Sys=0.00s Real=0.00s
[17.980s][info][gc,start       ] GC(28) Pause Young (Allocation Failure)
[17.981s][info][gc,heap        ] GC(28) PSYoungGen: 281773K(314880K)->192K(313344K) Eden: 279040K(279040K)->0K(279040K) From: 2733K(35840K)->192K(34304K)
[17.981s][info][gc,heap        ] GC(28) ParOldGen: 74317K(699392K)->77013K(699392K)
[17.981s][info][gc,metaspace   ] GC(28) Metaspace: 131981K(134144K)->131981K(134144K) NonClass: 114825K(115904K)->114825K(115904K) Class: 17155K(18240K)->17155K(18240K)
[17.981s][info][gc             ] GC(28) Pause Young (Allocation Failure) 347M->75M(989M) 1.357ms
[17.981s][info][gc,cpu         ] GC(28) User=0.00s Sys=0.00s Real=0.00s
[18.060s][info][gc,start       ] GC(29) Pause Young (Allocation Failure)
[18.061s][info][gc,heap        ] GC(29) PSYoungGen: 279232K(313344K)->224K(317440K) Eden: 279040K(279040K)->0K(284672K) From: 192K(34304K)->224K(32768K)
[18.061s][info][gc,heap        ] GC(29) ParOldGen: 77013K(699392K)->77021K(699392K)
[18.061s][info][gc,metaspace   ] GC(29) Metaspace: 131987K(134144K)->131987K(134144K) NonClass: 114831K(115904K)->114831K(115904K) Class: 17155K(18240K)->17155K(18240K)
[18.061s][info][gc             ] GC(29) Pause Young (Allocation Failure) 347M->75M(993M) 1.027ms
[18.061s][info][gc,cpu         ] GC(29) User=0.00s Sys=0.00s Real=0.02s
[18.228s][info][gc,start       ] GC(30) Pause Young (Allocation Failure)
[18.232s][info][gc,heap        ] GC(30) PSYoungGen: 284896K(317440K)->24324K(309248K) Eden: 284672K(284672K)->0K(284672K) From: 224K(32768K)->24324K(24576K)
[18.233s][info][gc,heap        ] GC(30) ParOldGen: 77021K(699392K)->77101K(699392K)
[18.233s][info][gc,metaspace   ] GC(30) Metaspace: 132024K(134208K)->132024K(134208K) NonClass: 114867K(115968K)->114867K(115968K) Class: 17156K(18240K)->17156K(18240K)
[18.233s][info][gc             ] GC(30) Pause Young (Allocation Failure) 353M->99M(985M) 4.593ms
[18.233s][info][gc,cpu         ] GC(30) User=0.00s Sys=0.00s Real=0.00s
[18.394s][info][gc,start       ] GC(31) Pause Young (System.gc())
[18.395s][info][gc,heap        ] GC(31) PSYoungGen: 171617K(309248K)->500K(314880K) Eden: 147293K(284672K)->0K(279040K) From: 24324K(24576K)->500K(35840K)
[18.395s][info][gc,heap        ] GC(31) ParOldGen: 77101K(699392K)->77868K(699392K)
[18.395s][info][gc,metaspace   ] GC(31) Metaspace: 132064K(134208K)->132064K(134208K) NonClass: 114905K(115968K)->114905K(115968K) Class: 17158K(18240K)->17158K(18240K)
[18.395s][info][gc             ] GC(31) Pause Young (System.gc()) 242M->76M(990M) 1.199ms
[18.395s][info][gc,cpu         ] GC(31) User=0.00s Sys=0.00s Real=0.00s
[18.395s][info][gc,start       ] GC(32) Pause Full (System.gc())
[18.395s][info][gc,phases,start] GC(32) Marking Phase
[18.438s][info][gc,phases      ] GC(32) Marking Phase 42.807ms
[18.438s][info][gc,phases,start] GC(32) Summary Phase
[18.438s][info][gc,phases      ] GC(32) Summary Phase 0.010ms
[18.438s][info][gc,phases,start] GC(32) Adjust Roots
[18.449s][info][gc,phases      ] GC(32) Adjust Roots 10.439ms
[18.449s][info][gc,phases,start] GC(32) Compaction Phase
[18.459s][info][gc,phases      ] GC(32) Compaction Phase 9.874ms
[18.459s][info][gc,phases,start] GC(32) Post Compact
[18.459s][info][gc,phases      ] GC(32) Post Compact 0.658ms
[18.459s][info][gc,heap        ] GC(32) PSYoungGen: 500K(314880K)->0K(314880K) Eden: 0K(279040K)->0K(279040K) From: 500K(35840K)->0K(35840K)
[18.459s][info][gc,heap        ] GC(32) ParOldGen: 77868K(699392K)->67543K(699392K)
[18.459s][info][gc,metaspace   ] GC(32) Metaspace: 132064K(134208K)->132037K(134208K) NonClass: 114905K(115968K)->114882K(115968K) Class: 17158K(18240K)->17154K(18240K)
[18.459s][info][gc             ] GC(32) Pause Full (System.gc()) 76M->65M(990M) 64.075ms
[18.460s][info][gc,cpu         ] GC(32) User=0.03s Sys=0.00s Real=0.06s
[18.788s][info][gc,start       ] GC(33) Pause Young (Allocation Failure)
[18.790s][info][gc,heap        ] GC(33) PSYoungGen: 279040K(314880K)->2526K(313344K) Eden: 279040K(279040K)->0K(279040K) From: 0K(35840K)->2526K(34304K)
[18.790s][info][gc,heap        ] GC(33) ParOldGen: 67543K(699392K)->67551K(699392K)
[18.790s][info][gc,metaspace   ] GC(33) Metaspace: 132459K(134528K)->132459K(134528K) NonClass: 115297K(116288K)->115297K(116288K) Class: 17161K(18240K)->17161K(18240K)
[18.790s][info][gc             ] GC(33) Pause Young (Allocation Failure) 338M->68M(989M) 2.341ms
[18.790s][info][gc,cpu         ] GC(33) User=0.00s Sys=0.00s Real=0.02s
[18.885s][info][gc,start       ] GC(34) Pause Young (Allocation Failure)
[18.887s][info][gc,heap        ] GC(34) PSYoungGen: 281566K(313344K)->3075K(318464K) Eden: 279040K(279040K)->0K(285696K) From: 2526K(34304K)->3075K(32768K)
[18.887s][info][gc,heap        ] GC(34) ParOldGen: 67551K(699392K)->68844K(699392K)
[18.887s][info][gc,metaspace   ] GC(34) Metaspace: 132478K(134528K)->132478K(134528K) NonClass: 115315K(116288K)->115315K(116288K) Class: 17163K(18240K)->17163K(18240K)
[18.887s][info][gc             ] GC(34) Pause Young (Allocation Failure) 340M->70M(994M) 2.089ms
[18.887s][info][gc,cpu         ] GC(34) User=0.00s Sys=0.00s Real=0.00s
[18.947s][info][gc,start       ] GC(35) Pause Young (Allocation Failure)
[18.948s][info][gc,heap        ] GC(35) PSYoungGen: 288771K(318464K)->192K(316416K) Eden: 285696K(285696K)->0K(285696K) From: 3075K(32768K)->192K(30720K)
[18.948s][info][gc,heap        ] GC(35) ParOldGen: 68844K(699392K)->71547K(699392K)
[18.948s][info][gc,metaspace   ] GC(35) Metaspace: 132478K(134528K)->132478K(134528K) NonClass: 115315K(116288K)->115315K(116288K) Class: 17163K(18240K)->17163K(18240K)
[18.948s][info][gc             ] GC(35) Pause Young (Allocation Failure) 349M->70M(992M) 1.355ms
[18.948s][info][gc,cpu         ] GC(35) User=0.00s Sys=0.00s Real=0.00s
[19.066s][info][gc,start       ] GC(36) Pause Young (Allocation Failure)
[19.067s][info][gc,heap        ] GC(36) PSYoungGen: 285888K(316416K)->678K(321024K) Eden: 285696K(285696K)->0K(291328K) From: 192K(30720K)->678K(29696K)
[19.067s][info][gc,heap        ] GC(36) ParOldGen: 71547K(699392K)->71595K(699392K)
[19.067s][info][gc,metaspace   ] GC(36) Metaspace: 132493K(134528K)->132493K(134528K) NonClass: 115329K(116288K)->115329K(116288K) Class: 17163K(18240K)->17163K(18240K)
[19.067s][info][gc             ] GC(36) Pause Young (Allocation Failure) 349M->70M(996M) 1.047ms
[19.067s][info][gc,cpu         ] GC(36) User=0.00s Sys=0.00s Real=0.00s
[19.211s][info][gc,start       ] GC(37) Pause Young (Allocation Failure)
[19.217s][info][gc,heap        ] GC(37) PSYoungGen: 292006K(321024K)->28140K(319488K) Eden: 291328K(291328K)->0K(291328K) From: 678K(29696K)->28140K(28160K)
[19.217s][info][gc,heap        ] GC(37) ParOldGen: 71595K(699392K)->73262K(699392K)
[19.217s][info][gc,metaspace   ] GC(37) Metaspace: 132520K(134528K)->132520K(134528K) NonClass: 115356K(116288K)->115356K(116288K) Class: 17163K(18240K)->17163K(18240K)
[19.217s][info][gc             ] GC(37) Pause Young (Allocation Failure) 355M->99M(995M) 5.788ms
[19.217s][info][gc,cpu         ] GC(37) User=0.02s Sys=0.00s Real=0.02s
[19.352s][info][gc,start       ] GC(38) Pause Young (System.gc())
[19.353s][info][gc,heap        ] GC(38) PSYoungGen: 130901K(319488K)->564K(312320K) Eden: 102760K(291328K)->0K(282624K) From: 28140K(28160K)->564K(29696K)
[19.353s][info][gc,heap        ] GC(38) ParOldGen: 73262K(699392K)->73954K(699392K)
[19.353s][info][gc,metaspace   ] GC(38) Metaspace: 132562K(134592K)->132562K(134592K) NonClass: 115395K(116352K)->115395K(116352K) Class: 17166K(18240K)->17166K(18240K)
[19.353s][info][gc             ] GC(38) Pause Young (System.gc()) 199M->72M(988M) 0.880ms
[19.353s][info][gc,cpu         ] GC(38) User=0.00s Sys=0.00s Real=0.00s
[19.353s][info][gc,start       ] GC(39) Pause Full (System.gc())
[19.353s][info][gc,phases,start] GC(39) Marking Phase
[19.398s][info][gc,phases      ] GC(39) Marking Phase 44.651ms
[19.398s][info][gc,phases,start] GC(39) Summary Phase
[19.398s][info][gc,phases      ] GC(39) Summary Phase 0.010ms
[19.398s][info][gc,phases,start] GC(39) Adjust Roots
[19.409s][info][gc,phases      ] GC(39) Adjust Roots 10.947ms
[19.409s][info][gc,phases,start] GC(39) Compaction Phase
[19.419s][info][gc,phases      ] GC(39) Compaction Phase 9.398ms
[19.419s][info][gc,phases,start] GC(39) Post Compact
[19.419s][info][gc,phases      ] GC(39) Post Compact 0.652ms
[19.419s][info][gc,heap        ] GC(39) PSYoungGen: 564K(312320K)->0K(312320K) Eden: 0K(282624K)->0K(282624K) From: 564K(29696K)->0K(29696K)
[19.419s][info][gc,heap        ] GC(39) ParOldGen: 73954K(699392K)->67786K(699392K)
[19.419s][info][gc,metaspace   ] GC(39) Metaspace: 132562K(134592K)->132536K(134592K) NonClass: 115395K(116352K)->115373K(116352K) Class: 17166K(18240K)->17162K(18240K)
[19.419s][info][gc             ] GC(39) Pause Full (System.gc()) 72M->66M(988M) 65.980ms
[19.419s][info][gc,cpu         ] GC(39) User=0.05s Sys=0.00s Real=0.06s
[19.728s][info][gc,start       ] GC(40) Pause Young (Allocation Failure)
[19.730s][info][gc,heap        ] GC(40) PSYoungGen: 282624K(312320K)->2494K(315904K) Eden: 282624K(282624K)->0K(282624K) From: 0K(29696K)->2494K(33280K)
[19.730s][info][gc,heap        ] GC(40) ParOldGen: 67786K(699392K)->67794K(699392K)
[19.730s][info][gc,metaspace   ] GC(40) Metaspace: 132897K(134912K)->132897K(134912K) NonClass: 115729K(116672K)->115729K(116672K) Class: 17168K(18240K)->17168K(18240K)
[19.730s][info][gc             ] GC(40) Pause Young (Allocation Failure) 342M->68M(991M) 2.203ms
[19.731s][info][gc,cpu         ] GC(40) User=0.00s Sys=0.00s Real=0.00s
[19.828s][info][gc,start       ] GC(41) Pause Young (Allocation Failure)
[19.830s][info][gc,heap        ] GC(41) PSYoungGen: 285118K(315904K)->2777K(319488K) Eden: 282624K(282624K)->0K(287744K) From: 2494K(33280K)->2777K(31744K)
[19.830s][info][gc,heap        ] GC(41) ParOldGen: 67794K(699392K)->69074K(699392K)
[19.830s][info][gc,metaspace   ] GC(41) Metaspace: 132947K(134976K)->132947K(134976K) NonClass: 115778K(116736K)->115778K(116736K) Class: 17168K(18240K)->17168K(18240K)
[19.830s][info][gc             ] GC(41) Pause Young (Allocation Failure) 344M->70M(995M) 2.070ms
[19.830s][info][gc,cpu         ] GC(41) User=0.00s Sys=0.00s Real=0.00s
[19.891s][info][gc,start       ] GC(42) Pause Young (Allocation Failure)
[19.892s][info][gc,heap        ] GC(42) PSYoungGen: 290521K(319488K)->1216K(317440K) Eden: 287744K(287744K)->0K(287744K) From: 2777K(31744K)->1216K(29696K)
[19.892s][info][gc,heap        ] GC(42) ParOldGen: 69074K(699392K)->71027K(699392K)
[19.892s][info][gc,metaspace   ] GC(42) Metaspace: 132947K(134976K)->132947K(134976K) NonClass: 115778K(116736K)->115778K(116736K) Class: 17168K(18240K)->17168K(18240K)
[19.892s][info][gc             ] GC(42) Pause Young (Allocation Failure) 351M->70M(993M) 1.244ms
[19.892s][info][gc,cpu         ] GC(42) User=0.00s Sys=0.00s Real=0.00s
[20.014s][info][gc,start       ] GC(43) Pause Young (Allocation Failure)
[20.015s][info][gc,heap        ] GC(43) PSYoungGen: 286469K(317440K)->676K(322048K) Eden: 285253K(287744K)->0K(293376K) From: 1216K(29696K)->676K(28672K)
[20.015s][info][gc,heap        ] GC(43) ParOldGen: 71027K(699392K)->71059K(699392K)
[20.015s][info][gc,metaspace   ] GC(43) Metaspace: 132951K(134976K)->132951K(134976K) NonClass: 115782K(116736K)->115782K(116736K) Class: 17168K(18240K)->17168K(18240K)
[20.015s][info][gc             ] GC(43) Pause Young (Allocation Failure) 349M->70M(997M) 0.930ms
[20.015s][info][gc,cpu         ] GC(43) User=0.00s Sys=0.00s Real=0.00s
[20.148s][info][gc,start       ] GC(44) Pause Young (Allocation Failure)
[20.153s][info][gc,heap        ] GC(44) PSYoungGen: 294052K(322048K)->27112K(320512K) Eden: 293376K(293376K)->0K(293376K) From: 676K(28672K)->27112K(27136K)
[20.153s][info][gc,heap        ] GC(44) ParOldGen: 71059K(699392K)->75811K(699392K)
[20.153s][info][gc,metaspace   ] GC(44) Metaspace: 132966K(134976K)->132966K(134976K) NonClass: 115797K(116736K)->115797K(116736K) Class: 17168K(18240K)->17168K(18240K)
[20.153s][info][gc             ] GC(44) Pause Young (Allocation Failure) 356M->100M(996M) 5.733ms
[20.153s][info][gc,cpu         ] GC(44) User=0.02s Sys=0.00s Real=0.02s
[20.280s][info][gc,start       ] GC(45) Pause Young (System.gc())
[20.280s][info][gc,heap        ] GC(45) PSYoungGen: 120117K(320512K)->500K(311296K) Eden: 93005K(293376K)->0K(282624K) From: 27112K(27136K)->500K(28672K)
[20.280s][info][gc,heap        ] GC(45) ParOldGen: 75811K(699392K)->76183K(699392K)
[20.280s][info][gc,metaspace   ] GC(45) Metaspace: 133003K(134976K)->133003K(134976K) NonClass: 115832K(116736K)->115832K(116736K) Class: 17170K(18240K)->17170K(18240K)
[20.280s][info][gc             ] GC(45) Pause Young (System.gc()) 191M->74M(987M) 0.778ms
[20.280s][info][gc,cpu         ] GC(45) User=0.00s Sys=0.00s Real=0.00s
[20.280s][info][gc,start       ] GC(46) Pause Full (System.gc())
[20.281s][info][gc,phases,start] GC(46) Marking Phase
[20.325s][info][gc,phases      ] GC(46) Marking Phase 44.592ms
[20.325s][info][gc,phases,start] GC(46) Summary Phase
[20.325s][info][gc,phases      ] GC(46) Summary Phase 0.010ms
[20.325s][info][gc,phases,start] GC(46) Adjust Roots
[20.336s][info][gc,phases      ] GC(46) Adjust Roots 11.203ms
[20.336s][info][gc,phases,start] GC(46) Compaction Phase
[20.343s][info][gc,phases      ] GC(46) Compaction Phase 6.326ms
[20.343s][info][gc,phases,start] GC(46) Post Compact
[20.343s][info][gc,phases      ] GC(46) Post Compact 0.627ms
[20.344s][info][gc,heap        ] GC(46) PSYoungGen: 500K(311296K)->0K(311296K) Eden: 0K(282624K)->0K(282624K) From: 500K(28672K)->0K(28672K)
[20.344s][info][gc,heap        ] GC(46) ParOldGen: 76183K(699392K)->68133K(699392K)
[20.344s][info][gc,metaspace   ] GC(46) Metaspace: 133003K(134976K)->132978K(134976K) NonClass: 115832K(116736K)->115811K(116736K) Class: 17170K(18240K)->17166K(18240K)
[20.344s][info][gc             ] GC(46) Pause Full (System.gc()) 74M->66M(987M) 63.045ms
[20.344s][info][gc,cpu         ] GC(46) User=0.06s Sys=0.00s Real=0.06s
[20.636s][info][gc,start       ] GC(47) Pause Young (Allocation Failure)
[20.638s][info][gc,heap        ] GC(47) PSYoungGen: 282624K(311296K)->2462K(315904K) Eden: 282624K(282624K)->0K(282624K) From: 0K(28672K)->2462K(33280K)
[20.638s][info][gc,heap        ] GC(47) ParOldGen: 68133K(699392K)->68133K(699392K)
[20.638s][info][gc,metaspace   ] GC(47) Metaspace: 133345K(135232K)->133345K(135232K) NonClass: 116152K(116992K)->116152K(116992K) Class: 17193K(18240K)->17193K(18240K)
[20.638s][info][gc             ] GC(47) Pause Young (Allocation Failure) 342M->68M(991M) 2.343ms
[20.638s][info][gc,cpu         ] GC(47) User=0.00s Sys=0.00s Real=0.00s
[20.731s][info][gc,start       ] GC(48) Pause Young (Allocation Failure)
[20.733s][info][gc,heap        ] GC(48) PSYoungGen: 285086K(315904K)->2745K(319488K) Eden: 282624K(282624K)->0K(287744K) From: 2462K(33280K)->2745K(31744K)
[20.733s][info][gc,heap        ] GC(48) ParOldGen: 68133K(699392K)->69563K(699392K)
[20.733s][info][gc,metaspace   ] GC(48) Metaspace: 133373K(135296K)->133373K(135296K) NonClass: 116178K(117056K)->116178K(117056K) Class: 17194K(18240K)->17194K(18240K)
[20.733s][info][gc             ] GC(48) Pause Young (Allocation Failure) 344M->70M(995M) 2.037ms
[20.733s][info][gc,cpu         ] GC(48) User=0.00s Sys=0.00s Real=0.00s
[20.794s][info][gc,start       ] GC(49) Pause Young (Allocation Failure)
[20.796s][info][gc,heap        ] GC(49) PSYoungGen: 290489K(319488K)->192K(317440K) Eden: 287744K(287744K)->0K(287744K) From: 2745K(31744K)->192K(29696K)
[20.796s][info][gc,heap        ] GC(49) ParOldGen: 69563K(699392K)->71473K(699392K)
[20.796s][info][gc,metaspace   ] GC(49) Metaspace: 133386K(135296K)->133386K(135296K) NonClass: 116192K(117056K)->116192K(117056K) Class: 17194K(18240K)->17194K(18240K)
[20.796s][info][gc             ] GC(49) Pause Young (Allocation Failure) 351M->69M(993M) 1.057ms
[20.796s][info][gc,cpu         ] GC(49) User=0.00s Sys=0.00s Real=0.00s
[20.919s][info][gc,start       ] GC(50) Pause Young (Allocation Failure)
[20.920s][info][gc,heap        ] GC(50) PSYoungGen: 287917K(317440K)->793K(322048K) Eden: 287725K(287744K)->0K(293376K) From: 192K(29696K)->793K(28672K)
[20.920s][info][gc,heap        ] GC(50) ParOldGen: 71473K(699392K)->71481K(699392K)
[20.920s][info][gc,metaspace   ] GC(50) Metaspace: 133402K(135296K)->133402K(135296K) NonClass: 116207K(117056K)->116207K(117056K) Class: 17194K(18240K)->17194K(18240K)
[20.920s][info][gc             ] GC(50) Pause Young (Allocation Failure) 350M->70M(997M) 1.087ms
[20.920s][info][gc,cpu         ] GC(50) User=0.00s Sys=0.00s Real=0.00s
[21.065s][info][gc,start       ] GC(51) Pause Young (Allocation Failure)
[21.070s][info][gc,heap        ] GC(51) PSYoungGen: 293763K(322048K)->27123K(320512K) Eden: 292969K(293376K)->0K(293376K) From: 793K(28672K)->27123K(27136K)
[21.070s][info][gc,heap        ] GC(51) ParOldGen: 71481K(699392K)->75353K(699392K)
[21.070s][info][gc,metaspace   ] GC(51) Metaspace: 133449K(135360K)->133449K(135360K) NonClass: 116253K(117120K)->116253K(117120K) Class: 17195K(18240K)->17195K(18240K)
[21.070s][info][gc             ] GC(51) Pause Young (Allocation Failure) 356M->100M(996M) 5.034ms
[21.070s][info][gc,cpu         ] GC(51) User=0.02s Sys=0.00s Real=0.02s
[21.180s][info][gc,start       ] GC(52) Pause Young (System.gc())
[21.181s][info][gc,heap        ] GC(52) PSYoungGen: 113925K(320512K)->532K(311296K) Eden: 86802K(293376K)->0K(282624K) From: 27123K(27136K)->532K(28672K)
[21.181s][info][gc,heap        ] GC(52) ParOldGen: 75353K(699392K)->75740K(699392K)
[21.181s][info][gc,metaspace   ] GC(52) Metaspace: 133485K(135360K)->133485K(135360K) NonClass: 116289K(117120K)->116289K(117120K) Class: 17196K(18240K)->17196K(18240K)
[21.181s][info][gc             ] GC(52) Pause Young (System.gc()) 184M->74M(987M) 0.746ms
[21.181s][info][gc,cpu         ] GC(52) User=0.00s Sys=0.00s Real=0.00s
[21.181s][info][gc,start       ] GC(53) Pause Full (System.gc())
[21.181s][info][gc,phases,start] GC(53) Marking Phase
[21.225s][info][gc,phases      ] GC(53) Marking Phase 44.698ms
[21.226s][info][gc,phases,start] GC(53) Summary Phase
[21.226s][info][gc,phases      ] GC(53) Summary Phase 0.015ms
[21.226s][info][gc,phases,start] GC(53) Adjust Roots
[21.237s][info][gc,phases      ] GC(53) Adjust Roots 11.749ms
[21.237s][info][gc,phases,start] GC(53) Compaction Phase
[21.247s][info][gc,phases      ] GC(53) Compaction Phase 9.981ms
[21.247s][info][gc,phases,start] GC(53) Post Compact
[21.248s][info][gc,phases      ] GC(53) Post Compact 0.641ms
[21.248s][info][gc,heap        ] GC(53) PSYoungGen: 532K(311296K)->0K(311296K) Eden: 0K(282624K)->0K(282624K) From: 532K(28672K)->0K(28672K)
[21.248s][info][gc,heap        ] GC(53) ParOldGen: 75740K(699392K)->68375K(699392K)
[21.248s][info][gc,metaspace   ] GC(53) Metaspace: 133485K(135360K)->133461K(135360K) NonClass: 116289K(117120K)->116268K(117120K) Class: 17196K(18240K)->17192K(18240K)
[21.248s][info][gc             ] GC(53) Pause Full (System.gc()) 74M->66M(987M) 67.371ms
[21.248s][info][gc,cpu         ] GC(53) User=0.06s Sys=0.00s Real=0.06s
[21.539s][info][gc,start       ] GC(54) Pause Young (Allocation Failure)
[21.541s][info][gc,heap        ] GC(54) PSYoungGen: 282624K(311296K)->2483K(315904K) Eden: 282624K(282624K)->0K(282624K) From: 0K(28672K)->2483K(33280K)
[21.541s][info][gc,heap        ] GC(54) ParOldGen: 68375K(699392K)->68375K(699392K)
[21.541s][info][gc,metaspace   ] GC(54) Metaspace: 133746K(135680K)->133746K(135680K) NonClass: 116545K(117440K)->116545K(117440K) Class: 17201K(18240K)->17201K(18240K)
[21.541s][info][gc             ] GC(54) Pause Young (Allocation Failure) 342M->69M(991M) 2.120ms
[21.541s][info][gc,cpu         ] GC(54) User=0.02s Sys=0.00s Real=0.01s
[21.633s][info][gc,start       ] GC(55) Pause Young (Allocation Failure)
[21.636s][info][gc,heap        ] GC(55) PSYoungGen: 285107K(315904K)->2768K(319488K) Eden: 282624K(282624K)->0K(288256K) From: 2483K(33280K)->2768K(31232K)
[21.636s][info][gc,heap        ] GC(55) ParOldGen: 68375K(699392K)->69790K(699392K)
[21.636s][info][gc,metaspace   ] GC(55) Metaspace: 133784K(135744K)->133784K(135744K) NonClass: 116580K(117504K)->116580K(117504K) Class: 17203K(18240K)->17203K(18240K)
[21.636s][info][gc             ] GC(55) Pause Young (Allocation Failure) 345M->70M(995M) 2.181ms
[21.636s][info][gc,cpu         ] GC(55) User=0.00s Sys=0.00s Real=0.00s
[21.697s][info][gc,start       ] GC(56) Pause Young (Allocation Failure)
[21.698s][info][gc,heap        ] GC(56) PSYoungGen: 291024K(319488K)->192K(317952K) Eden: 288256K(288256K)->0K(288256K) From: 2768K(31232K)->192K(29696K)
[21.698s][info][gc,heap        ] GC(56) ParOldGen: 69790K(699392K)->71682K(699392K)
[21.698s][info][gc,metaspace   ] GC(56) Metaspace: 133784K(135744K)->133784K(135744K) NonClass: 116581K(117504K)->116581K(117504K) Class: 17203K(18240K)->17203K(18240K)
[21.698s][info][gc             ] GC(56) Pause Young (Allocation Failure) 352M->70M(993M) 1.083ms
[21.698s][info][gc,cpu         ] GC(56) User=0.00s Sys=0.00s Real=0.00s
[21.825s][info][gc,start       ] GC(57) Pause Young (Allocation Failure)
[21.826s][info][gc,heap        ] GC(57) PSYoungGen: 288390K(317952K)->825K(322560K) Eden: 288198K(288256K)->0K(294400K) From: 192K(29696K)->825K(28160K)
[21.826s][info][gc,heap        ] GC(57) ParOldGen: 71682K(699392K)->71706K(699392K)
[21.826s][info][gc,metaspace   ] GC(57) Metaspace: 133832K(135744K)->133832K(135744K) NonClass: 116628K(117504K)->116628K(117504K) Class: 17203K(18240K)->17203K(18240K)
[21.826s][info][gc             ] GC(57) Pause Young (Allocation Failure) 351M->70M(998M) 1.166ms
[21.826s][info][gc,cpu         ] GC(57) User=0.00s Sys=0.00s Real=0.00s
[21.969s][info][gc,start       ] GC(58) Pause Young (Allocation Failure)
[21.973s][info][gc,heap        ] GC(58) PSYoungGen: 293636K(322560K)->26611K(321024K) Eden: 292811K(294400K)->0K(294400K) From: 825K(28160K)->26611K(26624K)
[21.974s][info][gc,heap        ] GC(58) ParOldGen: 71706K(699392K)->76290K(699392K)
[21.974s][info][gc,metaspace   ] GC(58) Metaspace: 133863K(135808K)->133863K(135808K) NonClass: 116658K(117568K)->116658K(117568K) Class: 17205K(18240K)->17205K(18240K)
[21.974s][info][gc             ] GC(58) Pause Young (Allocation Failure) 356M->100M(996M) 5.019ms
[21.974s][info][gc,cpu         ] GC(58) User=0.00s Sys=0.00s Real=0.00s
[22.081s][info][gc,start       ] GC(59) Pause Young (System.gc())
[22.082s][info][gc,heap        ] GC(59) PSYoungGen: 113447K(321024K)->500K(311808K) Eden: 86835K(294400K)->0K(283648K) From: 26611K(26624K)->500K(28160K)
[22.082s][info][gc,heap        ] GC(59) ParOldGen: 76290K(699392K)->76662K(699392K)
[22.082s][info][gc,metaspace   ] GC(59) Metaspace: 133885K(135808K)->133885K(135808K) NonClass: 116679K(117568K)->116679K(117568K) Class: 17206K(18240K)->17206K(18240K)
[22.082s][info][gc             ] GC(59) Pause Young (System.gc()) 185M->75M(987M) 1.114ms
[22.082s][info][gc,cpu         ] GC(59) User=0.00s Sys=0.00s Real=0.00s
[22.082s][info][gc,start       ] GC(60) Pause Full (System.gc())
[22.082s][info][gc,phases,start] GC(60) Marking Phase
[22.128s][info][gc,phases      ] GC(60) Marking Phase 46.399ms
[22.128s][info][gc,phases,start] GC(60) Summary Phase
[22.128s][info][gc,phases      ] GC(60) Summary Phase 0.010ms
[22.128s][info][gc,phases,start] GC(60) Adjust Roots
[22.141s][info][gc,phases      ] GC(60) Adjust Roots 12.400ms
[22.141s][info][gc,phases,start] GC(60) Compaction Phase
[22.151s][info][gc,phases      ] GC(60) Compaction Phase 10.465ms
[22.151s][info][gc,phases,start] GC(60) Post Compact
[22.152s][info][gc,phases      ] GC(60) Post Compact 0.637ms
[22.152s][info][gc,heap        ] GC(60) PSYoungGen: 500K(311808K)->0K(311808K) Eden: 0K(283648K)->0K(283648K) From: 500K(28160K)->0K(28160K)
[22.152s][info][gc,heap        ] GC(60) ParOldGen: 76662K(699392K)->68453K(699392K)
[22.152s][info][gc,metaspace   ] GC(60) Metaspace: 133885K(135808K)->133859K(135808K) NonClass: 116679K(117568K)->116657K(117568K) Class: 17206K(18240K)->17202K(18240K)
[22.152s][info][gc             ] GC(60) Pause Full (System.gc()) 75M->66M(987M) 70.222ms
[22.152s][info][gc,cpu         ] GC(60) User=0.08s Sys=0.00s Real=0.06s
[22.430s][info][gc,start       ] GC(61) Pause Young (Allocation Failure)
[22.432s][info][gc,heap        ] GC(61) PSYoungGen: 283648K(311808K)->2503K(316416K) Eden: 283648K(283648K)->0K(283648K) From: 0K(28160K)->2503K(32768K)
[22.432s][info][gc,heap        ] GC(61) ParOldGen: 68453K(699392K)->68461K(699392K)
[22.432s][info][gc,metaspace   ] GC(61) Metaspace: 134123K(136000K)->134123K(136000K) NonClass: 116917K(117760K)->116917K(117760K) Class: 17206K(18240K)->17206K(18240K)
[22.432s][info][gc             ] GC(61) Pause Young (Allocation Failure) 343M->69M(992M) 1.773ms
[22.432s][info][gc,cpu         ] GC(61) User=0.00s Sys=0.00s Real=0.00s
[22.522s][info][gc,start       ] GC(62) Pause Young (Allocation Failure)
[22.524s][info][gc,heap        ] GC(62) PSYoungGen: 286151K(316416K)->2777K(320000K) Eden: 283648K(283648K)->0K(288768K) From: 2503K(32768K)->2777K(31232K)
[22.524s][info][gc,heap        ] GC(62) ParOldGen: 68461K(699392K)->69878K(699392K)
[22.524s][info][gc,metaspace   ] GC(62) Metaspace: 134160K(136064K)->134160K(136064K) NonClass: 116954K(117824K)->116954K(117824K) Class: 17206K(18240K)->17206K(18240K)
[22.524s][info][gc             ] GC(62) Pause Young (Allocation Failure) 346M->70M(995M) 2.192ms
[22.524s][info][gc,cpu         ] GC(62) User=0.02s Sys=0.00s Real=0.01s
[22.585s][info][gc,start       ] GC(63) Pause Young (Allocation Failure)
[22.586s][info][gc,heap        ] GC(63) PSYoungGen: 291545K(320000K)->192K(317952K) Eden: 288768K(288768K)->0K(288768K) From: 2777K(31232K)->192K(29184K)
[22.586s][info][gc,heap        ] GC(63) ParOldGen: 69878K(699392K)->71770K(699392K)
[22.586s][info][gc,metaspace   ] GC(63) Metaspace: 134162K(136064K)->134162K(136064K) NonClass: 116956K(117824K)->116956K(117824K) Class: 17206K(18240K)->17206K(18240K)
[22.586s][info][gc             ] GC(63) Pause Young (Allocation Failure) 352M->70M(993M) 1.120ms
[22.587s][info][gc,cpu         ] GC(63) User=0.02s Sys=0.00s Real=0.02s
[22.723s][info][gc,start       ] GC(64) Pause Young (Allocation Failure)
[22.724s][info][gc,heap        ] GC(64) PSYoungGen: 288960K(317952K)->580K(322560K) Eden: 288768K(288768K)->0K(294400K) From: 192K(29184K)->580K(28160K)
[22.724s][info][gc,heap        ] GC(64) ParOldGen: 71770K(699392K)->71818K(699392K)
[22.724s][info][gc,metaspace   ] GC(64) Metaspace: 134170K(136064K)->134170K(136064K) NonClass: 116964K(117824K)->116964K(117824K) Class: 17206K(18240K)->17206K(18240K)
[22.724s][info][gc             ] GC(64) Pause Young (Allocation Failure) 352M->70M(998M) 1.153ms
[22.724s][info][gc,cpu         ] GC(64) User=0.00s Sys=0.00s Real=0.00s
[22.866s][info][gc,start       ] GC(65) Pause Young (Allocation Failure)
[22.871s][info][gc,heap        ] GC(65) PSYoungGen: 294817K(322560K)->26611K(321024K) Eden: 294237K(294400K)->0K(294400K) From: 580K(28160K)->26611K(26624K)
[22.871s][info][gc,heap        ] GC(65) ParOldGen: 71818K(699392K)->77970K(699392K)
[22.871s][info][gc,metaspace   ] GC(65) Metaspace: 134242K(136128K)->134242K(136128K) NonClass: 117036K(117888K)->117036K(117888K) Class: 17206K(18240K)->17206K(18240K)
[22.871s][info][gc             ] GC(65) Pause Young (Allocation Failure) 358M->102M(996M) 5.186ms
[22.871s][info][gc,cpu         ] GC(65) User=0.00s Sys=0.00s Real=0.00s
[22.974s][info][gc,start       ] GC(66) Pause Young (System.gc())
[22.975s][info][gc,heap        ] GC(66) PSYoungGen: 107083K(321024K)->532K(310784K) Eden: 80472K(294400K)->0K(282624K) From: 26611K(26624K)->532K(28160K)
[22.975s][info][gc,heap        ] GC(66) ParOldGen: 77970K(699392K)->78290K(699392K)
[22.975s][info][gc,metaspace   ] GC(66) Metaspace: 134278K(136128K)->134278K(136128K) NonClass: 117068K(117888K)->117068K(117888K) Class: 17209K(18240K)->17209K(18240K)
[22.975s][info][gc             ] GC(66) Pause Young (System.gc()) 180M->76M(986M) 0.821ms
[22.975s][info][gc,cpu         ] GC(66) User=0.00s Sys=0.00s Real=0.00s
[22.975s][info][gc,start       ] GC(67) Pause Full (System.gc())
[22.975s][info][gc,phases,start] GC(67) Marking Phase
[23.021s][info][gc,phases      ] GC(67) Marking Phase 46.401ms
[23.021s][info][gc,phases,start] GC(67) Summary Phase
[23.021s][info][gc,phases      ] GC(67) Summary Phase 0.010ms
[23.021s][info][gc,phases,start] GC(67) Adjust Roots
[23.034s][info][gc,phases      ] GC(67) Adjust Roots 13.224ms
[23.034s][info][gc,phases,start] GC(67) Compaction Phase
[23.045s][info][gc,phases      ] GC(67) Compaction Phase 10.271ms
[23.045s][info][gc,phases,start] GC(67) Post Compact
[23.045s][info][gc,phases      ] GC(67) Post Compact 0.662ms
[23.045s][info][gc,heap        ] GC(67) PSYoungGen: 532K(310784K)->0K(310784K) Eden: 0K(282624K)->0K(282624K) From: 532K(28160K)->0K(28160K)
[23.045s][info][gc,heap        ] GC(67) ParOldGen: 78290K(699392K)->68269K(699392K)
[23.045s][info][gc,metaspace   ] GC(67) Metaspace: 134278K(136128K)->134251K(136128K) NonClass: 117068K(117888K)->117046K(117888K) Class: 17209K(18240K)->17205K(18240K)
[23.046s][info][gc             ] GC(67) Pause Full (System.gc()) 76M->66M(986M) 70.836ms
[23.046s][info][gc,cpu         ] GC(67) User=0.06s Sys=0.00s Real=0.06s
[23.313s][info][gc,start       ] GC(68) Pause Young (Allocation Failure)
[23.315s][info][gc,heap        ] GC(68) PSYoungGen: 282624K(310784K)->2483K(315904K) Eden: 282624K(282624K)->0K(282624K) From: 0K(28160K)->2483K(33280K)
[23.315s][info][gc,heap        ] GC(68) ParOldGen: 68269K(699392K)->68277K(699392K)
[23.315s][info][gc,metaspace   ] GC(68) Metaspace: 134569K(136512K)->134569K(136512K) NonClass: 117355K(118272K)->117355K(118272K) Class: 17214K(18240K)->17214K(18240K)
[23.315s][info][gc             ] GC(68) Pause Young (Allocation Failure) 342M->69M(991M) 2.002ms
[23.315s][info][gc,cpu         ] GC(68) User=0.00s Sys=0.00s Real=0.00s
[23.404s][info][gc,start       ] GC(69) Pause Young (Allocation Failure)
[23.406s][info][gc,heap        ] GC(69) PSYoungGen: 285107K(315904K)->2768K(319488K) Eden: 282624K(282624K)->0K(287744K) From: 2483K(33280K)->2768K(31744K)
[23.406s][info][gc,heap        ] GC(69) ParOldGen: 68277K(699392K)->69543K(699392K)
[23.406s][info][gc,metaspace   ] GC(69) Metaspace: 134585K(136512K)->134585K(136512K) NonClass: 117370K(118272K)->117370K(118272K) Class: 17215K(18240K)->17215K(18240K)
[23.406s][info][gc             ] GC(69) Pause Young (Allocation Failure) 345M->70M(995M) 2.169ms
[23.406s][info][gc,cpu         ] GC(69) User=0.00s Sys=0.00s Real=0.00s
[23.469s][info][gc,start       ] GC(70) Pause Young (Allocation Failure)
[23.470s][info][gc,heap        ] GC(70) PSYoungGen: 290512K(319488K)->192K(317440K) Eden: 287744K(287744K)->0K(287744K) From: 2768K(31744K)->192K(29696K)
[23.470s][info][gc,heap        ] GC(70) ParOldGen: 69543K(699392K)->71440K(699392K)
[23.470s][info][gc,metaspace   ] GC(70) Metaspace: 134587K(136512K)->134587K(136512K) NonClass: 117371K(118272K)->117371K(118272K) Class: 17215K(18240K)->17215K(18240K)
[23.470s][info][gc             ] GC(70) Pause Young (Allocation Failure) 351M->69M(993M) 1.106ms
[23.470s][info][gc,cpu         ] GC(70) User=0.00s Sys=0.00s Real=0.00s
[23.594s][info][gc,start       ] GC(71) Pause Young (Allocation Failure)
[23.596s][info][gc,heap        ] GC(71) PSYoungGen: 287929K(317440K)->1045K(322048K) Eden: 287737K(287744K)->0K(293376K) From: 192K(29696K)->1045K(28672K)
[23.596s][info][gc,heap        ] GC(71) ParOldGen: 71440K(699392K)->71480K(699392K)
[23.596s][info][gc,metaspace   ] GC(71) Metaspace: 134600K(136512K)->134600K(136512K) NonClass: 117385K(118272K)->117385K(118272K) Class: 17215K(18240K)->17215K(18240K)
[23.596s][info][gc             ] GC(71) Pause Young (Allocation Failure) 350M->70M(997M) 1.339ms
[23.596s][info][gc,cpu         ] GC(71) User=0.00s Sys=0.00s Real=0.00s
[23.733s][info][gc,start       ] GC(72) Pause Young (Allocation Failure)
[23.738s][info][gc,heap        ] GC(72) PSYoungGen: 290915K(322048K)->27123K(320512K) Eden: 289869K(293376K)->0K(293376K) From: 1045K(28672K)->27123K(27136K)
[23.738s][info][gc,heap        ] GC(72) ParOldGen: 71480K(699392K)->75368K(699392K)
[23.739s][info][gc,metaspace   ] GC(72) Metaspace: 134625K(136576K)->134625K(136576K) NonClass: 117409K(118336K)->117409K(118336K) Class: 17215K(18240K)->17215K(18240K)
[23.739s][info][gc             ] GC(72) Pause Young (Allocation Failure) 353M->100M(996M) 5.030ms
[23.739s][info][gc,cpu         ] GC(72) User=0.00s Sys=0.00s Real=0.00s
[23.847s][info][gc,start       ] GC(73) Pause Young (System.gc())
[23.848s][info][gc,heap        ] GC(73) PSYoungGen: 112204K(320512K)->500K(312320K) Eden: 85080K(293376K)->0K(283648K) From: 27123K(27136K)->500K(28672K)
[23.848s][info][gc,heap        ] GC(73) ParOldGen: 75368K(699392K)->75755K(699392K)
[23.848s][info][gc,metaspace   ] GC(73) Metaspace: 134700K(136640K)->134700K(136640K) NonClass: 117484K(118400K)->117484K(118400K) Class: 17216K(18240K)->17216K(18240K)
[23.848s][info][gc             ] GC(73) Pause Young (System.gc()) 183M->74M(988M) 0.985ms
[23.848s][info][gc,cpu         ] GC(73) User=0.00s Sys=0.00s Real=0.00s
[23.848s][info][gc,start       ] GC(74) Pause Full (System.gc())
[23.848s][info][gc,phases,start] GC(74) Marking Phase
[23.895s][info][gc,phases      ] GC(74) Marking Phase 46.879ms
[23.895s][info][gc,phases,start] GC(74) Summary Phase
[23.895s][info][gc,phases      ] GC(74) Summary Phase 0.010ms
[23.895s][info][gc,phases,start] GC(74) Adjust Roots
[23.908s][info][gc,phases      ] GC(74) Adjust Roots 13.443ms
[23.909s][info][gc,phases,start] GC(74) Compaction Phase
[23.918s][info][gc,phases      ] GC(74) Compaction Phase 9.071ms
[23.918s][info][gc,phases,start] GC(74) Post Compact
[23.918s][info][gc,phases      ] GC(74) Post Compact 0.652ms
[23.918s][info][gc,heap        ] GC(74) PSYoungGen: 500K(312320K)->0K(312320K) Eden: 0K(283648K)->0K(283648K) From: 500K(28672K)->0K(28672K)
[23.918s][info][gc,heap        ] GC(74) ParOldGen: 75755K(699392K)->68696K(699392K)
[23.918s][info][gc,metaspace   ] GC(74) Metaspace: 134700K(136640K)->134673K(136640K) NonClass: 117484K(118400K)->117461K(118400K) Class: 17216K(18240K)->17212K(18240K)
[23.918s][info][gc             ] GC(74) Pause Full (System.gc()) 74M->67M(988M) 70.353ms
[23.918s][info][gc,cpu         ] GC(74) User=0.03s Sys=0.02s Real=0.06s
[24.185s][info][gc,start       ] GC(75) Pause Young (Allocation Failure)
[24.187s][info][gc,heap        ] GC(75) PSYoungGen: 283648K(312320K)->2460K(316416K) Eden: 283648K(283648K)->0K(283648K) From: 0K(28672K)->2460K(32768K)
[24.187s][info][gc,heap        ] GC(75) ParOldGen: 68696K(699392K)->68704K(699392K)
[24.187s][info][gc,metaspace   ] GC(75) Metaspace: 134953K(136896K)->134953K(136896K) NonClass: 117733K(118656K)->117733K(118656K) Class: 17219K(18240K)->17219K(18240K)
[24.187s][info][gc             ] GC(75) Pause Young (Allocation Failure) 344M->69M(992M) 2.278ms
[24.187s][info][gc,cpu         ] GC(75) User=0.00s Sys=0.00s Real=0.00s
[24.276s][info][gc,start       ] GC(76) Pause Young (Allocation Failure)
[24.278s][info][gc,heap        ] GC(76) PSYoungGen: 286108K(316416K)->2724K(319488K) Eden: 283648K(283648K)->0K(288256K) From: 2460K(32768K)->2724K(31232K)
[24.278s][info][gc,heap        ] GC(76) ParOldGen: 68704K(699392K)->69959K(699392K)
[24.278s][info][gc,metaspace   ] GC(76) Metaspace: 134974K(136896K)->134974K(136896K) NonClass: 117752K(118656K)->117752K(118656K) Class: 17222K(18240K)->17222K(18240K)
[24.278s][info][gc             ] GC(76) Pause Young (Allocation Failure) 346M->70M(995M) 2.147ms
[24.278s][info][gc,cpu         ] GC(76) User=0.00s Sys=0.00s Real=0.00s
[24.340s][info][gc,start       ] GC(77) Pause Young (Allocation Failure)
[24.341s][info][gc,heap        ] GC(77) PSYoungGen: 290980K(319488K)->192K(317952K) Eden: 288256K(288256K)->0K(288256K) From: 2724K(31232K)->192K(29696K)
[24.341s][info][gc,heap        ] GC(77) ParOldGen: 69959K(699392K)->71861K(699392K)
[24.341s][info][gc,metaspace   ] GC(77) Metaspace: 134974K(136896K)->134974K(136896K) NonClass: 117752K(118656K)->117752K(118656K) Class: 17222K(18240K)->17222K(18240K)
[24.341s][info][gc             ] GC(77) Pause Young (Allocation Failure) 352M->70M(993M) 1.183ms
[24.341s][info][gc,cpu         ] GC(77) User=0.00s Sys=0.00s Real=0.00s
[24.473s][info][gc,start       ] GC(78) Pause Young (Allocation Failure)
[24.475s][info][gc,heap        ] GC(78) PSYoungGen: 288207K(317952K)->895K(322560K) Eden: 288015K(288256K)->0K(294400K) From: 192K(29696K)->895K(28160K)
[24.475s][info][gc,heap        ] GC(78) ParOldGen: 71861K(699392K)->71893K(699392K)
[24.475s][info][gc,metaspace   ] GC(78) Metaspace: 134991K(136896K)->134991K(136896K) NonClass: 117769K(118656K)->117769K(118656K) Class: 17222K(18240K)->17222K(18240K)
[24.475s][info][gc             ] GC(78) Pause Young (Allocation Failure) 351M->71M(998M) 1.177ms
[24.475s][info][gc,cpu         ] GC(78) User=0.00s Sys=0.00s Real=0.00s
[24.637s][info][gc,start       ] GC(79) Pause Young (Allocation Failure)
[24.642s][info][gc,heap        ] GC(79) PSYoungGen: 295295K(322560K)->26618K(321024K) Eden: 294400K(294400K)->0K(294400K) From: 895K(28160K)->26618K(26624K)
[24.642s][info][gc,heap        ] GC(79) ParOldGen: 71893K(699392K)->76957K(699392K)
[24.642s][info][gc,metaspace   ] GC(79) Metaspace: 135005K(136896K)->135005K(136896K) NonClass: 117782K(118656K)->117782K(118656K) Class: 17223K(18240K)->17223K(18240K)
[24.642s][info][gc             ] GC(79) Pause Young (Allocation Failure) 358M->101M(996M) 5.510ms
[24.642s][info][gc,cpu         ] GC(79) User=0.03s Sys=0.00s Real=0.00s
[24.719s][info][gc,start       ] GC(80) Pause Young (System.gc())
[24.721s][info][gc,heap        ] GC(80) PSYoungGen: 103832K(321024K)->500K(310784K) Eden: 77213K(294400K)->0K(282624K) From: 26618K(26624K)->500K(28160K)
[24.721s][info][gc,heap        ] GC(80) ParOldGen: 76957K(699392K)->85021K(699392K)
[24.721s][info][gc,metaspace   ] GC(80) Metaspace: 135056K(136960K)->135056K(136960K) NonClass: 117827K(118720K)->117827K(118720K) Class: 17228K(18240K)->17228K(18240K)
[24.721s][info][gc             ] GC(80) Pause Young (System.gc()) 176M->83M(986M) 2.387ms
[24.721s][info][gc,cpu         ] GC(80) User=0.00s Sys=0.00s Real=0.00s
[24.721s][info][gc,start       ] GC(81) Pause Full (System.gc())
[24.721s][info][gc,phases,start] GC(81) Marking Phase
[24.769s][info][gc,phases      ] GC(81) Marking Phase 47.894ms
[24.769s][info][gc,phases,start] GC(81) Summary Phase
[24.769s][info][gc,phases      ] GC(81) Summary Phase 0.015ms
[24.769s][info][gc,phases,start] GC(81) Adjust Roots
[24.783s][info][gc,phases      ] GC(81) Adjust Roots 13.957ms
[24.783s][info][gc,phases,start] GC(81) Compaction Phase
[24.793s][info][gc,phases      ] GC(81) Compaction Phase 9.859ms
[24.793s][info][gc,phases,start] GC(81) Post Compact
[24.794s][info][gc,phases      ] GC(81) Post Compact 0.712ms
[24.794s][info][gc,heap        ] GC(81) PSYoungGen: 500K(310784K)->0K(310784K) Eden: 0K(282624K)->0K(282624K) From: 500K(28160K)->0K(28160K)
[24.794s][info][gc,heap        ] GC(81) ParOldGen: 85021K(699392K)->68511K(699392K)
[24.794s][info][gc,metaspace   ] GC(81) Metaspace: 135056K(136960K)->135029K(136960K) NonClass: 117827K(118720K)->117805K(118720K) Class: 17228K(18240K)->17224K(18240K)
[24.794s][info][gc             ] GC(81) Pause Full (System.gc()) 83M->66M(986M) 72.725ms
[24.794s][info][gc,cpu         ] GC(81) User=0.05s Sys=0.00s Real=0.06s
[25.050s][info][gc,start       ] GC(82) Pause Young (Allocation Failure)
[25.052s][info][gc,heap        ] GC(82) PSYoungGen: 282624K(310784K)->2494K(315904K) Eden: 282624K(282624K)->0K(282624K) From: 0K(28160K)->2494K(33280K)
[25.052s][info][gc,heap        ] GC(82) ParOldGen: 68511K(699392K)->68519K(699392K)
[25.052s][info][gc,metaspace   ] GC(82) Metaspace: 135269K(137152K)->135269K(137152K) NonClass: 118032K(118912K)->118032K(118912K) Class: 17236K(18240K)->17236K(18240K)
[25.052s][info][gc             ] GC(82) Pause Young (Allocation Failure) 342M->69M(991M) 2.004ms
[25.052s][info][gc,cpu         ] GC(82) User=0.03s Sys=0.00s Real=0.02s
[25.140s][info][gc,start       ] GC(83) Pause Young (Allocation Failure)
[25.143s][info][gc,heap        ] GC(83) PSYoungGen: 285118K(315904K)->2745K(319488K) Eden: 282624K(282624K)->0K(288256K) From: 2494K(33280K)->2745K(31232K)
[25.143s][info][gc,heap        ] GC(83) ParOldGen: 68519K(699392K)->69790K(699392K)
[25.143s][info][gc,metaspace   ] GC(83) Metaspace: 135281K(137152K)->135281K(137152K) NonClass: 118043K(118912K)->118043K(118912K) Class: 17237K(18240K)->17237K(18240K)
[25.143s][info][gc             ] GC(83) Pause Young (Allocation Failure) 345M->70M(995M) 2.164ms
[25.143s][info][gc,cpu         ] GC(83) User=0.00s Sys=0.00s Real=0.01s
[25.203s][info][gc,start       ] GC(84) Pause Young (Allocation Failure)
[25.204s][info][gc,heap        ] GC(84) PSYoungGen: 291001K(319488K)->192K(317952K) Eden: 288256K(288256K)->0K(288256K) From: 2745K(31232K)->192K(29696K)
[25.204s][info][gc,heap        ] GC(84) ParOldGen: 69790K(699392K)->71685K(699392K)
[25.204s][info][gc,metaspace   ] GC(84) Metaspace: 135281K(137152K)->135281K(137152K) NonClass: 118043K(118912K)->118043K(118912K) Class: 17237K(18240K)->17237K(18240K)
[25.204s][info][gc             ] GC(84) Pause Young (Allocation Failure) 352M->70M(993M) 1.117ms
[25.204s][info][gc,cpu         ] GC(84) User=0.00s Sys=0.00s Real=0.00s
[25.340s][info][gc,start       ] GC(85) Pause Young (Allocation Failure)
[25.341s][info][gc,heap        ] GC(85) PSYoungGen: 288448K(317952K)->580K(322560K) Eden: 288256K(288256K)->0K(294400K) From: 192K(29696K)->580K(28160K)
[25.341s][info][gc,heap        ] GC(85) ParOldGen: 71685K(699392K)->71685K(699392K)
[25.341s][info][gc,metaspace   ] GC(85) Metaspace: 135282K(137152K)->135282K(137152K) NonClass: 118045K(118912K)->118045K(118912K) Class: 17237K(18240K)->17237K(18240K)
[25.341s][info][gc             ] GC(85) Pause Young (Allocation Failure) 351M->70M(998M) 1.197ms
[25.341s][info][gc,cpu         ] GC(85) User=0.00s Sys=0.00s Real=0.00s
[25.481s][info][gc,start       ] GC(86) Pause Young (Allocation Failure)
[25.486s][info][gc,heap        ] GC(86) PSYoungGen: 292503K(322560K)->26611K(321024K) Eden: 291922K(294400K)->0K(294400K) From: 580K(28160K)->26611K(26624K)
[25.486s][info][gc,heap        ] GC(86) ParOldGen: 71685K(699392K)->76261K(699392K)
[25.486s][info][gc,metaspace   ] GC(86) Metaspace: 135293K(137216K)->135293K(137216K) NonClass: 118054K(118976K)->118054K(118976K) Class: 17239K(18240K)->17239K(18240K)
[25.486s][info][gc             ] GC(86) Pause Young (Allocation Failure) 355M->100M(996M) 5.122ms
[25.486s][info][gc,cpu         ] GC(86) User=0.00s Sys=0.00s Real=0.00s
[25.596s][info][gc,start       ] GC(87) Pause Young (System.gc())
[25.597s][info][gc,heap        ] GC(87) PSYoungGen: 112226K(321024K)->500K(311808K) Eden: 85614K(294400K)->0K(283648K) From: 26611K(26624K)->500K(28160K)
[25.597s][info][gc,heap        ] GC(87) ParOldGen: 76261K(699392K)->76879K(699392K)
[25.597s][info][gc,metaspace   ] GC(87) Metaspace: 135347K(137280K)->135347K(137280K) NonClass: 118097K(119040K)->118097K(119040K) Class: 17249K(18240K)->17249K(18240K)
[25.597s][info][gc             ] GC(87) Pause Young (System.gc()) 184M->75M(987M) 1.121ms
[25.597s][info][gc,cpu         ] GC(87) User=0.00s Sys=0.00s Real=0.00s
[25.597s][info][gc,start       ] GC(88) Pause Full (System.gc())
[25.597s][info][gc,phases,start] GC(88) Marking Phase
[25.647s][info][gc,phases      ] GC(88) Marking Phase 49.616ms
[25.647s][info][gc,phases,start] GC(88) Summary Phase
[25.647s][info][gc,phases      ] GC(88) Summary Phase 0.010ms
[25.647s][info][gc,phases,start] GC(88) Adjust Roots
[25.661s][info][gc,phases      ] GC(88) Adjust Roots 14.032ms
[25.661s][info][gc,phases,start] GC(88) Compaction Phase
[25.671s][info][gc,phases      ] GC(88) Compaction Phase 10.321ms
[25.671s][info][gc,phases,start] GC(88) Post Compact
[25.672s][info][gc,phases      ] GC(88) Post Compact 0.648ms
[25.672s][info][gc,heap        ] GC(88) PSYoungGen: 500K(311808K)->0K(311808K) Eden: 0K(283648K)->0K(283648K) From: 500K(28160K)->0K(28160K)
[25.672s][info][gc,heap        ] GC(88) ParOldGen: 76879K(699392K)->68972K(699392K)
[25.672s][info][gc,metaspace   ] GC(88) Metaspace: 135347K(137280K)->135320K(137280K) NonClass: 118097K(119040K)->118075K(119040K) Class: 17249K(18240K)->17245K(18240K)
[25.672s][info][gc             ] GC(88) Pause Full (System.gc()) 75M->67M(987M) 74.937ms
[25.672s][info][gc,cpu         ] GC(88) User=0.08s Sys=0.00s Real=0.06s
[25.931s][info][gc,start       ] GC(89) Pause Young (Allocation Failure)
[25.933s][info][gc,heap        ] GC(89) PSYoungGen: 283648K(311808K)->2451K(316416K) Eden: 283648K(283648K)->0K(283648K) From: 0K(28160K)->2451K(32768K)
[25.933s][info][gc,heap        ] GC(89) ParOldGen: 68972K(699392K)->68972K(699392K)
[25.933s][info][gc,metaspace   ] GC(89) Metaspace: 135508K(137408K)->135508K(137408K) NonClass: 118258K(119168K)->118258K(119168K) Class: 17250K(18240K)->17250K(18240K)
[25.933s][info][gc             ] GC(89) Pause Young (Allocation Failure) 344M->69M(992M) 2.109ms
[25.933s][info][gc,cpu         ] GC(89) User=0.02s Sys=0.00s Real=0.02s
[26.023s][info][gc,start       ] GC(90) Pause Young (Allocation Failure)
[26.025s][info][gc,heap        ] GC(90) PSYoungGen: 286099K(316416K)->2756K(320000K) Eden: 283648K(283648K)->0K(288768K) From: 2451K(32768K)->2756K(31232K)
[26.025s][info][gc,heap        ] GC(90) ParOldGen: 68972K(699392K)->70221K(699392K)
[26.025s][info][gc,metaspace   ] GC(90) Metaspace: 135524K(137408K)->135524K(137408K) NonClass: 118273K(119168K)->118273K(119168K) Class: 17251K(18240K)->17251K(18240K)
[26.025s][info][gc             ] GC(90) Pause Young (Allocation Failure) 346M->71M(995M) 2.129ms
[26.025s][info][gc,cpu         ] GC(90) User=0.00s Sys=0.00s Real=0.00s
[26.087s][info][gc,start       ] GC(91) Pause Young (Allocation Failure)
[26.088s][info][gc,heap        ] GC(91) PSYoungGen: 291524K(320000K)->192K(317952K) Eden: 288768K(288768K)->0K(288768K) From: 2756K(31232K)->192K(29184K)
[26.088s][info][gc,heap        ] GC(91) ParOldGen: 70221K(699392K)->72112K(699392K)
[26.088s][info][gc,metaspace   ] GC(91) Metaspace: 135524K(137408K)->135524K(137408K) NonClass: 118273K(119168K)->118273K(119168K) Class: 17251K(18240K)->17251K(18240K)
[26.088s][info][gc             ] GC(91) Pause Young (Allocation Failure) 353M->70M(993M) 1.050ms
[26.088s][info][gc,cpu         ] GC(91) User=0.00s Sys=0.00s Real=0.00s
[26.222s][info][gc,start       ] GC(92) Pause Young (Allocation Failure)
[26.224s][info][gc,heap        ] GC(92) PSYoungGen: 287910K(317952K)->876K(322560K) Eden: 287718K(288768K)->0K(294400K) From: 192K(29184K)->876K(28160K)
[26.224s][info][gc,heap        ] GC(92) ParOldGen: 72112K(699392K)->72144K(699392K)
[26.224s][info][gc,metaspace   ] GC(92) Metaspace: 135529K(137408K)->135529K(137408K) NonClass: 118278K(119168K)->118278K(119168K) Class: 17251K(18240K)->17251K(18240K)
[26.224s][info][gc             ] GC(92) Pause Young (Allocation Failure) 351M->71M(998M) 1.516ms
[26.224s][info][gc,cpu         ] GC(92) User=0.00s Sys=0.00s Real=0.00s
[26.379s][info][gc,start       ] GC(93) Pause Young (Allocation Failure)
[26.385s][info][gc,heap        ] GC(93) PSYoungGen: 294887K(322560K)->26601K(321024K) Eden: 294011K(294400K)->0K(294400K) From: 876K(28160K)->26601K(26624K)
[26.385s][info][gc,heap        ] GC(93) ParOldGen: 72144K(699392K)->77855K(699392K)
[26.385s][info][gc,metaspace   ] GC(93) Metaspace: 135538K(137408K)->135538K(137408K) NonClass: 118287K(119168K)->118287K(119168K) Class: 17251K(18240K)->17251K(18240K)
[26.385s][info][gc             ] GC(93) Pause Young (Allocation Failure) 358M->102M(996M) 5.503ms
[26.385s][info][gc,cpu         ] GC(93) User=0.00s Sys=0.00s Real=0.00s
[26.464s][info][gc,start       ] GC(94) Pause Young (System.gc())
[26.464s][info][gc,heap        ] GC(94) PSYoungGen: 103743K(321024K)->532K(310784K) Eden: 77142K(294400K)->0K(282624K) From: 26601K(26624K)->532K(28160K)
[26.464s][info][gc,heap        ] GC(94) ParOldGen: 77855K(699392K)->77926K(699392K)
[26.464s][info][gc,metaspace   ] GC(94) Metaspace: 135582K(137472K)->135582K(137472K) NonClass: 118330K(119232K)->118330K(119232K) Class: 17251K(18240K)->17251K(18240K)
[26.464s][info][gc             ] GC(94) Pause Young (System.gc()) 177M->76M(986M) 0.822ms
[26.464s][info][gc,cpu         ] GC(94) User=0.00s Sys=0.00s Real=0.00s
[26.464s][info][gc,start       ] GC(95) Pause Full (System.gc())
[26.464s][info][gc,phases,start] GC(95) Marking Phase
[26.515s][info][gc,phases      ] GC(95) Marking Phase 50.412ms
[26.515s][info][gc,phases,start] GC(95) Summary Phase
[26.515s][info][gc,phases      ] GC(95) Summary Phase 0.009ms
[26.515s][info][gc,phases,start] GC(95) Adjust Roots
[26.529s][info][gc,phases      ] GC(95) Adjust Roots 14.292ms
[26.529s][info][gc,phases,start] GC(95) Compaction Phase
[26.539s][info][gc,phases      ] GC(95) Compaction Phase 9.299ms
[26.539s][info][gc,phases,start] GC(95) Post Compact
[26.539s][info][gc,phases      ] GC(95) Post Compact 0.652ms
[26.539s][info][gc,heap        ] GC(95) PSYoungGen: 532K(310784K)->0K(310784K) Eden: 0K(282624K)->0K(282624K) From: 532K(28160K)->0K(28160K)
[26.539s][info][gc,heap        ] GC(95) ParOldGen: 77926K(699392K)->68780K(699392K)
[26.539s][info][gc,metaspace   ] GC(95) Metaspace: 135582K(137472K)->135555K(137472K) NonClass: 118330K(119232K)->118308K(119232K) Class: 17251K(18240K)->17247K(18240K)
[26.539s][info][gc             ] GC(95) Pause Full (System.gc()) 76M->67M(986M) 74.934ms
[26.539s][info][gc,cpu         ] GC(95) User=0.08s Sys=0.00s Real=0.07s
[26.795s][info][gc,start       ] GC(96) Pause Young (Allocation Failure)
[26.797s][info][gc,heap        ] GC(96) PSYoungGen: 282624K(310784K)->2229K(315904K) Eden: 282624K(282624K)->0K(282624K) From: 0K(28160K)->2229K(33280K)
[26.797s][info][gc,heap        ] GC(96) ParOldGen: 68780K(699392K)->68788K(699392K)
[26.797s][info][gc,metaspace   ] GC(96) Metaspace: 135737K(137600K)->135737K(137600K) NonClass: 118486K(119360K)->118486K(119360K) Class: 17251K(18240K)->17251K(18240K)
[26.797s][info][gc             ] GC(96) Pause Young (Allocation Failure) 343M->69M(991M) 1.874ms
[26.797s][info][gc,cpu         ] GC(96) User=0.00s Sys=0.00s Real=0.00s
[26.885s][info][gc,start       ] GC(97) Pause Young (Allocation Failure)
[26.887s][info][gc,heap        ] GC(97) PSYoungGen: 284853K(315904K)->2756K(319488K) Eden: 282624K(282624K)->0K(288256K) From: 2229K(33280K)->2756K(31232K)
[26.888s][info][gc,heap        ] GC(97) ParOldGen: 68788K(699392K)->70040K(699392K)
[26.888s][info][gc,metaspace   ] GC(97) Metaspace: 135751K(137664K)->135751K(137664K) NonClass: 118499K(119424K)->118499K(119424K) Class: 17251K(18240K)->17251K(18240K)
[26.888s][info][gc             ] GC(97) Pause Young (Allocation Failure) 345M->71M(995M) 2.117ms
[26.888s][info][gc,cpu         ] GC(97) User=0.00s Sys=0.00s Real=0.00s
[26.950s][info][gc,start       ] GC(98) Pause Young (Allocation Failure)
[26.951s][info][gc,heap        ] GC(98) PSYoungGen: 291012K(319488K)->192K(317952K) Eden: 288256K(288256K)->0K(288256K) From: 2756K(31232K)->192K(29696K)
[26.951s][info][gc,heap        ] GC(98) ParOldGen: 70040K(699392K)->71934K(699392K)
[26.951s][info][gc,metaspace   ] GC(98) Metaspace: 135751K(137664K)->135751K(137664K) NonClass: 118499K(119424K)->118499K(119424K) Class: 17251K(18240K)->17251K(18240K)
[26.951s][info][gc             ] GC(98) Pause Young (Allocation Failure) 352M->70M(993M) 1.410ms
[26.951s][info][gc,cpu         ] GC(98) User=0.00s Sys=0.00s Real=0.00s
[27.077s][info][gc,start       ] GC(99) Pause Young (Allocation Failure)
[27.078s][info][gc,heap        ] GC(99) PSYoungGen: 288271K(317952K)->728K(322048K) Eden: 288079K(288256K)->0K(293888K) From: 192K(29696K)->728K(28160K)
[27.078s][info][gc,heap        ] GC(99) ParOldGen: 71934K(699392K)->71974K(699392K)
[27.078s][info][gc,metaspace   ] GC(99) Metaspace: 135761K(137664K)->135761K(137664K) NonClass: 118510K(119424K)->118510K(119424K) Class: 17251K(18240K)->17251K(18240K)
[27.078s][info][gc             ] GC(99) Pause Young (Allocation Failure) 351M->70M(997M) 1.074ms
[27.078s][info][gc,cpu         ] GC(99) User=0.00s Sys=0.00s Real=0.00s
[27.214s][info][gc,start       ] GC(100) Pause Young (Allocation Failure)
[27.219s][info][gc,heap        ] GC(100) PSYoungGen: 294350K(322048K)->27123K(321024K) Eden: 293622K(293888K)->0K(293888K) From: 728K(28160K)->27123K(27136K)
[27.219s][info][gc,heap        ] GC(100) ParOldGen: 71974K(699392K)->76006K(699392K)
[27.219s][info][gc,metaspace   ] GC(100) Metaspace: 135792K(137664K)->135792K(137664K) NonClass: 118541K(119424K)->118541K(119424K) Class: 17251K(18240K)->17251K(18240K)
[27.219s][info][gc             ] GC(100) Pause Young (Allocation Failure) 357M->100M(996M) 5.132ms
[27.219s][info][gc,cpu         ] GC(100) User=0.00s Sys=0.00s Real=0.00s
[27.321s][info][gc,start       ] GC(101) Pause Young (System.gc())
[27.322s][info][gc,heap        ] GC(101) PSYoungGen: 109056K(321024K)->468K(311808K) Eden: 81933K(293888K)->0K(283648K) From: 27123K(27136K)->468K(28160K)
[27.322s][info][gc,heap        ] GC(101) ParOldGen: 76006K(699392K)->76317K(699392K)
[27.322s][info][gc,metaspace   ] GC(101) Metaspace: 135810K(137664K)->135810K(137664K) NonClass: 118558K(119424K)->118558K(119424K) Class: 17252K(18240K)->17252K(18240K)
[27.322s][info][gc             ] GC(101) Pause Young (System.gc()) 180M->74M(987M) 1.070ms
[27.322s][info][gc,cpu         ] GC(101) User=0.00s Sys=0.00s Real=0.00s
[27.322s][info][gc,start       ] GC(102) Pause Full (System.gc())
[27.322s][info][gc,phases,start] GC(102) Marking Phase
[27.373s][info][gc,phases      ] GC(102) Marking Phase 50.988ms
[27.373s][info][gc,phases,start] GC(102) Summary Phase
[27.373s][info][gc,phases      ] GC(102) Summary Phase 0.010ms
[27.373s][info][gc,phases,start] GC(102) Adjust Roots
[27.388s][info][gc,phases      ] GC(102) Adjust Roots 14.931ms
[27.388s][info][gc,phases,start] GC(102) Compaction Phase
[27.398s][info][gc,phases      ] GC(102) Compaction Phase 9.555ms
[27.398s][info][gc,phases,start] GC(102) Post Compact
[27.399s][info][gc,phases      ] GC(102) Post Compact 0.651ms
[27.399s][info][gc,heap        ] GC(102) PSYoungGen: 468K(311808K)->0K(311808K) Eden: 0K(283648K)->0K(283648K) From: 468K(28160K)->0K(28160K)
[27.399s][info][gc,heap        ] GC(102) ParOldGen: 76317K(699392K)->68901K(699392K)
[27.399s][info][gc,metaspace   ] GC(102) Metaspace: 135810K(137664K)->135783K(137664K) NonClass: 118558K(119424K)->118535K(119424K) Class: 17252K(18240K)->17248K(18240K)
[27.399s][info][gc             ] GC(102) Pause Full (System.gc()) 74M->67M(987M) 76.421ms
[27.399s][info][gc,cpu         ] GC(102) User=0.02s Sys=0.00s Real=0.06s
[27.655s][info][gc,start       ] GC(103) Pause Young (Allocation Failure)
[27.657s][info][gc,heap        ] GC(103) PSYoungGen: 283378K(311808K)->2258K(316416K) Eden: 283378K(283648K)->0K(283648K) From: 0K(28160K)->2258K(32768K)
[27.657s][info][gc,heap        ] GC(103) ParOldGen: 68901K(699392K)->68909K(699392K)
[27.657s][info][gc,metaspace   ] GC(103) Metaspace: 135993K(137856K)->135993K(137856K) NonClass: 118739K(119616K)->118739K(119616K) Class: 17253K(18240K)->17253K(18240K)
[27.657s][info][gc             ] GC(103) Pause Young (Allocation Failure) 344M->69M(992M) 2.133ms
[27.657s][info][gc,cpu         ] GC(103) User=0.00s Sys=0.00s Real=0.00s
[27.748s][info][gc,start       ] GC(104) Pause Young (Allocation Failure)
[27.750s][info][gc,heap        ] GC(104) PSYoungGen: 285906K(316416K)->2768K(320000K) Eden: 283648K(283648K)->0K(288768K) From: 2258K(32768K)->2768K(31232K)
[27.750s][info][gc,heap        ] GC(104) ParOldGen: 68909K(699392K)->70154K(699392K)
[27.750s][info][gc,metaspace   ] GC(104) Metaspace: 136002K(137856K)->136002K(137856K) NonClass: 118748K(119616K)->118748K(119616K) Class: 17253K(18240K)->17253K(18240K)
[27.750s][info][gc             ] GC(104) Pause Young (Allocation Failure) 346M->71M(995M) 2.286ms
[27.750s][info][gc,cpu         ] GC(104) User=0.00s Sys=0.00s Real=0.00s
[27.813s][info][gc,start       ] GC(105) Pause Young (Allocation Failure)
[27.815s][info][gc,heap        ] GC(105) PSYoungGen: 291536K(320000K)->192K(317952K) Eden: 288768K(288768K)->0K(288768K) From: 2768K(31232K)->192K(29184K)
[27.815s][info][gc,heap        ] GC(105) ParOldGen: 70154K(699392K)->72036K(699392K)
[27.815s][info][gc,metaspace   ] GC(105) Metaspace: 136004K(137856K)->136004K(137856K) NonClass: 118750K(119616K)->118750K(119616K) Class: 17253K(18240K)->17253K(18240K)
[27.815s][info][gc             ] GC(105) Pause Young (Allocation Failure) 353M->70M(993M) 1.312ms
[27.815s][info][gc,cpu         ] GC(105) User=0.00s Sys=0.00s Real=0.00s
[27.946s][info][gc,start       ] GC(106) Pause Young (Allocation Failure)
[27.947s][info][gc,heap        ] GC(106) PSYoungGen: 285660K(317952K)->863K(322560K) Eden: 285468K(288768K)->0K(294400K) From: 192K(29184K)->863K(28160K)
[27.947s][info][gc,heap        ] GC(106) ParOldGen: 72036K(699392K)->72084K(699392K)
[27.947s][info][gc,metaspace   ] GC(106) Metaspace: 136017K(137856K)->136017K(137856K) NonClass: 118763K(119616K)->118763K(119616K) Class: 17253K(18240K)->17253K(18240K)
[27.947s][info][gc             ] GC(106) Pause Young (Allocation Failure) 349M->71M(998M) 1.199ms
[27.947s][info][gc,cpu         ] GC(106) User=0.00s Sys=0.00s Real=0.00s
[28.083s][info][gc,start       ] GC(107) Pause Young (Allocation Failure)
[28.088s][info][gc,heap        ] GC(107) PSYoungGen: 295079K(322560K)->26604K(321024K) Eden: 294215K(294400K)->0K(294400K) From: 863K(28160K)->26604K(26624K)
[28.088s][info][gc,heap        ] GC(107) ParOldGen: 72084K(699392K)->78236K(699392K)
[28.088s][info][gc,metaspace   ] GC(107) Metaspace: 136089K(137984K)->136089K(137984K) NonClass: 118808K(119744K)->118808K(119744K) Class: 17280K(18240K)->17280K(18240K)
[28.088s][info][gc             ] GC(107) Pause Young (Allocation Failure) 358M->102M(996M) 5.601ms
[28.089s][info][gc,cpu         ] GC(107) User=0.00s Sys=0.00s Real=0.00s
[28.187s][info][gc,start       ] GC(108) Pause Young (System.gc())
[28.188s][info][gc,heap        ] GC(108) PSYoungGen: 107100K(321024K)->500K(310784K) Eden: 80496K(294400K)->0K(282624K) From: 26604K(26624K)->500K(28160K)
[28.188s][info][gc,heap        ] GC(108) ParOldGen: 78236K(699392K)->78439K(699392K)
[28.188s][info][gc,metaspace   ] GC(108) Metaspace: 136103K(137984K)->136103K(137984K) NonClass: 118822K(119744K)->118822K(119744K) Class: 17280K(18240K)->17280K(18240K)
[28.188s][info][gc             ] GC(108) Pause Young (System.gc()) 180M->77M(986M) 1.209ms
[28.188s][info][gc,cpu         ] GC(108) User=0.00s Sys=0.00s Real=0.00s
[28.188s][info][gc,start       ] GC(109) Pause Full (System.gc())
[28.188s][info][gc,phases,start] GC(109) Marking Phase
[28.241s][info][gc,phases      ] GC(109) Marking Phase 53.269ms
[28.241s][info][gc,phases,start] GC(109) Summary Phase
[28.241s][info][gc,phases      ] GC(109) Summary Phase 0.009ms
[28.241s][info][gc,phases,start] GC(109) Adjust Roots
[28.257s][info][gc,phases      ] GC(109) Adjust Roots 15.385ms
[28.257s][info][gc,phases,start] GC(109) Compaction Phase
[28.268s][info][gc,phases      ] GC(109) Compaction Phase 11.220ms
[28.268s][info][gc,phases,start] GC(109) Post Compact
[28.269s][info][gc,phases      ] GC(109) Post Compact 0.649ms
[28.269s][info][gc,heap        ] GC(109) PSYoungGen: 500K(310784K)->0K(310784K) Eden: 0K(282624K)->0K(282624K) From: 500K(28160K)->0K(28160K)
[28.269s][info][gc,heap        ] GC(109) ParOldGen: 78439K(699392K)->69318K(699392K)
[28.269s][info][gc,metaspace   ] GC(109) Metaspace: 136103K(137984K)->136076K(137984K) NonClass: 118822K(119744K)->118800K(119744K) Class: 17280K(18240K)->17276K(18240K)
[28.269s][info][gc             ] GC(109) Pause Full (System.gc()) 77M->67M(986M) 80.821ms
[28.269s][info][gc,cpu         ] GC(109) User=0.08s Sys=0.00s Real=0.08s
[28.522s][info][gc,start       ] GC(110) Pause Young (Allocation Failure)
[28.523s][info][gc,heap        ] GC(110) PSYoungGen: 282624K(310784K)->2526K(315904K) Eden: 282624K(282624K)->0K(282624K) From: 0K(28160K)->2526K(33280K)
[28.523s][info][gc,heap        ] GC(110) ParOldGen: 69318K(699392K)->69326K(699392K)
[28.523s][info][gc,metaspace   ] GC(110) Metaspace: 136240K(138112K)->136240K(138112K) NonClass: 118954K(119872K)->118954K(119872K) Class: 17286K(18240K)->17286K(18240K)
[28.523s][info][gc             ] GC(110) Pause Young (Allocation Failure) 343M->70M(991M) 1.905ms
[28.524s][info][gc,cpu         ] GC(110) User=0.00s Sys=0.00s Real=0.00s
[28.615s][info][gc,start       ] GC(111) Pause Young (Allocation Failure)
[28.617s][info][gc,heap        ] GC(111) PSYoungGen: 285150K(315904K)->2788K(319488K) Eden: 282624K(282624K)->0K(287744K) From: 2526K(33280K)->2788K(31744K)
[28.617s][info][gc,heap        ] GC(111) ParOldGen: 69326K(699392K)->70583K(699392K)
[28.617s][info][gc,metaspace   ] GC(111) Metaspace: 136245K(138176K)->136245K(138176K) NonClass: 118958K(119936K)->118958K(119936K) Class: 17286K(18240K)->17286K(18240K)
[28.617s][info][gc             ] GC(111) Pause Young (Allocation Failure) 346M->71M(995M) 2.059ms
[28.617s][info][gc,cpu         ] GC(111) User=0.00s Sys=0.00s Real=0.00s
[28.677s][info][gc,start       ] GC(112) Pause Young (Allocation Failure)
[28.679s][info][gc,heap        ] GC(112) PSYoungGen: 290532K(319488K)->192K(317440K) Eden: 287744K(287744K)->0K(287744K) From: 2788K(31744K)->192K(29696K)
[28.679s][info][gc,heap        ] GC(112) ParOldGen: 70583K(699392K)->72458K(699392K)
[28.679s][info][gc,metaspace   ] GC(112) Metaspace: 136248K(138176K)->136248K(138176K) NonClass: 118961K(119936K)->118961K(119936K) Class: 17286K(18240K)->17286K(18240K)
[28.679s][info][gc             ] GC(112) Pause Young (Allocation Failure) 352M->70M(993M) 1.213ms
[28.679s][info][gc,cpu         ] GC(112) User=0.00s Sys=0.00s Real=0.00s
[28.800s][info][gc,start       ] GC(113) Pause Young (Allocation Failure)
[28.801s][info][gc,heap        ] GC(113) PSYoungGen: 287936K(317440K)->568K(322048K) Eden: 287744K(287744K)->0K(293376K) From: 192K(29696K)->568K(28672K)
[28.801s][info][gc,heap        ] GC(113) ParOldGen: 72458K(699392K)->72498K(699392K)
[28.801s][info][gc,metaspace   ] GC(113) Metaspace: 136271K(138176K)->136271K(138176K) NonClass: 118984K(119936K)->118984K(119936K) Class: 17286K(18240K)->17286K(18240K)
[28.801s][info][gc             ] GC(113) Pause Young (Allocation Failure) 351M->71M(997M) 1.003ms
[28.801s][info][gc,cpu         ] GC(113) User=0.00s Sys=0.00s Real=0.00s
[28.939s][info][gc,start       ] GC(114) Pause Young (Allocation Failure)
[28.944s][info][gc,heap        ] GC(114) PSYoungGen: 292413K(322048K)->27123K(320512K) Eden: 291845K(293376K)->0K(293376K) From: 568K(28672K)->27123K(27136K)
[28.944s][info][gc,heap        ] GC(114) ParOldGen: 72498K(699392K)->76362K(699392K)
[28.944s][info][gc,metaspace   ] GC(114) Metaspace: 136295K(138176K)->136295K(138176K) NonClass: 119007K(119936K)->119007K(119936K) Class: 17287K(18240K)->17287K(18240K)
[28.944s][info][gc             ] GC(114) Pause Young (Allocation Failure) 356M->101M(996M) 5.045ms
[28.944s][info][gc,cpu         ] GC(114) User=0.02s Sys=0.00s Real=0.00s
[29.049s][info][gc,start       ] GC(115) Pause Young (System.gc())
[29.050s][info][gc,heap        ] GC(115) PSYoungGen: 114190K(320512K)->500K(311296K) Eden: 87066K(293376K)->0K(282624K) From: 27123K(27136K)->500K(28672K)
[29.050s][info][gc,heap        ] GC(115) ParOldGen: 76362K(699392K)->76741K(699392K)
[29.050s][info][gc,metaspace   ] GC(115) Metaspace: 136315K(138176K)->136315K(138176K) NonClass: 119027K(119936K)->119027K(119936K) Class: 17287K(18240K)->17287K(18240K)
[29.050s][info][gc             ] GC(115) Pause Young (System.gc()) 186M->75M(987M) 0.783ms
[29.050s][info][gc,cpu         ] GC(115) User=0.00s Sys=0.00s Real=0.00s
[29.050s][info][gc,start       ] GC(116) Pause Full (System.gc())
[29.050s][info][gc,phases,start] GC(116) Marking Phase
[29.100s][info][gc,phases      ] GC(116) Marking Phase 50.313ms
[29.100s][info][gc,phases,start] GC(116) Summary Phase
[29.100s][info][gc,phases      ] GC(116) Summary Phase 0.010ms
[29.100s][info][gc,phases,start] GC(116) Adjust Roots
[29.116s][info][gc,phases      ] GC(116) Adjust Roots 15.345ms
[29.116s][info][gc,phases,start] GC(116) Compaction Phase
[29.126s][info][gc,phases      ] GC(116) Compaction Phase 10.189ms
[29.126s][info][gc,phases,start] GC(116) Post Compact
[29.127s][info][gc,phases      ] GC(116) Post Compact 0.722ms
[29.127s][info][gc,heap        ] GC(116) PSYoungGen: 500K(311296K)->0K(311296K) Eden: 0K(282624K)->0K(282624K) From: 500K(28672K)->0K(28672K)
[29.127s][info][gc,heap        ] GC(116) ParOldGen: 76741K(699392K)->69455K(699392K)
[29.127s][info][gc,metaspace   ] GC(116) Metaspace: 136315K(138176K)->136289K(138176K) NonClass: 119027K(119936K)->119005K(119936K) Class: 17287K(18240K)->17283K(18240K)
[29.127s][info][gc             ] GC(116) Pause Full (System.gc()) 75M->67M(987M) 76.891ms
[29.127s][info][gc,cpu         ] GC(116) User=0.05s Sys=0.00s Real=0.08s
[29.369s][info][gc,start       ] GC(117) Pause Young (Allocation Failure)
[29.371s][info][gc,heap        ] GC(117) PSYoungGen: 282624K(311296K)->2450K(315904K) Eden: 282624K(282624K)->0K(282624K) From: 0K(28672K)->2450K(33280K)
[29.371s][info][gc,heap        ] GC(117) ParOldGen: 69455K(699392K)->69463K(699392K)
[29.371s][info][gc,metaspace   ] GC(117) Metaspace: 136452K(138368K)->136452K(138368K) NonClass: 119159K(120128K)->119159K(120128K) Class: 17293K(18240K)->17293K(18240K)
[29.371s][info][gc             ] GC(117) Pause Young (Allocation Failure) 343M->70M(991M) 1.874ms
[29.371s][info][gc,cpu         ] GC(117) User=0.00s Sys=0.00s Real=0.00s
[29.460s][info][gc,start       ] GC(118) Pause Young (Allocation Failure)
[29.462s][info][gc,heap        ] GC(118) PSYoungGen: 285074K(315904K)->2768K(319488K) Eden: 282624K(282624K)->0K(288256K) From: 2450K(33280K)->2768K(31232K)
[29.462s][info][gc,heap        ] GC(118) ParOldGen: 69463K(699392K)->70702K(699392K)
[29.462s][info][gc,metaspace   ] GC(118) Metaspace: 136460K(138368K)->136460K(138368K) NonClass: 119167K(120128K)->119167K(120128K) Class: 17293K(18240K)->17293K(18240K)
[29.462s][info][gc             ] GC(118) Pause Young (Allocation Failure) 346M->71M(995M) 2.106ms
[29.462s][info][gc,cpu         ] GC(118) User=0.00s Sys=0.00s Real=0.00s
[29.522s][info][gc,start       ] GC(119) Pause Young (Allocation Failure)
[29.523s][info][gc,heap        ] GC(119) PSYoungGen: 291024K(319488K)->192K(317952K) Eden: 288256K(288256K)->0K(288256K) From: 2768K(31232K)->192K(29696K)
[29.523s][info][gc,heap        ] GC(119) ParOldGen: 70702K(699392K)->72643K(699392K)
[29.523s][info][gc,metaspace   ] GC(119) Metaspace: 136460K(138368K)->136460K(138368K) NonClass: 119167K(120128K)->119167K(120128K) Class: 17293K(18240K)->17293K(18240K)
[29.523s][info][gc             ] GC(119) Pause Young (Allocation Failure) 353M->71M(993M) 1.198ms
[29.523s][info][gc,cpu         ] GC(119) User=0.00s Sys=0.00s Real=0.00s
[29.646s][info][gc,start       ] GC(120) Pause Young (Allocation Failure)
[29.647s][info][gc,heap        ] GC(120) PSYoungGen: 288443K(317952K)->696K(322560K) Eden: 288251K(288256K)->0K(294400K) From: 192K(29696K)->696K(28160K)
[29.647s][info][gc,heap        ] GC(120) ParOldGen: 72643K(699392K)->72675K(699392K)
[29.647s][info][gc,metaspace   ] GC(120) Metaspace: 136462K(138368K)->136462K(138368K) NonClass: 119169K(120128K)->119169K(120128K) Class: 17293K(18240K)->17293K(18240K)
[29.647s][info][gc             ] GC(120) Pause Young (Allocation Failure) 352M->71M(998M) 1.126ms
[29.647s][info][gc,cpu         ] GC(120) User=0.00s Sys=0.00s Real=0.00s
[29.782s][info][gc,start       ] GC(121) Pause Young (Allocation Failure)
[29.787s][info][gc,heap        ] GC(121) PSYoungGen: 295096K(322560K)->26611K(321024K) Eden: 294400K(294400K)->0K(294400K) From: 696K(28160K)->26611K(26624K)
[29.787s][info][gc,heap        ] GC(121) ParOldGen: 72675K(699392K)->78819K(699392K)
[29.787s][info][gc,metaspace   ] GC(121) Metaspace: 136471K(138368K)->136471K(138368K) NonClass: 119178K(120128K)->119178K(120128K) Class: 17293K(18240K)->17293K(18240K)
[29.787s][info][gc             ] GC(121) Pause Young (Allocation Failure) 359M->102M(996M) 5.340ms
[29.788s][info][gc,cpu         ] GC(121) User=0.00s Sys=0.00s Real=0.00s
[29.888s][info][gc,start       ] GC(122) Pause Young (System.gc())
[29.889s][info][gc,heap        ] GC(122) PSYoungGen: 107353K(321024K)->500K(310784K) Eden: 80741K(294400K)->0K(282624K) From: 26611K(26624K)->500K(28160K)
[29.889s][info][gc,heap        ] GC(122) ParOldGen: 78819K(699392K)->79130K(699392K)
[29.889s][info][gc,metaspace   ] GC(122) Metaspace: 136488K(138368K)->136488K(138368K) NonClass: 119192K(120128K)->119192K(120128K) Class: 17296K(18240K)->17296K(18240K)
[29.889s][info][gc             ] GC(122) Pause Young (System.gc()) 181M->77M(986M) 0.824ms
[29.889s][info][gc,cpu         ] GC(122) User=0.00s Sys=0.00s Real=0.00s
[29.889s][info][gc,start       ] GC(123) Pause Full (System.gc())
[29.889s][info][gc,phases,start] GC(123) Marking Phase
[29.940s][info][gc,phases      ] GC(123) Marking Phase 51.099ms
[29.940s][info][gc,phases,start] GC(123) Summary Phase
[29.940s][info][gc,phases      ] GC(123) Summary Phase 0.010ms
[29.940s][info][gc,phases,start] GC(123) Adjust Roots
[29.956s][info][gc,phases      ] GC(123) Adjust Roots 15.896ms
[29.956s][info][gc,phases,start] GC(123) Compaction Phase
[29.968s][info][gc,phases      ] GC(123) Compaction Phase 11.542ms
[29.968s][info][gc,phases,start] GC(123) Post Compact
[29.968s][info][gc,phases      ] GC(123) Post Compact 0.644ms
[29.968s][info][gc,heap        ] GC(123) PSYoungGen: 500K(310784K)->0K(310784K) Eden: 0K(282624K)->0K(282624K) From: 500K(28160K)->0K(28160K)
[29.968s][info][gc,heap        ] GC(123) ParOldGen: 79130K(699392K)->69261K(699392K)
[29.968s][info][gc,metaspace   ] GC(123) Metaspace: 136488K(138368K)->136462K(138368K) NonClass: 119192K(120128K)->119170K(120128K) Class: 17296K(18240K)->17291K(18240K)
[29.968s][info][gc             ] GC(123) Pause Full (System.gc()) 77M->67M(986M) 79.484ms
[29.968s][info][gc,cpu         ] GC(123) User=0.05s Sys=0.00s Real=0.08s
[30.213s][info][gc,start       ] GC(124) Pause Young (Allocation Failure)
[30.215s][info][gc,heap        ] GC(124) PSYoungGen: 282624K(310784K)->2492K(315904K) Eden: 282624K(282624K)->0K(282624K) From: 0K(28160K)->2492K(33280K)
[30.215s][info][gc,heap        ] GC(124) ParOldGen: 69261K(699392K)->69261K(699392K)
[30.215s][info][gc,metaspace   ] GC(124) Metaspace: 136754K(138624K)->136754K(138624K) NonClass: 119458K(120384K)->119458K(120384K) Class: 17296K(18240K)->17296K(18240K)
[30.215s][info][gc             ] GC(124) Pause Young (Allocation Failure) 343M->70M(991M) 2.059ms
[30.215s][info][gc,cpu         ] GC(124) User=0.02s Sys=0.00s Real=0.02s
[30.303s][info][gc,start       ] GC(125) Pause Young (Allocation Failure)
[30.305s][info][gc,heap        ] GC(125) PSYoungGen: 285116K(315904K)->2724K(319488K) Eden: 282624K(282624K)->0K(287744K) From: 2492K(33280K)->2724K(31744K)
[30.305s][info][gc,heap        ] GC(125) ParOldGen: 69261K(699392K)->70500K(699392K)
[30.305s][info][gc,metaspace   ] GC(125) Metaspace: 136766K(138624K)->136766K(138624K) NonClass: 119470K(120384K)->119470K(120384K) Class: 17296K(18240K)->17296K(18240K)
[30.305s][info][gc             ] GC(125) Pause Young (Allocation Failure) 346M->71M(995M) 2.102ms
[30.305s][info][gc,cpu         ] GC(125) User=0.00s Sys=0.00s Real=0.00s
[30.365s][info][gc,start       ] GC(126) Pause Young (Allocation Failure)
[30.367s][info][gc,heap        ] GC(126) PSYoungGen: 290468K(319488K)->192K(317440K) Eden: 287744K(287744K)->0K(287744K) From: 2724K(31744K)->192K(29696K)
[30.367s][info][gc,heap        ] GC(126) ParOldGen: 70500K(699392K)->72386K(699392K)
[30.367s][info][gc,metaspace   ] GC(126) Metaspace: 136767K(138624K)->136767K(138624K) NonClass: 119471K(120384K)->119471K(120384K) Class: 17296K(18240K)->17296K(18240K)
[30.367s][info][gc             ] GC(126) Pause Young (Allocation Failure) 352M->70M(993M) 1.261ms
[30.367s][info][gc,cpu         ] GC(126) User=0.00s Sys=0.00s Real=0.00s
[30.491s][info][gc,start       ] GC(127) Pause Young (Allocation Failure)
[30.492s][info][gc,heap        ] GC(127) PSYoungGen: 287936K(317440K)->1035K(322048K) Eden: 287744K(287744K)->0K(293376K) From: 192K(29696K)->1035K(28672K)
[30.492s][info][gc,heap        ] GC(127) ParOldGen: 72386K(699392K)->72426K(699392K)
[30.492s][info][gc,metaspace   ] GC(127) Metaspace: 136771K(138624K)->136771K(138624K) NonClass: 119475K(120384K)->119475K(120384K) Class: 17296K(18240K)->17296K(18240K)
[30.492s][info][gc             ] GC(127) Pause Young (Allocation Failure) 351M->71M(997M) 1.423ms
[30.492s][info][gc,cpu         ] GC(127) User=0.00s Sys=0.00s Real=0.00s
[30.626s][info][gc,start       ] GC(128) Pause Young (Allocation Failure)
[30.631s][info][gc,heap        ] GC(128) PSYoungGen: 293894K(322048K)->27123K(320512K) Eden: 292859K(293376K)->0K(293376K) From: 1035K(28672K)->27123K(27136K)
[30.631s][info][gc,heap        ] GC(128) ParOldGen: 72426K(699392K)->76434K(699392K)
[30.631s][info][gc,metaspace   ] GC(128) Metaspace: 136778K(138624K)->136778K(138624K) NonClass: 119482K(120384K)->119482K(120384K) Class: 17296K(18240K)->17296K(18240K)
[30.631s][info][gc             ] GC(128) Pause Young (Allocation Failure) 357M->101M(996M) 5.013ms
[30.631s][info][gc,cpu         ] GC(128) User=0.00s Sys=0.00s Real=0.00s
[30.730s][info][gc,start       ] GC(129) Pause Young (System.gc())
[30.731s][info][gc,heap        ] GC(129) PSYoungGen: 108568K(320512K)->500K(311296K) Eden: 81445K(293376K)->0K(282624K) From: 27123K(27136K)->500K(28672K)
[30.731s][info][gc,heap        ] GC(129) ParOldGen: 76434K(699392K)->76746K(699392K)
[30.731s][info][gc,metaspace   ] GC(129) Metaspace: 136790K(138688K)->136790K(138688K) NonClass: 119494K(120448K)->119494K(120448K) Class: 17296K(18240K)->17296K(18240K)
[30.731s][info][gc             ] GC(129) Pause Young (System.gc()) 180M->75M(987M) 0.789ms
[30.731s][info][gc,cpu         ] GC(129) User=0.00s Sys=0.00s Real=0.00s
[30.731s][info][gc,start       ] GC(130) Pause Full (System.gc())
[30.731s][info][gc,phases,start] GC(130) Marking Phase
[30.782s][info][gc,phases      ] GC(130) Marking Phase 51.486ms
[30.782s][info][gc,phases,start] GC(130) Summary Phase
[30.782s][info][gc,phases      ] GC(130) Summary Phase 0.010ms
[30.782s][info][gc,phases,start] GC(130) Adjust Roots
[30.798s][info][gc,phases      ] GC(130) Adjust Roots 16.066ms
[30.798s][info][gc,phases,start] GC(130) Compaction Phase
[30.809s][info][gc,phases      ] GC(130) Compaction Phase 10.470ms
[30.809s][info][gc,phases,start] GC(130) Post Compact
[30.810s][info][gc,phases      ] GC(130) Post Compact 0.633ms
[30.810s][info][gc,heap        ] GC(130) PSYoungGen: 500K(311296K)->0K(311296K) Eden: 0K(282624K)->0K(282624K) From: 500K(28672K)->0K(28672K)
[30.810s][info][gc,heap        ] GC(130) ParOldGen: 76746K(699392K)->69371K(699392K)
[30.810s][info][gc,metaspace   ] GC(130) Metaspace: 136790K(138688K)->136764K(138688K) NonClass: 119494K(120448K)->119472K(120448K) Class: 17296K(18240K)->17291K(18240K)
[30.810s][info][gc             ] GC(130) Pause Full (System.gc()) 75M->67M(987M) 78.970ms
[30.810s][info][gc,cpu         ] GC(130) User=0.08s Sys=0.00s Real=0.08s
[31.050s][info][gc,start       ] GC(131) Pause Young (Allocation Failure)
[31.052s][info][gc,heap        ] GC(131) PSYoungGen: 282624K(311296K)->2323K(315904K) Eden: 282624K(282624K)->0K(282624K) From: 0K(28672K)->2323K(33280K)
[31.052s][info][gc,heap        ] GC(131) ParOldGen: 69371K(699392K)->69379K(699392K)
[31.052s][info][gc,metaspace   ] GC(131) Metaspace: 136893K(138752K)->136893K(138752K) NonClass: 119597K(120512K)->119597K(120512K) Class: 17296K(18240K)->17296K(18240K)
[31.052s][info][gc             ] GC(131) Pause Young (Allocation Failure) 343M->70M(991M) 1.824ms
[31.052s][info][gc,cpu         ] GC(131) User=0.00s Sys=0.00s Real=0.00s
[31.139s][info][gc,start       ] GC(132) Pause Young (Allocation Failure)
[31.141s][info][gc,heap        ] GC(132) PSYoungGen: 284947K(315904K)->2768K(319488K) Eden: 282624K(282624K)->0K(288256K) From: 2323K(33280K)->2768K(31232K)
[31.141s][info][gc,heap        ] GC(132) ParOldGen: 69379K(699392K)->70631K(699392K)
[31.141s][info][gc,metaspace   ] GC(132) Metaspace: 136897K(138752K)->136897K(138752K) NonClass: 119601K(120512K)->119601K(120512K) Class: 17296K(18240K)->17296K(18240K)
[31.141s][info][gc             ] GC(132) Pause Young (Allocation Failure) 346M->71M(995M) 2.053ms
[31.141s][info][gc,cpu         ] GC(132) User=0.00s Sys=0.00s Real=0.00s
[31.202s][info][gc,start       ] GC(133) Pause Young (Allocation Failure)
[31.204s][info][gc,heap        ] GC(133) PSYoungGen: 291024K(319488K)->192K(317952K) Eden: 288256K(288256K)->0K(288256K) From: 2768K(31232K)->192K(29696K)
[31.204s][info][gc,heap        ] GC(133) ParOldGen: 70631K(699392K)->72522K(699392K)
[31.204s][info][gc,metaspace   ] GC(133) Metaspace: 136903K(138752K)->136903K(138752K) NonClass: 119607K(120512K)->119607K(120512K) Class: 17296K(18240K)->17296K(18240K)
[31.204s][info][gc             ] GC(133) Pause Young (Allocation Failure) 353M->71M(993M) 1.158ms
[31.204s][info][gc,cpu         ] GC(133) User=0.00s Sys=0.00s Real=0.00s
[31.329s][info][gc,start       ] GC(134) Pause Young (Allocation Failure)
[31.331s][info][gc,heap        ] GC(134) PSYoungGen: 288378K(317952K)->895K(322560K) Eden: 288186K(288256K)->0K(294400K) From: 192K(29696K)->895K(28160K)
[31.331s][info][gc,heap        ] GC(134) ParOldGen: 72522K(699392K)->72570K(699392K)
[31.331s][info][gc,metaspace   ] GC(134) Metaspace: 137010K(138880K)->137010K(138880K) NonClass: 119714K(120640K)->119714K(120640K) Class: 17296K(18240K)->17296K(18240K)
[31.331s][info][gc             ] GC(134) Pause Young (Allocation Failure) 352M->71M(998M) 1.286ms
[31.331s][info][gc,cpu         ] GC(134) User=0.00s Sys=0.00s Real=0.00s
[31.487s][info][gc,start       ] GC(135) Pause Young (Allocation Failure)
[31.493s][info][gc,heap        ] GC(135) PSYoungGen: 295295K(322560K)->26599K(321024K) Eden: 294400K(294400K)->0K(294400K) From: 895K(28160K)->26599K(26624K)
[31.493s][info][gc,heap        ] GC(135) ParOldGen: 72570K(699392K)->79433K(699392K)
[31.493s][info][gc,metaspace   ] GC(135) Metaspace: 137010K(138880K)->137010K(138880K) NonClass: 119714K(120640K)->119714K(120640K) Class: 17296K(18240K)->17296K(18240K)
[31.493s][info][gc             ] GC(135) Pause Young (Allocation Failure) 359M->103M(996M) 5.625ms
[31.493s][info][gc,cpu         ] GC(135) User=0.00s Sys=0.00s Real=0.00s
[31.570s][info][gc,start       ] GC(136) Pause Young (System.gc())
[31.571s][info][gc,heap        ] GC(136) PSYoungGen: 103271K(321024K)->500K(309760K) Eden: 76671K(294400K)->0K(281600K) From: 26599K(26624K)->500K(28160K)
[31.571s][info][gc,heap        ] GC(136) ParOldGen: 79433K(699392K)->79496K(699392K)
[31.571s][info][gc,metaspace   ] GC(136) Metaspace: 137016K(138880K)->137016K(138880K) NonClass: 119720K(120640K)->119720K(120640K) Class: 17296K(18240K)->17296K(18240K)
[31.571s][info][gc             ] GC(136) Pause Young (System.gc()) 178M->78M(985M) 0.950ms
[31.571s][info][gc,cpu         ] GC(136) User=0.00s Sys=0.00s Real=0.00s
[31.571s][info][gc,start       ] GC(137) Pause Full (System.gc())
[31.571s][info][gc,phases,start] GC(137) Marking Phase
[31.626s][info][gc,phases      ] GC(137) Marking Phase 54.910ms
[31.626s][info][gc,phases,start] GC(137) Summary Phase
[31.626s][info][gc,phases      ] GC(137) Summary Phase 0.010ms
[31.626s][info][gc,phases,start] GC(137) Adjust Roots
[31.642s][info][gc,phases      ] GC(137) Adjust Roots 16.103ms
[31.642s][info][gc,phases,start] GC(137) Compaction Phase
[31.652s][info][gc,phases      ] GC(137) Compaction Phase 9.955ms
[31.652s][info][gc,phases,start] GC(137) Post Compact
[31.653s][info][gc,phases      ] GC(137) Post Compact 0.589ms
[31.653s][info][gc,heap        ] GC(137) PSYoungGen: 500K(309760K)->0K(309760K) Eden: 0K(281600K)->0K(281600K) From: 500K(28160K)->0K(28160K)
[31.653s][info][gc,heap        ] GC(137) ParOldGen: 79496K(699392K)->69482K(699392K)
[31.653s][info][gc,metaspace   ] GC(137) Metaspace: 137016K(138880K)->136989K(138880K) NonClass: 119720K(120640K)->119698K(120640K) Class: 17296K(18240K)->17291K(18240K)
[31.653s][info][gc             ] GC(137) Pause Full (System.gc()) 78M->67M(985M) 81.841ms
[31.653s][info][gc,cpu         ] GC(137) User=0.08s Sys=0.00s Real=0.08s
[31.917s][info][gc,start       ] GC(138) Pause Young (Allocation Failure)
[31.918s][info][gc,heap        ] GC(138) PSYoungGen: 281600K(309760K)->2300K(315392K) Eden: 281600K(281600K)->0K(281600K) From: 0K(28160K)->2300K(33792K)
[31.918s][info][gc,heap        ] GC(138) ParOldGen: 69482K(699392K)->69490K(699392K)
[31.918s][info][gc,metaspace   ] GC(138) Metaspace: 137220K(139136K)->137220K(139136K) NonClass: 119923K(120896K)->119923K(120896K) Class: 17297K(18240K)->17297K(18240K)
[31.918s][info][gc             ] GC(138) Pause Young (Allocation Failure) 342M->70M(991M) 1.660ms
[31.918s][info][gc,cpu         ] GC(138) User=0.00s Sys=0.00s Real=0.00s
[32.015s][info][gc,start       ] GC(139) Pause Young (Allocation Failure)
[32.016s][info][gc,heap        ] GC(139) PSYoungGen: 283900K(315392K)->2736K(318976K) Eden: 281600K(281600K)->0K(287232K) From: 2300K(33792K)->2736K(31744K)
[32.017s][info][gc,heap        ] GC(139) ParOldGen: 69490K(699392K)->70724K(699392K)
[32.017s][info][gc,metaspace   ] GC(139) Metaspace: 137220K(139136K)->137220K(139136K) NonClass: 119923K(120896K)->119923K(120896K) Class: 17297K(18240K)->17297K(18240K)
[32.017s][info][gc             ] GC(139) Pause Young (Allocation Failure) 345M->71M(994M) 1.936ms
[32.017s][info][gc,cpu         ] GC(139) User=0.00s Sys=0.00s Real=0.00s
[32.080s][info][gc,start       ] GC(140) Pause Young (Allocation Failure)
[32.082s][info][gc,heap        ] GC(140) PSYoungGen: 289968K(318976K)->160K(317440K) Eden: 287232K(287232K)->0K(287232K) From: 2736K(31744K)->160K(30208K)
[32.082s][info][gc,heap        ] GC(140) ParOldGen: 70724K(699392K)->73556K(699392K)
[32.082s][info][gc,metaspace   ] GC(140) Metaspace: 137220K(139136K)->137220K(139136K) NonClass: 119923K(120896K)->119923K(120896K) Class: 17297K(18240K)->17297K(18240K)
[32.082s][info][gc             ] GC(140) Pause Young (Allocation Failure) 352M->71M(993M) 1.987ms
[32.082s][info][gc,cpu         ] GC(140) User=0.03s Sys=0.00s Real=0.00s
[32.209s][info][gc,start       ] GC(141) Pause Young (Allocation Failure)
[32.210s][info][gc,heap        ] GC(141) PSYoungGen: 287385K(317440K)->789K(322048K) Eden: 287225K(287232K)->0K(293376K) From: 160K(30208K)->789K(28672K)
[32.210s][info][gc,heap        ] GC(141) ParOldGen: 73556K(699392K)->73572K(699392K)
[32.210s][info][gc,metaspace   ] GC(141) Metaspace: 137221K(139136K)->137221K(139136K) NonClass: 119924K(120896K)->119924K(120896K) Class: 17297K(18240K)->17297K(18240K)
[32.210s][info][gc             ] GC(141) Pause Young (Allocation Failure) 352M->72M(997M) 1.160ms
[32.210s][info][gc,cpu         ] GC(141) User=0.00s Sys=0.00s Real=0.00s
[32.342s][info][gc,start       ] GC(142) Pause Young (Allocation Failure)
[32.347s][info][gc,heap        ] GC(142) PSYoungGen: 290170K(322048K)->27123K(320512K) Eden: 289380K(293376K)->0K(293376K) From: 789K(28672K)->27123K(27136K)
[32.347s][info][gc,heap        ] GC(142) ParOldGen: 73572K(699392K)->77444K(699392K)
[32.347s][info][gc,metaspace   ] GC(142) Metaspace: 137221K(139136K)->137221K(139136K) NonClass: 119924K(120896K)->119924K(120896K) Class: 17297K(18240K)->17297K(18240K)
[32.347s][info][gc             ] GC(142) Pause Young (Allocation Failure) 355M->102M(996M) 5.241ms
[32.347s][info][gc,cpu         ] GC(142) User=0.00s Sys=0.00s Real=0.01s
[32.451s][info][gc,start       ] GC(143) Pause Young (System.gc())
[32.452s][info][gc,heap        ] GC(143) PSYoungGen: 114737K(320512K)->500K(311296K) Eden: 87614K(293376K)->0K(282624K) From: 27123K(27136K)->500K(28672K)
[32.452s][info][gc,heap        ] GC(143) ParOldGen: 77444K(699392K)->77831K(699392K)
[32.452s][info][gc,metaspace   ] GC(143) Metaspace: 137222K(139136K)->137222K(139136K) NonClass: 119925K(120896K)->119925K(120896K) Class: 17297K(18240K)->17297K(18240K)
[32.452s][info][gc             ] GC(143) Pause Young (System.gc()) 187M->76M(987M) 0.814ms
[32.452s][info][gc,cpu         ] GC(143) User=0.00s Sys=0.00s Real=0.00s
[32.452s][info][gc,start       ] GC(144) Pause Full (System.gc())
[32.452s][info][gc,phases,start] GC(144) Marking Phase
[32.506s][info][gc,phases      ] GC(144) Marking Phase 53.554ms
[32.506s][info][gc,phases,start] GC(144) Summary Phase
[32.506s][info][gc,phases      ] GC(144) Summary Phase 0.010ms
[32.506s][info][gc,phases,start] GC(144) Adjust Roots
[32.522s][info][gc,phases      ] GC(144) Adjust Roots 16.438ms
[32.522s][info][gc,phases,start] GC(144) Compaction Phase
[32.532s][info][gc,phases      ] GC(144) Compaction Phase 10.128ms
[32.532s][info][gc,phases,start] GC(144) Post Compact
[32.533s][info][gc,phases      ] GC(144) Post Compact 0.666ms
[32.533s][info][gc,heap        ] GC(144) PSYoungGen: 500K(311296K)->0K(311296K) Eden: 0K(282624K)->0K(282624K) From: 500K(28672K)->0K(28672K)
[32.533s][info][gc,heap        ] GC(144) ParOldGen: 77831K(699392K)->69898K(699392K)
[32.533s][info][gc,metaspace   ] GC(144) Metaspace: 137222K(139136K)->137196K(139136K) NonClass: 119925K(120896K)->119903K(120896K) Class: 17297K(18240K)->17292K(18240K)
[32.533s][info][gc             ] GC(144) Pause Full (System.gc()) 76M->68M(987M) 81.098ms
[32.533s][info][gc,cpu         ] GC(144) User=0.06s Sys=0.00s Real=0.08s
[32.774s][info][gc,start       ] GC(145) Pause Young (Allocation Failure)
[32.775s][info][gc,heap        ] GC(145) PSYoungGen: 282624K(311296K)->2291K(315904K) Eden: 282624K(282624K)->0K(282624K) From: 0K(28672K)->2291K(33280K)
[32.776s][info][gc,heap        ] GC(145) ParOldGen: 69898K(699392K)->69898K(699392K)
[32.776s][info][gc,metaspace   ] GC(145) Metaspace: 137314K(139200K)->137314K(139200K) NonClass: 120017K(120960K)->120017K(120960K) Class: 17297K(18240K)->17297K(18240K)
[32.776s][info][gc             ] GC(145) Pause Young (Allocation Failure) 344M->70M(991M) 1.686ms
[32.776s][info][gc,cpu         ] GC(145) User=0.00s Sys=0.00s Real=0.00s
[32.866s][info][gc,start       ] GC(146) Pause Young (Allocation Failure)
[32.869s][info][gc,heap        ] GC(146) PSYoungGen: 284915K(315904K)->2788K(319488K) Eden: 282624K(282624K)->0K(287744K) From: 2291K(33280K)->2788K(31744K)
[32.869s][info][gc,heap        ] GC(146) ParOldGen: 69898K(699392K)->71137K(699392K)
[32.869s][info][gc,metaspace   ] GC(146) Metaspace: 137316K(139200K)->137316K(139200K) NonClass: 120019K(120960K)->120019K(120960K) Class: 17297K(18240K)->17297K(18240K)
[32.869s][info][gc             ] GC(146) Pause Young (Allocation Failure) 346M->72M(995M) 2.758ms
[32.869s][info][gc,cpu         ] GC(146) User=0.02s Sys=0.00s Real=0.02s
[32.932s][info][gc,start       ] GC(147) Pause Young (Allocation Failure)
[32.933s][info][gc,heap        ] GC(147) PSYoungGen: 290532K(319488K)->192K(317440K) Eden: 287744K(287744K)->0K(287744K) From: 2788K(31744K)->192K(29696K)
[32.934s][info][gc,heap        ] GC(147) ParOldGen: 71137K(699392K)->73027K(699392K)
[32.934s][info][gc,metaspace   ] GC(147) Metaspace: 137316K(139200K)->137316K(139200K) NonClass: 120019K(120960K)->120019K(120960K) Class: 17297K(18240K)->17297K(18240K)
[32.934s][info][gc             ] GC(147) Pause Young (Allocation Failure) 353M->71M(993M) 1.198ms
[32.934s][info][gc,cpu         ] GC(147) User=0.00s Sys=0.00s Real=0.00s
[33.059s][info][gc,start       ] GC(148) Pause Young (Allocation Failure)
[33.060s][info][gc,heap        ] GC(148) PSYoungGen: 287055K(317440K)->863K(322048K) Eden: 286863K(287744K)->0K(293888K) From: 192K(29696K)->863K(28160K)
[33.060s][info][gc,heap        ] GC(148) ParOldGen: 73027K(699392K)->73075K(699392K)
[33.060s][info][gc,metaspace   ] GC(148) Metaspace: 137316K(139200K)->137316K(139200K) NonClass: 120019K(120960K)->120019K(120960K) Class: 17297K(18240K)->17297K(18240K)
[33.060s][info][gc             ] GC(148) Pause Young (Allocation Failure) 351M->72M(997M) 1.143ms
[33.060s][info][gc,cpu         ] GC(148) User=0.00s Sys=0.00s Real=0.00s
[33.214s][info][gc,start       ] GC(149) Pause Young (Allocation Failure)
[33.219s][info][gc,heap        ] GC(149) PSYoungGen: 294751K(322048K)->27113K(321024K) Eden: 293888K(293888K)->0K(293888K) From: 863K(28160K)->27113K(27136K)
[33.219s][info][gc,heap        ] GC(149) ParOldGen: 73075K(699392K)->78075K(699392K)
[33.219s][info][gc,metaspace   ] GC(149) Metaspace: 137322K(139200K)->137322K(139200K) NonClass: 120025K(120960K)->120025K(120960K) Class: 17297K(18240K)->17297K(18240K)
[33.219s][info][gc             ] GC(149) Pause Young (Allocation Failure) 359M->102M(996M) 5.645ms
[33.219s][info][gc,cpu         ] GC(149) User=0.02s Sys=0.00s Real=0.02s
[33.293s][info][gc,start       ] GC(150) Pause Young (System.gc())
[33.294s][info][gc,heap        ] GC(150) PSYoungGen: 104405K(321024K)->500K(310784K) Eden: 77291K(293888K)->0K(282624K) From: 27113K(27136K)->500K(28160K)
[33.294s][info][gc,heap        ] GC(150) ParOldGen: 78075K(699392K)->78147K(699392K)
[33.294s][info][gc,metaspace   ] GC(150) Metaspace: 137327K(139200K)->137327K(139200K) NonClass: 120030K(120960K)->120030K(120960K) Class: 17297K(18240K)->17297K(18240K)
[33.294s][info][gc             ] GC(150) Pause Young (System.gc()) 178M->76M(986M) 0.811ms
[33.294s][info][gc,cpu         ] GC(150) User=0.00s Sys=0.00s Real=0.00s
[33.294s][info][gc,start       ] GC(151) Pause Full (System.gc())
[33.294s][info][gc,phases,start] GC(151) Marking Phase
[33.348s][info][gc,phases      ] GC(151) Marking Phase 53.743ms
[33.348s][info][gc,phases,start] GC(151) Summary Phase
[33.348s][info][gc,phases      ] GC(151) Summary Phase 0.010ms
[33.348s][info][gc,phases,start] GC(151) Adjust Roots
[33.364s][info][gc,phases      ] GC(151) Adjust Roots 16.646ms
[33.365s][info][gc,phases,start] GC(151) Compaction Phase
[33.374s][info][gc,phases      ] GC(151) Compaction Phase 9.660ms
[33.374s][info][gc,phases,start] GC(151) Post Compact
[33.375s][info][gc,phases      ] GC(151) Post Compact 0.656ms
[33.375s][info][gc,heap        ] GC(151) PSYoungGen: 500K(310784K)->0K(310784K) Eden: 0K(282624K)->0K(282624K) From: 500K(28160K)->0K(28160K)
[33.375s][info][gc,heap        ] GC(151) ParOldGen: 78147K(699392K)->69701K(699392K)
[33.375s][info][gc,metaspace   ] GC(151) Metaspace: 137327K(139200K)->137301K(139200K) NonClass: 120030K(120960K)->120008K(120960K) Class: 17297K(18240K)->17292K(18240K)
[33.375s][info][gc             ] GC(151) Pause Full (System.gc()) 76M->68M(986M) 80.998ms
[33.375s][info][gc,cpu         ] GC(151) User=0.08s Sys=0.00s Real=0.08s
[33.618s][info][gc,start       ] GC(152) Pause Young (Allocation Failure)
[33.620s][info][gc,heap        ] GC(152) PSYoungGen: 282624K(310784K)->2258K(315904K) Eden: 282624K(282624K)->0K(282624K) From: 0K(28160K)->2258K(33280K)
[33.620s][info][gc,heap        ] GC(152) ParOldGen: 69701K(699392K)->69701K(699392K)
[33.620s][info][gc,metaspace   ] GC(152) Metaspace: 137487K(139328K)->137487K(139328K) NonClass: 120190K(121088K)->120190K(121088K) Class: 17297K(18240K)->17297K(18240K)
[33.620s][info][gc             ] GC(152) Pause Young (Allocation Failure) 344M->70M(991M) 1.836ms
[33.620s][info][gc,cpu         ] GC(152) User=0.00s Sys=0.00s Real=0.00s
[33.709s][info][gc,start       ] GC(153) Pause Young (Allocation Failure)
[33.711s][info][gc,heap        ] GC(153) PSYoungGen: 284882K(315904K)->2788K(319488K) Eden: 282624K(282624K)->0K(287744K) From: 2258K(33280K)->2788K(31744K)
[33.711s][info][gc,heap        ] GC(153) ParOldGen: 69701K(699392K)->70948K(699392K)
[33.711s][info][gc,metaspace   ] GC(153) Metaspace: 137489K(139328K)->137489K(139328K) NonClass: 120192K(121088K)->120192K(121088K) Class: 17297K(18240K)->17297K(18240K)
[33.711s][info][gc             ] GC(153) Pause Young (Allocation Failure) 346M->72M(995M) 2.132ms
[33.711s][info][gc,cpu         ] GC(153) User=0.00s Sys=0.00s Real=0.00s
[33.773s][info][gc,start       ] GC(154) Pause Young (Allocation Failure)
[33.774s][info][gc,heap        ] GC(154) PSYoungGen: 290532K(319488K)->192K(317440K) Eden: 287744K(287744K)->0K(287744K) From: 2788K(31744K)->192K(29696K)
[33.774s][info][gc,heap        ] GC(154) ParOldGen: 70948K(699392K)->72988K(699392K)
[33.774s][info][gc,metaspace   ] GC(154) Metaspace: 137489K(139328K)->137489K(139328K) NonClass: 120192K(121088K)->120192K(121088K) Class: 17297K(18240K)->17297K(18240K)
[33.774s][info][gc             ] GC(154) Pause Young (Allocation Failure) 353M->71M(993M) 1.109ms
[33.774s][info][gc,cpu         ] GC(154) User=0.00s Sys=0.00s Real=0.00s
[33.902s][info][gc,start       ] GC(155) Pause Young (Allocation Failure)
[33.903s][info][gc,heap        ] GC(155) PSYoungGen: 287915K(317440K)->762K(322048K) Eden: 287723K(287744K)->0K(293376K) From: 192K(29696K)->762K(28672K)
[33.903s][info][gc,heap        ] GC(155) ParOldGen: 72988K(699392K)->73020K(699392K)
[33.903s][info][gc,metaspace   ] GC(155) Metaspace: 137489K(139328K)->137489K(139328K) NonClass: 120192K(121088K)->120192K(121088K) Class: 17297K(18240K)->17297K(18240K)
[33.903s][info][gc             ] GC(155) Pause Young (Allocation Failure) 352M->72M(997M) 1.229ms
[33.903s][info][gc,cpu         ] GC(155) User=0.00s Sys=0.00s Real=0.00s
[34.040s][info][gc,start       ] GC(156) Pause Young (Allocation Failure)
[34.045s][info][gc,heap        ] GC(156) PSYoungGen: 294138K(322048K)->27123K(320512K) Eden: 293376K(293376K)->0K(293376K) From: 762K(28672K)->27123K(27136K)
[34.045s][info][gc,heap        ] GC(156) ParOldGen: 73020K(699392K)->77012K(699392K)
[34.045s][info][gc,metaspace   ] GC(156) Metaspace: 137490K(139328K)->137490K(139328K) NonClass: 120193K(121088K)->120193K(121088K) Class: 17297K(18240K)->17297K(18240K)
[34.045s][info][gc             ] GC(156) Pause Young (Allocation Failure) 358M->101M(996M) 5.005ms
[34.045s][info][gc,cpu         ] GC(156) User=0.00s Sys=0.00s Real=0.00s
[34.144s][info][gc,start       ] GC(157) Pause Young (System.gc())
[34.144s][info][gc,heap        ] GC(157) PSYoungGen: 107811K(320512K)->500K(311296K) Eden: 80687K(293376K)->0K(282624K) From: 27123K(27136K)->500K(28672K)
[34.144s][info][gc,heap        ] GC(157) ParOldGen: 77012K(699392K)->77323K(699392K)
[34.144s][info][gc,metaspace   ] GC(157) Metaspace: 137491K(139328K)->137491K(139328K) NonClass: 120194K(121088K)->120194K(121088K) Class: 17297K(18240K)->17297K(18240K)
[34.144s][info][gc             ] GC(157) Pause Young (System.gc()) 180M->75M(987M) 0.777ms
[34.144s][info][gc,cpu         ] GC(157) User=0.00s Sys=0.00s Real=0.00s
[34.144s][info][gc,start       ] GC(158) Pause Full (System.gc())
[34.144s][info][gc,phases,start] GC(158) Marking Phase
[34.198s][info][gc,phases      ] GC(158) Marking Phase 53.919ms
[34.198s][info][gc,phases,start] GC(158) Summary Phase
[34.198s][info][gc,phases      ] GC(158) Summary Phase 0.010ms
[34.198s][info][gc,phases,start] GC(158) Adjust Roots
[34.215s][info][gc,phases      ] GC(158) Adjust Roots 16.467ms
[34.215s][info][gc,phases,start] GC(158) Compaction Phase
[34.225s][info][gc,phases      ] GC(158) Compaction Phase 10.098ms
[34.225s][info][gc,phases,start] GC(158) Post Compact
[34.226s][info][gc,phases      ] GC(158) Post Compact 0.675ms
[34.226s][info][gc,heap        ] GC(158) PSYoungGen: 500K(311296K)->0K(311296K) Eden: 0K(282624K)->0K(282624K) From: 500K(28672K)->0K(28672K)
[34.226s][info][gc,heap        ] GC(158) ParOldGen: 77323K(699392K)->69943K(699392K)
[34.226s][info][gc,metaspace   ] GC(158) Metaspace: 137491K(139328K)->137465K(139328K) NonClass: 120194K(121088K)->120172K(121088K) Class: 17297K(18240K)->17292K(18240K)
[34.226s][info][gc             ] GC(158) Pause Full (System.gc()) 75M->68M(987M) 81.463ms
[34.226s][info][gc,cpu         ] GC(158) User=0.09s Sys=0.00s Real=0.08s
[34.477s][info][gc,start       ] GC(159) Pause Young (Allocation Failure)
[34.479s][info][gc,heap        ] GC(159) PSYoungGen: 282624K(311296K)->2270K(315904K) Eden: 282624K(282624K)->0K(282624K) From: 0K(28672K)->2270K(33280K)
[34.479s][info][gc,heap        ] GC(159) ParOldGen: 69943K(699392K)->69951K(699392K)
[34.479s][info][gc,metaspace   ] GC(159) Metaspace: 137654K(139520K)->137654K(139520K) NonClass: 120344K(121280K)->120344K(121280K) Class: 17310K(18240K)->17310K(18240K)
[34.479s][info][gc             ] GC(159) Pause Young (Allocation Failure) 344M->70M(991M) 1.891ms
[34.479s][info][gc,cpu         ] GC(159) User=0.03s Sys=0.00s Real=0.02s
[34.569s][info][gc,start       ] GC(160) Pause Young (Allocation Failure)
[34.571s][info][gc,heap        ] GC(160) PSYoungGen: 284894K(315904K)->2736K(319488K) Eden: 282624K(282624K)->0K(288256K) From: 2270K(33280K)->2736K(31232K)
[34.571s][info][gc,heap        ] GC(160) ParOldGen: 69951K(699392K)->71226K(699392K)
[34.571s][info][gc,metaspace   ] GC(160) Metaspace: 137663K(139520K)->137663K(139520K) NonClass: 120352K(121280K)->120352K(121280K) Class: 17311K(18240K)->17311K(18240K)
[34.571s][info][gc             ] GC(160) Pause Young (Allocation Failure) 346M->72M(995M) 2.151ms
[34.571s][info][gc,cpu         ] GC(160) User=0.00s Sys=0.00s Real=0.00s
[34.634s][info][gc,start       ] GC(161) Pause Young (Allocation Failure)
[34.635s][info][gc,heap        ] GC(161) PSYoungGen: 290992K(319488K)->160K(317952K) Eden: 288256K(288256K)->0K(288256K) From: 2736K(31232K)->160K(29696K)
[34.635s][info][gc,heap        ] GC(161) ParOldGen: 71226K(699392K)->73188K(699392K)
[34.635s][info][gc,metaspace   ] GC(161) Metaspace: 137665K(139520K)->137665K(139520K) NonClass: 120353K(121280K)->120353K(121280K) Class: 17311K(18240K)->17311K(18240K)
[34.635s][info][gc             ] GC(161) Pause Young (Allocation Failure) 353M->71M(993M) 1.283ms
[34.635s][info][gc,cpu         ] GC(161) User=0.00s Sys=0.00s Real=0.00s
[34.770s][info][gc,start       ] GC(162) Pause Young (Allocation Failure)
[34.771s][info][gc,heap        ] GC(162) PSYoungGen: 288237K(317952K)->900K(322560K) Eden: 288077K(288256K)->0K(294400K) From: 160K(29696K)->900K(28160K)
[34.771s][info][gc,heap        ] GC(162) ParOldGen: 73188K(699392K)->73204K(699392K)
[34.771s][info][gc,metaspace   ] GC(162) Metaspace: 137729K(139584K)->137729K(139584K) NonClass: 120414K(121344K)->120414K(121344K) Class: 17314K(18240K)->17314K(18240K)
[34.771s][info][gc             ] GC(162) Pause Young (Allocation Failure) 352M->72M(998M) 1.211ms
[34.771s][info][gc,cpu         ] GC(162) User=0.00s Sys=0.00s Real=0.00s
[34.926s][info][gc,start       ] GC(163) Pause Young (Allocation Failure)
[34.931s][info][gc,heap        ] GC(163) PSYoungGen: 295300K(322560K)->26609K(321024K) Eden: 294400K(294400K)->0K(294400K) From: 900K(28160K)->26609K(26624K)
[34.931s][info][gc,heap        ] GC(163) ParOldGen: 73204K(699392K)->78964K(699392K)
[34.931s][info][gc,metaspace   ] GC(163) Metaspace: 137739K(139584K)->137739K(139584K) NonClass: 120422K(121344K)->120422K(121344K) Class: 17316K(18240K)->17316K(18240K)
[34.931s][info][gc             ] GC(163) Pause Young (Allocation Failure) 359M->103M(996M) 5.737ms
[34.931s][info][gc,cpu         ] GC(163) User=0.02s Sys=0.00s Real=0.01s
[35.007s][info][gc,start       ] GC(164) Pause Young (System.gc())
[35.007s][info][gc,heap        ] GC(164) PSYoungGen: 103934K(321024K)->500K(310784K) Eden: 77325K(294400K)->0K(282624K) From: 26609K(26624K)->500K(28160K)
[35.008s][info][gc,heap        ] GC(164) ParOldGen: 78964K(699392K)->79259K(699392K)
[35.008s][info][gc,metaspace   ] GC(164) Metaspace: 137746K(139584K)->137746K(139584K) NonClass: 120429K(121344K)->120429K(121344K) Class: 17316K(18240K)->17316K(18240K)
[35.008s][info][gc             ] GC(164) Pause Young (System.gc()) 178M->77M(986M) 0.946ms
[35.008s][info][gc,cpu         ] GC(164) User=0.00s Sys=0.00s Real=0.00s
[35.008s][info][gc,start       ] GC(165) Pause Full (System.gc())
[35.008s][info][gc,phases,start] GC(165) Marking Phase
[35.062s][info][gc,phases      ] GC(165) Marking Phase 54.079ms
[35.062s][info][gc,phases,start] GC(165) Summary Phase
[35.062s][info][gc,phases      ] GC(165) Summary Phase 0.009ms
[35.062s][info][gc,phases,start] GC(165) Adjust Roots
[35.079s][info][gc,phases      ] GC(165) Adjust Roots 16.939ms
[35.079s][info][gc,phases,start] GC(165) Compaction Phase
[35.090s][info][gc,phases      ] GC(165) Compaction Phase 11.122ms
[35.090s][info][gc,phases,start] GC(165) Post Compact
[35.091s][info][gc,phases      ] GC(165) Post Compact 0.648ms
[35.091s][info][gc,heap        ] GC(165) PSYoungGen: 500K(310784K)->0K(310784K) Eden: 0K(282624K)->0K(282624K) From: 500K(28160K)->0K(28160K)
[35.091s][info][gc,heap        ] GC(165) ParOldGen: 79259K(699392K)->69929K(699392K)
[35.091s][info][gc,metaspace   ] GC(165) Metaspace: 137746K(139584K)->137719K(139584K) NonClass: 120429K(121344K)->120407K(121344K) Class: 17316K(18240K)->17312K(18240K)
[35.091s][info][gc             ] GC(165) Pause Full (System.gc()) 77M->68M(986M) 83.083ms
[35.091s][info][gc,cpu         ] GC(165) User=0.08s Sys=0.00s Real=0.09s
[35.335s][info][gc,start       ] GC(166) Pause Young (Allocation Failure)
[35.337s][info][gc,heap        ] GC(166) PSYoungGen: 282624K(310784K)->2322K(315904K) Eden: 282624K(282624K)->0K(282624K) From: 0K(28160K)->2322K(33280K)
[35.337s][info][gc,heap        ] GC(166) ParOldGen: 69929K(699392K)->69937K(699392K)
[35.337s][info][gc,metaspace   ] GC(166) Metaspace: 137827K(139648K)->137827K(139648K) NonClass: 120507K(121408K)->120507K(121408K) Class: 17320K(18240K)->17320K(18240K)
[35.337s][info][gc             ] GC(166) Pause Young (Allocation Failure) 344M->70M(991M) 1.887ms
[35.337s][info][gc,cpu         ] GC(166) User=0.02s Sys=0.00s Real=0.02s
[35.437s][info][gc,start       ] GC(167) Pause Young (Allocation Failure)
[35.439s][info][gc,heap        ] GC(167) PSYoungGen: 284946K(315904K)->2788K(319488K) Eden: 282624K(282624K)->0K(287744K) From: 2322K(33280K)->2788K(31744K)
[35.439s][info][gc,heap        ] GC(167) ParOldGen: 69937K(699392K)->71174K(699392K)
[35.439s][info][gc,metaspace   ] GC(167) Metaspace: 137842K(139712K)->137842K(139712K) NonClass: 120521K(121472K)->120521K(121472K) Class: 17320K(18240K)->17320K(18240K)
[35.439s][info][gc             ] GC(167) Pause Young (Allocation Failure) 346M->72M(995M) 2.026ms
[35.439s][info][gc,cpu         ] GC(167) User=0.00s Sys=0.00s Real=0.00s
[35.510s][info][gc,start       ] GC(168) Pause Young (Allocation Failure)
[35.511s][info][gc,heap        ] GC(168) PSYoungGen: 290532K(319488K)->192K(317440K) Eden: 287744K(287744K)->0K(287744K) From: 2788K(31744K)->192K(29696K)
[35.511s][info][gc,heap        ] GC(168) ParOldGen: 71174K(699392K)->73062K(699392K)
[35.511s][info][gc,metaspace   ] GC(168) Metaspace: 137842K(139712K)->137842K(139712K) NonClass: 120521K(121472K)->120521K(121472K) Class: 17320K(18240K)->17320K(18240K)
[35.511s][info][gc             ] GC(168) Pause Young (Allocation Failure) 353M->71M(993M) 1.119ms
[35.511s][info][gc,cpu         ] GC(168) User=0.00s Sys=0.00s Real=0.00s
[35.643s][info][gc,start       ] GC(169) Pause Young (Allocation Failure)
[35.644s][info][gc,heap        ] GC(169) PSYoungGen: 287936K(317440K)->868K(322048K) Eden: 287744K(287744K)->0K(293888K) From: 192K(29696K)->868K(28160K)
[35.644s][info][gc,heap        ] GC(169) ParOldGen: 73062K(699392K)->73094K(699392K)
[35.644s][info][gc,metaspace   ] GC(169) Metaspace: 137848K(139712K)->137848K(139712K) NonClass: 120527K(121472K)->120527K(121472K) Class: 17321K(18240K)->17321K(18240K)
[35.644s][info][gc             ] GC(169) Pause Young (Allocation Failure) 352M->72M(997M) 1.118ms
[35.644s][info][gc,cpu         ] GC(169) User=0.00s Sys=0.00s Real=0.00s
[35.787s][info][gc,start       ] GC(170) Pause Young (Allocation Failure)
[35.792s][info][gc,heap        ] GC(170) PSYoungGen: 294756K(322048K)->27123K(321024K) Eden: 293888K(293888K)->0K(293888K) From: 868K(28160K)->27123K(27136K)
[35.792s][info][gc,heap        ] GC(170) ParOldGen: 73094K(699392K)->76886K(699392K)
[35.792s][info][gc,metaspace   ] GC(170) Metaspace: 137848K(139712K)->137848K(139712K) NonClass: 120527K(121472K)->120527K(121472K) Class: 17321K(18240K)->17321K(18240K)
[35.792s][info][gc             ] GC(170) Pause Young (Allocation Failure) 359M->101M(996M) 5.013ms
[35.792s][info][gc,cpu         ] GC(170) User=0.00s Sys=0.00s Real=0.00s
[35.891s][info][gc,start       ] GC(171) Pause Young (System.gc())
[35.892s][info][gc,heap        ] GC(171) PSYoungGen: 109802K(321024K)->500K(311808K) Eden: 82678K(293888K)->0K(283648K) From: 27123K(27136K)->500K(28160K)
[35.892s][info][gc,heap        ] GC(171) ParOldGen: 76886K(699392K)->77196K(699392K)
[35.892s][info][gc,metaspace   ] GC(171) Metaspace: 137854K(139712K)->137854K(139712K) NonClass: 120532K(121472K)->120532K(121472K) Class: 17321K(18240K)->17321K(18240K)
[35.892s][info][gc             ] GC(171) Pause Young (System.gc()) 182M->75M(987M) 0.898ms
[35.892s][info][gc,cpu         ] GC(171) User=0.00s Sys=0.00s Real=0.00s
[35.892s][info][gc,start       ] GC(172) Pause Full (System.gc())
[35.892s][info][gc,phases,start] GC(172) Marking Phase
[35.947s][info][gc,phases      ] GC(172) Marking Phase 54.764ms
[35.947s][info][gc,phases,start] GC(172) Summary Phase
[35.947s][info][gc,phases      ] GC(172) Summary Phase 0.010ms
[35.947s][info][gc,phases,start] GC(172) Adjust Roots
[35.964s][info][gc,phases      ] GC(172) Adjust Roots 16.887ms
[35.964s][info][gc,phases,start] GC(172) Compaction Phase
[35.973s][info][gc,phases      ] GC(172) Compaction Phase 9.391ms
[35.974s][info][gc,phases,start] GC(172) Post Compact
[35.974s][info][gc,phases      ] GC(172) Post Compact 0.675ms
[35.974s][info][gc,heap        ] GC(172) PSYoungGen: 500K(311808K)->0K(311808K) Eden: 0K(283648K)->0K(283648K) From: 500K(28160K)->0K(28160K)
[35.974s][info][gc,heap        ] GC(172) ParOldGen: 77196K(699392K)->70047K(699392K)
[35.974s][info][gc,metaspace   ] GC(172) Metaspace: 137854K(139712K)->137828K(139712K) NonClass: 120532K(121472K)->120510K(121472K) Class: 17321K(18240K)->17317K(18240K)
[35.974s][info][gc             ] GC(172) Pause Full (System.gc()) 75M->68M(987M) 82.020ms
[35.974s][info][gc,cpu         ] GC(172) User=0.08s Sys=0.00s Real=0.08s
[36.205s][info][gc,start       ] GC(173) Pause Young (Allocation Failure)
[36.207s][info][gc,heap        ] GC(173) PSYoungGen: 283648K(311808K)->2250K(316416K) Eden: 283648K(283648K)->0K(283648K) From: 0K(28160K)->2250K(32768K)
[36.207s][info][gc,heap        ] GC(173) ParOldGen: 70047K(699392K)->70047K(699392K)
[36.207s][info][gc,metaspace   ] GC(173) Metaspace: 137979K(139776K)->137979K(139776K) NonClass: 120657K(121536K)->120657K(121536K) Class: 17321K(18240K)->17321K(18240K)
[36.207s][info][gc             ] GC(173) Pause Young (Allocation Failure) 345M->70M(992M) 1.920ms
[36.207s][info][gc,cpu         ] GC(173) User=0.00s Sys=0.00s Real=0.00s
[36.294s][info][gc,start       ] GC(174) Pause Young (Allocation Failure)
[36.296s][info][gc,heap        ] GC(174) PSYoungGen: 285898K(316416K)->2768K(320000K) Eden: 283648K(283648K)->0K(288768K) From: 2250K(32768K)->2768K(31232K)
[36.296s][info][gc,heap        ] GC(174) ParOldGen: 70047K(699392K)->71317K(699392K)
[36.296s][info][gc,metaspace   ] GC(174) Metaspace: 137979K(139776K)->137979K(139776K) NonClass: 120657K(121536K)->120657K(121536K) Class: 17321K(18240K)->17321K(18240K)
[36.296s][info][gc             ] GC(174) Pause Young (Allocation Failure) 347M->72M(995M) 2.235ms
[36.297s][info][gc,cpu         ] GC(174) User=0.00s Sys=0.00s Real=0.00s
[36.359s][info][gc,start       ] GC(175) Pause Young (Allocation Failure)
[36.360s][info][gc,heap        ] GC(175) PSYoungGen: 291536K(320000K)->192K(317952K) Eden: 288768K(288768K)->0K(288768K) From: 2768K(31232K)->192K(29184K)
[36.360s][info][gc,heap        ] GC(175) ParOldGen: 71317K(699392K)->73212K(699392K)
[36.360s][info][gc,metaspace   ] GC(175) Metaspace: 137979K(139776K)->137979K(139776K) NonClass: 120657K(121536K)->120657K(121536K) Class: 17321K(18240K)->17321K(18240K)
[36.360s][info][gc             ] GC(175) Pause Young (Allocation Failure) 354M->71M(993M) 1.288ms
[36.360s][info][gc,cpu         ] GC(175) User=0.00s Sys=0.00s Real=0.00s
[36.489s][info][gc,start       ] GC(176) Pause Young (Allocation Failure)
[36.490s][info][gc,heap        ] GC(176) PSYoungGen: 285372K(317952K)->908K(322560K) Eden: 285180K(288768K)->0K(294400K) From: 192K(29184K)->908K(28160K)
[36.490s][info][gc,heap        ] GC(176) ParOldGen: 73212K(699392K)->73252K(699392K)
[36.490s][info][gc,metaspace   ] GC(176) Metaspace: 137985K(139840K)->137985K(139840K) NonClass: 120663K(121600K)->120663K(121600K) Class: 17321K(18240K)->17321K(18240K)
[36.490s][info][gc             ] GC(176) Pause Young (Allocation Failure) 350M->72M(998M) 1.227ms
[36.490s][info][gc,cpu         ] GC(176) User=0.00s Sys=0.00s Real=0.00s
[36.644s][info][gc,start       ] GC(177) Pause Young (Allocation Failure)
[36.649s][info][gc,heap        ] GC(177) PSYoungGen: 295308K(322560K)->26618K(321024K) Eden: 294400K(294400K)->0K(294400K) From: 908K(28160K)->26618K(26624K)
[36.649s][info][gc,heap        ] GC(177) ParOldGen: 73252K(699392K)->78307K(699392K)
[36.649s][info][gc,metaspace   ] GC(177) Metaspace: 137991K(139840K)->137991K(139840K) NonClass: 120668K(121600K)->120668K(121600K) Class: 17322K(18240K)->17322K(18240K)
[36.649s][info][gc             ] GC(177) Pause Young (Allocation Failure) 359M->102M(996M) 5.460ms
[36.649s][info][gc,cpu         ] GC(177) User=0.00s Sys=0.00s Real=0.00s
[36.723s][info][gc,start       ] GC(178) Pause Young (System.gc())
[36.724s][info][gc,heap        ] GC(178) PSYoungGen: 102606K(321024K)->500K(311808K) Eden: 75987K(294400K)->0K(283648K) From: 26618K(26624K)->500K(28160K)
[36.724s][info][gc,heap        ] GC(178) ParOldGen: 78307K(699392K)->78370K(699392K)
[36.724s][info][gc,metaspace   ] GC(178) Metaspace: 138000K(139840K)->138000K(139840K) NonClass: 120677K(121600K)->120677K(121600K) Class: 17322K(18240K)->17322K(18240K)
[36.724s][info][gc             ] GC(178) Pause Young (System.gc()) 176M->77M(987M) 0.796ms
[36.724s][info][gc,cpu         ] GC(178) User=0.00s Sys=0.00s Real=0.00s
[36.724s][info][gc,start       ] GC(179) Pause Full (System.gc())
[36.724s][info][gc,phases,start] GC(179) Marking Phase
[36.781s][info][gc,phases      ] GC(179) Marking Phase 56.831ms
[36.781s][info][gc,phases,start] GC(179) Summary Phase
[36.781s][info][gc,phases      ] GC(179) Summary Phase 0.010ms
[36.781s][info][gc,phases,start] GC(179) Adjust Roots
[36.798s][info][gc,phases      ] GC(179) Adjust Roots 17.126ms
[36.798s][info][gc,phases,start] GC(179) Compaction Phase
[36.807s][info][gc,phases      ] GC(179) Compaction Phase 9.564ms
[36.808s][info][gc,phases,start] GC(179) Post Compact
[36.808s][info][gc,phases      ] GC(179) Post Compact 0.712ms
[36.808s][info][gc,heap        ] GC(179) PSYoungGen: 500K(311808K)->0K(311808K) Eden: 0K(283648K)->0K(283648K) From: 500K(28160K)->0K(28160K)
[36.808s][info][gc,heap        ] GC(179) ParOldGen: 78370K(699392K)->70289K(699392K)
[36.808s][info][gc,metaspace   ] GC(179) Metaspace: 138000K(139840K)->137973K(139840K) NonClass: 120677K(121600K)->120654K(121600K) Class: 17322K(18240K)->17318K(18240K)
[36.808s][info][gc             ] GC(179) Pause Full (System.gc()) 77M->68M(987M) 84.555ms
[36.808s][info][gc,cpu         ] GC(179) User=0.09s Sys=0.00s Real=0.08s
[37.039s][info][gc,start       ] GC(180) Pause Young (Allocation Failure)
[37.041s][info][gc,heap        ] GC(180) PSYoungGen: 283648K(311808K)->2270K(316416K) Eden: 283648K(283648K)->0K(283648K) From: 0K(28160K)->2270K(32768K)
[37.041s][info][gc,heap        ] GC(180) ParOldGen: 70289K(699392K)->70289K(699392K)
[37.041s][info][gc,metaspace   ] GC(180) Metaspace: 138022K(139904K)->138022K(139904K) NonClass: 120699K(121664K)->120699K(121664K) Class: 17322K(18240K)->17322K(18240K)
[37.041s][info][gc             ] GC(180) Pause Young (Allocation Failure) 345M->70M(992M) 2.063ms
[37.041s][info][gc,cpu         ] GC(180) User=0.02s Sys=0.00s Real=0.02s
[37.128s][info][gc,start       ] GC(181) Pause Young (Allocation Failure)
[37.130s][info][gc,heap        ] GC(181) PSYoungGen: 285918K(316416K)->2765K(320000K) Eden: 283648K(283648K)->0K(288768K) From: 2270K(32768K)->2765K(31232K)
[37.130s][info][gc,heap        ] GC(181) ParOldGen: 70289K(699392K)->71522K(699392K)
[37.131s][info][gc,metaspace   ] GC(181) Metaspace: 138024K(139904K)->138024K(139904K) NonClass: 120701K(121664K)->120701K(121664K) Class: 17322K(18240K)->17322K(18240K)
[37.131s][info][gc             ] GC(181) Pause Young (Allocation Failure) 347M->72M(995M) 2.204ms
[37.131s][info][gc,cpu         ] GC(181) User=0.00s Sys=0.00s Real=0.00s
[37.193s][info][gc,start       ] GC(182) Pause Young (Allocation Failure)
[37.194s][info][gc,heap        ] GC(182) PSYoungGen: 291533K(320000K)->192K(317952K) Eden: 288768K(288768K)->0K(288768K) From: 2765K(31232K)->192K(29184K)
[37.194s][info][gc,heap        ] GC(182) ParOldGen: 71522K(699392K)->73416K(699392K)
[37.194s][info][gc,metaspace   ] GC(182) Metaspace: 138024K(139904K)->138024K(139904K) NonClass: 120701K(121664K)->120701K(121664K) Class: 17322K(18240K)->17322K(18240K)
[37.194s][info][gc             ] GC(182) Pause Young (Allocation Failure) 354M->71M(993M) 1.321ms
[37.194s][info][gc,cpu         ] GC(182) User=0.00s Sys=0.00s Real=0.00s
[37.319s][info][gc,start       ] GC(183) Pause Young (Allocation Failure)
[37.321s][info][gc,heap        ] GC(183) PSYoungGen: 284994K(317952K)->908K(322560K) Eden: 284802K(288768K)->0K(294400K) From: 192K(29184K)->908K(28160K)
[37.321s][info][gc,heap        ] GC(183) ParOldGen: 73416K(699392K)->73448K(699392K)
[37.321s][info][gc,metaspace   ] GC(183) Metaspace: 138028K(139904K)->138028K(139904K) NonClass: 120705K(121664K)->120705K(121664K) Class: 17322K(18240K)->17322K(18240K)
[37.321s][info][gc             ] GC(183) Pause Young (Allocation Failure) 350M->72M(998M) 1.370ms
[37.321s][info][gc,cpu         ] GC(183) User=0.00s Sys=0.00s Real=0.00s
[37.476s][info][gc,start       ] GC(184) Pause Young (Allocation Failure)
[37.482s][info][gc,heap        ] GC(184) PSYoungGen: 295308K(322560K)->26618K(321024K) Eden: 294400K(294400K)->0K(294400K) From: 908K(28160K)->26618K(26624K)
[37.482s][info][gc,heap        ] GC(184) ParOldGen: 73448K(699392K)->78504K(699392K)
[37.482s][info][gc,metaspace   ] GC(184) Metaspace: 138032K(139904K)->138032K(139904K) NonClass: 120708K(121664K)->120708K(121664K) Class: 17323K(18240K)->17323K(18240K)
[37.482s][info][gc             ] GC(184) Pause Young (Allocation Failure) 360M->102M(996M) 5.464ms
[37.482s][info][gc,cpu         ] GC(184) User=0.00s Sys=0.00s Real=0.00s
[37.556s][info][gc,start       ] GC(185) Pause Young (System.gc())
[37.556s][info][gc,heap        ] GC(185) PSYoungGen: 103807K(321024K)->500K(311808K) Eden: 77188K(294400K)->0K(283648K) From: 26618K(26624K)->500K(28160K)
[37.556s][info][gc,heap        ] GC(185) ParOldGen: 78504K(699392K)->78651K(699392K)
[37.556s][info][gc,metaspace   ] GC(185) Metaspace: 138032K(139904K)->138032K(139904K) NonClass: 120709K(121664K)->120709K(121664K) Class: 17323K(18240K)->17323K(18240K)
[37.556s][info][gc             ] GC(185) Pause Young (System.gc()) 178M->77M(987M) 0.932ms
[37.557s][info][gc,cpu         ] GC(185) User=0.00s Sys=0.00s Real=0.00s
[37.557s][info][gc,start       ] GC(186) Pause Full (System.gc())
[37.557s][info][gc,phases,start] GC(186) Marking Phase
[37.613s][info][gc,phases      ] GC(186) Marking Phase 55.912ms
[37.613s][info][gc,phases,start] GC(186) Summary Phase
[37.613s][info][gc,phases      ] GC(186) Summary Phase 0.015ms
[37.613s][info][gc,phases,start] GC(186) Adjust Roots
[37.630s][info][gc,phases      ] GC(186) Adjust Roots 17.232ms
[37.630s][info][gc,phases,start] GC(186) Compaction Phase
[37.640s][info][gc,phases      ] GC(186) Compaction Phase 9.643ms
[37.640s][info][gc,phases,start] GC(186) Post Compact
[37.640s][info][gc,phases      ] GC(186) Post Compact 0.707ms
[37.640s][info][gc,heap        ] GC(186) PSYoungGen: 500K(311808K)->0K(311808K) Eden: 0K(283648K)->0K(283648K) From: 500K(28160K)->0K(28160K)
[37.640s][info][gc,heap        ] GC(186) ParOldGen: 78651K(699392K)->70264K(699392K)
[37.640s][info][gc,metaspace   ] GC(186) Metaspace: 138032K(139904K)->138006K(139904K) NonClass: 120709K(121664K)->120686K(121664K) Class: 17323K(18240K)->17319K(18240K)
[37.640s][info][gc             ] GC(186) Pause Full (System.gc()) 77M->68M(987M) 83.824ms
[37.640s][info][gc,cpu         ] GC(186) User=0.12s Sys=0.00s Real=0.08s
[37.871s][info][gc,start       ] GC(187) Pause Young (Allocation Failure)
[37.872s][info][gc,heap        ] GC(187) PSYoungGen: 283648K(311808K)->2302K(316416K) Eden: 283648K(283648K)->0K(283648K) From: 0K(28160K)->2302K(32768K)
[37.873s][info][gc,heap        ] GC(187) ParOldGen: 70264K(699392K)->70264K(699392K)
[37.873s][info][gc,metaspace   ] GC(187) Metaspace: 138146K(140032K)->138146K(140032K) NonClass: 120821K(121792K)->120821K(121792K) Class: 17324K(18240K)->17324K(18240K)
[37.873s][info][gc             ] GC(187) Pause Young (Allocation Failure) 345M->70M(992M) 1.875ms
[37.873s][info][gc,cpu         ] GC(187) User=0.00s Sys=0.00s Real=0.00s
[37.961s][info][gc,start       ] GC(188) Pause Young (Allocation Failure)
[37.963s][info][gc,heap        ] GC(188) PSYoungGen: 285950K(316416K)->2765K(320000K) Eden: 283648K(283648K)->0K(288768K) From: 2302K(32768K)->2765K(31232K)
[37.963s][info][gc,heap        ] GC(188) ParOldGen: 70264K(699392K)->71496K(699392K)
[37.963s][info][gc,metaspace   ] GC(188) Metaspace: 138159K(140032K)->138159K(140032K) NonClass: 120832K(121792K)->120832K(121792K) Class: 17326K(18240K)->17326K(18240K)
[37.963s][info][gc             ] GC(188) Pause Young (Allocation Failure) 347M->72M(995M) 2.161ms
[37.963s][info][gc,cpu         ] GC(188) User=0.00s Sys=0.00s Real=0.00s
[38.025s][info][gc,start       ] GC(189) Pause Young (Allocation Failure)
[38.026s][info][gc,heap        ] GC(189) PSYoungGen: 291533K(320000K)->224K(317952K) Eden: 288768K(288768K)->0K(288768K) From: 2765K(31232K)->224K(29184K)
[38.026s][info][gc,heap        ] GC(189) ParOldGen: 71496K(699392K)->73377K(699392K)
[38.026s][info][gc,metaspace   ] GC(189) Metaspace: 138165K(140032K)->138165K(140032K) NonClass: 120839K(121792K)->120839K(121792K) Class: 17326K(18240K)->17326K(18240K)
[38.026s][info][gc             ] GC(189) Pause Young (Allocation Failure) 354M->71M(993M) 1.452ms
[38.026s][info][gc,cpu         ] GC(189) User=0.00s Sys=0.00s Real=0.00s
[38.161s][info][gc,start       ] GC(190) Pause Young (Allocation Failure)
[38.162s][info][gc,heap        ] GC(190) PSYoungGen: 286027K(317952K)->863K(322560K) Eden: 285803K(288768K)->0K(294400K) From: 224K(29184K)->863K(28160K)
[38.162s][info][gc,heap        ] GC(190) ParOldGen: 73377K(699392K)->73441K(699392K)
[38.162s][info][gc,metaspace   ] GC(190) Metaspace: 138168K(140032K)->138168K(140032K) NonClass: 120842K(121792K)->120842K(121792K) Class: 17326K(18240K)->17326K(18240K)
[38.162s][info][gc             ] GC(190) Pause Young (Allocation Failure) 350M->72M(998M) 1.200ms
[38.162s][info][gc,cpu         ] GC(190) User=0.00s Sys=0.00s Real=0.00s
[38.316s][info][gc,start       ] GC(191) Pause Young (Allocation Failure)
[38.321s][info][gc,heap        ] GC(191) PSYoungGen: 295263K(322560K)->26618K(321024K) Eden: 294400K(294400K)->0K(294400K) From: 863K(28160K)->26618K(26624K)
[38.321s][info][gc,heap        ] GC(191) ParOldGen: 73441K(699392K)->78496K(699392K)
[38.321s][info][gc,metaspace   ] GC(191) Metaspace: 138193K(140096K)->138193K(140096K) NonClass: 120867K(121856K)->120867K(121856K) Class: 17326K(18240K)->17326K(18240K)
[38.321s][info][gc             ] GC(191) Pause Young (Allocation Failure) 360M->102M(996M) 5.261ms
[38.322s][info][gc,cpu         ] GC(191) User=0.00s Sys=0.00s Real=0.00s
[38.394s][info][gc,start       ] GC(192) Pause Young (System.gc())
[38.395s][info][gc,heap        ] GC(192) PSYoungGen: 102706K(321024K)->500K(311808K) Eden: 76087K(294400K)->0K(283648K) From: 26618K(26624K)->500K(28160K)
[38.395s][info][gc,heap        ] GC(192) ParOldGen: 78496K(699392K)->78567K(699392K)
[38.395s][info][gc,metaspace   ] GC(192) Metaspace: 138210K(140096K)->138210K(140096K) NonClass: 120883K(121856K)->120883K(121856K) Class: 17326K(18240K)->17326K(18240K)
[38.395s][info][gc             ] GC(192) Pause Young (System.gc()) 176M->77M(987M) 0.753ms
[38.395s][info][gc,cpu         ] GC(192) User=0.00s Sys=0.00s Real=0.00s
[38.395s][info][gc,start       ] GC(193) Pause Full (System.gc())
[38.395s][info][gc,phases,start] GC(193) Marking Phase
[38.452s][info][gc,phases      ] GC(193) Marking Phase 57.363ms
[38.452s][info][gc,phases,start] GC(193) Summary Phase
[38.452s][info][gc,phases      ] GC(193) Summary Phase 0.010ms
[38.452s][info][gc,phases,start] GC(193) Adjust Roots
[38.470s][info][gc,phases      ] GC(193) Adjust Roots 17.603ms
[38.470s][info][gc,phases,start] GC(193) Compaction Phase
[38.481s][info][gc,phases      ] GC(193) Compaction Phase 10.777ms
[38.481s][info][gc,phases,start] GC(193) Post Compact
[38.481s][info][gc,phases      ] GC(193) Post Compact 0.674ms
[38.481s][info][gc,heap        ] GC(193) PSYoungGen: 500K(311808K)->0K(311808K) Eden: 0K(283648K)->0K(283648K) From: 500K(28160K)->0K(28160K)
[38.481s][info][gc,heap        ] GC(193) ParOldGen: 78567K(699392K)->70338K(699392K)
[38.481s][info][gc,metaspace   ] GC(193) Metaspace: 138210K(140096K)->138183K(140096K) NonClass: 120883K(121856K)->120861K(121856K) Class: 17326K(18240K)->17322K(18240K)
[38.481s][info][gc             ] GC(193) Pause Full (System.gc()) 77M->68M(987M) 86.738ms
[38.481s][info][gc,cpu         ] GC(193) User=0.08s Sys=0.00s Real=0.08s
[38.709s][info][gc,start       ] GC(194) Pause Young (Allocation Failure)
[38.711s][info][gc,heap        ] GC(194) PSYoungGen: 283648K(311808K)->2238K(316416K) Eden: 283648K(283648K)->0K(283648K) From: 0K(28160K)->2238K(32768K)
[38.711s][info][gc,heap        ] GC(194) ParOldGen: 70338K(699392K)->70346K(699392K)
[38.711s][info][gc,metaspace   ] GC(194) Metaspace: 138254K(140160K)->138254K(140160K) NonClass: 120927K(121920K)->120927K(121920K) Class: 17326K(18240K)->17326K(18240K)
[38.711s][info][gc             ] GC(194) Pause Young (Allocation Failure) 345M->70M(992M) 2.140ms
[38.711s][info][gc,cpu         ] GC(194) User=0.02s Sys=0.00s Real=0.02s
[38.797s][info][gc,start       ] GC(195) Pause Young (Allocation Failure)
[38.799s][info][gc,heap        ] GC(195) PSYoungGen: 285886K(316416K)->2765K(319488K) Eden: 283648K(283648K)->0K(288256K) From: 2238K(32768K)->2765K(31232K)
[38.799s][info][gc,heap        ] GC(195) ParOldGen: 70346K(699392K)->71594K(699392K)
[38.799s][info][gc,metaspace   ] GC(195) Metaspace: 138258K(140160K)->138258K(140160K) NonClass: 120932K(121920K)->120932K(121920K) Class: 17326K(18240K)->17326K(18240K)
[38.800s][info][gc             ] GC(195) Pause Young (Allocation Failure) 347M->72M(995M) 2.123ms
[38.800s][info][gc,cpu         ] GC(195) User=0.00s Sys=0.00s Real=0.00s
[38.861s][info][gc,start       ] GC(196) Pause Young (Allocation Failure)
[38.862s][info][gc,heap        ] GC(196) PSYoungGen: 291021K(319488K)->192K(317952K) Eden: 288256K(288256K)->0K(288256K) From: 2765K(31232K)->192K(29696K)
[38.862s][info][gc,heap        ] GC(196) ParOldGen: 71594K(699392K)->73477K(699392K)
[38.862s][info][gc,metaspace   ] GC(196) Metaspace: 138258K(140160K)->138258K(140160K) NonClass: 120932K(121920K)->120932K(121920K) Class: 17326K(18240K)->17326K(18240K)
[38.862s][info][gc             ] GC(196) Pause Young (Allocation Failure) 354M->71M(993M) 1.412ms
[38.862s][info][gc,cpu         ] GC(196) User=0.00s Sys=0.00s Real=0.00s
[39.000s][info][gc,start       ] GC(197) Pause Young (Allocation Failure)
[39.001s][info][gc,heap        ] GC(197) PSYoungGen: 286543K(317952K)->876K(322560K) Eden: 286351K(288256K)->0K(294400K) From: 192K(29696K)->876K(28160K)
[39.001s][info][gc,heap        ] GC(197) ParOldGen: 73477K(699392K)->73517K(699392K)
[39.001s][info][gc,metaspace   ] GC(197) Metaspace: 138274K(140160K)->138274K(140160K) NonClass: 120947K(121920K)->120947K(121920K) Class: 17326K(18240K)->17326K(18240K)
[39.001s][info][gc             ] GC(197) Pause Young (Allocation Failure) 351M->72M(998M) 1.081ms
[39.001s][info][gc,cpu         ] GC(197) User=0.00s Sys=0.00s Real=0.00s
[39.153s][info][gc,start       ] GC(198) Pause Young (Allocation Failure)
[39.158s][info][gc,heap        ] GC(198) PSYoungGen: 295276K(322560K)->26618K(321024K) Eden: 294400K(294400K)->0K(294400K) From: 876K(28160K)->26618K(26624K)
[39.158s][info][gc,heap        ] GC(198) ParOldGen: 73517K(699392K)->78557K(699392K)
[39.158s][info][gc,metaspace   ] GC(198) Metaspace: 138283K(140160K)->138283K(140160K) NonClass: 120956K(121920K)->120956K(121920K) Class: 17326K(18240K)->17326K(18240K)
[39.158s][info][gc             ] GC(198) Pause Young (Allocation Failure) 360M->102M(996M) 5.440ms
[39.158s][info][gc,cpu         ] GC(198) User=0.00s Sys=0.00s Real=0.01s
[39.233s][info][gc,start       ] GC(199) Pause Young (System.gc())
[39.237s][info][gc,heap        ] GC(199) PSYoungGen: 102414K(321024K)->500K(311808K) Eden: 75795K(294400K)->0K(283648K) From: 26618K(26624K)->500K(28160K)
[39.237s][info][gc,heap        ] GC(199) ParOldGen: 78557K(699392K)->94635K(699392K)
[39.237s][info][gc,metaspace   ] GC(199) Metaspace: 138299K(140160K)->138299K(140160K) NonClass: 120973K(121920K)->120973K(121920K) Class: 17326K(18240K)->17326K(18240K)
[39.237s][info][gc             ] GC(199) Pause Young (System.gc()) 176M->92M(987M) 4.259ms
[39.238s][info][gc,cpu         ] GC(199) User=0.00s Sys=0.00s Real=0.00s
[39.238s][info][gc,start       ] GC(200) Pause Full (System.gc())
[39.238s][info][gc,phases,start] GC(200) Marking Phase
[39.294s][info][gc,phases      ] GC(200) Marking Phase 56.491ms
[39.294s][info][gc,phases,start] GC(200) Summary Phase
[39.294s][info][gc,phases      ] GC(200) Summary Phase 0.010ms
[39.294s][info][gc,phases,start] GC(200) Adjust Roots
[39.312s][info][gc,phases      ] GC(200) Adjust Roots 17.705ms
[39.312s][info][gc,phases,start] GC(200) Compaction Phase
[39.321s][info][gc,phases      ] GC(200) Compaction Phase 9.306ms
[39.321s][info][gc,phases,start] GC(200) Post Compact
[39.322s][info][gc,phases      ] GC(200) Post Compact 0.838ms
[39.322s][info][gc,heap        ] GC(200) PSYoungGen: 500K(311808K)->0K(311808K) Eden: 0K(283648K)->0K(283648K) From: 500K(28160K)->0K(28160K)
[39.322s][info][gc,heap        ] GC(200) ParOldGen: 94635K(699392K)->70451K(699392K)
[39.322s][info][gc,metaspace   ] GC(200) Metaspace: 138299K(140160K)->138272K(140160K) NonClass: 120973K(121920K)->120950K(121920K) Class: 17326K(18240K)->17322K(18240K)
[39.322s][info][gc             ] GC(200) Pause Full (System.gc()) 92M->68M(987M) 84.640ms
[39.322s][info][gc,cpu         ] GC(200) User=0.14s Sys=0.00s Real=0.08s
[39.548s][info][gc,start       ] GC(201) Pause Young (Allocation Failure)
[39.550s][info][gc,heap        ] GC(201) PSYoungGen: 283648K(311808K)->2055K(316416K) Eden: 283648K(283648K)->0K(283648K) From: 0K(28160K)->2055K(32768K)
[39.550s][info][gc,heap        ] GC(201) ParOldGen: 70451K(699392K)->70451K(699392K)
[39.550s][info][gc,metaspace   ] GC(201) Metaspace: 138352K(140224K)->138352K(140224K) NonClass: 121025K(121984K)->121025K(121984K) Class: 17327K(18240K)->17327K(18240K)
[39.550s][info][gc             ] GC(201) Pause Young (Allocation Failure) 345M->70M(992M) 1.871ms
[39.550s][info][gc,cpu         ] GC(201) User=0.02s Sys=0.00s Real=0.01s
[39.636s][info][gc,start       ] GC(202) Pause Young (Allocation Failure)
[39.638s][info][gc,heap        ] GC(202) PSYoungGen: 285703K(316416K)->2797K(319488K) Eden: 283648K(283648K)->0K(288256K) From: 2055K(32768K)->2797K(31232K)
[39.638s][info][gc,heap        ] GC(202) ParOldGen: 70451K(699392K)->71676K(699392K)
[39.638s][info][gc,metaspace   ] GC(202) Metaspace: 138352K(140224K)->138352K(140224K) NonClass: 121025K(121984K)->121025K(121984K) Class: 17327K(18240K)->17327K(18240K)
[39.638s][info][gc             ] GC(202) Pause Young (Allocation Failure) 347M->72M(995M) 2.271ms
[39.638s][info][gc,cpu         ] GC(202) User=0.00s Sys=0.00s Real=0.00s
[39.699s][info][gc,start       ] GC(203) Pause Young (Allocation Failure)
[39.700s][info][gc,heap        ] GC(203) PSYoungGen: 291053K(319488K)->192K(317952K) Eden: 288256K(288256K)->0K(288256K) From: 2797K(31232K)->192K(29696K)
[39.700s][info][gc,heap        ] GC(203) ParOldGen: 71676K(699392K)->73566K(699392K)
[39.700s][info][gc,metaspace   ] GC(203) Metaspace: 138352K(140224K)->138352K(140224K) NonClass: 121025K(121984K)->121025K(121984K) Class: 17327K(18240K)->17327K(18240K)
[39.700s][info][gc             ] GC(203) Pause Young (Allocation Failure) 354M->72M(993M) 1.266ms
[39.701s][info][gc,cpu         ] GC(203) User=0.00s Sys=0.00s Real=0.00s
[39.827s][info][gc,start       ] GC(204) Pause Young (Allocation Failure)
[39.828s][info][gc,heap        ] GC(204) PSYoungGen: 285564K(317952K)->927K(322560K) Eden: 285372K(288256K)->0K(294400K) From: 192K(29696K)->927K(28160K)
[39.828s][info][gc,heap        ] GC(204) ParOldGen: 73566K(699392K)->73614K(699392K)
[39.828s][info][gc,metaspace   ] GC(204) Metaspace: 138365K(140224K)->138365K(140224K) NonClass: 121037K(121984K)->121037K(121984K) Class: 17327K(18240K)->17327K(18240K)
[39.828s][info][gc             ] GC(204) Pause Young (Allocation Failure) 350M->72M(998M) 1.233ms
[39.828s][info][gc,cpu         ] GC(204) User=0.00s Sys=0.00s Real=0.00s
[39.981s][info][gc,start       ] GC(205) Pause Young (Allocation Failure)
[39.986s][info][gc,heap        ] GC(205) PSYoungGen: 295327K(322560K)->26618K(321024K) Eden: 294400K(294400K)->0K(294400K) From: 927K(28160K)->26618K(26624K)
[39.986s][info][gc,heap        ] GC(205) ParOldGen: 73614K(699392K)->78677K(699392K)
[39.986s][info][gc,metaspace   ] GC(205) Metaspace: 138367K(140224K)->138367K(140224K) NonClass: 121039K(121984K)->121039K(121984K) Class: 17327K(18240K)->17327K(18240K)
[39.986s][info][gc             ] GC(205) Pause Young (Allocation Failure) 360M->102M(996M) 5.333ms
[39.986s][info][gc,cpu         ] GC(205) User=0.00s Sys=0.00s Real=0.00s
[40.058s][info][gc,start       ] GC(206) Pause Young (System.gc())
[40.059s][info][gc,heap        ] GC(206) PSYoungGen: 102796K(321024K)->500K(310784K) Eden: 76177K(294400K)->0K(282624K) From: 26618K(26624K)->500K(28160K)
[40.059s][info][gc,heap        ] GC(206) ParOldGen: 78677K(699392K)->78756K(699392K)
[40.059s][info][gc,metaspace   ] GC(206) Metaspace: 138371K(140224K)->138371K(140224K) NonClass: 121043K(121984K)->121043K(121984K) Class: 17327K(18240K)->17327K(18240K)
[40.059s][info][gc             ] GC(206) Pause Young (System.gc()) 177M->77M(986M) 0.773ms
[40.059s][info][gc,cpu         ] GC(206) User=0.00s Sys=0.00s Real=0.00s
[40.059s][info][gc,start       ] GC(207) Pause Full (System.gc())
[40.059s][info][gc,phases,start] GC(207) Marking Phase
[40.116s][info][gc,phases      ] GC(207) Marking Phase 56.852ms
[40.116s][info][gc,phases,start] GC(207) Summary Phase
[40.116s][info][gc,phases      ] GC(207) Summary Phase 0.010ms
[40.116s][info][gc,phases,start] GC(207) Adjust Roots
[40.134s][info][gc,phases      ] GC(207) Adjust Roots 17.904ms
[40.134s][info][gc,phases,start] GC(207) Compaction Phase
[40.144s][info][gc,phases      ] GC(207) Compaction Phase 9.583ms
[40.144s][info][gc,phases,start] GC(207) Post Compact
[40.144s][info][gc,phases      ] GC(207) Post Compact 0.675ms
[40.144s][info][gc,heap        ] GC(207) PSYoungGen: 500K(310784K)->0K(310784K) Eden: 0K(282624K)->0K(282624K) From: 500K(28160K)->0K(28160K)
[40.144s][info][gc,heap        ] GC(207) ParOldGen: 78756K(699392K)->70568K(699392K)
[40.144s][info][gc,metaspace   ] GC(207) Metaspace: 138371K(140224K)->138344K(140224K) NonClass: 121043K(121984K)->121021K(121984K) Class: 17327K(18240K)->17323K(18240K)
[40.144s][info][gc             ] GC(207) Pause Full (System.gc()) 77M->68M(986M) 85.328ms
[40.145s][info][gc,cpu         ] GC(207) User=0.08s Sys=0.00s Real=0.08s
[40.372s][info][gc,start       ] GC(208) Pause Young (Allocation Failure)
[40.374s][info][gc,heap        ] GC(208) PSYoungGen: 282624K(310784K)->2247K(315904K) Eden: 282624K(282624K)->0K(282624K) From: 0K(28160K)->2247K(33280K)
[40.375s][info][gc,heap        ] GC(208) ParOldGen: 70568K(699392K)->70576K(699392K)
[40.375s][info][gc,metaspace   ] GC(208) Metaspace: 138466K(140352K)->138466K(140352K) NonClass: 121138K(122112K)->121138K(122112K) Class: 17328K(18240K)->17328K(18240K)
[40.375s][info][gc             ] GC(208) Pause Young (Allocation Failure) 344M->71M(991M) 2.292ms
[40.375s][info][gc,cpu         ] GC(208) User=0.02s Sys=0.00s Real=0.02s
[40.465s][info][gc,start       ] GC(209) Pause Young (Allocation Failure)
[40.467s][info][gc,heap        ] GC(209) PSYoungGen: 284871K(315904K)->2733K(319488K) Eden: 282624K(282624K)->0K(288256K) From: 2247K(33280K)->2733K(31232K)
[40.467s][info][gc,heap        ] GC(209) ParOldGen: 70576K(699392K)->71812K(699392K)
[40.467s][info][gc,metaspace   ] GC(209) Metaspace: 138469K(140352K)->138469K(140352K) NonClass: 121141K(122112K)->121141K(122112K) Class: 17328K(18240K)->17328K(18240K)
[40.467s][info][gc             ] GC(209) Pause Young (Allocation Failure) 347M->72M(995M) 2.648ms
[40.467s][info][gc,cpu         ] GC(209) User=0.00s Sys=0.00s Real=0.00s
[40.532s][info][gc,start       ] GC(210) Pause Young (Allocation Failure)
[40.534s][info][gc,heap        ] GC(210) PSYoungGen: 290989K(319488K)->192K(317952K) Eden: 288256K(288256K)->0K(288256K) From: 2733K(31232K)->192K(29696K)
[40.534s][info][gc,heap        ] GC(210) ParOldGen: 71812K(699392K)->73704K(699392K)
[40.534s][info][gc,metaspace   ] GC(210) Metaspace: 138469K(140352K)->138469K(140352K) NonClass: 121141K(122112K)->121141K(122112K) Class: 17328K(18240K)->17328K(18240K)
[40.534s][info][gc             ] GC(210) Pause Young (Allocation Failure) 354M->72M(993M) 1.295ms
[40.534s][info][gc,cpu         ] GC(210) User=0.00s Sys=0.00s Real=0.00s
[40.670s][info][gc,start       ] GC(211) Pause Young (Allocation Failure)
[40.672s][info][gc,heap        ] GC(211) PSYoungGen: 288448K(317952K)->580K(322560K) Eden: 288256K(288256K)->0K(294400K) From: 192K(29696K)->580K(28160K)
[40.672s][info][gc,heap        ] GC(211) ParOldGen: 73704K(699392K)->73752K(699392K)
[40.672s][info][gc,metaspace   ] GC(211) Metaspace: 138472K(140352K)->138472K(140352K) NonClass: 121144K(122112K)->121144K(122112K) Class: 17328K(18240K)->17328K(18240K)
[40.672s][info][gc             ] GC(211) Pause Young (Allocation Failure) 353M->72M(998M) 1.537ms
[40.672s][info][gc,cpu         ] GC(211) User=0.02s Sys=0.00s Real=0.01s
[40.806s][info][gc,start       ] GC(212) Pause Young (Allocation Failure)
[40.811s][info][gc,heap        ] GC(212) PSYoungGen: 294014K(322560K)->26611K(321024K) Eden: 293433K(294400K)->0K(294400K) From: 580K(28160K)->26611K(26624K)
[40.811s][info][gc,heap        ] GC(212) ParOldGen: 73752K(699392K)->79880K(699392K)
[40.811s][info][gc,metaspace   ] GC(212) Metaspace: 138487K(140352K)->138487K(140352K) NonClass: 121159K(122112K)->121159K(122112K) Class: 17328K(18240K)->17328K(18240K)
[40.811s][info][gc             ] GC(212) Pause Young (Allocation Failure) 359M->103M(996M) 5.401ms
[40.811s][info][gc,cpu         ] GC(212) User=0.00s Sys=0.00s Real=0.02s
[40.907s][info][gc,start       ] GC(213) Pause Young (System.gc())
[40.909s][info][gc,heap        ] GC(213) PSYoungGen: 106610K(321024K)->500K(310784K) Eden: 79999K(294400K)->0K(282624K) From: 26611K(26624K)->500K(28160K)
[40.910s][info][gc,heap        ] GC(213) ParOldGen: 79880K(699392K)->95352K(699392K)
[40.910s][info][gc,metaspace   ] GC(213) Metaspace: 138498K(140352K)->138498K(140352K) NonClass: 121170K(122112K)->121170K(122112K) Class: 17328K(18240K)->17328K(18240K)
[40.910s][info][gc             ] GC(213) Pause Young (System.gc()) 182M->93M(986M) 2.754ms
[40.910s][info][gc,cpu         ] GC(213) User=0.00s Sys=0.00s Real=0.00s
[40.910s][info][gc,start       ] GC(214) Pause Full (System.gc())
[40.910s][info][gc,phases,start] GC(214) Marking Phase
[40.967s][info][gc,phases      ] GC(214) Marking Phase 57.129ms
[40.967s][info][gc,phases,start] GC(214) Summary Phase
[40.967s][info][gc,phases      ] GC(214) Summary Phase 0.010ms
[40.967s][info][gc,phases,start] GC(214) Adjust Roots
[40.985s][info][gc,phases      ] GC(214) Adjust Roots 18.141ms
[40.985s][info][gc,phases,start] GC(214) Compaction Phase
[40.995s][info][gc,phases      ] GC(214) Compaction Phase 9.742ms
[40.995s][info][gc,phases,start] GC(214) Post Compact
[40.996s][info][gc,phases      ] GC(214) Post Compact 0.765ms
[40.996s][info][gc,heap        ] GC(214) PSYoungGen: 500K(310784K)->0K(310784K) Eden: 0K(282624K)->0K(282624K) From: 500K(28160K)->0K(28160K)
[40.996s][info][gc,heap        ] GC(214) ParOldGen: 95352K(699392K)->70683K(699392K)
[40.996s][info][gc,metaspace   ] GC(214) Metaspace: 138498K(140352K)->138472K(140352K) NonClass: 121170K(122112K)->121148K(122112K) Class: 17328K(18240K)->17323K(18240K)
[40.996s][info][gc             ] GC(214) Pause Full (System.gc()) 93M->69M(986M) 86.082ms
[40.996s][info][gc,cpu         ] GC(214) User=0.06s Sys=0.00s Real=0.08s
[41.221s][info][gc,start       ] GC(215) Pause Young (Allocation Failure)
[41.223s][info][gc,heap        ] GC(215) PSYoungGen: 282624K(310784K)->2290K(315904K) Eden: 282624K(282624K)->0K(282624K) From: 0K(28160K)->2290K(33280K)
[41.223s][info][gc,heap        ] GC(215) ParOldGen: 70683K(699392K)->70683K(699392K)
[41.223s][info][gc,metaspace   ] GC(215) Metaspace: 138536K(140416K)->138536K(140416K) NonClass: 121208K(122176K)->121208K(122176K) Class: 17328K(18240K)->17328K(18240K)
[41.223s][info][gc             ] GC(215) Pause Young (Allocation Failure) 345M->71M(991M) 1.995ms
[41.223s][info][gc,cpu         ] GC(215) User=0.02s Sys=0.00s Real=0.02s
[41.310s][info][gc,start       ] GC(216) Pause Young (Allocation Failure)
[41.312s][info][gc,heap        ] GC(216) PSYoungGen: 284914K(315904K)->2777K(319488K) Eden: 282624K(282624K)->0K(287744K) From: 2290K(33280K)->2777K(31744K)
[41.312s][info][gc,heap        ] GC(216) ParOldGen: 70683K(699392K)->71912K(699392K)
[41.312s][info][gc,metaspace   ] GC(216) Metaspace: 138539K(140416K)->138539K(140416K) NonClass: 121211K(122176K)->121211K(122176K) Class: 17328K(18240K)->17328K(18240K)
[41.312s][info][gc             ] GC(216) Pause Young (Allocation Failure) 347M->72M(995M) 2.180ms
[41.312s][info][gc,cpu         ] GC(216) User=0.00s Sys=0.00s Real=0.00s
[41.374s][info][gc,start       ] GC(217) Pause Young (Allocation Failure)
[41.375s][info][gc,heap        ] GC(217) PSYoungGen: 290521K(319488K)->192K(317440K) Eden: 287744K(287744K)->0K(287744K) From: 2777K(31744K)->192K(29696K)
[41.375s][info][gc,heap        ] GC(217) ParOldGen: 71912K(699392K)->73797K(699392K)
[41.375s][info][gc,metaspace   ] GC(217) Metaspace: 138539K(140416K)->138539K(140416K) NonClass: 121211K(122176K)->121211K(122176K) Class: 17328K(18240K)->17328K(18240K)
[41.375s][info][gc             ] GC(217) Pause Young (Allocation Failure) 353M->72M(993M) 1.455ms
[41.375s][info][gc,cpu         ] GC(217) User=0.00s Sys=0.00s Real=0.00s
[41.501s][info][gc,start       ] GC(218) Pause Young (Allocation Failure)
[41.502s][info][gc,heap        ] GC(218) PSYoungGen: 287244K(317440K)->876K(322048K) Eden: 287052K(287744K)->0K(293376K) From: 192K(29696K)->876K(28672K)
[41.502s][info][gc,heap        ] GC(218) ParOldGen: 73797K(699392K)->73845K(699392K)
[41.502s][info][gc,metaspace   ] GC(218) Metaspace: 138541K(140416K)->138541K(140416K) NonClass: 121213K(122176K)->121213K(122176K) Class: 17328K(18240K)->17328K(18240K)
[41.502s][info][gc             ] GC(218) Pause Young (Allocation Failure) 352M->72M(997M) 1.124ms
[41.502s][info][gc,cpu         ] GC(218) User=0.00s Sys=0.00s Real=0.00s
[41.654s][info][gc,start       ] GC(219) Pause Young (Allocation Failure)
[41.660s][info][gc,heap        ] GC(219) PSYoungGen: 294252K(322048K)->27111K(320512K) Eden: 293376K(293376K)->0K(293376K) From: 876K(28672K)->27111K(27136K)
[41.660s][info][gc,heap        ] GC(219) ParOldGen: 73845K(699392K)->80020K(699392K)
[41.660s][info][gc,metaspace   ] GC(219) Metaspace: 138544K(140416K)->138544K(140416K) NonClass: 121216K(122176K)->121216K(122176K) Class: 17328K(18240K)->17328K(18240K)
[41.660s][info][gc             ] GC(219) Pause Young (Allocation Failure) 359M->104M(996M) 5.684ms
[41.660s][info][gc,cpu         ] GC(219) User=0.02s Sys=0.00s Real=0.01s
[41.735s][info][gc,start       ] GC(220) Pause Young (System.gc())
[41.735s][info][gc,heap        ] GC(220) PSYoungGen: 104859K(320512K)->500K(310272K) Eden: 77748K(293376K)->0K(281600K) From: 27111K(27136K)->500K(28672K)
[41.735s][info][gc,heap        ] GC(220) ParOldGen: 80020K(699392K)->80091K(699392K)
[41.735s][info][gc,metaspace   ] GC(220) Metaspace: 138560K(140416K)->138560K(140416K) NonClass: 121232K(122176K)->121232K(122176K) Class: 17328K(18240K)->17328K(18240K)
[41.735s][info][gc             ] GC(220) Pause Young (System.gc()) 180M->78M(986M) 0.888ms
[41.735s][info][gc,cpu         ] GC(220) User=0.00s Sys=0.00s Real=0.00s
[41.736s][info][gc,start       ] GC(221) Pause Full (System.gc())
[41.736s][info][gc,phases,start] GC(221) Marking Phase
[41.792s][info][gc,phases      ] GC(221) Marking Phase 56.227ms
[41.792s][info][gc,phases,start] GC(221) Summary Phase
[41.792s][info][gc,phases      ] GC(221) Summary Phase 0.009ms
[41.792s][info][gc,phases,start] GC(221) Adjust Roots
[41.810s][info][gc,phases      ] GC(221) Adjust Roots 17.898ms
[41.810s][info][gc,phases,start] GC(221) Compaction Phase
[41.819s][info][gc,phases      ] GC(221) Compaction Phase 9.067ms
[41.819s][info][gc,phases,start] GC(221) Post Compact
[41.820s][info][gc,phases      ] GC(221) Post Compact 0.726ms
[41.820s][info][gc,heap        ] GC(221) PSYoungGen: 500K(310272K)->0K(310272K) Eden: 0K(281600K)->0K(281600K) From: 500K(28672K)->0K(28672K)
[41.820s][info][gc,heap        ] GC(221) ParOldGen: 80091K(699392K)->70921K(699392K)
[41.820s][info][gc,metaspace   ] GC(221) Metaspace: 138560K(140416K)->138533K(140416K) NonClass: 121232K(122176K)->121209K(122176K) Class: 17328K(18240K)->17323K(18240K)
[41.820s][info][gc             ] GC(221) Pause Full (System.gc()) 78M->69M(986M) 84.253ms
[41.820s][info][gc,cpu         ] GC(221) User=0.06s Sys=0.00s Real=0.08s
[42.041s][info][gc,start       ] GC(222) Pause Young (Allocation Failure)
[42.043s][info][gc,heap        ] GC(222) PSYoungGen: 281600K(310272K)->2087K(315392K) Eden: 281600K(281600K)->0K(281600K) From: 0K(28672K)->2087K(33792K)
[42.043s][info][gc,heap        ] GC(222) ParOldGen: 70921K(699392K)->70929K(699392K)
[42.043s][info][gc,metaspace   ] GC(222) Metaspace: 138578K(140416K)->138578K(140416K) NonClass: 121250K(122176K)->121250K(122176K) Class: 17328K(18240K)->17328K(18240K)
[42.043s][info][gc             ] GC(222) Pause Young (Allocation Failure) 344M->71M(991M) 1.744ms
[42.043s][info][gc,cpu         ] GC(222) User=0.00s Sys=0.00s Real=0.00s
[42.130s][info][gc,start       ] GC(223) Pause Young (Allocation Failure)
[42.132s][info][gc,heap        ] GC(223) PSYoungGen: 283687K(315392K)->2733K(318976K) Eden: 281600K(281600K)->0K(286720K) From: 2087K(33792K)->2733K(32256K)
[42.132s][info][gc,heap        ] GC(223) ParOldGen: 70929K(699392K)->72160K(699392K)
[42.132s][info][gc,metaspace   ] GC(223) Metaspace: 138580K(140416K)->138580K(140416K) NonClass: 121251K(122176K)->121251K(122176K) Class: 17328K(18240K)->17328K(18240K)
[42.132s][info][gc             ] GC(223) Pause Young (Allocation Failure) 346M->73M(994M) 2.243ms
[42.132s][info][gc,cpu         ] GC(223) User=0.00s Sys=0.00s Real=0.00s
[42.193s][info][gc,start       ] GC(224) Pause Young (Allocation Failure)
[42.194s][info][gc,heap        ] GC(224) PSYoungGen: 289453K(318976K)->160K(316928K) Eden: 286720K(286720K)->0K(286720K) From: 2733K(32256K)->160K(30208K)
[42.194s][info][gc,heap        ] GC(224) ParOldGen: 72160K(699392K)->74044K(699392K)
[42.194s][info][gc,metaspace   ] GC(224) Metaspace: 138580K(140416K)->138580K(140416K) NonClass: 121251K(122176K)->121251K(122176K) Class: 17328K(18240K)->17328K(18240K)
[42.194s][info][gc             ] GC(224) Pause Young (Allocation Failure) 353M->72M(992M) 1.436ms
[42.194s][info][gc,cpu         ] GC(224) User=0.00s Sys=0.00s Real=0.00s
[42.319s][info][gc,start       ] GC(225) Pause Young (Allocation Failure)
[42.320s][info][gc,heap        ] GC(225) PSYoungGen: 286855K(316928K)->774K(321536K) Eden: 286695K(286720K)->0K(292352K) From: 160K(30208K)->774K(29184K)
[42.320s][info][gc,heap        ] GC(225) ParOldGen: 74044K(699392K)->74076K(699392K)
[42.320s][info][gc,metaspace   ] GC(225) Metaspace: 138581K(140416K)->138581K(140416K) NonClass: 121252K(122176K)->121252K(122176K) Class: 17328K(18240K)->17328K(18240K)
[42.320s][info][gc             ] GC(225) Pause Young (Allocation Failure) 352M->73M(997M) 1.148ms
[42.320s][info][gc,cpu         ] GC(225) User=0.00s Sys=0.00s Real=0.00s
[42.454s][info][gc,start       ] GC(226) Pause Young (Allocation Failure)
[42.459s][info][gc,heap        ] GC(226) PSYoungGen: 292277K(321536K)->27635K(320000K) Eden: 291503K(292352K)->0K(292352K) From: 774K(29184K)->27635K(27648K)
[42.459s][info][gc,heap        ] GC(226) ParOldGen: 74076K(699392K)->77236K(699392K)
[42.459s][info][gc,metaspace   ] GC(226) Metaspace: 138582K(140416K)->138582K(140416K) NonClass: 121253K(122176K)->121253K(122176K) Class: 17328K(18240K)->17328K(18240K)
[42.459s][info][gc             ] GC(226) Pause Young (Allocation Failure) 357M->102M(995M) 5.085ms
[42.459s][info][gc,cpu         ] GC(226) User=0.00s Sys=0.00s Real=0.00s
[42.560s][info][gc,start       ] GC(227) Pause Young (System.gc())
[42.561s][info][gc,heap        ] GC(227) PSYoungGen: 113741K(320000K)->500K(311808K) Eden: 86105K(292352K)->0K(282624K) From: 27635K(27648K)->500K(29184K)
[42.561s][info][gc,heap        ] GC(227) ParOldGen: 77236K(699392K)->77622K(699392K)
[42.561s][info][gc,metaspace   ] GC(227) Metaspace: 138585K(140416K)->138585K(140416K) NonClass: 121257K(122176K)->121257K(122176K) Class: 17328K(18240K)->17328K(18240K)
[42.561s][info][gc             ] GC(227) Pause Young (System.gc()) 186M->76M(987M) 0.803ms
[42.561s][info][gc,cpu         ] GC(227) User=0.00s Sys=0.00s Real=0.00s
[42.561s][info][gc,start       ] GC(228) Pause Full (System.gc())
[42.561s][info][gc,phases,start] GC(228) Marking Phase
[42.618s][info][gc,phases      ] GC(228) Marking Phase 57.307ms
[42.618s][info][gc,phases,start] GC(228) Summary Phase
[42.618s][info][gc,phases      ] GC(228) Summary Phase 0.010ms
[42.618s][info][gc,phases,start] GC(228) Adjust Roots
[42.636s][info][gc,phases      ] GC(228) Adjust Roots 17.849ms
[42.636s][info][gc,phases,start] GC(228) Compaction Phase
[42.646s][info][gc,phases      ] GC(228) Compaction Phase 9.918ms
[42.646s][info][gc,phases,start] GC(228) Post Compact
[42.647s][info][gc,phases      ] GC(228) Post Compact 0.688ms
[42.647s][info][gc,heap        ] GC(228) PSYoungGen: 500K(311808K)->0K(311808K) Eden: 0K(282624K)->0K(282624K) From: 500K(29184K)->0K(29184K)
[42.647s][info][gc,heap        ] GC(228) ParOldGen: 77622K(699392K)->71341K(699392K)
[42.647s][info][gc,metaspace   ] GC(228) Metaspace: 138585K(140416K)->138559K(140416K) NonClass: 121257K(122176K)->121234K(122176K) Class: 17328K(18240K)->17324K(18240K)
[42.647s][info][gc             ] GC(228) Pause Full (System.gc()) 76M->69M(987M) 86.105ms
[42.647s][info][gc,cpu         ] GC(228) User=0.08s Sys=0.00s Real=0.08s
[42.879s][info][gc,start       ] GC(229) Pause Young (Allocation Failure)
[42.881s][info][gc,heap        ] GC(229) PSYoungGen: 282624K(311808K)->2258K(315904K) Eden: 282624K(282624K)->0K(282624K) From: 0K(29184K)->2258K(33280K)
[42.881s][info][gc,heap        ] GC(229) ParOldGen: 71341K(699392K)->71349K(699392K)
[42.881s][info][gc,metaspace   ] GC(229) Metaspace: 138684K(140544K)->138684K(140544K) NonClass: 121350K(122304K)->121350K(122304K) Class: 17334K(18240K)->17334K(18240K)
[42.881s][info][gc             ] GC(229) Pause Young (Allocation Failure) 345M->71M(991M) 1.913ms
[42.881s][info][gc,cpu         ] GC(229) User=0.02s Sys=0.00s Real=0.02s
[42.972s][info][gc,start       ] GC(230) Pause Young (Allocation Failure)
[42.974s][info][gc,heap        ] GC(230) PSYoungGen: 284882K(315904K)->2745K(319488K) Eden: 282624K(282624K)->0K(287744K) From: 2258K(33280K)->2745K(31744K)
[42.974s][info][gc,heap        ] GC(230) ParOldGen: 71349K(699392K)->72605K(699392K)
[42.974s][info][gc,metaspace   ] GC(230) Metaspace: 138690K(140544K)->138690K(140544K) NonClass: 121356K(122304K)->121356K(122304K) Class: 17334K(18240K)->17334K(18240K)
[42.974s][info][gc             ] GC(230) Pause Young (Allocation Failure) 347M->73M(995M) 2.615ms
[42.974s][info][gc,cpu         ] GC(230) User=0.02s Sys=0.00s Real=0.00s
[43.038s][info][gc,start       ] GC(231) Pause Young (Allocation Failure)
[43.039s][info][gc,heap        ] GC(231) PSYoungGen: 290489K(319488K)->192K(317440K) Eden: 287744K(287744K)->0K(287744K) From: 2745K(31744K)->192K(29696K)
[43.039s][info][gc,heap        ] GC(231) ParOldGen: 72605K(699392K)->74641K(699392K)
[43.039s][info][gc,metaspace   ] GC(231) Metaspace: 138690K(140544K)->138690K(140544K) NonClass: 121356K(122304K)->121356K(122304K) Class: 17334K(18240K)->17334K(18240K)
[43.039s][info][gc             ] GC(231) Pause Young (Allocation Failure) 354M->73M(993M) 1.357ms
[43.039s][info][gc,cpu         ] GC(231) User=0.00s Sys=0.00s Real=0.00s
[43.164s][info][gc,start       ] GC(232) Pause Young (Allocation Failure)
[43.165s][info][gc,heap        ] GC(232) PSYoungGen: 287936K(317440K)->876K(322048K) Eden: 287744K(287744K)->0K(293888K) From: 192K(29696K)->876K(28160K)
[43.165s][info][gc,heap        ] GC(232) ParOldGen: 74641K(699392K)->74673K(699392K)
[43.165s][info][gc,metaspace   ] GC(232) Metaspace: 138697K(140544K)->138697K(140544K) NonClass: 121363K(122304K)->121363K(122304K) Class: 17334K(18240K)->17334K(18240K)
[43.165s][info][gc             ] GC(232) Pause Young (Allocation Failure) 354M->73M(997M) 1.139ms
[43.165s][info][gc,cpu         ] GC(232) User=0.00s Sys=0.00s Real=0.00s
[43.316s][info][gc,start       ] GC(233) Pause Young (Allocation Failure)
[43.321s][info][gc,heap        ] GC(233) PSYoungGen: 294764K(322048K)->27113K(321024K) Eden: 293888K(293888K)->0K(293888K) From: 876K(28160K)->27113K(27136K)
[43.321s][info][gc,heap        ] GC(233) ParOldGen: 74673K(699392K)->79649K(699392K)
[43.321s][info][gc,metaspace   ] GC(233) Metaspace: 138699K(140544K)->138699K(140544K) NonClass: 121365K(122304K)->121365K(122304K) Class: 17334K(18240K)->17334K(18240K)
[43.321s][info][gc             ] GC(233) Pause Young (Allocation Failure) 360M->104M(996M) 5.450ms
[43.321s][info][gc,cpu         ] GC(233) User=0.00s Sys=0.00s Real=0.00s
[43.396s][info][gc,start       ] GC(234) Pause Young (System.gc())
[43.397s][info][gc,heap        ] GC(234) PSYoungGen: 104519K(321024K)->468K(310784K) Eden: 77405K(293888K)->0K(282624K) From: 27113K(27136K)->468K(28160K)
[43.397s][info][gc,heap        ] GC(234) ParOldGen: 79649K(699392K)->79712K(699392K)
[43.397s][info][gc,metaspace   ] GC(234) Metaspace: 138735K(140544K)->138735K(140544K) NonClass: 121399K(122304K)->121399K(122304K) Class: 17335K(18240K)->17335K(18240K)
[43.397s][info][gc             ] GC(234) Pause Young (System.gc()) 179M->78M(986M) 1.051ms
[43.397s][info][gc,cpu         ] GC(234) User=0.00s Sys=0.00s Real=0.00s
[43.397s][info][gc,start       ] GC(235) Pause Full (System.gc())
[43.397s][info][gc,phases,start] GC(235) Marking Phase
[43.456s][info][gc,phases      ] GC(235) Marking Phase 58.891ms
[43.456s][info][gc,phases,start] GC(235) Summary Phase
[43.456s][info][gc,phases      ] GC(235) Summary Phase 0.010ms
[43.456s][info][gc,phases,start] GC(235) Adjust Roots
[43.475s][info][gc,phases      ] GC(235) Adjust Roots 18.138ms
[43.475s][info][gc,phases,start] GC(235) Compaction Phase
[43.484s][info][gc,phases      ] GC(235) Compaction Phase 9.461ms
[43.484s][info][gc,phases,start] GC(235) Post Compact
[43.485s][info][gc,phases      ] GC(235) Post Compact 0.723ms
[43.485s][info][gc,heap        ] GC(235) PSYoungGen: 468K(310784K)->0K(310784K) Eden: 0K(282624K)->0K(282624K) From: 468K(28160K)->0K(28160K)
[43.485s][info][gc,heap        ] GC(235) ParOldGen: 79712K(699392K)->71015K(699392K)
[43.485s][info][gc,metaspace   ] GC(235) Metaspace: 138735K(140544K)->138708K(140544K) NonClass: 121399K(122304K)->121377K(122304K) Class: 17335K(18240K)->17331K(18240K)
[43.485s][info][gc             ] GC(235) Pause Full (System.gc()) 78M->69M(986M) 87.542ms
[43.485s][info][gc,cpu         ] GC(235) User=0.11s Sys=0.00s Real=0.08s
[43.709s][info][gc,start       ] GC(236) Pause Young (Allocation Failure)
[43.711s][info][gc,heap        ] GC(236) PSYoungGen: 282624K(310784K)->2300K(315904K) Eden: 282624K(282624K)->0K(282624K) From: 0K(28160K)->2300K(33280K)
[43.711s][info][gc,heap        ] GC(236) ParOldGen: 71015K(699392K)->71015K(699392K)
[43.711s][info][gc,metaspace   ] GC(236) Metaspace: 138777K(140608K)->138777K(140608K) NonClass: 121440K(122368K)->121440K(122368K) Class: 17337K(18240K)->17337K(18240K)
[43.711s][info][gc             ] GC(236) Pause Young (Allocation Failure) 345M->71M(991M) 1.724ms
[43.711s][info][gc,cpu         ] GC(236) User=0.00s Sys=0.00s Real=0.00s
[43.800s][info][gc,start       ] GC(237) Pause Young (Allocation Failure)
[43.802s][info][gc,heap        ] GC(237) PSYoungGen: 284924K(315904K)->2745K(319488K) Eden: 282624K(282624K)->0K(287744K) From: 2300K(33280K)->2745K(31744K)
[43.802s][info][gc,heap        ] GC(237) ParOldGen: 71015K(699392K)->72290K(699392K)
[43.802s][info][gc,metaspace   ] GC(237) Metaspace: 138777K(140608K)->138777K(140608K) NonClass: 121440K(122368K)->121440K(122368K) Class: 17337K(18240K)->17337K(18240K)
[43.802s][info][gc             ] GC(237) Pause Young (Allocation Failure) 347M->73M(995M) 1.968ms
[43.802s][info][gc,cpu         ] GC(237) User=0.00s Sys=0.00s Real=0.00s
[43.863s][info][gc,start       ] GC(238) Pause Young (Allocation Failure)
[43.865s][info][gc,heap        ] GC(238) PSYoungGen: 290489K(319488K)->192K(317440K) Eden: 287744K(287744K)->0K(287744K) From: 2745K(31744K)->192K(29696K)
[43.865s][info][gc,heap        ] GC(238) ParOldGen: 72290K(699392K)->74183K(699392K)
[43.865s][info][gc,metaspace   ] GC(238) Metaspace: 138777K(140608K)->138777K(140608K) NonClass: 121440K(122368K)->121440K(122368K) Class: 17337K(18240K)->17337K(18240K)
[43.865s][info][gc             ] GC(238) Pause Young (Allocation Failure) 354M->72M(993M) 1.499ms
[43.865s][info][gc,cpu         ] GC(238) User=0.00s Sys=0.00s Real=0.00s
[43.992s][info][gc,start       ] GC(239) Pause Young (Allocation Failure)
[43.993s][info][gc,heap        ] GC(239) PSYoungGen: 287904K(317440K)->753K(322048K) Eden: 287712K(287744K)->0K(293376K) From: 192K(29696K)->753K(28672K)
[43.993s][info][gc,heap        ] GC(239) ParOldGen: 74183K(699392K)->74207K(699392K)
[43.993s][info][gc,metaspace   ] GC(239) Metaspace: 138777K(140608K)->138777K(140608K) NonClass: 121440K(122368K)->121440K(122368K) Class: 17337K(18240K)->17337K(18240K)
[43.993s][info][gc             ] GC(239) Pause Young (Allocation Failure) 353M->73M(997M) 1.291ms
[43.993s][info][gc,cpu         ] GC(239) User=0.02s Sys=0.00s Real=0.02s
[44.123s][info][gc,start       ] GC(240) Pause Young (Allocation Failure)
[44.128s][info][gc,heap        ] GC(240) PSYoungGen: 294129K(322048K)->27123K(320512K) Eden: 293376K(293376K)->0K(293376K) From: 753K(28672K)->27123K(27136K)
[44.128s][info][gc,heap        ] GC(240) ParOldGen: 74207K(699392K)->78223K(699392K)
[44.128s][info][gc,metaspace   ] GC(240) Metaspace: 138783K(140608K)->138783K(140608K) NonClass: 121446K(122368K)->121446K(122368K) Class: 17337K(18240K)->17337K(18240K)
[44.128s][info][gc             ] GC(240) Pause Young (Allocation Failure) 359M->102M(996M) 5.080ms
[44.128s][info][gc,cpu         ] GC(240) User=0.00s Sys=0.00s Real=0.00s
[44.226s][info][gc,start       ] GC(241) Pause Young (System.gc())
[44.227s][info][gc,heap        ] GC(241) PSYoungGen: 107901K(320512K)->500K(311296K) Eden: 80778K(293376K)->0K(282624K) From: 27123K(27136K)->500K(28672K)
[44.227s][info][gc,heap        ] GC(241) ParOldGen: 78223K(699392K)->78526K(699392K)
[44.227s][info][gc,metaspace   ] GC(241) Metaspace: 138784K(140608K)->138784K(140608K) NonClass: 121447K(122368K)->121447K(122368K) Class: 17337K(18240K)->17337K(18240K)
[44.227s][info][gc             ] GC(241) Pause Young (System.gc()) 181M->77M(987M) 0.855ms
[44.227s][info][gc,cpu         ] GC(241) User=0.00s Sys=0.00s Real=0.00s
[44.227s][info][gc,start       ] GC(242) Pause Full (System.gc())
[44.227s][info][gc,phases,start] GC(242) Marking Phase
[44.284s][info][gc,phases      ] GC(242) Marking Phase 57.066ms
[44.284s][info][gc,phases,start] GC(242) Summary Phase
[44.284s][info][gc,phases      ] GC(242) Summary Phase 0.010ms
[44.284s][info][gc,phases,start] GC(242) Adjust Roots
[44.303s][info][gc,phases      ] GC(242) Adjust Roots 18.259ms
[44.303s][info][gc,phases,start] GC(242) Compaction Phase
[44.313s][info][gc,phases      ] GC(242) Compaction Phase 10.255ms
[44.313s][info][gc,phases,start] GC(242) Post Compact
[44.314s][info][gc,phases      ] GC(242) Post Compact 0.703ms
[44.314s][info][gc,heap        ] GC(242) PSYoungGen: 500K(311296K)->0K(311296K) Eden: 0K(282624K)->0K(282624K) From: 500K(28672K)->0K(28672K)
[44.314s][info][gc,heap        ] GC(242) ParOldGen: 78526K(699392K)->71124K(699392K)
[44.314s][info][gc,metaspace   ] GC(242) Metaspace: 138784K(140608K)->138757K(140608K) NonClass: 121447K(122368K)->121425K(122368K) Class: 17337K(18240K)->17332K(18240K)
[44.314s][info][gc             ] GC(242) Pause Full (System.gc()) 77M->69M(987M) 86.600ms
[44.314s][info][gc,cpu         ] GC(242) User=0.08s Sys=0.00s Real=0.08s
[44.541s][info][gc,start       ] GC(243) Pause Young (Allocation Failure)
[44.542s][info][gc,heap        ] GC(243) PSYoungGen: 282624K(311296K)->2046K(315904K) Eden: 282624K(282624K)->0K(282624K) From: 0K(28672K)->2046K(33280K)
[44.543s][info][gc,heap        ] GC(243) ParOldGen: 71124K(699392K)->71124K(699392K)
[44.543s][info][gc,metaspace   ] GC(243) Metaspace: 138803K(140672K)->138803K(140672K) NonClass: 121466K(122432K)->121466K(122432K) Class: 17337K(18240K)->17337K(18240K)
[44.543s][info][gc             ] GC(243) Pause Young (Allocation Failure) 345M->71M(991M) 1.894ms
[44.543s][info][gc,cpu         ] GC(243) User=0.00s Sys=0.00s Real=0.00s
[44.633s][info][gc,start       ] GC(244) Pause Young (Allocation Failure)
[44.635s][info][gc,heap        ] GC(244) PSYoungGen: 284670K(315904K)->2765K(319488K) Eden: 282624K(282624K)->0K(288256K) From: 2046K(33280K)->2765K(31232K)
[44.635s][info][gc,heap        ] GC(244) ParOldGen: 71124K(699392K)->72353K(699392K)
[44.635s][info][gc,metaspace   ] GC(244) Metaspace: 138803K(140672K)->138803K(140672K) NonClass: 121466K(122432K)->121466K(122432K) Class: 17337K(18240K)->17337K(18240K)
[44.635s][info][gc             ] GC(244) Pause Young (Allocation Failure) 347M->73M(995M) 2.159ms
[44.635s][info][gc,cpu         ] GC(244) User=0.00s Sys=0.00s Real=0.00s
[44.696s][info][gc,start       ] GC(245) Pause Young (Allocation Failure)
[44.697s][info][gc,heap        ] GC(245) PSYoungGen: 291021K(319488K)->224K(317952K) Eden: 288256K(288256K)->0K(288256K) From: 2765K(31232K)->224K(29696K)
[44.697s][info][gc,heap        ] GC(245) ParOldGen: 72353K(699392K)->75040K(699392K)
[44.697s][info][gc,metaspace   ] GC(245) Metaspace: 138803K(140672K)->138803K(140672K) NonClass: 121466K(122432K)->121466K(122432K) Class: 17337K(18240K)->17337K(18240K)
[44.697s][info][gc             ] GC(245) Pause Young (Allocation Failure) 354M->73M(993M) 1.548ms
[44.697s][info][gc,cpu         ] GC(245) User=0.00s Sys=0.00s Real=0.00s
[44.828s][info][gc,start       ] GC(246) Pause Young (Allocation Failure)
[44.829s][info][gc,heap        ] GC(246) PSYoungGen: 287384K(317952K)->908K(322560K) Eden: 287160K(288256K)->0K(294400K) From: 224K(29696K)->908K(28160K)
[44.829s][info][gc,heap        ] GC(246) ParOldGen: 75040K(699392K)->75096K(699392K)
[44.829s][info][gc,metaspace   ] GC(246) Metaspace: 138804K(140672K)->138804K(140672K) NonClass: 121467K(122432K)->121467K(122432K) Class: 17337K(18240K)->17337K(18240K)
[44.829s][info][gc             ] GC(246) Pause Young (Allocation Failure) 353M->74M(998M) 1.409ms
[44.829s][info][gc,cpu         ] GC(246) User=0.00s Sys=0.00s Real=0.00s
[44.959s][info][gc,start       ] GC(247) Pause Young (Allocation Failure)
[44.964s][info][gc,heap        ] GC(247) PSYoungGen: 295308K(322560K)->26603K(321024K) Eden: 294400K(294400K)->0K(294400K) From: 908K(28160K)->26603K(26624K)
[44.964s][info][gc,heap        ] GC(247) ParOldGen: 75096K(699392K)->79591K(699392K)
[44.964s][info][gc,metaspace   ] GC(247) Metaspace: 138805K(140672K)->138805K(140672K) NonClass: 121467K(122432K)->121467K(122432K) Class: 17337K(18240K)->17337K(18240K)
[44.965s][info][gc             ] GC(247) Pause Young (Allocation Failure) 361M->103M(996M) 5.178ms
[44.965s][info][gc,cpu         ] GC(247) User=0.00s Sys=0.00s Real=0.01s
[45.060s][info][gc,start       ] GC(248) Pause Young (System.gc())
[45.060s][info][gc,heap        ] GC(248) PSYoungGen: 105260K(321024K)->532K(311808K) Eden: 78656K(294400K)->0K(283648K) From: 26603K(26624K)->532K(28160K)
[45.060s][info][gc,heap        ] GC(248) ParOldGen: 79591K(699392K)->79654K(699392K)
[45.060s][info][gc,metaspace   ] GC(248) Metaspace: 138805K(140672K)->138805K(140672K) NonClass: 121467K(122432K)->121467K(122432K) Class: 17337K(18240K)->17337K(18240K)
[45.060s][info][gc             ] GC(248) Pause Young (System.gc()) 180M->78M(987M) 0.782ms
[45.060s][info][gc,cpu         ] GC(248) User=0.00s Sys=0.00s Real=0.00s
[45.060s][info][gc,start       ] GC(249) Pause Full (System.gc())
[45.060s][info][gc,phases,start] GC(249) Marking Phase
[45.118s][info][gc,phases      ] GC(249) Marking Phase 57.613ms
[45.118s][info][gc,phases,start] GC(249) Summary Phase
[45.118s][info][gc,phases      ] GC(249) Summary Phase 0.010ms
[45.118s][info][gc,phases,start] GC(249) Adjust Roots
[45.136s][info][gc,phases      ] GC(249) Adjust Roots 17.960ms
[45.136s][info][gc,phases,start] GC(249) Compaction Phase
[45.144s][info][gc,phases      ] GC(249) Compaction Phase 7.438ms
[45.144s][info][gc,phases,start] GC(249) Post Compact
[45.144s][info][gc,phases      ] GC(249) Post Compact 0.683ms
[45.144s][info][gc,heap        ] GC(249) PSYoungGen: 532K(311808K)->0K(311808K) Eden: 0K(283648K)->0K(283648K) From: 532K(28160K)->0K(28160K)
[45.144s][info][gc,heap        ] GC(249) ParOldGen: 79654K(699392K)->71232K(699392K)
[45.144s][info][gc,metaspace   ] GC(249) Metaspace: 138805K(140672K)->138779K(140608K) NonClass: 121467K(122432K)->121445K(122368K) Class: 17337K(18240K)->17333K(18240K)
[45.144s][info][gc             ] GC(249) Pause Full (System.gc()) 78M->69M(987M) 84.004ms
[45.144s][info][gc,cpu         ] GC(249) User=0.05s Sys=0.00s Real=0.08s
[45.366s][info][gc,start       ] GC(250) Pause Young (Allocation Failure)
[45.368s][info][gc,heap        ] GC(250) PSYoungGen: 283648K(311808K)->2055K(316416K) Eden: 283648K(283648K)->0K(283648K) From: 0K(28160K)->2055K(32768K)
[45.368s][info][gc,heap        ] GC(250) ParOldGen: 71232K(699392K)->71240K(699392K)
[45.368s][info][gc,metaspace   ] GC(250) Metaspace: 139009K(140864K)->139009K(140864K) NonClass: 121671K(122624K)->121671K(122624K) Class: 17337K(18240K)->17337K(18240K)
[45.368s][info][gc             ] GC(250) Pause Young (Allocation Failure) 346M->71M(992M) 1.908ms
[45.368s][info][gc,cpu         ] GC(250) User=0.00s Sys=0.00s Real=0.00s
[45.455s][info][gc,start       ] GC(251) Pause Young (Allocation Failure)
[45.457s][info][gc,heap        ] GC(251) PSYoungGen: 285703K(316416K)->2765K(320000K) Eden: 283648K(283648K)->0K(288768K) From: 2055K(32768K)->2765K(31232K)
[45.457s][info][gc,heap        ] GC(251) ParOldGen: 71240K(699392K)->72471K(699392K)
[45.457s][info][gc,metaspace   ] GC(251) Metaspace: 139010K(140864K)->139010K(140864K) NonClass: 121672K(122624K)->121672K(122624K) Class: 17337K(18240K)->17337K(18240K)
[45.457s][info][gc             ] GC(251) Pause Young (Allocation Failure) 348M->73M(995M) 2.322ms
[45.457s][info][gc,cpu         ] GC(251) User=0.00s Sys=0.00s Real=0.00s
[45.520s][info][gc,start       ] GC(252) Pause Young (Allocation Failure)
[45.521s][info][gc,heap        ] GC(252) PSYoungGen: 291533K(320000K)->160K(317952K) Eden: 288768K(288768K)->0K(288768K) From: 2765K(31232K)->160K(29184K)
[45.521s][info][gc,heap        ] GC(252) ParOldGen: 72471K(699392K)->75152K(699392K)
[45.521s][info][gc,metaspace   ] GC(252) Metaspace: 139010K(140864K)->139010K(140864K) NonClass: 121672K(122624K)->121672K(122624K) Class: 17337K(18240K)->17337K(18240K)
[45.521s][info][gc             ] GC(252) Pause Young (Allocation Failure) 355M->73M(993M) 1.674ms
[45.521s][info][gc,cpu         ] GC(252) User=0.00s Sys=0.00s Real=0.00s
[45.649s][info][gc,start       ] GC(253) Pause Young (Allocation Failure)
[45.650s][info][gc,heap        ] GC(253) PSYoungGen: 288212K(317952K)->908K(322560K) Eden: 288052K(288768K)->0K(294400K) From: 160K(29184K)->908K(28160K)
[45.650s][info][gc,heap        ] GC(253) ParOldGen: 75152K(699392K)->75192K(699392K)
[45.650s][info][gc,metaspace   ] GC(253) Metaspace: 139016K(140864K)->139016K(140864K) NonClass: 121679K(122624K)->121679K(122624K) Class: 17337K(18240K)->17337K(18240K)
[45.650s][info][gc             ] GC(253) Pause Young (Allocation Failure) 354M->74M(998M) 1.131ms
[45.650s][info][gc,cpu         ] GC(253) User=0.00s Sys=0.00s Real=0.00s
[45.801s][info][gc,start       ] GC(254) Pause Young (Allocation Failure)
[45.807s][info][gc,heap        ] GC(254) PSYoungGen: 295082K(322560K)->26601K(321024K) Eden: 294173K(294400K)->0K(294400K) From: 908K(28160K)->26601K(26624K)
[45.807s][info][gc,heap        ] GC(254) ParOldGen: 75192K(699392K)->80920K(699392K)
[45.807s][info][gc,metaspace   ] GC(254) Metaspace: 139043K(140864K)->139043K(140864K) NonClass: 121705K(122624K)->121705K(122624K) Class: 17337K(18240K)->17337K(18240K)
[45.807s][info][gc             ] GC(254) Pause Young (Allocation Failure) 361M->105M(996M) 5.531ms
[45.807s][info][gc,cpu         ] GC(254) User=0.00s Sys=0.00s Real=0.00s
[45.881s][info][gc,start       ] GC(255) Pause Young (System.gc())
[45.882s][info][gc,heap        ] GC(255) PSYoungGen: 104453K(321024K)->532K(310784K) Eden: 77851K(294400K)->0K(282624K) From: 26601K(26624K)->532K(28160K)
[45.882s][info][gc,heap        ] GC(255) ParOldGen: 80920K(699392K)->81003K(699392K)
[45.882s][info][gc,metaspace   ] GC(255) Metaspace: 139057K(140864K)->139057K(140864K) NonClass: 121720K(122624K)->121720K(122624K) Class: 17337K(18240K)->17337K(18240K)
[45.882s][info][gc             ] GC(255) Pause Young (System.gc()) 181M->79M(986M) 0.790ms
[45.882s][info][gc,cpu         ] GC(255) User=0.00s Sys=0.00s Real=0.00s
[45.882s][info][gc,start       ] GC(256) Pause Full (System.gc())
[45.882s][info][gc,phases,start] GC(256) Marking Phase
[45.941s][info][gc,phases      ] GC(256) Marking Phase 59.240ms
[45.941s][info][gc,phases,start] GC(256) Summary Phase
[45.941s][info][gc,phases      ] GC(256) Summary Phase 0.010ms
[45.941s][info][gc,phases,start] GC(256) Adjust Roots
[45.960s][info][gc,phases      ] GC(256) Adjust Roots 18.520ms
[45.960s][info][gc,phases,start] GC(256) Compaction Phase
[45.968s][info][gc,phases      ] GC(256) Compaction Phase 8.255ms
[45.968s][info][gc,phases,start] GC(256) Post Compact
[45.969s][info][gc,phases      ] GC(256) Post Compact 0.735ms
[45.969s][info][gc,heap        ] GC(256) PSYoungGen: 532K(310784K)->0K(310784K) Eden: 0K(282624K)->0K(282624K) From: 532K(28160K)->0K(28160K)
[45.969s][info][gc,heap        ] GC(256) ParOldGen: 81003K(699392K)->71481K(699392K)
[45.969s][info][gc,metaspace   ] GC(256) Metaspace: 139057K(140864K)->139031K(140864K) NonClass: 121720K(122624K)->121697K(122624K) Class: 17337K(18240K)->17333K(18240K)
[45.969s][info][gc             ] GC(256) Pause Full (System.gc()) 79M->69M(986M) 87.055ms
[45.969s][info][gc,cpu         ] GC(256) User=0.11s Sys=0.00s Real=0.09s
[46.201s][info][gc,start       ] GC(257) Pause Young (Allocation Failure)
[46.203s][info][gc,heap        ] GC(257) PSYoungGen: 282624K(310784K)->2268K(315904K) Eden: 282624K(282624K)->0K(282624K) From: 0K(28160K)->2268K(33280K)
[46.203s][info][gc,heap        ] GC(257) ParOldGen: 71481K(699392K)->71489K(699392K)
[46.203s][info][gc,metaspace   ] GC(257) Metaspace: 139068K(140928K)->139068K(140928K) NonClass: 121730K(122688K)->121730K(122688K) Class: 17337K(18240K)->17337K(18240K)
[46.203s][info][gc             ] GC(257) Pause Young (Allocation Failure) 345M->72M(991M) 2.283ms
[46.203s][info][gc,cpu         ] GC(257) User=0.02s Sys=0.00s Real=0.02s
[46.290s][info][gc,start       ] GC(258) Pause Young (Allocation Failure)
[46.291s][info][gc,heap        ] GC(258) PSYoungGen: 284892K(315904K)->2564K(319488K) Eden: 282624K(282624K)->0K(288256K) From: 2268K(33280K)->2564K(31232K)
[46.292s][info][gc,heap        ] GC(258) ParOldGen: 71489K(699392K)->72715K(699392K)
[46.292s][info][gc,metaspace   ] GC(258) Metaspace: 139068K(140928K)->139068K(140928K) NonClass: 121730K(122688K)->121730K(122688K) Class: 17337K(18240K)->17337K(18240K)
[46.292s][info][gc             ] GC(258) Pause Young (Allocation Failure) 348M->73M(995M) 2.015ms
[46.292s][info][gc,cpu         ] GC(258) User=0.00s Sys=0.00s Real=0.00s
[46.353s][info][gc,start       ] GC(259) Pause Young (Allocation Failure)
[46.355s][info][gc,heap        ] GC(259) PSYoungGen: 290820K(319488K)->192K(317952K) Eden: 288256K(288256K)->0K(288256K) From: 2564K(31232K)->192K(29696K)
[46.355s][info][gc,heap        ] GC(259) ParOldGen: 72715K(699392K)->74462K(699392K)
[46.355s][info][gc,metaspace   ] GC(259) Metaspace: 139068K(140928K)->139068K(140928K) NonClass: 121730K(122688K)->121730K(122688K) Class: 17337K(18240K)->17337K(18240K)
[46.355s][info][gc             ] GC(259) Pause Young (Allocation Failure) 355M->72M(993M) 1.249ms
[46.355s][info][gc,cpu         ] GC(259) User=0.00s Sys=0.00s Real=0.00s
[46.484s][info][gc,start       ] GC(260) Pause Young (Allocation Failure)
[46.485s][info][gc,heap        ] GC(260) PSYoungGen: 288382K(317952K)->909K(322560K) Eden: 288190K(288256K)->0K(294400K) From: 192K(29696K)->909K(28160K)
[46.485s][info][gc,heap        ] GC(260) ParOldGen: 74462K(699392K)->74510K(699392K)
[46.485s][info][gc,metaspace   ] GC(260) Metaspace: 139068K(140928K)->139068K(140928K) NonClass: 121730K(122688K)->121730K(122688K) Class: 17337K(18240K)->17337K(18240K)
[46.485s][info][gc             ] GC(260) Pause Young (Allocation Failure) 354M->73M(998M) 1.191ms
[46.486s][info][gc,cpu         ] GC(260) User=0.00s Sys=0.00s Real=0.00s
[46.642s][info][gc,start       ] GC(261) Pause Young (Allocation Failure)
[46.647s][info][gc,heap        ] GC(261) PSYoungGen: 295309K(322560K)->26594K(321024K) Eden: 294400K(294400K)->0K(294400K) From: 909K(28160K)->26594K(26624K)
[46.647s][info][gc,heap        ] GC(261) ParOldGen: 74510K(699392K)->79670K(699392K)
[46.647s][info][gc,metaspace   ] GC(261) Metaspace: 139070K(140928K)->139070K(140928K) NonClass: 121733K(122688K)->121733K(122688K) Class: 17337K(18240K)->17337K(18240K)
[46.647s][info][gc             ] GC(261) Pause Young (Allocation Failure) 361M->103M(996M) 5.823ms
[46.647s][info][gc,cpu         ] GC(261) User=0.02s Sys=0.00s Real=0.02s
[46.720s][info][gc,start       ] GC(262) Pause Young (System.gc())
[46.721s][info][gc,heap        ] GC(262) PSYoungGen: 101626K(321024K)->500K(310784K) Eden: 75031K(294400K)->0K(282624K) From: 26594K(26624K)->500K(28160K)
[46.721s][info][gc,heap        ] GC(262) ParOldGen: 79670K(699392K)->79972K(699392K)
[46.721s][info][gc,metaspace   ] GC(262) Metaspace: 139071K(140928K)->139071K(140928K) NonClass: 121734K(122688K)->121734K(122688K) Class: 17337K(18240K)->17337K(18240K)
[46.721s][info][gc             ] GC(262) Pause Young (System.gc()) 177M->78M(986M) 0.933ms
[46.721s][info][gc,cpu         ] GC(262) User=0.00s Sys=0.00s Real=0.00s
[46.721s][info][gc,start       ] GC(263) Pause Full (System.gc())
[46.721s][info][gc,phases,start] GC(263) Marking Phase
[46.780s][info][gc,phases      ] GC(263) Marking Phase 58.615ms
[46.780s][info][gc,phases,start] GC(263) Summary Phase
[46.780s][info][gc,phases      ] GC(263) Summary Phase 0.010ms
[46.780s][info][gc,phases,start] GC(263) Adjust Roots
[46.798s][info][gc,phases      ] GC(263) Adjust Roots 18.529ms
[46.798s][info][gc,phases,start] GC(263) Compaction Phase
[46.807s][info][gc,phases      ] GC(263) Compaction Phase 8.946ms
[46.807s][info][gc,phases,start] GC(263) Post Compact
[46.808s][info][gc,phases      ] GC(263) Post Compact 0.732ms
[46.808s][info][gc,heap        ] GC(263) PSYoungGen: 500K(310784K)->0K(310784K) Eden: 0K(282624K)->0K(282624K) From: 500K(28160K)->0K(28160K)
[46.808s][info][gc,heap        ] GC(263) ParOldGen: 79972K(699392K)->71459K(699392K)
[46.808s][info][gc,metaspace   ] GC(263) Metaspace: 139071K(140928K)->139045K(140928K) NonClass: 121734K(122688K)->121711K(122688K) Class: 17337K(18240K)->17333K(18240K)
[46.808s][info][gc             ] GC(263) Pause Full (System.gc()) 78M->69M(986M) 87.175ms
[46.808s][info][gc,cpu         ] GC(263) User=0.08s Sys=0.00s Real=0.08s
[47.036s][info][gc,start       ] GC(264) Pause Young (Allocation Failure)
[47.038s][info][gc,heap        ] GC(264) PSYoungGen: 282624K(310784K)->2227K(315904K) Eden: 282624K(282624K)->0K(282624K) From: 0K(28160K)->2227K(33280K)
[47.038s][info][gc,heap        ] GC(264) ParOldGen: 71459K(699392K)->71459K(699392K)
[47.038s][info][gc,metaspace   ] GC(264) Metaspace: 139177K(140992K)->139177K(140992K) NonClass: 121839K(122752K)->121839K(122752K) Class: 17337K(18240K)->17337K(18240K)
[47.038s][info][gc             ] GC(264) Pause Young (Allocation Failure) 345M->71M(991M) 2.274ms
[47.038s][info][gc,cpu         ] GC(264) User=0.02s Sys=0.00s Real=0.02s
[47.127s][info][gc,start       ] GC(265) Pause Young (Allocation Failure)
[47.129s][info][gc,heap        ] GC(265) PSYoungGen: 284851K(315904K)->2585K(319488K) Eden: 282624K(282624K)->0K(288256K) From: 2227K(33280K)->2585K(31232K)
[47.129s][info][gc,heap        ] GC(265) ParOldGen: 71459K(699392K)->72714K(699392K)
[47.129s][info][gc,metaspace   ] GC(265) Metaspace: 139209K(141056K)->139209K(141056K) NonClass: 121871K(122816K)->121871K(122816K) Class: 17337K(18240K)->17337K(18240K)
[47.129s][info][gc             ] GC(265) Pause Young (Allocation Failure) 347M->73M(995M) 2.045ms
[47.129s][info][gc,cpu         ] GC(265) User=0.00s Sys=0.00s Real=0.00s
[47.190s][info][gc,start       ] GC(266) Pause Young (Allocation Failure)
[47.191s][info][gc,heap        ] GC(266) PSYoungGen: 290841K(319488K)->192K(317952K) Eden: 288256K(288256K)->0K(288256K) From: 2585K(31232K)->192K(29696K)
[47.191s][info][gc,heap        ] GC(266) ParOldGen: 72714K(699392K)->74488K(699392K)
[47.191s][info][gc,metaspace   ] GC(266) Metaspace: 139209K(141056K)->139209K(141056K) NonClass: 121871K(122816K)->121871K(122816K) Class: 17337K(18240K)->17337K(18240K)
[47.191s][info][gc             ] GC(266) Pause Young (Allocation Failure) 355M->72M(993M) 1.103ms
[47.191s][info][gc,cpu         ] GC(266) User=0.00s Sys=0.00s Real=0.00s
[47.316s][info][gc,start       ] GC(267) Pause Young (Allocation Failure)
[47.317s][info][gc,heap        ] GC(267) PSYoungGen: 288349K(317952K)->880K(322560K) Eden: 288157K(288256K)->0K(294400K) From: 192K(29696K)->880K(28160K)
[47.317s][info][gc,heap        ] GC(267) ParOldGen: 74488K(699392K)->74528K(699392K)
[47.317s][info][gc,metaspace   ] GC(267) Metaspace: 139209K(141056K)->139209K(141056K) NonClass: 121871K(122816K)->121871K(122816K) Class: 17337K(18240K)->17337K(18240K)
[47.317s][info][gc             ] GC(267) Pause Young (Allocation Failure) 354M->73M(998M) 1.090ms
[47.317s][info][gc,cpu         ] GC(267) User=0.00s Sys=0.00s Real=0.00s
[47.468s][info][gc,start       ] GC(268) Pause Young (Allocation Failure)
[47.474s][info][gc,heap        ] GC(268) PSYoungGen: 295218K(322560K)->26609K(321024K) Eden: 294337K(294400K)->0K(294400K) From: 880K(28160K)->26609K(26624K)
[47.474s][info][gc,heap        ] GC(268) ParOldGen: 74528K(699392K)->80304K(699392K)
[47.474s][info][gc,metaspace   ] GC(268) Metaspace: 139210K(141056K)->139210K(141056K) NonClass: 121873K(122816K)->121873K(122816K) Class: 17337K(18240K)->17337K(18240K)
[47.474s][info][gc             ] GC(268) Pause Young (Allocation Failure) 361M->104M(996M) 5.442ms
[47.474s][info][gc,cpu         ] GC(268) User=0.00s Sys=0.00s Real=0.00s
[47.546s][info][gc,start       ] GC(269) Pause Young (System.gc())
[47.547s][info][gc,heap        ] GC(269) PSYoungGen: 104183K(321024K)->500K(310784K) Eden: 77573K(294400K)->0K(282624K) From: 26609K(26624K)->500K(28160K)
[47.547s][info][gc,heap        ] GC(269) ParOldGen: 80304K(699392K)->80607K(699392K)
[47.547s][info][gc,metaspace   ] GC(269) Metaspace: 139211K(141056K)->139211K(141056K) NonClass: 121874K(122816K)->121874K(122816K) Class: 17337K(18240K)->17337K(18240K)
[47.547s][info][gc             ] GC(269) Pause Young (System.gc()) 180M->79M(986M) 0.920ms
[47.547s][info][gc,cpu         ] GC(269) User=0.00s Sys=0.00s Real=0.00s
[47.547s][info][gc,start       ] GC(270) Pause Full (System.gc())
[47.547s][info][gc,phases,start] GC(270) Marking Phase
[47.606s][info][gc,phases      ] GC(270) Marking Phase 58.244ms
[47.606s][info][gc,phases,start] GC(270) Summary Phase
[47.606s][info][gc,phases      ] GC(270) Summary Phase 0.010ms
[47.606s][info][gc,phases,start] GC(270) Adjust Roots
[47.624s][info][gc,phases      ] GC(270) Adjust Roots 18.629ms
[47.624s][info][gc,phases,start] GC(270) Compaction Phase
[47.634s][info][gc,phases      ] GC(270) Compaction Phase 9.635ms
[47.634s][info][gc,phases,start] GC(270) Post Compact
[47.635s][info][gc,phases      ] GC(270) Post Compact 0.720ms
[47.635s][info][gc,heap        ] GC(270) PSYoungGen: 500K(310784K)->0K(310784K) Eden: 0K(282624K)->0K(282624K) From: 500K(28160K)->0K(28160K)
[47.635s][info][gc,heap        ] GC(270) ParOldGen: 80607K(699392K)->71562K(699392K)
[47.635s][info][gc,metaspace   ] GC(270) Metaspace: 139211K(141056K)->139185K(141056K) NonClass: 121874K(122816K)->121851K(122816K) Class: 17337K(18240K)->17333K(18240K)
[47.635s][info][gc             ] GC(270) Pause Full (System.gc()) 79M->69M(986M) 87.588ms
[47.635s][info][gc,cpu         ] GC(270) User=0.08s Sys=0.00s Real=0.08s
[47.854s][info][gc,start       ] GC(271) Pause Young (Allocation Failure)
[47.856s][info][gc,heap        ] GC(271) PSYoungGen: 282624K(310784K)->2279K(315904K) Eden: 282624K(282624K)->0K(282624K) From: 0K(28160K)->2279K(33280K)
[47.856s][info][gc,heap        ] GC(271) ParOldGen: 71562K(699392K)->71570K(699392K)
[47.856s][info][gc,metaspace   ] GC(271) Metaspace: 139227K(141056K)->139227K(141056K) NonClass: 121890K(122816K)->121890K(122816K) Class: 17337K(18240K)->17337K(18240K)
[47.856s][info][gc             ] GC(271) Pause Young (Allocation Failure) 345M->72M(991M) 2.000ms
[47.856s][info][gc,cpu         ] GC(271) User=0.02s Sys=0.00s Real=0.02s
[47.944s][info][gc,start       ] GC(272) Pause Young (Allocation Failure)
[47.946s][info][gc,heap        ] GC(272) PSYoungGen: 284903K(315904K)->2553K(319488K) Eden: 282624K(282624K)->0K(287744K) From: 2279K(33280K)->2553K(31744K)
[47.946s][info][gc,heap        ] GC(272) ParOldGen: 71570K(699392K)->72793K(699392K)
[47.946s][info][gc,metaspace   ] GC(272) Metaspace: 139227K(141056K)->139227K(141056K) NonClass: 121890K(122816K)->121890K(122816K) Class: 17337K(18240K)->17337K(18240K)
[47.946s][info][gc             ] GC(272) Pause Young (Allocation Failure) 348M->73M(995M) 2.502ms
[47.946s][info][gc,cpu         ] GC(272) User=0.00s Sys=0.00s Real=0.00s
[48.012s][info][gc,start       ] GC(273) Pause Young (Allocation Failure)
[48.013s][info][gc,heap        ] GC(273) PSYoungGen: 290297K(319488K)->160K(317440K) Eden: 287744K(287744K)->0K(287744K) From: 2553K(31744K)->160K(29696K)
[48.013s][info][gc,heap        ] GC(273) ParOldGen: 72793K(699392K)->74553K(699392K)
[48.013s][info][gc,metaspace   ] GC(273) Metaspace: 139227K(141056K)->139227K(141056K) NonClass: 121890K(122816K)->121890K(122816K) Class: 17337K(18240K)->17337K(18240K)
[48.013s][info][gc             ] GC(273) Pause Young (Allocation Failure) 354M->72M(993M) 1.571ms
[48.014s][info][gc,cpu         ] GC(273) User=0.00s Sys=0.00s Real=0.00s
[48.139s][info][gc,start       ] GC(274) Pause Young (Allocation Failure)
[48.141s][info][gc,heap        ] GC(274) PSYoungGen: 287904K(317440K)->1004K(322048K) Eden: 287744K(287744K)->0K(293376K) From: 160K(29696K)->1004K(28672K)
[48.141s][info][gc,heap        ] GC(274) ParOldGen: 74553K(699392K)->74593K(699392K)
[48.141s][info][gc,metaspace   ] GC(274) Metaspace: 139231K(141056K)->139231K(141056K) NonClass: 121894K(122816K)->121894K(122816K) Class: 17337K(18240K)->17337K(18240K)
[48.141s][info][gc             ] GC(274) Pause Young (Allocation Failure) 353M->73M(997M) 1.300ms
[48.141s][info][gc,cpu         ] GC(274) User=0.02s Sys=0.00s Real=0.02s
[48.274s][info][gc,start       ] GC(275) Pause Young (Allocation Failure)
[48.279s][info][gc,heap        ] GC(275) PSYoungGen: 294380K(322048K)->27123K(320512K) Eden: 293376K(293376K)->0K(293376K) From: 1004K(28672K)->27123K(27136K)
[48.279s][info][gc,heap        ] GC(275) ParOldGen: 74593K(699392K)->78681K(699392K)
[48.279s][info][gc,metaspace   ] GC(275) Metaspace: 139231K(141056K)->139231K(141056K) NonClass: 121894K(122816K)->121894K(122816K) Class: 17337K(18240K)->17337K(18240K)
[48.279s][info][gc             ] GC(275) Pause Young (Allocation Failure) 360M->103M(996M) 5.533ms
[48.279s][info][gc,cpu         ] GC(275) User=0.00s Sys=0.00s Real=0.00s
[48.379s][info][gc,start       ] GC(276) Pause Young (System.gc())
[48.380s][info][gc,heap        ] GC(276) PSYoungGen: 108949K(320512K)->500K(311296K) Eden: 81826K(293376K)->0K(282624K) From: 27123K(27136K)->500K(28672K)
[48.380s][info][gc,heap        ] GC(276) ParOldGen: 78681K(699392K)->78992K(699392K)
[48.380s][info][gc,metaspace   ] GC(276) Metaspace: 139231K(141056K)->139231K(141056K) NonClass: 121894K(122816K)->121894K(122816K) Class: 17337K(18240K)->17337K(18240K)
[48.380s][info][gc             ] GC(276) Pause Young (System.gc()) 183M->77M(987M) 0.783ms
[48.380s][info][gc,cpu         ] GC(276) User=0.00s Sys=0.00s Real=0.00s
[48.380s][info][gc,start       ] GC(277) Pause Full (System.gc())
[48.380s][info][gc,phases,start] GC(277) Marking Phase
[48.439s][info][gc,phases      ] GC(277) Marking Phase 59.338ms
[48.439s][info][gc,phases,start] GC(277) Summary Phase
[48.439s][info][gc,phases      ] GC(277) Summary Phase 0.010ms
[48.439s][info][gc,phases,start] GC(277) Adjust Roots
[48.458s][info][gc,phases      ] GC(277) Adjust Roots 18.612ms
[48.458s][info][gc,phases,start] GC(277) Compaction Phase
[48.465s][info][gc,phases      ] GC(277) Compaction Phase 6.894ms
[48.465s][info][gc,phases,start] GC(277) Post Compact
[48.466s][info][gc,phases      ] GC(277) Post Compact 0.712ms
[48.466s][info][gc,heap        ] GC(277) PSYoungGen: 500K(311296K)->0K(311296K) Eden: 0K(282624K)->0K(282624K) From: 500K(28672K)->0K(28672K)
[48.466s][info][gc,heap        ] GC(277) ParOldGen: 78992K(699392K)->71634K(699392K)
[48.466s][info][gc,metaspace   ] GC(277) Metaspace: 139231K(141056K)->139205K(141056K) NonClass: 121894K(122816K)->121872K(122816K) Class: 17337K(18240K)->17333K(18240K)
[48.466s][info][gc             ] GC(277) Pause Full (System.gc()) 77M->69M(987M) 85.843ms
[48.466s][info][gc,cpu         ] GC(277) User=0.14s Sys=0.00s Real=0.08s
[48.682s][info][gc,start       ] GC(278) Pause Young (Allocation Failure)
[48.684s][info][gc,heap        ] GC(278) PSYoungGen: 282624K(311296K)->2268K(315904K) Eden: 282624K(282624K)->0K(282624K) From: 0K(28672K)->2268K(33280K)
[48.684s][info][gc,heap        ] GC(278) ParOldGen: 71634K(699392K)->71634K(699392K)
[48.684s][info][gc,metaspace   ] GC(278) Metaspace: 139260K(141056K)->139260K(141056K) NonClass: 121923K(122816K)->121923K(122816K) Class: 17337K(18240K)->17337K(18240K)
[48.684s][info][gc             ] GC(278) Pause Young (Allocation Failure) 345M->72M(991M) 1.966ms
[48.684s][info][gc,cpu         ] GC(278) User=0.02s Sys=0.00s Real=0.01s
[48.771s][info][gc,start       ] GC(279) Pause Young (Allocation Failure)
[48.773s][info][gc,heap        ] GC(279) PSYoungGen: 284892K(315904K)->2553K(319488K) Eden: 282624K(282624K)->0K(288256K) From: 2268K(33280K)->2553K(31232K)
[48.773s][info][gc,heap        ] GC(279) ParOldGen: 71634K(699392K)->72876K(699392K)
[48.773s][info][gc,metaspace   ] GC(279) Metaspace: 139260K(141056K)->139260K(141056K) NonClass: 121923K(122816K)->121923K(122816K) Class: 17337K(18240K)->17337K(18240K)
[48.773s][info][gc             ] GC(279) Pause Young (Allocation Failure) 348M->73M(995M) 2.239ms
[48.773s][info][gc,cpu         ] GC(279) User=0.00s Sys=0.00s Real=0.00s
[48.835s][info][gc,start       ] GC(280) Pause Young (Allocation Failure)
[48.836s][info][gc,heap        ] GC(280) PSYoungGen: 290809K(319488K)->192K(317952K) Eden: 288256K(288256K)->0K(288256K) From: 2553K(31232K)->192K(29696K)
[48.836s][info][gc,heap        ] GC(280) ParOldGen: 72876K(699392K)->74642K(699392K)
[48.836s][info][gc,metaspace   ] GC(280) Metaspace: 139260K(141056K)->139260K(141056K) NonClass: 121923K(122816K)->121923K(122816K) Class: 17337K(18240K)->17337K(18240K)
[48.836s][info][gc             ] GC(280) Pause Young (Allocation Failure) 355M->73M(993M) 1.264ms
[48.836s][info][gc,cpu         ] GC(280) User=0.00s Sys=0.00s Real=0.00s
[48.959s][info][gc,start       ] GC(281) Pause Young (Allocation Failure)
[48.961s][info][gc,heap        ] GC(281) PSYoungGen: 288177K(317952K)->900K(322560K) Eden: 287985K(288256K)->0K(294400K) From: 192K(29696K)->900K(28160K)
[48.961s][info][gc,heap        ] GC(281) ParOldGen: 74642K(699392K)->74682K(699392K)
[48.961s][info][gc,metaspace   ] GC(281) Metaspace: 139263K(141120K)->139263K(141120K) NonClass: 121926K(122880K)->121926K(122880K) Class: 17337K(18240K)->17337K(18240K)
[48.961s][info][gc             ] GC(281) Pause Young (Allocation Failure) 354M->73M(998M) 1.319ms
[48.961s][info][gc,cpu         ] GC(281) User=0.00s Sys=0.00s Real=0.00s
[49.107s][info][gc,start       ] GC(282) Pause Young (Allocation Failure)
[49.112s][info][gc,heap        ] GC(282) PSYoungGen: 295300K(322560K)->26609K(321024K) Eden: 294400K(294400K)->0K(294400K) From: 900K(28160K)->26609K(26624K)
[49.112s][info][gc,heap        ] GC(282) ParOldGen: 74682K(699392K)->80515K(699392K)
[49.112s][info][gc,metaspace   ] GC(282) Metaspace: 139264K(141120K)->139264K(141120K) NonClass: 121927K(122880K)->121927K(122880K) Class: 17337K(18240K)->17337K(18240K)
[49.112s][info][gc             ] GC(282) Pause Young (Allocation Failure) 361M->104M(996M) 5.397ms
[49.112s][info][gc,cpu         ] GC(282) User=0.00s Sys=0.00s Real=0.00s
[49.192s][info][gc,start       ] GC(283) Pause Young (System.gc())
[49.193s][info][gc,heap        ] GC(283) PSYoungGen: 103947K(321024K)->500K(310784K) Eden: 77338K(294400K)->0K(282624K) From: 26609K(26624K)->500K(28160K)
[49.193s][info][gc,heap        ] GC(283) ParOldGen: 80515K(699392K)->80817K(699392K)
[49.193s][info][gc,metaspace   ] GC(283) Metaspace: 139265K(141120K)->139265K(141120K) NonClass: 121928K(122880K)->121928K(122880K) Class: 17337K(18240K)->17337K(18240K)
[49.193s][info][gc             ] GC(283) Pause Young (System.gc()) 180M->79M(986M) 0.891ms
[49.193s][info][gc,cpu         ] GC(283) User=0.00s Sys=0.00s Real=0.00s
[49.193s][info][gc,start       ] GC(284) Pause Full (System.gc())
[49.193s][info][gc,phases,start] GC(284) Marking Phase
[49.252s][info][gc,phases      ] GC(284) Marking Phase 58.593ms
[49.252s][info][gc,phases,start] GC(284) Summary Phase
[49.252s][info][gc,phases      ] GC(284) Summary Phase 0.010ms
[49.252s][info][gc,phases,start] GC(284) Adjust Roots
[49.271s][info][gc,phases      ] GC(284) Adjust Roots 18.853ms
[49.271s][info][gc,phases,start] GC(284) Compaction Phase
[49.281s][info][gc,phases      ] GC(284) Compaction Phase 9.937ms
[49.281s][info][gc,phases,start] GC(284) Post Compact
[49.282s][info][gc,phases      ] GC(284) Post Compact 0.728ms
[49.282s][info][gc,heap        ] GC(284) PSYoungGen: 500K(310784K)->0K(310784K) Eden: 0K(282624K)->0K(282624K) From: 500K(28160K)->0K(28160K)
[49.282s][info][gc,heap        ] GC(284) ParOldGen: 80817K(699392K)->71744K(699392K)
[49.282s][info][gc,metaspace   ] GC(284) Metaspace: 139265K(141120K)->139239K(141120K) NonClass: 121928K(122880K)->121905K(122880K) Class: 17337K(18240K)->17333K(18240K)
[49.282s][info][gc             ] GC(284) Pause Full (System.gc()) 79M->70M(986M) 88.412ms
[49.282s][info][gc,cpu         ] GC(284) User=0.08s Sys=0.00s Real=0.08s
[49.499s][info][gc,start       ] GC(285) Pause Young (Allocation Failure)
[49.501s][info][gc,heap        ] GC(285) PSYoungGen: 282624K(310784K)->2058K(315904K) Eden: 282624K(282624K)->0K(282624K) From: 0K(28160K)->2058K(33280K)
[49.501s][info][gc,heap        ] GC(285) ParOldGen: 71744K(699392K)->71744K(699392K)
[49.502s][info][gc,metaspace   ] GC(285) Metaspace: 139346K(141184K)->139346K(141184K) NonClass: 122009K(122944K)->122009K(122944K) Class: 17337K(18240K)->17337K(18240K)
[49.502s][info][gc             ] GC(285) Pause Young (Allocation Failure) 346M->72M(991M) 2.318ms
[49.502s][info][gc,cpu         ] GC(285) User=0.02s Sys=0.00s Real=0.02s
[49.587s][info][gc,start       ] GC(286) Pause Young (Allocation Failure)
[49.589s][info][gc,heap        ] GC(286) PSYoungGen: 284682K(315904K)->2585K(319488K) Eden: 282624K(282624K)->0K(287744K) From: 2058K(33280K)->2585K(31744K)
[49.589s][info][gc,heap        ] GC(286) ParOldGen: 71744K(699392K)->72981K(699392K)
[49.589s][info][gc,metaspace   ] GC(286) Metaspace: 139347K(141184K)->139347K(141184K) NonClass: 122009K(122944K)->122009K(122944K) Class: 17337K(18240K)->17337K(18240K)
[49.589s][info][gc             ] GC(286) Pause Young (Allocation Failure) 348M->73M(995M) 2.112ms
[49.589s][info][gc,cpu         ] GC(286) User=0.00s Sys=0.00s Real=0.00s
[49.650s][info][gc,start       ] GC(287) Pause Young (Allocation Failure)
[49.651s][info][gc,heap        ] GC(287) PSYoungGen: 290329K(319488K)->192K(317440K) Eden: 287744K(287744K)->0K(287744K) From: 2585K(31744K)->192K(29696K)
[49.651s][info][gc,heap        ] GC(287) ParOldGen: 72981K(699392K)->74743K(699392K)
[49.651s][info][gc,metaspace   ] GC(287) Metaspace: 139347K(141184K)->139347K(141184K) NonClass: 122009K(122944K)->122009K(122944K) Class: 17337K(18240K)->17337K(18240K)
[49.651s][info][gc             ] GC(287) Pause Young (Allocation Failure) 354M->73M(993M) 1.231ms
[49.651s][info][gc,cpu         ] GC(287) User=0.00s Sys=0.00s Real=0.00s
[49.777s][info][gc,start       ] GC(288) Pause Young (Allocation Failure)
[49.778s][info][gc,heap        ] GC(288) PSYoungGen: 287927K(317440K)->880K(322048K) Eden: 287735K(287744K)->0K(293376K) From: 192K(29696K)->880K(28672K)
[49.778s][info][gc,heap        ] GC(288) ParOldGen: 74743K(699392K)->74783K(699392K)
[49.778s][info][gc,metaspace   ] GC(288) Metaspace: 139347K(141184K)->139347K(141184K) NonClass: 122009K(122944K)->122009K(122944K) Class: 17337K(18240K)->17337K(18240K)
[49.778s][info][gc             ] GC(288) Pause Young (Allocation Failure) 354M->73M(997M) 1.075ms
[49.778s][info][gc,cpu         ] GC(288) User=0.00s Sys=0.00s Real=0.00s
[49.908s][info][gc,start       ] GC(289) Pause Young (Allocation Failure)
[49.913s][info][gc,heap        ] GC(289) PSYoungGen: 294216K(322048K)->27123K(320512K) Eden: 293335K(293376K)->0K(293376K) From: 880K(28672K)->27123K(27136K)
[49.913s][info][gc,heap        ] GC(289) ParOldGen: 74783K(699392K)->80199K(699392K)
[49.913s][info][gc,metaspace   ] GC(289) Metaspace: 139348K(141184K)->139348K(141184K) NonClass: 122010K(122944K)->122010K(122944K) Class: 17337K(18240K)->17337K(18240K)
[49.913s][info][gc             ] GC(289) Pause Young (Allocation Failure) 360M->104M(996M) 5.531ms
[49.913s][info][gc,cpu         ] GC(289) User=0.02s Sys=0.00s Real=0.01s
[50.009s][info][gc,start       ] GC(290) Pause Young (System.gc())
[50.010s][info][gc,heap        ] GC(290) PSYoungGen: 106340K(320512K)->500K(310272K) Eden: 79216K(293376K)->0K(281600K) From: 27123K(27136K)->500K(28672K)
[50.010s][info][gc,heap        ] GC(290) ParOldGen: 80199K(699392K)->80502K(699392K)
[50.010s][info][gc,metaspace   ] GC(290) Metaspace: 139352K(141184K)->139352K(141184K) NonClass: 122015K(122944K)->122015K(122944K) Class: 17337K(18240K)->17337K(18240K)
[50.010s][info][gc             ] GC(290) Pause Young (System.gc()) 182M->79M(986M) 0.789ms
[50.010s][info][gc,cpu         ] GC(290) User=0.00s Sys=0.00s Real=0.00s
[50.010s][info][gc,start       ] GC(291) Pause Full (System.gc())
[50.010s][info][gc,phases,start] GC(291) Marking Phase
[50.067s][info][gc,phases      ] GC(291) Marking Phase 57.672ms
[50.068s][info][gc,phases,start] GC(291) Summary Phase
[50.068s][info][gc,phases      ] GC(291) Summary Phase 0.014ms
[50.068s][info][gc,phases,start] GC(291) Adjust Roots
[50.086s][info][gc,phases      ] GC(291) Adjust Roots 18.564ms
[50.086s][info][gc,phases,start] GC(291) Compaction Phase
[50.096s][info][gc,phases      ] GC(291) Compaction Phase 9.827ms
[50.096s][info][gc,phases,start] GC(291) Post Compact
[50.097s][info][gc,phases      ] GC(291) Post Compact 0.697ms
[50.097s][info][gc,heap        ] GC(291) PSYoungGen: 500K(310272K)->0K(310272K) Eden: 0K(281600K)->0K(281600K) From: 500K(28672K)->0K(28672K)
[50.097s][info][gc,heap        ] GC(291) ParOldGen: 80502K(699392K)->71848K(699392K)
[50.097s][info][gc,metaspace   ] GC(291) Metaspace: 139352K(141184K)->139325K(141184K) NonClass: 122015K(122944K)->121992K(122944K) Class: 17337K(18240K)->17333K(18240K)
[50.097s][info][gc             ] GC(291) Pause Full (System.gc()) 79M->70M(986M) 87.080ms
[50.097s][info][gc,cpu         ] GC(291) User=0.05s Sys=0.00s Real=0.08s
[50.312s][info][gc,start       ] GC(292) Pause Young (Allocation Failure)
[50.314s][info][gc,heap        ] GC(292) PSYoungGen: 281600K(310272K)->2302K(315392K) Eden: 281600K(281600K)->0K(281600K) From: 0K(28672K)->2302K(33792K)
[50.314s][info][gc,heap        ] GC(292) ParOldGen: 71848K(699392K)->71848K(699392K)
[50.314s][info][gc,metaspace   ] GC(292) Metaspace: 139362K(141184K)->139362K(141184K) NonClass: 122024K(122944K)->122024K(122944K) Class: 17337K(18240K)->17337K(18240K)
[50.314s][info][gc             ] GC(292) Pause Young (Allocation Failure) 345M->72M(991M) 1.966ms
[50.314s][info][gc,cpu         ] GC(292) User=0.02s Sys=0.00s Real=0.02s
[50.398s][info][gc,start       ] GC(293) Pause Young (Allocation Failure)
[50.400s][info][gc,heap        ] GC(293) PSYoungGen: 283902K(315392K)->2553K(318976K) Eden: 281600K(281600K)->0K(287232K) From: 2302K(33792K)->2553K(31744K)
[50.400s][info][gc,heap        ] GC(293) ParOldGen: 71848K(699392K)->73076K(699392K)
[50.400s][info][gc,metaspace   ] GC(293) Metaspace: 139362K(141184K)->139362K(141184K) NonClass: 122025K(122944K)->122025K(122944K) Class: 17337K(18240K)->17337K(18240K)
[50.400s][info][gc             ] GC(293) Pause Young (Allocation Failure) 347M->73M(994M) 2.043ms
[50.401s][info][gc,cpu         ] GC(293) User=0.00s Sys=0.00s Real=0.00s
[50.462s][info][gc,start       ] GC(294) Pause Young (Allocation Failure)
[50.463s][info][gc,heap        ] GC(294) PSYoungGen: 289785K(318976K)->192K(317440K) Eden: 287232K(287232K)->0K(287232K) From: 2553K(31744K)->192K(30208K)
[50.463s][info][gc,heap        ] GC(294) ParOldGen: 73076K(699392K)->74831K(699392K)
[50.463s][info][gc,metaspace   ] GC(294) Metaspace: 139362K(141184K)->139362K(141184K) NonClass: 122025K(122944K)->122025K(122944K) Class: 17337K(18240K)->17337K(18240K)
[50.463s][info][gc             ] GC(294) Pause Young (Allocation Failure) 354M->73M(993M) 1.002ms
[50.463s][info][gc,cpu         ] GC(294) User=0.00s Sys=0.00s Real=0.00s
[50.581s][info][gc,start       ] GC(295) Pause Young (Allocation Failure)
[50.582s][info][gc,heap        ] GC(295) PSYoungGen: 287193K(317440K)->708K(322048K) Eden: 287001K(287232K)->0K(293376K) From: 192K(30208K)->708K(28672K)
[50.582s][info][gc,heap        ] GC(295) ParOldGen: 74831K(699392K)->74863K(699392K)
[50.582s][info][gc,metaspace   ] GC(295) Metaspace: 139363K(141184K)->139363K(141184K) NonClass: 122026K(122944K)->122026K(122944K) Class: 17337K(18240K)->17337K(18240K)
[50.582s][info][gc             ] GC(295) Pause Young (Allocation Failure) 353M->73M(997M) 1.150ms
[50.582s][info][gc,cpu         ] GC(295) User=0.00s Sys=0.00s Real=0.00s
[50.716s][info][gc,start       ] GC(296) Pause Young (Allocation Failure)
[50.721s][info][gc,heap        ] GC(296) PSYoungGen: 294084K(322048K)->27123K(320512K) Eden: 293376K(293376K)->0K(293376K) From: 708K(28672K)->27123K(27136K)
[50.721s][info][gc,heap        ] GC(296) ParOldGen: 74863K(699392K)->78895K(699392K)
[50.721s][info][gc,metaspace   ] GC(296) Metaspace: 139363K(141184K)->139363K(141184K) NonClass: 122026K(122944K)->122026K(122944K) Class: 17337K(18240K)->17337K(18240K)
[50.721s][info][gc             ] GC(296) Pause Young (Allocation Failure) 360M->103M(996M) 5.250ms
[50.721s][info][gc,cpu         ] GC(296) User=0.00s Sys=0.00s Real=0.00s
[50.819s][info][gc,start       ] GC(297) Pause Young (System.gc())
[50.819s][info][gc,heap        ] GC(297) PSYoungGen: 107487K(320512K)->500K(311296K) Eden: 80364K(293376K)->0K(282624K) From: 27123K(27136K)->500K(28672K)
[50.819s][info][gc,heap        ] GC(297) ParOldGen: 78895K(699392K)->79205K(699392K)
[50.819s][info][gc,metaspace   ] GC(297) Metaspace: 139367K(141184K)->139367K(141184K) NonClass: 122030K(122944K)->122030K(122944K) Class: 17337K(18240K)->17337K(18240K)
[50.819s][info][gc             ] GC(297) Pause Young (System.gc()) 182M->77M(987M) 0.834ms
[50.819s][info][gc,cpu         ] GC(297) User=0.00s Sys=0.00s Real=0.00s
[50.819s][info][gc,start       ] GC(298) Pause Full (System.gc())
[50.819s][info][gc,phases,start] GC(298) Marking Phase
[50.879s][info][gc,phases      ] GC(298) Marking Phase 59.353ms
[50.879s][info][gc,phases,start] GC(298) Summary Phase
[50.879s][info][gc,phases      ] GC(298) Summary Phase 0.010ms
[50.879s][info][gc,phases,start] GC(298) Adjust Roots
[50.898s][info][gc,phases      ] GC(298) Adjust Roots 18.732ms
[50.898s][info][gc,phases,start] GC(298) Compaction Phase
[50.906s][info][gc,phases      ] GC(298) Compaction Phase 8.259ms
[50.906s][info][gc,phases,start] GC(298) Post Compact
[50.907s][info][gc,phases      ] GC(298) Post Compact 0.700ms
[50.907s][info][gc,heap        ] GC(298) PSYoungGen: 500K(311296K)->0K(311296K) Eden: 0K(282624K)->0K(282624K) From: 500K(28672K)->0K(28672K)
[50.907s][info][gc,heap        ] GC(298) ParOldGen: 79205K(699392K)->71963K(699392K)
[50.907s][info][gc,metaspace   ] GC(298) Metaspace: 139367K(141184K)->139341K(141184K) NonClass: 122030K(122944K)->122007K(122944K) Class: 17337K(18240K)->17333K(18240K)
[50.907s][info][gc             ] GC(298) Pause Full (System.gc()) 77M->70M(987M) 87.346ms
[50.907s][info][gc,cpu         ] GC(298) User=0.08s Sys=0.02s Real=0.08s
[51.126s][info][gc,start       ] GC(299) Pause Young (Allocation Failure)
[51.127s][info][gc,heap        ] GC(299) PSYoungGen: 282624K(311296K)->2236K(315904K) Eden: 282624K(282624K)->0K(282624K) From: 0K(28672K)->2236K(33280K)
[51.127s][info][gc,heap        ] GC(299) ParOldGen: 71963K(699392K)->71971K(699392K)
[51.127s][info][gc,metaspace   ] GC(299) Metaspace: 139389K(141248K)->139389K(141248K) NonClass: 122051K(123008K)->122051K(123008K) Class: 17337K(18240K)->17337K(18240K)
[51.127s][info][gc             ] GC(299) Pause Young (Allocation Failure) 346M->72M(991M) 1.902ms
[51.127s][info][gc,cpu         ] GC(299) User=0.02s Sys=0.00s Real=0.02s
[51.214s][info][gc,start       ] GC(300) Pause Young (Allocation Failure)
[51.216s][info][gc,heap        ] GC(300) PSYoungGen: 284860K(315904K)->2553K(319488K) Eden: 282624K(282624K)->0K(288256K) From: 2236K(33280K)->2553K(31232K)
[51.216s][info][gc,heap        ] GC(300) ParOldGen: 71971K(699392K)->73200K(699392K)
[51.216s][info][gc,metaspace   ] GC(300) Metaspace: 139390K(141248K)->139390K(141248K) NonClass: 122052K(123008K)->122052K(123008K) Class: 17337K(18240K)->17337K(18240K)
[51.216s][info][gc             ] GC(300) Pause Young (Allocation Failure) 348M->73M(995M) 2.029ms
[51.216s][info][gc,cpu         ] GC(300) User=0.00s Sys=0.00s Real=0.00s
[51.277s][info][gc,start       ] GC(301) Pause Young (Allocation Failure)
[51.278s][info][gc,heap        ] GC(301) PSYoungGen: 290809K(319488K)->192K(317952K) Eden: 288256K(288256K)->0K(288256K) From: 2553K(31232K)->192K(29696K)
[51.278s][info][gc,heap        ] GC(301) ParOldGen: 73200K(699392K)->75112K(699392K)
[51.278s][info][gc,metaspace   ] GC(301) Metaspace: 139390K(141248K)->139390K(141248K) NonClass: 122052K(123008K)->122052K(123008K) Class: 17337K(18240K)->17337K(18240K)
[51.278s][info][gc             ] GC(301) Pause Young (Allocation Failure) 355M->73M(993M) 1.138ms
[51.278s][info][gc,cpu         ] GC(301) User=0.00s Sys=0.00s Real=0.00s
[51.408s][info][gc,start       ] GC(302) Pause Young (Allocation Failure)
[51.410s][info][gc,heap        ] GC(302) PSYoungGen: 286558K(317952K)->876K(322560K) Eden: 286366K(288256K)->0K(294400K) From: 192K(29696K)->876K(28160K)
[51.410s][info][gc,heap        ] GC(302) ParOldGen: 75112K(699392K)->75152K(699392K)
[51.410s][info][gc,metaspace   ] GC(302) Metaspace: 139390K(141248K)->139390K(141248K) NonClass: 122052K(123008K)->122052K(123008K) Class: 17337K(18240K)->17337K(18240K)
[51.410s][info][gc             ] GC(302) Pause Young (Allocation Failure) 353M->74M(998M) 1.226ms
[51.410s][info][gc,cpu         ] GC(302) User=0.00s Sys=0.00s Real=0.00s
[51.562s][info][gc,start       ] GC(303) Pause Young (Allocation Failure)
[51.568s][info][gc,heap        ] GC(303) PSYoungGen: 295276K(322560K)->26616K(321024K) Eden: 294400K(294400K)->0K(294400K) From: 876K(28160K)->26616K(26624K)
[51.568s][info][gc,heap        ] GC(303) ParOldGen: 75152K(699392K)->81448K(699392K)
[51.568s][info][gc,metaspace   ] GC(303) Metaspace: 139390K(141248K)->139390K(141248K) NonClass: 122052K(123008K)->122052K(123008K) Class: 17337K(18240K)->17337K(18240K)
[51.568s][info][gc             ] GC(303) Pause Young (Allocation Failure) 361M->105M(996M) 5.680ms
[51.568s][info][gc,cpu         ] GC(303) User=0.00s Sys=0.00s Real=0.00s
[51.638s][info][gc,start       ] GC(304) Pause Young (System.gc())
[51.638s][info][gc,heap        ] GC(304) PSYoungGen: 102541K(321024K)->500K(309760K) Eden: 75925K(294400K)->0K(281600K) From: 26616K(26624K)->500K(28160K)
[51.638s][info][gc,heap        ] GC(304) ParOldGen: 81448K(699392K)->81504K(699392K)
[51.638s][info][gc,metaspace   ] GC(304) Metaspace: 139390K(141248K)->139390K(141248K) NonClass: 122052K(123008K)->122052K(123008K) Class: 17337K(18240K)->17337K(18240K)
[51.639s][info][gc             ] GC(304) Pause Young (System.gc()) 179M->80M(985M) 0.779ms
[51.639s][info][gc,cpu         ] GC(304) User=0.00s Sys=0.00s Real=0.00s
[51.639s][info][gc,start       ] GC(305) Pause Full (System.gc())
[51.639s][info][gc,phases,start] GC(305) Marking Phase
[51.698s][info][gc,phases      ] GC(305) Marking Phase 59.129ms
[51.698s][info][gc,phases,start] GC(305) Summary Phase
[51.698s][info][gc,phases      ] GC(305) Summary Phase 0.010ms
[51.698s][info][gc,phases,start] GC(305) Adjust Roots
[51.717s][info][gc,phases      ] GC(305) Adjust Roots 18.726ms
[51.717s][info][gc,phases,start] GC(305) Compaction Phase
[51.724s][info][gc,phases      ] GC(305) Compaction Phase 7.050ms
[51.724s][info][gc,phases,start] GC(305) Post Compact
[51.724s][info][gc,phases      ] GC(305) Post Compact 0.707ms
[51.724s][info][gc,heap        ] GC(305) PSYoungGen: 500K(309760K)->0K(309760K) Eden: 0K(281600K)->0K(281600K) From: 500K(28160K)->0K(28160K)
[51.724s][info][gc,heap        ] GC(305) ParOldGen: 81504K(699392K)->72065K(699392K)
[51.724s][info][gc,metaspace   ] GC(305) Metaspace: 139390K(141248K)->139363K(141248K) NonClass: 122052K(123008K)->122030K(123008K) Class: 17337K(18240K)->17333K(18240K)
[51.724s][info][gc             ] GC(305) Pause Full (System.gc()) 80M->70M(985M) 85.906ms
[51.725s][info][gc,cpu         ] GC(305) User=0.11s Sys=0.00s Real=0.08s
[51.947s][info][gc,start       ] GC(306) Pause Young (Allocation Failure)
[51.949s][info][gc,heap        ] GC(306) PSYoungGen: 281600K(309760K)->2035K(315392K) Eden: 281600K(281600K)->0K(281600K) From: 0K(28160K)->2035K(33792K)
[51.949s][info][gc,heap        ] GC(306) ParOldGen: 72065K(699392K)->72073K(699392K)
[51.949s][info][gc,metaspace   ] GC(306) Metaspace: 139670K(141504K)->139670K(141504K) NonClass: 122325K(123264K)->122325K(123264K) Class: 17344K(18240K)->17344K(18240K)
[51.949s][info][gc             ] GC(306) Pause Young (Allocation Failure) 345M->72M(991M) 1.651ms
[51.949s][info][gc,cpu         ] GC(306) User=0.00s Sys=0.00s Real=0.02s
[52.035s][info][gc,start       ] GC(307) Pause Young (Allocation Failure)
[52.037s][info][gc,heap        ] GC(307) PSYoungGen: 283635K(315392K)->2585K(318976K) Eden: 281600K(281600K)->0K(287232K) From: 2035K(33792K)->2585K(31744K)
[52.037s][info][gc,heap        ] GC(307) ParOldGen: 72073K(699392K)->73299K(699392K)
[52.037s][info][gc,metaspace   ] GC(307) Metaspace: 139700K(141568K)->139700K(141568K) NonClass: 122355K(123328K)->122355K(123328K) Class: 17345K(18240K)->17345K(18240K)
[52.037s][info][gc             ] GC(307) Pause Young (Allocation Failure) 347M->74M(994M) 2.025ms
[52.037s][info][gc,cpu         ] GC(307) User=0.00s Sys=0.00s Real=0.00s
[52.098s][info][gc,start       ] GC(308) Pause Young (Allocation Failure)
[52.099s][info][gc,heap        ] GC(308) PSYoungGen: 289817K(318976K)->192K(317440K) Eden: 287232K(287232K)->0K(287232K) From: 2585K(31744K)->192K(30208K)
[52.099s][info][gc,heap        ] GC(308) ParOldGen: 73299K(699392K)->75073K(699392K)
[52.099s][info][gc,metaspace   ] GC(308) Metaspace: 139700K(141568K)->139700K(141568K) NonClass: 122355K(123328K)->122355K(123328K) Class: 17345K(18240K)->17345K(18240K)
[52.099s][info][gc             ] GC(308) Pause Young (Allocation Failure) 354M->73M(993M) 1.101ms
[52.099s][info][gc,cpu         ] GC(308) User=0.00s Sys=0.00s Real=0.00s
[52.221s][info][gc,start       ] GC(309) Pause Young (Allocation Failure)
[52.223s][info][gc,heap        ] GC(309) PSYoungGen: 287315K(317440K)->836K(322048K) Eden: 287123K(287232K)->0K(293376K) From: 192K(30208K)->836K(28672K)
[52.223s][info][gc,heap        ] GC(309) ParOldGen: 75073K(699392K)->75097K(699392K)
[52.223s][info][gc,metaspace   ] GC(309) Metaspace: 139710K(141568K)->139710K(141568K) NonClass: 122364K(123328K)->122364K(123328K) Class: 17345K(18240K)->17345K(18240K)
[52.223s][info][gc             ] GC(309) Pause Young (Allocation Failure) 353M->74M(997M) 1.269ms
[52.223s][info][gc,cpu         ] GC(309) User=0.02s Sys=0.00s Real=0.02s
[52.354s][info][gc,start       ] GC(310) Pause Young (Allocation Failure)
[52.360s][info][gc,heap        ] GC(310) PSYoungGen: 290372K(322048K)->27123K(320512K) Eden: 289536K(293376K)->0K(293376K) From: 836K(28672K)->27123K(27136K)
[52.360s][info][gc,heap        ] GC(310) ParOldGen: 75097K(699392K)->78945K(699392K)
[52.360s][info][gc,metaspace   ] GC(310) Metaspace: 139719K(141568K)->139719K(141568K) NonClass: 122373K(123328K)->122373K(123328K) Class: 17346K(18240K)->17346K(18240K)
[52.360s][info][gc             ] GC(310) Pause Young (Allocation Failure) 356M->103M(996M) 5.239ms
[52.360s][info][gc,cpu         ] GC(310) User=0.00s Sys=0.00s Real=0.00s
[52.459s][info][gc,start       ] GC(311) Pause Young (System.gc())
[52.460s][info][gc,heap        ] GC(311) PSYoungGen: 112875K(320512K)->500K(311296K) Eden: 85751K(293376K)->0K(282624K) From: 27123K(27136K)->500K(28672K)
[52.460s][info][gc,heap        ] GC(311) ParOldGen: 78945K(699392K)->79555K(699392K)
[52.460s][info][gc,metaspace   ] GC(311) Metaspace: 139741K(141568K)->139741K(141568K) NonClass: 122395K(123328K)->122395K(123328K) Class: 17346K(18240K)->17346K(18240K)
[52.460s][info][gc             ] GC(311) Pause Young (System.gc()) 187M->78M(987M) 0.833ms
[52.460s][info][gc,cpu         ] GC(311) User=0.00s Sys=0.00s Real=0.00s
[52.460s][info][gc,start       ] GC(312) Pause Full (System.gc())
[52.460s][info][gc,phases,start] GC(312) Marking Phase
[52.522s][info][gc,phases      ] GC(312) Marking Phase 62.018ms
[52.522s][info][gc,phases,start] GC(312) Summary Phase
[52.522s][info][gc,phases      ] GC(312) Summary Phase 0.010ms
[52.522s][info][gc,phases,start] GC(312) Adjust Roots
[52.542s][info][gc,phases      ] GC(312) Adjust Roots 19.036ms
[52.542s][info][gc,phases,start] GC(312) Compaction Phase
[52.549s][info][gc,phases      ] GC(312) Compaction Phase 7.253ms
[52.549s][info][gc,phases,start] GC(312) Post Compact
[52.550s][info][gc,phases      ] GC(312) Post Compact 0.736ms
[52.550s][info][gc,heap        ] GC(312) PSYoungGen: 500K(311296K)->0K(311296K) Eden: 0K(282624K)->0K(282624K) From: 500K(28672K)->0K(28672K)
[52.550s][info][gc,heap        ] GC(312) ParOldGen: 79555K(699392K)->72625K(699392K)
[52.550s][info][gc,metaspace   ] GC(312) Metaspace: 139741K(141568K)->139715K(141568K) NonClass: 122395K(123328K)->122373K(123328K) Class: 17346K(18240K)->17341K(18240K)
[52.550s][info][gc             ] GC(312) Pause Full (System.gc()) 78M->70M(987M) 89.381ms
[52.550s][info][gc,cpu         ] GC(312) User=0.16s Sys=0.00s Real=0.08s
[52.761s][info][gc,start       ] GC(313) Pause Young (Allocation Failure)
[52.763s][info][gc,heap        ] GC(313) PSYoungGen: 282624K(311296K)->2293K(315904K) Eden: 282624K(282624K)->0K(282624K) From: 0K(28672K)->2293K(33280K)
[52.763s][info][gc,heap        ] GC(313) ParOldGen: 72625K(699392K)->72633K(699392K)
[52.763s][info][gc,metaspace   ] GC(313) Metaspace: 139823K(141696K)->139823K(141696K) NonClass: 122475K(123456K)->122475K(123456K) Class: 17348K(18240K)->17348K(18240K)
[52.763s][info][gc             ] GC(313) Pause Young (Allocation Failure) 346M->73M(991M) 1.845ms
[52.763s][info][gc,cpu         ] GC(313) User=0.00s Sys=0.00s Real=0.00s
[52.849s][info][gc,start       ] GC(314) Pause Young (Allocation Failure)
[52.851s][info][gc,heap        ] GC(314) PSYoungGen: 284917K(315904K)->2596K(319488K) Eden: 282624K(282624K)->0K(288256K) From: 2293K(33280K)->2596K(31232K)
[52.851s][info][gc,heap        ] GC(314) ParOldGen: 72633K(699392K)->73863K(699392K)
[52.851s][info][gc,metaspace   ] GC(314) Metaspace: 139826K(141696K)->139826K(141696K) NonClass: 122477K(123456K)->122477K(123456K) Class: 17349K(18240K)->17349K(18240K)
[52.851s][info][gc             ] GC(314) Pause Young (Allocation Failure) 349M->74M(995M) 2.057ms
[52.851s][info][gc,cpu         ] GC(314) User=0.00s Sys=0.00s Real=0.00s
[52.912s][info][gc,start       ] GC(315) Pause Young (Allocation Failure)
[52.913s][info][gc,heap        ] GC(315) PSYoungGen: 290852K(319488K)->192K(317952K) Eden: 288256K(288256K)->0K(288256K) From: 2596K(31232K)->192K(29696K)
[52.913s][info][gc,heap        ] GC(315) ParOldGen: 73863K(699392K)->75632K(699392K)
[52.914s][info][gc,metaspace   ] GC(315) Metaspace: 139826K(141696K)->139826K(141696K) NonClass: 122477K(123456K)->122477K(123456K) Class: 17349K(18240K)->17349K(18240K)
[52.914s][info][gc             ] GC(315) Pause Young (Allocation Failure) 356M->74M(993M) 1.213ms
[52.914s][info][gc,cpu         ] GC(315) User=0.00s Sys=0.00s Real=0.00s
[53.043s][info][gc,start       ] GC(316) Pause Young (Allocation Failure)
[53.044s][info][gc,heap        ] GC(316) PSYoungGen: 287460K(317952K)->908K(322560K) Eden: 287268K(288256K)->0K(294400K) From: 192K(29696K)->908K(28160K)
[53.044s][info][gc,heap        ] GC(316) ParOldGen: 75632K(699392K)->75672K(699392K)
[53.044s][info][gc,metaspace   ] GC(316) Metaspace: 139835K(141696K)->139835K(141696K) NonClass: 122486K(123456K)->122486K(123456K) Class: 17349K(18240K)->17349K(18240K)
[53.045s][info][gc             ] GC(316) Pause Young (Allocation Failure) 354M->74M(998M) 1.254ms
[53.045s][info][gc,cpu         ] GC(316) User=0.00s Sys=0.00s Real=0.00s
[53.195s][info][gc,start       ] GC(317) Pause Young (Allocation Failure)
[53.200s][info][gc,heap        ] GC(317) PSYoungGen: 295308K(322560K)->26618K(321024K) Eden: 294400K(294400K)->0K(294400K) From: 908K(28160K)->26618K(26624K)
[53.200s][info][gc,heap        ] GC(317) ParOldGen: 75672K(699392K)->80712K(699392K)
[53.200s][info][gc,metaspace   ] GC(317) Metaspace: 139835K(141696K)->139835K(141696K) NonClass: 122486K(123456K)->122486K(123456K) Class: 17349K(18240K)->17349K(18240K)
[53.200s][info][gc             ] GC(317) Pause Young (Allocation Failure) 362M->104M(996M) 5.438ms
[53.201s][info][gc,cpu         ] GC(317) User=0.00s Sys=0.00s Real=0.00s
[53.273s][info][gc,start       ] GC(318) Pause Young (System.gc())
[53.274s][info][gc,heap        ] GC(318) PSYoungGen: 101873K(321024K)->500K(310784K) Eden: 75254K(294400K)->0K(282624K) From: 26618K(26624K)->500K(28160K)
[53.274s][info][gc,heap        ] GC(318) ParOldGen: 80712K(699392K)->80775K(699392K)
[53.274s][info][gc,metaspace   ] GC(318) Metaspace: 139837K(141696K)->139837K(141696K) NonClass: 122487K(123456K)->122487K(123456K) Class: 17349K(18240K)->17349K(18240K)
[53.274s][info][gc             ] GC(318) Pause Young (System.gc()) 178M->79M(986M) 0.850ms
[53.274s][info][gc,cpu         ] GC(318) User=0.00s Sys=0.00s Real=0.00s
[53.274s][info][gc,start       ] GC(319) Pause Full (System.gc())
[53.274s][info][gc,phases,start] GC(319) Marking Phase
[53.336s][info][gc,phases      ] GC(319) Marking Phase 61.581ms
[53.336s][info][gc,phases,start] GC(319) Summary Phase
[53.336s][info][gc,phases      ] GC(319) Summary Phase 0.010ms
[53.336s][info][gc,phases,start] GC(319) Adjust Roots
[53.355s][info][gc,phases      ] GC(319) Adjust Roots 18.914ms
[53.355s][info][gc,phases,start] GC(319) Compaction Phase
[53.362s][info][gc,phases      ] GC(319) Compaction Phase 7.144ms
[53.362s][info][gc,phases,start] GC(319) Post Compact
[53.363s][info][gc,phases      ] GC(319) Post Compact 0.736ms
[53.363s][info][gc,heap        ] GC(319) PSYoungGen: 500K(310784K)->0K(310784K) Eden: 0K(282624K)->0K(282624K) From: 500K(28160K)->0K(28160K)
[53.363s][info][gc,heap        ] GC(319) ParOldGen: 80775K(699392K)->72292K(699392K)
[53.363s][info][gc,metaspace   ] GC(319) Metaspace: 139837K(141696K)->139810K(141696K) NonClass: 122487K(123456K)->122465K(123456K) Class: 17349K(18240K)->17345K(18240K)
[53.363s][info][gc             ] GC(319) Pause Full (System.gc()) 79M->70M(986M) 88.702ms
[53.363s][info][gc,cpu         ] GC(319) User=0.12s Sys=0.00s Real=0.09s
[53.574s][info][gc,start       ] GC(320) Pause Young (Allocation Failure)
[53.576s][info][gc,heap        ] GC(320) PSYoungGen: 282624K(310784K)->2291K(315904K) Eden: 282624K(282624K)->0K(282624K) From: 0K(28160K)->2291K(33280K)
[53.576s][info][gc,heap        ] GC(320) ParOldGen: 72292K(699392K)->72292K(699392K)
[53.576s][info][gc,metaspace   ] GC(320) Metaspace: 139885K(141760K)->139885K(141760K) NonClass: 122534K(123520K)->122534K(123520K) Class: 17350K(18240K)->17350K(18240K)
[53.576s][info][gc             ] GC(320) Pause Young (Allocation Failure) 346M->72M(991M) 1.938ms
[53.576s][info][gc,cpu         ] GC(320) User=0.02s Sys=0.00s Real=0.01s
[53.661s][info][gc,start       ] GC(321) Pause Young (Allocation Failure)
[53.663s][info][gc,heap        ] GC(321) PSYoungGen: 284915K(315904K)->2573K(319488K) Eden: 282624K(282624K)->0K(288256K) From: 2291K(33280K)->2573K(31232K)
[53.663s][info][gc,heap        ] GC(321) ParOldGen: 72292K(699392K)->73507K(699392K)
[53.663s][info][gc,metaspace   ] GC(321) Metaspace: 139885K(141760K)->139885K(141760K) NonClass: 122534K(123520K)->122534K(123520K) Class: 17350K(18240K)->17350K(18240K)
[53.663s][info][gc             ] GC(321) Pause Young (Allocation Failure) 348M->74M(995M) 2.002ms
[53.663s][info][gc,cpu         ] GC(321) User=0.00s Sys=0.00s Real=0.00s
[53.727s][info][gc,start       ] GC(322) Pause Young (Allocation Failure)
[53.728s][info][gc,heap        ] GC(322) PSYoungGen: 290829K(319488K)->192K(317952K) Eden: 288256K(288256K)->0K(288256K) From: 2573K(31232K)->192K(29696K)
[53.728s][info][gc,heap        ] GC(322) ParOldGen: 73507K(699392K)->75279K(699392K)
[53.728s][info][gc,metaspace   ] GC(322) Metaspace: 139885K(141760K)->139885K(141760K) NonClass: 122534K(123520K)->122534K(123520K) Class: 17350K(18240K)->17350K(18240K)
[53.728s][info][gc             ] GC(322) Pause Young (Allocation Failure) 355M->73M(993M) 1.331ms
[53.728s][info][gc,cpu         ] GC(322) User=0.00s Sys=0.00s Real=0.00s
[53.852s][info][gc,start       ] GC(323) Pause Young (Allocation Failure)
[53.853s][info][gc,heap        ] GC(323) PSYoungGen: 288175K(317952K)->895K(322560K) Eden: 287983K(288256K)->0K(294400K) From: 192K(29696K)->895K(28160K)
[53.853s][info][gc,heap        ] GC(323) ParOldGen: 75279K(699392K)->75303K(699392K)
[53.853s][info][gc,metaspace   ] GC(323) Metaspace: 139898K(141760K)->139898K(141760K) NonClass: 122547K(123520K)->122547K(123520K) Class: 17350K(18240K)->17350K(18240K)
[53.853s][info][gc             ] GC(323) Pause Young (Allocation Failure) 354M->74M(998M) 1.046ms
[53.853s][info][gc,cpu         ] GC(323) User=0.00s Sys=0.00s Real=0.00s
[54.004s][info][gc,start       ] GC(324) Pause Young (Allocation Failure)
[54.009s][info][gc,heap        ] GC(324) PSYoungGen: 295295K(322560K)->26618K(321024K) Eden: 294400K(294400K)->0K(294400K) From: 895K(28160K)->26618K(26624K)
[54.009s][info][gc,heap        ] GC(324) ParOldGen: 75303K(699392K)->80359K(699392K)
[54.009s][info][gc,metaspace   ] GC(324) Metaspace: 139898K(141760K)->139898K(141760K) NonClass: 122548K(123520K)->122548K(123520K) Class: 17350K(18240K)->17350K(18240K)
[54.009s][info][gc             ] GC(324) Pause Young (Allocation Failure) 361M->104M(996M) 5.271ms
[54.009s][info][gc,cpu         ] GC(324) User=0.00s Sys=0.00s Real=0.00s
[54.078s][info][gc,start       ] GC(325) Pause Young (System.gc())
[54.079s][info][gc,heap        ] GC(325) PSYoungGen: 102635K(321024K)->500K(310784K) Eden: 76017K(294400K)->0K(282624K) From: 26618K(26624K)->500K(28160K)
[54.079s][info][gc,heap        ] GC(325) ParOldGen: 80359K(699392K)->80430K(699392K)
[54.079s][info][gc,metaspace   ] GC(325) Metaspace: 139899K(141760K)->139899K(141760K) NonClass: 122549K(123520K)->122549K(123520K) Class: 17350K(18240K)->17350K(18240K)
[54.079s][info][gc             ] GC(325) Pause Young (System.gc()) 178M->79M(986M) 0.846ms
[54.079s][info][gc,cpu         ] GC(325) User=0.00s Sys=0.00s Real=0.00s
[54.079s][info][gc,start       ] GC(326) Pause Full (System.gc())
[54.079s][info][gc,phases,start] GC(326) Marking Phase
[54.139s][info][gc,phases      ] GC(326) Marking Phase 59.823ms
[54.139s][info][gc,phases,start] GC(326) Summary Phase
[54.139s][info][gc,phases      ] GC(326) Summary Phase 0.010ms
[54.139s][info][gc,phases,start] GC(326) Adjust Roots
[54.159s][info][gc,phases      ] GC(326) Adjust Roots 19.281ms
[54.159s][info][gc,phases,start] GC(326) Compaction Phase
[54.169s][info][gc,phases      ] GC(326) Compaction Phase 9.906ms
[54.169s][info][gc,phases,start] GC(326) Post Compact
[54.169s][info][gc,phases      ] GC(326) Post Compact 0.724ms
[54.169s][info][gc,heap        ] GC(326) PSYoungGen: 500K(310784K)->0K(310784K) Eden: 0K(282624K)->0K(282624K) From: 500K(28160K)->0K(28160K)
[54.169s][info][gc,heap        ] GC(326) ParOldGen: 80430K(699392K)->72403K(699392K)
[54.169s][info][gc,metaspace   ] GC(326) Metaspace: 139899K(141760K)->139873K(141760K) NonClass: 122549K(123520K)->122526K(123520K) Class: 17350K(18240K)->17346K(18240K)
[54.169s][info][gc             ] GC(326) Pause Full (System.gc()) 79M->70M(986M) 90.043ms
[54.169s][info][gc,cpu         ] GC(326) User=0.06s Sys=0.00s Real=0.08s
[54.381s][info][gc,start       ] GC(327) Pause Young (Allocation Failure)
[54.382s][info][gc,heap        ] GC(327) PSYoungGen: 282624K(310784K)->2346K(315904K) Eden: 282624K(282624K)->0K(282624K) From: 0K(28160K)->2346K(33280K)
[54.382s][info][gc,heap        ] GC(327) ParOldGen: 72403K(699392K)->72403K(699392K)
[54.382s][info][gc,metaspace   ] GC(327) Metaspace: 139919K(141760K)->139919K(141760K) NonClass: 122569K(123520K)->122569K(123520K) Class: 17350K(18240K)->17350K(18240K)
[54.383s][info][gc             ] GC(327) Pause Young (Allocation Failure) 346M->72M(991M) 1.888ms
[54.383s][info][gc,cpu         ] GC(327) User=0.00s Sys=0.00s Real=0.00s
[54.467s][info][gc,start       ] GC(328) Pause Young (Allocation Failure)
[54.469s][info][gc,heap        ] GC(328) PSYoungGen: 284970K(315904K)->2576K(319488K) Eden: 282624K(282624K)->0K(288256K) From: 2346K(33280K)->2576K(31232K)
[54.469s][info][gc,heap        ] GC(328) ParOldGen: 72403K(699392K)->73668K(699392K)
[54.469s][info][gc,metaspace   ] GC(328) Metaspace: 139919K(141760K)->139919K(141760K) NonClass: 122569K(123520K)->122569K(123520K) Class: 17350K(18240K)->17350K(18240K)
[54.469s][info][gc             ] GC(328) Pause Young (Allocation Failure) 348M->74M(995M) 2.022ms
[54.469s][info][gc,cpu         ] GC(328) User=0.00s Sys=0.00s Real=0.00s
[54.530s][info][gc,start       ] GC(329) Pause Young (Allocation Failure)
[54.531s][info][gc,heap        ] GC(329) PSYoungGen: 290832K(319488K)->192K(317952K) Eden: 288256K(288256K)->0K(288256K) From: 2576K(31232K)->192K(29696K)
[54.531s][info][gc,heap        ] GC(329) ParOldGen: 73668K(699392K)->75437K(699392K)
[54.531s][info][gc,metaspace   ] GC(329) Metaspace: 139919K(141760K)->139919K(141760K) NonClass: 122569K(123520K)->122569K(123520K) Class: 17350K(18240K)->17350K(18240K)
[54.531s][info][gc             ] GC(329) Pause Young (Allocation Failure) 355M->73M(993M) 1.169ms
[54.531s][info][gc,cpu         ] GC(329) User=0.00s Sys=0.00s Real=0.00s
[54.655s][info][gc,start       ] GC(330) Pause Young (Allocation Failure)
[54.657s][info][gc,heap        ] GC(330) PSYoungGen: 286280K(317952K)->908K(322560K) Eden: 286088K(288256K)->0K(294400K) From: 192K(29696K)->908K(28160K)
[54.657s][info][gc,heap        ] GC(330) ParOldGen: 75437K(699392K)->75485K(699392K)
[54.657s][info][gc,metaspace   ] GC(330) Metaspace: 139920K(141760K)->139920K(141760K) NonClass: 122569K(123520K)->122569K(123520K) Class: 17350K(18240K)->17350K(18240K)
[54.657s][info][gc             ] GC(330) Pause Young (Allocation Failure) 353M->74M(998M) 1.271ms
[54.657s][info][gc,cpu         ] GC(330) User=0.00s Sys=0.00s Real=0.00s
[54.807s][info][gc,start       ] GC(331) Pause Young (Allocation Failure)
[54.813s][info][gc,heap        ] GC(331) PSYoungGen: 295308K(322560K)->26618K(321024K) Eden: 294400K(294400K)->0K(294400K) From: 908K(28160K)->26618K(26624K)
[54.813s][info][gc,heap        ] GC(331) ParOldGen: 75485K(699392K)->80533K(699392K)
[54.813s][info][gc,metaspace   ] GC(331) Metaspace: 139920K(141760K)->139920K(141760K) NonClass: 122569K(123520K)->122569K(123520K) Class: 17350K(18240K)->17350K(18240K)
[54.813s][info][gc             ] GC(331) Pause Young (Allocation Failure) 362M->104M(996M) 5.509ms
[54.813s][info][gc,cpu         ] GC(331) User=0.00s Sys=0.00s Real=0.00s
[54.882s][info][gc,start       ] GC(332) Pause Young (System.gc())
[54.882s][info][gc,heap        ] GC(332) PSYoungGen: 102812K(321024K)->500K(310784K) Eden: 76193K(294400K)->0K(282624K) From: 26618K(26624K)->500K(28160K)
[54.882s][info][gc,heap        ] GC(332) ParOldGen: 80533K(699392K)->80596K(699392K)
[54.882s][info][gc,metaspace   ] GC(332) Metaspace: 139921K(141760K)->139921K(141760K) NonClass: 122570K(123520K)->122570K(123520K) Class: 17350K(18240K)->17350K(18240K)
[54.882s][info][gc             ] GC(332) Pause Young (System.gc()) 179M->79M(986M) 0.783ms
[54.882s][info][gc,cpu         ] GC(332) User=0.00s Sys=0.00s Real=0.00s
[54.883s][info][gc,start       ] GC(333) Pause Full (System.gc())
[54.883s][info][gc,phases,start] GC(333) Marking Phase
[54.942s][info][gc,phases      ] GC(333) Marking Phase 59.233ms
[54.942s][info][gc,phases,start] GC(333) Summary Phase
[54.942s][info][gc,phases      ] GC(333) Summary Phase 0.010ms
[54.942s][info][gc,phases,start] GC(333) Adjust Roots
[54.961s][info][gc,phases      ] GC(333) Adjust Roots 19.270ms
[54.961s][info][gc,phases,start] GC(333) Compaction Phase
[54.971s][info][gc,phases      ] GC(333) Compaction Phase 9.422ms
[54.971s][info][gc,phases,start] GC(333) Post Compact
[54.971s][info][gc,phases      ] GC(333) Post Compact 0.732ms
[54.971s][info][gc,heap        ] GC(333) PSYoungGen: 500K(310784K)->0K(310784K) Eden: 0K(282624K)->0K(282624K) From: 500K(28160K)->0K(28160K)
[54.971s][info][gc,heap        ] GC(333) ParOldGen: 80596K(699392K)->72548K(699392K)
[54.971s][info][gc,metaspace   ] GC(333) Metaspace: 139921K(141760K)->139894K(141760K) NonClass: 122570K(123520K)->122548K(123520K) Class: 17350K(18240K)->17346K(18240K)
[54.971s][info][gc             ] GC(333) Pause Full (System.gc()) 79M->70M(986M) 88.944ms
[54.971s][info][gc,cpu         ] GC(333) User=0.06s Sys=0.00s Real=0.08s
[55.189s][info][gc,start       ] GC(334) Pause Young (Allocation Failure)
[55.191s][info][gc,heap        ] GC(334) PSYoungGen: 282624K(310784K)->2087K(315904K) Eden: 282624K(282624K)->0K(282624K) From: 0K(28160K)->2087K(33280K)
[55.191s][info][gc,heap        ] GC(334) ParOldGen: 72548K(699392K)->72556K(699392K)
[55.191s][info][gc,metaspace   ] GC(334) Metaspace: 139976K(141824K)->139976K(141824K) NonClass: 122625K(123584K)->122625K(123584K) Class: 17351K(18240K)->17351K(18240K)
[55.191s][info][gc             ] GC(334) Pause Young (Allocation Failure) 346M->72M(991M) 1.681ms
[55.191s][info][gc,cpu         ] GC(334) User=0.00s Sys=0.00s Real=0.01s
[55.278s][info][gc,start       ] GC(335) Pause Young (Allocation Failure)
[55.280s][info][gc,heap        ] GC(335) PSYoungGen: 284711K(315904K)->2576K(319488K) Eden: 282624K(282624K)->0K(288256K) From: 2087K(33280K)->2576K(31232K)
[55.280s][info][gc,heap        ] GC(335) ParOldGen: 72556K(699392K)->73783K(699392K)
[55.280s][info][gc,metaspace   ] GC(335) Metaspace: 139984K(141824K)->139984K(141824K) NonClass: 122633K(123584K)->122633K(123584K) Class: 17351K(18240K)->17351K(18240K)
[55.280s][info][gc             ] GC(335) Pause Young (Allocation Failure) 348M->74M(995M) 2.005ms
[55.280s][info][gc,cpu         ] GC(335) User=0.00s Sys=0.00s Real=0.00s
[55.341s][info][gc,start       ] GC(336) Pause Young (Allocation Failure)
[55.343s][info][gc,heap        ] GC(336) PSYoungGen: 290832K(319488K)->192K(317952K) Eden: 288256K(288256K)->0K(288256K) From: 2576K(31232K)->192K(29696K)
[55.343s][info][gc,heap        ] GC(336) ParOldGen: 73783K(699392K)->75705K(699392K)
[55.343s][info][gc,metaspace   ] GC(336) Metaspace: 139984K(141824K)->139984K(141824K) NonClass: 122633K(123584K)->122633K(123584K) Class: 17351K(18240K)->17351K(18240K)
[55.343s][info][gc             ] GC(336) Pause Young (Allocation Failure) 356M->74M(993M) 1.278ms
[55.343s][info][gc,cpu         ] GC(336) User=0.00s Sys=0.00s Real=0.00s
[55.471s][info][gc,start       ] GC(337) Pause Young (Allocation Failure)
[55.473s][info][gc,heap        ] GC(337) PSYoungGen: 288296K(317952K)->940K(322560K) Eden: 288104K(288256K)->0K(294400K) From: 192K(29696K)->940K(28160K)
[55.473s][info][gc,heap        ] GC(337) ParOldGen: 75705K(699392K)->75753K(699392K)
[55.473s][info][gc,metaspace   ] GC(337) Metaspace: 139986K(141824K)->139986K(141824K) NonClass: 122634K(123584K)->122634K(123584K) Class: 17351K(18240K)->17351K(18240K)
[55.473s][info][gc             ] GC(337) Pause Young (Allocation Failure) 355M->74M(998M) 1.365ms
[55.473s][info][gc,cpu         ] GC(337) User=0.00s Sys=0.00s Real=0.00s
[55.623s][info][gc,start       ] GC(338) Pause Young (Allocation Failure)
[55.628s][info][gc,heap        ] GC(338) PSYoungGen: 295340K(322560K)->26618K(321024K) Eden: 294400K(294400K)->0K(294400K) From: 940K(28160K)->26618K(26624K)
[55.628s][info][gc,heap        ] GC(338) ParOldGen: 75753K(699392K)->80785K(699392K)
[55.628s][info][gc,metaspace   ] GC(338) Metaspace: 139986K(141824K)->139986K(141824K) NonClass: 122635K(123584K)->122635K(123584K) Class: 17351K(18240K)->17351K(18240K)
[55.628s][info][gc             ] GC(338) Pause Young (Allocation Failure) 362M->104M(996M) 5.193ms
[55.628s][info][gc,cpu         ] GC(338) User=0.00s Sys=0.00s Real=0.00s
[55.698s][info][gc,start       ] GC(339) Pause Young (System.gc())
[55.700s][info][gc,heap        ] GC(339) PSYoungGen: 103656K(321024K)->500K(310784K) Eden: 77037K(294400K)->0K(282624K) From: 26618K(26624K)->500K(28160K)
[55.700s][info][gc,heap        ] GC(339) ParOldGen: 80785K(699392K)->92551K(699392K)
[55.700s][info][gc,metaspace   ] GC(339) Metaspace: 139987K(141824K)->139987K(141824K) NonClass: 122636K(123584K)->122636K(123584K) Class: 17351K(18240K)->17351K(18240K)
[55.700s][info][gc             ] GC(339) Pause Young (System.gc()) 180M->90M(986M) 2.015ms
[55.700s][info][gc,cpu         ] GC(339) User=0.00s Sys=0.00s Real=0.00s
[55.700s][info][gc,start       ] GC(340) Pause Full (System.gc())
[55.700s][info][gc,phases,start] GC(340) Marking Phase
[55.761s][info][gc,phases      ] GC(340) Marking Phase 60.756ms
[55.761s][info][gc,phases,start] GC(340) Summary Phase
[55.761s][info][gc,phases      ] GC(340) Summary Phase 0.009ms
[55.761s][info][gc,phases,start] GC(340) Adjust Roots
[55.780s][info][gc,phases      ] GC(340) Adjust Roots 19.057ms
[55.780s][info][gc,phases,start] GC(340) Compaction Phase
[55.788s][info][gc,phases      ] GC(340) Compaction Phase 7.416ms
[55.788s][info][gc,phases,start] GC(340) Post Compact
[55.789s][info][gc,phases      ] GC(340) Post Compact 0.794ms
[55.789s][info][gc,heap        ] GC(340) PSYoungGen: 500K(310784K)->0K(310784K) Eden: 0K(282624K)->0K(282624K) From: 500K(28160K)->0K(28160K)
[55.789s][info][gc,heap        ] GC(340) ParOldGen: 92551K(699392K)->72662K(699392K)
[55.789s][info][gc,metaspace   ] GC(340) Metaspace: 139987K(141824K)->139960K(141824K) NonClass: 122636K(123584K)->122613K(123584K) Class: 17351K(18240K)->17346K(18240K)
[55.789s][info][gc             ] GC(340) Pause Full (System.gc()) 90M->70M(986M) 88.333ms
[55.789s][info][gc,cpu         ] GC(340) User=0.03s Sys=0.00s Real=0.09s
[56.003s][info][gc,start       ] GC(341) Pause Young (Allocation Failure)
[56.005s][info][gc,heap        ] GC(341) PSYoungGen: 282624K(310784K)->2314K(315904K) Eden: 282624K(282624K)->0K(282624K) From: 0K(28160K)->2314K(33280K)
[56.005s][info][gc,heap        ] GC(341) ParOldGen: 72662K(699392K)->72670K(699392K)
[56.005s][info][gc,metaspace   ] GC(341) Metaspace: 140045K(141888K)->140045K(141888K) NonClass: 122694K(123648K)->122694K(123648K) Class: 17351K(18240K)->17351K(18240K)
[56.005s][info][gc             ] GC(341) Pause Young (Allocation Failure) 346M->73M(991M) 1.899ms
[56.005s][info][gc,cpu         ] GC(341) User=0.02s Sys=0.00s Real=0.02s
[56.092s][info][gc,start       ] GC(342) Pause Young (Allocation Failure)
[56.094s][info][gc,heap        ] GC(342) PSYoungGen: 284938K(315904K)->2564K(319488K) Eden: 282624K(282624K)->0K(288256K) From: 2314K(33280K)->2564K(31232K)
[56.094s][info][gc,heap        ] GC(342) ParOldGen: 72670K(699392K)->73905K(699392K)
[56.094s][info][gc,metaspace   ] GC(342) Metaspace: 140045K(141888K)->140045K(141888K) NonClass: 122694K(123648K)->122694K(123648K) Class: 17351K(18240K)->17351K(18240K)
[56.094s][info][gc             ] GC(342) Pause Young (Allocation Failure) 349M->74M(995M) 1.983ms
[56.094s][info][gc,cpu         ] GC(342) User=0.00s Sys=0.00s Real=0.00s
[56.160s][info][gc,start       ] GC(343) Pause Young (Allocation Failure)
[56.161s][info][gc,heap        ] GC(343) PSYoungGen: 290820K(319488K)->160K(317952K) Eden: 288256K(288256K)->0K(288256K) From: 2564K(31232K)->160K(29696K)
[56.161s][info][gc,heap        ] GC(343) ParOldGen: 73905K(699392K)->75666K(699392K)
[56.161s][info][gc,metaspace   ] GC(343) Metaspace: 140045K(141888K)->140045K(141888K) NonClass: 122694K(123648K)->122694K(123648K) Class: 17351K(18240K)->17351K(18240K)
[56.161s][info][gc             ] GC(343) Pause Young (Allocation Failure) 356M->74M(993M) 1.526ms
[56.161s][info][gc,cpu         ] GC(343) User=0.02s Sys=0.00s Real=0.00s
[56.293s][info][gc,start       ] GC(344) Pause Young (Allocation Failure)
[56.295s][info][gc,heap        ] GC(344) PSYoungGen: 286708K(317952K)->927K(322560K) Eden: 286548K(288256K)->0K(294400K) From: 160K(29696K)->927K(28160K)
[56.295s][info][gc,heap        ] GC(344) ParOldGen: 75666K(699392K)->75714K(699392K)
[56.295s][info][gc,metaspace   ] GC(344) Metaspace: 140059K(141888K)->140059K(141888K) NonClass: 122708K(123648K)->122708K(123648K) Class: 17351K(18240K)->17351K(18240K)
[56.295s][info][gc             ] GC(344) Pause Young (Allocation Failure) 353M->74M(998M) 1.150ms
[56.295s][info][gc,cpu         ] GC(344) User=0.00s Sys=0.00s Real=0.00s
[56.447s][info][gc,start       ] GC(345) Pause Young (Allocation Failure)
[56.452s][info][gc,heap        ] GC(345) PSYoungGen: 295327K(322560K)->26618K(321024K) Eden: 294400K(294400K)->0K(294400K) From: 927K(28160K)->26618K(26624K)
[56.452s][info][gc,heap        ] GC(345) ParOldGen: 75714K(699392K)->80761K(699392K)
[56.452s][info][gc,metaspace   ] GC(345) Metaspace: 140064K(141952K)->140064K(141952K) NonClass: 122713K(123712K)->122713K(123712K) Class: 17351K(18240K)->17351K(18240K)
[56.452s][info][gc             ] GC(345) Pause Young (Allocation Failure) 362M->104M(996M) 5.364ms
[56.452s][info][gc,cpu         ] GC(345) User=0.00s Sys=0.00s Real=0.00s
[56.521s][info][gc,start       ] GC(346) Pause Young (System.gc())
[56.522s][info][gc,heap        ] GC(346) PSYoungGen: 102516K(321024K)->500K(311808K) Eden: 75897K(294400K)->0K(283648K) From: 26618K(26624K)->500K(28160K)
[56.522s][info][gc,heap        ] GC(346) ParOldGen: 80761K(699392K)->80840K(699392K)
[56.522s][info][gc,metaspace   ] GC(346) Metaspace: 140080K(141952K)->140080K(141952K) NonClass: 122729K(123712K)->122729K(123712K) Class: 17351K(18240K)->17351K(18240K)
[56.522s][info][gc             ] GC(346) Pause Young (System.gc()) 178M->79M(987M) 0.791ms
[56.522s][info][gc,cpu         ] GC(346) User=0.00s Sys=0.00s Real=0.00s
[56.522s][info][gc,start       ] GC(347) Pause Full (System.gc())
[56.522s][info][gc,phases,start] GC(347) Marking Phase
[56.584s][info][gc,phases      ] GC(347) Marking Phase 61.405ms
[56.584s][info][gc,phases,start] GC(347) Summary Phase
[56.584s][info][gc,phases      ] GC(347) Summary Phase 0.011ms
[56.584s][info][gc,phases,start] GC(347) Adjust Roots
[56.603s][info][gc,phases      ] GC(347) Adjust Roots 19.120ms
[56.603s][info][gc,phases,start] GC(347) Compaction Phase
[56.612s][info][gc,phases      ] GC(347) Compaction Phase 8.814ms
[56.612s][info][gc,phases,start] GC(347) Post Compact
[56.613s][info][gc,phases      ] GC(347) Post Compact 0.760ms
[56.613s][info][gc,heap        ] GC(347) PSYoungGen: 500K(311808K)->0K(311808K) Eden: 0K(283648K)->0K(283648K) From: 500K(28160K)->0K(28160K)
[56.613s][info][gc,heap        ] GC(347) ParOldGen: 80840K(699392K)->72774K(699392K)
[56.613s][info][gc,metaspace   ] GC(347) Metaspace: 140080K(141952K)->140053K(141952K) NonClass: 122729K(123712K)->122707K(123712K) Class: 17351K(18240K)->17346K(18240K)
[56.613s][info][gc             ] GC(347) Pause Full (System.gc()) 79M->71M(987M) 90.407ms
[56.613s][info][gc,cpu         ] GC(347) User=0.09s Sys=0.00s Real=0.08s
[56.822s][info][gc,start       ] GC(348) Pause Young (Allocation Failure)
[56.824s][info][gc,heap        ] GC(348) PSYoungGen: 283648K(311808K)->2282K(316416K) Eden: 283648K(283648K)->0K(283648K) From: 0K(28160K)->2282K(32768K)
[56.824s][info][gc,heap        ] GC(348) ParOldGen: 72774K(699392K)->72782K(699392K)
[56.824s][info][gc,metaspace   ] GC(348) Metaspace: 140091K(141952K)->140091K(141952K) NonClass: 122740K(123712K)->122740K(123712K) Class: 17351K(18240K)->17351K(18240K)
[56.824s][info][gc             ] GC(348) Pause Young (Allocation Failure) 348M->73M(992M) 1.945ms
[56.824s][info][gc,cpu         ] GC(348) User=0.02s Sys=0.00s Real=0.02s
[56.908s][info][gc,start       ] GC(349) Pause Young (Allocation Failure)
[56.910s][info][gc,heap        ] GC(349) PSYoungGen: 285930K(316416K)->2596K(319488K) Eden: 283648K(283648K)->0K(288256K) From: 2282K(32768K)->2596K(31232K)
[56.910s][info][gc,heap        ] GC(349) ParOldGen: 72782K(699392K)->74005K(699392K)
[56.910s][info][gc,metaspace   ] GC(349) Metaspace: 140091K(141952K)->140091K(141952K) NonClass: 122740K(123712K)->122740K(123712K) Class: 17351K(18240K)->17351K(18240K)
[56.910s][info][gc             ] GC(349) Pause Young (Allocation Failure) 350M->74M(995M) 2.113ms
[56.910s][info][gc,cpu         ] GC(349) User=0.00s Sys=0.00s Real=0.00s
[56.971s][info][gc,start       ] GC(350) Pause Young (Allocation Failure)
[56.972s][info][gc,heap        ] GC(350) PSYoungGen: 290852K(319488K)->192K(317952K) Eden: 288256K(288256K)->0K(288256K) From: 2596K(31232K)->192K(29696K)
[56.972s][info][gc,heap        ] GC(350) ParOldGen: 74005K(699392K)->75925K(699392K)
[56.972s][info][gc,metaspace   ] GC(350) Metaspace: 140091K(141952K)->140091K(141952K) NonClass: 122740K(123712K)->122740K(123712K) Class: 17351K(18240K)->17351K(18240K)
[56.972s][info][gc             ] GC(350) Pause Young (Allocation Failure) 356M->74M(993M) 1.305ms
[56.972s][info][gc,cpu         ] GC(350) User=0.00s Sys=0.00s Real=0.00s
[57.097s][info][gc,start       ] GC(351) Pause Young (Allocation Failure)
[57.099s][info][gc,heap        ] GC(351) PSYoungGen: 287313K(317952K)->908K(322560K) Eden: 287121K(288256K)->0K(294400K) From: 192K(29696K)->908K(28160K)
[57.099s][info][gc,heap        ] GC(351) ParOldGen: 75925K(699392K)->75965K(699392K)
[57.099s][info][gc,metaspace   ] GC(351) Metaspace: 140091K(141952K)->140091K(141952K) NonClass: 122740K(123712K)->122740K(123712K) Class: 17351K(18240K)->17351K(18240K)
[57.099s][info][gc             ] GC(351) Pause Young (Allocation Failure) 354M->75M(998M) 1.402ms
[57.099s][info][gc,cpu         ] GC(351) User=0.00s Sys=0.00s Real=0.00s
[57.250s][info][gc,start       ] GC(352) Pause Young (Allocation Failure)
[57.256s][info][gc,heap        ] GC(352) PSYoungGen: 295308K(322560K)->26618K(321024K) Eden: 294400K(294400K)->0K(294400K) From: 908K(28160K)->26618K(26624K)
[57.256s][info][gc,heap        ] GC(352) ParOldGen: 75965K(699392K)->81045K(699392K)
[57.256s][info][gc,metaspace   ] GC(352) Metaspace: 140091K(141952K)->140091K(141952K) NonClass: 122740K(123712K)->122740K(123712K) Class: 17351K(18240K)->17351K(18240K)
[57.256s][info][gc             ] GC(352) Pause Young (Allocation Failure) 362M->105M(996M) 5.437ms
[57.256s][info][gc,cpu         ] GC(352) User=0.00s Sys=0.00s Real=0.00s
[57.325s][info][gc,start       ] GC(353) Pause Young (System.gc())
[57.325s][info][gc,heap        ] GC(353) PSYoungGen: 102695K(321024K)->500K(310784K) Eden: 76076K(294400K)->0K(282624K) From: 26618K(26624K)->500K(28160K)
[57.325s][info][gc,heap        ] GC(353) ParOldGen: 81045K(699392K)->81116K(699392K)
[57.325s][info][gc,metaspace   ] GC(353) Metaspace: 140091K(141952K)->140091K(141952K) NonClass: 122740K(123712K)->122740K(123712K) Class: 17351K(18240K)->17351K(18240K)
[57.325s][info][gc             ] GC(353) Pause Young (System.gc()) 179M->79M(986M) 0.790ms
[57.325s][info][gc,cpu         ] GC(353) User=0.00s Sys=0.00s Real=0.00s
[57.325s][info][gc,start       ] GC(354) Pause Full (System.gc())
[57.325s][info][gc,phases,start] GC(354) Marking Phase
[57.386s][info][gc,phases      ] GC(354) Marking Phase 61.014ms
[57.387s][info][gc,phases,start] GC(354) Summary Phase
[57.387s][info][gc,phases      ] GC(354) Summary Phase 0.010ms
[57.387s][info][gc,phases,start] GC(354) Adjust Roots
[57.406s][info][gc,phases      ] GC(354) Adjust Roots 19.345ms
[57.406s][info][gc,phases,start] GC(354) Compaction Phase
[57.416s][info][gc,phases      ] GC(354) Compaction Phase 10.066ms
[57.416s][info][gc,phases,start] GC(354) Post Compact
[57.417s][info][gc,phases      ] GC(354) Post Compact 0.762ms
[57.417s][info][gc,heap        ] GC(354) PSYoungGen: 500K(310784K)->0K(310784K) Eden: 0K(282624K)->0K(282624K) From: 500K(28160K)->0K(28160K)
[57.417s][info][gc,heap        ] GC(354) ParOldGen: 81116K(699392K)->72880K(699392K)
[57.417s][info][gc,metaspace   ] GC(354) Metaspace: 140091K(141952K)->140064K(141952K) NonClass: 122740K(123712K)->122718K(123712K) Class: 17351K(18240K)->17346K(18240K)
[57.417s][info][gc             ] GC(354) Pause Full (System.gc()) 79M->71M(986M) 91.514ms
[57.417s][info][gc,cpu         ] GC(354) User=0.08s Sys=0.00s Real=0.08s
[57.630s][info][gc,start       ] GC(355) Pause Young (Allocation Failure)
[57.632s][info][gc,heap        ] GC(355) PSYoungGen: 282624K(310784K)->2098K(315904K) Eden: 282624K(282624K)->0K(282624K) From: 0K(28160K)->2098K(33280K)
[57.632s][info][gc,heap        ] GC(355) ParOldGen: 72880K(699392K)->72880K(699392K)
[57.632s][info][gc,metaspace   ] GC(355) Metaspace: 140100K(141952K)->140100K(141952K) NonClass: 122749K(123712K)->122749K(123712K) Class: 17351K(18240K)->17351K(18240K)
[57.632s][info][gc             ] GC(355) Pause Young (Allocation Failure) 347M->73M(991M) 1.821ms
[57.632s][info][gc,cpu         ] GC(355) User=0.02s Sys=0.00s Real=0.01s
[57.715s][info][gc,start       ] GC(356) Pause Young (Allocation Failure)
[57.717s][info][gc,heap        ] GC(356) PSYoungGen: 284722K(315904K)->2573K(319488K) Eden: 282624K(282624K)->0K(288256K) From: 2098K(33280K)->2573K(31232K)
[57.717s][info][gc,heap        ] GC(356) ParOldGen: 72880K(699392K)->74098K(699392K)
[57.717s][info][gc,metaspace   ] GC(356) Metaspace: 140100K(141952K)->140100K(141952K) NonClass: 122749K(123712K)->122749K(123712K) Class: 17351K(18240K)->17351K(18240K)
[57.717s][info][gc             ] GC(356) Pause Young (Allocation Failure) 349M->74M(995M) 2.039ms
[57.717s][info][gc,cpu         ] GC(356) User=0.00s Sys=0.00s Real=0.00s
[57.779s][info][gc,start       ] GC(357) Pause Young (Allocation Failure)
[57.780s][info][gc,heap        ] GC(357) PSYoungGen: 290829K(319488K)->192K(317952K) Eden: 288256K(288256K)->0K(288256K) From: 2573K(31232K)->192K(29696K)
[57.780s][info][gc,heap        ] GC(357) ParOldGen: 74098K(699392K)->75854K(699392K)
[57.780s][info][gc,metaspace   ] GC(357) Metaspace: 140100K(141952K)->140100K(141952K) NonClass: 122749K(123712K)->122749K(123712K) Class: 17351K(18240K)->17351K(18240K)
[57.780s][info][gc             ] GC(357) Pause Young (Allocation Failure) 356M->74M(993M) 1.274ms
[57.780s][info][gc,cpu         ] GC(357) User=0.00s Sys=0.00s Real=0.00s
[57.907s][info][gc,start       ] GC(358) Pause Young (Allocation Failure)
[57.908s][info][gc,heap        ] GC(358) PSYoungGen: 288342K(317952K)->730K(322560K) Eden: 288150K(288256K)->0K(294400K) From: 192K(29696K)->730K(28160K)
[57.908s][info][gc,heap        ] GC(358) ParOldGen: 75854K(699392K)->75894K(699392K)
[57.908s][info][gc,metaspace   ] GC(358) Metaspace: 140102K(141952K)->140102K(141952K) NonClass: 122750K(123712K)->122750K(123712K) Class: 17352K(18240K)->17352K(18240K)
[57.908s][info][gc             ] GC(358) Pause Young (Allocation Failure) 355M->74M(998M) 1.101ms
[57.908s][info][gc,cpu         ] GC(358) User=0.00s Sys=0.00s Real=0.00s
[58.052s][info][gc,start       ] GC(359) Pause Young (Allocation Failure)
[58.057s][info][gc,heap        ] GC(359) PSYoungGen: 295130K(322560K)->26594K(321024K) Eden: 294400K(294400K)->0K(294400K) From: 730K(28160K)->26594K(26624K)
[58.057s][info][gc,heap        ] GC(359) ParOldGen: 75894K(699392K)->81182K(699392K)
[58.057s][info][gc,metaspace   ] GC(359) Metaspace: 140108K(141952K)->140108K(141952K) NonClass: 122756K(123712K)->122756K(123712K) Class: 17352K(18240K)->17352K(18240K)
[58.057s][info][gc             ] GC(359) Pause Young (Allocation Failure) 362M->105M(996M) 5.552ms
[58.057s][info][gc,cpu         ] GC(359) User=0.02s Sys=0.00s Real=0.02s
[58.137s][info][gc,start       ] GC(360) Pause Young (System.gc())
[58.138s][info][gc,heap        ] GC(360) PSYoungGen: 104624K(321024K)->500K(310784K) Eden: 78029K(294400K)->0K(282624K) From: 26594K(26624K)->500K(28160K)
[58.138s][info][gc,heap        ] GC(360) ParOldGen: 81182K(699392K)->81502K(699392K)
[58.138s][info][gc,metaspace   ] GC(360) Metaspace: 140108K(141952K)->140108K(141952K) NonClass: 122756K(123712K)->122756K(123712K) Class: 17352K(18240K)->17352K(18240K)
[58.138s][info][gc             ] GC(360) Pause Young (System.gc()) 181M->80M(986M) 0.826ms
[58.138s][info][gc,cpu         ] GC(360) User=0.00s Sys=0.00s Real=0.00s
[58.138s][info][gc,start       ] GC(361) Pause Full (System.gc())
[58.138s][info][gc,phases,start] GC(361) Marking Phase
[58.198s][info][gc,phases      ] GC(361) Marking Phase 59.600ms
[58.198s][info][gc,phases,start] GC(361) Summary Phase
[58.198s][info][gc,phases      ] GC(361) Summary Phase 0.010ms
[58.198s][info][gc,phases,start] GC(361) Adjust Roots
[58.218s][info][gc,phases      ] GC(361) Adjust Roots 19.803ms
[58.218s][info][gc,phases,start] GC(361) Compaction Phase
[58.228s][info][gc,phases      ] GC(361) Compaction Phase 9.521ms
[58.228s][info][gc,phases,start] GC(361) Post Compact
[58.228s][info][gc,phases      ] GC(361) Post Compact 0.691ms
[58.228s][info][gc,heap        ] GC(361) PSYoungGen: 500K(310784K)->0K(310784K) Eden: 0K(282624K)->0K(282624K) From: 500K(28160K)->0K(28160K)
[58.228s][info][gc,heap        ] GC(361) ParOldGen: 81502K(699392K)->72951K(699392K)
[58.228s][info][gc,metaspace   ] GC(361) Metaspace: 140108K(141952K)->140081K(141952K) NonClass: 122756K(123712K)->122733K(123712K) Class: 17352K(18240K)->17347K(18240K)
[58.228s][info][gc             ] GC(361) Pause Full (System.gc()) 80M->71M(986M) 89.912ms
[58.228s][info][gc,cpu         ] GC(361) User=0.08s Sys=0.00s Real=0.08s
[58.436s][info][gc,start       ] GC(362) Pause Young (Allocation Failure)
[58.438s][info][gc,heap        ] GC(362) PSYoungGen: 282624K(310784K)->3114K(315904K) Eden: 282624K(282624K)->0K(282624K) From: 0K(28160K)->3114K(33280K)
[58.438s][info][gc,heap        ] GC(362) ParOldGen: 72951K(699392K)->72951K(699392K)
[58.438s][info][gc,metaspace   ] GC(362) Metaspace: 140127K(141952K)->140127K(141952K) NonClass: 122775K(123712K)->122775K(123712K) Class: 17352K(18240K)->17352K(18240K)
[58.438s][info][gc             ] GC(362) Pause Young (Allocation Failure) 347M->74M(991M) 1.863ms
[58.438s][info][gc,cpu         ] GC(362) User=0.02s Sys=0.00s Real=0.02s
[58.523s][info][gc,start       ] GC(363) Pause Young (Allocation Failure)
[58.525s][info][gc,heap        ] GC(363) PSYoungGen: 285738K(315904K)->2564K(319488K) Eden: 282624K(282624K)->0K(288256K) From: 3114K(33280K)->2564K(31232K)
[58.525s][info][gc,heap        ] GC(363) ParOldGen: 72951K(699392K)->74180K(699392K)
[58.525s][info][gc,metaspace   ] GC(363) Metaspace: 140127K(141952K)->140127K(141952K) NonClass: 122775K(123712K)->122775K(123712K) Class: 17352K(18240K)->17352K(18240K)
[58.525s][info][gc             ] GC(363) Pause Young (Allocation Failure) 350M->74M(995M) 1.915ms
[58.525s][info][gc,cpu         ] GC(363) User=0.00s Sys=0.00s Real=0.00s
[58.587s][info][gc,start       ] GC(364) Pause Young (Allocation Failure)
[58.588s][info][gc,heap        ] GC(364) PSYoungGen: 290820K(319488K)->192K(317952K) Eden: 288256K(288256K)->0K(288256K) From: 2564K(31232K)->192K(29696K)
[58.588s][info][gc,heap        ] GC(364) ParOldGen: 74180K(699392K)->75918K(699392K)
[58.588s][info][gc,metaspace   ] GC(364) Metaspace: 140127K(141952K)->140127K(141952K) NonClass: 122775K(123712K)->122775K(123712K) Class: 17352K(18240K)->17352K(18240K)
[58.588s][info][gc             ] GC(364) Pause Young (Allocation Failure) 356M->74M(993M) 1.263ms
[58.588s][info][gc,cpu         ] GC(364) User=0.00s Sys=0.00s Real=0.00s
[58.715s][info][gc,start       ] GC(365) Pause Young (Allocation Failure)
[58.716s][info][gc,heap        ] GC(365) PSYoungGen: 288447K(317952K)->681K(322560K) Eden: 288255K(288256K)->0K(294400K) From: 192K(29696K)->681K(28160K)
[58.716s][info][gc,heap        ] GC(365) ParOldGen: 75918K(699392K)->75958K(699392K)
[58.716s][info][gc,metaspace   ] GC(365) Metaspace: 140127K(141952K)->140127K(141952K) NonClass: 122775K(123712K)->122775K(123712K) Class: 17352K(18240K)->17352K(18240K)
[58.716s][info][gc             ] GC(365) Pause Young (Allocation Failure) 355M->74M(998M) 1.105ms
[58.716s][info][gc,cpu         ] GC(365) User=0.00s Sys=0.00s Real=0.02s
[58.845s][info][gc,start       ] GC(366) Pause Young (Allocation Failure)
[58.851s][info][gc,heap        ] GC(366) PSYoungGen: 294574K(322560K)->26611K(321024K) Eden: 293892K(294400K)->0K(294400K) From: 681K(28160K)->26611K(26624K)
[58.851s][info][gc,heap        ] GC(366) ParOldGen: 75958K(699392K)->82086K(699392K)
[58.851s][info][gc,metaspace   ] GC(366) Metaspace: 140127K(141952K)->140127K(141952K) NonClass: 122775K(123712K)->122775K(123712K) Class: 17352K(18240K)->17352K(18240K)
[58.851s][info][gc             ] GC(366) Pause Young (Allocation Failure) 361M->106M(996M) 5.216ms
[58.851s][info][gc,cpu         ] GC(366) User=0.00s Sys=0.00s Real=0.00s
[58.944s][info][gc,start       ] GC(367) Pause Young (System.gc())
[58.945s][info][gc,heap        ] GC(367) PSYoungGen: 106258K(321024K)->500K(310784K) Eden: 79647K(294400K)->0K(282624K) From: 26611K(26624K)->500K(28160K)
[58.945s][info][gc,heap        ] GC(367) ParOldGen: 82086K(699392K)->82389K(699392K)
[58.945s][info][gc,metaspace   ] GC(367) Metaspace: 140127K(141952K)->140127K(141952K) NonClass: 122775K(123712K)->122775K(123712K) Class: 17352K(18240K)->17352K(18240K)
[58.945s][info][gc             ] GC(367) Pause Young (System.gc()) 183M->80M(986M) 0.781ms
[58.945s][info][gc,cpu         ] GC(367) User=0.00s Sys=0.00s Real=0.00s
[58.945s][info][gc,start       ] GC(368) Pause Full (System.gc())
[58.945s][info][gc,phases,start] GC(368) Marking Phase
[59.006s][info][gc,phases      ] GC(368) Marking Phase 60.856ms
[59.006s][info][gc,phases,start] GC(368) Summary Phase
[59.006s][info][gc,phases      ] GC(368) Summary Phase 0.010ms
[59.006s][info][gc,phases,start] GC(368) Adjust Roots
[59.026s][info][gc,phases      ] GC(368) Adjust Roots 19.552ms
[59.026s][info][gc,phases,start] GC(368) Compaction Phase
[59.033s][info][gc,phases      ] GC(368) Compaction Phase 7.310ms
[59.033s][info][gc,phases,start] GC(368) Post Compact
[59.034s][info][gc,phases      ] GC(368) Post Compact 0.741ms
[59.034s][info][gc,heap        ] GC(368) PSYoungGen: 500K(310784K)->0K(310784K) Eden: 0K(282624K)->0K(282624K) From: 500K(28160K)->0K(28160K)
[59.034s][info][gc,heap        ] GC(368) ParOldGen: 82389K(699392K)->73061K(699392K)
[59.034s][info][gc,metaspace   ] GC(368) Metaspace: 140127K(141952K)->140100K(141952K) NonClass: 122775K(123712K)->122752K(123712K) Class: 17352K(18240K)->17347K(18240K)
[59.034s][info][gc             ] GC(368) Pause Full (System.gc()) 80M->71M(986M) 88.782ms
[59.034s][info][gc,cpu         ] GC(368) User=0.09s Sys=0.00s Real=0.08s
[59.249s][info][gc,start       ] GC(369) Pause Young (Allocation Failure)
[59.251s][info][gc,heap        ] GC(369) PSYoungGen: 282624K(310784K)->2247K(315904K) Eden: 282624K(282624K)->0K(282624K) From: 0K(28160K)->2247K(33280K)
[59.251s][info][gc,heap        ] GC(369) ParOldGen: 73061K(699392K)->73069K(699392K)
[59.251s][info][gc,metaspace   ] GC(369) Metaspace: 140221K(142080K)->140221K(142080K) NonClass: 122869K(123840K)->122869K(123840K) Class: 17352K(18240K)->17352K(18240K)
[59.251s][info][gc             ] GC(369) Pause Young (Allocation Failure) 347M->73M(991M) 2.128ms
[59.251s][info][gc,cpu         ] GC(369) User=0.02s Sys=0.00s Real=0.01s
[59.335s][info][gc,start       ] GC(370) Pause Young (Allocation Failure)
[59.337s][info][gc,heap        ] GC(370) PSYoungGen: 284871K(315904K)->2585K(319488K) Eden: 282624K(282624K)->0K(287744K) From: 2247K(33280K)->2585K(31744K)
[59.337s][info][gc,heap        ] GC(370) ParOldGen: 73069K(699392K)->74298K(699392K)
[59.337s][info][gc,metaspace   ] GC(370) Metaspace: 140222K(142080K)->140222K(142080K) NonClass: 122870K(123840K)->122870K(123840K) Class: 17352K(18240K)->17352K(18240K)
[59.337s][info][gc             ] GC(370) Pause Young (Allocation Failure) 349M->75M(995M) 2.043ms
[59.337s][info][gc,cpu         ] GC(370) User=0.00s Sys=0.00s Real=0.00s
[59.398s][info][gc,start       ] GC(371) Pause Young (Allocation Failure)
[59.399s][info][gc,heap        ] GC(371) PSYoungGen: 290329K(319488K)->192K(317440K) Eden: 287744K(287744K)->0K(287744K) From: 2585K(31744K)->192K(29696K)
[59.399s][info][gc,heap        ] GC(371) ParOldGen: 74298K(699392K)->76055K(699392K)
[59.399s][info][gc,metaspace   ] GC(371) Metaspace: 140222K(142080K)->140222K(142080K) NonClass: 122870K(123840K)->122870K(123840K) Class: 17352K(18240K)->17352K(18240K)
[59.399s][info][gc             ] GC(371) Pause Young (Allocation Failure) 356M->74M(993M) 1.315ms
[59.399s][info][gc,cpu         ] GC(371) User=0.00s Sys=0.00s Real=0.00s
[59.522s][info][gc,start       ] GC(372) Pause Young (Allocation Failure)
[59.523s][info][gc,heap        ] GC(372) PSYoungGen: 287850K(317440K)->909K(322048K) Eden: 287658K(287744K)->0K(293376K) From: 192K(29696K)->909K(28672K)
[59.523s][info][gc,heap        ] GC(372) ParOldGen: 76055K(699392K)->76095K(699392K)
[59.523s][info][gc,metaspace   ] GC(372) Metaspace: 140223K(142080K)->140223K(142080K) NonClass: 122870K(123840K)->122870K(123840K) Class: 17352K(18240K)->17352K(18240K)
[59.523s][info][gc             ] GC(372) Pause Young (Allocation Failure) 355M->75M(997M) 1.076ms
[59.523s][info][gc,cpu         ] GC(372) User=0.00s Sys=0.00s Real=0.00s
[59.672s][info][gc,start       ] GC(373) Pause Young (Allocation Failure)
[59.678s][info][gc,heap        ] GC(373) PSYoungGen: 294285K(322048K)->27121K(320512K) Eden: 293376K(293376K)->0K(293376K) From: 909K(28672K)->27121K(27136K)
[59.678s][info][gc,heap        ] GC(373) ParOldGen: 76095K(699392K)->81159K(699392K)
[59.678s][info][gc,metaspace   ] GC(373) Metaspace: 140223K(142080K)->140223K(142080K) NonClass: 122870K(123840K)->122870K(123840K) Class: 17352K(18240K)->17352K(18240K)
[59.678s][info][gc             ] GC(373) Pause Young (Allocation Failure) 361M->105M(996M) 5.412ms
[59.678s][info][gc,cpu         ] GC(373) User=0.00s Sys=0.00s Real=0.00s
[59.749s][info][gc,start       ] GC(374) Pause Young (System.gc())
[59.751s][info][gc,heap        ] GC(374) PSYoungGen: 103924K(320512K)->468K(311296K) Eden: 76803K(293376K)->0K(282624K) From: 27121K(27136K)->468K(28672K)
[59.751s][info][gc,heap        ] GC(374) ParOldGen: 81159K(699392K)->81453K(699392K)
[59.751s][info][gc,metaspace   ] GC(374) Metaspace: 140228K(142080K)->140228K(142080K) NonClass: 122876K(123840K)->122876K(123840K) Class: 17352K(18240K)->17352K(18240K)
[59.751s][info][gc             ] GC(374) Pause Young (System.gc()) 180M->80M(987M) 1.237ms
[59.751s][info][gc,cpu         ] GC(374) User=0.00s Sys=0.00s Real=0.00s
[59.751s][info][gc,start       ] GC(375) Pause Full (System.gc())
[59.751s][info][gc,phases,start] GC(375) Marking Phase
[59.814s][info][gc,phases      ] GC(375) Marking Phase 63.113ms
[59.814s][info][gc,phases,start] GC(375) Summary Phase
[59.814s][info][gc,phases      ] GC(375) Summary Phase 0.010ms
[59.814s][info][gc,phases,start] GC(375) Adjust Roots
[59.834s][info][gc,phases      ] GC(375) Adjust Roots 19.841ms
[59.834s][info][gc,phases,start] GC(375) Compaction Phase
[59.844s][info][gc,phases      ] GC(375) Compaction Phase 10.232ms
[59.844s][info][gc,phases,start] GC(375) Post Compact
[59.845s][info][gc,phases      ] GC(375) Post Compact 0.715ms
[59.845s][info][gc,heap        ] GC(375) PSYoungGen: 468K(311296K)->0K(311296K) Eden: 0K(282624K)->0K(282624K) From: 468K(28672K)->0K(28672K)
[59.845s][info][gc,heap        ] GC(375) ParOldGen: 81453K(699392K)->73172K(699392K)
[59.845s][info][gc,metaspace   ] GC(375) Metaspace: 140228K(142080K)->140202K(142080K) NonClass: 122876K(123840K)->122853K(123840K) Class: 17352K(18240K)->17348K(18240K)
[59.845s][info][gc             ] GC(375) Pause Full (System.gc()) 80M->71M(987M) 94.200ms
[59.845s][info][gc,cpu         ] GC(375) User=0.12s Sys=0.00s Real=0.09s
[60.052s][info][gc,start       ] GC(376) Pause Young (Allocation Failure)
[60.054s][info][gc,heap        ] GC(376) PSYoungGen: 282624K(311296K)->2270K(315904K) Eden: 282624K(282624K)->0K(282624K) From: 0K(28672K)->2270K(33280K)
[60.054s][info][gc,heap        ] GC(376) ParOldGen: 73172K(699392K)->73172K(699392K)
[60.054s][info][gc,metaspace   ] GC(376) Metaspace: 140233K(142080K)->140233K(142080K) NonClass: 122881K(123840K)->122881K(123840K) Class: 17352K(18240K)->17352K(18240K)
[60.054s][info][gc             ] GC(376) Pause Young (Allocation Failure) 347M->73M(991M) 1.991ms
[60.054s][info][gc,cpu         ] GC(376) User=0.02s Sys=0.00s Real=0.02s
[60.138s][info][gc,start       ] GC(377) Pause Young (Allocation Failure)
[60.140s][info][gc,heap        ] GC(377) PSYoungGen: 284894K(315904K)->2509K(318976K) Eden: 282624K(282624K)->0K(287232K) From: 2270K(33280K)->2509K(31744K)
[60.140s][info][gc,heap        ] GC(377) ParOldGen: 73172K(699392K)->74403K(699392K)
[60.140s][info][gc,metaspace   ] GC(377) Metaspace: 140233K(142080K)->140233K(142080K) NonClass: 122881K(123840K)->122881K(123840K) Class: 17352K(18240K)->17352K(18240K)
[60.140s][info][gc             ] GC(377) Pause Young (Allocation Failure) 349M->75M(994M) 2.060ms
[60.140s][info][gc,cpu         ] GC(377) User=0.00s Sys=0.00s Real=0.00s
[60.201s][info][gc,start       ] GC(378) Pause Young (Allocation Failure)
[60.203s][info][gc,heap        ] GC(378) PSYoungGen: 289741K(318976K)->192K(317440K) Eden: 287232K(287232K)->0K(287232K) From: 2509K(31744K)->192K(30208K)
[60.203s][info][gc,heap        ] GC(378) ParOldGen: 74403K(699392K)->76164K(699392K)
[60.203s][info][gc,metaspace   ] GC(378) Metaspace: 140233K(142080K)->140233K(142080K) NonClass: 122881K(123840K)->122881K(123840K) Class: 17352K(18240K)->17352K(18240K)
[60.203s][info][gc             ] GC(378) Pause Young (Allocation Failure) 355M->74M(993M) 1.291ms
[60.203s][info][gc,cpu         ] GC(378) User=0.00s Sys=0.00s Real=0.00s
[60.329s][info][gc,start       ] GC(379) Pause Young (Allocation Failure)
[60.330s][info][gc,heap        ] GC(379) PSYoungGen: 287423K(317440K)->612K(322048K) Eden: 287231K(287232K)->0K(293376K) From: 192K(30208K)->612K(28672K)
[60.330s][info][gc,heap        ] GC(379) ParOldGen: 76164K(699392K)->76188K(699392K)
[60.330s][info][gc,metaspace   ] GC(379) Metaspace: 140233K(142080K)->140233K(142080K) NonClass: 122881K(123840K)->122881K(123840K) Class: 17352K(18240K)->17352K(18240K)
[60.330s][info][gc             ] GC(379) Pause Young (Allocation Failure) 355M->75M(997M) 1.181ms
[60.330s][info][gc,cpu         ] GC(379) User=0.00s Sys=0.00s Real=0.00s
[60.459s][info][gc,start       ] GC(380) Pause Young (Allocation Failure)
[60.464s][info][gc,heap        ] GC(380) PSYoungGen: 293678K(322048K)->27123K(320512K) Eden: 293065K(293376K)->0K(293376K) From: 612K(28672K)->27123K(27136K)
[60.464s][info][gc,heap        ] GC(380) ParOldGen: 76188K(699392K)->81604K(699392K)
[60.464s][info][gc,metaspace   ] GC(380) Metaspace: 140233K(142080K)->140233K(142080K) NonClass: 122881K(123840K)->122881K(123840K) Class: 17352K(18240K)->17352K(18240K)
[60.464s][info][gc             ] GC(380) Pause Young (Allocation Failure) 361M->106M(996M) 5.538ms
[60.465s][info][gc,cpu         ] GC(380) User=0.00s Sys=0.00s Real=0.00s
[60.557s][info][gc,start       ] GC(381) Pause Young (System.gc())
[60.558s][info][gc,heap        ] GC(381) PSYoungGen: 107301K(320512K)->500K(310272K) Eden: 80178K(293376K)->0K(281600K) From: 27123K(27136K)->500K(28672K)
[60.558s][info][gc,heap        ] GC(381) ParOldGen: 81604K(699392K)->81907K(699392K)
[60.558s][info][gc,metaspace   ] GC(381) Metaspace: 140233K(142080K)->140233K(142080K) NonClass: 122881K(123840K)->122881K(123840K) Class: 17352K(18240K)->17352K(18240K)
[60.558s][info][gc             ] GC(381) Pause Young (System.gc()) 184M->80M(986M) 0.846ms
[60.558s][info][gc,cpu         ] GC(381) User=0.00s Sys=0.00s Real=0.00s
[60.558s][info][gc,start       ] GC(382) Pause Full (System.gc())
[60.558s][info][gc,phases,start] GC(382) Marking Phase
[60.617s][info][gc,phases      ] GC(382) Marking Phase 59.150ms
[60.618s][info][gc,phases,start] GC(382) Summary Phase
[60.618s][info][gc,phases      ] GC(382) Summary Phase 0.010ms
[60.618s][info][gc,phases,start] GC(382) Adjust Roots
[60.637s][info][gc,phases      ] GC(382) Adjust Roots 19.583ms
[60.637s][info][gc,phases,start] GC(382) Compaction Phase
[60.644s][info][gc,phases      ] GC(382) Compaction Phase 6.797ms
[60.644s][info][gc,phases,start] GC(382) Post Compact
[60.645s][info][gc,phases      ] GC(382) Post Compact 0.736ms
[60.645s][info][gc,heap        ] GC(382) PSYoungGen: 500K(310272K)->0K(310272K) Eden: 0K(281600K)->0K(281600K) From: 500K(28672K)->0K(28672K)
[60.645s][info][gc,heap        ] GC(382) ParOldGen: 81907K(699392K)->73289K(699392K)
[60.645s][info][gc,metaspace   ] GC(382) Metaspace: 140233K(142080K)->140206K(142080K) NonClass: 122881K(123840K)->122858K(123840K) Class: 17352K(18240K)->17348K(18240K)
[60.645s][info][gc             ] GC(382) Pause Full (System.gc()) 80M->71M(986M) 86.589ms
[60.645s][info][gc,cpu         ] GC(382) User=0.05s Sys=0.00s Real=0.08s
[60.859s][info][gc,start       ] GC(383) Pause Young (Allocation Failure)
[60.861s][info][gc,heap        ] GC(383) PSYoungGen: 281600K(310272K)->2270K(315392K) Eden: 281600K(281600K)->0K(281600K) From: 0K(28672K)->2270K(33792K)
[60.861s][info][gc,heap        ] GC(383) ParOldGen: 73289K(699392K)->73289K(699392K)
[60.861s][info][gc,metaspace   ] GC(383) Metaspace: 140236K(142080K)->140236K(142080K) NonClass: 122883K(123840K)->122883K(123840K) Class: 17352K(18240K)->17352K(18240K)
[60.861s][info][gc             ] GC(383) Pause Young (Allocation Failure) 346M->73M(991M) 1.888ms
[60.861s][info][gc,cpu         ] GC(383) User=0.00s Sys=0.00s Real=0.02s
[60.944s][info][gc,start       ] GC(384) Pause Young (Allocation Failure)
[60.946s][info][gc,heap        ] GC(384) PSYoungGen: 283870K(315392K)->2596K(318976K) Eden: 281600K(281600K)->0K(287232K) From: 2270K(33792K)->2596K(31744K)
[60.946s][info][gc,heap        ] GC(384) ParOldGen: 73289K(699392K)->74504K(699392K)
[60.946s][info][gc,metaspace   ] GC(384) Metaspace: 140236K(142080K)->140236K(142080K) NonClass: 122883K(123840K)->122883K(123840K) Class: 17352K(18240K)->17352K(18240K)
[60.946s][info][gc             ] GC(384) Pause Young (Allocation Failure) 348M->75M(994M) 2.063ms
[60.946s][info][gc,cpu         ] GC(384) User=0.00s Sys=0.00s Real=0.00s
[61.007s][info][gc,start       ] GC(385) Pause Young (Allocation Failure)
[61.008s][info][gc,heap        ] GC(385) PSYoungGen: 289828K(318976K)->192K(317440K) Eden: 287232K(287232K)->0K(287232K) From: 2596K(31744K)->192K(30208K)
[61.009s][info][gc,heap        ] GC(385) ParOldGen: 74504K(699392K)->76262K(699392K)
[61.009s][info][gc,metaspace   ] GC(385) Metaspace: 140236K(142080K)->140236K(142080K) NonClass: 122883K(123840K)->122883K(123840K) Class: 17352K(18240K)->17352K(18240K)
[61.009s][info][gc             ] GC(385) Pause Young (Allocation Failure) 355M->74M(993M) 1.143ms
[61.009s][info][gc,cpu         ] GC(385) User=0.00s Sys=0.00s Real=0.00s
[61.130s][info][gc,start       ] GC(386) Pause Young (Allocation Failure)
[61.131s][info][gc,heap        ] GC(386) PSYoungGen: 287424K(317440K)->973K(322048K) Eden: 287232K(287232K)->0K(293376K) From: 192K(30208K)->973K(28672K)
[61.131s][info][gc,heap        ] GC(386) ParOldGen: 76262K(699392K)->76294K(699392K)
[61.131s][info][gc,metaspace   ] GC(386) Metaspace: 140236K(142080K)->140236K(142080K) NonClass: 122883K(123840K)->122883K(123840K) Class: 17352K(18240K)->17352K(18240K)
[61.131s][info][gc             ] GC(386) Pause Young (Allocation Failure) 355M->75M(997M) 1.049ms
[61.131s][info][gc,cpu         ] GC(386) User=0.00s Sys=0.00s Real=0.00s
[61.264s][info][gc,start       ] GC(387) Pause Young (Allocation Failure)
[61.269s][info][gc,heap        ] GC(387) PSYoungGen: 294349K(322048K)->27123K(320512K) Eden: 293376K(293376K)->0K(293376K) From: 973K(28672K)->27123K(27136K)
[61.269s][info][gc,heap        ] GC(387) ParOldGen: 76294K(699392K)->80390K(699392K)
[61.269s][info][gc,metaspace   ] GC(387) Metaspace: 140236K(142080K)->140236K(142080K) NonClass: 122883K(123840K)->122883K(123840K) Class: 17352K(18240K)->17352K(18240K)
[61.269s][info][gc             ] GC(387) Pause Young (Allocation Failure) 361M->104M(996M) 5.147ms
[61.269s][info][gc,cpu         ] GC(387) User=0.00s Sys=0.00s Real=0.00s
[61.363s][info][gc,start       ] GC(388) Pause Young (System.gc())
[61.364s][info][gc,heap        ] GC(388) PSYoungGen: 108009K(320512K)->500K(311296K) Eden: 80886K(293376K)->0K(282624K) From: 27123K(27136K)->500K(28672K)
[61.364s][info][gc,heap        ] GC(388) ParOldGen: 80390K(699392K)->80701K(699392K)
[61.364s][info][gc,metaspace   ] GC(388) Metaspace: 140244K(142080K)->140244K(142080K) NonClass: 122891K(123840K)->122891K(123840K) Class: 17352K(18240K)->17352K(18240K)
[61.364s][info][gc             ] GC(388) Pause Young (System.gc()) 183M->79M(987M) 0.773ms
[61.364s][info][gc,cpu         ] GC(388) User=0.00s Sys=0.00s Real=0.00s
[61.364s][info][gc,start       ] GC(389) Pause Full (System.gc())
[61.364s][info][gc,phases,start] GC(389) Marking Phase
[61.426s][info][gc,phases      ] GC(389) Marking Phase 62.464ms
[61.427s][info][gc,phases,start] GC(389) Summary Phase
[61.427s][info][gc,phases      ] GC(389) Summary Phase 0.010ms
[61.427s][info][gc,phases,start] GC(389) Adjust Roots
[61.446s][info][gc,phases      ] GC(389) Adjust Roots 19.621ms
[61.446s][info][gc,phases,start] GC(389) Compaction Phase
[61.456s][info][gc,phases      ] GC(389) Compaction Phase 9.684ms
[61.456s][info][gc,phases,start] GC(389) Post Compact
[61.457s][info][gc,phases      ] GC(389) Post Compact 0.929ms
[61.457s][info][gc,heap        ] GC(389) PSYoungGen: 500K(311296K)->0K(311296K) Eden: 0K(282624K)->0K(282624K) From: 500K(28672K)->0K(28672K)
[61.457s][info][gc,heap        ] GC(389) ParOldGen: 80701K(699392K)->73397K(699392K)
[61.457s][info][gc,metaspace   ] GC(389) Metaspace: 140244K(142080K)->140217K(142080K) NonClass: 122891K(123840K)->122869K(123840K) Class: 17352K(18240K)->17348K(18240K)
[61.457s][info][gc             ] GC(389) Pause Full (System.gc()) 79M->71M(987M) 93.013ms
[61.457s][info][gc,cpu         ] GC(389) User=0.06s Sys=0.00s Real=0.09s
[61.660s][info][gc,start       ] GC(390) Pause Young (Allocation Failure)
[61.662s][info][gc,heap        ] GC(390) PSYoungGen: 282624K(311296K)->2251K(315904K) Eden: 282624K(282624K)->0K(282624K) From: 0K(28672K)->2251K(33280K)
[61.662s][info][gc,heap        ] GC(390) ParOldGen: 73397K(699392K)->73397K(699392K)
[61.662s][info][gc,metaspace   ] GC(390) Metaspace: 140269K(142080K)->140269K(142080K) NonClass: 122916K(123840K)->122916K(123840K) Class: 17352K(18240K)->17352K(18240K)
[61.662s][info][gc             ] GC(390) Pause Young (Allocation Failure) 347M->73M(991M) 1.795ms
[61.662s][info][gc,cpu         ] GC(390) User=0.00s Sys=0.00s Real=0.00s
[61.748s][info][gc,start       ] GC(391) Pause Young (Allocation Failure)
[61.750s][info][gc,heap        ] GC(391) PSYoungGen: 284875K(315904K)->2596K(319488K) Eden: 282624K(282624K)->0K(287744K) From: 2251K(33280K)->2596K(31744K)
[61.750s][info][gc,heap        ] GC(391) ParOldGen: 73397K(699392K)->74610K(699392K)
[61.750s][info][gc,metaspace   ] GC(391) Metaspace: 140272K(142080K)->140272K(142080K) NonClass: 122920K(123840K)->122920K(123840K) Class: 17352K(18240K)->17352K(18240K)
[61.750s][info][gc             ] GC(391) Pause Young (Allocation Failure) 349M->75M(995M) 2.086ms
[61.750s][info][gc,cpu         ] GC(391) User=0.00s Sys=0.00s Real=0.00s
[61.812s][info][gc,start       ] GC(392) Pause Young (Allocation Failure)
[61.813s][info][gc,heap        ] GC(392) PSYoungGen: 290340K(319488K)->192K(317440K) Eden: 287744K(287744K)->0K(287744K) From: 2596K(31744K)->192K(29696K)
[61.813s][info][gc,heap        ] GC(392) ParOldGen: 74610K(699392K)->76374K(699392K)
[61.813s][info][gc,metaspace   ] GC(392) Metaspace: 140272K(142080K)->140272K(142080K) NonClass: 122920K(123840K)->122920K(123840K) Class: 17352K(18240K)->17352K(18240K)
[61.813s][info][gc             ] GC(392) Pause Young (Allocation Failure) 356M->74M(993M) 1.224ms
[61.813s][info][gc,cpu         ] GC(392) User=0.00s Sys=0.00s Real=0.00s
[61.935s][info][gc,start       ] GC(393) Pause Young (Allocation Failure)
[61.936s][info][gc,heap        ] GC(393) PSYoungGen: 287854K(317440K)->876K(322048K) Eden: 287662K(287744K)->0K(293888K) From: 192K(29696K)->876K(28160K)
[61.936s][info][gc,heap        ] GC(393) ParOldGen: 76374K(699392K)->76406K(699392K)
[61.936s][info][gc,metaspace   ] GC(393) Metaspace: 140274K(142080K)->140274K(142080K) NonClass: 122921K(123840K)->122921K(123840K) Class: 17352K(18240K)->17352K(18240K)
[61.936s][info][gc             ] GC(393) Pause Young (Allocation Failure) 355M->75M(997M) 1.232ms
[61.936s][info][gc,cpu         ] GC(393) User=0.00s Sys=0.00s Real=0.00s
[62.086s][info][gc,start       ] GC(394) Pause Young (Allocation Failure)
[62.092s][info][gc,heap        ] GC(394) PSYoungGen: 294764K(322048K)->27130K(321024K) Eden: 293888K(293888K)->0K(293888K) From: 876K(28160K)->27130K(27136K)
[62.092s][info][gc,heap        ] GC(394) ParOldGen: 76406K(699392K)->80742K(699392K)
[62.092s][info][gc,metaspace   ] GC(394) Metaspace: 140274K(142080K)->140274K(142080K) NonClass: 122922K(123840K)->122922K(123840K) Class: 17352K(18240K)->17352K(18240K)
[62.092s][info][gc             ] GC(394) Pause Young (Allocation Failure) 362M->105M(996M) 5.527ms
[62.092s][info][gc,cpu         ] GC(394) User=0.00s Sys=0.00s Real=0.00s
[62.160s][info][gc,start       ] GC(395) Pause Young (System.gc())
[62.160s][info][gc,heap        ] GC(395) PSYoungGen: 102810K(321024K)->500K(310784K) Eden: 75679K(293888K)->0K(282624K) From: 27130K(27136K)->500K(28160K)
[62.160s][info][gc,heap        ] GC(395) ParOldGen: 80742K(699392K)->80805K(699392K)
[62.160s][info][gc,metaspace   ] GC(395) Metaspace: 140274K(142080K)->140274K(142080K) NonClass: 122922K(123840K)->122922K(123840K) Class: 17352K(18240K)->17352K(18240K)
[62.160s][info][gc             ] GC(395) Pause Young (System.gc()) 179M->79M(986M) 0.818ms
[62.161s][info][gc,cpu         ] GC(395) User=0.00s Sys=0.00s Real=0.00s
[62.161s][info][gc,start       ] GC(396) Pause Full (System.gc())
[62.161s][info][gc,phases,start] GC(396) Marking Phase
[62.224s][info][gc,phases      ] GC(396) Marking Phase 63.108ms
[62.224s][info][gc,phases,start] GC(396) Summary Phase
[62.224s][info][gc,phases      ] GC(396) Summary Phase 0.011ms
[62.224s][info][gc,phases,start] GC(396) Adjust Roots
[62.243s][info][gc,phases      ] GC(396) Adjust Roots 19.644ms
[62.243s][info][gc,phases,start] GC(396) Compaction Phase
[62.253s][info][gc,phases      ] GC(396) Compaction Phase 9.828ms
[62.253s][info][gc,phases,start] GC(396) Post Compact
[62.254s][info][gc,phases      ] GC(396) Post Compact 0.789ms
[62.254s][info][gc,heap        ] GC(396) PSYoungGen: 500K(310784K)->0K(310784K) Eden: 0K(282624K)->0K(282624K) From: 500K(28160K)->0K(28160K)
[62.254s][info][gc,heap        ] GC(396) ParOldGen: 80805K(699392K)->73508K(699392K)
[62.254s][info][gc,metaspace   ] GC(396) Metaspace: 140274K(142080K)->140248K(142080K) NonClass: 122922K(123840K)->122899K(123840K) Class: 17352K(18240K)->17348K(18240K)
[62.254s][info][gc             ] GC(396) Pause Full (System.gc()) 79M->71M(986M) 93.693ms
[62.254s][info][gc,cpu         ] GC(396) User=0.14s Sys=0.00s Real=0.09s
[62.463s][info][gc,start       ] GC(397) Pause Young (Allocation Failure)
[62.465s][info][gc,heap        ] GC(397) PSYoungGen: 282624K(310784K)->2302K(315904K) Eden: 282624K(282624K)->0K(282624K) From: 0K(28160K)->2302K(33280K)
[62.465s][info][gc,heap        ] GC(397) ParOldGen: 73508K(699392K)->73508K(699392K)
[62.465s][info][gc,metaspace   ] GC(397) Metaspace: 140285K(142080K)->140285K(142080K) NonClass: 122932K(123840K)->122932K(123840K) Class: 17352K(18240K)->17352K(18240K)
[62.465s][info][gc             ] GC(397) Pause Young (Allocation Failure) 347M->74M(991M) 1.913ms
[62.465s][info][gc,cpu         ] GC(397) User=0.02s Sys=0.00s Real=0.02s
[62.553s][info][gc,start       ] GC(398) Pause Young (Allocation Failure)
[62.554s][info][gc,heap        ] GC(398) PSYoungGen: 284926K(315904K)->2576K(319488K) Eden: 282624K(282624K)->0K(288256K) From: 2302K(33280K)->2576K(31232K)
[62.555s][info][gc,heap        ] GC(398) ParOldGen: 73508K(699392K)->74740K(699392K)
[62.555s][info][gc,metaspace   ] GC(398) Metaspace: 140285K(142080K)->140285K(142080K) NonClass: 122932K(123840K)->122932K(123840K) Class: 17352K(18240K)->17352K(18240K)
[62.555s][info][gc             ] GC(398) Pause Young (Allocation Failure) 350M->75M(995M) 2.054ms
[62.555s][info][gc,cpu         ] GC(398) User=0.00s Sys=0.00s Real=0.00s
[62.618s][info][gc,start       ] GC(399) Pause Young (Allocation Failure)
[62.619s][info][gc,heap        ] GC(399) PSYoungGen: 290832K(319488K)->160K(317952K) Eden: 288256K(288256K)->0K(288256K) From: 2576K(31232K)->160K(29696K)
[62.619s][info][gc,heap        ] GC(399) ParOldGen: 74740K(699392K)->76514K(699392K)
[62.619s][info][gc,metaspace   ] GC(399) Metaspace: 140285K(142080K)->140285K(142080K) NonClass: 122932K(123840K)->122932K(123840K) Class: 17352K(18240K)->17352K(18240K)
[62.619s][info][gc             ] GC(399) Pause Young (Allocation Failure) 357M->74M(993M) 1.355ms
[62.619s][info][gc,cpu         ] GC(399) User=0.00s Sys=0.00s Real=0.00s
[62.747s][info][gc,start       ] GC(400) Pause Young (Allocation Failure)
[62.748s][info][gc,heap        ] GC(400) PSYoungGen: 286813K(317952K)->895K(322560K) Eden: 286653K(288256K)->0K(294400K) From: 160K(29696K)->895K(28160K)
[62.748s][info][gc,heap        ] GC(400) ParOldGen: 76514K(699392K)->76554K(699392K)
[62.748s][info][gc,metaspace   ] GC(400) Metaspace: 140285K(142080K)->140285K(142080K) NonClass: 122932K(123840K)->122932K(123840K) Class: 17352K(18240K)->17352K(18240K)
[62.748s][info][gc             ] GC(400) Pause Young (Allocation Failure) 354M->75M(998M) 1.334ms
[62.748s][info][gc,cpu         ] GC(400) User=0.00s Sys=0.00s Real=0.00s
[62.901s][info][gc,start       ] GC(401) Pause Young (Allocation Failure)
[62.907s][info][gc,heap        ] GC(401) PSYoungGen: 295295K(322560K)->26618K(321024K) Eden: 294400K(294400K)->0K(294400K) From: 895K(28160K)->26618K(26624K)
[62.907s][info][gc,heap        ] GC(401) ParOldGen: 76554K(699392K)->81593K(699392K)
[62.907s][info][gc,metaspace   ] GC(401) Metaspace: 140285K(142080K)->140285K(142080K) NonClass: 122932K(123840K)->122932K(123840K) Class: 17352K(18240K)->17352K(18240K)
[62.907s][info][gc             ] GC(401) Pause Young (Allocation Failure) 363M->105M(996M) 5.722ms
[62.907s][info][gc,cpu         ] GC(401) User=0.00s Sys=0.00s Real=0.00s
[62.981s][info][gc,start       ] GC(402) Pause Young (System.gc())
[62.983s][info][gc,heap        ] GC(402) PSYoungGen: 101771K(321024K)->468K(310784K) Eden: 75152K(294400K)->0K(282624K) From: 26618K(26624K)->468K(28160K)
[62.983s][info][gc,heap        ] GC(402) ParOldGen: 81593K(699392K)->81686K(699392K)
[62.983s][info][gc,metaspace   ] GC(402) Metaspace: 140286K(142080K)->140286K(142080K) NonClass: 122933K(123840K)->122933K(123840K) Class: 17352K(18240K)->17352K(18240K)
[62.983s][info][gc             ] GC(402) Pause Young (System.gc()) 179M->80M(986M) 1.472ms
[62.983s][info][gc,cpu         ] GC(402) User=0.00s Sys=0.00s Real=0.00s
[62.983s][info][gc,start       ] GC(403) Pause Full (System.gc())
[62.983s][info][gc,phases,start] GC(403) Marking Phase
[63.043s][info][gc,phases      ] GC(403) Marking Phase 60.695ms
[63.044s][info][gc,phases,start] GC(403) Summary Phase
[63.044s][info][gc,phases      ] GC(403) Summary Phase 0.010ms
[63.044s][info][gc,phases,start] GC(403) Adjust Roots
[63.063s][info][gc,phases      ] GC(403) Adjust Roots 19.569ms
[63.063s][info][gc,phases,start] GC(403) Compaction Phase
[63.072s][info][gc,phases      ] GC(403) Compaction Phase 8.734ms
[63.072s][info][gc,phases,start] GC(403) Post Compact
[63.073s][info][gc,phases      ] GC(403) Post Compact 0.770ms
[63.073s][info][gc,heap        ] GC(403) PSYoungGen: 468K(310784K)->0K(310784K) Eden: 0K(282624K)->0K(282624K) From: 468K(28160K)->0K(28160K)
[63.073s][info][gc,heap        ] GC(403) ParOldGen: 81686K(699392K)->73614K(699392K)
[63.073s][info][gc,metaspace   ] GC(403) Metaspace: 140286K(142080K)->140259K(142080K) NonClass: 122933K(123840K)->122910K(123840K) Class: 17352K(18240K)->17348K(18240K)
[63.073s][info][gc             ] GC(403) Pause Full (System.gc()) 80M->71M(986M) 90.100ms
[63.073s][info][gc,cpu         ] GC(403) User=0.09s Sys=0.00s Real=0.08s
[63.288s][info][gc,start       ] GC(404) Pause Young (Allocation Failure)
[63.290s][info][gc,heap        ] GC(404) PSYoungGen: 282624K(310784K)->2311K(315904K) Eden: 282624K(282624K)->0K(282624K) From: 0K(28160K)->2311K(33280K)
[63.290s][info][gc,heap        ] GC(404) ParOldGen: 73614K(699392K)->73614K(699392K)
[63.290s][info][gc,metaspace   ] GC(404) Metaspace: 140376K(142208K)->140376K(142208K) NonClass: 123023K(123968K)->123023K(123968K) Class: 17352K(18240K)->17352K(18240K)
[63.290s][info][gc             ] GC(404) Pause Young (Allocation Failure) 347M->74M(991M) 2.253ms
[63.290s][info][gc,cpu         ] GC(404) User=0.02s Sys=0.00s Real=0.02s
[63.377s][info][gc,start       ] GC(405) Pause Young (Allocation Failure)
[63.379s][info][gc,heap        ] GC(405) PSYoungGen: 284935K(315904K)->2553K(319488K) Eden: 282624K(282624K)->0K(288256K) From: 2311K(33280K)->2553K(31232K)
[63.379s][info][gc,heap        ] GC(405) ParOldGen: 73614K(699392K)->74837K(699392K)
[63.379s][info][gc,metaspace   ] GC(405) Metaspace: 140384K(142208K)->140384K(142208K) NonClass: 123032K(123968K)->123032K(123968K) Class: 17352K(18240K)->17352K(18240K)
[63.379s][info][gc             ] GC(405) Pause Young (Allocation Failure) 350M->75M(995M) 2.353ms
[63.379s][info][gc,cpu         ] GC(405) User=0.00s Sys=0.00s Real=0.00s
[63.444s][info][gc,start       ] GC(406) Pause Young (Allocation Failure)
[63.445s][info][gc,heap        ] GC(406) PSYoungGen: 290809K(319488K)->192K(317952K) Eden: 288256K(288256K)->0K(288256K) From: 2553K(31232K)->192K(29696K)
[63.445s][info][gc,heap        ] GC(406) ParOldGen: 74837K(699392K)->76766K(699392K)
[63.445s][info][gc,metaspace   ] GC(406) Metaspace: 140384K(142208K)->140384K(142208K) NonClass: 123032K(123968K)->123032K(123968K) Class: 17352K(18240K)->17352K(18240K)
[63.446s][info][gc             ] GC(406) Pause Young (Allocation Failure) 357M->75M(993M) 1.169ms
[63.446s][info][gc,cpu         ] GC(406) User=0.02s Sys=0.00s Real=0.00s
[63.575s][info][gc,start       ] GC(407) Pause Young (Allocation Failure)
[63.576s][info][gc,heap        ] GC(407) PSYoungGen: 288284K(317952K)->909K(322560K) Eden: 288092K(288256K)->0K(294400K) From: 192K(29696K)->909K(28160K)
[63.576s][info][gc,heap        ] GC(407) ParOldGen: 76766K(699392K)->76790K(699392K)
[63.576s][info][gc,metaspace   ] GC(407) Metaspace: 140384K(142208K)->140384K(142208K) NonClass: 123032K(123968K)->123032K(123968K) Class: 17352K(18240K)->17352K(18240K)
[63.576s][info][gc             ] GC(407) Pause Young (Allocation Failure) 356M->75M(998M) 1.337ms
[63.576s][info][gc,cpu         ] GC(407) User=0.00s Sys=0.00s Real=0.00s
[63.731s][info][gc,start       ] GC(408) Pause Young (Allocation Failure)
[63.737s][info][gc,heap        ] GC(408) PSYoungGen: 295309K(322560K)->26609K(321024K) Eden: 294400K(294400K)->0K(294400K) From: 909K(28160K)->26609K(26624K)
[63.737s][info][gc,heap        ] GC(408) ParOldGen: 76790K(699392K)->82574K(699392K)
[63.737s][info][gc,metaspace   ] GC(408) Metaspace: 140384K(142208K)->140384K(142208K) NonClass: 123032K(123968K)->123032K(123968K) Class: 17352K(18240K)->17352K(18240K)
[63.737s][info][gc             ] GC(408) Pause Young (Allocation Failure) 363M->106M(996M) 6.129ms
[63.737s][info][gc,cpu         ] GC(408) User=0.00s Sys=0.00s Real=0.00s
[63.809s][info][gc,start       ] GC(409) Pause Young (System.gc())
[63.810s][info][gc,heap        ] GC(409) PSYoungGen: 103253K(321024K)->468K(310784K) Eden: 76643K(294400K)->0K(282624K) From: 26609K(26624K)->468K(28160K)
[63.810s][info][gc,heap        ] GC(409) ParOldGen: 82574K(699392K)->82868K(699392K)
[63.810s][info][gc,metaspace   ] GC(409) Metaspace: 140384K(142208K)->140384K(142208K) NonClass: 123032K(123968K)->123032K(123968K) Class: 17352K(18240K)->17352K(18240K)
[63.810s][info][gc             ] GC(409) Pause Young (System.gc()) 181M->81M(986M) 1.089ms
[63.810s][info][gc,cpu         ] GC(409) User=0.00s Sys=0.00s Real=0.00s
[63.810s][info][gc,start       ] GC(410) Pause Full (System.gc())
[63.810s][info][gc,phases,start] GC(410) Marking Phase
[63.876s][info][gc,phases      ] GC(410) Marking Phase 65.531ms
[63.876s][info][gc,phases,start] GC(410) Summary Phase
[63.876s][info][gc,phases      ] GC(410) Summary Phase 0.010ms
[63.876s][info][gc,phases,start] GC(410) Adjust Roots
[63.896s][info][gc,phases      ] GC(410) Adjust Roots 19.806ms
[63.896s][info][gc,phases,start] GC(410) Compaction Phase
[63.903s][info][gc,phases      ] GC(410) Compaction Phase 7.198ms
[63.903s][info][gc,phases,start] GC(410) Post Compact
[63.904s][info][gc,phases      ] GC(410) Post Compact 0.731ms
[63.904s][info][gc,heap        ] GC(410) PSYoungGen: 468K(310784K)->0K(310784K) Eden: 0K(282624K)->0K(282624K) From: 468K(28160K)->0K(28160K)
[63.904s][info][gc,heap        ] GC(410) ParOldGen: 82868K(699392K)->73856K(699392K)
[63.904s][info][gc,metaspace   ] GC(410) Metaspace: 140384K(142208K)->140357K(142208K) NonClass: 123032K(123968K)->123009K(123968K) Class: 17352K(18240K)->17348K(18240K)
[63.904s][info][gc             ] GC(410) Pause Full (System.gc()) 81M->72M(986M) 93.563ms
[63.904s][info][gc,cpu         ] GC(410) User=0.06s Sys=0.00s Real=0.09s
[64.107s][info][gc,start       ] GC(411) Pause Young (Allocation Failure)
[64.109s][info][gc,heap        ] GC(411) PSYoungGen: 282624K(310784K)->2226K(315904K) Eden: 282624K(282624K)->0K(282624K) From: 0K(28160K)->2226K(33280K)
[64.109s][info][gc,heap        ] GC(411) ParOldGen: 73856K(699392K)->73856K(699392K)
[64.109s][info][gc,metaspace   ] GC(411) Metaspace: 140388K(142208K)->140388K(142208K) NonClass: 123036K(123968K)->123036K(123968K) Class: 17352K(18240K)->17352K(18240K)
[64.109s][info][gc             ] GC(411) Pause Young (Allocation Failure) 348M->74M(991M) 1.922ms
[64.109s][info][gc,cpu         ] GC(411) User=0.00s Sys=0.00s Real=0.01s
[64.194s][info][gc,start       ] GC(412) Pause Young (Allocation Failure)
[64.196s][info][gc,heap        ] GC(412) PSYoungGen: 284850K(315904K)->2585K(319488K) Eden: 282624K(282624K)->0K(287744K) From: 2226K(33280K)->2585K(31744K)
[64.196s][info][gc,heap        ] GC(412) ParOldGen: 73856K(699392K)->75079K(699392K)
[64.196s][info][gc,metaspace   ] GC(412) Metaspace: 140388K(142208K)->140388K(142208K) NonClass: 123036K(123968K)->123036K(123968K) Class: 17352K(18240K)->17352K(18240K)
[64.197s][info][gc             ] GC(412) Pause Young (Allocation Failure) 350M->75M(995M) 2.059ms
[64.197s][info][gc,cpu         ] GC(412) User=0.00s Sys=0.00s Real=0.00s
[64.258s][info][gc,start       ] GC(413) Pause Young (Allocation Failure)
[64.259s][info][gc,heap        ] GC(413) PSYoungGen: 290329K(319488K)->192K(317440K) Eden: 287744K(287744K)->0K(287744K) From: 2585K(31744K)->192K(29696K)
[64.259s][info][gc,heap        ] GC(413) ParOldGen: 75079K(699392K)->76845K(699392K)
[64.259s][info][gc,metaspace   ] GC(413) Metaspace: 140388K(142208K)->140388K(142208K) NonClass: 123036K(123968K)->123036K(123968K) Class: 17352K(18240K)->17352K(18240K)
[64.259s][info][gc             ] GC(413) Pause Young (Allocation Failure) 356M->75M(993M) 1.271ms
[64.259s][info][gc,cpu         ] GC(413) User=0.00s Sys=0.00s Real=0.00s
[64.380s][info][gc,start       ] GC(414) Pause Young (Allocation Failure)
[64.381s][info][gc,heap        ] GC(414) PSYoungGen: 286990K(317440K)->895K(322048K) Eden: 286798K(287744K)->0K(293376K) From: 192K(29696K)->895K(28672K)
[64.381s][info][gc,heap        ] GC(414) ParOldGen: 76845K(699392K)->76877K(699392K)
[64.381s][info][gc,metaspace   ] GC(414) Metaspace: 140388K(142208K)->140388K(142208K) NonClass: 123036K(123968K)->123036K(123968K) Class: 17352K(18240K)->17352K(18240K)
[64.381s][info][gc             ] GC(414) Pause Young (Allocation Failure) 355M->75M(997M) 1.145ms
[64.381s][info][gc,cpu         ] GC(414) User=0.00s Sys=0.00s Real=0.00s
[64.508s][info][gc,start       ] GC(415) Pause Young (Allocation Failure)
[64.513s][info][gc,heap        ] GC(415) PSYoungGen: 294271K(322048K)->27116K(320512K) Eden: 293376K(293376K)->0K(293376K) From: 895K(28672K)->27116K(27136K)
[64.513s][info][gc,heap        ] GC(415) ParOldGen: 76877K(699392K)->82221K(699392K)
[64.513s][info][gc,metaspace   ] GC(415) Metaspace: 140388K(142208K)->140388K(142208K) NonClass: 123036K(123968K)->123036K(123968K) Class: 17352K(18240K)->17352K(18240K)
[64.513s][info][gc             ] GC(415) Pause Young (Allocation Failure) 362M->106M(996M) 5.254ms
[64.513s][info][gc,cpu         ] GC(415) User=0.00s Sys=0.00s Real=0.00s
[64.607s][info][gc,start       ] GC(416) Pause Young (System.gc())
[64.608s][info][gc,heap        ] GC(416) PSYoungGen: 106598K(320512K)->500K(311296K) Eden: 79482K(293376K)->0K(282624K) From: 27116K(27136K)->500K(28672K)
[64.608s][info][gc,heap        ] GC(416) ParOldGen: 82221K(699392K)->82284K(699392K)
[64.608s][info][gc,metaspace   ] GC(416) Metaspace: 140388K(142208K)->140388K(142208K) NonClass: 123036K(123968K)->123036K(123968K) Class: 17352K(18240K)->17352K(18240K)
[64.608s][info][gc             ] GC(416) Pause Young (System.gc()) 184M->80M(987M) 0.739ms
[64.608s][info][gc,cpu         ] GC(416) User=0.00s Sys=0.00s Real=0.00s
[64.608s][info][gc,start       ] GC(417) Pause Full (System.gc())
[64.608s][info][gc,phases,start] GC(417) Marking Phase
[64.670s][info][gc,phases      ] GC(417) Marking Phase 61.909ms
[64.670s][info][gc,phases,start] GC(417) Summary Phase
[64.670s][info][gc,phases      ] GC(417) Summary Phase 0.009ms
[64.670s][info][gc,phases,start] GC(417) Adjust Roots
[64.690s][info][gc,phases      ] GC(417) Adjust Roots 19.854ms
[64.690s][info][gc,phases,start] GC(417) Compaction Phase
[64.700s][info][gc,phases      ] GC(417) Compaction Phase 9.883ms
[64.700s][info][gc,phases,start] GC(417) Post Compact
[64.701s][info][gc,phases      ] GC(417) Post Compact 0.742ms
[64.701s][info][gc,heap        ] GC(417) PSYoungGen: 500K(311296K)->0K(311296K) Eden: 0K(282624K)->0K(282624K) From: 500K(28672K)->0K(28672K)
[64.701s][info][gc,heap        ] GC(417) ParOldGen: 82284K(699392K)->73827K(699392K)
[64.701s][info][gc,metaspace   ] GC(417) Metaspace: 140388K(142208K)->140362K(142208K) NonClass: 123036K(123968K)->123013K(123968K) Class: 17352K(18240K)->17348K(18240K)
[64.701s][info][gc             ] GC(417) Pause Full (System.gc()) 80M->72M(987M) 92.699ms
[64.701s][info][gc,cpu         ] GC(417) User=0.08s Sys=0.00s Real=0.09s
[64.906s][info][gc,start       ] GC(418) Pause Young (Allocation Failure)
[64.907s][info][gc,heap        ] GC(418) PSYoungGen: 282624K(311296K)->2247K(315904K) Eden: 282624K(282624K)->0K(282624K) From: 0K(28672K)->2247K(33280K)
[64.907s][info][gc,heap        ] GC(418) ParOldGen: 73827K(699392K)->73827K(699392K)
[64.907s][info][gc,metaspace   ] GC(418) Metaspace: 140400K(142208K)->140400K(142208K) NonClass: 123047K(123968K)->123047K(123968K) Class: 17352K(18240K)->17352K(18240K)
[64.907s][info][gc             ] GC(418) Pause Young (Allocation Failure) 348M->74M(991M) 1.840ms
[64.907s][info][gc,cpu         ] GC(418) User=0.00s Sys=0.00s Real=0.00s
[64.992s][info][gc,start       ] GC(419) Pause Young (Allocation Failure)
[64.994s][info][gc,heap        ] GC(419) PSYoungGen: 284871K(315904K)->2564K(319488K) Eden: 282624K(282624K)->0K(287744K) From: 2247K(33280K)->2564K(31744K)
[64.994s][info][gc,heap        ] GC(419) ParOldGen: 73827K(699392K)->75051K(699392K)
[64.994s][info][gc,metaspace   ] GC(419) Metaspace: 140400K(142208K)->140400K(142208K) NonClass: 123047K(123968K)->123047K(123968K) Class: 17352K(18240K)->17352K(18240K)
[64.994s][info][gc             ] GC(419) Pause Young (Allocation Failure) 350M->75M(995M) 1.969ms
[64.994s][info][gc,cpu         ] GC(419) User=0.00s Sys=0.00s Real=0.00s
[65.055s][info][gc,start       ] GC(420) Pause Young (Allocation Failure)
[65.056s][info][gc,heap        ] GC(420) PSYoungGen: 290308K(319488K)->192K(317440K) Eden: 287744K(287744K)->0K(287744K) From: 2564K(31744K)->192K(29696K)
[65.056s][info][gc,heap        ] GC(420) ParOldGen: 75051K(699392K)->76808K(699392K)
[65.056s][info][gc,metaspace   ] GC(420) Metaspace: 140400K(142208K)->140400K(142208K) NonClass: 123047K(123968K)->123047K(123968K) Class: 17352K(18240K)->17352K(18240K)
[65.056s][info][gc             ] GC(420) Pause Young (Allocation Failure) 356M->75M(993M) 1.273ms
[65.056s][info][gc,cpu         ] GC(420) User=0.00s Sys=0.00s Real=0.00s
[65.180s][info][gc,start       ] GC(421) Pause Young (Allocation Failure)
[65.181s][info][gc,heap        ] GC(421) PSYoungGen: 286271K(317440K)->908K(322048K) Eden: 286079K(287744K)->0K(293376K) From: 192K(29696K)->908K(28672K)
[65.181s][info][gc,heap        ] GC(421) ParOldGen: 76808K(699392K)->76840K(699392K)
[65.181s][info][gc,metaspace   ] GC(421) Metaspace: 140400K(142208K)->140400K(142208K) NonClass: 123047K(123968K)->123047K(123968K) Class: 17352K(18240K)->17352K(18240K)
[65.181s][info][gc             ] GC(421) Pause Young (Allocation Failure) 354M->75M(997M) 1.326ms
[65.181s][info][gc,cpu         ] GC(421) User=0.00s Sys=0.00s Real=0.00s
[65.324s][info][gc,start       ] GC(422) Pause Young (Allocation Failure)
[65.329s][info][gc,heap        ] GC(422) PSYoungGen: 294284K(322048K)->27130K(320512K) Eden: 293376K(293376K)->0K(293376K) From: 908K(28672K)->27130K(27136K)
[65.329s][info][gc,heap        ] GC(422) ParOldGen: 76840K(699392K)->81223K(699392K)
[65.329s][info][gc,metaspace   ] GC(422) Metaspace: 140400K(142208K)->140400K(142208K) NonClass: 123047K(123968K)->123047K(123968K) Class: 17352K(18240K)->17352K(18240K)
[65.329s][info][gc             ] GC(422) Pause Young (Allocation Failure) 362M->105M(996M) 5.314ms
[65.329s][info][gc,cpu         ] GC(422) User=0.00s Sys=0.00s Real=0.00s
[65.410s][info][gc,start       ] GC(423) Pause Young (System.gc())
[65.413s][info][gc,heap        ] GC(423) PSYoungGen: 105400K(320512K)->500K(311296K) Eden: 78269K(293376K)->0K(282624K) From: 27130K(27136K)->500K(28672K)
[65.413s][info][gc,heap        ] GC(423) ParOldGen: 81223K(699392K)->97063K(699392K)
[65.413s][info][gc,metaspace   ] GC(423) Metaspace: 140403K(142208K)->140403K(142208K) NonClass: 123050K(123968K)->123050K(123968K) Class: 17353K(18240K)->17353K(18240K)
[65.413s][info][gc             ] GC(423) Pause Young (System.gc()) 182M->95M(987M) 3.032ms
[65.414s][info][gc,cpu         ] GC(423) User=0.00s Sys=0.00s Real=0.00s
[65.414s][info][gc,start       ] GC(424) Pause Full (System.gc())
[65.414s][info][gc,phases,start] GC(424) Marking Phase
[65.476s][info][gc,phases      ] GC(424) Marking Phase 62.543ms
[65.476s][info][gc,phases,start] GC(424) Summary Phase
[65.476s][info][gc,phases      ] GC(424) Summary Phase 0.010ms
[65.476s][info][gc,phases,start] GC(424) Adjust Roots
[65.497s][info][gc,phases      ] GC(424) Adjust Roots 20.406ms
[65.497s][info][gc,phases,start] GC(424) Compaction Phase
[65.505s][info][gc,phases      ] GC(424) Compaction Phase 8.603ms
[65.505s][info][gc,phases,start] GC(424) Post Compact
[65.506s][info][gc,phases      ] GC(424) Post Compact 0.785ms
[65.506s][info][gc,heap        ] GC(424) PSYoungGen: 500K(311296K)->0K(311296K) Eden: 0K(282624K)->0K(282624K) From: 500K(28672K)->0K(28672K)
[65.506s][info][gc,heap        ] GC(424) ParOldGen: 97063K(699392K)->73940K(699392K)
[65.506s][info][gc,metaspace   ] GC(424) Metaspace: 140403K(142208K)->140376K(142208K) NonClass: 123050K(123968K)->123027K(123968K) Class: 17353K(18240K)->17348K(18240K)
[65.506s][info][gc             ] GC(424) Pause Full (System.gc()) 95M->72M(987M) 92.640ms
[65.506s][info][gc,cpu         ] GC(424) User=0.14s Sys=0.00s Real=0.10s
[65.709s][info][gc,start       ] GC(425) Pause Young (Allocation Failure)
[65.710s][info][gc,heap        ] GC(425) PSYoungGen: 282624K(311296K)->2078K(315904K) Eden: 282624K(282624K)->0K(282624K) From: 0K(28672K)->2078K(33280K)
[65.711s][info][gc,heap        ] GC(425) ParOldGen: 73940K(699392K)->73948K(699392K)
[65.711s][info][gc,metaspace   ] GC(425) Metaspace: 140438K(142272K)->140438K(142272K) NonClass: 123085K(124032K)->123085K(124032K) Class: 17353K(18240K)->17353K(18240K)
[65.711s][info][gc             ] GC(425) Pause Young (Allocation Failure) 348M->74M(991M) 1.845ms
[65.711s][info][gc,cpu         ] GC(425) User=0.02s Sys=0.00s Real=0.01s
[65.798s][info][gc,start       ] GC(426) Pause Young (Allocation Failure)
[65.801s][info][gc,heap        ] GC(426) PSYoungGen: 284702K(315904K)->2755K(319488K) Eden: 282624K(282624K)->0K(287744K) From: 2078K(33280K)->2755K(31744K)
[65.801s][info][gc,heap        ] GC(426) ParOldGen: 73948K(699392K)->75211K(699392K)
[65.801s][info][gc,metaspace   ] GC(426) Metaspace: 140438K(142272K)->140438K(142272K) NonClass: 123085K(124032K)->123085K(124032K) Class: 17353K(18240K)->17353K(18240K)
[65.801s][info][gc             ] GC(426) Pause Young (Allocation Failure) 350M->76M(995M) 2.528ms
[65.801s][info][gc,cpu         ] GC(426) User=0.02s Sys=0.00s Real=0.00s
[65.863s][info][gc,start       ] GC(427) Pause Young (Allocation Failure)
[65.864s][info][gc,heap        ] GC(427) PSYoungGen: 290499K(319488K)->192K(317440K) Eden: 287744K(287744K)->0K(287744K) From: 2755K(31744K)->192K(29696K)
[65.864s][info][gc,heap        ] GC(427) ParOldGen: 75211K(699392K)->76963K(699392K)
[65.864s][info][gc,metaspace   ] GC(427) Metaspace: 140438K(142272K)->140438K(142272K) NonClass: 123085K(124032K)->123085K(124032K) Class: 17353K(18240K)->17353K(18240K)
[65.864s][info][gc             ] GC(427) Pause Young (Allocation Failure) 357M->75M(993M) 1.259ms
[65.864s][info][gc,cpu         ] GC(427) User=0.00s Sys=0.00s Real=0.00s
[65.992s][info][gc,start       ] GC(428) Pause Young (Allocation Failure)
[65.993s][info][gc,heap        ] GC(428) PSYoungGen: 287408K(317440K)->876K(322048K) Eden: 287216K(287744K)->0K(293888K) From: 192K(29696K)->876K(28160K)
[65.993s][info][gc,heap        ] GC(428) ParOldGen: 76963K(699392K)->77003K(699392K)
[65.993s][info][gc,metaspace   ] GC(428) Metaspace: 140441K(142272K)->140441K(142272K) NonClass: 123088K(124032K)->123088K(124032K) Class: 17353K(18240K)->17353K(18240K)
[65.993s][info][gc             ] GC(428) Pause Young (Allocation Failure) 355M->76M(997M) 1.084ms
[65.993s][info][gc,cpu         ] GC(428) User=0.00s Sys=0.00s Real=0.00s
[66.141s][info][gc,start       ] GC(429) Pause Young (Allocation Failure)
[66.147s][info][gc,heap        ] GC(429) PSYoungGen: 294764K(322048K)->27113K(321024K) Eden: 293888K(293888K)->0K(293888K) From: 876K(28160K)->27113K(27136K)
[66.147s][info][gc,heap        ] GC(429) ParOldGen: 77003K(699392K)->81995K(699392K)
[66.147s][info][gc,metaspace   ] GC(429) Metaspace: 140441K(142272K)->140441K(142272K) NonClass: 123088K(124032K)->123088K(124032K) Class: 17353K(18240K)->17353K(18240K)
[66.147s][info][gc             ] GC(429) Pause Young (Allocation Failure) 363M->106M(996M) 5.596ms
[66.147s][info][gc,cpu         ] GC(429) User=0.02s Sys=0.00s Real=0.02s
[66.218s][info][gc,start       ] GC(430) Pause Young (System.gc())
[66.221s][info][gc,heap        ] GC(430) PSYoungGen: 103974K(321024K)->500K(310784K) Eden: 76860K(293888K)->0K(282624K) From: 27113K(27136K)->500K(28160K)
[66.221s][info][gc,heap        ] GC(430) ParOldGen: 81995K(699392K)->94794K(699392K)
[66.221s][info][gc,metaspace   ] GC(430) Metaspace: 140441K(142272K)->140441K(142272K) NonClass: 123088K(124032K)->123088K(124032K) Class: 17353K(18240K)->17353K(18240K)
[66.221s][info][gc             ] GC(430) Pause Young (System.gc()) 181M->93M(986M) 2.448ms
[66.221s][info][gc,cpu         ] GC(430) User=0.00s Sys=0.00s Real=0.00s
[66.221s][info][gc,start       ] GC(431) Pause Full (System.gc())
[66.221s][info][gc,phases,start] GC(431) Marking Phase
[66.285s][info][gc,phases      ] GC(431) Marking Phase 63.669ms
[66.285s][info][gc,phases,start] GC(431) Summary Phase
[66.285s][info][gc,phases      ] GC(431) Summary Phase 0.010ms
[66.285s][info][gc,phases,start] GC(431) Adjust Roots
[66.305s][info][gc,phases      ] GC(431) Adjust Roots 20.228ms
[66.305s][info][gc,phases,start] GC(431) Compaction Phase
[66.313s][info][gc,phases      ] GC(431) Compaction Phase 7.584ms
[66.313s][info][gc,phases,start] GC(431) Post Compact
[66.313s][info][gc,phases      ] GC(431) Post Compact 0.779ms
[66.313s][info][gc,heap        ] GC(431) PSYoungGen: 500K(310784K)->0K(310784K) Eden: 0K(282624K)->0K(282624K) From: 500K(28160K)->0K(28160K)
[66.313s][info][gc,heap        ] GC(431) ParOldGen: 94794K(699392K)->74072K(699392K)
[66.313s][info][gc,metaspace   ] GC(431) Metaspace: 140441K(142272K)->140414K(142272K) NonClass: 123088K(124032K)->123065K(124032K) Class: 17353K(18240K)->17348K(18240K)
[66.313s][info][gc             ] GC(431) Pause Full (System.gc()) 93M->72M(986M) 92.593ms
[66.314s][info][gc,cpu         ] GC(431) User=0.12s Sys=0.00s Real=0.09s
[66.517s][info][gc,start       ] GC(432) Pause Young (Allocation Failure)
[66.518s][info][gc,heap        ] GC(432) PSYoungGen: 282624K(310784K)->3083K(315904K) Eden: 282624K(282624K)->0K(282624K) From: 0K(28160K)->3083K(33280K)
[66.518s][info][gc,heap        ] GC(432) ParOldGen: 74072K(699392K)->74080K(699392K)
[66.518s][info][gc,metaspace   ] GC(432) Metaspace: 140444K(142272K)->140444K(142272K) NonClass: 123091K(124032K)->123091K(124032K) Class: 17353K(18240K)->17353K(18240K)
[66.519s][info][gc             ] GC(432) Pause Young (Allocation Failure) 348M->75M(991M) 1.901ms
[66.519s][info][gc,cpu         ] GC(432) User=0.00s Sys=0.00s Real=0.02s
[66.603s][info][gc,start       ] GC(433) Pause Young (Allocation Failure)
[66.605s][info][gc,heap        ] GC(433) PSYoungGen: 285707K(315904K)->2585K(319488K) Eden: 282624K(282624K)->0K(288256K) From: 3083K(33280K)->2585K(31232K)
[66.605s][info][gc,heap        ] GC(433) ParOldGen: 74080K(699392K)->75309K(699392K)
[66.605s][info][gc,metaspace   ] GC(433) Metaspace: 140444K(142272K)->140444K(142272K) NonClass: 123091K(124032K)->123091K(124032K) Class: 17353K(18240K)->17353K(18240K)
[66.605s][info][gc             ] GC(433) Pause Young (Allocation Failure) 351M->76M(995M) 1.999ms
[66.605s][info][gc,cpu         ] GC(433) User=0.00s Sys=0.00s Real=0.00s
[66.666s][info][gc,start       ] GC(434) Pause Young (Allocation Failure)
[66.667s][info][gc,heap        ] GC(434) PSYoungGen: 290841K(319488K)->192K(317952K) Eden: 288256K(288256K)->0K(288256K) From: 2585K(31232K)->192K(29696K)
[66.667s][info][gc,heap        ] GC(434) ParOldGen: 75309K(699392K)->77074K(699392K)
[66.667s][info][gc,metaspace   ] GC(434) Metaspace: 140444K(142272K)->140444K(142272K) NonClass: 123091K(124032K)->123091K(124032K) Class: 17353K(18240K)->17353K(18240K)
[66.667s][info][gc             ] GC(434) Pause Young (Allocation Failure) 357M->75M(993M) 1.352ms
[66.667s][info][gc,cpu         ] GC(434) User=0.00s Sys=0.00s Real=0.00s
[66.791s][info][gc,start       ] GC(435) Pause Young (Allocation Failure)
[66.793s][info][gc,heap        ] GC(435) PSYoungGen: 287860K(317952K)->908K(322048K) Eden: 287668K(288256K)->0K(293888K) From: 192K(29696K)->908K(28160K)
[66.793s][info][gc,heap        ] GC(435) ParOldGen: 77074K(699392K)->77114K(699392K)
[66.793s][info][gc,metaspace   ] GC(435) Metaspace: 140444K(142272K)->140444K(142272K) NonClass: 123091K(124032K)->123091K(124032K) Class: 17353K(18240K)->17353K(18240K)
[66.793s][info][gc             ] GC(435) Pause Young (Allocation Failure) 356M->76M(997M) 1.329ms
[66.793s][info][gc,cpu         ] GC(435) User=0.00s Sys=0.00s Real=0.00s
[66.920s][info][gc,start       ] GC(436) Pause Young (Allocation Failure)
[66.925s][info][gc,heap        ] GC(436) PSYoungGen: 294796K(322048K)->27115K(321024K) Eden: 293888K(293888K)->0K(293888K) From: 908K(28160K)->27115K(27136K)
[66.925s][info][gc,heap        ] GC(436) ParOldGen: 77114K(699392K)->80898K(699392K)
[66.925s][info][gc,metaspace   ] GC(436) Metaspace: 140444K(142272K)->140444K(142272K) NonClass: 123091K(124032K)->123091K(124032K) Class: 17353K(18240K)->17353K(18240K)
[66.925s][info][gc             ] GC(436) Pause Young (Allocation Failure) 363M->105M(996M) 5.300ms
[66.925s][info][gc,cpu         ] GC(436) User=0.02s Sys=0.00s Real=0.02s
[67.020s][info][gc,start       ] GC(437) Pause Young (System.gc())
[67.020s][info][gc,heap        ] GC(437) PSYoungGen: 105651K(321024K)->500K(311808K) Eden: 78535K(293888K)->0K(283648K) From: 27115K(27136K)->500K(28160K)
[67.020s][info][gc,heap        ] GC(437) ParOldGen: 80898K(699392K)->80953K(699392K)
[67.020s][info][gc,metaspace   ] GC(437) Metaspace: 140444K(142272K)->140444K(142272K) NonClass: 123091K(124032K)->123091K(124032K) Class: 17353K(18240K)->17353K(18240K)
[67.020s][info][gc             ] GC(437) Pause Young (System.gc()) 182M->79M(987M) 0.740ms
[67.020s][info][gc,cpu         ] GC(437) User=0.00s Sys=0.00s Real=0.00s
[67.020s][info][gc,start       ] GC(438) Pause Full (System.gc())
[67.020s][info][gc,phases,start] GC(438) Marking Phase
[67.084s][info][gc,phases      ] GC(438) Marking Phase 63.857ms
[67.084s][info][gc,phases,start] GC(438) Summary Phase
[67.084s][info][gc,phases      ] GC(438) Summary Phase 0.010ms
[67.084s][info][gc,phases,start] GC(438) Adjust Roots
[67.105s][info][gc,phases      ] GC(438) Adjust Roots 20.308ms
[67.105s][info][gc,phases,start] GC(438) Compaction Phase
[67.112s][info][gc,phases      ] GC(438) Compaction Phase 7.622ms
[67.112s][info][gc,phases,start] GC(438) Post Compact
[67.113s][info][gc,phases      ] GC(438) Post Compact 0.874ms
[67.113s][info][gc,heap        ] GC(438) PSYoungGen: 500K(311808K)->0K(311808K) Eden: 0K(283648K)->0K(283648K) From: 500K(28160K)->0K(28160K)
[67.113s][info][gc,heap        ] GC(438) ParOldGen: 80953K(699392K)->74184K(699392K)
[67.113s][info][gc,metaspace   ] GC(438) Metaspace: 140444K(142272K)->140417K(142272K) NonClass: 123091K(124032K)->123068K(124032K) Class: 17353K(18240K)->17348K(18240K)
[67.113s][info][gc             ] GC(438) Pause Full (System.gc()) 79M->72M(987M) 92.968ms
[67.113s][info][gc,cpu         ] GC(438) User=0.11s Sys=0.00s Real=0.09s
[67.318s][info][gc,start       ] GC(439) Pause Young (Allocation Failure)
[67.320s][info][gc,heap        ] GC(439) PSYoungGen: 283648K(311808K)->2302K(316416K) Eden: 283648K(283648K)->0K(283648K) From: 0K(28160K)->2302K(32768K)
[67.320s][info][gc,heap        ] GC(439) ParOldGen: 74184K(699392K)->74184K(699392K)
[67.320s][info][gc,metaspace   ] GC(439) Metaspace: 140446K(142272K)->140446K(142272K) NonClass: 123093K(124032K)->123093K(124032K) Class: 17353K(18240K)->17353K(18240K)
[67.320s][info][gc             ] GC(439) Pause Young (Allocation Failure) 349M->74M(992M) 2.309ms
[67.321s][info][gc,cpu         ] GC(439) User=0.02s Sys=0.00s Real=0.02s
[67.407s][info][gc,start       ] GC(440) Pause Young (Allocation Failure)
[67.409s][info][gc,heap        ] GC(440) PSYoungGen: 285950K(316416K)->2541K(320000K) Eden: 283648K(283648K)->0K(288768K) From: 2302K(32768K)->2541K(31232K)
[67.409s][info][gc,heap        ] GC(440) ParOldGen: 74184K(699392K)->75408K(699392K)
[67.409s][info][gc,metaspace   ] GC(440) Metaspace: 140446K(142272K)->140446K(142272K) NonClass: 123093K(124032K)->123093K(124032K) Class: 17353K(18240K)->17353K(18240K)
[67.409s][info][gc             ] GC(440) Pause Young (Allocation Failure) 351M->76M(995M) 2.010ms
[67.409s][info][gc,cpu         ] GC(440) User=0.00s Sys=0.00s Real=0.00s
[67.470s][info][gc,start       ] GC(441) Pause Young (Allocation Failure)
[67.472s][info][gc,heap        ] GC(441) PSYoungGen: 291309K(320000K)->192K(317952K) Eden: 288768K(288768K)->0K(288768K) From: 2541K(31232K)->192K(29184K)
[67.472s][info][gc,heap        ] GC(441) ParOldGen: 75408K(699392K)->77169K(699392K)
[67.472s][info][gc,metaspace   ] GC(441) Metaspace: 140446K(142272K)->140446K(142272K) NonClass: 123093K(124032K)->123093K(124032K) Class: 17353K(18240K)->17353K(18240K)
[67.472s][info][gc             ] GC(441) Pause Young (Allocation Failure) 358M->75M(993M) 1.249ms
[67.472s][info][gc,cpu         ] GC(441) User=0.00s Sys=0.00s Real=0.00s
[67.593s][info][gc,start       ] GC(442) Pause Young (Allocation Failure)
[67.594s][info][gc,heap        ] GC(442) PSYoungGen: 285492K(317952K)->863K(322560K) Eden: 285300K(288768K)->0K(294400K) From: 192K(29184K)->863K(28160K)
[67.594s][info][gc,heap        ] GC(442) ParOldGen: 77169K(699392K)->77209K(699392K)
[67.594s][info][gc,metaspace   ] GC(442) Metaspace: 140446K(142272K)->140446K(142272K) NonClass: 123093K(124032K)->123093K(124032K) Class: 17353K(18240K)->17353K(18240K)
[67.594s][info][gc             ] GC(442) Pause Young (Allocation Failure) 354M->76M(998M) 1.169ms
[67.594s][info][gc,cpu         ] GC(442) User=0.00s Sys=0.00s Real=0.00s
[67.743s][info][gc,start       ] GC(443) Pause Young (Allocation Failure)
[67.749s][info][gc,heap        ] GC(443) PSYoungGen: 295263K(322560K)->26599K(321024K) Eden: 294400K(294400K)->0K(294400K) From: 863K(28160K)->26599K(26624K)
[67.749s][info][gc,heap        ] GC(443) ParOldGen: 77209K(699392K)->84041K(699392K)
[67.749s][info][gc,metaspace   ] GC(443) Metaspace: 140451K(142272K)->140451K(142272K) NonClass: 123098K(124032K)->123098K(124032K) Class: 17353K(18240K)->17353K(18240K)
[67.749s][info][gc             ] GC(443) Pause Young (Allocation Failure) 363M->108M(996M) 5.550ms
[67.749s][info][gc,cpu         ] GC(443) User=0.00s Sys=0.00s Real=0.00s
[67.817s][info][gc,start       ] GC(444) Pause Young (System.gc())
[67.818s][info][gc,heap        ] GC(444) PSYoungGen: 102631K(321024K)->500K(309760K) Eden: 76032K(294400K)->0K(281600K) From: 26599K(26624K)->500K(28160K)
[67.818s][info][gc,heap        ] GC(444) ParOldGen: 84041K(699392K)->84104K(699392K)
[67.818s][info][gc,metaspace   ] GC(444) Metaspace: 140451K(142272K)->140451K(142272K) NonClass: 123098K(124032K)->123098K(124032K) Class: 17353K(18240K)->17353K(18240K)
[67.818s][info][gc             ] GC(444) Pause Young (System.gc()) 182M->82M(985M) 0.832ms
[67.818s][info][gc,cpu         ] GC(444) User=0.00s Sys=0.00s Real=0.00s
[67.818s][info][gc,start       ] GC(445) Pause Full (System.gc())
[67.818s][info][gc,phases,start] GC(445) Marking Phase
[67.880s][info][gc,phases      ] GC(445) Marking Phase 61.200ms
[67.880s][info][gc,phases,start] GC(445) Summary Phase
[67.880s][info][gc,phases      ] GC(445) Summary Phase 0.009ms
[67.880s][info][gc,phases,start] GC(445) Adjust Roots
[67.900s][info][gc,phases      ] GC(445) Adjust Roots 20.068ms
[67.900s][info][gc,phases,start] GC(445) Compaction Phase
[67.908s][info][gc,phases      ] GC(445) Compaction Phase 7.732ms
[67.908s][info][gc,phases,start] GC(445) Post Compact
[67.908s][info][gc,phases      ] GC(445) Post Compact 0.737ms
[67.908s][info][gc,heap        ] GC(445) PSYoungGen: 500K(309760K)->0K(309760K) Eden: 0K(281600K)->0K(281600K) From: 500K(28160K)->0K(28160K)
[67.908s][info][gc,heap        ] GC(445) ParOldGen: 84104K(699392K)->74290K(699392K)
[67.908s][info][gc,metaspace   ] GC(445) Metaspace: 140451K(142272K)->140424K(142272K) NonClass: 123098K(124032K)->123075K(124032K) Class: 17353K(18240K)->17348K(18240K)
[67.908s][info][gc             ] GC(445) Pause Full (System.gc()) 82M->72M(985M) 90.047ms
[67.908s][info][gc,cpu         ] GC(445) User=0.03s Sys=0.00s Real=0.09s
[68.112s][info][gc,start       ] GC(446) Pause Young (Allocation Failure)
[68.114s][info][gc,heap        ] GC(446) PSYoungGen: 281600K(309760K)->2027K(315392K) Eden: 281600K(281600K)->0K(281600K) From: 0K(28160K)->2027K(33792K)
[68.114s][info][gc,heap        ] GC(446) ParOldGen: 74290K(699392K)->74298K(699392K)
[68.114s][info][gc,metaspace   ] GC(446) Metaspace: 140460K(142272K)->140460K(142272K) NonClass: 123106K(124032K)->123106K(124032K) Class: 17354K(18240K)->17354K(18240K)
[68.114s][info][gc             ] GC(446) Pause Young (Allocation Failure) 347M->74M(991M) 2.120ms
[68.114s][info][gc,cpu         ] GC(446) User=0.00s Sys=0.00s Real=0.00s
[68.198s][info][gc,start       ] GC(447) Pause Young (Allocation Failure)
[68.200s][info][gc,heap        ] GC(447) PSYoungGen: 283627K(315392K)->2608K(318976K) Eden: 281600K(281600K)->0K(287232K) From: 2027K(33792K)->2608K(31744K)
[68.200s][info][gc,heap        ] GC(447) ParOldGen: 74298K(699392K)->75567K(699392K)
[68.200s][info][gc,metaspace   ] GC(447) Metaspace: 140460K(142272K)->140460K(142272K) NonClass: 123106K(124032K)->123106K(124032K) Class: 17354K(18240K)->17354K(18240K)
[68.200s][info][gc             ] GC(447) Pause Young (Allocation Failure) 349M->76M(994M) 2.343ms
[68.200s][info][gc,cpu         ] GC(447) User=0.00s Sys=0.00s Real=0.00s
[68.260s][info][gc,start       ] GC(448) Pause Young (Allocation Failure)
[68.261s][info][gc,heap        ] GC(448) PSYoungGen: 289840K(318976K)->192K(317440K) Eden: 287232K(287232K)->0K(287232K) From: 2608K(31744K)->192K(30208K)
[68.261s][info][gc,heap        ] GC(448) ParOldGen: 75567K(699392K)->77328K(699392K)
[68.261s][info][gc,metaspace   ] GC(448) Metaspace: 140460K(142272K)->140460K(142272K) NonClass: 123106K(124032K)->123106K(124032K) Class: 17354K(18240K)->17354K(18240K)
[68.262s][info][gc             ] GC(448) Pause Young (Allocation Failure) 356M->75M(993M) 1.087ms
[68.262s][info][gc,cpu         ] GC(448) User=0.00s Sys=0.00s Real=0.00s
[68.376s][info][gc,start       ] GC(449) Pause Young (Allocation Failure)
[68.377s][info][gc,heap        ] GC(449) PSYoungGen: 287369K(317440K)->717K(322048K) Eden: 287177K(287232K)->0K(293376K) From: 192K(30208K)->717K(28672K)
[68.377s][info][gc,heap        ] GC(449) ParOldGen: 77328K(699392K)->77352K(699392K)
[68.377s][info][gc,metaspace   ] GC(449) Metaspace: 140460K(142272K)->140460K(142272K) NonClass: 123106K(124032K)->123106K(124032K) Class: 17354K(18240K)->17354K(18240K)
[68.377s][info][gc             ] GC(449) Pause Young (Allocation Failure) 356M->76M(997M) 1.090ms
[68.377s][info][gc,cpu         ] GC(449) User=0.00s Sys=0.00s Real=0.00s
[68.513s][info][gc,start       ] GC(450) Pause Young (Allocation Failure)
[68.518s][info][gc,heap        ] GC(450) PSYoungGen: 293178K(322048K)->27123K(320512K) Eden: 292461K(293376K)->0K(293376K) From: 717K(28672K)->27123K(27136K)
[68.518s][info][gc,heap        ] GC(450) ParOldGen: 77352K(699392K)->81232K(699392K)
[68.518s][info][gc,metaspace   ] GC(450) Metaspace: 140462K(142272K)->140462K(142272K) NonClass: 123108K(124032K)->123108K(124032K) Class: 17354K(18240K)->17354K(18240K)
[68.518s][info][gc             ] GC(450) Pause Young (Allocation Failure) 361M->105M(996M) 5.151ms
[68.518s][info][gc,cpu         ] GC(450) User=0.00s Sys=0.00s Real=0.00s
[68.615s][info][gc,start       ] GC(451) Pause Young (System.gc())
[68.615s][info][gc,heap        ] GC(451) PSYoungGen: 113616K(320512K)->500K(311296K) Eden: 86492K(293376K)->0K(282624K) From: 27123K(27136K)->500K(28672K)
[68.615s][info][gc,heap        ] GC(451) ParOldGen: 81232K(699392K)->81610K(699392K)
[68.615s][info][gc,metaspace   ] GC(451) Metaspace: 140466K(142272K)->140466K(142272K) NonClass: 123112K(124032K)->123112K(124032K) Class: 17354K(18240K)->17354K(18240K)
[68.615s][info][gc             ] GC(451) Pause Young (System.gc()) 190M->80M(987M) 0.804ms
[68.616s][info][gc,cpu         ] GC(451) User=0.00s Sys=0.00s Real=0.00s
[68.616s][info][gc,start       ] GC(452) Pause Full (System.gc())
[68.616s][info][gc,phases,start] GC(452) Marking Phase
[68.678s][info][gc,phases      ] GC(452) Marking Phase 62.741ms
[68.678s][info][gc,phases,start] GC(452) Summary Phase
[68.678s][info][gc,phases      ] GC(452) Summary Phase 0.010ms
[68.678s][info][gc,phases,start] GC(452) Adjust Roots
[68.699s][info][gc,phases      ] GC(452) Adjust Roots 20.255ms
[68.699s][info][gc,phases,start] GC(452) Compaction Phase
[68.710s][info][gc,phases      ] GC(452) Compaction Phase 11.461ms
[68.710s][info][gc,phases,start] GC(452) Post Compact
[68.711s][info][gc,phases      ] GC(452) Post Compact 0.716ms
[68.711s][info][gc,heap        ] GC(452) PSYoungGen: 500K(311296K)->0K(311296K) Eden: 0K(282624K)->0K(282624K) From: 500K(28672K)->0K(28672K)
[68.711s][info][gc,heap        ] GC(452) ParOldGen: 81610K(699392K)->74670K(699392K)
[68.711s][info][gc,metaspace   ] GC(452) Metaspace: 140466K(142272K)->140439K(142272K) NonClass: 123112K(124032K)->123089K(124032K) Class: 17354K(18240K)->17349K(18240K)
[68.711s][info][gc             ] GC(452) Pause Full (System.gc()) 80M->72M(987M) 95.473ms
[68.711s][info][gc,cpu         ] GC(452) User=0.17s Sys=0.00s Real=0.09s
[68.920s][info][gc,start       ] GC(453) Pause Young (Allocation Failure)
[68.922s][info][gc,heap        ] GC(453) PSYoungGen: 282624K(311296K)->2229K(315904K) Eden: 282624K(282624K)->0K(282624K) From: 0K(28672K)->2229K(33280K)
[68.922s][info][gc,heap        ] GC(453) ParOldGen: 74670K(699392K)->74678K(699392K)
[68.922s][info][gc,metaspace   ] GC(453) Metaspace: 140611K(142400K)->140611K(142400K) NonClass: 123254K(124160K)->123254K(124160K) Class: 17357K(18240K)->17357K(18240K)
[68.922s][info][gc             ] GC(453) Pause Young (Allocation Failure) 348M->75M(991M) 1.934ms
[68.922s][info][gc,cpu         ] GC(453) User=0.00s Sys=0.00s Real=0.00s
[69.007s][info][gc,start       ] GC(454) Pause Young (Allocation Failure)
[69.009s][info][gc,heap        ] GC(454) PSYoungGen: 284853K(315904K)->2585K(319488K) Eden: 282624K(282624K)->0K(288256K) From: 2229K(33280K)->2585K(31232K)
[69.009s][info][gc,heap        ] GC(454) ParOldGen: 74678K(699392K)->75903K(699392K)
[69.009s][info][gc,metaspace   ] GC(454) Metaspace: 140613K(142400K)->140613K(142400K) NonClass: 123256K(124160K)->123256K(124160K) Class: 17357K(18240K)->17357K(18240K)
[69.009s][info][gc             ] GC(454) Pause Young (Allocation Failure) 351M->76M(995M) 2.039ms
[69.009s][info][gc,cpu         ] GC(454) User=0.00s Sys=0.00s Real=0.00s
[69.070s][info][gc,start       ] GC(455) Pause Young (Allocation Failure)
[69.071s][info][gc,heap        ] GC(455) PSYoungGen: 290841K(319488K)->192K(317952K) Eden: 288256K(288256K)->0K(288256K) From: 2585K(31232K)->192K(29696K)
[69.071s][info][gc,heap        ] GC(455) ParOldGen: 75903K(699392K)->77659K(699392K)
[69.071s][info][gc,metaspace   ] GC(455) Metaspace: 140613K(142400K)->140613K(142400K) NonClass: 123256K(124160K)->123256K(124160K) Class: 17357K(18240K)->17357K(18240K)
[69.071s][info][gc             ] GC(455) Pause Young (Allocation Failure) 358M->76M(993M) 1.396ms
[69.071s][info][gc,cpu         ] GC(455) User=0.00s Sys=0.00s Real=0.00s
[69.195s][info][gc,start       ] GC(456) Pause Young (Allocation Failure)
[69.196s][info][gc,heap        ] GC(456) PSYoungGen: 288448K(317952K)->548K(322048K) Eden: 288256K(288256K)->0K(293888K) From: 192K(29696K)->548K(28160K)
[69.196s][info][gc,heap        ] GC(456) ParOldGen: 77659K(699392K)->77699K(699392K)
[69.197s][info][gc,metaspace   ] GC(456) Metaspace: 140617K(142400K)->140617K(142400K) NonClass: 123260K(124160K)->123260K(124160K) Class: 17357K(18240K)->17357K(18240K)
[69.197s][info][gc             ] GC(456) Pause Young (Allocation Failure) 357M->76M(997M) 1.093ms
[69.197s][info][gc,cpu         ] GC(456) User=0.00s Sys=0.00s Real=0.00s
[69.326s][info][gc,start       ] GC(457) Pause Young (Allocation Failure)
[69.331s][info][gc,heap        ] GC(457) PSYoungGen: 293632K(322048K)->27123K(321024K) Eden: 293084K(293888K)->0K(293888K) From: 548K(28160K)->27123K(27136K)
[69.331s][info][gc,heap        ] GC(457) ParOldGen: 77699K(699392K)->81708K(699392K)
[69.331s][info][gc,metaspace   ] GC(457) Metaspace: 140627K(142464K)->140627K(142464K) NonClass: 123269K(124224K)->123269K(124224K) Class: 17357K(18240K)->17357K(18240K)
[69.331s][info][gc             ] GC(457) Pause Young (Allocation Failure) 362M->106M(996M) 5.147ms
[69.331s][info][gc,cpu         ] GC(457) User=0.00s Sys=0.00s Real=0.00s
[69.427s][info][gc,start       ] GC(458) Pause Young (System.gc())
[69.428s][info][gc,heap        ] GC(458) PSYoungGen: 107267K(321024K)->532K(311808K) Eden: 80143K(293888K)->0K(283648K) From: 27123K(27136K)->532K(28160K)
[69.428s][info][gc,heap        ] GC(458) ParOldGen: 81708K(699392K)->82010K(699392K)
[69.428s][info][gc,metaspace   ] GC(458) Metaspace: 140651K(142464K)->140651K(142464K) NonClass: 123294K(124224K)->123294K(124224K) Class: 17357K(18240K)->17357K(18240K)
[69.428s][info][gc             ] GC(458) Pause Young (System.gc()) 184M->80M(987M) 1.172ms
[69.428s][info][gc,cpu         ] GC(458) User=0.00s Sys=0.00s Real=0.00s
[69.428s][info][gc,start       ] GC(459) Pause Full (System.gc())
[69.428s][info][gc,phases,start] GC(459) Marking Phase
[69.493s][info][gc,phases      ] GC(459) Marking Phase 64.744ms
[69.493s][info][gc,phases,start] GC(459) Summary Phase
[69.493s][info][gc,phases      ] GC(459) Summary Phase 0.010ms
[69.493s][info][gc,phases,start] GC(459) Adjust Roots
[69.514s][info][gc,phases      ] GC(459) Adjust Roots 20.453ms
[69.514s][info][gc,phases,start] GC(459) Compaction Phase
[69.524s][info][gc,phases      ] GC(459) Compaction Phase 10.089ms
[69.524s][info][gc,phases,start] GC(459) Post Compact
[69.525s][info][gc,phases      ] GC(459) Post Compact 0.730ms
[69.525s][info][gc,heap        ] GC(459) PSYoungGen: 532K(311808K)->0K(311808K) Eden: 0K(283648K)->0K(283648K) From: 532K(28160K)->0K(28160K)
[69.525s][info][gc,heap        ] GC(459) ParOldGen: 82010K(699392K)->74613K(699392K)
[69.525s][info][gc,metaspace   ] GC(459) Metaspace: 140651K(142464K)->140624K(142464K) NonClass: 123294K(124224K)->123271K(124224K) Class: 17357K(18240K)->17352K(18240K)
[69.525s][info][gc             ] GC(459) Pause Full (System.gc()) 80M->72M(987M) 96.334ms
[69.525s][info][gc,cpu         ] GC(459) User=0.17s Sys=0.00s Real=0.09s
[69.731s][info][gc,start       ] GC(460) Pause Young (Allocation Failure)
[69.733s][info][gc,heap        ] GC(460) PSYoungGen: 283648K(311808K)->3091K(316416K) Eden: 283648K(283648K)->0K(283648K) From: 0K(28160K)->3091K(32768K)
[69.733s][info][gc,heap        ] GC(460) ParOldGen: 74613K(699392K)->74621K(699392K)
[69.733s][info][gc,metaspace   ] GC(460) Metaspace: 140680K(142464K)->140680K(142464K) NonClass: 123323K(124224K)->123323K(124224K) Class: 17357K(18240K)->17357K(18240K)
[69.733s][info][gc             ] GC(460) Pause Young (Allocation Failure) 349M->75M(992M) 1.851ms
[69.733s][info][gc,cpu         ] GC(460) User=0.00s Sys=0.00s Real=0.01s
[69.817s][info][gc,start       ] GC(461) Pause Young (Allocation Failure)
[69.819s][info][gc,heap        ] GC(461) PSYoungGen: 286739K(316416K)->2576K(320000K) Eden: 283648K(283648K)->0K(288768K) From: 3091K(32768K)->2576K(31232K)
[69.819s][info][gc,heap        ] GC(461) ParOldGen: 74621K(699392K)->75844K(699392K)
[69.819s][info][gc,metaspace   ] GC(461) Metaspace: 140681K(142464K)->140681K(142464K) NonClass: 123324K(124224K)->123324K(124224K) Class: 17357K(18240K)->17357K(18240K)
[69.819s][info][gc             ] GC(461) Pause Young (Allocation Failure) 352M->76M(995M) 2.083ms
[69.819s][info][gc,cpu         ] GC(461) User=0.00s Sys=0.00s Real=0.00s
[69.880s][info][gc,start       ] GC(462) Pause Young (Allocation Failure)
[69.881s][info][gc,heap        ] GC(462) PSYoungGen: 291344K(320000K)->192K(317952K) Eden: 288768K(288768K)->0K(288768K) From: 2576K(31232K)->192K(29184K)
[69.882s][info][gc,heap        ] GC(462) ParOldGen: 75844K(699392K)->77624K(699392K)
[69.882s][info][gc,metaspace   ] GC(462) Metaspace: 140681K(142464K)->140681K(142464K) NonClass: 123324K(124224K)->123324K(124224K) Class: 17357K(18240K)->17357K(18240K)
[69.882s][info][gc             ] GC(462) Pause Young (Allocation Failure) 358M->75M(993M) 1.441ms
[69.882s][info][gc,cpu         ] GC(462) User=0.00s Sys=0.00s Real=0.00s
[70.005s][info][gc,start       ] GC(463) Pause Young (Allocation Failure)
[70.006s][info][gc,heap        ] GC(463) PSYoungGen: 288959K(317952K)->951K(322560K) Eden: 288767K(288768K)->0K(294400K) From: 192K(29184K)->951K(28160K)
[70.006s][info][gc,heap        ] GC(463) ParOldGen: 77624K(699392K)->77664K(699392K)
[70.006s][info][gc,metaspace   ] GC(463) Metaspace: 140681K(142464K)->140681K(142464K) NonClass: 123324K(124224K)->123324K(124224K) Class: 17357K(18240K)->17357K(18240K)
[70.006s][info][gc             ] GC(463) Pause Young (Allocation Failure) 357M->76M(998M) 1.077ms
[70.006s][info][gc,cpu         ] GC(463) User=0.00s Sys=0.00s Real=0.00s
[70.157s][info][gc,start       ] GC(464) Pause Young (Allocation Failure)
[70.162s][info][gc,heap        ] GC(464) PSYoungGen: 295351K(322560K)->26606K(321024K) Eden: 294400K(294400K)->0K(294400K) From: 951K(28160K)->26606K(26624K)
[70.162s][info][gc,heap        ] GC(464) ParOldGen: 77664K(699392K)->82699K(699392K)
[70.162s][info][gc,metaspace   ] GC(464) Metaspace: 140683K(142464K)->140683K(142464K) NonClass: 123326K(124224K)->123326K(124224K) Class: 17357K(18240K)->17357K(18240K)
[70.162s][info][gc             ] GC(464) Pause Young (Allocation Failure) 364M->106M(996M) 5.564ms
[70.162s][info][gc,cpu         ] GC(464) User=0.02s Sys=0.00s Real=0.02s
[70.230s][info][gc,start       ] GC(465) Pause Young (System.gc())
[70.231s][info][gc,heap        ] GC(465) PSYoungGen: 100415K(321024K)->500K(311808K) Eden: 73808K(294400K)->0K(283648K) From: 26606K(26624K)->500K(28160K)
[70.231s][info][gc,heap        ] GC(465) ParOldGen: 82699K(699392K)->82770K(699392K)
[70.231s][info][gc,metaspace   ] GC(465) Metaspace: 140684K(142464K)->140684K(142464K) NonClass: 123327K(124224K)->123327K(124224K) Class: 17357K(18240K)->17357K(18240K)
[70.231s][info][gc             ] GC(465) Pause Young (System.gc()) 178M->81M(987M) 0.805ms
[70.231s][info][gc,cpu         ] GC(465) User=0.00s Sys=0.00s Real=0.00s
[70.231s][info][gc,start       ] GC(466) Pause Full (System.gc())
[70.231s][info][gc,phases,start] GC(466) Marking Phase
[70.294s][info][gc,phases      ] GC(466) Marking Phase 62.383ms
[70.294s][info][gc,phases,start] GC(466) Summary Phase
[70.294s][info][gc,phases      ] GC(466) Summary Phase 0.010ms
[70.294s][info][gc,phases,start] GC(466) Adjust Roots
[70.314s][info][gc,phases      ] GC(466) Adjust Roots 20.300ms
[70.314s][info][gc,phases,start] GC(466) Compaction Phase
[70.322s][info][gc,phases      ] GC(466) Compaction Phase 7.838ms
[70.322s][info][gc,phases,start] GC(466) Post Compact
[70.323s][info][gc,phases      ] GC(466) Post Compact 0.753ms
[70.323s][info][gc,heap        ] GC(466) PSYoungGen: 500K(311808K)->0K(311808K) Eden: 0K(283648K)->0K(283648K) From: 500K(28160K)->0K(28160K)
[70.323s][info][gc,heap        ] GC(466) ParOldGen: 82770K(699392K)->74890K(699392K)
[70.323s][info][gc,metaspace   ] GC(466) Metaspace: 140684K(142464K)->140657K(142464K) NonClass: 123327K(124224K)->123305K(124224K) Class: 17357K(18240K)->17352K(18240K)
[70.323s][info][gc             ] GC(466) Pause Full (System.gc()) 81M->73M(987M) 91.595ms
[70.323s][info][gc,cpu         ] GC(466) User=0.09s Sys=0.00s Real=0.08s
[70.524s][info][gc,start       ] GC(467) Pause Young (Allocation Failure)
[70.526s][info][gc,heap        ] GC(467) PSYoungGen: 283648K(311808K)->2238K(316416K) Eden: 283648K(283648K)->0K(283648K) From: 0K(28160K)->2238K(32768K)
[70.526s][info][gc,heap        ] GC(467) ParOldGen: 74890K(699392K)->74898K(699392K)
[70.526s][info][gc,metaspace   ] GC(467) Metaspace: 140729K(142528K)->140729K(142528K) NonClass: 123372K(124288K)->123372K(124288K) Class: 17357K(18240K)->17357K(18240K)
[70.526s][info][gc             ] GC(467) Pause Young (Allocation Failure) 350M->75M(992M) 1.992ms
[70.526s][info][gc,cpu         ] GC(467) User=0.00s Sys=0.02s Real=0.02s
[70.611s][info][gc,start       ] GC(468) Pause Young (Allocation Failure)
[70.613s][info][gc,heap        ] GC(468) PSYoungGen: 285886K(316416K)->2564K(320000K) Eden: 283648K(283648K)->0K(288768K) From: 2238K(32768K)->2564K(31232K)
[70.613s][info][gc,heap        ] GC(468) ParOldGen: 74898K(699392K)->76130K(699392K)
[70.613s][info][gc,metaspace   ] GC(468) Metaspace: 140730K(142528K)->140730K(142528K) NonClass: 123373K(124288K)->123373K(124288K) Class: 17357K(18240K)->17357K(18240K)
[70.613s][info][gc             ] GC(468) Pause Young (Allocation Failure) 352M->76M(995M) 2.038ms
[70.613s][info][gc,cpu         ] GC(468) User=0.00s Sys=0.00s Real=0.00s
[70.676s][info][gc,start       ] GC(469) Pause Young (Allocation Failure)
[70.677s][info][gc,heap        ] GC(469) PSYoungGen: 291332K(320000K)->192K(317952K) Eden: 288768K(288768K)->0K(288768K) From: 2564K(31232K)->192K(29184K)
[70.677s][info][gc,heap        ] GC(469) ParOldGen: 76130K(699392K)->77887K(699392K)
[70.677s][info][gc,metaspace   ] GC(469) Metaspace: 140730K(142528K)->140730K(142528K) NonClass: 123373K(124288K)->123373K(124288K) Class: 17357K(18240K)->17357K(18240K)
[70.677s][info][gc             ] GC(469) Pause Young (Allocation Failure) 358M->76M(993M) 1.324ms
[70.677s][info][gc,cpu         ] GC(469) User=0.00s Sys=0.00s Real=0.00s
[70.798s][info][gc,start       ] GC(470) Pause Young (Allocation Failure)
[70.799s][info][gc,heap        ] GC(470) PSYoungGen: 286588K(317952K)->876K(322560K) Eden: 286396K(288768K)->0K(294400K) From: 192K(29184K)->876K(28160K)
[70.799s][info][gc,heap        ] GC(470) ParOldGen: 77887K(699392K)->77927K(699392K)
[70.799s][info][gc,metaspace   ] GC(470) Metaspace: 140730K(142528K)->140730K(142528K) NonClass: 123373K(124288K)->123373K(124288K) Class: 17357K(18240K)->17357K(18240K)
[70.799s][info][gc             ] GC(470) Pause Young (Allocation Failure) 355M->76M(998M) 1.405ms
[70.799s][info][gc,cpu         ] GC(470) User=0.00s Sys=0.00s Real=0.00s
[70.949s][info][gc,start       ] GC(471) Pause Young (Allocation Failure)
[70.955s][info][gc,heap        ] GC(471) PSYoungGen: 295276K(322560K)->26618K(321024K) Eden: 294400K(294400K)->0K(294400K) From: 876K(28160K)->26618K(26624K)
[70.955s][info][gc,heap        ] GC(471) ParOldGen: 77927K(699392K)->82958K(699392K)
[70.955s][info][gc,metaspace   ] GC(471) Metaspace: 140730K(142528K)->140730K(142528K) NonClass: 123373K(124288K)->123373K(124288K) Class: 17357K(18240K)->17357K(18240K)
[70.955s][info][gc             ] GC(471) Pause Young (Allocation Failure) 364M->107M(996M) 5.514ms
[70.955s][info][gc,cpu         ] GC(471) User=0.02s Sys=0.00s Real=0.02s
[71.025s][info][gc,start       ] GC(472) Pause Young (System.gc())
[71.026s][info][gc,heap        ] GC(472) PSYoungGen: 103667K(321024K)->500K(311808K) Eden: 77049K(294400K)->0K(283648K) From: 26618K(26624K)->500K(28160K)
[71.026s][info][gc,heap        ] GC(472) ParOldGen: 82958K(699392K)->83029K(699392K)
[71.026s][info][gc,metaspace   ] GC(472) Metaspace: 140730K(142528K)->140730K(142528K) NonClass: 123373K(124288K)->123373K(124288K) Class: 17357K(18240K)->17357K(18240K)
[71.026s][info][gc             ] GC(472) Pause Young (System.gc()) 182M->81M(987M) 0.795ms
[71.026s][info][gc,cpu         ] GC(472) User=0.00s Sys=0.00s Real=0.00s
[71.026s][info][gc,start       ] GC(473) Pause Full (System.gc())
[71.026s][info][gc,phases,start] GC(473) Marking Phase
[71.089s][info][gc,phases      ] GC(473) Marking Phase 62.984ms
[71.089s][info][gc,phases,start] GC(473) Summary Phase
[71.089s][info][gc,phases      ] GC(473) Summary Phase 0.009ms
[71.089s][info][gc,phases,start] GC(473) Adjust Roots
[71.110s][info][gc,phases      ] GC(473) Adjust Roots 20.539ms
[71.110s][info][gc,phases,start] GC(473) Compaction Phase
[71.117s][info][gc,phases      ] GC(473) Compaction Phase 7.834ms
[71.118s][info][gc,phases,start] GC(473) Post Compact
[71.118s][info][gc,phases      ] GC(473) Post Compact 0.898ms
[71.119s][info][gc,heap        ] GC(473) PSYoungGen: 500K(311808K)->0K(311808K) Eden: 0K(283648K)->0K(283648K) From: 500K(28160K)->0K(28160K)
[71.119s][info][gc,heap        ] GC(473) ParOldGen: 83029K(699392K)->74689K(699392K)
[71.119s][info][gc,metaspace   ] GC(473) Metaspace: 140730K(142528K)->140704K(142528K) NonClass: 123373K(124288K)->123351K(124288K) Class: 17357K(18240K)->17352K(18240K)
[71.119s][info][gc             ] GC(473) Pause Full (System.gc()) 81M->72M(987M) 92.603ms
[71.119s][info][gc,cpu         ] GC(473) User=0.09s Sys=0.00s Real=0.09s
[71.316s][info][gc,start       ] GC(474) Pause Young (Allocation Failure)
[71.318s][info][gc,heap        ] GC(474) PSYoungGen: 283648K(311808K)->2270K(316416K) Eden: 283648K(283648K)->0K(283648K) From: 0K(28160K)->2270K(32768K)
[71.318s][info][gc,heap        ] GC(474) ParOldGen: 74689K(699392K)->74689K(699392K)
[71.318s][info][gc,metaspace   ] GC(474) Metaspace: 140761K(142592K)->140761K(142592K) NonClass: 123403K(124352K)->123403K(124352K) Class: 17357K(18240K)->17357K(18240K)
[71.318s][info][gc             ] GC(474) Pause Young (Allocation Failure) 349M->75M(992M) 2.272ms
[71.318s][info][gc,cpu         ] GC(474) User=0.00s Sys=0.00s Real=0.00s
[71.402s][info][gc,start       ] GC(475) Pause Young (Allocation Failure)
[71.404s][info][gc,heap        ] GC(475) PSYoungGen: 285918K(316416K)->2553K(319488K) Eden: 283648K(283648K)->0K(288256K) From: 2270K(32768K)->2553K(31232K)
[71.404s][info][gc,heap        ] GC(475) ParOldGen: 74689K(699392K)->75912K(699392K)
[71.404s][info][gc,metaspace   ] GC(475) Metaspace: 140761K(142592K)->140761K(142592K) NonClass: 123403K(124352K)->123403K(124352K) Class: 17357K(18240K)->17357K(18240K)
[71.404s][info][gc             ] GC(475) Pause Young (Allocation Failure) 352M->76M(995M) 2.041ms
[71.404s][info][gc,cpu         ] GC(475) User=0.00s Sys=0.00s Real=0.00s
[71.466s][info][gc,start       ] GC(476) Pause Young (Allocation Failure)
[71.467s][info][gc,heap        ] GC(476) PSYoungGen: 290809K(319488K)->192K(317952K) Eden: 288256K(288256K)->0K(288256K) From: 2553K(31232K)->192K(29696K)
[71.467s][info][gc,heap        ] GC(476) ParOldGen: 75912K(699392K)->77668K(699392K)
[71.467s][info][gc,metaspace   ] GC(476) Metaspace: 140761K(142592K)->140761K(142592K) NonClass: 123403K(124352K)->123403K(124352K) Class: 17357K(18240K)->17357K(18240K)
[71.467s][info][gc             ] GC(476) Pause Young (Allocation Failure) 358M->76M(993M) 1.276ms
[71.468s][info][gc,cpu         ] GC(476) User=0.00s Sys=0.00s Real=0.00s
[71.595s][info][gc,start       ] GC(477) Pause Young (Allocation Failure)
[71.596s][info][gc,heap        ] GC(477) PSYoungGen: 286359K(317952K)->940K(322560K) Eden: 286167K(288256K)->0K(294400K) From: 192K(29696K)->940K(28160K)
[71.596s][info][gc,heap        ] GC(477) ParOldGen: 77668K(699392K)->77700K(699392K)
[71.596s][info][gc,metaspace   ] GC(477) Metaspace: 140761K(142592K)->140761K(142592K) NonClass: 123403K(124352K)->123403K(124352K) Class: 17357K(18240K)->17357K(18240K)
[71.596s][info][gc             ] GC(477) Pause Young (Allocation Failure) 355M->76M(998M) 1.213ms
[71.596s][info][gc,cpu         ] GC(477) User=0.00s Sys=0.00s Real=0.00s
[71.746s][info][gc,start       ] GC(478) Pause Young (Allocation Failure)
[71.752s][info][gc,heap        ] GC(478) PSYoungGen: 295340K(322560K)->26618K(321024K) Eden: 294400K(294400K)->0K(294400K) From: 940K(28160K)->26618K(26624K)
[71.752s][info][gc,heap        ] GC(478) ParOldGen: 77700K(699392K)->82748K(699392K)
[71.752s][info][gc,metaspace   ] GC(478) Metaspace: 140762K(142592K)->140762K(142592K) NonClass: 123404K(124352K)->123404K(124352K) Class: 17357K(18240K)->17357K(18240K)
[71.752s][info][gc             ] GC(478) Pause Young (Allocation Failure) 364M->106M(996M) 5.637ms
[71.752s][info][gc,cpu         ] GC(478) User=0.02s Sys=0.00s Real=0.02s
[71.820s][info][gc,start       ] GC(479) Pause Young (System.gc())
[71.821s][info][gc,heap        ] GC(479) PSYoungGen: 101711K(321024K)->500K(311808K) Eden: 75092K(294400K)->0K(283648K) From: 26618K(26624K)->500K(28160K)
[71.821s][info][gc,heap        ] GC(479) ParOldGen: 82748K(699392K)->82819K(699392K)
[71.821s][info][gc,metaspace   ] GC(479) Metaspace: 140762K(142592K)->140762K(142592K) NonClass: 123404K(124352K)->123404K(124352K) Class: 17357K(18240K)->17357K(18240K)
[71.821s][info][gc             ] GC(479) Pause Young (System.gc()) 180M->81M(987M) 0.826ms
[71.821s][info][gc,cpu         ] GC(479) User=0.00s Sys=0.00s Real=0.00s
[71.821s][info][gc,start       ] GC(480) Pause Full (System.gc())
[71.821s][info][gc,phases,start] GC(480) Marking Phase
[71.883s][info][gc,phases      ] GC(480) Marking Phase 62.000ms
[71.883s][info][gc,phases,start] GC(480) Summary Phase
[71.883s][info][gc,phases      ] GC(480) Summary Phase 0.010ms
[71.883s][info][gc,phases,start] GC(480) Adjust Roots
[71.904s][info][gc,phases      ] GC(480) Adjust Roots 20.366ms
[71.904s][info][gc,phases,start] GC(480) Compaction Phase
[71.912s][info][gc,phases      ] GC(480) Compaction Phase 8.702ms
[71.912s][info][gc,phases,start] GC(480) Post Compact
[71.913s][info][gc,phases      ] GC(480) Post Compact 0.719ms
[71.913s][info][gc,heap        ] GC(480) PSYoungGen: 500K(311808K)->0K(311808K) Eden: 0K(283648K)->0K(283648K) From: 500K(28160K)->0K(28160K)
[71.913s][info][gc,heap        ] GC(480) ParOldGen: 82819K(699392K)->74800K(699392K)
[71.913s][info][gc,metaspace   ] GC(480) Metaspace: 140762K(142592K)->140735K(142592K) NonClass: 123404K(124352K)->123382K(124352K) Class: 17357K(18240K)->17353K(18240K)
[71.913s][info][gc             ] GC(480) Pause Full (System.gc()) 81M->73M(987M) 92.097ms
[71.913s][info][gc,cpu         ] GC(480) User=0.09s Sys=0.00s Real=0.09s
[72.116s][info][gc,start       ] GC(481) Pause Young (Allocation Failure)
[72.118s][info][gc,heap        ] GC(481) PSYoungGen: 283648K(311808K)->2311K(316416K) Eden: 283648K(283648K)->0K(283648K) From: 0K(28160K)->2311K(32768K)
[72.118s][info][gc,heap        ] GC(481) ParOldGen: 74800K(699392K)->74800K(699392K)
[72.118s][info][gc,metaspace   ] GC(481) Metaspace: 140799K(142592K)->140799K(142592K) NonClass: 123441K(124352K)->123441K(124352K) Class: 17357K(18240K)->17357K(18240K)
[72.118s][info][gc             ] GC(481) Pause Young (Allocation Failure) 350M->75M(992M) 2.026ms
[72.118s][info][gc,cpu         ] GC(481) User=0.00s Sys=0.00s Real=0.00s
[72.206s][info][gc,start       ] GC(482) Pause Young (Allocation Failure)
[72.208s][info][gc,heap        ] GC(482) PSYoungGen: 285959K(316416K)->2585K(319488K) Eden: 283648K(283648K)->0K(288256K) From: 2311K(32768K)->2585K(31232K)
[72.208s][info][gc,heap        ] GC(482) ParOldGen: 74800K(699392K)->76059K(699392K)
[72.208s][info][gc,metaspace   ] GC(482) Metaspace: 140800K(142592K)->140800K(142592K) NonClass: 123442K(124352K)->123442K(124352K) Class: 17357K(18240K)->17357K(18240K)
[72.208s][info][gc             ] GC(482) Pause Young (Allocation Failure) 352M->76M(995M) 2.439ms
[72.208s][info][gc,cpu         ] GC(482) User=0.00s Sys=0.00s Real=0.00s
[72.274s][info][gc,start       ] GC(483) Pause Young (Allocation Failure)
[72.275s][info][gc,heap        ] GC(483) PSYoungGen: 290841K(319488K)->192K(317952K) Eden: 288256K(288256K)->0K(288256K) From: 2585K(31232K)->192K(29696K)
[72.275s][info][gc,heap        ] GC(483) ParOldGen: 76059K(699392K)->77809K(699392K)
[72.275s][info][gc,metaspace   ] GC(483) Metaspace: 140800K(142592K)->140800K(142592K) NonClass: 123442K(124352K)->123442K(124352K) Class: 17357K(18240K)->17357K(18240K)
[72.275s][info][gc             ] GC(483) Pause Young (Allocation Failure) 358M->76M(993M) 1.294ms
[72.275s][info][gc,cpu         ] GC(483) User=0.00s Sys=0.00s Real=0.00s
[72.397s][info][gc,start       ] GC(484) Pause Young (Allocation Failure)
[72.398s][info][gc,heap        ] GC(484) PSYoungGen: 287013K(317952K)->908K(322560K) Eden: 286821K(288256K)->0K(294400K) From: 192K(29696K)->908K(28160K)
[72.398s][info][gc,heap        ] GC(484) ParOldGen: 77809K(699392K)->77857K(699392K)
[72.398s][info][gc,metaspace   ] GC(484) Metaspace: 140800K(142592K)->140800K(142592K) NonClass: 123442K(124352K)->123442K(124352K) Class: 17357K(18240K)->17357K(18240K)
[72.398s][info][gc             ] GC(484) Pause Young (Allocation Failure) 356M->76M(998M) 1.164ms
[72.398s][info][gc,cpu         ] GC(484) User=0.00s Sys=0.00s Real=0.00s
[72.547s][info][gc,start       ] GC(485) Pause Young (Allocation Failure)
[72.552s][info][gc,heap        ] GC(485) PSYoungGen: 295308K(322560K)->26616K(321024K) Eden: 294400K(294400K)->0K(294400K) From: 908K(28160K)->26616K(26624K)
[72.552s][info][gc,heap        ] GC(485) ParOldGen: 77857K(699392K)->84105K(699392K)
[72.552s][info][gc,metaspace   ] GC(485) Metaspace: 140801K(142592K)->140801K(142592K) NonClass: 123444K(124352K)->123444K(124352K) Class: 17357K(18240K)->17357K(18240K)
[72.552s][info][gc             ] GC(485) Pause Young (Allocation Failure) 364M->108M(996M) 5.532ms
[72.552s][info][gc,cpu         ] GC(485) User=0.00s Sys=0.00s Real=0.00s
[72.623s][info][gc,start       ] GC(486) Pause Young (System.gc())
[72.624s][info][gc,heap        ] GC(486) PSYoungGen: 102871K(321024K)->500K(310784K) Eden: 76254K(294400K)->0K(282624K) From: 26616K(26624K)->500K(28160K)
[72.624s][info][gc,heap        ] GC(486) ParOldGen: 84105K(699392K)->84176K(699392K)
[72.624s][info][gc,metaspace   ] GC(486) Metaspace: 140801K(142592K)->140801K(142592K) NonClass: 123444K(124352K)->123444K(124352K) Class: 17357K(18240K)->17357K(18240K)
[72.624s][info][gc             ] GC(486) Pause Young (System.gc()) 182M->82M(986M) 0.857ms
[72.624s][info][gc,cpu         ] GC(486) User=0.00s Sys=0.00s Real=0.00s
[72.624s][info][gc,start       ] GC(487) Pause Full (System.gc())
[72.624s][info][gc,phases,start] GC(487) Marking Phase
[72.685s][info][gc,phases      ] GC(487) Marking Phase 61.272ms
[72.685s][info][gc,phases,start] GC(487) Summary Phase
[72.685s][info][gc,phases      ] GC(487) Summary Phase 0.010ms
[72.685s][info][gc,phases,start] GC(487) Adjust Roots
[72.706s][info][gc,phases      ] GC(487) Adjust Roots 20.558ms
[72.706s][info][gc,phases,start] GC(487) Compaction Phase
[72.716s][info][gc,phases      ] GC(487) Compaction Phase 10.720ms
[72.717s][info][gc,phases,start] GC(487) Post Compact
[72.717s][info][gc,phases      ] GC(487) Post Compact 0.762ms
[72.717s][info][gc,heap        ] GC(487) PSYoungGen: 500K(310784K)->0K(310784K) Eden: 0K(282624K)->0K(282624K) From: 500K(28160K)->0K(28160K)
[72.717s][info][gc,heap        ] GC(487) ParOldGen: 84176K(699392K)->74904K(699392K)
[72.717s][info][gc,metaspace   ] GC(487) Metaspace: 140801K(142592K)->140775K(142592K) NonClass: 123444K(124352K)->123422K(124352K) Class: 17357K(18240K)->17353K(18240K)
[72.717s][info][gc             ] GC(487) Pause Full (System.gc()) 82M->73M(986M) 93.629ms
[72.717s][info][gc,cpu         ] GC(487) User=0.09s Sys=0.00s Real=0.09s
[72.920s][info][gc,start       ] GC(488) Pause Young (Allocation Failure)
[72.922s][info][gc,heap        ] GC(488) PSYoungGen: 282624K(310784K)->2026K(315904K) Eden: 282624K(282624K)->0K(282624K) From: 0K(28160K)->2026K(33280K)
[72.922s][info][gc,heap        ] GC(488) ParOldGen: 74904K(699392K)->74904K(699392K)
[72.922s][info][gc,metaspace   ] GC(488) Metaspace: 140809K(142592K)->140809K(142592K) NonClass: 123451K(124352K)->123451K(124352K) Class: 17357K(18240K)->17357K(18240K)
[72.922s][info][gc             ] GC(488) Pause Young (Allocation Failure) 349M->75M(991M) 1.787ms
[72.922s][info][gc,cpu         ] GC(488) User=0.00s Sys=0.00s Real=0.00s
[73.006s][info][gc,start       ] GC(489) Pause Young (Allocation Failure)
[73.008s][info][gc,heap        ] GC(489) PSYoungGen: 284650K(315904K)->2596K(319488K) Eden: 282624K(282624K)->0K(287744K) From: 2026K(33280K)->2596K(31744K)
[73.008s][info][gc,heap        ] GC(489) ParOldGen: 74904K(699392K)->76133K(699392K)
[73.008s][info][gc,metaspace   ] GC(489) Metaspace: 140809K(142592K)->140809K(142592K) NonClass: 123451K(124352K)->123451K(124352K) Class: 17357K(18240K)->17357K(18240K)
[73.008s][info][gc             ] GC(489) Pause Young (Allocation Failure) 351M->76M(995M) 2.023ms
[73.008s][info][gc,cpu         ] GC(489) User=0.00s Sys=0.00s Real=0.00s
[73.069s][info][gc,start       ] GC(490) Pause Young (Allocation Failure)
[73.070s][info][gc,heap        ] GC(490) PSYoungGen: 290340K(319488K)->192K(317440K) Eden: 287744K(287744K)->0K(287744K) From: 2596K(31744K)->192K(29696K)
[73.070s][info][gc,heap        ] GC(490) ParOldGen: 76133K(699392K)->77898K(699392K)
[73.070s][info][gc,metaspace   ] GC(490) Metaspace: 140809K(142592K)->140809K(142592K) NonClass: 123451K(124352K)->123451K(124352K) Class: 17357K(18240K)->17357K(18240K)
[73.070s][info][gc             ] GC(490) Pause Young (Allocation Failure) 357M->76M(993M) 1.215ms
[73.070s][info][gc,cpu         ] GC(490) User=0.00s Sys=0.00s Real=0.00s
[73.194s][info][gc,start       ] GC(491) Pause Young (Allocation Failure)
[73.195s][info][gc,heap        ] GC(491) PSYoungGen: 287700K(317440K)->844K(322048K) Eden: 287508K(287744K)->0K(293376K) From: 192K(29696K)->844K(28672K)
[73.195s][info][gc,heap        ] GC(491) ParOldGen: 77898K(699392K)->77938K(699392K)
[73.195s][info][gc,metaspace   ] GC(491) Metaspace: 140810K(142592K)->140810K(142592K) NonClass: 123453K(124352K)->123453K(124352K) Class: 17357K(18240K)->17357K(18240K)
[73.195s][info][gc             ] GC(491) Pause Young (Allocation Failure) 357M->76M(997M) 1.458ms
[73.195s][info][gc,cpu         ] GC(491) User=0.00s Sys=0.00s Real=0.00s
[73.322s][info][gc,start       ] GC(492) Pause Young (Allocation Failure)
[73.327s][info][gc,heap        ] GC(492) PSYoungGen: 294010K(322048K)->27116K(320512K) Eden: 293166K(293376K)->0K(293376K) From: 844K(28672K)->27116K(27136K)
[73.327s][info][gc,heap        ] GC(492) ParOldGen: 77938K(699392K)->83282K(699392K)
[73.327s][info][gc,metaspace   ] GC(492) Metaspace: 140812K(142592K)->140812K(142592K) NonClass: 123454K(124352K)->123454K(124352K) Class: 17357K(18240K)->17357K(18240K)
[73.327s][info][gc             ] GC(492) Pause Young (Allocation Failure) 363M->107M(996M) 5.385ms
[73.327s][info][gc,cpu         ] GC(492) User=0.00s Sys=0.00s Real=0.00s
[73.422s][info][gc,start       ] GC(493) Pause Young (System.gc())
[73.424s][info][gc,heap        ] GC(493) PSYoungGen: 106391K(320512K)->500K(310272K) Eden: 79275K(293376K)->0K(281600K) From: 27116K(27136K)->500K(28672K)
[73.424s][info][gc,heap        ] GC(493) ParOldGen: 83282K(699392K)->96432K(699392K)
[73.424s][info][gc,metaspace   ] GC(493) Metaspace: 140813K(142592K)->140813K(142592K) NonClass: 123456K(124352K)->123456K(124352K) Class: 17357K(18240K)->17357K(18240K)
[73.424s][info][gc             ] GC(493) Pause Young (System.gc()) 185M->94M(986M) 2.561ms
[73.424s][info][gc,cpu         ] GC(493) User=0.00s Sys=0.00s Real=0.00s
[73.424s][info][gc,start       ] GC(494) Pause Full (System.gc())
[73.425s][info][gc,phases,start] GC(494) Marking Phase
[73.487s][info][gc,phases      ] GC(494) Marking Phase 62.520ms
[73.487s][info][gc,phases,start] GC(494) Summary Phase
[73.487s][info][gc,phases      ] GC(494) Summary Phase 0.010ms
[73.487s][info][gc,phases,start] GC(494) Adjust Roots
[73.508s][info][gc,phases      ] GC(494) Adjust Roots 20.859ms
[73.508s][info][gc,phases,start] GC(494) Compaction Phase
[73.517s][info][gc,phases      ] GC(494) Compaction Phase 8.686ms
[73.517s][info][gc,phases,start] GC(494) Post Compact
[73.518s][info][gc,phases      ] GC(494) Post Compact 0.749ms
[73.518s][info][gc,heap        ] GC(494) PSYoungGen: 500K(310272K)->0K(310272K) Eden: 0K(281600K)->0K(281600K) From: 500K(28672K)->0K(28672K)
[73.518s][info][gc,heap        ] GC(494) ParOldGen: 96432K(699392K)->75017K(699392K)
[73.518s][info][gc,metaspace   ] GC(494) Metaspace: 140813K(142592K)->140786K(142592K) NonClass: 123456K(124352K)->123433K(124352K) Class: 17357K(18240K)->17353K(18240K)
[73.518s][info][gc             ] GC(494) Pause Full (System.gc()) 94M->73M(986M) 93.132ms
[73.518s][info][gc,cpu         ] GC(494) User=0.11s Sys=0.00s Real=0.09s
[73.716s][info][gc,start       ] GC(495) Pause Young (Allocation Failure)
[73.718s][info][gc,heap        ] GC(495) PSYoungGen: 281600K(310272K)->3102K(315392K) Eden: 281600K(281600K)->0K(281600K) From: 0K(28672K)->3102K(33792K)
[73.718s][info][gc,heap        ] GC(495) ParOldGen: 75017K(699392K)->75017K(699392K)
[73.718s][info][gc,metaspace   ] GC(495) Metaspace: 140820K(142592K)->140820K(142592K) NonClass: 123463K(124352K)->123463K(124352K) Class: 17357K(18240K)->17357K(18240K)
[73.718s][info][gc             ] GC(495) Pause Young (Allocation Failure) 348M->76M(991M) 1.742ms
[73.718s][info][gc,cpu         ] GC(495) User=0.00s Sys=0.00s Real=0.00s
[73.803s][info][gc,start       ] GC(496) Pause Young (Allocation Failure)
[73.805s][info][gc,heap        ] GC(496) PSYoungGen: 284702K(315392K)->2564K(319488K) Eden: 281600K(281600K)->0K(287744K) From: 3102K(33792K)->2564K(31744K)
[73.805s][info][gc,heap        ] GC(496) ParOldGen: 75017K(699392K)->76242K(699392K)
[73.805s][info][gc,metaspace   ] GC(496) Metaspace: 140820K(142592K)->140820K(142592K) NonClass: 123463K(124352K)->123463K(124352K) Class: 17357K(18240K)->17357K(18240K)
[73.805s][info][gc             ] GC(496) Pause Young (Allocation Failure) 351M->76M(995M) 2.008ms
[73.805s][info][gc,cpu         ] GC(496) User=0.00s Sys=0.00s Real=0.00s
[73.867s][info][gc,start       ] GC(497) Pause Young (Allocation Failure)
[73.868s][info][gc,heap        ] GC(497) PSYoungGen: 290308K(319488K)->192K(317440K) Eden: 287744K(287744K)->0K(287744K) From: 2564K(31744K)->192K(29696K)
[73.868s][info][gc,heap        ] GC(497) ParOldGen: 76242K(699392K)->78003K(699392K)
[73.868s][info][gc,metaspace   ] GC(497) Metaspace: 140820K(142592K)->140820K(142592K) NonClass: 123463K(124352K)->123463K(124352K) Class: 17357K(18240K)->17357K(18240K)
[73.868s][info][gc             ] GC(497) Pause Young (Allocation Failure) 357M->76M(993M) 1.393ms
[73.868s][info][gc,cpu         ] GC(497) User=0.00s Sys=0.00s Real=0.00s
[73.992s][info][gc,start       ] GC(498) Pause Young (Allocation Failure)
[73.993s][info][gc,heap        ] GC(498) PSYoungGen: 287936K(317440K)->959K(322048K) Eden: 287744K(287744K)->0K(293376K) From: 192K(29696K)->959K(28672K)
[73.993s][info][gc,heap        ] GC(498) ParOldGen: 78003K(699392K)->78043K(699392K)
[73.993s][info][gc,metaspace   ] GC(498) Metaspace: 140820K(142592K)->140820K(142592K) NonClass: 123463K(124352K)->123463K(124352K) Class: 17357K(18240K)->17357K(18240K)
[73.993s][info][gc             ] GC(498) Pause Young (Allocation Failure) 357M->77M(997M) 1.149ms
[73.993s][info][gc,cpu         ] GC(498) User=0.00s Sys=0.00s Real=0.00s
[74.125s][info][gc,start       ] GC(499) Pause Young (Allocation Failure)
[74.130s][info][gc,heap        ] GC(499) PSYoungGen: 294335K(322048K)->27123K(320512K) Eden: 293376K(293376K)->0K(293376K) From: 959K(28672K)->27123K(27136K)
[74.130s][info][gc,heap        ] GC(499) ParOldGen: 78043K(699392K)->82107K(699392K)
[74.130s][info][gc,metaspace   ] GC(499) Metaspace: 140822K(142592K)->140822K(142592K) NonClass: 123464K(124352K)->123464K(124352K) Class: 17357K(18240K)->17357K(18240K)
[74.130s][info][gc             ] GC(499) Pause Young (Allocation Failure) 363M->106M(996M) 5.135ms
[74.130s][info][gc,cpu         ] GC(499) User=0.00s Sys=0.00s Real=0.00s
[74.223s][info][gc,start       ] GC(500) Pause Young (System.gc())
[74.223s][info][gc,heap        ] GC(500) PSYoungGen: 108688K(320512K)->500K(311296K) Eden: 81565K(293376K)->0K(282624K) From: 27123K(27136K)->500K(28672K)
[74.223s][info][gc,heap        ] GC(500) ParOldGen: 82107K(699392K)->82441K(699392K)
[74.223s][info][gc,metaspace   ] GC(500) Metaspace: 140824K(142592K)->140824K(142592K) NonClass: 123467K(124352K)->123467K(124352K) Class: 17357K(18240K)->17357K(18240K)
[74.223s][info][gc             ] GC(500) Pause Young (System.gc()) 186M->80M(987M) 0.780ms
[74.223s][info][gc,cpu         ] GC(500) User=0.00s Sys=0.00s Real=0.00s
[74.224s][info][gc,start       ] GC(501) Pause Full (System.gc())
[74.224s][info][gc,phases,start] GC(501) Marking Phase
[74.289s][info][gc,phases      ] GC(501) Marking Phase 65.202ms
[74.289s][info][gc,phases,start] GC(501) Summary Phase
[74.289s][info][gc,phases      ] GC(501) Summary Phase 0.010ms
[74.289s][info][gc,phases,start] GC(501) Adjust Roots
[74.310s][info][gc,phases      ] GC(501) Adjust Roots 20.893ms
[74.310s][info][gc,phases,start] GC(501) Compaction Phase
[74.321s][info][gc,phases      ] GC(501) Compaction Phase 10.906ms
[74.321s][info][gc,phases,start] GC(501) Post Compact
[74.321s][info][gc,phases      ] GC(501) Post Compact 0.736ms
[74.322s][info][gc,heap        ] GC(501) PSYoungGen: 500K(311296K)->0K(311296K) Eden: 0K(282624K)->0K(282624K) From: 500K(28672K)->0K(28672K)
[74.322s][info][gc,heap        ] GC(501) ParOldGen: 82441K(699392K)->75132K(699392K)
[74.322s][info][gc,metaspace   ] GC(501) Metaspace: 140824K(142592K)->140797K(142592K) NonClass: 123467K(124352K)->123444K(124352K) Class: 17357K(18240K)->17353K(18240K)
[74.322s][info][gc             ] GC(501) Pause Full (System.gc()) 80M->73M(987M) 98.041ms
[74.322s][info][gc,cpu         ] GC(501) User=0.11s Sys=0.00s Real=0.09s
[74.524s][info][gc,start       ] GC(502) Pause Young (Allocation Failure)
[74.526s][info][gc,heap        ] GC(502) PSYoungGen: 282624K(311296K)->2300K(315904K) Eden: 282624K(282624K)->0K(282624K) From: 0K(28672K)->2300K(33280K)
[74.526s][info][gc,heap        ] GC(502) ParOldGen: 75132K(699392K)->75132K(699392K)
[74.526s][info][gc,metaspace   ] GC(502) Metaspace: 140826K(142592K)->140826K(142592K) NonClass: 123468K(124352K)->123468K(124352K) Class: 17357K(18240K)->17357K(18240K)
[74.526s][info][gc             ] GC(502) Pause Young (Allocation Failure) 349M->75M(991M) 2.391ms
[74.526s][info][gc,cpu         ] GC(502) User=0.02s Sys=0.00s Real=0.01s
[74.612s][info][gc,start       ] GC(503) Pause Young (Allocation Failure)
[74.614s][info][gc,heap        ] GC(503) PSYoungGen: 284924K(315904K)->2585K(319488K) Eden: 282624K(282624K)->0K(288256K) From: 2300K(33280K)->2585K(31232K)
[74.614s][info][gc,heap        ] GC(503) ParOldGen: 75132K(699392K)->76350K(699392K)
[74.614s][info][gc,metaspace   ] GC(503) Metaspace: 140826K(142592K)->140826K(142592K) NonClass: 123468K(124352K)->123468K(124352K) Class: 17357K(18240K)->17357K(18240K)
[74.614s][info][gc             ] GC(503) Pause Young (Allocation Failure) 351M->77M(995M) 1.996ms
[74.614s][info][gc,cpu         ] GC(503) User=0.00s Sys=0.00s Real=0.00s
[74.675s][info][gc,start       ] GC(504) Pause Young (Allocation Failure)
[74.676s][info][gc,heap        ] GC(504) PSYoungGen: 290841K(319488K)->192K(317952K) Eden: 288256K(288256K)->0K(288256K) From: 2585K(31232K)->192K(29696K)
[74.676s][info][gc,heap        ] GC(504) ParOldGen: 76350K(699392K)->78261K(699392K)
[74.676s][info][gc,metaspace   ] GC(504) Metaspace: 140826K(142592K)->140826K(142592K) NonClass: 123468K(124352K)->123468K(124352K) Class: 17357K(18240K)->17357K(18240K)
[74.676s][info][gc             ] GC(504) Pause Young (Allocation Failure) 358M->76M(993M) 1.302ms
[74.676s][info][gc,cpu         ] GC(504) User=0.00s Sys=0.00s Real=0.00s
[74.806s][info][gc,start       ] GC(505) Pause Young (Allocation Failure)
[74.807s][info][gc,heap        ] GC(505) PSYoungGen: 287782K(317952K)->940K(322048K) Eden: 287590K(288256K)->0K(293888K) From: 192K(29696K)->940K(28160K)
[74.807s][info][gc,heap        ] GC(505) ParOldGen: 78261K(699392K)->78285K(699392K)
[74.807s][info][gc,metaspace   ] GC(505) Metaspace: 140826K(142592K)->140826K(142592K) NonClass: 123468K(124352K)->123468K(124352K) Class: 17357K(18240K)->17357K(18240K)
[74.807s][info][gc             ] GC(505) Pause Young (Allocation Failure) 357M->77M(997M) 1.300ms
[74.807s][info][gc,cpu         ] GC(505) User=0.00s Sys=0.00s Real=0.00s
[74.956s][info][gc,start       ] GC(506) Pause Young (Allocation Failure)
[74.961s][info][gc,heap        ] GC(506) PSYoungGen: 294828K(322048K)->27130K(321024K) Eden: 293888K(293888K)->0K(293888K) From: 940K(28160K)->27130K(27136K)
[74.962s][info][gc,heap        ] GC(506) ParOldGen: 78285K(699392K)->82620K(699392K)
[74.962s][info][gc,metaspace   ] GC(506) Metaspace: 140826K(142592K)->140826K(142592K) NonClass: 123468K(124352K)->123468K(124352K) Class: 17357K(18240K)->17357K(18240K)
[74.962s][info][gc             ] GC(506) Pause Young (Allocation Failure) 364M->107M(996M) 5.386ms
[74.962s][info][gc,cpu         ] GC(506) User=0.00s Sys=0.00s Real=0.00s
[75.032s][info][gc,start       ] GC(507) Pause Young (System.gc())
[75.033s][info][gc,heap        ] GC(507) PSYoungGen: 103889K(321024K)->500K(310784K) Eden: 76758K(293888K)->0K(282624K) From: 27130K(27136K)->500K(28160K)
[75.033s][info][gc,heap        ] GC(507) ParOldGen: 82620K(699392K)->82691K(699392K)
[75.033s][info][gc,metaspace   ] GC(507) Metaspace: 140826K(142592K)->140826K(142592K) NonClass: 123468K(124352K)->123468K(124352K) Class: 17357K(18240K)->17357K(18240K)
[75.033s][info][gc             ] GC(507) Pause Young (System.gc()) 182M->81M(986M) 0.737ms
[75.033s][info][gc,cpu         ] GC(507) User=0.00s Sys=0.00s Real=0.00s
[75.033s][info][gc,start       ] GC(508) Pause Full (System.gc())
[75.033s][info][gc,phases,start] GC(508) Marking Phase
[75.098s][info][gc,phases      ] GC(508) Marking Phase 64.677ms
[75.098s][info][gc,phases,start] GC(508) Summary Phase
[75.098s][info][gc,phases      ] GC(508) Summary Phase 0.010ms
[75.098s][info][gc,phases,start] GC(508) Adjust Roots
[75.118s][info][gc,phases      ] GC(508) Adjust Roots 20.694ms
[75.118s][info][gc,phases,start] GC(508) Compaction Phase
[75.126s][info][gc,phases      ] GC(508) Compaction Phase 8.032ms
[75.126s][info][gc,phases,start] GC(508) Post Compact
[75.127s][info][gc,phases      ] GC(508) Post Compact 0.661ms
[75.127s][info][gc,heap        ] GC(508) PSYoungGen: 500K(310784K)->0K(310784K) Eden: 0K(282624K)->0K(282624K) From: 500K(28160K)->0K(28160K)
[75.127s][info][gc,heap        ] GC(508) ParOldGen: 82691K(699392K)->75239K(699392K)
[75.127s][info][gc,metaspace   ] GC(508) Metaspace: 140826K(142592K)->140799K(142592K) NonClass: 123468K(124352K)->123446K(124352K) Class: 17357K(18240K)->17353K(18240K)
[75.127s][info][gc             ] GC(508) Pause Full (System.gc()) 81M->73M(986M) 94.369ms
[75.127s][info][gc,cpu         ] GC(508) User=0.14s Sys=0.00s Real=0.09s
[75.322s][info][gc,start       ] GC(509) Pause Young (Allocation Failure)
[75.324s][info][gc,heap        ] GC(509) PSYoungGen: 282624K(310784K)->2263K(315904K) Eden: 282624K(282624K)->0K(282624K) From: 0K(28160K)->2263K(33280K)
[75.324s][info][gc,heap        ] GC(509) ParOldGen: 75239K(699392K)->75239K(699392K)
[75.324s][info][gc,metaspace   ] GC(509) Metaspace: 140829K(142656K)->140829K(142656K) NonClass: 123472K(124416K)->123472K(124416K) Class: 17357K(18240K)->17357K(18240K)
[75.324s][info][gc             ] GC(509) Pause Young (Allocation Failure) 349M->75M(991M) 1.818ms
[75.324s][info][gc,cpu         ] GC(509) User=0.00s Sys=0.00s Real=0.00s
[75.407s][info][gc,start       ] GC(510) Pause Young (Allocation Failure)
[75.409s][info][gc,heap        ] GC(510) PSYoungGen: 284887K(315904K)->2564K(319488K) Eden: 282624K(282624K)->0K(288256K) From: 2263K(33280K)->2564K(31232K)
[75.409s][info][gc,heap        ] GC(510) ParOldGen: 75239K(699392K)->76465K(699392K)
[75.409s][info][gc,metaspace   ] GC(510) Metaspace: 140829K(142656K)->140829K(142656K) NonClass: 123472K(124416K)->123472K(124416K) Class: 17357K(18240K)->17357K(18240K)
[75.409s][info][gc             ] GC(510) Pause Young (Allocation Failure) 351M->77M(995M) 2.020ms
[75.409s][info][gc,cpu         ] GC(510) User=0.00s Sys=0.00s Real=0.00s
[75.471s][info][gc,start       ] GC(511) Pause Young (Allocation Failure)
[75.472s][info][gc,heap        ] GC(511) PSYoungGen: 290820K(319488K)->192K(317952K) Eden: 288256K(288256K)->0K(288256K) From: 2564K(31232K)->192K(29696K)
[75.472s][info][gc,heap        ] GC(511) ParOldGen: 76465K(699392K)->78391K(699392K)
[75.472s][info][gc,metaspace   ] GC(511) Metaspace: 140829K(142656K)->140829K(142656K) NonClass: 123472K(124416K)->123472K(124416K) Class: 17357K(18240K)->17357K(18240K)
[75.472s][info][gc             ] GC(511) Pause Young (Allocation Failure) 358M->76M(993M) 1.315ms
[75.472s][info][gc,cpu         ] GC(511) User=0.00s Sys=0.00s Real=0.00s
[75.595s][info][gc,start       ] GC(512) Pause Young (Allocation Failure)
[75.596s][info][gc,heap        ] GC(512) PSYoungGen: 287277K(317952K)->908K(322560K) Eden: 287085K(288256K)->0K(294400K) From: 192K(29696K)->908K(28160K)
[75.596s][info][gc,heap        ] GC(512) ParOldGen: 78391K(699392K)->78423K(699392K)
[75.596s][info][gc,metaspace   ] GC(512) Metaspace: 140829K(142656K)->140829K(142656K) NonClass: 123472K(124416K)->123472K(124416K) Class: 17357K(18240K)->17357K(18240K)
[75.596s][info][gc             ] GC(512) Pause Young (Allocation Failure) 357M->77M(998M) 1.242ms
[75.596s][info][gc,cpu         ] GC(512) User=0.00s Sys=0.00s Real=0.00s
[75.746s][info][gc,start       ] GC(513) Pause Young (Allocation Failure)
[75.752s][info][gc,heap        ] GC(513) PSYoungGen: 295308K(322560K)->26601K(321024K) Eden: 294400K(294400K)->0K(294400K) From: 908K(28160K)->26601K(26624K)
[75.752s][info][gc,heap        ] GC(513) ParOldGen: 78423K(699392K)->84135K(699392K)
[75.752s][info][gc,metaspace   ] GC(513) Metaspace: 140830K(142656K)->140830K(142656K) NonClass: 123473K(124416K)->123473K(124416K) Class: 17357K(18240K)->17357K(18240K)
[75.752s][info][gc             ] GC(513) Pause Young (Allocation Failure) 364M->108M(996M) 5.521ms
[75.752s][info][gc,cpu         ] GC(513) User=0.00s Sys=0.00s Real=0.00s
[75.822s][info][gc,start       ] GC(514) Pause Young (System.gc())
[75.824s][info][gc,heap        ] GC(514) PSYoungGen: 103082K(321024K)->500K(310784K) Eden: 76480K(294400K)->0K(282624K) From: 26601K(26624K)->500K(28160K)
[75.824s][info][gc,heap        ] GC(514) ParOldGen: 84135K(699392K)->97125K(699392K)
[75.824s][info][gc,metaspace   ] GC(514) Metaspace: 140830K(142656K)->140830K(142656K) NonClass: 123473K(124416K)->123473K(124416K) Class: 17357K(18240K)->17357K(18240K)
[75.824s][info][gc             ] GC(514) Pause Young (System.gc()) 182M->95M(986M) 2.438ms
[75.824s][info][gc,cpu         ] GC(514) User=0.00s Sys=0.00s Real=0.00s
[75.824s][info][gc,start       ] GC(515) Pause Full (System.gc())
[75.824s][info][gc,phases,start] GC(515) Marking Phase
[75.887s][info][gc,phases      ] GC(515) Marking Phase 62.857ms
[75.887s][info][gc,phases,start] GC(515) Summary Phase
[75.887s][info][gc,phases      ] GC(515) Summary Phase 0.010ms
[75.887s][info][gc,phases,start] GC(515) Adjust Roots
[75.908s][info][gc,phases      ] GC(515) Adjust Roots 20.710ms
[75.908s][info][gc,phases,start] GC(515) Compaction Phase
[75.920s][info][gc,phases      ] GC(515) Compaction Phase 11.854ms
[75.920s][info][gc,phases,start] GC(515) Post Compact
[75.921s][info][gc,phases      ] GC(515) Post Compact 0.959ms
[75.921s][info][gc,heap        ] GC(515) PSYoungGen: 500K(310784K)->0K(310784K) Eden: 0K(282624K)->0K(282624K) From: 500K(28160K)->0K(28160K)
[75.921s][info][gc,heap        ] GC(515) ParOldGen: 97125K(699392K)->75345K(699392K)
[75.921s][info][gc,metaspace   ] GC(515) Metaspace: 140830K(142656K)->140803K(142656K) NonClass: 123473K(124416K)->123450K(124416K) Class: 17357K(18240K)->17353K(18240K)
[75.921s][info][gc             ] GC(515) Pause Full (System.gc()) 95M->73M(986M) 96.787ms
[75.921s][info][gc,cpu         ] GC(515) User=0.05s Sys=0.00s Real=0.10s
[76.123s][info][gc,start       ] GC(516) Pause Young (Allocation Failure)
[76.125s][info][gc,heap        ] GC(516) PSYoungGen: 282624K(310784K)->2279K(315904K) Eden: 282624K(282624K)->0K(282624K) From: 0K(28160K)->2279K(33280K)
[76.125s][info][gc,heap        ] GC(516) ParOldGen: 75345K(699392K)->75345K(699392K)
[76.125s][info][gc,metaspace   ] GC(516) Metaspace: 140834K(142656K)->140834K(142656K) NonClass: 123477K(124416K)->123477K(124416K) Class: 17357K(18240K)->17357K(18240K)
[76.126s][info][gc             ] GC(516) Pause Young (Allocation Failure) 349M->75M(991M) 2.336ms
[76.126s][info][gc,cpu         ] GC(516) User=0.00s Sys=0.00s Real=0.01s
[76.209s][info][gc,start       ] GC(517) Pause Young (Allocation Failure)
[76.211s][info][gc,heap        ] GC(517) PSYoungGen: 284903K(315904K)->2553K(319488K) Eden: 282624K(282624K)->0K(287744K) From: 2279K(33280K)->2553K(31744K)
[76.211s][info][gc,heap        ] GC(517) ParOldGen: 75345K(699392K)->76565K(699392K)
[76.211s][info][gc,metaspace   ] GC(517) Metaspace: 140834K(142656K)->140834K(142656K) NonClass: 123477K(124416K)->123477K(124416K) Class: 17357K(18240K)->17357K(18240K)
[76.211s][info][gc             ] GC(517) Pause Young (Allocation Failure) 351M->77M(995M) 2.053ms
[76.211s][info][gc,cpu         ] GC(517) User=0.00s Sys=0.00s Real=0.00s
[76.272s][info][gc,start       ] GC(518) Pause Young (Allocation Failure)
[76.273s][info][gc,heap        ] GC(518) PSYoungGen: 290297K(319488K)->192K(317440K) Eden: 287744K(287744K)->0K(287744K) From: 2553K(31744K)->192K(29696K)
[76.274s][info][gc,heap        ] GC(518) ParOldGen: 76565K(699392K)->78333K(699392K)
[76.274s][info][gc,metaspace   ] GC(518) Metaspace: 140834K(142656K)->140834K(142656K) NonClass: 123477K(124416K)->123477K(124416K) Class: 17357K(18240K)->17357K(18240K)
[76.274s][info][gc             ] GC(518) Pause Young (Allocation Failure) 358M->76M(993M) 1.232ms
[76.274s][info][gc,cpu         ] GC(518) User=0.00s Sys=0.00s Real=0.00s
[76.396s][info][gc,start       ] GC(519) Pause Young (Allocation Failure)
[76.397s][info][gc,heap        ] GC(519) PSYoungGen: 287822K(317440K)->877K(322048K) Eden: 287630K(287744K)->0K(293376K) From: 192K(29696K)->877K(28672K)
[76.397s][info][gc,heap        ] GC(519) ParOldGen: 78333K(699392K)->78365K(699392K)
[76.397s][info][gc,metaspace   ] GC(519) Metaspace: 140834K(142656K)->140834K(142656K) NonClass: 123477K(124416K)->123477K(124416K) Class: 17357K(18240K)->17357K(18240K)
[76.397s][info][gc             ] GC(519) Pause Young (Allocation Failure) 357M->77M(997M) 1.012ms
[76.397s][info][gc,cpu         ] GC(519) User=0.00s Sys=0.00s Real=0.00s
[76.541s][info][gc,start       ] GC(520) Pause Young (Allocation Failure)
[76.546s][info][gc,heap        ] GC(520) PSYoungGen: 294253K(322048K)->27121K(320512K) Eden: 293376K(293376K)->0K(293376K) From: 877K(28672K)->27121K(27136K)
[76.546s][info][gc,heap        ] GC(520) ParOldGen: 78365K(699392K)->83493K(699392K)
[76.547s][info][gc,metaspace   ] GC(520) Metaspace: 140834K(142656K)->140834K(142656K) NonClass: 123477K(124416K)->123477K(124416K) Class: 17357K(18240K)->17357K(18240K)
[76.547s][info][gc             ] GC(520) Pause Young (Allocation Failure) 363M->108M(996M) 5.543ms
[76.547s][info][gc,cpu         ] GC(520) User=0.00s Sys=0.00s Real=0.00s
[76.624s][info][gc,start       ] GC(521) Pause Young (System.gc())
[76.625s][info][gc,heap        ] GC(521) PSYoungGen: 105180K(320512K)->500K(311296K) Eden: 78059K(293376K)->0K(282624K) From: 27121K(27136K)->500K(28672K)
[76.625s][info][gc,heap        ] GC(521) ParOldGen: 83493K(699392K)->83796K(699392K)
[76.625s][info][gc,metaspace   ] GC(521) Metaspace: 140834K(142656K)->140834K(142656K) NonClass: 123477K(124416K)->123477K(124416K) Class: 17357K(18240K)->17357K(18240K)
[76.625s][info][gc             ] GC(521) Pause Young (System.gc()) 184M->82M(987M) 0.802ms
[76.625s][info][gc,cpu         ] GC(521) User=0.00s Sys=0.00s Real=0.00s
[76.625s][info][gc,start       ] GC(522) Pause Full (System.gc())
[76.625s][info][gc,phases,start] GC(522) Marking Phase
[76.690s][info][gc,phases      ] GC(522) Marking Phase 64.911ms
[76.690s][info][gc,phases,start] GC(522) Summary Phase
[76.690s][info][gc,phases      ] GC(522) Summary Phase 0.010ms
[76.690s][info][gc,phases,start] GC(522) Adjust Roots
[76.711s][info][gc,phases      ] GC(522) Adjust Roots 21.226ms
[76.711s][info][gc,phases,start] GC(522) Compaction Phase
[76.719s][info][gc,phases      ] GC(522) Compaction Phase 7.857ms
[76.719s][info][gc,phases,start] GC(522) Post Compact
[76.720s][info][gc,phases      ] GC(522) Post Compact 0.746ms
[76.720s][info][gc,heap        ] GC(522) PSYoungGen: 500K(311296K)->0K(311296K) Eden: 0K(282624K)->0K(282624K) From: 500K(28672K)->0K(28672K)
[76.720s][info][gc,heap        ] GC(522) ParOldGen: 83796K(699392K)->75455K(699392K)
[76.720s][info][gc,metaspace   ] GC(522) Metaspace: 140834K(142656K)->140808K(142656K) NonClass: 123477K(124416K)->123454K(124416K) Class: 17357K(18240K)->17353K(18240K)
[76.720s][info][gc             ] GC(522) Pause Full (System.gc()) 82M->73M(987M) 95.089ms
[76.720s][info][gc,cpu         ] GC(522) User=0.14s Sys=0.00s Real=0.10s
[76.919s][info][gc,start       ] GC(523) Pause Young (Allocation Failure)
[76.921s][info][gc,heap        ] GC(523) PSYoungGen: 282624K(311296K)->2260K(315904K) Eden: 282624K(282624K)->0K(282624K) From: 0K(28672K)->2260K(33280K)
[76.921s][info][gc,heap        ] GC(523) ParOldGen: 75455K(699392K)->75455K(699392K)
[76.921s][info][gc,metaspace   ] GC(523) Metaspace: 140840K(142656K)->140840K(142656K) NonClass: 123482K(124416K)->123482K(124416K) Class: 17357K(18240K)->17357K(18240K)
[76.921s][info][gc             ] GC(523) Pause Young (Allocation Failure) 349M->75M(991M) 1.815ms
[76.921s][info][gc,cpu         ] GC(523) User=0.00s Sys=0.00s Real=0.00s
[77.006s][info][gc,start       ] GC(524) Pause Young (Allocation Failure)
[77.008s][info][gc,heap        ] GC(524) PSYoungGen: 284884K(315904K)->2564K(319488K) Eden: 282624K(282624K)->0K(287744K) From: 2260K(33280K)->2564K(31744K)
[77.008s][info][gc,heap        ] GC(524) ParOldGen: 75455K(699392K)->76707K(699392K)
[77.008s][info][gc,metaspace   ] GC(524) Metaspace: 140840K(142656K)->140840K(142656K) NonClass: 123482K(124416K)->123482K(124416K) Class: 17357K(18240K)->17357K(18240K)
[77.008s][info][gc             ] GC(524) Pause Young (Allocation Failure) 351M->77M(995M) 1.956ms
[77.008s][info][gc,cpu         ] GC(524) User=0.00s Sys=0.00s Real=0.00s
[77.069s][info][gc,start       ] GC(525) Pause Young (Allocation Failure)
[77.070s][info][gc,heap        ] GC(525) PSYoungGen: 290308K(319488K)->192K(317440K) Eden: 287744K(287744K)->0K(287744K) From: 2564K(31744K)->192K(29696K)
[77.070s][info][gc,heap        ] GC(525) ParOldGen: 76707K(699392K)->78460K(699392K)
[77.070s][info][gc,metaspace   ] GC(525) Metaspace: 140840K(142656K)->140840K(142656K) NonClass: 123482K(124416K)->123482K(124416K) Class: 17357K(18240K)->17357K(18240K)
[77.070s][info][gc             ] GC(525) Pause Young (Allocation Failure) 358M->76M(993M) 0.986ms
[77.070s][info][gc,cpu         ] GC(525) User=0.00s Sys=0.00s Real=0.00s
[77.189s][info][gc,start       ] GC(526) Pause Young (Allocation Failure)
[77.190s][info][gc,heap        ] GC(526) PSYoungGen: 287936K(317440K)->877K(322048K) Eden: 287744K(287744K)->0K(293376K) From: 192K(29696K)->877K(28672K)
[77.190s][info][gc,heap        ] GC(526) ParOldGen: 78460K(699392K)->78500K(699392K)
[77.190s][info][gc,metaspace   ] GC(526) Metaspace: 140840K(142656K)->140840K(142656K) NonClass: 123482K(124416K)->123482K(124416K) Class: 17357K(18240K)->17357K(18240K)
[77.190s][info][gc             ] GC(526) Pause Young (Allocation Failure) 357M->77M(997M) 1.201ms
[77.190s][info][gc,cpu         ] GC(526) User=0.02s Sys=0.00s Real=0.01s
[77.330s][info][gc,start       ] GC(527) Pause Young (Allocation Failure)
[77.336s][info][gc,heap        ] GC(527) PSYoungGen: 294253K(322048K)->27106K(320512K) Eden: 293376K(293376K)->0K(293376K) From: 877K(28672K)->27106K(27136K)
[77.336s][info][gc,heap        ] GC(527) ParOldGen: 78500K(699392K)->83013K(699392K)
[77.336s][info][gc,metaspace   ] GC(527) Metaspace: 140840K(142656K)->140840K(142656K) NonClass: 123482K(124416K)->123482K(124416K) Class: 17357K(18240K)->17357K(18240K)
[77.336s][info][gc             ] GC(527) Pause Young (Allocation Failure) 364M->107M(996M) 5.361ms
[77.336s][info][gc,cpu         ] GC(527) User=0.00s Sys=0.00s Real=0.00s
[77.414s][info][gc,start       ] GC(528) Pause Young (System.gc())
[77.415s][info][gc,heap        ] GC(528) PSYoungGen: 104679K(320512K)->500K(311296K) Eden: 77573K(293376K)->0K(282624K) From: 27106K(27136K)->500K(28672K)
[77.415s][info][gc,heap        ] GC(528) ParOldGen: 83013K(699392K)->83315K(699392K)
[77.415s][info][gc,metaspace   ] GC(528) Metaspace: 140840K(142656K)->140840K(142656K) NonClass: 123482K(124416K)->123482K(124416K) Class: 17357K(18240K)->17357K(18240K)
[77.415s][info][gc             ] GC(528) Pause Young (System.gc()) 183M->81M(987M) 0.975ms
[77.415s][info][gc,cpu         ] GC(528) User=0.00s Sys=0.00s Real=0.00s
[77.415s][info][gc,start       ] GC(529) Pause Full (System.gc())
[77.415s][info][gc,phases,start] GC(529) Marking Phase
[77.479s][info][gc,phases      ] GC(529) Marking Phase 63.317ms
[77.479s][info][gc,phases,start] GC(529) Summary Phase
[77.479s][info][gc,phases      ] GC(529) Summary Phase 0.009ms
[77.479s][info][gc,phases,start] GC(529) Adjust Roots
[77.500s][info][gc,phases      ] GC(529) Adjust Roots 21.507ms
[77.500s][info][gc,phases,start] GC(529) Compaction Phase
[77.508s][info][gc,phases      ] GC(529) Compaction Phase 8.156ms
[77.508s][info][gc,phases,start] GC(529) Post Compact
[77.509s][info][gc,phases      ] GC(529) Post Compact 0.703ms
[77.509s][info][gc,heap        ] GC(529) PSYoungGen: 500K(311296K)->0K(311296K) Eden: 0K(282624K)->0K(282624K) From: 500K(28672K)->0K(28672K)
[77.509s][info][gc,heap        ] GC(529) ParOldGen: 83315K(699392K)->75690K(699392K)
[77.509s][info][gc,metaspace   ] GC(529) Metaspace: 140840K(142656K)->140813K(142656K) NonClass: 123482K(124416K)->123460K(124416K) Class: 17357K(18240K)->17353K(18240K)
[77.509s][info][gc             ] GC(529) Pause Full (System.gc()) 81M->73M(987M) 93.976ms
[77.509s][info][gc,cpu         ] GC(529) User=0.14s Sys=0.00s Real=0.09s
[77.709s][info][gc,start       ] GC(530) Pause Young (Allocation Failure)
[77.711s][info][gc,heap        ] GC(530) PSYoungGen: 282624K(311296K)->2059K(315904K) Eden: 282624K(282624K)->0K(282624K) From: 0K(28672K)->2059K(33280K)
[77.711s][info][gc,heap        ] GC(530) ParOldGen: 75690K(699392K)->75690K(699392K)
[77.711s][info][gc,metaspace   ] GC(530) Metaspace: 140842K(142656K)->140842K(142656K) NonClass: 123484K(124416K)->123484K(124416K) Class: 17357K(18240K)->17357K(18240K)
[77.711s][info][gc             ] GC(530) Pause Young (Allocation Failure) 349M->75M(991M) 2.074ms
[77.711s][info][gc,cpu         ] GC(530) User=0.02s Sys=0.00s Real=0.02s
[77.799s][info][gc,start       ] GC(531) Pause Young (Allocation Failure)
[77.801s][info][gc,heap        ] GC(531) PSYoungGen: 284683K(315904K)->2564K(319488K) Eden: 282624K(282624K)->0K(287744K) From: 2059K(33280K)->2564K(31744K)
[77.801s][info][gc,heap        ] GC(531) ParOldGen: 75690K(699392K)->76911K(699392K)
[77.801s][info][gc,metaspace   ] GC(531) Metaspace: 140842K(142656K)->140842K(142656K) NonClass: 123484K(124416K)->123484K(124416K) Class: 17357K(18240K)->17357K(18240K)
[77.801s][info][gc             ] GC(531) Pause Young (Allocation Failure) 351M->77M(995M) 2.109ms
[77.801s][info][gc,cpu         ] GC(531) User=0.00s Sys=0.00s Real=0.00s
[77.862s][info][gc,start       ] GC(532) Pause Young (Allocation Failure)
[77.863s][info][gc,heap        ] GC(532) PSYoungGen: 290308K(319488K)->192K(317440K) Eden: 287744K(287744K)->0K(287744K) From: 2564K(31744K)->192K(29696K)
[77.863s][info][gc,heap        ] GC(532) ParOldGen: 76911K(699392K)->78671K(699392K)
[77.863s][info][gc,metaspace   ] GC(532) Metaspace: 140842K(142656K)->140842K(142656K) NonClass: 123484K(124416K)->123484K(124416K) Class: 17357K(18240K)->17357K(18240K)
[77.863s][info][gc             ] GC(532) Pause Young (Allocation Failure) 358M->77M(993M) 1.110ms
[77.863s][info][gc,cpu         ] GC(532) User=0.00s Sys=0.00s Real=0.00s
[77.983s][info][gc,start       ] GC(533) Pause Young (Allocation Failure)
[77.984s][info][gc,heap        ] GC(533) PSYoungGen: 287736K(317440K)->880K(322048K) Eden: 287544K(287744K)->0K(293376K) From: 192K(29696K)->880K(28672K)
[77.984s][info][gc,heap        ] GC(533) ParOldGen: 78671K(699392K)->78711K(699392K)
[77.984s][info][gc,metaspace   ] GC(533) Metaspace: 140842K(142656K)->140842K(142656K) NonClass: 123484K(124416K)->123484K(124416K) Class: 17357K(18240K)->17357K(18240K)
[77.984s][info][gc             ] GC(533) Pause Young (Allocation Failure) 357M->77M(997M) 1.259ms
[77.984s][info][gc,cpu         ] GC(533) User=0.00s Sys=0.00s Real=0.00s
[78.112s][info][gc,start       ] GC(534) Pause Young (Allocation Failure)
[78.118s][info][gc,heap        ] GC(534) PSYoungGen: 293596K(322048K)->27123K(320512K) Eden: 292715K(293376K)->0K(293376K) From: 880K(28672K)->27123K(27136K)
[78.118s][info][gc,heap        ] GC(534) ParOldGen: 78711K(699392K)->82751K(699392K)
[78.118s][info][gc,metaspace   ] GC(534) Metaspace: 140842K(142656K)->140842K(142656K) NonClass: 123484K(124416K)->123484K(124416K) Class: 17357K(18240K)->17357K(18240K)
[78.118s][info][gc             ] GC(534) Pause Young (Allocation Failure) 363M->107M(996M) 5.249ms
[78.118s][info][gc,cpu         ] GC(534) User=0.00s Sys=0.00s Real=0.00s
[78.210s][info][gc,start       ] GC(535) Pause Young (System.gc())
[78.211s][info][gc,heap        ] GC(535) PSYoungGen: 107057K(320512K)->500K(312320K) Eden: 79933K(293376K)->0K(283648K) From: 27123K(27136K)->500K(28672K)
[78.211s][info][gc,heap        ] GC(535) ParOldGen: 82751K(699392K)->83070K(699392K)
[78.211s][info][gc,metaspace   ] GC(535) Metaspace: 140842K(142656K)->140842K(142656K) NonClass: 123484K(124416K)->123484K(124416K) Class: 17357K(18240K)->17357K(18240K)
[78.211s][info][gc             ] GC(535) Pause Young (System.gc()) 185M->81M(988M) 0.813ms
[78.211s][info][gc,cpu         ] GC(535) User=0.00s Sys=0.00s Real=0.00s
[78.211s][info][gc,start       ] GC(536) Pause Full (System.gc())
[78.211s][info][gc,phases,start] GC(536) Marking Phase
[78.277s][info][gc,phases      ] GC(536) Marking Phase 66.059ms
[78.277s][info][gc,phases,start] GC(536) Summary Phase
[78.277s][info][gc,phases      ] GC(536) Summary Phase 0.009ms
[78.277s][info][gc,phases,start] GC(536) Adjust Roots
[78.298s][info][gc,phases      ] GC(536) Adjust Roots 20.906ms
[78.298s][info][gc,phases,start] GC(536) Compaction Phase
[78.307s][info][gc,phases      ] GC(536) Compaction Phase 8.493ms
[78.307s][info][gc,phases,start] GC(536) Post Compact
[78.308s][info][gc,phases      ] GC(536) Post Compact 0.738ms
[78.308s][info][gc,heap        ] GC(536) PSYoungGen: 500K(312320K)->0K(312320K) Eden: 0K(283648K)->0K(283648K) From: 500K(28672K)->0K(28672K)
[78.308s][info][gc,heap        ] GC(536) ParOldGen: 83070K(699392K)->75629K(699392K)
[78.308s][info][gc,metaspace   ] GC(536) Metaspace: 140842K(142656K)->140815K(142656K) NonClass: 123484K(124416K)->123462K(124416K) Class: 17357K(18240K)->17353K(18240K)
[78.308s][info][gc             ] GC(536) Pause Full (System.gc()) 81M->73M(988M) 96.498ms
[78.308s][info][gc,cpu         ] GC(536) User=0.09s Sys=0.00s Real=0.09s
[78.507s][info][gc,start       ] GC(537) Pause Young (Allocation Failure)
[78.509s][info][gc,heap        ] GC(537) PSYoungGen: 283648K(312320K)->2080K(316416K) Eden: 283648K(283648K)->0K(283648K) From: 0K(28672K)->2080K(32768K)
[78.509s][info][gc,heap        ] GC(537) ParOldGen: 75629K(699392K)->75629K(699392K)
[78.509s][info][gc,metaspace   ] GC(537) Metaspace: 140847K(142656K)->140847K(142656K) NonClass: 123490K(124416K)->123490K(124416K) Class: 17357K(18240K)->17357K(18240K)
[78.509s][info][gc             ] GC(537) Pause Young (Allocation Failure) 350M->75M(992M) 2.044ms
[78.509s][info][gc,cpu         ] GC(537) User=0.00s Sys=0.00s Real=0.00s
[78.592s][info][gc,start       ] GC(538) Pause Young (Allocation Failure)
[78.594s][info][gc,heap        ] GC(538) PSYoungGen: 285728K(316416K)->2553K(319488K) Eden: 283648K(283648K)->0K(288256K) From: 2080K(32768K)->2553K(31232K)
[78.594s][info][gc,heap        ] GC(538) ParOldGen: 75629K(699392K)->76865K(699392K)
[78.594s][info][gc,metaspace   ] GC(538) Metaspace: 140847K(142656K)->140847K(142656K) NonClass: 123490K(124416K)->123490K(124416K) Class: 17357K(18240K)->17357K(18240K)
[78.594s][info][gc             ] GC(538) Pause Young (Allocation Failure) 352M->77M(995M) 2.026ms
[78.595s][info][gc,cpu         ] GC(538) User=0.00s Sys=0.00s Real=0.00s
[78.656s][info][gc,start       ] GC(539) Pause Young (Allocation Failure)
[78.657s][info][gc,heap        ] GC(539) PSYoungGen: 290809K(319488K)->192K(317952K) Eden: 288256K(288256K)->0K(288256K) From: 2553K(31232K)->192K(29696K)
[78.657s][info][gc,heap        ] GC(539) ParOldGen: 76865K(699392K)->78628K(699392K)
[78.657s][info][gc,metaspace   ] GC(539) Metaspace: 140847K(142656K)->140847K(142656K) NonClass: 123490K(124416K)->123490K(124416K) Class: 17357K(18240K)->17357K(18240K)
[78.657s][info][gc             ] GC(539) Pause Young (Allocation Failure) 359M->76M(993M) 1.248ms
[78.657s][info][gc,cpu         ] GC(539) User=0.00s Sys=0.00s Real=0.00s
[78.780s][info][gc,start       ] GC(540) Pause Young (Allocation Failure)
[78.781s][info][gc,heap        ] GC(540) PSYoungGen: 284797K(317952K)->940K(322560K) Eden: 284605K(288256K)->0K(294400K) From: 192K(29696K)->940K(28160K)
[78.781s][info][gc,heap        ] GC(540) ParOldGen: 78628K(699392K)->78676K(699392K)
[78.781s][info][gc,metaspace   ] GC(540) Metaspace: 140847K(142656K)->140847K(142656K) NonClass: 123490K(124416K)->123490K(124416K) Class: 17357K(18240K)->17357K(18240K)
[78.781s][info][gc             ] GC(540) Pause Young (Allocation Failure) 354M->77M(998M) 1.296ms
[78.781s][info][gc,cpu         ] GC(540) User=0.00s Sys=0.00s Real=0.00s
[78.933s][info][gc,start       ] GC(541) Pause Young (Allocation Failure)
[78.939s][info][gc,heap        ] GC(541) PSYoungGen: 295340K(322560K)->26618K(321024K) Eden: 294400K(294400K)->0K(294400K) From: 940K(28160K)->26618K(26624K)
[78.939s][info][gc,heap        ] GC(541) ParOldGen: 78676K(699392K)->83716K(699392K)
[78.939s][info][gc,metaspace   ] GC(541) Metaspace: 140847K(142656K)->140847K(142656K) NonClass: 123490K(124416K)->123490K(124416K) Class: 17357K(18240K)->17357K(18240K)
[78.939s][info][gc             ] GC(541) Pause Young (Allocation Failure) 365M->107M(996M) 5.380ms
[78.939s][info][gc,cpu         ] GC(541) User=0.00s Sys=0.00s Real=0.00s
[79.007s][info][gc,start       ] GC(542) Pause Young (System.gc())
[79.008s][info][gc,heap        ] GC(542) PSYoungGen: 104426K(321024K)->500K(311808K) Eden: 77808K(294400K)->0K(283648K) From: 26618K(26624K)->500K(28160K)
[79.008s][info][gc,heap        ] GC(542) ParOldGen: 83716K(699392K)->83787K(699392K)
[79.008s][info][gc,metaspace   ] GC(542) Metaspace: 140848K(142656K)->140848K(142656K) NonClass: 123491K(124416K)->123491K(124416K) Class: 17357K(18240K)->17357K(18240K)
[79.008s][info][gc             ] GC(542) Pause Young (System.gc()) 183M->82M(987M) 0.773ms
[79.008s][info][gc,cpu         ] GC(542) User=0.00s Sys=0.00s Real=0.00s
[79.008s][info][gc,start       ] GC(543) Pause Full (System.gc())
[79.008s][info][gc,phases,start] GC(543) Marking Phase
[79.074s][info][gc,phases      ] GC(543) Marking Phase 65.796ms
[79.074s][info][gc,phases,start] GC(543) Summary Phase
[79.074s][info][gc,phases      ] GC(543) Summary Phase 0.010ms
[79.074s][info][gc,phases,start] GC(543) Adjust Roots
[79.095s][info][gc,phases      ] GC(543) Adjust Roots 20.867ms
[79.095s][info][gc,phases,start] GC(543) Compaction Phase
[79.104s][info][gc,phases      ] GC(543) Compaction Phase 9.678ms
[79.104s][info][gc,phases,start] GC(543) Post Compact
[79.105s][info][gc,phases      ] GC(543) Post Compact 0.728ms
[79.105s][info][gc,heap        ] GC(543) PSYoungGen: 500K(311808K)->0K(311808K) Eden: 0K(283648K)->0K(283648K) From: 500K(28160K)->0K(28160K)
[79.105s][info][gc,heap        ] GC(543) ParOldGen: 83787K(699392K)->75738K(699392K)
[79.105s][info][gc,metaspace   ] GC(543) Metaspace: 140848K(142656K)->140821K(142656K) NonClass: 123491K(124416K)->123468K(124416K) Class: 17357K(18240K)->17353K(18240K)
[79.105s][info][gc             ] GC(543) Pause Full (System.gc()) 82M->73M(987M) 97.379ms
[79.105s][info][gc,cpu         ] GC(543) User=0.14s Sys=0.00s Real=0.09s
[79.305s][info][gc,start       ] GC(544) Pause Young (Allocation Failure)
[79.307s][info][gc,heap        ] GC(544) PSYoungGen: 283648K(311808K)->2055K(316416K) Eden: 283648K(283648K)->0K(283648K) From: 0K(28160K)->2055K(32768K)
[79.307s][info][gc,heap        ] GC(544) ParOldGen: 75738K(699392K)->75746K(699392K)
[79.307s][info][gc,metaspace   ] GC(544) Metaspace: 140900K(142784K)->140900K(142784K) NonClass: 123542K(124544K)->123542K(124544K) Class: 17357K(18240K)->17357K(18240K)
[79.307s][info][gc             ] GC(544) Pause Young (Allocation Failure) 350M->75M(992M) 1.817ms
[79.307s][info][gc,cpu         ] GC(544) User=0.02s Sys=0.00s Real=0.02s
[79.391s][info][gc,start       ] GC(545) Pause Young (Allocation Failure)
[79.393s][info][gc,heap        ] GC(545) PSYoungGen: 285703K(316416K)->2532K(319488K) Eden: 283648K(283648K)->0K(288256K) From: 2055K(32768K)->2532K(31232K)
[79.393s][info][gc,heap        ] GC(545) ParOldGen: 75746K(699392K)->76977K(699392K)
[79.393s][info][gc,metaspace   ] GC(545) Metaspace: 140903K(142784K)->140903K(142784K) NonClass: 123545K(124544K)->123545K(124544K) Class: 17357K(18240K)->17357K(18240K)
[79.393s][info][gc             ] GC(545) Pause Young (Allocation Failure) 352M->77M(995M) 2.000ms
[79.393s][info][gc,cpu         ] GC(545) User=0.00s Sys=0.00s Real=0.00s
[79.455s][info][gc,start       ] GC(546) Pause Young (Allocation Failure)
[79.456s][info][gc,heap        ] GC(546) PSYoungGen: 290788K(319488K)->192K(317952K) Eden: 288256K(288256K)->0K(288256K) From: 2532K(31232K)->192K(29696K)
[79.456s][info][gc,heap        ] GC(546) ParOldGen: 76977K(699392K)->78894K(699392K)
[79.456s][info][gc,metaspace   ] GC(546) Metaspace: 140903K(142784K)->140903K(142784K) NonClass: 123545K(124544K)->123545K(124544K) Class: 17357K(18240K)->17357K(18240K)
[79.456s][info][gc             ] GC(546) Pause Young (Allocation Failure) 359M->77M(993M) 1.331ms
[79.456s][info][gc,cpu         ] GC(546) User=0.00s Sys=0.00s Real=0.00s
[79.580s][info][gc,start       ] GC(547) Pause Young (Allocation Failure)
[79.581s][info][gc,heap        ] GC(547) PSYoungGen: 288448K(317952K)->1048K(322560K) Eden: 288256K(288256K)->0K(294400K) From: 192K(29696K)->1048K(28160K)
[79.581s][info][gc,heap        ] GC(547) ParOldGen: 78894K(699392K)->78942K(699392K)
[79.581s][info][gc,metaspace   ] GC(547) Metaspace: 140903K(142784K)->140903K(142784K) NonClass: 123545K(124544K)->123545K(124544K) Class: 17357K(18240K)->17357K(18240K)
[79.581s][info][gc             ] GC(547) Pause Young (Allocation Failure) 358M->78M(998M) 1.059ms
[79.581s][info][gc,cpu         ] GC(547) User=0.00s Sys=0.00s Real=0.00s
[79.731s][info][gc,start       ] GC(548) Pause Young (Allocation Failure)
[79.737s][info][gc,heap        ] GC(548) PSYoungGen: 295448K(322560K)->26606K(321024K) Eden: 294400K(294400K)->0K(294400K) From: 1048K(28160K)->26606K(26624K)
[79.737s][info][gc,heap        ] GC(548) ParOldGen: 78942K(699392K)->83985K(699392K)
[79.737s][info][gc,metaspace   ] GC(548) Metaspace: 140903K(142784K)->140903K(142784K) NonClass: 123545K(124544K)->123545K(124544K) Class: 17357K(18240K)->17357K(18240K)
[79.737s][info][gc             ] GC(548) Pause Young (Allocation Failure) 365M->108M(996M) 5.448ms
[79.737s][info][gc,cpu         ] GC(548) User=0.00s Sys=0.00s Real=0.01s
[79.805s][info][gc,start       ] GC(549) Pause Young (System.gc())
[79.806s][info][gc,heap        ] GC(549) PSYoungGen: 98950K(321024K)->468K(311808K) Eden: 72343K(294400K)->0K(283648K) From: 26606K(26624K)->468K(28160K)
[79.806s][info][gc,heap        ] GC(549) ParOldGen: 83985K(699392K)->84049K(699392K)
[79.806s][info][gc,metaspace   ] GC(549) Metaspace: 140904K(142784K)->140904K(142784K) NonClass: 123546K(124544K)->123546K(124544K) Class: 17357K(18240K)->17357K(18240K)
[79.806s][info][gc             ] GC(549) Pause Young (System.gc()) 178M->82M(987M) 1.147ms
[79.806s][info][gc,cpu         ] GC(549) User=0.00s Sys=0.00s Real=0.00s
[79.806s][info][gc,start       ] GC(550) Pause Full (System.gc())
[79.806s][info][gc,phases,start] GC(550) Marking Phase
[79.870s][info][gc,phases      ] GC(550) Marking Phase 64.533ms
[79.870s][info][gc,phases,start] GC(550) Summary Phase
[79.871s][info][gc,phases      ] GC(550) Summary Phase 0.009ms
[79.871s][info][gc,phases,start] GC(550) Adjust Roots
[79.891s][info][gc,phases      ] GC(550) Adjust Roots 20.736ms
[79.891s][info][gc,phases,start] GC(550) Compaction Phase
[79.899s][info][gc,phases      ] GC(550) Compaction Phase 7.909ms
[79.899s][info][gc,phases,start] GC(550) Post Compact
[79.900s][info][gc,phases      ] GC(550) Post Compact 0.731ms
[79.900s][info][gc,heap        ] GC(550) PSYoungGen: 468K(311808K)->0K(311808K) Eden: 0K(283648K)->0K(283648K) From: 468K(28160K)->0K(28160K)
[79.900s][info][gc,heap        ] GC(550) ParOldGen: 84049K(699392K)->76153K(699392K)
[79.900s][info][gc,metaspace   ] GC(550) Metaspace: 140904K(142784K)->140877K(142784K) NonClass: 123546K(124544K)->123524K(124544K) Class: 17357K(18240K)->17353K(18240K)
[79.900s][info][gc             ] GC(550) Pause Full (System.gc()) 82M->74M(987M) 94.234ms
[79.900s][info][gc,cpu         ] GC(550) User=0.16s Sys=0.00s Real=0.10s
[80.101s][info][gc,start       ] GC(551) Pause Young (Allocation Failure)
[80.103s][info][gc,heap        ] GC(551) PSYoungGen: 283648K(311808K)->2066K(316416K) Eden: 283648K(283648K)->0K(283648K) From: 0K(28160K)->2066K(32768K)
[80.103s][info][gc,heap        ] GC(551) ParOldGen: 76153K(699392K)->76153K(699392K)
[80.103s][info][gc,metaspace   ] GC(551) Metaspace: 140905K(142784K)->140905K(142784K) NonClass: 123547K(124544K)->123547K(124544K) Class: 17357K(18240K)->17357K(18240K)
[80.103s][info][gc             ] GC(551) Pause Young (Allocation Failure) 351M->76M(992M) 1.815ms
[80.103s][info][gc,cpu         ] GC(551) User=0.02s Sys=0.00s Real=0.02s
[80.187s][info][gc,start       ] GC(552) Pause Young (Allocation Failure)
[80.189s][info][gc,heap        ] GC(552) PSYoungGen: 285714K(316416K)->2585K(319488K) Eden: 283648K(283648K)->0K(288256K) From: 2066K(32768K)->2585K(31232K)
[80.189s][info][gc,heap        ] GC(552) ParOldGen: 76153K(699392K)->77384K(699392K)
[80.189s][info][gc,metaspace   ] GC(552) Metaspace: 140905K(142784K)->140905K(142784K) NonClass: 123547K(124544K)->123547K(124544K) Class: 17357K(18240K)->17357K(18240K)
[80.189s][info][gc             ] GC(552) Pause Young (Allocation Failure) 353M->78M(995M) 2.006ms
[80.189s][info][gc,cpu         ] GC(552) User=0.00s Sys=0.00s Real=0.00s
[80.252s][info][gc,start       ] GC(553) Pause Young (Allocation Failure)
[80.253s][info][gc,heap        ] GC(553) PSYoungGen: 290841K(319488K)->192K(317952K) Eden: 288256K(288256K)->0K(288256K) From: 2585K(31232K)->192K(29696K)
[80.253s][info][gc,heap        ] GC(553) ParOldGen: 77384K(699392K)->79142K(699392K)
[80.253s][info][gc,metaspace   ] GC(553) Metaspace: 140905K(142784K)->140905K(142784K) NonClass: 123547K(124544K)->123547K(124544K) Class: 17357K(18240K)->17357K(18240K)
[80.253s][info][gc             ] GC(553) Pause Young (Allocation Failure) 359M->77M(993M) 1.029ms
[80.253s][info][gc,cpu         ] GC(553) User=0.00s Sys=0.00s Real=0.00s
[80.374s][info][gc,start       ] GC(554) Pause Young (Allocation Failure)
[80.375s][info][gc,heap        ] GC(554) PSYoungGen: 285909K(317952K)->876K(322560K) Eden: 285717K(288256K)->0K(294400K) From: 192K(29696K)->876K(28160K)
[80.375s][info][gc,heap        ] GC(554) ParOldGen: 79142K(699392K)->79174K(699392K)
[80.375s][info][gc,metaspace   ] GC(554) Metaspace: 140905K(142784K)->140905K(142784K) NonClass: 123547K(124544K)->123547K(124544K) Class: 17357K(18240K)->17357K(18240K)
[80.375s][info][gc             ] GC(554) Pause Young (Allocation Failure) 356M->78M(998M) 1.218ms
[80.375s][info][gc,cpu         ] GC(554) User=0.00s Sys=0.00s Real=0.00s
[80.527s][info][gc,start       ] GC(555) Pause Young (Allocation Failure)
[80.532s][info][gc,heap        ] GC(555) PSYoungGen: 295276K(322560K)->26618K(321024K) Eden: 294400K(294400K)->0K(294400K) From: 876K(28160K)->26618K(26624K)
[80.532s][info][gc,heap        ] GC(555) ParOldGen: 79174K(699392K)->84214K(699392K)
[80.532s][info][gc,metaspace   ] GC(555) Metaspace: 140905K(142784K)->140905K(142784K) NonClass: 123547K(124544K)->123547K(124544K) Class: 17357K(18240K)->17357K(18240K)
[80.532s][info][gc             ] GC(555) Pause Young (Allocation Failure) 365M->108M(996M) 5.393ms
[80.533s][info][gc,cpu         ] GC(555) User=0.00s Sys=0.00s Real=0.00s
[80.604s][info][gc,start       ] GC(556) Pause Young (System.gc())
[80.605s][info][gc,heap        ] GC(556) PSYoungGen: 103360K(321024K)->500K(311808K) Eden: 76742K(294400K)->0K(283648K) From: 26618K(26624K)->500K(28160K)
[80.605s][info][gc,heap        ] GC(556) ParOldGen: 84214K(699392K)->84277K(699392K)
[80.605s][info][gc,metaspace   ] GC(556) Metaspace: 140911K(142784K)->140911K(142784K) NonClass: 123553K(124544K)->123553K(124544K) Class: 17357K(18240K)->17357K(18240K)
[80.605s][info][gc             ] GC(556) Pause Young (System.gc()) 183M->82M(987M) 0.802ms
[80.605s][info][gc,cpu         ] GC(556) User=0.00s Sys=0.00s Real=0.00s
[80.605s][info][gc,start       ] GC(557) Pause Full (System.gc())
[80.605s][info][gc,phases,start] GC(557) Marking Phase
[80.670s][info][gc,phases      ] GC(557) Marking Phase 64.997ms
[80.670s][info][gc,phases,start] GC(557) Summary Phase
[80.670s][info][gc,phases      ] GC(557) Summary Phase 0.010ms
[80.670s][info][gc,phases,start] GC(557) Adjust Roots
[80.691s][info][gc,phases      ] GC(557) Adjust Roots 20.976ms
[80.691s][info][gc,phases,start] GC(557) Compaction Phase
[80.699s][info][gc,phases      ] GC(557) Compaction Phase 7.600ms
[80.699s][info][gc,phases,start] GC(557) Post Compact
[80.700s][info][gc,phases      ] GC(557) Post Compact 0.694ms
[80.700s][info][gc,heap        ] GC(557) PSYoungGen: 500K(311808K)->0K(311808K) Eden: 0K(283648K)->0K(283648K) From: 500K(28160K)->0K(28160K)
[80.700s][info][gc,heap        ] GC(557) ParOldGen: 84277K(699392K)->75952K(699392K)
[80.700s][info][gc,metaspace   ] GC(557) Metaspace: 140911K(142784K)->140884K(142784K) NonClass: 123553K(124544K)->123530K(124544K) Class: 17357K(18240K)->17353K(18240K)
[80.700s][info][gc             ] GC(557) Pause Full (System.gc()) 82M->74M(987M) 94.590ms
[80.700s][info][gc,cpu         ] GC(557) User=0.16s Sys=0.00s Real=0.10s
[80.897s][info][gc,start       ] GC(558) Pause Young (Allocation Failure)
[80.899s][info][gc,heap        ] GC(558) PSYoungGen: 283648K(311808K)->2323K(316416K) Eden: 283648K(283648K)->0K(283648K) From: 0K(28160K)->2323K(32768K)
[80.899s][info][gc,heap        ] GC(558) ParOldGen: 75952K(699392K)->75952K(699392K)
[80.899s][info][gc,metaspace   ] GC(558) Metaspace: 140911K(142784K)->140911K(142784K) NonClass: 123553K(124544K)->123553K(124544K) Class: 17357K(18240K)->17357K(18240K)
[80.899s][info][gc             ] GC(558) Pause Young (Allocation Failure) 351M->76M(992M) 2.037ms
[80.899s][info][gc,cpu         ] GC(558) User=0.00s Sys=0.00s Real=0.00s
[80.984s][info][gc,start       ] GC(559) Pause Young (Allocation Failure)
[80.986s][info][gc,heap        ] GC(559) PSYoungGen: 285971K(316416K)->2532K(319488K) Eden: 283648K(283648K)->0K(288256K) From: 2323K(32768K)->2532K(31232K)
[80.986s][info][gc,heap        ] GC(559) ParOldGen: 75952K(699392K)->77333K(699392K)
[80.986s][info][gc,metaspace   ] GC(559) Metaspace: 140911K(142784K)->140911K(142784K) NonClass: 123553K(124544K)->123553K(124544K) Class: 17357K(18240K)->17357K(18240K)
[80.986s][info][gc             ] GC(559) Pause Young (Allocation Failure) 353M->77M(995M) 2.041ms
[80.986s][info][gc,cpu         ] GC(559) User=0.00s Sys=0.00s Real=0.00s
[81.047s][info][gc,start       ] GC(560) Pause Young (Allocation Failure)
[81.048s][info][gc,heap        ] GC(560) PSYoungGen: 290788K(319488K)->192K(317952K) Eden: 288256K(288256K)->0K(288256K) From: 2532K(31232K)->192K(29696K)
[81.048s][info][gc,heap        ] GC(560) ParOldGen: 77333K(699392K)->79097K(699392K)
[81.048s][info][gc,metaspace   ] GC(560) Metaspace: 140911K(142784K)->140911K(142784K) NonClass: 123553K(124544K)->123553K(124544K) Class: 17357K(18240K)->17357K(18240K)
[81.048s][info][gc             ] GC(560) Pause Young (Allocation Failure) 359M->77M(993M) 1.262ms
[81.048s][info][gc,cpu         ] GC(560) User=0.00s Sys=0.00s Real=0.00s
[81.176s][info][gc,start       ] GC(561) Pause Young (Allocation Failure)
[81.177s][info][gc,heap        ] GC(561) PSYoungGen: 288447K(317952K)->951K(322560K) Eden: 288255K(288256K)->0K(294400K) From: 192K(29696K)->951K(28160K)
[81.177s][info][gc,heap        ] GC(561) ParOldGen: 79097K(699392K)->79145K(699392K)
[81.177s][info][gc,metaspace   ] GC(561) Metaspace: 140911K(142784K)->140911K(142784K) NonClass: 123553K(124544K)->123553K(124544K) Class: 17357K(18240K)->17357K(18240K)
[81.177s][info][gc             ] GC(561) Pause Young (Allocation Failure) 358M->78M(998M) 1.051ms
[81.177s][info][gc,cpu         ] GC(561) User=0.00s Sys=0.00s Real=0.00s
[81.327s][info][gc,start       ] GC(562) Pause Young (Allocation Failure)
[81.333s][info][gc,heap        ] GC(562) PSYoungGen: 295351K(322560K)->26606K(321024K) Eden: 294400K(294400K)->0K(294400K) From: 951K(28160K)->26606K(26624K)
[81.333s][info][gc,heap        ] GC(562) ParOldGen: 79145K(699392K)->84188K(699392K)
[81.333s][info][gc,metaspace   ] GC(562) Metaspace: 140911K(142784K)->140911K(142784K) NonClass: 123553K(124544K)->123553K(124544K) Class: 17357K(18240K)->17357K(18240K)
[81.333s][info][gc             ] GC(562) Pause Young (Allocation Failure) 365M->108M(996M) 5.428ms
[81.333s][info][gc,cpu         ] GC(562) User=0.00s Sys=0.00s Real=0.00s
[81.403s][info][gc,start       ] GC(563) Pause Young (System.gc())
[81.404s][info][gc,heap        ] GC(563) PSYoungGen: 98307K(321024K)->468K(311808K) Eden: 71700K(294400K)->0K(283648K) From: 26606K(26624K)->468K(28160K)
[81.404s][info][gc,heap        ] GC(563) ParOldGen: 84188K(699392K)->84243K(699392K)
[81.404s][info][gc,metaspace   ] GC(563) Metaspace: 140911K(142784K)->140911K(142784K) NonClass: 123553K(124544K)->123553K(124544K) Class: 17357K(18240K)->17357K(18240K)
[81.404s][info][gc             ] GC(563) Pause Young (System.gc()) 178M->82M(987M) 1.099ms
[81.404s][info][gc,cpu         ] GC(563) User=0.00s Sys=0.00s Real=0.00s
[81.404s][info][gc,start       ] GC(564) Pause Full (System.gc())
[81.404s][info][gc,phases,start] GC(564) Marking Phase
[81.471s][info][gc,phases      ] GC(564) Marking Phase 66.401ms
[81.471s][info][gc,phases,start] GC(564) Summary Phase
[81.471s][info][gc,phases      ] GC(564) Summary Phase 0.010ms
[81.471s][info][gc,phases,start] GC(564) Adjust Roots
[81.491s][info][gc,phases      ] GC(564) Adjust Roots 20.046ms
[81.491s][info][gc,phases,start] GC(564) Compaction Phase
[81.499s][info][gc,phases      ] GC(564) Compaction Phase 7.784ms
[81.499s][info][gc,phases,start] GC(564) Post Compact
[81.500s][info][gc,phases      ] GC(564) Post Compact 0.805ms
[81.500s][info][gc,heap        ] GC(564) PSYoungGen: 468K(311808K)->0K(311808K) Eden: 0K(283648K)->0K(283648K) From: 468K(28160K)->0K(28160K)
[81.500s][info][gc,heap        ] GC(564) ParOldGen: 84243K(699392K)->76373K(699392K)
[81.500s][info][gc,metaspace   ] GC(564) Metaspace: 140911K(142784K)->140884K(142784K) NonClass: 123553K(124544K)->123531K(124544K) Class: 17357K(18240K)->17353K(18240K)
[81.500s][info][gc             ] GC(564) Pause Full (System.gc()) 82M->74M(987M) 95.362ms
[81.500s][info][gc,cpu         ] GC(564) User=0.14s Sys=0.00s Real=0.10s
[81.704s][info][gc,start       ] GC(565) Pause Young (Allocation Failure)
[81.706s][info][gc,heap        ] GC(565) PSYoungGen: 283648K(311808K)->2279K(316416K) Eden: 283648K(283648K)->0K(283648K) From: 0K(28160K)->2279K(32768K)
[81.706s][info][gc,heap        ] GC(565) ParOldGen: 76373K(699392K)->76373K(699392K)
[81.706s][info][gc,metaspace   ] GC(565) Metaspace: 140916K(142784K)->140916K(142784K) NonClass: 123558K(124544K)->123558K(124544K) Class: 17357K(18240K)->17357K(18240K)
[81.706s][info][gc             ] GC(565) Pause Young (Allocation Failure) 351M->76M(992M) 1.888ms
[81.706s][info][gc,cpu         ] GC(565) User=0.00s Sys=0.00s Real=0.02s
[81.792s][info][gc,start       ] GC(566) Pause Young (Allocation Failure)
[81.795s][info][gc,heap        ] GC(566) PSYoungGen: 285927K(316416K)->2585K(319488K) Eden: 283648K(283648K)->0K(288256K) From: 2279K(32768K)->2585K(31232K)
[81.795s][info][gc,heap        ] GC(566) ParOldGen: 76373K(699392K)->77594K(699392K)
[81.795s][info][gc,metaspace   ] GC(566) Metaspace: 140916K(142784K)->140916K(142784K) NonClass: 123558K(124544K)->123558K(124544K) Class: 17357K(18240K)->17357K(18240K)
[81.795s][info][gc             ] GC(566) Pause Young (Allocation Failure) 353M->78M(995M) 2.389ms
[81.795s][info][gc,cpu         ] GC(566) User=0.00s Sys=0.00s Real=0.00s
[81.862s][info][gc,start       ] GC(567) Pause Young (Allocation Failure)
[81.863s][info][gc,heap        ] GC(567) PSYoungGen: 290841K(319488K)->160K(317952K) Eden: 288256K(288256K)->0K(288256K) From: 2585K(31232K)->160K(29696K)
[81.863s][info][gc,heap        ] GC(567) ParOldGen: 77594K(699392K)->79507K(699392K)
[81.863s][info][gc,metaspace   ] GC(567) Metaspace: 140916K(142784K)->140916K(142784K) NonClass: 123558K(124544K)->123558K(124544K) Class: 17357K(18240K)->17357K(18240K)
[81.863s][info][gc             ] GC(567) Pause Young (Allocation Failure) 359M->77M(993M) 1.449ms
[81.863s][info][gc,cpu         ] GC(567) User=0.00s Sys=0.00s Real=0.00s
[81.990s][info][gc,start       ] GC(568) Pause Young (Allocation Failure)
[81.991s][info][gc,heap        ] GC(568) PSYoungGen: 288416K(317952K)->1208K(322560K) Eden: 288256K(288256K)->0K(294400K) From: 160K(29696K)->1208K(28160K)
[81.991s][info][gc,heap        ] GC(568) ParOldGen: 79507K(699392K)->79547K(699392K)
[81.991s][info][gc,metaspace   ] GC(568) Metaspace: 140916K(142784K)->140916K(142784K) NonClass: 123558K(124544K)->123558K(124544K) Class: 17357K(18240K)->17357K(18240K)
[81.991s][info][gc             ] GC(568) Pause Young (Allocation Failure) 359M->78M(998M) 1.278ms
[81.992s][info][gc,cpu         ] GC(568) User=0.00s Sys=0.00s Real=0.00s
[82.142s][info][gc,start       ] GC(569) Pause Young (Allocation Failure)
[82.148s][info][gc,heap        ] GC(569) PSYoungGen: 295608K(322560K)->26606K(321024K) Eden: 294400K(294400K)->0K(294400K) From: 1208K(28160K)->26606K(26624K)
[82.148s][info][gc,heap        ] GC(569) ParOldGen: 79547K(699392K)->84591K(699392K)
[82.148s][info][gc,metaspace   ] GC(569) Metaspace: 140916K(142784K)->140916K(142784K) NonClass: 123558K(124544K)->123558K(124544K) Class: 17357K(18240K)->17357K(18240K)
[82.148s][info][gc             ] GC(569) Pause Young (Allocation Failure) 366M->108M(996M) 6.063ms
[82.148s][info][gc,cpu         ] GC(569) User=0.00s Sys=0.00s Real=0.00s
[82.214s][info][gc,start       ] GC(570) Pause Young (System.gc())
[82.215s][info][gc,heap        ] GC(570) PSYoungGen: 97507K(321024K)->500K(311808K) Eden: 70900K(294400K)->0K(283648K) From: 26606K(26624K)->500K(28160K)
[82.215s][info][gc,heap        ] GC(570) ParOldGen: 84591K(699392K)->84659K(699392K)
[82.215s][info][gc,metaspace   ] GC(570) Metaspace: 140916K(142784K)->140916K(142784K) NonClass: 123558K(124544K)->123558K(124544K) Class: 17357K(18240K)->17357K(18240K)
[82.215s][info][gc             ] GC(570) Pause Young (System.gc()) 177M->83M(987M) 0.929ms
[82.215s][info][gc,cpu         ] GC(570) User=0.00s Sys=0.00s Real=0.00s
[82.215s][info][gc,start       ] GC(571) Pause Full (System.gc())
[82.215s][info][gc,phases,start] GC(571) Marking Phase
[82.279s][info][gc,phases      ] GC(571) Marking Phase 63.241ms
[82.279s][info][gc,phases,start] GC(571) Summary Phase
[82.279s][info][gc,phases      ] GC(571) Summary Phase 0.009ms
[82.279s][info][gc,phases,start] GC(571) Adjust Roots
[82.300s][info][gc,phases      ] GC(571) Adjust Roots 20.833ms
[82.300s][info][gc,phases,start] GC(571) Compaction Phase
[82.309s][info][gc,phases      ] GC(571) Compaction Phase 9.116ms
[82.309s][info][gc,phases,start] GC(571) Post Compact
[82.310s][info][gc,phases      ] GC(571) Post Compact 0.861ms
[82.310s][info][gc,heap        ] GC(571) PSYoungGen: 500K(311808K)->0K(311808K) Eden: 0K(283648K)->0K(283648K) From: 500K(28160K)->0K(28160K)
[82.310s][info][gc,heap        ] GC(571) ParOldGen: 84659K(699392K)->76610K(699392K)
[82.310s][info][gc,metaspace   ] GC(571) Metaspace: 140916K(142784K)->140889K(142784K) NonClass: 123558K(124544K)->123535K(124544K) Class: 17357K(18240K)->17353K(18240K)
[82.310s][info][gc             ] GC(571) Pause Full (System.gc()) 83M->74M(987M) 94.388ms
[82.310s][info][gc,cpu         ] GC(571) User=0.05s Sys=0.00s Real=0.10s
[82.506s][info][gc,start       ] GC(572) Pause Young (Allocation Failure)
[82.508s][info][gc,heap        ] GC(572) PSYoungGen: 283648K(311808K)->2311K(316416K) Eden: 283648K(283648K)->0K(283648K) From: 0K(28160K)->2311K(32768K)
[82.508s][info][gc,heap        ] GC(572) ParOldGen: 76610K(699392K)->76610K(699392K)
[82.508s][info][gc,metaspace   ] GC(572) Metaspace: 140917K(142784K)->140917K(142784K) NonClass: 123559K(124544K)->123559K(124544K) Class: 17357K(18240K)->17357K(18240K)
[82.508s][info][gc             ] GC(572) Pause Young (Allocation Failure) 351M->77M(992M) 2.152ms
[82.508s][info][gc,cpu         ] GC(572) User=0.00s Sys=0.00s Real=0.00s
[82.596s][info][gc,start       ] GC(573) Pause Young (Allocation Failure)
[82.599s][info][gc,heap        ] GC(573) PSYoungGen: 285959K(316416K)->2585K(320000K) Eden: 283648K(283648K)->0K(288768K) From: 2311K(32768K)->2585K(31232K)
[82.599s][info][gc,heap        ] GC(573) ParOldGen: 76610K(699392K)->77833K(699392K)
[82.599s][info][gc,metaspace   ] GC(573) Metaspace: 140917K(142784K)->140917K(142784K) NonClass: 123559K(124544K)->123559K(124544K) Class: 17357K(18240K)->17357K(18240K)
[82.599s][info][gc             ] GC(573) Pause Young (Allocation Failure) 354M->78M(995M) 2.482ms
[82.599s][info][gc,cpu         ] GC(573) User=0.00s Sys=0.00s Real=0.00s
[82.664s][info][gc,start       ] GC(574) Pause Young (Allocation Failure)
[82.665s][info][gc,heap        ] GC(574) PSYoungGen: 291353K(320000K)->192K(317952K) Eden: 288768K(288768K)->0K(288768K) From: 2585K(31232K)->192K(29184K)
[82.665s][info][gc,heap        ] GC(574) ParOldGen: 77833K(699392K)->79591K(699392K)
[82.665s][info][gc,metaspace   ] GC(574) Metaspace: 140917K(142784K)->140917K(142784K) NonClass: 123559K(124544K)->123559K(124544K) Class: 17357K(18240K)->17357K(18240K)
[82.665s][info][gc             ] GC(574) Pause Young (Allocation Failure) 360M->77M(993M) 1.308ms
[82.665s][info][gc,cpu         ] GC(574) User=0.00s Sys=0.00s Real=0.00s
[82.794s][info][gc,start       ] GC(575) Pause Young (Allocation Failure)
[82.795s][info][gc,heap        ] GC(575) PSYoungGen: 288960K(317952K)->1375K(322560K) Eden: 288768K(288768K)->0K(294400K) From: 192K(29184K)->1375K(28160K)
[82.795s][info][gc,heap        ] GC(575) ParOldGen: 79591K(699392K)->79607K(699392K)
[82.795s][info][gc,metaspace   ] GC(575) Metaspace: 140917K(142784K)->140917K(142784K) NonClass: 123559K(124544K)->123559K(124544K) Class: 17357K(18240K)->17357K(18240K)
[82.795s][info][gc             ] GC(575) Pause Young (Allocation Failure) 359M->79M(998M) 1.104ms
[82.795s][info][gc,cpu         ] GC(575) User=0.00s Sys=0.00s Real=0.00s
[82.944s][info][gc,start       ] GC(576) Pause Young (Allocation Failure)
[82.950s][info][gc,heap        ] GC(576) PSYoungGen: 295775K(322560K)->26606K(321024K) Eden: 294400K(294400K)->0K(294400K) From: 1375K(28160K)->26606K(26624K)
[82.950s][info][gc,heap        ] GC(576) ParOldGen: 79607K(699392K)->84874K(699392K)
[82.950s][info][gc,metaspace   ] GC(576) Metaspace: 140917K(142784K)->140917K(142784K) NonClass: 123559K(124544K)->123559K(124544K) Class: 17357K(18240K)->17357K(18240K)
[82.950s][info][gc             ] GC(576) Pause Young (Allocation Failure) 366M->108M(996M) 5.788ms
[82.950s][info][gc,cpu         ] GC(576) User=0.00s Sys=0.00s Real=0.00s
[83.017s][info][gc,start       ] GC(577) Pause Young (System.gc())
[83.018s][info][gc,heap        ] GC(577) PSYoungGen: 98271K(321024K)->500K(311808K) Eden: 71664K(294400K)->0K(283648K) From: 26606K(26624K)->500K(28160K)
[83.018s][info][gc,heap        ] GC(577) ParOldGen: 84874K(699392K)->84937K(699392K)
[83.018s][info][gc,metaspace   ] GC(577) Metaspace: 140917K(142784K)->140917K(142784K) NonClass: 123559K(124544K)->123559K(124544K) Class: 17357K(18240K)->17357K(18240K)
[83.018s][info][gc             ] GC(577) Pause Young (System.gc()) 178M->83M(987M) 0.781ms
[83.018s][info][gc,cpu         ] GC(577) User=0.00s Sys=0.00s Real=0.00s
[83.018s][info][gc,start       ] GC(578) Pause Full (System.gc())
[83.018s][info][gc,phases,start] GC(578) Marking Phase
[83.083s][info][gc,phases      ] GC(578) Marking Phase 65.537ms
[83.083s][info][gc,phases,start] GC(578) Summary Phase
[83.083s][info][gc,phases      ] GC(578) Summary Phase 0.009ms
[83.083s][info][gc,phases,start] GC(578) Adjust Roots
[83.105s][info][gc,phases      ] GC(578) Adjust Roots 21.310ms
[83.105s][info][gc,phases,start] GC(578) Compaction Phase
[83.118s][info][gc,phases      ] GC(578) Compaction Phase 13.431ms
[83.118s][info][gc,phases,start] GC(578) Post Compact
[83.120s][info][gc,phases      ] GC(578) Post Compact 1.264ms
[83.120s][info][gc,heap        ] GC(578) PSYoungGen: 500K(311808K)->0K(311808K) Eden: 0K(283648K)->0K(283648K) From: 500K(28160K)->0K(28160K)
[83.120s][info][gc,heap        ] GC(578) ParOldGen: 84937K(699392K)->76716K(699392K)
[83.120s][info][gc,metaspace   ] GC(578) Metaspace: 140917K(142784K)->140890K(142784K) NonClass: 123559K(124544K)->123537K(124544K) Class: 17357K(18240K)->17353K(18240K)
[83.120s][info][gc             ] GC(578) Pause Full (System.gc()) 83M->74M(987M) 101.857ms
[83.120s][info][gc,cpu         ] GC(578) User=0.17s Sys=0.02s Real=0.10s
[83.321s][info][gc,start       ] GC(579) Pause Young (Allocation Failure)
[83.323s][info][gc,heap        ] GC(579) PSYoungGen: 283648K(311808K)->2289K(316416K) Eden: 283648K(283648K)->0K(283648K) From: 0K(28160K)->2289K(32768K)
[83.323s][info][gc,heap        ] GC(579) ParOldGen: 76716K(699392K)->76716K(699392K)
[83.323s][info][gc,metaspace   ] GC(579) Metaspace: 140917K(142784K)->140917K(142784K) NonClass: 123559K(124544K)->123559K(124544K) Class: 17357K(18240K)->17357K(18240K)
[83.323s][info][gc             ] GC(579) Pause Young (Allocation Failure) 351M->77M(992M) 2.114ms
[83.323s][info][gc,cpu         ] GC(579) User=0.00s Sys=0.00s Real=0.00s
[83.409s][info][gc,start       ] GC(580) Pause Young (Allocation Failure)
[83.411s][info][gc,heap        ] GC(580) PSYoungGen: 285937K(316416K)->2532K(319488K) Eden: 283648K(283648K)->0K(288256K) From: 2289K(32768K)->2532K(31232K)
[83.411s][info][gc,heap        ] GC(580) ParOldGen: 76716K(699392K)->77936K(699392K)
[83.411s][info][gc,metaspace   ] GC(580) Metaspace: 140917K(142784K)->140917K(142784K) NonClass: 123559K(124544K)->123559K(124544K) Class: 17357K(18240K)->17357K(18240K)
[83.411s][info][gc             ] GC(580) Pause Young (Allocation Failure) 354M->78M(995M) 1.969ms
[83.411s][info][gc,cpu         ] GC(580) User=0.00s Sys=0.00s Real=0.00s
[83.473s][info][gc,start       ] GC(581) Pause Young (Allocation Failure)
[83.474s][info][gc,heap        ] GC(581) PSYoungGen: 290788K(319488K)->192K(317952K) Eden: 288256K(288256K)->0K(288256K) From: 2532K(31232K)->192K(29696K)
[83.474s][info][gc,heap        ] GC(581) ParOldGen: 77936K(699392K)->79695K(699392K)
[83.474s][info][gc,metaspace   ] GC(581) Metaspace: 140917K(142784K)->140917K(142784K) NonClass: 123559K(124544K)->123559K(124544K) Class: 17357K(18240K)->17357K(18240K)
[83.474s][info][gc             ] GC(581) Pause Young (Allocation Failure) 360M->78M(993M) 1.254ms
[83.474s][info][gc,cpu         ] GC(581) User=0.00s Sys=0.00s Real=0.00s
[83.595s][info][gc,start       ] GC(582) Pause Young (Allocation Failure)
[83.596s][info][gc,heap        ] GC(582) PSYoungGen: 288335K(317952K)->880K(322560K) Eden: 288143K(288256K)->0K(294400K) From: 192K(29696K)->880K(28160K)
[83.596s][info][gc,heap        ] GC(582) ParOldGen: 79695K(699392K)->79743K(699392K)
[83.596s][info][gc,metaspace   ] GC(582) Metaspace: 140917K(142784K)->140917K(142784K) NonClass: 123559K(124544K)->123559K(124544K) Class: 17357K(18240K)->17357K(18240K)
[83.596s][info][gc             ] GC(582) Pause Young (Allocation Failure) 359M->78M(998M) 1.353ms
[83.596s][info][gc,cpu         ] GC(582) User=0.00s Sys=0.00s Real=0.00s
[83.723s][info][gc,start       ] GC(583) Pause Young (Allocation Failure)
[83.728s][info][gc,heap        ] GC(583) PSYoungGen: 294894K(322560K)->26611K(321024K) Eden: 294013K(294400K)->0K(294400K) From: 880K(28160K)->26611K(26624K)
[83.728s][info][gc,heap        ] GC(583) ParOldGen: 79743K(699392K)->85847K(699392K)
[83.728s][info][gc,metaspace   ] GC(583) Metaspace: 140917K(142784K)->140917K(142784K) NonClass: 123559K(124544K)->123559K(124544K) Class: 17357K(18240K)->17357K(18240K)
[83.728s][info][gc             ] GC(583) Pause Young (Allocation Failure) 365M->109M(996M) 5.535ms
[83.728s][info][gc,cpu         ] GC(583) User=0.00s Sys=0.00s Real=0.00s
[83.821s][info][gc,start       ] GC(584) Pause Young (System.gc())
[83.822s][info][gc,heap        ] GC(584) PSYoungGen: 106296K(321024K)->532K(310784K) Eden: 79684K(294400K)->0K(282624K) From: 26611K(26624K)->532K(28160K)
[83.822s][info][gc,heap        ] GC(584) ParOldGen: 85847K(699392K)->86142K(699392K)
[83.822s][info][gc,metaspace   ] GC(584) Metaspace: 140918K(142784K)->140918K(142784K) NonClass: 123561K(124544K)->123561K(124544K) Class: 17357K(18240K)->17357K(18240K)
[83.822s][info][gc             ] GC(584) Pause Young (System.gc()) 187M->84M(986M) 0.914ms
[83.822s][info][gc,cpu         ] GC(584) User=0.00s Sys=0.00s Real=0.00s
[83.822s][info][gc,start       ] GC(585) Pause Full (System.gc())
[83.822s][info][gc,phases,start] GC(585) Marking Phase
[83.884s][info][gc,phases      ] GC(585) Marking Phase 61.533ms
[83.884s][info][gc,phases,start] GC(585) Summary Phase
[83.884s][info][gc,phases      ] GC(585) Summary Phase 0.010ms
[83.884s][info][gc,phases,start] GC(585) Adjust Roots
[83.905s][info][gc,phases      ] GC(585) Adjust Roots 21.087ms
[83.905s][info][gc,phases,start] GC(585) Compaction Phase
[83.913s][info][gc,phases      ] GC(585) Compaction Phase 7.881ms
[83.913s][info][gc,phases,start] GC(585) Post Compact
[83.914s][info][gc,phases      ] GC(585) Post Compact 0.765ms
[83.914s][info][gc,heap        ] GC(585) PSYoungGen: 532K(310784K)->0K(310784K) Eden: 0K(282624K)->0K(282624K) From: 532K(28160K)->0K(28160K)
[83.914s][info][gc,heap        ] GC(585) ParOldGen: 86142K(699392K)->76386K(699392K)
[83.914s][info][gc,metaspace   ] GC(585) Metaspace: 140918K(142784K)->140891K(142784K) NonClass: 123561K(124544K)->123538K(124544K) Class: 17357K(18240K)->17353K(18240K)
[83.914s][info][gc             ] GC(585) Pause Full (System.gc()) 84M->74M(986M) 91.593ms
[83.914s][info][gc,cpu         ] GC(585) User=0.06s Sys=0.00s Real=0.08s
[84.113s][info][gc,start       ] GC(586) Pause Young (Allocation Failure)
[84.114s][info][gc,heap        ] GC(586) PSYoungGen: 282624K(310784K)->2270K(315904K) Eden: 282624K(282624K)->0K(282624K) From: 0K(28160K)->2270K(33280K)
[84.114s][info][gc,heap        ] GC(586) ParOldGen: 76386K(699392K)->76394K(699392K)
[84.114s][info][gc,metaspace   ] GC(586) Metaspace: 140921K(142784K)->140921K(142784K) NonClass: 123563K(124544K)->123563K(124544K) Class: 17357K(18240K)->17357K(18240K)
[84.114s][info][gc             ] GC(586) Pause Young (Allocation Failure) 350M->76M(991M) 1.811ms
[84.114s][info][gc,cpu         ] GC(586) User=0.00s Sys=0.00s Real=0.00s
[84.198s][info][gc,start       ] GC(587) Pause Young (Allocation Failure)
[84.200s][info][gc,heap        ] GC(587) PSYoungGen: 284894K(315904K)->2521K(319488K) Eden: 282624K(282624K)->0K(287744K) From: 2270K(33280K)->2521K(31744K)
[84.200s][info][gc,heap        ] GC(587) ParOldGen: 76394K(699392K)->77617K(699392K)
[84.200s][info][gc,metaspace   ] GC(587) Metaspace: 140921K(142784K)->140921K(142784K) NonClass: 123563K(124544K)->123563K(124544K) Class: 17357K(18240K)->17357K(18240K)
[84.200s][info][gc             ] GC(587) Pause Young (Allocation Failure) 352M->78M(995M) 1.996ms
[84.200s][info][gc,cpu         ] GC(587) User=0.00s Sys=0.00s Real=0.00s
[84.262s][info][gc,start       ] GC(588) Pause Young (Allocation Failure)
[84.263s][info][gc,heap        ] GC(588) PSYoungGen: 290265K(319488K)->192K(317440K) Eden: 287744K(287744K)->0K(287744K) From: 2521K(31744K)->192K(29696K)
[84.263s][info][gc,heap        ] GC(588) ParOldGen: 77617K(699392K)->79383K(699392K)
[84.263s][info][gc,metaspace   ] GC(588) Metaspace: 140921K(142784K)->140921K(142784K) NonClass: 123563K(124544K)->123563K(124544K) Class: 17357K(18240K)->17357K(18240K)
[84.263s][info][gc             ] GC(588) Pause Young (Allocation Failure) 359M->77M(993M) 1.244ms
[84.263s][info][gc,cpu         ] GC(588) User=0.00s Sys=0.00s Real=0.00s
[84.384s][info][gc,start       ] GC(589) Pause Young (Allocation Failure)
[84.384s][info][gc,heap        ] GC(589) PSYoungGen: 287936K(317440K)->750K(322048K) Eden: 287744K(287744K)->0K(293376K) From: 192K(29696K)->750K(28672K)
[84.384s][info][gc,heap        ] GC(589) ParOldGen: 79383K(699392K)->79415K(699392K)
[84.384s][info][gc,metaspace   ] GC(589) Metaspace: 140921K(142784K)->140921K(142784K) NonClass: 123564K(124544K)->123564K(124544K) Class: 17357K(18240K)->17357K(18240K)
[84.385s][info][gc             ] GC(589) Pause Young (Allocation Failure) 358M->78M(997M) 0.984ms
[84.385s][info][gc,cpu         ] GC(589) User=0.00s Sys=0.00s Real=0.00s
[84.514s][info][gc,start       ] GC(590) Pause Young (Allocation Failure)
[84.519s][info][gc,heap        ] GC(590) PSYoungGen: 293583K(322048K)->27123K(320512K) Eden: 292832K(293376K)->0K(293376K) From: 750K(28672K)->27123K(27136K)
[84.519s][info][gc,heap        ] GC(590) ParOldGen: 79415K(699392K)->84831K(699392K)
[84.519s][info][gc,metaspace   ] GC(590) Metaspace: 140922K(142784K)->140922K(142784K) NonClass: 123564K(124544K)->123564K(124544K) Class: 17357K(18240K)->17357K(18240K)
[84.519s][info][gc             ] GC(590) Pause Young (Allocation Failure) 364M->109M(996M) 5.282ms
[84.519s][info][gc,cpu         ] GC(590) User=0.00s Sys=0.00s Real=0.00s
[84.611s][info][gc,start       ] GC(591) Pause Young (System.gc())
[84.612s][info][gc,heap        ] GC(591) PSYoungGen: 107854K(320512K)->500K(310272K) Eden: 80731K(293376K)->0K(281600K) From: 27123K(27136K)->500K(28672K)
[84.612s][info][gc,heap        ] GC(591) ParOldGen: 84831K(699392K)->85126K(699392K)
[84.612s][info][gc,metaspace   ] GC(591) Metaspace: 140922K(142784K)->140922K(142784K) NonClass: 123564K(124544K)->123564K(124544K) Class: 17357K(18240K)->17357K(18240K)
[84.612s][info][gc             ] GC(591) Pause Young (System.gc()) 188M->83M(986M) 0.832ms
[84.612s][info][gc,cpu         ] GC(591) User=0.00s Sys=0.00s Real=0.00s
[84.612s][info][gc,start       ] GC(592) Pause Full (System.gc())
[84.612s][info][gc,phases,start] GC(592) Marking Phase
[84.678s][info][gc,phases      ] GC(592) Marking Phase 65.911ms
[84.678s][info][gc,phases,start] GC(592) Summary Phase
[84.678s][info][gc,phases      ] GC(592) Summary Phase 0.010ms
[84.678s][info][gc,phases,start] GC(592) Adjust Roots
[84.699s][info][gc,phases      ] GC(592) Adjust Roots 21.192ms
[84.699s][info][gc,phases,start] GC(592) Compaction Phase
[84.707s][info][gc,phases      ] GC(592) Compaction Phase 7.960ms
[84.707s][info][gc,phases,start] GC(592) Post Compact
[84.708s][info][gc,phases      ] GC(592) Post Compact 0.741ms
[84.708s][info][gc,heap        ] GC(592) PSYoungGen: 500K(310272K)->0K(310272K) Eden: 0K(281600K)->0K(281600K) From: 500K(28672K)->0K(28672K)
[84.708s][info][gc,heap        ] GC(592) ParOldGen: 85126K(699392K)->76491K(699392K)
[84.708s][info][gc,metaspace   ] GC(592) Metaspace: 140922K(142784K)->140895K(142784K) NonClass: 123564K(124544K)->123542K(124544K) Class: 17357K(18240K)->17353K(18240K)
[84.708s][info][gc             ] GC(592) Pause Full (System.gc()) 83M->74M(986M) 96.131ms
[84.708s][info][gc,cpu         ] GC(592) User=0.11s Sys=0.00s Real=0.09s
[84.902s][info][gc,start       ] GC(593) Pause Young (Allocation Failure)
[84.904s][info][gc,heap        ] GC(593) PSYoungGen: 281600K(310272K)->2270K(315392K) Eden: 281600K(281600K)->0K(281600K) From: 0K(28672K)->2270K(33792K)
[84.904s][info][gc,heap        ] GC(593) ParOldGen: 76491K(699392K)->76499K(699392K)
[84.904s][info][gc,metaspace   ] GC(593) Metaspace: 140996K(142848K)->140996K(142848K) NonClass: 123621K(124608K)->123621K(124608K) Class: 17374K(18240K)->17374K(18240K)
[84.904s][info][gc             ] GC(593) Pause Young (Allocation Failure) 349M->76M(991M) 1.884ms
[84.904s][info][gc,cpu         ] GC(593) User=0.00s Sys=0.00s Real=0.00s
[84.987s][info][gc,start       ] GC(594) Pause Young (Allocation Failure)
[84.989s][info][gc,heap        ] GC(594) PSYoungGen: 283870K(315392K)->2576K(318976K) Eden: 281600K(281600K)->0K(287232K) From: 2270K(33792K)->2576K(31744K)
[84.989s][info][gc,heap        ] GC(594) ParOldGen: 76499K(699392K)->77736K(699392K)
[84.989s][info][gc,metaspace   ] GC(594) Metaspace: 140996K(142848K)->140996K(142848K) NonClass: 123621K(124608K)->123621K(124608K) Class: 17374K(18240K)->17374K(18240K)
[84.989s][info][gc             ] GC(594) Pause Young (Allocation Failure) 351M->78M(994M) 2.112ms
[84.989s][info][gc,cpu         ] GC(594) User=0.00s Sys=0.00s Real=0.00s
[85.052s][info][gc,start       ] GC(595) Pause Young (Allocation Failure)
[85.053s][info][gc,heap        ] GC(595) PSYoungGen: 289808K(318976K)->192K(317440K) Eden: 287232K(287232K)->0K(287232K) From: 2576K(31744K)->192K(30208K)
[85.053s][info][gc,heap        ] GC(595) ParOldGen: 77736K(699392K)->79646K(699392K)
[85.053s][info][gc,metaspace   ] GC(595) Metaspace: 140996K(142848K)->140996K(142848K) NonClass: 123621K(124608K)->123621K(124608K) Class: 17374K(18240K)->17374K(18240K)
[85.053s][info][gc             ] GC(595) Pause Young (Allocation Failure) 358M->77M(993M) 1.337ms
[85.053s][info][gc,cpu         ] GC(595) User=0.00s Sys=0.00s Real=0.00s
[85.170s][info][gc,start       ] GC(596) Pause Young (Allocation Failure)
[85.172s][info][gc,heap        ] GC(596) PSYoungGen: 287391K(317440K)->644K(322048K) Eden: 287199K(287232K)->0K(293376K) From: 192K(30208K)->644K(28672K)
[85.172s][info][gc,heap        ] GC(596) ParOldGen: 79646K(699392K)->79686K(699392K)
[85.172s][info][gc,metaspace   ] GC(596) Metaspace: 140996K(142848K)->140996K(142848K) NonClass: 123621K(124608K)->123621K(124608K) Class: 17374K(18240K)->17374K(18240K)
[85.172s][info][gc             ] GC(596) Pause Young (Allocation Failure) 358M->78M(997M) 1.415ms
[85.172s][info][gc,cpu         ] GC(596) User=0.00s Sys=0.00s Real=0.00s
[85.302s][info][gc,start       ] GC(597) Pause Young (Allocation Failure)
[85.307s][info][gc,heap        ] GC(597) PSYoungGen: 290724K(322048K)->27123K(320512K) Eden: 290080K(293376K)->0K(293376K) From: 644K(28672K)->27123K(27136K)
[85.307s][info][gc,heap        ] GC(597) ParOldGen: 79686K(699392K)->83534K(699392K)
[85.307s][info][gc,metaspace   ] GC(597) Metaspace: 140998K(142848K)->140998K(142848K) NonClass: 123624K(124608K)->123624K(124608K) Class: 17374K(18240K)->17374K(18240K)
[85.307s][info][gc             ] GC(597) Pause Young (Allocation Failure) 361M->108M(996M) 5.134ms
[85.307s][info][gc,cpu         ] GC(597) User=0.00s Sys=0.00s Real=0.00s
[85.404s][info][gc,start       ] GC(598) Pause Young (System.gc())
[85.405s][info][gc,heap        ] GC(598) PSYoungGen: 112444K(320512K)->500K(311296K) Eden: 85320K(293376K)->0K(282624K) From: 27123K(27136K)->500K(28672K)
[85.405s][info][gc,heap        ] GC(598) ParOldGen: 83534K(699392K)->83914K(699392K)
[85.405s][info][gc,metaspace   ] GC(598) Metaspace: 140999K(142848K)->140999K(142848K) NonClass: 123624K(124608K)->123624K(124608K) Class: 17374K(18240K)->17374K(18240K)
[85.405s][info][gc             ] GC(598) Pause Young (System.gc()) 191M->82M(987M) 0.834ms
[85.405s][info][gc,cpu         ] GC(598) User=0.00s Sys=0.00s Real=0.00s
[85.405s][info][gc,start       ] GC(599) Pause Full (System.gc())
[85.405s][info][gc,phases,start] GC(599) Marking Phase
[85.471s][info][gc,phases      ] GC(599) Marking Phase 66.450ms
[85.471s][info][gc,phases,start] GC(599) Summary Phase
[85.471s][info][gc,phases      ] GC(599) Summary Phase 0.010ms
[85.471s][info][gc,phases,start] GC(599) Adjust Roots
[85.493s][info][gc,phases      ] GC(599) Adjust Roots 21.789ms
[85.493s][info][gc,phases,start] GC(599) Compaction Phase
[85.505s][info][gc,phases      ] GC(599) Compaction Phase 11.424ms
[85.505s][info][gc,phases,start] GC(599) Post Compact
[85.506s][info][gc,phases      ] GC(599) Post Compact 0.994ms
[85.506s][info][gc,heap        ] GC(599) PSYoungGen: 500K(311296K)->0K(311296K) Eden: 0K(282624K)->0K(282624K) From: 500K(28672K)->0K(28672K)
[85.506s][info][gc,heap        ] GC(599) ParOldGen: 83914K(699392K)->76754K(699392K)
[85.506s][info][gc,metaspace   ] GC(599) Metaspace: 140999K(142848K)->140972K(142848K) NonClass: 123624K(124608K)->123602K(124608K) Class: 17374K(18240K)->17370K(18240K)
[85.506s][info][gc             ] GC(599) Pause Full (System.gc()) 82M->74M(987M) 100.986ms
[85.506s][info][gc,cpu         ] GC(599) User=0.16s Sys=0.00s Real=0.09s
[85.703s][info][gc,start       ] GC(600) Pause Young (Allocation Failure)
[85.705s][info][gc,heap        ] GC(600) PSYoungGen: 282624K(311296K)->2270K(315904K) Eden: 282624K(282624K)->0K(282624K) From: 0K(28672K)->2270K(33280K)
[85.705s][info][gc,heap        ] GC(600) ParOldGen: 76754K(699392K)->76754K(699392K)
[85.705s][info][gc,metaspace   ] GC(600) Metaspace: 141024K(142848K)->141024K(142848K) NonClass: 123650K(124608K)->123650K(124608K) Class: 17374K(18240K)->17374K(18240K)
[85.705s][info][gc             ] GC(600) Pause Young (Allocation Failure) 350M->77M(991M) 1.853ms
[85.705s][info][gc,cpu         ] GC(600) User=0.00s Sys=0.00s Real=0.00s
[85.788s][info][gc,start       ] GC(601) Pause Young (Allocation Failure)
[85.790s][info][gc,heap        ] GC(601) PSYoungGen: 284894K(315904K)->2564K(319488K) Eden: 282624K(282624K)->0K(288256K) From: 2270K(33280K)->2564K(31232K)
[85.790s][info][gc,heap        ] GC(601) ParOldGen: 76754K(699392K)->77975K(699392K)
[85.790s][info][gc,metaspace   ] GC(601) Metaspace: 141024K(142848K)->141024K(142848K) NonClass: 123650K(124608K)->123650K(124608K) Class: 17374K(18240K)->17374K(18240K)
[85.790s][info][gc             ] GC(601) Pause Young (Allocation Failure) 353M->78M(995M) 2.013ms
[85.790s][info][gc,cpu         ] GC(601) User=0.00s Sys=0.00s Real=0.00s
[85.852s][info][gc,start       ] GC(602) Pause Young (Allocation Failure)
[85.853s][info][gc,heap        ] GC(602) PSYoungGen: 290820K(319488K)->192K(317952K) Eden: 288256K(288256K)->0K(288256K) From: 2564K(31232K)->192K(29696K)
[85.853s][info][gc,heap        ] GC(602) ParOldGen: 77975K(699392K)->79742K(699392K)
[85.853s][info][gc,metaspace   ] GC(602) Metaspace: 141024K(142848K)->141024K(142848K) NonClass: 123650K(124608K)->123650K(124608K) Class: 17374K(18240K)->17374K(18240K)
[85.853s][info][gc             ] GC(602) Pause Young (Allocation Failure) 360M->78M(993M) 1.298ms
[85.853s][info][gc,cpu         ] GC(602) User=0.00s Sys=0.00s Real=0.00s
[85.979s][info][gc,start       ] GC(603) Pause Young (Allocation Failure)
[85.980s][info][gc,heap        ] GC(603) PSYoungGen: 287679K(317952K)->940K(322560K) Eden: 287487K(288256K)->0K(294400K) From: 192K(29696K)->940K(28160K)
[85.980s][info][gc,heap        ] GC(603) ParOldGen: 79742K(699392K)->79774K(699392K)
[85.980s][info][gc,metaspace   ] GC(603) Metaspace: 141024K(142848K)->141024K(142848K) NonClass: 123650K(124608K)->123650K(124608K) Class: 17374K(18240K)->17374K(18240K)
[85.980s][info][gc             ] GC(603) Pause Young (Allocation Failure) 358M->78M(998M) 1.155ms
[85.980s][info][gc,cpu         ] GC(603) User=0.00s Sys=0.00s Real=0.00s
[86.130s][info][gc,start       ] GC(604) Pause Young (Allocation Failure)
[86.135s][info][gc,heap        ] GC(604) PSYoungGen: 295340K(322560K)->26618K(321024K) Eden: 294400K(294400K)->0K(294400K) From: 940K(28160K)->26618K(26624K)
[86.135s][info][gc,heap        ] GC(604) ParOldGen: 79774K(699392K)->84829K(699392K)
[86.135s][info][gc,metaspace   ] GC(604) Metaspace: 141030K(142848K)->141030K(142848K) NonClass: 123655K(124608K)->123655K(124608K) Class: 17374K(18240K)->17374K(18240K)
[86.135s][info][gc             ] GC(604) Pause Young (Allocation Failure) 366M->108M(996M) 5.314ms
[86.135s][info][gc,cpu         ] GC(604) User=0.00s Sys=0.00s Real=0.00s
[86.204s][info][gc,start       ] GC(605) Pause Young (System.gc())
[86.204s][info][gc,heap        ] GC(605) PSYoungGen: 103287K(321024K)->500K(310784K) Eden: 76668K(294400K)->0K(282624K) From: 26618K(26624K)->500K(28160K)
[86.204s][info][gc,heap        ] GC(605) ParOldGen: 84829K(699392K)->84900K(699392K)
[86.204s][info][gc,metaspace   ] GC(605) Metaspace: 141030K(142848K)->141030K(142848K) NonClass: 123655K(124608K)->123655K(124608K) Class: 17374K(18240K)->17374K(18240K)
[86.204s][info][gc             ] GC(605) Pause Young (System.gc()) 183M->83M(986M) 0.767ms
[86.205s][info][gc,cpu         ] GC(605) User=0.00s Sys=0.00s Real=0.00s
[86.205s][info][gc,start       ] GC(606) Pause Full (System.gc())
[86.205s][info][gc,phases,start] GC(606) Marking Phase
[86.271s][info][gc,phases      ] GC(606) Marking Phase 66.465ms
[86.271s][info][gc,phases,start] GC(606) Summary Phase
[86.271s][info][gc,phases      ] GC(606) Summary Phase 0.010ms
[86.271s][info][gc,phases,start] GC(606) Adjust Roots
[86.292s][info][gc,phases      ] GC(606) Adjust Roots 21.340ms
[86.293s][info][gc,phases,start] GC(606) Compaction Phase
[86.301s][info][gc,phases      ] GC(606) Compaction Phase 8.661ms
[86.301s][info][gc,phases,start] GC(606) Post Compact
[86.302s][info][gc,phases      ] GC(606) Post Compact 0.727ms
[86.302s][info][gc,heap        ] GC(606) PSYoungGen: 500K(310784K)->0K(310784K) Eden: 0K(282624K)->0K(282624K) From: 500K(28160K)->0K(28160K)
[86.302s][info][gc,heap        ] GC(606) ParOldGen: 84900K(699392K)->76422K(699392K)
[86.302s][info][gc,metaspace   ] GC(606) Metaspace: 141030K(142848K)->141003K(142848K) NonClass: 123655K(124608K)->123632K(124608K) Class: 17374K(18240K)->17370K(18240K)
[86.302s][info][gc             ] GC(606) Pause Full (System.gc()) 83M->74M(986M) 97.511ms
[86.302s][info][gc,cpu         ] GC(606) User=0.17s Sys=0.00s Real=0.09s
[86.508s][info][gc,start       ] GC(607) Pause Young (Allocation Failure)
[86.510s][info][gc,heap        ] GC(607) PSYoungGen: 282624K(310784K)->2270K(315904K) Eden: 282624K(282624K)->0K(282624K) From: 0K(28160K)->2270K(33280K)
[86.510s][info][gc,heap        ] GC(607) ParOldGen: 76422K(699392K)->76430K(699392K)
[86.510s][info][gc,metaspace   ] GC(607) Metaspace: 141190K(142976K)->141190K(142976K) NonClass: 123816K(124736K)->123816K(124736K) Class: 17374K(18240K)->17374K(18240K)
[86.510s][info][gc             ] GC(607) Pause Young (Allocation Failure) 350M->76M(991M) 1.899ms
[86.510s][info][gc,cpu         ] GC(607) User=0.00s Sys=0.00s Real=0.01s
[86.594s][info][gc,start       ] GC(608) Pause Young (Allocation Failure)
[86.596s][info][gc,heap        ] GC(608) PSYoungGen: 284894K(315904K)->2553K(319488K) Eden: 282624K(282624K)->0K(288256K) From: 2270K(33280K)->2553K(31232K)
[86.596s][info][gc,heap        ] GC(608) ParOldGen: 76430K(699392K)->77647K(699392K)
[86.596s][info][gc,metaspace   ] GC(608) Metaspace: 141204K(143040K)->141204K(143040K) NonClass: 123830K(124800K)->123830K(124800K) Class: 17374K(18240K)->17374K(18240K)
[86.596s][info][gc             ] GC(608) Pause Young (Allocation Failure) 352M->78M(995M) 2.002ms
[86.596s][info][gc,cpu         ] GC(608) User=0.00s Sys=0.00s Real=0.00s
[86.658s][info][gc,start       ] GC(609) Pause Young (Allocation Failure)
[86.660s][info][gc,heap        ] GC(609) PSYoungGen: 290809K(319488K)->192K(317952K) Eden: 288256K(288256K)->0K(288256K) From: 2553K(31232K)->192K(29696K)
[86.660s][info][gc,heap        ] GC(609) ParOldGen: 77647K(699392K)->79402K(699392K)
[86.660s][info][gc,metaspace   ] GC(609) Metaspace: 141205K(143040K)->141205K(143040K) NonClass: 123831K(124800K)->123831K(124800K) Class: 17374K(18240K)->17374K(18240K)
[86.660s][info][gc             ] GC(609) Pause Young (Allocation Failure) 359M->77M(993M) 1.284ms
[86.660s][info][gc,cpu         ] GC(609) User=0.00s Sys=0.00s Real=0.00s
[86.781s][info][gc,start       ] GC(610) Pause Young (Allocation Failure)
[86.782s][info][gc,heap        ] GC(610) PSYoungGen: 288432K(317952K)->876K(322560K) Eden: 288240K(288256K)->0K(294400K) From: 192K(29696K)->876K(28160K)
[86.782s][info][gc,heap        ] GC(610) ParOldGen: 79402K(699392K)->79434K(699392K)
[86.782s][info][gc,metaspace   ] GC(610) Metaspace: 141215K(143040K)->141215K(143040K) NonClass: 123840K(124800K)->123840K(124800K) Class: 17374K(18240K)->17374K(18240K)
[86.782s][info][gc             ] GC(610) Pause Young (Allocation Failure) 359M->78M(998M) 1.335ms
[86.782s][info][gc,cpu         ] GC(610) User=0.00s Sys=0.00s Real=0.00s
[86.932s][info][gc,start       ] GC(611) Pause Young (Allocation Failure)
[86.938s][info][gc,heap        ] GC(611) PSYoungGen: 295276K(322560K)->26618K(321024K) Eden: 294400K(294400K)->0K(294400K) From: 876K(28160K)->26618K(26624K)
[86.938s][info][gc,heap        ] GC(611) ParOldGen: 79434K(699392K)->84481K(699392K)
[86.938s][info][gc,metaspace   ] GC(611) Metaspace: 141218K(143040K)->141218K(143040K) NonClass: 123843K(124800K)->123843K(124800K) Class: 17374K(18240K)->17374K(18240K)
[86.938s][info][gc             ] GC(611) Pause Young (Allocation Failure) 365M->108M(996M) 5.451ms
[86.938s][info][gc,cpu         ] GC(611) User=0.02s Sys=0.00s Real=0.02s
[87.007s][info][gc,start       ] GC(612) Pause Young (System.gc())
[87.008s][info][gc,heap        ] GC(612) PSYoungGen: 103580K(321024K)->500K(310784K) Eden: 76962K(294400K)->0K(282624K) From: 26618K(26624K)->500K(28160K)
[87.008s][info][gc,heap        ] GC(612) ParOldGen: 84481K(699392K)->84552K(699392K)
[87.008s][info][gc,metaspace   ] GC(612) Metaspace: 141225K(143040K)->141225K(143040K) NonClass: 123851K(124800K)->123851K(124800K) Class: 17374K(18240K)->17374K(18240K)
[87.008s][info][gc             ] GC(612) Pause Young (System.gc()) 183M->83M(986M) 0.862ms
[87.008s][info][gc,cpu         ] GC(612) User=0.00s Sys=0.00s Real=0.00s
[87.008s][info][gc,start       ] GC(613) Pause Full (System.gc())
[87.008s][info][gc,phases,start] GC(613) Marking Phase
[87.072s][info][gc,phases      ] GC(613) Marking Phase 64.143ms
[87.072s][info][gc,phases,start] GC(613) Summary Phase
[87.072s][info][gc,phases      ] GC(613) Summary Phase 0.010ms
[87.072s][info][gc,phases,start] GC(613) Adjust Roots
[87.094s][info][gc,phases      ] GC(613) Adjust Roots 21.570ms
[87.094s][info][gc,phases,start] GC(613) Compaction Phase
[87.102s][info][gc,phases      ] GC(613) Compaction Phase 8.417ms
[87.102s][info][gc,phases,start] GC(613) Post Compact
[87.103s][info][gc,phases      ] GC(613) Post Compact 0.787ms
[87.103s][info][gc,heap        ] GC(613) PSYoungGen: 500K(310784K)->0K(310784K) Eden: 0K(282624K)->0K(282624K) From: 500K(28160K)->0K(28160K)
[87.103s][info][gc,heap        ] GC(613) ParOldGen: 84552K(699392K)->76525K(699392K)
[87.103s][info][gc,metaspace   ] GC(613) Metaspace: 141225K(143040K)->141199K(143040K) NonClass: 123851K(124800K)->123829K(124800K) Class: 17374K(18240K)->17370K(18240K)
[87.103s][info][gc             ] GC(613) Pause Full (System.gc()) 83M->74M(986M) 95.235ms
[87.103s][info][gc,cpu         ] GC(613) User=0.11s Sys=0.00s Real=0.10s
[87.307s][info][gc,start       ] GC(614) Pause Young (Allocation Failure)
[87.309s][info][gc,heap        ] GC(614) PSYoungGen: 282624K(310784K)->2218K(315904K) Eden: 282624K(282624K)->0K(282624K) From: 0K(28160K)->2218K(33280K)
[87.309s][info][gc,heap        ] GC(614) ParOldGen: 76525K(699392K)->76525K(699392K)
[87.309s][info][gc,metaspace   ] GC(614) Metaspace: 141248K(143040K)->141248K(143040K) NonClass: 123873K(124800K)->123873K(124800K) Class: 17374K(18240K)->17374K(18240K)
[87.309s][info][gc             ] GC(614) Pause Young (Allocation Failure) 350M->76M(991M) 1.963ms
[87.309s][info][gc,cpu         ] GC(614) User=0.02s Sys=0.00s Real=0.02s
[87.392s][info][gc,start       ] GC(615) Pause Young (Allocation Failure)
[87.394s][info][gc,heap        ] GC(615) PSYoungGen: 284842K(315904K)->2585K(319488K) Eden: 282624K(282624K)->0K(288256K) From: 2218K(33280K)->2585K(31232K)
[87.394s][info][gc,heap        ] GC(615) ParOldGen: 76525K(699392K)->77756K(699392K)
[87.394s][info][gc,metaspace   ] GC(615) Metaspace: 141249K(143040K)->141249K(143040K) NonClass: 123875K(124800K)->123875K(124800K) Class: 17374K(18240K)->17374K(18240K)
[87.394s][info][gc             ] GC(615) Pause Young (Allocation Failure) 352M->78M(995M) 2.053ms
[87.394s][info][gc,cpu         ] GC(615) User=0.00s Sys=0.00s Real=0.00s
[87.456s][info][gc,start       ] GC(616) Pause Young (Allocation Failure)
[87.457s][info][gc,heap        ] GC(616) PSYoungGen: 290841K(319488K)->192K(317952K) Eden: 288256K(288256K)->0K(288256K) From: 2585K(31232K)->192K(29696K)
[87.457s][info][gc,heap        ] GC(616) ParOldGen: 77756K(699392K)->79519K(699392K)
[87.457s][info][gc,metaspace   ] GC(616) Metaspace: 141249K(143040K)->141249K(143040K) NonClass: 123875K(124800K)->123875K(124800K) Class: 17374K(18240K)->17374K(18240K)
[87.457s][info][gc             ] GC(616) Pause Young (Allocation Failure) 359M->77M(993M) 1.375ms
[87.457s][info][gc,cpu         ] GC(616) User=0.00s Sys=0.00s Real=0.00s
[87.583s][info][gc,start       ] GC(617) Pause Young (Allocation Failure)
[87.584s][info][gc,heap        ] GC(617) PSYoungGen: 286468K(317952K)->863K(322560K) Eden: 286276K(288256K)->0K(294400K) From: 192K(29696K)->863K(28160K)
[87.584s][info][gc,heap        ] GC(617) ParOldGen: 79519K(699392K)->79559K(699392K)
[87.584s][info][gc,metaspace   ] GC(617) Metaspace: 141249K(143040K)->141249K(143040K) NonClass: 123875K(124800K)->123875K(124800K) Class: 17374K(18240K)->17374K(18240K)
[87.584s][info][gc             ] GC(617) Pause Young (Allocation Failure) 357M->78M(998M) 1.335ms
[87.584s][info][gc,cpu         ] GC(617) User=0.00s Sys=0.00s Real=0.00s
[87.735s][info][gc,start       ] GC(618) Pause Young (Allocation Failure)
[87.740s][info][gc,heap        ] GC(618) PSYoungGen: 295263K(322560K)->26618K(321024K) Eden: 294400K(294400K)->0K(294400K) From: 863K(28160K)->26618K(26624K)
[87.740s][info][gc,heap        ] GC(618) ParOldGen: 79559K(699392K)->84606K(699392K)
[87.740s][info][gc,metaspace   ] GC(618) Metaspace: 141251K(143040K)->141251K(143040K) NonClass: 123876K(124800K)->123876K(124800K) Class: 17374K(18240K)->17374K(18240K)
[87.740s][info][gc             ] GC(618) Pause Young (Allocation Failure) 366M->108M(996M) 5.456ms
[87.740s][info][gc,cpu         ] GC(618) User=0.02s Sys=0.00s Real=0.02s
[87.808s][info][gc,start       ] GC(619) Pause Young (System.gc())
[87.809s][info][gc,heap        ] GC(619) PSYoungGen: 101662K(321024K)->500K(310784K) Eden: 75044K(294400K)->0K(282624K) From: 26618K(26624K)->500K(28160K)
[87.809s][info][gc,heap        ] GC(619) ParOldGen: 84606K(699392K)->84677K(699392K)
[87.809s][info][gc,metaspace   ] GC(619) Metaspace: 141251K(143040K)->141251K(143040K) NonClass: 123876K(124800K)->123876K(124800K) Class: 17374K(18240K)->17374K(18240K)
[87.809s][info][gc             ] GC(619) Pause Young (System.gc()) 181M->83M(986M) 0.752ms
[87.809s][info][gc,cpu         ] GC(619) User=0.00s Sys=0.00s Real=0.00s
[87.809s][info][gc,start       ] GC(620) Pause Full (System.gc())
[87.809s][info][gc,phases,start] GC(620) Marking Phase
[87.872s][info][gc,phases      ] GC(620) Marking Phase 63.039ms
[87.872s][info][gc,phases,start] GC(620) Summary Phase
[87.872s][info][gc,phases      ] GC(620) Summary Phase 0.009ms
[87.872s][info][gc,phases,start] GC(620) Adjust Roots
[87.894s][info][gc,phases      ] GC(620) Adjust Roots 21.701ms
[87.894s][info][gc,phases,start] GC(620) Compaction Phase
[87.905s][info][gc,phases      ] GC(620) Compaction Phase 11.173ms
[87.905s][info][gc,phases,start] GC(620) Post Compact
[87.906s][info][gc,phases      ] GC(620) Post Compact 0.726ms
[87.906s][info][gc,heap        ] GC(620) PSYoungGen: 500K(310784K)->0K(310784K) Eden: 0K(282624K)->0K(282624K) From: 500K(28160K)->0K(28160K)
[87.906s][info][gc,heap        ] GC(620) ParOldGen: 84677K(699392K)->76772K(699392K)
[87.906s][info][gc,metaspace   ] GC(620) Metaspace: 141251K(143040K)->141224K(143040K) NonClass: 123876K(124800K)->123854K(124800K) Class: 17374K(18240K)->17370K(18240K)
[87.906s][info][gc             ] GC(620) Pause Full (System.gc()) 83M->74M(986M) 96.927ms
[87.906s][info][gc,cpu         ] GC(620) User=0.11s Sys=0.00s Real=0.09s
[88.098s][info][gc,start       ] GC(621) Pause Young (Allocation Failure)
[88.099s][info][gc,heap        ] GC(621) PSYoungGen: 282624K(310784K)->2078K(315904K) Eden: 282624K(282624K)->0K(282624K) From: 0K(28160K)->2078K(33280K)
[88.099s][info][gc,heap        ] GC(621) ParOldGen: 76772K(699392K)->76772K(699392K)
[88.099s][info][gc,metaspace   ] GC(621) Metaspace: 141273K(143104K)->141273K(143104K) NonClass: 123898K(124864K)->123898K(124864K) Class: 17374K(18240K)->17374K(18240K)
[88.099s][info][gc             ] GC(621) Pause Young (Allocation Failure) 350M->77M(991M) 1.791ms
[88.100s][info][gc,cpu         ] GC(621) User=0.00s Sys=0.00s Real=0.00s
[88.184s][info][gc,start       ] GC(622) Pause Young (Allocation Failure)
[88.186s][info][gc,heap        ] GC(622) PSYoungGen: 284702K(315904K)->2573K(319488K) Eden: 282624K(282624K)->0K(288256K) From: 2078K(33280K)->2573K(31232K)
[88.186s][info][gc,heap        ] GC(622) ParOldGen: 76772K(699392K)->78025K(699392K)
[88.186s][info][gc,metaspace   ] GC(622) Metaspace: 141273K(143104K)->141273K(143104K) NonClass: 123898K(124864K)->123898K(124864K) Class: 17374K(18240K)->17374K(18240K)
[88.186s][info][gc             ] GC(622) Pause Young (Allocation Failure) 353M->78M(995M) 2.030ms
[88.186s][info][gc,cpu         ] GC(622) User=0.00s Sys=0.00s Real=0.00s
[88.247s][info][gc,start       ] GC(623) Pause Young (Allocation Failure)
[88.248s][info][gc,heap        ] GC(623) PSYoungGen: 290829K(319488K)->192K(317952K) Eden: 288256K(288256K)->0K(288256K) From: 2573K(31232K)->192K(29696K)
[88.248s][info][gc,heap        ] GC(623) ParOldGen: 78025K(699392K)->79800K(699392K)
[88.248s][info][gc,metaspace   ] GC(623) Metaspace: 141273K(143104K)->141273K(143104K) NonClass: 123898K(124864K)->123898K(124864K) Class: 17374K(18240K)->17374K(18240K)
[88.248s][info][gc             ] GC(623) Pause Young (Allocation Failure) 360M->78M(993M) 1.111ms
[88.248s][info][gc,cpu         ] GC(623) User=0.00s Sys=0.00s Real=0.00s
[88.373s][info][gc,start       ] GC(624) Pause Young (Allocation Failure)
[88.374s][info][gc,heap        ] GC(624) PSYoungGen: 288447K(317952K)->637K(322560K) Eden: 288255K(288256K)->0K(294400K) From: 192K(29696K)->637K(28160K)
[88.374s][info][gc,heap        ] GC(624) ParOldGen: 79800K(699392K)->79832K(699392K)
[88.374s][info][gc,metaspace   ] GC(624) Metaspace: 141275K(143104K)->141275K(143104K) NonClass: 123900K(124864K)->123900K(124864K) Class: 17374K(18240K)->17374K(18240K)
[88.374s][info][gc             ] GC(624) Pause Young (Allocation Failure) 359M->78M(998M) 1.239ms
[88.374s][info][gc,cpu         ] GC(624) User=0.00s Sys=0.00s Real=0.00s
[88.529s][info][gc,start       ] GC(625) Pause Young (Allocation Failure)
[88.534s][info][gc,heap        ] GC(625) PSYoungGen: 295037K(322560K)->26609K(321024K) Eden: 294400K(294400K)->0K(294400K) From: 637K(28160K)->26609K(26624K)
[88.534s][info][gc,heap        ] GC(625) ParOldGen: 79832K(699392K)->85600K(699392K)
[88.534s][info][gc,metaspace   ] GC(625) Metaspace: 141275K(143104K)->141275K(143104K) NonClass: 123901K(124864K)->123901K(124864K) Class: 17374K(18240K)->17374K(18240K)
[88.534s][info][gc             ] GC(625) Pause Young (Allocation Failure) 366M->109M(996M) 5.548ms
[88.534s][info][gc,cpu         ] GC(625) User=0.00s Sys=0.00s Real=0.00s
[88.605s][info][gc,start       ] GC(626) Pause Young (System.gc())
[88.606s][info][gc,heap        ] GC(626) PSYoungGen: 103693K(321024K)->500K(310784K) Eden: 77084K(294400K)->0K(282624K) From: 26609K(26624K)->500K(28160K)
[88.606s][info][gc,heap        ] GC(626) ParOldGen: 85600K(699392K)->85903K(699392K)
[88.606s][info][gc,metaspace   ] GC(626) Metaspace: 141275K(143104K)->141275K(143104K) NonClass: 123901K(124864K)->123901K(124864K) Class: 17374K(18240K)->17374K(18240K)
[88.606s][info][gc             ] GC(626) Pause Young (System.gc()) 184M->84M(986M) 0.839ms
[88.606s][info][gc,cpu         ] GC(626) User=0.00s Sys=0.00s Real=0.00s
[88.606s][info][gc,start       ] GC(627) Pause Full (System.gc())
[88.606s][info][gc,phases,start] GC(627) Marking Phase
[88.672s][info][gc,phases      ] GC(627) Marking Phase 65.887ms
[88.672s][info][gc,phases,start] GC(627) Summary Phase
[88.672s][info][gc,phases      ] GC(627) Summary Phase 0.009ms
[88.672s][info][gc,phases,start] GC(627) Adjust Roots
[88.694s][info][gc,phases      ] GC(627) Adjust Roots 21.879ms
[88.694s][info][gc,phases,start] GC(627) Compaction Phase
[88.703s][info][gc,phases      ] GC(627) Compaction Phase 8.877ms
[88.703s][info][gc,phases,start] GC(627) Post Compact
[88.704s][info][gc,phases      ] GC(627) Post Compact 0.738ms
[88.704s][info][gc,heap        ] GC(627) PSYoungGen: 500K(310784K)->0K(310784K) Eden: 0K(282624K)->0K(282624K) From: 500K(28160K)->0K(28160K)
[88.704s][info][gc,heap        ] GC(627) ParOldGen: 85903K(699392K)->76708K(699392K)
[88.704s][info][gc,metaspace   ] GC(627) Metaspace: 141275K(143104K)->141248K(143104K) NonClass: 123901K(124864K)->123878K(124864K) Class: 17374K(18240K)->17370K(18240K)
[88.704s][info][gc             ] GC(627) Pause Full (System.gc()) 84M->74M(986M) 97.709ms
[88.704s][info][gc,cpu         ] GC(627) User=0.08s Sys=0.00s Real=0.09s
[88.905s][info][gc,start       ] GC(628) Pause Young (Allocation Failure)
[88.907s][info][gc,heap        ] GC(628) PSYoungGen: 282624K(310784K)->2037K(315904K) Eden: 282624K(282624K)->0K(282624K) From: 0K(28160K)->2037K(33280K)
[88.907s][info][gc,heap        ] GC(628) ParOldGen: 76708K(699392K)->76716K(699392K)
[88.907s][info][gc,metaspace   ] GC(628) Metaspace: 141298K(143104K)->141298K(143104K) NonClass: 123923K(124864K)->123923K(124864K) Class: 17374K(18240K)->17374K(18240K)
[88.907s][info][gc             ] GC(628) Pause Young (Allocation Failure) 350M->76M(991M) 2.074ms
[88.907s][info][gc,cpu         ] GC(628) User=0.02s Sys=0.00s Real=0.02s
[88.993s][info][gc,start       ] GC(629) Pause Young (Allocation Failure)
[88.995s][info][gc,heap        ] GC(629) PSYoungGen: 284661K(315904K)->2544K(319488K) Eden: 282624K(282624K)->0K(287744K) From: 2037K(33280K)->2544K(31744K)
[88.995s][info][gc,heap        ] GC(629) ParOldGen: 76716K(699392K)->77940K(699392K)
[88.995s][info][gc,metaspace   ] GC(629) Metaspace: 141298K(143104K)->141298K(143104K) NonClass: 123923K(124864K)->123923K(124864K) Class: 17374K(18240K)->17374K(18240K)
[88.995s][info][gc             ] GC(629) Pause Young (Allocation Failure) 352M->78M(995M) 2.160ms
[88.995s][info][gc,cpu         ] GC(629) User=0.00s Sys=0.00s Real=0.00s
[89.056s][info][gc,start       ] GC(630) Pause Young (Allocation Failure)
[89.057s][info][gc,heap        ] GC(630) PSYoungGen: 290288K(319488K)->192K(317440K) Eden: 287744K(287744K)->0K(287744K) From: 2544K(31744K)->192K(29696K)
[89.057s][info][gc,heap        ] GC(630) ParOldGen: 77940K(699392K)->79702K(699392K)
[89.057s][info][gc,metaspace   ] GC(630) Metaspace: 141298K(143104K)->141298K(143104K) NonClass: 123923K(124864K)->123923K(124864K) Class: 17374K(18240K)->17374K(18240K)
[89.057s][info][gc             ] GC(630) Pause Young (Allocation Failure) 359M->78M(993M) 1.306ms
[89.057s][info][gc,cpu         ] GC(630) User=0.00s Sys=0.00s Real=0.00s
[89.180s][info][gc,start       ] GC(631) Pause Young (Allocation Failure)
[89.181s][info][gc,heap        ] GC(631) PSYoungGen: 287886K(317440K)->698K(322048K) Eden: 287694K(287744K)->0K(293376K) From: 192K(29696K)->698K(28672K)
[89.181s][info][gc,heap        ] GC(631) ParOldGen: 79702K(699392K)->79726K(699392K)
[89.181s][info][gc,metaspace   ] GC(631) Metaspace: 141298K(143104K)->141298K(143104K) NonClass: 123923K(124864K)->123923K(124864K) Class: 17374K(18240K)->17374K(18240K)
[89.181s][info][gc             ] GC(631) Pause Young (Allocation Failure) 358M->78M(997M) 0.977ms
[89.181s][info][gc,cpu         ] GC(631) User=0.00s Sys=0.00s Real=0.00s
[89.308s][info][gc,start       ] GC(632) Pause Young (Allocation Failure)
[89.314s][info][gc,heap        ] GC(632) PSYoungGen: 293895K(322048K)->27123K(320512K) Eden: 293197K(293376K)->0K(293376K) From: 698K(28672K)->27123K(27136K)
[89.314s][info][gc,heap        ] GC(632) ParOldGen: 79726K(699392K)->85126K(699392K)
[89.314s][info][gc,metaspace   ] GC(632) Metaspace: 141298K(143104K)->141298K(143104K) NonClass: 123923K(124864K)->123923K(124864K) Class: 17374K(18240K)->17374K(18240K)
[89.314s][info][gc             ] GC(632) Pause Young (Allocation Failure) 364M->109M(996M) 5.515ms
[89.314s][info][gc,cpu         ] GC(632) User=0.00s Sys=0.00s Real=0.00s
[89.408s][info][gc,start       ] GC(633) Pause Young (System.gc())
[89.409s][info][gc,heap        ] GC(633) PSYoungGen: 106706K(320512K)->500K(310272K) Eden: 79583K(293376K)->0K(281600K) From: 27123K(27136K)->500K(28672K)
[89.409s][info][gc,heap        ] GC(633) ParOldGen: 85126K(699392K)->85421K(699392K)
[89.409s][info][gc,metaspace   ] GC(633) Metaspace: 141298K(143104K)->141298K(143104K) NonClass: 123923K(124864K)->123923K(124864K) Class: 17374K(18240K)->17374K(18240K)
[89.409s][info][gc             ] GC(633) Pause Young (System.gc()) 187M->83M(986M) 0.794ms
[89.409s][info][gc,cpu         ] GC(633) User=0.00s Sys=0.00s Real=0.00s
[89.409s][info][gc,start       ] GC(634) Pause Full (System.gc())
[89.409s][info][gc,phases,start] GC(634) Marking Phase
[89.475s][info][gc,phases      ] GC(634) Marking Phase 66.535ms
[89.475s][info][gc,phases,start] GC(634) Summary Phase
[89.475s][info][gc,phases      ] GC(634) Summary Phase 0.010ms
[89.475s][info][gc,phases,start] GC(634) Adjust Roots
[89.497s][info][gc,phases      ] GC(634) Adjust Roots 21.542ms
[89.497s][info][gc,phases,start] GC(634) Compaction Phase
[89.508s][info][gc,phases      ] GC(634) Compaction Phase 11.442ms
[89.508s][info][gc,phases,start] GC(634) Post Compact
[89.509s][info][gc,phases      ] GC(634) Post Compact 0.718ms
[89.509s][info][gc,heap        ] GC(634) PSYoungGen: 500K(310272K)->0K(310272K) Eden: 0K(281600K)->0K(281600K) From: 500K(28672K)->0K(28672K)
[89.509s][info][gc,heap        ] GC(634) ParOldGen: 85421K(699392K)->76816K(699392K)
[89.509s][info][gc,metaspace   ] GC(634) Metaspace: 141298K(143104K)->141271K(143104K) NonClass: 123923K(124864K)->123901K(124864K) Class: 17374K(18240K)->17370K(18240K)
[89.509s][info][gc             ] GC(634) Pause Full (System.gc()) 83M->75M(986M) 100.532ms
[89.509s][info][gc,cpu         ] GC(634) User=0.16s Sys=0.00s Real=0.09s
[89.709s][info][gc,start       ] GC(635) Pause Young (Allocation Failure)
[89.711s][info][gc,heap        ] GC(635) PSYoungGen: 281600K(310272K)->2067K(315392K) Eden: 281600K(281600K)->0K(281600K) From: 0K(28672K)->2067K(33792K)
[89.711s][info][gc,heap        ] GC(635) ParOldGen: 76816K(699392K)->76824K(699392K)
[89.711s][info][gc,metaspace   ] GC(635) Metaspace: 141311K(143104K)->141311K(143104K) NonClass: 123937K(124864K)->123937K(124864K) Class: 17374K(18240K)->17374K(18240K)
[89.711s][info][gc             ] GC(635) Pause Young (Allocation Failure) 350M->77M(991M) 1.738ms
[89.711s][info][gc,cpu         ] GC(635) User=0.02s Sys=0.00s Real=0.02s
[89.795s][info][gc,start       ] GC(636) Pause Young (Allocation Failure)
[89.797s][info][gc,heap        ] GC(636) PSYoungGen: 283667K(315392K)->2596K(318976K) Eden: 281600K(281600K)->0K(287232K) From: 2067K(33792K)->2596K(31744K)
[89.797s][info][gc,heap        ] GC(636) ParOldGen: 76824K(699392K)->78031K(699392K)
[89.797s][info][gc,metaspace   ] GC(636) Metaspace: 141312K(143104K)->141312K(143104K) NonClass: 123937K(124864K)->123937K(124864K) Class: 17374K(18240K)->17374K(18240K)
[89.797s][info][gc             ] GC(636) Pause Young (Allocation Failure) 352M->78M(994M) 2.011ms
[89.797s][info][gc,cpu         ] GC(636) User=0.00s Sys=0.00s Real=0.00s
[89.857s][info][gc,start       ] GC(637) Pause Young (Allocation Failure)
[89.858s][info][gc,heap        ] GC(637) PSYoungGen: 289828K(318976K)->192K(317440K) Eden: 287232K(287232K)->0K(287232K) From: 2596K(31744K)->192K(30208K)
[89.858s][info][gc,heap        ] GC(637) ParOldGen: 78031K(699392K)->79792K(699392K)
[89.858s][info][gc,metaspace   ] GC(637) Metaspace: 141312K(143104K)->141312K(143104K) NonClass: 123937K(124864K)->123937K(124864K) Class: 17374K(18240K)->17374K(18240K)
[89.858s][info][gc             ] GC(637) Pause Young (Allocation Failure) 359M->78M(993M) 1.193ms
[89.858s][info][gc,cpu         ] GC(637) User=0.00s Sys=0.00s Real=0.00s
[89.982s][info][gc,start       ] GC(638) Pause Young (Allocation Failure)
[89.984s][info][gc,heap        ] GC(638) PSYoungGen: 287363K(317440K)->740K(322048K) Eden: 287171K(287232K)->0K(293376K) From: 192K(30208K)->740K(28672K)
[89.984s][info][gc,heap        ] GC(638) ParOldGen: 79792K(699392K)->79824K(699392K)
[89.984s][info][gc,metaspace   ] GC(638) Metaspace: 141312K(143104K)->141312K(143104K) NonClass: 123937K(124864K)->123937K(124864K) Class: 17374K(18240K)->17374K(18240K)
[89.984s][info][gc             ] GC(638) Pause Young (Allocation Failure) 358M->78M(997M) 1.454ms
[89.984s][info][gc,cpu         ] GC(638) User=0.00s Sys=0.00s Real=0.00s
[90.115s][info][gc,start       ] GC(639) Pause Young (Allocation Failure)
[90.120s][info][gc,heap        ] GC(639) PSYoungGen: 290483K(322048K)->27123K(320512K) Eden: 289742K(293376K)->0K(293376K) From: 740K(28672K)->27123K(27136K)
[90.120s][info][gc,heap        ] GC(639) ParOldGen: 79824K(699392K)->83664K(699392K)
[90.120s][info][gc,metaspace   ] GC(639) Metaspace: 141312K(143104K)->141312K(143104K) NonClass: 123937K(124864K)->123937K(124864K) Class: 17374K(18240K)->17374K(18240K)
[90.120s][info][gc             ] GC(639) Pause Young (Allocation Failure) 361M->108M(996M) 5.067ms
[90.120s][info][gc,cpu         ] GC(639) User=0.00s Sys=0.00s Real=0.00s
[90.215s][info][gc,start       ] GC(640) Pause Young (System.gc())
[90.216s][info][gc,heap        ] GC(640) PSYoungGen: 114001K(320512K)->500K(311296K) Eden: 86877K(293376K)->0K(282624K) From: 27123K(27136K)->500K(28672K)
[90.216s][info][gc,heap        ] GC(640) ParOldGen: 83664K(699392K)->84266K(699392K)
[90.216s][info][gc,metaspace   ] GC(640) Metaspace: 141312K(143104K)->141312K(143104K) NonClass: 123937K(124864K)->123937K(124864K) Class: 17374K(18240K)->17374K(18240K)
[90.216s][info][gc             ] GC(640) Pause Young (System.gc()) 193M->82M(987M) 0.910ms
[90.216s][info][gc,cpu         ] GC(640) User=0.00s Sys=0.00s Real=0.00s
[90.216s][info][gc,start       ] GC(641) Pause Full (System.gc())
[90.216s][info][gc,phases,start] GC(641) Marking Phase
[90.279s][info][gc,phases      ] GC(641) Marking Phase 63.496ms
[90.280s][info][gc,phases,start] GC(641) Summary Phase
[90.280s][info][gc,phases      ] GC(641) Summary Phase 0.009ms
[90.280s][info][gc,phases,start] GC(641) Adjust Roots
[90.301s][info][gc,phases      ] GC(641) Adjust Roots 21.409ms
[90.301s][info][gc,phases,start] GC(641) Compaction Phase
[90.309s][info][gc,phases      ] GC(641) Compaction Phase 8.160ms
[90.309s][info][gc,phases,start] GC(641) Post Compact
[90.310s][info][gc,phases      ] GC(641) Post Compact 0.681ms
[90.310s][info][gc,heap        ] GC(641) PSYoungGen: 500K(311296K)->0K(311296K) Eden: 0K(282624K)->0K(282624K) From: 500K(28672K)->0K(28672K)
[90.310s][info][gc,heap        ] GC(641) ParOldGen: 84266K(699392K)->77230K(699392K)
[90.310s][info][gc,metaspace   ] GC(641) Metaspace: 141312K(143104K)->141285K(143104K) NonClass: 123937K(124864K)->123915K(124864K) Class: 17374K(18240K)->17370K(18240K)
[90.310s][info][gc             ] GC(641) Pause Full (System.gc()) 82M->75M(987M) 94.048ms
[90.310s][info][gc,cpu         ] GC(641) User=0.08s Sys=0.00s Real=0.09s
[90.507s][info][gc,start       ] GC(642) Pause Young (Allocation Failure)
[90.509s][info][gc,heap        ] GC(642) PSYoungGen: 282624K(311296K)->2302K(315904K) Eden: 282624K(282624K)->0K(282624K) From: 0K(28672K)->2302K(33280K)
[90.509s][info][gc,heap        ] GC(642) ParOldGen: 77230K(699392K)->77230K(699392K)
[90.509s][info][gc,metaspace   ] GC(642) Metaspace: 141331K(143168K)->141331K(143168K) NonClass: 123956K(124928K)->123956K(124928K) Class: 17374K(18240K)->17374K(18240K)
[90.509s][info][gc             ] GC(642) Pause Young (Allocation Failure) 351M->77M(991M) 1.870ms
[90.509s][info][gc,cpu         ] GC(642) User=0.00s Sys=0.00s Real=0.00s
[90.591s][info][gc,start       ] GC(643) Pause Young (Allocation Failure)
[90.592s][info][gc,heap        ] GC(643) PSYoungGen: 284926K(315904K)->2564K(319488K) Eden: 282624K(282624K)->0K(288256K) From: 2302K(33280K)->2564K(31232K)
[90.593s][info][gc,heap        ] GC(643) ParOldGen: 77230K(699392K)->78450K(699392K)
[90.593s][info][gc,metaspace   ] GC(643) Metaspace: 141331K(143168K)->141331K(143168K) NonClass: 123957K(124928K)->123957K(124928K) Class: 17374K(18240K)->17374K(18240K)
[90.593s][info][gc             ] GC(643) Pause Young (Allocation Failure) 353M->79M(995M) 2.017ms
[90.593s][info][gc,cpu         ] GC(643) User=0.00s Sys=0.00s Real=0.00s
[90.655s][info][gc,start       ] GC(644) Pause Young (Allocation Failure)
[90.656s][info][gc,heap        ] GC(644) PSYoungGen: 290820K(319488K)->192K(317952K) Eden: 288256K(288256K)->0K(288256K) From: 2564K(31232K)->192K(29696K)
[90.657s][info][gc,heap        ] GC(644) ParOldGen: 78450K(699392K)->80217K(699392K)
[90.657s][info][gc,metaspace   ] GC(644) Metaspace: 141331K(143168K)->141331K(143168K) NonClass: 123957K(124928K)->123957K(124928K) Class: 17374K(18240K)->17374K(18240K)
[90.657s][info][gc             ] GC(644) Pause Young (Allocation Failure) 360M->78M(993M) 1.124ms
[90.657s][info][gc,cpu         ] GC(644) User=0.00s Sys=0.00s Real=0.00s
[90.779s][info][gc,start       ] GC(645) Pause Young (Allocation Failure)
[90.780s][info][gc,heap        ] GC(645) PSYoungGen: 287956K(317952K)->895K(322560K) Eden: 287764K(288256K)->0K(294400K) From: 192K(29696K)->895K(28160K)
[90.780s][info][gc,heap        ] GC(645) ParOldGen: 80217K(699392K)->80265K(699392K)
[90.780s][info][gc,metaspace   ] GC(645) Metaspace: 141332K(143168K)->141332K(143168K) NonClass: 123957K(124928K)->123957K(124928K) Class: 17374K(18240K)->17374K(18240K)
[90.780s][info][gc             ] GC(645) Pause Young (Allocation Failure) 359M->79M(998M) 1.309ms
[90.780s][info][gc,cpu         ] GC(645) User=0.00s Sys=0.00s Real=0.00s
[90.930s][info][gc,start       ] GC(646) Pause Young (Allocation Failure)
[90.935s][info][gc,heap        ] GC(646) PSYoungGen: 295295K(322560K)->26618K(321024K) Eden: 294400K(294400K)->0K(294400K) From: 895K(28160K)->26618K(26624K)
[90.935s][info][gc,heap        ] GC(646) ParOldGen: 80265K(699392K)->85321K(699392K)
[90.935s][info][gc,metaspace   ] GC(646) Metaspace: 141332K(143168K)->141332K(143168K) NonClass: 123957K(124928K)->123957K(124928K) Class: 17374K(18240K)->17374K(18240K)
[90.935s][info][gc             ] GC(646) Pause Young (Allocation Failure) 366M->109M(996M) 5.411ms
[90.935s][info][gc,cpu         ] GC(646) User=0.02s Sys=0.00s Real=0.02s
[91.005s][info][gc,start       ] GC(647) Pause Young (System.gc())
[91.005s][info][gc,heap        ] GC(647) PSYoungGen: 102724K(321024K)->468K(310784K) Eden: 76105K(294400K)->0K(282624K) From: 26618K(26624K)->468K(28160K)
[91.005s][info][gc,heap        ] GC(647) ParOldGen: 85321K(699392K)->85377K(699392K)
[91.005s][info][gc,metaspace   ] GC(647) Metaspace: 141332K(143168K)->141332K(143168K) NonClass: 123957K(124928K)->123957K(124928K) Class: 17374K(18240K)->17374K(18240K)
[91.005s][info][gc             ] GC(647) Pause Young (System.gc()) 183M->83M(986M) 0.865ms
[91.005s][info][gc,cpu         ] GC(647) User=0.00s Sys=0.00s Real=0.00s
[91.005s][info][gc,start       ] GC(648) Pause Full (System.gc())
[91.006s][info][gc,phases,start] GC(648) Marking Phase
[91.070s][info][gc,phases      ] GC(648) Marking Phase 64.026ms
[91.070s][info][gc,phases,start] GC(648) Summary Phase
[91.070s][info][gc,phases      ] GC(648) Summary Phase 0.010ms
[91.070s][info][gc,phases,start] GC(648) Adjust Roots
[91.091s][info][gc,phases      ] GC(648) Adjust Roots 21.525ms
[91.091s][info][gc,phases,start] GC(648) Compaction Phase
[91.100s][info][gc,phases      ] GC(648) Compaction Phase 8.445ms
[91.100s][info][gc,phases,start] GC(648) Post Compact
[91.101s][info][gc,phases      ] GC(648) Post Compact 0.921ms
[91.101s][info][gc,heap        ] GC(648) PSYoungGen: 468K(310784K)->0K(310784K) Eden: 0K(282624K)->0K(282624K) From: 468K(28160K)->0K(28160K)
[91.101s][info][gc,heap        ] GC(648) ParOldGen: 85377K(699392K)->77032K(699392K)
[91.101s][info][gc,metaspace   ] GC(648) Metaspace: 141332K(143168K)->141305K(143168K) NonClass: 123957K(124928K)->123935K(124928K) Class: 17374K(18240K)->17370K(18240K)
[91.101s][info][gc             ] GC(648) Pause Full (System.gc()) 83M->75M(986M) 95.270ms
[91.101s][info][gc,cpu         ] GC(648) User=0.09s Sys=0.00s Real=0.09s
[91.298s][info][gc,start       ] GC(649) Pause Young (Allocation Failure)
[91.300s][info][gc,heap        ] GC(649) PSYoungGen: 282624K(310784K)->2270K(315904K) Eden: 282624K(282624K)->0K(282624K) From: 0K(28160K)->2270K(33280K)
[91.300s][info][gc,heap        ] GC(649) ParOldGen: 77032K(699392K)->77032K(699392K)
[91.300s][info][gc,metaspace   ] GC(649) Metaspace: 141340K(143168K)->141340K(143168K) NonClass: 123965K(124928K)->123965K(124928K) Class: 17374K(18240K)->17374K(18240K)
[91.300s][info][gc             ] GC(649) Pause Young (Allocation Failure) 351M->77M(991M) 1.973ms
[91.300s][info][gc,cpu         ] GC(649) User=0.02s Sys=0.00s Real=0.02s
[91.383s][info][gc,start       ] GC(650) Pause Young (Allocation Failure)
[91.385s][info][gc,heap        ] GC(650) PSYoungGen: 284894K(315904K)->2564K(319488K) Eden: 282624K(282624K)->0K(288256K) From: 2270K(33280K)->2564K(31232K)
[91.385s][info][gc,heap        ] GC(650) ParOldGen: 77032K(699392K)->78255K(699392K)
[91.385s][info][gc,metaspace   ] GC(650) Metaspace: 141341K(143168K)->141341K(143168K) NonClass: 123966K(124928K)->123966K(124928K) Class: 17374K(18240K)->17374K(18240K)
[91.385s][info][gc             ] GC(650) Pause Young (Allocation Failure) 353M->78M(995M) 2.023ms
[91.385s][info][gc,cpu         ] GC(650) User=0.00s Sys=0.00s Real=0.00s
[91.450s][info][gc,start       ] GC(651) Pause Young (Allocation Failure)
[91.451s][info][gc,heap        ] GC(651) PSYoungGen: 290820K(319488K)->160K(317952K) Eden: 288256K(288256K)->0K(288256K) From: 2564K(31232K)->160K(29696K)
[91.451s][info][gc,heap        ] GC(651) ParOldGen: 78255K(699392K)->80024K(699392K)
[91.451s][info][gc,metaspace   ] GC(651) Metaspace: 141341K(143168K)->141341K(143168K) NonClass: 123966K(124928K)->123966K(124928K) Class: 17374K(18240K)->17374K(18240K)
[91.452s][info][gc             ] GC(651) Pause Young (Allocation Failure) 360M->78M(993M) 1.532ms
[91.452s][info][gc,cpu         ] GC(651) User=0.00s Sys=0.00s Real=0.00s
[91.575s][info][gc,start       ] GC(652) Pause Young (Allocation Failure)
[91.576s][info][gc,heap        ] GC(652) PSYoungGen: 288416K(317952K)->880K(322560K) Eden: 288256K(288256K)->0K(294400K) From: 160K(29696K)->880K(28160K)
[91.576s][info][gc,heap        ] GC(652) ParOldGen: 80024K(699392K)->80072K(699392K)
[91.576s][info][gc,metaspace   ] GC(652) Metaspace: 141341K(143168K)->141341K(143168K) NonClass: 123966K(124928K)->123966K(124928K) Class: 17374K(18240K)->17374K(18240K)
[91.576s][info][gc             ] GC(652) Pause Young (Allocation Failure) 359M->79M(998M) 1.055ms
[91.576s][info][gc,cpu         ] GC(652) User=0.00s Sys=0.00s Real=0.00s
[91.725s][info][gc,start       ] GC(653) Pause Young (Allocation Failure)
[91.731s][info][gc,heap        ] GC(653) PSYoungGen: 295280K(322560K)->26609K(321024K) Eden: 294400K(294400K)->0K(294400K) From: 880K(28160K)->26609K(26624K)
[91.731s][info][gc,heap        ] GC(653) ParOldGen: 80072K(699392K)->85832K(699392K)
[91.731s][info][gc,metaspace   ] GC(653) Metaspace: 141341K(143168K)->141341K(143168K) NonClass: 123966K(124928K)->123966K(124928K) Class: 17374K(18240K)->17374K(18240K)
[91.731s][info][gc             ] GC(653) Pause Young (Allocation Failure) 366M->109M(996M) 5.493ms
[91.731s][info][gc,cpu         ] GC(653) User=0.00s Sys=0.00s Real=0.00s
[91.801s][info][gc,start       ] GC(654) Pause Young (System.gc())
[91.802s][info][gc,heap        ] GC(654) PSYoungGen: 102953K(321024K)->500K(310784K) Eden: 76344K(294400K)->0K(282624K) From: 26609K(26624K)->500K(28160K)
[91.802s][info][gc,heap        ] GC(654) ParOldGen: 85832K(699392K)->86126K(699392K)
[91.802s][info][gc,metaspace   ] GC(654) Metaspace: 141341K(143168K)->141341K(143168K) NonClass: 123966K(124928K)->123966K(124928K) Class: 17374K(18240K)->17374K(18240K)
[91.802s][info][gc             ] GC(654) Pause Young (System.gc()) 184M->84M(986M) 0.767ms
[91.802s][info][gc,cpu         ] GC(654) User=0.00s Sys=0.00s Real=0.00s
[91.802s][info][gc,start       ] GC(655) Pause Full (System.gc())
[91.802s][info][gc,phases,start] GC(655) Marking Phase
[91.867s][info][gc,phases      ] GC(655) Marking Phase 64.923ms
[91.867s][info][gc,phases,start] GC(655) Summary Phase
[91.867s][info][gc,phases      ] GC(655) Summary Phase 0.009ms
[91.867s][info][gc,phases,start] GC(655) Adjust Roots
[91.889s][info][gc,phases      ] GC(655) Adjust Roots 21.634ms
[91.889s][info][gc,phases,start] GC(655) Compaction Phase
[91.897s][info][gc,phases      ] GC(655) Compaction Phase 8.254ms
[91.897s][info][gc,phases,start] GC(655) Post Compact
[91.898s][info][gc,phases      ] GC(655) Post Compact 0.730ms
[91.898s][info][gc,heap        ] GC(655) PSYoungGen: 500K(310784K)->0K(310784K) Eden: 0K(282624K)->0K(282624K) From: 500K(28160K)->0K(28160K)
[91.898s][info][gc,heap        ] GC(655) ParOldGen: 86126K(699392K)->76507K(699392K)
[91.898s][info][gc,metaspace   ] GC(655) Metaspace: 141341K(143168K)->141314K(143168K) NonClass: 123966K(124928K)->123944K(124928K) Class: 17374K(18240K)->17370K(18240K)
[91.898s][info][gc             ] GC(655) Pause Full (System.gc()) 84M->74M(986M) 95.849ms
[91.898s][info][gc,cpu         ] GC(655) User=0.11s Sys=0.00s Real=0.09s
[92.093s][info][gc,start       ] GC(656) Pause Young (Allocation Failure)
[92.095s][info][gc,heap        ] GC(656) PSYoungGen: 282624K(310784K)->2259K(315904K) Eden: 282624K(282624K)->0K(282624K) From: 0K(28160K)->2259K(33280K)
[92.095s][info][gc,heap        ] GC(656) ParOldGen: 76507K(699392K)->76507K(699392K)
[92.095s][info][gc,metaspace   ] GC(656) Metaspace: 141342K(143168K)->141342K(143168K) NonClass: 123967K(124928K)->123967K(124928K) Class: 17374K(18240K)->17374K(18240K)
[92.095s][info][gc             ] GC(656) Pause Young (Allocation Failure) 350M->76M(991M) 2.140ms
[92.095s][info][gc,cpu         ] GC(656) User=0.00s Sys=0.00s Real=0.02s
[92.179s][info][gc,start       ] GC(657) Pause Young (Allocation Failure)
[92.181s][info][gc,heap        ] GC(657) PSYoungGen: 284883K(315904K)->2564K(319488K) Eden: 282624K(282624K)->0K(287744K) From: 2259K(33280K)->2564K(31744K)
[92.181s][info][gc,heap        ] GC(657) ParOldGen: 76507K(699392K)->77735K(699392K)
[92.181s][info][gc,metaspace   ] GC(657) Metaspace: 141342K(143168K)->141342K(143168K) NonClass: 123967K(124928K)->123967K(124928K) Class: 17374K(18240K)->17374K(18240K)
[92.181s][info][gc             ] GC(657) Pause Young (Allocation Failure) 352M->78M(995M) 1.990ms
[92.181s][info][gc,cpu         ] GC(657) User=0.00s Sys=0.00s Real=0.00s
[92.242s][info][gc,start       ] GC(658) Pause Young (Allocation Failure)
[92.243s][info][gc,heap        ] GC(658) PSYoungGen: 290308K(319488K)->192K(317440K) Eden: 287744K(287744K)->0K(287744K) From: 2564K(31744K)->192K(29696K)
[92.243s][info][gc,heap        ] GC(658) ParOldGen: 77735K(699392K)->79511K(699392K)
[92.243s][info][gc,metaspace   ] GC(658) Metaspace: 141342K(143168K)->141342K(143168K) NonClass: 123967K(124928K)->123967K(124928K) Class: 17374K(18240K)->17374K(18240K)
[92.243s][info][gc             ] GC(658) Pause Young (Allocation Failure) 359M->77M(993M) 1.314ms
[92.243s][info][gc,cpu         ] GC(658) User=0.00s Sys=0.00s Real=0.00s
[92.371s][info][gc,start       ] GC(659) Pause Young (Allocation Failure)
[92.372s][info][gc,heap        ] GC(659) PSYoungGen: 286090K(317440K)->844K(322048K) Eden: 285898K(287744K)->0K(293888K) From: 192K(29696K)->844K(28160K)
[92.372s][info][gc,heap        ] GC(659) ParOldGen: 79511K(699392K)->79551K(699392K)
[92.372s][info][gc,metaspace   ] GC(659) Metaspace: 141342K(143168K)->141342K(143168K) NonClass: 123967K(124928K)->123967K(124928K) Class: 17374K(18240K)->17374K(18240K)
[92.372s][info][gc             ] GC(659) Pause Young (Allocation Failure) 357M->78M(997M) 1.357ms
[92.372s][info][gc,cpu         ] GC(659) User=0.00s Sys=0.00s Real=0.00s
[92.523s][info][gc,start       ] GC(660) Pause Young (Allocation Failure)
[92.528s][info][gc,heap        ] GC(660) PSYoungGen: 294732K(322048K)->27128K(321024K) Eden: 293888K(293888K)->0K(293888K) From: 844K(28160K)->27128K(27136K)
[92.529s][info][gc,heap        ] GC(660) ParOldGen: 79551K(699392K)->85135K(699392K)
[92.529s][info][gc,metaspace   ] GC(660) Metaspace: 141342K(143168K)->141342K(143168K) NonClass: 123967K(124928K)->123967K(124928K) Class: 17374K(18240K)->17374K(18240K)
[92.529s][info][gc             ] GC(660) Pause Young (Allocation Failure) 365M->109M(996M) 5.481ms
[92.529s][info][gc,cpu         ] GC(660) User=0.00s Sys=0.00s Real=0.00s
[92.596s][info][gc,start       ] GC(661) Pause Young (System.gc())
[92.597s][info][gc,heap        ] GC(661) PSYoungGen: 104142K(321024K)->500K(309760K) Eden: 77014K(293888K)->0K(281600K) From: 27128K(27136K)->500K(28160K)
[92.597s][info][gc,heap        ] GC(661) ParOldGen: 85135K(699392K)->85198K(699392K)
[92.597s][info][gc,metaspace   ] GC(661) Metaspace: 141342K(143168K)->141342K(143168K) NonClass: 123967K(124928K)->123967K(124928K) Class: 17374K(18240K)->17374K(18240K)
[92.597s][info][gc             ] GC(661) Pause Young (System.gc()) 184M->83M(985M) 0.739ms
[92.597s][info][gc,cpu         ] GC(661) User=0.00s Sys=0.00s Real=0.00s
[92.597s][info][gc,start       ] GC(662) Pause Full (System.gc())
[92.597s][info][gc,phases,start] GC(662) Marking Phase
[92.664s][info][gc,phases      ] GC(662) Marking Phase 67.286ms
[92.664s][info][gc,phases,start] GC(662) Summary Phase
[92.664s][info][gc,phases      ] GC(662) Summary Phase 0.010ms
[92.664s][info][gc,phases,start] GC(662) Adjust Roots
[92.686s][info][gc,phases      ] GC(662) Adjust Roots 21.516ms
[92.686s][info][gc,phases,start] GC(662) Compaction Phase
[92.694s][info][gc,phases      ] GC(662) Compaction Phase 8.022ms
[92.694s][info][gc,phases,start] GC(662) Post Compact
[92.695s][info][gc,phases      ] GC(662) Post Compact 0.774ms
[92.695s][info][gc,heap        ] GC(662) PSYoungGen: 500K(309760K)->0K(309760K) Eden: 0K(281600K)->0K(281600K) From: 500K(28160K)->0K(28160K)
[92.695s][info][gc,heap        ] GC(662) ParOldGen: 85198K(699392K)->76620K(699392K)
[92.695s][info][gc,metaspace   ] GC(662) Metaspace: 141342K(143168K)->141316K(143168K) NonClass: 123967K(124928K)->123945K(124928K) Class: 17374K(18240K)->17370K(18240K)
[92.695s][info][gc             ] GC(662) Pause Full (System.gc()) 83M->74M(985M) 97.908ms
[92.695s][info][gc,cpu         ] GC(662) User=0.16s Sys=0.00s Real=0.09s
[92.888s][info][gc,start       ] GC(663) Pause Young (Allocation Failure)
[92.890s][info][gc,heap        ] GC(663) PSYoungGen: 281600K(309760K)->2270K(315392K) Eden: 281600K(281600K)->0K(281600K) From: 0K(28160K)->2270K(33792K)
[92.890s][info][gc,heap        ] GC(663) ParOldGen: 76620K(699392K)->76620K(699392K)
[92.890s][info][gc,metaspace   ] GC(663) Metaspace: 141348K(143168K)->141348K(143168K) NonClass: 123973K(124928K)->123973K(124928K) Class: 17374K(18240K)->17374K(18240K)
[92.890s][info][gc             ] GC(663) Pause Young (Allocation Failure) 349M->77M(991M) 1.948ms
[92.890s][info][gc,cpu         ] GC(663) User=0.02s Sys=0.00s Real=0.02s
[92.973s][info][gc,start       ] GC(664) Pause Young (Allocation Failure)
[92.975s][info][gc,heap        ] GC(664) PSYoungGen: 283870K(315392K)->2544K(318976K) Eden: 281600K(281600K)->0K(287232K) From: 2270K(33792K)->2544K(31744K)
[92.975s][info][gc,heap        ] GC(664) ParOldGen: 76620K(699392K)->77846K(699392K)
[92.975s][info][gc,metaspace   ] GC(664) Metaspace: 141348K(143168K)->141348K(143168K) NonClass: 123973K(124928K)->123973K(124928K) Class: 17374K(18240K)->17374K(18240K)
[92.975s][info][gc             ] GC(664) Pause Young (Allocation Failure) 352M->78M(994M) 2.010ms
[92.975s][info][gc,cpu         ] GC(664) User=0.00s Sys=0.00s Real=0.00s
[93.036s][info][gc,start       ] GC(665) Pause Young (Allocation Failure)
[93.037s][info][gc,heap        ] GC(665) PSYoungGen: 289776K(318976K)->192K(317440K) Eden: 287232K(287232K)->0K(287232K) From: 2544K(31744K)->192K(30208K)
[93.037s][info][gc,heap        ] GC(665) ParOldGen: 77846K(699392K)->79623K(699392K)
[93.037s][info][gc,metaspace   ] GC(665) Metaspace: 141348K(143168K)->141348K(143168K) NonClass: 123973K(124928K)->123973K(124928K) Class: 17374K(18240K)->17374K(18240K)
[93.037s][info][gc             ] GC(665) Pause Young (Allocation Failure) 359M->77M(993M) 1.219ms
[93.037s][info][gc,cpu         ] GC(665) User=0.00s Sys=0.00s Real=0.00s
[93.162s][info][gc,start       ] GC(666) Pause Young (Allocation Failure)
[93.163s][info][gc,heap        ] GC(666) PSYoungGen: 287407K(317440K)->766K(322048K) Eden: 287215K(287232K)->0K(293376K) From: 192K(30208K)->766K(28672K)
[93.163s][info][gc,heap        ] GC(666) ParOldGen: 79623K(699392K)->79663K(699392K)
[93.163s][info][gc,metaspace   ] GC(666) Metaspace: 141348K(143168K)->141348K(143168K) NonClass: 123973K(124928K)->123973K(124928K) Class: 17374K(18240K)->17374K(18240K)
[93.163s][info][gc             ] GC(666) Pause Young (Allocation Failure) 358M->78M(997M) 1.410ms
[93.163s][info][gc,cpu         ] GC(666) User=0.00s Sys=0.00s Real=0.00s
[93.292s][info][gc,start       ] GC(667) Pause Young (Allocation Failure)
[93.298s][info][gc,heap        ] GC(667) PSYoungGen: 293882K(322048K)->27123K(320512K) Eden: 293116K(293376K)->0K(293376K) From: 766K(28672K)->27123K(27136K)
[93.298s][info][gc,heap        ] GC(667) ParOldGen: 79663K(699392K)->85071K(699392K)
[93.298s][info][gc,metaspace   ] GC(667) Metaspace: 141351K(143168K)->141351K(143168K) NonClass: 123976K(124928K)->123976K(124928K) Class: 17374K(18240K)->17374K(18240K)
[93.298s][info][gc             ] GC(667) Pause Young (Allocation Failure) 364M->109M(996M) 5.394ms
[93.298s][info][gc,cpu         ] GC(667) User=0.00s Sys=0.00s Real=0.00s
[93.391s][info][gc,start       ] GC(668) Pause Young (System.gc())
[93.391s][info][gc,heap        ] GC(668) PSYoungGen: 106100K(320512K)->532K(310272K) Eden: 78976K(293376K)->0K(281600K) From: 27123K(27136K)->532K(28672K)
[93.391s][info][gc,heap        ] GC(668) ParOldGen: 85071K(699392K)->85382K(699392K)
[93.391s][info][gc,metaspace   ] GC(668) Metaspace: 141351K(143168K)->141351K(143168K) NonClass: 123976K(124928K)->123976K(124928K) Class: 17374K(18240K)->17374K(18240K)
[93.391s][info][gc             ] GC(668) Pause Young (System.gc()) 186M->83M(986M) 0.793ms
[93.391s][info][gc,cpu         ] GC(668) User=0.00s Sys=0.00s Real=0.00s
[93.391s][info][gc,start       ] GC(669) Pause Full (System.gc())
[93.391s][info][gc,phases,start] GC(669) Marking Phase
[93.457s][info][gc,phases      ] GC(669) Marking Phase 65.246ms
[93.457s][info][gc,phases,start] GC(669) Summary Phase
[93.457s][info][gc,phases      ] GC(669) Summary Phase 0.010ms
[93.457s][info][gc,phases,start] GC(669) Adjust Roots
[93.478s][info][gc,phases      ] GC(669) Adjust Roots 21.711ms
[93.479s][info][gc,phases,start] GC(669) Compaction Phase
[93.487s][info][gc,phases      ] GC(669) Compaction Phase 7.985ms
[93.487s][info][gc,phases,start] GC(669) Post Compact
[93.487s][info][gc,phases      ] GC(669) Post Compact 0.823ms
[93.487s][info][gc,heap        ] GC(669) PSYoungGen: 532K(310272K)->0K(310272K) Eden: 0K(281600K)->0K(281600K) From: 532K(28672K)->0K(28672K)
[93.487s][info][gc,heap        ] GC(669) ParOldGen: 85382K(699392K)->76725K(699392K)
[93.488s][info][gc,metaspace   ] GC(669) Metaspace: 141351K(143168K)->141324K(143168K) NonClass: 123976K(124928K)->123954K(124928K) Class: 17374K(18240K)->17370K(18240K)
[93.488s][info][gc             ] GC(669) Pause Full (System.gc()) 83M->74M(986M) 96.093ms
[93.488s][info][gc,cpu         ] GC(669) User=0.09s Sys=0.00s Real=0.09s
[93.678s][info][gc,start       ] GC(670) Pause Young (Allocation Failure)
[93.680s][info][gc,heap        ] GC(670) PSYoungGen: 281600K(310272K)->2250K(315392K) Eden: 281600K(281600K)->0K(281600K) From: 0K(28672K)->2250K(33792K)
[93.680s][info][gc,heap        ] GC(670) ParOldGen: 76725K(699392K)->76725K(699392K)
[93.680s][info][gc,metaspace   ] GC(670) Metaspace: 141354K(143168K)->141354K(143168K) NonClass: 123979K(124928K)->123979K(124928K) Class: 17374K(18240K)->17374K(18240K)
[93.680s][info][gc             ] GC(670) Pause Young (Allocation Failure) 349M->77M(991M) 1.865ms
[93.680s][info][gc,cpu         ] GC(670) User=0.00s Sys=0.00s Real=0.00s
[93.764s][info][gc,start       ] GC(671) Pause Young (Allocation Failure)
[93.765s][info][gc,heap        ] GC(671) PSYoungGen: 283850K(315392K)->2553K(318976K) Eden: 281600K(281600K)->0K(287232K) From: 2250K(33792K)->2553K(31744K)
[93.766s][info][gc,heap        ] GC(671) ParOldGen: 76725K(699392K)->78091K(699392K)
[93.766s][info][gc,metaspace   ] GC(671) Metaspace: 141354K(143168K)->141354K(143168K) NonClass: 123979K(124928K)->123979K(124928K) Class: 17374K(18240K)->17374K(18240K)
[93.766s][info][gc             ] GC(671) Pause Young (Allocation Failure) 352M->78M(994M) 2.009ms
[93.766s][info][gc,cpu         ] GC(671) User=0.00s Sys=0.00s Real=0.00s
[93.827s][info][gc,start       ] GC(672) Pause Young (Allocation Failure)
[93.828s][info][gc,heap        ] GC(672) PSYoungGen: 289785K(318976K)->192K(317440K) Eden: 287232K(287232K)->0K(287232K) From: 2553K(31744K)->192K(30208K)
[93.828s][info][gc,heap        ] GC(672) ParOldGen: 78091K(699392K)->79857K(699392K)
[93.828s][info][gc,metaspace   ] GC(672) Metaspace: 141354K(143168K)->141354K(143168K) NonClass: 123979K(124928K)->123979K(124928K) Class: 17374K(18240K)->17374K(18240K)
[93.828s][info][gc             ] GC(672) Pause Young (Allocation Failure) 359M->78M(993M) 1.244ms
[93.828s][info][gc,cpu         ] GC(672) User=0.00s Sys=0.00s Real=0.00s
[93.945s][info][gc,start       ] GC(673) Pause Young (Allocation Failure)
[93.946s][info][gc,heap        ] GC(673) PSYoungGen: 287249K(317440K)->836K(322048K) Eden: 287057K(287232K)->0K(293376K) From: 192K(30208K)->836K(28672K)
[93.946s][info][gc,heap        ] GC(673) ParOldGen: 79857K(699392K)->79897K(699392K)
[93.946s][info][gc,metaspace   ] GC(673) Metaspace: 141354K(143168K)->141354K(143168K) NonClass: 123979K(124928K)->123979K(124928K) Class: 17374K(18240K)->17374K(18240K)
[93.946s][info][gc             ] GC(673) Pause Young (Allocation Failure) 358M->78M(997M) 1.188ms
[93.946s][info][gc,cpu         ] GC(673) User=0.00s Sys=0.00s Real=0.00s
[94.077s][info][gc,start       ] GC(674) Pause Young (Allocation Failure)
[94.082s][info][gc,heap        ] GC(674) PSYoungGen: 294212K(322048K)->27123K(320512K) Eden: 293376K(293376K)->0K(293376K) From: 836K(28672K)->27123K(27136K)
[94.083s][info][gc,heap        ] GC(674) ParOldGen: 79897K(699392K)->83897K(699392K)
[94.083s][info][gc,metaspace   ] GC(674) Metaspace: 141354K(143168K)->141354K(143168K) NonClass: 123979K(124928K)->123979K(124928K) Class: 17374K(18240K)->17374K(18240K)
[94.083s][info][gc             ] GC(674) Pause Young (Allocation Failure) 365M->108M(996M) 5.442ms
[94.083s][info][gc,cpu         ] GC(674) User=0.00s Sys=0.00s Real=0.00s
[94.174s][info][gc,start       ] GC(675) Pause Young (System.gc())
[94.175s][info][gc,heap        ] GC(675) PSYoungGen: 107112K(320512K)->532K(311296K) Eden: 79988K(293376K)->0K(282624K) From: 27123K(27136K)->532K(28672K)
[94.175s][info][gc,heap        ] GC(675) ParOldGen: 83897K(699392K)->84200K(699392K)
[94.175s][info][gc,metaspace   ] GC(675) Metaspace: 141354K(143168K)->141354K(143168K) NonClass: 123979K(124928K)->123979K(124928K) Class: 17374K(18240K)->17374K(18240K)
[94.175s][info][gc             ] GC(675) Pause Young (System.gc()) 186M->82M(987M) 0.860ms
[94.175s][info][gc,cpu         ] GC(675) User=0.00s Sys=0.00s Real=0.00s
[94.175s][info][gc,start       ] GC(676) Pause Full (System.gc())
[94.175s][info][gc,phases,start] GC(676) Marking Phase
[94.240s][info][gc,phases      ] GC(676) Marking Phase 64.796ms
[94.240s][info][gc,phases,start] GC(676) Summary Phase
[94.240s][info][gc,phases      ] GC(676) Summary Phase 0.010ms
[94.240s][info][gc,phases,start] GC(676) Adjust Roots
[94.262s][info][gc,phases      ] GC(676) Adjust Roots 21.641ms
[94.262s][info][gc,phases,start] GC(676) Compaction Phase
[94.273s][info][gc,phases      ] GC(676) Compaction Phase 10.646ms
[94.273s][info][gc,phases,start] GC(676) Post Compact
[94.274s][info][gc,phases      ] GC(676) Post Compact 0.729ms
[94.274s][info][gc,heap        ] GC(676) PSYoungGen: 532K(311296K)->0K(311296K) Eden: 0K(282624K)->0K(282624K) From: 532K(28672K)->0K(28672K)
[94.274s][info][gc,heap        ] GC(676) ParOldGen: 84200K(699392K)->76836K(699392K)
[94.274s][info][gc,metaspace   ] GC(676) Metaspace: 141354K(143168K)->141327K(143168K) NonClass: 123979K(124928K)->123957K(124928K) Class: 17374K(18240K)->17370K(18240K)
[94.274s][info][gc             ] GC(676) Pause Full (System.gc()) 82M->75M(987M) 98.128ms
[94.274s][info][gc,cpu         ] GC(676) User=0.16s Sys=0.00s Real=0.09s
[94.478s][info][gc,start       ] GC(677) Pause Young (Allocation Failure)
[94.480s][info][gc,heap        ] GC(677) PSYoungGen: 282624K(311296K)->2055K(315904K) Eden: 282624K(282624K)->0K(282624K) From: 0K(28672K)->2055K(33280K)
[94.481s][info][gc,heap        ] GC(677) ParOldGen: 76836K(699392K)->76844K(699392K)
[94.481s][info][gc,metaspace   ] GC(677) Metaspace: 141462K(143296K)->141462K(143296K) NonClass: 124088K(125056K)->124088K(125056K) Class: 17374K(18240K)->17374K(18240K)
[94.481s][info][gc             ] GC(677) Pause Young (Allocation Failure) 351M->77M(991M) 2.359ms
[94.481s][info][gc,cpu         ] GC(677) User=0.03s Sys=0.00s Real=0.02s
[94.568s][info][gc,start       ] GC(678) Pause Young (Allocation Failure)
[94.570s][info][gc,heap        ] GC(678) PSYoungGen: 284679K(315904K)->2608K(319488K) Eden: 282624K(282624K)->0K(287744K) From: 2055K(33280K)->2608K(31744K)
[94.570s][info][gc,heap        ] GC(678) ParOldGen: 76844K(699392K)->78057K(699392K)
[94.570s][info][gc,metaspace   ] GC(678) Metaspace: 141462K(143296K)->141462K(143296K) NonClass: 124088K(125056K)->124088K(125056K) Class: 17374K(18240K)->17374K(18240K)
[94.570s][info][gc             ] GC(678) Pause Young (Allocation Failure) 353M->78M(995M) 2.046ms
[94.570s][info][gc,cpu         ] GC(678) User=0.00s Sys=0.00s Real=0.00s
[94.632s][info][gc,start       ] GC(679) Pause Young (Allocation Failure)
[94.633s][info][gc,heap        ] GC(679) PSYoungGen: 290352K(319488K)->192K(317440K) Eden: 287744K(287744K)->0K(287744K) From: 2608K(31744K)->192K(29696K)
[94.633s][info][gc,heap        ] GC(679) ParOldGen: 78057K(699392K)->79811K(699392K)
[94.633s][info][gc,metaspace   ] GC(679) Metaspace: 141462K(143296K)->141462K(143296K) NonClass: 124088K(125056K)->124088K(125056K) Class: 17374K(18240K)->17374K(18240K)
[94.633s][info][gc             ] GC(679) Pause Young (Allocation Failure) 359M->78M(993M) 1.157ms
[94.633s][info][gc,cpu         ] GC(679) User=0.00s Sys=0.00s Real=0.00s
[94.754s][info][gc,start       ] GC(680) Pause Young (Allocation Failure)
[94.755s][info][gc,heap        ] GC(680) PSYoungGen: 287928K(317440K)->843K(322048K) Eden: 287736K(287744K)->0K(293888K) From: 192K(29696K)->843K(28160K)
[94.755s][info][gc,heap        ] GC(680) ParOldGen: 79811K(699392K)->79835K(699392K)
[94.755s][info][gc,metaspace   ] GC(680) Metaspace: 141464K(143296K)->141464K(143296K) NonClass: 124089K(125056K)->124089K(125056K) Class: 17374K(18240K)->17374K(18240K)
[94.755s][info][gc             ] GC(680) Pause Young (Allocation Failure) 359M->78M(997M) 1.133ms
[94.755s][info][gc,cpu         ] GC(680) User=0.00s Sys=0.00s Real=0.00s
[94.881s][info][gc,start       ] GC(681) Pause Young (Allocation Failure)
[94.887s][info][gc,heap        ] GC(681) PSYoungGen: 294731K(322048K)->27115K(321024K) Eden: 293888K(293888K)->0K(293888K) From: 843K(28160K)->27115K(27136K)
[94.887s][info][gc,heap        ] GC(681) ParOldGen: 79835K(699392K)->83611K(699392K)
[94.887s][info][gc,metaspace   ] GC(681) Metaspace: 141466K(143296K)->141466K(143296K) NonClass: 124091K(125056K)->124091K(125056K) Class: 17374K(18240K)->17374K(18240K)
[94.887s][info][gc             ] GC(681) Pause Young (Allocation Failure) 365M->108M(996M) 5.222ms
[94.887s][info][gc,cpu         ] GC(681) User=0.00s Sys=0.00s Real=0.00s
[94.981s][info][gc,start       ] GC(682) Pause Young (System.gc())
[94.982s][info][gc,heap        ] GC(682) PSYoungGen: 105307K(321024K)->500K(311808K) Eden: 78192K(293888K)->0K(283648K) From: 27115K(27136K)->500K(28160K)
[94.982s][info][gc,heap        ] GC(682) ParOldGen: 83611K(699392K)->83666K(699392K)
[94.982s][info][gc,metaspace   ] GC(682) Metaspace: 141482K(143296K)->141482K(143296K) NonClass: 124108K(125056K)->124108K(125056K) Class: 17374K(18240K)->17374K(18240K)
[94.982s][info][gc             ] GC(682) Pause Young (System.gc()) 184M->82M(987M) 1.016ms
[94.983s][info][gc,cpu         ] GC(682) User=0.00s Sys=0.00s Real=0.00s
[94.983s][info][gc,start       ] GC(683) Pause Full (System.gc())
[94.983s][info][gc,phases,start] GC(683) Marking Phase
[95.050s][info][gc,phases      ] GC(683) Marking Phase 67.005ms
[95.050s][info][gc,phases,start] GC(683) Summary Phase
[95.050s][info][gc,phases      ] GC(683) Summary Phase 0.014ms
[95.050s][info][gc,phases,start] GC(683) Adjust Roots
[95.071s][info][gc,phases      ] GC(683) Adjust Roots 21.707ms
[95.071s][info][gc,phases,start] GC(683) Compaction Phase
[95.080s][info][gc,phases      ] GC(683) Compaction Phase 8.198ms
[95.080s][info][gc,phases,start] GC(683) Post Compact
[95.080s][info][gc,phases      ] GC(683) Post Compact 0.738ms
[95.080s][info][gc,heap        ] GC(683) PSYoungGen: 500K(311808K)->0K(311808K) Eden: 0K(283648K)->0K(283648K) From: 500K(28160K)->0K(28160K)
[95.080s][info][gc,heap        ] GC(683) ParOldGen: 83666K(699392K)->76947K(699392K)
[95.081s][info][gc,metaspace   ] GC(683) Metaspace: 141482K(143296K)->141456K(143296K) NonClass: 124108K(125056K)->124085K(125056K) Class: 17374K(18240K)->17370K(18240K)
[95.081s][info][gc             ] GC(683) Pause Full (System.gc()) 82M->75M(987M) 97.962ms
[95.081s][info][gc,cpu         ] GC(683) User=0.14s Sys=0.00s Real=0.09s
[95.276s][info][gc,start       ] GC(684) Pause Young (Allocation Failure)
[95.278s][info][gc,heap        ] GC(684) PSYoungGen: 283648K(311808K)->2206K(316416K) Eden: 283648K(283648K)->0K(283648K) From: 0K(28160K)->2206K(32768K)
[95.278s][info][gc,heap        ] GC(684) ParOldGen: 76947K(699392K)->76947K(699392K)
[95.278s][info][gc,metaspace   ] GC(684) Metaspace: 141488K(143296K)->141488K(143296K) NonClass: 124113K(125056K)->124113K(125056K) Class: 17374K(18240K)->17374K(18240K)
[95.278s][info][gc             ] GC(684) Pause Young (Allocation Failure) 352M->77M(992M) 1.971ms
[95.278s][info][gc,cpu         ] GC(684) User=0.02s Sys=0.00s Real=0.02s
[95.364s][info][gc,start       ] GC(685) Pause Young (Allocation Failure)
[95.367s][info][gc,heap        ] GC(685) PSYoungGen: 285854K(316416K)->2755K(320000K) Eden: 283648K(283648K)->0K(288768K) From: 2206K(32768K)->2755K(31232K)
[95.367s][info][gc,heap        ] GC(685) ParOldGen: 76947K(699392K)->78170K(699392K)
[95.367s][info][gc,metaspace   ] GC(685) Metaspace: 141488K(143296K)->141488K(143296K) NonClass: 124113K(125056K)->124113K(125056K) Class: 17374K(18240K)->17374K(18240K)
[95.367s][info][gc             ] GC(685) Pause Young (Allocation Failure) 354M->79M(995M) 2.456ms
[95.367s][info][gc,cpu         ] GC(685) User=0.00s Sys=0.00s Real=0.00s
[95.431s][info][gc,start       ] GC(686) Pause Young (Allocation Failure)
[95.433s][info][gc,heap        ] GC(686) PSYoungGen: 291523K(320000K)->160K(317952K) Eden: 288768K(288768K)->0K(288768K) From: 2755K(31232K)->160K(29184K)
[95.433s][info][gc,heap        ] GC(686) ParOldGen: 78170K(699392K)->79939K(699392K)
[95.433s][info][gc,metaspace   ] GC(686) Metaspace: 141488K(143296K)->141488K(143296K) NonClass: 124113K(125056K)->124113K(125056K) Class: 17374K(18240K)->17374K(18240K)
[95.433s][info][gc             ] GC(686) Pause Young (Allocation Failure) 361M->78M(993M) 1.503ms
[95.433s][info][gc,cpu         ] GC(686) User=0.02s Sys=0.00s Real=0.00s
[95.562s][info][gc,start       ] GC(687) Pause Young (Allocation Failure)
[95.563s][info][gc,heap        ] GC(687) PSYoungGen: 285186K(317952K)->908K(322560K) Eden: 285026K(288768K)->0K(294400K) From: 160K(29184K)->908K(28160K)
[95.563s][info][gc,heap        ] GC(687) ParOldGen: 79939K(699392K)->79979K(699392K)
[95.563s][info][gc,metaspace   ] GC(687) Metaspace: 141488K(143296K)->141488K(143296K) NonClass: 124113K(125056K)->124113K(125056K) Class: 17374K(18240K)->17374K(18240K)
[95.563s][info][gc             ] GC(687) Pause Young (Allocation Failure) 356M->78M(998M) 1.449ms
[95.563s][info][gc,cpu         ] GC(687) User=0.00s Sys=0.00s Real=0.00s
[95.716s][info][gc,start       ] GC(688) Pause Young (Allocation Failure)
[95.721s][info][gc,heap        ] GC(688) PSYoungGen: 295308K(322560K)->26618K(321024K) Eden: 294400K(294400K)->0K(294400K) From: 908K(28160K)->26618K(26624K)
[95.721s][info][gc,heap        ] GC(688) ParOldGen: 79979K(699392K)->85027K(699392K)
[95.721s][info][gc,metaspace   ] GC(688) Metaspace: 141488K(143296K)->141488K(143296K) NonClass: 124113K(125056K)->124113K(125056K) Class: 17374K(18240K)->17374K(18240K)
[95.721s][info][gc             ] GC(688) Pause Young (Allocation Failure) 366M->109M(996M) 5.274ms
[95.721s][info][gc,cpu         ] GC(688) User=0.00s Sys=0.00s Real=0.00s
[95.789s][info][gc,start       ] GC(689) Pause Young (System.gc())
[95.790s][info][gc,heap        ] GC(689) PSYoungGen: 101990K(321024K)->500K(311808K) Eden: 75371K(294400K)->0K(283648K) From: 26618K(26624K)->500K(28160K)
[95.790s][info][gc,heap        ] GC(689) ParOldGen: 85027K(699392K)->85098K(699392K)
[95.790s][info][gc,metaspace   ] GC(689) Metaspace: 141488K(143296K)->141488K(143296K) NonClass: 124113K(125056K)->124113K(125056K) Class: 17374K(18240K)->17374K(18240K)
[95.790s][info][gc             ] GC(689) Pause Young (System.gc()) 182M->83M(987M) 0.755ms
[95.790s][info][gc,cpu         ] GC(689) User=0.00s Sys=0.00s Real=0.00s
[95.790s][info][gc,start       ] GC(690) Pause Full (System.gc())
[95.790s][info][gc,phases,start] GC(690) Marking Phase
[95.858s][info][gc,phases      ] GC(690) Marking Phase 67.418ms
[95.858s][info][gc,phases,start] GC(690) Summary Phase
[95.858s][info][gc,phases      ] GC(690) Summary Phase 0.010ms
[95.858s][info][gc,phases,start] GC(690) Adjust Roots
[95.880s][info][gc,phases      ] GC(690) Adjust Roots 22.025ms
[95.880s][info][gc,phases,start] GC(690) Compaction Phase
[95.888s][info][gc,phases      ] GC(690) Compaction Phase 8.260ms
[95.888s][info][gc,phases,start] GC(690) Post Compact
[95.889s][info][gc,phases      ] GC(690) Post Compact 0.752ms
[95.889s][info][gc,heap        ] GC(690) PSYoungGen: 500K(311808K)->0K(311808K) Eden: 0K(283648K)->0K(283648K) From: 500K(28160K)->0K(28160K)
[95.889s][info][gc,heap        ] GC(690) ParOldGen: 85098K(699392K)->77055K(699392K)
[95.889s][info][gc,metaspace   ] GC(690) Metaspace: 141488K(143296K)->141461K(143296K) NonClass: 124113K(125056K)->124091K(125056K) Class: 17374K(18240K)->17370K(18240K)
[95.889s][info][gc             ] GC(690) Pause Full (System.gc()) 83M->75M(987M) 98.772ms
[95.889s][info][gc,cpu         ] GC(690) User=0.14s Sys=0.00s Real=0.10s
[96.085s][info][gc,start       ] GC(691) Pause Young (Allocation Failure)
[96.087s][info][gc,heap        ] GC(691) PSYoungGen: 283648K(311808K)->2055K(316416K) Eden: 283648K(283648K)->0K(283648K) From: 0K(28160K)->2055K(32768K)
[96.087s][info][gc,heap        ] GC(691) ParOldGen: 77055K(699392K)->77055K(699392K)
[96.087s][info][gc,metaspace   ] GC(691) Metaspace: 141491K(143296K)->141491K(143296K) NonClass: 124116K(125056K)->124116K(125056K) Class: 17374K(18240K)->17374K(18240K)
[96.087s][info][gc             ] GC(691) Pause Young (Allocation Failure) 352M->77M(992M) 1.727ms
[96.087s][info][gc,cpu         ] GC(691) User=0.02s Sys=0.00s Real=0.02s
[96.171s][info][gc,start       ] GC(692) Pause Young (Allocation Failure)
[96.173s][info][gc,heap        ] GC(692) PSYoungGen: 285703K(316416K)->2596K(320000K) Eden: 283648K(283648K)->0K(288768K) From: 2055K(32768K)->2596K(31232K)
[96.173s][info][gc,heap        ] GC(692) ParOldGen: 77055K(699392K)->78278K(699392K)
[96.173s][info][gc,metaspace   ] GC(692) Metaspace: 141491K(143296K)->141491K(143296K) NonClass: 124116K(125056K)->124116K(125056K) Class: 17374K(18240K)->17374K(18240K)
[96.173s][info][gc             ] GC(692) Pause Young (Allocation Failure) 354M->78M(995M) 2.065ms
[96.173s][info][gc,cpu         ] GC(692) User=0.00s Sys=0.00s Real=0.00s
[96.235s][info][gc,start       ] GC(693) Pause Young (Allocation Failure)
[96.236s][info][gc,heap        ] GC(693) PSYoungGen: 291364K(320000K)->192K(317952K) Eden: 288768K(288768K)->0K(288768K) From: 2596K(31232K)->192K(29184K)
[96.237s][info][gc,heap        ] GC(693) ParOldGen: 78278K(699392K)->80040K(699392K)
[96.237s][info][gc,metaspace   ] GC(693) Metaspace: 141491K(143296K)->141491K(143296K) NonClass: 124116K(125056K)->124116K(125056K) Class: 17374K(18240K)->17374K(18240K)
[96.237s][info][gc             ] GC(693) Pause Young (Allocation Failure) 360M->78M(993M) 1.299ms
[96.237s][info][gc,cpu         ] GC(693) User=0.00s Sys=0.00s Real=0.00s
[96.358s][info][gc,start       ] GC(694) Pause Young (Allocation Failure)
[96.359s][info][gc,heap        ] GC(694) PSYoungGen: 288960K(317952K)->1249K(322560K) Eden: 288768K(288768K)->0K(294400K) From: 192K(29184K)->1249K(28160K)
[96.359s][info][gc,heap        ] GC(694) ParOldGen: 80040K(699392K)->80072K(699392K)
[96.359s][info][gc,metaspace   ] GC(694) Metaspace: 141491K(143296K)->141491K(143296K) NonClass: 124116K(125056K)->124116K(125056K) Class: 17374K(18240K)->17374K(18240K)
[96.359s][info][gc             ] GC(694) Pause Young (Allocation Failure) 360M->79M(998M) 1.098ms
[96.359s][info][gc,cpu         ] GC(694) User=0.00s Sys=0.00s Real=0.00s
[96.506s][info][gc,start       ] GC(695) Pause Young (Allocation Failure)
[96.512s][info][gc,heap        ] GC(695) PSYoungGen: 295649K(322560K)->26606K(321024K) Eden: 294400K(294400K)->0K(294400K) From: 1249K(28160K)->26606K(26624K)
[96.512s][info][gc,heap        ] GC(695) ParOldGen: 80072K(699392K)->85123K(699392K)
[96.512s][info][gc,metaspace   ] GC(695) Metaspace: 141491K(143296K)->141491K(143296K) NonClass: 124116K(125056K)->124116K(125056K) Class: 17374K(18240K)->17374K(18240K)
[96.512s][info][gc             ] GC(695) Pause Young (Allocation Failure) 366M->109M(996M) 5.282ms
[96.512s][info][gc,cpu         ] GC(695) User=0.00s Sys=0.00s Real=0.00s
[96.579s][info][gc,start       ] GC(696) Pause Young (System.gc())
[96.580s][info][gc,heap        ] GC(696) PSYoungGen: 97655K(321024K)->500K(311808K) Eden: 71048K(294400K)->0K(283648K) From: 26606K(26624K)->500K(28160K)
[96.580s][info][gc,heap        ] GC(696) ParOldGen: 85123K(699392K)->85194K(699392K)
[96.580s][info][gc,metaspace   ] GC(696) Metaspace: 141491K(143296K)->141491K(143296K) NonClass: 124116K(125056K)->124116K(125056K) Class: 17374K(18240K)->17374K(18240K)
[96.580s][info][gc             ] GC(696) Pause Young (System.gc()) 178M->83M(987M) 0.772ms
[96.580s][info][gc,cpu         ] GC(696) User=0.00s Sys=0.00s Real=0.00s
[96.580s][info][gc,start       ] GC(697) Pause Full (System.gc())
[96.580s][info][gc,phases,start] GC(697) Marking Phase
[96.645s][info][gc,phases      ] GC(697) Marking Phase 65.316ms
[96.645s][info][gc,phases,start] GC(697) Summary Phase
[96.645s][info][gc,phases      ] GC(697) Summary Phase 0.010ms
[96.645s][info][gc,phases,start] GC(697) Adjust Roots
[96.667s][info][gc,phases      ] GC(697) Adjust Roots 21.624ms
[96.667s][info][gc,phases,start] GC(697) Compaction Phase
[96.676s][info][gc,phases      ] GC(697) Compaction Phase 8.829ms
[96.676s][info][gc,phases,start] GC(697) Post Compact
[96.677s][info][gc,phases      ] GC(697) Post Compact 0.735ms
[96.677s][info][gc,heap        ] GC(697) PSYoungGen: 500K(311808K)->0K(311808K) Eden: 0K(283648K)->0K(283648K) From: 500K(28160K)->0K(28160K)
[96.677s][info][gc,heap        ] GC(697) ParOldGen: 85194K(699392K)->77468K(699392K)
[96.677s][info][gc,metaspace   ] GC(697) Metaspace: 141491K(143296K)->141464K(143296K) NonClass: 124116K(125056K)->124094K(125056K) Class: 17374K(18240K)->17370K(18240K)
[96.677s][info][gc             ] GC(697) Pause Full (System.gc()) 83M->75M(987M) 96.832ms
[96.677s][info][gc,cpu         ] GC(697) User=0.09s Sys=0.00s Real=0.09s
[96.870s][info][gc,start       ] GC(698) Pause Young (Allocation Failure)
[96.872s][info][gc,heap        ] GC(698) PSYoungGen: 283648K(311808K)->2259K(316416K) Eden: 283648K(283648K)->0K(283648K) From: 0K(28160K)->2259K(32768K)
[96.872s][info][gc,heap        ] GC(698) ParOldGen: 77468K(699392K)->77468K(699392K)
[96.872s][info][gc,metaspace   ] GC(698) Metaspace: 141493K(143296K)->141493K(143296K) NonClass: 124118K(125056K)->124118K(125056K) Class: 17374K(18240K)->17374K(18240K)
[96.872s][info][gc             ] GC(698) Pause Young (Allocation Failure) 352M->77M(992M) 1.812ms
[96.872s][info][gc,cpu         ] GC(698) User=0.00s Sys=0.00s Real=0.00s
[96.957s][info][gc,start       ] GC(699) Pause Young (Allocation Failure)
[96.959s][info][gc,heap        ] GC(699) PSYoungGen: 285907K(316416K)->2544K(320000K) Eden: 283648K(283648K)->0K(288768K) From: 2259K(32768K)->2544K(31232K)
[96.959s][info][gc,heap        ] GC(699) ParOldGen: 77468K(699392K)->78697K(699392K)
[96.959s][info][gc,metaspace   ] GC(699) Metaspace: 141493K(143296K)->141493K(143296K) NonClass: 124118K(125056K)->124118K(125056K) Class: 17374K(18240K)->17374K(18240K)
[96.959s][info][gc             ] GC(699) Pause Young (Allocation Failure) 354M->79M(995M) 2.059ms
[96.959s][info][gc,cpu         ] GC(699) User=0.00s Sys=0.00s Real=0.00s
[97.020s][info][gc,start       ] GC(700) Pause Young (Allocation Failure)
[97.021s][info][gc,heap        ] GC(700) PSYoungGen: 291312K(320000K)->192K(317952K) Eden: 288768K(288768K)->0K(288768K) From: 2544K(31232K)->192K(29184K)
[97.021s][info][gc,heap        ] GC(700) ParOldGen: 78697K(699392K)->80466K(699392K)
[97.021s][info][gc,metaspace   ] GC(700) Metaspace: 141493K(143296K)->141493K(143296K) NonClass: 124118K(125056K)->124118K(125056K) Class: 17374K(18240K)->17374K(18240K)
[97.021s][info][gc             ] GC(700) Pause Young (Allocation Failure) 361M->78M(993M) 1.421ms
[97.021s][info][gc,cpu         ] GC(700) User=0.00s Sys=0.00s Real=0.00s
[97.143s][info][gc,start       ] GC(701) Pause Young (Allocation Failure)
[97.144s][info][gc,heap        ] GC(701) PSYoungGen: 288960K(317952K)->1407K(322560K) Eden: 288768K(288768K)->0K(294400K) From: 192K(29184K)->1407K(28160K)
[97.144s][info][gc,heap        ] GC(701) ParOldGen: 80466K(699392K)->80514K(699392K)
[97.144s][info][gc,metaspace   ] GC(701) Metaspace: 141493K(143296K)->141493K(143296K) NonClass: 124118K(125056K)->124118K(125056K) Class: 17374K(18240K)->17374K(18240K)
[97.144s][info][gc             ] GC(701) Pause Young (Allocation Failure) 360M->80M(998M) 1.035ms
[97.144s][info][gc,cpu         ] GC(701) User=0.00s Sys=0.00s Real=0.00s
[97.292s][info][gc,start       ] GC(702) Pause Young (Allocation Failure)
[97.298s][info][gc,heap        ] GC(702) PSYoungGen: 295807K(322560K)->26606K(321024K) Eden: 294400K(294400K)->0K(294400K) From: 1407K(28160K)->26606K(26624K)
[97.298s][info][gc,heap        ] GC(702) ParOldGen: 80514K(699392K)->85533K(699392K)
[97.298s][info][gc,metaspace   ] GC(702) Metaspace: 141493K(143296K)->141493K(143296K) NonClass: 124118K(125056K)->124118K(125056K) Class: 17374K(18240K)->17374K(18240K)
[97.298s][info][gc             ] GC(702) Pause Young (Allocation Failure) 367M->109M(996M) 5.511ms
[97.298s][info][gc,cpu         ] GC(702) User=0.02s Sys=0.00s Real=0.02s
[97.367s][info][gc,start       ] GC(703) Pause Young (System.gc())
[97.368s][info][gc,heap        ] GC(703) PSYoungGen: 97992K(321024K)->500K(311808K) Eden: 71385K(294400K)->0K(283648K) From: 26606K(26624K)->500K(28160K)
[97.368s][info][gc,heap        ] GC(703) ParOldGen: 85533K(699392K)->85604K(699392K)
[97.368s][info][gc,metaspace   ] GC(703) Metaspace: 141493K(143296K)->141493K(143296K) NonClass: 124118K(125056K)->124118K(125056K) Class: 17374K(18240K)->17374K(18240K)
[97.368s][info][gc             ] GC(703) Pause Young (System.gc()) 179M->84M(987M) 0.754ms
[97.368s][info][gc,cpu         ] GC(703) User=0.00s Sys=0.00s Real=0.00s
[97.368s][info][gc,start       ] GC(704) Pause Full (System.gc())
[97.368s][info][gc,phases,start] GC(704) Marking Phase
[97.437s][info][gc,phases      ] GC(704) Marking Phase 68.797ms
[97.437s][info][gc,phases,start] GC(704) Summary Phase
[97.437s][info][gc,phases      ] GC(704) Summary Phase 0.010ms
[97.437s][info][gc,phases,start] GC(704) Adjust Roots
[97.459s][info][gc,phases      ] GC(704) Adjust Roots 22.033ms
[97.459s][info][gc,phases,start] GC(704) Compaction Phase
[97.467s][info][gc,phases      ] GC(704) Compaction Phase 8.205ms
[97.467s][info][gc,phases,start] GC(704) Post Compact
[97.468s][info][gc,phases      ] GC(704) Post Compact 0.754ms
[97.468s][info][gc,heap        ] GC(704) PSYoungGen: 500K(311808K)->0K(311808K) Eden: 0K(283648K)->0K(283648K) From: 500K(28160K)->0K(28160K)
[97.468s][info][gc,heap        ] GC(704) ParOldGen: 85604K(699392K)->77576K(699392K)
[97.468s][info][gc,metaspace   ] GC(704) Metaspace: 141493K(143296K)->141466K(143296K) NonClass: 124118K(125056K)->124096K(125056K) Class: 17374K(18240K)->17370K(18240K)
[97.468s][info][gc             ] GC(704) Pause Full (System.gc()) 84M->75M(987M) 100.226ms
[97.468s][info][gc,cpu         ] GC(704) User=0.11s Sys=0.00s Real=0.09s
[97.663s][info][gc,start       ] GC(705) Pause Young (Allocation Failure)
[97.664s][info][gc,heap        ] GC(705) PSYoungGen: 283648K(311808K)->2282K(316416K) Eden: 283648K(283648K)->0K(283648K) From: 0K(28160K)->2282K(32768K)
[97.665s][info][gc,heap        ] GC(705) ParOldGen: 77576K(699392K)->77576K(699392K)
[97.665s][info][gc,metaspace   ] GC(705) Metaspace: 141500K(143296K)->141500K(143296K) NonClass: 124125K(125056K)->124125K(125056K) Class: 17374K(18240K)->17374K(18240K)
[97.665s][info][gc             ] GC(705) Pause Young (Allocation Failure) 352M->77M(992M) 1.794ms
[97.665s][info][gc,cpu         ] GC(705) User=0.00s Sys=0.00s Real=0.00s
[97.748s][info][gc,start       ] GC(706) Pause Young (Allocation Failure)
[97.750s][info][gc,heap        ] GC(706) PSYoungGen: 285930K(316416K)->2541K(320000K) Eden: 283648K(283648K)->0K(288768K) From: 2282K(32768K)->2541K(31232K)
[97.750s][info][gc,heap        ] GC(706) ParOldGen: 77576K(699392K)->78802K(699392K)
[97.750s][info][gc,metaspace   ] GC(706) Metaspace: 141500K(143296K)->141500K(143296K) NonClass: 124125K(125056K)->124125K(125056K) Class: 17374K(18240K)->17374K(18240K)
[97.750s][info][gc             ] GC(706) Pause Young (Allocation Failure) 354M->79M(995M) 2.079ms
[97.750s][info][gc,cpu         ] GC(706) User=0.00s Sys=0.00s Real=0.00s
[97.812s][info][gc,start       ] GC(707) Pause Young (Allocation Failure)
[97.814s][info][gc,heap        ] GC(707) PSYoungGen: 291309K(320000K)->192K(317952K) Eden: 288768K(288768K)->0K(288768K) From: 2541K(31232K)->192K(29184K)
[97.814s][info][gc,heap        ] GC(707) ParOldGen: 78802K(699392K)->80561K(699392K)
[97.814s][info][gc,metaspace   ] GC(707) Metaspace: 141500K(143296K)->141500K(143296K) NonClass: 124125K(125056K)->124125K(125056K) Class: 17374K(18240K)->17374K(18240K)
[97.814s][info][gc             ] GC(707) Pause Young (Allocation Failure) 361M->78M(993M) 1.403ms
[97.814s][info][gc,cpu         ] GC(707) User=0.00s Sys=0.00s Real=0.00s
[97.935s][info][gc,start       ] GC(708) Pause Young (Allocation Failure)
[97.936s][info][gc,heap        ] GC(708) PSYoungGen: 284984K(317952K)->876K(322560K) Eden: 284792K(288768K)->0K(294400K) From: 192K(29184K)->876K(28160K)
[97.936s][info][gc,heap        ] GC(708) ParOldGen: 80561K(699392K)->80577K(699392K)
[97.936s][info][gc,metaspace   ] GC(708) Metaspace: 141500K(143296K)->141500K(143296K) NonClass: 124125K(125056K)->124125K(125056K) Class: 17374K(18240K)->17374K(18240K)
[97.936s][info][gc             ] GC(708) Pause Young (Allocation Failure) 356M->79M(998M) 1.110ms
[97.937s][info][gc,cpu         ] GC(708) User=0.00s Sys=0.00s Real=0.00s
[98.085s][info][gc,start       ] GC(709) Pause Young (Allocation Failure)
[98.091s][info][gc,heap        ] GC(709) PSYoungGen: 295276K(322560K)->26618K(321024K) Eden: 294400K(294400K)->0K(294400K) From: 876K(28160K)->26618K(26624K)
[98.091s][info][gc,heap        ] GC(709) ParOldGen: 80577K(699392K)->85665K(699392K)
[98.091s][info][gc,metaspace   ] GC(709) Metaspace: 141501K(143296K)->141501K(143296K) NonClass: 124127K(125056K)->124127K(125056K) Class: 17374K(18240K)->17374K(18240K)
[98.091s][info][gc             ] GC(709) Pause Young (Allocation Failure) 367M->109M(996M) 5.998ms
[98.091s][info][gc,cpu         ] GC(709) User=0.02s Sys=0.00s Real=0.00s
[98.244s][info][gc,heap,exit   ] Heap
[98.244s][info][gc,heap,exit   ]  PSYoungGen      total 321024K, used 120998K [0x00000000eab00000, 0x0000000100000000, 0x0000000100000000)
[98.244s][info][gc,heap,exit   ]   eden space 294400K, 32% used [0x00000000eab00000,0x00000000f072b060,0x00000000fca80000)
[98.244s][info][gc,heap,exit   ]   from space 26624K, 99% used [0x00000000fca80000,0x00000000fe47eb40,0x00000000fe480000)
[98.244s][info][gc,heap,exit   ]   to   space 28160K, 0% used [0x00000000fe480000,0x00000000fe480000,0x0000000100000000)
[98.244s][info][gc,heap,exit   ]  ParOldGen       total 699392K, used 85665K [0x00000000c0000000, 0x00000000eab00000, 0x00000000eab00000)
[98.244s][info][gc,heap,exit   ]   object space 699392K, 12% used [0x00000000c0000000,0x00000000c53a8458,0x00000000eab00000)
[98.244s][info][gc,heap,exit   ]  Metaspace       used 141944K, committed 143808K, reserved 1179648K
[98.244s][info][gc,heap,exit   ]   class space    used 17465K, committed 18368K, reserved 1048576K
