[0.004s][info][gc] Min heap equals to max heap, disabling ShenandoahUncommit
[0.007s][info][gc] Heuristics ergonomically sets -XX:+ExplicitGCInvokesConcurrent
[0.007s][info][gc] Heuristics ergonomically sets -XX:+ShenandoahImplicitGCInvokesConcurrent
[0.008s][info][gc] Using Shenandoah
[0.010s][info][gc,ergo] Pacer for Idle. Initial: 41943K, Alloc Tax Rate: 1.0x
[0.010s][info][gc,init] Version: 17.0.12+7-adhoc..jdk17u (release)
[0.010s][info][gc,init] CPUs: 6 total, 6 available
[0.010s][info][gc,init] Memory: 15591M
[0.011s][info][gc,init] Large Page Support: Disabled
[0.011s][info][gc,init] NUMA Support: Disabled
[0.013s][info][gc,init] Compressed Oops: Enabled (32-bit)
[0.013s][info][gc,init] Heap Min Capacity: 2G
[0.013s][info][gc,init] Heap Initial Capacity: 2G
[0.013s][info][gc,init] Heap Max Capacity: 2G
[0.013s][info][gc,init] Pre-touch: Disabled
[0.013s][info][gc,init] Mode: Snapshot-At-The-Beginning (SATB)
[0.013s][info][gc,init] Heuristics: Adaptive
[0.013s][info][gc,init] Heap Region Count: 2048
[0.013s][info][gc,init] Heap Region Size: 1M
[0.013s][info][gc,init] TLAB Size Max: 1M
[0.013s][info][gc,init] Humongous Object Threshold: 1M
[0.013s][info][gc,init] Parallel Workers: 3
[0.013s][info][gc,init] Concurrent Workers: 1
[0.022s][info][gc,metaspace] CDS archive(s) mapped at: [0x000001edbd000000-0x000001edbdbc0000-0x000001edbdbc0000), size 12320768, SharedBaseAddress: 0x000001edbd000000, ArchiveRelocationMode: 1.
[0.022s][info][gc,metaspace] Compressed class space mapped at: 0x000001edbe000000-0x000001edfe000000, reserved size: 1073741824
[0.022s][info][gc,metaspace] Narrow klass base: 0x000001edbd000000, Narrow klass shift: 0, Narrow klass range: 0x100000000
[0.886s][info][gc          ] Trigger: Explicit GC request (System.gc())
[0.886s][info][gc,ergo     ] Free: 1920M, Max: 1024K regular, 1920M humongous, Frag: 0% external, 0% internal; Reserve: 103M, Max: 1024K
[0.886s][info][gc,start    ] GC(0) Concurrent reset
[0.886s][info][gc,task     ] GC(0) Using 1 of 3 workers for concurrent reset
[0.886s][info][gc,ergo     ] GC(0) Pacer for Reset. Non-Taxable: 2048M
[0.886s][info][gc          ] GC(0) Concurrent reset 0.344ms
[0.887s][info][gc,start    ] GC(0) Pause Init Mark (unload classes)
[0.887s][info][gc,task     ] GC(0) Using 3 of 3 workers for init marking
[0.887s][info][gc,ref      ] GC(0) Clearing All SoftReferences
[0.887s][info][gc,ergo     ] GC(0) Pacer for Mark. Expected Live: 204M, Free: 1920M, Non-Taxable: 192M, Alloc Tax Rate: 0.1x
[0.887s][info][gc          ] GC(0) Pause Init Mark (unload classes) 0.311ms
[0.887s][info][gc,start    ] GC(0) Concurrent marking roots
[0.887s][info][gc,task     ] GC(0) Using 1 of 3 workers for concurrent marking roots
[0.888s][info][gc          ] GC(0) Concurrent marking roots 0.490ms
[0.888s][info][gc,start    ] GC(0) Concurrent marking (unload classes)
[0.888s][info][gc,task     ] GC(0) Using 1 of 3 workers for concurrent marking
[0.892s][info][gc          ] GC(0) Concurrent marking (unload classes) 4.255ms
[0.892s][info][gc,start    ] GC(0) Pause Final Mark (unload classes)
[0.892s][info][gc,task     ] GC(0) Using 3 of 3 workers for final marking
[0.892s][info][gc,ergo     ] GC(0) Adaptive CSet Selection. Target Free: 290M, Actual Free: 2023M, Max CSet: 87381K, Min Garbage: 0B
[0.892s][info][gc,ergo     ] GC(0) Collectable Garbage: 22598K (100%), Immediate: 0B (0%), CSet: 22598K (100%)
[0.892s][info][gc,ergo     ] GC(0) Pacer for Evacuation. Used CSet: 25600K, Free: 1920M, Non-Taxable: 192M, Alloc Tax Rate: 1.1x
[0.892s][info][gc          ] GC(0) Pause Final Mark (unload classes) 0.436ms
[0.892s][info][gc,start    ] GC(0) Concurrent thread roots
[0.892s][info][gc,task     ] GC(0) Using 1 of 3 workers for Concurrent thread roots
[0.893s][info][gc          ] GC(0) Concurrent thread roots 0.729ms
[0.893s][info][gc,start    ] GC(0) Concurrent weak references
[0.893s][info][gc,task     ] GC(0) Using 1 of 3 workers for concurrent weak references
[0.893s][info][gc,ref      ] GC(0) Encountered references: Soft: 240, Weak: 751, Final: 0, Phantom: 221
[0.893s][info][gc,ref      ] GC(0) Discovered  references: Soft: 196, Weak: 332, Final: 0, Phantom: 219
[0.893s][info][gc,ref      ] GC(0) Enqueued    references: Soft: 129, Weak: 174, Final: 0, Phantom: 194
[0.893s][info][gc          ] GC(0) Concurrent weak references 0.209ms
[0.893s][info][gc,start    ] GC(0) Concurrent weak roots
[0.893s][info][gc,task     ] GC(0) Using 1 of 3 workers for concurrent weak root
[0.894s][info][gc          ] GC(0) Concurrent weak roots 0.767ms
[0.894s][info][gc,start    ] GC(0) Concurrent cleanup
[0.894s][info][gc          ] GC(0) Concurrent cleanup 25M->25M(2048M) 0.025ms
[0.894s][info][gc,ergo     ] GC(0) Free: 1920M, Max: 1024K regular, 1920M humongous, Frag: 0% external, 0% internal; Reserve: 102M, Max: 1024K
[0.894s][info][gc,start    ] GC(0) Concurrent class unloading
[0.894s][info][gc,task     ] GC(0) Using 1 of 3 workers for concurrent class unloading
[0.897s][info][gc          ] GC(0) Concurrent class unloading 2.562ms
[0.897s][info][gc,start    ] GC(0) Concurrent strong roots
[0.897s][info][gc,task     ] GC(0) Using 1 of 3 workers for concurrent strong root
[0.897s][info][gc          ] GC(0) Concurrent strong roots 0.508ms
[0.897s][info][gc,start    ] GC(0) Concurrent evacuation
[0.897s][info][gc,task     ] GC(0) Using 1 of 3 workers for concurrent evacuation
[0.900s][info][gc          ] GC(0) Concurrent evacuation 2.646ms
[0.900s][info][gc,start    ] GC(0) Pause Init Update Refs
[0.900s][info][gc,ergo     ] GC(0) Pacer for Update Refs. Used: 29696K, Free: 1920M, Non-Taxable: 192M, Alloc Tax Rate: 1.1x
[0.900s][info][gc          ] GC(0) Pause Init Update Refs 0.057ms
[0.900s][info][gc,start    ] GC(0) Concurrent update references
[0.900s][info][gc,task     ] GC(0) Using 1 of 3 workers for concurrent reference update
[0.903s][info][gc          ] GC(0) Concurrent update references 2.699ms
[0.903s][info][gc,start    ] GC(0) Concurrent update thread roots
[0.904s][info][gc          ] GC(0) Concurrent update thread roots 0.713ms
[0.904s][info][gc,start    ] GC(0) Pause Final Update Refs
[0.904s][info][gc,task     ] GC(0) Using 3 of 3 workers for final reference update
[0.904s][info][gc          ] GC(0) Pause Final Update Refs 0.225ms
[0.904s][info][gc,start    ] GC(0) Concurrent cleanup
[0.904s][info][gc          ] GC(0) Concurrent cleanup 29M->4M(2048M) 0.081ms
[0.904s][info][gc,ergo     ] Free: 1941M, Max: 1024K regular, 1941M humongous, Frag: 0% external, 0% internal; Reserve: 103M, Max: 1024K
[0.904s][info][gc,stats    ] 
[0.904s][info][gc,stats    ] All times are wall-clock times, except per-root-class counters, that are sum over
[0.904s][info][gc,stats    ] all workers. Dividing the <total> over the root stage time estimates parallelism.
[0.904s][info][gc,stats    ] 
[0.904s][info][gc,stats    ] Concurrent Reset                    406 us
[0.904s][info][gc,stats    ] Pause Init Mark (G)                 491 us
[0.904s][info][gc,stats    ] Pause Init Mark (N)                 328 us
[0.904s][info][gc,stats    ]   Update Region States               68 us
[0.905s][info][gc,stats    ] Concurrent Mark Roots               508 us, parallelism: 0.79x
[0.905s][info][gc,stats    ]   CMR: <total>                      399 us
[0.905s][info][gc,stats    ]   CMR: Thread Roots                 291 us, workers (us): 291, ---, ---, 
[0.905s][info][gc,stats    ]   CMR: VM Strong Roots               30 us, workers (us):  30, ---, ---, 
[0.905s][info][gc,stats    ]   CMR: CLDG Roots                    78 us, workers (us):  78, ---, ---, 
[0.905s][info][gc,stats    ] Concurrent Marking                 4313 us
[0.905s][info][gc,stats    ] Pause Final Mark (G)                530 us
[0.905s][info][gc,stats    ] Pause Final Mark (N)                453 us
[0.905s][info][gc,stats    ]   Finish Mark                       121 us
[0.905s][info][gc,stats    ]   Update Region States              111 us
[0.905s][info][gc,stats    ]   Choose Collection Set              77 us
[0.905s][info][gc,stats    ]   Rebuild Free Set                   16 us
[0.905s][info][gc,stats    ] Concurrent Thread Roots             753 us, parallelism: 0.75x
[0.905s][info][gc,stats    ]   CTR: <total>                      562 us
[0.905s][info][gc,stats    ]   CTR: Thread Roots                 562 us, workers (us): 562, ---, ---, 
[0.905s][info][gc,stats    ] Concurrent Weak References          217 us, parallelism: 0.33x
[0.905s][info][gc,stats    ]   CWRF: <total>                      72 us
[0.905s][info][gc,stats    ]   CWRF: Weak References              72 us, workers (us):  72, ---, ---, 
[0.905s][info][gc,stats    ] Concurrent Weak Roots               799 us
[0.905s][info][gc,stats    ]   Roots                             685 us, parallelism: 0.91x
[0.905s][info][gc,stats    ]     CWR: <total>                    626 us
[0.905s][info][gc,stats    ]     CWR: Code Cache Roots           211 us, workers (us): 211, ---, ---, 
[0.905s][info][gc,stats    ]     CWR: VM Weak Roots              411 us, workers (us): 411, ---, ---, 
[0.905s][info][gc,stats    ]     CWR: CLDG Roots                   4 us, workers (us):   4, ---, ---, 
[0.905s][info][gc,stats    ]   Rendezvous                         65 us
[0.905s][info][gc,stats    ] Concurrent Cleanup                   34 us
[0.905s][info][gc,stats    ] Concurrent Class Unloading         2629 us
[0.905s][info][gc,stats    ]   Unlink Stale                     2315 us
[0.905s][info][gc,stats    ]     System Dictionary                59 us
[0.905s][info][gc,stats    ]     Weak Class Links               1022 us
[0.905s][info][gc,stats    ]     Code Roots                     1233 us
[0.905s][info][gc,stats    ]   Rendezvous                         73 us
[0.905s][info][gc,stats    ]   Purge Unlinked                    154 us
[0.905s][info][gc,stats    ]     Code Roots                      130 us
[0.905s][info][gc,stats    ]     CLDG                             23 us
[0.905s][info][gc,stats    ]     Exception Caches                  0 us
[0.905s][info][gc,stats    ] Concurrent Strong Roots             552 us, parallelism: 0.74x
[0.905s][info][gc,stats    ]   CSR: <total>                      407 us
[0.905s][info][gc,stats    ]   CSR: VM Strong Roots               18 us, workers (us):  18, ---, ---, 
[0.905s][info][gc,stats    ]   CSR: CLDG Roots                   389 us, workers (us): 389, ---, ---, 
[0.905s][info][gc,stats    ] Concurrent Evacuation              2713 us
[0.905s][info][gc,stats    ] Pause Init Update Refs (G)          178 us
[0.905s][info][gc,stats    ] Pause Init Update Refs (N)           65 us
[0.905s][info][gc,stats    ]   Manage GCLABs                       3 us
[0.905s][info][gc,stats    ] Concurrent Update Refs             2737 us
[0.905s][info][gc,stats    ] Concurrent Update Thread Roots      762 us
[0.905s][info][gc,stats    ] Pause Final Update Refs (G)         383 us
[0.905s][info][gc,stats    ] Pause Final Update Refs (N)         262 us
[0.905s][info][gc,stats    ]   Update Region States              115 us
[0.905s][info][gc,stats    ]   Trash Collection Set                4 us
[0.905s][info][gc,stats    ]   Rebuild Free Set                   18 us
[0.905s][info][gc,stats    ] Concurrent Cleanup                  108 us
[0.905s][info][gc,stats    ] 
[0.905s][info][gc,stats    ] Allocation pacing accrued:
[0.905s][info][gc,stats    ]       0 of   895 ms (  0.0%): <total>
[0.905s][info][gc,stats    ]       0 of   895 ms (  0.0%): <average total>
[0.905s][info][gc,stats    ] 
[0.905s][info][gc,metaspace] Metaspace: 8507K(8704K)->8520K(8768K) NonClass: 7380K(7488K)->7390K(7552K) Class: 1127K(1216K)->1129K(1216K)
[0.905s][info][gc,ergo     ] Pacer for Idle. Initial: 41943K, Alloc Tax Rate: 1.0x
[2.511s][info][gc          ] Trigger: Learning 2 of 5. Free (1431M) is below initial threshold (1433M)
[2.511s][info][gc,ergo     ] Free: 1431M, Max: 1024K regular, 1431M humongous, Frag: 0% external, 0% internal; Reserve: 103M, Max: 1024K
[2.511s][info][gc,start    ] GC(1) Concurrent reset
[2.511s][info][gc,task     ] GC(1) Using 1 of 3 workers for concurrent reset
[2.511s][info][gc,ergo     ] GC(1) Pacer for Reset. Non-Taxable: 2048M
[2.512s][info][gc          ] GC(1) Concurrent reset 0.281ms
[2.512s][info][gc,start    ] GC(1) Pause Init Mark (unload classes)
[2.512s][info][gc,task     ] GC(1) Using 3 of 3 workers for init marking
[2.512s][info][gc,ergo     ] GC(1) Pacer for Mark. Expected Live: 3001K, Free: 1431M, Non-Taxable: 143M, Alloc Tax Rate: 0.0x
[2.512s][info][gc          ] GC(1) Pause Init Mark (unload classes) 0.179ms
[2.512s][info][gc,start    ] GC(1) Concurrent marking roots
[2.512s][info][gc,task     ] GC(1) Using 1 of 3 workers for concurrent marking roots
[2.513s][info][gc          ] GC(1) Concurrent marking roots 0.875ms
[2.513s][info][gc,start    ] GC(1) Concurrent marking (unload classes)
[2.513s][info][gc,task     ] GC(1) Using 1 of 3 workers for concurrent marking
[2.827s][info][gc          ] GC(1) Concurrent marking (unload classes) 313.986ms
[2.827s][info][gc,start    ] GC(1) Pause Final Mark (unload classes)
[2.827s][info][gc,task     ] GC(1) Using 3 of 3 workers for final marking
[2.827s][info][gc,ergo     ] GC(1) Adaptive CSet Selection. Target Free: 290M, Actual Free: 1452M, Max CSet: 87381K, Min Garbage: 0B
[2.827s][info][gc,ergo     ] GC(1) Collectable Garbage: 210M (63%), Immediate: 10880K (3%), CSet: 199M (60%)
[2.827s][info][gc,ergo     ] GC(1) Pacer for Evacuation. Used CSet: 284M, Free: 1356M, Non-Taxable: 135M, Alloc Tax Rate: 1.1x
[2.827s][info][gc          ] GC(1) Pause Final Mark (unload classes) 0.227ms
[2.828s][info][gc,start    ] GC(1) Concurrent thread roots
[2.828s][info][gc,task     ] GC(1) Using 1 of 3 workers for Concurrent thread roots
[2.829s][info][gc          ] GC(1) Concurrent thread roots 1.253ms
[2.829s][info][gc,start    ] GC(1) Concurrent weak references
[2.829s][info][gc,task     ] GC(1) Using 1 of 3 workers for concurrent weak references
[2.829s][info][gc,ref      ] GC(1) Encountered references: Soft: 144, Weak: 643, Final: 0, Phantom: 78
[2.829s][info][gc,ref      ] GC(1) Discovered  references: Soft: 0, Weak: 461, Final: 0, Phantom: 54
[2.829s][info][gc,ref      ] GC(1) Enqueued    references: Soft: 0, Weak: 16, Final: 0, Phantom: 15
[2.829s][info][gc          ] GC(1) Concurrent weak references 0.130ms
[2.829s][info][gc,start    ] GC(1) Concurrent weak roots
[2.829s][info][gc,task     ] GC(1) Using 1 of 3 workers for concurrent weak root
[2.831s][info][gc          ] GC(1) Concurrent weak roots 1.304ms
[2.831s][info][gc,start    ] GC(1) Concurrent cleanup
[2.831s][info][gc          ] GC(1) Concurrent cleanup 593M->582M(2048M) 0.037ms
[2.831s][info][gc,ergo     ] GC(1) Free: 1353M, Max: 1024K regular, 1336M humongous, Frag: 2% external, 0% internal; Reserve: 102M, Max: 1024K
[2.831s][info][gc,start    ] GC(1) Concurrent class unloading
[2.831s][info][gc,task     ] GC(1) Using 1 of 3 workers for concurrent class unloading
[2.842s][info][gc          ] GC(1) Concurrent class unloading 11.594ms
[2.842s][info][gc,start    ] GC(1) Concurrent strong roots
[2.842s][info][gc,task     ] GC(1) Using 1 of 3 workers for concurrent strong root
[2.843s][info][gc          ] GC(1) Concurrent strong roots 0.223ms
[2.843s][info][gc,start    ] GC(1) Concurrent evacuation
[2.843s][info][gc,task     ] GC(1) Using 1 of 3 workers for concurrent evacuation
[2.951s][info][gc          ] GC(1) Concurrent evacuation 108.488ms
[2.951s][info][gc,start    ] GC(1) Pause Init Update Refs
[2.951s][info][gc,ergo     ] GC(1) Pacer for Update Refs. Used: 690M, Free: 1332M, Non-Taxable: 133M, Alloc Tax Rate: 1.1x
[2.951s][info][gc          ] GC(1) Pause Init Update Refs 0.038ms
[2.974s][info][gc,start    ] GC(1) Concurrent update references
[2.974s][info][gc,task     ] GC(1) Using 1 of 3 workers for concurrent reference update
[3.198s][info][gc          ] GC(1) Concurrent update references 224.827ms
[3.199s][info][gc,start    ] GC(1) Concurrent update thread roots
[3.209s][info][gc          ] GC(1) Concurrent update thread roots 10.349ms
[3.209s][info][gc,start    ] GC(1) Pause Final Update Refs
[3.209s][info][gc,task     ] GC(1) Using 3 of 3 workers for final reference update
[3.209s][info][gc          ] GC(1) Pause Final Update Refs 0.245ms
[3.212s][info][gc,start    ] GC(1) Concurrent cleanup
[3.212s][info][gc          ] GC(1) Concurrent cleanup 921M->639M(2048M) 0.098ms
[3.212s][info][gc,ergo     ] Free: 1271M, Max: 1024K regular, 988M humongous, Frag: 23% external, 0% internal; Reserve: 103M, Max: 1024K
[3.212s][info][gc,stats    ] 
[3.212s][info][gc,stats    ] All times are wall-clock times, except per-root-class counters, that are sum over
[3.212s][info][gc,stats    ] all workers. Dividing the <total> over the root stage time estimates parallelism.
[3.212s][info][gc,stats    ] 
[3.212s][info][gc,stats    ] Concurrent Reset                    324 us
[3.212s][info][gc,stats    ] Pause Init Mark (G)                 312 us
[3.212s][info][gc,stats    ] Pause Init Mark (N)                 195 us
[3.212s][info][gc,stats    ]   Update Region States               71 us
[3.212s][info][gc,stats    ] Concurrent Mark Roots               914 us, parallelism: 0.85x
[3.212s][info][gc,stats    ]   CMR: <total>                      780 us
[3.212s][info][gc,stats    ]   CMR: Thread Roots                 696 us, workers (us): 696, ---, ---, 
[3.212s][info][gc,stats    ]   CMR: VM Strong Roots               15 us, workers (us):  15, ---, ---, 
[3.212s][info][gc,stats    ]   CMR: CLDG Roots                    69 us, workers (us):  69, ---, ---, 
[3.212s][info][gc,stats    ] Concurrent Marking               314037 us
[3.212s][info][gc,stats    ] Pause Final Mark (G)                836 us
[3.212s][info][gc,stats    ] Pause Final Mark (N)                236 us
[3.212s][info][gc,stats    ]   Finish Mark                        48 us
[3.212s][info][gc,stats    ]   Update Region States               30 us
[3.212s][info][gc,stats    ]   Choose Collection Set              98 us
[3.212s][info][gc,stats    ]   Rebuild Free Set                    8 us
[3.212s][info][gc,stats    ] Concurrent Thread Roots            1303 us, parallelism: 0.91x
[3.212s][info][gc,stats    ]   CTR: <total>                     1181 us
[3.212s][info][gc,stats    ]   CTR: Thread Roots                1181 us, workers (us): 1181, ---, ---, 
[3.212s][info][gc,stats    ] Concurrent Weak References          138 us, parallelism: 0.41x
[3.212s][info][gc,stats    ]   CWRF: <total>                      56 us
[3.212s][info][gc,stats    ]   CWRF: Weak References              56 us, workers (us):  56, ---, ---, 
[3.212s][info][gc,stats    ] Concurrent Weak Roots              1361 us
[3.212s][info][gc,stats    ]   Roots                             711 us, parallelism: 0.95x
[3.212s][info][gc,stats    ]     CWR: <total>                    677 us
[3.212s][info][gc,stats    ]     CWR: Code Cache Roots           499 us, workers (us): 499, ---, ---, 
[3.212s][info][gc,stats    ]     CWR: VM Weak Roots              167 us, workers (us): 167, ---, ---, 
[3.212s][info][gc,stats    ]     CWR: CLDG Roots                  11 us, workers (us):  11, ---, ---, 
[3.212s][info][gc,stats    ]   Rendezvous                        577 us
[3.212s][info][gc,stats    ] Concurrent Cleanup                   46 us
[3.212s][info][gc,stats    ] Concurrent Class Unloading        11649 us
[3.212s][info][gc,stats    ]   Unlink Stale                     2425 us
[3.212s][info][gc,stats    ]     System Dictionary                 9 us
[3.212s][info][gc,stats    ]     Weak Class Links                  0 us
[3.212s][info][gc,stats    ]     Code Roots                     2414 us
[3.212s][info][gc,stats    ]   Rendezvous                       8970 us
[3.212s][info][gc,stats    ]   Purge Unlinked                    179 us
[3.213s][info][gc,stats    ]     Code Roots                      174 us
[3.213s][info][gc,stats    ]     CLDG                              4 us
[3.213s][info][gc,stats    ]     Exception Caches                  0 us
[3.213s][info][gc,stats    ] Concurrent Strong Roots             236 us, parallelism: 0.73x
[3.213s][info][gc,stats    ]   CSR: <total>                      173 us
[3.213s][info][gc,stats    ]   CSR: VM Strong Roots                4 us, workers (us):   4, ---, ---, 
[3.213s][info][gc,stats    ]   CSR: CLDG Roots                   169 us, workers (us): 169, ---, ---, 
[3.213s][info][gc,stats    ] Concurrent Evacuation            108570 us
[3.213s][info][gc,stats    ] Pause Init Update Refs (G)        22519 us
[3.213s][info][gc,stats    ] Pause Init Update Refs (N)           47 us
[3.213s][info][gc,stats    ]   Manage GCLABs                       5 us
[3.213s][info][gc,stats    ] Concurrent Update Refs           224892 us
[3.213s][info][gc,stats    ] Concurrent Update Thread Roots    10414 us
[3.213s][info][gc,stats    ] Pause Final Update Refs (G)        3152 us
[3.213s][info][gc,stats    ] Pause Final Update Refs (N)         262 us
[3.213s][info][gc,stats    ]   Update Region States               72 us
[3.213s][info][gc,stats    ]   Trash Collection Set                5 us
[3.213s][info][gc,stats    ]   Rebuild Free Set                   20 us
[3.213s][info][gc,stats    ] Concurrent Cleanup                  109 us
[3.213s][info][gc,stats    ] 
[3.213s][info][gc,stats    ] Allocation pacing accrued:
[3.213s][info][gc,stats    ]       0 of  2308 ms (  0.0%): <total>
[3.213s][info][gc,stats    ]       0 of  2308 ms (  0.0%): <average total>
[3.213s][info][gc,stats    ] 
[3.213s][info][gc,metaspace] Metaspace: 14817K(15040K)->15623K(15872K) NonClass: 12745K(12864K)->13447K(13568K) Class: 2072K(2176K)->2175K(2304K)
[3.213s][info][gc,ergo     ] Pacer for Idle. Initial: 41943K, Alloc Tax Rate: 1.0x
[3.224s][info][gc          ] Trigger: Learning 3 of 5. Free (1251M) is below initial threshold (1433M)
[3.225s][info][gc,ergo     ] Free: 1250M, Max: 1024K regular, 988M humongous, Frag: 21% external, 0% internal; Reserve: 103M, Max: 1024K
[3.225s][info][gc,start    ] GC(2) Concurrent reset
[3.225s][info][gc,task     ] GC(2) Using 1 of 3 workers for concurrent reset
[3.225s][info][gc,ergo     ] GC(2) Pacer for Reset. Non-Taxable: 2048M
[3.227s][info][gc          ] GC(2) Concurrent reset 2.156ms
[3.227s][info][gc,start    ] GC(2) Pause Init Mark (unload classes)
[3.227s][info][gc,task     ] GC(2) Using 3 of 3 workers for init marking
[3.227s][info][gc,ergo     ] GC(2) Pacer for Mark. Expected Live: 88968K, Free: 1249M, Non-Taxable: 124M, Alloc Tax Rate: 0.1x
[3.227s][info][gc          ] GC(2) Pause Init Mark (unload classes) 0.133ms
[3.240s][info][gc,start    ] GC(2) Concurrent marking roots
[3.240s][info][gc,task     ] GC(2) Using 1 of 3 workers for concurrent marking roots
[3.241s][info][gc          ] GC(2) Concurrent marking roots 0.855ms
[3.241s][info][gc,start    ] GC(2) Concurrent marking (unload classes)
[3.241s][info][gc,task     ] GC(2) Using 1 of 3 workers for concurrent marking
[3.520s][info][gc          ] GC(2) Concurrent marking (unload classes) 279.059ms
[3.520s][info][gc,start    ] GC(2) Pause Final Mark (unload classes)
[3.520s][info][gc,task     ] GC(2) Using 3 of 3 workers for final marking
[3.521s][info][gc,ergo     ] GC(2) Adaptive CSet Selection. Target Free: 290M, Actual Free: 1516M, Max CSet: 87381K, Min Garbage: 0B
[3.521s][info][gc,ergo     ] GC(2) Collectable Garbage: 464M (98%), Immediate: 282M (59%), CSet: 182M (38%)
[3.521s][info][gc,ergo     ] GC(2) Pacer for Evacuation. Used CSet: 259M, Free: 1439M, Non-Taxable: 143M, Alloc Tax Rate: 1.1x
[3.521s][info][gc          ] GC(2) Pause Final Mark (unload classes) 0.633ms
[3.521s][info][gc,start    ] GC(2) Concurrent thread roots
[3.521s][info][gc,task     ] GC(2) Using 1 of 3 workers for Concurrent thread roots
[3.522s][info][gc          ] GC(2) Concurrent thread roots 0.672ms
[3.522s][info][gc,start    ] GC(2) Concurrent weak references
[3.522s][info][gc,task     ] GC(2) Using 1 of 3 workers for concurrent weak references
[3.522s][info][gc,ref      ] GC(2) Encountered references: Soft: 223, Weak: 702, Final: 0, Phantom: 84
[3.522s][info][gc,ref      ] GC(2) Discovered  references: Soft: 0, Weak: 182, Final: 0, Phantom: 45
[3.522s][info][gc,ref      ] GC(2) Enqueued    references: Soft: 0, Weak: 15, Final: 0, Phantom: 21
[3.522s][info][gc          ] GC(2) Concurrent weak references 0.230ms
[3.522s][info][gc,start    ] GC(2) Concurrent weak roots
[3.522s][info][gc,task     ] GC(2) Using 1 of 3 workers for concurrent weak root
[3.523s][info][gc          ] GC(2) Concurrent weak roots 0.778ms
[3.523s][info][gc,start    ] GC(2) Concurrent cleanup
[3.523s][info][gc          ] GC(2) Concurrent cleanup 771M->489M(2048M) 0.032ms
[3.523s][info][gc,ergo     ] GC(2) Free: 1439M, Max: 1024K regular, 998M humongous, Frag: 31% external, 0% internal; Reserve: 102M, Max: 1024K
[3.523s][info][gc,start    ] GC(2) Concurrent class unloading
[3.523s][info][gc,task     ] GC(2) Using 1 of 3 workers for concurrent class unloading
[3.527s][info][gc          ] GC(2) Concurrent class unloading 4.544ms
[3.527s][info][gc,start    ] GC(2) Concurrent strong roots
[3.527s][info][gc,task     ] GC(2) Using 1 of 3 workers for concurrent strong root
[3.528s][info][gc          ] GC(2) Concurrent strong roots 0.338ms
[3.528s][info][gc,start    ] GC(2) Concurrent evacuation
[3.528s][info][gc,task     ] GC(2) Using 1 of 3 workers for concurrent evacuation
[3.607s][info][gc          ] GC(2) Concurrent evacuation 79.346ms
[3.607s][info][gc,start    ] GC(2) Pause Init Update Refs
[3.607s][info][gc,ergo     ] GC(2) Pacer for Update Refs. Used: 566M, Free: 1439M, Non-Taxable: 143M, Alloc Tax Rate: 1.1x
[3.607s][info][gc          ] GC(2) Pause Init Update Refs 0.106ms
[3.608s][info][gc,start    ] GC(2) Concurrent update references
[3.608s][info][gc,task     ] GC(2) Using 1 of 3 workers for concurrent reference update
[3.833s][info][gc          ] GC(2) Concurrent update references 225.789ms
[3.833s][info][gc,start    ] GC(2) Concurrent update thread roots
[3.834s][info][gc          ] GC(2) Concurrent update thread roots 0.617ms
[3.834s][info][gc,start    ] GC(2) Pause Final Update Refs
[3.834s][info][gc,task     ] GC(2) Using 3 of 3 workers for final reference update
[3.834s][info][gc          ] GC(2) Pause Final Update Refs 0.166ms
[3.834s][info][gc,start    ] GC(2) Concurrent cleanup
[3.834s][info][gc          ] GC(2) Concurrent cleanup 566M->307M(2048M) 0.039ms
[3.834s][info][gc,ergo     ] Free: 1621M, Max: 1024K regular, 954M humongous, Frag: 42% external, 0% internal; Reserve: 103M, Max: 1024K
[3.834s][info][gc,stats    ] 
[3.834s][info][gc,stats    ] All times are wall-clock times, except per-root-class counters, that are sum over
[3.834s][info][gc,stats    ] all workers. Dividing the <total> over the root stage time estimates parallelism.
[3.834s][info][gc,stats    ] 
[3.834s][info][gc,stats    ] Concurrent Reset                   2234 us
[3.834s][info][gc,stats    ] Pause Init Mark (G)               13351 us
[3.834s][info][gc,stats    ] Pause Init Mark (N)                 143 us
[3.834s][info][gc,stats    ]   Update Region States               50 us
[3.834s][info][gc,stats    ] Concurrent Mark Roots               914 us, parallelism: 0.80x
[3.834s][info][gc,stats    ]   CMR: <total>                      730 us
[3.834s][info][gc,stats    ]   CMR: Thread Roots                 670 us, workers (us): 670, ---, ---, 
[3.834s][info][gc,stats    ]   CMR: VM Strong Roots               14 us, workers (us):  14, ---, ---, 
[3.834s][info][gc,stats    ]   CMR: CLDG Roots                    46 us, workers (us):  46, ---, ---, 
[3.834s][info][gc,stats    ] Concurrent Marking               279126 us
[3.834s][info][gc,stats    ] Pause Final Mark (G)                794 us
[3.834s][info][gc,stats    ] Pause Final Mark (N)                655 us
[3.834s][info][gc,stats    ]   Finish Mark                       162 us
[3.834s][info][gc,stats    ]   Update Region States              124 us
[3.834s][info][gc,stats    ]   Choose Collection Set             198 us
[3.834s][info][gc,stats    ]   Rebuild Free Set                   24 us
[3.834s][info][gc,stats    ] Concurrent Thread Roots             710 us, parallelism: 0.78x
[3.835s][info][gc,stats    ]   CTR: <total>                      554 us
[3.835s][info][gc,stats    ]   CTR: Thread Roots                 554 us, workers (us): 554, ---, ---, 
[3.835s][info][gc,stats    ] Concurrent Weak References          251 us, parallelism: 0.11x
[3.835s][info][gc,stats    ]   CWRF: <total>                      27 us
[3.835s][info][gc,stats    ]   CWRF: Weak References              27 us, workers (us):  27, ---, ---, 
[3.835s][info][gc,stats    ] Concurrent Weak Roots               797 us
[3.835s][info][gc,stats    ]   Roots                             678 us, parallelism: 0.94x
[3.835s][info][gc,stats    ]     CWR: <total>                    635 us
[3.835s][info][gc,stats    ]     CWR: Code Cache Roots           498 us, workers (us): 498, ---, ---, 
[3.835s][info][gc,stats    ]     CWR: VM Weak Roots              129 us, workers (us): 129, ---, ---, 
[3.835s][info][gc,stats    ]     CWR: CLDG Roots                   8 us, workers (us):   8, ---, ---, 
[3.835s][info][gc,stats    ]   Rendezvous                         67 us
[3.835s][info][gc,stats    ] Concurrent Cleanup                   40 us
[3.835s][info][gc,stats    ] Concurrent Class Unloading         4610 us
[3.835s][info][gc,stats    ]   Unlink Stale                     4150 us
[3.835s][info][gc,stats    ]     System Dictionary               111 us
[3.835s][info][gc,stats    ]     Weak Class Links               1508 us
[3.835s][info][gc,stats    ]     Code Roots                     2528 us
[3.835s][info][gc,stats    ]   Rendezvous                        183 us
[3.835s][info][gc,stats    ]   Purge Unlinked                    192 us
[3.835s][info][gc,stats    ]     Code Roots                      131 us
[3.835s][info][gc,stats    ]     CLDG                             61 us
[3.835s][info][gc,stats    ]     Exception Caches                  0 us
[3.835s][info][gc,stats    ] Concurrent Strong Roots             356 us, parallelism: 0.59x
[3.835s][info][gc,stats    ]   CSR: <total>                      211 us
[3.835s][info][gc,stats    ]   CSR: VM Strong Roots                7 us, workers (us):   7, ---, ---, 
[3.835s][info][gc,stats    ]   CSR: CLDG Roots                   205 us, workers (us): 205, ---, ---, 
[3.835s][info][gc,stats    ] Concurrent Evacuation             79417 us
[3.835s][info][gc,stats    ] Pause Init Update Refs (G)          350 us
[3.835s][info][gc,stats    ] Pause Init Update Refs (N)          127 us
[3.835s][info][gc,stats    ]   Manage GCLABs                       5 us
[3.835s][info][gc,stats    ] Concurrent Update Refs           225853 us
[3.835s][info][gc,stats    ] Concurrent Update Thread Roots      638 us
[3.835s][info][gc,stats    ] Pause Final Update Refs (G)         227 us
[3.835s][info][gc,stats    ] Pause Final Update Refs (N)         187 us
[3.835s][info][gc,stats    ]   Update Region States               60 us
[3.835s][info][gc,stats    ]   Trash Collection Set               11 us
[3.835s][info][gc,stats    ]   Rebuild Free Set                   22 us
[3.835s][info][gc,stats    ] Concurrent Cleanup                   48 us
[3.835s][info][gc,stats    ] 
[3.835s][info][gc,stats    ] Allocation pacing accrued:
[3.835s][info][gc,stats    ]       0 of   622 ms (  0.0%): <total>
[3.835s][info][gc,stats    ]       0 of   622 ms (  0.0%): <average total>
[3.835s][info][gc,stats    ] 
[3.835s][info][gc,metaspace] Metaspace: 15623K(15872K)->15628K(15936K) NonClass: 13447K(13568K)->13458K(13632K) Class: 2175K(2304K)->2170K(2304K)
[3.835s][info][gc,ergo     ] Pacer for Idle. Initial: 41943K, Alloc Tax Rate: 1.0x
[3.838s][info][gc          ] Trigger: Explicit GC request (System.gc())
[3.838s][info][gc,ergo     ] Free: 1621M, Max: 1024K regular, 954M humongous, Frag: 42% external, 0% internal; Reserve: 103M, Max: 1024K
[3.838s][info][gc,start    ] GC(3) Concurrent reset
[3.838s][info][gc,task     ] GC(3) Using 1 of 3 workers for concurrent reset
[3.838s][info][gc,ergo     ] GC(3) Pacer for Reset. Non-Taxable: 2048M
[3.840s][info][gc          ] GC(3) Concurrent reset 1.907ms
[3.840s][info][gc,start    ] GC(3) Pause Init Mark (unload classes)
[3.840s][info][gc,task     ] GC(3) Using 3 of 3 workers for init marking
[3.840s][info][gc,ref      ] GC(3) Clearing All SoftReferences
[3.840s][info][gc,ergo     ] GC(3) Pacer for Mark. Expected Live: 120M, Free: 1621M, Non-Taxable: 162M, Alloc Tax Rate: 0.1x
[3.840s][info][gc          ] GC(3) Pause Init Mark (unload classes) 0.265ms
[3.840s][info][gc,start    ] GC(3) Concurrent marking roots
[3.840s][info][gc,task     ] GC(3) Using 1 of 3 workers for concurrent marking roots
[3.841s][info][gc          ] GC(3) Concurrent marking roots 0.463ms
[3.841s][info][gc,start    ] GC(3) Concurrent marking (unload classes)
[3.841s][info][gc,task     ] GC(3) Using 1 of 3 workers for concurrent marking
[3.845s][info][gc          ] GC(3) Concurrent marking (unload classes) 4.595ms
[3.846s][info][gc,start    ] GC(3) Pause Final Mark (unload classes)
[3.846s][info][gc,task     ] GC(3) Using 3 of 3 workers for final marking
[3.846s][info][gc,ergo     ] GC(3) Collectable Garbage: 285M (93%), Immediate: 285M (93%), CSet: 0B (0%)
[3.846s][info][gc          ] GC(3) Pause Final Mark (unload classes) 0.317ms
[3.846s][info][gc,start    ] GC(3) Concurrent weak references
[3.846s][info][gc,task     ] GC(3) Using 1 of 3 workers for concurrent weak references
[3.846s][info][gc,ref      ] GC(3) Encountered references: Soft: 223, Weak: 683, Final: 0, Phantom: 65
[3.846s][info][gc,ref      ] GC(3) Discovered  references: Soft: 172, Weak: 168, Final: 0, Phantom: 63
[3.846s][info][gc,ref      ] GC(3) Enqueued    references: Soft: 93, Weak: 3, Final: 0, Phantom: 2
[3.846s][info][gc          ] GC(3) Concurrent weak references 0.297ms
[3.846s][info][gc,start    ] GC(3) Concurrent weak roots
[3.846s][info][gc,task     ] GC(3) Using 1 of 3 workers for concurrent weak root
[3.847s][info][gc          ] GC(3) Concurrent weak roots 0.894ms
[3.847s][info][gc,start    ] GC(3) Concurrent cleanup
[3.847s][info][gc          ] GC(3) Concurrent cleanup 307M->22M(2048M) 0.034ms
[3.847s][info][gc,ergo     ] GC(3) Free: 1922M, Max: 1024K regular, 1286M humongous, Frag: 34% external, 0% internal; Reserve: 103M, Max: 1024K
[3.847s][info][gc,start    ] GC(3) Concurrent class unloading
[3.847s][info][gc,task     ] GC(3) Using 1 of 3 workers for concurrent class unloading
[3.853s][info][gc          ] GC(3) Concurrent class unloading 5.309ms
[3.853s][info][gc,start    ] GC(3) Pause Final Roots
[3.853s][info][gc          ] GC(3) Pause Final Roots 0.059ms
[3.853s][info][gc,ergo     ] Free: 1922M, Max: 1024K regular, 1286M humongous, Frag: 34% external, 0% internal; Reserve: 103M, Max: 1024K
[3.853s][info][gc,stats    ] 
[3.853s][info][gc,stats    ] All times are wall-clock times, except per-root-class counters, that are sum over
[3.853s][info][gc,stats    ] all workers. Dividing the <total> over the root stage time estimates parallelism.
[3.853s][info][gc,stats    ] 
[3.853s][info][gc,stats    ] Concurrent Reset                   1956 us
[3.853s][info][gc,stats    ] Pause Init Mark (G)                 394 us
[3.853s][info][gc,stats    ] Pause Init Mark (N)                 282 us
[3.853s][info][gc,stats    ]   Update Region States               70 us
[3.853s][info][gc,stats    ] Concurrent Mark Roots               500 us, parallelism: 0.69x
[3.853s][info][gc,stats    ]   CMR: <total>                      343 us
[3.853s][info][gc,stats    ]   CMR: Thread Roots                 298 us, workers (us): 298, ---, ---, 
[3.853s][info][gc,stats    ]   CMR: VM Strong Roots                5 us, workers (us):   5, ---, ---, 
[3.853s][info][gc,stats    ]   CMR: CLDG Roots                    40 us, workers (us):  40, ---, ---, 
[3.853s][info][gc,stats    ] Concurrent Marking                 4644 us
[3.853s][info][gc,stats    ] Pause Final Mark (G)                427 us
[3.853s][info][gc,stats    ] Pause Final Mark (N)                336 us
[3.853s][info][gc,stats    ]   Finish Mark                       108 us
[3.853s][info][gc,stats    ]   Update Region States               57 us
[3.853s][info][gc,stats    ]   Choose Collection Set              69 us
[3.853s][info][gc,stats    ]   Rebuild Free Set                   18 us
[3.853s][info][gc,stats    ] Concurrent Weak References          318 us, parallelism: 0.15x
[3.853s][info][gc,stats    ]   CWRF: <total>                      49 us
[3.853s][info][gc,stats    ]   CWRF: Weak References              49 us, workers (us):  49, ---, ---, 
[3.853s][info][gc,stats    ] Concurrent Weak Roots               915 us
[3.853s][info][gc,stats    ]   Roots                             818 us, parallelism: 0.95x
[3.853s][info][gc,stats    ]     CWR: <total>                    776 us
[3.853s][info][gc,stats    ]     CWR: Code Cache Roots           642 us, workers (us): 642, ---, ---, 
[3.853s][info][gc,stats    ]     CWR: VM Weak Roots              129 us, workers (us): 129, ---, ---, 
[3.853s][info][gc,stats    ]     CWR: CLDG Roots                   5 us, workers (us):   5, ---, ---, 
[3.853s][info][gc,stats    ]   Rendezvous                         54 us
[3.853s][info][gc,stats    ] Concurrent Cleanup                   42 us
[3.853s][info][gc,stats    ] Concurrent Class Unloading         5390 us
[3.853s][info][gc,stats    ]   Unlink Stale                     4898 us
[3.853s][info][gc,stats    ]     System Dictionary                65 us
[3.853s][info][gc,stats    ]     Weak Class Links               1556 us
[3.853s][info][gc,stats    ]     Code Roots                     3276 us
[3.853s][info][gc,stats    ]   Rendezvous                        124 us
[3.854s][info][gc,stats    ]   Purge Unlinked                    264 us
[3.854s][info][gc,stats    ]     Code Roots                      221 us
[3.854s][info][gc,stats    ]     CLDG                             42 us
[3.854s][info][gc,stats    ]     Exception Caches                  0 us
[3.854s][info][gc,stats    ] Pause Final Roots (G)               151 us
[3.854s][info][gc,stats    ] Pause Final Roots (N)                69 us
[3.854s][info][gc,stats    ] 
[3.854s][info][gc,stats    ] Allocation pacing accrued:
[3.854s][info][gc,stats    ]       0 of    19 ms (  0.0%): <total>
[3.854s][info][gc,stats    ]       0 of    19 ms (  0.0%): <average total>
[3.854s][info][gc,stats    ] 
[3.854s][info][gc,metaspace] Metaspace: 15628K(15936K)->15622K(15936K) NonClass: 13458K(13632K)->13453K(13632K) Class: 2170K(2304K)->2168K(2304K)
[3.854s][info][gc,ergo     ] Pacer for Idle. Initial: 41943K, Alloc Tax Rate: 1.0x
[4.436s][info][gc          ] Trigger: Learning 2 of 5. Free (1430M) is below initial threshold (1433M)
[4.436s][info][gc,ergo     ] Free: 1429M, Max: 1024K regular, 1286M humongous, Frag: 11% external, 0% internal; Reserve: 103M, Max: 1024K
[4.436s][info][gc,start    ] GC(4) Concurrent reset
[4.436s][info][gc,task     ] GC(4) Using 1 of 3 workers for concurrent reset
[4.436s][info][gc,ergo     ] GC(4) Pacer for Reset. Non-Taxable: 2048M
[4.436s][info][gc          ] GC(4) Concurrent reset 0.493ms
[4.437s][info][gc,start    ] GC(4) Pause Init Mark (unload classes)
[4.437s][info][gc,task     ] GC(4) Using 3 of 3 workers for init marking
[4.437s][info][gc,ergo     ] GC(4) Pacer for Mark. Expected Live: 94001K, Free: 1429M, Non-Taxable: 142M, Alloc Tax Rate: 0.1x
[4.437s][info][gc          ] GC(4) Pause Init Mark (unload classes) 0.172ms
[4.437s][info][gc,start    ] GC(4) Concurrent marking roots
[4.437s][info][gc,task     ] GC(4) Using 1 of 3 workers for concurrent marking roots
[4.437s][info][gc          ] GC(4) Concurrent marking roots 0.475ms
[4.437s][info][gc,start    ] GC(4) Concurrent marking (unload classes)
[4.437s][info][gc,task     ] GC(4) Using 1 of 3 workers for concurrent marking
[4.778s][info][gc          ] GC(4) Concurrent marking (unload classes) 340.341ms
[4.778s][info][gc,start    ] GC(4) Pause Final Mark (unload classes)
[4.778s][info][gc,task     ] GC(4) Using 3 of 3 workers for final marking
[4.778s][info][gc,ergo     ] GC(4) Adaptive CSet Selection. Target Free: 290M, Actual Free: 1342M, Max CSet: 87381K, Min Garbage: 0B
[4.778s][info][gc,ergo     ] GC(4) Collectable Garbage: 200M (63%), Immediate: 20608K (6%), CSet: 180M (56%)
[4.778s][info][gc,ergo     ] GC(4) Pacer for Evacuation. Used CSet: 266M, Free: 1248M, Non-Taxable: 124M, Alloc Tax Rate: 1.1x
[4.778s][info][gc          ] GC(4) Pause Final Mark (unload classes) 0.287ms
[4.799s][info][gc,start    ] GC(4) Concurrent thread roots
[4.799s][info][gc,task     ] GC(4) Using 1 of 3 workers for Concurrent thread roots
[4.800s][info][gc          ] GC(4) Concurrent thread roots 0.791ms
[4.800s][info][gc,start    ] GC(4) Concurrent weak references
[4.800s][info][gc,task     ] GC(4) Using 1 of 3 workers for concurrent weak references
[4.800s][info][gc,ref      ] GC(4) Encountered references: Soft: 133, Weak: 681, Final: 0, Phantom: 63
[4.800s][info][gc,ref      ] GC(4) Discovered  references: Soft: 0, Weak: 151, Final: 0, Phantom: 26
[4.800s][info][gc,ref      ] GC(4) Enqueued    references: Soft: 0, Weak: 0, Final: 0, Phantom: 0
[4.800s][info][gc          ] GC(4) Concurrent weak references 0.091ms
[4.800s][info][gc,start    ] GC(4) Concurrent weak roots
[4.800s][info][gc,task     ] GC(4) Using 1 of 3 workers for concurrent weak root
[4.812s][info][gc          ] GC(4) Concurrent weak roots 12.118ms
[4.812s][info][gc,start    ] GC(4) Concurrent cleanup
[4.812s][info][gc          ] GC(4) Concurrent cleanup 733M->713M(2048M) 0.032ms
[4.812s][info][gc,ergo     ] GC(4) Free: 1220M, Max: 1024K regular, 1147M humongous, Frag: 6% external, 0% internal; Reserve: 92160K, Max: 1024K
[4.812s][info][gc,start    ] GC(4) Concurrent class unloading
[4.812s][info][gc,task     ] GC(4) Using 1 of 3 workers for concurrent class unloading
[4.828s][info][gc          ] GC(4) Concurrent class unloading 15.737ms
[4.828s][info][gc,start    ] GC(4) Concurrent strong roots
[4.828s][info][gc,task     ] GC(4) Using 1 of 3 workers for concurrent strong root
[4.828s][info][gc          ] GC(4) Concurrent strong roots 0.073ms
[4.828s][info][gc,start    ] GC(4) Concurrent evacuation
[4.828s][info][gc,task     ] GC(4) Using 1 of 3 workers for concurrent evacuation
[4.905s][info][gc          ] GC(4) Concurrent evacuation 76.313ms
[4.905s][info][gc,start    ] GC(4) Pause Init Update Refs
[4.905s][info][gc,ergo     ] GC(4) Pacer for Update Refs. Used: 875M, Free: 1126M, Non-Taxable: 112M, Alloc Tax Rate: 1.1x
[4.905s][info][gc          ] GC(4) Pause Init Update Refs 0.027ms
[4.922s][info][gc,start    ] GC(4) Concurrent update references
[4.922s][info][gc,task     ] GC(4) Using 1 of 3 workers for concurrent reference update
[5.269s][info][gc          ] GC(4) Concurrent update references 346.797ms
[5.269s][info][gc,start    ] GC(4) Concurrent update thread roots
[5.270s][info][gc          ] GC(4) Concurrent update thread roots 0.346ms
[5.270s][info][gc,start    ] GC(4) Pause Final Update Refs
[5.270s][info][gc,task     ] GC(4) Using 3 of 3 workers for final reference update
[5.270s][info][gc          ] GC(4) Pause Final Update Refs 0.105ms
[5.270s][info][gc,start    ] GC(4) Concurrent cleanup
[5.270s][info][gc          ] GC(4) Concurrent cleanup 1015M->749M(2048M) 0.082ms
[5.270s][info][gc,ergo     ] Free: 1159M, Max: 1024K regular, 908M humongous, Frag: 22% external, 0% internal; Reserve: 103M, Max: 1024K
[5.270s][info][gc,stats    ] 
[5.270s][info][gc,stats    ] All times are wall-clock times, except per-root-class counters, that are sum over
[5.270s][info][gc,stats    ] all workers. Dividing the <total> over the root stage time estimates parallelism.
[5.270s][info][gc,stats    ] 
[5.270s][info][gc,stats    ] Concurrent Reset                    546 us
[5.270s][info][gc,stats    ] Pause Init Mark (G)                 340 us
[5.270s][info][gc,stats    ] Pause Init Mark (N)                 189 us
[5.270s][info][gc,stats    ]   Update Region States               67 us
[5.270s][info][gc,stats    ] Concurrent Mark Roots               493 us, parallelism: 0.82x
[5.270s][info][gc,stats    ]   CMR: <total>                      405 us
[5.270s][info][gc,stats    ]   CMR: Thread Roots                 365 us, workers (us): 365, ---, ---, 
[5.270s][info][gc,stats    ]   CMR: VM Strong Roots                4 us, workers (us):   4, ---, ---, 
[5.270s][info][gc,stats    ]   CMR: CLDG Roots                    36 us, workers (us):  36, ---, ---, 
[5.270s][info][gc,stats    ] Concurrent Marking               340406 us
[5.270s][info][gc,stats    ] Pause Final Mark (G)              21612 us
[5.270s][info][gc,stats    ] Pause Final Mark (N)                296 us
[5.270s][info][gc,stats    ]   Finish Mark                        50 us
[5.270s][info][gc,stats    ]   Update Region States               31 us
[5.270s][info][gc,stats    ]   Choose Collection Set             158 us
[5.270s][info][gc,stats    ]   Rebuild Free Set                   11 us
[5.270s][info][gc,stats    ] Concurrent Thread Roots             815 us, parallelism: 0.83x
[5.270s][info][gc,stats    ]   CTR: <total>                      672 us
[5.270s][info][gc,stats    ]   CTR: Thread Roots                 672 us, workers (us): 672, ---, ---, 
[5.270s][info][gc,stats    ] Concurrent Weak References           99 us, parallelism: 0.13x
[5.270s][info][gc,stats    ]   CWRF: <total>                      13 us
[5.270s][info][gc,stats    ]   CWRF: Weak References              13 us, workers (us):  13, ---, ---, 
[5.270s][info][gc,stats    ] Concurrent Weak Roots             12170 us
[5.270s][info][gc,stats    ]   Roots                             770 us, parallelism: 0.95x
[5.270s][info][gc,stats    ]     CWR: <total>                    730 us
[5.270s][info][gc,stats    ]     CWR: Code Cache Roots           638 us, workers (us): 638, ---, ---, 
[5.270s][info][gc,stats    ]     CWR: VM Weak Roots               84 us, workers (us):  84, ---, ---, 
[5.270s][info][gc,stats    ]     CWR: CLDG Roots                   8 us, workers (us):   8, ---, ---, 
[5.270s][info][gc,stats    ]   Rendezvous                      11330 us
[5.270s][info][gc,stats    ] Concurrent Cleanup                   41 us
[5.270s][info][gc,stats    ] Concurrent Class Unloading        15788 us
[5.270s][info][gc,stats    ]   Unlink Stale                     2970 us
[5.270s][info][gc,stats    ]     System Dictionary                 9 us
[5.270s][info][gc,stats    ]     Weak Class Links                  0 us
[5.270s][info][gc,stats    ]     Code Roots                     2958 us
[5.270s][info][gc,stats    ]   Rendezvous                      12555 us
[5.270s][info][gc,stats    ]   Purge Unlinked                    193 us
[5.270s][info][gc,stats    ]     Code Roots                      186 us
[5.270s][info][gc,stats    ]     CLDG                              6 us
[5.270s][info][gc,stats    ]     Exception Caches                  0 us
[5.270s][info][gc,stats    ] Concurrent Strong Roots              82 us, parallelism: 0.44x
[5.270s][info][gc,stats    ]   CSR: <total>                       36 us
[5.270s][info][gc,stats    ]   CSR: VM Strong Roots                5 us, workers (us):   5, ---, ---, 
[5.270s][info][gc,stats    ]   CSR: CLDG Roots                    31 us, workers (us):  31, ---, ---, 
[5.270s][info][gc,stats    ] Concurrent Evacuation             76386 us
[5.270s][info][gc,stats    ] Pause Init Update Refs (G)        17645 us
[5.270s][info][gc,stats    ] Pause Init Update Refs (N)           35 us
[5.270s][info][gc,stats    ]   Manage GCLABs                       4 us
[5.270s][info][gc,stats    ] Concurrent Update Refs           346866 us
[5.270s][info][gc,stats    ] Concurrent Update Thread Roots      365 us
[5.270s][info][gc,stats    ] Pause Final Update Refs (G)         176 us
[5.270s][info][gc,stats    ] Pause Final Update Refs (N)         125 us
[5.270s][info][gc,stats    ]   Update Region States               31 us
[5.270s][info][gc,stats    ]   Trash Collection Set                5 us
[5.270s][info][gc,stats    ]   Rebuild Free Set                   16 us
[5.270s][info][gc,stats    ] Concurrent Cleanup                  102 us
[5.270s][info][gc,stats    ] 
[5.270s][info][gc,stats    ] Allocation pacing accrued:
[5.270s][info][gc,stats    ]       0 of  1417 ms (  0.0%): <total>
[5.270s][info][gc,stats    ]       0 of  1417 ms (  0.0%): <average total>
[5.270s][info][gc,stats    ] 
[5.270s][info][gc,metaspace] Metaspace: 15627K(15936K)->15678K(15936K) NonClass: 13458K(13632K)->13510K(13632K) Class: 2168K(2304K)->2168K(2304K)
[5.270s][info][gc,ergo     ] Pacer for Idle. Initial: 41943K, Alloc Tax Rate: 1.0x
[5.278s][info][gc          ] Trigger: Explicit GC request (System.gc())
[5.278s][info][gc,ergo     ] Free: 1159M, Max: 1024K regular, 908M humongous, Frag: 22% external, 0% internal; Reserve: 103M, Max: 1024K
[5.278s][info][gc,start    ] GC(5) Concurrent reset
[5.278s][info][gc,task     ] GC(5) Using 1 of 3 workers for concurrent reset
[5.278s][info][gc,ergo     ] GC(5) Pacer for Reset. Non-Taxable: 2048M
[5.280s][info][gc          ] GC(5) Concurrent reset 1.872ms
[5.280s][info][gc,start    ] GC(5) Pause Init Mark (unload classes)
[5.281s][info][gc,task     ] GC(5) Using 3 of 3 workers for init marking
[5.281s][info][gc,ref      ] GC(5) Clearing All SoftReferences
[5.281s][info][gc,ergo     ] GC(5) Pacer for Mark. Expected Live: 110M, Free: 1159M, Non-Taxable: 115M, Alloc Tax Rate: 0.1x
[5.281s][info][gc          ] GC(5) Pause Init Mark (unload classes) 0.227ms
[5.281s][info][gc,start    ] GC(5) Concurrent marking roots
[5.281s][info][gc,task     ] GC(5) Using 1 of 3 workers for concurrent marking roots
[5.281s][info][gc          ] GC(5) Concurrent marking roots 0.592ms
[5.281s][info][gc,start    ] GC(5) Concurrent marking (unload classes)
[5.281s][info][gc,task     ] GC(5) Using 1 of 3 workers for concurrent marking
[5.286s][info][gc          ] GC(5) Concurrent marking (unload classes) 4.137ms
[5.286s][info][gc,start    ] GC(5) Pause Final Mark (unload classes)
[5.286s][info][gc,task     ] GC(5) Using 3 of 3 workers for final marking
[5.286s][info][gc,ergo     ] GC(5) Collectable Garbage: 729M (97%), Immediate: 729M (97%), CSet: 0B (0%)
[5.286s][info][gc          ] GC(5) Pause Final Mark (unload classes) 0.331ms
[5.286s][info][gc,start    ] GC(5) Concurrent weak references
[5.286s][info][gc,task     ] GC(5) Using 1 of 3 workers for concurrent weak references
[5.286s][info][gc,ref      ] GC(5) Encountered references: Soft: 178, Weak: 680, Final: 0, Phantom: 63
[5.286s][info][gc,ref      ] GC(5) Discovered  references: Soft: 127, Weak: 165, Final: 0, Phantom: 61
[5.286s][info][gc,ref      ] GC(5) Enqueued    references: Soft: 48, Weak: 0, Final: 0, Phantom: 0
[5.286s][info][gc          ] GC(5) Concurrent weak references 0.186ms
[5.286s][info][gc,start    ] GC(5) Concurrent weak roots
[5.286s][info][gc,task     ] GC(5) Using 1 of 3 workers for concurrent weak root
[5.287s][info][gc          ] GC(5) Concurrent weak roots 0.736ms
[5.287s][info][gc,start    ] GC(5) Concurrent cleanup
[5.287s][info][gc          ] GC(5) Concurrent cleanup 749M->20M(2048M) 0.054ms
[5.287s][info][gc,ergo     ] GC(5) Free: 1925M, Max: 1024K regular, 989M humongous, Frag: 49% external, 0% internal; Reserve: 103M, Max: 1024K
[5.287s][info][gc,start    ] GC(5) Concurrent class unloading
[5.287s][info][gc,task     ] GC(5) Using 1 of 3 workers for concurrent class unloading
[5.290s][info][gc          ] GC(5) Concurrent class unloading 3.261ms
[5.290s][info][gc,start    ] GC(5) Pause Final Roots
[5.291s][info][gc          ] GC(5) Pause Final Roots 0.045ms
[5.291s][info][gc,ergo     ] Free: 1925M, Max: 1024K regular, 989M humongous, Frag: 49% external, 0% internal; Reserve: 103M, Max: 1024K
[5.291s][info][gc,stats    ] 
[5.291s][info][gc,stats    ] All times are wall-clock times, except per-root-class counters, that are sum over
[5.291s][info][gc,stats    ] all workers. Dividing the <total> over the root stage time estimates parallelism.
[5.291s][info][gc,stats    ] 
[5.291s][info][gc,stats    ] Concurrent Reset                   1927 us
[5.291s][info][gc,stats    ] Pause Init Mark (G)                 373 us
[5.291s][info][gc,stats    ] Pause Init Mark (N)                 249 us
[5.291s][info][gc,stats    ]   Update Region States               74 us
[5.291s][info][gc,stats    ] Concurrent Mark Roots               611 us, parallelism: 0.83x
[5.291s][info][gc,stats    ]   CMR: <total>                      508 us
[5.291s][info][gc,stats    ]   CMR: Thread Roots                 418 us, workers (us): 418, ---, ---, 
[5.291s][info][gc,stats    ]   CMR: VM Strong Roots                9 us, workers (us):   9, ---, ---, 
[5.291s][info][gc,stats    ]   CMR: CLDG Roots                    82 us, workers (us):  82, ---, ---, 
[5.291s][info][gc,stats    ] Concurrent Marking                 4206 us
[5.291s][info][gc,stats    ] Pause Final Mark (G)                469 us
[5.291s][info][gc,stats    ] Pause Final Mark (N)                353 us
[5.291s][info][gc,stats    ]   Finish Mark                        93 us
[5.291s][info][gc,stats    ]   Update Region States               55 us
[5.291s][info][gc,stats    ]   Choose Collection Set              80 us
[5.291s][info][gc,stats    ]   Rebuild Free Set                   25 us
[5.291s][info][gc,stats    ] Concurrent Weak References          194 us, parallelism: 0.11x
[5.291s][info][gc,stats    ]   CWRF: <total>                      21 us
[5.291s][info][gc,stats    ]   CWRF: Weak References              21 us, workers (us):  21, ---, ---, 
[5.291s][info][gc,stats    ] Concurrent Weak Roots               754 us
[5.291s][info][gc,stats    ]   Roots                             636 us, parallelism: 0.94x
[5.291s][info][gc,stats    ]     CWR: <total>                    599 us
[5.291s][info][gc,stats    ]     CWR: Code Cache Roots           515 us, workers (us): 515, ---, ---, 
[5.291s][info][gc,stats    ]     CWR: VM Weak Roots               78 us, workers (us):  78, ---, ---, 
[5.291s][info][gc,stats    ]     CWR: CLDG Roots                   5 us, workers (us):   5, ---, ---, 
[5.291s][info][gc,stats    ]   Rendezvous                         84 us
[5.291s][info][gc,stats    ] Concurrent Cleanup                   62 us
[5.291s][info][gc,stats    ] Concurrent Class Unloading         3322 us
[5.291s][info][gc,stats    ]   Unlink Stale                     2918 us
[5.291s][info][gc,stats    ]     System Dictionary                 6 us
[5.291s][info][gc,stats    ]     Weak Class Links                  0 us
[5.291s][info][gc,stats    ]     Code Roots                     2910 us
[5.291s][info][gc,stats    ]   Rendezvous                        177 us
[5.291s][info][gc,stats    ]   Purge Unlinked                    146 us
[5.291s][info][gc,stats    ]     Code Roots                      137 us
[5.291s][info][gc,stats    ]     CLDG                              9 us
[5.291s][info][gc,stats    ]     Exception Caches                  0 us
[5.291s][info][gc,stats    ] Pause Final Roots (G)               164 us
[5.291s][info][gc,stats    ] Pause Final Roots (N)                63 us
[5.291s][info][gc,stats    ] 
[5.291s][info][gc,stats    ] Allocation pacing accrued:
[5.291s][info][gc,stats    ]       0 of    21 ms (  0.0%): <total>
[5.291s][info][gc,stats    ]       0 of    21 ms (  0.0%): <average total>
[5.291s][info][gc,stats    ] 
[5.291s][info][gc,metaspace] Metaspace: 15678K(15936K)->15679K(15936K) NonClass: 13510K(13632K)->13510K(13632K) Class: 2168K(2304K)->2168K(2304K)
[5.291s][info][gc,ergo     ] Pacer for Idle. Initial: 41943K, Alloc Tax Rate: 1.0x
[5.813s][info][gc          ] Trigger: Learning 2 of 5. Free (1411M) is below initial threshold (1433M)
[5.813s][info][gc,ergo     ] Free: 1411M, Max: 1024K regular, 989M humongous, Frag: 30% external, 0% internal; Reserve: 103M, Max: 1024K
[5.813s][info][gc,start    ] GC(6) Concurrent reset
[5.813s][info][gc,task     ] GC(6) Using 1 of 3 workers for concurrent reset
[5.813s][info][gc,ergo     ] GC(6) Pacer for Reset. Non-Taxable: 2048M
[5.813s][info][gc          ] GC(6) Concurrent reset 0.381ms
[5.813s][info][gc,start    ] GC(6) Pause Init Mark (unload classes)
[5.813s][info][gc,task     ] GC(6) Using 3 of 3 workers for init marking
[5.814s][info][gc,ergo     ] GC(6) Pacer for Mark. Expected Live: 110M, Free: 1411M, Non-Taxable: 141M, Alloc Tax Rate: 0.1x
[5.814s][info][gc          ] GC(6) Pause Init Mark (unload classes) 0.255ms
[5.814s][info][gc,start    ] GC(6) Concurrent marking roots
[5.814s][info][gc,task     ] GC(6) Using 1 of 3 workers for concurrent marking roots
[5.815s][info][gc          ] GC(6) Concurrent marking roots 0.933ms
[5.815s][info][gc,start    ] GC(6) Concurrent marking (unload classes)
[5.815s][info][gc,task     ] GC(6) Using 1 of 3 workers for concurrent marking
[6.158s][info][gc          ] GC(6) Concurrent marking (unload classes) 343.240ms
[6.158s][info][gc,start    ] GC(6) Pause Final Mark (unload classes)
[6.158s][info][gc,task     ] GC(6) Using 3 of 3 workers for final marking
[6.158s][info][gc,ergo     ] GC(6) Adaptive CSet Selection. Target Free: 290M, Actual Free: 1249M, Max CSet: 87381K, Min Garbage: 0B
[6.159s][info][gc,ergo     ] GC(6) Collectable Garbage: 204M (62%), Immediate: 26944K (8%), CSet: 177M (54%)
[6.159s][info][gc,ergo     ] GC(6) Pacer for Evacuation. Used CSet: 263M, Free: 1158M, Non-Taxable: 115M, Alloc Tax Rate: 1.1x
[6.159s][info][gc          ] GC(6) Pause Final Mark (unload classes) 0.250ms
[6.174s][info][gc,start    ] GC(6) Concurrent thread roots
[6.174s][info][gc,task     ] GC(6) Using 1 of 3 workers for Concurrent thread roots
[6.174s][info][gc          ] GC(6) Concurrent thread roots 0.816ms
[6.174s][info][gc,start    ] GC(6) Concurrent weak references
[6.174s][info][gc,task     ] GC(6) Using 1 of 3 workers for concurrent weak references
[6.174s][info][gc,ref      ] GC(6) Encountered references: Soft: 133, Weak: 681, Final: 0, Phantom: 63
[6.174s][info][gc,ref      ] GC(6) Discovered  references: Soft: 0, Weak: 151, Final: 0, Phantom: 26
[6.174s][info][gc,ref      ] GC(6) Enqueued    references: Soft: 0, Weak: 0, Final: 0, Phantom: 0
[6.175s][info][gc          ] GC(6) Concurrent weak references 0.073ms
[6.175s][info][gc,start    ] GC(6) Concurrent weak roots
[6.175s][info][gc,task     ] GC(6) Using 1 of 3 workers for concurrent weak root
[6.189s][info][gc          ] GC(6) Concurrent weak roots 14.675ms
[6.189s][info][gc,start    ] GC(6) Concurrent cleanup
[6.189s][info][gc          ] GC(6) Concurrent cleanup 819M->793M(2048M) 0.037ms
[6.189s][info][gc,ergo     ] GC(6) Free: 1139M, Max: 1024K regular, 989M humongous, Frag: 14% external, 0% internal; Reserve: 89088K, Max: 1024K
[6.189s][info][gc,start    ] GC(6) Concurrent class unloading
[6.189s][info][gc,task     ] GC(6) Using 1 of 3 workers for concurrent class unloading
[6.206s][info][gc          ] GC(6) Concurrent class unloading 16.242ms
[6.206s][info][gc,start    ] GC(6) Concurrent strong roots
[6.206s][info][gc,task     ] GC(6) Using 1 of 3 workers for concurrent strong root
[6.206s][info][gc          ] GC(6) Concurrent strong roots 0.077ms
[6.206s][info][gc,start    ] GC(6) Concurrent evacuation
[6.206s][info][gc,task     ] GC(6) Using 1 of 3 workers for concurrent evacuation
[6.280s][info][gc          ] GC(6) Concurrent evacuation 73.877ms
[6.280s][info][gc,start    ] GC(6) Pause Init Update Refs
[6.280s][info][gc,ergo     ] GC(6) Pacer for Update Refs. Used: 954M, Free: 1043M, Non-Taxable: 104M, Alloc Tax Rate: 1.1x
[6.280s][info][gc          ] GC(6) Pause Init Update Refs 0.070ms
[6.281s][info][gc,start    ] GC(6) Concurrent update references
[6.281s][info][gc,task     ] GC(6) Using 1 of 3 workers for concurrent reference update
[6.696s][info][gc          ] GC(6) Concurrent update references 415.730ms
[6.697s][info][gc,start    ] GC(6) Concurrent update thread roots
[6.697s][info][gc          ] GC(6) Concurrent update thread roots 0.517ms
[6.697s][info][gc,start    ] GC(6) Pause Final Update Refs
[6.697s][info][gc,task     ] GC(6) Using 3 of 3 workers for final reference update
[6.697s][info][gc          ] GC(6) Pause Final Update Refs 0.134ms
[6.697s][info][gc,start    ] GC(6) Concurrent cleanup
[6.697s][info][gc          ] GC(6) Concurrent cleanup 1003M->740M(2048M) 0.040ms
[6.697s][info][gc,ergo     ] Free: 1170M, Max: 1024K regular, 917M humongous, Frag: 22% external, 0% internal; Reserve: 103M, Max: 1024K
[6.697s][info][gc,stats    ] 
[6.697s][info][gc,stats    ] All times are wall-clock times, except per-root-class counters, that are sum over
[6.697s][info][gc,stats    ] all workers. Dividing the <total> over the root stage time estimates parallelism.
[6.697s][info][gc,stats    ] 
[6.697s][info][gc,stats    ] Concurrent Reset                    404 us
[6.697s][info][gc,stats    ] Pause Init Mark (G)                 504 us
[6.697s][info][gc,stats    ] Pause Init Mark (N)                 279 us
[6.697s][info][gc,stats    ]   Update Region States               92 us
[6.697s][info][gc,stats    ] Concurrent Mark Roots               959 us, parallelism: 0.82x
[6.697s][info][gc,stats    ]   CMR: <total>                      782 us
[6.697s][info][gc,stats    ]   CMR: Thread Roots                 711 us, workers (us): 711, ---, ---, 
[6.697s][info][gc,stats    ]   CMR: VM Strong Roots                7 us, workers (us):   7, ---, ---, 
[6.697s][info][gc,stats    ]   CMR: CLDG Roots                    64 us, workers (us):  64, ---, ---, 
[6.697s][info][gc,stats    ] Concurrent Marking               343346 us
[6.697s][info][gc,stats    ] Pause Final Mark (G)              15505 us
[6.697s][info][gc,stats    ] Pause Final Mark (N)                258 us
[6.698s][info][gc,stats    ]   Finish Mark                        54 us
[6.698s][info][gc,stats    ]   Update Region States               33 us
[6.698s][info][gc,stats    ]   Choose Collection Set              88 us
[6.698s][info][gc,stats    ]   Rebuild Free Set                    9 us
[6.698s][info][gc,stats    ] Concurrent Thread Roots             846 us, parallelism: 0.84x
[6.698s][info][gc,stats    ]   CTR: <total>                      713 us
[6.698s][info][gc,stats    ]   CTR: Thread Roots                 713 us, workers (us): 713, ---, ---, 
[6.698s][info][gc,stats    ] Concurrent Weak References           80 us, parallelism: 0.19x
[6.698s][info][gc,stats    ]   CWRF: <total>                      15 us
[6.698s][info][gc,stats    ]   CWRF: Weak References              15 us, workers (us):  15, ---, ---, 
[6.698s][info][gc,stats    ] Concurrent Weak Roots             14731 us
[6.698s][info][gc,stats    ]   Roots                             882 us, parallelism: 0.96x
[6.698s][info][gc,stats    ]     CWR: <total>                    846 us
[6.698s][info][gc,stats    ]     CWR: Code Cache Roots           757 us, workers (us): 757, ---, ---, 
[6.698s][info][gc,stats    ]     CWR: VM Weak Roots               82 us, workers (us):  82, ---, ---, 
[6.698s][info][gc,stats    ]     CWR: CLDG Roots                   8 us, workers (us):   8, ---, ---, 
[6.698s][info][gc,stats    ]   Rendezvous                      13775 us
[6.698s][info][gc,stats    ] Concurrent Cleanup                   45 us
[6.698s][info][gc,stats    ] Concurrent Class Unloading        16301 us
[6.698s][info][gc,stats    ]   Unlink Stale                     2997 us
[6.698s][info][gc,stats    ]     System Dictionary                11 us
[6.698s][info][gc,stats    ]     Weak Class Links                  0 us
[6.698s][info][gc,stats    ]     Code Roots                     2984 us
[6.698s][info][gc,stats    ]   Rendezvous                      12961 us
[6.698s][info][gc,stats    ]   Purge Unlinked                    263 us
[6.698s][info][gc,stats    ]     Code Roots                      256 us
[6.698s][info][gc,stats    ]     CLDG                              7 us
[6.698s][info][gc,stats    ]     Exception Caches                  0 us
[6.698s][info][gc,stats    ] Concurrent Strong Roots              85 us, parallelism: 0.46x
[6.698s][info][gc,stats    ]   CSR: <total>                       39 us
[6.698s][info][gc,stats    ]   CSR: VM Strong Roots                4 us, workers (us):   4, ---, ---, 
[6.698s][info][gc,stats    ]   CSR: CLDG Roots                    36 us, workers (us):  36, ---, ---, 
[6.698s][info][gc,stats    ] Concurrent Evacuation             73945 us
[6.698s][info][gc,stats    ] Pause Init Update Refs (G)         1090 us
[6.698s][info][gc,stats    ] Pause Init Update Refs (N)           79 us
[6.698s][info][gc,stats    ]   Manage GCLABs                       5 us
[6.698s][info][gc,stats    ] Concurrent Update Refs           415798 us
[6.698s][info][gc,stats    ] Concurrent Update Thread Roots      536 us
[6.698s][info][gc,stats    ] Pause Final Update Refs (G)         234 us
[6.698s][info][gc,stats    ] Pause Final Update Refs (N)         174 us
[6.698s][info][gc,stats    ]   Update Region States               43 us
[6.698s][info][gc,stats    ]   Trash Collection Set               13 us
[6.698s][info][gc,stats    ]   Rebuild Free Set                   26 us
[6.698s][info][gc,stats    ] Concurrent Cleanup                   49 us
[6.698s][info][gc,stats    ] 
[6.698s][info][gc,stats    ] Allocation pacing accrued:
[6.698s][info][gc,stats    ]       0 of  1407 ms (  0.0%): <total>
[6.698s][info][gc,stats    ]       0 of  1407 ms (  0.0%): <average total>
[6.698s][info][gc,stats    ] 
[6.698s][info][gc,metaspace] Metaspace: 15679K(15936K)->15714K(16000K) NonClass: 13511K(13632K)->13545K(13696K) Class: 2168K(2304K)->2168K(2304K)
[6.698s][info][gc,ergo     ] Pacer for Idle. Initial: 41943K, Alloc Tax Rate: 1.0x
[6.711s][info][gc          ] Trigger: Explicit GC request (System.gc())
[6.711s][info][gc,ergo     ] Free: 1170M, Max: 1024K regular, 917M humongous, Frag: 22% external, 0% internal; Reserve: 103M, Max: 1024K
[6.711s][info][gc,start    ] GC(7) Concurrent reset
[6.711s][info][gc,task     ] GC(7) Using 1 of 3 workers for concurrent reset
[6.711s][info][gc,ergo     ] GC(7) Pacer for Reset. Non-Taxable: 2048M
[6.714s][info][gc          ] GC(7) Concurrent reset 2.808ms
[6.714s][info][gc,start    ] GC(7) Pause Init Mark (unload classes)
[6.714s][info][gc,task     ] GC(7) Using 3 of 3 workers for init marking
[6.714s][info][gc,ref      ] GC(7) Clearing All SoftReferences
[6.714s][info][gc,ergo     ] GC(7) Pacer for Mark. Expected Live: 114M, Free: 1170M, Non-Taxable: 117M, Alloc Tax Rate: 0.1x
[6.715s][info][gc          ] GC(7) Pause Init Mark (unload classes) 0.277ms
[6.715s][info][gc,start    ] GC(7) Concurrent marking roots
[6.715s][info][gc,task     ] GC(7) Using 1 of 3 workers for concurrent marking roots
[6.715s][info][gc          ] GC(7) Concurrent marking roots 0.748ms
[6.715s][info][gc,start    ] GC(7) Concurrent marking (unload classes)
[6.715s][info][gc,task     ] GC(7) Using 1 of 3 workers for concurrent marking
[6.720s][info][gc          ] GC(7) Concurrent marking (unload classes) 4.233ms
[6.720s][info][gc,start    ] GC(7) Pause Final Mark (unload classes)
[6.720s][info][gc,task     ] GC(7) Using 3 of 3 workers for final marking
[6.720s][info][gc,ergo     ] GC(7) Collectable Garbage: 727M (98%), Immediate: 727M (98%), CSet: 0B (0%)
[6.720s][info][gc          ] GC(7) Pause Final Mark (unload classes) 0.492ms
[6.720s][info][gc,start    ] GC(7) Concurrent weak references
[6.720s][info][gc,task     ] GC(7) Using 1 of 3 workers for concurrent weak references
[6.720s][info][gc,ref      ] GC(7) Encountered references: Soft: 178, Weak: 680, Final: 0, Phantom: 63
[6.720s][info][gc,ref      ] GC(7) Discovered  references: Soft: 127, Weak: 165, Final: 0, Phantom: 61
[6.720s][info][gc,ref      ] GC(7) Enqueued    references: Soft: 48, Weak: 0, Final: 0, Phantom: 0
[6.720s][info][gc          ] GC(7) Concurrent weak references 0.087ms
[6.720s][info][gc,start    ] GC(7) Concurrent weak roots
[6.720s][info][gc,task     ] GC(7) Using 1 of 3 workers for concurrent weak root
[6.721s][info][gc          ] GC(7) Concurrent weak roots 0.727ms
[6.721s][info][gc,start    ] GC(7) Concurrent cleanup
[6.721s][info][gc          ] GC(7) Concurrent cleanup 740M->13M(2048M) 0.057ms
[6.721s][info][gc,ergo     ] GC(7) Free: 1932M, Max: 1024K regular, 1001M humongous, Frag: 49% external, 0% internal; Reserve: 103M, Max: 1024K
[6.721s][info][gc,start    ] GC(7) Concurrent class unloading
[6.721s][info][gc,task     ] GC(7) Using 1 of 3 workers for concurrent class unloading
[6.724s][info][gc          ] GC(7) Concurrent class unloading 2.856ms
[6.724s][info][gc,start    ] GC(7) Pause Final Roots
[6.724s][info][gc          ] GC(7) Pause Final Roots 0.061ms
[6.724s][info][gc,ergo     ] Free: 1932M, Max: 1024K regular, 1001M humongous, Frag: 49% external, 0% internal; Reserve: 103M, Max: 1024K
[6.724s][info][gc,stats    ] 
[6.724s][info][gc,stats    ] All times are wall-clock times, except per-root-class counters, that are sum over
[6.724s][info][gc,stats    ] all workers. Dividing the <total> over the root stage time estimates parallelism.
[6.724s][info][gc,stats    ] 
[6.724s][info][gc,stats    ] Concurrent Reset                   2846 us
[6.724s][info][gc,stats    ] Pause Init Mark (G)                 417 us
[6.724s][info][gc,stats    ] Pause Init Mark (N)                 295 us
[6.724s][info][gc,stats    ]   Update Region States              121 us
[6.724s][info][gc,stats    ] Concurrent Mark Roots               756 us, parallelism: 0.84x
[6.724s][info][gc,stats    ]   CMR: <total>                      631 us
[6.724s][info][gc,stats    ]   CMR: Thread Roots                 553 us, workers (us): 553, ---, ---, 
[6.724s][info][gc,stats    ]   CMR: VM Strong Roots                7 us, workers (us):   7, ---, ---, 
[6.724s][info][gc,stats    ]   CMR: CLDG Roots                    72 us, workers (us):  72, ---, ---, 
[6.724s][info][gc,stats    ] Concurrent Marking                 4256 us
[6.724s][info][gc,stats    ] Pause Final Mark (G)                569 us
[6.724s][info][gc,stats    ] Pause Final Mark (N)                517 us
[6.724s][info][gc,stats    ]   Finish Mark                       159 us
[6.724s][info][gc,stats    ]   Update Region States              125 us
[6.724s][info][gc,stats    ]   Choose Collection Set             103 us
[6.725s][info][gc,stats    ]   Rebuild Free Set                   25 us
[6.725s][info][gc,stats    ] Concurrent Weak References           94 us, parallelism: 0.13x
[6.725s][info][gc,stats    ]   CWRF: <total>                      13 us
[6.725s][info][gc,stats    ]   CWRF: Weak References              13 us, workers (us):  13, ---, ---, 
[6.725s][info][gc,stats    ] Concurrent Weak Roots               737 us
[6.725s][info][gc,stats    ]   Roots                             646 us, parallelism: 0.94x
[6.725s][info][gc,stats    ]     CWR: <total>                    609 us
[6.725s][info][gc,stats    ]     CWR: Code Cache Roots           534 us, workers (us): 534, ---, ---, 
[6.725s][info][gc,stats    ]     CWR: VM Weak Roots               71 us, workers (us):  71, ---, ---, 
[6.725s][info][gc,stats    ]     CWR: CLDG Roots                   5 us, workers (us):   5, ---, ---, 
[6.725s][info][gc,stats    ]   Rendezvous                         67 us
[6.725s][info][gc,stats    ] Concurrent Cleanup                   65 us
[6.725s][info][gc,stats    ] Concurrent Class Unloading         2875 us
[6.725s][info][gc,stats    ]   Unlink Stale                     2544 us
[6.725s][info][gc,stats    ]     System Dictionary                 4 us
[6.725s][info][gc,stats    ]     Weak Class Links                  1 us
[6.725s][info][gc,stats    ]     Code Roots                     2539 us
[6.725s][info][gc,stats    ]   Rendezvous                        128 us
[6.725s][info][gc,stats    ]   Purge Unlinked                    168 us
[6.725s][info][gc,stats    ]     Code Roots                      163 us
[6.725s][info][gc,stats    ]     CLDG                              4 us
[6.725s][info][gc,stats    ]     Exception Caches                  0 us
[6.725s][info][gc,stats    ] Pause Final Roots (G)               158 us
[6.725s][info][gc,stats    ] Pause Final Roots (N)                85 us
[6.725s][info][gc,stats    ] 
[6.725s][info][gc,stats    ] Allocation pacing accrued:
[6.725s][info][gc,stats    ]       0 of    27 ms (  0.0%): <total>
[6.725s][info][gc,stats    ]       0 of    27 ms (  0.0%): <average total>
[6.725s][info][gc,stats    ] 
[6.725s][info][gc,metaspace] Metaspace: 15714K(16000K)->15714K(16000K) NonClass: 13545K(13696K)->13545K(13696K) Class: 2168K(2304K)->2168K(2304K)
[6.725s][info][gc,ergo     ] Pacer for Idle. Initial: 41943K, Alloc Tax Rate: 1.0x
[7.245s][info][gc          ] Trigger: Learning 2 of 5. Free (1422M) is below initial threshold (1433M)
[7.245s][info][gc,ergo     ] Free: 1422M, Max: 1024K regular, 1001M humongous, Frag: 30% external, 0% internal; Reserve: 103M, Max: 1024K
[7.246s][info][gc,start    ] GC(8) Concurrent reset
[7.246s][info][gc,task     ] GC(8) Using 1 of 3 workers for concurrent reset
[7.246s][info][gc,ergo     ] GC(8) Pacer for Reset. Non-Taxable: 2048M
[7.246s][info][gc          ] GC(8) Concurrent reset 0.510ms
[7.246s][info][gc,start    ] GC(8) Pause Init Mark (unload classes)
[7.246s][info][gc,task     ] GC(8) Using 3 of 3 workers for init marking
[7.246s][info][gc,ergo     ] GC(8) Pacer for Mark. Expected Live: 79750K, Free: 1422M, Non-Taxable: 142M, Alloc Tax Rate: 0.1x
[7.246s][info][gc          ] GC(8) Pause Init Mark (unload classes) 0.214ms
[7.247s][info][gc,start    ] GC(8) Concurrent marking roots
[7.247s][info][gc,task     ] GC(8) Using 1 of 3 workers for concurrent marking roots
[7.247s][info][gc          ] GC(8) Concurrent marking roots 0.662ms
[7.247s][info][gc,start    ] GC(8) Concurrent marking (unload classes)
[7.247s][info][gc,task     ] GC(8) Using 1 of 3 workers for concurrent marking
[7.574s][info][gc          ] GC(8) Concurrent marking (unload classes) 326.592ms
[7.574s][info][gc,start    ] GC(8) Pause Final Mark (unload classes)
[7.574s][info][gc,task     ] GC(8) Using 3 of 3 workers for final marking
[7.574s][info][gc,ergo     ] GC(8) Adaptive CSet Selection. Target Free: 290M, Actual Free: 1242M, Max CSet: 87381K, Min Garbage: 0B
[7.574s][info][gc,ergo     ] GC(8) Collectable Garbage: 193M (61%), Immediate: 23680K (7%), CSet: 169M (54%)
[7.574s][info][gc,ergo     ] GC(8) Pacer for Evacuation. Used CSet: 255M, Free: 1149M, Non-Taxable: 114M, Alloc Tax Rate: 1.1x
[7.574s][info][gc          ] GC(8) Pause Final Mark (unload classes) 0.229ms
[7.589s][info][gc,start    ] GC(8) Concurrent thread roots
[7.590s][info][gc,task     ] GC(8) Using 1 of 3 workers for Concurrent thread roots
[7.590s][info][gc          ] GC(8) Concurrent thread roots 0.751ms
[7.590s][info][gc,start    ] GC(8) Concurrent weak references
[7.590s][info][gc,task     ] GC(8) Using 1 of 3 workers for concurrent weak references
[7.590s][info][gc,ref      ] GC(8) Encountered references: Soft: 133, Weak: 681, Final: 0, Phantom: 63
[7.590s][info][gc,ref      ] GC(8) Discovered  references: Soft: 0, Weak: 151, Final: 0, Phantom: 26
[7.590s][info][gc,ref      ] GC(8) Enqueued    references: Soft: 0, Weak: 0, Final: 0, Phantom: 0
[7.590s][info][gc          ] GC(8) Concurrent weak references 0.068ms
[7.590s][info][gc,start    ] GC(8) Concurrent weak roots
[7.590s][info][gc,task     ] GC(8) Using 1 of 3 workers for concurrent weak root
[7.593s][info][gc          ] GC(8) Concurrent weak roots 2.729ms
[7.593s][info][gc,start    ] GC(8) Concurrent cleanup
[7.593s][info][gc          ] GC(8) Concurrent cleanup 803M->780M(2048M) 0.033ms
[7.593s][info][gc,ergo     ] GC(8) Free: 1142M, Max: 1024K regular, 1110M humongous, Frag: 3% external, 0% internal; Reserve: 95232K, Max: 1024K
[7.593s][info][gc,start    ] GC(8) Concurrent class unloading
[7.593s][info][gc,task     ] GC(8) Using 1 of 3 workers for concurrent class unloading
[7.605s][info][gc          ] GC(8) Concurrent class unloading 12.115ms
[7.605s][info][gc,start    ] GC(8) Concurrent strong roots
[7.605s][info][gc,task     ] GC(8) Using 1 of 3 workers for concurrent strong root
[7.605s][info][gc          ] GC(8) Concurrent strong roots 0.083ms
[7.605s][info][gc,start    ] GC(8) Concurrent evacuation
[7.605s][info][gc,task     ] GC(8) Using 1 of 3 workers for concurrent evacuation
[7.683s][info][gc          ] GC(8) Concurrent evacuation 77.141ms
[7.683s][info][gc,start    ] GC(8) Pause Init Update Refs
[7.683s][info][gc,ergo     ] GC(8) Pacer for Update Refs. Used: 930M, Free: 1067M, Non-Taxable: 106M, Alloc Tax Rate: 1.1x
[7.683s][info][gc          ] GC(8) Pause Init Update Refs 0.062ms
[7.684s][info][gc,start    ] GC(8) Concurrent update references
[7.684s][info][gc,task     ] GC(8) Using 1 of 3 workers for concurrent reference update
[8.098s][info][gc          ] GC(8) Concurrent update references 414.434ms
[8.098s][info][gc,start    ] GC(8) Concurrent update thread roots
[8.099s][info][gc          ] GC(8) Concurrent update thread roots 0.853ms
[8.099s][info][gc,start    ] GC(8) Pause Final Update Refs
[8.099s][info][gc,task     ] GC(8) Using 3 of 3 workers for final reference update
[8.099s][info][gc          ] GC(8) Pause Final Update Refs 0.275ms
[8.099s][info][gc,start    ] GC(8) Concurrent cleanup
[8.099s][info][gc          ] GC(8) Concurrent cleanup 999M->744M(2048M) 0.048ms
[8.100s][info][gc,ergo     ] Free: 1165M, Max: 1024K regular, 913M humongous, Frag: 22% external, 0% internal; Reserve: 103M, Max: 1024K
[8.100s][info][gc,stats    ] 
[8.100s][info][gc,stats    ] All times are wall-clock times, except per-root-class counters, that are sum over
[8.100s][info][gc,stats    ] all workers. Dividing the <total> over the root stage time estimates parallelism.
[8.100s][info][gc,stats    ] 
[8.100s][info][gc,stats    ] Concurrent Reset                    536 us
[8.100s][info][gc,stats    ] Pause Init Mark (G)                 514 us
[8.100s][info][gc,stats    ] Pause Init Mark (N)                 232 us
[8.100s][info][gc,stats    ]   Update Region States               89 us
[8.100s][info][gc,stats    ] Concurrent Mark Roots               680 us, parallelism: 0.78x
[8.100s][info][gc,stats    ]   CMR: <total>                      529 us
[8.100s][info][gc,stats    ]   CMR: Thread Roots                 455 us, workers (us): 455, ---, ---, 
[8.100s][info][gc,stats    ]   CMR: VM Strong Roots                6 us, workers (us):   6, ---, ---, 
[8.100s][info][gc,stats    ]   CMR: CLDG Roots                    67 us, workers (us):  67, ---, ---, 
[8.100s][info][gc,stats    ] Concurrent Marking               326652 us
[8.100s][info][gc,stats    ] Pause Final Mark (G)              15580 us
[8.100s][info][gc,stats    ] Pause Final Mark (N)                238 us
[8.100s][info][gc,stats    ]   Finish Mark                        42 us
[8.100s][info][gc,stats    ]   Update Region States               29 us
[8.100s][info][gc,stats    ]   Choose Collection Set              84 us
[8.100s][info][gc,stats    ]   Rebuild Free Set                    9 us
[8.100s][info][gc,stats    ] Concurrent Thread Roots             774 us, parallelism: 0.82x
[8.100s][info][gc,stats    ]   CTR: <total>                      637 us
[8.100s][info][gc,stats    ]   CTR: Thread Roots                 637 us, workers (us): 637, ---, ---, 
[8.100s][info][gc,stats    ] Concurrent Weak References           75 us, parallelism: 0.20x
[8.100s][info][gc,stats    ]   CWRF: <total>                      15 us
[8.100s][info][gc,stats    ]   CWRF: Weak References              15 us, workers (us):  15, ---, ---, 
[8.100s][info][gc,stats    ] Concurrent Weak Roots              2784 us
[8.100s][info][gc,stats    ]   Roots                             899 us, parallelism: 0.95x
[8.100s][info][gc,stats    ]     CWR: <total>                    854 us
[8.100s][info][gc,stats    ]     CWR: Code Cache Roots           764 us, workers (us): 764, ---, ---, 
[8.100s][info][gc,stats    ]     CWR: VM Weak Roots               82 us, workers (us):  82, ---, ---, 
[8.100s][info][gc,stats    ]     CWR: CLDG Roots                   8 us, workers (us):   8, ---, ---, 
[8.100s][info][gc,stats    ]   Rendezvous                       1812 us
[8.100s][info][gc,stats    ] Concurrent Cleanup                   42 us
[8.100s][info][gc,stats    ] Concurrent Class Unloading        12178 us
[8.100s][info][gc,stats    ]   Unlink Stale                     3210 us
[8.100s][info][gc,stats    ]     System Dictionary                10 us
[8.100s][info][gc,stats    ]     Weak Class Links                  0 us
[8.100s][info][gc,stats    ]     Code Roots                     3199 us
[8.100s][info][gc,stats    ]   Rendezvous                       8653 us
[8.100s][info][gc,stats    ]   Purge Unlinked                    231 us
[8.100s][info][gc,stats    ]     Code Roots                      224 us
[8.100s][info][gc,stats    ]     CLDG                              6 us
[8.100s][info][gc,stats    ]     Exception Caches                  0 us
[8.100s][info][gc,stats    ] Concurrent Strong Roots              91 us, parallelism: 0.47x
[8.100s][info][gc,stats    ]   CSR: <total>                       43 us
[8.100s][info][gc,stats    ]   CSR: VM Strong Roots                4 us, workers (us):   4, ---, ---, 
[8.100s][info][gc,stats    ]   CSR: CLDG Roots                    39 us, workers (us):  39, ---, ---, 
[8.100s][info][gc,stats    ] Concurrent Evacuation             77213 us
[8.100s][info][gc,stats    ] Pause Init Update Refs (G)          944 us
[8.100s][info][gc,stats    ] Pause Init Update Refs (N)           71 us
[8.100s][info][gc,stats    ]   Manage GCLABs                       4 us
[8.100s][info][gc,stats    ] Concurrent Update Refs           414512 us
[8.100s][info][gc,stats    ] Concurrent Update Thread Roots      872 us
[8.100s][info][gc,stats    ] Pause Final Update Refs (G)         448 us
[8.100s][info][gc,stats    ] Pause Final Update Refs (N)         326 us
[8.100s][info][gc,stats    ]   Update Region States              127 us
[8.100s][info][gc,stats    ]   Trash Collection Set               15 us
[8.100s][info][gc,stats    ]   Rebuild Free Set                   32 us
[8.100s][info][gc,stats    ] Concurrent Cleanup                   57 us
[8.100s][info][gc,stats    ] 
[8.100s][info][gc,stats    ] Allocation pacing accrued:
[8.100s][info][gc,stats    ]       0 of  1376 ms (  0.0%): <total>
[8.100s][info][gc,stats    ]       0 of  1376 ms (  0.0%): <average total>
[8.100s][info][gc,stats    ] 
[8.100s][info][gc,metaspace] Metaspace: 15714K(16000K)->15722K(16000K) NonClass: 13545K(13696K)->13553K(13696K) Class: 2168K(2304K)->2168K(2304K)
[8.100s][info][gc,ergo     ] Pacer for Idle. Initial: 41943K, Alloc Tax Rate: 1.0x
[8.107s][info][gc          ] Trigger: Explicit GC request (System.gc())
[8.107s][info][gc,ergo     ] Free: 1165M, Max: 1024K regular, 913M humongous, Frag: 22% external, 0% internal; Reserve: 103M, Max: 1024K
[8.108s][info][gc,start    ] GC(9) Concurrent reset
[8.108s][info][gc,task     ] GC(9) Using 1 of 3 workers for concurrent reset
[8.108s][info][gc,ergo     ] GC(9) Pacer for Reset. Non-Taxable: 2048M
[8.110s][info][gc          ] GC(9) Concurrent reset 2.348ms
[8.110s][info][gc,start    ] GC(9) Pause Init Mark (unload classes)
[8.110s][info][gc,task     ] GC(9) Using 3 of 3 workers for init marking
[8.110s][info][gc,ref      ] GC(9) Clearing All SoftReferences
[8.110s][info][gc,ergo     ] GC(9) Pacer for Mark. Expected Live: 116M, Free: 1165M, Non-Taxable: 116M, Alloc Tax Rate: 0.1x
[8.110s][info][gc          ] GC(9) Pause Init Mark (unload classes) 0.283ms
[8.110s][info][gc,start    ] GC(9) Concurrent marking roots
[8.110s][info][gc,task     ] GC(9) Using 1 of 3 workers for concurrent marking roots
[8.111s][info][gc          ] GC(9) Concurrent marking roots 0.605ms
[8.111s][info][gc,start    ] GC(9) Concurrent marking (unload classes)
[8.111s][info][gc,task     ] GC(9) Using 1 of 3 workers for concurrent marking
[8.115s][info][gc          ] GC(9) Concurrent marking (unload classes) 4.291ms
[8.115s][info][gc,start    ] GC(9) Pause Final Mark (unload classes)
[8.115s][info][gc,task     ] GC(9) Using 3 of 3 workers for final marking
[8.116s][info][gc,ergo     ] GC(9) Collectable Garbage: 729M (98%), Immediate: 729M (98%), CSet: 0B (0%)
[8.116s][info][gc          ] GC(9) Pause Final Mark (unload classes) 0.795ms
[8.116s][info][gc,start    ] GC(9) Concurrent weak references
[8.116s][info][gc,task     ] GC(9) Using 1 of 3 workers for concurrent weak references
[8.116s][info][gc,ref      ] GC(9) Encountered references: Soft: 178, Weak: 680, Final: 0, Phantom: 63
[8.116s][info][gc,ref      ] GC(9) Discovered  references: Soft: 127, Weak: 165, Final: 0, Phantom: 61
[8.116s][info][gc,ref      ] GC(9) Enqueued    references: Soft: 48, Weak: 0, Final: 0, Phantom: 0
[8.116s][info][gc          ] GC(9) Concurrent weak references 0.225ms
[8.116s][info][gc,start    ] GC(9) Concurrent weak roots
[8.117s][info][gc,task     ] GC(9) Using 1 of 3 workers for concurrent weak root
[8.117s][info][gc          ] GC(9) Concurrent weak roots 0.788ms
[8.117s][info][gc,start    ] GC(9) Concurrent cleanup
[8.117s][info][gc          ] GC(9) Concurrent cleanup 744M->15M(2048M) 0.058ms
[8.117s][info][gc,ergo     ] GC(9) Free: 1930M, Max: 1024K regular, 997M humongous, Frag: 49% external, 0% internal; Reserve: 103M, Max: 1024K
[8.117s][info][gc,start    ] GC(9) Concurrent class unloading
[8.117s][info][gc,task     ] GC(9) Using 1 of 3 workers for concurrent class unloading
[8.121s][info][gc          ] GC(9) Concurrent class unloading 3.505ms
[8.121s][info][gc,start    ] GC(9) Pause Final Roots
[8.121s][info][gc          ] GC(9) Pause Final Roots 0.065ms
[8.121s][info][gc,ergo     ] Free: 1930M, Max: 1024K regular, 997M humongous, Frag: 49% external, 0% internal; Reserve: 103M, Max: 1024K
[8.121s][info][gc,stats    ] 
[8.121s][info][gc,stats    ] All times are wall-clock times, except per-root-class counters, that are sum over
[8.121s][info][gc,stats    ] all workers. Dividing the <total> over the root stage time estimates parallelism.
[8.121s][info][gc,stats    ] 
[8.121s][info][gc,stats    ] Concurrent Reset                   2398 us
[8.121s][info][gc,stats    ] Pause Init Mark (G)                 406 us
[8.121s][info][gc,stats    ] Pause Init Mark (N)                 304 us
[8.121s][info][gc,stats    ]   Update Region States              127 us
[8.121s][info][gc,stats    ] Concurrent Mark Roots               622 us, parallelism: 0.85x
[8.122s][info][gc,stats    ]   CMR: <total>                      528 us
[8.122s][info][gc,stats    ]   CMR: Thread Roots                 481 us, workers (us): 481, ---, ---, 
[8.122s][info][gc,stats    ]   CMR: VM Strong Roots                5 us, workers (us):   5, ---, ---, 
[8.122s][info][gc,stats    ]   CMR: CLDG Roots                    42 us, workers (us):  42, ---, ---, 
[8.122s][info][gc,stats    ] Concurrent Marking                 4351 us
[8.122s][info][gc,stats    ] Pause Final Mark (G)                944 us
[8.122s][info][gc,stats    ] Pause Final Mark (N)                820 us
[8.122s][info][gc,stats    ]   Finish Mark                       466 us
[8.122s][info][gc,stats    ]   Update Region States              125 us
[8.122s][info][gc,stats    ]   Choose Collection Set             101 us
[8.122s][info][gc,stats    ]   Rebuild Free Set                   24 us
[8.122s][info][gc,stats    ] Concurrent Weak References          248 us, parallelism: 0.06x
[8.122s][info][gc,stats    ]   CWRF: <total>                      15 us
[8.122s][info][gc,stats    ]   CWRF: Weak References              15 us, workers (us):  15, ---, ---, 
[8.122s][info][gc,stats    ] Concurrent Weak Roots               817 us
[8.122s][info][gc,stats    ]   Roots                             670 us, parallelism: 0.91x
[8.122s][info][gc,stats    ]     CWR: <total>                    609 us
[8.122s][info][gc,stats    ]     CWR: Code Cache Roots           528 us, workers (us): 528, ---, ---, 
[8.122s][info][gc,stats    ]     CWR: VM Weak Roots               76 us, workers (us):  76, ---, ---, 
[8.122s][info][gc,stats    ]     CWR: CLDG Roots                   5 us, workers (us):   5, ---, ---, 
[8.122s][info][gc,stats    ]   Rendezvous                         81 us
[8.122s][info][gc,stats    ] Concurrent Cleanup                   66 us
[8.122s][info][gc,stats    ] Concurrent Class Unloading         3554 us
[8.122s][info][gc,stats    ]   Unlink Stale                     3055 us
[8.122s][info][gc,stats    ]     System Dictionary                 5 us
[8.122s][info][gc,stats    ]     Weak Class Links                  0 us
[8.122s][info][gc,stats    ]     Code Roots                     3049 us
[8.122s][info][gc,stats    ]   Rendezvous                        152 us
[8.122s][info][gc,stats    ]   Purge Unlinked                    279 us
[8.122s][info][gc,stats    ]     Code Roots                      266 us
[8.122s][info][gc,stats    ]     CLDG                             12 us
[8.122s][info][gc,stats    ]     Exception Caches                  0 us
[8.122s][info][gc,stats    ] Pause Final Roots (G)               272 us
[8.122s][info][gc,stats    ] Pause Final Roots (N)                83 us
[8.122s][info][gc,stats    ] 
[8.122s][info][gc,stats    ] Allocation pacing accrued:
[8.122s][info][gc,stats    ]       0 of    21 ms (  0.0%): <total>
[8.122s][info][gc,stats    ]       0 of    21 ms (  0.0%): <average total>
[8.122s][info][gc,stats    ] 
[8.122s][info][gc,metaspace] Metaspace: 15722K(16000K)->15722K(16000K) NonClass: 13553K(13696K)->13553K(13696K) Class: 2168K(2304K)->2168K(2304K)
[8.122s][info][gc,ergo     ] Pacer for Idle. Initial: 41943K, Alloc Tax Rate: 1.0x
[8.657s][info][gc          ] Trigger: Learning 2 of 5. Free (1415M) is below initial threshold (1433M)
[8.657s][info][gc,ergo     ] Free: 1415M, Max: 1024K regular, 997M humongous, Frag: 30% external, 0% internal; Reserve: 103M, Max: 1024K
[8.657s][info][gc,start    ] GC(10) Concurrent reset
[8.657s][info][gc,task     ] GC(10) Using 1 of 3 workers for concurrent reset
[8.657s][info][gc,ergo     ] GC(10) Pacer for Reset. Non-Taxable: 2048M
[8.657s][info][gc          ] GC(10) Concurrent reset 0.443ms
[8.657s][info][gc,start    ] GC(10) Pause Init Mark (unload classes)
[8.657s][info][gc,task     ] GC(10) Using 3 of 3 workers for init marking
[8.657s][info][gc,ergo     ] GC(10) Pacer for Mark. Expected Live: 81997K, Free: 1414M, Non-Taxable: 141M, Alloc Tax Rate: 0.1x
[8.658s][info][gc          ] GC(10) Pause Init Mark (unload classes) 0.239ms
[8.658s][info][gc,start    ] GC(10) Concurrent marking roots
[8.658s][info][gc,task     ] GC(10) Using 1 of 3 workers for concurrent marking roots
[8.658s][info][gc          ] GC(10) Concurrent marking roots 0.471ms
[8.658s][info][gc,start    ] GC(10) Concurrent marking (unload classes)
[8.658s][info][gc,task     ] GC(10) Using 1 of 3 workers for concurrent marking
[9.001s][info][gc          ] GC(10) Concurrent marking (unload classes) 342.533ms
[9.001s][info][gc,start    ] GC(10) Pause Final Mark (unload classes)
[9.001s][info][gc,task     ] GC(10) Using 3 of 3 workers for final marking
[9.001s][info][gc,ergo     ] GC(10) Adaptive CSet Selection. Target Free: 290M, Actual Free: 1243M, Max CSet: 87381K, Min Garbage: 0B
[9.001s][info][gc,ergo     ] GC(10) Collectable Garbage: 199M (62%), Immediate: 29760K (9%), CSet: 170M (52%)
[9.001s][info][gc,ergo     ] GC(10) Pacer for Evacuation. Used CSet: 256M, Free: 1151M, Non-Taxable: 115M, Alloc Tax Rate: 1.1x
[9.001s][info][gc          ] GC(10) Pause Final Mark (unload classes) 0.232ms
[9.010s][info][gc,start    ] GC(10) Concurrent thread roots
[9.010s][info][gc,task     ] GC(10) Using 1 of 3 workers for Concurrent thread roots
[9.011s][info][gc          ] GC(10) Concurrent thread roots 0.604ms
[9.011s][info][gc,start    ] GC(10) Concurrent weak references
[9.011s][info][gc,task     ] GC(10) Using 1 of 3 workers for concurrent weak references
[9.011s][info][gc,ref      ] GC(10) Encountered references: Soft: 133, Weak: 681, Final: 0, Phantom: 63
[9.011s][info][gc,ref      ] GC(10) Discovered  references: Soft: 0, Weak: 151, Final: 0, Phantom: 26
[9.011s][info][gc,ref      ] GC(10) Enqueued    references: Soft: 0, Weak: 0, Final: 0, Phantom: 0
[9.011s][info][gc          ] GC(10) Concurrent weak references 0.068ms
[9.011s][info][gc,start    ] GC(10) Concurrent weak roots
[9.011s][info][gc,task     ] GC(10) Using 1 of 3 workers for concurrent weak root
[9.017s][info][gc          ] GC(10) Concurrent weak roots 5.891ms
[9.017s][info][gc,start    ] GC(10) Concurrent cleanup
[9.017s][info][gc          ] GC(10) Concurrent cleanup 811M->782M(2048M) 0.042ms
[9.017s][info][gc,ergo     ] GC(10) Free: 1144M, Max: 1024K regular, 1105M humongous, Frag: 4% external, 0% internal; Reserve: 94716K, Max: 1024K
[9.017s][info][gc,start    ] GC(10) Concurrent class unloading
[9.017s][info][gc,task     ] GC(10) Using 1 of 3 workers for concurrent class unloading
[9.033s][info][gc          ] GC(10) Concurrent class unloading 15.746ms
[9.033s][info][gc,start    ] GC(10) Concurrent strong roots
[9.033s][info][gc,task     ] GC(10) Using 1 of 3 workers for concurrent strong root
[9.033s][info][gc          ] GC(10) Concurrent strong roots 0.082ms
[9.033s][info][gc,start    ] GC(10) Concurrent evacuation
[9.033s][info][gc,task     ] GC(10) Using 1 of 3 workers for concurrent evacuation
[9.114s][info][gc          ] GC(10) Concurrent evacuation 81.040ms
[9.114s][info][gc,start    ] GC(10) Pause Init Update Refs
[9.114s][info][gc,ergo     ] GC(10) Pacer for Update Refs. Used: 946M, Free: 1052M, Non-Taxable: 105M, Alloc Tax Rate: 1.1x
[9.114s][info][gc          ] GC(10) Pause Init Update Refs 0.096ms
[9.116s][info][gc,start    ] GC(10) Concurrent update references
[9.116s][info][gc,task     ] GC(10) Using 1 of 3 workers for concurrent reference update
[9.573s][info][gc          ] GC(10) Concurrent update references 457.002ms
[9.573s][info][gc,start    ] GC(10) Concurrent update thread roots
[9.573s][info][gc          ] GC(10) Concurrent update thread roots 0.843ms
[9.574s][info][gc,start    ] GC(10) Pause Final Update Refs
[9.574s][info][gc,task     ] GC(10) Using 3 of 3 workers for final reference update
[9.574s][info][gc          ] GC(10) Pause Final Update Refs 0.237ms
[9.574s][info][gc,start    ] GC(10) Concurrent cleanup
[9.574s][info][gc          ] GC(10) Concurrent cleanup 996M->740M(2048M) 0.038ms
[9.574s][info][gc,ergo     ] Free: 1170M, Max: 1024K regular, 919M humongous, Frag: 22% external, 0% internal; Reserve: 103M, Max: 1024K
[9.574s][info][gc,stats    ] 
[9.574s][info][gc,stats    ] All times are wall-clock times, except per-root-class counters, that are sum over
[9.574s][info][gc,stats    ] all workers. Dividing the <total> over the root stage time estimates parallelism.
[9.574s][info][gc,stats    ] 
[9.574s][info][gc,stats    ] Concurrent Reset                    496 us
[9.574s][info][gc,stats    ] Pause Init Mark (G)                 554 us
[9.574s][info][gc,stats    ] Pause Init Mark (N)                 258 us
[9.574s][info][gc,stats    ]   Update Region States              103 us
[9.574s][info][gc,stats    ] Concurrent Mark Roots               489 us, parallelism: 0.75x
[9.574s][info][gc,stats    ]   CMR: <total>                      368 us
[9.574s][info][gc,stats    ]   CMR: Thread Roots                 327 us, workers (us): 327, ---, ---, 
[9.574s][info][gc,stats    ]   CMR: VM Strong Roots                5 us, workers (us):   5, ---, ---, 
[9.574s][info][gc,stats    ]   CMR: CLDG Roots                    37 us, workers (us):  37, ---, ---, 
[9.574s][info][gc,stats    ] Concurrent Marking               342596 us
[9.574s][info][gc,stats    ] Pause Final Mark (G)               9432 us
[9.574s][info][gc,stats    ] Pause Final Mark (N)                241 us
[9.574s][info][gc,stats    ]   Finish Mark                        42 us
[9.574s][info][gc,stats    ]   Update Region States               32 us
[9.574s][info][gc,stats    ]   Choose Collection Set             108 us
[9.574s][info][gc,stats    ]   Rebuild Free Set                    9 us
[9.574s][info][gc,stats    ] Concurrent Thread Roots             616 us, parallelism: 0.82x
[9.574s][info][gc,stats    ]   CTR: <total>                      508 us
[9.574s][info][gc,stats    ]   CTR: Thread Roots                 508 us, workers (us): 508, ---, ---, 
[9.574s][info][gc,stats    ] Concurrent Weak References           75 us, parallelism: 0.20x
[9.574s][info][gc,stats    ]   CWRF: <total>                      15 us
[9.574s][info][gc,stats    ]   CWRF: Weak References              15 us, workers (us):  15, ---, ---, 
[9.574s][info][gc,stats    ] Concurrent Weak Roots              5962 us
[9.574s][info][gc,stats    ]   Roots                             773 us, parallelism: 0.96x
[9.574s][info][gc,stats    ]     CWR: <total>                    743 us
[9.574s][info][gc,stats    ]     CWR: Code Cache Roots           654 us, workers (us): 654, ---, ---, 
[9.574s][info][gc,stats    ]     CWR: VM Weak Roots               81 us, workers (us):  81, ---, ---, 
[9.574s][info][gc,stats    ]     CWR: CLDG Roots                   7 us, workers (us):   7, ---, ---, 
[9.574s][info][gc,stats    ]   Rendezvous                       5100 us
[9.574s][info][gc,stats    ] Concurrent Cleanup                   51 us
[9.574s][info][gc,stats    ] Concurrent Class Unloading        15810 us
[9.574s][info][gc,stats    ]   Unlink Stale                     3430 us
[9.574s][info][gc,stats    ]     System Dictionary                10 us
[9.574s][info][gc,stats    ]     Weak Class Links                  0 us
[9.574s][info][gc,stats    ]     Code Roots                     3417 us
[9.574s][info][gc,stats    ]   Rendezvous                      12070 us
[9.574s][info][gc,stats    ]   Purge Unlinked                    220 us
[9.574s][info][gc,stats    ]     Code Roots                      214 us
[9.574s][info][gc,stats    ]     CLDG                              5 us
[9.574s][info][gc,stats    ]     Exception Caches                  0 us
[9.574s][info][gc,stats    ] Concurrent Strong Roots              90 us, parallelism: 0.48x
[9.574s][info][gc,stats    ]   CSR: <total>                       44 us
[9.574s][info][gc,stats    ]   CSR: VM Strong Roots                4 us, workers (us):   4, ---, ---, 
[9.574s][info][gc,stats    ]   CSR: CLDG Roots                    39 us, workers (us):  39, ---, ---, 
[9.574s][info][gc,stats    ] Concurrent Evacuation             81119 us
[9.574s][info][gc,stats    ] Pause Init Update Refs (G)         1593 us
[9.574s][info][gc,stats    ] Pause Init Update Refs (N)          105 us
[9.574s][info][gc,stats    ]   Manage GCLABs                       5 us
[9.574s][info][gc,stats    ] Concurrent Update Refs           457055 us
[9.574s][info][gc,stats    ] Concurrent Update Thread Roots      862 us
[9.574s][info][gc,stats    ] Pause Final Update Refs (G)         336 us
[9.574s][info][gc,stats    ] Pause Final Update Refs (N)         265 us
[9.574s][info][gc,stats    ]   Update Region States               92 us
[9.574s][info][gc,stats    ]   Trash Collection Set               16 us
[9.574s][info][gc,stats    ]   Rebuild Free Set                   32 us
[9.574s][info][gc,stats    ] Concurrent Cleanup                   47 us
[9.574s][info][gc,stats    ] 
[9.574s][info][gc,stats    ] Allocation pacing accrued:
[9.574s][info][gc,stats    ]       0 of  1453 ms (  0.0%): <total>
[9.574s][info][gc,stats    ]       0 of  1453 ms (  0.0%): <average total>
[9.574s][info][gc,stats    ] 
[9.574s][info][gc,metaspace] Metaspace: 15722K(16000K)->15746K(16064K) NonClass: 13553K(13696K)->13578K(13760K) Class: 2168K(2304K)->2168K(2304K)
[9.574s][info][gc,ergo     ] Pacer for Idle. Initial: 41943K, Alloc Tax Rate: 1.0x
[9.586s][info][gc          ] Trigger: Explicit GC request (System.gc())
[9.586s][info][gc,ergo     ] Free: 1170M, Max: 1024K regular, 919M humongous, Frag: 22% external, 0% internal; Reserve: 103M, Max: 1024K
[9.587s][info][gc,start    ] GC(11) Concurrent reset
[9.587s][info][gc,task     ] GC(11) Using 1 of 3 workers for concurrent reset
[9.587s][info][gc,ergo     ] GC(11) Pacer for Reset. Non-Taxable: 2048M
[9.589s][info][gc          ] GC(11) Concurrent reset 2.968ms
[9.590s][info][gc,start    ] GC(11) Pause Init Mark (unload classes)
[9.590s][info][gc,task     ] GC(11) Using 3 of 3 workers for init marking
[9.590s][info][gc,ref      ] GC(11) Clearing All SoftReferences
[9.590s][info][gc,ergo     ] GC(11) Pacer for Mark. Expected Live: 117M, Free: 1170M, Non-Taxable: 117M, Alloc Tax Rate: 0.1x
[9.590s][info][gc          ] GC(11) Pause Init Mark (unload classes) 0.276ms
[9.590s][info][gc,start    ] GC(11) Concurrent marking roots
[9.590s][info][gc,task     ] GC(11) Using 1 of 3 workers for concurrent marking roots
[9.591s][info][gc          ] GC(11) Concurrent marking roots 0.520ms
[9.591s][info][gc,start    ] GC(11) Concurrent marking (unload classes)
[9.591s][info][gc,task     ] GC(11) Using 1 of 3 workers for concurrent marking
[9.595s][info][gc          ] GC(11) Concurrent marking (unload classes) 4.127ms
[9.595s][info][gc,start    ] GC(11) Pause Final Mark (unload classes)
[9.595s][info][gc,task     ] GC(11) Using 3 of 3 workers for final marking
[9.595s][info][gc,ergo     ] GC(11) Collectable Garbage: 725M (98%), Immediate: 725M (98%), CSet: 0B (0%)
[9.595s][info][gc          ] GC(11) Pause Final Mark (unload classes) 0.504ms
[9.595s][info][gc,start    ] GC(11) Concurrent weak references
[9.595s][info][gc,task     ] GC(11) Using 1 of 3 workers for concurrent weak references
[9.595s][info][gc,ref      ] GC(11) Encountered references: Soft: 178, Weak: 680, Final: 0, Phantom: 63
[9.595s][info][gc,ref      ] GC(11) Discovered  references: Soft: 127, Weak: 165, Final: 0, Phantom: 61
[9.595s][info][gc,ref      ] GC(11) Enqueued    references: Soft: 48, Weak: 0, Final: 0, Phantom: 0
[9.596s][info][gc          ] GC(11) Concurrent weak references 0.148ms
[9.596s][info][gc,start    ] GC(11) Concurrent weak roots
[9.596s][info][gc,task     ] GC(11) Using 1 of 3 workers for concurrent weak root
[9.596s][info][gc          ] GC(11) Concurrent weak roots 0.964ms
[9.596s][info][gc,start    ] GC(11) Concurrent cleanup
[9.597s][info][gc          ] GC(11) Concurrent cleanup 740M->15M(2048M) 0.070ms
[9.597s][info][gc,ergo     ] GC(11) Free: 1930M, Max: 1024K regular, 1003M humongous, Frag: 49% external, 0% internal; Reserve: 103M, Max: 1024K
[9.597s][info][gc,start    ] GC(11) Concurrent class unloading
[9.597s][info][gc,task     ] GC(11) Using 1 of 3 workers for concurrent class unloading
[9.600s][info][gc          ] GC(11) Concurrent class unloading 3.459ms
[9.600s][info][gc,start    ] GC(11) Pause Final Roots
[9.600s][info][gc          ] GC(11) Pause Final Roots 0.056ms
[9.600s][info][gc,ergo     ] Free: 1930M, Max: 1024K regular, 1003M humongous, Frag: 49% external, 0% internal; Reserve: 103M, Max: 1024K
[9.600s][info][gc,stats    ] 
[9.600s][info][gc,stats    ] All times are wall-clock times, except per-root-class counters, that are sum over
[9.600s][info][gc,stats    ] all workers. Dividing the <total> over the root stage time estimates parallelism.
[9.600s][info][gc,stats    ] 
[9.600s][info][gc,stats    ] Concurrent Reset                   3040 us
[9.600s][info][gc,stats    ] Pause Init Mark (G)                 445 us
[9.600s][info][gc,stats    ] Pause Init Mark (N)                 287 us
[9.600s][info][gc,stats    ]   Update Region States              102 us
[9.600s][info][gc,stats    ] Concurrent Mark Roots               550 us, parallelism: 0.70x
[9.600s][info][gc,stats    ]   CMR: <total>                      387 us
[9.600s][info][gc,stats    ]   CMR: Thread Roots                 332 us, workers (us): 332, ---, ---, 
[9.600s][info][gc,stats    ]   CMR: VM Strong Roots                6 us, workers (us):   6, ---, ---, 
[9.600s][info][gc,stats    ]   CMR: CLDG Roots                    49 us, workers (us):  49, ---, ---, 
[9.600s][info][gc,stats    ] Concurrent Marking                 4193 us
[9.600s][info][gc,stats    ] Pause Final Mark (G)                622 us
[9.601s][info][gc,stats    ] Pause Final Mark (N)                529 us
[9.601s][info][gc,stats    ]   Finish Mark                       165 us
[9.601s][info][gc,stats    ]   Update Region States              125 us
[9.601s][info][gc,stats    ]   Choose Collection Set             101 us
[9.601s][info][gc,stats    ]   Rebuild Free Set                   25 us
[9.601s][info][gc,stats    ] Concurrent Weak References          155 us, parallelism: 0.13x
[9.601s][info][gc,stats    ]   CWRF: <total>                      21 us
[9.601s][info][gc,stats    ]   CWRF: Weak References              21 us, workers (us):  21, ---, ---, 
[9.601s][info][gc,stats    ] Concurrent Weak Roots               978 us
[9.601s][info][gc,stats    ]   Roots                             861 us, parallelism: 0.93x
[9.601s][info][gc,stats    ]     CWR: <total>                    805 us
[9.601s][info][gc,stats    ]     CWR: Code Cache Roots           665 us, workers (us): 665, ---, ---, 
[9.601s][info][gc,stats    ]     CWR: VM Weak Roots              132 us, workers (us): 132, ---, ---, 
[9.601s][info][gc,stats    ]     CWR: CLDG Roots                   7 us, workers (us):   7, ---, ---, 
[9.601s][info][gc,stats    ]   Rendezvous                         89 us
[9.601s][info][gc,stats    ] Concurrent Cleanup                   78 us
[9.601s][info][gc,stats    ] Concurrent Class Unloading         3481 us
[9.601s][info][gc,stats    ]   Unlink Stale                     3147 us
[9.601s][info][gc,stats    ]     System Dictionary                 6 us
[9.601s][info][gc,stats    ]     Weak Class Links                  0 us
[9.601s][info][gc,stats    ]     Code Roots                     3140 us
[9.601s][info][gc,stats    ]   Rendezvous                        126 us
[9.601s][info][gc,stats    ]   Purge Unlinked                    171 us
[9.601s][info][gc,stats    ]     Code Roots                      166 us
[9.601s][info][gc,stats    ]     CLDG                              4 us
[9.601s][info][gc,stats    ]     Exception Caches                  0 us
[9.601s][info][gc,stats    ] Pause Final Roots (G)               152 us
[9.601s][info][gc,stats    ] Pause Final Roots (N)                75 us
[9.601s][info][gc,stats    ] 
[9.601s][info][gc,stats    ] Allocation pacing accrued:
[9.601s][info][gc,stats    ]       0 of    26 ms (  0.0%): <total>
[9.601s][info][gc,stats    ]       0 of    26 ms (  0.0%): <average total>
[9.601s][info][gc,stats    ] 
[9.601s][info][gc,metaspace] Metaspace: 15746K(16064K)->15747K(16064K) NonClass: 13578K(13760K)->13578K(13760K) Class: 2168K(2304K)->2168K(2304K)
[9.601s][info][gc,ergo     ] Pacer for Idle. Initial: 41943K, Alloc Tax Rate: 1.0x
[10.136s][info][gc          ] Trigger: Learning 2 of 5. Free (1410M) is below initial threshold (1433M)
[10.136s][info][gc,ergo     ] Free: 1410M, Max: 1024K regular, 1003M humongous, Frag: 29% external, 0% internal; Reserve: 103M, Max: 1024K
[10.136s][info][gc,start    ] GC(12) Concurrent reset
[10.136s][info][gc,task     ] GC(12) Using 1 of 3 workers for concurrent reset
[10.136s][info][gc,ergo     ] GC(12) Pacer for Reset. Non-Taxable: 2048M
[10.136s][info][gc          ] GC(12) Concurrent reset 0.412ms
[10.136s][info][gc,start    ] GC(12) Pause Init Mark (unload classes)
[10.136s][info][gc,task     ] GC(12) Using 3 of 3 workers for init marking
[10.136s][info][gc,ergo     ] GC(12) Pacer for Mark. Expected Live: 82094K, Free: 1410M, Non-Taxable: 141M, Alloc Tax Rate: 0.1x
[10.137s][info][gc          ] GC(12) Pause Init Mark (unload classes) 0.271ms
[10.137s][info][gc,start    ] GC(12) Concurrent marking roots
[10.137s][info][gc,task     ] GC(12) Using 1 of 3 workers for concurrent marking roots
[10.137s][info][gc          ] GC(12) Concurrent marking roots 0.439ms
[10.137s][info][gc,start    ] GC(12) Concurrent marking (unload classes)
[10.137s][info][gc,task     ] GC(12) Using 1 of 3 workers for concurrent marking
[10.474s][info][gc          ] GC(12) Concurrent marking (unload classes) 336.843ms
[10.474s][info][gc,start    ] GC(12) Pause Final Mark (unload classes)
[10.474s][info][gc,task     ] GC(12) Using 3 of 3 workers for final marking
[10.474s][info][gc,ergo     ] GC(12) Adaptive CSet Selection. Target Free: 290M, Actual Free: 1262M, Max CSet: 87381K, Min Garbage: 0B
[10.474s][info][gc,ergo     ] GC(12) Collectable Garbage: 200M (61%), Immediate: 27008K (8%), CSet: 173M (53%)
[10.474s][info][gc,ergo     ] GC(12) Pacer for Evacuation. Used CSet: 259M, Free: 1171M, Non-Taxable: 117M, Alloc Tax Rate: 1.1x
[10.474s][info][gc          ] GC(12) Pause Final Mark (unload classes) 0.233ms
[10.490s][info][gc,start    ] GC(12) Concurrent thread roots
[10.490s][info][gc,task     ] GC(12) Using 1 of 3 workers for Concurrent thread roots
[10.490s][info][gc          ] GC(12) Concurrent thread roots 0.647ms
[10.490s][info][gc,start    ] GC(12) Concurrent weak references
[10.490s][info][gc,task     ] GC(12) Using 1 of 3 workers for concurrent weak references
[10.490s][info][gc,ref      ] GC(12) Encountered references: Soft: 133, Weak: 681, Final: 0, Phantom: 63
[10.490s][info][gc,ref      ] GC(12) Discovered  references: Soft: 0, Weak: 152, Final: 0, Phantom: 26
[10.490s][info][gc,ref      ] GC(12) Enqueued    references: Soft: 0, Weak: 0, Final: 0, Phantom: 0
[10.490s][info][gc          ] GC(12) Concurrent weak references 0.115ms
[10.490s][info][gc,start    ] GC(12) Concurrent weak roots
[10.490s][info][gc,task     ] GC(12) Using 1 of 3 workers for concurrent weak root
[10.505s][info][gc          ] GC(12) Concurrent weak roots 14.809ms
[10.505s][info][gc,start    ] GC(12) Concurrent cleanup
[10.505s][info][gc          ] GC(12) Concurrent cleanup 811M->785M(2048M) 0.040ms
[10.505s][info][gc,ergo     ] GC(12) Free: 1145M, Max: 1024K regular, 1109M humongous, Frag: 4% external, 0% internal; Reserve: 91136K, Max: 1024K
[10.505s][info][gc,start    ] GC(12) Concurrent class unloading
[10.505s][info][gc,task     ] GC(12) Using 1 of 3 workers for concurrent class unloading
[10.521s][info][gc          ] GC(12) Concurrent class unloading 16.079ms
[10.521s][info][gc,start    ] GC(12) Concurrent strong roots
[10.521s][info][gc,task     ] GC(12) Using 1 of 3 workers for concurrent strong root
[10.522s][info][gc          ] GC(12) Concurrent strong roots 0.077ms
[10.522s][info][gc,start    ] GC(12) Concurrent evacuation
[10.522s][info][gc,task     ] GC(12) Using 1 of 3 workers for concurrent evacuation
[10.602s][info][gc          ] GC(12) Concurrent evacuation 80.256ms
[10.602s][info][gc,start    ] GC(12) Pause Init Update Refs
[10.604s][info][gc,ergo     ] GC(12) Pacer for Update Refs. Used: 954M, Free: 1045M, Non-Taxable: 104M, Alloc Tax Rate: 1.1x
[10.604s][info][gc          ] GC(12) Pause Init Update Refs 2.347ms
[10.606s][info][gc,start    ] GC(12) Concurrent update references
[10.606s][info][gc,task     ] GC(12) Using 1 of 3 workers for concurrent reference update
[11.016s][info][gc          ] GC(12) Concurrent update references 409.502ms
[11.016s][info][gc,start    ] GC(12) Concurrent update thread roots
[11.017s][info][gc          ] GC(12) Concurrent update thread roots 0.984ms
[11.017s][info][gc,start    ] GC(12) Pause Final Update Refs
[11.017s][info][gc,task     ] GC(12) Using 3 of 3 workers for final reference update
[11.017s][info][gc          ] GC(12) Pause Final Update Refs 0.272ms
[11.017s][info][gc,start    ] GC(12) Concurrent cleanup
[11.017s][info][gc          ] GC(12) Concurrent cleanup 999M->740M(2048M) 0.109ms
[11.017s][info][gc,ergo     ] Free: 1170M, Max: 1024K regular, 916M humongous, Frag: 22% external, 0% internal; Reserve: 103M, Max: 1024K
[11.018s][info][gc,stats    ] 
[11.018s][info][gc,stats    ] All times are wall-clock times, except per-root-class counters, that are sum over
[11.018s][info][gc,stats    ] all workers. Dividing the <total> over the root stage time estimates parallelism.
[11.018s][info][gc,stats    ] 
[11.018s][info][gc,stats    ] Concurrent Reset                    452 us
[11.018s][info][gc,stats    ] Pause Init Mark (G)                 458 us
[11.018s][info][gc,stats    ] Pause Init Mark (N)                 290 us
[11.018s][info][gc,stats    ]   Update Region States              123 us
[11.018s][info][gc,stats    ] Concurrent Mark Roots               448 us, parallelism: 0.82x
[11.018s][info][gc,stats    ]   CMR: <total>                      369 us
[11.018s][info][gc,stats    ]   CMR: Thread Roots                 328 us, workers (us): 328, ---, ---, 
[11.018s][info][gc,stats    ]   CMR: VM Strong Roots                4 us, workers (us):   4, ---, ---, 
[11.018s][info][gc,stats    ]   CMR: CLDG Roots                    37 us, workers (us):  37, ---, ---, 
[11.018s][info][gc,stats    ] Concurrent Marking               336905 us
[11.018s][info][gc,stats    ] Pause Final Mark (G)              15631 us
[11.018s][info][gc,stats    ] Pause Final Mark (N)                242 us
[11.018s][info][gc,stats    ]   Finish Mark                        35 us
[11.018s][info][gc,stats    ]   Update Region States               34 us
[11.018s][info][gc,stats    ]   Choose Collection Set              89 us
[11.018s][info][gc,stats    ]   Rebuild Free Set                    9 us
[11.018s][info][gc,stats    ] Concurrent Thread Roots             668 us, parallelism: 0.79x
[11.018s][info][gc,stats    ]   CTR: <total>                      527 us
[11.018s][info][gc,stats    ]   CTR: Thread Roots                 527 us, workers (us): 527, ---, ---, 
[11.018s][info][gc,stats    ] Concurrent Weak References          122 us, parallelism: 0.14x
[11.018s][info][gc,stats    ]   CWRF: <total>                      17 us
[11.018s][info][gc,stats    ]   CWRF: Weak References              17 us, workers (us):  17, ---, ---, 
[11.018s][info][gc,stats    ] Concurrent Weak Roots             14875 us
[11.018s][info][gc,stats    ]   Roots                             987 us, parallelism: 0.95x
[11.018s][info][gc,stats    ]     CWR: <total>                    933 us
[11.018s][info][gc,stats    ]     CWR: Code Cache Roots           828 us, workers (us): 828, ---, ---, 
[11.018s][info][gc,stats    ]     CWR: VM Weak Roots               98 us, workers (us):  98, ---, ---, 
[11.018s][info][gc,stats    ]     CWR: CLDG Roots                   7 us, workers (us):   7, ---, ---, 
[11.018s][info][gc,stats    ]   Rendezvous                      13803 us
[11.018s][info][gc,stats    ] Concurrent Cleanup                   49 us
[11.018s][info][gc,stats    ] Concurrent Class Unloading        16131 us
[11.018s][info][gc,stats    ]   Unlink Stale                     3291 us
[11.018s][info][gc,stats    ]     System Dictionary                11 us
[11.018s][info][gc,stats    ]     Weak Class Links                  0 us
[11.018s][info][gc,stats    ]     Code Roots                     3279 us
[11.018s][info][gc,stats    ]   Rendezvous                      12555 us
[11.018s][info][gc,stats    ]   Purge Unlinked                    213 us
[11.018s][info][gc,stats    ]     Code Roots                      206 us
[11.018s][info][gc,stats    ]     CLDG                              6 us
[11.018s][info][gc,stats    ]     Exception Caches                  0 us
[11.018s][info][gc,stats    ] Concurrent Strong Roots              85 us, parallelism: 0.45x
[11.018s][info][gc,stats    ]   CSR: <total>                       38 us
[11.018s][info][gc,stats    ]   CSR: VM Strong Roots                3 us, workers (us):   3, ---, ---, 
[11.018s][info][gc,stats    ]   CSR: CLDG Roots                    35 us, workers (us):  35, ---, ---, 
[11.018s][info][gc,stats    ] Concurrent Evacuation             80340 us
[11.018s][info][gc,stats    ] Pause Init Update Refs (G)         4412 us
[11.018s][info][gc,stats    ] Pause Init Update Refs (N)         2356 us
[11.018s][info][gc,stats    ]   Manage GCLABs                       5 us
[11.018s][info][gc,stats    ] Concurrent Update Refs           409568 us
[11.018s][info][gc,stats    ] Concurrent Update Thread Roots     1001 us
[11.018s][info][gc,stats    ] Pause Final Update Refs (G)         424 us
[11.018s][info][gc,stats    ] Pause Final Update Refs (N)         321 us
[11.018s][info][gc,stats    ]   Update Region States              126 us
[11.018s][info][gc,stats    ]   Trash Collection Set               15 us
[11.018s][info][gc,stats    ]   Rebuild Free Set                   31 us
[11.018s][info][gc,stats    ] Concurrent Cleanup                  135 us
[11.018s][info][gc,stats    ] 
[11.018s][info][gc,stats    ] Allocation pacing accrued:
[11.018s][info][gc,stats    ]       0 of  1418 ms (  0.0%): <total>
[11.018s][info][gc,stats    ]       0 of  1418 ms (  0.0%): <average total>
[11.018s][info][gc,stats    ] 
[11.018s][info][gc,metaspace] Metaspace: 15766K(16064K)->15783K(16064K) NonClass: 13598K(13760K)->13614K(13760K) Class: 2168K(2304K)->2168K(2304K)
[11.018s][info][gc,ergo     ] Pacer for Idle. Initial: 41943K, Alloc Tax Rate: 1.0x
[11.025s][info][gc          ] Trigger: Explicit GC request (System.gc())
[11.025s][info][gc,ergo     ] Free: 1170M, Max: 1024K regular, 916M humongous, Frag: 22% external, 0% internal; Reserve: 103M, Max: 1024K
[11.025s][info][gc,start    ] GC(13) Concurrent reset
[11.025s][info][gc,task     ] GC(13) Using 1 of 3 workers for concurrent reset
[11.025s][info][gc,ergo     ] GC(13) Pacer for Reset. Non-Taxable: 2048M
[11.028s][info][gc          ] GC(13) Concurrent reset 2.716ms
[11.028s][info][gc,start    ] GC(13) Pause Init Mark (unload classes)
[11.028s][info][gc,task     ] GC(13) Using 3 of 3 workers for init marking
[11.028s][info][gc,ref      ] GC(13) Clearing All SoftReferences
[11.028s][info][gc,ergo     ] GC(13) Pacer for Mark. Expected Live: 118M, Free: 1170M, Non-Taxable: 117M, Alloc Tax Rate: 0.1x
[11.028s][info][gc          ] GC(13) Pause Init Mark (unload classes) 0.130ms
[11.028s][info][gc,start    ] GC(13) Concurrent marking roots
[11.028s][info][gc,task     ] GC(13) Using 1 of 3 workers for concurrent marking roots
[11.028s][info][gc          ] GC(13) Concurrent marking roots 0.544ms
[11.028s][info][gc,start    ] GC(13) Concurrent marking (unload classes)
[11.028s][info][gc,task     ] GC(13) Using 1 of 3 workers for concurrent marking
[11.033s][info][gc          ] GC(13) Concurrent marking (unload classes) 4.742ms
[11.033s][info][gc,start    ] GC(13) Pause Final Mark (unload classes)
[11.033s][info][gc,task     ] GC(13) Using 3 of 3 workers for final marking
[11.034s][info][gc,ergo     ] GC(13) Collectable Garbage: 726M (98%), Immediate: 726M (98%), CSet: 0B (0%)
[11.034s][info][gc          ] GC(13) Pause Final Mark (unload classes) 0.490ms
[11.034s][info][gc,start    ] GC(13) Concurrent weak references
[11.034s][info][gc,task     ] GC(13) Using 1 of 3 workers for concurrent weak references
[11.034s][info][gc,ref      ] GC(13) Encountered references: Soft: 178, Weak: 680, Final: 0, Phantom: 63
[11.034s][info][gc,ref      ] GC(13) Discovered  references: Soft: 127, Weak: 165, Final: 0, Phantom: 61
[11.034s][info][gc,ref      ] GC(13) Enqueued    references: Soft: 48, Weak: 0, Final: 0, Phantom: 0
[11.034s][info][gc          ] GC(13) Concurrent weak references 0.179ms
[11.034s][info][gc,start    ] GC(13) Concurrent weak roots
[11.034s][info][gc,task     ] GC(13) Using 1 of 3 workers for concurrent weak root
[11.035s][info][gc          ] GC(13) Concurrent weak roots 0.815ms
[11.035s][info][gc,start    ] GC(13) Concurrent cleanup
[11.035s][info][gc          ] GC(13) Concurrent cleanup 740M->14M(2048M) 0.056ms
[11.035s][info][gc,ergo     ] GC(13) Free: 1931M, Max: 1024K regular, 1000M humongous, Frag: 49% external, 0% internal; Reserve: 103M, Max: 1024K
[11.035s][info][gc,start    ] GC(13) Concurrent class unloading
[11.035s][info][gc,task     ] GC(13) Using 1 of 3 workers for concurrent class unloading
[11.039s][info][gc          ] GC(13) Concurrent class unloading 3.910ms
[11.039s][info][gc,start    ] GC(13) Pause Final Roots
[11.039s][info][gc          ] GC(13) Pause Final Roots 0.064ms
[11.039s][info][gc,ergo     ] Free: 1931M, Max: 1024K regular, 1000M humongous, Frag: 49% external, 0% internal; Reserve: 103M, Max: 1024K
[11.039s][info][gc,stats    ] 
[11.039s][info][gc,stats    ] All times are wall-clock times, except per-root-class counters, that are sum over
[11.039s][info][gc,stats    ] all workers. Dividing the <total> over the root stage time estimates parallelism.
[11.039s][info][gc,stats    ] 
[11.039s][info][gc,stats    ] Concurrent Reset                   2776 us
[11.039s][info][gc,stats    ] Pause Init Mark (G)                 209 us
[11.039s][info][gc,stats    ] Pause Init Mark (N)                 137 us
[11.039s][info][gc,stats    ]   Update Region States               66 us
[11.039s][info][gc,stats    ] Concurrent Mark Roots               567 us, parallelism: 0.75x
[11.039s][info][gc,stats    ]   CMR: <total>                      423 us
[11.039s][info][gc,stats    ]   CMR: Thread Roots                 380 us, workers (us): 380, ---, ---, 
[11.039s][info][gc,stats    ]   CMR: VM Strong Roots                4 us, workers (us):   4, ---, ---, 
[11.039s][info][gc,stats    ]   CMR: CLDG Roots                    39 us, workers (us):  39, ---, ---, 
[11.039s][info][gc,stats    ] Concurrent Marking                 4800 us
[11.039s][info][gc,stats    ] Pause Final Mark (G)                638 us
[11.039s][info][gc,stats    ] Pause Final Mark (N)                515 us
[11.039s][info][gc,stats    ]   Finish Mark                       163 us
[11.039s][info][gc,stats    ]   Update Region States              124 us
[11.039s][info][gc,stats    ]   Choose Collection Set             100 us
[11.039s][info][gc,stats    ]   Rebuild Free Set                   25 us
[11.039s][info][gc,stats    ] Concurrent Weak References          195 us, parallelism: 0.07x
[11.039s][info][gc,stats    ]   CWRF: <total>                      14 us
[11.039s][info][gc,stats    ]   CWRF: Weak References              14 us, workers (us):  14, ---, ---, 
[11.039s][info][gc,stats    ] Concurrent Weak Roots               843 us
[11.039s][info][gc,stats    ]   Roots                             701 us, parallelism: 0.91x
[11.039s][info][gc,stats    ]     CWR: <total>                    640 us
[11.039s][info][gc,stats    ]     CWR: Code Cache Roots           560 us, workers (us): 560, ---, ---, 
[11.039s][info][gc,stats    ]     CWR: VM Weak Roots               76 us, workers (us):  76, ---, ---, 
[11.039s][info][gc,stats    ]     CWR: CLDG Roots                   5 us, workers (us):   5, ---, ---, 
[11.039s][info][gc,stats    ]   Rendezvous                         82 us
[11.039s][info][gc,stats    ] Concurrent Cleanup                   64 us
[11.039s][info][gc,stats    ] Concurrent Class Unloading         3959 us
[11.039s][info][gc,stats    ]   Unlink Stale                     3408 us
[11.039s][info][gc,stats    ]     System Dictionary                 5 us
[11.039s][info][gc,stats    ]     Weak Class Links                  0 us
[11.039s][info][gc,stats    ]     Code Roots                     3401 us
[11.039s][info][gc,stats    ]   Rendezvous                        197 us
[11.040s][info][gc,stats    ]   Purge Unlinked                    287 us
[11.040s][info][gc,stats    ]     Code Roots                      273 us
[11.040s][info][gc,stats    ]     CLDG                             13 us
[11.040s][info][gc,stats    ]     Exception Caches                  0 us
[11.040s][info][gc,stats    ] Pause Final Roots (G)               207 us
[11.040s][info][gc,stats    ] Pause Final Roots (N)                84 us
[11.040s][info][gc,stats    ] 
[11.040s][info][gc,stats    ] Allocation pacing accrued:
[11.040s][info][gc,stats    ]       0 of    21 ms (  0.0%): <total>
[11.040s][info][gc,stats    ]       0 of    21 ms (  0.0%): <average total>
[11.040s][info][gc,stats    ] 
[11.040s][info][gc,metaspace] Metaspace: 15783K(16064K)->15783K(16064K) NonClass: 13614K(13760K)->13614K(13760K) Class: 2168K(2304K)->2168K(2304K)
[11.040s][info][gc,ergo     ] Pacer for Idle. Initial: 41943K, Alloc Tax Rate: 1.0x
[11.574s][info][gc          ] Trigger: Learning 2 of 5. Free (1416M) is below initial threshold (1433M)
[11.574s][info][gc,ergo     ] Free: 1416M, Max: 1024K regular, 1000M humongous, Frag: 30% external, 0% internal; Reserve: 103M, Max: 1024K
[11.574s][info][gc,start    ] GC(14) Concurrent reset
[11.574s][info][gc,task     ] GC(14) Using 1 of 3 workers for concurrent reset
[11.574s][info][gc,ergo     ] GC(14) Pacer for Reset. Non-Taxable: 2048M
[11.575s][info][gc          ] GC(14) Concurrent reset 0.431ms
[11.575s][info][gc,start    ] GC(14) Pause Init Mark (unload classes)
[11.575s][info][gc,task     ] GC(14) Using 3 of 3 workers for init marking
[11.575s][info][gc,ergo     ] GC(14) Pacer for Mark. Expected Live: 81982K, Free: 1416M, Non-Taxable: 141M, Alloc Tax Rate: 0.1x
[11.575s][info][gc          ] GC(14) Pause Init Mark (unload classes) 0.233ms
[11.575s][info][gc,start    ] GC(14) Concurrent marking roots
[11.575s][info][gc,task     ] GC(14) Using 1 of 3 workers for concurrent marking roots
[11.576s][info][gc          ] GC(14) Concurrent marking roots 0.943ms
[11.576s][info][gc,start    ] GC(14) Concurrent marking (unload classes)
[11.576s][info][gc,task     ] GC(14) Using 1 of 3 workers for concurrent marking
[11.951s][info][gc          ] GC(14) Concurrent marking (unload classes) 374.327ms
[11.951s][info][gc,start    ] GC(14) Pause Final Mark (unload classes)
[11.951s][info][gc,task     ] GC(14) Using 3 of 3 workers for final marking
[11.951s][info][gc,ergo     ] GC(14) Adaptive CSet Selection. Target Free: 290M, Actual Free: 1214M, Max CSet: 87381K, Min Garbage: 0B
[11.951s][info][gc,ergo     ] GC(14) Collectable Garbage: 197M (61%), Immediate: 29760K (9%), CSet: 168M (52%)
[11.951s][info][gc,ergo     ] GC(14) Pacer for Evacuation. Used CSet: 254M, Free: 1122M, Non-Taxable: 112M, Alloc Tax Rate: 1.1x
[11.951s][info][gc          ] GC(14) Pause Final Mark (unload classes) 0.235ms
[11.982s][info][gc,start    ] GC(14) Concurrent thread roots
[11.984s][info][gc,task     ] GC(14) Using 1 of 3 workers for Concurrent thread roots
[11.985s][info][gc          ] GC(14) Concurrent thread roots 3.000ms
[11.985s][info][gc,start    ] GC(14) Concurrent weak references
[11.985s][info][gc,task     ] GC(14) Using 1 of 3 workers for concurrent weak references
[11.985s][info][gc,ref      ] GC(14) Encountered references: Soft: 133, Weak: 681, Final: 0, Phantom: 63
[11.985s][info][gc,ref      ] GC(14) Discovered  references: Soft: 0, Weak: 153, Final: 0, Phantom: 26
[11.985s][info][gc,ref      ] GC(14) Enqueued    references: Soft: 0, Weak: 0, Final: 0, Phantom: 0
[11.985s][info][gc          ] GC(14) Concurrent weak references 0.074ms
[11.985s][info][gc,start    ] GC(14) Concurrent weak roots
[11.985s][info][gc,task     ] GC(14) Using 1 of 3 workers for concurrent weak root
[11.989s][info][gc          ] GC(14) Concurrent weak roots 3.593ms
[11.989s][info][gc,start    ] GC(14) Concurrent cleanup
[11.989s][info][gc          ] GC(14) Concurrent cleanup 865M->836M(2048M) 0.042ms
[11.989s][info][gc,ergo     ] GC(14) Free: 1091M, Max: 1024K regular, 1052M humongous, Frag: 4% external, 0% internal; Reserve: 88064K, Max: 1024K
[11.989s][info][gc,start    ] GC(14) Concurrent class unloading
[11.989s][info][gc,task     ] GC(14) Using 1 of 3 workers for concurrent class unloading
[11.998s][info][gc          ] GC(14) Concurrent class unloading 9.048ms
[11.998s][info][gc,start    ] GC(14) Concurrent strong roots
[11.998s][info][gc,task     ] GC(14) Using 1 of 3 workers for concurrent strong root
[11.998s][info][gc          ] GC(14) Concurrent strong roots 0.077ms
[11.998s][info][gc,start    ] GC(14) Concurrent evacuation
[11.998s][info][gc,task     ] GC(14) Using 1 of 3 workers for concurrent evacuation
[12.073s][info][gc          ] GC(14) Concurrent evacuation 75.279ms
[12.073s][info][gc,start    ] GC(14) Pause Init Update Refs
[12.073s][info][gc,ergo     ] GC(14) Pacer for Update Refs. Used: 976M, Free: 1023M, Non-Taxable: 102M, Alloc Tax Rate: 1.2x
[12.073s][info][gc          ] GC(14) Pause Init Update Refs 0.059ms
[12.073s][info][gc,start    ] GC(14) Concurrent update references
[12.073s][info][gc,task     ] GC(14) Using 1 of 3 workers for concurrent reference update
[12.545s][info][gc          ] GC(14) Concurrent update references 471.738ms
[12.545s][info][gc,start    ] GC(14) Concurrent update thread roots
[12.546s][info][gc          ] GC(14) Concurrent update thread roots 0.916ms
[12.546s][info][gc,start    ] GC(14) Pause Final Update Refs
[12.546s][info][gc,task     ] GC(14) Using 3 of 3 workers for final reference update
[12.546s][info][gc          ] GC(14) Pause Final Update Refs 0.121ms
[12.546s][info][gc,start    ] GC(14) Concurrent cleanup
[12.546s][info][gc          ] GC(14) Concurrent cleanup 993M->739M(2048M) 0.052ms
[12.546s][info][gc,ergo     ] Free: 1171M, Max: 1024K regular, 922M humongous, Frag: 22% external, 0% internal; Reserve: 103M, Max: 1024K
[12.547s][info][gc,stats    ] 
[12.547s][info][gc,stats    ] All times are wall-clock times, except per-root-class counters, that are sum over
[12.547s][info][gc,stats    ] all workers. Dividing the <total> over the root stage time estimates parallelism.
[12.547s][info][gc,stats    ] 
[12.547s][info][gc,stats    ] Concurrent Reset                    483 us
[12.547s][info][gc,stats    ] Pause Init Mark (G)                 462 us
[12.547s][info][gc,stats    ] Pause Init Mark (N)                 252 us
[12.547s][info][gc,stats    ]   Update Region States              103 us
[12.547s][info][gc,stats    ] Concurrent Mark Roots               961 us, parallelism: 0.84x
[12.547s][info][gc,stats    ]   CMR: <total>                      811 us
[12.547s][info][gc,stats    ]   CMR: Thread Roots                 738 us, workers (us): 738, ---, ---, 
[12.547s][info][gc,stats    ]   CMR: VM Strong Roots                6 us, workers (us):   6, ---, ---, 
[12.547s][info][gc,stats    ]   CMR: CLDG Roots                    67 us, workers (us):  67, ---, ---, 
[12.547s][info][gc,stats    ] Concurrent Marking               374397 us
[12.547s][info][gc,stats    ] Pause Final Mark (G)              31140 us
[12.547s][info][gc,stats    ] Pause Final Mark (N)                244 us
[12.547s][info][gc,stats    ]   Finish Mark                        45 us
[12.547s][info][gc,stats    ]   Update Region States               29 us
[12.547s][info][gc,stats    ]   Choose Collection Set              87 us
[12.547s][info][gc,stats    ]   Rebuild Free Set                    9 us
[12.547s][info][gc,stats    ] Concurrent Thread Roots            3018 us, parallelism: 0.16x
[12.547s][info][gc,stats    ]   CTR: <total>                      492 us
[12.547s][info][gc,stats    ]   CTR: Thread Roots                 492 us, workers (us): 492, ---, ---, 
[12.547s][info][gc,stats    ] Concurrent Weak References           81 us, parallelism: 0.20x
[12.547s][info][gc,stats    ]   CWRF: <total>                      16 us
[12.547s][info][gc,stats    ]   CWRF: Weak References              16 us, workers (us):  16, ---, ---, 
[12.547s][info][gc,stats    ] Concurrent Weak Roots              3665 us
[12.547s][info][gc,stats    ]   Roots                             855 us, parallelism: 0.95x
[12.547s][info][gc,stats    ]     CWR: <total>                    813 us
[12.547s][info][gc,stats    ]     CWR: Code Cache Roots           720 us, workers (us): 720, ---, ---, 
[12.547s][info][gc,stats    ]     CWR: VM Weak Roots               85 us, workers (us):  85, ---, ---, 
[12.547s][info][gc,stats    ]     CWR: CLDG Roots                   7 us, workers (us):   7, ---, ---, 
[12.547s][info][gc,stats    ]   Rendezvous                       2718 us
[12.547s][info][gc,stats    ] Concurrent Cleanup                   50 us
[12.547s][info][gc,stats    ] Concurrent Class Unloading         9101 us
[12.547s][info][gc,stats    ]   Unlink Stale                     3857 us
[12.547s][info][gc,stats    ]     System Dictionary                11 us
[12.547s][info][gc,stats    ]     Weak Class Links                  0 us
[12.547s][info][gc,stats    ]     Code Roots                     3845 us
[12.547s][info][gc,stats    ]   Rendezvous                       4930 us
[12.547s][info][gc,stats    ]   Purge Unlinked                    239 us
[12.547s][info][gc,stats    ]     Code Roots                      232 us
[12.547s][info][gc,stats    ]     CLDG                              6 us
[12.547s][info][gc,stats    ]     Exception Caches                  0 us
[12.547s][info][gc,stats    ] Concurrent Strong Roots              85 us, parallelism: 0.48x
[12.547s][info][gc,stats    ]   CSR: <total>                       41 us
[12.547s][info][gc,stats    ]   CSR: VM Strong Roots                5 us, workers (us):   5, ---, ---, 
[12.547s][info][gc,stats    ]   CSR: CLDG Roots                    36 us, workers (us):  36, ---, ---, 
[12.547s][info][gc,stats    ] Concurrent Evacuation             75361 us
[12.547s][info][gc,stats    ] Pause Init Update Refs (G)          206 us
[12.547s][info][gc,stats    ] Pause Init Update Refs (N)           67 us
[12.547s][info][gc,stats    ]   Manage GCLABs                       3 us
[12.547s][info][gc,stats    ] Concurrent Update Refs           471809 us
[12.547s][info][gc,stats    ] Concurrent Update Thread Roots      933 us
[12.547s][info][gc,stats    ] Pause Final Update Refs (G)         193 us
[12.547s][info][gc,stats    ] Pause Final Update Refs (N)         140 us
[12.547s][info][gc,stats    ]   Update Region States               53 us
[12.547s][info][gc,stats    ]   Trash Collection Set                5 us
[12.547s][info][gc,stats    ]   Rebuild Free Set                   10 us
[12.547s][info][gc,stats    ] Concurrent Cleanup                   62 us
[12.547s][info][gc,stats    ] 
[12.547s][info][gc,stats    ] Allocation pacing accrued:
[12.547s][info][gc,stats    ]       0 of  1507 ms (  0.0%): <total>
[12.547s][info][gc,stats    ]       0 of  1507 ms (  0.0%): <average total>
[12.547s][info][gc,stats    ] 
[12.547s][info][gc,metaspace] Metaspace: 15790K(16064K)->15795K(16064K) NonClass: 13621K(13760K)->13627K(13760K) Class: 2168K(2304K)->2168K(2304K)
[12.547s][info][gc,ergo     ] Pacer for Idle. Initial: 41943K, Alloc Tax Rate: 1.0x
[12.549s][info][gc          ] Trigger: Explicit GC request (System.gc())
[12.550s][info][gc,ergo     ] Free: 1171M, Max: 1024K regular, 922M humongous, Frag: 22% external, 0% internal; Reserve: 103M, Max: 1024K
[12.550s][info][gc,start    ] GC(15) Concurrent reset
[12.550s][info][gc,task     ] GC(15) Using 1 of 3 workers for concurrent reset
[12.550s][info][gc,ergo     ] GC(15) Pacer for Reset. Non-Taxable: 2048M
[12.552s][info][gc          ] GC(15) Concurrent reset 2.385ms
[12.552s][info][gc,start    ] GC(15) Pause Init Mark (unload classes)
[12.552s][info][gc,task     ] GC(15) Using 3 of 3 workers for init marking
[12.552s][info][gc,ref      ] GC(15) Clearing All SoftReferences
[12.552s][info][gc,ergo     ] GC(15) Pacer for Mark. Expected Live: 117M, Free: 1171M, Non-Taxable: 117M, Alloc Tax Rate: 0.1x
[12.552s][info][gc          ] GC(15) Pause Init Mark (unload classes) 0.210ms
[12.552s][info][gc,start    ] GC(15) Concurrent marking roots
[12.552s][info][gc,task     ] GC(15) Using 1 of 3 workers for concurrent marking roots
[12.553s][info][gc          ] GC(15) Concurrent marking roots 0.469ms
[12.553s][info][gc,start    ] GC(15) Concurrent marking (unload classes)
[12.553s][info][gc,task     ] GC(15) Using 1 of 3 workers for concurrent marking
[12.557s][info][gc          ] GC(15) Concurrent marking (unload classes) 4.064ms
[12.557s][info][gc,start    ] GC(15) Pause Final Mark (unload classes)
[12.557s][info][gc,task     ] GC(15) Using 3 of 3 workers for final marking
[12.557s][info][gc,ergo     ] GC(15) Collectable Garbage: 725M (98%), Immediate: 725M (98%), CSet: 0B (0%)
[12.557s][info][gc          ] GC(15) Pause Final Mark (unload classes) 0.436ms
[12.558s][info][gc,start    ] GC(15) Concurrent weak references
[12.558s][info][gc,task     ] GC(15) Using 1 of 3 workers for concurrent weak references
[12.558s][info][gc,ref      ] GC(15) Encountered references: Soft: 178, Weak: 680, Final: 0, Phantom: 63
[12.558s][info][gc,ref      ] GC(15) Discovered  references: Soft: 127, Weak: 165, Final: 0, Phantom: 61
[12.558s][info][gc,ref      ] GC(15) Enqueued    references: Soft: 48, Weak: 0, Final: 0, Phantom: 0
[12.558s][info][gc          ] GC(15) Concurrent weak references 0.156ms
[12.558s][info][gc,start    ] GC(15) Concurrent weak roots
[12.558s][info][gc,task     ] GC(15) Using 1 of 3 workers for concurrent weak root
[12.559s][info][gc          ] GC(15) Concurrent weak roots 0.803ms
[12.559s][info][gc,start    ] GC(15) Concurrent cleanup
[12.559s][info][gc          ] GC(15) Concurrent cleanup 739M->14M(2048M) 0.058ms
[12.559s][info][gc,ergo     ] GC(15) Free: 1931M, Max: 1024K regular, 1006M humongous, Frag: 48% external, 0% internal; Reserve: 103M, Max: 1024K
[12.559s][info][gc,start    ] GC(15) Concurrent class unloading
[12.559s][info][gc,task     ] GC(15) Using 1 of 3 workers for concurrent class unloading
[12.562s][info][gc          ] GC(15) Concurrent class unloading 3.349ms
[12.562s][info][gc,start    ] GC(15) Pause Final Roots
[12.562s][info][gc          ] GC(15) Pause Final Roots 0.066ms
[12.562s][info][gc,ergo     ] Free: 1931M, Max: 1024K regular, 1006M humongous, Frag: 48% external, 0% internal; Reserve: 103M, Max: 1024K
[12.562s][info][gc,stats    ] 
[12.562s][info][gc,stats    ] All times are wall-clock times, except per-root-class counters, that are sum over
[12.562s][info][gc,stats    ] all workers. Dividing the <total> over the root stage time estimates parallelism.
[12.562s][info][gc,stats    ] 
[12.562s][info][gc,stats    ] Concurrent Reset                   2454 us
[12.562s][info][gc,stats    ] Pause Init Mark (G)                 314 us
[12.562s][info][gc,stats    ] Pause Init Mark (N)                 230 us
[12.562s][info][gc,stats    ]   Update Region States               80 us
[12.562s][info][gc,stats    ] Concurrent Mark Roots               505 us, parallelism: 0.68x
[12.562s][info][gc,stats    ]   CMR: <total>                      342 us
[12.562s][info][gc,stats    ]   CMR: Thread Roots                 295 us, workers (us): 295, ---, ---, 
[12.562s][info][gc,stats    ]   CMR: VM Strong Roots                5 us, workers (us):   5, ---, ---, 
[12.562s][info][gc,stats    ]   CMR: CLDG Roots                    42 us, workers (us):  42, ---, ---, 
[12.562s][info][gc,stats    ] Concurrent Marking                 4119 us
[12.562s][info][gc,stats    ] Pause Final Mark (G)                574 us
[12.562s][info][gc,stats    ] Pause Final Mark (N)                461 us
[12.562s][info][gc,stats    ]   Finish Mark                       152 us
[12.562s][info][gc,stats    ]   Update Region States               80 us
[12.562s][info][gc,stats    ]   Choose Collection Set             100 us
[12.562s][info][gc,stats    ]   Rebuild Free Set                   24 us
[12.562s][info][gc,stats    ] Concurrent Weak References          172 us, parallelism: 0.07x
[12.562s][info][gc,stats    ]   CWRF: <total>                      12 us
[12.562s][info][gc,stats    ]   CWRF: Weak References              12 us, workers (us):  12, ---, ---, 
[12.562s][info][gc,stats    ] Concurrent Weak Roots               832 us
[12.562s][info][gc,stats    ]   Roots                             695 us, parallelism: 0.93x
[12.562s][info][gc,stats    ]     CWR: <total>                    648 us
[12.562s][info][gc,stats    ]     CWR: Code Cache Roots           572 us, workers (us): 572, ---, ---, 
[12.562s][info][gc,stats    ]     CWR: VM Weak Roots               71 us, workers (us):  71, ---, ---, 
[12.562s][info][gc,stats    ]     CWR: CLDG Roots                   5 us, workers (us):   5, ---, ---, 
[12.562s][info][gc,stats    ]   Rendezvous                         76 us
[12.562s][info][gc,stats    ] Concurrent Cleanup                   66 us
[12.562s][info][gc,stats    ] Concurrent Class Unloading         3398 us
[12.562s][info][gc,stats    ]   Unlink Stale                     2870 us
[12.562s][info][gc,stats    ]     System Dictionary                 5 us
[12.562s][info][gc,stats    ]     Weak Class Links                  0 us
[12.563s][info][gc,stats    ]     Code Roots                     2863 us
[12.563s][info][gc,stats    ]   Rendezvous                        212 us
[12.563s][info][gc,stats    ]   Purge Unlinked                    249 us
[12.563s][info][gc,stats    ]     Code Roots                      237 us
[12.563s][info][gc,stats    ]     CLDG                             11 us
[12.563s][info][gc,stats    ]     Exception Caches                  0 us
[12.563s][info][gc,stats    ] Pause Final Roots (G)               180 us
[12.563s][info][gc,stats    ] Pause Final Roots (N)                84 us
[12.563s][info][gc,stats    ] 
[12.563s][info][gc,stats    ] Allocation pacing accrued:
[12.563s][info][gc,stats    ]       0 of    16 ms (  0.0%): <total>
[12.563s][info][gc,stats    ]       0 of    16 ms (  0.0%): <average total>
[12.563s][info][gc,stats    ] 
[12.563s][info][gc,metaspace] Metaspace: 15795K(16064K)->15796K(16064K) NonClass: 13627K(13760K)->13627K(13760K) Class: 2168K(2304K)->2168K(2304K)
[12.563s][info][gc,ergo     ] Pacer for Idle. Initial: 41943K, Alloc Tax Rate: 1.0x
[13.083s][info][gc          ] Trigger: Learning 2 of 5. Free (1421M) is below initial threshold (1433M)
[13.084s][info][gc,ergo     ] Free: 1421M, Max: 1024K regular, 1006M humongous, Frag: 30% external, 0% internal; Reserve: 103M, Max: 1024K
[13.084s][info][gc,start    ] GC(16) Concurrent reset
[13.084s][info][gc,task     ] GC(16) Using 1 of 3 workers for concurrent reset
[13.084s][info][gc,ergo     ] GC(16) Pacer for Reset. Non-Taxable: 2048M
[13.084s][info][gc          ] GC(16) Concurrent reset 0.426ms
[13.084s][info][gc,start    ] GC(16) Pause Init Mark (unload classes)
[13.084s][info][gc,task     ] GC(16) Using 3 of 3 workers for init marking
[13.084s][info][gc,ergo     ] GC(16) Pacer for Mark. Expected Live: 81948K, Free: 1421M, Non-Taxable: 142M, Alloc Tax Rate: 0.1x
[13.084s][info][gc          ] GC(16) Pause Init Mark (unload classes) 0.182ms
[13.085s][info][gc,start    ] GC(16) Concurrent marking roots
[13.085s][info][gc,task     ] GC(16) Using 1 of 3 workers for concurrent marking roots
[13.085s][info][gc          ] GC(16) Concurrent marking roots 0.446ms
[13.085s][info][gc,start    ] GC(16) Concurrent marking (unload classes)
[13.085s][info][gc,task     ] GC(16) Using 1 of 3 workers for concurrent marking
[13.430s][info][gc          ] GC(16) Concurrent marking (unload classes) 345.293ms
[13.430s][info][gc,start    ] GC(16) Pause Final Mark (unload classes)
[13.430s][info][gc,task     ] GC(16) Using 3 of 3 workers for final marking
[13.431s][info][gc,ergo     ] GC(16) Adaptive CSet Selection. Target Free: 290M, Actual Free: 1344M, Max CSet: 87381K, Min Garbage: 0B
[13.431s][info][gc,ergo     ] GC(16) Collectable Garbage: 197M (62%), Immediate: 28736K (8%), CSet: 169M (53%)
[13.431s][info][gc,ergo     ] GC(16) Pacer for Evacuation. Used CSet: 255M, Free: 1252M, Non-Taxable: 125M, Alloc Tax Rate: 1.1x
[13.431s][info][gc          ] GC(16) Pause Final Mark (unload classes) 0.245ms
[13.439s][info][gc,start    ] GC(16) Concurrent thread roots
[13.439s][info][gc,task     ] GC(16) Using 1 of 3 workers for Concurrent thread roots
[13.440s][info][gc          ] GC(16) Concurrent thread roots 0.647ms
[13.440s][info][gc,start    ] GC(16) Concurrent weak references
[13.440s][info][gc,task     ] GC(16) Using 1 of 3 workers for concurrent weak references
[13.440s][info][gc,ref      ] GC(16) Encountered references: Soft: 133, Weak: 681, Final: 0, Phantom: 63
[13.440s][info][gc,ref      ] GC(16) Discovered  references: Soft: 0, Weak: 152, Final: 0, Phantom: 26
[13.440s][info][gc,ref      ] GC(16) Enqueued    references: Soft: 0, Weak: 0, Final: 0, Phantom: 0
[13.440s][info][gc          ] GC(16) Concurrent weak references 0.067ms
[13.440s][info][gc,start    ] GC(16) Concurrent weak roots
[13.440s][info][gc,task     ] GC(16) Using 1 of 3 workers for concurrent weak root
[13.455s][info][gc          ] GC(16) Concurrent weak roots 14.922ms
[13.455s][info][gc,start    ] GC(16) Concurrent cleanup
[13.455s][info][gc          ] GC(16) Concurrent cleanup 727M->699M(2048M) 0.045ms
[13.455s][info][gc,ergo     ] GC(16) Free: 1236M, Max: 1024K regular, 1006M humongous, Frag: 19% external, 0% internal; Reserve: 93184K, Max: 1024K
[13.455s][info][gc,start    ] GC(16) Concurrent class unloading
[13.455s][info][gc,task     ] GC(16) Using 1 of 3 workers for concurrent class unloading
[13.471s][info][gc          ] GC(16) Concurrent class unloading 15.811ms
[13.471s][info][gc,start    ] GC(16) Concurrent strong roots
[13.471s][info][gc,task     ] GC(16) Using 1 of 3 workers for concurrent strong root
[13.471s][info][gc          ] GC(16) Concurrent strong roots 0.082ms
[13.471s][info][gc,start    ] GC(16) Concurrent evacuation
[13.471s][info][gc,task     ] GC(16) Using 1 of 3 workers for concurrent evacuation
[13.552s][info][gc          ] GC(16) Concurrent evacuation 81.550ms
[13.552s][info][gc,start    ] GC(16) Pause Init Update Refs
[13.553s][info][gc,ergo     ] GC(16) Pacer for Update Refs. Used: 875M, Free: 1125M, Non-Taxable: 112M, Alloc Tax Rate: 1.1x
[13.553s][info][gc          ] GC(16) Pause Init Update Refs 0.140ms
[13.596s][info][gc,start    ] GC(16) Concurrent update references
[13.596s][info][gc,task     ] GC(16) Using 1 of 3 workers for concurrent reference update
[13.940s][info][gc          ] GC(16) Concurrent update references 344.784ms
[13.941s][info][gc,start    ] GC(16) Concurrent update thread roots
[13.941s][info][gc          ] GC(16) Concurrent update thread roots 0.409ms
[13.941s][info][gc,start    ] GC(16) Pause Final Update Refs
[13.941s][info][gc,task     ] GC(16) Using 3 of 3 workers for final reference update
[13.941s][info][gc          ] GC(16) Pause Final Update Refs 0.142ms
[13.941s][info][gc,start    ] GC(16) Concurrent cleanup
[13.941s][info][gc          ] GC(16) Concurrent cleanup 996M->741M(2048M) 0.036ms
[13.941s][info][gc,ergo     ] Free: 1169M, Max: 1024K regular, 919M humongous, Frag: 22% external, 0% internal; Reserve: 103M, Max: 1024K
[13.941s][info][gc,stats    ] 
[13.941s][info][gc,stats    ] All times are wall-clock times, except per-root-class counters, that are sum over
[13.941s][info][gc,stats    ] all workers. Dividing the <total> over the root stage time estimates parallelism.
[13.941s][info][gc,stats    ] 
[13.941s][info][gc,stats    ] Concurrent Reset                    476 us
[13.941s][info][gc,stats    ] Pause Init Mark (G)                 341 us
[13.941s][info][gc,stats    ] Pause Init Mark (N)                 199 us
[13.941s][info][gc,stats    ]   Update Region States               71 us
[13.941s][info][gc,stats    ] Concurrent Mark Roots               464 us, parallelism: 0.78x
[13.941s][info][gc,stats    ]   CMR: <total>                      364 us
[13.941s][info][gc,stats    ]   CMR: Thread Roots                 321 us, workers (us): 321, ---, ---, 
[13.941s][info][gc,stats    ]   CMR: VM Strong Roots                5 us, workers (us):   5, ---, ---, 
[13.941s][info][gc,stats    ]   CMR: CLDG Roots                    39 us, workers (us):  39, ---, ---, 
[13.941s][info][gc,stats    ] Concurrent Marking               345368 us
[13.941s][info][gc,stats    ] Pause Final Mark (G)               8596 us
[13.941s][info][gc,stats    ] Pause Final Mark (N)                253 us
[13.941s][info][gc,stats    ]   Finish Mark                        48 us
[13.941s][info][gc,stats    ]   Update Region States               31 us
[13.941s][info][gc,stats    ]   Choose Collection Set              93 us
[13.941s][info][gc,stats    ]   Rebuild Free Set                    9 us
[13.941s][info][gc,stats    ] Concurrent Thread Roots             668 us, parallelism: 0.81x
[13.941s][info][gc,stats    ]   CTR: <total>                      538 us
[13.941s][info][gc,stats    ]   CTR: Thread Roots                 538 us, workers (us): 538, ---, ---, 
[13.941s][info][gc,stats    ] Concurrent Weak References           74 us, parallelism: 0.19x
[13.941s][info][gc,stats    ]   CWRF: <total>                      14 us
[13.942s][info][gc,stats    ]   CWRF: Weak References              14 us, workers (us):  14, ---, ---, 
[13.942s][info][gc,stats    ] Concurrent Weak Roots             14994 us
[13.942s][info][gc,stats    ]   Roots                             817 us, parallelism: 0.96x
[13.942s][info][gc,stats    ]     CWR: <total>                    788 us
[13.942s][info][gc,stats    ]     CWR: Code Cache Roots           702 us, workers (us): 702, ---, ---, 
[13.942s][info][gc,stats    ]     CWR: VM Weak Roots               79 us, workers (us):  79, ---, ---, 
[13.942s][info][gc,stats    ]     CWR: CLDG Roots                   7 us, workers (us):   7, ---, ---, 
[13.942s][info][gc,stats    ]   Rendezvous                      14086 us
[13.942s][info][gc,stats    ] Concurrent Cleanup                   55 us
[13.942s][info][gc,stats    ] Concurrent Class Unloading        15871 us
[13.942s][info][gc,stats    ]   Unlink Stale                     3568 us
[13.942s][info][gc,stats    ]     System Dictionary                12 us
[13.942s][info][gc,stats    ]     Weak Class Links                  0 us
[13.942s][info][gc,stats    ]     Code Roots                     3553 us
[13.942s][info][gc,stats    ]   Rendezvous                      11930 us
[13.942s][info][gc,stats    ]   Purge Unlinked                    291 us
[13.942s][info][gc,stats    ]     Code Roots                      286 us
[13.942s][info][gc,stats    ]     CLDG                              5 us
[13.942s][info][gc,stats    ]     Exception Caches                  1 us
[13.942s][info][gc,stats    ] Concurrent Strong Roots              90 us, parallelism: 0.48x
[13.942s][info][gc,stats    ]   CSR: <total>                       43 us
[13.942s][info][gc,stats    ]   CSR: VM Strong Roots               10 us, workers (us):  10, ---, ---, 
[13.942s][info][gc,stats    ]   CSR: CLDG Roots                    34 us, workers (us):  34, ---, ---, 
[13.942s][info][gc,stats    ] Concurrent Evacuation             81633 us
[13.942s][info][gc,stats    ] Pause Init Update Refs (G)        43322 us
[13.942s][info][gc,stats    ] Pause Init Update Refs (N)          149 us
[13.942s][info][gc,stats    ]   Manage GCLABs                       8 us
[13.942s][info][gc,stats    ] Concurrent Update Refs           344864 us
[13.942s][info][gc,stats    ] Concurrent Update Thread Roots      459 us
[13.942s][info][gc,stats    ] Pause Final Update Refs (G)         238 us
[13.942s][info][gc,stats    ] Pause Final Update Refs (N)         185 us
[13.942s][info][gc,stats    ]   Update Region States               49 us
[13.942s][info][gc,stats    ]   Trash Collection Set               10 us
[13.942s][info][gc,stats    ]   Rebuild Free Set                   24 us
[13.942s][info][gc,stats    ] Concurrent Cleanup                   45 us
[13.942s][info][gc,stats    ] 
[13.942s][info][gc,stats    ] Allocation pacing accrued:
[13.942s][info][gc,stats    ]       0 of  1379 ms (  0.0%): <total>
[13.942s][info][gc,stats    ]       0 of  1379 ms (  0.0%): <average total>
[13.942s][info][gc,stats    ] 
[13.942s][info][gc,metaspace] Metaspace: 15796K(16064K)->15809K(16064K) NonClass: 13628K(13760K)->13641K(13760K) Class: 2168K(2304K)->2168K(2304K)
[13.942s][info][gc,ergo     ] Pacer for Idle. Initial: 41943K, Alloc Tax Rate: 1.0x
[13.946s][info][gc          ] Trigger: Explicit GC request (System.gc())
[13.946s][info][gc,ergo     ] Free: 1169M, Max: 1024K regular, 919M humongous, Frag: 22% external, 0% internal; Reserve: 103M, Max: 1024K
[13.946s][info][gc,start    ] GC(17) Concurrent reset
[13.946s][info][gc,task     ] GC(17) Using 1 of 3 workers for concurrent reset
[13.946s][info][gc,ergo     ] GC(17) Pacer for Reset. Non-Taxable: 2048M
[13.948s][info][gc          ] GC(17) Concurrent reset 2.216ms
[13.948s][info][gc,start    ] GC(17) Pause Init Mark (unload classes)
[13.948s][info][gc,task     ] GC(17) Using 3 of 3 workers for init marking
[13.948s][info][gc,ref      ] GC(17) Clearing All SoftReferences
[13.948s][info][gc,ergo     ] GC(17) Pacer for Mark. Expected Live: 117M, Free: 1169M, Non-Taxable: 116M, Alloc Tax Rate: 0.1x
[13.948s][info][gc          ] GC(17) Pause Init Mark (unload classes) 0.149ms
[13.948s][info][gc,start    ] GC(17) Concurrent marking roots
[13.949s][info][gc,task     ] GC(17) Using 1 of 3 workers for concurrent marking roots
[13.949s][info][gc          ] GC(17) Concurrent marking roots 0.446ms
[13.949s][info][gc,start    ] GC(17) Concurrent marking (unload classes)
[13.949s][info][gc,task     ] GC(17) Using 1 of 3 workers for concurrent marking
[13.954s][info][gc          ] GC(17) Concurrent marking (unload classes) 4.944ms
[13.954s][info][gc,start    ] GC(17) Pause Final Mark (unload classes)
[13.954s][info][gc,task     ] GC(17) Using 3 of 3 workers for final marking
[13.954s][info][gc,ergo     ] GC(17) Collectable Garbage: 726M (98%), Immediate: 726M (98%), CSet: 0B (0%)
[13.954s][info][gc          ] GC(17) Pause Final Mark (unload classes) 0.356ms
[13.954s][info][gc,start    ] GC(17) Concurrent weak references
[13.954s][info][gc,task     ] GC(17) Using 1 of 3 workers for concurrent weak references
[13.955s][info][gc,ref      ] GC(17) Encountered references: Soft: 178, Weak: 680, Final: 0, Phantom: 63
[13.955s][info][gc,ref      ] GC(17) Discovered  references: Soft: 127, Weak: 165, Final: 0, Phantom: 61
[13.955s][info][gc,ref      ] GC(17) Enqueued    references: Soft: 48, Weak: 0, Final: 0, Phantom: 0
[13.955s][info][gc          ] GC(17) Concurrent weak references 0.192ms
[13.955s][info][gc,start    ] GC(17) Concurrent weak roots
[13.955s][info][gc,task     ] GC(17) Using 1 of 3 workers for concurrent weak root
[13.955s][info][gc          ] GC(17) Concurrent weak roots 0.809ms
[13.955s][info][gc,start    ] GC(17) Concurrent cleanup
[13.955s][info][gc          ] GC(17) Concurrent cleanup 741M->15M(2048M) 0.060ms
[13.956s][info][gc,ergo     ] GC(17) Free: 1930M, Max: 1024K regular, 1004M humongous, Frag: 48% external, 0% internal; Reserve: 103M, Max: 1024K
[13.956s][info][gc,start    ] GC(17) Concurrent class unloading
[13.956s][info][gc,task     ] GC(17) Using 1 of 3 workers for concurrent class unloading
[13.959s][info][gc          ] GC(17) Concurrent class unloading 3.766ms
[13.959s][info][gc,start    ] GC(17) Pause Final Roots
[13.959s][info][gc          ] GC(17) Pause Final Roots 0.036ms
[13.960s][info][gc,ergo     ] Free: 1930M, Max: 1024K regular, 1004M humongous, Frag: 48% external, 0% internal; Reserve: 103M, Max: 1024K
[13.960s][info][gc,stats    ] 
[13.960s][info][gc,stats    ] All times are wall-clock times, except per-root-class counters, that are sum over
[13.960s][info][gc,stats    ] all workers. Dividing the <total> over the root stage time estimates parallelism.
[13.960s][info][gc,stats    ] 
[13.960s][info][gc,stats    ] Concurrent Reset                   2252 us
[13.960s][info][gc,stats    ] Pause Init Mark (G)                 243 us
[13.960s][info][gc,stats    ] Pause Init Mark (N)                 157 us
[13.960s][info][gc,stats    ]   Update Region States               59 us
[13.960s][info][gc,stats    ] Concurrent Mark Roots               464 us, parallelism: 0.70x
[13.960s][info][gc,stats    ]   CMR: <total>                      327 us
[13.960s][info][gc,stats    ]   CMR: Thread Roots                 284 us, workers (us): 284, ---, ---, 
[13.960s][info][gc,stats    ]   CMR: VM Strong Roots                4 us, workers (us):   4, ---, ---, 
[13.960s][info][gc,stats    ]   CMR: CLDG Roots                    39 us, workers (us):  39, ---, ---, 
[13.960s][info][gc,stats    ] Concurrent Marking                 5009 us
[13.960s][info][gc,stats    ] Pause Final Mark (G)                446 us
[13.960s][info][gc,stats    ] Pause Final Mark (N)                377 us
[13.960s][info][gc,stats    ]   Finish Mark                       115 us
[13.960s][info][gc,stats    ]   Update Region States               80 us
[13.960s][info][gc,stats    ]   Choose Collection Set              82 us
[13.960s][info][gc,stats    ]   Rebuild Free Set                   24 us
[13.960s][info][gc,stats    ] Concurrent Weak References          209 us, parallelism: 0.07x
[13.960s][info][gc,stats    ]   CWRF: <total>                      14 us
[13.960s][info][gc,stats    ]   CWRF: Weak References              14 us, workers (us):  14, ---, ---, 
[13.960s][info][gc,stats    ] Concurrent Weak Roots               838 us
[13.960s][info][gc,stats    ]   Roots                             726 us, parallelism: 0.91x
[13.960s][info][gc,stats    ]     CWR: <total>                    663 us
[13.960s][info][gc,stats    ]     CWR: Code Cache Roots           582 us, workers (us): 582, ---, ---, 
[13.960s][info][gc,stats    ]     CWR: VM Weak Roots               75 us, workers (us):  75, ---, ---, 
[13.960s][info][gc,stats    ]     CWR: CLDG Roots                   6 us, workers (us):   6, ---, ---, 
[13.960s][info][gc,stats    ]   Rendezvous                         51 us
[13.960s][info][gc,stats    ] Concurrent Cleanup                   68 us
[13.960s][info][gc,stats    ] Concurrent Class Unloading         3815 us
[13.960s][info][gc,stats    ]   Unlink Stale                     3357 us
[13.960s][info][gc,stats    ]     System Dictionary                 5 us
[13.960s][info][gc,stats    ]     Weak Class Links                  0 us
[13.960s][info][gc,stats    ]     Code Roots                     3350 us
[13.960s][info][gc,stats    ]   Rendezvous                         62 us
[13.960s][info][gc,stats    ]   Purge Unlinked                    329 us
[13.960s][info][gc,stats    ]     Code Roots                      315 us
[13.960s][info][gc,stats    ]     CLDG                             12 us
[13.960s][info][gc,stats    ]     Exception Caches                  0 us
[13.960s][info][gc,stats    ] Pause Final Roots (G)               131 us
[13.960s][info][gc,stats    ] Pause Final Roots (N)                53 us
[13.960s][info][gc,stats    ] 
[13.960s][info][gc,stats    ] Allocation pacing accrued:
[13.960s][info][gc,stats    ]       0 of    18 ms (  0.0%): <total>
[13.960s][info][gc,stats    ]       0 of    18 ms (  0.0%): <average total>
[13.960s][info][gc,stats    ] 
[13.960s][info][gc,metaspace] Metaspace: 15809K(16064K)->15809K(16064K) NonClass: 13641K(13760K)->13641K(13760K) Class: 2168K(2304K)->2168K(2304K)
[13.960s][info][gc,ergo     ] Pacer for Idle. Initial: 41943K, Alloc Tax Rate: 1.0x
[14.494s][info][gc          ] Trigger: Learning 2 of 5. Free (1418M) is below initial threshold (1433M)
[14.494s][info][gc,ergo     ] Free: 1418M, Max: 1024K regular, 1004M humongous, Frag: 30% external, 0% internal; Reserve: 103M, Max: 1024K
[14.494s][info][gc,start    ] GC(18) Concurrent reset
[14.494s][info][gc,task     ] GC(18) Using 1 of 3 workers for concurrent reset
[14.494s][info][gc,ergo     ] GC(18) Pacer for Reset. Non-Taxable: 2048M
[14.495s][info][gc          ] GC(18) Concurrent reset 0.363ms
[14.495s][info][gc,start    ] GC(18) Pause Init Mark (unload classes)
[14.495s][info][gc,task     ] GC(18) Using 3 of 3 workers for init marking
[14.495s][info][gc,ergo     ] GC(18) Pacer for Mark. Expected Live: 81270K, Free: 1418M, Non-Taxable: 141M, Alloc Tax Rate: 0.1x
[14.495s][info][gc          ] GC(18) Pause Init Mark (unload classes) 0.225ms
[14.495s][info][gc,start    ] GC(18) Concurrent marking roots
[14.495s][info][gc,task     ] GC(18) Using 1 of 3 workers for concurrent marking roots
[14.496s][info][gc          ] GC(18) Concurrent marking roots 0.460ms
[14.496s][info][gc,start    ] GC(18) Concurrent marking (unload classes)
[14.496s][info][gc,task     ] GC(18) Using 1 of 3 workers for concurrent marking
[14.825s][info][gc          ] GC(18) Concurrent marking (unload classes) 329.042ms
[14.825s][info][gc,start    ] GC(18) Pause Final Mark (unload classes)
[14.825s][info][gc,task     ] GC(18) Using 3 of 3 workers for final marking
[14.825s][info][gc,ergo     ] GC(18) Adaptive CSet Selection. Target Free: 290M, Actual Free: 1272M, Max CSet: 87381K, Min Garbage: 0B
[14.825s][info][gc,ergo     ] GC(18) Collectable Garbage: 198M (62%), Immediate: 29760K (9%), CSet: 169M (53%)
[14.825s][info][gc,ergo     ] GC(18) Pacer for Evacuation. Used CSet: 255M, Free: 1180M, Non-Taxable: 118M, Alloc Tax Rate: 1.1x
[14.825s][info][gc          ] GC(18) Pause Final Mark (unload classes) 0.219ms
[14.840s][info][gc,start    ] GC(18) Concurrent thread roots
[14.841s][info][gc,task     ] GC(18) Using 1 of 3 workers for Concurrent thread roots
[14.841s][info][gc          ] GC(18) Concurrent thread roots 0.635ms
[14.841s][info][gc,start    ] GC(18) Concurrent weak references
[14.841s][info][gc,task     ] GC(18) Using 1 of 3 workers for concurrent weak references
[14.841s][info][gc,ref      ] GC(18) Encountered references: Soft: 133, Weak: 681, Final: 0, Phantom: 63
[14.841s][info][gc,ref      ] GC(18) Discovered  references: Soft: 0, Weak: 152, Final: 0, Phantom: 26
[14.841s][info][gc,ref      ] GC(18) Enqueued    references: Soft: 0, Weak: 0, Final: 0, Phantom: 0
[14.841s][info][gc          ] GC(18) Concurrent weak references 0.080ms
[14.841s][info][gc,start    ] GC(18) Concurrent weak roots
[14.841s][info][gc,task     ] GC(18) Using 1 of 3 workers for concurrent weak root
[14.853s][info][gc          ] GC(18) Concurrent weak roots 11.677ms
[14.853s][info][gc,start    ] GC(18) Concurrent cleanup
[14.853s][info][gc          ] GC(18) Concurrent cleanup 793M->764M(2048M) 0.036ms
[14.853s][info][gc,ergo     ] GC(18) Free: 1168M, Max: 1024K regular, 1129M humongous, Frag: 4% external, 0% internal; Reserve: 90112K, Max: 1024K
[14.853s][info][gc,start    ] GC(18) Concurrent class unloading
[14.853s][info][gc,task     ] GC(18) Using 1 of 3 workers for concurrent class unloading
[14.870s][info][gc          ] GC(18) Concurrent class unloading 16.875ms
[14.870s][info][gc,start    ] GC(18) Concurrent strong roots
[14.870s][info][gc,task     ] GC(18) Using 1 of 3 workers for concurrent strong root
[14.870s][info][gc          ] GC(18) Concurrent strong roots 0.084ms
[14.870s][info][gc,start    ] GC(18) Concurrent evacuation
[14.870s][info][gc,task     ] GC(18) Using 1 of 3 workers for concurrent evacuation
[14.949s][info][gc          ] GC(18) Concurrent evacuation 78.776ms
[14.949s][info][gc,start    ] GC(18) Pause Init Update Refs
[14.949s][info][gc,ergo     ] GC(18) Pacer for Update Refs. Used: 935M, Free: 1064M, Non-Taxable: 106M, Alloc Tax Rate: 1.1x
[14.949s][info][gc          ] GC(18) Pause Init Update Refs 0.032ms
[14.982s][info][gc,start    ] GC(18) Concurrent update references
[14.982s][info][gc,task     ] GC(18) Using 1 of 3 workers for concurrent reference update
[15.380s][info][gc          ] GC(18) Concurrent update references 398.053ms
[15.380s][info][gc,start    ] GC(18) Concurrent update thread roots
[15.381s][info][gc          ] GC(18) Concurrent update thread roots 0.794ms
[15.381s][info][gc,start    ] GC(18) Pause Final Update Refs
[15.381s][info][gc,task     ] GC(18) Using 3 of 3 workers for final reference update
[15.381s][info][gc          ] GC(18) Pause Final Update Refs 0.210ms
[15.381s][info][gc,start    ] GC(18) Concurrent cleanup
[15.381s][info][gc          ] GC(18) Concurrent cleanup 995M->740M(2048M) 0.051ms
[15.381s][info][gc,ergo     ] Free: 1170M, Max: 1024K regular, 919M humongous, Frag: 22% external, 0% internal; Reserve: 103M, Max: 1024K
[15.381s][info][gc,stats    ] 
[15.381s][info][gc,stats    ] All times are wall-clock times, except per-root-class counters, that are sum over
[15.381s][info][gc,stats    ] all workers. Dividing the <total> over the root stage time estimates parallelism.
[15.381s][info][gc,stats    ] 
[15.381s][info][gc,stats    ] Concurrent Reset                    429 us
[15.381s][info][gc,stats    ] Pause Init Mark (G)                 421 us
[15.381s][info][gc,stats    ] Pause Init Mark (N)                 243 us
[15.381s][info][gc,stats    ]   Update Region States              106 us
[15.381s][info][gc,stats    ] Concurrent Mark Roots               478 us, parallelism: 0.75x
[15.381s][info][gc,stats    ]   CMR: <total>                      358 us
[15.381s][info][gc,stats    ]   CMR: Thread Roots                 318 us, workers (us): 318, ---, ---, 
[15.381s][info][gc,stats    ]   CMR: VM Strong Roots                4 us, workers (us):   4, ---, ---, 
[15.381s][info][gc,stats    ]   CMR: CLDG Roots                    36 us, workers (us):  36, ---, ---, 
[15.381s][info][gc,stats    ] Concurrent Marking               329111 us
[15.381s][info][gc,stats    ] Pause Final Mark (G)              15626 us
[15.381s][info][gc,stats    ] Pause Final Mark (N)                227 us
[15.381s][info][gc,stats    ]   Finish Mark                        44 us
[15.381s][info][gc,stats    ]   Update Region States               28 us
[15.381s][info][gc,stats    ]   Choose Collection Set              75 us
[15.381s][info][gc,stats    ]   Rebuild Free Set                    8 us
[15.381s][info][gc,stats    ] Concurrent Thread Roots             656 us, parallelism: 0.85x
[15.381s][info][gc,stats    ]   CTR: <total>                      556 us
[15.381s][info][gc,stats    ]   CTR: Thread Roots                 556 us, workers (us): 556, ---, ---, 
[15.381s][info][gc,stats    ] Concurrent Weak References           87 us, parallelism: 0.16x
[15.381s][info][gc,stats    ]   CWRF: <total>                      14 us
[15.381s][info][gc,stats    ]   CWRF: Weak References              14 us, workers (us):  14, ---, ---, 
[15.381s][info][gc,stats    ] Concurrent Weak Roots             11723 us
[15.381s][info][gc,stats    ]   Roots                             932 us, parallelism: 0.96x
[15.381s][info][gc,stats    ]     CWR: <total>                    892 us
[15.381s][info][gc,stats    ]     CWR: Code Cache Roots           798 us, workers (us): 798, ---, ---, 
[15.381s][info][gc,stats    ]     CWR: VM Weak Roots               84 us, workers (us):  84, ---, ---, 
[15.381s][info][gc,stats    ]     CWR: CLDG Roots                   9 us, workers (us):   9, ---, ---, 
[15.381s][info][gc,stats    ]   Rendezvous                      10727 us
[15.381s][info][gc,stats    ] Concurrent Cleanup                   51 us
[15.381s][info][gc,stats    ] Concurrent Class Unloading        16946 us
[15.381s][info][gc,stats    ]   Unlink Stale                     3801 us
[15.381s][info][gc,stats    ]     System Dictionary                10 us
[15.381s][info][gc,stats    ]     Weak Class Links                  0 us
[15.381s][info][gc,stats    ]     Code Roots                     3788 us
[15.381s][info][gc,stats    ]   Rendezvous                      12768 us
[15.381s][info][gc,stats    ]   Purge Unlinked                    285 us
[15.381s][info][gc,stats    ]     Code Roots                      278 us
[15.381s][info][gc,stats    ]     CLDG                              6 us
[15.381s][info][gc,stats    ]     Exception Caches                  0 us
[15.381s][info][gc,stats    ] Concurrent Strong Roots              93 us, parallelism: 0.44x
[15.381s][info][gc,stats    ]   CSR: <total>                       40 us
[15.381s][info][gc,stats    ]   CSR: VM Strong Roots                3 us, workers (us):   3, ---, ---, 
[15.381s][info][gc,stats    ]   CSR: CLDG Roots                    37 us, workers (us):  37, ---, ---, 
[15.381s][info][gc,stats    ] Concurrent Evacuation             78845 us
[15.381s][info][gc,stats    ] Pause Init Update Refs (G)        32785 us
[15.381s][info][gc,stats    ] Pause Init Update Refs (N)           39 us
[15.381s][info][gc,stats    ]   Manage GCLABs                       5 us
[15.381s][info][gc,stats    ] Concurrent Update Refs           398139 us
[15.381s][info][gc,stats    ] Concurrent Update Thread Roots      844 us
[15.381s][info][gc,stats    ] Pause Final Update Refs (G)         333 us
[15.381s][info][gc,stats    ] Pause Final Update Refs (N)         247 us
[15.381s][info][gc,stats    ]   Update Region States               99 us
[15.381s][info][gc,stats    ]   Trash Collection Set                9 us
[15.381s][info][gc,stats    ]   Rebuild Free Set                   21 us
[15.381s][info][gc,stats    ] Concurrent Cleanup                   61 us
[15.381s][info][gc,stats    ] 
[15.381s][info][gc,stats    ] Allocation pacing accrued:
[15.381s][info][gc,stats    ]       0 of  1421 ms (  0.0%): <total>
[15.382s][info][gc,stats    ]       0 of  1421 ms (  0.0%): <average total>
[15.382s][info][gc,stats    ] 
[15.382s][info][gc,metaspace] Metaspace: 15809K(16064K)->15811K(16128K) NonClass: 13641K(13760K)->13642K(13824K) Class: 2168K(2304K)->2168K(2304K)
[15.382s][info][gc,ergo     ] Pacer for Idle. Initial: 41943K, Alloc Tax Rate: 1.0x
[15.384s][info][gc          ] Trigger: Explicit GC request (System.gc())
[15.384s][info][gc,ergo     ] Free: 1170M, Max: 1024K regular, 919M humongous, Frag: 22% external, 0% internal; Reserve: 103M, Max: 1024K
[15.384s][info][gc,start    ] GC(19) Concurrent reset
[15.384s][info][gc,task     ] GC(19) Using 1 of 3 workers for concurrent reset
[15.384s][info][gc,ergo     ] GC(19) Pacer for Reset. Non-Taxable: 2048M
[15.386s][info][gc          ] GC(19) Concurrent reset 2.257ms
[15.387s][info][gc,start    ] GC(19) Pause Init Mark (unload classes)
[15.387s][info][gc,task     ] GC(19) Using 3 of 3 workers for init marking
[15.387s][info][gc,ref      ] GC(19) Clearing All SoftReferences
[15.387s][info][gc,ergo     ] GC(19) Pacer for Mark. Expected Live: 116M, Free: 1170M, Non-Taxable: 117M, Alloc Tax Rate: 0.1x
[15.387s][info][gc          ] GC(19) Pause Init Mark (unload classes) 0.215ms
[15.387s][info][gc,start    ] GC(19) Concurrent marking roots
[15.387s][info][gc,task     ] GC(19) Using 1 of 3 workers for concurrent marking roots
[15.387s][info][gc          ] GC(19) Concurrent marking roots 0.513ms
[15.387s][info][gc,start    ] GC(19) Concurrent marking (unload classes)
[15.387s][info][gc,task     ] GC(19) Using 1 of 3 workers for concurrent marking
[15.392s][info][gc          ] GC(19) Concurrent marking (unload classes) 4.100ms
[15.392s][info][gc,start    ] GC(19) Pause Final Mark (unload classes)
[15.392s][info][gc,task     ] GC(19) Using 3 of 3 workers for final marking
[15.392s][info][gc,ergo     ] GC(19) Collectable Garbage: 727M (98%), Immediate: 727M (98%), CSet: 0B (0%)
[15.392s][info][gc          ] GC(19) Pause Final Mark (unload classes) 0.399ms
[15.392s][info][gc,start    ] GC(19) Concurrent weak references
[15.392s][info][gc,task     ] GC(19) Using 1 of 3 workers for concurrent weak references
[15.392s][info][gc,ref      ] GC(19) Encountered references: Soft: 178, Weak: 680, Final: 0, Phantom: 63
[15.392s][info][gc,ref      ] GC(19) Discovered  references: Soft: 127, Weak: 165, Final: 0, Phantom: 61
[15.392s][info][gc,ref      ] GC(19) Enqueued    references: Soft: 48, Weak: 0, Final: 0, Phantom: 0
[15.392s][info][gc          ] GC(19) Concurrent weak references 0.164ms
[15.392s][info][gc,start    ] GC(19) Concurrent weak roots
[15.392s][info][gc,task     ] GC(19) Using 1 of 3 workers for concurrent weak root
[15.393s][info][gc          ] GC(19) Concurrent weak roots 0.849ms
[15.393s][info][gc,start    ] GC(19) Concurrent cleanup
[15.393s][info][gc          ] GC(19) Concurrent cleanup 740M->13M(2048M) 0.060ms
[15.393s][info][gc,ergo     ] GC(19) Free: 1932M, Max: 1024K regular, 1004M humongous, Frag: 49% external, 0% internal; Reserve: 103M, Max: 1024K
[15.393s][info][gc,start    ] GC(19) Concurrent class unloading
[15.393s][info][gc,task     ] GC(19) Using 1 of 3 workers for concurrent class unloading
[15.397s][info][gc          ] GC(19) Concurrent class unloading 3.445ms
[15.397s][info][gc,start    ] GC(19) Pause Final Roots
[15.397s][info][gc          ] GC(19) Pause Final Roots 0.052ms
[15.397s][info][gc,ergo     ] Free: 1932M, Max: 1024K regular, 1004M humongous, Frag: 49% external, 0% internal; Reserve: 103M, Max: 1024K
[15.397s][info][gc,stats    ] 
[15.397s][info][gc,stats    ] All times are wall-clock times, except per-root-class counters, that are sum over
[15.397s][info][gc,stats    ] all workers. Dividing the <total> over the root stage time estimates parallelism.
[15.397s][info][gc,stats    ] 
[15.397s][info][gc,stats    ] Concurrent Reset                   2281 us
[15.397s][info][gc,stats    ] Pause Init Mark (G)                 379 us
[15.397s][info][gc,stats    ] Pause Init Mark (N)                 239 us
[15.397s][info][gc,stats    ]   Update Region States               79 us
[15.397s][info][gc,stats    ] Concurrent Mark Roots               562 us, parallelism: 0.62x
[15.397s][info][gc,stats    ]   CMR: <total>                      347 us
[15.397s][info][gc,stats    ]   CMR: Thread Roots                 302 us, workers (us): 302, ---, ---, 
[15.397s][info][gc,stats    ]   CMR: VM Strong Roots                5 us, workers (us):   5, ---, ---, 
[15.397s][info][gc,stats    ]   CMR: CLDG Roots                    40 us, workers (us):  40, ---, ---, 
[15.397s][info][gc,stats    ] Concurrent Marking                 4163 us
[15.397s][info][gc,stats    ] Pause Final Mark (G)                537 us
[15.397s][info][gc,stats    ] Pause Final Mark (N)                419 us
[15.397s][info][gc,stats    ]   Finish Mark                       139 us
[15.397s][info][gc,stats    ]   Update Region States               88 us
[15.397s][info][gc,stats    ]   Choose Collection Set              75 us
[15.397s][info][gc,stats    ]   Rebuild Free Set                   19 us
[15.397s][info][gc,stats    ] Concurrent Weak References          181 us, parallelism: 0.10x
[15.397s][info][gc,stats    ]   CWRF: <total>                      19 us
[15.397s][info][gc,stats    ]   CWRF: Weak References              19 us, workers (us):  19, ---, ---, 
[15.397s][info][gc,stats    ] Concurrent Weak Roots               877 us
[15.397s][info][gc,stats    ]   Roots                             735 us, parallelism: 0.92x
[15.397s][info][gc,stats    ]     CWR: <total>                    674 us
[15.397s][info][gc,stats    ]     CWR: Code Cache Roots           587 us, workers (us): 587, ---, ---, 
[15.398s][info][gc,stats    ]     CWR: VM Weak Roots               83 us, workers (us):  83, ---, ---, 
[15.398s][info][gc,stats    ]     CWR: CLDG Roots                   4 us, workers (us):   4, ---, ---, 
[15.398s][info][gc,stats    ]   Rendezvous                         81 us
[15.398s][info][gc,stats    ] Concurrent Cleanup                   69 us
[15.398s][info][gc,stats    ] Concurrent Class Unloading         3510 us
[15.398s][info][gc,stats    ]   Unlink Stale                     2989 us
[15.398s][info][gc,stats    ]     System Dictionary                 5 us
[15.398s][info][gc,stats    ]     Weak Class Links                  0 us
[15.398s][info][gc,stats    ]     Code Roots                     2983 us
[15.398s][info][gc,stats    ]   Rendezvous                        178 us
[15.398s][info][gc,stats    ]   Purge Unlinked                    257 us
[15.398s][info][gc,stats    ]     Code Roots                      246 us
[15.398s][info][gc,stats    ]     CLDG                             10 us
[15.398s][info][gc,stats    ]     Exception Caches                  0 us
[15.398s][info][gc,stats    ] Pause Final Roots (G)               202 us
[15.398s][info][gc,stats    ] Pause Final Roots (N)                75 us
[15.398s][info][gc,stats    ] 
[15.398s][info][gc,stats    ] Allocation pacing accrued:
[15.398s][info][gc,stats    ]       0 of    16 ms (  0.0%): <total>
[15.398s][info][gc,stats    ]       0 of    16 ms (  0.0%): <average total>
[15.398s][info][gc,stats    ] 
[15.398s][info][gc,metaspace] Metaspace: 15811K(16128K)->15811K(16128K) NonClass: 13642K(13824K)->13642K(13824K) Class: 2168K(2304K)->2168K(2304K)
[15.398s][info][gc,ergo     ] Pacer for Idle. Initial: 41943K, Alloc Tax Rate: 1.0x
[15.934s][info][gc          ] Trigger: Learning 2 of 5. Free (1413M) is below initial threshold (1433M)
[15.934s][info][gc,ergo     ] Free: 1413M, Max: 1024K regular, 1004M humongous, Frag: 29% external, 0% internal; Reserve: 103M, Max: 1024K
[15.934s][info][gc,start    ] GC(20) Concurrent reset
[15.934s][info][gc,task     ] GC(20) Using 1 of 3 workers for concurrent reset
[15.934s][info][gc,ergo     ] GC(20) Pacer for Reset. Non-Taxable: 2048M
[15.935s][info][gc          ] GC(20) Concurrent reset 0.397ms
[15.935s][info][gc,start    ] GC(20) Pause Init Mark (unload classes)
[15.935s][info][gc,task     ] GC(20) Using 3 of 3 workers for init marking
[15.935s][info][gc,ergo     ] GC(20) Pacer for Mark. Expected Live: 81071K, Free: 1413M, Non-Taxable: 141M, Alloc Tax Rate: 0.1x
[15.935s][info][gc          ] GC(20) Pause Init Mark (unload classes) 0.182ms
[15.935s][info][gc,start    ] GC(20) Concurrent marking roots
[15.935s][info][gc,task     ] GC(20) Using 1 of 3 workers for concurrent marking roots
[15.936s][info][gc          ] GC(20) Concurrent marking roots 0.451ms
[15.936s][info][gc,start    ] GC(20) Concurrent marking (unload classes)
[15.936s][info][gc,task     ] GC(20) Using 1 of 3 workers for concurrent marking
[16.275s][info][gc          ] GC(20) Concurrent marking (unload classes) 338.838ms
[16.275s][info][gc,start    ] GC(20) Pause Final Mark (unload classes)
[16.275s][info][gc,task     ] GC(20) Using 3 of 3 workers for final marking
[16.275s][info][gc,ergo     ] GC(20) Adaptive CSet Selection. Target Free: 290M, Actual Free: 1250M, Max CSet: 87381K, Min Garbage: 0B
[16.275s][info][gc,ergo     ] GC(20) Collectable Garbage: 197M (61%), Immediate: 27008K (8%), CSet: 170M (53%)
[16.275s][info][gc,ergo     ] GC(20) Pacer for Evacuation. Used CSet: 256M, Free: 1158M, Non-Taxable: 115M, Alloc Tax Rate: 1.1x
[16.275s][info][gc          ] GC(20) Pause Final Mark (unload classes) 0.259ms
[16.275s][info][gc,start    ] GC(20) Concurrent thread roots
[16.275s][info][gc,task     ] GC(20) Using 1 of 3 workers for Concurrent thread roots
[16.276s][info][gc          ] GC(20) Concurrent thread roots 0.746ms
[16.276s][info][gc,start    ] GC(20) Concurrent weak references
[16.276s][info][gc,task     ] GC(20) Using 1 of 3 workers for concurrent weak references
[16.276s][info][gc,ref      ] GC(20) Encountered references: Soft: 133, Weak: 681, Final: 0, Phantom: 63
[16.276s][info][gc,ref      ] GC(20) Discovered  references: Soft: 0, Weak: 153, Final: 0, Phantom: 26
[16.276s][info][gc,ref      ] GC(20) Enqueued    references: Soft: 0, Weak: 0, Final: 0, Phantom: 0
[16.276s][info][gc          ] GC(20) Concurrent weak references 0.065ms
[16.276s][info][gc,start    ] GC(20) Concurrent weak roots
[16.276s][info][gc,task     ] GC(20) Using 1 of 3 workers for concurrent weak root
[16.277s][info][gc          ] GC(20) Concurrent weak roots 1.081ms
[16.277s][info][gc,start    ] GC(20) Concurrent cleanup
[16.277s][info][gc          ] GC(20) Concurrent cleanup 788M->762M(2048M) 0.034ms
[16.277s][info][gc,ergo     ] GC(20) Free: 1155M, Max: 1024K regular, 1004M humongous, Frag: 14% external, 0% internal; Reserve: 101M, Max: 1024K
[16.277s][info][gc,start    ] GC(20) Concurrent class unloading
[16.277s][info][gc,task     ] GC(20) Using 1 of 3 workers for concurrent class unloading
[16.291s][info][gc          ] GC(20) Concurrent class unloading 13.113ms
[16.291s][info][gc,start    ] GC(20) Concurrent strong roots
[16.291s][info][gc,task     ] GC(20) Using 1 of 3 workers for concurrent strong root
[16.291s][info][gc          ] GC(20) Concurrent strong roots 0.092ms
[16.291s][info][gc,start    ] GC(20) Concurrent evacuation
[16.291s][info][gc,task     ] GC(20) Using 1 of 3 workers for concurrent evacuation
[16.371s][info][gc          ] GC(20) Concurrent evacuation 80.006ms
[16.371s][info][gc,start    ] GC(20) Pause Init Update Refs
[16.371s][info][gc,ergo     ] GC(20) Pacer for Update Refs. Used: 916M, Free: 1082M, Non-Taxable: 108M, Alloc Tax Rate: 1.1x
[16.371s][info][gc          ] GC(20) Pause Init Update Refs 0.043ms
[16.386s][info][gc,start    ] GC(20) Concurrent update references
[16.386s][info][gc,task     ] GC(20) Using 1 of 3 workers for concurrent reference update
[16.818s][info][gc          ] GC(20) Concurrent update references 432.462ms
[16.818s][info][gc,start    ] GC(20) Concurrent update thread roots
[16.819s][info][gc          ] GC(20) Concurrent update thread roots 0.901ms
[16.819s][info][gc,start    ] GC(20) Pause Final Update Refs
[16.819s][info][gc,task     ] GC(20) Using 3 of 3 workers for final reference update
[16.819s][info][gc          ] GC(20) Pause Final Update Refs 0.275ms
[16.820s][info][gc,start    ] GC(20) Concurrent cleanup
[16.820s][info][gc          ] GC(20) Concurrent cleanup 997M->741M(2048M) 0.048ms
[16.820s][info][gc,ergo     ] Free: 1169M, Max: 1024K regular, 917M humongous, Frag: 22% external, 0% internal; Reserve: 103M, Max: 1024K
[16.820s][info][gc,stats    ] 
[16.820s][info][gc,stats    ] All times are wall-clock times, except per-root-class counters, that are sum over
[16.820s][info][gc,stats    ] all workers. Dividing the <total> over the root stage time estimates parallelism.
[16.820s][info][gc,stats    ] 
[16.820s][info][gc,stats    ] Concurrent Reset                    449 us
[16.820s][info][gc,stats    ] Pause Init Mark (G)                 442 us
[16.820s][info][gc,stats    ] Pause Init Mark (N)                 198 us
[16.820s][info][gc,stats    ]   Update Region States               73 us
[16.820s][info][gc,stats    ] Concurrent Mark Roots               471 us, parallelism: 0.78x
[16.820s][info][gc,stats    ]   CMR: <total>                      370 us
[16.820s][info][gc,stats    ]   CMR: Thread Roots                 330 us, workers (us): 330, ---, ---, 
[16.820s][info][gc,stats    ]   CMR: VM Strong Roots                4 us, workers (us):   4, ---, ---, 
[16.820s][info][gc,stats    ]   CMR: CLDG Roots                    36 us, workers (us):  36, ---, ---, 
[16.820s][info][gc,stats    ] Concurrent Marking               338901 us
[16.820s][info][gc,stats    ] Pause Final Mark (G)                754 us
[16.820s][info][gc,stats    ] Pause Final Mark (N)                272 us
[16.820s][info][gc,stats    ]   Finish Mark                        38 us
[16.820s][info][gc,stats    ]   Update Region States               33 us
[16.820s][info][gc,stats    ]   Choose Collection Set             114 us
[16.820s][info][gc,stats    ]   Rebuild Free Set                    9 us
[16.820s][info][gc,stats    ] Concurrent Thread Roots             780 us, parallelism: 0.87x
[16.820s][info][gc,stats    ]   CTR: <total>                      676 us
[16.820s][info][gc,stats    ]   CTR: Thread Roots                 676 us, workers (us): 676, ---, ---, 
[16.820s][info][gc,stats    ] Concurrent Weak References           72 us, parallelism: 0.19x
[16.820s][info][gc,stats    ]   CWRF: <total>                      14 us
[16.820s][info][gc,stats    ]   CWRF: Weak References              14 us, workers (us):  14, ---, ---, 
[16.820s][info][gc,stats    ] Concurrent Weak Roots              1123 us
[16.820s][info][gc,stats    ]   Roots                             873 us, parallelism: 0.96x
[16.820s][info][gc,stats    ]     CWR: <total>                    836 us
[16.820s][info][gc,stats    ]     CWR: Code Cache Roots           743 us, workers (us): 743, ---, ---, 
[16.820s][info][gc,stats    ]     CWR: VM Weak Roots               85 us, workers (us):  85, ---, ---, 
[16.820s][info][gc,stats    ]     CWR: CLDG Roots                   8 us, workers (us):   8, ---, ---, 
[16.820s][info][gc,stats    ]   Rendezvous                        192 us
[16.820s][info][gc,stats    ] Concurrent Cleanup                   42 us
[16.820s][info][gc,stats    ] Concurrent Class Unloading        13172 us
[16.820s][info][gc,stats    ]   Unlink Stale                     3638 us
[16.820s][info][gc,stats    ]     System Dictionary                10 us
[16.820s][info][gc,stats    ]     Weak Class Links                  0 us
[16.820s][info][gc,stats    ]     Code Roots                     3626 us
[16.820s][info][gc,stats    ]   Rendezvous                       9164 us
[16.820s][info][gc,stats    ]   Purge Unlinked                    291 us
[16.820s][info][gc,stats    ]     Code Roots                      287 us
[16.820s][info][gc,stats    ]     CLDG                              4 us
[16.820s][info][gc,stats    ]     Exception Caches                  0 us
[16.820s][info][gc,stats    ] Concurrent Strong Roots             112 us, parallelism: 0.38x
[16.820s][info][gc,stats    ]   CSR: <total>                       43 us
[16.820s][info][gc,stats    ]   CSR: VM Strong Roots                6 us, workers (us):   6, ---, ---, 
[16.820s][info][gc,stats    ]   CSR: CLDG Roots                    37 us, workers (us):  37, ---, ---, 
[16.820s][info][gc,stats    ] Concurrent Evacuation             80078 us
[16.820s][info][gc,stats    ] Pause Init Update Refs (G)        14910 us
[16.820s][info][gc,stats    ] Pause Init Update Refs (N)           51 us
[16.820s][info][gc,stats    ]   Manage GCLABs                       4 us
[16.820s][info][gc,stats    ] Concurrent Update Refs           432528 us
[16.820s][info][gc,stats    ] Concurrent Update Thread Roots      939 us
[16.820s][info][gc,stats    ] Pause Final Update Refs (G)         433 us
[16.820s][info][gc,stats    ] Pause Final Update Refs (N)         325 us
[16.820s][info][gc,stats    ]   Update Region States              129 us
[16.820s][info][gc,stats    ]   Trash Collection Set               17 us
[16.820s][info][gc,stats    ]   Rebuild Free Set                   32 us
[16.820s][info][gc,stats    ] Concurrent Cleanup                   58 us
[16.820s][info][gc,stats    ] 
[16.820s][info][gc,stats    ] Allocation pacing accrued:
[16.820s][info][gc,stats    ]       0 of  1422 ms (  0.0%): <total>
[16.820s][info][gc,stats    ]       0 of  1422 ms (  0.0%): <average total>
[16.820s][info][gc,stats    ] 
[16.820s][info][gc,metaspace] Metaspace: 15811K(16128K)->15825K(16128K) NonClass: 13642K(13824K)->13656K(13824K) Class: 2168K(2304K)->2168K(2304K)
[16.820s][info][gc,ergo     ] Pacer for Idle. Initial: 41943K, Alloc Tax Rate: 1.0x
[16.824s][info][gc          ] Trigger: Explicit GC request (System.gc())
[16.824s][info][gc,ergo     ] Free: 1169M, Max: 1024K regular, 917M humongous, Frag: 22% external, 0% internal; Reserve: 103M, Max: 1024K
[16.824s][info][gc,start    ] GC(21) Concurrent reset
[16.824s][info][gc,task     ] GC(21) Using 1 of 3 workers for concurrent reset
[16.824s][info][gc,ergo     ] GC(21) Pacer for Reset. Non-Taxable: 2048M
[16.827s][info][gc          ] GC(21) Concurrent reset 2.385ms
[16.827s][info][gc,start    ] GC(21) Pause Init Mark (unload classes)
[16.827s][info][gc,task     ] GC(21) Using 3 of 3 workers for init marking
[16.827s][info][gc,ref      ] GC(21) Clearing All SoftReferences
[16.827s][info][gc,ergo     ] GC(21) Pacer for Mark. Expected Live: 117M, Free: 1169M, Non-Taxable: 116M, Alloc Tax Rate: 0.1x
[16.827s][info][gc          ] GC(21) Pause Init Mark (unload classes) 0.184ms
[16.827s][info][gc,start    ] GC(21) Concurrent marking roots
[16.827s][info][gc,task     ] GC(21) Using 1 of 3 workers for concurrent marking roots
[16.827s][info][gc          ] GC(21) Concurrent marking roots 0.462ms
[16.827s][info][gc,start    ] GC(21) Concurrent marking (unload classes)
[16.827s][info][gc,task     ] GC(21) Using 1 of 3 workers for concurrent marking
[16.832s][info][gc          ] GC(21) Concurrent marking (unload classes) 4.809ms
[16.832s][info][gc,start    ] GC(21) Pause Final Mark (unload classes)
[16.832s][info][gc,task     ] GC(21) Using 3 of 3 workers for final marking
[16.833s][info][gc,ergo     ] GC(21) Collectable Garbage: 728M (98%), Immediate: 728M (98%), CSet: 0B (0%)
[16.833s][info][gc          ] GC(21) Pause Final Mark (unload classes) 0.494ms
[16.833s][info][gc,start    ] GC(21) Concurrent weak references
[16.833s][info][gc,task     ] GC(21) Using 1 of 3 workers for concurrent weak references
[16.833s][info][gc,ref      ] GC(21) Encountered references: Soft: 178, Weak: 680, Final: 0, Phantom: 63
[16.833s][info][gc,ref      ] GC(21) Discovered  references: Soft: 127, Weak: 165, Final: 0, Phantom: 61
[16.833s][info][gc,ref      ] GC(21) Enqueued    references: Soft: 48, Weak: 0, Final: 0, Phantom: 0
[16.833s][info][gc          ] GC(21) Concurrent weak references 0.179ms
[16.833s][info][gc,start    ] GC(21) Concurrent weak roots
[16.833s][info][gc,task     ] GC(21) Using 1 of 3 workers for concurrent weak root
[16.834s][info][gc          ] GC(21) Concurrent weak roots 0.848ms
[16.834s][info][gc,start    ] GC(21) Concurrent cleanup
[16.834s][info][gc          ] GC(21) Concurrent cleanup 741M->13M(2048M) 0.058ms
[16.834s][info][gc,ergo     ] GC(21) Free: 1932M, Max: 1024K regular, 1003M humongous, Frag: 49% external, 0% internal; Reserve: 103M, Max: 1024K
[16.834s][info][gc,start    ] GC(21) Concurrent class unloading
[16.834s][info][gc,task     ] GC(21) Using 1 of 3 workers for concurrent class unloading
[16.838s][info][gc          ] GC(21) Concurrent class unloading 4.018ms
[16.838s][info][gc,start    ] GC(21) Pause Final Roots
[16.838s][info][gc          ] GC(21) Pause Final Roots 0.064ms
[16.838s][info][gc,ergo     ] Free: 1932M, Max: 1024K regular, 1003M humongous, Frag: 49% external, 0% internal; Reserve: 103M, Max: 1024K
[16.839s][info][gc,stats    ] 
[16.839s][info][gc,stats    ] All times are wall-clock times, except per-root-class counters, that are sum over
[16.839s][info][gc,stats    ] all workers. Dividing the <total> over the root stage time estimates parallelism.
[16.839s][info][gc,stats    ] 
[16.839s][info][gc,stats    ] Concurrent Reset                   2422 us
[16.839s][info][gc,stats    ] Pause Init Mark (G)                 304 us
[16.839s][info][gc,stats    ] Pause Init Mark (N)                 193 us
[16.839s][info][gc,stats    ]   Update Region States               84 us
[16.839s][info][gc,stats    ] Concurrent Mark Roots               484 us, parallelism: 0.67x
[16.839s][info][gc,stats    ]   CMR: <total>                      326 us
[16.839s][info][gc,stats    ]   CMR: Thread Roots                 284 us, workers (us): 284, ---, ---, 
[16.839s][info][gc,stats    ]   CMR: VM Strong Roots                4 us, workers (us):   4, ---, ---, 
[16.839s][info][gc,stats    ]   CMR: CLDG Roots                    38 us, workers (us):  38, ---, ---, 
[16.839s][info][gc,stats    ] Concurrent Marking                 4872 us
[16.839s][info][gc,stats    ] Pause Final Mark (G)                643 us
[16.839s][info][gc,stats    ] Pause Final Mark (N)                518 us
[16.839s][info][gc,stats    ]   Finish Mark                       163 us
[16.839s][info][gc,stats    ]   Update Region States              125 us
[16.839s][info][gc,stats    ]   Choose Collection Set             102 us
[16.839s][info][gc,stats    ]   Rebuild Free Set                   25 us
[16.839s][info][gc,stats    ] Concurrent Weak References          196 us, parallelism: 0.07x
[16.839s][info][gc,stats    ]   CWRF: <total>                      14 us
[16.839s][info][gc,stats    ]   CWRF: Weak References              14 us, workers (us):  14, ---, ---, 
[16.839s][info][gc,stats    ] Concurrent Weak Roots               877 us
[16.839s][info][gc,stats    ]   Roots                             734 us, parallelism: 0.92x
[16.839s][info][gc,stats    ]     CWR: <total>                    674 us
[16.839s][info][gc,stats    ]     CWR: Code Cache Roots           592 us, workers (us): 592, ---, ---, 
[16.839s][info][gc,stats    ]     CWR: VM Weak Roots               75 us, workers (us):  75, ---, ---, 
[16.839s][info][gc,stats    ]     CWR: CLDG Roots                   7 us, workers (us):   7, ---, ---, 
[16.839s][info][gc,stats    ]   Rendezvous                         82 us
[16.839s][info][gc,stats    ] Concurrent Cleanup                   67 us
[16.839s][info][gc,stats    ] Concurrent Class Unloading         4066 us
[16.839s][info][gc,stats    ]   Unlink Stale                     3490 us
[16.839s][info][gc,stats    ]     System Dictionary                 5 us
[16.839s][info][gc,stats    ]     Weak Class Links                  0 us
[16.839s][info][gc,stats    ]     Code Roots                     3483 us
[16.839s][info][gc,stats    ]   Rendezvous                        214 us
[16.839s][info][gc,stats    ]   Purge Unlinked                    296 us
[16.839s][info][gc,stats    ]     Code Roots                      282 us
[16.839s][info][gc,stats    ]     CLDG                             12 us
[16.839s][info][gc,stats    ]     Exception Caches                  0 us
[16.839s][info][gc,stats    ] Pause Final Roots (G)               199 us
[16.839s][info][gc,stats    ] Pause Final Roots (N)                83 us
[16.839s][info][gc,stats    ] 
[16.839s][info][gc,stats    ] Allocation pacing accrued:
[16.839s][info][gc,stats    ]       0 of    19 ms (  0.0%): <total>
[16.839s][info][gc,stats    ]       0 of    19 ms (  0.0%): <average total>
[16.839s][info][gc,stats    ] 
[16.839s][info][gc,metaspace] Metaspace: 15825K(16128K)->15826K(16128K) NonClass: 13656K(13824K)->13658K(13824K) Class: 2168K(2304K)->2168K(2304K)
[16.839s][info][gc,ergo     ] Pacer for Idle. Initial: 41943K, Alloc Tax Rate: 1.0x
[17.374s][info][gc          ] Trigger: Learning 2 of 5. Free (1418M) is below initial threshold (1433M)
[17.374s][info][gc,ergo     ] Free: 1418M, Max: 1024K regular, 1003M humongous, Frag: 30% external, 0% internal; Reserve: 103M, Max: 1024K
[17.374s][info][gc,start    ] GC(22) Concurrent reset
[17.374s][info][gc,task     ] GC(22) Using 1 of 3 workers for concurrent reset
[17.374s][info][gc,ergo     ] GC(22) Pacer for Reset. Non-Taxable: 2048M
[17.375s][info][gc          ] GC(22) Concurrent reset 0.333ms
[17.375s][info][gc,start    ] GC(22) Pause Init Mark (unload classes)
[17.375s][info][gc,task     ] GC(22) Using 3 of 3 workers for init marking
[17.375s][info][gc,ergo     ] GC(22) Pacer for Mark. Expected Live: 81720K, Free: 1417M, Non-Taxable: 141M, Alloc Tax Rate: 0.1x
[17.375s][info][gc          ] GC(22) Pause Init Mark (unload classes) 0.234ms
[17.375s][info][gc,start    ] GC(22) Concurrent marking roots
[17.375s][info][gc,task     ] GC(22) Using 1 of 3 workers for concurrent marking roots
[17.376s][info][gc          ] GC(22) Concurrent marking roots 0.496ms
[17.376s][info][gc,start    ] GC(22) Concurrent marking (unload classes)
[17.376s][info][gc,task     ] GC(22) Using 1 of 3 workers for concurrent marking
[17.703s][info][gc          ] GC(22) Concurrent marking (unload classes) 327.864ms
[17.704s][info][gc,start    ] GC(22) Pause Final Mark (unload classes)
[17.704s][info][gc,task     ] GC(22) Using 3 of 3 workers for final marking
[17.704s][info][gc,ergo     ] GC(22) Adaptive CSet Selection. Target Free: 290M, Actual Free: 1274M, Max CSet: 87381K, Min Garbage: 0B
[17.704s][info][gc,ergo     ] GC(22) Collectable Garbage: 197M (61%), Immediate: 29760K (9%), CSet: 168M (52%)
[17.704s][info][gc,ergo     ] GC(22) Pacer for Evacuation. Used CSet: 254M, Free: 1182M, Non-Taxable: 118M, Alloc Tax Rate: 1.1x
[17.704s][info][gc          ] GC(22) Pause Final Mark (unload classes) 0.241ms
[17.719s][info][gc,start    ] GC(22) Concurrent thread roots
[17.719s][info][gc,task     ] GC(22) Using 1 of 3 workers for Concurrent thread roots
[17.720s][info][gc          ] GC(22) Concurrent thread roots 0.597ms
[17.720s][info][gc,start    ] GC(22) Concurrent weak references
[17.720s][info][gc,task     ] GC(22) Using 1 of 3 workers for concurrent weak references
[17.720s][info][gc,ref      ] GC(22) Encountered references: Soft: 133, Weak: 681, Final: 0, Phantom: 63
[17.720s][info][gc,ref      ] GC(22) Discovered  references: Soft: 0, Weak: 152, Final: 0, Phantom: 26
[17.720s][info][gc,ref      ] GC(22) Enqueued    references: Soft: 0, Weak: 0, Final: 0, Phantom: 0
[17.720s][info][gc          ] GC(22) Concurrent weak references 0.069ms
[17.720s][info][gc,start    ] GC(22) Concurrent weak roots
[17.720s][info][gc,task     ] GC(22) Using 1 of 3 workers for concurrent weak root
[17.735s][info][gc          ] GC(22) Concurrent weak roots 15.361ms
[17.735s][info][gc,start    ] GC(22) Concurrent cleanup
[17.735s][info][gc          ] GC(22) Concurrent cleanup 805M->776M(2048M) 0.037ms
[17.735s][info][gc,ergo     ] GC(22) Free: 1151M, Max: 1024K regular, 1112M humongous, Frag: 4% external, 0% internal; Reserve: 91902K, Max: 1024K
[17.735s][info][gc,start    ] GC(22) Concurrent class unloading
[17.735s][info][gc,task     ] GC(22) Using 1 of 3 workers for concurrent class unloading
[17.751s][info][gc          ] GC(22) Concurrent class unloading 15.514ms
[17.751s][info][gc,start    ] GC(22) Concurrent strong roots
[17.751s][info][gc,task     ] GC(22) Using 1 of 3 workers for concurrent strong root
[17.751s][info][gc          ] GC(22) Concurrent strong roots 0.076ms
[17.751s][info][gc,start    ] GC(22) Concurrent evacuation
[17.751s][info][gc,task     ] GC(22) Using 1 of 3 workers for concurrent evacuation
[17.826s][info][gc          ] GC(22) Concurrent evacuation 74.705ms
[17.826s][info][gc,start    ] GC(22) Pause Init Update Refs
[17.826s][info][gc,ergo     ] GC(22) Pacer for Update Refs. Used: 931M, Free: 1068M, Non-Taxable: 106M, Alloc Tax Rate: 1.1x
[17.826s][info][gc          ] GC(22) Pause Init Update Refs 0.067ms
[17.829s][info][gc,start    ] GC(22) Concurrent update references
[17.829s][info][gc,task     ] GC(22) Using 1 of 3 workers for concurrent reference update
[18.240s][info][gc          ] GC(22) Concurrent update references 410.672ms
[18.240s][info][gc,start    ] GC(22) Concurrent update thread roots
[18.241s][info][gc          ] GC(22) Concurrent update thread roots 0.934ms
[18.241s][info][gc,start    ] GC(22) Pause Final Update Refs
[18.241s][info][gc,task     ] GC(22) Using 3 of 3 workers for final reference update
[18.241s][info][gc          ] GC(22) Pause Final Update Refs 0.267ms
[18.241s][info][gc,start    ] GC(22) Concurrent cleanup
[18.241s][info][gc          ] GC(22) Concurrent cleanup 994M->740M(2048M) 0.037ms
[18.241s][info][gc,ergo     ] Free: 1169M, Max: 1024K regular, 918M humongous, Frag: 22% external, 0% internal; Reserve: 103M, Max: 1024K
[18.241s][info][gc,stats    ] 
[18.241s][info][gc,stats    ] All times are wall-clock times, except per-root-class counters, that are sum over
[18.241s][info][gc,stats    ] all workers. Dividing the <total> over the root stage time estimates parallelism.
[18.241s][info][gc,stats    ] 
[18.241s][info][gc,stats    ] Concurrent Reset                    352 us
[18.241s][info][gc,stats    ] Pause Init Mark (G)                 433 us
[18.241s][info][gc,stats    ] Pause Init Mark (N)                 260 us
[18.241s][info][gc,stats    ]   Update Region States               92 us
[18.241s][info][gc,stats    ] Concurrent Mark Roots               514 us, parallelism: 0.74x
[18.241s][info][gc,stats    ]   CMR: <total>                      379 us
[18.241s][info][gc,stats    ]   CMR: Thread Roots                 337 us, workers (us): 337, ---, ---, 
[18.241s][info][gc,stats    ]   CMR: VM Strong Roots                4 us, workers (us):   4, ---, ---, 
[18.241s][info][gc,stats    ]   CMR: CLDG Roots                    38 us, workers (us):  38, ---, ---, 
[18.241s][info][gc,stats    ] Concurrent Marking               327928 us
[18.241s][info][gc,stats    ] Pause Final Mark (G)              15604 us
[18.241s][info][gc,stats    ] Pause Final Mark (N)                249 us
[18.241s][info][gc,stats    ]   Finish Mark                        42 us
[18.241s][info][gc,stats    ]   Update Region States               33 us
[18.241s][info][gc,stats    ]   Choose Collection Set              94 us
[18.241s][info][gc,stats    ]   Rebuild Free Set                    9 us
[18.241s][info][gc,stats    ] Concurrent Thread Roots             623 us, parallelism: 0.82x
[18.241s][info][gc,stats    ]   CTR: <total>                      510 us
[18.241s][info][gc,stats    ]   CTR: Thread Roots                 510 us, workers (us): 510, ---, ---, 
[18.241s][info][gc,stats    ] Concurrent Weak References           76 us, parallelism: 0.18x
[18.241s][info][gc,stats    ]   CWRF: <total>                      14 us
[18.241s][info][gc,stats    ]   CWRF: Weak References              14 us, workers (us):  14, ---, ---, 
[18.241s][info][gc,stats    ] Concurrent Weak Roots             15414 us
[18.241s][info][gc,stats    ]   Roots                             993 us, parallelism: 0.95x
[18.241s][info][gc,stats    ]     CWR: <total>                    947 us
[18.241s][info][gc,stats    ]     CWR: Code Cache Roots           853 us, workers (us): 853, ---, ---, 
[18.241s][info][gc,stats    ]     CWR: VM Weak Roots               86 us, workers (us):  86, ---, ---, 
[18.241s][info][gc,stats    ]     CWR: CLDG Roots                   9 us, workers (us):   9, ---, ---, 
[18.241s][info][gc,stats    ]   Rendezvous                      14350 us
[18.241s][info][gc,stats    ] Concurrent Cleanup                   45 us
[18.241s][info][gc,stats    ] Concurrent Class Unloading        15560 us
[18.241s][info][gc,stats    ]   Unlink Stale                     3622 us
[18.241s][info][gc,stats    ]     System Dictionary                11 us
[18.241s][info][gc,stats    ]     Weak Class Links                  0 us
[18.241s][info][gc,stats    ]     Code Roots                     3609 us
[18.241s][info][gc,stats    ]   Rendezvous                      11624 us
[18.241s][info][gc,stats    ]   Purge Unlinked                    250 us
[18.241s][info][gc,stats    ]     Code Roots                      245 us
[18.241s][info][gc,stats    ]     CLDG                              4 us
[18.241s][info][gc,stats    ]     Exception Caches                  0 us
[18.241s][info][gc,stats    ] Concurrent Strong Roots              97 us, parallelism: 0.38x
[18.241s][info][gc,stats    ]   CSR: <total>                       37 us
[18.241s][info][gc,stats    ]   CSR: VM Strong Roots                5 us, workers (us):   5, ---, ---, 
[18.241s][info][gc,stats    ]   CSR: CLDG Roots                    33 us, workers (us):  33, ---, ---, 
[18.241s][info][gc,stats    ] Concurrent Evacuation             74778 us
[18.241s][info][gc,stats    ] Pause Init Update Refs (G)         3210 us
[18.241s][info][gc,stats    ] Pause Init Update Refs (N)           75 us
[18.241s][info][gc,stats    ]   Manage GCLABs                       3 us
[18.241s][info][gc,stats    ] Concurrent Update Refs           410740 us
[18.241s][info][gc,stats    ] Concurrent Update Thread Roots      954 us
[18.241s][info][gc,stats    ] Pause Final Update Refs (G)         378 us
[18.241s][info][gc,stats    ] Pause Final Update Refs (N)         317 us
[18.241s][info][gc,stats    ]   Update Region States              122 us
[18.242s][info][gc,stats    ]   Trash Collection Set               15 us
[18.242s][info][gc,stats    ]   Rebuild Free Set                   31 us
[18.242s][info][gc,stats    ] Concurrent Cleanup                   45 us
[18.242s][info][gc,stats    ] 
[18.242s][info][gc,stats    ] Allocation pacing accrued:
[18.242s][info][gc,stats    ]       0 of  1403 ms (  0.0%): <total>
[18.242s][info][gc,stats    ]       0 of  1403 ms (  0.0%): <average total>
[18.242s][info][gc,stats    ] 
[18.242s][info][gc,metaspace] Metaspace: 15851K(16128K)->15852K(16128K) NonClass: 13683K(13824K)->13683K(13824K) Class: 2168K(2304K)->2168K(2304K)
[18.242s][info][gc,ergo     ] Pacer for Idle. Initial: 41943K, Alloc Tax Rate: 1.0x
[18.256s][info][gc          ] Trigger: Explicit GC request (System.gc())
[18.256s][info][gc,ergo     ] Free: 1169M, Max: 1024K regular, 918M humongous, Frag: 22% external, 0% internal; Reserve: 103M, Max: 1024K
[18.256s][info][gc,start    ] GC(23) Concurrent reset
[18.256s][info][gc,task     ] GC(23) Using 1 of 3 workers for concurrent reset
[18.256s][info][gc,ergo     ] GC(23) Pacer for Reset. Non-Taxable: 2048M
[18.259s][info][gc          ] GC(23) Concurrent reset 3.128ms
[18.259s][info][gc,start    ] GC(23) Pause Init Mark (unload classes)
[18.259s][info][gc,task     ] GC(23) Using 3 of 3 workers for init marking
[18.259s][info][gc,ref      ] GC(23) Clearing All SoftReferences
[18.260s][info][gc,ergo     ] GC(23) Pacer for Mark. Expected Live: 117M, Free: 1169M, Non-Taxable: 116M, Alloc Tax Rate: 0.1x
[18.260s][info][gc          ] GC(23) Pause Init Mark (unload classes) 0.161ms
[18.260s][info][gc,start    ] GC(23) Concurrent marking roots
[18.260s][info][gc,task     ] GC(23) Using 1 of 3 workers for concurrent marking roots
[18.260s][info][gc          ] GC(23) Concurrent marking roots 0.387ms
[18.260s][info][gc,start    ] GC(23) Concurrent marking (unload classes)
[18.260s][info][gc,task     ] GC(23) Using 1 of 3 workers for concurrent marking
[18.264s][info][gc          ] GC(23) Concurrent marking (unload classes) 4.104ms
[18.264s][info][gc,start    ] GC(23) Pause Final Mark (unload classes)
[18.264s][info][gc,task     ] GC(23) Using 3 of 3 workers for final marking
[18.264s][info][gc,ergo     ] GC(23) Collectable Garbage: 728M (98%), Immediate: 728M (98%), CSet: 0B (0%)
[18.264s][info][gc          ] GC(23) Pause Final Mark (unload classes) 0.257ms
[18.264s][info][gc,start    ] GC(23) Concurrent weak references
[18.264s][info][gc,task     ] GC(23) Using 1 of 3 workers for concurrent weak references
[18.265s][info][gc,ref      ] GC(23) Encountered references: Soft: 178, Weak: 680, Final: 0, Phantom: 63
[18.265s][info][gc,ref      ] GC(23) Discovered  references: Soft: 127, Weak: 165, Final: 0, Phantom: 61
[18.265s][info][gc,ref      ] GC(23) Enqueued    references: Soft: 48, Weak: 0, Final: 0, Phantom: 0
[18.265s][info][gc          ] GC(23) Concurrent weak references 0.108ms
[18.265s][info][gc,start    ] GC(23) Concurrent weak roots
[18.265s][info][gc,task     ] GC(23) Using 1 of 3 workers for concurrent weak root
[18.265s][info][gc          ] GC(23) Concurrent weak roots 0.825ms
[18.265s][info][gc,start    ] GC(23) Concurrent cleanup
[18.265s][info][gc          ] GC(23) Concurrent cleanup 740M->12M(2048M) 0.053ms
[18.265s][info][gc,ergo     ] GC(23) Free: 1932M, Max: 1024K regular, 1003M humongous, Frag: 49% external, 0% internal; Reserve: 103M, Max: 1024K
[18.265s][info][gc,start    ] GC(23) Concurrent class unloading
[18.266s][info][gc,task     ] GC(23) Using 1 of 3 workers for concurrent class unloading
[18.269s][info][gc          ] GC(23) Concurrent class unloading 3.355ms
[18.269s][info][gc,start    ] GC(23) Pause Final Roots
[18.269s][info][gc          ] GC(23) Pause Final Roots 0.044ms
[18.269s][info][gc,ergo     ] Free: 1932M, Max: 1024K regular, 1003M humongous, Frag: 49% external, 0% internal; Reserve: 103M, Max: 1024K
[18.269s][info][gc,stats    ] 
[18.269s][info][gc,stats    ] All times are wall-clock times, except per-root-class counters, that are sum over
[18.269s][info][gc,stats    ] all workers. Dividing the <total> over the root stage time estimates parallelism.
[18.269s][info][gc,stats    ] 
[18.269s][info][gc,stats    ] Concurrent Reset                   3208 us
[18.269s][info][gc,stats    ] Pause Init Mark (G)                 254 us
[18.269s][info][gc,stats    ] Pause Init Mark (N)                 179 us
[18.269s][info][gc,stats    ]   Update Region States               47 us
[18.269s][info][gc,stats    ] Concurrent Mark Roots               396 us, parallelism: 0.81x
[18.269s][info][gc,stats    ]   CMR: <total>                      322 us
[18.269s][info][gc,stats    ]   CMR: Thread Roots                 283 us, workers (us): 283, ---, ---, 
[18.269s][info][gc,stats    ]   CMR: VM Strong Roots                4 us, workers (us):   4, ---, ---, 
[18.269s][info][gc,stats    ]   CMR: CLDG Roots                    35 us, workers (us):  35, ---, ---, 
[18.269s][info][gc,stats    ] Concurrent Marking                 4152 us
[18.269s][info][gc,stats    ] Pause Final Mark (G)                320 us
[18.269s][info][gc,stats    ] Pause Final Mark (N)                267 us
[18.269s][info][gc,stats    ]   Finish Mark                        93 us
[18.269s][info][gc,stats    ]   Update Region States               57 us
[18.269s][info][gc,stats    ]   Choose Collection Set              44 us
[18.269s][info][gc,stats    ]   Rebuild Free Set                    9 us
[18.269s][info][gc,stats    ] Concurrent Weak References          115 us, parallelism: 0.18x
[18.269s][info][gc,stats    ]   CWRF: <total>                      21 us
[18.269s][info][gc,stats    ]   CWRF: Weak References              21 us, workers (us):  21, ---, ---, 
[18.269s][info][gc,stats    ] Concurrent Weak Roots               856 us
[18.269s][info][gc,stats    ]   Roots                             763 us, parallelism: 0.94x
[18.269s][info][gc,stats    ]     CWR: <total>                    716 us
[18.269s][info][gc,stats    ]     CWR: Code Cache Roots           636 us, workers (us): 636, ---, ---, 
[18.269s][info][gc,stats    ]     CWR: VM Weak Roots               73 us, workers (us):  73, ---, ---, 
[18.269s][info][gc,stats    ]     CWR: CLDG Roots                   7 us, workers (us):   7, ---, ---, 
[18.269s][info][gc,stats    ]   Rendezvous                         46 us
[18.269s][info][gc,stats    ] Concurrent Cleanup                   61 us
[18.269s][info][gc,stats    ] Concurrent Class Unloading         3396 us
[18.269s][info][gc,stats    ]   Unlink Stale                     3055 us
[18.269s][info][gc,stats    ]     System Dictionary                 7 us
[18.269s][info][gc,stats    ]     Weak Class Links                  0 us
[18.269s][info][gc,stats    ]     Code Roots                     3047 us
[18.269s][info][gc,stats    ]   Rendezvous                         60 us
[18.269s][info][gc,stats    ]   Purge Unlinked                    219 us
[18.269s][info][gc,stats    ]     Code Roots                      215 us
[18.269s][info][gc,stats    ]     CLDG                              3 us
[18.269s][info][gc,stats    ]     Exception Caches                  0 us
[18.269s][info][gc,stats    ] Pause Final Roots (G)                86 us
[18.269s][info][gc,stats    ] Pause Final Roots (N)                53 us
[18.269s][info][gc,stats    ] 
[18.269s][info][gc,stats    ] Allocation pacing accrued:
[18.269s][info][gc,stats    ]       0 of    28 ms (  0.0%): <total>
[18.269s][info][gc,stats    ]       0 of    28 ms (  0.0%): <average total>
[18.269s][info][gc,stats    ] 
[18.269s][info][gc,metaspace] Metaspace: 15852K(16128K)->15852K(16128K) NonClass: 13683K(13824K)->13683K(13824K) Class: 2168K(2304K)->2168K(2304K)
[18.269s][info][gc,ergo     ] Pacer for Idle. Initial: 41943K, Alloc Tax Rate: 1.0x
[18.806s][info][gc          ] Trigger: Learning 2 of 5. Free (1417M) is below initial threshold (1433M)
[18.808s][info][gc,ergo     ] Free: 1415M, Max: 1024K regular, 1003M humongous, Frag: 30% external, 0% internal; Reserve: 103M, Max: 1024K
[18.808s][info][gc,start    ] GC(24) Concurrent reset
[18.808s][info][gc,task     ] GC(24) Using 1 of 3 workers for concurrent reset
[18.808s][info][gc,ergo     ] GC(24) Pacer for Reset. Non-Taxable: 2048M
[18.808s][info][gc          ] GC(24) Concurrent reset 0.254ms
[18.809s][info][gc,start    ] GC(24) Pause Init Mark (unload classes)
[18.809s][info][gc,task     ] GC(24) Using 3 of 3 workers for init marking
[18.809s][info][gc,ergo     ] GC(24) Pacer for Mark. Expected Live: 81895K, Free: 1415M, Non-Taxable: 141M, Alloc Tax Rate: 0.1x
[18.809s][info][gc          ] GC(24) Pause Init Mark (unload classes) 0.164ms
[18.809s][info][gc,start    ] GC(24) Concurrent marking roots
[18.809s][info][gc,task     ] GC(24) Using 1 of 3 workers for concurrent marking roots
[18.809s][info][gc          ] GC(24) Concurrent marking roots 0.438ms
[18.809s][info][gc,start    ] GC(24) Concurrent marking (unload classes)
[18.809s][info][gc,task     ] GC(24) Using 1 of 3 workers for concurrent marking
[19.152s][info][gc          ] GC(24) Concurrent marking (unload classes) 342.432ms
[19.152s][info][gc,start    ] GC(24) Pause Final Mark (unload classes)
[19.152s][info][gc,task     ] GC(24) Using 3 of 3 workers for final marking
[19.152s][info][gc,ergo     ] GC(24) Adaptive CSet Selection. Target Free: 290M, Actual Free: 1302M, Max CSet: 87381K, Min Garbage: 0B
[19.152s][info][gc,ergo     ] GC(24) Collectable Garbage: 196M (61%), Immediate: 27630K (8%), CSet: 169M (52%)
[19.152s][info][gc,ergo     ] GC(24) Pacer for Evacuation. Used CSet: 255M, Free: 1211M, Non-Taxable: 121M, Alloc Tax Rate: 1.1x
[19.152s][info][gc          ] GC(24) Pause Final Mark (unload classes) 0.337ms
[19.183s][info][gc,start    ] GC(24) Concurrent thread roots
[19.183s][info][gc,task     ] GC(24) Using 1 of 3 workers for Concurrent thread roots
[19.183s][info][gc          ] GC(24) Concurrent thread roots 0.612ms
[19.183s][info][gc,start    ] GC(24) Concurrent weak references
[19.183s][info][gc,task     ] GC(24) Using 1 of 3 workers for concurrent weak references
[19.184s][info][gc,ref      ] GC(24) Encountered references: Soft: 133, Weak: 681, Final: 0, Phantom: 63
[19.184s][info][gc,ref      ] GC(24) Discovered  references: Soft: 0, Weak: 152, Final: 0, Phantom: 26
[19.184s][info][gc,ref      ] GC(24) Enqueued    references: Soft: 0, Weak: 0, Final: 0, Phantom: 0
[19.184s][info][gc          ] GC(24) Concurrent weak references 0.077ms
[19.184s][info][gc,start    ] GC(24) Concurrent weak roots
[19.184s][info][gc,task     ] GC(24) Using 1 of 3 workers for concurrent weak root
[19.199s][info][gc          ] GC(24) Concurrent weak roots 14.961ms
[19.199s][info][gc,start    ] GC(24) Concurrent cleanup
[19.199s][info][gc          ] GC(24) Concurrent cleanup 802M->775M(2048M) 0.036ms
[19.199s][info][gc,ergo     ] GC(24) Free: 1158M, Max: 1024K regular, 1121M humongous, Frag: 4% external, 0% internal; Reserve: 87040K, Max: 1024K
[19.199s][info][gc,start    ] GC(24) Concurrent class unloading
[19.199s][info][gc,task     ] GC(24) Using 1 of 3 workers for concurrent class unloading
[19.214s][info][gc          ] GC(24) Concurrent class unloading 15.727ms
[19.214s][info][gc,start    ] GC(24) Concurrent strong roots
[19.214s][info][gc,task     ] GC(24) Using 1 of 3 workers for concurrent strong root
[19.214s][info][gc          ] GC(24) Concurrent strong roots 0.074ms
[19.215s][info][gc,start    ] GC(24) Concurrent evacuation
[19.215s][info][gc,task     ] GC(24) Using 1 of 3 workers for concurrent evacuation
[19.294s][info][gc          ] GC(24) Concurrent evacuation 79.449ms
[19.294s][info][gc,start    ] GC(24) Pause Init Update Refs
[19.294s][info][gc,ergo     ] GC(24) Pacer for Update Refs. Used: 940M, Free: 1057M, Non-Taxable: 105M, Alloc Tax Rate: 1.1x
[19.294s][info][gc          ] GC(24) Pause Init Update Refs 0.105ms
[19.299s][info][gc,start    ] GC(24) Concurrent update references
[19.299s][info][gc,task     ] GC(24) Using 1 of 3 workers for concurrent reference update
[19.681s][info][gc          ] GC(24) Concurrent update references 381.203ms
[19.681s][info][gc,start    ] GC(24) Concurrent update thread roots
[19.681s][info][gc          ] GC(24) Concurrent update thread roots 0.674ms
[19.681s][info][gc,start    ] GC(24) Pause Final Update Refs
[19.681s][info][gc,task     ] GC(24) Using 3 of 3 workers for final reference update
[19.682s][info][gc          ] GC(24) Pause Final Update Refs 0.392ms
[19.682s][info][gc,start    ] GC(24) Concurrent cleanup
[19.682s][info][gc          ] GC(24) Concurrent cleanup 995M->740M(2048M) 0.032ms
[19.682s][info][gc,ergo     ] Free: 1169M, Max: 1024K regular, 918M humongous, Frag: 22% external, 0% internal; Reserve: 103M, Max: 1024K
[19.682s][info][gc,stats    ] 
[19.682s][info][gc,stats    ] All times are wall-clock times, except per-root-class counters, that are sum over
[19.682s][info][gc,stats    ] all workers. Dividing the <total> over the root stage time estimates parallelism.
[19.682s][info][gc,stats    ] 
[19.682s][info][gc,stats    ] Concurrent Reset                    291 us
[19.682s][info][gc,stats    ] Pause Init Mark (G)                 336 us
[19.682s][info][gc,stats    ] Pause Init Mark (N)                 180 us
[19.682s][info][gc,stats    ]   Update Region States               68 us
[19.682s][info][gc,stats    ] Concurrent Mark Roots               448 us, parallelism: 0.82x
[19.682s][info][gc,stats    ]   CMR: <total>                      369 us
[19.682s][info][gc,stats    ]   CMR: Thread Roots                 326 us, workers (us): 326, ---, ---, 
[19.682s][info][gc,stats    ]   CMR: VM Strong Roots                4 us, workers (us):   4, ---, ---, 
[19.682s][info][gc,stats    ]   CMR: CLDG Roots                    38 us, workers (us):  38, ---, ---, 
[19.682s][info][gc,stats    ] Concurrent Marking               342493 us
[19.682s][info][gc,stats    ] Pause Final Mark (G)              31113 us
[19.682s][info][gc,stats    ] Pause Final Mark (N)                347 us
[19.682s][info][gc,stats    ]   Finish Mark                        81 us
[19.682s][info][gc,stats    ]   Update Region States               55 us
[19.682s][info][gc,stats    ]   Choose Collection Set             104 us
[19.682s][info][gc,stats    ]   Rebuild Free Set                   10 us
[19.682s][info][gc,stats    ] Concurrent Thread Roots             638 us, parallelism: 0.78x
[19.682s][info][gc,stats    ]   CTR: <total>                      500 us
[19.682s][info][gc,stats    ]   CTR: Thread Roots                 500 us, workers (us): 500, ---, ---, 
[19.682s][info][gc,stats    ] Concurrent Weak References           84 us, parallelism: 0.18x
[19.682s][info][gc,stats    ]   CWRF: <total>                      15 us
[19.682s][info][gc,stats    ]   CWRF: Weak References              15 us, workers (us):  15, ---, ---, 
[19.682s][info][gc,stats    ] Concurrent Weak Roots             15025 us
[19.682s][info][gc,stats    ]   Roots                             997 us, parallelism: 0.95x
[19.682s][info][gc,stats    ]     CWR: <total>                    949 us
[19.682s][info][gc,stats    ]     CWR: Code Cache Roots           857 us, workers (us): 857, ---, ---, 
[19.682s][info][gc,stats    ]     CWR: VM Weak Roots               85 us, workers (us):  85, ---, ---, 
[19.682s][info][gc,stats    ]     CWR: CLDG Roots                   7 us, workers (us):   7, ---, ---, 
[19.682s][info][gc,stats    ]   Rendezvous                      13945 us
[19.682s][info][gc,stats    ] Concurrent Cleanup                   45 us
[19.682s][info][gc,stats    ] Concurrent Class Unloading        15781 us
[19.682s][info][gc,stats    ]   Unlink Stale                     3477 us
[19.682s][info][gc,stats    ]     System Dictionary                12 us
[19.682s][info][gc,stats    ]     Weak Class Links                  0 us
[19.682s][info][gc,stats    ]     Code Roots                     3463 us
[19.682s][info][gc,stats    ]   Rendezvous                      12001 us
[19.682s][info][gc,stats    ]   Purge Unlinked                    229 us
[19.682s][info][gc,stats    ]     Code Roots                      222 us
[19.682s][info][gc,stats    ]     CLDG                              6 us
[19.682s][info][gc,stats    ]     Exception Caches                  0 us
[19.682s][info][gc,stats    ] Concurrent Strong Roots              82 us, parallelism: 0.44x
[19.682s][info][gc,stats    ]   CSR: <total>                       36 us
[19.682s][info][gc,stats    ]   CSR: VM Strong Roots                3 us, workers (us):   3, ---, ---, 
[19.682s][info][gc,stats    ]   CSR: CLDG Roots                    33 us, workers (us):  33, ---, ---, 
[19.682s][info][gc,stats    ] Concurrent Evacuation             79527 us
[19.682s][info][gc,stats    ] Pause Init Update Refs (G)         5277 us
[19.682s][info][gc,stats    ] Pause Init Update Refs (N)          116 us
[19.682s][info][gc,stats    ]   Manage GCLABs                      14 us
[19.682s][info][gc,stats    ] Concurrent Update Refs           381287 us
[19.682s][info][gc,stats    ] Concurrent Update Thread Roots      684 us
[19.682s][info][gc,stats    ] Pause Final Update Refs (G)         475 us
[19.682s][info][gc,stats    ] Pause Final Update Refs (N)         429 us
[19.682s][info][gc,stats    ]   Update Region States              275 us
[19.682s][info][gc,stats    ]   Trash Collection Set               12 us
[19.682s][info][gc,stats    ]   Rebuild Free Set                   26 us
[19.682s][info][gc,stats    ] Concurrent Cleanup                   41 us
[19.682s][info][gc,stats    ] 
[19.682s][info][gc,stats    ] Allocation pacing accrued:
[19.682s][info][gc,stats    ]       0 of  1413 ms (  0.0%): <total>
[19.682s][info][gc,stats    ]       0 of  1413 ms (  0.0%): <average total>
[19.682s][info][gc,stats    ] 
[19.682s][info][gc,metaspace] Metaspace: 15852K(16128K)->15852K(16128K) NonClass: 13683K(13824K)->13684K(13824K) Class: 2168K(2304K)->2168K(2304K)
[19.682s][info][gc,ergo     ] Pacer for Idle. Initial: 41943K, Alloc Tax Rate: 1.0x
[19.686s][info][gc          ] Trigger: Explicit GC request (System.gc())
[19.686s][info][gc,ergo     ] Free: 1169M, Max: 1024K regular, 918M humongous, Frag: 22% external, 0% internal; Reserve: 103M, Max: 1024K
[19.686s][info][gc,start    ] GC(25) Concurrent reset
[19.687s][info][gc,task     ] GC(25) Using 1 of 3 workers for concurrent reset
[19.687s][info][gc,ergo     ] GC(25) Pacer for Reset. Non-Taxable: 2048M
[19.689s][info][gc          ] GC(25) Concurrent reset 2.127ms
[19.689s][info][gc,start    ] GC(25) Pause Init Mark (unload classes)
[19.689s][info][gc,task     ] GC(25) Using 3 of 3 workers for init marking
[19.689s][info][gc,ref      ] GC(25) Clearing All SoftReferences
[19.689s][info][gc,ergo     ] GC(25) Pacer for Mark. Expected Live: 117M, Free: 1169M, Non-Taxable: 116M, Alloc Tax Rate: 0.1x
[19.689s][info][gc          ] GC(25) Pause Init Mark (unload classes) 0.220ms
[19.689s][info][gc,start    ] GC(25) Concurrent marking roots
[19.689s][info][gc,task     ] GC(25) Using 1 of 3 workers for concurrent marking roots
[19.689s][info][gc          ] GC(25) Concurrent marking roots 0.408ms
[19.689s][info][gc,start    ] GC(25) Concurrent marking (unload classes)
[19.689s][info][gc,task     ] GC(25) Using 1 of 3 workers for concurrent marking
[19.694s][info][gc          ] GC(25) Concurrent marking (unload classes) 4.531ms
[19.694s][info][gc,start    ] GC(25) Pause Final Mark (unload classes)
[19.694s][info][gc,task     ] GC(25) Using 3 of 3 workers for final marking
[19.694s][info][gc,ergo     ] GC(25) Collectable Garbage: 727M (98%), Immediate: 727M (98%), CSet: 0B (0%)
[19.695s][info][gc          ] GC(25) Pause Final Mark (unload classes) 0.498ms
[19.695s][info][gc,start    ] GC(25) Concurrent weak references
[19.695s][info][gc,task     ] GC(25) Using 1 of 3 workers for concurrent weak references
[19.695s][info][gc,ref      ] GC(25) Encountered references: Soft: 178, Weak: 680, Final: 0, Phantom: 63
[19.695s][info][gc,ref      ] GC(25) Discovered  references: Soft: 127, Weak: 165, Final: 0, Phantom: 61
[19.695s][info][gc,ref      ] GC(25) Enqueued    references: Soft: 48, Weak: 0, Final: 0, Phantom: 0
[19.695s][info][gc          ] GC(25) Concurrent weak references 0.140ms
[19.695s][info][gc,start    ] GC(25) Concurrent weak roots
[19.695s][info][gc,task     ] GC(25) Using 1 of 3 workers for concurrent weak root
[19.696s][info][gc          ] GC(25) Concurrent weak roots 0.823ms
[19.696s][info][gc,start    ] GC(25) Concurrent cleanup
[19.696s][info][gc          ] GC(25) Concurrent cleanup 740M->13M(2048M) 0.057ms
[19.696s][info][gc,ergo     ] GC(25) Free: 1931M, Max: 1024K regular, 1002M humongous, Frag: 49% external, 0% internal; Reserve: 103M, Max: 1024K
[19.696s][info][gc,start    ] GC(25) Concurrent class unloading
[19.696s][info][gc,task     ] GC(25) Using 1 of 3 workers for concurrent class unloading
[19.699s][info][gc          ] GC(25) Concurrent class unloading 3.751ms
[19.699s][info][gc,start    ] GC(25) Pause Final Roots
[19.700s][info][gc          ] GC(25) Pause Final Roots 0.065ms
[19.700s][info][gc,ergo     ] Free: 1931M, Max: 1024K regular, 1002M humongous, Frag: 49% external, 0% internal; Reserve: 103M, Max: 1024K
[19.700s][info][gc,stats    ] 
[19.700s][info][gc,stats    ] All times are wall-clock times, except per-root-class counters, that are sum over
[19.700s][info][gc,stats    ] all workers. Dividing the <total> over the root stage time estimates parallelism.
[19.700s][info][gc,stats    ] 
[19.700s][info][gc,stats    ] Concurrent Reset                   2178 us
[19.700s][info][gc,stats    ] Pause Init Mark (G)                 350 us
[19.700s][info][gc,stats    ] Pause Init Mark (N)                 238 us
[19.700s][info][gc,stats    ]   Update Region States               85 us
[19.700s][info][gc,stats    ] Concurrent Mark Roots               417 us, parallelism: 0.81x
[19.700s][info][gc,stats    ]   CMR: <total>                      339 us
[19.700s][info][gc,stats    ]   CMR: Thread Roots                 297 us, workers (us): 297, ---, ---, 
[19.700s][info][gc,stats    ]   CMR: VM Strong Roots                4 us, workers (us):   4, ---, ---, 
[19.700s][info][gc,stats    ]   CMR: CLDG Roots                    38 us, workers (us):  38, ---, ---, 
[19.700s][info][gc,stats    ] Concurrent Marking                 4555 us
[19.700s][info][gc,stats    ] Pause Final Mark (G)                585 us
[19.700s][info][gc,stats    ] Pause Final Mark (N)                529 us
[19.700s][info][gc,stats    ]   Finish Mark                       161 us
[19.700s][info][gc,stats    ]   Update Region States              124 us
[19.700s][info][gc,stats    ]   Choose Collection Set             108 us
[19.700s][info][gc,stats    ]   Rebuild Free Set                   25 us
[19.700s][info][gc,stats    ] Concurrent Weak References          155 us, parallelism: 0.08x
[19.700s][info][gc,stats    ]   CWRF: <total>                      12 us
[19.700s][info][gc,stats    ]   CWRF: Weak References              12 us, workers (us):  12, ---, ---, 
[19.700s][info][gc,stats    ] Concurrent Weak Roots               834 us
[19.700s][info][gc,stats    ]   Roots                             726 us, parallelism: 0.94x
[19.700s][info][gc,stats    ]     CWR: <total>                    686 us
[19.700s][info][gc,stats    ]     CWR: Code Cache Roots           607 us, workers (us): 607, ---, ---, 
[19.700s][info][gc,stats    ]     CWR: VM Weak Roots               73 us, workers (us):  73, ---, ---, 
[19.700s][info][gc,stats    ]     CWR: CLDG Roots                   6 us, workers (us):   6, ---, ---, 
[19.700s][info][gc,stats    ]   Rendezvous                         67 us
[19.700s][info][gc,stats    ] Concurrent Cleanup                   66 us
[19.700s][info][gc,stats    ] Concurrent Class Unloading         3776 us
[19.700s][info][gc,stats    ]   Unlink Stale                     3407 us
[19.700s][info][gc,stats    ]     System Dictionary                 5 us
[19.700s][info][gc,stats    ]     Weak Class Links                  0 us
[19.700s][info][gc,stats    ]     Code Roots                     3401 us
[19.700s][info][gc,stats    ]   Rendezvous                        112 us
[19.700s][info][gc,stats    ]   Purge Unlinked                    216 us
[19.700s][info][gc,stats    ]     Code Roots                      209 us
[19.700s][info][gc,stats    ]     CLDG                              6 us
[19.700s][info][gc,stats    ]     Exception Caches                  0 us
[19.700s][info][gc,stats    ] Pause Final Roots (G)               161 us
[19.700s][info][gc,stats    ] Pause Final Roots (N)                84 us
[19.700s][info][gc,stats    ] 
[19.700s][info][gc,stats    ] Allocation pacing accrued:
[19.700s][info][gc,stats    ]       0 of    18 ms (  0.0%): <total>
[19.700s][info][gc,stats    ]       0 of    18 ms (  0.0%): <average total>
[19.700s][info][gc,stats    ] 
[19.700s][info][gc,metaspace] Metaspace: 15852K(16128K)->15852K(16128K) NonClass: 13684K(13824K)->13684K(13824K) Class: 2168K(2304K)->2168K(2304K)
[19.700s][info][gc,ergo     ] Pacer for Idle. Initial: 41943K, Alloc Tax Rate: 1.0x
[20.236s][info][gc          ] Trigger: Learning 2 of 5. Free (1413M) is below initial threshold (1433M)
[20.236s][info][gc,ergo     ] Free: 1413M, Max: 1024K regular, 1002M humongous, Frag: 30% external, 0% internal; Reserve: 103M, Max: 1024K
[20.236s][info][gc,start    ] GC(26) Concurrent reset
[20.236s][info][gc,task     ] GC(26) Using 1 of 3 workers for concurrent reset
[20.236s][info][gc,ergo     ] GC(26) Pacer for Reset. Non-Taxable: 2048M
[20.236s][info][gc          ] GC(26) Concurrent reset 0.424ms
[20.237s][info][gc,start    ] GC(26) Pause Init Mark (unload classes)
[20.237s][info][gc,task     ] GC(26) Using 3 of 3 workers for init marking
[20.237s][info][gc,ergo     ] GC(26) Pacer for Mark. Expected Live: 81768K, Free: 1413M, Non-Taxable: 141M, Alloc Tax Rate: 0.1x
[20.237s][info][gc          ] GC(26) Pause Init Mark (unload classes) 0.236ms
[20.237s][info][gc,start    ] GC(26) Concurrent marking roots
[20.237s][info][gc,task     ] GC(26) Using 1 of 3 workers for concurrent marking roots
[20.238s][info][gc          ] GC(26) Concurrent marking roots 0.499ms
[20.238s][info][gc,start    ] GC(26) Concurrent marking (unload classes)
[20.238s][info][gc,task     ] GC(26) Using 1 of 3 workers for concurrent marking
[20.565s][info][gc          ] GC(26) Concurrent marking (unload classes) 327.753ms
[20.565s][info][gc,start    ] GC(26) Pause Final Mark (unload classes)
[20.565s][info][gc,task     ] GC(26) Using 3 of 3 workers for final marking
[20.566s][info][gc,ergo     ] GC(26) Adaptive CSet Selection. Target Free: 290M, Actual Free: 1240M, Max CSet: 87381K, Min Garbage: 0B
[20.566s][info][gc,ergo     ] GC(26) Collectable Garbage: 197M (61%), Immediate: 29374K (8%), CSet: 168M (52%)
[20.566s][info][gc,ergo     ] GC(26) Pacer for Evacuation. Used CSet: 254M, Free: 1151M, Non-Taxable: 115M, Alloc Tax Rate: 1.1x
[20.566s][info][gc          ] GC(26) Pause Final Mark (unload classes) 0.231ms
[20.581s][info][gc,start    ] GC(26) Concurrent thread roots
[20.581s][info][gc,task     ] GC(26) Using 1 of 3 workers for Concurrent thread roots
[20.582s][info][gc          ] GC(26) Concurrent thread roots 0.594ms
[20.582s][info][gc,start    ] GC(26) Concurrent weak references
[20.582s][info][gc,task     ] GC(26) Using 1 of 3 workers for concurrent weak references
[20.582s][info][gc,ref      ] GC(26) Encountered references: Soft: 133, Weak: 681, Final: 0, Phantom: 63
[20.582s][info][gc,ref      ] GC(26) Discovered  references: Soft: 0, Weak: 152, Final: 0, Phantom: 26
[20.582s][info][gc,ref      ] GC(26) Enqueued    references: Soft: 0, Weak: 0, Final: 0, Phantom: 0
[20.582s][info][gc          ] GC(26) Concurrent weak references 0.091ms
[20.582s][info][gc,start    ] GC(26) Concurrent weak roots
[20.582s][info][gc,task     ] GC(26) Using 1 of 3 workers for concurrent weak root
[20.597s][info][gc          ] GC(26) Concurrent weak roots 14.876ms
[20.597s][info][gc,start    ] GC(26) Concurrent cleanup
[20.597s][info][gc          ] GC(26) Concurrent cleanup 818M->790M(2048M) 0.048ms
[20.597s][info][gc,ergo     ] GC(26) Free: 1139M, Max: 1024K regular, 1100M humongous, Frag: 4% external, 0% internal; Reserve: 92160K, Max: 1024K
[20.597s][info][gc,start    ] GC(26) Concurrent class unloading
[20.597s][info][gc,task     ] GC(26) Using 1 of 3 workers for concurrent class unloading
[20.604s][info][gc          ] GC(26) Concurrent class unloading 6.909ms
[20.604s][info][gc,start    ] GC(26) Concurrent strong roots
[20.604s][info][gc,task     ] GC(26) Using 1 of 3 workers for concurrent strong root
[20.604s][info][gc          ] GC(26) Concurrent strong roots 0.083ms
[20.604s][info][gc,start    ] GC(26) Concurrent evacuation
[20.604s][info][gc,task     ] GC(26) Using 1 of 3 workers for concurrent evacuation
[20.685s][info][gc          ] GC(26) Concurrent evacuation 81.254ms
[20.685s][info][gc,start    ] GC(26) Pause Init Update Refs
[20.685s][info][gc,ergo     ] GC(26) Pacer for Update Refs. Used: 945M, Free: 1053M, Non-Taxable: 105M, Alloc Tax Rate: 1.1x
[20.685s][info][gc          ] GC(26) Pause Init Update Refs 0.035ms
[20.692s][info][gc,start    ] GC(26) Concurrent update references
[20.692s][info][gc,task     ] GC(26) Using 1 of 3 workers for concurrent reference update
[21.124s][info][gc          ] GC(26) Concurrent update references 432.724ms
[21.124s][info][gc,start    ] GC(26) Concurrent update thread roots
[21.125s][info][gc          ] GC(26) Concurrent update thread roots 0.406ms
[21.125s][info][gc,start    ] GC(26) Pause Final Update Refs
[21.125s][info][gc,task     ] GC(26) Using 3 of 3 workers for final reference update
[21.125s][info][gc          ] GC(26) Pause Final Update Refs 0.309ms
[21.125s][info][gc,start    ] GC(26) Concurrent cleanup
[21.125s][info][gc          ] GC(26) Concurrent cleanup 994M->740M(2048M) 0.041ms
[21.125s][info][gc,ergo     ] Free: 1169M, Max: 1024K regular, 919M humongous, Frag: 22% external, 0% internal; Reserve: 103M, Max: 1024K
[21.125s][info][gc,stats    ] 
[21.125s][info][gc,stats    ] All times are wall-clock times, except per-root-class counters, that are sum over
[21.125s][info][gc,stats    ] all workers. Dividing the <total> over the root stage time estimates parallelism.
[21.125s][info][gc,stats    ] 
[21.125s][info][gc,stats    ] Concurrent Reset                    474 us
[21.125s][info][gc,stats    ] Pause Init Mark (G)                 468 us
[21.125s][info][gc,stats    ] Pause Init Mark (N)                 255 us
[21.125s][info][gc,stats    ]   Update Region States              103 us
[21.125s][info][gc,stats    ] Concurrent Mark Roots               517 us, parallelism: 0.72x
[21.125s][info][gc,stats    ]   CMR: <total>                      371 us
[21.125s][info][gc,stats    ]   CMR: Thread Roots                 330 us, workers (us): 330, ---, ---, 
[21.125s][info][gc,stats    ]   CMR: VM Strong Roots                4 us, workers (us):   4, ---, ---, 
[21.125s][info][gc,stats    ]   CMR: CLDG Roots                    37 us, workers (us):  37, ---, ---, 
[21.125s][info][gc,stats    ] Concurrent Marking               327818 us
[21.125s][info][gc,stats    ] Pause Final Mark (G)              15615 us
[21.125s][info][gc,stats    ] Pause Final Mark (N)                240 us
[21.125s][info][gc,stats    ]   Finish Mark                        44 us
[21.125s][info][gc,stats    ]   Update Region States               29 us
[21.125s][info][gc,stats    ]   Choose Collection Set              86 us
[21.125s][info][gc,stats    ]   Rebuild Free Set                    9 us
[21.125s][info][gc,stats    ] Concurrent Thread Roots             623 us, parallelism: 0.82x
[21.125s][info][gc,stats    ]   CTR: <total>                      508 us
[21.125s][info][gc,stats    ]   CTR: Thread Roots                 508 us, workers (us): 508, ---, ---, 
[21.125s][info][gc,stats    ] Concurrent Weak References          104 us, parallelism: 0.14x
[21.125s][info][gc,stats    ]   CWRF: <total>                      15 us
[21.125s][info][gc,stats    ]   CWRF: Weak References              15 us, workers (us):  15, ---, ---, 
[21.125s][info][gc,stats    ] Concurrent Weak Roots             14951 us
[21.125s][info][gc,stats    ]   Roots                             894 us, parallelism: 0.95x
[21.125s][info][gc,stats    ]     CWR: <total>                    847 us
[21.125s][info][gc,stats    ]     CWR: Code Cache Roots           758 us, workers (us): 758, ---, ---, 
[21.125s][info][gc,stats    ]     CWR: VM Weak Roots               82 us, workers (us):  82, ---, ---, 
[21.125s][info][gc,stats    ]     CWR: CLDG Roots                   7 us, workers (us):   7, ---, ---, 
[21.125s][info][gc,stats    ]   Rendezvous                      13959 us
[21.125s][info][gc,stats    ] Concurrent Cleanup                   57 us
[21.125s][info][gc,stats    ] Concurrent Class Unloading         6973 us
[21.125s][info][gc,stats    ]   Unlink Stale                     3739 us
[21.125s][info][gc,stats    ]     System Dictionary                13 us
[21.125s][info][gc,stats    ]     Weak Class Links                  0 us
[21.125s][info][gc,stats    ]     Code Roots                     3723 us
[21.126s][info][gc,stats    ]   Rendezvous                       2904 us
[21.126s][info][gc,stats    ]   Purge Unlinked                    245 us
[21.126s][info][gc,stats    ]     Code Roots                      237 us
[21.126s][info][gc,stats    ]     CLDG                              8 us
[21.126s][info][gc,stats    ]     Exception Caches                  0 us
[21.126s][info][gc,stats    ] Concurrent Strong Roots              91 us, parallelism: 0.47x
[21.126s][info][gc,stats    ]   CSR: <total>                       43 us
[21.126s][info][gc,stats    ]   CSR: VM Strong Roots                5 us, workers (us):   5, ---, ---, 
[21.126s][info][gc,stats    ]   CSR: CLDG Roots                    38 us, workers (us):  38, ---, ---, 
[21.126s][info][gc,stats    ] Concurrent Evacuation             81331 us
[21.126s][info][gc,stats    ] Pause Init Update Refs (G)         6451 us
[21.126s][info][gc,stats    ] Pause Init Update Refs (N)           44 us
[21.126s][info][gc,stats    ]   Manage GCLABs                       5 us
[21.126s][info][gc,stats    ] Concurrent Update Refs           432805 us
[21.126s][info][gc,stats    ] Concurrent Update Thread Roots      425 us
[21.126s][info][gc,stats    ] Pause Final Update Refs (G)         362 us
[21.126s][info][gc,stats    ] Pause Final Update Refs (N)         320 us
[21.126s][info][gc,stats    ]   Update Region States              227 us
[21.126s][info][gc,stats    ]   Trash Collection Set                8 us
[21.126s][info][gc,stats    ]   Rebuild Free Set                   21 us
[21.126s][info][gc,stats    ] Concurrent Cleanup                   50 us
[21.126s][info][gc,stats    ] 
[21.126s][info][gc,stats    ] Allocation pacing accrued:
[21.126s][info][gc,stats    ]       0 of  1425 ms (  0.0%): <total>
[21.126s][info][gc,stats    ]       0 of  1425 ms (  0.0%): <average total>
[21.126s][info][gc,stats    ] 
[21.126s][info][gc,metaspace] Metaspace: 15852K(16128K)->15856K(16128K) NonClass: 13684K(13824K)->13687K(13824K) Class: 2168K(2304K)->2168K(2304K)
[21.126s][info][gc,ergo     ] Pacer for Idle. Initial: 41943K, Alloc Tax Rate: 1.0x
[21.132s][info][gc          ] Trigger: Explicit GC request (System.gc())
[21.132s][info][gc,ergo     ] Free: 1169M, Max: 1024K regular, 919M humongous, Frag: 22% external, 0% internal; Reserve: 103M, Max: 1024K
[21.132s][info][gc,start    ] GC(27) Concurrent reset
[21.132s][info][gc,task     ] GC(27) Using 1 of 3 workers for concurrent reset
[21.132s][info][gc,ergo     ] GC(27) Pacer for Reset. Non-Taxable: 2048M
[21.134s][info][gc          ] GC(27) Concurrent reset 2.297ms
[21.134s][info][gc,start    ] GC(27) Pause Init Mark (unload classes)
[21.134s][info][gc,task     ] GC(27) Using 3 of 3 workers for init marking
[21.135s][info][gc,ref      ] GC(27) Clearing All SoftReferences
[21.135s][info][gc,ergo     ] GC(27) Pacer for Mark. Expected Live: 117M, Free: 1169M, Non-Taxable: 116M, Alloc Tax Rate: 0.1x
[21.135s][info][gc          ] GC(27) Pause Init Mark (unload classes) 0.166ms
[21.135s][info][gc,start    ] GC(27) Concurrent marking roots
[21.135s][info][gc,task     ] GC(27) Using 1 of 3 workers for concurrent marking roots
[21.135s][info][gc          ] GC(27) Concurrent marking roots 0.727ms
[21.135s][info][gc,start    ] GC(27) Concurrent marking (unload classes)
[21.135s][info][gc,task     ] GC(27) Using 1 of 3 workers for concurrent marking
[21.140s][info][gc          ] GC(27) Concurrent marking (unload classes) 4.175ms
[21.140s][info][gc,start    ] GC(27) Pause Final Mark (unload classes)
[21.140s][info][gc,task     ] GC(27) Using 3 of 3 workers for final marking
[21.140s][info][gc,ergo     ] GC(27) Collectable Garbage: 726M (98%), Immediate: 726M (98%), CSet: 0B (0%)
[21.140s][info][gc          ] GC(27) Pause Final Mark (unload classes) 0.338ms
[21.140s][info][gc,start    ] GC(27) Concurrent weak references
[21.140s][info][gc,task     ] GC(27) Using 1 of 3 workers for concurrent weak references
[21.140s][info][gc,ref      ] GC(27) Encountered references: Soft: 178, Weak: 680, Final: 0, Phantom: 63
[21.140s][info][gc,ref      ] GC(27) Discovered  references: Soft: 127, Weak: 165, Final: 0, Phantom: 61
[21.140s][info][gc,ref      ] GC(27) Enqueued    references: Soft: 48, Weak: 0, Final: 0, Phantom: 0
[21.140s][info][gc          ] GC(27) Concurrent weak references 0.227ms
[21.140s][info][gc,start    ] GC(27) Concurrent weak roots
[21.140s][info][gc,task     ] GC(27) Using 1 of 3 workers for concurrent weak root
[21.141s][info][gc          ] GC(27) Concurrent weak roots 0.847ms
[21.141s][info][gc,start    ] GC(27) Concurrent cleanup
[21.141s][info][gc          ] GC(27) Concurrent cleanup 740M->14M(2048M) 0.060ms
[21.141s][info][gc,ergo     ] GC(27) Free: 1930M, Max: 1024K regular, 1003M humongous, Frag: 49% external, 0% internal; Reserve: 103M, Max: 1024K
[21.141s][info][gc,start    ] GC(27) Concurrent class unloading
[21.141s][info][gc,task     ] GC(27) Using 1 of 3 workers for concurrent class unloading
[21.145s][info][gc          ] GC(27) Concurrent class unloading 3.571ms
[21.145s][info][gc,start    ] GC(27) Pause Final Roots
[21.145s][info][gc          ] GC(27) Pause Final Roots 0.037ms
[21.145s][info][gc,ergo     ] Free: 1930M, Max: 1024K regular, 1003M humongous, Frag: 49% external, 0% internal; Reserve: 103M, Max: 1024K
[21.145s][info][gc,stats    ] 
[21.145s][info][gc,stats    ] All times are wall-clock times, except per-root-class counters, that are sum over
[21.145s][info][gc,stats    ] all workers. Dividing the <total> over the root stage time estimates parallelism.
[21.145s][info][gc,stats    ] 
[21.145s][info][gc,stats    ] Concurrent Reset                   2343 us
[21.145s][info][gc,stats    ] Pause Init Mark (G)                 273 us
[21.145s][info][gc,stats    ] Pause Init Mark (N)                 176 us
[21.145s][info][gc,stats    ]   Update Region States               65 us
[21.145s][info][gc,stats    ] Concurrent Mark Roots               749 us, parallelism: 0.81x
[21.145s][info][gc,stats    ]   CMR: <total>                      609 us
[21.145s][info][gc,stats    ]   CMR: Thread Roots                 567 us, workers (us): 567, ---, ---, 
[21.145s][info][gc,stats    ]   CMR: VM Strong Roots                5 us, workers (us):   5, ---, ---, 
[21.145s][info][gc,stats    ]   CMR: CLDG Roots                    36 us, workers (us):  36, ---, ---, 
[21.145s][info][gc,stats    ] Concurrent Marking                 4243 us
[21.145s][info][gc,stats    ] Pause Final Mark (G)                426 us
[21.145s][info][gc,stats    ] Pause Final Mark (N)                359 us
[21.145s][info][gc,stats    ]   Finish Mark                       109 us
[21.145s][info][gc,stats    ]   Update Region States               64 us
[21.145s][info][gc,stats    ]   Choose Collection Set              85 us
[21.145s][info][gc,stats    ]   Rebuild Free Set                   25 us
[21.146s][info][gc,stats    ] Concurrent Weak References          244 us, parallelism: 0.07x
[21.146s][info][gc,stats    ]   CWRF: <total>                      18 us
[21.146s][info][gc,stats    ]   CWRF: Weak References              18 us, workers (us):  18, ---, ---, 
[21.146s][info][gc,stats    ] Concurrent Weak Roots               878 us
[21.146s][info][gc,stats    ]   Roots                             761 us, parallelism: 0.91x
[21.146s][info][gc,stats    ]     CWR: <total>                    696 us
[21.146s][info][gc,stats    ]     CWR: Code Cache Roots           616 us, workers (us): 616, ---, ---, 
[21.146s][info][gc,stats    ]     CWR: VM Weak Roots               74 us, workers (us):  74, ---, ---, 
[21.146s][info][gc,stats    ]     CWR: CLDG Roots                   6 us, workers (us):   6, ---, ---, 
[21.146s][info][gc,stats    ]   Rendezvous                         52 us
[21.146s][info][gc,stats    ] Concurrent Cleanup                   68 us
[21.146s][info][gc,stats    ] Concurrent Class Unloading         3620 us
[21.146s][info][gc,stats    ]   Unlink Stale                     3192 us
[21.146s][info][gc,stats    ]     System Dictionary                 6 us
[21.146s][info][gc,stats    ]     Weak Class Links                  0 us
[21.146s][info][gc,stats    ]     Code Roots                     3185 us
[21.146s][info][gc,stats    ]   Rendezvous                         45 us
[21.146s][info][gc,stats    ]   Purge Unlinked                    315 us
[21.146s][info][gc,stats    ]     Code Roots                      302 us
[21.146s][info][gc,stats    ]     CLDG                             13 us
[21.146s][info][gc,stats    ]     Exception Caches                  0 us
[21.146s][info][gc,stats    ] Pause Final Roots (G)               132 us
[21.146s][info][gc,stats    ] Pause Final Roots (N)                53 us
[21.146s][info][gc,stats    ] 
[21.146s][info][gc,stats    ] Allocation pacing accrued:
[21.146s][info][gc,stats    ]       0 of    20 ms (  0.0%): <total>
[21.146s][info][gc,stats    ]       0 of    20 ms (  0.0%): <average total>
[21.146s][info][gc,stats    ] 
[21.146s][info][gc,metaspace] Metaspace: 15856K(16128K)->15856K(16128K) NonClass: 13687K(13824K)->13687K(13824K) Class: 2168K(2304K)->2168K(2304K)
[21.146s][info][gc,ergo     ] Pacer for Idle. Initial: 41943K, Alloc Tax Rate: 1.0x
[21.682s][info][gc          ] Trigger: Learning 2 of 5. Free (1415M) is below initial threshold (1433M)
[21.682s][info][gc,ergo     ] Free: 1415M, Max: 1024K regular, 1003M humongous, Frag: 30% external, 0% internal; Reserve: 103M, Max: 1024K
[21.682s][info][gc,start    ] GC(28) Concurrent reset
[21.682s][info][gc,task     ] GC(28) Using 1 of 3 workers for concurrent reset
[21.682s][info][gc,ergo     ] GC(28) Pacer for Reset. Non-Taxable: 2048M
[21.683s][info][gc          ] GC(28) Concurrent reset 0.396ms
[21.683s][info][gc,start    ] GC(28) Pause Init Mark (unload classes)
[21.683s][info][gc,task     ] GC(28) Using 3 of 3 workers for init marking
[21.683s][info][gc,ergo     ] GC(28) Pacer for Mark. Expected Live: 82027K, Free: 1415M, Non-Taxable: 141M, Alloc Tax Rate: 0.1x
[21.683s][info][gc          ] GC(28) Pause Init Mark (unload classes) 0.218ms
[21.683s][info][gc,start    ] GC(28) Concurrent marking roots
[21.683s][info][gc,task     ] GC(28) Using 1 of 3 workers for concurrent marking roots
[21.683s][info][gc          ] GC(28) Concurrent marking roots 0.428ms
[21.683s][info][gc,start    ] GC(28) Concurrent marking (unload classes)
[21.683s][info][gc,task     ] GC(28) Using 1 of 3 workers for concurrent marking
[22.012s][info][gc          ] GC(28) Concurrent marking (unload classes) 328.542ms
[22.012s][info][gc,start    ] GC(28) Pause Final Mark (unload classes)
[22.012s][info][gc,task     ] GC(28) Using 3 of 3 workers for final marking
[22.012s][info][gc,ergo     ] GC(28) Adaptive CSet Selection. Target Free: 290M, Actual Free: 1249M, Max CSet: 87381K, Min Garbage: 0B
[22.012s][info][gc,ergo     ] GC(28) Collectable Garbage: 197M (61%), Immediate: 29760K (9%), CSet: 168M (52%)
[22.012s][info][gc,ergo     ] GC(28) Pacer for Evacuation. Used CSet: 254M, Free: 1158M, Non-Taxable: 115M, Alloc Tax Rate: 1.1x
[22.012s][info][gc          ] GC(28) Pause Final Mark (unload classes) 0.260ms
[22.026s][info][gc,start    ] GC(28) Concurrent thread roots
[22.026s][info][gc,task     ] GC(28) Using 1 of 3 workers for Concurrent thread roots
[22.026s][info][gc          ] GC(28) Concurrent thread roots 0.624ms
[22.026s][info][gc,start    ] GC(28) Concurrent weak references
[22.026s][info][gc,task     ] GC(28) Using 1 of 3 workers for concurrent weak references
[22.027s][info][gc,ref      ] GC(28) Encountered references: Soft: 133, Weak: 681, Final: 0, Phantom: 63
[22.027s][info][gc,ref      ] GC(28) Discovered  references: Soft: 0, Weak: 152, Final: 0, Phantom: 26
[22.027s][info][gc,ref      ] GC(28) Enqueued    references: Soft: 0, Weak: 0, Final: 0, Phantom: 0
[22.027s][info][gc          ] GC(28) Concurrent weak references 0.068ms
[22.027s][info][gc,start    ] GC(28) Concurrent weak roots
[22.027s][info][gc,task     ] GC(28) Using 1 of 3 workers for concurrent weak root
[22.042s][info][gc          ] GC(28) Concurrent weak roots 15.373ms
[22.042s][info][gc,start    ] GC(28) Concurrent cleanup
[22.042s][info][gc          ] GC(28) Concurrent cleanup 820M->791M(2048M) 0.036ms
[22.042s][info][gc,ergo     ] GC(28) Free: 1138M, Max: 1024K regular, 1003M humongous, Frag: 12% external, 0% internal; Reserve: 91136K, Max: 1024K
[22.042s][info][gc,start    ] GC(28) Concurrent class unloading
[22.042s][info][gc,task     ] GC(28) Using 1 of 3 workers for concurrent class unloading
[22.058s][info][gc          ] GC(28) Concurrent class unloading 15.794ms
[22.058s][info][gc,start    ] GC(28) Concurrent strong roots
[22.058s][info][gc,task     ] GC(28) Using 1 of 3 workers for concurrent strong root
[22.058s][info][gc          ] GC(28) Concurrent strong roots 0.083ms
[22.058s][info][gc,start    ] GC(28) Concurrent evacuation
[22.058s][info][gc,task     ] GC(28) Using 1 of 3 workers for concurrent evacuation
[22.131s][info][gc          ] GC(28) Concurrent evacuation 73.470ms
[22.132s][info][gc,start    ] GC(28) Pause Init Update Refs
[22.132s][info][gc,ergo     ] GC(28) Pacer for Update Refs. Used: 945M, Free: 1052M, Non-Taxable: 105M, Alloc Tax Rate: 1.1x
[22.132s][info][gc          ] GC(28) Pause Init Update Refs 0.038ms
[22.132s][info][gc,start    ] GC(28) Concurrent update references
[22.132s][info][gc,task     ] GC(28) Using 1 of 3 workers for concurrent reference update
[22.565s][info][gc          ] GC(28) Concurrent update references 433.023ms
[22.565s][info][gc,start    ] GC(28) Concurrent update thread roots
[22.565s][info][gc          ] GC(28) Concurrent update thread roots 0.379ms
[22.565s][info][gc,start    ] GC(28) Pause Final Update Refs
[22.565s][info][gc,task     ] GC(28) Using 3 of 3 workers for final reference update
[22.566s][info][gc          ] GC(28) Pause Final Update Refs 0.395ms
[22.566s][info][gc,start    ] GC(28) Concurrent cleanup
[22.566s][info][gc          ] GC(28) Concurrent cleanup 992M->738M(2048M) 0.077ms
[22.566s][info][gc,ergo     ] Free: 1171M, Max: 1024K regular, 920M humongous, Frag: 22% external, 0% internal; Reserve: 103M, Max: 1024K
[22.566s][info][gc,stats    ] 
[22.566s][info][gc,stats    ] All times are wall-clock times, except per-root-class counters, that are sum over
[22.566s][info][gc,stats    ] all workers. Dividing the <total> over the root stage time estimates parallelism.
[22.566s][info][gc,stats    ] 
[22.566s][info][gc,stats    ] Concurrent Reset                    433 us
[22.566s][info][gc,stats    ] Pause Init Mark (G)                 370 us
[22.566s][info][gc,stats    ] Pause Init Mark (N)                 235 us
[22.566s][info][gc,stats    ]   Update Region States               94 us
[22.566s][info][gc,stats    ] Concurrent Mark Roots               447 us, parallelism: 0.77x
[22.566s][info][gc,stats    ]   CMR: <total>                      344 us
[22.566s][info][gc,stats    ]   CMR: Thread Roots                 305 us, workers (us): 305, ---, ---, 
[22.566s][info][gc,stats    ]   CMR: VM Strong Roots                4 us, workers (us):   4, ---, ---, 
[22.566s][info][gc,stats    ]   CMR: CLDG Roots                    35 us, workers (us):  35, ---, ---, 
[22.566s][info][gc,stats    ] Concurrent Marking               328594 us
[22.566s][info][gc,stats    ] Pause Final Mark (G)              13734 us
[22.566s][info][gc,stats    ] Pause Final Mark (N)                268 us
[22.566s][info][gc,stats    ]   Finish Mark                        37 us
[22.566s][info][gc,stats    ]   Update Region States               27 us
[22.566s][info][gc,stats    ]   Choose Collection Set              90 us
[22.566s][info][gc,stats    ]   Rebuild Free Set                    9 us
[22.566s][info][gc,stats    ] Concurrent Thread Roots             647 us, parallelism: 0.80x
[22.566s][info][gc,stats    ]   CTR: <total>                      515 us
[22.566s][info][gc,stats    ]   CTR: Thread Roots                 515 us, workers (us): 515, ---, ---, 
[22.566s][info][gc,stats    ] Concurrent Weak References           75 us, parallelism: 0.18x
[22.566s][info][gc,stats    ]   CWRF: <total>                      14 us
[22.566s][info][gc,stats    ]   CWRF: Weak References              14 us, workers (us):  14, ---, ---, 
[22.566s][info][gc,stats    ] Concurrent Weak Roots             15438 us
[22.566s][info][gc,stats    ]   Roots                             937 us, parallelism: 0.96x
[22.566s][info][gc,stats    ]     CWR: <total>                    896 us
[22.566s][info][gc,stats    ]     CWR: Code Cache Roots           807 us, workers (us): 807, ---, ---, 
[22.566s][info][gc,stats    ]     CWR: VM Weak Roots               82 us, workers (us):  82, ---, ---, 
[22.566s][info][gc,stats    ]     CWR: CLDG Roots                   8 us, workers (us):   8, ---, ---, 
[22.566s][info][gc,stats    ]   Rendezvous                      14418 us
[22.566s][info][gc,stats    ] Concurrent Cleanup                   45 us
[22.566s][info][gc,stats    ] Concurrent Class Unloading        15855 us
[22.566s][info][gc,stats    ]   Unlink Stale                     3543 us
[22.566s][info][gc,stats    ]     System Dictionary                 8 us
[22.566s][info][gc,stats    ]     Weak Class Links                  0 us
[22.566s][info][gc,stats    ]     Code Roots                     3533 us
[22.566s][info][gc,stats    ]   Rendezvous                      11954 us
[22.566s][info][gc,stats    ]   Purge Unlinked                    276 us
[22.566s][info][gc,stats    ]     Code Roots                      269 us
[22.566s][info][gc,stats    ]     CLDG                              7 us
[22.566s][info][gc,stats    ]     Exception Caches                  0 us
[22.566s][info][gc,stats    ] Concurrent Strong Roots              91 us, parallelism: 0.42x
[22.566s][info][gc,stats    ]   CSR: <total>                       38 us
[22.566s][info][gc,stats    ]   CSR: VM Strong Roots                4 us, workers (us):   4, ---, ---, 
[22.566s][info][gc,stats    ]   CSR: CLDG Roots                    34 us, workers (us):  34, ---, ---, 
[22.566s][info][gc,stats    ] Concurrent Evacuation             73596 us
[22.566s][info][gc,stats    ] Pause Init Update Refs (G)          178 us
[22.566s][info][gc,stats    ] Pause Init Update Refs (N)           47 us
[22.566s][info][gc,stats    ]   Manage GCLABs                       4 us
[22.566s][info][gc,stats    ] Concurrent Update Refs           433080 us
[22.566s][info][gc,stats    ] Concurrent Update Thread Roots      416 us
[22.566s][info][gc,stats    ] Pause Final Update Refs (G)         467 us
[22.566s][info][gc,stats    ] Pause Final Update Refs (N)         407 us
[22.566s][info][gc,stats    ]   Update Region States              312 us
[22.566s][info][gc,stats    ]   Trash Collection Set                9 us
[22.566s][info][gc,stats    ]   Rebuild Free Set                   19 us
[22.566s][info][gc,stats    ] Concurrent Cleanup                   94 us
[22.566s][info][gc,stats    ] 
[22.566s][info][gc,stats    ] Allocation pacing accrued:
[22.566s][info][gc,stats    ]       0 of  1420 ms (  0.0%): <total>
[22.566s][info][gc,stats    ]       0 of  1420 ms (  0.0%): <average total>
[22.566s][info][gc,stats    ] 
[22.566s][info][gc,metaspace] Metaspace: 15856K(16128K)->15856K(16128K) NonClass: 13687K(13824K)->13687K(13824K) Class: 2168K(2304K)->2168K(2304K)
[22.566s][info][gc,ergo     ] Pacer for Idle. Initial: 41943K, Alloc Tax Rate: 1.0x
[22.583s][info][gc          ] Trigger: Explicit GC request (System.gc())
[22.583s][info][gc,ergo     ] Free: 1171M, Max: 1024K regular, 920M humongous, Frag: 22% external, 0% internal; Reserve: 103M, Max: 1024K
[22.583s][info][gc,start    ] GC(29) Concurrent reset
[22.583s][info][gc,task     ] GC(29) Using 1 of 3 workers for concurrent reset
[22.583s][info][gc,ergo     ] GC(29) Pacer for Reset. Non-Taxable: 2048M
[22.586s][info][gc          ] GC(29) Concurrent reset 3.093ms
[22.586s][info][gc,start    ] GC(29) Pause Init Mark (unload classes)
[22.586s][info][gc,task     ] GC(29) Using 3 of 3 workers for init marking
[22.586s][info][gc,ref      ] GC(29) Clearing All SoftReferences
[22.586s][info][gc,ergo     ] GC(29) Pacer for Mark. Expected Live: 117M, Free: 1171M, Non-Taxable: 117M, Alloc Tax Rate: 0.1x
[22.587s][info][gc          ] GC(29) Pause Init Mark (unload classes) 0.194ms
[22.587s][info][gc,start    ] GC(29) Concurrent marking roots
[22.587s][info][gc,task     ] GC(29) Using 1 of 3 workers for concurrent marking roots
[22.587s][info][gc          ] GC(29) Concurrent marking roots 0.805ms
[22.587s][info][gc,start    ] GC(29) Concurrent marking (unload classes)
[22.587s][info][gc,task     ] GC(29) Using 1 of 3 workers for concurrent marking
[22.592s][info][gc          ] GC(29) Concurrent marking (unload classes) 4.459ms
[22.592s][info][gc,start    ] GC(29) Pause Final Mark (unload classes)
[22.592s][info][gc,task     ] GC(29) Using 3 of 3 workers for final marking
[22.592s][info][gc,ergo     ] GC(29) Collectable Garbage: 725M (98%), Immediate: 725M (98%), CSet: 0B (0%)
[22.592s][info][gc          ] GC(29) Pause Final Mark (unload classes) 0.354ms
[22.592s][info][gc,start    ] GC(29) Concurrent weak references
[22.592s][info][gc,task     ] GC(29) Using 1 of 3 workers for concurrent weak references
[22.592s][info][gc,ref      ] GC(29) Encountered references: Soft: 178, Weak: 680, Final: 0, Phantom: 63
[22.593s][info][gc,ref      ] GC(29) Discovered  references: Soft: 127, Weak: 165, Final: 0, Phantom: 61
[22.593s][info][gc,ref      ] GC(29) Enqueued    references: Soft: 48, Weak: 0, Final: 0, Phantom: 0
[22.593s][info][gc          ] GC(29) Concurrent weak references 0.180ms
[22.593s][info][gc,start    ] GC(29) Concurrent weak roots
[22.593s][info][gc,task     ] GC(29) Using 1 of 3 workers for concurrent weak root
[22.593s][info][gc          ] GC(29) Concurrent weak roots 0.840ms
[22.593s][info][gc,start    ] GC(29) Concurrent cleanup
[22.594s][info][gc          ] GC(29) Concurrent cleanup 738M->13M(2048M) 0.059ms
[22.594s][info][gc,ergo     ] GC(29) Free: 1931M, Max: 1024K regular, 1004M humongous, Frag: 49% external, 0% internal; Reserve: 103M, Max: 1024K
[22.594s][info][gc,start    ] GC(29) Concurrent class unloading
[22.594s][info][gc,task     ] GC(29) Using 1 of 3 workers for concurrent class unloading
[22.597s][info][gc          ] GC(29) Concurrent class unloading 3.832ms
[22.597s][info][gc,start    ] GC(29) Pause Final Roots
[22.597s][info][gc          ] GC(29) Pause Final Roots 0.044ms
[22.598s][info][gc,ergo     ] Free: 1931M, Max: 1024K regular, 1004M humongous, Frag: 49% external, 0% internal; Reserve: 103M, Max: 1024K
[22.598s][info][gc,stats    ] 
[22.598s][info][gc,stats    ] All times are wall-clock times, except per-root-class counters, that are sum over
[22.598s][info][gc,stats    ] all workers. Dividing the <total> over the root stage time estimates parallelism.
[22.598s][info][gc,stats    ] 
[22.598s][info][gc,stats    ] Concurrent Reset                   3198 us
[22.598s][info][gc,stats    ] Pause Init Mark (G)                 300 us
[22.598s][info][gc,stats    ] Pause Init Mark (N)                 213 us
[22.598s][info][gc,stats    ]   Update Region States               80 us
[22.598s][info][gc,stats    ] Concurrent Mark Roots               830 us, parallelism: 0.80x
[22.598s][info][gc,stats    ]   CMR: <total>                      661 us
[22.598s][info][gc,stats    ]   CMR: Thread Roots                 577 us, workers (us): 577, ---, ---, 
[22.598s][info][gc,stats    ]   CMR: VM Strong Roots                8 us, workers (us):   8, ---, ---, 
[22.598s][info][gc,stats    ]   CMR: CLDG Roots                    76 us, workers (us):  76, ---, ---, 
[22.598s][info][gc,stats    ] Concurrent Marking                 4516 us
[22.598s][info][gc,stats    ] Pause Final Mark (G)                445 us
[22.598s][info][gc,stats    ] Pause Final Mark (N)                375 us
[22.598s][info][gc,stats    ]   Finish Mark                       113 us
[22.598s][info][gc,stats    ]   Update Region States               79 us
[22.598s][info][gc,stats    ]   Choose Collection Set              82 us
[22.598s][info][gc,stats    ]   Rebuild Free Set                   24 us
[22.598s][info][gc,stats    ] Concurrent Weak References          197 us, parallelism: 0.07x
[22.598s][info][gc,stats    ]   CWRF: <total>                      14 us
[22.598s][info][gc,stats    ]   CWRF: Weak References              14 us, workers (us):  14, ---, ---, 
[22.598s][info][gc,stats    ] Concurrent Weak Roots               871 us
[22.598s][info][gc,stats    ]   Roots                             757 us, parallelism: 0.92x
[22.598s][info][gc,stats    ]     CWR: <total>                    693 us
[22.598s][info][gc,stats    ]     CWR: Code Cache Roots           612 us, workers (us): 612, ---, ---, 
[22.598s][info][gc,stats    ]     CWR: VM Weak Roots               76 us, workers (us):  76, ---, ---, 
[22.598s][info][gc,stats    ]     CWR: CLDG Roots                   5 us, workers (us):   5, ---, ---, 
[22.598s][info][gc,stats    ]   Rendezvous                         51 us
[22.598s][info][gc,stats    ] Concurrent Cleanup                   67 us
[22.598s][info][gc,stats    ] Concurrent Class Unloading         3881 us
[22.598s][info][gc,stats    ]   Unlink Stale                     3458 us
[22.598s][info][gc,stats    ]     System Dictionary                 5 us
[22.598s][info][gc,stats    ]     Weak Class Links                  0 us
[22.598s][info][gc,stats    ]     Code Roots                     3451 us
[22.598s][info][gc,stats    ]   Rendezvous                         53 us
[22.598s][info][gc,stats    ]   Purge Unlinked                    303 us
[22.598s][info][gc,stats    ]     Code Roots                      288 us
[22.598s][info][gc,stats    ]     CLDG                             13 us
[22.598s][info][gc,stats    ]     Exception Caches                  0 us
[22.598s][info][gc,stats    ] Pause Final Roots (G)               140 us
[22.598s][info][gc,stats    ] Pause Final Roots (N)                60 us
[22.598s][info][gc,stats    ] 
[22.598s][info][gc,stats    ] Allocation pacing accrued:
[22.598s][info][gc,stats    ]       0 of    32 ms (  0.0%): <total>
[22.598s][info][gc,stats    ]       0 of    32 ms (  0.0%): <average total>
[22.598s][info][gc,stats    ] 
[22.598s][info][gc,metaspace] Metaspace: 15856K(16128K)->15856K(16128K) NonClass: 13687K(13824K)->13687K(13824K) Class: 2168K(2304K)->2168K(2304K)
[22.598s][info][gc,ergo     ] Pacer for Idle. Initial: 41943K, Alloc Tax Rate: 1.0x
[23.132s][info][gc          ] Trigger: Learning 2 of 5. Free (1416M) is below initial threshold (1433M)
[23.133s][info][gc,ergo     ] Free: 1416M, Max: 1024K regular, 1004M humongous, Frag: 30% external, 0% internal; Reserve: 103M, Max: 1024K
[23.133s][info][gc,start    ] GC(30) Concurrent reset
[23.133s][info][gc,task     ] GC(30) Using 1 of 3 workers for concurrent reset
[23.133s][info][gc,ergo     ] GC(30) Pacer for Reset. Non-Taxable: 2048M
[23.133s][info][gc          ] GC(30) Concurrent reset 0.325ms
[23.133s][info][gc,start    ] GC(30) Pause Init Mark (unload classes)
[23.133s][info][gc,task     ] GC(30) Using 3 of 3 workers for init marking
[23.133s][info][gc,ergo     ] GC(30) Pacer for Mark. Expected Live: 81850K, Free: 1415M, Non-Taxable: 141M, Alloc Tax Rate: 0.1x
[23.133s][info][gc          ] GC(30) Pause Init Mark (unload classes) 0.282ms
[23.133s][info][gc,start    ] GC(30) Concurrent marking roots
[23.133s][info][gc,task     ] GC(30) Using 1 of 3 workers for concurrent marking roots
[23.134s][info][gc          ] GC(30) Concurrent marking roots 0.451ms
[23.134s][info][gc,start    ] GC(30) Concurrent marking (unload classes)
[23.134s][info][gc,task     ] GC(30) Using 1 of 3 workers for concurrent marking
[23.463s][info][gc          ] GC(30) Concurrent marking (unload classes) 328.703ms
[23.463s][info][gc,start    ] GC(30) Pause Final Mark (unload classes)
[23.463s][info][gc,task     ] GC(30) Using 3 of 3 workers for final marking
[23.463s][info][gc,ergo     ] GC(30) Adaptive CSet Selection. Target Free: 290M, Actual Free: 1255M, Max CSet: 87381K, Min Garbage: 0B
[23.463s][info][gc,ergo     ] GC(30) Collectable Garbage: 197M (61%), Immediate: 27776K (8%), CSet: 170M (53%)
[23.463s][info][gc,ergo     ] GC(30) Pacer for Evacuation. Used CSet: 256M, Free: 1164M, Non-Taxable: 116M, Alloc Tax Rate: 1.1x
[23.463s][info][gc          ] GC(30) Pause Final Mark (unload classes) 0.225ms
[23.475s][info][gc,start    ] GC(30) Concurrent thread roots
[23.475s][info][gc,task     ] GC(30) Using 1 of 3 workers for Concurrent thread roots
[23.476s][info][gc          ] GC(30) Concurrent thread roots 0.609ms
[23.476s][info][gc,start    ] GC(30) Concurrent weak references
[23.476s][info][gc,task     ] GC(30) Using 1 of 3 workers for concurrent weak references
[23.476s][info][gc,ref      ] GC(30) Encountered references: Soft: 133, Weak: 681, Final: 0, Phantom: 63
[23.476s][info][gc,ref      ] GC(30) Discovered  references: Soft: 0, Weak: 152, Final: 0, Phantom: 26
[23.476s][info][gc,ref      ] GC(30) Enqueued    references: Soft: 0, Weak: 0, Final: 0, Phantom: 0
[23.476s][info][gc          ] GC(30) Concurrent weak references 0.081ms
[23.476s][info][gc,start    ] GC(30) Concurrent weak roots
[23.476s][info][gc,task     ] GC(30) Using 1 of 3 workers for concurrent weak root
[23.479s][info][gc          ] GC(30) Concurrent weak roots 3.369ms
[23.479s][info][gc,start    ] GC(30) Concurrent cleanup
[23.479s][info][gc          ] GC(30) Concurrent cleanup 799M->772M(2048M) 0.038ms
[23.479s][info][gc,ergo     ] GC(30) Free: 1155M, Max: 1024K regular, 1004M humongous, Frag: 14% external, 0% internal; Reserve: 93184K, Max: 1024K
[23.479s][info][gc,start    ] GC(30) Concurrent class unloading
[23.479s][info][gc,task     ] GC(30) Using 1 of 3 workers for concurrent class unloading
[23.491s][info][gc          ] GC(30) Concurrent class unloading 11.664ms
[23.491s][info][gc,start    ] GC(30) Concurrent strong roots
[23.491s][info][gc,task     ] GC(30) Using 1 of 3 workers for concurrent strong root
[23.491s][info][gc          ] GC(30) Concurrent strong roots 0.086ms
[23.491s][info][gc,start    ] GC(30) Concurrent evacuation
[23.491s][info][gc,task     ] GC(30) Using 1 of 3 workers for concurrent evacuation
[23.570s][info][gc          ] GC(30) Concurrent evacuation 79.145ms
[23.571s][info][gc,start    ] GC(30) Pause Init Update Refs
[23.571s][info][gc,ergo     ] GC(30) Pacer for Update Refs. Used: 935M, Free: 1063M, Non-Taxable: 106M, Alloc Tax Rate: 1.1x
[23.571s][info][gc          ] GC(30) Pause Init Update Refs 0.061ms
[23.573s][info][gc,start    ] GC(30) Concurrent update references
[23.573s][info][gc,task     ] GC(30) Using 1 of 3 workers for concurrent reference update
[24.003s][info][gc          ] GC(30) Concurrent update references 430.007ms
[24.003s][info][gc,start    ] GC(30) Concurrent update thread roots
[24.003s][info][gc          ] GC(30) Concurrent update thread roots 0.773ms
[24.003s][info][gc,start    ] GC(30) Pause Final Update Refs
[24.004s][info][gc,task     ] GC(30) Using 3 of 3 workers for final reference update
[24.004s][info][gc          ] GC(30) Pause Final Update Refs 0.196ms
[24.004s][info][gc,start    ] GC(30) Concurrent cleanup
[24.004s][info][gc          ] GC(30) Concurrent cleanup 996M->740M(2048M) 0.051ms
[24.004s][info][gc,ergo     ] Free: 1170M, Max: 1024K regular, 918M humongous, Frag: 22% external, 0% internal; Reserve: 103M, Max: 1024K
[24.004s][info][gc,stats    ] 
[24.004s][info][gc,stats    ] All times are wall-clock times, except per-root-class counters, that are sum over
[24.004s][info][gc,stats    ] all workers. Dividing the <total> over the root stage time estimates parallelism.
[24.004s][info][gc,stats    ] 
[24.004s][info][gc,stats    ] Concurrent Reset                    346 us
[24.004s][info][gc,stats    ] Pause Init Mark (G)                 488 us
[24.004s][info][gc,stats    ] Pause Init Mark (N)                 306 us
[24.004s][info][gc,stats    ]   Update Region States              129 us
[24.004s][info][gc,stats    ] Concurrent Mark Roots               468 us, parallelism: 0.81x
[24.004s][info][gc,stats    ]   CMR: <total>                      381 us
[24.004s][info][gc,stats    ]   CMR: Thread Roots                 340 us, workers (us): 340, ---, ---, 
[24.004s][info][gc,stats    ]   CMR: VM Strong Roots                4 us, workers (us):   4, ---, ---, 
[24.004s][info][gc,stats    ]   CMR: CLDG Roots                    37 us, workers (us):  37, ---, ---, 
[24.004s][info][gc,stats    ] Concurrent Marking               328769 us
[24.004s][info][gc,stats    ] Pause Final Mark (G)              12495 us
[24.004s][info][gc,stats    ] Pause Final Mark (N)                234 us
[24.004s][info][gc,stats    ]   Finish Mark                        46 us
[24.004s][info][gc,stats    ]   Update Region States               31 us
[24.004s][info][gc,stats    ]   Choose Collection Set             105 us
[24.004s][info][gc,stats    ]   Rebuild Free Set                    9 us
[24.004s][info][gc,stats    ] Concurrent Thread Roots             631 us, parallelism: 0.80x
[24.004s][info][gc,stats    ]   CTR: <total>                      502 us
[24.004s][info][gc,stats    ]   CTR: Thread Roots                 502 us, workers (us): 502, ---, ---, 
[24.004s][info][gc,stats    ] Concurrent Weak References           88 us, parallelism: 0.16x
[24.004s][info][gc,stats    ]   CWRF: <total>                      14 us
[24.004s][info][gc,stats    ]   CWRF: Weak References              14 us, workers (us):  14, ---, ---, 
[24.004s][info][gc,stats    ] Concurrent Weak Roots              3420 us
[24.004s][info][gc,stats    ]   Roots                             975 us, parallelism: 0.96x
[24.004s][info][gc,stats    ]     CWR: <total>                    934 us
[24.004s][info][gc,stats    ]     CWR: Code Cache Roots           845 us, workers (us): 845, ---, ---, 
[24.004s][info][gc,stats    ]     CWR: VM Weak Roots               82 us, workers (us):  82, ---, ---, 
[24.004s][info][gc,stats    ]     CWR: CLDG Roots                   7 us, workers (us):   7, ---, ---, 
[24.004s][info][gc,stats    ]   Rendezvous                       2376 us
[24.004s][info][gc,stats    ] Concurrent Cleanup                   47 us
[24.004s][info][gc,stats    ] Concurrent Class Unloading        11725 us
[24.004s][info][gc,stats    ]   Unlink Stale                     3801 us
[24.004s][info][gc,stats    ]     System Dictionary                11 us
[24.004s][info][gc,stats    ]     Weak Class Links                  0 us
[24.004s][info][gc,stats    ]     Code Roots                     3788 us
[24.004s][info][gc,stats    ]   Rendezvous                       7581 us
[24.004s][info][gc,stats    ]   Purge Unlinked                    262 us
[24.004s][info][gc,stats    ]     Code Roots                      258 us
[24.004s][info][gc,stats    ]     CLDG                              4 us
[24.004s][info][gc,stats    ]     Exception Caches                  0 us
[24.004s][info][gc,stats    ] Concurrent Strong Roots              94 us, parallelism: 0.42x
[24.004s][info][gc,stats    ]   CSR: <total>                       40 us
[24.004s][info][gc,stats    ]   CSR: VM Strong Roots                4 us, workers (us):   4, ---, ---, 
[24.004s][info][gc,stats    ]   CSR: CLDG Roots                    35 us, workers (us):  35, ---, ---, 
[24.004s][info][gc,stats    ] Concurrent Evacuation             79214 us
[24.004s][info][gc,stats    ] Pause Init Update Refs (G)         2131 us
[24.004s][info][gc,stats    ] Pause Init Update Refs (N)           69 us
[24.004s][info][gc,stats    ]   Manage GCLABs                       4 us
[24.004s][info][gc,stats    ] Concurrent Update Refs           430088 us
[24.004s][info][gc,stats    ] Concurrent Update Thread Roots      791 us
[24.004s][info][gc,stats    ] Pause Final Update Refs (G)         291 us
[24.004s][info][gc,stats    ] Pause Final Update Refs (N)         233 us
[24.004s][info][gc,stats    ]   Update Region States               88 us
[24.004s][info][gc,stats    ]   Trash Collection Set                9 us
[24.004s][info][gc,stats    ]   Rebuild Free Set                   20 us
[24.004s][info][gc,stats    ] Concurrent Cleanup                   60 us
[24.004s][info][gc,stats    ] 
[24.004s][info][gc,stats    ] Allocation pacing accrued:
[24.004s][info][gc,stats    ]       0 of  1406 ms (  0.0%): <total>
[24.004s][info][gc,stats    ]       0 of  1406 ms (  0.0%): <average total>
[24.004s][info][gc,stats    ] 
[24.004s][info][gc,metaspace] Metaspace: 15856K(16128K)->15857K(16128K) NonClass: 13687K(13824K)->13688K(13824K) Class: 2168K(2304K)->2168K(2304K)
[24.004s][info][gc,ergo     ] Pacer for Idle. Initial: 41943K, Alloc Tax Rate: 1.0x
[24.013s][info][gc          ] Trigger: Explicit GC request (System.gc())
[24.013s][info][gc,ergo     ] Free: 1170M, Max: 1024K regular, 918M humongous, Frag: 22% external, 0% internal; Reserve: 103M, Max: 1024K
[24.013s][info][gc,start    ] GC(31) Concurrent reset
[24.013s][info][gc,task     ] GC(31) Using 1 of 3 workers for concurrent reset
[24.013s][info][gc,ergo     ] GC(31) Pacer for Reset. Non-Taxable: 2048M
[24.015s][info][gc          ] GC(31) Concurrent reset 2.210ms
[24.015s][info][gc,start    ] GC(31) Pause Init Mark (unload classes)
[24.015s][info][gc,task     ] GC(31) Using 3 of 3 workers for init marking
[24.015s][info][gc,ref      ] GC(31) Clearing All SoftReferences
[24.015s][info][gc,ergo     ] GC(31) Pacer for Mark. Expected Live: 117M, Free: 1170M, Non-Taxable: 117M, Alloc Tax Rate: 0.1x
[24.015s][info][gc          ] GC(31) Pause Init Mark (unload classes) 0.152ms
[24.015s][info][gc,start    ] GC(31) Concurrent marking roots
[24.015s][info][gc,task     ] GC(31) Using 1 of 3 workers for concurrent marking roots
[24.016s][info][gc          ] GC(31) Concurrent marking roots 0.596ms
[24.016s][info][gc,start    ] GC(31) Concurrent marking (unload classes)
[24.016s][info][gc,task     ] GC(31) Using 1 of 3 workers for concurrent marking
[24.020s][info][gc          ] GC(31) Concurrent marking (unload classes) 4.079ms
[24.020s][info][gc,start    ] GC(31) Pause Final Mark (unload classes)
[24.020s][info][gc,task     ] GC(31) Using 3 of 3 workers for final marking
[24.020s][info][gc,ergo     ] GC(31) Collectable Garbage: 725M (98%), Immediate: 725M (98%), CSet: 0B (0%)
[24.020s][info][gc          ] GC(31) Pause Final Mark (unload classes) 0.406ms
[24.020s][info][gc,start    ] GC(31) Concurrent weak references
[24.020s][info][gc,task     ] GC(31) Using 1 of 3 workers for concurrent weak references
[24.021s][info][gc,ref      ] GC(31) Encountered references: Soft: 178, Weak: 680, Final: 0, Phantom: 63
[24.021s][info][gc,ref      ] GC(31) Discovered  references: Soft: 127, Weak: 165, Final: 0, Phantom: 61
[24.021s][info][gc,ref      ] GC(31) Enqueued    references: Soft: 48, Weak: 0, Final: 0, Phantom: 0
[24.021s][info][gc          ] GC(31) Concurrent weak references 0.161ms
[24.021s][info][gc,start    ] GC(31) Concurrent weak roots
[24.021s][info][gc,task     ] GC(31) Using 1 of 3 workers for concurrent weak root
[24.021s][info][gc          ] GC(31) Concurrent weak roots 0.854ms
[24.021s][info][gc,start    ] GC(31) Concurrent cleanup
[24.022s][info][gc          ] GC(31) Concurrent cleanup 740M->15M(2048M) 0.052ms
[24.022s][info][gc,ergo     ] GC(31) Free: 1930M, Max: 1024K regular, 1002M humongous, Frag: 49% external, 0% internal; Reserve: 103M, Max: 1024K
[24.022s][info][gc,start    ] GC(31) Concurrent class unloading
[24.022s][info][gc,task     ] GC(31) Using 1 of 3 workers for concurrent class unloading
[24.025s][info][gc          ] GC(31) Concurrent class unloading 3.763ms
[24.025s][info][gc,start    ] GC(31) Pause Final Roots
[24.025s][info][gc          ] GC(31) Pause Final Roots 0.048ms
[24.026s][info][gc,ergo     ] Free: 1930M, Max: 1024K regular, 1002M humongous, Frag: 49% external, 0% internal; Reserve: 103M, Max: 1024K
[24.026s][info][gc,stats    ] 
[24.026s][info][gc,stats    ] All times are wall-clock times, except per-root-class counters, that are sum over
[24.026s][info][gc,stats    ] all workers. Dividing the <total> over the root stage time estimates parallelism.
[24.026s][info][gc,stats    ] 
[24.026s][info][gc,stats    ] Concurrent Reset                   2247 us
[24.026s][info][gc,stats    ] Pause Init Mark (G)                 274 us
[24.026s][info][gc,stats    ] Pause Init Mark (N)                 161 us
[24.026s][info][gc,stats    ]   Update Region States               62 us
[24.026s][info][gc,stats    ] Concurrent Mark Roots               619 us, parallelism: 0.77x
[24.026s][info][gc,stats    ]   CMR: <total>                      477 us
[24.026s][info][gc,stats    ]   CMR: Thread Roots                 437 us, workers (us): 437, ---, ---, 
[24.026s][info][gc,stats    ]   CMR: VM Strong Roots                4 us, workers (us):   4, ---, ---, 
[24.026s][info][gc,stats    ]   CMR: CLDG Roots                    36 us, workers (us):  36, ---, ---, 
[24.026s][info][gc,stats    ] Concurrent Marking                 4128 us
[24.026s][info][gc,stats    ] Pause Final Mark (G)                535 us
[24.026s][info][gc,stats    ] Pause Final Mark (N)                426 us
[24.026s][info][gc,stats    ]   Finish Mark                       122 us
[24.026s][info][gc,stats    ]   Update Region States              109 us
[24.026s][info][gc,stats    ]   Choose Collection Set              76 us
[24.026s][info][gc,stats    ]   Rebuild Free Set                   20 us
[24.026s][info][gc,stats    ] Concurrent Weak References          171 us, parallelism: 0.15x
[24.026s][info][gc,stats    ]   CWRF: <total>                      25 us
[24.026s][info][gc,stats    ]   CWRF: Weak References              25 us, workers (us):  25, ---, ---, 
[24.026s][info][gc,stats    ] Concurrent Weak Roots               871 us
[24.026s][info][gc,stats    ]   Roots                             745 us, parallelism: 0.95x
[24.026s][info][gc,stats    ]     CWR: <total>                    707 us
[24.026s][info][gc,stats    ]     CWR: Code Cache Roots           627 us, workers (us): 627, ---, ---, 
[24.026s][info][gc,stats    ]     CWR: VM Weak Roots               72 us, workers (us):  72, ---, ---, 
[24.026s][info][gc,stats    ]     CWR: CLDG Roots                   7 us, workers (us):   7, ---, ---, 
[24.026s][info][gc,stats    ]   Rendezvous                         94 us
[24.026s][info][gc,stats    ] Concurrent Cleanup                   61 us
[24.026s][info][gc,stats    ] Concurrent Class Unloading         3823 us
[24.026s][info][gc,stats    ]   Unlink Stale                     3426 us
[24.026s][info][gc,stats    ]     System Dictionary                 4 us
[24.026s][info][gc,stats    ]     Weak Class Links                  0 us
[24.026s][info][gc,stats    ]     Code Roots                     3420 us
[24.026s][info][gc,stats    ]   Rendezvous                        149 us
[24.026s][info][gc,stats    ]   Purge Unlinked                    169 us
[24.026s][info][gc,stats    ]     Code Roots                      160 us
[24.026s][info][gc,stats    ]     CLDG                              9 us
[24.026s][info][gc,stats    ]     Exception Caches                  0 us
[24.026s][info][gc,stats    ] Pause Final Roots (G)               169 us
[24.026s][info][gc,stats    ] Pause Final Roots (N)                68 us
[24.026s][info][gc,stats    ] 
[24.026s][info][gc,stats    ] Allocation pacing accrued:
[24.026s][info][gc,stats    ]       0 of    22 ms (  0.0%): <total>
[24.026s][info][gc,stats    ]       0 of    22 ms (  0.0%): <average total>
[24.026s][info][gc,stats    ] 
[24.026s][info][gc,metaspace] Metaspace: 15857K(16128K)->15857K(16128K) NonClass: 13688K(13824K)->13688K(13824K) Class: 2168K(2304K)->2168K(2304K)
[24.026s][info][gc,ergo     ] Pacer for Idle. Initial: 41943K, Alloc Tax Rate: 1.0x
[24.562s][info][gc          ] Trigger: Learning 2 of 5. Free (1416M) is below initial threshold (1433M)
[24.562s][info][gc,ergo     ] Free: 1416M, Max: 1024K regular, 1002M humongous, Frag: 30% external, 0% internal; Reserve: 103M, Max: 1024K
[24.562s][info][gc,start    ] GC(32) Concurrent reset
[24.562s][info][gc,task     ] GC(32) Using 1 of 3 workers for concurrent reset
[24.562s][info][gc,ergo     ] GC(32) Pacer for Reset. Non-Taxable: 2048M
[24.563s][info][gc          ] GC(32) Concurrent reset 0.325ms
[24.563s][info][gc,start    ] GC(32) Pause Init Mark (unload classes)
[24.563s][info][gc,task     ] GC(32) Using 3 of 3 workers for init marking
[24.563s][info][gc,ergo     ] GC(32) Pacer for Mark. Expected Live: 81662K, Free: 1416M, Non-Taxable: 141M, Alloc Tax Rate: 0.1x
[24.563s][info][gc          ] GC(32) Pause Init Mark (unload classes) 0.177ms
[24.563s][info][gc,start    ] GC(32) Concurrent marking roots
[24.563s][info][gc,task     ] GC(32) Using 1 of 3 workers for concurrent marking roots
[24.564s][info][gc          ] GC(32) Concurrent marking roots 0.629ms
[24.564s][info][gc,start    ] GC(32) Concurrent marking (unload classes)
[24.564s][info][gc,task     ] GC(32) Using 1 of 3 workers for concurrent marking
[24.892s][info][gc          ] GC(32) Concurrent marking (unload classes) 328.141ms
[24.892s][info][gc,start    ] GC(32) Pause Final Mark (unload classes)
[24.892s][info][gc,task     ] GC(32) Using 3 of 3 workers for final marking
[24.892s][info][gc,ergo     ] GC(32) Adaptive CSet Selection. Target Free: 290M, Actual Free: 1244M, Max CSet: 87381K, Min Garbage: 0B
[24.892s][info][gc,ergo     ] GC(32) Collectable Garbage: 199M (62%), Immediate: 28032K (8%), CSet: 171M (53%)
[24.892s][info][gc,ergo     ] GC(32) Pacer for Evacuation. Used CSet: 257M, Free: 1152M, Non-Taxable: 115M, Alloc Tax Rate: 1.1x
[24.892s][info][gc          ] GC(32) Pause Final Mark (unload classes) 0.237ms
[24.907s][info][gc,start    ] GC(32) Concurrent thread roots
[24.908s][info][gc,task     ] GC(32) Using 1 of 3 workers for Concurrent thread roots
[24.908s][info][gc          ] GC(32) Concurrent thread roots 0.613ms
[24.908s][info][gc,start    ] GC(32) Concurrent weak references
[24.908s][info][gc,task     ] GC(32) Using 1 of 3 workers for concurrent weak references
[24.908s][info][gc,ref      ] GC(32) Encountered references: Soft: 134, Weak: 682, Final: 0, Phantom: 63
[24.908s][info][gc,ref      ] GC(32) Discovered  references: Soft: 0, Weak: 152, Final: 0, Phantom: 26
[24.908s][info][gc,ref      ] GC(32) Enqueued    references: Soft: 0, Weak: 0, Final: 0, Phantom: 0
[24.908s][info][gc          ] GC(32) Concurrent weak references 0.066ms
[24.908s][info][gc,start    ] GC(32) Concurrent weak roots
[24.908s][info][gc,task     ] GC(32) Using 1 of 3 workers for concurrent weak root
[24.923s][info][gc          ] GC(32) Concurrent weak roots 14.841ms
[24.923s][info][gc,start    ] GC(32) Concurrent cleanup
[24.923s][info][gc          ] GC(32) Concurrent cleanup 821M->794M(2048M) 0.033ms
[24.923s][info][gc,ergo     ] GC(32) Free: 1134M, Max: 1024K regular, 1003M humongous, Frag: 12% external, 0% internal; Reserve: 92160K, Max: 1024K
[24.923s][info][gc,start    ] GC(32) Concurrent class unloading
[24.923s][info][gc,task     ] GC(32) Using 1 of 3 workers for concurrent class unloading
[24.939s][info][gc          ] GC(32) Concurrent class unloading 15.753ms
[24.939s][info][gc,start    ] GC(32) Concurrent strong roots
[24.939s][info][gc,task     ] GC(32) Using 1 of 3 workers for concurrent strong root
[24.939s][info][gc          ] GC(32) Concurrent strong roots 0.082ms
[24.939s][info][gc,start    ] GC(32) Concurrent evacuation
[24.939s][info][gc,task     ] GC(32) Using 1 of 3 workers for concurrent evacuation
[25.015s][info][gc          ] GC(32) Concurrent evacuation 76.010ms
[25.015s][info][gc,start    ] GC(32) Pause Init Update Refs
[25.015s][info][gc,ergo     ] GC(32) Pacer for Update Refs. Used: 943M, Free: 1056M, Non-Taxable: 105M, Alloc Tax Rate: 1.1x
[25.015s][info][gc          ] GC(32) Pause Init Update Refs 0.027ms
[25.017s][info][gc,start    ] GC(32) Concurrent update references
[25.017s][info][gc,task     ] GC(32) Using 1 of 3 workers for concurrent reference update
[25.455s][info][gc          ] GC(32) Concurrent update references 437.752ms
[25.455s][info][gc,start    ] GC(32) Concurrent update thread roots
[25.456s][info][gc          ] GC(32) Concurrent update thread roots 0.794ms
[25.456s][info][gc,start    ] GC(32) Pause Final Update Refs
[25.456s][info][gc,task     ] GC(32) Using 3 of 3 workers for final reference update
[25.456s][info][gc          ] GC(32) Pause Final Update Refs 0.227ms
[25.456s][info][gc,start    ] GC(32) Concurrent cleanup
[25.456s][info][gc          ] GC(32) Concurrent cleanup 996M->739M(2048M) 0.051ms
[25.456s][info][gc,ergo     ] Free: 1170M, Max: 1024K regular, 918M humongous, Frag: 22% external, 0% internal; Reserve: 103M, Max: 1024K
[25.456s][info][gc,stats    ] 
[25.456s][info][gc,stats    ] All times are wall-clock times, except per-root-class counters, that are sum over
[25.456s][info][gc,stats    ] all workers. Dividing the <total> over the root stage time estimates parallelism.
[25.456s][info][gc,stats    ] 
[25.456s][info][gc,stats    ] Concurrent Reset                    349 us
[25.456s][info][gc,stats    ] Pause Init Mark (G)                 336 us
[25.456s][info][gc,stats    ] Pause Init Mark (N)                 186 us
[25.456s][info][gc,stats    ]   Update Region States               69 us
[25.456s][info][gc,stats    ] Concurrent Mark Roots               648 us, parallelism: 0.82x
[25.456s][info][gc,stats    ]   CMR: <total>                      531 us
[25.456s][info][gc,stats    ]   CMR: Thread Roots                 461 us, workers (us): 461, ---, ---, 
[25.456s][info][gc,stats    ]   CMR: VM Strong Roots                6 us, workers (us):   6, ---, ---, 
[25.456s][info][gc,stats    ]   CMR: CLDG Roots                    64 us, workers (us):  64, ---, ---, 
[25.456s][info][gc,stats    ] Concurrent Marking               328212 us
[25.456s][info][gc,stats    ] Pause Final Mark (G)              15584 us
[25.456s][info][gc,stats    ] Pause Final Mark (N)                246 us
[25.456s][info][gc,stats    ]   Finish Mark                        44 us
[25.456s][info][gc,stats    ]   Update Region States               30 us
[25.456s][info][gc,stats    ]   Choose Collection Set              90 us
[25.457s][info][gc,stats    ]   Rebuild Free Set                    9 us
[25.457s][info][gc,stats    ] Concurrent Thread Roots             640 us, parallelism: 0.80x
[25.457s][info][gc,stats    ]   CTR: <total>                      515 us
[25.457s][info][gc,stats    ]   CTR: Thread Roots                 515 us, workers (us): 515, ---, ---, 
[25.457s][info][gc,stats    ] Concurrent Weak References           73 us, parallelism: 0.21x
[25.457s][info][gc,stats    ]   CWRF: <total>                      15 us
[25.457s][info][gc,stats    ]   CWRF: Weak References              15 us, workers (us):  15, ---, ---, 
[25.457s][info][gc,stats    ] Concurrent Weak Roots             14907 us
[25.457s][info][gc,stats    ]   Roots                             979 us, parallelism: 0.95x
[25.457s][info][gc,stats    ]     CWR: <total>                    934 us
[25.457s][info][gc,stats    ]     CWR: Code Cache Roots           836 us, workers (us): 836, ---, ---, 
[25.457s][info][gc,stats    ]     CWR: VM Weak Roots               91 us, workers (us):  91, ---, ---, 
[25.457s][info][gc,stats    ]     CWR: CLDG Roots                   8 us, workers (us):   8, ---, ---, 
[25.457s][info][gc,stats    ]   Rendezvous                      13843 us
[25.457s][info][gc,stats    ] Concurrent Cleanup                   42 us
[25.457s][info][gc,stats    ] Concurrent Class Unloading        15811 us
[25.457s][info][gc,stats    ]   Unlink Stale                     3685 us
[25.457s][info][gc,stats    ]     System Dictionary                10 us
[25.457s][info][gc,stats    ]     Weak Class Links                  0 us
[25.457s][info][gc,stats    ]     Code Roots                     3673 us
[25.457s][info][gc,stats    ]   Rendezvous                      11820 us
[25.457s][info][gc,stats    ]   Purge Unlinked                    218 us
[25.457s][info][gc,stats    ]     Code Roots                      213 us
[25.457s][info][gc,stats    ]     CLDG                              5 us
[25.457s][info][gc,stats    ]     Exception Caches                  0 us
[25.457s][info][gc,stats    ] Concurrent Strong Roots              90 us, parallelism: 0.45x
[25.457s][info][gc,stats    ]   CSR: <total>                       40 us
[25.457s][info][gc,stats    ]   CSR: VM Strong Roots                4 us, workers (us):   4, ---, ---, 
[25.457s][info][gc,stats    ]   CSR: CLDG Roots                    36 us, workers (us):  36, ---, ---, 
[25.457s][info][gc,stats    ] Concurrent Evacuation             76086 us
[25.457s][info][gc,stats    ] Pause Init Update Refs (G)         2122 us
[25.457s][info][gc,stats    ] Pause Init Update Refs (N)           35 us
[25.457s][info][gc,stats    ]   Manage GCLABs                       3 us
[25.457s][info][gc,stats    ] Concurrent Update Refs           437832 us
[25.457s][info][gc,stats    ] Concurrent Update Thread Roots      843 us
[25.457s][info][gc,stats    ] Pause Final Update Refs (G)         353 us
[25.457s][info][gc,stats    ] Pause Final Update Refs (N)         264 us
[25.457s][info][gc,stats    ]   Update Region States              107 us
[25.457s][info][gc,stats    ]   Trash Collection Set               10 us
[25.457s][info][gc,stats    ]   Rebuild Free Set                   20 us
[25.457s][info][gc,stats    ] Concurrent Cleanup                   60 us
[25.457s][info][gc,stats    ] 
[25.457s][info][gc,stats    ] Allocation pacing accrued:
[25.457s][info][gc,stats    ]       0 of  1431 ms (  0.0%): <total>
[25.457s][info][gc,stats    ]       0 of  1431 ms (  0.0%): <average total>
[25.457s][info][gc,stats    ] 
[25.457s][info][gc,metaspace] Metaspace: 15862K(16128K)->15862K(16128K) NonClass: 13693K(13824K)->13693K(13824K) Class: 2169K(2304K)->2169K(2304K)
[25.457s][info][gc,ergo     ] Pacer for Idle. Initial: 41943K, Alloc Tax Rate: 1.0x
[25.466s][info][gc          ] Trigger: Explicit GC request (System.gc())
[25.467s][info][gc,ergo     ] Free: 1170M, Max: 1024K regular, 918M humongous, Frag: 22% external, 0% internal; Reserve: 103M, Max: 1024K
[25.467s][info][gc,start    ] GC(33) Concurrent reset
[25.467s][info][gc,task     ] GC(33) Using 1 of 3 workers for concurrent reset
[25.467s][info][gc,ergo     ] GC(33) Pacer for Reset. Non-Taxable: 2048M
[25.469s][info][gc          ] GC(33) Concurrent reset 2.210ms
[25.469s][info][gc,start    ] GC(33) Pause Init Mark (unload classes)
[25.469s][info][gc,task     ] GC(33) Using 3 of 3 workers for init marking
[25.469s][info][gc,ref      ] GC(33) Clearing All SoftReferences
[25.469s][info][gc,ergo     ] GC(33) Pacer for Mark. Expected Live: 117M, Free: 1170M, Non-Taxable: 117M, Alloc Tax Rate: 0.1x
[25.469s][info][gc          ] GC(33) Pause Init Mark (unload classes) 0.161ms
[25.469s][info][gc,start    ] GC(33) Concurrent marking roots
[25.469s][info][gc,task     ] GC(33) Using 1 of 3 workers for concurrent marking roots
[25.470s][info][gc          ] GC(33) Concurrent marking roots 0.763ms
[25.470s][info][gc,start    ] GC(33) Concurrent marking (unload classes)
[25.470s][info][gc,task     ] GC(33) Using 1 of 3 workers for concurrent marking
[25.474s][info][gc          ] GC(33) Concurrent marking (unload classes) 4.043ms
[25.474s][info][gc,start    ] GC(33) Pause Final Mark (unload classes)
[25.474s][info][gc,task     ] GC(33) Using 3 of 3 workers for final marking
[25.474s][info][gc,ergo     ] GC(33) Collectable Garbage: 727M (98%), Immediate: 727M (98%), CSet: 0B (0%)
[25.474s][info][gc          ] GC(33) Pause Final Mark (unload classes) 0.416ms
[25.474s][info][gc,start    ] GC(33) Concurrent weak references
[25.475s][info][gc,task     ] GC(33) Using 1 of 3 workers for concurrent weak references
[25.475s][info][gc,ref      ] GC(33) Encountered references: Soft: 179, Weak: 681, Final: 0, Phantom: 63
[25.475s][info][gc,ref      ] GC(33) Discovered  references: Soft: 128, Weak: 165, Final: 0, Phantom: 61
[25.475s][info][gc,ref      ] GC(33) Enqueued    references: Soft: 49, Weak: 0, Final: 0, Phantom: 0
[25.475s][info][gc          ] GC(33) Concurrent weak references 0.160ms
[25.475s][info][gc,start    ] GC(33) Concurrent weak roots
[25.475s][info][gc,task     ] GC(33) Using 1 of 3 workers for concurrent weak root
[25.476s][info][gc          ] GC(33) Concurrent weak roots 0.862ms
[25.476s][info][gc,start    ] GC(33) Concurrent cleanup
[25.476s][info][gc          ] GC(33) Concurrent cleanup 739M->12M(2048M) 0.052ms
[25.476s][info][gc,ergo     ] GC(33) Free: 1932M, Max: 1024K regular, 1003M humongous, Frag: 49% external, 0% internal; Reserve: 103M, Max: 1024K
[25.476s][info][gc,start    ] GC(33) Concurrent class unloading
[25.476s][info][gc,task     ] GC(33) Using 1 of 3 workers for concurrent class unloading
[25.479s][info][gc          ] GC(33) Concurrent class unloading 3.687ms
[25.479s][info][gc,start    ] GC(33) Pause Final Roots
[25.479s][info][gc          ] GC(33) Pause Final Roots 0.048ms
[25.480s][info][gc,ergo     ] Free: 1932M, Max: 1024K regular, 1003M humongous, Frag: 49% external, 0% internal; Reserve: 103M, Max: 1024K
[25.480s][info][gc,stats    ] 
[25.480s][info][gc,stats    ] All times are wall-clock times, except per-root-class counters, that are sum over
[25.480s][info][gc,stats    ] all workers. Dividing the <total> over the root stage time estimates parallelism.
[25.480s][info][gc,stats    ] 
[25.480s][info][gc,stats    ] Concurrent Reset                   2247 us
[25.480s][info][gc,stats    ] Pause Init Mark (G)                 278 us
[25.480s][info][gc,stats    ] Pause Init Mark (N)                 170 us
[25.480s][info][gc,stats    ]   Update Region States               61 us
[25.480s][info][gc,stats    ] Concurrent Mark Roots               790 us, parallelism: 0.82x
[25.480s][info][gc,stats    ]   CMR: <total>                      645 us
[25.480s][info][gc,stats    ]   CMR: Thread Roots                 570 us, workers (us): 570, ---, ---, 
[25.480s][info][gc,stats    ]   CMR: VM Strong Roots                7 us, workers (us):   7, ---, ---, 
[25.480s][info][gc,stats    ]   CMR: CLDG Roots                    69 us, workers (us):  69, ---, ---, 
[25.480s][info][gc,stats    ] Concurrent Marking                 4092 us
[25.480s][info][gc,stats    ] Pause Final Mark (G)                526 us
[25.480s][info][gc,stats    ] Pause Final Mark (N)                436 us
[25.480s][info][gc,stats    ]   Finish Mark                       122 us
[25.480s][info][gc,stats    ]   Update Region States              110 us
[25.480s][info][gc,stats    ]   Choose Collection Set              76 us
[25.480s][info][gc,stats    ]   Rebuild Free Set                   19 us
[25.480s][info][gc,stats    ] Concurrent Weak References          168 us, parallelism: 0.16x
[25.480s][info][gc,stats    ]   CWRF: <total>                      26 us
[25.480s][info][gc,stats    ]   CWRF: Weak References              26 us, workers (us):  26, ---, ---, 
[25.480s][info][gc,stats    ] Concurrent Weak Roots               879 us
[25.480s][info][gc,stats    ]   Roots                             750 us, parallelism: 0.95x
[25.480s][info][gc,stats    ]     CWR: <total>                    712 us
[25.480s][info][gc,stats    ]     CWR: Code Cache Roots           636 us, workers (us): 636, ---, ---, 
[25.480s][info][gc,stats    ]     CWR: VM Weak Roots               71 us, workers (us):  71, ---, ---, 
[25.480s][info][gc,stats    ]     CWR: CLDG Roots                   5 us, workers (us):   5, ---, ---, 
[25.480s][info][gc,stats    ]   Rendezvous                         96 us
[25.480s][info][gc,stats    ] Concurrent Cleanup                   60 us
[25.480s][info][gc,stats    ] Concurrent Class Unloading         3746 us
[25.480s][info][gc,stats    ]   Unlink Stale                     3388 us
[25.480s][info][gc,stats    ]     System Dictionary                 4 us
[25.480s][info][gc,stats    ]     Weak Class Links                  0 us
[25.480s][info][gc,stats    ]     Code Roots                     3382 us
[25.480s][info][gc,stats    ]   Rendezvous                        105 us
[25.480s][info][gc,stats    ]   Purge Unlinked                    175 us
[25.480s][info][gc,stats    ]     Code Roots                      165 us
[25.480s][info][gc,stats    ]     CLDG                              9 us
[25.480s][info][gc,stats    ]     Exception Caches                  0 us
[25.480s][info][gc,stats    ] Pause Final Roots (G)               167 us
[25.480s][info][gc,stats    ] Pause Final Roots (N)                66 us
[25.480s][info][gc,stats    ] 
[25.480s][info][gc,stats    ] Allocation pacing accrued:
[25.480s][info][gc,stats    ]       0 of    23 ms (  0.0%): <total>
[25.480s][info][gc,stats    ]       0 of    23 ms (  0.0%): <average total>
[25.480s][info][gc,stats    ] 
[25.480s][info][gc,metaspace] Metaspace: 15862K(16128K)->15862K(16128K) NonClass: 13693K(13824K)->13693K(13824K) Class: 2169K(2304K)->2169K(2304K)
[25.480s][info][gc,ergo     ] Pacer for Idle. Initial: 41943K, Alloc Tax Rate: 1.0x
[26.016s][info][gc          ] Trigger: Learning 2 of 5. Free (1414M) is below initial threshold (1433M)
[26.016s][info][gc,ergo     ] Free: 1414M, Max: 1024K regular, 1003M humongous, Frag: 30% external, 0% internal; Reserve: 103M, Max: 1024K
[26.016s][info][gc,start    ] GC(34) Concurrent reset
[26.016s][info][gc,task     ] GC(34) Using 1 of 3 workers for concurrent reset
[26.016s][info][gc,ergo     ] GC(34) Pacer for Reset. Non-Taxable: 2048M
[26.016s][info][gc          ] GC(34) Concurrent reset 0.349ms
[26.016s][info][gc,start    ] GC(34) Pause Init Mark (unload classes)
[26.016s][info][gc,task     ] GC(34) Using 3 of 3 workers for init marking
[26.016s][info][gc,ergo     ] GC(34) Pacer for Mark. Expected Live: 81632K, Free: 1413M, Non-Taxable: 141M, Alloc Tax Rate: 0.1x
[26.016s][info][gc          ] GC(34) Pause Init Mark (unload classes) 0.198ms
[26.017s][info][gc,start    ] GC(34) Concurrent marking roots
[26.017s][info][gc,task     ] GC(34) Using 1 of 3 workers for concurrent marking roots
[26.017s][info][gc          ] GC(34) Concurrent marking roots 0.479ms
[26.017s][info][gc,start    ] GC(34) Concurrent marking (unload classes)
[26.017s][info][gc,task     ] GC(34) Using 1 of 3 workers for concurrent marking
[26.360s][info][gc          ] GC(34) Concurrent marking (unload classes) 343.381ms
[26.361s][info][gc,start    ] GC(34) Pause Final Mark (unload classes)
[26.361s][info][gc,task     ] GC(34) Using 3 of 3 workers for final marking
[26.361s][info][gc,ergo     ] GC(34) Adaptive CSet Selection. Target Free: 290M, Actual Free: 1220M, Max CSet: 87381K, Min Garbage: 0B
[26.361s][info][gc,ergo     ] GC(34) Collectable Garbage: 197M (61%), Immediate: 28319K (8%), CSet: 169M (52%)
[26.361s][info][gc,ergo     ] GC(34) Pacer for Evacuation. Used CSet: 255M, Free: 1130M, Non-Taxable: 113M, Alloc Tax Rate: 1.1x
[26.361s][info][gc          ] GC(34) Pause Final Mark (unload classes) 0.294ms
[26.370s][info][gc,start    ] GC(34) Concurrent thread roots
[26.370s][info][gc,task     ] GC(34) Using 1 of 3 workers for Concurrent thread roots
[26.371s][info][gc          ] GC(34) Concurrent thread roots 0.647ms
[26.371s][info][gc,start    ] GC(34) Concurrent weak references
[26.371s][info][gc,task     ] GC(34) Using 1 of 3 workers for concurrent weak references
[26.371s][info][gc,ref      ] GC(34) Encountered references: Soft: 133, Weak: 682, Final: 0, Phantom: 63
[26.371s][info][gc,ref      ] GC(34) Discovered  references: Soft: 0, Weak: 152, Final: 0, Phantom: 26
[26.371s][info][gc,ref      ] GC(34) Enqueued    references: Soft: 0, Weak: 0, Final: 0, Phantom: 0
[26.371s][info][gc          ] GC(34) Concurrent weak references 0.072ms
[26.371s][info][gc,start    ] GC(34) Concurrent weak roots
[26.371s][info][gc,task     ] GC(34) Using 1 of 3 workers for concurrent weak root
[26.374s][info][gc          ] GC(34) Concurrent weak roots 3.564ms
[26.374s][info][gc,start    ] GC(34) Concurrent cleanup
[26.374s][info][gc          ] GC(34) Concurrent cleanup 826M->799M(2048M) 0.036ms
[26.374s][info][gc,ergo     ] GC(34) Free: 1125M, Max: 1024K regular, 1087M humongous, Frag: 4% external, 0% internal; Reserve: 95232K, Max: 1024K
[26.374s][info][gc,start    ] GC(34) Concurrent class unloading
[26.374s][info][gc,task     ] GC(34) Using 1 of 3 workers for concurrent class unloading
[26.386s][info][gc          ] GC(34) Concurrent class unloading 11.493ms
[26.386s][info][gc,start    ] GC(34) Concurrent strong roots
[26.386s][info][gc,task     ] GC(34) Using 1 of 3 workers for concurrent strong root
[26.386s][info][gc          ] GC(34) Concurrent strong roots 0.086ms
[26.386s][info][gc,start    ] GC(34) Concurrent evacuation
[26.386s][info][gc,task     ] GC(34) Using 1 of 3 workers for concurrent evacuation
[26.464s][info][gc          ] GC(34) Concurrent evacuation 78.173ms
[26.464s][info][gc,start    ] GC(34) Pause Init Update Refs
[26.465s][info][gc,ergo     ] GC(34) Pacer for Update Refs. Used: 943M, Free: 1054M, Non-Taxable: 105M, Alloc Tax Rate: 1.1x
[26.465s][info][gc          ] GC(34) Pause Init Update Refs 0.047ms
[26.465s][info][gc,start    ] GC(34) Concurrent update references
[26.465s][info][gc,task     ] GC(34) Using 1 of 3 workers for concurrent reference update
[26.920s][info][gc          ] GC(34) Concurrent update references 455.247ms
[26.920s][info][gc,start    ] GC(34) Concurrent update thread roots
[26.921s][info][gc          ] GC(34) Concurrent update thread roots 0.906ms
[26.921s][info][gc,start    ] GC(34) Pause Final Update Refs
[26.921s][info][gc,task     ] GC(34) Using 3 of 3 workers for final reference update
[26.921s][info][gc          ] GC(34) Pause Final Update Refs 0.275ms
[26.921s][info][gc,start    ] GC(34) Concurrent cleanup
[26.921s][info][gc          ] GC(34) Concurrent cleanup 993M->738M(2048M) 0.046ms
[26.921s][info][gc,ergo     ] Free: 1171M, Max: 1024K regular, 920M humongous, Frag: 22% external, 0% internal; Reserve: 103M, Max: 1024K
[26.921s][info][gc,stats    ] 
[26.921s][info][gc,stats    ] All times are wall-clock times, except per-root-class counters, that are sum over
[26.921s][info][gc,stats    ] all workers. Dividing the <total> over the root stage time estimates parallelism.
[26.921s][info][gc,stats    ] 
[26.921s][info][gc,stats    ] Concurrent Reset                    387 us
[26.921s][info][gc,stats    ] Pause Init Mark (G)                 380 us
[26.921s][info][gc,stats    ] Pause Init Mark (N)                 215 us
[26.921s][info][gc,stats    ]   Update Region States               78 us
[26.921s][info][gc,stats    ] Concurrent Mark Roots               516 us, parallelism: 0.67x
[26.921s][info][gc,stats    ]   CMR: <total>                      345 us
[26.921s][info][gc,stats    ]   CMR: Thread Roots                 304 us, workers (us): 304, ---, ---, 
[26.921s][info][gc,stats    ]   CMR: VM Strong Roots                4 us, workers (us):   4, ---, ---, 
[26.921s][info][gc,stats    ]   CMR: CLDG Roots                    37 us, workers (us):  37, ---, ---, 
[26.921s][info][gc,stats    ] Concurrent Marking               343485 us
[26.921s][info][gc,stats    ] Pause Final Mark (G)               9484 us
[26.922s][info][gc,stats    ] Pause Final Mark (N)                303 us
[26.922s][info][gc,stats    ]   Finish Mark                        58 us
[26.922s][info][gc,stats    ]   Update Region States               42 us
[26.922s][info][gc,stats    ]   Choose Collection Set             126 us
[26.922s][info][gc,stats    ]   Rebuild Free Set                    9 us
[26.922s][info][gc,stats    ] Concurrent Thread Roots             674 us, parallelism: 0.81x
[26.922s][info][gc,stats    ]   CTR: <total>                      545 us
[26.922s][info][gc,stats    ]   CTR: Thread Roots                 545 us, workers (us): 545, ---, ---, 
[26.922s][info][gc,stats    ] Concurrent Weak References           79 us, parallelism: 0.17x
[26.922s][info][gc,stats    ]   CWRF: <total>                      13 us
[26.922s][info][gc,stats    ]   CWRF: Weak References              13 us, workers (us):  13, ---, ---, 
[26.922s][info][gc,stats    ] Concurrent Weak Roots              3614 us
[26.922s][info][gc,stats    ]   Roots                             952 us, parallelism: 0.96x
[26.922s][info][gc,stats    ]     CWR: <total>                    914 us
[26.922s][info][gc,stats    ]     CWR: Code Cache Roots           821 us, workers (us): 821, ---, ---, 
[26.922s][info][gc,stats    ]     CWR: VM Weak Roots               85 us, workers (us):  85, ---, ---, 
[26.922s][info][gc,stats    ]     CWR: CLDG Roots                   8 us, workers (us):   8, ---, ---, 
[26.922s][info][gc,stats    ]   Rendezvous                       2595 us
[26.922s][info][gc,stats    ] Concurrent Cleanup                   45 us
[26.922s][info][gc,stats    ] Concurrent Class Unloading        11550 us
[26.922s][info][gc,stats    ]   Unlink Stale                     3797 us
[26.922s][info][gc,stats    ]     System Dictionary                10 us
[26.922s][info][gc,stats    ]     Weak Class Links                  0 us
[26.922s][info][gc,stats    ]     Code Roots                     3785 us
[26.922s][info][gc,stats    ]   Rendezvous                       7385 us
[26.922s][info][gc,stats    ]   Purge Unlinked                    290 us
[26.922s][info][gc,stats    ]     Code Roots                      285 us
[26.922s][info][gc,stats    ]     CLDG                              5 us
[26.922s][info][gc,stats    ]     Exception Caches                  0 us
[26.922s][info][gc,stats    ] Concurrent Strong Roots              94 us, parallelism: 0.45x
[26.922s][info][gc,stats    ]   CSR: <total>                       43 us
[26.922s][info][gc,stats    ]   CSR: VM Strong Roots                4 us, workers (us):   4, ---, ---, 
[26.922s][info][gc,stats    ]   CSR: CLDG Roots                    38 us, workers (us):  38, ---, ---, 
[26.922s][info][gc,stats    ] Concurrent Evacuation             78278 us
[26.922s][info][gc,stats    ] Pause Init Update Refs (G)          239 us
[26.922s][info][gc,stats    ] Pause Init Update Refs (N)           56 us
[26.922s][info][gc,stats    ]   Manage GCLABs                       4 us
[26.922s][info][gc,stats    ] Concurrent Update Refs           455313 us
[26.922s][info][gc,stats    ] Concurrent Update Thread Roots      944 us
[26.922s][info][gc,stats    ] Pause Final Update Refs (G)         433 us
[26.922s][info][gc,stats    ] Pause Final Update Refs (N)         325 us
[26.922s][info][gc,stats    ]   Update Region States              130 us
[26.922s][info][gc,stats    ]   Trash Collection Set               16 us
[26.922s][info][gc,stats    ]   Rebuild Free Set                   31 us
[26.922s][info][gc,stats    ] Concurrent Cleanup                   56 us
[26.922s][info][gc,stats    ] 
[26.922s][info][gc,stats    ] Allocation pacing accrued:
[26.922s][info][gc,stats    ]       0 of  1442 ms (  0.0%): <total>
[26.922s][info][gc,stats    ]       0 of  1442 ms (  0.0%): <average total>
[26.922s][info][gc,stats    ] 
[26.922s][info][gc,metaspace] Metaspace: 15862K(16128K)->15872K(16128K) NonClass: 13693K(13824K)->13702K(13824K) Class: 2169K(2304K)->2170K(2304K)
[26.922s][info][gc,ergo     ] Pacer for Idle. Initial: 41943K, Alloc Tax Rate: 1.0x
[26.924s][info][gc          ] Trigger: Explicit GC request (System.gc())
[26.924s][info][gc,ergo     ] Free: 1171M, Max: 1024K regular, 920M humongous, Frag: 22% external, 0% internal; Reserve: 103M, Max: 1024K
[26.924s][info][gc,start    ] GC(35) Concurrent reset
[26.924s][info][gc,task     ] GC(35) Using 1 of 3 workers for concurrent reset
[26.924s][info][gc,ergo     ] GC(35) Pacer for Reset. Non-Taxable: 2048M
[26.926s][info][gc          ] GC(35) Concurrent reset 2.580ms
[26.926s][info][gc,start    ] GC(35) Pause Init Mark (unload classes)
[26.926s][info][gc,task     ] GC(35) Using 3 of 3 workers for init marking
[26.927s][info][gc,ref      ] GC(35) Clearing All SoftReferences
[26.927s][info][gc,ergo     ] GC(35) Pacer for Mark. Expected Live: 117M, Free: 1171M, Non-Taxable: 117M, Alloc Tax Rate: 0.1x
[26.927s][info][gc          ] GC(35) Pause Init Mark (unload classes) 0.222ms
[26.927s][info][gc,start    ] GC(35) Concurrent marking roots
[26.927s][info][gc,task     ] GC(35) Using 1 of 3 workers for concurrent marking roots
[26.927s][info][gc          ] GC(35) Concurrent marking roots 0.800ms
[26.928s][info][gc,start    ] GC(35) Concurrent marking (unload classes)
[26.928s][info][gc,task     ] GC(35) Using 1 of 3 workers for concurrent marking
[26.932s][info][gc          ] GC(35) Concurrent marking (unload classes) 4.152ms
[26.932s][info][gc,start    ] GC(35) Pause Final Mark (unload classes)
[26.932s][info][gc,task     ] GC(35) Using 3 of 3 workers for final marking
[26.932s][info][gc,ergo     ] GC(35) Collectable Garbage: 724M (98%), Immediate: 724M (98%), CSet: 0B (0%)
[26.932s][info][gc          ] GC(35) Pause Final Mark (unload classes) 0.490ms
[26.932s][info][gc,start    ] GC(35) Concurrent weak references
[26.932s][info][gc,task     ] GC(35) Using 1 of 3 workers for concurrent weak references
[26.932s][info][gc,ref      ] GC(35) Encountered references: Soft: 181, Weak: 685, Final: 0, Phantom: 64
[26.932s][info][gc,ref      ] GC(35) Discovered  references: Soft: 130, Weak: 167, Final: 0, Phantom: 62
[26.932s][info][gc,ref      ] GC(35) Enqueued    references: Soft: 51, Weak: 2, Final: 0, Phantom: 1
[26.932s][info][gc          ] GC(35) Concurrent weak references 0.131ms
[26.932s][info][gc,start    ] GC(35) Concurrent weak roots
[26.932s][info][gc,task     ] GC(35) Using 1 of 3 workers for concurrent weak root
[26.933s][info][gc          ] GC(35) Concurrent weak roots 0.876ms
[26.933s][info][gc,start    ] GC(35) Concurrent cleanup
[26.933s][info][gc          ] GC(35) Concurrent cleanup 738M->14M(2048M) 0.058ms
[26.933s][info][gc,ergo     ] GC(35) Free: 1930M, Max: 1024K regular, 1003M humongous, Frag: 49% external, 0% internal; Reserve: 103M, Max: 1024K
[26.933s][info][gc,start    ] GC(35) Concurrent class unloading
[26.933s][info][gc,task     ] GC(35) Using 1 of 3 workers for concurrent class unloading
[26.940s][info][gc          ] GC(35) Concurrent class unloading 6.067ms
[26.940s][info][gc,start    ] GC(35) Pause Final Roots
[26.940s][info][gc          ] GC(35) Pause Final Roots 0.068ms
[26.940s][info][gc,ergo     ] Free: 1930M, Max: 1024K regular, 1003M humongous, Frag: 49% external, 0% internal; Reserve: 103M, Max: 1024K
[26.940s][info][gc,stats    ] 
[26.940s][info][gc,stats    ] All times are wall-clock times, except per-root-class counters, that are sum over
[26.940s][info][gc,stats    ] all workers. Dividing the <total> over the root stage time estimates parallelism.
[26.940s][info][gc,stats    ] 
[26.940s][info][gc,stats    ] Concurrent Reset                   2648 us
[26.940s][info][gc,stats    ] Pause Init Mark (G)                 365 us
[26.940s][info][gc,stats    ] Pause Init Mark (N)                 242 us
[26.940s][info][gc,stats    ]   Update Region States               91 us
[26.940s][info][gc,stats    ] Concurrent Mark Roots               825 us, parallelism: 0.80x
[26.940s][info][gc,stats    ]   CMR: <total>                      658 us
[26.940s][info][gc,stats    ]   CMR: Thread Roots                 585 us, workers (us): 585, ---, ---, 
[26.940s][info][gc,stats    ]   CMR: VM Strong Roots                8 us, workers (us):   8, ---, ---, 
[26.940s][info][gc,stats    ]   CMR: CLDG Roots                    65 us, workers (us):  65, ---, ---, 
[26.940s][info][gc,stats    ] Concurrent Marking                 4210 us
[26.940s][info][gc,stats    ] Pause Final Mark (G)                618 us
[26.940s][info][gc,stats    ] Pause Final Mark (N)                515 us
[26.940s][info][gc,stats    ]   Finish Mark                       161 us
[26.940s][info][gc,stats    ]   Update Region States              124 us
[26.940s][info][gc,stats    ]   Choose Collection Set             101 us
[26.940s][info][gc,stats    ]   Rebuild Free Set                   24 us
[26.940s][info][gc,stats    ] Concurrent Weak References          138 us, parallelism: 0.10x
[26.940s][info][gc,stats    ]   CWRF: <total>                      14 us
[26.940s][info][gc,stats    ]   CWRF: Weak References              14 us, workers (us):  14, ---, ---, 
[26.940s][info][gc,stats    ] Concurrent Weak Roots               908 us
[26.940s][info][gc,stats    ]   Roots                             778 us, parallelism: 0.92x
[26.940s][info][gc,stats    ]     CWR: <total>                    716 us
[26.940s][info][gc,stats    ]     CWR: Code Cache Roots           631 us, workers (us): 631, ---, ---, 
[26.940s][info][gc,stats    ]     CWR: VM Weak Roots               80 us, workers (us):  80, ---, ---, 
[26.940s][info][gc,stats    ]     CWR: CLDG Roots                   5 us, workers (us):   5, ---, ---, 
[26.940s][info][gc,stats    ]   Rendezvous                         81 us
[26.940s][info][gc,stats    ] Concurrent Cleanup                   67 us
[26.940s][info][gc,stats    ] Concurrent Class Unloading         6148 us
[26.940s][info][gc,stats    ]   Unlink Stale                     5475 us
[26.940s][info][gc,stats    ]     System Dictionary                58 us
[26.940s][info][gc,stats    ]     Weak Class Links               1686 us
[26.940s][info][gc,stats    ]     Code Roots                     3729 us
[26.940s][info][gc,stats    ]   Rendezvous                        267 us
[26.940s][info][gc,stats    ]   Purge Unlinked                    304 us
[26.940s][info][gc,stats    ]     Code Roots                      271 us
[26.940s][info][gc,stats    ]     CLDG                             33 us
[26.940s][info][gc,stats    ]     Exception Caches                  0 us
[26.940s][info][gc,stats    ] Pause Final Roots (G)               205 us
[26.940s][info][gc,stats    ] Pause Final Roots (N)                86 us
[26.940s][info][gc,stats    ] 
[26.940s][info][gc,stats    ] Allocation pacing accrued:
[26.940s][info][gc,stats    ]       0 of    19 ms (  0.0%): <total>
[26.940s][info][gc,stats    ]       0 of    19 ms (  0.0%): <average total>
[26.940s][info][gc,stats    ] 
[26.940s][info][gc,metaspace] Metaspace: 15872K(16128K)->15868K(16128K) NonClass: 13702K(13824K)->13699K(13824K) Class: 2170K(2304K)->2169K(2304K)
[26.940s][info][gc,ergo     ] Pacer for Idle. Initial: 41943K, Alloc Tax Rate: 1.0x
[27.474s][info][gc          ] Trigger: Learning 2 of 5. Free (1420M) is below initial threshold (1433M)
[27.474s][info][gc,ergo     ] Free: 1420M, Max: 1024K regular, 1003M humongous, Frag: 30% external, 0% internal; Reserve: 103M, Max: 1024K
[27.474s][info][gc,start    ] GC(36) Concurrent reset
[27.474s][info][gc,task     ] GC(36) Using 1 of 3 workers for concurrent reset
[27.474s][info][gc,ergo     ] GC(36) Pacer for Reset. Non-Taxable: 2048M
[27.474s][info][gc          ] GC(36) Concurrent reset 0.380ms
[27.474s][info][gc,start    ] GC(36) Pause Init Mark (unload classes)
[27.474s][info][gc,task     ] GC(36) Using 3 of 3 workers for init marking
[27.474s][info][gc,ergo     ] GC(36) Pacer for Mark. Expected Live: 81845K, Free: 1419M, Non-Taxable: 141M, Alloc Tax Rate: 0.1x
[27.474s][info][gc          ] GC(36) Pause Init Mark (unload classes) 0.162ms
[27.474s][info][gc,start    ] GC(36) Concurrent marking roots
[27.475s][info][gc,task     ] GC(36) Using 1 of 3 workers for concurrent marking roots
[27.475s][info][gc          ] GC(36) Concurrent marking roots 0.484ms
[27.475s][info][gc,start    ] GC(36) Concurrent marking (unload classes)
[27.475s][info][gc,task     ] GC(36) Using 1 of 3 workers for concurrent marking
[27.807s][info][gc          ] GC(36) Concurrent marking (unload classes) 331.832ms
[27.807s][info][gc,start    ] GC(36) Pause Final Mark (unload classes)
[27.807s][info][gc,task     ] GC(36) Using 3 of 3 workers for final marking
[27.807s][info][gc,ergo     ] GC(36) Adaptive CSet Selection. Target Free: 290M, Actual Free: 1241M, Max CSet: 87381K, Min Garbage: 0B
[27.807s][info][gc,ergo     ] GC(36) Collectable Garbage: 198M (62%), Immediate: 28371K (8%), CSet: 170M (53%)
[27.807s][info][gc,ergo     ] GC(36) Pacer for Evacuation. Used CSet: 255M, Free: 1151M, Non-Taxable: 115M, Alloc Tax Rate: 1.1x
[27.807s][info][gc          ] GC(36) Pause Final Mark (unload classes) 0.230ms
[27.823s][info][gc,start    ] GC(36) Concurrent thread roots
[27.823s][info][gc,task     ] GC(36) Using 1 of 3 workers for Concurrent thread roots
[27.823s][info][gc          ] GC(36) Concurrent thread roots 0.635ms
[27.823s][info][gc,start    ] GC(36) Concurrent weak references
[27.823s][info][gc,task     ] GC(36) Using 1 of 3 workers for concurrent weak references
[27.823s][info][gc,ref      ] GC(36) Encountered references: Soft: 133, Weak: 684, Final: 0, Phantom: 63
[27.823s][info][gc,ref      ] GC(36) Discovered  references: Soft: 0, Weak: 152, Final: 0, Phantom: 26
[27.823s][info][gc,ref      ] GC(36) Enqueued    references: Soft: 0, Weak: 0, Final: 0, Phantom: 0
[27.823s][info][gc          ] GC(36) Concurrent weak references 0.070ms
[27.823s][info][gc,start    ] GC(36) Concurrent weak roots
[27.823s][info][gc,task     ] GC(36) Using 1 of 3 workers for concurrent weak root
[27.838s][info][gc          ] GC(36) Concurrent weak roots 14.867ms
[27.838s][info][gc,start    ] GC(36) Concurrent cleanup
[27.838s][info][gc          ] GC(36) Concurrent cleanup 821M->794M(2048M) 0.039ms
[27.838s][info][gc,ergo     ] GC(36) Free: 1136M, Max: 1024K regular, 1098M humongous, Frag: 4% external, 0% internal; Reserve: 91136K, Max: 1024K
[27.838s][info][gc,start    ] GC(36) Concurrent class unloading
[27.838s][info][gc,task     ] GC(36) Using 1 of 3 workers for concurrent class unloading
[27.845s][info][gc          ] GC(36) Concurrent class unloading 7.019ms
[27.845s][info][gc,start    ] GC(36) Concurrent strong roots
[27.845s][info][gc,task     ] GC(36) Using 1 of 3 workers for concurrent strong root
[27.845s][info][gc          ] GC(36) Concurrent strong roots 0.083ms
[27.845s][info][gc,start    ] GC(36) Concurrent evacuation
[27.845s][info][gc,task     ] GC(36) Using 1 of 3 workers for concurrent evacuation
[27.925s][info][gc          ] GC(36) Concurrent evacuation 79.662ms
[27.925s][info][gc,start    ] GC(36) Pause Init Update Refs
[27.925s][info][gc,ergo     ] GC(36) Pacer for Update Refs. Used: 948M, Free: 1049M, Non-Taxable: 104M, Alloc Tax Rate: 1.1x
[27.925s][info][gc          ] GC(36) Pause Init Update Refs 0.064ms
[27.927s][info][gc,start    ] GC(36) Concurrent update references
[27.927s][info][gc,task     ] GC(36) Using 1 of 3 workers for concurrent reference update
[28.406s][info][gc          ] GC(36) Concurrent update references 478.394ms
[28.406s][info][gc,start    ] GC(36) Concurrent update thread roots
[28.406s][info][gc          ] GC(36) Concurrent update thread roots 0.869ms
[28.407s][info][gc,start    ] GC(36) Pause Final Update Refs
[28.407s][info][gc,task     ] GC(36) Using 3 of 3 workers for final reference update
[28.407s][info][gc          ] GC(36) Pause Final Update Refs 0.267ms
[28.407s][info][gc,start    ] GC(36) Concurrent cleanup
[28.407s][info][gc          ] GC(36) Concurrent cleanup 997M->741M(2048M) 0.037ms
[28.407s][info][gc,ergo     ] Free: 1169M, Max: 1024K regular, 918M humongous, Frag: 22% external, 0% internal; Reserve: 103M, Max: 1024K
[28.407s][info][gc,stats    ] 
[28.407s][info][gc,stats    ] All times are wall-clock times, except per-root-class counters, that are sum over
[28.407s][info][gc,stats    ] all workers. Dividing the <total> over the root stage time estimates parallelism.
[28.407s][info][gc,stats    ] 
[28.407s][info][gc,stats    ] Concurrent Reset                    446 us
[28.407s][info][gc,stats    ] Pause Init Mark (G)                 342 us
[28.407s][info][gc,stats    ] Pause Init Mark (N)                 178 us
[28.407s][info][gc,stats    ]   Update Region States               67 us
[28.407s][info][gc,stats    ] Concurrent Mark Roots               507 us, parallelism: 0.74x
[28.407s][info][gc,stats    ]   CMR: <total>                      374 us
[28.407s][info][gc,stats    ]   CMR: Thread Roots                 329 us, workers (us): 329, ---, ---, 
[28.407s][info][gc,stats    ]   CMR: VM Strong Roots                5 us, workers (us):   5, ---, ---, 
[28.407s][info][gc,stats    ]   CMR: CLDG Roots                    40 us, workers (us):  40, ---, ---, 
[28.407s][info][gc,stats    ] Concurrent Marking               331895 us
[28.407s][info][gc,stats    ] Pause Final Mark (G)              15617 us
[28.407s][info][gc,stats    ] Pause Final Mark (N)                239 us
[28.407s][info][gc,stats    ]   Finish Mark                        36 us
[28.407s][info][gc,stats    ]   Update Region States               39 us
[28.407s][info][gc,stats    ]   Choose Collection Set             108 us
[28.407s][info][gc,stats    ]   Rebuild Free Set                    9 us
[28.407s][info][gc,stats    ] Concurrent Thread Roots             657 us, parallelism: 0.81x
[28.407s][info][gc,stats    ]   CTR: <total>                      530 us
[28.407s][info][gc,stats    ]   CTR: Thread Roots                 530 us, workers (us): 530, ---, ---, 
[28.407s][info][gc,stats    ] Concurrent Weak References           77 us, parallelism: 0.20x
[28.407s][info][gc,stats    ]   CWRF: <total>                      15 us
[28.407s][info][gc,stats    ]   CWRF: Weak References              15 us, workers (us):  15, ---, ---, 
[28.407s][info][gc,stats    ] Concurrent Weak Roots             14922 us
[28.407s][info][gc,stats    ]   Roots                             914 us, parallelism: 0.96x
[28.407s][info][gc,stats    ]     CWR: <total>                    880 us
[28.407s][info][gc,stats    ]     CWR: Code Cache Roots           785 us, workers (us): 785, ---, ---, 
[28.407s][info][gc,stats    ]     CWR: VM Weak Roots               88 us, workers (us):  88, ---, ---, 
[28.407s][info][gc,stats    ]     CWR: CLDG Roots                   8 us, workers (us):   8, ---, ---, 
[28.407s][info][gc,stats    ]   Rendezvous                      13934 us
[28.407s][info][gc,stats    ] Concurrent Cleanup                   48 us
[28.407s][info][gc,stats    ] Concurrent Class Unloading         7083 us
[28.407s][info][gc,stats    ]   Unlink Stale                     3845 us
[28.407s][info][gc,stats    ]     System Dictionary                10 us
[28.407s][info][gc,stats    ]     Weak Class Links                  0 us
[28.407s][info][gc,stats    ]     Code Roots                     3833 us
[28.407s][info][gc,stats    ]   Rendezvous                       2919 us
[28.407s][info][gc,stats    ]   Purge Unlinked                    233 us
[28.407s][info][gc,stats    ]     Code Roots                      226 us
[28.407s][info][gc,stats    ]     CLDG                              6 us
[28.407s][info][gc,stats    ]     Exception Caches                  0 us
[28.407s][info][gc,stats    ] Concurrent Strong Roots              91 us, parallelism: 0.46x
[28.407s][info][gc,stats    ]   CSR: <total>                       41 us
[28.407s][info][gc,stats    ]   CSR: VM Strong Roots                6 us, workers (us):   6, ---, ---, 
[28.407s][info][gc,stats    ]   CSR: CLDG Roots                    36 us, workers (us):  36, ---, ---, 
[28.407s][info][gc,stats    ] Concurrent Evacuation             79742 us
[28.407s][info][gc,stats    ] Pause Init Update Refs (G)         1991 us
[28.407s][info][gc,stats    ] Pause Init Update Refs (N)           73 us
[28.407s][info][gc,stats    ]   Manage GCLABs                       3 us
[28.407s][info][gc,stats    ] Concurrent Update Refs           478466 us
[28.407s][info][gc,stats    ] Concurrent Update Thread Roots      887 us
[28.407s][info][gc,stats    ] Pause Final Update Refs (G)         381 us
[28.407s][info][gc,stats    ] Pause Final Update Refs (N)         317 us
[28.407s][info][gc,stats    ]   Update Region States              128 us
[28.407s][info][gc,stats    ]   Trash Collection Set               15 us
[28.407s][info][gc,stats    ]   Rebuild Free Set                   32 us
[28.407s][info][gc,stats    ] Concurrent Cleanup                   47 us
[28.407s][info][gc,stats    ] 
[28.407s][info][gc,stats    ] Allocation pacing accrued:
[28.407s][info][gc,stats    ]       0 of  1467 ms (  0.0%): <total>
[28.407s][info][gc,stats    ]       0 of  1467 ms (  0.0%): <average total>
[28.407s][info][gc,stats    ] 
[28.407s][info][gc,metaspace] Metaspace: 15868K(16128K)->15869K(16128K) NonClass: 13699K(13824K)->13699K(13824K) Class: 2169K(2304K)->2169K(2304K)
[28.407s][info][gc,ergo     ] Pacer for Idle. Initial: 41943K, Alloc Tax Rate: 1.0x
[28.414s][info][gc          ] Trigger: Explicit GC request (System.gc())
[28.414s][info][gc,ergo     ] Free: 1169M, Max: 1024K regular, 918M humongous, Frag: 22% external, 0% internal; Reserve: 103M, Max: 1024K
[28.414s][info][gc,start    ] GC(37) Concurrent reset
[28.414s][info][gc,task     ] GC(37) Using 1 of 3 workers for concurrent reset
[28.414s][info][gc,ergo     ] GC(37) Pacer for Reset. Non-Taxable: 2048M
[28.417s][info][gc          ] GC(37) Concurrent reset 2.442ms
[28.417s][info][gc,start    ] GC(37) Pause Init Mark (unload classes)
[28.417s][info][gc,task     ] GC(37) Using 3 of 3 workers for init marking
[28.417s][info][gc,ref      ] GC(37) Clearing All SoftReferences
[28.417s][info][gc,ergo     ] GC(37) Pacer for Mark. Expected Live: 117M, Free: 1169M, Non-Taxable: 116M, Alloc Tax Rate: 0.1x
[28.417s][info][gc          ] GC(37) Pause Init Mark (unload classes) 0.255ms
[28.417s][info][gc,start    ] GC(37) Concurrent marking roots
[28.417s][info][gc,task     ] GC(37) Using 1 of 3 workers for concurrent marking roots
[28.418s][info][gc          ] GC(37) Concurrent marking roots 0.449ms
[28.418s][info][gc,start    ] GC(37) Concurrent marking (unload classes)
[28.418s][info][gc,task     ] GC(37) Using 1 of 3 workers for concurrent marking
[28.422s][info][gc          ] GC(37) Concurrent marking (unload classes) 4.317ms
[28.422s][info][gc,start    ] GC(37) Pause Final Mark (unload classes)
[28.422s][info][gc,task     ] GC(37) Using 3 of 3 workers for final marking
[28.423s][info][gc,ergo     ] GC(37) Collectable Garbage: 727M (98%), Immediate: 727M (98%), CSet: 0B (0%)
[28.423s][info][gc          ] GC(37) Pause Final Mark (unload classes) 0.491ms
[28.423s][info][gc,start    ] GC(37) Concurrent weak references
[28.423s][info][gc,task     ] GC(37) Using 1 of 3 workers for concurrent weak references
[28.423s][info][gc,ref      ] GC(37) Encountered references: Soft: 178, Weak: 683, Final: 0, Phantom: 63
[28.423s][info][gc,ref      ] GC(37) Discovered  references: Soft: 127, Weak: 165, Final: 0, Phantom: 61
[28.423s][info][gc,ref      ] GC(37) Enqueued    references: Soft: 48, Weak: 0, Final: 0, Phantom: 0
[28.423s][info][gc          ] GC(37) Concurrent weak references 0.143ms
[28.423s][info][gc,start    ] GC(37) Concurrent weak roots
[28.423s][info][gc,task     ] GC(37) Using 1 of 3 workers for concurrent weak root
[28.424s][info][gc          ] GC(37) Concurrent weak roots 0.854ms
[28.424s][info][gc,start    ] GC(37) Concurrent cleanup
[28.424s][info][gc          ] GC(37) Concurrent cleanup 741M->14M(2048M) 0.057ms
[28.424s][info][gc,ergo     ] GC(37) Free: 1931M, Max: 1024K regular, 1002M humongous, Frag: 49% external, 0% internal; Reserve: 103M, Max: 1024K
[28.424s][info][gc,start    ] GC(37) Concurrent class unloading
[28.424s][info][gc,task     ] GC(37) Using 1 of 3 workers for concurrent class unloading
[28.428s][info][gc          ] GC(37) Concurrent class unloading 4.000ms
[28.428s][info][gc,start    ] GC(37) Pause Final Roots
[28.428s][info][gc          ] GC(37) Pause Final Roots 0.068ms
[28.428s][info][gc,ergo     ] Free: 1931M, Max: 1024K regular, 1002M humongous, Frag: 49% external, 0% internal; Reserve: 103M, Max: 1024K
[28.428s][info][gc,stats    ] 
[28.428s][info][gc,stats    ] All times are wall-clock times, except per-root-class counters, that are sum over
[28.428s][info][gc,stats    ] all workers. Dividing the <total> over the root stage time estimates parallelism.
[28.428s][info][gc,stats    ] 
[28.428s][info][gc,stats    ] Concurrent Reset                   2459 us
[28.428s][info][gc,stats    ] Pause Init Mark (G)                 397 us
[28.428s][info][gc,stats    ] Pause Init Mark (N)                 272 us
[28.428s][info][gc,stats    ]   Update Region States              107 us
[28.428s][info][gc,stats    ] Concurrent Mark Roots               472 us, parallelism: 0.71x
[28.428s][info][gc,stats    ]   CMR: <total>                      335 us
[28.428s][info][gc,stats    ]   CMR: Thread Roots                 289 us, workers (us): 289, ---, ---, 
[28.428s][info][gc,stats    ]   CMR: VM Strong Roots                5 us, workers (us):   5, ---, ---, 
[28.428s][info][gc,stats    ]   CMR: CLDG Roots                    41 us, workers (us):  41, ---, ---, 
[28.428s][info][gc,stats    ] Concurrent Marking                 4340 us
[28.428s][info][gc,stats    ] Pause Final Mark (G)                571 us
[28.428s][info][gc,stats    ] Pause Final Mark (N)                516 us
[28.428s][info][gc,stats    ]   Finish Mark                       159 us
[28.428s][info][gc,stats    ]   Update Region States              125 us
[28.428s][info][gc,stats    ]   Choose Collection Set             102 us
[28.428s][info][gc,stats    ]   Rebuild Free Set                   25 us
[28.428s][info][gc,stats    ] Concurrent Weak References          158 us, parallelism: 0.08x
[28.428s][info][gc,stats    ]   CWRF: <total>                      12 us
[28.428s][info][gc,stats    ]   CWRF: Weak References              12 us, workers (us):  12, ---, ---, 
[28.428s][info][gc,stats    ] Concurrent Weak Roots               865 us
[28.428s][info][gc,stats    ]   Roots                             751 us, parallelism: 0.95x
[28.428s][info][gc,stats    ]     CWR: <total>                    710 us
[28.428s][info][gc,stats    ]     CWR: Code Cache Roots           626 us, workers (us): 626, ---, ---, 
[28.428s][info][gc,stats    ]     CWR: VM Weak Roots               78 us, workers (us):  78, ---, ---, 
[28.428s][info][gc,stats    ]     CWR: CLDG Roots                   7 us, workers (us):   7, ---, ---, 
[28.428s][info][gc,stats    ]   Rendezvous                         73 us
[28.428s][info][gc,stats    ] Concurrent Cleanup                   65 us
[28.428s][info][gc,stats    ] Concurrent Class Unloading         4040 us
[28.428s][info][gc,stats    ]   Unlink Stale                     3587 us
[28.428s][info][gc,stats    ]     System Dictionary                 5 us
[28.428s][info][gc,stats    ]     Weak Class Links                  0 us
[28.428s][info][gc,stats    ]     Code Roots                     3581 us
[28.428s][info][gc,stats    ]   Rendezvous                        142 us
[28.428s][info][gc,stats    ]   Purge Unlinked                    256 us
[28.428s][info][gc,stats    ]     Code Roots                      249 us
[28.428s][info][gc,stats    ]     CLDG                              6 us
[28.428s][info][gc,stats    ]     Exception Caches                  0 us
[28.428s][info][gc,stats    ] Pause Final Roots (G)               162 us
[28.428s][info][gc,stats    ] Pause Final Roots (N)                87 us
[28.428s][info][gc,stats    ] 
[28.428s][info][gc,stats    ] Allocation pacing accrued:
[28.428s][info][gc,stats    ]       0 of    21 ms (  0.0%): <total>
[28.428s][info][gc,stats    ]       0 of    21 ms (  0.0%): <average total>
[28.428s][info][gc,stats    ] 
[28.428s][info][gc,metaspace] Metaspace: 15869K(16128K)->15869K(16128K) NonClass: 13699K(13824K)->13699K(13824K) Class: 2169K(2304K)->2169K(2304K)
[28.428s][info][gc,ergo     ] Pacer for Idle. Initial: 41943K, Alloc Tax Rate: 1.0x
[28.964s][info][gc          ] Trigger: Learning 2 of 5. Free (1415M) is below initial threshold (1433M)
[28.964s][info][gc,ergo     ] Free: 1415M, Max: 1024K regular, 1002M humongous, Frag: 30% external, 0% internal; Reserve: 103M, Max: 1024K
[28.964s][info][gc,start    ] GC(38) Concurrent reset
[28.964s][info][gc,task     ] GC(38) Using 1 of 3 workers for concurrent reset
[28.964s][info][gc,ergo     ] GC(38) Pacer for Reset. Non-Taxable: 2048M
[28.965s][info][gc          ] GC(38) Concurrent reset 0.368ms
[28.965s][info][gc,start    ] GC(38) Pause Init Mark (unload classes)
[28.965s][info][gc,task     ] GC(38) Using 3 of 3 workers for init marking
[28.965s][info][gc,ergo     ] GC(38) Pacer for Mark. Expected Live: 81572K, Free: 1414M, Non-Taxable: 141M, Alloc Tax Rate: 0.1x
[28.965s][info][gc          ] GC(38) Pause Init Mark (unload classes) 0.204ms
[28.965s][info][gc,start    ] GC(38) Concurrent marking roots
[28.965s][info][gc,task     ] GC(38) Using 1 of 3 workers for concurrent marking roots
[28.966s][info][gc          ] GC(38) Concurrent marking roots 0.442ms
[28.966s][info][gc,start    ] GC(38) Concurrent marking (unload classes)
[28.966s][info][gc,task     ] GC(38) Using 1 of 3 workers for concurrent marking
[29.308s][info][gc          ] GC(38) Concurrent marking (unload classes) 342.264ms
[29.308s][info][gc,start    ] GC(38) Pause Final Mark (unload classes)
[29.308s][info][gc,task     ] GC(38) Using 3 of 3 workers for final marking
[29.308s][info][gc,ergo     ] GC(38) Adaptive CSet Selection. Target Free: 290M, Actual Free: 1238M, Max CSet: 87381K, Min Garbage: 0B
[29.308s][info][gc,ergo     ] GC(38) Collectable Garbage: 198M (61%), Immediate: 29760K (9%), CSet: 169M (52%)
[29.308s][info][gc,ergo     ] GC(38) Pacer for Evacuation. Used CSet: 255M, Free: 1148M, Non-Taxable: 114M, Alloc Tax Rate: 1.1x
[29.308s][info][gc          ] GC(38) Pause Final Mark (unload classes) 0.280ms
[29.324s][info][gc,start    ] GC(38) Concurrent thread roots
[29.324s][info][gc,task     ] GC(38) Using 1 of 3 workers for Concurrent thread roots
[29.324s][info][gc          ] GC(38) Concurrent thread roots 0.498ms
[29.324s][info][gc,start    ] GC(38) Concurrent weak references
[29.324s][info][gc,task     ] GC(38) Using 1 of 3 workers for concurrent weak references
[29.324s][info][gc,ref      ] GC(38) Encountered references: Soft: 133, Weak: 684, Final: 0, Phantom: 63
[29.324s][info][gc,ref      ] GC(38) Discovered  references: Soft: 0, Weak: 152, Final: 0, Phantom: 26
[29.324s][info][gc,ref      ] GC(38) Enqueued    references: Soft: 0, Weak: 0, Final: 0, Phantom: 0
[29.324s][info][gc          ] GC(38) Concurrent weak references 0.087ms
[29.324s][info][gc,start    ] GC(38) Concurrent weak roots
[29.324s][info][gc,task     ] GC(38) Using 1 of 3 workers for concurrent weak root
[29.339s][info][gc          ] GC(38) Concurrent weak roots 14.941ms
[29.339s][info][gc,start    ] GC(38) Concurrent cleanup
[29.339s][info][gc          ] GC(38) Concurrent cleanup 830M->801M(2048M) 0.040ms
[29.339s][info][gc,ergo     ] GC(38) Free: 1126M, Max: 1024K regular, 1087M humongous, Frag: 4% external, 0% internal; Reserve: 91136K, Max: 1024K
[29.339s][info][gc,start    ] GC(38) Concurrent class unloading
[29.339s][info][gc,task     ] GC(38) Using 1 of 3 workers for concurrent class unloading
[29.344s][info][gc          ] GC(38) Concurrent class unloading 4.658ms
[29.344s][info][gc,start    ] GC(38) Concurrent strong roots
[29.344s][info][gc,task     ] GC(38) Using 1 of 3 workers for concurrent strong root
[29.344s][info][gc          ] GC(38) Concurrent strong roots 0.078ms
[29.344s][info][gc,start    ] GC(38) Concurrent evacuation
[29.344s][info][gc,task     ] GC(38) Using 1 of 3 workers for concurrent evacuation
[29.423s][info][gc          ] GC(38) Concurrent evacuation 79.093ms
[29.423s][info][gc,start    ] GC(38) Pause Init Update Refs
[29.423s][info][gc,ergo     ] GC(38) Pacer for Update Refs. Used: 949M, Free: 1051M, Non-Taxable: 105M, Alloc Tax Rate: 1.1x
[29.423s][info][gc          ] GC(38) Pause Init Update Refs 0.073ms
[29.424s][info][gc,start    ] GC(38) Concurrent update references
[29.424s][info][gc,task     ] GC(38) Using 1 of 3 workers for concurrent reference update
[29.860s][info][gc          ] GC(38) Concurrent update references 436.713ms
[29.860s][info][gc,start    ] GC(38) Concurrent update thread roots
[29.861s][info][gc          ] GC(38) Concurrent update thread roots 0.766ms
[29.861s][info][gc,start    ] GC(38) Pause Final Update Refs
[29.861s][info][gc,task     ] GC(38) Using 3 of 3 workers for final reference update
[29.861s][info][gc          ] GC(38) Pause Final Update Refs 0.224ms
[29.861s][info][gc,start    ] GC(38) Concurrent cleanup
[29.861s][info][gc          ] GC(38) Concurrent cleanup 994M->739M(2048M) 0.041ms
[29.861s][info][gc,ergo     ] Free: 1171M, Max: 1024K regular, 920M humongous, Frag: 22% external, 0% internal; Reserve: 103M, Max: 1024K
[29.862s][info][gc,stats    ] 
[29.862s][info][gc,stats    ] All times are wall-clock times, except per-root-class counters, that are sum over
[29.862s][info][gc,stats    ] all workers. Dividing the <total> over the root stage time estimates parallelism.
[29.862s][info][gc,stats    ] 
[29.862s][info][gc,stats    ] Concurrent Reset                    406 us
[29.862s][info][gc,stats    ] Pause Init Mark (G)                 380 us
[29.862s][info][gc,stats    ] Pause Init Mark (N)                 221 us
[29.862s][info][gc,stats    ]   Update Region States               81 us
[29.862s][info][gc,stats    ] Concurrent Mark Roots               452 us, parallelism: 0.83x
[29.862s][info][gc,stats    ]   CMR: <total>                      375 us
[29.862s][info][gc,stats    ]   CMR: Thread Roots                 334 us, workers (us): 334, ---, ---, 
[29.862s][info][gc,stats    ]   CMR: VM Strong Roots                4 us, workers (us):   4, ---, ---, 
[29.862s][info][gc,stats    ]   CMR: CLDG Roots                    37 us, workers (us):  37, ---, ---, 
[29.862s][info][gc,stats    ] Concurrent Marking               342359 us
[29.862s][info][gc,stats    ] Pause Final Mark (G)              15596 us
[29.862s][info][gc,stats    ] Pause Final Mark (N)                289 us
[29.862s][info][gc,stats    ]   Finish Mark                        35 us
[29.862s][info][gc,stats    ]   Update Region States               33 us
[29.862s][info][gc,stats    ]   Choose Collection Set              93 us
[29.862s][info][gc,stats    ]   Rebuild Free Set                    9 us
[29.862s][info][gc,stats    ] Concurrent Thread Roots             520 us, parallelism: 0.75x
[29.862s][info][gc,stats    ]   CTR: <total>                      390 us
[29.862s][info][gc,stats    ]   CTR: Thread Roots                 390 us, workers (us): 390, ---, ---, 
[29.862s][info][gc,stats    ] Concurrent Weak References           94 us, parallelism: 0.17x
[29.862s][info][gc,stats    ]   CWRF: <total>                      16 us
[29.862s][info][gc,stats    ]   CWRF: Weak References              16 us, workers (us):  16, ---, ---, 
[29.862s][info][gc,stats    ] Concurrent Weak Roots             15013 us
[29.862s][info][gc,stats    ]   Roots                            1140 us, parallelism: 0.96x
[29.862s][info][gc,stats    ]     CWR: <total>                   1097 us
[29.862s][info][gc,stats    ]     CWR: Code Cache Roots          1003 us, workers (us): 1003, ---, ---, 
[29.862s][info][gc,stats    ]     CWR: VM Weak Roots               87 us, workers (us):  87, ---, ---, 
[29.862s][info][gc,stats    ]     CWR: CLDG Roots                   7 us, workers (us):   7, ---, ---, 
[29.862s][info][gc,stats    ]   Rendezvous                      13781 us
[29.862s][info][gc,stats    ] Concurrent Cleanup                   49 us
[29.862s][info][gc,stats    ] Concurrent Class Unloading         4715 us
[29.862s][info][gc,stats    ]   Unlink Stale                     3858 us
[29.862s][info][gc,stats    ]     System Dictionary                10 us
[29.862s][info][gc,stats    ]     Weak Class Links                  0 us
[29.862s][info][gc,stats    ]     Code Roots                     3846 us
[29.862s][info][gc,stats    ]   Rendezvous                        580 us
[29.862s][info][gc,stats    ]   Purge Unlinked                    200 us
[29.862s][info][gc,stats    ]     Code Roots                      194 us
[29.862s][info][gc,stats    ]     CLDG                              6 us
[29.862s][info][gc,stats    ]     Exception Caches                  0 us
[29.862s][info][gc,stats    ] Concurrent Strong Roots              94 us, parallelism: 0.36x
[29.862s][info][gc,stats    ]   CSR: <total>                       34 us
[29.862s][info][gc,stats    ]   CSR: VM Strong Roots                4 us, workers (us):   4, ---, ---, 
[29.862s][info][gc,stats    ]   CSR: CLDG Roots                    30 us, workers (us):  30, ---, ---, 
[29.862s][info][gc,stats    ] Concurrent Evacuation             79167 us
[29.862s][info][gc,stats    ] Pause Init Update Refs (G)          209 us
[29.862s][info][gc,stats    ] Pause Init Update Refs (N)           88 us
[29.862s][info][gc,stats    ]   Manage GCLABs                       5 us
[29.862s][info][gc,stats    ] Concurrent Update Refs           436793 us
[29.862s][info][gc,stats    ] Concurrent Update Thread Roots      783 us
[29.862s][info][gc,stats    ] Pause Final Update Refs (G)         319 us
[29.862s][info][gc,stats    ] Pause Final Update Refs (N)         261 us
[29.862s][info][gc,stats    ]   Update Region States              107 us
[29.862s][info][gc,stats    ]   Trash Collection Set               12 us
[29.862s][info][gc,stats    ]   Rebuild Free Set                   25 us
[29.862s][info][gc,stats    ] Concurrent Cleanup                   50 us
[29.862s][info][gc,stats    ] 
[29.862s][info][gc,stats    ] Allocation pacing accrued:
[29.862s][info][gc,stats    ]       0 of  1434 ms (  0.0%): <total>
[29.862s][info][gc,stats    ]       0 of  1434 ms (  0.0%): <average total>
[29.862s][info][gc,stats    ] 
[29.862s][info][gc,metaspace] Metaspace: 15869K(16128K)->15869K(16128K) NonClass: 13699K(13824K)->13699K(13824K) Class: 2169K(2304K)->2169K(2304K)
[29.862s][info][gc,ergo     ] Pacer for Idle. Initial: 41943K, Alloc Tax Rate: 1.0x
[29.865s][info][gc          ] Trigger: Explicit GC request (System.gc())
[29.865s][info][gc,ergo     ] Free: 1171M, Max: 1024K regular, 920M humongous, Frag: 22% external, 0% internal; Reserve: 103M, Max: 1024K
[29.865s][info][gc,start    ] GC(39) Concurrent reset
[29.865s][info][gc,task     ] GC(39) Using 1 of 3 workers for concurrent reset
[29.865s][info][gc,ergo     ] GC(39) Pacer for Reset. Non-Taxable: 2048M
[29.868s][info][gc          ] GC(39) Concurrent reset 2.637ms
[29.868s][info][gc,start    ] GC(39) Pause Init Mark (unload classes)
[29.868s][info][gc,task     ] GC(39) Using 3 of 3 workers for init marking
[29.868s][info][gc,ref      ] GC(39) Clearing All SoftReferences
[29.868s][info][gc,ergo     ] GC(39) Pacer for Mark. Expected Live: 117M, Free: 1171M, Non-Taxable: 117M, Alloc Tax Rate: 0.1x
[29.868s][info][gc          ] GC(39) Pause Init Mark (unload classes) 0.258ms
[29.868s][info][gc,start    ] GC(39) Concurrent marking roots
[29.869s][info][gc,task     ] GC(39) Using 1 of 3 workers for concurrent marking roots
[29.869s][info][gc          ] GC(39) Concurrent marking roots 0.501ms
[29.869s][info][gc,start    ] GC(39) Concurrent marking (unload classes)
[29.869s][info][gc,task     ] GC(39) Using 1 of 3 workers for concurrent marking
[29.873s][info][gc          ] GC(39) Concurrent marking (unload classes) 4.286ms
[29.873s][info][gc,start    ] GC(39) Pause Final Mark (unload classes)
[29.873s][info][gc,task     ] GC(39) Using 3 of 3 workers for final marking
[29.874s][info][gc,ergo     ] GC(39) Collectable Garbage: 726M (98%), Immediate: 726M (98%), CSet: 0B (0%)
[29.874s][info][gc          ] GC(39) Pause Final Mark (unload classes) 0.355ms
[29.874s][info][gc,start    ] GC(39) Concurrent weak references
[29.874s][info][gc,task     ] GC(39) Using 1 of 3 workers for concurrent weak references
[29.874s][info][gc,ref      ] GC(39) Encountered references: Soft: 178, Weak: 683, Final: 0, Phantom: 63
[29.874s][info][gc,ref      ] GC(39) Discovered  references: Soft: 127, Weak: 165, Final: 0, Phantom: 61
[29.874s][info][gc,ref      ] GC(39) Enqueued    references: Soft: 48, Weak: 0, Final: 0, Phantom: 0
[29.874s][info][gc          ] GC(39) Concurrent weak references 0.138ms
[29.874s][info][gc,start    ] GC(39) Concurrent weak roots
[29.874s][info][gc,task     ] GC(39) Using 1 of 3 workers for concurrent weak root
[29.875s][info][gc          ] GC(39) Concurrent weak roots 1.115ms
[29.875s][info][gc,start    ] GC(39) Concurrent cleanup
[29.875s][info][gc          ] GC(39) Concurrent cleanup 739M->13M(2048M) 0.051ms
[29.875s][info][gc,ergo     ] GC(39) Free: 1932M, Max: 1024K regular, 1006M humongous, Frag: 48% external, 0% internal; Reserve: 103M, Max: 1024K
[29.875s][info][gc,start    ] GC(39) Concurrent class unloading
[29.875s][info][gc,task     ] GC(39) Using 1 of 3 workers for concurrent class unloading
[29.879s][info][gc          ] GC(39) Concurrent class unloading 3.662ms
[29.879s][info][gc,start    ] GC(39) Pause Final Roots
[29.879s][info][gc          ] GC(39) Pause Final Roots 0.064ms
[29.879s][info][gc,ergo     ] Free: 1932M, Max: 1024K regular, 1006M humongous, Frag: 48% external, 0% internal; Reserve: 103M, Max: 1024K
[29.879s][info][gc,stats    ] 
[29.879s][info][gc,stats    ] All times are wall-clock times, except per-root-class counters, that are sum over
[29.879s][info][gc,stats    ] all workers. Dividing the <total> over the root stage time estimates parallelism.
[29.879s][info][gc,stats    ] 
[29.879s][info][gc,stats    ] Concurrent Reset                   2688 us
[29.879s][info][gc,stats    ] Pause Init Mark (G)                 472 us
[29.879s][info][gc,stats    ] Pause Init Mark (N)                 275 us
[29.879s][info][gc,stats    ]   Update Region States              106 us
[29.879s][info][gc,stats    ] Concurrent Mark Roots               519 us, parallelism: 0.69x
[29.879s][info][gc,stats    ]   CMR: <total>                      360 us
[29.879s][info][gc,stats    ]   CMR: Thread Roots                 312 us, workers (us): 312, ---, ---, 
[29.879s][info][gc,stats    ]   CMR: VM Strong Roots                4 us, workers (us):   4, ---, ---, 
[29.879s][info][gc,stats    ]   CMR: CLDG Roots                    43 us, workers (us):  43, ---, ---, 
[29.879s][info][gc,stats    ] Concurrent Marking                 4342 us
[29.879s][info][gc,stats    ] Pause Final Mark (G)                457 us
[29.879s][info][gc,stats    ] Pause Final Mark (N)                374 us
[29.879s][info][gc,stats    ]   Finish Mark                       107 us
[29.879s][info][gc,stats    ]   Update Region States               92 us
[29.879s][info][gc,stats    ]   Choose Collection Set              76 us
[29.879s][info][gc,stats    ]   Rebuild Free Set                   20 us
[29.879s][info][gc,stats    ] Concurrent Weak References          146 us, parallelism: 0.09x
[29.879s][info][gc,stats    ]   CWRF: <total>                      13 us
[29.880s][info][gc,stats    ]   CWRF: Weak References              13 us, workers (us):  13, ---, ---, 
[29.880s][info][gc,stats    ] Concurrent Weak Roots              1132 us
[29.880s][info][gc,stats    ]   Roots                            1019 us, parallelism: 0.93x
[29.880s][info][gc,stats    ]     CWR: <total>                    947 us
[29.880s][info][gc,stats    ]     CWR: Code Cache Roots           807 us, workers (us): 807, ---, ---, 
[29.880s][info][gc,stats    ]     CWR: VM Weak Roots              136 us, workers (us): 136, ---, ---, 
[29.880s][info][gc,stats    ]     CWR: CLDG Roots                   4 us, workers (us):   4, ---, ---, 
[29.880s][info][gc,stats    ]   Rendezvous                         80 us
[29.880s][info][gc,stats    ] Concurrent Cleanup                   59 us
[29.880s][info][gc,stats    ] Concurrent Class Unloading         3725 us
[29.880s][info][gc,stats    ]   Unlink Stale                     3277 us
[29.880s][info][gc,stats    ]     System Dictionary                 5 us
[29.880s][info][gc,stats    ]     Weak Class Links                  0 us
[29.880s][info][gc,stats    ]     Code Roots                     3269 us
[29.880s][info][gc,stats    ]   Rendezvous                        190 us
[29.880s][info][gc,stats    ]   Purge Unlinked                    175 us
[29.880s][info][gc,stats    ]     Code Roots                      165 us
[29.880s][info][gc,stats    ]     CLDG                              9 us
[29.880s][info][gc,stats    ]     Exception Caches                  0 us
[29.880s][info][gc,stats    ] Pause Final Roots (G)               217 us
[29.880s][info][gc,stats    ] Pause Final Roots (N)                87 us
[29.880s][info][gc,stats    ] 
[29.880s][info][gc,stats    ] Allocation pacing accrued:
[29.880s][info][gc,stats    ]       0 of    18 ms (  0.0%): <total>
[29.880s][info][gc,stats    ]       0 of    18 ms (  0.0%): <average total>
[29.880s][info][gc,stats    ] 
[29.880s][info][gc,metaspace] Metaspace: 15869K(16128K)->15869K(16128K) NonClass: 13699K(13824K)->13699K(13824K) Class: 2169K(2304K)->2169K(2304K)
[29.880s][info][gc,ergo     ] Pacer for Idle. Initial: 41943K, Alloc Tax Rate: 1.0x
[30.415s][info][gc          ] Trigger: Learning 2 of 5. Free (1417M) is below initial threshold (1433M)
[30.415s][info][gc,ergo     ] Free: 1417M, Max: 1024K regular, 1006M humongous, Frag: 30% external, 0% internal; Reserve: 103M, Max: 1024K
[30.415s][info][gc,start    ] GC(40) Concurrent reset
[30.415s][info][gc,task     ] GC(40) Using 1 of 3 workers for concurrent reset
[30.415s][info][gc,ergo     ] GC(40) Pacer for Reset. Non-Taxable: 2048M
[30.415s][info][gc          ] GC(40) Concurrent reset 0.422ms
[30.416s][info][gc,start    ] GC(40) Pause Init Mark (unload classes)
[30.416s][info][gc,task     ] GC(40) Using 3 of 3 workers for init marking
[30.416s][info][gc,ergo     ] GC(40) Pacer for Mark. Expected Live: 81430K, Free: 1417M, Non-Taxable: 141M, Alloc Tax Rate: 0.1x
[30.416s][info][gc          ] GC(40) Pause Init Mark (unload classes) 0.194ms
[30.416s][info][gc,start    ] GC(40) Concurrent marking roots
[30.416s][info][gc,task     ] GC(40) Using 1 of 3 workers for concurrent marking roots
[30.417s][info][gc          ] GC(40) Concurrent marking roots 0.797ms
[30.417s][info][gc,start    ] GC(40) Concurrent marking (unload classes)
[30.417s][info][gc,task     ] GC(40) Using 1 of 3 workers for concurrent marking
[30.757s][info][gc          ] GC(40) Concurrent marking (unload classes) 340.172ms
[30.757s][info][gc,start    ] GC(40) Pause Final Mark (unload classes)
[30.757s][info][gc,task     ] GC(40) Using 3 of 3 workers for final marking
[30.757s][info][gc,ergo     ] GC(40) Adaptive CSet Selection. Target Free: 290M, Actual Free: 1244M, Max CSet: 87381K, Min Garbage: 0B
[30.757s][info][gc,ergo     ] GC(40) Collectable Garbage: 196M (61%), Immediate: 28736K (8%), CSet: 168M (52%)
[30.757s][info][gc,ergo     ] GC(40) Pacer for Evacuation. Used CSet: 254M, Free: 1152M, Non-Taxable: 115M, Alloc Tax Rate: 1.1x
[30.757s][info][gc          ] GC(40) Pause Final Mark (unload classes) 0.228ms
[30.776s][info][gc,start    ] GC(40) Concurrent thread roots
[30.776s][info][gc,task     ] GC(40) Using 1 of 3 workers for Concurrent thread roots
[30.776s][info][gc          ] GC(40) Concurrent thread roots 0.520ms
[30.776s][info][gc,start    ] GC(40) Concurrent weak references
[30.776s][info][gc,task     ] GC(40) Using 1 of 3 workers for concurrent weak references
[30.776s][info][gc,ref      ] GC(40) Encountered references: Soft: 133, Weak: 684, Final: 0, Phantom: 63
[30.776s][info][gc,ref      ] GC(40) Discovered  references: Soft: 0, Weak: 152, Final: 0, Phantom: 26
[30.776s][info][gc,ref      ] GC(40) Enqueued    references: Soft: 0, Weak: 0, Final: 0, Phantom: 0
[30.776s][info][gc          ] GC(40) Concurrent weak references 0.067ms
[30.776s][info][gc,start    ] GC(40) Concurrent weak roots
[30.776s][info][gc,task     ] GC(40) Using 1 of 3 workers for concurrent weak root
[30.791s][info][gc          ] GC(40) Concurrent weak roots 15.231ms
[30.791s][info][gc,start    ] GC(40) Concurrent cleanup
[30.792s][info][gc          ] GC(40) Concurrent cleanup 832M->804M(2048M) 0.062ms
[30.792s][info][gc,ergo     ] GC(40) Free: 1123M, Max: 1024K regular, 1085M humongous, Frag: 4% external, 0% internal; Reserve: 89088K, Max: 1024K
[30.792s][info][gc,start    ] GC(40) Concurrent class unloading
[30.792s][info][gc,task     ] GC(40) Using 1 of 3 workers for concurrent class unloading
[30.807s][info][gc          ] GC(40) Concurrent class unloading 15.536ms
[30.807s][info][gc,start    ] GC(40) Concurrent strong roots
[30.807s][info][gc,task     ] GC(40) Using 1 of 3 workers for concurrent strong root
[30.807s][info][gc          ] GC(40) Concurrent strong roots 0.077ms
[30.807s][info][gc,start    ] GC(40) Concurrent evacuation
[30.807s][info][gc,task     ] GC(40) Using 1 of 3 workers for concurrent evacuation
[30.880s][info][gc          ] GC(40) Concurrent evacuation 72.423ms
[30.880s][info][gc,start    ] GC(40) Pause Init Update Refs
[30.880s][info][gc,ergo     ] GC(40) Pacer for Update Refs. Used: 940M, Free: 1059M, Non-Taxable: 105M, Alloc Tax Rate: 1.1x
[30.880s][info][gc          ] GC(40) Pause Init Update Refs 0.045ms
[30.884s][info][gc,start    ] GC(40) Concurrent update references
[30.884s][info][gc,task     ] GC(40) Using 1 of 3 workers for concurrent reference update
[31.330s][info][gc          ] GC(40) Concurrent update references 446.228ms
[31.330s][info][gc,start    ] GC(40) Concurrent update thread roots
[31.331s][info][gc          ] GC(40) Concurrent update thread roots 0.420ms
[31.331s][info][gc,start    ] GC(40) Pause Final Update Refs
[31.331s][info][gc,task     ] GC(40) Using 3 of 3 workers for final reference update
[31.331s][info][gc          ] GC(40) Pause Final Update Refs 0.319ms
[31.331s][info][gc,start    ] GC(40) Concurrent cleanup
[31.331s][info][gc          ] GC(40) Concurrent cleanup 992M->738M(2048M) 0.041ms
[31.331s][info][gc,ergo     ] Free: 1171M, Max: 1024K regular, 921M humongous, Frag: 22% external, 0% internal; Reserve: 103M, Max: 1024K
[31.331s][info][gc,stats    ] 
[31.331s][info][gc,stats    ] All times are wall-clock times, except per-root-class counters, that are sum over
[31.331s][info][gc,stats    ] all workers. Dividing the <total> over the root stage time estimates parallelism.
[31.331s][info][gc,stats    ] 
[31.331s][info][gc,stats    ] Concurrent Reset                    472 us
[31.331s][info][gc,stats    ] Pause Init Mark (G)                 403 us
[31.331s][info][gc,stats    ] Pause Init Mark (N)                 203 us
[31.331s][info][gc,stats    ]   Update Region States               77 us
[31.331s][info][gc,stats    ] Concurrent Mark Roots               822 us, parallelism: 0.84x
[31.331s][info][gc,stats    ]   CMR: <total>                      688 us
[31.331s][info][gc,stats    ]   CMR: Thread Roots                 619 us, workers (us): 619, ---, ---, 
[31.331s][info][gc,stats    ]   CMR: VM Strong Roots                6 us, workers (us):   6, ---, ---, 
[31.331s][info][gc,stats    ]   CMR: CLDG Roots                    64 us, workers (us):  64, ---, ---, 
[31.331s][info][gc,stats    ] Concurrent Marking               340232 us
[31.331s][info][gc,stats    ] Pause Final Mark (G)              18553 us
[31.331s][info][gc,stats    ] Pause Final Mark (N)                236 us
[31.331s][info][gc,stats    ]   Finish Mark                        49 us
[31.331s][info][gc,stats    ]   Update Region States               30 us
[31.331s][info][gc,stats    ]   Choose Collection Set             104 us
[31.331s][info][gc,stats    ]   Rebuild Free Set                    8 us
[31.331s][info][gc,stats    ] Concurrent Thread Roots             538 us, parallelism: 0.76x
[31.331s][info][gc,stats    ]   CTR: <total>                      407 us
[31.331s][info][gc,stats    ]   CTR: Thread Roots                 407 us, workers (us): 407, ---, ---, 
[31.331s][info][gc,stats    ] Concurrent Weak References           74 us, parallelism: 0.19x
[31.331s][info][gc,stats    ]   CWRF: <total>                      14 us
[31.331s][info][gc,stats    ]   CWRF: Weak References              14 us, workers (us):  14, ---, ---, 
[31.331s][info][gc,stats    ] Concurrent Weak Roots             15329 us
[31.331s][info][gc,stats    ]   Roots                             966 us, parallelism: 0.96x
[31.331s][info][gc,stats    ]     CWR: <total>                    923 us
[31.331s][info][gc,stats    ]     CWR: Code Cache Roots           831 us, workers (us): 831, ---, ---, 
[31.331s][info][gc,stats    ]     CWR: VM Weak Roots               85 us, workers (us):  85, ---, ---, 
[31.331s][info][gc,stats    ]     CWR: CLDG Roots                   7 us, workers (us):   7, ---, ---, 
[31.331s][info][gc,stats    ]   Rendezvous                      14238 us
[31.331s][info][gc,stats    ] Concurrent Cleanup                   72 us
[31.331s][info][gc,stats    ] Concurrent Class Unloading        15600 us
[31.331s][info][gc,stats    ]   Unlink Stale                     4170 us
[31.331s][info][gc,stats    ]     System Dictionary                19 us
[31.331s][info][gc,stats    ]     Weak Class Links                  1 us
[31.331s][info][gc,stats    ]     Code Roots                     4148 us
[31.331s][info][gc,stats    ]   Rendezvous                      11083 us
[31.331s][info][gc,stats    ]   Purge Unlinked                    258 us
[31.331s][info][gc,stats    ]     Code Roots                      252 us
[31.331s][info][gc,stats    ]     CLDG                              5 us
[31.331s][info][gc,stats    ]     Exception Caches                  0 us
[31.331s][info][gc,stats    ] Concurrent Strong Roots              85 us, parallelism: 0.44x
[31.331s][info][gc,stats    ]   CSR: <total>                       37 us
[31.331s][info][gc,stats    ]   CSR: VM Strong Roots                4 us, workers (us):   4, ---, ---, 
[31.331s][info][gc,stats    ]   CSR: CLDG Roots                    34 us, workers (us):  34, ---, ---, 
[31.331s][info][gc,stats    ] Concurrent Evacuation             72491 us
[31.331s][info][gc,stats    ] Pause Init Update Refs (G)         4174 us
[31.331s][info][gc,stats    ] Pause Init Update Refs (N)           53 us
[31.331s][info][gc,stats    ]   Manage GCLABs                       4 us
[31.331s][info][gc,stats    ] Concurrent Update Refs           446311 us
[31.331s][info][gc,stats    ] Concurrent Update Thread Roots      466 us
[31.331s][info][gc,stats    ] Pause Final Update Refs (G)         370 us
[31.331s][info][gc,stats    ] Pause Final Update Refs (N)         329 us
[31.331s][info][gc,stats    ]   Update Region States              239 us
[31.331s][info][gc,stats    ]   Trash Collection Set                7 us
[31.331s][info][gc,stats    ]   Rebuild Free Set                   21 us
[31.332s][info][gc,stats    ] Concurrent Cleanup                   50 us
[31.332s][info][gc,stats    ] 
[31.332s][info][gc,stats    ] Allocation pacing accrued:
[31.332s][info][gc,stats    ]       0 of  1452 ms (  0.0%): <total>
[31.332s][info][gc,stats    ]       0 of  1452 ms (  0.0%): <average total>
[31.332s][info][gc,stats    ] 
[31.332s][info][gc,metaspace] Metaspace: 15869K(16128K)->15869K(16128K) NonClass: 13699K(13824K)->13700K(13824K) Class: 2169K(2304K)->2169K(2304K)
[31.332s][info][gc,ergo     ] Pacer for Idle. Initial: 41943K, Alloc Tax Rate: 1.0x
[31.339s][info][gc          ] Trigger: Explicit GC request (System.gc())
[31.339s][info][gc,ergo     ] Free: 1171M, Max: 1024K regular, 921M humongous, Frag: 22% external, 0% internal; Reserve: 103M, Max: 1024K
[31.340s][info][gc,start    ] GC(41) Concurrent reset
[31.340s][info][gc,task     ] GC(41) Using 1 of 3 workers for concurrent reset
[31.340s][info][gc,ergo     ] GC(41) Pacer for Reset. Non-Taxable: 2048M
[31.342s][info][gc          ] GC(41) Concurrent reset 2.303ms
[31.342s][info][gc,start    ] GC(41) Pause Init Mark (unload classes)
[31.342s][info][gc,task     ] GC(41) Using 3 of 3 workers for init marking
[31.342s][info][gc,ref      ] GC(41) Clearing All SoftReferences
[31.342s][info][gc,ergo     ] GC(41) Pacer for Mark. Expected Live: 117M, Free: 1171M, Non-Taxable: 117M, Alloc Tax Rate: 0.1x
[31.342s][info][gc          ] GC(41) Pause Init Mark (unload classes) 0.153ms
[31.342s][info][gc,start    ] GC(41) Concurrent marking roots
[31.342s][info][gc,task     ] GC(41) Using 1 of 3 workers for concurrent marking roots
[31.343s][info][gc          ] GC(41) Concurrent marking roots 0.451ms
[31.343s][info][gc,start    ] GC(41) Concurrent marking (unload classes)
[31.343s][info][gc,task     ] GC(41) Using 1 of 3 workers for concurrent marking
[31.348s][info][gc          ] GC(41) Concurrent marking (unload classes) 4.878ms
[31.348s][info][gc,start    ] GC(41) Pause Final Mark (unload classes)
[31.348s][info][gc,task     ] GC(41) Using 3 of 3 workers for final marking
[31.348s][info][gc,ergo     ] GC(41) Collectable Garbage: 725M (98%), Immediate: 725M (98%), CSet: 0B (0%)
[31.348s][info][gc          ] GC(41) Pause Final Mark (unload classes) 0.326ms
[31.348s][info][gc,start    ] GC(41) Concurrent weak references
[31.348s][info][gc,task     ] GC(41) Using 1 of 3 workers for concurrent weak references
[31.348s][info][gc,ref      ] GC(41) Encountered references: Soft: 178, Weak: 683, Final: 0, Phantom: 63
[31.348s][info][gc,ref      ] GC(41) Discovered  references: Soft: 127, Weak: 165, Final: 0, Phantom: 61
[31.348s][info][gc,ref      ] GC(41) Enqueued    references: Soft: 48, Weak: 0, Final: 0, Phantom: 0
[31.348s][info][gc          ] GC(41) Concurrent weak references 0.179ms
[31.348s][info][gc,start    ] GC(41) Concurrent weak roots
[31.348s][info][gc,task     ] GC(41) Using 1 of 3 workers for concurrent weak root
[31.349s][info][gc          ] GC(41) Concurrent weak roots 1.134ms
[31.349s][info][gc,start    ] GC(41) Concurrent cleanup
[31.349s][info][gc          ] GC(41) Concurrent cleanup 738M->13M(2048M) 0.056ms
[31.349s][info][gc,ergo     ] GC(41) Free: 1931M, Max: 1024K regular, 1004M humongous, Frag: 49% external, 0% internal; Reserve: 103M, Max: 1024K
[31.349s][info][gc,start    ] GC(41) Concurrent class unloading
[31.349s][info][gc,task     ] GC(41) Using 1 of 3 workers for concurrent class unloading
[31.353s][info][gc          ] GC(41) Concurrent class unloading 3.837ms
[31.353s][info][gc,start    ] GC(41) Pause Final Roots
[31.353s][info][gc          ] GC(41) Pause Final Roots 0.034ms
[31.354s][info][gc,ergo     ] Free: 1931M, Max: 1024K regular, 1004M humongous, Frag: 49% external, 0% internal; Reserve: 103M, Max: 1024K
[31.354s][info][gc,stats    ] 
[31.354s][info][gc,stats    ] All times are wall-clock times, except per-root-class counters, that are sum over
[31.354s][info][gc,stats    ] all workers. Dividing the <total> over the root stage time estimates parallelism.
[31.354s][info][gc,stats    ] 
[31.354s][info][gc,stats    ] Concurrent Reset                   2340 us
[31.354s][info][gc,stats    ] Pause Init Mark (G)                 254 us
[31.354s][info][gc,stats    ] Pause Init Mark (N)                 162 us
[31.354s][info][gc,stats    ]   Update Region States               57 us
[31.354s][info][gc,stats    ] Concurrent Mark Roots               468 us, parallelism: 0.71x
[31.354s][info][gc,stats    ]   CMR: <total>                      332 us
[31.354s][info][gc,stats    ]   CMR: Thread Roots                 288 us, workers (us): 288, ---, ---, 
[31.354s][info][gc,stats    ]   CMR: VM Strong Roots                4 us, workers (us):   4, ---, ---, 
[31.354s][info][gc,stats    ]   CMR: CLDG Roots                    40 us, workers (us):  40, ---, ---, 
[31.354s][info][gc,stats    ] Concurrent Marking                 4943 us
[31.354s][info][gc,stats    ] Pause Final Mark (G)                419 us
[31.354s][info][gc,stats    ] Pause Final Mark (N)                346 us
[31.354s][info][gc,stats    ]   Finish Mark                       113 us
[31.354s][info][gc,stats    ]   Update Region States               53 us
[31.354s][info][gc,stats    ]   Choose Collection Set              80 us
[31.354s][info][gc,stats    ]   Rebuild Free Set                   25 us
[31.354s][info][gc,stats    ] Concurrent Weak References          195 us, parallelism: 0.07x
[31.354s][info][gc,stats    ]   CWRF: <total>                      13 us
[31.354s][info][gc,stats    ]   CWRF: Weak References              13 us, workers (us):  13, ---, ---, 
[31.354s][info][gc,stats    ] Concurrent Weak Roots              1151 us
[31.354s][info][gc,stats    ]   Roots                            1046 us, parallelism: 0.92x
[31.354s][info][gc,stats    ]     CWR: <total>                    960 us
[31.354s][info][gc,stats    ]     CWR: Code Cache Roots           783 us, workers (us): 783, ---, ---, 
[31.354s][info][gc,stats    ]     CWR: VM Weak Roots              171 us, workers (us): 171, ---, ---, 
[31.354s][info][gc,stats    ]     CWR: CLDG Roots                   6 us, workers (us):   6, ---, ---, 
[31.354s][info][gc,stats    ]   Rendezvous                         57 us
[31.354s][info][gc,stats    ] Concurrent Cleanup                   64 us
[31.354s][info][gc,stats    ] Concurrent Class Unloading         3901 us
[31.354s][info][gc,stats    ]   Unlink Stale                     3593 us
[31.354s][info][gc,stats    ]     System Dictionary                 5 us
[31.354s][info][gc,stats    ]     Weak Class Links                  0 us
[31.354s][info][gc,stats    ]     Code Roots                     3585 us
[31.354s][info][gc,stats    ]   Rendezvous                         50 us
[31.354s][info][gc,stats    ]   Purge Unlinked                    174 us
[31.354s][info][gc,stats    ]     Code Roots                      165 us
[31.354s][info][gc,stats    ]     CLDG                              9 us
[31.354s][info][gc,stats    ]     Exception Caches                  0 us
[31.354s][info][gc,stats    ] Pause Final Roots (G)               129 us
[31.354s][info][gc,stats    ] Pause Final Roots (N)                54 us
[31.354s][info][gc,stats    ] 
[31.354s][info][gc,stats    ] Allocation pacing accrued:
[31.354s][info][gc,stats    ]       0 of    22 ms (  0.0%): <total>
[31.354s][info][gc,stats    ]       0 of    22 ms (  0.0%): <average total>
[31.354s][info][gc,stats    ] 
[31.354s][info][gc,metaspace] Metaspace: 15869K(16128K)->15869K(16128K) NonClass: 13700K(13824K)->13700K(13824K) Class: 2169K(2304K)->2169K(2304K)
[31.354s][info][gc,ergo     ] Pacer for Idle. Initial: 41943K, Alloc Tax Rate: 1.0x
[31.890s][info][gc          ] Trigger: Learning 2 of 5. Free (1414M) is below initial threshold (1433M)
[31.890s][info][gc,ergo     ] Free: 1414M, Max: 1024K regular, 1004M humongous, Frag: 29% external, 0% internal; Reserve: 103M, Max: 1024K
[31.890s][info][gc,start    ] GC(42) Concurrent reset
[31.890s][info][gc,task     ] GC(42) Using 1 of 3 workers for concurrent reset
[31.890s][info][gc,ergo     ] GC(42) Pacer for Reset. Non-Taxable: 2048M
[31.890s][info][gc          ] GC(42) Concurrent reset 0.380ms
[31.891s][info][gc,start    ] GC(42) Pause Init Mark (unload classes)
[31.891s][info][gc,task     ] GC(42) Using 3 of 3 workers for init marking
[31.891s][info][gc,ergo     ] GC(42) Pacer for Mark. Expected Live: 81739K, Free: 1414M, Non-Taxable: 141M, Alloc Tax Rate: 0.1x
[31.891s][info][gc          ] GC(42) Pause Init Mark (unload classes) 0.236ms
[31.891s][info][gc,start    ] GC(42) Concurrent marking roots
[31.891s][info][gc,task     ] GC(42) Using 1 of 3 workers for concurrent marking roots
[31.891s][info][gc          ] GC(42) Concurrent marking roots 0.428ms
[31.891s][info][gc,start    ] GC(42) Concurrent marking (unload classes)
[31.891s][info][gc,task     ] GC(42) Using 1 of 3 workers for concurrent marking
[32.232s][info][gc          ] GC(42) Concurrent marking (unload classes) 340.764ms
[32.232s][info][gc,start    ] GC(42) Pause Final Mark (unload classes)
[32.232s][info][gc,task     ] GC(42) Using 3 of 3 workers for final marking
[32.232s][info][gc,ergo     ] GC(42) Adaptive CSet Selection. Target Free: 290M, Actual Free: 1239M, Max CSet: 87381K, Min Garbage: 0B
[32.232s][info][gc,ergo     ] GC(42) Collectable Garbage: 197M (61%), Immediate: 28382K (8%), CSet: 169M (52%)
[32.232s][info][gc,ergo     ] GC(42) Pacer for Evacuation. Used CSet: 255M, Free: 1148M, Non-Taxable: 114M, Alloc Tax Rate: 1.1x
[32.232s][info][gc          ] GC(42) Pause Final Mark (unload classes) 0.262ms
[32.248s][info][gc,start    ] GC(42) Concurrent thread roots
[32.248s][info][gc,task     ] GC(42) Using 1 of 3 workers for Concurrent thread roots
[32.248s][info][gc          ] GC(42) Concurrent thread roots 0.503ms
[32.248s][info][gc,start    ] GC(42) Concurrent weak references
[32.248s][info][gc,task     ] GC(42) Using 1 of 3 workers for concurrent weak references
[32.248s][info][gc,ref      ] GC(42) Encountered references: Soft: 133, Weak: 684, Final: 0, Phantom: 63
[32.248s][info][gc,ref      ] GC(42) Discovered  references: Soft: 0, Weak: 152, Final: 0, Phantom: 26
[32.248s][info][gc,ref      ] GC(42) Enqueued    references: Soft: 0, Weak: 0, Final: 0, Phantom: 0
[32.248s][info][gc          ] GC(42) Concurrent weak references 0.073ms
[32.248s][info][gc,start    ] GC(42) Concurrent weak roots
[32.248s][info][gc,task     ] GC(42) Using 1 of 3 workers for concurrent weak root
[32.263s][info][gc          ] GC(42) Concurrent weak roots 14.954ms
[32.263s][info][gc,start    ] GC(42) Concurrent cleanup
[32.263s][info][gc          ] GC(42) Concurrent cleanup 830M->803M(2048M) 0.042ms
[32.263s][info][gc,ergo     ] GC(42) Free: 1128M, Max: 1024K regular, 1090M humongous, Frag: 4% external, 0% internal; Reserve: 89088K, Max: 1024K
[32.263s][info][gc,start    ] GC(42) Concurrent class unloading
[32.263s][info][gc,task     ] GC(42) Using 1 of 3 workers for concurrent class unloading
[32.279s][info][gc          ] GC(42) Concurrent class unloading 15.753ms
[32.279s][info][gc,start    ] GC(42) Concurrent strong roots
[32.279s][info][gc,task     ] GC(42) Using 1 of 3 workers for concurrent strong root
[32.279s][info][gc          ] GC(42) Concurrent strong roots 0.079ms
[32.279s][info][gc,start    ] GC(42) Concurrent evacuation
[32.279s][info][gc,task     ] GC(42) Using 1 of 3 workers for concurrent evacuation
[32.360s][info][gc          ] GC(42) Concurrent evacuation 80.886ms
[32.360s][info][gc,start    ] GC(42) Pause Init Update Refs
[32.360s][info][gc,ergo     ] GC(42) Pacer for Update Refs. Used: 956M, Free: 1043M, Non-Taxable: 104M, Alloc Tax Rate: 1.1x
[32.360s][info][gc          ] GC(42) Pause Init Update Refs 0.061ms
[32.361s][info][gc,start    ] GC(42) Concurrent update references
[32.361s][info][gc,task     ] GC(42) Using 1 of 3 workers for concurrent reference update
[32.797s][info][gc          ] GC(42) Concurrent update references 435.907ms
[32.797s][info][gc,start    ] GC(42) Concurrent update thread roots
[32.798s][info][gc          ] GC(42) Concurrent update thread roots 0.877ms
[32.798s][info][gc,start    ] GC(42) Pause Final Update Refs
[32.798s][info][gc,task     ] GC(42) Using 3 of 3 workers for final reference update
[32.798s][info][gc          ] GC(42) Pause Final Update Refs 0.268ms
[32.798s][info][gc,start    ] GC(42) Concurrent cleanup
[32.798s][info][gc          ] GC(42) Concurrent cleanup 995M->740M(2048M) 0.046ms
[32.798s][info][gc,ergo     ] Free: 1170M, Max: 1024K regular, 920M humongous, Frag: 22% external, 0% internal; Reserve: 103M, Max: 1024K
[32.798s][info][gc,stats    ] 
[32.798s][info][gc,stats    ] All times are wall-clock times, except per-root-class counters, that are sum over
[32.798s][info][gc,stats    ] all workers. Dividing the <total> over the root stage time estimates parallelism.
[32.798s][info][gc,stats    ] 
[32.798s][info][gc,stats    ] Concurrent Reset                    430 us
[32.798s][info][gc,stats    ] Pause Init Mark (G)                 409 us
[32.798s][info][gc,stats    ] Pause Init Mark (N)                 255 us
[32.798s][info][gc,stats    ]   Update Region States              105 us
[32.798s][info][gc,stats    ] Concurrent Mark Roots               446 us, parallelism: 0.81x
[32.798s][info][gc,stats    ]   CMR: <total>                      359 us
[32.798s][info][gc,stats    ]   CMR: Thread Roots                 318 us, workers (us): 318, ---, ---, 
[32.798s][info][gc,stats    ]   CMR: VM Strong Roots                4 us, workers (us):   4, ---, ---, 
[32.798s][info][gc,stats    ]   CMR: CLDG Roots                    37 us, workers (us):  37, ---, ---, 
[32.798s][info][gc,stats    ] Concurrent Marking               340826 us
[32.798s][info][gc,stats    ] Pause Final Mark (G)              15554 us
[32.798s][info][gc,stats    ] Pause Final Mark (N)                271 us
[32.798s][info][gc,stats    ]   Finish Mark                        49 us
[32.798s][info][gc,stats    ]   Update Region States               32 us
[32.798s][info][gc,stats    ]   Choose Collection Set              92 us
[32.798s][info][gc,stats    ]   Rebuild Free Set                    9 us
[32.798s][info][gc,stats    ] Concurrent Thread Roots             524 us, parallelism: 0.76x
[32.798s][info][gc,stats    ]   CTR: <total>                      399 us
[32.798s][info][gc,stats    ]   CTR: Thread Roots                 399 us, workers (us): 399, ---, ---, 
[32.798s][info][gc,stats    ] Concurrent Weak References           82 us, parallelism: 0.16x
[32.798s][info][gc,stats    ]   CWRF: <total>                      13 us
[32.798s][info][gc,stats    ]   CWRF: Weak References              13 us, workers (us):  13, ---, ---, 
[32.798s][info][gc,stats    ] Concurrent Weak Roots             15008 us
[32.798s][info][gc,stats    ]   Roots                             931 us, parallelism: 0.96x
[32.798s][info][gc,stats    ]     CWR: <total>                    896 us
[32.798s][info][gc,stats    ]     CWR: Code Cache Roots           802 us, workers (us): 802, ---, ---, 
[32.798s][info][gc,stats    ]     CWR: VM Weak Roots               87 us, workers (us):  87, ---, ---, 
[32.798s][info][gc,stats    ]     CWR: CLDG Roots                   7 us, workers (us):   7, ---, ---, 
[32.798s][info][gc,stats    ]   Rendezvous                      14003 us
[32.798s][info][gc,stats    ] Concurrent Cleanup                   50 us
[32.798s][info][gc,stats    ] Concurrent Class Unloading        15807 us
[32.798s][info][gc,stats    ]   Unlink Stale                     3782 us
[32.798s][info][gc,stats    ]     System Dictionary                13 us
[32.798s][info][gc,stats    ]     Weak Class Links                  0 us
[32.798s][info][gc,stats    ]     Code Roots                     3766 us
[32.798s][info][gc,stats    ]   Rendezvous                      11700 us
[32.798s][info][gc,stats    ]   Purge Unlinked                    243 us
[32.798s][info][gc,stats    ]     Code Roots                      238 us
[32.798s][info][gc,stats    ]     CLDG                              4 us
[32.798s][info][gc,stats    ]     Exception Caches                  0 us
[32.798s][info][gc,stats    ] Concurrent Strong Roots              87 us, parallelism: 0.45x
[32.798s][info][gc,stats    ]   CSR: <total>                       39 us
[32.798s][info][gc,stats    ]   CSR: VM Strong Roots                5 us, workers (us):   5, ---, ---, 
[32.798s][info][gc,stats    ]   CSR: CLDG Roots                    34 us, workers (us):  34, ---, ---, 
[32.798s][info][gc,stats    ] Concurrent Evacuation             80952 us
[32.798s][info][gc,stats    ] Pause Init Update Refs (G)          471 us
[32.798s][info][gc,stats    ] Pause Init Update Refs (N)           70 us
[32.798s][info][gc,stats    ]   Manage GCLABs                       3 us
[32.798s][info][gc,stats    ] Concurrent Update Refs           435976 us
[32.798s][info][gc,stats    ] Concurrent Update Thread Roots      895 us
[32.798s][info][gc,stats    ] Pause Final Update Refs (G)         387 us
[32.798s][info][gc,stats    ] Pause Final Update Refs (N)         318 us
[32.798s][info][gc,stats    ]   Update Region States              125 us
[32.798s][info][gc,stats    ]   Trash Collection Set               16 us
[32.798s][info][gc,stats    ]   Rebuild Free Set                   31 us
[32.798s][info][gc,stats    ] Concurrent Cleanup                   56 us
[32.798s][info][gc,stats    ] 
[32.798s][info][gc,stats    ] Allocation pacing accrued:
[32.798s][info][gc,stats    ]       0 of  1445 ms (  0.0%): <total>
[32.798s][info][gc,stats    ]       0 of  1445 ms (  0.0%): <average total>
[32.798s][info][gc,stats    ] 
[32.799s][info][gc,metaspace] Metaspace: 15869K(16128K)->15869K(16128K) NonClass: 13700K(13824K)->13700K(13824K) Class: 2169K(2304K)->2169K(2304K)
[32.799s][info][gc,ergo     ] Pacer for Idle. Initial: 41943K, Alloc Tax Rate: 1.0x
[32.801s][info][gc          ] Trigger: Explicit GC request (System.gc())
[32.801s][info][gc,ergo     ] Free: 1170M, Max: 1024K regular, 920M humongous, Frag: 22% external, 0% internal; Reserve: 103M, Max: 1024K
[32.801s][info][gc,start    ] GC(43) Concurrent reset
[32.801s][info][gc,task     ] GC(43) Using 1 of 3 workers for concurrent reset
[32.801s][info][gc,ergo     ] GC(43) Pacer for Reset. Non-Taxable: 2048M
[32.804s][info][gc          ] GC(43) Concurrent reset 2.458ms
[32.804s][info][gc,start    ] GC(43) Pause Init Mark (unload classes)
[32.804s][info][gc,task     ] GC(43) Using 3 of 3 workers for init marking
[32.804s][info][gc,ref      ] GC(43) Clearing All SoftReferences
[32.804s][info][gc,ergo     ] GC(43) Pacer for Mark. Expected Live: 117M, Free: 1170M, Non-Taxable: 117M, Alloc Tax Rate: 0.1x
[32.804s][info][gc          ] GC(43) Pause Init Mark (unload classes) 0.185ms
[32.804s][info][gc,start    ] GC(43) Concurrent marking roots
[32.804s][info][gc,task     ] GC(43) Using 1 of 3 workers for concurrent marking roots
[32.804s][info][gc          ] GC(43) Concurrent marking roots 0.442ms
[32.804s][info][gc,start    ] GC(43) Concurrent marking (unload classes)
[32.804s][info][gc,task     ] GC(43) Using 1 of 3 workers for concurrent marking
[32.809s][info][gc          ] GC(43) Concurrent marking (unload classes) 4.861ms
[32.809s][info][gc,start    ] GC(43) Pause Final Mark (unload classes)
[32.810s][info][gc,task     ] GC(43) Using 3 of 3 workers for final marking
[32.810s][info][gc,ergo     ] GC(43) Collectable Garbage: 727M (98%), Immediate: 727M (98%), CSet: 0B (0%)
[32.810s][info][gc          ] GC(43) Pause Final Mark (unload classes) 0.493ms
[32.810s][info][gc,start    ] GC(43) Concurrent weak references
[32.810s][info][gc,task     ] GC(43) Using 1 of 3 workers for concurrent weak references
[32.810s][info][gc,ref      ] GC(43) Encountered references: Soft: 178, Weak: 683, Final: 0, Phantom: 63
[32.810s][info][gc,ref      ] GC(43) Discovered  references: Soft: 127, Weak: 165, Final: 0, Phantom: 61
[32.810s][info][gc,ref      ] GC(43) Enqueued    references: Soft: 48, Weak: 0, Final: 0, Phantom: 0
[32.810s][info][gc          ] GC(43) Concurrent weak references 0.180ms
[32.810s][info][gc,start    ] GC(43) Concurrent weak roots
[32.810s][info][gc,task     ] GC(43) Using 1 of 3 workers for concurrent weak root
[32.811s][info][gc          ] GC(43) Concurrent weak roots 0.891ms
[32.811s][info][gc,start    ] GC(43) Concurrent cleanup
[32.811s][info][gc          ] GC(43) Concurrent cleanup 740M->13M(2048M) 0.058ms
[32.811s][info][gc,ergo     ] GC(43) Free: 1932M, Max: 1024K regular, 1006M humongous, Frag: 48% external, 0% internal; Reserve: 103M, Max: 1024K
[32.811s][info][gc,start    ] GC(43) Concurrent class unloading
[32.811s][info][gc,task     ] GC(43) Using 1 of 3 workers for concurrent class unloading
[32.815s][info][gc          ] GC(43) Concurrent class unloading 4.216ms
[32.816s][info][gc,start    ] GC(43) Pause Final Roots
[32.816s][info][gc          ] GC(43) Pause Final Roots 0.059ms
[32.816s][info][gc,ergo     ] Free: 1932M, Max: 1024K regular, 1006M humongous, Frag: 48% external, 0% internal; Reserve: 103M, Max: 1024K
[32.816s][info][gc,stats    ] 
[32.816s][info][gc,stats    ] All times are wall-clock times, except per-root-class counters, that are sum over
[32.816s][info][gc,stats    ] all workers. Dividing the <total> over the root stage time estimates parallelism.
[32.816s][info][gc,stats    ] 
[32.816s][info][gc,stats    ] Concurrent Reset                   2495 us
[32.816s][info][gc,stats    ] Pause Init Mark (G)                 315 us
[32.816s][info][gc,stats    ] Pause Init Mark (N)                 193 us
[32.816s][info][gc,stats    ]   Update Region States               84 us
[32.816s][info][gc,stats    ] Concurrent Mark Roots               467 us, parallelism: 0.69x
[32.816s][info][gc,stats    ]   CMR: <total>                      321 us
[32.816s][info][gc,stats    ]   CMR: Thread Roots                 279 us, workers (us): 279, ---, ---, 
[32.816s][info][gc,stats    ]   CMR: VM Strong Roots                4 us, workers (us):   4, ---, ---, 
[32.816s][info][gc,stats    ]   CMR: CLDG Roots                    38 us, workers (us):  38, ---, ---, 
[32.816s][info][gc,stats    ] Concurrent Marking                 4922 us
[32.816s][info][gc,stats    ] Pause Final Mark (G)                642 us
[32.816s][info][gc,stats    ] Pause Final Mark (N)                518 us
[32.816s][info][gc,stats    ]   Finish Mark                       162 us
[32.816s][info][gc,stats    ]   Update Region States              124 us
[32.816s][info][gc,stats    ]   Choose Collection Set             102 us
[32.816s][info][gc,stats    ]   Rebuild Free Set                   25 us
[32.816s][info][gc,stats    ] Concurrent Weak References          197 us, parallelism: 0.08x
[32.816s][info][gc,stats    ]   CWRF: <total>                      15 us
[32.816s][info][gc,stats    ]   CWRF: Weak References              15 us, workers (us):  15, ---, ---, 
[32.816s][info][gc,stats    ] Concurrent Weak Roots               920 us
[32.816s][info][gc,stats    ]   Roots                             777 us, parallelism: 0.92x
[32.816s][info][gc,stats    ]     CWR: <total>                    715 us
[32.816s][info][gc,stats    ]     CWR: Code Cache Roots           633 us, workers (us): 633, ---, ---, 
[32.816s][info][gc,stats    ]     CWR: VM Weak Roots               77 us, workers (us):  77, ---, ---, 
[32.816s][info][gc,stats    ]     CWR: CLDG Roots                   5 us, workers (us):   5, ---, ---, 
[32.816s][info][gc,stats    ]   Rendezvous                         81 us
[32.816s][info][gc,stats    ] Concurrent Cleanup                   66 us
[32.816s][info][gc,stats    ] Concurrent Class Unloading         4265 us
[32.816s][info][gc,stats    ]   Unlink Stale                     3690 us
[32.816s][info][gc,stats    ]     System Dictionary                 5 us
[32.816s][info][gc,stats    ]     Weak Class Links                  0 us
[32.816s][info][gc,stats    ]     Code Roots                     3683 us
[32.816s][info][gc,stats    ]   Rendezvous                        200 us
[32.816s][info][gc,stats    ]   Purge Unlinked                    308 us
[32.816s][info][gc,stats    ]     Code Roots                      294 us
[32.816s][info][gc,stats    ]     CLDG                             13 us
[32.816s][info][gc,stats    ]     Exception Caches                  0 us
[32.816s][info][gc,stats    ] Pause Final Roots (G)               162 us
[32.816s][info][gc,stats    ] Pause Final Roots (N)                77 us
[32.816s][info][gc,stats    ] 
[32.816s][info][gc,stats    ] Allocation pacing accrued:
[32.816s][info][gc,stats    ]       0 of    18 ms (  0.0%): <total>
[32.816s][info][gc,stats    ]       0 of    18 ms (  0.0%): <average total>
[32.816s][info][gc,stats    ] 
[32.816s][info][gc,metaspace] Metaspace: 15869K(16128K)->15869K(16128K) NonClass: 13700K(13824K)->13700K(13824K) Class: 2169K(2304K)->2169K(2304K)
[32.816s][info][gc,ergo     ] Pacer for Idle. Initial: 41943K, Alloc Tax Rate: 1.0x
[33.350s][info][gc          ] Trigger: Learning 2 of 5. Free (1418M) is below initial threshold (1433M)
[33.350s][info][gc,ergo     ] Free: 1418M, Max: 1024K regular, 1006M humongous, Frag: 30% external, 0% internal; Reserve: 103M, Max: 1024K
[33.350s][info][gc,start    ] GC(44) Concurrent reset
[33.350s][info][gc,task     ] GC(44) Using 1 of 3 workers for concurrent reset
[33.350s][info][gc,ergo     ] GC(44) Pacer for Reset. Non-Taxable: 2048M
[33.351s][info][gc          ] GC(44) Concurrent reset 0.361ms
[33.351s][info][gc,start    ] GC(44) Pause Init Mark (unload classes)
[33.351s][info][gc,task     ] GC(44) Using 3 of 3 workers for init marking
[33.351s][info][gc,ergo     ] GC(44) Pacer for Mark. Expected Live: 81780K, Free: 1418M, Non-Taxable: 141M, Alloc Tax Rate: 0.1x
[33.351s][info][gc          ] GC(44) Pause Init Mark (unload classes) 0.224ms
[33.351s][info][gc,start    ] GC(44) Concurrent marking roots
[33.351s][info][gc,task     ] GC(44) Using 1 of 3 workers for concurrent marking roots
[33.352s][info][gc          ] GC(44) Concurrent marking roots 0.649ms
[33.352s][info][gc,start    ] GC(44) Concurrent marking (unload classes)
[33.352s][info][gc,task     ] GC(44) Using 1 of 3 workers for concurrent marking
[33.682s][info][gc          ] GC(44) Concurrent marking (unload classes) 330.674ms
[33.683s][info][gc,start    ] GC(44) Pause Final Mark (unload classes)
[33.683s][info][gc,task     ] GC(44) Using 3 of 3 workers for final marking
[33.683s][info][gc,ergo     ] GC(44) Adaptive CSet Selection. Target Free: 290M, Actual Free: 1247M, Max CSet: 87381K, Min Garbage: 0B
[33.683s][info][gc,ergo     ] GC(44) Collectable Garbage: 196M (61%), Immediate: 28800K (8%), CSet: 168M (52%)
[33.683s][info][gc,ergo     ] GC(44) Pacer for Evacuation. Used CSet: 254M, Free: 1156M, Non-Taxable: 115M, Alloc Tax Rate: 1.1x
[33.683s][info][gc          ] GC(44) Pause Final Mark (unload classes) 0.225ms
[33.698s][info][gc,start    ] GC(44) Concurrent thread roots
[33.698s][info][gc,task     ] GC(44) Using 1 of 3 workers for Concurrent thread roots
[33.699s][info][gc          ] GC(44) Concurrent thread roots 0.496ms
[33.699s][info][gc,start    ] GC(44) Concurrent weak references
[33.699s][info][gc,task     ] GC(44) Using 1 of 3 workers for concurrent weak references
[33.699s][info][gc,ref      ] GC(44) Encountered references: Soft: 133, Weak: 684, Final: 0, Phantom: 63
[33.699s][info][gc,ref      ] GC(44) Discovered  references: Soft: 0, Weak: 152, Final: 0, Phantom: 26
[33.699s][info][gc,ref      ] GC(44) Enqueued    references: Soft: 0, Weak: 0, Final: 0, Phantom: 0
[33.699s][info][gc          ] GC(44) Concurrent weak references 0.082ms
[33.699s][info][gc,start    ] GC(44) Concurrent weak roots
[33.699s][info][gc,task     ] GC(44) Using 1 of 3 workers for concurrent weak root
[33.714s][info][gc          ] GC(44) Concurrent weak roots 15.044ms
[33.714s][info][gc,start    ] GC(44) Concurrent cleanup
[33.714s][info][gc          ] GC(44) Concurrent cleanup 816M->788M(2048M) 0.041ms
[33.714s][info][gc,ergo     ] GC(44) Free: 1142M, Max: 1024K regular, 1104M humongous, Frag: 4% external, 0% internal; Reserve: 91136K, Max: 1024K
[33.714s][info][gc,start    ] GC(44) Concurrent class unloading
[33.714s][info][gc,task     ] GC(44) Using 1 of 3 workers for concurrent class unloading
[33.730s][info][gc          ] GC(44) Concurrent class unloading 15.887ms
[33.730s][info][gc,start    ] GC(44) Concurrent strong roots
[33.730s][info][gc,task     ] GC(44) Using 1 of 3 workers for concurrent strong root
[33.730s][info][gc          ] GC(44) Concurrent strong roots 0.088ms
[33.730s][info][gc,start    ] GC(44) Concurrent evacuation
[33.730s][info][gc,task     ] GC(44) Using 1 of 3 workers for concurrent evacuation
[33.807s][info][gc          ] GC(44) Concurrent evacuation 77.389ms
[33.807s][info][gc,start    ] GC(44) Pause Init Update Refs
[33.808s][info][gc,ergo     ] GC(44) Pacer for Update Refs. Used: 946M, Free: 1052M, Non-Taxable: 105M, Alloc Tax Rate: 1.1x
[33.808s][info][gc          ] GC(44) Pause Init Update Refs 0.059ms
[33.808s][info][gc,start    ] GC(44) Concurrent update references
[33.808s][info][gc,task     ] GC(44) Using 1 of 3 workers for concurrent reference update
[34.233s][info][gc          ] GC(44) Concurrent update references 425.847ms
[34.234s][info][gc,start    ] GC(44) Concurrent update thread roots
[34.234s][info][gc          ] GC(44) Concurrent update thread roots 0.778ms
[34.234s][info][gc,start    ] GC(44) Pause Final Update Refs
[34.234s][info][gc,task     ] GC(44) Using 3 of 3 workers for final reference update
[34.235s][info][gc          ] GC(44) Pause Final Update Refs 0.298ms
[34.235s][info][gc,start    ] GC(44) Concurrent cleanup
[34.235s][info][gc          ] GC(44) Concurrent cleanup 992M->738M(2048M) 0.041ms
[34.235s][info][gc,ergo     ] Free: 1172M, Max: 1024K regular, 922M humongous, Frag: 22% external, 0% internal; Reserve: 103M, Max: 1024K
[34.235s][info][gc,stats    ] 
[34.235s][info][gc,stats    ] All times are wall-clock times, except per-root-class counters, that are sum over
[34.235s][info][gc,stats    ] all workers. Dividing the <total> over the root stage time estimates parallelism.
[34.235s][info][gc,stats    ] 
[34.235s][info][gc,stats    ] Concurrent Reset                    387 us
[34.235s][info][gc,stats    ] Pause Init Mark (G)                 420 us
[34.235s][info][gc,stats    ] Pause Init Mark (N)                 242 us
[34.235s][info][gc,stats    ]   Update Region States               96 us
[34.235s][info][gc,stats    ] Concurrent Mark Roots               687 us, parallelism: 0.72x
[34.235s][info][gc,stats    ]   CMR: <total>                      495 us
[34.235s][info][gc,stats    ]   CMR: Thread Roots                 421 us, workers (us): 421, ---, ---, 
[34.235s][info][gc,stats    ]   CMR: VM Strong Roots                7 us, workers (us):   7, ---, ---, 
[34.235s][info][gc,stats    ]   CMR: CLDG Roots                    67 us, workers (us):  67, ---, ---, 
[34.235s][info][gc,stats    ] Concurrent Marking               330735 us
[34.235s][info][gc,stats    ] Pause Final Mark (G)              15577 us
[34.235s][info][gc,stats    ] Pause Final Mark (N)                233 us
[34.235s][info][gc,stats    ]   Finish Mark                        32 us
[34.235s][info][gc,stats    ]   Update Region States               36 us
[34.235s][info][gc,stats    ]   Choose Collection Set             106 us
[34.235s][info][gc,stats    ]   Rebuild Free Set                    9 us
[34.235s][info][gc,stats    ] Concurrent Thread Roots             515 us, parallelism: 0.76x
[34.235s][info][gc,stats    ]   CTR: <total>                      392 us
[34.235s][info][gc,stats    ]   CTR: Thread Roots                 392 us, workers (us): 392, ---, ---, 
[34.235s][info][gc,stats    ] Concurrent Weak References           89 us, parallelism: 0.17x
[34.235s][info][gc,stats    ]   CWRF: <total>                      15 us
[34.235s][info][gc,stats    ]   CWRF: Weak References              15 us, workers (us):  15, ---, ---, 
[34.235s][info][gc,stats    ] Concurrent Weak Roots             15106 us
[34.235s][info][gc,stats    ]   Roots                             859 us, parallelism: 0.96x
[34.235s][info][gc,stats    ]     CWR: <total>                    827 us
[34.235s][info][gc,stats    ]     CWR: Code Cache Roots           735 us, workers (us): 735, ---, ---, 
[34.235s][info][gc,stats    ]     CWR: VM Weak Roots               85 us, workers (us):  85, ---, ---, 
[34.235s][info][gc,stats    ]     CWR: CLDG Roots                   7 us, workers (us):   7, ---, ---, 
[34.235s][info][gc,stats    ]   Rendezvous                      14165 us
[34.235s][info][gc,stats    ] Concurrent Cleanup                   49 us
[34.235s][info][gc,stats    ] Concurrent Class Unloading        15953 us
[34.235s][info][gc,stats    ]   Unlink Stale                     3844 us
[34.235s][info][gc,stats    ]     System Dictionary                11 us
[34.235s][info][gc,stats    ]     Weak Class Links                  0 us
[34.235s][info][gc,stats    ]     Code Roots                     3830 us
[34.235s][info][gc,stats    ]   Rendezvous                      11704 us
[34.235s][info][gc,stats    ]   Purge Unlinked                    317 us
[34.235s][info][gc,stats    ]     Code Roots                      310 us
[34.235s][info][gc,stats    ]     CLDG                              6 us
[34.235s][info][gc,stats    ]     Exception Caches                  0 us
[34.235s][info][gc,stats    ] Concurrent Strong Roots              97 us, parallelism: 0.48x
[34.235s][info][gc,stats    ]   CSR: <total>                       46 us
[34.235s][info][gc,stats    ]   CSR: VM Strong Roots                4 us, workers (us):   4, ---, ---, 
[34.235s][info][gc,stats    ]   CSR: CLDG Roots                    42 us, workers (us):  42, ---, ---, 
[34.235s][info][gc,stats    ] Concurrent Evacuation             77466 us
[34.235s][info][gc,stats    ] Pause Init Update Refs (G)          175 us
[34.235s][info][gc,stats    ] Pause Init Update Refs (N)           67 us
[34.235s][info][gc,stats    ]   Manage GCLABs                       3 us
[34.235s][info][gc,stats    ] Concurrent Update Refs           425925 us
[34.235s][info][gc,stats    ] Concurrent Update Thread Roots      796 us
[34.235s][info][gc,stats    ] Pause Final Update Refs (G)         397 us
[34.235s][info][gc,stats    ] Pause Final Update Refs (N)         339 us
[34.235s][info][gc,stats    ]   Update Region States              106 us
[34.235s][info][gc,stats    ]   Trash Collection Set               12 us
[34.235s][info][gc,stats    ]   Rebuild Free Set                   25 us
[34.235s][info][gc,stats    ] Concurrent Cleanup                   51 us
[34.235s][info][gc,stats    ] 
[34.235s][info][gc,stats    ] Allocation pacing accrued:
[34.235s][info][gc,stats    ]       0 of  1419 ms (  0.0%): <total>
[34.235s][info][gc,stats    ]       0 of  1419 ms (  0.0%): <average total>
[34.235s][info][gc,stats    ] 
[34.235s][info][gc,metaspace] Metaspace: 15869K(16128K)->15871K(16128K) NonClass: 13700K(13824K)->13701K(13824K) Class: 2169K(2304K)->2169K(2304K)
[34.235s][info][gc,ergo     ] Pacer for Idle. Initial: 41943K, Alloc Tax Rate: 1.0x
[34.241s][info][gc          ] Trigger: Explicit GC request (System.gc())
[34.242s][info][gc,ergo     ] Free: 1172M, Max: 1024K regular, 922M humongous, Frag: 22% external, 0% internal; Reserve: 103M, Max: 1024K
[34.242s][info][gc,start    ] GC(45) Concurrent reset
[34.242s][info][gc,task     ] GC(45) Using 1 of 3 workers for concurrent reset
[34.242s][info][gc,ergo     ] GC(45) Pacer for Reset. Non-Taxable: 2048M
[34.244s][info][gc          ] GC(45) Concurrent reset 2.565ms
[34.244s][info][gc,start    ] GC(45) Pause Init Mark (unload classes)
[34.244s][info][gc,task     ] GC(45) Using 3 of 3 workers for init marking
[34.244s][info][gc,ref      ] GC(45) Clearing All SoftReferences
[34.244s][info][gc,ergo     ] GC(45) Pacer for Mark. Expected Live: 117M, Free: 1172M, Non-Taxable: 117M, Alloc Tax Rate: 0.1x
[34.244s][info][gc          ] GC(45) Pause Init Mark (unload classes) 0.168ms
[34.244s][info][gc,start    ] GC(45) Concurrent marking roots
[34.245s][info][gc,task     ] GC(45) Using 1 of 3 workers for concurrent marking roots
[34.245s][info][gc          ] GC(45) Concurrent marking roots 0.454ms
[34.245s][info][gc,start    ] GC(45) Concurrent marking (unload classes)
[34.245s][info][gc,task     ] GC(45) Using 1 of 3 workers for concurrent marking
[34.250s][info][gc          ] GC(45) Concurrent marking (unload classes) 4.656ms
[34.250s][info][gc,start    ] GC(45) Pause Final Mark (unload classes)
[34.250s][info][gc,task     ] GC(45) Using 3 of 3 workers for final marking
[34.250s][info][gc,ergo     ] GC(45) Collectable Garbage: 725M (98%), Immediate: 725M (98%), CSet: 0B (0%)
[34.250s][info][gc          ] GC(45) Pause Final Mark (unload classes) 0.405ms
[34.250s][info][gc,start    ] GC(45) Concurrent weak references
[34.250s][info][gc,task     ] GC(45) Using 1 of 3 workers for concurrent weak references
[34.250s][info][gc,ref      ] GC(45) Encountered references: Soft: 178, Weak: 683, Final: 0, Phantom: 63
[34.250s][info][gc,ref      ] GC(45) Discovered  references: Soft: 127, Weak: 165, Final: 0, Phantom: 61
[34.250s][info][gc,ref      ] GC(45) Enqueued    references: Soft: 48, Weak: 0, Final: 0, Phantom: 0
[34.250s][info][gc          ] GC(45) Concurrent weak references 0.174ms
[34.250s][info][gc,start    ] GC(45) Concurrent weak roots
[34.250s][info][gc,task     ] GC(45) Using 1 of 3 workers for concurrent weak root
[34.251s][info][gc          ] GC(45) Concurrent weak roots 1.094ms
[34.252s][info][gc,start    ] GC(45) Concurrent cleanup
[34.252s][info][gc          ] GC(45) Concurrent cleanup 738M->13M(2048M) 0.063ms
[34.252s][info][gc,ergo     ] GC(45) Free: 1932M, Max: 1024K regular, 1006M humongous, Frag: 48% external, 0% internal; Reserve: 103M, Max: 1024K
[34.252s][info][gc,start    ] GC(45) Concurrent class unloading
[34.252s][info][gc,task     ] GC(45) Using 1 of 3 workers for concurrent class unloading
[34.256s][info][gc          ] GC(45) Concurrent class unloading 3.985ms
[34.256s][info][gc,start    ] GC(45) Pause Final Roots
[34.256s][info][gc          ] GC(45) Pause Final Roots 0.052ms
[34.256s][info][gc,ergo     ] Free: 1932M, Max: 1024K regular, 1006M humongous, Frag: 48% external, 0% internal; Reserve: 103M, Max: 1024K
[34.256s][info][gc,stats    ] 
[34.256s][info][gc,stats    ] All times are wall-clock times, except per-root-class counters, that are sum over
[34.256s][info][gc,stats    ] all workers. Dividing the <total> over the root stage time estimates parallelism.
[34.256s][info][gc,stats    ] 
[34.256s][info][gc,stats    ] Concurrent Reset                   2603 us
[34.256s][info][gc,stats    ] Pause Init Mark (G)                 284 us
[34.256s][info][gc,stats    ] Pause Init Mark (N)                 176 us
[34.256s][info][gc,stats    ]   Update Region States               71 us
[34.256s][info][gc,stats    ] Concurrent Mark Roots               490 us, parallelism: 0.65x
[34.256s][info][gc,stats    ]   CMR: <total>                      319 us
[34.256s][info][gc,stats    ]   CMR: Thread Roots                 278 us, workers (us): 278, ---, ---, 
[34.256s][info][gc,stats    ]   CMR: VM Strong Roots                4 us, workers (us):   4, ---, ---, 
[34.256s][info][gc,stats    ]   CMR: CLDG Roots                    37 us, workers (us):  37, ---, ---, 
[34.256s][info][gc,stats    ] Concurrent Marking                 4705 us
[34.256s][info][gc,stats    ] Pause Final Mark (G)                545 us
[34.256s][info][gc,stats    ] Pause Final Mark (N)                425 us
[34.256s][info][gc,stats    ]   Finish Mark                       122 us
[34.256s][info][gc,stats    ]   Update Region States              105 us
[34.256s][info][gc,stats    ]   Choose Collection Set              79 us
[34.256s][info][gc,stats    ]   Rebuild Free Set                   19 us
[34.256s][info][gc,stats    ] Concurrent Weak References          182 us, parallelism: 0.08x
[34.256s][info][gc,stats    ]   CWRF: <total>                      15 us
[34.256s][info][gc,stats    ]   CWRF: Weak References              15 us, workers (us):  15, ---, ---, 
[34.256s][info][gc,stats    ] Concurrent Weak Roots              1130 us
[34.256s][info][gc,stats    ]   Roots                            1019 us, parallelism: 0.92x
[34.256s][info][gc,stats    ]     CWR: <total>                    938 us
[34.256s][info][gc,stats    ]     CWR: Code Cache Roots           797 us, workers (us): 797, ---, ---, 
[34.256s][info][gc,stats    ]     CWR: VM Weak Roots              136 us, workers (us): 136, ---, ---, 
[34.256s][info][gc,stats    ]     CWR: CLDG Roots                   4 us, workers (us):   4, ---, ---, 
[34.256s][info][gc,stats    ]   Rendezvous                         58 us
[34.256s][info][gc,stats    ] Concurrent Cleanup                   71 us
[34.256s][info][gc,stats    ] Concurrent Class Unloading         4051 us
[34.256s][info][gc,stats    ]   Unlink Stale                     3482 us
[34.256s][info][gc,stats    ]     System Dictionary                 5 us
[34.256s][info][gc,stats    ]     Weak Class Links                  0 us
[34.256s][info][gc,stats    ]     Code Roots                     3476 us
[34.256s][info][gc,stats    ]   Rendezvous                        182 us
[34.256s][info][gc,stats    ]   Purge Unlinked                    300 us
[34.256s][info][gc,stats    ]     Code Roots                      290 us
[34.256s][info][gc,stats    ]     CLDG                              9 us
[34.256s][info][gc,stats    ]     Exception Caches                  0 us
[34.256s][info][gc,stats    ] Pause Final Roots (G)               195 us
[34.256s][info][gc,stats    ] Pause Final Roots (N)                75 us
[34.256s][info][gc,stats    ] 
[34.256s][info][gc,stats    ] Allocation pacing accrued:
[34.256s][info][gc,stats    ]       0 of    21 ms (  0.0%): <total>
[34.256s][info][gc,stats    ]       0 of    21 ms (  0.0%): <average total>
[34.256s][info][gc,stats    ] 
[34.256s][info][gc,metaspace] Metaspace: 15871K(16128K)->15871K(16128K) NonClass: 13701K(13824K)->13701K(13824K) Class: 2169K(2304K)->2169K(2304K)
[34.256s][info][gc,ergo     ] Pacer for Idle. Initial: 41943K, Alloc Tax Rate: 1.0x
[34.792s][info][gc          ] Trigger: Learning 2 of 5. Free (1419M) is below initial threshold (1433M)
[34.792s][info][gc,ergo     ] Free: 1419M, Max: 1024K regular, 1006M humongous, Frag: 30% external, 0% internal; Reserve: 103M, Max: 1024K
[34.792s][info][gc,start    ] GC(46) Concurrent reset
[34.792s][info][gc,task     ] GC(46) Using 1 of 3 workers for concurrent reset
[34.792s][info][gc,ergo     ] GC(46) Pacer for Reset. Non-Taxable: 2048M
[34.793s][info][gc          ] GC(46) Concurrent reset 0.277ms
[34.793s][info][gc,start    ] GC(46) Pause Init Mark (unload classes)
[34.793s][info][gc,task     ] GC(46) Using 3 of 3 workers for init marking
[34.793s][info][gc,ergo     ] GC(46) Pacer for Mark. Expected Live: 81723K, Free: 1418M, Non-Taxable: 141M, Alloc Tax Rate: 0.1x
[34.793s][info][gc          ] GC(46) Pause Init Mark (unload classes) 0.264ms
[34.793s][info][gc,start    ] GC(46) Concurrent marking roots
[34.793s][info][gc,task     ] GC(46) Using 1 of 3 workers for concurrent marking roots
[34.794s][info][gc          ] GC(46) Concurrent marking roots 0.830ms
[34.794s][info][gc,start    ] GC(46) Concurrent marking (unload classes)
[34.794s][info][gc,task     ] GC(46) Using 1 of 3 workers for concurrent marking
[35.121s][info][gc          ] GC(46) Concurrent marking (unload classes) 327.231ms
[35.121s][info][gc,start    ] GC(46) Pause Final Mark (unload classes)
[35.121s][info][gc,task     ] GC(46) Using 3 of 3 workers for final marking
[35.121s][info][gc,ergo     ] GC(46) Adaptive CSet Selection. Target Free: 290M, Actual Free: 1241M, Max CSet: 87381K, Min Garbage: 0B
[35.121s][info][gc,ergo     ] GC(46) Collectable Garbage: 197M (62%), Immediate: 29760K (9%), CSet: 168M (52%)
[35.121s][info][gc,ergo     ] GC(46) Pacer for Evacuation. Used CSet: 254M, Free: 1151M, Non-Taxable: 115M, Alloc Tax Rate: 1.1x
[35.121s][info][gc          ] GC(46) Pause Final Mark (unload classes) 0.231ms
[35.152s][info][gc,start    ] GC(46) Concurrent thread roots
[35.152s][info][gc,task     ] GC(46) Using 1 of 3 workers for Concurrent thread roots
[35.153s][info][gc          ] GC(46) Concurrent thread roots 0.479ms
[35.153s][info][gc,start    ] GC(46) Concurrent weak references
[35.153s][info][gc,task     ] GC(46) Using 1 of 3 workers for concurrent weak references
[35.153s][info][gc,ref      ] GC(46) Encountered references: Soft: 133, Weak: 684, Final: 0, Phantom: 63
[35.153s][info][gc,ref      ] GC(46) Discovered  references: Soft: 0, Weak: 152, Final: 0, Phantom: 26
[35.153s][info][gc,ref      ] GC(46) Enqueued    references: Soft: 0, Weak: 0, Final: 0, Phantom: 0
[35.153s][info][gc          ] GC(46) Concurrent weak references 0.072ms
[35.153s][info][gc,start    ] GC(46) Concurrent weak roots
[35.153s][info][gc,task     ] GC(46) Using 1 of 3 workers for concurrent weak root
[35.168s][info][gc          ] GC(46) Concurrent weak roots 15.168ms
[35.168s][info][gc,start    ] GC(46) Concurrent cleanup
[35.168s][info][gc          ] GC(46) Concurrent cleanup 854M->825M(2048M) 0.065ms
[35.168s][info][gc,ergo     ] GC(46) Free: 1099M, Max: 1024K regular, 1060M humongous, Frag: 4% external, 0% internal; Reserve: 91105K, Max: 1024K
[35.168s][info][gc,start    ] GC(46) Concurrent class unloading
[35.168s][info][gc,task     ] GC(46) Using 1 of 3 workers for concurrent class unloading
[35.184s][info][gc          ] GC(46) Concurrent class unloading 16.032ms
[35.184s][info][gc,start    ] GC(46) Concurrent strong roots
[35.184s][info][gc,task     ] GC(46) Using 1 of 3 workers for concurrent strong root
[35.184s][info][gc          ] GC(46) Concurrent strong roots 0.084ms
[35.184s][info][gc,start    ] GC(46) Concurrent evacuation
[35.184s][info][gc,task     ] GC(46) Using 1 of 3 workers for concurrent evacuation
[35.256s][info][gc          ] GC(46) Concurrent evacuation 71.126ms
[35.256s][info][gc,start    ] GC(46) Pause Init Update Refs
[35.256s][info][gc,ergo     ] GC(46) Pacer for Update Refs. Used: 955M, Free: 1041M, Non-Taxable: 104M, Alloc Tax Rate: 1.1x
[35.256s][info][gc          ] GC(46) Pause Init Update Refs 0.067ms
[35.256s][info][gc,start    ] GC(46) Concurrent update references
[35.256s][info][gc,task     ] GC(46) Using 1 of 3 workers for concurrent reference update
[35.687s][info][gc          ] GC(46) Concurrent update references 430.702ms
[35.687s][info][gc,start    ] GC(46) Concurrent update thread roots
[35.688s][info][gc          ] GC(46) Concurrent update thread roots 0.883ms
[35.688s][info][gc,start    ] GC(46) Pause Final Update Refs
[35.688s][info][gc,task     ] GC(46) Using 3 of 3 workers for final reference update
[35.688s][info][gc          ] GC(46) Pause Final Update Refs 0.269ms
[35.688s][info][gc,start    ] GC(46) Concurrent cleanup
[35.688s][info][gc          ] GC(46) Concurrent cleanup 993M->739M(2048M) 0.036ms
[35.688s][info][gc,ergo     ] Free: 1170M, Max: 1024K regular, 920M humongous, Frag: 22% external, 0% internal; Reserve: 103M, Max: 1024K
[35.688s][info][gc,stats    ] 
[35.688s][info][gc,stats    ] All times are wall-clock times, except per-root-class counters, that are sum over
[35.688s][info][gc,stats    ] all workers. Dividing the <total> over the root stage time estimates parallelism.
[35.688s][info][gc,stats    ] 
[35.688s][info][gc,stats    ] Concurrent Reset                    342 us
[35.688s][info][gc,stats    ] Pause Init Mark (G)                 465 us
[35.688s][info][gc,stats    ] Pause Init Mark (N)                 287 us
[35.688s][info][gc,stats    ]   Update Region States              128 us
[35.688s][info][gc,stats    ] Concurrent Mark Roots               854 us, parallelism: 0.85x
[35.688s][info][gc,stats    ]   CMR: <total>                      725 us
[35.688s][info][gc,stats    ]   CMR: Thread Roots                 653 us, workers (us): 653, ---, ---, 
[35.688s][info][gc,stats    ]   CMR: VM Strong Roots                7 us, workers (us):   7, ---, ---, 
[35.688s][info][gc,stats    ]   CMR: CLDG Roots                    65 us, workers (us):  65, ---, ---, 
[35.688s][info][gc,stats    ] Concurrent Marking               327293 us
[35.688s][info][gc,stats    ] Pause Final Mark (G)              31140 us
[35.688s][info][gc,stats    ] Pause Final Mark (N)                240 us
[35.688s][info][gc,stats    ]   Finish Mark                        44 us
[35.688s][info][gc,stats    ]   Update Region States               30 us
[35.688s][info][gc,stats    ]   Choose Collection Set              87 us
[35.688s][info][gc,stats    ]   Rebuild Free Set                    8 us
[35.688s][info][gc,stats    ] Concurrent Thread Roots             500 us, parallelism: 0.73x
[35.688s][info][gc,stats    ]   CTR: <total>                      366 us
[35.688s][info][gc,stats    ]   CTR: Thread Roots                 366 us, workers (us): 366, ---, ---, 
[35.688s][info][gc,stats    ] Concurrent Weak References           79 us, parallelism: 0.18x
[35.688s][info][gc,stats    ]   CWRF: <total>                      14 us
[35.688s][info][gc,stats    ]   CWRF: Weak References              14 us, workers (us):  14, ---, ---, 
[35.688s][info][gc,stats    ] Concurrent Weak Roots             15255 us
[35.688s][info][gc,stats    ]   Roots                             951 us, parallelism: 0.95x
[35.688s][info][gc,stats    ]     CWR: <total>                    904 us
[35.688s][info][gc,stats    ]     CWR: Code Cache Roots           810 us, workers (us): 810, ---, ---, 
[35.688s][info][gc,stats    ]     CWR: VM Weak Roots               87 us, workers (us):  87, ---, ---, 
[35.688s][info][gc,stats    ]     CWR: CLDG Roots                   7 us, workers (us):   7, ---, ---, 
[35.688s][info][gc,stats    ]   Rendezvous                      14195 us
[35.688s][info][gc,stats    ] Concurrent Cleanup                   74 us
[35.688s][info][gc,stats    ] Concurrent Class Unloading        16090 us
[35.688s][info][gc,stats    ]   Unlink Stale                     3780 us
[35.688s][info][gc,stats    ]     System Dictionary                12 us
[35.688s][info][gc,stats    ]     Weak Class Links                  0 us
[35.688s][info][gc,stats    ]     Code Roots                     3766 us
[35.688s][info][gc,stats    ]   Rendezvous                      11961 us
[35.688s][info][gc,stats    ]   Purge Unlinked                    270 us
[35.688s][info][gc,stats    ]     Code Roots                      265 us
[35.688s][info][gc,stats    ]     CLDG                              5 us
[35.688s][info][gc,stats    ]     Exception Caches                  0 us
[35.688s][info][gc,stats    ] Concurrent Strong Roots              92 us, parallelism: 0.39x
[35.688s][info][gc,stats    ]   CSR: <total>                       36 us
[35.688s][info][gc,stats    ]   CSR: VM Strong Roots                3 us, workers (us):   3, ---, ---, 
[35.688s][info][gc,stats    ]   CSR: CLDG Roots                    33 us, workers (us):  33, ---, ---, 
[35.688s][info][gc,stats    ] Concurrent Evacuation             71203 us
[35.688s][info][gc,stats    ] Pause Init Update Refs (G)          200 us
[35.688s][info][gc,stats    ] Pause Init Update Refs (N)           84 us
[35.688s][info][gc,stats    ]   Manage GCLABs                       5 us
[35.688s][info][gc,stats    ] Concurrent Update Refs           430770 us
[35.688s][info][gc,stats    ] Concurrent Update Thread Roots      899 us
[35.688s][info][gc,stats    ] Pause Final Update Refs (G)         385 us
[35.688s][info][gc,stats    ] Pause Final Update Refs (N)         319 us
[35.688s][info][gc,stats    ]   Update Region States              125 us
[35.688s][info][gc,stats    ]   Trash Collection Set               14 us
[35.688s][info][gc,stats    ]   Rebuild Free Set                   31 us
[35.688s][info][gc,stats    ] Concurrent Cleanup                   44 us
[35.688s][info][gc,stats    ] 
[35.688s][info][gc,stats    ] Allocation pacing accrued:
[35.688s][info][gc,stats    ]       0 of  1432 ms (  0.0%): <total>
[35.688s][info][gc,stats    ]       0 of  1432 ms (  0.0%): <average total>
[35.688s][info][gc,stats    ] 
[35.688s][info][gc,metaspace] Metaspace: 15871K(16128K)->15874K(16128K) NonClass: 13701K(13824K)->13704K(13824K) Class: 2169K(2304K)->2169K(2304K)
[35.688s][info][gc,ergo     ] Pacer for Idle. Initial: 41943K, Alloc Tax Rate: 1.0x
[35.705s][info][gc          ] Trigger: Explicit GC request (System.gc())
[35.705s][info][gc,ergo     ] Free: 1170M, Max: 1024K regular, 920M humongous, Frag: 22% external, 0% internal; Reserve: 103M, Max: 1024K
[35.705s][info][gc,start    ] GC(47) Concurrent reset
[35.705s][info][gc,task     ] GC(47) Using 1 of 3 workers for concurrent reset
[35.705s][info][gc,ergo     ] GC(47) Pacer for Reset. Non-Taxable: 2048M
[35.708s][info][gc          ] GC(47) Concurrent reset 2.934ms
[35.708s][info][gc,start    ] GC(47) Pause Init Mark (unload classes)
[35.708s][info][gc,task     ] GC(47) Using 3 of 3 workers for init marking
[35.708s][info][gc,ref      ] GC(47) Clearing All SoftReferences
[35.708s][info][gc,ergo     ] GC(47) Pacer for Mark. Expected Live: 117M, Free: 1170M, Non-Taxable: 117M, Alloc Tax Rate: 0.1x
[35.708s][info][gc          ] GC(47) Pause Init Mark (unload classes) 0.237ms
[35.708s][info][gc,start    ] GC(47) Concurrent marking roots
[35.708s][info][gc,task     ] GC(47) Using 1 of 3 workers for concurrent marking roots
[35.709s][info][gc          ] GC(47) Concurrent marking roots 0.418ms
[35.709s][info][gc,start    ] GC(47) Concurrent marking (unload classes)
[35.709s][info][gc,task     ] GC(47) Using 1 of 3 workers for concurrent marking
[35.713s][info][gc          ] GC(47) Concurrent marking (unload classes) 4.099ms
[35.713s][info][gc,start    ] GC(47) Pause Final Mark (unload classes)
[35.713s][info][gc,task     ] GC(47) Using 3 of 3 workers for final marking
[35.713s][info][gc,ergo     ] GC(47) Collectable Garbage: 727M (98%), Immediate: 727M (98%), CSet: 0B (0%)
[35.713s][info][gc          ] GC(47) Pause Final Mark (unload classes) 0.418ms
[35.713s][info][gc,start    ] GC(47) Concurrent weak references
[35.713s][info][gc,task     ] GC(47) Using 1 of 3 workers for concurrent weak references
[35.713s][info][gc,ref      ] GC(47) Encountered references: Soft: 178, Weak: 683, Final: 0, Phantom: 63
[35.713s][info][gc,ref      ] GC(47) Discovered  references: Soft: 127, Weak: 165, Final: 0, Phantom: 61
[35.713s][info][gc,ref      ] GC(47) Enqueued    references: Soft: 48, Weak: 0, Final: 0, Phantom: 0
[35.713s][info][gc          ] GC(47) Concurrent weak references 0.092ms
[35.713s][info][gc,start    ] GC(47) Concurrent weak roots
[35.713s][info][gc,task     ] GC(47) Using 1 of 3 workers for concurrent weak root
[35.715s][info][gc          ] GC(47) Concurrent weak roots 1.144ms
[35.715s][info][gc,start    ] GC(47) Concurrent cleanup
[35.715s][info][gc          ] GC(47) Concurrent cleanup 739M->12M(2048M) 0.057ms
[35.715s][info][gc,ergo     ] GC(47) Free: 1932M, Max: 1024K regular, 1003M humongous, Frag: 49% external, 0% internal; Reserve: 103M, Max: 1024K
[35.715s][info][gc,start    ] GC(47) Concurrent class unloading
[35.715s][info][gc,task     ] GC(47) Using 1 of 3 workers for concurrent class unloading
[35.718s][info][gc          ] GC(47) Concurrent class unloading 3.741ms
[35.718s][info][gc,start    ] GC(47) Pause Final Roots
[35.719s][info][gc          ] GC(47) Pause Final Roots 0.053ms
[35.719s][info][gc,ergo     ] Free: 1932M, Max: 1024K regular, 1003M humongous, Frag: 49% external, 0% internal; Reserve: 103M, Max: 1024K
[35.719s][info][gc,stats    ] 
[35.719s][info][gc,stats    ] All times are wall-clock times, except per-root-class counters, that are sum over
[35.719s][info][gc,stats    ] all workers. Dividing the <total> over the root stage time estimates parallelism.
[35.719s][info][gc,stats    ] 
[35.719s][info][gc,stats    ] Concurrent Reset                   3031 us
[35.719s][info][gc,stats    ] Pause Init Mark (G)                 353 us
[35.719s][info][gc,stats    ] Pause Init Mark (N)                 257 us
[35.719s][info][gc,stats    ]   Update Region States               99 us
[35.719s][info][gc,stats    ] Concurrent Mark Roots               426 us, parallelism: 0.77x
[35.719s][info][gc,stats    ]   CMR: <total>                      328 us
[35.719s][info][gc,stats    ]   CMR: Thread Roots                 288 us, workers (us): 288, ---, ---, 
[35.719s][info][gc,stats    ]   CMR: VM Strong Roots                4 us, workers (us):   4, ---, ---, 
[35.719s][info][gc,stats    ]   CMR: CLDG Roots                    37 us, workers (us):  37, ---, ---, 
[35.719s][info][gc,stats    ] Concurrent Marking                 4131 us
[35.719s][info][gc,stats    ] Pause Final Mark (G)                511 us
[35.719s][info][gc,stats    ] Pause Final Mark (N)                438 us
[35.719s][info][gc,stats    ]   Finish Mark                       124 us
[35.719s][info][gc,stats    ]   Update Region States              103 us
[35.719s][info][gc,stats    ]   Choose Collection Set              79 us
[35.719s][info][gc,stats    ]   Rebuild Free Set                   20 us
[35.719s][info][gc,stats    ] Concurrent Weak References           98 us, parallelism: 0.15x
[35.719s][info][gc,stats    ]   CWRF: <total>                      14 us
[35.719s][info][gc,stats    ]   CWRF: Weak References              14 us, workers (us):  14, ---, ---, 
[35.719s][info][gc,stats    ] Concurrent Weak Roots              1155 us
[35.719s][info][gc,stats    ]   Roots                            1064 us, parallelism: 0.95x
[35.719s][info][gc,stats    ]     CWR: <total>                   1007 us
[35.719s][info][gc,stats    ]     CWR: Code Cache Roots           866 us, workers (us): 866, ---, ---, 
[35.719s][info][gc,stats    ]     CWR: VM Weak Roots              136 us, workers (us): 136, ---, ---, 
[35.719s][info][gc,stats    ]     CWR: CLDG Roots                   5 us, workers (us):   5, ---, ---, 
[35.719s][info][gc,stats    ]   Rendezvous                         67 us
[35.719s][info][gc,stats    ] Concurrent Cleanup                   65 us
[35.719s][info][gc,stats    ] Concurrent Class Unloading         3768 us
[35.719s][info][gc,stats    ]   Unlink Stale                     3303 us
[35.719s][info][gc,stats    ]     System Dictionary                 4 us
[35.719s][info][gc,stats    ]     Weak Class Links                  0 us
[35.719s][info][gc,stats    ]     Code Roots                     3297 us
[35.719s][info][gc,stats    ]   Rendezvous                        112 us
[35.719s][info][gc,stats    ]   Purge Unlinked                    309 us
[35.719s][info][gc,stats    ]     Code Roots                      304 us
[35.719s][info][gc,stats    ]     CLDG                              5 us
[35.719s][info][gc,stats    ]     Exception Caches                  0 us
[35.719s][info][gc,stats    ] Pause Final Roots (G)               166 us
[35.719s][info][gc,stats    ] Pause Final Roots (N)                76 us
[35.719s][info][gc,stats    ] 
[35.719s][info][gc,stats    ] Allocation pacing accrued:
[35.719s][info][gc,stats    ]       0 of    31 ms (  0.0%): <total>
[35.719s][info][gc,stats    ]       0 of    31 ms (  0.0%): <average total>
[35.719s][info][gc,stats    ] 
[35.719s][info][gc,metaspace] Metaspace: 15874K(16128K)->15874K(16128K) NonClass: 13704K(13824K)->13704K(13824K) Class: 2169K(2304K)->2169K(2304K)
[35.719s][info][gc,ergo     ] Pacer for Idle. Initial: 41943K, Alloc Tax Rate: 1.0x
[36.254s][info][gc          ] Trigger: Learning 2 of 5. Free (1416M) is below initial threshold (1433M)
[36.255s][info][gc,ergo     ] Free: 1416M, Max: 1024K regular, 1003M humongous, Frag: 30% external, 0% internal; Reserve: 103M, Max: 1024K
[36.255s][info][gc,start    ] GC(48) Concurrent reset
[36.255s][info][gc,task     ] GC(48) Using 1 of 3 workers for concurrent reset
[36.255s][info][gc,ergo     ] GC(48) Pacer for Reset. Non-Taxable: 2048M
[36.255s][info][gc          ] GC(48) Concurrent reset 0.429ms
[36.255s][info][gc,start    ] GC(48) Pause Init Mark (unload classes)
[36.255s][info][gc,task     ] GC(48) Using 3 of 3 workers for init marking
[36.255s][info][gc,ergo     ] GC(48) Pacer for Mark. Expected Live: 81447K, Free: 1416M, Non-Taxable: 141M, Alloc Tax Rate: 0.1x
[36.255s][info][gc          ] GC(48) Pause Init Mark (unload classes) 0.175ms
[36.255s][info][gc,start    ] GC(48) Concurrent marking roots
[36.255s][info][gc,task     ] GC(48) Using 1 of 3 workers for concurrent marking roots
[36.256s][info][gc          ] GC(48) Concurrent marking roots 0.800ms
[36.256s][info][gc,start    ] GC(48) Concurrent marking (unload classes)
[36.256s][info][gc,task     ] GC(48) Using 1 of 3 workers for concurrent marking
[36.600s][info][gc          ] GC(48) Concurrent marking (unload classes) 343.943ms
[36.600s][info][gc,start    ] GC(48) Pause Final Mark (unload classes)
[36.600s][info][gc,task     ] GC(48) Using 3 of 3 workers for final marking
[36.600s][info][gc,ergo     ] GC(48) Adaptive CSet Selection. Target Free: 290M, Actual Free: 1232M, Max CSet: 87381K, Min Garbage: 0B
[36.601s][info][gc,ergo     ] GC(48) Collectable Garbage: 196M (61%), Immediate: 29342K (8%), CSet: 167M (52%)
[36.601s][info][gc,ergo     ] GC(48) Pacer for Evacuation. Used CSet: 253M, Free: 1143M, Non-Taxable: 114M, Alloc Tax Rate: 1.1x
[36.601s][info][gc          ] GC(48) Pause Final Mark (unload classes) 0.238ms
[36.603s][info][gc,start    ] GC(48) Concurrent thread roots
[36.603s][info][gc,task     ] GC(48) Using 1 of 3 workers for Concurrent thread roots
[36.604s][info][gc          ] GC(48) Concurrent thread roots 0.533ms
[36.604s][info][gc,start    ] GC(48) Concurrent weak references
[36.604s][info][gc,task     ] GC(48) Using 1 of 3 workers for concurrent weak references
[36.604s][info][gc,ref      ] GC(48) Encountered references: Soft: 133, Weak: 684, Final: 0, Phantom: 63
[36.604s][info][gc,ref      ] GC(48) Discovered  references: Soft: 0, Weak: 152, Final: 0, Phantom: 26
[36.604s][info][gc,ref      ] GC(48) Enqueued    references: Soft: 0, Weak: 0, Final: 0, Phantom: 0
[36.604s][info][gc          ] GC(48) Concurrent weak references 0.077ms
[36.604s][info][gc,start    ] GC(48) Concurrent weak roots
[36.604s][info][gc,task     ] GC(48) Using 1 of 3 workers for concurrent weak root
[36.616s][info][gc          ] GC(48) Concurrent weak roots 11.917ms
[36.616s][info][gc,start    ] GC(48) Concurrent cleanup
[36.616s][info][gc          ] GC(48) Concurrent cleanup 823M->795M(2048M) 0.040ms
[36.616s][info][gc,ergo     ] GC(48) Free: 1129M, Max: 1024K regular, 1090M humongous, Frag: 4% external, 0% internal; Reserve: 93184K, Max: 1024K
[36.616s][info][gc,start    ] GC(48) Concurrent class unloading
[36.616s][info][gc,task     ] GC(48) Using 1 of 3 workers for concurrent class unloading
[36.632s][info][gc          ] GC(48) Concurrent class unloading 15.873ms
[36.632s][info][gc,start    ] GC(48) Concurrent strong roots
[36.632s][info][gc,task     ] GC(48) Using 1 of 3 workers for concurrent strong root
[36.632s][info][gc          ] GC(48) Concurrent strong roots 0.076ms
[36.632s][info][gc,start    ] GC(48) Concurrent evacuation
[36.632s][info][gc,task     ] GC(48) Using 1 of 3 workers for concurrent evacuation
[36.710s][info][gc          ] GC(48) Concurrent evacuation 77.988ms
[36.710s][info][gc,start    ] GC(48) Pause Init Update Refs
[36.710s][info][gc,ergo     ] GC(48) Pacer for Update Refs. Used: 950M, Free: 1049M, Non-Taxable: 104M, Alloc Tax Rate: 1.1x
[36.710s][info][gc          ] GC(48) Pause Init Update Refs 0.066ms
[36.726s][info][gc,start    ] GC(48) Concurrent update references
[36.726s][info][gc,task     ] GC(48) Using 1 of 3 workers for concurrent reference update
[37.163s][info][gc          ] GC(48) Concurrent update references 436.711ms
[37.163s][info][gc,start    ] GC(48) Concurrent update thread roots
[37.163s][info][gc          ] GC(48) Concurrent update thread roots 0.411ms
[37.163s][info][gc,start    ] GC(48) Pause Final Update Refs
[37.163s][info][gc,task     ] GC(48) Using 3 of 3 workers for final reference update
[37.164s][info][gc          ] GC(48) Pause Final Update Refs 0.344ms
[37.164s][info][gc,start    ] GC(48) Concurrent cleanup
[37.164s][info][gc          ] GC(48) Concurrent cleanup 992M->739M(2048M) 0.106ms
[37.164s][info][gc,ergo     ] Free: 1171M, Max: 1024K regular, 922M humongous, Frag: 22% external, 0% internal; Reserve: 103M, Max: 1024K
[37.164s][info][gc,stats    ] 
[37.164s][info][gc,stats    ] All times are wall-clock times, except per-root-class counters, that are sum over
[37.164s][info][gc,stats    ] all workers. Dividing the <total> over the root stage time estimates parallelism.
[37.164s][info][gc,stats    ] 
[37.164s][info][gc,stats    ] Concurrent Reset                    481 us
[37.164s][info][gc,stats    ] Pause Init Mark (G)                 347 us
[37.164s][info][gc,stats    ] Pause Init Mark (N)                 191 us
[37.164s][info][gc,stats    ]   Update Region States               68 us
[37.164s][info][gc,stats    ] Concurrent Mark Roots               824 us, parallelism: 0.84x
[37.164s][info][gc,stats    ]   CMR: <total>                      695 us
[37.164s][info][gc,stats    ]   CMR: Thread Roots                 620 us, workers (us): 620, ---, ---, 
[37.164s][info][gc,stats    ]   CMR: VM Strong Roots                7 us, workers (us):   7, ---, ---, 
[37.164s][info][gc,stats    ]   CMR: CLDG Roots                    68 us, workers (us):  68, ---, ---, 
[37.164s][info][gc,stats    ] Concurrent Marking               344009 us
[37.164s][info][gc,stats    ] Pause Final Mark (G)               3033 us
[37.164s][info][gc,stats    ] Pause Final Mark (N)                247 us
[37.164s][info][gc,stats    ]   Finish Mark                        37 us
[37.164s][info][gc,stats    ]   Update Region States               30 us
[37.164s][info][gc,stats    ]   Choose Collection Set              96 us
[37.164s][info][gc,stats    ]   Rebuild Free Set                    9 us
[37.164s][info][gc,stats    ] Concurrent Thread Roots             554 us, parallelism: 0.75x
[37.164s][info][gc,stats    ]   CTR: <total>                      416 us
[37.164s][info][gc,stats    ]   CTR: Thread Roots                 416 us, workers (us): 416, ---, ---, 
[37.164s][info][gc,stats    ] Concurrent Weak References           84 us, parallelism: 0.15x
[37.164s][info][gc,stats    ]   CWRF: <total>                      13 us
[37.164s][info][gc,stats    ]   CWRF: Weak References              13 us, workers (us):  13, ---, ---, 
[37.164s][info][gc,stats    ] Concurrent Weak Roots             11969 us
[37.164s][info][gc,stats    ]   Roots                             999 us, parallelism: 0.96x
[37.164s][info][gc,stats    ]     CWR: <total>                    960 us
[37.164s][info][gc,stats    ]     CWR: Code Cache Roots           868 us, workers (us): 868, ---, ---, 
[37.164s][info][gc,stats    ]     CWR: VM Weak Roots               84 us, workers (us):  84, ---, ---, 
[37.164s][info][gc,stats    ]     CWR: CLDG Roots                   8 us, workers (us):   8, ---, ---, 
[37.164s][info][gc,stats    ]   Rendezvous                      10901 us
[37.164s][info][gc,stats    ] Concurrent Cleanup                   48 us
[37.164s][info][gc,stats    ] Concurrent Class Unloading        15932 us
[37.164s][info][gc,stats    ]   Unlink Stale                     4023 us
[37.164s][info][gc,stats    ]     System Dictionary                11 us
[37.164s][info][gc,stats    ]     Weak Class Links                  1 us
[37.164s][info][gc,stats    ]     Code Roots                     4010 us
[37.164s][info][gc,stats    ]   Rendezvous                      11576 us
[37.164s][info][gc,stats    ]   Purge Unlinked                    253 us
[37.164s][info][gc,stats    ]     Code Roots                      247 us
[37.164s][info][gc,stats    ]     CLDG                              5 us
[37.164s][info][gc,stats    ]     Exception Caches                  1 us
[37.164s][info][gc,stats    ] Concurrent Strong Roots              84 us, parallelism: 0.46x
[37.164s][info][gc,stats    ]   CSR: <total>                       39 us
[37.164s][info][gc,stats    ]   CSR: VM Strong Roots                4 us, workers (us):   4, ---, ---, 
[37.164s][info][gc,stats    ]   CSR: CLDG Roots                    35 us, workers (us):  35, ---, ---, 
[37.164s][info][gc,stats    ] Concurrent Evacuation             78062 us
[37.164s][info][gc,stats    ] Pause Init Update Refs (G)        16098 us
[37.164s][info][gc,stats    ] Pause Init Update Refs (N)           75 us
[37.164s][info][gc,stats    ]   Manage GCLABs                       4 us
[37.164s][info][gc,stats    ] Concurrent Update Refs           436790 us
[37.164s][info][gc,stats    ] Concurrent Update Thread Roots      460 us
[37.164s][info][gc,stats    ] Pause Final Update Refs (G)         432 us
[37.164s][info][gc,stats    ] Pause Final Update Refs (N)         355 us
[37.164s][info][gc,stats    ]   Update Region States              253 us
[37.164s][info][gc,stats    ]   Trash Collection Set               10 us
[37.164s][info][gc,stats    ]   Rebuild Free Set                   17 us
[37.164s][info][gc,stats    ] Concurrent Cleanup                  132 us
[37.164s][info][gc,stats    ] 
[37.164s][info][gc,stats    ] Allocation pacing accrued:
[37.164s][info][gc,stats    ]       0 of  1445 ms (  0.0%): <total>
[37.164s][info][gc,stats    ]       0 of  1445 ms (  0.0%): <average total>
[37.164s][info][gc,stats    ] 
[37.164s][info][gc,metaspace] Metaspace: 15874K(16128K)->15875K(16128K) NonClass: 13704K(13824K)->13705K(13824K) Class: 2169K(2304K)->2169K(2304K)
[37.164s][info][gc,ergo     ] Pacer for Idle. Initial: 41943K, Alloc Tax Rate: 1.0x
[37.177s][info][gc          ] Trigger: Explicit GC request (System.gc())
[37.177s][info][gc,ergo     ] Free: 1171M, Max: 1024K regular, 922M humongous, Frag: 22% external, 0% internal; Reserve: 103M, Max: 1024K
[37.177s][info][gc,start    ] GC(49) Concurrent reset
[37.177s][info][gc,task     ] GC(49) Using 1 of 3 workers for concurrent reset
[37.177s][info][gc,ergo     ] GC(49) Pacer for Reset. Non-Taxable: 2048M
[37.179s][info][gc          ] GC(49) Concurrent reset 2.505ms
[37.179s][info][gc,start    ] GC(49) Pause Init Mark (unload classes)
[37.179s][info][gc,task     ] GC(49) Using 3 of 3 workers for init marking
[37.179s][info][gc,ref      ] GC(49) Clearing All SoftReferences
[37.179s][info][gc,ergo     ] GC(49) Pacer for Mark. Expected Live: 117M, Free: 1171M, Non-Taxable: 117M, Alloc Tax Rate: 0.1x
[37.179s][info][gc          ] GC(49) Pause Init Mark (unload classes) 0.134ms
[37.179s][info][gc,start    ] GC(49) Concurrent marking roots
[37.179s][info][gc,task     ] GC(49) Using 1 of 3 workers for concurrent marking roots
[37.180s][info][gc          ] GC(49) Concurrent marking roots 0.454ms
[37.180s][info][gc,start    ] GC(49) Concurrent marking (unload classes)
[37.180s][info][gc,task     ] GC(49) Using 1 of 3 workers for concurrent marking
[37.184s][info][gc          ] GC(49) Concurrent marking (unload classes) 4.054ms
[37.184s][info][gc,start    ] GC(49) Pause Final Mark (unload classes)
[37.184s][info][gc,task     ] GC(49) Using 3 of 3 workers for final marking
[37.184s][info][gc,ergo     ] GC(49) Collectable Garbage: 727M (98%), Immediate: 727M (98%), CSet: 0B (0%)
[37.184s][info][gc          ] GC(49) Pause Final Mark (unload classes) 0.306ms
[37.184s][info][gc,start    ] GC(49) Concurrent weak references
[37.184s][info][gc,task     ] GC(49) Using 1 of 3 workers for concurrent weak references
[37.185s][info][gc,ref      ] GC(49) Encountered references: Soft: 178, Weak: 683, Final: 0, Phantom: 63
[37.185s][info][gc,ref      ] GC(49) Discovered  references: Soft: 127, Weak: 165, Final: 0, Phantom: 61
[37.185s][info][gc,ref      ] GC(49) Enqueued    references: Soft: 48, Weak: 0, Final: 0, Phantom: 0
[37.185s][info][gc          ] GC(49) Concurrent weak references 0.218ms
[37.185s][info][gc,start    ] GC(49) Concurrent weak roots
[37.185s][info][gc,task     ] GC(49) Using 1 of 3 workers for concurrent weak root
[37.186s][info][gc          ] GC(49) Concurrent weak roots 1.150ms
[37.186s][info][gc,start    ] GC(49) Concurrent cleanup
[37.186s][info][gc          ] GC(49) Concurrent cleanup 739M->12M(2048M) 0.058ms
[37.186s][info][gc,ergo     ] GC(49) Free: 1933M, Max: 1024K regular, 1008M humongous, Frag: 48% external, 0% internal; Reserve: 103M, Max: 1024K
[37.186s][info][gc,start    ] GC(49) Concurrent class unloading
[37.186s][info][gc,task     ] GC(49) Using 1 of 3 workers for concurrent class unloading
[37.190s][info][gc          ] GC(49) Concurrent class unloading 3.659ms
[37.190s][info][gc,start    ] GC(49) Pause Final Roots
[37.190s][info][gc          ] GC(49) Pause Final Roots 0.031ms
[37.190s][info][gc,ergo     ] Free: 1933M, Max: 1024K regular, 1008M humongous, Frag: 48% external, 0% internal; Reserve: 103M, Max: 1024K
[37.190s][info][gc,stats    ] 
[37.190s][info][gc,stats    ] All times are wall-clock times, except per-root-class counters, that are sum over
[37.190s][info][gc,stats    ] all workers. Dividing the <total> over the root stage time estimates parallelism.
[37.190s][info][gc,stats    ] 
[37.190s][info][gc,stats    ] Concurrent Reset                   2542 us
[37.190s][info][gc,stats    ] Pause Init Mark (G)                 220 us
[37.190s][info][gc,stats    ] Pause Init Mark (N)                 142 us
[37.190s][info][gc,stats    ]   Update Region States               53 us
[37.190s][info][gc,stats    ] Concurrent Mark Roots               491 us, parallelism: 0.65x
[37.190s][info][gc,stats    ]   CMR: <total>                      319 us
[37.190s][info][gc,stats    ]   CMR: Thread Roots                 278 us, workers (us): 278, ---, ---, 
[37.190s][info][gc,stats    ]   CMR: VM Strong Roots                4 us, workers (us):   4, ---, ---, 
[37.190s][info][gc,stats    ]   CMR: CLDG Roots                    37 us, workers (us):  37, ---, ---, 
[37.190s][info][gc,stats    ] Concurrent Marking                 4103 us
[37.190s][info][gc,stats    ] Pause Final Mark (G)                402 us
[37.190s][info][gc,stats    ] Pause Final Mark (N)                323 us
[37.190s][info][gc,stats    ]   Finish Mark                       126 us
[37.190s][info][gc,stats    ]   Update Region States               47 us
[37.190s][info][gc,stats    ]   Choose Collection Set              66 us
[37.190s][info][gc,stats    ]   Rebuild Free Set                   19 us
[37.190s][info][gc,stats    ] Concurrent Weak References          238 us, parallelism: 0.05x
[37.190s][info][gc,stats    ]   CWRF: <total>                      13 us
[37.190s][info][gc,stats    ]   CWRF: Weak References              13 us, workers (us):  13, ---, ---, 
[37.190s][info][gc,stats    ] Concurrent Weak Roots              1183 us
[37.190s][info][gc,stats    ]   Roots                            1074 us, parallelism: 0.90x
[37.190s][info][gc,stats    ]     CWR: <total>                    972 us
[37.190s][info][gc,stats    ]     CWR: Code Cache Roots           795 us, workers (us): 795, ---, ---, 
[37.190s][info][gc,stats    ]     CWR: VM Weak Roots              171 us, workers (us): 171, ---, ---, 
[37.190s][info][gc,stats    ]     CWR: CLDG Roots                   5 us, workers (us):   5, ---, ---, 
[37.190s][info][gc,stats    ]   Rendezvous                         35 us
[37.190s][info][gc,stats    ] Concurrent Cleanup                   67 us
[37.190s][info][gc,stats    ] Concurrent Class Unloading         3724 us
[37.190s][info][gc,stats    ]   Unlink Stale                     3290 us
[37.190s][info][gc,stats    ]     System Dictionary                 5 us
[37.190s][info][gc,stats    ]     Weak Class Links                  0 us
[37.190s][info][gc,stats    ]     Code Roots                     3283 us
[37.190s][info][gc,stats    ]   Rendezvous                         51 us
[37.190s][info][gc,stats    ]   Purge Unlinked                    297 us
[37.190s][info][gc,stats    ]     Code Roots                      288 us
[37.190s][info][gc,stats    ]     CLDG                              9 us
[37.190s][info][gc,stats    ]     Exception Caches                  0 us
[37.190s][info][gc,stats    ] Pause Final Roots (G)               116 us
[37.190s][info][gc,stats    ] Pause Final Roots (N)                50 us
[37.190s][info][gc,stats    ] 
[37.190s][info][gc,stats    ] Allocation pacing accrued:
[37.190s][info][gc,stats    ]       0 of    26 ms (  0.0%): <total>
[37.190s][info][gc,stats    ]       0 of    26 ms (  0.0%): <average total>
[37.190s][info][gc,stats    ] 
[37.190s][info][gc,metaspace] Metaspace: 15875K(16128K)->15875K(16128K) NonClass: 13705K(13824K)->13705K(13824K) Class: 2169K(2304K)->2169K(2304K)
[37.190s][info][gc,ergo     ] Pacer for Idle. Initial: 41943K, Alloc Tax Rate: 1.0x
[37.726s][info][gc          ] Trigger: Learning 2 of 5. Free (1419M) is below initial threshold (1433M)
[37.726s][info][gc,ergo     ] Free: 1419M, Max: 1024K regular, 1008M humongous, Frag: 29% external, 0% internal; Reserve: 103M, Max: 1024K
[37.726s][info][gc,start    ] GC(50) Concurrent reset
[37.726s][info][gc,task     ] GC(50) Using 1 of 3 workers for concurrent reset
[37.726s][info][gc,ergo     ] GC(50) Pacer for Reset. Non-Taxable: 2048M
[37.726s][info][gc          ] GC(50) Concurrent reset 0.344ms
[37.726s][info][gc,start    ] GC(50) Pause Init Mark (unload classes)
[37.726s][info][gc,task     ] GC(50) Using 3 of 3 workers for init marking
[37.727s][info][gc,ergo     ] GC(50) Pacer for Mark. Expected Live: 81584K, Free: 1418M, Non-Taxable: 141M, Alloc Tax Rate: 0.1x
[37.727s][info][gc          ] GC(50) Pause Init Mark (unload classes) 0.209ms
[37.727s][info][gc,start    ] GC(50) Concurrent marking roots
[37.727s][info][gc,task     ] GC(50) Using 1 of 3 workers for concurrent marking roots
[37.727s][info][gc          ] GC(50) Concurrent marking roots 0.638ms
[37.727s][info][gc,start    ] GC(50) Concurrent marking (unload classes)
[37.727s][info][gc,task     ] GC(50) Using 1 of 3 workers for concurrent marking
[38.051s][info][gc          ] GC(50) Concurrent marking (unload classes) 323.414ms
[38.051s][info][gc,start    ] GC(50) Pause Final Mark (unload classes)
[38.051s][info][gc,task     ] GC(50) Using 3 of 3 workers for final marking
[38.051s][info][gc,ergo     ] GC(50) Adaptive CSet Selection. Target Free: 290M, Actual Free: 1259M, Max CSet: 87381K, Min Garbage: 0B
[38.051s][info][gc,ergo     ] GC(50) Collectable Garbage: 196M (61%), Immediate: 29760K (9%), CSet: 167M (52%)
[38.051s][info][gc,ergo     ] GC(50) Pacer for Evacuation. Used CSet: 253M, Free: 1167M, Non-Taxable: 116M, Alloc Tax Rate: 1.1x
[38.051s][info][gc          ] GC(50) Pause Final Mark (unload classes) 0.235ms
[38.056s][info][gc,start    ] GC(50) Concurrent thread roots
[38.056s][info][gc,task     ] GC(50) Using 1 of 3 workers for Concurrent thread roots
[38.056s][info][gc          ] GC(50) Concurrent thread roots 0.526ms
[38.056s][info][gc,start    ] GC(50) Concurrent weak references
[38.056s][info][gc,task     ] GC(50) Using 1 of 3 workers for concurrent weak references
[38.056s][info][gc,ref      ] GC(50) Encountered references: Soft: 133, Weak: 684, Final: 0, Phantom: 63
[38.056s][info][gc,ref      ] GC(50) Discovered  references: Soft: 0, Weak: 152, Final: 0, Phantom: 26
[38.056s][info][gc,ref      ] GC(50) Enqueued    references: Soft: 0, Weak: 0, Final: 0, Phantom: 0
[38.056s][info][gc          ] GC(50) Concurrent weak references 0.063ms
[38.056s][info][gc,start    ] GC(50) Concurrent weak roots
[38.056s][info][gc,task     ] GC(50) Using 1 of 3 workers for concurrent weak root
[38.071s][info][gc          ] GC(50) Concurrent weak roots 15.001ms
[38.071s][info][gc,start    ] GC(50) Concurrent cleanup
[38.071s][info][gc          ] GC(50) Concurrent cleanup 796M->767M(2048M) 0.040ms
[38.071s][info][gc,ergo     ] GC(50) Free: 1158M, Max: 1024K regular, 1119M humongous, Frag: 4% external, 0% internal; Reserve: 95740K, Max: 1024K
[38.071s][info][gc,start    ] GC(50) Concurrent class unloading
[38.071s][info][gc,task     ] GC(50) Using 1 of 3 workers for concurrent class unloading
[38.088s][info][gc          ] GC(50) Concurrent class unloading 16.170ms
[38.088s][info][gc,start    ] GC(50) Concurrent strong roots
[38.088s][info][gc,task     ] GC(50) Using 1 of 3 workers for concurrent strong root
[38.088s][info][gc          ] GC(50) Concurrent strong roots 0.074ms
[38.088s][info][gc,start    ] GC(50) Concurrent evacuation
[38.088s][info][gc,task     ] GC(50) Using 1 of 3 workers for concurrent evacuation
[38.164s][info][gc          ] GC(50) Concurrent evacuation 75.783ms
[38.164s][info][gc,start    ] GC(50) Pause Init Update Refs
[38.164s][info][gc,ergo     ] GC(50) Pacer for Update Refs. Used: 925M, Free: 1073M, Non-Taxable: 107M, Alloc Tax Rate: 1.1x
[38.164s][info][gc          ] GC(50) Pause Init Update Refs 0.060ms
[38.166s][info][gc,start    ] GC(50) Concurrent update references
[38.166s][info][gc,task     ] GC(50) Using 1 of 3 workers for concurrent reference update
[38.575s][info][gc          ] GC(50) Concurrent update references 409.203ms
[38.575s][info][gc,start    ] GC(50) Concurrent update thread roots
[38.576s][info][gc          ] GC(50) Concurrent update thread roots 0.902ms
[38.576s][info][gc,start    ] GC(50) Pause Final Update Refs
[38.576s][info][gc,task     ] GC(50) Using 3 of 3 workers for final reference update
[38.576s][info][gc          ] GC(50) Pause Final Update Refs 0.274ms
[38.576s][info][gc,start    ] GC(50) Concurrent cleanup
[38.576s][info][gc          ] GC(50) Concurrent cleanup 993M->740M(2048M) 0.046ms
[38.576s][info][gc,ergo     ] Free: 1170M, Max: 1024K regular, 920M humongous, Frag: 22% external, 0% internal; Reserve: 103M, Max: 1024K
[38.576s][info][gc,stats    ] 
[38.576s][info][gc,stats    ] All times are wall-clock times, except per-root-class counters, that are sum over
[38.576s][info][gc,stats    ] all workers. Dividing the <total> over the root stage time estimates parallelism.
[38.576s][info][gc,stats    ] 
[38.576s][info][gc,stats    ] Concurrent Reset                    409 us
[38.576s][info][gc,stats    ] Pause Init Mark (G)                 391 us
[38.576s][info][gc,stats    ] Pause Init Mark (N)                 230 us
[38.576s][info][gc,stats    ]   Update Region States               95 us
[38.576s][info][gc,stats    ] Concurrent Mark Roots               675 us, parallelism: 0.71x
[38.576s][info][gc,stats    ]   CMR: <total>                      480 us
[38.576s][info][gc,stats    ]   CMR: Thread Roots                 410 us, workers (us): 410, ---, ---, 
[38.576s][info][gc,stats    ]   CMR: VM Strong Roots                6 us, workers (us):   6, ---, ---, 
[38.576s][info][gc,stats    ]   CMR: CLDG Roots                    64 us, workers (us):  64, ---, ---, 
[38.576s][info][gc,stats    ] Concurrent Marking               323474 us
[38.576s][info][gc,stats    ] Pause Final Mark (G)               4956 us
[38.576s][info][gc,stats    ] Pause Final Mark (N)                243 us
[38.576s][info][gc,stats    ]   Finish Mark                        42 us
[38.576s][info][gc,stats    ]   Update Region States               28 us
[38.576s][info][gc,stats    ]   Choose Collection Set              92 us
[38.576s][info][gc,stats    ]   Rebuild Free Set                    8 us
[38.576s][info][gc,stats    ] Concurrent Thread Roots             549 us, parallelism: 0.76x
[38.576s][info][gc,stats    ]   CTR: <total>                      416 us
[38.576s][info][gc,stats    ]   CTR: Thread Roots                 416 us, workers (us): 416, ---, ---, 
[38.576s][info][gc,stats    ] Concurrent Weak References           70 us, parallelism: 0.18x
[38.576s][info][gc,stats    ]   CWRF: <total>                      12 us
[38.576s][info][gc,stats    ]   CWRF: Weak References              12 us, workers (us):  12, ---, ---, 
[38.576s][info][gc,stats    ] Concurrent Weak Roots             15056 us
[38.576s][info][gc,stats    ]   Roots                             988 us, parallelism: 0.96x
[38.576s][info][gc,stats    ]     CWR: <total>                    951 us
[38.576s][info][gc,stats    ]     CWR: Code Cache Roots           859 us, workers (us): 859, ---, ---, 
[38.576s][info][gc,stats    ]     CWR: VM Weak Roots               85 us, workers (us):  85, ---, ---, 
[38.576s][info][gc,stats    ]     CWR: CLDG Roots                   7 us, workers (us):   7, ---, ---, 
[38.576s][info][gc,stats    ]   Rendezvous                      13994 us
[38.576s][info][gc,stats    ] Concurrent Cleanup                   49 us
[38.576s][info][gc,stats    ] Concurrent Class Unloading        16224 us
[38.576s][info][gc,stats    ]   Unlink Stale                     3830 us
[38.576s][info][gc,stats    ]     System Dictionary                11 us
[38.576s][info][gc,stats    ]     Weak Class Links                  0 us
[38.576s][info][gc,stats    ]     Code Roots                     3818 us
[38.577s][info][gc,stats    ]   Rendezvous                      12088 us
[38.577s][info][gc,stats    ]   Purge Unlinked                    232 us
[38.577s][info][gc,stats    ]     Code Roots                      226 us
[38.577s][info][gc,stats    ]     CLDG                              5 us
[38.577s][info][gc,stats    ]     Exception Caches                  0 us
[38.577s][info][gc,stats    ] Concurrent Strong Roots              83 us, parallelism: 0.44x
[38.577s][info][gc,stats    ]   CSR: <total>                       36 us
[38.577s][info][gc,stats    ]   CSR: VM Strong Roots                4 us, workers (us):   4, ---, ---, 
[38.577s][info][gc,stats    ]   CSR: CLDG Roots                    32 us, workers (us):  32, ---, ---, 
[38.577s][info][gc,stats    ] Concurrent Evacuation             75848 us
[38.577s][info][gc,stats    ] Pause Init Update Refs (G)         1919 us
[38.577s][info][gc,stats    ] Pause Init Update Refs (N)           70 us
[38.577s][info][gc,stats    ]   Manage GCLABs                       5 us
[38.577s][info][gc,stats    ] Concurrent Update Refs           409270 us
[38.577s][info][gc,stats    ] Concurrent Update Thread Roots      920 us
[38.577s][info][gc,stats    ] Pause Final Update Refs (G)         395 us
[38.577s][info][gc,stats    ] Pause Final Update Refs (N)         324 us
[38.577s][info][gc,stats    ]   Update Region States              128 us
[38.577s][info][gc,stats    ]   Trash Collection Set               15 us
[38.577s][info][gc,stats    ]   Rebuild Free Set                   32 us
[38.577s][info][gc,stats    ] Concurrent Cleanup                   56 us
[38.577s][info][gc,stats    ] 
[38.577s][info][gc,stats    ] Allocation pacing accrued:
[38.577s][info][gc,stats    ]       0 of  1386 ms (  0.0%): <total>
[38.577s][info][gc,stats    ]       0 of  1386 ms (  0.0%): <average total>
[38.577s][info][gc,stats    ] 
[38.577s][info][gc,metaspace] Metaspace: 15875K(16128K)->15875K(16128K) NonClass: 13705K(13824K)->13705K(13824K) Class: 2169K(2304K)->2169K(2304K)
[38.577s][info][gc,ergo     ] Pacer for Idle. Initial: 41943K, Alloc Tax Rate: 1.0x
[38.587s][info][gc          ] Trigger: Explicit GC request (System.gc())
[38.587s][info][gc,ergo     ] Free: 1170M, Max: 1024K regular, 920M humongous, Frag: 22% external, 0% internal; Reserve: 103M, Max: 1024K
[38.587s][info][gc,start    ] GC(51) Concurrent reset
[38.587s][info][gc,task     ] GC(51) Using 1 of 3 workers for concurrent reset
[38.587s][info][gc,ergo     ] GC(51) Pacer for Reset. Non-Taxable: 2048M
[38.589s][info][gc          ] GC(51) Concurrent reset 2.698ms
[38.590s][info][gc,start    ] GC(51) Pause Init Mark (unload classes)
[38.590s][info][gc,task     ] GC(51) Using 3 of 3 workers for init marking
[38.590s][info][gc,ref      ] GC(51) Clearing All SoftReferences
[38.590s][info][gc,ergo     ] GC(51) Pacer for Mark. Expected Live: 117M, Free: 1170M, Non-Taxable: 117M, Alloc Tax Rate: 0.1x
[38.590s][info][gc          ] GC(51) Pause Init Mark (unload classes) 0.183ms
[38.590s][info][gc,start    ] GC(51) Concurrent marking roots
[38.590s][info][gc,task     ] GC(51) Using 1 of 3 workers for concurrent marking roots
[38.591s][info][gc          ] GC(51) Concurrent marking roots 0.868ms
[38.591s][info][gc,start    ] GC(51) Concurrent marking (unload classes)
[38.591s][info][gc,task     ] GC(51) Using 1 of 3 workers for concurrent marking
[38.595s][info][gc          ] GC(51) Concurrent marking (unload classes) 4.431ms
[38.595s][info][gc,start    ] GC(51) Pause Final Mark (unload classes)
[38.595s][info][gc,task     ] GC(51) Using 3 of 3 workers for final marking
[38.596s][info][gc,ergo     ] GC(51) Collectable Garbage: 727M (98%), Immediate: 727M (98%), CSet: 0B (0%)
[38.596s][info][gc          ] GC(51) Pause Final Mark (unload classes) 0.504ms
[38.596s][info][gc,start    ] GC(51) Concurrent weak references
[38.596s][info][gc,task     ] GC(51) Using 1 of 3 workers for concurrent weak references
[38.596s][info][gc,ref      ] GC(51) Encountered references: Soft: 178, Weak: 683, Final: 0, Phantom: 63
[38.596s][info][gc,ref      ] GC(51) Discovered  references: Soft: 127, Weak: 165, Final: 0, Phantom: 61
[38.596s][info][gc,ref      ] GC(51) Enqueued    references: Soft: 48, Weak: 0, Final: 0, Phantom: 0
[38.596s][info][gc          ] GC(51) Concurrent weak references 0.130ms
[38.596s][info][gc,start    ] GC(51) Concurrent weak roots
[38.596s][info][gc,task     ] GC(51) Using 1 of 3 workers for concurrent weak root
[38.597s][info][gc          ] GC(51) Concurrent weak roots 0.867ms
[38.597s][info][gc,start    ] GC(51) Concurrent cleanup
[38.597s][info][gc          ] GC(51) Concurrent cleanup 740M->13M(2048M) 0.058ms
[38.597s][info][gc,ergo     ] GC(51) Free: 1932M, Max: 1024K regular, 1005M humongous, Frag: 48% external, 0% internal; Reserve: 103M, Max: 1024K
[38.597s][info][gc,start    ] GC(51) Concurrent class unloading
[38.597s][info][gc,task     ] GC(51) Using 1 of 3 workers for concurrent class unloading
[38.601s][info][gc          ] GC(51) Concurrent class unloading 3.812ms
[38.601s][info][gc,start    ] GC(51) Pause Final Roots
[38.601s][info][gc          ] GC(51) Pause Final Roots 0.066ms
[38.601s][info][gc,ergo     ] Free: 1932M, Max: 1024K regular, 1005M humongous, Frag: 48% external, 0% internal; Reserve: 103M, Max: 1024K
[38.601s][info][gc,stats    ] 
[38.601s][info][gc,stats    ] All times are wall-clock times, except per-root-class counters, that are sum over
[38.601s][info][gc,stats    ] all workers. Dividing the <total> over the root stage time estimates parallelism.
[38.601s][info][gc,stats    ] 
[38.601s][info][gc,stats    ] Concurrent Reset                   2756 us
[38.601s][info][gc,stats    ] Pause Init Mark (G)                 273 us
[38.601s][info][gc,stats    ] Pause Init Mark (N)                 192 us
[38.601s][info][gc,stats    ]   Update Region States               89 us
[38.601s][info][gc,stats    ] Concurrent Mark Roots               906 us, parallelism: 0.81x
[38.601s][info][gc,stats    ]   CMR: <total>                      734 us
[38.601s][info][gc,stats    ]   CMR: Thread Roots                 656 us, workers (us): 656, ---, ---, 
[38.601s][info][gc,stats    ]   CMR: VM Strong Roots                8 us, workers (us):   8, ---, ---, 
[38.601s][info][gc,stats    ]   CMR: CLDG Roots                    69 us, workers (us):  69, ---, ---, 
[38.601s][info][gc,stats    ] Concurrent Marking                 4494 us
[38.601s][info][gc,stats    ] Pause Final Mark (G)                636 us
[38.601s][info][gc,stats    ] Pause Final Mark (N)                529 us
[38.601s][info][gc,stats    ]   Finish Mark                       166 us
[38.601s][info][gc,stats    ]   Update Region States              125 us
[38.602s][info][gc,stats    ]   Choose Collection Set             102 us
[38.602s][info][gc,stats    ]   Rebuild Free Set                   24 us
[38.602s][info][gc,stats    ] Concurrent Weak References          138 us, parallelism: 0.10x
[38.602s][info][gc,stats    ]   CWRF: <total>                      13 us
[38.602s][info][gc,stats    ]   CWRF: Weak References              13 us, workers (us):  13, ---, ---, 
[38.602s][info][gc,stats    ] Concurrent Weak Roots               898 us
[38.602s][info][gc,stats    ]   Roots                             794 us, parallelism: 0.92x
[38.602s][info][gc,stats    ]     CWR: <total>                    731 us
[38.602s][info][gc,stats    ]     CWR: Code Cache Roots           653 us, workers (us): 653, ---, ---, 
[38.602s][info][gc,stats    ]     CWR: VM Weak Roots               73 us, workers (us):  73, ---, ---, 
[38.602s][info][gc,stats    ]     CWR: CLDG Roots                   5 us, workers (us):   5, ---, ---, 
[38.602s][info][gc,stats    ]   Rendezvous                         56 us
[38.602s][info][gc,stats    ] Concurrent Cleanup                   67 us
[38.602s][info][gc,stats    ] Concurrent Class Unloading         3861 us
[38.602s][info][gc,stats    ]   Unlink Stale                     3267 us
[38.602s][info][gc,stats    ]     System Dictionary                 5 us
[38.602s][info][gc,stats    ]     Weak Class Links                  0 us
[38.602s][info][gc,stats    ]     Code Roots                     3260 us
[38.602s][info][gc,stats    ]   Rendezvous                        213 us
[38.602s][info][gc,stats    ]   Purge Unlinked                    314 us
[38.602s][info][gc,stats    ]     Code Roots                      299 us
[38.602s][info][gc,stats    ]     CLDG                             14 us
[38.602s][info][gc,stats    ]     Exception Caches                  0 us
[38.602s][info][gc,stats    ] Pause Final Roots (G)               200 us
[38.602s][info][gc,stats    ] Pause Final Roots (N)                84 us
[38.602s][info][gc,stats    ] 
[38.602s][info][gc,stats    ] Allocation pacing accrued:
[38.602s][info][gc,stats    ]       0 of    25 ms (  0.0%): <total>
[38.602s][info][gc,stats    ]       0 of    25 ms (  0.0%): <average total>
[38.602s][info][gc,stats    ] 
[38.602s][info][gc,metaspace] Metaspace: 15875K(16128K)->15875K(16128K) NonClass: 13705K(13824K)->13706K(13824K) Class: 2169K(2304K)->2169K(2304K)
[38.602s][info][gc,ergo     ] Pacer for Idle. Initial: 41943K, Alloc Tax Rate: 1.0x
[39.136s][info][gc          ] Trigger: Learning 2 of 5. Free (1420M) is below initial threshold (1433M)
[39.136s][info][gc,ergo     ] Free: 1419M, Max: 1024K regular, 1005M humongous, Frag: 30% external, 0% internal; Reserve: 103M, Max: 1024K
[39.136s][info][gc,start    ] GC(52) Concurrent reset
[39.136s][info][gc,task     ] GC(52) Using 1 of 3 workers for concurrent reset
[39.136s][info][gc,ergo     ] GC(52) Pacer for Reset. Non-Taxable: 2048M
[39.137s][info][gc          ] GC(52) Concurrent reset 0.386ms
[39.137s][info][gc,start    ] GC(52) Pause Init Mark (unload classes)
[39.137s][info][gc,task     ] GC(52) Using 3 of 3 workers for init marking
[39.137s][info][gc,ergo     ] GC(52) Pacer for Mark. Expected Live: 81649K, Free: 1419M, Non-Taxable: 141M, Alloc Tax Rate: 0.1x
[39.137s][info][gc          ] GC(52) Pause Init Mark (unload classes) 0.173ms
[39.137s][info][gc,start    ] GC(52) Concurrent marking roots
[39.137s][info][gc,task     ] GC(52) Using 1 of 3 workers for concurrent marking roots
[39.138s][info][gc          ] GC(52) Concurrent marking roots 0.429ms
[39.138s][info][gc,start    ] GC(52) Concurrent marking (unload classes)
[39.138s][info][gc,task     ] GC(52) Using 1 of 3 workers for concurrent marking
[39.466s][info][gc          ] GC(52) Concurrent marking (unload classes) 328.418ms
[39.466s][info][gc,start    ] GC(52) Pause Final Mark (unload classes)
[39.466s][info][gc,task     ] GC(52) Using 3 of 3 workers for final marking
[39.466s][info][gc,ergo     ] GC(52) Adaptive CSet Selection. Target Free: 290M, Actual Free: 1261M, Max CSet: 87381K, Min Garbage: 0B
[39.466s][info][gc,ergo     ] GC(52) Collectable Garbage: 197M (61%), Immediate: 28032K (8%), CSet: 169M (53%)
[39.466s][info][gc,ergo     ] GC(52) Pacer for Evacuation. Used CSet: 255M, Free: 1169M, Non-Taxable: 116M, Alloc Tax Rate: 1.1x
[39.466s][info][gc          ] GC(52) Pause Final Mark (unload classes) 0.247ms
[39.482s][info][gc,start    ] GC(52) Concurrent thread roots
[39.482s][info][gc,task     ] GC(52) Using 1 of 3 workers for Concurrent thread roots
[39.483s][info][gc          ] GC(52) Concurrent thread roots 0.499ms
[39.483s][info][gc,start    ] GC(52) Concurrent weak references
[39.483s][info][gc,task     ] GC(52) Using 1 of 3 workers for concurrent weak references
[39.483s][info][gc,ref      ] GC(52) Encountered references: Soft: 133, Weak: 684, Final: 0, Phantom: 63
[39.483s][info][gc,ref      ] GC(52) Discovered  references: Soft: 0, Weak: 152, Final: 0, Phantom: 26
[39.483s][info][gc,ref      ] GC(52) Enqueued    references: Soft: 0, Weak: 0, Final: 0, Phantom: 0
[39.483s][info][gc          ] GC(52) Concurrent weak references 0.087ms
[39.483s][info][gc,start    ] GC(52) Concurrent weak roots
[39.483s][info][gc,task     ] GC(52) Using 1 of 3 workers for concurrent weak root
[39.498s][info][gc          ] GC(52) Concurrent weak roots 14.879ms
[39.498s][info][gc,start    ] GC(52) Concurrent cleanup
[39.498s][info][gc          ] GC(52) Concurrent cleanup 807M->780M(2048M) 0.039ms
[39.498s][info][gc,ergo     ] GC(52) Free: 1152M, Max: 1024K regular, 1115M humongous, Frag: 4% external, 0% internal; Reserve: 88064K, Max: 1024K
[39.498s][info][gc,start    ] GC(52) Concurrent class unloading
[39.498s][info][gc,task     ] GC(52) Using 1 of 3 workers for concurrent class unloading
[39.514s][info][gc          ] GC(52) Concurrent class unloading 16.187ms
[39.514s][info][gc,start    ] GC(52) Concurrent strong roots
[39.514s][info][gc,task     ] GC(52) Using 1 of 3 workers for concurrent strong root
[39.514s][info][gc          ] GC(52) Concurrent strong roots 0.074ms
[39.514s][info][gc,start    ] GC(52) Concurrent evacuation
[39.514s][info][gc,task     ] GC(52) Using 1 of 3 workers for concurrent evacuation
[39.591s][info][gc          ] GC(52) Concurrent evacuation 76.585ms
[39.591s][info][gc,start    ] GC(52) Pause Init Update Refs
[39.591s][info][gc,ergo     ] GC(52) Pacer for Update Refs. Used: 946M, Free: 1052M, Non-Taxable: 105M, Alloc Tax Rate: 1.1x
[39.591s][info][gc          ] GC(52) Pause Init Update Refs 0.033ms
[39.592s][info][gc,start    ] GC(52) Concurrent update references
[39.592s][info][gc,task     ] GC(52) Using 1 of 3 workers for concurrent reference update
[40.012s][info][gc          ] GC(52) Concurrent update references 420.053ms
[40.012s][info][gc,start    ] GC(52) Concurrent update thread roots
[40.013s][info][gc          ] GC(52) Concurrent update thread roots 0.506ms
[40.013s][info][gc,start    ] GC(52) Pause Final Update Refs
[40.013s][info][gc,task     ] GC(52) Using 3 of 3 workers for final reference update
[40.013s][info][gc          ] GC(52) Pause Final Update Refs 0.138ms
[40.013s][info][gc,start    ] GC(52) Concurrent cleanup
[40.013s][info][gc          ] GC(52) Concurrent cleanup 995M->740M(2048M) 0.049ms
[40.013s][info][gc,ergo     ] Free: 1170M, Max: 1024K regular, 919M humongous, Frag: 22% external, 0% internal; Reserve: 103M, Max: 1024K
[40.013s][info][gc,stats    ] 
[40.013s][info][gc,stats    ] All times are wall-clock times, except per-root-class counters, that are sum over
[40.013s][info][gc,stats    ] all workers. Dividing the <total> over the root stage time estimates parallelism.
[40.013s][info][gc,stats    ] 
[40.013s][info][gc,stats    ] Concurrent Reset                    436 us
[40.013s][info][gc,stats    ] Pause Init Mark (G)                 349 us
[40.013s][info][gc,stats    ] Pause Init Mark (N)                 190 us
[40.013s][info][gc,stats    ]   Update Region States               67 us
[40.013s][info][gc,stats    ] Concurrent Mark Roots               447 us, parallelism: 0.80x
[40.013s][info][gc,stats    ]   CMR: <total>                      360 us
[40.013s][info][gc,stats    ]   CMR: Thread Roots                 320 us, workers (us): 320, ---, ---, 
[40.013s][info][gc,stats    ]   CMR: VM Strong Roots                4 us, workers (us):   4, ---, ---, 
[40.013s][info][gc,stats    ]   CMR: CLDG Roots                    36 us, workers (us):  36, ---, ---, 
[40.013s][info][gc,stats    ] Concurrent Marking               328483 us
[40.013s][info][gc,stats    ] Pause Final Mark (G)              16092 us
[40.013s][info][gc,stats    ] Pause Final Mark (N)                255 us
[40.013s][info][gc,stats    ]   Finish Mark                        49 us
[40.013s][info][gc,stats    ]   Update Region States               31 us
[40.013s][info][gc,stats    ]   Choose Collection Set              87 us
[40.013s][info][gc,stats    ]   Rebuild Free Set                    9 us
[40.013s][info][gc,stats    ] Concurrent Thread Roots             520 us, parallelism: 0.78x
[40.013s][info][gc,stats    ]   CTR: <total>                      405 us
[40.013s][info][gc,stats    ]   CTR: Thread Roots                 405 us, workers (us): 405, ---, ---, 
[40.013s][info][gc,stats    ] Concurrent Weak References           94 us, parallelism: 0.14x
[40.013s][info][gc,stats    ]   CWRF: <total>                      13 us
[40.013s][info][gc,stats    ]   CWRF: Weak References              13 us, workers (us):  13, ---, ---, 
[40.013s][info][gc,stats    ] Concurrent Weak Roots             14941 us
[40.013s][info][gc,stats    ]   Roots                            1028 us, parallelism: 0.97x
[40.013s][info][gc,stats    ]     CWR: <total>                    993 us
[40.013s][info][gc,stats    ]     CWR: Code Cache Roots           901 us, workers (us): 901, ---, ---, 
[40.013s][info][gc,stats    ]     CWR: VM Weak Roots               85 us, workers (us):  85, ---, ---, 
[40.013s][info][gc,stats    ]     CWR: CLDG Roots                   8 us, workers (us):   8, ---, ---, 
[40.013s][info][gc,stats    ]   Rendezvous                      13834 us
[40.013s][info][gc,stats    ] Concurrent Cleanup                   48 us
[40.013s][info][gc,stats    ] Concurrent Class Unloading        16237 us
[40.013s][info][gc,stats    ]   Unlink Stale                     4559 us
[40.013s][info][gc,stats    ]     System Dictionary                14 us
[40.013s][info][gc,stats    ]     Weak Class Links                  0 us
[40.013s][info][gc,stats    ]     Code Roots                     4543 us
[40.013s][info][gc,stats    ]   Rendezvous                      11361 us
[40.013s][info][gc,stats    ]   Purge Unlinked                    247 us
[40.013s][info][gc,stats    ]     Code Roots                      240 us
[40.013s][info][gc,stats    ]     CLDG                              7 us
[40.013s][info][gc,stats    ]     Exception Caches                  0 us
[40.013s][info][gc,stats    ] Concurrent Strong Roots              82 us, parallelism: 0.45x
[40.013s][info][gc,stats    ]   CSR: <total>                       37 us
[40.013s][info][gc,stats    ]   CSR: VM Strong Roots                4 us, workers (us):   4, ---, ---, 
[40.013s][info][gc,stats    ]   CSR: CLDG Roots                    32 us, workers (us):  32, ---, ---, 
[40.013s][info][gc,stats    ] Concurrent Evacuation             76656 us
[40.013s][info][gc,stats    ] Pause Init Update Refs (G)         1495 us
[40.013s][info][gc,stats    ] Pause Init Update Refs (N)           40 us
[40.014s][info][gc,stats    ]   Manage GCLABs                       5 us
[40.014s][info][gc,stats    ] Concurrent Update Refs           420133 us
[40.014s][info][gc,stats    ] Concurrent Update Thread Roots      525 us
[40.014s][info][gc,stats    ] Pause Final Update Refs (G)         214 us
[40.014s][info][gc,stats    ] Pause Final Update Refs (N)         156 us
[40.014s][info][gc,stats    ]   Update Region States               70 us
[40.014s][info][gc,stats    ]   Trash Collection Set                5 us
[40.014s][info][gc,stats    ]   Rebuild Free Set                   10 us
[40.014s][info][gc,stats    ] Concurrent Cleanup                   59 us
[40.014s][info][gc,stats    ] 
[40.014s][info][gc,stats    ] Allocation pacing accrued:
[40.014s][info][gc,stats    ]       0 of  1412 ms (  0.0%): <total>
[40.014s][info][gc,stats    ]       0 of  1412 ms (  0.0%): <average total>
[40.014s][info][gc,stats    ] 
[40.014s][info][gc,metaspace] Metaspace: 15875K(16128K)->15876K(16128K) NonClass: 13706K(13824K)->13706K(13824K) Class: 2169K(2304K)->2169K(2304K)
[40.014s][info][gc,ergo     ] Pacer for Idle. Initial: 41943K, Alloc Tax Rate: 1.0x
[40.028s][info][gc          ] Trigger: Explicit GC request (System.gc())
[40.028s][info][gc,ergo     ] Free: 1170M, Max: 1024K regular, 919M humongous, Frag: 22% external, 0% internal; Reserve: 103M, Max: 1024K
[40.028s][info][gc,start    ] GC(53) Concurrent reset
[40.028s][info][gc,task     ] GC(53) Using 1 of 3 workers for concurrent reset
[40.028s][info][gc,ergo     ] GC(53) Pacer for Reset. Non-Taxable: 2048M
[40.031s][info][gc          ] GC(53) Concurrent reset 2.932ms
[40.031s][info][gc,start    ] GC(53) Pause Init Mark (unload classes)
[40.031s][info][gc,task     ] GC(53) Using 3 of 3 workers for init marking
[40.031s][info][gc,ref      ] GC(53) Clearing All SoftReferences
[40.031s][info][gc,ergo     ] GC(53) Pacer for Mark. Expected Live: 117M, Free: 1170M, Non-Taxable: 117M, Alloc Tax Rate: 0.1x
[40.031s][info][gc          ] GC(53) Pause Init Mark (unload classes) 0.267ms
[40.032s][info][gc,start    ] GC(53) Concurrent marking roots
[40.032s][info][gc,task     ] GC(53) Using 1 of 3 workers for concurrent marking roots
[40.032s][info][gc          ] GC(53) Concurrent marking roots 0.487ms
[40.032s][info][gc,start    ] GC(53) Concurrent marking (unload classes)
[40.032s][info][gc,task     ] GC(53) Using 1 of 3 workers for concurrent marking
[40.037s][info][gc          ] GC(53) Concurrent marking (unload classes) 4.899ms
[40.037s][info][gc,start    ] GC(53) Pause Final Mark (unload classes)
[40.037s][info][gc,task     ] GC(53) Using 3 of 3 workers for final marking
[40.037s][info][gc,ergo     ] GC(53) Collectable Garbage: 727M (98%), Immediate: 727M (98%), CSet: 0B (0%)
[40.037s][info][gc          ] GC(53) Pause Final Mark (unload classes) 0.407ms
[40.038s][info][gc,start    ] GC(53) Concurrent weak references
[40.038s][info][gc,task     ] GC(53) Using 1 of 3 workers for concurrent weak references
[40.038s][info][gc,ref      ] GC(53) Encountered references: Soft: 178, Weak: 683, Final: 0, Phantom: 63
[40.038s][info][gc,ref      ] GC(53) Discovered  references: Soft: 127, Weak: 165, Final: 0, Phantom: 61
[40.038s][info][gc,ref      ] GC(53) Enqueued    references: Soft: 48, Weak: 0, Final: 0, Phantom: 0
[40.038s][info][gc          ] GC(53) Concurrent weak references 0.136ms
[40.038s][info][gc,start    ] GC(53) Concurrent weak roots
[40.038s][info][gc,task     ] GC(53) Using 1 of 3 workers for concurrent weak root
[40.039s][info][gc          ] GC(53) Concurrent weak roots 0.992ms
[40.039s][info][gc,start    ] GC(53) Concurrent cleanup
[40.039s][info][gc          ] GC(53) Concurrent cleanup 740M->13M(2048M) 0.053ms
[40.039s][info][gc,ergo     ] GC(53) Free: 1932M, Max: 1024K regular, 1003M humongous, Frag: 49% external, 0% internal; Reserve: 103M, Max: 1024K
[40.039s][info][gc,start    ] GC(53) Concurrent class unloading
[40.039s][info][gc,task     ] GC(53) Using 1 of 3 workers for concurrent class unloading
[40.042s][info][gc          ] GC(53) Concurrent class unloading 3.661ms
[40.043s][info][gc,start    ] GC(53) Pause Final Roots
[40.043s][info][gc          ] GC(53) Pause Final Roots 0.050ms
[40.043s][info][gc,ergo     ] Free: 1932M, Max: 1024K regular, 1003M humongous, Frag: 49% external, 0% internal; Reserve: 103M, Max: 1024K
[40.043s][info][gc,stats    ] 
[40.043s][info][gc,stats    ] All times are wall-clock times, except per-root-class counters, that are sum over
[40.043s][info][gc,stats    ] all workers. Dividing the <total> over the root stage time estimates parallelism.
[40.043s][info][gc,stats    ] 
[40.043s][info][gc,stats    ] Concurrent Reset                   2981 us
[40.043s][info][gc,stats    ] Pause Init Mark (G)                 465 us
[40.043s][info][gc,stats    ] Pause Init Mark (N)                 285 us
[40.043s][info][gc,stats    ]   Update Region States               94 us
[40.043s][info][gc,stats    ] Concurrent Mark Roots               505 us, parallelism: 0.79x
[40.043s][info][gc,stats    ]   CMR: <total>                      400 us
[40.043s][info][gc,stats    ]   CMR: Thread Roots                 342 us, workers (us): 342, ---, ---, 
[40.043s][info][gc,stats    ]   CMR: VM Strong Roots                7 us, workers (us):   7, ---, ---, 
[40.043s][info][gc,stats    ]   CMR: CLDG Roots                    51 us, workers (us):  51, ---, ---, 
[40.043s][info][gc,stats    ] Concurrent Marking                 4966 us
[40.043s][info][gc,stats    ] Pause Final Mark (G)                536 us
[40.043s][info][gc,stats    ] Pause Final Mark (N)                432 us
[40.043s][info][gc,stats    ]   Finish Mark                       102 us
[40.043s][info][gc,stats    ]   Update Region States               99 us
[40.043s][info][gc,stats    ]   Choose Collection Set             101 us
[40.043s][info][gc,stats    ]   Rebuild Free Set                   25 us
[40.043s][info][gc,stats    ] Concurrent Weak References          144 us, parallelism: 0.09x
[40.043s][info][gc,stats    ]   CWRF: <total>                      13 us
[40.043s][info][gc,stats    ]   CWRF: Weak References              13 us, workers (us):  13, ---, ---, 
[40.043s][info][gc,stats    ] Concurrent Weak Roots              1010 us
[40.043s][info][gc,stats    ]   Roots                             911 us, parallelism: 0.96x
[40.043s][info][gc,stats    ]     CWR: <total>                    870 us
[40.043s][info][gc,stats    ]     CWR: Code Cache Roots           780 us, workers (us): 780, ---, ---, 
[40.043s][info][gc,stats    ]     CWR: VM Weak Roots               86 us, workers (us):  86, ---, ---, 
[40.043s][info][gc,stats    ]     CWR: CLDG Roots                   4 us, workers (us):   4, ---, ---, 
[40.043s][info][gc,stats    ]   Rendezvous                         66 us
[40.043s][info][gc,stats    ] Concurrent Cleanup                   61 us
[40.043s][info][gc,stats    ] Concurrent Class Unloading         3724 us
[40.043s][info][gc,stats    ]   Unlink Stale                     3314 us
[40.043s][info][gc,stats    ]     System Dictionary                 5 us
[40.043s][info][gc,stats    ]     Weak Class Links                  0 us
[40.043s][info][gc,stats    ]     Code Roots                     3307 us
[40.043s][info][gc,stats    ]   Rendezvous                        150 us
[40.043s][info][gc,stats    ]   Purge Unlinked                    177 us
[40.043s][info][gc,stats    ]     Code Roots                      168 us
[40.043s][info][gc,stats    ]     CLDG                              9 us
[40.043s][info][gc,stats    ]     Exception Caches                  0 us
[40.043s][info][gc,stats    ] Pause Final Roots (G)               168 us
[40.043s][info][gc,stats    ] Pause Final Roots (N)                69 us
[40.043s][info][gc,stats    ] 
[40.043s][info][gc,stats    ] Allocation pacing accrued:
[40.043s][info][gc,stats    ]       0 of    30 ms (  0.0%): <total>
[40.043s][info][gc,stats    ]       0 of    30 ms (  0.0%): <average total>
[40.043s][info][gc,stats    ] 
[40.043s][info][gc,metaspace] Metaspace: 15876K(16128K)->15876K(16128K) NonClass: 13706K(13824K)->13706K(13824K) Class: 2169K(2304K)->2169K(2304K)
[40.043s][info][gc,ergo     ] Pacer for Idle. Initial: 41943K, Alloc Tax Rate: 1.0x
[40.577s][info][gc          ] Trigger: Learning 2 of 5. Free (1422M) is below initial threshold (1433M)
[40.578s][info][gc,ergo     ] Free: 1422M, Max: 1024K regular, 1003M humongous, Frag: 30% external, 0% internal; Reserve: 103M, Max: 1024K
[40.578s][info][gc,start    ] GC(54) Concurrent reset
[40.578s][info][gc,task     ] GC(54) Using 1 of 3 workers for concurrent reset
[40.578s][info][gc,ergo     ] GC(54) Pacer for Reset. Non-Taxable: 2048M
[40.578s][info][gc          ] GC(54) Concurrent reset 0.460ms
[40.578s][info][gc,start    ] GC(54) Pause Init Mark (unload classes)
[40.578s][info][gc,task     ] GC(54) Using 3 of 3 workers for init marking
[40.578s][info][gc,ergo     ] GC(54) Pacer for Mark. Expected Live: 81438K, Free: 1422M, Non-Taxable: 142M, Alloc Tax Rate: 0.1x
[40.578s][info][gc          ] GC(54) Pause Init Mark (unload classes) 0.208ms
[40.579s][info][gc,start    ] GC(54) Concurrent marking roots
[40.579s][info][gc,task     ] GC(54) Using 1 of 3 workers for concurrent marking roots
[40.579s][info][gc          ] GC(54) Concurrent marking roots 0.436ms
[40.579s][info][gc,start    ] GC(54) Concurrent marking (unload classes)
[40.579s][info][gc,task     ] GC(54) Using 1 of 3 workers for concurrent marking
[40.930s][info][gc          ] GC(54) Concurrent marking (unload classes) 351.368ms
[40.931s][info][gc,start    ] GC(54) Pause Final Mark (unload classes)
[40.931s][info][gc,task     ] GC(54) Using 3 of 3 workers for final marking
[40.931s][info][gc,ergo     ] GC(54) Adaptive CSet Selection. Target Free: 290M, Actual Free: 1272M, Max CSet: 87381K, Min Garbage: 0B
[40.931s][info][gc,ergo     ] GC(54) Collectable Garbage: 196M (62%), Immediate: 29760K (9%), CSet: 167M (53%)
[40.931s][info][gc,ergo     ] GC(54) Pacer for Evacuation. Used CSet: 253M, Free: 1182M, Non-Taxable: 118M, Alloc Tax Rate: 1.1x
[40.931s][info][gc          ] GC(54) Pause Final Mark (unload classes) 0.424ms
[40.962s][info][gc,start    ] GC(54) Concurrent thread roots
[40.962s][info][gc,task     ] GC(54) Using 1 of 3 workers for Concurrent thread roots
[40.962s][info][gc          ] GC(54) Concurrent thread roots 0.543ms
[40.962s][info][gc,start    ] GC(54) Concurrent weak references
[40.962s][info][gc,task     ] GC(54) Using 1 of 3 workers for concurrent weak references
[40.962s][info][gc,ref      ] GC(54) Encountered references: Soft: 133, Weak: 684, Final: 0, Phantom: 63
[40.962s][info][gc,ref      ] GC(54) Discovered  references: Soft: 0, Weak: 152, Final: 0, Phantom: 26
[40.962s][info][gc,ref      ] GC(54) Enqueued    references: Soft: 0, Weak: 0, Final: 0, Phantom: 0
[40.962s][info][gc          ] GC(54) Concurrent weak references 0.067ms
[40.962s][info][gc,start    ] GC(54) Concurrent weak roots
[40.962s][info][gc,task     ] GC(54) Using 1 of 3 workers for concurrent weak root
[40.993s][info][gc          ] GC(54) Concurrent weak roots 30.991ms
[40.993s][info][gc,start    ] GC(54) Concurrent cleanup
[40.993s][info][gc          ] GC(54) Concurrent cleanup 825M->796M(2048M) 0.038ms
[40.993s][info][gc,ergo     ] GC(54) Free: 1141M, Max: 1024K regular, 1102M humongous, Frag: 4% external, 0% internal; Reserve: 83968K, Max: 1024K
[40.993s][info][gc,start    ] GC(54) Concurrent class unloading
[40.993s][info][gc,task     ] GC(54) Using 1 of 3 workers for concurrent class unloading
[41.040s][info][gc          ] GC(54) Concurrent class unloading 46.797ms
[41.040s][info][gc,start    ] GC(54) Concurrent strong roots
[41.040s][info][gc,task     ] GC(54) Using 1 of 3 workers for concurrent strong root
[41.040s][info][gc          ] GC(54) Concurrent strong roots 0.095ms
[41.040s][info][gc,start    ] GC(54) Concurrent evacuation
[41.040s][info][gc,task     ] GC(54) Using 1 of 3 workers for concurrent evacuation
[41.126s][info][gc          ] GC(54) Concurrent evacuation 85.291ms
[41.126s][info][gc,start    ] GC(54) Pause Init Update Refs
[41.126s][info][gc,ergo     ] GC(54) Pacer for Update Refs. Used: 967M, Free: 1029M, Non-Taxable: 102M, Alloc Tax Rate: 1.1x
[41.126s][info][gc          ] GC(54) Pause Init Update Refs 0.035ms
[41.126s][info][gc,start    ] GC(54) Concurrent update references
[41.126s][info][gc,task     ] GC(54) Using 1 of 3 workers for concurrent reference update
[41.525s][info][gc          ] GC(54) Concurrent update references 399.322ms
[41.525s][info][gc,start    ] GC(54) Concurrent update thread roots
[41.526s][info][gc          ] GC(54) Concurrent update thread roots 0.921ms
[41.526s][info][gc,start    ] GC(54) Pause Final Update Refs
[41.526s][info][gc,task     ] GC(54) Using 3 of 3 workers for final reference update
[41.527s][info][gc          ] GC(54) Pause Final Update Refs 0.272ms
[41.527s][info][gc,start    ] GC(54) Concurrent cleanup
[41.527s][info][gc          ] GC(54) Concurrent cleanup 991M->738M(2048M) 0.036ms
[41.527s][info][gc,ergo     ] Free: 1171M, Max: 1024K regular, 922M humongous, Frag: 22% external, 0% internal; Reserve: 103M, Max: 1024K
[41.527s][info][gc,stats    ] 
[41.527s][info][gc,stats    ] All times are wall-clock times, except per-root-class counters, that are sum over
[41.527s][info][gc,stats    ] all workers. Dividing the <total> over the root stage time estimates parallelism.
[41.527s][info][gc,stats    ] 
[41.527s][info][gc,stats    ] Concurrent Reset                    528 us
[41.527s][info][gc,stats    ] Pause Init Mark (G)                 409 us
[41.527s][info][gc,stats    ] Pause Init Mark (N)                 229 us
[41.527s][info][gc,stats    ]   Update Region States               92 us
[41.527s][info][gc,stats    ] Concurrent Mark Roots               445 us, parallelism: 0.80x
[41.527s][info][gc,stats    ]   CMR: <total>                      357 us
[41.527s][info][gc,stats    ]   CMR: Thread Roots                 316 us, workers (us): 316, ---, ---, 
[41.527s][info][gc,stats    ]   CMR: VM Strong Roots                4 us, workers (us):   4, ---, ---, 
[41.527s][info][gc,stats    ]   CMR: CLDG Roots                    37 us, workers (us):  37, ---, ---, 
[41.527s][info][gc,stats    ] Concurrent Marking               351468 us
[41.527s][info][gc,stats    ] Pause Final Mark (G)              31168 us
[41.527s][info][gc,stats    ] Pause Final Mark (N)                433 us
[41.527s][info][gc,stats    ]   Finish Mark                       100 us
[41.527s][info][gc,stats    ]   Update Region States               79 us
[41.527s][info][gc,stats    ]   Choose Collection Set             130 us
[41.527s][info][gc,stats    ]   Rebuild Free Set                    9 us
[41.527s][info][gc,stats    ] Concurrent Thread Roots             564 us, parallelism: 0.76x
[41.527s][info][gc,stats    ]   CTR: <total>                      429 us
[41.527s][info][gc,stats    ]   CTR: Thread Roots                 429 us, workers (us): 429, ---, ---, 
[41.527s][info][gc,stats    ] Concurrent Weak References           74 us, parallelism: 0.20x
[41.527s][info][gc,stats    ]   CWRF: <total>                      15 us
[41.527s][info][gc,stats    ]   CWRF: Weak References              15 us, workers (us):  15, ---, ---, 
[41.527s][info][gc,stats    ] Concurrent Weak Roots             31074 us
[41.527s][info][gc,stats    ]   Roots                            1078 us, parallelism: 0.96x
[41.527s][info][gc,stats    ]     CWR: <total>                   1030 us
[41.527s][info][gc,stats    ]     CWR: Code Cache Roots           931 us, workers (us): 931, ---, ---, 
[41.527s][info][gc,stats    ]     CWR: VM Weak Roots               90 us, workers (us):  90, ---, ---, 
[41.527s][info][gc,stats    ]     CWR: CLDG Roots                   8 us, workers (us):   8, ---, ---, 
[41.527s][info][gc,stats    ]   Rendezvous                      29893 us
[41.527s][info][gc,stats    ] Concurrent Cleanup                   53 us
[41.527s][info][gc,stats    ] Concurrent Class Unloading        46859 us
[41.527s][info][gc,stats    ]   Unlink Stale                     3952 us
[41.527s][info][gc,stats    ]     System Dictionary                11 us
[41.527s][info][gc,stats    ]     Weak Class Links                  0 us
[41.527s][info][gc,stats    ]     Code Roots                     3938 us
[41.527s][info][gc,stats    ]   Rendezvous                      42554 us
[41.527s][info][gc,stats    ]   Purge Unlinked                    270 us
[41.527s][info][gc,stats    ]     Code Roots                      267 us
[41.527s][info][gc,stats    ]     CLDG                              3 us
[41.527s][info][gc,stats    ]     Exception Caches                  0 us
[41.527s][info][gc,stats    ] Concurrent Strong Roots             133 us, parallelism: 0.32x
[41.527s][info][gc,stats    ]   CSR: <total>                       42 us
[41.527s][info][gc,stats    ]   CSR: VM Strong Roots                4 us, workers (us):   4, ---, ---, 
[41.527s][info][gc,stats    ]   CSR: CLDG Roots                    39 us, workers (us):  39, ---, ---, 
[41.527s][info][gc,stats    ] Concurrent Evacuation             85368 us
[41.527s][info][gc,stats    ] Pause Init Update Refs (G)          165 us
[41.527s][info][gc,stats    ] Pause Init Update Refs (N)           43 us
[41.527s][info][gc,stats    ]   Manage GCLABs                       3 us
[41.527s][info][gc,stats    ] Concurrent Update Refs           399389 us
[41.527s][info][gc,stats    ] Concurrent Update Thread Roots      939 us
[41.527s][info][gc,stats    ] Pause Final Update Refs (G)         397 us
[41.527s][info][gc,stats    ] Pause Final Update Refs (N)         322 us
[41.527s][info][gc,stats    ]   Update Region States              126 us
[41.527s][info][gc,stats    ]   Trash Collection Set               15 us
[41.527s][info][gc,stats    ]   Rebuild Free Set                   31 us
[41.527s][info][gc,stats    ] Concurrent Cleanup                   45 us
[41.527s][info][gc,stats    ] 
[41.527s][info][gc,stats    ] Allocation pacing accrued:
[41.527s][info][gc,stats    ]       0 of  1484 ms (  0.0%): <total>
[41.527s][info][gc,stats    ]       0 of  1484 ms (  0.0%): <average total>
[41.527s][info][gc,stats    ] 
[41.527s][info][gc,metaspace] Metaspace: 15876K(16128K)->15876K(16128K) NonClass: 13706K(13824K)->13706K(13824K) Class: 2169K(2304K)->2169K(2304K)
[41.527s][info][gc,ergo     ] Pacer for Idle. Initial: 41943K, Alloc Tax Rate: 1.0x
[41.543s][info][gc          ] Trigger: Explicit GC request (System.gc())
[41.543s][info][gc,ergo     ] Free: 1171M, Max: 1024K regular, 922M humongous, Frag: 22% external, 0% internal; Reserve: 103M, Max: 1024K
[41.543s][info][gc,start    ] GC(55) Concurrent reset
[41.543s][info][gc,task     ] GC(55) Using 1 of 3 workers for concurrent reset
[41.543s][info][gc,ergo     ] GC(55) Pacer for Reset. Non-Taxable: 2048M
[41.545s][info][gc          ] GC(55) Concurrent reset 2.062ms
[41.545s][info][gc,start    ] GC(55) Pause Init Mark (unload classes)
[41.545s][info][gc,task     ] GC(55) Using 3 of 3 workers for init marking
[41.546s][info][gc,ref      ] GC(55) Clearing All SoftReferences
[41.546s][info][gc,ergo     ] GC(55) Pacer for Mark. Expected Live: 116M, Free: 1171M, Non-Taxable: 117M, Alloc Tax Rate: 0.1x
[41.546s][info][gc          ] GC(55) Pause Init Mark (unload classes) 0.227ms
[41.546s][info][gc,start    ] GC(55) Concurrent marking roots
[41.546s][info][gc,task     ] GC(55) Using 1 of 3 workers for concurrent marking roots
[41.546s][info][gc          ] GC(55) Concurrent marking roots 0.460ms
[41.546s][info][gc,start    ] GC(55) Concurrent marking (unload classes)
[41.546s][info][gc,task     ] GC(55) Using 1 of 3 workers for concurrent marking
[41.550s][info][gc          ] GC(55) Concurrent marking (unload classes) 4.098ms
[41.550s][info][gc,start    ] GC(55) Pause Final Mark (unload classes)
[41.550s][info][gc,task     ] GC(55) Using 3 of 3 workers for final marking
[41.551s][info][gc,ergo     ] GC(55) Collectable Garbage: 726M (98%), Immediate: 726M (98%), CSet: 0B (0%)
[41.551s][info][gc          ] GC(55) Pause Final Mark (unload classes) 0.520ms
[41.551s][info][gc,start    ] GC(55) Concurrent weak references
[41.551s][info][gc,task     ] GC(55) Using 1 of 3 workers for concurrent weak references
[41.551s][info][gc,ref      ] GC(55) Encountered references: Soft: 178, Weak: 683, Final: 0, Phantom: 63
[41.551s][info][gc,ref      ] GC(55) Discovered  references: Soft: 127, Weak: 165, Final: 0, Phantom: 61
[41.551s][info][gc,ref      ] GC(55) Enqueued    references: Soft: 48, Weak: 0, Final: 0, Phantom: 0
[41.551s][info][gc          ] GC(55) Concurrent weak references 0.147ms
[41.551s][info][gc,start    ] GC(55) Concurrent weak roots
[41.551s][info][gc,task     ] GC(55) Using 1 of 3 workers for concurrent weak root
[41.552s][info][gc          ] GC(55) Concurrent weak roots 0.878ms
[41.552s][info][gc,start    ] GC(55) Concurrent cleanup
[41.552s][info][gc          ] GC(55) Concurrent cleanup 738M->12M(2048M) 0.058ms
[41.552s][info][gc,ergo     ] GC(55) Free: 1932M, Max: 1024K regular, 1005M humongous, Frag: 48% external, 0% internal; Reserve: 103M, Max: 1024K
[41.552s][info][gc,start    ] GC(55) Concurrent class unloading
[41.552s][info][gc,task     ] GC(55) Using 1 of 3 workers for concurrent class unloading
[41.556s][info][gc          ] GC(55) Concurrent class unloading 3.618ms
[41.556s][info][gc,start    ] GC(55) Pause Final Roots
[41.556s][info][gc          ] GC(55) Pause Final Roots 0.068ms
[41.556s][info][gc,ergo     ] Free: 1932M, Max: 1024K regular, 1005M humongous, Frag: 48% external, 0% internal; Reserve: 103M, Max: 1024K
[41.556s][info][gc,stats    ] 
[41.556s][info][gc,stats    ] All times are wall-clock times, except per-root-class counters, that are sum over
[41.556s][info][gc,stats    ] all workers. Dividing the <total> over the root stage time estimates parallelism.
[41.556s][info][gc,stats    ] 
[41.556s][info][gc,stats    ] Concurrent Reset                   2115 us
[41.556s][info][gc,stats    ] Pause Init Mark (G)                 348 us
[41.556s][info][gc,stats    ] Pause Init Mark (N)                 255 us
[41.556s][info][gc,stats    ]   Update Region States               94 us
[41.556s][info][gc,stats    ] Concurrent Mark Roots               480 us, parallelism: 0.75x
[41.556s][info][gc,stats    ]   CMR: <total>                      359 us
[41.556s][info][gc,stats    ]   CMR: Thread Roots                 318 us, workers (us): 318, ---, ---, 
[41.556s][info][gc,stats    ]   CMR: VM Strong Roots                4 us, workers (us):   4, ---, ---, 
[41.556s][info][gc,stats    ]   CMR: CLDG Roots                    37 us, workers (us):  37, ---, ---, 
[41.556s][info][gc,stats    ] Concurrent Marking                 4131 us
[41.556s][info][gc,stats    ] Pause Final Mark (G)                600 us
[41.556s][info][gc,stats    ] Pause Final Mark (N)                545 us
[41.556s][info][gc,stats    ]   Finish Mark                       231 us
[41.556s][info][gc,stats    ]   Update Region States               85 us
[41.556s][info][gc,stats    ]   Choose Collection Set             100 us
[41.556s][info][gc,stats    ]   Rebuild Free Set                   24 us
[41.556s][info][gc,stats    ] Concurrent Weak References          162 us, parallelism: 0.08x
[41.556s][info][gc,stats    ]   CWRF: <total>                      14 us
[41.556s][info][gc,stats    ]   CWRF: Weak References              14 us, workers (us):  14, ---, ---, 
[41.556s][info][gc,stats    ] Concurrent Weak Roots               892 us
[41.556s][info][gc,stats    ]   Roots                             780 us, parallelism: 0.95x
[41.556s][info][gc,stats    ]     CWR: <total>                    741 us
[41.556s][info][gc,stats    ]     CWR: Code Cache Roots           661 us, workers (us): 661, ---, ---, 
[41.556s][info][gc,stats    ]     CWR: VM Weak Roots               76 us, workers (us):  76, ---, ---, 
[41.556s][info][gc,stats    ]     CWR: CLDG Roots                   5 us, workers (us):   5, ---, ---, 
[41.556s][info][gc,stats    ]   Rendezvous                         67 us
[41.556s][info][gc,stats    ] Concurrent Cleanup                   66 us
[41.556s][info][gc,stats    ] Concurrent Class Unloading         3647 us
[41.556s][info][gc,stats    ]   Unlink Stale                     3247 us
[41.556s][info][gc,stats    ]     System Dictionary                 5 us
[41.556s][info][gc,stats    ]     Weak Class Links                  0 us
[41.556s][info][gc,stats    ]     Code Roots                     3240 us
[41.556s][info][gc,stats    ]   Rendezvous                        103 us
[41.557s][info][gc,stats    ]   Purge Unlinked                    252 us
[41.557s][info][gc,stats    ]     Code Roots                      246 us
[41.557s][info][gc,stats    ]     CLDG                              6 us
[41.557s][info][gc,stats    ]     Exception Caches                  0 us
[41.557s][info][gc,stats    ] Pause Final Roots (G)               165 us
[41.557s][info][gc,stats    ] Pause Final Roots (N)                87 us
[41.557s][info][gc,stats    ] 
[41.557s][info][gc,stats    ] Allocation pacing accrued:
[41.557s][info][gc,stats    ]       0 of    29 ms (  0.0%): <total>
[41.557s][info][gc,stats    ]       0 of    29 ms (  0.0%): <average total>
[41.557s][info][gc,stats    ] 
[41.557s][info][gc,metaspace] Metaspace: 15876K(16128K)->15876K(16128K) NonClass: 13706K(13824K)->13706K(13824K) Class: 2169K(2304K)->2169K(2304K)
[41.557s][info][gc,ergo     ] Pacer for Idle. Initial: 41943K, Alloc Tax Rate: 1.0x
[42.093s][info][gc          ] Trigger: Learning 2 of 5. Free (1412M) is below initial threshold (1433M)
[42.093s][info][gc,ergo     ] Free: 1412M, Max: 1024K regular, 1005M humongous, Frag: 29% external, 0% internal; Reserve: 103M, Max: 1024K
[42.093s][info][gc,start    ] GC(56) Concurrent reset
[42.093s][info][gc,task     ] GC(56) Using 1 of 3 workers for concurrent reset
[42.093s][info][gc,ergo     ] GC(56) Pacer for Reset. Non-Taxable: 2048M
[42.094s][info][gc          ] GC(56) Concurrent reset 0.311ms
[42.094s][info][gc,start    ] GC(56) Pause Init Mark (unload classes)
[42.094s][info][gc,task     ] GC(56) Using 3 of 3 workers for init marking
[42.094s][info][gc,ergo     ] GC(56) Pacer for Mark. Expected Live: 81141K, Free: 1412M, Non-Taxable: 141M, Alloc Tax Rate: 0.1x
[42.094s][info][gc          ] GC(56) Pause Init Mark (unload classes) 0.208ms
[42.094s][info][gc,start    ] GC(56) Concurrent marking roots
[42.094s][info][gc,task     ] GC(56) Using 1 of 3 workers for concurrent marking roots
[42.095s][info][gc          ] GC(56) Concurrent marking roots 0.478ms
[42.095s][info][gc,start    ] GC(56) Concurrent marking (unload classes)
[42.095s][info][gc,task     ] GC(56) Using 1 of 3 workers for concurrent marking
[42.501s][info][gc          ] GC(56) Concurrent marking (unload classes) 406.421ms
[42.501s][info][gc,start    ] GC(56) Pause Final Mark (unload classes)
[42.501s][info][gc,task     ] GC(56) Using 3 of 3 workers for final marking
[42.502s][info][gc,ergo     ] GC(56) Adaptive CSet Selection. Target Free: 290M, Actual Free: 1185M, Max CSet: 87381K, Min Garbage: 0B
[42.502s][info][gc,ergo     ] GC(56) Collectable Garbage: 196M (61%), Immediate: 28335K (8%), CSet: 168M (52%)
[42.502s][info][gc,ergo     ] GC(56) Pacer for Evacuation. Used CSet: 254M, Free: 1095M, Non-Taxable: 109M, Alloc Tax Rate: 1.1x
[42.502s][info][gc          ] GC(56) Pause Final Mark (unload classes) 0.312ms
[42.506s][info][gc,start    ] GC(56) Concurrent thread roots
[42.506s][info][gc,task     ] GC(56) Using 1 of 3 workers for Concurrent thread roots
[42.506s][info][gc          ] GC(56) Concurrent thread roots 0.526ms
[42.506s][info][gc,start    ] GC(56) Concurrent weak references
[42.506s][info][gc,task     ] GC(56) Using 1 of 3 workers for concurrent weak references
[42.506s][info][gc,ref      ] GC(56) Encountered references: Soft: 133, Weak: 684, Final: 0, Phantom: 63
[42.506s][info][gc,ref      ] GC(56) Discovered  references: Soft: 0, Weak: 153, Final: 0, Phantom: 26
[42.506s][info][gc,ref      ] GC(56) Enqueued    references: Soft: 0, Weak: 0, Final: 0, Phantom: 0
[42.506s][info][gc          ] GC(56) Concurrent weak references 0.069ms
[42.506s][info][gc,start    ] GC(56) Concurrent weak roots
[42.506s][info][gc,task     ] GC(56) Using 1 of 3 workers for concurrent weak root
[42.521s][info][gc          ] GC(56) Concurrent weak roots 15.024ms
[42.521s][info][gc,start    ] GC(56) Concurrent cleanup
[42.521s][info][gc          ] GC(56) Concurrent cleanup 864M->837M(2048M) 0.044ms
[42.521s][info][gc,ergo     ] GC(56) Free: 1084M, Max: 1024K regular, 1046M humongous, Frag: 4% external, 0% internal; Reserve: 95232K, Max: 1024K
[42.521s][info][gc,start    ] GC(56) Concurrent class unloading
[42.521s][info][gc,task     ] GC(56) Using 1 of 3 workers for concurrent class unloading
[42.537s][info][gc          ] GC(56) Concurrent class unloading 15.661ms
[42.537s][info][gc,start    ] GC(56) Concurrent strong roots
[42.537s][info][gc,task     ] GC(56) Using 1 of 3 workers for concurrent strong root
[42.537s][info][gc          ] GC(56) Concurrent strong roots 0.080ms
[42.537s][info][gc,start    ] GC(56) Concurrent evacuation
[42.537s][info][gc,task     ] GC(56) Using 1 of 3 workers for concurrent evacuation
[42.615s][info][gc          ] GC(56) Concurrent evacuation 78.216ms
[42.616s][info][gc,start    ] GC(56) Pause Init Update Refs
[42.616s][info][gc,ergo     ] GC(56) Pacer for Update Refs. Used: 975M, Free: 1022M, Non-Taxable: 102M, Alloc Tax Rate: 1.2x
[42.616s][info][gc          ] GC(56) Pause Init Update Refs 0.042ms
[42.616s][info][gc,start    ] GC(56) Concurrent update references
[42.616s][info][gc,task     ] GC(56) Using 1 of 3 workers for concurrent reference update
[43.098s][info][gc          ] GC(56) Concurrent update references 481.869ms
[43.098s][info][gc,start    ] GC(56) Concurrent update thread roots
[43.098s][info][gc          ] GC(56) Concurrent update thread roots 0.815ms
[43.099s][info][gc,start    ] GC(56) Pause Final Update Refs
[43.099s][info][gc,task     ] GC(56) Using 3 of 3 workers for final reference update
[43.099s][info][gc          ] GC(56) Pause Final Update Refs 0.180ms
[43.099s][info][gc,start    ] GC(56) Concurrent cleanup
[43.099s][info][gc          ] GC(56) Concurrent cleanup 993M->739M(2048M) 0.050ms
[43.099s][info][gc,ergo     ] Free: 1171M, Max: 1024K regular, 921M humongous, Frag: 22% external, 0% internal; Reserve: 103M, Max: 1024K
[43.099s][info][gc,stats    ] 
[43.099s][info][gc,stats    ] All times are wall-clock times, except per-root-class counters, that are sum over
[43.099s][info][gc,stats    ] all workers. Dividing the <total> over the root stage time estimates parallelism.
[43.099s][info][gc,stats    ] 
[43.099s][info][gc,stats    ] Concurrent Reset                    362 us
[43.099s][info][gc,stats    ] Pause Init Mark (G)                 406 us
[43.099s][info][gc,stats    ] Pause Init Mark (N)                 229 us
[43.099s][info][gc,stats    ]   Update Region States               93 us
[43.099s][info][gc,stats    ] Concurrent Mark Roots               515 us, parallelism: 0.70x
[43.099s][info][gc,stats    ]   CMR: <total>                      358 us
[43.099s][info][gc,stats    ]   CMR: Thread Roots                 321 us, workers (us): 321, ---, ---, 
[43.099s][info][gc,stats    ]   CMR: VM Strong Roots                3 us, workers (us):   3, ---, ---, 
[43.099s][info][gc,stats    ]   CMR: CLDG Roots                    33 us, workers (us):  33, ---, ---, 
[43.099s][info][gc,stats    ] Concurrent Marking               406503 us
[43.099s][info][gc,stats    ] Pause Final Mark (G)               4345 us
[43.099s][info][gc,stats    ] Pause Final Mark (N)                325 us
[43.099s][info][gc,stats    ]   Finish Mark                        41 us
[43.099s][info][gc,stats    ]   Update Region States               48 us
[43.099s][info][gc,stats    ]   Choose Collection Set              93 us
[43.099s][info][gc,stats    ]   Rebuild Free Set                    9 us
[43.099s][info][gc,stats    ] Concurrent Thread Roots             548 us, parallelism: 0.76x
[43.099s][info][gc,stats    ]   CTR: <total>                      415 us
[43.099s][info][gc,stats    ]   CTR: Thread Roots                 415 us, workers (us): 415, ---, ---, 
[43.099s][info][gc,stats    ] Concurrent Weak References           76 us, parallelism: 0.20x
[43.099s][info][gc,stats    ]   CWRF: <total>                      15 us
[43.099s][info][gc,stats    ]   CWRF: Weak References              15 us, workers (us):  15, ---, ---, 
[43.099s][info][gc,stats    ] Concurrent Weak Roots             15098 us
[43.099s][info][gc,stats    ]   Roots                             866 us, parallelism: 0.96x
[43.099s][info][gc,stats    ]     CWR: <total>                    832 us
[43.099s][info][gc,stats    ]     CWR: Code Cache Roots           739 us, workers (us): 739, ---, ---, 
[43.099s][info][gc,stats    ]     CWR: VM Weak Roots               86 us, workers (us):  86, ---, ---, 
[43.099s][info][gc,stats    ]     CWR: CLDG Roots                   7 us, workers (us):   7, ---, ---, 
[43.099s][info][gc,stats    ]   Rendezvous                      14138 us
[43.099s][info][gc,stats    ] Concurrent Cleanup                   52 us
[43.099s][info][gc,stats    ] Concurrent Class Unloading        15711 us
[43.099s][info][gc,stats    ]   Unlink Stale                     3959 us
[43.099s][info][gc,stats    ]     System Dictionary                13 us
[43.099s][info][gc,stats    ]     Weak Class Links                  1 us
[43.099s][info][gc,stats    ]     Code Roots                     3943 us
[43.099s][info][gc,stats    ]   Rendezvous                      11455 us
[43.099s][info][gc,stats    ]   Purge Unlinked                    226 us
[43.099s][info][gc,stats    ]     Code Roots                      221 us
[43.099s][info][gc,stats    ]     CLDG                              5 us
[43.099s][info][gc,stats    ]     Exception Caches                  0 us
[43.099s][info][gc,stats    ] Concurrent Strong Roots              88 us, parallelism: 0.45x
[43.099s][info][gc,stats    ]   CSR: <total>                       39 us
[43.099s][info][gc,stats    ]   CSR: VM Strong Roots                4 us, workers (us):   4, ---, ---, 
[43.099s][info][gc,stats    ]   CSR: CLDG Roots                    35 us, workers (us):  35, ---, ---, 
[43.099s][info][gc,stats    ] Concurrent Evacuation             78297 us
[43.099s][info][gc,stats    ] Pause Init Update Refs (G)          134 us
[43.099s][info][gc,stats    ] Pause Init Update Refs (N)           49 us
[43.099s][info][gc,stats    ]   Manage GCLABs                       4 us
[43.099s][info][gc,stats    ] Concurrent Update Refs           481949 us
[43.099s][info][gc,stats    ] Concurrent Update Thread Roots      865 us
[43.099s][info][gc,stats    ] Pause Final Update Refs (G)         289 us
[43.099s][info][gc,stats    ] Pause Final Update Refs (N)         201 us
[43.099s][info][gc,stats    ]   Update Region States               72 us
[43.099s][info][gc,stats    ]   Trash Collection Set                9 us
[43.099s][info][gc,stats    ]   Rebuild Free Set                   20 us
[43.099s][info][gc,stats    ] Concurrent Cleanup                   60 us
[43.099s][info][gc,stats    ] 
[43.099s][info][gc,stats    ] Allocation pacing accrued:
[43.099s][info][gc,stats    ]       0 of  1543 ms (  0.0%): <total>
[43.099s][info][gc,stats    ]       0 of  1543 ms (  0.0%): <average total>
[43.099s][info][gc,stats    ] 
[43.099s][info][gc,metaspace] Metaspace: 15876K(16128K)->15876K(16128K) NonClass: 13706K(13824K)->13706K(13824K) Class: 2169K(2304K)->2169K(2304K)
[43.099s][info][gc,ergo     ] Pacer for Idle. Initial: 41943K, Alloc Tax Rate: 1.0x
[43.111s][info][gc          ] Trigger: Explicit GC request (System.gc())
[43.111s][info][gc,ergo     ] Free: 1171M, Max: 1024K regular, 921M humongous, Frag: 22% external, 0% internal; Reserve: 103M, Max: 1024K
[43.111s][info][gc,start    ] GC(57) Concurrent reset
[43.111s][info][gc,task     ] GC(57) Using 1 of 3 workers for concurrent reset
[43.111s][info][gc,ergo     ] GC(57) Pacer for Reset. Non-Taxable: 2048M
[43.114s][info][gc          ] GC(57) Concurrent reset 2.987ms
[43.114s][info][gc,start    ] GC(57) Pause Init Mark (unload classes)
[43.114s][info][gc,task     ] GC(57) Using 3 of 3 workers for init marking
[43.114s][info][gc,ref      ] GC(57) Clearing All SoftReferences
[43.114s][info][gc,ergo     ] GC(57) Pacer for Mark. Expected Live: 117M, Free: 1171M, Non-Taxable: 117M, Alloc Tax Rate: 0.1x
[43.114s][info][gc          ] GC(57) Pause Init Mark (unload classes) 0.226ms
[43.114s][info][gc,start    ] GC(57) Concurrent marking roots
[43.114s][info][gc,task     ] GC(57) Using 1 of 3 workers for concurrent marking roots
[43.115s][info][gc          ] GC(57) Concurrent marking roots 0.464ms
[43.115s][info][gc,start    ] GC(57) Concurrent marking (unload classes)
[43.115s][info][gc,task     ] GC(57) Using 1 of 3 workers for concurrent marking
[43.119s][info][gc          ] GC(57) Concurrent marking (unload classes) 4.303ms
[43.119s][info][gc,start    ] GC(57) Pause Final Mark (unload classes)
[43.119s][info][gc,task     ] GC(57) Using 3 of 3 workers for final marking
[43.120s][info][gc,ergo     ] GC(57) Collectable Garbage: 726M (98%), Immediate: 726M (98%), CSet: 0B (0%)
[43.120s][info][gc          ] GC(57) Pause Final Mark (unload classes) 0.413ms
[43.120s][info][gc,start    ] GC(57) Concurrent weak references
[43.120s][info][gc,task     ] GC(57) Using 1 of 3 workers for concurrent weak references
[43.120s][info][gc,ref      ] GC(57) Encountered references: Soft: 178, Weak: 683, Final: 0, Phantom: 63
[43.120s][info][gc,ref      ] GC(57) Discovered  references: Soft: 127, Weak: 165, Final: 0, Phantom: 61
[43.120s][info][gc,ref      ] GC(57) Enqueued    references: Soft: 48, Weak: 0, Final: 0, Phantom: 0
[43.120s][info][gc          ] GC(57) Concurrent weak references 0.116ms
[43.120s][info][gc,start    ] GC(57) Concurrent weak roots
[43.120s][info][gc,task     ] GC(57) Using 1 of 3 workers for concurrent weak root
[43.121s][info][gc          ] GC(57) Concurrent weak roots 0.873ms
[43.121s][info][gc,start    ] GC(57) Concurrent cleanup
[43.121s][info][gc          ] GC(57) Concurrent cleanup 739M->13M(2048M) 0.059ms
[43.121s][info][gc,ergo     ] GC(57) Free: 1932M, Max: 1024K regular, 1005M humongous, Frag: 48% external, 0% internal; Reserve: 103M, Max: 1024K
[43.121s][info][gc,start    ] GC(57) Concurrent class unloading
[43.121s][info][gc,task     ] GC(57) Using 1 of 3 workers for concurrent class unloading
[43.125s][info][gc          ] GC(57) Concurrent class unloading 3.814ms
[43.125s][info][gc,start    ] GC(57) Pause Final Roots
[43.125s][info][gc          ] GC(57) Pause Final Roots 0.052ms
[43.125s][info][gc,ergo     ] Free: 1932M, Max: 1024K regular, 1005M humongous, Frag: 48% external, 0% internal; Reserve: 103M, Max: 1024K
[43.125s][info][gc,stats    ] 
[43.125s][info][gc,stats    ] All times are wall-clock times, except per-root-class counters, that are sum over
[43.125s][info][gc,stats    ] all workers. Dividing the <total> over the root stage time estimates parallelism.
[43.125s][info][gc,stats    ] 
[43.125s][info][gc,stats    ] Concurrent Reset                   3037 us
[43.125s][info][gc,stats    ] Pause Init Mark (G)                 466 us
[43.125s][info][gc,stats    ] Pause Init Mark (N)                 243 us
[43.125s][info][gc,stats    ]   Update Region States               86 us
[43.125s][info][gc,stats    ] Concurrent Mark Roots               481 us, parallelism: 0.70x
[43.125s][info][gc,stats    ]   CMR: <total>                      336 us
[43.125s][info][gc,stats    ]   CMR: Thread Roots                 292 us, workers (us): 292, ---, ---, 
[43.125s][info][gc,stats    ]   CMR: VM Strong Roots                5 us, workers (us):   5, ---, ---, 
[43.125s][info][gc,stats    ]   CMR: CLDG Roots                    39 us, workers (us):  39, ---, ---, 
[43.125s][info][gc,stats    ] Concurrent Marking                 4370 us
[43.125s][info][gc,stats    ] Pause Final Mark (G)                532 us
[43.125s][info][gc,stats    ] Pause Final Mark (N)                432 us
[43.125s][info][gc,stats    ]   Finish Mark                       147 us
[43.125s][info][gc,stats    ]   Update Region States               73 us
[43.125s][info][gc,stats    ]   Choose Collection Set              95 us
[43.125s][info][gc,stats    ]   Rebuild Free Set                   19 us
[43.125s][info][gc,stats    ] Concurrent Weak References          124 us, parallelism: 0.14x
[43.125s][info][gc,stats    ]   CWRF: <total>                      18 us
[43.125s][info][gc,stats    ]   CWRF: Weak References              18 us, workers (us):  18, ---, ---, 
[43.125s][info][gc,stats    ] Concurrent Weak Roots               905 us
[43.125s][info][gc,stats    ]   Roots                             799 us, parallelism: 0.92x
[43.125s][info][gc,stats    ]     CWR: <total>                    736 us
[43.125s][info][gc,stats    ]     CWR: Code Cache Roots           653 us, workers (us): 653, ---, ---, 
[43.125s][info][gc,stats    ]     CWR: VM Weak Roots               78 us, workers (us):  78, ---, ---, 
[43.125s][info][gc,stats    ]     CWR: CLDG Roots                   4 us, workers (us):   4, ---, ---, 
[43.125s][info][gc,stats    ]   Rendezvous                         56 us
[43.125s][info][gc,stats    ] Concurrent Cleanup                   67 us
[43.125s][info][gc,stats    ] Concurrent Class Unloading         3878 us
[43.125s][info][gc,stats    ]   Unlink Stale                     3348 us
[43.125s][info][gc,stats    ]     System Dictionary                 5 us
[43.125s][info][gc,stats    ]     Weak Class Links                  0 us
[43.125s][info][gc,stats    ]     Code Roots                     3340 us
[43.125s][info][gc,stats    ]   Rendezvous                        172 us
[43.125s][info][gc,stats    ]   Purge Unlinked                    273 us
[43.125s][info][gc,stats    ]     Code Roots                      262 us
[43.125s][info][gc,stats    ]     CLDG                             10 us
[43.125s][info][gc,stats    ]     Exception Caches                  0 us
[43.125s][info][gc,stats    ] Pause Final Roots (G)               195 us
[43.125s][info][gc,stats    ] Pause Final Roots (N)                75 us
[43.126s][info][gc,stats    ] 
[43.126s][info][gc,stats    ] Allocation pacing accrued:
[43.126s][info][gc,stats    ]       0 of    26 ms (  0.0%): <total>
[43.126s][info][gc,stats    ]       0 of    26 ms (  0.0%): <average total>
[43.126s][info][gc,stats    ] 
[43.126s][info][gc,metaspace] Metaspace: 15876K(16128K)->15876K(16128K) NonClass: 13706K(13824K)->13706K(13824K) Class: 2169K(2304K)->2169K(2304K)
[43.126s][info][gc,ergo     ] Pacer for Idle. Initial: 41943K, Alloc Tax Rate: 1.0x
[43.660s][info][gc          ] Trigger: Learning 2 of 5. Free (1418M) is below initial threshold (1433M)
[43.660s][info][gc,ergo     ] Free: 1418M, Max: 1024K regular, 1005M humongous, Frag: 30% external, 0% internal; Reserve: 103M, Max: 1024K
[43.660s][info][gc,start    ] GC(58) Concurrent reset
[43.660s][info][gc,task     ] GC(58) Using 1 of 3 workers for concurrent reset
[43.660s][info][gc,ergo     ] GC(58) Pacer for Reset. Non-Taxable: 2048M
[43.660s][info][gc          ] GC(58) Concurrent reset 0.397ms
[43.661s][info][gc,start    ] GC(58) Pause Init Mark (unload classes)
[43.661s][info][gc,task     ] GC(58) Using 3 of 3 workers for init marking
[43.661s][info][gc,ergo     ] GC(58) Pacer for Mark. Expected Live: 81606K, Free: 1417M, Non-Taxable: 141M, Alloc Tax Rate: 0.1x
[43.661s][info][gc          ] GC(58) Pause Init Mark (unload classes) 0.195ms
[43.661s][info][gc,start    ] GC(58) Concurrent marking roots
[43.661s][info][gc,task     ] GC(58) Using 1 of 3 workers for concurrent marking roots
[43.661s][info][gc          ] GC(58) Concurrent marking roots 0.433ms
[43.661s][info][gc,start    ] GC(58) Concurrent marking (unload classes)
[43.661s][info][gc,task     ] GC(58) Using 1 of 3 workers for concurrent marking
[44.059s][info][gc          ] GC(58) Concurrent marking (unload classes) 397.278ms
[44.059s][info][gc,start    ] GC(58) Pause Final Mark (unload classes)
[44.059s][info][gc,task     ] GC(58) Using 3 of 3 workers for final marking
[44.059s][info][gc,ergo     ] GC(58) Adaptive CSet Selection. Target Free: 290M, Actual Free: 1249M, Max CSet: 87381K, Min Garbage: 0B
[44.059s][info][gc,ergo     ] GC(58) Collectable Garbage: 197M (61%), Immediate: 28736K (8%), CSet: 169M (53%)
[44.059s][info][gc,ergo     ] GC(58) Pacer for Evacuation. Used CSet: 255M, Free: 1157M, Non-Taxable: 115M, Alloc Tax Rate: 1.1x
[44.059s][info][gc          ] GC(58) Pause Final Mark (unload classes) 0.345ms
[44.090s][info][gc,start    ] GC(58) Concurrent thread roots
[44.090s][info][gc,task     ] GC(58) Using 1 of 3 workers for Concurrent thread roots
[44.091s][info][gc          ] GC(58) Concurrent thread roots 0.553ms
[44.091s][info][gc,start    ] GC(58) Concurrent weak references
[44.091s][info][gc,task     ] GC(58) Using 1 of 3 workers for concurrent weak references
[44.091s][info][gc,ref      ] GC(58) Encountered references: Soft: 133, Weak: 684, Final: 0, Phantom: 63
[44.091s][info][gc,ref      ] GC(58) Discovered  references: Soft: 0, Weak: 152, Final: 0, Phantom: 26
[44.091s][info][gc,ref      ] GC(58) Enqueued    references: Soft: 0, Weak: 0, Final: 0, Phantom: 0
[44.091s][info][gc          ] GC(58) Concurrent weak references 0.063ms
[44.091s][info][gc,start    ] GC(58) Concurrent weak roots
[44.091s][info][gc,task     ] GC(58) Using 1 of 3 workers for concurrent weak root
[44.137s][info][gc          ] GC(58) Concurrent weak roots 46.252ms
[44.137s][info][gc,start    ] GC(58) Concurrent cleanup
[44.137s][info][gc          ] GC(58) Concurrent cleanup 882M->854M(2048M) 0.034ms
[44.137s][info][gc,ergo     ] GC(58) Free: 1072M, Max: 1024K regular, 1005M humongous, Frag: 7% external, 0% internal; Reserve: 88064K, Max: 1024K
[44.137s][info][gc,start    ] GC(58) Concurrent class unloading
[44.137s][info][gc,task     ] GC(58) Using 1 of 3 workers for concurrent class unloading
[44.169s][info][gc          ] GC(58) Concurrent class unloading 31.328ms
[44.169s][info][gc,start    ] GC(58) Concurrent strong roots
[44.169s][info][gc,task     ] GC(58) Using 1 of 3 workers for concurrent strong root
[44.169s][info][gc          ] GC(58) Concurrent strong roots 0.079ms
[44.169s][info][gc,start    ] GC(58) Concurrent evacuation
[44.169s][info][gc,task     ] GC(58) Using 1 of 3 workers for concurrent evacuation
[44.242s][info][gc          ] GC(58) Concurrent evacuation 73.124ms
[44.242s][info][gc,start    ] GC(58) Pause Init Update Refs
[44.242s][info][gc,ergo     ] GC(58) Pacer for Update Refs. Used: 993M, Free: 1006M, Non-Taxable: 100M, Alloc Tax Rate: 1.2x
[44.242s][info][gc          ] GC(58) Pause Init Update Refs 0.056ms
[44.242s][info][gc,start    ] GC(58) Concurrent update references
[44.242s][info][gc,task     ] GC(58) Using 1 of 3 workers for concurrent reference update
[44.665s][info][gc          ] GC(58) Concurrent update references 422.977ms
[44.665s][info][gc,start    ] GC(58) Concurrent update thread roots
[44.666s][info][gc          ] GC(58) Concurrent update thread roots 0.552ms
[44.666s][info][gc,start    ] GC(58) Pause Final Update Refs
[44.666s][info][gc,task     ] GC(58) Using 3 of 3 workers for final reference update
[44.666s][info][gc          ] GC(58) Pause Final Update Refs 0.153ms
[44.666s][info][gc,start    ] GC(58) Concurrent cleanup
[44.666s][info][gc          ] GC(58) Concurrent cleanup 995M->740M(2048M) 0.078ms
[44.666s][info][gc,ergo     ] Free: 1170M, Max: 1024K regular, 920M humongous, Frag: 22% external, 0% internal; Reserve: 103M, Max: 1024K
[44.666s][info][gc,stats    ] 
[44.666s][info][gc,stats    ] All times are wall-clock times, except per-root-class counters, that are sum over
[44.666s][info][gc,stats    ] all workers. Dividing the <total> over the root stage time estimates parallelism.
[44.666s][info][gc,stats    ] 
[44.666s][info][gc,stats    ] Concurrent Reset                    449 us
[44.666s][info][gc,stats    ] Pause Init Mark (G)                 377 us
[44.666s][info][gc,stats    ] Pause Init Mark (N)                 216 us
[44.666s][info][gc,stats    ]   Update Region States               72 us
[44.666s][info][gc,stats    ] Concurrent Mark Roots               450 us, parallelism: 0.80x
[44.666s][info][gc,stats    ]   CMR: <total>                      362 us
[44.666s][info][gc,stats    ]   CMR: Thread Roots                 321 us, workers (us): 321, ---, ---, 
[44.666s][info][gc,stats    ]   CMR: VM Strong Roots                4 us, workers (us):   4, ---, ---, 
[44.666s][info][gc,stats    ]   CMR: CLDG Roots                    37 us, workers (us):  37, ---, ---, 
[44.666s][info][gc,stats    ] Concurrent Marking               397356 us
[44.666s][info][gc,stats    ] Pause Final Mark (G)              31633 us
[44.666s][info][gc,stats    ] Pause Final Mark (N)                353 us
[44.666s][info][gc,stats    ]   Finish Mark                        83 us
[44.666s][info][gc,stats    ]   Update Region States               54 us
[44.666s][info][gc,stats    ]   Choose Collection Set             109 us
[44.666s][info][gc,stats    ]   Rebuild Free Set                   10 us
[44.666s][info][gc,stats    ] Concurrent Thread Roots             577 us, parallelism: 0.77x
[44.666s][info][gc,stats    ]   CTR: <total>                      443 us
[44.666s][info][gc,stats    ]   CTR: Thread Roots                 443 us, workers (us): 443, ---, ---, 
[44.666s][info][gc,stats    ] Concurrent Weak References           70 us, parallelism: 0.19x
[44.666s][info][gc,stats    ]   CWRF: <total>                      13 us
[44.666s][info][gc,stats    ]   CWRF: Weak References              13 us, workers (us):  13, ---, ---, 
[44.666s][info][gc,stats    ] Concurrent Weak Roots             46310 us
[44.666s][info][gc,stats    ]   Roots                            1181 us, parallelism: 0.95x
[44.666s][info][gc,stats    ]     CWR: <total>                   1127 us
[44.667s][info][gc,stats    ]     CWR: Code Cache Roots          1025 us, workers (us): 1025, ---, ---, 
[44.667s][info][gc,stats    ]     CWR: VM Weak Roots               93 us, workers (us):  93, ---, ---, 
[44.667s][info][gc,stats    ]     CWR: CLDG Roots                   9 us, workers (us):   9, ---, ---, 
[44.667s][info][gc,stats    ]   Rendezvous                      45051 us
[44.667s][info][gc,stats    ] Concurrent Cleanup                   42 us
[44.667s][info][gc,stats    ] Concurrent Class Unloading        31378 us
[44.667s][info][gc,stats    ]   Unlink Stale                     3637 us
[44.667s][info][gc,stats    ]     System Dictionary                10 us
[44.667s][info][gc,stats    ]     Weak Class Links                  0 us
[44.667s][info][gc,stats    ]     Code Roots                     3625 us
[44.667s][info][gc,stats    ]   Rendezvous                      27413 us
[44.667s][info][gc,stats    ]   Purge Unlinked                    258 us
[44.667s][info][gc,stats    ]     Code Roots                      252 us
[44.667s][info][gc,stats    ]     CLDG                              6 us
[44.667s][info][gc,stats    ]     Exception Caches                  0 us
[44.667s][info][gc,stats    ] Concurrent Strong Roots              88 us, parallelism: 0.42x
[44.667s][info][gc,stats    ]   CSR: <total>                       37 us
[44.667s][info][gc,stats    ]   CSR: VM Strong Roots                4 us, workers (us):   4, ---, ---, 
[44.667s][info][gc,stats    ]   CSR: CLDG Roots                    33 us, workers (us):  33, ---, ---, 
[44.667s][info][gc,stats    ] Concurrent Evacuation             73198 us
[44.667s][info][gc,stats    ] Pause Init Update Refs (G)          150 us
[44.667s][info][gc,stats    ] Pause Init Update Refs (N)           64 us
[44.667s][info][gc,stats    ]   Manage GCLABs                       3 us
[44.667s][info][gc,stats    ] Concurrent Update Refs           423043 us
[44.667s][info][gc,stats    ] Concurrent Update Thread Roots      589 us
[44.667s][info][gc,stats    ] Pause Final Update Refs (G)         248 us
[44.667s][info][gc,stats    ] Pause Final Update Refs (N)         171 us
[44.667s][info][gc,stats    ]   Update Region States               73 us
[44.667s][info][gc,stats    ]   Trash Collection Set                8 us
[44.667s][info][gc,stats    ]   Rebuild Free Set                   19 us
[44.667s][info][gc,stats    ] Concurrent Cleanup                  105 us
[44.667s][info][gc,stats    ] 
[44.667s][info][gc,stats    ] Allocation pacing accrued:
[44.667s][info][gc,stats    ]       0 of  1541 ms (  0.0%): <total>
[44.667s][info][gc,stats    ]       0 of  1541 ms (  0.0%): <average total>
[44.667s][info][gc,stats    ] 
[44.667s][info][gc,metaspace] Metaspace: 15876K(16128K)->15876K(16128K) NonClass: 13706K(13824K)->13706K(13824K) Class: 2169K(2304K)->2169K(2304K)
[44.667s][info][gc,ergo     ] Pacer for Idle. Initial: 41943K, Alloc Tax Rate: 1.0x
[44.679s][info][gc          ] Trigger: Explicit GC request (System.gc())
[44.679s][info][gc,ergo     ] Free: 1170M, Max: 1024K regular, 920M humongous, Frag: 22% external, 0% internal; Reserve: 103M, Max: 1024K
[44.679s][info][gc,start    ] GC(59) Concurrent reset
[44.679s][info][gc,task     ] GC(59) Using 1 of 3 workers for concurrent reset
[44.679s][info][gc,ergo     ] GC(59) Pacer for Reset. Non-Taxable: 2048M
[44.682s][info][gc          ] GC(59) Concurrent reset 2.879ms
[44.682s][info][gc,start    ] GC(59) Pause Init Mark (unload classes)
[44.682s][info][gc,task     ] GC(59) Using 3 of 3 workers for init marking
[44.682s][info][gc,ref      ] GC(59) Clearing All SoftReferences
[44.682s][info][gc,ergo     ] GC(59) Pacer for Mark. Expected Live: 117M, Free: 1170M, Non-Taxable: 117M, Alloc Tax Rate: 0.1x
[44.682s][info][gc          ] GC(59) Pause Init Mark (unload classes) 0.322ms
[44.682s][info][gc,start    ] GC(59) Concurrent marking roots
[44.682s][info][gc,task     ] GC(59) Using 1 of 3 workers for concurrent marking roots
[44.683s][info][gc          ] GC(59) Concurrent marking roots 0.786ms
[44.683s][info][gc,start    ] GC(59) Concurrent marking (unload classes)
[44.683s][info][gc,task     ] GC(59) Using 1 of 3 workers for concurrent marking
[44.688s][info][gc          ] GC(59) Concurrent marking (unload classes) 4.678ms
[44.688s][info][gc,start    ] GC(59) Pause Final Mark (unload classes)
[44.688s][info][gc,task     ] GC(59) Using 3 of 3 workers for final marking
[44.688s][info][gc,ergo     ] GC(59) Collectable Garbage: 726M (98%), Immediate: 726M (98%), CSet: 0B (0%)
[44.688s][info][gc          ] GC(59) Pause Final Mark (unload classes) 0.496ms
[44.689s][info][gc,start    ] GC(59) Concurrent weak references
[44.689s][info][gc,task     ] GC(59) Using 1 of 3 workers for concurrent weak references
[44.689s][info][gc,ref      ] GC(59) Encountered references: Soft: 178, Weak: 683, Final: 0, Phantom: 63
[44.689s][info][gc,ref      ] GC(59) Discovered  references: Soft: 127, Weak: 165, Final: 0, Phantom: 61
[44.689s][info][gc,ref      ] GC(59) Enqueued    references: Soft: 48, Weak: 0, Final: 0, Phantom: 0
[44.689s][info][gc          ] GC(59) Concurrent weak references 0.130ms
[44.689s][info][gc,start    ] GC(59) Concurrent weak roots
[44.689s][info][gc,task     ] GC(59) Using 1 of 3 workers for concurrent weak root
[44.690s][info][gc          ] GC(59) Concurrent weak roots 0.928ms
[44.690s][info][gc,start    ] GC(59) Concurrent cleanup
[44.690s][info][gc          ] GC(59) Concurrent cleanup 740M->14M(2048M) 0.059ms
[44.690s][info][gc,ergo     ] GC(59) Free: 1931M, Max: 1024K regular, 1005M humongous, Frag: 48% external, 0% internal; Reserve: 103M, Max: 1024K
[44.690s][info][gc,start    ] GC(59) Concurrent class unloading
[44.690s][info][gc,task     ] GC(59) Using 1 of 3 workers for concurrent class unloading
[44.694s][info][gc          ] GC(59) Concurrent class unloading 4.288ms
[44.694s][info][gc,start    ] GC(59) Pause Final Roots
[44.694s][info][gc          ] GC(59) Pause Final Roots 0.066ms
[44.694s][info][gc,ergo     ] Free: 1931M, Max: 1024K regular, 1005M humongous, Frag: 48% external, 0% internal; Reserve: 103M, Max: 1024K
[44.694s][info][gc,stats    ] 
[44.694s][info][gc,stats    ] All times are wall-clock times, except per-root-class counters, that are sum over
[44.695s][info][gc,stats    ] all workers. Dividing the <total> over the root stage time estimates parallelism.
[44.695s][info][gc,stats    ] 
[44.695s][info][gc,stats    ] Concurrent Reset                   2919 us
[44.695s][info][gc,stats    ] Pause Init Mark (G)                 520 us
[44.695s][info][gc,stats    ] Pause Init Mark (N)                 340 us
[44.695s][info][gc,stats    ]   Update Region States              132 us
[44.695s][info][gc,stats    ] Concurrent Mark Roots               808 us, parallelism: 0.81x
[44.695s][info][gc,stats    ]   CMR: <total>                      656 us
[44.695s][info][gc,stats    ]   CMR: Thread Roots                 585 us, workers (us): 585, ---, ---, 
[44.695s][info][gc,stats    ]   CMR: VM Strong Roots                6 us, workers (us):   6, ---, ---, 
[44.695s][info][gc,stats    ]   CMR: CLDG Roots                    64 us, workers (us):  64, ---, ---, 
[44.695s][info][gc,stats    ] Concurrent Marking                 4739 us
[44.695s][info][gc,stats    ] Pause Final Mark (G)                623 us
[44.695s][info][gc,stats    ] Pause Final Mark (N)                521 us
[44.695s][info][gc,stats    ]   Finish Mark                       160 us
[44.695s][info][gc,stats    ]   Update Region States              127 us
[44.695s][info][gc,stats    ]   Choose Collection Set             103 us
[44.695s][info][gc,stats    ]   Rebuild Free Set                   25 us
[44.695s][info][gc,stats    ] Concurrent Weak References          138 us, parallelism: 0.09x
[44.695s][info][gc,stats    ]   CWRF: <total>                      13 us
[44.695s][info][gc,stats    ]   CWRF: Weak References              13 us, workers (us):  13, ---, ---, 
[44.695s][info][gc,stats    ] Concurrent Weak Roots               960 us
[44.695s][info][gc,stats    ]   Roots                             818 us, parallelism: 0.92x
[44.695s][info][gc,stats    ]     CWR: <total>                    752 us
[44.695s][info][gc,stats    ]     CWR: Code Cache Roots           673 us, workers (us): 673, ---, ---, 
[44.695s][info][gc,stats    ]     CWR: VM Weak Roots               74 us, workers (us):  74, ---, ---, 
[44.695s][info][gc,stats    ]     CWR: CLDG Roots                   6 us, workers (us):   6, ---, ---, 
[44.695s][info][gc,stats    ]   Rendezvous                         93 us
[44.695s][info][gc,stats    ] Concurrent Cleanup                   67 us
[44.695s][info][gc,stats    ] Concurrent Class Unloading         4336 us
[44.695s][info][gc,stats    ]   Unlink Stale                     3738 us
[44.695s][info][gc,stats    ]     System Dictionary                 6 us
[44.695s][info][gc,stats    ]     Weak Class Links                  0 us
[44.695s][info][gc,stats    ]     Code Roots                     3730 us
[44.695s][info][gc,stats    ]   Rendezvous                        215 us
[44.695s][info][gc,stats    ]   Purge Unlinked                    315 us
[44.695s][info][gc,stats    ]     Code Roots                      301 us
[44.695s][info][gc,stats    ]     CLDG                             13 us
[44.695s][info][gc,stats    ]     Exception Caches                  0 us
[44.695s][info][gc,stats    ] Pause Final Roots (G)               202 us
[44.695s][info][gc,stats    ] Pause Final Roots (N)                85 us
[44.695s][info][gc,stats    ] 
[44.695s][info][gc,stats    ] Allocation pacing accrued:
[44.695s][info][gc,stats    ]       0 of    28 ms (  0.0%): <total>
[44.695s][info][gc,stats    ]       0 of    28 ms (  0.0%): <average total>
[44.695s][info][gc,stats    ] 
[44.695s][info][gc,metaspace] Metaspace: 15876K(16128K)->15876K(16128K) NonClass: 13706K(13824K)->13706K(13824K) Class: 2169K(2304K)->2169K(2304K)
[44.695s][info][gc,ergo     ] Pacer for Idle. Initial: 41943K, Alloc Tax Rate: 1.0x
[45.229s][info][gc          ] Trigger: Learning 2 of 5. Free (1417M) is below initial threshold (1433M)
[45.229s][info][gc,ergo     ] Free: 1417M, Max: 1024K regular, 1005M humongous, Frag: 30% external, 0% internal; Reserve: 103M, Max: 1024K
[45.229s][info][gc,start    ] GC(60) Concurrent reset
[45.229s][info][gc,task     ] GC(60) Using 1 of 3 workers for concurrent reset
[45.229s][info][gc,ergo     ] GC(60) Pacer for Reset. Non-Taxable: 2048M
[45.229s][info][gc          ] GC(60) Concurrent reset 0.404ms
[45.229s][info][gc,start    ] GC(60) Pause Init Mark (unload classes)
[45.229s][info][gc,task     ] GC(60) Using 3 of 3 workers for init marking
[45.229s][info][gc,ergo     ] GC(60) Pacer for Mark. Expected Live: 81920K, Free: 1417M, Non-Taxable: 141M, Alloc Tax Rate: 0.1x
[45.229s][info][gc          ] GC(60) Pause Init Mark (unload classes) 0.206ms
[45.230s][info][gc,start    ] GC(60) Concurrent marking roots
[45.230s][info][gc,task     ] GC(60) Using 1 of 3 workers for concurrent marking roots
[45.230s][info][gc          ] GC(60) Concurrent marking roots 0.500ms
[45.230s][info][gc,start    ] GC(60) Concurrent marking (unload classes)
[45.230s][info][gc,task     ] GC(60) Using 1 of 3 workers for concurrent marking
[45.573s][info][gc          ] GC(60) Concurrent marking (unload classes) 343.093ms
[45.573s][info][gc,start    ] GC(60) Pause Final Mark (unload classes)
[45.573s][info][gc,task     ] GC(60) Using 3 of 3 workers for final marking
[45.573s][info][gc,ergo     ] GC(60) Adaptive CSet Selection. Target Free: 290M, Actual Free: 1252M, Max CSet: 87381K, Min Garbage: 0B
[45.574s][info][gc,ergo     ] GC(60) Collectable Garbage: 197M (61%), Immediate: 29760K (9%), CSet: 168M (52%)
[45.574s][info][gc,ergo     ] GC(60) Pacer for Evacuation. Used CSet: 254M, Free: 1160M, Non-Taxable: 116M, Alloc Tax Rate: 1.1x
[45.574s][info][gc          ] GC(60) Pause Final Mark (unload classes) 0.241ms
[45.589s][info][gc,start    ] GC(60) Concurrent thread roots
[45.589s][info][gc,task     ] GC(60) Using 1 of 3 workers for Concurrent thread roots
[45.590s][info][gc          ] GC(60) Concurrent thread roots 0.515ms
[45.590s][info][gc,start    ] GC(60) Concurrent weak references
[45.590s][info][gc,task     ] GC(60) Using 1 of 3 workers for concurrent weak references
[45.590s][info][gc,ref      ] GC(60) Encountered references: Soft: 133, Weak: 684, Final: 0, Phantom: 63
[45.590s][info][gc,ref      ] GC(60) Discovered  references: Soft: 0, Weak: 153, Final: 0, Phantom: 26
[45.590s][info][gc,ref      ] GC(60) Enqueued    references: Soft: 0, Weak: 0, Final: 0, Phantom: 0
[45.590s][info][gc          ] GC(60) Concurrent weak references 0.082ms
[45.590s][info][gc,start    ] GC(60) Concurrent weak roots
[45.590s][info][gc,task     ] GC(60) Using 1 of 3 workers for concurrent weak root
[45.593s][info][gc          ] GC(60) Concurrent weak roots 3.529ms
[45.593s][info][gc,start    ] GC(60) Concurrent cleanup
[45.593s][info][gc          ] GC(60) Concurrent cleanup 804M->775M(2048M) 0.036ms
[45.593s][info][gc,ergo     ] GC(60) Free: 1152M, Max: 1024K regular, 1113M humongous, Frag: 4% external, 0% internal; Reserve: 94208K, Max: 1024K
[45.593s][info][gc,start    ] GC(60) Concurrent class unloading
[45.593s][info][gc,task     ] GC(60) Using 1 of 3 workers for concurrent class unloading
[45.605s][info][gc          ] GC(60) Concurrent class unloading 11.863ms
[45.605s][info][gc,start    ] GC(60) Concurrent strong roots
[45.605s][info][gc,task     ] GC(60) Using 1 of 3 workers for concurrent strong root
[45.605s][info][gc          ] GC(60) Concurrent strong roots 0.095ms
[45.605s][info][gc,start    ] GC(60) Concurrent evacuation
[45.605s][info][gc,task     ] GC(60) Using 1 of 3 workers for concurrent evacuation
[45.685s][info][gc          ] GC(60) Concurrent evacuation 79.833ms
[45.685s][info][gc,start    ] GC(60) Pause Init Update Refs
[45.685s][info][gc,ergo     ] GC(60) Pacer for Update Refs. Used: 931M, Free: 1069M, Non-Taxable: 106M, Alloc Tax Rate: 1.1x
[45.685s][info][gc          ] GC(60) Pause Init Update Refs 0.041ms
[45.691s][info][gc,start    ] GC(60) Concurrent update references
[45.691s][info][gc,task     ] GC(60) Using 1 of 3 workers for concurrent reference update
[46.118s][info][gc          ] GC(60) Concurrent update references 426.440ms
[46.118s][info][gc,start    ] GC(60) Concurrent update thread roots
[46.118s][info][gc          ] GC(60) Concurrent update thread roots 0.784ms
[46.118s][info][gc,start    ] GC(60) Pause Final Update Refs
[46.118s][info][gc,task     ] GC(60) Using 3 of 3 workers for final reference update
[46.119s][info][gc          ] GC(60) Pause Final Update Refs 0.222ms
[46.119s][info][gc,start    ] GC(60) Concurrent cleanup
[46.119s][info][gc          ] GC(60) Concurrent cleanup 995M->741M(2048M) 0.041ms
[46.119s][info][gc,ergo     ] Free: 1169M, Max: 1024K regular, 920M humongous, Frag: 22% external, 0% internal; Reserve: 103M, Max: 1024K
[46.119s][info][gc,stats    ] 
[46.119s][info][gc,stats    ] All times are wall-clock times, except per-root-class counters, that are sum over
[46.119s][info][gc,stats    ] all workers. Dividing the <total> over the root stage time estimates parallelism.
[46.119s][info][gc,stats    ] 
[46.119s][info][gc,stats    ] Concurrent Reset                    457 us
[46.119s][info][gc,stats    ] Pause Init Mark (G)                 407 us
[46.119s][info][gc,stats    ] Pause Init Mark (N)                 215 us
[46.119s][info][gc,stats    ]   Update Region States               90 us
[46.119s][info][gc,stats    ] Concurrent Mark Roots               519 us, parallelism: 0.67x
[46.119s][info][gc,stats    ]   CMR: <total>                      345 us
[46.119s][info][gc,stats    ]   CMR: Thread Roots                 306 us, workers (us): 306, ---, ---, 
[46.119s][info][gc,stats    ]   CMR: VM Strong Roots                4 us, workers (us):   4, ---, ---, 
[46.119s][info][gc,stats    ]   CMR: CLDG Roots                    35 us, workers (us):  35, ---, ---, 
[46.119s][info][gc,stats    ] Concurrent Marking               343161 us
[46.119s][info][gc,stats    ] Pause Final Mark (G)              15828 us
[46.119s][info][gc,stats    ] Pause Final Mark (N)                249 us
[46.119s][info][gc,stats    ]   Finish Mark                        45 us
[46.119s][info][gc,stats    ]   Update Region States               34 us
[46.119s][info][gc,stats    ]   Choose Collection Set              90 us
[46.119s][info][gc,stats    ]   Rebuild Free Set                    9 us
[46.119s][info][gc,stats    ] Concurrent Thread Roots             534 us, parallelism: 0.78x
[46.119s][info][gc,stats    ]   CTR: <total>                      419 us
[46.119s][info][gc,stats    ]   CTR: Thread Roots                 419 us, workers (us): 419, ---, ---, 
[46.119s][info][gc,stats    ] Concurrent Weak References           90 us, parallelism: 0.17x
[46.119s][info][gc,stats    ]   CWRF: <total>                      15 us
[46.119s][info][gc,stats    ]   CWRF: Weak References              15 us, workers (us):  15, ---, ---, 
[46.119s][info][gc,stats    ] Concurrent Weak Roots              3591 us
[46.119s][info][gc,stats    ]   Roots                            1061 us, parallelism: 0.94x
[46.119s][info][gc,stats    ]     CWR: <total>                    998 us
[46.119s][info][gc,stats    ]     CWR: Code Cache Roots           891 us, workers (us): 891, ---, ---, 
[46.119s][info][gc,stats    ]     CWR: VM Weak Roots              100 us, workers (us): 100, ---, ---, 
[46.119s][info][gc,stats    ]     CWR: CLDG Roots                   8 us, workers (us):   8, ---, ---, 
[46.119s][info][gc,stats    ]   Rendezvous                       2448 us
[46.119s][info][gc,stats    ] Concurrent Cleanup                   45 us
[46.119s][info][gc,stats    ] Concurrent Class Unloading        11924 us
[46.119s][info][gc,stats    ]   Unlink Stale                     4355 us
[46.119s][info][gc,stats    ]     System Dictionary                11 us
[46.119s][info][gc,stats    ]     Weak Class Links                  0 us
[46.119s][info][gc,stats    ]     Code Roots                     4342 us
[46.119s][info][gc,stats    ]   Rendezvous                       7230 us
[46.119s][info][gc,stats    ]   Purge Unlinked                    256 us
[46.119s][info][gc,stats    ]     Code Roots                      250 us
[46.119s][info][gc,stats    ]     CLDG                              6 us
[46.119s][info][gc,stats    ]     Exception Caches                  0 us
[46.119s][info][gc,stats    ] Concurrent Strong Roots             103 us, parallelism: 0.47x
[46.119s][info][gc,stats    ]   CSR: <total>                       49 us
[46.119s][info][gc,stats    ]   CSR: VM Strong Roots                5 us, workers (us):   5, ---, ---, 
[46.119s][info][gc,stats    ]   CSR: CLDG Roots                    44 us, workers (us):  44, ---, ---, 
[46.119s][info][gc,stats    ] Concurrent Evacuation             79906 us
[46.119s][info][gc,stats    ] Pause Init Update Refs (G)         5771 us
[46.119s][info][gc,stats    ] Pause Init Update Refs (N)           50 us
[46.119s][info][gc,stats    ]   Manage GCLABs                       4 us
[46.119s][info][gc,stats    ] Concurrent Update Refs           426520 us
[46.119s][info][gc,stats    ] Concurrent Update Thread Roots      802 us
[46.119s][info][gc,stats    ] Pause Final Update Refs (G)         318 us
[46.119s][info][gc,stats    ] Pause Final Update Refs (N)         259 us
[46.119s][info][gc,stats    ]   Update Region States              105 us
[46.119s][info][gc,stats    ]   Trash Collection Set               12 us
[46.119s][info][gc,stats    ]   Rebuild Free Set                   26 us
[46.119s][info][gc,stats    ] Concurrent Cleanup                   51 us
[46.119s][info][gc,stats    ] 
[46.119s][info][gc,stats    ] Allocation pacing accrued:
[46.119s][info][gc,stats    ]       0 of  1424 ms (  0.0%): <total>
[46.119s][info][gc,stats    ]       0 of  1424 ms (  0.0%): <average total>
[46.119s][info][gc,stats    ] 
[46.119s][info][gc,metaspace] Metaspace: 15879K(16192K)->15884K(16192K) NonClass: 13709K(13888K)->13714K(13888K) Class: 2169K(2304K)->2169K(2304K)
[46.119s][info][gc,ergo     ] Pacer for Idle. Initial: 41943K, Alloc Tax Rate: 1.0x
[46.123s][info][gc          ] Trigger: Explicit GC request (System.gc())
[46.123s][info][gc,ergo     ] Free: 1169M, Max: 1024K regular, 920M humongous, Frag: 22% external, 0% internal; Reserve: 103M, Max: 1024K
[46.123s][info][gc,start    ] GC(61) Concurrent reset
[46.123s][info][gc,task     ] GC(61) Using 1 of 3 workers for concurrent reset
[46.123s][info][gc,ergo     ] GC(61) Pacer for Reset. Non-Taxable: 2048M
[46.125s][info][gc          ] GC(61) Concurrent reset 2.107ms
[46.126s][info][gc,start    ] GC(61) Pause Init Mark (unload classes)
[46.126s][info][gc,task     ] GC(61) Using 3 of 3 workers for init marking
[46.126s][info][gc,ref      ] GC(61) Clearing All SoftReferences
[46.126s][info][gc,ergo     ] GC(61) Pacer for Mark. Expected Live: 117M, Free: 1169M, Non-Taxable: 116M, Alloc Tax Rate: 0.1x
[46.126s][info][gc          ] GC(61) Pause Init Mark (unload classes) 0.114ms
[46.126s][info][gc,start    ] GC(61) Concurrent marking roots
[46.126s][info][gc,task     ] GC(61) Using 1 of 3 workers for concurrent marking roots
[46.127s][info][gc          ] GC(61) Concurrent marking roots 0.561ms
[46.127s][info][gc,start    ] GC(61) Concurrent marking (unload classes)
[46.127s][info][gc,task     ] GC(61) Using 1 of 3 workers for concurrent marking
[46.131s][info][gc          ] GC(61) Concurrent marking (unload classes) 4.283ms
[46.131s][info][gc,start    ] GC(61) Pause Final Mark (unload classes)
[46.131s][info][gc,task     ] GC(61) Using 3 of 3 workers for final marking
[46.131s][info][gc,ergo     ] GC(61) Collectable Garbage: 728M (98%), Immediate: 728M (98%), CSet: 0B (0%)
[46.131s][info][gc          ] GC(61) Pause Final Mark (unload classes) 0.477ms
[46.131s][info][gc,start    ] GC(61) Concurrent weak references
[46.132s][info][gc,task     ] GC(61) Using 1 of 3 workers for concurrent weak references
[46.132s][info][gc,ref      ] GC(61) Encountered references: Soft: 178, Weak: 683, Final: 0, Phantom: 63
[46.132s][info][gc,ref      ] GC(61) Discovered  references: Soft: 127, Weak: 165, Final: 0, Phantom: 61
[46.132s][info][gc,ref      ] GC(61) Enqueued    references: Soft: 48, Weak: 0, Final: 0, Phantom: 0
[46.132s][info][gc          ] GC(61) Concurrent weak references 0.130ms
[46.132s][info][gc,start    ] GC(61) Concurrent weak roots
[46.132s][info][gc,task     ] GC(61) Using 1 of 3 workers for concurrent weak root
[46.133s][info][gc          ] GC(61) Concurrent weak roots 0.896ms
[46.133s][info][gc,start    ] GC(61) Concurrent cleanup
[46.133s][info][gc          ] GC(61) Concurrent cleanup 741M->13M(2048M) 0.059ms
[46.133s][info][gc,ergo     ] GC(61) Free: 1932M, Max: 1024K regular, 1005M humongous, Frag: 48% external, 0% internal; Reserve: 103M, Max: 1024K
[46.133s][info][gc,start    ] GC(61) Concurrent class unloading
[46.133s][info][gc,task     ] GC(61) Using 1 of 3 workers for concurrent class unloading
[46.137s][info][gc          ] GC(61) Concurrent class unloading 3.988ms
[46.137s][info][gc,start    ] GC(61) Pause Final Roots
[46.137s][info][gc          ] GC(61) Pause Final Roots 0.053ms
[46.137s][info][gc,ergo     ] Free: 1932M, Max: 1024K regular, 1005M humongous, Frag: 48% external, 0% internal; Reserve: 103M, Max: 1024K
[46.137s][info][gc,stats    ] 
[46.137s][info][gc,stats    ] All times are wall-clock times, except per-root-class counters, that are sum over
[46.137s][info][gc,stats    ] all workers. Dividing the <total> over the root stage time estimates parallelism.
[46.137s][info][gc,stats    ] 
[46.137s][info][gc,stats    ] Concurrent Reset                   2667 us
[46.137s][info][gc,stats    ] Pause Init Mark (G)                 196 us
[46.137s][info][gc,stats    ] Pause Init Mark (N)                 122 us
[46.137s][info][gc,stats    ]   Update Region States               54 us
[46.137s][info][gc,stats    ] Concurrent Mark Roots               585 us, parallelism: 0.74x
[46.137s][info][gc,stats    ]   CMR: <total>                      433 us
[46.137s][info][gc,stats    ]   CMR: Thread Roots                 390 us, workers (us): 390, ---, ---, 
[46.137s][info][gc,stats    ]   CMR: VM Strong Roots                4 us, workers (us):   4, ---, ---, 
[46.137s][info][gc,stats    ]   CMR: CLDG Roots                    40 us, workers (us):  40, ---, ---, 
[46.137s][info][gc,stats    ] Concurrent Marking                 4343 us
[46.137s][info][gc,stats    ] Pause Final Mark (G)                604 us
[46.137s][info][gc,stats    ] Pause Final Mark (N)                502 us
[46.137s][info][gc,stats    ]   Finish Mark                       171 us
[46.137s][info][gc,stats    ]   Update Region States               91 us
[46.137s][info][gc,stats    ]   Choose Collection Set             102 us
[46.137s][info][gc,stats    ]   Rebuild Free Set                   25 us
[46.137s][info][gc,stats    ] Concurrent Weak References          138 us, parallelism: 0.10x
[46.137s][info][gc,stats    ]   CWRF: <total>                      14 us
[46.137s][info][gc,stats    ]   CWRF: Weak References              14 us, workers (us):  14, ---, ---, 
[46.137s][info][gc,stats    ] Concurrent Weak Roots               930 us
[46.137s][info][gc,stats    ]   Roots                             822 us, parallelism: 0.92x
[46.137s][info][gc,stats    ]     CWR: <total>                    756 us
[46.137s][info][gc,stats    ]     CWR: Code Cache Roots           677 us, workers (us): 677, ---, ---, 
[46.137s][info][gc,stats    ]     CWR: VM Weak Roots               73 us, workers (us):  73, ---, ---, 
[46.137s][info][gc,stats    ]     CWR: CLDG Roots                   5 us, workers (us):   5, ---, ---, 
[46.137s][info][gc,stats    ]   Rendezvous                         57 us
[46.137s][info][gc,stats    ] Concurrent Cleanup                   67 us
[46.137s][info][gc,stats    ] Concurrent Class Unloading         4036 us
[46.137s][info][gc,stats    ]   Unlink Stale                     3444 us
[46.137s][info][gc,stats    ]     System Dictionary                 6 us
[46.137s][info][gc,stats    ]     Weak Class Links                  0 us
[46.137s][info][gc,stats    ]     Code Roots                     3436 us
[46.137s][info][gc,stats    ]   Rendezvous                        210 us
[46.137s][info][gc,stats    ]   Purge Unlinked                    315 us
[46.137s][info][gc,stats    ]     Code Roots                      302 us
[46.137s][info][gc,stats    ]     CLDG                             12 us
[46.137s][info][gc,stats    ]     Exception Caches                  0 us
[46.137s][info][gc,stats    ] Pause Final Roots (G)               152 us
[46.137s][info][gc,stats    ] Pause Final Roots (N)                62 us
[46.137s][info][gc,stats    ] 
[46.137s][info][gc,stats    ] Allocation pacing accrued:
[46.137s][info][gc,stats    ]       0 of    18 ms (  0.0%): <total>
[46.137s][info][gc,stats    ]       0 of    18 ms (  0.0%): <average total>
[46.137s][info][gc,stats    ] 
[46.137s][info][gc,metaspace] Metaspace: 15884K(16192K)->15885K(16192K) NonClass: 13714K(13888K)->13716K(13888K) Class: 2169K(2304K)->2169K(2304K)
[46.138s][info][gc,ergo     ] Pacer for Idle. Initial: 41943K, Alloc Tax Rate: 1.0x
[46.671s][info][gc          ] Trigger: Learning 2 of 5. Free (1418M) is below initial threshold (1433M)
[46.671s][info][gc,ergo     ] Free: 1418M, Max: 1024K regular, 1005M humongous, Frag: 30% external, 0% internal; Reserve: 103M, Max: 1024K
[46.671s][info][gc,start    ] GC(62) Concurrent reset
[46.671s][info][gc,task     ] GC(62) Using 1 of 3 workers for concurrent reset
[46.671s][info][gc,ergo     ] GC(62) Pacer for Reset. Non-Taxable: 2048M
[46.672s][info][gc          ] GC(62) Concurrent reset 0.366ms
[46.672s][info][gc,start    ] GC(62) Pause Init Mark (unload classes)
[46.672s][info][gc,task     ] GC(62) Using 3 of 3 workers for init marking
[46.672s][info][gc,ergo     ] GC(62) Pacer for Mark. Expected Live: 81518K, Free: 1418M, Non-Taxable: 141M, Alloc Tax Rate: 0.1x
[46.672s][info][gc          ] GC(62) Pause Init Mark (unload classes) 0.207ms
[46.672s][info][gc,start    ] GC(62) Concurrent marking roots
[46.672s][info][gc,task     ] GC(62) Using 1 of 3 workers for concurrent marking roots
[46.673s][info][gc          ] GC(62) Concurrent marking roots 0.521ms
[46.673s][info][gc,start    ] GC(62) Concurrent marking (unload classes)
[46.673s][info][gc,task     ] GC(62) Using 1 of 3 workers for concurrent marking
[46.999s][info][gc          ] GC(62) Concurrent marking (unload classes) 325.746ms
[46.999s][info][gc,start    ] GC(62) Pause Final Mark (unload classes)
[46.999s][info][gc,task     ] GC(62) Using 3 of 3 workers for final marking
[46.999s][info][gc,ergo     ] GC(62) Adaptive CSet Selection. Target Free: 290M, Actual Free: 1255M, Max CSet: 87381K, Min Garbage: 0B
[46.999s][info][gc,ergo     ] GC(62) Collectable Garbage: 197M (61%), Immediate: 28032K (8%), CSet: 169M (53%)
[46.999s][info][gc,ergo     ] GC(62) Pacer for Evacuation. Used CSet: 255M, Free: 1163M, Non-Taxable: 116M, Alloc Tax Rate: 1.1x
[46.999s][info][gc          ] GC(62) Pause Final Mark (unload classes) 0.226ms
[47.002s][info][gc,start    ] GC(62) Concurrent thread roots
[47.002s][info][gc,task     ] GC(62) Using 1 of 3 workers for Concurrent thread roots
[47.003s][info][gc          ] GC(62) Concurrent thread roots 0.608ms
[47.003s][info][gc,start    ] GC(62) Concurrent weak references
[47.003s][info][gc,task     ] GC(62) Using 1 of 3 workers for concurrent weak references
[47.003s][info][gc,ref      ] GC(62) Encountered references: Soft: 133, Weak: 684, Final: 0, Phantom: 63
[47.003s][info][gc,ref      ] GC(62) Discovered  references: Soft: 0, Weak: 152, Final: 0, Phantom: 26
[47.003s][info][gc,ref      ] GC(62) Enqueued    references: Soft: 0, Weak: 0, Final: 0, Phantom: 0
[47.003s][info][gc          ] GC(62) Concurrent weak references 0.072ms
[47.003s][info][gc,start    ] GC(62) Concurrent weak roots
[47.003s][info][gc,task     ] GC(62) Using 1 of 3 workers for concurrent weak root
[47.018s][info][gc          ] GC(62) Concurrent weak roots 14.925ms
[47.018s][info][gc,start    ] GC(62) Concurrent cleanup
[47.018s][info][gc          ] GC(62) Concurrent cleanup 797M->770M(2048M) 0.039ms
[47.018s][info][gc,ergo     ] GC(62) Free: 1155M, Max: 1024K regular, 1118M humongous, Frag: 4% external, 0% internal; Reserve: 95232K, Max: 1024K
[47.018s][info][gc,start    ] GC(62) Concurrent class unloading
[47.018s][info][gc,task     ] GC(62) Using 1 of 3 workers for concurrent class unloading
[47.034s][info][gc          ] GC(62) Concurrent class unloading 15.732ms
[47.034s][info][gc,start    ] GC(62) Concurrent strong roots
[47.034s][info][gc,task     ] GC(62) Using 1 of 3 workers for concurrent strong root
[47.034s][info][gc          ] GC(62) Concurrent strong roots 0.082ms
[47.034s][info][gc,start    ] GC(62) Concurrent evacuation
[47.034s][info][gc,task     ] GC(62) Using 1 of 3 workers for concurrent evacuation
[47.110s][info][gc          ] GC(62) Concurrent evacuation 76.346ms
[47.110s][info][gc,start    ] GC(62) Pause Init Update Refs
[47.110s][info][gc,ergo     ] GC(62) Pacer for Update Refs. Used: 925M, Free: 1073M, Non-Taxable: 107M, Alloc Tax Rate: 1.1x
[47.110s][info][gc          ] GC(62) Pause Init Update Refs 0.037ms
[47.112s][info][gc,start    ] GC(62) Concurrent update references
[47.112s][info][gc,task     ] GC(62) Using 1 of 3 workers for concurrent reference update
[47.529s][info][gc          ] GC(62) Concurrent update references 417.468ms
[47.529s][info][gc,start    ] GC(62) Concurrent update thread roots
[47.530s][info][gc          ] GC(62) Concurrent update thread roots 0.825ms
[47.530s][info][gc,start    ] GC(62) Pause Final Update Refs
[47.530s][info][gc,task     ] GC(62) Using 3 of 3 workers for final reference update
[47.531s][info][gc          ] GC(62) Pause Final Update Refs 0.264ms
[47.531s][info][gc,start    ] GC(62) Concurrent cleanup
[47.531s][info][gc          ] GC(62) Concurrent cleanup 995M->740M(2048M) 0.046ms
[47.531s][info][gc,ergo     ] Free: 1170M, Max: 1024K regular, 919M humongous, Frag: 22% external, 0% internal; Reserve: 103M, Max: 1024K
[47.531s][info][gc,stats    ] 
[47.531s][info][gc,stats    ] All times are wall-clock times, except per-root-class counters, that are sum over
[47.531s][info][gc,stats    ] all workers. Dividing the <total> over the root stage time estimates parallelism.
[47.531s][info][gc,stats    ] 
[47.531s][info][gc,stats    ] Concurrent Reset                    431 us
[47.531s][info][gc,stats    ] Pause Init Mark (G)                 383 us
[47.531s][info][gc,stats    ] Pause Init Mark (N)                 228 us
[47.531s][info][gc,stats    ]   Update Region States               94 us
[47.531s][info][gc,stats    ] Concurrent Mark Roots               558 us, parallelism: 0.65x
[47.531s][info][gc,stats    ]   CMR: <total>                      364 us
[47.531s][info][gc,stats    ]   CMR: Thread Roots                 320 us, workers (us): 320, ---, ---, 
[47.531s][info][gc,stats    ]   CMR: VM Strong Roots                5 us, workers (us):   5, ---, ---, 
[47.531s][info][gc,stats    ]   CMR: CLDG Roots                    39 us, workers (us):  39, ---, ---, 
[47.531s][info][gc,stats    ] Concurrent Marking               325815 us
[47.531s][info][gc,stats    ] Pause Final Mark (G)               3455 us
[47.531s][info][gc,stats    ] Pause Final Mark (N)                234 us
[47.531s][info][gc,stats    ]   Finish Mark                        42 us
[47.531s][info][gc,stats    ]   Update Region States               32 us
[47.531s][info][gc,stats    ]   Choose Collection Set              75 us
[47.531s][info][gc,stats    ]   Rebuild Free Set                    9 us
[47.531s][info][gc,stats    ] Concurrent Thread Roots             630 us, parallelism: 0.79x
[47.531s][info][gc,stats    ]   CTR: <total>                      496 us
[47.531s][info][gc,stats    ]   CTR: Thread Roots                 496 us, workers (us): 496, ---, ---, 
[47.531s][info][gc,stats    ] Concurrent Weak References           79 us, parallelism: 0.16x
[47.531s][info][gc,stats    ]   CWRF: <total>                      13 us
[47.531s][info][gc,stats    ]   CWRF: Weak References              13 us, workers (us):  13, ---, ---, 
[47.531s][info][gc,stats    ] Concurrent Weak Roots             15021 us
[47.531s][info][gc,stats    ]   Roots                             957 us, parallelism: 0.96x
[47.531s][info][gc,stats    ]     CWR: <total>                    919 us
[47.531s][info][gc,stats    ]     CWR: Code Cache Roots           826 us, workers (us): 826, ---, ---, 
[47.531s][info][gc,stats    ]     CWR: VM Weak Roots               87 us, workers (us):  87, ---, ---, 
[47.531s][info][gc,stats    ]     CWR: CLDG Roots                   7 us, workers (us):   7, ---, ---, 
[47.531s][info][gc,stats    ]   Rendezvous                      13949 us
[47.531s][info][gc,stats    ] Concurrent Cleanup                   47 us
[47.531s][info][gc,stats    ] Concurrent Class Unloading        15789 us
[47.531s][info][gc,stats    ]   Unlink Stale                     4063 us
[47.531s][info][gc,stats    ]     System Dictionary                10 us
[47.531s][info][gc,stats    ]     Weak Class Links                  0 us
[47.531s][info][gc,stats    ]     Code Roots                     4051 us
[47.531s][info][gc,stats    ]   Rendezvous                      11377 us
[47.531s][info][gc,stats    ]   Purge Unlinked                    272 us
[47.531s][info][gc,stats    ]     Code Roots                      267 us
[47.531s][info][gc,stats    ]     CLDG                              5 us
[47.531s][info][gc,stats    ]     Exception Caches                  0 us
[47.531s][info][gc,stats    ] Concurrent Strong Roots              90 us, parallelism: 0.46x
[47.531s][info][gc,stats    ]   CSR: <total>                       42 us
[47.531s][info][gc,stats    ]   CSR: VM Strong Roots                5 us, workers (us):   5, ---, ---, 
[47.531s][info][gc,stats    ]   CSR: CLDG Roots                    36 us, workers (us):  36, ---, ---, 
[47.531s][info][gc,stats    ] Concurrent Evacuation             76419 us
[47.531s][info][gc,stats    ] Pause Init Update Refs (G)         1703 us
[47.531s][info][gc,stats    ] Pause Init Update Refs (N)           44 us
[47.531s][info][gc,stats    ]   Manage GCLABs                       4 us
[47.531s][info][gc,stats    ] Concurrent Update Refs           417540 us
[47.531s][info][gc,stats    ] Concurrent Update Thread Roots      843 us
[47.531s][info][gc,stats    ] Pause Final Update Refs (G)         389 us
[47.531s][info][gc,stats    ] Pause Final Update Refs (N)         313 us
[47.531s][info][gc,stats    ]   Update Region States              125 us
[47.531s][info][gc,stats    ]   Trash Collection Set               15 us
[47.531s][info][gc,stats    ]   Rebuild Free Set                   31 us
[47.531s][info][gc,stats    ] Concurrent Cleanup                   56 us
[47.531s][info][gc,stats    ] 
[47.531s][info][gc,stats    ] Allocation pacing accrued:
[47.531s][info][gc,stats    ]       0 of  1394 ms (  0.0%): <total>
[47.531s][info][gc,stats    ]       0 of  1394 ms (  0.0%): <average total>
[47.531s][info][gc,stats    ] 
[47.531s][info][gc,metaspace] Metaspace: 15887K(16192K)->15891K(16192K) NonClass: 13717K(13888K)->13721K(13888K) Class: 2169K(2304K)->2169K(2304K)
[47.531s][info][gc,ergo     ] Pacer for Idle. Initial: 41943K, Alloc Tax Rate: 1.0x
[47.545s][info][gc          ] Trigger: Explicit GC request (System.gc())
[47.545s][info][gc,ergo     ] Free: 1170M, Max: 1024K regular, 919M humongous, Frag: 22% external, 0% internal; Reserve: 103M, Max: 1024K
[47.545s][info][gc,start    ] GC(63) Concurrent reset
[47.545s][info][gc,task     ] GC(63) Using 1 of 3 workers for concurrent reset
[47.545s][info][gc,ergo     ] GC(63) Pacer for Reset. Non-Taxable: 2048M
[47.548s][info][gc          ] GC(63) Concurrent reset 2.682ms
[47.548s][info][gc,start    ] GC(63) Pause Init Mark (unload classes)
[47.548s][info][gc,task     ] GC(63) Using 3 of 3 workers for init marking
[47.548s][info][gc,ref      ] GC(63) Clearing All SoftReferences
[47.548s][info][gc,ergo     ] GC(63) Pacer for Mark. Expected Live: 117M, Free: 1170M, Non-Taxable: 117M, Alloc Tax Rate: 0.1x
[47.548s][info][gc          ] GC(63) Pause Init Mark (unload classes) 0.129ms
[47.548s][info][gc,start    ] GC(63) Concurrent marking roots
[47.548s][info][gc,task     ] GC(63) Using 1 of 3 workers for concurrent marking roots
[47.548s][info][gc          ] GC(63) Concurrent marking roots 0.590ms
[47.548s][info][gc,start    ] GC(63) Concurrent marking (unload classes)
[47.548s][info][gc,task     ] GC(63) Using 1 of 3 workers for concurrent marking
[47.553s][info][gc          ] GC(63) Concurrent marking (unload classes) 4.806ms
[47.553s][info][gc,start    ] GC(63) Pause Final Mark (unload classes)
[47.553s][info][gc,task     ] GC(63) Using 3 of 3 workers for final marking
[47.554s][info][gc,ergo     ] GC(63) Collectable Garbage: 727M (98%), Immediate: 727M (98%), CSet: 0B (0%)
[47.554s][info][gc          ] GC(63) Pause Final Mark (unload classes) 0.490ms
[47.554s][info][gc,start    ] GC(63) Concurrent weak references
[47.554s][info][gc,task     ] GC(63) Using 1 of 3 workers for concurrent weak references
[47.554s][info][gc,ref      ] GC(63) Encountered references: Soft: 178, Weak: 683, Final: 0, Phantom: 63
[47.554s][info][gc,ref      ] GC(63) Discovered  references: Soft: 127, Weak: 165, Final: 0, Phantom: 61
[47.554s][info][gc,ref      ] GC(63) Enqueued    references: Soft: 48, Weak: 0, Final: 0, Phantom: 0
[47.554s][info][gc          ] GC(63) Concurrent weak references 0.153ms
[47.554s][info][gc,start    ] GC(63) Concurrent weak roots
[47.554s][info][gc,task     ] GC(63) Using 1 of 3 workers for concurrent weak root
[47.555s][info][gc          ] GC(63) Concurrent weak roots 0.919ms
[47.555s][info][gc,start    ] GC(63) Concurrent cleanup
[47.555s][info][gc          ] GC(63) Concurrent cleanup 740M->13M(2048M) 0.061ms
[47.555s][info][gc,ergo     ] GC(63) Free: 1932M, Max: 1024K regular, 1004M humongous, Frag: 49% external, 0% internal; Reserve: 103M, Max: 1024K
[47.555s][info][gc,start    ] GC(63) Concurrent class unloading
[47.555s][info][gc,task     ] GC(63) Using 1 of 3 workers for concurrent class unloading
[47.559s][info][gc          ] GC(63) Concurrent class unloading 4.261ms
[47.560s][info][gc,start    ] GC(63) Pause Final Roots
[47.560s][info][gc          ] GC(63) Pause Final Roots 0.068ms
[47.560s][info][gc,ergo     ] Free: 1932M, Max: 1024K regular, 1004M humongous, Frag: 49% external, 0% internal; Reserve: 103M, Max: 1024K
[47.560s][info][gc,stats    ] 
[47.560s][info][gc,stats    ] All times are wall-clock times, except per-root-class counters, that are sum over
[47.560s][info][gc,stats    ] all workers. Dividing the <total> over the root stage time estimates parallelism.
[47.560s][info][gc,stats    ] 
[47.560s][info][gc,stats    ] Concurrent Reset                   2731 us
[47.560s][info][gc,stats    ] Pause Init Mark (G)                 194 us
[47.560s][info][gc,stats    ] Pause Init Mark (N)                 136 us
[47.560s][info][gc,stats    ]   Update Region States               66 us
[47.560s][info][gc,stats    ] Concurrent Mark Roots               614 us, parallelism: 0.81x
[47.560s][info][gc,stats    ]   CMR: <total>                      499 us
[47.560s][info][gc,stats    ]   CMR: Thread Roots                 457 us, workers (us): 457, ---, ---, 
[47.560s][info][gc,stats    ]   CMR: VM Strong Roots                4 us, workers (us):   4, ---, ---, 
[47.560s][info][gc,stats    ]   CMR: CLDG Roots                    38 us, workers (us):  38, ---, ---, 
[47.560s][info][gc,stats    ] Concurrent Marking                 4863 us
[47.560s][info][gc,stats    ] Pause Final Mark (G)                639 us
[47.560s][info][gc,stats    ] Pause Final Mark (N)                514 us
[47.560s][info][gc,stats    ]   Finish Mark                       160 us
[47.560s][info][gc,stats    ]   Update Region States              124 us
[47.560s][info][gc,stats    ]   Choose Collection Set             101 us
[47.560s][info][gc,stats    ]   Rebuild Free Set                   24 us
[47.560s][info][gc,stats    ] Concurrent Weak References          161 us, parallelism: 0.09x
[47.560s][info][gc,stats    ]   CWRF: <total>                      15 us
[47.560s][info][gc,stats    ]   CWRF: Weak References              15 us, workers (us):  15, ---, ---, 
[47.560s][info][gc,stats    ] Concurrent Weak Roots               955 us
[47.560s][info][gc,stats    ]   Roots                             820 us, parallelism: 0.92x
[47.560s][info][gc,stats    ]     CWR: <total>                    754 us
[47.560s][info][gc,stats    ]     CWR: Code Cache Roots           668 us, workers (us): 668, ---, ---, 
[47.560s][info][gc,stats    ]     CWR: VM Weak Roots               82 us, workers (us):  82, ---, ---, 
[47.560s][info][gc,stats    ]     CWR: CLDG Roots                   5 us, workers (us):   5, ---, ---, 
[47.560s][info][gc,stats    ]   Rendezvous                         81 us
[47.560s][info][gc,stats    ] Concurrent Cleanup                   70 us
[47.560s][info][gc,stats    ] Concurrent Class Unloading         4309 us
[47.560s][info][gc,stats    ]   Unlink Stale                     3707 us
[47.560s][info][gc,stats    ]     System Dictionary                 6 us
[47.560s][info][gc,stats    ]     Weak Class Links                  0 us
[47.560s][info][gc,stats    ]     Code Roots                     3700 us
[47.560s][info][gc,stats    ]   Rendezvous                        221 us
[47.560s][info][gc,stats    ]   Purge Unlinked                    314 us
[47.560s][info][gc,stats    ]     Code Roots                      301 us
[47.560s][info][gc,stats    ]     CLDG                             12 us
[47.560s][info][gc,stats    ]     Exception Caches                  0 us
[47.560s][info][gc,stats    ] Pause Final Roots (G)               204 us
[47.560s][info][gc,stats    ] Pause Final Roots (N)                86 us
[47.560s][info][gc,stats    ] 
[47.560s][info][gc,stats    ] Allocation pacing accrued:
[47.560s][info][gc,stats    ]       0 of    29 ms (  0.0%): <total>
[47.560s][info][gc,stats    ]       0 of    29 ms (  0.0%): <average total>
[47.560s][info][gc,stats    ] 
[47.560s][info][gc,metaspace] Metaspace: 15891K(16192K)->15891K(16192K) NonClass: 13721K(13888K)->13721K(13888K) Class: 2169K(2304K)->2169K(2304K)
[47.560s][info][gc,ergo     ] Pacer for Idle. Initial: 41943K, Alloc Tax Rate: 1.0x
[48.094s][info][gc          ] Trigger: Learning 2 of 5. Free (1413M) is below initial threshold (1433M)
[48.094s][info][gc,ergo     ] Free: 1412M, Max: 1024K regular, 1004M humongous, Frag: 29% external, 0% internal; Reserve: 103M, Max: 1024K
[48.094s][info][gc,start    ] GC(64) Concurrent reset
[48.095s][info][gc,task     ] GC(64) Using 1 of 3 workers for concurrent reset
[48.095s][info][gc,ergo     ] GC(64) Pacer for Reset. Non-Taxable: 2048M
[48.095s][info][gc          ] GC(64) Concurrent reset 0.395ms
[48.095s][info][gc,start    ] GC(64) Pause Init Mark (unload classes)
[48.095s][info][gc,task     ] GC(64) Using 3 of 3 workers for init marking
[48.095s][info][gc,ergo     ] GC(64) Pacer for Mark. Expected Live: 81507K, Free: 1412M, Non-Taxable: 141M, Alloc Tax Rate: 0.1x
[48.095s][info][gc          ] GC(64) Pause Init Mark (unload classes) 0.233ms
[48.095s][info][gc,start    ] GC(64) Concurrent marking roots
[48.095s][info][gc,task     ] GC(64) Using 1 of 3 workers for concurrent marking roots
[48.096s][info][gc          ] GC(64) Concurrent marking roots 0.425ms
[48.096s][info][gc,start    ] GC(64) Concurrent marking (unload classes)
[48.096s][info][gc,task     ] GC(64) Using 1 of 3 workers for concurrent marking
[48.463s][info][gc          ] GC(64) Concurrent marking (unload classes) 367.395ms
[48.463s][info][gc,start    ] GC(64) Pause Final Mark (unload classes)
[48.463s][info][gc,task     ] GC(64) Using 3 of 3 workers for final marking
[48.464s][info][gc,ergo     ] GC(64) Adaptive CSet Selection. Target Free: 290M, Actual Free: 1225M, Max CSet: 87381K, Min Garbage: 0B
[48.464s][info][gc,ergo     ] GC(64) Collectable Garbage: 197M (61%), Immediate: 28800K (8%), CSet: 169M (52%)
[48.464s][info][gc,ergo     ] GC(64) Pacer for Evacuation. Used CSet: 254M, Free: 1133M, Non-Taxable: 113M, Alloc Tax Rate: 1.1x
[48.464s][info][gc          ] GC(64) Pause Final Mark (unload classes) 0.253ms
[48.497s][info][gc,start    ] GC(64) Concurrent thread roots
[48.497s][info][gc,task     ] GC(64) Using 1 of 3 workers for Concurrent thread roots
[48.498s][info][gc          ] GC(64) Concurrent thread roots 0.518ms
[48.498s][info][gc,start    ] GC(64) Concurrent weak references
[48.498s][info][gc,task     ] GC(64) Using 1 of 3 workers for concurrent weak references
[48.498s][info][gc,ref      ] GC(64) Encountered references: Soft: 133, Weak: 684, Final: 0, Phantom: 63
[48.498s][info][gc,ref      ] GC(64) Discovered  references: Soft: 0, Weak: 153, Final: 0, Phantom: 26
[48.498s][info][gc,ref      ] GC(64) Enqueued    references: Soft: 0, Weak: 0, Final: 0, Phantom: 0
[48.498s][info][gc          ] GC(64) Concurrent weak references 0.070ms
[48.498s][info][gc,start    ] GC(64) Concurrent weak roots
[48.498s][info][gc,task     ] GC(64) Using 1 of 3 workers for concurrent weak root
[48.503s][info][gc          ] GC(64) Concurrent weak roots 4.961ms
[48.503s][info][gc,start    ] GC(64) Concurrent cleanup
[48.503s][info][gc          ] GC(64) Concurrent cleanup 848M->820M(2048M) 0.041ms
[48.503s][info][gc,ergo     ] GC(64) Free: 1107M, Max: 1024K regular, 1069M humongous, Frag: 4% external, 0% internal; Reserve: 89088K, Max: 1024K
[48.503s][info][gc,start    ] GC(64) Concurrent class unloading
[48.503s][info][gc,task     ] GC(64) Using 1 of 3 workers for concurrent class unloading
[48.510s][info][gc          ] GC(64) Concurrent class unloading 6.594ms
[48.510s][info][gc,start    ] GC(64) Concurrent strong roots
[48.510s][info][gc,task     ] GC(64) Using 1 of 3 workers for concurrent strong root
[48.510s][info][gc          ] GC(64) Concurrent strong roots 0.082ms
[48.510s][info][gc,start    ] GC(64) Concurrent evacuation
[48.510s][info][gc,task     ] GC(64) Using 1 of 3 workers for concurrent evacuation
[48.589s][info][gc          ] GC(64) Concurrent evacuation 79.401ms
[48.589s][info][gc,start    ] GC(64) Pause Init Update Refs
[48.589s][info][gc,ergo     ] GC(64) Pacer for Update Refs. Used: 961M, Free: 1037M, Non-Taxable: 103M, Alloc Tax Rate: 1.1x
[48.589s][info][gc          ] GC(64) Pause Init Update Refs 0.061ms
[48.590s][info][gc,start    ] GC(64) Concurrent update references
[48.590s][info][gc,task     ] GC(64) Using 1 of 3 workers for concurrent reference update
[49.042s][info][gc          ] GC(64) Concurrent update references 452.414ms
[49.042s][info][gc,start    ] GC(64) Concurrent update thread roots
[49.043s][info][gc          ] GC(64) Concurrent update thread roots 0.414ms
[49.043s][info][gc,start    ] GC(64) Pause Final Update Refs
[49.043s][info][gc,task     ] GC(64) Using 3 of 3 workers for final reference update
[49.043s][info][gc          ] GC(64) Pause Final Update Refs 0.175ms
[49.043s][info][gc,start    ] GC(64) Concurrent cleanup
[49.043s][info][gc          ] GC(64) Concurrent cleanup 991M->737M(2048M) 0.104ms
[49.043s][info][gc,ergo     ] Free: 1173M, Max: 1024K regular, 923M humongous, Frag: 22% external, 0% internal; Reserve: 103M, Max: 1024K
[49.043s][info][gc,stats    ] 
[49.043s][info][gc,stats    ] All times are wall-clock times, except per-root-class counters, that are sum over
[49.043s][info][gc,stats    ] all workers. Dividing the <total> over the root stage time estimates parallelism.
[49.043s][info][gc,stats    ] 
[49.043s][info][gc,stats    ] Concurrent Reset                    448 us
[49.043s][info][gc,stats    ] Pause Init Mark (G)                 418 us
[49.043s][info][gc,stats    ] Pause Init Mark (N)                 252 us
[49.043s][info][gc,stats    ]   Update Region States              103 us
[49.043s][info][gc,stats    ] Concurrent Mark Roots               443 us, parallelism: 0.80x
[49.043s][info][gc,stats    ]   CMR: <total>                      356 us
[49.043s][info][gc,stats    ]   CMR: Thread Roots                 315 us, workers (us): 315, ---, ---, 
[49.043s][info][gc,stats    ]   CMR: VM Strong Roots                4 us, workers (us):   4, ---, ---, 
[49.043s][info][gc,stats    ]   CMR: CLDG Roots                    37 us, workers (us):  37, ---, ---, 
[49.043s][info][gc,stats    ] Concurrent Marking               367463 us
[49.043s][info][gc,stats    ] Pause Final Mark (G)              33969 us
[49.043s][info][gc,stats    ] Pause Final Mark (N)                262 us
[49.043s][info][gc,stats    ]   Finish Mark                        50 us
[49.043s][info][gc,stats    ]   Update Region States               32 us
[49.043s][info][gc,stats    ]   Choose Collection Set              88 us
[49.043s][info][gc,stats    ]   Rebuild Free Set                    9 us
[49.043s][info][gc,stats    ] Concurrent Thread Roots             532 us, parallelism: 0.77x
[49.043s][info][gc,stats    ]   CTR: <total>                      410 us
[49.043s][info][gc,stats    ]   CTR: Thread Roots                 410 us, workers (us): 410, ---, ---, 
[49.043s][info][gc,stats    ] Concurrent Weak References           77 us, parallelism: 0.19x
[49.043s][info][gc,stats    ]   CWRF: <total>                      14 us
[49.043s][info][gc,stats    ]   CWRF: Weak References              14 us, workers (us):  14, ---, ---, 
[49.043s][info][gc,stats    ] Concurrent Weak Roots              5034 us
[49.043s][info][gc,stats    ]   Roots                            1045 us, parallelism: 0.96x
[49.043s][info][gc,stats    ]     CWR: <total>                   1000 us
[49.043s][info][gc,stats    ]     CWR: Code Cache Roots           901 us, workers (us): 901, ---, ---, 
[49.043s][info][gc,stats    ]     CWR: VM Weak Roots               91 us, workers (us):  91, ---, ---, 
[49.043s][info][gc,stats    ]     CWR: CLDG Roots                   8 us, workers (us):   8, ---, ---, 
[49.043s][info][gc,stats    ]   Rendezvous                       3895 us
[49.043s][info][gc,stats    ] Concurrent Cleanup                   50 us
[49.043s][info][gc,stats    ] Concurrent Class Unloading         6659 us
[49.043s][info][gc,stats    ]   Unlink Stale                     4110 us
[49.043s][info][gc,stats    ]     System Dictionary                12 us
[49.043s][info][gc,stats    ]     Weak Class Links                  0 us
[49.043s][info][gc,stats    ]     Code Roots                     4096 us
[49.043s][info][gc,stats    ]   Rendezvous                       2217 us
[49.043s][info][gc,stats    ]   Purge Unlinked                    245 us
[49.043s][info][gc,stats    ]     Code Roots                      238 us
[49.043s][info][gc,stats    ]     CLDG                              6 us
[49.043s][info][gc,stats    ]     Exception Caches                  0 us
[49.043s][info][gc,stats    ] Concurrent Strong Roots              90 us, parallelism: 0.45x
[49.043s][info][gc,stats    ]   CSR: <total>                       41 us
[49.043s][info][gc,stats    ]   CSR: VM Strong Roots                4 us, workers (us):   4, ---, ---, 
[49.043s][info][gc,stats    ]   CSR: CLDG Roots                    37 us, workers (us):  37, ---, ---, 
[49.043s][info][gc,stats    ] Concurrent Evacuation             79466 us
[49.043s][info][gc,stats    ] Pause Init Update Refs (G)          466 us
[49.043s][info][gc,stats    ] Pause Init Update Refs (N)           69 us
[49.043s][info][gc,stats    ]   Manage GCLABs                       4 us
[49.043s][info][gc,stats    ] Concurrent Update Refs           452497 us
[49.043s][info][gc,stats    ] Concurrent Update Thread Roots      464 us
[49.043s][info][gc,stats    ] Pause Final Update Refs (G)         269 us
[49.043s][info][gc,stats    ] Pause Final Update Refs (N)         186 us
[49.043s][info][gc,stats    ]   Update Region States               87 us
[49.043s][info][gc,stats    ]   Trash Collection Set                5 us
[49.043s][info][gc,stats    ]   Rebuild Free Set                   18 us
[49.043s][info][gc,stats    ] Concurrent Cleanup                  130 us
[49.043s][info][gc,stats    ] 
[49.043s][info][gc,stats    ] Allocation pacing accrued:
[49.043s][info][gc,stats    ]       0 of  1483 ms (  0.0%): <total>
[49.043s][info][gc,stats    ]       0 of  1483 ms (  0.0%): <average total>
[49.043s][info][gc,stats    ] 
[49.043s][info][gc,metaspace] Metaspace: 15891K(16192K)->15895K(16192K) NonClass: 13721K(13888K)->13726K(13888K) Class: 2169K(2304K)->2169K(2304K)
[49.043s][info][gc,ergo     ] Pacer for Idle. Initial: 41943K, Alloc Tax Rate: 1.0x
[49.060s][info][gc          ] Trigger: Explicit GC request (System.gc())
[49.060s][info][gc,ergo     ] Free: 1173M, Max: 1024K regular, 923M humongous, Frag: 22% external, 0% internal; Reserve: 103M, Max: 1024K
[49.060s][info][gc,start    ] GC(65) Concurrent reset
[49.060s][info][gc,task     ] GC(65) Using 1 of 3 workers for concurrent reset
[49.060s][info][gc,ergo     ] GC(65) Pacer for Reset. Non-Taxable: 2048M
[49.063s][info][gc          ] GC(65) Concurrent reset 3.053ms
[49.064s][info][gc,start    ] GC(65) Pause Init Mark (unload classes)
[49.064s][info][gc,task     ] GC(65) Using 3 of 3 workers for init marking
[49.064s][info][gc,ref      ] GC(65) Clearing All SoftReferences
[49.064s][info][gc,ergo     ] GC(65) Pacer for Mark. Expected Live: 117M, Free: 1173M, Non-Taxable: 117M, Alloc Tax Rate: 0.1x
[49.064s][info][gc          ] GC(65) Pause Init Mark (unload classes) 0.214ms
[49.064s][info][gc,start    ] GC(65) Concurrent marking roots
[49.064s][info][gc,task     ] GC(65) Using 1 of 3 workers for concurrent marking roots
[49.065s][info][gc          ] GC(65) Concurrent marking roots 0.785ms
[49.065s][info][gc,start    ] GC(65) Concurrent marking (unload classes)
[49.065s][info][gc,task     ] GC(65) Using 1 of 3 workers for concurrent marking
[49.069s][info][gc          ] GC(65) Concurrent marking (unload classes) 4.558ms
[49.069s][info][gc,start    ] GC(65) Pause Final Mark (unload classes)
[49.069s][info][gc,task     ] GC(65) Using 3 of 3 workers for final marking
[49.070s][info][gc,ergo     ] GC(65) Collectable Garbage: 724M (98%), Immediate: 724M (98%), CSet: 0B (0%)
[49.070s][info][gc          ] GC(65) Pause Final Mark (unload classes) 0.328ms
[49.070s][info][gc,start    ] GC(65) Concurrent weak references
[49.070s][info][gc,task     ] GC(65) Using 1 of 3 workers for concurrent weak references
[49.070s][info][gc,ref      ] GC(65) Encountered references: Soft: 178, Weak: 683, Final: 0, Phantom: 63
[49.070s][info][gc,ref      ] GC(65) Discovered  references: Soft: 127, Weak: 165, Final: 0, Phantom: 61
[49.070s][info][gc,ref      ] GC(65) Enqueued    references: Soft: 48, Weak: 0, Final: 0, Phantom: 0
[49.070s][info][gc          ] GC(65) Concurrent weak references 0.179ms
[49.070s][info][gc,start    ] GC(65) Concurrent weak roots
[49.070s][info][gc,task     ] GC(65) Using 1 of 3 workers for concurrent weak root
[49.071s][info][gc          ] GC(65) Concurrent weak roots 1.011ms
[49.071s][info][gc,start    ] GC(65) Concurrent cleanup
[49.071s][info][gc          ] GC(65) Concurrent cleanup 737M->13M(2048M) 0.056ms
[49.071s][info][gc,ergo     ] GC(65) Free: 1932M, Max: 1024K regular, 1007M humongous, Frag: 48% external, 0% internal; Reserve: 103M, Max: 1024K
[49.071s][info][gc,start    ] GC(65) Concurrent class unloading
[49.071s][info][gc,task     ] GC(65) Using 1 of 3 workers for concurrent class unloading
[49.075s][info][gc          ] GC(65) Concurrent class unloading 4.048ms
[49.075s][info][gc,start    ] GC(65) Pause Final Roots
[49.075s][info][gc          ] GC(65) Pause Final Roots 0.035ms
[49.075s][info][gc,ergo     ] Free: 1932M, Max: 1024K regular, 1007M humongous, Frag: 48% external, 0% internal; Reserve: 103M, Max: 1024K
[49.075s][info][gc,stats    ] 
[49.075s][info][gc,stats    ] All times are wall-clock times, except per-root-class counters, that are sum over
[49.075s][info][gc,stats    ] all workers. Dividing the <total> over the root stage time estimates parallelism.
[49.075s][info][gc,stats    ] 
[49.075s][info][gc,stats    ] Concurrent Reset                   3123 us
[49.075s][info][gc,stats    ] Pause Init Mark (G)                 321 us
[49.075s][info][gc,stats    ] Pause Init Mark (N)                 234 us
[49.075s][info][gc,stats    ]   Update Region States               86 us
[49.075s][info][gc,stats    ] Concurrent Mark Roots               809 us, parallelism: 0.79x
[49.075s][info][gc,stats    ]   CMR: <total>                      642 us
[49.076s][info][gc,stats    ]   CMR: Thread Roots                 567 us, workers (us): 567, ---, ---, 
[49.076s][info][gc,stats    ]   CMR: VM Strong Roots                7 us, workers (us):   7, ---, ---, 
[49.076s][info][gc,stats    ]   CMR: CLDG Roots                    67 us, workers (us):  67, ---, ---, 
[49.076s][info][gc,stats    ] Concurrent Marking                 4615 us
[49.076s][info][gc,stats    ] Pause Final Mark (G)                418 us
[49.076s][info][gc,stats    ] Pause Final Mark (N)                348 us
[49.076s][info][gc,stats    ]   Finish Mark                       114 us
[49.076s][info][gc,stats    ]   Update Region States               54 us
[49.076s][info][gc,stats    ]   Choose Collection Set              81 us
[49.076s][info][gc,stats    ]   Rebuild Free Set                   24 us
[49.076s][info][gc,stats    ] Concurrent Weak References          196 us, parallelism: 0.07x
[49.076s][info][gc,stats    ]   CWRF: <total>                      14 us
[49.076s][info][gc,stats    ]   CWRF: Weak References              14 us, workers (us):  14, ---, ---, 
[49.076s][info][gc,stats    ] Concurrent Weak Roots              1028 us
[49.076s][info][gc,stats    ]   Roots                             923 us, parallelism: 0.91x
[49.076s][info][gc,stats    ]     CWR: <total>                    838 us
[49.076s][info][gc,stats    ]     CWR: Code Cache Roots           709 us, workers (us): 709, ---, ---, 
[49.076s][info][gc,stats    ]     CWR: VM Weak Roots              124 us, workers (us): 124, ---, ---, 
[49.076s][info][gc,stats    ]     CWR: CLDG Roots                   6 us, workers (us):   6, ---, ---, 
[49.076s][info][gc,stats    ]   Rendezvous                         57 us
[49.076s][info][gc,stats    ] Concurrent Cleanup                   64 us
[49.076s][info][gc,stats    ] Concurrent Class Unloading         4112 us
[49.076s][info][gc,stats    ]   Unlink Stale                     3793 us
[49.076s][info][gc,stats    ]     System Dictionary                 6 us
[49.076s][info][gc,stats    ]     Weak Class Links                  0 us
[49.076s][info][gc,stats    ]     Code Roots                     3786 us
[49.076s][info][gc,stats    ]   Rendezvous                         50 us
[49.076s][info][gc,stats    ]   Purge Unlinked                    183 us
[49.076s][info][gc,stats    ]     Code Roots                      173 us
[49.076s][info][gc,stats    ]     CLDG                              9 us
[49.076s][info][gc,stats    ]     Exception Caches                  0 us
[49.076s][info][gc,stats    ] Pause Final Roots (G)               134 us
[49.076s][info][gc,stats    ] Pause Final Roots (N)                54 us
[49.076s][info][gc,stats    ] 
[49.076s][info][gc,stats    ] Allocation pacing accrued:
[49.076s][info][gc,stats    ]       0 of    33 ms (  0.0%): <total>
[49.076s][info][gc,stats    ]       0 of    33 ms (  0.0%): <average total>
[49.076s][info][gc,stats    ] 
[49.076s][info][gc,metaspace] Metaspace: 15895K(16192K)->15895K(16192K) NonClass: 13726K(13888K)->13726K(13888K) Class: 2169K(2304K)->2169K(2304K)
[49.076s][info][gc,ergo     ] Pacer for Idle. Initial: 41943K, Alloc Tax Rate: 1.0x
[49.610s][info][gc          ] Trigger: Learning 2 of 5. Free (1416M) is below initial threshold (1433M)
[49.611s][info][gc,ergo     ] Free: 1416M, Max: 1024K regular, 1007M humongous, Frag: 29% external, 0% internal; Reserve: 103M, Max: 1024K
[49.611s][info][gc,start    ] GC(66) Concurrent reset
[49.611s][info][gc,task     ] GC(66) Using 1 of 3 workers for concurrent reset
[49.611s][info][gc,ergo     ] GC(66) Pacer for Reset. Non-Taxable: 2048M
[49.611s][info][gc          ] GC(66) Concurrent reset 0.270ms
[49.611s][info][gc,start    ] GC(66) Pause Init Mark (unload classes)
[49.611s][info][gc,task     ] GC(66) Using 3 of 3 workers for init marking
[49.611s][info][gc,ergo     ] GC(66) Pacer for Mark. Expected Live: 81915K, Free: 1416M, Non-Taxable: 141M, Alloc Tax Rate: 0.1x
[49.611s][info][gc          ] GC(66) Pause Init Mark (unload classes) 0.375ms
[49.611s][info][gc,start    ] GC(66) Concurrent marking roots
[49.611s][info][gc,task     ] GC(66) Using 1 of 3 workers for concurrent marking roots
[49.612s][info][gc          ] GC(66) Concurrent marking roots 0.449ms
[49.612s][info][gc,start    ] GC(66) Concurrent marking (unload classes)
[49.612s][info][gc,task     ] GC(66) Using 1 of 3 workers for concurrent marking
[49.938s][info][gc          ] GC(66) Concurrent marking (unload classes) 326.279ms
[49.938s][info][gc,start    ] GC(66) Pause Final Mark (unload classes)
[49.938s][info][gc,task     ] GC(66) Using 3 of 3 workers for final marking
[49.938s][info][gc,ergo     ] GC(66) Adaptive CSet Selection. Target Free: 290M, Actual Free: 1257M, Max CSet: 87381K, Min Garbage: 0B
[49.939s][info][gc,ergo     ] GC(66) Collectable Garbage: 196M (61%), Immediate: 28800K (8%), CSet: 168M (52%)
[49.939s][info][gc,ergo     ] GC(66) Pacer for Evacuation. Used CSet: 254M, Free: 1166M, Non-Taxable: 116M, Alloc Tax Rate: 1.1x
[49.939s][info][gc          ] GC(66) Pause Final Mark (unload classes) 0.303ms
[49.980s][info][gc,start    ] GC(66) Concurrent thread roots
[49.980s][info][gc,task     ] GC(66) Using 1 of 3 workers for Concurrent thread roots
[49.981s][info][gc          ] GC(66) Concurrent thread roots 0.542ms
[49.981s][info][gc,start    ] GC(66) Concurrent weak references
[49.981s][info][gc,task     ] GC(66) Using 1 of 3 workers for concurrent weak references
[49.981s][info][gc,ref      ] GC(66) Encountered references: Soft: 133, Weak: 684, Final: 0, Phantom: 63
[49.981s][info][gc,ref      ] GC(66) Discovered  references: Soft: 0, Weak: 152, Final: 0, Phantom: 26
[49.981s][info][gc,ref      ] GC(66) Enqueued    references: Soft: 0, Weak: 0, Final: 0, Phantom: 0
[49.981s][info][gc          ] GC(66) Concurrent weak references 0.090ms
[49.981s][info][gc,start    ] GC(66) Concurrent weak roots
[49.981s][info][gc,task     ] GC(66) Using 1 of 3 workers for concurrent weak root
[49.996s][info][gc          ] GC(66) Concurrent weak roots 15.032ms
[49.996s][info][gc,start    ] GC(66) Concurrent cleanup
[49.996s][info][gc          ] GC(66) Concurrent cleanup 834M->806M(2048M) 0.036ms
[49.996s][info][gc,ergo     ] GC(66) Free: 1125M, Max: 1024K regular, 1087M humongous, Frag: 4% external, 0% internal; Reserve: 87040K, Max: 1024K
[49.996s][info][gc,start    ] GC(66) Concurrent class unloading
[49.996s][info][gc,task     ] GC(66) Using 1 of 3 workers for concurrent class unloading
[50.005s][info][gc          ] GC(66) Concurrent class unloading 8.445ms
[50.005s][info][gc,start    ] GC(66) Concurrent strong roots
[50.005s][info][gc,task     ] GC(66) Using 1 of 3 workers for concurrent strong root
[50.005s][info][gc          ] GC(66) Concurrent strong roots 0.103ms
[50.005s][info][gc,start    ] GC(66) Concurrent evacuation
[50.005s][info][gc,task     ] GC(66) Using 1 of 3 workers for concurrent evacuation
[50.084s][info][gc          ] GC(66) Concurrent evacuation 78.726ms
[50.084s][info][gc,start    ] GC(66) Pause Init Update Refs
[50.084s][info][gc,ergo     ] GC(66) Pacer for Update Refs. Used: 959M, Free: 1038M, Non-Taxable: 103M, Alloc Tax Rate: 1.1x
[50.084s][info][gc          ] GC(66) Pause Init Update Refs 0.039ms
[50.084s][info][gc,start    ] GC(66) Concurrent update references
[50.084s][info][gc,task     ] GC(66) Using 1 of 3 workers for concurrent reference update
[50.502s][info][gc          ] GC(66) Concurrent update references 417.962ms
[50.502s][info][gc,start    ] GC(66) Concurrent update thread roots
[50.503s][info][gc          ] GC(66) Concurrent update thread roots 0.798ms
[50.503s][info][gc,start    ] GC(66) Pause Final Update Refs
[50.503s][info][gc,task     ] GC(66) Using 3 of 3 workers for final reference update
[50.503s][info][gc          ] GC(66) Pause Final Update Refs 0.193ms
[50.503s][info][gc,start    ] GC(66) Concurrent cleanup
[50.503s][info][gc          ] GC(66) Concurrent cleanup 992M->738M(2048M) 0.044ms
[50.503s][info][gc,ergo     ] Free: 1171M, Max: 1024K regular, 921M humongous, Frag: 22% external, 0% internal; Reserve: 103M, Max: 1024K
[50.503s][info][gc,stats    ] 
[50.503s][info][gc,stats    ] All times are wall-clock times, except per-root-class counters, that are sum over
[50.503s][info][gc,stats    ] all workers. Dividing the <total> over the root stage time estimates parallelism.
[50.503s][info][gc,stats    ] 
[50.503s][info][gc,stats    ] Concurrent Reset                    294 us
[50.503s][info][gc,stats    ] Pause Init Mark (G)                 546 us
[50.503s][info][gc,stats    ] Pause Init Mark (N)                 394 us
[50.503s][info][gc,stats    ]   Update Region States              255 us
[50.503s][info][gc,stats    ] Concurrent Mark Roots               459 us, parallelism: 0.82x
[50.503s][info][gc,stats    ]   CMR: <total>                      378 us
[50.503s][info][gc,stats    ]   CMR: Thread Roots                 334 us, workers (us): 334, ---, ---, 
[50.503s][info][gc,stats    ]   CMR: VM Strong Roots                5 us, workers (us):   5, ---, ---, 
[50.503s][info][gc,stats    ]   CMR: CLDG Roots                    40 us, workers (us):  40, ---, ---, 
[50.503s][info][gc,stats    ] Concurrent Marking               326345 us
[50.503s][info][gc,stats    ] Pause Final Mark (G)              42144 us
[50.503s][info][gc,stats    ] Pause Final Mark (N)                312 us
[50.503s][info][gc,stats    ]   Finish Mark                        43 us
[50.503s][info][gc,stats    ]   Update Region States               31 us
[50.503s][info][gc,stats    ]   Choose Collection Set              88 us
[50.503s][info][gc,stats    ]   Rebuild Free Set                    9 us
[50.503s][info][gc,stats    ] Concurrent Thread Roots             564 us, parallelism: 0.76x
[50.503s][info][gc,stats    ]   CTR: <total>                      431 us
[50.503s][info][gc,stats    ]   CTR: Thread Roots                 431 us, workers (us): 431, ---, ---, 
[50.503s][info][gc,stats    ] Concurrent Weak References           97 us, parallelism: 0.16x
[50.503s][info][gc,stats    ]   CWRF: <total>                      16 us
[50.503s][info][gc,stats    ]   CWRF: Weak References              16 us, workers (us):  16, ---, ---, 
[50.503s][info][gc,stats    ] Concurrent Weak Roots             15085 us
[50.503s][info][gc,stats    ]   Roots                            1117 us, parallelism: 0.95x
[50.503s][info][gc,stats    ]     CWR: <total>                   1058 us
[50.503s][info][gc,stats    ]     CWR: Code Cache Roots           964 us, workers (us): 964, ---, ---, 
[50.503s][info][gc,stats    ]     CWR: VM Weak Roots               86 us, workers (us):  86, ---, ---, 
[50.503s][info][gc,stats    ]     CWR: CLDG Roots                   7 us, workers (us):   7, ---, ---, 
[50.503s][info][gc,stats    ]   Rendezvous                      13896 us
[50.503s][info][gc,stats    ] Concurrent Cleanup                   45 us
[50.503s][info][gc,stats    ] Concurrent Class Unloading         8508 us
[50.503s][info][gc,stats    ]   Unlink Stale                     3838 us
[50.503s][info][gc,stats    ]     System Dictionary                11 us
[50.503s][info][gc,stats    ]     Weak Class Links                  0 us
[50.503s][info][gc,stats    ]     Code Roots                     3825 us
[50.503s][info][gc,stats    ]   Rendezvous                       4240 us
[50.503s][info][gc,stats    ]   Purge Unlinked                    343 us
[50.503s][info][gc,stats    ]     Code Roots                      335 us
[50.503s][info][gc,stats    ]     CLDG                              7 us
[50.503s][info][gc,stats    ]     Exception Caches                  1 us
[50.503s][info][gc,stats    ] Concurrent Strong Roots             113 us, parallelism: 0.52x
[50.503s][info][gc,stats    ]   CSR: <total>                       58 us
[50.503s][info][gc,stats    ]   CSR: VM Strong Roots                5 us, workers (us):   5, ---, ---, 
[50.503s][info][gc,stats    ]   CSR: CLDG Roots                    54 us, workers (us):  54, ---, ---, 
[50.503s][info][gc,stats    ] Concurrent Evacuation             78813 us
[50.503s][info][gc,stats    ] Pause Init Update Refs (G)          156 us
[50.503s][info][gc,stats    ] Pause Init Update Refs (N)           47 us
[50.503s][info][gc,stats    ]   Manage GCLABs                       4 us
[50.503s][info][gc,stats    ] Concurrent Update Refs           418052 us
[50.503s][info][gc,stats    ] Concurrent Update Thread Roots      847 us
[50.503s][info][gc,stats    ] Pause Final Update Refs (G)         304 us
[50.503s][info][gc,stats    ] Pause Final Update Refs (N)         214 us
[50.503s][info][gc,stats    ]   Update Region States               71 us
[50.503s][info][gc,stats    ]   Trash Collection Set                9 us
[50.503s][info][gc,stats    ]   Rebuild Free Set                   23 us
[50.503s][info][gc,stats    ] Concurrent Cleanup                   54 us
[50.503s][info][gc,stats    ] 
[50.504s][info][gc,stats    ] Allocation pacing accrued:
[50.504s][info][gc,stats    ]       0 of  1427 ms (  0.0%): <total>
[50.504s][info][gc,stats    ]       0 of  1427 ms (  0.0%): <average total>
[50.504s][info][gc,stats    ] 
[50.504s][info][gc,metaspace] Metaspace: 15899K(16192K)->15899K(16192K) NonClass: 13728K(13888K)->13728K(13888K) Class: 2170K(2304K)->2170K(2304K)
[50.504s][info][gc,ergo     ] Pacer for Idle. Initial: 41943K, Alloc Tax Rate: 1.0x
[50.513s][info][gc          ] Trigger: Explicit GC request (System.gc())
[50.513s][info][gc,ergo     ] Free: 1171M, Max: 1024K regular, 921M humongous, Frag: 22% external, 0% internal; Reserve: 103M, Max: 1024K
[50.513s][info][gc,start    ] GC(67) Concurrent reset
[50.513s][info][gc,task     ] GC(67) Using 1 of 3 workers for concurrent reset
[50.513s][info][gc,ergo     ] GC(67) Pacer for Reset. Non-Taxable: 2048M
[50.515s][info][gc          ] GC(67) Concurrent reset 2.641ms
[50.515s][info][gc,start    ] GC(67) Pause Init Mark (unload classes)
[50.516s][info][gc,task     ] GC(67) Using 3 of 3 workers for init marking
[50.516s][info][gc,ref      ] GC(67) Clearing All SoftReferences
[50.516s][info][gc,ergo     ] GC(67) Pacer for Mark. Expected Live: 117M, Free: 1171M, Non-Taxable: 117M, Alloc Tax Rate: 0.1x
[50.516s][info][gc          ] GC(67) Pause Init Mark (unload classes) 0.158ms
[50.516s][info][gc,start    ] GC(67) Concurrent marking roots
[50.516s][info][gc,task     ] GC(67) Using 1 of 3 workers for concurrent marking roots
[50.516s][info][gc          ] GC(67) Concurrent marking roots 0.717ms
[50.516s][info][gc,start    ] GC(67) Concurrent marking (unload classes)
[50.516s][info][gc,task     ] GC(67) Using 1 of 3 workers for concurrent marking
[50.520s][info][gc          ] GC(67) Concurrent marking (unload classes) 4.037ms
[50.521s][info][gc,start    ] GC(67) Pause Final Mark (unload classes)
[50.521s][info][gc,task     ] GC(67) Using 3 of 3 workers for final marking
[50.521s][info][gc,ergo     ] GC(67) Collectable Garbage: 727M (99%), Immediate: 727M (99%), CSet: 0B (0%)
[50.521s][info][gc          ] GC(67) Pause Final Mark (unload classes) 0.404ms
[50.521s][info][gc,start    ] GC(67) Concurrent weak references
[50.521s][info][gc,task     ] GC(67) Using 1 of 3 workers for concurrent weak references
[50.521s][info][gc,ref      ] GC(67) Encountered references: Soft: 178, Weak: 683, Final: 0, Phantom: 63
[50.521s][info][gc,ref      ] GC(67) Discovered  references: Soft: 127, Weak: 165, Final: 0, Phantom: 61
[50.521s][info][gc,ref      ] GC(67) Enqueued    references: Soft: 48, Weak: 0, Final: 0, Phantom: 0
[50.521s][info][gc          ] GC(67) Concurrent weak references 0.159ms
[50.521s][info][gc,start    ] GC(67) Concurrent weak roots
[50.521s][info][gc,task     ] GC(67) Using 1 of 3 workers for concurrent weak root
[50.522s][info][gc          ] GC(67) Concurrent weak roots 0.927ms
[50.522s][info][gc,start    ] GC(67) Concurrent cleanup
[50.522s][info][gc          ] GC(67) Concurrent cleanup 738M->11M(2048M) 0.051ms
[50.522s][info][gc,ergo     ] GC(67) Free: 1933M, Max: 1024K regular, 1006M humongous, Frag: 48% external, 0% internal; Reserve: 103M, Max: 1024K
[50.522s][info][gc,start    ] GC(67) Concurrent class unloading
[50.522s][info][gc,task     ] GC(67) Using 1 of 3 workers for concurrent class unloading
[50.526s][info][gc          ] GC(67) Concurrent class unloading 4.154ms
[50.526s][info][gc,start    ] GC(67) Pause Final Roots
[50.527s][info][gc          ] GC(67) Pause Final Roots 0.050ms
[50.527s][info][gc,ergo     ] Free: 1933M, Max: 1024K regular, 1006M humongous, Frag: 48% external, 0% internal; Reserve: 103M, Max: 1024K
[50.527s][info][gc,stats    ] 
[50.527s][info][gc,stats    ] All times are wall-clock times, except per-root-class counters, that are sum over
[50.527s][info][gc,stats    ] all workers. Dividing the <total> over the root stage time estimates parallelism.
[50.527s][info][gc,stats    ] 
[50.527s][info][gc,stats    ] Concurrent Reset                   2679 us
[50.527s][info][gc,stats    ] Pause Init Mark (G)                 283 us
[50.527s][info][gc,stats    ] Pause Init Mark (N)                 166 us
[50.527s][info][gc,stats    ]   Update Region States               65 us
[50.527s][info][gc,stats    ] Concurrent Mark Roots               740 us, parallelism: 0.81x
[50.527s][info][gc,stats    ]   CMR: <total>                      598 us
[50.527s][info][gc,stats    ]   CMR: Thread Roots                 555 us, workers (us): 555, ---, ---, 
[50.527s][info][gc,stats    ]   CMR: VM Strong Roots                4 us, workers (us):   4, ---, ---, 
[50.527s][info][gc,stats    ]   CMR: CLDG Roots                    38 us, workers (us):  38, ---, ---, 
[50.527s][info][gc,stats    ] Concurrent Marking                 4086 us
[50.527s][info][gc,stats    ] Pause Final Mark (G)                511 us
[50.527s][info][gc,stats    ] Pause Final Mark (N)                423 us
[50.527s][info][gc,stats    ]   Finish Mark                       119 us
[50.527s][info][gc,stats    ]   Update Region States              109 us
[50.527s][info][gc,stats    ]   Choose Collection Set              75 us
[50.527s][info][gc,stats    ]   Rebuild Free Set                   19 us
[50.527s][info][gc,stats    ] Concurrent Weak References          169 us, parallelism: 0.15x
[50.527s][info][gc,stats    ]   CWRF: <total>                      25 us
[50.527s][info][gc,stats    ]   CWRF: Weak References              25 us, workers (us):  25, ---, ---, 
[50.527s][info][gc,stats    ] Concurrent Weak Roots               945 us
[50.527s][info][gc,stats    ]   Roots                             809 us, parallelism: 0.95x
[50.527s][info][gc,stats    ]     CWR: <total>                    770 us
[50.527s][info][gc,stats    ]     CWR: Code Cache Roots           689 us, workers (us): 689, ---, ---, 
[50.527s][info][gc,stats    ]     CWR: VM Weak Roots               73 us, workers (us):  73, ---, ---, 
[50.527s][info][gc,stats    ]     CWR: CLDG Roots                   8 us, workers (us):   8, ---, ---, 
[50.527s][info][gc,stats    ]   Rendezvous                        101 us
[50.527s][info][gc,stats    ] Concurrent Cleanup                   59 us
[50.527s][info][gc,stats    ] Concurrent Class Unloading         4216 us
[50.527s][info][gc,stats    ]   Unlink Stale                     3802 us
[50.527s][info][gc,stats    ]     System Dictionary                 4 us
[50.527s][info][gc,stats    ]     Weak Class Links                  0 us
[50.527s][info][gc,stats    ]     Code Roots                     3797 us
[50.527s][info][gc,stats    ]   Rendezvous                        151 us
[50.527s][info][gc,stats    ]   Purge Unlinked                    181 us
[50.527s][info][gc,stats    ]     Code Roots                      172 us
[50.527s][info][gc,stats    ]     CLDG                              9 us
[50.527s][info][gc,stats    ]     Exception Caches                  0 us
[50.527s][info][gc,stats    ] Pause Final Roots (G)               175 us
[50.527s][info][gc,stats    ] Pause Final Roots (N)                68 us
[50.527s][info][gc,stats    ] 
[50.527s][info][gc,stats    ] Allocation pacing accrued:
[50.527s][info][gc,stats    ]       0 of    24 ms (  0.0%): <total>
[50.527s][info][gc,stats    ]       0 of    24 ms (  0.0%): <average total>
[50.527s][info][gc,stats    ] 
[50.527s][info][gc,metaspace] Metaspace: 15899K(16192K)->15899K(16192K) NonClass: 13728K(13888K)->13728K(13888K) Class: 2170K(2304K)->2170K(2304K)
[50.527s][info][gc,ergo     ] Pacer for Idle. Initial: 41943K, Alloc Tax Rate: 1.0x
[51.062s][info][gc          ] Trigger: Learning 2 of 5. Free (1413M) is below initial threshold (1433M)
[51.062s][info][gc,ergo     ] Free: 1413M, Max: 1024K regular, 1006M humongous, Frag: 29% external, 0% internal; Reserve: 103M, Max: 1024K
[51.062s][info][gc,start    ] GC(68) Concurrent reset
[51.062s][info][gc,task     ] GC(68) Using 1 of 3 workers for concurrent reset
[51.062s][info][gc,ergo     ] GC(68) Pacer for Reset. Non-Taxable: 2048M
[51.063s][info][gc          ] GC(68) Concurrent reset 0.333ms
[51.063s][info][gc,start    ] GC(68) Pause Init Mark (unload classes)
[51.063s][info][gc,task     ] GC(68) Using 3 of 3 workers for init marking
[51.063s][info][gc,ergo     ] GC(68) Pacer for Mark. Expected Live: 82054K, Free: 1413M, Non-Taxable: 141M, Alloc Tax Rate: 0.1x
[51.063s][info][gc          ] GC(68) Pause Init Mark (unload classes) 0.221ms
[51.063s][info][gc,start    ] GC(68) Concurrent marking roots
[51.063s][info][gc,task     ] GC(68) Using 1 of 3 workers for concurrent marking roots
[51.064s][info][gc          ] GC(68) Concurrent marking roots 0.475ms
[51.064s][info][gc,start    ] GC(68) Concurrent marking (unload classes)
[51.064s][info][gc,task     ] GC(68) Using 1 of 3 workers for concurrent marking
[51.396s][info][gc          ] GC(68) Concurrent marking (unload classes) 332.166ms
[51.396s][info][gc,start    ] GC(68) Pause Final Mark (unload classes)
[51.396s][info][gc,task     ] GC(68) Using 3 of 3 workers for final marking
[51.396s][info][gc,ergo     ] GC(68) Adaptive CSet Selection. Target Free: 290M, Actual Free: 1251M, Max CSet: 87381K, Min Garbage: 0B
[51.396s][info][gc,ergo     ] GC(68) Collectable Garbage: 195M (60%), Immediate: 28326K (8%), CSet: 167M (52%)
[51.396s][info][gc,ergo     ] GC(68) Pacer for Evacuation. Used CSet: 253M, Free: 1161M, Non-Taxable: 116M, Alloc Tax Rate: 1.1x
[51.396s][info][gc          ] GC(68) Pause Final Mark (unload classes) 0.256ms
[51.412s][info][gc,start    ] GC(68) Concurrent thread roots
[51.412s][info][gc,task     ] GC(68) Using 1 of 3 workers for Concurrent thread roots
[51.412s][info][gc          ] GC(68) Concurrent thread roots 0.512ms
[51.412s][info][gc,start    ] GC(68) Concurrent weak references
[51.412s][info][gc,task     ] GC(68) Using 1 of 3 workers for concurrent weak references
[51.412s][info][gc,ref      ] GC(68) Encountered references: Soft: 133, Weak: 684, Final: 0, Phantom: 63
[51.412s][info][gc,ref      ] GC(68) Discovered  references: Soft: 0, Weak: 152, Final: 0, Phantom: 26
[51.412s][info][gc,ref      ] GC(68) Enqueued    references: Soft: 0, Weak: 0, Final: 0, Phantom: 0
[51.412s][info][gc          ] GC(68) Concurrent weak references 0.068ms
[51.412s][info][gc,start    ] GC(68) Concurrent weak roots
[51.412s][info][gc,task     ] GC(68) Using 1 of 3 workers for concurrent weak root
[51.427s][info][gc          ] GC(68) Concurrent weak roots 15.073ms
[51.428s][info][gc,start    ] GC(68) Concurrent cleanup
[51.428s][info][gc          ] GC(68) Concurrent cleanup 807M->780M(2048M) 0.044ms
[51.428s][info][gc,ergo     ] GC(68) Free: 1149M, Max: 1024K regular, 1111M humongous, Frag: 4% external, 0% internal; Reserve: 91644K, Max: 1024K
[51.428s][info][gc,start    ] GC(68) Concurrent class unloading
[51.428s][info][gc,task     ] GC(68) Using 1 of 3 workers for concurrent class unloading
[51.443s][info][gc          ] GC(68) Concurrent class unloading 15.772ms
[51.443s][info][gc,start    ] GC(68) Concurrent strong roots
[51.443s][info][gc,task     ] GC(68) Using 1 of 3 workers for concurrent strong root
[51.443s][info][gc          ] GC(68) Concurrent strong roots 0.086ms
[51.444s][info][gc,start    ] GC(68) Concurrent evacuation
[51.444s][info][gc,task     ] GC(68) Using 1 of 3 workers for concurrent evacuation
[51.520s][info][gc          ] GC(68) Concurrent evacuation 76.492ms
[51.520s][info][gc,start    ] GC(68) Pause Init Update Refs
[51.520s][info][gc,ergo     ] GC(68) Pacer for Update Refs. Used: 940M, Free: 1058M, Non-Taxable: 105M, Alloc Tax Rate: 1.1x
[51.520s][info][gc          ] GC(68) Pause Init Update Refs 0.058ms
[51.520s][info][gc,start    ] GC(68) Concurrent update references
[51.520s][info][gc,task     ] GC(68) Using 1 of 3 workers for concurrent reference update
[51.941s][info][gc          ] GC(68) Concurrent update references 420.577ms
[51.941s][info][gc,start    ] GC(68) Concurrent update thread roots
[51.942s][info][gc          ] GC(68) Concurrent update thread roots 0.907ms
[51.942s][info][gc,start    ] GC(68) Pause Final Update Refs
[51.942s][info][gc,task     ] GC(68) Using 3 of 3 workers for final reference update
[51.942s][info][gc          ] GC(68) Pause Final Update Refs 0.275ms
[51.942s][info][gc,start    ] GC(68) Concurrent cleanup
[51.942s][info][gc          ] GC(68) Concurrent cleanup 993M->740M(2048M) 0.047ms
[51.942s][info][gc,ergo     ] Free: 1170M, Max: 1024K regular, 920M humongous, Frag: 22% external, 0% internal; Reserve: 103M, Max: 1024K
[51.942s][info][gc,stats    ] 
[51.942s][info][gc,stats    ] All times are wall-clock times, except per-root-class counters, that are sum over
[51.942s][info][gc,stats    ] all workers. Dividing the <total> over the root stage time estimates parallelism.
[51.942s][info][gc,stats    ] 
[51.942s][info][gc,stats    ] Concurrent Reset                    371 us
[51.942s][info][gc,stats    ] Pause Init Mark (G)                 413 us
[51.942s][info][gc,stats    ] Pause Init Mark (N)                 252 us
[51.942s][info][gc,stats    ]   Update Region States               83 us
[51.942s][info][gc,stats    ] Concurrent Mark Roots               512 us, parallelism: 0.69x
[51.942s][info][gc,stats    ]   CMR: <total>                      355 us
[51.942s][info][gc,stats    ]   CMR: Thread Roots                 318 us, workers (us): 318, ---, ---, 
[51.942s][info][gc,stats    ]   CMR: VM Strong Roots                3 us, workers (us):   3, ---, ---, 
[51.942s][info][gc,stats    ]   CMR: CLDG Roots                    33 us, workers (us):  33, ---, ---, 
[51.942s][info][gc,stats    ] Concurrent Marking               332228 us
[51.942s][info][gc,stats    ] Pause Final Mark (G)              15966 us
[51.942s][info][gc,stats    ] Pause Final Mark (N)                265 us
[51.942s][info][gc,stats    ]   Finish Mark                        40 us
[51.942s][info][gc,stats    ]   Update Region States               47 us
[51.942s][info][gc,stats    ]   Choose Collection Set             124 us
[51.942s][info][gc,stats    ]   Rebuild Free Set                    9 us
[51.942s][info][gc,stats    ] Concurrent Thread Roots             535 us, parallelism: 0.77x
[51.942s][info][gc,stats    ]   CTR: <total>                      410 us
[51.942s][info][gc,stats    ]   CTR: Thread Roots                 410 us, workers (us): 410, ---, ---, 
[51.942s][info][gc,stats    ] Concurrent Weak References           75 us, parallelism: 0.18x
[51.943s][info][gc,stats    ]   CWRF: <total>                      14 us
[51.943s][info][gc,stats    ]   CWRF: Weak References              14 us, workers (us):  14, ---, ---, 
[51.943s][info][gc,stats    ] Concurrent Weak Roots             15145 us
[51.943s][info][gc,stats    ]   Roots                            1060 us, parallelism: 0.96x
[51.943s][info][gc,stats    ]     CWR: <total>                   1015 us
[51.943s][info][gc,stats    ]     CWR: Code Cache Roots           917 us, workers (us): 917, ---, ---, 
[51.943s][info][gc,stats    ]     CWR: VM Weak Roots               91 us, workers (us):  91, ---, ---, 
[51.943s][info][gc,stats    ]     CWR: CLDG Roots                   7 us, workers (us):   7, ---, ---, 
[51.943s][info][gc,stats    ]   Rendezvous                      13995 us
[51.943s][info][gc,stats    ] Concurrent Cleanup                   53 us
[51.943s][info][gc,stats    ] Concurrent Class Unloading        15831 us
[51.943s][info][gc,stats    ]   Unlink Stale                     4012 us
[51.943s][info][gc,stats    ]     System Dictionary                10 us
[51.943s][info][gc,stats    ]     Weak Class Links                  0 us
[51.943s][info][gc,stats    ]     Code Roots                     4001 us
[51.943s][info][gc,stats    ]   Rendezvous                      11453 us
[51.943s][info][gc,stats    ]   Purge Unlinked                    281 us
[51.943s][info][gc,stats    ]     Code Roots                      276 us
[51.943s][info][gc,stats    ]     CLDG                              5 us
[51.943s][info][gc,stats    ]     Exception Caches                  0 us
[51.943s][info][gc,stats    ] Concurrent Strong Roots              94 us, parallelism: 0.44x
[51.943s][info][gc,stats    ]   CSR: <total>                       42 us
[51.943s][info][gc,stats    ]   CSR: VM Strong Roots                5 us, workers (us):   5, ---, ---, 
[51.943s][info][gc,stats    ]   CSR: CLDG Roots                    37 us, workers (us):  37, ---, ---, 
[51.943s][info][gc,stats    ] Concurrent Evacuation             76567 us
[51.943s][info][gc,stats    ] Pause Init Update Refs (G)          201 us
[51.943s][info][gc,stats    ] Pause Init Update Refs (N)           67 us
[51.943s][info][gc,stats    ]   Manage GCLABs                       3 us
[51.943s][info][gc,stats    ] Concurrent Update Refs           420647 us
[51.943s][info][gc,stats    ] Concurrent Update Thread Roots      925 us
[51.943s][info][gc,stats    ] Pause Final Update Refs (G)         396 us
[51.943s][info][gc,stats    ] Pause Final Update Refs (N)         324 us
[51.943s][info][gc,stats    ]   Update Region States              128 us
[51.943s][info][gc,stats    ]   Trash Collection Set               15 us
[51.943s][info][gc,stats    ]   Rebuild Free Set                   32 us
[51.943s][info][gc,stats    ] Concurrent Cleanup                   56 us
[51.943s][info][gc,stats    ] 
[51.943s][info][gc,stats    ] Allocation pacing accrued:
[51.943s][info][gc,stats    ]       0 of  1416 ms (  0.0%): <total>
[51.943s][info][gc,stats    ]       0 of  1416 ms (  0.0%): <average total>
[51.943s][info][gc,stats    ] 
[51.943s][info][gc,metaspace] Metaspace: 15899K(16192K)->15918K(16192K) NonClass: 13728K(13888K)->13747K(13888K) Class: 2170K(2304K)->2170K(2304K)
[51.943s][info][gc,ergo     ] Pacer for Idle. Initial: 41943K, Alloc Tax Rate: 1.0x
[51.957s][info][gc          ] Trigger: Explicit GC request (System.gc())
[51.957s][info][gc,ergo     ] Free: 1170M, Max: 1024K regular, 920M humongous, Frag: 22% external, 0% internal; Reserve: 103M, Max: 1024K
[51.957s][info][gc,start    ] GC(69) Concurrent reset
[51.957s][info][gc,task     ] GC(69) Using 1 of 3 workers for concurrent reset
[51.957s][info][gc,ergo     ] GC(69) Pacer for Reset. Non-Taxable: 2048M
[51.961s][info][gc          ] GC(69) Concurrent reset 3.506ms
[51.961s][info][gc,start    ] GC(69) Pause Init Mark (unload classes)
[51.961s][info][gc,task     ] GC(69) Using 3 of 3 workers for init marking
[51.961s][info][gc,ref      ] GC(69) Clearing All SoftReferences
[51.961s][info][gc,ergo     ] GC(69) Pacer for Mark. Expected Live: 118M, Free: 1170M, Non-Taxable: 117M, Alloc Tax Rate: 0.1x
[51.961s][info][gc          ] GC(69) Pause Init Mark (unload classes) 0.296ms
[51.961s][info][gc,start    ] GC(69) Concurrent marking roots
[51.962s][info][gc,task     ] GC(69) Using 1 of 3 workers for concurrent marking roots
[51.962s][info][gc          ] GC(69) Concurrent marking roots 0.861ms
[51.962s][info][gc,start    ] GC(69) Concurrent marking (unload classes)
[51.962s][info][gc,task     ] GC(69) Using 1 of 3 workers for concurrent marking
[51.967s][info][gc          ] GC(69) Concurrent marking (unload classes) 4.249ms
[51.967s][info][gc,start    ] GC(69) Pause Final Mark (unload classes)
[51.967s][info][gc,task     ] GC(69) Using 3 of 3 workers for final marking
[51.967s][info][gc,ergo     ] GC(69) Collectable Garbage: 726M (98%), Immediate: 726M (98%), CSet: 0B (0%)
[51.967s][info][gc          ] GC(69) Pause Final Mark (unload classes) 0.490ms
[51.967s][info][gc,start    ] GC(69) Concurrent weak references
[51.967s][info][gc,task     ] GC(69) Using 1 of 3 workers for concurrent weak references
[51.967s][info][gc,ref      ] GC(69) Encountered references: Soft: 178, Weak: 683, Final: 0, Phantom: 63
[51.967s][info][gc,ref      ] GC(69) Discovered  references: Soft: 127, Weak: 165, Final: 0, Phantom: 61
[51.968s][info][gc,ref      ] GC(69) Enqueued    references: Soft: 48, Weak: 0, Final: 0, Phantom: 0
[51.968s][info][gc          ] GC(69) Concurrent weak references 0.224ms
[51.968s][info][gc,start    ] GC(69) Concurrent weak roots
[51.968s][info][gc,task     ] GC(69) Using 1 of 3 workers for concurrent weak root
[51.969s][info][gc          ] GC(69) Concurrent weak roots 0.941ms
[51.969s][info][gc,start    ] GC(69) Concurrent cleanup
[51.969s][info][gc          ] GC(69) Concurrent cleanup 740M->14M(2048M) 0.058ms
[51.969s][info][gc,ergo     ] GC(69) Free: 1931M, Max: 1024K regular, 1003M humongous, Frag: 49% external, 0% internal; Reserve: 103M, Max: 1024K
[51.969s][info][gc,start    ] GC(69) Concurrent class unloading
[51.969s][info][gc,task     ] GC(69) Using 1 of 3 workers for concurrent class unloading
[51.973s][info][gc          ] GC(69) Concurrent class unloading 4.333ms
[51.973s][info][gc,start    ] GC(69) Pause Final Roots
[51.973s][info][gc          ] GC(69) Pause Final Roots 0.041ms
[51.973s][info][gc,ergo     ] Free: 1931M, Max: 1024K regular, 1003M humongous, Frag: 49% external, 0% internal; Reserve: 103M, Max: 1024K
[51.973s][info][gc,stats    ] 
[51.973s][info][gc,stats    ] All times are wall-clock times, except per-root-class counters, that are sum over
[51.973s][info][gc,stats    ] all workers. Dividing the <total> over the root stage time estimates parallelism.
[51.973s][info][gc,stats    ] 
[51.973s][info][gc,stats    ] Concurrent Reset                   3612 us
[51.973s][info][gc,stats    ] Pause Init Mark (G)                 454 us
[51.973s][info][gc,stats    ] Pause Init Mark (N)                 317 us
[51.973s][info][gc,stats    ]   Update Region States              135 us
[51.973s][info][gc,stats    ] Concurrent Mark Roots               896 us, parallelism: 0.77x
[51.973s][info][gc,stats    ]   CMR: <total>                      692 us
[51.973s][info][gc,stats    ]   CMR: Thread Roots                 609 us, workers (us): 609, ---, ---, 
[51.973s][info][gc,stats    ]   CMR: VM Strong Roots                9 us, workers (us):   9, ---, ---, 
[51.973s][info][gc,stats    ]   CMR: CLDG Roots                    74 us, workers (us):  74, ---, ---, 
[51.973s][info][gc,stats    ] Concurrent Marking                 4306 us
[51.973s][info][gc,stats    ] Pause Final Mark (G)                639 us
[51.973s][info][gc,stats    ] Pause Final Mark (N)                515 us
[51.973s][info][gc,stats    ]   Finish Mark                       160 us
[51.973s][info][gc,stats    ]   Update Region States              124 us
[51.973s][info][gc,stats    ]   Choose Collection Set             102 us
[51.973s][info][gc,stats    ]   Rebuild Free Set                   24 us
[51.974s][info][gc,stats    ] Concurrent Weak References          241 us, parallelism: 0.06x
[51.974s][info][gc,stats    ]   CWRF: <total>                      16 us
[51.974s][info][gc,stats    ]   CWRF: Weak References              16 us, workers (us):  16, ---, ---, 
[51.974s][info][gc,stats    ] Concurrent Weak Roots               977 us
[51.974s][info][gc,stats    ]   Roots                             826 us, parallelism: 0.92x
[51.974s][info][gc,stats    ]     CWR: <total>                    758 us
[51.974s][info][gc,stats    ]     CWR: Code Cache Roots           676 us, workers (us): 676, ---, ---, 
[51.974s][info][gc,stats    ]     CWR: VM Weak Roots               77 us, workers (us):  77, ---, ---, 
[51.974s][info][gc,stats    ]     CWR: CLDG Roots                   5 us, workers (us):   5, ---, ---, 
[51.974s][info][gc,stats    ]   Rendezvous                         82 us
[51.974s][info][gc,stats    ] Concurrent Cleanup                   66 us
[51.974s][info][gc,stats    ] Concurrent Class Unloading         4373 us
[51.974s][info][gc,stats    ]   Unlink Stale                     3767 us
[51.974s][info][gc,stats    ]     System Dictionary                 5 us
[51.974s][info][gc,stats    ]     Weak Class Links                  0 us
[51.974s][info][gc,stats    ]     Code Roots                     3760 us
[51.974s][info][gc,stats    ]   Rendezvous                        221 us
[51.974s][info][gc,stats    ]   Purge Unlinked                    258 us
[51.974s][info][gc,stats    ]     Code Roots                      248 us
[51.974s][info][gc,stats    ]     CLDG                              9 us
[51.974s][info][gc,stats    ]     Exception Caches                  0 us
[51.974s][info][gc,stats    ] Pause Final Roots (G)               131 us
[51.974s][info][gc,stats    ] Pause Final Roots (N)                50 us
[51.974s][info][gc,stats    ] 
[51.974s][info][gc,stats    ] Allocation pacing accrued:
[51.974s][info][gc,stats    ]       0 of    31 ms (  0.0%): <total>
[51.974s][info][gc,stats    ]       0 of    31 ms (  0.0%): <average total>
[51.974s][info][gc,stats    ] 
[51.974s][info][gc,metaspace] Metaspace: 15918K(16192K)->15918K(16192K) NonClass: 13747K(13888K)->13747K(13888K) Class: 2170K(2304K)->2170K(2304K)
[51.974s][info][gc,ergo     ] Pacer for Idle. Initial: 41943K, Alloc Tax Rate: 1.0x
[52.507s][info][gc          ] Trigger: Learning 2 of 5. Free (1418M) is below initial threshold (1433M)
[52.507s][info][gc,ergo     ] Free: 1418M, Max: 1024K regular, 1003M humongous, Frag: 30% external, 0% internal; Reserve: 103M, Max: 1024K
[52.507s][info][gc,start    ] GC(70) Concurrent reset
[52.507s][info][gc,task     ] GC(70) Using 1 of 3 workers for concurrent reset
[52.507s][info][gc,ergo     ] GC(70) Pacer for Reset. Non-Taxable: 2048M
[52.507s][info][gc          ] GC(70) Concurrent reset 0.328ms
[52.507s][info][gc,start    ] GC(70) Pause Init Mark (unload classes)
[52.507s][info][gc,task     ] GC(70) Using 3 of 3 workers for init marking
[52.507s][info][gc,ergo     ] GC(70) Pacer for Mark. Expected Live: 82046K, Free: 1418M, Non-Taxable: 141M, Alloc Tax Rate: 0.1x
[52.507s][info][gc          ] GC(70) Pause Init Mark (unload classes) 0.223ms
[52.507s][info][gc,start    ] GC(70) Concurrent marking roots
[52.507s][info][gc,task     ] GC(70) Using 1 of 3 workers for concurrent marking roots
[52.508s][info][gc          ] GC(70) Concurrent marking roots 0.579ms
[52.508s][info][gc,start    ] GC(70) Concurrent marking (unload classes)
[52.508s][info][gc,task     ] GC(70) Using 1 of 3 workers for concurrent marking
[52.836s][info][gc          ] GC(70) Concurrent marking (unload classes) 328.485ms
[52.837s][info][gc,start    ] GC(70) Pause Final Mark (unload classes)
[52.837s][info][gc,task     ] GC(70) Using 3 of 3 workers for final marking
[52.837s][info][gc,ergo     ] GC(70) Adaptive CSet Selection. Target Free: 290M, Actual Free: 1279M, Max CSet: 87381K, Min Garbage: 0B
[52.837s][info][gc,ergo     ] GC(70) Collectable Garbage: 197M (62%), Immediate: 29760K (9%), CSet: 168M (52%)
[52.837s][info][gc,ergo     ] GC(70) Pacer for Evacuation. Used CSet: 254M, Free: 1188M, Non-Taxable: 118M, Alloc Tax Rate: 1.1x
[52.837s][info][gc          ] GC(70) Pause Final Mark (unload classes) 0.239ms
[52.837s][info][gc,start    ] GC(70) Concurrent thread roots
[52.837s][info][gc,task     ] GC(70) Using 1 of 3 workers for Concurrent thread roots
[52.837s][info][gc          ] GC(70) Concurrent thread roots 0.571ms
[52.837s][info][gc,start    ] GC(70) Concurrent weak references
[52.837s][info][gc,task     ] GC(70) Using 1 of 3 workers for concurrent weak references
[52.837s][info][gc,ref      ] GC(70) Encountered references: Soft: 133, Weak: 684, Final: 0, Phantom: 63
[52.837s][info][gc,ref      ] GC(70) Discovered  references: Soft: 0, Weak: 153, Final: 0, Phantom: 26
[52.837s][info][gc,ref      ] GC(70) Enqueued    references: Soft: 0, Weak: 0, Final: 0, Phantom: 0
[52.838s][info][gc          ] GC(70) Concurrent weak references 0.059ms
[52.838s][info][gc,start    ] GC(70) Concurrent weak roots
[52.838s][info][gc,task     ] GC(70) Using 1 of 3 workers for concurrent weak root
[52.852s][info][gc          ] GC(70) Concurrent weak roots 14.607ms
[52.852s][info][gc,start    ] GC(70) Concurrent cleanup
[52.852s][info][gc          ] GC(70) Concurrent cleanup 778M->749M(2048M) 0.041ms
[52.852s][info][gc,ergo     ] GC(70) Free: 1181M, Max: 1024K regular, 1142M humongous, Frag: 4% external, 0% internal; Reserve: 93184K, Max: 1024K
[52.852s][info][gc,start    ] GC(70) Concurrent class unloading
[52.852s][info][gc,task     ] GC(70) Using 1 of 3 workers for concurrent class unloading
[52.868s][info][gc          ] GC(70) Concurrent class unloading 15.743ms
[52.868s][info][gc,start    ] GC(70) Concurrent strong roots
[52.868s][info][gc,task     ] GC(70) Using 1 of 3 workers for concurrent strong root
[52.868s][info][gc          ] GC(70) Concurrent strong roots 0.076ms
[52.868s][info][gc,start    ] GC(70) Concurrent evacuation
[52.868s][info][gc,task     ] GC(70) Using 1 of 3 workers for concurrent evacuation
[52.946s][info][gc          ] GC(70) Concurrent evacuation 77.458ms
[52.946s][info][gc,start    ] GC(70) Pause Init Update Refs
[52.946s][info][gc,ergo     ] GC(70) Pacer for Update Refs. Used: 918M, Free: 1079M, Non-Taxable: 107M, Alloc Tax Rate: 1.1x
[52.946s][info][gc          ] GC(70) Pause Init Update Refs 0.066ms
[52.946s][info][gc,start    ] GC(70) Concurrent update references
[52.946s][info][gc,task     ] GC(70) Using 1 of 3 workers for concurrent reference update
[53.357s][info][gc          ] GC(70) Concurrent update references 410.679ms
[53.357s][info][gc,start    ] GC(70) Concurrent update thread roots
[53.358s][info][gc          ] GC(70) Concurrent update thread roots 0.913ms
[53.358s][info][gc,start    ] GC(70) Pause Final Update Refs
[53.358s][info][gc,task     ] GC(70) Using 3 of 3 workers for final reference update
[53.358s][info][gc          ] GC(70) Pause Final Update Refs 0.276ms
[53.358s][info][gc,start    ] GC(70) Concurrent cleanup
[53.358s][info][gc          ] GC(70) Concurrent cleanup 993M->739M(2048M) 0.047ms
[53.359s][info][gc,ergo     ] Free: 1170M, Max: 1024K regular, 921M humongous, Frag: 22% external, 0% internal; Reserve: 103M, Max: 1024K
[53.359s][info][gc,stats    ] 
[53.359s][info][gc,stats    ] All times are wall-clock times, except per-root-class counters, that are sum over
[53.359s][info][gc,stats    ] all workers. Dividing the <total> over the root stage time estimates parallelism.
[53.359s][info][gc,stats    ] 
[53.359s][info][gc,stats    ] Concurrent Reset                    352 us
[53.359s][info][gc,stats    ] Pause Init Mark (G)                 354 us
[53.359s][info][gc,stats    ] Pause Init Mark (N)                 242 us
[53.359s][info][gc,stats    ]   Update Region States              100 us
[53.359s][info][gc,stats    ] Concurrent Mark Roots               596 us, parallelism: 0.80x
[53.359s][info][gc,stats    ]   CMR: <total>                      478 us
[53.359s][info][gc,stats    ]   CMR: Thread Roots                 405 us, workers (us): 405, ---, ---, 
[53.359s][info][gc,stats    ]   CMR: VM Strong Roots                6 us, workers (us):   6, ---, ---, 
[53.359s][info][gc,stats    ]   CMR: CLDG Roots                    67 us, workers (us):  67, ---, ---, 
[53.359s][info][gc,stats    ] Concurrent Marking               328550 us
[53.359s][info][gc,stats    ] Pause Final Mark (G)                332 us
[53.359s][info][gc,stats    ] Pause Final Mark (N)                248 us
[53.359s][info][gc,stats    ]   Finish Mark                        45 us
[53.359s][info][gc,stats    ]   Update Region States               29 us
[53.359s][info][gc,stats    ]   Choose Collection Set              94 us
[53.359s][info][gc,stats    ]   Rebuild Free Set                    9 us
[53.359s][info][gc,stats    ] Concurrent Thread Roots             585 us, parallelism: 0.89x
[53.359s][info][gc,stats    ]   CTR: <total>                      522 us
[53.359s][info][gc,stats    ]   CTR: Thread Roots                 522 us, workers (us): 522, ---, ---, 
[53.359s][info][gc,stats    ] Concurrent Weak References           66 us, parallelism: 0.19x
[53.359s][info][gc,stats    ]   CWRF: <total>                      13 us
[53.359s][info][gc,stats    ]   CWRF: Weak References              13 us, workers (us):  13, ---, ---, 
[53.359s][info][gc,stats    ] Concurrent Weak Roots             14665 us
[53.359s][info][gc,stats    ]   Roots                             895 us, parallelism: 0.97x
[53.359s][info][gc,stats    ]     CWR: <total>                    866 us
[53.359s][info][gc,stats    ]     CWR: Code Cache Roots           775 us, workers (us): 775, ---, ---, 
[53.359s][info][gc,stats    ]     CWR: VM Weak Roots               84 us, workers (us):  84, ---, ---, 
[53.359s][info][gc,stats    ]     CWR: CLDG Roots                   6 us, workers (us):   6, ---, ---, 
[53.359s][info][gc,stats    ]   Rendezvous                      13694 us
[53.359s][info][gc,stats    ] Concurrent Cleanup                   50 us
[53.359s][info][gc,stats    ] Concurrent Class Unloading        15802 us
[53.359s][info][gc,stats    ]   Unlink Stale                     4144 us
[53.359s][info][gc,stats    ]     System Dictionary                10 us
[53.359s][info][gc,stats    ]     Weak Class Links                  1 us
[53.359s][info][gc,stats    ]     Code Roots                     4131 us
[53.359s][info][gc,stats    ]   Rendezvous                      11328 us
[53.359s][info][gc,stats    ]   Purge Unlinked                    251 us
[53.359s][info][gc,stats    ]     Code Roots                      245 us
[53.359s][info][gc,stats    ]     CLDG                              6 us
[53.359s][info][gc,stats    ]     Exception Caches                  0 us
[53.359s][info][gc,stats    ] Concurrent Strong Roots              83 us, parallelism: 0.46x
[53.359s][info][gc,stats    ]   CSR: <total>                       38 us
[53.359s][info][gc,stats    ]   CSR: VM Strong Roots                5 us, workers (us):   5, ---, ---, 
[53.359s][info][gc,stats    ]   CSR: CLDG Roots                    33 us, workers (us):  33, ---, ---, 
[53.359s][info][gc,stats    ] Concurrent Evacuation             77526 us
[53.359s][info][gc,stats    ] Pause Init Update Refs (G)          628 us
[53.359s][info][gc,stats    ] Pause Init Update Refs (N)           74 us
[53.359s][info][gc,stats    ]   Manage GCLABs                       3 us
[53.359s][info][gc,stats    ] Concurrent Update Refs           410753 us
[53.359s][info][gc,stats    ] Concurrent Update Thread Roots      950 us
[53.359s][info][gc,stats    ] Pause Final Update Refs (G)         433 us
[53.359s][info][gc,stats    ] Pause Final Update Refs (N)         326 us
[53.359s][info][gc,stats    ]   Update Region States              129 us
[53.359s][info][gc,stats    ]   Trash Collection Set               15 us
[53.359s][info][gc,stats    ]   Rebuild Free Set                   32 us
[53.359s][info][gc,stats    ] Concurrent Cleanup                   56 us
[53.359s][info][gc,stats    ] 
[53.359s][info][gc,stats    ] Allocation pacing accrued:
[53.359s][info][gc,stats    ]       0 of  1385 ms (  0.0%): <total>
[53.359s][info][gc,stats    ]       0 of  1385 ms (  0.0%): <average total>
[53.359s][info][gc,stats    ] 
[53.359s][info][gc,metaspace] Metaspace: 15918K(16192K)->15918K(16192K) NonClass: 13747K(13888K)->13748K(13888K) Class: 2170K(2304K)->2170K(2304K)
[53.359s][info][gc,ergo     ] Pacer for Idle. Initial: 41943K, Alloc Tax Rate: 1.0x
[53.361s][info][gc          ] Trigger: Explicit GC request (System.gc())
[53.361s][info][gc,ergo     ] Free: 1170M, Max: 1024K regular, 921M humongous, Frag: 22% external, 0% internal; Reserve: 103M, Max: 1024K
[53.362s][info][gc,start    ] GC(71) Concurrent reset
[53.362s][info][gc,task     ] GC(71) Using 1 of 3 workers for concurrent reset
[53.362s][info][gc,ergo     ] GC(71) Pacer for Reset. Non-Taxable: 2048M
[53.364s][info][gc          ] GC(71) Concurrent reset 2.465ms
[53.364s][info][gc,start    ] GC(71) Pause Init Mark (unload classes)
[53.364s][info][gc,task     ] GC(71) Using 3 of 3 workers for init marking
[53.364s][info][gc,ref      ] GC(71) Clearing All SoftReferences
[53.364s][info][gc,ergo     ] GC(71) Pacer for Mark. Expected Live: 117M, Free: 1170M, Non-Taxable: 117M, Alloc Tax Rate: 0.1x
[53.364s][info][gc          ] GC(71) Pause Init Mark (unload classes) 0.185ms
[53.364s][info][gc,start    ] GC(71) Concurrent marking roots
[53.364s][info][gc,task     ] GC(71) Using 1 of 3 workers for concurrent marking roots
[53.365s][info][gc          ] GC(71) Concurrent marking roots 0.944ms
[53.365s][info][gc,start    ] GC(71) Concurrent marking (unload classes)
[53.365s][info][gc,task     ] GC(71) Using 1 of 3 workers for concurrent marking
[53.370s][info][gc          ] GC(71) Concurrent marking (unload classes) 4.436ms
[53.370s][info][gc,start    ] GC(71) Pause Final Mark (unload classes)
[53.370s][info][gc,task     ] GC(71) Using 3 of 3 workers for final marking
[53.370s][info][gc,ergo     ] GC(71) Collectable Garbage: 728M (99%), Immediate: 728M (99%), CSet: 0B (0%)
[53.370s][info][gc          ] GC(71) Pause Final Mark (unload classes) 0.495ms
[53.370s][info][gc,start    ] GC(71) Concurrent weak references
[53.370s][info][gc,task     ] GC(71) Using 1 of 3 workers for concurrent weak references
[53.371s][info][gc,ref      ] GC(71) Encountered references: Soft: 178, Weak: 683, Final: 0, Phantom: 63
[53.371s][info][gc,ref      ] GC(71) Discovered  references: Soft: 127, Weak: 165, Final: 0, Phantom: 61
[53.371s][info][gc,ref      ] GC(71) Enqueued    references: Soft: 48, Weak: 0, Final: 0, Phantom: 0
[53.371s][info][gc          ] GC(71) Concurrent weak references 0.092ms
[53.371s][info][gc,start    ] GC(71) Concurrent weak roots
[53.371s][info][gc,task     ] GC(71) Using 1 of 3 workers for concurrent weak root
[53.371s][info][gc          ] GC(71) Concurrent weak roots 0.886ms
[53.371s][info][gc,start    ] GC(71) Concurrent cleanup
[53.372s][info][gc          ] GC(71) Concurrent cleanup 739M->11M(2048M) 0.060ms
[53.372s][info][gc,ergo     ] GC(71) Free: 1933M, Max: 1024K regular, 1006M humongous, Frag: 48% external, 0% internal; Reserve: 103M, Max: 1024K
[53.372s][info][gc,start    ] GC(71) Concurrent class unloading
[53.372s][info][gc,task     ] GC(71) Using 1 of 3 workers for concurrent class unloading
[53.376s][info][gc          ] GC(71) Concurrent class unloading 4.343ms
[53.376s][info][gc,start    ] GC(71) Pause Final Roots
[53.376s][info][gc          ] GC(71) Pause Final Roots 0.067ms
[53.376s][info][gc,ergo     ] Free: 1933M, Max: 1024K regular, 1006M humongous, Frag: 48% external, 0% internal; Reserve: 103M, Max: 1024K
[53.376s][info][gc,stats    ] 
[53.376s][info][gc,stats    ] All times are wall-clock times, except per-root-class counters, that are sum over
[53.376s][info][gc,stats    ] all workers. Dividing the <total> over the root stage time estimates parallelism.
[53.376s][info][gc,stats    ] 
[53.376s][info][gc,stats    ] Concurrent Reset                   2502 us
[53.376s][info][gc,stats    ] Pause Init Mark (G)                 294 us
[53.376s][info][gc,stats    ] Pause Init Mark (N)                 194 us
[53.376s][info][gc,stats    ]   Update Region States               85 us
[53.376s][info][gc,stats    ] Concurrent Mark Roots               992 us, parallelism: 0.81x
[53.376s][info][gc,stats    ]   CMR: <total>                      804 us
[53.376s][info][gc,stats    ]   CMR: Thread Roots                 717 us, workers (us): 717, ---, ---, 
[53.376s][info][gc,stats    ]   CMR: VM Strong Roots                4 us, workers (us):   4, ---, ---, 
[53.376s][info][gc,stats    ]   CMR: CLDG Roots                    83 us, workers (us):  83, ---, ---, 
[53.376s][info][gc,stats    ] Concurrent Marking                 4498 us
[53.376s][info][gc,stats    ] Pause Final Mark (G)                623 us
[53.376s][info][gc,stats    ] Pause Final Mark (N)                520 us
[53.376s][info][gc,stats    ]   Finish Mark                       164 us
[53.376s][info][gc,stats    ]   Update Region States              124 us
[53.376s][info][gc,stats    ]   Choose Collection Set             102 us
[53.376s][info][gc,stats    ]   Rebuild Free Set                   25 us
[53.376s][info][gc,stats    ] Concurrent Weak References           99 us, parallelism: 0.12x
[53.376s][info][gc,stats    ]   CWRF: <total>                      12 us
[53.376s][info][gc,stats    ]   CWRF: Weak References              12 us, workers (us):  12, ---, ---, 
[53.376s][info][gc,stats    ] Concurrent Weak Roots               918 us
[53.377s][info][gc,stats    ]   Roots                             827 us, parallelism: 0.94x
[53.377s][info][gc,stats    ]     CWR: <total>                    774 us
[53.377s][info][gc,stats    ]     CWR: Code Cache Roots           697 us, workers (us): 697, ---, ---, 
[53.377s][info][gc,stats    ]     CWR: VM Weak Roots               72 us, workers (us):  72, ---, ---, 
[53.377s][info][gc,stats    ]     CWR: CLDG Roots                   5 us, workers (us):   5, ---, ---, 
[53.377s][info][gc,stats    ]   Rendezvous                         42 us
[53.377s][info][gc,stats    ] Concurrent Cleanup                   68 us
[53.377s][info][gc,stats    ] Concurrent Class Unloading         4392 us
[53.377s][info][gc,stats    ]   Unlink Stale                     3803 us
[53.377s][info][gc,stats    ]     System Dictionary                 5 us
[53.377s][info][gc,stats    ]     Weak Class Links                  0 us
[53.377s][info][gc,stats    ]     Code Roots                     3796 us
[53.377s][info][gc,stats    ]   Rendezvous                        242 us
[53.377s][info][gc,stats    ]   Purge Unlinked                    279 us
[53.377s][info][gc,stats    ]     Code Roots                      267 us
[53.377s][info][gc,stats    ]     CLDG                             11 us
[53.377s][info][gc,stats    ]     Exception Caches                  0 us
[53.377s][info][gc,stats    ] Pause Final Roots (G)               203 us
[53.377s][info][gc,stats    ] Pause Final Roots (N)                86 us
[53.377s][info][gc,stats    ] 
[53.377s][info][gc,stats    ] Allocation pacing accrued:
[53.377s][info][gc,stats    ]       0 of    18 ms (  0.0%): <total>
[53.377s][info][gc,stats    ]       0 of    18 ms (  0.0%): <average total>
[53.377s][info][gc,stats    ] 
[53.377s][info][gc,metaspace] Metaspace: 15918K(16192K)->15918K(16192K) NonClass: 13748K(13888K)->13748K(13888K) Class: 2170K(2304K)->2170K(2304K)
[53.377s][info][gc,ergo     ] Pacer for Idle. Initial: 41943K, Alloc Tax Rate: 1.0x
[53.911s][info][gc          ] Trigger: Learning 2 of 5. Free (1416M) is below initial threshold (1433M)
[53.911s][info][gc,ergo     ] Free: 1416M, Max: 1024K regular, 1006M humongous, Frag: 29% external, 0% internal; Reserve: 103M, Max: 1024K
[53.911s][info][gc,start    ] GC(72) Concurrent reset
[53.911s][info][gc,task     ] GC(72) Using 1 of 3 workers for concurrent reset
[53.911s][info][gc,ergo     ] GC(72) Pacer for Reset. Non-Taxable: 2048M
[53.911s][info][gc          ] GC(72) Concurrent reset 0.274ms
[53.911s][info][gc,start    ] GC(72) Pause Init Mark (unload classes)
[53.911s][info][gc,task     ] GC(72) Using 3 of 3 workers for init marking
[53.912s][info][gc,ergo     ] GC(72) Pacer for Mark. Expected Live: 81817K, Free: 1416M, Non-Taxable: 141M, Alloc Tax Rate: 0.1x
[53.912s][info][gc          ] GC(72) Pause Init Mark (unload classes) 0.172ms
[53.912s][info][gc,start    ] GC(72) Concurrent marking roots
[53.912s][info][gc,task     ] GC(72) Using 1 of 3 workers for concurrent marking roots
[53.912s][info][gc          ] GC(72) Concurrent marking roots 0.779ms
[53.912s][info][gc,start    ] GC(72) Concurrent marking (unload classes)
[53.912s][info][gc,task     ] GC(72) Using 1 of 3 workers for concurrent marking
[54.247s][info][gc          ] GC(72) Concurrent marking (unload classes) 334.067ms
[54.247s][info][gc,start    ] GC(72) Pause Final Mark (unload classes)
[54.247s][info][gc,task     ] GC(72) Using 3 of 3 workers for final marking
[54.247s][info][gc,ergo     ] GC(72) Adaptive CSet Selection. Target Free: 290M, Actual Free: 1243M, Max CSet: 87381K, Min Garbage: 0B
[54.247s][info][gc,ergo     ] GC(72) Collectable Garbage: 195M (61%), Immediate: 29362K (8%), CSet: 166M (52%)
[54.247s][info][gc,ergo     ] GC(72) Pacer for Evacuation. Used CSet: 252M, Free: 1153M, Non-Taxable: 115M, Alloc Tax Rate: 1.1x
[54.247s][info][gc          ] GC(72) Pause Final Mark (unload classes) 0.249ms
[54.278s][info][gc,start    ] GC(72) Concurrent thread roots
[54.278s][info][gc,task     ] GC(72) Using 1 of 3 workers for Concurrent thread roots
[54.278s][info][gc          ] GC(72) Concurrent thread roots 0.510ms
[54.278s][info][gc,start    ] GC(72) Concurrent weak references
[54.278s][info][gc,task     ] GC(72) Using 1 of 3 workers for concurrent weak references
[54.278s][info][gc,ref      ] GC(72) Encountered references: Soft: 133, Weak: 684, Final: 0, Phantom: 63
[54.278s][info][gc,ref      ] GC(72) Discovered  references: Soft: 0, Weak: 152, Final: 0, Phantom: 26
[54.278s][info][gc,ref      ] GC(72) Enqueued    references: Soft: 0, Weak: 0, Final: 0, Phantom: 0
[54.278s][info][gc          ] GC(72) Concurrent weak references 0.070ms
[54.278s][info][gc,start    ] GC(72) Concurrent weak roots
[54.278s][info][gc,task     ] GC(72) Using 1 of 3 workers for concurrent weak root
[54.293s][info][gc          ] GC(72) Concurrent weak roots 14.998ms
[54.293s][info][gc,start    ] GC(72) Concurrent cleanup
[54.293s][info][gc          ] GC(72) Concurrent cleanup 833M->804M(2048M) 0.041ms
[54.293s][info][gc,ergo     ] GC(72) Free: 1126M, Max: 1024K regular, 1087M humongous, Frag: 4% external, 0% internal; Reserve: 89088K, Max: 1024K
[54.294s][info][gc,start    ] GC(72) Concurrent class unloading
[54.294s][info][gc,task     ] GC(72) Using 1 of 3 workers for concurrent class unloading
[54.305s][info][gc          ] GC(72) Concurrent class unloading 11.452ms
[54.305s][info][gc,start    ] GC(72) Concurrent strong roots
[54.305s][info][gc,task     ] GC(72) Using 1 of 3 workers for concurrent strong root
[54.305s][info][gc          ] GC(72) Concurrent strong roots 0.077ms
[54.305s][info][gc,start    ] GC(72) Concurrent evacuation
[54.305s][info][gc,task     ] GC(72) Using 1 of 3 workers for concurrent evacuation
[54.383s][info][gc          ] GC(72) Concurrent evacuation 78.118ms
[54.383s][info][gc,start    ] GC(72) Pause Init Update Refs
[54.383s][info][gc,ergo     ] GC(72) Pacer for Update Refs. Used: 952M, Free: 1046M, Non-Taxable: 104M, Alloc Tax Rate: 1.1x
[54.383s][info][gc          ] GC(72) Pause Init Update Refs 0.067ms
[54.383s][info][gc,start    ] GC(72) Concurrent update references
[54.384s][info][gc,task     ] GC(72) Using 1 of 3 workers for concurrent reference update
[54.814s][info][gc          ] GC(72) Concurrent update references 430.234ms
[54.814s][info][gc,start    ] GC(72) Concurrent update thread roots
[54.815s][info][gc          ] GC(72) Concurrent update thread roots 0.824ms
[54.815s][info][gc,start    ] GC(72) Pause Final Update Refs
[54.815s][info][gc,task     ] GC(72) Using 3 of 3 workers for final reference update
[54.815s][info][gc          ] GC(72) Pause Final Update Refs 0.273ms
[54.815s][info][gc,start    ] GC(72) Concurrent cleanup
[54.815s][info][gc          ] GC(72) Concurrent cleanup 990M->738M(2048M) 0.047ms
[54.815s][info][gc,ergo     ] Free: 1172M, Max: 1024K regular, 923M humongous, Frag: 22% external, 0% internal; Reserve: 103M, Max: 1024K
[54.815s][info][gc,stats    ] 
[54.815s][info][gc,stats    ] All times are wall-clock times, except per-root-class counters, that are sum over
[54.815s][info][gc,stats    ] all workers. Dividing the <total> over the root stage time estimates parallelism.
[54.815s][info][gc,stats    ] 
[54.815s][info][gc,stats    ] Concurrent Reset                    305 us
[54.815s][info][gc,stats    ] Pause Init Mark (G)                 321 us
[54.815s][info][gc,stats    ] Pause Init Mark (N)                 193 us
[54.815s][info][gc,stats    ]   Update Region States               78 us
[54.815s][info][gc,stats    ] Concurrent Mark Roots               798 us, parallelism: 0.84x
[54.815s][info][gc,stats    ]   CMR: <total>                      668 us
[54.815s][info][gc,stats    ]   CMR: Thread Roots                 599 us, workers (us): 599, ---, ---, 
[54.815s][info][gc,stats    ]   CMR: VM Strong Roots                6 us, workers (us):   6, ---, ---, 
[54.815s][info][gc,stats    ]   CMR: CLDG Roots                    64 us, workers (us):  64, ---, ---, 
[54.815s][info][gc,stats    ] Concurrent Marking               334129 us
[54.815s][info][gc,stats    ] Pause Final Mark (G)              31148 us
[54.815s][info][gc,stats    ] Pause Final Mark (N)                258 us
[54.815s][info][gc,stats    ]   Finish Mark                        44 us
[54.815s][info][gc,stats    ]   Update Region States               30 us
[54.815s][info][gc,stats    ]   Choose Collection Set              95 us
[54.815s][info][gc,stats    ]   Rebuild Free Set                    9 us
[54.815s][info][gc,stats    ] Concurrent Thread Roots             531 us, parallelism: 0.74x
[54.815s][info][gc,stats    ]   CTR: <total>                      392 us
[54.815s][info][gc,stats    ]   CTR: Thread Roots                 392 us, workers (us): 392, ---, ---, 
[54.815s][info][gc,stats    ] Concurrent Weak References           77 us, parallelism: 0.20x
[54.815s][info][gc,stats    ]   CWRF: <total>                      15 us
[54.815s][info][gc,stats    ]   CWRF: Weak References              15 us, workers (us):  15, ---, ---, 
[54.815s][info][gc,stats    ] Concurrent Weak Roots             15068 us
[54.815s][info][gc,stats    ]   Roots                            1137 us, parallelism: 0.95x
[54.816s][info][gc,stats    ]     CWR: <total>                   1075 us
[54.816s][info][gc,stats    ]     CWR: Code Cache Roots           977 us, workers (us): 977, ---, ---, 
[54.816s][info][gc,stats    ]     CWR: VM Weak Roots               91 us, workers (us):  91, ---, ---, 
[54.816s][info][gc,stats    ]     CWR: CLDG Roots                   7 us, workers (us):   7, ---, ---, 
[54.816s][info][gc,stats    ]   Rendezvous                      13842 us
[54.816s][info][gc,stats    ] Concurrent Cleanup                   49 us
[54.816s][info][gc,stats    ] Concurrent Class Unloading        11512 us
[54.816s][info][gc,stats    ]   Unlink Stale                     4521 us
[54.816s][info][gc,stats    ]     System Dictionary                11 us
[54.816s][info][gc,stats    ]     Weak Class Links                  0 us
[54.816s][info][gc,stats    ]     Code Roots                     4508 us
[54.816s][info][gc,stats    ]   Rendezvous                       6658 us
[54.816s][info][gc,stats    ]   Purge Unlinked                    251 us
[54.816s][info][gc,stats    ]     Code Roots                      247 us
[54.816s][info][gc,stats    ]     CLDG                              4 us
[54.816s][info][gc,stats    ]     Exception Caches                  0 us
[54.816s][info][gc,stats    ] Concurrent Strong Roots              85 us, parallelism: 0.42x
[54.816s][info][gc,stats    ]   CSR: <total>                       36 us
[54.816s][info][gc,stats    ]   CSR: VM Strong Roots                3 us, workers (us):   3, ---, ---, 
[54.816s][info][gc,stats    ]   CSR: CLDG Roots                    33 us, workers (us):  33, ---, ---, 
[54.816s][info][gc,stats    ] Concurrent Evacuation             78198 us
[54.816s][info][gc,stats    ] Pause Init Update Refs (G)          182 us
[54.816s][info][gc,stats    ] Pause Init Update Refs (N)           75 us
[54.816s][info][gc,stats    ]   Manage GCLABs                       3 us
[54.816s][info][gc,stats    ] Concurrent Update Refs           430299 us
[54.816s][info][gc,stats    ] Concurrent Update Thread Roots      843 us
[54.816s][info][gc,stats    ] Pause Final Update Refs (G)         393 us
[54.816s][info][gc,stats    ] Pause Final Update Refs (N)         323 us
[54.816s][info][gc,stats    ]   Update Region States              127 us
[54.816s][info][gc,stats    ]   Trash Collection Set               16 us
[54.816s][info][gc,stats    ]   Rebuild Free Set                   32 us
[54.816s][info][gc,stats    ] Concurrent Cleanup                   57 us
[54.816s][info][gc,stats    ] 
[54.816s][info][gc,stats    ] Allocation pacing accrued:
[54.816s][info][gc,stats    ]       0 of  1439 ms (  0.0%): <total>
[54.816s][info][gc,stats    ]       0 of  1439 ms (  0.0%): <average total>
[54.816s][info][gc,stats    ] 
[54.816s][info][gc,metaspace] Metaspace: 15918K(16192K)->15918K(16192K) NonClass: 13748K(13888K)->13748K(13888K) Class: 2170K(2304K)->2170K(2304K)
[54.816s][info][gc,ergo     ] Pacer for Idle. Initial: 41943K, Alloc Tax Rate: 1.0x
[54.818s][info][gc          ] Trigger: Explicit GC request (System.gc())
[54.818s][info][gc,ergo     ] Free: 1172M, Max: 1024K regular, 923M humongous, Frag: 22% external, 0% internal; Reserve: 103M, Max: 1024K
[54.818s][info][gc,start    ] GC(73) Concurrent reset
[54.818s][info][gc,task     ] GC(73) Using 1 of 3 workers for concurrent reset
[54.818s][info][gc,ergo     ] GC(73) Pacer for Reset. Non-Taxable: 2048M
[54.820s][info][gc          ] GC(73) Concurrent reset 2.439ms
[54.820s][info][gc,start    ] GC(73) Pause Init Mark (unload classes)
[54.821s][info][gc,task     ] GC(73) Using 3 of 3 workers for init marking
[54.821s][info][gc,ref      ] GC(73) Clearing All SoftReferences
[54.821s][info][gc,ergo     ] GC(73) Pacer for Mark. Expected Live: 117M, Free: 1172M, Non-Taxable: 117M, Alloc Tax Rate: 0.1x
[54.821s][info][gc          ] GC(73) Pause Init Mark (unload classes) 0.282ms
[54.821s][info][gc,start    ] GC(73) Concurrent marking roots
[54.821s][info][gc,task     ] GC(73) Using 1 of 3 workers for concurrent marking roots
[54.822s][info][gc          ] GC(73) Concurrent marking roots 0.772ms
[54.822s][info][gc,start    ] GC(73) Concurrent marking (unload classes)
[54.822s][info][gc,task     ] GC(73) Using 1 of 3 workers for concurrent marking
[54.826s][info][gc          ] GC(73) Concurrent marking (unload classes) 4.280ms
[54.826s][info][gc,start    ] GC(73) Pause Final Mark (unload classes)
[54.826s][info][gc,task     ] GC(73) Using 3 of 3 workers for final marking
[54.826s][info][gc,ergo     ] GC(73) Collectable Garbage: 725M (98%), Immediate: 725M (98%), CSet: 0B (0%)
[54.827s][info][gc          ] GC(73) Pause Final Mark (unload classes) 0.491ms
[54.827s][info][gc,start    ] GC(73) Concurrent weak references
[54.827s][info][gc,task     ] GC(73) Using 1 of 3 workers for concurrent weak references
[54.827s][info][gc,ref      ] GC(73) Encountered references: Soft: 178, Weak: 683, Final: 0, Phantom: 63
[54.827s][info][gc,ref      ] GC(73) Discovered  references: Soft: 127, Weak: 165, Final: 0, Phantom: 61
[54.827s][info][gc,ref      ] GC(73) Enqueued    references: Soft: 48, Weak: 0, Final: 0, Phantom: 0
[54.827s][info][gc          ] GC(73) Concurrent weak references 0.181ms
[54.827s][info][gc,start    ] GC(73) Concurrent weak roots
[54.827s][info][gc,task     ] GC(73) Using 1 of 3 workers for concurrent weak root
[54.828s][info][gc          ] GC(73) Concurrent weak roots 0.952ms
[54.828s][info][gc,start    ] GC(73) Concurrent cleanup
[54.828s][info][gc          ] GC(73) Concurrent cleanup 738M->13M(2048M) 0.058ms
[54.828s][info][gc,ergo     ] GC(73) Free: 1932M, Max: 1024K regular, 1007M humongous, Frag: 48% external, 0% internal; Reserve: 103M, Max: 1024K
[54.828s][info][gc,start    ] GC(73) Concurrent class unloading
[54.828s][info][gc,task     ] GC(73) Using 1 of 3 workers for concurrent class unloading
[54.832s][info][gc          ] GC(73) Concurrent class unloading 4.461ms
[54.832s][info][gc,start    ] GC(73) Pause Final Roots
[54.833s][info][gc          ] GC(73) Pause Final Roots 0.067ms
[54.833s][info][gc,ergo     ] Free: 1932M, Max: 1024K regular, 1007M humongous, Frag: 48% external, 0% internal; Reserve: 103M, Max: 1024K
[54.833s][info][gc,stats    ] 
[54.833s][info][gc,stats    ] All times are wall-clock times, except per-root-class counters, that are sum over
[54.833s][info][gc,stats    ] all workers. Dividing the <total> over the root stage time estimates parallelism.
[54.833s][info][gc,stats    ] 
[54.833s][info][gc,stats    ] Concurrent Reset                   2508 us
[54.833s][info][gc,stats    ] Pause Init Mark (G)                 433 us
[54.833s][info][gc,stats    ] Pause Init Mark (N)                 303 us
[54.833s][info][gc,stats    ]   Update Region States              126 us
[54.833s][info][gc,stats    ] Concurrent Mark Roots               795 us, parallelism: 0.79x
[54.833s][info][gc,stats    ]   CMR: <total>                      629 us
[54.833s][info][gc,stats    ]   CMR: Thread Roots                 557 us, workers (us): 557, ---, ---, 
[54.833s][info][gc,stats    ]   CMR: VM Strong Roots                6 us, workers (us):   6, ---, ---, 
[54.833s][info][gc,stats    ]   CMR: CLDG Roots                    66 us, workers (us):  66, ---, ---, 
[54.833s][info][gc,stats    ] Concurrent Marking                 4336 us
[54.833s][info][gc,stats    ] Pause Final Mark (G)                639 us
[54.833s][info][gc,stats    ] Pause Final Mark (N)                515 us
[54.833s][info][gc,stats    ]   Finish Mark                       160 us
[54.833s][info][gc,stats    ]   Update Region States              124 us
[54.833s][info][gc,stats    ]   Choose Collection Set             103 us
[54.833s][info][gc,stats    ]   Rebuild Free Set                   24 us
[54.833s][info][gc,stats    ] Concurrent Weak References          197 us, parallelism: 0.07x
[54.833s][info][gc,stats    ]   CWRF: <total>                      14 us
[54.833s][info][gc,stats    ]   CWRF: Weak References              14 us, workers (us):  14, ---, ---, 
[54.833s][info][gc,stats    ] Concurrent Weak Roots               987 us
[54.833s][info][gc,stats    ]   Roots                             837 us, parallelism: 0.92x
[54.833s][info][gc,stats    ]     CWR: <total>                    771 us
[54.833s][info][gc,stats    ]     CWR: Code Cache Roots           689 us, workers (us): 689, ---, ---, 
[54.833s][info][gc,stats    ]     CWR: VM Weak Roots               77 us, workers (us):  77, ---, ---, 
[54.833s][info][gc,stats    ]     CWR: CLDG Roots                   5 us, workers (us):   5, ---, ---, 
[54.833s][info][gc,stats    ]   Rendezvous                         82 us
[54.833s][info][gc,stats    ] Concurrent Cleanup                   66 us
[54.833s][info][gc,stats    ] Concurrent Class Unloading         4516 us
[54.833s][info][gc,stats    ]   Unlink Stale                     3898 us
[54.833s][info][gc,stats    ]     System Dictionary                 6 us
[54.833s][info][gc,stats    ]     Weak Class Links                  0 us
[54.833s][info][gc,stats    ]     Code Roots                     3890 us
[54.833s][info][gc,stats    ]   Rendezvous                        221 us
[54.833s][info][gc,stats    ]   Purge Unlinked                    318 us
[54.833s][info][gc,stats    ]     Code Roots                      304 us
[54.833s][info][gc,stats    ]     CLDG                             12 us
[54.833s][info][gc,stats    ]     Exception Caches                  0 us
[54.833s][info][gc,stats    ] Pause Final Roots (G)               204 us
[54.833s][info][gc,stats    ] Pause Final Roots (N)                86 us
[54.833s][info][gc,stats    ] 
[54.833s][info][gc,stats    ] Allocation pacing accrued:
[54.833s][info][gc,stats    ]       0 of    17 ms (  0.0%): <total>
[54.833s][info][gc,stats    ]       0 of    17 ms (  0.0%): <average total>
[54.833s][info][gc,stats    ] 
[54.833s][info][gc,metaspace] Metaspace: 15918K(16192K)->15918K(16192K) NonClass: 13748K(13888K)->13748K(13888K) Class: 2170K(2304K)->2170K(2304K)
[54.833s][info][gc,ergo     ] Pacer for Idle. Initial: 41943K, Alloc Tax Rate: 1.0x
[55.368s][info][gc          ] Trigger: Learning 2 of 5. Free (1416M) is below initial threshold (1433M)
[55.368s][info][gc,ergo     ] Free: 1416M, Max: 1024K regular, 1007M humongous, Frag: 29% external, 0% internal; Reserve: 103M, Max: 1024K
[55.368s][info][gc,start    ] GC(74) Concurrent reset
[55.368s][info][gc,task     ] GC(74) Using 1 of 3 workers for concurrent reset
[55.368s][info][gc,ergo     ] GC(74) Pacer for Reset. Non-Taxable: 2048M
[55.368s][info][gc          ] GC(74) Concurrent reset 0.256ms
[55.368s][info][gc,start    ] GC(74) Pause Init Mark (unload classes)
[55.368s][info][gc,task     ] GC(74) Using 3 of 3 workers for init marking
[55.368s][info][gc,ergo     ] GC(74) Pacer for Mark. Expected Live: 81637K, Free: 1416M, Non-Taxable: 141M, Alloc Tax Rate: 0.1x
[55.368s][info][gc          ] GC(74) Pause Init Mark (unload classes) 0.120ms
[55.369s][info][gc,start    ] GC(74) Concurrent marking roots
[55.369s][info][gc,task     ] GC(74) Using 1 of 3 workers for concurrent marking roots
[55.369s][info][gc          ] GC(74) Concurrent marking roots 0.505ms
[55.369s][info][gc,start    ] GC(74) Concurrent marking (unload classes)
[55.369s][info][gc,task     ] GC(74) Using 1 of 3 workers for concurrent marking
[55.706s][info][gc          ] GC(74) Concurrent marking (unload classes) 337.015ms
[55.706s][info][gc,start    ] GC(74) Pause Final Mark (unload classes)
[55.706s][info][gc,task     ] GC(74) Using 3 of 3 workers for final marking
[55.706s][info][gc,ergo     ] GC(74) Adaptive CSet Selection. Target Free: 290M, Actual Free: 1299M, Max CSet: 87381K, Min Garbage: 0B
[55.707s][info][gc,ergo     ] GC(74) Collectable Garbage: 197M (61%), Immediate: 28800K (8%), CSet: 169M (53%)
[55.707s][info][gc,ergo     ] GC(74) Pacer for Evacuation. Used CSet: 255M, Free: 1208M, Non-Taxable: 120M, Alloc Tax Rate: 1.1x
[55.707s][info][gc          ] GC(74) Pause Final Mark (unload classes) 0.319ms
[55.722s][info][gc,start    ] GC(74) Concurrent thread roots
[55.722s][info][gc,task     ] GC(74) Using 1 of 3 workers for Concurrent thread roots
[55.723s][info][gc          ] GC(74) Concurrent thread roots 0.567ms
[55.723s][info][gc,start    ] GC(74) Concurrent weak references
[55.723s][info][gc,task     ] GC(74) Using 1 of 3 workers for concurrent weak references
[55.723s][info][gc,ref      ] GC(74) Encountered references: Soft: 133, Weak: 684, Final: 0, Phantom: 63
[55.723s][info][gc,ref      ] GC(74) Discovered  references: Soft: 0, Weak: 152, Final: 0, Phantom: 26
[55.723s][info][gc,ref      ] GC(74) Enqueued    references: Soft: 0, Weak: 0, Final: 0, Phantom: 0
[55.723s][info][gc          ] GC(74) Concurrent weak references 0.087ms
[55.723s][info][gc,start    ] GC(74) Concurrent weak roots
[55.723s][info][gc,task     ] GC(74) Using 1 of 3 workers for concurrent weak root
[55.738s][info][gc          ] GC(74) Concurrent weak roots 14.929ms
[55.738s][info][gc,start    ] GC(74) Concurrent cleanup
[55.738s][info][gc          ] GC(74) Concurrent cleanup 781M->753M(2048M) 0.041ms
[55.738s][info][gc,ergo     ] GC(74) Free: 1178M, Max: 1024K regular, 1140M humongous, Frag: 4% external, 0% internal; Reserve: 92160K, Max: 1024K
[55.738s][info][gc,start    ] GC(74) Concurrent class unloading
[55.738s][info][gc,task     ] GC(74) Using 1 of 3 workers for concurrent class unloading
[55.754s][info][gc          ] GC(74) Concurrent class unloading 15.805ms
[55.754s][info][gc,start    ] GC(74) Concurrent strong roots
[55.754s][info][gc,task     ] GC(74) Using 1 of 3 workers for concurrent strong root
[55.754s][info][gc          ] GC(74) Concurrent strong roots 0.088ms
[55.754s][info][gc,start    ] GC(74) Concurrent evacuation
[55.754s][info][gc,task     ] GC(74) Using 1 of 3 workers for concurrent evacuation
[55.832s][info][gc          ] GC(74) Concurrent evacuation 77.821ms
[55.832s][info][gc,start    ] GC(74) Pause Init Update Refs
[55.832s][info][gc,ergo     ] GC(74) Pacer for Update Refs. Used: 923M, Free: 1076M, Non-Taxable: 107M, Alloc Tax Rate: 1.1x
[55.832s][info][gc          ] GC(74) Pause Init Update Refs 0.178ms
[55.847s][info][gc,start    ] GC(74) Concurrent update references
[55.847s][info][gc,task     ] GC(74) Using 1 of 3 workers for concurrent reference update
[56.223s][info][gc          ] GC(74) Concurrent update references 375.306ms
[56.223s][info][gc,start    ] GC(74) Concurrent update thread roots
[56.223s][info][gc          ] GC(74) Concurrent update thread roots 0.791ms
[56.223s][info][gc,start    ] GC(74) Pause Final Update Refs
[56.223s][info][gc,task     ] GC(74) Using 3 of 3 workers for final reference update
[56.224s][info][gc          ] GC(74) Pause Final Update Refs 0.236ms
[56.224s][info][gc,start    ] GC(74) Concurrent cleanup
[56.224s][info][gc          ] GC(74) Concurrent cleanup 995M->740M(2048M) 0.080ms
[56.224s][info][gc,ergo     ] Free: 1170M, Max: 1024K regular, 919M humongous, Frag: 22% external, 0% internal; Reserve: 103M, Max: 1024K
[56.224s][info][gc,stats    ] 
[56.224s][info][gc,stats    ] All times are wall-clock times, except per-root-class counters, that are sum over
[56.224s][info][gc,stats    ] all workers. Dividing the <total> over the root stage time estimates parallelism.
[56.224s][info][gc,stats    ] 
[56.224s][info][gc,stats    ] Concurrent Reset                    277 us
[56.224s][info][gc,stats    ] Pause Init Mark (G)                 239 us
[56.224s][info][gc,stats    ] Pause Init Mark (N)                 129 us
[56.224s][info][gc,stats    ]   Update Region States               35 us
[56.224s][info][gc,stats    ] Concurrent Mark Roots               545 us, parallelism: 0.67x
[56.224s][info][gc,stats    ]   CMR: <total>                      367 us
[56.224s][info][gc,stats    ]   CMR: Thread Roots                 326 us, workers (us): 326, ---, ---, 
[56.224s][info][gc,stats    ]   CMR: VM Strong Roots                4 us, workers (us):   4, ---, ---, 
[56.224s][info][gc,stats    ]   CMR: CLDG Roots                    37 us, workers (us):  37, ---, ---, 
[56.224s][info][gc,stats    ] Concurrent Marking               337086 us
[56.224s][info][gc,stats    ] Pause Final Mark (G)              16092 us
[56.224s][info][gc,stats    ] Pause Final Mark (N)                329 us
[56.224s][info][gc,stats    ]   Finish Mark                        63 us
[56.224s][info][gc,stats    ]   Update Region States               64 us
[56.224s][info][gc,stats    ]   Choose Collection Set             130 us
[56.224s][info][gc,stats    ]   Rebuild Free Set                    9 us
[56.224s][info][gc,stats    ] Concurrent Thread Roots             587 us, parallelism: 0.78x
[56.224s][info][gc,stats    ]   CTR: <total>                      460 us
[56.224s][info][gc,stats    ]   CTR: Thread Roots                 460 us, workers (us): 460, ---, ---, 
[56.224s][info][gc,stats    ] Concurrent Weak References           94 us, parallelism: 0.17x
[56.224s][info][gc,stats    ]   CWRF: <total>                      16 us
[56.224s][info][gc,stats    ]   CWRF: Weak References              16 us, workers (us):  16, ---, ---, 
[56.224s][info][gc,stats    ] Concurrent Weak Roots             15000 us
[56.224s][info][gc,stats    ]   Roots                            1123 us, parallelism: 0.96x
[56.224s][info][gc,stats    ]     CWR: <total>                   1073 us
[56.224s][info][gc,stats    ]     CWR: Code Cache Roots           971 us, workers (us): 971, ---, ---, 
[56.224s][info][gc,stats    ]     CWR: VM Weak Roots               94 us, workers (us):  94, ---, ---, 
[56.224s][info][gc,stats    ]     CWR: CLDG Roots                   8 us, workers (us):   8, ---, ---, 
[56.224s][info][gc,stats    ]   Rendezvous                      13784 us
[56.224s][info][gc,stats    ] Concurrent Cleanup                   50 us
[56.224s][info][gc,stats    ] Concurrent Class Unloading        15864 us
[56.224s][info][gc,stats    ]   Unlink Stale                     3980 us
[56.224s][info][gc,stats    ]     System Dictionary                10 us
[56.224s][info][gc,stats    ]     Weak Class Links                  0 us
[56.224s][info][gc,stats    ]     Code Roots                     3967 us
[56.224s][info][gc,stats    ]   Rendezvous                      11517 us
[56.224s][info][gc,stats    ]   Purge Unlinked                    288 us
[56.224s][info][gc,stats    ]     Code Roots                      280 us
[56.225s][info][gc,stats    ]     CLDG                              7 us
[56.225s][info][gc,stats    ]     Exception Caches                  0 us
[56.225s][info][gc,stats    ] Concurrent Strong Roots              96 us, parallelism: 0.50x
[56.225s][info][gc,stats    ]   CSR: <total>                       48 us
[56.225s][info][gc,stats    ]   CSR: VM Strong Roots                5 us, workers (us):   5, ---, ---, 
[56.225s][info][gc,stats    ]   CSR: CLDG Roots                    43 us, workers (us):  43, ---, ---, 
[56.225s][info][gc,stats    ] Concurrent Evacuation             77888 us
[56.225s][info][gc,stats    ] Pause Init Update Refs (G)        15333 us
[56.225s][info][gc,stats    ] Pause Init Update Refs (N)          186 us
[56.225s][info][gc,stats    ]   Manage GCLABs                       6 us
[56.225s][info][gc,stats    ] Concurrent Update Refs           375373 us
[56.225s][info][gc,stats    ] Concurrent Update Thread Roots      809 us
[56.225s][info][gc,stats    ] Pause Final Update Refs (G)         348 us
[56.225s][info][gc,stats    ] Pause Final Update Refs (N)         264 us
[56.225s][info][gc,stats    ]   Update Region States               95 us
[56.225s][info][gc,stats    ]   Trash Collection Set               16 us
[56.225s][info][gc,stats    ]   Rebuild Free Set                   31 us
[56.225s][info][gc,stats    ] Concurrent Cleanup                  100 us
[56.225s][info][gc,stats    ] 
[56.225s][info][gc,stats    ] Allocation pacing accrued:
[56.225s][info][gc,stats    ]       0 of  1391 ms (  0.0%): <total>
[56.225s][info][gc,stats    ]       0 of  1391 ms (  0.0%): <average total>
[56.225s][info][gc,stats    ] 
[56.225s][info][gc,metaspace] Metaspace: 15919K(16192K)->15921K(16192K) NonClass: 13749K(13888K)->13751K(13888K) Class: 2170K(2304K)->2170K(2304K)
[56.225s][info][gc,ergo     ] Pacer for Idle. Initial: 41943K, Alloc Tax Rate: 1.0x
[56.239s][info][gc          ] Trigger: Explicit GC request (System.gc())
[56.239s][info][gc,ergo     ] Free: 1170M, Max: 1024K regular, 919M humongous, Frag: 22% external, 0% internal; Reserve: 103M, Max: 1024K
[56.239s][info][gc,start    ] GC(75) Concurrent reset
[56.239s][info][gc,task     ] GC(75) Using 1 of 3 workers for concurrent reset
[56.239s][info][gc,ergo     ] GC(75) Pacer for Reset. Non-Taxable: 2048M
[56.242s][info][gc          ] GC(75) Concurrent reset 2.923ms
[56.243s][info][gc,start    ] GC(75) Pause Init Mark (unload classes)
[56.243s][info][gc,task     ] GC(75) Using 3 of 3 workers for init marking
[56.243s][info][gc,ref      ] GC(75) Clearing All SoftReferences
[56.243s][info][gc,ergo     ] GC(75) Pacer for Mark. Expected Live: 117M, Free: 1170M, Non-Taxable: 117M, Alloc Tax Rate: 0.1x
[56.243s][info][gc          ] GC(75) Pause Init Mark (unload classes) 0.277ms
[56.243s][info][gc,start    ] GC(75) Concurrent marking roots
[56.243s][info][gc,task     ] GC(75) Using 1 of 3 workers for concurrent marking roots
[56.244s][info][gc          ] GC(75) Concurrent marking roots 0.810ms
[56.244s][info][gc,start    ] GC(75) Concurrent marking (unload classes)
[56.244s][info][gc,task     ] GC(75) Using 1 of 3 workers for concurrent marking
[56.248s][info][gc          ] GC(75) Concurrent marking (unload classes) 4.486ms
[56.248s][info][gc,start    ] GC(75) Pause Final Mark (unload classes)
[56.248s][info][gc,task     ] GC(75) Using 3 of 3 workers for final marking
[56.249s][info][gc,ergo     ] GC(75) Collectable Garbage: 724M (98%), Immediate: 724M (98%), CSet: 0B (0%)
[56.249s][info][gc          ] GC(75) Pause Final Mark (unload classes) 0.616ms
[56.249s][info][gc,start    ] GC(75) Concurrent weak references
[56.249s][info][gc,task     ] GC(75) Using 1 of 3 workers for concurrent weak references
[56.249s][info][gc,ref      ] GC(75) Encountered references: Soft: 178, Weak: 683, Final: 0, Phantom: 63
[56.249s][info][gc,ref      ] GC(75) Discovered  references: Soft: 127, Weak: 165, Final: 0, Phantom: 61
[56.249s][info][gc,ref      ] GC(75) Enqueued    references: Soft: 48, Weak: 0, Final: 0, Phantom: 0
[56.249s][info][gc          ] GC(75) Concurrent weak references 0.122ms
[56.249s][info][gc,start    ] GC(75) Concurrent weak roots
[56.249s][info][gc,task     ] GC(75) Using 1 of 3 workers for concurrent weak root
[56.250s][info][gc          ] GC(75) Concurrent weak roots 0.924ms
[56.250s][info][gc,start    ] GC(75) Concurrent cleanup
[56.250s][info][gc          ] GC(75) Concurrent cleanup 740M->16M(2048M) 0.068ms
[56.250s][info][gc,ergo     ] GC(75) Free: 1929M, Max: 1024K regular, 1002M humongous, Frag: 49% external, 0% internal; Reserve: 103M, Max: 1024K
[56.250s][info][gc,start    ] GC(75) Concurrent class unloading
[56.250s][info][gc,task     ] GC(75) Using 1 of 3 workers for concurrent class unloading
[56.254s][info][gc          ] GC(75) Concurrent class unloading 4.371ms
[56.255s][info][gc,start    ] GC(75) Pause Final Roots
[56.255s][info][gc          ] GC(75) Pause Final Roots 0.065ms
[56.255s][info][gc,ergo     ] Free: 1929M, Max: 1024K regular, 1002M humongous, Frag: 49% external, 0% internal; Reserve: 103M, Max: 1024K
[56.255s][info][gc,stats    ] 
[56.255s][info][gc,stats    ] All times are wall-clock times, except per-root-class counters, that are sum over
[56.255s][info][gc,stats    ] all workers. Dividing the <total> over the root stage time estimates parallelism.
[56.255s][info][gc,stats    ] 
[56.255s][info][gc,stats    ] Concurrent Reset                   2975 us
[56.255s][info][gc,stats    ] Pause Init Mark (G)                 449 us
[56.255s][info][gc,stats    ] Pause Init Mark (N)                 295 us
[56.255s][info][gc,stats    ]   Update Region States              103 us
[56.255s][info][gc,stats    ] Concurrent Mark Roots               818 us, parallelism: 0.82x
[56.255s][info][gc,stats    ]   CMR: <total>                      674 us
[56.255s][info][gc,stats    ]   CMR: Thread Roots                 585 us, workers (us): 585, ---, ---, 
[56.255s][info][gc,stats    ]   CMR: VM Strong Roots                8 us, workers (us):   8, ---, ---, 
[56.255s][info][gc,stats    ]   CMR: CLDG Roots                    81 us, workers (us):  81, ---, ---, 
[56.255s][info][gc,stats    ] Concurrent Marking                 4509 us
[56.255s][info][gc,stats    ] Pause Final Mark (G)                692 us
[56.255s][info][gc,stats    ] Pause Final Mark (N)                640 us
[56.255s][info][gc,stats    ]   Finish Mark                       321 us
[56.255s][info][gc,stats    ]   Update Region States               85 us
[56.255s][info][gc,stats    ]   Choose Collection Set             104 us
[56.255s][info][gc,stats    ]   Rebuild Free Set                   24 us
[56.255s][info][gc,stats    ] Concurrent Weak References          129 us, parallelism: 0.10x
[56.255s][info][gc,stats    ]   CWRF: <total>                      13 us
[56.255s][info][gc,stats    ]   CWRF: Weak References              13 us, workers (us):  13, ---, ---, 
[56.255s][info][gc,stats    ] Concurrent Weak Roots               936 us
[56.255s][info][gc,stats    ]   Roots                             821 us, parallelism: 0.95x
[56.255s][info][gc,stats    ]     CWR: <total>                    782 us
[56.255s][info][gc,stats    ]     CWR: Code Cache Roots           702 us, workers (us): 702, ---, ---, 
[56.255s][info][gc,stats    ]     CWR: VM Weak Roots               75 us, workers (us):  75, ---, ---, 
[56.255s][info][gc,stats    ]     CWR: CLDG Roots                   5 us, workers (us):   5, ---, ---, 
[56.255s][info][gc,stats    ]   Rendezvous                         88 us
[56.255s][info][gc,stats    ] Concurrent Cleanup                   76 us
[56.255s][info][gc,stats    ] Concurrent Class Unloading         4397 us
[56.255s][info][gc,stats    ]   Unlink Stale                     3927 us
[56.255s][info][gc,stats    ]     System Dictionary                 5 us
[56.255s][info][gc,stats    ]     Weak Class Links                  0 us
[56.255s][info][gc,stats    ]     Code Roots                     3921 us
[56.255s][info][gc,stats    ]   Rendezvous                        148 us
[56.255s][info][gc,stats    ]   Purge Unlinked                    279 us
[56.255s][info][gc,stats    ]     Code Roots                      273 us
[56.255s][info][gc,stats    ]     CLDG                              6 us
[56.255s][info][gc,stats    ]     Exception Caches                  0 us
[56.255s][info][gc,stats    ] Pause Final Roots (G)               167 us
[56.255s][info][gc,stats    ] Pause Final Roots (N)                84 us
[56.255s][info][gc,stats    ] 
[56.255s][info][gc,stats    ] Allocation pacing accrued:
[56.255s][info][gc,stats    ]       0 of    30 ms (  0.0%): <total>
[56.255s][info][gc,stats    ]       0 of    30 ms (  0.0%): <average total>
[56.255s][info][gc,stats    ] 
[56.255s][info][gc,metaspace] Metaspace: 15921K(16192K)->15921K(16192K) NonClass: 13751K(13888K)->13751K(13888K) Class: 2170K(2304K)->2170K(2304K)
[56.255s][info][gc,ergo     ] Pacer for Idle. Initial: 41943K, Alloc Tax Rate: 1.0x
[56.789s][info][gc          ] Trigger: Learning 2 of 5. Free (1415M) is below initial threshold (1433M)
[56.789s][info][gc,ergo     ] Free: 1415M, Max: 1024K regular, 1002M humongous, Frag: 30% external, 0% internal; Reserve: 103M, Max: 1024K
[56.789s][info][gc,start    ] GC(76) Concurrent reset
[56.789s][info][gc,task     ] GC(76) Using 1 of 3 workers for concurrent reset
[56.789s][info][gc,ergo     ] GC(76) Pacer for Reset. Non-Taxable: 2048M
[56.789s][info][gc          ] GC(76) Concurrent reset 0.331ms
[56.789s][info][gc,start    ] GC(76) Pause Init Mark (unload classes)
[56.789s][info][gc,task     ] GC(76) Using 3 of 3 workers for init marking
[56.789s][info][gc,ergo     ] GC(76) Pacer for Mark. Expected Live: 81809K, Free: 1414M, Non-Taxable: 141M, Alloc Tax Rate: 0.1x
[56.789s][info][gc          ] GC(76) Pause Init Mark (unload classes) 0.174ms
[56.790s][info][gc,start    ] GC(76) Concurrent marking roots
[56.790s][info][gc,task     ] GC(76) Using 1 of 3 workers for concurrent marking roots
[56.790s][info][gc          ] GC(76) Concurrent marking roots 0.429ms
[56.790s][info][gc,start    ] GC(76) Concurrent marking (unload classes)
[56.790s][info][gc,task     ] GC(76) Using 1 of 3 workers for concurrent marking
[57.114s][info][gc          ] GC(76) Concurrent marking (unload classes) 324.303ms
[57.114s][info][gc,start    ] GC(76) Pause Final Mark (unload classes)
[57.114s][info][gc,task     ] GC(76) Using 3 of 3 workers for final marking
[57.115s][info][gc,ergo     ] GC(76) Adaptive CSet Selection. Target Free: 290M, Actual Free: 1271M, Max CSet: 87381K, Min Garbage: 0B
[57.115s][info][gc,ergo     ] GC(76) Collectable Garbage: 200M (62%), Immediate: 29760K (9%), CSet: 171M (53%)
[57.115s][info][gc,ergo     ] GC(76) Pacer for Evacuation. Used CSet: 257M, Free: 1179M, Non-Taxable: 117M, Alloc Tax Rate: 1.1x
[57.115s][info][gc          ] GC(76) Pause Final Mark (unload classes) 0.247ms
[57.157s][info][gc,start    ] GC(76) Concurrent thread roots
[57.157s][info][gc,task     ] GC(76) Using 1 of 3 workers for Concurrent thread roots
[57.157s][info][gc          ] GC(76) Concurrent thread roots 0.473ms
[57.157s][info][gc,start    ] GC(76) Concurrent weak references
[57.157s][info][gc,task     ] GC(76) Using 1 of 3 workers for concurrent weak references
[57.157s][info][gc,ref      ] GC(76) Encountered references: Soft: 133, Weak: 684, Final: 0, Phantom: 63
[57.157s][info][gc,ref      ] GC(76) Discovered  references: Soft: 0, Weak: 152, Final: 0, Phantom: 26
[57.157s][info][gc,ref      ] GC(76) Enqueued    references: Soft: 0, Weak: 0, Final: 0, Phantom: 0
[57.157s][info][gc          ] GC(76) Concurrent weak references 0.071ms
[57.157s][info][gc,start    ] GC(76) Concurrent weak roots
[57.157s][info][gc,task     ] GC(76) Using 1 of 3 workers for concurrent weak root
[57.165s][info][gc          ] GC(76) Concurrent weak roots 7.174ms
[57.165s][info][gc,start    ] GC(76) Concurrent cleanup
[57.165s][info][gc          ] GC(76) Concurrent cleanup 823M->794M(2048M) 0.038ms
[57.165s][info][gc,ergo     ] GC(76) Free: 1141M, Max: 1024K regular, 1102M humongous, Frag: 4% external, 0% internal; Reserve: 86016K, Max: 1024K
[57.165s][info][gc,start    ] GC(76) Concurrent class unloading
[57.165s][info][gc,task     ] GC(76) Using 1 of 3 workers for concurrent class unloading
[57.173s][info][gc          ] GC(76) Concurrent class unloading 8.011ms
[57.173s][info][gc,start    ] GC(76) Concurrent strong roots
[57.173s][info][gc,task     ] GC(76) Using 1 of 3 workers for concurrent strong root
[57.173s][info][gc          ] GC(76) Concurrent strong roots 0.075ms
[57.173s][info][gc,start    ] GC(76) Concurrent evacuation
[57.173s][info][gc,task     ] GC(76) Using 1 of 3 workers for concurrent evacuation
[57.251s][info][gc          ] GC(76) Concurrent evacuation 78.346ms
[57.251s][info][gc,start    ] GC(76) Pause Init Update Refs
[57.251s][info][gc,ergo     ] GC(76) Pacer for Update Refs. Used: 949M, Free: 1048M, Non-Taxable: 104M, Alloc Tax Rate: 1.1x
[57.251s][info][gc          ] GC(76) Pause Init Update Refs 0.071ms
[57.251s][info][gc,start    ] GC(76) Concurrent update references
[57.251s][info][gc,task     ] GC(76) Using 1 of 3 workers for concurrent reference update
[57.659s][info][gc          ] GC(76) Concurrent update references 407.816ms
[57.659s][info][gc,start    ] GC(76) Concurrent update thread roots
[57.660s][info][gc          ] GC(76) Concurrent update thread roots 0.361ms
[57.660s][info][gc,start    ] GC(76) Pause Final Update Refs
[57.660s][info][gc,task     ] GC(76) Using 3 of 3 workers for final reference update
[57.660s][info][gc          ] GC(76) Pause Final Update Refs 0.116ms
[57.660s][info][gc,start    ] GC(76) Concurrent cleanup
[57.660s][info][gc          ] GC(76) Concurrent cleanup 994M->737M(2048M) 0.046ms
[57.660s][info][gc,ergo     ] Free: 1172M, Max: 1024K regular, 921M humongous, Frag: 22% external, 0% internal; Reserve: 103M, Max: 1024K
[57.660s][info][gc,stats    ] 
[57.660s][info][gc,stats    ] All times are wall-clock times, except per-root-class counters, that are sum over
[57.660s][info][gc,stats    ] all workers. Dividing the <total> over the root stage time estimates parallelism.
[57.660s][info][gc,stats    ] 
[57.660s][info][gc,stats    ] Concurrent Reset                    351 us
[57.660s][info][gc,stats    ] Pause Init Mark (G)                 349 us
[57.660s][info][gc,stats    ] Pause Init Mark (N)                 190 us
[57.660s][info][gc,stats    ]   Update Region States               70 us
[57.660s][info][gc,stats    ] Concurrent Mark Roots               446 us, parallelism: 0.80x
[57.660s][info][gc,stats    ]   CMR: <total>                      359 us
[57.660s][info][gc,stats    ]   CMR: Thread Roots                 317 us, workers (us): 317, ---, ---, 
[57.660s][info][gc,stats    ]   CMR: VM Strong Roots                5 us, workers (us):   5, ---, ---, 
[57.660s][info][gc,stats    ]   CMR: CLDG Roots                    37 us, workers (us):  37, ---, ---, 
[57.660s][info][gc,stats    ] Concurrent Marking               324371 us
[57.660s][info][gc,stats    ] Pause Final Mark (G)              42500 us
[57.660s][info][gc,stats    ] Pause Final Mark (N)                255 us
[57.660s][info][gc,stats    ]   Finish Mark                        44 us
[57.660s][info][gc,stats    ]   Update Region States               32 us
[57.660s][info][gc,stats    ]   Choose Collection Set              98 us
[57.660s][info][gc,stats    ]   Rebuild Free Set                    9 us
[57.660s][info][gc,stats    ] Concurrent Thread Roots             499 us, parallelism: 0.74x
[57.660s][info][gc,stats    ]   CTR: <total>                      367 us
[57.660s][info][gc,stats    ]   CTR: Thread Roots                 367 us, workers (us): 367, ---, ---, 
[57.660s][info][gc,stats    ] Concurrent Weak References           78 us, parallelism: 0.21x
[57.660s][info][gc,stats    ]   CWRF: <total>                      16 us
[57.660s][info][gc,stats    ]   CWRF: Weak References              16 us, workers (us):  16, ---, ---, 
[57.660s][info][gc,stats    ] Concurrent Weak Roots              7229 us
[57.660s][info][gc,stats    ]   Roots                            1040 us, parallelism: 0.95x
[57.660s][info][gc,stats    ]     CWR: <total>                    992 us
[57.660s][info][gc,stats    ]     CWR: Code Cache Roots           894 us, workers (us): 894, ---, ---, 
[57.660s][info][gc,stats    ]     CWR: VM Weak Roots               91 us, workers (us):  91, ---, ---, 
[57.660s][info][gc,stats    ]     CWR: CLDG Roots                   8 us, workers (us):   8, ---, ---, 
[57.660s][info][gc,stats    ]   Rendezvous                       6107 us
[57.660s][info][gc,stats    ] Concurrent Cleanup                   46 us
[57.660s][info][gc,stats    ] Concurrent Class Unloading         8063 us
[57.660s][info][gc,stats    ]   Unlink Stale                     4020 us
[57.660s][info][gc,stats    ]     System Dictionary                10 us
[57.660s][info][gc,stats    ]     Weak Class Links                  0 us
[57.660s][info][gc,stats    ]     Code Roots                     4008 us
[57.660s][info][gc,stats    ]   Rendezvous                       3712 us
[57.660s][info][gc,stats    ]   Purge Unlinked                    260 us
[57.660s][info][gc,stats    ]     Code Roots                      253 us
[57.660s][info][gc,stats    ]     CLDG                              6 us
[57.660s][info][gc,stats    ]     Exception Caches                  0 us
[57.660s][info][gc,stats    ] Concurrent Strong Roots              83 us, parallelism: 0.44x
[57.660s][info][gc,stats    ]   CSR: <total>                       37 us
[57.660s][info][gc,stats    ]   CSR: VM Strong Roots                3 us, workers (us):   3, ---, ---, 
[57.660s][info][gc,stats    ]   CSR: CLDG Roots                    34 us, workers (us):  34, ---, ---, 
[57.660s][info][gc,stats    ] Concurrent Evacuation             78402 us
[57.660s][info][gc,stats    ] Pause Init Update Refs (G)          175 us
[57.660s][info][gc,stats    ] Pause Init Update Refs (N)           80 us
[57.660s][info][gc,stats    ]   Manage GCLABs                       3 us
[57.660s][info][gc,stats    ] Concurrent Update Refs           407880 us
[57.660s][info][gc,stats    ] Concurrent Update Thread Roots      379 us
[57.660s][info][gc,stats    ] Pause Final Update Refs (G)         228 us
[57.660s][info][gc,stats    ] Pause Final Update Refs (N)         178 us
[57.660s][info][gc,stats    ]   Update Region States               46 us
[57.660s][info][gc,stats    ]   Trash Collection Set               12 us
[57.660s][info][gc,stats    ]   Rebuild Free Set                   22 us
[57.660s][info][gc,stats    ] Concurrent Cleanup                   55 us
[57.660s][info][gc,stats    ] 
[57.660s][info][gc,stats    ] Allocation pacing accrued:
[57.660s][info][gc,stats    ]       0 of  1405 ms (  0.0%): <total>
[57.660s][info][gc,stats    ]       0 of  1405 ms (  0.0%): <average total>
[57.660s][info][gc,stats    ] 
[57.660s][info][gc,metaspace] Metaspace: 15921K(16192K)->15922K(16192K) NonClass: 13751K(13888K)->13751K(13888K) Class: 2170K(2304K)->2170K(2304K)
[57.660s][info][gc,ergo     ] Pacer for Idle. Initial: 41943K, Alloc Tax Rate: 1.0x
[57.674s][info][gc          ] Trigger: Explicit GC request (System.gc())
[57.674s][info][gc,ergo     ] Free: 1172M, Max: 1024K regular, 921M humongous, Frag: 22% external, 0% internal; Reserve: 103M, Max: 1024K
[57.674s][info][gc,start    ] GC(77) Concurrent reset
[57.674s][info][gc,task     ] GC(77) Using 1 of 3 workers for concurrent reset
[57.674s][info][gc,ergo     ] GC(77) Pacer for Reset. Non-Taxable: 2048M
[57.678s][info][gc          ] GC(77) Concurrent reset 3.068ms
[57.678s][info][gc,start    ] GC(77) Pause Init Mark (unload classes)
[57.678s][info][gc,task     ] GC(77) Using 3 of 3 workers for init marking
[57.678s][info][gc,ref      ] GC(77) Clearing All SoftReferences
[57.678s][info][gc,ergo     ] GC(77) Pacer for Mark. Expected Live: 117M, Free: 1172M, Non-Taxable: 117M, Alloc Tax Rate: 0.1x
[57.678s][info][gc          ] GC(77) Pause Init Mark (unload classes) 0.239ms
[57.678s][info][gc,start    ] GC(77) Concurrent marking roots
[57.678s][info][gc,task     ] GC(77) Using 1 of 3 workers for concurrent marking roots
[57.679s][info][gc          ] GC(77) Concurrent marking roots 0.846ms
[57.679s][info][gc,start    ] GC(77) Concurrent marking (unload classes)
[57.679s][info][gc,task     ] GC(77) Using 1 of 3 workers for concurrent marking
[57.684s][info][gc          ] GC(77) Concurrent marking (unload classes) 5.121ms
[57.684s][info][gc,start    ] GC(77) Pause Final Mark (unload classes)
[57.684s][info][gc,task     ] GC(77) Using 3 of 3 workers for final marking
[57.684s][info][gc,ergo     ] GC(77) Collectable Garbage: 725M (98%), Immediate: 725M (98%), CSet: 0B (0%)
[57.685s][info][gc          ] GC(77) Pause Final Mark (unload classes) 0.437ms
[57.685s][info][gc,start    ] GC(77) Concurrent weak references
[57.685s][info][gc,task     ] GC(77) Using 1 of 3 workers for concurrent weak references
[57.685s][info][gc,ref      ] GC(77) Encountered references: Soft: 178, Weak: 683, Final: 0, Phantom: 63
[57.685s][info][gc,ref      ] GC(77) Discovered  references: Soft: 127, Weak: 165, Final: 0, Phantom: 61
[57.685s][info][gc,ref      ] GC(77) Enqueued    references: Soft: 48, Weak: 0, Final: 0, Phantom: 0
[57.685s][info][gc          ] GC(77) Concurrent weak references 0.172ms
[57.685s][info][gc,start    ] GC(77) Concurrent weak roots
[57.685s][info][gc,task     ] GC(77) Using 1 of 3 workers for concurrent weak root
[57.686s][info][gc          ] GC(77) Concurrent weak roots 0.991ms
[57.686s][info][gc,start    ] GC(77) Concurrent cleanup
[57.686s][info][gc          ] GC(77) Concurrent cleanup 737M->12M(2048M) 0.060ms
[57.686s][info][gc,ergo     ] GC(77) Free: 1932M, Max: 1024K regular, 1005M humongous, Frag: 48% external, 0% internal; Reserve: 103M, Max: 1024K
[57.686s][info][gc,start    ] GC(77) Concurrent class unloading
[57.686s][info][gc,task     ] GC(77) Using 1 of 3 workers for concurrent class unloading
[57.690s][info][gc          ] GC(77) Concurrent class unloading 4.380ms
[57.690s][info][gc,start    ] GC(77) Pause Final Roots
[57.690s][info][gc          ] GC(77) Pause Final Roots 0.065ms
[57.691s][info][gc,ergo     ] Free: 1932M, Max: 1024K regular, 1005M humongous, Frag: 48% external, 0% internal; Reserve: 103M, Max: 1024K
[57.691s][info][gc,stats    ] 
[57.691s][info][gc,stats    ] All times are wall-clock times, except per-root-class counters, that are sum over
[57.691s][info][gc,stats    ] all workers. Dividing the <total> over the root stage time estimates parallelism.
[57.691s][info][gc,stats    ] 
[57.691s][info][gc,stats    ] Concurrent Reset                   3167 us
[57.691s][info][gc,stats    ] Pause Init Mark (G)                 367 us
[57.691s][info][gc,stats    ] Pause Init Mark (N)                 260 us
[57.691s][info][gc,stats    ]   Update Region States              100 us
[57.691s][info][gc,stats    ] Concurrent Mark Roots               863 us, parallelism: 0.81x
[57.691s][info][gc,stats    ]   CMR: <total>                      698 us
[57.691s][info][gc,stats    ]   CMR: Thread Roots                 604 us, workers (us): 604, ---, ---, 
[57.691s][info][gc,stats    ]   CMR: VM Strong Roots                8 us, workers (us):   8, ---, ---, 
[57.691s][info][gc,stats    ]   CMR: CLDG Roots                    86 us, workers (us):  86, ---, ---, 
[57.691s][info][gc,stats    ] Concurrent Marking                 5175 us
[57.691s][info][gc,stats    ] Pause Final Mark (G)                578 us
[57.691s][info][gc,stats    ] Pause Final Mark (N)                462 us
[57.691s][info][gc,stats    ]   Finish Mark                       155 us
[57.691s][info][gc,stats    ]   Update Region States               78 us
[57.691s][info][gc,stats    ]   Choose Collection Set             101 us
[57.691s][info][gc,stats    ]   Rebuild Free Set                   24 us
[57.691s][info][gc,stats    ] Concurrent Weak References          180 us, parallelism: 0.08x
[57.691s][info][gc,stats    ]   CWRF: <total>                      15 us
[57.691s][info][gc,stats    ]   CWRF: Weak References              15 us, workers (us):  15, ---, ---, 
[57.691s][info][gc,stats    ] Concurrent Weak Roots              1029 us
[57.691s][info][gc,stats    ]   Roots                             915 us, parallelism: 0.93x
[57.691s][info][gc,stats    ]     CWR: <total>                    848 us
[57.691s][info][gc,stats    ]     CWR: Code Cache Roots           769 us, workers (us): 769, ---, ---, 
[57.691s][info][gc,stats    ]     CWR: VM Weak Roots               74 us, workers (us):  74, ---, ---, 
[57.691s][info][gc,stats    ]     CWR: CLDG Roots                   4 us, workers (us):   4, ---, ---, 
[57.691s][info][gc,stats    ]   Rendezvous                         58 us
[57.691s][info][gc,stats    ] Concurrent Cleanup                   68 us
[57.691s][info][gc,stats    ] Concurrent Class Unloading         4430 us
[57.691s][info][gc,stats    ]   Unlink Stale                     3853 us
[57.691s][info][gc,stats    ]     System Dictionary                 6 us
[57.691s][info][gc,stats    ]     Weak Class Links                  0 us
[57.691s][info][gc,stats    ]     Code Roots                     3845 us
[57.691s][info][gc,stats    ]   Rendezvous                        210 us
[57.691s][info][gc,stats    ]   Purge Unlinked                    298 us
[57.691s][info][gc,stats    ]     Code Roots                      281 us
[57.691s][info][gc,stats    ]     CLDG                             16 us
[57.691s][info][gc,stats    ]     Exception Caches                  0 us
[57.691s][info][gc,stats    ] Pause Final Roots (G)               206 us
[57.691s][info][gc,stats    ] Pause Final Roots (N)                84 us
[57.691s][info][gc,stats    ] 
[57.691s][info][gc,stats    ] Allocation pacing accrued:
[57.691s][info][gc,stats    ]       0 of    31 ms (  0.0%): <total>
[57.691s][info][gc,stats    ]       0 of    31 ms (  0.0%): <average total>
[57.691s][info][gc,stats    ] 
[57.691s][info][gc,metaspace] Metaspace: 15922K(16192K)->15922K(16192K) NonClass: 13751K(13888K)->13752K(13888K) Class: 2170K(2304K)->2170K(2304K)
[57.691s][info][gc,ergo     ] Pacer for Idle. Initial: 41943K, Alloc Tax Rate: 1.0x
[58.224s][info][gc          ] Trigger: Learning 2 of 5. Free (1413M) is below initial threshold (1433M)
[58.224s][info][gc,ergo     ] Free: 1413M, Max: 1024K regular, 1005M humongous, Frag: 29% external, 0% internal; Reserve: 103M, Max: 1024K
[58.224s][info][gc,start    ] GC(78) Concurrent reset
[58.224s][info][gc,task     ] GC(78) Using 1 of 3 workers for concurrent reset
[58.225s][info][gc,ergo     ] GC(78) Pacer for Reset. Non-Taxable: 2048M
[58.225s][info][gc          ] GC(78) Concurrent reset 0.329ms
[58.225s][info][gc,start    ] GC(78) Pause Init Mark (unload classes)
[58.225s][info][gc,task     ] GC(78) Using 3 of 3 workers for init marking
[58.225s][info][gc,ergo     ] GC(78) Pacer for Mark. Expected Live: 81598K, Free: 1413M, Non-Taxable: 141M, Alloc Tax Rate: 0.1x
[58.225s][info][gc          ] GC(78) Pause Init Mark (unload classes) 0.157ms
[58.225s][info][gc,start    ] GC(78) Concurrent marking roots
[58.225s][info][gc,task     ] GC(78) Using 1 of 3 workers for concurrent marking roots
[58.226s][info][gc          ] GC(78) Concurrent marking roots 0.426ms
[58.226s][info][gc,start    ] GC(78) Concurrent marking (unload classes)
[58.226s][info][gc,task     ] GC(78) Using 1 of 3 workers for concurrent marking
[58.561s][info][gc          ] GC(78) Concurrent marking (unload classes) 334.910ms
[58.561s][info][gc,start    ] GC(78) Pause Final Mark (unload classes)
[58.561s][info][gc,task     ] GC(78) Using 3 of 3 workers for final marking
[58.561s][info][gc,ergo     ] GC(78) Adaptive CSet Selection. Target Free: 290M, Actual Free: 1256M, Max CSet: 87381K, Min Garbage: 0B
[58.561s][info][gc,ergo     ] GC(78) Collectable Garbage: 196M (61%), Immediate: 29357K (8%), CSet: 167M (52%)
[58.561s][info][gc,ergo     ] GC(78) Pacer for Evacuation. Used CSet: 253M, Free: 1166M, Non-Taxable: 116M, Alloc Tax Rate: 1.1x
[58.561s][info][gc          ] GC(78) Pause Final Mark (unload classes) 0.238ms
[58.576s][info][gc,start    ] GC(78) Concurrent thread roots
[58.576s][info][gc,task     ] GC(78) Using 1 of 3 workers for Concurrent thread roots
[58.577s][info][gc          ] GC(78) Concurrent thread roots 0.516ms
[58.577s][info][gc,start    ] GC(78) Concurrent weak references
[58.577s][info][gc,task     ] GC(78) Using 1 of 3 workers for concurrent weak references
[58.577s][info][gc,ref      ] GC(78) Encountered references: Soft: 133, Weak: 684, Final: 0, Phantom: 63
[58.577s][info][gc,ref      ] GC(78) Discovered  references: Soft: 0, Weak: 152, Final: 0, Phantom: 26
[58.577s][info][gc,ref      ] GC(78) Enqueued    references: Soft: 0, Weak: 0, Final: 0, Phantom: 0
[58.577s][info][gc          ] GC(78) Concurrent weak references 0.075ms
[58.577s][info][gc,start    ] GC(78) Concurrent weak roots
[58.577s][info][gc,task     ] GC(78) Using 1 of 3 workers for concurrent weak root
[58.592s][info][gc          ] GC(78) Concurrent weak roots 14.968ms
[58.592s][info][gc,start    ] GC(78) Concurrent cleanup
[58.592s][info][gc          ] GC(78) Concurrent cleanup 820M->791M(2048M) 0.042ms
[58.592s][info][gc,ergo     ] GC(78) Free: 1136M, Max: 1024K regular, 1097M humongous, Frag: 4% external, 0% internal; Reserve: 90878K, Max: 1024K
[58.592s][info][gc,start    ] GC(78) Concurrent class unloading
[58.592s][info][gc,task     ] GC(78) Using 1 of 3 workers for concurrent class unloading
[58.608s][info][gc          ] GC(78) Concurrent class unloading 15.716ms
[58.608s][info][gc,start    ] GC(78) Concurrent strong roots
[58.608s][info][gc,task     ] GC(78) Using 1 of 3 workers for concurrent strong root
[58.608s][info][gc          ] GC(78) Concurrent strong roots 0.072ms
[58.608s][info][gc,start    ] GC(78) Concurrent evacuation
[58.608s][info][gc,task     ] GC(78) Using 1 of 3 workers for concurrent evacuation
[58.688s][info][gc          ] GC(78) Concurrent evacuation 79.920ms
[58.688s][info][gc,start    ] GC(78) Pause Init Update Refs
[58.688s][info][gc,ergo     ] GC(78) Pacer for Update Refs. Used: 943M, Free: 1056M, Non-Taxable: 105M, Alloc Tax Rate: 1.1x
[58.688s][info][gc          ] GC(78) Pause Init Update Refs 0.035ms
[58.693s][info][gc,start    ] GC(78) Concurrent update references
[58.693s][info][gc,task     ] GC(78) Using 1 of 3 workers for concurrent reference update
[59.110s][info][gc          ] GC(78) Concurrent update references 417.537ms
[59.110s][info][gc,start    ] GC(78) Concurrent update thread roots
[59.111s][info][gc          ] GC(78) Concurrent update thread roots 0.749ms
[59.111s][info][gc,start    ] GC(78) Pause Final Update Refs
[59.111s][info][gc,task     ] GC(78) Using 3 of 3 workers for final reference update
[59.112s][info][gc          ] GC(78) Pause Final Update Refs 0.227ms
[59.112s][info][gc,start    ] GC(78) Concurrent cleanup
[59.112s][info][gc          ] GC(78) Concurrent cleanup 993M->740M(2048M) 0.050ms
[59.112s][info][gc,ergo     ] Free: 1170M, Max: 1024K regular, 921M humongous, Frag: 22% external, 0% internal; Reserve: 103M, Max: 1024K
[59.112s][info][gc,stats    ] 
[59.112s][info][gc,stats    ] All times are wall-clock times, except per-root-class counters, that are sum over
[59.112s][info][gc,stats    ] all workers. Dividing the <total> over the root stage time estimates parallelism.
[59.112s][info][gc,stats    ] 
[59.112s][info][gc,stats    ] Concurrent Reset                    382 us
[59.112s][info][gc,stats    ] Pause Init Mark (G)                 309 us
[59.112s][info][gc,stats    ] Pause Init Mark (N)                 174 us
[59.112s][info][gc,stats    ]   Update Region States               70 us
[59.112s][info][gc,stats    ] Concurrent Mark Roots               445 us, parallelism: 0.80x
[59.112s][info][gc,stats    ]   CMR: <total>                      357 us
[59.112s][info][gc,stats    ]   CMR: Thread Roots                 320 us, workers (us): 320, ---, ---, 
[59.112s][info][gc,stats    ]   CMR: VM Strong Roots                4 us, workers (us):   4, ---, ---, 
[59.112s][info][gc,stats    ]   CMR: CLDG Roots                    34 us, workers (us):  34, ---, ---, 
[59.112s][info][gc,stats    ] Concurrent Marking               334978 us
[59.112s][info][gc,stats    ] Pause Final Mark (G)              15564 us
[59.112s][info][gc,stats    ] Pause Final Mark (N)                246 us
[59.112s][info][gc,stats    ]   Finish Mark                        44 us
[59.112s][info][gc,stats    ]   Update Region States               29 us
[59.112s][info][gc,stats    ]   Choose Collection Set              93 us
[59.112s][info][gc,stats    ]   Rebuild Free Set                    9 us
[59.112s][info][gc,stats    ] Concurrent Thread Roots             536 us, parallelism: 0.79x
[59.112s][info][gc,stats    ]   CTR: <total>                      423 us
[59.112s][info][gc,stats    ]   CTR: Thread Roots                 423 us, workers (us): 423, ---, ---, 
[59.112s][info][gc,stats    ] Concurrent Weak References           82 us, parallelism: 0.21x
[59.112s][info][gc,stats    ]   CWRF: <total>                      17 us
[59.112s][info][gc,stats    ]   CWRF: Weak References              17 us, workers (us):  17, ---, ---, 
[59.112s][info][gc,stats    ] Concurrent Weak Roots             15032 us
[59.112s][info][gc,stats    ]   Roots                            1221 us, parallelism: 0.96x
[59.112s][info][gc,stats    ]     CWR: <total>                   1171 us
[59.112s][info][gc,stats    ]     CWR: Code Cache Roots          1064 us, workers (us): 1064, ---, ---, 
[59.112s][info][gc,stats    ]     CWR: VM Weak Roots               99 us, workers (us):  99, ---, ---, 
[59.112s][info][gc,stats    ]     CWR: CLDG Roots                   8 us, workers (us):   8, ---, ---, 
[59.112s][info][gc,stats    ]   Rendezvous                      13729 us
[59.112s][info][gc,stats    ] Concurrent Cleanup                   50 us
[59.112s][info][gc,stats    ] Concurrent Class Unloading        15767 us
[59.112s][info][gc,stats    ]   Unlink Stale                     4160 us
[59.112s][info][gc,stats    ]     System Dictionary                13 us
[59.112s][info][gc,stats    ]     Weak Class Links                  0 us
[59.112s][info][gc,stats    ]     Code Roots                     4144 us
[59.112s][info][gc,stats    ]   Rendezvous                      11289 us
[59.112s][info][gc,stats    ]   Purge Unlinked                    246 us
[59.112s][info][gc,stats    ]     Code Roots                      240 us
[59.112s][info][gc,stats    ]     CLDG                              6 us
[59.112s][info][gc,stats    ]     Exception Caches                  0 us
[59.112s][info][gc,stats    ] Concurrent Strong Roots              80 us, parallelism: 0.44x
[59.112s][info][gc,stats    ]   CSR: <total>                       35 us
[59.112s][info][gc,stats    ]   CSR: VM Strong Roots                5 us, workers (us):   5, ---, ---, 
[59.112s][info][gc,stats    ]   CSR: CLDG Roots                    30 us, workers (us):  30, ---, ---, 
[59.112s][info][gc,stats    ] Concurrent Evacuation             79994 us
[59.112s][info][gc,stats    ] Pause Init Update Refs (G)         5084 us
[59.112s][info][gc,stats    ] Pause Init Update Refs (N)           44 us
[59.112s][info][gc,stats    ]   Manage GCLABs                       6 us
[59.112s][info][gc,stats    ] Concurrent Update Refs           417620 us
[59.112s][info][gc,stats    ] Concurrent Update Thread Roots      798 us
[59.112s][info][gc,stats    ] Pause Final Update Refs (G)         353 us
[59.112s][info][gc,stats    ] Pause Final Update Refs (N)         264 us
[59.112s][info][gc,stats    ]   Update Region States              107 us
[59.112s][info][gc,stats    ]   Trash Collection Set                9 us
[59.112s][info][gc,stats    ]   Rebuild Free Set                   21 us
[59.112s][info][gc,stats    ] Concurrent Cleanup                   60 us
[59.112s][info][gc,stats    ] 
[59.112s][info][gc,stats    ] Allocation pacing accrued:
[59.112s][info][gc,stats    ]       0 of  1421 ms (  0.0%): <total>
[59.112s][info][gc,stats    ]       0 of  1421 ms (  0.0%): <average total>
[59.112s][info][gc,stats    ] 
[59.112s][info][gc,metaspace] Metaspace: 15923K(16192K)->15930K(16192K) NonClass: 13753K(13888K)->13760K(13888K) Class: 2170K(2304K)->2170K(2304K)
[59.112s][info][gc,ergo     ] Pacer for Idle. Initial: 41943K, Alloc Tax Rate: 1.0x
[59.126s][info][gc          ] Trigger: Explicit GC request (System.gc())
[59.126s][info][gc,ergo     ] Free: 1170M, Max: 1024K regular, 921M humongous, Frag: 22% external, 0% internal; Reserve: 103M, Max: 1024K
[59.127s][info][gc,start    ] GC(79) Concurrent reset
[59.127s][info][gc,task     ] GC(79) Using 1 of 3 workers for concurrent reset
[59.127s][info][gc,ergo     ] GC(79) Pacer for Reset. Non-Taxable: 2048M
[59.129s][info][gc          ] GC(79) Concurrent reset 2.821ms
[59.129s][info][gc,start    ] GC(79) Pause Init Mark (unload classes)
[59.130s][info][gc,task     ] GC(79) Using 3 of 3 workers for init marking
[59.130s][info][gc,ref      ] GC(79) Clearing All SoftReferences
[59.130s][info][gc,ergo     ] GC(79) Pacer for Mark. Expected Live: 117M, Free: 1170M, Non-Taxable: 117M, Alloc Tax Rate: 0.1x
[59.130s][info][gc          ] GC(79) Pause Init Mark (unload classes) 0.203ms
[59.130s][info][gc,start    ] GC(79) Concurrent marking roots
[59.130s][info][gc,task     ] GC(79) Using 1 of 3 workers for concurrent marking roots
[59.130s][info][gc          ] GC(79) Concurrent marking roots 0.492ms
[59.130s][info][gc,start    ] GC(79) Concurrent marking (unload classes)
[59.130s][info][gc,task     ] GC(79) Using 1 of 3 workers for concurrent marking
[59.135s][info][gc          ] GC(79) Concurrent marking (unload classes) 4.495ms
[59.135s][info][gc,start    ] GC(79) Pause Final Mark (unload classes)
[59.135s][info][gc,task     ] GC(79) Using 3 of 3 workers for final marking
[59.135s][info][gc,ergo     ] GC(79) Collectable Garbage: 727M (98%), Immediate: 727M (98%), CSet: 0B (0%)
[59.135s][info][gc          ] GC(79) Pause Final Mark (unload classes) 0.408ms
[59.135s][info][gc,start    ] GC(79) Concurrent weak references
[59.135s][info][gc,task     ] GC(79) Using 1 of 3 workers for concurrent weak references
[59.136s][info][gc,ref      ] GC(79) Encountered references: Soft: 178, Weak: 683, Final: 0, Phantom: 63
[59.136s][info][gc,ref      ] GC(79) Discovered  references: Soft: 127, Weak: 165, Final: 0, Phantom: 61
[59.136s][info][gc,ref      ] GC(79) Enqueued    references: Soft: 48, Weak: 0, Final: 0, Phantom: 0
[59.136s][info][gc          ] GC(79) Concurrent weak references 0.190ms
[59.136s][info][gc,start    ] GC(79) Concurrent weak roots
[59.136s][info][gc,task     ] GC(79) Using 1 of 3 workers for concurrent weak root
[59.137s][info][gc          ] GC(79) Concurrent weak roots 0.940ms
[59.137s][info][gc,start    ] GC(79) Concurrent cleanup
[59.137s][info][gc          ] GC(79) Concurrent cleanup 740M->13M(2048M) 0.060ms
[59.137s][info][gc,ergo     ] GC(79) Free: 1932M, Max: 1024K regular, 1007M humongous, Frag: 48% external, 0% internal; Reserve: 103M, Max: 1024K
[59.137s][info][gc,start    ] GC(79) Concurrent class unloading
[59.137s][info][gc,task     ] GC(79) Using 1 of 3 workers for concurrent class unloading
[59.141s][info][gc          ] GC(79) Concurrent class unloading 4.029ms
[59.141s][info][gc,start    ] GC(79) Pause Final Roots
[59.141s][info][gc          ] GC(79) Pause Final Roots 0.052ms
[59.141s][info][gc,ergo     ] Free: 1932M, Max: 1024K regular, 1007M humongous, Frag: 48% external, 0% internal; Reserve: 103M, Max: 1024K
[59.141s][info][gc,stats    ] 
[59.141s][info][gc,stats    ] All times are wall-clock times, except per-root-class counters, that are sum over
[59.141s][info][gc,stats    ] all workers. Dividing the <total> over the root stage time estimates parallelism.
[59.141s][info][gc,stats    ] 
[59.141s][info][gc,stats    ] Concurrent Reset                   2858 us
[59.141s][info][gc,stats    ] Pause Init Mark (G)                 372 us
[59.141s][info][gc,stats    ] Pause Init Mark (N)                 212 us
[59.141s][info][gc,stats    ]   Update Region States               75 us
[59.141s][info][gc,stats    ] Concurrent Mark Roots               529 us, parallelism: 0.64x
[59.141s][info][gc,stats    ]   CMR: <total>                      338 us
[59.141s][info][gc,stats    ]   CMR: Thread Roots                 296 us, workers (us): 296, ---, ---, 
[59.141s][info][gc,stats    ]   CMR: VM Strong Roots                5 us, workers (us):   5, ---, ---, 
[59.141s][info][gc,stats    ]   CMR: CLDG Roots                    37 us, workers (us):  37, ---, ---, 
[59.141s][info][gc,stats    ] Concurrent Marking                 4560 us
[59.141s][info][gc,stats    ] Pause Final Mark (G)                557 us
[59.141s][info][gc,stats    ] Pause Final Mark (N)                432 us
[59.141s][info][gc,stats    ]   Finish Mark                       103 us
[59.141s][info][gc,stats    ]   Update Region States               99 us
[59.141s][info][gc,stats    ]   Choose Collection Set             101 us
[59.141s][info][gc,stats    ]   Rebuild Free Set                   25 us
[59.141s][info][gc,stats    ] Concurrent Weak References          198 us, parallelism: 0.17x
[59.141s][info][gc,stats    ]   CWRF: <total>                      33 us
[59.141s][info][gc,stats    ]   CWRF: Weak References              33 us, workers (us):  33, ---, ---, 
[59.141s][info][gc,stats    ] Concurrent Weak Roots               978 us
[59.141s][info][gc,stats    ]   Roots                             842 us, parallelism: 0.92x
[59.141s][info][gc,stats    ]     CWR: <total>                    775 us
[59.141s][info][gc,stats    ]     CWR: Code Cache Roots           691 us, workers (us): 691, ---, ---, 
[59.141s][info][gc,stats    ]     CWR: VM Weak Roots               77 us, workers (us):  77, ---, ---, 
[59.141s][info][gc,stats    ]     CWR: CLDG Roots                   8 us, workers (us):   8, ---, ---, 
[59.141s][info][gc,stats    ]   Rendezvous                         81 us
[59.142s][info][gc,stats    ] Concurrent Cleanup                   68 us
[59.142s][info][gc,stats    ] Concurrent Class Unloading         4093 us
[59.142s][info][gc,stats    ]   Unlink Stale                     3528 us
[59.142s][info][gc,stats    ]     System Dictionary                 6 us
[59.142s][info][gc,stats    ]     Weak Class Links                  0 us
[59.142s][info][gc,stats    ]     Code Roots                     3520 us
[59.142s][info][gc,stats    ]   Rendezvous                        172 us
[59.142s][info][gc,stats    ]   Purge Unlinked                    309 us
[59.142s][info][gc,stats    ]     Code Roots                      299 us
[59.142s][info][gc,stats    ]     CLDG                              9 us
[59.142s][info][gc,stats    ]     Exception Caches                  0 us
[59.142s][info][gc,stats    ] Pause Final Roots (G)               193 us
[59.142s][info][gc,stats    ] Pause Final Roots (N)                74 us
[59.142s][info][gc,stats    ] 
[59.142s][info][gc,stats    ] Allocation pacing accrued:
[59.142s][info][gc,stats    ]       0 of    30 ms (  0.0%): <total>
[59.142s][info][gc,stats    ]       0 of    30 ms (  0.0%): <average total>
[59.142s][info][gc,stats    ] 
[59.142s][info][gc,metaspace] Metaspace: 15930K(16192K)->15930K(16192K) NonClass: 13760K(13888K)->13760K(13888K) Class: 2170K(2304K)->2170K(2304K)
[59.142s][info][gc,ergo     ] Pacer for Idle. Initial: 41943K, Alloc Tax Rate: 1.0x
[59.676s][info][gc          ] Trigger: Learning 2 of 5. Free (1415M) is below initial threshold (1433M)
[59.676s][info][gc,ergo     ] Free: 1415M, Max: 1024K regular, 1007M humongous, Frag: 29% external, 0% internal; Reserve: 103M, Max: 1024K
[59.676s][info][gc,start    ] GC(80) Concurrent reset
[59.676s][info][gc,task     ] GC(80) Using 1 of 3 workers for concurrent reset
[59.676s][info][gc,ergo     ] GC(80) Pacer for Reset. Non-Taxable: 2048M
[59.676s][info][gc          ] GC(80) Concurrent reset 0.428ms
[59.676s][info][gc,start    ] GC(80) Pause Init Mark (unload classes)
[59.676s][info][gc,task     ] GC(80) Using 3 of 3 workers for init marking
[59.677s][info][gc,ergo     ] GC(80) Pacer for Mark. Expected Live: 81863K, Free: 1414M, Non-Taxable: 141M, Alloc Tax Rate: 0.1x
[59.677s][info][gc          ] GC(80) Pause Init Mark (unload classes) 0.244ms
[59.677s][info][gc,start    ] GC(80) Concurrent marking roots
[59.677s][info][gc,task     ] GC(80) Using 1 of 3 workers for concurrent marking roots
[59.677s][info][gc          ] GC(80) Concurrent marking roots 0.787ms
[59.678s][info][gc,start    ] GC(80) Concurrent marking (unload classes)
[59.678s][info][gc,task     ] GC(80) Using 1 of 3 workers for concurrent marking
[60.064s][info][gc          ] GC(80) Concurrent marking (unload classes) 386.146ms
[60.064s][info][gc,start    ] GC(80) Pause Final Mark (unload classes)
[60.064s][info][gc,task     ] GC(80) Using 3 of 3 workers for final marking
[60.064s][info][gc,ergo     ] GC(80) Adaptive CSet Selection. Target Free: 290M, Actual Free: 1185M, Max CSet: 87381K, Min Garbage: 0B
[60.064s][info][gc,ergo     ] GC(80) Collectable Garbage: 197M (61%), Immediate: 29760K (9%), CSet: 168M (52%)
[60.064s][info][gc,ergo     ] GC(80) Pacer for Evacuation. Used CSet: 254M, Free: 1094M, Non-Taxable: 109M, Alloc Tax Rate: 1.1x
[60.064s][info][gc          ] GC(80) Pause Final Mark (unload classes) 0.230ms
[60.103s][info][gc,start    ] GC(80) Concurrent thread roots
[60.103s][info][gc,task     ] GC(80) Using 1 of 3 workers for Concurrent thread roots
[60.103s][info][gc          ] GC(80) Concurrent thread roots 0.473ms
[60.103s][info][gc,start    ] GC(80) Concurrent weak references
[60.103s][info][gc,task     ] GC(80) Using 1 of 3 workers for concurrent weak references
[60.104s][info][gc,ref      ] GC(80) Encountered references: Soft: 133, Weak: 684, Final: 0, Phantom: 63
[60.104s][info][gc,ref      ] GC(80) Discovered  references: Soft: 0, Weak: 153, Final: 0, Phantom: 26
[60.104s][info][gc,ref      ] GC(80) Enqueued    references: Soft: 0, Weak: 0, Final: 0, Phantom: 0
[60.104s][info][gc          ] GC(80) Concurrent weak references 0.083ms
[60.104s][info][gc,start    ] GC(80) Concurrent weak roots
[60.104s][info][gc,task     ] GC(80) Using 1 of 3 workers for concurrent weak root
[60.114s][info][gc          ] GC(80) Concurrent weak roots 10.398ms
[60.114s][info][gc,start    ] GC(80) Concurrent cleanup
[60.114s][info][gc          ] GC(80) Concurrent cleanup 885M->856M(2048M) 0.035ms
[60.114s][info][gc,ergo     ] GC(80) Free: 1068M, Max: 1024K regular, 1030M humongous, Frag: 4% external, 0% internal; Reserve: 90112K, Max: 1024K
[60.114s][info][gc,start    ] GC(80) Concurrent class unloading
[60.114s][info][gc,task     ] GC(80) Using 1 of 3 workers for concurrent class unloading
[60.119s][info][gc          ] GC(80) Concurrent class unloading 4.797ms
[60.119s][info][gc,start    ] GC(80) Concurrent strong roots
[60.119s][info][gc,task     ] GC(80) Using 1 of 3 workers for concurrent strong root
[60.119s][info][gc          ] GC(80) Concurrent strong roots 0.074ms
[60.119s][info][gc,start    ] GC(80) Concurrent evacuation
[60.119s][info][gc,task     ] GC(80) Using 1 of 3 workers for concurrent evacuation
[60.196s][info][gc          ] GC(80) Concurrent evacuation 77.019ms
[60.196s][info][gc,start    ] GC(80) Pause Init Update Refs
[60.196s][info][gc,ergo     ] GC(80) Pacer for Update Refs. Used: 990M, Free: 1009M, Non-Taxable: 100M, Alloc Tax Rate: 1.2x
[60.196s][info][gc          ] GC(80) Pause Init Update Refs 0.063ms
[60.196s][info][gc,start    ] GC(80) Concurrent update references
[60.196s][info][gc,task     ] GC(80) Using 1 of 3 workers for concurrent reference update
[60.672s][info][gc          ] GC(80) Concurrent update references 476.077ms
[60.672s][info][gc,start    ] GC(80) Concurrent update thread roots
[60.673s][info][gc          ] GC(80) Concurrent update thread roots 0.409ms
[60.673s][info][gc,start    ] GC(80) Pause Final Update Refs
[60.673s][info][gc,task     ] GC(80) Using 3 of 3 workers for final reference update
[60.673s][info][gc          ] GC(80) Pause Final Update Refs 0.365ms
[60.673s][info][gc,start    ] GC(80) Concurrent cleanup
[60.673s][info][gc          ] GC(80) Concurrent cleanup 995M->741M(2048M) 0.106ms
[60.674s][info][gc,ergo     ] Free: 1169M, Max: 1024K regular, 918M humongous, Frag: 22% external, 0% internal; Reserve: 103M, Max: 1024K
[60.674s][info][gc,stats    ] 
[60.674s][info][gc,stats    ] All times are wall-clock times, except per-root-class counters, that are sum over
[60.674s][info][gc,stats    ] all workers. Dividing the <total> over the root stage time estimates parallelism.
[60.674s][info][gc,stats    ] 
[60.674s][info][gc,stats    ] Concurrent Reset                    486 us
[60.674s][info][gc,stats    ] Pause Init Mark (G)                 453 us
[60.674s][info][gc,stats    ] Pause Init Mark (N)                 263 us
[60.674s][info][gc,stats    ]   Update Region States              112 us
[60.674s][info][gc,stats    ] Concurrent Mark Roots               812 us, parallelism: 0.84x
[60.674s][info][gc,stats    ]   CMR: <total>                      680 us
[60.674s][info][gc,stats    ]   CMR: Thread Roots                 611 us, workers (us): 611, ---, ---, 
[60.674s][info][gc,stats    ]   CMR: VM Strong Roots                6 us, workers (us):   6, ---, ---, 
[60.674s][info][gc,stats    ]   CMR: CLDG Roots                    64 us, workers (us):  64, ---, ---, 
[60.674s][info][gc,stats    ] Concurrent Marking               386216 us
[60.674s][info][gc,stats    ] Pause Final Mark (G)              39222 us
[60.674s][info][gc,stats    ] Pause Final Mark (N)                239 us
[60.674s][info][gc,stats    ]   Finish Mark                        48 us
[60.674s][info][gc,stats    ]   Update Region States               31 us
[60.674s][info][gc,stats    ]   Choose Collection Set             108 us
[60.674s][info][gc,stats    ]   Rebuild Free Set                    9 us
[60.674s][info][gc,stats    ] Concurrent Thread Roots             496 us, parallelism: 0.73x
[60.674s][info][gc,stats    ]   CTR: <total>                      365 us
[60.674s][info][gc,stats    ]   CTR: Thread Roots                 365 us, workers (us): 365, ---, ---, 
[60.674s][info][gc,stats    ] Concurrent Weak References           90 us, parallelism: 0.16x
[60.674s][info][gc,stats    ]   CWRF: <total>                      14 us
[60.674s][info][gc,stats    ]   CWRF: Weak References              14 us, workers (us):  14, ---, ---, 
[60.674s][info][gc,stats    ] Concurrent Weak Roots             10446 us
[60.674s][info][gc,stats    ]   Roots                             894 us, parallelism: 0.95x
[60.674s][info][gc,stats    ]     CWR: <total>                    851 us
[60.674s][info][gc,stats    ]     CWR: Code Cache Roots           757 us, workers (us): 757, ---, ---, 
[60.674s][info][gc,stats    ]     CWR: VM Weak Roots               87 us, workers (us):  87, ---, ---, 
[60.674s][info][gc,stats    ]     CWR: CLDG Roots                   6 us, workers (us):   6, ---, ---, 
[60.674s][info][gc,stats    ]   Rendezvous                       9486 us
[60.674s][info][gc,stats    ] Concurrent Cleanup                   43 us
[60.674s][info][gc,stats    ] Concurrent Class Unloading         4850 us
[60.674s][info][gc,stats    ]   Unlink Stale                     3948 us
[60.674s][info][gc,stats    ]     System Dictionary                10 us
[60.674s][info][gc,stats    ]     Weak Class Links                  0 us
[60.674s][info][gc,stats    ]     Code Roots                     3936 us
[60.674s][info][gc,stats    ]   Rendezvous                        588 us
[60.674s][info][gc,stats    ]   Purge Unlinked                    242 us
[60.674s][info][gc,stats    ]     Code Roots                      237 us
[60.674s][info][gc,stats    ]     CLDG                              4 us
[60.674s][info][gc,stats    ]     Exception Caches                  0 us
[60.674s][info][gc,stats    ] Concurrent Strong Roots              82 us, parallelism: 0.45x
[60.674s][info][gc,stats    ]   CSR: <total>                       37 us
[60.674s][info][gc,stats    ]   CSR: VM Strong Roots                4 us, workers (us):   4, ---, ---, 
[60.674s][info][gc,stats    ]   CSR: CLDG Roots                    33 us, workers (us):  33, ---, ---, 
[60.674s][info][gc,stats    ] Concurrent Evacuation             77104 us
[60.674s][info][gc,stats    ] Pause Init Update Refs (G)          167 us
[60.674s][info][gc,stats    ] Pause Init Update Refs (N)           72 us
[60.674s][info][gc,stats    ]   Manage GCLABs                       4 us
[60.674s][info][gc,stats    ] Concurrent Update Refs           476157 us
[60.674s][info][gc,stats    ] Concurrent Update Thread Roots      459 us
[60.674s][info][gc,stats    ] Pause Final Update Refs (G)         453 us
[60.674s][info][gc,stats    ] Pause Final Update Refs (N)         376 us
[60.674s][info][gc,stats    ]   Update Region States              264 us
[60.674s][info][gc,stats    ]   Trash Collection Set               11 us
[60.674s][info][gc,stats    ]   Rebuild Free Set                   15 us
[60.674s][info][gc,stats    ] Concurrent Cleanup                  132 us
[60.674s][info][gc,stats    ] 
[60.674s][info][gc,stats    ] Allocation pacing accrued:
[60.674s][info][gc,stats    ]       0 of  1532 ms (  0.0%): <total>
[60.674s][info][gc,stats    ]       0 of  1532 ms (  0.0%): <average total>
[60.674s][info][gc,stats    ] 
[60.674s][info][gc,metaspace] Metaspace: 15930K(16192K)->15934K(16192K) NonClass: 13760K(13888K)->13764K(13888K) Class: 2170K(2304K)->2170K(2304K)
[60.674s][info][gc,ergo     ] Pacer for Idle. Initial: 41943K, Alloc Tax Rate: 1.0x
[60.683s][info][gc          ] Trigger: Explicit GC request (System.gc())
[60.683s][info][gc,ergo     ] Free: 1169M, Max: 1024K regular, 918M humongous, Frag: 22% external, 0% internal; Reserve: 103M, Max: 1024K
[60.683s][info][gc,start    ] GC(81) Concurrent reset
[60.683s][info][gc,task     ] GC(81) Using 1 of 3 workers for concurrent reset
[60.683s][info][gc,ergo     ] GC(81) Pacer for Reset. Non-Taxable: 2048M
[60.686s][info][gc          ] GC(81) Concurrent reset 2.793ms
[60.686s][info][gc,start    ] GC(81) Pause Init Mark (unload classes)
[60.686s][info][gc,task     ] GC(81) Using 3 of 3 workers for init marking
[60.686s][info][gc,ref      ] GC(81) Clearing All SoftReferences
[60.686s][info][gc,ergo     ] GC(81) Pacer for Mark. Expected Live: 117M, Free: 1169M, Non-Taxable: 116M, Alloc Tax Rate: 0.1x
[60.686s][info][gc          ] GC(81) Pause Init Mark (unload classes) 0.107ms
[60.686s][info][gc,start    ] GC(81) Concurrent marking roots
[60.686s][info][gc,task     ] GC(81) Using 1 of 3 workers for concurrent marking roots
[60.687s][info][gc          ] GC(81) Concurrent marking roots 0.646ms
[60.687s][info][gc,start    ] GC(81) Concurrent marking (unload classes)
[60.687s][info][gc,task     ] GC(81) Using 1 of 3 workers for concurrent marking
[60.691s][info][gc          ] GC(81) Concurrent marking (unload classes) 3.966ms
[60.691s][info][gc,start    ] GC(81) Pause Final Mark (unload classes)
[60.691s][info][gc,task     ] GC(81) Using 3 of 3 workers for final marking
[60.691s][info][gc,ergo     ] GC(81) Collectable Garbage: 728M (98%), Immediate: 728M (98%), CSet: 0B (0%)
[60.691s][info][gc          ] GC(81) Pause Final Mark (unload classes) 0.274ms
[60.691s][info][gc,start    ] GC(81) Concurrent weak references
[60.692s][info][gc,task     ] GC(81) Using 1 of 3 workers for concurrent weak references
[60.692s][info][gc,ref      ] GC(81) Encountered references: Soft: 178, Weak: 683, Final: 0, Phantom: 63
[60.692s][info][gc,ref      ] GC(81) Discovered  references: Soft: 127, Weak: 165, Final: 0, Phantom: 61
[60.692s][info][gc,ref      ] GC(81) Enqueued    references: Soft: 48, Weak: 0, Final: 0, Phantom: 0
[60.692s][info][gc          ] GC(81) Concurrent weak references 0.157ms
[60.692s][info][gc,start    ] GC(81) Concurrent weak roots
[60.692s][info][gc,task     ] GC(81) Using 1 of 3 workers for concurrent weak root
[60.693s][info][gc          ] GC(81) Concurrent weak roots 1.197ms
[60.693s][info][gc,start    ] GC(81) Concurrent cleanup
[60.693s][info][gc          ] GC(81) Concurrent cleanup 741M->13M(2048M) 0.062ms
[60.693s][info][gc,ergo     ] GC(81) Free: 1932M, Max: 1024K regular, 1004M humongous, Frag: 49% external, 0% internal; Reserve: 103M, Max: 1024K
[60.693s][info][gc,start    ] GC(81) Concurrent class unloading
[60.693s][info][gc,task     ] GC(81) Using 1 of 3 workers for concurrent class unloading
[60.697s][info][gc          ] GC(81) Concurrent class unloading 4.120ms
[60.697s][info][gc,start    ] GC(81) Pause Final Roots
[60.697s][info][gc          ] GC(81) Pause Final Roots 0.031ms
[60.697s][info][gc,ergo     ] Free: 1932M, Max: 1024K regular, 1004M humongous, Frag: 49% external, 0% internal; Reserve: 103M, Max: 1024K
[60.697s][info][gc,stats    ] 
[60.697s][info][gc,stats    ] All times are wall-clock times, except per-root-class counters, that are sum over
[60.697s][info][gc,stats    ] all workers. Dividing the <total> over the root stage time estimates parallelism.
[60.697s][info][gc,stats    ] 
[60.697s][info][gc,stats    ] Concurrent Reset                   2837 us
[60.697s][info][gc,stats    ] Pause Init Mark (G)                 152 us
[60.697s][info][gc,stats    ] Pause Init Mark (N)                 114 us
[60.697s][info][gc,stats    ]   Update Region States               60 us
[60.697s][info][gc,stats    ] Concurrent Mark Roots               669 us, parallelism: 0.83x
[60.698s][info][gc,stats    ]   CMR: <total>                      554 us
[60.698s][info][gc,stats    ]   CMR: Thread Roots                 515 us, workers (us): 515, ---, ---, 
[60.698s][info][gc,stats    ]   CMR: VM Strong Roots                5 us, workers (us):   5, ---, ---, 
[60.698s][info][gc,stats    ]   CMR: CLDG Roots                    35 us, workers (us):  35, ---, ---, 
[60.698s][info][gc,stats    ] Concurrent Marking                 4015 us
[60.698s][info][gc,stats    ] Pause Final Mark (G)                370 us
[60.698s][info][gc,stats    ] Pause Final Mark (N)                291 us
[60.698s][info][gc,stats    ]   Finish Mark                        90 us
[60.698s][info][gc,stats    ]   Update Region States               50 us
[60.698s][info][gc,stats    ]   Choose Collection Set              67 us
[60.698s][info][gc,stats    ]   Rebuild Free Set                   19 us
[60.698s][info][gc,stats    ] Concurrent Weak References          164 us, parallelism: 0.08x
[60.698s][info][gc,stats    ]   CWRF: <total>                      12 us
[60.698s][info][gc,stats    ]   CWRF: Weak References              12 us, workers (us):  12, ---, ---, 
[60.698s][info][gc,stats    ] Concurrent Weak Roots              1234 us
[60.698s][info][gc,stats    ]   Roots                            1152 us, parallelism: 0.93x
[60.698s][info][gc,stats    ]     CWR: <total>                   1067 us
[60.698s][info][gc,stats    ]     CWR: Code Cache Roots           930 us, workers (us): 930, ---, ---, 
[60.698s][info][gc,stats    ]     CWR: VM Weak Roots              133 us, workers (us): 133, ---, ---, 
[60.698s][info][gc,stats    ]     CWR: CLDG Roots                   4 us, workers (us):   4, ---, ---, 
[60.698s][info][gc,stats    ]   Rendezvous                         28 us
[60.698s][info][gc,stats    ] Concurrent Cleanup                   77 us
[60.698s][info][gc,stats    ] Concurrent Class Unloading         4186 us
[60.698s][info][gc,stats    ]   Unlink Stale                     3718 us
[60.698s][info][gc,stats    ]     System Dictionary                 5 us
[60.698s][info][gc,stats    ]     Weak Class Links                  0 us
[60.698s][info][gc,stats    ]     Code Roots                     3711 us
[60.698s][info][gc,stats    ]   Rendezvous                         50 us
[60.698s][info][gc,stats    ]   Purge Unlinked                    331 us
[60.698s][info][gc,stats    ]     Code Roots                      321 us
[60.698s][info][gc,stats    ]     CLDG                              9 us
[60.698s][info][gc,stats    ]     Exception Caches                  0 us
[60.698s][info][gc,stats    ] Pause Final Roots (G)               118 us
[60.698s][info][gc,stats    ] Pause Final Roots (N)                51 us
[60.698s][info][gc,stats    ] 
[60.698s][info][gc,stats    ] Allocation pacing accrued:
[60.698s][info][gc,stats    ]       0 of    24 ms (  0.0%): <total>
[60.698s][info][gc,stats    ]       0 of    24 ms (  0.0%): <average total>
[60.698s][info][gc,stats    ] 
[60.698s][info][gc,metaspace] Metaspace: 15934K(16192K)->15934K(16192K) NonClass: 13764K(13888K)->13764K(13888K) Class: 2170K(2304K)->2170K(2304K)
[60.698s][info][gc,ergo     ] Pacer for Idle. Initial: 41943K, Alloc Tax Rate: 1.0x
[61.233s][info][gc          ] Trigger: Learning 2 of 5. Free (1415M) is below initial threshold (1433M)
[61.233s][info][gc,ergo     ] Free: 1415M, Max: 1024K regular, 1004M humongous, Frag: 30% external, 0% internal; Reserve: 103M, Max: 1024K
[61.233s][info][gc,start    ] GC(82) Concurrent reset
[61.233s][info][gc,task     ] GC(82) Using 1 of 3 workers for concurrent reset
[61.233s][info][gc,ergo     ] GC(82) Pacer for Reset. Non-Taxable: 2048M
[61.233s][info][gc          ] GC(82) Concurrent reset 0.395ms
[61.234s][info][gc,start    ] GC(82) Pause Init Mark (unload classes)
[61.234s][info][gc,task     ] GC(82) Using 3 of 3 workers for init marking
[61.234s][info][gc,ergo     ] GC(82) Pacer for Mark. Expected Live: 82105K, Free: 1414M, Non-Taxable: 141M, Alloc Tax Rate: 0.1x
[61.234s][info][gc          ] GC(82) Pause Init Mark (unload classes) 0.221ms
[61.234s][info][gc,start    ] GC(82) Concurrent marking roots
[61.234s][info][gc,task     ] GC(82) Using 1 of 3 workers for concurrent marking roots
[61.235s][info][gc          ] GC(82) Concurrent marking roots 0.786ms
[61.235s][info][gc,start    ] GC(82) Concurrent marking (unload classes)
[61.235s][info][gc,task     ] GC(82) Using 1 of 3 workers for concurrent marking
[61.594s][info][gc          ] GC(82) Concurrent marking (unload classes) 359.427ms
[61.594s][info][gc,start    ] GC(82) Pause Final Mark (unload classes)
[61.594s][info][gc,task     ] GC(82) Using 3 of 3 workers for final marking
[61.594s][info][gc,ergo     ] GC(82) Adaptive CSet Selection. Target Free: 290M, Actual Free: 1223M, Max CSet: 87381K, Min Garbage: 0B
[61.594s][info][gc,ergo     ] GC(82) Collectable Garbage: 197M (61%), Immediate: 29760K (9%), CSet: 167M (52%)
[61.594s][info][gc,ergo     ] GC(82) Pacer for Evacuation. Used CSet: 253M, Free: 1132M, Non-Taxable: 113M, Alloc Tax Rate: 1.1x
[61.594s][info][gc          ] GC(82) Pause Final Mark (unload classes) 0.226ms
[61.597s][info][gc,start    ] GC(82) Concurrent thread roots
[61.597s][info][gc,task     ] GC(82) Using 1 of 3 workers for Concurrent thread roots
[61.597s][info][gc          ] GC(82) Concurrent thread roots 0.532ms
[61.597s][info][gc,start    ] GC(82) Concurrent weak references
[61.597s][info][gc,task     ] GC(82) Using 1 of 3 workers for concurrent weak references
[61.598s][info][gc,ref      ] GC(82) Encountered references: Soft: 133, Weak: 684, Final: 0, Phantom: 63
[61.598s][info][gc,ref      ] GC(82) Discovered  references: Soft: 0, Weak: 153, Final: 0, Phantom: 26
[61.598s][info][gc,ref      ] GC(82) Enqueued    references: Soft: 0, Weak: 0, Final: 0, Phantom: 0
[61.598s][info][gc          ] GC(82) Concurrent weak references 0.085ms
[61.598s][info][gc,start    ] GC(82) Concurrent weak roots
[61.598s][info][gc,task     ] GC(82) Using 1 of 3 workers for concurrent weak root
[61.599s][info][gc          ] GC(82) Concurrent weak roots 1.204ms
[61.599s][info][gc,start    ] GC(82) Concurrent cleanup
[61.599s][info][gc          ] GC(82) Concurrent cleanup 818M->789M(2048M) 0.037ms
[61.599s][info][gc,ergo     ] GC(82) Free: 1129M, Max: 1024K regular, 1090M humongous, Frag: 4% external, 0% internal; Reserve: 100M, Max: 1024K
[61.599s][info][gc,start    ] GC(82) Concurrent class unloading
[61.599s][info][gc,task     ] GC(82) Using 1 of 3 workers for concurrent class unloading
[61.610s][info][gc          ] GC(82) Concurrent class unloading 11.085ms
[61.610s][info][gc,start    ] GC(82) Concurrent strong roots
[61.610s][info][gc,task     ] GC(82) Using 1 of 3 workers for concurrent strong root
[61.610s][info][gc          ] GC(82) Concurrent strong roots 0.084ms
[61.610s][info][gc,start    ] GC(82) Concurrent evacuation
[61.610s][info][gc,task     ] GC(82) Using 1 of 3 workers for concurrent evacuation
[61.689s][info][gc          ] GC(82) Concurrent evacuation 78.773ms
[61.689s][info][gc,start    ] GC(82) Pause Init Update Refs
[61.689s][info][gc,ergo     ] GC(82) Pacer for Update Refs. Used: 940M, Free: 1059M, Non-Taxable: 105M, Alloc Tax Rate: 1.1x
[61.689s][info][gc          ] GC(82) Pause Init Update Refs 0.057ms
[61.690s][info][gc,start    ] GC(82) Concurrent update references
[61.691s][info][gc,task     ] GC(82) Using 1 of 3 workers for concurrent reference update
[62.150s][info][gc          ] GC(82) Concurrent update references 459.078ms
[62.150s][info][gc,start    ] GC(82) Concurrent update thread roots
[62.150s][info][gc          ] GC(82) Concurrent update thread roots 0.784ms
[62.150s][info][gc,start    ] GC(82) Pause Final Update Refs
[62.151s][info][gc,task     ] GC(82) Using 3 of 3 workers for final reference update
[62.151s][info][gc          ] GC(82) Pause Final Update Refs 0.200ms
[62.151s][info][gc,start    ] GC(82) Concurrent cleanup
[62.151s][info][gc          ] GC(82) Concurrent cleanup 994M->741M(2048M) 0.050ms
[62.151s][info][gc,ergo     ] Free: 1168M, Max: 1024K regular, 918M humongous, Frag: 22% external, 0% internal; Reserve: 103M, Max: 1024K
[62.151s][info][gc,stats    ] 
[62.151s][info][gc,stats    ] All times are wall-clock times, except per-root-class counters, that are sum over
[62.151s][info][gc,stats    ] all workers. Dividing the <total> over the root stage time estimates parallelism.
[62.151s][info][gc,stats    ] 
[62.151s][info][gc,stats    ] Concurrent Reset                    446 us
[62.151s][info][gc,stats    ] Pause Init Mark (G)                 390 us
[62.151s][info][gc,stats    ] Pause Init Mark (N)                 230 us
[62.151s][info][gc,stats    ]   Update Region States              101 us
[62.151s][info][gc,stats    ] Concurrent Mark Roots               809 us, parallelism: 0.85x
[62.151s][info][gc,stats    ]   CMR: <total>                      686 us
[62.151s][info][gc,stats    ]   CMR: Thread Roots                 615 us, workers (us): 615, ---, ---, 
[62.151s][info][gc,stats    ]   CMR: VM Strong Roots                6 us, workers (us):   6, ---, ---, 
[62.151s][info][gc,stats    ]   CMR: CLDG Roots                    65 us, workers (us):  65, ---, ---, 
[62.151s][info][gc,stats    ] Concurrent Marking               359494 us
[62.151s][info][gc,stats    ] Pause Final Mark (G)               2823 us
[62.151s][info][gc,stats    ] Pause Final Mark (N)                235 us
[62.151s][info][gc,stats    ]   Finish Mark                        32 us
[62.151s][info][gc,stats    ]   Update Region States               33 us
[62.151s][info][gc,stats    ]   Choose Collection Set              88 us
[62.151s][info][gc,stats    ]   Rebuild Free Set                    9 us
[62.151s][info][gc,stats    ] Concurrent Thread Roots             543 us, parallelism: 0.80x
[62.151s][info][gc,stats    ]   CTR: <total>                      432 us
[62.151s][info][gc,stats    ]   CTR: Thread Roots                 432 us, workers (us): 432, ---, ---, 
[62.151s][info][gc,stats    ] Concurrent Weak References           93 us, parallelism: 0.15x
[62.151s][info][gc,stats    ]   CWRF: <total>                      14 us
[62.151s][info][gc,stats    ]   CWRF: Weak References              14 us, workers (us):  14, ---, ---, 
[62.151s][info][gc,stats    ] Concurrent Weak Roots              1246 us
[62.151s][info][gc,stats    ]   Roots                             988 us, parallelism: 0.96x
[62.151s][info][gc,stats    ]     CWR: <total>                    951 us
[62.151s][info][gc,stats    ]     CWR: Code Cache Roots           864 us, workers (us): 864, ---, ---, 
[62.151s][info][gc,stats    ]     CWR: VM Weak Roots               81 us, workers (us):  81, ---, ---, 
[62.151s][info][gc,stats    ]     CWR: CLDG Roots                   7 us, workers (us):   7, ---, ---, 
[62.151s][info][gc,stats    ]   Rendezvous                        199 us
[62.151s][info][gc,stats    ] Concurrent Cleanup                   45 us
[62.151s][info][gc,stats    ] Concurrent Class Unloading        11141 us
[62.151s][info][gc,stats    ]   Unlink Stale                     4405 us
[62.151s][info][gc,stats    ]     System Dictionary                 8 us
[62.151s][info][gc,stats    ]     Weak Class Links                  1 us
[62.151s][info][gc,stats    ]     Code Roots                     4395 us
[62.151s][info][gc,stats    ]   Rendezvous                       6414 us
[62.151s][info][gc,stats    ]   Purge Unlinked                    246 us
[62.151s][info][gc,stats    ]     Code Roots                      241 us
[62.151s][info][gc,stats    ]     CLDG                              4 us
[62.151s][info][gc,stats    ]     Exception Caches                  1 us
[62.151s][info][gc,stats    ] Concurrent Strong Roots              93 us, parallelism: 0.42x
[62.151s][info][gc,stats    ]   CSR: <total>                       39 us
[62.151s][info][gc,stats    ]   CSR: VM Strong Roots                7 us, workers (us):   7, ---, ---, 
[62.151s][info][gc,stats    ]   CSR: CLDG Roots                    31 us, workers (us):  31, ---, ---, 
[62.151s][info][gc,stats    ] Concurrent Evacuation             78832 us
[62.151s][info][gc,stats    ] Pause Init Update Refs (G)         1505 us
[62.151s][info][gc,stats    ] Pause Init Update Refs (N)           66 us
[62.151s][info][gc,stats    ]   Manage GCLABs                       4 us
[62.151s][info][gc,stats    ] Concurrent Update Refs           459158 us
[62.151s][info][gc,stats    ] Concurrent Update Thread Roots      802 us
[62.151s][info][gc,stats    ] Pause Final Update Refs (G)         296 us
[62.151s][info][gc,stats    ] Pause Final Update Refs (N)         237 us
[62.151s][info][gc,stats    ]   Update Region States               90 us
[62.151s][info][gc,stats    ]   Trash Collection Set               10 us
[62.151s][info][gc,stats    ]   Rebuild Free Set                   20 us
[62.151s][info][gc,stats    ] Concurrent Cleanup                   60 us
[62.151s][info][gc,stats    ] 
[62.151s][info][gc,stats    ] Allocation pacing accrued:
[62.151s][info][gc,stats    ]       0 of  1453 ms (  0.0%): <total>
[62.151s][info][gc,stats    ]       0 of  1453 ms (  0.0%): <average total>
[62.151s][info][gc,stats    ] 
[62.151s][info][gc,metaspace] Metaspace: 15934K(16192K)->15948K(16256K) NonClass: 13764K(13888K)->13777K(13952K) Class: 2170K(2304K)->2170K(2304K)
[62.151s][info][gc,ergo     ] Pacer for Idle. Initial: 41943K, Alloc Tax Rate: 1.0x
[62.161s][info][gc          ] Trigger: Explicit GC request (System.gc())
[62.161s][info][gc,ergo     ] Free: 1168M, Max: 1024K regular, 918M humongous, Frag: 22% external, 0% internal; Reserve: 103M, Max: 1024K
[62.161s][info][gc,start    ] GC(83) Concurrent reset
[62.161s][info][gc,task     ] GC(83) Using 1 of 3 workers for concurrent reset
[62.161s][info][gc,ergo     ] GC(83) Pacer for Reset. Non-Taxable: 2048M
[62.164s][info][gc          ] GC(83) Concurrent reset 2.985ms
[62.164s][info][gc,start    ] GC(83) Pause Init Mark (unload classes)
[62.164s][info][gc,task     ] GC(83) Using 3 of 3 workers for init marking
[62.164s][info][gc,ref      ] GC(83) Clearing All SoftReferences
[62.164s][info][gc,ergo     ] GC(83) Pacer for Mark. Expected Live: 118M, Free: 1168M, Non-Taxable: 116M, Alloc Tax Rate: 0.1x
[62.164s][info][gc          ] GC(83) Pause Init Mark (unload classes) 0.160ms
[62.164s][info][gc,start    ] GC(83) Concurrent marking roots
[62.164s][info][gc,task     ] GC(83) Using 1 of 3 workers for concurrent marking roots
[62.165s][info][gc          ] GC(83) Concurrent marking roots 0.440ms
[62.165s][info][gc,start    ] GC(83) Concurrent marking (unload classes)
[62.165s][info][gc,task     ] GC(83) Using 1 of 3 workers for concurrent marking
[62.169s][info][gc          ] GC(83) Concurrent marking (unload classes) 4.108ms
[62.169s][info][gc,start    ] GC(83) Pause Final Mark (unload classes)
[62.169s][info][gc,task     ] GC(83) Using 3 of 3 workers for final marking
[62.169s][info][gc,ergo     ] GC(83) Collectable Garbage: 729M (98%), Immediate: 729M (98%), CSet: 0B (0%)
[62.169s][info][gc          ] GC(83) Pause Final Mark (unload classes) 0.407ms
[62.169s][info][gc,start    ] GC(83) Concurrent weak references
[62.169s][info][gc,task     ] GC(83) Using 1 of 3 workers for concurrent weak references
[62.169s][info][gc,ref      ] GC(83) Encountered references: Soft: 178, Weak: 683, Final: 0, Phantom: 63
[62.170s][info][gc,ref      ] GC(83) Discovered  references: Soft: 127, Weak: 165, Final: 0, Phantom: 61
[62.170s][info][gc,ref      ] GC(83) Enqueued    references: Soft: 48, Weak: 0, Final: 0, Phantom: 0
[62.170s][info][gc          ] GC(83) Concurrent weak references 0.288ms
[62.170s][info][gc,start    ] GC(83) Concurrent weak roots
[62.170s][info][gc,task     ] GC(83) Using 1 of 3 workers for concurrent weak root
[62.170s][info][gc          ] GC(83) Concurrent weak roots 0.923ms
[62.170s][info][gc,start    ] GC(83) Concurrent cleanup
[62.171s][info][gc          ] GC(83) Concurrent cleanup 741M->12M(2048M) 0.051ms
[62.171s][info][gc,ergo     ] GC(83) Free: 1932M, Max: 1024K regular, 1004M humongous, Frag: 49% external, 0% internal; Reserve: 103M, Max: 1024K
[62.171s][info][gc,start    ] GC(83) Concurrent class unloading
[62.171s][info][gc,task     ] GC(83) Using 1 of 3 workers for concurrent class unloading
[62.175s][info][gc          ] GC(83) Concurrent class unloading 4.610ms
[62.175s][info][gc,start    ] GC(83) Pause Final Roots
[62.175s][info][gc          ] GC(83) Pause Final Roots 0.050ms
[62.175s][info][gc,ergo     ] Free: 1932M, Max: 1024K regular, 1004M humongous, Frag: 49% external, 0% internal; Reserve: 103M, Max: 1024K
[62.175s][info][gc,stats    ] 
[62.176s][info][gc,stats    ] All times are wall-clock times, except per-root-class counters, that are sum over
[62.176s][info][gc,stats    ] all workers. Dividing the <total> over the root stage time estimates parallelism.
[62.176s][info][gc,stats    ] 
[62.176s][info][gc,stats    ] Concurrent Reset                   3024 us
[62.176s][info][gc,stats    ] Pause Init Mark (G)                 282 us
[62.176s][info][gc,stats    ] Pause Init Mark (N)                 168 us
[62.176s][info][gc,stats    ]   Update Region States               65 us
[62.176s][info][gc,stats    ] Concurrent Mark Roots               459 us, parallelism: 0.71x
[62.176s][info][gc,stats    ]   CMR: <total>                      324 us
[62.176s][info][gc,stats    ]   CMR: Thread Roots                 282 us, workers (us): 282, ---, ---, 
[62.176s][info][gc,stats    ]   CMR: VM Strong Roots                5 us, workers (us):   5, ---, ---, 
[62.176s][info][gc,stats    ]   CMR: CLDG Roots                    38 us, workers (us):  38, ---, ---, 
[62.176s][info][gc,stats    ] Concurrent Marking                 4161 us
[62.176s][info][gc,stats    ] Pause Final Mark (G)                548 us
[62.176s][info][gc,stats    ] Pause Final Mark (N)                427 us
[62.176s][info][gc,stats    ]   Finish Mark                       120 us
[62.176s][info][gc,stats    ]   Update Region States              108 us
[62.176s][info][gc,stats    ]   Choose Collection Set              78 us
[62.176s][info][gc,stats    ]   Rebuild Free Set                   19 us
[62.176s][info][gc,stats    ] Concurrent Weak References          296 us, parallelism: 0.11x
[62.176s][info][gc,stats    ]   CWRF: <total>                      33 us
[62.176s][info][gc,stats    ]   CWRF: Weak References              33 us, workers (us):  33, ---, ---, 
[62.176s][info][gc,stats    ] Concurrent Weak Roots               941 us
[62.176s][info][gc,stats    ]   Roots                             824 us, parallelism: 0.95x
[62.176s][info][gc,stats    ]     CWR: <total>                    782 us
[62.176s][info][gc,stats    ]     CWR: Code Cache Roots           707 us, workers (us): 707, ---, ---, 
[62.176s][info][gc,stats    ]     CWR: VM Weak Roots               70 us, workers (us):  70, ---, ---, 
[62.176s][info][gc,stats    ]     CWR: CLDG Roots                   5 us, workers (us):   5, ---, ---, 
[62.176s][info][gc,stats    ]   Rendezvous                         84 us
[62.176s][info][gc,stats    ] Concurrent Cleanup                   59 us
[62.176s][info][gc,stats    ] Concurrent Class Unloading         4669 us
[62.176s][info][gc,stats    ]   Unlink Stale                     4259 us
[62.176s][info][gc,stats    ]     System Dictionary                 4 us
[62.176s][info][gc,stats    ]     Weak Class Links                  0 us
[62.176s][info][gc,stats    ]     Code Roots                     4253 us
[62.176s][info][gc,stats    ]   Rendezvous                        148 us
[62.176s][info][gc,stats    ]   Purge Unlinked                    184 us
[62.176s][info][gc,stats    ]     Code Roots                      174 us
[62.176s][info][gc,stats    ]     CLDG                              9 us
[62.176s][info][gc,stats    ]     Exception Caches                  0 us
[62.176s][info][gc,stats    ] Pause Final Roots (G)               169 us
[62.176s][info][gc,stats    ] Pause Final Roots (N)                68 us
[62.176s][info][gc,stats    ] 
[62.176s][info][gc,stats    ] Allocation pacing accrued:
[62.176s][info][gc,stats    ]       0 of    25 ms (  0.0%): <total>
[62.176s][info][gc,stats    ]       0 of    25 ms (  0.0%): <average total>
[62.176s][info][gc,stats    ] 
[62.176s][info][gc,metaspace] Metaspace: 15948K(16256K)->15948K(16256K) NonClass: 13777K(13952K)->13777K(13952K) Class: 2170K(2304K)->2170K(2304K)
[62.176s][info][gc,ergo     ] Pacer for Idle. Initial: 41943K, Alloc Tax Rate: 1.0x
[62.710s][info][gc          ] Trigger: Learning 2 of 5. Free (1414M) is below initial threshold (1433M)
[62.710s][info][gc,ergo     ] Free: 1414M, Max: 1024K regular, 1004M humongous, Frag: 29% external, 0% internal; Reserve: 103M, Max: 1024K
[62.710s][info][gc,start    ] GC(84) Concurrent reset
[62.710s][info][gc,task     ] GC(84) Using 1 of 3 workers for concurrent reset
[62.710s][info][gc,ergo     ] GC(84) Pacer for Reset. Non-Taxable: 2048M
[62.711s][info][gc          ] GC(84) Concurrent reset 0.353ms
[62.711s][info][gc,start    ] GC(84) Pause Init Mark (unload classes)
[62.711s][info][gc,task     ] GC(84) Using 3 of 3 workers for init marking
[62.711s][info][gc,ergo     ] GC(84) Pacer for Mark. Expected Live: 82006K, Free: 1414M, Non-Taxable: 141M, Alloc Tax Rate: 0.1x
[62.711s][info][gc          ] GC(84) Pause Init Mark (unload classes) 0.238ms
[62.711s][info][gc,start    ] GC(84) Concurrent marking roots
[62.711s][info][gc,task     ] GC(84) Using 1 of 3 workers for concurrent marking roots
[62.712s][info][gc          ] GC(84) Concurrent marking roots 0.487ms
[62.712s][info][gc,start    ] GC(84) Concurrent marking (unload classes)
[62.712s][info][gc,task     ] GC(84) Using 1 of 3 workers for concurrent marking
[63.034s][info][gc          ] GC(84) Concurrent marking (unload classes) 322.088ms
[63.034s][info][gc,start    ] GC(84) Pause Final Mark (unload classes)
[63.034s][info][gc,task     ] GC(84) Using 3 of 3 workers for final marking
[63.034s][info][gc,ergo     ] GC(84) Adaptive CSet Selection. Target Free: 290M, Actual Free: 1251M, Max CSet: 87381K, Min Garbage: 0B
[63.034s][info][gc,ergo     ] GC(84) Collectable Garbage: 196M (61%), Immediate: 29332K (8%), CSet: 167M (52%)
[63.034s][info][gc,ergo     ] GC(84) Pacer for Evacuation. Used CSet: 253M, Free: 1162M, Non-Taxable: 116M, Alloc Tax Rate: 1.1x
[63.034s][info][gc          ] GC(84) Pause Final Mark (unload classes) 0.247ms
[63.045s][info][gc,start    ] GC(84) Concurrent thread roots
[63.045s][info][gc,task     ] GC(84) Using 1 of 3 workers for Concurrent thread roots
[63.046s][info][gc          ] GC(84) Concurrent thread roots 0.545ms
[63.046s][info][gc,start    ] GC(84) Concurrent weak references
[63.046s][info][gc,task     ] GC(84) Using 1 of 3 workers for concurrent weak references
[63.046s][info][gc,ref      ] GC(84) Encountered references: Soft: 133, Weak: 684, Final: 0, Phantom: 63
[63.046s][info][gc,ref      ] GC(84) Discovered  references: Soft: 0, Weak: 152, Final: 0, Phantom: 26
[63.046s][info][gc,ref      ] GC(84) Enqueued    references: Soft: 0, Weak: 0, Final: 0, Phantom: 0
[63.046s][info][gc          ] GC(84) Concurrent weak references 0.095ms
[63.046s][info][gc,start    ] GC(84) Concurrent weak roots
[63.046s][info][gc,task     ] GC(84) Using 1 of 3 workers for concurrent weak root
[63.061s][info][gc          ] GC(84) Concurrent weak roots 14.919ms
[63.061s][info][gc,start    ] GC(84) Concurrent cleanup
[63.061s][info][gc          ] GC(84) Concurrent cleanup 813M->784M(2048M) 0.043ms
[63.061s][info][gc,ergo     ] GC(84) Free: 1141M, Max: 1024K regular, 1102M humongous, Frag: 4% external, 0% internal; Reserve: 93184K, Max: 1024K
[63.061s][info][gc,start    ] GC(84) Concurrent class unloading
[63.061s][info][gc,task     ] GC(84) Using 1 of 3 workers for concurrent class unloading
[63.065s][info][gc          ] GC(84) Concurrent class unloading 4.574ms
[63.065s][info][gc,start    ] GC(84) Concurrent strong roots
[63.065s][info][gc,task     ] GC(84) Using 1 of 3 workers for concurrent strong root
[63.065s][info][gc          ] GC(84) Concurrent strong roots 0.082ms
[63.065s][info][gc,start    ] GC(84) Concurrent evacuation
[63.065s][info][gc,task     ] GC(84) Using 1 of 3 workers for concurrent evacuation
[63.139s][info][gc          ] GC(84) Concurrent evacuation 73.545ms
[63.139s][info][gc,start    ] GC(84) Pause Init Update Refs
[63.139s][info][gc,ergo     ] GC(84) Pacer for Update Refs. Used: 912M, Free: 1088M, Non-Taxable: 108M, Alloc Tax Rate: 1.1x
[63.139s][info][gc          ] GC(84) Pause Init Update Refs 0.038ms
[63.155s][info][gc,start    ] GC(84) Concurrent update references
[63.155s][info][gc,task     ] GC(84) Using 1 of 3 workers for concurrent reference update
[63.580s][info][gc          ] GC(84) Concurrent update references 424.993ms
[63.580s][info][gc,start    ] GC(84) Concurrent update thread roots
[63.581s][info][gc          ] GC(84) Concurrent update thread roots 0.799ms
[63.581s][info][gc,start    ] GC(84) Pause Final Update Refs
[63.581s][info][gc,task     ] GC(84) Using 3 of 3 workers for final reference update
[63.581s][info][gc          ] GC(84) Pause Final Update Refs 0.248ms
[63.581s][info][gc,start    ] GC(84) Concurrent cleanup
[63.581s][info][gc          ] GC(84) Concurrent cleanup 992M->739M(2048M) 0.044ms
[63.581s][info][gc,ergo     ] Free: 1171M, Max: 1024K regular, 921M humongous, Frag: 22% external, 0% internal; Reserve: 103M, Max: 1024K
[63.581s][info][gc,stats    ] 
[63.581s][info][gc,stats    ] All times are wall-clock times, except per-root-class counters, that are sum over
[63.581s][info][gc,stats    ] all workers. Dividing the <total> over the root stage time estimates parallelism.
[63.581s][info][gc,stats    ] 
[63.581s][info][gc,stats    ] Concurrent Reset                    392 us
[63.581s][info][gc,stats    ] Pause Init Mark (G)                 418 us
[63.581s][info][gc,stats    ] Pause Init Mark (N)                 259 us
[63.581s][info][gc,stats    ]   Update Region States              101 us
[63.581s][info][gc,stats    ] Concurrent Mark Roots               497 us, parallelism: 0.80x
[63.581s][info][gc,stats    ]   CMR: <total>                      400 us
[63.581s][info][gc,stats    ]   CMR: Thread Roots                 328 us, workers (us): 328, ---, ---, 
[63.581s][info][gc,stats    ]   CMR: VM Strong Roots                6 us, workers (us):   6, ---, ---, 
[63.581s][info][gc,stats    ]   CMR: CLDG Roots                    66 us, workers (us):  66, ---, ---, 
[63.581s][info][gc,stats    ] Concurrent Marking               322161 us
[63.581s][info][gc,stats    ] Pause Final Mark (G)              11040 us
[63.581s][info][gc,stats    ] Pause Final Mark (N)                255 us
[63.581s][info][gc,stats    ]   Finish Mark                        43 us
[63.581s][info][gc,stats    ]   Update Region States               39 us
[63.581s][info][gc,stats    ]   Choose Collection Set             121 us
[63.581s][info][gc,stats    ]   Rebuild Free Set                    9 us
[63.581s][info][gc,stats    ] Concurrent Thread Roots             571 us, parallelism: 0.77x
[63.581s][info][gc,stats    ]   CTR: <total>                      440 us
[63.581s][info][gc,stats    ]   CTR: Thread Roots                 440 us, workers (us): 440, ---, ---, 
[63.581s][info][gc,stats    ] Concurrent Weak References          103 us, parallelism: 0.19x
[63.581s][info][gc,stats    ]   CWRF: <total>                      19 us
[63.581s][info][gc,stats    ]   CWRF: Weak References              19 us, workers (us):  19, ---, ---, 
[63.582s][info][gc,stats    ] Concurrent Weak Roots             14979 us
[63.582s][info][gc,stats    ]   Roots                            1174 us, parallelism: 0.96x
[63.582s][info][gc,stats    ]     CWR: <total>                   1128 us
[63.582s][info][gc,stats    ]     CWR: Code Cache Roots          1025 us, workers (us): 1025, ---, ---, 
[63.582s][info][gc,stats    ]     CWR: VM Weak Roots               95 us, workers (us):  95, ---, ---, 
[63.582s][info][gc,stats    ]     CWR: CLDG Roots                   8 us, workers (us):   8, ---, ---, 
[63.582s][info][gc,stats    ]   Rendezvous                      13728 us
[63.582s][info][gc,stats    ] Concurrent Cleanup                   51 us
[63.582s][info][gc,stats    ] Concurrent Class Unloading         4640 us
[63.582s][info][gc,stats    ]   Unlink Stale                     4126 us
[63.582s][info][gc,stats    ]     System Dictionary                12 us
[63.582s][info][gc,stats    ]     Weak Class Links                  1 us
[63.582s][info][gc,stats    ]     Code Roots                     4112 us
[63.582s][info][gc,stats    ]   Rendezvous                        193 us
[63.582s][info][gc,stats    ]   Purge Unlinked                    234 us
[63.582s][info][gc,stats    ]     Code Roots                      228 us
[63.582s][info][gc,stats    ]     CLDG                              5 us
[63.582s][info][gc,stats    ]     Exception Caches                  0 us
[63.582s][info][gc,stats    ] Concurrent Strong Roots              97 us, parallelism: 0.40x
[63.582s][info][gc,stats    ]   CSR: <total>                       39 us
[63.582s][info][gc,stats    ]   CSR: VM Strong Roots                3 us, workers (us):   3, ---, ---, 
[63.582s][info][gc,stats    ]   CSR: CLDG Roots                    35 us, workers (us):  35, ---, ---, 
[63.582s][info][gc,stats    ] Concurrent Evacuation             73621 us
[63.582s][info][gc,stats    ] Pause Init Update Refs (G)        15874 us
[63.582s][info][gc,stats    ] Pause Init Update Refs (N)           47 us
[63.582s][info][gc,stats    ]   Manage GCLABs                       5 us
[63.582s][info][gc,stats    ] Concurrent Update Refs           425072 us
[63.582s][info][gc,stats    ] Concurrent Update Thread Roots      849 us
[63.582s][info][gc,stats    ] Pause Final Update Refs (G)         379 us
[63.582s][info][gc,stats    ] Pause Final Update Refs (N)         285 us
[63.582s][info][gc,stats    ]   Update Region States              124 us
[63.582s][info][gc,stats    ]   Trash Collection Set                9 us
[63.582s][info][gc,stats    ]   Rebuild Free Set                   24 us
[63.582s][info][gc,stats    ] Concurrent Cleanup                   53 us
[63.582s][info][gc,stats    ] 
[63.582s][info][gc,stats    ] Allocation pacing accrued:
[63.582s][info][gc,stats    ]       0 of  1406 ms (  0.0%): <total>
[63.582s][info][gc,stats    ]       0 of  1406 ms (  0.0%): <average total>
[63.582s][info][gc,stats    ] 
[63.582s][info][gc,metaspace] Metaspace: 15948K(16256K)->15955K(16256K) NonClass: 13777K(13952K)->13785K(13952K) Class: 2170K(2304K)->2170K(2304K)
[63.582s][info][gc,ergo     ] Pacer for Idle. Initial: 41943K, Alloc Tax Rate: 1.0x
[63.584s][info][gc          ] Trigger: Explicit GC request (System.gc())
[63.584s][info][gc,ergo     ] Free: 1171M, Max: 1024K regular, 921M humongous, Frag: 22% external, 0% internal; Reserve: 103M, Max: 1024K
[63.584s][info][gc,start    ] GC(85) Concurrent reset
[63.584s][info][gc,task     ] GC(85) Using 1 of 3 workers for concurrent reset
[63.584s][info][gc,ergo     ] GC(85) Pacer for Reset. Non-Taxable: 2048M
[63.586s][info][gc          ] GC(85) Concurrent reset 2.301ms
[63.586s][info][gc,start    ] GC(85) Pause Init Mark (unload classes)
[63.586s][info][gc,task     ] GC(85) Using 3 of 3 workers for init marking
[63.586s][info][gc,ref      ] GC(85) Clearing All SoftReferences
[63.586s][info][gc,ergo     ] GC(85) Pacer for Mark. Expected Live: 117M, Free: 1171M, Non-Taxable: 117M, Alloc Tax Rate: 0.1x
[63.586s][info][gc          ] GC(85) Pause Init Mark (unload classes) 0.259ms
[63.586s][info][gc,start    ] GC(85) Concurrent marking roots
[63.587s][info][gc,task     ] GC(85) Using 1 of 3 workers for concurrent marking roots
[63.587s][info][gc          ] GC(85) Concurrent marking roots 0.521ms
[63.587s][info][gc,start    ] GC(85) Concurrent marking (unload classes)
[63.587s][info][gc,task     ] GC(85) Using 1 of 3 workers for concurrent marking
[63.592s][info][gc          ] GC(85) Concurrent marking (unload classes) 4.987ms
[63.592s][info][gc,start    ] GC(85) Pause Final Mark (unload classes)
[63.592s][info][gc,task     ] GC(85) Using 3 of 3 workers for final marking
[63.593s][info][gc,ergo     ] GC(85) Collectable Garbage: 727M (98%), Immediate: 727M (98%), CSet: 0B (0%)
[63.593s][info][gc          ] GC(85) Pause Final Mark (unload classes) 0.494ms
[63.593s][info][gc,start    ] GC(85) Concurrent weak references
[63.593s][info][gc,task     ] GC(85) Using 1 of 3 workers for concurrent weak references
[63.593s][info][gc,ref      ] GC(85) Encountered references: Soft: 178, Weak: 683, Final: 0, Phantom: 63
[63.593s][info][gc,ref      ] GC(85) Discovered  references: Soft: 127, Weak: 165, Final: 0, Phantom: 61
[63.593s][info][gc,ref      ] GC(85) Enqueued    references: Soft: 48, Weak: 0, Final: 0, Phantom: 0
[63.593s][info][gc          ] GC(85) Concurrent weak references 0.224ms
[63.593s][info][gc,start    ] GC(85) Concurrent weak roots
[63.593s][info][gc,task     ] GC(85) Using 1 of 3 workers for concurrent weak root
[63.594s][info][gc          ] GC(85) Concurrent weak roots 0.966ms
[63.594s][info][gc,start    ] GC(85) Concurrent cleanup
[63.594s][info][gc          ] GC(85) Concurrent cleanup 739M->11M(2048M) 0.059ms
[63.594s][info][gc,ergo     ] GC(85) Free: 1933M, Max: 1024K regular, 1006M humongous, Frag: 48% external, 0% internal; Reserve: 103M, Max: 1024K
[63.594s][info][gc,start    ] GC(85) Concurrent class unloading
[63.594s][info][gc,task     ] GC(85) Using 1 of 3 workers for concurrent class unloading
[63.599s][info][gc          ] GC(85) Concurrent class unloading 4.532ms
[63.599s][info][gc,start    ] GC(85) Pause Final Roots
[63.599s][info][gc          ] GC(85) Pause Final Roots 0.067ms
[63.599s][info][gc,ergo     ] Free: 1933M, Max: 1024K regular, 1006M humongous, Frag: 48% external, 0% internal; Reserve: 103M, Max: 1024K
[63.599s][info][gc,stats    ] 
[63.599s][info][gc,stats    ] All times are wall-clock times, except per-root-class counters, that are sum over
[63.599s][info][gc,stats    ] all workers. Dividing the <total> over the root stage time estimates parallelism.
[63.599s][info][gc,stats    ] 
[63.599s][info][gc,stats    ] Concurrent Reset                   2349 us
[63.599s][info][gc,stats    ] Pause Init Mark (G)                 419 us
[63.599s][info][gc,stats    ] Pause Init Mark (N)                 276 us
[63.599s][info][gc,stats    ]   Update Region States              107 us
[63.599s][info][gc,stats    ] Concurrent Mark Roots               570 us, parallelism: 0.61x
[63.599s][info][gc,stats    ]   CMR: <total>                      346 us
[63.599s][info][gc,stats    ]   CMR: Thread Roots                 299 us, workers (us): 299, ---, ---, 
[63.599s][info][gc,stats    ]   CMR: VM Strong Roots                4 us, workers (us):   4, ---, ---, 
[63.599s][info][gc,stats    ]   CMR: CLDG Roots                    43 us, workers (us):  43, ---, ---, 
[63.599s][info][gc,stats    ] Concurrent Marking                 5052 us
[63.599s][info][gc,stats    ] Pause Final Mark (G)                643 us
[63.599s][info][gc,stats    ] Pause Final Mark (N)                519 us
[63.599s][info][gc,stats    ]   Finish Mark                       166 us
[63.599s][info][gc,stats    ]   Update Region States              124 us
[63.599s][info][gc,stats    ]   Choose Collection Set             100 us
[63.599s][info][gc,stats    ]   Rebuild Free Set                   24 us
[63.599s][info][gc,stats    ] Concurrent Weak References          241 us, parallelism: 0.07x
[63.599s][info][gc,stats    ]   CWRF: <total>                      16 us
[63.599s][info][gc,stats    ]   CWRF: Weak References              16 us, workers (us):  16, ---, ---, 
[63.599s][info][gc,stats    ] Concurrent Weak Roots              1001 us
[63.599s][info][gc,stats    ]   Roots                             851 us, parallelism: 0.92x
[63.599s][info][gc,stats    ]     CWR: <total>                    780 us
[63.599s][info][gc,stats    ]     CWR: Code Cache Roots           701 us, workers (us): 701, ---, ---, 
[63.599s][info][gc,stats    ]     CWR: VM Weak Roots               73 us, workers (us):  73, ---, ---, 
[63.599s][info][gc,stats    ]     CWR: CLDG Roots                   5 us, workers (us):   5, ---, ---, 
[63.599s][info][gc,stats    ]   Rendezvous                         82 us
[63.599s][info][gc,stats    ] Concurrent Cleanup                   68 us
[63.599s][info][gc,stats    ] Concurrent Class Unloading         4581 us
[63.599s][info][gc,stats    ]   Unlink Stale                     3980 us
[63.599s][info][gc,stats    ]     System Dictionary                 6 us
[63.599s][info][gc,stats    ]     Weak Class Links                  0 us
[63.599s][info][gc,stats    ]     Code Roots                     3973 us
[63.599s][info][gc,stats    ]   Rendezvous                        211 us
[63.599s][info][gc,stats    ]   Purge Unlinked                    322 us
[63.599s][info][gc,stats    ]     Code Roots                      309 us
[63.599s][info][gc,stats    ]     CLDG                             13 us
[63.599s][info][gc,stats    ]     Exception Caches                  0 us
[63.599s][info][gc,stats    ] Pause Final Roots (G)               204 us
[63.599s][info][gc,stats    ] Pause Final Roots (N)                86 us
[63.599s][info][gc,stats    ] 
[63.599s][info][gc,stats    ] Allocation pacing accrued:
[63.599s][info][gc,stats    ]       0 of    18 ms (  0.0%): <total>
[63.599s][info][gc,stats    ]       0 of    18 ms (  0.0%): <average total>
[63.599s][info][gc,stats    ] 
[63.599s][info][gc,metaspace] Metaspace: 15955K(16256K)->15955K(16256K) NonClass: 13785K(13952K)->13785K(13952K) Class: 2170K(2304K)->2170K(2304K)
[63.599s][info][gc,ergo     ] Pacer for Idle. Initial: 41943K, Alloc Tax Rate: 1.0x
[64.149s][info][gc          ] Trigger: Learning 2 of 5. Free (1414M) is below initial threshold (1433M)
[64.149s][info][gc,ergo     ] Free: 1414M, Max: 1024K regular, 1006M humongous, Frag: 29% external, 0% internal; Reserve: 103M, Max: 1024K
[64.149s][info][gc,start    ] GC(86) Concurrent reset
[64.149s][info][gc,task     ] GC(86) Using 1 of 3 workers for concurrent reset
[64.149s][info][gc,ergo     ] GC(86) Pacer for Reset. Non-Taxable: 2048M
[64.149s][info][gc          ] GC(86) Concurrent reset 0.188ms
[64.149s][info][gc,start    ] GC(86) Pause Init Mark (unload classes)
[64.149s][info][gc,task     ] GC(86) Using 3 of 3 workers for init marking
[64.149s][info][gc,ergo     ] GC(86) Pacer for Mark. Expected Live: 82021K, Free: 1414M, Non-Taxable: 141M, Alloc Tax Rate: 0.1x
[64.149s][info][gc          ] GC(86) Pause Init Mark (unload classes) 0.081ms
[64.149s][info][gc,start    ] GC(86) Concurrent marking roots
[64.149s][info][gc,task     ] GC(86) Using 1 of 3 workers for concurrent marking roots
[64.150s][info][gc          ] GC(86) Concurrent marking roots 0.437ms
[64.150s][info][gc,start    ] GC(86) Concurrent marking (unload classes)
[64.150s][info][gc,task     ] GC(86) Using 1 of 3 workers for concurrent marking
[64.504s][info][gc          ] GC(86) Concurrent marking (unload classes) 354.153ms
[64.504s][info][gc,start    ] GC(86) Pause Final Mark (unload classes)
[64.504s][info][gc,task     ] GC(86) Using 3 of 3 workers for final marking
[64.504s][info][gc,ergo     ] GC(86) Adaptive CSet Selection. Target Free: 290M, Actual Free: 1244M, Max CSet: 87381K, Min Garbage: 0B
[64.504s][info][gc,ergo     ] GC(86) Collectable Garbage: 195M (61%), Immediate: 29760K (9%), CSet: 166M (52%)
[64.504s][info][gc,ergo     ] GC(86) Pacer for Evacuation. Used CSet: 251M, Free: 1153M, Non-Taxable: 115M, Alloc Tax Rate: 1.1x
[64.504s][info][gc          ] GC(86) Pause Final Mark (unload classes) 0.241ms
[64.506s][info][gc,start    ] GC(86) Concurrent thread roots
[64.506s][info][gc,task     ] GC(86) Using 1 of 3 workers for Concurrent thread roots
[64.506s][info][gc          ] GC(86) Concurrent thread roots 0.489ms
[64.506s][info][gc,start    ] GC(86) Concurrent weak references
[64.506s][info][gc,task     ] GC(86) Using 1 of 3 workers for concurrent weak references
[64.506s][info][gc,ref      ] GC(86) Encountered references: Soft: 133, Weak: 684, Final: 0, Phantom: 63
[64.506s][info][gc,ref      ] GC(86) Discovered  references: Soft: 0, Weak: 152, Final: 0, Phantom: 26
[64.506s][info][gc,ref      ] GC(86) Enqueued    references: Soft: 0, Weak: 0, Final: 0, Phantom: 0
[64.506s][info][gc          ] GC(86) Concurrent weak references 0.059ms
[64.506s][info][gc,start    ] GC(86) Concurrent weak roots
[64.506s][info][gc,task     ] GC(86) Using 1 of 3 workers for concurrent weak root
[64.508s][info][gc          ] GC(86) Concurrent weak roots 1.481ms
[64.508s][info][gc,start    ] GC(86) Concurrent cleanup
[64.508s][info][gc          ] GC(86) Concurrent cleanup 796M->768M(2048M) 0.035ms
[64.508s][info][gc,ergo     ] GC(86) Free: 1150M, Max: 1024K regular, 1111M humongous, Frag: 4% external, 0% internal; Reserve: 100M, Max: 1024K
[64.508s][info][gc,start    ] GC(86) Concurrent class unloading
[64.508s][info][gc,task     ] GC(86) Using 1 of 3 workers for concurrent class unloading
[64.513s][info][gc          ] GC(86) Concurrent class unloading 5.320ms
[64.513s][info][gc,start    ] GC(86) Concurrent strong roots
[64.513s][info][gc,task     ] GC(86) Using 1 of 3 workers for concurrent strong root
[64.513s][info][gc          ] GC(86) Concurrent strong roots 0.088ms
[64.513s][info][gc,start    ] GC(86) Concurrent evacuation
[64.513s][info][gc,task     ] GC(86) Using 1 of 3 workers for concurrent evacuation
[64.592s][info][gc          ] GC(86) Concurrent evacuation 78.911ms
[64.592s][info][gc,start    ] GC(86) Pause Init Update Refs
[64.593s][info][gc,ergo     ] GC(86) Pacer for Update Refs. Used: 921M, Free: 1077M, Non-Taxable: 107M, Alloc Tax Rate: 1.1x
[64.593s][info][gc          ] GC(86) Pause Init Update Refs 0.071ms
[64.598s][info][gc,start    ] GC(86) Concurrent update references
[64.598s][info][gc,task     ] GC(86) Using 1 of 3 workers for concurrent reference update
[65.034s][info][gc          ] GC(86) Concurrent update references 436.790ms
[65.034s][info][gc,start    ] GC(86) Concurrent update thread roots
[65.035s][info][gc          ] GC(86) Concurrent update thread roots 0.616ms
[65.035s][info][gc,start    ] GC(86) Pause Final Update Refs
[65.035s][info][gc,task     ] GC(86) Using 3 of 3 workers for final reference update
[65.035s][info][gc          ] GC(86) Pause Final Update Refs 0.147ms
[65.035s][info][gc,start    ] GC(86) Concurrent cleanup
[65.035s][info][gc          ] GC(86) Concurrent cleanup 994M->742M(2048M) 0.033ms
[65.035s][info][gc,ergo     ] Free: 1167M, Max: 1024K regular, 918M humongous, Frag: 22% external, 0% internal; Reserve: 103M, Max: 1024K
[65.035s][info][gc,stats    ] 
[65.035s][info][gc,stats    ] All times are wall-clock times, except per-root-class counters, that are sum over
[65.035s][info][gc,stats    ] all workers. Dividing the <total> over the root stage time estimates parallelism.
[65.035s][info][gc,stats    ] 
[65.035s][info][gc,stats    ] Concurrent Reset                    226 us
[65.035s][info][gc,stats    ] Pause Init Mark (G)                 171 us
[65.035s][info][gc,stats    ] Pause Init Mark (N)                  90 us
[65.035s][info][gc,stats    ]   Update Region States               27 us
[65.035s][info][gc,stats    ] Concurrent Mark Roots               447 us, parallelism: 0.82x
[65.035s][info][gc,stats    ]   CMR: <total>                      365 us
[65.035s][info][gc,stats    ]   CMR: Thread Roots                 320 us, workers (us): 320, ---, ---, 
[65.035s][info][gc,stats    ]   CMR: VM Strong Roots                5 us, workers (us):   5, ---, ---, 
[65.035s][info][gc,stats    ]   CMR: CLDG Roots                    41 us, workers (us):  41, ---, ---, 
[65.035s][info][gc,stats    ] Concurrent Marking               354219 us
[65.035s][info][gc,stats    ] Pause Final Mark (G)               1656 us
[65.035s][info][gc,stats    ] Pause Final Mark (N)                249 us
[65.035s][info][gc,stats    ]   Finish Mark                        45 us
[65.035s][info][gc,stats    ]   Update Region States               39 us
[65.035s][info][gc,stats    ]   Choose Collection Set              83 us
[65.035s][info][gc,stats    ]   Rebuild Free Set                    9 us
[65.035s][info][gc,stats    ] Concurrent Thread Roots             500 us, parallelism: 0.85x
[65.035s][info][gc,stats    ]   CTR: <total>                      423 us
[65.035s][info][gc,stats    ]   CTR: Thread Roots                 423 us, workers (us): 423, ---, ---, 
[65.035s][info][gc,stats    ] Concurrent Weak References           65 us, parallelism: 0.20x
[65.035s][info][gc,stats    ]   CWRF: <total>                      13 us
[65.035s][info][gc,stats    ]   CWRF: Weak References              13 us, workers (us):  13, ---, ---, 
[65.035s][info][gc,stats    ] Concurrent Weak Roots              1516 us
[65.035s][info][gc,stats    ]   Roots                            1044 us, parallelism: 0.97x
[65.036s][info][gc,stats    ]     CWR: <total>                   1009 us
[65.036s][info][gc,stats    ]     CWR: Code Cache Roots           915 us, workers (us): 915, ---, ---, 
[65.036s][info][gc,stats    ]     CWR: VM Weak Roots               87 us, workers (us):  87, ---, ---, 
[65.036s][info][gc,stats    ]     CWR: CLDG Roots                   8 us, workers (us):   8, ---, ---, 
[65.036s][info][gc,stats    ]   Rendezvous                        421 us
[65.036s][info][gc,stats    ] Concurrent Cleanup                   44 us
[65.036s][info][gc,stats    ] Concurrent Class Unloading         5368 us
[65.036s][info][gc,stats    ]   Unlink Stale                     4292 us
[65.036s][info][gc,stats    ]     System Dictionary                 9 us
[65.036s][info][gc,stats    ]     Weak Class Links                  0 us
[65.036s][info][gc,stats    ]     Code Roots                     4282 us
[65.036s][info][gc,stats    ]   Rendezvous                        709 us
[65.036s][info][gc,stats    ]   Purge Unlinked                    301 us
[65.036s][info][gc,stats    ]     Code Roots                      297 us
[65.036s][info][gc,stats    ]     CLDG                              3 us
[65.036s][info][gc,stats    ]     Exception Caches                  0 us
[65.036s][info][gc,stats    ] Concurrent Strong Roots              96 us, parallelism: 0.45x
[65.036s][info][gc,stats    ]   CSR: <total>                       43 us
[65.036s][info][gc,stats    ]   CSR: VM Strong Roots                5 us, workers (us):   5, ---, ---, 
[65.036s][info][gc,stats    ]   CSR: CLDG Roots                    38 us, workers (us):  38, ---, ---, 
[65.036s][info][gc,stats    ] Concurrent Evacuation             78989 us
[65.036s][info][gc,stats    ] Pause Init Update Refs (G)         5204 us
[65.036s][info][gc,stats    ] Pause Init Update Refs (N)           80 us
[65.036s][info][gc,stats    ]   Manage GCLABs                       7 us
[65.036s][info][gc,stats    ] Concurrent Update Refs           436854 us
[65.036s][info][gc,stats    ] Concurrent Update Thread Roots      634 us
[65.036s][info][gc,stats    ] Pause Final Update Refs (G)         195 us
[65.036s][info][gc,stats    ] Pause Final Update Refs (N)         165 us
[65.036s][info][gc,stats    ]   Update Region States               69 us
[65.036s][info][gc,stats    ]   Trash Collection Set                8 us
[65.036s][info][gc,stats    ]   Rebuild Free Set                   20 us
[65.036s][info][gc,stats    ] Concurrent Cleanup                   41 us
[65.036s][info][gc,stats    ] 
[65.036s][info][gc,stats    ] Allocation pacing accrued:
[65.036s][info][gc,stats    ]       0 of  1436 ms (  0.0%): <total>
[65.036s][info][gc,stats    ]       0 of  1436 ms (  0.0%): <average total>
[65.036s][info][gc,stats    ] 
[65.036s][info][gc,metaspace] Metaspace: 15955K(16256K)->15960K(16256K) NonClass: 13785K(13952K)->13789K(13952K) Class: 2170K(2304K)->2170K(2304K)
[65.036s][info][gc,ergo     ] Pacer for Idle. Initial: 41943K, Alloc Tax Rate: 1.0x
[65.049s][info][gc          ] Trigger: Explicit GC request (System.gc())
[65.049s][info][gc,ergo     ] Free: 1167M, Max: 1024K regular, 918M humongous, Frag: 22% external, 0% internal; Reserve: 103M, Max: 1024K
[65.049s][info][gc,start    ] GC(87) Concurrent reset
[65.049s][info][gc,task     ] GC(87) Using 1 of 3 workers for concurrent reset
[65.049s][info][gc,ergo     ] GC(87) Pacer for Reset. Non-Taxable: 2048M
[65.052s][info][gc          ] GC(87) Concurrent reset 2.993ms
[65.052s][info][gc,start    ] GC(87) Pause Init Mark (unload classes)
[65.052s][info][gc,task     ] GC(87) Using 3 of 3 workers for init marking
[65.052s][info][gc,ref      ] GC(87) Clearing All SoftReferences
[65.052s][info][gc,ergo     ] GC(87) Pacer for Mark. Expected Live: 118M, Free: 1167M, Non-Taxable: 116M, Alloc Tax Rate: 0.1x
[65.053s][info][gc          ] GC(87) Pause Init Mark (unload classes) 0.211ms
[65.053s][info][gc,start    ] GC(87) Concurrent marking roots
[65.053s][info][gc,task     ] GC(87) Using 1 of 3 workers for concurrent marking roots
[65.053s][info][gc          ] GC(87) Concurrent marking roots 0.814ms
[65.053s][info][gc,start    ] GC(87) Concurrent marking (unload classes)
[65.053s][info][gc,task     ] GC(87) Using 1 of 3 workers for concurrent marking
[65.058s][info][gc          ] GC(87) Concurrent marking (unload classes) 4.245ms
[65.058s][info][gc,start    ] GC(87) Pause Final Mark (unload classes)
[65.058s][info][gc,task     ] GC(87) Using 3 of 3 workers for final marking
[65.058s][info][gc,ergo     ] GC(87) Collectable Garbage: 731M (99%), Immediate: 731M (99%), CSet: 0B (0%)
[65.058s][info][gc          ] GC(87) Pause Final Mark (unload classes) 0.709ms
[65.058s][info][gc,start    ] GC(87) Concurrent weak references
[65.058s][info][gc,task     ] GC(87) Using 1 of 3 workers for concurrent weak references
[65.058s][info][gc,ref      ] GC(87) Encountered references: Soft: 178, Weak: 683, Final: 0, Phantom: 63
[65.059s][info][gc,ref      ] GC(87) Discovered  references: Soft: 127, Weak: 165, Final: 0, Phantom: 61
[65.059s][info][gc,ref      ] GC(87) Enqueued    references: Soft: 48, Weak: 0, Final: 0, Phantom: 0
[65.059s][info][gc          ] GC(87) Concurrent weak references 0.088ms
[65.059s][info][gc,start    ] GC(87) Concurrent weak roots
[65.059s][info][gc,task     ] GC(87) Using 1 of 3 workers for concurrent weak root
[65.059s][info][gc          ] GC(87) Concurrent weak roots 0.873ms
[65.059s][info][gc,start    ] GC(87) Concurrent cleanup
[65.059s][info][gc          ] GC(87) Concurrent cleanup 742M->11M(2048M) 0.057ms
[65.059s][info][gc,ergo     ] GC(87) Free: 1933M, Max: 1024K regular, 1004M humongous, Frag: 49% external, 0% internal; Reserve: 103M, Max: 1024K
[65.059s][info][gc,start    ] GC(87) Concurrent class unloading
[65.060s][info][gc,task     ] GC(87) Using 1 of 3 workers for concurrent class unloading
[65.063s][info][gc          ] GC(87) Concurrent class unloading 3.952ms
[65.064s][info][gc,start    ] GC(87) Pause Final Roots
[65.064s][info][gc          ] GC(87) Pause Final Roots 0.068ms
[65.064s][info][gc,ergo     ] Free: 1933M, Max: 1024K regular, 1004M humongous, Frag: 49% external, 0% internal; Reserve: 103M, Max: 1024K
[65.064s][info][gc,stats    ] 
[65.064s][info][gc,stats    ] All times are wall-clock times, except per-root-class counters, that are sum over
[65.064s][info][gc,stats    ] all workers. Dividing the <total> over the root stage time estimates parallelism.
[65.064s][info][gc,stats    ] 
[65.064s][info][gc,stats    ] Concurrent Reset                   3091 us
[65.064s][info][gc,stats    ] Pause Init Mark (G)                 329 us
[65.064s][info][gc,stats    ] Pause Init Mark (N)                 228 us
[65.064s][info][gc,stats    ]   Update Region States               81 us
[65.064s][info][gc,stats    ] Concurrent Mark Roots               823 us, parallelism: 0.85x
[65.064s][info][gc,stats    ]   CMR: <total>                      698 us
[65.064s][info][gc,stats    ]   CMR: Thread Roots                 618 us, workers (us): 618, ---, ---, 
[65.064s][info][gc,stats    ]   CMR: VM Strong Roots                7 us, workers (us):   7, ---, ---, 
[65.064s][info][gc,stats    ]   CMR: CLDG Roots                    73 us, workers (us):  73, ---, ---, 
[65.064s][info][gc,stats    ] Concurrent Marking                 4266 us
[65.064s][info][gc,stats    ] Pause Final Mark (G)                789 us
[65.064s][info][gc,stats    ] Pause Final Mark (N)                734 us
[65.064s][info][gc,stats    ]   Finish Mark                       363 us
[65.064s][info][gc,stats    ]   Update Region States              124 us
[65.064s][info][gc,stats    ]   Choose Collection Set             101 us
[65.064s][info][gc,stats    ]   Rebuild Free Set                   25 us
[65.064s][info][gc,stats    ] Concurrent Weak References           95 us, parallelism: 0.13x
[65.064s][info][gc,stats    ]   CWRF: <total>                      13 us
[65.064s][info][gc,stats    ]   CWRF: Weak References              13 us, workers (us):  13, ---, ---, 
[65.064s][info][gc,stats    ] Concurrent Weak Roots               885 us
[65.064s][info][gc,stats    ]   Roots                             820 us, parallelism: 0.95x
[65.064s][info][gc,stats    ]     CWR: <total>                    781 us
[65.064s][info][gc,stats    ]     CWR: Code Cache Roots           706 us, workers (us): 706, ---, ---, 
[65.064s][info][gc,stats    ]     CWR: VM Weak Roots               71 us, workers (us):  71, ---, ---, 
[65.064s][info][gc,stats    ]     CWR: CLDG Roots                   4 us, workers (us):   4, ---, ---, 
[65.064s][info][gc,stats    ]   Rendezvous                         38 us
[65.064s][info][gc,stats    ] Concurrent Cleanup                   65 us
[65.064s][info][gc,stats    ] Concurrent Class Unloading         3977 us
[65.064s][info][gc,stats    ]   Unlink Stale                     3488 us
[65.064s][info][gc,stats    ]     System Dictionary                 5 us
[65.064s][info][gc,stats    ]     Weak Class Links                  0 us
[65.064s][info][gc,stats    ]     Code Roots                     3482 us
[65.064s][info][gc,stats    ]   Rendezvous                        147 us
[65.064s][info][gc,stats    ]   Purge Unlinked                    301 us
[65.064s][info][gc,stats    ]     Code Roots                      295 us
[65.064s][info][gc,stats    ]     CLDG                              6 us
[65.064s][info][gc,stats    ]     Exception Caches                  0 us
[65.064s][info][gc,stats    ] Pause Final Roots (G)               171 us
[65.064s][info][gc,stats    ] Pause Final Roots (N)                94 us
[65.064s][info][gc,stats    ] 
[65.064s][info][gc,stats    ] Allocation pacing accrued:
[65.064s][info][gc,stats    ]       0 of    29 ms (  0.0%): <total>
[65.064s][info][gc,stats    ]       0 of    29 ms (  0.0%): <average total>
[65.064s][info][gc,stats    ] 
[65.064s][info][gc,metaspace] Metaspace: 15960K(16256K)->15960K(16256K) NonClass: 13789K(13952K)->13789K(13952K) Class: 2170K(2304K)->2170K(2304K)
[65.064s][info][gc,ergo     ] Pacer for Idle. Initial: 41943K, Alloc Tax Rate: 1.0x
[65.598s][info][gc          ] Trigger: Learning 2 of 5. Free (1417M) is below initial threshold (1433M)
[65.598s][info][gc,ergo     ] Free: 1417M, Max: 1024K regular, 1004M humongous, Frag: 30% external, 0% internal; Reserve: 103M, Max: 1024K
[65.599s][info][gc,start    ] GC(88) Concurrent reset
[65.599s][info][gc,task     ] GC(88) Using 1 of 3 workers for concurrent reset
[65.599s][info][gc,ergo     ] GC(88) Pacer for Reset. Non-Taxable: 2048M
[65.599s][info][gc          ] GC(88) Concurrent reset 0.333ms
[65.599s][info][gc,start    ] GC(88) Pause Init Mark (unload classes)
[65.599s][info][gc,task     ] GC(88) Using 3 of 3 workers for init marking
[65.599s][info][gc,ergo     ] GC(88) Pacer for Mark. Expected Live: 82102K, Free: 1416M, Non-Taxable: 141M, Alloc Tax Rate: 0.1x
[65.599s][info][gc          ] GC(88) Pause Init Mark (unload classes) 0.193ms
[65.599s][info][gc,start    ] GC(88) Concurrent marking roots
[65.599s][info][gc,task     ] GC(88) Using 1 of 3 workers for concurrent marking roots
[65.600s][info][gc          ] GC(88) Concurrent marking roots 0.794ms
[65.600s][info][gc,start    ] GC(88) Concurrent marking (unload classes)
[65.600s][info][gc,task     ] GC(88) Using 1 of 3 workers for concurrent marking
[65.988s][info][gc          ] GC(88) Concurrent marking (unload classes) 387.651ms
[65.988s][info][gc,start    ] GC(88) Pause Final Mark (unload classes)
[65.988s][info][gc,task     ] GC(88) Using 3 of 3 workers for final marking
[65.988s][info][gc,ergo     ] GC(88) Adaptive CSet Selection. Target Free: 290M, Actual Free: 1192M, Max CSet: 87381K, Min Garbage: 0B
[65.988s][info][gc,ergo     ] GC(88) Collectable Garbage: 196M (61%), Immediate: 29343K (8%), CSet: 167M (52%)
[65.988s][info][gc,ergo     ] GC(88) Pacer for Evacuation. Used CSet: 253M, Free: 1102M, Non-Taxable: 110M, Alloc Tax Rate: 1.1x
[65.988s][info][gc          ] GC(88) Pause Final Mark (unload classes) 0.258ms
[65.988s][info][gc,start    ] GC(88) Concurrent thread roots
[65.988s][info][gc,task     ] GC(88) Using 1 of 3 workers for Concurrent thread roots
[65.989s][info][gc          ] GC(88) Concurrent thread roots 0.560ms
[65.989s][info][gc,start    ] GC(88) Concurrent weak references
[65.989s][info][gc,task     ] GC(88) Using 1 of 3 workers for concurrent weak references
[65.989s][info][gc,ref      ] GC(88) Encountered references: Soft: 133, Weak: 684, Final: 0, Phantom: 63
[65.989s][info][gc,ref      ] GC(88) Discovered  references: Soft: 0, Weak: 153, Final: 0, Phantom: 26
[65.989s][info][gc,ref      ] GC(88) Enqueued    references: Soft: 0, Weak: 0, Final: 0, Phantom: 0
[65.989s][info][gc          ] GC(88) Concurrent weak references 0.141ms
[65.989s][info][gc,start    ] GC(88) Concurrent weak roots
[65.989s][info][gc,task     ] GC(88) Using 1 of 3 workers for concurrent weak root
[65.991s][info][gc          ] GC(88) Concurrent weak roots 1.883ms
[65.991s][info][gc,start    ] GC(88) Concurrent cleanup
[65.991s][info][gc          ] GC(88) Concurrent cleanup 847M->819M(2048M) 0.042ms
[65.991s][info][gc,ergo     ] GC(88) Free: 1094M, Max: 1024K regular, 1055M humongous, Frag: 4% external, 0% internal; Reserve: 101M, Max: 1024K
[65.991s][info][gc,start    ] GC(88) Concurrent class unloading
[65.991s][info][gc,task     ] GC(88) Using 1 of 3 workers for concurrent class unloading
[66.007s][info][gc          ] GC(88) Concurrent class unloading 15.798ms
[66.007s][info][gc,start    ] GC(88) Concurrent strong roots
[66.007s][info][gc,task     ] GC(88) Using 1 of 3 workers for concurrent strong root
[66.007s][info][gc          ] GC(88) Concurrent strong roots 0.076ms
[66.007s][info][gc,start    ] GC(88) Concurrent evacuation
[66.007s][info][gc,task     ] GC(88) Using 1 of 3 workers for concurrent evacuation
[66.085s][info][gc          ] GC(88) Concurrent evacuation 78.693ms
[66.086s][info][gc,start    ] GC(88) Pause Init Update Refs
[66.086s][info][gc,ergo     ] GC(88) Pacer for Update Refs. Used: 957M, Free: 1041M, Non-Taxable: 104M, Alloc Tax Rate: 1.1x
[66.086s][info][gc          ] GC(88) Pause Init Update Refs 0.037ms
[66.086s][info][gc,start    ] GC(88) Concurrent update references
[66.086s][info][gc,task     ] GC(88) Using 1 of 3 workers for concurrent reference update
[66.576s][info][gc          ] GC(88) Concurrent update references 490.468ms
[66.576s][info][gc,start    ] GC(88) Concurrent update thread roots
[66.577s][info][gc          ] GC(88) Concurrent update thread roots 0.781ms
[66.577s][info][gc,start    ] GC(88) Pause Final Update Refs
[66.577s][info][gc,task     ] GC(88) Using 3 of 3 workers for final reference update
[66.577s][info][gc          ] GC(88) Pause Final Update Refs 0.199ms
[66.577s][info][gc,start    ] GC(88) Concurrent cleanup
[66.577s][info][gc          ] GC(88) Concurrent cleanup 990M->737M(2048M) 0.050ms
[66.577s][info][gc,ergo     ] Free: 1172M, Max: 1024K regular, 922M humongous, Frag: 22% external, 0% internal; Reserve: 103M, Max: 1024K
[66.577s][info][gc,stats    ] 
[66.577s][info][gc,stats    ] All times are wall-clock times, except per-root-class counters, that are sum over
[66.577s][info][gc,stats    ] all workers. Dividing the <total> over the root stage time estimates parallelism.
[66.577s][info][gc,stats    ] 
[66.577s][info][gc,stats    ] Concurrent Reset                    386 us
[66.577s][info][gc,stats    ] Pause Init Mark (G)                 322 us
[66.577s][info][gc,stats    ] Pause Init Mark (N)                 202 us
[66.577s][info][gc,stats    ]   Update Region States               84 us
[66.577s][info][gc,stats    ] Concurrent Mark Roots               817 us, parallelism: 0.85x
[66.577s][info][gc,stats    ]   CMR: <total>                      693 us
[66.577s][info][gc,stats    ]   CMR: Thread Roots                 624 us, workers (us): 624, ---, ---, 
[66.577s][info][gc,stats    ]   CMR: VM Strong Roots                6 us, workers (us):   6, ---, ---, 
[66.577s][info][gc,stats    ]   CMR: CLDG Roots                    63 us, workers (us):  63, ---, ---, 
[66.577s][info][gc,stats    ] Concurrent Marking               387721 us
[66.578s][info][gc,stats    ] Pause Final Mark (G)                357 us
[66.578s][info][gc,stats    ] Pause Final Mark (N)                266 us
[66.578s][info][gc,stats    ]   Finish Mark                        52 us
[66.578s][info][gc,stats    ]   Update Region States               34 us
[66.578s][info][gc,stats    ]   Choose Collection Set              90 us
[66.578s][info][gc,stats    ]   Rebuild Free Set                    8 us
[66.578s][info][gc,stats    ] Concurrent Thread Roots             574 us, parallelism: 0.90x
[66.578s][info][gc,stats    ]   CTR: <total>                      514 us
[66.578s][info][gc,stats    ]   CTR: Thread Roots                 514 us, workers (us): 514, ---, ---, 
[66.578s][info][gc,stats    ] Concurrent Weak References          150 us, parallelism: 0.21x
[66.578s][info][gc,stats    ]   CWRF: <total>                      32 us
[66.578s][info][gc,stats    ]   CWRF: Weak References              32 us, workers (us):  32, ---, ---, 
[66.578s][info][gc,stats    ] Concurrent Weak Roots              1931 us
[66.578s][info][gc,stats    ]   Roots                            1075 us, parallelism: 0.97x
[66.578s][info][gc,stats    ]     CWR: <total>                   1042 us
[66.578s][info][gc,stats    ]     CWR: Code Cache Roots           903 us, workers (us): 903, ---, ---, 
[66.578s][info][gc,stats    ]     CWR: VM Weak Roots              131 us, workers (us): 131, ---, ---, 
[66.578s][info][gc,stats    ]     CWR: CLDG Roots                   7 us, workers (us):   7, ---, ---, 
[66.578s][info][gc,stats    ]   Rendezvous                        790 us
[66.578s][info][gc,stats    ] Concurrent Cleanup                   51 us
[66.578s][info][gc,stats    ] Concurrent Class Unloading        15856 us
[66.578s][info][gc,stats    ]   Unlink Stale                     4277 us
[66.578s][info][gc,stats    ]     System Dictionary                12 us
[66.578s][info][gc,stats    ]     Weak Class Links                  1 us
[66.578s][info][gc,stats    ]     Code Roots                     4260 us
[66.578s][info][gc,stats    ]   Rendezvous                      11247 us
[66.578s][info][gc,stats    ]   Purge Unlinked                    253 us
[66.578s][info][gc,stats    ]     Code Roots                      248 us
[66.578s][info][gc,stats    ]     CLDG                              5 us
[66.578s][info][gc,stats    ]     Exception Caches                  0 us
[66.578s][info][gc,stats    ] Concurrent Strong Roots              83 us, parallelism: 0.44x
[66.578s][info][gc,stats    ]   CSR: <total>                       37 us
[66.578s][info][gc,stats    ]   CSR: VM Strong Roots                5 us, workers (us):   5, ---, ---, 
[66.578s][info][gc,stats    ]   CSR: CLDG Roots                    32 us, workers (us):  32, ---, ---, 
[66.578s][info][gc,stats    ] Concurrent Evacuation             78750 us
[66.578s][info][gc,stats    ] Pause Init Update Refs (G)          140 us
[66.578s][info][gc,stats    ] Pause Init Update Refs (N)           50 us
[66.578s][info][gc,stats    ]   Manage GCLABs                       4 us
[66.578s][info][gc,stats    ] Concurrent Update Refs           490548 us
[66.578s][info][gc,stats    ] Concurrent Update Thread Roots      799 us
[66.578s][info][gc,stats    ] Pause Final Update Refs (G)         295 us
[66.578s][info][gc,stats    ] Pause Final Update Refs (N)         236 us
[66.578s][info][gc,stats    ]   Update Region States               90 us
[66.578s][info][gc,stats    ]   Trash Collection Set                9 us
[66.578s][info][gc,stats    ]   Rebuild Free Set                   20 us
[66.578s][info][gc,stats    ] Concurrent Cleanup                   60 us
[66.578s][info][gc,stats    ] 
[66.578s][info][gc,stats    ] Allocation pacing accrued:
[66.578s][info][gc,stats    ]       0 of  1514 ms (  0.0%): <total>
[66.578s][info][gc,stats    ]       0 of  1514 ms (  0.0%): <average total>
[66.578s][info][gc,stats    ] 
[66.578s][info][gc,metaspace] Metaspace: 15960K(16256K)->15960K(16256K) NonClass: 13789K(13952K)->13790K(13952K) Class: 2170K(2304K)->2170K(2304K)
[66.578s][info][gc,ergo     ] Pacer for Idle. Initial: 41943K, Alloc Tax Rate: 1.0x
[66.582s][info][gc          ] Trigger: Explicit GC request (System.gc())
[66.582s][info][gc,ergo     ] Free: 1172M, Max: 1024K regular, 922M humongous, Frag: 22% external, 0% internal; Reserve: 103M, Max: 1024K
[66.582s][info][gc,start    ] GC(89) Concurrent reset
[66.582s][info][gc,task     ] GC(89) Using 1 of 3 workers for concurrent reset
[66.582s][info][gc,ergo     ] GC(89) Pacer for Reset. Non-Taxable: 2048M
[66.585s][info][gc          ] GC(89) Concurrent reset 2.683ms
[66.585s][info][gc,start    ] GC(89) Pause Init Mark (unload classes)
[66.585s][info][gc,task     ] GC(89) Using 3 of 3 workers for init marking
[66.585s][info][gc,ref      ] GC(89) Clearing All SoftReferences
[66.585s][info][gc,ergo     ] GC(89) Pacer for Mark. Expected Live: 117M, Free: 1172M, Non-Taxable: 117M, Alloc Tax Rate: 0.1x
[66.585s][info][gc          ] GC(89) Pause Init Mark (unload classes) 0.224ms
[66.585s][info][gc,start    ] GC(89) Concurrent marking roots
[66.585s][info][gc,task     ] GC(89) Using 1 of 3 workers for concurrent marking roots
[66.586s][info][gc          ] GC(89) Concurrent marking roots 0.501ms
[66.586s][info][gc,start    ] GC(89) Concurrent marking (unload classes)
[66.586s][info][gc,task     ] GC(89) Using 1 of 3 workers for concurrent marking
[66.590s][info][gc          ] GC(89) Concurrent marking (unload classes) 4.568ms
[66.590s][info][gc,start    ] GC(89) Pause Final Mark (unload classes)
[66.591s][info][gc,task     ] GC(89) Using 3 of 3 workers for final marking
[66.591s][info][gc,ergo     ] GC(89) Collectable Garbage: 727M (99%), Immediate: 727M (99%), CSet: 0B (0%)
[66.591s][info][gc          ] GC(89) Pause Final Mark (unload classes) 0.426ms
[66.591s][info][gc,start    ] GC(89) Concurrent weak references
[66.591s][info][gc,task     ] GC(89) Using 1 of 3 workers for concurrent weak references
[66.591s][info][gc,ref      ] GC(89) Encountered references: Soft: 178, Weak: 683, Final: 0, Phantom: 63
[66.591s][info][gc,ref      ] GC(89) Discovered  references: Soft: 127, Weak: 165, Final: 0, Phantom: 61
[66.591s][info][gc,ref      ] GC(89) Enqueued    references: Soft: 48, Weak: 0, Final: 0, Phantom: 0
[66.591s][info][gc          ] GC(89) Concurrent weak references 0.233ms
[66.591s][info][gc,start    ] GC(89) Concurrent weak roots
[66.591s][info][gc,task     ] GC(89) Using 1 of 3 workers for concurrent weak root
[66.592s][info][gc          ] GC(89) Concurrent weak roots 0.926ms
[66.592s][info][gc,start    ] GC(89) Concurrent cleanup
[66.592s][info][gc          ] GC(89) Concurrent cleanup 737M->10M(2048M) 0.060ms
[66.592s][info][gc,ergo     ] GC(89) Free: 1934M, Max: 1024K regular, 1008M humongous, Frag: 48% external, 0% internal; Reserve: 103M, Max: 1024K
[66.592s][info][gc,start    ] GC(89) Concurrent class unloading
[66.592s][info][gc,task     ] GC(89) Using 1 of 3 workers for concurrent class unloading
[66.596s][info][gc          ] GC(89) Concurrent class unloading 4.086ms
[66.597s][info][gc,start    ] GC(89) Pause Final Roots
[66.597s][info][gc          ] GC(89) Pause Final Roots 0.053ms
[66.597s][info][gc,ergo     ] Free: 1934M, Max: 1024K regular, 1008M humongous, Frag: 48% external, 0% internal; Reserve: 103M, Max: 1024K
[66.597s][info][gc,stats    ] 
[66.597s][info][gc,stats    ] All times are wall-clock times, except per-root-class counters, that are sum over
[66.597s][info][gc,stats    ] all workers. Dividing the <total> over the root stage time estimates parallelism.
[66.597s][info][gc,stats    ] 
[66.597s][info][gc,stats    ] Concurrent Reset                   2733 us
[66.597s][info][gc,stats    ] Pause Init Mark (G)                 397 us
[66.597s][info][gc,stats    ] Pause Init Mark (N)                 241 us
[66.597s][info][gc,stats    ]   Update Region States               86 us
[66.597s][info][gc,stats    ] Concurrent Mark Roots               549 us, parallelism: 0.62x
[66.597s][info][gc,stats    ]   CMR: <total>                      341 us
[66.597s][info][gc,stats    ]   CMR: Thread Roots                 296 us, workers (us): 296, ---, ---, 
[66.597s][info][gc,stats    ]   CMR: VM Strong Roots                5 us, workers (us):   5, ---, ---, 
[66.597s][info][gc,stats    ]   CMR: CLDG Roots                    40 us, workers (us):  40, ---, ---, 
[66.597s][info][gc,stats    ] Concurrent Marking                 4633 us
[66.597s][info][gc,stats    ] Pause Final Mark (G)                573 us
[66.597s][info][gc,stats    ] Pause Final Mark (N)                450 us
[66.597s][info][gc,stats    ]   Finish Mark                       147 us
[66.597s][info][gc,stats    ]   Update Region States               74 us
[66.597s][info][gc,stats    ]   Choose Collection Set             100 us
[66.597s][info][gc,stats    ]   Rebuild Free Set                   24 us
[66.597s][info][gc,stats    ] Concurrent Weak References          241 us, parallelism: 0.14x
[66.597s][info][gc,stats    ]   CWRF: <total>                      33 us
[66.597s][info][gc,stats    ]   CWRF: Weak References              33 us, workers (us):  33, ---, ---, 
[66.597s][info][gc,stats    ] Concurrent Weak Roots               960 us
[66.597s][info][gc,stats    ]   Roots                             852 us, parallelism: 0.92x
[66.597s][info][gc,stats    ]     CWR: <total>                    785 us
[66.597s][info][gc,stats    ]     CWR: Code Cache Roots           705 us, workers (us): 705, ---, ---, 
[66.597s][info][gc,stats    ]     CWR: VM Weak Roots               75 us, workers (us):  75, ---, ---, 
[66.597s][info][gc,stats    ]     CWR: CLDG Roots                   4 us, workers (us):   4, ---, ---, 
[66.597s][info][gc,stats    ]   Rendezvous                         56 us
[66.597s][info][gc,stats    ] Concurrent Cleanup                   69 us
[66.597s][info][gc,stats    ] Concurrent Class Unloading         4151 us
[66.597s][info][gc,stats    ]   Unlink Stale                     3600 us
[66.597s][info][gc,stats    ]     System Dictionary                 6 us
[66.597s][info][gc,stats    ]     Weak Class Links                  0 us
[66.597s][info][gc,stats    ]     Code Roots                     3592 us
[66.597s][info][gc,stats    ]   Rendezvous                        182 us
[66.597s][info][gc,stats    ]   Purge Unlinked                    282 us
[66.597s][info][gc,stats    ]     Code Roots                      273 us
[66.597s][info][gc,stats    ]     CLDG                              9 us
[66.597s][info][gc,stats    ]     Exception Caches                  0 us
[66.597s][info][gc,stats    ] Pause Final Roots (G)               196 us
[66.597s][info][gc,stats    ] Pause Final Roots (N)                75 us
[66.597s][info][gc,stats    ] 
[66.597s][info][gc,stats    ] Allocation pacing accrued:
[66.597s][info][gc,stats    ]       0 of    19 ms (  0.0%): <total>
[66.597s][info][gc,stats    ]       0 of    19 ms (  0.0%): <average total>
[66.597s][info][gc,stats    ] 
[66.597s][info][gc,metaspace] Metaspace: 15960K(16256K)->15960K(16256K) NonClass: 13790K(13952K)->13790K(13952K) Class: 2170K(2304K)->2170K(2304K)
[66.597s][info][gc,ergo     ] Pacer for Idle. Initial: 41943K, Alloc Tax Rate: 1.0x
[67.132s][info][gc          ] Trigger: Learning 2 of 5. Free (1419M) is below initial threshold (1433M)
[67.132s][info][gc,ergo     ] Free: 1419M, Max: 1024K regular, 1008M humongous, Frag: 29% external, 0% internal; Reserve: 103M, Max: 1024K
[67.132s][info][gc,start    ] GC(90) Concurrent reset
[67.132s][info][gc,task     ] GC(90) Using 1 of 3 workers for concurrent reset
[67.132s][info][gc,ergo     ] GC(90) Pacer for Reset. Non-Taxable: 2048M
[67.132s][info][gc          ] GC(90) Concurrent reset 0.340ms
[67.133s][info][gc,start    ] GC(90) Pause Init Mark (unload classes)
[67.133s][info][gc,task     ] GC(90) Using 3 of 3 workers for init marking
[67.133s][info][gc,ergo     ] GC(90) Pacer for Mark. Expected Live: 81988K, Free: 1418M, Non-Taxable: 141M, Alloc Tax Rate: 0.1x
[67.133s][info][gc          ] GC(90) Pause Init Mark (unload classes) 0.218ms
[67.133s][info][gc,start    ] GC(90) Concurrent marking roots
[67.133s][info][gc,task     ] GC(90) Using 1 of 3 workers for concurrent marking roots
[67.133s][info][gc          ] GC(90) Concurrent marking roots 0.533ms
[67.133s][info][gc,start    ] GC(90) Concurrent marking (unload classes)
[67.133s][info][gc,task     ] GC(90) Using 1 of 3 workers for concurrent marking
[67.458s][info][gc          ] GC(90) Concurrent marking (unload classes) 325.067ms
[67.459s][info][gc,start    ] GC(90) Pause Final Mark (unload classes)
[67.459s][info][gc,task     ] GC(90) Using 3 of 3 workers for final marking
[67.459s][info][gc,ergo     ] GC(90) Adaptive CSet Selection. Target Free: 290M, Actual Free: 1270M, Max CSet: 87381K, Min Garbage: 0B
[67.459s][info][gc,ergo     ] GC(90) Collectable Garbage: 195M (61%), Immediate: 29316K (9%), CSet: 166M (52%)
[67.459s][info][gc,ergo     ] GC(90) Pacer for Evacuation. Used CSet: 252M, Free: 1180M, Non-Taxable: 118M, Alloc Tax Rate: 1.1x
[67.459s][info][gc          ] GC(90) Pause Final Mark (unload classes) 0.249ms
[67.471s][info][gc,start    ] GC(90) Concurrent thread roots
[67.471s][info][gc,task     ] GC(90) Using 1 of 3 workers for Concurrent thread roots
[67.471s][info][gc          ] GC(90) Concurrent thread roots 0.494ms
[67.471s][info][gc,start    ] GC(90) Concurrent weak references
[67.471s][info][gc,task     ] GC(90) Using 1 of 3 workers for concurrent weak references
[67.471s][info][gc,ref      ] GC(90) Encountered references: Soft: 133, Weak: 684, Final: 0, Phantom: 63
[67.471s][info][gc,ref      ] GC(90) Discovered  references: Soft: 0, Weak: 152, Final: 0, Phantom: 26
[67.472s][info][gc,ref      ] GC(90) Enqueued    references: Soft: 0, Weak: 0, Final: 0, Phantom: 0
[67.472s][info][gc          ] GC(90) Concurrent weak references 0.070ms
[67.472s][info][gc,start    ] GC(90) Concurrent weak roots
[67.472s][info][gc,task     ] GC(90) Using 1 of 3 workers for concurrent weak root
[67.487s][info][gc          ] GC(90) Concurrent weak roots 14.997ms
[67.487s][info][gc,start    ] GC(90) Concurrent cleanup
[67.487s][info][gc          ] GC(90) Concurrent cleanup 795M->766M(2048M) 0.048ms
[67.487s][info][gc,ergo     ] GC(90) Free: 1163M, Max: 1024K regular, 1124M humongous, Frag: 4% external, 0% internal; Reserve: 91136K, Max: 1024K
[67.487s][info][gc,start    ] GC(90) Concurrent class unloading
[67.487s][info][gc,task     ] GC(90) Using 1 of 3 workers for concurrent class unloading
[67.491s][info][gc          ] GC(90) Concurrent class unloading 4.557ms
[67.491s][info][gc,start    ] GC(90) Concurrent strong roots
[67.491s][info][gc,task     ] GC(90) Using 1 of 3 workers for concurrent strong root
[67.491s][info][gc          ] GC(90) Concurrent strong roots 0.085ms
[67.491s][info][gc,start    ] GC(90) Concurrent evacuation
[67.491s][info][gc,task     ] GC(90) Using 1 of 3 workers for concurrent evacuation
[67.571s][info][gc          ] GC(90) Concurrent evacuation 79.666ms
[67.571s][info][gc,start    ] GC(90) Pause Init Update Refs
[67.571s][info][gc,ergo     ] GC(90) Pacer for Update Refs. Used: 924M, Free: 1074M, Non-Taxable: 107M, Alloc Tax Rate: 1.1x
[67.571s][info][gc          ] GC(90) Pause Init Update Refs 0.093ms
[67.581s][info][gc,start    ] GC(90) Concurrent update references
[67.581s][info][gc,task     ] GC(90) Using 1 of 3 workers for concurrent reference update
[67.989s][info][gc          ] GC(90) Concurrent update references 407.813ms
[67.989s][info][gc,start    ] GC(90) Concurrent update thread roots
[67.990s][info][gc          ] GC(90) Concurrent update thread roots 0.913ms
[67.990s][info][gc,start    ] GC(90) Pause Final Update Refs
[67.990s][info][gc,task     ] GC(90) Using 3 of 3 workers for final reference update
[67.990s][info][gc          ] GC(90) Pause Final Update Refs 0.274ms
[67.990s][info][gc,start    ] GC(90) Concurrent cleanup
[67.990s][info][gc          ] GC(90) Concurrent cleanup 990M->738M(2048M) 0.047ms
[67.990s][info][gc,ergo     ] Free: 1171M, Max: 1024K regular, 921M humongous, Frag: 22% external, 0% internal; Reserve: 103M, Max: 1024K
[67.990s][info][gc,stats    ] 
[67.990s][info][gc,stats    ] All times are wall-clock times, except per-root-class counters, that are sum over
[67.990s][info][gc,stats    ] all workers. Dividing the <total> over the root stage time estimates parallelism.
[67.990s][info][gc,stats    ] 
[67.990s][info][gc,stats    ] Concurrent Reset                    405 us
[67.990s][info][gc,stats    ] Pause Init Mark (G)                 403 us
[67.990s][info][gc,stats    ] Pause Init Mark (N)                 239 us
[67.990s][info][gc,stats    ]   Update Region States              101 us
[67.990s][info][gc,stats    ] Concurrent Mark Roots               553 us, parallelism: 0.78x
[67.990s][info][gc,stats    ]   CMR: <total>                      430 us
[67.990s][info][gc,stats    ]   CMR: Thread Roots                 360 us, workers (us): 360, ---, ---, 
[67.990s][info][gc,stats    ]   CMR: VM Strong Roots                6 us, workers (us):   6, ---, ---, 
[67.990s][info][gc,stats    ]   CMR: CLDG Roots                    64 us, workers (us):  64, ---, ---, 
[67.990s][info][gc,stats    ] Concurrent Marking               325119 us
[67.990s][info][gc,stats    ] Pause Final Mark (G)              12425 us
[67.990s][info][gc,stats    ] Pause Final Mark (N)                257 us
[67.990s][info][gc,stats    ]   Finish Mark                        33 us
[67.990s][info][gc,stats    ]   Update Region States               38 us
[67.990s][info][gc,stats    ]   Choose Collection Set             106 us
[67.990s][info][gc,stats    ]   Rebuild Free Set                    8 us
[67.990s][info][gc,stats    ] Concurrent Thread Roots             509 us, parallelism: 0.76x
[67.990s][info][gc,stats    ]   CTR: <total>                      387 us
[67.990s][info][gc,stats    ]   CTR: Thread Roots                 387 us, workers (us): 387, ---, ---, 
[67.990s][info][gc,stats    ] Concurrent Weak References           78 us, parallelism: 0.23x
[67.990s][info][gc,stats    ]   CWRF: <total>                      18 us
[67.990s][info][gc,stats    ]   CWRF: Weak References              18 us, workers (us):  18, ---, ---, 
[67.990s][info][gc,stats    ] Concurrent Weak Roots             15060 us
[67.990s][info][gc,stats    ]   Roots                            1060 us, parallelism: 0.95x
[67.990s][info][gc,stats    ]     CWR: <total>                   1005 us
[67.990s][info][gc,stats    ]     CWR: Code Cache Roots           899 us, workers (us): 899, ---, ---, 
[67.990s][info][gc,stats    ]     CWR: VM Weak Roots               99 us, workers (us):  99, ---, ---, 
[67.990s][info][gc,stats    ]     CWR: CLDG Roots                   7 us, workers (us):   7, ---, ---, 
[67.990s][info][gc,stats    ]   Rendezvous                      13917 us
[67.990s][info][gc,stats    ] Concurrent Cleanup                   57 us
[67.990s][info][gc,stats    ] Concurrent Class Unloading         4612 us
[67.990s][info][gc,stats    ]   Unlink Stale                     4173 us
[67.990s][info][gc,stats    ]     System Dictionary                 9 us
[67.990s][info][gc,stats    ]     Weak Class Links                  0 us
[67.990s][info][gc,stats    ]     Code Roots                     4162 us
[67.990s][info][gc,stats    ]   Rendezvous                        161 us
[67.990s][info][gc,stats    ]   Purge Unlinked                    203 us
[67.990s][info][gc,stats    ]     Code Roots                      199 us
[67.990s][info][gc,stats    ]     CLDG                              4 us
[67.990s][info][gc,stats    ]     Exception Caches                  0 us
[67.990s][info][gc,stats    ] Concurrent Strong Roots              93 us, parallelism: 0.43x
[67.990s][info][gc,stats    ]   CSR: <total>                       40 us
[67.990s][info][gc,stats    ]   CSR: VM Strong Roots                3 us, workers (us):   3, ---, ---, 
[67.990s][info][gc,stats    ]   CSR: CLDG Roots                    37 us, workers (us):  37, ---, ---, 
[67.990s][info][gc,stats    ] Concurrent Evacuation             79736 us
[67.990s][info][gc,stats    ] Pause Init Update Refs (G)         9625 us
[67.990s][info][gc,stats    ] Pause Init Update Refs (N)          101 us
[67.990s][info][gc,stats    ]   Manage GCLABs                       4 us
[67.990s][info][gc,stats    ] Concurrent Update Refs           407881 us
[67.990s][info][gc,stats    ] Concurrent Update Thread Roots      950 us
[67.990s][info][gc,stats    ] Pause Final Update Refs (G)         432 us
[67.990s][info][gc,stats    ] Pause Final Update Refs (N)         323 us
[67.990s][info][gc,stats    ]   Update Region States              134 us
[67.990s][info][gc,stats    ]   Trash Collection Set               15 us
[67.990s][info][gc,stats    ]   Rebuild Free Set                   32 us
[67.990s][info][gc,stats    ] Concurrent Cleanup                   56 us
[67.990s][info][gc,stats    ] 
[67.990s][info][gc,stats    ] Allocation pacing accrued:
[67.990s][info][gc,stats    ]       0 of  1393 ms (  0.0%): <total>
[67.990s][info][gc,stats    ]       0 of  1393 ms (  0.0%): <average total>
[67.990s][info][gc,stats    ] 
[67.991s][info][gc,metaspace] Metaspace: 15960K(16256K)->15960K(16256K) NonClass: 13790K(13952K)->13790K(13952K) Class: 2170K(2304K)->2170K(2304K)
[67.991s][info][gc,ergo     ] Pacer for Idle. Initial: 41943K, Alloc Tax Rate: 1.0x
[67.994s][info][gc          ] Trigger: Explicit GC request (System.gc())
[67.994s][info][gc,ergo     ] Free: 1171M, Max: 1024K regular, 921M humongous, Frag: 22% external, 0% internal; Reserve: 103M, Max: 1024K
[67.997s][info][gc,start    ] GC(91) Concurrent reset
[67.997s][info][gc,task     ] GC(91) Using 1 of 3 workers for concurrent reset
[67.997s][info][gc,ergo     ] GC(91) Pacer for Reset. Non-Taxable: 2048M
[67.999s][info][gc          ] GC(91) Concurrent reset 1.941ms
[67.999s][info][gc,start    ] GC(91) Pause Init Mark (unload classes)
[67.999s][info][gc,task     ] GC(91) Using 3 of 3 workers for init marking
[67.999s][info][gc,ref      ] GC(91) Clearing All SoftReferences
[67.999s][info][gc,ergo     ] GC(91) Pacer for Mark. Expected Live: 117M, Free: 1171M, Non-Taxable: 117M, Alloc Tax Rate: 0.1x
[67.999s][info][gc          ] GC(91) Pause Init Mark (unload classes) 0.208ms
[67.999s][info][gc,start    ] GC(91) Concurrent marking roots
[67.999s][info][gc,task     ] GC(91) Using 1 of 3 workers for concurrent marking roots
[67.999s][info][gc          ] GC(91) Concurrent marking roots 0.471ms
[67.999s][info][gc,start    ] GC(91) Concurrent marking (unload classes)
[68.000s][info][gc,task     ] GC(91) Using 1 of 3 workers for concurrent marking
[68.004s][info][gc          ] GC(91) Concurrent marking (unload classes) 4.003ms
[68.004s][info][gc,start    ] GC(91) Pause Final Mark (unload classes)
[68.004s][info][gc,task     ] GC(91) Using 3 of 3 workers for final marking
[68.004s][info][gc,ergo     ] GC(91) Collectable Garbage: 725M (98%), Immediate: 725M (98%), CSet: 0B (0%)
[68.004s][info][gc          ] GC(91) Pause Final Mark (unload classes) 0.489ms
[68.004s][info][gc,start    ] GC(91) Concurrent weak references
[68.004s][info][gc,task     ] GC(91) Using 1 of 3 workers for concurrent weak references
[68.004s][info][gc,ref      ] GC(91) Encountered references: Soft: 178, Weak: 683, Final: 0, Phantom: 63
[68.004s][info][gc,ref      ] GC(91) Discovered  references: Soft: 127, Weak: 165, Final: 0, Phantom: 61
[68.004s][info][gc,ref      ] GC(91) Enqueued    references: Soft: 48, Weak: 0, Final: 0, Phantom: 0
[68.004s][info][gc          ] GC(91) Concurrent weak references 0.180ms
[68.004s][info][gc,start    ] GC(91) Concurrent weak roots
[68.004s][info][gc,task     ] GC(91) Using 1 of 3 workers for concurrent weak root
[68.005s][info][gc          ] GC(91) Concurrent weak roots 0.968ms
[68.005s][info][gc,start    ] GC(91) Concurrent cleanup
[68.005s][info][gc          ] GC(91) Concurrent cleanup 738M->13M(2048M) 0.058ms
[68.005s][info][gc,ergo     ] GC(91) Free: 1932M, Max: 1024K regular, 1006M humongous, Frag: 48% external, 0% internal; Reserve: 103M, Max: 1024K
[68.005s][info][gc,start    ] GC(91) Concurrent class unloading
[68.005s][info][gc,task     ] GC(91) Using 1 of 3 workers for concurrent class unloading
[68.010s][info][gc          ] GC(91) Concurrent class unloading 4.618ms
[68.010s][info][gc,start    ] GC(91) Pause Final Roots
[68.010s][info][gc          ] GC(91) Pause Final Roots 0.045ms
[68.010s][info][gc,ergo     ] Free: 1932M, Max: 1024K regular, 1006M humongous, Frag: 48% external, 0% internal; Reserve: 103M, Max: 1024K
[68.010s][info][gc,stats    ] 
[68.010s][info][gc,stats    ] All times are wall-clock times, except per-root-class counters, that are sum over
[68.010s][info][gc,stats    ] all workers. Dividing the <total> over the root stage time estimates parallelism.
[68.010s][info][gc,stats    ] 
[68.010s][info][gc,stats    ] Concurrent Reset                   2019 us
[68.010s][info][gc,stats    ] Pause Init Mark (G)                 338 us
[68.010s][info][gc,stats    ] Pause Init Mark (N)                 229 us
[68.010s][info][gc,stats    ]   Update Region States               87 us
[68.010s][info][gc,stats    ] Concurrent Mark Roots               508 us, parallelism: 0.65x
[68.010s][info][gc,stats    ]   CMR: <total>                      330 us
[68.010s][info][gc,stats    ]   CMR: Thread Roots                 287 us, workers (us): 287, ---, ---, 
[68.011s][info][gc,stats    ]   CMR: VM Strong Roots                4 us, workers (us):   4, ---, ---, 
[68.011s][info][gc,stats    ]   CMR: CLDG Roots                    40 us, workers (us):  40, ---, ---, 
[68.011s][info][gc,stats    ] Concurrent Marking                 4062 us
[68.011s][info][gc,stats    ] Pause Final Mark (G)                638 us
[68.011s][info][gc,stats    ] Pause Final Mark (N)                514 us
[68.011s][info][gc,stats    ]   Finish Mark                       160 us
[68.011s][info][gc,stats    ]   Update Region States              125 us
[68.011s][info][gc,stats    ]   Choose Collection Set             101 us
[68.011s][info][gc,stats    ]   Rebuild Free Set                   24 us
[68.011s][info][gc,stats    ] Concurrent Weak References          196 us, parallelism: 0.07x
[68.011s][info][gc,stats    ]   CWRF: <total>                      14 us
[68.011s][info][gc,stats    ]   CWRF: Weak References              14 us, workers (us):  14, ---, ---, 
[68.011s][info][gc,stats    ] Concurrent Weak Roots              1003 us
[68.011s][info][gc,stats    ]   Roots                             853 us, parallelism: 0.92x
[68.011s][info][gc,stats    ]     CWR: <total>                    786 us
[68.011s][info][gc,stats    ]     CWR: Code Cache Roots           708 us, workers (us): 708, ---, ---, 
[68.011s][info][gc,stats    ]     CWR: VM Weak Roots               73 us, workers (us):  73, ---, ---, 
[68.011s][info][gc,stats    ]     CWR: CLDG Roots                   5 us, workers (us):   5, ---, ---, 
[68.011s][info][gc,stats    ]   Rendezvous                         81 us
[68.011s][info][gc,stats    ] Concurrent Cleanup                   66 us
[68.011s][info][gc,stats    ] Concurrent Class Unloading         4658 us
[68.011s][info][gc,stats    ]   Unlink Stale                     4029 us
[68.011s][info][gc,stats    ]     System Dictionary                 6 us
[68.011s][info][gc,stats    ]     Weak Class Links                  0 us
[68.011s][info][gc,stats    ]     Code Roots                     4021 us
[68.011s][info][gc,stats    ]   Rendezvous                        288 us
[68.011s][info][gc,stats    ]   Purge Unlinked                    284 us
[68.011s][info][gc,stats    ]     Code Roots                      274 us
[68.011s][info][gc,stats    ]     CLDG                              9 us
[68.011s][info][gc,stats    ]     Exception Caches                  0 us
[68.011s][info][gc,stats    ] Pause Final Roots (G)               112 us
[68.011s][info][gc,stats    ] Pause Final Roots (N)                55 us
[68.011s][info][gc,stats    ] 
[68.011s][info][gc,stats    ] Allocation pacing accrued:
[68.011s][info][gc,stats    ]       0 of    20 ms (  0.0%): <total>
[68.011s][info][gc,stats    ]       0 of    20 ms (  0.0%): <average total>
[68.011s][info][gc,stats    ] 
[68.011s][info][gc,metaspace] Metaspace: 15960K(16256K)->15960K(16256K) NonClass: 13790K(13952K)->13790K(13952K) Class: 2170K(2304K)->2170K(2304K)
[68.011s][info][gc,ergo     ] Pacer for Idle. Initial: 41943K, Alloc Tax Rate: 1.0x
[68.543s][info][gc          ] Trigger: Learning 2 of 5. Free (1419M) is below initial threshold (1433M)
[68.543s][info][gc,ergo     ] Free: 1419M, Max: 1024K regular, 1006M humongous, Frag: 30% external, 0% internal; Reserve: 103M, Max: 1024K
[68.544s][info][gc,start    ] GC(92) Concurrent reset
[68.544s][info][gc,task     ] GC(92) Using 1 of 3 workers for concurrent reset
[68.544s][info][gc,ergo     ] GC(92) Pacer for Reset. Non-Taxable: 2048M
[68.544s][info][gc          ] GC(92) Concurrent reset 0.291ms
[68.544s][info][gc,start    ] GC(92) Pause Init Mark (unload classes)
[68.544s][info][gc,task     ] GC(92) Using 3 of 3 workers for init marking
[68.544s][info][gc,ergo     ] GC(92) Pacer for Mark. Expected Live: 81734K, Free: 1419M, Non-Taxable: 141M, Alloc Tax Rate: 0.1x
[68.544s][info][gc          ] GC(92) Pause Init Mark (unload classes) 0.186ms
[68.544s][info][gc,start    ] GC(92) Concurrent marking roots
[68.544s][info][gc,task     ] GC(92) Using 1 of 3 workers for concurrent marking roots
[68.545s][info][gc          ] GC(92) Concurrent marking roots 0.887ms
[68.545s][info][gc,start    ] GC(92) Concurrent marking (unload classes)
[68.545s][info][gc,task     ] GC(92) Using 1 of 3 workers for concurrent marking
[68.893s][info][gc          ] GC(92) Concurrent marking (unload classes) 347.953ms
[68.893s][info][gc,start    ] GC(92) Pause Final Mark (unload classes)
[68.893s][info][gc,task     ] GC(92) Using 3 of 3 workers for final marking
[68.893s][info][gc,ergo     ] GC(92) Adaptive CSet Selection. Target Free: 290M, Actual Free: 1227M, Max CSet: 87381K, Min Garbage: 0B
[68.893s][info][gc,ergo     ] GC(92) Collectable Garbage: 197M (61%), Immediate: 28032K (8%), CSet: 169M (53%)
[68.893s][info][gc,ergo     ] GC(92) Pacer for Evacuation. Used CSet: 255M, Free: 1136M, Non-Taxable: 113M, Alloc Tax Rate: 1.1x
[68.893s][info][gc          ] GC(92) Pause Final Mark (unload classes) 0.253ms
[68.893s][info][gc,start    ] GC(92) Concurrent thread roots
[68.893s][info][gc,task     ] GC(92) Using 1 of 3 workers for Concurrent thread roots
[68.894s][info][gc          ] GC(92) Concurrent thread roots 0.503ms
[68.894s][info][gc,start    ] GC(92) Concurrent weak references
[68.894s][info][gc,task     ] GC(92) Using 1 of 3 workers for concurrent weak references
[68.894s][info][gc,ref      ] GC(92) Encountered references: Soft: 133, Weak: 684, Final: 0, Phantom: 63
[68.894s][info][gc,ref      ] GC(92) Discovered  references: Soft: 0, Weak: 153, Final: 0, Phantom: 26
[68.894s][info][gc,ref      ] GC(92) Enqueued    references: Soft: 0, Weak: 0, Final: 0, Phantom: 0
[68.894s][info][gc          ] GC(92) Concurrent weak references 0.057ms
[68.894s][info][gc,start    ] GC(92) Concurrent weak roots
[68.894s][info][gc,task     ] GC(92) Using 1 of 3 workers for concurrent weak root
[68.899s][info][gc          ] GC(92) Concurrent weak roots 4.716ms
[68.899s][info][gc,start    ] GC(92) Concurrent cleanup
[68.899s][info][gc          ] GC(92) Concurrent cleanup 812M->785M(2048M) 0.043ms
[68.899s][info][gc,ergo     ] GC(92) Free: 1133M, Max: 1024K regular, 1096M humongous, Frag: 4% external, 0% internal; Reserve: 101376K, Max: 1024K
[68.899s][info][gc,start    ] GC(92) Concurrent class unloading
[68.899s][info][gc,task     ] GC(92) Using 1 of 3 workers for concurrent class unloading
[68.915s][info][gc          ] GC(92) Concurrent class unloading 15.761ms
[68.915s][info][gc,start    ] GC(92) Concurrent strong roots
[68.915s][info][gc,task     ] GC(92) Using 1 of 3 workers for concurrent strong root
[68.915s][info][gc          ] GC(92) Concurrent strong roots 0.085ms
[68.915s][info][gc,start    ] GC(92) Concurrent evacuation
[68.915s][info][gc,task     ] GC(92) Using 1 of 3 workers for concurrent evacuation
[68.994s][info][gc          ] GC(92) Concurrent evacuation 79.185ms
[68.994s][info][gc,start    ] GC(92) Pause Init Update Refs
[68.994s][info][gc,ergo     ] GC(92) Pacer for Update Refs. Used: 943M, Free: 1056M, Non-Taxable: 105M, Alloc Tax Rate: 1.1x
[68.994s][info][gc          ] GC(92) Pause Init Update Refs 0.027ms
[69.009s][info][gc,start    ] GC(92) Concurrent update references
[69.009s][info][gc,task     ] GC(92) Using 1 of 3 workers for concurrent reference update
[69.454s][info][gc          ] GC(92) Concurrent update references 445.035ms
[69.454s][info][gc,start    ] GC(92) Concurrent update thread roots
[69.455s][info][gc          ] GC(92) Concurrent update thread roots 0.878ms
[69.455s][info][gc,start    ] GC(92) Pause Final Update Refs
[69.455s][info][gc,task     ] GC(92) Using 3 of 3 workers for final reference update
[69.455s][info][gc          ] GC(92) Pause Final Update Refs 0.263ms
[69.455s][info][gc,start    ] GC(92) Concurrent cleanup
[69.455s][info][gc          ] GC(92) Concurrent cleanup 996M->741M(2048M) 0.036ms
[69.455s][info][gc,ergo     ] Free: 1169M, Max: 1024K regular, 918M humongous, Frag: 22% external, 0% internal; Reserve: 103M, Max: 1024K
[69.455s][info][gc,stats    ] 
[69.455s][info][gc,stats    ] All times are wall-clock times, except per-root-class counters, that are sum over
[69.455s][info][gc,stats    ] all workers. Dividing the <total> over the root stage time estimates parallelism.
[69.455s][info][gc,stats    ] 
[69.455s][info][gc,stats    ] Concurrent Reset                    311 us
[69.455s][info][gc,stats    ] Pause Init Mark (G)                 372 us
[69.455s][info][gc,stats    ] Pause Init Mark (N)                 196 us
[69.455s][info][gc,stats    ]   Update Region States               65 us
[69.455s][info][gc,stats    ] Concurrent Mark Roots               903 us, parallelism: 0.90x
[69.455s][info][gc,stats    ]   CMR: <total>                      815 us
[69.455s][info][gc,stats    ]   CMR: Thread Roots                 713 us, workers (us): 713, ---, ---, 
[69.455s][info][gc,stats    ]   CMR: VM Strong Roots               11 us, workers (us):  11, ---, ---, 
[69.455s][info][gc,stats    ]   CMR: CLDG Roots                    91 us, workers (us):  91, ---, ---, 
[69.455s][info][gc,stats    ] Concurrent Marking               348027 us
[69.455s][info][gc,stats    ] Pause Final Mark (G)                335 us
[69.455s][info][gc,stats    ] Pause Final Mark (N)                262 us
[69.455s][info][gc,stats    ]   Finish Mark                        51 us
[69.455s][info][gc,stats    ]   Update Region States               33 us
[69.455s][info][gc,stats    ]   Choose Collection Set             108 us
[69.455s][info][gc,stats    ]   Rebuild Free Set                    9 us
[69.455s][info][gc,stats    ] Concurrent Thread Roots             515 us, parallelism: 0.90x
[69.455s][info][gc,stats    ]   CTR: <total>                      462 us
[69.455s][info][gc,stats    ]   CTR: Thread Roots                 462 us, workers (us): 462, ---, ---, 
[69.455s][info][gc,stats    ] Concurrent Weak References           64 us, parallelism: 0.18x
[69.455s][info][gc,stats    ]   CWRF: <total>                      12 us
[69.455s][info][gc,stats    ]   CWRF: Weak References              12 us, workers (us):  12, ---, ---, 
[69.455s][info][gc,stats    ] Concurrent Weak Roots              4773 us
[69.455s][info][gc,stats    ]   Roots                             907 us, parallelism: 0.96x
[69.455s][info][gc,stats    ]     CWR: <total>                    874 us
[69.455s][info][gc,stats    ]     CWR: Code Cache Roots           784 us, workers (us): 784, ---, ---, 
[69.455s][info][gc,stats    ]     CWR: VM Weak Roots               83 us, workers (us):  83, ---, ---, 
[69.455s][info][gc,stats    ]     CWR: CLDG Roots                   7 us, workers (us):   7, ---, ---, 
[69.455s][info][gc,stats    ]   Rendezvous                       3791 us
[69.455s][info][gc,stats    ] Concurrent Cleanup                   52 us
[69.455s][info][gc,stats    ] Concurrent Class Unloading        15821 us
[69.455s][info][gc,stats    ]   Unlink Stale                     4305 us
[69.455s][info][gc,stats    ]     System Dictionary                11 us
[69.455s][info][gc,stats    ]     Weak Class Links                  0 us
[69.455s][info][gc,stats    ]     Code Roots                     4292 us
[69.455s][info][gc,stats    ]   Rendezvous                      11110 us
[69.455s][info][gc,stats    ]   Purge Unlinked                    326 us
[69.455s][info][gc,stats    ]     Code Roots                      319 us
[69.455s][info][gc,stats    ]     CLDG                              6 us
[69.455s][info][gc,stats    ]     Exception Caches                  0 us
[69.455s][info][gc,stats    ] Concurrent Strong Roots              93 us, parallelism: 0.45x
[69.455s][info][gc,stats    ]   CSR: <total>                       42 us
[69.455s][info][gc,stats    ]   CSR: VM Strong Roots                5 us, workers (us):   5, ---, ---, 
[69.455s][info][gc,stats    ]   CSR: CLDG Roots                    37 us, workers (us):  37, ---, ---, 
[69.455s][info][gc,stats    ] Concurrent Evacuation             79259 us
[69.455s][info][gc,stats    ] Pause Init Update Refs (G)        14462 us
[69.455s][info][gc,stats    ] Pause Init Update Refs (N)           36 us
[69.455s][info][gc,stats    ]   Manage GCLABs                       3 us
[69.455s][info][gc,stats    ] Concurrent Update Refs           445106 us
[69.455s][info][gc,stats    ] Concurrent Update Thread Roots      896 us
[69.455s][info][gc,stats    ] Pause Final Update Refs (G)         370 us
[69.455s][info][gc,stats    ] Pause Final Update Refs (N)         313 us
[69.455s][info][gc,stats    ]   Update Region States              125 us
[69.455s][info][gc,stats    ]   Trash Collection Set               15 us
[69.455s][info][gc,stats    ]   Rebuild Free Set                   31 us
[69.455s][info][gc,stats    ] Concurrent Cleanup                   45 us
[69.455s][info][gc,stats    ] 
[69.455s][info][gc,stats    ] Allocation pacing accrued:
[69.455s][info][gc,stats    ]       0 of  1445 ms (  0.0%): <total>
[69.455s][info][gc,stats    ]       0 of  1445 ms (  0.0%): <average total>
[69.455s][info][gc,stats    ] 
[69.455s][info][gc,metaspace] Metaspace: 15960K(16256K)->15960K(16256K) NonClass: 13790K(13952K)->13790K(13952K) Class: 2170K(2304K)->2170K(2304K)
[69.455s][info][gc,ergo     ] Pacer for Idle. Initial: 41943K, Alloc Tax Rate: 1.0x
[69.458s][info][gc          ] Trigger: Explicit GC request (System.gc())
[69.458s][info][gc,ergo     ] Free: 1169M, Max: 1024K regular, 918M humongous, Frag: 22% external, 0% internal; Reserve: 103M, Max: 1024K
[69.458s][info][gc,start    ] GC(93) Concurrent reset
[69.458s][info][gc,task     ] GC(93) Using 1 of 3 workers for concurrent reset
[69.458s][info][gc,ergo     ] GC(93) Pacer for Reset. Non-Taxable: 2048M
[69.460s][info][gc          ] GC(93) Concurrent reset 2.496ms
[69.460s][info][gc,start    ] GC(93) Pause Init Mark (unload classes)
[69.460s][info][gc,task     ] GC(93) Using 3 of 3 workers for init marking
[69.460s][info][gc,ref      ] GC(93) Clearing All SoftReferences
[69.460s][info][gc,ergo     ] GC(93) Pacer for Mark. Expected Live: 117M, Free: 1169M, Non-Taxable: 116M, Alloc Tax Rate: 0.1x
[69.460s][info][gc          ] GC(93) Pause Init Mark (unload classes) 0.264ms
[69.460s][info][gc,start    ] GC(93) Concurrent marking roots
[69.460s][info][gc,task     ] GC(93) Using 1 of 3 workers for concurrent marking roots
[69.461s][info][gc          ] GC(93) Concurrent marking roots 0.442ms
[69.461s][info][gc,start    ] GC(93) Concurrent marking (unload classes)
[69.461s][info][gc,task     ] GC(93) Using 1 of 3 workers for concurrent marking
[69.465s][info][gc          ] GC(93) Concurrent marking (unload classes) 4.248ms
[69.465s][info][gc,start    ] GC(93) Pause Final Mark (unload classes)
[69.465s][info][gc,task     ] GC(93) Using 3 of 3 workers for final marking
[69.466s][info][gc,ergo     ] GC(93) Collectable Garbage: 730M (99%), Immediate: 730M (99%), CSet: 0B (0%)
[69.466s][info][gc          ] GC(93) Pause Final Mark (unload classes) 0.490ms
[69.466s][info][gc,start    ] GC(93) Concurrent weak references
[69.466s][info][gc,task     ] GC(93) Using 1 of 3 workers for concurrent weak references
[69.466s][info][gc,ref      ] GC(93) Encountered references: Soft: 178, Weak: 683, Final: 0, Phantom: 63
[69.466s][info][gc,ref      ] GC(93) Discovered  references: Soft: 127, Weak: 165, Final: 0, Phantom: 61
[69.466s][info][gc,ref      ] GC(93) Enqueued    references: Soft: 48, Weak: 0, Final: 0, Phantom: 0
[69.466s][info][gc          ] GC(93) Concurrent weak references 0.087ms
[69.466s][info][gc,start    ] GC(93) Concurrent weak roots
[69.466s][info][gc,task     ] GC(93) Using 1 of 3 workers for concurrent weak root
[69.467s][info][gc          ] GC(93) Concurrent weak roots 0.885ms
[69.467s][info][gc,start    ] GC(93) Concurrent cleanup
[69.467s][info][gc          ] GC(93) Concurrent cleanup 741M->11M(2048M) 0.058ms
[69.467s][info][gc,ergo     ] GC(93) Free: 1934M, Max: 1024K regular, 1006M humongous, Frag: 48% external, 0% internal; Reserve: 103M, Max: 1024K
[69.467s][info][gc,start    ] GC(93) Concurrent class unloading
[69.467s][info][gc,task     ] GC(93) Using 1 of 3 workers for concurrent class unloading
[69.471s][info][gc          ] GC(93) Concurrent class unloading 4.048ms
[69.471s][info][gc,start    ] GC(93) Pause Final Roots
[69.471s][info][gc          ] GC(93) Pause Final Roots 0.066ms
[69.471s][info][gc,ergo     ] Free: 1934M, Max: 1024K regular, 1006M humongous, Frag: 48% external, 0% internal; Reserve: 103M, Max: 1024K
[69.471s][info][gc,stats    ] 
[69.471s][info][gc,stats    ] All times are wall-clock times, except per-root-class counters, that are sum over
[69.471s][info][gc,stats    ] all workers. Dividing the <total> over the root stage time estimates parallelism.
[69.471s][info][gc,stats    ] 
[69.471s][info][gc,stats    ] Concurrent Reset                   2540 us
[69.471s][info][gc,stats    ] Pause Init Mark (G)                 387 us
[69.471s][info][gc,stats    ] Pause Init Mark (N)                 281 us
[69.471s][info][gc,stats    ]   Update Region States              111 us
[69.471s][info][gc,stats    ] Concurrent Mark Roots               450 us, parallelism: 0.74x
[69.471s][info][gc,stats    ]   CMR: <total>                      332 us
[69.471s][info][gc,stats    ]   CMR: Thread Roots                 291 us, workers (us): 291, ---, ---, 
[69.471s][info][gc,stats    ]   CMR: VM Strong Roots                4 us, workers (us):   4, ---, ---, 
[69.471s][info][gc,stats    ]   CMR: CLDG Roots                    37 us, workers (us):  37, ---, ---, 
[69.471s][info][gc,stats    ] Concurrent Marking                 4271 us
[69.471s][info][gc,stats    ] Pause Final Mark (G)                565 us
[69.471s][info][gc,stats    ] Pause Final Mark (N)                515 us
[69.471s][info][gc,stats    ]   Finish Mark                       159 us
[69.471s][info][gc,stats    ]   Update Region States              125 us
[69.471s][info][gc,stats    ]   Choose Collection Set             101 us
[69.472s][info][gc,stats    ]   Rebuild Free Set                   24 us
[69.472s][info][gc,stats    ] Concurrent Weak References           94 us, parallelism: 0.13x
[69.472s][info][gc,stats    ]   CWRF: <total>                      12 us
[69.472s][info][gc,stats    ]   CWRF: Weak References              12 us, workers (us):  12, ---, ---, 
[69.472s][info][gc,stats    ] Concurrent Weak Roots               898 us
[69.472s][info][gc,stats    ]   Roots                             833 us, parallelism: 0.95x
[69.472s][info][gc,stats    ]     CWR: <total>                    794 us
[69.472s][info][gc,stats    ]     CWR: Code Cache Roots           718 us, workers (us): 718, ---, ---, 
[69.472s][info][gc,stats    ]     CWR: VM Weak Roots               72 us, workers (us):  72, ---, ---, 
[69.472s][info][gc,stats    ]     CWR: CLDG Roots                   4 us, workers (us):   4, ---, ---, 
[69.472s][info][gc,stats    ]   Rendezvous                         38 us
[69.472s][info][gc,stats    ] Concurrent Cleanup                   67 us
[69.472s][info][gc,stats    ] Concurrent Class Unloading         4074 us
[69.472s][info][gc,stats    ]   Unlink Stale                     3586 us
[69.472s][info][gc,stats    ]     System Dictionary                 6 us
[69.472s][info][gc,stats    ]     Weak Class Links                  0 us
[69.472s][info][gc,stats    ]     Code Roots                     3579 us
[69.472s][info][gc,stats    ]   Rendezvous                        146 us
[69.472s][info][gc,stats    ]   Purge Unlinked                    301 us
[69.472s][info][gc,stats    ]     Code Roots                      294 us
[69.472s][info][gc,stats    ]     CLDG                              6 us
[69.472s][info][gc,stats    ]     Exception Caches                  0 us
[69.472s][info][gc,stats    ] Pause Final Roots (G)               162 us
[69.472s][info][gc,stats    ] Pause Final Roots (N)                85 us
[69.472s][info][gc,stats    ] 
[69.472s][info][gc,stats    ] Allocation pacing accrued:
[69.472s][info][gc,stats    ]       0 of    16 ms (  0.0%): <total>
[69.472s][info][gc,stats    ]       0 of    16 ms (  0.0%): <average total>
[69.472s][info][gc,stats    ] 
[69.472s][info][gc,metaspace] Metaspace: 15960K(16256K)->15960K(16256K) NonClass: 13790K(13952K)->13790K(13952K) Class: 2170K(2304K)->2170K(2304K)
[69.472s][info][gc,ergo     ] Pacer for Idle. Initial: 41943K, Alloc Tax Rate: 1.0x
[70.007s][info][gc          ] Trigger: Learning 2 of 5. Free (1416M) is below initial threshold (1433M)
[70.007s][info][gc,ergo     ] Free: 1416M, Max: 1024K regular, 1006M humongous, Frag: 29% external, 0% internal; Reserve: 103M, Max: 1024K
[70.007s][info][gc,start    ] GC(94) Concurrent reset
[70.007s][info][gc,task     ] GC(94) Using 1 of 3 workers for concurrent reset
[70.007s][info][gc,ergo     ] GC(94) Pacer for Reset. Non-Taxable: 2048M
[70.008s][info][gc          ] GC(94) Concurrent reset 0.391ms
[70.008s][info][gc,start    ] GC(94) Pause Init Mark (unload classes)
[70.008s][info][gc,task     ] GC(94) Using 3 of 3 workers for init marking
[70.008s][info][gc,ergo     ] GC(94) Pacer for Mark. Expected Live: 81535K, Free: 1415M, Non-Taxable: 141M, Alloc Tax Rate: 0.1x
[70.008s][info][gc          ] GC(94) Pause Init Mark (unload classes) 0.188ms
[70.008s][info][gc,start    ] GC(94) Concurrent marking roots
[70.008s][info][gc,task     ] GC(94) Using 1 of 3 workers for concurrent marking roots
[70.009s][info][gc          ] GC(94) Concurrent marking roots 0.757ms
[70.009s][info][gc,start    ] GC(94) Concurrent marking (unload classes)
[70.009s][info][gc,task     ] GC(94) Using 1 of 3 workers for concurrent marking
[70.392s][info][gc          ] GC(94) Concurrent marking (unload classes) 382.984ms
[70.392s][info][gc,start    ] GC(94) Pause Final Mark (unload classes)
[70.392s][info][gc,task     ] GC(94) Using 3 of 3 workers for final marking
[70.392s][info][gc,ergo     ] GC(94) Adaptive CSet Selection. Target Free: 290M, Actual Free: 1210M, Max CSet: 87381K, Min Garbage: 0B
[70.392s][info][gc,ergo     ] GC(94) Collectable Garbage: 195M (61%), Immediate: 29760K (9%), CSet: 166M (52%)
[70.392s][info][gc,ergo     ] GC(94) Pacer for Evacuation. Used CSet: 252M, Free: 1119M, Non-Taxable: 111M, Alloc Tax Rate: 1.1x
[70.392s][info][gc          ] GC(94) Pause Final Mark (unload classes) 0.240ms
[70.400s][info][gc,start    ] GC(94) Concurrent thread roots
[70.400s][info][gc,task     ] GC(94) Using 1 of 3 workers for Concurrent thread roots
[70.401s][info][gc          ] GC(94) Concurrent thread roots 0.516ms
[70.401s][info][gc,start    ] GC(94) Concurrent weak references
[70.401s][info][gc,task     ] GC(94) Using 1 of 3 workers for concurrent weak references
[70.401s][info][gc,ref      ] GC(94) Encountered references: Soft: 133, Weak: 684, Final: 0, Phantom: 63
[70.401s][info][gc,ref      ] GC(94) Discovered  references: Soft: 0, Weak: 153, Final: 0, Phantom: 26
[70.401s][info][gc,ref      ] GC(94) Enqueued    references: Soft: 0, Weak: 0, Final: 0, Phantom: 0
[70.401s][info][gc          ] GC(94) Concurrent weak references 0.061ms
[70.401s][info][gc,start    ] GC(94) Concurrent weak roots
[70.401s][info][gc,task     ] GC(94) Using 1 of 3 workers for concurrent weak root
[70.409s][info][gc          ] GC(94) Concurrent weak roots 7.594ms
[70.409s][info][gc,start    ] GC(94) Concurrent cleanup
[70.409s][info][gc          ] GC(94) Concurrent cleanup 841M->811M(2048M) 0.040ms
[70.409s][info][gc,ergo     ] GC(94) Free: 1112M, Max: 1024K regular, 1073M humongous, Frag: 4% external, 0% internal; Reserve: 95232K, Max: 1024K
[70.409s][info][gc,start    ] GC(94) Concurrent class unloading
[70.409s][info][gc,task     ] GC(94) Using 1 of 3 workers for concurrent class unloading
[70.416s][info][gc          ] GC(94) Concurrent class unloading 7.554ms
[70.416s][info][gc,start    ] GC(94) Concurrent strong roots
[70.416s][info][gc,task     ] GC(94) Using 1 of 3 workers for concurrent strong root
[70.416s][info][gc          ] GC(94) Concurrent strong roots 0.087ms
[70.416s][info][gc,start    ] GC(94) Concurrent evacuation
[70.416s][info][gc,task     ] GC(94) Using 1 of 3 workers for concurrent evacuation
[70.495s][info][gc          ] GC(94) Concurrent evacuation 78.546ms
[70.495s][info][gc,start    ] GC(94) Pause Init Update Refs
[70.495s][info][gc,ergo     ] GC(94) Pacer for Update Refs. Used: 954M, Free: 1043M, Non-Taxable: 104M, Alloc Tax Rate: 1.1x
[70.495s][info][gc          ] GC(94) Pause Init Update Refs 0.062ms
[70.495s][info][gc,start    ] GC(94) Concurrent update references
[70.495s][info][gc,task     ] GC(94) Using 1 of 3 workers for concurrent reference update
[70.971s][info][gc          ] GC(94) Concurrent update references 476.107ms
[70.971s][info][gc,start    ] GC(94) Concurrent update thread roots
[70.972s][info][gc          ] GC(94) Concurrent update thread roots 0.860ms
[70.972s][info][gc,start    ] GC(94) Pause Final Update Refs
[70.972s][info][gc,task     ] GC(94) Using 3 of 3 workers for final reference update
[70.973s][info][gc          ] GC(94) Pause Final Update Refs 0.235ms
[70.973s][info][gc,start    ] GC(94) Concurrent cleanup
[70.973s][info][gc          ] GC(94) Concurrent cleanup 988M->736M(2048M) 0.043ms
[70.973s][info][gc,ergo     ] Free: 1173M, Max: 1024K regular, 923M humongous, Frag: 22% external, 0% internal; Reserve: 103M, Max: 1024K
[70.973s][info][gc,stats    ] 
[70.973s][info][gc,stats    ] All times are wall-clock times, except per-root-class counters, that are sum over
[70.973s][info][gc,stats    ] all workers. Dividing the <total> over the root stage time estimates parallelism.
[70.973s][info][gc,stats    ] 
[70.973s][info][gc,stats    ] Concurrent Reset                    443 us
[70.973s][info][gc,stats    ] Pause Init Mark (G)                 329 us
[70.973s][info][gc,stats    ] Pause Init Mark (N)                 205 us
[70.973s][info][gc,stats    ]   Update Region States               70 us
[70.973s][info][gc,stats    ] Concurrent Mark Roots               776 us, parallelism: 0.85x
[70.973s][info][gc,stats    ]   CMR: <total>                      658 us
[70.973s][info][gc,stats    ]   CMR: Thread Roots                 586 us, workers (us): 586, ---, ---, 
[70.973s][info][gc,stats    ]   CMR: VM Strong Roots                6 us, workers (us):   6, ---, ---, 
[70.973s][info][gc,stats    ]   CMR: CLDG Roots                    66 us, workers (us):  66, ---, ---, 
[70.973s][info][gc,stats    ] Concurrent Marking               383046 us
[70.973s][info][gc,stats    ] Pause Final Mark (G)               8473 us
[70.973s][info][gc,stats    ] Pause Final Mark (N)                248 us
[70.973s][info][gc,stats    ]   Finish Mark                        46 us
[70.973s][info][gc,stats    ]   Update Region States               31 us
[70.973s][info][gc,stats    ]   Choose Collection Set              89 us
[70.973s][info][gc,stats    ]   Rebuild Free Set                    9 us
[70.973s][info][gc,stats    ] Concurrent Thread Roots             540 us, parallelism: 0.77x
[70.973s][info][gc,stats    ]   CTR: <total>                      417 us
[70.973s][info][gc,stats    ]   CTR: Thread Roots                 417 us, workers (us): 417, ---, ---, 
[70.973s][info][gc,stats    ] Concurrent Weak References           68 us, parallelism: 0.18x
[70.973s][info][gc,stats    ]   CWRF: <total>                      13 us
[70.973s][info][gc,stats    ]   CWRF: Weak References              13 us, workers (us):  13, ---, ---, 
[70.973s][info][gc,stats    ] Concurrent Weak Roots              7654 us
[70.973s][info][gc,stats    ]   Roots                            1104 us, parallelism: 0.96x
[70.973s][info][gc,stats    ]     CWR: <total>                   1063 us
[70.973s][info][gc,stats    ]     CWR: Code Cache Roots           970 us, workers (us): 970, ---, ---, 
[70.973s][info][gc,stats    ]     CWR: VM Weak Roots               86 us, workers (us):  86, ---, ---, 
[70.973s][info][gc,stats    ]     CWR: CLDG Roots                   8 us, workers (us):   8, ---, ---, 
[70.973s][info][gc,stats    ]   Rendezvous                       6471 us
[70.973s][info][gc,stats    ] Concurrent Cleanup                   48 us
[70.973s][info][gc,stats    ] Concurrent Class Unloading         7614 us
[70.973s][info][gc,stats    ]   Unlink Stale                     4306 us
[70.973s][info][gc,stats    ]     System Dictionary                13 us
[70.973s][info][gc,stats    ]     Weak Class Links                  0 us
[70.973s][info][gc,stats    ]     Code Roots                     4291 us
[70.973s][info][gc,stats    ]   Rendezvous                       2971 us
[70.973s][info][gc,stats    ]   Purge Unlinked                    256 us
[70.973s][info][gc,stats    ]     Code Roots                      249 us
[70.973s][info][gc,stats    ]     CLDG                              7 us
[70.973s][info][gc,stats    ]     Exception Caches                  0 us
[70.973s][info][gc,stats    ] Concurrent Strong Roots              95 us, parallelism: 0.46x
[70.973s][info][gc,stats    ]   CSR: <total>                       44 us
[70.973s][info][gc,stats    ]   CSR: VM Strong Roots                5 us, workers (us):   5, ---, ---, 
[70.973s][info][gc,stats    ]   CSR: CLDG Roots                    39 us, workers (us):  39, ---, ---, 
[70.973s][info][gc,stats    ] Concurrent Evacuation             78632 us
[70.973s][info][gc,stats    ] Pause Init Update Refs (G)          218 us
[70.973s][info][gc,stats    ] Pause Init Update Refs (N)           71 us
[70.973s][info][gc,stats    ]   Manage GCLABs                       3 us
[70.973s][info][gc,stats    ] Concurrent Update Refs           476160 us
[70.973s][info][gc,stats    ] Concurrent Update Thread Roots      878 us
[70.973s][info][gc,stats    ] Pause Final Update Refs (G)         323 us
[70.973s][info][gc,stats    ] Pause Final Update Refs (N)         264 us
[70.973s][info][gc,stats    ]   Update Region States               93 us
[70.973s][info][gc,stats    ]   Trash Collection Set               15 us
[70.973s][info][gc,stats    ]   Rebuild Free Set                   32 us
[70.973s][info][gc,stats    ] Concurrent Cleanup                   55 us
[70.973s][info][gc,stats    ] 
[70.973s][info][gc,stats    ] Allocation pacing accrued:
[70.973s][info][gc,stats    ]       0 of  1501 ms (  0.0%): <total>
[70.973s][info][gc,stats    ]       0 of  1501 ms (  0.0%): <average total>
[70.973s][info][gc,stats    ] 
[70.973s][info][gc,metaspace] Metaspace: 15960K(16256K)->15960K(16256K) NonClass: 13790K(13952K)->13790K(13952K) Class: 2170K(2304K)->2170K(2304K)
[70.973s][info][gc,ergo     ] Pacer for Idle. Initial: 41943K, Alloc Tax Rate: 1.0x
[70.985s][info][gc          ] Trigger: Explicit GC request (System.gc())
[70.985s][info][gc,ergo     ] Free: 1173M, Max: 1024K regular, 923M humongous, Frag: 22% external, 0% internal; Reserve: 103M, Max: 1024K
[70.985s][info][gc,start    ] GC(95) Concurrent reset
[70.985s][info][gc,task     ] GC(95) Using 1 of 3 workers for concurrent reset
[70.985s][info][gc,ergo     ] GC(95) Pacer for Reset. Non-Taxable: 2048M
[70.988s][info][gc          ] GC(95) Concurrent reset 2.926ms
[70.988s][info][gc,start    ] GC(95) Pause Init Mark (unload classes)
[70.988s][info][gc,task     ] GC(95) Using 3 of 3 workers for init marking
[70.988s][info][gc,ref      ] GC(95) Clearing All SoftReferences
[70.988s][info][gc,ergo     ] GC(95) Pacer for Mark. Expected Live: 117M, Free: 1173M, Non-Taxable: 117M, Alloc Tax Rate: 0.1x
[70.988s][info][gc          ] GC(95) Pause Init Mark (unload classes) 0.225ms
[70.988s][info][gc,start    ] GC(95) Concurrent marking roots
[70.988s][info][gc,task     ] GC(95) Using 1 of 3 workers for concurrent marking roots
[70.989s][info][gc          ] GC(95) Concurrent marking roots 0.730ms
[70.989s][info][gc,start    ] GC(95) Concurrent marking (unload classes)
[70.989s][info][gc,task     ] GC(95) Using 1 of 3 workers for concurrent marking
[70.993s][info][gc          ] GC(95) Concurrent marking (unload classes) 4.227ms
[70.993s][info][gc,start    ] GC(95) Pause Final Mark (unload classes)
[70.993s][info][gc,task     ] GC(95) Using 3 of 3 workers for final marking
[70.994s][info][gc,ergo     ] GC(95) Collectable Garbage: 724M (98%), Immediate: 724M (98%), CSet: 0B (0%)
[70.994s][info][gc          ] GC(95) Pause Final Mark (unload classes) 0.678ms
[70.994s][info][gc,start    ] GC(95) Concurrent weak references
[70.994s][info][gc,task     ] GC(95) Using 1 of 3 workers for concurrent weak references
[70.994s][info][gc,ref      ] GC(95) Encountered references: Soft: 178, Weak: 683, Final: 0, Phantom: 63
[70.994s][info][gc,ref      ] GC(95) Discovered  references: Soft: 127, Weak: 165, Final: 0, Phantom: 61
[70.994s][info][gc,ref      ] GC(95) Enqueued    references: Soft: 48, Weak: 0, Final: 0, Phantom: 0
[70.994s][info][gc          ] GC(95) Concurrent weak references 0.088ms
[70.994s][info][gc,start    ] GC(95) Concurrent weak roots
[70.994s][info][gc,task     ] GC(95) Using 1 of 3 workers for concurrent weak root
[70.995s][info][gc          ] GC(95) Concurrent weak roots 0.882ms
[70.995s][info][gc,start    ] GC(95) Concurrent cleanup
[70.995s][info][gc          ] GC(95) Concurrent cleanup 736M->12M(2048M) 0.057ms
[70.995s][info][gc,ergo     ] GC(95) Free: 1933M, Max: 1024K regular, 1008M humongous, Frag: 48% external, 0% internal; Reserve: 103M, Max: 1024K
[70.995s][info][gc,start    ] GC(95) Concurrent class unloading
[70.995s][info][gc,task     ] GC(95) Using 1 of 3 workers for concurrent class unloading
[70.999s][info][gc          ] GC(95) Concurrent class unloading 3.965ms
[70.999s][info][gc,start    ] GC(95) Pause Final Roots
[70.999s][info][gc          ] GC(95) Pause Final Roots 0.069ms
[70.999s][info][gc,ergo     ] Free: 1933M, Max: 1024K regular, 1008M humongous, Frag: 48% external, 0% internal; Reserve: 103M, Max: 1024K
[70.999s][info][gc,stats    ] 
[70.999s][info][gc,stats    ] All times are wall-clock times, except per-root-class counters, that are sum over
[70.999s][info][gc,stats    ] all workers. Dividing the <total> over the root stage time estimates parallelism.
[70.999s][info][gc,stats    ] 
[70.999s][info][gc,stats    ] Concurrent Reset                   2972 us
[70.999s][info][gc,stats    ] Pause Init Mark (G)                 334 us
[70.999s][info][gc,stats    ] Pause Init Mark (N)                 246 us
[70.999s][info][gc,stats    ]   Update Region States               93 us
[70.999s][info][gc,stats    ] Concurrent Mark Roots               738 us, parallelism: 0.88x
[70.999s][info][gc,stats    ]   CMR: <total>                      646 us
[70.999s][info][gc,stats    ]   CMR: Thread Roots                 575 us, workers (us): 575, ---, ---, 
[70.999s][info][gc,stats    ]   CMR: VM Strong Roots                6 us, workers (us):   6, ---, ---, 
[70.999s][info][gc,stats    ]   CMR: CLDG Roots                    66 us, workers (us):  66, ---, ---, 
[70.999s][info][gc,stats    ] Concurrent Marking                 4249 us
[70.999s][info][gc,stats    ] Pause Final Mark (G)                754 us
[70.999s][info][gc,stats    ] Pause Final Mark (N)                702 us
[71.000s][info][gc,stats    ]   Finish Mark                       349 us
[71.000s][info][gc,stats    ]   Update Region States              125 us
[71.000s][info][gc,stats    ]   Choose Collection Set             100 us
[71.000s][info][gc,stats    ]   Rebuild Free Set                   24 us
[71.000s][info][gc,stats    ] Concurrent Weak References           95 us, parallelism: 0.14x
[71.000s][info][gc,stats    ]   CWRF: <total>                      14 us
[71.000s][info][gc,stats    ]   CWRF: Weak References              14 us, workers (us):  14, ---, ---, 
[71.000s][info][gc,stats    ] Concurrent Weak Roots               894 us
[71.000s][info][gc,stats    ]   Roots                             829 us, parallelism: 0.95x
[71.000s][info][gc,stats    ]     CWR: <total>                    788 us
[71.000s][info][gc,stats    ]     CWR: Code Cache Roots           712 us, workers (us): 712, ---, ---, 
[71.000s][info][gc,stats    ]     CWR: VM Weak Roots               72 us, workers (us):  72, ---, ---, 
[71.000s][info][gc,stats    ]     CWR: CLDG Roots                   5 us, workers (us):   5, ---, ---, 
[71.000s][info][gc,stats    ]   Rendezvous                         39 us
[71.000s][info][gc,stats    ] Concurrent Cleanup                   64 us
[71.000s][info][gc,stats    ] Concurrent Class Unloading         3991 us
[71.000s][info][gc,stats    ]   Unlink Stale                     3487 us
[71.000s][info][gc,stats    ]     System Dictionary                 6 us
[71.000s][info][gc,stats    ]     Weak Class Links                  0 us
[71.000s][info][gc,stats    ]     Code Roots                     3480 us
[71.000s][info][gc,stats    ]   Rendezvous                        154 us
[71.000s][info][gc,stats    ]   Purge Unlinked                    304 us
[71.000s][info][gc,stats    ]     Code Roots                      297 us
[71.000s][info][gc,stats    ]     CLDG                              6 us
[71.000s][info][gc,stats    ]     Exception Caches                  0 us
[71.000s][info][gc,stats    ] Pause Final Roots (G)               166 us
[71.000s][info][gc,stats    ] Pause Final Roots (N)                88 us
[71.000s][info][gc,stats    ] 
[71.000s][info][gc,stats    ] Allocation pacing accrued:
[71.000s][info][gc,stats    ]       0 of    27 ms (  0.0%): <total>
[71.000s][info][gc,stats    ]       0 of    27 ms (  0.0%): <average total>
[71.000s][info][gc,stats    ] 
[71.000s][info][gc,metaspace] Metaspace: 15960K(16256K)->15960K(16256K) NonClass: 13790K(13952K)->13790K(13952K) Class: 2170K(2304K)->2170K(2304K)
[71.000s][info][gc,ergo     ] Pacer for Idle. Initial: 41943K, Alloc Tax Rate: 1.0x
[71.533s][info][gc          ] Trigger: Learning 2 of 5. Free (1417M) is below initial threshold (1433M)
[71.533s][info][gc,ergo     ] Free: 1417M, Max: 1024K regular, 1008M humongous, Frag: 29% external, 0% internal; Reserve: 103M, Max: 1024K
[71.534s][info][gc,start    ] GC(96) Concurrent reset
[71.534s][info][gc,task     ] GC(96) Using 1 of 3 workers for concurrent reset
[71.534s][info][gc,ergo     ] GC(96) Pacer for Reset. Non-Taxable: 2048M
[71.534s][info][gc          ] GC(96) Concurrent reset 0.299ms
[71.534s][info][gc,start    ] GC(96) Pause Init Mark (unload classes)
[71.534s][info][gc,task     ] GC(96) Using 3 of 3 workers for init marking
[71.534s][info][gc,ergo     ] GC(96) Pacer for Mark. Expected Live: 81773K, Free: 1416M, Non-Taxable: 141M, Alloc Tax Rate: 0.1x
[71.534s][info][gc          ] GC(96) Pause Init Mark (unload classes) 0.282ms
[71.534s][info][gc,start    ] GC(96) Concurrent marking roots
[71.534s][info][gc,task     ] GC(96) Using 1 of 3 workers for concurrent marking roots
[71.535s][info][gc          ] GC(96) Concurrent marking roots 0.428ms
[71.535s][info][gc,start    ] GC(96) Concurrent marking (unload classes)
[71.535s][info][gc,task     ] GC(96) Using 1 of 3 workers for concurrent marking
[71.871s][info][gc          ] GC(96) Concurrent marking (unload classes) 336.172ms
[71.871s][info][gc,start    ] GC(96) Pause Final Mark (unload classes)
[71.871s][info][gc,task     ] GC(96) Using 3 of 3 workers for final marking
[71.871s][info][gc,ergo     ] GC(96) Adaptive CSet Selection. Target Free: 290M, Actual Free: 1254M, Max CSet: 87381K, Min Garbage: 0B
[71.871s][info][gc,ergo     ] GC(96) Collectable Garbage: 196M (61%), Immediate: 28032K (8%), CSet: 168M (52%)
[71.872s][info][gc,ergo     ] GC(96) Pacer for Evacuation. Used CSet: 254M, Free: 1162M, Non-Taxable: 116M, Alloc Tax Rate: 1.1x
[71.872s][info][gc          ] GC(96) Pause Final Mark (unload classes) 0.211ms
[71.887s][info][gc,start    ] GC(96) Concurrent thread roots
[71.887s][info][gc,task     ] GC(96) Using 1 of 3 workers for Concurrent thread roots
[71.887s][info][gc          ] GC(96) Concurrent thread roots 0.452ms
[71.887s][info][gc,start    ] GC(96) Concurrent weak references
[71.887s][info][gc,task     ] GC(96) Using 1 of 3 workers for concurrent weak references
[71.887s][info][gc,ref      ] GC(96) Encountered references: Soft: 133, Weak: 684, Final: 0, Phantom: 63
[71.887s][info][gc,ref      ] GC(96) Discovered  references: Soft: 0, Weak: 152, Final: 0, Phantom: 26
[71.887s][info][gc,ref      ] GC(96) Enqueued    references: Soft: 0, Weak: 0, Final: 0, Phantom: 0
[71.887s][info][gc          ] GC(96) Concurrent weak references 0.079ms
[71.887s][info][gc,start    ] GC(96) Concurrent weak roots
[71.887s][info][gc,task     ] GC(96) Using 1 of 3 workers for concurrent weak root
[71.902s][info][gc          ] GC(96) Concurrent weak roots 15.045ms
[71.902s][info][gc,start    ] GC(96) Concurrent cleanup
[71.902s][info][gc          ] GC(96) Concurrent cleanup 827M->800M(2048M) 0.038ms
[71.902s][info][gc,ergo     ] GC(96) Free: 1124M, Max: 1024K regular, 1087M humongous, Frag: 4% external, 0% internal; Reserve: 93184K, Max: 1024K
[71.902s][info][gc,start    ] GC(96) Concurrent class unloading
[71.902s][info][gc,task     ] GC(96) Using 1 of 3 workers for concurrent class unloading
[71.907s][info][gc          ] GC(96) Concurrent class unloading 5.093ms
[71.907s][info][gc,start    ] GC(96) Concurrent strong roots
[71.907s][info][gc,task     ] GC(96) Using 1 of 3 workers for concurrent strong root
[71.908s][info][gc          ] GC(96) Concurrent strong roots 0.075ms
[71.908s][info][gc,start    ] GC(96) Concurrent evacuation
[71.908s][info][gc,task     ] GC(96) Using 1 of 3 workers for concurrent evacuation
[71.983s][info][gc          ] GC(96) Concurrent evacuation 74.935ms
[71.983s][info][gc,start    ] GC(96) Pause Init Update Refs
[71.983s][info][gc,ergo     ] GC(96) Pacer for Update Refs. Used: 934M, Free: 1063M, Non-Taxable: 106M, Alloc Tax Rate: 1.1x
[71.983s][info][gc          ] GC(96) Pause Init Update Refs 0.030ms
[71.996s][info][gc,start    ] GC(96) Concurrent update references
[71.996s][info][gc,task     ] GC(96) Using 1 of 3 workers for concurrent reference update
[72.427s][info][gc          ] GC(96) Concurrent update references 430.453ms
[72.427s][info][gc,start    ] GC(96) Concurrent update thread roots
[72.427s][info][gc          ] GC(96) Concurrent update thread roots 0.399ms
[72.427s][info][gc,start    ] GC(96) Pause Final Update Refs
[72.427s][info][gc,task     ] GC(96) Using 3 of 3 workers for final reference update
[72.428s][info][gc          ] GC(96) Pause Final Update Refs 0.309ms
[72.428s][info][gc,start    ] GC(96) Concurrent cleanup
[72.428s][info][gc          ] GC(96) Concurrent cleanup 994M->740M(2048M) 0.041ms
[72.428s][info][gc,ergo     ] Free: 1169M, Max: 1024K regular, 918M humongous, Frag: 22% external, 0% internal; Reserve: 103M, Max: 1024K
[72.428s][info][gc,stats    ] 
[72.428s][info][gc,stats    ] All times are wall-clock times, except per-root-class counters, that are sum over
[72.428s][info][gc,stats    ] all workers. Dividing the <total> over the root stage time estimates parallelism.
[72.428s][info][gc,stats    ] 
[72.428s][info][gc,stats    ] Concurrent Reset                    319 us
[72.428s][info][gc,stats    ] Pause Init Mark (G)                 486 us
[72.428s][info][gc,stats    ] Pause Init Mark (N)                 306 us
[72.428s][info][gc,stats    ]   Update Region States              128 us
[72.428s][info][gc,stats    ] Concurrent Mark Roots               446 us, parallelism: 0.80x
[72.428s][info][gc,stats    ]   CMR: <total>                      358 us
[72.428s][info][gc,stats    ]   CMR: Thread Roots                 321 us, workers (us): 321, ---, ---, 
[72.428s][info][gc,stats    ]   CMR: VM Strong Roots                4 us, workers (us):   4, ---, ---, 
[72.428s][info][gc,stats    ]   CMR: CLDG Roots                    34 us, workers (us):  34, ---, ---, 
[72.428s][info][gc,stats    ] Concurrent Marking               336235 us
[72.428s][info][gc,stats    ] Pause Final Mark (G)              15576 us
[72.428s][info][gc,stats    ] Pause Final Mark (N)                220 us
[72.428s][info][gc,stats    ]   Finish Mark                        38 us
[72.428s][info][gc,stats    ]   Update Region States               28 us
[72.428s][info][gc,stats    ]   Choose Collection Set              75 us
[72.428s][info][gc,stats    ]   Rebuild Free Set                    8 us
[72.428s][info][gc,stats    ] Concurrent Thread Roots             475 us, parallelism: 0.77x
[72.428s][info][gc,stats    ]   CTR: <total>                      367 us
[72.428s][info][gc,stats    ]   CTR: Thread Roots                 367 us, workers (us): 367, ---, ---, 
[72.428s][info][gc,stats    ] Concurrent Weak References           86 us, parallelism: 0.16x
[72.428s][info][gc,stats    ]   CWRF: <total>                      14 us
[72.428s][info][gc,stats    ]   CWRF: Weak References              14 us, workers (us):  14, ---, ---, 
[72.428s][info][gc,stats    ] Concurrent Weak Roots             15131 us
[72.428s][info][gc,stats    ]   Roots                            1052 us, parallelism: 0.95x
[72.428s][info][gc,stats    ]     CWR: <total>                   1002 us
[72.428s][info][gc,stats    ]     CWR: Code Cache Roots           913 us, workers (us): 913, ---, ---, 
[72.428s][info][gc,stats    ]     CWR: VM Weak Roots               82 us, workers (us):  82, ---, ---, 
[72.428s][info][gc,stats    ]     CWR: CLDG Roots                   7 us, workers (us):   7, ---, ---, 
[72.428s][info][gc,stats    ]   Rendezvous                      13971 us
[72.428s][info][gc,stats    ] Concurrent Cleanup                   46 us
[72.428s][info][gc,stats    ] Concurrent Class Unloading         5152 us
[72.428s][info][gc,stats    ]   Unlink Stale                     4201 us
[72.428s][info][gc,stats    ]     System Dictionary                10 us
[72.428s][info][gc,stats    ]     Weak Class Links                  0 us
[72.428s][info][gc,stats    ]     Code Roots                     4189 us
[72.428s][info][gc,stats    ]   Rendezvous                        662 us
[72.428s][info][gc,stats    ]   Purge Unlinked                    210 us
[72.428s][info][gc,stats    ]     Code Roots                      205 us
[72.428s][info][gc,stats    ]     CLDG                              5 us
[72.428s][info][gc,stats    ]     Exception Caches                  0 us
[72.428s][info][gc,stats    ] Concurrent Strong Roots              89 us, parallelism: 0.42x
[72.428s][info][gc,stats    ]   CSR: <total>                       37 us
[72.428s][info][gc,stats    ]   CSR: VM Strong Roots                6 us, workers (us):   6, ---, ---, 
[72.428s][info][gc,stats    ]   CSR: CLDG Roots                    32 us, workers (us):  32, ---, ---, 
[72.428s][info][gc,stats    ] Concurrent Evacuation             75005 us
[72.428s][info][gc,stats    ] Pause Init Update Refs (G)        13815 us
[72.428s][info][gc,stats    ] Pause Init Update Refs (N)           38 us
[72.428s][info][gc,stats    ]   Manage GCLABs                       4 us
[72.428s][info][gc,stats    ] Concurrent Update Refs           430535 us
[72.428s][info][gc,stats    ] Concurrent Update Thread Roots      417 us
[72.428s][info][gc,stats    ] Pause Final Update Refs (G)         360 us
[72.428s][info][gc,stats    ] Pause Final Update Refs (N)         319 us
[72.428s][info][gc,stats    ]   Update Region States              227 us
[72.428s][info][gc,stats    ]   Trash Collection Set                8 us
[72.428s][info][gc,stats    ]   Rebuild Free Set                   21 us
[72.428s][info][gc,stats    ] Concurrent Cleanup                   50 us
[72.428s][info][gc,stats    ] 
[72.428s][info][gc,stats    ] Allocation pacing accrued:
[72.428s][info][gc,stats    ]       0 of  1429 ms (  0.0%): <total>
[72.428s][info][gc,stats    ]       0 of  1429 ms (  0.0%): <average total>
[72.428s][info][gc,stats    ] 
[72.428s][info][gc,metaspace] Metaspace: 15960K(16256K)->15966K(16256K) NonClass: 13790K(13952K)->13795K(13952K) Class: 2170K(2304K)->2170K(2304K)
[72.428s][info][gc,ergo     ] Pacer for Idle. Initial: 41943K, Alloc Tax Rate: 1.0x
[72.440s][info][gc          ] Trigger: Explicit GC request (System.gc())
[72.440s][info][gc,ergo     ] Free: 1169M, Max: 1024K regular, 918M humongous, Frag: 22% external, 0% internal; Reserve: 103M, Max: 1024K
[72.440s][info][gc,start    ] GC(97) Concurrent reset
[72.440s][info][gc,task     ] GC(97) Using 1 of 3 workers for concurrent reset
[72.440s][info][gc,ergo     ] GC(97) Pacer for Reset. Non-Taxable: 2048M
[72.443s][info][gc          ] GC(97) Concurrent reset 2.943ms
[72.443s][info][gc,start    ] GC(97) Pause Init Mark (unload classes)
[72.443s][info][gc,task     ] GC(97) Using 3 of 3 workers for init marking
[72.443s][info][gc,ref      ] GC(97) Clearing All SoftReferences
[72.443s][info][gc,ergo     ] GC(97) Pacer for Mark. Expected Live: 117M, Free: 1169M, Non-Taxable: 116M, Alloc Tax Rate: 0.1x
[72.443s][info][gc          ] GC(97) Pause Init Mark (unload classes) 0.168ms
[72.443s][info][gc,start    ] GC(97) Concurrent marking roots
[72.443s][info][gc,task     ] GC(97) Using 1 of 3 workers for concurrent marking roots
[72.444s][info][gc          ] GC(97) Concurrent marking roots 0.595ms
[72.444s][info][gc,start    ] GC(97) Concurrent marking (unload classes)
[72.444s][info][gc,task     ] GC(97) Using 1 of 3 workers for concurrent marking
[72.448s][info][gc          ] GC(97) Concurrent marking (unload classes) 3.970ms
[72.448s][info][gc,start    ] GC(97) Pause Final Mark (unload classes)
[72.448s][info][gc,task     ] GC(97) Using 3 of 3 workers for final marking
[72.448s][info][gc,ergo     ] GC(97) Collectable Garbage: 727M (98%), Immediate: 727M (98%), CSet: 0B (0%)
[72.448s][info][gc          ] GC(97) Pause Final Mark (unload classes) 0.284ms
[72.448s][info][gc,start    ] GC(97) Concurrent weak references
[72.448s][info][gc,task     ] GC(97) Using 1 of 3 workers for concurrent weak references
[72.448s][info][gc,ref      ] GC(97) Encountered references: Soft: 178, Weak: 683, Final: 0, Phantom: 63
[72.448s][info][gc,ref      ] GC(97) Discovered  references: Soft: 127, Weak: 165, Final: 0, Phantom: 61
[72.448s][info][gc,ref      ] GC(97) Enqueued    references: Soft: 48, Weak: 0, Final: 0, Phantom: 0
[72.448s][info][gc          ] GC(97) Concurrent weak references 0.218ms
[72.448s][info][gc,start    ] GC(97) Concurrent weak roots
[72.448s][info][gc,task     ] GC(97) Using 1 of 3 workers for concurrent weak root
[72.449s][info][gc          ] GC(97) Concurrent weak roots 1.176ms
[72.450s][info][gc,start    ] GC(97) Concurrent cleanup
[72.450s][info][gc          ] GC(97) Concurrent cleanup 740M->13M(2048M) 0.059ms
[72.450s][info][gc,ergo     ] GC(97) Free: 1931M, Max: 1024K regular, 1003M humongous, Frag: 49% external, 0% internal; Reserve: 103M, Max: 1024K
[72.450s][info][gc,start    ] GC(97) Concurrent class unloading
[72.450s][info][gc,task     ] GC(97) Using 1 of 3 workers for concurrent class unloading
[72.454s][info][gc          ] GC(97) Concurrent class unloading 4.209ms
[72.454s][info][gc,start    ] GC(97) Pause Final Roots
[72.454s][info][gc          ] GC(97) Pause Final Roots 0.031ms
[72.454s][info][gc,ergo     ] Free: 1931M, Max: 1024K regular, 1003M humongous, Frag: 49% external, 0% internal; Reserve: 103M, Max: 1024K
[72.454s][info][gc,stats    ] 
[72.454s][info][gc,stats    ] All times are wall-clock times, except per-root-class counters, that are sum over
[72.454s][info][gc,stats    ] all workers. Dividing the <total> over the root stage time estimates parallelism.
[72.454s][info][gc,stats    ] 
[72.454s][info][gc,stats    ] Concurrent Reset                   2982 us
[72.454s][info][gc,stats    ] Pause Init Mark (G)                 271 us
[72.454s][info][gc,stats    ] Pause Init Mark (N)                 184 us
[72.454s][info][gc,stats    ]   Update Region States               61 us
[72.454s][info][gc,stats    ] Concurrent Mark Roots               619 us, parallelism: 0.77x
[72.454s][info][gc,stats    ]   CMR: <total>                      476 us
[72.454s][info][gc,stats    ]   CMR: Thread Roots                 435 us, workers (us): 435, ---, ---, 
[72.454s][info][gc,stats    ]   CMR: VM Strong Roots                4 us, workers (us):   4, ---, ---, 
[72.454s][info][gc,stats    ]   CMR: CLDG Roots                    37 us, workers (us):  37, ---, ---, 
[72.454s][info][gc,stats    ] Concurrent Marking                 4019 us
[72.454s][info][gc,stats    ] Pause Final Mark (G)                380 us
[72.454s][info][gc,stats    ] Pause Final Mark (N)                300 us
[72.454s][info][gc,stats    ]   Finish Mark                        89 us
[72.454s][info][gc,stats    ]   Update Region States               48 us
[72.454s][info][gc,stats    ]   Choose Collection Set              73 us
[72.454s][info][gc,stats    ]   Rebuild Free Set                   19 us
[72.454s][info][gc,stats    ] Concurrent Weak References          238 us, parallelism: 0.06x
[72.454s][info][gc,stats    ]   CWRF: <total>                      14 us
[72.454s][info][gc,stats    ]   CWRF: Weak References              14 us, workers (us):  14, ---, ---, 
[72.454s][info][gc,stats    ] Concurrent Weak Roots              1211 us
[72.454s][info][gc,stats    ]   Roots                            1108 us, parallelism: 0.90x
[72.454s][info][gc,stats    ]     CWR: <total>                   1000 us
[72.454s][info][gc,stats    ]     CWR: Code Cache Roots           861 us, workers (us): 861, ---, ---, 
[72.454s][info][gc,stats    ]     CWR: VM Weak Roots              135 us, workers (us): 135, ---, ---, 
[72.454s][info][gc,stats    ]     CWR: CLDG Roots                   4 us, workers (us):   4, ---, ---, 
[72.454s][info][gc,stats    ]   Rendezvous                         27 us
[72.454s][info][gc,stats    ] Concurrent Cleanup                   67 us
[72.454s][info][gc,stats    ] Concurrent Class Unloading         4274 us
[72.454s][info][gc,stats    ]   Unlink Stale                     3828 us
[72.454s][info][gc,stats    ]     System Dictionary                 6 us
[72.454s][info][gc,stats    ]     Weak Class Links                  0 us
[72.454s][info][gc,stats    ]     Code Roots                     3821 us
[72.454s][info][gc,stats    ]   Rendezvous                         45 us
[72.454s][info][gc,stats    ]   Purge Unlinked                    315 us
[72.454s][info][gc,stats    ]     Code Roots                      305 us
[72.454s][info][gc,stats    ]     CLDG                              9 us
[72.454s][info][gc,stats    ]     Exception Caches                  0 us
[72.454s][info][gc,stats    ] Pause Final Roots (G)               117 us
[72.455s][info][gc,stats    ] Pause Final Roots (N)                50 us
[72.455s][info][gc,stats    ] 
[72.455s][info][gc,stats    ] Allocation pacing accrued:
[72.455s][info][gc,stats    ]       0 of    26 ms (  0.0%): <total>
[72.455s][info][gc,stats    ]       0 of    26 ms (  0.0%): <average total>
[72.455s][info][gc,stats    ] 
[72.455s][info][gc,metaspace] Metaspace: 15966K(16256K)->15966K(16256K) NonClass: 13795K(13952K)->13795K(13952K) Class: 2170K(2304K)->2170K(2304K)
[72.455s][info][gc,ergo     ] Pacer for Idle. Initial: 41943K, Alloc Tax Rate: 1.0x
[72.990s][info][gc          ] Trigger: Learning 2 of 5. Free (1416M) is below initial threshold (1433M)
[72.990s][info][gc,ergo     ] Free: 1416M, Max: 1024K regular, 1003M humongous, Frag: 30% external, 0% internal; Reserve: 103M, Max: 1024K
[72.990s][info][gc,start    ] GC(98) Concurrent reset
[72.990s][info][gc,task     ] GC(98) Using 1 of 3 workers for concurrent reset
[72.990s][info][gc,ergo     ] GC(98) Pacer for Reset. Non-Taxable: 2048M
[72.990s][info][gc          ] GC(98) Concurrent reset 0.343ms
[72.990s][info][gc,start    ] GC(98) Pause Init Mark (unload classes)
[72.990s][info][gc,task     ] GC(98) Using 3 of 3 workers for init marking
[72.991s][info][gc,ergo     ] GC(98) Pacer for Mark. Expected Live: 82021K, Free: 1415M, Non-Taxable: 141M, Alloc Tax Rate: 0.1x
[72.991s][info][gc          ] GC(98) Pause Init Mark (unload classes) 0.209ms
[72.991s][info][gc,start    ] GC(98) Concurrent marking roots
[72.991s][info][gc,task     ] GC(98) Using 1 of 3 workers for concurrent marking roots
[72.991s][info][gc          ] GC(98) Concurrent marking roots 0.481ms
[72.991s][info][gc,start    ] GC(98) Concurrent marking (unload classes)
[72.991s][info][gc,task     ] GC(98) Using 1 of 3 workers for concurrent marking
[73.374s][info][gc          ] GC(98) Concurrent marking (unload classes) 382.375ms
[73.374s][info][gc,start    ] GC(98) Pause Final Mark (unload classes)
[73.374s][info][gc,task     ] GC(98) Using 3 of 3 workers for final marking
[73.374s][info][gc,ergo     ] GC(98) Adaptive CSet Selection. Target Free: 290M, Actual Free: 1210M, Max CSet: 87381K, Min Garbage: 0B
[73.374s][info][gc,ergo     ] GC(98) Collectable Garbage: 197M (61%), Immediate: 28800K (8%), CSet: 169M (52%)
[73.374s][info][gc,ergo     ] GC(98) Pacer for Evacuation. Used CSet: 254M, Free: 1119M, Non-Taxable: 111M, Alloc Tax Rate: 1.1x
[73.374s][info][gc          ] GC(98) Pause Final Mark (unload classes) 0.239ms
[73.390s][info][gc,start    ] GC(98) Concurrent thread roots
[73.390s][info][gc,task     ] GC(98) Using 1 of 3 workers for Concurrent thread roots
[73.390s][info][gc          ] GC(98) Concurrent thread roots 0.520ms
[73.390s][info][gc,start    ] GC(98) Concurrent weak references
[73.390s][info][gc,task     ] GC(98) Using 1 of 3 workers for concurrent weak references
[73.390s][info][gc,ref      ] GC(98) Encountered references: Soft: 133, Weak: 684, Final: 0, Phantom: 63
[73.390s][info][gc,ref      ] GC(98) Discovered  references: Soft: 0, Weak: 153, Final: 0, Phantom: 26
[73.390s][info][gc,ref      ] GC(98) Enqueued    references: Soft: 0, Weak: 0, Final: 0, Phantom: 0
[73.390s][info][gc          ] GC(98) Concurrent weak references 0.073ms
[73.390s][info][gc,start    ] GC(98) Concurrent weak roots
[73.390s][info][gc,task     ] GC(98) Using 1 of 3 workers for concurrent weak root
[73.405s][info][gc          ] GC(98) Concurrent weak roots 14.671ms
[73.405s][info][gc,start    ] GC(98) Concurrent cleanup
[73.405s][info][gc          ] GC(98) Concurrent cleanup 862M->834M(2048M) 0.039ms
[73.405s][info][gc,ergo     ] GC(98) Free: 1089M, Max: 1024K regular, 1003M humongous, Frag: 8% external, 0% internal; Reserve: 91136K, Max: 1024K
[73.405s][info][gc,start    ] GC(98) Concurrent class unloading
[73.405s][info][gc,task     ] GC(98) Using 1 of 3 workers for concurrent class unloading
[73.421s][info][gc          ] GC(98) Concurrent class unloading 15.824ms
[73.421s][info][gc,start    ] GC(98) Concurrent strong roots
[73.421s][info][gc,task     ] GC(98) Using 1 of 3 workers for concurrent strong root
[73.421s][info][gc          ] GC(98) Concurrent strong roots 0.084ms
[73.421s][info][gc,start    ] GC(98) Concurrent evacuation
[73.421s][info][gc,task     ] GC(98) Using 1 of 3 workers for concurrent evacuation
[73.497s][info][gc          ] GC(98) Concurrent evacuation 76.483ms
[73.498s][info][gc,start    ] GC(98) Pause Init Update Refs
[73.498s][info][gc,ergo     ] GC(98) Pacer for Update Refs. Used: 966M, Free: 1030M, Non-Taxable: 103M, Alloc Tax Rate: 1.1x
[73.498s][info][gc          ] GC(98) Pause Init Update Refs 0.043ms
[73.498s][info][gc,start    ] GC(98) Concurrent update references
[73.498s][info][gc,task     ] GC(98) Using 1 of 3 workers for concurrent reference update
[73.964s][info][gc          ] GC(98) Concurrent update references 466.049ms
[73.964s][info][gc,start    ] GC(98) Concurrent update thread roots
[73.965s][info][gc          ] GC(98) Concurrent update thread roots 0.778ms
[73.965s][info][gc,start    ] GC(98) Pause Final Update Refs
[73.965s][info][gc,task     ] GC(98) Using 3 of 3 workers for final reference update
[73.965s][info][gc          ] GC(98) Pause Final Update Refs 0.201ms
[73.965s][info][gc,start    ] GC(98) Concurrent cleanup
[73.965s][info][gc          ] GC(98) Concurrent cleanup 992M->738M(2048M) 0.041ms
[73.965s][info][gc,ergo     ] Free: 1171M, Max: 1024K regular, 919M humongous, Frag: 22% external, 0% internal; Reserve: 103M, Max: 1024K
[73.965s][info][gc,stats    ] 
[73.965s][info][gc,stats    ] All times are wall-clock times, except per-root-class counters, that are sum over
[73.965s][info][gc,stats    ] all workers. Dividing the <total> over the root stage time estimates parallelism.
[73.965s][info][gc,stats    ] 
[73.965s][info][gc,stats    ] Concurrent Reset                    406 us
[73.965s][info][gc,stats    ] Pause Init Mark (G)                 377 us
[73.965s][info][gc,stats    ] Pause Init Mark (N)                 226 us
[73.965s][info][gc,stats    ]   Update Region States              106 us
[73.965s][info][gc,stats    ] Concurrent Mark Roots               519 us, parallelism: 0.66x
[73.965s][info][gc,stats    ]   CMR: <total>                      344 us
[73.965s][info][gc,stats    ]   CMR: Thread Roots                 303 us, workers (us): 303, ---, ---, 
[73.965s][info][gc,stats    ]   CMR: VM Strong Roots                4 us, workers (us):   4, ---, ---, 
[73.965s][info][gc,stats    ]   CMR: CLDG Roots                    37 us, workers (us):  37, ---, ---, 
[73.965s][info][gc,stats    ] Concurrent Marking               382444 us
[73.965s][info][gc,stats    ] Pause Final Mark (G)              15917 us
[73.965s][info][gc,stats    ] Pause Final Mark (N)                248 us
[73.965s][info][gc,stats    ]   Finish Mark                        45 us
[73.965s][info][gc,stats    ]   Update Region States               32 us
[73.965s][info][gc,stats    ]   Choose Collection Set             110 us
[73.965s][info][gc,stats    ]   Rebuild Free Set                    9 us
[73.965s][info][gc,stats    ] Concurrent Thread Roots             533 us, parallelism: 0.82x
[73.965s][info][gc,stats    ]   CTR: <total>                      436 us
[73.965s][info][gc,stats    ]   CTR: Thread Roots                 436 us, workers (us): 436, ---, ---, 
[73.965s][info][gc,stats    ] Concurrent Weak References           81 us, parallelism: 0.17x
[73.965s][info][gc,stats    ]   CWRF: <total>                      14 us
[73.965s][info][gc,stats    ]   CWRF: Weak References              14 us, workers (us):  14, ---, ---, 
[73.965s][info][gc,stats    ] Concurrent Weak Roots             14728 us
[73.965s][info][gc,stats    ]   Roots                            1132 us, parallelism: 0.96x
[73.965s][info][gc,stats    ]     CWR: <total>                   1084 us
[73.965s][info][gc,stats    ]     CWR: Code Cache Roots           982 us, workers (us): 982, ---, ---, 
[73.965s][info][gc,stats    ]     CWR: VM Weak Roots               93 us, workers (us):  93, ---, ---, 
[73.965s][info][gc,stats    ]     CWR: CLDG Roots                   8 us, workers (us):   8, ---, ---, 
[73.965s][info][gc,stats    ]   Rendezvous                      13521 us
[73.965s][info][gc,stats    ] Concurrent Cleanup                   47 us
[73.965s][info][gc,stats    ] Concurrent Class Unloading        15884 us
[73.965s][info][gc,stats    ]   Unlink Stale                     4261 us
[73.965s][info][gc,stats    ]     System Dictionary                13 us
[73.965s][info][gc,stats    ]     Weak Class Links                  1 us
[73.965s][info][gc,stats    ]     Code Roots                     4246 us
[73.965s][info][gc,stats    ]   Rendezvous                      11263 us
[73.965s][info][gc,stats    ]   Purge Unlinked                    279 us
[73.965s][info][gc,stats    ]     Code Roots                      273 us
[73.965s][info][gc,stats    ]     CLDG                              5 us
[73.965s][info][gc,stats    ]     Exception Caches                  0 us
[73.965s][info][gc,stats    ] Concurrent Strong Roots              93 us, parallelism: 0.45x
[73.965s][info][gc,stats    ]   CSR: <total>                       42 us
[73.965s][info][gc,stats    ]   CSR: VM Strong Roots                4 us, workers (us):   4, ---, ---, 
[73.965s][info][gc,stats    ]   CSR: CLDG Roots                    38 us, workers (us):  38, ---, ---, 
[73.965s][info][gc,stats    ] Concurrent Evacuation             76554 us
[73.965s][info][gc,stats    ] Pause Init Update Refs (G)          144 us
[73.965s][info][gc,stats    ] Pause Init Update Refs (N)           51 us
[73.965s][info][gc,stats    ]   Manage GCLABs                       3 us
[73.965s][info][gc,stats    ] Concurrent Update Refs           466128 us
[73.965s][info][gc,stats    ] Concurrent Update Thread Roots      796 us
[73.965s][info][gc,stats    ] Pause Final Update Refs (G)         280 us
[73.965s][info][gc,stats    ] Pause Final Update Refs (N)         222 us
[73.965s][info][gc,stats    ]   Update Region States               84 us
[73.965s][info][gc,stats    ]   Trash Collection Set               12 us
[73.965s][info][gc,stats    ]   Rebuild Free Set                   26 us
[73.965s][info][gc,stats    ] Concurrent Cleanup                   50 us
[73.965s][info][gc,stats    ] 
[73.965s][info][gc,stats    ] Allocation pacing accrued:
[73.965s][info][gc,stats    ]       0 of  1511 ms (  0.0%): <total>
[73.965s][info][gc,stats    ]       0 of  1511 ms (  0.0%): <average total>
[73.965s][info][gc,stats    ] 
[73.965s][info][gc,metaspace] Metaspace: 15966K(16256K)->15966K(16256K) NonClass: 13795K(13952K)->13795K(13952K) Class: 2170K(2304K)->2170K(2304K)
[73.965s][info][gc,ergo     ] Pacer for Idle. Initial: 41943K, Alloc Tax Rate: 1.0x
[73.971s][info][gc          ] Trigger: Explicit GC request (System.gc())
[73.971s][info][gc,ergo     ] Free: 1171M, Max: 1024K regular, 919M humongous, Frag: 22% external, 0% internal; Reserve: 103M, Max: 1024K
[73.971s][info][gc,start    ] GC(99) Concurrent reset
[73.971s][info][gc,task     ] GC(99) Using 1 of 3 workers for concurrent reset
[73.971s][info][gc,ergo     ] GC(99) Pacer for Reset. Non-Taxable: 2048M
[73.973s][info][gc          ] GC(99) Concurrent reset 2.302ms
[73.973s][info][gc,start    ] GC(99) Pause Init Mark (unload classes)
[73.973s][info][gc,task     ] GC(99) Using 3 of 3 workers for init marking
[73.973s][info][gc,ref      ] GC(99) Clearing All SoftReferences
[73.973s][info][gc,ergo     ] GC(99) Pacer for Mark. Expected Live: 117M, Free: 1171M, Non-Taxable: 117M, Alloc Tax Rate: 0.1x
[73.973s][info][gc          ] GC(99) Pause Init Mark (unload classes) 0.208ms
[73.974s][info][gc,start    ] GC(99) Concurrent marking roots
[73.974s][info][gc,task     ] GC(99) Using 1 of 3 workers for concurrent marking roots
[73.974s][info][gc          ] GC(99) Concurrent marking roots 0.794ms
[73.974s][info][gc,start    ] GC(99) Concurrent marking (unload classes)
[73.974s][info][gc,task     ] GC(99) Using 1 of 3 workers for concurrent marking
[73.979s][info][gc          ] GC(99) Concurrent marking (unload classes) 4.432ms
[73.979s][info][gc,start    ] GC(99) Pause Final Mark (unload classes)
[73.979s][info][gc,task     ] GC(99) Using 3 of 3 workers for final marking
[73.979s][info][gc,ergo     ] GC(99) Collectable Garbage: 726M (98%), Immediate: 726M (98%), CSet: 0B (0%)
[73.979s][info][gc          ] GC(99) Pause Final Mark (unload classes) 0.463ms
[73.979s][info][gc,start    ] GC(99) Concurrent weak references
[73.979s][info][gc,task     ] GC(99) Using 1 of 3 workers for concurrent weak references
[73.980s][info][gc,ref      ] GC(99) Encountered references: Soft: 178, Weak: 683, Final: 0, Phantom: 63
[73.980s][info][gc,ref      ] GC(99) Discovered  references: Soft: 127, Weak: 165, Final: 0, Phantom: 61
[73.980s][info][gc,ref      ] GC(99) Enqueued    references: Soft: 48, Weak: 0, Final: 0, Phantom: 0
[73.980s][info][gc          ] GC(99) Concurrent weak references 0.127ms
[73.980s][info][gc,start    ] GC(99) Concurrent weak roots
[73.980s][info][gc,task     ] GC(99) Using 1 of 3 workers for concurrent weak root
[73.981s][info][gc          ] GC(99) Concurrent weak roots 0.932ms
[73.981s][info][gc,start    ] GC(99) Concurrent cleanup
[73.981s][info][gc          ] GC(99) Concurrent cleanup 738M->12M(2048M) 0.060ms
[73.981s][info][gc,ergo     ] GC(99) Free: 1932M, Max: 1024K regular, 1003M humongous, Frag: 49% external, 0% internal; Reserve: 103M, Max: 1024K
[73.981s][info][gc,start    ] GC(99) Concurrent class unloading
[73.981s][info][gc,task     ] GC(99) Using 1 of 3 workers for concurrent class unloading
[73.985s][info][gc          ] GC(99) Concurrent class unloading 4.145ms
[73.985s][info][gc,start    ] GC(99) Pause Final Roots
[73.985s][info][gc          ] GC(99) Pause Final Roots 0.067ms
[73.985s][info][gc,ergo     ] Free: 1932M, Max: 1024K regular, 1003M humongous, Frag: 49% external, 0% internal; Reserve: 103M, Max: 1024K
[73.985s][info][gc,stats    ] 
[73.985s][info][gc,stats    ] All times are wall-clock times, except per-root-class counters, that are sum over
[73.985s][info][gc,stats    ] all workers. Dividing the <total> over the root stage time estimates parallelism.
[73.985s][info][gc,stats    ] 
[73.985s][info][gc,stats    ] Concurrent Reset                   2340 us
[73.985s][info][gc,stats    ] Pause Init Mark (G)                 348 us
[73.985s][info][gc,stats    ] Pause Init Mark (N)                 225 us
[73.985s][info][gc,stats    ]   Update Region States               87 us
[73.985s][info][gc,stats    ] Concurrent Mark Roots               812 us, parallelism: 0.78x
[73.985s][info][gc,stats    ]   CMR: <total>                      634 us
[73.985s][info][gc,stats    ]   CMR: Thread Roots                 557 us, workers (us): 557, ---, ---, 
[73.985s][info][gc,stats    ]   CMR: VM Strong Roots                7 us, workers (us):   7, ---, ---, 
[73.985s][info][gc,stats    ]   CMR: CLDG Roots                    71 us, workers (us):  71, ---, ---, 
[73.985s][info][gc,stats    ] Concurrent Marking                 4496 us
[73.985s][info][gc,stats    ] Pause Final Mark (G)                589 us
[73.985s][info][gc,stats    ] Pause Final Mark (N)                489 us
[73.985s][info][gc,stats    ]   Finish Mark                       164 us
[73.985s][info][gc,stats    ]   Update Region States               93 us
[73.985s][info][gc,stats    ]   Choose Collection Set             102 us
[73.985s][info][gc,stats    ]   Rebuild Free Set                   24 us
[73.985s][info][gc,stats    ] Concurrent Weak References          134 us, parallelism: 0.10x
[73.985s][info][gc,stats    ]   CWRF: <total>                      13 us
[73.985s][info][gc,stats    ]   CWRF: Weak References              13 us, workers (us):  13, ---, ---, 
[73.985s][info][gc,stats    ] Concurrent Weak Roots               965 us
[73.985s][info][gc,stats    ]   Roots                             852 us, parallelism: 0.92x
[73.985s][info][gc,stats    ]     CWR: <total>                    787 us
[73.985s][info][gc,stats    ]     CWR: Code Cache Roots           707 us, workers (us): 707, ---, ---, 
[73.985s][info][gc,stats    ]     CWR: VM Weak Roots               74 us, workers (us):  74, ---, ---, 
[73.985s][info][gc,stats    ]     CWR: CLDG Roots                   5 us, workers (us):   5, ---, ---, 
[73.985s][info][gc,stats    ]   Rendezvous                         62 us
[73.985s][info][gc,stats    ] Concurrent Cleanup                   68 us
[73.985s][info][gc,stats    ] Concurrent Class Unloading         4193 us
[73.985s][info][gc,stats    ]   Unlink Stale                     3588 us
[73.985s][info][gc,stats    ]     System Dictionary                 6 us
[73.986s][info][gc,stats    ]     Weak Class Links                  0 us
[73.986s][info][gc,stats    ]     Code Roots                     3580 us
[73.986s][info][gc,stats    ]   Rendezvous                        214 us
[73.986s][info][gc,stats    ]   Purge Unlinked                    324 us
[73.986s][info][gc,stats    ]     Code Roots                      310 us
[73.986s][info][gc,stats    ]     CLDG                             13 us
[73.986s][info][gc,stats    ]     Exception Caches                  0 us
[73.986s][info][gc,stats    ] Pause Final Roots (G)               203 us
[73.986s][info][gc,stats    ] Pause Final Roots (N)                86 us
[73.986s][info][gc,stats    ] 
[73.986s][info][gc,stats    ] Allocation pacing accrued:
[73.986s][info][gc,stats    ]       0 of    20 ms (  0.0%): <total>
[73.986s][info][gc,stats    ]       0 of    20 ms (  0.0%): <average total>
[73.986s][info][gc,stats    ] 
[73.986s][info][gc,metaspace] Metaspace: 15966K(16256K)->15966K(16256K) NonClass: 13795K(13952K)->13796K(13952K) Class: 2170K(2304K)->2170K(2304K)
[73.986s][info][gc,ergo     ] Pacer for Idle. Initial: 41943K, Alloc Tax Rate: 1.0x
[74.520s][info][gc          ] Trigger: Learning 2 of 5. Free (1416M) is below initial threshold (1433M)
[74.520s][info][gc,ergo     ] Free: 1416M, Max: 1024K regular, 1003M humongous, Frag: 30% external, 0% internal; Reserve: 103M, Max: 1024K
[74.520s][info][gc,start    ] GC(100) Concurrent reset
[74.520s][info][gc,task     ] GC(100) Using 1 of 3 workers for concurrent reset
[74.520s][info][gc,ergo     ] GC(100) Pacer for Reset. Non-Taxable: 2048M
[74.521s][info][gc          ] GC(100) Concurrent reset 0.268ms
[74.521s][info][gc,start    ] GC(100) Pause Init Mark (unload classes)
[74.521s][info][gc,task     ] GC(100) Using 3 of 3 workers for init marking
[74.521s][info][gc,ergo     ] GC(100) Pacer for Mark. Expected Live: 81811K, Free: 1416M, Non-Taxable: 141M, Alloc Tax Rate: 0.1x
[74.521s][info][gc          ] GC(100) Pause Init Mark (unload classes) 0.280ms
[74.521s][info][gc,start    ] GC(100) Concurrent marking roots
[74.521s][info][gc,task     ] GC(100) Using 1 of 3 workers for concurrent marking roots
[74.522s][info][gc          ] GC(100) Concurrent marking roots 0.891ms
[74.522s][info][gc,start    ] GC(100) Concurrent marking (unload classes)
[74.522s][info][gc,task     ] GC(100) Using 1 of 3 workers for concurrent marking
[74.859s][info][gc          ] GC(100) Concurrent marking (unload classes) 337.056ms
[74.859s][info][gc,start    ] GC(100) Pause Final Mark (unload classes)
[74.859s][info][gc,task     ] GC(100) Using 3 of 3 workers for final marking
[74.859s][info][gc,ergo     ] GC(100) Adaptive CSet Selection. Target Free: 290M, Actual Free: 1236M, Max CSet: 87381K, Min Garbage: 0B
[74.859s][info][gc,ergo     ] GC(100) Collectable Garbage: 195M (61%), Immediate: 29760K (9%), CSet: 166M (52%)
[74.859s][info][gc,ergo     ] GC(100) Pacer for Evacuation. Used CSet: 252M, Free: 1146M, Non-Taxable: 114M, Alloc Tax Rate: 1.1x
[74.859s][info][gc          ] GC(100) Pause Final Mark (unload classes) 0.238ms
[74.871s][info][gc,start    ] GC(100) Concurrent thread roots
[74.871s][info][gc,task     ] GC(100) Using 1 of 3 workers for Concurrent thread roots
[74.872s][info][gc          ] GC(100) Concurrent thread roots 0.527ms
[74.872s][info][gc,start    ] GC(100) Concurrent weak references
[74.872s][info][gc,task     ] GC(100) Using 1 of 3 workers for concurrent weak references
[74.872s][info][gc,ref      ] GC(100) Encountered references: Soft: 133, Weak: 684, Final: 0, Phantom: 63
[74.872s][info][gc,ref      ] GC(100) Discovered  references: Soft: 0, Weak: 152, Final: 0, Phantom: 26
[74.872s][info][gc,ref      ] GC(100) Enqueued    references: Soft: 0, Weak: 0, Final: 0, Phantom: 0
[74.872s][info][gc          ] GC(100) Concurrent weak references 0.065ms
[74.872s][info][gc,start    ] GC(100) Concurrent weak roots
[74.872s][info][gc,task     ] GC(100) Using 1 of 3 workers for concurrent weak root
[74.887s][info][gc          ] GC(100) Concurrent weak roots 14.868ms
[74.887s][info][gc,start    ] GC(100) Concurrent cleanup
[74.887s][info][gc          ] GC(100) Concurrent cleanup 827M->798M(2048M) 0.043ms
[74.887s][info][gc,ergo     ] GC(100) Free: 1131M, Max: 1024K regular, 1003M humongous, Frag: 12% external, 0% internal; Reserve: 89088K, Max: 1024K
[74.887s][info][gc,start    ] GC(100) Concurrent class unloading
[74.887s][info][gc,task     ] GC(100) Using 1 of 3 workers for concurrent class unloading
[74.903s][info][gc          ] GC(100) Concurrent class unloading 15.716ms
[74.903s][info][gc,start    ] GC(100) Concurrent strong roots
[74.903s][info][gc,task     ] GC(100) Using 1 of 3 workers for concurrent strong root
[74.903s][info][gc          ] GC(100) Concurrent strong roots 0.091ms
[74.903s][info][gc,start    ] GC(100) Concurrent evacuation
[74.903s][info][gc,task     ] GC(100) Using 1 of 3 workers for concurrent evacuation
[74.979s][info][gc          ] GC(100) Concurrent evacuation 76.306ms
[74.979s][info][gc,start    ] GC(100) Pause Init Update Refs
[74.979s][info][gc,ergo     ] GC(100) Pacer for Update Refs. Used: 954M, Free: 1046M, Non-Taxable: 104M, Alloc Tax Rate: 1.1x
[74.979s][info][gc          ] GC(100) Pause Init Update Refs 0.042ms
[74.980s][info][gc,start    ] GC(100) Concurrent update references
[74.980s][info][gc,task     ] GC(100) Using 1 of 3 workers for concurrent reference update
[75.422s][info][gc          ] GC(100) Concurrent update references 442.165ms
[75.422s][info][gc,start    ] GC(100) Concurrent update thread roots
[75.422s][info][gc          ] GC(100) Concurrent update thread roots 0.397ms
[75.422s][info][gc,start    ] GC(100) Pause Final Update Refs
[75.422s][info][gc,task     ] GC(100) Using 3 of 3 workers for final reference update
[75.423s][info][gc          ] GC(100) Pause Final Update Refs 0.325ms
[75.423s][info][gc,start    ] GC(100) Concurrent cleanup
[75.423s][info][gc          ] GC(100) Concurrent cleanup 994M->742M(2048M) 0.041ms
[75.423s][info][gc,ergo     ] Free: 1167M, Max: 1024K regular, 917M humongous, Frag: 22% external, 0% internal; Reserve: 103M, Max: 1024K
[75.423s][info][gc,stats    ] 
[75.423s][info][gc,stats    ] All times are wall-clock times, except per-root-class counters, that are sum over
[75.423s][info][gc,stats    ] all workers. Dividing the <total> over the root stage time estimates parallelism.
[75.423s][info][gc,stats    ] 
[75.423s][info][gc,stats    ] Concurrent Reset                    286 us
[75.423s][info][gc,stats    ] Pause Init Mark (G)                 452 us
[75.423s][info][gc,stats    ] Pause Init Mark (N)                 303 us
[75.423s][info][gc,stats    ]   Update Region States              125 us
[75.423s][info][gc,stats    ] Concurrent Mark Roots               900 us, parallelism: 0.90x
[75.423s][info][gc,stats    ]   CMR: <total>                      811 us
[75.423s][info][gc,stats    ]   CMR: Thread Roots                 739 us, workers (us): 739, ---, ---, 
[75.423s][info][gc,stats    ]   CMR: VM Strong Roots                7 us, workers (us):   7, ---, ---, 
[75.423s][info][gc,stats    ]   CMR: CLDG Roots                    65 us, workers (us):  65, ---, ---, 
[75.423s][info][gc,stats    ] Concurrent Marking               337142 us
[75.423s][info][gc,stats    ] Pause Final Mark (G)              12276 us
[75.423s][info][gc,stats    ] Pause Final Mark (N)                247 us
[75.423s][info][gc,stats    ]   Finish Mark                        44 us
[75.423s][info][gc,stats    ]   Update Region States               31 us
[75.423s][info][gc,stats    ]   Choose Collection Set              87 us
[75.423s][info][gc,stats    ]   Rebuild Free Set                    9 us
[75.423s][info][gc,stats    ] Concurrent Thread Roots             538 us, parallelism: 0.82x
[75.423s][info][gc,stats    ]   CTR: <total>                      441 us
[75.423s][info][gc,stats    ]   CTR: Thread Roots                 441 us, workers (us): 441, ---, ---, 
[75.423s][info][gc,stats    ] Concurrent Weak References           72 us, parallelism: 0.19x
[75.423s][info][gc,stats    ]   CWRF: <total>                      14 us
[75.423s][info][gc,stats    ]   CWRF: Weak References              14 us, workers (us):  14, ---, ---, 
[75.423s][info][gc,stats    ] Concurrent Weak Roots             14940 us
[75.423s][info][gc,stats    ]   Roots                            1081 us, parallelism: 0.96x
[75.423s][info][gc,stats    ]     CWR: <total>                   1038 us
[75.423s][info][gc,stats    ]     CWR: Code Cache Roots           945 us, workers (us): 945, ---, ---, 
[75.423s][info][gc,stats    ]     CWR: VM Weak Roots               86 us, workers (us):  86, ---, ---, 
[75.423s][info][gc,stats    ]     CWR: CLDG Roots                   7 us, workers (us):   7, ---, ---, 
[75.423s][info][gc,stats    ]   Rendezvous                      13767 us
[75.423s][info][gc,stats    ] Concurrent Cleanup                   52 us
[75.423s][info][gc,stats    ] Concurrent Class Unloading        15771 us
[75.423s][info][gc,stats    ]   Unlink Stale                     4252 us
[75.423s][info][gc,stats    ]     System Dictionary                10 us
[75.423s][info][gc,stats    ]     Weak Class Links                  0 us
[75.423s][info][gc,stats    ]     Code Roots                     4240 us
[75.423s][info][gc,stats    ]   Rendezvous                      11184 us
[75.423s][info][gc,stats    ]   Purge Unlinked                    259 us
[75.423s][info][gc,stats    ]     Code Roots                      254 us
[75.423s][info][gc,stats    ]     CLDG                              5 us
[75.423s][info][gc,stats    ]     Exception Caches                  0 us
[75.423s][info][gc,stats    ] Concurrent Strong Roots             100 us, parallelism: 0.51x
[75.423s][info][gc,stats    ]   CSR: <total>                       51 us
[75.423s][info][gc,stats    ]   CSR: VM Strong Roots                4 us, workers (us):   4, ---, ---, 
[75.423s][info][gc,stats    ]   CSR: CLDG Roots                    48 us, workers (us):  48, ---, ---, 
[75.423s][info][gc,stats    ] Concurrent Evacuation             76367 us
[75.423s][info][gc,stats    ] Pause Init Update Refs (G)          280 us
[75.423s][info][gc,stats    ] Pause Init Update Refs (N)           50 us
[75.423s][info][gc,stats    ]   Manage GCLABs                       4 us
[75.423s][info][gc,stats    ] Concurrent Update Refs           442244 us
[75.423s][info][gc,stats    ] Concurrent Update Thread Roots      415 us
[75.423s][info][gc,stats    ] Pause Final Update Refs (G)         402 us
[75.423s][info][gc,stats    ] Pause Final Update Refs (N)         344 us
[75.423s][info][gc,stats    ]   Update Region States              244 us
[75.423s][info][gc,stats    ]   Trash Collection Set                9 us
[75.423s][info][gc,stats    ]   Rebuild Free Set                   18 us
[75.423s][info][gc,stats    ] Concurrent Cleanup                   50 us
[75.423s][info][gc,stats    ] 
[75.423s][info][gc,stats    ] Allocation pacing accrued:
[75.423s][info][gc,stats    ]       0 of  1437 ms (  0.0%): <total>
[75.423s][info][gc,stats    ]       0 of  1437 ms (  0.0%): <average total>
[75.423s][info][gc,stats    ] 
[75.423s][info][gc,metaspace] Metaspace: 15966K(16256K)->15966K(16256K) NonClass: 13796K(13952K)->13796K(13952K) Class: 2170K(2304K)->2170K(2304K)
[75.423s][info][gc,ergo     ] Pacer for Idle. Initial: 41943K, Alloc Tax Rate: 1.0x
[75.433s][info][gc          ] Trigger: Explicit GC request (System.gc())
[75.433s][info][gc,ergo     ] Free: 1167M, Max: 1024K regular, 917M humongous, Frag: 22% external, 0% internal; Reserve: 103M, Max: 1024K
[75.433s][info][gc,start    ] GC(101) Concurrent reset
[75.433s][info][gc,task     ] GC(101) Using 1 of 3 workers for concurrent reset
[75.433s][info][gc,ergo     ] GC(101) Pacer for Reset. Non-Taxable: 2048M
[75.436s][info][gc          ] GC(101) Concurrent reset 2.683ms
[75.436s][info][gc,start    ] GC(101) Pause Init Mark (unload classes)
[75.436s][info][gc,task     ] GC(101) Using 3 of 3 workers for init marking
[75.436s][info][gc,ref      ] GC(101) Clearing All SoftReferences
[75.436s][info][gc,ergo     ] GC(101) Pacer for Mark. Expected Live: 117M, Free: 1167M, Non-Taxable: 116M, Alloc Tax Rate: 0.1x
[75.436s][info][gc          ] GC(101) Pause Init Mark (unload classes) 0.135ms
[75.436s][info][gc,start    ] GC(101) Concurrent marking roots
[75.436s][info][gc,task     ] GC(101) Using 1 of 3 workers for concurrent marking roots
[75.437s][info][gc          ] GC(101) Concurrent marking roots 0.761ms
[75.437s][info][gc,start    ] GC(101) Concurrent marking (unload classes)
[75.437s][info][gc,task     ] GC(101) Using 1 of 3 workers for concurrent marking
[75.442s][info][gc          ] GC(101) Concurrent marking (unload classes) 4.696ms
[75.442s][info][gc,start    ] GC(101) Pause Final Mark (unload classes)
[75.442s][info][gc,task     ] GC(101) Using 3 of 3 workers for final marking
[75.442s][info][gc,ergo     ] GC(101) Collectable Garbage: 730M (98%), Immediate: 730M (98%), CSet: 0B (0%)
[75.442s][info][gc          ] GC(101) Pause Final Mark (unload classes) 0.572ms
[75.442s][info][gc,start    ] GC(101) Concurrent weak references
[75.442s][info][gc,task     ] GC(101) Using 1 of 3 workers for concurrent weak references
[75.442s][info][gc,ref      ] GC(101) Encountered references: Soft: 178, Weak: 683, Final: 0, Phantom: 63
[75.442s][info][gc,ref      ] GC(101) Discovered  references: Soft: 127, Weak: 165, Final: 0, Phantom: 61
[75.442s][info][gc,ref      ] GC(101) Enqueued    references: Soft: 48, Weak: 0, Final: 0, Phantom: 0
[75.442s][info][gc          ] GC(101) Concurrent weak references 0.130ms
[75.443s][info][gc,start    ] GC(101) Concurrent weak roots
[75.443s][info][gc,task     ] GC(101) Using 1 of 3 workers for concurrent weak root
[75.444s][info][gc          ] GC(101) Concurrent weak roots 1.227ms
[75.444s][info][gc,start    ] GC(101) Concurrent cleanup
[75.444s][info][gc          ] GC(101) Concurrent cleanup 742M->12M(2048M) 0.068ms
[75.444s][info][gc,ergo     ] GC(101) Free: 1932M, Max: 1024K regular, 1003M humongous, Frag: 49% external, 0% internal; Reserve: 103M, Max: 1024K
[75.444s][info][gc,start    ] GC(101) Concurrent class unloading
[75.444s][info][gc,task     ] GC(101) Using 1 of 3 workers for concurrent class unloading
[75.448s][info][gc          ] GC(101) Concurrent class unloading 4.143ms
[75.448s][info][gc,start    ] GC(101) Pause Final Roots
[75.448s][info][gc          ] GC(101) Pause Final Roots 0.057ms
[75.448s][info][gc,ergo     ] Free: 1932M, Max: 1024K regular, 1003M humongous, Frag: 49% external, 0% internal; Reserve: 103M, Max: 1024K
[75.448s][info][gc,stats    ] 
[75.448s][info][gc,stats    ] All times are wall-clock times, except per-root-class counters, that are sum over
[75.449s][info][gc,stats    ] all workers. Dividing the <total> over the root stage time estimates parallelism.
[75.449s][info][gc,stats    ] 
[75.449s][info][gc,stats    ] Concurrent Reset                   2722 us
[75.449s][info][gc,stats    ] Pause Init Mark (G)                 257 us
[75.449s][info][gc,stats    ] Pause Init Mark (N)                 144 us
[75.449s][info][gc,stats    ]   Update Region States               59 us
[75.449s][info][gc,stats    ] Concurrent Mark Roots               785 us, parallelism: 0.82x
[75.449s][info][gc,stats    ]   CMR: <total>                      642 us
[75.449s][info][gc,stats    ]   CMR: Thread Roots                 573 us, workers (us): 573, ---, ---, 
[75.449s][info][gc,stats    ]   CMR: VM Strong Roots                4 us, workers (us):   4, ---, ---, 
[75.449s][info][gc,stats    ]   CMR: CLDG Roots                    64 us, workers (us):  64, ---, ---, 
[75.449s][info][gc,stats    ] Concurrent Marking                 4745 us
[75.449s][info][gc,stats    ] Pause Final Mark (G)                711 us
[75.449s][info][gc,stats    ] Pause Final Mark (N)                592 us
[75.449s][info][gc,stats    ]   Finish Mark                       280 us
[75.449s][info][gc,stats    ]   Update Region States              108 us
[75.449s][info][gc,stats    ]   Choose Collection Set              79 us
[75.449s][info][gc,stats    ]   Rebuild Free Set                   19 us
[75.449s][info][gc,stats    ] Concurrent Weak References          137 us, parallelism: 0.10x
[75.449s][info][gc,stats    ]   CWRF: <total>                      13 us
[75.449s][info][gc,stats    ]   CWRF: Weak References              13 us, workers (us):  13, ---, ---, 
[75.449s][info][gc,stats    ] Concurrent Weak Roots              1268 us
[75.449s][info][gc,stats    ]   Roots                            1103 us, parallelism: 0.91x
[75.449s][info][gc,stats    ]     CWR: <total>                   1008 us
[75.449s][info][gc,stats    ]     CWR: Code Cache Roots           868 us, workers (us): 868, ---, ---, 
[75.449s][info][gc,stats    ]     CWR: VM Weak Roots              135 us, workers (us): 135, ---, ---, 
[75.449s][info][gc,stats    ]     CWR: CLDG Roots                   4 us, workers (us):   4, ---, ---, 
[75.449s][info][gc,stats    ]   Rendezvous                        106 us
[75.449s][info][gc,stats    ] Concurrent Cleanup                   77 us
[75.449s][info][gc,stats    ] Concurrent Class Unloading         4282 us
[75.449s][info][gc,stats    ]   Unlink Stale                     3663 us
[75.449s][info][gc,stats    ]     System Dictionary                 5 us
[75.449s][info][gc,stats    ]     Weak Class Links                  0 us
[75.449s][info][gc,stats    ]     Code Roots                     3656 us
[75.449s][info][gc,stats    ]   Rendezvous                        129 us
[75.449s][info][gc,stats    ]   Purge Unlinked                    330 us
[75.449s][info][gc,stats    ]     Code Roots                      319 us
[75.449s][info][gc,stats    ]     CLDG                             10 us
[75.449s][info][gc,stats    ]     Exception Caches                  0 us
[75.449s][info][gc,stats    ] Pause Final Roots (G)               246 us
[75.449s][info][gc,stats    ] Pause Final Roots (N)                79 us
[75.449s][info][gc,stats    ] 
[75.449s][info][gc,stats    ] Allocation pacing accrued:
[75.449s][info][gc,stats    ]       0 of    26 ms (  0.0%): <total>
[75.449s][info][gc,stats    ]       0 of    26 ms (  0.0%): <average total>
[75.449s][info][gc,stats    ] 
[75.449s][info][gc,metaspace] Metaspace: 15966K(16256K)->15966K(16256K) NonClass: 13796K(13952K)->13796K(13952K) Class: 2170K(2304K)->2170K(2304K)
[75.449s][info][gc,ergo     ] Pacer for Idle. Initial: 41943K, Alloc Tax Rate: 1.0x
[75.983s][info][gc          ] Trigger: Learning 2 of 5. Free (1413M) is below initial threshold (1433M)
[75.983s][info][gc,ergo     ] Free: 1413M, Max: 1024K regular, 1003M humongous, Frag: 30% external, 0% internal; Reserve: 103M, Max: 1024K
[75.983s][info][gc,start    ] GC(102) Concurrent reset
[75.983s][info][gc,task     ] GC(102) Using 1 of 3 workers for concurrent reset
[75.983s][info][gc,ergo     ] GC(102) Pacer for Reset. Non-Taxable: 2048M
[75.983s][info][gc          ] GC(102) Concurrent reset 0.290ms
[75.983s][info][gc,start    ] GC(102) Pause Init Mark (unload classes)
[75.983s][info][gc,task     ] GC(102) Using 3 of 3 workers for init marking
[75.983s][info][gc,ergo     ] GC(102) Pacer for Mark. Expected Live: 81737K, Free: 1413M, Non-Taxable: 141M, Alloc Tax Rate: 0.1x
[75.983s][info][gc          ] GC(102) Pause Init Mark (unload classes) 0.182ms
[75.984s][info][gc,start    ] GC(102) Concurrent marking roots
[75.984s][info][gc,task     ] GC(102) Using 1 of 3 workers for concurrent marking roots
[75.984s][info][gc          ] GC(102) Concurrent marking roots 0.421ms
[75.984s][info][gc,start    ] GC(102) Concurrent marking (unload classes)
[75.984s][info][gc,task     ] GC(102) Using 1 of 3 workers for concurrent marking
[76.311s][info][gc          ] GC(102) Concurrent marking (unload classes) 327.464ms
[76.312s][info][gc,start    ] GC(102) Pause Final Mark (unload classes)
[76.312s][info][gc,task     ] GC(102) Using 3 of 3 workers for final marking
[76.312s][info][gc,ergo     ] GC(102) Adaptive CSet Selection. Target Free: 290M, Actual Free: 1253M, Max CSet: 87381K, Min Garbage: 0B
[76.312s][info][gc,ergo     ] GC(102) Collectable Garbage: 195M (60%), Immediate: 29339K (8%), CSet: 166M (51%)
[76.312s][info][gc,ergo     ] GC(102) Pacer for Evacuation. Used CSet: 252M, Free: 1163M, Non-Taxable: 116M, Alloc Tax Rate: 1.1x
[76.312s][info][gc          ] GC(102) Pause Final Mark (unload classes) 0.223ms
[76.312s][info][gc,start    ] GC(102) Concurrent thread roots
[76.312s][info][gc,task     ] GC(102) Using 1 of 3 workers for Concurrent thread roots
[76.312s][info][gc          ] GC(102) Concurrent thread roots 0.546ms
[76.312s][info][gc,start    ] GC(102) Concurrent weak references
[76.312s][info][gc,task     ] GC(102) Using 1 of 3 workers for concurrent weak references
[76.312s][info][gc,ref      ] GC(102) Encountered references: Soft: 133, Weak: 684, Final: 0, Phantom: 63
[76.312s][info][gc,ref      ] GC(102) Discovered  references: Soft: 0, Weak: 152, Final: 0, Phantom: 26
[76.312s][info][gc,ref      ] GC(102) Enqueued    references: Soft: 0, Weak: 0, Final: 0, Phantom: 0
[76.313s][info][gc          ] GC(102) Concurrent weak references 0.060ms
[76.313s][info][gc,start    ] GC(102) Concurrent weak roots
[76.313s][info][gc,task     ] GC(102) Using 1 of 3 workers for concurrent weak root
[76.328s][info][gc          ] GC(102) Concurrent weak roots 15.289ms
[76.328s][info][gc,start    ] GC(102) Concurrent cleanup
[76.328s][info][gc          ] GC(102) Concurrent cleanup 798M->770M(2048M) 0.038ms
[76.328s][info][gc,ergo     ] GC(102) Free: 1155M, Max: 1024K regular, 1003M humongous, Frag: 14% external, 0% internal; Reserve: 95232K, Max: 1024K
[76.328s][info][gc,start    ] GC(102) Concurrent class unloading
[76.328s][info][gc,task     ] GC(102) Using 1 of 3 workers for concurrent class unloading
[76.336s][info][gc          ] GC(102) Concurrent class unloading 7.577ms
[76.336s][info][gc,start    ] GC(102) Concurrent strong roots
[76.336s][info][gc,task     ] GC(102) Using 1 of 3 workers for concurrent strong root
[76.336s][info][gc          ] GC(102) Concurrent strong roots 0.102ms
[76.336s][info][gc,start    ] GC(102) Concurrent evacuation
[76.336s][info][gc,task     ] GC(102) Using 1 of 3 workers for concurrent evacuation
[76.414s][info][gc          ] GC(102) Concurrent evacuation 77.953ms
[76.414s][info][gc,start    ] GC(102) Pause Init Update Refs
[76.414s][info][gc,ergo     ] GC(102) Pacer for Update Refs. Used: 916M, Free: 1084M, Non-Taxable: 108M, Alloc Tax Rate: 1.1x
[76.414s][info][gc          ] GC(102) Pause Init Update Refs 0.078ms
[76.422s][info][gc,start    ] GC(102) Concurrent update references
[76.423s][info][gc,task     ] GC(102) Using 1 of 3 workers for concurrent reference update
[76.831s][info][gc          ] GC(102) Concurrent update references 408.132ms
[76.831s][info][gc,start    ] GC(102) Concurrent update thread roots
[76.832s][info][gc          ] GC(102) Concurrent update thread roots 0.934ms
[76.832s][info][gc,start    ] GC(102) Pause Final Update Refs
[76.832s][info][gc,task     ] GC(102) Using 3 of 3 workers for final reference update
[76.832s][info][gc          ] GC(102) Pause Final Update Refs 0.234ms
[76.832s][info][gc,start    ] GC(102) Concurrent cleanup
[76.832s][info][gc          ] GC(102) Concurrent cleanup 992M->740M(2048M) 0.047ms
[76.832s][info][gc,ergo     ] Free: 1169M, Max: 1024K regular, 917M humongous, Frag: 22% external, 0% internal; Reserve: 103M, Max: 1024K
[76.832s][info][gc,stats    ] 
[76.832s][info][gc,stats    ] All times are wall-clock times, except per-root-class counters, that are sum over
[76.832s][info][gc,stats    ] all workers. Dividing the <total> over the root stage time estimates parallelism.
[76.832s][info][gc,stats    ] 
[76.832s][info][gc,stats    ] Concurrent Reset                    328 us
[76.832s][info][gc,stats    ] Pause Init Mark (G)                 363 us
[76.832s][info][gc,stats    ] Pause Init Mark (N)                 199 us
[76.832s][info][gc,stats    ]   Update Region States               67 us
[76.832s][info][gc,stats    ] Concurrent Mark Roots               439 us, parallelism: 0.80x
[76.832s][info][gc,stats    ]   CMR: <total>                      352 us
[76.832s][info][gc,stats    ]   CMR: Thread Roots                 316 us, workers (us): 316, ---, ---, 
[76.832s][info][gc,stats    ]   CMR: VM Strong Roots                3 us, workers (us):   3, ---, ---, 
[76.832s][info][gc,stats    ]   CMR: CLDG Roots                    34 us, workers (us):  34, ---, ---, 
[76.832s][info][gc,stats    ] Concurrent Marking               327518 us
[76.832s][info][gc,stats    ] Pause Final Mark (G)                356 us
[76.832s][info][gc,stats    ] Pause Final Mark (N)                232 us
[76.832s][info][gc,stats    ]   Finish Mark                        28 us
[76.832s][info][gc,stats    ]   Update Region States               31 us
[76.832s][info][gc,stats    ]   Choose Collection Set             108 us
[76.832s][info][gc,stats    ]   Rebuild Free Set                    9 us
[76.832s][info][gc,stats    ] Concurrent Thread Roots             575 us, parallelism: 0.86x
[76.832s][info][gc,stats    ]   CTR: <total>                      497 us
[76.832s][info][gc,stats    ]   CTR: Thread Roots                 497 us, workers (us): 497, ---, ---, 
[76.832s][info][gc,stats    ] Concurrent Weak References           67 us, parallelism: 0.16x
[76.832s][info][gc,stats    ]   CWRF: <total>                      11 us
[76.832s][info][gc,stats    ]   CWRF: Weak References              11 us, workers (us):  11, ---, ---, 
[76.832s][info][gc,stats    ] Concurrent Weak Roots             15366 us
[76.832s][info][gc,stats    ]   Roots                            1066 us, parallelism: 0.96x
[76.832s][info][gc,stats    ]     CWR: <total>                   1021 us
[76.832s][info][gc,stats    ]     CWR: Code Cache Roots           928 us, workers (us): 928, ---, ---, 
[76.832s][info][gc,stats    ]     CWR: VM Weak Roots               85 us, workers (us):  85, ---, ---, 
[76.832s][info][gc,stats    ]     CWR: CLDG Roots                   9 us, workers (us):   9, ---, ---, 
[76.832s][info][gc,stats    ]   Rendezvous                      14203 us
[76.832s][info][gc,stats    ] Concurrent Cleanup                   47 us
[76.832s][info][gc,stats    ] Concurrent Class Unloading         7623 us
[76.832s][info][gc,stats    ]   Unlink Stale                     4248 us
[76.832s][info][gc,stats    ]     System Dictionary                12 us
[76.832s][info][gc,stats    ]     Weak Class Links                  0 us
[76.832s][info][gc,stats    ]     Code Roots                     4235 us
[76.832s][info][gc,stats    ]   Rendezvous                       3065 us
[76.832s][info][gc,stats    ]   Purge Unlinked                    243 us
[76.832s][info][gc,stats    ]     Code Roots                      237 us
[76.832s][info][gc,stats    ]     CLDG                              6 us
[76.832s][info][gc,stats    ]     Exception Caches                  0 us
[76.832s][info][gc,stats    ] Concurrent Strong Roots             110 us, parallelism: 0.40x
[76.832s][info][gc,stats    ]   CSR: <total>                       44 us
[76.832s][info][gc,stats    ]   CSR: VM Strong Roots                6 us, workers (us):   6, ---, ---, 
[76.832s][info][gc,stats    ]   CSR: CLDG Roots                    38 us, workers (us):  38, ---, ---, 
[76.832s][info][gc,stats    ] Concurrent Evacuation             78028 us
[76.832s][info][gc,stats    ] Pause Init Update Refs (G)         8734 us
[76.832s][info][gc,stats    ] Pause Init Update Refs (N)           86 us
[76.832s][info][gc,stats    ]   Manage GCLABs                       4 us
[76.832s][info][gc,stats    ] Concurrent Update Refs           408200 us
[76.832s][info][gc,stats    ] Concurrent Update Thread Roots      975 us
[76.832s][info][gc,stats    ] Pause Final Update Refs (G)         369 us
[76.832s][info][gc,stats    ] Pause Final Update Refs (N)         262 us
[76.832s][info][gc,stats    ]   Update Region States               93 us
[76.832s][info][gc,stats    ]   Trash Collection Set               15 us
[76.832s][info][gc,stats    ]   Rebuild Free Set                   33 us
[76.832s][info][gc,stats    ] Concurrent Cleanup                   57 us
[76.832s][info][gc,stats    ] 
[76.832s][info][gc,stats    ] Allocation pacing accrued:
[76.832s][info][gc,stats    ]       0 of  1384 ms (  0.0%): <total>
[76.832s][info][gc,stats    ]       0 of  1384 ms (  0.0%): <average total>
[76.833s][info][gc,stats    ] 
[76.833s][info][gc,metaspace] Metaspace: 15966K(16256K)->15966K(16256K) NonClass: 13796K(13952K)->13796K(13952K) Class: 2170K(2304K)->2170K(2304K)
[76.833s][info][gc,ergo     ] Pacer for Idle. Initial: 41943K, Alloc Tax Rate: 1.0x
[76.847s][info][gc          ] Trigger: Explicit GC request (System.gc())
[76.847s][info][gc,ergo     ] Free: 1169M, Max: 1024K regular, 917M humongous, Frag: 22% external, 0% internal; Reserve: 103M, Max: 1024K
[76.847s][info][gc,start    ] GC(103) Concurrent reset
[76.847s][info][gc,task     ] GC(103) Using 1 of 3 workers for concurrent reset
[76.847s][info][gc,ergo     ] GC(103) Pacer for Reset. Non-Taxable: 2048M
[76.850s][info][gc          ] GC(103) Concurrent reset 3.163ms
[76.850s][info][gc,start    ] GC(103) Pause Init Mark (unload classes)
[76.851s][info][gc,task     ] GC(103) Using 3 of 3 workers for init marking
[76.851s][info][gc,ref      ] GC(103) Clearing All SoftReferences
[76.851s][info][gc,ergo     ] GC(103) Pacer for Mark. Expected Live: 117M, Free: 1169M, Non-Taxable: 116M, Alloc Tax Rate: 0.1x
[76.851s][info][gc          ] GC(103) Pause Init Mark (unload classes) 0.256ms
[76.851s][info][gc,start    ] GC(103) Concurrent marking roots
[76.851s][info][gc,task     ] GC(103) Using 1 of 3 workers for concurrent marking roots
[76.852s][info][gc          ] GC(103) Concurrent marking roots 0.861ms
[76.852s][info][gc,start    ] GC(103) Concurrent marking (unload classes)
[76.852s][info][gc,task     ] GC(103) Using 1 of 3 workers for concurrent marking
[76.856s][info][gc          ] GC(103) Concurrent marking (unload classes) 4.564ms
[76.856s][info][gc,start    ] GC(103) Pause Final Mark (unload classes)
[76.856s][info][gc,task     ] GC(103) Using 3 of 3 workers for final marking
[76.857s][info][gc,ergo     ] GC(103) Collectable Garbage: 729M (99%), Immediate: 729M (99%), CSet: 0B (0%)
[76.857s][info][gc          ] GC(103) Pause Final Mark (unload classes) 0.492ms
[76.857s][info][gc,start    ] GC(103) Concurrent weak references
[76.857s][info][gc,task     ] GC(103) Using 1 of 3 workers for concurrent weak references
[76.857s][info][gc,ref      ] GC(103) Encountered references: Soft: 178, Weak: 683, Final: 0, Phantom: 63
[76.857s][info][gc,ref      ] GC(103) Discovered  references: Soft: 127, Weak: 165, Final: 0, Phantom: 61
[76.857s][info][gc,ref      ] GC(103) Enqueued    references: Soft: 48, Weak: 0, Final: 0, Phantom: 0
[76.857s][info][gc          ] GC(103) Concurrent weak references 0.139ms
[76.857s][info][gc,start    ] GC(103) Concurrent weak roots
[76.857s][info][gc,task     ] GC(103) Using 1 of 3 workers for concurrent weak root
[76.858s][info][gc          ] GC(103) Concurrent weak roots 0.944ms
[76.858s][info][gc,start    ] GC(103) Concurrent cleanup
[76.858s][info][gc          ] GC(103) Concurrent cleanup 740M->11M(2048M) 0.058ms
[76.858s][info][gc,ergo     ] GC(103) Free: 1933M, Max: 1024K regular, 1004M humongous, Frag: 49% external, 0% internal; Reserve: 103M, Max: 1024K
[76.858s][info][gc,start    ] GC(103) Concurrent class unloading
[76.858s][info][gc,task     ] GC(103) Using 1 of 3 workers for concurrent class unloading
[76.863s][info][gc          ] GC(103) Concurrent class unloading 4.637ms
[76.863s][info][gc,start    ] GC(103) Pause Final Roots
[76.863s][info][gc          ] GC(103) Pause Final Roots 0.066ms
[76.863s][info][gc,ergo     ] Free: 1933M, Max: 1024K regular, 1004M humongous, Frag: 49% external, 0% internal; Reserve: 103M, Max: 1024K
[76.863s][info][gc,stats    ] 
[76.863s][info][gc,stats    ] All times are wall-clock times, except per-root-class counters, that are sum over
[76.863s][info][gc,stats    ] all workers. Dividing the <total> over the root stage time estimates parallelism.
[76.863s][info][gc,stats    ] 
[76.863s][info][gc,stats    ] Concurrent Reset                   3216 us
[76.863s][info][gc,stats    ] Pause Init Mark (G)                 400 us
[76.863s][info][gc,stats    ] Pause Init Mark (N)                 266 us
[76.863s][info][gc,stats    ]   Update Region States              110 us
[76.863s][info][gc,stats    ] Concurrent Mark Roots               884 us, parallelism: 0.76x
[76.863s][info][gc,stats    ]   CMR: <total>                      676 us
[76.863s][info][gc,stats    ]   CMR: Thread Roots                 580 us, workers (us): 580, ---, ---, 
[76.863s][info][gc,stats    ]   CMR: VM Strong Roots               12 us, workers (us):  12, ---, ---, 
[76.863s][info][gc,stats    ]   CMR: CLDG Roots                    84 us, workers (us):  84, ---, ---, 
[76.863s][info][gc,stats    ] Concurrent Marking                 4627 us
[76.863s][info][gc,stats    ] Pause Final Mark (G)                642 us
[76.863s][info][gc,stats    ] Pause Final Mark (N)                517 us
[76.863s][info][gc,stats    ]   Finish Mark                       161 us
[76.863s][info][gc,stats    ]   Update Region States              124 us
[76.863s][info][gc,stats    ]   Choose Collection Set             103 us
[76.863s][info][gc,stats    ]   Rebuild Free Set                   24 us
[76.863s][info][gc,stats    ] Concurrent Weak References          147 us, parallelism: 0.09x
[76.863s][info][gc,stats    ]   CWRF: <total>                      14 us
[76.863s][info][gc,stats    ]   CWRF: Weak References              14 us, workers (us):  14, ---, ---, 
[76.863s][info][gc,stats    ] Concurrent Weak Roots               978 us
[76.863s][info][gc,stats    ]   Roots                             869 us, parallelism: 0.93x
[76.863s][info][gc,stats    ]     CWR: <total>                    804 us
[76.863s][info][gc,stats    ]     CWR: Code Cache Roots           726 us, workers (us): 726, ---, ---, 
[76.863s][info][gc,stats    ]     CWR: VM Weak Roots               73 us, workers (us):  73, ---, ---, 
[76.863s][info][gc,stats    ]     CWR: CLDG Roots                   5 us, workers (us):   5, ---, ---, 
[76.863s][info][gc,stats    ]   Rendezvous                         58 us
[76.863s][info][gc,stats    ] Concurrent Cleanup                   66 us
[76.863s][info][gc,stats    ] Concurrent Class Unloading         4686 us
[76.863s][info][gc,stats    ]   Unlink Stale                     4038 us
[76.863s][info][gc,stats    ]     System Dictionary                 6 us
[76.863s][info][gc,stats    ]     Weak Class Links                  0 us
[76.863s][info][gc,stats    ]     Code Roots                     4030 us
[76.863s][info][gc,stats    ]   Rendezvous                        197 us
[76.863s][info][gc,stats    ]   Purge Unlinked                    383 us
[76.863s][info][gc,stats    ]     Code Roots                      370 us
[76.863s][info][gc,stats    ]     CLDG                             12 us
[76.863s][info][gc,stats    ]     Exception Caches                  0 us
[76.863s][info][gc,stats    ] Pause Final Roots (G)               174 us
[76.863s][info][gc,stats    ] Pause Final Roots (N)                84 us
[76.863s][info][gc,stats    ] 
[76.863s][info][gc,stats    ] Allocation pacing accrued:
[76.863s][info][gc,stats    ]       0 of    31 ms (  0.0%): <total>
[76.863s][info][gc,stats    ]       0 of    31 ms (  0.0%): <average total>
[76.863s][info][gc,stats    ] 
[76.863s][info][gc,metaspace] Metaspace: 15966K(16256K)->15966K(16256K) NonClass: 13796K(13952K)->13796K(13952K) Class: 2170K(2304K)->2170K(2304K)
[76.863s][info][gc,ergo     ] Pacer for Idle. Initial: 41943K, Alloc Tax Rate: 1.0x
[77.397s][info][gc          ] Trigger: Learning 2 of 5. Free (1420M) is below initial threshold (1433M)
[77.398s][info][gc,ergo     ] Free: 1420M, Max: 1024K regular, 1004M humongous, Frag: 30% external, 0% internal; Reserve: 103M, Max: 1024K
[77.398s][info][gc,start    ] GC(104) Concurrent reset
[77.398s][info][gc,task     ] GC(104) Using 1 of 3 workers for concurrent reset
[77.398s][info][gc,ergo     ] GC(104) Pacer for Reset. Non-Taxable: 2048M
[77.398s][info][gc          ] GC(104) Concurrent reset 0.370ms
[77.398s][info][gc,start    ] GC(104) Pause Init Mark (unload classes)
[77.398s][info][gc,task     ] GC(104) Using 3 of 3 workers for init marking
[77.398s][info][gc,ergo     ] GC(104) Pacer for Mark. Expected Live: 81962K, Free: 1419M, Non-Taxable: 141M, Alloc Tax Rate: 0.1x
[77.398s][info][gc          ] GC(104) Pause Init Mark (unload classes) 0.154ms
[77.398s][info][gc,start    ] GC(104) Concurrent marking roots
[77.398s][info][gc,task     ] GC(104) Using 1 of 3 workers for concurrent marking roots
[77.399s][info][gc          ] GC(104) Concurrent marking roots 0.495ms
[77.399s][info][gc,start    ] GC(104) Concurrent marking (unload classes)
[77.399s][info][gc,task     ] GC(104) Using 1 of 3 workers for concurrent marking
[77.737s][info][gc          ] GC(104) Concurrent marking (unload classes) 337.895ms
[77.737s][info][gc,start    ] GC(104) Pause Final Mark (unload classes)
[77.737s][info][gc,task     ] GC(104) Using 3 of 3 workers for final marking
[77.737s][info][gc,ergo     ] GC(104) Adaptive CSet Selection. Target Free: 290M, Actual Free: 1253M, Max CSet: 87381K, Min Garbage: 0B
[77.737s][info][gc,ergo     ] GC(104) Collectable Garbage: 194M (61%), Immediate: 29349K (9%), CSet: 166M (52%)
[77.737s][info][gc,ergo     ] GC(104) Pacer for Evacuation. Used CSet: 251M, Free: 1163M, Non-Taxable: 116M, Alloc Tax Rate: 1.1x
[77.737s][info][gc          ] GC(104) Pause Final Mark (unload classes) 0.241ms
[77.737s][info][gc,start    ] GC(104) Concurrent thread roots
[77.737s][info][gc,task     ] GC(104) Using 1 of 3 workers for Concurrent thread roots
[77.738s][info][gc          ] GC(104) Concurrent thread roots 0.457ms
[77.738s][info][gc,start    ] GC(104) Concurrent weak references
[77.738s][info][gc,task     ] GC(104) Using 1 of 3 workers for concurrent weak references
[77.738s][info][gc,ref      ] GC(104) Encountered references: Soft: 133, Weak: 684, Final: 0, Phantom: 63
[77.738s][info][gc,ref      ] GC(104) Discovered  references: Soft: 0, Weak: 152, Final: 0, Phantom: 26
[77.738s][info][gc,ref      ] GC(104) Enqueued    references: Soft: 0, Weak: 0, Final: 0, Phantom: 0
[77.738s][info][gc          ] GC(104) Concurrent weak references 0.058ms
[77.738s][info][gc,start    ] GC(104) Concurrent weak roots
[77.738s][info][gc,task     ] GC(104) Using 1 of 3 workers for concurrent weak root
[77.753s][info][gc          ] GC(104) Concurrent weak roots 14.759ms
[77.753s][info][gc,start    ] GC(104) Concurrent cleanup
[77.753s][info][gc          ] GC(104) Concurrent cleanup 800M->771M(2048M) 0.111ms
[77.753s][info][gc,ergo     ] GC(104) Free: 1155M, Max: 1024K regular, 1004M humongous, Frag: 14% external, 0% internal; Reserve: 94208K, Max: 1024K
[77.753s][info][gc,start    ] GC(104) Concurrent class unloading
[77.753s][info][gc,task     ] GC(104) Using 1 of 3 workers for concurrent class unloading
[77.769s][info][gc          ] GC(104) Concurrent class unloading 16.045ms
[77.769s][info][gc,start    ] GC(104) Concurrent strong roots
[77.769s][info][gc,task     ] GC(104) Using 1 of 3 workers for concurrent strong root
[77.769s][info][gc          ] GC(104) Concurrent strong roots 0.079ms
[77.769s][info][gc,start    ] GC(104) Concurrent evacuation
[77.769s][info][gc,task     ] GC(104) Using 1 of 3 workers for concurrent evacuation
[77.846s][info][gc          ] GC(104) Concurrent evacuation 77.114ms
[77.846s][info][gc,start    ] GC(104) Pause Init Update Refs
[77.846s][info][gc,ergo     ] GC(104) Pacer for Update Refs. Used: 928M, Free: 1070M, Non-Taxable: 107M, Alloc Tax Rate: 1.1x
[77.846s][info][gc          ] GC(104) Pause Init Update Refs 0.068ms
[77.847s][info][gc,start    ] GC(104) Concurrent update references
[77.847s][info][gc,task     ] GC(104) Using 1 of 3 workers for concurrent reference update
[78.279s][info][gc          ] GC(104) Concurrent update references 432.808ms
[78.279s][info][gc,start    ] GC(104) Concurrent update thread roots
[78.280s][info][gc          ] GC(104) Concurrent update thread roots 0.437ms
[78.280s][info][gc,start    ] GC(104) Pause Final Update Refs
[78.280s][info][gc,task     ] GC(104) Using 3 of 3 workers for final reference update
[78.280s][info][gc          ] GC(104) Pause Final Update Refs 0.147ms
[78.280s][info][gc,start    ] GC(104) Concurrent cleanup
[78.280s][info][gc          ] GC(104) Concurrent cleanup 991M->740M(2048M) 0.042ms
[78.280s][info][gc,ergo     ] Free: 1169M, Max: 1024K regular, 917M humongous, Frag: 22% external, 0% internal; Reserve: 103M, Max: 1024K
[78.280s][info][gc,stats    ] 
[78.280s][info][gc,stats    ] All times are wall-clock times, except per-root-class counters, that are sum over
[78.280s][info][gc,stats    ] all workers. Dividing the <total> over the root stage time estimates parallelism.
[78.280s][info][gc,stats    ] 
[78.280s][info][gc,stats    ] Concurrent Reset                    440 us
[78.280s][info][gc,stats    ] Pause Init Mark (G)                 343 us
[78.280s][info][gc,stats    ] Pause Init Mark (N)                 170 us
[78.280s][info][gc,stats    ]   Update Region States               69 us
[78.280s][info][gc,stats    ] Concurrent Mark Roots               533 us, parallelism: 0.67x
[78.280s][info][gc,stats    ]   CMR: <total>                      356 us
[78.280s][info][gc,stats    ]   CMR: Thread Roots                 312 us, workers (us): 312, ---, ---, 
[78.280s][info][gc,stats    ]   CMR: VM Strong Roots                5 us, workers (us):   5, ---, ---, 
[78.280s][info][gc,stats    ]   CMR: CLDG Roots                    40 us, workers (us):  40, ---, ---, 
[78.280s][info][gc,stats    ] Concurrent Marking               337964 us
[78.280s][info][gc,stats    ] Pause Final Mark (G)                334 us
[78.280s][info][gc,stats    ] Pause Final Mark (N)                249 us
[78.280s][info][gc,stats    ]   Finish Mark                        46 us
[78.280s][info][gc,stats    ]   Update Region States               30 us
[78.280s][info][gc,stats    ]   Choose Collection Set              93 us
[78.280s][info][gc,stats    ]   Rebuild Free Set                    9 us
[78.280s][info][gc,stats    ] Concurrent Thread Roots             468 us, parallelism: 0.88x
[78.280s][info][gc,stats    ]   CTR: <total>                      409 us
[78.280s][info][gc,stats    ]   CTR: Thread Roots                 409 us, workers (us): 409, ---, ---, 
[78.280s][info][gc,stats    ] Concurrent Weak References           65 us, parallelism: 0.19x
[78.280s][info][gc,stats    ]   CWRF: <total>                      12 us
[78.280s][info][gc,stats    ]   CWRF: Weak References              12 us, workers (us):  12, ---, ---, 
[78.280s][info][gc,stats    ] Concurrent Weak Roots             14832 us
[78.280s][info][gc,stats    ]   Roots                             935 us, parallelism: 0.97x
[78.280s][info][gc,stats    ]     CWR: <total>                    903 us
[78.280s][info][gc,stats    ]     CWR: Code Cache Roots           817 us, workers (us): 817, ---, ---, 
[78.280s][info][gc,stats    ]     CWR: VM Weak Roots               80 us, workers (us):  80, ---, ---, 
[78.280s][info][gc,stats    ]     CWR: CLDG Roots                   7 us, workers (us):   7, ---, ---, 
[78.280s][info][gc,stats    ]   Rendezvous                      13803 us
[78.280s][info][gc,stats    ] Concurrent Cleanup                  125 us
[78.280s][info][gc,stats    ] Concurrent Class Unloading        16095 us
[78.280s][info][gc,stats    ]   Unlink Stale                     4265 us
[78.280s][info][gc,stats    ]     System Dictionary                10 us
[78.280s][info][gc,stats    ]     Weak Class Links                  0 us
[78.280s][info][gc,stats    ]     Code Roots                     4253 us
[78.280s][info][gc,stats    ]   Rendezvous                      11521 us
[78.280s][info][gc,stats    ]   Purge Unlinked                    239 us
[78.280s][info][gc,stats    ]     Code Roots                      232 us
[78.280s][info][gc,stats    ]     CLDG                              6 us
[78.280s][info][gc,stats    ]     Exception Caches                  0 us
[78.280s][info][gc,stats    ] Concurrent Strong Roots              98 us, parallelism: 0.40x
[78.280s][info][gc,stats    ]   CSR: <total>                       39 us
[78.280s][info][gc,stats    ]   CSR: VM Strong Roots                5 us, workers (us):   5, ---, ---, 
[78.280s][info][gc,stats    ]   CSR: CLDG Roots                    34 us, workers (us):  34, ---, ---, 
[78.280s][info][gc,stats    ] Concurrent Evacuation             77185 us
[78.280s][info][gc,stats    ] Pause Init Update Refs (G)          449 us
[78.281s][info][gc,stats    ] Pause Init Update Refs (N)           77 us
[78.281s][info][gc,stats    ]   Manage GCLABs                       4 us
[78.281s][info][gc,stats    ] Concurrent Update Refs           432855 us
[78.281s][info][gc,stats    ] Concurrent Update Thread Roots      457 us
[78.281s][info][gc,stats    ] Pause Final Update Refs (G)         221 us
[78.281s][info][gc,stats    ] Pause Final Update Refs (N)         165 us
[78.281s][info][gc,stats    ]   Update Region States               69 us
[78.281s][info][gc,stats    ]   Trash Collection Set                8 us
[78.281s][info][gc,stats    ]   Rebuild Free Set                   19 us
[78.281s][info][gc,stats    ] Concurrent Cleanup                   51 us
[78.281s][info][gc,stats    ] 
[78.281s][info][gc,stats    ] Allocation pacing accrued:
[78.281s][info][gc,stats    ]       0 of  1417 ms (  0.0%): <total>
[78.281s][info][gc,stats    ]       0 of  1417 ms (  0.0%): <average total>
[78.281s][info][gc,stats    ] 
[78.281s][info][gc,metaspace] Metaspace: 15966K(16256K)->15966K(16256K) NonClass: 13796K(13952K)->13796K(13952K) Class: 2170K(2304K)->2170K(2304K)
[78.281s][info][gc,ergo     ] Pacer for Idle. Initial: 41943K, Alloc Tax Rate: 1.0x
[78.286s][info][gc          ] Trigger: Explicit GC request (System.gc())
[78.286s][info][gc,ergo     ] Free: 1169M, Max: 1024K regular, 917M humongous, Frag: 22% external, 0% internal; Reserve: 103M, Max: 1024K
[78.286s][info][gc,start    ] GC(105) Concurrent reset
[78.286s][info][gc,task     ] GC(105) Using 1 of 3 workers for concurrent reset
[78.286s][info][gc,ergo     ] GC(105) Pacer for Reset. Non-Taxable: 2048M
[78.288s][info][gc          ] GC(105) Concurrent reset 2.022ms
[78.288s][info][gc,start    ] GC(105) Pause Init Mark (unload classes)
[78.288s][info][gc,task     ] GC(105) Using 3 of 3 workers for init marking
[78.288s][info][gc,ref      ] GC(105) Clearing All SoftReferences
[78.288s][info][gc,ergo     ] GC(105) Pacer for Mark. Expected Live: 117M, Free: 1169M, Non-Taxable: 116M, Alloc Tax Rate: 0.1x
[78.288s][info][gc          ] GC(105) Pause Init Mark (unload classes) 0.169ms
[78.288s][info][gc,start    ] GC(105) Concurrent marking roots
[78.288s][info][gc,task     ] GC(105) Using 1 of 3 workers for concurrent marking roots
[78.289s][info][gc          ] GC(105) Concurrent marking roots 0.579ms
[78.289s][info][gc,start    ] GC(105) Concurrent marking (unload classes)
[78.289s][info][gc,task     ] GC(105) Using 1 of 3 workers for concurrent marking
[78.293s][info][gc          ] GC(105) Concurrent marking (unload classes) 4.448ms
[78.293s][info][gc,start    ] GC(105) Pause Final Mark (unload classes)
[78.293s][info][gc,task     ] GC(105) Using 3 of 3 workers for final marking
[78.294s][info][gc,ergo     ] GC(105) Collectable Garbage: 728M (99%), Immediate: 728M (99%), CSet: 0B (0%)
[78.294s][info][gc          ] GC(105) Pause Final Mark (unload classes) 0.456ms
[78.294s][info][gc,start    ] GC(105) Concurrent weak references
[78.294s][info][gc,task     ] GC(105) Using 1 of 3 workers for concurrent weak references
[78.294s][info][gc,ref      ] GC(105) Encountered references: Soft: 178, Weak: 683, Final: 0, Phantom: 63
[78.294s][info][gc,ref      ] GC(105) Discovered  references: Soft: 127, Weak: 165, Final: 0, Phantom: 61
[78.294s][info][gc,ref      ] GC(105) Enqueued    references: Soft: 48, Weak: 0, Final: 0, Phantom: 0
[78.294s][info][gc          ] GC(105) Concurrent weak references 0.092ms
[78.294s][info][gc,start    ] GC(105) Concurrent weak roots
[78.294s][info][gc,task     ] GC(105) Using 1 of 3 workers for concurrent weak root
[78.295s][info][gc          ] GC(105) Concurrent weak roots 0.899ms
[78.295s][info][gc,start    ] GC(105) Concurrent cleanup
[78.295s][info][gc          ] GC(105) Concurrent cleanup 740M->11M(2048M) 0.058ms
[78.295s][info][gc,ergo     ] GC(105) Free: 1933M, Max: 1024K regular, 1004M humongous, Frag: 49% external, 0% internal; Reserve: 103M, Max: 1024K
[78.295s][info][gc,start    ] GC(105) Concurrent class unloading
[78.295s][info][gc,task     ] GC(105) Using 1 of 3 workers for concurrent class unloading
[78.299s][info][gc          ] GC(105) Concurrent class unloading 4.112ms
[78.299s][info][gc,start    ] GC(105) Pause Final Roots
[78.299s][info][gc          ] GC(105) Pause Final Roots 0.068ms
[78.299s][info][gc,ergo     ] Free: 1933M, Max: 1024K regular, 1004M humongous, Frag: 49% external, 0% internal; Reserve: 103M, Max: 1024K
[78.299s][info][gc,stats    ] 
[78.300s][info][gc,stats    ] All times are wall-clock times, except per-root-class counters, that are sum over
[78.300s][info][gc,stats    ] all workers. Dividing the <total> over the root stage time estimates parallelism.
[78.300s][info][gc,stats    ] 
[78.300s][info][gc,stats    ] Concurrent Reset                   2093 us
[78.300s][info][gc,stats    ] Pause Init Mark (G)                 294 us
[78.300s][info][gc,stats    ] Pause Init Mark (N)                 181 us
[78.300s][info][gc,stats    ]   Update Region States               69 us
[78.300s][info][gc,stats    ] Concurrent Mark Roots               598 us, parallelism: 0.75x
[78.300s][info][gc,stats    ]   CMR: <total>                      448 us
[78.300s][info][gc,stats    ]   CMR: Thread Roots                 392 us, workers (us): 392, ---, ---, 
[78.300s][info][gc,stats    ]   CMR: VM Strong Roots                6 us, workers (us):   6, ---, ---, 
[78.300s][info][gc,stats    ]   CMR: CLDG Roots                    50 us, workers (us):  50, ---, ---, 
[78.300s][info][gc,stats    ] Concurrent Marking                 4512 us
[78.300s][info][gc,stats    ] Pause Final Mark (G)                580 us
[78.300s][info][gc,stats    ] Pause Final Mark (N)                482 us
[78.300s][info][gc,stats    ]   Finish Mark                       161 us
[78.300s][info][gc,stats    ]   Update Region States               81 us
[78.300s][info][gc,stats    ]   Choose Collection Set             106 us
[78.300s][info][gc,stats    ]   Rebuild Free Set                   24 us
[78.300s][info][gc,stats    ] Concurrent Weak References          100 us, parallelism: 0.13x
[78.300s][info][gc,stats    ]   CWRF: <total>                      13 us
[78.300s][info][gc,stats    ]   CWRF: Weak References              13 us, workers (us):  13, ---, ---, 
[78.300s][info][gc,stats    ] Concurrent Weak Roots               932 us
[78.300s][info][gc,stats    ]   Roots                             841 us, parallelism: 0.94x
[78.300s][info][gc,stats    ]     CWR: <total>                    791 us
[78.300s][info][gc,stats    ]     CWR: Code Cache Roots           715 us, workers (us): 715, ---, ---, 
[78.300s][info][gc,stats    ]     CWR: VM Weak Roots               71 us, workers (us):  71, ---, ---, 
[78.300s][info][gc,stats    ]     CWR: CLDG Roots                   5 us, workers (us):   5, ---, ---, 
[78.300s][info][gc,stats    ]   Rendezvous                         41 us
[78.300s][info][gc,stats    ] Concurrent Cleanup                   67 us
[78.300s][info][gc,stats    ] Concurrent Class Unloading         4161 us
[78.300s][info][gc,stats    ]   Unlink Stale                     3590 us
[78.300s][info][gc,stats    ]     System Dictionary                 6 us
[78.300s][info][gc,stats    ]     Weak Class Links                  0 us
[78.300s][info][gc,stats    ]     Code Roots                     3583 us
[78.300s][info][gc,stats    ]   Rendezvous                        220 us
[78.300s][info][gc,stats    ]   Purge Unlinked                    284 us
[78.300s][info][gc,stats    ]     Code Roots                      271 us
[78.300s][info][gc,stats    ]     CLDG                             11 us
[78.300s][info][gc,stats    ]     Exception Caches                  0 us
[78.300s][info][gc,stats    ] Pause Final Roots (G)               199 us
[78.300s][info][gc,stats    ] Pause Final Roots (N)                87 us
[78.300s][info][gc,stats    ] 
[78.300s][info][gc,stats    ] Allocation pacing accrued:
[78.300s][info][gc,stats    ]       0 of    19 ms (  0.0%): <total>
[78.300s][info][gc,stats    ]       0 of    19 ms (  0.0%): <average total>
[78.300s][info][gc,stats    ] 
[78.300s][info][gc,metaspace] Metaspace: 15966K(16256K)->15966K(16256K) NonClass: 13796K(13952K)->13796K(13952K) Class: 2170K(2304K)->2170K(2304K)
[78.300s][info][gc,ergo     ] Pacer for Idle. Initial: 41943K, Alloc Tax Rate: 1.0x
[78.820s][info][gc          ] Trigger: Learning 2 of 5. Free (1432M) is below initial threshold (1433M)
[78.820s][info][gc,ergo     ] Free: 1432M, Max: 1024K regular, 1004M humongous, Frag: 30% external, 0% internal; Reserve: 103M, Max: 1024K
[78.820s][info][gc,start    ] GC(106) Concurrent reset
[78.820s][info][gc,task     ] GC(106) Using 1 of 3 workers for concurrent reset
[78.820s][info][gc,ergo     ] GC(106) Pacer for Reset. Non-Taxable: 2048M
[78.820s][info][gc          ] GC(106) Concurrent reset 0.355ms
[78.820s][info][gc,start    ] GC(106) Pause Init Mark (unload classes)
[78.820s][info][gc,task     ] GC(106) Using 3 of 3 workers for init marking
[78.821s][info][gc,ergo     ] GC(106) Pacer for Mark. Expected Live: 81803K, Free: 1423M, Non-Taxable: 142M, Alloc Tax Rate: 0.1x
[78.821s][info][gc          ] GC(106) Pause Init Mark (unload classes) 0.270ms
[78.821s][info][gc,start    ] GC(106) Concurrent marking roots
[78.821s][info][gc,task     ] GC(106) Using 1 of 3 workers for concurrent marking roots
[78.821s][info][gc          ] GC(106) Concurrent marking roots 0.588ms
[78.821s][info][gc,start    ] GC(106) Concurrent marking (unload classes)
[78.821s][info][gc,task     ] GC(106) Using 1 of 3 workers for concurrent marking
[79.147s][info][gc          ] GC(106) Concurrent marking (unload classes) 325.212ms
[79.147s][info][gc,start    ] GC(106) Pause Final Mark (unload classes)
[79.147s][info][gc,task     ] GC(106) Using 3 of 3 workers for final marking
[79.147s][info][gc,ergo     ] GC(106) Adaptive CSet Selection. Target Free: 290M, Actual Free: 1268M, Max CSet: 87381K, Min Garbage: 0B
[79.147s][info][gc,ergo     ] GC(106) Collectable Garbage: 190M (61%), Immediate: 25664K (8%), CSet: 165M (53%)
[79.147s][info][gc,ergo     ] GC(106) Pacer for Evacuation. Used CSet: 251M, Free: 1176M, Non-Taxable: 117M, Alloc Tax Rate: 1.1x
[79.147s][info][gc          ] GC(106) Pause Final Mark (unload classes) 0.252ms
[79.147s][info][gc,start    ] GC(106) Concurrent thread roots
[79.147s][info][gc,task     ] GC(106) Using 1 of 3 workers for Concurrent thread roots
[79.148s][info][gc          ] GC(106) Concurrent thread roots 0.662ms
[79.148s][info][gc,start    ] GC(106) Concurrent weak references
[79.148s][info][gc,task     ] GC(106) Using 1 of 3 workers for concurrent weak references
[79.148s][info][gc,ref      ] GC(106) Encountered references: Soft: 133, Weak: 684, Final: 0, Phantom: 63
[79.148s][info][gc,ref      ] GC(106) Discovered  references: Soft: 0, Weak: 153, Final: 0, Phantom: 26
[79.148s][info][gc,ref      ] GC(106) Enqueued    references: Soft: 0, Weak: 0, Final: 0, Phantom: 0
[79.148s][info][gc          ] GC(106) Concurrent weak references 0.058ms
[79.148s][info][gc,start    ] GC(106) Concurrent weak roots
[79.148s][info][gc,task     ] GC(106) Using 1 of 3 workers for concurrent weak root
[79.162s][info][gc          ] GC(106) Concurrent weak roots 14.518ms
[79.162s][info][gc,start    ] GC(106) Concurrent cleanup
[79.162s][info][gc          ] GC(106) Concurrent cleanup 784M->759M(2048M) 0.047ms
[79.162s][info][gc,ergo     ] GC(106) Free: 1168M, Max: 1024K regular, 1004M humongous, Frag: 15% external, 0% internal; Reserve: 94208K, Max: 1024K
[79.162s][info][gc,start    ] GC(106) Concurrent class unloading
[79.162s][info][gc,task     ] GC(106) Using 1 of 3 workers for concurrent class unloading
[79.179s][info][gc          ] GC(106) Concurrent class unloading 16.540ms
[79.179s][info][gc,start    ] GC(106) Concurrent strong roots
[79.179s][info][gc,task     ] GC(106) Using 1 of 3 workers for concurrent strong root
[79.179s][info][gc          ] GC(106) Concurrent strong roots 0.077ms
[79.179s][info][gc,start    ] GC(106) Concurrent evacuation
[79.179s][info][gc,task     ] GC(106) Using 1 of 3 workers for concurrent evacuation
[79.253s][info][gc          ] GC(106) Concurrent evacuation 73.793ms
[79.253s][info][gc,start    ] GC(106) Pause Init Update Refs
[79.253s][info][gc,ergo     ] GC(106) Pacer for Update Refs. Used: 916M, Free: 1083M, Non-Taxable: 108M, Alloc Tax Rate: 1.1x
[79.253s][info][gc          ] GC(106) Pause Init Update Refs 0.077ms
[79.273s][info][gc,start    ] GC(106) Concurrent update references
[79.273s][info][gc,task     ] GC(106) Using 1 of 3 workers for concurrent reference update
[79.684s][info][gc          ] GC(106) Concurrent update references 411.638ms
[79.684s][info][gc,start    ] GC(106) Concurrent update thread roots
[79.685s][info][gc          ] GC(106) Concurrent update thread roots 0.656ms
[79.685s][info][gc,start    ] GC(106) Pause Final Update Refs
[79.685s][info][gc,task     ] GC(106) Using 3 of 3 workers for final reference update
[79.685s][info][gc          ] GC(106) Pause Final Update Refs 0.142ms
[79.685s][info][gc,start    ] GC(106) Concurrent cleanup
[79.685s][info][gc          ] GC(106) Concurrent cleanup 996M->745M(2048M) 0.077ms
[79.685s][info][gc,ergo     ] Free: 1163M, Max: 1024K regular, 914M humongous, Frag: 22% external, 0% internal; Reserve: 103M, Max: 1024K
[79.685s][info][gc,stats    ] 
[79.685s][info][gc,stats    ] All times are wall-clock times, except per-root-class counters, that are sum over
[79.685s][info][gc,stats    ] all workers. Dividing the <total> over the root stage time estimates parallelism.
[79.685s][info][gc,stats    ] 
[79.685s][info][gc,stats    ] Concurrent Reset                    415 us
[79.685s][info][gc,stats    ] Pause Init Mark (G)                 545 us
[79.685s][info][gc,stats    ] Pause Init Mark (N)                 289 us
[79.685s][info][gc,stats    ]   Update Region States              117 us
[79.685s][info][gc,stats    ] Concurrent Mark Roots               606 us, parallelism: 0.77x
[79.685s][info][gc,stats    ]   CMR: <total>                      467 us
[79.685s][info][gc,stats    ]   CMR: Thread Roots                 411 us, workers (us): 411, ---, ---, 
[79.685s][info][gc,stats    ]   CMR: VM Strong Roots                7 us, workers (us):   7, ---, ---, 
[79.685s][info][gc,stats    ]   CMR: CLDG Roots                    49 us, workers (us):  49, ---, ---, 
[79.685s][info][gc,stats    ] Concurrent Marking               325276 us
[79.685s][info][gc,stats    ] Pause Final Mark (G)                336 us
[79.685s][info][gc,stats    ] Pause Final Mark (N)                261 us
[79.685s][info][gc,stats    ]   Finish Mark                        45 us
[79.685s][info][gc,stats    ]   Update Region States               30 us
[79.685s][info][gc,stats    ]   Choose Collection Set              98 us
[79.685s][info][gc,stats    ]   Rebuild Free Set                    9 us
[79.685s][info][gc,stats    ] Concurrent Thread Roots             674 us, parallelism: 0.93x
[79.685s][info][gc,stats    ]   CTR: <total>                      624 us
[79.685s][info][gc,stats    ]   CTR: Thread Roots                 624 us, workers (us): 624, ---, ---, 
[79.686s][info][gc,stats    ] Concurrent Weak References           65 us, parallelism: 0.18x
[79.686s][info][gc,stats    ]   CWRF: <total>                      12 us
[79.686s][info][gc,stats    ]   CWRF: Weak References              12 us, workers (us):  12, ---, ---, 
[79.686s][info][gc,stats    ] Concurrent Weak Roots             14591 us
[79.686s][info][gc,stats    ]   Roots                             969 us, parallelism: 0.97x
[79.686s][info][gc,stats    ]     CWR: <total>                    937 us
[79.686s][info][gc,stats    ]     CWR: Code Cache Roots           849 us, workers (us): 849, ---, ---, 
[79.686s][info][gc,stats    ]     CWR: VM Weak Roots               82 us, workers (us):  82, ---, ---, 
[79.686s][info][gc,stats    ]     CWR: CLDG Roots                   6 us, workers (us):   6, ---, ---, 
[79.686s][info][gc,stats    ]   Rendezvous                      13528 us
[79.686s][info][gc,stats    ] Concurrent Cleanup                   56 us
[79.686s][info][gc,stats    ] Concurrent Class Unloading        16599 us
[79.686s][info][gc,stats    ]   Unlink Stale                     4749 us
[79.686s][info][gc,stats    ]     System Dictionary                12 us
[79.686s][info][gc,stats    ]     Weak Class Links                  0 us
[79.686s][info][gc,stats    ]     Code Roots                     4734 us
[79.686s][info][gc,stats    ]   Rendezvous                      11518 us
[79.686s][info][gc,stats    ]   Purge Unlinked                    251 us
[79.686s][info][gc,stats    ]     Code Roots                      246 us
[79.686s][info][gc,stats    ]     CLDG                              5 us
[79.686s][info][gc,stats    ]     Exception Caches                  0 us
[79.686s][info][gc,stats    ] Concurrent Strong Roots              85 us, parallelism: 0.46x
[79.686s][info][gc,stats    ]   CSR: <total>                       39 us
[79.686s][info][gc,stats    ]   CSR: VM Strong Roots                5 us, workers (us):   5, ---, ---, 
[79.686s][info][gc,stats    ]   CSR: CLDG Roots                    35 us, workers (us):  35, ---, ---, 
[79.686s][info][gc,stats    ] Concurrent Evacuation             73864 us
[79.686s][info][gc,stats    ] Pause Init Update Refs (G)        19546 us
[79.686s][info][gc,stats    ] Pause Init Update Refs (N)           86 us
[79.686s][info][gc,stats    ]   Manage GCLABs                       4 us
[79.686s][info][gc,stats    ] Concurrent Update Refs           411706 us
[79.686s][info][gc,stats    ] Concurrent Update Thread Roots      693 us
[79.686s][info][gc,stats    ] Pause Final Update Refs (G)         217 us
[79.686s][info][gc,stats    ] Pause Final Update Refs (N)         154 us
[79.686s][info][gc,stats    ]   Update Region States               62 us
[79.686s][info][gc,stats    ]   Trash Collection Set                8 us
[79.686s][info][gc,stats    ]   Rebuild Free Set                   19 us
[79.686s][info][gc,stats    ] Concurrent Cleanup                   97 us
[79.686s][info][gc,stats    ] 
[79.686s][info][gc,stats    ] Allocation pacing accrued:
[79.686s][info][gc,stats    ]       0 of  1386 ms (  0.0%): <total>
[79.686s][info][gc,stats    ]       0 of  1386 ms (  0.0%): <average total>
[79.686s][info][gc,stats    ] 
[79.686s][info][gc,metaspace] Metaspace: 15966K(16256K)->15966K(16256K) NonClass: 13796K(13952K)->13796K(13952K) Class: 2170K(2304K)->2170K(2304K)
[79.686s][info][gc,ergo     ] Pacer for Idle. Initial: 41943K, Alloc Tax Rate: 1.0x
[79.690s][info][gc          ] Trigger: Explicit GC request (System.gc())
[79.690s][info][gc,ergo     ] Free: 1163M, Max: 1024K regular, 914M humongous, Frag: 22% external, 0% internal; Reserve: 103M, Max: 1024K
[79.690s][info][gc,start    ] GC(107) Concurrent reset
[79.691s][info][gc,task     ] GC(107) Using 1 of 3 workers for concurrent reset
[79.691s][info][gc,ergo     ] GC(107) Pacer for Reset. Non-Taxable: 2048M
[79.693s][info][gc          ] GC(107) Concurrent reset 2.395ms
[79.693s][info][gc,start    ] GC(107) Pause Init Mark (unload classes)
[79.693s][info][gc,task     ] GC(107) Using 3 of 3 workers for init marking
[79.693s][info][gc,ref      ] GC(107) Clearing All SoftReferences
[79.693s][info][gc,ergo     ] GC(107) Pacer for Mark. Expected Live: 118M, Free: 1163M, Non-Taxable: 116M, Alloc Tax Rate: 0.1x
[79.693s][info][gc          ] GC(107) Pause Init Mark (unload classes) 0.149ms
[79.693s][info][gc,start    ] GC(107) Concurrent marking roots
[79.693s][info][gc,task     ] GC(107) Using 1 of 3 workers for concurrent marking roots
[79.694s][info][gc          ] GC(107) Concurrent marking roots 0.624ms
[79.694s][info][gc,start    ] GC(107) Concurrent marking (unload classes)
[79.694s][info][gc,task     ] GC(107) Using 1 of 3 workers for concurrent marking
[79.698s][info][gc          ] GC(107) Concurrent marking (unload classes) 4.572ms
[79.699s][info][gc,start    ] GC(107) Pause Final Mark (unload classes)
[79.699s][info][gc,task     ] GC(107) Using 3 of 3 workers for final marking
[79.699s][info][gc,ergo     ] GC(107) Collectable Garbage: 734M (99%), Immediate: 734M (99%), CSet: 0B (0%)
[79.699s][info][gc          ] GC(107) Pause Final Mark (unload classes) 0.465ms
[79.699s][info][gc,start    ] GC(107) Concurrent weak references
[79.699s][info][gc,task     ] GC(107) Using 1 of 3 workers for concurrent weak references
[79.699s][info][gc,ref      ] GC(107) Encountered references: Soft: 178, Weak: 683, Final: 0, Phantom: 63
[79.699s][info][gc,ref      ] GC(107) Discovered  references: Soft: 127, Weak: 165, Final: 0, Phantom: 61
[79.699s][info][gc,ref      ] GC(107) Enqueued    references: Soft: 48, Weak: 0, Final: 0, Phantom: 0
[79.699s][info][gc          ] GC(107) Concurrent weak references 0.179ms
[79.699s][info][gc,start    ] GC(107) Concurrent weak roots
[79.699s][info][gc,task     ] GC(107) Using 1 of 3 workers for concurrent weak root
[79.700s][info][gc          ] GC(107) Concurrent weak roots 0.987ms
[79.700s][info][gc,start    ] GC(107) Concurrent cleanup
[79.700s][info][gc          ] GC(107) Concurrent cleanup 745M->11M(2048M) 0.059ms
[79.700s][info][gc,ergo     ] GC(107) Free: 1933M, Max: 1024K regular, 1001M humongous, Frag: 49% external, 0% internal; Reserve: 103M, Max: 1024K
[79.700s][info][gc,start    ] GC(107) Concurrent class unloading
[79.700s][info][gc,task     ] GC(107) Using 1 of 3 workers for concurrent class unloading
[79.705s][info][gc          ] GC(107) Concurrent class unloading 4.497ms
[79.705s][info][gc,start    ] GC(107) Pause Final Roots
[79.705s][info][gc          ] GC(107) Pause Final Roots 0.065ms
[79.705s][info][gc,ergo     ] Free: 1933M, Max: 1024K regular, 1001M humongous, Frag: 49% external, 0% internal; Reserve: 103M, Max: 1024K
[79.705s][info][gc,stats    ] 
[79.705s][info][gc,stats    ] All times are wall-clock times, except per-root-class counters, that are sum over
[79.705s][info][gc,stats    ] all workers. Dividing the <total> over the root stage time estimates parallelism.
[79.705s][info][gc,stats    ] 
[79.705s][info][gc,stats    ] Concurrent Reset                   2432 us
[79.705s][info][gc,stats    ] Pause Init Mark (G)                 246 us
[79.705s][info][gc,stats    ] Pause Init Mark (N)                 158 us
[79.705s][info][gc,stats    ]   Update Region States               68 us
[79.705s][info][gc,stats    ] Concurrent Mark Roots               648 us, parallelism: 0.78x
[79.705s][info][gc,stats    ]   CMR: <total>                      506 us
[79.705s][info][gc,stats    ]   CMR: Thread Roots                 464 us, workers (us): 464, ---, ---, 
[79.705s][info][gc,stats    ]   CMR: VM Strong Roots                4 us, workers (us):   4, ---, ---, 
[79.705s][info][gc,stats    ]   CMR: CLDG Roots                    38 us, workers (us):  38, ---, ---, 
[79.705s][info][gc,stats    ] Concurrent Marking                 4634 us
[79.706s][info][gc,stats    ] Pause Final Mark (G)                613 us
[79.706s][info][gc,stats    ] Pause Final Mark (N)                489 us
[79.706s][info][gc,stats    ]   Finish Mark                       164 us
[79.706s][info][gc,stats    ]   Update Region States               92 us
[79.706s][info][gc,stats    ]   Choose Collection Set             103 us
[79.706s][info][gc,stats    ]   Rebuild Free Set                   24 us
[79.706s][info][gc,stats    ] Concurrent Weak References          195 us, parallelism: 0.07x
[79.706s][info][gc,stats    ]   CWRF: <total>                      15 us
[79.706s][info][gc,stats    ]   CWRF: Weak References              15 us, workers (us):  15, ---, ---, 
[79.706s][info][gc,stats    ] Concurrent Weak Roots              1021 us
[79.706s][info][gc,stats    ]   Roots                             871 us, parallelism: 0.92x
[79.706s][info][gc,stats    ]     CWR: <total>                    802 us
[79.706s][info][gc,stats    ]     CWR: Code Cache Roots           716 us, workers (us): 716, ---, ---, 
[79.706s][info][gc,stats    ]     CWR: VM Weak Roots               79 us, workers (us):  79, ---, ---, 
[79.706s][info][gc,stats    ]     CWR: CLDG Roots                   7 us, workers (us):   7, ---, ---, 
[79.706s][info][gc,stats    ]   Rendezvous                         83 us
[79.706s][info][gc,stats    ] Concurrent Cleanup                   68 us
[79.706s][info][gc,stats    ] Concurrent Class Unloading         4546 us
[79.706s][info][gc,stats    ]   Unlink Stale                     3998 us
[79.706s][info][gc,stats    ]     System Dictionary                 7 us
[79.706s][info][gc,stats    ]     Weak Class Links                  0 us
[79.706s][info][gc,stats    ]     Code Roots                     3990 us
[79.706s][info][gc,stats    ]   Rendezvous                        155 us
[79.706s][info][gc,stats    ]   Purge Unlinked                    326 us
[79.706s][info][gc,stats    ]     Code Roots                      313 us
[79.706s][info][gc,stats    ]     CLDG                             12 us
[79.706s][info][gc,stats    ]     Exception Caches                  0 us
[79.706s][info][gc,stats    ] Pause Final Roots (G)               274 us
[79.706s][info][gc,stats    ] Pause Final Roots (N)                84 us
[79.706s][info][gc,stats    ] 
[79.706s][info][gc,stats    ] Allocation pacing accrued:
[79.706s][info][gc,stats    ]       0 of    20 ms (  0.0%): <total>
[79.706s][info][gc,stats    ]       0 of    20 ms (  0.0%): <average total>
[79.706s][info][gc,stats    ] 
[79.706s][info][gc,metaspace] Metaspace: 15966K(16256K)->15966K(16256K) NonClass: 13796K(13952K)->13796K(13952K) Class: 2170K(2304K)->2170K(2304K)
[79.706s][info][gc,ergo     ] Pacer for Idle. Initial: 41943K, Alloc Tax Rate: 1.0x
[80.240s][info][gc          ] Trigger: Learning 2 of 5. Free (1412M) is below initial threshold (1433M)
[80.241s][info][gc,ergo     ] Free: 1412M, Max: 1024K regular, 1001M humongous, Frag: 30% external, 0% internal; Reserve: 103M, Max: 1024K
[80.241s][info][gc,start    ] GC(108) Concurrent reset
[80.241s][info][gc,task     ] GC(108) Using 1 of 3 workers for concurrent reset
[80.241s][info][gc,ergo     ] GC(108) Pacer for Reset. Non-Taxable: 2048M
[80.241s][info][gc          ] GC(108) Concurrent reset 0.403ms
[80.241s][info][gc,start    ] GC(108) Pause Init Mark (unload classes)
[80.241s][info][gc,task     ] GC(108) Using 3 of 3 workers for init marking
[80.241s][info][gc,ergo     ] GC(108) Pacer for Mark. Expected Live: 82004K, Free: 1412M, Non-Taxable: 141M, Alloc Tax Rate: 0.1x
[80.241s][info][gc          ] GC(108) Pause Init Mark (unload classes) 0.245ms
[80.241s][info][gc,start    ] GC(108) Concurrent marking roots
[80.242s][info][gc,task     ] GC(108) Using 1 of 3 workers for concurrent marking roots
[80.242s][info][gc          ] GC(108) Concurrent marking roots 0.438ms
[80.242s][info][gc,start    ] GC(108) Concurrent marking (unload classes)
[80.242s][info][gc,task     ] GC(108) Using 1 of 3 workers for concurrent marking
[80.580s][info][gc          ] GC(108) Concurrent marking (unload classes) 337.677ms
[80.580s][info][gc,start    ] GC(108) Pause Final Mark (unload classes)
[80.580s][info][gc,task     ] GC(108) Using 3 of 3 workers for final marking
[80.580s][info][gc,ergo     ] GC(108) Adaptive CSet Selection. Target Free: 290M, Actual Free: 1241M, Max CSet: 87381K, Min Garbage: 0B
[80.580s][info][gc,ergo     ] GC(108) Collectable Garbage: 195M (60%), Immediate: 29355K (8%), CSet: 166M (51%)
[80.580s][info][gc,ergo     ] GC(108) Pacer for Evacuation. Used CSet: 252M, Free: 1150M, Non-Taxable: 115M, Alloc Tax Rate: 1.1x
[80.580s][info][gc          ] GC(108) Pause Final Mark (unload classes) 0.242ms
[80.586s][info][gc,start    ] GC(108) Concurrent thread roots
[80.586s][info][gc,task     ] GC(108) Using 1 of 3 workers for Concurrent thread roots
[80.587s][info][gc          ] GC(108) Concurrent thread roots 0.573ms
[80.587s][info][gc,start    ] GC(108) Concurrent weak references
[80.587s][info][gc,task     ] GC(108) Using 1 of 3 workers for concurrent weak references
[80.587s][info][gc,ref      ] GC(108) Encountered references: Soft: 133, Weak: 684, Final: 0, Phantom: 63
[80.587s][info][gc,ref      ] GC(108) Discovered  references: Soft: 0, Weak: 152, Final: 0, Phantom: 26
[80.587s][info][gc,ref      ] GC(108) Enqueued    references: Soft: 0, Weak: 0, Final: 0, Phantom: 0
[80.587s][info][gc          ] GC(108) Concurrent weak references 0.083ms
[80.587s][info][gc,start    ] GC(108) Concurrent weak roots
[80.587s][info][gc,task     ] GC(108) Using 1 of 3 workers for concurrent weak root
[80.589s][info][gc          ] GC(108) Concurrent weak roots 2.380ms
[80.589s][info][gc,start    ] GC(108) Concurrent cleanup
[80.589s][info][gc          ] GC(108) Concurrent cleanup 805M->776M(2048M) 0.036ms
[80.589s][info][gc,ergo     ] GC(108) Free: 1145M, Max: 1024K regular, 1004M humongous, Frag: 13% external, 0% internal; Reserve: 99201K, Max: 1024K
[80.589s][info][gc,start    ] GC(108) Concurrent class unloading
[80.589s][info][gc,task     ] GC(108) Using 1 of 3 workers for concurrent class unloading
[80.601s][info][gc          ] GC(108) Concurrent class unloading 11.337ms
[80.601s][info][gc,start    ] GC(108) Concurrent strong roots
[80.601s][info][gc,task     ] GC(108) Using 1 of 3 workers for concurrent strong root
[80.601s][info][gc          ] GC(108) Concurrent strong roots 0.094ms
[80.601s][info][gc,start    ] GC(108) Concurrent evacuation
[80.601s][info][gc,task     ] GC(108) Using 1 of 3 workers for concurrent evacuation
[80.682s][info][gc          ] GC(108) Concurrent evacuation 81.703ms
[80.683s][info][gc,start    ] GC(108) Pause Init Update Refs
[80.683s][info][gc,ergo     ] GC(108) Pacer for Update Refs. Used: 935M, Free: 1063M, Non-Taxable: 106M, Alloc Tax Rate: 1.1x
[80.683s][info][gc          ] GC(108) Pause Init Update Refs 0.034ms
[80.690s][info][gc,start    ] GC(108) Concurrent update references
[80.690s][info][gc,task     ] GC(108) Using 1 of 3 workers for concurrent reference update
[81.128s][info][gc          ] GC(108) Concurrent update references 438.494ms
[81.128s][info][gc,start    ] GC(108) Concurrent update thread roots
[81.129s][info][gc          ] GC(108) Concurrent update thread roots 0.499ms
[81.129s][info][gc,start    ] GC(108) Pause Final Update Refs
[81.129s][info][gc,task     ] GC(108) Using 3 of 3 workers for final reference update
[81.129s][info][gc          ] GC(108) Pause Final Update Refs 0.351ms
[81.129s][info][gc,start    ] GC(108) Concurrent cleanup
[81.129s][info][gc          ] GC(108) Concurrent cleanup 992M->740M(2048M) 0.104ms
[81.129s][info][gc,ergo     ] Free: 1170M, Max: 1024K regular, 921M humongous, Frag: 22% external, 0% internal; Reserve: 103M, Max: 1024K
[81.129s][info][gc,stats    ] 
[81.129s][info][gc,stats    ] All times are wall-clock times, except per-root-class counters, that are sum over
[81.129s][info][gc,stats    ] all workers. Dividing the <total> over the root stage time estimates parallelism.
[81.129s][info][gc,stats    ] 
[81.129s][info][gc,stats    ] Concurrent Reset                    460 us
[81.129s][info][gc,stats    ] Pause Init Mark (G)                 461 us
[81.129s][info][gc,stats    ] Pause Init Mark (N)                 263 us
[81.129s][info][gc,stats    ]   Update Region States              108 us
[81.129s][info][gc,stats    ] Concurrent Mark Roots               456 us, parallelism: 0.76x
[81.129s][info][gc,stats    ]   CMR: <total>                      347 us
[81.129s][info][gc,stats    ]   CMR: Thread Roots                 308 us, workers (us): 308, ---, ---, 
[81.129s][info][gc,stats    ]   CMR: VM Strong Roots                4 us, workers (us):   4, ---, ---, 
[81.129s][info][gc,stats    ]   CMR: CLDG Roots                    34 us, workers (us):  34, ---, ---, 
[81.129s][info][gc,stats    ] Concurrent Marking               337749 us
[81.129s][info][gc,stats    ] Pause Final Mark (G)               6353 us
[81.129s][info][gc,stats    ] Pause Final Mark (N)                251 us
[81.129s][info][gc,stats    ]   Finish Mark                        50 us
[81.129s][info][gc,stats    ]   Update Region States               32 us
[81.129s][info][gc,stats    ]   Choose Collection Set              87 us
[81.129s][info][gc,stats    ]   Rebuild Free Set                    9 us
[81.129s][info][gc,stats    ] Concurrent Thread Roots             609 us, parallelism: 0.78x
[81.129s][info][gc,stats    ]   CTR: <total>                      473 us
[81.129s][info][gc,stats    ]   CTR: Thread Roots                 473 us, workers (us): 473, ---, ---, 
[81.129s][info][gc,stats    ] Concurrent Weak References           91 us, parallelism: 0.16x
[81.129s][info][gc,stats    ]   CWRF: <total>                      15 us
[81.129s][info][gc,stats    ]   CWRF: Weak References              15 us, workers (us):  15, ---, ---, 
[81.129s][info][gc,stats    ] Concurrent Weak Roots              2442 us
[81.129s][info][gc,stats    ]   Roots                            1165 us, parallelism: 0.95x
[81.130s][info][gc,stats    ]     CWR: <total>                   1112 us
[81.130s][info][gc,stats    ]     CWR: Code Cache Roots          1014 us, workers (us): 1014, ---, ---, 
[81.130s][info][gc,stats    ]     CWR: VM Weak Roots               90 us, workers (us):  90, ---, ---, 
[81.130s][info][gc,stats    ]     CWR: CLDG Roots                   7 us, workers (us):   7, ---, ---, 
[81.130s][info][gc,stats    ]   Rendezvous                       1196 us
[81.130s][info][gc,stats    ] Concurrent Cleanup                   45 us
[81.130s][info][gc,stats    ] Concurrent Class Unloading        11392 us
[81.130s][info][gc,stats    ]   Unlink Stale                     4363 us
[81.130s][info][gc,stats    ]     System Dictionary                 9 us
[81.130s][info][gc,stats    ]     Weak Class Links                  0 us
[81.130s][info][gc,stats    ]     Code Roots                     4352 us
[81.130s][info][gc,stats    ]   Rendezvous                       6681 us
[81.130s][info][gc,stats    ]   Purge Unlinked                    273 us
[81.130s][info][gc,stats    ]     Code Roots                      267 us
[81.130s][info][gc,stats    ]     CLDG                              5 us
[81.130s][info][gc,stats    ]     Exception Caches                  0 us
[81.130s][info][gc,stats    ] Concurrent Strong Roots             101 us, parallelism: 0.43x
[81.130s][info][gc,stats    ]   CSR: <total>                       43 us
[81.130s][info][gc,stats    ]   CSR: VM Strong Roots                4 us, workers (us):   4, ---, ---, 
[81.130s][info][gc,stats    ]   CSR: CLDG Roots                    40 us, workers (us):  40, ---, ---, 
[81.130s][info][gc,stats    ] Concurrent Evacuation             81777 us
[81.130s][info][gc,stats    ] Pause Init Update Refs (G)         7009 us
[81.130s][info][gc,stats    ] Pause Init Update Refs (N)           43 us
[81.130s][info][gc,stats    ]   Manage GCLABs                       6 us
[81.130s][info][gc,stats    ] Concurrent Update Refs           438574 us
[81.130s][info][gc,stats    ] Concurrent Update Thread Roots      549 us
[81.130s][info][gc,stats    ] Pause Final Update Refs (G)         439 us
[81.130s][info][gc,stats    ] Pause Final Update Refs (N)         362 us
[81.130s][info][gc,stats    ]   Update Region States              251 us
[81.130s][info][gc,stats    ]   Trash Collection Set                5 us
[81.130s][info][gc,stats    ]   Rebuild Free Set                   20 us
[81.130s][info][gc,stats    ] Concurrent Cleanup                  130 us
[81.130s][info][gc,stats    ] 
[81.130s][info][gc,stats    ] Allocation pacing accrued:
[81.130s][info][gc,stats    ]       0 of  1424 ms (  0.0%): <total>
[81.130s][info][gc,stats    ]       0 of  1424 ms (  0.0%): <average total>
[81.130s][info][gc,stats    ] 
[81.130s][info][gc,metaspace] Metaspace: 15966K(16256K)->15966K(16256K) NonClass: 13796K(13952K)->13796K(13952K) Class: 2170K(2304K)->2170K(2304K)
[81.130s][info][gc,ergo     ] Pacer for Idle. Initial: 41943K, Alloc Tax Rate: 1.0x
[81.135s][info][gc          ] Trigger: Explicit GC request (System.gc())
[81.135s][info][gc,ergo     ] Free: 1170M, Max: 1024K regular, 921M humongous, Frag: 22% external, 0% internal; Reserve: 103M, Max: 1024K
[81.135s][info][gc,start    ] GC(109) Concurrent reset
[81.135s][info][gc,task     ] GC(109) Using 1 of 3 workers for concurrent reset
[81.135s][info][gc,ergo     ] GC(109) Pacer for Reset. Non-Taxable: 2048M
[81.137s][info][gc          ] GC(109) Concurrent reset 2.421ms
[81.137s][info][gc,start    ] GC(109) Pause Init Mark (unload classes)
[81.137s][info][gc,task     ] GC(109) Using 3 of 3 workers for init marking
[81.137s][info][gc,ref      ] GC(109) Clearing All SoftReferences
[81.137s][info][gc,ergo     ] GC(109) Pacer for Mark. Expected Live: 118M, Free: 1170M, Non-Taxable: 117M, Alloc Tax Rate: 0.1x
[81.137s][info][gc          ] GC(109) Pause Init Mark (unload classes) 0.131ms
[81.137s][info][gc,start    ] GC(109) Concurrent marking roots
[81.137s][info][gc,task     ] GC(109) Using 1 of 3 workers for concurrent marking roots
[81.138s][info][gc          ] GC(109) Concurrent marking roots 0.955ms
[81.138s][info][gc,start    ] GC(109) Concurrent marking (unload classes)
[81.138s][info][gc,task     ] GC(109) Using 1 of 3 workers for concurrent marking
[81.143s][info][gc          ] GC(109) Concurrent marking (unload classes) 4.226ms
[81.143s][info][gc,start    ] GC(109) Pause Final Mark (unload classes)
[81.143s][info][gc,task     ] GC(109) Using 3 of 3 workers for final marking
[81.143s][info][gc,ergo     ] GC(109) Collectable Garbage: 728M (98%), Immediate: 728M (98%), CSet: 0B (0%)
[81.143s][info][gc          ] GC(109) Pause Final Mark (unload classes) 0.326ms
[81.143s][info][gc,start    ] GC(109) Concurrent weak references
[81.143s][info][gc,task     ] GC(109) Using 1 of 3 workers for concurrent weak references
[81.143s][info][gc,ref      ] GC(109) Encountered references: Soft: 178, Weak: 683, Final: 0, Phantom: 63
[81.143s][info][gc,ref      ] GC(109) Discovered  references: Soft: 127, Weak: 165, Final: 0, Phantom: 61
[81.143s][info][gc,ref      ] GC(109) Enqueued    references: Soft: 48, Weak: 0, Final: 0, Phantom: 0
[81.143s][info][gc          ] GC(109) Concurrent weak references 0.152ms
[81.143s][info][gc,start    ] GC(109) Concurrent weak roots
[81.143s][info][gc,task     ] GC(109) Using 1 of 3 workers for concurrent weak root
[81.144s][info][gc          ] GC(109) Concurrent weak roots 1.085ms
[81.144s][info][gc,start    ] GC(109) Concurrent cleanup
[81.144s][info][gc          ] GC(109) Concurrent cleanup 740M->12M(2048M) 0.057ms
[81.144s][info][gc,ergo     ] GC(109) Free: 1933M, Max: 1024K regular, 1007M humongous, Frag: 48% external, 0% internal; Reserve: 103M, Max: 1024K
[81.144s][info][gc,start    ] GC(109) Concurrent class unloading
[81.144s][info][gc,task     ] GC(109) Using 1 of 3 workers for concurrent class unloading
[81.149s][info][gc          ] GC(109) Concurrent class unloading 4.221ms
[81.149s][info][gc,start    ] GC(109) Pause Final Roots
[81.149s][info][gc          ] GC(109) Pause Final Roots 0.034ms
[81.149s][info][gc,ergo     ] Free: 1933M, Max: 1024K regular, 1007M humongous, Frag: 48% external, 0% internal; Reserve: 103M, Max: 1024K
[81.149s][info][gc,stats    ] 
[81.149s][info][gc,stats    ] All times are wall-clock times, except per-root-class counters, that are sum over
[81.149s][info][gc,stats    ] all workers. Dividing the <total> over the root stage time estimates parallelism.
[81.149s][info][gc,stats    ] 
[81.149s][info][gc,stats    ] Concurrent Reset                   2458 us
[81.149s][info][gc,stats    ] Pause Init Mark (G)                 226 us
[81.149s][info][gc,stats    ] Pause Init Mark (N)                 140 us
[81.149s][info][gc,stats    ]   Update Region States               52 us
[81.149s][info][gc,stats    ] Concurrent Mark Roots               979 us, parallelism: 0.80x
[81.149s][info][gc,stats    ]   CMR: <total>                      781 us
[81.149s][info][gc,stats    ]   CMR: Thread Roots                 691 us, workers (us): 691, ---, ---, 
[81.149s][info][gc,stats    ]   CMR: VM Strong Roots                8 us, workers (us):   8, ---, ---, 
[81.149s][info][gc,stats    ]   CMR: CLDG Roots                    82 us, workers (us):  82, ---, ---, 
[81.149s][info][gc,stats    ] Concurrent Marking                 4291 us
[81.149s][info][gc,stats    ] Pause Final Mark (G)                419 us
[81.149s][info][gc,stats    ] Pause Final Mark (N)                347 us
[81.149s][info][gc,stats    ]   Finish Mark                       115 us
[81.149s][info][gc,stats    ]   Update Region States               54 us
[81.149s][info][gc,stats    ]   Choose Collection Set              79 us
[81.149s][info][gc,stats    ]   Rebuild Free Set                   24 us
[81.149s][info][gc,stats    ] Concurrent Weak References          160 us, parallelism: 0.08x
[81.149s][info][gc,stats    ]   CWRF: <total>                      13 us
[81.149s][info][gc,stats    ]   CWRF: Weak References              13 us, workers (us):  13, ---, ---, 
[81.149s][info][gc,stats    ] Concurrent Weak Roots              1106 us
[81.149s][info][gc,stats    ]   Roots                            1014 us, parallelism: 0.93x
[81.149s][info][gc,stats    ]     CWR: <total>                    945 us
[81.149s][info][gc,stats    ]     CWR: Code Cache Roots           859 us, workers (us): 859, ---, ---, 
[81.149s][info][gc,stats    ]     CWR: VM Weak Roots               80 us, workers (us):  80, ---, ---, 
[81.149s][info][gc,stats    ]     CWR: CLDG Roots                   6 us, workers (us):   6, ---, ---, 
[81.149s][info][gc,stats    ]   Rendezvous                         48 us
[81.149s][info][gc,stats    ] Concurrent Cleanup                   65 us
[81.149s][info][gc,stats    ] Concurrent Class Unloading         4285 us
[81.149s][info][gc,stats    ]   Unlink Stale                     3963 us
[81.149s][info][gc,stats    ]     System Dictionary                 5 us
[81.149s][info][gc,stats    ]     Weak Class Links                  0 us
[81.149s][info][gc,stats    ]     Code Roots                     3956 us
[81.149s][info][gc,stats    ]   Rendezvous                         50 us
[81.149s][info][gc,stats    ]   Purge Unlinked                    188 us
[81.149s][info][gc,stats    ]     Code Roots                      179 us
[81.149s][info][gc,stats    ]     CLDG                              9 us
[81.149s][info][gc,stats    ]     Exception Caches                  0 us
[81.149s][info][gc,stats    ] Pause Final Roots (G)               131 us
[81.149s][info][gc,stats    ] Pause Final Roots (N)                54 us
[81.149s][info][gc,stats    ] 
[81.149s][info][gc,stats    ] Allocation pacing accrued:
[81.149s][info][gc,stats    ]       0 of    20 ms (  0.0%): <total>
[81.149s][info][gc,stats    ]       0 of    20 ms (  0.0%): <average total>
[81.149s][info][gc,stats    ] 
[81.149s][info][gc,metaspace] Metaspace: 15966K(16256K)->15966K(16256K) NonClass: 13796K(13952K)->13796K(13952K) Class: 2170K(2304K)->2170K(2304K)
[81.149s][info][gc,ergo     ] Pacer for Idle. Initial: 41943K, Alloc Tax Rate: 1.0x
[81.684s][info][gc          ] Trigger: Learning 2 of 5. Free (1421M) is below initial threshold (1433M)
[81.684s][info][gc,ergo     ] Free: 1421M, Max: 1024K regular, 1007M humongous, Frag: 30% external, 0% internal; Reserve: 103M, Max: 1024K
[81.684s][info][gc,start    ] GC(110) Concurrent reset
[81.684s][info][gc,task     ] GC(110) Using 1 of 3 workers for concurrent reset
[81.684s][info][gc,ergo     ] GC(110) Pacer for Reset. Non-Taxable: 2048M
[81.685s][info][gc          ] GC(110) Concurrent reset 0.333ms
[81.685s][info][gc,start    ] GC(110) Pause Init Mark (unload classes)
[81.685s][info][gc,task     ] GC(110) Using 3 of 3 workers for init marking
[81.685s][info][gc,ergo     ] GC(110) Pacer for Mark. Expected Live: 82548K, Free: 1420M, Non-Taxable: 142M, Alloc Tax Rate: 0.1x
[81.685s][info][gc          ] GC(110) Pause Init Mark (unload classes) 0.271ms
[81.685s][info][gc,start    ] GC(110) Concurrent marking roots
[81.685s][info][gc,task     ] GC(110) Using 1 of 3 workers for concurrent marking roots
[81.686s][info][gc          ] GC(110) Concurrent marking roots 0.754ms
[81.686s][info][gc,start    ] GC(110) Concurrent marking (unload classes)
[81.686s][info][gc,task     ] GC(110) Using 1 of 3 workers for concurrent marking
[82.024s][info][gc          ] GC(110) Concurrent marking (unload classes) 337.654ms
[82.024s][info][gc,start    ] GC(110) Pause Final Mark (unload classes)
[82.024s][info][gc,task     ] GC(110) Using 3 of 3 workers for final marking
[82.024s][info][gc,ergo     ] GC(110) Adaptive CSet Selection. Target Free: 290M, Actual Free: 1258M, Max CSet: 87381K, Min Garbage: 0B
[82.024s][info][gc,ergo     ] GC(110) Collectable Garbage: 196M (62%), Immediate: 29760K (9%), CSet: 167M (52%)
[82.024s][info][gc,ergo     ] GC(110) Pacer for Evacuation. Used CSet: 253M, Free: 1167M, Non-Taxable: 116M, Alloc Tax Rate: 1.1x
[82.024s][info][gc          ] GC(110) Pause Final Mark (unload classes) 0.239ms
[82.024s][info][gc,start    ] GC(110) Concurrent thread roots
[82.024s][info][gc,task     ] GC(110) Using 1 of 3 workers for Concurrent thread roots
[82.025s][info][gc          ] GC(110) Concurrent thread roots 0.550ms
[82.025s][info][gc,start    ] GC(110) Concurrent weak references
[82.025s][info][gc,task     ] GC(110) Using 1 of 3 workers for concurrent weak references
[82.025s][info][gc,ref      ] GC(110) Encountered references: Soft: 133, Weak: 684, Final: 0, Phantom: 63
[82.025s][info][gc,ref      ] GC(110) Discovered  references: Soft: 0, Weak: 152, Final: 0, Phantom: 26
[82.025s][info][gc,ref      ] GC(110) Enqueued    references: Soft: 0, Weak: 0, Final: 0, Phantom: 0
[82.025s][info][gc          ] GC(110) Concurrent weak references 0.058ms
[82.025s][info][gc,start    ] GC(110) Concurrent weak roots
[82.025s][info][gc,task     ] GC(110) Using 1 of 3 workers for concurrent weak root
[82.039s][info][gc          ] GC(110) Concurrent weak roots 14.633ms
[82.039s][info][gc,start    ] GC(110) Concurrent cleanup
[82.039s][info][gc          ] GC(110) Concurrent cleanup 798M->769M(2048M) 0.039ms
[82.039s][info][gc,ergo     ] GC(110) Free: 1158M, Max: 1024K regular, 1119M humongous, Frag: 4% external, 0% internal; Reserve: 96256K, Max: 1024K
[82.039s][info][gc,start    ] GC(110) Concurrent class unloading
[82.039s][info][gc,task     ] GC(110) Using 1 of 3 workers for concurrent class unloading
[82.055s][info][gc          ] GC(110) Concurrent class unloading 15.892ms
[82.055s][info][gc,start    ] GC(110) Concurrent strong roots
[82.055s][info][gc,task     ] GC(110) Using 1 of 3 workers for concurrent strong root
[82.055s][info][gc          ] GC(110) Concurrent strong roots 0.094ms
[82.055s][info][gc,start    ] GC(110) Concurrent evacuation
[82.055s][info][gc,task     ] GC(110) Using 1 of 3 workers for concurrent evacuation
[82.134s][info][gc          ] GC(110) Concurrent evacuation 78.044ms
[82.134s][info][gc,start    ] GC(110) Pause Init Update Refs
[82.134s][info][gc,ergo     ] GC(110) Pacer for Update Refs. Used: 921M, Free: 1076M, Non-Taxable: 107M, Alloc Tax Rate: 1.1x
[82.134s][info][gc          ] GC(110) Pause Init Update Refs 0.063ms
[82.149s][info][gc,start    ] GC(110) Concurrent update references
[82.149s][info][gc,task     ] GC(110) Using 1 of 3 workers for concurrent reference update
[82.573s][info][gc          ] GC(110) Concurrent update references 424.368ms
[82.574s][info][gc,start    ] GC(110) Concurrent update thread roots
[82.574s][info][gc          ] GC(110) Concurrent update thread roots 0.797ms
[82.574s][info][gc,start    ] GC(110) Pause Final Update Refs
[82.574s][info][gc,task     ] GC(110) Using 3 of 3 workers for final reference update
[82.575s][info][gc          ] GC(110) Pause Final Update Refs 0.213ms
[82.575s][info][gc,start    ] GC(110) Concurrent cleanup
[82.575s][info][gc          ] GC(110) Concurrent cleanup 990M->737M(2048M) 0.041ms
[82.575s][info][gc,ergo     ] Free: 1172M, Max: 1024K regular, 922M humongous, Frag: 22% external, 0% internal; Reserve: 103M, Max: 1024K
[82.575s][info][gc,stats    ] 
[82.575s][info][gc,stats    ] All times are wall-clock times, except per-root-class counters, that are sum over
[82.575s][info][gc,stats    ] all workers. Dividing the <total> over the root stage time estimates parallelism.
[82.575s][info][gc,stats    ] 
[82.575s][info][gc,stats    ] Concurrent Reset                    353 us
[82.575s][info][gc,stats    ] Pause Init Mark (G)                 424 us
[82.575s][info][gc,stats    ] Pause Init Mark (N)                 294 us
[82.575s][info][gc,stats    ]   Update Region States              121 us
[82.575s][info][gc,stats    ] Concurrent Mark Roots               773 us, parallelism: 0.86x
[82.575s][info][gc,stats    ]   CMR: <total>                      664 us
[82.575s][info][gc,stats    ]   CMR: Thread Roots                 625 us, workers (us): 625, ---, ---, 
[82.575s][info][gc,stats    ]   CMR: VM Strong Roots                4 us, workers (us):   4, ---, ---, 
[82.575s][info][gc,stats    ]   CMR: CLDG Roots                    35 us, workers (us):  35, ---, ---, 
[82.575s][info][gc,stats    ] Concurrent Marking               337718 us
[82.575s][info][gc,stats    ] Pause Final Mark (G)                332 us
[82.575s][info][gc,stats    ] Pause Final Mark (N)                247 us
[82.575s][info][gc,stats    ]   Finish Mark                        43 us
[82.575s][info][gc,stats    ]   Update Region States               31 us
[82.575s][info][gc,stats    ]   Choose Collection Set              93 us
[82.575s][info][gc,stats    ]   Rebuild Free Set                    8 us
[82.575s][info][gc,stats    ] Concurrent Thread Roots             562 us, parallelism: 0.90x
[82.575s][info][gc,stats    ]   CTR: <total>                      504 us
[82.575s][info][gc,stats    ]   CTR: Thread Roots                 504 us, workers (us): 504, ---, ---, 
[82.575s][info][gc,stats    ] Concurrent Weak References           65 us, parallelism: 0.17x
[82.575s][info][gc,stats    ]   CWRF: <total>                      11 us
[82.575s][info][gc,stats    ]   CWRF: Weak References              11 us, workers (us):  11, ---, ---, 
[82.575s][info][gc,stats    ] Concurrent Weak Roots             14693 us
[82.575s][info][gc,stats    ]   Roots                             933 us, parallelism: 0.97x
[82.575s][info][gc,stats    ]     CWR: <total>                    901 us
[82.575s][info][gc,stats    ]     CWR: Code Cache Roots           812 us, workers (us): 812, ---, ---, 
[82.575s][info][gc,stats    ]     CWR: VM Weak Roots               83 us, workers (us):  83, ---, ---, 
[82.575s][info][gc,stats    ]     CWR: CLDG Roots                   7 us, workers (us):   7, ---, ---, 
[82.575s][info][gc,stats    ]   Rendezvous                      13682 us
[82.575s][info][gc,stats    ] Concurrent Cleanup                   48 us
[82.575s][info][gc,stats    ] Concurrent Class Unloading        15967 us
[82.575s][info][gc,stats    ]   Unlink Stale                     4171 us
[82.575s][info][gc,stats    ]     System Dictionary                11 us
[82.575s][info][gc,stats    ]     Weak Class Links                  0 us
[82.575s][info][gc,stats    ]     Code Roots                     4159 us
[82.575s][info][gc,stats    ]   Rendezvous                      11257 us
[82.575s][info][gc,stats    ]   Purge Unlinked                    435 us
[82.575s][info][gc,stats    ]     Code Roots                      428 us
[82.575s][info][gc,stats    ]     CLDG                              7 us
[82.575s][info][gc,stats    ]     Exception Caches                  0 us
[82.575s][info][gc,stats    ] Concurrent Strong Roots             102 us, parallelism: 0.47x
[82.575s][info][gc,stats    ]   CSR: <total>                       48 us
[82.575s][info][gc,stats    ]   CSR: VM Strong Roots                4 us, workers (us):   4, ---, ---, 
[82.575s][info][gc,stats    ]   CSR: CLDG Roots                    44 us, workers (us):  44, ---, ---, 
[82.575s][info][gc,stats    ] Concurrent Evacuation             78110 us
[82.575s][info][gc,stats    ] Pause Init Update Refs (G)        15521 us
[82.575s][info][gc,stats    ] Pause Init Update Refs (N)           71 us
[82.575s][info][gc,stats    ]   Manage GCLABs                       4 us
[82.575s][info][gc,stats    ] Concurrent Update Refs           424451 us
[82.575s][info][gc,stats    ] Concurrent Update Thread Roots      815 us
[82.575s][info][gc,stats    ] Pause Final Update Refs (G)         310 us
[82.575s][info][gc,stats    ] Pause Final Update Refs (N)         251 us
[82.575s][info][gc,stats    ]   Update Region States               97 us
[82.575s][info][gc,stats    ]   Trash Collection Set               12 us
[82.575s][info][gc,stats    ]   Rebuild Free Set                   25 us
[82.575s][info][gc,stats    ] Concurrent Cleanup                   50 us
[82.575s][info][gc,stats    ] 
[82.575s][info][gc,stats    ] Allocation pacing accrued:
[82.575s][info][gc,stats    ]       0 of  1426 ms (  0.0%): <total>
[82.575s][info][gc,stats    ]       0 of  1426 ms (  0.0%): <average total>
[82.575s][info][gc,stats    ] 
[82.575s][info][gc,metaspace] Metaspace: 15966K(16256K)->15967K(16256K) NonClass: 13796K(13952K)->13797K(13952K) Class: 2170K(2304K)->2170K(2304K)
[82.575s][info][gc,ergo     ] Pacer for Idle. Initial: 41943K, Alloc Tax Rate: 1.0x
[82.589s][info][gc          ] Trigger: Explicit GC request (System.gc())
[82.589s][info][gc,ergo     ] Free: 1172M, Max: 1024K regular, 922M humongous, Frag: 22% external, 0% internal; Reserve: 103M, Max: 1024K
[82.589s][info][gc,start    ] GC(111) Concurrent reset
[82.589s][info][gc,task     ] GC(111) Using 1 of 3 workers for concurrent reset
[82.589s][info][gc,ergo     ] GC(111) Pacer for Reset. Non-Taxable: 2048M
[82.593s][info][gc          ] GC(111) Concurrent reset 3.147ms
[82.593s][info][gc,start    ] GC(111) Pause Init Mark (unload classes)
[82.593s][info][gc,task     ] GC(111) Using 3 of 3 workers for init marking
[82.593s][info][gc,ref      ] GC(111) Clearing All SoftReferences
[82.593s][info][gc,ergo     ] GC(111) Pacer for Mark. Expected Live: 118M, Free: 1172M, Non-Taxable: 117M, Alloc Tax Rate: 0.1x
[82.593s][info][gc          ] GC(111) Pause Init Mark (unload classes) 0.199ms
[82.593s][info][gc,start    ] GC(111) Concurrent marking roots
[82.593s][info][gc,task     ] GC(111) Using 1 of 3 workers for concurrent marking roots
[82.594s][info][gc          ] GC(111) Concurrent marking roots 0.771ms
[82.594s][info][gc,start    ] GC(111) Concurrent marking (unload classes)
[82.594s][info][gc,task     ] GC(111) Using 1 of 3 workers for concurrent marking
[82.598s][info][gc          ] GC(111) Concurrent marking (unload classes) 3.905ms
[82.598s][info][gc,start    ] GC(111) Pause Final Mark (unload classes)
[82.598s][info][gc,task     ] GC(111) Using 3 of 3 workers for final marking
[82.598s][info][gc,ergo     ] GC(111) Collectable Garbage: 727M (99%), Immediate: 727M (99%), CSet: 0B (0%)
[82.598s][info][gc          ] GC(111) Pause Final Mark (unload classes) 0.385ms
[82.598s][info][gc,start    ] GC(111) Concurrent weak references
[82.598s][info][gc,task     ] GC(111) Using 1 of 3 workers for concurrent weak references
[82.598s][info][gc,ref      ] GC(111) Encountered references: Soft: 178, Weak: 683, Final: 0, Phantom: 63
[82.598s][info][gc,ref      ] GC(111) Discovered  references: Soft: 127, Weak: 165, Final: 0, Phantom: 61
[82.598s][info][gc,ref      ] GC(111) Enqueued    references: Soft: 48, Weak: 0, Final: 0, Phantom: 0
[82.598s][info][gc          ] GC(111) Concurrent weak references 0.128ms
[82.598s][info][gc,start    ] GC(111) Concurrent weak roots
[82.598s][info][gc,task     ] GC(111) Using 1 of 3 workers for concurrent weak root
[82.600s][info][gc          ] GC(111) Concurrent weak roots 1.220ms
[82.600s][info][gc,start    ] GC(111) Concurrent cleanup
[82.600s][info][gc          ] GC(111) Concurrent cleanup 737M->10M(2048M) 0.064ms
[82.600s][info][gc,ergo     ] GC(111) Free: 1934M, Max: 1024K regular, 1008M humongous, Frag: 48% external, 0% internal; Reserve: 103M, Max: 1024K
[82.600s][info][gc,start    ] GC(111) Concurrent class unloading
[82.600s][info][gc,task     ] GC(111) Using 1 of 3 workers for concurrent class unloading
[82.604s][info][gc          ] GC(111) Concurrent class unloading 4.250ms
[82.604s][info][gc,start    ] GC(111) Pause Final Roots
[82.604s][info][gc          ] GC(111) Pause Final Roots 0.069ms
[82.604s][info][gc,ergo     ] Free: 1934M, Max: 1024K regular, 1008M humongous, Frag: 48% external, 0% internal; Reserve: 103M, Max: 1024K
[82.604s][info][gc,stats    ] 
[82.604s][info][gc,stats    ] All times are wall-clock times, except per-root-class counters, that are sum over
[82.604s][info][gc,stats    ] all workers. Dividing the <total> over the root stage time estimates parallelism.
[82.604s][info][gc,stats    ] 
[82.604s][info][gc,stats    ] Concurrent Reset                   3204 us
[82.604s][info][gc,stats    ] Pause Init Mark (G)                 351 us
[82.604s][info][gc,stats    ] Pause Init Mark (N)                 216 us
[82.604s][info][gc,stats    ]   Update Region States               71 us
[82.604s][info][gc,stats    ] Concurrent Mark Roots               795 us, parallelism: 0.82x
[82.604s][info][gc,stats    ]   CMR: <total>                      649 us
[82.604s][info][gc,stats    ]   CMR: Thread Roots                 573 us, workers (us): 573, ---, ---, 
[82.604s][info][gc,stats    ]   CMR: VM Strong Roots                7 us, workers (us):   7, ---, ---, 
[82.604s][info][gc,stats    ]   CMR: CLDG Roots                    69 us, workers (us):  69, ---, ---, 
[82.604s][info][gc,stats    ] Concurrent Marking                 3963 us
[82.604s][info][gc,stats    ] Pause Final Mark (G)                493 us
[82.604s][info][gc,stats    ] Pause Final Mark (N)                405 us
[82.604s][info][gc,stats    ]   Finish Mark                       114 us
[82.604s][info][gc,stats    ]   Update Region States               90 us
[82.604s][info][gc,stats    ]   Choose Collection Set              78 us
[82.604s][info][gc,stats    ]   Rebuild Free Set                   21 us
[82.604s][info][gc,stats    ] Concurrent Weak References          136 us, parallelism: 0.10x
[82.604s][info][gc,stats    ]   CWRF: <total>                      14 us
[82.604s][info][gc,stats    ]   CWRF: Weak References              14 us, workers (us):  14, ---, ---, 
[82.604s][info][gc,stats    ] Concurrent Weak Roots              1260 us
[82.604s][info][gc,stats    ]   Roots                            1146 us, parallelism: 0.92x
[82.604s][info][gc,stats    ]     CWR: <total>                   1054 us
[82.604s][info][gc,stats    ]     CWR: Code Cache Roots           911 us, workers (us): 911, ---, ---, 
[82.604s][info][gc,stats    ]     CWR: VM Weak Roots              136 us, workers (us): 136, ---, ---, 
[82.605s][info][gc,stats    ]     CWR: CLDG Roots                   7 us, workers (us):   7, ---, ---, 
[82.605s][info][gc,stats    ]   Rendezvous                         55 us
[82.605s][info][gc,stats    ] Concurrent Cleanup                   73 us
[82.605s][info][gc,stats    ] Concurrent Class Unloading         4315 us
[82.605s][info][gc,stats    ]   Unlink Stale                     3707 us
[82.605s][info][gc,stats    ]     System Dictionary                 8 us
[82.605s][info][gc,stats    ]     Weak Class Links                  0 us
[82.605s][info][gc,stats    ]     Code Roots                     3697 us
[82.605s][info][gc,stats    ]   Rendezvous                        198 us
[82.605s][info][gc,stats    ]   Purge Unlinked                    323 us
[82.605s][info][gc,stats    ]     Code Roots                      313 us
[82.605s][info][gc,stats    ]     CLDG                              9 us
[82.605s][info][gc,stats    ]     Exception Caches                  0 us
[82.605s][info][gc,stats    ] Pause Final Roots (G)               196 us
[82.605s][info][gc,stats    ] Pause Final Roots (N)                92 us
[82.605s][info][gc,stats    ] 
[82.605s][info][gc,stats    ] Allocation pacing accrued:
[82.605s][info][gc,stats    ]       0 of    29 ms (  0.0%): <total>
[82.605s][info][gc,stats    ]       0 of    29 ms (  0.0%): <average total>
[82.605s][info][gc,stats    ] 
[82.605s][info][gc,metaspace] Metaspace: 15967K(16256K)->15967K(16256K) NonClass: 13797K(13952K)->13797K(13952K) Class: 2170K(2304K)->2170K(2304K)
[82.605s][info][gc,ergo     ] Pacer for Idle. Initial: 41943K, Alloc Tax Rate: 1.0x
[83.139s][info][gc          ] Trigger: Learning 2 of 5. Free (1415M) is below initial threshold (1433M)
[83.139s][info][gc,ergo     ] Free: 1415M, Max: 1024K regular, 1008M humongous, Frag: 29% external, 0% internal; Reserve: 103M, Max: 1024K
[83.139s][info][gc,start    ] GC(112) Concurrent reset
[83.139s][info][gc,task     ] GC(112) Using 1 of 3 workers for concurrent reset
[83.139s][info][gc,ergo     ] GC(112) Pacer for Reset. Non-Taxable: 2048M
[83.139s][info][gc          ] GC(112) Concurrent reset 0.329ms
[83.140s][info][gc,start    ] GC(112) Pause Init Mark (unload classes)
[83.140s][info][gc,task     ] GC(112) Using 3 of 3 workers for init marking
[83.140s][info][gc,ergo     ] GC(112) Pacer for Mark. Expected Live: 81893K, Free: 1414M, Non-Taxable: 141M, Alloc Tax Rate: 0.1x
[83.140s][info][gc          ] GC(112) Pause Init Mark (unload classes) 0.171ms
[83.140s][info][gc,start    ] GC(112) Concurrent marking roots
[83.140s][info][gc,task     ] GC(112) Using 1 of 3 workers for concurrent marking roots
[83.140s][info][gc          ] GC(112) Concurrent marking roots 0.451ms
[83.140s][info][gc,start    ] GC(112) Concurrent marking (unload classes)
[83.140s][info][gc,task     ] GC(112) Using 1 of 3 workers for concurrent marking
[83.485s][info][gc          ] GC(112) Concurrent marking (unload classes) 344.593ms
[83.485s][info][gc,start    ] GC(112) Pause Final Mark (unload classes)
[83.485s][info][gc,task     ] GC(112) Using 3 of 3 workers for final marking
[83.485s][info][gc,ergo     ] GC(112) Adaptive CSet Selection. Target Free: 290M, Actual Free: 1242M, Max CSet: 87381K, Min Garbage: 0B
[83.485s][info][gc,ergo     ] GC(112) Collectable Garbage: 194M (60%), Immediate: 28736K (8%), CSet: 166M (52%)
[83.485s][info][gc,ergo     ] GC(112) Pacer for Evacuation. Used CSet: 252M, Free: 1151M, Non-Taxable: 115M, Alloc Tax Rate: 1.1x
[83.485s][info][gc          ] GC(112) Pause Final Mark (unload classes) 0.232ms
[83.501s][info][gc,start    ] GC(112) Concurrent thread roots
[83.501s][info][gc,task     ] GC(112) Using 1 of 3 workers for Concurrent thread roots
[83.501s][info][gc          ] GC(112) Concurrent thread roots 0.552ms
[83.501s][info][gc,start    ] GC(112) Concurrent weak references
[83.501s][info][gc,task     ] GC(112) Using 1 of 3 workers for concurrent weak references
[83.501s][info][gc,ref      ] GC(112) Encountered references: Soft: 133, Weak: 684, Final: 0, Phantom: 63
[83.501s][info][gc,ref      ] GC(112) Discovered  references: Soft: 0, Weak: 152, Final: 0, Phantom: 26
[83.501s][info][gc,ref      ] GC(112) Enqueued    references: Soft: 0, Weak: 0, Final: 0, Phantom: 0
[83.501s][info][gc          ] GC(112) Concurrent weak references 0.091ms
[83.501s][info][gc,start    ] GC(112) Concurrent weak roots
[83.501s][info][gc,task     ] GC(112) Using 1 of 3 workers for concurrent weak root
[83.515s][info][gc          ] GC(112) Concurrent weak roots 13.375ms
[83.515s][info][gc,start    ] GC(112) Concurrent cleanup
[83.515s][info][gc          ] GC(112) Concurrent cleanup 826M->798M(2048M) 0.038ms
[83.515s][info][gc,ergo     ] GC(112) Free: 1131M, Max: 1024K regular, 1008M humongous, Frag: 11% external, 0% internal; Reserve: 89088K, Max: 1024K
[83.515s][info][gc,start    ] GC(112) Concurrent class unloading
[83.515s][info][gc,task     ] GC(112) Using 1 of 3 workers for concurrent class unloading
[83.532s][info][gc          ] GC(112) Concurrent class unloading 17.354ms
[83.532s][info][gc,start    ] GC(112) Concurrent strong roots
[83.532s][info][gc,task     ] GC(112) Using 1 of 3 workers for concurrent strong root
[83.532s][info][gc          ] GC(112) Concurrent strong roots 0.087ms
[83.532s][info][gc,start    ] GC(112) Concurrent evacuation
[83.532s][info][gc,task     ] GC(112) Using 1 of 3 workers for concurrent evacuation
[83.609s][info][gc          ] GC(112) Concurrent evacuation 76.900ms
[83.609s][info][gc,start    ] GC(112) Pause Init Update Refs
[83.610s][info][gc,ergo     ] GC(112) Pacer for Update Refs. Used: 957M, Free: 1041M, Non-Taxable: 104M, Alloc Tax Rate: 1.1x
[83.610s][info][gc          ] GC(112) Pause Init Update Refs 0.067ms
[83.611s][info][gc,start    ] GC(112) Concurrent update references
[83.611s][info][gc,task     ] GC(112) Using 1 of 3 workers for concurrent reference update
[84.034s][info][gc          ] GC(112) Concurrent update references 423.954ms
[84.035s][info][gc,start    ] GC(112) Concurrent update thread roots
[84.035s][info][gc          ] GC(112) Concurrent update thread roots 0.741ms
[84.035s][info][gc,start    ] GC(112) Pause Final Update Refs
[84.035s][info][gc,task     ] GC(112) Using 3 of 3 workers for final reference update
[84.036s][info][gc          ] GC(112) Pause Final Update Refs 0.392ms
[84.036s][info][gc,start    ] GC(112) Concurrent cleanup
[84.036s][info][gc          ] GC(112) Concurrent cleanup 990M->738M(2048M) 0.108ms
[84.036s][info][gc,ergo     ] Free: 1171M, Max: 1024K regular, 921M humongous, Frag: 22% external, 0% internal; Reserve: 103M, Max: 1024K
[84.036s][info][gc,stats    ] 
[84.036s][info][gc,stats    ] All times are wall-clock times, except per-root-class counters, that are sum over
[84.036s][info][gc,stats    ] all workers. Dividing the <total> over the root stage time estimates parallelism.
[84.036s][info][gc,stats    ] 
[84.036s][info][gc,stats    ] Concurrent Reset                    370 us
[84.036s][info][gc,stats    ] Pause Init Mark (G)                 368 us
[84.036s][info][gc,stats    ] Pause Init Mark (N)                 188 us
[84.036s][info][gc,stats    ]   Update Region States               67 us
[84.036s][info][gc,stats    ] Concurrent Mark Roots               469 us, parallelism: 0.74x
[84.036s][info][gc,stats    ]   CMR: <total>                      349 us
[84.036s][info][gc,stats    ]   CMR: Thread Roots                 307 us, workers (us): 307, ---, ---, 
[84.036s][info][gc,stats    ]   CMR: VM Strong Roots                4 us, workers (us):   4, ---, ---, 
[84.036s][info][gc,stats    ]   CMR: CLDG Roots                    38 us, workers (us):  38, ---, ---, 
[84.036s][info][gc,stats    ] Concurrent Marking               344661 us
[84.036s][info][gc,stats    ] Pause Final Mark (G)              15660 us
[84.036s][info][gc,stats    ] Pause Final Mark (N)                240 us
[84.036s][info][gc,stats    ]   Finish Mark                        44 us
[84.036s][info][gc,stats    ]   Update Region States               29 us
[84.036s][info][gc,stats    ]   Choose Collection Set              86 us
[84.036s][info][gc,stats    ]   Rebuild Free Set                    9 us
[84.036s][info][gc,stats    ] Concurrent Thread Roots             579 us, parallelism: 0.80x
[84.036s][info][gc,stats    ]   CTR: <total>                      461 us
[84.036s][info][gc,stats    ]   CTR: Thread Roots                 461 us, workers (us): 461, ---, ---, 
[84.036s][info][gc,stats    ] Concurrent Weak References           98 us, parallelism: 0.16x
[84.036s][info][gc,stats    ]   CWRF: <total>                      16 us
[84.036s][info][gc,stats    ]   CWRF: Weak References              16 us, workers (us):  16, ---, ---, 
[84.036s][info][gc,stats    ] Concurrent Weak Roots             13425 us
[84.036s][info][gc,stats    ]   Roots                            1055 us, parallelism: 0.96x
[84.036s][info][gc,stats    ]     CWR: <total>                   1015 us
[84.036s][info][gc,stats    ]     CWR: Code Cache Roots           920 us, workers (us): 920, ---, ---, 
[84.036s][info][gc,stats    ]     CWR: VM Weak Roots               88 us, workers (us):  88, ---, ---, 
[84.036s][info][gc,stats    ]     CWR: CLDG Roots                   7 us, workers (us):   7, ---, ---, 
[84.036s][info][gc,stats    ]   Rendezvous                      12302 us
[84.036s][info][gc,stats    ] Concurrent Cleanup                   46 us
[84.036s][info][gc,stats    ] Concurrent Class Unloading        17437 us
[84.036s][info][gc,stats    ]   Unlink Stale                     4557 us
[84.036s][info][gc,stats    ]     System Dictionary                10 us
[84.036s][info][gc,stats    ]     Weak Class Links                  0 us
[84.036s][info][gc,stats    ]     Code Roots                     4545 us
[84.036s][info][gc,stats    ]   Rendezvous                      12501 us
[84.036s][info][gc,stats    ]   Purge Unlinked                    274 us
[84.036s][info][gc,stats    ]     Code Roots                      267 us
[84.036s][info][gc,stats    ]     CLDG                              6 us
[84.036s][info][gc,stats    ]     Exception Caches                  0 us
[84.036s][info][gc,stats    ] Concurrent Strong Roots              95 us, parallelism: 0.47x
[84.036s][info][gc,stats    ]   CSR: <total>                       44 us
[84.036s][info][gc,stats    ]   CSR: VM Strong Roots                5 us, workers (us):   5, ---, ---, 
[84.036s][info][gc,stats    ]   CSR: CLDG Roots                    40 us, workers (us):  40, ---, ---, 
[84.036s][info][gc,stats    ] Concurrent Evacuation             76975 us
[84.036s][info][gc,stats    ] Pause Init Update Refs (G)         1141 us
[84.036s][info][gc,stats    ] Pause Init Update Refs (N)           76 us
[84.036s][info][gc,stats    ]   Manage GCLABs                       5 us
[84.036s][info][gc,stats    ] Concurrent Update Refs           424034 us
[84.036s][info][gc,stats    ] Concurrent Update Thread Roots      791 us
[84.036s][info][gc,stats    ] Pause Final Update Refs (G)         551 us
[84.036s][info][gc,stats    ] Pause Final Update Refs (N)         429 us
[84.036s][info][gc,stats    ]   Update Region States              274 us
[84.036s][info][gc,stats    ]   Trash Collection Set                9 us
[84.036s][info][gc,stats    ]   Rebuild Free Set                   20 us
[84.036s][info][gc,stats    ] Concurrent Cleanup                  134 us
[84.036s][info][gc,stats    ] 
[84.036s][info][gc,stats    ] Allocation pacing accrued:
[84.036s][info][gc,stats    ]       0 of  1432 ms (  0.0%): <total>
[84.036s][info][gc,stats    ]       0 of  1432 ms (  0.0%): <average total>
[84.036s][info][gc,stats    ] 
[84.036s][info][gc,metaspace] Metaspace: 15967K(16256K)->15967K(16256K) NonClass: 13797K(13952K)->13797K(13952K) Class: 2170K(2304K)->2170K(2304K)
[84.036s][info][gc,ergo     ] Pacer for Idle. Initial: 41943K, Alloc Tax Rate: 1.0x
[84.045s][info][gc          ] Trigger: Explicit GC request (System.gc())
[84.045s][info][gc,ergo     ] Free: 1171M, Max: 1024K regular, 921M humongous, Frag: 22% external, 0% internal; Reserve: 103M, Max: 1024K
[84.045s][info][gc,start    ] GC(113) Concurrent reset
[84.045s][info][gc,task     ] GC(113) Using 1 of 3 workers for concurrent reset
[84.045s][info][gc,ergo     ] GC(113) Pacer for Reset. Non-Taxable: 2048M
[84.047s][info][gc          ] GC(113) Concurrent reset 2.359ms
[84.047s][info][gc,start    ] GC(113) Pause Init Mark (unload classes)
[84.047s][info][gc,task     ] GC(113) Using 3 of 3 workers for init marking
[84.047s][info][gc,ref      ] GC(113) Clearing All SoftReferences
[84.047s][info][gc,ergo     ] GC(113) Pacer for Mark. Expected Live: 117M, Free: 1171M, Non-Taxable: 117M, Alloc Tax Rate: 0.1x
[84.047s][info][gc          ] GC(113) Pause Init Mark (unload classes) 0.139ms
[84.048s][info][gc,start    ] GC(113) Concurrent marking roots
[84.048s][info][gc,task     ] GC(113) Using 1 of 3 workers for concurrent marking roots
[84.048s][info][gc          ] GC(113) Concurrent marking roots 0.593ms
[84.048s][info][gc,start    ] GC(113) Concurrent marking (unload classes)
[84.048s][info][gc,task     ] GC(113) Using 1 of 3 workers for concurrent marking
[84.052s][info][gc          ] GC(113) Concurrent marking (unload classes) 4.213ms
[84.052s][info][gc,start    ] GC(113) Pause Final Mark (unload classes)
[84.053s][info][gc,task     ] GC(113) Using 3 of 3 workers for final marking
[84.053s][info][gc,ergo     ] GC(113) Collectable Garbage: 726M (98%), Immediate: 726M (98%), CSet: 0B (0%)
[84.053s][info][gc          ] GC(113) Pause Final Mark (unload classes) 0.623ms
[84.053s][info][gc,start    ] GC(113) Concurrent weak references
[84.053s][info][gc,task     ] GC(113) Using 1 of 3 workers for concurrent weak references
[84.053s][info][gc,ref      ] GC(113) Encountered references: Soft: 178, Weak: 683, Final: 0, Phantom: 63
[84.053s][info][gc,ref      ] GC(113) Discovered  references: Soft: 127, Weak: 165, Final: 0, Phantom: 61
[84.053s][info][gc,ref      ] GC(113) Enqueued    references: Soft: 48, Weak: 0, Final: 0, Phantom: 0
[84.053s][info][gc          ] GC(113) Concurrent weak references 0.216ms
[84.053s][info][gc,start    ] GC(113) Concurrent weak roots
[84.053s][info][gc,task     ] GC(113) Using 1 of 3 workers for concurrent weak root
[84.055s][info][gc          ] GC(113) Concurrent weak roots 1.354ms
[84.055s][info][gc,start    ] GC(113) Concurrent cleanup
[84.055s][info][gc          ] GC(113) Concurrent cleanup 738M->12M(2048M) 0.058ms
[84.055s][info][gc,ergo     ] GC(113) Free: 1933M, Max: 1024K regular, 1007M humongous, Frag: 48% external, 0% internal; Reserve: 103M, Max: 1024K
[84.055s][info][gc,start    ] GC(113) Concurrent class unloading
[84.055s][info][gc,task     ] GC(113) Using 1 of 3 workers for concurrent class unloading
[84.059s][info][gc          ] GC(113) Concurrent class unloading 4.106ms
[84.059s][info][gc,start    ] GC(113) Pause Final Roots
[84.059s][info][gc          ] GC(113) Pause Final Roots 0.053ms
[84.059s][info][gc,ergo     ] Free: 1933M, Max: 1024K regular, 1007M humongous, Frag: 48% external, 0% internal; Reserve: 103M, Max: 1024K
[84.059s][info][gc,stats    ] 
[84.059s][info][gc,stats    ] All times are wall-clock times, except per-root-class counters, that are sum over
[84.059s][info][gc,stats    ] all workers. Dividing the <total> over the root stage time estimates parallelism.
[84.059s][info][gc,stats    ] 
[84.059s][info][gc,stats    ] Concurrent Reset                   2398 us
[84.059s][info][gc,stats    ] Pause Init Mark (G)                 258 us
[84.059s][info][gc,stats    ] Pause Init Mark (N)                 146 us
[84.060s][info][gc,stats    ]   Update Region States               58 us
[84.060s][info][gc,stats    ] Concurrent Mark Roots               616 us, parallelism: 0.77x
[84.060s][info][gc,stats    ]   CMR: <total>                      474 us
[84.060s][info][gc,stats    ]   CMR: Thread Roots                 431 us, workers (us): 431, ---, ---, 
[84.060s][info][gc,stats    ]   CMR: VM Strong Roots                4 us, workers (us):   4, ---, ---, 
[84.060s][info][gc,stats    ]   CMR: CLDG Roots                    39 us, workers (us):  39, ---, ---, 
[84.060s][info][gc,stats    ] Concurrent Marking                 4262 us
[84.060s][info][gc,stats    ] Pause Final Mark (G)                764 us
[84.060s][info][gc,stats    ] Pause Final Mark (N)                643 us
[84.060s][info][gc,stats    ]   Finish Mark                       335 us
[84.060s][info][gc,stats    ]   Update Region States              107 us
[84.060s][info][gc,stats    ]   Choose Collection Set              80 us
[84.060s][info][gc,stats    ]   Rebuild Free Set                   19 us
[84.060s][info][gc,stats    ] Concurrent Weak References          237 us, parallelism: 0.06x
[84.060s][info][gc,stats    ]   CWRF: <total>                      13 us
[84.060s][info][gc,stats    ]   CWRF: Weak References              13 us, workers (us):  13, ---, ---, 
[84.060s][info][gc,stats    ] Concurrent Weak Roots              1387 us
[84.060s][info][gc,stats    ]   Roots                            1232 us, parallelism: 0.92x
[84.060s][info][gc,stats    ]     CWR: <total>                   1131 us
[84.060s][info][gc,stats    ]     CWR: Code Cache Roots           951 us, workers (us): 951, ---, ---, 
[84.060s][info][gc,stats    ]     CWR: VM Weak Roots              175 us, workers (us): 175, ---, ---, 
[84.060s][info][gc,stats    ]     CWR: CLDG Roots                   6 us, workers (us):   6, ---, ---, 
[84.060s][info][gc,stats    ]   Rendezvous                         81 us
[84.060s][info][gc,stats    ] Concurrent Cleanup                   76 us
[84.060s][info][gc,stats    ] Concurrent Class Unloading         4172 us
[84.060s][info][gc,stats    ]   Unlink Stale                     3607 us
[84.060s][info][gc,stats    ]     System Dictionary                 7 us
[84.060s][info][gc,stats    ]     Weak Class Links                  0 us
[84.060s][info][gc,stats    ]     Code Roots                     3598 us
[84.060s][info][gc,stats    ]   Rendezvous                        129 us
[84.060s][info][gc,stats    ]   Purge Unlinked                    334 us
[84.060s][info][gc,stats    ]     Code Roots                      324 us
[84.060s][info][gc,stats    ]     CLDG                              9 us
[84.060s][info][gc,stats    ]     Exception Caches                  0 us
[84.060s][info][gc,stats    ] Pause Final Roots (G)               202 us
[84.060s][info][gc,stats    ] Pause Final Roots (N)                75 us
[84.060s][info][gc,stats    ] 
[84.060s][info][gc,stats    ] Allocation pacing accrued:
[84.060s][info][gc,stats    ]       0 of    24 ms (  0.0%): <total>
[84.060s][info][gc,stats    ]       0 of    24 ms (  0.0%): <average total>
[84.060s][info][gc,stats    ] 
[84.060s][info][gc,metaspace] Metaspace: 15967K(16256K)->15967K(16256K) NonClass: 13797K(13952K)->13797K(13952K) Class: 2170K(2304K)->2170K(2304K)
[84.060s][info][gc,ergo     ] Pacer for Idle. Initial: 41943K, Alloc Tax Rate: 1.0x
[84.594s][info][gc          ] Trigger: Learning 2 of 5. Free (1418M) is below initial threshold (1433M)
[84.594s][info][gc,ergo     ] Free: 1418M, Max: 1024K regular, 1007M humongous, Frag: 29% external, 0% internal; Reserve: 103M, Max: 1024K
[84.594s][info][gc,start    ] GC(114) Concurrent reset
[84.595s][info][gc,task     ] GC(114) Using 1 of 3 workers for concurrent reset
[84.595s][info][gc,ergo     ] GC(114) Pacer for Reset. Non-Taxable: 2048M
[84.595s][info][gc          ] GC(114) Concurrent reset 0.201ms
[84.595s][info][gc,start    ] GC(114) Pause Init Mark (unload classes)
[84.595s][info][gc,task     ] GC(114) Using 3 of 3 workers for init marking
[84.595s][info][gc,ergo     ] GC(114) Pacer for Mark. Expected Live: 81775K, Free: 1418M, Non-Taxable: 141M, Alloc Tax Rate: 0.1x
[84.595s][info][gc          ] GC(114) Pause Init Mark (unload classes) 0.228ms
[84.595s][info][gc,start    ] GC(114) Concurrent marking roots
[84.595s][info][gc,task     ] GC(114) Using 1 of 3 workers for concurrent marking roots
[84.596s][info][gc          ] GC(114) Concurrent marking roots 0.419ms
[84.596s][info][gc,start    ] GC(114) Concurrent marking (unload classes)
[84.596s][info][gc,task     ] GC(114) Using 1 of 3 workers for concurrent marking
[84.934s][info][gc          ] GC(114) Concurrent marking (unload classes) 338.671ms
[84.934s][info][gc,start    ] GC(114) Pause Final Mark (unload classes)
[84.934s][info][gc,task     ] GC(114) Using 3 of 3 workers for final marking
[84.934s][info][gc,ergo     ] GC(114) Adaptive CSet Selection. Target Free: 290M, Actual Free: 1247M, Max CSet: 87381K, Min Garbage: 0B
[84.935s][info][gc,ergo     ] GC(114) Collectable Garbage: 196M (61%), Immediate: 28736K (8%), CSet: 168M (52%)
[84.935s][info][gc,ergo     ] GC(114) Pacer for Evacuation. Used CSet: 254M, Free: 1155M, Non-Taxable: 115M, Alloc Tax Rate: 1.1x
[84.935s][info][gc          ] GC(114) Pause Final Mark (unload classes) 0.236ms
[84.965s][info][gc,start    ] GC(114) Concurrent thread roots
[84.966s][info][gc,task     ] GC(114) Using 1 of 3 workers for Concurrent thread roots
[84.966s][info][gc          ] GC(114) Concurrent thread roots 0.462ms
[84.966s][info][gc,start    ] GC(114) Concurrent weak references
[84.966s][info][gc,task     ] GC(114) Using 1 of 3 workers for concurrent weak references
[84.966s][info][gc,ref      ] GC(114) Encountered references: Soft: 133, Weak: 684, Final: 0, Phantom: 63
[84.966s][info][gc,ref      ] GC(114) Discovered  references: Soft: 0, Weak: 152, Final: 0, Phantom: 26
[84.966s][info][gc,ref      ] GC(114) Enqueued    references: Soft: 0, Weak: 0, Final: 0, Phantom: 0
[84.966s][info][gc          ] GC(114) Concurrent weak references 0.085ms
[84.966s][info][gc,start    ] GC(114) Concurrent weak roots
[84.966s][info][gc,task     ] GC(114) Using 1 of 3 workers for concurrent weak root
[84.981s][info][gc          ] GC(114) Concurrent weak roots 15.121ms
[84.981s][info][gc,start    ] GC(114) Concurrent cleanup
[84.981s][info][gc          ] GC(114) Concurrent cleanup 849M->821M(2048M) 0.044ms
[84.981s][info][gc,ergo     ] GC(114) Free: 1109M, Max: 1024K regular, 1007M humongous, Frag: 10% external, 0% internal; Reserve: 86016K, Max: 1024K
[84.981s][info][gc,start    ] GC(114) Concurrent class unloading
[84.981s][info][gc,task     ] GC(114) Using 1 of 3 workers for concurrent class unloading
[84.986s][info][gc          ] GC(114) Concurrent class unloading 4.417ms
[84.986s][info][gc,start    ] GC(114) Concurrent strong roots
[84.986s][info][gc,task     ] GC(114) Using 1 of 3 workers for concurrent strong root
[84.986s][info][gc          ] GC(114) Concurrent strong roots 0.077ms
[84.986s][info][gc,start    ] GC(114) Concurrent evacuation
[84.986s][info][gc,task     ] GC(114) Using 1 of 3 workers for concurrent evacuation
[85.063s][info][gc          ] GC(114) Concurrent evacuation 77.196ms
[85.063s][info][gc,start    ] GC(114) Pause Init Update Refs
[85.063s][info][gc,ergo     ] GC(114) Pacer for Update Refs. Used: 968M, Free: 1030M, Non-Taxable: 103M, Alloc Tax Rate: 1.1x
[85.063s][info][gc          ] GC(114) Pause Init Update Refs 0.041ms
[85.063s][info][gc,start    ] GC(114) Concurrent update references
[85.063s][info][gc,task     ] GC(114) Using 1 of 3 workers for concurrent reference update
[85.505s][info][gc          ] GC(114) Concurrent update references 441.759ms
[85.505s][info][gc,start    ] GC(114) Concurrent update thread roots
[85.506s][info][gc          ] GC(114) Concurrent update thread roots 0.377ms
[85.506s][info][gc,start    ] GC(114) Pause Final Update Refs
[85.506s][info][gc,task     ] GC(114) Using 3 of 3 workers for final reference update
[85.506s][info][gc          ] GC(114) Pause Final Update Refs 0.144ms
[85.506s][info][gc,start    ] GC(114) Concurrent cleanup
[85.506s][info][gc          ] GC(114) Concurrent cleanup 995M->741M(2048M) 0.077ms
[85.506s][info][gc,ergo     ] Free: 1169M, Max: 1024K regular, 918M humongous, Frag: 22% external, 0% internal; Reserve: 103M, Max: 1024K
[85.506s][info][gc,stats    ] 
[85.506s][info][gc,stats    ] All times are wall-clock times, except per-root-class counters, that are sum over
[85.506s][info][gc,stats    ] all workers. Dividing the <total> over the root stage time estimates parallelism.
[85.506s][info][gc,stats    ] 
[85.506s][info][gc,stats    ] Concurrent Reset                    226 us
[85.506s][info][gc,stats    ] Pause Init Mark (G)                 405 us
[85.506s][info][gc,stats    ] Pause Init Mark (N)                 237 us
[85.506s][info][gc,stats    ]   Update Region States              100 us
[85.506s][info][gc,stats    ] Concurrent Mark Roots               436 us, parallelism: 0.79x
[85.506s][info][gc,stats    ]   CMR: <total>                      346 us
[85.506s][info][gc,stats    ]   CMR: Thread Roots                 309 us, workers (us): 309, ---, ---, 
[85.506s][info][gc,stats    ]   CMR: VM Strong Roots                4 us, workers (us):   4, ---, ---, 
[85.506s][info][gc,stats    ]   CMR: CLDG Roots                    34 us, workers (us):  34, ---, ---, 
[85.506s][info][gc,stats    ] Concurrent Marking               338733 us
[85.506s][info][gc,stats    ] Pause Final Mark (G)              31205 us
[85.506s][info][gc,stats    ] Pause Final Mark (N)                245 us
[85.506s][info][gc,stats    ]   Finish Mark                        43 us
[85.506s][info][gc,stats    ]   Update Region States               34 us
[85.506s][info][gc,stats    ]   Choose Collection Set             107 us
[85.506s][info][gc,stats    ]   Rebuild Free Set                    9 us
[85.506s][info][gc,stats    ] Concurrent Thread Roots             483 us, parallelism: 0.74x
[85.506s][info][gc,stats    ]   CTR: <total>                      358 us
[85.506s][info][gc,stats    ]   CTR: Thread Roots                 358 us, workers (us): 358, ---, ---, 
[85.506s][info][gc,stats    ] Concurrent Weak References           93 us, parallelism: 0.16x
[85.506s][info][gc,stats    ]   CWRF: <total>                      15 us
[85.506s][info][gc,stats    ]   CWRF: Weak References              15 us, workers (us):  15, ---, ---, 
[85.506s][info][gc,stats    ] Concurrent Weak Roots             15181 us
[85.506s][info][gc,stats    ]   Roots                            1601 us, parallelism: 0.97x
[85.506s][info][gc,stats    ]     CWR: <total>                   1553 us
[85.506s][info][gc,stats    ]     CWR: Code Cache Roots          1455 us, workers (us): 1455, ---, ---, 
[85.506s][info][gc,stats    ]     CWR: VM Weak Roots               90 us, workers (us):  90, ---, ---, 
[85.506s][info][gc,stats    ]     CWR: CLDG Roots                   8 us, workers (us):   8, ---, ---, 
[85.506s][info][gc,stats    ]   Rendezvous                      13502 us
[85.506s][info][gc,stats    ] Concurrent Cleanup                   52 us
[85.506s][info][gc,stats    ] Concurrent Class Unloading         4476 us
[85.506s][info][gc,stats    ]   Unlink Stale                     3966 us
[85.506s][info][gc,stats    ]     System Dictionary                11 us
[85.506s][info][gc,stats    ]     Weak Class Links                  0 us
[85.506s][info][gc,stats    ]     Code Roots                     3952 us
[85.506s][info][gc,stats    ]   Rendezvous                        209 us
[85.506s][info][gc,stats    ]   Purge Unlinked                    221 us
[85.506s][info][gc,stats    ]     Code Roots                      216 us
[85.506s][info][gc,stats    ]     CLDG                              5 us
[85.507s][info][gc,stats    ]     Exception Caches                  0 us
[85.507s][info][gc,stats    ] Concurrent Strong Roots              85 us, parallelism: 0.46x
[85.507s][info][gc,stats    ]   CSR: <total>                       39 us
[85.507s][info][gc,stats    ]   CSR: VM Strong Roots                4 us, workers (us):   4, ---, ---, 
[85.507s][info][gc,stats    ]   CSR: CLDG Roots                    35 us, workers (us):  35, ---, ---, 
[85.507s][info][gc,stats    ] Concurrent Evacuation             77258 us
[85.507s][info][gc,stats    ] Pause Init Update Refs (G)          143 us
[85.507s][info][gc,stats    ] Pause Init Update Refs (N)           48 us
[85.507s][info][gc,stats    ]   Manage GCLABs                       3 us
[85.507s][info][gc,stats    ] Concurrent Update Refs           441827 us
[85.507s][info][gc,stats    ] Concurrent Update Thread Roots      414 us
[85.507s][info][gc,stats    ] Pause Final Update Refs (G)         200 us
[85.507s][info][gc,stats    ] Pause Final Update Refs (N)         166 us
[85.507s][info][gc,stats    ]   Update Region States               65 us
[85.507s][info][gc,stats    ]   Trash Collection Set               14 us
[85.507s][info][gc,stats    ]   Rebuild Free Set                   26 us
[85.507s][info][gc,stats    ] Concurrent Cleanup                   98 us
[85.507s][info][gc,stats    ] 
[85.507s][info][gc,stats    ] Allocation pacing accrued:
[85.507s][info][gc,stats    ]       0 of  1446 ms (  0.0%): <total>
[85.507s][info][gc,stats    ]       0 of  1446 ms (  0.0%): <average total>
[85.507s][info][gc,stats    ] 
[85.507s][info][gc,metaspace] Metaspace: 15967K(16256K)->15967K(16256K) NonClass: 13797K(13952K)->13797K(13952K) Class: 2170K(2304K)->2170K(2304K)
[85.507s][info][gc,ergo     ] Pacer for Idle. Initial: 41943K, Alloc Tax Rate: 1.0x
[85.517s][info][gc          ] Trigger: Explicit GC request (System.gc())
[85.518s][info][gc,ergo     ] Free: 1169M, Max: 1024K regular, 918M humongous, Frag: 22% external, 0% internal; Reserve: 103M, Max: 1024K
[85.518s][info][gc,start    ] GC(115) Concurrent reset
[85.518s][info][gc,task     ] GC(115) Using 1 of 3 workers for concurrent reset
[85.518s][info][gc,ergo     ] GC(115) Pacer for Reset. Non-Taxable: 2048M
[85.520s][info][gc          ] GC(115) Concurrent reset 2.779ms
[85.521s][info][gc,start    ] GC(115) Pause Init Mark (unload classes)
[85.521s][info][gc,task     ] GC(115) Using 3 of 3 workers for init marking
[85.521s][info][gc,ref      ] GC(115) Clearing All SoftReferences
[85.521s][info][gc,ergo     ] GC(115) Pacer for Mark. Expected Live: 117M, Free: 1169M, Non-Taxable: 116M, Alloc Tax Rate: 0.1x
[85.521s][info][gc          ] GC(115) Pause Init Mark (unload classes) 0.306ms
[85.521s][info][gc,start    ] GC(115) Concurrent marking roots
[85.521s][info][gc,task     ] GC(115) Using 1 of 3 workers for concurrent marking roots
[85.522s][info][gc          ] GC(115) Concurrent marking roots 0.709ms
[85.522s][info][gc,start    ] GC(115) Concurrent marking (unload classes)
[85.522s][info][gc,task     ] GC(115) Using 1 of 3 workers for concurrent marking
[85.526s][info][gc          ] GC(115) Concurrent marking (unload classes) 4.101ms
[85.526s][info][gc,start    ] GC(115) Pause Final Mark (unload classes)
[85.526s][info][gc,task     ] GC(115) Using 3 of 3 workers for final marking
[85.526s][info][gc,ergo     ] GC(115) Collectable Garbage: 729M (98%), Immediate: 729M (98%), CSet: 0B (0%)
[85.526s][info][gc          ] GC(115) Pause Final Mark (unload classes) 0.486ms
[85.526s][info][gc,start    ] GC(115) Concurrent weak references
[85.526s][info][gc,task     ] GC(115) Using 1 of 3 workers for concurrent weak references
[85.527s][info][gc,ref      ] GC(115) Encountered references: Soft: 178, Weak: 683, Final: 0, Phantom: 63
[85.527s][info][gc,ref      ] GC(115) Discovered  references: Soft: 127, Weak: 165, Final: 0, Phantom: 61
[85.527s][info][gc,ref      ] GC(115) Enqueued    references: Soft: 48, Weak: 0, Final: 0, Phantom: 0
[85.527s][info][gc          ] GC(115) Concurrent weak references 0.157ms
[85.527s][info][gc,start    ] GC(115) Concurrent weak roots
[85.527s][info][gc,task     ] GC(115) Using 1 of 3 workers for concurrent weak root
[85.528s][info][gc          ] GC(115) Concurrent weak roots 0.970ms
[85.528s][info][gc,start    ] GC(115) Concurrent cleanup
[85.528s][info][gc          ] GC(115) Concurrent cleanup 741M->12M(2048M) 0.059ms
[85.528s][info][gc,ergo     ] GC(115) Free: 1933M, Max: 1024K regular, 1004M humongous, Frag: 49% external, 0% internal; Reserve: 103M, Max: 1024K
[85.528s][info][gc,start    ] GC(115) Concurrent class unloading
[85.528s][info][gc,task     ] GC(115) Using 1 of 3 workers for concurrent class unloading
[85.532s][info][gc          ] GC(115) Concurrent class unloading 4.492ms
[85.532s][info][gc,start    ] GC(115) Pause Final Roots
[85.532s][info][gc          ] GC(115) Pause Final Roots 0.068ms
[85.532s][info][gc,ergo     ] Free: 1933M, Max: 1024K regular, 1004M humongous, Frag: 49% external, 0% internal; Reserve: 103M, Max: 1024K
[85.533s][info][gc,stats    ] 
[85.533s][info][gc,stats    ] All times are wall-clock times, except per-root-class counters, that are sum over
[85.533s][info][gc,stats    ] all workers. Dividing the <total> over the root stage time estimates parallelism.
[85.533s][info][gc,stats    ] 
[85.533s][info][gc,stats    ] Concurrent Reset                   2828 us
[85.533s][info][gc,stats    ] Pause Init Mark (G)                 446 us
[85.533s][info][gc,stats    ] Pause Init Mark (N)                 327 us
[85.533s][info][gc,stats    ]   Update Region States              128 us
[85.533s][info][gc,stats    ] Concurrent Mark Roots               726 us, parallelism: 0.86x
[85.533s][info][gc,stats    ]   CMR: <total>                      626 us
[85.533s][info][gc,stats    ]   CMR: Thread Roots                 554 us, workers (us): 554, ---, ---, 
[85.533s][info][gc,stats    ]   CMR: VM Strong Roots                7 us, workers (us):   7, ---, ---, 
[85.533s][info][gc,stats    ]   CMR: CLDG Roots                    65 us, workers (us):  65, ---, ---, 
[85.533s][info][gc,stats    ] Concurrent Marking                 4158 us
[85.533s][info][gc,stats    ] Pause Final Mark (G)                635 us
[85.533s][info][gc,stats    ] Pause Final Mark (N)                511 us
[85.533s][info][gc,stats    ]   Finish Mark                       160 us
[85.533s][info][gc,stats    ]   Update Region States              119 us
[85.533s][info][gc,stats    ]   Choose Collection Set             103 us
[85.533s][info][gc,stats    ]   Rebuild Free Set                   24 us
[85.533s][info][gc,stats    ] Concurrent Weak References          174 us, parallelism: 0.07x
[85.533s][info][gc,stats    ]   CWRF: <total>                      12 us
[85.533s][info][gc,stats    ]   CWRF: Weak References              12 us, workers (us):  12, ---, ---, 
[85.533s][info][gc,stats    ] Concurrent Weak Roots              1004 us
[85.533s][info][gc,stats    ]   Roots                             856 us, parallelism: 0.94x
[85.533s][info][gc,stats    ]     CWR: <total>                    801 us
[85.533s][info][gc,stats    ]     CWR: Code Cache Roots           722 us, workers (us): 722, ---, ---, 
[85.533s][info][gc,stats    ]     CWR: VM Weak Roots               73 us, workers (us):  73, ---, ---, 
[85.533s][info][gc,stats    ]     CWR: CLDG Roots                   5 us, workers (us):   5, ---, ---, 
[85.533s][info][gc,stats    ]   Rendezvous                         81 us
[85.533s][info][gc,stats    ] Concurrent Cleanup                   67 us
[85.533s][info][gc,stats    ] Concurrent Class Unloading         4541 us
[85.533s][info][gc,stats    ]   Unlink Stale                     3986 us
[85.533s][info][gc,stats    ]     System Dictionary                 6 us
[85.533s][info][gc,stats    ]     Weak Class Links                  0 us
[85.533s][info][gc,stats    ]     Code Roots                     3978 us
[85.533s][info][gc,stats    ]   Rendezvous                        193 us
[85.533s][info][gc,stats    ]   Purge Unlinked                    285 us
[85.533s][info][gc,stats    ]     Code Roots                      273 us
[85.533s][info][gc,stats    ]     CLDG                             11 us
[85.533s][info][gc,stats    ]     Exception Caches                  0 us
[85.533s][info][gc,stats    ] Pause Final Roots (G)               203 us
[85.533s][info][gc,stats    ] Pause Final Roots (N)                87 us
[85.533s][info][gc,stats    ] 
[85.533s][info][gc,stats    ] Allocation pacing accrued:
[85.533s][info][gc,stats    ]       0 of    26 ms (  0.0%): <total>
[85.533s][info][gc,stats    ]       0 of    26 ms (  0.0%): <average total>
[85.533s][info][gc,stats    ] 
[85.533s][info][gc,metaspace] Metaspace: 15967K(16256K)->15967K(16256K) NonClass: 13797K(13952K)->13797K(13952K) Class: 2170K(2304K)->2170K(2304K)
[85.533s][info][gc,ergo     ] Pacer for Idle. Initial: 41943K, Alloc Tax Rate: 1.0x
[86.067s][info][gc          ] Trigger: Learning 2 of 5. Free (1417M) is below initial threshold (1433M)
[86.067s][info][gc,ergo     ] Free: 1417M, Max: 1024K regular, 1004M humongous, Frag: 30% external, 0% internal; Reserve: 103M, Max: 1024K
[86.067s][info][gc,start    ] GC(116) Concurrent reset
[86.067s][info][gc,task     ] GC(116) Using 1 of 3 workers for concurrent reset
[86.067s][info][gc,ergo     ] GC(116) Pacer for Reset. Non-Taxable: 2048M
[86.067s][info][gc          ] GC(116) Concurrent reset 0.369ms
[86.067s][info][gc,start    ] GC(116) Pause Init Mark (unload classes)
[86.067s][info][gc,task     ] GC(116) Using 3 of 3 workers for init marking
[86.068s][info][gc,ergo     ] GC(116) Pacer for Mark. Expected Live: 81925K, Free: 1417M, Non-Taxable: 141M, Alloc Tax Rate: 0.1x
[86.068s][info][gc          ] GC(116) Pause Init Mark (unload classes) 0.239ms
[86.068s][info][gc,start    ] GC(116) Concurrent marking roots
[86.068s][info][gc,task     ] GC(116) Using 1 of 3 workers for concurrent marking roots
[86.068s][info][gc          ] GC(116) Concurrent marking roots 0.529ms
[86.068s][info][gc,start    ] GC(116) Concurrent marking (unload classes)
[86.068s][info][gc,task     ] GC(116) Using 1 of 3 workers for concurrent marking
[86.466s][info][gc          ] GC(116) Concurrent marking (unload classes) 397.881ms
[86.466s][info][gc,start    ] GC(116) Pause Final Mark (unload classes)
[86.466s][info][gc,task     ] GC(116) Using 3 of 3 workers for final marking
[86.466s][info][gc,ergo     ] GC(116) Adaptive CSet Selection. Target Free: 290M, Actual Free: 1186M, Max CSet: 87381K, Min Garbage: 0B
[86.466s][info][gc,ergo     ] GC(116) Collectable Garbage: 196M (61%), Immediate: 27008K (8%), CSet: 169M (53%)
[86.466s][info][gc,ergo     ] GC(116) Pacer for Evacuation. Used CSet: 255M, Free: 1094M, Non-Taxable: 109M, Alloc Tax Rate: 1.1x
[86.466s][info][gc          ] GC(116) Pause Final Mark (unload classes) 0.222ms
[86.466s][info][gc,start    ] GC(116) Concurrent thread roots
[86.466s][info][gc,task     ] GC(116) Using 1 of 3 workers for Concurrent thread roots
[86.467s][info][gc          ] GC(116) Concurrent thread roots 0.498ms
[86.467s][info][gc,start    ] GC(116) Concurrent weak references
[86.467s][info][gc,task     ] GC(116) Using 1 of 3 workers for concurrent weak references
[86.467s][info][gc,ref      ] GC(116) Encountered references: Soft: 133, Weak: 684, Final: 0, Phantom: 63
[86.467s][info][gc,ref      ] GC(116) Discovered  references: Soft: 0, Weak: 153, Final: 0, Phantom: 26
[86.467s][info][gc,ref      ] GC(116) Enqueued    references: Soft: 0, Weak: 0, Final: 0, Phantom: 0
[86.467s][info][gc          ] GC(116) Concurrent weak references 0.057ms
[86.467s][info][gc,start    ] GC(116) Concurrent weak roots
[86.467s][info][gc,task     ] GC(116) Using 1 of 3 workers for concurrent weak root
[86.482s][info][gc          ] GC(116) Concurrent weak roots 14.700ms
[86.482s][info][gc,start    ] GC(116) Concurrent cleanup
[86.482s][info][gc          ] GC(116) Concurrent cleanup 860M->835M(2048M) 0.040ms
[86.482s][info][gc,ergo     ] GC(116) Free: 1086M, Max: 1024K regular, 1004M humongous, Frag: 8% external, 0% internal; Reserve: 93184K, Max: 1024K
[86.482s][info][gc,start    ] GC(116) Concurrent class unloading
[86.482s][info][gc,task     ] GC(116) Using 1 of 3 workers for concurrent class unloading
[86.498s][info][gc          ] GC(116) Concurrent class unloading 16.549ms
[86.498s][info][gc,start    ] GC(116) Concurrent strong roots
[86.498s][info][gc,task     ] GC(116) Using 1 of 3 workers for concurrent strong root
[86.499s][info][gc          ] GC(116) Concurrent strong roots 0.087ms
[86.499s][info][gc,start    ] GC(116) Concurrent evacuation
[86.499s][info][gc,task     ] GC(116) Using 1 of 3 workers for concurrent evacuation
[86.576s][info][gc          ] GC(116) Concurrent evacuation 77.742ms
[86.576s][info][gc,start    ] GC(116) Pause Init Update Refs
[86.577s][info][gc,ergo     ] GC(116) Pacer for Update Refs. Used: 985M, Free: 1015M, Non-Taxable: 101M, Alloc Tax Rate: 1.2x
[86.577s][info][gc          ] GC(116) Pause Init Update Refs 0.077ms
[86.577s][info][gc,start    ] GC(116) Concurrent update references
[86.577s][info][gc,task     ] GC(116) Using 1 of 3 workers for concurrent reference update
[87.071s][info][gc          ] GC(116) Concurrent update references 494.588ms
[87.071s][info][gc,start    ] GC(116) Concurrent update thread roots
[87.072s][info][gc          ] GC(116) Concurrent update thread roots 0.906ms
[87.072s][info][gc,start    ] GC(116) Pause Final Update Refs
[87.072s][info][gc,task     ] GC(116) Using 3 of 3 workers for final reference update
[87.073s][info][gc          ] GC(116) Pause Final Update Refs 0.268ms
[87.073s][info][gc,start    ] GC(116) Concurrent cleanup
[87.073s][info][gc          ] GC(116) Concurrent cleanup 995M->740M(2048M) 0.047ms
[87.073s][info][gc,ergo     ] Free: 1169M, Max: 1024K regular, 918M humongous, Frag: 22% external, 0% internal; Reserve: 103M, Max: 1024K
[87.073s][info][gc,stats    ] 
[87.073s][info][gc,stats    ] All times are wall-clock times, except per-root-class counters, that are sum over
[87.073s][info][gc,stats    ] all workers. Dividing the <total> over the root stage time estimates parallelism.
[87.073s][info][gc,stats    ] 
[87.073s][info][gc,stats    ] Concurrent Reset                    408 us
[87.073s][info][gc,stats    ] Pause Init Mark (G)                 423 us
[87.073s][info][gc,stats    ] Pause Init Mark (N)                 261 us
[87.073s][info][gc,stats    ]   Update Region States              101 us
[87.073s][info][gc,stats    ] Concurrent Mark Roots               566 us, parallelism: 0.66x
[87.073s][info][gc,stats    ]   CMR: <total>                      374 us
[87.073s][info][gc,stats    ]   CMR: Thread Roots                 302 us, workers (us): 302, ---, ---, 
[87.073s][info][gc,stats    ]   CMR: VM Strong Roots                7 us, workers (us):   7, ---, ---, 
[87.073s][info][gc,stats    ]   CMR: CLDG Roots                    65 us, workers (us):  65, ---, ---, 
[87.073s][info][gc,stats    ] Concurrent Marking               397945 us
[87.073s][info][gc,stats    ] Pause Final Mark (G)                302 us
[87.073s][info][gc,stats    ] Pause Final Mark (N)                230 us
[87.073s][info][gc,stats    ]   Finish Mark                        44 us
[87.073s][info][gc,stats    ]   Update Region States               27 us
[87.073s][info][gc,stats    ]   Choose Collection Set              80 us
[87.073s][info][gc,stats    ]   Rebuild Free Set                    8 us
[87.073s][info][gc,stats    ] Concurrent Thread Roots             509 us, parallelism: 0.89x
[87.073s][info][gc,stats    ]   CTR: <total>                      455 us
[87.073s][info][gc,stats    ]   CTR: Thread Roots                 455 us, workers (us): 455, ---, ---, 
[87.073s][info][gc,stats    ] Concurrent Weak References           64 us, parallelism: 0.19x
[87.073s][info][gc,stats    ]   CWRF: <total>                      12 us
[87.073s][info][gc,stats    ]   CWRF: Weak References              12 us, workers (us):  12, ---, ---, 
[87.073s][info][gc,stats    ] Concurrent Weak Roots             14761 us
[87.073s][info][gc,stats    ]   Roots                             975 us, parallelism: 0.96x
[87.073s][info][gc,stats    ]     CWR: <total>                    939 us
[87.073s][info][gc,stats    ]     CWR: Code Cache Roots           851 us, workers (us): 851, ---, ---, 
[87.073s][info][gc,stats    ]     CWR: VM Weak Roots               82 us, workers (us):  82, ---, ---, 
[87.073s][info][gc,stats    ]     CWR: CLDG Roots                   7 us, workers (us):   7, ---, ---, 
[87.073s][info][gc,stats    ]   Rendezvous                      13707 us
[87.073s][info][gc,stats    ] Concurrent Cleanup                   50 us
[87.073s][info][gc,stats    ] Concurrent Class Unloading        16606 us
[87.073s][info][gc,stats    ]   Unlink Stale                     4451 us
[87.073s][info][gc,stats    ]     System Dictionary                12 us
[87.073s][info][gc,stats    ]     Weak Class Links                  0 us
[87.073s][info][gc,stats    ]     Code Roots                     4437 us
[87.073s][info][gc,stats    ]   Rendezvous                      11832 us
[87.073s][info][gc,stats    ]   Purge Unlinked                    243 us
[87.073s][info][gc,stats    ]     Code Roots                      238 us
[87.073s][info][gc,stats    ]     CLDG                              5 us
[87.073s][info][gc,stats    ]     Exception Caches                  0 us
[87.073s][info][gc,stats    ] Concurrent Strong Roots             106 us, parallelism: 0.39x
[87.073s][info][gc,stats    ]   CSR: <total>                       42 us
[87.073s][info][gc,stats    ]   CSR: VM Strong Roots                3 us, workers (us):   3, ---, ---, 
[87.073s][info][gc,stats    ]   CSR: CLDG Roots                    39 us, workers (us):  39, ---, ---, 
[87.073s][info][gc,stats    ] Concurrent Evacuation             77834 us
[87.073s][info][gc,stats    ] Pause Init Update Refs (G)          224 us
[87.073s][info][gc,stats    ] Pause Init Update Refs (N)          112 us
[87.073s][info][gc,stats    ]   Manage GCLABs                       3 us
[87.073s][info][gc,stats    ] Concurrent Update Refs           494655 us
[87.073s][info][gc,stats    ] Concurrent Update Thread Roots      924 us
[87.073s][info][gc,stats    ] Pause Final Update Refs (G)         388 us
[87.073s][info][gc,stats    ] Pause Final Update Refs (N)         318 us
[87.073s][info][gc,stats    ]   Update Region States              125 us
[87.073s][info][gc,stats    ]   Trash Collection Set               16 us
[87.073s][info][gc,stats    ]   Rebuild Free Set                   31 us
[87.073s][info][gc,stats    ] Concurrent Cleanup                   57 us
[87.073s][info][gc,stats    ] 
[87.073s][info][gc,stats    ] Allocation pacing accrued:
[87.074s][info][gc,stats    ]       0 of  1541 ms (  0.0%): <total>
[87.074s][info][gc,stats    ]       0 of  1541 ms (  0.0%): <average total>
[87.074s][info][gc,stats    ] 
[87.074s][info][gc,metaspace] Metaspace: 15967K(16256K)->15967K(16256K) NonClass: 13797K(13952K)->13797K(13952K) Class: 2170K(2304K)->2170K(2304K)
[87.074s][info][gc,ergo     ] Pacer for Idle. Initial: 41943K, Alloc Tax Rate: 1.0x
[87.091s][info][gc          ] Trigger: Explicit GC request (System.gc())
[87.091s][info][gc,ergo     ] Free: 1169M, Max: 1024K regular, 918M humongous, Frag: 22% external, 0% internal; Reserve: 103M, Max: 1024K
[87.092s][info][gc,start    ] GC(117) Concurrent reset
[87.092s][info][gc,task     ] GC(117) Using 1 of 3 workers for concurrent reset
[87.092s][info][gc,ergo     ] GC(117) Pacer for Reset. Non-Taxable: 2048M
[87.094s][info][gc          ] GC(117) Concurrent reset 2.062ms
[87.094s][info][gc,start    ] GC(117) Pause Init Mark (unload classes)
[87.094s][info][gc,task     ] GC(117) Using 3 of 3 workers for init marking
[87.094s][info][gc,ref      ] GC(117) Clearing All SoftReferences
[87.094s][info][gc,ergo     ] GC(117) Pacer for Mark. Expected Live: 117M, Free: 1169M, Non-Taxable: 116M, Alloc Tax Rate: 0.1x
[87.094s][info][gc          ] GC(117) Pause Init Mark (unload classes) 0.172ms
[87.094s][info][gc,start    ] GC(117) Concurrent marking roots
[87.094s][info][gc,task     ] GC(117) Using 1 of 3 workers for concurrent marking roots
[87.094s][info][gc          ] GC(117) Concurrent marking roots 0.472ms
[87.094s][info][gc,start    ] GC(117) Concurrent marking (unload classes)
[87.094s][info][gc,task     ] GC(117) Using 1 of 3 workers for concurrent marking
[87.099s][info][gc          ] GC(117) Concurrent marking (unload classes) 4.518ms
[87.099s][info][gc,start    ] GC(117) Pause Final Mark (unload classes)
[87.099s][info][gc,task     ] GC(117) Using 3 of 3 workers for final marking
[87.099s][info][gc,ergo     ] GC(117) Collectable Garbage: 730M (99%), Immediate: 730M (99%), CSet: 0B (0%)
[87.100s][info][gc          ] GC(117) Pause Final Mark (unload classes) 0.499ms
[87.100s][info][gc,start    ] GC(117) Concurrent weak references
[87.100s][info][gc,task     ] GC(117) Using 1 of 3 workers for concurrent weak references
[87.100s][info][gc,ref      ] GC(117) Encountered references: Soft: 178, Weak: 683, Final: 0, Phantom: 63
[87.100s][info][gc,ref      ] GC(117) Discovered  references: Soft: 127, Weak: 165, Final: 0, Phantom: 61
[87.100s][info][gc,ref      ] GC(117) Enqueued    references: Soft: 48, Weak: 0, Final: 0, Phantom: 0
[87.100s][info][gc          ] GC(117) Concurrent weak references 0.179ms
[87.100s][info][gc,start    ] GC(117) Concurrent weak roots
[87.100s][info][gc,task     ] GC(117) Using 1 of 3 workers for concurrent weak root
[87.101s][info][gc          ] GC(117) Concurrent weak roots 0.960ms
[87.101s][info][gc,start    ] GC(117) Concurrent cleanup
[87.101s][info][gc          ] GC(117) Concurrent cleanup 740M->10M(2048M) 0.060ms
[87.101s][info][gc,ergo     ] GC(117) Free: 1934M, Max: 1024K regular, 1006M humongous, Frag: 48% external, 0% internal; Reserve: 103M, Max: 1024K
[87.101s][info][gc,start    ] GC(117) Concurrent class unloading
[87.101s][info][gc,task     ] GC(117) Using 1 of 3 workers for concurrent class unloading
[87.105s][info][gc          ] GC(117) Concurrent class unloading 4.599ms
[87.106s][info][gc,start    ] GC(117) Pause Final Roots
[87.106s][info][gc          ] GC(117) Pause Final Roots 0.067ms
[87.106s][info][gc,ergo     ] Free: 1934M, Max: 1024K regular, 1006M humongous, Frag: 48% external, 0% internal; Reserve: 103M, Max: 1024K
[87.106s][info][gc,stats    ] 
[87.106s][info][gc,stats    ] All times are wall-clock times, except per-root-class counters, that are sum over
[87.106s][info][gc,stats    ] all workers. Dividing the <total> over the root stage time estimates parallelism.
[87.106s][info][gc,stats    ] 
[87.106s][info][gc,stats    ] Concurrent Reset                   2081 us
[87.106s][info][gc,stats    ] Pause Init Mark (G)                 278 us
[87.106s][info][gc,stats    ] Pause Init Mark (N)                 181 us
[87.106s][info][gc,stats    ]   Update Region States               73 us
[87.106s][info][gc,stats    ] Concurrent Mark Roots               508 us, parallelism: 0.66x
[87.106s][info][gc,stats    ]   CMR: <total>                      336 us
[87.106s][info][gc,stats    ]   CMR: Thread Roots                 295 us, workers (us): 295, ---, ---, 
[87.106s][info][gc,stats    ]   CMR: VM Strong Roots                4 us, workers (us):   4, ---, ---, 
[87.106s][info][gc,stats    ]   CMR: CLDG Roots                    38 us, workers (us):  38, ---, ---, 
[87.106s][info][gc,stats    ] Concurrent Marking                 4580 us
[87.106s][info][gc,stats    ] Pause Final Mark (G)                654 us
[87.106s][info][gc,stats    ] Pause Final Mark (N)                530 us
[87.106s][info][gc,stats    ]   Finish Mark                       162 us
[87.106s][info][gc,stats    ]   Update Region States              123 us
[87.106s][info][gc,stats    ]   Choose Collection Set             110 us
[87.106s][info][gc,stats    ]   Rebuild Free Set                   25 us
[87.106s][info][gc,stats    ] Concurrent Weak References          188 us, parallelism: 0.08x
[87.106s][info][gc,stats    ]   CWRF: <total>                      14 us
[87.106s][info][gc,stats    ]   CWRF: Weak References              14 us, workers (us):  14, ---, ---, 
[87.106s][info][gc,stats    ] Concurrent Weak Roots               997 us
[87.106s][info][gc,stats    ]   Roots                             862 us, parallelism: 0.93x
[87.106s][info][gc,stats    ]     CWR: <total>                    797 us
[87.106s][info][gc,stats    ]     CWR: Code Cache Roots           714 us, workers (us): 714, ---, ---, 
[87.106s][info][gc,stats    ]     CWR: VM Weak Roots               76 us, workers (us):  76, ---, ---, 
[87.106s][info][gc,stats    ]     CWR: CLDG Roots                   7 us, workers (us):   7, ---, ---, 
[87.106s][info][gc,stats    ]   Rendezvous                         83 us
[87.106s][info][gc,stats    ] Concurrent Cleanup                   69 us
[87.106s][info][gc,stats    ] Concurrent Class Unloading         4648 us
[87.106s][info][gc,stats    ]   Unlink Stale                     4034 us
[87.106s][info][gc,stats    ]     System Dictionary                 6 us
[87.106s][info][gc,stats    ]     Weak Class Links                  0 us
[87.106s][info][gc,stats    ]     Code Roots                     4026 us
[87.106s][info][gc,stats    ]   Rendezvous                        220 us
[87.106s][info][gc,stats    ]   Purge Unlinked                    327 us
[87.106s][info][gc,stats    ]     Code Roots                      313 us
[87.107s][info][gc,stats    ]     CLDG                             12 us
[87.107s][info][gc,stats    ]     Exception Caches                  0 us
[87.107s][info][gc,stats    ] Pause Final Roots (G)               202 us
[87.107s][info][gc,stats    ] Pause Final Roots (N)                85 us
[87.107s][info][gc,stats    ] 
[87.107s][info][gc,stats    ] Allocation pacing accrued:
[87.107s][info][gc,stats    ]       0 of    33 ms (  0.0%): <total>
[87.107s][info][gc,stats    ]       0 of    33 ms (  0.0%): <average total>
[87.107s][info][gc,stats    ] 
[87.107s][info][gc,metaspace] Metaspace: 15967K(16256K)->15967K(16256K) NonClass: 13797K(13952K)->13797K(13952K) Class: 2170K(2304K)->2170K(2304K)
[87.107s][info][gc,ergo     ] Pacer for Idle. Initial: 41943K, Alloc Tax Rate: 1.0x
[87.640s][info][gc          ] Trigger: Learning 2 of 5. Free (1417M) is below initial threshold (1433M)
[87.640s][info][gc,ergo     ] Free: 1417M, Max: 1024K regular, 1006M humongous, Frag: 30% external, 0% internal; Reserve: 103M, Max: 1024K
[87.640s][info][gc,start    ] GC(118) Concurrent reset
[87.640s][info][gc,task     ] GC(118) Using 1 of 3 workers for concurrent reset
[87.640s][info][gc,ergo     ] GC(118) Pacer for Reset. Non-Taxable: 2048M
[87.641s][info][gc          ] GC(118) Concurrent reset 0.396ms
[87.641s][info][gc,start    ] GC(118) Pause Init Mark (unload classes)
[87.641s][info][gc,task     ] GC(118) Using 3 of 3 workers for init marking
[87.641s][info][gc,ergo     ] GC(118) Pacer for Mark. Expected Live: 81698K, Free: 1417M, Non-Taxable: 141M, Alloc Tax Rate: 0.1x
[87.641s][info][gc          ] GC(118) Pause Init Mark (unload classes) 0.195ms
[87.641s][info][gc,start    ] GC(118) Concurrent marking roots
[87.641s][info][gc,task     ] GC(118) Using 1 of 3 workers for concurrent marking roots
[87.642s][info][gc          ] GC(118) Concurrent marking roots 0.800ms
[87.642s][info][gc,start    ] GC(118) Concurrent marking (unload classes)
[87.642s][info][gc,task     ] GC(118) Using 1 of 3 workers for concurrent marking
[87.968s][info][gc          ] GC(118) Concurrent marking (unload classes) 326.411ms
[87.968s][info][gc,start    ] GC(118) Pause Final Mark (unload classes)
[87.968s][info][gc,task     ] GC(118) Using 3 of 3 workers for final marking
[87.969s][info][gc,ergo     ] GC(118) Adaptive CSet Selection. Target Free: 290M, Actual Free: 1263M, Max CSet: 87381K, Min Garbage: 0B
[87.969s][info][gc,ergo     ] GC(118) Collectable Garbage: 194M (61%), Immediate: 29312K (8%), CSet: 165M (52%)
[87.969s][info][gc,ergo     ] GC(118) Pacer for Evacuation. Used CSet: 251M, Free: 1173M, Non-Taxable: 117M, Alloc Tax Rate: 1.1x
[87.969s][info][gc          ] GC(118) Pause Final Mark (unload classes) 0.256ms
[87.990s][info][gc,start    ] GC(118) Concurrent thread roots
[87.991s][info][gc,task     ] GC(118) Using 1 of 3 workers for Concurrent thread roots
[87.991s][info][gc          ] GC(118) Concurrent thread roots 0.511ms
[87.991s][info][gc,start    ] GC(118) Concurrent weak references
[87.991s][info][gc,task     ] GC(118) Using 1 of 3 workers for concurrent weak references
[87.991s][info][gc,ref      ] GC(118) Encountered references: Soft: 133, Weak: 684, Final: 0, Phantom: 63
[87.991s][info][gc,ref      ] GC(118) Discovered  references: Soft: 0, Weak: 152, Final: 0, Phantom: 26
[87.991s][info][gc,ref      ] GC(118) Enqueued    references: Soft: 0, Weak: 0, Final: 0, Phantom: 0
[87.991s][info][gc          ] GC(118) Concurrent weak references 0.075ms
[87.991s][info][gc,start    ] GC(118) Concurrent weak roots
[87.991s][info][gc,task     ] GC(118) Using 1 of 3 workers for concurrent weak root
[88.005s][info][gc          ] GC(118) Concurrent weak roots 13.463ms
[88.005s][info][gc,start    ] GC(118) Concurrent cleanup
[88.005s][info][gc          ] GC(118) Concurrent cleanup 819M->790M(2048M) 0.036ms
[88.005s][info][gc,ergo     ] GC(118) Free: 1140M, Max: 1024K regular, 1101M humongous, Frag: 4% external, 0% internal; Reserve: 88572K, Max: 1024K
[88.005s][info][gc,start    ] GC(118) Concurrent class unloading
[88.005s][info][gc,task     ] GC(118) Using 1 of 3 workers for concurrent class unloading
[88.019s][info][gc          ] GC(118) Concurrent class unloading 14.180ms
[88.019s][info][gc,start    ] GC(118) Concurrent strong roots
[88.019s][info][gc,task     ] GC(118) Using 1 of 3 workers for concurrent strong root
[88.019s][info][gc          ] GC(118) Concurrent strong roots 0.087ms
[88.019s][info][gc,start    ] GC(118) Concurrent evacuation
[88.019s][info][gc,task     ] GC(118) Using 1 of 3 workers for concurrent evacuation
[88.097s][info][gc          ] GC(118) Concurrent evacuation 77.504ms
[88.097s][info][gc,start    ] GC(118) Pause Init Update Refs
[88.097s][info][gc,ergo     ] GC(118) Pacer for Update Refs. Used: 950M, Free: 1047M, Non-Taxable: 104M, Alloc Tax Rate: 1.1x
[88.097s][info][gc          ] GC(118) Pause Init Update Refs 0.092ms
[88.099s][info][gc,start    ] GC(118) Concurrent update references
[88.099s][info][gc,task     ] GC(118) Using 1 of 3 workers for concurrent reference update
[88.523s][info][gc          ] GC(118) Concurrent update references 423.678ms
[88.523s][info][gc,start    ] GC(118) Concurrent update thread roots
[88.523s][info][gc          ] GC(118) Concurrent update thread roots 0.910ms
[88.524s][info][gc,start    ] GC(118) Pause Final Update Refs
[88.524s][info][gc,task     ] GC(118) Using 3 of 3 workers for final reference update
[88.524s][info][gc          ] GC(118) Pause Final Update Refs 0.268ms
[88.524s][info][gc,start    ] GC(118) Concurrent cleanup
[88.524s][info][gc          ] GC(118) Concurrent cleanup 990M->739M(2048M) 0.046ms
[88.524s][info][gc,ergo     ] Free: 1170M, Max: 1024K regular, 921M humongous, Frag: 22% external, 0% internal; Reserve: 103M, Max: 1024K
[88.524s][info][gc,stats    ] 
[88.524s][info][gc,stats    ] All times are wall-clock times, except per-root-class counters, that are sum over
[88.524s][info][gc,stats    ] all workers. Dividing the <total> over the root stage time estimates parallelism.
[88.524s][info][gc,stats    ] 
[88.524s][info][gc,stats    ] Concurrent Reset                    447 us
[88.524s][info][gc,stats    ] Pause Init Mark (G)                 342 us
[88.524s][info][gc,stats    ] Pause Init Mark (N)                 211 us
[88.524s][info][gc,stats    ]   Update Region States               77 us
[88.524s][info][gc,stats    ] Concurrent Mark Roots               819 us, parallelism: 0.85x
[88.524s][info][gc,stats    ]   CMR: <total>                      699 us
[88.524s][info][gc,stats    ]   CMR: Thread Roots                 629 us, workers (us): 629, ---, ---, 
[88.524s][info][gc,stats    ]   CMR: VM Strong Roots                6 us, workers (us):   6, ---, ---, 
[88.524s][info][gc,stats    ]   CMR: CLDG Roots                    65 us, workers (us):  65, ---, ---, 
[88.524s][info][gc,stats    ] Concurrent Marking               326463 us
[88.524s][info][gc,stats    ] Pause Final Mark (G)              22099 us
[88.524s][info][gc,stats    ] Pause Final Mark (N)                265 us
[88.524s][info][gc,stats    ]   Finish Mark                        37 us
[88.524s][info][gc,stats    ]   Update Region States               32 us
[88.524s][info][gc,stats    ]   Choose Collection Set              90 us
[88.524s][info][gc,stats    ]   Rebuild Free Set                    9 us
[88.524s][info][gc,stats    ] Concurrent Thread Roots             522 us, parallelism: 0.76x
[88.524s][info][gc,stats    ]   CTR: <total>                      399 us
[88.524s][info][gc,stats    ]   CTR: Thread Roots                 399 us, workers (us): 399, ---, ---, 
[88.524s][info][gc,stats    ] Concurrent Weak References           82 us, parallelism: 0.18x
[88.524s][info][gc,stats    ]   CWRF: <total>                      15 us
[88.524s][info][gc,stats    ]   CWRF: Weak References              15 us, workers (us):  15, ---, ---, 
[88.524s][info][gc,stats    ] Concurrent Weak Roots             13519 us
[88.524s][info][gc,stats    ]   Roots                            1080 us, parallelism: 0.96x
[88.524s][info][gc,stats    ]     CWR: <total>                   1034 us
[88.524s][info][gc,stats    ]     CWR: Code Cache Roots           937 us, workers (us): 937, ---, ---, 
[88.524s][info][gc,stats    ]     CWR: VM Weak Roots               90 us, workers (us):  90, ---, ---, 
[88.524s][info][gc,stats    ]     CWR: CLDG Roots                   7 us, workers (us):   7, ---, ---, 
[88.524s][info][gc,stats    ]   Rendezvous                      12366 us
[88.524s][info][gc,stats    ] Concurrent Cleanup                   43 us
[88.524s][info][gc,stats    ] Concurrent Class Unloading        14227 us
[88.524s][info][gc,stats    ]   Unlink Stale                     4178 us
[88.524s][info][gc,stats    ]     System Dictionary                11 us
[88.524s][info][gc,stats    ]     Weak Class Links                  0 us
[88.524s][info][gc,stats    ]     Code Roots                     4165 us
[88.524s][info][gc,stats    ]   Rendezvous                       9758 us
[88.524s][info][gc,stats    ]   Purge Unlinked                    225 us
[88.524s][info][gc,stats    ]     Code Roots                      220 us
[88.524s][info][gc,stats    ]     CLDG                              5 us
[88.524s][info][gc,stats    ]     Exception Caches                  0 us
[88.524s][info][gc,stats    ] Concurrent Strong Roots              95 us, parallelism: 0.44x
[88.524s][info][gc,stats    ]   CSR: <total>                       42 us
[88.524s][info][gc,stats    ]   CSR: VM Strong Roots                4 us, workers (us):   4, ---, ---, 
[88.524s][info][gc,stats    ]   CSR: CLDG Roots                    38 us, workers (us):  38, ---, ---, 
[88.524s][info][gc,stats    ] Concurrent Evacuation             77579 us
[88.524s][info][gc,stats    ] Pause Init Update Refs (G)         2245 us
[88.524s][info][gc,stats    ] Pause Init Update Refs (N)          101 us
[88.524s][info][gc,stats    ]   Manage GCLABs                       3 us
[88.524s][info][gc,stats    ] Concurrent Update Refs           423751 us
[88.524s][info][gc,stats    ] Concurrent Update Thread Roots      941 us
[88.524s][info][gc,stats    ] Pause Final Update Refs (G)         422 us
[88.524s][info][gc,stats    ] Pause Final Update Refs (N)         317 us
[88.524s][info][gc,stats    ]   Update Region States              129 us
[88.524s][info][gc,stats    ]   Trash Collection Set               15 us
[88.524s][info][gc,stats    ]   Rebuild Free Set                   32 us
[88.524s][info][gc,stats    ] Concurrent Cleanup                   56 us
[88.524s][info][gc,stats    ] 
[88.524s][info][gc,stats    ] Allocation pacing accrued:
[88.524s][info][gc,stats    ]       0 of  1418 ms (  0.0%): <total>
[88.524s][info][gc,stats    ]       0 of  1418 ms (  0.0%): <average total>
[88.524s][info][gc,stats    ] 
[88.524s][info][gc,metaspace] Metaspace: 15967K(16256K)->15967K(16256K) NonClass: 13797K(13952K)->13797K(13952K) Class: 2170K(2304K)->2170K(2304K)
[88.524s][info][gc,ergo     ] Pacer for Idle. Initial: 41943K, Alloc Tax Rate: 1.0x
[88.534s][info][gc          ] Trigger: Explicit GC request (System.gc())
[88.534s][info][gc,ergo     ] Free: 1170M, Max: 1024K regular, 921M humongous, Frag: 22% external, 0% internal; Reserve: 103M, Max: 1024K
[88.534s][info][gc,start    ] GC(119) Concurrent reset
[88.534s][info][gc,task     ] GC(119) Using 1 of 3 workers for concurrent reset
[88.534s][info][gc,ergo     ] GC(119) Pacer for Reset. Non-Taxable: 2048M
[88.537s][info][gc          ] GC(119) Concurrent reset 3.109ms
[88.537s][info][gc,start    ] GC(119) Pause Init Mark (unload classes)
[88.537s][info][gc,task     ] GC(119) Using 3 of 3 workers for init marking
[88.537s][info][gc,ref      ] GC(119) Clearing All SoftReferences
[88.538s][info][gc,ergo     ] GC(119) Pacer for Mark. Expected Live: 117M, Free: 1170M, Non-Taxable: 117M, Alloc Tax Rate: 0.1x
[88.538s][info][gc          ] GC(119) Pause Init Mark (unload classes) 0.283ms
[88.538s][info][gc,start    ] GC(119) Concurrent marking roots
[88.538s][info][gc,task     ] GC(119) Using 1 of 3 workers for concurrent marking roots
[88.538s][info][gc          ] GC(119) Concurrent marking roots 0.741ms
[88.538s][info][gc,start    ] GC(119) Concurrent marking (unload classes)
[88.538s][info][gc,task     ] GC(119) Using 1 of 3 workers for concurrent marking
[88.543s][info][gc          ] GC(119) Concurrent marking (unload classes) 4.461ms
[88.543s][info][gc,start    ] GC(119) Pause Final Mark (unload classes)
[88.543s][info][gc,task     ] GC(119) Using 3 of 3 workers for final marking
[88.543s][info][gc,ergo     ] GC(119) Collectable Garbage: 726M (98%), Immediate: 726M (98%), CSet: 0B (0%)
[88.543s][info][gc          ] GC(119) Pause Final Mark (unload classes) 0.491ms
[88.544s][info][gc,start    ] GC(119) Concurrent weak references
[88.544s][info][gc,task     ] GC(119) Using 1 of 3 workers for concurrent weak references
[88.544s][info][gc,ref      ] GC(119) Encountered references: Soft: 178, Weak: 683, Final: 0, Phantom: 63
[88.544s][info][gc,ref      ] GC(119) Discovered  references: Soft: 127, Weak: 165, Final: 0, Phantom: 61
[88.544s][info][gc,ref      ] GC(119) Enqueued    references: Soft: 48, Weak: 0, Final: 0, Phantom: 0
[88.544s][info][gc          ] GC(119) Concurrent weak references 0.164ms
[88.544s][info][gc,start    ] GC(119) Concurrent weak roots
[88.544s][info][gc,task     ] GC(119) Using 1 of 3 workers for concurrent weak root
[88.545s][info][gc          ] GC(119) Concurrent weak roots 0.935ms
[88.545s][info][gc,start    ] GC(119) Concurrent cleanup
[88.545s][info][gc          ] GC(119) Concurrent cleanup 739M->12M(2048M) 0.058ms
[88.545s][info][gc,ergo     ] GC(119) Free: 1932M, Max: 1024K regular, 1005M humongous, Frag: 48% external, 0% internal; Reserve: 103M, Max: 1024K
[88.545s][info][gc,start    ] GC(119) Concurrent class unloading
[88.545s][info][gc,task     ] GC(119) Using 1 of 3 workers for concurrent class unloading
[88.549s][info][gc          ] GC(119) Concurrent class unloading 4.487ms
[88.549s][info][gc,start    ] GC(119) Pause Final Roots
[88.550s][info][gc          ] GC(119) Pause Final Roots 0.070ms
[88.550s][info][gc,ergo     ] Free: 1932M, Max: 1024K regular, 1005M humongous, Frag: 48% external, 0% internal; Reserve: 103M, Max: 1024K
[88.550s][info][gc,stats    ] 
[88.550s][info][gc,stats    ] All times are wall-clock times, except per-root-class counters, that are sum over
[88.550s][info][gc,stats    ] all workers. Dividing the <total> over the root stage time estimates parallelism.
[88.550s][info][gc,stats    ] 
[88.550s][info][gc,stats    ] Concurrent Reset                   3177 us
[88.550s][info][gc,stats    ] Pause Init Mark (G)                 410 us
[88.550s][info][gc,stats    ] Pause Init Mark (N)                 304 us
[88.550s][info][gc,stats    ]   Update Region States              128 us
[88.550s][info][gc,stats    ] Concurrent Mark Roots               765 us, parallelism: 0.82x
[88.550s][info][gc,stats    ]   CMR: <total>                      630 us
[88.550s][info][gc,stats    ]   CMR: Thread Roots                 559 us, workers (us): 559, ---, ---, 
[88.550s][info][gc,stats    ]   CMR: VM Strong Roots                6 us, workers (us):   6, ---, ---, 
[88.550s][info][gc,stats    ]   CMR: CLDG Roots                    65 us, workers (us):  65, ---, ---, 
[88.550s][info][gc,stats    ] Concurrent Marking                 4518 us
[88.550s][info][gc,stats    ] Pause Final Mark (G)                640 us
[88.550s][info][gc,stats    ] Pause Final Mark (N)                516 us
[88.550s][info][gc,stats    ]   Finish Mark                       160 us
[88.550s][info][gc,stats    ]   Update Region States              124 us
[88.550s][info][gc,stats    ]   Choose Collection Set             102 us
[88.550s][info][gc,stats    ]   Rebuild Free Set                   24 us
[88.550s][info][gc,stats    ] Concurrent Weak References          172 us, parallelism: 0.09x
[88.550s][info][gc,stats    ]   CWRF: <total>                      15 us
[88.550s][info][gc,stats    ]   CWRF: Weak References              15 us, workers (us):  15, ---, ---, 
[88.550s][info][gc,stats    ] Concurrent Weak Roots               971 us
[88.550s][info][gc,stats    ]   Roots                             859 us, parallelism: 0.92x
[88.550s][info][gc,stats    ]     CWR: <total>                    794 us
[88.550s][info][gc,stats    ]     CWR: Code Cache Roots           713 us, workers (us): 713, ---, ---, 
[88.550s][info][gc,stats    ]     CWR: VM Weak Roots               76 us, workers (us):  76, ---, ---, 
[88.550s][info][gc,stats    ]     CWR: CLDG Roots                   5 us, workers (us):   5, ---, ---, 
[88.550s][info][gc,stats    ]   Rendezvous                         58 us
[88.550s][info][gc,stats    ] Concurrent Cleanup                   67 us
[88.550s][info][gc,stats    ] Concurrent Class Unloading         4606 us
[88.550s][info][gc,stats    ]   Unlink Stale                     3921 us
[88.550s][info][gc,stats    ]     System Dictionary                 5 us
[88.550s][info][gc,stats    ]     Weak Class Links                  0 us
[88.550s][info][gc,stats    ]     Code Roots                     3913 us
[88.550s][info][gc,stats    ]   Rendezvous                        220 us
[88.550s][info][gc,stats    ]   Purge Unlinked                    328 us
[88.550s][info][gc,stats    ]     Code Roots                      314 us
[88.550s][info][gc,stats    ]     CLDG                             12 us
[88.550s][info][gc,stats    ]     Exception Caches                  0 us
[88.550s][info][gc,stats    ] Pause Final Roots (G)               184 us
[88.550s][info][gc,stats    ] Pause Final Roots (N)                89 us
[88.550s][info][gc,stats    ] 
[88.550s][info][gc,stats    ] Allocation pacing accrued:
[88.550s][info][gc,stats    ]       0 of    25 ms (  0.0%): <total>
[88.550s][info][gc,stats    ]       0 of    25 ms (  0.0%): <average total>
[88.550s][info][gc,stats    ] 
[88.550s][info][gc,metaspace] Metaspace: 15967K(16256K)->15967K(16256K) NonClass: 13797K(13952K)->13797K(13952K) Class: 2170K(2304K)->2170K(2304K)
[88.550s][info][gc,ergo     ] Pacer for Idle. Initial: 41943K, Alloc Tax Rate: 1.0x
[89.084s][info][gc          ] Trigger: Learning 2 of 5. Free (1414M) is below initial threshold (1433M)
[89.084s][info][gc,ergo     ] Free: 1414M, Max: 1024K regular, 1005M humongous, Frag: 29% external, 0% internal; Reserve: 103M, Max: 1024K
[89.084s][info][gc,start    ] GC(120) Concurrent reset
[89.084s][info][gc,task     ] GC(120) Using 1 of 3 workers for concurrent reset
[89.084s][info][gc,ergo     ] GC(120) Pacer for Reset. Non-Taxable: 2048M
[89.084s][info][gc          ] GC(120) Concurrent reset 0.345ms
[89.085s][info][gc,start    ] GC(120) Pause Init Mark (unload classes)
[89.085s][info][gc,task     ] GC(120) Using 3 of 3 workers for init marking
[89.085s][info][gc,ergo     ] GC(120) Pacer for Mark. Expected Live: 81873K, Free: 1413M, Non-Taxable: 141M, Alloc Tax Rate: 0.1x
[89.085s][info][gc          ] GC(120) Pause Init Mark (unload classes) 0.267ms
[89.085s][info][gc,start    ] GC(120) Concurrent marking roots
[89.085s][info][gc,task     ] GC(120) Using 1 of 3 workers for concurrent marking roots
[89.085s][info][gc          ] GC(120) Concurrent marking roots 0.408ms
[89.085s][info][gc,start    ] GC(120) Concurrent marking (unload classes)
[89.085s][info][gc,task     ] GC(120) Using 1 of 3 workers for concurrent marking
[89.419s][info][gc          ] GC(120) Concurrent marking (unload classes) 333.308ms
[89.419s][info][gc,start    ] GC(120) Pause Final Mark (unload classes)
[89.419s][info][gc,task     ] GC(120) Using 3 of 3 workers for final marking
[89.419s][info][gc,ergo     ] GC(120) Adaptive CSet Selection. Target Free: 290M, Actual Free: 1255M, Max CSet: 87381K, Min Garbage: 0B
[89.419s][info][gc,ergo     ] GC(120) Collectable Garbage: 197M (61%), Immediate: 29354K (8%), CSet: 168M (52%)
[89.419s][info][gc,ergo     ] GC(120) Pacer for Evacuation. Used CSet: 254M, Free: 1165M, Non-Taxable: 116M, Alloc Tax Rate: 1.1x
[89.419s][info][gc          ] GC(120) Pause Final Mark (unload classes) 0.243ms
[89.434s][info][gc,start    ] GC(120) Concurrent thread roots
[89.434s][info][gc,task     ] GC(120) Using 1 of 3 workers for Concurrent thread roots
[89.435s][info][gc          ] GC(120) Concurrent thread roots 0.497ms
[89.435s][info][gc,start    ] GC(120) Concurrent weak references
[89.435s][info][gc,task     ] GC(120) Using 1 of 3 workers for concurrent weak references
[89.435s][info][gc,ref      ] GC(120) Encountered references: Soft: 133, Weak: 684, Final: 0, Phantom: 63
[89.435s][info][gc,ref      ] GC(120) Discovered  references: Soft: 0, Weak: 152, Final: 0, Phantom: 26
[89.435s][info][gc,ref      ] GC(120) Enqueued    references: Soft: 0, Weak: 0, Final: 0, Phantom: 0
[89.435s][info][gc          ] GC(120) Concurrent weak references 0.072ms
[89.435s][info][gc,start    ] GC(120) Concurrent weak roots
[89.435s][info][gc,task     ] GC(120) Using 1 of 3 workers for concurrent weak root
[89.450s][info][gc          ] GC(120) Concurrent weak roots 15.009ms
[89.450s][info][gc,start    ] GC(120) Concurrent cleanup
[89.450s][info][gc          ] GC(120) Concurrent cleanup 810M->782M(2048M) 0.042ms
[89.450s][info][gc,ergo     ] GC(120) Free: 1149M, Max: 1024K regular, 1110M humongous, Frag: 4% external, 0% internal; Reserve: 90112K, Max: 1024K
[89.450s][info][gc,start    ] GC(120) Concurrent class unloading
[89.450s][info][gc,task     ] GC(120) Using 1 of 3 workers for concurrent class unloading
[89.466s][info][gc          ] GC(120) Concurrent class unloading 15.774ms
[89.466s][info][gc,start    ] GC(120) Concurrent strong roots
[89.466s][info][gc,task     ] GC(120) Using 1 of 3 workers for concurrent strong root
[89.466s][info][gc          ] GC(120) Concurrent strong roots 0.080ms
[89.466s][info][gc,start    ] GC(120) Concurrent evacuation
[89.466s][info][gc,task     ] GC(120) Using 1 of 3 workers for concurrent evacuation
[89.545s][info][gc          ] GC(120) Concurrent evacuation 78.858ms
[89.545s][info][gc,start    ] GC(120) Pause Init Update Refs
[89.545s][info][gc,ergo     ] GC(120) Pacer for Update Refs. Used: 944M, Free: 1054M, Non-Taxable: 105M, Alloc Tax Rate: 1.1x
[89.545s][info][gc          ] GC(120) Pause Init Update Refs 0.037ms
[89.563s][info][gc,start    ] GC(120) Concurrent update references
[89.563s][info][gc,task     ] GC(120) Using 1 of 3 workers for concurrent reference update
[89.975s][info][gc          ] GC(120) Concurrent update references 412.348ms
[89.975s][info][gc,start    ] GC(120) Concurrent update thread roots
[89.976s][info][gc          ] GC(120) Concurrent update thread roots 0.418ms
[89.976s][info][gc,start    ] GC(120) Pause Final Update Refs
[89.976s][info][gc,task     ] GC(120) Using 3 of 3 workers for final reference update
[89.976s][info][gc          ] GC(120) Pause Final Update Refs 0.355ms
[89.976s][info][gc,start    ] GC(120) Concurrent cleanup
[89.976s][info][gc          ] GC(120) Concurrent cleanup 994M->740M(2048M) 0.110ms
[89.976s][info][gc,ergo     ] Free: 1170M, Max: 1024K regular, 920M humongous, Frag: 22% external, 0% internal; Reserve: 103M, Max: 1024K
[89.976s][info][gc,stats    ] 
[89.976s][info][gc,stats    ] All times are wall-clock times, except per-root-class counters, that are sum over
[89.976s][info][gc,stats    ] all workers. Dividing the <total> over the root stage time estimates parallelism.
[89.976s][info][gc,stats    ] 
[89.976s][info][gc,stats    ] Concurrent Reset                    410 us
[89.976s][info][gc,stats    ] Pause Init Mark (G)                 445 us
[89.976s][info][gc,stats    ] Pause Init Mark (N)                 285 us
[89.976s][info][gc,stats    ]   Update Region States              128 us
[89.976s][info][gc,stats    ] Concurrent Mark Roots               426 us, parallelism: 0.80x
[89.976s][info][gc,stats    ]   CMR: <total>                      339 us
[89.976s][info][gc,stats    ]   CMR: Thread Roots                 303 us, workers (us): 303, ---, ---, 
[89.976s][info][gc,stats    ]   CMR: VM Strong Roots                4 us, workers (us):   4, ---, ---, 
[89.976s][info][gc,stats    ]   CMR: CLDG Roots                    33 us, workers (us):  33, ---, ---, 
[89.976s][info][gc,stats    ] Concurrent Marking               333386 us
[89.976s][info][gc,stats    ] Pause Final Mark (G)              15626 us
[89.976s][info][gc,stats    ] Pause Final Mark (N)                252 us
[89.976s][info][gc,stats    ]   Finish Mark                        49 us
[89.976s][info][gc,stats    ]   Update Region States               29 us
[89.976s][info][gc,stats    ]   Choose Collection Set              79 us
[89.976s][info][gc,stats    ]   Rebuild Free Set                    9 us
[89.976s][info][gc,stats    ] Concurrent Thread Roots             519 us, parallelism: 0.75x
[89.976s][info][gc,stats    ]   CTR: <total>                      392 us
[89.976s][info][gc,stats    ]   CTR: Thread Roots                 392 us, workers (us): 392, ---, ---, 
[89.976s][info][gc,stats    ] Concurrent Weak References           79 us, parallelism: 0.19x
[89.976s][info][gc,stats    ]   CWRF: <total>                      15 us
[89.977s][info][gc,stats    ]   CWRF: Weak References              15 us, workers (us):  15, ---, ---, 
[89.977s][info][gc,stats    ] Concurrent Weak Roots             15076 us
[89.977s][info][gc,stats    ]   Roots                            1166 us, parallelism: 0.96x
[89.977s][info][gc,stats    ]     CWR: <total>                   1120 us
[89.977s][info][gc,stats    ]     CWR: Code Cache Roots          1024 us, workers (us): 1024, ---, ---, 
[89.977s][info][gc,stats    ]     CWR: VM Weak Roots               88 us, workers (us):  88, ---, ---, 
[89.977s][info][gc,stats    ]     CWR: CLDG Roots                   8 us, workers (us):   8, ---, ---, 
[89.977s][info][gc,stats    ]   Rendezvous                      13823 us
[89.977s][info][gc,stats    ] Concurrent Cleanup                   51 us
[89.977s][info][gc,stats    ] Concurrent Class Unloading        15832 us
[89.977s][info][gc,stats    ]   Unlink Stale                     4279 us
[89.977s][info][gc,stats    ]     System Dictionary                11 us
[89.977s][info][gc,stats    ]     Weak Class Links                  0 us
[89.977s][info][gc,stats    ]     Code Roots                     4266 us
[89.977s][info][gc,stats    ]   Rendezvous                      11189 us
[89.977s][info][gc,stats    ]   Purge Unlinked                    285 us
[89.977s][info][gc,stats    ]     Code Roots                      279 us
[89.977s][info][gc,stats    ]     CLDG                              6 us
[89.977s][info][gc,stats    ]     Exception Caches                  0 us
[89.977s][info][gc,stats    ] Concurrent Strong Roots              88 us, parallelism: 0.47x
[89.977s][info][gc,stats    ]   CSR: <total>                       42 us
[89.977s][info][gc,stats    ]   CSR: VM Strong Roots                7 us, workers (us):   7, ---, ---, 
[89.977s][info][gc,stats    ]   CSR: CLDG Roots                    35 us, workers (us):  35, ---, ---, 
[89.977s][info][gc,stats    ] Concurrent Evacuation             78927 us
[89.977s][info][gc,stats    ] Pause Init Update Refs (G)        17786 us
[89.977s][info][gc,stats    ] Pause Init Update Refs (N)           45 us
[89.977s][info][gc,stats    ]   Manage GCLABs                       7 us
[89.977s][info][gc,stats    ] Concurrent Update Refs           412427 us
[89.977s][info][gc,stats    ] Concurrent Update Thread Roots      467 us
[89.977s][info][gc,stats    ] Pause Final Update Refs (G)         436 us
[89.977s][info][gc,stats    ] Pause Final Update Refs (N)         365 us
[89.977s][info][gc,stats    ]   Update Region States              260 us
[89.977s][info][gc,stats    ]   Trash Collection Set                9 us
[89.977s][info][gc,stats    ]   Rebuild Free Set                   20 us
[89.977s][info][gc,stats    ] Concurrent Cleanup                  136 us
[89.977s][info][gc,stats    ] 
[89.977s][info][gc,stats    ] Allocation pacing accrued:
[89.977s][info][gc,stats    ]       0 of  1427 ms (  0.0%): <total>
[89.977s][info][gc,stats    ]       0 of  1427 ms (  0.0%): <average total>
[89.977s][info][gc,stats    ] 
[89.977s][info][gc,metaspace] Metaspace: 15967K(16256K)->15970K(16256K) NonClass: 13797K(13952K)->13800K(13952K) Class: 2170K(2304K)->2170K(2304K)
[89.977s][info][gc,ergo     ] Pacer for Idle. Initial: 41943K, Alloc Tax Rate: 1.0x
[89.984s][info][gc          ] Trigger: Explicit GC request (System.gc())
[89.984s][info][gc,ergo     ] Free: 1170M, Max: 1024K regular, 920M humongous, Frag: 22% external, 0% internal; Reserve: 103M, Max: 1024K
[89.984s][info][gc,start    ] GC(121) Concurrent reset
[89.984s][info][gc,task     ] GC(121) Using 1 of 3 workers for concurrent reset
[89.984s][info][gc,ergo     ] GC(121) Pacer for Reset. Non-Taxable: 2048M
[89.986s][info][gc          ] GC(121) Concurrent reset 2.491ms
[89.986s][info][gc,start    ] GC(121) Pause Init Mark (unload classes)
[89.986s][info][gc,task     ] GC(121) Using 3 of 3 workers for init marking
[89.986s][info][gc,ref      ] GC(121) Clearing All SoftReferences
[89.986s][info][gc,ergo     ] GC(121) Pacer for Mark. Expected Live: 117M, Free: 1170M, Non-Taxable: 117M, Alloc Tax Rate: 0.1x
[89.986s][info][gc          ] GC(121) Pause Init Mark (unload classes) 0.151ms
[89.987s][info][gc,start    ] GC(121) Concurrent marking roots
[89.987s][info][gc,task     ] GC(121) Using 1 of 3 workers for concurrent marking roots
[89.987s][info][gc          ] GC(121) Concurrent marking roots 0.494ms
[89.987s][info][gc,start    ] GC(121) Concurrent marking (unload classes)
[89.987s][info][gc,task     ] GC(121) Using 1 of 3 workers for concurrent marking
[89.992s][info][gc          ] GC(121) Concurrent marking (unload classes) 4.673ms
[89.992s][info][gc,start    ] GC(121) Pause Final Mark (unload classes)
[89.992s][info][gc,task     ] GC(121) Using 3 of 3 workers for final marking
[89.992s][info][gc,ergo     ] GC(121) Collectable Garbage: 727M (98%), Immediate: 727M (98%), CSet: 0B (0%)
[89.992s][info][gc          ] GC(121) Pause Final Mark (unload classes) 0.377ms
[89.992s][info][gc,start    ] GC(121) Concurrent weak references
[89.992s][info][gc,task     ] GC(121) Using 1 of 3 workers for concurrent weak references
[89.992s][info][gc,ref      ] GC(121) Encountered references: Soft: 178, Weak: 683, Final: 0, Phantom: 63
[89.992s][info][gc,ref      ] GC(121) Discovered  references: Soft: 127, Weak: 165, Final: 0, Phantom: 61
[89.992s][info][gc,ref      ] GC(121) Enqueued    references: Soft: 48, Weak: 0, Final: 0, Phantom: 0
[89.992s][info][gc          ] GC(121) Concurrent weak references 0.182ms
[89.992s][info][gc,start    ] GC(121) Concurrent weak roots
[89.993s][info][gc,task     ] GC(121) Using 1 of 3 workers for concurrent weak root
[89.994s][info][gc          ] GC(121) Concurrent weak roots 1.017ms
[89.994s][info][gc,start    ] GC(121) Concurrent cleanup
[89.994s][info][gc          ] GC(121) Concurrent cleanup 740M->13M(2048M) 0.060ms
[89.994s][info][gc,ergo     ] GC(121) Free: 1932M, Max: 1024K regular, 1006M humongous, Frag: 48% external, 0% internal; Reserve: 103M, Max: 1024K
[89.994s][info][gc,start    ] GC(121) Concurrent class unloading
[89.994s][info][gc,task     ] GC(121) Using 1 of 3 workers for concurrent class unloading
[89.998s][info][gc          ] GC(121) Concurrent class unloading 4.184ms
[89.998s][info][gc,start    ] GC(121) Pause Final Roots
[89.998s][info][gc          ] GC(121) Pause Final Roots 0.067ms
[89.998s][info][gc,ergo     ] Free: 1932M, Max: 1024K regular, 1006M humongous, Frag: 48% external, 0% internal; Reserve: 103M, Max: 1024K
[89.998s][info][gc,stats    ] 
[89.998s][info][gc,stats    ] All times are wall-clock times, except per-root-class counters, that are sum over
[89.998s][info][gc,stats    ] all workers. Dividing the <total> over the root stage time estimates parallelism.
[89.998s][info][gc,stats    ] 
[89.998s][info][gc,stats    ] Concurrent Reset                   2512 us
[89.998s][info][gc,stats    ] Pause Init Mark (G)                 243 us
[89.998s][info][gc,stats    ] Pause Init Mark (N)                 170 us
[89.998s][info][gc,stats    ]   Update Region States               19 us
[89.998s][info][gc,stats    ] Concurrent Mark Roots               531 us, parallelism: 0.70x
[89.998s][info][gc,stats    ]   CMR: <total>                      374 us
[89.998s][info][gc,stats    ]   CMR: Thread Roots                 321 us, workers (us): 321, ---, ---, 
[89.998s][info][gc,stats    ]   CMR: VM Strong Roots                4 us, workers (us):   4, ---, ---, 
[89.998s][info][gc,stats    ]   CMR: CLDG Roots                    48 us, workers (us):  48, ---, ---, 
[89.998s][info][gc,stats    ] Concurrent Marking                 4727 us
[89.998s][info][gc,stats    ] Pause Final Mark (G)                496 us
[89.998s][info][gc,stats    ] Pause Final Mark (N)                402 us
[89.998s][info][gc,stats    ]   Finish Mark                       116 us
[89.998s][info][gc,stats    ]   Update Region States               48 us
[89.998s][info][gc,stats    ]   Choose Collection Set              98 us
[89.998s][info][gc,stats    ]   Rebuild Free Set                   31 us
[89.998s][info][gc,stats    ] Concurrent Weak References          190 us, parallelism: 0.17x
[89.998s][info][gc,stats    ]   CWRF: <total>                      33 us
[89.998s][info][gc,stats    ]   CWRF: Weak References              33 us, workers (us):  33, ---, ---, 
[89.998s][info][gc,stats    ] Concurrent Weak Roots              1064 us
[89.998s][info][gc,stats    ]   Roots                             965 us, parallelism: 0.92x
[89.998s][info][gc,stats    ]     CWR: <total>                    892 us
[89.999s][info][gc,stats    ]     CWR: Code Cache Roots           727 us, workers (us): 727, ---, ---, 
[89.999s][info][gc,stats    ]     CWR: VM Weak Roots              159 us, workers (us): 159, ---, ---, 
[89.999s][info][gc,stats    ]     CWR: CLDG Roots                   5 us, workers (us):   5, ---, ---, 
[89.999s][info][gc,stats    ]   Rendezvous                         32 us
[89.999s][info][gc,stats    ] Concurrent Cleanup                   69 us
[89.999s][info][gc,stats    ] Concurrent Class Unloading         4235 us
[89.999s][info][gc,stats    ]   Unlink Stale                     3729 us
[89.999s][info][gc,stats    ]     System Dictionary                 6 us
[89.999s][info][gc,stats    ]     Weak Class Links                  0 us
[89.999s][info][gc,stats    ]     Code Roots                     3721 us
[89.999s][info][gc,stats    ]   Rendezvous                         81 us
[89.999s][info][gc,stats    ]   Purge Unlinked                    356 us
[89.999s][info][gc,stats    ]     Code Roots                      341 us
[89.999s][info][gc,stats    ]     CLDG                             14 us
[89.999s][info][gc,stats    ]     Exception Caches                  0 us
[89.999s][info][gc,stats    ] Pause Final Roots (G)               170 us
[89.999s][info][gc,stats    ] Pause Final Roots (N)                85 us
[89.999s][info][gc,stats    ] 
[89.999s][info][gc,stats    ] Allocation pacing accrued:
[89.999s][info][gc,stats    ]       0 of    22 ms (  0.0%): <total>
[89.999s][info][gc,stats    ]       0 of    22 ms (  0.0%): <average total>
[89.999s][info][gc,stats    ] 
[89.999s][info][gc,metaspace] Metaspace: 15970K(16256K)->15970K(16256K) NonClass: 13800K(13952K)->13800K(13952K) Class: 2170K(2304K)->2170K(2304K)
[89.999s][info][gc,ergo     ] Pacer for Idle. Initial: 41943K, Alloc Tax Rate: 1.0x
[90.533s][info][gc          ] Trigger: Learning 2 of 5. Free (1416M) is below initial threshold (1433M)
[90.533s][info][gc,ergo     ] Free: 1416M, Max: 1024K regular, 1006M humongous, Frag: 29% external, 0% internal; Reserve: 103M, Max: 1024K
[90.533s][info][gc,start    ] GC(122) Concurrent reset
[90.533s][info][gc,task     ] GC(122) Using 1 of 3 workers for concurrent reset
[90.533s][info][gc,ergo     ] GC(122) Pacer for Reset. Non-Taxable: 2048M
[90.533s][info][gc          ] GC(122) Concurrent reset 0.369ms
[90.534s][info][gc,start    ] GC(122) Pause Init Mark (unload classes)
[90.534s][info][gc,task     ] GC(122) Using 3 of 3 workers for init marking
[90.534s][info][gc,ergo     ] GC(122) Pacer for Mark. Expected Live: 82017K, Free: 1416M, Non-Taxable: 141M, Alloc Tax Rate: 0.1x
[90.534s][info][gc          ] GC(122) Pause Init Mark (unload classes) 0.168ms
[90.534s][info][gc,start    ] GC(122) Concurrent marking roots
[90.534s][info][gc,task     ] GC(122) Using 1 of 3 workers for concurrent marking roots
[90.534s][info][gc          ] GC(122) Concurrent marking roots 0.483ms
[90.534s][info][gc,start    ] GC(122) Concurrent marking (unload classes)
[90.534s][info][gc,task     ] GC(122) Using 1 of 3 workers for concurrent marking
[90.862s][info][gc          ] GC(122) Concurrent marking (unload classes) 327.891ms
[90.862s][info][gc,start    ] GC(122) Pause Final Mark (unload classes)
[90.862s][info][gc,task     ] GC(122) Using 3 of 3 workers for final marking
[90.862s][info][gc,ergo     ] GC(122) Adaptive CSet Selection. Target Free: 290M, Actual Free: 1256M, Max CSet: 87381K, Min Garbage: 0B
[90.863s][info][gc,ergo     ] GC(122) Collectable Garbage: 197M (61%), Immediate: 28032K (8%), CSet: 169M (53%)
[90.863s][info][gc,ergo     ] GC(122) Pacer for Evacuation. Used CSet: 255M, Free: 1165M, Non-Taxable: 116M, Alloc Tax Rate: 1.1x
[90.863s][info][gc          ] GC(122) Pause Final Mark (unload classes) 0.229ms
[90.878s][info][gc,start    ] GC(122) Concurrent thread roots
[90.878s][info][gc,task     ] GC(122) Using 1 of 3 workers for Concurrent thread roots
[90.878s][info][gc          ] GC(122) Concurrent thread roots 0.517ms
[90.878s][info][gc,start    ] GC(122) Concurrent weak references
[90.878s][info][gc,task     ] GC(122) Using 1 of 3 workers for concurrent weak references
[90.879s][info][gc,ref      ] GC(122) Encountered references: Soft: 133, Weak: 684, Final: 0, Phantom: 63
[90.879s][info][gc,ref      ] GC(122) Discovered  references: Soft: 0, Weak: 152, Final: 0, Phantom: 26
[90.879s][info][gc,ref      ] GC(122) Enqueued    references: Soft: 0, Weak: 0, Final: 0, Phantom: 0
[90.879s][info][gc          ] GC(122) Concurrent weak references 0.085ms
[90.879s][info][gc,start    ] GC(122) Concurrent weak roots
[90.879s][info][gc,task     ] GC(122) Using 1 of 3 workers for concurrent weak root
[90.892s][info][gc          ] GC(122) Concurrent weak roots 13.602ms
[90.892s][info][gc,start    ] GC(122) Concurrent cleanup
[90.892s][info][gc          ] GC(122) Concurrent cleanup 807M->780M(2048M) 0.045ms
[90.892s][info][gc,ergo     ] GC(122) Free: 1152M, Max: 1024K regular, 1115M humongous, Frag: 4% external, 0% internal; Reserve: 89088K, Max: 1024K
[90.892s][info][gc,start    ] GC(122) Concurrent class unloading
[90.892s][info][gc,task     ] GC(122) Using 1 of 3 workers for concurrent class unloading
[90.909s][info][gc          ] GC(122) Concurrent class unloading 16.741ms
[90.909s][info][gc,start    ] GC(122) Concurrent strong roots
[90.909s][info][gc,task     ] GC(122) Using 1 of 3 workers for concurrent strong root
[90.909s][info][gc          ] GC(122) Concurrent strong roots 0.084ms
[90.909s][info][gc,start    ] GC(122) Concurrent evacuation
[90.909s][info][gc,task     ] GC(122) Using 1 of 3 workers for concurrent evacuation
[90.988s][info][gc          ] GC(122) Concurrent evacuation 79.123ms
[90.988s][info][gc,start    ] GC(122) Pause Init Update Refs
[90.988s][info][gc,ergo     ] GC(122) Pacer for Update Refs. Used: 945M, Free: 1052M, Non-Taxable: 105M, Alloc Tax Rate: 1.1x
[90.988s][info][gc          ] GC(122) Pause Init Update Refs 0.028ms
[90.997s][info][gc,start    ] GC(122) Concurrent update references
[90.997s][info][gc,task     ] GC(122) Using 1 of 3 workers for concurrent reference update
[91.429s][info][gc          ] GC(122) Concurrent update references 431.840ms
[91.429s][info][gc,start    ] GC(122) Concurrent update thread roots
[91.430s][info][gc          ] GC(122) Concurrent update thread roots 0.649ms
[91.430s][info][gc,start    ] GC(122) Pause Final Update Refs
[91.430s][info][gc,task     ] GC(122) Using 3 of 3 workers for final reference update
[91.430s][info][gc          ] GC(122) Pause Final Update Refs 0.199ms
[91.430s][info][gc,start    ] GC(122) Concurrent cleanup
[91.430s][info][gc          ] GC(122) Concurrent cleanup 993M->738M(2048M) 0.050ms
[91.430s][info][gc,ergo     ] Free: 1171M, Max: 1024K regular, 919M humongous, Frag: 22% external, 0% internal; Reserve: 103M, Max: 1024K
[91.430s][info][gc,stats    ] 
[91.430s][info][gc,stats    ] All times are wall-clock times, except per-root-class counters, that are sum over
[91.430s][info][gc,stats    ] all workers. Dividing the <total> over the root stage time estimates parallelism.
[91.430s][info][gc,stats    ] 
[91.430s][info][gc,stats    ] Concurrent Reset                    407 us
[91.430s][info][gc,stats    ] Pause Init Mark (G)                 341 us
[91.430s][info][gc,stats    ] Pause Init Mark (N)                 184 us
[91.430s][info][gc,stats    ]   Update Region States               66 us
[91.430s][info][gc,stats    ] Concurrent Mark Roots               520 us, parallelism: 0.67x
[91.430s][info][gc,stats    ]   CMR: <total>                      348 us
[91.430s][info][gc,stats    ]   CMR: Thread Roots                 307 us, workers (us): 307, ---, ---, 
[91.430s][info][gc,stats    ]   CMR: VM Strong Roots                4 us, workers (us):   4, ---, ---, 
[91.430s][info][gc,stats    ]   CMR: CLDG Roots                    37 us, workers (us):  37, ---, ---, 
[91.430s][info][gc,stats    ] Concurrent Marking               327954 us
[91.430s][info][gc,stats    ] Pause Final Mark (G)              15615 us
[91.430s][info][gc,stats    ] Pause Final Mark (N)                238 us
[91.430s][info][gc,stats    ]   Finish Mark                        42 us
[91.430s][info][gc,stats    ]   Update Region States               31 us
[91.430s][info][gc,stats    ]   Choose Collection Set             105 us
[91.430s][info][gc,stats    ]   Rebuild Free Set                    9 us
[91.430s][info][gc,stats    ] Concurrent Thread Roots             537 us, parallelism: 0.78x
[91.430s][info][gc,stats    ]   CTR: <total>                      417 us
[91.430s][info][gc,stats    ]   CTR: Thread Roots                 417 us, workers (us): 417, ---, ---, 
[91.430s][info][gc,stats    ] Concurrent Weak References           92 us, parallelism: 0.15x
[91.430s][info][gc,stats    ]   CWRF: <total>                      14 us
[91.430s][info][gc,stats    ]   CWRF: Weak References              14 us, workers (us):  14, ---, ---, 
[91.430s][info][gc,stats    ] Concurrent Weak Roots             13661 us
[91.430s][info][gc,stats    ]   Roots                            1095 us, parallelism: 0.96x
[91.430s][info][gc,stats    ]     CWR: <total>                   1053 us
[91.430s][info][gc,stats    ]     CWR: Code Cache Roots           958 us, workers (us): 958, ---, ---, 
[91.430s][info][gc,stats    ]     CWR: VM Weak Roots               87 us, workers (us):  87, ---, ---, 
[91.430s][info][gc,stats    ]     CWR: CLDG Roots                   7 us, workers (us):   7, ---, ---, 
[91.430s][info][gc,stats    ]   Rendezvous                      12488 us
[91.430s][info][gc,stats    ] Concurrent Cleanup                   54 us
[91.430s][info][gc,stats    ] Concurrent Class Unloading        16805 us
[91.430s][info][gc,stats    ]   Unlink Stale                     4327 us
[91.430s][info][gc,stats    ]     System Dictionary                12 us
[91.430s][info][gc,stats    ]     Weak Class Links                  0 us
[91.430s][info][gc,stats    ]     Code Roots                     4312 us
[91.430s][info][gc,stats    ]   Rendezvous                      12127 us
[91.430s][info][gc,stats    ]   Purge Unlinked                    266 us
[91.430s][info][gc,stats    ]     Code Roots                      259 us
[91.430s][info][gc,stats    ]     CLDG                              6 us
[91.430s][info][gc,stats    ]     Exception Caches                  0 us
[91.430s][info][gc,stats    ] Concurrent Strong Roots              92 us, parallelism: 0.45x
[91.430s][info][gc,stats    ]   CSR: <total>                       42 us
[91.430s][info][gc,stats    ]   CSR: VM Strong Roots                5 us, workers (us):   5, ---, ---, 
[91.430s][info][gc,stats    ]   CSR: CLDG Roots                    37 us, workers (us):  37, ---, ---, 
[91.430s][info][gc,stats    ] Concurrent Evacuation             79193 us
[91.431s][info][gc,stats    ] Pause Init Update Refs (G)         8846 us
[91.431s][info][gc,stats    ] Pause Init Update Refs (N)           44 us
[91.431s][info][gc,stats    ]   Manage GCLABs                       4 us
[91.431s][info][gc,stats    ] Concurrent Update Refs           431889 us
[91.431s][info][gc,stats    ] Concurrent Update Thread Roots      668 us
[91.431s][info][gc,stats    ] Pause Final Update Refs (G)         298 us
[91.431s][info][gc,stats    ] Pause Final Update Refs (N)         237 us
[91.431s][info][gc,stats    ]   Update Region States               90 us
[91.431s][info][gc,stats    ]   Trash Collection Set               10 us
[91.431s][info][gc,stats    ]   Rebuild Free Set                   21 us
[91.431s][info][gc,stats    ] Concurrent Cleanup                   59 us
[91.431s][info][gc,stats    ] 
[91.431s][info][gc,stats    ] Allocation pacing accrued:
[91.431s][info][gc,stats    ]       0 of  1432 ms (  0.0%): <total>
[91.431s][info][gc,stats    ]       0 of  1432 ms (  0.0%): <average total>
[91.431s][info][gc,stats    ] 
[91.431s][info][gc,metaspace] Metaspace: 15970K(16256K)->15970K(16256K) NonClass: 13800K(13952K)->13800K(13952K) Class: 2170K(2304K)->2170K(2304K)
[91.431s][info][gc,ergo     ] Pacer for Idle. Initial: 41943K, Alloc Tax Rate: 1.0x
[91.444s][info][gc          ] Trigger: Explicit GC request (System.gc())
[91.444s][info][gc,ergo     ] Free: 1171M, Max: 1024K regular, 919M humongous, Frag: 22% external, 0% internal; Reserve: 103M, Max: 1024K
[91.444s][info][gc,start    ] GC(123) Concurrent reset
[91.444s][info][gc,task     ] GC(123) Using 1 of 3 workers for concurrent reset
[91.444s][info][gc,ergo     ] GC(123) Pacer for Reset. Non-Taxable: 2048M
[91.447s][info][gc          ] GC(123) Concurrent reset 2.959ms
[91.447s][info][gc,start    ] GC(123) Pause Init Mark (unload classes)
[91.447s][info][gc,task     ] GC(123) Using 3 of 3 workers for init marking
[91.447s][info][gc,ref      ] GC(123) Clearing All SoftReferences
[91.447s][info][gc,ergo     ] GC(123) Pacer for Mark. Expected Live: 117M, Free: 1171M, Non-Taxable: 117M, Alloc Tax Rate: 0.1x
[91.447s][info][gc          ] GC(123) Pause Init Mark (unload classes) 0.276ms
[91.447s][info][gc,start    ] GC(123) Concurrent marking roots
[91.447s][info][gc,task     ] GC(123) Using 1 of 3 workers for concurrent marking roots
[91.448s][info][gc          ] GC(123) Concurrent marking roots 0.511ms
[91.448s][info][gc,start    ] GC(123) Concurrent marking (unload classes)
[91.448s][info][gc,task     ] GC(123) Using 1 of 3 workers for concurrent marking
[91.452s][info][gc          ] GC(123) Concurrent marking (unload classes) 4.335ms
[91.452s][info][gc,start    ] GC(123) Pause Final Mark (unload classes)
[91.452s][info][gc,task     ] GC(123) Using 3 of 3 workers for final marking
[91.453s][info][gc,ergo     ] GC(123) Collectable Garbage: 727M (99%), Immediate: 727M (99%), CSet: 0B (0%)
[91.453s][info][gc          ] GC(123) Pause Final Mark (unload classes) 0.409ms
[91.453s][info][gc,start    ] GC(123) Concurrent weak references
[91.453s][info][gc,task     ] GC(123) Using 1 of 3 workers for concurrent weak references
[91.453s][info][gc,ref      ] GC(123) Encountered references: Soft: 178, Weak: 683, Final: 0, Phantom: 63
[91.453s][info][gc,ref      ] GC(123) Discovered  references: Soft: 127, Weak: 165, Final: 0, Phantom: 61
[91.453s][info][gc,ref      ] GC(123) Enqueued    references: Soft: 48, Weak: 0, Final: 0, Phantom: 0
[91.453s][info][gc          ] GC(123) Concurrent weak references 0.346ms
[91.453s][info][gc,start    ] GC(123) Concurrent weak roots
[91.453s][info][gc,task     ] GC(123) Using 1 of 3 workers for concurrent weak root
[91.454s][info][gc          ] GC(123) Concurrent weak roots 0.997ms
[91.454s][info][gc,start    ] GC(123) Concurrent cleanup
[91.454s][info][gc          ] GC(123) Concurrent cleanup 738M->11M(2048M) 0.053ms
[91.454s][info][gc,ergo     ] GC(123) Free: 1933M, Max: 1024K regular, 1004M humongous, Frag: 49% external, 0% internal; Reserve: 103M, Max: 1024K
[91.454s][info][gc,start    ] GC(123) Concurrent class unloading
[91.454s][info][gc,task     ] GC(123) Using 1 of 3 workers for concurrent class unloading
[91.459s][info][gc          ] GC(123) Concurrent class unloading 4.811ms
[91.459s][info][gc,start    ] GC(123) Pause Final Roots
[91.459s][info][gc          ] GC(123) Pause Final Roots 0.051ms
[91.459s][info][gc,ergo     ] Free: 1933M, Max: 1024K regular, 1004M humongous, Frag: 49% external, 0% internal; Reserve: 103M, Max: 1024K
[91.459s][info][gc,stats    ] 
[91.459s][info][gc,stats    ] All times are wall-clock times, except per-root-class counters, that are sum over
[91.459s][info][gc,stats    ] all workers. Dividing the <total> over the root stage time estimates parallelism.
[91.459s][info][gc,stats    ] 
[91.459s][info][gc,stats    ] Concurrent Reset                   3058 us
[91.459s][info][gc,stats    ] Pause Init Mark (G)                 460 us
[91.459s][info][gc,stats    ] Pause Init Mark (N)                 299 us
[91.459s][info][gc,stats    ]   Update Region States               99 us
[91.459s][info][gc,stats    ] Concurrent Mark Roots               537 us, parallelism: 0.73x
[91.459s][info][gc,stats    ]   CMR: <total>                      391 us
[91.459s][info][gc,stats    ]   CMR: Thread Roots                 341 us, workers (us): 341, ---, ---, 
[91.459s][info][gc,stats    ]   CMR: VM Strong Roots                6 us, workers (us):   6, ---, ---, 
[91.459s][info][gc,stats    ]   CMR: CLDG Roots                    44 us, workers (us):  44, ---, ---, 
[91.459s][info][gc,stats    ] Concurrent Marking                 4385 us
[91.459s][info][gc,stats    ] Pause Final Mark (G)                550 us
[91.459s][info][gc,stats    ] Pause Final Mark (N)                429 us
[91.459s][info][gc,stats    ]   Finish Mark                       122 us
[91.459s][info][gc,stats    ]   Update Region States              109 us
[91.459s][info][gc,stats    ]   Choose Collection Set              76 us
[91.459s][info][gc,stats    ]   Rebuild Free Set                   19 us
[91.459s][info][gc,stats    ] Concurrent Weak References          368 us, parallelism: 0.09x
[91.459s][info][gc,stats    ]   CWRF: <total>                      34 us
[91.459s][info][gc,stats    ]   CWRF: Weak References              34 us, workers (us):  34, ---, ---, 
[91.459s][info][gc,stats    ] Concurrent Weak Roots              1014 us
[91.459s][info][gc,stats    ]   Roots                             854 us, parallelism: 0.95x
[91.459s][info][gc,stats    ]     CWR: <total>                    808 us
[91.459s][info][gc,stats    ]     CWR: Code Cache Roots           726 us, workers (us): 726, ---, ---, 
[91.459s][info][gc,stats    ]     CWR: VM Weak Roots               76 us, workers (us):  76, ---, ---, 
[91.459s][info][gc,stats    ]     CWR: CLDG Roots                   5 us, workers (us):   5, ---, ---, 
[91.459s][info][gc,stats    ]   Rendezvous                        103 us
[91.459s][info][gc,stats    ] Concurrent Cleanup                   61 us
[91.459s][info][gc,stats    ] Concurrent Class Unloading         4924 us
[91.459s][info][gc,stats    ]   Unlink Stale                     4446 us
[91.459s][info][gc,stats    ]     System Dictionary                 4 us
[91.459s][info][gc,stats    ]     Weak Class Links                  0 us
[91.460s][info][gc,stats    ]     Code Roots                     4440 us
[91.460s][info][gc,stats    ]   Rendezvous                        152 us
[91.460s][info][gc,stats    ]   Purge Unlinked                    194 us
[91.460s][info][gc,stats    ]     Code Roots                      184 us
[91.460s][info][gc,stats    ]     CLDG                              9 us
[91.460s][info][gc,stats    ]     Exception Caches                  0 us
[91.460s][info][gc,stats    ] Pause Final Roots (G)               127 us
[91.460s][info][gc,stats    ] Pause Final Roots (N)                69 us
[91.460s][info][gc,stats    ] 
[91.460s][info][gc,stats    ] Allocation pacing accrued:
[91.460s][info][gc,stats    ]       0 of    29 ms (  0.0%): <total>
[91.460s][info][gc,stats    ]       0 of    29 ms (  0.0%): <average total>
[91.460s][info][gc,stats    ] 
[91.460s][info][gc,metaspace] Metaspace: 15970K(16256K)->15970K(16256K) NonClass: 13800K(13952K)->13800K(13952K) Class: 2170K(2304K)->2170K(2304K)
[91.460s][info][gc,ergo     ] Pacer for Idle. Initial: 41943K, Alloc Tax Rate: 1.0x
[91.993s][info][gc          ] Trigger: Learning 2 of 5. Free (1413M) is below initial threshold (1433M)
[91.994s][info][gc,ergo     ] Free: 1413M, Max: 1024K regular, 1004M humongous, Frag: 29% external, 0% internal; Reserve: 103M, Max: 1024K
[91.994s][info][gc,start    ] GC(124) Concurrent reset
[91.994s][info][gc,task     ] GC(124) Using 1 of 3 workers for concurrent reset
[91.994s][info][gc,ergo     ] GC(124) Pacer for Reset. Non-Taxable: 2048M
[91.994s][info][gc          ] GC(124) Concurrent reset 0.206ms
[91.994s][info][gc,start    ] GC(124) Pause Init Mark (unload classes)
[91.994s][info][gc,task     ] GC(124) Using 3 of 3 workers for init marking
[91.994s][info][gc,ergo     ] GC(124) Pacer for Mark. Expected Live: 81960K, Free: 1413M, Non-Taxable: 141M, Alloc Tax Rate: 0.1x
[91.994s][info][gc          ] GC(124) Pause Init Mark (unload classes) 0.163ms
[91.994s][info][gc,start    ] GC(124) Concurrent marking roots
[91.994s][info][gc,task     ] GC(124) Using 1 of 3 workers for concurrent marking roots
[91.995s][info][gc          ] GC(124) Concurrent marking roots 0.471ms
[91.995s][info][gc,start    ] GC(124) Concurrent marking (unload classes)
[91.995s][info][gc,task     ] GC(124) Using 1 of 3 workers for concurrent marking
[92.332s][info][gc          ] GC(124) Concurrent marking (unload classes) 337.497ms
[92.332s][info][gc,start    ] GC(124) Pause Final Mark (unload classes)
[92.332s][info][gc,task     ] GC(124) Using 3 of 3 workers for final marking
[92.332s][info][gc,ergo     ] GC(124) Adaptive CSet Selection. Target Free: 290M, Actual Free: 1270M, Max CSet: 87381K, Min Garbage: 0B
[92.332s][info][gc,ergo     ] GC(124) Collectable Garbage: 195M (60%), Immediate: 29349K (8%), CSet: 166M (51%)
[92.332s][info][gc,ergo     ] GC(124) Pacer for Evacuation. Used CSet: 252M, Free: 1179M, Non-Taxable: 117M, Alloc Tax Rate: 1.1x
[92.332s][info][gc          ] GC(124) Pause Final Mark (unload classes) 0.249ms
[92.349s][info][gc,start    ] GC(124) Concurrent thread roots
[92.350s][info][gc,task     ] GC(124) Using 1 of 3 workers for Concurrent thread roots
[92.350s][info][gc          ] GC(124) Concurrent thread roots 0.499ms
[92.350s][info][gc,start    ] GC(124) Concurrent weak references
[92.350s][info][gc,task     ] GC(124) Using 1 of 3 workers for concurrent weak references
[92.350s][info][gc,ref      ] GC(124) Encountered references: Soft: 133, Weak: 684, Final: 0, Phantom: 63
[92.350s][info][gc,ref      ] GC(124) Discovered  references: Soft: 0, Weak: 152, Final: 0, Phantom: 26
[92.350s][info][gc,ref      ] GC(124) Enqueued    references: Soft: 0, Weak: 0, Final: 0, Phantom: 0
[92.350s][info][gc          ] GC(124) Concurrent weak references 0.060ms
[92.350s][info][gc,start    ] GC(124) Concurrent weak roots
[92.350s][info][gc,task     ] GC(124) Using 1 of 3 workers for concurrent weak root
[92.358s][info][gc          ] GC(124) Concurrent weak roots 7.580ms
[92.358s][info][gc,start    ] GC(124) Concurrent cleanup
[92.358s][info][gc          ] GC(124) Concurrent cleanup 798M->770M(2048M) 0.042ms
[92.358s][info][gc,ergo     ] GC(124) Free: 1160M, Max: 1024K regular, 1121M humongous, Frag: 4% external, 0% internal; Reserve: 91136K, Max: 1024K
[92.358s][info][gc,start    ] GC(124) Concurrent class unloading
[92.358s][info][gc,task     ] GC(124) Using 1 of 3 workers for concurrent class unloading
[92.364s][info][gc          ] GC(124) Concurrent class unloading 5.923ms
[92.364s][info][gc,start    ] GC(124) Concurrent strong roots
[92.364s][info][gc,task     ] GC(124) Using 1 of 3 workers for concurrent strong root
[92.364s][info][gc          ] GC(124) Concurrent strong roots 0.087ms
[92.364s][info][gc,start    ] GC(124) Concurrent evacuation
[92.364s][info][gc,task     ] GC(124) Using 1 of 3 workers for concurrent evacuation
[92.449s][info][gc          ] GC(124) Concurrent evacuation 84.680ms
[92.449s][info][gc,start    ] GC(124) Pause Init Update Refs
[92.449s][info][gc,ergo     ] GC(124) Pacer for Update Refs. Used: 903M, Free: 1096M, Non-Taxable: 109M, Alloc Tax Rate: 1.1x
[92.449s][info][gc          ] GC(124) Pause Init Update Refs 0.070ms
[92.458s][info][gc,start    ] GC(124) Concurrent update references
[92.458s][info][gc,task     ] GC(124) Using 1 of 3 workers for concurrent reference update
[92.895s][info][gc          ] GC(124) Concurrent update references 437.550ms
[92.895s][info][gc,start    ] GC(124) Concurrent update thread roots
[92.896s][info][gc          ] GC(124) Concurrent update thread roots 0.698ms
[92.896s][info][gc,start    ] GC(124) Pause Final Update Refs
[92.896s][info][gc,task     ] GC(124) Using 3 of 3 workers for final reference update
[92.896s][info][gc          ] GC(124) Pause Final Update Refs 0.239ms
[92.896s][info][gc,start    ] GC(124) Concurrent cleanup
[92.896s][info][gc          ] GC(124) Concurrent cleanup 991M->739M(2048M) 0.032ms
[92.896s][info][gc,ergo     ] Free: 1170M, Max: 1024K regular, 921M humongous, Frag: 22% external, 0% internal; Reserve: 103M, Max: 1024K
[92.896s][info][gc,stats    ] 
[92.896s][info][gc,stats    ] All times are wall-clock times, except per-root-class counters, that are sum over
[92.896s][info][gc,stats    ] all workers. Dividing the <total> over the root stage time estimates parallelism.
[92.896s][info][gc,stats    ] 
[92.896s][info][gc,stats    ] Concurrent Reset                    226 us
[92.896s][info][gc,stats    ] Pause Init Mark (G)                 314 us
[92.896s][info][gc,stats    ] Pause Init Mark (N)                 180 us
[92.896s][info][gc,stats    ]   Update Region States               46 us
[92.896s][info][gc,stats    ] Concurrent Mark Roots               489 us, parallelism: 0.75x
[92.896s][info][gc,stats    ]   CMR: <total>                      365 us
[92.896s][info][gc,stats    ]   CMR: Thread Roots                 315 us, workers (us): 315, ---, ---, 
[92.896s][info][gc,stats    ]   CMR: VM Strong Roots                6 us, workers (us):   6, ---, ---, 
[92.896s][info][gc,stats    ]   CMR: CLDG Roots                    43 us, workers (us):  43, ---, ---, 
[92.896s][info][gc,stats    ] Concurrent Marking               337560 us
[92.896s][info][gc,stats    ] Pause Final Mark (G)              17267 us
[92.896s][info][gc,stats    ] Pause Final Mark (N)                259 us
[92.896s][info][gc,stats    ]   Finish Mark                        30 us
[92.896s][info][gc,stats    ]   Update Region States               37 us
[92.896s][info][gc,stats    ]   Choose Collection Set             108 us
[92.896s][info][gc,stats    ]   Rebuild Free Set                    9 us
[92.896s][info][gc,stats    ] Concurrent Thread Roots             510 us, parallelism: 0.73x
[92.896s][info][gc,stats    ]   CTR: <total>                      372 us
[92.896s][info][gc,stats    ]   CTR: Thread Roots                 372 us, workers (us): 372, ---, ---, 
[92.896s][info][gc,stats    ] Concurrent Weak References           67 us, parallelism: 0.19x
[92.896s][info][gc,stats    ]   CWRF: <total>                      13 us
[92.896s][info][gc,stats    ]   CWRF: Weak References              13 us, workers (us):  13, ---, ---, 
[92.896s][info][gc,stats    ] Concurrent Weak Roots              7659 us
[92.897s][info][gc,stats    ]   Roots                            1199 us, parallelism: 0.94x
[92.897s][info][gc,stats    ]     CWR: <total>                   1131 us
[92.897s][info][gc,stats    ]     CWR: Code Cache Roots          1020 us, workers (us): 1020, ---, ---, 
[92.897s][info][gc,stats    ]     CWR: VM Weak Roots              102 us, workers (us): 102, ---, ---, 
[92.897s][info][gc,stats    ]     CWR: CLDG Roots                   8 us, workers (us):   8, ---, ---, 
[92.897s][info][gc,stats    ]   Rendezvous                       6360 us
[92.897s][info][gc,stats    ] Concurrent Cleanup                   51 us
[92.897s][info][gc,stats    ] Concurrent Class Unloading         5989 us
[92.897s][info][gc,stats    ]   Unlink Stale                     4512 us
[92.897s][info][gc,stats    ]     System Dictionary                11 us
[92.897s][info][gc,stats    ]     Weak Class Links                  0 us
[92.897s][info][gc,stats    ]     Code Roots                     4498 us
[92.897s][info][gc,stats    ]   Rendezvous                       1100 us
[92.897s][info][gc,stats    ]   Purge Unlinked                    289 us
[92.897s][info][gc,stats    ]     Code Roots                      283 us
[92.897s][info][gc,stats    ]     CLDG                              5 us
[92.897s][info][gc,stats    ]     Exception Caches                  0 us
[92.897s][info][gc,stats    ] Concurrent Strong Roots              95 us, parallelism: 0.44x
[92.897s][info][gc,stats    ]   CSR: <total>                       42 us
[92.897s][info][gc,stats    ]   CSR: VM Strong Roots                4 us, workers (us):   4, ---, ---, 
[92.897s][info][gc,stats    ]   CSR: CLDG Roots                    38 us, workers (us):  38, ---, ---, 
[92.897s][info][gc,stats    ] Concurrent Evacuation             84754 us
[92.897s][info][gc,stats    ] Pause Init Update Refs (G)         8966 us
[92.897s][info][gc,stats    ] Pause Init Update Refs (N)           81 us
[92.897s][info][gc,stats    ]   Manage GCLABs                       8 us
[92.897s][info][gc,stats    ] Concurrent Update Refs           437624 us
[92.897s][info][gc,stats    ] Concurrent Update Thread Roots      717 us
[92.897s][info][gc,stats    ] Pause Final Update Refs (G)         322 us
[92.897s][info][gc,stats    ] Pause Final Update Refs (N)         277 us
[92.897s][info][gc,stats    ]   Update Region States              118 us
[92.897s][info][gc,stats    ]   Trash Collection Set               12 us
[92.897s][info][gc,stats    ]   Rebuild Free Set                   26 us
[92.897s][info][gc,stats    ] Concurrent Cleanup                   41 us
[92.897s][info][gc,stats    ] 
[92.897s][info][gc,stats    ] Allocation pacing accrued:
[92.897s][info][gc,stats    ]       0 of  1437 ms (  0.0%): <total>
[92.897s][info][gc,stats    ]       0 of  1437 ms (  0.0%): <average total>
[92.897s][info][gc,stats    ] 
[92.897s][info][gc,metaspace] Metaspace: 15970K(16256K)->15972K(16256K) NonClass: 13800K(13952K)->13801K(13952K) Class: 2170K(2304K)->2170K(2304K)
[92.897s][info][gc,ergo     ] Pacer for Idle. Initial: 41943K, Alloc Tax Rate: 1.0x
[92.908s][info][gc          ] Trigger: Explicit GC request (System.gc())
[92.908s][info][gc,ergo     ] Free: 1170M, Max: 1024K regular, 921M humongous, Frag: 22% external, 0% internal; Reserve: 103M, Max: 1024K
[92.908s][info][gc,start    ] GC(125) Concurrent reset
[92.908s][info][gc,task     ] GC(125) Using 1 of 3 workers for concurrent reset
[92.908s][info][gc,ergo     ] GC(125) Pacer for Reset. Non-Taxable: 2048M
[92.910s][info][gc          ] GC(125) Concurrent reset 2.084ms
[92.910s][info][gc,start    ] GC(125) Pause Init Mark (unload classes)
[92.910s][info][gc,task     ] GC(125) Using 3 of 3 workers for init marking
[92.910s][info][gc,ref      ] GC(125) Clearing All SoftReferences
[92.910s][info][gc,ergo     ] GC(125) Pacer for Mark. Expected Live: 118M, Free: 1170M, Non-Taxable: 117M, Alloc Tax Rate: 0.1x
[92.910s][info][gc          ] GC(125) Pause Init Mark (unload classes) 0.212ms
[92.910s][info][gc,start    ] GC(125) Concurrent marking roots
[92.910s][info][gc,task     ] GC(125) Using 1 of 3 workers for concurrent marking roots
[92.911s][info][gc          ] GC(125) Concurrent marking roots 0.409ms
[92.911s][info][gc,start    ] GC(125) Concurrent marking (unload classes)
[92.911s][info][gc,task     ] GC(125) Using 1 of 3 workers for concurrent marking
[92.915s][info][gc          ] GC(125) Concurrent marking (unload classes) 4.233ms
[92.915s][info][gc,start    ] GC(125) Pause Final Mark (unload classes)
[92.915s][info][gc,task     ] GC(125) Using 3 of 3 workers for final marking
[92.915s][info][gc,ergo     ] GC(125) Collectable Garbage: 727M (98%), Immediate: 727M (98%), CSet: 0B (0%)
[92.915s][info][gc          ] GC(125) Pause Final Mark (unload classes) 0.379ms
[92.915s][info][gc,start    ] GC(125) Concurrent weak references
[92.915s][info][gc,task     ] GC(125) Using 1 of 3 workers for concurrent weak references
[92.915s][info][gc,ref      ] GC(125) Encountered references: Soft: 178, Weak: 683, Final: 0, Phantom: 63
[92.915s][info][gc,ref      ] GC(125) Discovered  references: Soft: 127, Weak: 165, Final: 0, Phantom: 61
[92.915s][info][gc,ref      ] GC(125) Enqueued    references: Soft: 48, Weak: 0, Final: 0, Phantom: 0
[92.915s][info][gc          ] GC(125) Concurrent weak references 0.135ms
[92.915s][info][gc,start    ] GC(125) Concurrent weak roots
[92.915s][info][gc,task     ] GC(125) Using 1 of 3 workers for concurrent weak root
[92.917s][info][gc          ] GC(125) Concurrent weak roots 1.228ms
[92.917s][info][gc,start    ] GC(125) Concurrent cleanup
[92.917s][info][gc          ] GC(125) Concurrent cleanup 739M->12M(2048M) 0.048ms
[92.917s][info][gc,ergo     ] GC(125) Free: 1932M, Max: 1024K regular, 1006M humongous, Frag: 48% external, 0% internal; Reserve: 103M, Max: 1024K
[92.917s][info][gc,start    ] GC(125) Concurrent class unloading
[92.917s][info][gc,task     ] GC(125) Using 1 of 3 workers for concurrent class unloading
[92.921s][info][gc          ] GC(125) Concurrent class unloading 4.282ms
[92.921s][info][gc,start    ] GC(125) Pause Final Roots
[92.921s][info][gc          ] GC(125) Pause Final Roots 0.066ms
[92.921s][info][gc,ergo     ] Free: 1932M, Max: 1024K regular, 1006M humongous, Frag: 48% external, 0% internal; Reserve: 103M, Max: 1024K
[92.921s][info][gc,stats    ] 
[92.921s][info][gc,stats    ] All times are wall-clock times, except per-root-class counters, that are sum over
[92.921s][info][gc,stats    ] all workers. Dividing the <total> over the root stage time estimates parallelism.
[92.921s][info][gc,stats    ] 
[92.921s][info][gc,stats    ] Concurrent Reset                   2111 us
[92.921s][info][gc,stats    ] Pause Init Mark (G)                 297 us
[92.921s][info][gc,stats    ] Pause Init Mark (N)                 221 us
[92.921s][info][gc,stats    ]   Update Region States               84 us
[92.921s][info][gc,stats    ] Concurrent Mark Roots               427 us, parallelism: 0.76x
[92.921s][info][gc,stats    ]   CMR: <total>                      324 us
[92.921s][info][gc,stats    ]   CMR: Thread Roots                 283 us, workers (us): 283, ---, ---, 
[92.921s][info][gc,stats    ]   CMR: VM Strong Roots                4 us, workers (us):   4, ---, ---, 
[92.921s][info][gc,stats    ]   CMR: CLDG Roots                    37 us, workers (us):  37, ---, ---, 
[92.921s][info][gc,stats    ] Concurrent Marking                 4254 us
[92.921s][info][gc,stats    ] Pause Final Mark (G)                447 us
[92.921s][info][gc,stats    ] Pause Final Mark (N)                399 us
[92.921s][info][gc,stats    ]   Finish Mark                       113 us
[92.921s][info][gc,stats    ]   Update Region States               91 us
[92.922s][info][gc,stats    ]   Choose Collection Set              79 us
[92.922s][info][gc,stats    ]   Rebuild Free Set                   19 us
[92.922s][info][gc,stats    ] Concurrent Weak References          150 us, parallelism: 0.08x
[92.922s][info][gc,stats    ]   CWRF: <total>                      12 us
[92.922s][info][gc,stats    ]   CWRF: Weak References              12 us, workers (us):  12, ---, ---, 
[92.922s][info][gc,stats    ] Concurrent Weak Roots              1237 us
[92.922s][info][gc,stats    ]   Roots                            1128 us, parallelism: 0.94x
[92.922s][info][gc,stats    ]     CWR: <total>                   1063 us
[92.922s][info][gc,stats    ]     CWR: Code Cache Roots           918 us, workers (us): 918, ---, ---, 
[92.922s][info][gc,stats    ]     CWR: VM Weak Roots              139 us, workers (us): 139, ---, ---, 
[92.922s][info][gc,stats    ]     CWR: CLDG Roots                   7 us, workers (us):   7, ---, ---, 
[92.922s][info][gc,stats    ]   Rendezvous                         71 us
[92.922s][info][gc,stats    ] Concurrent Cleanup                   56 us
[92.922s][info][gc,stats    ] Concurrent Class Unloading         4309 us
[92.922s][info][gc,stats    ]   Unlink Stale                     4021 us
[92.922s][info][gc,stats    ]     System Dictionary                 5 us
[92.922s][info][gc,stats    ]     Weak Class Links                  0 us
[92.922s][info][gc,stats    ]     Code Roots                     4015 us
[92.922s][info][gc,stats    ]   Rendezvous                         92 us
[92.922s][info][gc,stats    ]   Purge Unlinked                    152 us
[92.922s][info][gc,stats    ]     Code Roots                      146 us
[92.922s][info][gc,stats    ]     CLDG                              5 us
[92.922s][info][gc,stats    ]     Exception Caches                  0 us
[92.922s][info][gc,stats    ] Pause Final Roots (G)               159 us
[92.922s][info][gc,stats    ] Pause Final Roots (N)                85 us
[92.922s][info][gc,stats    ] 
[92.922s][info][gc,stats    ] Allocation pacing accrued:
[92.922s][info][gc,stats    ]       0 of    25 ms (  0.0%): <total>
[92.922s][info][gc,stats    ]       0 of    25 ms (  0.0%): <average total>
[92.922s][info][gc,stats    ] 
[92.922s][info][gc,metaspace] Metaspace: 15972K(16256K)->15972K(16256K) NonClass: 13801K(13952K)->13801K(13952K) Class: 2170K(2304K)->2170K(2304K)
[92.922s][info][gc,ergo     ] Pacer for Idle. Initial: 41943K, Alloc Tax Rate: 1.0x
[93.473s][info][gc          ] Trigger: Learning 2 of 5. Free (1418M) is below initial threshold (1433M)
[93.473s][info][gc,ergo     ] Free: 1418M, Max: 1024K regular, 1006M humongous, Frag: 30% external, 0% internal; Reserve: 103M, Max: 1024K
[93.473s][info][gc,start    ] GC(126) Concurrent reset
[93.473s][info][gc,task     ] GC(126) Using 1 of 3 workers for concurrent reset
[93.473s][info][gc,ergo     ] GC(126) Pacer for Reset. Non-Taxable: 2048M
[93.473s][info][gc          ] GC(126) Concurrent reset 0.414ms
[93.473s][info][gc,start    ] GC(126) Pause Init Mark (unload classes)
[93.473s][info][gc,task     ] GC(126) Using 3 of 3 workers for init marking
[93.473s][info][gc,ergo     ] GC(126) Pacer for Mark. Expected Live: 82054K, Free: 1418M, Non-Taxable: 141M, Alloc Tax Rate: 0.1x
[93.473s][info][gc          ] GC(126) Pause Init Mark (unload classes) 0.158ms
[93.473s][info][gc,start    ] GC(126) Concurrent marking roots
[93.473s][info][gc,task     ] GC(126) Using 1 of 3 workers for concurrent marking roots
[93.474s][info][gc          ] GC(126) Concurrent marking roots 0.420ms
[93.474s][info][gc,start    ] GC(126) Concurrent marking (unload classes)
[93.474s][info][gc,task     ] GC(126) Using 1 of 3 workers for concurrent marking
[93.815s][info][gc          ] GC(126) Concurrent marking (unload classes) 341.081ms
[93.815s][info][gc,start    ] GC(126) Pause Final Mark (unload classes)
[93.815s][info][gc,task     ] GC(126) Using 3 of 3 workers for final marking
[93.815s][info][gc,ergo     ] GC(126) Adaptive CSet Selection. Target Free: 290M, Actual Free: 1265M, Max CSet: 87381K, Min Garbage: 0B
[93.815s][info][gc,ergo     ] GC(126) Collectable Garbage: 196M (61%), Immediate: 28397K (8%), CSet: 169M (53%)
[93.815s][info][gc,ergo     ] GC(126) Pacer for Evacuation. Used CSet: 254M, Free: 1174M, Non-Taxable: 117M, Alloc Tax Rate: 1.1x
[93.815s][info][gc          ] GC(126) Pause Final Mark (unload classes) 0.225ms
[93.831s][info][gc,start    ] GC(126) Concurrent thread roots
[93.831s][info][gc,task     ] GC(126) Using 1 of 3 workers for Concurrent thread roots
[93.831s][info][gc          ] GC(126) Concurrent thread roots 0.862ms
[93.831s][info][gc,start    ] GC(126) Concurrent weak references
[93.831s][info][gc,task     ] GC(126) Using 1 of 3 workers for concurrent weak references
[93.832s][info][gc,ref      ] GC(126) Encountered references: Soft: 133, Weak: 684, Final: 0, Phantom: 63
[93.832s][info][gc,ref      ] GC(126) Discovered  references: Soft: 0, Weak: 152, Final: 0, Phantom: 26
[93.832s][info][gc,ref      ] GC(126) Enqueued    references: Soft: 0, Weak: 0, Final: 0, Phantom: 0
[93.832s][info][gc          ] GC(126) Concurrent weak references 0.075ms
[93.832s][info][gc,start    ] GC(126) Concurrent weak roots
[93.832s][info][gc,task     ] GC(126) Using 1 of 3 workers for concurrent weak root
[93.846s][info][gc          ] GC(126) Concurrent weak roots 14.692ms
[93.846s][info][gc,start    ] GC(126) Concurrent cleanup
[93.846s][info][gc          ] GC(126) Concurrent cleanup 799M->771M(2048M) 0.039ms
[93.846s][info][gc,ergo     ] GC(126) Free: 1158M, Max: 1024K regular, 1120M humongous, Frag: 4% external, 0% internal; Reserve: 91136K, Max: 1024K
[93.846s][info][gc,start    ] GC(126) Concurrent class unloading
[93.846s][info][gc,task     ] GC(126) Using 1 of 3 workers for concurrent class unloading
[93.862s][info][gc          ] GC(126) Concurrent class unloading 15.751ms
[93.862s][info][gc,start    ] GC(126) Concurrent strong roots
[93.862s][info][gc,task     ] GC(126) Using 1 of 3 workers for concurrent strong root
[93.862s][info][gc          ] GC(126) Concurrent strong roots 0.083ms
[93.862s][info][gc,start    ] GC(126) Concurrent evacuation
[93.862s][info][gc,task     ] GC(126) Using 1 of 3 workers for concurrent evacuation
[93.941s][info][gc          ] GC(126) Concurrent evacuation 78.622ms
[93.943s][info][gc,start    ] GC(126) Pause Init Update Refs
[93.943s][info][gc,ergo     ] GC(126) Pacer for Update Refs. Used: 927M, Free: 1070M, Non-Taxable: 107M, Alloc Tax Rate: 1.1x
[93.943s][info][gc          ] GC(126) Pause Init Update Refs 0.056ms
[93.956s][info][gc,start    ] GC(126) Concurrent update references
[93.956s][info][gc,task     ] GC(126) Using 1 of 3 workers for concurrent reference update
[94.355s][info][gc          ] GC(126) Concurrent update references 399.486ms
[94.355s][info][gc,start    ] GC(126) Concurrent update thread roots
[94.356s][info][gc          ] GC(126) Concurrent update thread roots 0.414ms
[94.356s][info][gc,start    ] GC(126) Pause Final Update Refs
[94.356s][info][gc,task     ] GC(126) Using 3 of 3 workers for final reference update
[94.356s][info][gc          ] GC(126) Pause Final Update Refs 0.267ms
[94.356s][info][gc,start    ] GC(126) Concurrent cleanup
[94.356s][info][gc          ] GC(126) Concurrent cleanup 992M->738M(2048M) 0.042ms
[94.356s][info][gc,ergo     ] Free: 1172M, Max: 1024K regular, 921M humongous, Frag: 22% external, 0% internal; Reserve: 103M, Max: 1024K
[94.356s][info][gc,stats    ] 
[94.356s][info][gc,stats    ] All times are wall-clock times, except per-root-class counters, that are sum over
[94.356s][info][gc,stats    ] all workers. Dividing the <total> over the root stage time estimates parallelism.
[94.356s][info][gc,stats    ] 
[94.356s][info][gc,stats    ] Concurrent Reset                    453 us
[94.356s][info][gc,stats    ] Pause Init Mark (G)                 330 us
[94.356s][info][gc,stats    ] Pause Init Mark (N)                 174 us
[94.356s][info][gc,stats    ]   Update Region States               48 us
[94.356s][info][gc,stats    ] Concurrent Mark Roots               438 us, parallelism: 0.80x
[94.356s][info][gc,stats    ]   CMR: <total>                      352 us
[94.356s][info][gc,stats    ]   CMR: Thread Roots                 314 us, workers (us): 314, ---, ---, 
[94.356s][info][gc,stats    ]   CMR: VM Strong Roots                4 us, workers (us):   4, ---, ---, 
[94.356s][info][gc,stats    ]   CMR: CLDG Roots                    34 us, workers (us):  34, ---, ---, 
[94.356s][info][gc,stats    ] Concurrent Marking               341145 us
[94.356s][info][gc,stats    ] Pause Final Mark (G)              15553 us
[94.356s][info][gc,stats    ] Pause Final Mark (N)                233 us
[94.356s][info][gc,stats    ]   Finish Mark                        41 us
[94.356s][info][gc,stats    ]   Update Region States               28 us
[94.356s][info][gc,stats    ]   Choose Collection Set              82 us
[94.356s][info][gc,stats    ]   Rebuild Free Set                    9 us
[94.356s][info][gc,stats    ] Concurrent Thread Roots             900 us, parallelism: 0.44x
[94.356s][info][gc,stats    ]   CTR: <total>                      393 us
[94.356s][info][gc,stats    ]   CTR: Thread Roots                 393 us, workers (us): 393, ---, ---, 
[94.356s][info][gc,stats    ] Concurrent Weak References           84 us, parallelism: 0.17x
[94.356s][info][gc,stats    ]   CWRF: <total>                      14 us
[94.356s][info][gc,stats    ]   CWRF: Weak References              14 us, workers (us):  14, ---, ---, 
[94.356s][info][gc,stats    ] Concurrent Weak Roots             14759 us
[94.357s][info][gc,stats    ]   Roots                            1057 us, parallelism: 0.96x
[94.357s][info][gc,stats    ]     CWR: <total>                   1016 us
[94.357s][info][gc,stats    ]     CWR: Code Cache Roots           919 us, workers (us): 919, ---, ---, 
[94.357s][info][gc,stats    ]     CWR: VM Weak Roots               89 us, workers (us):  89, ---, ---, 
[94.357s][info][gc,stats    ]     CWR: CLDG Roots                   8 us, workers (us):   8, ---, ---, 
[94.357s][info][gc,stats    ]   Rendezvous                      13616 us
[94.357s][info][gc,stats    ] Concurrent Cleanup                   48 us
[94.357s][info][gc,stats    ] Concurrent Class Unloading        15810 us
[94.357s][info][gc,stats    ]   Unlink Stale                     4254 us
[94.357s][info][gc,stats    ]     System Dictionary                11 us
[94.357s][info][gc,stats    ]     Weak Class Links                  0 us
[94.357s][info][gc,stats    ]     Code Roots                     4242 us
[94.357s][info][gc,stats    ]   Rendezvous                      11224 us
[94.357s][info][gc,stats    ]   Purge Unlinked                    253 us
[94.357s][info][gc,stats    ]     Code Roots                      248 us
[94.357s][info][gc,stats    ]     CLDG                              5 us
[94.357s][info][gc,stats    ]     Exception Caches                  0 us
[94.357s][info][gc,stats    ] Concurrent Strong Roots              92 us, parallelism: 0.46x
[94.357s][info][gc,stats    ]   CSR: <total>                       42 us
[94.357s][info][gc,stats    ]   CSR: VM Strong Roots                4 us, workers (us):   4, ---, ---, 
[94.357s][info][gc,stats    ]   CSR: CLDG Roots                    38 us, workers (us):  38, ---, ---, 
[94.357s][info][gc,stats    ] Concurrent Evacuation             80565 us
[94.357s][info][gc,stats    ] Pause Init Update Refs (G)        12955 us
[94.357s][info][gc,stats    ] Pause Init Update Refs (N)           65 us
[94.357s][info][gc,stats    ]   Manage GCLABs                       3 us
[94.357s][info][gc,stats    ] Concurrent Update Refs           399566 us
[94.357s][info][gc,stats    ] Concurrent Update Thread Roots      464 us
[94.357s][info][gc,stats    ] Pause Final Update Refs (G)         324 us
[94.357s][info][gc,stats    ] Pause Final Update Refs (N)         279 us
[94.357s][info][gc,stats    ]   Update Region States              190 us
[94.357s][info][gc,stats    ]   Trash Collection Set                7 us
[94.357s][info][gc,stats    ]   Rebuild Free Set                   19 us
[94.357s][info][gc,stats    ] Concurrent Cleanup                   51 us
[94.357s][info][gc,stats    ] 
[94.357s][info][gc,stats    ] Allocation pacing accrued:
[94.357s][info][gc,stats    ]       0 of  1435 ms (  0.0%): <total>
[94.357s][info][gc,stats    ]       0 of  1435 ms (  0.0%): <average total>
[94.357s][info][gc,stats    ] 
[94.357s][info][gc,metaspace] Metaspace: 15972K(16256K)->15972K(16256K) NonClass: 13801K(13952K)->13801K(13952K) Class: 2170K(2304K)->2170K(2304K)
[94.357s][info][gc,ergo     ] Pacer for Idle. Initial: 41943K, Alloc Tax Rate: 1.0x
[94.363s][info][gc          ] Trigger: Explicit GC request (System.gc())
[94.363s][info][gc,ergo     ] Free: 1172M, Max: 1024K regular, 921M humongous, Frag: 22% external, 0% internal; Reserve: 103M, Max: 1024K
[94.363s][info][gc,start    ] GC(127) Concurrent reset
[94.363s][info][gc,task     ] GC(127) Using 1 of 3 workers for concurrent reset
[94.363s][info][gc,ergo     ] GC(127) Pacer for Reset. Non-Taxable: 2048M
[94.366s][info][gc          ] GC(127) Concurrent reset 2.667ms
[94.366s][info][gc,start    ] GC(127) Pause Init Mark (unload classes)
[94.366s][info][gc,task     ] GC(127) Using 3 of 3 workers for init marking
[94.366s][info][gc,ref      ] GC(127) Clearing All SoftReferences
[94.366s][info][gc,ergo     ] GC(127) Pacer for Mark. Expected Live: 117M, Free: 1172M, Non-Taxable: 117M, Alloc Tax Rate: 0.1x
[94.366s][info][gc          ] GC(127) Pause Init Mark (unload classes) 0.157ms
[94.366s][info][gc,start    ] GC(127) Concurrent marking roots
[94.366s][info][gc,task     ] GC(127) Using 1 of 3 workers for concurrent marking roots
[94.367s][info][gc          ] GC(127) Concurrent marking roots 0.992ms
[94.367s][info][gc,start    ] GC(127) Concurrent marking (unload classes)
[94.367s][info][gc,task     ] GC(127) Using 1 of 3 workers for concurrent marking
[94.371s][info][gc          ] GC(127) Concurrent marking (unload classes) 3.959ms
[94.371s][info][gc,start    ] GC(127) Pause Final Mark (unload classes)
[94.371s][info][gc,task     ] GC(127) Using 3 of 3 workers for final marking
[94.371s][info][gc,ergo     ] GC(127) Collectable Garbage: 726M (98%), Immediate: 726M (98%), CSet: 0B (0%)
[94.371s][info][gc          ] GC(127) Pause Final Mark (unload classes) 0.372ms
[94.371s][info][gc,start    ] GC(127) Concurrent weak references
[94.371s][info][gc,task     ] GC(127) Using 1 of 3 workers for concurrent weak references
[94.372s][info][gc,ref      ] GC(127) Encountered references: Soft: 178, Weak: 683, Final: 0, Phantom: 63
[94.372s][info][gc,ref      ] GC(127) Discovered  references: Soft: 127, Weak: 165, Final: 0, Phantom: 61
[94.372s][info][gc,ref      ] GC(127) Enqueued    references: Soft: 48, Weak: 0, Final: 0, Phantom: 0
[94.372s][info][gc          ] GC(127) Concurrent weak references 0.308ms
[94.372s][info][gc,start    ] GC(127) Concurrent weak roots
[94.372s][info][gc,task     ] GC(127) Using 1 of 3 workers for concurrent weak root
[94.373s][info][gc          ] GC(127) Concurrent weak roots 0.987ms
[94.373s][info][gc,start    ] GC(127) Concurrent cleanup
[94.373s][info][gc          ] GC(127) Concurrent cleanup 738M->12M(2048M) 0.050ms
[94.373s][info][gc,ergo     ] GC(127) Free: 1933M, Max: 1024K regular, 1005M humongous, Frag: 49% external, 0% internal; Reserve: 103M, Max: 1024K
[94.373s][info][gc,start    ] GC(127) Concurrent class unloading
[94.373s][info][gc,task     ] GC(127) Using 1 of 3 workers for concurrent class unloading
[94.377s][info][gc          ] GC(127) Concurrent class unloading 4.044ms
[94.377s][info][gc,start    ] GC(127) Pause Final Roots
[94.377s][info][gc          ] GC(127) Pause Final Roots 0.068ms
[94.377s][info][gc,ergo     ] Free: 1933M, Max: 1024K regular, 1005M humongous, Frag: 49% external, 0% internal; Reserve: 103M, Max: 1024K
[94.377s][info][gc,stats    ] 
[94.377s][info][gc,stats    ] All times are wall-clock times, except per-root-class counters, that are sum over
[94.377s][info][gc,stats    ] all workers. Dividing the <total> over the root stage time estimates parallelism.
[94.377s][info][gc,stats    ] 
[94.377s][info][gc,stats    ] Concurrent Reset                   2705 us
[94.377s][info][gc,stats    ] Pause Init Mark (G)                 246 us
[94.377s][info][gc,stats    ] Pause Init Mark (N)                 167 us
[94.377s][info][gc,stats    ]   Update Region States               51 us
[94.377s][info][gc,stats    ] Concurrent Mark Roots              1029 us, parallelism: 0.80x
[94.377s][info][gc,stats    ]   CMR: <total>                      820 us
[94.377s][info][gc,stats    ]   CMR: Thread Roots                 723 us, workers (us): 723, ---, ---, 
[94.377s][info][gc,stats    ]   CMR: VM Strong Roots               15 us, workers (us):  15, ---, ---, 
[94.377s][info][gc,stats    ]   CMR: CLDG Roots                    82 us, workers (us):  82, ---, ---, 
[94.377s][info][gc,stats    ] Concurrent Marking                 4008 us
[94.377s][info][gc,stats    ] Pause Final Mark (G)                424 us
[94.377s][info][gc,stats    ] Pause Final Mark (N)                382 us
[94.377s][info][gc,stats    ]   Finish Mark                       218 us
[94.377s][info][gc,stats    ]   Update Region States               39 us
[94.377s][info][gc,stats    ]   Choose Collection Set              52 us
[94.377s][info][gc,stats    ]   Rebuild Free Set                    9 us
[94.377s][info][gc,stats    ] Concurrent Weak References          329 us, parallelism: 0.06x
[94.377s][info][gc,stats    ]   CWRF: <total>                      20 us
[94.377s][info][gc,stats    ]   CWRF: Weak References              20 us, workers (us):  20, ---, ---, 
[94.377s][info][gc,stats    ] Concurrent Weak Roots              1005 us
[94.377s][info][gc,stats    ]   Roots                             879 us, parallelism: 0.94x
[94.377s][info][gc,stats    ]     CWR: <total>                    828 us
[94.377s][info][gc,stats    ]     CWR: Code Cache Roots           734 us, workers (us): 734, ---, ---, 
[94.377s][info][gc,stats    ]     CWR: VM Weak Roots               87 us, workers (us):  87, ---, ---, 
[94.377s][info][gc,stats    ]     CWR: CLDG Roots                   6 us, workers (us):   6, ---, ---, 
[94.377s][info][gc,stats    ]   Rendezvous                         69 us
[94.377s][info][gc,stats    ] Concurrent Cleanup                   58 us
[94.377s][info][gc,stats    ] Concurrent Class Unloading         4110 us
[94.377s][info][gc,stats    ]   Unlink Stale                     3652 us
[94.377s][info][gc,stats    ]     System Dictionary                 5 us
[94.377s][info][gc,stats    ]     Weak Class Links                  0 us
[94.377s][info][gc,stats    ]     Code Roots                     3645 us
[94.377s][info][gc,stats    ]   Rendezvous                         66 us
[94.377s][info][gc,stats    ]   Purge Unlinked                    304 us
[94.377s][info][gc,stats    ]     Code Roots                      294 us
[94.377s][info][gc,stats    ]     CLDG                             10 us
[94.377s][info][gc,stats    ]     Exception Caches                  0 us
[94.377s][info][gc,stats    ] Pause Final Roots (G)               146 us
[94.377s][info][gc,stats    ] Pause Final Roots (N)                91 us
[94.377s][info][gc,stats    ] 
[94.377s][info][gc,stats    ] Allocation pacing accrued:
[94.377s][info][gc,stats    ]       0 of    21 ms (  0.0%): <total>
[94.377s][info][gc,stats    ]       0 of    21 ms (  0.0%): <average total>
[94.377s][info][gc,stats    ] 
[94.377s][info][gc,metaspace] Metaspace: 15972K(16256K)->15972K(16256K) NonClass: 13801K(13952K)->13801K(13952K) Class: 2170K(2304K)->2170K(2304K)
[94.377s][info][gc,ergo     ] Pacer for Idle. Initial: 41943K, Alloc Tax Rate: 1.0x
[94.928s][info][gc          ] Trigger: Learning 2 of 5. Free (1423M) is below initial threshold (1433M)
[94.928s][info][gc,ergo     ] Free: 1423M, Max: 1024K regular, 1005M humongous, Frag: 30% external, 0% internal; Reserve: 103M, Max: 1024K
[94.928s][info][gc,start    ] GC(128) Concurrent reset
[94.928s][info][gc,task     ] GC(128) Using 1 of 3 workers for concurrent reset
[94.928s][info][gc,ergo     ] GC(128) Pacer for Reset. Non-Taxable: 2048M
[94.929s][info][gc          ] GC(128) Concurrent reset 0.365ms
[94.929s][info][gc,start    ] GC(128) Pause Init Mark (unload classes)
[94.929s][info][gc,task     ] GC(128) Using 3 of 3 workers for init marking
[94.929s][info][gc,ergo     ] GC(128) Pacer for Mark. Expected Live: 81872K, Free: 1423M, Non-Taxable: 142M, Alloc Tax Rate: 0.1x
[94.929s][info][gc          ] GC(128) Pause Init Mark (unload classes) 0.267ms
[94.929s][info][gc,start    ] GC(128) Concurrent marking roots
[94.929s][info][gc,task     ] GC(128) Using 1 of 3 workers for concurrent marking roots
[94.929s][info][gc          ] GC(128) Concurrent marking roots 0.429ms
[94.929s][info][gc,start    ] GC(128) Concurrent marking (unload classes)
[94.929s][info][gc,task     ] GC(128) Using 1 of 3 workers for concurrent marking
[95.259s][info][gc          ] GC(128) Concurrent marking (unload classes) 329.889ms
[95.259s][info][gc,start    ] GC(128) Pause Final Mark (unload classes)
[95.260s][info][gc,task     ] GC(128) Using 3 of 3 workers for final marking
[95.260s][info][gc,ergo     ] GC(128) Adaptive CSet Selection. Target Free: 290M, Actual Free: 1265M, Max CSet: 87381K, Min Garbage: 0B
[95.260s][info][gc,ergo     ] GC(128) Collectable Garbage: 195M (62%), Immediate: 29760K (9%), CSet: 166M (52%)
[95.260s][info][gc,ergo     ] GC(128) Pacer for Evacuation. Used CSet: 252M, Free: 1173M, Non-Taxable: 117M, Alloc Tax Rate: 1.1x
[95.260s][info][gc          ] GC(128) Pause Final Mark (unload classes) 0.245ms
[95.260s][info][gc,start    ] GC(128) Concurrent thread roots
[95.260s][info][gc,task     ] GC(128) Using 1 of 3 workers for Concurrent thread roots
[95.260s][info][gc          ] GC(128) Concurrent thread roots 0.598ms
[95.260s][info][gc,start    ] GC(128) Concurrent weak references
[95.260s][info][gc,task     ] GC(128) Using 1 of 3 workers for concurrent weak references
[95.260s][info][gc,ref      ] GC(128) Encountered references: Soft: 133, Weak: 684, Final: 0, Phantom: 63
[95.260s][info][gc,ref      ] GC(128) Discovered  references: Soft: 0, Weak: 152, Final: 0, Phantom: 26
[95.260s][info][gc,ref      ] GC(128) Enqueued    references: Soft: 0, Weak: 0, Final: 0, Phantom: 0
[95.260s][info][gc          ] GC(128) Concurrent weak references 0.058ms
[95.260s][info][gc,start    ] GC(128) Concurrent weak roots
[95.260s][info][gc,task     ] GC(128) Using 1 of 3 workers for concurrent weak root
[95.275s][info][gc          ] GC(128) Concurrent weak roots 14.543ms
[95.275s][info][gc,start    ] GC(128) Concurrent cleanup
[95.275s][info][gc          ] GC(128) Concurrent cleanup 790M->761M(2048M) 0.044ms
[95.275s][info][gc,ergo     ] GC(128) Free: 1166M, Max: 1024K regular, 1127M humongous, Frag: 4% external, 0% internal; Reserve: 94208K, Max: 1024K
[95.275s][info][gc,start    ] GC(128) Concurrent class unloading
[95.275s][info][gc,task     ] GC(128) Using 1 of 3 workers for concurrent class unloading
[95.291s][info][gc          ] GC(128) Concurrent class unloading 15.801ms
[95.291s][info][gc,start    ] GC(128) Concurrent strong roots
[95.291s][info][gc,task     ] GC(128) Using 1 of 3 workers for concurrent strong root
[95.291s][info][gc          ] GC(128) Concurrent strong roots 0.089ms
[95.291s][info][gc,start    ] GC(128) Concurrent evacuation
[95.291s][info][gc,task     ] GC(128) Using 1 of 3 workers for concurrent evacuation
[95.370s][info][gc          ] GC(128) Concurrent evacuation 79.146ms
[95.370s][info][gc,start    ] GC(128) Pause Init Update Refs
[95.370s][info][gc,ergo     ] GC(128) Pacer for Update Refs. Used: 908M, Free: 1091M, Non-Taxable: 109M, Alloc Tax Rate: 1.1x
[95.370s][info][gc          ] GC(128) Pause Init Update Refs 0.047ms
[95.372s][info][gc,start    ] GC(128) Concurrent update references
[95.372s][info][gc,task     ] GC(128) Using 1 of 3 workers for concurrent reference update
[95.793s][info][gc          ] GC(128) Concurrent update references 421.071ms
[95.793s][info][gc,start    ] GC(128) Concurrent update thread roots
[95.794s][info][gc          ] GC(128) Concurrent update thread roots 0.904ms
[95.794s][info][gc,start    ] GC(128) Pause Final Update Refs
[95.794s][info][gc,task     ] GC(128) Using 3 of 3 workers for final reference update
[95.794s][info][gc          ] GC(128) Pause Final Update Refs 0.280ms
[95.794s][info][gc,start    ] GC(128) Concurrent cleanup
[95.794s][info][gc          ] GC(128) Concurrent cleanup 990M->738M(2048M) 0.047ms
[95.794s][info][gc,ergo     ] Free: 1171M, Max: 1024K regular, 922M humongous, Frag: 22% external, 0% internal; Reserve: 103M, Max: 1024K
[95.794s][info][gc,stats    ] 
[95.794s][info][gc,stats    ] All times are wall-clock times, except per-root-class counters, that are sum over
[95.794s][info][gc,stats    ] all workers. Dividing the <total> over the root stage time estimates parallelism.
[95.794s][info][gc,stats    ] 
[95.794s][info][gc,stats    ] Concurrent Reset                    444 us
[95.794s][info][gc,stats    ] Pause Init Mark (G)                 436 us
[95.794s][info][gc,stats    ] Pause Init Mark (N)                 290 us
[95.794s][info][gc,stats    ]   Update Region States              130 us
[95.794s][info][gc,stats    ] Concurrent Mark Roots               439 us, parallelism: 0.80x
[95.794s][info][gc,stats    ]   CMR: <total>                      353 us
[95.794s][info][gc,stats    ]   CMR: Thread Roots                 314 us, workers (us): 314, ---, ---, 
[95.794s][info][gc,stats    ]   CMR: VM Strong Roots                3 us, workers (us):   3, ---, ---, 
[95.794s][info][gc,stats    ]   CMR: CLDG Roots                    35 us, workers (us):  35, ---, ---, 
[95.794s][info][gc,stats    ] Concurrent Marking               329953 us
[95.794s][info][gc,stats    ] Pause Final Mark (G)                343 us
[95.794s][info][gc,stats    ] Pause Final Mark (N)                254 us
[95.794s][info][gc,stats    ]   Finish Mark                        46 us
[95.794s][info][gc,stats    ]   Update Region States               31 us
[95.794s][info][gc,stats    ]   Choose Collection Set              94 us
[95.794s][info][gc,stats    ]   Rebuild Free Set                    9 us
[95.794s][info][gc,stats    ] Concurrent Thread Roots             616 us, parallelism: 0.89x
[95.795s][info][gc,stats    ]   CTR: <total>                      551 us
[95.795s][info][gc,stats    ]   CTR: Thread Roots                 551 us, workers (us): 551, ---, ---, 
[95.795s][info][gc,stats    ] Concurrent Weak References           65 us, parallelism: 0.17x
[95.795s][info][gc,stats    ]   CWRF: <total>                      11 us
[95.795s][info][gc,stats    ]   CWRF: Weak References              11 us, workers (us):  11, ---, ---, 
[95.795s][info][gc,stats    ] Concurrent Weak Roots             14603 us
[95.795s][info][gc,stats    ]   Roots                             985 us, parallelism: 0.97x
[95.795s][info][gc,stats    ]     CWR: <total>                    955 us
[95.795s][info][gc,stats    ]     CWR: Code Cache Roots           864 us, workers (us): 864, ---, ---, 
[95.795s][info][gc,stats    ]     CWR: VM Weak Roots               84 us, workers (us):  84, ---, ---, 
[95.795s][info][gc,stats    ]     CWR: CLDG Roots                   7 us, workers (us):   7, ---, ---, 
[95.795s][info][gc,stats    ]   Rendezvous                      13540 us
[95.795s][info][gc,stats    ] Concurrent Cleanup                   53 us
[95.795s][info][gc,stats    ] Concurrent Class Unloading        15872 us
[95.795s][info][gc,stats    ]   Unlink Stale                     4392 us
[95.795s][info][gc,stats    ]     System Dictionary                11 us
[95.795s][info][gc,stats    ]     Weak Class Links                  1 us
[95.795s][info][gc,stats    ]     Code Roots                     4378 us
[95.795s][info][gc,stats    ]   Rendezvous                      11086 us
[95.795s][info][gc,stats    ]   Purge Unlinked                    302 us
[95.795s][info][gc,stats    ]     Code Roots                      296 us
[95.795s][info][gc,stats    ]     CLDG                              5 us
[95.795s][info][gc,stats    ]     Exception Caches                  0 us
[95.795s][info][gc,stats    ] Concurrent Strong Roots              98 us, parallelism: 0.44x
[95.795s][info][gc,stats    ]   CSR: <total>                       43 us
[95.795s][info][gc,stats    ]   CSR: VM Strong Roots                4 us, workers (us):   4, ---, ---, 
[95.795s][info][gc,stats    ]   CSR: CLDG Roots                    39 us, workers (us):  39, ---, ---, 
[95.795s][info][gc,stats    ] Concurrent Evacuation             79217 us
[95.795s][info][gc,stats    ] Pause Init Update Refs (G)         1504 us
[95.795s][info][gc,stats    ] Pause Init Update Refs (N)           56 us
[95.795s][info][gc,stats    ]   Manage GCLABs                       9 us
[95.795s][info][gc,stats    ] Concurrent Update Refs           421139 us
[95.795s][info][gc,stats    ] Concurrent Update Thread Roots      927 us
[95.795s][info][gc,stats    ] Pause Final Update Refs (G)         400 us
[95.795s][info][gc,stats    ] Pause Final Update Refs (N)         329 us
[95.795s][info][gc,stats    ]   Update Region States              126 us
[95.795s][info][gc,stats    ]   Trash Collection Set               16 us
[95.795s][info][gc,stats    ]   Rebuild Free Set                   32 us
[95.795s][info][gc,stats    ] Concurrent Cleanup                   56 us
[95.795s][info][gc,stats    ] 
[95.795s][info][gc,stats    ] Allocation pacing accrued:
[95.795s][info][gc,stats    ]       0 of  1417 ms (  0.0%): <total>
[95.795s][info][gc,stats    ]       0 of  1417 ms (  0.0%): <average total>
[95.795s][info][gc,stats    ] 
[95.795s][info][gc,metaspace] Metaspace: 15972K(16256K)->15972K(16256K) NonClass: 13801K(13952K)->13801K(13952K) Class: 2170K(2304K)->2170K(2304K)
[95.795s][info][gc,ergo     ] Pacer for Idle. Initial: 41943K, Alloc Tax Rate: 1.0x
[95.805s][info][gc          ] Trigger: Explicit GC request (System.gc())
[95.805s][info][gc,ergo     ] Free: 1171M, Max: 1024K regular, 922M humongous, Frag: 22% external, 0% internal; Reserve: 103M, Max: 1024K
[95.805s][info][gc,start    ] GC(129) Concurrent reset
[95.805s][info][gc,task     ] GC(129) Using 1 of 3 workers for concurrent reset
[95.805s][info][gc,ergo     ] GC(129) Pacer for Reset. Non-Taxable: 2048M
[95.807s][info][gc          ] GC(129) Concurrent reset 2.594ms
[95.808s][info][gc,start    ] GC(129) Pause Init Mark (unload classes)
[95.808s][info][gc,task     ] GC(129) Using 3 of 3 workers for init marking
[95.808s][info][gc,ref      ] GC(129) Clearing All SoftReferences
[95.808s][info][gc,ergo     ] GC(129) Pacer for Mark. Expected Live: 117M, Free: 1171M, Non-Taxable: 117M, Alloc Tax Rate: 0.1x
[95.808s][info][gc          ] GC(129) Pause Init Mark (unload classes) 0.283ms
[95.808s][info][gc,start    ] GC(129) Concurrent marking roots
[95.808s][info][gc,task     ] GC(129) Using 1 of 3 workers for concurrent marking roots
[95.808s][info][gc          ] GC(129) Concurrent marking roots 0.426ms
[95.808s][info][gc,start    ] GC(129) Concurrent marking (unload classes)
[95.808s][info][gc,task     ] GC(129) Using 1 of 3 workers for concurrent marking
[95.812s][info][gc          ] GC(129) Concurrent marking (unload classes) 3.930ms
[95.812s][info][gc,start    ] GC(129) Pause Final Mark (unload classes)
[95.812s][info][gc,task     ] GC(129) Using 3 of 3 workers for final marking
[95.813s][info][gc,ergo     ] GC(129) Collectable Garbage: 728M (99%), Immediate: 728M (99%), CSet: 0B (0%)
[95.813s][info][gc          ] GC(129) Pause Final Mark (unload classes) 0.489ms
[95.813s][info][gc,start    ] GC(129) Concurrent weak references
[95.813s][info][gc,task     ] GC(129) Using 1 of 3 workers for concurrent weak references
[95.813s][info][gc,ref      ] GC(129) Encountered references: Soft: 178, Weak: 683, Final: 0, Phantom: 63
[95.813s][info][gc,ref      ] GC(129) Discovered  references: Soft: 127, Weak: 165, Final: 0, Phantom: 61
[95.813s][info][gc,ref      ] GC(129) Enqueued    references: Soft: 48, Weak: 0, Final: 0, Phantom: 0
[95.813s][info][gc          ] GC(129) Concurrent weak references 0.092ms
[95.813s][info][gc,start    ] GC(129) Concurrent weak roots
[95.813s][info][gc,task     ] GC(129) Using 1 of 3 workers for concurrent weak root
[95.814s][info][gc          ] GC(129) Concurrent weak roots 0.955ms
[95.814s][info][gc,start    ] GC(129) Concurrent cleanup
[95.814s][info][gc          ] GC(129) Concurrent cleanup 738M->10M(2048M) 0.060ms
[95.814s][info][gc,ergo     ] GC(129) Free: 1934M, Max: 1024K regular, 1008M humongous, Frag: 48% external, 0% internal; Reserve: 103M, Max: 1024K
[95.814s][info][gc,start    ] GC(129) Concurrent class unloading
[95.814s][info][gc,task     ] GC(129) Using 1 of 3 workers for concurrent class unloading
[95.818s][info][gc          ] GC(129) Concurrent class unloading 4.238ms
[95.818s][info][gc,start    ] GC(129) Pause Final Roots
[95.819s][info][gc          ] GC(129) Pause Final Roots 0.068ms
[95.819s][info][gc,ergo     ] Free: 1934M, Max: 1024K regular, 1008M humongous, Frag: 48% external, 0% internal; Reserve: 103M, Max: 1024K
[95.819s][info][gc,stats    ] 
[95.819s][info][gc,stats    ] All times are wall-clock times, except per-root-class counters, that are sum over
[95.819s][info][gc,stats    ] all workers. Dividing the <total> over the root stage time estimates parallelism.
[95.819s][info][gc,stats    ] 
[95.819s][info][gc,stats    ] Concurrent Reset                   2664 us
[95.819s][info][gc,stats    ] Pause Init Mark (G)                 484 us
[95.819s][info][gc,stats    ] Pause Init Mark (N)                 304 us
[95.819s][info][gc,stats    ]   Update Region States              127 us
[95.819s][info][gc,stats    ] Concurrent Mark Roots               444 us, parallelism: 0.77x
[95.819s][info][gc,stats    ]   CMR: <total>                      343 us
[95.819s][info][gc,stats    ]   CMR: Thread Roots                 300 us, workers (us): 300, ---, ---, 
[95.819s][info][gc,stats    ]   CMR: VM Strong Roots                5 us, workers (us):   5, ---, ---, 
[95.819s][info][gc,stats    ]   CMR: CLDG Roots                    38 us, workers (us):  38, ---, ---, 
[95.819s][info][gc,stats    ] Concurrent Marking                 3988 us
[95.819s][info][gc,stats    ] Pause Final Mark (G)                616 us
[95.819s][info][gc,stats    ] Pause Final Mark (N)                513 us
[95.819s][info][gc,stats    ]   Finish Mark                       161 us
[95.819s][info][gc,stats    ]   Update Region States              124 us
[95.819s][info][gc,stats    ]   Choose Collection Set             101 us
[95.819s][info][gc,stats    ]   Rebuild Free Set                   24 us
[95.819s][info][gc,stats    ] Concurrent Weak References          100 us, parallelism: 0.13x
[95.819s][info][gc,stats    ]   CWRF: <total>                      12 us
[95.819s][info][gc,stats    ]   CWRF: Weak References              12 us, workers (us):  12, ---, ---, 
[95.819s][info][gc,stats    ] Concurrent Weak Roots               993 us
[95.819s][info][gc,stats    ]   Roots                             869 us, parallelism: 0.94x
[95.819s][info][gc,stats    ]     CWR: <total>                    815 us
[95.819s][info][gc,stats    ]     CWR: Code Cache Roots           732 us, workers (us): 732, ---, ---, 
[95.819s][info][gc,stats    ]     CWR: VM Weak Roots               79 us, workers (us):  79, ---, ---, 
[95.819s][info][gc,stats    ]     CWR: CLDG Roots                   4 us, workers (us):   4, ---, ---, 
[95.819s][info][gc,stats    ]   Rendezvous                         65 us
[95.819s][info][gc,stats    ] Concurrent Cleanup                   68 us
[95.819s][info][gc,stats    ] Concurrent Class Unloading         4287 us
[95.819s][info][gc,stats    ]   Unlink Stale                     3699 us
[95.819s][info][gc,stats    ]     System Dictionary                 6 us
[95.819s][info][gc,stats    ]     Weak Class Links                  0 us
[95.819s][info][gc,stats    ]     Code Roots                     3692 us
[95.819s][info][gc,stats    ]   Rendezvous                        231 us
[95.819s][info][gc,stats    ]   Purge Unlinked                    290 us
[95.819s][info][gc,stats    ]     Code Roots                      277 us
[95.819s][info][gc,stats    ]     CLDG                             11 us
[95.819s][info][gc,stats    ]     Exception Caches                  0 us
[95.819s][info][gc,stats    ] Pause Final Roots (G)               203 us
[95.819s][info][gc,stats    ] Pause Final Roots (N)                87 us
[95.819s][info][gc,stats    ] 
[95.819s][info][gc,stats    ] Allocation pacing accrued:
[95.819s][info][gc,stats    ]       0 of    24 ms (  0.0%): <total>
[95.819s][info][gc,stats    ]       0 of    24 ms (  0.0%): <average total>
[95.819s][info][gc,stats    ] 
[95.819s][info][gc,metaspace] Metaspace: 15972K(16256K)->15972K(16256K) NonClass: 13801K(13952K)->13801K(13952K) Class: 2170K(2304K)->2170K(2304K)
[95.819s][info][gc,ergo     ] Pacer for Idle. Initial: 41943K, Alloc Tax Rate: 1.0x
[96.370s][info][gc          ] Trigger: Learning 2 of 5. Free (1424M) is below initial threshold (1433M)
[96.371s][info][gc,ergo     ] Free: 1424M, Max: 1024K regular, 1008M humongous, Frag: 30% external, 0% internal; Reserve: 103M, Max: 1024K
[96.371s][info][gc,start    ] GC(130) Concurrent reset
[96.371s][info][gc,task     ] GC(130) Using 1 of 3 workers for concurrent reset
[96.371s][info][gc,ergo     ] GC(130) Pacer for Reset. Non-Taxable: 2048M
[96.371s][info][gc          ] GC(130) Concurrent reset 0.369ms
[96.371s][info][gc,start    ] GC(130) Pause Init Mark (unload classes)
[96.372s][info][gc,task     ] GC(130) Using 3 of 3 workers for init marking
[96.372s][info][gc,ergo     ] GC(130) Pacer for Mark. Expected Live: 81182K, Free: 1424M, Non-Taxable: 142M, Alloc Tax Rate: 0.1x
[96.372s][info][gc          ] GC(130) Pause Init Mark (unload classes) 0.231ms
[96.372s][info][gc,start    ] GC(130) Concurrent marking roots
[96.372s][info][gc,task     ] GC(130) Using 1 of 3 workers for concurrent marking roots
[96.372s][info][gc          ] GC(130) Concurrent marking roots 0.483ms
[96.372s][info][gc,start    ] GC(130) Concurrent marking (unload classes)
[96.372s][info][gc,task     ] GC(130) Using 1 of 3 workers for concurrent marking
[96.703s][info][gc          ] GC(130) Concurrent marking (unload classes) 330.618ms
[96.703s][info][gc,start    ] GC(130) Pause Final Mark (unload classes)
[96.703s][info][gc,task     ] GC(130) Using 3 of 3 workers for final marking
[96.703s][info][gc,ergo     ] GC(130) Adaptive CSet Selection. Target Free: 290M, Actual Free: 1260M, Max CSet: 87381K, Min Garbage: 0B
[96.703s][info][gc,ergo     ] GC(130) Collectable Garbage: 190M (61%), Immediate: 25258K (7%), CSet: 165M (53%)
[96.703s][info][gc,ergo     ] GC(130) Pacer for Evacuation. Used CSet: 251M, Free: 1168M, Non-Taxable: 116M, Alloc Tax Rate: 1.1x
[96.703s][info][gc          ] GC(130) Pause Final Mark (unload classes) 0.233ms
[96.703s][info][gc,start    ] GC(130) Concurrent thread roots
[96.703s][info][gc,task     ] GC(130) Using 1 of 3 workers for Concurrent thread roots
[96.704s][info][gc          ] GC(130) Concurrent thread roots 0.525ms
[96.704s][info][gc,start    ] GC(130) Concurrent weak references
[96.704s][info][gc,task     ] GC(130) Using 1 of 3 workers for concurrent weak references
[96.704s][info][gc,ref      ] GC(130) Encountered references: Soft: 133, Weak: 684, Final: 0, Phantom: 63
[96.704s][info][gc,ref      ] GC(130) Discovered  references: Soft: 0, Weak: 152, Final: 0, Phantom: 26
[96.704s][info][gc,ref      ] GC(130) Enqueued    references: Soft: 0, Weak: 0, Final: 0, Phantom: 0
[96.704s][info][gc          ] GC(130) Concurrent weak references 0.061ms
[96.704s][info][gc,start    ] GC(130) Concurrent weak roots
[96.704s][info][gc,task     ] GC(130) Using 1 of 3 workers for concurrent weak root
[96.719s][info][gc          ] GC(130) Concurrent weak roots 15.089ms
[96.719s][info][gc,start    ] GC(130) Concurrent cleanup
[96.719s][info][gc          ] GC(130) Concurrent cleanup 788M->763M(2048M) 0.043ms
[96.719s][info][gc,ergo     ] GC(130) Free: 1162M, Max: 1024K regular, 1128M humongous, Frag: 3% external, 0% internal; Reserve: 94208K, Max: 1024K
[96.719s][info][gc,start    ] GC(130) Concurrent class unloading
[96.719s][info][gc,task     ] GC(130) Using 1 of 3 workers for concurrent class unloading
[96.735s][info][gc          ] GC(130) Concurrent class unloading 15.795ms
[96.735s][info][gc,start    ] GC(130) Concurrent strong roots
[96.735s][info][gc,task     ] GC(130) Using 1 of 3 workers for concurrent strong root
[96.735s][info][gc          ] GC(130) Concurrent strong roots 0.081ms
[96.735s][info][gc,start    ] GC(130) Concurrent evacuation
[96.735s][info][gc,task     ] GC(130) Using 1 of 3 workers for concurrent evacuation
[96.815s][info][gc          ] GC(130) Concurrent evacuation 79.705ms
[96.816s][info][gc,start    ] GC(130) Pause Init Update Refs
[96.816s][info][gc,ergo     ] GC(130) Pacer for Update Refs. Used: 917M, Free: 1080M, Non-Taxable: 108M, Alloc Tax Rate: 1.1x
[96.816s][info][gc          ] GC(130) Pause Init Update Refs 0.053ms
[96.829s][info][gc,start    ] GC(130) Concurrent update references
[96.829s][info][gc,task     ] GC(130) Using 1 of 3 workers for concurrent reference update
[97.239s][info][gc          ] GC(130) Concurrent update references 410.603ms
[97.239s][info][gc,start    ] GC(130) Concurrent update thread roots
[97.240s][info][gc          ] GC(130) Concurrent update thread roots 0.455ms
[97.240s][info][gc,start    ] GC(130) Pause Final Update Refs
[97.240s][info][gc,task     ] GC(130) Using 3 of 3 workers for final reference update
[97.240s][info][gc          ] GC(130) Pause Final Update Refs 0.152ms
[97.240s][info][gc,start    ] GC(130) Concurrent cleanup
[97.240s][info][gc          ] GC(130) Concurrent cleanup 995M->744M(2048M) 0.078ms
[97.240s][info][gc,ergo     ] Free: 1164M, Max: 1024K regular, 915M humongous, Frag: 22% external, 0% internal; Reserve: 103M, Max: 1024K
[97.240s][info][gc,stats    ] 
[97.240s][info][gc,stats    ] All times are wall-clock times, except per-root-class counters, that are sum over
[97.240s][info][gc,stats    ] all workers. Dividing the <total> over the root stage time estimates parallelism.
[97.240s][info][gc,stats    ] 
[97.240s][info][gc,stats    ] Concurrent Reset                    433 us
[97.240s][info][gc,stats    ] Pause Init Mark (G)                 685 us
[97.240s][info][gc,stats    ] Pause Init Mark (N)                 249 us
[97.240s][info][gc,stats    ]   Update Region States              102 us
[97.240s][info][gc,stats    ] Concurrent Mark Roots               502 us, parallelism: 0.75x
[97.240s][info][gc,stats    ]   CMR: <total>                      375 us
[97.240s][info][gc,stats    ]   CMR: Thread Roots                 334 us, workers (us): 334, ---, ---, 
[97.240s][info][gc,stats    ]   CMR: VM Strong Roots                5 us, workers (us):   5, ---, ---, 
[97.240s][info][gc,stats    ]   CMR: CLDG Roots                    36 us, workers (us):  36, ---, ---, 
[97.241s][info][gc,stats    ] Concurrent Marking               330683 us
[97.241s][info][gc,stats    ] Pause Final Mark (G)                315 us
[97.241s][info][gc,stats    ] Pause Final Mark (N)                242 us
[97.241s][info][gc,stats    ]   Finish Mark                        46 us
[97.241s][info][gc,stats    ]   Update Region States               29 us
[97.241s][info][gc,stats    ]   Choose Collection Set              84 us
[97.241s][info][gc,stats    ]   Rebuild Free Set                    9 us
[97.241s][info][gc,stats    ] Concurrent Thread Roots             536 us, parallelism: 0.90x
[97.241s][info][gc,stats    ]   CTR: <total>                      482 us
[97.241s][info][gc,stats    ]   CTR: Thread Roots                 482 us, workers (us): 482, ---, ---, 
[97.241s][info][gc,stats    ] Concurrent Weak References           68 us, parallelism: 0.19x
[97.241s][info][gc,stats    ]   CWRF: <total>                      13 us
[97.241s][info][gc,stats    ]   CWRF: Weak References              13 us, workers (us):  13, ---, ---, 
[97.241s][info][gc,stats    ] Concurrent Weak Roots             15158 us
[97.241s][info][gc,stats    ]   Roots                             991 us, parallelism: 0.96x
[97.241s][info][gc,stats    ]     CWR: <total>                    954 us
[97.241s][info][gc,stats    ]     CWR: Code Cache Roots           859 us, workers (us): 859, ---, ---, 
[97.241s][info][gc,stats    ]     CWR: VM Weak Roots               88 us, workers (us):  88, ---, ---, 
[97.241s][info][gc,stats    ]     CWR: CLDG Roots                   7 us, workers (us):   7, ---, ---, 
[97.241s][info][gc,stats    ]   Rendezvous                      14079 us
[97.241s][info][gc,stats    ] Concurrent Cleanup                   52 us
[97.241s][info][gc,stats    ] Concurrent Class Unloading        15861 us
[97.241s][info][gc,stats    ]   Unlink Stale                     4446 us
[97.241s][info][gc,stats    ]     System Dictionary                10 us
[97.241s][info][gc,stats    ]     Weak Class Links                  0 us
[97.241s][info][gc,stats    ]     Code Roots                     4434 us
[97.241s][info][gc,stats    ]   Rendezvous                      11027 us
[97.241s][info][gc,stats    ]   Purge Unlinked                    294 us
[97.241s][info][gc,stats    ]     Code Roots                      288 us
[97.241s][info][gc,stats    ]     CLDG                              5 us
[97.241s][info][gc,stats    ]     Exception Caches                  0 us
[97.241s][info][gc,stats    ] Concurrent Strong Roots              90 us, parallelism: 0.45x
[97.241s][info][gc,stats    ]   CSR: <total>                       40 us
[97.241s][info][gc,stats    ]   CSR: VM Strong Roots                6 us, workers (us):   6, ---, ---, 
[97.241s][info][gc,stats    ]   CSR: CLDG Roots                    34 us, workers (us):  34, ---, ---, 
[97.241s][info][gc,stats    ] Concurrent Evacuation             79780 us
[97.241s][info][gc,stats    ] Pause Init Update Refs (G)        13969 us
[97.241s][info][gc,stats    ] Pause Init Update Refs (N)           60 us
[97.241s][info][gc,stats    ]   Manage GCLABs                       3 us
[97.241s][info][gc,stats    ] Concurrent Update Refs           410662 us
[97.241s][info][gc,stats    ] Concurrent Update Thread Roots      492 us
[97.241s][info][gc,stats    ] Pause Final Update Refs (G)         248 us
[97.241s][info][gc,stats    ] Pause Final Update Refs (N)         170 us
[97.241s][info][gc,stats    ]   Update Region States               79 us
[97.241s][info][gc,stats    ]   Trash Collection Set                9 us
[97.241s][info][gc,stats    ]   Rebuild Free Set                   18 us
[97.241s][info][gc,stats    ] Concurrent Cleanup                   98 us
[97.241s][info][gc,stats    ] 
[97.241s][info][gc,stats    ] Allocation pacing accrued:
[97.241s][info][gc,stats    ]       0 of  1422 ms (  0.0%): <total>
[97.241s][info][gc,stats    ]       0 of  1422 ms (  0.0%): <average total>
[97.241s][info][gc,stats    ] 
[97.241s][info][gc,metaspace] Metaspace: 15972K(16256K)->15972K(16256K) NonClass: 13801K(13952K)->13801K(13952K) Class: 2170K(2304K)->2170K(2304K)
[97.241s][info][gc,ergo     ] Pacer for Idle. Initial: 41943K, Alloc Tax Rate: 1.0x
[97.253s][info][gc          ] Trigger: Explicit GC request (System.gc())
[97.253s][info][gc,ergo     ] Free: 1164M, Max: 1024K regular, 915M humongous, Frag: 22% external, 0% internal; Reserve: 103M, Max: 1024K
[97.253s][info][gc,start    ] GC(131) Concurrent reset
[97.253s][info][gc,task     ] GC(131) Using 1 of 3 workers for concurrent reset
[97.253s][info][gc,ergo     ] GC(131) Pacer for Reset. Non-Taxable: 2048M
[97.256s][info][gc          ] GC(131) Concurrent reset 3.036ms
[97.256s][info][gc,start    ] GC(131) Pause Init Mark (unload classes)
[97.256s][info][gc,task     ] GC(131) Using 3 of 3 workers for init marking
[97.257s][info][gc,ref      ] GC(131) Clearing All SoftReferences
[97.257s][info][gc,ergo     ] GC(131) Pacer for Mark. Expected Live: 117M, Free: 1164M, Non-Taxable: 116M, Alloc Tax Rate: 0.1x
[97.257s][info][gc          ] GC(131) Pause Init Mark (unload classes) 0.153ms
[97.257s][info][gc,start    ] GC(131) Concurrent marking roots
[97.257s][info][gc,task     ] GC(131) Using 1 of 3 workers for concurrent marking roots
[97.258s][info][gc          ] GC(131) Concurrent marking roots 0.906ms
[97.258s][info][gc,start    ] GC(131) Concurrent marking (unload classes)
[97.258s][info][gc,task     ] GC(131) Using 1 of 3 workers for concurrent marking
[97.262s][info][gc          ] GC(131) Concurrent marking (unload classes) 4.577ms
[97.262s][info][gc,start    ] GC(131) Pause Final Mark (unload classes)
[97.262s][info][gc,task     ] GC(131) Using 3 of 3 workers for final marking
[97.263s][info][gc,ergo     ] GC(131) Collectable Garbage: 733M (99%), Immediate: 733M (99%), CSet: 0B (0%)
[97.263s][info][gc          ] GC(131) Pause Final Mark (unload classes) 0.489ms
[97.263s][info][gc,start    ] GC(131) Concurrent weak references
[97.263s][info][gc,task     ] GC(131) Using 1 of 3 workers for concurrent weak references
[97.263s][info][gc,ref      ] GC(131) Encountered references: Soft: 178, Weak: 683, Final: 0, Phantom: 63
[97.263s][info][gc,ref      ] GC(131) Discovered  references: Soft: 127, Weak: 165, Final: 0, Phantom: 61
[97.263s][info][gc,ref      ] GC(131) Enqueued    references: Soft: 48, Weak: 0, Final: 0, Phantom: 0
[97.263s][info][gc          ] GC(131) Concurrent weak references 0.129ms
[97.263s][info][gc,start    ] GC(131) Concurrent weak roots
[97.263s][info][gc,task     ] GC(131) Using 1 of 3 workers for concurrent weak root
[97.264s][info][gc          ] GC(131) Concurrent weak roots 0.994ms
[97.264s][info][gc,start    ] GC(131) Concurrent cleanup
[97.264s][info][gc          ] GC(131) Concurrent cleanup 744M->10M(2048M) 0.059ms
[97.264s][info][gc,ergo     ] GC(131) Free: 1934M, Max: 1024K regular, 1001M humongous, Frag: 49% external, 0% internal; Reserve: 103M, Max: 1024K
[97.264s][info][gc,start    ] GC(131) Concurrent class unloading
[97.264s][info][gc,task     ] GC(131) Using 1 of 3 workers for concurrent class unloading
[97.269s][info][gc          ] GC(131) Concurrent class unloading 4.725ms
[97.269s][info][gc,start    ] GC(131) Pause Final Roots
[97.269s][info][gc          ] GC(131) Pause Final Roots 0.066ms
[97.269s][info][gc,ergo     ] Free: 1934M, Max: 1024K regular, 1001M humongous, Frag: 49% external, 0% internal; Reserve: 103M, Max: 1024K
[97.269s][info][gc,stats    ] 
[97.269s][info][gc,stats    ] All times are wall-clock times, except per-root-class counters, that are sum over
[97.269s][info][gc,stats    ] all workers. Dividing the <total> over the root stage time estimates parallelism.
[97.269s][info][gc,stats    ] 
[97.269s][info][gc,stats    ] Concurrent Reset                   3132 us
[97.269s][info][gc,stats    ] Pause Init Mark (G)                 239 us
[97.269s][info][gc,stats    ] Pause Init Mark (N)                 160 us
[97.269s][info][gc,stats    ]   Update Region States               84 us
[97.269s][info][gc,stats    ] Concurrent Mark Roots               933 us, parallelism: 0.81x
[97.269s][info][gc,stats    ]   CMR: <total>                      760 us
[97.269s][info][gc,stats    ]   CMR: Thread Roots                 646 us, workers (us): 646, ---, ---, 
[97.269s][info][gc,stats    ]   CMR: VM Strong Roots               12 us, workers (us):  12, ---, ---, 
[97.269s][info][gc,stats    ]   CMR: CLDG Roots                   102 us, workers (us): 102, ---, ---, 
[97.269s][info][gc,stats    ] Concurrent Marking                 4632 us
[97.269s][info][gc,stats    ] Pause Final Mark (G)                616 us
[97.270s][info][gc,stats    ] Pause Final Mark (N)                514 us
[97.270s][info][gc,stats    ]   Finish Mark                       160 us
[97.270s][info][gc,stats    ]   Update Region States              124 us
[97.270s][info][gc,stats    ]   Choose Collection Set             101 us
[97.270s][info][gc,stats    ]   Rebuild Free Set                   24 us
[97.270s][info][gc,stats    ] Concurrent Weak References          137 us, parallelism: 0.09x
[97.270s][info][gc,stats    ]   CWRF: <total>                      12 us
[97.270s][info][gc,stats    ]   CWRF: Weak References              12 us, workers (us):  12, ---, ---, 
[97.270s][info][gc,stats    ] Concurrent Weak Roots              1030 us
[97.270s][info][gc,stats    ]   Roots                             885 us, parallelism: 0.92x
[97.270s][info][gc,stats    ]     CWR: <total>                    817 us
[97.270s][info][gc,stats    ]     CWR: Code Cache Roots           731 us, workers (us): 731, ---, ---, 
[97.270s][info][gc,stats    ]     CWR: VM Weak Roots               81 us, workers (us):  81, ---, ---, 
[97.270s][info][gc,stats    ]     CWR: CLDG Roots                   5 us, workers (us):   5, ---, ---, 
[97.270s][info][gc,stats    ]   Rendezvous                         92 us
[97.270s][info][gc,stats    ] Concurrent Cleanup                   67 us
[97.270s][info][gc,stats    ] Concurrent Class Unloading         4779 us
[97.270s][info][gc,stats    ]   Unlink Stale                     4137 us
[97.270s][info][gc,stats    ]     System Dictionary                 6 us
[97.270s][info][gc,stats    ]     Weak Class Links                  0 us
[97.270s][info][gc,stats    ]     Code Roots                     4129 us
[97.270s][info][gc,stats    ]   Rendezvous                        213 us
[97.270s][info][gc,stats    ]   Purge Unlinked                    356 us
[97.270s][info][gc,stats    ]     Code Roots                      347 us
[97.270s][info][gc,stats    ]     CLDG                              7 us
[97.270s][info][gc,stats    ]     Exception Caches                  0 us
[97.270s][info][gc,stats    ] Pause Final Roots (G)               200 us
[97.270s][info][gc,stats    ] Pause Final Roots (N)                84 us
[97.270s][info][gc,stats    ] 
[97.270s][info][gc,stats    ] Allocation pacing accrued:
[97.270s][info][gc,stats    ]       0 of    29 ms (  0.0%): <total>
[97.270s][info][gc,stats    ]       0 of    29 ms (  0.0%): <average total>
[97.270s][info][gc,stats    ] 
[97.270s][info][gc,metaspace] Metaspace: 15972K(16256K)->15972K(16256K) NonClass: 13801K(13952K)->13801K(13952K) Class: 2170K(2304K)->2170K(2304K)
[97.270s][info][gc,ergo     ] Pacer for Idle. Initial: 41943K, Alloc Tax Rate: 1.0x
[97.833s][info][gc          ] Trigger: Learning 2 of 5. Free (1417M) is below initial threshold (1433M)
[97.834s][info][gc,ergo     ] Free: 1417M, Max: 1024K regular, 1001M humongous, Frag: 30% external, 0% internal; Reserve: 103M, Max: 1024K
[97.834s][info][gc,start    ] GC(132) Concurrent reset
[97.834s][info][gc,task     ] GC(132) Using 1 of 3 workers for concurrent reset
[97.834s][info][gc,ergo     ] GC(132) Pacer for Reset. Non-Taxable: 2048M
[97.834s][info][gc          ] GC(132) Concurrent reset 0.371ms
[97.834s][info][gc,start    ] GC(132) Pause Init Mark (unload classes)
[97.834s][info][gc,task     ] GC(132) Using 3 of 3 workers for init marking
[97.834s][info][gc,ergo     ] GC(132) Pacer for Mark. Expected Live: 81729K, Free: 1416M, Non-Taxable: 141M, Alloc Tax Rate: 0.1x
[97.834s][info][gc          ] GC(132) Pause Init Mark (unload classes) 0.283ms
[97.834s][info][gc,start    ] GC(132) Concurrent marking roots
[97.834s][info][gc,task     ] GC(132) Using 1 of 3 workers for concurrent marking roots
[97.835s][info][gc          ] GC(132) Concurrent marking roots 0.462ms
[97.835s][info][gc,start    ] GC(132) Concurrent marking (unload classes)
[97.835s][info][gc,task     ] GC(132) Using 1 of 3 workers for concurrent marking
[98.169s][info][gc          ] GC(132) Concurrent marking (unload classes) 334.098ms
[98.169s][info][gc,start    ] GC(132) Pause Final Mark (unload classes)
[98.169s][info][gc,task     ] GC(132) Using 3 of 3 workers for final marking
[98.169s][info][gc,ergo     ] GC(132) Adaptive CSet Selection. Target Free: 290M, Actual Free: 1261M, Max CSet: 87381K, Min Garbage: 0B
[98.169s][info][gc,ergo     ] GC(132) Collectable Garbage: 194M (61%), Immediate: 29351K (8%), CSet: 166M (52%)
[98.169s][info][gc,ergo     ] GC(132) Pacer for Evacuation. Used CSet: 251M, Free: 1170M, Non-Taxable: 117M, Alloc Tax Rate: 1.1x
[98.169s][info][gc          ] GC(132) Pause Final Mark (unload classes) 0.241ms
[98.200s][info][gc,start    ] GC(132) Concurrent thread roots
[98.200s][info][gc,task     ] GC(132) Using 1 of 3 workers for Concurrent thread roots
[98.201s][info][gc          ] GC(132) Concurrent thread roots 0.470ms
[98.201s][info][gc,start    ] GC(132) Concurrent weak references
[98.201s][info][gc,task     ] GC(132) Using 1 of 3 workers for concurrent weak references
[98.201s][info][gc,ref      ] GC(132) Encountered references: Soft: 133, Weak: 684, Final: 0, Phantom: 63
[98.201s][info][gc,ref      ] GC(132) Discovered  references: Soft: 0, Weak: 152, Final: 0, Phantom: 26
[98.201s][info][gc,ref      ] GC(132) Enqueued    references: Soft: 0, Weak: 0, Final: 0, Phantom: 0
[98.201s][info][gc          ] GC(132) Concurrent weak references 0.069ms
[98.201s][info][gc,start    ] GC(132) Concurrent weak roots
[98.201s][info][gc,task     ] GC(132) Using 1 of 3 workers for concurrent weak root
[98.216s][info][gc          ] GC(132) Concurrent weak roots 15.059ms
[98.216s][info][gc,start    ] GC(132) Concurrent cleanup
[98.216s][info][gc          ] GC(132) Concurrent cleanup 843M->814M(2048M) 0.037ms
[98.216s][info][gc,ergo     ] GC(132) Free: 1114M, Max: 1024K regular, 1075M humongous, Frag: 4% external, 0% internal; Reserve: 87040K, Max: 1024K
[98.216s][info][gc,start    ] GC(132) Concurrent class unloading
[98.216s][info][gc,task     ] GC(132) Using 1 of 3 workers for concurrent class unloading
[98.221s][info][gc          ] GC(132) Concurrent class unloading 5.138ms
[98.221s][info][gc,start    ] GC(132) Concurrent strong roots
[98.221s][info][gc,task     ] GC(132) Using 1 of 3 workers for concurrent strong root
[98.221s][info][gc          ] GC(132) Concurrent strong roots 0.080ms
[98.221s][info][gc,start    ] GC(132) Concurrent evacuation
[98.221s][info][gc,task     ] GC(132) Using 1 of 3 workers for concurrent evacuation
[98.297s][info][gc          ] GC(132) Concurrent evacuation 75.746ms
[98.297s][info][gc,start    ] GC(132) Pause Init Update Refs
[98.297s][info][gc,ergo     ] GC(132) Pacer for Update Refs. Used: 952M, Free: 1045M, Non-Taxable: 104M, Alloc Tax Rate: 1.1x
[98.297s][info][gc          ] GC(132) Pause Init Update Refs 0.049ms
[98.298s][info][gc,start    ] GC(132) Concurrent update references
[98.298s][info][gc,task     ] GC(132) Using 1 of 3 workers for concurrent reference update
[98.720s][info][gc          ] GC(132) Concurrent update references 422.497ms
[98.720s][info][gc,start    ] GC(132) Concurrent update thread roots
[98.721s][info][gc          ] GC(132) Concurrent update thread roots 0.664ms
[98.721s][info][gc,start    ] GC(132) Pause Final Update Refs
[98.721s][info][gc,task     ] GC(132) Using 3 of 3 workers for final reference update
[98.721s][info][gc          ] GC(132) Pause Final Update Refs 0.284ms
[98.721s][info][gc,start    ] GC(132) Concurrent cleanup
[98.721s][info][gc          ] GC(132) Concurrent cleanup 990M->739M(2048M) 0.077ms
[98.721s][info][gc,ergo     ] Free: 1170M, Max: 1024K regular, 921M humongous, Frag: 22% external, 0% internal; Reserve: 103M, Max: 1024K
[98.721s][info][gc,stats    ] 
[98.721s][info][gc,stats    ] All times are wall-clock times, except per-root-class counters, that are sum over
[98.721s][info][gc,stats    ] all workers. Dividing the <total> over the root stage time estimates parallelism.
[98.721s][info][gc,stats    ] 
[98.721s][info][gc,stats    ] Concurrent Reset                    409 us
[98.721s][info][gc,stats    ] Pause Init Mark (G)                 468 us
[98.721s][info][gc,stats    ] Pause Init Mark (N)                 307 us
[98.721s][info][gc,stats    ]   Update Region States              128 us
[98.721s][info][gc,stats    ] Concurrent Mark Roots               472 us, parallelism: 0.79x
[98.721s][info][gc,stats    ]   CMR: <total>                      375 us
[98.721s][info][gc,stats    ]   CMR: Thread Roots                 316 us, workers (us): 316, ---, ---, 
[98.721s][info][gc,stats    ]   CMR: VM Strong Roots                6 us, workers (us):   6, ---, ---, 
[98.721s][info][gc,stats    ]   CMR: CLDG Roots                    52 us, workers (us):  52, ---, ---, 
[98.721s][info][gc,stats    ] Concurrent Marking               334164 us
[98.721s][info][gc,stats    ] Pause Final Mark (G)              31326 us
[98.721s][info][gc,stats    ] Pause Final Mark (N)                249 us
[98.722s][info][gc,stats    ]   Finish Mark                        46 us
[98.722s][info][gc,stats    ]   Update Region States               29 us
[98.722s][info][gc,stats    ]   Choose Collection Set              94 us
[98.722s][info][gc,stats    ]   Rebuild Free Set                    9 us
[98.722s][info][gc,stats    ] Concurrent Thread Roots             495 us, parallelism: 0.73x
[98.722s][info][gc,stats    ]   CTR: <total>                      361 us
[98.722s][info][gc,stats    ]   CTR: Thread Roots                 361 us, workers (us): 361, ---, ---, 
[98.722s][info][gc,stats    ] Concurrent Weak References           76 us, parallelism: 0.18x
[98.722s][info][gc,stats    ]   CWRF: <total>                      14 us
[98.722s][info][gc,stats    ]   CWRF: Weak References              14 us, workers (us):  14, ---, ---, 
[98.722s][info][gc,stats    ] Concurrent Weak Roots             15118 us
[98.722s][info][gc,stats    ]   Roots                            1124 us, parallelism: 0.96x
[98.722s][info][gc,stats    ]     CWR: <total>                   1077 us
[98.722s][info][gc,stats    ]     CWR: Code Cache Roots           979 us, workers (us): 979, ---, ---, 
[98.722s][info][gc,stats    ]     CWR: VM Weak Roots               88 us, workers (us):  88, ---, ---, 
[98.722s][info][gc,stats    ]     CWR: CLDG Roots                  10 us, workers (us):  10, ---, ---, 
[98.722s][info][gc,stats    ]   Rendezvous                      13916 us
[98.722s][info][gc,stats    ] Concurrent Cleanup                   46 us
[98.722s][info][gc,stats    ] Concurrent Class Unloading         5203 us
[98.722s][info][gc,stats    ]   Unlink Stale                     4262 us
[98.722s][info][gc,stats    ]     System Dictionary                10 us
[98.722s][info][gc,stats    ]     Weak Class Links                  0 us
[98.722s][info][gc,stats    ]     Code Roots                     4250 us
[98.722s][info][gc,stats    ]   Rendezvous                        510 us
[98.722s][info][gc,stats    ]   Purge Unlinked                    346 us
[98.722s][info][gc,stats    ]     Code Roots                      341 us
[98.722s][info][gc,stats    ]     CLDG                              5 us
[98.722s][info][gc,stats    ]     Exception Caches                  0 us
[98.722s][info][gc,stats    ] Concurrent Strong Roots              88 us, parallelism: 0.43x
[98.722s][info][gc,stats    ]   CSR: <total>                       38 us
[98.722s][info][gc,stats    ]   CSR: VM Strong Roots                4 us, workers (us):   4, ---, ---, 
[98.722s][info][gc,stats    ]   CSR: CLDG Roots                    34 us, workers (us):  34, ---, ---, 
[98.722s][info][gc,stats    ] Concurrent Evacuation             75829 us
[98.722s][info][gc,stats    ] Pause Init Update Refs (G)          190 us
[98.722s][info][gc,stats    ] Pause Init Update Refs (N)           58 us
[98.722s][info][gc,stats    ]   Manage GCLABs                      19 us
[98.722s][info][gc,stats    ] Concurrent Update Refs           422566 us
[98.722s][info][gc,stats    ] Concurrent Update Thread Roots      702 us
[98.722s][info][gc,stats    ] Pause Final Update Refs (G)         485 us
[98.722s][info][gc,stats    ] Pause Final Update Refs (N)         343 us
[98.722s][info][gc,stats    ]   Update Region States              122 us
[98.722s][info][gc,stats    ]   Trash Collection Set               15 us
[98.722s][info][gc,stats    ]   Rebuild Free Set                   33 us
[98.722s][info][gc,stats    ] Concurrent Cleanup                   86 us
[98.722s][info][gc,stats    ] 
[98.722s][info][gc,stats    ] Allocation pacing accrued:
[98.722s][info][gc,stats    ]       0 of  1452 ms (  0.0%): <total>
[98.722s][info][gc,stats    ]       0 of  1452 ms (  0.0%): <average total>
[98.722s][info][gc,stats    ] 
[98.722s][info][gc,metaspace] Metaspace: 15972K(16256K)->15972K(16256K) NonClass: 13801K(13952K)->13801K(13952K) Class: 2170K(2304K)->2170K(2304K)
[98.722s][info][gc,ergo     ] Pacer for Idle. Initial: 41943K, Alloc Tax Rate: 1.0x
[98.738s][info][gc          ] Trigger: Explicit GC request (System.gc())
[98.738s][info][gc,ergo     ] Free: 1170M, Max: 1024K regular, 921M humongous, Frag: 22% external, 0% internal; Reserve: 103M, Max: 1024K
[98.738s][info][gc,start    ] GC(133) Concurrent reset
[98.738s][info][gc,task     ] GC(133) Using 1 of 3 workers for concurrent reset
[98.738s][info][gc,ergo     ] GC(133) Pacer for Reset. Non-Taxable: 2048M
[98.740s][info][gc          ] GC(133) Concurrent reset 2.564ms
[98.740s][info][gc,start    ] GC(133) Pause Init Mark (unload classes)
[98.741s][info][gc,task     ] GC(133) Using 3 of 3 workers for init marking
[98.741s][info][gc,ref      ] GC(133) Clearing All SoftReferences
[98.741s][info][gc,ergo     ] GC(133) Pacer for Mark. Expected Live: 117M, Free: 1170M, Non-Taxable: 117M, Alloc Tax Rate: 0.1x
[98.741s][info][gc          ] GC(133) Pause Init Mark (unload classes) 0.178ms
[98.741s][info][gc,start    ] GC(133) Concurrent marking roots
[98.741s][info][gc,task     ] GC(133) Using 1 of 3 workers for concurrent marking roots
[98.742s][info][gc          ] GC(133) Concurrent marking roots 0.920ms
[98.742s][info][gc,start    ] GC(133) Concurrent marking (unload classes)
[98.742s][info][gc,task     ] GC(133) Using 1 of 3 workers for concurrent marking
[98.746s][info][gc          ] GC(133) Concurrent marking (unload classes) 4.281ms
[98.746s][info][gc,start    ] GC(133) Pause Final Mark (unload classes)
[98.746s][info][gc,task     ] GC(133) Using 3 of 3 workers for final marking
[98.746s][info][gc,ergo     ] GC(133) Collectable Garbage: 727M (99%), Immediate: 727M (99%), CSet: 0B (0%)
[98.747s][info][gc          ] GC(133) Pause Final Mark (unload classes) 0.455ms
[98.747s][info][gc,start    ] GC(133) Concurrent weak references
[98.747s][info][gc,task     ] GC(133) Using 1 of 3 workers for concurrent weak references
[98.747s][info][gc,ref      ] GC(133) Encountered references: Soft: 178, Weak: 683, Final: 0, Phantom: 63
[98.747s][info][gc,ref      ] GC(133) Discovered  references: Soft: 127, Weak: 165, Final: 0, Phantom: 61
[98.747s][info][gc,ref      ] GC(133) Enqueued    references: Soft: 48, Weak: 0, Final: 0, Phantom: 0
[98.747s][info][gc          ] GC(133) Concurrent weak references 0.132ms
[98.747s][info][gc,start    ] GC(133) Concurrent weak roots
[98.747s][info][gc,task     ] GC(133) Using 1 of 3 workers for concurrent weak root
[98.748s][info][gc          ] GC(133) Concurrent weak roots 0.983ms
[98.748s][info][gc,start    ] GC(133) Concurrent cleanup
[98.748s][info][gc          ] GC(133) Concurrent cleanup 739M->11M(2048M) 0.059ms
[98.748s][info][gc,ergo     ] GC(133) Free: 1933M, Max: 1024K regular, 1006M humongous, Frag: 48% external, 0% internal; Reserve: 103M, Max: 1024K
[98.748s][info][gc,start    ] GC(133) Concurrent class unloading
[98.748s][info][gc,task     ] GC(133) Using 1 of 3 workers for concurrent class unloading
[98.752s][info][gc          ] GC(133) Concurrent class unloading 4.221ms
[98.752s][info][gc,start    ] GC(133) Pause Final Roots
[98.752s][info][gc          ] GC(133) Pause Final Roots 0.068ms
[98.752s][info][gc,ergo     ] Free: 1933M, Max: 1024K regular, 1006M humongous, Frag: 48% external, 0% internal; Reserve: 103M, Max: 1024K
[98.752s][info][gc,stats    ] 
[98.753s][info][gc,stats    ] All times are wall-clock times, except per-root-class counters, that are sum over
[98.753s][info][gc,stats    ] all workers. Dividing the <total> over the root stage time estimates parallelism.
[98.753s][info][gc,stats    ] 
[98.753s][info][gc,stats    ] Concurrent Reset                   2602 us
[98.753s][info][gc,stats    ] Pause Init Mark (G)                 304 us
[98.753s][info][gc,stats    ] Pause Init Mark (N)                 187 us
[98.753s][info][gc,stats    ]   Update Region States               81 us
[98.753s][info][gc,stats    ] Concurrent Mark Roots               945 us, parallelism: 0.79x
[98.753s][info][gc,stats    ]   CMR: <total>                      744 us
[98.753s][info][gc,stats    ]   CMR: Thread Roots                 648 us, workers (us): 648, ---, ---, 
[98.753s][info][gc,stats    ]   CMR: VM Strong Roots               14 us, workers (us):  14, ---, ---, 
[98.753s][info][gc,stats    ]   CMR: CLDG Roots                    82 us, workers (us):  82, ---, ---, 
[98.753s][info][gc,stats    ] Concurrent Marking                 4345 us
[98.753s][info][gc,stats    ] Pause Final Mark (G)                582 us
[98.753s][info][gc,stats    ] Pause Final Mark (N)                480 us
[98.753s][info][gc,stats    ]   Finish Mark                       162 us
[98.753s][info][gc,stats    ]   Update Region States               85 us
[98.753s][info][gc,stats    ]   Choose Collection Set             103 us
[98.753s][info][gc,stats    ]   Rebuild Free Set                   24 us
[98.753s][info][gc,stats    ] Concurrent Weak References          140 us, parallelism: 0.11x
[98.753s][info][gc,stats    ]   CWRF: <total>                      15 us
[98.753s][info][gc,stats    ]   CWRF: Weak References              15 us, workers (us):  15, ---, ---, 
[98.753s][info][gc,stats    ] Concurrent Weak Roots              1017 us
[98.753s][info][gc,stats    ]   Roots                             901 us, parallelism: 0.92x
[98.753s][info][gc,stats    ]     CWR: <total>                    830 us
[98.753s][info][gc,stats    ]     CWR: Code Cache Roots           743 us, workers (us): 743, ---, ---, 
[98.753s][info][gc,stats    ]     CWR: VM Weak Roots               82 us, workers (us):  82, ---, ---, 
[98.753s][info][gc,stats    ]     CWR: CLDG Roots                   5 us, workers (us):   5, ---, ---, 
[98.753s][info][gc,stats    ]   Rendezvous                         64 us
[98.753s][info][gc,stats    ] Concurrent Cleanup                   68 us
[98.753s][info][gc,stats    ] Concurrent Class Unloading         4270 us
[98.753s][info][gc,stats    ]   Unlink Stale                     3707 us
[98.753s][info][gc,stats    ]     System Dictionary                 6 us
[98.753s][info][gc,stats    ]     Weak Class Links                  0 us
[98.753s][info][gc,stats    ]     Code Roots                     3698 us
[98.753s][info][gc,stats    ]   Rendezvous                        168 us
[98.753s][info][gc,stats    ]   Purge Unlinked                    328 us
[98.753s][info][gc,stats    ]     Code Roots                      315 us
[98.753s][info][gc,stats    ]     CLDG                             12 us
[98.753s][info][gc,stats    ]     Exception Caches                  0 us
[98.753s][info][gc,stats    ] Pause Final Roots (G)               270 us
[98.753s][info][gc,stats    ] Pause Final Roots (N)                87 us
[98.753s][info][gc,stats    ] 
[98.753s][info][gc,stats    ] Allocation pacing accrued:
[98.753s][info][gc,stats    ]       0 of    31 ms (  0.0%): <total>
[98.753s][info][gc,stats    ]       0 of    31 ms (  0.0%): <average total>
[98.753s][info][gc,stats    ] 
[98.753s][info][gc,metaspace] Metaspace: 15972K(16256K)->15972K(16256K) NonClass: 13801K(13952K)->13801K(13952K) Class: 2170K(2304K)->2170K(2304K)
[98.753s][info][gc,ergo     ] Pacer for Idle. Initial: 41943K, Alloc Tax Rate: 1.0x
[99.319s][info][gc          ] Trigger: Learning 2 of 5. Free (1416M) is below initial threshold (1433M)
[99.319s][info][gc,ergo     ] Free: 1416M, Max: 1024K regular, 1006M humongous, Frag: 29% external, 0% internal; Reserve: 103M, Max: 1024K
[99.319s][info][gc,start    ] GC(134) Concurrent reset
[99.319s][info][gc,task     ] GC(134) Using 1 of 3 workers for concurrent reset
[99.319s][info][gc,ergo     ] GC(134) Pacer for Reset. Non-Taxable: 2048M
[99.319s][info][gc          ] GC(134) Concurrent reset 0.365ms
[99.319s][info][gc,start    ] GC(134) Pause Init Mark (unload classes)
[99.319s][info][gc,task     ] GC(134) Using 3 of 3 workers for init marking
[99.320s][info][gc,ergo     ] GC(134) Pacer for Mark. Expected Live: 82263K, Free: 1415M, Non-Taxable: 141M, Alloc Tax Rate: 0.1x
[99.320s][info][gc          ] GC(134) Pause Init Mark (unload classes) 0.264ms
[99.320s][info][gc,start    ] GC(134) Concurrent marking roots
[99.320s][info][gc,task     ] GC(134) Using 1 of 3 workers for concurrent marking roots
[99.320s][info][gc          ] GC(134) Concurrent marking roots 0.494ms
[99.320s][info][gc,start    ] GC(134) Concurrent marking (unload classes)
[99.320s][info][gc,task     ] GC(134) Using 1 of 3 workers for concurrent marking
[99.707s][info][gc          ] GC(134) Concurrent marking (unload classes) 387.188ms
[99.708s][info][gc,start    ] GC(134) Pause Final Mark (unload classes)
[99.708s][info][gc,task     ] GC(134) Using 3 of 3 workers for final marking
[99.708s][info][gc,ergo     ] GC(134) Adaptive CSet Selection. Target Free: 290M, Actual Free: 1193M, Max CSet: 87381K, Min Garbage: 0B
[99.708s][info][gc,ergo     ] GC(134) Collectable Garbage: 196M (61%), Immediate: 27624K (8%), CSet: 169M (52%)
[99.708s][info][gc,ergo     ] GC(134) Pacer for Evacuation. Used CSet: 255M, Free: 1104M, Non-Taxable: 110M, Alloc Tax Rate: 1.1x
[99.708s][info][gc          ] GC(134) Pause Final Mark (unload classes) 0.245ms
[99.719s][info][gc,start    ] GC(134) Concurrent thread roots
[99.719s][info][gc,task     ] GC(134) Using 1 of 3 workers for Concurrent thread roots
[99.719s][info][gc          ] GC(134) Concurrent thread roots 0.541ms
[99.719s][info][gc,start    ] GC(134) Concurrent weak references
[99.719s][info][gc,task     ] GC(134) Using 1 of 3 workers for concurrent weak references
[99.719s][info][gc,ref      ] GC(134) Encountered references: Soft: 133, Weak: 684, Final: 0, Phantom: 63
[99.719s][info][gc,ref      ] GC(134) Discovered  references: Soft: 0, Weak: 153, Final: 0, Phantom: 26
[99.719s][info][gc,ref      ] GC(134) Enqueued    references: Soft: 0, Weak: 0, Final: 0, Phantom: 0
[99.719s][info][gc          ] GC(134) Concurrent weak references 0.062ms
[99.719s][info][gc,start    ] GC(134) Concurrent weak roots
[99.719s][info][gc,task     ] GC(134) Using 1 of 3 workers for concurrent weak root
[99.735s][info][gc          ] GC(134) Concurrent weak roots 15.407ms
[99.735s][info][gc,start    ] GC(134) Concurrent cleanup
[99.735s][info][gc          ] GC(134) Concurrent cleanup 865M->838M(2048M) 0.037ms
[99.735s][info][gc,ergo     ] GC(134) Free: 1090M, Max: 1024K regular, 1053M humongous, Frag: 4% external, 0% internal; Reserve: 88064K, Max: 1024K
[99.735s][info][gc,start    ] GC(134) Concurrent class unloading
[99.735s][info][gc,task     ] GC(134) Using 1 of 3 workers for concurrent class unloading
[99.751s][info][gc          ] GC(134) Concurrent class unloading 15.775ms
[99.751s][info][gc,start    ] GC(134) Concurrent strong roots
[99.751s][info][gc,task     ] GC(134) Using 1 of 3 workers for concurrent strong root
[99.751s][info][gc          ] GC(134) Concurrent strong roots 0.081ms
[99.751s][info][gc,start    ] GC(134) Concurrent evacuation
[99.751s][info][gc,task     ] GC(134) Using 1 of 3 workers for concurrent evacuation
[99.828s][info][gc          ] GC(134) Concurrent evacuation 77.301ms
[99.828s][info][gc,start    ] GC(134) Pause Init Update Refs
[99.828s][info][gc,ergo     ] GC(134) Pacer for Update Refs. Used: 980M, Free: 1018M, Non-Taxable: 101M, Alloc Tax Rate: 1.2x
[99.828s][info][gc          ] GC(134) Pause Init Update Refs 0.165ms
[99.828s][info][gc,start    ] GC(134) Concurrent update references
[99.828s][info][gc,task     ] GC(134) Using 1 of 3 workers for concurrent reference update
[100.317s][info][gc          ] GC(134) Concurrent update references 488.221ms
[100.317s][info][gc,start    ] GC(134) Concurrent update thread roots
[100.318s][info][gc          ] GC(134) Concurrent update thread roots 0.883ms
[100.318s][info][gc,start    ] GC(134) Pause Final Update Refs
[100.318s][info][gc,task     ] GC(134) Using 3 of 3 workers for final reference update
[100.318s][info][gc          ] GC(134) Pause Final Update Refs 0.314ms
[100.318s][info][gc,start    ] GC(134) Concurrent cleanup
[100.318s][info][gc          ] GC(134) Concurrent cleanup 995M->740M(2048M) 0.044ms
[100.318s][info][gc,ergo     ] Free: 1169M, Max: 1024K regular, 917M humongous, Frag: 22% external, 0% internal; Reserve: 103M, Max: 1024K
[100.318s][info][gc,stats    ] 
[100.318s][info][gc,stats    ] All times are wall-clock times, except per-root-class counters, that are sum over
[100.318s][info][gc,stats    ] all workers. Dividing the <total> over the root stage time estimates parallelism.
[100.318s][info][gc,stats    ] 
[100.318s][info][gc,stats    ] Concurrent Reset                    429 us
[100.318s][info][gc,stats    ] Pause Init Mark (G)                 520 us
[100.318s][info][gc,stats    ] Pause Init Mark (N)                 363 us
[100.318s][info][gc,stats    ]   Update Region States              128 us
[100.318s][info][gc,stats    ] Concurrent Mark Roots               532 us, parallelism: 0.66x
[100.318s][info][gc,stats    ]   CMR: <total>                      353 us
[100.318s][info][gc,stats    ]   CMR: Thread Roots                 310 us, workers (us): 310, ---, ---, 
[100.318s][info][gc,stats    ]   CMR: VM Strong Roots                4 us, workers (us):   4, ---, ---, 
[100.318s][info][gc,stats    ]   CMR: CLDG Roots                    38 us, workers (us):  38, ---, ---, 
[100.318s][info][gc,stats    ] Concurrent Marking               387260 us
[100.318s][info][gc,stats    ] Pause Final Mark (G)              11011 us
[100.318s][info][gc,stats    ] Pause Final Mark (N)                253 us
[100.318s][info][gc,stats    ]   Finish Mark                        49 us
[100.318s][info][gc,stats    ]   Update Region States               31 us
[100.318s][info][gc,stats    ]   Choose Collection Set              87 us
[100.318s][info][gc,stats    ]   Rebuild Free Set                    9 us
[100.318s][info][gc,stats    ] Concurrent Thread Roots             562 us, parallelism: 0.77x
[100.318s][info][gc,stats    ]   CTR: <total>                      431 us
[100.318s][info][gc,stats    ]   CTR: Thread Roots                 431 us, workers (us): 431, ---, ---, 
[100.318s][info][gc,stats    ] Concurrent Weak References           69 us, parallelism: 0.20x
[100.318s][info][gc,stats    ]   CWRF: <total>                      14 us
[100.318s][info][gc,stats    ]   CWRF: Weak References              14 us, workers (us):  14, ---, ---, 
[100.318s][info][gc,stats    ] Concurrent Weak Roots             15472 us
[100.318s][info][gc,stats    ]   Roots                            1084 us, parallelism: 0.96x
[100.318s][info][gc,stats    ]     CWR: <total>                   1041 us
[100.318s][info][gc,stats    ]     CWR: Code Cache Roots           946 us, workers (us): 946, ---, ---, 
[100.318s][info][gc,stats    ]     CWR: VM Weak Roots               88 us, workers (us):  88, ---, ---, 
[100.318s][info][gc,stats    ]     CWR: CLDG Roots                   7 us, workers (us):   7, ---, ---, 
[100.318s][info][gc,stats    ]   Rendezvous                      14304 us
[100.318s][info][gc,stats    ] Concurrent Cleanup                   47 us
[100.318s][info][gc,stats    ] Concurrent Class Unloading        15828 us
[100.318s][info][gc,stats    ]   Unlink Stale                     4580 us
[100.318s][info][gc,stats    ]     System Dictionary                 9 us
[100.318s][info][gc,stats    ]     Weak Class Links                  0 us
[100.318s][info][gc,stats    ]     Code Roots                     4569 us
[100.318s][info][gc,stats    ]   Rendezvous                      10917 us
[100.318s][info][gc,stats    ]   Purge Unlinked                    258 us
[100.318s][info][gc,stats    ]     Code Roots                      252 us
[100.318s][info][gc,stats    ]     CLDG                              5 us
[100.318s][info][gc,stats    ]     Exception Caches                  0 us
[100.318s][info][gc,stats    ] Concurrent Strong Roots              89 us, parallelism: 0.43x
[100.318s][info][gc,stats    ]   CSR: <total>                       39 us
[100.318s][info][gc,stats    ]   CSR: VM Strong Roots                3 us, workers (us):   3, ---, ---, 
[100.318s][info][gc,stats    ]   CSR: CLDG Roots                    35 us, workers (us):  35, ---, ---, 
[100.318s][info][gc,stats    ] Concurrent Evacuation             77386 us
[100.318s][info][gc,stats    ] Pause Init Update Refs (G)          359 us
[100.318s][info][gc,stats    ] Pause Init Update Refs (N)          202 us
[100.318s][info][gc,stats    ]   Manage GCLABs                       3 us
[100.318s][info][gc,stats    ] Concurrent Update Refs           488290 us
[100.318s][info][gc,stats    ] Concurrent Update Thread Roots      901 us
[100.318s][info][gc,stats    ] Pause Final Update Refs (G)         420 us
[100.318s][info][gc,stats    ] Pause Final Update Refs (N)         363 us
[100.318s][info][gc,stats    ]   Update Region States              170 us
[100.318s][info][gc,stats    ]   Trash Collection Set               14 us
[100.318s][info][gc,stats    ]   Rebuild Free Set                   30 us
[100.319s][info][gc,stats    ] Concurrent Cleanup                   52 us
[100.319s][info][gc,stats    ] 
[100.319s][info][gc,stats    ] Allocation pacing accrued:
[100.319s][info][gc,stats    ]       0 of  1566 ms (  0.0%): <total>
[100.319s][info][gc,stats    ]       0 of  1566 ms (  0.0%): <average total>
[100.319s][info][gc,stats    ] 
[100.319s][info][gc,metaspace] Metaspace: 15972K(16256K)->15972K(16256K) NonClass: 13801K(13952K)->13801K(13952K) Class: 2170K(2304K)->2170K(2304K)
[100.319s][info][gc,ergo     ] Pacer for Idle. Initial: 41943K, Alloc Tax Rate: 1.0x
[100.323s][info][gc          ] Trigger: Explicit GC request (System.gc())
[100.323s][info][gc,ergo     ] Free: 1169M, Max: 1024K regular, 917M humongous, Frag: 22% external, 0% internal; Reserve: 103M, Max: 1024K
[100.323s][info][gc,start    ] GC(135) Concurrent reset
[100.323s][info][gc,task     ] GC(135) Using 1 of 3 workers for concurrent reset
[100.323s][info][gc,ergo     ] GC(135) Pacer for Reset. Non-Taxable: 2048M
[100.326s][info][gc          ] GC(135) Concurrent reset 2.519ms
[100.326s][info][gc,start    ] GC(135) Pause Init Mark (unload classes)
[100.326s][info][gc,task     ] GC(135) Using 3 of 3 workers for init marking
[100.326s][info][gc,ref      ] GC(135) Clearing All SoftReferences
[100.326s][info][gc,ergo     ] GC(135) Pacer for Mark. Expected Live: 118M, Free: 1169M, Non-Taxable: 116M, Alloc Tax Rate: 0.1x
[100.326s][info][gc          ] GC(135) Pause Init Mark (unload classes) 0.161ms
[100.326s][info][gc,start    ] GC(135) Concurrent marking roots
[100.326s][info][gc,task     ] GC(135) Using 1 of 3 workers for concurrent marking roots
[100.327s][info][gc          ] GC(135) Concurrent marking roots 0.768ms
[100.327s][info][gc,start    ] GC(135) Concurrent marking (unload classes)
[100.327s][info][gc,task     ] GC(135) Using 1 of 3 workers for concurrent marking
[100.332s][info][gc          ] GC(135) Concurrent marking (unload classes) 4.725ms
[100.332s][info][gc,start    ] GC(135) Pause Final Mark (unload classes)
[100.332s][info][gc,task     ] GC(135) Using 3 of 3 workers for final marking
[100.332s][info][gc,ergo     ] GC(135) Collectable Garbage: 729M (99%), Immediate: 729M (99%), CSet: 0B (0%)
[100.332s][info][gc          ] GC(135) Pause Final Mark (unload classes) 0.403ms
[100.332s][info][gc,start    ] GC(135) Concurrent weak references
[100.332s][info][gc,task     ] GC(135) Using 1 of 3 workers for concurrent weak references
[100.332s][info][gc,ref      ] GC(135) Encountered references: Soft: 178, Weak: 683, Final: 0, Phantom: 63
[100.332s][info][gc,ref      ] GC(135) Discovered  references: Soft: 127, Weak: 165, Final: 0, Phantom: 61
[100.332s][info][gc,ref      ] GC(135) Enqueued    references: Soft: 48, Weak: 0, Final: 0, Phantom: 0
[100.332s][info][gc          ] GC(135) Concurrent weak references 0.177ms
[100.332s][info][gc,start    ] GC(135) Concurrent weak roots
[100.332s][info][gc,task     ] GC(135) Using 1 of 3 workers for concurrent weak root
[100.334s][info][gc          ] GC(135) Concurrent weak roots 1.291ms
[100.334s][info][gc,start    ] GC(135) Concurrent cleanup
[100.334s][info][gc          ] GC(135) Concurrent cleanup 740M->11M(2048M) 0.056ms
[100.334s][info][gc,ergo     ] GC(135) Free: 1933M, Max: 1024K regular, 1003M humongous, Frag: 49% external, 0% internal; Reserve: 103M, Max: 1024K
[100.334s][info][gc,start    ] GC(135) Concurrent class unloading
[100.334s][info][gc,task     ] GC(135) Using 1 of 3 workers for concurrent class unloading
[100.338s][info][gc          ] GC(135) Concurrent class unloading 4.395ms
[100.338s][info][gc,start    ] GC(135) Pause Final Roots
[100.338s][info][gc          ] GC(135) Pause Final Roots 0.053ms
[100.338s][info][gc,ergo     ] Free: 1933M, Max: 1024K regular, 1003M humongous, Frag: 49% external, 0% internal; Reserve: 103M, Max: 1024K
[100.339s][info][gc,stats    ] 
[100.339s][info][gc,stats    ] All times are wall-clock times, except per-root-class counters, that are sum over
[100.339s][info][gc,stats    ] all workers. Dividing the <total> over the root stage time estimates parallelism.
[100.339s][info][gc,stats    ] 
[100.339s][info][gc,stats    ] Concurrent Reset                   2574 us
[100.339s][info][gc,stats    ] Pause Init Mark (G)                 226 us
[100.339s][info][gc,stats    ] Pause Init Mark (N)                 170 us
[100.339s][info][gc,stats    ]   Update Region States               78 us
[100.339s][info][gc,stats    ] Concurrent Mark Roots               777 us, parallelism: 0.88x
[100.339s][info][gc,stats    ]   CMR: <total>                      687 us
[100.339s][info][gc,stats    ]   CMR: Thread Roots                 603 us, workers (us): 603, ---, ---, 
[100.339s][info][gc,stats    ]   CMR: VM Strong Roots               14 us, workers (us):  14, ---, ---, 
[100.339s][info][gc,stats    ]   CMR: CLDG Roots                    70 us, workers (us):  70, ---, ---, 
[100.339s][info][gc,stats    ] Concurrent Marking                 4749 us
[100.339s][info][gc,stats    ] Pause Final Mark (G)                477 us
[100.339s][info][gc,stats    ] Pause Final Mark (N)                424 us
[100.339s][info][gc,stats    ]   Finish Mark                       120 us
[100.339s][info][gc,stats    ]   Update Region States              103 us
[100.339s][info][gc,stats    ]   Choose Collection Set              79 us
[100.339s][info][gc,stats    ]   Rebuild Free Set                   20 us
[100.339s][info][gc,stats    ] Concurrent Weak References          196 us, parallelism: 0.07x
[100.339s][info][gc,stats    ]   CWRF: <total>                      14 us
[100.339s][info][gc,stats    ]   CWRF: Weak References              14 us, workers (us):  14, ---, ---, 
[100.339s][info][gc,stats    ] Concurrent Weak Roots              1303 us
[100.339s][info][gc,stats    ]   Roots                            1210 us, parallelism: 0.94x
[100.339s][info][gc,stats    ]     CWR: <total>                   1136 us
[100.339s][info][gc,stats    ]     CWR: Code Cache Roots           979 us, workers (us): 979, ---, ---, 
[100.339s][info][gc,stats    ]     CWR: VM Weak Roots              152 us, workers (us): 152, ---, ---, 
[100.339s][info][gc,stats    ]     CWR: CLDG Roots                   5 us, workers (us):   5, ---, ---, 
[100.339s][info][gc,stats    ]   Rendezvous                         44 us
[100.339s][info][gc,stats    ] Concurrent Cleanup                   68 us
[100.339s][info][gc,stats    ] Concurrent Class Unloading         4429 us
[100.339s][info][gc,stats    ]   Unlink Stale                     3930 us
[100.339s][info][gc,stats    ]     System Dictionary                 5 us
[100.339s][info][gc,stats    ]     Weak Class Links                  0 us
[100.339s][info][gc,stats    ]     Code Roots                     3924 us
[100.339s][info][gc,stats    ]   Rendezvous                        117 us
[100.339s][info][gc,stats    ]   Purge Unlinked                    330 us
[100.339s][info][gc,stats    ]     Code Roots                      324 us
[100.339s][info][gc,stats    ]     CLDG                              5 us
[100.339s][info][gc,stats    ]     Exception Caches                  0 us
[100.339s][info][gc,stats    ] Pause Final Roots (G)               166 us
[100.339s][info][gc,stats    ] Pause Final Roots (N)                76 us
[100.339s][info][gc,stats    ] 
[100.339s][info][gc,stats    ] Allocation pacing accrued:
[100.339s][info][gc,stats    ]       0 of    21 ms (  0.0%): <total>
[100.339s][info][gc,stats    ]       0 of    21 ms (  0.0%): <average total>
[100.339s][info][gc,stats    ] 
[100.339s][info][gc,metaspace] Metaspace: 15972K(16256K)->15972K(16256K) NonClass: 13801K(13952K)->13801K(13952K) Class: 2170K(2304K)->2170K(2304K)
[100.339s][info][gc,ergo     ] Pacer for Idle. Initial: 41943K, Alloc Tax Rate: 1.0x
[100.904s][info][gc          ] Trigger: Learning 2 of 5. Free (1414M) is below initial threshold (1433M)
[100.904s][info][gc,ergo     ] Free: 1414M, Max: 1024K regular, 1003M humongous, Frag: 30% external, 0% internal; Reserve: 103M, Max: 1024K
[100.904s][info][gc,start    ] GC(136) Concurrent reset
[100.904s][info][gc,task     ] GC(136) Using 1 of 3 workers for concurrent reset
[100.904s][info][gc,ergo     ] GC(136) Pacer for Reset. Non-Taxable: 2048M
[100.905s][info][gc          ] GC(136) Concurrent reset 0.391ms
[100.905s][info][gc,start    ] GC(136) Pause Init Mark (unload classes)
[100.905s][info][gc,task     ] GC(136) Using 3 of 3 workers for init marking
[100.905s][info][gc,ergo     ] GC(136) Pacer for Mark. Expected Live: 82003K, Free: 1413M, Non-Taxable: 141M, Alloc Tax Rate: 0.1x
[100.905s][info][gc          ] GC(136) Pause Init Mark (unload classes) 0.242ms
[100.905s][info][gc,start    ] GC(136) Concurrent marking roots
[100.905s][info][gc,task     ] GC(136) Using 1 of 3 workers for concurrent marking roots
[100.906s][info][gc          ] GC(136) Concurrent marking roots 0.781ms
[100.906s][info][gc,start    ] GC(136) Concurrent marking (unload classes)
[100.906s][info][gc,task     ] GC(136) Using 1 of 3 workers for concurrent marking
[101.312s][info][gc          ] GC(136) Concurrent marking (unload classes) 406.184ms
[101.312s][info][gc,start    ] GC(136) Pause Final Mark (unload classes)
[101.312s][info][gc,task     ] GC(136) Using 3 of 3 workers for final marking
[101.313s][info][gc,ergo     ] GC(136) Adaptive CSet Selection. Target Free: 290M, Actual Free: 1168M, Max CSet: 87381K, Min Garbage: 0B
[101.313s][info][gc,ergo     ] GC(136) Collectable Garbage: 196M (61%), Immediate: 29317K (8%), CSet: 167M (52%)
[101.313s][info][gc,ergo     ] GC(136) Pacer for Evacuation. Used CSet: 253M, Free: 1078M, Non-Taxable: 107M, Alloc Tax Rate: 1.1x
[101.313s][info][gc          ] GC(136) Pause Final Mark (unload classes) 0.275ms
[101.317s][info][gc,start    ] GC(136) Concurrent thread roots
[101.317s][info][gc,task     ] GC(136) Using 1 of 3 workers for Concurrent thread roots
[101.318s][info][gc          ] GC(136) Concurrent thread roots 0.508ms
[101.318s][info][gc,start    ] GC(136) Concurrent weak references
[101.318s][info][gc,task     ] GC(136) Using 1 of 3 workers for concurrent weak references
[101.318s][info][gc,ref      ] GC(136) Encountered references: Soft: 133, Weak: 684, Final: 0, Phantom: 63
[101.318s][info][gc,ref      ] GC(136) Discovered  references: Soft: 0, Weak: 153, Final: 0, Phantom: 26
[101.318s][info][gc,ref      ] GC(136) Enqueued    references: Soft: 0, Weak: 0, Final: 0, Phantom: 0
[101.318s][info][gc          ] GC(136) Concurrent weak references 0.063ms
[101.318s][info][gc,start    ] GC(136) Concurrent weak roots
[101.318s][info][gc,task     ] GC(136) Using 1 of 3 workers for concurrent weak root
[101.328s][info][gc          ] GC(136) Concurrent weak roots 10.580ms
[101.328s][info][gc,start    ] GC(136) Concurrent cleanup
[101.328s][info][gc          ] GC(136) Concurrent cleanup 876M->848M(2048M) 0.045ms
[101.329s][info][gc,ergo     ] GC(136) Free: 1072M, Max: 1024K regular, 1033M humongous, Frag: 4% external, 0% internal; Reserve: 95232K, Max: 1024K
[101.329s][info][gc,start    ] GC(136) Concurrent class unloading
[101.329s][info][gc,task     ] GC(136) Using 1 of 3 workers for concurrent class unloading
[101.344s][info][gc          ] GC(136) Concurrent class unloading 15.749ms
[101.344s][info][gc,start    ] GC(136) Concurrent strong roots
[101.344s][info][gc,task     ] GC(136) Using 1 of 3 workers for concurrent strong root
[101.344s][info][gc          ] GC(136) Concurrent strong roots 0.098ms
[101.344s][info][gc,start    ] GC(136) Concurrent evacuation
[101.344s][info][gc,task     ] GC(136) Using 1 of 3 workers for concurrent evacuation
[101.420s][info][gc          ] GC(136) Concurrent evacuation 75.693ms
[101.420s][info][gc,start    ] GC(136) Pause Init Update Refs
[101.420s][info][gc,ergo     ] GC(136) Pacer for Update Refs. Used: 976M, Free: 1024M, Non-Taxable: 102M, Alloc Tax Rate: 1.2x
[101.420s][info][gc          ] GC(136) Pause Init Update Refs 0.042ms
[101.420s][info][gc,start    ] GC(136) Concurrent update references
[101.420s][info][gc,task     ] GC(136) Using 1 of 3 workers for concurrent reference update
[101.926s][info][gc          ] GC(136) Concurrent update references 505.425ms
[101.926s][info][gc,start    ] GC(136) Concurrent update thread roots
[101.927s][info][gc          ] GC(136) Concurrent update thread roots 0.906ms
[101.927s][info][gc,start    ] GC(136) Pause Final Update Refs
[101.927s][info][gc,task     ] GC(136) Using 3 of 3 workers for final reference update
[101.927s][info][gc          ] GC(136) Pause Final Update Refs 0.270ms
[101.927s][info][gc,start    ] GC(136) Concurrent cleanup
[101.927s][info][gc          ] GC(136) Concurrent cleanup 993M->740M(2048M) 0.047ms
[101.927s][info][gc,ergo     ] Free: 1169M, Max: 1024K regular, 919M humongous, Frag: 22% external, 0% internal; Reserve: 103M, Max: 1024K
[101.927s][info][gc,stats    ] 
[101.927s][info][gc,stats    ] All times are wall-clock times, except per-root-class counters, that are sum over
[101.927s][info][gc,stats    ] all workers. Dividing the <total> over the root stage time estimates parallelism.
[101.927s][info][gc,stats    ] 
[101.927s][info][gc,stats    ] Concurrent Reset                    430 us
[101.927s][info][gc,stats    ] Pause Init Mark (G)                 437 us
[101.927s][info][gc,stats    ] Pause Init Mark (N)                 264 us
[101.927s][info][gc,stats    ]   Update Region States              105 us
[101.927s][info][gc,stats    ] Concurrent Mark Roots               791 us, parallelism: 0.88x
[101.927s][info][gc,stats    ]   CMR: <total>                      693 us
[101.927s][info][gc,stats    ]   CMR: Thread Roots                 619 us, workers (us): 619, ---, ---, 
[101.927s][info][gc,stats    ]   CMR: VM Strong Roots                8 us, workers (us):   8, ---, ---, 
[101.927s][info][gc,stats    ]   CMR: CLDG Roots                    66 us, workers (us):  66, ---, ---, 
[101.927s][info][gc,stats    ] Concurrent Marking               406250 us
[101.927s][info][gc,stats    ] Pause Final Mark (G)               4840 us
[101.927s][info][gc,stats    ] Pause Final Mark (N)                285 us
[101.927s][info][gc,stats    ]   Finish Mark                        47 us
[101.927s][info][gc,stats    ]   Update Region States               45 us
[101.927s][info][gc,stats    ]   Choose Collection Set              97 us
[101.927s][info][gc,stats    ]   Rebuild Free Set                    9 us
[101.927s][info][gc,stats    ] Concurrent Thread Roots             525 us, parallelism: 0.76x
[101.927s][info][gc,stats    ]   CTR: <total>                      399 us
[101.927s][info][gc,stats    ]   CTR: Thread Roots                 399 us, workers (us): 399, ---, ---, 
[101.927s][info][gc,stats    ] Concurrent Weak References           70 us, parallelism: 0.26x
[101.927s][info][gc,stats    ]   CWRF: <total>                      18 us
[101.927s][info][gc,stats    ]   CWRF: Weak References              18 us, workers (us):  18, ---, ---, 
[101.927s][info][gc,stats    ] Concurrent Weak Roots             10648 us
[101.927s][info][gc,stats    ]   Roots                            1143 us, parallelism: 0.95x
[101.927s][info][gc,stats    ]     CWR: <total>                   1088 us
[101.927s][info][gc,stats    ]     CWR: Code Cache Roots           986 us, workers (us): 986, ---, ---, 
[101.927s][info][gc,stats    ]     CWR: VM Weak Roots               94 us, workers (us):  94, ---, ---, 
[101.927s][info][gc,stats    ]     CWR: CLDG Roots                   8 us, workers (us):   8, ---, ---, 
[101.927s][info][gc,stats    ]   Rendezvous                       9417 us
[101.927s][info][gc,stats    ] Concurrent Cleanup                   54 us
[101.927s][info][gc,stats    ] Concurrent Class Unloading        15804 us
[101.928s][info][gc,stats    ]   Unlink Stale                     4613 us
[101.928s][info][gc,stats    ]     System Dictionary                10 us
[101.928s][info][gc,stats    ]     Weak Class Links                  0 us
[101.928s][info][gc,stats    ]     Code Roots                     4601 us
[101.928s][info][gc,stats    ]   Rendezvous                      10823 us
[101.928s][info][gc,stats    ]   Purge Unlinked                    292 us
[101.928s][info][gc,stats    ]     Code Roots                      285 us
[101.928s][info][gc,stats    ]     CLDG                              6 us
[101.928s][info][gc,stats    ]     Exception Caches                  0 us
[101.928s][info][gc,stats    ] Concurrent Strong Roots             107 us, parallelism: 0.39x
[101.928s][info][gc,stats    ]   CSR: <total>                       42 us
[101.928s][info][gc,stats    ]   CSR: VM Strong Roots                6 us, workers (us):   6, ---, ---, 
[101.928s][info][gc,stats    ]   CSR: CLDG Roots                    36 us, workers (us):  36, ---, ---, 
[101.928s][info][gc,stats    ] Concurrent Evacuation             75781 us
[101.928s][info][gc,stats    ] Pause Init Update Refs (G)          148 us
[101.928s][info][gc,stats    ] Pause Init Update Refs (N)           50 us
[101.928s][info][gc,stats    ]   Manage GCLABs                       4 us
[101.928s][info][gc,stats    ] Concurrent Update Refs           505492 us
[101.928s][info][gc,stats    ] Concurrent Update Thread Roots      924 us
[101.928s][info][gc,stats    ] Pause Final Update Refs (G)         391 us
[101.928s][info][gc,stats    ] Pause Final Update Refs (N)         320 us
[101.928s][info][gc,stats    ]   Update Region States              124 us
[101.928s][info][gc,stats    ]   Trash Collection Set               16 us
[101.928s][info][gc,stats    ]   Rebuild Free Set                   32 us
[101.928s][info][gc,stats    ] Concurrent Cleanup                   57 us
[101.928s][info][gc,stats    ] 
[101.928s][info][gc,stats    ] Allocation pacing accrued:
[101.928s][info][gc,stats    ]       0 of  1588 ms (  0.0%): <total>
[101.928s][info][gc,stats    ]       0 of  1588 ms (  0.0%): <average total>
[101.928s][info][gc,stats    ] 
[101.928s][info][gc,metaspace] Metaspace: 15972K(16256K)->15972K(16256K) NonClass: 13801K(13952K)->13801K(13952K) Class: 2170K(2304K)->2170K(2304K)
[101.928s][info][gc,ergo     ] Pacer for Idle. Initial: 41943K, Alloc Tax Rate: 1.0x
[101.937s][info][gc          ] Trigger: Explicit GC request (System.gc())
[101.937s][info][gc,ergo     ] Free: 1169M, Max: 1024K regular, 919M humongous, Frag: 22% external, 0% internal; Reserve: 103M, Max: 1024K
[101.937s][info][gc,start    ] GC(137) Concurrent reset
[101.937s][info][gc,task     ] GC(137) Using 1 of 3 workers for concurrent reset
[101.937s][info][gc,ergo     ] GC(137) Pacer for Reset. Non-Taxable: 2048M
[101.940s][info][gc          ] GC(137) Concurrent reset 2.830ms
[101.940s][info][gc,start    ] GC(137) Pause Init Mark (unload classes)
[101.940s][info][gc,task     ] GC(137) Using 3 of 3 workers for init marking
[101.940s][info][gc,ref      ] GC(137) Clearing All SoftReferences
[101.940s][info][gc,ergo     ] GC(137) Pacer for Mark. Expected Live: 118M, Free: 1169M, Non-Taxable: 116M, Alloc Tax Rate: 0.1x
[101.940s][info][gc          ] GC(137) Pause Init Mark (unload classes) 0.129ms
[101.940s][info][gc,start    ] GC(137) Concurrent marking roots
[101.940s][info][gc,task     ] GC(137) Using 1 of 3 workers for concurrent marking roots
[101.941s][info][gc          ] GC(137) Concurrent marking roots 0.760ms
[101.941s][info][gc,start    ] GC(137) Concurrent marking (unload classes)
[101.941s][info][gc,task     ] GC(137) Using 1 of 3 workers for concurrent marking
[101.946s][info][gc          ] GC(137) Concurrent marking (unload classes) 4.627ms
[101.946s][info][gc,start    ] GC(137) Pause Final Mark (unload classes)
[101.946s][info][gc,task     ] GC(137) Using 3 of 3 workers for final marking
[101.946s][info][gc,ergo     ] GC(137) Collectable Garbage: 729M (99%), Immediate: 729M (99%), CSet: 0B (0%)
[101.946s][info][gc          ] GC(137) Pause Final Mark (unload classes) 0.489ms
[101.947s][info][gc,start    ] GC(137) Concurrent weak references
[101.947s][info][gc,task     ] GC(137) Using 1 of 3 workers for concurrent weak references
[101.947s][info][gc,ref      ] GC(137) Encountered references: Soft: 178, Weak: 683, Final: 0, Phantom: 63
[101.947s][info][gc,ref      ] GC(137) Discovered  references: Soft: 127, Weak: 165, Final: 0, Phantom: 61
[101.947s][info][gc,ref      ] GC(137) Enqueued    references: Soft: 48, Weak: 0, Final: 0, Phantom: 0
[101.947s][info][gc          ] GC(137) Concurrent weak references 0.164ms
[101.947s][info][gc,start    ] GC(137) Concurrent weak roots
[101.947s][info][gc,task     ] GC(137) Using 1 of 3 workers for concurrent weak root
[101.948s][info][gc          ] GC(137) Concurrent weak roots 0.953ms
[101.948s][info][gc,start    ] GC(137) Concurrent cleanup
[101.948s][info][gc          ] GC(137) Concurrent cleanup 740M->11M(2048M) 0.059ms
[101.948s][info][gc,ergo     ] GC(137) Free: 1933M, Max: 1024K regular, 1006M humongous, Frag: 48% external, 0% internal; Reserve: 103M, Max: 1024K
[101.948s][info][gc,start    ] GC(137) Concurrent class unloading
[101.948s][info][gc,task     ] GC(137) Using 1 of 3 workers for concurrent class unloading
[101.952s][info][gc          ] GC(137) Concurrent class unloading 4.555ms
[101.952s][info][gc,start    ] GC(137) Pause Final Roots
[101.953s][info][gc          ] GC(137) Pause Final Roots 0.069ms
[101.953s][info][gc,ergo     ] Free: 1933M, Max: 1024K regular, 1006M humongous, Frag: 48% external, 0% internal; Reserve: 103M, Max: 1024K
[101.953s][info][gc,stats    ] 
[101.953s][info][gc,stats    ] All times are wall-clock times, except per-root-class counters, that are sum over
[101.953s][info][gc,stats    ] all workers. Dividing the <total> over the root stage time estimates parallelism.
[101.953s][info][gc,stats    ] 
[101.953s][info][gc,stats    ] Concurrent Reset                   2891 us
[101.953s][info][gc,stats    ] Pause Init Mark (G)                 213 us
[101.953s][info][gc,stats    ] Pause Init Mark (N)                 137 us
[101.953s][info][gc,stats    ]   Update Region States               66 us
[101.953s][info][gc,stats    ] Concurrent Mark Roots               785 us, parallelism: 0.81x
[101.953s][info][gc,stats    ]   CMR: <total>                      637 us
[101.953s][info][gc,stats    ]   CMR: Thread Roots                 586 us, workers (us): 586, ---, ---, 
[101.953s][info][gc,stats    ]   CMR: VM Strong Roots               10 us, workers (us):  10, ---, ---, 
[101.953s][info][gc,stats    ]   CMR: CLDG Roots                    41 us, workers (us):  41, ---, ---, 
[101.953s][info][gc,stats    ] Concurrent Marking                 4685 us
[101.953s][info][gc,stats    ] Pause Final Mark (G)                638 us
[101.953s][info][gc,stats    ] Pause Final Mark (N)                514 us
[101.953s][info][gc,stats    ]   Finish Mark                       160 us
[101.953s][info][gc,stats    ]   Update Region States              124 us
[101.953s][info][gc,stats    ]   Choose Collection Set             101 us
[101.953s][info][gc,stats    ]   Rebuild Free Set                   24 us
[101.953s][info][gc,stats    ] Concurrent Weak References          172 us, parallelism: 0.09x
[101.953s][info][gc,stats    ]   CWRF: <total>                      16 us
[101.953s][info][gc,stats    ]   CWRF: Weak References              16 us, workers (us):  16, ---, ---, 
[101.953s][info][gc,stats    ] Concurrent Weak Roots               990 us
[101.953s][info][gc,stats    ]   Roots                             877 us, parallelism: 0.92x
[101.953s][info][gc,stats    ]     CWR: <total>                    810 us
[101.953s][info][gc,stats    ]     CWR: Code Cache Roots           728 us, workers (us): 728, ---, ---, 
[101.953s][info][gc,stats    ]     CWR: VM Weak Roots               78 us, workers (us):  78, ---, ---, 
[101.953s][info][gc,stats    ]     CWR: CLDG Roots                   4 us, workers (us):   4, ---, ---, 
[101.953s][info][gc,stats    ]   Rendezvous                         58 us
[101.953s][info][gc,stats    ] Concurrent Cleanup                   67 us
[101.953s][info][gc,stats    ] Concurrent Class Unloading         4604 us
[101.953s][info][gc,stats    ]   Unlink Stale                     3989 us
[101.953s][info][gc,stats    ]     System Dictionary                 6 us
[101.953s][info][gc,stats    ]     Weak Class Links                  0 us
[101.953s][info][gc,stats    ]     Code Roots                     3981 us
[101.953s][info][gc,stats    ]   Rendezvous                        219 us
[101.953s][info][gc,stats    ]   Purge Unlinked                    328 us
[101.953s][info][gc,stats    ]     Code Roots                      315 us
[101.953s][info][gc,stats    ]     CLDG                             12 us
[101.953s][info][gc,stats    ]     Exception Caches                  0 us
[101.953s][info][gc,stats    ] Pause Final Roots (G)               205 us
[101.953s][info][gc,stats    ] Pause Final Roots (N)                88 us
[101.953s][info][gc,stats    ] 
[101.953s][info][gc,stats    ] Allocation pacing accrued:
[101.953s][info][gc,stats    ]       0 of    25 ms (  0.0%): <total>
[101.953s][info][gc,stats    ]       0 of    25 ms (  0.0%): <average total>
[101.953s][info][gc,stats    ] 
[101.953s][info][gc,metaspace] Metaspace: 15972K(16256K)->15972K(16256K) NonClass: 13801K(13952K)->13801K(13952K) Class: 2170K(2304K)->2170K(2304K)
[101.953s][info][gc,ergo     ] Pacer for Idle. Initial: 41943K, Alloc Tax Rate: 1.0x
[102.518s][info][gc          ] Trigger: Learning 2 of 5. Free (1417M) is below initial threshold (1433M)
[102.518s][info][gc,ergo     ] Free: 1417M, Max: 1024K regular, 1006M humongous, Frag: 30% external, 0% internal; Reserve: 103M, Max: 1024K
[102.518s][info][gc,start    ] GC(138) Concurrent reset
[102.518s][info][gc,task     ] GC(138) Using 1 of 3 workers for concurrent reset
[102.518s][info][gc,ergo     ] GC(138) Pacer for Reset. Non-Taxable: 2048M
[102.519s][info][gc          ] GC(138) Concurrent reset 0.431ms
[102.519s][info][gc,start    ] GC(138) Pause Init Mark (unload classes)
[102.519s][info][gc,task     ] GC(138) Using 3 of 3 workers for init marking
[102.519s][info][gc,ergo     ] GC(138) Pacer for Mark. Expected Live: 82129K, Free: 1417M, Non-Taxable: 141M, Alloc Tax Rate: 0.1x
[102.519s][info][gc          ] GC(138) Pause Init Mark (unload classes) 0.184ms
[102.519s][info][gc,start    ] GC(138) Concurrent marking roots
[102.519s][info][gc,task     ] GC(138) Using 1 of 3 workers for concurrent marking roots
[102.519s][info][gc          ] GC(138) Concurrent marking roots 0.427ms
[102.519s][info][gc,start    ] GC(138) Concurrent marking (unload classes)
[102.519s][info][gc,task     ] GC(138) Using 1 of 3 workers for concurrent marking
[102.842s][info][gc          ] GC(138) Concurrent marking (unload classes) 322.777ms
[102.842s][info][gc,start    ] GC(138) Pause Final Mark (unload classes)
[102.842s][info][gc,task     ] GC(138) Using 3 of 3 workers for final marking
[102.842s][info][gc,ergo     ] GC(138) Adaptive CSet Selection. Target Free: 290M, Actual Free: 1257M, Max CSet: 87381K, Min Garbage: 0B
[102.842s][info][gc,ergo     ] GC(138) Collectable Garbage: 195M (61%), Immediate: 29304K (8%), CSet: 166M (52%)
[102.843s][info][gc,ergo     ] GC(138) Pacer for Evacuation. Used CSet: 252M, Free: 1167M, Non-Taxable: 116M, Alloc Tax Rate: 1.1x
[102.843s][info][gc          ] GC(138) Pause Final Mark (unload classes) 0.235ms
[102.858s][info][gc,start    ] GC(138) Concurrent thread roots
[102.858s][info][gc,task     ] GC(138) Using 1 of 3 workers for Concurrent thread roots
[102.858s][info][gc          ] GC(138) Concurrent thread roots 0.449ms
[102.858s][info][gc,start    ] GC(138) Concurrent weak references
[102.858s][info][gc,task     ] GC(138) Using 1 of 3 workers for concurrent weak references
[102.858s][info][gc,ref      ] GC(138) Encountered references: Soft: 133, Weak: 684, Final: 0, Phantom: 63
[102.858s][info][gc,ref      ] GC(138) Discovered  references: Soft: 0, Weak: 152, Final: 0, Phantom: 26
[102.858s][info][gc,ref      ] GC(138) Enqueued    references: Soft: 0, Weak: 0, Final: 0, Phantom: 0
[102.858s][info][gc          ] GC(138) Concurrent weak references 0.071ms
[102.858s][info][gc,start    ] GC(138) Concurrent weak roots
[102.858s][info][gc,task     ] GC(138) Using 1 of 3 workers for concurrent weak root
[102.873s][info][gc          ] GC(138) Concurrent weak roots 15.082ms
[102.874s][info][gc,start    ] GC(138) Concurrent cleanup
[102.874s][info][gc          ] GC(138) Concurrent cleanup 808M->780M(2048M) 0.048ms
[102.874s][info][gc,ergo     ] GC(138) Free: 1151M, Max: 1024K regular, 1112M humongous, Frag: 4% external, 0% internal; Reserve: 90112K, Max: 1024K
[102.874s][info][gc,start    ] GC(138) Concurrent class unloading
[102.874s][info][gc,task     ] GC(138) Using 1 of 3 workers for concurrent class unloading
[102.889s][info][gc          ] GC(138) Concurrent class unloading 15.855ms
[102.890s][info][gc,start    ] GC(138) Concurrent strong roots
[102.890s][info][gc,task     ] GC(138) Using 1 of 3 workers for concurrent strong root
[102.890s][info][gc          ] GC(138) Concurrent strong roots 0.087ms
[102.890s][info][gc,start    ] GC(138) Concurrent evacuation
[102.890s][info][gc,task     ] GC(138) Using 1 of 3 workers for concurrent evacuation
[102.966s][info][gc          ] GC(138) Concurrent evacuation 76.419ms
[102.966s][info][gc,start    ] GC(138) Pause Init Update Refs
[102.966s][info][gc,ergo     ] GC(138) Pacer for Update Refs. Used: 939M, Free: 1061M, Non-Taxable: 106M, Alloc Tax Rate: 1.1x
[102.966s][info][gc          ] GC(138) Pause Init Update Refs 0.065ms
[102.966s][info][gc,start    ] GC(138) Concurrent update references
[102.966s][info][gc,task     ] GC(138) Using 1 of 3 workers for concurrent reference update
[103.380s][info][gc          ] GC(138) Concurrent update references 413.397ms
[103.380s][info][gc,start    ] GC(138) Concurrent update thread roots
[103.380s][info][gc          ] GC(138) Concurrent update thread roots 0.403ms
[103.380s][info][gc,start    ] GC(138) Pause Final Update Refs
[103.380s][info][gc,task     ] GC(138) Using 3 of 3 workers for final reference update
[103.380s][info][gc          ] GC(138) Pause Final Update Refs 0.141ms
[103.380s][info][gc,start    ] GC(138) Concurrent cleanup
[103.380s][info][gc          ] GC(138) Concurrent cleanup 994M->742M(2048M) 0.046ms
[103.381s][info][gc,ergo     ] Free: 1168M, Max: 1024K regular, 919M humongous, Frag: 22% external, 0% internal; Reserve: 103M, Max: 1024K
[103.381s][info][gc,stats    ] 
[103.381s][info][gc,stats    ] All times are wall-clock times, except per-root-class counters, that are sum over
[103.381s][info][gc,stats    ] all workers. Dividing the <total> over the root stage time estimates parallelism.
[103.381s][info][gc,stats    ] 
[103.381s][info][gc,stats    ] Concurrent Reset                    483 us
[103.381s][info][gc,stats    ] Pause Init Mark (G)                 347 us
[103.381s][info][gc,stats    ] Pause Init Mark (N)                 202 us
[103.381s][info][gc,stats    ]   Update Region States               69 us
[103.381s][info][gc,stats    ] Concurrent Mark Roots               444 us, parallelism: 0.80x
[103.381s][info][gc,stats    ]   CMR: <total>                      357 us
[103.381s][info][gc,stats    ]   CMR: Thread Roots                 316 us, workers (us): 316, ---, ---, 
[103.381s][info][gc,stats    ]   CMR: VM Strong Roots                5 us, workers (us):   5, ---, ---, 
[103.381s][info][gc,stats    ]   CMR: CLDG Roots                    36 us, workers (us):  36, ---, ---, 
[103.381s][info][gc,stats    ] Concurrent Marking               322839 us
[103.381s][info][gc,stats    ] Pause Final Mark (G)              15601 us
[103.381s][info][gc,stats    ] Pause Final Mark (N)                244 us
[103.381s][info][gc,stats    ]   Finish Mark                        44 us
[103.381s][info][gc,stats    ]   Update Region States               30 us
[103.381s][info][gc,stats    ]   Choose Collection Set             106 us
[103.381s][info][gc,stats    ]   Rebuild Free Set                    9 us
[103.381s][info][gc,stats    ] Concurrent Thread Roots             475 us, parallelism: 0.75x
[103.381s][info][gc,stats    ]   CTR: <total>                      358 us
[103.381s][info][gc,stats    ]   CTR: Thread Roots                 358 us, workers (us): 358, ---, ---, 
[103.381s][info][gc,stats    ] Concurrent Weak References           78 us, parallelism: 0.19x
[103.381s][info][gc,stats    ]   CWRF: <total>                      14 us
[103.381s][info][gc,stats    ]   CWRF: Weak References              14 us, workers (us):  14, ---, ---, 
[103.381s][info][gc,stats    ] Concurrent Weak Roots             15155 us
[103.381s][info][gc,stats    ]   Roots                            1061 us, parallelism: 0.96x
[103.381s][info][gc,stats    ]     CWR: <total>                   1020 us
[103.381s][info][gc,stats    ]     CWR: Code Cache Roots           924 us, workers (us): 924, ---, ---, 
[103.381s][info][gc,stats    ]     CWR: VM Weak Roots               88 us, workers (us):  88, ---, ---, 
[103.381s][info][gc,stats    ]     CWR: CLDG Roots                   7 us, workers (us):   7, ---, ---, 
[103.381s][info][gc,stats    ]   Rendezvous                      14002 us
[103.381s][info][gc,stats    ] Concurrent Cleanup                   57 us
[103.381s][info][gc,stats    ] Concurrent Class Unloading        15921 us
[103.381s][info][gc,stats    ]   Unlink Stale                     4355 us
[103.381s][info][gc,stats    ]     System Dictionary                10 us
[103.381s][info][gc,stats    ]     Weak Class Links                  0 us
[103.381s][info][gc,stats    ]     Code Roots                     4344 us
[103.381s][info][gc,stats    ]   Rendezvous                      11117 us
[103.381s][info][gc,stats    ]   Purge Unlinked                    362 us
[103.381s][info][gc,stats    ]     Code Roots                      355 us
[103.381s][info][gc,stats    ]     CLDG                              6 us
[103.381s][info][gc,stats    ]     Exception Caches                  0 us
[103.381s][info][gc,stats    ] Concurrent Strong Roots              95 us, parallelism: 0.45x
[103.381s][info][gc,stats    ]   CSR: <total>                       42 us
[103.381s][info][gc,stats    ]   CSR: VM Strong Roots                4 us, workers (us):   4, ---, ---, 
[103.381s][info][gc,stats    ]   CSR: CLDG Roots                    39 us, workers (us):  39, ---, ---, 
[103.381s][info][gc,stats    ] Concurrent Evacuation             76473 us
[103.381s][info][gc,stats    ] Pause Init Update Refs (G)          173 us
[103.381s][info][gc,stats    ] Pause Init Update Refs (N)           74 us
[103.381s][info][gc,stats    ]   Manage GCLABs                       3 us
[103.381s][info][gc,stats    ] Concurrent Update Refs           413479 us
[103.381s][info][gc,stats    ] Concurrent Update Thread Roots      453 us
[103.381s][info][gc,stats    ] Pause Final Update Refs (G)         217 us
[103.381s][info][gc,stats    ] Pause Final Update Refs (N)         161 us
[103.381s][info][gc,stats    ]   Update Region States               55 us
[103.381s][info][gc,stats    ]   Trash Collection Set                5 us
[103.381s][info][gc,stats    ]   Rebuild Free Set                   16 us
[103.381s][info][gc,stats    ] Concurrent Cleanup                   57 us
[103.381s][info][gc,stats    ] 
[103.381s][info][gc,stats    ] Allocation pacing accrued:
[103.381s][info][gc,stats    ]       0 of  1428 ms (  0.0%): <total>
[103.381s][info][gc,stats    ]       0 of  1428 ms (  0.0%): <average total>
[103.381s][info][gc,stats    ] 
[103.381s][info][gc,metaspace] Metaspace: 15972K(16256K)->15972K(16256K) NonClass: 13801K(13952K)->13801K(13952K) Class: 2170K(2304K)->2170K(2304K)
[103.381s][info][gc,ergo     ] Pacer for Idle. Initial: 41943K, Alloc Tax Rate: 1.0x
[103.389s][info][gc          ] Trigger: Explicit GC request (System.gc())
[103.389s][info][gc,ergo     ] Free: 1168M, Max: 1024K regular, 919M humongous, Frag: 22% external, 0% internal; Reserve: 103M, Max: 1024K
[103.389s][info][gc,start    ] GC(139) Concurrent reset
[103.389s][info][gc,task     ] GC(139) Using 1 of 3 workers for concurrent reset
[103.389s][info][gc,ergo     ] GC(139) Pacer for Reset. Non-Taxable: 2048M
[103.391s][info][gc          ] GC(139) Concurrent reset 1.909ms
[103.391s][info][gc,start    ] GC(139) Pause Init Mark (unload classes)
[103.391s][info][gc,task     ] GC(139) Using 3 of 3 workers for init marking
[103.391s][info][gc,ref      ] GC(139) Clearing All SoftReferences
[103.391s][info][gc,ergo     ] GC(139) Pacer for Mark. Expected Live: 117M, Free: 1168M, Non-Taxable: 116M, Alloc Tax Rate: 0.1x
[103.391s][info][gc          ] GC(139) Pause Init Mark (unload classes) 0.201ms
[103.391s][info][gc,start    ] GC(139) Concurrent marking roots
[103.391s][info][gc,task     ] GC(139) Using 1 of 3 workers for concurrent marking roots
[103.392s][info][gc          ] GC(139) Concurrent marking roots 0.450ms
[103.392s][info][gc,start    ] GC(139) Concurrent marking (unload classes)
[103.392s][info][gc,task     ] GC(139) Using 1 of 3 workers for concurrent marking
[103.396s][info][gc          ] GC(139) Concurrent marking (unload classes) 4.114ms
[103.396s][info][gc,start    ] GC(139) Pause Final Mark (unload classes)
[103.396s][info][gc,task     ] GC(139) Using 3 of 3 workers for final marking
[103.396s][info][gc,ergo     ] GC(139) Collectable Garbage: 730M (98%), Immediate: 730M (98%), CSet: 0B (0%)
[103.397s][info][gc          ] GC(139) Pause Final Mark (unload classes) 0.462ms
[103.397s][info][gc,start    ] GC(139) Concurrent weak references
[103.397s][info][gc,task     ] GC(139) Using 1 of 3 workers for concurrent weak references
[103.397s][info][gc,ref      ] GC(139) Encountered references: Soft: 178, Weak: 683, Final: 0, Phantom: 63
[103.397s][info][gc,ref      ] GC(139) Discovered  references: Soft: 127, Weak: 165, Final: 0, Phantom: 61
[103.397s][info][gc,ref      ] GC(139) Enqueued    references: Soft: 48, Weak: 0, Final: 0, Phantom: 0
[103.397s][info][gc          ] GC(139) Concurrent weak references 0.113ms
[103.397s][info][gc,start    ] GC(139) Concurrent weak roots
[103.397s][info][gc,task     ] GC(139) Using 1 of 3 workers for concurrent weak root
[103.398s][info][gc          ] GC(139) Concurrent weak roots 1.201ms
[103.398s][info][gc,start    ] GC(139) Concurrent cleanup
[103.398s][info][gc          ] GC(139) Concurrent cleanup 742M->12M(2048M) 0.061ms
[103.398s][info][gc,ergo     ] GC(139) Free: 1933M, Max: 1024K regular, 1006M humongous, Frag: 48% external, 0% internal; Reserve: 103M, Max: 1024K
[103.398s][info][gc,start    ] GC(139) Concurrent class unloading
[103.398s][info][gc,task     ] GC(139) Using 1 of 3 workers for concurrent class unloading
[103.402s][info][gc          ] GC(139) Concurrent class unloading 4.420ms
[103.403s][info][gc,start    ] GC(139) Pause Final Roots
[103.403s][info][gc          ] GC(139) Pause Final Roots 0.053ms
[103.403s][info][gc,ergo     ] Free: 1933M, Max: 1024K regular, 1006M humongous, Frag: 48% external, 0% internal; Reserve: 103M, Max: 1024K
[103.403s][info][gc,stats    ] 
[103.403s][info][gc,stats    ] All times are wall-clock times, except per-root-class counters, that are sum over
[103.403s][info][gc,stats    ] all workers. Dividing the <total> over the root stage time estimates parallelism.
[103.403s][info][gc,stats    ] 
[103.403s][info][gc,stats    ] Concurrent Reset                   1934 us
[103.403s][info][gc,stats    ] Pause Init Mark (G)                 329 us
[103.403s][info][gc,stats    ] Pause Init Mark (N)                 218 us
[103.403s][info][gc,stats    ]   Update Region States               66 us
[103.403s][info][gc,stats    ] Concurrent Mark Roots               487 us, parallelism: 0.70x
[103.403s][info][gc,stats    ]   CMR: <total>                      339 us
[103.403s][info][gc,stats    ]   CMR: Thread Roots                 287 us, workers (us): 287, ---, ---, 
[103.403s][info][gc,stats    ]   CMR: VM Strong Roots               12 us, workers (us):  12, ---, ---, 
[103.403s][info][gc,stats    ]   CMR: CLDG Roots                    40 us, workers (us):  40, ---, ---, 
[103.403s][info][gc,stats    ] Concurrent Marking                 4163 us
[103.403s][info][gc,stats    ] Pause Final Mark (G)                566 us
[103.403s][info][gc,stats    ] Pause Final Mark (N)                482 us
[103.403s][info][gc,stats    ]   Finish Mark                       178 us
[103.403s][info][gc,stats    ]   Update Region States              100 us
[103.403s][info][gc,stats    ]   Choose Collection Set              80 us
[103.403s][info][gc,stats    ]   Rebuild Free Set                   19 us
[103.403s][info][gc,stats    ] Concurrent Weak References          121 us, parallelism: 0.11x
[103.403s][info][gc,stats    ]   CWRF: <total>                      13 us
[103.403s][info][gc,stats    ]   CWRF: Weak References              13 us, workers (us):  13, ---, ---, 
[103.403s][info][gc,stats    ] Concurrent Weak Roots              1235 us
[103.403s][info][gc,stats    ]   Roots                            1120 us, parallelism: 0.92x
[103.403s][info][gc,stats    ]     CWR: <total>                   1032 us
[103.403s][info][gc,stats    ]     CWR: Code Cache Roots           887 us, workers (us): 887, ---, ---, 
[103.403s][info][gc,stats    ]     CWR: VM Weak Roots              141 us, workers (us): 141, ---, ---, 
[103.403s][info][gc,stats    ]     CWR: CLDG Roots                   4 us, workers (us):   4, ---, ---, 
[103.403s][info][gc,stats    ]   Rendezvous                         63 us
[103.403s][info][gc,stats    ] Concurrent Cleanup                   69 us
[103.403s][info][gc,stats    ] Concurrent Class Unloading         4486 us
[103.403s][info][gc,stats    ]   Unlink Stale                     3934 us
[103.403s][info][gc,stats    ]     System Dictionary                 6 us
[103.403s][info][gc,stats    ]     Weak Class Links                  0 us
[103.403s][info][gc,stats    ]     Code Roots                     3926 us
[103.403s][info][gc,stats    ]   Rendezvous                        179 us
[103.403s][info][gc,stats    ]   Purge Unlinked                    286 us
[103.403s][info][gc,stats    ]     Code Roots                      276 us
[103.403s][info][gc,stats    ]     CLDG                              9 us
[103.403s][info][gc,stats    ]     Exception Caches                  0 us
[103.403s][info][gc,stats    ] Pause Final Roots (G)               191 us
[103.403s][info][gc,stats    ] Pause Final Roots (N)                75 us
[103.403s][info][gc,stats    ] 
[103.403s][info][gc,stats    ] Allocation pacing accrued:
[103.403s][info][gc,stats    ]       0 of    22 ms (  0.0%): <total>
[103.403s][info][gc,stats    ]       0 of    22 ms (  0.0%): <average total>
[103.403s][info][gc,stats    ] 
[103.403s][info][gc,metaspace] Metaspace: 15972K(16256K)->15972K(16256K) NonClass: 13801K(13952K)->13801K(13952K) Class: 2170K(2304K)->2170K(2304K)
[103.403s][info][gc,ergo     ] Pacer for Idle. Initial: 41943K, Alloc Tax Rate: 1.0x
[103.970s][info][gc          ] Trigger: Learning 2 of 5. Free (1414M) is below initial threshold (1433M)
[103.970s][info][gc,ergo     ] Free: 1414M, Max: 1024K regular, 1006M humongous, Frag: 29% external, 0% internal; Reserve: 103M, Max: 1024K
[103.970s][info][gc,start    ] GC(140) Concurrent reset
[103.970s][info][gc,task     ] GC(140) Using 1 of 3 workers for concurrent reset
[103.970s][info][gc,ergo     ] GC(140) Pacer for Reset. Non-Taxable: 2048M
[103.970s][info][gc          ] GC(140) Concurrent reset 0.373ms
[103.970s][info][gc,start    ] GC(140) Pause Init Mark (unload classes)
[103.971s][info][gc,task     ] GC(140) Using 3 of 3 workers for init marking
[103.971s][info][gc,ergo     ] GC(140) Pacer for Mark. Expected Live: 82014K, Free: 1413M, Non-Taxable: 141M, Alloc Tax Rate: 0.1x
[103.971s][info][gc          ] GC(140) Pause Init Mark (unload classes) 0.273ms
[103.971s][info][gc,start    ] GC(140) Concurrent marking roots
[103.971s][info][gc,task     ] GC(140) Using 1 of 3 workers for concurrent marking roots
[103.971s][info][gc          ] GC(140) Concurrent marking roots 0.487ms
[103.971s][info][gc,start    ] GC(140) Concurrent marking (unload classes)
[103.971s][info][gc,task     ] GC(140) Using 1 of 3 workers for concurrent marking
[104.318s][info][gc          ] GC(140) Concurrent marking (unload classes) 346.703ms
[104.318s][info][gc,start    ] GC(140) Pause Final Mark (unload classes)
[104.318s][info][gc,task     ] GC(140) Using 3 of 3 workers for final marking
[104.318s][info][gc,ergo     ] GC(140) Adaptive CSet Selection. Target Free: 290M, Actual Free: 1232M, Max CSet: 87381K, Min Garbage: 0B
[104.318s][info][gc,ergo     ] GC(140) Collectable Garbage: 196M (61%), Immediate: 29760K (9%), CSet: 167M (52%)
[104.319s][info][gc,ergo     ] GC(140) Pacer for Evacuation. Used CSet: 253M, Free: 1142M, Non-Taxable: 114M, Alloc Tax Rate: 1.1x
[104.319s][info][gc          ] GC(140) Pause Final Mark (unload classes) 0.254ms
[104.345s][info][gc,start    ] GC(140) Concurrent thread roots
[104.345s][info][gc,task     ] GC(140) Using 1 of 3 workers for Concurrent thread roots
[104.346s][info][gc          ] GC(140) Concurrent thread roots 0.509ms
[104.346s][info][gc,start    ] GC(140) Concurrent weak references
[104.346s][info][gc,task     ] GC(140) Using 1 of 3 workers for concurrent weak references
[104.346s][info][gc,ref      ] GC(140) Encountered references: Soft: 133, Weak: 684, Final: 0, Phantom: 63
[104.346s][info][gc,ref      ] GC(140) Discovered  references: Soft: 0, Weak: 152, Final: 0, Phantom: 26
[104.346s][info][gc,ref      ] GC(140) Enqueued    references: Soft: 0, Weak: 0, Final: 0, Phantom: 0
[104.346s][info][gc          ] GC(140) Concurrent weak references 0.097ms
[104.346s][info][gc,start    ] GC(140) Concurrent weak roots
[104.346s][info][gc,task     ] GC(140) Using 1 of 3 workers for concurrent weak root
[104.348s][info][gc          ] GC(140) Concurrent weak roots 2.120ms
[104.348s][info][gc,start    ] GC(140) Concurrent cleanup
[104.348s][info][gc          ] GC(140) Concurrent cleanup 836M->807M(2048M) 0.051ms
[104.348s][info][gc,ergo     ] GC(140) Free: 1121M, Max: 1024K regular, 1082M humongous, Frag: 4% external, 0% internal; Reserve: 88959K, Max: 1024K
[104.348s][info][gc,start    ] GC(140) Concurrent class unloading
[104.348s][info][gc,task     ] GC(140) Using 1 of 3 workers for concurrent class unloading
[104.365s][info][gc          ] GC(140) Concurrent class unloading 16.702ms
[104.365s][info][gc,start    ] GC(140) Concurrent strong roots
[104.365s][info][gc,task     ] GC(140) Using 1 of 3 workers for concurrent strong root
[104.365s][info][gc          ] GC(140) Concurrent strong roots 0.092ms
[104.365s][info][gc,start    ] GC(140) Concurrent evacuation
[104.365s][info][gc,task     ] GC(140) Using 1 of 3 workers for concurrent evacuation
[104.444s][info][gc          ] GC(140) Concurrent evacuation 79.101ms
[104.444s][info][gc,start    ] GC(140) Pause Init Update Refs
[104.444s][info][gc,ergo     ] GC(140) Pacer for Update Refs. Used: 972M, Free: 1026M, Non-Taxable: 102M, Alloc Tax Rate: 1.2x
[104.444s][info][gc          ] GC(140) Pause Init Update Refs 0.069ms
[104.445s][info][gc,start    ] GC(140) Concurrent update references
[104.445s][info][gc,task     ] GC(140) Using 1 of 3 workers for concurrent reference update
[104.888s][info][gc          ] GC(140) Concurrent update references 442.996ms
[104.888s][info][gc,start    ] GC(140) Concurrent update thread roots
[104.888s][info][gc          ] GC(140) Concurrent update thread roots 0.810ms
[104.888s][info][gc,start    ] GC(140) Pause Final Update Refs
[104.889s][info][gc,task     ] GC(140) Using 3 of 3 workers for final reference update
[104.889s][info][gc          ] GC(140) Pause Final Update Refs 0.224ms
[104.889s][info][gc,start    ] GC(140) Concurrent cleanup
[104.889s][info][gc          ] GC(140) Concurrent cleanup 991M->738M(2048M) 0.048ms
[104.889s][info][gc,ergo     ] Free: 1171M, Max: 1024K regular, 921M humongous, Frag: 22% external, 0% internal; Reserve: 103M, Max: 1024K
[104.889s][info][gc,stats    ] 
[104.889s][info][gc,stats    ] All times are wall-clock times, except per-root-class counters, that are sum over
[104.889s][info][gc,stats    ] all workers. Dividing the <total> over the root stage time estimates parallelism.
[104.889s][info][gc,stats    ] 
[104.889s][info][gc,stats    ] Concurrent Reset                    412 us
[104.889s][info][gc,stats    ] Pause Init Mark (G)                 447 us
[104.889s][info][gc,stats    ] Pause Init Mark (N)                 291 us
[104.889s][info][gc,stats    ]   Update Region States              127 us
[104.889s][info][gc,stats    ] Concurrent Mark Roots               524 us, parallelism: 0.67x
[104.889s][info][gc,stats    ]   CMR: <total>                      351 us
[104.889s][info][gc,stats    ]   CMR: Thread Roots                 310 us, workers (us): 310, ---, ---, 
[104.889s][info][gc,stats    ]   CMR: VM Strong Roots                4 us, workers (us):   4, ---, ---, 
[104.889s][info][gc,stats    ]   CMR: CLDG Roots                    37 us, workers (us):  37, ---, ---, 
[104.889s][info][gc,stats    ] Concurrent Marking               346778 us
[104.889s][info][gc,stats    ] Pause Final Mark (G)              27264 us
[104.889s][info][gc,stats    ] Pause Final Mark (N)                263 us
[104.889s][info][gc,stats    ]   Finish Mark                        53 us
[104.889s][info][gc,stats    ]   Update Region States               37 us
[104.889s][info][gc,stats    ]   Choose Collection Set              90 us
[104.889s][info][gc,stats    ]   Rebuild Free Set                    9 us
[104.889s][info][gc,stats    ] Concurrent Thread Roots             527 us, parallelism: 0.71x
[104.889s][info][gc,stats    ]   CTR: <total>                      374 us
[104.889s][info][gc,stats    ]   CTR: Thread Roots                 374 us, workers (us): 374, ---, ---, 
[104.889s][info][gc,stats    ] Concurrent Weak References          104 us, parallelism: 0.15x
[104.889s][info][gc,stats    ]   CWRF: <total>                      16 us
[104.889s][info][gc,stats    ]   CWRF: Weak References              16 us, workers (us):  16, ---, ---, 
[104.889s][info][gc,stats    ] Concurrent Weak Roots              2193 us
[104.889s][info][gc,stats    ]   Roots                            1256 us, parallelism: 0.95x
[104.889s][info][gc,stats    ]     CWR: <total>                   1199 us
[104.889s][info][gc,stats    ]     CWR: Code Cache Roots          1100 us, workers (us): 1100, ---, ---, 
[104.889s][info][gc,stats    ]     CWR: VM Weak Roots               91 us, workers (us):  91, ---, ---, 
[104.889s][info][gc,stats    ]     CWR: CLDG Roots                   8 us, workers (us):   8, ---, ---, 
[104.889s][info][gc,stats    ]   Rendezvous                        846 us
[104.889s][info][gc,stats    ] Concurrent Cleanup                   60 us
[104.889s][info][gc,stats    ] Concurrent Class Unloading        16775 us
[104.889s][info][gc,stats    ]   Unlink Stale                     4914 us
[104.889s][info][gc,stats    ]     System Dictionary                13 us
[104.889s][info][gc,stats    ]     Weak Class Links                  0 us
[104.889s][info][gc,stats    ]     Code Roots                     4899 us
[104.889s][info][gc,stats    ]   Rendezvous                      11458 us
[104.889s][info][gc,stats    ]   Purge Unlinked                    307 us
[104.889s][info][gc,stats    ]     Code Roots                      299 us
[104.889s][info][gc,stats    ]     CLDG                              7 us
[104.889s][info][gc,stats    ]     Exception Caches                  0 us
[104.889s][info][gc,stats    ] Concurrent Strong Roots             100 us, parallelism: 0.48x
[104.889s][info][gc,stats    ]   CSR: <total>                       49 us
[104.889s][info][gc,stats    ]   CSR: VM Strong Roots                5 us, workers (us):   5, ---, ---, 
[104.889s][info][gc,stats    ]   CSR: CLDG Roots                    44 us, workers (us):  44, ---, ---, 
[104.889s][info][gc,stats    ] Concurrent Evacuation             79168 us
[104.889s][info][gc,stats    ] Pause Init Update Refs (G)          231 us
[104.889s][info][gc,stats    ] Pause Init Update Refs (N)           80 us
[104.889s][info][gc,stats    ]   Manage GCLABs                       5 us
[104.889s][info][gc,stats    ] Concurrent Update Refs           443067 us
[104.889s][info][gc,stats    ] Concurrent Update Thread Roots      828 us
[104.889s][info][gc,stats    ] Pause Final Update Refs (G)         319 us
[104.889s][info][gc,stats    ] Pause Final Update Refs (N)         258 us
[104.889s][info][gc,stats    ]   Update Region States               82 us
[104.889s][info][gc,stats    ]   Trash Collection Set               15 us
[104.889s][info][gc,stats    ]   Rebuild Free Set                   36 us
[104.889s][info][gc,stats    ] Concurrent Cleanup                   58 us
[104.889s][info][gc,stats    ] 
[104.889s][info][gc,stats    ] Allocation pacing accrued:
[104.889s][info][gc,stats    ]       0 of  1486 ms (  0.0%): <total>
[104.889s][info][gc,stats    ]       0 of  1486 ms (  0.0%): <average total>
[104.889s][info][gc,stats    ] 
[104.889s][info][gc,metaspace] Metaspace: 15972K(16256K)->15972K(16256K) NonClass: 13801K(13952K)->13801K(13952K) Class: 2170K(2304K)->2170K(2304K)
[104.889s][info][gc,ergo     ] Pacer for Idle. Initial: 41943K, Alloc Tax Rate: 1.0x
[104.900s][info][gc          ] Trigger: Explicit GC request (System.gc())
[104.901s][info][gc,ergo     ] Free: 1171M, Max: 1024K regular, 921M humongous, Frag: 22% external, 0% internal; Reserve: 103M, Max: 1024K
[104.901s][info][gc,start    ] GC(141) Concurrent reset
[104.901s][info][gc,task     ] GC(141) Using 1 of 3 workers for concurrent reset
[104.901s][info][gc,ergo     ] GC(141) Pacer for Reset. Non-Taxable: 2048M
[104.903s][info][gc          ] GC(141) Concurrent reset 2.568ms
[104.903s][info][gc,start    ] GC(141) Pause Init Mark (unload classes)
[104.903s][info][gc,task     ] GC(141) Using 3 of 3 workers for init marking
[104.903s][info][gc,ref      ] GC(141) Clearing All SoftReferences
[104.903s][info][gc,ergo     ] GC(141) Pacer for Mark. Expected Live: 118M, Free: 1171M, Non-Taxable: 117M, Alloc Tax Rate: 0.1x
[104.903s][info][gc          ] GC(141) Pause Init Mark (unload classes) 0.152ms
[104.903s][info][gc,start    ] GC(141) Concurrent marking roots
[104.903s][info][gc,task     ] GC(141) Using 1 of 3 workers for concurrent marking roots
[104.904s][info][gc          ] GC(141) Concurrent marking roots 0.477ms
[104.904s][info][gc,start    ] GC(141) Concurrent marking (unload classes)
[104.904s][info][gc,task     ] GC(141) Using 1 of 3 workers for concurrent marking
[104.909s][info][gc          ] GC(141) Concurrent marking (unload classes) 4.612ms
[104.909s][info][gc,start    ] GC(141) Pause Final Mark (unload classes)
[104.909s][info][gc,task     ] GC(141) Using 3 of 3 workers for final marking
[104.909s][info][gc,ergo     ] GC(141) Collectable Garbage: 727M (99%), Immediate: 727M (99%), CSet: 0B (0%)
[104.909s][info][gc          ] GC(141) Pause Final Mark (unload classes) 0.494ms
[104.909s][info][gc,start    ] GC(141) Concurrent weak references
[104.909s][info][gc,task     ] GC(141) Using 1 of 3 workers for concurrent weak references
[104.909s][info][gc,ref      ] GC(141) Encountered references: Soft: 178, Weak: 683, Final: 0, Phantom: 63
[104.909s][info][gc,ref      ] GC(141) Discovered  references: Soft: 127, Weak: 165, Final: 0, Phantom: 61
[104.909s][info][gc,ref      ] GC(141) Enqueued    references: Soft: 48, Weak: 0, Final: 0, Phantom: 0
[104.909s][info][gc          ] GC(141) Concurrent weak references 0.126ms
[104.909s][info][gc,start    ] GC(141) Concurrent weak roots
[104.909s][info][gc,task     ] GC(141) Using 1 of 3 workers for concurrent weak root
[104.910s][info][gc          ] GC(141) Concurrent weak roots 0.996ms
[104.910s][info][gc,start    ] GC(141) Concurrent cleanup
[104.911s][info][gc          ] GC(141) Concurrent cleanup 738M->11M(2048M) 0.059ms
[104.911s][info][gc,ergo     ] GC(141) Free: 1933M, Max: 1024K regular, 1007M humongous, Frag: 48% external, 0% internal; Reserve: 103M, Max: 1024K
[104.911s][info][gc,start    ] GC(141) Concurrent class unloading
[104.911s][info][gc,task     ] GC(141) Using 1 of 3 workers for concurrent class unloading
[104.915s][info][gc          ] GC(141) Concurrent class unloading 4.572ms
[104.915s][info][gc,start    ] GC(141) Pause Final Roots
[104.915s][info][gc          ] GC(141) Pause Final Roots 0.068ms
[104.915s][info][gc,ergo     ] Free: 1933M, Max: 1024K regular, 1007M humongous, Frag: 48% external, 0% internal; Reserve: 103M, Max: 1024K
[104.915s][info][gc,stats    ] 
[104.915s][info][gc,stats    ] All times are wall-clock times, except per-root-class counters, that are sum over
[104.915s][info][gc,stats    ] all workers. Dividing the <total> over the root stage time estimates parallelism.
[104.915s][info][gc,stats    ] 
[104.915s][info][gc,stats    ] Concurrent Reset                   2604 us
[104.915s][info][gc,stats    ] Pause Init Mark (G)                 266 us
[104.915s][info][gc,stats    ] Pause Init Mark (N)                 164 us
[104.915s][info][gc,stats    ]   Update Region States               67 us
[104.915s][info][gc,stats    ] Concurrent Mark Roots               514 us, parallelism: 0.70x
[104.915s][info][gc,stats    ]   CMR: <total>                      357 us
[104.916s][info][gc,stats    ]   CMR: Thread Roots                 305 us, workers (us): 305, ---, ---, 
[104.916s][info][gc,stats    ]   CMR: VM Strong Roots                7 us, workers (us):   7, ---, ---, 
[104.916s][info][gc,stats    ]   CMR: CLDG Roots                    45 us, workers (us):  45, ---, ---, 
[104.916s][info][gc,stats    ] Concurrent Marking                 4674 us
[104.916s][info][gc,stats    ] Pause Final Mark (G)                643 us
[104.916s][info][gc,stats    ] Pause Final Mark (N)                519 us
[104.916s][info][gc,stats    ]   Finish Mark                       163 us
[104.916s][info][gc,stats    ]   Update Region States              124 us
[104.916s][info][gc,stats    ]   Choose Collection Set             102 us
[104.916s][info][gc,stats    ]   Rebuild Free Set                   25 us
[104.916s][info][gc,stats    ] Concurrent Weak References          134 us, parallelism: 0.09x
[104.916s][info][gc,stats    ]   CWRF: <total>                      12 us
[104.916s][info][gc,stats    ]   CWRF: Weak References              12 us, workers (us):  12, ---, ---, 
[104.916s][info][gc,stats    ] Concurrent Weak Roots              1034 us
[104.916s][info][gc,stats    ]   Roots                             862 us, parallelism: 0.94x
[104.916s][info][gc,stats    ]     CWR: <total>                    808 us
[104.916s][info][gc,stats    ]     CWR: Code Cache Roots           722 us, workers (us): 722, ---, ---, 
[104.916s][info][gc,stats    ]     CWR: VM Weak Roots               82 us, workers (us):  82, ---, ---, 
[104.916s][info][gc,stats    ]     CWR: CLDG Roots                   5 us, workers (us):   5, ---, ---, 
[104.916s][info][gc,stats    ]   Rendezvous                         67 us
[104.916s][info][gc,stats    ] Concurrent Cleanup                   68 us
[104.916s][info][gc,stats    ] Concurrent Class Unloading         4621 us
[104.916s][info][gc,stats    ]   Unlink Stale                     4052 us
[104.916s][info][gc,stats    ]     System Dictionary                 5 us
[104.916s][info][gc,stats    ]     Weak Class Links                  0 us
[104.916s][info][gc,stats    ]     Code Roots                     4045 us
[104.916s][info][gc,stats    ]   Rendezvous                        209 us
[104.916s][info][gc,stats    ]   Purge Unlinked                    291 us
[104.916s][info][gc,stats    ]     Code Roots                      279 us
[104.916s][info][gc,stats    ]     CLDG                             11 us
[104.916s][info][gc,stats    ]     Exception Caches                  0 us
[104.916s][info][gc,stats    ] Pause Final Roots (G)               204 us
[104.916s][info][gc,stats    ] Pause Final Roots (N)                86 us
[104.916s][info][gc,stats    ] 
[104.916s][info][gc,stats    ] Allocation pacing accrued:
[104.916s][info][gc,stats    ]       0 of    26 ms (  0.0%): <total>
[104.916s][info][gc,stats    ]       0 of    26 ms (  0.0%): <average total>
[104.916s][info][gc,stats    ] 
[104.916s][info][gc,metaspace] Metaspace: 15972K(16256K)->15972K(16256K) NonClass: 13801K(13952K)->13801K(13952K) Class: 2170K(2304K)->2170K(2304K)
[104.916s][info][gc,ergo     ] Pacer for Idle. Initial: 41943K, Alloc Tax Rate: 1.0x
[105.482s][info][gc          ] Trigger: Learning 2 of 5. Free (1414M) is below initial threshold (1433M)
[105.482s][info][gc,ergo     ] Free: 1414M, Max: 1024K regular, 1007M humongous, Frag: 29% external, 0% internal; Reserve: 103M, Max: 1024K
[105.482s][info][gc,start    ] GC(142) Concurrent reset
[105.482s][info][gc,task     ] GC(142) Using 1 of 3 workers for concurrent reset
[105.482s][info][gc,ergo     ] GC(142) Pacer for Reset. Non-Taxable: 2048M
[105.482s][info][gc          ] GC(142) Concurrent reset 0.375ms
[105.482s][info][gc,start    ] GC(142) Pause Init Mark (unload classes)
[105.482s][info][gc,task     ] GC(142) Using 3 of 3 workers for init marking
[105.483s][info][gc,ergo     ] GC(142) Pacer for Mark. Expected Live: 82025K, Free: 1413M, Non-Taxable: 141M, Alloc Tax Rate: 0.1x
[105.483s][info][gc          ] GC(142) Pause Init Mark (unload classes) 0.221ms
[105.483s][info][gc,start    ] GC(142) Concurrent marking roots
[105.483s][info][gc,task     ] GC(142) Using 1 of 3 workers for concurrent marking roots
[105.483s][info][gc          ] GC(142) Concurrent marking roots 0.422ms
[105.483s][info][gc,start    ] GC(142) Concurrent marking (unload classes)
[105.483s][info][gc,task     ] GC(142) Using 1 of 3 workers for concurrent marking
[105.814s][info][gc          ] GC(142) Concurrent marking (unload classes) 331.350ms
[105.815s][info][gc,start    ] GC(142) Pause Final Mark (unload classes)
[105.815s][info][gc,task     ] GC(142) Using 3 of 3 workers for final marking
[105.815s][info][gc,ergo     ] GC(142) Adaptive CSet Selection. Target Free: 290M, Actual Free: 1250M, Max CSet: 87381K, Min Garbage: 0B
[105.815s][info][gc,ergo     ] GC(142) Collectable Garbage: 196M (61%), Immediate: 29337K (8%), CSet: 167M (52%)
[105.815s][info][gc,ergo     ] GC(142) Pacer for Evacuation. Used CSet: 253M, Free: 1160M, Non-Taxable: 116M, Alloc Tax Rate: 1.1x
[105.815s][info][gc          ] GC(142) Pause Final Mark (unload classes) 0.245ms
[105.830s][info][gc,start    ] GC(142) Concurrent thread roots
[105.830s][info][gc,task     ] GC(142) Using 1 of 3 workers for Concurrent thread roots
[105.831s][info][gc          ] GC(142) Concurrent thread roots 0.539ms
[105.831s][info][gc,start    ] GC(142) Concurrent weak references
[105.831s][info][gc,task     ] GC(142) Using 1 of 3 workers for concurrent weak references
[105.831s][info][gc,ref      ] GC(142) Encountered references: Soft: 133, Weak: 684, Final: 0, Phantom: 63
[105.831s][info][gc,ref      ] GC(142) Discovered  references: Soft: 0, Weak: 153, Final: 0, Phantom: 26
[105.831s][info][gc,ref      ] GC(142) Enqueued    references: Soft: 0, Weak: 0, Final: 0, Phantom: 0
[105.831s][info][gc          ] GC(142) Concurrent weak references 0.070ms
[105.831s][info][gc,start    ] GC(142) Concurrent weak roots
[105.831s][info][gc,task     ] GC(142) Using 1 of 3 workers for concurrent weak root
[105.847s][info][gc          ] GC(142) Concurrent weak roots 15.837ms
[105.847s][info][gc,start    ] GC(142) Concurrent cleanup
[105.847s][info][gc          ] GC(142) Concurrent cleanup 825M->797M(2048M) 0.038ms
[105.847s][info][gc,ergo     ] GC(142) Free: 1132M, Max: 1024K regular, 1093M humongous, Frag: 4% external, 0% internal; Reserve: 90112K, Max: 1024K
[105.847s][info][gc,start    ] GC(142) Concurrent class unloading
[105.847s][info][gc,task     ] GC(142) Using 1 of 3 workers for concurrent class unloading
[105.863s][info][gc          ] GC(142) Concurrent class unloading 15.780ms
[105.863s][info][gc,start    ] GC(142) Concurrent strong roots
[105.863s][info][gc,task     ] GC(142) Using 1 of 3 workers for concurrent strong root
[105.863s][info][gc          ] GC(142) Concurrent strong roots 0.072ms
[105.863s][info][gc,start    ] GC(142) Concurrent evacuation
[105.863s][info][gc,task     ] GC(142) Using 1 of 3 workers for concurrent evacuation
[105.942s][info][gc          ] GC(142) Concurrent evacuation 79.036ms
[105.942s][info][gc,start    ] GC(142) Pause Init Update Refs
[105.942s][info][gc,ergo     ] GC(142) Pacer for Update Refs. Used: 950M, Free: 1048M, Non-Taxable: 104M, Alloc Tax Rate: 1.1x
[105.942s][info][gc          ] GC(142) Pause Init Update Refs 0.065ms
[105.942s][info][gc,start    ] GC(142) Concurrent update references
[105.942s][info][gc,task     ] GC(142) Using 1 of 3 workers for concurrent reference update
[106.368s][info][gc          ] GC(142) Concurrent update references 425.994ms
[106.368s][info][gc,start    ] GC(142) Concurrent update thread roots
[106.369s][info][gc          ] GC(142) Concurrent update thread roots 0.745ms
[106.369s][info][gc,start    ] GC(142) Pause Final Update Refs
[106.369s][info][gc,task     ] GC(142) Using 3 of 3 workers for final reference update
[106.369s][info][gc          ] GC(142) Pause Final Update Refs 0.240ms
[106.369s][info][gc,start    ] GC(142) Concurrent cleanup
[106.369s][info][gc          ] GC(142) Concurrent cleanup 991M->738M(2048M) 0.042ms
[106.369s][info][gc,ergo     ] Free: 1172M, Max: 1024K regular, 922M humongous, Frag: 22% external, 0% internal; Reserve: 103M, Max: 1024K
[106.369s][info][gc,stats    ] 
[106.369s][info][gc,stats    ] All times are wall-clock times, except per-root-class counters, that are sum over
[106.369s][info][gc,stats    ] all workers. Dividing the <total> over the root stage time estimates parallelism.
[106.369s][info][gc,stats    ] 
[106.369s][info][gc,stats    ] Concurrent Reset                    413 us
[106.369s][info][gc,stats    ] Pause Init Mark (G)                 379 us
[106.369s][info][gc,stats    ] Pause Init Mark (N)                 238 us
[106.369s][info][gc,stats    ]   Update Region States               99 us
[106.369s][info][gc,stats    ] Concurrent Mark Roots               431 us, parallelism: 0.82x
[106.369s][info][gc,stats    ]   CMR: <total>                      352 us
[106.369s][info][gc,stats    ]   CMR: Thread Roots                 311 us, workers (us): 311, ---, ---, 
[106.369s][info][gc,stats    ]   CMR: VM Strong Roots                4 us, workers (us):   4, ---, ---, 
[106.369s][info][gc,stats    ]   CMR: CLDG Roots                    37 us, workers (us):  37, ---, ---, 
[106.369s][info][gc,stats    ] Concurrent Marking               331418 us
[106.369s][info][gc,stats    ] Pause Final Mark (G)              15648 us
[106.369s][info][gc,stats    ] Pause Final Mark (N)                253 us
[106.369s][info][gc,stats    ]   Finish Mark                        39 us
[106.369s][info][gc,stats    ]   Update Region States               33 us
[106.369s][info][gc,stats    ]   Choose Collection Set              94 us
[106.369s][info][gc,stats    ]   Rebuild Free Set                    9 us
[106.369s][info][gc,stats    ] Concurrent Thread Roots             572 us, parallelism: 0.76x
[106.369s][info][gc,stats    ]   CTR: <total>                      437 us
[106.369s][info][gc,stats    ]   CTR: Thread Roots                 437 us, workers (us): 437, ---, ---, 
[106.370s][info][gc,stats    ] Concurrent Weak References           77 us, parallelism: 0.18x
[106.370s][info][gc,stats    ]   CWRF: <total>                      14 us
[106.370s][info][gc,stats    ]   CWRF: Weak References              14 us, workers (us):  14, ---, ---, 
[106.370s][info][gc,stats    ] Concurrent Weak Roots             15905 us
[106.370s][info][gc,stats    ]   Roots                            1154 us, parallelism: 0.96x
[106.370s][info][gc,stats    ]     CWR: <total>                   1104 us
[106.370s][info][gc,stats    ]     CWR: Code Cache Roots          1010 us, workers (us): 1010, ---, ---, 
[106.370s][info][gc,stats    ]     CWR: VM Weak Roots               87 us, workers (us):  87, ---, ---, 
[106.370s][info][gc,stats    ]     CWR: CLDG Roots                   7 us, workers (us):   7, ---, ---, 
[106.370s][info][gc,stats    ]   Rendezvous                      14664 us
[106.370s][info][gc,stats    ] Concurrent Cleanup                   47 us
[106.370s][info][gc,stats    ] Concurrent Class Unloading        15833 us
[106.370s][info][gc,stats    ]   Unlink Stale                     4388 us
[106.370s][info][gc,stats    ]     System Dictionary                12 us
[106.370s][info][gc,stats    ]     Weak Class Links                  0 us
[106.370s][info][gc,stats    ]     Code Roots                     4373 us
[106.370s][info][gc,stats    ]   Rendezvous                      11100 us
[106.370s][info][gc,stats    ]   Purge Unlinked                    261 us
[106.370s][info][gc,stats    ]     Code Roots                      254 us
[106.370s][info][gc,stats    ]     CLDG                              6 us
[106.370s][info][gc,stats    ]     Exception Caches                  0 us
[106.370s][info][gc,stats    ] Concurrent Strong Roots              80 us, parallelism: 0.45x
[106.370s][info][gc,stats    ]   CSR: <total>                       36 us
[106.370s][info][gc,stats    ]   CSR: VM Strong Roots                4 us, workers (us):   4, ---, ---, 
[106.370s][info][gc,stats    ]   CSR: CLDG Roots                    32 us, workers (us):  32, ---, ---, 
[106.370s][info][gc,stats    ] Concurrent Evacuation             79111 us
[106.370s][info][gc,stats    ] Pause Init Update Refs (G)          217 us
[106.370s][info][gc,stats    ] Pause Init Update Refs (N)           73 us
[106.370s][info][gc,stats    ]   Manage GCLABs                       6 us
[106.370s][info][gc,stats    ] Concurrent Update Refs           426078 us
[106.370s][info][gc,stats    ] Concurrent Update Thread Roots      795 us
[106.370s][info][gc,stats    ] Pause Final Update Refs (G)         367 us
[106.370s][info][gc,stats    ] Pause Final Update Refs (N)         278 us
[106.370s][info][gc,stats    ]   Update Region States              111 us
[106.370s][info][gc,stats    ]   Trash Collection Set               12 us
[106.370s][info][gc,stats    ]   Rebuild Free Set                   26 us
[106.370s][info][gc,stats    ] Concurrent Cleanup                   51 us
[106.370s][info][gc,stats    ] 
[106.370s][info][gc,stats    ] Allocation pacing accrued:
[106.370s][info][gc,stats    ]       0 of  1454 ms (  0.0%): <total>
[106.370s][info][gc,stats    ]       0 of  1454 ms (  0.0%): <average total>
[106.370s][info][gc,stats    ] 
[106.370s][info][gc,metaspace] Metaspace: 15972K(16256K)->15972K(16256K) NonClass: 13801K(13952K)->13801K(13952K) Class: 2170K(2304K)->2170K(2304K)
[106.370s][info][gc,ergo     ] Pacer for Idle. Initial: 41943K, Alloc Tax Rate: 1.0x
[106.378s][info][gc          ] Trigger: Explicit GC request (System.gc())
[106.378s][info][gc,ergo     ] Free: 1172M, Max: 1024K regular, 922M humongous, Frag: 22% external, 0% internal; Reserve: 103M, Max: 1024K
[106.378s][info][gc,start    ] GC(143) Concurrent reset
[106.378s][info][gc,task     ] GC(143) Using 1 of 3 workers for concurrent reset
[106.378s][info][gc,ergo     ] GC(143) Pacer for Reset. Non-Taxable: 2048M
[106.380s][info][gc          ] GC(143) Concurrent reset 2.264ms
[106.381s][info][gc,start    ] GC(143) Pause Init Mark (unload classes)
[106.381s][info][gc,task     ] GC(143) Using 3 of 3 workers for init marking
[106.381s][info][gc,ref      ] GC(143) Clearing All SoftReferences
[106.381s][info][gc,ergo     ] GC(143) Pacer for Mark. Expected Live: 118M, Free: 1172M, Non-Taxable: 117M, Alloc Tax Rate: 0.1x
[106.381s][info][gc          ] GC(143) Pause Init Mark (unload classes) 0.168ms
[106.381s][info][gc,start    ] GC(143) Concurrent marking roots
[106.381s][info][gc,task     ] GC(143) Using 1 of 3 workers for concurrent marking roots
[106.381s][info][gc          ] GC(143) Concurrent marking roots 0.455ms
[106.381s][info][gc,start    ] GC(143) Concurrent marking (unload classes)
[106.381s][info][gc,task     ] GC(143) Using 1 of 3 workers for concurrent marking
[106.385s][info][gc          ] GC(143) Concurrent marking (unload classes) 4.240ms
[106.386s][info][gc,start    ] GC(143) Pause Final Mark (unload classes)
[106.386s][info][gc,task     ] GC(143) Using 3 of 3 workers for final marking
[106.386s][info][gc,ergo     ] GC(143) Collectable Garbage: 726M (98%), Immediate: 726M (98%), CSet: 0B (0%)
[106.386s][info][gc          ] GC(143) Pause Final Mark (unload classes) 0.407ms
[106.386s][info][gc,start    ] GC(143) Concurrent weak references
[106.386s][info][gc,task     ] GC(143) Using 1 of 3 workers for concurrent weak references
[106.386s][info][gc,ref      ] GC(143) Encountered references: Soft: 178, Weak: 683, Final: 0, Phantom: 63
[106.386s][info][gc,ref      ] GC(143) Discovered  references: Soft: 127, Weak: 165, Final: 0, Phantom: 61
[106.386s][info][gc,ref      ] GC(143) Enqueued    references: Soft: 48, Weak: 0, Final: 0, Phantom: 0
[106.386s][info][gc          ] GC(143) Concurrent weak references 0.217ms
[106.386s][info][gc,start    ] GC(143) Concurrent weak roots
[106.386s][info][gc,task     ] GC(143) Using 1 of 3 workers for concurrent weak root
[106.387s][info][gc          ] GC(143) Concurrent weak roots 1.165ms
[106.387s][info][gc,start    ] GC(143) Concurrent cleanup
[106.388s][info][gc          ] GC(143) Concurrent cleanup 738M->12M(2048M) 0.059ms
[106.388s][info][gc,ergo     ] GC(143) Free: 1933M, Max: 1024K regular, 1007M humongous, Frag: 48% external, 0% internal; Reserve: 103M, Max: 1024K
[106.388s][info][gc,start    ] GC(143) Concurrent class unloading
[106.388s][info][gc,task     ] GC(143) Using 1 of 3 workers for concurrent class unloading
[106.392s][info][gc          ] GC(143) Concurrent class unloading 4.243ms
[106.392s][info][gc,start    ] GC(143) Pause Final Roots
[106.392s][info][gc          ] GC(143) Pause Final Roots 0.053ms
[106.392s][info][gc,ergo     ] Free: 1933M, Max: 1024K regular, 1007M humongous, Frag: 48% external, 0% internal; Reserve: 103M, Max: 1024K
[106.392s][info][gc,stats    ] 
[106.392s][info][gc,stats    ] All times are wall-clock times, except per-root-class counters, that are sum over
[106.392s][info][gc,stats    ] all workers. Dividing the <total> over the root stage time estimates parallelism.
[106.392s][info][gc,stats    ] 
[106.392s][info][gc,stats    ] Concurrent Reset                   2301 us
[106.392s][info][gc,stats    ] Pause Init Mark (G)                 283 us
[106.392s][info][gc,stats    ] Pause Init Mark (N)                 176 us
[106.392s][info][gc,stats    ]   Update Region States               70 us
[106.392s][info][gc,stats    ] Concurrent Mark Roots               473 us, parallelism: 0.69x
[106.392s][info][gc,stats    ]   CMR: <total>                      326 us
[106.392s][info][gc,stats    ]   CMR: Thread Roots                 284 us, workers (us): 284, ---, ---, 
[106.392s][info][gc,stats    ]   CMR: VM Strong Roots                4 us, workers (us):   4, ---, ---, 
[106.392s][info][gc,stats    ]   CMR: CLDG Roots                    38 us, workers (us):  38, ---, ---, 
[106.392s][info][gc,stats    ] Concurrent Marking                 4289 us
[106.392s][info][gc,stats    ] Pause Final Mark (G)                549 us
[106.392s][info][gc,stats    ] Pause Final Mark (N)                428 us
[106.392s][info][gc,stats    ]   Finish Mark                       121 us
[106.392s][info][gc,stats    ]   Update Region States              107 us
[106.392s][info][gc,stats    ]   Choose Collection Set              80 us
[106.392s][info][gc,stats    ]   Rebuild Free Set                   19 us
[106.392s][info][gc,stats    ] Concurrent Weak References          235 us, parallelism: 0.06x
[106.392s][info][gc,stats    ]   CWRF: <total>                      14 us
[106.392s][info][gc,stats    ]   CWRF: Weak References              14 us, workers (us):  14, ---, ---, 
[106.392s][info][gc,stats    ] Concurrent Weak Roots              1200 us
[106.392s][info][gc,stats    ]   Roots                            1080 us, parallelism: 0.92x
[106.392s][info][gc,stats    ]     CWR: <total>                    994 us
[106.392s][info][gc,stats    ]     CWR: Code Cache Roots           848 us, workers (us): 848, ---, ---, 
[106.392s][info][gc,stats    ]     CWR: VM Weak Roots              142 us, workers (us): 142, ---, ---, 
[106.392s][info][gc,stats    ]     CWR: CLDG Roots                   5 us, workers (us):   5, ---, ---, 
[106.392s][info][gc,stats    ]   Rendezvous                         65 us
[106.392s][info][gc,stats    ] Concurrent Cleanup                   68 us
[106.392s][info][gc,stats    ] Concurrent Class Unloading         4307 us
[106.392s][info][gc,stats    ]   Unlink Stale                     3711 us
[106.392s][info][gc,stats    ]     System Dictionary                 6 us
[106.392s][info][gc,stats    ]     Weak Class Links                  0 us
[106.392s][info][gc,stats    ]     Code Roots                     3704 us
[106.392s][info][gc,stats    ]   Rendezvous                        192 us
[106.392s][info][gc,stats    ]   Purge Unlinked                    318 us
[106.392s][info][gc,stats    ]     Code Roots                      309 us
[106.392s][info][gc,stats    ]     CLDG                              9 us
[106.392s][info][gc,stats    ]     Exception Caches                  0 us
[106.392s][info][gc,stats    ] Pause Final Roots (G)               195 us
[106.392s][info][gc,stats    ] Pause Final Roots (N)                75 us
[106.392s][info][gc,stats    ] 
[106.392s][info][gc,stats    ] Allocation pacing accrued:
[106.392s][info][gc,stats    ]       0 of    23 ms (  0.0%): <total>
[106.393s][info][gc,stats    ]       0 of    23 ms (  0.0%): <average total>
[106.393s][info][gc,stats    ] 
[106.393s][info][gc,metaspace] Metaspace: 15972K(16256K)->15972K(16256K) NonClass: 13801K(13952K)->13801K(13952K) Class: 2170K(2304K)->2170K(2304K)
[106.393s][info][gc,ergo     ] Pacer for Idle. Initial: 41943K, Alloc Tax Rate: 1.0x
[106.958s][info][gc          ] Trigger: Learning 2 of 5. Free (1415M) is below initial threshold (1433M)
[106.958s][info][gc,ergo     ] Free: 1415M, Max: 1024K regular, 1007M humongous, Frag: 29% external, 0% internal; Reserve: 103M, Max: 1024K
[106.958s][info][gc,start    ] GC(144) Concurrent reset
[106.958s][info][gc,task     ] GC(144) Using 1 of 3 workers for concurrent reset
[106.958s][info][gc,ergo     ] GC(144) Pacer for Reset. Non-Taxable: 2048M
[106.959s][info][gc          ] GC(144) Concurrent reset 0.253ms
[106.959s][info][gc,start    ] GC(144) Pause Init Mark (unload classes)
[106.959s][info][gc,task     ] GC(144) Using 3 of 3 workers for init marking
[106.959s][info][gc,ergo     ] GC(144) Pacer for Mark. Expected Live: 82276K, Free: 1415M, Non-Taxable: 141M, Alloc Tax Rate: 0.1x
[106.959s][info][gc          ] GC(144) Pause Init Mark (unload classes) 0.165ms
[106.959s][info][gc,start    ] GC(144) Concurrent marking roots
[106.959s][info][gc,task     ] GC(144) Using 1 of 3 workers for concurrent marking roots
[106.960s][info][gc          ] GC(144) Concurrent marking roots 0.551ms
[106.960s][info][gc,start    ] GC(144) Concurrent marking (unload classes)
[106.960s][info][gc,task     ] GC(144) Using 1 of 3 workers for concurrent marking
[107.310s][info][gc          ] GC(144) Concurrent marking (unload classes) 350.679ms
[107.310s][info][gc,start    ] GC(144) Pause Final Mark (unload classes)
[107.310s][info][gc,task     ] GC(144) Using 3 of 3 workers for final marking
[107.310s][info][gc,ergo     ] GC(144) Adaptive CSet Selection. Target Free: 290M, Actual Free: 1232M, Max CSet: 87381K, Min Garbage: 0B
[107.311s][info][gc,ergo     ] GC(144) Collectable Garbage: 195M (61%), Immediate: 29760K (9%), CSet: 166M (52%)
[107.311s][info][gc,ergo     ] GC(144) Pacer for Evacuation. Used CSet: 252M, Free: 1140M, Non-Taxable: 114M, Alloc Tax Rate: 1.1x
[107.311s][info][gc          ] GC(144) Pause Final Mark (unload classes) 0.236ms
[107.312s][info][gc,start    ] GC(144) Concurrent thread roots
[107.312s][info][gc,task     ] GC(144) Using 1 of 3 workers for Concurrent thread roots
[107.313s][info][gc          ] GC(144) Concurrent thread roots 0.505ms
[107.313s][info][gc,start    ] GC(144) Concurrent weak references
[107.313s][info][gc,task     ] GC(144) Using 1 of 3 workers for concurrent weak references
[107.313s][info][gc,ref      ] GC(144) Encountered references: Soft: 133, Weak: 684, Final: 0, Phantom: 63
[107.313s][info][gc,ref      ] GC(144) Discovered  references: Soft: 0, Weak: 152, Final: 0, Phantom: 26
[107.313s][info][gc,ref      ] GC(144) Enqueued    references: Soft: 0, Weak: 0, Final: 0, Phantom: 0
[107.313s][info][gc          ] GC(144) Concurrent weak references 0.065ms
[107.313s][info][gc,start    ] GC(144) Concurrent weak roots
[107.313s][info][gc,task     ] GC(144) Using 1 of 3 workers for concurrent weak root
[107.318s][info][gc          ] GC(144) Concurrent weak roots 5.408ms
[107.318s][info][gc,start    ] GC(144) Concurrent cleanup
[107.318s][info][gc          ] GC(144) Concurrent cleanup 810M->781M(2048M) 0.037ms
[107.318s][info][gc,ergo     ] GC(144) Free: 1138M, Max: 1024K regular, 1099M humongous, Frag: 4% external, 0% internal; Reserve: 100352K, Max: 1024K
[107.318s][info][gc,start    ] GC(144) Concurrent class unloading
[107.318s][info][gc,task     ] GC(144) Using 1 of 3 workers for concurrent class unloading
[107.326s][info][gc          ] GC(144) Concurrent class unloading 7.791ms
[107.326s][info][gc,start    ] GC(144) Concurrent strong roots
[107.326s][info][gc,task     ] GC(144) Using 1 of 3 workers for concurrent strong root
[107.326s][info][gc          ] GC(144) Concurrent strong roots 0.076ms
[107.326s][info][gc,start    ] GC(144) Concurrent evacuation
[107.326s][info][gc,task     ] GC(144) Using 1 of 3 workers for concurrent evacuation
[107.405s][info][gc          ] GC(144) Concurrent evacuation 78.302ms
[107.405s][info][gc,start    ] GC(144) Pause Init Update Refs
[107.405s][info][gc,ergo     ] GC(144) Pacer for Update Refs. Used: 933M, Free: 1065M, Non-Taxable: 106M, Alloc Tax Rate: 1.1x
[107.405s][info][gc          ] GC(144) Pause Init Update Refs 0.072ms
[107.412s][info][gc,start    ] GC(144) Concurrent update references
[107.412s][info][gc,task     ] GC(144) Using 1 of 3 workers for concurrent reference update
[107.855s][info][gc          ] GC(144) Concurrent update references 442.592ms
[107.855s][info][gc,start    ] GC(144) Concurrent update thread roots
[107.856s][info][gc          ] GC(144) Concurrent update thread roots 0.856ms
[107.856s][info][gc,start    ] GC(144) Pause Final Update Refs
[107.856s][info][gc,task     ] GC(144) Using 3 of 3 workers for final reference update
[107.856s][info][gc          ] GC(144) Pause Final Update Refs 0.273ms
[107.856s][info][gc,start    ] GC(144) Concurrent cleanup
[107.856s][info][gc          ] GC(144) Concurrent cleanup 992M->740M(2048M) 0.037ms
[107.856s][info][gc,ergo     ] Free: 1169M, Max: 1024K regular, 920M humongous, Frag: 22% external, 0% internal; Reserve: 103M, Max: 1024K
[107.856s][info][gc,stats    ] 
[107.856s][info][gc,stats    ] All times are wall-clock times, except per-root-class counters, that are sum over
[107.856s][info][gc,stats    ] all workers. Dividing the <total> over the root stage time estimates parallelism.
[107.856s][info][gc,stats    ] 
[107.856s][info][gc,stats    ] Concurrent Reset                    293 us
[107.856s][info][gc,stats    ] Pause Init Mark (G)                 298 us
[107.856s][info][gc,stats    ] Pause Init Mark (N)                 173 us
[107.856s][info][gc,stats    ]   Update Region States               77 us
[107.856s][info][gc,stats    ] Concurrent Mark Roots               561 us, parallelism: 0.85x
[107.856s][info][gc,stats    ]   CMR: <total>                      476 us
[107.856s][info][gc,stats    ]   CMR: Thread Roots                 406 us, workers (us): 406, ---, ---, 
[107.856s][info][gc,stats    ]   CMR: VM Strong Roots                6 us, workers (us):   6, ---, ---, 
[107.856s][info][gc,stats    ]   CMR: CLDG Roots                    64 us, workers (us):  64, ---, ---, 
[107.856s][info][gc,stats    ] Concurrent Marking               350746 us
[107.856s][info][gc,stats    ] Pause Final Mark (G)               1980 us
[107.856s][info][gc,stats    ] Pause Final Mark (N)                248 us
[107.856s][info][gc,stats    ]   Finish Mark                        29 us
[107.856s][info][gc,stats    ]   Update Region States               29 us
[107.856s][info][gc,stats    ]   Choose Collection Set             128 us
[107.856s][info][gc,stats    ]   Rebuild Free Set                    9 us
[107.856s][info][gc,stats    ] Concurrent Thread Roots             518 us, parallelism: 0.81x
[107.856s][info][gc,stats    ]   CTR: <total>                      419 us
[107.856s][info][gc,stats    ]   CTR: Thread Roots                 419 us, workers (us): 419, ---, ---, 
[107.856s][info][gc,stats    ] Concurrent Weak References           72 us, parallelism: 0.23x
[107.856s][info][gc,stats    ]   CWRF: <total>                      16 us
[107.856s][info][gc,stats    ]   CWRF: Weak References              16 us, workers (us):  16, ---, ---, 
[107.856s][info][gc,stats    ] Concurrent Weak Roots              5483 us
[107.856s][info][gc,stats    ]   Roots                            1175 us, parallelism: 0.97x
[107.856s][info][gc,stats    ]     CWR: <total>                   1135 us
[107.856s][info][gc,stats    ]     CWR: Code Cache Roots          1039 us, workers (us): 1039, ---, ---, 
[107.856s][info][gc,stats    ]     CWR: VM Weak Roots               89 us, workers (us):  89, ---, ---, 
[107.856s][info][gc,stats    ]     CWR: CLDG Roots                   8 us, workers (us):   8, ---, ---, 
[107.856s][info][gc,stats    ]   Rendezvous                       4213 us
[107.856s][info][gc,stats    ] Concurrent Cleanup                   46 us
[107.856s][info][gc,stats    ] Concurrent Class Unloading         7845 us
[107.856s][info][gc,stats    ]   Unlink Stale                     4516 us
[107.856s][info][gc,stats    ]     System Dictionary                10 us
[107.856s][info][gc,stats    ]     Weak Class Links                  0 us
[107.856s][info][gc,stats    ]     Code Roots                     4504 us
[107.856s][info][gc,stats    ]   Rendezvous                       2970 us
[107.856s][info][gc,stats    ]   Purge Unlinked                    284 us
[107.856s][info][gc,stats    ]     Code Roots                      278 us
[107.856s][info][gc,stats    ]     CLDG                              6 us
[107.856s][info][gc,stats    ]     Exception Caches                  0 us
[107.856s][info][gc,stats    ] Concurrent Strong Roots              84 us, parallelism: 0.44x
[107.856s][info][gc,stats    ]   CSR: <total>                       37 us
[107.857s][info][gc,stats    ]   CSR: VM Strong Roots                5 us, workers (us):   5, ---, ---, 
[107.857s][info][gc,stats    ]   CSR: CLDG Roots                    32 us, workers (us):  32, ---, ---, 
[107.857s][info][gc,stats    ] Concurrent Evacuation             78365 us
[107.857s][info][gc,stats    ] Pause Init Update Refs (G)         7510 us
[107.857s][info][gc,stats    ] Pause Init Update Refs (N)           81 us
[107.857s][info][gc,stats    ]   Manage GCLABs                       6 us
[107.857s][info][gc,stats    ] Concurrent Update Refs           442661 us
[107.857s][info][gc,stats    ] Concurrent Update Thread Roots      875 us
[107.857s][info][gc,stats    ] Pause Final Update Refs (G)         378 us
[107.857s][info][gc,stats    ] Pause Final Update Refs (N)         323 us
[107.857s][info][gc,stats    ]   Update Region States              125 us
[107.857s][info][gc,stats    ]   Trash Collection Set               16 us
[107.857s][info][gc,stats    ]   Rebuild Free Set                   31 us
[107.857s][info][gc,stats    ] Concurrent Cleanup                   45 us
[107.857s][info][gc,stats    ] 
[107.857s][info][gc,stats    ] Allocation pacing accrued:
[107.857s][info][gc,stats    ]       0 of  1464 ms (  0.0%): <total>
[107.857s][info][gc,stats    ]       0 of  1464 ms (  0.0%): <average total>
[107.857s][info][gc,stats    ] 
[107.857s][info][gc,metaspace] Metaspace: 15972K(16256K)->15972K(16256K) NonClass: 13801K(13952K)->13801K(13952K) Class: 2170K(2304K)->2170K(2304K)
[107.857s][info][gc,ergo     ] Pacer for Idle. Initial: 41943K, Alloc Tax Rate: 1.0x
[107.870s][info][gc          ] Trigger: Explicit GC request (System.gc())
[107.870s][info][gc,ergo     ] Free: 1169M, Max: 1024K regular, 920M humongous, Frag: 22% external, 0% internal; Reserve: 103M, Max: 1024K
[107.870s][info][gc,start    ] GC(145) Concurrent reset
[107.870s][info][gc,task     ] GC(145) Using 1 of 3 workers for concurrent reset
[107.870s][info][gc,ergo     ] GC(145) Pacer for Reset. Non-Taxable: 2048M
[107.873s][info][gc          ] GC(145) Concurrent reset 2.835ms
[107.873s][info][gc,start    ] GC(145) Pause Init Mark (unload classes)
[107.873s][info][gc,task     ] GC(145) Using 3 of 3 workers for init marking
[107.873s][info][gc,ref      ] GC(145) Clearing All SoftReferences
[107.873s][info][gc,ergo     ] GC(145) Pacer for Mark. Expected Live: 118M, Free: 1169M, Non-Taxable: 116M, Alloc Tax Rate: 0.1x
[107.873s][info][gc          ] GC(145) Pause Init Mark (unload classes) 0.313ms
[107.873s][info][gc,start    ] GC(145) Concurrent marking roots
[107.873s][info][gc,task     ] GC(145) Using 1 of 3 workers for concurrent marking roots
[107.874s][info][gc          ] GC(145) Concurrent marking roots 0.517ms
[107.874s][info][gc,start    ] GC(145) Concurrent marking (unload classes)
[107.874s][info][gc,task     ] GC(145) Using 1 of 3 workers for concurrent marking
[107.878s][info][gc          ] GC(145) Concurrent marking (unload classes) 4.344ms
[107.878s][info][gc,start    ] GC(145) Pause Final Mark (unload classes)
[107.878s][info][gc,task     ] GC(145) Using 3 of 3 workers for final marking
[107.878s][info][gc,ergo     ] GC(145) Collectable Garbage: 729M (99%), Immediate: 729M (99%), CSet: 0B (0%)
[107.878s][info][gc          ] GC(145) Pause Final Mark (unload classes) 0.390ms
[107.878s][info][gc,start    ] GC(145) Concurrent weak references
[107.878s][info][gc,task     ] GC(145) Using 1 of 3 workers for concurrent weak references
[107.878s][info][gc,ref      ] GC(145) Encountered references: Soft: 178, Weak: 683, Final: 0, Phantom: 63
[107.878s][info][gc,ref      ] GC(145) Discovered  references: Soft: 127, Weak: 165, Final: 0, Phantom: 61
[107.878s][info][gc,ref      ] GC(145) Enqueued    references: Soft: 48, Weak: 0, Final: 0, Phantom: 0
[107.879s][info][gc          ] GC(145) Concurrent weak references 0.086ms
[107.879s][info][gc,start    ] GC(145) Concurrent weak roots
[107.879s][info][gc,task     ] GC(145) Using 1 of 3 workers for concurrent weak root
[107.880s][info][gc          ] GC(145) Concurrent weak roots 1.300ms
[107.880s][info][gc,start    ] GC(145) Concurrent cleanup
[107.880s][info][gc          ] GC(145) Concurrent cleanup 740M->11M(2048M) 0.056ms
[107.880s][info][gc,ergo     ] GC(145) Free: 1933M, Max: 1024K regular, 1006M humongous, Frag: 48% external, 0% internal; Reserve: 103M, Max: 1024K
[107.880s][info][gc,start    ] GC(145) Concurrent class unloading
[107.880s][info][gc,task     ] GC(145) Using 1 of 3 workers for concurrent class unloading
[107.884s][info][gc          ] GC(145) Concurrent class unloading 4.116ms
[107.884s][info][gc,start    ] GC(145) Pause Final Roots
[107.884s][info][gc          ] GC(145) Pause Final Roots 0.053ms
[107.884s][info][gc,ergo     ] Free: 1933M, Max: 1024K regular, 1006M humongous, Frag: 48% external, 0% internal; Reserve: 103M, Max: 1024K
[107.884s][info][gc,stats    ] 
[107.884s][info][gc,stats    ] All times are wall-clock times, except per-root-class counters, that are sum over
[107.884s][info][gc,stats    ] all workers. Dividing the <total> over the root stage time estimates parallelism.
[107.884s][info][gc,stats    ] 
[107.884s][info][gc,stats    ] Concurrent Reset                   2910 us
[107.884s][info][gc,stats    ] Pause Init Mark (G)                 373 us
[107.884s][info][gc,stats    ] Pause Init Mark (N)                 321 us
[107.884s][info][gc,stats    ]   Update Region States              244 us
[107.884s][info][gc,stats    ] Concurrent Mark Roots               527 us, parallelism: 0.79x
[107.884s][info][gc,stats    ]   CMR: <total>                      414 us
[107.884s][info][gc,stats    ]   CMR: Thread Roots                 353 us, workers (us): 353, ---, ---, 
[107.884s][info][gc,stats    ]   CMR: VM Strong Roots               17 us, workers (us):  17, ---, ---, 
[107.884s][info][gc,stats    ]   CMR: CLDG Roots                    44 us, workers (us):  44, ---, ---, 
[107.884s][info][gc,stats    ] Concurrent Marking                 4368 us
[107.885s][info][gc,stats    ] Pause Final Mark (G)                441 us
[107.885s][info][gc,stats    ] Pause Final Mark (N)                400 us
[107.885s][info][gc,stats    ]   Finish Mark                       116 us
[107.885s][info][gc,stats    ]   Update Region States              106 us
[107.885s][info][gc,stats    ]   Choose Collection Set              73 us
[107.885s][info][gc,stats    ]   Rebuild Free Set                    9 us
[107.885s][info][gc,stats    ] Concurrent Weak References           93 us, parallelism: 0.14x
[107.885s][info][gc,stats    ]   CWRF: <total>                      13 us
[107.885s][info][gc,stats    ]   CWRF: Weak References              13 us, workers (us):  13, ---, ---, 
[107.885s][info][gc,stats    ] Concurrent Weak Roots              1312 us
[107.885s][info][gc,stats    ]   Roots                            1210 us, parallelism: 0.95x
[107.885s][info][gc,stats    ]     CWR: <total>                   1153 us
[107.885s][info][gc,stats    ]     CWR: Code Cache Roots          1007 us, workers (us): 1007, ---, ---, 
[107.885s][info][gc,stats    ]     CWR: VM Weak Roots              142 us, workers (us): 142, ---, ---, 
[107.885s][info][gc,stats    ]     CWR: CLDG Roots                   4 us, workers (us):   4, ---, ---, 
[107.885s][info][gc,stats    ]   Rendezvous                         77 us
[107.885s][info][gc,stats    ] Concurrent Cleanup                   64 us
[107.885s][info][gc,stats    ] Concurrent Class Unloading         4144 us
[107.885s][info][gc,stats    ]   Unlink Stale                     3647 us
[107.885s][info][gc,stats    ]     System Dictionary                 4 us
[107.885s][info][gc,stats    ]     Weak Class Links                  0 us
[107.885s][info][gc,stats    ]     Code Roots                     3641 us
[107.885s][info][gc,stats    ]   Rendezvous                        125 us
[107.885s][info][gc,stats    ]   Purge Unlinked                    328 us
[107.885s][info][gc,stats    ]     Code Roots                      323 us
[107.885s][info][gc,stats    ]     CLDG                              5 us
[107.885s][info][gc,stats    ]     Exception Caches                  0 us
[107.885s][info][gc,stats    ] Pause Final Roots (G)               172 us
[107.885s][info][gc,stats    ] Pause Final Roots (N)                76 us
[107.885s][info][gc,stats    ] 
[107.885s][info][gc,stats    ] Allocation pacing accrued:
[107.885s][info][gc,stats    ]       0 of    28 ms (  0.0%): <total>
[107.885s][info][gc,stats    ]       0 of    28 ms (  0.0%): <average total>
[107.885s][info][gc,stats    ] 
[107.885s][info][gc,metaspace] Metaspace: 15972K(16256K)->15972K(16256K) NonClass: 13801K(13952K)->13801K(13952K) Class: 2170K(2304K)->2170K(2304K)
[107.885s][info][gc,ergo     ] Pacer for Idle. Initial: 41943K, Alloc Tax Rate: 1.0x
[108.450s][info][gc          ] Trigger: Learning 2 of 5. Free (1413M) is below initial threshold (1433M)
[108.451s][info][gc,ergo     ] Free: 1413M, Max: 1024K regular, 1006M humongous, Frag: 29% external, 0% internal; Reserve: 103M, Max: 1024K
[108.451s][info][gc,start    ] GC(146) Concurrent reset
[108.451s][info][gc,task     ] GC(146) Using 1 of 3 workers for concurrent reset
[108.451s][info][gc,ergo     ] GC(146) Pacer for Reset. Non-Taxable: 2048M
[108.451s][info][gc          ] GC(146) Concurrent reset 0.423ms
[108.451s][info][gc,start    ] GC(146) Pause Init Mark (unload classes)
[108.451s][info][gc,task     ] GC(146) Using 3 of 3 workers for init marking
[108.451s][info][gc,ergo     ] GC(146) Pacer for Mark. Expected Live: 82159K, Free: 1413M, Non-Taxable: 141M, Alloc Tax Rate: 0.1x
[108.451s][info][gc          ] GC(146) Pause Init Mark (unload classes) 0.184ms
[108.452s][info][gc,start    ] GC(146) Concurrent marking roots
[108.452s][info][gc,task     ] GC(146) Using 1 of 3 workers for concurrent marking roots
[108.452s][info][gc          ] GC(146) Concurrent marking roots 0.485ms
[108.452s][info][gc,start    ] GC(146) Concurrent marking (unload classes)
[108.452s][info][gc,task     ] GC(146) Using 1 of 3 workers for concurrent marking
[108.782s][info][gc          ] GC(146) Concurrent marking (unload classes) 330.114ms
[108.782s][info][gc,start    ] GC(146) Pause Final Mark (unload classes)
[108.782s][info][gc,task     ] GC(146) Using 3 of 3 workers for final marking
[108.782s][info][gc,ergo     ] GC(146) Adaptive CSet Selection. Target Free: 290M, Actual Free: 1254M, Max CSet: 87381K, Min Garbage: 0B
[108.783s][info][gc,ergo     ] GC(146) Collectable Garbage: 195M (60%), Immediate: 29337K (8%), CSet: 166M (51%)
[108.783s][info][gc,ergo     ] GC(146) Pacer for Evacuation. Used CSet: 252M, Free: 1164M, Non-Taxable: 116M, Alloc Tax Rate: 1.1x
[108.783s][info][gc          ] GC(146) Pause Final Mark (unload classes) 0.271ms
[108.783s][info][gc,start    ] GC(146) Concurrent thread roots
[108.783s][info][gc,task     ] GC(146) Using 1 of 3 workers for Concurrent thread roots
[108.783s][info][gc          ] GC(146) Concurrent thread roots 0.504ms
[108.783s][info][gc,start    ] GC(146) Concurrent weak references
[108.783s][info][gc,task     ] GC(146) Using 1 of 3 workers for concurrent weak references
[108.783s][info][gc,ref      ] GC(146) Encountered references: Soft: 133, Weak: 684, Final: 0, Phantom: 63
[108.783s][info][gc,ref      ] GC(146) Discovered  references: Soft: 0, Weak: 152, Final: 0, Phantom: 26
[108.783s][info][gc,ref      ] GC(146) Enqueued    references: Soft: 0, Weak: 0, Final: 0, Phantom: 0
[108.783s][info][gc          ] GC(146) Concurrent weak references 0.081ms
[108.783s][info][gc,start    ] GC(146) Concurrent weak roots
[108.783s][info][gc,task     ] GC(146) Using 1 of 3 workers for concurrent weak root
[108.798s][info][gc          ] GC(146) Concurrent weak roots 14.569ms
[108.798s][info][gc,start    ] GC(146) Concurrent cleanup
[108.798s][info][gc          ] GC(146) Concurrent cleanup 799M->770M(2048M) 0.045ms
[108.798s][info][gc,ergo     ] GC(146) Free: 1157M, Max: 1024K regular, 1118M humongous, Frag: 4% external, 0% internal; Reserve: 93184K, Max: 1024K
[108.798s][info][gc,start    ] GC(146) Concurrent class unloading
[108.798s][info][gc,task     ] GC(146) Using 1 of 3 workers for concurrent class unloading
[108.814s][info][gc          ] GC(146) Concurrent class unloading 15.738ms
[108.814s][info][gc,start    ] GC(146) Concurrent strong roots
[108.814s][info][gc,task     ] GC(146) Using 1 of 3 workers for concurrent strong root
[108.814s][info][gc          ] GC(146) Concurrent strong roots 0.079ms
[108.814s][info][gc,start    ] GC(146) Concurrent evacuation
[108.814s][info][gc,task     ] GC(146) Using 1 of 3 workers for concurrent evacuation
[108.888s][info][gc          ] GC(146) Concurrent evacuation 74.262ms
[108.888s][info][gc,start    ] GC(146) Pause Init Update Refs
[108.888s][info][gc,ergo     ] GC(146) Pacer for Update Refs. Used: 917M, Free: 1084M, Non-Taxable: 108M, Alloc Tax Rate: 1.1x
[108.888s][info][gc          ] GC(146) Pause Init Update Refs 0.044ms
[108.908s][info][gc,start    ] GC(146) Concurrent update references
[108.908s][info][gc,task     ] GC(146) Using 1 of 3 workers for concurrent reference update
[109.338s][info][gc          ] GC(146) Concurrent update references 429.872ms
[109.338s][info][gc,start    ] GC(146) Concurrent update thread roots
[109.338s][info][gc          ] GC(146) Concurrent update thread roots 0.395ms
[109.338s][info][gc,start    ] GC(146) Pause Final Update Refs
[109.338s][info][gc,task     ] GC(146) Using 3 of 3 workers for final reference update
[109.338s][info][gc          ] GC(146) Pause Final Update Refs 0.123ms
[109.338s][info][gc,start    ] GC(146) Concurrent cleanup
[109.338s][info][gc          ] GC(146) Concurrent cleanup 993M->741M(2048M) 0.044ms
[109.338s][info][gc,ergo     ] Free: 1168M, Max: 1024K regular, 919M humongous, Frag: 22% external, 0% internal; Reserve: 103M, Max: 1024K
[109.338s][info][gc,stats    ] 
[109.338s][info][gc,stats    ] All times are wall-clock times, except per-root-class counters, that are sum over
[109.338s][info][gc,stats    ] all workers. Dividing the <total> over the root stage time estimates parallelism.
[109.338s][info][gc,stats    ] 
[109.338s][info][gc,stats    ] Concurrent Reset                    474 us
[109.338s][info][gc,stats    ] Pause Init Mark (G)                 366 us
[109.338s][info][gc,stats    ] Pause Init Mark (N)                 201 us
[109.338s][info][gc,stats    ]   Update Region States               71 us
[109.338s][info][gc,stats    ] Concurrent Mark Roots               523 us, parallelism: 0.67x
[109.338s][info][gc,stats    ]   CMR: <total>                      349 us
[109.338s][info][gc,stats    ]   CMR: Thread Roots                 309 us, workers (us): 309, ---, ---, 
[109.338s][info][gc,stats    ]   CMR: VM Strong Roots                4 us, workers (us):   4, ---, ---, 
[109.338s][info][gc,stats    ]   CMR: CLDG Roots                    37 us, workers (us):  37, ---, ---, 
[109.338s][info][gc,stats    ] Concurrent Marking               330185 us
[109.338s][info][gc,stats    ] Pause Final Mark (G)                440 us
[109.339s][info][gc,stats    ] Pause Final Mark (N)                279 us
[109.339s][info][gc,stats    ]   Finish Mark                        46 us
[109.339s][info][gc,stats    ]   Update Region States               36 us
[109.339s][info][gc,stats    ]   Choose Collection Set              85 us
[109.339s][info][gc,stats    ]   Rebuild Free Set                    9 us
[109.339s][info][gc,stats    ] Concurrent Thread Roots             521 us, parallelism: 0.87x
[109.339s][info][gc,stats    ]   CTR: <total>                      454 us
[109.339s][info][gc,stats    ]   CTR: Thread Roots                 454 us, workers (us): 454, ---, ---, 
[109.339s][info][gc,stats    ] Concurrent Weak References           89 us, parallelism: 0.17x
[109.339s][info][gc,stats    ]   CWRF: <total>                      15 us
[109.339s][info][gc,stats    ]   CWRF: Weak References              15 us, workers (us):  15, ---, ---, 
[109.339s][info][gc,stats    ] Concurrent Weak Roots             14645 us
[109.339s][info][gc,stats    ]   Roots                             926 us, parallelism: 0.96x
[109.339s][info][gc,stats    ]     CWR: <total>                    886 us
[109.339s][info][gc,stats    ]     CWR: Code Cache Roots           793 us, workers (us): 793, ---, ---, 
[109.339s][info][gc,stats    ]     CWR: VM Weak Roots               87 us, workers (us):  87, ---, ---, 
[109.339s][info][gc,stats    ]     CWR: CLDG Roots                   6 us, workers (us):   6, ---, ---, 
[109.339s][info][gc,stats    ]   Rendezvous                      13622 us
[109.339s][info][gc,stats    ] Concurrent Cleanup                   54 us
[109.339s][info][gc,stats    ] Concurrent Class Unloading        15799 us
[109.339s][info][gc,stats    ]   Unlink Stale                     4771 us
[109.339s][info][gc,stats    ]     System Dictionary                12 us
[109.339s][info][gc,stats    ]     Weak Class Links                  0 us
[109.339s][info][gc,stats    ]     Code Roots                     4757 us
[109.339s][info][gc,stats    ]   Rendezvous                      10653 us
[109.339s][info][gc,stats    ]   Purge Unlinked                    293 us
[109.339s][info][gc,stats    ]     Code Roots                      287 us
[109.339s][info][gc,stats    ]     CLDG                              5 us
[109.339s][info][gc,stats    ]     Exception Caches                  0 us
[109.339s][info][gc,stats    ] Concurrent Strong Roots              89 us, parallelism: 0.44x
[109.339s][info][gc,stats    ]   CSR: <total>                       39 us
[109.339s][info][gc,stats    ]   CSR: VM Strong Roots                5 us, workers (us):   5, ---, ---, 
[109.339s][info][gc,stats    ]   CSR: CLDG Roots                    34 us, workers (us):  34, ---, ---, 
[109.339s][info][gc,stats    ] Concurrent Evacuation             74332 us
[109.339s][info][gc,stats    ] Pause Init Update Refs (G)        19551 us
[109.339s][info][gc,stats    ] Pause Init Update Refs (N)           52 us
[109.339s][info][gc,stats    ]   Manage GCLABs                       6 us
[109.339s][info][gc,stats    ] Concurrent Update Refs           429959 us
[109.339s][info][gc,stats    ] Concurrent Update Thread Roots      417 us
[109.339s][info][gc,stats    ] Pause Final Update Refs (G)         173 us
[109.339s][info][gc,stats    ] Pause Final Update Refs (N)         133 us
[109.339s][info][gc,stats    ]   Update Region States               55 us
[109.339s][info][gc,stats    ]   Trash Collection Set                4 us
[109.339s][info][gc,stats    ]   Rebuild Free Set                   14 us
[109.339s][info][gc,stats    ] Concurrent Cleanup                   54 us
[109.339s][info][gc,stats    ] 
[109.339s][info][gc,stats    ] Allocation pacing accrued:
[109.339s][info][gc,stats    ]       0 of  1454 ms (  0.0%): <total>
[109.339s][info][gc,stats    ]       0 of  1454 ms (  0.0%): <average total>
[109.339s][info][gc,stats    ] 
[109.339s][info][gc,metaspace] Metaspace: 15972K(16256K)->15972K(16256K) NonClass: 13801K(13952K)->13801K(13952K) Class: 2170K(2304K)->2170K(2304K)
[109.339s][info][gc,ergo     ] Pacer for Idle. Initial: 41943K, Alloc Tax Rate: 1.0x
[109.353s][info][gc          ] Trigger: Explicit GC request (System.gc())
[109.353s][info][gc,ergo     ] Free: 1168M, Max: 1024K regular, 919M humongous, Frag: 22% external, 0% internal; Reserve: 103M, Max: 1024K
[109.354s][info][gc,start    ] GC(147) Concurrent reset
[109.354s][info][gc,task     ] GC(147) Using 1 of 3 workers for concurrent reset
[109.354s][info][gc,ergo     ] GC(147) Pacer for Reset. Non-Taxable: 2048M
[109.357s][info][gc          ] GC(147) Concurrent reset 3.048ms
[109.357s][info][gc,start    ] GC(147) Pause Init Mark (unload classes)
[109.357s][info][gc,task     ] GC(147) Using 3 of 3 workers for init marking
[109.357s][info][gc,ref      ] GC(147) Clearing All SoftReferences
[109.357s][info][gc,ergo     ] GC(147) Pacer for Mark. Expected Live: 118M, Free: 1168M, Non-Taxable: 116M, Alloc Tax Rate: 0.1x
[109.357s][info][gc          ] GC(147) Pause Init Mark (unload classes) 0.212ms
[109.357s][info][gc,start    ] GC(147) Concurrent marking roots
[109.357s][info][gc,task     ] GC(147) Using 1 of 3 workers for concurrent marking roots
[109.358s][info][gc          ] GC(147) Concurrent marking roots 0.776ms
[109.358s][info][gc,start    ] GC(147) Concurrent marking (unload classes)
[109.358s][info][gc,task     ] GC(147) Using 1 of 3 workers for concurrent marking
[109.362s][info][gc          ] GC(147) Concurrent marking (unload classes) 4.516ms
[109.362s][info][gc,start    ] GC(147) Pause Final Mark (unload classes)
[109.362s][info][gc,task     ] GC(147) Using 3 of 3 workers for final marking
[109.363s][info][gc,ergo     ] GC(147) Collectable Garbage: 731M (99%), Immediate: 731M (99%), CSet: 0B (0%)
[109.363s][info][gc          ] GC(147) Pause Final Mark (unload classes) 0.364ms
[109.363s][info][gc,start    ] GC(147) Concurrent weak references
[109.363s][info][gc,task     ] GC(147) Using 1 of 3 workers for concurrent weak references
[109.363s][info][gc,ref      ] GC(147) Encountered references: Soft: 178, Weak: 683, Final: 0, Phantom: 63
[109.363s][info][gc,ref      ] GC(147) Discovered  references: Soft: 127, Weak: 165, Final: 0, Phantom: 61
[109.363s][info][gc,ref      ] GC(147) Enqueued    references: Soft: 48, Weak: 0, Final: 0, Phantom: 0
[109.363s][info][gc          ] GC(147) Concurrent weak references 0.185ms
[109.363s][info][gc,start    ] GC(147) Concurrent weak roots
[109.363s][info][gc,task     ] GC(147) Using 1 of 3 workers for concurrent weak root
[109.364s][info][gc          ] GC(147) Concurrent weak roots 0.961ms
[109.364s][info][gc,start    ] GC(147) Concurrent cleanup
[109.364s][info][gc          ] GC(147) Concurrent cleanup 741M->10M(2048M) 0.060ms
[109.364s][info][gc,ergo     ] GC(147) Free: 1934M, Max: 1024K regular, 1007M humongous, Frag: 48% external, 0% internal; Reserve: 103M, Max: 1024K
[109.364s][info][gc,start    ] GC(147) Concurrent class unloading
[109.364s][info][gc,task     ] GC(147) Using 1 of 3 workers for concurrent class unloading
[109.369s][info][gc          ] GC(147) Concurrent class unloading 4.610ms
[109.369s][info][gc,start    ] GC(147) Pause Final Roots
[109.369s][info][gc          ] GC(147) Pause Final Roots 0.040ms
[109.369s][info][gc,ergo     ] Free: 1934M, Max: 1024K regular, 1007M humongous, Frag: 48% external, 0% internal; Reserve: 103M, Max: 1024K
[109.369s][info][gc,stats    ] 
[109.369s][info][gc,stats    ] All times are wall-clock times, except per-root-class counters, that are sum over
[109.369s][info][gc,stats    ] all workers. Dividing the <total> over the root stage time estimates parallelism.
[109.369s][info][gc,stats    ] 
[109.369s][info][gc,stats    ] Concurrent Reset                   3098 us
[109.369s][info][gc,stats    ] Pause Init Mark (G)                 350 us
[109.369s][info][gc,stats    ] Pause Init Mark (N)                 229 us
[109.369s][info][gc,stats    ]   Update Region States               77 us
[109.369s][info][gc,stats    ] Concurrent Mark Roots               800 us, parallelism: 0.80x
[109.369s][info][gc,stats    ]   CMR: <total>                      642 us
[109.369s][info][gc,stats    ]   CMR: Thread Roots                 556 us, workers (us): 556, ---, ---, 
[109.369s][info][gc,stats    ]   CMR: VM Strong Roots                9 us, workers (us):   9, ---, ---, 
[109.369s][info][gc,stats    ]   CMR: CLDG Roots                    77 us, workers (us):  77, ---, ---, 
[109.369s][info][gc,stats    ] Concurrent Marking                 4582 us
[109.369s][info][gc,stats    ] Pause Final Mark (G)                456 us
[109.369s][info][gc,stats    ] Pause Final Mark (N)                384 us
[109.369s][info][gc,stats    ]   Finish Mark                       119 us
[109.369s][info][gc,stats    ]   Update Region States               79 us
[109.369s][info][gc,stats    ]   Choose Collection Set              88 us
[109.369s][info][gc,stats    ]   Rebuild Free Set                   24 us
[109.369s][info][gc,stats    ] Concurrent Weak References          201 us, parallelism: 0.07x
[109.369s][info][gc,stats    ]   CWRF: <total>                      13 us
[109.369s][info][gc,stats    ]   CWRF: Weak References              13 us, workers (us):  13, ---, ---, 
[109.369s][info][gc,stats    ] Concurrent Weak Roots               999 us
[109.369s][info][gc,stats    ]   Roots                             882 us, parallelism: 0.92x
[109.369s][info][gc,stats    ]     CWR: <total>                    812 us
[109.369s][info][gc,stats    ]     CWR: Code Cache Roots           726 us, workers (us): 726, ---, ---, 
[109.369s][info][gc,stats    ]     CWR: VM Weak Roots               76 us, workers (us):  76, ---, ---, 
[109.369s][info][gc,stats    ]     CWR: CLDG Roots                  10 us, workers (us):  10, ---, ---, 
[109.369s][info][gc,stats    ]   Rendezvous                         60 us
[109.369s][info][gc,stats    ] Concurrent Cleanup                   69 us
[109.369s][info][gc,stats    ] Concurrent Class Unloading         4659 us
[109.369s][info][gc,stats    ]   Unlink Stale                     4203 us
[109.369s][info][gc,stats    ]     System Dictionary                 6 us
[109.369s][info][gc,stats    ]     Weak Class Links                  0 us
[109.369s][info][gc,stats    ]     Code Roots                     4195 us
[109.369s][info][gc,stats    ]   Rendezvous                         57 us
[109.369s][info][gc,stats    ]   Purge Unlinked                    332 us
[109.369s][info][gc,stats    ]     Code Roots                      319 us
[109.369s][info][gc,stats    ]     CLDG                             13 us
[109.369s][info][gc,stats    ]     Exception Caches                  0 us
[109.369s][info][gc,stats    ] Pause Final Roots (G)               192 us
[109.369s][info][gc,stats    ] Pause Final Roots (N)                56 us
[109.369s][info][gc,stats    ] 
[109.369s][info][gc,stats    ] Allocation pacing accrued:
[109.369s][info][gc,stats    ]       0 of    31 ms (  0.0%): <total>
[109.369s][info][gc,stats    ]       0 of    31 ms (  0.0%): <average total>
[109.369s][info][gc,stats    ] 
[109.369s][info][gc,metaspace] Metaspace: 15972K(16256K)->15972K(16256K) NonClass: 13801K(13952K)->13801K(13952K) Class: 2170K(2304K)->2170K(2304K)
[109.369s][info][gc,ergo     ] Pacer for Idle. Initial: 41943K, Alloc Tax Rate: 1.0x
[109.934s][info][gc          ] Trigger: Learning 2 of 5. Free (1418M) is below initial threshold (1433M)
[109.934s][info][gc,ergo     ] Free: 1418M, Max: 1024K regular, 1007M humongous, Frag: 29% external, 0% internal; Reserve: 103M, Max: 1024K
[109.934s][info][gc,start    ] GC(148) Concurrent reset
[109.934s][info][gc,task     ] GC(148) Using 1 of 3 workers for concurrent reset
[109.934s][info][gc,ergo     ] GC(148) Pacer for Reset. Non-Taxable: 2048M
[109.935s][info][gc          ] GC(148) Concurrent reset 0.358ms
[109.935s][info][gc,start    ] GC(148) Pause Init Mark (unload classes)
[109.935s][info][gc,task     ] GC(148) Using 3 of 3 workers for init marking
[109.935s][info][gc,ergo     ] GC(148) Pacer for Mark. Expected Live: 82193K, Free: 1417M, Non-Taxable: 141M, Alloc Tax Rate: 0.1x
[109.935s][info][gc          ] GC(148) Pause Init Mark (unload classes) 0.227ms
[109.935s][info][gc,start    ] GC(148) Concurrent marking roots
[109.935s][info][gc,task     ] GC(148) Using 1 of 3 workers for concurrent marking roots
[109.936s][info][gc          ] GC(148) Concurrent marking roots 0.763ms
[109.936s][info][gc,start    ] GC(148) Concurrent marking (unload classes)
[109.936s][info][gc,task     ] GC(148) Using 1 of 3 workers for concurrent marking
[110.300s][info][gc          ] GC(148) Concurrent marking (unload classes) 364.217ms
[110.300s][info][gc,start    ] GC(148) Pause Final Mark (unload classes)
[110.300s][info][gc,task     ] GC(148) Using 3 of 3 workers for final marking
[110.300s][info][gc,ergo     ] GC(148) Adaptive CSet Selection. Target Free: 290M, Actual Free: 1234M, Max CSet: 87381K, Min Garbage: 0B
[110.300s][info][gc,ergo     ] GC(148) Collectable Garbage: 194M (61%), Immediate: 29349K (9%), CSet: 165M (52%)
[110.300s][info][gc,ergo     ] GC(148) Pacer for Evacuation. Used CSet: 251M, Free: 1143M, Non-Taxable: 114M, Alloc Tax Rate: 1.1x
[110.300s][info][gc          ] GC(148) Pause Final Mark (unload classes) 0.262ms
[110.301s][info][gc,start    ] GC(148) Concurrent thread roots
[110.301s][info][gc,task     ] GC(148) Using 1 of 3 workers for Concurrent thread roots
[110.301s][info][gc          ] GC(148) Concurrent thread roots 0.471ms
[110.301s][info][gc,start    ] GC(148) Concurrent weak references
[110.301s][info][gc,task     ] GC(148) Using 1 of 3 workers for concurrent weak references
[110.301s][info][gc,ref      ] GC(148) Encountered references: Soft: 133, Weak: 684, Final: 0, Phantom: 63
[110.301s][info][gc,ref      ] GC(148) Discovered  references: Soft: 0, Weak: 153, Final: 0, Phantom: 26
[110.301s][info][gc,ref      ] GC(148) Enqueued    references: Soft: 0, Weak: 0, Final: 0, Phantom: 0
[110.301s][info][gc          ] GC(148) Concurrent weak references 0.061ms
[110.301s][info][gc,start    ] GC(148) Concurrent weak roots
[110.301s][info][gc,task     ] GC(148) Using 1 of 3 workers for concurrent weak root
[110.318s][info][gc          ] GC(148) Concurrent weak roots 16.322ms
[110.318s][info][gc,start    ] GC(148) Concurrent cleanup
[110.318s][info][gc          ] GC(148) Concurrent cleanup 816M->787M(2048M) 0.047ms
[110.318s][info][gc,ergo     ] GC(148) Free: 1136M, Max: 1024K regular, 1097M humongous, Frag: 4% external, 0% internal; Reserve: 97661K, Max: 1024K
[110.318s][info][gc,start    ] GC(148) Concurrent class unloading
[110.318s][info][gc,task     ] GC(148) Using 1 of 3 workers for concurrent class unloading
[110.327s][info][gc          ] GC(148) Concurrent class unloading 9.236ms
[110.327s][info][gc,start    ] GC(148) Concurrent strong roots
[110.327s][info][gc,task     ] GC(148) Using 1 of 3 workers for concurrent strong root
[110.327s][info][gc          ] GC(148) Concurrent strong roots 0.084ms
[110.327s][info][gc,start    ] GC(148) Concurrent evacuation
[110.327s][info][gc,task     ] GC(148) Using 1 of 3 workers for concurrent evacuation
[110.405s][info][gc          ] GC(148) Concurrent evacuation 77.642ms
[110.405s][info][gc,start    ] GC(148) Pause Init Update Refs
[110.405s][info][gc,ergo     ] GC(148) Pacer for Update Refs. Used: 939M, Free: 1059M, Non-Taxable: 105M, Alloc Tax Rate: 1.1x
[110.405s][info][gc          ] GC(148) Pause Init Update Refs 0.065ms
[110.411s][info][gc,start    ] GC(148) Concurrent update references
[110.411s][info][gc,task     ] GC(148) Using 1 of 3 workers for concurrent reference update
[110.863s][info][gc          ] GC(148) Concurrent update references 451.448ms
[110.863s][info][gc,start    ] GC(148) Concurrent update thread roots
[110.863s][info][gc          ] GC(148) Concurrent update thread roots 0.433ms
[110.863s][info][gc,start    ] GC(148) Pause Final Update Refs
[110.863s][info][gc,task     ] GC(148) Using 3 of 3 workers for final reference update
[110.864s][info][gc          ] GC(148) Pause Final Update Refs 0.342ms
[110.864s][info][gc,start    ] GC(148) Concurrent cleanup
[110.864s][info][gc          ] GC(148) Concurrent cleanup 991M->740M(2048M) 0.106ms
[110.864s][info][gc,ergo     ] Free: 1169M, Max: 1024K regular, 920M humongous, Frag: 22% external, 0% internal; Reserve: 103M, Max: 1024K
[110.864s][info][gc,stats    ] 
[110.864s][info][gc,stats    ] All times are wall-clock times, except per-root-class counters, that are sum over
[110.864s][info][gc,stats    ] all workers. Dividing the <total> over the root stage time estimates parallelism.
[110.864s][info][gc,stats    ] 
[110.864s][info][gc,stats    ] Concurrent Reset                    396 us
[110.864s][info][gc,stats    ] Pause Init Mark (G)                 430 us
[110.864s][info][gc,stats    ] Pause Init Mark (N)                 248 us
[110.864s][info][gc,stats    ]   Update Region States               91 us
[110.864s][info][gc,stats    ] Concurrent Mark Roots               772 us, parallelism: 0.87x
[110.864s][info][gc,stats    ]   CMR: <total>                      671 us
[110.864s][info][gc,stats    ]   CMR: Thread Roots                 599 us, workers (us): 599, ---, ---, 
[110.864s][info][gc,stats    ]   CMR: VM Strong Roots                7 us, workers (us):   7, ---, ---, 
[110.864s][info][gc,stats    ]   CMR: CLDG Roots                    65 us, workers (us):  65, ---, ---, 
[110.864s][info][gc,stats    ] Concurrent Marking               364277 us
[110.864s][info][gc,stats    ] Pause Final Mark (G)                503 us
[110.864s][info][gc,stats    ] Pause Final Mark (N)                271 us
[110.864s][info][gc,stats    ]   Finish Mark                        40 us
[110.864s][info][gc,stats    ]   Update Region States               33 us
[110.864s][info][gc,stats    ]   Choose Collection Set              90 us
[110.864s][info][gc,stats    ]   Rebuild Free Set                    9 us
[110.864s][info][gc,stats    ] Concurrent Thread Roots             504 us, parallelism: 0.82x
[110.864s][info][gc,stats    ]   CTR: <total>                      415 us
[110.864s][info][gc,stats    ]   CTR: Thread Roots                 415 us, workers (us): 415, ---, ---, 
[110.864s][info][gc,stats    ] Concurrent Weak References           68 us, parallelism: 0.21x
[110.864s][info][gc,stats    ]   CWRF: <total>                      14 us
[110.864s][info][gc,stats    ]   CWRF: Weak References              14 us, workers (us):  14, ---, ---, 
[110.864s][info][gc,stats    ] Concurrent Weak Roots             16410 us
[110.864s][info][gc,stats    ]   Roots                            1116 us, parallelism: 0.97x
[110.864s][info][gc,stats    ]     CWR: <total>                   1083 us
[110.864s][info][gc,stats    ]     CWR: Code Cache Roots           990 us, workers (us): 990, ---, ---, 
[110.864s][info][gc,stats    ]     CWR: VM Weak Roots               85 us, workers (us):  85, ---, ---, 
[110.864s][info][gc,stats    ]     CWR: CLDG Roots                   8 us, workers (us):   8, ---, ---, 
[110.864s][info][gc,stats    ]   Rendezvous                      15187 us
[110.864s][info][gc,stats    ] Concurrent Cleanup                   61 us
[110.864s][info][gc,stats    ] Concurrent Class Unloading         9306 us
[110.864s][info][gc,stats    ]   Unlink Stale                     4324 us
[110.864s][info][gc,stats    ]     System Dictionary                11 us
[110.864s][info][gc,stats    ]     Weak Class Links                  0 us
[110.864s][info][gc,stats    ]     Code Roots                     4311 us
[110.864s][info][gc,stats    ]   Rendezvous                       4597 us
[110.864s][info][gc,stats    ]   Purge Unlinked                    293 us
[110.864s][info][gc,stats    ]     Code Roots                      286 us
[110.864s][info][gc,stats    ]     CLDG                              6 us
[110.864s][info][gc,stats    ]     Exception Caches                  0 us
[110.864s][info][gc,stats    ] Concurrent Strong Roots              92 us, parallelism: 0.46x
[110.864s][info][gc,stats    ]   CSR: <total>                       43 us
[110.864s][info][gc,stats    ]   CSR: VM Strong Roots                4 us, workers (us):   4, ---, ---, 
[110.864s][info][gc,stats    ]   CSR: CLDG Roots                    38 us, workers (us):  38, ---, ---, 
[110.864s][info][gc,stats    ] Concurrent Evacuation             77714 us
[110.864s][info][gc,stats    ] Pause Init Update Refs (G)         6445 us
[110.864s][info][gc,stats    ] Pause Init Update Refs (N)           74 us
[110.864s][info][gc,stats    ]   Manage GCLABs                       4 us
[110.864s][info][gc,stats    ] Concurrent Update Refs           451528 us
[110.864s][info][gc,stats    ] Concurrent Update Thread Roots      483 us
[110.864s][info][gc,stats    ] Pause Final Update Refs (G)         431 us
[110.864s][info][gc,stats    ] Pause Final Update Refs (N)         353 us
[110.864s][info][gc,stats    ]   Update Region States              251 us
[110.864s][info][gc,stats    ]   Trash Collection Set               10 us
[110.864s][info][gc,stats    ]   Rebuild Free Set                   17 us
[110.864s][info][gc,stats    ] Concurrent Cleanup                  133 us
[110.864s][info][gc,stats    ] 
[110.864s][info][gc,stats    ] Allocation pacing accrued:
[110.864s][info][gc,stats    ]       0 of  1495 ms (  0.0%): <total>
[110.864s][info][gc,stats    ]       0 of  1495 ms (  0.0%): <average total>
[110.864s][info][gc,stats    ] 
[110.864s][info][gc,metaspace] Metaspace: 15972K(16256K)->15972K(16256K) NonClass: 13801K(13952K)->13801K(13952K) Class: 2170K(2304K)->2170K(2304K)
[110.864s][info][gc,ergo     ] Pacer for Idle. Initial: 41943K, Alloc Tax Rate: 1.0x
[110.873s][info][gc          ] Trigger: Explicit GC request (System.gc())
[110.873s][info][gc,ergo     ] Free: 1169M, Max: 1024K regular, 920M humongous, Frag: 22% external, 0% internal; Reserve: 103M, Max: 1024K
[110.873s][info][gc,start    ] GC(149) Concurrent reset
[110.873s][info][gc,task     ] GC(149) Using 1 of 3 workers for concurrent reset
[110.873s][info][gc,ergo     ] GC(149) Pacer for Reset. Non-Taxable: 2048M
[110.875s][info][gc          ] GC(149) Concurrent reset 2.626ms
[110.876s][info][gc,start    ] GC(149) Pause Init Mark (unload classes)
[110.876s][info][gc,task     ] GC(149) Using 3 of 3 workers for init marking
[110.876s][info][gc,ref      ] GC(149) Clearing All SoftReferences
[110.876s][info][gc,ergo     ] GC(149) Pacer for Mark. Expected Live: 118M, Free: 1169M, Non-Taxable: 116M, Alloc Tax Rate: 0.1x
[110.876s][info][gc          ] GC(149) Pause Init Mark (unload classes) 0.162ms
[110.876s][info][gc,start    ] GC(149) Concurrent marking roots
[110.876s][info][gc,task     ] GC(149) Using 1 of 3 workers for concurrent marking roots
[110.877s][info][gc          ] GC(149) Concurrent marking roots 0.841ms
[110.877s][info][gc,start    ] GC(149) Concurrent marking (unload classes)
[110.877s][info][gc,task     ] GC(149) Using 1 of 3 workers for concurrent marking
[110.881s][info][gc          ] GC(149) Concurrent marking (unload classes) 4.015ms
[110.881s][info][gc,start    ] GC(149) Pause Final Mark (unload classes)
[110.881s][info][gc,task     ] GC(149) Using 3 of 3 workers for final marking
[110.881s][info][gc,ergo     ] GC(149) Collectable Garbage: 729M (99%), Immediate: 729M (99%), CSet: 0B (0%)
[110.881s][info][gc          ] GC(149) Pause Final Mark (unload classes) 0.329ms
[110.881s][info][gc,start    ] GC(149) Concurrent weak references
[110.881s][info][gc,task     ] GC(149) Using 1 of 3 workers for concurrent weak references
[110.881s][info][gc,ref      ] GC(149) Encountered references: Soft: 178, Weak: 683, Final: 0, Phantom: 63
[110.881s][info][gc,ref      ] GC(149) Discovered  references: Soft: 127, Weak: 165, Final: 0, Phantom: 61
[110.881s][info][gc,ref      ] GC(149) Enqueued    references: Soft: 48, Weak: 0, Final: 0, Phantom: 0
[110.881s][info][gc          ] GC(149) Concurrent weak references 0.182ms
[110.881s][info][gc,start    ] GC(149) Concurrent weak roots
[110.881s][info][gc,task     ] GC(149) Using 1 of 3 workers for concurrent weak root
[110.883s][info][gc          ] GC(149) Concurrent weak roots 1.342ms
[110.883s][info][gc,start    ] GC(149) Concurrent cleanup
[110.883s][info][gc          ] GC(149) Concurrent cleanup 740M->10M(2048M) 0.057ms
[110.883s][info][gc,ergo     ] GC(149) Free: 1934M, Max: 1024K regular, 1007M humongous, Frag: 48% external, 0% internal; Reserve: 103M, Max: 1024K
[110.883s][info][gc,start    ] GC(149) Concurrent class unloading
[110.883s][info][gc,task     ] GC(149) Using 1 of 3 workers for concurrent class unloading
[110.887s][info][gc          ] GC(149) Concurrent class unloading 4.457ms
[110.887s][info][gc,start    ] GC(149) Pause Final Roots
[110.887s][info][gc          ] GC(149) Pause Final Roots 0.035ms
[110.887s][info][gc,ergo     ] Free: 1934M, Max: 1024K regular, 1007M humongous, Frag: 48% external, 0% internal; Reserve: 103M, Max: 1024K
[110.887s][info][gc,stats    ] 
[110.888s][info][gc,stats    ] All times are wall-clock times, except per-root-class counters, that are sum over
[110.888s][info][gc,stats    ] all workers. Dividing the <total> over the root stage time estimates parallelism.
[110.888s][info][gc,stats    ] 
[110.888s][info][gc,stats    ] Concurrent Reset                   2675 us
[110.888s][info][gc,stats    ] Pause Init Mark (G)                 267 us
[110.888s][info][gc,stats    ] Pause Init Mark (N)                 170 us
[110.888s][info][gc,stats    ]   Update Region States               68 us
[110.888s][info][gc,stats    ] Concurrent Mark Roots               866 us, parallelism: 0.77x
[110.888s][info][gc,stats    ]   CMR: <total>                      667 us
[110.888s][info][gc,stats    ]   CMR: Thread Roots                 577 us, workers (us): 577, ---, ---, 
[110.888s][info][gc,stats    ]   CMR: VM Strong Roots                8 us, workers (us):   8, ---, ---, 
[110.888s][info][gc,stats    ]   CMR: CLDG Roots                    83 us, workers (us):  83, ---, ---, 
[110.888s][info][gc,stats    ] Concurrent Marking                 4079 us
[110.888s][info][gc,stats    ] Pause Final Mark (G)                422 us
[110.888s][info][gc,stats    ] Pause Final Mark (N)                350 us
[110.888s][info][gc,stats    ]   Finish Mark                       116 us
[110.888s][info][gc,stats    ]   Update Region States               54 us
[110.888s][info][gc,stats    ]   Choose Collection Set              81 us
[110.888s][info][gc,stats    ]   Rebuild Free Set                   24 us
[110.888s][info][gc,stats    ] Concurrent Weak References          198 us, parallelism: 0.07x
[110.888s][info][gc,stats    ]   CWRF: <total>                      15 us
[110.888s][info][gc,stats    ]   CWRF: Weak References              15 us, workers (us):  15, ---, ---, 
[110.888s][info][gc,stats    ] Concurrent Weak Roots              1360 us
[110.888s][info][gc,stats    ]   Roots                            1255 us, parallelism: 0.93x
[110.888s][info][gc,stats    ]     CWR: <total>                   1168 us
[110.888s][info][gc,stats    ]     CWR: Code Cache Roots           982 us, workers (us): 982, ---, ---, 
[110.888s][info][gc,stats    ]     CWR: VM Weak Roots              177 us, workers (us): 177, ---, ---, 
[110.888s][info][gc,stats    ]     CWR: CLDG Roots                   9 us, workers (us):   9, ---, ---, 
[110.888s][info][gc,stats    ]   Rendezvous                         57 us
[110.888s][info][gc,stats    ] Concurrent Cleanup                   65 us
[110.888s][info][gc,stats    ] Concurrent Class Unloading         4522 us
[110.888s][info][gc,stats    ]   Unlink Stale                     4159 us
[110.888s][info][gc,stats    ]     System Dictionary                 5 us
[110.888s][info][gc,stats    ]     Weak Class Links                  0 us
[110.888s][info][gc,stats    ]     Code Roots                     4152 us
[110.888s][info][gc,stats    ]   Rendezvous                         57 us
[110.888s][info][gc,stats    ]   Purge Unlinked                    221 us
[110.888s][info][gc,stats    ]     Code Roots                      211 us
[110.888s][info][gc,stats    ]     CLDG                              9 us
[110.888s][info][gc,stats    ]     Exception Caches                  0 us
[110.888s][info][gc,stats    ] Pause Final Roots (G)               123 us
[110.888s][info][gc,stats    ] Pause Final Roots (N)                55 us
[110.888s][info][gc,stats    ] 
[110.888s][info][gc,stats    ] Allocation pacing accrued:
[110.888s][info][gc,stats    ]       0 of    24 ms (  0.0%): <total>
[110.888s][info][gc,stats    ]       0 of    24 ms (  0.0%): <average total>
[110.888s][info][gc,stats    ] 
[110.888s][info][gc,metaspace] Metaspace: 15972K(16256K)->15972K(16256K) NonClass: 13801K(13952K)->13801K(13952K) Class: 2170K(2304K)->2170K(2304K)
[110.888s][info][gc,ergo     ] Pacer for Idle. Initial: 41943K, Alloc Tax Rate: 1.0x
[111.454s][info][gc          ] Trigger: Learning 2 of 5. Free (1413M) is below initial threshold (1433M)
[111.454s][info][gc,ergo     ] Free: 1413M, Max: 1024K regular, 1007M humongous, Frag: 29% external, 0% internal; Reserve: 103M, Max: 1024K
[111.454s][info][gc,start    ] GC(150) Concurrent reset
[111.454s][info][gc,task     ] GC(150) Using 1 of 3 workers for concurrent reset
[111.454s][info][gc,ergo     ] GC(150) Pacer for Reset. Non-Taxable: 2048M
[111.455s][info][gc          ] GC(150) Concurrent reset 0.390ms
[111.455s][info][gc,start    ] GC(150) Pause Init Mark (unload classes)
[111.455s][info][gc,task     ] GC(150) Using 3 of 3 workers for init marking
[111.455s][info][gc,ergo     ] GC(150) Pacer for Mark. Expected Live: 82108K, Free: 1413M, Non-Taxable: 141M, Alloc Tax Rate: 0.1x
[111.455s][info][gc          ] GC(150) Pause Init Mark (unload classes) 0.199ms
[111.455s][info][gc,start    ] GC(150) Concurrent marking roots
[111.455s][info][gc,task     ] GC(150) Using 1 of 3 workers for concurrent marking roots
[111.455s][info][gc          ] GC(150) Concurrent marking roots 0.466ms
[111.456s][info][gc,start    ] GC(150) Concurrent marking (unload classes)
[111.456s][info][gc,task     ] GC(150) Using 1 of 3 workers for concurrent marking
[111.788s][info][gc          ] GC(150) Concurrent marking (unload classes) 332.158ms
[111.788s][info][gc,start    ] GC(150) Pause Final Mark (unload classes)
[111.788s][info][gc,task     ] GC(150) Using 3 of 3 workers for final marking
[111.788s][info][gc,ergo     ] GC(150) Adaptive CSet Selection. Target Free: 290M, Actual Free: 1250M, Max CSet: 87381K, Min Garbage: 0B
[111.788s][info][gc,ergo     ] GC(150) Collectable Garbage: 194M (60%), Immediate: 29338K (8%), CSet: 165M (51%)
[111.788s][info][gc,ergo     ] GC(150) Pacer for Evacuation. Used CSet: 251M, Free: 1161M, Non-Taxable: 116M, Alloc Tax Rate: 1.1x
[111.788s][info][gc          ] GC(150) Pause Final Mark (unload classes) 0.237ms
[111.788s][info][gc,start    ] GC(150) Concurrent thread roots
[111.788s][info][gc,task     ] GC(150) Using 1 of 3 workers for Concurrent thread roots
[111.789s][info][gc          ] GC(150) Concurrent thread roots 0.448ms
[111.789s][info][gc,start    ] GC(150) Concurrent weak references
[111.789s][info][gc,task     ] GC(150) Using 1 of 3 workers for concurrent weak references
[111.789s][info][gc,ref      ] GC(150) Encountered references: Soft: 133, Weak: 684, Final: 0, Phantom: 63
[111.789s][info][gc,ref      ] GC(150) Discovered  references: Soft: 0, Weak: 152, Final: 0, Phantom: 26
[111.789s][info][gc,ref      ] GC(150) Enqueued    references: Soft: 0, Weak: 0, Final: 0, Phantom: 0
[111.789s][info][gc          ] GC(150) Concurrent weak references 0.062ms
[111.789s][info][gc,start    ] GC(150) Concurrent weak roots
[111.789s][info][gc,task     ] GC(150) Using 1 of 3 workers for concurrent weak root
[111.804s][info][gc          ] GC(150) Concurrent weak roots 15.191ms
[111.804s][info][gc,start    ] GC(150) Concurrent cleanup
[111.804s][info][gc          ] GC(150) Concurrent cleanup 800M->771M(2048M) 0.043ms
[111.804s][info][gc,ergo     ] GC(150) Free: 1154M, Max: 1024K regular, 1115M humongous, Frag: 4% external, 0% internal; Reserve: 95232K, Max: 1024K
[111.804s][info][gc,start    ] GC(150) Concurrent class unloading
[111.804s][info][gc,task     ] GC(150) Using 1 of 3 workers for concurrent class unloading
[111.820s][info][gc          ] GC(150) Concurrent class unloading 15.839ms
[111.820s][info][gc,start    ] GC(150) Concurrent strong roots
[111.820s][info][gc,task     ] GC(150) Using 1 of 3 workers for concurrent strong root
[111.820s][info][gc          ] GC(150) Concurrent strong roots 0.095ms
[111.820s][info][gc,start    ] GC(150) Concurrent evacuation
[111.820s][info][gc,task     ] GC(150) Using 1 of 3 workers for concurrent evacuation
[111.899s][info][gc          ] GC(150) Concurrent evacuation 79.150ms
[111.900s][info][gc,start    ] GC(150) Pause Init Update Refs
[111.900s][info][gc,ergo     ] GC(150) Pacer for Update Refs. Used: 930M, Free: 1067M, Non-Taxable: 106M, Alloc Tax Rate: 1.1x
[111.900s][info][gc          ] GC(150) Pause Init Update Refs 0.093ms
[111.914s][info][gc,start    ] GC(150) Concurrent update references
[111.914s][info][gc,task     ] GC(150) Using 1 of 3 workers for concurrent reference update
[112.336s][info][gc          ] GC(150) Concurrent update references 422.489ms
[112.337s][info][gc,start    ] GC(150) Concurrent update thread roots
[112.337s][info][gc          ] GC(150) Concurrent update thread roots 0.430ms
[112.337s][info][gc,start    ] GC(150) Pause Final Update Refs
[112.337s][info][gc,task     ] GC(150) Using 3 of 3 workers for final reference update
[112.337s][info][gc          ] GC(150) Pause Final Update Refs 0.168ms
[112.337s][info][gc,start    ] GC(150) Concurrent cleanup
[112.337s][info][gc          ] GC(150) Concurrent cleanup 990M->739M(2048M) 0.105ms
[112.337s][info][gc,ergo     ] Free: 1170M, Max: 1024K regular, 921M humongous, Frag: 22% external, 0% internal; Reserve: 103M, Max: 1024K
[112.337s][info][gc,stats    ] 
[112.337s][info][gc,stats    ] All times are wall-clock times, except per-root-class counters, that are sum over
[112.337s][info][gc,stats    ] all workers. Dividing the <total> over the root stage time estimates parallelism.
[112.338s][info][gc,stats    ] 
[112.338s][info][gc,stats    ] Concurrent Reset                    441 us
[112.338s][info][gc,stats    ] Pause Init Mark (G)                 407 us
[112.338s][info][gc,stats    ] Pause Init Mark (N)                 209 us
[112.338s][info][gc,stats    ]   Update Region States               81 us
[112.338s][info][gc,stats    ] Concurrent Mark Roots               485 us, parallelism: 0.72x
[112.338s][info][gc,stats    ]   CMR: <total>                      352 us
[112.338s][info][gc,stats    ]   CMR: Thread Roots                 312 us, workers (us): 312, ---, ---, 
[112.338s][info][gc,stats    ]   CMR: VM Strong Roots                5 us, workers (us):   5, ---, ---, 
[112.338s][info][gc,stats    ]   CMR: CLDG Roots                    35 us, workers (us):  35, ---, ---, 
[112.338s][info][gc,stats    ] Concurrent Marking               332229 us
[112.338s][info][gc,stats    ] Pause Final Mark (G)                638 us
[112.338s][info][gc,stats    ] Pause Final Mark (N)                246 us
[112.338s][info][gc,stats    ]   Finish Mark                        51 us
[112.338s][info][gc,stats    ]   Update Region States               31 us
[112.338s][info][gc,stats    ]   Choose Collection Set             113 us
[112.338s][info][gc,stats    ]   Rebuild Free Set                    9 us
[112.338s][info][gc,stats    ] Concurrent Thread Roots             466 us, parallelism: 0.86x
[112.338s][info][gc,stats    ]   CTR: <total>                      401 us
[112.338s][info][gc,stats    ]   CTR: Thread Roots                 401 us, workers (us): 401, ---, ---, 
[112.338s][info][gc,stats    ] Concurrent Weak References           68 us, parallelism: 0.17x
[112.338s][info][gc,stats    ]   CWRF: <total>                      12 us
[112.338s][info][gc,stats    ]   CWRF: Weak References              12 us, workers (us):  12, ---, ---, 
[112.338s][info][gc,stats    ] Concurrent Weak Roots             15259 us
[112.338s][info][gc,stats    ]   Roots                             947 us, parallelism: 0.97x
[112.338s][info][gc,stats    ]     CWR: <total>                    917 us
[112.338s][info][gc,stats    ]     CWR: Code Cache Roots           825 us, workers (us): 825, ---, ---, 
[112.338s][info][gc,stats    ]     CWR: VM Weak Roots               85 us, workers (us):  85, ---, ---, 
[112.338s][info][gc,stats    ]     CWR: CLDG Roots                   6 us, workers (us):   6, ---, ---, 
[112.338s][info][gc,stats    ]   Rendezvous                      14225 us
[112.338s][info][gc,stats    ] Concurrent Cleanup                   51 us
[112.338s][info][gc,stats    ] Concurrent Class Unloading        15900 us
[112.338s][info][gc,stats    ]   Unlink Stale                     4424 us
[112.338s][info][gc,stats    ]     System Dictionary                12 us
[112.338s][info][gc,stats    ]     Weak Class Links                  0 us
[112.338s][info][gc,stats    ]     Code Roots                     4409 us
[112.338s][info][gc,stats    ]   Rendezvous                      11090 us
[112.338s][info][gc,stats    ]   Purge Unlinked                    305 us
[112.338s][info][gc,stats    ]     Code Roots                      299 us
[112.338s][info][gc,stats    ]     CLDG                              6 us
[112.338s][info][gc,stats    ]     Exception Caches                  0 us
[112.338s][info][gc,stats    ] Concurrent Strong Roots             104 us, parallelism: 0.42x
[112.338s][info][gc,stats    ]   CSR: <total>                       44 us
[112.338s][info][gc,stats    ]   CSR: VM Strong Roots                4 us, workers (us):   4, ---, ---, 
[112.338s][info][gc,stats    ]   CSR: CLDG Roots                    40 us, workers (us):  40, ---, ---, 
[112.338s][info][gc,stats    ] Concurrent Evacuation             79222 us
[112.338s][info][gc,stats    ] Pause Init Update Refs (G)        14447 us
[112.338s][info][gc,stats    ] Pause Init Update Refs (N)          101 us
[112.338s][info][gc,stats    ]   Manage GCLABs                       4 us
[112.338s][info][gc,stats    ] Concurrent Update Refs           422571 us
[112.338s][info][gc,stats    ] Concurrent Update Thread Roots      480 us
[112.338s][info][gc,stats    ] Pause Final Update Refs (G)         257 us
[112.338s][info][gc,stats    ] Pause Final Update Refs (N)         180 us
[112.338s][info][gc,stats    ]   Update Region States               70 us
[112.338s][info][gc,stats    ]   Trash Collection Set               10 us
[112.338s][info][gc,stats    ]   Rebuild Free Set                   22 us
[112.338s][info][gc,stats    ] Concurrent Cleanup                  131 us
[112.338s][info][gc,stats    ] 
[112.338s][info][gc,stats    ] Allocation pacing accrued:
[112.338s][info][gc,stats    ]       0 of  1450 ms (  0.0%): <total>
[112.338s][info][gc,stats    ]       0 of  1450 ms (  0.0%): <average total>
[112.338s][info][gc,stats    ] 
[112.338s][info][gc,metaspace] Metaspace: 15972K(16256K)->15972K(16256K) NonClass: 13801K(13952K)->13801K(13952K) Class: 2170K(2304K)->2170K(2304K)
[112.338s][info][gc,ergo     ] Pacer for Idle. Initial: 41943K, Alloc Tax Rate: 1.0x
[112.349s][info][gc          ] Trigger: Explicit GC request (System.gc())
[112.349s][info][gc,ergo     ] Free: 1170M, Max: 1024K regular, 921M humongous, Frag: 22% external, 0% internal; Reserve: 103M, Max: 1024K
[112.349s][info][gc,start    ] GC(151) Concurrent reset
[112.349s][info][gc,task     ] GC(151) Using 1 of 3 workers for concurrent reset
[112.349s][info][gc,ergo     ] GC(151) Pacer for Reset. Non-Taxable: 2048M
[112.351s][info][gc          ] GC(151) Concurrent reset 2.382ms
[112.351s][info][gc,start    ] GC(151) Pause Init Mark (unload classes)
[112.351s][info][gc,task     ] GC(151) Using 3 of 3 workers for init marking
[112.351s][info][gc,ref      ] GC(151) Clearing All SoftReferences
[112.351s][info][gc,ergo     ] GC(151) Pacer for Mark. Expected Live: 118M, Free: 1170M, Non-Taxable: 117M, Alloc Tax Rate: 0.1x
[112.351s][info][gc          ] GC(151) Pause Init Mark (unload classes) 0.125ms
[112.351s][info][gc,start    ] GC(151) Concurrent marking roots
[112.351s][info][gc,task     ] GC(151) Using 1 of 3 workers for concurrent marking roots
[112.352s][info][gc          ] GC(151) Concurrent marking roots 0.461ms
[112.352s][info][gc,start    ] GC(151) Concurrent marking (unload classes)
[112.352s][info][gc,task     ] GC(151) Using 1 of 3 workers for concurrent marking
[112.357s][info][gc          ] GC(151) Concurrent marking (unload classes) 4.906ms
[112.357s][info][gc,start    ] GC(151) Pause Final Mark (unload classes)
[112.357s][info][gc,task     ] GC(151) Using 3 of 3 workers for final marking
[112.357s][info][gc,ergo     ] GC(151) Collectable Garbage: 728M (99%), Immediate: 728M (99%), CSet: 0B (0%)
[112.357s][info][gc          ] GC(151) Pause Final Mark (unload classes) 0.331ms
[112.357s][info][gc,start    ] GC(151) Concurrent weak references
[112.357s][info][gc,task     ] GC(151) Using 1 of 3 workers for concurrent weak references
[112.357s][info][gc,ref      ] GC(151) Encountered references: Soft: 178, Weak: 683, Final: 0, Phantom: 63
[112.357s][info][gc,ref      ] GC(151) Discovered  references: Soft: 127, Weak: 165, Final: 0, Phantom: 61
[112.357s][info][gc,ref      ] GC(151) Enqueued    references: Soft: 48, Weak: 0, Final: 0, Phantom: 0
[112.357s][info][gc          ] GC(151) Concurrent weak references 0.181ms
[112.357s][info][gc,start    ] GC(151) Concurrent weak roots
[112.357s][info][gc,task     ] GC(151) Using 1 of 3 workers for concurrent weak root
[112.359s][info][gc          ] GC(151) Concurrent weak roots 1.305ms
[112.359s][info][gc,start    ] GC(151) Concurrent cleanup
[112.359s][info][gc          ] GC(151) Concurrent cleanup 739M->11M(2048M) 0.056ms
[112.359s][info][gc,ergo     ] GC(151) Free: 1934M, Max: 1024K regular, 1007M humongous, Frag: 48% external, 0% internal; Reserve: 103M, Max: 1024K
[112.359s][info][gc,start    ] GC(151) Concurrent class unloading
[112.359s][info][gc,task     ] GC(151) Using 1 of 3 workers for concurrent class unloading
[112.363s][info][gc          ] GC(151) Concurrent class unloading 4.367ms
[112.363s][info][gc,start    ] GC(151) Pause Final Roots
[112.363s][info][gc          ] GC(151) Pause Final Roots 0.035ms
[112.363s][info][gc,ergo     ] Free: 1934M, Max: 1024K regular, 1007M humongous, Frag: 48% external, 0% internal; Reserve: 103M, Max: 1024K
[112.363s][info][gc,stats    ] 
[112.364s][info][gc,stats    ] All times are wall-clock times, except per-root-class counters, that are sum over
[112.364s][info][gc,stats    ] all workers. Dividing the <total> over the root stage time estimates parallelism.
[112.364s][info][gc,stats    ] 
[112.364s][info][gc,stats    ] Concurrent Reset                   2420 us
[112.364s][info][gc,stats    ] Pause Init Mark (G)                 210 us
[112.364s][info][gc,stats    ] Pause Init Mark (N)                 134 us
[112.364s][info][gc,stats    ]   Update Region States               54 us
[112.364s][info][gc,stats    ] Concurrent Mark Roots               481 us, parallelism: 0.71x
[112.364s][info][gc,stats    ]   CMR: <total>                      342 us
[112.364s][info][gc,stats    ]   CMR: Thread Roots                 297 us, workers (us): 297, ---, ---, 
[112.364s][info][gc,stats    ]   CMR: VM Strong Roots                4 us, workers (us):   4, ---, ---, 
[112.364s][info][gc,stats    ]   CMR: CLDG Roots                    40 us, workers (us):  40, ---, ---, 
[112.364s][info][gc,stats    ] Concurrent Marking                 4972 us
[112.364s][info][gc,stats    ] Pause Final Mark (G)                423 us
[112.364s][info][gc,stats    ] Pause Final Mark (N)                351 us
[112.364s][info][gc,stats    ]   Finish Mark                       115 us
[112.364s][info][gc,stats    ]   Update Region States               53 us
[112.364s][info][gc,stats    ]   Choose Collection Set              84 us
[112.364s][info][gc,stats    ]   Rebuild Free Set                   24 us
[112.364s][info][gc,stats    ] Concurrent Weak References          197 us, parallelism: 0.07x
[112.364s][info][gc,stats    ]   CWRF: <total>                      13 us
[112.364s][info][gc,stats    ]   CWRF: Weak References              13 us, workers (us):  13, ---, ---, 
[112.364s][info][gc,stats    ] Concurrent Weak Roots              1322 us
[112.364s][info][gc,stats    ]   Roots                            1206 us, parallelism: 0.93x
[112.364s][info][gc,stats    ]     CWR: <total>                   1119 us
[112.364s][info][gc,stats    ]     CWR: Code Cache Roots           924 us, workers (us): 924, ---, ---, 
[112.364s][info][gc,stats    ]     CWR: VM Weak Roots              188 us, workers (us): 188, ---, ---, 
[112.364s][info][gc,stats    ]     CWR: CLDG Roots                   6 us, workers (us):   6, ---, ---, 
[112.364s][info][gc,stats    ]   Rendezvous                         68 us
[112.364s][info][gc,stats    ] Concurrent Cleanup                   68 us
[112.364s][info][gc,stats    ] Concurrent Class Unloading         4432 us
[112.364s][info][gc,stats    ]   Unlink Stale                     4084 us
[112.364s][info][gc,stats    ]     System Dictionary                 7 us
[112.364s][info][gc,stats    ]     Weak Class Links                  0 us
[112.364s][info][gc,stats    ]     Code Roots                     4075 us
[112.364s][info][gc,stats    ]   Rendezvous                         56 us
[112.364s][info][gc,stats    ]   Purge Unlinked                    191 us
[112.364s][info][gc,stats    ]     Code Roots                      181 us
[112.364s][info][gc,stats    ]     CLDG                              9 us
[112.364s][info][gc,stats    ]     Exception Caches                  0 us
[112.364s][info][gc,stats    ] Pause Final Roots (G)               124 us
[112.364s][info][gc,stats    ] Pause Final Roots (N)                55 us
[112.364s][info][gc,stats    ] 
[112.364s][info][gc,stats    ] Allocation pacing accrued:
[112.364s][info][gc,stats    ]       0 of    26 ms (  0.0%): <total>
[112.364s][info][gc,stats    ]       0 of    26 ms (  0.0%): <average total>
[112.364s][info][gc,stats    ] 
[112.364s][info][gc,metaspace] Metaspace: 15972K(16256K)->15972K(16256K) NonClass: 13801K(13952K)->13801K(13952K) Class: 2170K(2304K)->2170K(2304K)
[112.364s][info][gc,ergo     ] Pacer for Idle. Initial: 41943K, Alloc Tax Rate: 1.0x
[112.929s][info][gc          ] Trigger: Learning 2 of 5. Free (1414M) is below initial threshold (1433M)
[112.929s][info][gc,ergo     ] Free: 1414M, Max: 1024K regular, 1007M humongous, Frag: 29% external, 0% internal; Reserve: 103M, Max: 1024K
[112.929s][info][gc,start    ] GC(152) Concurrent reset
[112.929s][info][gc,task     ] GC(152) Using 1 of 3 workers for concurrent reset
[112.929s][info][gc,ergo     ] GC(152) Pacer for Reset. Non-Taxable: 2048M
[112.929s][info][gc          ] GC(152) Concurrent reset 0.322ms
[112.929s][info][gc,start    ] GC(152) Pause Init Mark (unload classes)
[112.930s][info][gc,task     ] GC(152) Using 3 of 3 workers for init marking
[112.930s][info][gc,ergo     ] GC(152) Pacer for Mark. Expected Live: 82168K, Free: 1414M, Non-Taxable: 141M, Alloc Tax Rate: 0.1x
[112.930s][info][gc          ] GC(152) Pause Init Mark (unload classes) 0.239ms
[112.930s][info][gc,start    ] GC(152) Concurrent marking roots
[112.930s][info][gc,task     ] GC(152) Using 1 of 3 workers for concurrent marking roots
[112.930s][info][gc          ] GC(152) Concurrent marking roots 0.506ms
[112.930s][info][gc,start    ] GC(152) Concurrent marking (unload classes)
[112.930s][info][gc,task     ] GC(152) Using 1 of 3 workers for concurrent marking
[113.259s][info][gc          ] GC(152) Concurrent marking (unload classes) 328.693ms
[113.259s][info][gc,start    ] GC(152) Pause Final Mark (unload classes)
[113.259s][info][gc,task     ] GC(152) Using 3 of 3 workers for final marking
[113.259s][info][gc,ergo     ] GC(152) Adaptive CSet Selection. Target Free: 290M, Actual Free: 1261M, Max CSet: 87381K, Min Garbage: 0B
[113.259s][info][gc,ergo     ] GC(152) Collectable Garbage: 194M (60%), Immediate: 29760K (9%), CSet: 165M (51%)
[113.259s][info][gc,ergo     ] GC(152) Pacer for Evacuation. Used CSet: 251M, Free: 1170M, Non-Taxable: 117M, Alloc Tax Rate: 1.1x
[113.259s][info][gc          ] GC(152) Pause Final Mark (unload classes) 0.240ms
[113.275s][info][gc,start    ] GC(152) Concurrent thread roots
[113.275s][info][gc,task     ] GC(152) Using 1 of 3 workers for Concurrent thread roots
[113.275s][info][gc          ] GC(152) Concurrent thread roots 0.495ms
[113.275s][info][gc,start    ] GC(152) Concurrent weak references
[113.275s][info][gc,task     ] GC(152) Using 1 of 3 workers for concurrent weak references
[113.275s][info][gc,ref      ] GC(152) Encountered references: Soft: 133, Weak: 684, Final: 0, Phantom: 63
[113.275s][info][gc,ref      ] GC(152) Discovered  references: Soft: 0, Weak: 152, Final: 0, Phantom: 26
[113.275s][info][gc,ref      ] GC(152) Enqueued    references: Soft: 0, Weak: 0, Final: 0, Phantom: 0
[113.275s][info][gc          ] GC(152) Concurrent weak references 0.072ms
[113.275s][info][gc,start    ] GC(152) Concurrent weak roots
[113.275s][info][gc,task     ] GC(152) Using 1 of 3 workers for concurrent weak root
[113.290s][info][gc          ] GC(152) Concurrent weak roots 15.007ms
[113.290s][info][gc,start    ] GC(152) Concurrent cleanup
[113.290s][info][gc          ] GC(152) Concurrent cleanup 814M->784M(2048M) 0.036ms
[113.290s][info][gc,ergo     ] GC(152) Free: 1146M, Max: 1024K regular, 1107M humongous, Frag: 4% external, 0% internal; Reserve: 88064K, Max: 1024K
[113.290s][info][gc,start    ] GC(152) Concurrent class unloading
[113.290s][info][gc,task     ] GC(152) Using 1 of 3 workers for concurrent class unloading
[113.306s][info][gc          ] GC(152) Concurrent class unloading 15.812ms
[113.306s][info][gc,start    ] GC(152) Concurrent strong roots
[113.306s][info][gc,task     ] GC(152) Using 1 of 3 workers for concurrent strong root
[113.306s][info][gc          ] GC(152) Concurrent strong roots 0.092ms
[113.306s][info][gc,start    ] GC(152) Concurrent evacuation
[113.306s][info][gc,task     ] GC(152) Using 1 of 3 workers for concurrent evacuation
[113.387s][info][gc          ] GC(152) Concurrent evacuation 80.746ms
[113.401s][info][gc,start    ] GC(152) Pause Init Update Refs
[113.401s][info][gc,ergo     ] GC(152) Pacer for Update Refs. Used: 936M, Free: 1062M, Non-Taxable: 106M, Alloc Tax Rate: 1.1x
[113.401s][info][gc          ] GC(152) Pause Init Update Refs 0.155ms
[113.402s][info][gc,start    ] GC(152) Concurrent update references
[113.402s][info][gc,task     ] GC(152) Using 1 of 3 workers for concurrent reference update
[113.819s][info][gc          ] GC(152) Concurrent update references 417.943ms
[113.820s][info][gc,start    ] GC(152) Concurrent update thread roots
[113.820s][info][gc          ] GC(152) Concurrent update thread roots 0.802ms
[113.820s][info][gc,start    ] GC(152) Pause Final Update Refs
[113.821s][info][gc,task     ] GC(152) Using 3 of 3 workers for final reference update
[113.821s][info][gc          ] GC(152) Pause Final Update Refs 0.228ms
[113.821s][info][gc,start    ] GC(152) Concurrent cleanup
[113.821s][info][gc          ] GC(152) Concurrent cleanup 988M->737M(2048M) 0.050ms
[113.821s][info][gc,ergo     ] Free: 1172M, Max: 1024K regular, 923M humongous, Frag: 22% external, 0% internal; Reserve: 103M, Max: 1024K
[113.821s][info][gc,stats    ] 
[113.821s][info][gc,stats    ] All times are wall-clock times, except per-root-class counters, that are sum over
[113.821s][info][gc,stats    ] all workers. Dividing the <total> over the root stage time estimates parallelism.
[113.821s][info][gc,stats    ] 
[113.821s][info][gc,stats    ] Concurrent Reset                    361 us
[113.821s][info][gc,stats    ] Pause Init Mark (G)                 420 us
[113.821s][info][gc,stats    ] Pause Init Mark (N)                 261 us
[113.821s][info][gc,stats    ]   Update Region States              102 us
[113.821s][info][gc,stats    ] Concurrent Mark Roots               544 us, parallelism: 0.65x
[113.821s][info][gc,stats    ]   CMR: <total>                      354 us
[113.821s][info][gc,stats    ]   CMR: Thread Roots                 312 us, workers (us): 312, ---, ---, 
[113.821s][info][gc,stats    ]   CMR: VM Strong Roots                5 us, workers (us):   5, ---, ---, 
[113.821s][info][gc,stats    ]   CMR: CLDG Roots                    38 us, workers (us):  38, ---, ---, 
[113.821s][info][gc,stats    ] Concurrent Marking               328756 us
[113.821s][info][gc,stats    ] Pause Final Mark (G)              15610 us
[113.821s][info][gc,stats    ] Pause Final Mark (N)                249 us
[113.821s][info][gc,stats    ]   Finish Mark                        43 us
[113.821s][info][gc,stats    ]   Update Region States               35 us
[113.821s][info][gc,stats    ]   Choose Collection Set              85 us
[113.821s][info][gc,stats    ]   Rebuild Free Set                    9 us
[113.821s][info][gc,stats    ] Concurrent Thread Roots             519 us, parallelism: 0.73x
[113.821s][info][gc,stats    ]   CTR: <total>                      381 us
[113.821s][info][gc,stats    ]   CTR: Thread Roots                 381 us, workers (us): 381, ---, ---, 
[113.821s][info][gc,stats    ] Concurrent Weak References           79 us, parallelism: 0.21x
[113.821s][info][gc,stats    ]   CWRF: <total>                      16 us
[113.821s][info][gc,stats    ]   CWRF: Weak References              16 us, workers (us):  16, ---, ---, 
[113.821s][info][gc,stats    ] Concurrent Weak Roots             15079 us
[113.821s][info][gc,stats    ]   Roots                            1131 us, parallelism: 0.95x
[113.821s][info][gc,stats    ]     CWR: <total>                   1079 us
[113.821s][info][gc,stats    ]     CWR: Code Cache Roots           979 us, workers (us): 979, ---, ---, 
[113.821s][info][gc,stats    ]     CWR: VM Weak Roots               92 us, workers (us):  92, ---, ---, 
[113.821s][info][gc,stats    ]     CWR: CLDG Roots                   8 us, workers (us):   8, ---, ---, 
[113.821s][info][gc,stats    ]   Rendezvous                      13855 us
[113.821s][info][gc,stats    ] Concurrent Cleanup                   45 us
[113.821s][info][gc,stats    ] Concurrent Class Unloading        15871 us
[113.821s][info][gc,stats    ]   Unlink Stale                     4252 us
[113.821s][info][gc,stats    ]     System Dictionary                10 us
[113.821s][info][gc,stats    ]     Weak Class Links                  0 us
[113.821s][info][gc,stats    ]     Code Roots                     4239 us
[113.821s][info][gc,stats    ]   Rendezvous                      11232 us
[113.821s][info][gc,stats    ]   Purge Unlinked                    306 us
[113.821s][info][gc,stats    ]     Code Roots                      300 us
[113.821s][info][gc,stats    ]     CLDG                              6 us
[113.821s][info][gc,stats    ]     Exception Caches                  0 us
[113.821s][info][gc,stats    ] Concurrent Strong Roots             112 us, parallelism: 0.37x
[113.821s][info][gc,stats    ]   CSR: <total>                       41 us
[113.821s][info][gc,stats    ]   CSR: VM Strong Roots                5 us, workers (us):   5, ---, ---, 
[113.821s][info][gc,stats    ]   CSR: CLDG Roots                    37 us, workers (us):  37, ---, ---, 
[113.821s][info][gc,stats    ] Concurrent Evacuation             80862 us
[113.821s][info][gc,stats    ] Pause Init Update Refs (G)        14193 us
[113.821s][info][gc,stats    ] Pause Init Update Refs (N)          178 us
[113.821s][info][gc,stats    ]   Manage GCLABs                       9 us
[113.821s][info][gc,stats    ] Concurrent Update Refs           418023 us
[113.821s][info][gc,stats    ] Concurrent Update Thread Roots      851 us
[113.821s][info][gc,stats    ] Pause Final Update Refs (G)         354 us
[113.821s][info][gc,stats    ] Pause Final Update Refs (N)         265 us
[113.821s][info][gc,stats    ]   Update Region States              108 us
[113.821s][info][gc,stats    ]   Trash Collection Set               10 us
[113.821s][info][gc,stats    ]   Rebuild Free Set                   20 us
[113.821s][info][gc,stats    ] Concurrent Cleanup                   59 us
[113.821s][info][gc,stats    ] 
[113.821s][info][gc,stats    ] Allocation pacing accrued:
[113.821s][info][gc,stats    ]       0 of  1457 ms (  0.0%): <total>
[113.821s][info][gc,stats    ]       0 of  1457 ms (  0.0%): <average total>
[113.821s][info][gc,stats    ] 
[113.821s][info][gc,metaspace] Metaspace: 15972K(16256K)->15972K(16256K) NonClass: 13801K(13952K)->13801K(13952K) Class: 2170K(2304K)->2170K(2304K)
[113.821s][info][gc,ergo     ] Pacer for Idle. Initial: 41943K, Alloc Tax Rate: 1.0x
[113.825s][info][gc          ] Trigger: Explicit GC request (System.gc())
[113.825s][info][gc,ergo     ] Free: 1172M, Max: 1024K regular, 923M humongous, Frag: 22% external, 0% internal; Reserve: 103M, Max: 1024K
[113.825s][info][gc,start    ] GC(153) Concurrent reset
[113.825s][info][gc,task     ] GC(153) Using 1 of 3 workers for concurrent reset
[113.826s][info][gc,ergo     ] GC(153) Pacer for Reset. Non-Taxable: 2048M
[113.827s][info][gc          ] GC(153) Concurrent reset 1.970ms
[113.828s][info][gc,start    ] GC(153) Pause Init Mark (unload classes)
[113.828s][info][gc,task     ] GC(153) Using 3 of 3 workers for init marking
[113.828s][info][gc,ref      ] GC(153) Clearing All SoftReferences
[113.828s][info][gc,ergo     ] GC(153) Pacer for Mark. Expected Live: 118M, Free: 1172M, Non-Taxable: 117M, Alloc Tax Rate: 0.1x
[113.828s][info][gc          ] GC(153) Pause Init Mark (unload classes) 0.201ms
[113.828s][info][gc,start    ] GC(153) Concurrent marking roots
[113.828s][info][gc,task     ] GC(153) Using 1 of 3 workers for concurrent marking roots
[113.828s][info][gc          ] GC(153) Concurrent marking roots 0.523ms
[113.828s][info][gc,start    ] GC(153) Concurrent marking (unload classes)
[113.828s][info][gc,task     ] GC(153) Using 1 of 3 workers for concurrent marking
[113.833s][info][gc          ] GC(153) Concurrent marking (unload classes) 4.614ms
[113.833s][info][gc,start    ] GC(153) Pause Final Mark (unload classes)
[113.833s][info][gc,task     ] GC(153) Using 3 of 3 workers for final marking
[113.833s][info][gc,ergo     ] GC(153) Collectable Garbage: 724M (98%), Immediate: 724M (98%), CSet: 0B (0%)
[113.834s][info][gc          ] GC(153) Pause Final Mark (unload classes) 0.423ms
[113.834s][info][gc,start    ] GC(153) Concurrent weak references
[113.834s][info][gc,task     ] GC(153) Using 1 of 3 workers for concurrent weak references
[113.834s][info][gc,ref      ] GC(153) Encountered references: Soft: 178, Weak: 683, Final: 0, Phantom: 63
[113.834s][info][gc,ref      ] GC(153) Discovered  references: Soft: 127, Weak: 165, Final: 0, Phantom: 61
[113.834s][info][gc,ref      ] GC(153) Enqueued    references: Soft: 48, Weak: 0, Final: 0, Phantom: 0
[113.834s][info][gc          ] GC(153) Concurrent weak references 0.167ms
[113.834s][info][gc,start    ] GC(153) Concurrent weak roots
[113.834s][info][gc,task     ] GC(153) Using 1 of 3 workers for concurrent weak root
[113.835s][info][gc          ] GC(153) Concurrent weak roots 0.960ms
[113.835s][info][gc,start    ] GC(153) Concurrent cleanup
[113.835s][info][gc          ] GC(153) Concurrent cleanup 737M->13M(2048M) 0.060ms
[113.835s][info][gc,ergo     ] GC(153) Free: 1932M, Max: 1024K regular, 1007M humongous, Frag: 48% external, 0% internal; Reserve: 103M, Max: 1024K
[113.835s][info][gc,start    ] GC(153) Concurrent class unloading
[113.835s][info][gc,task     ] GC(153) Using 1 of 3 workers for concurrent class unloading
[113.839s][info][gc          ] GC(153) Concurrent class unloading 4.251ms
[113.839s][info][gc,start    ] GC(153) Pause Final Roots
[113.839s][info][gc          ] GC(153) Pause Final Roots 0.053ms
[113.839s][info][gc,ergo     ] Free: 1932M, Max: 1024K regular, 1007M humongous, Frag: 48% external, 0% internal; Reserve: 103M, Max: 1024K
[113.840s][info][gc,stats    ] 
[113.840s][info][gc,stats    ] All times are wall-clock times, except per-root-class counters, that are sum over
[113.840s][info][gc,stats    ] all workers. Dividing the <total> over the root stage time estimates parallelism.
[113.840s][info][gc,stats    ] 
[113.840s][info][gc,stats    ] Concurrent Reset                   1994 us
[113.840s][info][gc,stats    ] Pause Init Mark (G)                 357 us
[113.840s][info][gc,stats    ] Pause Init Mark (N)                 210 us
[113.840s][info][gc,stats    ]   Update Region States               82 us
[113.840s][info][gc,stats    ] Concurrent Mark Roots               572 us, parallelism: 0.63x
[113.840s][info][gc,stats    ]   CMR: <total>                      362 us
[113.840s][info][gc,stats    ]   CMR: Thread Roots                 308 us, workers (us): 308, ---, ---, 
[113.840s][info][gc,stats    ]   CMR: VM Strong Roots               14 us, workers (us):  14, ---, ---, 
[113.840s][info][gc,stats    ]   CMR: CLDG Roots                    40 us, workers (us):  40, ---, ---, 
[113.840s][info][gc,stats    ] Concurrent Marking                 4679 us
[113.840s][info][gc,stats    ] Pause Final Mark (G)                570 us
[113.840s][info][gc,stats    ] Pause Final Mark (N)                448 us
[113.840s][info][gc,stats    ]   Finish Mark                       147 us
[113.840s][info][gc,stats    ]   Update Region States               73 us
[113.840s][info][gc,stats    ]   Choose Collection Set              99 us
[113.840s][info][gc,stats    ]   Rebuild Free Set                   25 us
[113.840s][info][gc,stats    ] Concurrent Weak References          175 us, parallelism: 0.18x
[113.840s][info][gc,stats    ]   CWRF: <total>                      31 us
[113.840s][info][gc,stats    ]   CWRF: Weak References              31 us, workers (us):  31, ---, ---, 
[113.840s][info][gc,stats    ] Concurrent Weak Roots               996 us
[113.840s][info][gc,stats    ]   Roots                             885 us, parallelism: 0.92x
[113.840s][info][gc,stats    ]     CWR: <total>                    816 us
[113.840s][info][gc,stats    ]     CWR: Code Cache Roots           729 us, workers (us): 729, ---, ---, 
[113.840s][info][gc,stats    ]     CWR: VM Weak Roots               84 us, workers (us):  84, ---, ---, 
[113.840s][info][gc,stats    ]     CWR: CLDG Roots                   4 us, workers (us):   4, ---, ---, 
[113.840s][info][gc,stats    ]   Rendezvous                         58 us
[113.840s][info][gc,stats    ] Concurrent Cleanup                   69 us
[113.840s][info][gc,stats    ] Concurrent Class Unloading         4316 us
[113.840s][info][gc,stats    ]   Unlink Stale                     3731 us
[113.840s][info][gc,stats    ]     System Dictionary                 6 us
[113.840s][info][gc,stats    ]     Weak Class Links                  0 us
[113.840s][info][gc,stats    ]     Code Roots                     3723 us
[113.840s][info][gc,stats    ]   Rendezvous                        211 us
[113.840s][info][gc,stats    ]   Purge Unlinked                    288 us
[113.840s][info][gc,stats    ]     Code Roots                      278 us
[113.840s][info][gc,stats    ]     CLDG                              9 us
[113.840s][info][gc,stats    ]     Exception Caches                  0 us
[113.840s][info][gc,stats    ] Pause Final Roots (G)               196 us
[113.840s][info][gc,stats    ] Pause Final Roots (N)                75 us
[113.840s][info][gc,stats    ] 
[113.840s][info][gc,stats    ] Allocation pacing accrued:
[113.840s][info][gc,stats    ]       0 of    19 ms (  0.0%): <total>
[113.840s][info][gc,stats    ]       0 of    19 ms (  0.0%): <average total>
[113.840s][info][gc,stats    ] 
[113.840s][info][gc,metaspace] Metaspace: 15972K(16256K)->15972K(16256K) NonClass: 13801K(13952K)->13801K(13952K) Class: 2170K(2304K)->2170K(2304K)
[113.840s][info][gc,ergo     ] Pacer for Idle. Initial: 41943K, Alloc Tax Rate: 1.0x
[114.407s][info][gc          ] Trigger: Learning 2 of 5. Free (1411M) is below initial threshold (1433M)
[114.407s][info][gc,ergo     ] Free: 1411M, Max: 1024K regular, 1007M humongous, Frag: 29% external, 0% internal; Reserve: 103M, Max: 1024K
[114.409s][info][gc,start    ] GC(154) Concurrent reset
[114.409s][info][gc,task     ] GC(154) Using 1 of 3 workers for concurrent reset
[114.410s][info][gc,ergo     ] GC(154) Pacer for Reset. Non-Taxable: 2048M
[114.410s][info][gc          ] GC(154) Concurrent reset 0.208ms
[114.438s][info][gc,start    ] GC(154) Pause Init Mark (unload classes)
[114.438s][info][gc,task     ] GC(154) Using 3 of 3 workers for init marking
[114.439s][info][gc,ergo     ] GC(154) Pacer for Mark. Expected Live: 82393K, Free: 1410M, Non-Taxable: 141M, Alloc Tax Rate: 0.1x
[114.439s][info][gc          ] GC(154) Pause Init Mark (unload classes) 0.273ms
[114.439s][info][gc,start    ] GC(154) Concurrent marking roots
[114.439s][info][gc,task     ] GC(154) Using 1 of 3 workers for concurrent marking roots
[114.440s][info][gc          ] GC(154) Concurrent marking roots 0.984ms
[114.440s][info][gc,start    ] GC(154) Concurrent marking (unload classes)
[114.440s][info][gc,task     ] GC(154) Using 1 of 3 workers for concurrent marking
[114.848s][info][gc          ] GC(154) Concurrent marking (unload classes) 408.262ms
[114.848s][info][gc,start    ] GC(154) Pause Final Mark (unload classes)
[114.848s][info][gc,task     ] GC(154) Using 3 of 3 workers for final marking
[114.848s][info][gc,ergo     ] GC(154) Adaptive CSet Selection. Target Free: 290M, Actual Free: 1165M, Max CSet: 87381K, Min Garbage: 0B
[114.848s][info][gc,ergo     ] GC(154) Collectable Garbage: 197M (61%), Immediate: 28800K (8%), CSet: 169M (52%)
[114.848s][info][gc,ergo     ] GC(154) Pacer for Evacuation. Used CSet: 255M, Free: 1073M, Non-Taxable: 107M, Alloc Tax Rate: 1.1x
[114.848s][info][gc          ] GC(154) Pause Final Mark (unload classes) 0.243ms
[114.880s][info][gc,start    ] GC(154) Concurrent thread roots
[114.880s][info][gc,task     ] GC(154) Using 1 of 3 workers for Concurrent thread roots
[114.880s][info][gc          ] GC(154) Concurrent thread roots 0.477ms
[114.880s][info][gc,start    ] GC(154) Concurrent weak references
[114.880s][info][gc,task     ] GC(154) Using 1 of 3 workers for concurrent weak references
[114.880s][info][gc,ref      ] GC(154) Encountered references: Soft: 133, Weak: 684, Final: 0, Phantom: 63
[114.880s][info][gc,ref      ] GC(154) Discovered  references: Soft: 0, Weak: 153, Final: 0, Phantom: 26
[114.880s][info][gc,ref      ] GC(154) Enqueued    references: Soft: 0, Weak: 0, Final: 0, Phantom: 0
[114.880s][info][gc          ] GC(154) Concurrent weak references 0.069ms
[114.880s][info][gc,start    ] GC(154) Concurrent weak roots
[114.880s][info][gc,task     ] GC(154) Using 1 of 3 workers for concurrent weak root
[114.882s][info][gc          ] GC(154) Concurrent weak roots 1.937ms
[114.882s][info][gc,start    ] GC(154) Concurrent cleanup
[114.882s][info][gc          ] GC(154) Concurrent cleanup 897M->869M(2048M) 0.045ms
[114.882s][info][gc,ergo     ] GC(154) Free: 1055M, Max: 1024K regular, 1017M humongous, Frag: 4% external, 0% internal; Reserve: 90861K, Max: 1024K
[114.882s][info][gc,start    ] GC(154) Concurrent class unloading
[114.882s][info][gc,task     ] GC(154) Using 1 of 3 workers for concurrent class unloading
[114.887s][info][gc          ] GC(154) Concurrent class unloading 4.625ms
[114.887s][info][gc,start    ] GC(154) Concurrent strong roots
[114.887s][info][gc,task     ] GC(154) Using 1 of 3 workers for concurrent strong root
[114.887s][info][gc          ] GC(154) Concurrent strong roots 0.094ms
[114.887s][info][gc,start    ] GC(154) Concurrent evacuation
[114.887s][info][gc,task     ] GC(154) Using 1 of 3 workers for concurrent evacuation
[114.961s][info][gc          ] GC(154) Concurrent evacuation 74.356ms
[114.961s][info][gc,start    ] GC(154) Pause Init Update Refs
[114.962s][info][gc,ergo     ] GC(154) Pacer for Update Refs. Used: 993M, Free: 1005M, Non-Taxable: 100M, Alloc Tax Rate: 1.2x
[114.962s][info][gc          ] GC(154) Pause Init Update Refs 0.053ms
[114.962s][info][gc,start    ] GC(154) Concurrent update references
[114.962s][info][gc,task     ] GC(154) Using 1 of 3 workers for concurrent reference update
[115.473s][info][gc          ] GC(154) Concurrent update references 511.303ms
[115.473s][info][gc,start    ] GC(154) Concurrent update thread roots
[115.474s][info][gc          ] GC(154) Concurrent update thread roots 0.859ms
[115.474s][info][gc,start    ] GC(154) Pause Final Update Refs
[115.474s][info][gc,task     ] GC(154) Using 3 of 3 workers for final reference update
[115.474s][info][gc          ] GC(154) Pause Final Update Refs 0.311ms
[115.474s][info][gc,start    ] GC(154) Concurrent cleanup
[115.474s][info][gc          ] GC(154) Concurrent cleanup 993M->738M(2048M) 0.046ms
[115.474s][info][gc,ergo     ] Free: 1172M, Max: 1024K regular, 921M humongous, Frag: 22% external, 0% internal; Reserve: 103M, Max: 1024K
[115.474s][info][gc,stats    ] 
[115.474s][info][gc,stats    ] All times are wall-clock times, except per-root-class counters, that are sum over
[115.474s][info][gc,stats    ] all workers. Dividing the <total> over the root stage time estimates parallelism.
[115.474s][info][gc,stats    ] 
[115.474s][info][gc,stats    ] Concurrent Reset                    229 us
[115.474s][info][gc,stats    ] Pause Init Mark (G)               29026 us
[115.474s][info][gc,stats    ] Pause Init Mark (N)                 299 us
[115.474s][info][gc,stats    ]   Update Region States               85 us
[115.474s][info][gc,stats    ] Concurrent Mark Roots               995 us, parallelism: 0.82x
[115.474s][info][gc,stats    ]   CMR: <total>                      819 us
[115.474s][info][gc,stats    ]   CMR: Thread Roots                 716 us, workers (us): 716, ---, ---, 
[115.474s][info][gc,stats    ]   CMR: VM Strong Roots               11 us, workers (us):  11, ---, ---, 
[115.474s][info][gc,stats    ]   CMR: CLDG Roots                    92 us, workers (us):  92, ---, ---, 
[115.474s][info][gc,stats    ] Concurrent Marking               408324 us
[115.474s][info][gc,stats    ] Pause Final Mark (G)              31592 us
[115.474s][info][gc,stats    ] Pause Final Mark (N)                251 us
[115.474s][info][gc,stats    ]   Finish Mark                        42 us
[115.474s][info][gc,stats    ]   Update Region States               31 us
[115.475s][info][gc,stats    ]   Choose Collection Set              96 us
[115.475s][info][gc,stats    ]   Rebuild Free Set                    9 us
[115.475s][info][gc,stats    ] Concurrent Thread Roots             498 us, parallelism: 0.73x
[115.475s][info][gc,stats    ]   CTR: <total>                      364 us
[115.475s][info][gc,stats    ]   CTR: Thread Roots                 364 us, workers (us): 364, ---, ---, 
[115.475s][info][gc,stats    ] Concurrent Weak References           76 us, parallelism: 0.18x
[115.475s][info][gc,stats    ]   CWRF: <total>                      14 us
[115.475s][info][gc,stats    ]   CWRF: Weak References              14 us, workers (us):  14, ---, ---, 
[115.475s][info][gc,stats    ] Concurrent Weak Roots              1990 us
[115.475s][info][gc,stats    ]   Roots                            1157 us, parallelism: 0.95x
[115.475s][info][gc,stats    ]     CWR: <total>                   1104 us
[115.475s][info][gc,stats    ]     CWR: Code Cache Roots          1009 us, workers (us): 1009, ---, ---, 
[115.475s][info][gc,stats    ]     CWR: VM Weak Roots               89 us, workers (us):  89, ---, ---, 
[115.475s][info][gc,stats    ]     CWR: CLDG Roots                   7 us, workers (us):   7, ---, ---, 
[115.475s][info][gc,stats    ]   Rendezvous                        755 us
[115.475s][info][gc,stats    ] Concurrent Cleanup                   53 us
[115.475s][info][gc,stats    ] Concurrent Class Unloading         4686 us
[115.475s][info][gc,stats    ]   Unlink Stale                     4293 us
[115.475s][info][gc,stats    ]     System Dictionary                10 us
[115.475s][info][gc,stats    ]     Weak Class Links                  0 us
[115.475s][info][gc,stats    ]     Code Roots                     4281 us
[115.475s][info][gc,stats    ]   Rendezvous                         64 us
[115.475s][info][gc,stats    ]   Purge Unlinked                    248 us
[115.475s][info][gc,stats    ]     Code Roots                      244 us
[115.475s][info][gc,stats    ]     CLDG                              4 us
[115.475s][info][gc,stats    ]     Exception Caches                  0 us
[115.475s][info][gc,stats    ] Concurrent Strong Roots             102 us, parallelism: 0.44x
[115.475s][info][gc,stats    ]   CSR: <total>                       45 us
[115.475s][info][gc,stats    ]   CSR: VM Strong Roots                5 us, workers (us):   5, ---, ---, 
[115.475s][info][gc,stats    ]   CSR: CLDG Roots                    41 us, workers (us):  41, ---, ---, 
[115.475s][info][gc,stats    ] Concurrent Evacuation             74400 us
[115.475s][info][gc,stats    ] Pause Init Update Refs (G)           97 us
[115.475s][info][gc,stats    ] Pause Init Update Refs (N)           61 us
[115.475s][info][gc,stats    ]   Manage GCLABs                       3 us
[115.475s][info][gc,stats    ] Concurrent Update Refs           511370 us
[115.475s][info][gc,stats    ] Concurrent Update Thread Roots      883 us
[115.475s][info][gc,stats    ] Pause Final Update Refs (G)         470 us
[115.475s][info][gc,stats    ] Pause Final Update Refs (N)         361 us
[115.475s][info][gc,stats    ]   Update Region States              165 us
[115.475s][info][gc,stats    ]   Trash Collection Set               14 us
[115.475s][info][gc,stats    ]   Rebuild Free Set                   32 us
[115.475s][info][gc,stats    ] Concurrent Cleanup                   55 us
[115.475s][info][gc,stats    ] 
[115.475s][info][gc,stats    ] Allocation pacing accrued:
[115.475s][info][gc,stats    ]       0 of  1635 ms (  0.0%): <total>
[115.475s][info][gc,stats    ]       0 of  1635 ms (  0.0%): <average total>
[115.475s][info][gc,stats    ] 
[115.475s][info][gc,metaspace] Metaspace: 15972K(16256K)->15972K(16256K) NonClass: 13801K(13952K)->13801K(13952K) Class: 2170K(2304K)->2170K(2304K)
[115.475s][info][gc,ergo     ] Pacer for Idle. Initial: 41943K, Alloc Tax Rate: 1.0x
[115.490s][info][gc          ] Trigger: Explicit GC request (System.gc())
[115.490s][info][gc,ergo     ] Free: 1172M, Max: 1024K regular, 921M humongous, Frag: 22% external, 0% internal; Reserve: 103M, Max: 1024K
[115.490s][info][gc,start    ] GC(155) Concurrent reset
[115.490s][info][gc,task     ] GC(155) Using 1 of 3 workers for concurrent reset
[115.490s][info][gc,ergo     ] GC(155) Pacer for Reset. Non-Taxable: 2048M
[115.493s][info][gc          ] GC(155) Concurrent reset 3.043ms
[115.493s][info][gc,start    ] GC(155) Pause Init Mark (unload classes)
[115.493s][info][gc,task     ] GC(155) Using 3 of 3 workers for init marking
[115.493s][info][gc,ref      ] GC(155) Clearing All SoftReferences
[115.493s][info][gc,ergo     ] GC(155) Pacer for Mark. Expected Live: 118M, Free: 1172M, Non-Taxable: 117M, Alloc Tax Rate: 0.1x
[115.493s][info][gc          ] GC(155) Pause Init Mark (unload classes) 0.301ms
[115.494s][info][gc,start    ] GC(155) Concurrent marking roots
[115.494s][info][gc,task     ] GC(155) Using 1 of 3 workers for concurrent marking roots
[115.494s][info][gc          ] GC(155) Concurrent marking roots 0.542ms
[115.494s][info][gc,start    ] GC(155) Concurrent marking (unload classes)
[115.494s][info][gc,task     ] GC(155) Using 1 of 3 workers for concurrent marking
[115.498s][info][gc          ] GC(155) Concurrent marking (unload classes) 4.172ms
[115.498s][info][gc,start    ] GC(155) Pause Final Mark (unload classes)
[115.498s][info][gc,task     ] GC(155) Using 3 of 3 workers for final marking
[115.499s][info][gc,ergo     ] GC(155) Collectable Garbage: 725M (98%), Immediate: 725M (98%), CSet: 0B (0%)
[115.499s][info][gc          ] GC(155) Pause Final Mark (unload classes) 0.489ms
[115.499s][info][gc,start    ] GC(155) Concurrent weak references
[115.499s][info][gc,task     ] GC(155) Using 1 of 3 workers for concurrent weak references
[115.499s][info][gc,ref      ] GC(155) Encountered references: Soft: 178, Weak: 683, Final: 0, Phantom: 63
[115.499s][info][gc,ref      ] GC(155) Discovered  references: Soft: 127, Weak: 165, Final: 0, Phantom: 61
[115.499s][info][gc,ref      ] GC(155) Enqueued    references: Soft: 48, Weak: 0, Final: 0, Phantom: 0
[115.499s][info][gc          ] GC(155) Concurrent weak references 0.116ms
[115.499s][info][gc,start    ] GC(155) Concurrent weak roots
[115.499s][info][gc,task     ] GC(155) Using 1 of 3 workers for concurrent weak root
[115.500s][info][gc          ] GC(155) Concurrent weak roots 0.958ms
[115.500s][info][gc,start    ] GC(155) Concurrent cleanup
[115.500s][info][gc          ] GC(155) Concurrent cleanup 738M->13M(2048M) 0.059ms
[115.500s][info][gc,ergo     ] GC(155) Free: 1932M, Max: 1024K regular, 1005M humongous, Frag: 48% external, 0% internal; Reserve: 103M, Max: 1024K
[115.500s][info][gc,start    ] GC(155) Concurrent class unloading
[115.500s][info][gc,task     ] GC(155) Using 1 of 3 workers for concurrent class unloading
[115.505s][info][gc          ] GC(155) Concurrent class unloading 4.596ms
[115.505s][info][gc,start    ] GC(155) Pause Final Roots
[115.505s][info][gc          ] GC(155) Pause Final Roots 0.064ms
[115.505s][info][gc,ergo     ] Free: 1932M, Max: 1024K regular, 1005M humongous, Frag: 48% external, 0% internal; Reserve: 103M, Max: 1024K
[115.505s][info][gc,stats    ] 
[115.505s][info][gc,stats    ] All times are wall-clock times, except per-root-class counters, that are sum over
[115.505s][info][gc,stats    ] all workers. Dividing the <total> over the root stage time estimates parallelism.
[115.505s][info][gc,stats    ] 
[115.505s][info][gc,stats    ] Concurrent Reset                   3144 us
[115.505s][info][gc,stats    ] Pause Init Mark (G)                 464 us
[115.505s][info][gc,stats    ] Pause Init Mark (N)                 323 us
[115.505s][info][gc,stats    ]   Update Region States              132 us
[115.505s][info][gc,stats    ] Concurrent Mark Roots               563 us, parallelism: 0.72x
[115.505s][info][gc,stats    ]   CMR: <total>                      406 us
[115.505s][info][gc,stats    ]   CMR: Thread Roots                 351 us, workers (us): 351, ---, ---, 
[115.505s][info][gc,stats    ]   CMR: VM Strong Roots                6 us, workers (us):   6, ---, ---, 
[115.505s][info][gc,stats    ]   CMR: CLDG Roots                    49 us, workers (us):  49, ---, ---, 
[115.505s][info][gc,stats    ] Concurrent Marking                 4229 us
[115.505s][info][gc,stats    ] Pause Final Mark (G)                651 us
[115.505s][info][gc,stats    ] Pause Final Mark (N)                514 us
[115.505s][info][gc,stats    ]   Finish Mark                       159 us
[115.505s][info][gc,stats    ]   Update Region States              125 us
[115.505s][info][gc,stats    ]   Choose Collection Set             101 us
[115.505s][info][gc,stats    ]   Rebuild Free Set                   24 us
[115.505s][info][gc,stats    ] Concurrent Weak References          124 us, parallelism: 0.16x
[115.505s][info][gc,stats    ]   CWRF: <total>                      20 us
[115.505s][info][gc,stats    ]   CWRF: Weak References              20 us, workers (us):  20, ---, ---, 
[115.505s][info][gc,stats    ] Concurrent Weak Roots               995 us
[115.505s][info][gc,stats    ]   Roots                             876 us, parallelism: 0.93x
[115.505s][info][gc,stats    ]     CWR: <total>                    811 us
[115.505s][info][gc,stats    ]     CWR: Code Cache Roots           733 us, workers (us): 733, ---, ---, 
[115.505s][info][gc,stats    ]     CWR: VM Weak Roots               74 us, workers (us):  74, ---, ---, 
[115.505s][info][gc,stats    ]     CWR: CLDG Roots                   5 us, workers (us):   5, ---, ---, 
[115.505s][info][gc,stats    ]   Rendezvous                         65 us
[115.505s][info][gc,stats    ] Concurrent Cleanup                   68 us
[115.505s][info][gc,stats    ] Concurrent Class Unloading         4645 us
[115.505s][info][gc,stats    ]   Unlink Stale                     4043 us
[115.505s][info][gc,stats    ]     System Dictionary                 6 us
[115.505s][info][gc,stats    ]     Weak Class Links                  0 us
[115.505s][info][gc,stats    ]     Code Roots                     4035 us
[115.505s][info][gc,stats    ]   Rendezvous                        207 us
[115.505s][info][gc,stats    ]   Purge Unlinked                    328 us
[115.505s][info][gc,stats    ]     Code Roots                      315 us
[115.505s][info][gc,stats    ]     CLDG                             12 us
[115.505s][info][gc,stats    ]     Exception Caches                  0 us
[115.505s][info][gc,stats    ] Pause Final Roots (G)               168 us
[115.505s][info][gc,stats    ] Pause Final Roots (N)                83 us
[115.505s][info][gc,stats    ] 
[115.505s][info][gc,stats    ] Allocation pacing accrued:
[115.505s][info][gc,stats    ]       0 of    31 ms (  0.0%): <total>
[115.505s][info][gc,stats    ]       0 of    31 ms (  0.0%): <average total>
[115.505s][info][gc,stats    ] 
[115.505s][info][gc,metaspace] Metaspace: 15972K(16256K)->15972K(16256K) NonClass: 13801K(13952K)->13802K(13952K) Class: 2170K(2304K)->2170K(2304K)
[115.505s][info][gc,ergo     ] Pacer for Idle. Initial: 41943K, Alloc Tax Rate: 1.0x
[116.071s][info][gc          ] Trigger: Learning 2 of 5. Free (1412M) is below initial threshold (1433M)
[116.071s][info][gc,ergo     ] Free: 1412M, Max: 1024K regular, 1005M humongous, Frag: 29% external, 0% internal; Reserve: 103M, Max: 1024K
[116.071s][info][gc,start    ] GC(156) Concurrent reset
[116.071s][info][gc,task     ] GC(156) Using 1 of 3 workers for concurrent reset
[116.071s][info][gc,ergo     ] GC(156) Pacer for Reset. Non-Taxable: 2048M
[116.072s][info][gc          ] GC(156) Concurrent reset 0.409ms
[116.072s][info][gc,start    ] GC(156) Pause Init Mark (unload classes)
[116.072s][info][gc,task     ] GC(156) Using 3 of 3 workers for init marking
[116.072s][info][gc,ergo     ] GC(156) Pacer for Mark. Expected Live: 82430K, Free: 1411M, Non-Taxable: 141M, Alloc Tax Rate: 0.1x
[116.072s][info][gc          ] GC(156) Pause Init Mark (unload classes) 0.238ms
[116.072s][info][gc,start    ] GC(156) Concurrent marking roots
[116.072s][info][gc,task     ] GC(156) Using 1 of 3 workers for concurrent marking roots
[116.073s][info][gc          ] GC(156) Concurrent marking roots 0.425ms
[116.073s][info][gc,start    ] GC(156) Concurrent marking (unload classes)
[116.073s][info][gc,task     ] GC(156) Using 1 of 3 workers for concurrent marking
[116.403s][info][gc          ] GC(156) Concurrent marking (unload classes) 330.323ms
[116.403s][info][gc,start    ] GC(156) Pause Final Mark (unload classes)
[116.403s][info][gc,task     ] GC(156) Using 3 of 3 workers for final marking
[116.403s][info][gc,ergo     ] GC(156) Adaptive CSet Selection. Target Free: 290M, Actual Free: 1263M, Max CSet: 87381K, Min Garbage: 0B
[116.403s][info][gc,ergo     ] GC(156) Collectable Garbage: 197M (61%), Immediate: 29760K (8%), CSet: 168M (52%)
[116.403s][info][gc,ergo     ] GC(156) Pacer for Evacuation. Used CSet: 254M, Free: 1172M, Non-Taxable: 117M, Alloc Tax Rate: 1.1x
[116.403s][info][gc          ] GC(156) Pause Final Mark (unload classes) 0.315ms
[116.424s][info][gc,start    ] GC(156) Concurrent thread roots
[116.424s][info][gc,task     ] GC(156) Using 1 of 3 workers for Concurrent thread roots
[116.425s][info][gc          ] GC(156) Concurrent thread roots 0.681ms
[116.425s][info][gc,start    ] GC(156) Concurrent weak references
[116.425s][info][gc,task     ] GC(156) Using 1 of 3 workers for concurrent weak references
[116.425s][info][gc,ref      ] GC(156) Encountered references: Soft: 133, Weak: 684, Final: 0, Phantom: 63
[116.425s][info][gc,ref      ] GC(156) Discovered  references: Soft: 0, Weak: 152, Final: 0, Phantom: 26
[116.425s][info][gc,ref      ] GC(156) Enqueued    references: Soft: 0, Weak: 0, Final: 0, Phantom: 0
[116.425s][info][gc          ] GC(156) Concurrent weak references 0.080ms
[116.425s][info][gc,start    ] GC(156) Concurrent weak roots
[116.425s][info][gc,task     ] GC(156) Using 1 of 3 workers for concurrent weak root
[116.434s][info][gc          ] GC(156) Concurrent weak roots 9.058ms
[116.434s][info][gc,start    ] GC(156) Concurrent cleanup
[116.434s][info][gc          ] GC(156) Concurrent cleanup 816M->787M(2048M) 0.041ms
[116.434s][info][gc,ergo     ] GC(156) Free: 1143M, Max: 1024K regular, 1104M humongous, Frag: 4% external, 0% internal; Reserve: 90112K, Max: 1024K
[116.434s][info][gc,start    ] GC(156) Concurrent class unloading
[116.434s][info][gc,task     ] GC(156) Using 1 of 3 workers for concurrent class unloading
[116.440s][info][gc          ] GC(156) Concurrent class unloading 6.121ms
[116.441s][info][gc,start    ] GC(156) Concurrent strong roots
[116.441s][info][gc,task     ] GC(156) Using 1 of 3 workers for concurrent strong root
[116.441s][info][gc          ] GC(156) Concurrent strong roots 0.118ms
[116.441s][info][gc,start    ] GC(156) Concurrent evacuation
[116.441s][info][gc,task     ] GC(156) Using 1 of 3 workers for concurrent evacuation
[116.519s][info][gc          ] GC(156) Concurrent evacuation 78.149ms
[116.519s][info][gc,start    ] GC(156) Pause Init Update Refs
[116.519s][info][gc,ergo     ] GC(156) Pacer for Update Refs. Used: 939M, Free: 1060M, Non-Taxable: 106M, Alloc Tax Rate: 1.1x
[116.519s][info][gc          ] GC(156) Pause Init Update Refs 0.035ms
[116.547s][info][gc,start    ] GC(156) Concurrent update references
[116.547s][info][gc,task     ] GC(156) Using 1 of 3 workers for concurrent reference update
[116.969s][info][gc          ] GC(156) Concurrent update references 421.880ms
[116.969s][info][gc,start    ] GC(156) Concurrent update thread roots
[116.970s][info][gc          ] GC(156) Concurrent update thread roots 0.797ms
[116.970s][info][gc,start    ] GC(156) Pause Final Update Refs
[116.970s][info][gc,task     ] GC(156) Using 3 of 3 workers for final reference update
[116.970s][info][gc          ] GC(156) Pause Final Update Refs 0.224ms
[116.970s][info][gc,start    ] GC(156) Concurrent cleanup
[116.970s][info][gc          ] GC(156) Concurrent cleanup 992M->738M(2048M) 0.042ms
[116.970s][info][gc,ergo     ] Free: 1171M, Max: 1024K regular, 921M humongous, Frag: 22% external, 0% internal; Reserve: 103M, Max: 1024K
[116.970s][info][gc,stats    ] 
[116.970s][info][gc,stats    ] All times are wall-clock times, except per-root-class counters, that are sum over
[116.970s][info][gc,stats    ] all workers. Dividing the <total> over the root stage time estimates parallelism.
[116.970s][info][gc,stats    ] 
[116.970s][info][gc,stats    ] Concurrent Reset                    460 us
[116.970s][info][gc,stats    ] Pause Init Mark (G)                 427 us
[116.970s][info][gc,stats    ] Pause Init Mark (N)                 257 us
[116.970s][info][gc,stats    ]   Update Region States              105 us
[116.970s][info][gc,stats    ] Concurrent Mark Roots               443 us, parallelism: 0.80x
[116.970s][info][gc,stats    ]   CMR: <total>                      355 us
[116.970s][info][gc,stats    ]   CMR: Thread Roots                 314 us, workers (us): 314, ---, ---, 
[116.970s][info][gc,stats    ]   CMR: VM Strong Roots                5 us, workers (us):   5, ---, ---, 
[116.970s][info][gc,stats    ]   CMR: CLDG Roots                    37 us, workers (us):  37, ---, ---, 
[116.970s][info][gc,stats    ] Concurrent Marking               330455 us
[116.970s][info][gc,stats    ] Pause Final Mark (G)              21313 us
[116.970s][info][gc,stats    ] Pause Final Mark (N)                323 us
[116.970s][info][gc,stats    ]   Finish Mark                        43 us
[116.970s][info][gc,stats    ]   Update Region States               32 us
[116.970s][info][gc,stats    ]   Choose Collection Set              94 us
[116.970s][info][gc,stats    ]   Rebuild Free Set                    9 us
[116.970s][info][gc,stats    ] Concurrent Thread Roots             694 us, parallelism: 0.68x
[116.970s][info][gc,stats    ]   CTR: <total>                      469 us
[116.970s][info][gc,stats    ]   CTR: Thread Roots                 469 us, workers (us): 469, ---, ---, 
[116.970s][info][gc,stats    ] Concurrent Weak References           87 us, parallelism: 0.19x
[116.970s][info][gc,stats    ]   CWRF: <total>                      17 us
[116.970s][info][gc,stats    ]   CWRF: Weak References              17 us, workers (us):  17, ---, ---, 
[116.970s][info][gc,stats    ] Concurrent Weak Roots              9127 us
[116.970s][info][gc,stats    ]   Roots                            1299 us, parallelism: 0.96x
[116.970s][info][gc,stats    ]     CWR: <total>                   1247 us
[116.970s][info][gc,stats    ]     CWR: Code Cache Roots          1134 us, workers (us): 1134, ---, ---, 
[116.970s][info][gc,stats    ]     CWR: VM Weak Roots              104 us, workers (us): 104, ---, ---, 
[116.970s][info][gc,stats    ]     CWR: CLDG Roots                   9 us, workers (us):   9, ---, ---, 
[116.970s][info][gc,stats    ]   Rendezvous                       7740 us
[116.970s][info][gc,stats    ] Concurrent Cleanup                   49 us
[116.971s][info][gc,stats    ] Concurrent Class Unloading         6221 us
[116.971s][info][gc,stats    ]   Unlink Stale                     5210 us
[116.971s][info][gc,stats    ]     System Dictionary                10 us
[116.971s][info][gc,stats    ]     Weak Class Links                  0 us
[116.971s][info][gc,stats    ]     Code Roots                     5199 us
[116.971s][info][gc,stats    ]   Rendezvous                        577 us
[116.971s][info][gc,stats    ]   Purge Unlinked                    311 us
[116.971s][info][gc,stats    ]     Code Roots                      304 us
[116.971s][info][gc,stats    ]     CLDG                              7 us
[116.971s][info][gc,stats    ]     Exception Caches                  0 us
[116.971s][info][gc,stats    ] Concurrent Strong Roots             126 us, parallelism: 0.52x
[116.971s][info][gc,stats    ]   CSR: <total>                       66 us
[116.971s][info][gc,stats    ]   CSR: VM Strong Roots                6 us, workers (us):   6, ---, ---, 
[116.971s][info][gc,stats    ]   CSR: CLDG Roots                    60 us, workers (us):  60, ---, ---, 
[116.971s][info][gc,stats    ] Concurrent Evacuation             78223 us
[116.971s][info][gc,stats    ] Pause Init Update Refs (G)        28232 us
[116.971s][info][gc,stats    ] Pause Init Update Refs (N)           43 us
[116.971s][info][gc,stats    ]   Manage GCLABs                       7 us
[116.971s][info][gc,stats    ] Concurrent Update Refs           421959 us
[116.971s][info][gc,stats    ] Concurrent Update Thread Roots      815 us
[116.971s][info][gc,stats    ] Pause Final Update Refs (G)         320 us
[116.971s][info][gc,stats    ] Pause Final Update Refs (N)         261 us
[116.971s][info][gc,stats    ]   Update Region States              106 us
[116.971s][info][gc,stats    ]   Trash Collection Set               12 us
[116.971s][info][gc,stats    ]   Rebuild Free Set                   26 us
[116.971s][info][gc,stats    ] Concurrent Cleanup                   51 us
[116.971s][info][gc,stats    ] 
[116.971s][info][gc,stats    ] Allocation pacing accrued:
[116.971s][info][gc,stats    ]       0 of  1465 ms (  0.0%): <total>
[116.971s][info][gc,stats    ]       0 of  1465 ms (  0.0%): <average total>
[116.971s][info][gc,stats    ] 
[116.971s][info][gc,metaspace] Metaspace: 15972K(16256K)->15972K(16256K) NonClass: 13802K(13952K)->13802K(13952K) Class: 2170K(2304K)->2170K(2304K)
[116.971s][info][gc,ergo     ] Pacer for Idle. Initial: 41943K, Alloc Tax Rate: 1.0x
[116.986s][info][gc          ] Trigger: Explicit GC request (System.gc())
[116.987s][info][gc,ergo     ] Free: 1171M, Max: 1024K regular, 921M humongous, Frag: 22% external, 0% internal; Reserve: 103M, Max: 1024K
[116.987s][info][gc,start    ] GC(157) Concurrent reset
[116.987s][info][gc,task     ] GC(157) Using 1 of 3 workers for concurrent reset
[116.987s][info][gc,ergo     ] GC(157) Pacer for Reset. Non-Taxable: 2048M
[116.989s][info][gc          ] GC(157) Concurrent reset 2.871ms
[116.990s][info][gc,start    ] GC(157) Pause Init Mark (unload classes)
[116.990s][info][gc,task     ] GC(157) Using 3 of 3 workers for init marking
[116.990s][info][gc,ref      ] GC(157) Clearing All SoftReferences
[116.990s][info][gc,ergo     ] GC(157) Pacer for Mark. Expected Live: 118M, Free: 1171M, Non-Taxable: 117M, Alloc Tax Rate: 0.1x
[116.990s][info][gc          ] GC(157) Pause Init Mark (unload classes) 0.264ms
[116.990s][info][gc,start    ] GC(157) Concurrent marking roots
[116.990s][info][gc,task     ] GC(157) Using 1 of 3 workers for concurrent marking roots
[116.991s][info][gc          ] GC(157) Concurrent marking roots 0.613ms
[116.991s][info][gc,start    ] GC(157) Concurrent marking (unload classes)
[116.991s][info][gc,task     ] GC(157) Using 1 of 3 workers for concurrent marking
[116.996s][info][gc          ] GC(157) Concurrent marking (unload classes) 5.388ms
[116.996s][info][gc,start    ] GC(157) Pause Final Mark (unload classes)
[116.996s][info][gc,task     ] GC(157) Using 3 of 3 workers for final marking
[116.997s][info][gc,ergo     ] GC(157) Collectable Garbage: 727M (99%), Immediate: 727M (99%), CSet: 0B (0%)
[116.997s][info][gc          ] GC(157) Pause Final Mark (unload classes) 0.462ms
[116.997s][info][gc,start    ] GC(157) Concurrent weak references
[116.997s][info][gc,task     ] GC(157) Using 1 of 3 workers for concurrent weak references
[116.997s][info][gc,ref      ] GC(157) Encountered references: Soft: 178, Weak: 683, Final: 0, Phantom: 63
[116.997s][info][gc,ref      ] GC(157) Discovered  references: Soft: 127, Weak: 165, Final: 0, Phantom: 61
[116.997s][info][gc,ref      ] GC(157) Enqueued    references: Soft: 48, Weak: 0, Final: 0, Phantom: 0
[116.997s][info][gc          ] GC(157) Concurrent weak references 0.157ms
[116.997s][info][gc,start    ] GC(157) Concurrent weak roots
[116.997s][info][gc,task     ] GC(157) Using 1 of 3 workers for concurrent weak root
[116.998s][info][gc          ] GC(157) Concurrent weak roots 0.986ms
[116.998s][info][gc,start    ] GC(157) Concurrent cleanup
[116.998s][info][gc          ] GC(157) Concurrent cleanup 738M->11M(2048M) 0.060ms
[116.998s][info][gc,ergo     ] GC(157) Free: 1933M, Max: 1024K regular, 1007M humongous, Frag: 48% external, 0% internal; Reserve: 103M, Max: 1024K
[116.998s][info][gc,start    ] GC(157) Concurrent class unloading
[116.998s][info][gc,task     ] GC(157) Using 1 of 3 workers for concurrent class unloading
[117.003s][info][gc          ] GC(157) Concurrent class unloading 4.640ms
[117.003s][info][gc,start    ] GC(157) Pause Final Roots
[117.003s][info][gc          ] GC(157) Pause Final Roots 0.072ms
[117.003s][info][gc,ergo     ] Free: 1933M, Max: 1024K regular, 1007M humongous, Frag: 48% external, 0% internal; Reserve: 103M, Max: 1024K
[117.003s][info][gc,stats    ] 
[117.003s][info][gc,stats    ] All times are wall-clock times, except per-root-class counters, that are sum over
[117.003s][info][gc,stats    ] all workers. Dividing the <total> over the root stage time estimates parallelism.
[117.003s][info][gc,stats    ] 
[117.003s][info][gc,stats    ] Concurrent Reset                   2910 us
[117.003s][info][gc,stats    ] Pause Init Mark (G)                 459 us
[117.003s][info][gc,stats    ] Pause Init Mark (N)                 283 us
[117.003s][info][gc,stats    ]   Update Region States               96 us
[117.003s][info][gc,stats    ] Concurrent Mark Roots               662 us, parallelism: 0.64x
[117.003s][info][gc,stats    ]   CMR: <total>                      422 us
[117.003s][info][gc,stats    ]   CMR: Thread Roots                 347 us, workers (us): 347, ---, ---, 
[117.003s][info][gc,stats    ]   CMR: VM Strong Roots               19 us, workers (us):  19, ---, ---, 
[117.003s][info][gc,stats    ]   CMR: CLDG Roots                    56 us, workers (us):  56, ---, ---, 
[117.003s][info][gc,stats    ] Concurrent Marking                 5451 us
[117.003s][info][gc,stats    ] Pause Final Mark (G)                608 us
[117.003s][info][gc,stats    ] Pause Final Mark (N)                487 us
[117.003s][info][gc,stats    ]   Finish Mark                       164 us
[117.003s][info][gc,stats    ]   Update Region States               91 us
[117.003s][info][gc,stats    ]   Choose Collection Set             102 us
[117.003s][info][gc,stats    ]   Rebuild Free Set                   25 us
[117.003s][info][gc,stats    ] Concurrent Weak References          165 us, parallelism: 0.09x
[117.003s][info][gc,stats    ]   CWRF: <total>                      15 us
[117.003s][info][gc,stats    ]   CWRF: Weak References              15 us, workers (us):  15, ---, ---, 
[117.003s][info][gc,stats    ] Concurrent Weak Roots              1021 us
[117.003s][info][gc,stats    ]   Roots                             879 us, parallelism: 0.92x
[117.003s][info][gc,stats    ]     CWR: <total>                    808 us
[117.003s][info][gc,stats    ]     CWR: Code Cache Roots           728 us, workers (us): 728, ---, ---, 
[117.003s][info][gc,stats    ]     CWR: VM Weak Roots               75 us, workers (us):  75, ---, ---, 
[117.003s][info][gc,stats    ]     CWR: CLDG Roots                   5 us, workers (us):   5, ---, ---, 
[117.003s][info][gc,stats    ]   Rendezvous                         87 us
[117.003s][info][gc,stats    ] Concurrent Cleanup                   69 us
[117.003s][info][gc,stats    ] Concurrent Class Unloading         4693 us
[117.003s][info][gc,stats    ]   Unlink Stale                     4152 us
[117.003s][info][gc,stats    ]     System Dictionary                 6 us
[117.003s][info][gc,stats    ]     Weak Class Links                  0 us
[117.003s][info][gc,stats    ]     Code Roots                     4144 us
[117.003s][info][gc,stats    ]   Rendezvous                        117 us
[117.003s][info][gc,stats    ]   Purge Unlinked                    352 us
[117.003s][info][gc,stats    ]     Code Roots                      337 us
[117.003s][info][gc,stats    ]     CLDG                             14 us
[117.003s][info][gc,stats    ]     Exception Caches                  0 us
[117.003s][info][gc,stats    ] Pause Final Roots (G)               200 us
[117.003s][info][gc,stats    ] Pause Final Roots (N)                96 us
[117.003s][info][gc,stats    ] 
[117.003s][info][gc,stats    ] Allocation pacing accrued:
[117.003s][info][gc,stats    ]       0 of    33 ms (  0.0%): <total>
[117.003s][info][gc,stats    ]       0 of    33 ms (  0.0%): <average total>
[117.003s][info][gc,stats    ] 
[117.003s][info][gc,metaspace] Metaspace: 15972K(16256K)->15972K(16256K) NonClass: 13802K(13952K)->13802K(13952K) Class: 2170K(2304K)->2170K(2304K)
[117.003s][info][gc,ergo     ] Pacer for Idle. Initial: 41943K, Alloc Tax Rate: 1.0x
[117.568s][info][gc          ] Trigger: Learning 2 of 5. Free (1418M) is below initial threshold (1433M)
[117.568s][info][gc,ergo     ] Free: 1418M, Max: 1024K regular, 1007M humongous, Frag: 29% external, 0% internal; Reserve: 103M, Max: 1024K
[117.568s][info][gc,start    ] GC(158) Concurrent reset
[117.568s][info][gc,task     ] GC(158) Using 1 of 3 workers for concurrent reset
[117.568s][info][gc,ergo     ] GC(158) Pacer for Reset. Non-Taxable: 2048M
[117.569s][info][gc          ] GC(158) Concurrent reset 0.329ms
[117.569s][info][gc,start    ] GC(158) Pause Init Mark (unload classes)
[117.569s][info][gc,task     ] GC(158) Using 3 of 3 workers for init marking
[117.569s][info][gc,ergo     ] GC(158) Pacer for Mark. Expected Live: 82464K, Free: 1418M, Non-Taxable: 141M, Alloc Tax Rate: 0.1x
[117.569s][info][gc          ] GC(158) Pause Init Mark (unload classes) 0.280ms
[117.569s][info][gc,start    ] GC(158) Concurrent marking roots
[117.569s][info][gc,task     ] GC(158) Using 1 of 3 workers for concurrent marking roots
[117.570s][info][gc          ] GC(158) Concurrent marking roots 0.427ms
[117.570s][info][gc,start    ] GC(158) Concurrent marking (unload classes)
[117.570s][info][gc,task     ] GC(158) Using 1 of 3 workers for concurrent marking
[117.898s][info][gc          ] GC(158) Concurrent marking (unload classes) 328.111ms
[117.898s][info][gc,start    ] GC(158) Pause Final Mark (unload classes)
[117.898s][info][gc,task     ] GC(158) Using 3 of 3 workers for final marking
[117.898s][info][gc,ergo     ] GC(158) Adaptive CSet Selection. Target Free: 290M, Actual Free: 1261M, Max CSet: 87381K, Min Garbage: 0B
[117.898s][info][gc,ergo     ] GC(158) Collectable Garbage: 195M (61%), Immediate: 29353K (9%), CSet: 166M (52%)
[117.898s][info][gc,ergo     ] GC(158) Pacer for Evacuation. Used CSet: 252M, Free: 1170M, Non-Taxable: 117M, Alloc Tax Rate: 1.1x
[117.898s][info][gc          ] GC(158) Pause Final Mark (unload classes) 0.248ms
[117.908s][info][gc,start    ] GC(158) Concurrent thread roots
[117.908s][info][gc,task     ] GC(158) Using 1 of 3 workers for Concurrent thread roots
[117.909s][info][gc          ] GC(158) Concurrent thread roots 0.552ms
[117.909s][info][gc,start    ] GC(158) Concurrent weak references
[117.909s][info][gc,task     ] GC(158) Using 1 of 3 workers for concurrent weak references
[117.909s][info][gc,ref      ] GC(158) Encountered references: Soft: 133, Weak: 684, Final: 0, Phantom: 63
[117.909s][info][gc,ref      ] GC(158) Discovered  references: Soft: 0, Weak: 152, Final: 0, Phantom: 26
[117.909s][info][gc,ref      ] GC(158) Enqueued    references: Soft: 0, Weak: 0, Final: 0, Phantom: 0
[117.909s][info][gc          ] GC(158) Concurrent weak references 0.061ms
[117.909s][info][gc,start    ] GC(158) Concurrent weak roots
[117.909s][info][gc,task     ] GC(158) Using 1 of 3 workers for concurrent weak root
[117.924s][info][gc          ] GC(158) Concurrent weak roots 14.943ms
[117.924s][info][gc,start    ] GC(158) Concurrent cleanup
[117.924s][info][gc          ] GC(158) Concurrent cleanup 801M->773M(2048M) 0.037ms
[117.924s][info][gc,ergo     ] GC(158) Free: 1156M, Max: 1024K regular, 1117M humongous, Frag: 4% external, 0% internal; Reserve: 92160K, Max: 1024K
[117.924s][info][gc,start    ] GC(158) Concurrent class unloading
[117.924s][info][gc,task     ] GC(158) Using 1 of 3 workers for concurrent class unloading
[117.939s][info][gc          ] GC(158) Concurrent class unloading 15.754ms
[117.939s][info][gc,start    ] GC(158) Concurrent strong roots
[117.939s][info][gc,task     ] GC(158) Using 1 of 3 workers for concurrent strong root
[117.940s][info][gc          ] GC(158) Concurrent strong roots 0.070ms
[117.940s][info][gc,start    ] GC(158) Concurrent evacuation
[117.940s][info][gc,task     ] GC(158) Using 1 of 3 workers for concurrent evacuation
[118.014s][info][gc          ] GC(158) Concurrent evacuation 74.337ms
[118.014s][info][gc,start    ] GC(158) Pause Init Update Refs
[118.014s][info][gc,ergo     ] GC(158) Pacer for Update Refs. Used: 935M, Free: 1062M, Non-Taxable: 106M, Alloc Tax Rate: 1.1x
[118.014s][info][gc          ] GC(158) Pause Init Update Refs 0.074ms
[118.018s][info][gc,start    ] GC(158) Concurrent update references
[118.018s][info][gc,task     ] GC(158) Using 1 of 3 workers for concurrent reference update
[118.429s][info][gc          ] GC(158) Concurrent update references 410.803ms
[118.429s][info][gc,start    ] GC(158) Concurrent update thread roots
[118.430s][info][gc          ] GC(158) Concurrent update thread roots 0.815ms
[118.430s][info][gc,start    ] GC(158) Pause Final Update Refs
[118.430s][info][gc,task     ] GC(158) Using 3 of 3 workers for final reference update
[118.430s][info][gc          ] GC(158) Pause Final Update Refs 0.228ms
[118.430s][info][gc,start    ] GC(158) Concurrent cleanup
[118.430s][info][gc          ] GC(158) Concurrent cleanup 991M->739M(2048M) 0.041ms
[118.430s][info][gc,ergo     ] Free: 1170M, Max: 1024K regular, 921M humongous, Frag: 22% external, 0% internal; Reserve: 103M, Max: 1024K
[118.430s][info][gc,stats    ] 
[118.430s][info][gc,stats    ] All times are wall-clock times, except per-root-class counters, that are sum over
[118.430s][info][gc,stats    ] all workers. Dividing the <total> over the root stage time estimates parallelism.
[118.430s][info][gc,stats    ] 
[118.430s][info][gc,stats    ] Concurrent Reset                    367 us
[118.430s][info][gc,stats    ] Pause Init Mark (G)                 499 us
[118.430s][info][gc,stats    ] Pause Init Mark (N)                 303 us
[118.430s][info][gc,stats    ]   Update Region States              129 us
[118.430s][info][gc,stats    ] Concurrent Mark Roots               437 us, parallelism: 0.81x
[118.430s][info][gc,stats    ]   CMR: <total>                      355 us
[118.430s][info][gc,stats    ]   CMR: Thread Roots                 317 us, workers (us): 317, ---, ---, 
[118.430s][info][gc,stats    ]   CMR: VM Strong Roots                4 us, workers (us):   4, ---, ---, 
[118.430s][info][gc,stats    ]   CMR: CLDG Roots                    35 us, workers (us):  35, ---, ---, 
[118.430s][info][gc,stats    ] Concurrent Marking               328177 us
[118.430s][info][gc,stats    ] Pause Final Mark (G)              10120 us
[118.430s][info][gc,stats    ] Pause Final Mark (N)                256 us
[118.430s][info][gc,stats    ]   Finish Mark                        47 us
[118.430s][info][gc,stats    ]   Update Region States               31 us
[118.430s][info][gc,stats    ]   Choose Collection Set              93 us
[118.430s][info][gc,stats    ]   Rebuild Free Set                    9 us
[118.430s][info][gc,stats    ] Concurrent Thread Roots             574 us, parallelism: 0.76x
[118.430s][info][gc,stats    ]   CTR: <total>                      437 us
[118.430s][info][gc,stats    ]   CTR: Thread Roots                 437 us, workers (us): 437, ---, ---, 
[118.430s][info][gc,stats    ] Concurrent Weak References           68 us, parallelism: 0.19x
[118.430s][info][gc,stats    ]   CWRF: <total>                      13 us
[118.430s][info][gc,stats    ]   CWRF: Weak References              13 us, workers (us):  13, ---, ---, 
[118.430s][info][gc,stats    ] Concurrent Weak Roots             15002 us
[118.430s][info][gc,stats    ]   Roots                            1031 us, parallelism: 0.96x
[118.430s][info][gc,stats    ]     CWR: <total>                    995 us
[118.430s][info][gc,stats    ]     CWR: Code Cache Roots           901 us, workers (us): 901, ---, ---, 
[118.430s][info][gc,stats    ]     CWR: VM Weak Roots               86 us, workers (us):  86, ---, ---, 
[118.430s][info][gc,stats    ]     CWR: CLDG Roots                   8 us, workers (us):   8, ---, ---, 
[118.430s][info][gc,stats    ]   Rendezvous                      13894 us
[118.430s][info][gc,stats    ] Concurrent Cleanup                   45 us
[118.430s][info][gc,stats    ] Concurrent Class Unloading        15801 us
[118.430s][info][gc,stats    ]   Unlink Stale                     4190 us
[118.430s][info][gc,stats    ]     System Dictionary                 9 us
[118.430s][info][gc,stats    ]     Weak Class Links                  0 us
[118.430s][info][gc,stats    ]     Code Roots                     4179 us
[118.430s][info][gc,stats    ]   Rendezvous                      11291 us
[118.430s][info][gc,stats    ]   Purge Unlinked                    254 us
[118.430s][info][gc,stats    ]     Code Roots                      248 us
[118.430s][info][gc,stats    ]     CLDG                              6 us
[118.430s][info][gc,stats    ]     Exception Caches                  0 us
[118.430s][info][gc,stats    ] Concurrent Strong Roots              78 us, parallelism: 0.44x
[118.430s][info][gc,stats    ]   CSR: <total>                       34 us
[118.430s][info][gc,stats    ]   CSR: VM Strong Roots                6 us, workers (us):   6, ---, ---, 
[118.430s][info][gc,stats    ]   CSR: CLDG Roots                    28 us, workers (us):  28, ---, ---, 
[118.430s][info][gc,stats    ] Concurrent Evacuation             74406 us
[118.430s][info][gc,stats    ] Pause Init Update Refs (G)         3849 us
[118.430s][info][gc,stats    ] Pause Init Update Refs (N)           82 us
[118.430s][info][gc,stats    ]   Manage GCLABs                       3 us
[118.430s][info][gc,stats    ] Concurrent Update Refs           410885 us
[118.430s][info][gc,stats    ] Concurrent Update Thread Roots      865 us
[118.430s][info][gc,stats    ] Pause Final Update Refs (G)         355 us
[118.430s][info][gc,stats    ] Pause Final Update Refs (N)         265 us
[118.430s][info][gc,stats    ]   Update Region States              110 us
[118.430s][info][gc,stats    ]   Trash Collection Set               11 us
[118.430s][info][gc,stats    ]   Rebuild Free Set                   25 us
[118.430s][info][gc,stats    ] Concurrent Cleanup                   50 us
[118.430s][info][gc,stats    ] 
[118.430s][info][gc,stats    ] Allocation pacing accrued:
[118.430s][info][gc,stats    ]       0 of  1427 ms (  0.0%): <total>
[118.430s][info][gc,stats    ]       0 of  1427 ms (  0.0%): <average total>
[118.430s][info][gc,stats    ] 
[118.430s][info][gc,metaspace] Metaspace: 15972K(16256K)->15972K(16256K) NonClass: 13802K(13952K)->13802K(13952K) Class: 2170K(2304K)->2170K(2304K)
[118.430s][info][gc,ergo     ] Pacer for Idle. Initial: 41943K, Alloc Tax Rate: 1.0x
[118.437s][info][gc          ] Trigger: Explicit GC request (System.gc())
[118.437s][info][gc,ergo     ] Free: 1170M, Max: 1024K regular, 921M humongous, Frag: 22% external, 0% internal; Reserve: 103M, Max: 1024K
[118.437s][info][gc,start    ] GC(159) Concurrent reset
[118.437s][info][gc,task     ] GC(159) Using 1 of 3 workers for concurrent reset
[118.437s][info][gc,ergo     ] GC(159) Pacer for Reset. Non-Taxable: 2048M
[118.439s][info][gc          ] GC(159) Concurrent reset 2.044ms
[118.440s][info][gc,start    ] GC(159) Pause Init Mark (unload classes)
[118.440s][info][gc,task     ] GC(159) Using 3 of 3 workers for init marking
[118.440s][info][gc,ref      ] GC(159) Clearing All SoftReferences
[118.440s][info][gc,ergo     ] GC(159) Pacer for Mark. Expected Live: 118M, Free: 1170M, Non-Taxable: 117M, Alloc Tax Rate: 0.1x
[118.440s][info][gc          ] GC(159) Pause Init Mark (unload classes) 0.204ms
[118.440s][info][gc,start    ] GC(159) Concurrent marking roots
[118.440s][info][gc,task     ] GC(159) Using 1 of 3 workers for concurrent marking roots
[118.440s][info][gc          ] GC(159) Concurrent marking roots 0.466ms
[118.440s][info][gc,start    ] GC(159) Concurrent marking (unload classes)
[118.440s][info][gc,task     ] GC(159) Using 1 of 3 workers for concurrent marking
[118.444s][info][gc          ] GC(159) Concurrent marking (unload classes) 4.125ms
[118.445s][info][gc,start    ] GC(159) Pause Final Mark (unload classes)
[118.445s][info][gc,task     ] GC(159) Using 3 of 3 workers for final marking
[118.445s][info][gc,ergo     ] GC(159) Collectable Garbage: 728M (99%), Immediate: 728M (99%), CSet: 0B (0%)
[118.445s][info][gc          ] GC(159) Pause Final Mark (unload classes) 0.417ms
[118.445s][info][gc,start    ] GC(159) Concurrent weak references
[118.445s][info][gc,task     ] GC(159) Using 1 of 3 workers for concurrent weak references
[118.445s][info][gc,ref      ] GC(159) Encountered references: Soft: 178, Weak: 683, Final: 0, Phantom: 63
[118.445s][info][gc,ref      ] GC(159) Discovered  references: Soft: 127, Weak: 165, Final: 0, Phantom: 61
[118.445s][info][gc,ref      ] GC(159) Enqueued    references: Soft: 48, Weak: 0, Final: 0, Phantom: 0
[118.445s][info][gc          ] GC(159) Concurrent weak references 0.217ms
[118.445s][info][gc,start    ] GC(159) Concurrent weak roots
[118.445s][info][gc,task     ] GC(159) Using 1 of 3 workers for concurrent weak root
[118.447s][info][gc          ] GC(159) Concurrent weak roots 1.455ms
[118.447s][info][gc,start    ] GC(159) Concurrent cleanup
[118.447s][info][gc          ] GC(159) Concurrent cleanup 739M->11M(2048M) 0.105ms
[118.447s][info][gc,ergo     ] GC(159) Free: 1933M, Max: 1024K regular, 1006M humongous, Frag: 48% external, 0% internal; Reserve: 103M, Max: 1024K
[118.447s][info][gc,start    ] GC(159) Concurrent class unloading
[118.447s][info][gc,task     ] GC(159) Using 1 of 3 workers for concurrent class unloading
[118.451s][info][gc          ] GC(159) Concurrent class unloading 4.294ms
[118.451s][info][gc,start    ] GC(159) Pause Final Roots
[118.451s][info][gc          ] GC(159) Pause Final Roots 0.053ms
[118.452s][info][gc,ergo     ] Free: 1933M, Max: 1024K regular, 1006M humongous, Frag: 48% external, 0% internal; Reserve: 103M, Max: 1024K
[118.452s][info][gc,stats    ] 
[118.452s][info][gc,stats    ] All times are wall-clock times, except per-root-class counters, that are sum over
[118.452s][info][gc,stats    ] all workers. Dividing the <total> over the root stage time estimates parallelism.
[118.452s][info][gc,stats    ] 
[118.452s][info][gc,stats    ] Concurrent Reset                   2062 us
[118.452s][info][gc,stats    ] Pause Init Mark (G)                 353 us
[118.452s][info][gc,stats    ] Pause Init Mark (N)                 221 us
[118.452s][info][gc,stats    ]   Update Region States               69 us
[118.452s][info][gc,stats    ] Concurrent Mark Roots               503 us, parallelism: 0.66x
[118.452s][info][gc,stats    ]   CMR: <total>                      331 us
[118.452s][info][gc,stats    ]   CMR: Thread Roots                 283 us, workers (us): 283, ---, ---, 
[118.452s][info][gc,stats    ]   CMR: VM Strong Roots                9 us, workers (us):   9, ---, ---, 
[118.452s][info][gc,stats    ]   CMR: CLDG Roots                    39 us, workers (us):  39, ---, ---, 
[118.452s][info][gc,stats    ] Concurrent Marking                 4174 us
[118.452s][info][gc,stats    ] Pause Final Mark (G)                565 us
[118.452s][info][gc,stats    ] Pause Final Mark (N)                443 us
[118.452s][info][gc,stats    ]   Finish Mark                       122 us
[118.452s][info][gc,stats    ]   Update Region States              106 us
[118.452s][info][gc,stats    ]   Choose Collection Set              86 us
[118.452s][info][gc,stats    ]   Rebuild Free Set                   19 us
[118.452s][info][gc,stats    ] Concurrent Weak References          238 us, parallelism: 0.06x
[118.452s][info][gc,stats    ]   CWRF: <total>                      13 us
[118.452s][info][gc,stats    ]   CWRF: Weak References              13 us, workers (us):  13, ---, ---, 
[118.452s][info][gc,stats    ] Concurrent Weak Roots              1507 us
[118.452s][info][gc,stats    ]   Roots                            1248 us, parallelism: 0.87x
[118.452s][info][gc,stats    ]     CWR: <total>                   1081 us
[118.452s][info][gc,stats    ]     CWR: Code Cache Roots           902 us, workers (us): 902, ---, ---, 
[118.452s][info][gc,stats    ]     CWR: VM Weak Roots              173 us, workers (us): 173, ---, ---, 
[118.452s][info][gc,stats    ]     CWR: CLDG Roots                   6 us, workers (us):   6, ---, ---, 
[118.452s][info][gc,stats    ]   Rendezvous                        164 us
[118.452s][info][gc,stats    ] Concurrent Cleanup                  123 us
[118.452s][info][gc,stats    ] Concurrent Class Unloading         4360 us
[118.452s][info][gc,stats    ]   Unlink Stale                     3744 us
[118.452s][info][gc,stats    ]     System Dictionary                 8 us
[118.452s][info][gc,stats    ]     Weak Class Links                  0 us
[118.452s][info][gc,stats    ]     Code Roots                     3734 us
[118.452s][info][gc,stats    ]   Rendezvous                        191 us
[118.452s][info][gc,stats    ]   Purge Unlinked                    321 us
[118.452s][info][gc,stats    ]     Code Roots                      311 us
[118.452s][info][gc,stats    ]     CLDG                              9 us
[118.452s][info][gc,stats    ]     Exception Caches                  0 us
[118.452s][info][gc,stats    ] Pause Final Roots (G)               195 us
[118.452s][info][gc,stats    ] Pause Final Roots (N)                75 us
[118.452s][info][gc,stats    ] 
[118.452s][info][gc,stats    ] Allocation pacing accrued:
[118.452s][info][gc,stats    ]       0 of    22 ms (  0.0%): <total>
[118.452s][info][gc,stats    ]       0 of    22 ms (  0.0%): <average total>
[118.452s][info][gc,stats    ] 
[118.452s][info][gc,metaspace] Metaspace: 15972K(16256K)->15972K(16256K) NonClass: 13802K(13952K)->13802K(13952K) Class: 2170K(2304K)->2170K(2304K)
[118.452s][info][gc,ergo     ] Pacer for Idle. Initial: 41943K, Alloc Tax Rate: 1.0x
[119.018s][info][gc          ] Trigger: Learning 2 of 5. Free (1413M) is below initial threshold (1433M)
[119.018s][info][gc,ergo     ] Free: 1412M, Max: 1024K regular, 1006M humongous, Frag: 29% external, 0% internal; Reserve: 103M, Max: 1024K
[119.019s][info][gc,start    ] GC(160) Concurrent reset
[119.019s][info][gc,task     ] GC(160) Using 1 of 3 workers for concurrent reset
[119.019s][info][gc,ergo     ] GC(160) Pacer for Reset. Non-Taxable: 2048M
[119.019s][info][gc          ] GC(160) Concurrent reset 0.371ms
[119.019s][info][gc,start    ] GC(160) Pause Init Mark (unload classes)
[119.019s][info][gc,task     ] GC(160) Using 3 of 3 workers for init marking
[119.019s][info][gc,ergo     ] GC(160) Pacer for Mark. Expected Live: 82007K, Free: 1412M, Non-Taxable: 141M, Alloc Tax Rate: 0.1x
[119.019s][info][gc          ] GC(160) Pause Init Mark (unload classes) 0.291ms
[119.019s][info][gc,start    ] GC(160) Concurrent marking roots
[119.019s][info][gc,task     ] GC(160) Using 1 of 3 workers for concurrent marking roots
[119.020s][info][gc          ] GC(160) Concurrent marking roots 0.861ms
[119.020s][info][gc,start    ] GC(160) Concurrent marking (unload classes)
[119.020s][info][gc,task     ] GC(160) Using 1 of 3 workers for concurrent marking
[119.353s][info][gc          ] GC(160) Concurrent marking (unload classes) 332.493ms
[119.353s][info][gc,start    ] GC(160) Pause Final Mark (unload classes)
[119.353s][info][gc,task     ] GC(160) Using 3 of 3 workers for final marking
[119.353s][info][gc,ergo     ] GC(160) Adaptive CSet Selection. Target Free: 290M, Actual Free: 1251M, Max CSet: 87381K, Min Garbage: 0B
[119.353s][info][gc,ergo     ] GC(160) Collectable Garbage: 195M (60%), Immediate: 27624K (8%), CSet: 168M (52%)
[119.353s][info][gc,ergo     ] GC(160) Pacer for Evacuation. Used CSet: 254M, Free: 1160M, Non-Taxable: 116M, Alloc Tax Rate: 1.1x
[119.353s][info][gc          ] GC(160) Pause Final Mark (unload classes) 0.326ms
[119.364s][info][gc,start    ] GC(160) Concurrent thread roots
[119.364s][info][gc,task     ] GC(160) Using 1 of 3 workers for Concurrent thread roots
[119.364s][info][gc          ] GC(160) Concurrent thread roots 0.552ms
[119.364s][info][gc,start    ] GC(160) Concurrent weak references
[119.364s][info][gc,task     ] GC(160) Using 1 of 3 workers for concurrent weak references
[119.364s][info][gc,ref      ] GC(160) Encountered references: Soft: 133, Weak: 684, Final: 0, Phantom: 63
[119.364s][info][gc,ref      ] GC(160) Discovered  references: Soft: 0, Weak: 152, Final: 0, Phantom: 26
[119.364s][info][gc,ref      ] GC(160) Enqueued    references: Soft: 0, Weak: 0, Final: 0, Phantom: 0
[119.364s][info][gc          ] GC(160) Concurrent weak references 0.076ms
[119.364s][info][gc,start    ] GC(160) Concurrent weak roots
[119.364s][info][gc,task     ] GC(160) Using 1 of 3 workers for concurrent weak root
[119.379s][info][gc          ] GC(160) Concurrent weak roots 14.986ms
[119.379s][info][gc,start    ] GC(160) Concurrent cleanup
[119.379s][info][gc          ] GC(160) Concurrent cleanup 817M->790M(2048M) 0.036ms
[119.379s][info][gc,ergo     ] GC(160) Free: 1138M, Max: 1024K regular, 1102M humongous, Frag: 4% external, 0% internal; Reserve: 89088K, Max: 1024K
[119.380s][info][gc,start    ] GC(160) Concurrent class unloading
[119.380s][info][gc,task     ] GC(160) Using 1 of 3 workers for concurrent class unloading
[119.395s][info][gc          ] GC(160) Concurrent class unloading 15.810ms
[119.395s][info][gc,start    ] GC(160) Concurrent strong roots
[119.395s][info][gc,task     ] GC(160) Using 1 of 3 workers for concurrent strong root
[119.395s][info][gc          ] GC(160) Concurrent strong roots 0.082ms
[119.395s][info][gc,start    ] GC(160) Concurrent evacuation
[119.395s][info][gc,task     ] GC(160) Using 1 of 3 workers for concurrent evacuation
[119.470s][info][gc          ] GC(160) Concurrent evacuation 74.090ms
[119.470s][info][gc,start    ] GC(160) Pause Init Update Refs
[119.470s][info][gc,ergo     ] GC(160) Pacer for Update Refs. Used: 945M, Free: 1054M, Non-Taxable: 105M, Alloc Tax Rate: 1.1x
[119.470s][info][gc          ] GC(160) Pause Init Update Refs 0.072ms
[119.472s][info][gc,start    ] GC(160) Concurrent update references
[119.472s][info][gc,task     ] GC(160) Using 1 of 3 workers for concurrent reference update
[119.903s][info][gc          ] GC(160) Concurrent update references 431.221ms
[119.903s][info][gc,start    ] GC(160) Concurrent update thread roots
[119.904s][info][gc          ] GC(160) Concurrent update thread roots 0.869ms
[119.904s][info][gc,start    ] GC(160) Pause Final Update Refs
[119.904s][info][gc,task     ] GC(160) Using 3 of 3 workers for final reference update
[119.904s][info][gc          ] GC(160) Pause Final Update Refs 0.267ms
[119.904s][info][gc,start    ] GC(160) Concurrent cleanup
[119.904s][info][gc          ] GC(160) Concurrent cleanup 995M->741M(2048M) 0.046ms
[119.904s][info][gc,ergo     ] Free: 1169M, Max: 1024K regular, 918M humongous, Frag: 22% external, 0% internal; Reserve: 103M, Max: 1024K
[119.904s][info][gc,stats    ] 
[119.904s][info][gc,stats    ] All times are wall-clock times, except per-root-class counters, that are sum over
[119.904s][info][gc,stats    ] all workers. Dividing the <total> over the root stage time estimates parallelism.
[119.904s][info][gc,stats    ] 
[119.904s][info][gc,stats    ] Concurrent Reset                    409 us
[119.904s][info][gc,stats    ] Pause Init Mark (G)                 477 us
[119.905s][info][gc,stats    ] Pause Init Mark (N)                 314 us
[119.905s][info][gc,stats    ]   Update Region States              133 us
[119.905s][info][gc,stats    ] Concurrent Mark Roots               870 us, parallelism: 0.79x
[119.905s][info][gc,stats    ]   CMR: <total>                      690 us
[119.905s][info][gc,stats    ]   CMR: Thread Roots                 618 us, workers (us): 618, ---, ---, 
[119.905s][info][gc,stats    ]   CMR: VM Strong Roots                7 us, workers (us):   7, ---, ---, 
[119.905s][info][gc,stats    ]   CMR: CLDG Roots                    65 us, workers (us):  65, ---, ---, 
[119.905s][info][gc,stats    ] Concurrent Marking               332568 us
[119.905s][info][gc,stats    ] Pause Final Mark (G)              10902 us
[119.905s][info][gc,stats    ] Pause Final Mark (N)                335 us
[119.905s][info][gc,stats    ]   Finish Mark                        50 us
[119.905s][info][gc,stats    ]   Update Region States               44 us
[119.905s][info][gc,stats    ]   Choose Collection Set             113 us
[119.905s][info][gc,stats    ]   Rebuild Free Set                    9 us
[119.905s][info][gc,stats    ] Concurrent Thread Roots             572 us, parallelism: 0.76x
[119.905s][info][gc,stats    ]   CTR: <total>                      433 us
[119.905s][info][gc,stats    ]   CTR: Thread Roots                 433 us, workers (us): 433, ---, ---, 
[119.905s][info][gc,stats    ] Concurrent Weak References           83 us, parallelism: 0.16x
[119.905s][info][gc,stats    ]   CWRF: <total>                      14 us
[119.905s][info][gc,stats    ]   CWRF: Weak References              14 us, workers (us):  14, ---, ---, 
[119.905s][info][gc,stats    ] Concurrent Weak Roots             15051 us
[119.905s][info][gc,stats    ]   Roots                            1355 us, parallelism: 0.97x
[119.905s][info][gc,stats    ]     CWR: <total>                   1308 us
[119.905s][info][gc,stats    ]     CWR: Code Cache Roots          1187 us, workers (us): 1187, ---, ---, 
[119.905s][info][gc,stats    ]     CWR: VM Weak Roots              110 us, workers (us): 110, ---, ---, 
[119.905s][info][gc,stats    ]     CWR: CLDG Roots                  11 us, workers (us):  11, ---, ---, 
[119.905s][info][gc,stats    ]   Rendezvous                      13613 us
[119.905s][info][gc,stats    ] Concurrent Cleanup                   44 us
[119.905s][info][gc,stats    ] Concurrent Class Unloading        15868 us
[119.905s][info][gc,stats    ]   Unlink Stale                     4408 us
[119.905s][info][gc,stats    ]     System Dictionary                11 us
[119.905s][info][gc,stats    ]     Weak Class Links                  0 us
[119.905s][info][gc,stats    ]     Code Roots                     4395 us
[119.905s][info][gc,stats    ]   Rendezvous                      11118 us
[119.905s][info][gc,stats    ]   Purge Unlinked                    263 us
[119.905s][info][gc,stats    ]     Code Roots                      258 us
[119.905s][info][gc,stats    ]     CLDG                              5 us
[119.905s][info][gc,stats    ]     Exception Caches                  0 us
[119.905s][info][gc,stats    ] Concurrent Strong Roots              90 us, parallelism: 0.44x
[119.905s][info][gc,stats    ]   CSR: <total>                       40 us
[119.905s][info][gc,stats    ]   CSR: VM Strong Roots                4 us, workers (us):   4, ---, ---, 
[119.905s][info][gc,stats    ]   CSR: CLDG Roots                    35 us, workers (us):  35, ---, ---, 
[119.905s][info][gc,stats    ] Concurrent Evacuation             74162 us
[119.905s][info][gc,stats    ] Pause Init Update Refs (G)         2119 us
[119.905s][info][gc,stats    ] Pause Init Update Refs (N)           80 us
[119.905s][info][gc,stats    ]   Manage GCLABs                       4 us
[119.905s][info][gc,stats    ] Concurrent Update Refs           431291 us
[119.905s][info][gc,stats    ] Concurrent Update Thread Roots      887 us
[119.905s][info][gc,stats    ] Pause Final Update Refs (G)         387 us
[119.905s][info][gc,stats    ] Pause Final Update Refs (N)         316 us
[119.905s][info][gc,stats    ]   Update Region States              124 us
[119.905s][info][gc,stats    ]   Trash Collection Set               16 us
[119.905s][info][gc,stats    ]   Rebuild Free Set                   32 us
[119.905s][info][gc,stats    ] Concurrent Cleanup                   56 us
[119.905s][info][gc,stats    ] 
[119.905s][info][gc,stats    ] Allocation pacing accrued:
[119.905s][info][gc,stats    ]       0 of  1453 ms (  0.0%): <total>
[119.905s][info][gc,stats    ]       0 of  1453 ms (  0.0%): <average total>
[119.905s][info][gc,stats    ] 
[119.905s][info][gc,metaspace] Metaspace: 15972K(16256K)->15972K(16256K) NonClass: 13802K(13952K)->13802K(13952K) Class: 2170K(2304K)->2170K(2304K)
[119.905s][info][gc,ergo     ] Pacer for Idle. Initial: 41943K, Alloc Tax Rate: 1.0x
[119.912s][info][gc          ] Trigger: Explicit GC request (System.gc())
[119.912s][info][gc,ergo     ] Free: 1169M, Max: 1024K regular, 918M humongous, Frag: 22% external, 0% internal; Reserve: 103M, Max: 1024K
[119.912s][info][gc,start    ] GC(161) Concurrent reset
[119.912s][info][gc,task     ] GC(161) Using 1 of 3 workers for concurrent reset
[119.912s][info][gc,ergo     ] GC(161) Pacer for Reset. Non-Taxable: 2048M
[119.914s][info][gc          ] GC(161) Concurrent reset 2.353ms
[119.914s][info][gc,start    ] GC(161) Pause Init Mark (unload classes)
[119.914s][info][gc,task     ] GC(161) Using 3 of 3 workers for init marking
[119.915s][info][gc,ref      ] GC(161) Clearing All SoftReferences
[119.915s][info][gc,ergo     ] GC(161) Pacer for Mark. Expected Live: 118M, Free: 1169M, Non-Taxable: 116M, Alloc Tax Rate: 0.1x
[119.915s][info][gc          ] GC(161) Pause Init Mark (unload classes) 0.282ms
[119.915s][info][gc,start    ] GC(161) Concurrent marking roots
[119.915s][info][gc,task     ] GC(161) Using 1 of 3 workers for concurrent marking roots
[119.915s][info][gc          ] GC(161) Concurrent marking roots 0.513ms
[119.915s][info][gc,start    ] GC(161) Concurrent marking (unload classes)
[119.915s][info][gc,task     ] GC(161) Using 1 of 3 workers for concurrent marking
[119.919s][info][gc          ] GC(161) Concurrent marking (unload classes) 4.141ms
[119.920s][info][gc,start    ] GC(161) Pause Final Mark (unload classes)
[119.920s][info][gc,task     ] GC(161) Using 3 of 3 workers for final marking
[119.920s][info][gc,ergo     ] GC(161) Collectable Garbage: 729M (98%), Immediate: 729M (98%), CSet: 0B (0%)
[119.920s][info][gc          ] GC(161) Pause Final Mark (unload classes) 0.493ms
[119.920s][info][gc,start    ] GC(161) Concurrent weak references
[119.920s][info][gc,task     ] GC(161) Using 1 of 3 workers for concurrent weak references
[119.920s][info][gc,ref      ] GC(161) Encountered references: Soft: 178, Weak: 683, Final: 0, Phantom: 63
[119.920s][info][gc,ref      ] GC(161) Discovered  references: Soft: 127, Weak: 165, Final: 0, Phantom: 61
[119.920s][info][gc,ref      ] GC(161) Enqueued    references: Soft: 48, Weak: 0, Final: 0, Phantom: 0
[119.920s][info][gc          ] GC(161) Concurrent weak references 0.181ms
[119.920s][info][gc,start    ] GC(161) Concurrent weak roots
[119.920s][info][gc,task     ] GC(161) Using 1 of 3 workers for concurrent weak root
[119.921s][info][gc          ] GC(161) Concurrent weak roots 1.012ms
[119.921s][info][gc,start    ] GC(161) Concurrent cleanup
[119.921s][info][gc          ] GC(161) Concurrent cleanup 741M->12M(2048M) 0.057ms
[119.921s][info][gc,ergo     ] GC(161) Free: 1933M, Max: 1024K regular, 1004M humongous, Frag: 49% external, 0% internal; Reserve: 103M, Max: 1024K
[119.921s][info][gc,start    ] GC(161) Concurrent class unloading
[119.921s][info][gc,task     ] GC(161) Using 1 of 3 workers for concurrent class unloading
[119.926s][info][gc          ] GC(161) Concurrent class unloading 4.623ms
[119.926s][info][gc,start    ] GC(161) Pause Final Roots
[119.926s][info][gc          ] GC(161) Pause Final Roots 0.067ms
[119.926s][info][gc,ergo     ] Free: 1933M, Max: 1024K regular, 1004M humongous, Frag: 49% external, 0% internal; Reserve: 103M, Max: 1024K
[119.926s][info][gc,stats    ] 
[119.926s][info][gc,stats    ] All times are wall-clock times, except per-root-class counters, that are sum over
[119.926s][info][gc,stats    ] all workers. Dividing the <total> over the root stage time estimates parallelism.
[119.926s][info][gc,stats    ] 
[119.927s][info][gc,stats    ] Concurrent Reset                   2422 us
[119.927s][info][gc,stats    ] Pause Init Mark (G)                 430 us
[119.927s][info][gc,stats    ] Pause Init Mark (N)                 303 us
[119.927s][info][gc,stats    ]   Update Region States              127 us
[119.927s][info][gc,stats    ] Concurrent Mark Roots               550 us, parallelism: 0.67x
[119.927s][info][gc,stats    ]   CMR: <total>                      371 us
[119.927s][info][gc,stats    ]   CMR: Thread Roots                 323 us, workers (us): 323, ---, ---, 
[119.927s][info][gc,stats    ]   CMR: VM Strong Roots                4 us, workers (us):   4, ---, ---, 
[119.927s][info][gc,stats    ]   CMR: CLDG Roots                    44 us, workers (us):  44, ---, ---, 
[119.927s][info][gc,stats    ] Concurrent Marking                 4198 us
[119.927s][info][gc,stats    ] Pause Final Mark (G)                642 us
[119.927s][info][gc,stats    ] Pause Final Mark (N)                517 us
[119.927s][info][gc,stats    ]   Finish Mark                       163 us
[119.927s][info][gc,stats    ]   Update Region States              124 us
[119.927s][info][gc,stats    ]   Choose Collection Set             101 us
[119.927s][info][gc,stats    ]   Rebuild Free Set                   24 us
[119.927s][info][gc,stats    ] Concurrent Weak References          197 us, parallelism: 0.08x
[119.927s][info][gc,stats    ]   CWRF: <total>                      15 us
[119.927s][info][gc,stats    ]   CWRF: Weak References              15 us, workers (us):  15, ---, ---, 
[119.927s][info][gc,stats    ] Concurrent Weak Roots              1048 us
[119.927s][info][gc,stats    ]   Roots                             887 us, parallelism: 0.92x
[119.927s][info][gc,stats    ]     CWR: <total>                    817 us
[119.927s][info][gc,stats    ]     CWR: Code Cache Roots           736 us, workers (us): 736, ---, ---, 
[119.927s][info][gc,stats    ]     CWR: VM Weak Roots               76 us, workers (us):  76, ---, ---, 
[119.927s][info][gc,stats    ]     CWR: CLDG Roots                   5 us, workers (us):   5, ---, ---, 
[119.927s][info][gc,stats    ]   Rendezvous                         91 us
[119.927s][info][gc,stats    ] Concurrent Cleanup                   65 us
[119.927s][info][gc,stats    ] Concurrent Class Unloading         4672 us
[119.927s][info][gc,stats    ]   Unlink Stale                     4040 us
[119.927s][info][gc,stats    ]     System Dictionary                 6 us
[119.927s][info][gc,stats    ]     Weak Class Links                  0 us
[119.927s][info][gc,stats    ]     Code Roots                     4032 us
[119.927s][info][gc,stats    ]   Rendezvous                        232 us
[119.927s][info][gc,stats    ]   Purge Unlinked                    332 us
[119.927s][info][gc,stats    ]     Code Roots                      318 us
[119.927s][info][gc,stats    ]     CLDG                             13 us
[119.927s][info][gc,stats    ]     Exception Caches                  0 us
[119.927s][info][gc,stats    ] Pause Final Roots (G)               203 us
[119.927s][info][gc,stats    ] Pause Final Roots (N)                86 us
[119.927s][info][gc,stats    ] 
[119.927s][info][gc,stats    ] Allocation pacing accrued:
[119.927s][info][gc,stats    ]       0 of    22 ms (  0.0%): <total>
[119.927s][info][gc,stats    ]       0 of    22 ms (  0.0%): <average total>
[119.927s][info][gc,stats    ] 
[119.927s][info][gc,metaspace] Metaspace: 15972K(16256K)->15972K(16256K) NonClass: 13802K(13952K)->13802K(13952K) Class: 2170K(2304K)->2170K(2304K)
[119.927s][info][gc,ergo     ] Pacer for Idle. Initial: 41943K, Alloc Tax Rate: 1.0x
[120.493s][info][gc          ] Trigger: Learning 2 of 5. Free (1413M) is below initial threshold (1433M)
[120.493s][info][gc,ergo     ] Free: 1413M, Max: 1024K regular, 1004M humongous, Frag: 29% external, 0% internal; Reserve: 103M, Max: 1024K
[120.493s][info][gc,start    ] GC(162) Concurrent reset
[120.493s][info][gc,task     ] GC(162) Using 1 of 3 workers for concurrent reset
[120.493s][info][gc,ergo     ] GC(162) Pacer for Reset. Non-Taxable: 2048M
[120.494s][info][gc          ] GC(162) Concurrent reset 0.406ms
[120.494s][info][gc,start    ] GC(162) Pause Init Mark (unload classes)
[120.494s][info][gc,task     ] GC(162) Using 3 of 3 workers for init marking
[120.494s][info][gc,ergo     ] GC(162) Pacer for Mark. Expected Live: 82047K, Free: 1413M, Non-Taxable: 141M, Alloc Tax Rate: 0.1x
[120.494s][info][gc          ] GC(162) Pause Init Mark (unload classes) 0.174ms
[120.494s][info][gc,start    ] GC(162) Concurrent marking roots
[120.494s][info][gc,task     ] GC(162) Using 1 of 3 workers for concurrent marking roots
[120.494s][info][gc          ] GC(162) Concurrent marking roots 0.423ms
[120.494s][info][gc,start    ] GC(162) Concurrent marking (unload classes)
[120.494s][info][gc,task     ] GC(162) Using 1 of 3 workers for concurrent marking
[120.826s][info][gc          ] GC(162) Concurrent marking (unload classes) 331.176ms
[120.826s][info][gc,start    ] GC(162) Pause Final Mark (unload classes)
[120.826s][info][gc,task     ] GC(162) Using 3 of 3 workers for final marking
[120.826s][info][gc,ergo     ] GC(162) Adaptive CSet Selection. Target Free: 290M, Actual Free: 1252M, Max CSet: 87381K, Min Garbage: 0B
[120.826s][info][gc,ergo     ] GC(162) Collectable Garbage: 195M (60%), Immediate: 28800K (8%), CSet: 167M (52%)
[120.826s][info][gc,ergo     ] GC(162) Pacer for Evacuation. Used CSet: 253M, Free: 1160M, Non-Taxable: 116M, Alloc Tax Rate: 1.1x
[120.826s][info][gc          ] GC(162) Pause Final Mark (unload classes) 0.222ms
[120.841s][info][gc,start    ] GC(162) Concurrent thread roots
[120.841s][info][gc,task     ] GC(162) Using 1 of 3 workers for Concurrent thread roots
[120.842s][info][gc          ] GC(162) Concurrent thread roots 0.511ms
[120.842s][info][gc,start    ] GC(162) Concurrent weak references
[120.842s][info][gc,task     ] GC(162) Using 1 of 3 workers for concurrent weak references
[120.842s][info][gc,ref      ] GC(162) Encountered references: Soft: 133, Weak: 684, Final: 0, Phantom: 63
[120.842s][info][gc,ref      ] GC(162) Discovered  references: Soft: 0, Weak: 152, Final: 0, Phantom: 26
[120.842s][info][gc,ref      ] GC(162) Enqueued    references: Soft: 0, Weak: 0, Final: 0, Phantom: 0
[120.842s][info][gc          ] GC(162) Concurrent weak references 0.071ms
[120.842s][info][gc,start    ] GC(162) Concurrent weak roots
[120.842s][info][gc,task     ] GC(162) Using 1 of 3 workers for concurrent weak root
[120.857s][info][gc          ] GC(162) Concurrent weak roots 15.050ms
[120.857s][info][gc,start    ] GC(162) Concurrent cleanup
[120.857s][info][gc          ] GC(162) Concurrent cleanup 810M->782M(2048M) 0.043ms
[120.857s][info][gc,ergo     ] GC(162) Free: 1146M, Max: 1024K regular, 1108M humongous, Frag: 4% external, 0% internal; Reserve: 93184K, Max: 1024K
[120.857s][info][gc,start    ] GC(162) Concurrent class unloading
[120.857s][info][gc,task     ] GC(162) Using 1 of 3 workers for concurrent class unloading
[120.873s][info][gc          ] GC(162) Concurrent class unloading 16.138ms
[120.873s][info][gc,start    ] GC(162) Concurrent strong roots
[120.873s][info][gc,task     ] GC(162) Using 1 of 3 workers for concurrent strong root
[120.873s][info][gc          ] GC(162) Concurrent strong roots 0.074ms
[120.873s][info][gc,start    ] GC(162) Concurrent evacuation
[120.873s][info][gc,task     ] GC(162) Using 1 of 3 workers for concurrent evacuation
[120.954s][info][gc          ] GC(162) Concurrent evacuation 80.637ms
[120.954s][info][gc,start    ] GC(162) Pause Init Update Refs
[120.954s][info][gc,ergo     ] GC(162) Pacer for Update Refs. Used: 939M, Free: 1059M, Non-Taxable: 105M, Alloc Tax Rate: 1.1x
[120.954s][info][gc          ] GC(162) Pause Init Update Refs 0.142ms
[120.967s][info][gc,start    ] GC(162) Concurrent update references
[120.967s][info][gc,task     ] GC(162) Using 1 of 3 workers for concurrent reference update
[121.387s][info][gc          ] GC(162) Concurrent update references 419.866ms
[121.387s][info][gc,start    ] GC(162) Concurrent update thread roots
[121.387s][info][gc          ] GC(162) Concurrent update thread roots 0.407ms
[121.387s][info][gc,start    ] GC(162) Pause Final Update Refs
[121.387s][info][gc,task     ] GC(162) Using 3 of 3 workers for final reference update
[121.388s][info][gc          ] GC(162) Pause Final Update Refs 0.309ms
[121.388s][info][gc,start    ] GC(162) Concurrent cleanup
[121.388s][info][gc          ] GC(162) Concurrent cleanup 993M->740M(2048M) 0.041ms
[121.388s][info][gc,ergo     ] Free: 1170M, Max: 1024K regular, 920M humongous, Frag: 22% external, 0% internal; Reserve: 103M, Max: 1024K
[121.388s][info][gc,stats    ] 
[121.388s][info][gc,stats    ] All times are wall-clock times, except per-root-class counters, that are sum over
[121.388s][info][gc,stats    ] all workers. Dividing the <total> over the root stage time estimates parallelism.
[121.388s][info][gc,stats    ] 
[121.388s][info][gc,stats    ] Concurrent Reset                    456 us
[121.388s][info][gc,stats    ] Pause Init Mark (G)                 335 us
[121.388s][info][gc,stats    ] Pause Init Mark (N)                 191 us
[121.388s][info][gc,stats    ]   Update Region States               68 us
[121.388s][info][gc,stats    ] Concurrent Mark Roots               445 us, parallelism: 0.80x
[121.388s][info][gc,stats    ]   CMR: <total>                      355 us
[121.388s][info][gc,stats    ]   CMR: Thread Roots                 313 us, workers (us): 313, ---, ---, 
[121.388s][info][gc,stats    ]   CMR: VM Strong Roots                5 us, workers (us):   5, ---, ---, 
[121.388s][info][gc,stats    ]   CMR: CLDG Roots                    37 us, workers (us):  37, ---, ---, 
[121.388s][info][gc,stats    ] Concurrent Marking               331243 us
[121.388s][info][gc,stats    ] Pause Final Mark (G)              15539 us
[121.388s][info][gc,stats    ] Pause Final Mark (N)                231 us
[121.388s][info][gc,stats    ]   Finish Mark                        33 us
[121.388s][info][gc,stats    ]   Update Region States               33 us
[121.388s][info][gc,stats    ]   Choose Collection Set              85 us
[121.388s][info][gc,stats    ]   Rebuild Free Set                    9 us
[121.388s][info][gc,stats    ] Concurrent Thread Roots             534 us, parallelism: 0.74x
[121.388s][info][gc,stats    ]   CTR: <total>                      393 us
[121.388s][info][gc,stats    ]   CTR: Thread Roots                 393 us, workers (us): 393, ---, ---, 
[121.388s][info][gc,stats    ] Concurrent Weak References           77 us, parallelism: 0.19x
[121.388s][info][gc,stats    ]   CWRF: <total>                      15 us
[121.388s][info][gc,stats    ]   CWRF: Weak References              15 us, workers (us):  15, ---, ---, 
[121.388s][info][gc,stats    ] Concurrent Weak Roots             15121 us
[121.388s][info][gc,stats    ]   Roots                             961 us, parallelism: 0.96x
[121.388s][info][gc,stats    ]     CWR: <total>                    922 us
[121.388s][info][gc,stats    ]     CWR: Code Cache Roots           830 us, workers (us): 830, ---, ---, 
[121.388s][info][gc,stats    ]     CWR: VM Weak Roots               84 us, workers (us):  84, ---, ---, 
[121.388s][info][gc,stats    ]     CWR: CLDG Roots                   7 us, workers (us):   7, ---, ---, 
[121.388s][info][gc,stats    ]   Rendezvous                      14070 us
[121.388s][info][gc,stats    ] Concurrent Cleanup                   52 us
[121.388s][info][gc,stats    ] Concurrent Class Unloading        16187 us
[121.388s][info][gc,stats    ]   Unlink Stale                     4363 us
[121.388s][info][gc,stats    ]     System Dictionary                11 us
[121.388s][info][gc,stats    ]     Weak Class Links                  0 us
[121.388s][info][gc,stats    ]     Code Roots                     4350 us
[121.388s][info][gc,stats    ]   Rendezvous                      11496 us
[121.388s][info][gc,stats    ]   Purge Unlinked                    259 us
[121.388s][info][gc,stats    ]     Code Roots                      254 us
[121.388s][info][gc,stats    ]     CLDG                              4 us
[121.388s][info][gc,stats    ]     Exception Caches                  0 us
[121.388s][info][gc,stats    ] Concurrent Strong Roots              82 us, parallelism: 0.45x
[121.388s][info][gc,stats    ]   CSR: <total>                       37 us
[121.388s][info][gc,stats    ]   CSR: VM Strong Roots                4 us, workers (us):   4, ---, ---, 
[121.388s][info][gc,stats    ]   CSR: CLDG Roots                    33 us, workers (us):  33, ---, ---, 
[121.388s][info][gc,stats    ] Concurrent Evacuation             80719 us
[121.388s][info][gc,stats    ] Pause Init Update Refs (G)        12975 us
[121.388s][info][gc,stats    ] Pause Init Update Refs (N)          151 us
[121.388s][info][gc,stats    ]   Manage GCLABs                      19 us
[121.388s][info][gc,stats    ] Concurrent Update Refs           419950 us
[121.388s][info][gc,stats    ] Concurrent Update Thread Roots      426 us
[121.388s][info][gc,stats    ] Pause Final Update Refs (G)         362 us
[121.388s][info][gc,stats    ] Pause Final Update Refs (N)         320 us
[121.388s][info][gc,stats    ]   Update Region States              228 us
[121.388s][info][gc,stats    ]   Trash Collection Set                8 us
[121.388s][info][gc,stats    ]   Rebuild Free Set                   21 us
[121.388s][info][gc,stats    ] Concurrent Cleanup                   50 us
[121.388s][info][gc,stats    ] 
[121.388s][info][gc,stats    ] Allocation pacing accrued:
[121.388s][info][gc,stats    ]       0 of  1461 ms (  0.0%): <total>
[121.388s][info][gc,stats    ]       0 of  1461 ms (  0.0%): <average total>
[121.388s][info][gc,stats    ] 
[121.388s][info][gc,metaspace] Metaspace: 15972K(16256K)->15972K(16256K) NonClass: 13802K(13952K)->13802K(13952K) Class: 2170K(2304K)->2170K(2304K)
[121.388s][info][gc,ergo     ] Pacer for Idle. Initial: 41943K, Alloc Tax Rate: 1.0x
[121.391s][info][gc          ] Trigger: Explicit GC request (System.gc())
[121.391s][info][gc,ergo     ] Free: 1170M, Max: 1024K regular, 920M humongous, Frag: 22% external, 0% internal; Reserve: 103M, Max: 1024K
[121.391s][info][gc,start    ] GC(163) Concurrent reset
[121.391s][info][gc,task     ] GC(163) Using 1 of 3 workers for concurrent reset
[121.391s][info][gc,ergo     ] GC(163) Pacer for Reset. Non-Taxable: 2048M
[121.394s][info][gc          ] GC(163) Concurrent reset 2.440ms
[121.394s][info][gc,start    ] GC(163) Pause Init Mark (unload classes)
[121.394s][info][gc,task     ] GC(163) Using 3 of 3 workers for init marking
[121.394s][info][gc,ref      ] GC(163) Clearing All SoftReferences
[121.394s][info][gc,ergo     ] GC(163) Pacer for Mark. Expected Live: 118M, Free: 1170M, Non-Taxable: 117M, Alloc Tax Rate: 0.1x
[121.394s][info][gc          ] GC(163) Pause Init Mark (unload classes) 0.129ms
[121.394s][info][gc,start    ] GC(163) Concurrent marking roots
[121.394s][info][gc,task     ] GC(163) Using 1 of 3 workers for concurrent marking roots
[121.394s][info][gc          ] GC(163) Concurrent marking roots 0.483ms
[121.394s][info][gc,start    ] GC(163) Concurrent marking (unload classes)
[121.394s][info][gc,task     ] GC(163) Using 1 of 3 workers for concurrent marking
[121.399s][info][gc          ] GC(163) Concurrent marking (unload classes) 4.900ms
[121.399s][info][gc,start    ] GC(163) Pause Final Mark (unload classes)
[121.399s][info][gc,task     ] GC(163) Using 3 of 3 workers for final marking
[121.400s][info][gc,ergo     ] GC(163) Collectable Garbage: 728M (98%), Immediate: 728M (98%), CSet: 0B (0%)
[121.400s][info][gc          ] GC(163) Pause Final Mark (unload classes) 0.331ms
[121.400s][info][gc,start    ] GC(163) Concurrent weak references
[121.400s][info][gc,task     ] GC(163) Using 1 of 3 workers for concurrent weak references
[121.400s][info][gc,ref      ] GC(163) Encountered references: Soft: 178, Weak: 683, Final: 0, Phantom: 63
[121.400s][info][gc,ref      ] GC(163) Discovered  references: Soft: 127, Weak: 165, Final: 0, Phantom: 61
[121.400s][info][gc,ref      ] GC(163) Enqueued    references: Soft: 48, Weak: 0, Final: 0, Phantom: 0
[121.400s][info][gc          ] GC(163) Concurrent weak references 0.180ms
[121.400s][info][gc,start    ] GC(163) Concurrent weak roots
[121.400s][info][gc,task     ] GC(163) Using 1 of 3 workers for concurrent weak root
[121.401s][info][gc          ] GC(163) Concurrent weak roots 1.288ms
[121.401s][info][gc,start    ] GC(163) Concurrent cleanup
[121.401s][info][gc          ] GC(163) Concurrent cleanup 740M->12M(2048M) 0.062ms
[121.401s][info][gc,ergo     ] GC(163) Free: 1933M, Max: 1024K regular, 1006M humongous, Frag: 48% external, 0% internal; Reserve: 103M, Max: 1024K
[121.401s][info][gc,start    ] GC(163) Concurrent class unloading
[121.401s][info][gc,task     ] GC(163) Using 1 of 3 workers for concurrent class unloading
[121.406s][info][gc          ] GC(163) Concurrent class unloading 4.464ms
[121.406s][info][gc,start    ] GC(163) Pause Final Roots
[121.406s][info][gc          ] GC(163) Pause Final Roots 0.035ms
[121.406s][info][gc,ergo     ] Free: 1933M, Max: 1024K regular, 1006M humongous, Frag: 48% external, 0% internal; Reserve: 103M, Max: 1024K
[121.406s][info][gc,stats    ] 
[121.406s][info][gc,stats    ] All times are wall-clock times, except per-root-class counters, that are sum over
[121.406s][info][gc,stats    ] all workers. Dividing the <total> over the root stage time estimates parallelism.
[121.406s][info][gc,stats    ] 
[121.406s][info][gc,stats    ] Concurrent Reset                   2478 us
[121.406s][info][gc,stats    ] Pause Init Mark (G)                 215 us
[121.406s][info][gc,stats    ] Pause Init Mark (N)                 137 us
[121.406s][info][gc,stats    ]   Update Region States               55 us
[121.406s][info][gc,stats    ] Concurrent Mark Roots               500 us, parallelism: 0.73x
[121.406s][info][gc,stats    ]   CMR: <total>                      364 us
[121.406s][info][gc,stats    ]   CMR: Thread Roots                 320 us, workers (us): 320, ---, ---, 
[121.406s][info][gc,stats    ]   CMR: VM Strong Roots                4 us, workers (us):   4, ---, ---, 
[121.406s][info][gc,stats    ]   CMR: CLDG Roots                    40 us, workers (us):  40, ---, ---, 
[121.406s][info][gc,stats    ] Concurrent Marking                 4967 us
[121.406s][info][gc,stats    ] Pause Final Mark (G)                424 us
[121.406s][info][gc,stats    ] Pause Final Mark (N)                352 us
[121.406s][info][gc,stats    ]   Finish Mark                       114 us
[121.406s][info][gc,stats    ]   Update Region States               54 us
[121.406s][info][gc,stats    ]   Choose Collection Set              83 us
[121.406s][info][gc,stats    ]   Rebuild Free Set                   24 us
[121.406s][info][gc,stats    ] Concurrent Weak References          196 us, parallelism: 0.07x
[121.406s][info][gc,stats    ]   CWRF: <total>                      14 us
[121.406s][info][gc,stats    ]   CWRF: Weak References              14 us, workers (us):  14, ---, ---, 
[121.406s][info][gc,stats    ] Concurrent Weak Roots              1305 us
[121.406s][info][gc,stats    ]   Roots                            1188 us, parallelism: 0.93x
[121.406s][info][gc,stats    ]     CWR: <total>                   1100 us
[121.406s][info][gc,stats    ]     CWR: Code Cache Roots           903 us, workers (us): 903, ---, ---, 
[121.406s][info][gc,stats    ]     CWR: VM Weak Roots              192 us, workers (us): 192, ---, ---, 
[121.406s][info][gc,stats    ]     CWR: CLDG Roots                   6 us, workers (us):   6, ---, ---, 
[121.406s][info][gc,stats    ]   Rendezvous                         68 us
[121.406s][info][gc,stats    ] Concurrent Cleanup                   81 us
[121.406s][info][gc,stats    ] Concurrent Class Unloading         4530 us
[121.406s][info][gc,stats    ]   Unlink Stale                     4104 us
[121.406s][info][gc,stats    ]     System Dictionary                 7 us
[121.406s][info][gc,stats    ]     Weak Class Links                  0 us
[121.406s][info][gc,stats    ]     Code Roots                     4095 us
[121.406s][info][gc,stats    ]   Rendezvous                         58 us
[121.406s][info][gc,stats    ]   Purge Unlinked                    192 us
[121.406s][info][gc,stats    ]     Code Roots                      182 us
[121.406s][info][gc,stats    ]     CLDG                              9 us
[121.406s][info][gc,stats    ]     Exception Caches                  0 us
[121.406s][info][gc,stats    ] Pause Final Roots (G)               124 us
[121.406s][info][gc,stats    ] Pause Final Roots (N)                55 us
[121.407s][info][gc,stats    ] 
[121.407s][info][gc,stats    ] Allocation pacing accrued:
[121.407s][info][gc,stats    ]       0 of    18 ms (  0.0%): <total>
[121.407s][info][gc,stats    ]       0 of    18 ms (  0.0%): <average total>
[121.407s][info][gc,stats    ] 
[121.407s][info][gc,metaspace] Metaspace: 15972K(16256K)->15972K(16256K) NonClass: 13802K(13952K)->13802K(13952K) Class: 2170K(2304K)->2170K(2304K)
[121.407s][info][gc,ergo     ] Pacer for Idle. Initial: 41943K, Alloc Tax Rate: 1.0x
[121.973s][info][gc          ] Trigger: Learning 2 of 5. Free (1413M) is below initial threshold (1433M)
[121.973s][info][gc,ergo     ] Free: 1413M, Max: 1024K regular, 1006M humongous, Frag: 29% external, 0% internal; Reserve: 103M, Max: 1024K
[121.973s][info][gc,start    ] GC(164) Concurrent reset
[121.973s][info][gc,task     ] GC(164) Using 1 of 3 workers for concurrent reset
[121.973s][info][gc,ergo     ] GC(164) Pacer for Reset. Non-Taxable: 2048M
[121.973s][info][gc          ] GC(164) Concurrent reset 0.380ms
[121.973s][info][gc,start    ] GC(164) Pause Init Mark (unload classes)
[121.973s][info][gc,task     ] GC(164) Using 3 of 3 workers for init marking
[121.973s][info][gc,ergo     ] GC(164) Pacer for Mark. Expected Live: 82421K, Free: 1412M, Non-Taxable: 141M, Alloc Tax Rate: 0.1x
[121.973s][info][gc          ] GC(164) Pause Init Mark (unload classes) 0.198ms
[121.974s][info][gc,start    ] GC(164) Concurrent marking roots
[121.974s][info][gc,task     ] GC(164) Using 1 of 3 workers for concurrent marking roots
[121.974s][info][gc          ] GC(164) Concurrent marking roots 0.483ms
[121.974s][info][gc,start    ] GC(164) Concurrent marking (unload classes)
[121.974s][info][gc,task     ] GC(164) Using 1 of 3 workers for concurrent marking
[122.319s][info][gc          ] GC(164) Concurrent marking (unload classes) 345.327ms
[122.320s][info][gc,start    ] GC(164) Pause Final Mark (unload classes)
[122.320s][info][gc,task     ] GC(164) Using 3 of 3 workers for final marking
[122.320s][info][gc,ergo     ] GC(164) Adaptive CSet Selection. Target Free: 290M, Actual Free: 1242M, Max CSet: 87381K, Min Garbage: 0B
[122.320s][info][gc,ergo     ] GC(164) Collectable Garbage: 196M (61%), Immediate: 29760K (9%), CSet: 167M (52%)
[122.320s][info][gc,ergo     ] GC(164) Pacer for Evacuation. Used CSet: 253M, Free: 1150M, Non-Taxable: 115M, Alloc Tax Rate: 1.1x
[122.320s][info][gc          ] GC(164) Pause Final Mark (unload classes) 0.249ms
[122.334s][info][gc,start    ] GC(164) Concurrent thread roots
[122.334s][info][gc,task     ] GC(164) Using 1 of 3 workers for Concurrent thread roots
[122.334s][info][gc          ] GC(164) Concurrent thread roots 0.493ms
[122.334s][info][gc,start    ] GC(164) Concurrent weak references
[122.334s][info][gc,task     ] GC(164) Using 1 of 3 workers for concurrent weak references
[122.334s][info][gc,ref      ] GC(164) Encountered references: Soft: 133, Weak: 684, Final: 0, Phantom: 63
[122.334s][info][gc,ref      ] GC(164) Discovered  references: Soft: 0, Weak: 152, Final: 0, Phantom: 26
[122.334s][info][gc,ref      ] GC(164) Enqueued    references: Soft: 0, Weak: 0, Final: 0, Phantom: 0
[122.334s][info][gc          ] GC(164) Concurrent weak references 0.066ms
[122.334s][info][gc,start    ] GC(164) Concurrent weak roots
[122.334s][info][gc,task     ] GC(164) Using 1 of 3 workers for concurrent weak root
[122.343s][info][gc          ] GC(164) Concurrent weak roots 8.877ms
[122.343s][info][gc,start    ] GC(164) Concurrent cleanup
[122.343s][info][gc          ] GC(164) Concurrent cleanup 825M->796M(2048M) 0.096ms
[122.343s][info][gc,ergo     ] GC(164) Free: 1126M, Max: 1024K regular, 1087M humongous, Frag: 4% external, 0% internal; Reserve: 94208K, Max: 1024K
[122.343s][info][gc,start    ] GC(164) Concurrent class unloading
[122.343s][info][gc,task     ] GC(164) Using 1 of 3 workers for concurrent class unloading
[122.351s][info][gc          ] GC(164) Concurrent class unloading 7.242ms
[122.351s][info][gc,start    ] GC(164) Concurrent strong roots
[122.351s][info][gc,task     ] GC(164) Using 1 of 3 workers for concurrent strong root
[122.351s][info][gc          ] GC(164) Concurrent strong roots 0.130ms
[122.351s][info][gc,start    ] GC(164) Concurrent evacuation
[122.351s][info][gc,task     ] GC(164) Using 1 of 3 workers for concurrent evacuation
[122.431s][info][gc          ] GC(164) Concurrent evacuation 79.656ms
[122.431s][info][gc,start    ] GC(164) Pause Init Update Refs
[122.431s][info][gc,ergo     ] GC(164) Pacer for Update Refs. Used: 941M, Free: 1057M, Non-Taxable: 105M, Alloc Tax Rate: 1.1x
[122.431s][info][gc          ] GC(164) Pause Init Update Refs 0.152ms
[122.445s][info][gc,start    ] GC(164) Concurrent update references
[122.445s][info][gc,task     ] GC(164) Using 1 of 3 workers for concurrent reference update
[122.882s][info][gc          ] GC(164) Concurrent update references 437.009ms
[122.882s][info][gc,start    ] GC(164) Concurrent update thread roots
[122.883s][info][gc          ] GC(164) Concurrent update thread roots 0.943ms
[122.883s][info][gc,start    ] GC(164) Pause Final Update Refs
[122.883s][info][gc,task     ] GC(164) Using 3 of 3 workers for final reference update
[122.883s][info][gc          ] GC(164) Pause Final Update Refs 0.311ms
[122.883s][info][gc,start    ] GC(164) Concurrent cleanup
[122.884s][info][gc          ] GC(164) Concurrent cleanup 991M->738M(2048M) 0.081ms
[122.884s][info][gc,ergo     ] Free: 1171M, Max: 1024K regular, 921M humongous, Frag: 22% external, 0% internal; Reserve: 103M, Max: 1024K
[122.884s][info][gc,stats    ] 
[122.884s][info][gc,stats    ] All times are wall-clock times, except per-root-class counters, that are sum over
[122.884s][info][gc,stats    ] all workers. Dividing the <total> over the root stage time estimates parallelism.
[122.884s][info][gc,stats    ] 
[122.884s][info][gc,stats    ] Concurrent Reset                    431 us
[122.884s][info][gc,stats    ] Pause Init Mark (G)                 396 us
[122.884s][info][gc,stats    ] Pause Init Mark (N)                 207 us
[122.884s][info][gc,stats    ]   Update Region States               80 us
[122.884s][info][gc,stats    ] Concurrent Mark Roots               521 us, parallelism: 0.67x
[122.884s][info][gc,stats    ]   CMR: <total>                      348 us
[122.884s][info][gc,stats    ]   CMR: Thread Roots                 307 us, workers (us): 307, ---, ---, 
[122.884s][info][gc,stats    ]   CMR: VM Strong Roots                4 us, workers (us):   4, ---, ---, 
[122.884s][info][gc,stats    ]   CMR: CLDG Roots                    37 us, workers (us):  37, ---, ---, 
[122.884s][info][gc,stats    ] Concurrent Marking               345398 us
[122.884s][info][gc,stats    ] Pause Final Mark (G)              14188 us
[122.884s][info][gc,stats    ] Pause Final Mark (N)                258 us
[122.884s][info][gc,stats    ]   Finish Mark                        41 us
[122.884s][info][gc,stats    ]   Update Region States               36 us
[122.884s][info][gc,stats    ]   Choose Collection Set              94 us
[122.884s][info][gc,stats    ]   Rebuild Free Set                    9 us
[122.884s][info][gc,stats    ] Concurrent Thread Roots             503 us, parallelism: 0.77x
[122.884s][info][gc,stats    ]   CTR: <total>                      386 us
[122.884s][info][gc,stats    ]   CTR: Thread Roots                 386 us, workers (us): 386, ---, ---, 
[122.884s][info][gc,stats    ] Concurrent Weak References           73 us, parallelism: 0.20x
[122.884s][info][gc,stats    ]   CWRF: <total>                      14 us
[122.884s][info][gc,stats    ]   CWRF: Weak References              14 us, workers (us):  14, ---, ---, 
[122.884s][info][gc,stats    ] Concurrent Weak Roots              9056 us
[122.884s][info][gc,stats    ]   Roots                            1242 us, parallelism: 0.97x
[122.884s][info][gc,stats    ]     CWR: <total>                   1204 us
[122.884s][info][gc,stats    ]     CWR: Code Cache Roots          1103 us, workers (us): 1103, ---, ---, 
[122.884s][info][gc,stats    ]     CWR: VM Weak Roots               94 us, workers (us):  94, ---, ---, 
[122.884s][info][gc,stats    ]     CWR: CLDG Roots                   7 us, workers (us):   7, ---, ---, 
[122.884s][info][gc,stats    ]   Rendezvous                       7607 us
[122.884s][info][gc,stats    ] Concurrent Cleanup                  107 us
[122.884s][info][gc,stats    ] Concurrent Class Unloading         7297 us
[122.884s][info][gc,stats    ]   Unlink Stale                     4771 us
[122.884s][info][gc,stats    ]     System Dictionary                25 us
[122.884s][info][gc,stats    ]     Weak Class Links                  1 us
[122.884s][info][gc,stats    ]     Code Roots                     4744 us
[122.884s][info][gc,stats    ]   Rendezvous                       2101 us
[122.884s][info][gc,stats    ]   Purge Unlinked                    345 us
[122.884s][info][gc,stats    ]     Code Roots                      341 us
[122.884s][info][gc,stats    ]     CLDG                              3 us
[122.884s][info][gc,stats    ]     Exception Caches                  0 us
[122.884s][info][gc,stats    ] Concurrent Strong Roots             152 us, parallelism: 0.28x
[122.884s][info][gc,stats    ]   CSR: <total>                       43 us
[122.884s][info][gc,stats    ]   CSR: VM Strong Roots                4 us, workers (us):   4, ---, ---, 
[122.884s][info][gc,stats    ]   CSR: CLDG Roots                    39 us, workers (us):  39, ---, ---, 
[122.884s][info][gc,stats    ] Concurrent Evacuation             79730 us
[122.884s][info][gc,stats    ] Pause Init Update Refs (G)        14311 us
[122.884s][info][gc,stats    ] Pause Init Update Refs (N)          161 us
[122.884s][info][gc,stats    ]   Manage GCLABs                      26 us
[122.884s][info][gc,stats    ] Concurrent Update Refs           437079 us
[122.884s][info][gc,stats    ] Concurrent Update Thread Roots      981 us
[122.884s][info][gc,stats    ] Pause Final Update Refs (G)         488 us
[122.884s][info][gc,stats    ] Pause Final Update Refs (N)         361 us
[122.884s][info][gc,stats    ]   Update Region States              163 us
[122.884s][info][gc,stats    ]   Trash Collection Set               15 us
[122.884s][info][gc,stats    ]   Rebuild Free Set                   34 us
[122.884s][info][gc,stats    ] Concurrent Cleanup                  102 us
[122.884s][info][gc,stats    ] 
[122.884s][info][gc,stats    ] Allocation pacing accrued:
[122.884s][info][gc,stats    ]       0 of  1478 ms (  0.0%): <total>
[122.884s][info][gc,stats    ]       0 of  1478 ms (  0.0%): <average total>
[122.885s][info][gc,stats    ] 
[122.885s][info][gc,metaspace] Metaspace: 15972K(16256K)->15972K(16256K) NonClass: 13802K(13952K)->13802K(13952K) Class: 2170K(2304K)->2170K(2304K)
[122.885s][info][gc,ergo     ] Pacer for Idle. Initial: 41943K, Alloc Tax Rate: 1.0x
[122.899s][info][gc          ] Trigger: Explicit GC request (System.gc())
[122.899s][info][gc,ergo     ] Free: 1171M, Max: 1024K regular, 921M humongous, Frag: 22% external, 0% internal; Reserve: 103M, Max: 1024K
[122.899s][info][gc,start    ] GC(165) Concurrent reset
[122.899s][info][gc,task     ] GC(165) Using 1 of 3 workers for concurrent reset
[122.899s][info][gc,ergo     ] GC(165) Pacer for Reset. Non-Taxable: 2048M
[122.902s][info][gc          ] GC(165) Concurrent reset 3.003ms
[122.902s][info][gc,start    ] GC(165) Pause Init Mark (unload classes)
[122.902s][info][gc,task     ] GC(165) Using 3 of 3 workers for init marking
[122.903s][info][gc,ref      ] GC(165) Clearing All SoftReferences
[122.903s][info][gc,ergo     ] GC(165) Pacer for Mark. Expected Live: 118M, Free: 1171M, Non-Taxable: 117M, Alloc Tax Rate: 0.1x
[122.903s][info][gc          ] GC(165) Pause Init Mark (unload classes) 0.219ms
[122.903s][info][gc,start    ] GC(165) Concurrent marking roots
[122.903s][info][gc,task     ] GC(165) Using 1 of 3 workers for concurrent marking roots
[122.903s][info][gc          ] GC(165) Concurrent marking roots 0.533ms
[122.903s][info][gc,start    ] GC(165) Concurrent marking (unload classes)
[122.903s][info][gc,task     ] GC(165) Using 1 of 3 workers for concurrent marking
[122.908s][info][gc          ] GC(165) Concurrent marking (unload classes) 4.613ms
[122.908s][info][gc,start    ] GC(165) Pause Final Mark (unload classes)
[122.908s][info][gc,task     ] GC(165) Using 3 of 3 workers for final marking
[122.908s][info][gc,ergo     ] GC(165) Collectable Garbage: 727M (99%), Immediate: 727M (99%), CSet: 0B (0%)
[122.909s][info][gc          ] GC(165) Pause Final Mark (unload classes) 0.518ms
[122.909s][info][gc,start    ] GC(165) Concurrent weak references
[122.909s][info][gc,task     ] GC(165) Using 1 of 3 workers for concurrent weak references
[122.909s][info][gc,ref      ] GC(165) Encountered references: Soft: 178, Weak: 683, Final: 0, Phantom: 63
[122.909s][info][gc,ref      ] GC(165) Discovered  references: Soft: 127, Weak: 165, Final: 0, Phantom: 61
[122.909s][info][gc,ref      ] GC(165) Enqueued    references: Soft: 48, Weak: 0, Final: 0, Phantom: 0
[122.909s][info][gc          ] GC(165) Concurrent weak references 0.130ms
[122.909s][info][gc,start    ] GC(165) Concurrent weak roots
[122.909s][info][gc,task     ] GC(165) Using 1 of 3 workers for concurrent weak root
[122.910s][info][gc          ] GC(165) Concurrent weak roots 0.959ms
[122.910s][info][gc,start    ] GC(165) Concurrent cleanup
[122.910s][info][gc          ] GC(165) Concurrent cleanup 738M->11M(2048M) 0.058ms
[122.910s][info][gc,ergo     ] GC(165) Free: 1933M, Max: 1024K regular, 1006M humongous, Frag: 48% external, 0% internal; Reserve: 103M, Max: 1024K
[122.910s][info][gc,start    ] GC(165) Concurrent class unloading
[122.910s][info][gc,task     ] GC(165) Using 1 of 3 workers for concurrent class unloading
[122.914s][info][gc          ] GC(165) Concurrent class unloading 4.301ms
[122.914s][info][gc,start    ] GC(165) Pause Final Roots
[122.914s][info][gc          ] GC(165) Pause Final Roots 0.068ms
[122.914s][info][gc,ergo     ] Free: 1933M, Max: 1024K regular, 1006M humongous, Frag: 48% external, 0% internal; Reserve: 103M, Max: 1024K
[122.914s][info][gc,stats    ] 
[122.914s][info][gc,stats    ] All times are wall-clock times, except per-root-class counters, that are sum over
[122.914s][info][gc,stats    ] all workers. Dividing the <total> over the root stage time estimates parallelism.
[122.914s][info][gc,stats    ] 
[122.914s][info][gc,stats    ] Concurrent Reset                   3097 us
[122.914s][info][gc,stats    ] Pause Init Mark (G)                 369 us
[122.914s][info][gc,stats    ] Pause Init Mark (N)                 236 us
[122.914s][info][gc,stats    ]   Update Region States               89 us
[122.914s][info][gc,stats    ] Concurrent Mark Roots               559 us, parallelism: 0.70x
[122.914s][info][gc,stats    ]   CMR: <total>                      389 us
[122.914s][info][gc,stats    ]   CMR: Thread Roots                 337 us, workers (us): 337, ---, ---, 
[122.914s][info][gc,stats    ]   CMR: VM Strong Roots                5 us, workers (us):   5, ---, ---, 
[122.914s][info][gc,stats    ]   CMR: CLDG Roots                    47 us, workers (us):  47, ---, ---, 
[122.914s][info][gc,stats    ] Concurrent Marking                 4677 us
[122.914s][info][gc,stats    ] Pause Final Mark (G)                650 us
[122.914s][info][gc,stats    ] Pause Final Mark (N)                543 us
[122.915s][info][gc,stats    ]   Finish Mark                       169 us
[122.915s][info][gc,stats    ]   Update Region States              123 us
[122.915s][info][gc,stats    ]   Choose Collection Set             102 us
[122.915s][info][gc,stats    ]   Rebuild Free Set                   24 us
[122.915s][info][gc,stats    ] Concurrent Weak References          138 us, parallelism: 0.10x
[122.915s][info][gc,stats    ]   CWRF: <total>                      14 us
[122.915s][info][gc,stats    ]   CWRF: Weak References              14 us, workers (us):  14, ---, ---, 
[122.915s][info][gc,stats    ] Concurrent Weak Roots               995 us
[122.915s][info][gc,stats    ]   Roots                             877 us, parallelism: 0.92x
[122.915s][info][gc,stats    ]     CWR: <total>                    811 us
[122.915s][info][gc,stats    ]     CWR: Code Cache Roots           733 us, workers (us): 733, ---, ---, 
[122.915s][info][gc,stats    ]     CWR: VM Weak Roots               73 us, workers (us):  73, ---, ---, 
[122.915s][info][gc,stats    ]     CWR: CLDG Roots                   5 us, workers (us):   5, ---, ---, 
[122.915s][info][gc,stats    ]   Rendezvous                         65 us
[122.915s][info][gc,stats    ] Concurrent Cleanup                   66 us
[122.915s][info][gc,stats    ] Concurrent Class Unloading         4350 us
[122.915s][info][gc,stats    ]   Unlink Stale                     3743 us
[122.915s][info][gc,stats    ]     System Dictionary                 6 us
[122.915s][info][gc,stats    ]     Weak Class Links                  0 us
[122.915s][info][gc,stats    ]     Code Roots                     3735 us
[122.915s][info][gc,stats    ]   Rendezvous                        208 us
[122.915s][info][gc,stats    ]   Purge Unlinked                    330 us
[122.915s][info][gc,stats    ]     Code Roots                      317 us
[122.915s][info][gc,stats    ]     CLDG                             12 us
[122.915s][info][gc,stats    ]     Exception Caches                  0 us
[122.915s][info][gc,stats    ] Pause Final Roots (G)               178 us
[122.915s][info][gc,stats    ] Pause Final Roots (N)                87 us
[122.915s][info][gc,stats    ] 
[122.915s][info][gc,stats    ] Allocation pacing accrued:
[122.915s][info][gc,stats    ]       0 of    30 ms (  0.0%): <total>
[122.915s][info][gc,stats    ]       0 of    30 ms (  0.0%): <average total>
[122.915s][info][gc,stats    ] 
[122.915s][info][gc,metaspace] Metaspace: 15972K(16256K)->15972K(16256K) NonClass: 13802K(13952K)->13802K(13952K) Class: 2170K(2304K)->2170K(2304K)
[122.915s][info][gc,ergo     ] Pacer for Idle. Initial: 41943K, Alloc Tax Rate: 1.0x
[123.480s][info][gc          ] Trigger: Learning 2 of 5. Free (1413M) is below initial threshold (1433M)
[123.480s][info][gc,ergo     ] Free: 1413M, Max: 1024K regular, 1006M humongous, Frag: 29% external, 0% internal; Reserve: 103M, Max: 1024K
[123.480s][info][gc,start    ] GC(166) Concurrent reset
[123.480s][info][gc,task     ] GC(166) Using 1 of 3 workers for concurrent reset
[123.481s][info][gc,ergo     ] GC(166) Pacer for Reset. Non-Taxable: 2048M
[123.481s][info][gc          ] GC(166) Concurrent reset 0.346ms
[123.481s][info][gc,start    ] GC(166) Pause Init Mark (unload classes)
[123.481s][info][gc,task     ] GC(166) Using 3 of 3 workers for init marking
[123.481s][info][gc,ergo     ] GC(166) Pacer for Mark. Expected Live: 82391K, Free: 1412M, Non-Taxable: 141M, Alloc Tax Rate: 0.1x
[123.481s][info][gc          ] GC(166) Pause Init Mark (unload classes) 0.265ms
[123.481s][info][gc,start    ] GC(166) Concurrent marking roots
[123.481s][info][gc,task     ] GC(166) Using 1 of 3 workers for concurrent marking roots
[123.482s][info][gc          ] GC(166) Concurrent marking roots 0.773ms
[123.482s][info][gc,start    ] GC(166) Concurrent marking (unload classes)
[123.482s][info][gc,task     ] GC(166) Using 1 of 3 workers for concurrent marking
[123.863s][info][gc          ] GC(166) Concurrent marking (unload classes) 380.909ms
[123.863s][info][gc,start    ] GC(166) Pause Final Mark (unload classes)
[123.863s][info][gc,task     ] GC(166) Using 3 of 3 workers for final marking
[123.863s][info][gc,ergo     ] GC(166) Adaptive CSet Selection. Target Free: 290M, Actual Free: 1195M, Max CSet: 87381K, Min Garbage: 0B
[123.863s][info][gc,ergo     ] GC(166) Collectable Garbage: 196M (61%), Immediate: 29342K (8%), CSet: 167M (52%)
[123.863s][info][gc,ergo     ] GC(166) Pacer for Evacuation. Used CSet: 253M, Free: 1105M, Non-Taxable: 110M, Alloc Tax Rate: 1.1x
[123.863s][info][gc          ] GC(166) Pause Final Mark (unload classes) 0.239ms
[123.905s][info][gc,start    ] GC(166) Concurrent thread roots
[123.905s][info][gc,task     ] GC(166) Using 1 of 3 workers for Concurrent thread roots
[123.905s][info][gc          ] GC(166) Concurrent thread roots 0.453ms
[123.905s][info][gc,start    ] GC(166) Concurrent weak references
[123.905s][info][gc,task     ] GC(166) Using 1 of 3 workers for concurrent weak references
[123.905s][info][gc,ref      ] GC(166) Encountered references: Soft: 133, Weak: 684, Final: 0, Phantom: 63
[123.905s][info][gc,ref      ] GC(166) Discovered  references: Soft: 0, Weak: 153, Final: 0, Phantom: 26
[123.905s][info][gc,ref      ] GC(166) Enqueued    references: Soft: 0, Weak: 0, Final: 0, Phantom: 0
[123.905s][info][gc          ] GC(166) Concurrent weak references 0.074ms
[123.905s][info][gc,start    ] GC(166) Concurrent weak roots
[123.905s][info][gc,task     ] GC(166) Using 1 of 3 workers for concurrent weak root
[123.913s][info][gc          ] GC(166) Concurrent weak roots 7.888ms
[123.913s][info][gc,start    ] GC(166) Concurrent cleanup
[123.913s][info][gc          ] GC(166) Concurrent cleanup 893M->865M(2048M) 0.037ms
[123.913s][info][gc,ergo     ] GC(166) Free: 1066M, Max: 1024K regular, 1027M humongous, Frag: 4% external, 0% internal; Reserve: 83949K, Max: 1024K
[123.913s][info][gc,start    ] GC(166) Concurrent class unloading
[123.913s][info][gc,task     ] GC(166) Using 1 of 3 workers for concurrent class unloading
[123.921s][info][gc          ] GC(166) Concurrent class unloading 7.389ms
[123.921s][info][gc,start    ] GC(166) Concurrent strong roots
[123.921s][info][gc,task     ] GC(166) Using 1 of 3 workers for concurrent strong root
[123.921s][info][gc          ] GC(166) Concurrent strong roots 0.082ms
[123.921s][info][gc,start    ] GC(166) Concurrent evacuation
[123.921s][info][gc,task     ] GC(166) Using 1 of 3 workers for concurrent evacuation
[123.996s][info][gc          ] GC(166) Concurrent evacuation 74.884ms
[123.996s][info][gc,start    ] GC(166) Pause Init Update Refs
[123.996s][info][gc,ergo     ] GC(166) Pacer for Update Refs. Used: 988M, Free: 1011M, Non-Taxable: 101M, Alloc Tax Rate: 1.2x
[123.996s][info][gc          ] GC(166) Pause Init Update Refs 0.083ms
[123.996s][info][gc,start    ] GC(166) Concurrent update references
[123.996s][info][gc,task     ] GC(166) Using 1 of 3 workers for concurrent reference update
[124.498s][info][gc          ] GC(166) Concurrent update references 501.510ms
[124.498s][info][gc,start    ] GC(166) Concurrent update thread roots
[124.498s][info][gc          ] GC(166) Concurrent update thread roots 0.657ms
[124.498s][info][gc,start    ] GC(166) Pause Final Update Refs
[124.499s][info][gc,task     ] GC(166) Using 3 of 3 workers for final reference update
[124.499s][info][gc          ] GC(166) Pause Final Update Refs 0.168ms
[124.499s][info][gc,start    ] GC(166) Concurrent cleanup
[124.499s][info][gc          ] GC(166) Concurrent cleanup 992M->739M(2048M) 0.050ms
[124.499s][info][gc,ergo     ] Free: 1170M, Max: 1024K regular, 920M humongous, Frag: 22% external, 0% internal; Reserve: 103M, Max: 1024K
[124.499s][info][gc,stats    ] 
[124.499s][info][gc,stats    ] All times are wall-clock times, except per-root-class counters, that are sum over
[124.499s][info][gc,stats    ] all workers. Dividing the <total> over the root stage time estimates parallelism.
[124.499s][info][gc,stats    ] 
[124.499s][info][gc,stats    ] Concurrent Reset                    413 us
[124.499s][info][gc,stats    ] Pause Init Mark (G)                 476 us
[124.499s][info][gc,stats    ] Pause Init Mark (N)                 288 us
[124.499s][info][gc,stats    ]   Update Region States              128 us
[124.499s][info][gc,stats    ] Concurrent Mark Roots               796 us, parallelism: 0.84x
[124.499s][info][gc,stats    ]   CMR: <total>                      669 us
[124.499s][info][gc,stats    ]   CMR: Thread Roots                 599 us, workers (us): 599, ---, ---, 
[124.499s][info][gc,stats    ]   CMR: VM Strong Roots                6 us, workers (us):   6, ---, ---, 
[124.499s][info][gc,stats    ]   CMR: CLDG Roots                    65 us, workers (us):  65, ---, ---, 
[124.499s][info][gc,stats    ] Concurrent Marking               380965 us
[124.499s][info][gc,stats    ] Pause Final Mark (G)              41783 us
[124.499s][info][gc,stats    ] Pause Final Mark (N)                248 us
[124.499s][info][gc,stats    ]   Finish Mark                        37 us
[124.499s][info][gc,stats    ]   Update Region States               31 us
[124.499s][info][gc,stats    ]   Choose Collection Set             106 us
[124.499s][info][gc,stats    ]   Rebuild Free Set                    9 us
[124.499s][info][gc,stats    ] Concurrent Thread Roots             473 us, parallelism: 0.73x
[124.499s][info][gc,stats    ]   CTR: <total>                      346 us
[124.499s][info][gc,stats    ]   CTR: Thread Roots                 346 us, workers (us): 346, ---, ---, 
[124.499s][info][gc,stats    ] Concurrent Weak References           81 us, parallelism: 0.17x
[124.499s][info][gc,stats    ]   CWRF: <total>                      14 us
[124.499s][info][gc,stats    ]   CWRF: Weak References              14 us, workers (us):  14, ---, ---, 
[124.499s][info][gc,stats    ] Concurrent Weak Roots              7937 us
[124.499s][info][gc,stats    ]   Roots                            1124 us, parallelism: 0.95x
[124.499s][info][gc,stats    ]     CWR: <total>                   1071 us
[124.499s][info][gc,stats    ]     CWR: Code Cache Roots           974 us, workers (us): 974, ---, ---, 
[124.499s][info][gc,stats    ]     CWR: VM Weak Roots               88 us, workers (us):  88, ---, ---, 
[124.499s][info][gc,stats    ]     CWR: CLDG Roots                   9 us, workers (us):   9, ---, ---, 
[124.499s][info][gc,stats    ]   Rendezvous                       6748 us
[124.499s][info][gc,stats    ] Concurrent Cleanup                   45 us
[124.499s][info][gc,stats    ] Concurrent Class Unloading         7445 us
[124.499s][info][gc,stats    ]   Unlink Stale                     4043 us
[124.499s][info][gc,stats    ]     System Dictionary                10 us
[124.499s][info][gc,stats    ]     Weak Class Links                  0 us
[124.499s][info][gc,stats    ]     Code Roots                     4031 us
[124.499s][info][gc,stats    ]   Rendezvous                       3056 us
[124.499s][info][gc,stats    ]   Purge Unlinked                    270 us
[124.499s][info][gc,stats    ]     Code Roots                      263 us
[124.499s][info][gc,stats    ]     CLDG                              7 us
[124.499s][info][gc,stats    ]     Exception Caches                  0 us
[124.499s][info][gc,stats    ] Concurrent Strong Roots             102 us, parallelism: 0.39x
[124.499s][info][gc,stats    ]   CSR: <total>                       40 us
[124.499s][info][gc,stats    ]   CSR: VM Strong Roots                4 us, workers (us):   4, ---, ---, 
[124.499s][info][gc,stats    ]   CSR: CLDG Roots                    35 us, workers (us):  35, ---, ---, 
[124.499s][info][gc,stats    ] Concurrent Evacuation             74959 us
[124.499s][info][gc,stats    ] Pause Init Update Refs (G)          187 us
[124.499s][info][gc,stats    ] Pause Init Update Refs (N)          100 us
[124.499s][info][gc,stats    ]   Manage GCLABs                       4 us
[124.499s][info][gc,stats    ] Concurrent Update Refs           501591 us
[124.499s][info][gc,stats    ] Concurrent Update Thread Roots      675 us
[124.499s][info][gc,stats    ] Pause Final Update Refs (G)         249 us
[124.499s][info][gc,stats    ] Pause Final Update Refs (N)         190 us
[124.499s][info][gc,stats    ]   Update Region States               62 us
[124.499s][info][gc,stats    ]   Trash Collection Set                9 us
[124.499s][info][gc,stats    ]   Rebuild Free Set                   20 us
[124.499s][info][gc,stats    ] Concurrent Cleanup                   59 us
[124.499s][info][gc,stats    ] 
[124.499s][info][gc,stats    ] Allocation pacing accrued:
[124.499s][info][gc,stats    ]       0 of  1585 ms (  0.0%): <total>
[124.499s][info][gc,stats    ]       0 of  1585 ms (  0.0%): <average total>
[124.499s][info][gc,stats    ] 
[124.499s][info][gc,metaspace] Metaspace: 15972K(16256K)->15972K(16256K) NonClass: 13802K(13952K)->13802K(13952K) Class: 2170K(2304K)->2170K(2304K)
[124.499s][info][gc,ergo     ] Pacer for Idle. Initial: 41943K, Alloc Tax Rate: 1.0x
[124.515s][info][gc          ] Trigger: Explicit GC request (System.gc())
[124.515s][info][gc,ergo     ] Free: 1170M, Max: 1024K regular, 920M humongous, Frag: 22% external, 0% internal; Reserve: 103M, Max: 1024K
[124.515s][info][gc,start    ] GC(167) Concurrent reset
[124.515s][info][gc,task     ] GC(167) Using 1 of 3 workers for concurrent reset
[124.515s][info][gc,ergo     ] GC(167) Pacer for Reset. Non-Taxable: 2048M
[124.518s][info][gc          ] GC(167) Concurrent reset 3.032ms
[124.518s][info][gc,start    ] GC(167) Pause Init Mark (unload classes)
[124.518s][info][gc,task     ] GC(167) Using 3 of 3 workers for init marking
[124.518s][info][gc,ref      ] GC(167) Clearing All SoftReferences
[124.518s][info][gc,ergo     ] GC(167) Pacer for Mark. Expected Live: 118M, Free: 1170M, Non-Taxable: 117M, Alloc Tax Rate: 0.1x
[124.518s][info][gc          ] GC(167) Pause Init Mark (unload classes) 0.232ms
[124.518s][info][gc,start    ] GC(167) Concurrent marking roots
[124.518s][info][gc,task     ] GC(167) Using 1 of 3 workers for concurrent marking roots
[124.519s][info][gc          ] GC(167) Concurrent marking roots 0.535ms
[124.519s][info][gc,start    ] GC(167) Concurrent marking (unload classes)
[124.519s][info][gc,task     ] GC(167) Using 1 of 3 workers for concurrent marking
[124.524s][info][gc          ] GC(167) Concurrent marking (unload classes) 5.007ms
[124.524s][info][gc,start    ] GC(167) Pause Final Mark (unload classes)
[124.524s][info][gc,task     ] GC(167) Using 3 of 3 workers for final marking
[124.525s][info][gc,ergo     ] GC(167) Collectable Garbage: 727M (98%), Immediate: 727M (98%), CSet: 0B (0%)
[124.525s][info][gc          ] GC(167) Pause Final Mark (unload classes) 0.400ms
[124.525s][info][gc,start    ] GC(167) Concurrent weak references
[124.525s][info][gc,task     ] GC(167) Using 1 of 3 workers for concurrent weak references
[124.525s][info][gc,ref      ] GC(167) Encountered references: Soft: 178, Weak: 683, Final: 0, Phantom: 63
[124.525s][info][gc,ref      ] GC(167) Discovered  references: Soft: 127, Weak: 165, Final: 0, Phantom: 61
[124.525s][info][gc,ref      ] GC(167) Enqueued    references: Soft: 48, Weak: 0, Final: 0, Phantom: 0
[124.525s][info][gc          ] GC(167) Concurrent weak references 0.157ms
[124.525s][info][gc,start    ] GC(167) Concurrent weak roots
[124.525s][info][gc,task     ] GC(167) Using 1 of 3 workers for concurrent weak root
[124.526s][info][gc          ] GC(167) Concurrent weak roots 1.105ms
[124.526s][info][gc,start    ] GC(167) Concurrent cleanup
[124.526s][info][gc          ] GC(167) Concurrent cleanup 739M->12M(2048M) 0.052ms
[124.526s][info][gc,ergo     ] GC(167) Free: 1932M, Max: 1024K regular, 1005M humongous, Frag: 48% external, 0% internal; Reserve: 103M, Max: 1024K
[124.526s][info][gc,start    ] GC(167) Concurrent class unloading
[124.526s][info][gc,task     ] GC(167) Using 1 of 3 workers for concurrent class unloading
[124.531s][info][gc          ] GC(167) Concurrent class unloading 4.754ms
[124.531s][info][gc,start    ] GC(167) Pause Final Roots
[124.531s][info][gc          ] GC(167) Pause Final Roots 0.050ms
[124.531s][info][gc,ergo     ] Free: 1932M, Max: 1024K regular, 1005M humongous, Frag: 48% external, 0% internal; Reserve: 103M, Max: 1024K
[124.531s][info][gc,stats    ] 
[124.531s][info][gc,stats    ] All times are wall-clock times, except per-root-class counters, that are sum over
[124.531s][info][gc,stats    ] all workers. Dividing the <total> over the root stage time estimates parallelism.
[124.531s][info][gc,stats    ] 
[124.531s][info][gc,stats    ] Concurrent Reset                   3087 us
[124.531s][info][gc,stats    ] Pause Init Mark (G)                 414 us
[124.531s][info][gc,stats    ] Pause Init Mark (N)                 250 us
[124.531s][info][gc,stats    ]   Update Region States               94 us
[124.531s][info][gc,stats    ] Concurrent Mark Roots               553 us, parallelism: 0.81x
[124.531s][info][gc,stats    ]   CMR: <total>                      446 us
[124.531s][info][gc,stats    ]   CMR: Thread Roots                 371 us, workers (us): 371, ---, ---, 
[124.531s][info][gc,stats    ]   CMR: VM Strong Roots               17 us, workers (us):  17, ---, ---, 
[124.531s][info][gc,stats    ]   CMR: CLDG Roots                    58 us, workers (us):  58, ---, ---, 
[124.531s][info][gc,stats    ] Concurrent Marking                 5072 us
[124.531s][info][gc,stats    ] Pause Final Mark (G)                550 us
[124.531s][info][gc,stats    ] Pause Final Mark (N)                419 us
[124.531s][info][gc,stats    ]   Finish Mark                       146 us
[124.531s][info][gc,stats    ]   Update Region States               78 us
[124.531s][info][gc,stats    ]   Choose Collection Set              79 us
[124.531s][info][gc,stats    ]   Rebuild Free Set                   19 us
[124.531s][info][gc,stats    ] Concurrent Weak References          164 us, parallelism: 0.12x
[124.531s][info][gc,stats    ]   CWRF: <total>                      20 us
[124.531s][info][gc,stats    ]   CWRF: Weak References              20 us, workers (us):  20, ---, ---, 
[124.531s][info][gc,stats    ] Concurrent Weak Roots              1123 us
[124.531s][info][gc,stats    ]   Roots                             994 us, parallelism: 0.96x
[124.531s][info][gc,stats    ]     CWR: <total>                    953 us
[124.531s][info][gc,stats    ]     CWR: Code Cache Roots           864 us, workers (us): 864, ---, ---, 
[124.531s][info][gc,stats    ]     CWR: VM Weak Roots               86 us, workers (us):  86, ---, ---, 
[124.531s][info][gc,stats    ]     CWR: CLDG Roots                   3 us, workers (us):   3, ---, ---, 
[124.531s][info][gc,stats    ]   Rendezvous                         96 us
[124.531s][info][gc,stats    ] Concurrent Cleanup                   60 us
[124.531s][info][gc,stats    ] Concurrent Class Unloading         4818 us
[124.531s][info][gc,stats    ]   Unlink Stale                     4439 us
[124.531s][info][gc,stats    ]     System Dictionary                 5 us
[124.531s][info][gc,stats    ]     Weak Class Links                  0 us
[124.531s][info][gc,stats    ]     Code Roots                     4432 us
[124.531s][info][gc,stats    ]   Rendezvous                        109 us
[124.531s][info][gc,stats    ]   Purge Unlinked                    187 us
[124.532s][info][gc,stats    ]     Code Roots                      180 us
[124.532s][info][gc,stats    ]     CLDG                              6 us
[124.532s][info][gc,stats    ]     Exception Caches                  0 us
[124.532s][info][gc,stats    ] Pause Final Roots (G)               169 us
[124.532s][info][gc,stats    ] Pause Final Roots (N)                69 us
[124.532s][info][gc,stats    ] 
[124.532s][info][gc,stats    ] Allocation pacing accrued:
[124.532s][info][gc,stats    ]       0 of    32 ms (  0.0%): <total>
[124.532s][info][gc,stats    ]       0 of    32 ms (  0.0%): <average total>
[124.532s][info][gc,stats    ] 
[124.532s][info][gc,metaspace] Metaspace: 15972K(16256K)->15972K(16256K) NonClass: 13802K(13952K)->13802K(13952K) Class: 2170K(2304K)->2170K(2304K)
[124.532s][info][gc,ergo     ] Pacer for Idle. Initial: 41943K, Alloc Tax Rate: 1.0x
[125.097s][info][gc          ] Trigger: Learning 2 of 5. Free (1411M) is below initial threshold (1433M)
[125.097s][info][gc,ergo     ] Free: 1411M, Max: 1024K regular, 1005M humongous, Frag: 29% external, 0% internal; Reserve: 103M, Max: 1024K
[125.097s][info][gc,start    ] GC(168) Concurrent reset
[125.097s][info][gc,task     ] GC(168) Using 1 of 3 workers for concurrent reset
[125.097s][info][gc,ergo     ] GC(168) Pacer for Reset. Non-Taxable: 2048M
[125.097s][info][gc          ] GC(168) Concurrent reset 0.370ms
[125.097s][info][gc,start    ] GC(168) Pause Init Mark (unload classes)
[125.097s][info][gc,task     ] GC(168) Using 3 of 3 workers for init marking
[125.097s][info][gc,ergo     ] GC(168) Pacer for Mark. Expected Live: 82403K, Free: 1411M, Non-Taxable: 141M, Alloc Tax Rate: 0.1x
[125.097s][info][gc          ] GC(168) Pause Init Mark (unload classes) 0.285ms
[125.098s][info][gc,start    ] GC(168) Concurrent marking roots
[125.098s][info][gc,task     ] GC(168) Using 1 of 3 workers for concurrent marking roots
[125.098s][info][gc          ] GC(168) Concurrent marking roots 0.431ms
[125.098s][info][gc,start    ] GC(168) Concurrent marking (unload classes)
[125.098s][info][gc,task     ] GC(168) Using 1 of 3 workers for concurrent marking
[125.429s][info][gc          ] GC(168) Concurrent marking (unload classes) 330.781ms
[125.429s][info][gc,start    ] GC(168) Pause Final Mark (unload classes)
[125.429s][info][gc,task     ] GC(168) Using 3 of 3 workers for final marking
[125.429s][info][gc,ergo     ] GC(168) Adaptive CSet Selection. Target Free: 290M, Actual Free: 1252M, Max CSet: 87381K, Min Garbage: 0B
[125.429s][info][gc,ergo     ] GC(168) Collectable Garbage: 196M (60%), Immediate: 29318K (8%), CSet: 167M (52%)
[125.429s][info][gc,ergo     ] GC(168) Pacer for Evacuation. Used CSet: 253M, Free: 1163M, Non-Taxable: 116M, Alloc Tax Rate: 1.1x
[125.429s][info][gc          ] GC(168) Pause Final Mark (unload classes) 0.283ms
[125.440s][info][gc,start    ] GC(168) Concurrent thread roots
[125.440s][info][gc,task     ] GC(168) Using 1 of 3 workers for Concurrent thread roots
[125.441s][info][gc          ] GC(168) Concurrent thread roots 0.486ms
[125.441s][info][gc,start    ] GC(168) Concurrent weak references
[125.441s][info][gc,task     ] GC(168) Using 1 of 3 workers for concurrent weak references
[125.441s][info][gc,ref      ] GC(168) Encountered references: Soft: 133, Weak: 684, Final: 0, Phantom: 63
[125.441s][info][gc,ref      ] GC(168) Discovered  references: Soft: 0, Weak: 152, Final: 0, Phantom: 26
[125.441s][info][gc,ref      ] GC(168) Enqueued    references: Soft: 0, Weak: 0, Final: 0, Phantom: 0
[125.441s][info][gc          ] GC(168) Concurrent weak references 0.072ms
[125.441s][info][gc,start    ] GC(168) Concurrent weak roots
[125.441s][info][gc,task     ] GC(168) Using 1 of 3 workers for concurrent weak root
[125.444s][info][gc          ] GC(168) Concurrent weak roots 3.623ms
[125.444s][info][gc,start    ] GC(168) Concurrent cleanup
[125.445s][info][gc          ] GC(168) Concurrent cleanup 794M->766M(2048M) 0.035ms
[125.445s][info][gc,ergo     ] GC(168) Free: 1156M, Max: 1024K regular, 1117M humongous, Frag: 4% external, 0% internal; Reserve: 98554K, Max: 1024K
[125.445s][info][gc,start    ] GC(168) Concurrent class unloading
[125.445s][info][gc,task     ] GC(168) Using 1 of 3 workers for concurrent class unloading
[125.460s][info][gc          ] GC(168) Concurrent class unloading 15.793ms
[125.460s][info][gc,start    ] GC(168) Concurrent strong roots
[125.460s][info][gc,task     ] GC(168) Using 1 of 3 workers for concurrent strong root
[125.460s][info][gc          ] GC(168) Concurrent strong roots 0.082ms
[125.461s][info][gc,start    ] GC(168) Concurrent evacuation
[125.461s][info][gc,task     ] GC(168) Using 1 of 3 workers for concurrent evacuation
[125.540s][info][gc          ] GC(168) Concurrent evacuation 79.817ms
[125.540s][info][gc,start    ] GC(168) Pause Init Update Refs
[125.541s][info][gc,ergo     ] GC(168) Pacer for Update Refs. Used: 925M, Free: 1072M, Non-Taxable: 107M, Alloc Tax Rate: 1.1x
[125.541s][info][gc          ] GC(168) Pause Init Update Refs 0.068ms
[125.546s][info][gc,start    ] GC(168) Concurrent update references
[125.546s][info][gc,task     ] GC(168) Using 1 of 3 workers for concurrent reference update
[125.958s][info][gc          ] GC(168) Concurrent update references 412.359ms
[125.958s][info][gc,start    ] GC(168) Concurrent update thread roots
[125.959s][info][gc          ] GC(168) Concurrent update thread roots 0.417ms
[125.959s][info][gc,start    ] GC(168) Pause Final Update Refs
[125.959s][info][gc,task     ] GC(168) Using 3 of 3 workers for final reference update
[125.959s][info][gc          ] GC(168) Pause Final Update Refs 0.173ms
[125.959s][info][gc,start    ] GC(168) Concurrent cleanup
[125.959s][info][gc          ] GC(168) Concurrent cleanup 991M->738M(2048M) 0.079ms
[125.959s][info][gc,ergo     ] Free: 1172M, Max: 1024K regular, 923M humongous, Frag: 22% external, 0% internal; Reserve: 103M, Max: 1024K
[125.959s][info][gc,stats    ] 
[125.959s][info][gc,stats    ] All times are wall-clock times, except per-root-class counters, that are sum over
[125.959s][info][gc,stats    ] all workers. Dividing the <total> over the root stage time estimates parallelism.
[125.959s][info][gc,stats    ] 
[125.959s][info][gc,stats    ] Concurrent Reset                    407 us
[125.959s][info][gc,stats    ] Pause Init Mark (G)                 479 us
[125.959s][info][gc,stats    ] Pause Init Mark (N)                 316 us
[125.959s][info][gc,stats    ]   Update Region States              129 us
[125.959s][info][gc,stats    ] Concurrent Mark Roots               449 us, parallelism: 0.80x
[125.959s][info][gc,stats    ]   CMR: <total>                      359 us
[125.959s][info][gc,stats    ]   CMR: Thread Roots                 321 us, workers (us): 321, ---, ---, 
[125.959s][info][gc,stats    ]   CMR: VM Strong Roots                4 us, workers (us):   4, ---, ---, 
[125.959s][info][gc,stats    ]   CMR: CLDG Roots                    34 us, workers (us):  34, ---, ---, 
[125.959s][info][gc,stats    ] Concurrent Marking               330851 us
[125.959s][info][gc,stats    ] Pause Final Mark (G)              11390 us
[125.959s][info][gc,stats    ] Pause Final Mark (N)                291 us
[125.959s][info][gc,stats    ]   Finish Mark                        48 us
[125.959s][info][gc,stats    ]   Update Region States               59 us
[125.959s][info][gc,stats    ]   Choose Collection Set             101 us
[125.959s][info][gc,stats    ]   Rebuild Free Set                    9 us
[125.959s][info][gc,stats    ] Concurrent Thread Roots             497 us, parallelism: 0.77x
[125.959s][info][gc,stats    ]   CTR: <total>                      384 us
[125.959s][info][gc,stats    ]   CTR: Thread Roots                 384 us, workers (us): 384, ---, ---, 
[125.959s][info][gc,stats    ] Concurrent Weak References           79 us, parallelism: 0.17x
[125.959s][info][gc,stats    ]   CWRF: <total>                      14 us
[125.959s][info][gc,stats    ]   CWRF: Weak References              14 us, workers (us):  14, ---, ---, 
[125.959s][info][gc,stats    ] Concurrent Weak Roots              3684 us
[125.959s][info][gc,stats    ]   Roots                            1134 us, parallelism: 0.96x
[125.959s][info][gc,stats    ]     CWR: <total>                   1090 us
[125.959s][info][gc,stats    ]     CWR: Code Cache Roots           996 us, workers (us): 996, ---, ---, 
[125.959s][info][gc,stats    ]     CWR: VM Weak Roots               87 us, workers (us):  87, ---, ---, 
[125.959s][info][gc,stats    ]     CWR: CLDG Roots                   8 us, workers (us):   8, ---, ---, 
[125.959s][info][gc,stats    ]   Rendezvous                       2470 us
[125.959s][info][gc,stats    ] Concurrent Cleanup                   44 us
[125.959s][info][gc,stats    ] Concurrent Class Unloading        15858 us
[125.959s][info][gc,stats    ]   Unlink Stale                     4446 us
[125.959s][info][gc,stats    ]     System Dictionary                10 us
[125.959s][info][gc,stats    ]     Weak Class Links                  0 us
[125.959s][info][gc,stats    ]     Code Roots                     4435 us
[125.960s][info][gc,stats    ]   Rendezvous                      11044 us
[125.960s][info][gc,stats    ]   Purge Unlinked                    284 us
[125.960s][info][gc,stats    ]     Code Roots                      278 us
[125.960s][info][gc,stats    ]     CLDG                              5 us
[125.960s][info][gc,stats    ]     Exception Caches                  0 us
[125.960s][info][gc,stats    ] Concurrent Strong Roots              90 us, parallelism: 0.45x
[125.960s][info][gc,stats    ]   CSR: <total>                       41 us
[125.960s][info][gc,stats    ]   CSR: VM Strong Roots                5 us, workers (us):   5, ---, ---, 
[125.960s][info][gc,stats    ]   CSR: CLDG Roots                    36 us, workers (us):  36, ---, ---, 
[125.960s][info][gc,stats    ] Concurrent Evacuation             79886 us
[125.960s][info][gc,stats    ] Pause Init Update Refs (G)         5496 us
[125.960s][info][gc,stats    ] Pause Init Update Refs (N)           77 us
[125.960s][info][gc,stats    ]   Manage GCLABs                       4 us
[125.960s][info][gc,stats    ] Concurrent Update Refs           412440 us
[125.960s][info][gc,stats    ] Concurrent Update Thread Roots      468 us
[125.960s][info][gc,stats    ] Pause Final Update Refs (G)         311 us
[125.960s][info][gc,stats    ] Pause Final Update Refs (N)         234 us
[125.960s][info][gc,stats    ]   Update Region States               54 us
[125.960s][info][gc,stats    ]   Trash Collection Set               15 us
[125.960s][info][gc,stats    ]   Rebuild Free Set                   33 us
[125.960s][info][gc,stats    ] Concurrent Cleanup                   94 us
[125.960s][info][gc,stats    ] 
[125.960s][info][gc,stats    ] Allocation pacing accrued:
[125.960s][info][gc,stats    ]       0 of  1428 ms (  0.0%): <total>
[125.960s][info][gc,stats    ]       0 of  1428 ms (  0.0%): <average total>
[125.960s][info][gc,stats    ] 
[125.960s][info][gc,metaspace] Metaspace: 15972K(16256K)->15972K(16256K) NonClass: 13802K(13952K)->13802K(13952K) Class: 2170K(2304K)->2170K(2304K)
[125.960s][info][gc,ergo     ] Pacer for Idle. Initial: 41943K, Alloc Tax Rate: 1.0x
[125.962s][info][gc          ] Trigger: Explicit GC request (System.gc())
[125.962s][info][gc,ergo     ] Free: 1172M, Max: 1024K regular, 923M humongous, Frag: 22% external, 0% internal; Reserve: 103M, Max: 1024K
[125.963s][info][gc,start    ] GC(169) Concurrent reset
[125.963s][info][gc,task     ] GC(169) Using 1 of 3 workers for concurrent reset
[125.963s][info][gc,ergo     ] GC(169) Pacer for Reset. Non-Taxable: 2048M
[125.965s][info][gc          ] GC(169) Concurrent reset 2.266ms
[125.965s][info][gc,start    ] GC(169) Pause Init Mark (unload classes)
[125.965s][info][gc,task     ] GC(169) Using 3 of 3 workers for init marking
[125.965s][info][gc,ref      ] GC(169) Clearing All SoftReferences
[125.965s][info][gc,ergo     ] GC(169) Pacer for Mark. Expected Live: 118M, Free: 1172M, Non-Taxable: 117M, Alloc Tax Rate: 0.1x
[125.965s][info][gc          ] GC(169) Pause Init Mark (unload classes) 0.182ms
[125.965s][info][gc,start    ] GC(169) Concurrent marking roots
[125.965s][info][gc,task     ] GC(169) Using 1 of 3 workers for concurrent marking roots
[125.966s][info][gc          ] GC(169) Concurrent marking roots 0.747ms
[125.966s][info][gc,start    ] GC(169) Concurrent marking (unload classes)
[125.966s][info][gc,task     ] GC(169) Using 1 of 3 workers for concurrent marking
[125.970s][info][gc          ] GC(169) Concurrent marking (unload classes) 4.042ms
[125.970s][info][gc,start    ] GC(169) Pause Final Mark (unload classes)
[125.970s][info][gc,task     ] GC(169) Using 3 of 3 workers for final marking
[125.970s][info][gc,ergo     ] GC(169) Collectable Garbage: 726M (98%), Immediate: 726M (98%), CSet: 0B (0%)
[125.970s][info][gc          ] GC(169) Pause Final Mark (unload classes) 0.404ms
[125.971s][info][gc,start    ] GC(169) Concurrent weak references
[125.971s][info][gc,task     ] GC(169) Using 1 of 3 workers for concurrent weak references
[125.971s][info][gc,ref      ] GC(169) Encountered references: Soft: 178, Weak: 683, Final: 0, Phantom: 63
[125.971s][info][gc,ref      ] GC(169) Discovered  references: Soft: 127, Weak: 165, Final: 0, Phantom: 61
[125.971s][info][gc,ref      ] GC(169) Enqueued    references: Soft: 48, Weak: 0, Final: 0, Phantom: 0
[125.971s][info][gc          ] GC(169) Concurrent weak references 0.198ms
[125.971s][info][gc,start    ] GC(169) Concurrent weak roots
[125.971s][info][gc,task     ] GC(169) Using 1 of 3 workers for concurrent weak root
[125.972s][info][gc          ] GC(169) Concurrent weak roots 1.548ms
[125.972s][info][gc,start    ] GC(169) Concurrent cleanup
[125.972s][info][gc          ] GC(169) Concurrent cleanup 738M->12M(2048M) 0.104ms
[125.973s][info][gc,ergo     ] GC(169) Free: 1933M, Max: 1024K regular, 1008M humongous, Frag: 48% external, 0% internal; Reserve: 103M, Max: 1024K
[125.973s][info][gc,start    ] GC(169) Concurrent class unloading
[125.973s][info][gc,task     ] GC(169) Using 1 of 3 workers for concurrent class unloading
[125.977s][info][gc          ] GC(169) Concurrent class unloading 4.243ms
[125.977s][info][gc,start    ] GC(169) Pause Final Roots
[125.977s][info][gc          ] GC(169) Pause Final Roots 0.053ms
[125.977s][info][gc,ergo     ] Free: 1933M, Max: 1024K regular, 1008M humongous, Frag: 48% external, 0% internal; Reserve: 103M, Max: 1024K
[125.977s][info][gc,stats    ] 
[125.977s][info][gc,stats    ] All times are wall-clock times, except per-root-class counters, that are sum over
[125.977s][info][gc,stats    ] all workers. Dividing the <total> over the root stage time estimates parallelism.
[125.977s][info][gc,stats    ] 
[125.977s][info][gc,stats    ] Concurrent Reset                   2330 us
[125.977s][info][gc,stats    ] Pause Init Mark (G)                 300 us
[125.977s][info][gc,stats    ] Pause Init Mark (N)                 199 us
[125.977s][info][gc,stats    ]   Update Region States               72 us
[125.977s][info][gc,stats    ] Concurrent Mark Roots               771 us, parallelism: 0.83x
[125.977s][info][gc,stats    ]   CMR: <total>                      639 us
[125.977s][info][gc,stats    ]   CMR: Thread Roots                 562 us, workers (us): 562, ---, ---, 
[125.977s][info][gc,stats    ]   CMR: VM Strong Roots               14 us, workers (us):  14, ---, ---, 
[125.977s][info][gc,stats    ]   CMR: CLDG Roots                    63 us, workers (us):  63, ---, ---, 
[125.977s][info][gc,stats    ] Concurrent Marking                 4091 us
[125.977s][info][gc,stats    ] Pause Final Mark (G)                540 us
[125.977s][info][gc,stats    ] Pause Final Mark (N)                424 us
[125.977s][info][gc,stats    ]   Finish Mark                       115 us
[125.977s][info][gc,stats    ]   Update Region States              100 us
[125.977s][info][gc,stats    ]   Choose Collection Set              78 us
[125.977s][info][gc,stats    ]   Rebuild Free Set                   19 us
[125.977s][info][gc,stats    ] Concurrent Weak References          219 us, parallelism: 0.06x
[125.977s][info][gc,stats    ]   CWRF: <total>                      13 us
[125.977s][info][gc,stats    ]   CWRF: Weak References              13 us, workers (us):  13, ---, ---, 
[125.977s][info][gc,stats    ] Concurrent Weak Roots              1597 us
[125.977s][info][gc,stats    ]   Roots                            1341 us, parallelism: 0.88x
[125.977s][info][gc,stats    ]     CWR: <total>                   1181 us
[125.977s][info][gc,stats    ]     CWR: Code Cache Roots          1003 us, workers (us): 1003, ---, ---, 
[125.977s][info][gc,stats    ]     CWR: VM Weak Roots              173 us, workers (us): 173, ---, ---, 
[125.977s][info][gc,stats    ]     CWR: CLDG Roots                   6 us, workers (us):   6, ---, ---, 
[125.977s][info][gc,stats    ]   Rendezvous                        165 us
[125.977s][info][gc,stats    ] Concurrent Cleanup                  128 us
[125.977s][info][gc,stats    ] Concurrent Class Unloading         4310 us
[125.977s][info][gc,stats    ]   Unlink Stale                     3742 us
[125.977s][info][gc,stats    ]     System Dictionary                 7 us
[125.977s][info][gc,stats    ]     Weak Class Links                  0 us
[125.977s][info][gc,stats    ]     Code Roots                     3732 us
[125.977s][info][gc,stats    ]   Rendezvous                        179 us
[125.977s][info][gc,stats    ]   Purge Unlinked                    286 us
[125.977s][info][gc,stats    ]     Code Roots                      276 us
[125.977s][info][gc,stats    ]     CLDG                              9 us
[125.977s][info][gc,stats    ]     Exception Caches                  0 us
[125.977s][info][gc,stats    ] Pause Final Roots (G)               190 us
[125.977s][info][gc,stats    ] Pause Final Roots (N)                75 us
[125.977s][info][gc,stats    ] 
[125.977s][info][gc,stats    ] Allocation pacing accrued:
[125.977s][info][gc,stats    ]       0 of    18 ms (  0.0%): <total>
[125.978s][info][gc,stats    ]       0 of    18 ms (  0.0%): <average total>
[125.978s][info][gc,stats    ] 
[125.978s][info][gc,metaspace] Metaspace: 15972K(16256K)->15972K(16256K) NonClass: 13802K(13952K)->13802K(13952K) Class: 2170K(2304K)->2170K(2304K)
[125.978s][info][gc,ergo     ] Pacer for Idle. Initial: 41943K, Alloc Tax Rate: 1.0x
[126.544s][info][gc          ] Trigger: Learning 2 of 5. Free (1415M) is below initial threshold (1433M)
[126.544s][info][gc,ergo     ] Free: 1415M, Max: 1024K regular, 1008M humongous, Frag: 29% external, 0% internal; Reserve: 103M, Max: 1024K
[126.544s][info][gc,start    ] GC(170) Concurrent reset
[126.544s][info][gc,task     ] GC(170) Using 1 of 3 workers for concurrent reset
[126.544s][info][gc,ergo     ] GC(170) Pacer for Reset. Non-Taxable: 2048M
[126.544s][info][gc          ] GC(170) Concurrent reset 0.446ms
[126.544s][info][gc,start    ] GC(170) Pause Init Mark (unload classes)
[126.544s][info][gc,task     ] GC(170) Using 3 of 3 workers for init marking
[126.544s][info][gc,ergo     ] GC(170) Pacer for Mark. Expected Live: 82447K, Free: 1414M, Non-Taxable: 141M, Alloc Tax Rate: 0.1x
[126.544s][info][gc          ] GC(170) Pause Init Mark (unload classes) 0.111ms
[126.545s][info][gc,start    ] GC(170) Concurrent marking roots
[126.545s][info][gc,task     ] GC(170) Using 1 of 3 workers for concurrent marking roots
[126.545s][info][gc          ] GC(170) Concurrent marking roots 0.435ms
[126.545s][info][gc,start    ] GC(170) Concurrent marking (unload classes)
[126.545s][info][gc,task     ] GC(170) Using 1 of 3 workers for concurrent marking
[126.878s][info][gc          ] GC(170) Concurrent marking (unload classes) 333.136ms
[126.878s][info][gc,start    ] GC(170) Pause Final Mark (unload classes)
[126.878s][info][gc,task     ] GC(170) Using 3 of 3 workers for final marking
[126.878s][info][gc,ergo     ] GC(170) Adaptive CSet Selection. Target Free: 290M, Actual Free: 1239M, Max CSet: 87381K, Min Garbage: 0B
[126.878s][info][gc,ergo     ] GC(170) Collectable Garbage: 196M (61%), Immediate: 28032K (8%), CSet: 169M (52%)
[126.878s][info][gc,ergo     ] GC(170) Pacer for Evacuation. Used CSet: 254M, Free: 1149M, Non-Taxable: 114M, Alloc Tax Rate: 1.1x
[126.878s][info][gc          ] GC(170) Pause Final Mark (unload classes) 0.247ms
[126.892s][info][gc,start    ] GC(170) Concurrent thread roots
[126.892s][info][gc,task     ] GC(170) Using 1 of 3 workers for Concurrent thread roots
[126.892s][info][gc          ] GC(170) Concurrent thread roots 0.523ms
[126.892s][info][gc,start    ] GC(170) Concurrent weak references
[126.892s][info][gc,task     ] GC(170) Using 1 of 3 workers for concurrent weak references
[126.892s][info][gc,ref      ] GC(170) Encountered references: Soft: 133, Weak: 684, Final: 0, Phantom: 63
[126.892s][info][gc,ref      ] GC(170) Discovered  references: Soft: 0, Weak: 152, Final: 0, Phantom: 26
[126.892s][info][gc,ref      ] GC(170) Enqueued    references: Soft: 0, Weak: 0, Final: 0, Phantom: 0
[126.892s][info][gc          ] GC(170) Concurrent weak references 0.076ms
[126.892s][info][gc,start    ] GC(170) Concurrent weak roots
[126.892s][info][gc,task     ] GC(170) Using 1 of 3 workers for concurrent weak root
[126.894s][info][gc          ] GC(170) Concurrent weak roots 1.573ms
[126.894s][info][gc,start    ] GC(170) Concurrent cleanup
[126.894s][info][gc          ] GC(170) Concurrent cleanup 809M->782M(2048M) 0.040ms
[126.894s][info][gc,ergo     ] GC(170) Free: 1142M, Max: 1024K regular, 1105M humongous, Frag: 4% external, 0% internal; Reserve: 96237K, Max: 1024K
[126.894s][info][gc,start    ] GC(170) Concurrent class unloading
[126.894s][info][gc,task     ] GC(170) Using 1 of 3 workers for concurrent class unloading
[126.910s][info][gc          ] GC(170) Concurrent class unloading 15.834ms
[126.910s][info][gc,start    ] GC(170) Concurrent strong roots
[126.910s][info][gc,task     ] GC(170) Using 1 of 3 workers for concurrent strong root
[126.910s][info][gc          ] GC(170) Concurrent strong roots 0.090ms
[126.910s][info][gc,start    ] GC(170) Concurrent evacuation
[126.910s][info][gc,task     ] GC(170) Using 1 of 3 workers for concurrent evacuation
[126.986s][info][gc          ] GC(170) Concurrent evacuation 76.224ms
[126.987s][info][gc,start    ] GC(170) Pause Init Update Refs
[126.987s][info][gc,ergo     ] GC(170) Pacer for Update Refs. Used: 941M, Free: 1057M, Non-Taxable: 105M, Alloc Tax Rate: 1.1x
[126.987s][info][gc          ] GC(170) Pause Init Update Refs 0.071ms
[126.988s][info][gc,start    ] GC(170) Concurrent update references
[126.988s][info][gc,task     ] GC(170) Using 1 of 3 workers for concurrent reference update
[127.422s][info][gc          ] GC(170) Concurrent update references 434.811ms
[127.422s][info][gc,start    ] GC(170) Concurrent update thread roots
[127.423s][info][gc          ] GC(170) Concurrent update thread roots 0.923ms
[127.423s][info][gc,start    ] GC(170) Pause Final Update Refs
[127.423s][info][gc,task     ] GC(170) Using 3 of 3 workers for final reference update
[127.424s][info][gc          ] GC(170) Pause Final Update Refs 0.267ms
[127.424s][info][gc,start    ] GC(170) Concurrent cleanup
[127.424s][info][gc          ] GC(170) Concurrent cleanup 995M->741M(2048M) 0.037ms
[127.424s][info][gc,ergo     ] Free: 1168M, Max: 1024K regular, 917M humongous, Frag: 22% external, 0% internal; Reserve: 103M, Max: 1024K
[127.424s][info][gc,stats    ] 
[127.424s][info][gc,stats    ] All times are wall-clock times, except per-root-class counters, that are sum over
[127.424s][info][gc,stats    ] all workers. Dividing the <total> over the root stage time estimates parallelism.
[127.424s][info][gc,stats    ] 
[127.424s][info][gc,stats    ] Concurrent Reset                    501 us
[127.424s][info][gc,stats    ] Pause Init Mark (G)                 249 us
[127.424s][info][gc,stats    ] Pause Init Mark (N)                 120 us
[127.424s][info][gc,stats    ]   Update Region States               58 us
[127.424s][info][gc,stats    ] Concurrent Mark Roots               455 us, parallelism: 0.80x
[127.424s][info][gc,stats    ]   CMR: <total>                      362 us
[127.424s][info][gc,stats    ]   CMR: Thread Roots                 318 us, workers (us): 318, ---, ---, 
[127.424s][info][gc,stats    ]   CMR: VM Strong Roots                5 us, workers (us):   5, ---, ---, 
[127.424s][info][gc,stats    ]   CMR: CLDG Roots                    40 us, workers (us):  40, ---, ---, 
[127.424s][info][gc,stats    ] Concurrent Marking               333198 us
[127.424s][info][gc,stats    ] Pause Final Mark (G)              13656 us
[127.424s][info][gc,stats    ] Pause Final Mark (N)                255 us
[127.424s][info][gc,stats    ]   Finish Mark                        48 us
[127.424s][info][gc,stats    ]   Update Region States               30 us
[127.424s][info][gc,stats    ]   Choose Collection Set              95 us
[127.424s][info][gc,stats    ]   Rebuild Free Set                    9 us
[127.424s][info][gc,stats    ] Concurrent Thread Roots             535 us, parallelism: 0.74x
[127.424s][info][gc,stats    ]   CTR: <total>                      397 us
[127.424s][info][gc,stats    ]   CTR: Thread Roots                 397 us, workers (us): 397, ---, ---, 
[127.424s][info][gc,stats    ] Concurrent Weak References           83 us, parallelism: 0.19x
[127.424s][info][gc,stats    ]   CWRF: <total>                      16 us
[127.424s][info][gc,stats    ]   CWRF: Weak References              16 us, workers (us):  16, ---, ---, 
[127.424s][info][gc,stats    ] Concurrent Weak Roots              1631 us
[127.424s][info][gc,stats    ]   Roots                            1139 us, parallelism: 0.96x
[127.424s][info][gc,stats    ]     CWR: <total>                   1096 us
[127.424s][info][gc,stats    ]     CWR: Code Cache Roots          1002 us, workers (us): 1002, ---, ---, 
[127.424s][info][gc,stats    ]     CWR: VM Weak Roots               87 us, workers (us):  87, ---, ---, 
[127.424s][info][gc,stats    ]     CWR: CLDG Roots                   7 us, workers (us):   7, ---, ---, 
[127.424s][info][gc,stats    ]   Rendezvous                        417 us
[127.424s][info][gc,stats    ] Concurrent Cleanup                   49 us
[127.424s][info][gc,stats    ] Concurrent Class Unloading        15898 us
[127.424s][info][gc,stats    ]   Unlink Stale                     4364 us
[127.424s][info][gc,stats    ]     System Dictionary                10 us
[127.424s][info][gc,stats    ]     Weak Class Links                  0 us
[127.424s][info][gc,stats    ]     Code Roots                     4352 us
[127.424s][info][gc,stats    ]   Rendezvous                      11121 us
[127.424s][info][gc,stats    ]   Purge Unlinked                    329 us
[127.424s][info][gc,stats    ]     Code Roots                      320 us
[127.424s][info][gc,stats    ]     CLDG                              7 us
[127.424s][info][gc,stats    ]     Exception Caches                  0 us
[127.424s][info][gc,stats    ] Concurrent Strong Roots              98 us, parallelism: 0.39x
[127.424s][info][gc,stats    ]   CSR: <total>                       39 us
[127.424s][info][gc,stats    ]   CSR: VM Strong Roots                4 us, workers (us):   4, ---, ---, 
[127.424s][info][gc,stats    ]   CSR: CLDG Roots                    35 us, workers (us):  35, ---, ---, 
[127.424s][info][gc,stats    ] Concurrent Evacuation             76339 us
[127.424s][info][gc,stats    ] Pause Init Update Refs (G)         1006 us
[127.424s][info][gc,stats    ] Pause Init Update Refs (N)           79 us
[127.424s][info][gc,stats    ]   Manage GCLABs                       5 us
[127.424s][info][gc,stats    ] Concurrent Update Refs           434878 us
[127.424s][info][gc,stats    ] Concurrent Update Thread Roots      941 us
[127.424s][info][gc,stats    ] Pause Final Update Refs (G)         381 us
[127.424s][info][gc,stats    ] Pause Final Update Refs (N)         317 us
[127.424s][info][gc,stats    ]   Update Region States              127 us
[127.424s][info][gc,stats    ]   Trash Collection Set               15 us
[127.424s][info][gc,stats    ]   Rebuild Free Set                   32 us
[127.424s][info][gc,stats    ] Concurrent Cleanup                   46 us
[127.424s][info][gc,stats    ] 
[127.424s][info][gc,stats    ] Allocation pacing accrued:
[127.424s][info][gc,stats    ]       0 of  1447 ms (  0.0%): <total>
[127.424s][info][gc,stats    ]       0 of  1447 ms (  0.0%): <average total>
[127.424s][info][gc,stats    ] 
[127.424s][info][gc,metaspace] Metaspace: 15972K(16256K)->15972K(16256K) NonClass: 13802K(13952K)->13802K(13952K) Class: 2170K(2304K)->2170K(2304K)
[127.424s][info][gc,ergo     ] Pacer for Idle. Initial: 41943K, Alloc Tax Rate: 1.0x
[127.441s][info][gc          ] Trigger: Explicit GC request (System.gc())
[127.441s][info][gc,ergo     ] Free: 1168M, Max: 1024K regular, 917M humongous, Frag: 22% external, 0% internal; Reserve: 103M, Max: 1024K
[127.441s][info][gc,start    ] GC(171) Concurrent reset
[127.441s][info][gc,task     ] GC(171) Using 1 of 3 workers for concurrent reset
[127.441s][info][gc,ergo     ] GC(171) Pacer for Reset. Non-Taxable: 2048M
[127.444s][info][gc          ] GC(171) Concurrent reset 2.923ms
[127.444s][info][gc,start    ] GC(171) Pause Init Mark (unload classes)
[127.444s][info][gc,task     ] GC(171) Using 3 of 3 workers for init marking
[127.444s][info][gc,ref      ] GC(171) Clearing All SoftReferences
[127.444s][info][gc,ergo     ] GC(171) Pacer for Mark. Expected Live: 118M, Free: 1168M, Non-Taxable: 116M, Alloc Tax Rate: 0.1x
[127.444s][info][gc          ] GC(171) Pause Init Mark (unload classes) 0.238ms
[127.444s][info][gc,start    ] GC(171) Concurrent marking roots
[127.444s][info][gc,task     ] GC(171) Using 1 of 3 workers for concurrent marking roots
[127.445s][info][gc          ] GC(171) Concurrent marking roots 0.772ms
[127.445s][info][gc,start    ] GC(171) Concurrent marking (unload classes)
[127.445s][info][gc,task     ] GC(171) Using 1 of 3 workers for concurrent marking
[127.449s][info][gc          ] GC(171) Concurrent marking (unload classes) 4.597ms
[127.450s][info][gc,start    ] GC(171) Pause Final Mark (unload classes)
[127.450s][info][gc,task     ] GC(171) Using 3 of 3 workers for final marking
[127.450s][info][gc,ergo     ] GC(171) Collectable Garbage: 730M (99%), Immediate: 730M (99%), CSet: 0B (0%)
[127.450s][info][gc          ] GC(171) Pause Final Mark (unload classes) 0.410ms
[127.450s][info][gc,start    ] GC(171) Concurrent weak references
[127.450s][info][gc,task     ] GC(171) Using 1 of 3 workers for concurrent weak references
[127.450s][info][gc,ref      ] GC(171) Encountered references: Soft: 178, Weak: 683, Final: 0, Phantom: 63
[127.450s][info][gc,ref      ] GC(171) Discovered  references: Soft: 127, Weak: 165, Final: 0, Phantom: 61
[127.450s][info][gc,ref      ] GC(171) Enqueued    references: Soft: 48, Weak: 0, Final: 0, Phantom: 0
[127.450s][info][gc          ] GC(171) Concurrent weak references 0.133ms
[127.450s][info][gc,start    ] GC(171) Concurrent weak roots
[127.450s][info][gc,task     ] GC(171) Using 1 of 3 workers for concurrent weak root
[127.451s][info][gc          ] GC(171) Concurrent weak roots 1.224ms
[127.451s][info][gc,start    ] GC(171) Concurrent cleanup
[127.451s][info][gc          ] GC(171) Concurrent cleanup 741M->11M(2048M) 0.057ms
[127.451s][info][gc,ergo     ] GC(171) Free: 1933M, Max: 1024K regular, 1003M humongous, Frag: 49% external, 0% internal; Reserve: 103M, Max: 1024K
[127.451s][info][gc,start    ] GC(171) Concurrent class unloading
[127.451s][info][gc,task     ] GC(171) Using 1 of 3 workers for concurrent class unloading
[127.456s][info][gc          ] GC(171) Concurrent class unloading 4.281ms
[127.456s][info][gc,start    ] GC(171) Pause Final Roots
[127.456s][info][gc          ] GC(171) Pause Final Roots 0.053ms
[127.456s][info][gc,ergo     ] Free: 1933M, Max: 1024K regular, 1003M humongous, Frag: 49% external, 0% internal; Reserve: 103M, Max: 1024K
[127.456s][info][gc,stats    ] 
[127.456s][info][gc,stats    ] All times are wall-clock times, except per-root-class counters, that are sum over
[127.456s][info][gc,stats    ] all workers. Dividing the <total> over the root stage time estimates parallelism.
[127.456s][info][gc,stats    ] 
[127.456s][info][gc,stats    ] Concurrent Reset                   3022 us
[127.456s][info][gc,stats    ] Pause Init Mark (G)                 355 us
[127.456s][info][gc,stats    ] Pause Init Mark (N)                 258 us
[127.456s][info][gc,stats    ]   Update Region States               99 us
[127.456s][info][gc,stats    ] Concurrent Mark Roots               789 us, parallelism: 0.83x
[127.456s][info][gc,stats    ]   CMR: <total>                      659 us
[127.456s][info][gc,stats    ]   CMR: Thread Roots                 587 us, workers (us): 587, ---, ---, 
[127.456s][info][gc,stats    ]   CMR: VM Strong Roots                6 us, workers (us):   6, ---, ---, 
[127.456s][info][gc,stats    ]   CMR: CLDG Roots                    65 us, workers (us):  65, ---, ---, 
[127.456s][info][gc,stats    ] Concurrent Marking                 4621 us
[127.456s][info][gc,stats    ] Pause Final Mark (G)                483 us
[127.456s][info][gc,stats    ] Pause Final Mark (N)                430 us
[127.456s][info][gc,stats    ]   Finish Mark                       120 us
[127.456s][info][gc,stats    ]   Update Region States              103 us
[127.456s][info][gc,stats    ]   Choose Collection Set              79 us
[127.456s][info][gc,stats    ]   Rebuild Free Set                   20 us
[127.456s][info][gc,stats    ] Concurrent Weak References          140 us, parallelism: 0.10x
[127.456s][info][gc,stats    ]   CWRF: <total>                      14 us
[127.456s][info][gc,stats    ]   CWRF: Weak References              14 us, workers (us):  14, ---, ---, 
[127.456s][info][gc,stats    ] Concurrent Weak Roots              1236 us
[127.456s][info][gc,stats    ]   Roots                            1164 us, parallelism: 0.95x
[127.456s][info][gc,stats    ]     CWR: <total>                   1105 us
[127.456s][info][gc,stats    ]     CWR: Code Cache Roots           965 us, workers (us): 965, ---, ---, 
[127.456s][info][gc,stats    ]     CWR: VM Weak Roots              135 us, workers (us): 135, ---, ---, 
[127.456s][info][gc,stats    ]     CWR: CLDG Roots                   5 us, workers (us):   5, ---, ---, 
[127.456s][info][gc,stats    ]   Rendezvous                         46 us
[127.456s][info][gc,stats    ] Concurrent Cleanup                   65 us
[127.456s][info][gc,stats    ] Concurrent Class Unloading         4308 us
[127.456s][info][gc,stats    ]   Unlink Stale                     3809 us
[127.456s][info][gc,stats    ]     System Dictionary                 5 us
[127.456s][info][gc,stats    ]     Weak Class Links                  0 us
[127.456s][info][gc,stats    ]     Code Roots                     3803 us
[127.456s][info][gc,stats    ]   Rendezvous                        122 us
[127.456s][info][gc,stats    ]   Purge Unlinked                    333 us
[127.456s][info][gc,stats    ]     Code Roots                      327 us
[127.456s][info][gc,stats    ]     CLDG                              6 us
[127.456s][info][gc,stats    ]     Exception Caches                  0 us
[127.456s][info][gc,stats    ] Pause Final Roots (G)               166 us
[127.456s][info][gc,stats    ] Pause Final Roots (N)                76 us
[127.456s][info][gc,stats    ] 
[127.456s][info][gc,stats    ] Allocation pacing accrued:
[127.456s][info][gc,stats    ]       0 of    32 ms (  0.0%): <total>
[127.456s][info][gc,stats    ]       0 of    32 ms (  0.0%): <average total>
[127.456s][info][gc,stats    ] 
[127.456s][info][gc,metaspace] Metaspace: 15972K(16256K)->15972K(16256K) NonClass: 13802K(13952K)->13802K(13952K) Class: 2170K(2304K)->2170K(2304K)
[127.456s][info][gc,ergo     ] Pacer for Idle. Initial: 41943K, Alloc Tax Rate: 1.0x
[128.022s][info][gc          ] Trigger: Learning 2 of 5. Free (1411M) is below initial threshold (1433M)
[128.022s][info][gc,ergo     ] Free: 1411M, Max: 1024K regular, 1003M humongous, Frag: 29% external, 0% internal; Reserve: 103M, Max: 1024K
[128.022s][info][gc,start    ] GC(172) Concurrent reset
[128.022s][info][gc,task     ] GC(172) Using 1 of 3 workers for concurrent reset
[128.022s][info][gc,ergo     ] GC(172) Pacer for Reset. Non-Taxable: 2048M
[128.022s][info][gc          ] GC(172) Concurrent reset 0.303ms
[128.022s][info][gc,start    ] GC(172) Pause Init Mark (unload classes)
[128.022s][info][gc,task     ] GC(172) Using 3 of 3 workers for init marking
[128.022s][info][gc,ergo     ] GC(172) Pacer for Mark. Expected Live: 82331K, Free: 1411M, Non-Taxable: 141M, Alloc Tax Rate: 0.1x
[128.022s][info][gc          ] GC(172) Pause Init Mark (unload classes) 0.202ms
[128.022s][info][gc,start    ] GC(172) Concurrent marking roots
[128.022s][info][gc,task     ] GC(172) Using 1 of 3 workers for concurrent marking roots
[128.023s][info][gc          ] GC(172) Concurrent marking roots 0.792ms
[128.023s][info][gc,start    ] GC(172) Concurrent marking (unload classes)
[128.023s][info][gc,task     ] GC(172) Using 1 of 3 workers for concurrent marking
[128.362s][info][gc          ] GC(172) Concurrent marking (unload classes) 338.993ms
[128.362s][info][gc,start    ] GC(172) Pause Final Mark (unload classes)
[128.362s][info][gc,task     ] GC(172) Using 3 of 3 workers for final marking
[128.362s][info][gc,ergo     ] GC(172) Adaptive CSet Selection. Target Free: 290M, Actual Free: 1243M, Max CSet: 87381K, Min Garbage: 0B
[128.363s][info][gc,ergo     ] GC(172) Collectable Garbage: 195M (60%), Immediate: 29341K (8%), CSet: 166M (51%)
[128.363s][info][gc,ergo     ] GC(172) Pacer for Evacuation. Used CSet: 252M, Free: 1153M, Non-Taxable: 115M, Alloc Tax Rate: 1.1x
[128.363s][info][gc          ] GC(172) Pause Final Mark (unload classes) 0.259ms
[128.381s][info][gc,start    ] GC(172) Concurrent thread roots
[128.381s][info][gc,task     ] GC(172) Using 1 of 3 workers for Concurrent thread roots
[128.382s][info][gc          ] GC(172) Concurrent thread roots 0.542ms
[128.382s][info][gc,start    ] GC(172) Concurrent weak references
[128.382s][info][gc,task     ] GC(172) Using 1 of 3 workers for concurrent weak references
[128.382s][info][gc,ref      ] GC(172) Encountered references: Soft: 133, Weak: 684, Final: 0, Phantom: 63
[128.382s][info][gc,ref      ] GC(172) Discovered  references: Soft: 0, Weak: 152, Final: 0, Phantom: 26
[128.382s][info][gc,ref      ] GC(172) Enqueued    references: Soft: 0, Weak: 0, Final: 0, Phantom: 0
[128.382s][info][gc          ] GC(172) Concurrent weak references 0.283ms
[128.382s][info][gc,start    ] GC(172) Concurrent weak roots
[128.382s][info][gc,task     ] GC(172) Using 1 of 3 workers for concurrent weak root
[128.395s][info][gc          ] GC(172) Concurrent weak roots 13.580ms
[128.396s][info][gc,start    ] GC(172) Concurrent cleanup
[128.396s][info][gc          ] GC(172) Concurrent cleanup 831M->803M(2048M) 0.039ms
[128.396s][info][gc,ergo     ] GC(172) Free: 1129M, Max: 1024K regular, 1090M humongous, Frag: 4% external, 0% internal; Reserve: 87040K, Max: 1024K
[128.396s][info][gc,start    ] GC(172) Concurrent class unloading
[128.396s][info][gc,task     ] GC(172) Using 1 of 3 workers for concurrent class unloading
[128.412s][info][gc          ] GC(172) Concurrent class unloading 16.767ms
[128.412s][info][gc,start    ] GC(172) Concurrent strong roots
[128.412s][info][gc,task     ] GC(172) Using 1 of 3 workers for concurrent strong root
[128.413s][info][gc          ] GC(172) Concurrent strong roots 0.080ms
[128.413s][info][gc,start    ] GC(172) Concurrent evacuation
[128.413s][info][gc,task     ] GC(172) Using 1 of 3 workers for concurrent evacuation
[128.492s][info][gc          ] GC(172) Concurrent evacuation 79.125ms
[128.492s][info][gc,start    ] GC(172) Pause Init Update Refs
[128.492s][info][gc,ergo     ] GC(172) Pacer for Update Refs. Used: 966M, Free: 1032M, Non-Taxable: 103M, Alloc Tax Rate: 1.1x
[128.492s][info][gc          ] GC(172) Pause Init Update Refs 0.072ms
[128.492s][info][gc,start    ] GC(172) Concurrent update references
[128.492s][info][gc,task     ] GC(172) Using 1 of 3 workers for concurrent reference update
[128.922s][info][gc          ] GC(172) Concurrent update references 430.314ms
[128.922s][info][gc,start    ] GC(172) Concurrent update thread roots
[128.923s][info][gc          ] GC(172) Concurrent update thread roots 0.801ms
[128.923s][info][gc,start    ] GC(172) Pause Final Update Refs
[128.923s][info][gc,task     ] GC(172) Using 3 of 3 workers for final reference update
[128.924s][info][gc          ] GC(172) Pause Final Update Refs 0.275ms
[128.924s][info][gc,start    ] GC(172) Concurrent cleanup
[128.924s][info][gc          ] GC(172) Concurrent cleanup 992M->740M(2048M) 0.047ms
[128.924s][info][gc,ergo     ] Free: 1170M, Max: 1024K regular, 921M humongous, Frag: 22% external, 0% internal; Reserve: 103M, Max: 1024K
[128.924s][info][gc,stats    ] 
[128.924s][info][gc,stats    ] All times are wall-clock times, except per-root-class counters, that are sum over
[128.924s][info][gc,stats    ] all workers. Dividing the <total> over the root stage time estimates parallelism.
[128.924s][info][gc,stats    ] 
[128.924s][info][gc,stats    ] Concurrent Reset                    360 us
[128.924s][info][gc,stats    ] Pause Init Mark (G)                 343 us
[128.924s][info][gc,stats    ] Pause Init Mark (N)                 219 us
[128.924s][info][gc,stats    ]   Update Region States               80 us
[128.924s][info][gc,stats    ] Concurrent Mark Roots               803 us, parallelism: 0.89x
[128.924s][info][gc,stats    ]   CMR: <total>                      716 us
[128.924s][info][gc,stats    ]   CMR: Thread Roots                 646 us, workers (us): 646, ---, ---, 
[128.924s][info][gc,stats    ]   CMR: VM Strong Roots                6 us, workers (us):   6, ---, ---, 
[128.924s][info][gc,stats    ]   CMR: CLDG Roots                    64 us, workers (us):  64, ---, ---, 
[128.924s][info][gc,stats    ] Concurrent Marking               339063 us
[128.924s][info][gc,stats    ] Pause Final Mark (G)              18797 us
[128.924s][info][gc,stats    ] Pause Final Mark (N)                268 us
[128.924s][info][gc,stats    ]   Finish Mark                        57 us
[128.924s][info][gc,stats    ]   Update Region States               33 us
[128.924s][info][gc,stats    ]   Choose Collection Set              94 us
[128.924s][info][gc,stats    ]   Rebuild Free Set                    9 us
[128.924s][info][gc,stats    ] Concurrent Thread Roots             555 us, parallelism: 0.71x
[128.924s][info][gc,stats    ]   CTR: <total>                      392 us
[128.924s][info][gc,stats    ]   CTR: Thread Roots                 392 us, workers (us): 392, ---, ---, 
[128.924s][info][gc,stats    ] Concurrent Weak References          292 us, parallelism: 0.07x
[128.924s][info][gc,stats    ]   CWRF: <total>                      20 us
[128.924s][info][gc,stats    ]   CWRF: Weak References              20 us, workers (us):  20, ---, ---, 
[128.924s][info][gc,stats    ] Concurrent Weak Roots             13638 us
[128.924s][info][gc,stats    ]   Roots                            1214 us, parallelism: 0.96x
[128.924s][info][gc,stats    ]     CWR: <total>                   1170 us
[128.924s][info][gc,stats    ]     CWR: Code Cache Roots          1072 us, workers (us): 1072, ---, ---, 
[128.924s][info][gc,stats    ]     CWR: VM Weak Roots               91 us, workers (us):  91, ---, ---, 
[128.924s][info][gc,stats    ]     CWR: CLDG Roots                   8 us, workers (us):   8, ---, ---, 
[128.924s][info][gc,stats    ]   Rendezvous                      12344 us
[128.924s][info][gc,stats    ] Concurrent Cleanup                   48 us
[128.924s][info][gc,stats    ] Concurrent Class Unloading        16829 us
[128.924s][info][gc,stats    ]   Unlink Stale                     4527 us
[128.924s][info][gc,stats    ]     System Dictionary                10 us
[128.924s][info][gc,stats    ]     Weak Class Links                  0 us
[128.924s][info][gc,stats    ]     Code Roots                     4514 us
[128.924s][info][gc,stats    ]   Rendezvous                      11956 us
[128.924s][info][gc,stats    ]   Purge Unlinked                    265 us
[128.924s][info][gc,stats    ]     Code Roots                      259 us
[128.924s][info][gc,stats    ]     CLDG                              5 us
[128.924s][info][gc,stats    ]     Exception Caches                  0 us
[128.924s][info][gc,stats    ] Concurrent Strong Roots              89 us, parallelism: 0.45x
[128.924s][info][gc,stats    ]   CSR: <total>                       40 us
[128.924s][info][gc,stats    ]   CSR: VM Strong Roots                3 us, workers (us):   3, ---, ---, 
[128.924s][info][gc,stats    ]   CSR: CLDG Roots                    37 us, workers (us):  37, ---, ---, 
[128.924s][info][gc,stats    ] Concurrent Evacuation             79201 us
[128.924s][info][gc,stats    ] Pause Init Update Refs (G)          376 us
[128.924s][info][gc,stats    ] Pause Init Update Refs (N)           81 us
[128.924s][info][gc,stats    ]   Manage GCLABs                       4 us
[128.924s][info][gc,stats    ] Concurrent Update Refs           430382 us
[128.924s][info][gc,stats    ] Concurrent Update Thread Roots      818 us
[128.924s][info][gc,stats    ] Pause Final Update Refs (G)         398 us
[128.924s][info][gc,stats    ] Pause Final Update Refs (N)         325 us
[128.924s][info][gc,stats    ]   Update Region States              129 us
[128.924s][info][gc,stats    ]   Trash Collection Set               15 us
[128.924s][info][gc,stats    ]   Rebuild Free Set                   32 us
[128.924s][info][gc,stats    ] Concurrent Cleanup                   56 us
[128.924s][info][gc,stats    ] 
[128.924s][info][gc,stats    ] Allocation pacing accrued:
[128.925s][info][gc,stats    ]       0 of  1468 ms (  0.0%): <total>
[128.925s][info][gc,stats    ]       0 of  1468 ms (  0.0%): <average total>
[128.925s][info][gc,stats    ] 
[128.925s][info][gc,metaspace] Metaspace: 15972K(16256K)->15972K(16256K) NonClass: 13802K(13952K)->13802K(13952K) Class: 2170K(2304K)->2170K(2304K)
[128.925s][info][gc,ergo     ] Pacer for Idle. Initial: 41943K, Alloc Tax Rate: 1.0x
[128.931s][info][gc          ] Trigger: Explicit GC request (System.gc())
[128.931s][info][gc,ergo     ] Free: 1170M, Max: 1024K regular, 921M humongous, Frag: 22% external, 0% internal; Reserve: 103M, Max: 1024K
[128.931s][info][gc,start    ] GC(173) Concurrent reset
[128.931s][info][gc,task     ] GC(173) Using 1 of 3 workers for concurrent reset
[128.931s][info][gc,ergo     ] GC(173) Pacer for Reset. Non-Taxable: 2048M
[128.934s][info][gc          ] GC(173) Concurrent reset 2.446ms
[128.934s][info][gc,start    ] GC(173) Pause Init Mark (unload classes)
[128.934s][info][gc,task     ] GC(173) Using 3 of 3 workers for init marking
[128.934s][info][gc,ref      ] GC(173) Clearing All SoftReferences
[128.934s][info][gc,ergo     ] GC(173) Pacer for Mark. Expected Live: 118M, Free: 1170M, Non-Taxable: 117M, Alloc Tax Rate: 0.1x
[128.934s][info][gc          ] GC(173) Pause Init Mark (unload classes) 0.185ms
[128.934s][info][gc,start    ] GC(173) Concurrent marking roots
[128.934s][info][gc,task     ] GC(173) Using 1 of 3 workers for concurrent marking roots
[128.934s][info][gc          ] GC(173) Concurrent marking roots 0.476ms
[128.934s][info][gc,start    ] GC(173) Concurrent marking (unload classes)
[128.934s][info][gc,task     ] GC(173) Using 1 of 3 workers for concurrent marking
[128.939s][info][gc          ] GC(173) Concurrent marking (unload classes) 4.709ms
[128.939s][info][gc,start    ] GC(173) Pause Final Mark (unload classes)
[128.939s][info][gc,task     ] GC(173) Using 3 of 3 workers for final marking
[128.940s][info][gc,ergo     ] GC(173) Collectable Garbage: 728M (98%), Immediate: 728M (98%), CSet: 0B (0%)
[128.940s][info][gc          ] GC(173) Pause Final Mark (unload classes) 0.500ms
[128.940s][info][gc,start    ] GC(173) Concurrent weak references
[128.940s][info][gc,task     ] GC(173) Using 1 of 3 workers for concurrent weak references
[128.940s][info][gc,ref      ] GC(173) Encountered references: Soft: 178, Weak: 683, Final: 0, Phantom: 63
[128.940s][info][gc,ref      ] GC(173) Discovered  references: Soft: 127, Weak: 165, Final: 0, Phantom: 61
[128.940s][info][gc,ref      ] GC(173) Enqueued    references: Soft: 48, Weak: 0, Final: 0, Phantom: 0
[128.940s][info][gc          ] GC(173) Concurrent weak references 0.136ms
[128.940s][info][gc,start    ] GC(173) Concurrent weak roots
[128.940s][info][gc,task     ] GC(173) Using 1 of 3 workers for concurrent weak root
[128.941s][info][gc          ] GC(173) Concurrent weak roots 0.969ms
[128.941s][info][gc,start    ] GC(173) Concurrent cleanup
[128.941s][info][gc          ] GC(173) Concurrent cleanup 740M->12M(2048M) 0.059ms
[128.941s][info][gc,ergo     ] GC(173) Free: 1933M, Max: 1024K regular, 1006M humongous, Frag: 48% external, 0% internal; Reserve: 103M, Max: 1024K
[128.941s][info][gc,start    ] GC(173) Concurrent class unloading
[128.941s][info][gc,task     ] GC(173) Using 1 of 3 workers for concurrent class unloading
[128.946s][info][gc          ] GC(173) Concurrent class unloading 4.617ms
[128.946s][info][gc,start    ] GC(173) Pause Final Roots
[128.946s][info][gc          ] GC(173) Pause Final Roots 0.068ms
[128.946s][info][gc,ergo     ] Free: 1933M, Max: 1024K regular, 1006M humongous, Frag: 48% external, 0% internal; Reserve: 103M, Max: 1024K
[128.946s][info][gc,stats    ] 
[128.946s][info][gc,stats    ] All times are wall-clock times, except per-root-class counters, that are sum over
[128.946s][info][gc,stats    ] all workers. Dividing the <total> over the root stage time estimates parallelism.
[128.946s][info][gc,stats    ] 
[128.946s][info][gc,stats    ] Concurrent Reset                   2483 us
[128.946s][info][gc,stats    ] Pause Init Mark (G)                 295 us
[128.946s][info][gc,stats    ] Pause Init Mark (N)                 194 us
[128.946s][info][gc,stats    ]   Update Region States               84 us
[128.946s][info][gc,stats    ] Concurrent Mark Roots               512 us, parallelism: 0.69x
[128.946s][info][gc,stats    ]   CMR: <total>                      356 us
[128.946s][info][gc,stats    ]   CMR: Thread Roots                 302 us, workers (us): 302, ---, ---, 
[128.946s][info][gc,stats    ]   CMR: VM Strong Roots               10 us, workers (us):  10, ---, ---, 
[128.946s][info][gc,stats    ]   CMR: CLDG Roots                    44 us, workers (us):  44, ---, ---, 
[128.946s][info][gc,stats    ] Concurrent Marking                 4769 us
[128.946s][info][gc,stats    ] Pause Final Mark (G)                650 us
[128.946s][info][gc,stats    ] Pause Final Mark (N)                525 us
[128.946s][info][gc,stats    ]   Finish Mark                       171 us
[128.946s][info][gc,stats    ]   Update Region States              124 us
[128.946s][info][gc,stats    ]   Choose Collection Set             102 us
[128.946s][info][gc,stats    ]   Rebuild Free Set                   24 us
[128.946s][info][gc,stats    ] Concurrent Weak References          144 us, parallelism: 0.08x
[128.946s][info][gc,stats    ]   CWRF: <total>                      12 us
[128.946s][info][gc,stats    ]   CWRF: Weak References              12 us, workers (us):  12, ---, ---, 
[128.946s][info][gc,stats    ] Concurrent Weak Roots              1005 us
[128.946s][info][gc,stats    ]   Roots                             862 us, parallelism: 0.94x
[128.946s][info][gc,stats    ]     CWR: <total>                    813 us
[128.946s][info][gc,stats    ]     CWR: Code Cache Roots           738 us, workers (us): 738, ---, ---, 
[128.946s][info][gc,stats    ]     CWR: VM Weak Roots               70 us, workers (us):  70, ---, ---, 
[128.946s][info][gc,stats    ]     CWR: CLDG Roots                   5 us, workers (us):   5, ---, ---, 
[128.946s][info][gc,stats    ]   Rendezvous                         89 us
[128.946s][info][gc,stats    ] Concurrent Cleanup                   68 us
[128.946s][info][gc,stats    ] Concurrent Class Unloading         4666 us
[128.946s][info][gc,stats    ]   Unlink Stale                     4078 us
[128.946s][info][gc,stats    ]     System Dictionary                 6 us
[128.946s][info][gc,stats    ]     Weak Class Links                  0 us
[128.946s][info][gc,stats    ]     Code Roots                     4070 us
[128.946s][info][gc,stats    ]   Rendezvous                        229 us
[128.946s][info][gc,stats    ]   Purge Unlinked                    291 us
[128.946s][info][gc,stats    ]     Code Roots                      279 us
[128.946s][info][gc,stats    ]     CLDG                             11 us
[128.946s][info][gc,stats    ]     Exception Caches                  0 us
[128.946s][info][gc,stats    ] Pause Final Roots (G)               202 us
[128.946s][info][gc,stats    ] Pause Final Roots (N)                86 us
[128.946s][info][gc,stats    ] 
[128.946s][info][gc,stats    ] Allocation pacing accrued:
[128.946s][info][gc,stats    ]       0 of    22 ms (  0.0%): <total>
[128.946s][info][gc,stats    ]       0 of    22 ms (  0.0%): <average total>
[128.946s][info][gc,stats    ] 
[128.946s][info][gc,metaspace] Metaspace: 15972K(16256K)->15972K(16256K) NonClass: 13802K(13952K)->13802K(13952K) Class: 2170K(2304K)->2170K(2304K)
[128.946s][info][gc,ergo     ] Pacer for Idle. Initial: 41943K, Alloc Tax Rate: 1.0x
[129.513s][info][gc          ] Trigger: Learning 2 of 5. Free (1414M) is below initial threshold (1433M)
[129.513s][info][gc,ergo     ] Free: 1414M, Max: 1024K regular, 1006M humongous, Frag: 29% external, 0% internal; Reserve: 103M, Max: 1024K
[129.513s][info][gc,start    ] GC(174) Concurrent reset
[129.513s][info][gc,task     ] GC(174) Using 1 of 3 workers for concurrent reset
[129.513s][info][gc,ergo     ] GC(174) Pacer for Reset. Non-Taxable: 2048M
[129.513s][info][gc          ] GC(174) Concurrent reset 0.361ms
[129.513s][info][gc,start    ] GC(174) Pause Init Mark (unload classes)
[129.513s][info][gc,task     ] GC(174) Using 3 of 3 workers for init marking
[129.513s][info][gc,ergo     ] GC(174) Pacer for Mark. Expected Live: 82380K, Free: 1414M, Non-Taxable: 141M, Alloc Tax Rate: 0.1x
[129.514s][info][gc          ] GC(174) Pause Init Mark (unload classes) 0.187ms
[129.514s][info][gc,start    ] GC(174) Concurrent marking roots
[129.514s][info][gc,task     ] GC(174) Using 1 of 3 workers for concurrent marking roots
[129.514s][info][gc          ] GC(174) Concurrent marking roots 0.624ms
[129.514s][info][gc,start    ] GC(174) Concurrent marking (unload classes)
[129.514s][info][gc,task     ] GC(174) Using 1 of 3 workers for concurrent marking
[129.847s][info][gc          ] GC(174) Concurrent marking (unload classes) 332.847ms
[129.847s][info][gc,start    ] GC(174) Pause Final Mark (unload classes)
[129.847s][info][gc,task     ] GC(174) Using 3 of 3 workers for final marking
[129.847s][info][gc,ergo     ] GC(174) Adaptive CSet Selection. Target Free: 290M, Actual Free: 1239M, Max CSet: 87381K, Min Garbage: 0B
[129.847s][info][gc,ergo     ] GC(174) Collectable Garbage: 196M (61%), Immediate: 29760K (9%), CSet: 166M (52%)
[129.847s][info][gc,ergo     ] GC(174) Pacer for Evacuation. Used CSet: 252M, Free: 1148M, Non-Taxable: 114M, Alloc Tax Rate: 1.1x
[129.847s][info][gc          ] GC(174) Pause Final Mark (unload classes) 0.230ms
[129.863s][info][gc,start    ] GC(174) Concurrent thread roots
[129.863s][info][gc,task     ] GC(174) Using 1 of 3 workers for Concurrent thread roots
[129.863s][info][gc          ] GC(174) Concurrent thread roots 0.500ms
[129.863s][info][gc,start    ] GC(174) Concurrent weak references
[129.863s][info][gc,task     ] GC(174) Using 1 of 3 workers for concurrent weak references
[129.863s][info][gc,ref      ] GC(174) Encountered references: Soft: 133, Weak: 684, Final: 0, Phantom: 63
[129.863s][info][gc,ref      ] GC(174) Discovered  references: Soft: 0, Weak: 152, Final: 0, Phantom: 26
[129.863s][info][gc,ref      ] GC(174) Enqueued    references: Soft: 0, Weak: 0, Final: 0, Phantom: 0
[129.863s][info][gc          ] GC(174) Concurrent weak references 0.070ms
[129.863s][info][gc,start    ] GC(174) Concurrent weak roots
[129.863s][info][gc,task     ] GC(174) Using 1 of 3 workers for concurrent weak root
[129.878s][info][gc          ] GC(174) Concurrent weak roots 15.084ms
[129.878s][info][gc,start    ] GC(174) Concurrent cleanup
[129.879s][info][gc          ] GC(174) Concurrent cleanup 827M->798M(2048M) 0.036ms
[129.879s][info][gc,ergo     ] GC(174) Free: 1132M, Max: 1024K regular, 1093M humongous, Frag: 4% external, 0% internal; Reserve: 89088K, Max: 1024K
[129.879s][info][gc,start    ] GC(174) Concurrent class unloading
[129.879s][info][gc,task     ] GC(174) Using 1 of 3 workers for concurrent class unloading
[129.895s][info][gc          ] GC(174) Concurrent class unloading 16.072ms
[129.895s][info][gc,start    ] GC(174) Concurrent strong roots
[129.895s][info][gc,task     ] GC(174) Using 1 of 3 workers for concurrent strong root
[129.895s][info][gc          ] GC(174) Concurrent strong roots 0.078ms
[129.895s][info][gc,start    ] GC(174) Concurrent evacuation
[129.895s][info][gc,task     ] GC(174) Using 1 of 3 workers for concurrent evacuation
[129.971s][info][gc          ] GC(174) Concurrent evacuation 76.253ms
[129.971s][info][gc,start    ] GC(174) Pause Init Update Refs
[129.971s][info][gc,ergo     ] GC(174) Pacer for Update Refs. Used: 953M, Free: 1044M, Non-Taxable: 104M, Alloc Tax Rate: 1.1x
[129.971s][info][gc          ] GC(174) Pause Init Update Refs 0.036ms
[129.973s][info][gc,start    ] GC(174) Concurrent update references
[129.973s][info][gc,task     ] GC(174) Using 1 of 3 workers for concurrent reference update
[130.404s][info][gc          ] GC(174) Concurrent update references 431.832ms
[130.404s][info][gc,start    ] GC(174) Concurrent update thread roots
[130.405s][info][gc          ] GC(174) Concurrent update thread roots 0.755ms
[130.405s][info][gc,start    ] GC(174) Pause Final Update Refs
[130.405s][info][gc,task     ] GC(174) Using 3 of 3 workers for final reference update
[130.405s][info][gc          ] GC(174) Pause Final Update Refs 0.169ms
[130.406s][info][gc,start    ] GC(174) Concurrent cleanup
[130.406s][info][gc          ] GC(174) Concurrent cleanup 993M->741M(2048M) 0.048ms
[130.406s][info][gc,ergo     ] Free: 1169M, Max: 1024K regular, 920M humongous, Frag: 22% external, 0% internal; Reserve: 103M, Max: 1024K
[130.406s][info][gc,stats    ] 
[130.406s][info][gc,stats    ] All times are wall-clock times, except per-root-class counters, that are sum over
[130.406s][info][gc,stats    ] all workers. Dividing the <total> over the root stage time estimates parallelism.
[130.406s][info][gc,stats    ] 
[130.406s][info][gc,stats    ] Concurrent Reset                    383 us
[130.406s][info][gc,stats    ] Pause Init Mark (G)                 345 us
[130.406s][info][gc,stats    ] Pause Init Mark (N)                 196 us
[130.406s][info][gc,stats    ]   Update Region States               71 us
[130.406s][info][gc,stats    ] Concurrent Mark Roots               643 us, parallelism: 0.82x
[130.406s][info][gc,stats    ]   CMR: <total>                      525 us
[130.406s][info][gc,stats    ]   CMR: Thread Roots                 455 us, workers (us): 455, ---, ---, 
[130.406s][info][gc,stats    ]   CMR: VM Strong Roots                6 us, workers (us):   6, ---, ---, 
[130.406s][info][gc,stats    ]   CMR: CLDG Roots                    64 us, workers (us):  64, ---, ---, 
[130.406s][info][gc,stats    ] Concurrent Marking               332913 us
[130.406s][info][gc,stats    ] Pause Final Mark (G)              15572 us
[130.406s][info][gc,stats    ] Pause Final Mark (N)                238 us
[130.406s][info][gc,stats    ]   Finish Mark                        42 us
[130.406s][info][gc,stats    ]   Update Region States               30 us
[130.406s][info][gc,stats    ]   Choose Collection Set              86 us
[130.406s][info][gc,stats    ]   Rebuild Free Set                    9 us
[130.406s][info][gc,stats    ] Concurrent Thread Roots             521 us, parallelism: 0.76x
[130.406s][info][gc,stats    ]   CTR: <total>                      394 us
[130.406s][info][gc,stats    ]   CTR: Thread Roots                 394 us, workers (us): 394, ---, ---, 
[130.406s][info][gc,stats    ] Concurrent Weak References           77 us, parallelism: 0.21x
[130.406s][info][gc,stats    ]   CWRF: <total>                      16 us
[130.406s][info][gc,stats    ]   CWRF: Weak References              16 us, workers (us):  16, ---, ---, 
[130.406s][info][gc,stats    ] Concurrent Weak Roots             15153 us
[130.406s][info][gc,stats    ]   Roots                            1057 us, parallelism: 0.95x
[130.406s][info][gc,stats    ]     CWR: <total>                   1009 us
[130.406s][info][gc,stats    ]     CWR: Code Cache Roots           909 us, workers (us): 909, ---, ---, 
[130.406s][info][gc,stats    ]     CWR: VM Weak Roots               91 us, workers (us):  91, ---, ---, 
[130.406s][info][gc,stats    ]     CWR: CLDG Roots                   8 us, workers (us):   8, ---, ---, 
[130.406s][info][gc,stats    ]   Rendezvous                      14007 us
[130.406s][info][gc,stats    ] Concurrent Cleanup                   45 us
[130.406s][info][gc,stats    ] Concurrent Class Unloading        16130 us
[130.406s][info][gc,stats    ]   Unlink Stale                     4336 us
[130.406s][info][gc,stats    ]     System Dictionary                12 us
[130.406s][info][gc,stats    ]     Weak Class Links                  1 us
[130.406s][info][gc,stats    ]     Code Roots                     4321 us
[130.406s][info][gc,stats    ]   Rendezvous                      11392 us
[130.406s][info][gc,stats    ]   Purge Unlinked                    323 us
[130.406s][info][gc,stats    ]     Code Roots                      317 us
[130.406s][info][gc,stats    ]     CLDG                              5 us
[130.406s][info][gc,stats    ]     Exception Caches                  0 us
[130.406s][info][gc,stats    ] Concurrent Strong Roots              86 us, parallelism: 0.44x
[130.406s][info][gc,stats    ]   CSR: <total>                       38 us
[130.406s][info][gc,stats    ]   CSR: VM Strong Roots                5 us, workers (us):   5, ---, ---, 
[130.406s][info][gc,stats    ]   CSR: CLDG Roots                    33 us, workers (us):  33, ---, ---, 
[130.406s][info][gc,stats    ] Concurrent Evacuation             76328 us
[130.406s][info][gc,stats    ] Pause Init Update Refs (G)         1436 us
[130.406s][info][gc,stats    ] Pause Init Update Refs (N)           44 us
[130.406s][info][gc,stats    ]   Manage GCLABs                       4 us
[130.406s][info][gc,stats    ] Concurrent Update Refs           431913 us
[130.406s][info][gc,stats    ] Concurrent Update Thread Roots      788 us
[130.406s][info][gc,stats    ] Pause Final Update Refs (G)         298 us
[130.406s][info][gc,stats    ] Pause Final Update Refs (N)         211 us
[130.406s][info][gc,stats    ]   Update Region States               46 us
[130.406s][info][gc,stats    ]   Trash Collection Set               11 us
[130.406s][info][gc,stats    ]   Rebuild Free Set                   23 us
[130.406s][info][gc,stats    ] Concurrent Cleanup                   58 us
[130.406s][info][gc,stats    ] 
[130.406s][info][gc,stats    ] Allocation pacing accrued:
[130.406s][info][gc,stats    ]       0 of  1460 ms (  0.0%): <total>
[130.406s][info][gc,stats    ]       0 of  1460 ms (  0.0%): <average total>
[130.406s][info][gc,stats    ] 
[130.406s][info][gc,metaspace] Metaspace: 15972K(16256K)->15972K(16256K) NonClass: 13802K(13952K)->13802K(13952K) Class: 2170K(2304K)->2170K(2304K)
[130.406s][info][gc,ergo     ] Pacer for Idle. Initial: 41943K, Alloc Tax Rate: 1.0x
[130.421s][info][gc          ] Trigger: Explicit GC request (System.gc())
[130.421s][info][gc,ergo     ] Free: 1169M, Max: 1024K regular, 920M humongous, Frag: 22% external, 0% internal; Reserve: 103M, Max: 1024K
[130.421s][info][gc,start    ] GC(175) Concurrent reset
[130.421s][info][gc,task     ] GC(175) Using 1 of 3 workers for concurrent reset
[130.421s][info][gc,ergo     ] GC(175) Pacer for Reset. Non-Taxable: 2048M
[130.424s][info][gc          ] GC(175) Concurrent reset 2.911ms
[130.424s][info][gc,start    ] GC(175) Pause Init Mark (unload classes)
[130.424s][info][gc,task     ] GC(175) Using 3 of 3 workers for init marking
[130.424s][info][gc,ref      ] GC(175) Clearing All SoftReferences
[130.424s][info][gc,ergo     ] GC(175) Pacer for Mark. Expected Live: 118M, Free: 1169M, Non-Taxable: 116M, Alloc Tax Rate: 0.1x
[130.424s][info][gc          ] GC(175) Pause Init Mark (unload classes) 0.137ms
[130.424s][info][gc,start    ] GC(175) Concurrent marking roots
[130.424s][info][gc,task     ] GC(175) Using 1 of 3 workers for concurrent marking roots
[130.425s][info][gc          ] GC(175) Concurrent marking roots 0.506ms
[130.425s][info][gc,start    ] GC(175) Concurrent marking (unload classes)
[130.425s][info][gc,task     ] GC(175) Using 1 of 3 workers for concurrent marking
[130.429s][info][gc          ] GC(175) Concurrent marking (unload classes) 4.107ms
[130.429s][info][gc,start    ] GC(175) Pause Final Mark (unload classes)
[130.429s][info][gc,task     ] GC(175) Using 3 of 3 workers for final marking
[130.429s][info][gc,ergo     ] GC(175) Collectable Garbage: 729M (98%), Immediate: 729M (98%), CSet: 0B (0%)
[130.429s][info][gc          ] GC(175) Pause Final Mark (unload classes) 0.350ms
[130.429s][info][gc,start    ] GC(175) Concurrent weak references
[130.429s][info][gc,task     ] GC(175) Using 1 of 3 workers for concurrent weak references
[130.429s][info][gc,ref      ] GC(175) Encountered references: Soft: 178, Weak: 683, Final: 0, Phantom: 63
[130.429s][info][gc,ref      ] GC(175) Discovered  references: Soft: 127, Weak: 165, Final: 0, Phantom: 61
[130.429s][info][gc,ref      ] GC(175) Enqueued    references: Soft: 48, Weak: 0, Final: 0, Phantom: 0
[130.429s][info][gc          ] GC(175) Concurrent weak references 0.221ms
[130.429s][info][gc,start    ] GC(175) Concurrent weak roots
[130.430s][info][gc,task     ] GC(175) Using 1 of 3 workers for concurrent weak root
[130.431s][info][gc          ] GC(175) Concurrent weak roots 1.023ms
[130.431s][info][gc,start    ] GC(175) Concurrent cleanup
[130.431s][info][gc          ] GC(175) Concurrent cleanup 741M->12M(2048M) 0.052ms
[130.431s][info][gc,ergo     ] GC(175) Free: 1933M, Max: 1024K regular, 1005M humongous, Frag: 49% external, 0% internal; Reserve: 103M, Max: 1024K
[130.431s][info][gc,start    ] GC(175) Concurrent class unloading
[130.431s][info][gc,task     ] GC(175) Using 1 of 3 workers for concurrent class unloading
[130.436s][info][gc          ] GC(175) Concurrent class unloading 4.888ms
[130.436s][info][gc,start    ] GC(175) Pause Final Roots
[130.436s][info][gc          ] GC(175) Pause Final Roots 0.051ms
[130.436s][info][gc,ergo     ] Free: 1933M, Max: 1024K regular, 1005M humongous, Frag: 49% external, 0% internal; Reserve: 103M, Max: 1024K
[130.436s][info][gc,stats    ] 
[130.436s][info][gc,stats    ] All times are wall-clock times, except per-root-class counters, that are sum over
[130.436s][info][gc,stats    ] all workers. Dividing the <total> over the root stage time estimates parallelism.
[130.436s][info][gc,stats    ] 
[130.436s][info][gc,stats    ] Concurrent Reset                   2999 us
[130.436s][info][gc,stats    ] Pause Init Mark (G)                 211 us
[130.436s][info][gc,stats    ] Pause Init Mark (N)                 145 us
[130.436s][info][gc,stats    ]   Update Region States               69 us
[130.436s][info][gc,stats    ] Concurrent Mark Roots               532 us, parallelism: 0.75x
[130.436s][info][gc,stats    ]   CMR: <total>                      397 us
[130.436s][info][gc,stats    ]   CMR: Thread Roots                 344 us, workers (us): 344, ---, ---, 
[130.436s][info][gc,stats    ]   CMR: VM Strong Roots                7 us, workers (us):   7, ---, ---, 
[130.436s][info][gc,stats    ]   CMR: CLDG Roots                    46 us, workers (us):  46, ---, ---, 
[130.436s][info][gc,stats    ] Concurrent Marking                 4157 us
[130.436s][info][gc,stats    ] Pause Final Mark (G)                475 us
[130.436s][info][gc,stats    ] Pause Final Mark (N)                369 us
[130.436s][info][gc,stats    ]   Finish Mark                       111 us
[130.436s][info][gc,stats    ]   Update Region States               61 us
[130.436s][info][gc,stats    ]   Choose Collection Set              73 us
[130.436s][info][gc,stats    ]   Rebuild Free Set                   19 us
[130.436s][info][gc,stats    ] Concurrent Weak References          238 us, parallelism: 0.09x
[130.436s][info][gc,stats    ]   CWRF: <total>                      22 us
[130.436s][info][gc,stats    ]   CWRF: Weak References              22 us, workers (us):  22, ---, ---, 
[130.436s][info][gc,stats    ] Concurrent Weak Roots              1040 us
[130.436s][info][gc,stats    ]   Roots                             867 us, parallelism: 0.95x
[130.436s][info][gc,stats    ]     CWR: <total>                    823 us
[130.436s][info][gc,stats    ]     CWR: Code Cache Roots           742 us, workers (us): 742, ---, ---, 
[130.436s][info][gc,stats    ]     CWR: VM Weak Roots               76 us, workers (us):  76, ---, ---, 
[130.436s][info][gc,stats    ]     CWR: CLDG Roots                   5 us, workers (us):   5, ---, ---, 
[130.436s][info][gc,stats    ]   Rendezvous                        113 us
[130.436s][info][gc,stats    ] Concurrent Cleanup                   60 us
[130.436s][info][gc,stats    ] Concurrent Class Unloading         4950 us
[130.436s][info][gc,stats    ]   Unlink Stale                     4525 us
[130.436s][info][gc,stats    ]     System Dictionary                 5 us
[130.436s][info][gc,stats    ]     Weak Class Links                  0 us
[130.436s][info][gc,stats    ]     Code Roots                     4519 us
[130.436s][info][gc,stats    ]   Rendezvous                        150 us
[130.436s][info][gc,stats    ]   Purge Unlinked                    193 us
[130.436s][info][gc,stats    ]     Code Roots                      184 us
[130.436s][info][gc,stats    ]     CLDG                              9 us
[130.436s][info][gc,stats    ]     Exception Caches                  0 us
[130.436s][info][gc,stats    ] Pause Final Roots (G)               170 us
[130.436s][info][gc,stats    ] Pause Final Roots (N)                69 us
[130.436s][info][gc,stats    ] 
[130.436s][info][gc,stats    ] Allocation pacing accrued:
[130.436s][info][gc,stats    ]       0 of    30 ms (  0.0%): <total>
[130.436s][info][gc,stats    ]       0 of    30 ms (  0.0%): <average total>
[130.436s][info][gc,stats    ] 
[130.436s][info][gc,metaspace] Metaspace: 15972K(16256K)->15972K(16256K) NonClass: 13802K(13952K)->13802K(13952K) Class: 2170K(2304K)->2170K(2304K)
[130.436s][info][gc,ergo     ] Pacer for Idle. Initial: 41943K, Alloc Tax Rate: 1.0x
[131.001s][info][gc          ] Trigger: Learning 2 of 5. Free (1411M) is below initial threshold (1433M)
[131.001s][info][gc,ergo     ] Free: 1411M, Max: 1024K regular, 1005M humongous, Frag: 29% external, 0% internal; Reserve: 103M, Max: 1024K
[131.001s][info][gc,start    ] GC(176) Concurrent reset
[131.001s][info][gc,task     ] GC(176) Using 1 of 3 workers for concurrent reset
[131.001s][info][gc,ergo     ] GC(176) Pacer for Reset. Non-Taxable: 2048M
[131.002s][info][gc          ] GC(176) Concurrent reset 0.286ms
[131.002s][info][gc,start    ] GC(176) Pause Init Mark (unload classes)
[131.002s][info][gc,task     ] GC(176) Using 3 of 3 workers for init marking
[131.002s][info][gc,ergo     ] GC(176) Pacer for Mark. Expected Live: 82382K, Free: 1411M, Non-Taxable: 141M, Alloc Tax Rate: 0.1x
[131.002s][info][gc          ] GC(176) Pause Init Mark (unload classes) 0.244ms
[131.002s][info][gc,start    ] GC(176) Concurrent marking roots
[131.002s][info][gc,task     ] GC(176) Using 1 of 3 workers for concurrent marking roots
[131.003s][info][gc          ] GC(176) Concurrent marking roots 0.489ms
[131.003s][info][gc,start    ] GC(176) Concurrent marking (unload classes)
[131.003s][info][gc,task     ] GC(176) Using 1 of 3 workers for concurrent marking
[131.360s][info][gc          ] GC(176) Concurrent marking (unload classes) 357.027ms
[131.360s][info][gc,start    ] GC(176) Pause Final Mark (unload classes)
[131.360s][info][gc,task     ] GC(176) Using 3 of 3 workers for final marking
[131.360s][info][gc,ergo     ] GC(176) Adaptive CSet Selection. Target Free: 290M, Actual Free: 1223M, Max CSet: 87381K, Min Garbage: 0B
[131.360s][info][gc,ergo     ] GC(176) Collectable Garbage: 196M (60%), Immediate: 29760K (8%), CSet: 167M (51%)
[131.360s][info][gc,ergo     ] GC(176) Pacer for Evacuation. Used CSet: 253M, Free: 1133M, Non-Taxable: 113M, Alloc Tax Rate: 1.1x
[131.360s][info][gc          ] GC(176) Pause Final Mark (unload classes) 0.282ms
[131.364s][info][gc,start    ] GC(176) Concurrent thread roots
[131.365s][info][gc,task     ] GC(176) Using 1 of 3 workers for Concurrent thread roots
[131.365s][info][gc          ] GC(176) Concurrent thread roots 0.552ms
[131.365s][info][gc,start    ] GC(176) Concurrent weak references
[131.365s][info][gc,task     ] GC(176) Using 1 of 3 workers for concurrent weak references
[131.365s][info][gc,ref      ] GC(176) Encountered references: Soft: 133, Weak: 684, Final: 0, Phantom: 63
[131.365s][info][gc,ref      ] GC(176) Discovered  references: Soft: 0, Weak: 153, Final: 0, Phantom: 26
[131.365s][info][gc,ref      ] GC(176) Enqueued    references: Soft: 0, Weak: 0, Final: 0, Phantom: 0
[131.365s][info][gc          ] GC(176) Concurrent weak references 0.066ms
[131.365s][info][gc,start    ] GC(176) Concurrent weak roots
[131.365s][info][gc,task     ] GC(176) Using 1 of 3 workers for concurrent weak root
[131.376s][info][gc          ] GC(176) Concurrent weak roots 11.293ms
[131.376s][info][gc,start    ] GC(176) Concurrent cleanup
[131.376s][info][gc          ] GC(176) Concurrent cleanup 827M->798M(2048M) 0.035ms
[131.377s][info][gc,ergo     ] GC(176) Free: 1125M, Max: 1024K regular, 1086M humongous, Frag: 4% external, 0% internal; Reserve: 95740K, Max: 1024K
[131.377s][info][gc,start    ] GC(176) Concurrent class unloading
[131.377s][info][gc,task     ] GC(176) Using 1 of 3 workers for concurrent class unloading
[131.391s][info][gc          ] GC(176) Concurrent class unloading 14.244ms
[131.391s][info][gc,start    ] GC(176) Concurrent strong roots
[131.391s][info][gc,task     ] GC(176) Using 1 of 3 workers for concurrent strong root
[131.391s][info][gc          ] GC(176) Concurrent strong roots 0.077ms
[131.391s][info][gc,start    ] GC(176) Concurrent evacuation
[131.391s][info][gc,task     ] GC(176) Using 1 of 3 workers for concurrent evacuation
[131.467s][info][gc          ] GC(176) Concurrent evacuation 76.113ms
[131.467s][info][gc,start    ] GC(176) Pause Init Update Refs
[131.467s][info][gc,ergo     ] GC(176) Pacer for Update Refs. Used: 948M, Free: 1050M, Non-Taxable: 105M, Alloc Tax Rate: 1.1x
[131.467s][info][gc          ] GC(176) Pause Init Update Refs 0.067ms
[131.469s][info][gc,start    ] GC(176) Concurrent update references
[131.469s][info][gc,task     ] GC(176) Using 1 of 3 workers for concurrent reference update
[131.915s][info][gc          ] GC(176) Concurrent update references 446.196ms
[131.915s][info][gc,start    ] GC(176) Concurrent update thread roots
[131.915s][info][gc          ] GC(176) Concurrent update thread roots 0.684ms
[131.915s][info][gc,start    ] GC(176) Pause Final Update Refs
[131.916s][info][gc,task     ] GC(176) Using 3 of 3 workers for final reference update
[131.916s][info][gc          ] GC(176) Pause Final Update Refs 0.204ms
[131.916s][info][gc,start    ] GC(176) Concurrent cleanup
[131.916s][info][gc          ] GC(176) Concurrent cleanup 993M->740M(2048M) 0.045ms
[131.916s][info][gc,ergo     ] Free: 1170M, Max: 1024K regular, 920M humongous, Frag: 22% external, 0% internal; Reserve: 103M, Max: 1024K
[131.916s][info][gc,stats    ] 
[131.916s][info][gc,stats    ] All times are wall-clock times, except per-root-class counters, that are sum over
[131.916s][info][gc,stats    ] all workers. Dividing the <total> over the root stage time estimates parallelism.
[131.916s][info][gc,stats    ] 
[131.916s][info][gc,stats    ] Concurrent Reset                    356 us
[131.916s][info][gc,stats    ] Pause Init Mark (G)                 436 us
[131.916s][info][gc,stats    ] Pause Init Mark (N)                 263 us
[131.916s][info][gc,stats    ]   Update Region States              119 us
[131.916s][info][gc,stats    ] Concurrent Mark Roots               527 us, parallelism: 0.66x
[131.916s][info][gc,stats    ]   CMR: <total>                      350 us
[131.916s][info][gc,stats    ]   CMR: Thread Roots                 309 us, workers (us): 309, ---, ---, 
[131.916s][info][gc,stats    ]   CMR: VM Strong Roots                4 us, workers (us):   4, ---, ---, 
[131.916s][info][gc,stats    ]   CMR: CLDG Roots                    37 us, workers (us):  37, ---, ---, 
[131.916s][info][gc,stats    ] Concurrent Marking               357089 us
[131.916s][info][gc,stats    ] Pause Final Mark (G)               4667 us
[131.916s][info][gc,stats    ] Pause Final Mark (N)                291 us
[131.916s][info][gc,stats    ]   Finish Mark                        62 us
[131.916s][info][gc,stats    ]   Update Region States               33 us
[131.916s][info][gc,stats    ]   Choose Collection Set              97 us
[131.916s][info][gc,stats    ]   Rebuild Free Set                    9 us
[131.916s][info][gc,stats    ] Concurrent Thread Roots             572 us, parallelism: 0.76x
[131.916s][info][gc,stats    ]   CTR: <total>                      436 us
[131.916s][info][gc,stats    ]   CTR: Thread Roots                 436 us, workers (us): 436, ---, ---, 
[131.916s][info][gc,stats    ] Concurrent Weak References           73 us, parallelism: 0.20x
[131.916s][info][gc,stats    ]   CWRF: <total>                      15 us
[131.916s][info][gc,stats    ]   CWRF: Weak References              15 us, workers (us):  15, ---, ---, 
[131.916s][info][gc,stats    ] Concurrent Weak Roots             11351 us
[131.916s][info][gc,stats    ]   Roots                            1114 us, parallelism: 0.96x
[131.916s][info][gc,stats    ]     CWR: <total>                   1069 us
[131.916s][info][gc,stats    ]     CWR: Code Cache Roots           975 us, workers (us): 975, ---, ---, 
[131.916s][info][gc,stats    ]     CWR: VM Weak Roots               86 us, workers (us):  86, ---, ---, 
[131.916s][info][gc,stats    ]     CWR: CLDG Roots                   8 us, workers (us):   8, ---, ---, 
[131.916s][info][gc,stats    ]   Rendezvous                      10160 us
[131.916s][info][gc,stats    ] Concurrent Cleanup                   44 us
[131.916s][info][gc,stats    ] Concurrent Class Unloading        14305 us
[131.916s][info][gc,stats    ]   Unlink Stale                     4464 us
[131.916s][info][gc,stats    ]     System Dictionary                10 us
[131.916s][info][gc,stats    ]     Weak Class Links                  0 us
[131.916s][info][gc,stats    ]     Code Roots                     4452 us
[131.916s][info][gc,stats    ]   Rendezvous                       9518 us
[131.916s][info][gc,stats    ]   Purge Unlinked                    238 us
[131.916s][info][gc,stats    ]     Code Roots                      233 us
[131.916s][info][gc,stats    ]     CLDG                              5 us
[131.916s][info][gc,stats    ]     Exception Caches                  0 us
[131.916s][info][gc,stats    ] Concurrent Strong Roots              86 us, parallelism: 0.46x
[131.916s][info][gc,stats    ]   CSR: <total>                       40 us
[131.916s][info][gc,stats    ]   CSR: VM Strong Roots                5 us, workers (us):   5, ---, ---, 
[131.916s][info][gc,stats    ]   CSR: CLDG Roots                    34 us, workers (us):  34, ---, ---, 
[131.916s][info][gc,stats    ] Concurrent Evacuation             76186 us
[131.916s][info][gc,stats    ] Pause Init Update Refs (G)         1389 us
[131.916s][info][gc,stats    ] Pause Init Update Refs (N)           76 us
[131.916s][info][gc,stats    ]   Manage GCLABs                       4 us
[131.916s][info][gc,stats    ] Concurrent Update Refs           446257 us
[131.916s][info][gc,stats    ] Concurrent Update Thread Roots      702 us
[131.916s][info][gc,stats    ] Pause Final Update Refs (G)         302 us
[131.916s][info][gc,stats    ] Pause Final Update Refs (N)         241 us
[131.916s][info][gc,stats    ]   Update Region States               91 us
[131.916s][info][gc,stats    ]   Trash Collection Set               12 us
[131.916s][info][gc,stats    ]   Rebuild Free Set                   25 us
[131.916s][info][gc,stats    ] Concurrent Cleanup                   55 us
[131.916s][info][gc,stats    ] 
[131.916s][info][gc,stats    ] Allocation pacing accrued:
[131.916s][info][gc,stats    ]       0 of  1480 ms (  0.0%): <total>
[131.916s][info][gc,stats    ]       0 of  1480 ms (  0.0%): <average total>
[131.916s][info][gc,stats    ] 
[131.916s][info][gc,metaspace] Metaspace: 15972K(16256K)->15972K(16256K) NonClass: 13802K(13952K)->13802K(13952K) Class: 2170K(2304K)->2170K(2304K)
[131.916s][info][gc,ergo     ] Pacer for Idle. Initial: 41943K, Alloc Tax Rate: 1.0x
[131.930s][info][gc          ] Trigger: Explicit GC request (System.gc())
[131.930s][info][gc,ergo     ] Free: 1170M, Max: 1024K regular, 920M humongous, Frag: 22% external, 0% internal; Reserve: 103M, Max: 1024K
[131.930s][info][gc,start    ] GC(177) Concurrent reset
[131.930s][info][gc,task     ] GC(177) Using 1 of 3 workers for concurrent reset
[131.930s][info][gc,ergo     ] GC(177) Pacer for Reset. Non-Taxable: 2048M
[131.933s][info][gc          ] GC(177) Concurrent reset 2.531ms
[131.933s][info][gc,start    ] GC(177) Pause Init Mark (unload classes)
[131.933s][info][gc,task     ] GC(177) Using 3 of 3 workers for init marking
[131.933s][info][gc,ref      ] GC(177) Clearing All SoftReferences
[131.933s][info][gc,ergo     ] GC(177) Pacer for Mark. Expected Live: 118M, Free: 1170M, Non-Taxable: 117M, Alloc Tax Rate: 0.1x
[131.933s][info][gc          ] GC(177) Pause Init Mark (unload classes) 0.282ms
[131.933s][info][gc,start    ] GC(177) Concurrent marking roots
[131.933s][info][gc,task     ] GC(177) Using 1 of 3 workers for concurrent marking roots
[131.934s][info][gc          ] GC(177) Concurrent marking roots 0.799ms
[131.934s][info][gc,start    ] GC(177) Concurrent marking (unload classes)
[131.934s][info][gc,task     ] GC(177) Using 1 of 3 workers for concurrent marking
[131.938s][info][gc          ] GC(177) Concurrent marking (unload classes) 4.231ms
[131.938s][info][gc,start    ] GC(177) Pause Final Mark (unload classes)
[131.939s][info][gc,task     ] GC(177) Using 3 of 3 workers for final marking
[131.939s][info][gc,ergo     ] GC(177) Collectable Garbage: 728M (98%), Immediate: 728M (98%), CSet: 0B (0%)
[131.939s][info][gc          ] GC(177) Pause Final Mark (unload classes) 0.500ms
[131.939s][info][gc,start    ] GC(177) Concurrent weak references
[131.939s][info][gc,task     ] GC(177) Using 1 of 3 workers for concurrent weak references
[131.939s][info][gc,ref      ] GC(177) Encountered references: Soft: 178, Weak: 683, Final: 0, Phantom: 63
[131.939s][info][gc,ref      ] GC(177) Discovered  references: Soft: 127, Weak: 165, Final: 0, Phantom: 61
[131.939s][info][gc,ref      ] GC(177) Enqueued    references: Soft: 48, Weak: 0, Final: 0, Phantom: 0
[131.939s][info][gc          ] GC(177) Concurrent weak references 0.130ms
[131.939s][info][gc,start    ] GC(177) Concurrent weak roots
[131.939s][info][gc,task     ] GC(177) Using 1 of 3 workers for concurrent weak root
[131.940s][info][gc          ] GC(177) Concurrent weak roots 0.965ms
[131.940s][info][gc,start    ] GC(177) Concurrent cleanup
[131.940s][info][gc          ] GC(177) Concurrent cleanup 740M->12M(2048M) 0.058ms
[131.940s][info][gc,ergo     ] GC(177) Free: 1933M, Max: 1024K regular, 1006M humongous, Frag: 48% external, 0% internal; Reserve: 103M, Max: 1024K
[131.940s][info][gc,start    ] GC(177) Concurrent class unloading
[131.940s][info][gc,task     ] GC(177) Using 1 of 3 workers for concurrent class unloading
[131.944s][info][gc          ] GC(177) Concurrent class unloading 4.188ms
[131.945s][info][gc,start    ] GC(177) Pause Final Roots
[131.945s][info][gc          ] GC(177) Pause Final Roots 0.068ms
[131.945s][info][gc,ergo     ] Free: 1933M, Max: 1024K regular, 1006M humongous, Frag: 48% external, 0% internal; Reserve: 103M, Max: 1024K
[131.945s][info][gc,stats    ] 
[131.945s][info][gc,stats    ] All times are wall-clock times, except per-root-class counters, that are sum over
[131.945s][info][gc,stats    ] all workers. Dividing the <total> over the root stage time estimates parallelism.
[131.945s][info][gc,stats    ] 
[131.945s][info][gc,stats    ] Concurrent Reset                   2598 us
[131.945s][info][gc,stats    ] Pause Init Mark (G)                 435 us
[131.945s][info][gc,stats    ] Pause Init Mark (N)                 309 us
[131.945s][info][gc,stats    ]   Update Region States              127 us
[131.945s][info][gc,stats    ] Concurrent Mark Roots               823 us, parallelism: 0.79x
[131.945s][info][gc,stats    ]   CMR: <total>                      650 us
[131.945s][info][gc,stats    ]   CMR: Thread Roots                 576 us, workers (us): 576, ---, ---, 
[131.945s][info][gc,stats    ]   CMR: VM Strong Roots                7 us, workers (us):   7, ---, ---, 
[131.945s][info][gc,stats    ]   CMR: CLDG Roots                    66 us, workers (us):  66, ---, ---, 
[131.945s][info][gc,stats    ] Concurrent Marking                 4289 us
[131.945s][info][gc,stats    ] Pause Final Mark (G)                627 us
[131.945s][info][gc,stats    ] Pause Final Mark (N)                524 us
[131.945s][info][gc,stats    ]   Finish Mark                       169 us
[131.945s][info][gc,stats    ]   Update Region States              124 us
[131.945s][info][gc,stats    ]   Choose Collection Set             102 us
[131.945s][info][gc,stats    ]   Rebuild Free Set                   24 us
[131.945s][info][gc,stats    ] Concurrent Weak References          137 us, parallelism: 0.10x
[131.945s][info][gc,stats    ]   CWRF: <total>                      14 us
[131.945s][info][gc,stats    ]   CWRF: Weak References              14 us, workers (us):  14, ---, ---, 
[131.945s][info][gc,stats    ] Concurrent Weak Roots              1002 us
[131.945s][info][gc,stats    ]   Roots                             882 us, parallelism: 0.92x
[131.945s][info][gc,stats    ]     CWR: <total>                    814 us
[131.945s][info][gc,stats    ]     CWR: Code Cache Roots           739 us, workers (us): 739, ---, ---, 
[131.945s][info][gc,stats    ]     CWR: VM Weak Roots               71 us, workers (us):  71, ---, ---, 
[131.945s][info][gc,stats    ]     CWR: CLDG Roots                   5 us, workers (us):   5, ---, ---, 
[131.945s][info][gc,stats    ]   Rendezvous                         65 us
[131.945s][info][gc,stats    ] Concurrent Cleanup                   67 us
[131.945s][info][gc,stats    ] Concurrent Class Unloading         4237 us
[131.945s][info][gc,stats    ]   Unlink Stale                     3674 us
[131.945s][info][gc,stats    ]     System Dictionary                 7 us
[131.945s][info][gc,stats    ]     Weak Class Links                  0 us
[131.945s][info][gc,stats    ]     Code Roots                     3666 us
[131.945s][info][gc,stats    ]   Rendezvous                        163 us
[131.945s][info][gc,stats    ]   Purge Unlinked                    332 us
[131.945s][info][gc,stats    ]     Code Roots                      319 us
[131.945s][info][gc,stats    ]     CLDG                             12 us
[131.945s][info][gc,stats    ]     Exception Caches                  1 us
[131.945s][info][gc,stats    ] Pause Final Roots (G)               203 us
[131.945s][info][gc,stats    ] Pause Final Roots (N)                86 us
[131.945s][info][gc,stats    ] 
[131.945s][info][gc,stats    ] Allocation pacing accrued:
[131.945s][info][gc,stats    ]       0 of    29 ms (  0.0%): <total>
[131.945s][info][gc,stats    ]       0 of    29 ms (  0.0%): <average total>
[131.945s][info][gc,stats    ] 
[131.945s][info][gc,metaspace] Metaspace: 15972K(16256K)->15972K(16256K) NonClass: 13802K(13952K)->13802K(13952K) Class: 2170K(2304K)->2170K(2304K)
[131.945s][info][gc,ergo     ] Pacer for Idle. Initial: 41943K, Alloc Tax Rate: 1.0x
[132.511s][info][gc          ] Trigger: Learning 2 of 5. Free (1416M) is below initial threshold (1433M)
[132.511s][info][gc,ergo     ] Free: 1416M, Max: 1024K regular, 1006M humongous, Frag: 29% external, 0% internal; Reserve: 103M, Max: 1024K
[132.511s][info][gc,start    ] GC(178) Concurrent reset
[132.511s][info][gc,task     ] GC(178) Using 1 of 3 workers for concurrent reset
[132.511s][info][gc,ergo     ] GC(178) Pacer for Reset. Non-Taxable: 2048M
[132.512s][info][gc          ] GC(178) Concurrent reset 0.309ms
[132.512s][info][gc,start    ] GC(178) Pause Init Mark (unload classes)
[132.512s][info][gc,task     ] GC(178) Using 3 of 3 workers for init marking
[132.512s][info][gc,ergo     ] GC(178) Pacer for Mark. Expected Live: 82363K, Free: 1415M, Non-Taxable: 141M, Alloc Tax Rate: 0.1x
[132.512s][info][gc          ] GC(178) Pause Init Mark (unload classes) 0.259ms
[132.512s][info][gc,start    ] GC(178) Concurrent marking roots
[132.512s][info][gc,task     ] GC(178) Using 1 of 3 workers for concurrent marking roots
[132.513s][info][gc          ] GC(178) Concurrent marking roots 0.454ms
[132.513s][info][gc,start    ] GC(178) Concurrent marking (unload classes)
[132.513s][info][gc,task     ] GC(178) Using 1 of 3 workers for concurrent marking
[132.846s][info][gc          ] GC(178) Concurrent marking (unload classes) 333.624ms
[132.846s][info][gc,start    ] GC(178) Pause Final Mark (unload classes)
[132.846s][info][gc,task     ] GC(178) Using 3 of 3 workers for final marking
[132.847s][info][gc,ergo     ] GC(178) Adaptive CSet Selection. Target Free: 290M, Actual Free: 1246M, Max CSet: 87381K, Min Garbage: 0B
[132.847s][info][gc,ergo     ] GC(178) Collectable Garbage: 196M (61%), Immediate: 29760K (9%), CSet: 167M (52%)
[132.847s][info][gc,ergo     ] GC(178) Pacer for Evacuation. Used CSet: 253M, Free: 1155M, Non-Taxable: 115M, Alloc Tax Rate: 1.1x
[132.847s][info][gc          ] GC(178) Pause Final Mark (unload classes) 0.344ms
[132.862s][info][gc,start    ] GC(178) Concurrent thread roots
[132.862s][info][gc,task     ] GC(178) Using 1 of 3 workers for Concurrent thread roots
[132.863s][info][gc          ] GC(178) Concurrent thread roots 0.597ms
[132.863s][info][gc,start    ] GC(178) Concurrent weak references
[132.863s][info][gc,task     ] GC(178) Using 1 of 3 workers for concurrent weak references
[132.863s][info][gc,ref      ] GC(178) Encountered references: Soft: 133, Weak: 684, Final: 0, Phantom: 63
[132.863s][info][gc,ref      ] GC(178) Discovered  references: Soft: 0, Weak: 152, Final: 0, Phantom: 26
[132.863s][info][gc,ref      ] GC(178) Enqueued    references: Soft: 0, Weak: 0, Final: 0, Phantom: 0
[132.863s][info][gc          ] GC(178) Concurrent weak references 0.088ms
[132.863s][info][gc,start    ] GC(178) Concurrent weak roots
[132.863s][info][gc,task     ] GC(178) Using 1 of 3 workers for concurrent weak root
[132.877s][info][gc          ] GC(178) Concurrent weak roots 14.826ms
[132.878s][info][gc,start    ] GC(178) Concurrent cleanup
[132.878s][info][gc          ] GC(178) Concurrent cleanup 818M->789M(2048M) 0.043ms
[132.878s][info][gc,ergo     ] GC(178) Free: 1137M, Max: 1024K regular, 1098M humongous, Frag: 4% external, 0% internal; Reserve: 93184K, Max: 1024K
[132.878s][info][gc,start    ] GC(178) Concurrent class unloading
[132.878s][info][gc,task     ] GC(178) Using 1 of 3 workers for concurrent class unloading
[132.893s][info][gc          ] GC(178) Concurrent class unloading 15.757ms
[132.893s][info][gc,start    ] GC(178) Concurrent strong roots
[132.893s][info][gc,task     ] GC(178) Using 1 of 3 workers for concurrent strong root
[132.894s][info][gc          ] GC(178) Concurrent strong roots 0.081ms
[132.894s][info][gc,start    ] GC(178) Concurrent evacuation
[132.894s][info][gc,task     ] GC(178) Using 1 of 3 workers for concurrent evacuation
[132.972s][info][gc          ] GC(178) Concurrent evacuation 78.622ms
[132.972s][info][gc,start    ] GC(178) Pause Init Update Refs
[132.972s][info][gc,ergo     ] GC(178) Pacer for Update Refs. Used: 948M, Free: 1051M, Non-Taxable: 105M, Alloc Tax Rate: 1.1x
[132.972s][info][gc          ] GC(178) Pause Init Update Refs 0.063ms
[132.972s][info][gc,start    ] GC(178) Concurrent update references
[132.972s][info][gc,task     ] GC(178) Using 1 of 3 workers for concurrent reference update
[133.401s][info][gc          ] GC(178) Concurrent update references 428.788ms
[133.401s][info][gc,start    ] GC(178) Concurrent update thread roots
[133.402s][info][gc          ] GC(178) Concurrent update thread roots 0.729ms
[133.402s][info][gc,start    ] GC(178) Pause Final Update Refs
[133.402s][info][gc,task     ] GC(178) Using 3 of 3 workers for final reference update
[133.402s][info][gc          ] GC(178) Pause Final Update Refs 0.160ms
[133.402s][info][gc,start    ] GC(178) Concurrent cleanup
[133.402s][info][gc          ] GC(178) Concurrent cleanup 991M->738M(2048M) 0.041ms
[133.402s][info][gc,ergo     ] Free: 1171M, Max: 1024K regular, 921M humongous, Frag: 22% external, 0% internal; Reserve: 103M, Max: 1024K
[133.402s][info][gc,stats    ] 
[133.402s][info][gc,stats    ] All times are wall-clock times, except per-root-class counters, that are sum over
[133.402s][info][gc,stats    ] all workers. Dividing the <total> over the root stage time estimates parallelism.
[133.402s][info][gc,stats    ] 
[133.402s][info][gc,stats    ] Concurrent Reset                    376 us
[133.402s][info][gc,stats    ] Pause Init Mark (G)                 449 us
[133.402s][info][gc,stats    ] Pause Init Mark (N)                 281 us
[133.402s][info][gc,stats    ]   Update Region States              123 us
[133.402s][info][gc,stats    ] Concurrent Mark Roots               472 us, parallelism: 0.75x
[133.402s][info][gc,stats    ]   CMR: <total>                      353 us
[133.402s][info][gc,stats    ]   CMR: Thread Roots                 314 us, workers (us): 314, ---, ---, 
[133.402s][info][gc,stats    ]   CMR: VM Strong Roots                4 us, workers (us):   4, ---, ---, 
[133.402s][info][gc,stats    ]   CMR: CLDG Roots                    35 us, workers (us):  35, ---, ---, 
[133.402s][info][gc,stats    ] Concurrent Marking               333686 us
[133.402s][info][gc,stats    ] Pause Final Mark (G)              15662 us
[133.402s][info][gc,stats    ] Pause Final Mark (N)                353 us
[133.402s][info][gc,stats    ]   Finish Mark                        50 us
[133.402s][info][gc,stats    ]   Update Region States               45 us
[133.402s][info][gc,stats    ]   Choose Collection Set             175 us
[133.402s][info][gc,stats    ]   Rebuild Free Set                    9 us
[133.402s][info][gc,stats    ] Concurrent Thread Roots             617 us, parallelism: 0.77x
[133.402s][info][gc,stats    ]   CTR: <total>                      473 us
[133.402s][info][gc,stats    ]   CTR: Thread Roots                 473 us, workers (us): 473, ---, ---, 
[133.402s][info][gc,stats    ] Concurrent Weak References           95 us, parallelism: 0.21x
[133.402s][info][gc,stats    ]   CWRF: <total>                      20 us
[133.402s][info][gc,stats    ]   CWRF: Weak References              20 us, workers (us):  20, ---, ---, 
[133.402s][info][gc,stats    ] Concurrent Weak Roots             14901 us
[133.403s][info][gc,stats    ]   Roots                            1094 us, parallelism: 0.95x
[133.403s][info][gc,stats    ]     CWR: <total>                   1042 us
[133.403s][info][gc,stats    ]     CWR: Code Cache Roots           944 us, workers (us): 944, ---, ---, 
[133.403s][info][gc,stats    ]     CWR: VM Weak Roots               90 us, workers (us):  90, ---, ---, 
[133.403s][info][gc,stats    ]     CWR: CLDG Roots                   8 us, workers (us):   8, ---, ---, 
[133.403s][info][gc,stats    ]   Rendezvous                      13712 us
[133.403s][info][gc,stats    ] Concurrent Cleanup                   52 us
[133.403s][info][gc,stats    ] Concurrent Class Unloading        15817 us
[133.403s][info][gc,stats    ]   Unlink Stale                     4409 us
[133.403s][info][gc,stats    ]     System Dictionary                10 us
[133.403s][info][gc,stats    ]     Weak Class Links                  0 us
[133.403s][info][gc,stats    ]     Code Roots                     4396 us
[133.403s][info][gc,stats    ]   Rendezvous                      11017 us
[133.403s][info][gc,stats    ]   Purge Unlinked                    310 us
[133.403s][info][gc,stats    ]     Code Roots                      304 us
[133.403s][info][gc,stats    ]     CLDG                              5 us
[133.403s][info][gc,stats    ]     Exception Caches                  0 us
[133.403s][info][gc,stats    ] Concurrent Strong Roots              89 us, parallelism: 0.45x
[133.403s][info][gc,stats    ]   CSR: <total>                       39 us
[133.403s][info][gc,stats    ]   CSR: VM Strong Roots                3 us, workers (us):   3, ---, ---, 
[133.403s][info][gc,stats    ]   CSR: CLDG Roots                    36 us, workers (us):  36, ---, ---, 
[133.403s][info][gc,stats    ] Concurrent Evacuation             78683 us
[133.403s][info][gc,stats    ] Pause Init Update Refs (G)          170 us
[133.403s][info][gc,stats    ] Pause Init Update Refs (N)           72 us
[133.403s][info][gc,stats    ]   Manage GCLABs                       4 us
[133.403s][info][gc,stats    ] Concurrent Update Refs           428869 us
[133.403s][info][gc,stats    ] Concurrent Update Thread Roots      747 us
[133.403s][info][gc,stats    ] Pause Final Update Refs (G)         236 us
[133.403s][info][gc,stats    ] Pause Final Update Refs (N)         178 us
[133.403s][info][gc,stats    ]   Update Region States               79 us
[133.403s][info][gc,stats    ]   Trash Collection Set                8 us
[133.403s][info][gc,stats    ]   Rebuild Free Set                   20 us
[133.403s][info][gc,stats    ] Concurrent Cleanup                   51 us
[133.403s][info][gc,stats    ] 
[133.403s][info][gc,stats    ] Allocation pacing accrued:
[133.403s][info][gc,stats    ]       0 of  1458 ms (  0.0%): <total>
[133.403s][info][gc,stats    ]       0 of  1458 ms (  0.0%): <average total>
[133.403s][info][gc,stats    ] 
[133.403s][info][gc,metaspace] Metaspace: 15972K(16256K)->15972K(16256K) NonClass: 13802K(13952K)->13802K(13952K) Class: 2170K(2304K)->2170K(2304K)
[133.403s][info][gc,ergo     ] Pacer for Idle. Initial: 41943K, Alloc Tax Rate: 1.0x
[133.411s][info][gc          ] Trigger: Explicit GC request (System.gc())
[133.411s][info][gc,ergo     ] Free: 1171M, Max: 1024K regular, 921M humongous, Frag: 22% external, 0% internal; Reserve: 103M, Max: 1024K
[133.411s][info][gc,start    ] GC(179) Concurrent reset
[133.411s][info][gc,task     ] GC(179) Using 1 of 3 workers for concurrent reset
[133.411s][info][gc,ergo     ] GC(179) Pacer for Reset. Non-Taxable: 2048M
[133.413s][info][gc          ] GC(179) Concurrent reset 2.169ms
[133.413s][info][gc,start    ] GC(179) Pause Init Mark (unload classes)
[133.414s][info][gc,task     ] GC(179) Using 3 of 3 workers for init marking
[133.414s][info][gc,ref      ] GC(179) Clearing All SoftReferences
[133.414s][info][gc,ergo     ] GC(179) Pacer for Mark. Expected Live: 118M, Free: 1171M, Non-Taxable: 117M, Alloc Tax Rate: 0.1x
[133.414s][info][gc          ] GC(179) Pause Init Mark (unload classes) 0.227ms
[133.414s][info][gc,start    ] GC(179) Concurrent marking roots
[133.414s][info][gc,task     ] GC(179) Using 1 of 3 workers for concurrent marking roots
[133.415s][info][gc          ] GC(179) Concurrent marking roots 0.836ms
[133.415s][info][gc,start    ] GC(179) Concurrent marking (unload classes)
[133.415s][info][gc,task     ] GC(179) Using 1 of 3 workers for concurrent marking
[133.419s][info][gc          ] GC(179) Concurrent marking (unload classes) 4.460ms
[133.419s][info][gc,start    ] GC(179) Pause Final Mark (unload classes)
[133.419s][info][gc,task     ] GC(179) Using 3 of 3 workers for final marking
[133.420s][info][gc,ergo     ] GC(179) Collectable Garbage: 725M (98%), Immediate: 725M (98%), CSet: 0B (0%)
[133.420s][info][gc          ] GC(179) Pause Final Mark (unload classes) 0.338ms
[133.420s][info][gc,start    ] GC(179) Concurrent weak references
[133.420s][info][gc,task     ] GC(179) Using 1 of 3 workers for concurrent weak references
[133.420s][info][gc,ref      ] GC(179) Encountered references: Soft: 178, Weak: 683, Final: 0, Phantom: 63
[133.420s][info][gc,ref      ] GC(179) Discovered  references: Soft: 127, Weak: 165, Final: 0, Phantom: 61
[133.420s][info][gc,ref      ] GC(179) Enqueued    references: Soft: 48, Weak: 0, Final: 0, Phantom: 0
[133.420s][info][gc          ] GC(179) Concurrent weak references 0.173ms
[133.420s][info][gc,start    ] GC(179) Concurrent weak roots
[133.420s][info][gc,task     ] GC(179) Using 1 of 3 workers for concurrent weak root
[133.421s][info][gc          ] GC(179) Concurrent weak roots 0.973ms
[133.421s][info][gc,start    ] GC(179) Concurrent cleanup
[133.421s][info][gc          ] GC(179) Concurrent cleanup 738M->13M(2048M) 0.060ms
[133.421s][info][gc,ergo     ] GC(179) Free: 1931M, Max: 1024K regular, 1005M humongous, Frag: 48% external, 0% internal; Reserve: 103M, Max: 1024K
[133.421s][info][gc,start    ] GC(179) Concurrent class unloading
[133.421s][info][gc,task     ] GC(179) Using 1 of 3 workers for concurrent class unloading
[133.425s][info][gc          ] GC(179) Concurrent class unloading 4.364ms
[133.425s][info][gc,start    ] GC(179) Pause Final Roots
[133.425s][info][gc          ] GC(179) Pause Final Roots 0.053ms
[133.426s][info][gc,ergo     ] Free: 1931M, Max: 1024K regular, 1005M humongous, Frag: 48% external, 0% internal; Reserve: 103M, Max: 1024K
[133.426s][info][gc,stats    ] 
[133.426s][info][gc,stats    ] All times are wall-clock times, except per-root-class counters, that are sum over
[133.426s][info][gc,stats    ] all workers. Dividing the <total> over the root stage time estimates parallelism.
[133.426s][info][gc,stats    ] 
[133.426s][info][gc,stats    ] Concurrent Reset                   2238 us
[133.426s][info][gc,stats    ] Pause Init Mark (G)                 369 us
[133.426s][info][gc,stats    ] Pause Init Mark (N)                 247 us
[133.426s][info][gc,stats    ]   Update Region States               94 us
[133.426s][info][gc,stats    ] Concurrent Mark Roots               857 us, parallelism: 0.79x
[133.426s][info][gc,stats    ]   CMR: <total>                      675 us
[133.426s][info][gc,stats    ]   CMR: Thread Roots                 603 us, workers (us): 603, ---, ---, 
[133.426s][info][gc,stats    ]   CMR: VM Strong Roots                7 us, workers (us):   7, ---, ---, 
[133.426s][info][gc,stats    ]   CMR: CLDG Roots                    65 us, workers (us):  65, ---, ---, 
[133.426s][info][gc,stats    ] Concurrent Marking                 4517 us
[133.426s][info][gc,stats    ] Pause Final Mark (G)                456 us
[133.426s][info][gc,stats    ] Pause Final Mark (N)                357 us
[133.426s][info][gc,stats    ]   Finish Mark                       117 us
[133.426s][info][gc,stats    ]   Update Region States               66 us
[133.426s][info][gc,stats    ]   Choose Collection Set              76 us
[133.426s][info][gc,stats    ]   Rebuild Free Set                   19 us
[133.426s][info][gc,stats    ] Concurrent Weak References          181 us, parallelism: 0.16x
[133.426s][info][gc,stats    ]   CWRF: <total>                      29 us
[133.426s][info][gc,stats    ]   CWRF: Weak References              29 us, workers (us):  29, ---, ---, 
[133.426s][info][gc,stats    ] Concurrent Weak Roots              1008 us
[133.426s][info][gc,stats    ]   Roots                             890 us, parallelism: 0.92x
[133.426s][info][gc,stats    ]     CWR: <total>                    818 us
[133.426s][info][gc,stats    ]     CWR: Code Cache Roots           741 us, workers (us): 741, ---, ---, 
[133.426s][info][gc,stats    ]     CWR: VM Weak Roots               73 us, workers (us):  73, ---, ---, 
[133.426s][info][gc,stats    ]     CWR: CLDG Roots                   4 us, workers (us):   4, ---, ---, 
[133.426s][info][gc,stats    ]   Rendezvous                         64 us
[133.426s][info][gc,stats    ] Concurrent Cleanup                   68 us
[133.426s][info][gc,stats    ] Concurrent Class Unloading         4428 us
[133.426s][info][gc,stats    ]   Unlink Stale                     3831 us
[133.426s][info][gc,stats    ]     System Dictionary                 6 us
[133.426s][info][gc,stats    ]     Weak Class Links                  0 us
[133.426s][info][gc,stats    ]     Code Roots                     3823 us
[133.426s][info][gc,stats    ]   Rendezvous                        190 us
[133.426s][info][gc,stats    ]   Purge Unlinked                    322 us
[133.426s][info][gc,stats    ]     Code Roots                      312 us
[133.426s][info][gc,stats    ]     CLDG                              9 us
[133.426s][info][gc,stats    ]     Exception Caches                  0 us
[133.426s][info][gc,stats    ] Pause Final Roots (G)               195 us
[133.426s][info][gc,stats    ] Pause Final Roots (N)                75 us
[133.426s][info][gc,stats    ] 
[133.426s][info][gc,stats    ] Allocation pacing accrued:
[133.426s][info][gc,stats    ]       0 of    23 ms (  0.0%): <total>
[133.426s][info][gc,stats    ]       0 of    23 ms (  0.0%): <average total>
[133.426s][info][gc,stats    ] 
[133.426s][info][gc,metaspace] Metaspace: 15972K(16256K)->15972K(16256K) NonClass: 13802K(13952K)->13802K(13952K) Class: 2170K(2304K)->2170K(2304K)
[133.426s][info][gc,ergo     ] Pacer for Idle. Initial: 41943K, Alloc Tax Rate: 1.0x
[133.992s][info][gc          ] Trigger: Learning 2 of 5. Free (1410M) is below initial threshold (1433M)
[133.992s][info][gc,ergo     ] Free: 1410M, Max: 1024K regular, 1005M humongous, Frag: 29% external, 0% internal; Reserve: 103M, Max: 1024K
[133.992s][info][gc,start    ] GC(180) Concurrent reset
[133.992s][info][gc,task     ] GC(180) Using 1 of 3 workers for concurrent reset
[133.992s][info][gc,ergo     ] GC(180) Pacer for Reset. Non-Taxable: 2048M
[133.992s][info][gc          ] GC(180) Concurrent reset 0.406ms
[133.992s][info][gc,start    ] GC(180) Pause Init Mark (unload classes)
[133.992s][info][gc,task     ] GC(180) Using 3 of 3 workers for init marking
[133.993s][info][gc,ergo     ] GC(180) Pacer for Mark. Expected Live: 82256K, Free: 1410M, Non-Taxable: 141M, Alloc Tax Rate: 0.1x
[133.993s][info][gc          ] GC(180) Pause Init Mark (unload classes) 0.269ms
[133.993s][info][gc,start    ] GC(180) Concurrent marking roots
[133.993s][info][gc,task     ] GC(180) Using 1 of 3 workers for concurrent marking roots
[133.994s][info][gc          ] GC(180) Concurrent marking roots 0.834ms
[133.994s][info][gc,start    ] GC(180) Concurrent marking (unload classes)
[133.994s][info][gc,task     ] GC(180) Using 1 of 3 workers for concurrent marking
[134.324s][info][gc          ] GC(180) Concurrent marking (unload classes) 330.490ms
[134.324s][info][gc,start    ] GC(180) Pause Final Mark (unload classes)
[134.324s][info][gc,task     ] GC(180) Using 3 of 3 workers for final marking
[134.324s][info][gc,ergo     ] GC(180) Adaptive CSet Selection. Target Free: 290M, Actual Free: 1245M, Max CSet: 87381K, Min Garbage: 0B
[134.324s][info][gc,ergo     ] GC(180) Collectable Garbage: 197M (61%), Immediate: 28576K (8%), CSet: 169M (52%)
[134.324s][info][gc,ergo     ] GC(180) Pacer for Evacuation. Used CSet: 255M, Free: 1154M, Non-Taxable: 115M, Alloc Tax Rate: 1.1x
[134.324s][info][gc          ] GC(180) Pause Final Mark (unload classes) 0.264ms
[134.338s][info][gc,start    ] GC(180) Concurrent thread roots
[134.338s][info][gc,task     ] GC(180) Using 1 of 3 workers for Concurrent thread roots
[134.338s][info][gc          ] GC(180) Concurrent thread roots 0.529ms
[134.338s][info][gc,start    ] GC(180) Concurrent weak references
[134.338s][info][gc,task     ] GC(180) Using 1 of 3 workers for concurrent weak references
[134.338s][info][gc,ref      ] GC(180) Encountered references: Soft: 133, Weak: 684, Final: 0, Phantom: 63
[134.338s][info][gc,ref      ] GC(180) Discovered  references: Soft: 0, Weak: 153, Final: 0, Phantom: 26
[134.338s][info][gc,ref      ] GC(180) Enqueued    references: Soft: 0, Weak: 0, Final: 0, Phantom: 0
[134.338s][info][gc          ] GC(180) Concurrent weak references 0.072ms
[134.338s][info][gc,start    ] GC(180) Concurrent weak roots
[134.338s][info][gc,task     ] GC(180) Using 1 of 3 workers for concurrent weak root
[134.341s][info][gc          ] GC(180) Concurrent weak roots 2.248ms
[134.341s][info][gc,start    ] GC(180) Concurrent cleanup
[134.341s][info][gc          ] GC(180) Concurrent cleanup 807M->780M(2048M) 0.041ms
[134.341s][info][gc,ergo     ] GC(180) Free: 1148M, Max: 1024K regular, 1110M humongous, Frag: 4% external, 0% internal; Reserve: 93184K, Max: 1024K
[134.341s][info][gc,start    ] GC(180) Concurrent class unloading
[134.341s][info][gc,task     ] GC(180) Using 1 of 3 workers for concurrent class unloading
[134.354s][info][gc          ] GC(180) Concurrent class unloading 12.883ms
[134.354s][info][gc,start    ] GC(180) Concurrent strong roots
[134.354s][info][gc,task     ] GC(180) Using 1 of 3 workers for concurrent strong root
[134.354s][info][gc          ] GC(180) Concurrent strong roots 0.085ms
[134.354s][info][gc,start    ] GC(180) Concurrent evacuation
[134.354s][info][gc,task     ] GC(180) Using 1 of 3 workers for concurrent evacuation
[134.434s][info][gc          ] GC(180) Concurrent evacuation 79.933ms
[134.434s][info][gc,start    ] GC(180) Pause Init Update Refs
[134.434s][info][gc,ergo     ] GC(180) Pacer for Update Refs. Used: 947M, Free: 1053M, Non-Taxable: 105M, Alloc Tax Rate: 1.1x
[134.434s][info][gc          ] GC(180) Pause Init Update Refs 0.043ms
[134.435s][info][gc,start    ] GC(180) Concurrent update references
[134.435s][info][gc,task     ] GC(180) Using 1 of 3 workers for concurrent reference update
[134.858s][info][gc          ] GC(180) Concurrent update references 422.664ms
[134.858s][info][gc,start    ] GC(180) Concurrent update thread roots
[134.859s][info][gc          ] GC(180) Concurrent update thread roots 0.916ms
[134.859s][info][gc,start    ] GC(180) Pause Final Update Refs
[134.859s][info][gc,task     ] GC(180) Using 3 of 3 workers for final reference update
[134.859s][info][gc          ] GC(180) Pause Final Update Refs 0.240ms
[134.859s][info][gc,start    ] GC(180) Concurrent cleanup
[134.859s][info][gc          ] GC(180) Concurrent cleanup 997M->742M(2048M) 0.038ms
[134.859s][info][gc,ergo     ] Free: 1168M, Max: 1024K regular, 918M humongous, Frag: 22% external, 0% internal; Reserve: 103M, Max: 1024K
[134.859s][info][gc,stats    ] 
[134.859s][info][gc,stats    ] All times are wall-clock times, except per-root-class counters, that are sum over
[134.859s][info][gc,stats    ] all workers. Dividing the <total> over the root stage time estimates parallelism.
[134.859s][info][gc,stats    ] 
[134.859s][info][gc,stats    ] Concurrent Reset                    470 us
[134.859s][info][gc,stats    ] Pause Init Mark (G)                 428 us
[134.859s][info][gc,stats    ] Pause Init Mark (N)                 292 us
[134.859s][info][gc,stats    ]   Update Region States              131 us
[134.859s][info][gc,stats    ] Concurrent Mark Roots               852 us, parallelism: 0.84x
[134.859s][info][gc,stats    ]   CMR: <total>                      719 us
[134.859s][info][gc,stats    ]   CMR: Thread Roots                 644 us, workers (us): 644, ---, ---, 
[134.859s][info][gc,stats    ]   CMR: VM Strong Roots                6 us, workers (us):   6, ---, ---, 
[134.859s][info][gc,stats    ]   CMR: CLDG Roots                    69 us, workers (us):  69, ---, ---, 
[134.859s][info][gc,stats    ] Concurrent Marking               330553 us
[134.859s][info][gc,stats    ] Pause Final Mark (G)              13667 us
[134.859s][info][gc,stats    ] Pause Final Mark (N)                273 us
[134.859s][info][gc,stats    ]   Finish Mark                        40 us
[134.859s][info][gc,stats    ]   Update Region States               45 us
[134.859s][info][gc,stats    ]   Choose Collection Set             118 us
[134.859s][info][gc,stats    ]   Rebuild Free Set                    9 us
[134.859s][info][gc,stats    ] Concurrent Thread Roots             550 us, parallelism: 0.76x
[134.859s][info][gc,stats    ]   CTR: <total>                      416 us
[134.859s][info][gc,stats    ]   CTR: Thread Roots                 416 us, workers (us): 416, ---, ---, 
[134.859s][info][gc,stats    ] Concurrent Weak References           79 us, parallelism: 0.20x
[134.859s][info][gc,stats    ]   CWRF: <total>                      15 us
[134.859s][info][gc,stats    ]   CWRF: Weak References              15 us, workers (us):  15, ---, ---, 
[134.859s][info][gc,stats    ] Concurrent Weak Roots              2298 us
[134.859s][info][gc,stats    ]   Roots                            1069 us, parallelism: 0.96x
[134.860s][info][gc,stats    ]     CWR: <total>                   1026 us
[134.860s][info][gc,stats    ]     CWR: Code Cache Roots           926 us, workers (us): 926, ---, ---, 
[134.860s][info][gc,stats    ]     CWR: VM Weak Roots               92 us, workers (us):  92, ---, ---, 
[134.860s][info][gc,stats    ]     CWR: CLDG Roots                   9 us, workers (us):   9, ---, ---, 
[134.860s][info][gc,stats    ]   Rendezvous                       1162 us
[134.860s][info][gc,stats    ] Concurrent Cleanup                   49 us
[134.860s][info][gc,stats    ] Concurrent Class Unloading        12941 us
[134.860s][info][gc,stats    ]   Unlink Stale                     4503 us
[134.860s][info][gc,stats    ]     System Dictionary                11 us
[134.860s][info][gc,stats    ]     Weak Class Links                  1 us
[134.860s][info][gc,stats    ]     Code Roots                     4490 us
[134.860s][info][gc,stats    ]   Rendezvous                       8076 us
[134.860s][info][gc,stats    ]   Purge Unlinked                    284 us
[134.860s][info][gc,stats    ]     Code Roots                      277 us
[134.860s][info][gc,stats    ]     CLDG                              6 us
[134.860s][info][gc,stats    ]     Exception Caches                  0 us
[134.860s][info][gc,stats    ] Concurrent Strong Roots             105 us, parallelism: 0.40x
[134.860s][info][gc,stats    ]   CSR: <total>                       41 us
[134.860s][info][gc,stats    ]   CSR: VM Strong Roots                4 us, workers (us):   4, ---, ---, 
[134.860s][info][gc,stats    ]   CSR: CLDG Roots                    38 us, workers (us):  38, ---, ---, 
[134.860s][info][gc,stats    ] Concurrent Evacuation             80007 us
[134.860s][info][gc,stats    ] Pause Init Update Refs (G)         1343 us
[134.860s][info][gc,stats    ] Pause Init Update Refs (N)           52 us
[134.860s][info][gc,stats    ]   Manage GCLABs                       5 us
[134.860s][info][gc,stats    ] Concurrent Update Refs           422740 us
[134.860s][info][gc,stats    ] Concurrent Update Thread Roots      934 us
[134.860s][info][gc,stats    ] Pause Final Update Refs (G)         328 us
[134.860s][info][gc,stats    ] Pause Final Update Refs (N)         268 us
[134.860s][info][gc,stats    ]   Update Region States               96 us
[134.860s][info][gc,stats    ]   Trash Collection Set               16 us
[134.860s][info][gc,stats    ]   Rebuild Free Set                   32 us
[134.860s][info][gc,stats    ] Concurrent Cleanup                   47 us
[134.860s][info][gc,stats    ] 
[134.860s][info][gc,stats    ] Allocation pacing accrued:
[134.860s][info][gc,stats    ]       0 of  1434 ms (  0.0%): <total>
[134.860s][info][gc,stats    ]       0 of  1434 ms (  0.0%): <average total>
[134.860s][info][gc,stats    ] 
[134.860s][info][gc,metaspace] Metaspace: 15972K(16256K)->15972K(16256K) NonClass: 13802K(13952K)->13802K(13952K) Class: 2170K(2304K)->2170K(2304K)
[134.860s][info][gc,ergo     ] Pacer for Idle. Initial: 41943K, Alloc Tax Rate: 1.0x
[134.870s][info][gc          ] Trigger: Explicit GC request (System.gc())
[134.870s][info][gc,ergo     ] Free: 1168M, Max: 1024K regular, 918M humongous, Frag: 22% external, 0% internal; Reserve: 103M, Max: 1024K
[134.870s][info][gc,start    ] GC(181) Concurrent reset
[134.870s][info][gc,task     ] GC(181) Using 1 of 3 workers for concurrent reset
[134.870s][info][gc,ergo     ] GC(181) Pacer for Reset. Non-Taxable: 2048M
[134.873s][info][gc          ] GC(181) Concurrent reset 2.792ms
[134.873s][info][gc,start    ] GC(181) Pause Init Mark (unload classes)
[134.873s][info][gc,task     ] GC(181) Using 3 of 3 workers for init marking
[134.873s][info][gc,ref      ] GC(181) Clearing All SoftReferences
[134.873s][info][gc,ergo     ] GC(181) Pacer for Mark. Expected Live: 118M, Free: 1168M, Non-Taxable: 116M, Alloc Tax Rate: 0.1x
[134.873s][info][gc          ] GC(181) Pause Init Mark (unload classes) 0.225ms
[134.873s][info][gc,start    ] GC(181) Concurrent marking roots
[134.873s][info][gc,task     ] GC(181) Using 1 of 3 workers for concurrent marking roots
[134.874s][info][gc          ] GC(181) Concurrent marking roots 0.585ms
[134.874s][info][gc,start    ] GC(181) Concurrent marking (unload classes)
[134.874s][info][gc,task     ] GC(181) Using 1 of 3 workers for concurrent marking
[134.878s][info][gc          ] GC(181) Concurrent marking (unload classes) 4.567ms
[134.878s][info][gc,start    ] GC(181) Pause Final Mark (unload classes)
[134.879s][info][gc,task     ] GC(181) Using 3 of 3 workers for final marking
[134.879s][info][gc,ergo     ] GC(181) Collectable Garbage: 730M (98%), Immediate: 730M (98%), CSet: 0B (0%)
[134.879s][info][gc          ] GC(181) Pause Final Mark (unload classes) 0.642ms
[134.879s][info][gc,start    ] GC(181) Concurrent weak references
[134.879s][info][gc,task     ] GC(181) Using 1 of 3 workers for concurrent weak references
[134.879s][info][gc,ref      ] GC(181) Encountered references: Soft: 178, Weak: 683, Final: 0, Phantom: 63
[134.879s][info][gc,ref      ] GC(181) Discovered  references: Soft: 127, Weak: 165, Final: 0, Phantom: 61
[134.879s][info][gc,ref      ] GC(181) Enqueued    references: Soft: 48, Weak: 0, Final: 0, Phantom: 0
[134.879s][info][gc          ] GC(181) Concurrent weak references 0.153ms
[134.879s][info][gc,start    ] GC(181) Concurrent weak roots
[134.879s][info][gc,task     ] GC(181) Using 1 of 3 workers for concurrent weak root
[134.880s][info][gc          ] GC(181) Concurrent weak roots 0.958ms
[134.880s][info][gc,start    ] GC(181) Concurrent cleanup
[134.880s][info][gc          ] GC(181) Concurrent cleanup 742M->12M(2048M) 0.058ms
[134.880s][info][gc,ergo     ] GC(181) Free: 1933M, Max: 1024K regular, 1005M humongous, Frag: 49% external, 0% internal; Reserve: 103M, Max: 1024K
[134.880s][info][gc,start    ] GC(181) Concurrent class unloading
[134.880s][info][gc,task     ] GC(181) Using 1 of 3 workers for concurrent class unloading
[134.885s][info][gc          ] GC(181) Concurrent class unloading 4.559ms
[134.885s][info][gc,start    ] GC(181) Pause Final Roots
[134.885s][info][gc          ] GC(181) Pause Final Roots 0.069ms
[134.885s][info][gc,ergo     ] Free: 1933M, Max: 1024K regular, 1005M humongous, Frag: 49% external, 0% internal; Reserve: 103M, Max: 1024K
[134.885s][info][gc,stats    ] 
[134.885s][info][gc,stats    ] All times are wall-clock times, except per-root-class counters, that are sum over
[134.885s][info][gc,stats    ] all workers. Dividing the <total> over the root stage time estimates parallelism.
[134.885s][info][gc,stats    ] 
[134.885s][info][gc,stats    ] Concurrent Reset                   2837 us
[134.885s][info][gc,stats    ] Pause Init Mark (G)                 333 us
[134.885s][info][gc,stats    ] Pause Init Mark (N)                 245 us
[134.885s][info][gc,stats    ]   Update Region States               93 us
[134.885s][info][gc,stats    ] Concurrent Mark Roots               593 us, parallelism: 0.87x
[134.885s][info][gc,stats    ]   CMR: <total>                      518 us
[134.885s][info][gc,stats    ]   CMR: Thread Roots                 476 us, workers (us): 476, ---, ---, 
[134.886s][info][gc,stats    ]   CMR: VM Strong Roots                4 us, workers (us):   4, ---, ---, 
[134.886s][info][gc,stats    ]   CMR: CLDG Roots                    38 us, workers (us):  38, ---, ---, 
[134.886s][info][gc,stats    ] Concurrent Marking                 4590 us
[134.886s][info][gc,stats    ] Pause Final Mark (G)                721 us
[134.888s][info][gc,stats    ] Pause Final Mark (N)                667 us
[134.888s][info][gc,stats    ]   Finish Mark                       313 us
[134.888s][info][gc,stats    ]   Update Region States              124 us
[134.888s][info][gc,stats    ]   Choose Collection Set             100 us
[134.888s][info][gc,stats    ]   Rebuild Free Set                   24 us
[134.888s][info][gc,stats    ] Concurrent Weak References          168 us, parallelism: 0.07x
[134.888s][info][gc,stats    ]   CWRF: <total>                      12 us
[134.888s][info][gc,stats    ]   CWRF: Weak References              12 us, workers (us):  12, ---, ---, 
[134.888s][info][gc,stats    ] Concurrent Weak Roots               971 us
[134.888s][info][gc,stats    ]   Roots                             852 us, parallelism: 0.95x
[134.888s][info][gc,stats    ]     CWR: <total>                    807 us
[134.888s][info][gc,stats    ]     CWR: Code Cache Roots           731 us, workers (us): 731, ---, ---, 
[134.888s][info][gc,stats    ]     CWR: VM Weak Roots               72 us, workers (us):  72, ---, ---, 
[134.888s][info][gc,stats    ]     CWR: CLDG Roots                   5 us, workers (us):   5, ---, ---, 
[134.888s][info][gc,stats    ]   Rendezvous                         76 us
[134.888s][info][gc,stats    ] Concurrent Cleanup                   66 us
[134.888s][info][gc,stats    ] Concurrent Class Unloading         4585 us
[134.888s][info][gc,stats    ]   Unlink Stale                     4065 us
[134.888s][info][gc,stats    ]     System Dictionary                 5 us
[134.888s][info][gc,stats    ]     Weak Class Links                  0 us
[134.888s][info][gc,stats    ]     Code Roots                     4059 us
[134.888s][info][gc,stats    ]   Rendezvous                        167 us
[134.888s][info][gc,stats    ]   Purge Unlinked                    311 us
[134.888s][info][gc,stats    ]     Code Roots                      304 us
[134.888s][info][gc,stats    ]     CLDG                              6 us
[134.888s][info][gc,stats    ]     Exception Caches                  0 us
[134.888s][info][gc,stats    ] Pause Final Roots (G)               166 us
[134.888s][info][gc,stats    ] Pause Final Roots (N)                88 us
[134.888s][info][gc,stats    ] 
[134.888s][info][gc,stats    ] Allocation pacing accrued:
[134.888s][info][gc,stats    ]       0 of    29 ms (  0.0%): <total>
[134.888s][info][gc,stats    ]       0 of    29 ms (  0.0%): <average total>
[134.888s][info][gc,stats    ] 
[134.888s][info][gc,metaspace] Metaspace: 15972K(16256K)->15972K(16256K) NonClass: 13802K(13952K)->13802K(13952K) Class: 2170K(2304K)->2170K(2304K)
[134.888s][info][gc,ergo     ] Pacer for Idle. Initial: 41943K, Alloc Tax Rate: 1.0x
[135.451s][info][gc          ] Trigger: Learning 2 of 5. Free (1416M) is below initial threshold (1433M)
[135.451s][info][gc,ergo     ] Free: 1416M, Max: 1024K regular, 1005M humongous, Frag: 30% external, 0% internal; Reserve: 103M, Max: 1024K
[135.451s][info][gc,start    ] GC(182) Concurrent reset
[135.451s][info][gc,task     ] GC(182) Using 1 of 3 workers for concurrent reset
[135.451s][info][gc,ergo     ] GC(182) Pacer for Reset. Non-Taxable: 2048M
[135.452s][info][gc          ] GC(182) Concurrent reset 0.365ms
[135.452s][info][gc,start    ] GC(182) Pause Init Mark (unload classes)
[135.452s][info][gc,task     ] GC(182) Using 3 of 3 workers for init marking
[135.452s][info][gc,ergo     ] GC(182) Pacer for Mark. Expected Live: 82233K, Free: 1415M, Non-Taxable: 141M, Alloc Tax Rate: 0.1x
[135.452s][info][gc          ] GC(182) Pause Init Mark (unload classes) 0.163ms
[135.452s][info][gc,start    ] GC(182) Concurrent marking roots
[135.452s][info][gc,task     ] GC(182) Using 1 of 3 workers for concurrent marking roots
[135.452s][info][gc          ] GC(182) Concurrent marking roots 0.491ms
[135.452s][info][gc,start    ] GC(182) Concurrent marking (unload classes)
[135.452s][info][gc,task     ] GC(182) Using 1 of 3 workers for concurrent marking
[135.788s][info][gc          ] GC(182) Concurrent marking (unload classes) 335.085ms
[135.788s][info][gc,start    ] GC(182) Pause Final Mark (unload classes)
[135.788s][info][gc,task     ] GC(182) Using 3 of 3 workers for final marking
[135.788s][info][gc,ergo     ] GC(182) Adaptive CSet Selection. Target Free: 290M, Actual Free: 1253M, Max CSet: 87381K, Min Garbage: 0B
[135.788s][info][gc,ergo     ] GC(182) Collectable Garbage: 196M (61%), Immediate: 29760K (9%), CSet: 167M (52%)
[135.788s][info][gc,ergo     ] GC(182) Pacer for Evacuation. Used CSet: 253M, Free: 1161M, Non-Taxable: 116M, Alloc Tax Rate: 1.1x
[135.788s][info][gc          ] GC(182) Pause Final Mark (unload classes) 0.239ms
[135.802s][info][gc,start    ] GC(182) Concurrent thread roots
[135.802s][info][gc,task     ] GC(182) Using 1 of 3 workers for Concurrent thread roots
[135.802s][info][gc          ] GC(182) Concurrent thread roots 0.533ms
[135.802s][info][gc,start    ] GC(182) Concurrent weak references
[135.802s][info][gc,task     ] GC(182) Using 1 of 3 workers for concurrent weak references
[135.802s][info][gc,ref      ] GC(182) Encountered references: Soft: 133, Weak: 684, Final: 0, Phantom: 63
[135.802s][info][gc,ref      ] GC(182) Discovered  references: Soft: 0, Weak: 153, Final: 0, Phantom: 26
[135.802s][info][gc,ref      ] GC(182) Enqueued    references: Soft: 0, Weak: 0, Final: 0, Phantom: 0
[135.802s][info][gc          ] GC(182) Concurrent weak references 0.064ms
[135.802s][info][gc,start    ] GC(182) Concurrent weak roots
[135.802s][info][gc,task     ] GC(182) Using 1 of 3 workers for concurrent weak root
[135.804s][info][gc          ] GC(182) Concurrent weak roots 1.374ms
[135.804s][info][gc,start    ] GC(182) Concurrent cleanup
[135.804s][info][gc          ] GC(182) Concurrent cleanup 796M->767M(2048M) 0.044ms
[135.804s][info][gc,ergo     ] GC(182) Free: 1154M, Max: 1024K regular, 1115M humongous, Frag: 4% external, 0% internal; Reserve: 99328K, Max: 1024K
[135.804s][info][gc,start    ] GC(182) Concurrent class unloading
[135.804s][info][gc,task     ] GC(182) Using 1 of 3 workers for concurrent class unloading
[135.820s][info][gc          ] GC(182) Concurrent class unloading 15.901ms
[135.820s][info][gc,start    ] GC(182) Concurrent strong roots
[135.820s][info][gc,task     ] GC(182) Using 1 of 3 workers for concurrent strong root
[135.820s][info][gc          ] GC(182) Concurrent strong roots 0.077ms
[135.820s][info][gc,start    ] GC(182) Concurrent evacuation
[135.820s][info][gc,task     ] GC(182) Using 1 of 3 workers for concurrent evacuation
[135.896s][info][gc          ] GC(182) Concurrent evacuation 76.273ms
[135.896s][info][gc,start    ] GC(182) Pause Init Update Refs
[135.896s][info][gc,ergo     ] GC(182) Pacer for Update Refs. Used: 915M, Free: 1085M, Non-Taxable: 108M, Alloc Tax Rate: 1.1x
[135.896s][info][gc          ] GC(182) Pause Init Update Refs 0.134ms
[135.902s][info][gc,start    ] GC(182) Concurrent update references
[135.902s][info][gc,task     ] GC(182) Using 1 of 3 workers for concurrent reference update
[136.333s][info][gc          ] GC(182) Concurrent update references 430.862ms
[136.333s][info][gc,start    ] GC(182) Concurrent update thread roots
[136.334s][info][gc          ] GC(182) Concurrent update thread roots 0.931ms
[136.334s][info][gc,start    ] GC(182) Pause Final Update Refs
[136.334s][info][gc,task     ] GC(182) Using 3 of 3 workers for final reference update
[136.334s][info][gc          ] GC(182) Pause Final Update Refs 0.274ms
[136.334s][info][gc,start    ] GC(182) Concurrent cleanup
[136.334s][info][gc          ] GC(182) Concurrent cleanup 992M->739M(2048M) 0.047ms
[136.334s][info][gc,ergo     ] Free: 1170M, Max: 1024K regular, 920M humongous, Frag: 22% external, 0% internal; Reserve: 103M, Max: 1024K
[136.334s][info][gc,stats    ] 
[136.334s][info][gc,stats    ] All times are wall-clock times, except per-root-class counters, that are sum over
[136.334s][info][gc,stats    ] all workers. Dividing the <total> over the root stage time estimates parallelism.
[136.334s][info][gc,stats    ] 
[136.334s][info][gc,stats    ] Concurrent Reset                    431 us
[136.334s][info][gc,stats    ] Pause Init Mark (G)                 340 us
[136.334s][info][gc,stats    ] Pause Init Mark (N)                 180 us
[136.334s][info][gc,stats    ]   Update Region States               67 us
[136.334s][info][gc,stats    ] Concurrent Mark Roots               529 us, parallelism: 0.67x
[136.334s][info][gc,stats    ]   CMR: <total>                      354 us
[136.334s][info][gc,stats    ]   CMR: Thread Roots                 309 us, workers (us): 309, ---, ---, 
[136.334s][info][gc,stats    ]   CMR: VM Strong Roots                5 us, workers (us):   5, ---, ---, 
[136.334s][info][gc,stats    ]   CMR: CLDG Roots                    40 us, workers (us):  40, ---, ---, 
[136.334s][info][gc,stats    ] Concurrent Marking               335149 us
[136.334s][info][gc,stats    ] Pause Final Mark (G)              13906 us
[136.334s][info][gc,stats    ] Pause Final Mark (N)                248 us
[136.334s][info][gc,stats    ]   Finish Mark                        41 us
[136.334s][info][gc,stats    ]   Update Region States               31 us
[136.334s][info][gc,stats    ]   Choose Collection Set              95 us
[136.335s][info][gc,stats    ]   Rebuild Free Set                    9 us
[136.335s][info][gc,stats    ] Concurrent Thread Roots             544 us, parallelism: 0.82x
[136.335s][info][gc,stats    ]   CTR: <total>                      449 us
[136.335s][info][gc,stats    ]   CTR: Thread Roots                 449 us, workers (us): 449, ---, ---, 
[136.335s][info][gc,stats    ] Concurrent Weak References           71 us, parallelism: 0.18x
[136.335s][info][gc,stats    ]   CWRF: <total>                      13 us
[136.335s][info][gc,stats    ]   CWRF: Weak References              13 us, workers (us):  13, ---, ---, 
[136.335s][info][gc,stats    ] Concurrent Weak Roots              1422 us
[136.335s][info][gc,stats    ]   Roots                            1066 us, parallelism: 0.97x
[136.335s][info][gc,stats    ]     CWR: <total>                   1031 us
[136.335s][info][gc,stats    ]     CWR: Code Cache Roots           935 us, workers (us): 935, ---, ---, 
[136.335s][info][gc,stats    ]     CWR: VM Weak Roots               88 us, workers (us):  88, ---, ---, 
[136.335s][info][gc,stats    ]     CWR: CLDG Roots                   8 us, workers (us):   8, ---, ---, 
[136.335s][info][gc,stats    ]   Rendezvous                        291 us
[136.335s][info][gc,stats    ] Concurrent Cleanup                   52 us
[136.335s][info][gc,stats    ] Concurrent Class Unloading        15960 us
[136.335s][info][gc,stats    ]   Unlink Stale                     4421 us
[136.335s][info][gc,stats    ]     System Dictionary                 9 us
[136.335s][info][gc,stats    ]     Weak Class Links                  0 us
[136.335s][info][gc,stats    ]     Code Roots                     4410 us
[136.335s][info][gc,stats    ]   Rendezvous                      11188 us
[136.335s][info][gc,stats    ]   Purge Unlinked                    273 us
[136.335s][info][gc,stats    ]     Code Roots                      267 us
[136.335s][info][gc,stats    ]     CLDG                              5 us
[136.335s][info][gc,stats    ]     Exception Caches                  0 us
[136.335s][info][gc,stats    ] Concurrent Strong Roots              84 us, parallelism: 0.46x
[136.335s][info][gc,stats    ]   CSR: <total>                       39 us
[136.335s][info][gc,stats    ]   CSR: VM Strong Roots                4 us, workers (us):   4, ---, ---, 
[136.335s][info][gc,stats    ]   CSR: CLDG Roots                    35 us, workers (us):  35, ---, ---, 
[136.335s][info][gc,stats    ] Concurrent Evacuation             76349 us
[136.335s][info][gc,stats    ] Pause Init Update Refs (G)         5902 us
[136.335s][info][gc,stats    ] Pause Init Update Refs (N)          144 us
[136.335s][info][gc,stats    ]   Manage GCLABs                      51 us
[136.335s][info][gc,stats    ] Concurrent Update Refs           430933 us
[136.335s][info][gc,stats    ] Concurrent Update Thread Roots      949 us
[136.335s][info][gc,stats    ] Pause Final Update Refs (G)         398 us
[136.335s][info][gc,stats    ] Pause Final Update Refs (N)         324 us
[136.335s][info][gc,stats    ]   Update Region States              128 us
[136.335s][info][gc,stats    ]   Trash Collection Set               16 us
[136.335s][info][gc,stats    ]   Rebuild Free Set                   32 us
[136.335s][info][gc,stats    ] Concurrent Cleanup                   56 us
[136.335s][info][gc,stats    ] 
[136.335s][info][gc,stats    ] Allocation pacing accrued:
[136.335s][info][gc,stats    ]       0 of  1447 ms (  0.0%): <total>
[136.335s][info][gc,stats    ]       0 of  1447 ms (  0.0%): <average total>
[136.335s][info][gc,stats    ] 
[136.335s][info][gc,metaspace] Metaspace: 15972K(16256K)->15972K(16256K) NonClass: 13802K(13952K)->13802K(13952K) Class: 2170K(2304K)->2170K(2304K)
[136.335s][info][gc,ergo     ] Pacer for Idle. Initial: 41943K, Alloc Tax Rate: 1.0x
[136.341s][info][gc          ] Trigger: Explicit GC request (System.gc())
[136.341s][info][gc,ergo     ] Free: 1170M, Max: 1024K regular, 920M humongous, Frag: 22% external, 0% internal; Reserve: 103M, Max: 1024K
[136.341s][info][gc,start    ] GC(183) Concurrent reset
[136.341s][info][gc,task     ] GC(183) Using 1 of 3 workers for concurrent reset
[136.341s][info][gc,ergo     ] GC(183) Pacer for Reset. Non-Taxable: 2048M
[136.343s][info][gc          ] GC(183) Concurrent reset 2.449ms
[136.343s][info][gc,start    ] GC(183) Pause Init Mark (unload classes)
[136.343s][info][gc,task     ] GC(183) Using 3 of 3 workers for init marking
[136.344s][info][gc,ref      ] GC(183) Clearing All SoftReferences
[136.344s][info][gc,ergo     ] GC(183) Pacer for Mark. Expected Live: 118M, Free: 1170M, Non-Taxable: 117M, Alloc Tax Rate: 0.1x
[136.344s][info][gc          ] GC(183) Pause Init Mark (unload classes) 0.295ms
[136.344s][info][gc,start    ] GC(183) Concurrent marking roots
[136.344s][info][gc,task     ] GC(183) Using 1 of 3 workers for concurrent marking roots
[136.345s][info][gc          ] GC(183) Concurrent marking roots 0.772ms
[136.345s][info][gc,start    ] GC(183) Concurrent marking (unload classes)
[136.345s][info][gc,task     ] GC(183) Using 1 of 3 workers for concurrent marking
[136.349s][info][gc          ] GC(183) Concurrent marking (unload classes) 4.450ms
[136.349s][info][gc,start    ] GC(183) Pause Final Mark (unload classes)
[136.349s][info][gc,task     ] GC(183) Using 3 of 3 workers for final marking
[136.350s][info][gc,ergo     ] GC(183) Collectable Garbage: 727M (98%), Immediate: 727M (98%), CSet: 0B (0%)
[136.350s][info][gc          ] GC(183) Pause Final Mark (unload classes) 0.493ms
[136.350s][info][gc,start    ] GC(183) Concurrent weak references
[136.350s][info][gc,task     ] GC(183) Using 1 of 3 workers for concurrent weak references
[136.350s][info][gc,ref      ] GC(183) Encountered references: Soft: 178, Weak: 683, Final: 0, Phantom: 63
[136.350s][info][gc,ref      ] GC(183) Discovered  references: Soft: 127, Weak: 165, Final: 0, Phantom: 61
[136.350s][info][gc,ref      ] GC(183) Enqueued    references: Soft: 48, Weak: 0, Final: 0, Phantom: 0
[136.350s][info][gc          ] GC(183) Concurrent weak references 0.129ms
[136.350s][info][gc,start    ] GC(183) Concurrent weak roots
[136.350s][info][gc,task     ] GC(183) Using 1 of 3 workers for concurrent weak root
[136.351s][info][gc          ] GC(183) Concurrent weak roots 0.991ms
[136.351s][info][gc,start    ] GC(183) Concurrent cleanup
[136.351s][info][gc          ] GC(183) Concurrent cleanup 739M->12M(2048M) 0.059ms
[136.351s][info][gc,ergo     ] GC(183) Free: 1932M, Max: 1024K regular, 1005M humongous, Frag: 48% external, 0% internal; Reserve: 103M, Max: 1024K
[136.351s][info][gc,start    ] GC(183) Concurrent class unloading
[136.351s][info][gc,task     ] GC(183) Using 1 of 3 workers for concurrent class unloading
[136.356s][info][gc          ] GC(183) Concurrent class unloading 4.774ms
[136.356s][info][gc,start    ] GC(183) Pause Final Roots
[136.356s][info][gc          ] GC(183) Pause Final Roots 0.058ms
[136.356s][info][gc,ergo     ] Free: 1932M, Max: 1024K regular, 1005M humongous, Frag: 48% external, 0% internal; Reserve: 103M, Max: 1024K
[136.356s][info][gc,stats    ] 
[136.356s][info][gc,stats    ] All times are wall-clock times, except per-root-class counters, that are sum over
[136.356s][info][gc,stats    ] all workers. Dividing the <total> over the root stage time estimates parallelism.
[136.356s][info][gc,stats    ] 
[136.356s][info][gc,stats    ] Concurrent Reset                   2505 us
[136.356s][info][gc,stats    ] Pause Init Mark (G)                 427 us
[136.356s][info][gc,stats    ] Pause Init Mark (N)                 307 us
[136.356s][info][gc,stats    ]   Update Region States              127 us
[136.356s][info][gc,stats    ] Concurrent Mark Roots               796 us, parallelism: 0.79x
[136.356s][info][gc,stats    ]   CMR: <total>                      628 us
[136.356s][info][gc,stats    ]   CMR: Thread Roots                 548 us, workers (us): 548, ---, ---, 
[136.356s][info][gc,stats    ]   CMR: VM Strong Roots               15 us, workers (us):  15, ---, ---, 
[136.356s][info][gc,stats    ]   CMR: CLDG Roots                    65 us, workers (us):  65, ---, ---, 
[136.356s][info][gc,stats    ] Concurrent Marking                 4508 us
[136.356s][info][gc,stats    ] Pause Final Mark (G)                621 us
[136.356s][info][gc,stats    ] Pause Final Mark (N)                518 us
[136.356s][info][gc,stats    ]   Finish Mark                       162 us
[136.356s][info][gc,stats    ]   Update Region States              124 us
[136.356s][info][gc,stats    ]   Choose Collection Set             102 us
[136.356s][info][gc,stats    ]   Rebuild Free Set                   24 us
[136.356s][info][gc,stats    ] Concurrent Weak References          137 us, parallelism: 0.10x
[136.356s][info][gc,stats    ]   CWRF: <total>                      14 us
[136.356s][info][gc,stats    ]   CWRF: Weak References              14 us, workers (us):  14, ---, ---, 
[136.356s][info][gc,stats    ] Concurrent Weak Roots              1027 us
[136.356s][info][gc,stats    ]   Roots                             883 us, parallelism: 0.93x
[136.356s][info][gc,stats    ]     CWR: <total>                    818 us
[136.356s][info][gc,stats    ]     CWR: Code Cache Roots           740 us, workers (us): 740, ---, ---, 
[136.356s][info][gc,stats    ]     CWR: VM Weak Roots               73 us, workers (us):  73, ---, ---, 
[136.356s][info][gc,stats    ]     CWR: CLDG Roots                   5 us, workers (us):   5, ---, ---, 
[136.356s][info][gc,stats    ]   Rendezvous                         90 us
[136.356s][info][gc,stats    ] Concurrent Cleanup                   67 us
[136.356s][info][gc,stats    ] Concurrent Class Unloading         4798 us
[136.356s][info][gc,stats    ]   Unlink Stale                     4165 us
[136.356s][info][gc,stats    ]     System Dictionary                 6 us
[136.356s][info][gc,stats    ]     Weak Class Links                  0 us
[136.356s][info][gc,stats    ]     Code Roots                     4156 us
[136.356s][info][gc,stats    ]   Rendezvous                        211 us
[136.356s][info][gc,stats    ]   Purge Unlinked                    383 us
[136.356s][info][gc,stats    ]     Code Roots                      379 us
[136.356s][info][gc,stats    ]     CLDG                              4 us
[136.356s][info][gc,stats    ]     Exception Caches                  0 us
[136.356s][info][gc,stats    ] Pause Final Roots (G)               179 us
[136.356s][info][gc,stats    ] Pause Final Roots (N)                77 us
[136.356s][info][gc,stats    ] 
[136.356s][info][gc,stats    ] Allocation pacing accrued:
[136.356s][info][gc,stats    ]       0 of    21 ms (  0.0%): <total>
[136.356s][info][gc,stats    ]       0 of    21 ms (  0.0%): <average total>
[136.357s][info][gc,stats    ] 
[136.357s][info][gc,metaspace] Metaspace: 15972K(16256K)->15972K(16256K) NonClass: 13802K(13952K)->13802K(13952K) Class: 2170K(2304K)->2170K(2304K)
[136.357s][info][gc,ergo     ] Pacer for Idle. Initial: 41943K, Alloc Tax Rate: 1.0x
[136.922s][info][gc          ] Trigger: Learning 2 of 5. Free (1411M) is below initial threshold (1433M)
[136.922s][info][gc,ergo     ] Free: 1411M, Max: 1024K regular, 1005M humongous, Frag: 29% external, 0% internal; Reserve: 103M, Max: 1024K
[136.922s][info][gc,start    ] GC(184) Concurrent reset
[136.922s][info][gc,task     ] GC(184) Using 1 of 3 workers for concurrent reset
[136.922s][info][gc,ergo     ] GC(184) Pacer for Reset. Non-Taxable: 2048M
[136.923s][info][gc          ] GC(184) Concurrent reset 0.372ms
[136.923s][info][gc,start    ] GC(184) Pause Init Mark (unload classes)
[136.923s][info][gc,task     ] GC(184) Using 3 of 3 workers for init marking
[136.923s][info][gc,ergo     ] GC(184) Pacer for Mark. Expected Live: 82240K, Free: 1410M, Non-Taxable: 141M, Alloc Tax Rate: 0.1x
[136.923s][info][gc          ] GC(184) Pause Init Mark (unload classes) 0.152ms
[136.923s][info][gc,start    ] GC(184) Concurrent marking roots
[136.923s][info][gc,task     ] GC(184) Using 1 of 3 workers for concurrent marking roots
[136.923s][info][gc          ] GC(184) Concurrent marking roots 0.421ms
[136.923s][info][gc,start    ] GC(184) Concurrent marking (unload classes)
[136.923s][info][gc,task     ] GC(184) Using 1 of 3 workers for concurrent marking
[137.266s][info][gc          ] GC(184) Concurrent marking (unload classes) 342.310ms
[137.266s][info][gc,start    ] GC(184) Pause Final Mark (unload classes)
[137.266s][info][gc,task     ] GC(184) Using 3 of 3 workers for final marking
[137.266s][info][gc,ergo     ] GC(184) Adaptive CSet Selection. Target Free: 290M, Actual Free: 1223M, Max CSet: 87381K, Min Garbage: 0B
[137.266s][info][gc,ergo     ] GC(184) Collectable Garbage: 197M (60%), Immediate: 29347K (8%), CSet: 168M (52%)
[137.266s][info][gc,ergo     ] GC(184) Pacer for Evacuation. Used CSet: 254M, Free: 1132M, Non-Taxable: 113M, Alloc Tax Rate: 1.1x
[137.266s][info][gc          ] GC(184) Pause Final Mark (unload classes) 0.261ms
[137.266s][info][gc,start    ] GC(184) Concurrent thread roots
[137.266s][info][gc,task     ] GC(184) Using 1 of 3 workers for Concurrent thread roots
[137.267s][info][gc          ] GC(184) Concurrent thread roots 0.441ms
[137.267s][info][gc,start    ] GC(184) Concurrent weak references
[137.267s][info][gc,task     ] GC(184) Using 1 of 3 workers for concurrent weak references
[137.267s][info][gc,ref      ] GC(184) Encountered references: Soft: 133, Weak: 684, Final: 0, Phantom: 63
[137.267s][info][gc,ref      ] GC(184) Discovered  references: Soft: 0, Weak: 152, Final: 0, Phantom: 26
[137.267s][info][gc,ref      ] GC(184) Enqueued    references: Soft: 0, Weak: 0, Final: 0, Phantom: 0
[137.267s][info][gc          ] GC(184) Concurrent weak references 0.062ms
[137.267s][info][gc,start    ] GC(184) Concurrent weak roots
[137.267s][info][gc,task     ] GC(184) Using 1 of 3 workers for concurrent weak root
[137.281s][info][gc          ] GC(184) Concurrent weak roots 14.691ms
[137.281s][info][gc,start    ] GC(184) Concurrent cleanup
[137.281s][info][gc          ] GC(184) Concurrent cleanup 827M->798M(2048M) 0.047ms
[137.282s][info][gc,ergo     ] GC(184) Free: 1125M, Max: 1024K regular, 1086M humongous, Frag: 4% external, 0% internal; Reserve: 95232K, Max: 1024K
[137.282s][info][gc,start    ] GC(184) Concurrent class unloading
[137.282s][info][gc,task     ] GC(184) Using 1 of 3 workers for concurrent class unloading
[137.297s][info][gc          ] GC(184) Concurrent class unloading 15.789ms
[137.297s][info][gc,start    ] GC(184) Concurrent strong roots
[137.297s][info][gc,task     ] GC(184) Using 1 of 3 workers for concurrent strong root
[137.297s][info][gc          ] GC(184) Concurrent strong roots 0.080ms
[137.297s][info][gc,start    ] GC(184) Concurrent evacuation
[137.297s][info][gc,task     ] GC(184) Using 1 of 3 workers for concurrent evacuation
[137.378s][info][gc          ] GC(184) Concurrent evacuation 80.290ms
[137.378s][info][gc,start    ] GC(184) Pause Init Update Refs
[137.378s][info][gc,ergo     ] GC(184) Pacer for Update Refs. Used: 947M, Free: 1051M, Non-Taxable: 105M, Alloc Tax Rate: 1.1x
[137.378s][info][gc          ] GC(184) Pause Init Update Refs 0.061ms
[137.378s][info][gc,start    ] GC(184) Concurrent update references
[137.378s][info][gc,task     ] GC(184) Using 1 of 3 workers for concurrent reference update
[137.829s][info][gc          ] GC(184) Concurrent update references 450.388ms
[137.829s][info][gc,start    ] GC(184) Concurrent update thread roots
[137.829s][info][gc          ] GC(184) Concurrent update thread roots 0.422ms
[137.829s][info][gc,start    ] GC(184) Pause Final Update Refs
[137.829s][info][gc,task     ] GC(184) Using 3 of 3 workers for final reference update
[137.830s][info][gc          ] GC(184) Pause Final Update Refs 0.432ms
[137.830s][info][gc,start    ] GC(184) Concurrent cleanup
[137.830s][info][gc          ] GC(184) Concurrent cleanup 993M->739M(2048M) 0.041ms
[137.830s][info][gc,ergo     ] Free: 1171M, Max: 1024K regular, 921M humongous, Frag: 22% external, 0% internal; Reserve: 103M, Max: 1024K
[137.830s][info][gc,stats    ] 
[137.830s][info][gc,stats    ] All times are wall-clock times, except per-root-class counters, that are sum over
[137.830s][info][gc,stats    ] all workers. Dividing the <total> over the root stage time estimates parallelism.
[137.830s][info][gc,stats    ] 
[137.830s][info][gc,stats    ] Concurrent Reset                    433 us
[137.830s][info][gc,stats    ] Pause Init Mark (G)                 291 us
[137.830s][info][gc,stats    ] Pause Init Mark (N)                 168 us
[137.830s][info][gc,stats    ]   Update Region States               68 us
[137.830s][info][gc,stats    ] Concurrent Mark Roots               431 us, parallelism: 0.81x
[137.830s][info][gc,stats    ]   CMR: <total>                      349 us
[137.830s][info][gc,stats    ]   CMR: Thread Roots                 308 us, workers (us): 308, ---, ---, 
[137.830s][info][gc,stats    ]   CMR: VM Strong Roots                4 us, workers (us):   4, ---, ---, 
[137.830s][info][gc,stats    ]   CMR: CLDG Roots                    38 us, workers (us):  38, ---, ---, 
[137.830s][info][gc,stats    ] Concurrent Marking               342378 us
[137.830s][info][gc,stats    ] Pause Final Mark (G)                406 us
[137.830s][info][gc,stats    ] Pause Final Mark (N)                269 us
[137.830s][info][gc,stats    ]   Finish Mark                        36 us
[137.830s][info][gc,stats    ]   Update Region States               36 us
[137.830s][info][gc,stats    ]   Choose Collection Set              99 us
[137.830s][info][gc,stats    ]   Rebuild Free Set                    9 us
[137.830s][info][gc,stats    ] Concurrent Thread Roots             453 us, parallelism: 0.86x
[137.830s][info][gc,stats    ]   CTR: <total>                      388 us
[137.830s][info][gc,stats    ]   CTR: Thread Roots                 388 us, workers (us): 388, ---, ---, 
[137.830s][info][gc,stats    ] Concurrent Weak References           69 us, parallelism: 0.17x
[137.830s][info][gc,stats    ]   CWRF: <total>                      12 us
[137.830s][info][gc,stats    ]   CWRF: Weak References              12 us, workers (us):  12, ---, ---, 
[137.830s][info][gc,stats    ] Concurrent Weak Roots             14773 us
[137.830s][info][gc,stats    ]   Roots                            1033 us, parallelism: 0.96x
[137.830s][info][gc,stats    ]     CWR: <total>                    995 us
[137.830s][info][gc,stats    ]     CWR: Code Cache Roots           901 us, workers (us): 901, ---, ---, 
[137.830s][info][gc,stats    ]     CWR: VM Weak Roots               86 us, workers (us):  86, ---, ---, 
[137.830s][info][gc,stats    ]     CWR: CLDG Roots                   7 us, workers (us):   7, ---, ---, 
[137.830s][info][gc,stats    ]   Rendezvous                      13637 us
[137.830s][info][gc,stats    ] Concurrent Cleanup                   56 us
[137.830s][info][gc,stats    ] Concurrent Class Unloading        15849 us
[137.830s][info][gc,stats    ]   Unlink Stale                     4514 us
[137.830s][info][gc,stats    ]     System Dictionary                25 us
[137.830s][info][gc,stats    ]     Weak Class Links                  0 us
[137.830s][info][gc,stats    ]     Code Roots                     4487 us
[137.830s][info][gc,stats    ]   Rendezvous                      10945 us
[137.830s][info][gc,stats    ]   Purge Unlinked                    309 us
[137.830s][info][gc,stats    ]     Code Roots                      303 us
[137.830s][info][gc,stats    ]     CLDG                              5 us
[137.830s][info][gc,stats    ]     Exception Caches                  0 us
[137.830s][info][gc,stats    ] Concurrent Strong Roots              89 us, parallelism: 0.45x
[137.830s][info][gc,stats    ]   CSR: <total>                       40 us
[137.830s][info][gc,stats    ]   CSR: VM Strong Roots                3 us, workers (us):   3, ---, ---, 
[137.830s][info][gc,stats    ]   CSR: CLDG Roots                    37 us, workers (us):  37, ---, ---, 
[137.830s][info][gc,stats    ] Concurrent Evacuation             80542 us
[137.830s][info][gc,stats    ] Pause Init Update Refs (G)          189 us
[137.830s][info][gc,stats    ] Pause Init Update Refs (N)           69 us
[137.830s][info][gc,stats    ]   Manage GCLABs                       3 us
[137.830s][info][gc,stats    ] Concurrent Update Refs           450470 us
[137.830s][info][gc,stats    ] Concurrent Update Thread Roots      472 us
[137.830s][info][gc,stats    ] Pause Final Update Refs (G)         488 us
[137.830s][info][gc,stats    ] Pause Final Update Refs (N)         442 us
[137.830s][info][gc,stats    ]   Update Region States              343 us
[137.830s][info][gc,stats    ]   Trash Collection Set                8 us
[137.830s][info][gc,stats    ]   Rebuild Free Set                   21 us
[137.830s][info][gc,stats    ] Concurrent Cleanup                   50 us
[137.830s][info][gc,stats    ] 
[137.830s][info][gc,stats    ] Allocation pacing accrued:
[137.830s][info][gc,stats    ]       0 of  1474 ms (  0.0%): <total>
[137.830s][info][gc,stats    ]       0 of  1474 ms (  0.0%): <average total>
[137.830s][info][gc,stats    ] 
[137.830s][info][gc,metaspace] Metaspace: 15972K(16256K)->15972K(16256K) NonClass: 13802K(13952K)->13802K(13952K) Class: 2170K(2304K)->2170K(2304K)
[137.830s][info][gc,ergo     ] Pacer for Idle. Initial: 41943K, Alloc Tax Rate: 1.0x
[137.831s][info][gc          ] Trigger: Explicit GC request (System.gc())
[137.831s][info][gc,ergo     ] Free: 1171M, Max: 1024K regular, 921M humongous, Frag: 22% external, 0% internal; Reserve: 103M, Max: 1024K
[137.831s][info][gc,start    ] GC(185) Concurrent reset
[137.831s][info][gc,task     ] GC(185) Using 1 of 3 workers for concurrent reset
[137.831s][info][gc,ergo     ] GC(185) Pacer for Reset. Non-Taxable: 2048M
[137.834s][info][gc          ] GC(185) Concurrent reset 2.107ms
[137.834s][info][gc,start    ] GC(185) Pause Init Mark (unload classes)
[137.834s][info][gc,task     ] GC(185) Using 3 of 3 workers for init marking
[137.834s][info][gc,ref      ] GC(185) Clearing All SoftReferences
[137.834s][info][gc,ergo     ] GC(185) Pacer for Mark. Expected Live: 118M, Free: 1171M, Non-Taxable: 117M, Alloc Tax Rate: 0.1x
[137.834s][info][gc          ] GC(185) Pause Init Mark (unload classes) 0.148ms
[137.834s][info][gc,start    ] GC(185) Concurrent marking roots
[137.834s][info][gc,task     ] GC(185) Using 1 of 3 workers for concurrent marking roots
[137.834s][info][gc          ] GC(185) Concurrent marking roots 0.502ms
[137.834s][info][gc,start    ] GC(185) Concurrent marking (unload classes)
[137.834s][info][gc,task     ] GC(185) Using 1 of 3 workers for concurrent marking
[137.839s][info][gc          ] GC(185) Concurrent marking (unload classes) 4.276ms
[137.839s][info][gc,start    ] GC(185) Pause Final Mark (unload classes)
[137.839s][info][gc,task     ] GC(185) Using 3 of 3 workers for final marking
[137.839s][info][gc,ergo     ] GC(185) Collectable Garbage: 728M (99%), Immediate: 728M (99%), CSet: 0B (0%)
[137.839s][info][gc          ] GC(185) Pause Final Mark (unload classes) 0.328ms
[137.839s][info][gc,start    ] GC(185) Concurrent weak references
[137.839s][info][gc,task     ] GC(185) Using 1 of 3 workers for concurrent weak references
[137.839s][info][gc,ref      ] GC(185) Encountered references: Soft: 178, Weak: 683, Final: 0, Phantom: 63
[137.839s][info][gc,ref      ] GC(185) Discovered  references: Soft: 127, Weak: 165, Final: 0, Phantom: 61
[137.839s][info][gc,ref      ] GC(185) Enqueued    references: Soft: 48, Weak: 0, Final: 0, Phantom: 0
[137.839s][info][gc          ] GC(185) Concurrent weak references 0.164ms
[137.839s][info][gc,start    ] GC(185) Concurrent weak roots
[137.839s][info][gc,task     ] GC(185) Using 1 of 3 workers for concurrent weak root
[137.841s][info][gc          ] GC(185) Concurrent weak roots 1.393ms
[137.841s][info][gc,start    ] GC(185) Concurrent cleanup
[137.841s][info][gc          ] GC(185) Concurrent cleanup 739M->11M(2048M) 0.056ms
[137.841s][info][gc,ergo     ] GC(185) Free: 1934M, Max: 1024K regular, 1007M humongous, Frag: 48% external, 0% internal; Reserve: 103M, Max: 1024K
[137.841s][info][gc,start    ] GC(185) Concurrent class unloading
[137.841s][info][gc,task     ] GC(185) Using 1 of 3 workers for concurrent class unloading
[137.846s][info][gc          ] GC(185) Concurrent class unloading 4.975ms
[137.846s][info][gc,start    ] GC(185) Pause Final Roots
[137.846s][info][gc          ] GC(185) Pause Final Roots 0.034ms
[137.846s][info][gc,ergo     ] Free: 1934M, Max: 1024K regular, 1007M humongous, Frag: 48% external, 0% internal; Reserve: 103M, Max: 1024K
[137.846s][info][gc,stats    ] 
[137.846s][info][gc,stats    ] All times are wall-clock times, except per-root-class counters, that are sum over
[137.846s][info][gc,stats    ] all workers. Dividing the <total> over the root stage time estimates parallelism.
[137.846s][info][gc,stats    ] 
[137.846s][info][gc,stats    ] Concurrent Reset                   2158 us
[137.846s][info][gc,stats    ] Pause Init Mark (G)                 252 us
[137.846s][info][gc,stats    ] Pause Init Mark (N)                 156 us
[137.846s][info][gc,stats    ]   Update Region States               69 us
[137.846s][info][gc,stats    ] Concurrent Mark Roots               520 us, parallelism: 0.69x
[137.846s][info][gc,stats    ]   CMR: <total>                      360 us
[137.846s][info][gc,stats    ]   CMR: Thread Roots                 314 us, workers (us): 314, ---, ---, 
[137.846s][info][gc,stats    ]   CMR: VM Strong Roots                4 us, workers (us):   4, ---, ---, 
[137.846s][info][gc,stats    ]   CMR: CLDG Roots                    43 us, workers (us):  43, ---, ---, 
[137.846s][info][gc,stats    ] Concurrent Marking                 4342 us
[137.846s][info][gc,stats    ] Pause Final Mark (G)                421 us
[137.846s][info][gc,stats    ] Pause Final Mark (N)                348 us
[137.846s][info][gc,stats    ]   Finish Mark                       114 us
[137.846s][info][gc,stats    ]   Update Region States               53 us
[137.846s][info][gc,stats    ]   Choose Collection Set              83 us
[137.846s][info][gc,stats    ]   Rebuild Free Set                   24 us
[137.846s][info][gc,stats    ] Concurrent Weak References          172 us, parallelism: 0.09x
[137.846s][info][gc,stats    ]   CWRF: <total>                      15 us
[137.846s][info][gc,stats    ]   CWRF: Weak References              15 us, workers (us):  15, ---, ---, 
[137.846s][info][gc,stats    ] Concurrent Weak Roots              1410 us
[137.846s][info][gc,stats    ]   Roots                            1321 us, parallelism: 0.94x
[137.846s][info][gc,stats    ]     CWR: <total>                   1236 us
[137.846s][info][gc,stats    ]     CWR: Code Cache Roots          1053 us, workers (us): 1053, ---, ---, 
[137.846s][info][gc,stats    ]     CWR: VM Weak Roots              177 us, workers (us): 177, ---, ---, 
[137.846s][info][gc,stats    ]     CWR: CLDG Roots                   6 us, workers (us):   6, ---, ---, 
[137.846s][info][gc,stats    ]   Rendezvous                         56 us
[137.846s][info][gc,stats    ] Concurrent Cleanup                   65 us
[137.846s][info][gc,stats    ] Concurrent Class Unloading         5039 us
[137.846s][info][gc,stats    ]   Unlink Stale                     4706 us
[137.846s][info][gc,stats    ]     System Dictionary                 5 us
[137.846s][info][gc,stats    ]     Weak Class Links                  0 us
[137.846s][info][gc,stats    ]     Code Roots                     4699 us
[137.846s][info][gc,stats    ]   Rendezvous                         57 us
[137.846s][info][gc,stats    ]   Purge Unlinked                    192 us
[137.846s][info][gc,stats    ]     Code Roots                      182 us
[137.846s][info][gc,stats    ]     CLDG                              9 us
[137.846s][info][gc,stats    ]     Exception Caches                  0 us
[137.846s][info][gc,stats    ] Pause Final Roots (G)               123 us
[137.846s][info][gc,stats    ] Pause Final Roots (N)                54 us
[137.846s][info][gc,stats    ] 
[137.846s][info][gc,stats    ] Allocation pacing accrued:
[137.846s][info][gc,stats    ]       0 of    16 ms (  0.0%): <total>
[137.846s][info][gc,stats    ]       0 of    16 ms (  0.0%): <average total>
[137.846s][info][gc,stats    ] 
[137.847s][info][gc,metaspace] Metaspace: 15972K(16256K)->15972K(16256K) NonClass: 13802K(13952K)->13802K(13952K) Class: 2170K(2304K)->2170K(2304K)
[137.847s][info][gc,ergo     ] Pacer for Idle. Initial: 41943K, Alloc Tax Rate: 1.0x
[138.414s][info][gc          ] Trigger: Learning 2 of 5. Free (1416M) is below initial threshold (1433M)
[138.414s][info][gc,ergo     ] Free: 1416M, Max: 1024K regular, 1007M humongous, Frag: 29% external, 0% internal; Reserve: 103M, Max: 1024K
[138.414s][info][gc,start    ] GC(186) Concurrent reset
[138.414s][info][gc,task     ] GC(186) Using 1 of 3 workers for concurrent reset
[138.414s][info][gc,ergo     ] GC(186) Pacer for Reset. Non-Taxable: 2048M
[138.414s][info][gc          ] GC(186) Concurrent reset 0.385ms
[138.415s][info][gc,start    ] GC(186) Pause Init Mark (unload classes)
[138.415s][info][gc,task     ] GC(186) Using 3 of 3 workers for init marking
[138.415s][info][gc,ergo     ] GC(186) Pacer for Mark. Expected Live: 82252K, Free: 1415M, Non-Taxable: 141M, Alloc Tax Rate: 0.1x
[138.415s][info][gc          ] GC(186) Pause Init Mark (unload classes) 0.185ms
[138.415s][info][gc,start    ] GC(186) Concurrent marking roots
[138.415s][info][gc,task     ] GC(186) Using 1 of 3 workers for concurrent marking roots
[138.415s][info][gc          ] GC(186) Concurrent marking roots 0.678ms
[138.416s][info][gc,start    ] GC(186) Concurrent marking (unload classes)
[138.416s][info][gc,task     ] GC(186) Using 1 of 3 workers for concurrent marking
[138.748s][info][gc          ] GC(186) Concurrent marking (unload classes) 332.677ms
[138.748s][info][gc,start    ] GC(186) Pause Final Mark (unload classes)
[138.748s][info][gc,task     ] GC(186) Using 3 of 3 workers for final marking
[138.748s][info][gc,ergo     ] GC(186) Adaptive CSet Selection. Target Free: 290M, Actual Free: 1256M, Max CSet: 87381K, Min Garbage: 0B
[138.749s][info][gc,ergo     ] GC(186) Collectable Garbage: 195M (61%), Immediate: 28032K (8%), CSet: 168M (52%)
[138.749s][info][gc,ergo     ] GC(186) Pacer for Evacuation. Used CSet: 253M, Free: 1164M, Non-Taxable: 116M, Alloc Tax Rate: 1.1x
[138.749s][info][gc          ] GC(186) Pause Final Mark (unload classes) 0.237ms
[138.764s][info][gc,start    ] GC(186) Concurrent thread roots
[138.764s][info][gc,task     ] GC(186) Using 1 of 3 workers for Concurrent thread roots
[138.764s][info][gc          ] GC(186) Concurrent thread roots 0.499ms
[138.764s][info][gc,start    ] GC(186) Concurrent weak references
[138.764s][info][gc,task     ] GC(186) Using 1 of 3 workers for concurrent weak references
[138.764s][info][gc,ref      ] GC(186) Encountered references: Soft: 133, Weak: 684, Final: 0, Phantom: 63
[138.764s][info][gc,ref      ] GC(186) Discovered  references: Soft: 0, Weak: 152, Final: 0, Phantom: 26
[138.764s][info][gc,ref      ] GC(186) Enqueued    references: Soft: 0, Weak: 0, Final: 0, Phantom: 0
[138.764s][info][gc          ] GC(186) Concurrent weak references 0.082ms
[138.764s][info][gc,start    ] GC(186) Concurrent weak roots
[138.764s][info][gc,task     ] GC(186) Using 1 of 3 workers for concurrent weak root
[138.771s][info][gc          ] GC(186) Concurrent weak roots 6.082ms
[138.771s][info][gc,start    ] GC(186) Concurrent cleanup
[138.771s][info][gc          ] GC(186) Concurrent cleanup 800M->772M(2048M) 0.041ms
[138.771s][info][gc,ergo     ] GC(186) Free: 1155M, Max: 1024K regular, 1118M humongous, Frag: 4% external, 0% internal; Reserve: 93184K, Max: 1024K
[138.771s][info][gc,start    ] GC(186) Concurrent class unloading
[138.771s][info][gc,task     ] GC(186) Using 1 of 3 workers for concurrent class unloading
[138.780s][info][gc          ] GC(186) Concurrent class unloading 9.093ms
[138.780s][info][gc,start    ] GC(186) Concurrent strong roots
[138.780s][info][gc,task     ] GC(186) Using 1 of 3 workers for concurrent strong root
[138.780s][info][gc          ] GC(186) Concurrent strong roots 0.076ms
[138.780s][info][gc,start    ] GC(186) Concurrent evacuation
[138.780s][info][gc,task     ] GC(186) Using 1 of 3 workers for concurrent evacuation
[138.856s][info][gc          ] GC(186) Concurrent evacuation 76.368ms
[138.856s][info][gc,start    ] GC(186) Pause Init Update Refs
[138.856s][info][gc,ergo     ] GC(186) Pacer for Update Refs. Used: 924M, Free: 1074M, Non-Taxable: 107M, Alloc Tax Rate: 1.1x
[138.856s][info][gc          ] GC(186) Pause Init Update Refs 0.029ms
[138.875s][info][gc,start    ] GC(186) Concurrent update references
[138.875s][info][gc,task     ] GC(186) Using 1 of 3 workers for concurrent reference update
[139.296s][info][gc          ] GC(186) Concurrent update references 421.380ms
[139.296s][info][gc,start    ] GC(186) Concurrent update thread roots
[139.297s][info][gc          ] GC(186) Concurrent update thread roots 0.917ms
[139.297s][info][gc,start    ] GC(186) Pause Final Update Refs
[139.298s][info][gc,task     ] GC(186) Using 3 of 3 workers for final reference update
[139.298s][info][gc          ] GC(186) Pause Final Update Refs 0.237ms
[139.298s][info][gc,start    ] GC(186) Concurrent cleanup
[139.298s][info][gc          ] GC(186) Concurrent cleanup 991M->738M(2048M) 0.037ms
[139.298s][info][gc,ergo     ] Free: 1171M, Max: 1024K regular, 920M humongous, Frag: 22% external, 0% internal; Reserve: 103M, Max: 1024K
[139.298s][info][gc,stats    ] 
[139.298s][info][gc,stats    ] All times are wall-clock times, except per-root-class counters, that are sum over
[139.298s][info][gc,stats    ] all workers. Dividing the <total> over the root stage time estimates parallelism.
[139.298s][info][gc,stats    ] 
[139.298s][info][gc,stats    ] Concurrent Reset                    426 us
[139.298s][info][gc,stats    ] Pause Init Mark (G)                 337 us
[139.298s][info][gc,stats    ] Pause Init Mark (N)                 202 us
[139.298s][info][gc,stats    ]   Update Region States               80 us
[139.298s][info][gc,stats    ] Concurrent Mark Roots               696 us, parallelism: 0.83x
[139.298s][info][gc,stats    ]   CMR: <total>                      578 us
[139.298s][info][gc,stats    ]   CMR: Thread Roots                 504 us, workers (us): 504, ---, ---, 
[139.298s][info][gc,stats    ]   CMR: VM Strong Roots                6 us, workers (us):   6, ---, ---, 
[139.298s][info][gc,stats    ]   CMR: CLDG Roots                    68 us, workers (us):  68, ---, ---, 
[139.298s][info][gc,stats    ] Concurrent Marking               332742 us
[139.298s][info][gc,stats    ] Pause Final Mark (G)              15572 us
[139.298s][info][gc,stats    ] Pause Final Mark (N)                246 us
[139.298s][info][gc,stats    ]   Finish Mark                        46 us
[139.298s][info][gc,stats    ]   Update Region States               30 us
[139.298s][info][gc,stats    ]   Choose Collection Set              87 us
[139.298s][info][gc,stats    ]   Rebuild Free Set                    9 us
[139.298s][info][gc,stats    ] Concurrent Thread Roots             528 us, parallelism: 0.76x
[139.298s][info][gc,stats    ]   CTR: <total>                      401 us
[139.298s][info][gc,stats    ]   CTR: Thread Roots                 401 us, workers (us): 401, ---, ---, 
[139.298s][info][gc,stats    ] Concurrent Weak References           89 us, parallelism: 0.15x
[139.298s][info][gc,stats    ]   CWRF: <total>                      13 us
[139.298s][info][gc,stats    ]   CWRF: Weak References              13 us, workers (us):  13, ---, ---, 
[139.298s][info][gc,stats    ] Concurrent Weak Roots              6134 us
[139.298s][info][gc,stats    ]   Roots                            1008 us, parallelism: 0.96x
[139.298s][info][gc,stats    ]     CWR: <total>                    969 us
[139.298s][info][gc,stats    ]     CWR: Code Cache Roots           874 us, workers (us): 874, ---, ---, 
[139.298s][info][gc,stats    ]     CWR: VM Weak Roots               88 us, workers (us):  88, ---, ---, 
[139.298s][info][gc,stats    ]     CWR: CLDG Roots                   6 us, workers (us):   6, ---, ---, 
[139.298s][info][gc,stats    ]   Rendezvous                       5055 us
[139.298s][info][gc,stats    ] Concurrent Cleanup                   49 us
[139.298s][info][gc,stats    ] Concurrent Class Unloading         9145 us
[139.298s][info][gc,stats    ]   Unlink Stale                     4298 us
[139.298s][info][gc,stats    ]     System Dictionary                11 us
[139.298s][info][gc,stats    ]     Weak Class Links                  1 us
[139.298s][info][gc,stats    ]     Code Roots                     4285 us
[139.298s][info][gc,stats    ]   Rendezvous                       4489 us
[139.298s][info][gc,stats    ]   Purge Unlinked                    285 us
[139.298s][info][gc,stats    ]     Code Roots                      280 us
[139.298s][info][gc,stats    ]     CLDG                              5 us
[139.298s][info][gc,stats    ]     Exception Caches                  0 us
[139.298s][info][gc,stats    ] Concurrent Strong Roots              84 us, parallelism: 0.43x
[139.298s][info][gc,stats    ]   CSR: <total>                       36 us
[139.298s][info][gc,stats    ]   CSR: VM Strong Roots                5 us, workers (us):   5, ---, ---, 
[139.298s][info][gc,stats    ]   CSR: CLDG Roots                    31 us, workers (us):  31, ---, ---, 
[139.298s][info][gc,stats    ] Concurrent Evacuation             76440 us
[139.298s][info][gc,stats    ] Pause Init Update Refs (G)        18681 us
[139.298s][info][gc,stats    ] Pause Init Update Refs (N)           43 us
[139.298s][info][gc,stats    ]   Manage GCLABs                       4 us
[139.298s][info][gc,stats    ] Concurrent Update Refs           421451 us
[139.298s][info][gc,stats    ] Concurrent Update Thread Roots      935 us
[139.298s][info][gc,stats    ] Pause Final Update Refs (G)         318 us
[139.298s][info][gc,stats    ] Pause Final Update Refs (N)         265 us
[139.298s][info][gc,stats    ]   Update Region States               89 us
[139.298s][info][gc,stats    ]   Trash Collection Set               15 us
[139.298s][info][gc,stats    ]   Rebuild Free Set                   34 us
[139.298s][info][gc,stats    ] Concurrent Cleanup                   45 us
[139.298s][info][gc,stats    ] 
[139.298s][info][gc,stats    ] Allocation pacing accrued:
[139.298s][info][gc,stats    ]       0 of  1452 ms (  0.0%): <total>
[139.298s][info][gc,stats    ]       0 of  1452 ms (  0.0%): <average total>
[139.298s][info][gc,stats    ] 
[139.298s][info][gc,metaspace] Metaspace: 15972K(16256K)->15972K(16256K) NonClass: 13802K(13952K)->13802K(13952K) Class: 2170K(2304K)->2170K(2304K)
[139.298s][info][gc,ergo     ] Pacer for Idle. Initial: 41943K, Alloc Tax Rate: 1.0x
[139.315s][info][gc          ] Trigger: Explicit GC request (System.gc())
[139.316s][info][gc,ergo     ] Free: 1171M, Max: 1024K regular, 920M humongous, Frag: 22% external, 0% internal; Reserve: 103M, Max: 1024K
[139.316s][info][gc,start    ] GC(187) Concurrent reset
[139.316s][info][gc,task     ] GC(187) Using 1 of 3 workers for concurrent reset
[139.316s][info][gc,ergo     ] GC(187) Pacer for Reset. Non-Taxable: 2048M
[139.318s][info][gc          ] GC(187) Concurrent reset 2.903ms
[139.319s][info][gc,start    ] GC(187) Pause Init Mark (unload classes)
[139.319s][info][gc,task     ] GC(187) Using 3 of 3 workers for init marking
[139.319s][info][gc,ref      ] GC(187) Clearing All SoftReferences
[139.319s][info][gc,ergo     ] GC(187) Pacer for Mark. Expected Live: 118M, Free: 1171M, Non-Taxable: 117M, Alloc Tax Rate: 0.1x
[139.319s][info][gc          ] GC(187) Pause Init Mark (unload classes) 0.262ms
[139.319s][info][gc,start    ] GC(187) Concurrent marking roots
[139.319s][info][gc,task     ] GC(187) Using 1 of 3 workers for concurrent marking roots
[139.319s][info][gc          ] GC(187) Concurrent marking roots 0.434ms
[139.319s][info][gc,start    ] GC(187) Concurrent marking (unload classes)
[139.319s][info][gc,task     ] GC(187) Using 1 of 3 workers for concurrent marking
[139.324s][info][gc          ] GC(187) Concurrent marking (unload classes) 4.232ms
[139.324s][info][gc,start    ] GC(187) Pause Final Mark (unload classes)
[139.324s][info][gc,task     ] GC(187) Using 3 of 3 workers for final marking
[139.324s][info][gc,ergo     ] GC(187) Collectable Garbage: 725M (98%), Immediate: 725M (98%), CSet: 0B (0%)
[139.324s][info][gc          ] GC(187) Pause Final Mark (unload classes) 0.489ms
[139.324s][info][gc,start    ] GC(187) Concurrent weak references
[139.324s][info][gc,task     ] GC(187) Using 1 of 3 workers for concurrent weak references
[139.324s][info][gc,ref      ] GC(187) Encountered references: Soft: 178, Weak: 683, Final: 0, Phantom: 63
[139.324s][info][gc,ref      ] GC(187) Discovered  references: Soft: 127, Weak: 165, Final: 0, Phantom: 61
[139.324s][info][gc,ref      ] GC(187) Enqueued    references: Soft: 48, Weak: 0, Final: 0, Phantom: 0
[139.324s][info][gc          ] GC(187) Concurrent weak references 0.100ms
[139.324s][info][gc,start    ] GC(187) Concurrent weak roots
[139.324s][info][gc,task     ] GC(187) Using 1 of 3 workers for concurrent weak root
[139.325s][info][gc          ] GC(187) Concurrent weak roots 0.958ms
[139.325s][info][gc,start    ] GC(187) Concurrent cleanup
[139.325s][info][gc          ] GC(187) Concurrent cleanup 738M->13M(2048M) 0.057ms
[139.325s][info][gc,ergo     ] GC(187) Free: 1932M, Max: 1024K regular, 1003M humongous, Frag: 49% external, 0% internal; Reserve: 103M, Max: 1024K
[139.325s][info][gc,start    ] GC(187) Concurrent class unloading
[139.325s][info][gc,task     ] GC(187) Using 1 of 3 workers for concurrent class unloading
[139.330s][info][gc          ] GC(187) Concurrent class unloading 4.432ms
[139.330s][info][gc,start    ] GC(187) Pause Final Roots
[139.330s][info][gc          ] GC(187) Pause Final Roots 0.068ms
[139.330s][info][gc,ergo     ] Free: 1932M, Max: 1024K regular, 1003M humongous, Frag: 49% external, 0% internal; Reserve: 103M, Max: 1024K
[139.330s][info][gc,stats    ] 
[139.330s][info][gc,stats    ] All times are wall-clock times, except per-root-class counters, that are sum over
[139.330s][info][gc,stats    ] all workers. Dividing the <total> over the root stage time estimates parallelism.
[139.330s][info][gc,stats    ] 
[139.330s][info][gc,stats    ] Concurrent Reset                   2955 us
[139.330s][info][gc,stats    ] Pause Init Mark (G)                 395 us
[139.330s][info][gc,stats    ] Pause Init Mark (N)                 279 us
[139.330s][info][gc,stats    ]   Update Region States              108 us
[139.330s][info][gc,stats    ] Concurrent Mark Roots               444 us, parallelism: 0.76x
[139.330s][info][gc,stats    ]   CMR: <total>                      335 us
[139.330s][info][gc,stats    ]   CMR: Thread Roots                 290 us, workers (us): 290, ---, ---, 
[139.330s][info][gc,stats    ]   CMR: VM Strong Roots                4 us, workers (us):   4, ---, ---, 
[139.330s][info][gc,stats    ]   CMR: CLDG Roots                    41 us, workers (us):  41, ---, ---, 
[139.330s][info][gc,stats    ] Concurrent Marking                 4260 us
[139.330s][info][gc,stats    ] Pause Final Mark (G)                569 us
[139.330s][info][gc,stats    ] Pause Final Mark (N)                514 us
[139.330s][info][gc,stats    ]   Finish Mark                       158 us
[139.330s][info][gc,stats    ]   Update Region States              125 us
[139.330s][info][gc,stats    ]   Choose Collection Set             101 us
[139.330s][info][gc,stats    ]   Rebuild Free Set                   25 us
[139.330s][info][gc,stats    ] Concurrent Weak References          107 us, parallelism: 0.12x
[139.330s][info][gc,stats    ]   CWRF: <total>                      12 us
[139.330s][info][gc,stats    ]   CWRF: Weak References              12 us, workers (us):  12, ---, ---, 
[139.330s][info][gc,stats    ] Concurrent Weak Roots               970 us
[139.330s][info][gc,stats    ]   Roots                             872 us, parallelism: 0.95x
[139.330s][info][gc,stats    ]     CWR: <total>                    829 us
[139.330s][info][gc,stats    ]     CWR: Code Cache Roots           745 us, workers (us): 745, ---, ---, 
[139.330s][info][gc,stats    ]     CWR: VM Weak Roots               79 us, workers (us):  79, ---, ---, 
[139.330s][info][gc,stats    ]     CWR: CLDG Roots                   5 us, workers (us):   5, ---, ---, 
[139.330s][info][gc,stats    ]   Rendezvous                         72 us
[139.330s][info][gc,stats    ] Concurrent Cleanup                   65 us
[139.330s][info][gc,stats    ] Concurrent Class Unloading         4458 us
[139.330s][info][gc,stats    ]   Unlink Stale                     3976 us
[139.330s][info][gc,stats    ]     System Dictionary                 6 us
[139.330s][info][gc,stats    ]     Weak Class Links                  0 us
[139.330s][info][gc,stats    ]     Code Roots                     3969 us
[139.330s][info][gc,stats    ]   Rendezvous                        160 us
[139.330s][info][gc,stats    ]   Purge Unlinked                    280 us
[139.330s][info][gc,stats    ]     Code Roots                      274 us
[139.330s][info][gc,stats    ]     CLDG                              6 us
[139.330s][info][gc,stats    ]     Exception Caches                  0 us
[139.330s][info][gc,stats    ] Pause Final Roots (G)               164 us
[139.330s][info][gc,stats    ] Pause Final Roots (N)                87 us
[139.330s][info][gc,stats    ] 
[139.330s][info][gc,stats    ] Allocation pacing accrued:
[139.330s][info][gc,stats    ]       0 of    32 ms (  0.0%): <total>
[139.330s][info][gc,stats    ]       0 of    32 ms (  0.0%): <average total>
[139.330s][info][gc,stats    ] 
[139.330s][info][gc,metaspace] Metaspace: 15972K(16256K)->15972K(16256K) NonClass: 13802K(13952K)->13802K(13952K) Class: 2170K(2304K)->2170K(2304K)
[139.330s][info][gc,ergo     ] Pacer for Idle. Initial: 41943K, Alloc Tax Rate: 1.0x
[139.896s][info][gc          ] Trigger: Learning 2 of 5. Free (1415M) is below initial threshold (1433M)
[139.896s][info][gc,ergo     ] Free: 1415M, Max: 1024K regular, 1003M humongous, Frag: 30% external, 0% internal; Reserve: 103M, Max: 1024K
[139.896s][info][gc,start    ] GC(188) Concurrent reset
[139.896s][info][gc,task     ] GC(188) Using 1 of 3 workers for concurrent reset
[139.896s][info][gc,ergo     ] GC(188) Pacer for Reset. Non-Taxable: 2048M
[139.896s][info][gc          ] GC(188) Concurrent reset 0.380ms
[139.896s][info][gc,start    ] GC(188) Pause Init Mark (unload classes)
[139.896s][info][gc,task     ] GC(188) Using 3 of 3 workers for init marking
[139.896s][info][gc,ergo     ] GC(188) Pacer for Mark. Expected Live: 82358K, Free: 1414M, Non-Taxable: 141M, Alloc Tax Rate: 0.1x
[139.896s][info][gc          ] GC(188) Pause Init Mark (unload classes) 0.191ms
[139.896s][info][gc,start    ] GC(188) Concurrent marking roots
[139.896s][info][gc,task     ] GC(188) Using 1 of 3 workers for concurrent marking roots
[139.897s][info][gc          ] GC(188) Concurrent marking roots 0.489ms
[139.897s][info][gc,start    ] GC(188) Concurrent marking (unload classes)
[139.897s][info][gc,task     ] GC(188) Using 1 of 3 workers for concurrent marking
[140.226s][info][gc          ] GC(188) Concurrent marking (unload classes) 328.771ms
[140.226s][info][gc,start    ] GC(188) Pause Final Mark (unload classes)
[140.226s][info][gc,task     ] GC(188) Using 3 of 3 workers for final marking
[140.226s][info][gc,ergo     ] GC(188) Adaptive CSet Selection. Target Free: 290M, Actual Free: 1243M, Max CSet: 87381K, Min Garbage: 0B
[140.226s][info][gc,ergo     ] GC(188) Collectable Garbage: 197M (61%), Immediate: 28032K (8%), CSet: 169M (52%)
[140.226s][info][gc,ergo     ] GC(188) Pacer for Evacuation. Used CSet: 255M, Free: 1152M, Non-Taxable: 115M, Alloc Tax Rate: 1.1x
[140.226s][info][gc          ] GC(188) Pause Final Mark (unload classes) 0.238ms
[140.244s][info][gc,start    ] GC(188) Concurrent thread roots
[140.244s][info][gc,task     ] GC(188) Using 1 of 3 workers for Concurrent thread roots
[140.245s][info][gc          ] GC(188) Concurrent thread roots 0.816ms
[140.245s][info][gc,start    ] GC(188) Concurrent weak references
[140.245s][info][gc,task     ] GC(188) Using 1 of 3 workers for concurrent weak references
[140.245s][info][gc,ref      ] GC(188) Encountered references: Soft: 133, Weak: 684, Final: 0, Phantom: 63
[140.245s][info][gc,ref      ] GC(188) Discovered  references: Soft: 0, Weak: 152, Final: 0, Phantom: 26
[140.245s][info][gc,ref      ] GC(188) Enqueued    references: Soft: 0, Weak: 0, Final: 0, Phantom: 0
[140.245s][info][gc          ] GC(188) Concurrent weak references 0.074ms
[140.245s][info][gc,start    ] GC(188) Concurrent weak roots
[140.245s][info][gc,task     ] GC(188) Using 1 of 3 workers for concurrent weak root
[140.260s][info][gc          ] GC(188) Concurrent weak roots 14.788ms
[140.260s][info][gc,start    ] GC(188) Concurrent cleanup
[140.260s][info][gc          ] GC(188) Concurrent cleanup 820M->793M(2048M) 0.046ms
[140.260s][info][gc,ergo     ] GC(188) Free: 1135M, Max: 1024K regular, 1098M humongous, Frag: 4% external, 0% internal; Reserve: 93184K, Max: 1024K
[140.260s][info][gc,start    ] GC(188) Concurrent class unloading
[140.260s][info][gc,task     ] GC(188) Using 1 of 3 workers for concurrent class unloading
[140.276s][info][gc          ] GC(188) Concurrent class unloading 15.778ms
[140.276s][info][gc,start    ] GC(188) Concurrent strong roots
[140.276s][info][gc,task     ] GC(188) Using 1 of 3 workers for concurrent strong root
[140.276s][info][gc          ] GC(188) Concurrent strong roots 0.089ms
[140.276s][info][gc,start    ] GC(188) Concurrent evacuation
[140.276s][info][gc,task     ] GC(188) Using 1 of 3 workers for concurrent evacuation
[140.355s][info][gc          ] GC(188) Concurrent evacuation 78.656ms
[140.355s][info][gc,start    ] GC(188) Pause Init Update Refs
[140.357s][info][gc,ergo     ] GC(188) Pacer for Update Refs. Used: 940M, Free: 1057M, Non-Taxable: 105M, Alloc Tax Rate: 1.1x
[140.357s][info][gc          ] GC(188) Pause Init Update Refs 2.401ms
[140.364s][info][gc,start    ] GC(188) Concurrent update references
[140.364s][info][gc,task     ] GC(188) Using 1 of 3 workers for concurrent reference update
[140.782s][info][gc          ] GC(188) Concurrent update references 417.671ms
[140.782s][info][gc,start    ] GC(188) Concurrent update thread roots
[140.783s][info][gc          ] GC(188) Concurrent update thread roots 0.898ms
[140.783s][info][gc,start    ] GC(188) Pause Final Update Refs
[140.783s][info][gc,task     ] GC(188) Using 3 of 3 workers for final reference update
[140.783s][info][gc          ] GC(188) Pause Final Update Refs 0.277ms
[140.783s][info][gc,start    ] GC(188) Concurrent cleanup
[140.783s][info][gc          ] GC(188) Concurrent cleanup 995M->740M(2048M) 0.038ms
[140.783s][info][gc,ergo     ] Free: 1170M, Max: 1024K regular, 919M humongous, Frag: 22% external, 0% internal; Reserve: 103M, Max: 1024K
[140.783s][info][gc,stats    ] 
[140.783s][info][gc,stats    ] All times are wall-clock times, except per-root-class counters, that are sum over
[140.783s][info][gc,stats    ] all workers. Dividing the <total> over the root stage time estimates parallelism.
[140.783s][info][gc,stats    ] 
[140.783s][info][gc,stats    ] Concurrent Reset                    418 us
[140.783s][info][gc,stats    ] Pause Init Mark (G)                 365 us
[140.783s][info][gc,stats    ] Pause Init Mark (N)                 207 us
[140.783s][info][gc,stats    ]   Update Region States               71 us
[140.783s][info][gc,stats    ] Concurrent Mark Roots               527 us, parallelism: 0.67x
[140.783s][info][gc,stats    ]   CMR: <total>                      355 us
[140.783s][info][gc,stats    ]   CMR: Thread Roots                 314 us, workers (us): 314, ---, ---, 
[140.783s][info][gc,stats    ]   CMR: VM Strong Roots                4 us, workers (us):   4, ---, ---, 
[140.783s][info][gc,stats    ]   CMR: CLDG Roots                    37 us, workers (us):  37, ---, ---, 
[140.783s][info][gc,stats    ] Concurrent Marking               328838 us
[140.784s][info][gc,stats    ] Pause Final Mark (G)              18450 us
[140.784s][info][gc,stats    ] Pause Final Mark (N)                247 us
[140.784s][info][gc,stats    ]   Finish Mark                        56 us
[140.784s][info][gc,stats    ]   Update Region States               32 us
[140.784s][info][gc,stats    ]   Choose Collection Set             107 us
[140.784s][info][gc,stats    ]   Rebuild Free Set                    9 us
[140.784s][info][gc,stats    ] Concurrent Thread Roots             844 us, parallelism: 0.43x
[140.784s][info][gc,stats    ]   CTR: <total>                      360 us
[140.784s][info][gc,stats    ]   CTR: Thread Roots                 360 us, workers (us): 360, ---, ---, 
[140.784s][info][gc,stats    ] Concurrent Weak References           86 us, parallelism: 0.17x
[140.784s][info][gc,stats    ]   CWRF: <total>                      14 us
[140.784s][info][gc,stats    ]   CWRF: Weak References              14 us, workers (us):  14, ---, ---, 
[140.784s][info][gc,stats    ] Concurrent Weak Roots             14859 us
[140.784s][info][gc,stats    ]   Roots                            1197 us, parallelism: 0.96x
[140.784s][info][gc,stats    ]     CWR: <total>                   1144 us
[140.784s][info][gc,stats    ]     CWR: Code Cache Roots          1047 us, workers (us): 1047, ---, ---, 
[140.784s][info][gc,stats    ]     CWR: VM Weak Roots               89 us, workers (us):  89, ---, ---, 
[140.784s][info][gc,stats    ]     CWR: CLDG Roots                   8 us, workers (us):   8, ---, ---, 
[140.784s][info][gc,stats    ]   Rendezvous                      13565 us
[140.784s][info][gc,stats    ] Concurrent Cleanup                   55 us
[140.784s][info][gc,stats    ] Concurrent Class Unloading        15837 us
[140.784s][info][gc,stats    ]   Unlink Stale                     4356 us
[140.784s][info][gc,stats    ]     System Dictionary                10 us
[140.784s][info][gc,stats    ]     Weak Class Links                  0 us
[140.784s][info][gc,stats    ]     Code Roots                     4345 us
[140.784s][info][gc,stats    ]   Rendezvous                      11088 us
[140.784s][info][gc,stats    ]   Purge Unlinked                    312 us
[140.784s][info][gc,stats    ]     Code Roots                      307 us
[140.784s][info][gc,stats    ]     CLDG                              4 us
[140.784s][info][gc,stats    ]     Exception Caches                  0 us
[140.784s][info][gc,stats    ] Concurrent Strong Roots              97 us, parallelism: 0.40x
[140.784s][info][gc,stats    ]   CSR: <total>                       38 us
[140.784s][info][gc,stats    ]   CSR: VM Strong Roots                4 us, workers (us):   4, ---, ---, 
[140.784s][info][gc,stats    ]   CSR: CLDG Roots                    35 us, workers (us):  35, ---, ---, 
[140.784s][info][gc,stats    ] Concurrent Evacuation             78719 us
[140.784s][info][gc,stats    ] Pause Init Update Refs (G)         9456 us
[140.784s][info][gc,stats    ] Pause Init Update Refs (N)         2411 us
[140.784s][info][gc,stats    ]   Manage GCLABs                       7 us
[140.784s][info][gc,stats    ] Concurrent Update Refs           417739 us
[140.784s][info][gc,stats    ] Concurrent Update Thread Roots      916 us
[140.784s][info][gc,stats    ] Pause Final Update Refs (G)         400 us
[140.784s][info][gc,stats    ] Pause Final Update Refs (N)         327 us
[140.784s][info][gc,stats    ]   Update Region States              131 us
[140.784s][info][gc,stats    ]   Trash Collection Set               16 us
[140.784s][info][gc,stats    ]   Rebuild Free Set                   32 us
[140.784s][info][gc,stats    ] Concurrent Cleanup                   46 us
[140.784s][info][gc,stats    ] 
[140.784s][info][gc,stats    ] Allocation pacing accrued:
[140.784s][info][gc,stats    ]       0 of  1453 ms (  0.0%): <total>
[140.784s][info][gc,stats    ]       0 of  1453 ms (  0.0%): <average total>
[140.784s][info][gc,stats    ] 
[140.784s][info][gc,metaspace] Metaspace: 15972K(16256K)->15972K(16256K) NonClass: 13802K(13952K)->13802K(13952K) Class: 2170K(2304K)->2170K(2304K)
[140.784s][info][gc,ergo     ] Pacer for Idle. Initial: 41943K, Alloc Tax Rate: 1.0x
[140.799s][info][gc          ] Trigger: Explicit GC request (System.gc())
[140.799s][info][gc,ergo     ] Free: 1170M, Max: 1024K regular, 919M humongous, Frag: 22% external, 0% internal; Reserve: 103M, Max: 1024K
[140.799s][info][gc,start    ] GC(189) Concurrent reset
[140.799s][info][gc,task     ] GC(189) Using 1 of 3 workers for concurrent reset
[140.799s][info][gc,ergo     ] GC(189) Pacer for Reset. Non-Taxable: 2048M
[140.802s][info][gc          ] GC(189) Concurrent reset 2.889ms
[140.802s][info][gc,start    ] GC(189) Pause Init Mark (unload classes)
[140.802s][info][gc,task     ] GC(189) Using 3 of 3 workers for init marking
[140.803s][info][gc,ref      ] GC(189) Clearing All SoftReferences
[140.803s][info][gc,ergo     ] GC(189) Pacer for Mark. Expected Live: 118M, Free: 1170M, Non-Taxable: 117M, Alloc Tax Rate: 0.1x
[140.803s][info][gc          ] GC(189) Pause Init Mark (unload classes) 0.467ms
[140.803s][info][gc,start    ] GC(189) Concurrent marking roots
[140.803s][info][gc,task     ] GC(189) Using 1 of 3 workers for concurrent marking roots
[140.804s][info][gc          ] GC(189) Concurrent marking roots 0.579ms
[140.804s][info][gc,start    ] GC(189) Concurrent marking (unload classes)
[140.804s][info][gc,task     ] GC(189) Using 1 of 3 workers for concurrent marking
[140.808s][info][gc          ] GC(189) Concurrent marking (unload classes) 4.647ms
[140.808s][info][gc,start    ] GC(189) Pause Final Mark (unload classes)
[140.808s][info][gc,task     ] GC(189) Using 3 of 3 workers for final marking
[140.809s][info][gc,ergo     ] GC(189) Collectable Garbage: 728M (98%), Immediate: 728M (98%), CSet: 0B (0%)
[140.809s][info][gc          ] GC(189) Pause Final Mark (unload classes) 0.411ms
[140.809s][info][gc,start    ] GC(189) Concurrent weak references
[140.809s][info][gc,task     ] GC(189) Using 1 of 3 workers for concurrent weak references
[140.809s][info][gc,ref      ] GC(189) Encountered references: Soft: 178, Weak: 683, Final: 0, Phantom: 63
[140.809s][info][gc,ref      ] GC(189) Discovered  references: Soft: 127, Weak: 165, Final: 0, Phantom: 61
[140.809s][info][gc,ref      ] GC(189) Enqueued    references: Soft: 48, Weak: 0, Final: 0, Phantom: 0
[140.809s][info][gc          ] GC(189) Concurrent weak references 0.176ms
[140.809s][info][gc,start    ] GC(189) Concurrent weak roots
[140.809s][info][gc,task     ] GC(189) Using 1 of 3 workers for concurrent weak root
[140.810s][info][gc          ] GC(189) Concurrent weak roots 1.339ms
[140.810s][info][gc,start    ] GC(189) Concurrent cleanup
[140.810s][info][gc          ] GC(189) Concurrent cleanup 740M->12M(2048M) 0.057ms
[140.810s][info][gc,ergo     ] GC(189) Free: 1933M, Max: 1024K regular, 1003M humongous, Frag: 49% external, 0% internal; Reserve: 103M, Max: 1024K
[140.810s][info][gc,start    ] GC(189) Concurrent class unloading
[140.810s][info][gc,task     ] GC(189) Using 1 of 3 workers for concurrent class unloading
[140.814s][info][gc          ] GC(189) Concurrent class unloading 4.150ms
[140.815s][info][gc,start    ] GC(189) Pause Final Roots
[140.815s][info][gc          ] GC(189) Pause Final Roots 0.053ms
[140.815s][info][gc,ergo     ] Free: 1933M, Max: 1024K regular, 1003M humongous, Frag: 49% external, 0% internal; Reserve: 103M, Max: 1024K
[140.815s][info][gc,stats    ] 
[140.815s][info][gc,stats    ] All times are wall-clock times, except per-root-class counters, that are sum over
[140.815s][info][gc,stats    ] all workers. Dividing the <total> over the root stage time estimates parallelism.
[140.815s][info][gc,stats    ] 
[140.815s][info][gc,stats    ] Concurrent Reset                   2992 us
[140.815s][info][gc,stats    ] Pause Init Mark (G)                 590 us
[140.815s][info][gc,stats    ] Pause Init Mark (N)                 488 us
[140.815s][info][gc,stats    ]   Update Region States              306 us
[140.815s][info][gc,stats    ] Concurrent Mark Roots               588 us, parallelism: 0.80x
[140.815s][info][gc,stats    ]   CMR: <total>                      472 us
[140.815s][info][gc,stats    ]   CMR: Thread Roots                 408 us, workers (us): 408, ---, ---, 
[140.815s][info][gc,stats    ]   CMR: VM Strong Roots                6 us, workers (us):   6, ---, ---, 
[140.815s][info][gc,stats    ]   CMR: CLDG Roots                    58 us, workers (us):  58, ---, ---, 
[140.815s][info][gc,stats    ] Concurrent Marking                 4671 us
[140.815s][info][gc,stats    ] Pause Final Mark (G)                483 us
[140.815s][info][gc,stats    ] Pause Final Mark (N)                431 us
[140.815s][info][gc,stats    ]   Finish Mark                       121 us
[140.815s][info][gc,stats    ]   Update Region States              103 us
[140.815s][info][gc,stats    ]   Choose Collection Set              79 us
[140.815s][info][gc,stats    ]   Rebuild Free Set                   20 us
[140.815s][info][gc,stats    ] Concurrent Weak References          195 us, parallelism: 0.07x
[140.815s][info][gc,stats    ]   CWRF: <total>                      14 us
[140.815s][info][gc,stats    ]   CWRF: Weak References              14 us, workers (us):  14, ---, ---, 
[140.815s][info][gc,stats    ] Concurrent Weak Roots              1351 us
[140.815s][info][gc,stats    ]   Roots                            1255 us, parallelism: 0.94x
[140.815s][info][gc,stats    ]     CWR: <total>                   1185 us
[140.815s][info][gc,stats    ]     CWR: Code Cache Roots          1036 us, workers (us): 1036, ---, ---, 
[140.815s][info][gc,stats    ]     CWR: VM Weak Roots              144 us, workers (us): 144, ---, ---, 
[140.815s][info][gc,stats    ]     CWR: CLDG Roots                   4 us, workers (us):   4, ---, ---, 
[140.815s][info][gc,stats    ]   Rendezvous                         46 us
[140.815s][info][gc,stats    ] Concurrent Cleanup                   65 us
[140.815s][info][gc,stats    ] Concurrent Class Unloading         4179 us
[140.815s][info][gc,stats    ]   Unlink Stale                     3678 us
[140.815s][info][gc,stats    ]     System Dictionary                 5 us
[140.815s][info][gc,stats    ]     Weak Class Links                  0 us
[140.815s][info][gc,stats    ]     Code Roots                     3672 us
[140.815s][info][gc,stats    ]   Rendezvous                        122 us
[140.815s][info][gc,stats    ]   Purge Unlinked                    334 us
[140.815s][info][gc,stats    ]     Code Roots                      327 us
[140.815s][info][gc,stats    ]     CLDG                              6 us
[140.815s][info][gc,stats    ]     Exception Caches                  0 us
[140.815s][info][gc,stats    ] Pause Final Roots (G)               172 us
[140.815s][info][gc,stats    ] Pause Final Roots (N)                76 us
[140.815s][info][gc,stats    ] 
[140.815s][info][gc,stats    ] Allocation pacing accrued:
[140.815s][info][gc,stats    ]       0 of    31 ms (  0.0%): <total>
[140.815s][info][gc,stats    ]       0 of    31 ms (  0.0%): <average total>
[140.815s][info][gc,stats    ] 
[140.815s][info][gc,metaspace] Metaspace: 15972K(16256K)->15972K(16256K) NonClass: 13802K(13952K)->13802K(13952K) Class: 2170K(2304K)->2170K(2304K)
[140.815s][info][gc,ergo     ] Pacer for Idle. Initial: 41943K, Alloc Tax Rate: 1.0x
[141.380s][info][gc          ] Trigger: Learning 2 of 5. Free (1414M) is below initial threshold (1433M)
[141.381s][info][gc,ergo     ] Free: 1414M, Max: 1024K regular, 1003M humongous, Frag: 30% external, 0% internal; Reserve: 103M, Max: 1024K
[141.381s][info][gc,start    ] GC(190) Concurrent reset
[141.381s][info][gc,task     ] GC(190) Using 1 of 3 workers for concurrent reset
[141.381s][info][gc,ergo     ] GC(190) Pacer for Reset. Non-Taxable: 2048M
[141.381s][info][gc          ] GC(190) Concurrent reset 0.358ms
[141.381s][info][gc,start    ] GC(190) Pause Init Mark (unload classes)
[141.381s][info][gc,task     ] GC(190) Using 3 of 3 workers for init marking
[141.381s][info][gc,ergo     ] GC(190) Pacer for Mark. Expected Live: 82108K, Free: 1414M, Non-Taxable: 141M, Alloc Tax Rate: 0.1x
[141.381s][info][gc          ] GC(190) Pause Init Mark (unload classes) 0.221ms
[141.381s][info][gc,start    ] GC(190) Concurrent marking roots
[141.381s][info][gc,task     ] GC(190) Using 1 of 3 workers for concurrent marking roots
[141.382s][info][gc          ] GC(190) Concurrent marking roots 0.752ms
[141.382s][info][gc,start    ] GC(190) Concurrent marking (unload classes)
[141.382s][info][gc,task     ] GC(190) Using 1 of 3 workers for concurrent marking
[141.711s][info][gc          ] GC(190) Concurrent marking (unload classes) 329.203ms
[141.711s][info][gc,start    ] GC(190) Pause Final Mark (unload classes)
[141.711s][info][gc,task     ] GC(190) Using 3 of 3 workers for final marking
[141.712s][info][gc,ergo     ] GC(190) Adaptive CSet Selection. Target Free: 290M, Actual Free: 1253M, Max CSet: 87381K, Min Garbage: 0B
[141.712s][info][gc,ergo     ] GC(190) Collectable Garbage: 195M (61%), Immediate: 27776K (8%), CSet: 168M (52%)
[141.712s][info][gc,ergo     ] GC(190) Pacer for Evacuation. Used CSet: 254M, Free: 1161M, Non-Taxable: 116M, Alloc Tax Rate: 1.1x
[141.712s][info][gc          ] GC(190) Pause Final Mark (unload classes) 0.233ms
[141.712s][info][gc,start    ] GC(190) Concurrent thread roots
[141.712s][info][gc,task     ] GC(190) Using 1 of 3 workers for Concurrent thread roots
[141.712s][info][gc          ] GC(190) Concurrent thread roots 0.579ms
[141.712s][info][gc,start    ] GC(190) Concurrent weak references
[141.712s][info][gc,task     ] GC(190) Using 1 of 3 workers for concurrent weak references
[141.712s][info][gc,ref      ] GC(190) Encountered references: Soft: 133, Weak: 684, Final: 0, Phantom: 63
[141.712s][info][gc,ref      ] GC(190) Discovered  references: Soft: 0, Weak: 152, Final: 0, Phantom: 26
[141.712s][info][gc,ref      ] GC(190) Enqueued    references: Soft: 0, Weak: 0, Final: 0, Phantom: 0
[141.712s][info][gc          ] GC(190) Concurrent weak references 0.055ms
[141.712s][info][gc,start    ] GC(190) Concurrent weak roots
[141.712s][info][gc,task     ] GC(190) Using 1 of 3 workers for concurrent weak root
[141.727s][info][gc          ] GC(190) Concurrent weak roots 15.023ms
[141.727s][info][gc,start    ] GC(190) Concurrent cleanup
[141.727s][info][gc          ] GC(190) Concurrent cleanup 808M->781M(2048M) 0.044ms
[141.728s][info][gc,ergo     ] GC(190) Free: 1143M, Max: 1024K regular, 1003M humongous, Frag: 13% external, 0% internal; Reserve: 95232K, Max: 1024K
[141.728s][info][gc,start    ] GC(190) Concurrent class unloading
[141.728s][info][gc,task     ] GC(190) Using 1 of 3 workers for concurrent class unloading
[141.743s][info][gc          ] GC(190) Concurrent class unloading 15.791ms
[141.743s][info][gc,start    ] GC(190) Concurrent strong roots
[141.743s][info][gc,task     ] GC(190) Using 1 of 3 workers for concurrent strong root
[141.743s][info][gc          ] GC(190) Concurrent strong roots 0.087ms
[141.743s][info][gc,start    ] GC(190) Concurrent evacuation
[141.743s][info][gc,task     ] GC(190) Using 1 of 3 workers for concurrent evacuation
[141.819s][info][gc          ] GC(190) Concurrent evacuation 75.319ms
[141.819s][info][gc,start    ] GC(190) Pause Init Update Refs
[141.819s][info][gc,ergo     ] GC(190) Pacer for Update Refs. Used: 935M, Free: 1064M, Non-Taxable: 106M, Alloc Tax Rate: 1.1x
[141.819s][info][gc          ] GC(190) Pause Init Update Refs 0.026ms
[141.832s][info][gc,start    ] GC(190) Concurrent update references
[141.832s][info][gc,task     ] GC(190) Using 1 of 3 workers for concurrent reference update
[142.283s][info][gc          ] GC(190) Concurrent update references 451.374ms
[142.283s][info][gc,start    ] GC(190) Concurrent update thread roots
[142.284s][info][gc          ] GC(190) Concurrent update thread roots 0.364ms
[142.284s][info][gc,start    ] GC(190) Pause Final Update Refs
[142.284s][info][gc,task     ] GC(190) Using 3 of 3 workers for final reference update
[142.284s][info][gc          ] GC(190) Pause Final Update Refs 0.147ms
[142.284s][info][gc,start    ] GC(190) Concurrent cleanup
[142.284s][info][gc          ] GC(190) Concurrent cleanup 993M->739M(2048M) 0.041ms
[142.284s][info][gc,ergo     ] Free: 1170M, Max: 1024K regular, 920M humongous, Frag: 22% external, 0% internal; Reserve: 103M, Max: 1024K
[142.284s][info][gc,stats    ] 
[142.284s][info][gc,stats    ] All times are wall-clock times, except per-root-class counters, that are sum over
[142.284s][info][gc,stats    ] all workers. Dividing the <total> over the root stage time estimates parallelism.
[142.284s][info][gc,stats    ] 
[142.284s][info][gc,stats    ] Concurrent Reset                    397 us
[142.284s][info][gc,stats    ] Pause Init Mark (G)                 391 us
[142.284s][info][gc,stats    ] Pause Init Mark (N)                 238 us
[142.284s][info][gc,stats    ]   Update Region States               97 us
[142.284s][info][gc,stats    ] Concurrent Mark Roots               762 us, parallelism: 0.87x
[142.284s][info][gc,stats    ]   CMR: <total>                      664 us
[142.284s][info][gc,stats    ]   CMR: Thread Roots                 592 us, workers (us): 592, ---, ---, 
[142.284s][info][gc,stats    ]   CMR: VM Strong Roots                6 us, workers (us):   6, ---, ---, 
[142.284s][info][gc,stats    ]   CMR: CLDG Roots                    66 us, workers (us):  66, ---, ---, 
[142.284s][info][gc,stats    ] Concurrent Marking               329275 us
[142.284s][info][gc,stats    ] Pause Final Mark (G)                358 us
[142.284s][info][gc,stats    ] Pause Final Mark (N)                241 us
[142.284s][info][gc,stats    ]   Finish Mark                        40 us
[142.284s][info][gc,stats    ]   Update Region States               31 us
[142.284s][info][gc,stats    ]   Choose Collection Set              87 us
[142.284s][info][gc,stats    ]   Rebuild Free Set                    9 us
[142.284s][info][gc,stats    ] Concurrent Thread Roots             589 us, parallelism: 0.91x
[142.284s][info][gc,stats    ]   CTR: <total>                      536 us
[142.284s][info][gc,stats    ]   CTR: Thread Roots                 536 us, workers (us): 536, ---, ---, 
[142.284s][info][gc,stats    ] Concurrent Weak References           62 us, parallelism: 0.18x
[142.284s][info][gc,stats    ]   CWRF: <total>                      11 us
[142.284s][info][gc,stats    ]   CWRF: Weak References              11 us, workers (us):  11, ---, ---, 
[142.284s][info][gc,stats    ] Concurrent Weak Roots             15082 us
[142.284s][info][gc,stats    ]   Roots                             992 us, parallelism: 0.96x
[142.284s][info][gc,stats    ]     CWR: <total>                    956 us
[142.284s][info][gc,stats    ]     CWR: Code Cache Roots           866 us, workers (us): 866, ---, ---, 
[142.284s][info][gc,stats    ]     CWR: VM Weak Roots               84 us, workers (us):  84, ---, ---, 
[142.284s][info][gc,stats    ]     CWR: CLDG Roots                   6 us, workers (us):   6, ---, ---, 
[142.284s][info][gc,stats    ]   Rendezvous                      14014 us
[142.284s][info][gc,stats    ] Concurrent Cleanup                   53 us
[142.284s][info][gc,stats    ] Concurrent Class Unloading        15854 us
[142.284s][info][gc,stats    ]   Unlink Stale                     5010 us
[142.284s][info][gc,stats    ]     System Dictionary                12 us
[142.284s][info][gc,stats    ]     Weak Class Links                  0 us
[142.284s][info][gc,stats    ]     Code Roots                     4996 us
[142.284s][info][gc,stats    ]   Rendezvous                      10441 us
[142.284s][info][gc,stats    ]   Purge Unlinked                    319 us
[142.284s][info][gc,stats    ]     Code Roots                      313 us
[142.284s][info][gc,stats    ]     CLDG                              6 us
[142.284s][info][gc,stats    ]     Exception Caches                  0 us
[142.284s][info][gc,stats    ] Concurrent Strong Roots              97 us, parallelism: 0.43x
[142.284s][info][gc,stats    ]   CSR: <total>                       42 us
[142.284s][info][gc,stats    ]   CSR: VM Strong Roots                4 us, workers (us):   4, ---, ---, 
[142.284s][info][gc,stats    ]   CSR: CLDG Roots                    37 us, workers (us):  37, ---, ---, 
[142.284s][info][gc,stats    ] Concurrent Evacuation             75391 us
[142.284s][info][gc,stats    ] Pause Init Update Refs (G)        12870 us
[142.284s][info][gc,stats    ] Pause Init Update Refs (N)           34 us
[142.284s][info][gc,stats    ]   Manage GCLABs                       4 us
[142.284s][info][gc,stats    ] Concurrent Update Refs           451419 us
[142.284s][info][gc,stats    ] Concurrent Update Thread Roots      383 us
[142.284s][info][gc,stats    ] Pause Final Update Refs (G)         221 us
[142.284s][info][gc,stats    ] Pause Final Update Refs (N)         165 us
[142.284s][info][gc,stats    ]   Update Region States               69 us
[142.284s][info][gc,stats    ]   Trash Collection Set                9 us
[142.284s][info][gc,stats    ]   Rebuild Free Set                   19 us
[142.284s][info][gc,stats    ] Concurrent Cleanup                   51 us
[142.284s][info][gc,stats    ] 
[142.284s][info][gc,stats    ] Allocation pacing accrued:
[142.284s][info][gc,stats    ]       0 of  1469 ms (  0.0%): <total>
[142.284s][info][gc,stats    ]       0 of  1469 ms (  0.0%): <average total>
[142.284s][info][gc,stats    ] 
[142.284s][info][gc,metaspace] Metaspace: 15972K(16256K)->15972K(16256K) NonClass: 13802K(13952K)->13802K(13952K) Class: 2170K(2304K)->2170K(2304K)
[142.284s][info][gc,ergo     ] Pacer for Idle. Initial: 41943K, Alloc Tax Rate: 1.0x
[142.292s][info][gc          ] Trigger: Explicit GC request (System.gc())
[142.292s][info][gc,ergo     ] Free: 1170M, Max: 1024K regular, 920M humongous, Frag: 22% external, 0% internal; Reserve: 103M, Max: 1024K
[142.292s][info][gc,start    ] GC(191) Concurrent reset
[142.292s][info][gc,task     ] GC(191) Using 1 of 3 workers for concurrent reset
[142.292s][info][gc,ergo     ] GC(191) Pacer for Reset. Non-Taxable: 2048M
[142.295s][info][gc          ] GC(191) Concurrent reset 2.399ms
[142.295s][info][gc,start    ] GC(191) Pause Init Mark (unload classes)
[142.295s][info][gc,task     ] GC(191) Using 3 of 3 workers for init marking
[142.295s][info][gc,ref      ] GC(191) Clearing All SoftReferences
[142.295s][info][gc,ergo     ] GC(191) Pacer for Mark. Expected Live: 118M, Free: 1170M, Non-Taxable: 117M, Alloc Tax Rate: 0.1x
[142.295s][info][gc          ] GC(191) Pause Init Mark (unload classes) 0.126ms
[142.295s][info][gc,start    ] GC(191) Concurrent marking roots
[142.295s][info][gc,task     ] GC(191) Using 1 of 3 workers for concurrent marking roots
[142.295s][info][gc          ] GC(191) Concurrent marking roots 0.455ms
[142.295s][info][gc,start    ] GC(191) Concurrent marking (unload classes)
[142.295s][info][gc,task     ] GC(191) Using 1 of 3 workers for concurrent marking
[142.299s][info][gc          ] GC(191) Concurrent marking (unload classes) 4.039ms
[142.299s][info][gc,start    ] GC(191) Pause Final Mark (unload classes)
[142.300s][info][gc,task     ] GC(191) Using 3 of 3 workers for final marking
[142.300s][info][gc,ergo     ] GC(191) Collectable Garbage: 729M (99%), Immediate: 729M (99%), CSet: 0B (0%)
[142.300s][info][gc          ] GC(191) Pause Final Mark (unload classes) 0.296ms
[142.300s][info][gc,start    ] GC(191) Concurrent weak references
[142.300s][info][gc,task     ] GC(191) Using 1 of 3 workers for concurrent weak references
[142.300s][info][gc,ref      ] GC(191) Encountered references: Soft: 178, Weak: 683, Final: 0, Phantom: 63
[142.300s][info][gc,ref      ] GC(191) Discovered  references: Soft: 127, Weak: 165, Final: 0, Phantom: 61
[142.300s][info][gc,ref      ] GC(191) Enqueued    references: Soft: 48, Weak: 0, Final: 0, Phantom: 0
[142.300s][info][gc          ] GC(191) Concurrent weak references 0.237ms
[142.300s][info][gc,start    ] GC(191) Concurrent weak roots
[142.300s][info][gc,task     ] GC(191) Using 1 of 3 workers for concurrent weak root
[142.301s][info][gc          ] GC(191) Concurrent weak roots 1.246ms
[142.301s][info][gc,start    ] GC(191) Concurrent cleanup
[142.301s][info][gc          ] GC(191) Concurrent cleanup 739M->10M(2048M) 0.055ms
[142.301s][info][gc,ergo     ] GC(191) Free: 1934M, Max: 1024K regular, 1007M humongous, Frag: 48% external, 0% internal; Reserve: 103M, Max: 1024K
[142.301s][info][gc,start    ] GC(191) Concurrent class unloading
[142.301s][info][gc,task     ] GC(191) Using 1 of 3 workers for concurrent class unloading
[142.306s][info][gc          ] GC(191) Concurrent class unloading 4.558ms
[142.306s][info][gc,start    ] GC(191) Pause Final Roots
[142.306s][info][gc          ] GC(191) Pause Final Roots 0.047ms
[142.306s][info][gc,ergo     ] Free: 1934M, Max: 1024K regular, 1007M humongous, Frag: 48% external, 0% internal; Reserve: 103M, Max: 1024K
[142.306s][info][gc,stats    ] 
[142.306s][info][gc,stats    ] All times are wall-clock times, except per-root-class counters, that are sum over
[142.306s][info][gc,stats    ] all workers. Dividing the <total> over the root stage time estimates parallelism.
[142.306s][info][gc,stats    ] 
[142.306s][info][gc,stats    ] Concurrent Reset                   2493 us
[142.306s][info][gc,stats    ] Pause Init Mark (G)                 210 us
[142.306s][info][gc,stats    ] Pause Init Mark (N)                 135 us
[142.306s][info][gc,stats    ]   Update Region States               43 us
[142.306s][info][gc,stats    ] Concurrent Mark Roots               473 us, parallelism: 0.79x
[142.306s][info][gc,stats    ]   CMR: <total>                      375 us
[142.306s][info][gc,stats    ]   CMR: Thread Roots                 323 us, workers (us): 323, ---, ---, 
[142.306s][info][gc,stats    ]   CMR: VM Strong Roots                5 us, workers (us):   5, ---, ---, 
[142.306s][info][gc,stats    ]   CMR: CLDG Roots                    46 us, workers (us):  46, ---, ---, 
[142.306s][info][gc,stats    ] Concurrent Marking                 4088 us
[142.306s][info][gc,stats    ] Pause Final Mark (G)                397 us
[142.307s][info][gc,stats    ] Pause Final Mark (N)                305 us
[142.307s][info][gc,stats    ]   Finish Mark                       104 us
[142.307s][info][gc,stats    ]   Update Region States               70 us
[142.307s][info][gc,stats    ]   Choose Collection Set              50 us
[142.307s][info][gc,stats    ]   Rebuild Free Set                    9 us
[142.307s][info][gc,stats    ] Concurrent Weak References          245 us, parallelism: 0.15x
[142.307s][info][gc,stats    ]   CWRF: <total>                      38 us
[142.307s][info][gc,stats    ]   CWRF: Weak References              38 us, workers (us):  38, ---, ---, 
[142.307s][info][gc,stats    ] Concurrent Weak Roots              1264 us
[142.307s][info][gc,stats    ]   Roots                            1123 us, parallelism: 0.94x
[142.307s][info][gc,stats    ]     CWR: <total>                   1056 us
[142.307s][info][gc,stats    ]     CWR: Code Cache Roots           912 us, workers (us): 912, ---, ---, 
[142.307s][info][gc,stats    ]     CWR: VM Weak Roots              137 us, workers (us): 137, ---, ---, 
[142.307s][info][gc,stats    ]     CWR: CLDG Roots                   7 us, workers (us):   7, ---, ---, 
[142.307s][info][gc,stats    ]   Rendezvous                        108 us
[142.307s][info][gc,stats    ] Concurrent Cleanup                   63 us
[142.307s][info][gc,stats    ] Concurrent Class Unloading         4627 us
[142.307s][info][gc,stats    ]   Unlink Stale                     4182 us
[142.307s][info][gc,stats    ]     System Dictionary                 5 us
[142.307s][info][gc,stats    ]     Weak Class Links                  0 us
[142.307s][info][gc,stats    ]     Code Roots                     4175 us
[142.307s][info][gc,stats    ]   Rendezvous                        166 us
[142.307s][info][gc,stats    ]   Purge Unlinked                    191 us
[142.307s][info][gc,stats    ]     Code Roots                      182 us
[142.307s][info][gc,stats    ]     CLDG                              9 us
[142.307s][info][gc,stats    ]     Exception Caches                  0 us
[142.307s][info][gc,stats    ] Pause Final Roots (G)               130 us
[142.307s][info][gc,stats    ] Pause Final Roots (N)                56 us
[142.307s][info][gc,stats    ] 
[142.307s][info][gc,stats    ] Allocation pacing accrued:
[142.307s][info][gc,stats    ]       0 of    23 ms (  0.0%): <total>
[142.307s][info][gc,stats    ]       0 of    23 ms (  0.0%): <average total>
[142.307s][info][gc,stats    ] 
[142.307s][info][gc,metaspace] Metaspace: 15972K(16256K)->15972K(16256K) NonClass: 13802K(13952K)->13802K(13952K) Class: 2170K(2304K)->2170K(2304K)
[142.307s][info][gc,ergo     ] Pacer for Idle. Initial: 41943K, Alloc Tax Rate: 1.0x
[142.858s][info][gc          ] Trigger: Learning 2 of 5. Free (1433M) is below initial threshold (1433M)
[142.858s][info][gc,ergo     ] Free: 1433M, Max: 1024K regular, 1007M humongous, Frag: 30% external, 0% internal; Reserve: 103M, Max: 1024K
[142.858s][info][gc,start    ] GC(192) Concurrent reset
[142.858s][info][gc,task     ] GC(192) Using 1 of 3 workers for concurrent reset
[142.858s][info][gc,ergo     ] GC(192) Pacer for Reset. Non-Taxable: 2048M
[142.858s][info][gc          ] GC(192) Concurrent reset 0.370ms
[142.859s][info][gc,start    ] GC(192) Pause Init Mark (unload classes)
[142.859s][info][gc,task     ] GC(192) Using 3 of 3 workers for init marking
[142.859s][info][gc,ergo     ] GC(192) Pacer for Mark. Expected Live: 82123K, Free: 1424M, Non-Taxable: 142M, Alloc Tax Rate: 0.1x
[142.859s][info][gc          ] GC(192) Pause Init Mark (unload classes) 0.146ms
[142.859s][info][gc,start    ] GC(192) Concurrent marking roots
[142.859s][info][gc,task     ] GC(192) Using 1 of 3 workers for concurrent marking roots
[142.860s][info][gc          ] GC(192) Concurrent marking roots 0.569ms
[142.860s][info][gc,start    ] GC(192) Concurrent marking (unload classes)
[142.860s][info][gc,task     ] GC(192) Using 1 of 3 workers for concurrent marking
[143.181s][info][gc          ] GC(192) Concurrent marking (unload classes) 321.241ms
[143.181s][info][gc,start    ] GC(192) Pause Final Mark (unload classes)
[143.181s][info][gc,task     ] GC(192) Using 3 of 3 workers for final marking
[143.181s][info][gc,ergo     ] GC(192) Adaptive CSet Selection. Target Free: 290M, Actual Free: 1268M, Max CSet: 87381K, Min Garbage: 0B
[143.181s][info][gc,ergo     ] GC(192) Collectable Garbage: 190M (61%), Immediate: 25251K (7%), CSet: 165M (53%)
[143.181s][info][gc,ergo     ] GC(192) Pacer for Evacuation. Used CSet: 251M, Free: 1176M, Non-Taxable: 117M, Alloc Tax Rate: 1.1x
[143.181s][info][gc          ] GC(192) Pause Final Mark (unload classes) 0.222ms
[143.203s][info][gc,start    ] GC(192) Concurrent thread roots
[143.203s][info][gc,task     ] GC(192) Using 1 of 3 workers for Concurrent thread roots
[143.203s][info][gc          ] GC(192) Concurrent thread roots 0.481ms
[143.203s][info][gc,start    ] GC(192) Concurrent weak references
[143.203s][info][gc,task     ] GC(192) Using 1 of 3 workers for concurrent weak references
[143.203s][info][gc,ref      ] GC(192) Encountered references: Soft: 133, Weak: 684, Final: 0, Phantom: 63
[143.203s][info][gc,ref      ] GC(192) Discovered  references: Soft: 0, Weak: 153, Final: 0, Phantom: 26
[143.203s][info][gc,ref      ] GC(192) Enqueued    references: Soft: 0, Weak: 0, Final: 0, Phantom: 0
[143.203s][info][gc          ] GC(192) Concurrent weak references 0.088ms
[143.203s][info][gc,start    ] GC(192) Concurrent weak roots
[143.203s][info][gc,task     ] GC(192) Using 1 of 3 workers for concurrent weak root
[143.219s][info][gc          ] GC(192) Concurrent weak roots 15.403ms
[143.219s][info][gc,start    ] GC(192) Concurrent cleanup
[143.219s][info][gc          ] GC(192) Concurrent cleanup 790M->765M(2048M) 0.037ms
[143.219s][info][gc,ergo     ] GC(192) Free: 1163M, Max: 1024K regular, 1129M humongous, Frag: 3% external, 0% internal; Reserve: 91136K, Max: 1024K
[143.219s][info][gc,start    ] GC(192) Concurrent class unloading
[143.219s][info][gc,task     ] GC(192) Using 1 of 3 workers for concurrent class unloading
[143.231s][info][gc          ] GC(192) Concurrent class unloading 12.712ms
[143.231s][info][gc,start    ] GC(192) Concurrent strong roots
[143.231s][info][gc,task     ] GC(192) Using 1 of 3 workers for concurrent strong root
[143.232s][info][gc          ] GC(192) Concurrent strong roots 0.076ms
[143.232s][info][gc,start    ] GC(192) Concurrent evacuation
[143.232s][info][gc,task     ] GC(192) Using 1 of 3 workers for concurrent evacuation
[143.311s][info][gc          ] GC(192) Concurrent evacuation 79.733ms
[143.312s][info][gc,start    ] GC(192) Pause Init Update Refs
[143.312s][info][gc,ergo     ] GC(192) Pacer for Update Refs. Used: 920M, Free: 1077M, Non-Taxable: 107M, Alloc Tax Rate: 1.1x
[143.312s][info][gc          ] GC(192) Pause Init Update Refs 0.068ms
[143.312s][info][gc,start    ] GC(192) Concurrent update references
[143.312s][info][gc,task     ] GC(192) Using 1 of 3 workers for concurrent reference update
[143.726s][info][gc          ] GC(192) Concurrent update references 413.526ms
[143.726s][info][gc,start    ] GC(192) Concurrent update thread roots
[143.727s][info][gc          ] GC(192) Concurrent update thread roots 0.663ms
[143.727s][info][gc,start    ] GC(192) Pause Final Update Refs
[143.727s][info][gc,task     ] GC(192) Using 3 of 3 workers for final reference update
[143.727s][info][gc          ] GC(192) Pause Final Update Refs 0.192ms
[143.727s][info][gc,start    ] GC(192) Concurrent cleanup
[143.727s][info][gc          ] GC(192) Concurrent cleanup 994M->743M(2048M) 0.044ms
[143.727s][info][gc,ergo     ] Free: 1165M, Max: 1024K regular, 916M humongous, Frag: 22% external, 0% internal; Reserve: 103M, Max: 1024K
[143.727s][info][gc,stats    ] 
[143.727s][info][gc,stats    ] All times are wall-clock times, except per-root-class counters, that are sum over
[143.727s][info][gc,stats    ] all workers. Dividing the <total> over the root stage time estimates parallelism.
[143.727s][info][gc,stats    ] 
[143.727s][info][gc,stats    ] Concurrent Reset                    416 us
[143.727s][info][gc,stats    ] Pause Init Mark (G)                 573 us
[143.727s][info][gc,stats    ] Pause Init Mark (N)                 165 us
[143.727s][info][gc,stats    ]   Update Region States               67 us
[143.727s][info][gc,stats    ] Concurrent Mark Roots               634 us, parallelism: 0.71x
[143.727s][info][gc,stats    ]   CMR: <total>                      448 us
[143.727s][info][gc,stats    ]   CMR: Thread Roots                 393 us, workers (us): 393, ---, ---, 
[143.727s][info][gc,stats    ]   CMR: VM Strong Roots                6 us, workers (us):   6, ---, ---, 
[143.727s][info][gc,stats    ]   CMR: CLDG Roots                    50 us, workers (us):  50, ---, ---, 
[143.727s][info][gc,stats    ] Concurrent Marking               321301 us
[143.727s][info][gc,stats    ] Pause Final Mark (G)              21580 us
[143.727s][info][gc,stats    ] Pause Final Mark (N)                231 us
[143.727s][info][gc,stats    ]   Finish Mark                        44 us
[143.727s][info][gc,stats    ]   Update Region States               31 us
[143.727s][info][gc,stats    ]   Choose Collection Set             105 us
[143.727s][info][gc,stats    ]   Rebuild Free Set                    9 us
[143.727s][info][gc,stats    ] Concurrent Thread Roots             501 us, parallelism: 0.73x
[143.727s][info][gc,stats    ]   CTR: <total>                      364 us
[143.727s][info][gc,stats    ]   CTR: Thread Roots                 364 us, workers (us): 364, ---, ---, 
[143.727s][info][gc,stats    ] Concurrent Weak References           95 us, parallelism: 0.16x
[143.727s][info][gc,stats    ]   CWRF: <total>                      15 us
[143.727s][info][gc,stats    ]   CWRF: Weak References              15 us, workers (us):  15, ---, ---, 
[143.727s][info][gc,stats    ] Concurrent Weak Roots             15466 us
[143.727s][info][gc,stats    ]   Roots                            1139 us, parallelism: 0.96x
[143.727s][info][gc,stats    ]     CWR: <total>                   1098 us
[143.727s][info][gc,stats    ]     CWR: Code Cache Roots          1001 us, workers (us): 1001, ---, ---, 
[143.727s][info][gc,stats    ]     CWR: VM Weak Roots               88 us, workers (us):  88, ---, ---, 
[143.727s][info][gc,stats    ]     CWR: CLDG Roots                   9 us, workers (us):   9, ---, ---, 
[143.727s][info][gc,stats    ]   Rendezvous                      14245 us
[143.727s][info][gc,stats    ] Concurrent Cleanup                   46 us
[143.727s][info][gc,stats    ] Concurrent Class Unloading        12764 us
[143.727s][info][gc,stats    ]   Unlink Stale                     4466 us
[143.727s][info][gc,stats    ]     System Dictionary                10 us
[143.727s][info][gc,stats    ]     Weak Class Links                  0 us
[143.727s][info][gc,stats    ]     Code Roots                     4454 us
[143.727s][info][gc,stats    ]   Rendezvous                       8002 us
[143.727s][info][gc,stats    ]   Purge Unlinked                    224 us
[143.727s][info][gc,stats    ]     Code Roots                      218 us
[143.727s][info][gc,stats    ]     CLDG                              6 us
[143.727s][info][gc,stats    ]     Exception Caches                  0 us
[143.727s][info][gc,stats    ] Concurrent Strong Roots              84 us, parallelism: 0.45x
[143.727s][info][gc,stats    ]   CSR: <total>                       38 us
[143.727s][info][gc,stats    ]   CSR: VM Strong Roots                3 us, workers (us):   3, ---, ---, 
[143.727s][info][gc,stats    ]   CSR: CLDG Roots                    35 us, workers (us):  35, ---, ---, 
[143.727s][info][gc,stats    ] Concurrent Evacuation             79818 us
[143.727s][info][gc,stats    ] Pause Init Update Refs (G)         1012 us
[143.727s][info][gc,stats    ] Pause Init Update Refs (N)           77 us
[143.727s][info][gc,stats    ]   Manage GCLABs                       5 us
[143.727s][info][gc,stats    ] Concurrent Update Refs           413593 us
[143.727s][info][gc,stats    ] Concurrent Update Thread Roots      680 us
[143.727s][info][gc,stats    ] Pause Final Update Refs (G)         298 us
[143.727s][info][gc,stats    ] Pause Final Update Refs (N)         226 us
[143.727s][info][gc,stats    ]   Update Region States               79 us
[143.727s][info][gc,stats    ]   Trash Collection Set                9 us
[143.727s][info][gc,stats    ]   Rebuild Free Set                   23 us
[143.727s][info][gc,stats    ] Concurrent Cleanup                   54 us
[143.727s][info][gc,stats    ] 
[143.727s][info][gc,stats    ] Allocation pacing accrued:
[143.727s][info][gc,stats    ]       0 of  1421 ms (  0.0%): <total>
[143.727s][info][gc,stats    ]       0 of  1421 ms (  0.0%): <average total>
[143.727s][info][gc,stats    ] 
[143.728s][info][gc,metaspace] Metaspace: 15972K(16256K)->15972K(16256K) NonClass: 13802K(13952K)->13802K(13952K) Class: 2170K(2304K)->2170K(2304K)
[143.728s][info][gc,ergo     ] Pacer for Idle. Initial: 41943K, Alloc Tax Rate: 1.0x
[143.737s][info][gc          ] Trigger: Explicit GC request (System.gc())
[143.737s][info][gc,ergo     ] Free: 1165M, Max: 1024K regular, 916M humongous, Frag: 22% external, 0% internal; Reserve: 103M, Max: 1024K
[143.737s][info][gc,start    ] GC(193) Concurrent reset
[143.737s][info][gc,task     ] GC(193) Using 1 of 3 workers for concurrent reset
[143.737s][info][gc,ergo     ] GC(193) Pacer for Reset. Non-Taxable: 2048M
[143.739s][info][gc          ] GC(193) Concurrent reset 2.322ms
[143.739s][info][gc,start    ] GC(193) Pause Init Mark (unload classes)
[143.739s][info][gc,task     ] GC(193) Using 3 of 3 workers for init marking
[143.739s][info][gc,ref      ] GC(193) Clearing All SoftReferences
[143.739s][info][gc,ergo     ] GC(193) Pacer for Mark. Expected Live: 118M, Free: 1165M, Non-Taxable: 116M, Alloc Tax Rate: 0.1x
[143.739s][info][gc          ] GC(193) Pause Init Mark (unload classes) 0.106ms
[143.739s][info][gc,start    ] GC(193) Concurrent marking roots
[143.739s][info][gc,task     ] GC(193) Using 1 of 3 workers for concurrent marking roots
[143.740s][info][gc          ] GC(193) Concurrent marking roots 0.584ms
[143.740s][info][gc,start    ] GC(193) Concurrent marking (unload classes)
[143.740s][info][gc,task     ] GC(193) Using 1 of 3 workers for concurrent marking
[143.745s][info][gc          ] GC(193) Concurrent marking (unload classes) 4.900ms
[143.745s][info][gc,start    ] GC(193) Pause Final Mark (unload classes)
[143.745s][info][gc,task     ] GC(193) Using 3 of 3 workers for final marking
[143.745s][info][gc,ergo     ] GC(193) Collectable Garbage: 730M (98%), Immediate: 730M (98%), CSet: 0B (0%)
[143.745s][info][gc          ] GC(193) Pause Final Mark (unload classes) 0.328ms
[143.745s][info][gc,start    ] GC(193) Concurrent weak references
[143.745s][info][gc,task     ] GC(193) Using 1 of 3 workers for concurrent weak references
[143.745s][info][gc,ref      ] GC(193) Encountered references: Soft: 178, Weak: 683, Final: 0, Phantom: 63
[143.745s][info][gc,ref      ] GC(193) Discovered  references: Soft: 127, Weak: 165, Final: 0, Phantom: 61
[143.745s][info][gc,ref      ] GC(193) Enqueued    references: Soft: 48, Weak: 0, Final: 0, Phantom: 0
[143.745s][info][gc          ] GC(193) Concurrent weak references 0.182ms
[143.745s][info][gc,start    ] GC(193) Concurrent weak roots
[143.745s][info][gc,task     ] GC(193) Using 1 of 3 workers for concurrent weak root
[143.747s][info][gc          ] GC(193) Concurrent weak roots 1.117ms
[143.747s][info][gc,start    ] GC(193) Concurrent cleanup
[143.747s][info][gc          ] GC(193) Concurrent cleanup 743M->13M(2048M) 0.056ms
[143.747s][info][gc,ergo     ] GC(193) Free: 1932M, Max: 1024K regular, 1001M humongous, Frag: 49% external, 0% internal; Reserve: 103M, Max: 1024K
[143.747s][info][gc,start    ] GC(193) Concurrent class unloading
[143.747s][info][gc,task     ] GC(193) Using 1 of 3 workers for concurrent class unloading
[143.751s][info][gc          ] GC(193) Concurrent class unloading 4.490ms
[143.751s][info][gc,start    ] GC(193) Pause Final Roots
[143.751s][info][gc          ] GC(193) Pause Final Roots 0.037ms
[143.751s][info][gc,ergo     ] Free: 1932M, Max: 1024K regular, 1001M humongous, Frag: 49% external, 0% internal; Reserve: 103M, Max: 1024K
[143.751s][info][gc,stats    ] 
[143.752s][info][gc,stats    ] All times are wall-clock times, except per-root-class counters, that are sum over
[143.752s][info][gc,stats    ] all workers. Dividing the <total> over the root stage time estimates parallelism.
[143.752s][info][gc,stats    ] 
[143.752s][info][gc,stats    ] Concurrent Reset                   2366 us
[143.752s][info][gc,stats    ] Pause Init Mark (G)                 156 us
[143.752s][info][gc,stats    ] Pause Init Mark (N)                 114 us
[143.752s][info][gc,stats    ]   Update Region States               56 us
[143.752s][info][gc,stats    ] Concurrent Mark Roots               601 us, parallelism: 0.80x
[143.752s][info][gc,stats    ]   CMR: <total>                      483 us
[143.752s][info][gc,stats    ]   CMR: Thread Roots                 409 us, workers (us): 409, ---, ---, 
[143.752s][info][gc,stats    ]   CMR: VM Strong Roots                6 us, workers (us):   6, ---, ---, 
[143.752s][info][gc,stats    ]   CMR: CLDG Roots                    68 us, workers (us):  68, ---, ---, 
[143.752s][info][gc,stats    ] Concurrent Marking                 4956 us
[143.752s][info][gc,stats    ] Pause Final Mark (G)                429 us
[143.752s][info][gc,stats    ] Pause Final Mark (N)                356 us
[143.752s][info][gc,stats    ]   Finish Mark                       114 us
[143.752s][info][gc,stats    ]   Update Region States               50 us
[143.752s][info][gc,stats    ]   Choose Collection Set              87 us
[143.752s][info][gc,stats    ]   Rebuild Free Set                   24 us
[143.752s][info][gc,stats    ] Concurrent Weak References          198 us, parallelism: 0.07x
[143.752s][info][gc,stats    ]   CWRF: <total>                      14 us
[143.752s][info][gc,stats    ]   CWRF: Weak References              14 us, workers (us):  14, ---, ---, 
[143.752s][info][gc,stats    ] Concurrent Weak Roots              1134 us
[143.752s][info][gc,stats    ]   Roots                            1015 us, parallelism: 0.92x
[143.752s][info][gc,stats    ]     CWR: <total>                    933 us
[143.752s][info][gc,stats    ]     CWR: Code Cache Roots           755 us, workers (us): 755, ---, ---, 
[143.752s][info][gc,stats    ]     CWR: VM Weak Roots              172 us, workers (us): 172, ---, ---, 
[143.752s][info][gc,stats    ]     CWR: CLDG Roots                   6 us, workers (us):   6, ---, ---, 
[143.752s][info][gc,stats    ]   Rendezvous                         71 us
[143.752s][info][gc,stats    ] Concurrent Cleanup                   65 us
[143.752s][info][gc,stats    ] Concurrent Class Unloading         4555 us
[143.752s][info][gc,stats    ]   Unlink Stale                     4220 us
[143.752s][info][gc,stats    ]     System Dictionary                 6 us
[143.752s][info][gc,stats    ]     Weak Class Links                  0 us
[143.752s][info][gc,stats    ]     Code Roots                     4212 us
[143.752s][info][gc,stats    ]   Rendezvous                         56 us
[143.752s][info][gc,stats    ]   Purge Unlinked                    195 us
[143.752s][info][gc,stats    ]     Code Roots                      185 us
[143.752s][info][gc,stats    ]     CLDG                              9 us
[143.752s][info][gc,stats    ]     Exception Caches                  0 us
[143.752s][info][gc,stats    ] Pause Final Roots (G)               126 us
[143.752s][info][gc,stats    ] Pause Final Roots (N)                57 us
[143.752s][info][gc,stats    ] 
[143.752s][info][gc,stats    ] Allocation pacing accrued:
[143.752s][info][gc,stats    ]       0 of    24 ms (  0.0%): <total>
[143.752s][info][gc,stats    ]       0 of    24 ms (  0.0%): <average total>
[143.752s][info][gc,stats    ] 
[143.752s][info][gc,metaspace] Metaspace: 15972K(16256K)->15972K(16256K) NonClass: 13802K(13952K)->13802K(13952K) Class: 2170K(2304K)->2170K(2304K)
[143.752s][info][gc,ergo     ] Pacer for Idle. Initial: 41943K, Alloc Tax Rate: 1.0x
[144.317s][info][gc          ] Trigger: Learning 2 of 5. Free (1416M) is below initial threshold (1433M)
[144.317s][info][gc,ergo     ] Free: 1416M, Max: 1024K regular, 1001M humongous, Frag: 30% external, 0% internal; Reserve: 103M, Max: 1024K
[144.317s][info][gc,start    ] GC(194) Concurrent reset
[144.317s][info][gc,task     ] GC(194) Using 1 of 3 workers for concurrent reset
[144.317s][info][gc,ergo     ] GC(194) Pacer for Reset. Non-Taxable: 2048M
[144.318s][info][gc          ] GC(194) Concurrent reset 0.268ms
[144.318s][info][gc,start    ] GC(194) Pause Init Mark (unload classes)
[144.318s][info][gc,task     ] GC(194) Using 3 of 3 workers for init marking
[144.318s][info][gc,ergo     ] GC(194) Pacer for Mark. Expected Live: 82407K, Free: 1416M, Non-Taxable: 141M, Alloc Tax Rate: 0.1x
[144.318s][info][gc          ] GC(194) Pause Init Mark (unload classes) 0.215ms
[144.318s][info][gc,start    ] GC(194) Concurrent marking roots
[144.318s][info][gc,task     ] GC(194) Using 1 of 3 workers for concurrent marking roots
[144.319s][info][gc          ] GC(194) Concurrent marking roots 0.865ms
[144.319s][info][gc,start    ] GC(194) Concurrent marking (unload classes)
[144.319s][info][gc,task     ] GC(194) Using 1 of 3 workers for concurrent marking
[144.653s][info][gc          ] GC(194) Concurrent marking (unload classes) 333.970ms
[144.653s][info][gc,start    ] GC(194) Pause Final Mark (unload classes)
[144.653s][info][gc,task     ] GC(194) Using 3 of 3 workers for final marking
[144.653s][info][gc,ergo     ] GC(194) Adaptive CSet Selection. Target Free: 290M, Actual Free: 1252M, Max CSet: 87381K, Min Garbage: 0B
[144.653s][info][gc,ergo     ] GC(194) Collectable Garbage: 197M (61%), Immediate: 28800K (8%), CSet: 169M (53%)
[144.653s][info][gc,ergo     ] GC(194) Pacer for Evacuation. Used CSet: 255M, Free: 1160M, Non-Taxable: 116M, Alloc Tax Rate: 1.1x
[144.653s][info][gc          ] GC(194) Pause Final Mark (unload classes) 0.235ms
[144.669s][info][gc,start    ] GC(194) Concurrent thread roots
[144.669s][info][gc,task     ] GC(194) Using 1 of 3 workers for Concurrent thread roots
[144.669s][info][gc          ] GC(194) Concurrent thread roots 0.444ms
[144.669s][info][gc,start    ] GC(194) Concurrent weak references
[144.669s][info][gc,task     ] GC(194) Using 1 of 3 workers for concurrent weak references
[144.669s][info][gc,ref      ] GC(194) Encountered references: Soft: 133, Weak: 684, Final: 0, Phantom: 63
[144.669s][info][gc,ref      ] GC(194) Discovered  references: Soft: 0, Weak: 152, Final: 0, Phantom: 26
[144.669s][info][gc,ref      ] GC(194) Enqueued    references: Soft: 0, Weak: 0, Final: 0, Phantom: 0
[144.669s][info][gc          ] GC(194) Concurrent weak references 0.081ms
[144.669s][info][gc,start    ] GC(194) Concurrent weak roots
[144.669s][info][gc,task     ] GC(194) Using 1 of 3 workers for concurrent weak root
[144.684s][info][gc          ] GC(194) Concurrent weak roots 14.915ms
[144.684s][info][gc,start    ] GC(194) Concurrent cleanup
[144.684s][info][gc          ] GC(194) Concurrent cleanup 812M->784M(2048M) 0.034ms
[144.684s][info][gc,ergo     ] GC(194) Free: 1144M, Max: 1024K regular, 1106M humongous, Frag: 4% external, 0% internal; Reserve: 92160K, Max: 1024K
[144.684s][info][gc,start    ] GC(194) Concurrent class unloading
[144.684s][info][gc,task     ] GC(194) Using 1 of 3 workers for concurrent class unloading
[144.700s][info][gc          ] GC(194) Concurrent class unloading 15.748ms
[144.700s][info][gc,start    ] GC(194) Concurrent strong roots
[144.700s][info][gc,task     ] GC(194) Using 1 of 3 workers for concurrent strong root
[144.700s][info][gc          ] GC(194) Concurrent strong roots 0.077ms
[144.700s][info][gc,start    ] GC(194) Concurrent evacuation
[144.700s][info][gc,task     ] GC(194) Using 1 of 3 workers for concurrent evacuation
[144.776s][info][gc          ] GC(194) Concurrent evacuation 75.503ms
[144.776s][info][gc,start    ] GC(194) Pause Init Update Refs
[144.776s][info][gc,ergo     ] GC(194) Pacer for Update Refs. Used: 934M, Free: 1063M, Non-Taxable: 106M, Alloc Tax Rate: 1.1x
[144.776s][info][gc          ] GC(194) Pause Init Update Refs 0.118ms
[144.778s][info][gc,start    ] GC(194) Concurrent update references
[144.778s][info][gc,task     ] GC(194) Using 1 of 3 workers for concurrent reference update
[145.209s][info][gc          ] GC(194) Concurrent update references 430.306ms
[145.209s][info][gc,start    ] GC(194) Concurrent update thread roots
[145.210s][info][gc          ] GC(194) Concurrent update thread roots 0.922ms
[145.210s][info][gc,start    ] GC(194) Pause Final Update Refs
[145.210s][info][gc,task     ] GC(194) Using 3 of 3 workers for final reference update
[145.210s][info][gc          ] GC(194) Pause Final Update Refs 0.271ms
[145.210s][info][gc,start    ] GC(194) Concurrent cleanup
[145.210s][info][gc          ] GC(194) Concurrent cleanup 993M->738M(2048M) 0.047ms
[145.210s][info][gc,ergo     ] Free: 1172M, Max: 1024K regular, 921M humongous, Frag: 22% external, 0% internal; Reserve: 103M, Max: 1024K
[145.210s][info][gc,stats    ] 
[145.210s][info][gc,stats    ] All times are wall-clock times, except per-root-class counters, that are sum over
[145.210s][info][gc,stats    ] all workers. Dividing the <total> over the root stage time estimates parallelism.
[145.210s][info][gc,stats    ] 
[145.210s][info][gc,stats    ] Concurrent Reset                    292 us
[145.210s][info][gc,stats    ] Pause Init Mark (G)                 362 us
[145.210s][info][gc,stats    ] Pause Init Mark (N)                 233 us
[145.210s][info][gc,stats    ]   Update Region States               93 us
[145.210s][info][gc,stats    ] Concurrent Mark Roots               887 us, parallelism: 0.79x
[145.210s][info][gc,stats    ]   CMR: <total>                      699 us
[145.210s][info][gc,stats    ]   CMR: Thread Roots                 622 us, workers (us): 622, ---, ---, 
[145.210s][info][gc,stats    ]   CMR: VM Strong Roots                7 us, workers (us):   7, ---, ---, 
[145.210s][info][gc,stats    ]   CMR: CLDG Roots                    70 us, workers (us):  70, ---, ---, 
[145.210s][info][gc,stats    ] Concurrent Marking               334038 us
[145.210s][info][gc,stats    ] Pause Final Mark (G)              15796 us
[145.210s][info][gc,stats    ] Pause Final Mark (N)                243 us
[145.210s][info][gc,stats    ]   Finish Mark                        36 us
[145.210s][info][gc,stats    ]   Update Region States               32 us
[145.210s][info][gc,stats    ]   Choose Collection Set              95 us
[145.210s][info][gc,stats    ]   Rebuild Free Set                    9 us
[145.210s][info][gc,stats    ] Concurrent Thread Roots             456 us, parallelism: 0.80x
[145.210s][info][gc,stats    ]   CTR: <total>                      363 us
[145.210s][info][gc,stats    ]   CTR: Thread Roots                 363 us, workers (us): 363, ---, ---, 
[145.210s][info][gc,stats    ] Concurrent Weak References           88 us, parallelism: 0.16x
[145.210s][info][gc,stats    ]   CWRF: <total>                      14 us
[145.210s][info][gc,stats    ]   CWRF: Weak References              14 us, workers (us):  14, ---, ---, 
[145.210s][info][gc,stats    ] Concurrent Weak Roots             14977 us
[145.210s][info][gc,stats    ]   Roots                            1025 us, parallelism: 0.96x
[145.210s][info][gc,stats    ]     CWR: <total>                    987 us
[145.210s][info][gc,stats    ]     CWR: Code Cache Roots           890 us, workers (us): 890, ---, ---, 
[145.210s][info][gc,stats    ]     CWR: VM Weak Roots               90 us, workers (us):  90, ---, ---, 
[145.210s][info][gc,stats    ]     CWR: CLDG Roots                   8 us, workers (us):   8, ---, ---, 
[145.210s][info][gc,stats    ]   Rendezvous                      13871 us
[145.210s][info][gc,stats    ] Concurrent Cleanup                   43 us
[145.210s][info][gc,stats    ] Concurrent Class Unloading        15808 us
[145.210s][info][gc,stats    ]   Unlink Stale                     4360 us
[145.210s][info][gc,stats    ]     System Dictionary                 9 us
[145.210s][info][gc,stats    ]     Weak Class Links                  0 us
[145.210s][info][gc,stats    ]     Code Roots                     4349 us
[145.210s][info][gc,stats    ]   Rendezvous                      11100 us
[145.210s][info][gc,stats    ]   Purge Unlinked                    269 us
[145.210s][info][gc,stats    ]     Code Roots                      263 us
[145.210s][info][gc,stats    ]     CLDG                              5 us
[145.210s][info][gc,stats    ]     Exception Caches                  0 us
[145.210s][info][gc,stats    ] Concurrent Strong Roots              85 us, parallelism: 0.46x
[145.210s][info][gc,stats    ]   CSR: <total>                       39 us
[145.210s][info][gc,stats    ]   CSR: VM Strong Roots                3 us, workers (us):   3, ---, ---, 
[145.210s][info][gc,stats    ]   CSR: CLDG Roots                    35 us, workers (us):  35, ---, ---, 
[145.210s][info][gc,stats    ] Concurrent Evacuation             75579 us
[145.210s][info][gc,stats    ] Pause Init Update Refs (G)         2576 us
[145.210s][info][gc,stats    ] Pause Init Update Refs (N)          128 us
[145.210s][info][gc,stats    ]   Manage GCLABs                       5 us
[145.210s][info][gc,stats    ] Concurrent Update Refs           430374 us
[145.210s][info][gc,stats    ] Concurrent Update Thread Roots      941 us
[145.210s][info][gc,stats    ] Pause Final Update Refs (G)         393 us
[145.210s][info][gc,stats    ] Pause Final Update Refs (N)         321 us
[145.210s][info][gc,stats    ]   Update Region States              126 us
[145.210s][info][gc,stats    ]   Trash Collection Set               16 us
[145.210s][info][gc,stats    ]   Rebuild Free Set                   31 us
[145.210s][info][gc,stats    ] Concurrent Cleanup                   56 us
[145.210s][info][gc,stats    ] 
[145.210s][info][gc,stats    ] Allocation pacing accrued:
[145.210s][info][gc,stats    ]       0 of  1459 ms (  0.0%): <total>
[145.210s][info][gc,stats    ]       0 of  1459 ms (  0.0%): <average total>
[145.210s][info][gc,stats    ] 
[145.211s][info][gc,metaspace] Metaspace: 15972K(16256K)->15972K(16256K) NonClass: 13802K(13952K)->13802K(13952K) Class: 2170K(2304K)->2170K(2304K)
[145.211s][info][gc,ergo     ] Pacer for Idle. Initial: 41943K, Alloc Tax Rate: 1.0x
[145.228s][info][gc          ] Trigger: Explicit GC request (System.gc())
[145.228s][info][gc,ergo     ] Free: 1172M, Max: 1024K regular, 921M humongous, Frag: 22% external, 0% internal; Reserve: 103M, Max: 1024K
[145.228s][info][gc,start    ] GC(195) Concurrent reset
[145.228s][info][gc,task     ] GC(195) Using 1 of 3 workers for concurrent reset
[145.228s][info][gc,ergo     ] GC(195) Pacer for Reset. Non-Taxable: 2048M
[145.231s][info][gc          ] GC(195) Concurrent reset 2.997ms
[145.231s][info][gc,start    ] GC(195) Pause Init Mark (unload classes)
[145.231s][info][gc,task     ] GC(195) Using 3 of 3 workers for init marking
[145.231s][info][gc,ref      ] GC(195) Clearing All SoftReferences
[145.231s][info][gc,ergo     ] GC(195) Pacer for Mark. Expected Live: 118M, Free: 1172M, Non-Taxable: 117M, Alloc Tax Rate: 0.1x
[145.231s][info][gc          ] GC(195) Pause Init Mark (unload classes) 0.318ms
[145.231s][info][gc,start    ] GC(195) Concurrent marking roots
[145.232s][info][gc,task     ] GC(195) Using 1 of 3 workers for concurrent marking roots
[145.232s][info][gc          ] GC(195) Concurrent marking roots 0.803ms
[145.232s][info][gc,start    ] GC(195) Concurrent marking (unload classes)
[145.232s][info][gc,task     ] GC(195) Using 1 of 3 workers for concurrent marking
[145.237s][info][gc          ] GC(195) Concurrent marking (unload classes) 4.508ms
[145.237s][info][gc,start    ] GC(195) Pause Final Mark (unload classes)
[145.237s][info][gc,task     ] GC(195) Using 3 of 3 workers for final marking
[145.237s][info][gc,ergo     ] GC(195) Collectable Garbage: 725M (98%), Immediate: 725M (98%), CSet: 0B (0%)
[145.237s][info][gc          ] GC(195) Pause Final Mark (unload classes) 0.492ms
[145.238s][info][gc,start    ] GC(195) Concurrent weak references
[145.238s][info][gc,task     ] GC(195) Using 1 of 3 workers for concurrent weak references
[145.238s][info][gc,ref      ] GC(195) Encountered references: Soft: 178, Weak: 683, Final: 0, Phantom: 63
[145.238s][info][gc,ref      ] GC(195) Discovered  references: Soft: 127, Weak: 165, Final: 0, Phantom: 61
[145.238s][info][gc,ref      ] GC(195) Enqueued    references: Soft: 48, Weak: 0, Final: 0, Phantom: 0
[145.238s][info][gc          ] GC(195) Concurrent weak references 0.169ms
[145.238s][info][gc,start    ] GC(195) Concurrent weak roots
[145.238s][info][gc,task     ] GC(195) Using 1 of 3 workers for concurrent weak root
[145.239s][info][gc          ] GC(195) Concurrent weak roots 0.970ms
[145.239s][info][gc,start    ] GC(195) Concurrent cleanup
[145.239s][info][gc          ] GC(195) Concurrent cleanup 738M->13M(2048M) 0.058ms
[145.239s][info][gc,ergo     ] GC(195) Free: 1932M, Max: 1024K regular, 1005M humongous, Frag: 48% external, 0% internal; Reserve: 103M, Max: 1024K
[145.239s][info][gc,start    ] GC(195) Concurrent class unloading
[145.239s][info][gc,task     ] GC(195) Using 1 of 3 workers for concurrent class unloading
[145.243s][info][gc          ] GC(195) Concurrent class unloading 4.618ms
[145.244s][info][gc,start    ] GC(195) Pause Final Roots
[145.244s][info][gc          ] GC(195) Pause Final Roots 0.041ms
[145.244s][info][gc,ergo     ] Free: 1932M, Max: 1024K regular, 1005M humongous, Frag: 48% external, 0% internal; Reserve: 103M, Max: 1024K
[145.244s][info][gc,stats    ] 
[145.244s][info][gc,stats    ] All times are wall-clock times, except per-root-class counters, that are sum over
[145.244s][info][gc,stats    ] all workers. Dividing the <total> over the root stage time estimates parallelism.
[145.244s][info][gc,stats    ] 
[145.244s][info][gc,stats    ] Concurrent Reset                   3063 us
[145.244s][info][gc,stats    ] Pause Init Mark (G)                 488 us
[145.244s][info][gc,stats    ] Pause Init Mark (N)                 340 us
[145.244s][info][gc,stats    ]   Update Region States              137 us
[145.244s][info][gc,stats    ] Concurrent Mark Roots               827 us, parallelism: 0.80x
[145.244s][info][gc,stats    ]   CMR: <total>                      661 us
[145.244s][info][gc,stats    ]   CMR: Thread Roots                 590 us, workers (us): 590, ---, ---, 
[145.244s][info][gc,stats    ]   CMR: VM Strong Roots                6 us, workers (us):   6, ---, ---, 
[145.244s][info][gc,stats    ]   CMR: CLDG Roots                    65 us, workers (us):  65, ---, ---, 
[145.244s][info][gc,stats    ] Concurrent Marking                 4568 us
[145.244s][info][gc,stats    ] Pause Final Mark (G)                641 us
[145.244s][info][gc,stats    ] Pause Final Mark (N)                517 us
[145.244s][info][gc,stats    ]   Finish Mark                       161 us
[145.244s][info][gc,stats    ]   Update Region States              124 us
[145.244s][info][gc,stats    ]   Choose Collection Set             103 us
[145.244s][info][gc,stats    ]   Rebuild Free Set                   25 us
[145.244s][info][gc,stats    ] Concurrent Weak References          177 us, parallelism: 0.09x
[145.244s][info][gc,stats    ]   CWRF: <total>                      16 us
[145.244s][info][gc,stats    ]   CWRF: Weak References              16 us, workers (us):  16, ---, ---, 
[145.244s][info][gc,stats    ] Concurrent Weak Roots              1006 us
[145.244s][info][gc,stats    ]   Roots                             889 us, parallelism: 0.92x
[145.244s][info][gc,stats    ]     CWR: <total>                    821 us
[145.244s][info][gc,stats    ]     CWR: Code Cache Roots           742 us, workers (us): 742, ---, ---, 
[145.244s][info][gc,stats    ]     CWR: VM Weak Roots               75 us, workers (us):  75, ---, ---, 
[145.244s][info][gc,stats    ]     CWR: CLDG Roots                   5 us, workers (us):   5, ---, ---, 
[145.244s][info][gc,stats    ]   Rendezvous                         64 us
[145.244s][info][gc,stats    ] Concurrent Cleanup                   66 us
[145.244s][info][gc,stats    ] Concurrent Class Unloading         4685 us
[145.244s][info][gc,stats    ]   Unlink Stale                     4073 us
[145.244s][info][gc,stats    ]     System Dictionary                 6 us
[145.244s][info][gc,stats    ]     Weak Class Links                  0 us
[145.244s][info][gc,stats    ]     Code Roots                     4066 us
[145.244s][info][gc,stats    ]   Rendezvous                        207 us
[145.244s][info][gc,stats    ]   Purge Unlinked                    319 us
[145.244s][info][gc,stats    ]     Code Roots                      309 us
[145.244s][info][gc,stats    ]     CLDG                              9 us
[145.244s][info][gc,stats    ]     Exception Caches                  0 us
[145.244s][info][gc,stats    ] Pause Final Roots (G)               130 us
[145.244s][info][gc,stats    ] Pause Final Roots (N)                60 us
[145.244s][info][gc,stats    ] 
[145.244s][info][gc,stats    ] Allocation pacing accrued:
[145.244s][info][gc,stats    ]       0 of    34 ms (  0.0%): <total>
[145.244s][info][gc,stats    ]       0 of    34 ms (  0.0%): <average total>
[145.244s][info][gc,stats    ] 
[145.244s][info][gc,metaspace] Metaspace: 15972K(16256K)->15972K(16256K) NonClass: 13802K(13952K)->13802K(13952K) Class: 2170K(2304K)->2170K(2304K)
[145.244s][info][gc,ergo     ] Pacer for Idle. Initial: 41943K, Alloc Tax Rate: 1.0x
[145.809s][info][gc          ] Trigger: Learning 2 of 5. Free (1417M) is below initial threshold (1433M)
[145.809s][info][gc,ergo     ] Free: 1417M, Max: 1024K regular, 1005M humongous, Frag: 30% external, 0% internal; Reserve: 103M, Max: 1024K
[145.809s][info][gc,start    ] GC(196) Concurrent reset
[145.809s][info][gc,task     ] GC(196) Using 1 of 3 workers for concurrent reset
[145.809s][info][gc,ergo     ] GC(196) Pacer for Reset. Non-Taxable: 2048M
[145.809s][info][gc          ] GC(196) Concurrent reset 0.327ms
[145.809s][info][gc,start    ] GC(196) Pause Init Mark (unload classes)
[145.809s][info][gc,task     ] GC(196) Using 3 of 3 workers for init marking
[145.809s][info][gc,ergo     ] GC(196) Pacer for Mark. Expected Live: 82163K, Free: 1417M, Non-Taxable: 141M, Alloc Tax Rate: 0.1x
[145.809s][info][gc          ] GC(196) Pause Init Mark (unload classes) 0.236ms
[145.809s][info][gc,start    ] GC(196) Concurrent marking roots
[145.809s][info][gc,task     ] GC(196) Using 1 of 3 workers for concurrent marking roots
[145.810s][info][gc          ] GC(196) Concurrent marking roots 0.804ms
[145.810s][info][gc,start    ] GC(196) Concurrent marking (unload classes)
[145.810s][info][gc,task     ] GC(196) Using 1 of 3 workers for concurrent marking
[146.138s][info][gc          ] GC(196) Concurrent marking (unload classes) 327.896ms
[146.138s][info][gc,start    ] GC(196) Pause Final Mark (unload classes)
[146.138s][info][gc,task     ] GC(196) Using 3 of 3 workers for final marking
[146.138s][info][gc,ergo     ] GC(196) Adaptive CSet Selection. Target Free: 290M, Actual Free: 1248M, Max CSet: 87381K, Min Garbage: 0B
[146.139s][info][gc,ergo     ] GC(196) Collectable Garbage: 196M (61%), Immediate: 29760K (9%), CSet: 167M (52%)
[146.139s][info][gc,ergo     ] GC(196) Pacer for Evacuation. Used CSet: 253M, Free: 1156M, Non-Taxable: 115M, Alloc Tax Rate: 1.1x
[146.139s][info][gc          ] GC(196) Pause Final Mark (unload classes) 0.230ms
[146.147s][info][gc,start    ] GC(196) Concurrent thread roots
[146.147s][info][gc,task     ] GC(196) Using 1 of 3 workers for Concurrent thread roots
[146.147s][info][gc          ] GC(196) Concurrent thread roots 0.514ms
[146.147s][info][gc,start    ] GC(196) Concurrent weak references
[146.147s][info][gc,task     ] GC(196) Using 1 of 3 workers for concurrent weak references
[146.147s][info][gc,ref      ] GC(196) Encountered references: Soft: 133, Weak: 684, Final: 0, Phantom: 63
[146.147s][info][gc,ref      ] GC(196) Discovered  references: Soft: 0, Weak: 152, Final: 0, Phantom: 26
[146.147s][info][gc,ref      ] GC(196) Enqueued    references: Soft: 0, Weak: 0, Final: 0, Phantom: 0
[146.147s][info][gc          ] GC(196) Concurrent weak references 0.066ms
[146.147s][info][gc,start    ] GC(196) Concurrent weak roots
[146.147s][info][gc,task     ] GC(196) Using 1 of 3 workers for concurrent weak root
[146.163s][info][gc          ] GC(196) Concurrent weak roots 15.086ms
[146.163s][info][gc,start    ] GC(196) Concurrent cleanup
[146.163s][info][gc          ] GC(196) Concurrent cleanup 807M->778M(2048M) 0.038ms
[146.163s][info][gc,ergo     ] GC(196) Free: 1146M, Max: 1024K regular, 1107M humongous, Frag: 4% external, 0% internal; Reserve: 96764K, Max: 1024K
[146.163s][info][gc,start    ] GC(196) Concurrent class unloading
[146.163s][info][gc,task     ] GC(196) Using 1 of 3 workers for concurrent class unloading
[146.178s][info][gc          ] GC(196) Concurrent class unloading 15.701ms
[146.178s][info][gc,start    ] GC(196) Concurrent strong roots
[146.178s][info][gc,task     ] GC(196) Using 1 of 3 workers for concurrent strong root
[146.179s][info][gc          ] GC(196) Concurrent strong roots 0.074ms
[146.179s][info][gc,start    ] GC(196) Concurrent evacuation
[146.179s][info][gc,task     ] GC(196) Using 1 of 3 workers for concurrent evacuation
[146.256s][info][gc          ] GC(196) Concurrent evacuation 77.911ms
[146.257s][info][gc,start    ] GC(196) Pause Init Update Refs
[146.257s][info][gc,ergo     ] GC(196) Pacer for Update Refs. Used: 926M, Free: 1071M, Non-Taxable: 107M, Alloc Tax Rate: 1.1x
[146.257s][info][gc          ] GC(196) Pause Init Update Refs 0.063ms
[146.272s][info][gc,start    ] GC(196) Concurrent update references
[146.272s][info][gc,task     ] GC(196) Using 1 of 3 workers for concurrent reference update
[146.685s][info][gc          ] GC(196) Concurrent update references 412.539ms
[146.685s][info][gc,start    ] GC(196) Concurrent update thread roots
[146.686s][info][gc          ] GC(196) Concurrent update thread roots 0.772ms
[146.686s][info][gc,start    ] GC(196) Pause Final Update Refs
[146.686s][info][gc,task     ] GC(196) Using 3 of 3 workers for final reference update
[146.686s][info][gc          ] GC(196) Pause Final Update Refs 0.199ms
[146.686s][info][gc,start    ] GC(196) Concurrent cleanup
[146.686s][info][gc          ] GC(196) Concurrent cleanup 993M->740M(2048M) 0.050ms
[146.686s][info][gc,ergo     ] Free: 1169M, Max: 1024K regular, 920M humongous, Frag: 22% external, 0% internal; Reserve: 103M, Max: 1024K
[146.686s][info][gc,stats    ] 
[146.686s][info][gc,stats    ] All times are wall-clock times, except per-root-class counters, that are sum over
[146.686s][info][gc,stats    ] all workers. Dividing the <total> over the root stage time estimates parallelism.
[146.686s][info][gc,stats    ] 
[146.686s][info][gc,stats    ] Concurrent Reset                    367 us
[146.686s][info][gc,stats    ] Pause Init Mark (G)                 430 us
[146.686s][info][gc,stats    ] Pause Init Mark (N)                 257 us
[146.686s][info][gc,stats    ]   Update Region States              101 us
[146.686s][info][gc,stats    ] Concurrent Mark Roots               818 us, parallelism: 0.87x
[146.686s][info][gc,stats    ]   CMR: <total>                      708 us
[146.686s][info][gc,stats    ]   CMR: Thread Roots                 637 us, workers (us): 637, ---, ---, 
[146.686s][info][gc,stats    ]   CMR: VM Strong Roots                7 us, workers (us):   7, ---, ---, 
[146.686s][info][gc,stats    ]   CMR: CLDG Roots                    65 us, workers (us):  65, ---, ---, 
[146.686s][info][gc,stats    ] Concurrent Marking               327976 us
[146.686s][info][gc,stats    ] Pause Final Mark (G)               8614 us
[146.686s][info][gc,stats    ] Pause Final Mark (N)                239 us
[146.686s][info][gc,stats    ]   Finish Mark                        49 us
[146.686s][info][gc,stats    ]   Update Region States               31 us
[146.686s][info][gc,stats    ]   Choose Collection Set             106 us
[146.686s][info][gc,stats    ]   Rebuild Free Set                    9 us
[146.686s][info][gc,stats    ] Concurrent Thread Roots             534 us, parallelism: 0.78x
[146.686s][info][gc,stats    ]   CTR: <total>                      414 us
[146.686s][info][gc,stats    ]   CTR: Thread Roots                 414 us, workers (us): 414, ---, ---, 
[146.686s][info][gc,stats    ] Concurrent Weak References           73 us, parallelism: 0.18x
[146.686s][info][gc,stats    ]   CWRF: <total>                      13 us
[146.686s][info][gc,stats    ]   CWRF: Weak References              13 us, workers (us):  13, ---, ---, 
[146.686s][info][gc,stats    ] Concurrent Weak Roots             15155 us
[146.686s][info][gc,stats    ]   Roots                             962 us, parallelism: 0.96x
[146.686s][info][gc,stats    ]     CWR: <total>                    928 us
[146.686s][info][gc,stats    ]     CWR: Code Cache Roots           837 us, workers (us): 837, ---, ---, 
[146.686s][info][gc,stats    ]     CWR: VM Weak Roots               84 us, workers (us):  84, ---, ---, 
[146.686s][info][gc,stats    ]     CWR: CLDG Roots                   6 us, workers (us):   6, ---, ---, 
[146.686s][info][gc,stats    ]   Rendezvous                      14105 us
[146.686s][info][gc,stats    ] Concurrent Cleanup                   46 us
[146.686s][info][gc,stats    ] Concurrent Class Unloading        15753 us
[146.686s][info][gc,stats    ]   Unlink Stale                     4373 us
[146.686s][info][gc,stats    ]     System Dictionary                 9 us
[146.686s][info][gc,stats    ]     Weak Class Links                  0 us
[146.686s][info][gc,stats    ]     Code Roots                     4362 us
[146.686s][info][gc,stats    ]   Rendezvous                      11051 us
[146.686s][info][gc,stats    ]   Purge Unlinked                    256 us
[146.686s][info][gc,stats    ]     Code Roots                      251 us
[146.686s][info][gc,stats    ]     CLDG                              5 us
[146.686s][info][gc,stats    ]     Exception Caches                  0 us
[146.686s][info][gc,stats    ] Concurrent Strong Roots              82 us, parallelism: 0.44x
[146.686s][info][gc,stats    ]   CSR: <total>                       36 us
[146.686s][info][gc,stats    ]   CSR: VM Strong Roots                4 us, workers (us):   4, ---, ---, 
[146.686s][info][gc,stats    ]   CSR: CLDG Roots                    32 us, workers (us):  32, ---, ---, 
[146.686s][info][gc,stats    ] Concurrent Evacuation             77985 us
[146.686s][info][gc,stats    ] Pause Init Update Refs (G)        15806 us
[146.686s][info][gc,stats    ] Pause Init Update Refs (N)           72 us
[146.686s][info][gc,stats    ]   Manage GCLABs                       4 us
[146.686s][info][gc,stats    ] Concurrent Update Refs           412621 us
[146.686s][info][gc,stats    ] Concurrent Update Thread Roots      790 us
[146.686s][info][gc,stats    ] Pause Final Update Refs (G)         298 us
[146.686s][info][gc,stats    ] Pause Final Update Refs (N)         236 us
[146.687s][info][gc,stats    ]   Update Region States               90 us
[146.687s][info][gc,stats    ]   Trash Collection Set                9 us
[146.687s][info][gc,stats    ]   Rebuild Free Set                   20 us
[146.687s][info][gc,stats    ] Concurrent Cleanup                   59 us
[146.687s][info][gc,stats    ] 
[146.687s][info][gc,stats    ] Allocation pacing accrued:
[146.687s][info][gc,stats    ]       0 of  1442 ms (  0.0%): <total>
[146.687s][info][gc,stats    ]       0 of  1442 ms (  0.0%): <average total>
[146.687s][info][gc,stats    ] 
[146.687s][info][gc,metaspace] Metaspace: 15972K(16256K)->15972K(16256K) NonClass: 13802K(13952K)->13802K(13952K) Class: 2170K(2304K)->2170K(2304K)
[146.687s][info][gc,ergo     ] Pacer for Idle. Initial: 41943K, Alloc Tax Rate: 1.0x
[146.697s][info][gc          ] Trigger: Explicit GC request (System.gc())
[146.697s][info][gc,ergo     ] Free: 1169M, Max: 1024K regular, 920M humongous, Frag: 22% external, 0% internal; Reserve: 103M, Max: 1024K
[146.697s][info][gc,start    ] GC(197) Concurrent reset
[146.697s][info][gc,task     ] GC(197) Using 1 of 3 workers for concurrent reset
[146.697s][info][gc,ergo     ] GC(197) Pacer for Reset. Non-Taxable: 2048M
[146.700s][info][gc          ] GC(197) Concurrent reset 2.947ms
[146.700s][info][gc,start    ] GC(197) Pause Init Mark (unload classes)
[146.700s][info][gc,task     ] GC(197) Using 3 of 3 workers for init marking
[146.701s][info][gc,ref      ] GC(197) Clearing All SoftReferences
[146.701s][info][gc,ergo     ] GC(197) Pacer for Mark. Expected Live: 117M, Free: 1169M, Non-Taxable: 116M, Alloc Tax Rate: 0.1x
[146.701s][info][gc          ] GC(197) Pause Init Mark (unload classes) 0.211ms
[146.701s][info][gc,start    ] GC(197) Concurrent marking roots
[146.701s][info][gc,task     ] GC(197) Using 1 of 3 workers for concurrent marking roots
[146.701s][info][gc          ] GC(197) Concurrent marking roots 0.785ms
[146.701s][info][gc,start    ] GC(197) Concurrent marking (unload classes)
[146.701s][info][gc,task     ] GC(197) Using 1 of 3 workers for concurrent marking
[146.706s][info][gc          ] GC(197) Concurrent marking (unload classes) 4.285ms
[146.706s][info][gc,start    ] GC(197) Pause Final Mark (unload classes)
[146.706s][info][gc,task     ] GC(197) Using 3 of 3 workers for final marking
[146.706s][info][gc,ergo     ] GC(197) Collectable Garbage: 728M (98%), Immediate: 728M (98%), CSet: 0B (0%)
[146.706s][info][gc          ] GC(197) Pause Final Mark (unload classes) 0.408ms
[146.706s][info][gc,start    ] GC(197) Concurrent weak references
[146.706s][info][gc,task     ] GC(197) Using 1 of 3 workers for concurrent weak references
[146.707s][info][gc,ref      ] GC(197) Encountered references: Soft: 178, Weak: 683, Final: 0, Phantom: 63
[146.707s][info][gc,ref      ] GC(197) Discovered  references: Soft: 127, Weak: 165, Final: 0, Phantom: 61
[146.707s][info][gc,ref      ] GC(197) Enqueued    references: Soft: 48, Weak: 0, Final: 0, Phantom: 0
[146.707s][info][gc          ] GC(197) Concurrent weak references 0.258ms
[146.707s][info][gc,start    ] GC(197) Concurrent weak roots
[146.707s][info][gc,task     ] GC(197) Using 1 of 3 workers for concurrent weak root
[146.708s][info][gc          ] GC(197) Concurrent weak roots 0.978ms
[146.708s][info][gc,start    ] GC(197) Concurrent cleanup
[146.708s][info][gc          ] GC(197) Concurrent cleanup 740M->12M(2048M) 0.051ms
[146.708s][info][gc,ergo     ] GC(197) Free: 1932M, Max: 1024K regular, 1004M humongous, Frag: 49% external, 0% internal; Reserve: 103M, Max: 1024K
[146.708s][info][gc,start    ] GC(197) Concurrent class unloading
[146.708s][info][gc,task     ] GC(197) Using 1 of 3 workers for concurrent class unloading
[146.712s][info][gc          ] GC(197) Concurrent class unloading 4.635ms
[146.712s][info][gc,start    ] GC(197) Pause Final Roots
[146.712s][info][gc          ] GC(197) Pause Final Roots 0.052ms
[146.713s][info][gc,ergo     ] Free: 1932M, Max: 1024K regular, 1004M humongous, Frag: 49% external, 0% internal; Reserve: 103M, Max: 1024K
[146.713s][info][gc,stats    ] 
[146.713s][info][gc,stats    ] All times are wall-clock times, except per-root-class counters, that are sum over
[146.713s][info][gc,stats    ] all workers. Dividing the <total> over the root stage time estimates parallelism.
[146.713s][info][gc,stats    ] 
[146.713s][info][gc,stats    ] Concurrent Reset                   2999 us
[146.713s][info][gc,stats    ] Pause Init Mark (G)                 362 us
[146.713s][info][gc,stats    ] Pause Init Mark (N)                 221 us
[146.713s][info][gc,stats    ]   Update Region States               80 us
[146.713s][info][gc,stats    ] Concurrent Mark Roots               811 us, parallelism: 0.82x
[146.713s][info][gc,stats    ]   CMR: <total>                      667 us
[146.713s][info][gc,stats    ]   CMR: Thread Roots                 577 us, workers (us): 577, ---, ---, 
[146.713s][info][gc,stats    ]   CMR: VM Strong Roots                8 us, workers (us):   8, ---, ---, 
[146.713s][info][gc,stats    ]   CMR: CLDG Roots                    81 us, workers (us):  81, ---, ---, 
[146.713s][info][gc,stats    ] Concurrent Marking                 4335 us
[146.713s][info][gc,stats    ] Pause Final Mark (G)                549 us
[146.713s][info][gc,stats    ] Pause Final Mark (N)                428 us
[146.713s][info][gc,stats    ]   Finish Mark                       123 us
[146.713s][info][gc,stats    ]   Update Region States              107 us
[146.713s][info][gc,stats    ]   Choose Collection Set              77 us
[146.713s][info][gc,stats    ]   Rebuild Free Set                   19 us
[146.713s][info][gc,stats    ] Concurrent Weak References          266 us, parallelism: 0.12x
[146.713s][info][gc,stats    ]   CWRF: <total>                      33 us
[146.713s][info][gc,stats    ]   CWRF: Weak References              33 us, workers (us):  33, ---, ---, 
[146.713s][info][gc,stats    ] Concurrent Weak Roots               995 us
[146.713s][info][gc,stats    ]   Roots                             872 us, parallelism: 0.95x
[146.713s][info][gc,stats    ]     CWR: <total>                    831 us
[146.713s][info][gc,stats    ]     CWR: Code Cache Roots           750 us, workers (us): 750, ---, ---, 
[146.713s][info][gc,stats    ]     CWR: VM Weak Roots               74 us, workers (us):  74, ---, ---, 
[146.713s][info][gc,stats    ]     CWR: CLDG Roots                   7 us, workers (us):   7, ---, ---, 
[146.713s][info][gc,stats    ]   Rendezvous                         90 us
[146.713s][info][gc,stats    ] Concurrent Cleanup                   59 us
[146.713s][info][gc,stats    ] Concurrent Class Unloading         4697 us
[146.713s][info][gc,stats    ]   Unlink Stale                     4264 us
[146.713s][info][gc,stats    ]     System Dictionary                 4 us
[146.713s][info][gc,stats    ]     Weak Class Links                  0 us
[146.713s][info][gc,stats    ]     Code Roots                     4258 us
[146.713s][info][gc,stats    ]   Rendezvous                        157 us
[146.713s][info][gc,stats    ]   Purge Unlinked                    193 us
[146.713s][info][gc,stats    ]     Code Roots                      184 us
[146.713s][info][gc,stats    ]     CLDG                              9 us
[146.713s][info][gc,stats    ]     Exception Caches                  0 us
[146.713s][info][gc,stats    ] Pause Final Roots (G)               157 us
[146.713s][info][gc,stats    ] Pause Final Roots (N)                70 us
[146.713s][info][gc,stats    ] 
[146.713s][info][gc,stats    ] Allocation pacing accrued:
[146.713s][info][gc,stats    ]       0 of    26 ms (  0.0%): <total>
[146.713s][info][gc,stats    ]       0 of    26 ms (  0.0%): <average total>
[146.713s][info][gc,stats    ] 
[146.713s][info][gc,metaspace] Metaspace: 15972K(16256K)->15972K(16256K) NonClass: 13802K(13952K)->13802K(13952K) Class: 2170K(2304K)->2170K(2304K)
[146.713s][info][gc,ergo     ] Pacer for Idle. Initial: 41943K, Alloc Tax Rate: 1.0x
[147.263s][info][gc          ] Trigger: Learning 2 of 5. Free (1422M) is below initial threshold (1433M)
[147.263s][info][gc,ergo     ] Free: 1422M, Max: 1024K regular, 1004M humongous, Frag: 30% external, 0% internal; Reserve: 103M, Max: 1024K
[147.263s][info][gc,start    ] GC(198) Concurrent reset
[147.263s][info][gc,task     ] GC(198) Using 1 of 3 workers for concurrent reset
[147.263s][info][gc,ergo     ] GC(198) Pacer for Reset. Non-Taxable: 2048M
[147.263s][info][gc          ] GC(198) Concurrent reset 0.259ms
[147.263s][info][gc,start    ] GC(198) Pause Init Mark (unload classes)
[147.263s][info][gc,task     ] GC(198) Using 3 of 3 workers for init marking
[147.263s][info][gc,ergo     ] GC(198) Pacer for Mark. Expected Live: 81685K, Free: 1422M, Non-Taxable: 142M, Alloc Tax Rate: 0.1x
[147.263s][info][gc          ] GC(198) Pause Init Mark (unload classes) 0.228ms
[147.264s][info][gc,start    ] GC(198) Concurrent marking roots
[147.264s][info][gc,task     ] GC(198) Using 1 of 3 workers for concurrent marking roots
[147.264s][info][gc          ] GC(198) Concurrent marking roots 0.799ms
[147.264s][info][gc,start    ] GC(198) Concurrent marking (unload classes)
[147.264s][info][gc,task     ] GC(198) Using 1 of 3 workers for concurrent marking
[147.630s][info][gc          ] GC(198) Concurrent marking (unload classes) 365.749ms
[147.630s][info][gc,start    ] GC(198) Pause Final Mark (unload classes)
[147.630s][info][gc,task     ] GC(198) Using 3 of 3 workers for final marking
[147.630s][info][gc,ergo     ] GC(198) Adaptive CSet Selection. Target Free: 290M, Actual Free: 1226M, Max CSet: 87381K, Min Garbage: 0B
[147.630s][info][gc,ergo     ] GC(198) Collectable Garbage: 196M (62%), Immediate: 29345K (9%), CSet: 167M (53%)
[147.630s][info][gc,ergo     ] GC(198) Pacer for Evacuation. Used CSet: 253M, Free: 1135M, Non-Taxable: 113M, Alloc Tax Rate: 1.1x
[147.630s][info][gc          ] GC(198) Pause Final Mark (unload classes) 0.238ms
[147.657s][info][gc,start    ] GC(198) Concurrent thread roots
[147.657s][info][gc,task     ] GC(198) Using 1 of 3 workers for Concurrent thread roots
[147.658s][info][gc          ] GC(198) Concurrent thread roots 0.505ms
[147.658s][info][gc,start    ] GC(198) Concurrent weak references
[147.658s][info][gc,task     ] GC(198) Using 1 of 3 workers for concurrent weak references
[147.658s][info][gc,ref      ] GC(198) Encountered references: Soft: 133, Weak: 684, Final: 0, Phantom: 63
[147.658s][info][gc,ref      ] GC(198) Discovered  references: Soft: 0, Weak: 153, Final: 0, Phantom: 26
[147.658s][info][gc,ref      ] GC(198) Enqueued    references: Soft: 0, Weak: 0, Final: 0, Phantom: 0
[147.658s][info][gc          ] GC(198) Concurrent weak references 0.069ms
[147.658s][info][gc,start    ] GC(198) Concurrent weak roots
[147.658s][info][gc,task     ] GC(198) Using 1 of 3 workers for concurrent weak root
[147.673s][info][gc          ] GC(198) Concurrent weak roots 14.903ms
[147.673s][info][gc,start    ] GC(198) Concurrent cleanup
[147.673s][info][gc          ] GC(198) Concurrent cleanup 863M->835M(2048M) 0.049ms
[147.673s][info][gc,ergo     ] GC(198) Free: 1095M, Max: 1024K regular, 1056M humongous, Frag: 4% external, 0% internal; Reserve: 84992K, Max: 1024K
[147.673s][info][gc,start    ] GC(198) Concurrent class unloading
[147.673s][info][gc,task     ] GC(198) Using 1 of 3 workers for concurrent class unloading
[147.681s][info][gc          ] GC(198) Concurrent class unloading 7.593ms
[147.681s][info][gc,start    ] GC(198) Concurrent strong roots
[147.681s][info][gc,task     ] GC(198) Using 1 of 3 workers for concurrent strong root
[147.681s][info][gc          ] GC(198) Concurrent strong roots 0.082ms
[147.681s][info][gc,start    ] GC(198) Concurrent evacuation
[147.681s][info][gc,task     ] GC(198) Using 1 of 3 workers for concurrent evacuation
[147.756s][info][gc          ] GC(198) Concurrent evacuation 75.434ms
[147.756s][info][gc,start    ] GC(198) Pause Init Update Refs
[147.756s][info][gc,ergo     ] GC(198) Pacer for Update Refs. Used: 973M, Free: 1026M, Non-Taxable: 102M, Alloc Tax Rate: 1.2x
[147.756s][info][gc          ] GC(198) Pause Init Update Refs 0.039ms
[147.756s][info][gc,start    ] GC(198) Concurrent update references
[147.756s][info][gc,task     ] GC(198) Using 1 of 3 workers for concurrent reference update
[148.201s][info][gc          ] GC(198) Concurrent update references 444.663ms
[148.201s][info][gc,start    ] GC(198) Concurrent update thread roots
[148.202s][info][gc          ] GC(198) Concurrent update thread roots 0.839ms
[148.202s][info][gc,start    ] GC(198) Pause Final Update Refs
[148.202s][info][gc,task     ] GC(198) Using 3 of 3 workers for final reference update
[148.202s][info][gc          ] GC(198) Pause Final Update Refs 0.227ms
[148.202s][info][gc,start    ] GC(198) Concurrent cleanup
[148.202s][info][gc          ] GC(198) Concurrent cleanup 993M->740M(2048M) 0.067ms
[148.202s][info][gc,ergo     ] Free: 1169M, Max: 1024K regular, 920M humongous, Frag: 22% external, 0% internal; Reserve: 103M, Max: 1024K
[148.202s][info][gc,stats    ] 
[148.202s][info][gc,stats    ] All times are wall-clock times, except per-root-class counters, that are sum over
[148.202s][info][gc,stats    ] all workers. Dividing the <total> over the root stage time estimates parallelism.
[148.202s][info][gc,stats    ] 
[148.202s][info][gc,stats    ] Concurrent Reset                    315 us
[148.202s][info][gc,stats    ] Pause Init Mark (G)                 406 us
[148.202s][info][gc,stats    ] Pause Init Mark (N)                 252 us
[148.203s][info][gc,stats    ]   Update Region States               54 us
[148.203s][info][gc,stats    ] Concurrent Mark Roots               815 us, parallelism: 0.91x
[148.203s][info][gc,stats    ]   CMR: <total>                      739 us
[148.203s][info][gc,stats    ]   CMR: Thread Roots                 650 us, workers (us): 650, ---, ---, 
[148.203s][info][gc,stats    ]   CMR: VM Strong Roots                8 us, workers (us):   8, ---, ---, 
[148.203s][info][gc,stats    ]   CMR: CLDG Roots                    81 us, workers (us):  81, ---, ---, 
[148.203s][info][gc,stats    ] Concurrent Marking               365815 us
[148.203s][info][gc,stats    ] Pause Final Mark (G)              27129 us
[148.203s][info][gc,stats    ] Pause Final Mark (N)                246 us
[148.203s][info][gc,stats    ]   Finish Mark                        56 us
[148.203s][info][gc,stats    ]   Update Region States               28 us
[148.203s][info][gc,stats    ]   Choose Collection Set              76 us
[148.203s][info][gc,stats    ]   Rebuild Free Set                    9 us
[148.203s][info][gc,stats    ] Concurrent Thread Roots             525 us, parallelism: 0.78x
[148.203s][info][gc,stats    ]   CTR: <total>                      408 us
[148.203s][info][gc,stats    ]   CTR: Thread Roots                 408 us, workers (us): 408, ---, ---, 
[148.203s][info][gc,stats    ] Concurrent Weak References           76 us, parallelism: 0.17x
[148.203s][info][gc,stats    ]   CWRF: <total>                      13 us
[148.203s][info][gc,stats    ]   CWRF: Weak References              13 us, workers (us):  13, ---, ---, 
[148.203s][info][gc,stats    ] Concurrent Weak Roots             14975 us
[148.203s][info][gc,stats    ]   Roots                            1128 us, parallelism: 0.96x
[148.203s][info][gc,stats    ]     CWR: <total>                   1079 us
[148.203s][info][gc,stats    ]     CWR: Code Cache Roots           985 us, workers (us): 985, ---, ---, 
[148.203s][info][gc,stats    ]     CWR: VM Weak Roots               87 us, workers (us):  87, ---, ---, 
[148.203s][info][gc,stats    ]     CWR: CLDG Roots                   7 us, workers (us):   7, ---, ---, 
[148.203s][info][gc,stats    ]   Rendezvous                      13756 us
[148.203s][info][gc,stats    ] Concurrent Cleanup                   58 us
[148.203s][info][gc,stats    ] Concurrent Class Unloading         7654 us
[148.203s][info][gc,stats    ]   Unlink Stale                     4779 us
[148.203s][info][gc,stats    ]     System Dictionary                14 us
[148.203s][info][gc,stats    ]     Weak Class Links                  1 us
[148.203s][info][gc,stats    ]     Code Roots                     4764 us
[148.203s][info][gc,stats    ]   Rendezvous                       2524 us
[148.203s][info][gc,stats    ]   Purge Unlinked                    266 us
[148.203s][info][gc,stats    ]     Code Roots                      260 us
[148.203s][info][gc,stats    ]     CLDG                              5 us
[148.203s][info][gc,stats    ]     Exception Caches                  0 us
[148.203s][info][gc,stats    ] Concurrent Strong Roots              95 us, parallelism: 0.38x
[148.203s][info][gc,stats    ]   CSR: <total>                       36 us
[148.203s][info][gc,stats    ]   CSR: VM Strong Roots                4 us, workers (us):   4, ---, ---, 
[148.203s][info][gc,stats    ]   CSR: CLDG Roots                    33 us, workers (us):  33, ---, ---, 
[148.203s][info][gc,stats    ] Concurrent Evacuation             75497 us
[148.203s][info][gc,stats    ] Pause Init Update Refs (G)          149 us
[148.203s][info][gc,stats    ] Pause Init Update Refs (N)           47 us
[148.203s][info][gc,stats    ]   Manage GCLABs                       4 us
[148.203s][info][gc,stats    ] Concurrent Update Refs           444743 us
[148.203s][info][gc,stats    ] Concurrent Update Thread Roots      889 us
[148.203s][info][gc,stats    ] Pause Final Update Refs (G)         386 us
[148.203s][info][gc,stats    ] Pause Final Update Refs (N)         264 us
[148.203s][info][gc,stats    ]   Update Region States              106 us
[148.203s][info][gc,stats    ]   Trash Collection Set                9 us
[148.203s][info][gc,stats    ]   Rebuild Free Set                   21 us
[148.203s][info][gc,stats    ] Concurrent Cleanup                   77 us
[148.203s][info][gc,stats    ] 
[148.203s][info][gc,stats    ] Allocation pacing accrued:
[148.203s][info][gc,stats    ]       0 of  1490 ms (  0.0%): <total>
[148.203s][info][gc,stats    ]       0 of  1490 ms (  0.0%): <average total>
[148.203s][info][gc,stats    ] 
[148.203s][info][gc,metaspace] Metaspace: 15972K(16256K)->15972K(16256K) NonClass: 13802K(13952K)->13802K(13952K) Class: 2170K(2304K)->2170K(2304K)
[148.203s][info][gc,ergo     ] Pacer for Idle. Initial: 41943K, Alloc Tax Rate: 1.0x
[148.205s][info][gc          ] Trigger: Explicit GC request (System.gc())
[148.205s][info][gc,ergo     ] Free: 1169M, Max: 1024K regular, 920M humongous, Frag: 22% external, 0% internal; Reserve: 103M, Max: 1024K
[148.205s][info][gc,start    ] GC(199) Concurrent reset
[148.205s][info][gc,task     ] GC(199) Using 1 of 3 workers for concurrent reset
[148.205s][info][gc,ergo     ] GC(199) Pacer for Reset. Non-Taxable: 2048M
[148.208s][info][gc          ] GC(199) Concurrent reset 2.310ms
[148.208s][info][gc,start    ] GC(199) Pause Init Mark (unload classes)
[148.208s][info][gc,task     ] GC(199) Using 3 of 3 workers for init marking
[148.208s][info][gc,ref      ] GC(199) Clearing All SoftReferences
[148.208s][info][gc,ergo     ] GC(199) Pacer for Mark. Expected Live: 117M, Free: 1169M, Non-Taxable: 116M, Alloc Tax Rate: 0.1x
[148.208s][info][gc          ] GC(199) Pause Init Mark (unload classes) 0.225ms
[148.208s][info][gc,start    ] GC(199) Concurrent marking roots
[148.208s][info][gc,task     ] GC(199) Using 1 of 3 workers for concurrent marking roots
[148.209s][info][gc          ] GC(199) Concurrent marking roots 0.479ms
[148.209s][info][gc,start    ] GC(199) Concurrent marking (unload classes)
[148.209s][info][gc,task     ] GC(199) Using 1 of 3 workers for concurrent marking
[148.213s][info][gc          ] GC(199) Concurrent marking (unload classes) 4.742ms
[148.214s][info][gc,start    ] GC(199) Pause Final Mark (unload classes)
[148.214s][info][gc,task     ] GC(199) Using 3 of 3 workers for final marking
[148.214s][info][gc,ergo     ] GC(199) Collectable Garbage: 729M (99%), Immediate: 729M (99%), CSet: 0B (0%)
[148.214s][info][gc          ] GC(199) Pause Final Mark (unload classes) 0.430ms
[148.214s][info][gc,start    ] GC(199) Concurrent weak references
[148.214s][info][gc,task     ] GC(199) Using 1 of 3 workers for concurrent weak references
[148.214s][info][gc,ref      ] GC(199) Encountered references: Soft: 178, Weak: 683, Final: 0, Phantom: 63
[148.214s][info][gc,ref      ] GC(199) Discovered  references: Soft: 127, Weak: 165, Final: 0, Phantom: 61
[148.214s][info][gc,ref      ] GC(199) Enqueued    references: Soft: 48, Weak: 0, Final: 0, Phantom: 0
[148.214s][info][gc          ] GC(199) Concurrent weak references 0.231ms
[148.214s][info][gc,start    ] GC(199) Concurrent weak roots
[148.214s][info][gc,task     ] GC(199) Using 1 of 3 workers for concurrent weak root
[148.215s][info][gc          ] GC(199) Concurrent weak roots 1.010ms
[148.215s][info][gc,start    ] GC(199) Concurrent cleanup
[148.215s][info][gc          ] GC(199) Concurrent cleanup 740M->11M(2048M) 0.062ms
[148.215s][info][gc,ergo     ] GC(199) Free: 1933M, Max: 1024K regular, 1006M humongous, Frag: 48% external, 0% internal; Reserve: 103M, Max: 1024K
[148.215s][info][gc,start    ] GC(199) Concurrent class unloading
[148.215s][info][gc,task     ] GC(199) Using 1 of 3 workers for concurrent class unloading
[148.220s][info][gc          ] GC(199) Concurrent class unloading 4.277ms
[148.220s][info][gc,start    ] GC(199) Pause Final Roots
[148.220s][info][gc          ] GC(199) Pause Final Roots 0.052ms
[148.220s][info][gc,ergo     ] Free: 1933M, Max: 1024K regular, 1006M humongous, Frag: 48% external, 0% internal; Reserve: 103M, Max: 1024K
[148.220s][info][gc,stats    ] 
[148.220s][info][gc,stats    ] All times are wall-clock times, except per-root-class counters, that are sum over
[148.220s][info][gc,stats    ] all workers. Dividing the <total> over the root stage time estimates parallelism.
[148.220s][info][gc,stats    ] 
[148.220s][info][gc,stats    ] Concurrent Reset                   2361 us
[148.220s][info][gc,stats    ] Pause Init Mark (G)                 400 us
[148.220s][info][gc,stats    ] Pause Init Mark (N)                 242 us
[148.220s][info][gc,stats    ]   Update Region States               86 us
[148.220s][info][gc,stats    ] Concurrent Mark Roots               497 us, parallelism: 0.71x
[148.220s][info][gc,stats    ]   CMR: <total>                      352 us
[148.220s][info][gc,stats    ]   CMR: Thread Roots                 306 us, workers (us): 306, ---, ---, 
[148.220s][info][gc,stats    ]   CMR: VM Strong Roots                5 us, workers (us):   5, ---, ---, 
[148.220s][info][gc,stats    ]   CMR: CLDG Roots                    41 us, workers (us):  41, ---, ---, 
[148.220s][info][gc,stats    ] Concurrent Marking                 4814 us
[148.220s][info][gc,stats    ] Pause Final Mark (G)                576 us
[148.220s][info][gc,stats    ] Pause Final Mark (N)                455 us
[148.220s][info][gc,stats    ]   Finish Mark                       149 us
[148.220s][info][gc,stats    ]   Update Region States               76 us
[148.220s][info][gc,stats    ]   Choose Collection Set             100 us
[148.220s][info][gc,stats    ]   Rebuild Free Set                   25 us
[148.220s][info][gc,stats    ] Concurrent Weak References          247 us, parallelism: 0.13x
[148.220s][info][gc,stats    ]   CWRF: <total>                      31 us
[148.220s][info][gc,stats    ]   CWRF: Weak References              31 us, workers (us):  31, ---, ---, 
[148.220s][info][gc,stats    ] Concurrent Weak Roots              1048 us
[148.220s][info][gc,stats    ]   Roots                             901 us, parallelism: 0.92x
[148.220s][info][gc,stats    ]     CWR: <total>                    825 us
[148.220s][info][gc,stats    ]     CWR: Code Cache Roots           736 us, workers (us): 736, ---, ---, 
[148.220s][info][gc,stats    ]     CWR: VM Weak Roots               85 us, workers (us):  85, ---, ---, 
[148.220s][info][gc,stats    ]     CWR: CLDG Roots                   4 us, workers (us):   4, ---, ---, 
[148.220s][info][gc,stats    ]   Rendezvous                         91 us
[148.220s][info][gc,stats    ] Concurrent Cleanup                   71 us
[148.220s][info][gc,stats    ] Concurrent Class Unloading         4342 us
[148.220s][info][gc,stats    ]   Unlink Stale                     3769 us
[148.220s][info][gc,stats    ]     System Dictionary                 6 us
[148.220s][info][gc,stats    ]     Weak Class Links                  0 us
[148.220s][info][gc,stats    ]     Code Roots                     3761 us
[148.221s][info][gc,stats    ]   Rendezvous                        193 us
[148.221s][info][gc,stats    ]   Purge Unlinked                    295 us
[148.221s][info][gc,stats    ]     Code Roots                      285 us
[148.221s][info][gc,stats    ]     CLDG                              9 us
[148.221s][info][gc,stats    ]     Exception Caches                  0 us
[148.221s][info][gc,stats    ] Pause Final Roots (G)               194 us
[148.221s][info][gc,stats    ] Pause Final Roots (N)                75 us
[148.221s][info][gc,stats    ] 
[148.221s][info][gc,stats    ] Allocation pacing accrued:
[148.221s][info][gc,stats    ]       0 of    18 ms (  0.0%): <total>
[148.221s][info][gc,stats    ]       0 of    18 ms (  0.0%): <average total>
[148.221s][info][gc,stats    ] 
[148.221s][info][gc,metaspace] Metaspace: 15972K(16256K)->15973K(16256K) NonClass: 13802K(13952K)->13802K(13952K) Class: 2170K(2304K)->2170K(2304K)
[148.221s][info][gc,ergo     ] Pacer for Idle. Initial: 41943K, Alloc Tax Rate: 1.0x
[148.787s][info][gc          ] Trigger: Learning 2 of 5. Free (1414M) is below initial threshold (1433M)
[148.787s][info][gc,ergo     ] Free: 1414M, Max: 1024K regular, 1006M humongous, Frag: 29% external, 0% internal; Reserve: 103M, Max: 1024K
[148.787s][info][gc,start    ] GC(200) Concurrent reset
[148.787s][info][gc,task     ] GC(200) Using 1 of 3 workers for concurrent reset
[148.787s][info][gc,ergo     ] GC(200) Pacer for Reset. Non-Taxable: 2048M
[148.787s][info][gc          ] GC(200) Concurrent reset 0.373ms
[148.787s][info][gc,start    ] GC(200) Pause Init Mark (unload classes)
[148.787s][info][gc,task     ] GC(200) Using 3 of 3 workers for init marking
[148.787s][info][gc,ergo     ] GC(200) Pacer for Mark. Expected Live: 81294K, Free: 1413M, Non-Taxable: 141M, Alloc Tax Rate: 0.1x
[148.787s][info][gc          ] GC(200) Pause Init Mark (unload classes) 0.203ms
[148.788s][info][gc,start    ] GC(200) Concurrent marking roots
[148.788s][info][gc,task     ] GC(200) Using 1 of 3 workers for concurrent marking roots
[148.788s][info][gc          ] GC(200) Concurrent marking roots 0.475ms
[148.788s][info][gc,start    ] GC(200) Concurrent marking (unload classes)
[148.788s][info][gc,task     ] GC(200) Using 1 of 3 workers for concurrent marking
[149.169s][info][gc          ] GC(200) Concurrent marking (unload classes) 380.563ms
[149.169s][info][gc,start    ] GC(200) Pause Final Mark (unload classes)
[149.169s][info][gc,task     ] GC(200) Using 3 of 3 workers for final marking
[149.169s][info][gc,ergo     ] GC(200) Adaptive CSet Selection. Target Free: 290M, Actual Free: 1192M, Max CSet: 87381K, Min Garbage: 0B
[149.169s][info][gc,ergo     ] GC(200) Collectable Garbage: 196M (61%), Immediate: 29334K (8%), CSet: 167M (52%)
[149.169s][info][gc,ergo     ] GC(200) Pacer for Evacuation. Used CSet: 253M, Free: 1101M, Non-Taxable: 110M, Alloc Tax Rate: 1.1x
[149.169s][info][gc          ] GC(200) Pause Final Mark (unload classes) 0.227ms
[149.169s][info][gc,start    ] GC(200) Concurrent thread roots
[149.169s][info][gc,task     ] GC(200) Using 1 of 3 workers for Concurrent thread roots
[149.170s][info][gc          ] GC(200) Concurrent thread roots 0.603ms
[149.170s][info][gc,start    ] GC(200) Concurrent weak references
[149.170s][info][gc,task     ] GC(200) Using 1 of 3 workers for concurrent weak references
[149.170s][info][gc,ref      ] GC(200) Encountered references: Soft: 133, Weak: 684, Final: 0, Phantom: 63
[149.170s][info][gc,ref      ] GC(200) Discovered  references: Soft: 0, Weak: 153, Final: 0, Phantom: 26
[149.170s][info][gc,ref      ] GC(200) Enqueued    references: Soft: 0, Weak: 0, Final: 0, Phantom: 0
[149.170s][info][gc          ] GC(200) Concurrent weak references 0.063ms
[149.170s][info][gc,start    ] GC(200) Concurrent weak roots
[149.170s][info][gc,task     ] GC(200) Using 1 of 3 workers for concurrent weak root
[149.184s][info][gc          ] GC(200) Concurrent weak roots 14.589ms
[149.184s][info][gc,start    ] GC(200) Concurrent cleanup
[149.184s][info][gc          ] GC(200) Concurrent cleanup 857M->828M(2048M) 0.046ms
[149.184s][info][gc,ergo     ] GC(200) Free: 1094M, Max: 1024K regular, 1055M humongous, Frag: 4% external, 0% internal; Reserve: 94208K, Max: 1024K
[149.184s][info][gc,start    ] GC(200) Concurrent class unloading
[149.184s][info][gc,task     ] GC(200) Using 1 of 3 workers for concurrent class unloading
[149.200s][info][gc          ] GC(200) Concurrent class unloading 15.695ms
[149.200s][info][gc,start    ] GC(200) Concurrent strong roots
[149.200s][info][gc,task     ] GC(200) Using 1 of 3 workers for concurrent strong root
[149.200s][info][gc          ] GC(200) Concurrent strong roots 0.073ms
[149.200s][info][gc,start    ] GC(200) Concurrent evacuation
[149.200s][info][gc,task     ] GC(200) Using 1 of 3 workers for concurrent evacuation
[149.276s][info][gc          ] GC(200) Concurrent evacuation 75.271ms
[149.276s][info][gc,start    ] GC(200) Pause Init Update Refs
[149.276s][info][gc,ergo     ] GC(200) Pacer for Update Refs. Used: 962M, Free: 1034M, Non-Taxable: 103M, Alloc Tax Rate: 1.1x
[149.276s][info][gc          ] GC(200) Pause Init Update Refs 0.049ms
[149.277s][info][gc,start    ] GC(200) Concurrent update references
[149.277s][info][gc,task     ] GC(200) Using 1 of 3 workers for concurrent reference update
[149.349s][info][gc          ] Cancelling GC: Stopping VM
[149.349s][info][gc          ] GC(200) Concurrent update references 72.709ms
[149.350s][info][gc,ergo     ] Free: 1001M, Max: 1024K regular, 1001M humongous, Frag: 0% external, 0% internal; Reserve: 16384K, Max: 1024K
[149.350s][info][gc,stats    ] 
[149.350s][info][gc,stats    ] All times are wall-clock times, except per-root-class counters, that are sum over
[149.350s][info][gc,stats    ] all workers. Dividing the <total> over the root stage time estimates parallelism.
[149.350s][info][gc,stats    ] 
[149.350s][info][gc,stats    ] Concurrent Reset                    426 us
[149.350s][info][gc,stats    ] Pause Init Mark (G)                 409 us
[149.350s][info][gc,stats    ] Pause Init Mark (N)                 213 us
[149.350s][info][gc,stats    ]   Update Region States               85 us
[149.350s][info][gc,stats    ] Concurrent Mark Roots               513 us, parallelism: 0.66x
[149.350s][info][gc,stats    ]   CMR: <total>                      340 us
[149.350s][info][gc,stats    ]   CMR: Thread Roots                 299 us, workers (us): 299, ---, ---, 
[149.350s][info][gc,stats    ]   CMR: VM Strong Roots                4 us, workers (us):   4, ---, ---, 
[149.350s][info][gc,stats    ]   CMR: CLDG Roots                    37 us, workers (us):  37, ---, ---, 
[149.350s][info][gc,stats    ] Concurrent Marking               380630 us
[149.350s][info][gc,stats    ] Pause Final Mark (G)                325 us
[149.350s][info][gc,stats    ] Pause Final Mark (N)                236 us
[149.350s][info][gc,stats    ]   Finish Mark                        42 us
[149.350s][info][gc,stats    ]   Update Region States               29 us
[149.350s][info][gc,stats    ]   Choose Collection Set              86 us
[149.350s][info][gc,stats    ]   Rebuild Free Set                    8 us
[149.350s][info][gc,stats    ] Concurrent Thread Roots             668 us, parallelism: 0.85x
[149.350s][info][gc,stats    ]   CTR: <total>                      565 us
[149.350s][info][gc,stats    ]   CTR: Thread Roots                 565 us, workers (us): 565, ---, ---, 
[149.350s][info][gc,stats    ] Concurrent Weak References           70 us, parallelism: 0.16x
[149.350s][info][gc,stats    ]   CWRF: <total>                      11 us
[149.350s][info][gc,stats    ]   CWRF: Weak References              11 us, workers (us):  11, ---, ---, 
[149.350s][info][gc,stats    ] Concurrent Weak Roots             14663 us
[149.350s][info][gc,stats    ]   Roots                             957 us, parallelism: 0.97x
[149.350s][info][gc,stats    ]     CWR: <total>                    924 us
[149.350s][info][gc,stats    ]     CWR: Code Cache Roots           835 us, workers (us): 835, ---, ---, 
[149.350s][info][gc,stats    ]     CWR: VM Weak Roots               83 us, workers (us):  83, ---, ---, 
[149.350s][info][gc,stats    ]     CWR: CLDG Roots                   6 us, workers (us):   6, ---, ---, 
[149.350s][info][gc,stats    ]   Rendezvous                      13613 us
[149.350s][info][gc,stats    ] Concurrent Cleanup                   55 us
[149.350s][info][gc,stats    ] Concurrent Class Unloading        15746 us
[149.350s][info][gc,stats    ]   Unlink Stale                     4782 us
[149.350s][info][gc,stats    ]     System Dictionary                11 us
[149.350s][info][gc,stats    ]     Weak Class Links                  0 us
[149.350s][info][gc,stats    ]     Code Roots                     4769 us
[149.350s][info][gc,stats    ]   Rendezvous                      10633 us
[149.350s][info][gc,stats    ]   Purge Unlinked                    259 us
[149.350s][info][gc,stats    ]     Code Roots                      253 us
[149.350s][info][gc,stats    ]     CLDG                              6 us
[149.350s][info][gc,stats    ]     Exception Caches                  0 us
[149.350s][info][gc,stats    ] Concurrent Strong Roots              81 us, parallelism: 0.44x
[149.350s][info][gc,stats    ]   CSR: <total>                       36 us
[149.350s][info][gc,stats    ]   CSR: VM Strong Roots                5 us, workers (us):   5, ---, ---, 
[149.350s][info][gc,stats    ]   CSR: CLDG Roots                    31 us, workers (us):  31, ---, ---, 
[149.350s][info][gc,stats    ] Concurrent Evacuation             75347 us
[149.350s][info][gc,stats    ] Pause Init Update Refs (G)         1123 us
[149.350s][info][gc,stats    ] Pause Init Update Refs (N)           57 us
[149.350s][info][gc,stats    ]   Manage GCLABs                       7 us
[149.350s][info][gc,stats    ] 
[149.350s][info][gc,stats    ] Allocation pacing accrued:
[149.350s][info][gc,stats    ]       0 of  1129 ms (  0.0%): <total>
[149.350s][info][gc,stats    ]       0 of  1129 ms (  0.0%): <average total>
[149.350s][info][gc,stats    ] 
[149.350s][info][gc,metaspace] Metaspace: 16048K(16320K)->16109K(16384K) NonClass: 13877K(14016K)->13929K(14080K) Class: 2170K(2304K)->2179K(2304K)
[149.350s][info][gc,ergo     ] Pacer for Idle. Initial: 41943K, Alloc Tax Rate: 1.0x
[149.365s][info][gc,heap,exit] Heap
[149.365s][info][gc,heap,exit] Shenandoah Heap
[149.365s][info][gc,heap,exit]  2048M max, 2048M soft max, 2048M committed, 996M used
[149.365s][info][gc,heap,exit]  2048 x 1024K regions
[149.365s][info][gc,heap,exit] Status: has forwarded objects, updating refs, cancelled
[149.365s][info][gc,heap,exit] Reserved region:
[149.365s][info][gc,heap,exit]  - [0x0000000080000000, 0x0000000100000000) 
[149.365s][info][gc,heap,exit] Collection set:
[149.365s][info][gc,heap,exit]  - map (vanilla): 0x0000000000010800
[149.365s][info][gc,heap,exit]  - map (biased):  0x0000000000010000
[149.365s][info][gc,heap,exit] 
[149.365s][info][gc,heap,exit]  Metaspace       used 16109K, committed 16384K, reserved 1114112K
[149.365s][info][gc,heap,exit]   class space    used 2179K, committed 2304K, reserved 1048576K
[149.365s][info][gc,stats    ] 
[149.365s][info][gc,stats    ] GC STATISTICS:
[149.365s][info][gc,stats    ]   "(G)" (gross) pauses include VM time: time to notify and block threads, do the pre-
[149.365s][info][gc,stats    ]         and post-safepoint housekeeping. Use -Xlog:safepoint+stats to dissect.
[149.365s][info][gc,stats    ]   "(N)" (net) pauses are the times spent in the actual GC code.
[149.365s][info][gc,stats    ]   "a" is average time for each phase, look at levels to see if average makes sense.
[149.365s][info][gc,stats    ]   "lvls" are quantiles: 0% (minimum), 25%, 50% (median), 75%, 100% (maximum).
[149.365s][info][gc,stats    ] 
[149.365s][info][gc,stats    ]   All times are wall-clock times, except per-root-class counters, that are sum over
[149.365s][info][gc,stats    ]   all workers. Dividing the <total> over the root stage time estimates parallelism.
[149.365s][info][gc,stats    ] 
[149.365s][info][gc,stats    ]   Pacing delays are measured from entering the pacing code till exiting it. Therefore,
[149.365s][info][gc,stats    ]   observed pacing delays may be higher than the threshold when paced thread spent more
[149.365s][info][gc,stats    ]   time in the pacing code. It usually happens when thread is de-scheduled while paced,
[149.365s][info][gc,stats    ]   OS takes longer to unblock the thread, or JVM experiences an STW pause.
[149.365s][info][gc,stats    ] 
[149.365s][info][gc,stats    ]   Higher delay would prevent application outpacing the GC, but it will hide the GC latencies
[149.366s][info][gc,stats    ]   from the STW pause times. Pacing affects the individual threads, and so it would also be
[149.366s][info][gc,stats    ]   invisible to the usual profiling tools, but would add up to end-to-end application latency.
[149.366s][info][gc,stats    ]   Raise max pacing delay with care.
[149.366s][info][gc,stats    ] 
[149.366s][info][gc,stats    ] Concurrent Reset               =    0.305 s (a =     1518 us) (n =   201) (lvls, us =      225,      408,      535,     2598,     3612)
[149.366s][info][gc,stats    ] Pause Init Mark (G)            =    0.116 s (a =      576 us) (n =   201) (lvls, us =      150,      311,      369,      430,    29026)
[149.366s][info][gc,stats    ] Pause Init Mark (N)            =    0.046 s (a =      228 us) (n =   201) (lvls, us =       90,      184,      229,      262,      488)
[149.366s][info][gc,stats    ]   Update Region States         =    0.018 s (a =       90 us) (n =   201) (lvls, us =       19,       69,       84,      102,      306)
[149.366s][info][gc,stats    ] Concurrent Mark Roots          =    0.124 s (a =      617 us) (n =   201) (lvls, us =      395,      479,      543,      783,     1029)
[149.366s][info][gc,stats    ]   CMR: <total>                 =    0.096 s (a =      480 us) (n =   201) (lvls, us =      318,      352,      379,      641,      820)
[149.366s][info][gc,stats    ]   CMR: Thread Roots            =    0.085 s (a =      423 us) (n =   201) (lvls, us =      277,      309,      332,      572,      739)
[149.366s][info][gc,stats    ]   CMR: VM Strong Roots         =    0.001 s (a =        6 us) (n =   201) (lvls, us =        3,        4,        5,        7,       30)
[149.366s][info][gc,stats    ]   CMR: CLDG Roots              =    0.010 s (a =       51 us) (n =   201) (lvls, us =       33,       37,       41,       65,      102)
[149.366s][info][gc,stats    ] Concurrent Marking             =   35.007 s (a =   174163 us) (n =   201) (lvls, us =     3945,     4355,     5449,   333984,   408324)
[149.366s][info][gc,stats    ] Pause Final Mark (G)           =    1.473 s (a =     7328 us) (n =   201) (lvls, us =      301,      531,      641,    15430,    42500)
[149.366s][info][gc,stats    ] Pause Final Mark (N)           =    0.073 s (a =      363 us) (n =   201) (lvls, us =      219,      248,      328,      453,      820)
[149.366s][info][gc,stats    ]   Finish Mark                  =    0.020 s (a =      100 us) (n =   201) (lvls, us =       28,       44,       89,      150,      466)
[149.366s][info][gc,stats    ]   Update Region States         =    0.013 s (a =       66 us) (n =   201) (lvls, us =       27,       31,       50,      102,      127)
[149.366s][info][gc,stats    ]   Choose Collection Set        =    0.019 s (a =       94 us) (n =   201) (lvls, us =       44,       84,       94,      102,      198)
[149.366s][info][gc,stats    ]   Rebuild Free Set             =    0.003 s (a =       16 us) (n =   201) (lvls, us =        8,        9,        9,       24,       31)
[149.366s][info][gc,stats    ] Concurrent Thread Roots        =    0.062 s (a =      604 us) (n =   102) (lvls, us =      451,      518,      541,      615,     3018)
[149.366s][info][gc,stats    ]   CTR: <total>                 =    0.046 s (a =      455 us) (n =   102) (lvls, us =      346,      393,      422,      496,     1181)
[149.366s][info][gc,stats    ]   CTR: Thread Roots            =    0.046 s (a =      455 us) (n =   102) (lvls, us =      346,      393,      422,      496,     1181)
[149.366s][info][gc,stats    ] Concurrent Weak References     =    0.026 s (a =      131 us) (n =   201) (lvls, us =       62,       78,       99,      172,      368)
[149.366s][info][gc,stats    ]   CWRF: <total>                =    0.003 s (a =       16 us) (n =   201) (lvls, us =       11,       13,       14,       15,       72)
[149.366s][info][gc,stats    ]   CWRF: Weak References        =    0.003 s (a =       16 us) (n =   201) (lvls, us =       11,       13,       14,       15,       72)
[149.366s][info][gc,stats    ] Concurrent Weak Roots          =    1.323 s (a =     6583 us) (n =   201) (lvls, us =      736,      996,     1348,    14648,    46310)
[149.366s][info][gc,stats    ]   Roots                        =    0.196 s (a =      975 us) (n =   201) (lvls, us =      635,      857,      961,     1074,     1601)
[149.366s][info][gc,stats    ]     CWR: <total>               =    0.185 s (a =      921 us) (n =   201) (lvls, us =      598,      803,      920,     1035,     1553)
[149.366s][info][gc,stats    ]     CWR: Code Cache Roots      =    0.165 s (a =      819 us) (n =   201) (lvls, us =      211,      717,      811,      924,     1455)
[149.366s][info][gc,stats    ]     CWR: VM Weak Roots         =    0.019 s (a =       95 us) (n =   201) (lvls, us =       70,       77,       85,       91,      411)
[149.366s][info][gc,stats    ]     CWR: CLDG Roots            =    0.001 s (a =        6 us) (n =   201) (lvls, us =        3,        5,        7,        8,       11)
[149.366s][info][gc,stats    ]   Rendezvous                   =    1.114 s (a =     5540 us) (n =   201) (lvls, us =       27,       67,      162,    13672,    45051)
[149.366s][info][gc,stats    ] Concurrent Cleanup             =    0.012 s (a =       59 us) (n =   201) (lvls, us =       33,       49,       59,       67,      128)
[149.366s][info][gc,stats    ] Concurrent Class Unloading     =    1.795 s (a =     8929 us) (n =   201) (lvls, us =     2617,     4297,     4785,    15625,    46859)
[149.366s][info][gc,stats    ]   Unlink Stale                 =    0.795 s (a =     3956 us) (n =   201) (lvls, us =     2305,     3652,     3965,     4277,     5475)
[149.366s][info][gc,stats    ]     System Dictionary          =    0.002 s (a =       10 us) (n =   201) (lvls, us =        4,        5,        9,       11,      111)
[149.366s][info][gc,stats    ]     Weak Class Links           =    0.006 s (a =       29 us) (n =   201) (lvls, us =        0,        0,        0,        0,     1686)
[149.366s][info][gc,stats    ]     Code Roots                 =    0.787 s (a =     3916 us) (n =   201) (lvls, us =     1230,     3633,     3945,     4258,     5199)
[149.366s][info][gc,stats    ]   Rendezvous                   =    0.929 s (a =     4623 us) (n =   201) (lvls, us =       45,      156,      229,    10938,    42554)
[149.366s][info][gc,stats    ]   Purge Unlinked               =    0.055 s (a =      272 us) (n =   201) (lvls, us =      145,      242,      277,      309,      435)
[149.366s][info][gc,stats    ]     Code Roots                 =    0.053 s (a =      263 us) (n =   201) (lvls, us =      129,      236,      268,      299,      428)
[149.366s][info][gc,stats    ]     CLDG                       =    0.002 s (a =        8 us) (n =   201) (lvls, us =        3,        5,        6,        9,       61)
[149.366s][info][gc,stats    ]     Exception Caches           =    0.000 s (a =        0 us) (n =   201) (lvls, us =        0,        0,        0,        0,        1)
[149.366s][info][gc,stats    ] Concurrent Strong Roots        =    0.010 s (a =      102 us) (n =   102) (lvls, us =       78,       85,       91,       97,      552)
[149.366s][info][gc,stats    ]   CSR: <total>                 =    0.005 s (a =       47 us) (n =   102) (lvls, us =       34,       38,       40,       42,      407)
[149.367s][info][gc,stats    ]   CSR: VM Strong Roots         =    0.000 s (a =        5 us) (n =   102) (lvls, us =        3,        4,        4,        5,       18)
[149.367s][info][gc,stats    ]   CSR: CLDG Roots              =    0.004 s (a =       43 us) (n =   102) (lvls, us =       28,       33,       35,       38,      389)
[149.367s][info][gc,stats    ] Concurrent Evacuation          =    7.893 s (a =    77383 us) (n =   102) (lvls, us =     2695,    76172,    77930,    79102,   108570)
[149.367s][info][gc,stats    ] Pause Final Roots (G)          =    0.017 s (a =      175 us) (n =    99) (lvls, us =       85,      150,      170,      199,      274)
[149.367s][info][gc,stats    ] Pause Final Roots (N)          =    0.007 s (a =       75 us) (n =    99) (lvls, us =       50,       68,       76,       86,       96)
[149.367s][info][gc,stats    ] Pause Init Update Refs (G)     =    0.601 s (a =     5893 us) (n =   102) (lvls, us =       97,      209,     1582,     8965,    43322)
[149.367s][info][gc,stats    ] Pause Init Update Refs (N)     =    0.012 s (a =      119 us) (n =   102) (lvls, us =       34,       49,       70,       80,     2411)
[149.367s][info][gc,stats    ]   Manage GCLABs                =    0.001 s (a =        5 us) (n =   102) (lvls, us =        2,        3,        4,        5,       51)
[149.367s][info][gc,stats    ] Concurrent Update Refs         =   42.776 s (a =   423521 us) (n =   101) (lvls, us =     2734,   412109,   427734,   441406,   511370)
[149.367s][info][gc,stats    ] Concurrent Update Thread Roots =    0.084 s (a =      833 us) (n =   101) (lvls, us =      363,      523,      797,      895,    10414)
[149.367s][info][gc,stats    ] Pause Final Update Refs (G)    =    0.038 s (a =      374 us) (n =   101) (lvls, us =      172,      295,      359,      396,     3152)
[149.367s][info][gc,stats    ] Pause Final Update Refs (N)    =    0.028 s (a =      275 us) (n =   101) (lvls, us =      123,      225,      264,      322,      442)
[149.367s][info][gc,stats    ]   Update Region States         =    0.012 s (a =      123 us) (n =   101) (lvls, us =       31,       79,      107,      127,      343)
[149.367s][info][gc,stats    ]   Trash Collection Set         =    0.001 s (a =       11 us) (n =   101) (lvls, us =        4,        9,       12,       15,       17)
[149.367s][info][gc,stats    ]   Rebuild Free Set             =    0.003 s (a =       25 us) (n =   101) (lvls, us =       10,       20,       25,       31,       36)
[149.367s][info][gc,stats    ] Concurrent Cleanup             =    0.007 s (a =       66 us) (n =   101) (lvls, us =       40,       50,       56,       60,      136)
[149.367s][info][gc,stats    ] 
[149.367s][info][gc,stats    ] 
[149.367s][info][gc,stats    ] Under allocation pressure, concurrent cycles may cancel, and either continue cycle
[149.367s][info][gc,stats    ] under stop-the-world pause or result in stop-the-world Full GC. Increase heap size,
[149.367s][info][gc,stats    ] tune GC heuristics, set more aggressive pacing delay, or lower allocation rate
[149.367s][info][gc,stats    ] to avoid Degenerated and Full GC cycles.
[149.367s][info][gc,stats    ] 
[149.367s][info][gc,stats    ]   200 successful concurrent GCs
[149.367s][info][gc,stats    ]     100 invoked explicitly
[149.367s][info][gc,stats    ]       0 invoked implicitly
[149.367s][info][gc,stats    ] 
[149.367s][info][gc,stats    ]     0 Degenerated GCs
[149.367s][info][gc,stats    ]       0 caused by allocation failure
[149.367s][info][gc,stats    ]       0 upgraded to Full GC
[149.367s][info][gc,stats    ] 
[149.367s][info][gc,stats    ]     0 Full GCs
[149.367s][info][gc,stats    ]       0 invoked explicitly
[149.367s][info][gc,stats    ]       0 invoked implicitly
[149.367s][info][gc,stats    ]       0 caused by allocation failure
[149.367s][info][gc,stats    ]       0 upgraded from Degenerated GC
[149.367s][info][gc,stats    ] 
[149.367s][info][gc,stats    ] 
