[0.008s][info][gc] Using Serial
[0.016s][info][gc,init] Version: 17.0.12+7-adhoc..jdk17u (release)
[0.016s][info][gc,init] CPUs: 6 total, 6 available
[0.016s][info][gc,init] Memory: 15591M
[0.016s][info][gc,init] Large Page Support: Disabled
[0.017s][info][gc,init] NUMA Support: Disabled
[0.017s][info][gc,init] Compressed Oops: Enabled (Zero based)
[0.017s][info][gc,init] Heap Min Capacity: 4G
[0.017s][info][gc,init] Heap Initial Capacity: 4G
[0.017s][info][gc,init] Heap Max Capacity: 4G
[0.017s][info][gc,init] Pre-touch: Disabled
[0.024s][info][gc,metaspace] CDS archive(s) mapped at: [0x0000015b0f000000-0x0000015b0fbc0000-0x0000015b0fbc0000), size 12320768, SharedBaseAddress: 0x0000015b0f000000, ArchiveRelocationMode: 1.
[0.026s][info][gc,metaspace] Compressed class space mapped at: 0x0000015b10000000-0x0000015b50000000, reserved size: 1073741824
[0.026s][info][gc,metaspace] Narrow klass base: 0x0000015b0f000000, Narrow klass shift: 0, Narrow klass range: 0x100000000
[0.946s][info][gc,start    ] GC(0) Pause Full (System.gc())
[0.946s][info][gc,phases,start] GC(0) Phase 1: Mark live objects
[0.993s][info][gc,phases      ] GC(0) Phase 1: Mark live objects 47.779ms
[0.993s][info][gc,phases,start] GC(0) Phase 2: Compute new object addresses
[1.028s][info][gc,phases      ] GC(0) Phase 2: Compute new object addresses 34.817ms
[1.028s][info][gc,phases,start] GC(0) Phase 3: Adjust pointers
[1.054s][info][gc,phases      ] GC(0) Phase 3: Adjust pointers 25.845ms
[1.055s][info][gc,phases,start] GC(0) Phase 4: Move objects
[1.088s][info][gc,phases      ] GC(0) Phase 4: Move objects 32.971ms
[1.088s][info][gc,heap        ] GC(0) DefNew: 268447K(1258304K)->0K(1258304K) Eden: 268447K(1118528K)->0K(1118528K) From: 0K(139776K)->0K(139776K)
[1.088s][info][gc,heap        ] GC(0) Tenured: 0K(2796224K)->83873K(2796224K)
[1.088s][info][gc,metaspace   ] GC(0) Metaspace: 8570K(8832K)->8570K(8832K) NonClass: 7429K(7552K)->7429K(7552K) Class: 1140K(1280K)->1140K(1280K)
[1.088s][info][gc             ] GC(0) Pause Full (System.gc()) 262M->81M(3959M) 142.902ms
[1.088s][info][gc,cpu         ] GC(0) User=0.11s Sys=0.03s Real=0.14s
[1.598s][info][gc,start       ] GC(1) Pause Young (Allocation Failure)
[1.602s][info][gc,heap        ] GC(1) DefNew: 1118528K(1258304K)->3391K(1258304K) Eden: 1118528K(1118528K)->0K(1118528K) From: 0K(139776K)->3391K(139776K)
[1.602s][info][gc,heap        ] GC(1) Tenured: 83873K(2796224K)->83873K(2796224K)
[1.602s][info][gc,metaspace   ] GC(1) Metaspace: 11590K(11840K)->11590K(11840K) NonClass: 10053K(10176K)->10053K(10176K) Class: 1536K(1664K)->1536K(1664K)
[1.602s][info][gc             ] GC(1) Pause Young (Allocation Failure) 1174M->85M(3959M) 3.983ms
[1.602s][info][gc,cpu         ] GC(1) User=0.00s Sys=0.00s Real=0.00s
[1.884s][info][gc,start       ] GC(2) Pause Young (Allocation Failure)
[1.887s][info][gc,heap        ] GC(2) DefNew: 1121919K(1258304K)->3244K(1258304K) Eden: 1118528K(1118528K)->0K(1118528K) From: 3391K(139776K)->3244K(139776K)
[1.887s][info][gc,heap        ] GC(2) Tenured: 83873K(2796224K)->83873K(2796224K)
[1.887s][info][gc,metaspace   ] GC(2) Metaspace: 11592K(11840K)->11592K(11840K) NonClass: 10055K(10176K)->10055K(10176K) Class: 1536K(1664K)->1536K(1664K)
[1.887s][info][gc             ] GC(2) Pause Young (Allocation Failure) 1177M->85M(3959M) 2.861ms
[1.887s][info][gc,cpu         ] GC(2) User=0.00s Sys=0.00s Real=0.00s
[2.160s][info][gc,start       ] GC(3) Pause Young (Allocation Failure)
[2.163s][info][gc,heap        ] GC(3) DefNew: 1121772K(1258304K)->3403K(1258304K) Eden: 1118528K(1118528K)->0K(1118528K) From: 3244K(139776K)->3403K(139776K)
[2.163s][info][gc,heap        ] GC(3) Tenured: 83873K(2796224K)->83873K(2796224K)
[2.163s][info][gc,metaspace   ] GC(3) Metaspace: 11603K(11840K)->11603K(11840K) NonClass: 10066K(10176K)->10066K(10176K) Class: 1536K(1664K)->1536K(1664K)
[2.163s][info][gc             ] GC(3) Pause Young (Allocation Failure) 1177M->85M(3959M) 2.717ms
[2.163s][info][gc,cpu         ] GC(3) User=0.00s Sys=0.00s Real=0.00s
[2.436s][info][gc,start       ] GC(4) Pause Young (Allocation Failure)
[2.439s][info][gc,heap        ] GC(4) DefNew: 1121931K(1258304K)->3735K(1258304K) Eden: 1118528K(1118528K)->0K(1118528K) From: 3403K(139776K)->3735K(139776K)
[2.439s][info][gc,heap        ] GC(4) Tenured: 83873K(2796224K)->83873K(2796224K)
[2.439s][info][gc,metaspace   ] GC(4) Metaspace: 11604K(11840K)->11604K(11840K) NonClass: 10068K(10176K)->10068K(10176K) Class: 1536K(1664K)->1536K(1664K)
[2.439s][info][gc             ] GC(4) Pause Young (Allocation Failure) 1177M->85M(3959M) 3.238ms
[2.439s][info][gc,cpu         ] GC(4) User=0.00s Sys=0.00s Real=0.00s
[2.713s][info][gc,start       ] GC(5) Pause Young (Allocation Failure)
[2.714s][info][gc,heap        ] GC(5) DefNew: 1122263K(1258304K)->1405K(1258304K) Eden: 1118528K(1118528K)->0K(1118528K) From: 3735K(139776K)->1405K(139776K)
[2.714s][info][gc,heap        ] GC(5) Tenured: 83873K(2796224K)->83873K(2796224K)
[2.714s][info][gc,metaspace   ] GC(5) Metaspace: 11604K(11840K)->11604K(11840K) NonClass: 10068K(10176K)->10068K(10176K) Class: 1536K(1664K)->1536K(1664K)
[2.714s][info][gc             ] GC(5) Pause Young (Allocation Failure) 1177M->83M(3959M) 1.396ms
[2.714s][info][gc,cpu         ] GC(5) User=0.00s Sys=0.00s Real=0.00s
[2.990s][info][gc,start       ] GC(6) Pause Young (Allocation Failure)
[2.992s][info][gc,heap        ] GC(6) DefNew: 1119933K(1258304K)->2192K(1258304K) Eden: 1118528K(1118528K)->0K(1118528K) From: 1405K(139776K)->2192K(139776K)
[2.992s][info][gc,heap        ] GC(6) Tenured: 83873K(2796224K)->83873K(2796224K)
[2.992s][info][gc,metaspace   ] GC(6) Metaspace: 11604K(11840K)->11604K(11840K) NonClass: 10068K(10176K)->10068K(10176K) Class: 1536K(1664K)->1536K(1664K)
[2.992s][info][gc             ] GC(6) Pause Young (Allocation Failure) 1175M->84M(3959M) 1.916ms
[2.992s][info][gc,cpu         ] GC(6) User=0.00s Sys=0.00s Real=0.00s
[3.268s][info][gc,start       ] GC(7) Pause Young (Allocation Failure)
[3.270s][info][gc,heap        ] GC(7) DefNew: 1120720K(1258304K)->2680K(1258304K) Eden: 1118528K(1118528K)->0K(1118528K) From: 2192K(139776K)->2680K(139776K)
[3.271s][info][gc,heap        ] GC(7) Tenured: 83873K(2796224K)->83873K(2796224K)
[3.271s][info][gc,metaspace   ] GC(7) Metaspace: 11605K(11840K)->11605K(11840K) NonClass: 10068K(10176K)->10068K(10176K) Class: 1536K(1664K)->1536K(1664K)
[3.271s][info][gc             ] GC(7) Pause Young (Allocation Failure) 1176M->84M(3959M) 2.292ms
[3.271s][info][gc,cpu         ] GC(7) User=0.00s Sys=0.00s Real=0.00s
[3.541s][info][gc,start       ] GC(8) Pause Young (Allocation Failure)
[3.544s][info][gc,heap        ] GC(8) DefNew: 1121208K(1258304K)->3497K(1258304K) Eden: 1118528K(1118528K)->0K(1118528K) From: 2680K(139776K)->3497K(139776K)
[3.544s][info][gc,heap        ] GC(8) Tenured: 83873K(2796224K)->83873K(2796224K)
[3.544s][info][gc,metaspace   ] GC(8) Metaspace: 11606K(11840K)->11606K(11840K) NonClass: 10069K(10176K)->10069K(10176K) Class: 1536K(1664K)->1536K(1664K)
[3.544s][info][gc             ] GC(8) Pause Young (Allocation Failure) 1176M->85M(3959M) 2.842ms
[3.544s][info][gc,cpu         ] GC(8) User=0.00s Sys=0.00s Real=0.00s
[3.816s][info][gc,start       ] GC(9) Pause Young (Allocation Failure)
[3.820s][info][gc,heap        ] GC(9) DefNew: 1121865K(1258304K)->4471K(1258304K) Eden: 1118368K(1118528K)->0K(1118528K) From: 3497K(139776K)->4471K(139776K)
[3.820s][info][gc,heap        ] GC(9) Tenured: 83873K(2796224K)->83873K(2796224K)
[3.820s][info][gc,metaspace   ] GC(9) Metaspace: 11606K(11840K)->11606K(11840K) NonClass: 10069K(10176K)->10069K(10176K) Class: 1536K(1664K)->1536K(1664K)
[3.820s][info][gc             ] GC(9) Pause Young (Allocation Failure) 1177M->86M(3959M) 3.743ms
[3.820s][info][gc,cpu         ] GC(9) User=0.00s Sys=0.00s Real=0.01s
[3.855s][info][gc,start       ] GC(10) Pause Full (System.gc())
[3.855s][info][gc,phases,start] GC(10) Phase 1: Mark live objects
[3.899s][info][gc,phases      ] GC(10) Phase 1: Mark live objects 44.381ms
[3.899s][info][gc,phases,start] GC(10) Phase 2: Compute new object addresses
[3.927s][info][gc,phases      ] GC(10) Phase 2: Compute new object addresses 27.548ms
[3.927s][info][gc,phases,start] GC(10) Phase 3: Adjust pointers
[3.949s][info][gc,phases      ] GC(10) Phase 3: Adjust pointers 22.184ms
[3.949s][info][gc,phases,start] GC(10) Phase 4: Move objects
[3.949s][info][gc,phases      ] GC(10) Phase 4: Move objects 0.319ms
[3.950s][info][gc,heap        ] GC(10) DefNew: 128501K(1258304K)->0K(1258304K) Eden: 124030K(1118528K)->0K(1118528K) From: 4471K(139776K)->0K(139776K)
[3.950s][info][gc,heap        ] GC(10) Tenured: 83873K(2796224K)->85022K(2796224K)
[3.950s][info][gc,metaspace   ] GC(10) Metaspace: 11633K(11904K)->11633K(11904K) NonClass: 10093K(10240K)->10093K(10240K) Class: 1540K(1664K)->1540K(1664K)
[3.950s][info][gc             ] GC(10) Pause Full (System.gc()) 207M->83M(3959M) 95.038ms
[3.950s][info][gc,cpu         ] GC(10) User=0.08s Sys=0.02s Real=0.10s
[4.226s][info][gc,start       ] GC(11) Pause Young (Allocation Failure)
[4.227s][info][gc,heap        ] GC(11) DefNew: 1118528K(1258304K)->494K(1258304K) Eden: 1118528K(1118528K)->0K(1118528K) From: 0K(139776K)->494K(139776K)
[4.227s][info][gc,heap        ] GC(11) Tenured: 85022K(2796224K)->85022K(2796224K)
[4.227s][info][gc,metaspace   ] GC(11) Metaspace: 11633K(11904K)->11633K(11904K) NonClass: 10093K(10240K)->10093K(10240K) Class: 1540K(1664K)->1540K(1664K)
[4.227s][info][gc             ] GC(11) Pause Young (Allocation Failure) 1175M->83M(3959M) 0.765ms
[4.227s][info][gc,cpu         ] GC(11) User=0.00s Sys=0.00s Real=0.00s
[4.496s][info][gc,start       ] GC(12) Pause Young (Allocation Failure)
[4.497s][info][gc,heap        ] GC(12) DefNew: 1119022K(1258304K)->1089K(1258304K) Eden: 1118528K(1118528K)->0K(1118528K) From: 494K(139776K)->1089K(139776K)
[4.498s][info][gc,heap        ] GC(12) Tenured: 85022K(2796224K)->85022K(2796224K)
[4.498s][info][gc,metaspace   ] GC(12) Metaspace: 11633K(11904K)->11633K(11904K) NonClass: 10093K(10240K)->10093K(10240K) Class: 1540K(1664K)->1540K(1664K)
[4.498s][info][gc             ] GC(12) Pause Young (Allocation Failure) 1175M->84M(3959M) 1.106ms
[4.498s][info][gc,cpu         ] GC(12) User=0.00s Sys=0.00s Real=0.00s
[4.767s][info][gc,start       ] GC(13) Pause Young (Allocation Failure)
[4.769s][info][gc,heap        ] GC(13) DefNew: 1119617K(1258304K)->1714K(1258304K) Eden: 1118528K(1118528K)->0K(1118528K) From: 1089K(139776K)->1714K(139776K)
[4.769s][info][gc,heap        ] GC(13) Tenured: 85022K(2796224K)->85022K(2796224K)
[4.769s][info][gc,metaspace   ] GC(13) Metaspace: 11634K(11904K)->11634K(11904K) NonClass: 10094K(10240K)->10094K(10240K) Class: 1540K(1664K)->1540K(1664K)
[4.769s][info][gc             ] GC(13) Pause Young (Allocation Failure) 1176M->84M(3959M) 2.004ms
[4.769s][info][gc,cpu         ] GC(13) User=0.00s Sys=0.00s Real=0.00s
[5.043s][info][gc,start       ] GC(14) Pause Young (Allocation Failure)
[5.046s][info][gc,heap        ] GC(14) DefNew: 1120242K(1258304K)->2935K(1258304K) Eden: 1118528K(1118528K)->0K(1118528K) From: 1714K(139776K)->2935K(139776K)
[5.046s][info][gc,heap        ] GC(14) Tenured: 85022K(2796224K)->85022K(2796224K)
[5.046s][info][gc,metaspace   ] GC(14) Metaspace: 11634K(11904K)->11634K(11904K) NonClass: 10094K(10240K)->10094K(10240K) Class: 1540K(1664K)->1540K(1664K)
[5.046s][info][gc             ] GC(14) Pause Young (Allocation Failure) 1177M->85M(3959M) 2.421ms
[5.046s][info][gc,cpu         ] GC(14) User=0.02s Sys=0.00s Real=0.00s
[5.322s][info][gc,start       ] GC(15) Pause Young (Allocation Failure)
[5.323s][info][gc,heap        ] GC(15) DefNew: 1121463K(1258304K)->373K(1258304K) Eden: 1118528K(1118528K)->0K(1118528K) From: 2935K(139776K)->373K(139776K)
[5.323s][info][gc,heap        ] GC(15) Tenured: 85022K(2796224K)->85022K(2796224K)
[5.323s][info][gc,metaspace   ] GC(15) Metaspace: 11634K(11904K)->11634K(11904K) NonClass: 10094K(10240K)->10094K(10240K) Class: 1540K(1664K)->1540K(1664K)
[5.323s][info][gc             ] GC(15) Pause Young (Allocation Failure) 1178M->83M(3959M) 0.623ms
[5.323s][info][gc,cpu         ] GC(15) User=0.00s Sys=0.00s Real=0.00s
[5.592s][info][gc,start       ] GC(16) Pause Young (Allocation Failure)
[5.593s][info][gc,heap        ] GC(16) DefNew: 1118901K(1258304K)->1137K(1258304K) Eden: 1118528K(1118528K)->0K(1118528K) From: 373K(139776K)->1137K(139776K)
[5.593s][info][gc,heap        ] GC(16) Tenured: 85022K(2796224K)->85022K(2796224K)
[5.593s][info][gc,metaspace   ] GC(16) Metaspace: 11634K(11904K)->11634K(11904K) NonClass: 10094K(10240K)->10094K(10240K) Class: 1540K(1664K)->1540K(1664K)
[5.593s][info][gc             ] GC(16) Pause Young (Allocation Failure) 1175M->84M(3959M) 1.162ms
[5.593s][info][gc,cpu         ] GC(16) User=0.00s Sys=0.00s Real=0.00s
[5.869s][info][gc,start       ] GC(17) Pause Young (Allocation Failure)
[5.870s][info][gc,heap        ] GC(17) DefNew: 1119665K(1258304K)->1698K(1258304K) Eden: 1118528K(1118528K)->0K(1118528K) From: 1137K(139776K)->1698K(139776K)
[5.870s][info][gc,heap        ] GC(17) Tenured: 85022K(2796224K)->85022K(2796224K)
[5.870s][info][gc,metaspace   ] GC(17) Metaspace: 11634K(11904K)->11634K(11904K) NonClass: 10094K(10240K)->10094K(10240K) Class: 1540K(1664K)->1540K(1664K)
[5.870s][info][gc             ] GC(17) Pause Young (Allocation Failure) 1176M->84M(3959M) 1.557ms
[5.870s][info][gc,cpu         ] GC(17) User=0.00s Sys=0.00s Real=0.00s
[6.141s][info][gc,start       ] GC(18) Pause Young (Allocation Failure)
[6.142s][info][gc,heap        ] GC(18) DefNew: 1120226K(1258304K)->2110K(1258304K) Eden: 1118528K(1118528K)->0K(1118528K) From: 1698K(139776K)->2110K(139776K)
[6.142s][info][gc,heap        ] GC(18) Tenured: 85022K(2796224K)->85022K(2796224K)
[6.142s][info][gc,metaspace   ] GC(18) Metaspace: 11634K(11904K)->11634K(11904K) NonClass: 10094K(10240K)->10094K(10240K) Class: 1540K(1664K)->1540K(1664K)
[6.143s][info][gc             ] GC(18) Pause Young (Allocation Failure) 1177M->85M(3959M) 1.868ms
[6.143s][info][gc,cpu         ] GC(18) User=0.00s Sys=0.00s Real=0.00s
[6.417s][info][gc,start       ] GC(19) Pause Young (Allocation Failure)
[6.417s][info][gc,heap        ] GC(19) DefNew: 1120638K(1258304K)->7K(1258304K) Eden: 1118528K(1118528K)->0K(1118528K) From: 2110K(139776K)->7K(139776K)
[6.417s][info][gc,heap        ] GC(19) Tenured: 85022K(2796224K)->85022K(2796224K)
[6.417s][info][gc,metaspace   ] GC(19) Metaspace: 11634K(11904K)->11634K(11904K) NonClass: 10094K(10240K)->10094K(10240K) Class: 1540K(1664K)->1540K(1664K)
[6.417s][info][gc             ] GC(19) Pause Young (Allocation Failure) 1177M->83M(3959M) 0.379ms
[6.417s][info][gc,cpu         ] GC(19) User=0.00s Sys=0.00s Real=0.00s
[6.418s][info][gc,start       ] GC(20) Pause Full (System.gc())
[6.418s][info][gc,phases,start] GC(20) Phase 1: Mark live objects
[6.463s][info][gc,phases      ] GC(20) Phase 1: Mark live objects 44.656ms
[6.463s][info][gc,phases,start] GC(20) Phase 2: Compute new object addresses
[6.484s][info][gc,phases      ] GC(20) Phase 2: Compute new object addresses 21.413ms
[6.484s][info][gc,phases,start] GC(20) Phase 3: Adjust pointers
[6.506s][info][gc,phases      ] GC(20) Phase 3: Adjust pointers 21.954ms
[6.506s][info][gc,phases,start] GC(20) Phase 4: Move objects
[6.506s][info][gc,phases      ] GC(20) Phase 4: Move objects 0.010ms
[6.506s][info][gc,heap        ] GC(20) DefNew: 561K(1258304K)->0K(1258304K) Eden: 553K(1118528K)->0K(1118528K) From: 7K(139776K)->0K(139776K)
[6.506s][info][gc,heap        ] GC(20) Tenured: 85022K(2796224K)->85026K(2796224K)
[6.506s][info][gc,metaspace   ] GC(20) Metaspace: 11635K(11904K)->11635K(11904K) NonClass: 10095K(10240K)->10095K(10240K) Class: 1540K(1664K)->1540K(1664K)
[6.506s][info][gc             ] GC(20) Pause Full (System.gc()) 83M->83M(3959M) 88.304ms
[6.506s][info][gc,cpu         ] GC(20) User=0.09s Sys=0.00s Real=0.08s
[6.783s][info][gc,start       ] GC(21) Pause Young (Allocation Failure)
[6.784s][info][gc,heap        ] GC(21) DefNew: 1118528K(1258304K)->833K(1258304K) Eden: 1118528K(1118528K)->0K(1118528K) From: 0K(139776K)->833K(139776K)
[6.784s][info][gc,heap        ] GC(21) Tenured: 85026K(2796224K)->85026K(2796224K)
[6.784s][info][gc,metaspace   ] GC(21) Metaspace: 11635K(11904K)->11635K(11904K) NonClass: 10095K(10240K)->10095K(10240K) Class: 1540K(1664K)->1540K(1664K)
[6.784s][info][gc             ] GC(21) Pause Young (Allocation Failure) 1175M->83M(3959M) 1.122ms
[6.784s][info][gc,cpu         ] GC(21) User=0.00s Sys=0.00s Real=0.00s
[7.060s][info][gc,start       ] GC(22) Pause Young (Allocation Failure)
[7.061s][info][gc,heap        ] GC(22) DefNew: 1119361K(1258304K)->1650K(1258304K) Eden: 1118528K(1118528K)->0K(1118528K) From: 833K(139776K)->1650K(139776K)
[7.061s][info][gc,heap        ] GC(22) Tenured: 85026K(2796224K)->85026K(2796224K)
[7.061s][info][gc,metaspace   ] GC(22) Metaspace: 11635K(11904K)->11635K(11904K) NonClass: 10095K(10240K)->10095K(10240K) Class: 1540K(1664K)->1540K(1664K)
[7.061s][info][gc             ] GC(22) Pause Young (Allocation Failure) 1176M->84M(3959M) 1.526ms
[7.061s][info][gc,cpu         ] GC(22) User=0.00s Sys=0.00s Real=0.00s
[7.332s][info][gc,start       ] GC(23) Pause Young (Allocation Failure)
[7.334s][info][gc,heap        ] GC(23) DefNew: 1120178K(1258304K)->2381K(1258304K) Eden: 1118528K(1118528K)->0K(1118528K) From: 1650K(139776K)->2381K(139776K)
[7.334s][info][gc,heap        ] GC(23) Tenured: 85026K(2796224K)->85026K(2796224K)
[7.334s][info][gc,metaspace   ] GC(23) Metaspace: 11635K(11904K)->11635K(11904K) NonClass: 10095K(10240K)->10095K(10240K) Class: 1540K(1664K)->1540K(1664K)
[7.334s][info][gc             ] GC(23) Pause Young (Allocation Failure) 1176M->85M(3959M) 2.027ms
[7.334s][info][gc,cpu         ] GC(23) User=0.00s Sys=0.00s Real=0.00s
[7.608s][info][gc,start       ] GC(24) Pause Young (Allocation Failure)
[7.608s][info][gc,heap        ] GC(24) DefNew: 1120909K(1258304K)->385K(1258304K) Eden: 1118528K(1118528K)->0K(1118528K) From: 2381K(139776K)->385K(139776K)
[7.608s][info][gc,heap        ] GC(24) Tenured: 85026K(2796224K)->85026K(2796224K)
[7.608s][info][gc,metaspace   ] GC(24) Metaspace: 11635K(11904K)->11635K(11904K) NonClass: 10095K(10240K)->10095K(10240K) Class: 1540K(1664K)->1540K(1664K)
[7.608s][info][gc             ] GC(24) Pause Young (Allocation Failure) 1177M->83M(3959M) 0.632ms
[7.608s][info][gc,cpu         ] GC(24) User=0.00s Sys=0.00s Real=0.00s
[7.883s][info][gc,start       ] GC(25) Pause Young (Allocation Failure)
[7.884s][info][gc,heap        ] GC(25) DefNew: 1118913K(1258304K)->1386K(1258304K) Eden: 1118528K(1118528K)->0K(1118528K) From: 385K(139776K)->1386K(139776K)
[7.884s][info][gc,heap        ] GC(25) Tenured: 85026K(2796224K)->85026K(2796224K)
[7.884s][info][gc,metaspace   ] GC(25) Metaspace: 11635K(11904K)->11635K(11904K) NonClass: 10095K(10240K)->10095K(10240K) Class: 1540K(1664K)->1540K(1664K)
[7.884s][info][gc             ] GC(25) Pause Young (Allocation Failure) 1175M->84M(3959M) 1.301ms
[7.884s][info][gc,cpu         ] GC(25) User=0.00s Sys=0.00s Real=0.00s
[8.155s][info][gc,start       ] GC(26) Pause Young (Allocation Failure)
[8.157s][info][gc,heap        ] GC(26) DefNew: 1119914K(1258304K)->2081K(1258304K) Eden: 1118528K(1118528K)->0K(1118528K) From: 1386K(139776K)->2081K(139776K)
[8.157s][info][gc,heap        ] GC(26) Tenured: 85026K(2796224K)->85026K(2796224K)
[8.157s][info][gc,metaspace   ] GC(26) Metaspace: 11635K(11904K)->11635K(11904K) NonClass: 10095K(10240K)->10095K(10240K) Class: 1540K(1664K)->1540K(1664K)
[8.157s][info][gc             ] GC(26) Pause Young (Allocation Failure) 1176M->85M(3959M) 1.851ms
[8.157s][info][gc,cpu         ] GC(26) User=0.00s Sys=0.00s Real=0.00s
[8.427s][info][gc,start       ] GC(27) Pause Young (Allocation Failure)
[8.429s][info][gc,heap        ] GC(27) DefNew: 1120609K(1258304K)->2934K(1258304K) Eden: 1118528K(1118528K)->0K(1118528K) From: 2081K(139776K)->2934K(139776K)
[8.429s][info][gc,heap        ] GC(27) Tenured: 85026K(2796224K)->85026K(2796224K)
[8.429s][info][gc,metaspace   ] GC(27) Metaspace: 11635K(11904K)->11635K(11904K) NonClass: 10095K(10240K)->10095K(10240K) Class: 1540K(1664K)->1540K(1664K)
[8.429s][info][gc             ] GC(27) Pause Young (Allocation Failure) 1177M->85M(3959M) 2.470ms
[8.429s][info][gc,cpu         ] GC(27) User=0.00s Sys=0.00s Real=0.00s
[8.703s][info][gc,start       ] GC(28) Pause Young (Allocation Failure)
[8.703s][info][gc,heap        ] GC(28) DefNew: 1121462K(1258304K)->683K(1258304K) Eden: 1118528K(1118528K)->0K(1118528K) From: 2934K(139776K)->683K(139776K)
[8.703s][info][gc,heap        ] GC(28) Tenured: 85026K(2796224K)->85026K(2796224K)
[8.703s][info][gc,metaspace   ] GC(28) Metaspace: 11635K(11904K)->11635K(11904K) NonClass: 10095K(10240K)->10095K(10240K) Class: 1540K(1664K)->1540K(1664K)
[8.703s][info][gc             ] GC(28) Pause Young (Allocation Failure) 1178M->83M(3959M) 0.830ms
[8.703s][info][gc,cpu         ] GC(28) User=0.00s Sys=0.00s Real=0.00s
[8.976s][info][gc,start       ] GC(29) Pause Full (System.gc())
[8.976s][info][gc,phases,start] GC(29) Phase 1: Mark live objects
[9.020s][info][gc,phases      ] GC(29) Phase 1: Mark live objects 44.395ms
[9.020s][info][gc,phases,start] GC(29) Phase 2: Compute new object addresses
[9.104s][info][gc,phases      ] GC(29) Phase 2: Compute new object addresses 83.117ms
[9.104s][info][gc,phases,start] GC(29) Phase 3: Adjust pointers
[9.125s][info][gc,phases      ] GC(29) Phase 3: Adjust pointers 21.784ms
[9.125s][info][gc,phases,start] GC(29) Phase 4: Move objects
[9.144s][info][gc,phases      ] GC(29) Phase 4: Move objects 18.483ms
[9.144s][info][gc,heap        ] GC(29) DefNew: 1099602K(1258304K)->0K(1258304K) Eden: 1098918K(1118528K)->0K(1118528K) From: 683K(139776K)->0K(139776K)
[9.144s][info][gc,heap        ] GC(29) Tenured: 85026K(2796224K)->84997K(2796224K)
[9.144s][info][gc,metaspace   ] GC(29) Metaspace: 11635K(11904K)->11635K(11904K) NonClass: 10095K(10240K)->10095K(10240K) Class: 1540K(1664K)->1540K(1664K)
[9.144s][info][gc             ] GC(29) Pause Full (System.gc()) 1156M->83M(3959M) 168.164ms
[9.144s][info][gc,cpu         ] GC(29) User=0.17s Sys=0.00s Real=0.17s
[9.424s][info][gc,start       ] GC(30) Pause Young (Allocation Failure)
[9.425s][info][gc,heap        ] GC(30) DefNew: 1118528K(1258304K)->952K(1258304K) Eden: 1118528K(1118528K)->0K(1118528K) From: 0K(139776K)->952K(139776K)
[9.425s][info][gc,heap        ] GC(30) Tenured: 84997K(2796224K)->84997K(2796224K)
[9.425s][info][gc,metaspace   ] GC(30) Metaspace: 11635K(11904K)->11635K(11904K) NonClass: 10095K(10240K)->10095K(10240K) Class: 1540K(1664K)->1540K(1664K)
[9.425s][info][gc             ] GC(30) Pause Young (Allocation Failure) 1175M->83M(3959M) 1.062ms
[9.425s][info][gc,cpu         ] GC(30) User=0.00s Sys=0.00s Real=0.00s
[9.695s][info][gc,start       ] GC(31) Pause Young (Allocation Failure)
[9.696s][info][gc,heap        ] GC(31) DefNew: 1119480K(1258304K)->1821K(1258304K) Eden: 1118528K(1118528K)->0K(1118528K) From: 952K(139776K)->1821K(139776K)
[9.696s][info][gc,heap        ] GC(31) Tenured: 84997K(2796224K)->84997K(2796224K)
[9.696s][info][gc,metaspace   ] GC(31) Metaspace: 11635K(11904K)->11635K(11904K) NonClass: 10095K(10240K)->10095K(10240K) Class: 1540K(1664K)->1540K(1664K)
[9.696s][info][gc             ] GC(31) Pause Young (Allocation Failure) 1176M->84M(3959M) 1.635ms
[9.696s][info][gc,cpu         ] GC(31) User=0.00s Sys=0.00s Real=0.00s
[9.971s][info][gc,start       ] GC(32) Pause Young (Allocation Failure)
[9.973s][info][gc,heap        ] GC(32) DefNew: 1120337K(1258304K)->2862K(1258304K) Eden: 1118515K(1118528K)->0K(1118528K) From: 1821K(139776K)->2862K(139776K)
[9.973s][info][gc,heap        ] GC(32) Tenured: 84997K(2796224K)->84997K(2796224K)
[9.973s][info][gc,metaspace   ] GC(32) Metaspace: 11635K(11904K)->11635K(11904K) NonClass: 10095K(10240K)->10095K(10240K) Class: 1540K(1664K)->1540K(1664K)
[9.973s][info][gc             ] GC(32) Pause Young (Allocation Failure) 1177M->85M(3959M) 2.410ms
[9.973s][info][gc,cpu         ] GC(32) User=0.00s Sys=0.00s Real=0.00s
[10.252s][info][gc,start       ] GC(33) Pause Young (Allocation Failure)
[10.253s][info][gc,heap        ] GC(33) DefNew: 1121390K(1258304K)->370K(1258304K) Eden: 1118528K(1118528K)->0K(1118528K) From: 2862K(139776K)->370K(139776K)
[10.253s][info][gc,heap        ] GC(33) Tenured: 84997K(2796224K)->84997K(2796224K)
[10.253s][info][gc,metaspace   ] GC(33) Metaspace: 11635K(11904K)->11635K(11904K) NonClass: 10095K(10240K)->10095K(10240K) Class: 1540K(1664K)->1540K(1664K)
[10.253s][info][gc             ] GC(33) Pause Young (Allocation Failure) 1178M->83M(3959M) 0.641ms
[10.253s][info][gc,cpu         ] GC(33) User=0.00s Sys=0.00s Real=0.00s
[10.524s][info][gc,start       ] GC(34) Pause Young (Allocation Failure)
[10.525s][info][gc,heap        ] GC(34) DefNew: 1118898K(1258304K)->1334K(1258304K) Eden: 1118528K(1118528K)->0K(1118528K) From: 370K(139776K)->1334K(139776K)
[10.525s][info][gc,heap        ] GC(34) Tenured: 84997K(2796224K)->84997K(2796224K)
[10.525s][info][gc,metaspace   ] GC(34) Metaspace: 11635K(11904K)->11635K(11904K) NonClass: 10095K(10240K)->10095K(10240K) Class: 1540K(1664K)->1540K(1664K)
[10.525s][info][gc             ] GC(34) Pause Young (Allocation Failure) 1175M->84M(3959M) 1.274ms
[10.525s][info][gc,cpu         ] GC(34) User=0.00s Sys=0.00s Real=0.00s
[10.794s][info][gc,start       ] GC(35) Pause Young (Allocation Failure)
[10.796s][info][gc,heap        ] GC(35) DefNew: 1119862K(1258304K)->1864K(1258304K) Eden: 1118528K(1118528K)->0K(1118528K) From: 1334K(139776K)->1864K(139776K)
[10.796s][info][gc,heap        ] GC(35) Tenured: 84997K(2796224K)->84997K(2796224K)
[10.796s][info][gc,metaspace   ] GC(35) Metaspace: 11635K(11904K)->11635K(11904K) NonClass: 10095K(10240K)->10095K(10240K) Class: 1540K(1664K)->1540K(1664K)
[10.796s][info][gc             ] GC(35) Pause Young (Allocation Failure) 1176M->84M(3959M) 1.636ms
[10.796s][info][gc,cpu         ] GC(35) User=0.00s Sys=0.00s Real=0.00s
[11.071s][info][gc,start       ] GC(36) Pause Young (Allocation Failure)
[11.073s][info][gc,heap        ] GC(36) DefNew: 1120392K(1258304K)->2545K(1258304K) Eden: 1118528K(1118528K)->0K(1118528K) From: 1864K(139776K)->2545K(139776K)
[11.073s][info][gc,heap        ] GC(36) Tenured: 84997K(2796224K)->84997K(2796224K)
[11.073s][info][gc,metaspace   ] GC(36) Metaspace: 11635K(11904K)->11635K(11904K) NonClass: 10095K(10240K)->10095K(10240K) Class: 1540K(1664K)->1540K(1664K)
[11.073s][info][gc             ] GC(36) Pause Young (Allocation Failure) 1177M->85M(3959M) 2.125ms
[11.073s][info][gc,cpu         ] GC(36) User=0.00s Sys=0.00s Real=0.00s
[11.349s][info][gc,start       ] GC(37) Pause Young (Allocation Failure)
[11.349s][info][gc,heap        ] GC(37) DefNew: 1121073K(1258304K)->459K(1258304K) Eden: 1118528K(1118528K)->0K(1118528K) From: 2545K(139776K)->459K(139776K)
[11.349s][info][gc,heap        ] GC(37) Tenured: 84997K(2796224K)->84997K(2796224K)
[11.349s][info][gc,metaspace   ] GC(37) Metaspace: 11635K(11904K)->11635K(11904K) NonClass: 10095K(10240K)->10095K(10240K) Class: 1540K(1664K)->1540K(1664K)
[11.349s][info][gc             ] GC(37) Pause Young (Allocation Failure) 1177M->83M(3959M) 0.686ms
[11.349s][info][gc,cpu         ] GC(37) User=0.00s Sys=0.00s Real=0.00s
[11.617s][info][gc,start       ] GC(38) Pause Full (System.gc())
[11.617s][info][gc,phases,start] GC(38) Phase 1: Mark live objects
[11.662s][info][gc,phases      ] GC(38) Phase 1: Mark live objects 44.995ms
[11.662s][info][gc,phases,start] GC(38) Phase 2: Compute new object addresses
[11.745s][info][gc,phases      ] GC(38) Phase 2: Compute new object addresses 83.791ms
[11.746s][info][gc,phases,start] GC(38) Phase 3: Adjust pointers
[11.768s][info][gc,phases      ] GC(38) Phase 3: Adjust pointers 22.169ms
[11.768s][info][gc,phases,start] GC(38) Phase 4: Move objects
[11.768s][info][gc,phases      ] GC(38) Phase 4: Move objects 0.010ms
[11.768s][info][gc,heap        ] GC(38) DefNew: 1102574K(1258304K)->0K(1258304K) Eden: 1102114K(1118528K)->0K(1118528K) From: 459K(139776K)->0K(139776K)
[11.768s][info][gc,heap        ] GC(38) Tenured: 84997K(2796224K)->84998K(2796224K)
[11.768s][info][gc,metaspace   ] GC(38) Metaspace: 11635K(11904K)->11635K(11904K) NonClass: 10095K(10240K)->10095K(10240K) Class: 1540K(1664K)->1540K(1664K)
[11.768s][info][gc             ] GC(38) Pause Full (System.gc()) 1159M->83M(3959M) 151.273ms
[11.768s][info][gc,cpu         ] GC(38) User=0.16s Sys=0.00s Real=0.15s
[12.049s][info][gc,start       ] GC(39) Pause Young (Allocation Failure)
[12.050s][info][gc,heap        ] GC(39) DefNew: 1118528K(1258304K)->870K(1258304K) Eden: 1118528K(1118528K)->0K(1118528K) From: 0K(139776K)->870K(139776K)
[12.050s][info][gc,heap        ] GC(39) Tenured: 84998K(2796224K)->84998K(2796224K)
[12.050s][info][gc,metaspace   ] GC(39) Metaspace: 11635K(11904K)->11635K(11904K) NonClass: 10095K(10240K)->10095K(10240K) Class: 1540K(1664K)->1540K(1664K)
[12.050s][info][gc             ] GC(39) Pause Young (Allocation Failure) 1175M->83M(3959M) 0.960ms
[12.050s][info][gc,cpu         ] GC(39) User=0.00s Sys=0.00s Real=0.00s
[12.321s][info][gc,start       ] GC(40) Pause Young (Allocation Failure)
[12.323s][info][gc,heap        ] GC(40) DefNew: 1119398K(1258304K)->1802K(1258304K) Eden: 1118528K(1118528K)->0K(1118528K) From: 870K(139776K)->1802K(139776K)
[12.323s][info][gc,heap        ] GC(40) Tenured: 84998K(2796224K)->84998K(2796224K)
[12.323s][info][gc,metaspace   ] GC(40) Metaspace: 11635K(11904K)->11635K(11904K) NonClass: 10095K(10240K)->10095K(10240K) Class: 1540K(1664K)->1540K(1664K)
[12.323s][info][gc             ] GC(40) Pause Young (Allocation Failure) 1176M->84M(3959M) 1.649ms
[12.323s][info][gc,cpu         ] GC(40) User=0.00s Sys=0.00s Real=0.00s
[12.592s][info][gc,start       ] GC(41) Pause Young (Allocation Failure)
[12.594s][info][gc,heap        ] GC(41) DefNew: 1120041K(1258304K)->2540K(1258304K) Eden: 1118238K(1118528K)->0K(1118528K) From: 1802K(139776K)->2540K(139776K)
[12.594s][info][gc,heap        ] GC(41) Tenured: 84998K(2796224K)->84998K(2796224K)
[12.594s][info][gc,metaspace   ] GC(41) Metaspace: 11635K(11904K)->11635K(11904K) NonClass: 10095K(10240K)->10095K(10240K) Class: 1540K(1664K)->1540K(1664K)
[12.595s][info][gc             ] GC(41) Pause Young (Allocation Failure) 1176M->85M(3959M) 2.157ms
[12.595s][info][gc,cpu         ] GC(41) User=0.00s Sys=0.00s Real=0.00s
[12.873s][info][gc,start       ] GC(42) Pause Young (Allocation Failure)
[12.874s][info][gc,heap        ] GC(42) DefNew: 1121068K(1258304K)->535K(1258304K) Eden: 1118528K(1118528K)->0K(1118528K) From: 2540K(139776K)->535K(139776K)
[12.874s][info][gc,heap        ] GC(42) Tenured: 84998K(2796224K)->84998K(2796224K)
[12.874s][info][gc,metaspace   ] GC(42) Metaspace: 11635K(11904K)->11635K(11904K) NonClass: 10095K(10240K)->10095K(10240K) Class: 1540K(1664K)->1540K(1664K)
[12.874s][info][gc             ] GC(42) Pause Young (Allocation Failure) 1177M->83M(3959M) 0.748ms
[12.874s][info][gc,cpu         ] GC(42) User=0.00s Sys=0.00s Real=0.00s
[13.146s][info][gc,start       ] GC(43) Pause Young (Allocation Failure)
[13.147s][info][gc,heap        ] GC(43) DefNew: 1119063K(1258304K)->1252K(1258304K) Eden: 1118528K(1118528K)->0K(1118528K) From: 535K(139776K)->1252K(139776K)
[13.147s][info][gc,heap        ] GC(43) Tenured: 84998K(2796224K)->84998K(2796224K)
[13.147s][info][gc,metaspace   ] GC(43) Metaspace: 11636K(11904K)->11636K(11904K) NonClass: 10096K(10240K)->10096K(10240K) Class: 1540K(1664K)->1540K(1664K)
[13.147s][info][gc             ] GC(43) Pause Young (Allocation Failure) 1175M->84M(3959M) 1.235ms
[13.147s][info][gc,cpu         ] GC(43) User=0.00s Sys=0.00s Real=0.00s
[13.419s][info][gc,start       ] GC(44) Pause Young (Allocation Failure)
[13.421s][info][gc,heap        ] GC(44) DefNew: 1119780K(1258304K)->2072K(1258304K) Eden: 1118528K(1118528K)->0K(1118528K) From: 1252K(139776K)->2072K(139776K)
[13.421s][info][gc,heap        ] GC(44) Tenured: 84998K(2796224K)->84998K(2796224K)
[13.421s][info][gc,metaspace   ] GC(44) Metaspace: 11636K(11904K)->11636K(11904K) NonClass: 10096K(10240K)->10096K(10240K) Class: 1540K(1664K)->1540K(1664K)
[13.421s][info][gc             ] GC(44) Pause Young (Allocation Failure) 1176M->85M(3959M) 1.735ms
[13.421s][info][gc,cpu         ] GC(44) User=0.02s Sys=0.00s Real=0.00s
[13.695s][info][gc,start       ] GC(45) Pause Young (Allocation Failure)
[13.695s][info][gc,heap        ] GC(45) DefNew: 1120600K(1258304K)->223K(1258304K) Eden: 1118528K(1118528K)->0K(1118528K) From: 2072K(139776K)->223K(139776K)
[13.695s][info][gc,heap        ] GC(45) Tenured: 84998K(2796224K)->84998K(2796224K)
[13.695s][info][gc,metaspace   ] GC(45) Metaspace: 11636K(11904K)->11636K(11904K) NonClass: 10096K(10240K)->10096K(10240K) Class: 1540K(1664K)->1540K(1664K)
[13.695s][info][gc             ] GC(45) Pause Young (Allocation Failure) 1177M->83M(3959M) 0.575ms
[13.695s][info][gc,cpu         ] GC(45) User=0.00s Sys=0.00s Real=0.00s
[13.971s][info][gc,start       ] GC(46) Pause Young (Allocation Failure)
[13.972s][info][gc,heap        ] GC(46) DefNew: 1118751K(1258304K)->1081K(1258304K) Eden: 1118528K(1118528K)->0K(1118528K) From: 223K(139776K)->1081K(139776K)
[13.972s][info][gc,heap        ] GC(46) Tenured: 84998K(2796224K)->84998K(2796224K)
[13.972s][info][gc,metaspace   ] GC(46) Metaspace: 11636K(11904K)->11636K(11904K) NonClass: 10096K(10240K)->10096K(10240K) Class: 1540K(1664K)->1540K(1664K)
[13.972s][info][gc             ] GC(46) Pause Young (Allocation Failure) 1175M->84M(3959M) 1.100ms
[13.972s][info][gc,cpu         ] GC(46) User=0.00s Sys=0.00s Real=0.00s
[14.238s][info][gc,start       ] GC(47) Pause Full (System.gc())
[14.238s][info][gc,phases,start] GC(47) Phase 1: Mark live objects
[14.282s][info][gc,phases      ] GC(47) Phase 1: Mark live objects 44.570ms
[14.282s][info][gc,phases,start] GC(47) Phase 2: Compute new object addresses
[14.366s][info][gc,phases      ] GC(47) Phase 2: Compute new object addresses 83.153ms
[14.366s][info][gc,phases,start] GC(47) Phase 3: Adjust pointers
[14.388s][info][gc,phases      ] GC(47) Phase 3: Adjust pointers 22.021ms
[14.388s][info][gc,phases,start] GC(47) Phase 4: Move objects
[14.388s][info][gc,phases      ] GC(47) Phase 4: Move objects 0.010ms
[14.388s][info][gc,heap        ] GC(47) DefNew: 1088353K(1258304K)->0K(1258304K) Eden: 1087271K(1118528K)->0K(1118528K) From: 1081K(139776K)->0K(139776K)
[14.388s][info][gc,heap        ] GC(47) Tenured: 84998K(2796224K)->84998K(2796224K)
[14.388s][info][gc,metaspace   ] GC(47) Metaspace: 11637K(11904K)->11637K(11904K) NonClass: 10097K(10240K)->10097K(10240K) Class: 1540K(1664K)->1540K(1664K)
[14.388s][info][gc             ] GC(47) Pause Full (System.gc()) 1145M->83M(3959M) 150.051ms
[14.388s][info][gc,cpu         ] GC(47) User=0.14s Sys=0.00s Real=0.15s
[14.665s][info][gc,start       ] GC(48) Pause Young (Allocation Failure)
[14.666s][info][gc,heap        ] GC(48) DefNew: 1118528K(1258304K)->1003K(1258304K) Eden: 1118528K(1118528K)->0K(1118528K) From: 0K(139776K)->1003K(139776K)
[14.666s][info][gc,heap        ] GC(48) Tenured: 84998K(2796224K)->84998K(2796224K)
[14.666s][info][gc,metaspace   ] GC(48) Metaspace: 11637K(11904K)->11637K(11904K) NonClass: 10097K(10240K)->10097K(10240K) Class: 1540K(1664K)->1540K(1664K)
[14.666s][info][gc             ] GC(48) Pause Young (Allocation Failure) 1175M->83M(3959M) 1.079ms
[14.666s][info][gc,cpu         ] GC(48) User=0.00s Sys=0.00s Real=0.00s
[14.941s][info][gc,start       ] GC(49) Pause Young (Allocation Failure)
[14.943s][info][gc,heap        ] GC(49) DefNew: 1119531K(1258304K)->1926K(1258304K) Eden: 1118528K(1118528K)->0K(1118528K) From: 1003K(139776K)->1926K(139776K)
[14.943s][info][gc,heap        ] GC(49) Tenured: 84998K(2796224K)->84998K(2796224K)
[14.943s][info][gc,metaspace   ] GC(49) Metaspace: 11637K(11904K)->11637K(11904K) NonClass: 10097K(10240K)->10097K(10240K) Class: 1540K(1664K)->1540K(1664K)
[14.943s][info][gc             ] GC(49) Pause Young (Allocation Failure) 1176M->84M(3959M) 1.677ms
[14.943s][info][gc,cpu         ] GC(49) User=0.00s Sys=0.00s Real=0.00s
[15.215s][info][gc,start       ] GC(50) Pause Young (Allocation Failure)
[15.218s][info][gc,heap        ] GC(50) DefNew: 1120454K(1258304K)->3128K(1258304K) Eden: 1118528K(1118528K)->0K(1118528K) From: 1926K(139776K)->3128K(139776K)
[15.218s][info][gc,heap        ] GC(50) Tenured: 84998K(2796224K)->84998K(2796224K)
[15.219s][info][gc,metaspace   ] GC(50) Metaspace: 11637K(11904K)->11637K(11904K) NonClass: 10097K(10240K)->10097K(10240K) Class: 1540K(1664K)->1540K(1664K)
[15.219s][info][gc             ] GC(50) Pause Young (Allocation Failure) 1177M->86M(3959M) 3.314ms
[15.219s][info][gc,cpu         ] GC(50) User=0.02s Sys=0.00s Real=0.00s
[15.518s][info][gc,start       ] GC(51) Pause Young (Allocation Failure)
[15.519s][info][gc,heap        ] GC(51) DefNew: 1121656K(1258304K)->839K(1258304K) Eden: 1118528K(1118528K)->0K(1118528K) From: 3128K(139776K)->839K(139776K)
[15.519s][info][gc,heap        ] GC(51) Tenured: 84998K(2796224K)->84998K(2796224K)
[15.519s][info][gc,metaspace   ] GC(51) Metaspace: 11637K(11904K)->11637K(11904K) NonClass: 10097K(10240K)->10097K(10240K) Class: 1540K(1664K)->1540K(1664K)
[15.519s][info][gc             ] GC(51) Pause Young (Allocation Failure) 1178M->83M(3959M) 0.958ms
[15.519s][info][gc,cpu         ] GC(51) User=0.00s Sys=0.00s Real=0.00s
[15.789s][info][gc,start       ] GC(52) Pause Young (Allocation Failure)
[15.791s][info][gc,heap        ] GC(52) DefNew: 1119367K(1258304K)->1803K(1258304K) Eden: 1118528K(1118528K)->0K(1118528K) From: 839K(139776K)->1803K(139776K)
[15.791s][info][gc,heap        ] GC(52) Tenured: 84998K(2796224K)->84998K(2796224K)
[15.791s][info][gc,metaspace   ] GC(52) Metaspace: 11637K(11904K)->11637K(11904K) NonClass: 10097K(10240K)->10097K(10240K) Class: 1540K(1664K)->1540K(1664K)
[15.791s][info][gc             ] GC(52) Pause Young (Allocation Failure) 1176M->84M(3959M) 1.740ms
[15.791s][info][gc,cpu         ] GC(52) User=0.00s Sys=0.00s Real=0.00s
[16.065s][info][gc,start       ] GC(53) Pause Young (Allocation Failure)
[16.067s][info][gc,heap        ] GC(53) DefNew: 1120269K(1258304K)->2447K(1258304K) Eden: 1118466K(1118528K)->0K(1118528K) From: 1803K(139776K)->2447K(139776K)
[16.067s][info][gc,heap        ] GC(53) Tenured: 84998K(2796224K)->84998K(2796224K)
[16.067s][info][gc,metaspace   ] GC(53) Metaspace: 11637K(11904K)->11637K(11904K) NonClass: 10097K(10240K)->10097K(10240K) Class: 1540K(1664K)->1540K(1664K)
[16.067s][info][gc             ] GC(53) Pause Young (Allocation Failure) 1177M->85M(3959M) 2.057ms
[16.067s][info][gc,cpu         ] GC(53) User=0.00s Sys=0.00s Real=0.00s
[16.341s][info][gc,start       ] GC(54) Pause Young (Allocation Failure)
[16.342s][info][gc,heap        ] GC(54) DefNew: 1120975K(1258304K)->446K(1258304K) Eden: 1118528K(1118528K)->0K(1118528K) From: 2447K(139776K)->446K(139776K)
[16.342s][info][gc,heap        ] GC(54) Tenured: 84998K(2796224K)->84998K(2796224K)
[16.342s][info][gc,metaspace   ] GC(54) Metaspace: 11637K(11904K)->11637K(11904K) NonClass: 10097K(10240K)->10097K(10240K) Class: 1540K(1664K)->1540K(1664K)
[16.342s][info][gc             ] GC(54) Pause Young (Allocation Failure) 1177M->83M(3959M) 0.672ms
[16.342s][info][gc,cpu         ] GC(54) User=0.00s Sys=0.00s Real=0.00s
[16.613s][info][gc,start       ] GC(55) Pause Young (Allocation Failure)
[16.614s][info][gc,heap        ] GC(55) DefNew: 1118974K(1258304K)->1345K(1258304K) Eden: 1118528K(1118528K)->0K(1118528K) From: 446K(139776K)->1345K(139776K)
[16.614s][info][gc,heap        ] GC(55) Tenured: 84998K(2796224K)->84998K(2796224K)
[16.614s][info][gc,metaspace   ] GC(55) Metaspace: 11637K(11904K)->11637K(11904K) NonClass: 10097K(10240K)->10097K(10240K) Class: 1540K(1664K)->1540K(1664K)
[16.614s][info][gc             ] GC(55) Pause Young (Allocation Failure) 1175M->84M(3959M) 1.278ms
[16.614s][info][gc,cpu         ] GC(55) User=0.00s Sys=0.00s Real=0.00s
[16.884s][info][gc,start       ] GC(56) Pause Full (System.gc())
[16.884s][info][gc,phases,start] GC(56) Phase 1: Mark live objects
[16.929s][info][gc,phases      ] GC(56) Phase 1: Mark live objects 44.080ms
[16.929s][info][gc,phases,start] GC(56) Phase 2: Compute new object addresses
[17.011s][info][gc,phases      ] GC(56) Phase 2: Compute new object addresses 82.529ms
[17.011s][info][gc,phases,start] GC(56) Phase 3: Adjust pointers
[17.033s][info][gc,phases      ] GC(56) Phase 3: Adjust pointers 22.052ms
[17.033s][info][gc,phases,start] GC(56) Phase 4: Move objects
[17.033s][info][gc,phases      ] GC(56) Phase 4: Move objects 0.015ms
[17.033s][info][gc,heap        ] GC(56) DefNew: 1088920K(1258304K)->0K(1258304K) Eden: 1087574K(1118528K)->0K(1118528K) From: 1345K(139776K)->0K(139776K)
[17.033s][info][gc,heap        ] GC(56) Tenured: 84998K(2796224K)->84999K(2796224K)
[17.033s][info][gc,metaspace   ] GC(56) Metaspace: 11642K(11904K)->11642K(11904K) NonClass: 10102K(10240K)->10102K(10240K) Class: 1540K(1664K)->1540K(1664K)
[17.033s][info][gc             ] GC(56) Pause Full (System.gc()) 1146M->83M(3959M) 148.981ms
[17.033s][info][gc,cpu         ] GC(56) User=0.16s Sys=0.00s Real=0.14s
[17.311s][info][gc,start       ] GC(57) Pause Young (Allocation Failure)
[17.312s][info][gc,heap        ] GC(57) DefNew: 1118528K(1258304K)->1161K(1258304K) Eden: 1118528K(1118528K)->0K(1118528K) From: 0K(139776K)->1161K(139776K)
[17.312s][info][gc,heap        ] GC(57) Tenured: 84999K(2796224K)->84999K(2796224K)
[17.312s][info][gc,metaspace   ] GC(57) Metaspace: 11643K(11904K)->11643K(11904K) NonClass: 10103K(10240K)->10103K(10240K) Class: 1540K(1664K)->1540K(1664K)
[17.312s][info][gc             ] GC(57) Pause Young (Allocation Failure) 1175M->84M(3959M) 1.130ms
[17.312s][info][gc,cpu         ] GC(57) User=0.00s Sys=0.00s Real=0.00s
[17.582s][info][gc,start       ] GC(58) Pause Young (Allocation Failure)
[17.584s][info][gc,heap        ] GC(58) DefNew: 1119689K(1258304K)->2067K(1258304K) Eden: 1118528K(1118528K)->0K(1118528K) From: 1161K(139776K)->2067K(139776K)
[17.584s][info][gc,heap        ] GC(58) Tenured: 84999K(2796224K)->84999K(2796224K)
[17.584s][info][gc,metaspace   ] GC(58) Metaspace: 11643K(11904K)->11643K(11904K) NonClass: 10103K(10240K)->10103K(10240K) Class: 1540K(1664K)->1540K(1664K)
[17.584s][info][gc             ] GC(58) Pause Young (Allocation Failure) 1176M->85M(3959M) 1.824ms
[17.584s][info][gc,cpu         ] GC(58) User=0.00s Sys=0.00s Real=0.00s
[17.857s][info][gc,start       ] GC(59) Pause Young (Allocation Failure)
[17.859s][info][gc,heap        ] GC(59) DefNew: 1120541K(1258304K)->2737K(1258304K) Eden: 1118473K(1118528K)->0K(1118528K) From: 2067K(139776K)->2737K(139776K)
[17.859s][info][gc,heap        ] GC(59) Tenured: 84999K(2796224K)->84999K(2796224K)
[17.859s][info][gc,metaspace   ] GC(59) Metaspace: 11643K(11904K)->11643K(11904K) NonClass: 10103K(10240K)->10103K(10240K) Class: 1540K(1664K)->1540K(1664K)
[17.859s][info][gc             ] GC(59) Pause Young (Allocation Failure) 1177M->85M(3959M) 2.367ms
[17.859s][info][gc,cpu         ] GC(59) User=0.00s Sys=0.00s Real=0.00s
[18.136s][info][gc,start       ] GC(60) Pause Young (Allocation Failure)
[18.137s][info][gc,heap        ] GC(60) DefNew: 1121265K(1258304K)->770K(1258304K) Eden: 1118528K(1118528K)->0K(1118528K) From: 2737K(139776K)->770K(139776K)
[18.137s][info][gc,heap        ] GC(60) Tenured: 84999K(2796224K)->84999K(2796224K)
[18.137s][info][gc,metaspace   ] GC(60) Metaspace: 11643K(11904K)->11643K(11904K) NonClass: 10103K(10240K)->10103K(10240K) Class: 1540K(1664K)->1540K(1664K)
[18.137s][info][gc             ] GC(60) Pause Young (Allocation Failure) 1177M->83M(3959M) 0.885ms
[18.137s][info][gc,cpu         ] GC(60) User=0.00s Sys=0.00s Real=0.00s
[18.407s][info][gc,start       ] GC(61) Pause Young (Allocation Failure)
[18.408s][info][gc,heap        ] GC(61) DefNew: 1119298K(1258304K)->1662K(1258304K) Eden: 1118528K(1118528K)->0K(1118528K) From: 770K(139776K)->1662K(139776K)
[18.408s][info][gc,heap        ] GC(61) Tenured: 84999K(2796224K)->84999K(2796224K)
[18.408s][info][gc,metaspace   ] GC(61) Metaspace: 11643K(11904K)->11643K(11904K) NonClass: 10103K(10240K)->10103K(10240K) Class: 1540K(1664K)->1540K(1664K)
[18.408s][info][gc             ] GC(61) Pause Young (Allocation Failure) 1176M->84M(3959M) 1.535ms
[18.408s][info][gc,cpu         ] GC(61) User=0.00s Sys=0.00s Real=0.00s
[18.677s][info][gc,start       ] GC(62) Pause Young (Allocation Failure)
[18.679s][info][gc,heap        ] GC(62) DefNew: 1120190K(1258304K)->1995K(1258304K) Eden: 1118528K(1118528K)->0K(1118528K) From: 1662K(139776K)->1995K(139776K)
[18.679s][info][gc,heap        ] GC(62) Tenured: 84999K(2796224K)->84999K(2796224K)
[18.679s][info][gc,metaspace   ] GC(62) Metaspace: 11643K(11904K)->11643K(11904K) NonClass: 10103K(10240K)->10103K(10240K) Class: 1540K(1664K)->1540K(1664K)
[18.679s][info][gc             ] GC(62) Pause Young (Allocation Failure) 1176M->84M(3959M) 1.674ms
[18.679s][info][gc,cpu         ] GC(62) User=0.00s Sys=0.00s Real=0.00s
[18.958s][info][gc,start       ] GC(63) Pause Young (Allocation Failure)
[18.959s][info][gc,heap        ] GC(63) DefNew: 1120523K(1258304K)->192K(1258304K) Eden: 1118528K(1118528K)->0K(1118528K) From: 1995K(139776K)->192K(139776K)
[18.959s][info][gc,heap        ] GC(63) Tenured: 84999K(2796224K)->84999K(2796224K)
[18.959s][info][gc,metaspace   ] GC(63) Metaspace: 11643K(11904K)->11643K(11904K) NonClass: 10103K(10240K)->10103K(10240K) Class: 1540K(1664K)->1540K(1664K)
[18.959s][info][gc             ] GC(63) Pause Young (Allocation Failure) 1177M->83M(3959M) 0.496ms
[18.959s][info][gc,cpu         ] GC(63) User=0.00s Sys=0.00s Real=0.00s
[19.228s][info][gc,start       ] GC(64) Pause Young (Allocation Failure)
[19.229s][info][gc,heap        ] GC(64) DefNew: 1118719K(1258304K)->792K(1258304K) Eden: 1118526K(1118528K)->0K(1118528K) From: 192K(139776K)->792K(139776K)
[19.229s][info][gc,heap        ] GC(64) Tenured: 84999K(2796224K)->84999K(2796224K)
[19.229s][info][gc,metaspace   ] GC(64) Metaspace: 11643K(11904K)->11643K(11904K) NonClass: 10103K(10240K)->10103K(10240K) Class: 1540K(1664K)->1540K(1664K)
[19.229s][info][gc             ] GC(64) Pause Young (Allocation Failure) 1175M->83M(3959M) 0.899ms
[19.229s][info][gc,cpu         ] GC(64) User=0.00s Sys=0.00s Real=0.00s
[19.496s][info][gc,start       ] GC(65) Pause Full (System.gc())
[19.496s][info][gc,phases,start] GC(65) Phase 1: Mark live objects
[19.540s][info][gc,phases      ] GC(65) Phase 1: Mark live objects 44.019ms
[19.540s][info][gc,phases,start] GC(65) Phase 2: Compute new object addresses
[19.623s][info][gc,phases      ] GC(65) Phase 2: Compute new object addresses 83.022ms
[19.623s][info][gc,phases,start] GC(65) Phase 3: Adjust pointers
[19.646s][info][gc,phases      ] GC(65) Phase 3: Adjust pointers 22.377ms
[19.646s][info][gc,phases,start] GC(65) Phase 4: Move objects
[19.646s][info][gc,phases      ] GC(65) Phase 4: Move objects 0.010ms
[19.646s][info][gc,heap        ] GC(65) DefNew: 1092453K(1258304K)->0K(1258304K) Eden: 1091660K(1118528K)->0K(1118528K) From: 792K(139776K)->0K(139776K)
[19.646s][info][gc,heap        ] GC(65) Tenured: 84999K(2796224K)->84997K(2796224K)
[19.646s][info][gc,metaspace   ] GC(65) Metaspace: 11644K(11904K)->11644K(11904K) NonClass: 10104K(10240K)->10104K(10240K) Class: 1540K(1664K)->1540K(1664K)
[19.646s][info][gc             ] GC(65) Pause Full (System.gc()) 1149M->83M(3959M) 149.718ms
[19.646s][info][gc,cpu         ] GC(65) User=0.16s Sys=0.00s Real=0.15s
[19.928s][info][gc,start       ] GC(66) Pause Young (Allocation Failure)
[19.929s][info][gc,heap        ] GC(66) DefNew: 1118528K(1258304K)->949K(1258304K) Eden: 1118528K(1118528K)->0K(1118528K) From: 0K(139776K)->949K(139776K)
[19.929s][info][gc,heap        ] GC(66) Tenured: 84997K(2796224K)->84997K(2796224K)
[19.929s][info][gc,metaspace   ] GC(66) Metaspace: 11644K(11904K)->11644K(11904K) NonClass: 10104K(10240K)->10104K(10240K) Class: 1540K(1664K)->1540K(1664K)
[19.929s][info][gc             ] GC(66) Pause Young (Allocation Failure) 1175M->83M(3959M) 1.020ms
[19.929s][info][gc,cpu         ] GC(66) User=0.00s Sys=0.00s Real=0.00s
[20.199s][info][gc,start       ] GC(67) Pause Young (Allocation Failure)
[20.201s][info][gc,heap        ] GC(67) DefNew: 1119477K(1258304K)->1625K(1258304K) Eden: 1118528K(1118528K)->0K(1118528K) From: 949K(139776K)->1625K(139776K)
[20.201s][info][gc,heap        ] GC(67) Tenured: 84997K(2796224K)->84997K(2796224K)
[20.201s][info][gc,metaspace   ] GC(67) Metaspace: 11644K(11904K)->11644K(11904K) NonClass: 10104K(10240K)->10104K(10240K) Class: 1540K(1664K)->1540K(1664K)
[20.201s][info][gc             ] GC(67) Pause Young (Allocation Failure) 1176M->84M(3959M) 1.548ms
[20.201s][info][gc,cpu         ] GC(67) User=0.00s Sys=0.00s Real=0.00s
[20.470s][info][gc,start       ] GC(68) Pause Young (Allocation Failure)
[20.472s][info][gc,heap        ] GC(68) DefNew: 1120153K(1258304K)->2056K(1258304K) Eden: 1118528K(1118528K)->0K(1118528K) From: 1625K(139776K)->2056K(139776K)
[20.472s][info][gc,heap        ] GC(68) Tenured: 84997K(2796224K)->84997K(2796224K)
[20.472s][info][gc,metaspace   ] GC(68) Metaspace: 11644K(11904K)->11644K(11904K) NonClass: 10104K(10240K)->10104K(10240K) Class: 1540K(1664K)->1540K(1664K)
[20.472s][info][gc             ] GC(68) Pause Young (Allocation Failure) 1176M->85M(3959M) 1.800ms
[20.472s][info][gc,cpu         ] GC(68) User=0.00s Sys=0.00s Real=0.00s
[20.745s][info][gc,start       ] GC(69) Pause Young (Allocation Failure)
[20.745s][info][gc,heap        ] GC(69) DefNew: 1120584K(1258304K)->235K(1258304K) Eden: 1118528K(1118528K)->0K(1118528K) From: 2056K(139776K)->235K(139776K)
[20.745s][info][gc,heap        ] GC(69) Tenured: 84997K(2796224K)->84997K(2796224K)
[20.745s][info][gc,metaspace   ] GC(69) Metaspace: 11644K(11904K)->11644K(11904K) NonClass: 10104K(10240K)->10104K(10240K) Class: 1540K(1664K)->1540K(1664K)
[20.745s][info][gc             ] GC(69) Pause Young (Allocation Failure) 1177M->83M(3959M) 0.521ms
[20.745s][info][gc,cpu         ] GC(69) User=0.00s Sys=0.00s Real=0.00s
[21.021s][info][gc,start       ] GC(70) Pause Young (Allocation Failure)
[21.022s][info][gc,heap        ] GC(70) DefNew: 1118763K(1258304K)->1022K(1258304K) Eden: 1118528K(1118528K)->0K(1118528K) From: 235K(139776K)->1022K(139776K)
[21.022s][info][gc,heap        ] GC(70) Tenured: 84997K(2796224K)->84997K(2796224K)
[21.022s][info][gc,metaspace   ] GC(70) Metaspace: 11644K(11904K)->11644K(11904K) NonClass: 10104K(10240K)->10104K(10240K) Class: 1540K(1664K)->1540K(1664K)
[21.022s][info][gc             ] GC(70) Pause Young (Allocation Failure) 1175M->84M(3959M) 1.063ms
[21.022s][info][gc,cpu         ] GC(70) User=0.00s Sys=0.00s Real=0.00s
[21.292s][info][gc,start       ] GC(71) Pause Young (Allocation Failure)
[21.294s][info][gc,heap        ] GC(71) DefNew: 1119550K(1258304K)->2059K(1258304K) Eden: 1118528K(1118528K)->0K(1118528K) From: 1022K(139776K)->2059K(139776K)
[21.294s][info][gc,heap        ] GC(71) Tenured: 84997K(2796224K)->84997K(2796224K)
[21.294s][info][gc,metaspace   ] GC(71) Metaspace: 11644K(11904K)->11644K(11904K) NonClass: 10104K(10240K)->10104K(10240K) Class: 1540K(1664K)->1540K(1664K)
[21.294s][info][gc             ] GC(71) Pause Young (Allocation Failure) 1176M->85M(3959M) 1.762ms
[21.294s][info][gc,cpu         ] GC(71) User=0.00s Sys=0.00s Real=0.00s
[21.564s][info][gc,start       ] GC(72) Pause Young (Allocation Failure)
[21.566s][info][gc,heap        ] GC(72) DefNew: 1120587K(1258304K)->1957K(1258304K) Eden: 1118528K(1118528K)->0K(1118528K) From: 2059K(139776K)->1957K(139776K)
[21.566s][info][gc,heap        ] GC(72) Tenured: 84997K(2796224K)->84997K(2796224K)
[21.566s][info][gc,metaspace   ] GC(72) Metaspace: 11644K(11904K)->11644K(11904K) NonClass: 10104K(10240K)->10104K(10240K) Class: 1540K(1664K)->1540K(1664K)
[21.566s][info][gc             ] GC(72) Pause Young (Allocation Failure) 1177M->84M(3959M) 1.725ms
[21.566s][info][gc,cpu         ] GC(72) User=0.00s Sys=0.00s Real=0.00s
[21.842s][info][gc,start       ] GC(73) Pause Young (Allocation Failure)
[21.843s][info][gc,heap        ] GC(73) DefNew: 1120485K(1258304K)->979K(1258304K) Eden: 1118528K(1118528K)->0K(1118528K) From: 1957K(139776K)->979K(139776K)
[21.843s][info][gc,heap        ] GC(73) Tenured: 84997K(2796224K)->84997K(2796224K)
[21.843s][info][gc,metaspace   ] GC(73) Metaspace: 11644K(11904K)->11644K(11904K) NonClass: 10104K(10240K)->10104K(10240K) Class: 1540K(1664K)->1540K(1664K)
[21.843s][info][gc             ] GC(73) Pause Young (Allocation Failure) 1177M->83M(3959M) 1.006ms
[21.843s][info][gc,cpu         ] GC(73) User=0.00s Sys=0.00s Real=0.00s
[22.113s][info][gc,start       ] GC(74) Pause Full (System.gc())
[22.113s][info][gc,phases,start] GC(74) Phase 1: Mark live objects
[22.157s][info][gc,phases      ] GC(74) Phase 1: Mark live objects 44.071ms
[22.157s][info][gc,phases,start] GC(74) Phase 2: Compute new object addresses
[22.241s][info][gc,phases      ] GC(74) Phase 2: Compute new object addresses 83.479ms
[22.241s][info][gc,phases,start] GC(74) Phase 3: Adjust pointers
[22.263s][info][gc,phases      ] GC(74) Phase 3: Adjust pointers 21.753ms
[22.263s][info][gc,phases,start] GC(74) Phase 4: Move objects
[22.263s][info][gc,phases      ] GC(74) Phase 4: Move objects 0.010ms
[22.263s][info][gc,heap        ] GC(74) DefNew: 1091030K(1258304K)->0K(1258304K) Eden: 1090051K(1118528K)->0K(1118528K) From: 979K(139776K)->0K(139776K)
[22.263s][info][gc,heap        ] GC(74) Tenured: 84997K(2796224K)->84998K(2796224K)
[22.263s][info][gc,metaspace   ] GC(74) Metaspace: 11644K(11904K)->11644K(11904K) NonClass: 10104K(10240K)->10104K(10240K) Class: 1540K(1664K)->1540K(1664K)
[22.263s][info][gc             ] GC(74) Pause Full (System.gc()) 1148M->83M(3959M) 149.609ms
[22.263s][info][gc,cpu         ] GC(74) User=0.12s Sys=0.00s Real=0.14s
[22.538s][info][gc,start       ] GC(75) Pause Young (Allocation Failure)
[22.539s][info][gc,heap        ] GC(75) DefNew: 1118528K(1258304K)->397K(1258304K) Eden: 1118528K(1118528K)->0K(1118528K) From: 0K(139776K)->397K(139776K)
[22.539s][info][gc,heap        ] GC(75) Tenured: 84998K(2796224K)->84998K(2796224K)
[22.539s][info][gc,metaspace   ] GC(75) Metaspace: 11645K(11904K)->11645K(11904K) NonClass: 10105K(10240K)->10105K(10240K) Class: 1540K(1664K)->1540K(1664K)
[22.539s][info][gc             ] GC(75) Pause Young (Allocation Failure) 1175M->83M(3959M) 0.677ms
[22.539s][info][gc,cpu         ] GC(75) User=0.00s Sys=0.00s Real=0.00s
[22.811s][info][gc,start       ] GC(76) Pause Young (Allocation Failure)
[22.812s][info][gc,heap        ] GC(76) DefNew: 1118925K(1258304K)->1505K(1258304K) Eden: 1118528K(1118528K)->0K(1118528K) From: 397K(139776K)->1505K(139776K)
[22.812s][info][gc,heap        ] GC(76) Tenured: 84998K(2796224K)->84998K(2796224K)
[22.812s][info][gc,metaspace   ] GC(76) Metaspace: 11645K(11904K)->11645K(11904K) NonClass: 10105K(10240K)->10105K(10240K) Class: 1540K(1664K)->1540K(1664K)
[22.812s][info][gc             ] GC(76) Pause Young (Allocation Failure) 1175M->84M(3959M) 1.405ms
[22.812s][info][gc,cpu         ] GC(76) User=0.00s Sys=0.00s Real=0.00s
[23.086s][info][gc,start       ] GC(77) Pause Young (Allocation Failure)
[23.087s][info][gc,heap        ] GC(77) DefNew: 1120033K(1258304K)->1916K(1258304K) Eden: 1118528K(1118528K)->0K(1118528K) From: 1505K(139776K)->1916K(139776K)
[23.087s][info][gc,heap        ] GC(77) Tenured: 84998K(2796224K)->84998K(2796224K)
[23.087s][info][gc,metaspace   ] GC(77) Metaspace: 11645K(11904K)->11645K(11904K) NonClass: 10105K(10240K)->10105K(10240K) Class: 1540K(1664K)->1540K(1664K)
[23.087s][info][gc             ] GC(77) Pause Young (Allocation Failure) 1176M->84M(3959M) 1.684ms
[23.087s][info][gc,cpu         ] GC(77) User=0.00s Sys=0.00s Real=0.00s
[23.355s][info][gc,start       ] GC(78) Pause Young (Allocation Failure)
[23.358s][info][gc,heap        ] GC(78) DefNew: 1120444K(1258304K)->2544K(1258304K) Eden: 1118528K(1118528K)->0K(1118528K) From: 1916K(139776K)->2544K(139776K)
[23.358s][info][gc,heap        ] GC(78) Tenured: 84998K(2796224K)->84998K(2796224K)
[23.358s][info][gc,metaspace   ] GC(78) Metaspace: 11645K(11904K)->11645K(11904K) NonClass: 10105K(10240K)->10105K(10240K) Class: 1540K(1664K)->1540K(1664K)
[23.358s][info][gc             ] GC(78) Pause Young (Allocation Failure) 1177M->85M(3959M) 2.279ms
[23.358s][info][gc,cpu         ] GC(78) User=0.02s Sys=0.00s Real=0.00s
[23.632s][info][gc,start       ] GC(79) Pause Young (Allocation Failure)
[23.633s][info][gc,heap        ] GC(79) DefNew: 1121072K(1258304K)->428K(1258304K) Eden: 1118528K(1118528K)->0K(1118528K) From: 2544K(139776K)->428K(139776K)
[23.633s][info][gc,heap        ] GC(79) Tenured: 84998K(2796224K)->84998K(2796224K)
[23.633s][info][gc,metaspace   ] GC(79) Metaspace: 11645K(11904K)->11645K(11904K) NonClass: 10105K(10240K)->10105K(10240K) Class: 1540K(1664K)->1540K(1664K)
[23.633s][info][gc             ] GC(79) Pause Young (Allocation Failure) 1177M->83M(3959M) 0.668ms
[23.633s][info][gc,cpu         ] GC(79) User=0.00s Sys=0.00s Real=0.00s
[23.906s][info][gc,start       ] GC(80) Pause Young (Allocation Failure)
[23.907s][info][gc,heap        ] GC(80) DefNew: 1118956K(1258304K)->951K(1258304K) Eden: 1118528K(1118528K)->0K(1118528K) From: 428K(139776K)->951K(139776K)
[23.907s][info][gc,heap        ] GC(80) Tenured: 84998K(2796224K)->84998K(2796224K)
[23.907s][info][gc,metaspace   ] GC(80) Metaspace: 11645K(11904K)->11645K(11904K) NonClass: 10105K(10240K)->10105K(10240K) Class: 1540K(1664K)->1540K(1664K)
[23.907s][info][gc             ] GC(80) Pause Young (Allocation Failure) 1175M->83M(3959M) 1.033ms
[23.907s][info][gc,cpu         ] GC(80) User=0.00s Sys=0.00s Real=0.00s
[24.178s][info][gc,start       ] GC(81) Pause Young (Allocation Failure)
[24.179s][info][gc,heap        ] GC(81) DefNew: 1119479K(1258304K)->1813K(1258304K) Eden: 1118528K(1118528K)->0K(1118528K) From: 951K(139776K)->1813K(139776K)
[24.180s][info][gc,heap        ] GC(81) Tenured: 84998K(2796224K)->84998K(2796224K)
[24.180s][info][gc,metaspace   ] GC(81) Metaspace: 11645K(11904K)->11645K(11904K) NonClass: 10105K(10240K)->10105K(10240K) Class: 1540K(1664K)->1540K(1664K)
[24.180s][info][gc             ] GC(81) Pause Young (Allocation Failure) 1176M->84M(3959M) 1.668ms
[24.180s][info][gc,cpu         ] GC(81) User=0.00s Sys=0.00s Real=0.00s
[24.448s][info][gc,start       ] GC(82) Pause Young (Allocation Failure)
[24.451s][info][gc,heap        ] GC(82) DefNew: 1120341K(1258304K)->2888K(1258304K) Eden: 1118528K(1118528K)->0K(1118528K) From: 1813K(139776K)->2888K(139776K)
[24.451s][info][gc,heap        ] GC(82) Tenured: 84998K(2796224K)->84998K(2796224K)
[24.451s][info][gc,metaspace   ] GC(82) Metaspace: 11645K(11904K)->11645K(11904K) NonClass: 10105K(10240K)->10105K(10240K) Class: 1540K(1664K)->1540K(1664K)
[24.451s][info][gc             ] GC(82) Pause Young (Allocation Failure) 1177M->85M(3959M) 2.436ms
[24.451s][info][gc,cpu         ] GC(82) User=0.00s Sys=0.00s Real=0.00s
[24.724s][info][gc,start       ] GC(83) Pause Full (System.gc())
[24.724s][info][gc,phases,start] GC(83) Phase 1: Mark live objects
[24.768s][info][gc,phases      ] GC(83) Phase 1: Mark live objects 44.132ms
[24.768s][info][gc,phases,start] GC(83) Phase 2: Compute new object addresses
[24.855s][info][gc,phases      ] GC(83) Phase 2: Compute new object addresses 86.503ms
[24.855s][info][gc,phases,start] GC(83) Phase 3: Adjust pointers
[24.877s][info][gc,phases      ] GC(83) Phase 3: Adjust pointers 21.985ms
[24.877s][info][gc,phases,start] GC(83) Phase 4: Move objects
[24.877s][info][gc,phases      ] GC(83) Phase 4: Move objects 0.010ms
[24.877s][info][gc,heap        ] GC(83) DefNew: 1113837K(1258304K)->0K(1258304K) Eden: 1110949K(1118528K)->0K(1118528K) From: 2888K(139776K)->0K(139776K)
[24.877s][info][gc,heap        ] GC(83) Tenured: 84998K(2796224K)->84998K(2796224K)
[24.877s][info][gc,metaspace   ] GC(83) Metaspace: 11646K(11904K)->11646K(11904K) NonClass: 10106K(10240K)->10106K(10240K) Class: 1540K(1664K)->1540K(1664K)
[24.877s][info][gc             ] GC(83) Pause Full (System.gc()) 1170M->83M(3959M) 152.944ms
[24.877s][info][gc,cpu         ] GC(83) User=0.16s Sys=0.00s Real=0.16s
[25.154s][info][gc,start       ] GC(84) Pause Young (Allocation Failure)
[25.155s][info][gc,heap        ] GC(84) DefNew: 1118528K(1258304K)->881K(1258304K) Eden: 1118528K(1118528K)->0K(1118528K) From: 0K(139776K)->881K(139776K)
[25.155s][info][gc,heap        ] GC(84) Tenured: 84998K(2796224K)->84998K(2796224K)
[25.155s][info][gc,metaspace   ] GC(84) Metaspace: 11647K(11904K)->11647K(11904K) NonClass: 10107K(10240K)->10107K(10240K) Class: 1540K(1664K)->1540K(1664K)
[25.155s][info][gc             ] GC(84) Pause Young (Allocation Failure) 1175M->83M(3959M) 0.983ms
[25.155s][info][gc,cpu         ] GC(84) User=0.00s Sys=0.00s Real=0.00s
[25.425s][info][gc,start       ] GC(85) Pause Young (Allocation Failure)
[25.426s][info][gc,heap        ] GC(85) DefNew: 1119409K(1258304K)->1685K(1258304K) Eden: 1118528K(1118528K)->0K(1118528K) From: 881K(139776K)->1685K(139776K)
[25.426s][info][gc,heap        ] GC(85) Tenured: 84998K(2796224K)->84998K(2796224K)
[25.426s][info][gc,metaspace   ] GC(85) Metaspace: 11647K(11904K)->11647K(11904K) NonClass: 10107K(10240K)->10107K(10240K) Class: 1540K(1664K)->1540K(1664K)
[25.426s][info][gc             ] GC(85) Pause Young (Allocation Failure) 1176M->84M(3959M) 1.512ms
[25.426s][info][gc,cpu         ] GC(85) User=0.00s Sys=0.00s Real=0.00s
[25.695s][info][gc,start       ] GC(86) Pause Young (Allocation Failure)
[25.697s][info][gc,heap        ] GC(86) DefNew: 1120213K(1258304K)->2496K(1258304K) Eden: 1118528K(1118528K)->0K(1118528K) From: 1685K(139776K)->2496K(139776K)
[25.697s][info][gc,heap        ] GC(86) Tenured: 84998K(2796224K)->84998K(2796224K)
[25.697s][info][gc,metaspace   ] GC(86) Metaspace: 11647K(11904K)->11647K(11904K) NonClass: 10107K(10240K)->10107K(10240K) Class: 1540K(1664K)->1540K(1664K)
[25.697s][info][gc             ] GC(86) Pause Young (Allocation Failure) 1176M->85M(3959M) 2.133ms
[25.697s][info][gc,cpu         ] GC(86) User=0.00s Sys=0.00s Real=0.00s
[25.977s][info][gc,start       ] GC(87) Pause Young (Allocation Failure)
[25.978s][info][gc,heap        ] GC(87) DefNew: 1121024K(1258304K)->435K(1258304K) Eden: 1118528K(1118528K)->0K(1118528K) From: 2496K(139776K)->435K(139776K)
[25.978s][info][gc,heap        ] GC(87) Tenured: 84998K(2796224K)->84998K(2796224K)
[25.978s][info][gc,metaspace   ] GC(87) Metaspace: 11647K(11904K)->11647K(11904K) NonClass: 10107K(10240K)->10107K(10240K) Class: 1540K(1664K)->1540K(1664K)
[25.978s][info][gc             ] GC(87) Pause Young (Allocation Failure) 1177M->83M(3959M) 0.656ms
[25.978s][info][gc,cpu         ] GC(87) User=0.00s Sys=0.00s Real=0.00s
[26.249s][info][gc,start       ] GC(88) Pause Young (Allocation Failure)
[26.250s][info][gc,heap        ] GC(88) DefNew: 1118963K(1258304K)->1100K(1258304K) Eden: 1118528K(1118528K)->0K(1118528K) From: 435K(139776K)->1100K(139776K)
[26.250s][info][gc,heap        ] GC(88) Tenured: 84998K(2796224K)->84998K(2796224K)
[26.250s][info][gc,metaspace   ] GC(88) Metaspace: 11647K(11904K)->11647K(11904K) NonClass: 10107K(10240K)->10107K(10240K) Class: 1540K(1664K)->1540K(1664K)
[26.250s][info][gc             ] GC(88) Pause Young (Allocation Failure) 1175M->84M(3959M) 1.130ms
[26.250s][info][gc,cpu         ] GC(88) User=0.00s Sys=0.00s Real=0.00s
[26.520s][info][gc,start       ] GC(89) Pause Young (Allocation Failure)
[26.521s][info][gc,heap        ] GC(89) DefNew: 1119628K(1258304K)->1820K(1258304K) Eden: 1118528K(1118528K)->0K(1118528K) From: 1100K(139776K)->1820K(139776K)
[26.521s][info][gc,heap        ] GC(89) Tenured: 84998K(2796224K)->84998K(2796224K)
[26.521s][info][gc,metaspace   ] GC(89) Metaspace: 11647K(11904K)->11647K(11904K) NonClass: 10107K(10240K)->10107K(10240K) Class: 1540K(1664K)->1540K(1664K)
[26.521s][info][gc             ] GC(89) Pause Young (Allocation Failure) 1176M->84M(3959M) 1.592ms
[26.521s][info][gc,cpu         ] GC(89) User=0.00s Sys=0.00s Real=0.00s
[26.791s][info][gc,start       ] GC(90) Pause Young (Allocation Failure)
[26.793s][info][gc,heap        ] GC(90) DefNew: 1120348K(1258304K)->2349K(1258304K) Eden: 1118528K(1118528K)->0K(1118528K) From: 1820K(139776K)->2349K(139776K)
[26.793s][info][gc,heap        ] GC(90) Tenured: 84998K(2796224K)->84998K(2796224K)
[26.793s][info][gc,metaspace   ] GC(90) Metaspace: 11647K(11904K)->11647K(11904K) NonClass: 10107K(10240K)->10107K(10240K) Class: 1540K(1664K)->1540K(1664K)
[26.793s][info][gc             ] GC(90) Pause Young (Allocation Failure) 1177M->85M(3959M) 2.191ms
[26.793s][info][gc,cpu         ] GC(90) User=0.00s Sys=0.00s Real=0.00s
[27.072s][info][gc,start       ] GC(91) Pause Young (Allocation Failure)
[27.072s][info][gc,heap        ] GC(91) DefNew: 1120877K(1258304K)->472K(1258304K) Eden: 1118528K(1118528K)->0K(1118528K) From: 2349K(139776K)->472K(139776K)
[27.072s][info][gc,heap        ] GC(91) Tenured: 84998K(2796224K)->84998K(2796224K)
[27.072s][info][gc,metaspace   ] GC(91) Metaspace: 11647K(11904K)->11647K(11904K) NonClass: 10107K(10240K)->10107K(10240K) Class: 1540K(1664K)->1540K(1664K)
[27.072s][info][gc             ] GC(91) Pause Young (Allocation Failure) 1177M->83M(3959M) 0.761ms
[27.072s][info][gc,cpu         ] GC(91) User=0.00s Sys=0.00s Real=0.00s
[27.339s][info][gc,start       ] GC(92) Pause Full (System.gc())
[27.339s][info][gc,phases,start] GC(92) Phase 1: Mark live objects
[27.384s][info][gc,phases      ] GC(92) Phase 1: Mark live objects 44.720ms
[27.384s][info][gc,phases,start] GC(92) Phase 2: Compute new object addresses
[27.467s][info][gc,phases      ] GC(92) Phase 2: Compute new object addresses 83.461ms
[27.467s][info][gc,phases,start] GC(92) Phase 3: Adjust pointers
[27.489s][info][gc,phases      ] GC(92) Phase 3: Adjust pointers 21.896ms
[27.489s][info][gc,phases,start] GC(92) Phase 4: Move objects
[27.489s][info][gc,phases      ] GC(92) Phase 4: Move objects 0.009ms
[27.489s][info][gc,heap        ] GC(92) DefNew: 1099956K(1258304K)->0K(1258304K) Eden: 1099484K(1118528K)->0K(1118528K) From: 472K(139776K)->0K(139776K)
[27.489s][info][gc,heap        ] GC(92) Tenured: 84998K(2796224K)->84999K(2796224K)
[27.489s][info][gc,metaspace   ] GC(92) Metaspace: 11647K(11904K)->11647K(11904K) NonClass: 10107K(10240K)->10107K(10240K) Class: 1540K(1664K)->1540K(1664K)
[27.489s][info][gc             ] GC(92) Pause Full (System.gc()) 1157M->83M(3959M) 150.398ms
[27.489s][info][gc,cpu         ] GC(92) User=0.16s Sys=0.00s Real=0.14s
[27.766s][info][gc,start       ] GC(93) Pause Young (Allocation Failure)
[27.767s][info][gc,heap        ] GC(93) DefNew: 1118528K(1258304K)->935K(1258304K) Eden: 1118528K(1118528K)->0K(1118528K) From: 0K(139776K)->935K(139776K)
[27.767s][info][gc,heap        ] GC(93) Tenured: 84999K(2796224K)->84999K(2796224K)
[27.767s][info][gc,metaspace   ] GC(93) Metaspace: 11649K(11904K)->11649K(11904K) NonClass: 10109K(10240K)->10109K(10240K) Class: 1540K(1664K)->1540K(1664K)
[27.767s][info][gc             ] GC(93) Pause Young (Allocation Failure) 1175M->83M(3959M) 0.991ms
[27.767s][info][gc,cpu         ] GC(93) User=0.00s Sys=0.00s Real=0.00s
[28.044s][info][gc,start       ] GC(94) Pause Young (Allocation Failure)
[28.045s][info][gc,heap        ] GC(94) DefNew: 1119463K(1258304K)->1764K(1258304K) Eden: 1118528K(1118528K)->0K(1118528K) From: 935K(139776K)->1764K(139776K)
[28.045s][info][gc,heap        ] GC(94) Tenured: 84999K(2796224K)->84999K(2796224K)
[28.045s][info][gc,metaspace   ] GC(94) Metaspace: 11649K(11904K)->11649K(11904K) NonClass: 10109K(10240K)->10109K(10240K) Class: 1540K(1664K)->1540K(1664K)
[28.045s][info][gc             ] GC(94) Pause Young (Allocation Failure) 1176M->84M(3959M) 1.625ms
[28.045s][info][gc,cpu         ] GC(94) User=0.02s Sys=0.00s Real=0.00s
[28.315s][info][gc,start       ] GC(95) Pause Young (Allocation Failure)
[28.318s][info][gc,heap        ] GC(95) DefNew: 1120292K(1258304K)->2836K(1258304K) Eden: 1118528K(1118528K)->0K(1118528K) From: 1764K(139776K)->2836K(139776K)
[28.318s][info][gc,heap        ] GC(95) Tenured: 84999K(2796224K)->84999K(2796224K)
[28.318s][info][gc,metaspace   ] GC(95) Metaspace: 11649K(11904K)->11649K(11904K) NonClass: 10109K(10240K)->10109K(10240K) Class: 1540K(1664K)->1540K(1664K)
[28.318s][info][gc             ] GC(95) Pause Young (Allocation Failure) 1177M->85M(3959M) 2.356ms
[28.318s][info][gc,cpu         ] GC(95) User=0.00s Sys=0.00s Real=0.00s
[28.592s][info][gc,start       ] GC(96) Pause Young (Allocation Failure)
[28.593s][info][gc,heap        ] GC(96) DefNew: 1121364K(1258304K)->622K(1258304K) Eden: 1118528K(1118528K)->0K(1118528K) From: 2836K(139776K)->622K(139776K)
[28.593s][info][gc,heap        ] GC(96) Tenured: 84999K(2796224K)->84999K(2796224K)
[28.593s][info][gc,metaspace   ] GC(96) Metaspace: 11649K(11904K)->11649K(11904K) NonClass: 10109K(10240K)->10109K(10240K) Class: 1540K(1664K)->1540K(1664K)
[28.593s][info][gc             ] GC(96) Pause Young (Allocation Failure) 1178M->83M(3959M) 0.814ms
[28.593s][info][gc,cpu         ] GC(96) User=0.00s Sys=0.00s Real=0.00s
[28.869s][info][gc,start       ] GC(97) Pause Young (Allocation Failure)
[28.870s][info][gc,heap        ] GC(97) DefNew: 1119150K(1258304K)->1635K(1258304K) Eden: 1118528K(1118528K)->0K(1118528K) From: 622K(139776K)->1635K(139776K)
[28.870s][info][gc,heap        ] GC(97) Tenured: 84999K(2796224K)->84999K(2796224K)
[28.870s][info][gc,metaspace   ] GC(97) Metaspace: 11649K(11904K)->11649K(11904K) NonClass: 10109K(10240K)->10109K(10240K) Class: 1540K(1664K)->1540K(1664K)
[28.870s][info][gc             ] GC(97) Pause Young (Allocation Failure) 1175M->84M(3959M) 1.524ms
[28.870s][info][gc,cpu         ] GC(97) User=0.00s Sys=0.00s Real=0.00s
[29.141s][info][gc,start       ] GC(98) Pause Young (Allocation Failure)
[29.143s][info][gc,heap        ] GC(98) DefNew: 1120163K(1258304K)->2324K(1258304K) Eden: 1118528K(1118528K)->0K(1118528K) From: 1635K(139776K)->2324K(139776K)
[29.143s][info][gc,heap        ] GC(98) Tenured: 84999K(2796224K)->84999K(2796224K)
[29.143s][info][gc,metaspace   ] GC(98) Metaspace: 11649K(11904K)->11649K(11904K) NonClass: 10109K(10240K)->10109K(10240K) Class: 1540K(1664K)->1540K(1664K)
[29.143s][info][gc             ] GC(98) Pause Young (Allocation Failure) 1176M->85M(3959M) 1.975ms
[29.143s][info][gc,cpu         ] GC(98) User=0.00s Sys=0.00s Real=0.00s
[29.417s][info][gc,start       ] GC(99) Pause Young (Allocation Failure)
[29.417s][info][gc,heap        ] GC(99) DefNew: 1120852K(1258304K)->224K(1258304K) Eden: 1118528K(1118528K)->0K(1118528K) From: 2324K(139776K)->224K(139776K)
[29.417s][info][gc,heap        ] GC(99) Tenured: 84999K(2796224K)->84999K(2796224K)
[29.417s][info][gc,metaspace   ] GC(99) Metaspace: 11649K(11904K)->11649K(11904K) NonClass: 10109K(10240K)->10109K(10240K) Class: 1540K(1664K)->1540K(1664K)
[29.417s][info][gc             ] GC(99) Pause Young (Allocation Failure) 1177M->83M(3959M) 0.534ms
[29.417s][info][gc,cpu         ] GC(99) User=0.00s Sys=0.00s Real=0.00s
[29.687s][info][gc,start       ] GC(100) Pause Young (Allocation Failure)
[29.688s][info][gc,heap        ] GC(100) DefNew: 1118752K(1258304K)->1280K(1258304K) Eden: 1118528K(1118528K)->0K(1118528K) From: 224K(139776K)->1280K(139776K)
[29.688s][info][gc,heap        ] GC(100) Tenured: 84999K(2796224K)->84999K(2796224K)
[29.688s][info][gc,metaspace   ] GC(100) Metaspace: 11649K(11904K)->11649K(11904K) NonClass: 10109K(10240K)->10109K(10240K) Class: 1540K(1664K)->1540K(1664K)
[29.688s][info][gc             ] GC(100) Pause Young (Allocation Failure) 1175M->84M(3959M) 1.257ms
[29.688s][info][gc,cpu         ] GC(100) User=0.00s Sys=0.00s Real=0.00s
[29.957s][info][gc,start       ] GC(101) Pause Full (System.gc())
[29.957s][info][gc,phases,start] GC(101) Phase 1: Mark live objects
[30.001s][info][gc,phases      ] GC(101) Phase 1: Mark live objects 44.190ms
[30.001s][info][gc,phases,start] GC(101) Phase 2: Compute new object addresses
[30.084s][info][gc,phases      ] GC(101) Phase 2: Compute new object addresses 82.750ms
[30.084s][info][gc,phases,start] GC(101) Phase 3: Adjust pointers
[30.106s][info][gc,phases      ] GC(101) Phase 3: Adjust pointers 22.181ms
[30.106s][info][gc,phases,start] GC(101) Phase 4: Move objects
[30.106s][info][gc,phases      ] GC(101) Phase 4: Move objects 0.010ms
[30.106s][info][gc,heap        ] GC(101) DefNew: 1084526K(1258304K)->0K(1258304K) Eden: 1083246K(1118528K)->0K(1118528K) From: 1280K(139776K)->0K(139776K)
[30.106s][info][gc,heap        ] GC(101) Tenured: 84999K(2796224K)->84998K(2796224K)
[30.106s][info][gc,metaspace   ] GC(101) Metaspace: 11649K(11904K)->11649K(11904K) NonClass: 10109K(10240K)->10109K(10240K) Class: 1540K(1664K)->1540K(1664K)
[30.106s][info][gc             ] GC(101) Pause Full (System.gc()) 1142M->83M(3959M) 149.426ms
[30.106s][info][gc,cpu         ] GC(101) User=0.12s Sys=0.02s Real=0.15s
[30.386s][info][gc,start       ] GC(102) Pause Young (Allocation Failure)
[30.387s][info][gc,heap        ] GC(102) DefNew: 1118528K(1258304K)->881K(1258304K) Eden: 1118528K(1118528K)->0K(1118528K) From: 0K(139776K)->881K(139776K)
[30.387s][info][gc,heap        ] GC(102) Tenured: 84998K(2796224K)->84998K(2796224K)
[30.387s][info][gc,metaspace   ] GC(102) Metaspace: 11650K(11904K)->11650K(11904K) NonClass: 10110K(10240K)->10110K(10240K) Class: 1540K(1664K)->1540K(1664K)
[30.387s][info][gc             ] GC(102) Pause Young (Allocation Failure) 1175M->83M(3959M) 0.940ms
[30.387s][info][gc,cpu         ] GC(102) User=0.00s Sys=0.00s Real=0.00s
[30.656s][info][gc,start       ] GC(103) Pause Young (Allocation Failure)
[30.657s][info][gc,heap        ] GC(103) DefNew: 1119409K(1258304K)->1739K(1258304K) Eden: 1118528K(1118528K)->0K(1118528K) From: 881K(139776K)->1739K(139776K)
[30.659s][info][gc,heap        ] GC(103) Tenured: 84998K(2796224K)->84998K(2796224K)
[30.659s][info][gc,metaspace   ] GC(103) Metaspace: 11650K(11904K)->11650K(11904K) NonClass: 10110K(10240K)->10110K(10240K) Class: 1540K(1664K)->1540K(1664K)
[30.659s][info][gc             ] GC(103) Pause Young (Allocation Failure) 1176M->84M(3959M) 3.258ms
[30.659s][info][gc,cpu         ] GC(103) User=0.00s Sys=0.00s Real=0.00s
[30.933s][info][gc,start       ] GC(104) Pause Young (Allocation Failure)
[30.935s][info][gc,heap        ] GC(104) DefNew: 1120267K(1258304K)->2582K(1258304K) Eden: 1118528K(1118528K)->0K(1118528K) From: 1739K(139776K)->2582K(139776K)
[30.935s][info][gc,heap        ] GC(104) Tenured: 84998K(2796224K)->84998K(2796224K)
[30.935s][info][gc,metaspace   ] GC(104) Metaspace: 11650K(11904K)->11650K(11904K) NonClass: 10110K(10240K)->10110K(10240K) Class: 1540K(1664K)->1540K(1664K)
[30.935s][info][gc             ] GC(104) Pause Young (Allocation Failure) 1177M->85M(3959M) 2.172ms
[30.935s][info][gc,cpu         ] GC(104) User=0.00s Sys=0.00s Real=0.00s
[31.209s][info][gc,start       ] GC(105) Pause Young (Allocation Failure)
[31.210s][info][gc,heap        ] GC(105) DefNew: 1121110K(1258304K)->48K(1258304K) Eden: 1118528K(1118528K)->0K(1118528K) From: 2582K(139776K)->48K(139776K)
[31.210s][info][gc,heap        ] GC(105) Tenured: 84998K(2796224K)->84998K(2796224K)
[31.210s][info][gc,metaspace   ] GC(105) Metaspace: 11650K(11904K)->11650K(11904K) NonClass: 10110K(10240K)->10110K(10240K) Class: 1540K(1664K)->1540K(1664K)
[31.210s][info][gc             ] GC(105) Pause Young (Allocation Failure) 1177M->83M(3959M) 0.372ms
[31.210s][info][gc,cpu         ] GC(105) User=0.00s Sys=0.00s Real=0.00s
[31.480s][info][gc,start       ] GC(106) Pause Young (Allocation Failure)
[31.481s][info][gc,heap        ] GC(106) DefNew: 1118576K(1258304K)->835K(1258304K) Eden: 1118528K(1118528K)->0K(1118528K) From: 48K(139776K)->835K(139776K)
[31.481s][info][gc,heap        ] GC(106) Tenured: 84998K(2796224K)->84998K(2796224K)
[31.481s][info][gc,metaspace   ] GC(106) Metaspace: 11650K(11904K)->11650K(11904K) NonClass: 10110K(10240K)->10110K(10240K) Class: 1540K(1664K)->1540K(1664K)
[31.481s][info][gc             ] GC(106) Pause Young (Allocation Failure) 1175M->83M(3959M) 0.921ms
[31.481s][info][gc,cpu         ] GC(106) User=0.00s Sys=0.00s Real=0.00s
[31.750s][info][gc,start       ] GC(107) Pause Young (Allocation Failure)
[31.752s][info][gc,heap        ] GC(107) DefNew: 1119363K(1258304K)->1712K(1258304K) Eden: 1118528K(1118528K)->0K(1118528K) From: 835K(139776K)->1712K(139776K)
[31.752s][info][gc,heap        ] GC(107) Tenured: 84998K(2796224K)->84998K(2796224K)
[31.752s][info][gc,metaspace   ] GC(107) Metaspace: 11650K(11904K)->11650K(11904K) NonClass: 10110K(10240K)->10110K(10240K) Class: 1540K(1664K)->1540K(1664K)
[31.752s][info][gc             ] GC(107) Pause Young (Allocation Failure) 1176M->84M(3959M) 1.633ms
[31.752s][info][gc,cpu         ] GC(107) User=0.00s Sys=0.00s Real=0.00s
[32.026s][info][gc,start       ] GC(108) Pause Young (Allocation Failure)
[32.029s][info][gc,heap        ] GC(108) DefNew: 1120240K(1258304K)->2621K(1258304K) Eden: 1118528K(1118528K)->0K(1118528K) From: 1712K(139776K)->2621K(139776K)
[32.029s][info][gc,heap        ] GC(108) Tenured: 84998K(2796224K)->84998K(2796224K)
[32.029s][info][gc,metaspace   ] GC(108) Metaspace: 11650K(11904K)->11650K(11904K) NonClass: 10110K(10240K)->10110K(10240K) Class: 1540K(1664K)->1540K(1664K)
[32.029s][info][gc             ] GC(108) Pause Young (Allocation Failure) 1176M->85M(3959M) 2.193ms
[32.029s][info][gc,cpu         ] GC(108) User=0.00s Sys=0.00s Real=0.00s
[32.309s][info][gc,start       ] GC(109) Pause Young (Allocation Failure)
[32.310s][info][gc,heap        ] GC(109) DefNew: 1121149K(1258304K)->410K(1258304K) Eden: 1118528K(1118528K)->0K(1118528K) From: 2621K(139776K)->410K(139776K)
[32.310s][info][gc,heap        ] GC(109) Tenured: 84998K(2796224K)->84998K(2796224K)
[32.310s][info][gc,metaspace   ] GC(109) Metaspace: 11650K(11904K)->11650K(11904K) NonClass: 10110K(10240K)->10110K(10240K) Class: 1540K(1664K)->1540K(1664K)
[32.310s][info][gc             ] GC(109) Pause Young (Allocation Failure) 1177M->83M(3959M) 0.638ms
[32.310s][info][gc,cpu         ] GC(109) User=0.00s Sys=0.00s Real=0.00s
[32.576s][info][gc,start       ] GC(110) Pause Full (System.gc())
[32.577s][info][gc,phases,start] GC(110) Phase 1: Mark live objects
[32.621s][info][gc,phases      ] GC(110) Phase 1: Mark live objects 44.739ms
[32.621s][info][gc,phases,start] GC(110) Phase 2: Compute new object addresses
[32.706s][info][gc,phases      ] GC(110) Phase 2: Compute new object addresses 84.424ms
[32.706s][info][gc,phases,start] GC(110) Phase 3: Adjust pointers
[32.728s][info][gc,phases      ] GC(110) Phase 3: Adjust pointers 21.839ms
[32.728s][info][gc,phases,start] GC(110) Phase 4: Move objects
[32.728s][info][gc,phases      ] GC(110) Phase 4: Move objects 0.010ms
[32.728s][info][gc,heap        ] GC(110) DefNew: 1095439K(1258304K)->0K(1258304K) Eden: 1095028K(1118528K)->0K(1118528K) From: 410K(139776K)->0K(139776K)
[32.728s][info][gc,heap        ] GC(110) Tenured: 84998K(2796224K)->84998K(2796224K)
[32.728s][info][gc,metaspace   ] GC(110) Metaspace: 11651K(11904K)->11651K(11904K) NonClass: 10111K(10240K)->10111K(10240K) Class: 1540K(1664K)->1540K(1664K)
[32.728s][info][gc             ] GC(110) Pause Full (System.gc()) 1152M->83M(3959M) 151.317ms
[32.728s][info][gc,cpu         ] GC(110) User=0.14s Sys=0.00s Real=0.15s
[33.009s][info][gc,start       ] GC(111) Pause Young (Allocation Failure)
[33.009s][info][gc,heap        ] GC(111) DefNew: 1118528K(1258304K)->807K(1258304K) Eden: 1118528K(1118528K)->0K(1118528K) From: 0K(139776K)->807K(139776K)
[33.009s][info][gc,heap        ] GC(111) Tenured: 84998K(2796224K)->84998K(2796224K)
[33.009s][info][gc,metaspace   ] GC(111) Metaspace: 11651K(11904K)->11651K(11904K) NonClass: 10111K(10240K)->10111K(10240K) Class: 1540K(1664K)->1540K(1664K)
[33.009s][info][gc             ] GC(111) Pause Young (Allocation Failure) 1175M->83M(3959M) 0.911ms
[33.010s][info][gc,cpu         ] GC(111) User=0.00s Sys=0.00s Real=0.00s
[33.280s][info][gc,start       ] GC(112) Pause Young (Allocation Failure)
[33.281s][info][gc,heap        ] GC(112) DefNew: 1119335K(1258304K)->1579K(1258304K) Eden: 1118528K(1118528K)->0K(1118528K) From: 807K(139776K)->1579K(139776K)
[33.281s][info][gc,heap        ] GC(112) Tenured: 84998K(2796224K)->84998K(2796224K)
[33.281s][info][gc,metaspace   ] GC(112) Metaspace: 11651K(11904K)->11651K(11904K) NonClass: 10111K(10240K)->10111K(10240K) Class: 1540K(1664K)->1540K(1664K)
[33.281s][info][gc             ] GC(112) Pause Young (Allocation Failure) 1176M->84M(3959M) 1.564ms
[33.281s][info][gc,cpu         ] GC(112) User=0.00s Sys=0.00s Real=0.00s
[33.551s][info][gc,start       ] GC(113) Pause Young (Allocation Failure)
[33.553s][info][gc,heap        ] GC(113) DefNew: 1120011K(1258304K)->2201K(1258304K) Eden: 1118432K(1118528K)->0K(1118528K) From: 1579K(139776K)->2201K(139776K)
[33.553s][info][gc,heap        ] GC(113) Tenured: 84998K(2796224K)->84998K(2796224K)
[33.553s][info][gc,metaspace   ] GC(113) Metaspace: 11651K(11904K)->11651K(11904K) NonClass: 10111K(10240K)->10111K(10240K) Class: 1540K(1664K)->1540K(1664K)
[33.553s][info][gc             ] GC(113) Pause Young (Allocation Failure) 1176M->85M(3959M) 1.904ms
[33.553s][info][gc,cpu         ] GC(113) User=0.00s Sys=0.00s Real=0.00s
[33.829s][info][gc,start       ] GC(114) Pause Young (Allocation Failure)
[33.830s][info][gc,heap        ] GC(114) DefNew: 1120729K(1258304K)->356K(1258304K) Eden: 1118528K(1118528K)->0K(1118528K) From: 2201K(139776K)->356K(139776K)
[33.830s][info][gc,heap        ] GC(114) Tenured: 84998K(2796224K)->84998K(2796224K)
[33.830s][info][gc,metaspace   ] GC(114) Metaspace: 11651K(11904K)->11651K(11904K) NonClass: 10111K(10240K)->10111K(10240K) Class: 1540K(1664K)->1540K(1664K)
[33.830s][info][gc             ] GC(114) Pause Young (Allocation Failure) 1177M->83M(3959M) 0.608ms
[33.830s][info][gc,cpu         ] GC(114) User=0.00s Sys=0.00s Real=0.00s
[34.103s][info][gc,start       ] GC(115) Pause Young (Allocation Failure)
[34.104s][info][gc,heap        ] GC(115) DefNew: 1118884K(1258304K)->1314K(1258304K) Eden: 1118528K(1118528K)->0K(1118528K) From: 356K(139776K)->1314K(139776K)
[34.104s][info][gc,heap        ] GC(115) Tenured: 84998K(2796224K)->84998K(2796224K)
[34.104s][info][gc,metaspace   ] GC(115) Metaspace: 11651K(11904K)->11651K(11904K) NonClass: 10111K(10240K)->10111K(10240K) Class: 1540K(1664K)->1540K(1664K)
[34.104s][info][gc             ] GC(115) Pause Young (Allocation Failure) 1175M->84M(3959M) 1.249ms
[34.104s][info][gc,cpu         ] GC(115) User=0.00s Sys=0.00s Real=0.00s
[34.374s][info][gc,start       ] GC(116) Pause Young (Allocation Failure)
[34.375s][info][gc,heap        ] GC(116) DefNew: 1119842K(1258304K)->2222K(1258304K) Eden: 1118528K(1118528K)->0K(1118528K) From: 1314K(139776K)->2222K(139776K)
[34.375s][info][gc,heap        ] GC(116) Tenured: 84998K(2796224K)->84998K(2796224K)
[34.375s][info][gc,metaspace   ] GC(116) Metaspace: 11651K(11904K)->11651K(11904K) NonClass: 10111K(10240K)->10111K(10240K) Class: 1540K(1664K)->1540K(1664K)
[34.375s][info][gc             ] GC(116) Pause Young (Allocation Failure) 1176M->85M(3959M) 1.874ms
[34.375s][info][gc,cpu         ] GC(116) User=0.00s Sys=0.00s Real=0.00s
[34.649s][info][gc,start       ] GC(117) Pause Young (Allocation Failure)
[34.649s][info][gc,heap        ] GC(117) DefNew: 1120750K(1258304K)->97K(1258304K) Eden: 1118528K(1118528K)->0K(1118528K) From: 2222K(139776K)->97K(139776K)
[34.649s][info][gc,heap        ] GC(117) Tenured: 84998K(2796224K)->84998K(2796224K)
[34.649s][info][gc,metaspace   ] GC(117) Metaspace: 11652K(11904K)->11652K(11904K) NonClass: 10112K(10240K)->10112K(10240K) Class: 1540K(1664K)->1540K(1664K)
[34.649s][info][gc             ] GC(117) Pause Young (Allocation Failure) 1177M->83M(3959M) 0.422ms
[34.649s][info][gc,cpu         ] GC(117) User=0.00s Sys=0.00s Real=0.00s
[34.923s][info][gc,start       ] GC(118) Pause Young (Allocation Failure)
[34.924s][info][gc,heap        ] GC(118) DefNew: 1118625K(1258304K)->879K(1258304K) Eden: 1118528K(1118528K)->0K(1118528K) From: 97K(139776K)->879K(139776K)
[34.924s][info][gc,heap        ] GC(118) Tenured: 84998K(2796224K)->84998K(2796224K)
[34.924s][info][gc,metaspace   ] GC(118) Metaspace: 11652K(11904K)->11652K(11904K) NonClass: 10112K(10240K)->10112K(10240K) Class: 1540K(1664K)->1540K(1664K)
[34.924s][info][gc             ] GC(118) Pause Young (Allocation Failure) 1175M->83M(3959M) 0.952ms
[34.924s][info][gc,cpu         ] GC(118) User=0.00s Sys=0.00s Real=0.00s
[35.192s][info][gc,start       ] GC(119) Pause Full (System.gc())
[35.192s][info][gc,phases,start] GC(119) Phase 1: Mark live objects
[35.236s][info][gc,phases      ] GC(119) Phase 1: Mark live objects 44.672ms
[35.236s][info][gc,phases,start] GC(119) Phase 2: Compute new object addresses
[35.319s][info][gc,phases      ] GC(119) Phase 2: Compute new object addresses 83.166ms
[35.320s][info][gc,phases,start] GC(119) Phase 3: Adjust pointers
[35.342s][info][gc,phases      ] GC(119) Phase 3: Adjust pointers 22.001ms
[35.342s][info][gc,phases,start] GC(119) Phase 4: Move objects
[35.342s][info][gc,phases      ] GC(119) Phase 4: Move objects 0.021ms
[35.342s][info][gc,heap        ] GC(119) DefNew: 1093127K(1258304K)->0K(1258304K) Eden: 1092247K(1118528K)->0K(1118528K) From: 879K(139776K)->0K(139776K)
[35.342s][info][gc,heap        ] GC(119) Tenured: 84998K(2796224K)->84998K(2796224K)
[35.342s][info][gc,metaspace   ] GC(119) Metaspace: 11655K(11904K)->11655K(11904K) NonClass: 10114K(10240K)->10114K(10240K) Class: 1540K(1664K)->1540K(1664K)
[35.342s][info][gc             ] GC(119) Pause Full (System.gc()) 1150M->83M(3959M) 150.157ms
[35.342s][info][gc,cpu         ] GC(119) User=0.14s Sys=0.00s Real=0.15s
[35.616s][info][gc,start       ] GC(120) Pause Young (Allocation Failure)
[35.617s][info][gc,heap        ] GC(120) DefNew: 1118528K(1258304K)->823K(1258304K) Eden: 1118528K(1118528K)->0K(1118528K) From: 0K(139776K)->823K(139776K)
[35.617s][info][gc,heap        ] GC(120) Tenured: 84998K(2796224K)->84998K(2796224K)
[35.617s][info][gc,metaspace   ] GC(120) Metaspace: 11668K(11904K)->11668K(11904K) NonClass: 10128K(10240K)->10128K(10240K) Class: 1540K(1664K)->1540K(1664K)
[35.617s][info][gc             ] GC(120) Pause Young (Allocation Failure) 1175M->83M(3959M) 0.911ms
[35.617s][info][gc,cpu         ] GC(120) User=0.00s Sys=0.00s Real=0.00s
[35.892s][info][gc,start       ] GC(121) Pause Young (Allocation Failure)
[35.894s][info][gc,heap        ] GC(121) DefNew: 1119351K(1258304K)->1659K(1258304K) Eden: 1118528K(1118528K)->0K(1118528K) From: 823K(139776K)->1659K(139776K)
[35.894s][info][gc,heap        ] GC(121) Tenured: 84998K(2796224K)->84998K(2796224K)
[35.894s][info][gc,metaspace   ] GC(121) Metaspace: 11668K(11904K)->11668K(11904K) NonClass: 10128K(10240K)->10128K(10240K) Class: 1540K(1664K)->1540K(1664K)
[35.894s][info][gc             ] GC(121) Pause Young (Allocation Failure) 1176M->84M(3959M) 1.502ms
[35.894s][info][gc,cpu         ] GC(121) User=0.00s Sys=0.00s Real=0.00s
[36.165s][info][gc,start       ] GC(122) Pause Young (Allocation Failure)
[36.167s][info][gc,heap        ] GC(122) DefNew: 1120187K(1258304K)->2639K(1258304K) Eden: 1118528K(1118528K)->0K(1118528K) From: 1659K(139776K)->2639K(139776K)
[36.167s][info][gc,heap        ] GC(122) Tenured: 84998K(2796224K)->84998K(2796224K)
[36.167s][info][gc,metaspace   ] GC(122) Metaspace: 11668K(11904K)->11668K(11904K) NonClass: 10128K(10240K)->10128K(10240K) Class: 1540K(1664K)->1540K(1664K)
[36.167s][info][gc             ] GC(122) Pause Young (Allocation Failure) 1176M->85M(3959M) 2.174ms
[36.167s][info][gc,cpu         ] GC(122) User=0.00s Sys=0.00s Real=0.00s
[36.441s][info][gc,start       ] GC(123) Pause Young (Allocation Failure)
[36.441s][info][gc,heap        ] GC(123) DefNew: 1121167K(1258304K)->443K(1258304K) Eden: 1118528K(1118528K)->0K(1118528K) From: 2639K(139776K)->443K(139776K)
[36.441s][info][gc,heap        ] GC(123) Tenured: 84998K(2796224K)->84998K(2796224K)
[36.441s][info][gc,metaspace   ] GC(123) Metaspace: 11668K(11904K)->11668K(11904K) NonClass: 10128K(10240K)->10128K(10240K) Class: 1540K(1664K)->1540K(1664K)
[36.441s][info][gc             ] GC(123) Pause Young (Allocation Failure) 1177M->83M(3959M) 0.726ms
[36.441s][info][gc,cpu         ] GC(123) User=0.00s Sys=0.00s Real=0.00s
[36.711s][info][gc,start       ] GC(124) Pause Young (Allocation Failure)
[36.712s][info][gc,heap        ] GC(124) DefNew: 1118971K(1258304K)->1070K(1258304K) Eden: 1118528K(1118528K)->0K(1118528K) From: 443K(139776K)->1070K(139776K)
[36.712s][info][gc,heap        ] GC(124) Tenured: 84998K(2796224K)->84998K(2796224K)
[36.712s][info][gc,metaspace   ] GC(124) Metaspace: 11668K(11904K)->11668K(11904K) NonClass: 10128K(10240K)->10128K(10240K) Class: 1540K(1664K)->1540K(1664K)
[36.712s][info][gc             ] GC(124) Pause Young (Allocation Failure) 1175M->84M(3959M) 1.091ms
[36.712s][info][gc,cpu         ] GC(124) User=0.00s Sys=0.00s Real=0.00s
[36.987s][info][gc,start       ] GC(125) Pause Young (Allocation Failure)
[36.988s][info][gc,heap        ] GC(125) DefNew: 1119598K(1258304K)->1680K(1258304K) Eden: 1118528K(1118528K)->0K(1118528K) From: 1070K(139776K)->1680K(139776K)
[36.988s][info][gc,heap        ] GC(125) Tenured: 84998K(2796224K)->84998K(2796224K)
[36.989s][info][gc,metaspace   ] GC(125) Metaspace: 11668K(11904K)->11668K(11904K) NonClass: 10128K(10240K)->10128K(10240K) Class: 1540K(1664K)->1540K(1664K)
[36.989s][info][gc             ] GC(125) Pause Young (Allocation Failure) 1176M->84M(3959M) 1.577ms
[36.989s][info][gc,cpu         ] GC(125) User=0.00s Sys=0.00s Real=0.00s
[37.259s][info][gc,start       ] GC(126) Pause Young (Allocation Failure)
[37.261s][info][gc,heap        ] GC(126) DefNew: 1120208K(1258304K)->2476K(1258304K) Eden: 1118528K(1118528K)->0K(1118528K) From: 1680K(139776K)->2476K(139776K)
[37.261s][info][gc,heap        ] GC(126) Tenured: 84998K(2796224K)->84998K(2796224K)
[37.261s][info][gc,metaspace   ] GC(126) Metaspace: 11668K(11904K)->11668K(11904K) NonClass: 10128K(10240K)->10128K(10240K) Class: 1540K(1664K)->1540K(1664K)
[37.261s][info][gc             ] GC(126) Pause Young (Allocation Failure) 1176M->85M(3959M) 2.106ms
[37.261s][info][gc,cpu         ] GC(126) User=0.00s Sys=0.00s Real=0.00s
[37.534s][info][gc,start       ] GC(127) Pause Young (Allocation Failure)
[37.534s][info][gc,heap        ] GC(127) DefNew: 1121004K(1258304K)->84K(1258304K) Eden: 1118528K(1118528K)->0K(1118528K) From: 2476K(139776K)->84K(139776K)
[37.534s][info][gc,heap        ] GC(127) Tenured: 84998K(2796224K)->84998K(2796224K)
[37.534s][info][gc,metaspace   ] GC(127) Metaspace: 11668K(11904K)->11668K(11904K) NonClass: 10128K(10240K)->10128K(10240K) Class: 1540K(1664K)->1540K(1664K)
[37.534s][info][gc             ] GC(127) Pause Young (Allocation Failure) 1177M->83M(3959M) 0.432ms
[37.534s][info][gc,cpu         ] GC(127) User=0.00s Sys=0.00s Real=0.00s
[37.803s][info][gc,start       ] GC(128) Pause Full (System.gc())
[37.803s][info][gc,phases,start] GC(128) Phase 1: Mark live objects
[37.848s][info][gc,phases      ] GC(128) Phase 1: Mark live objects 44.667ms
[37.848s][info][gc,phases,start] GC(128) Phase 2: Compute new object addresses
[37.933s][info][gc,phases      ] GC(128) Phase 2: Compute new object addresses 84.716ms
[37.933s][info][gc,phases,start] GC(128) Phase 3: Adjust pointers
[37.955s][info][gc,phases      ] GC(128) Phase 3: Adjust pointers 22.440ms
[37.955s][info][gc,phases,start] GC(128) Phase 4: Move objects
[37.955s][info][gc,phases      ] GC(128) Phase 4: Move objects 0.009ms
[37.955s][info][gc,heap        ] GC(128) DefNew: 1109183K(1258304K)->0K(1258304K) Eden: 1109098K(1118528K)->0K(1118528K) From: 84K(139776K)->0K(139776K)
[37.955s][info][gc,heap        ] GC(128) Tenured: 84998K(2796224K)->84999K(2796224K)
[37.955s][info][gc,metaspace   ] GC(128) Metaspace: 11670K(11904K)->11670K(11904K) NonClass: 10130K(10240K)->10130K(10240K) Class: 1540K(1664K)->1540K(1664K)
[37.955s][info][gc             ] GC(128) Pause Full (System.gc()) 1166M->83M(3959M) 152.171ms
[37.955s][info][gc,cpu         ] GC(128) User=0.16s Sys=0.00s Real=0.15s
[38.233s][info][gc,start       ] GC(129) Pause Young (Allocation Failure)
[38.234s][info][gc,heap        ] GC(129) DefNew: 1118528K(1258304K)->673K(1258304K) Eden: 1118528K(1118528K)->0K(1118528K) From: 0K(139776K)->673K(139776K)
[38.234s][info][gc,heap        ] GC(129) Tenured: 84999K(2796224K)->84999K(2796224K)
[38.234s][info][gc,metaspace   ] GC(129) Metaspace: 11675K(11904K)->11675K(11904K) NonClass: 10135K(10240K)->10135K(10240K) Class: 1540K(1664K)->1540K(1664K)
[38.234s][info][gc             ] GC(129) Pause Young (Allocation Failure) 1175M->83M(3959M) 0.841ms
[38.234s][info][gc,cpu         ] GC(129) User=0.00s Sys=0.00s Real=0.00s
[38.503s][info][gc,start       ] GC(130) Pause Young (Allocation Failure)
[38.505s][info][gc,heap        ] GC(130) DefNew: 1119201K(1258304K)->1520K(1258304K) Eden: 1118528K(1118528K)->0K(1118528K) From: 673K(139776K)->1520K(139776K)
[38.505s][info][gc,heap        ] GC(130) Tenured: 84999K(2796224K)->84999K(2796224K)
[38.505s][info][gc,metaspace   ] GC(130) Metaspace: 11675K(11904K)->11675K(11904K) NonClass: 10135K(10240K)->10135K(10240K) Class: 1540K(1664K)->1540K(1664K)
[38.505s][info][gc             ] GC(130) Pause Young (Allocation Failure) 1175M->84M(3959M) 1.445ms
[38.505s][info][gc,cpu         ] GC(130) User=0.00s Sys=0.00s Real=0.00s
[38.775s][info][gc,start       ] GC(131) Pause Young (Allocation Failure)
[38.777s][info][gc,heap        ] GC(131) DefNew: 1120048K(1258304K)->2398K(1258304K) Eden: 1118528K(1118528K)->0K(1118528K) From: 1520K(139776K)->2398K(139776K)
[38.777s][info][gc,heap        ] GC(131) Tenured: 84999K(2796224K)->84999K(2796224K)
[38.777s][info][gc,metaspace   ] GC(131) Metaspace: 11675K(11904K)->11675K(11904K) NonClass: 10135K(10240K)->10135K(10240K) Class: 1540K(1664K)->1540K(1664K)
[38.777s][info][gc             ] GC(131) Pause Young (Allocation Failure) 1176M->85M(3959M) 2.003ms
[38.777s][info][gc,cpu         ] GC(131) User=0.00s Sys=0.00s Real=0.00s
[39.056s][info][gc,start       ] GC(132) Pause Young (Allocation Failure)
[39.056s][info][gc,heap        ] GC(132) DefNew: 1120926K(1258304K)->220K(1258304K) Eden: 1118528K(1118528K)->0K(1118528K) From: 2398K(139776K)->220K(139776K)
[39.056s][info][gc,heap        ] GC(132) Tenured: 84999K(2796224K)->84999K(2796224K)
[39.056s][info][gc,metaspace   ] GC(132) Metaspace: 11675K(11904K)->11675K(11904K) NonClass: 10135K(10240K)->10135K(10240K) Class: 1540K(1664K)->1540K(1664K)
[39.056s][info][gc             ] GC(132) Pause Young (Allocation Failure) 1177M->83M(3959M) 0.512ms
[39.056s][info][gc,cpu         ] GC(132) User=0.00s Sys=0.00s Real=0.00s
[39.326s][info][gc,start       ] GC(133) Pause Young (Allocation Failure)
[39.327s][info][gc,heap        ] GC(133) DefNew: 1118748K(1258304K)->1076K(1258304K) Eden: 1118528K(1118528K)->0K(1118528K) From: 220K(139776K)->1076K(139776K)
[39.327s][info][gc,heap        ] GC(133) Tenured: 84999K(2796224K)->84999K(2796224K)
[39.327s][info][gc,metaspace   ] GC(133) Metaspace: 11675K(11904K)->11675K(11904K) NonClass: 10135K(10240K)->10135K(10240K) Class: 1540K(1664K)->1540K(1664K)
[39.327s][info][gc             ] GC(133) Pause Young (Allocation Failure) 1175M->84M(3959M) 1.135ms
[39.327s][info][gc,cpu         ] GC(133) User=0.00s Sys=0.00s Real=0.00s
[39.597s][info][gc,start       ] GC(134) Pause Young (Allocation Failure)
[39.599s][info][gc,heap        ] GC(134) DefNew: 1119604K(1258304K)->1994K(1258304K) Eden: 1118528K(1118528K)->0K(1118528K) From: 1076K(139776K)->1994K(139776K)
[39.599s][info][gc,heap        ] GC(134) Tenured: 84999K(2796224K)->84999K(2796224K)
[39.599s][info][gc,metaspace   ] GC(134) Metaspace: 11675K(11904K)->11675K(11904K) NonClass: 10135K(10240K)->10135K(10240K) Class: 1540K(1664K)->1540K(1664K)
[39.599s][info][gc             ] GC(134) Pause Young (Allocation Failure) 1176M->84M(3959M) 1.753ms
[39.599s][info][gc,cpu         ] GC(134) User=0.00s Sys=0.00s Real=0.00s
[39.874s][info][gc,start       ] GC(135) Pause Young (Allocation Failure)
[39.877s][info][gc,heap        ] GC(135) DefNew: 1120522K(1258304K)->2934K(1258304K) Eden: 1118528K(1118528K)->0K(1118528K) From: 1994K(139776K)->2934K(139776K)
[39.877s][info][gc,heap        ] GC(135) Tenured: 84999K(2796224K)->84999K(2796224K)
[39.877s][info][gc,metaspace   ] GC(135) Metaspace: 11675K(11904K)->11675K(11904K) NonClass: 10135K(10240K)->10135K(10240K) Class: 1540K(1664K)->1540K(1664K)
[39.877s][info][gc             ] GC(135) Pause Young (Allocation Failure) 1177M->85M(3959M) 2.461ms
[39.877s][info][gc,cpu         ] GC(135) User=0.00s Sys=0.00s Real=0.00s
[40.151s][info][gc,start       ] GC(136) Pause Young (Allocation Failure)
[40.152s][info][gc,heap        ] GC(136) DefNew: 1121462K(1258304K)->502K(1258304K) Eden: 1118528K(1118528K)->0K(1118528K) From: 2934K(139776K)->502K(139776K)
[40.152s][info][gc,heap        ] GC(136) Tenured: 84999K(2796224K)->84999K(2796224K)
[40.152s][info][gc,metaspace   ] GC(136) Metaspace: 11675K(11904K)->11675K(11904K) NonClass: 10135K(10240K)->10135K(10240K) Class: 1540K(1664K)->1540K(1664K)
[40.152s][info][gc             ] GC(136) Pause Young (Allocation Failure) 1178M->83M(3959M) 0.746ms
[40.152s][info][gc,cpu         ] GC(136) User=0.00s Sys=0.00s Real=0.00s
[40.418s][info][gc,start       ] GC(137) Pause Full (System.gc())
[40.418s][info][gc,phases,start] GC(137) Phase 1: Mark live objects
[40.463s][info][gc,phases      ] GC(137) Phase 1: Mark live objects 44.374ms
[40.463s][info][gc,phases,start] GC(137) Phase 2: Compute new object addresses
[40.546s][info][gc,phases      ] GC(137) Phase 2: Compute new object addresses 83.373ms
[40.546s][info][gc,phases,start] GC(137) Phase 3: Adjust pointers
[40.568s][info][gc,phases      ] GC(137) Phase 3: Adjust pointers 22.208ms
[40.568s][info][gc,phases,start] GC(137) Phase 4: Move objects
[40.568s][info][gc,phases      ] GC(137) Phase 4: Move objects 0.009ms
[40.568s][info][gc,heap        ] GC(137) DefNew: 1099778K(1258304K)->0K(1258304K) Eden: 1099275K(1118528K)->0K(1118528K) From: 502K(139776K)->0K(139776K)
[40.568s][info][gc,heap        ] GC(137) Tenured: 84999K(2796224K)->85000K(2796224K)
[40.568s][info][gc,metaspace   ] GC(137) Metaspace: 11676K(11904K)->11676K(11904K) NonClass: 10136K(10240K)->10136K(10240K) Class: 1540K(1664K)->1540K(1664K)
[40.568s][info][gc             ] GC(137) Pause Full (System.gc()) 1157M->83M(3959M) 150.263ms
[40.568s][info][gc,cpu         ] GC(137) User=0.16s Sys=0.00s Real=0.14s
[40.851s][info][gc,start       ] GC(138) Pause Young (Allocation Failure)
[40.852s][info][gc,heap        ] GC(138) DefNew: 1118528K(1258304K)->1033K(1258304K) Eden: 1118528K(1118528K)->0K(1118528K) From: 0K(139776K)->1033K(139776K)
[40.852s][info][gc,heap        ] GC(138) Tenured: 85000K(2796224K)->85000K(2796224K)
[40.852s][info][gc,metaspace   ] GC(138) Metaspace: 11676K(11904K)->11676K(11904K) NonClass: 10136K(10240K)->10136K(10240K) Class: 1540K(1664K)->1540K(1664K)
[40.852s][info][gc             ] GC(138) Pause Young (Allocation Failure) 1175M->84M(3959M) 1.077ms
[40.852s][info][gc,cpu         ] GC(138) User=0.00s Sys=0.00s Real=0.00s
[41.123s][info][gc,start       ] GC(139) Pause Young (Allocation Failure)
[41.124s][info][gc,heap        ] GC(139) DefNew: 1119561K(1258304K)->1911K(1258304K) Eden: 1118528K(1118528K)->0K(1118528K) From: 1033K(139776K)->1911K(139776K)
[41.124s][info][gc,heap        ] GC(139) Tenured: 85000K(2796224K)->85000K(2796224K)
[41.124s][info][gc,metaspace   ] GC(139) Metaspace: 11676K(11904K)->11676K(11904K) NonClass: 10136K(10240K)->10136K(10240K) Class: 1540K(1664K)->1540K(1664K)
[41.124s][info][gc             ] GC(139) Pause Young (Allocation Failure) 1176M->84M(3959M) 1.653ms
[41.124s][info][gc,cpu         ] GC(139) User=0.00s Sys=0.00s Real=0.00s
[41.395s][info][gc,start       ] GC(140) Pause Young (Allocation Failure)
[41.396s][info][gc,heap        ] GC(140) DefNew: 1120439K(1258304K)->2044K(1258304K) Eden: 1118528K(1118528K)->0K(1118528K) From: 1911K(139776K)->2044K(139776K)
[41.396s][info][gc,heap        ] GC(140) Tenured: 85000K(2796224K)->85000K(2796224K)
[41.396s][info][gc,metaspace   ] GC(140) Metaspace: 11676K(11904K)->11676K(11904K) NonClass: 10136K(10240K)->10136K(10240K) Class: 1540K(1664K)->1540K(1664K)
[41.396s][info][gc             ] GC(140) Pause Young (Allocation Failure) 1177M->85M(3959M) 1.788ms
[41.396s][info][gc,cpu         ] GC(140) User=0.00s Sys=0.00s Real=0.00s
[41.671s][info][gc,start       ] GC(141) Pause Young (Allocation Failure)
[41.672s][info][gc,heap        ] GC(141) DefNew: 1120572K(1258304K)->84K(1258304K) Eden: 1118528K(1118528K)->0K(1118528K) From: 2044K(139776K)->84K(139776K)
[41.672s][info][gc,heap        ] GC(141) Tenured: 85000K(2796224K)->85000K(2796224K)
[41.672s][info][gc,metaspace   ] GC(141) Metaspace: 11676K(11904K)->11676K(11904K) NonClass: 10136K(10240K)->10136K(10240K) Class: 1540K(1664K)->1540K(1664K)
[41.672s][info][gc             ] GC(141) Pause Young (Allocation Failure) 1177M->83M(3959M) 0.407ms
[41.672s][info][gc,cpu         ] GC(141) User=0.00s Sys=0.00s Real=0.00s
[41.947s][info][gc,start       ] GC(142) Pause Young (Allocation Failure)
[41.948s][info][gc,heap        ] GC(142) DefNew: 1118612K(1258304K)->907K(1258304K) Eden: 1118528K(1118528K)->0K(1118528K) From: 84K(139776K)->907K(139776K)
[41.948s][info][gc,heap        ] GC(142) Tenured: 85000K(2796224K)->85000K(2796224K)
[41.948s][info][gc,metaspace   ] GC(142) Metaspace: 11676K(11904K)->11676K(11904K) NonClass: 10136K(10240K)->10136K(10240K) Class: 1540K(1664K)->1540K(1664K)
[41.948s][info][gc             ] GC(142) Pause Young (Allocation Failure) 1175M->83M(3959M) 0.973ms
[41.948s][info][gc,cpu         ] GC(142) User=0.00s Sys=0.00s Real=0.00s
[42.219s][info][gc,start       ] GC(143) Pause Young (Allocation Failure)
[42.221s][info][gc,heap        ] GC(143) DefNew: 1119435K(1258304K)->1978K(1258304K) Eden: 1118528K(1118528K)->0K(1118528K) From: 907K(139776K)->1978K(139776K)
[42.221s][info][gc,heap        ] GC(143) Tenured: 85000K(2796224K)->85000K(2796224K)
[42.221s][info][gc,metaspace   ] GC(143) Metaspace: 11676K(11904K)->11676K(11904K) NonClass: 10136K(10240K)->10136K(10240K) Class: 1540K(1664K)->1540K(1664K)
[42.221s][info][gc             ] GC(143) Pause Young (Allocation Failure) 1176M->84M(3959M) 1.731ms
[42.221s][info][gc,cpu         ] GC(143) User=0.00s Sys=0.00s Real=0.00s
[42.490s][info][gc,start       ] GC(144) Pause Young (Allocation Failure)
[42.491s][info][gc,heap        ] GC(144) DefNew: 1120506K(1258304K)->2141K(1258304K) Eden: 1118528K(1118528K)->0K(1118528K) From: 1978K(139776K)->2141K(139776K)
[42.491s][info][gc,heap        ] GC(144) Tenured: 85000K(2796224K)->85000K(2796224K)
[42.491s][info][gc,metaspace   ] GC(144) Metaspace: 11676K(11904K)->11676K(11904K) NonClass: 10136K(10240K)->10136K(10240K) Class: 1540K(1664K)->1540K(1664K)
[42.492s][info][gc             ] GC(144) Pause Young (Allocation Failure) 1177M->85M(3959M) 1.778ms
[42.492s][info][gc,cpu         ] GC(144) User=0.00s Sys=0.00s Real=0.00s
[42.764s][info][gc,start       ] GC(145) Pause Young (Allocation Failure)
[42.764s][info][gc,heap        ] GC(145) DefNew: 1120669K(1258304K)->134K(1258304K) Eden: 1118528K(1118528K)->0K(1118528K) From: 2141K(139776K)->134K(139776K)
[42.764s][info][gc,heap        ] GC(145) Tenured: 85000K(2796224K)->85000K(2796224K)
[42.764s][info][gc,metaspace   ] GC(145) Metaspace: 11676K(11904K)->11676K(11904K) NonClass: 10136K(10240K)->10136K(10240K) Class: 1540K(1664K)->1540K(1664K)
[42.764s][info][gc             ] GC(145) Pause Young (Allocation Failure) 1177M->83M(3959M) 0.446ms
[42.764s][info][gc,cpu         ] GC(145) User=0.00s Sys=0.00s Real=0.00s
[43.038s][info][gc,start       ] GC(146) Pause Full (System.gc())
[43.038s][info][gc,phases,start] GC(146) Phase 1: Mark live objects
[43.082s][info][gc,phases      ] GC(146) Phase 1: Mark live objects 44.388ms
[43.082s][info][gc,phases,start] GC(146) Phase 2: Compute new object addresses
[43.166s][info][gc,phases      ] GC(146) Phase 2: Compute new object addresses 83.782ms
[43.166s][info][gc,phases,start] GC(146) Phase 3: Adjust pointers
[43.188s][info][gc,phases      ] GC(146) Phase 3: Adjust pointers 21.771ms
[43.188s][info][gc,phases,start] GC(146) Phase 4: Move objects
[43.188s][info][gc,phases      ] GC(146) Phase 4: Move objects 0.011ms
[43.188s][info][gc,heap        ] GC(146) DefNew: 1105548K(1258304K)->0K(1258304K) Eden: 1105413K(1118528K)->0K(1118528K) From: 134K(139776K)->0K(139776K)
[43.188s][info][gc,heap        ] GC(146) Tenured: 85000K(2796224K)->85000K(2796224K)
[43.188s][info][gc,metaspace   ] GC(146) Metaspace: 11676K(11904K)->11676K(11904K) NonClass: 10136K(10240K)->10136K(10240K) Class: 1540K(1664K)->1540K(1664K)
[43.188s][info][gc             ] GC(146) Pause Full (System.gc()) 1162M->83M(3959M) 150.249ms
[43.188s][info][gc,cpu         ] GC(146) User=0.16s Sys=0.00s Real=0.15s
[43.463s][info][gc,start       ] GC(147) Pause Young (Allocation Failure)
[43.464s][info][gc,heap        ] GC(147) DefNew: 1118528K(1258304K)->893K(1258304K) Eden: 1118528K(1118528K)->0K(1118528K) From: 0K(139776K)->893K(139776K)
[43.464s][info][gc,heap        ] GC(147) Tenured: 85000K(2796224K)->85000K(2796224K)
[43.464s][info][gc,metaspace   ] GC(147) Metaspace: 11676K(11904K)->11676K(11904K) NonClass: 10136K(10240K)->10136K(10240K) Class: 1540K(1664K)->1540K(1664K)
[43.464s][info][gc             ] GC(147) Pause Young (Allocation Failure) 1175M->83M(3959M) 1.022ms
[43.464s][info][gc,cpu         ] GC(147) User=0.00s Sys=0.00s Real=0.00s
[43.733s][info][gc,start       ] GC(148) Pause Young (Allocation Failure)
[43.735s][info][gc,heap        ] GC(148) DefNew: 1119421K(1258304K)->1600K(1258304K) Eden: 1118528K(1118528K)->0K(1118528K) From: 893K(139776K)->1600K(139776K)
[43.735s][info][gc,heap        ] GC(148) Tenured: 85000K(2796224K)->85000K(2796224K)
[43.735s][info][gc,metaspace   ] GC(148) Metaspace: 11676K(11904K)->11676K(11904K) NonClass: 10136K(10240K)->10136K(10240K) Class: 1540K(1664K)->1540K(1664K)
[43.735s][info][gc             ] GC(148) Pause Young (Allocation Failure) 1176M->84M(3959M) 1.549ms
[43.735s][info][gc,cpu         ] GC(148) User=0.00s Sys=0.00s Real=0.00s
[44.011s][info][gc,start       ] GC(149) Pause Young (Allocation Failure)
[44.013s][info][gc,heap        ] GC(149) DefNew: 1119928K(1258304K)->2833K(1258304K) Eden: 1118327K(1118528K)->0K(1118528K) From: 1600K(139776K)->2833K(139776K)
[44.013s][info][gc,heap        ] GC(149) Tenured: 85000K(2796224K)->85000K(2796224K)
[44.013s][info][gc,metaspace   ] GC(149) Metaspace: 11676K(11904K)->11676K(11904K) NonClass: 10136K(10240K)->10136K(10240K) Class: 1540K(1664K)->1540K(1664K)
[44.013s][info][gc             ] GC(149) Pause Young (Allocation Failure) 1176M->85M(3959M) 2.383ms
[44.013s][info][gc,cpu         ] GC(149) User=0.00s Sys=0.00s Real=0.00s
[44.288s][info][gc,start       ] GC(150) Pause Young (Allocation Failure)
[44.289s][info][gc,heap        ] GC(150) DefNew: 1121361K(1258304K)->669K(1258304K) Eden: 1118528K(1118528K)->0K(1118528K) From: 2833K(139776K)->669K(139776K)
[44.289s][info][gc,heap        ] GC(150) Tenured: 85000K(2796224K)->85000K(2796224K)
[44.289s][info][gc,metaspace   ] GC(150) Metaspace: 11676K(11904K)->11676K(11904K) NonClass: 10136K(10240K)->10136K(10240K) Class: 1540K(1664K)->1540K(1664K)
[44.289s][info][gc             ] GC(150) Pause Young (Allocation Failure) 1178M->83M(3959M) 0.809ms
[44.289s][info][gc,cpu         ] GC(150) User=0.00s Sys=0.00s Real=0.00s
[44.559s][info][gc,start       ] GC(151) Pause Young (Allocation Failure)
[44.561s][info][gc,heap        ] GC(151) DefNew: 1119197K(1258304K)->2121K(1258304K) Eden: 1118528K(1118528K)->0K(1118528K) From: 669K(139776K)->2121K(139776K)
[44.561s][info][gc,heap        ] GC(151) Tenured: 85000K(2796224K)->85000K(2796224K)
[44.561s][info][gc,metaspace   ] GC(151) Metaspace: 11676K(11904K)->11676K(11904K) NonClass: 10136K(10240K)->10136K(10240K) Class: 1540K(1664K)->1540K(1664K)
[44.561s][info][gc             ] GC(151) Pause Young (Allocation Failure) 1175M->85M(3959M) 1.804ms
[44.561s][info][gc,cpu         ] GC(151) User=0.02s Sys=0.00s Real=0.00s
[44.835s][info][gc,start       ] GC(152) Pause Young (Allocation Failure)
[44.837s][info][gc,heap        ] GC(152) DefNew: 1120649K(1258304K)->2351K(1258304K) Eden: 1118528K(1118528K)->0K(1118528K) From: 2121K(139776K)->2351K(139776K)
[44.837s][info][gc,heap        ] GC(152) Tenured: 85000K(2796224K)->85000K(2796224K)
[44.837s][info][gc,metaspace   ] GC(152) Metaspace: 11676K(11904K)->11676K(11904K) NonClass: 10136K(10240K)->10136K(10240K) Class: 1540K(1664K)->1540K(1664K)
[44.837s][info][gc             ] GC(152) Pause Young (Allocation Failure) 1177M->85M(3959M) 2.008ms
[44.837s][info][gc,cpu         ] GC(152) User=0.00s Sys=0.00s Real=0.00s
[45.112s][info][gc,start       ] GC(153) Pause Young (Allocation Failure)
[45.113s][info][gc,heap        ] GC(153) DefNew: 1120879K(1258304K)->423K(1258304K) Eden: 1118528K(1118528K)->0K(1118528K) From: 2351K(139776K)->423K(139776K)
[45.113s][info][gc,heap        ] GC(153) Tenured: 85000K(2796224K)->85000K(2796224K)
[45.113s][info][gc,metaspace   ] GC(153) Metaspace: 11676K(11904K)->11676K(11904K) NonClass: 10136K(10240K)->10136K(10240K) Class: 1540K(1664K)->1540K(1664K)
[45.113s][info][gc             ] GC(153) Pause Young (Allocation Failure) 1177M->83M(3959M) 0.665ms
[45.113s][info][gc,cpu         ] GC(153) User=0.00s Sys=0.00s Real=0.00s
[45.384s][info][gc,start       ] GC(154) Pause Young (Allocation Failure)
[45.386s][info][gc,heap        ] GC(154) DefNew: 1118951K(1258304K)->1524K(1258304K) Eden: 1118528K(1118528K)->0K(1118528K) From: 423K(139776K)->1524K(139776K)
[45.386s][info][gc,heap        ] GC(154) Tenured: 85000K(2796224K)->85000K(2796224K)
[45.386s][info][gc,metaspace   ] GC(154) Metaspace: 11676K(11904K)->11676K(11904K) NonClass: 10136K(10240K)->10136K(10240K) Class: 1540K(1664K)->1540K(1664K)
[45.386s][info][gc             ] GC(154) Pause Young (Allocation Failure) 1175M->84M(3959M) 1.422ms
[45.386s][info][gc,cpu         ] GC(154) User=0.00s Sys=0.00s Real=0.00s
[45.649s][info][gc,start       ] GC(155) Pause Full (System.gc())
[45.649s][info][gc,phases,start] GC(155) Phase 1: Mark live objects
[45.693s][info][gc,phases      ] GC(155) Phase 1: Mark live objects 44.608ms
[45.693s][info][gc,phases,start] GC(155) Phase 2: Compute new object addresses
[45.776s][info][gc,phases      ] GC(155) Phase 2: Compute new object addresses 82.597ms
[45.776s][info][gc,phases,start] GC(155) Phase 3: Adjust pointers
[45.798s][info][gc,phases      ] GC(155) Phase 3: Adjust pointers 21.920ms
[45.798s][info][gc,phases,start] GC(155) Phase 4: Move objects
[45.798s][info][gc,phases      ] GC(155) Phase 4: Move objects 0.011ms
[45.798s][info][gc,heap        ] GC(155) DefNew: 1082690K(1258304K)->0K(1258304K) Eden: 1081166K(1118528K)->0K(1118528K) From: 1524K(139776K)->0K(139776K)
[45.798s][info][gc,heap        ] GC(155) Tenured: 85000K(2796224K)->85000K(2796224K)
[45.798s][info][gc,metaspace   ] GC(155) Metaspace: 11677K(11904K)->11677K(11904K) NonClass: 10137K(10240K)->10137K(10240K) Class: 1540K(1664K)->1540K(1664K)
[45.798s][info][gc             ] GC(155) Pause Full (System.gc()) 1140M->83M(3959M) 149.439ms
[45.798s][info][gc,cpu         ] GC(155) User=0.14s Sys=0.02s Real=0.15s
[46.079s][info][gc,start       ] GC(156) Pause Young (Allocation Failure)
[46.080s][info][gc,heap        ] GC(156) DefNew: 1118528K(1258304K)->879K(1258304K) Eden: 1118528K(1118528K)->0K(1118528K) From: 0K(139776K)->879K(139776K)
[46.080s][info][gc,heap        ] GC(156) Tenured: 85000K(2796224K)->85000K(2796224K)
[46.080s][info][gc,metaspace   ] GC(156) Metaspace: 11677K(11904K)->11677K(11904K) NonClass: 10137K(10240K)->10137K(10240K) Class: 1540K(1664K)->1540K(1664K)
[46.080s][info][gc             ] GC(156) Pause Young (Allocation Failure) 1175M->83M(3959M) 0.957ms
[46.080s][info][gc,cpu         ] GC(156) User=0.00s Sys=0.00s Real=0.00s
[46.351s][info][gc,start       ] GC(157) Pause Young (Allocation Failure)
[46.353s][info][gc,heap        ] GC(157) DefNew: 1119407K(1258304K)->1909K(1258304K) Eden: 1118528K(1118528K)->0K(1118528K) From: 879K(139776K)->1909K(139776K)
[46.353s][info][gc,heap        ] GC(157) Tenured: 85000K(2796224K)->85000K(2796224K)
[46.353s][info][gc,metaspace   ] GC(157) Metaspace: 11677K(11904K)->11677K(11904K) NonClass: 10137K(10240K)->10137K(10240K) Class: 1540K(1664K)->1540K(1664K)
[46.353s][info][gc             ] GC(157) Pause Young (Allocation Failure) 1176M->84M(3959M) 1.654ms
[46.353s][info][gc,cpu         ] GC(157) User=0.00s Sys=0.00s Real=0.00s
[46.621s][info][gc,start       ] GC(158) Pause Young (Allocation Failure)
[46.624s][info][gc,heap        ] GC(158) DefNew: 1120437K(1258304K)->2800K(1258304K) Eden: 1118528K(1118528K)->0K(1118528K) From: 1909K(139776K)->2800K(139776K)
[46.624s][info][gc,heap        ] GC(158) Tenured: 85000K(2796224K)->85000K(2796224K)
[46.624s][info][gc,metaspace   ] GC(158) Metaspace: 11677K(11904K)->11677K(11904K) NonClass: 10137K(10240K)->10137K(10240K) Class: 1540K(1664K)->1540K(1664K)
[46.624s][info][gc             ] GC(158) Pause Young (Allocation Failure) 1177M->85M(3959M) 2.280ms
[46.624s][info][gc,cpu         ] GC(158) User=0.02s Sys=0.00s Real=0.00s
[46.902s][info][gc,start       ] GC(159) Pause Young (Allocation Failure)
[46.903s][info][gc,heap        ] GC(159) DefNew: 1121328K(1258304K)->156K(1258304K) Eden: 1118528K(1118528K)->0K(1118528K) From: 2800K(139776K)->156K(139776K)
[46.903s][info][gc,heap        ] GC(159) Tenured: 85000K(2796224K)->85000K(2796224K)
[46.903s][info][gc,metaspace   ] GC(159) Metaspace: 11677K(11904K)->11677K(11904K) NonClass: 10137K(10240K)->10137K(10240K) Class: 1540K(1664K)->1540K(1664K)
[46.903s][info][gc             ] GC(159) Pause Young (Allocation Failure) 1178M->83M(3959M) 0.485ms
[46.903s][info][gc,cpu         ] GC(159) User=0.00s Sys=0.00s Real=0.00s
[47.175s][info][gc,start       ] GC(160) Pause Young (Allocation Failure)
[47.176s][info][gc,heap        ] GC(160) DefNew: 1118684K(1258304K)->995K(1258304K) Eden: 1118528K(1118528K)->0K(1118528K) From: 156K(139776K)->995K(139776K)
[47.176s][info][gc,heap        ] GC(160) Tenured: 85000K(2796224K)->85000K(2796224K)
[47.176s][info][gc,metaspace   ] GC(160) Metaspace: 11677K(11904K)->11677K(11904K) NonClass: 10137K(10240K)->10137K(10240K) Class: 1540K(1664K)->1540K(1664K)
[47.176s][info][gc             ] GC(160) Pause Young (Allocation Failure) 1175M->83M(3959M) 1.083ms
[47.176s][info][gc,cpu         ] GC(160) User=0.00s Sys=0.00s Real=0.00s
[47.444s][info][gc,start       ] GC(161) Pause Young (Allocation Failure)
[47.446s][info][gc,heap        ] GC(161) DefNew: 1119523K(1258304K)->1721K(1258304K) Eden: 1118528K(1118528K)->0K(1118528K) From: 995K(139776K)->1721K(139776K)
[47.446s][info][gc,heap        ] GC(161) Tenured: 85000K(2796224K)->85000K(2796224K)
[47.446s][info][gc,metaspace   ] GC(161) Metaspace: 11677K(11904K)->11677K(11904K) NonClass: 10137K(10240K)->10137K(10240K) Class: 1540K(1664K)->1540K(1664K)
[47.446s][info][gc             ] GC(161) Pause Young (Allocation Failure) 1176M->84M(3959M) 1.571ms
[47.446s][info][gc,cpu         ] GC(161) User=0.00s Sys=0.00s Real=0.00s
[47.713s][info][gc,start       ] GC(162) Pause Young (Allocation Failure)
[47.715s][info][gc,heap        ] GC(162) DefNew: 1120249K(1258304K)->2363K(1258304K) Eden: 1118528K(1118528K)->0K(1118528K) From: 1721K(139776K)->2363K(139776K)
[47.715s][info][gc,heap        ] GC(162) Tenured: 85000K(2796224K)->85000K(2796224K)
[47.715s][info][gc,metaspace   ] GC(162) Metaspace: 11677K(11904K)->11677K(11904K) NonClass: 10137K(10240K)->10137K(10240K) Class: 1540K(1664K)->1540K(1664K)
[47.715s][info][gc             ] GC(162) Pause Young (Allocation Failure) 1177M->85M(3959M) 2.001ms
[47.715s][info][gc,cpu         ] GC(162) User=0.00s Sys=0.00s Real=0.00s
[47.994s][info][gc,start       ] GC(163) Pause Young (Allocation Failure)
[47.995s][info][gc,heap        ] GC(163) DefNew: 1120891K(1258304K)->226K(1258304K) Eden: 1118528K(1118528K)->0K(1118528K) From: 2363K(139776K)->226K(139776K)
[47.995s][info][gc,heap        ] GC(163) Tenured: 85000K(2796224K)->85000K(2796224K)
[47.995s][info][gc,metaspace   ] GC(163) Metaspace: 11677K(11904K)->11677K(11904K) NonClass: 10137K(10240K)->10137K(10240K) Class: 1540K(1664K)->1540K(1664K)
[47.995s][info][gc             ] GC(163) Pause Young (Allocation Failure) 1177M->83M(3959M) 0.507ms
[47.995s][info][gc,cpu         ] GC(163) User=0.00s Sys=0.00s Real=0.00s
[48.264s][info][gc,start       ] GC(164) Pause Full (System.gc())
[48.264s][info][gc,phases,start] GC(164) Phase 1: Mark live objects
[48.309s][info][gc,phases      ] GC(164) Phase 1: Mark live objects 44.847ms
[48.309s][info][gc,phases,start] GC(164) Phase 2: Compute new object addresses
[48.393s][info][gc,phases      ] GC(164) Phase 2: Compute new object addresses 83.987ms
[48.393s][info][gc,phases,start] GC(164) Phase 3: Adjust pointers
[48.415s][info][gc,phases      ] GC(164) Phase 3: Adjust pointers 22.016ms
[48.415s][info][gc,phases,start] GC(164) Phase 4: Move objects
[48.415s][info][gc,phases      ] GC(164) Phase 4: Move objects 0.010ms
[48.415s][info][gc,heap        ] GC(164) DefNew: 1104585K(1258304K)->0K(1258304K) Eden: 1104358K(1118528K)->0K(1118528K) From: 226K(139776K)->0K(139776K)
[48.415s][info][gc,heap        ] GC(164) Tenured: 85000K(2796224K)->85000K(2796224K)
[48.415s][info][gc,metaspace   ] GC(164) Metaspace: 11679K(11904K)->11679K(11904K) NonClass: 10139K(10240K)->10139K(10240K) Class: 1540K(1664K)->1540K(1664K)
[48.415s][info][gc             ] GC(164) Pause Full (System.gc()) 1161M->83M(3959M) 151.162ms
[48.415s][info][gc,cpu         ] GC(164) User=0.14s Sys=0.00s Real=0.14s
[48.690s][info][gc,start       ] GC(165) Pause Young (Allocation Failure)
[48.691s][info][gc,heap        ] GC(165) DefNew: 1118528K(1258304K)->819K(1258304K) Eden: 1118528K(1118528K)->0K(1118528K) From: 0K(139776K)->819K(139776K)
[48.691s][info][gc,heap        ] GC(165) Tenured: 85000K(2796224K)->85000K(2796224K)
[48.691s][info][gc,metaspace   ] GC(165) Metaspace: 11680K(11968K)->11680K(11968K) NonClass: 10140K(10304K)->10140K(10304K) Class: 1540K(1664K)->1540K(1664K)
[48.691s][info][gc             ] GC(165) Pause Young (Allocation Failure) 1175M->83M(3959M) 0.910ms
[48.691s][info][gc,cpu         ] GC(165) User=0.00s Sys=0.00s Real=0.00s
[48.965s][info][gc,start       ] GC(166) Pause Young (Allocation Failure)
[48.967s][info][gc,heap        ] GC(166) DefNew: 1119347K(1258304K)->1753K(1258304K) Eden: 1118528K(1118528K)->0K(1118528K) From: 819K(139776K)->1753K(139776K)
[48.967s][info][gc,heap        ] GC(166) Tenured: 85000K(2796224K)->85000K(2796224K)
[48.967s][info][gc,metaspace   ] GC(166) Metaspace: 11680K(11968K)->11680K(11968K) NonClass: 10140K(10304K)->10140K(10304K) Class: 1540K(1664K)->1540K(1664K)
[48.967s][info][gc             ] GC(166) Pause Young (Allocation Failure) 1176M->84M(3959M) 1.542ms
[48.967s][info][gc,cpu         ] GC(166) User=0.02s Sys=0.00s Real=0.00s
[49.238s][info][gc,start       ] GC(167) Pause Young (Allocation Failure)
[49.240s][info][gc,heap        ] GC(167) DefNew: 1120281K(1258304K)->2593K(1258304K) Eden: 1118528K(1118528K)->0K(1118528K) From: 1753K(139776K)->2593K(139776K)
[49.240s][info][gc,heap        ] GC(167) Tenured: 85000K(2796224K)->85000K(2796224K)
[49.240s][info][gc,metaspace   ] GC(167) Metaspace: 11680K(11968K)->11680K(11968K) NonClass: 10140K(10304K)->10140K(10304K) Class: 1540K(1664K)->1540K(1664K)
[49.240s][info][gc             ] GC(167) Pause Young (Allocation Failure) 1177M->85M(3959M) 2.181ms
[49.240s][info][gc,cpu         ] GC(167) User=0.00s Sys=0.00s Real=0.00s
[49.513s][info][gc,start       ] GC(168) Pause Young (Allocation Failure)
[49.514s][info][gc,heap        ] GC(168) DefNew: 1121121K(1258304K)->264K(1258304K) Eden: 1118528K(1118528K)->0K(1118528K) From: 2593K(139776K)->264K(139776K)
[49.514s][info][gc,heap        ] GC(168) Tenured: 85000K(2796224K)->85000K(2796224K)
[49.514s][info][gc,metaspace   ] GC(168) Metaspace: 11680K(11968K)->11680K(11968K) NonClass: 10140K(10304K)->10140K(10304K) Class: 1540K(1664K)->1540K(1664K)
[49.514s][info][gc             ] GC(168) Pause Young (Allocation Failure) 1177M->83M(3959M) 0.541ms
[49.514s][info][gc,cpu         ] GC(168) User=0.00s Sys=0.00s Real=0.00s
[49.783s][info][gc,start       ] GC(169) Pause Young (Allocation Failure)
[49.785s][info][gc,heap        ] GC(169) DefNew: 1118792K(1258304K)->1122K(1258304K) Eden: 1118528K(1118528K)->0K(1118528K) From: 264K(139776K)->1122K(139776K)
[49.785s][info][gc,heap        ] GC(169) Tenured: 85000K(2796224K)->85000K(2796224K)
[49.785s][info][gc,metaspace   ] GC(169) Metaspace: 11680K(11968K)->11680K(11968K) NonClass: 10140K(10304K)->10140K(10304K) Class: 1540K(1664K)->1540K(1664K)
[49.785s][info][gc             ] GC(169) Pause Young (Allocation Failure) 1175M->84M(3959M) 1.151ms
[49.785s][info][gc,cpu         ] GC(169) User=0.00s Sys=0.00s Real=0.00s
[50.062s][info][gc,start       ] GC(170) Pause Young (Allocation Failure)
[50.064s][info][gc,heap        ] GC(170) DefNew: 1119650K(1258304K)->2190K(1258304K) Eden: 1118528K(1118528K)->0K(1118528K) From: 1122K(139776K)->2190K(139776K)
[50.064s][info][gc,heap        ] GC(170) Tenured: 85000K(2796224K)->85000K(2796224K)
[50.064s][info][gc,metaspace   ] GC(170) Metaspace: 11680K(11968K)->11680K(11968K) NonClass: 10140K(10304K)->10140K(10304K) Class: 1540K(1664K)->1540K(1664K)
[50.064s][info][gc             ] GC(170) Pause Young (Allocation Failure) 1176M->85M(3959M) 1.864ms
[50.064s][info][gc,cpu         ] GC(170) User=0.00s Sys=0.00s Real=0.00s
[50.338s][info][gc,start       ] GC(171) Pause Young (Allocation Failure)
[50.338s][info][gc,heap        ] GC(171) DefNew: 1120718K(1258304K)->112K(1258304K) Eden: 1118528K(1118528K)->0K(1118528K) From: 2190K(139776K)->112K(139776K)
[50.338s][info][gc,heap        ] GC(171) Tenured: 85000K(2796224K)->85000K(2796224K)
[50.338s][info][gc,metaspace   ] GC(171) Metaspace: 11680K(11968K)->11680K(11968K) NonClass: 10140K(10304K)->10140K(10304K) Class: 1540K(1664K)->1540K(1664K)
[50.338s][info][gc             ] GC(171) Pause Young (Allocation Failure) 1177M->83M(3959M) 0.431ms
[50.338s][info][gc,cpu         ] GC(171) User=0.00s Sys=0.00s Real=0.00s
[50.611s][info][gc,start       ] GC(172) Pause Young (Allocation Failure)
[50.612s][info][gc,heap        ] GC(172) DefNew: 1118640K(1258304K)->983K(1258304K) Eden: 1118528K(1118528K)->0K(1118528K) From: 112K(139776K)->983K(139776K)
[50.612s][info][gc,heap        ] GC(172) Tenured: 85000K(2796224K)->85000K(2796224K)
[50.612s][info][gc,metaspace   ] GC(172) Metaspace: 11680K(11968K)->11680K(11968K) NonClass: 10140K(10304K)->10140K(10304K) Class: 1540K(1664K)->1540K(1664K)
[50.612s][info][gc             ] GC(172) Pause Young (Allocation Failure) 1175M->83M(3959M) 1.057ms
[50.612s][info][gc,cpu         ] GC(172) User=0.00s Sys=0.00s Real=0.00s
[50.881s][info][gc,start       ] GC(173) Pause Full (System.gc())
[50.881s][info][gc,phases,start] GC(173) Phase 1: Mark live objects
[50.926s][info][gc,phases      ] GC(173) Phase 1: Mark live objects 44.128ms
[50.926s][info][gc,phases,start] GC(173) Phase 2: Compute new object addresses
[51.008s][info][gc,phases      ] GC(173) Phase 2: Compute new object addresses 82.752ms
[51.008s][info][gc,phases,start] GC(173) Phase 3: Adjust pointers
[51.031s][info][gc,phases      ] GC(173) Phase 3: Adjust pointers 22.607ms
[51.031s][info][gc,phases,start] GC(173) Phase 4: Move objects
[51.031s][info][gc,phases      ] GC(173) Phase 4: Move objects 0.010ms
[51.031s][info][gc,heap        ] GC(173) DefNew: 1092079K(1258304K)->0K(1258304K) Eden: 1091095K(1118528K)->0K(1118528K) From: 983K(139776K)->0K(139776K)
[51.031s][info][gc,heap        ] GC(173) Tenured: 85000K(2796224K)->85000K(2796224K)
[51.031s][info][gc,metaspace   ] GC(173) Metaspace: 11680K(11968K)->11680K(11968K) NonClass: 10140K(10304K)->10140K(10304K) Class: 1540K(1664K)->1540K(1664K)
[51.031s][info][gc             ] GC(173) Pause Full (System.gc()) 1149M->83M(3959M) 149.791ms
[51.031s][info][gc,cpu         ] GC(173) User=0.16s Sys=0.00s Real=0.13s
[51.307s][info][gc,start       ] GC(174) Pause Young (Allocation Failure)
[51.308s][info][gc,heap        ] GC(174) DefNew: 1118528K(1258304K)->621K(1258304K) Eden: 1118528K(1118528K)->0K(1118528K) From: 0K(139776K)->621K(139776K)
[51.308s][info][gc,heap        ] GC(174) Tenured: 85000K(2796224K)->85000K(2796224K)
[51.308s][info][gc,metaspace   ] GC(174) Metaspace: 11681K(11968K)->11681K(11968K) NonClass: 10141K(10304K)->10141K(10304K) Class: 1540K(1664K)->1540K(1664K)
[51.308s][info][gc             ] GC(174) Pause Young (Allocation Failure) 1175M->83M(3959M) 0.792ms
[51.308s][info][gc,cpu         ] GC(174) User=0.00s Sys=0.00s Real=0.00s
[51.578s][info][gc,start       ] GC(175) Pause Young (Allocation Failure)
[51.579s][info][gc,heap        ] GC(175) DefNew: 1119149K(1258304K)->1470K(1258304K) Eden: 1118528K(1118528K)->0K(1118528K) From: 621K(139776K)->1470K(139776K)
[51.580s][info][gc,heap        ] GC(175) Tenured: 85000K(2796224K)->85000K(2796224K)
[51.580s][info][gc,metaspace   ] GC(175) Metaspace: 11681K(11968K)->11681K(11968K) NonClass: 10141K(10304K)->10141K(10304K) Class: 1540K(1664K)->1540K(1664K)
[51.580s][info][gc             ] GC(175) Pause Young (Allocation Failure) 1175M->84M(3959M) 1.371ms
[51.580s][info][gc,cpu         ] GC(175) User=0.00s Sys=0.00s Real=0.00s
[51.853s][info][gc,start       ] GC(176) Pause Young (Allocation Failure)
[51.855s][info][gc,heap        ] GC(176) DefNew: 1119998K(1258304K)->2408K(1258304K) Eden: 1118528K(1118528K)->0K(1118528K) From: 1470K(139776K)->2408K(139776K)
[51.855s][info][gc,heap        ] GC(176) Tenured: 85000K(2796224K)->85000K(2796224K)
[51.855s][info][gc,metaspace   ] GC(176) Metaspace: 11681K(11968K)->11681K(11968K) NonClass: 10141K(10304K)->10141K(10304K) Class: 1540K(1664K)->1540K(1664K)
[51.855s][info][gc             ] GC(176) Pause Young (Allocation Failure) 1176M->85M(3959M) 2.028ms
[51.855s][info][gc,cpu         ] GC(176) User=0.00s Sys=0.00s Real=0.00s
[52.131s][info][gc,start       ] GC(177) Pause Young (Allocation Failure)
[52.131s][info][gc,heap        ] GC(177) DefNew: 1120936K(1258304K)->124K(1258304K) Eden: 1118528K(1118528K)->0K(1118528K) From: 2408K(139776K)->124K(139776K)
[52.131s][info][gc,heap        ] GC(177) Tenured: 85000K(2796224K)->85000K(2796224K)
[52.131s][info][gc,metaspace   ] GC(177) Metaspace: 11681K(11968K)->11681K(11968K) NonClass: 10141K(10304K)->10141K(10304K) Class: 1540K(1664K)->1540K(1664K)
[52.131s][info][gc             ] GC(177) Pause Young (Allocation Failure) 1177M->83M(3959M) 0.446ms
[52.131s][info][gc,cpu         ] GC(177) User=0.00s Sys=0.00s Real=0.00s
[52.402s][info][gc,start       ] GC(178) Pause Young (Allocation Failure)
[52.403s][info][gc,heap        ] GC(178) DefNew: 1118652K(1258304K)->879K(1258304K) Eden: 1118528K(1118528K)->0K(1118528K) From: 124K(139776K)->879K(139776K)
[52.403s][info][gc,heap        ] GC(178) Tenured: 85000K(2796224K)->85000K(2796224K)
[52.403s][info][gc,metaspace   ] GC(178) Metaspace: 11681K(11968K)->11681K(11968K) NonClass: 10141K(10304K)->10141K(10304K) Class: 1540K(1664K)->1540K(1664K)
[52.403s][info][gc             ] GC(178) Pause Young (Allocation Failure) 1175M->83M(3959M) 0.990ms
[52.403s][info][gc,cpu         ] GC(178) User=0.00s Sys=0.00s Real=0.00s
[52.674s][info][gc,start       ] GC(179) Pause Young (Allocation Failure)
[52.675s][info][gc,heap        ] GC(179) DefNew: 1119377K(1258304K)->1767K(1258304K) Eden: 1118497K(1118528K)->0K(1118528K) From: 879K(139776K)->1767K(139776K)
[52.675s][info][gc,heap        ] GC(179) Tenured: 85000K(2796224K)->85000K(2796224K)
[52.675s][info][gc,metaspace   ] GC(179) Metaspace: 11681K(11968K)->11681K(11968K) NonClass: 10141K(10304K)->10141K(10304K) Class: 1540K(1664K)->1540K(1664K)
[52.675s][info][gc             ] GC(179) Pause Young (Allocation Failure) 1176M->84M(3959M) 1.613ms
[52.675s][info][gc,cpu         ] GC(179) User=0.00s Sys=0.00s Real=0.00s
[52.950s][info][gc,start       ] GC(180) Pause Young (Allocation Failure)
[52.952s][info][gc,heap        ] GC(180) DefNew: 1120295K(1258304K)->2288K(1258304K) Eden: 1118528K(1118528K)->0K(1118528K) From: 1767K(139776K)->2288K(139776K)
[52.952s][info][gc,heap        ] GC(180) Tenured: 85000K(2796224K)->85000K(2796224K)
[52.952s][info][gc,metaspace   ] GC(180) Metaspace: 11681K(11968K)->11681K(11968K) NonClass: 10141K(10304K)->10141K(10304K) Class: 1540K(1664K)->1540K(1664K)
[52.952s][info][gc             ] GC(180) Pause Young (Allocation Failure) 1177M->85M(3959M) 1.942ms
[52.952s][info][gc,cpu         ] GC(180) User=0.02s Sys=0.00s Real=0.00s
[53.227s][info][gc,start       ] GC(181) Pause Young (Allocation Failure)
[53.227s][info][gc,heap        ] GC(181) DefNew: 1120816K(1258304K)->465K(1258304K) Eden: 1118528K(1118528K)->0K(1118528K) From: 2288K(139776K)->465K(139776K)
[53.227s][info][gc,heap        ] GC(181) Tenured: 85000K(2796224K)->85000K(2796224K)
[53.227s][info][gc,metaspace   ] GC(181) Metaspace: 11681K(11968K)->11681K(11968K) NonClass: 10141K(10304K)->10141K(10304K) Class: 1540K(1664K)->1540K(1664K)
[53.227s][info][gc             ] GC(181) Pause Young (Allocation Failure) 1177M->83M(3959M) 0.676ms
[53.227s][info][gc,cpu         ] GC(181) User=0.00s Sys=0.00s Real=0.00s
[53.493s][info][gc,start       ] GC(182) Pause Full (System.gc())
[53.493s][info][gc,phases,start] GC(182) Phase 1: Mark live objects
[53.538s][info][gc,phases      ] GC(182) Phase 1: Mark live objects 44.474ms
[53.538s][info][gc,phases,start] GC(182) Phase 2: Compute new object addresses
[53.622s][info][gc,phases      ] GC(182) Phase 2: Compute new object addresses 83.751ms
[53.622s][info][gc,phases,start] GC(182) Phase 3: Adjust pointers
[53.644s][info][gc,phases      ] GC(182) Phase 3: Adjust pointers 22.352ms
[53.644s][info][gc,phases,start] GC(182) Phase 4: Move objects
[53.644s][info][gc,phases      ] GC(182) Phase 4: Move objects 0.009ms
[53.644s][info][gc,heap        ] GC(182) DefNew: 1098564K(1258304K)->0K(1258304K) Eden: 1098098K(1118528K)->0K(1118528K) From: 465K(139776K)->0K(139776K)
[53.644s][info][gc,heap        ] GC(182) Tenured: 85000K(2796224K)->85000K(2796224K)
[53.644s][info][gc,metaspace   ] GC(182) Metaspace: 11681K(11968K)->11681K(11968K) NonClass: 10141K(10304K)->10141K(10304K) Class: 1540K(1664K)->1540K(1664K)
[53.644s][info][gc             ] GC(182) Pause Full (System.gc()) 1155M->83M(3959M) 150.887ms
[53.644s][info][gc,cpu         ] GC(182) User=0.16s Sys=0.00s Real=0.15s
[53.947s][info][gc,start       ] GC(183) Pause Young (Allocation Failure)
[53.947s][info][gc,heap        ] GC(183) DefNew: 1118528K(1258304K)->894K(1258304K) Eden: 1118528K(1118528K)->0K(1118528K) From: 0K(139776K)->894K(139776K)
[53.948s][info][gc,heap        ] GC(183) Tenured: 85000K(2796224K)->85000K(2796224K)
[53.948s][info][gc,metaspace   ] GC(183) Metaspace: 11682K(11968K)->11682K(11968K) NonClass: 10142K(10304K)->10142K(10304K) Class: 1540K(1664K)->1540K(1664K)
[53.948s][info][gc             ] GC(183) Pause Young (Allocation Failure) 1175M->83M(3959M) 0.993ms
[53.948s][info][gc,cpu         ] GC(183) User=0.00s Sys=0.00s Real=0.00s
[54.231s][info][gc,start       ] GC(184) Pause Young (Allocation Failure)
[54.233s][info][gc,heap        ] GC(184) DefNew: 1119421K(1258304K)->1649K(1258304K) Eden: 1118526K(1118528K)->0K(1118528K) From: 894K(139776K)->1649K(139776K)
[54.233s][info][gc,heap        ] GC(184) Tenured: 85000K(2796224K)->85000K(2796224K)
[54.233s][info][gc,metaspace   ] GC(184) Metaspace: 11682K(11968K)->11682K(11968K) NonClass: 10142K(10304K)->10142K(10304K) Class: 1540K(1664K)->1540K(1664K)
[54.233s][info][gc             ] GC(184) Pause Young (Allocation Failure) 1176M->84M(3959M) 1.592ms
[54.233s][info][gc,cpu         ] GC(184) User=0.02s Sys=0.00s Real=0.00s
[54.518s][info][gc,start       ] GC(185) Pause Young (Allocation Failure)
[54.520s][info][gc,heap        ] GC(185) DefNew: 1120177K(1258304K)->2495K(1258304K) Eden: 1118528K(1118528K)->0K(1118528K) From: 1649K(139776K)->2495K(139776K)
[54.520s][info][gc,heap        ] GC(185) Tenured: 85000K(2796224K)->85000K(2796224K)
[54.520s][info][gc,metaspace   ] GC(185) Metaspace: 11682K(11968K)->11682K(11968K) NonClass: 10142K(10304K)->10142K(10304K) Class: 1540K(1664K)->1540K(1664K)
[54.520s][info][gc             ] GC(185) Pause Young (Allocation Failure) 1176M->85M(3959M) 2.202ms
[54.520s][info][gc,cpu         ] GC(185) User=0.00s Sys=0.00s Real=0.00s
[54.800s][info][gc,start       ] GC(186) Pause Young (Allocation Failure)
[54.800s][info][gc,heap        ] GC(186) DefNew: 1121023K(1258304K)->82K(1258304K) Eden: 1118528K(1118528K)->0K(1118528K) From: 2495K(139776K)->82K(139776K)
[54.800s][info][gc,heap        ] GC(186) Tenured: 85000K(2796224K)->85000K(2796224K)
[54.800s][info][gc,metaspace   ] GC(186) Metaspace: 11682K(11968K)->11682K(11968K) NonClass: 10142K(10304K)->10142K(10304K) Class: 1540K(1664K)->1540K(1664K)
[54.800s][info][gc             ] GC(186) Pause Young (Allocation Failure) 1177M->83M(3959M) 0.405ms
[54.800s][info][gc,cpu         ] GC(186) User=0.00s Sys=0.00s Real=0.00s
[55.076s][info][gc,start       ] GC(187) Pause Young (Allocation Failure)
[55.077s][info][gc,heap        ] GC(187) DefNew: 1118610K(1258304K)->842K(1258304K) Eden: 1118528K(1118528K)->0K(1118528K) From: 82K(139776K)->842K(139776K)
[55.077s][info][gc,heap        ] GC(187) Tenured: 85000K(2796224K)->85000K(2796224K)
[55.077s][info][gc,metaspace   ] GC(187) Metaspace: 11682K(11968K)->11682K(11968K) NonClass: 10142K(10304K)->10142K(10304K) Class: 1540K(1664K)->1540K(1664K)
[55.077s][info][gc             ] GC(187) Pause Young (Allocation Failure) 1175M->83M(3959M) 0.927ms
[55.077s][info][gc,cpu         ] GC(187) User=0.00s Sys=0.00s Real=0.00s
[55.348s][info][gc,start       ] GC(188) Pause Young (Allocation Failure)
[55.350s][info][gc,heap        ] GC(188) DefNew: 1119370K(1258304K)->1830K(1258304K) Eden: 1118528K(1118528K)->0K(1118528K) From: 842K(139776K)->1830K(139776K)
[55.350s][info][gc,heap        ] GC(188) Tenured: 85000K(2796224K)->85000K(2796224K)
[55.350s][info][gc,metaspace   ] GC(188) Metaspace: 11682K(11968K)->11682K(11968K) NonClass: 10142K(10304K)->10142K(10304K) Class: 1540K(1664K)->1540K(1664K)
[55.350s][info][gc             ] GC(188) Pause Young (Allocation Failure) 1176M->84M(3959M) 1.639ms
[55.350s][info][gc,cpu         ] GC(188) User=0.00s Sys=0.00s Real=0.00s
[55.620s][info][gc,start       ] GC(189) Pause Young (Allocation Failure)
[55.621s][info][gc,heap        ] GC(189) DefNew: 1120358K(1258304K)->2077K(1258304K) Eden: 1118528K(1118528K)->0K(1118528K) From: 1830K(139776K)->2077K(139776K)
[55.621s][info][gc,heap        ] GC(189) Tenured: 85000K(2796224K)->85000K(2796224K)
[55.621s][info][gc,metaspace   ] GC(189) Metaspace: 11682K(11968K)->11682K(11968K) NonClass: 10142K(10304K)->10142K(10304K) Class: 1540K(1664K)->1540K(1664K)
[55.621s][info][gc             ] GC(189) Pause Young (Allocation Failure) 1177M->85M(3959M) 1.805ms
[55.621s][info][gc,cpu         ] GC(189) User=0.00s Sys=0.00s Real=0.00s
[55.899s][info][gc,start       ] GC(190) Pause Young (Allocation Failure)
[55.900s][info][gc,heap        ] GC(190) DefNew: 1120605K(1258304K)->550K(1258304K) Eden: 1118528K(1118528K)->0K(1118528K) From: 2077K(139776K)->550K(139776K)
[55.900s][info][gc,heap        ] GC(190) Tenured: 85000K(2796224K)->85000K(2796224K)
[55.900s][info][gc,metaspace   ] GC(190) Metaspace: 11682K(11968K)->11682K(11968K) NonClass: 10142K(10304K)->10142K(10304K) Class: 1540K(1664K)->1540K(1664K)
[55.900s][info][gc             ] GC(190) Pause Young (Allocation Failure) 1177M->83M(3959M) 0.754ms
[55.900s][info][gc,cpu         ] GC(190) User=0.00s Sys=0.00s Real=0.00s
[56.169s][info][gc,start       ] GC(191) Pause Full (System.gc())
[56.169s][info][gc,phases,start] GC(191) Phase 1: Mark live objects
[56.213s][info][gc,phases      ] GC(191) Phase 1: Mark live objects 44.321ms
[56.213s][info][gc,phases,start] GC(191) Phase 2: Compute new object addresses
[56.297s][info][gc,phases      ] GC(191) Phase 2: Compute new object addresses 83.433ms
[56.297s][info][gc,phases,start] GC(191) Phase 3: Adjust pointers
[56.319s][info][gc,phases      ] GC(191) Phase 3: Adjust pointers 22.079ms
[56.319s][info][gc,phases,start] GC(191) Phase 4: Move objects
[56.319s][info][gc,phases      ] GC(191) Phase 4: Move objects 0.009ms
[56.319s][info][gc,heap        ] GC(191) DefNew: 1099655K(1258304K)->0K(1258304K) Eden: 1099104K(1118528K)->0K(1118528K) From: 550K(139776K)->0K(139776K)
[56.319s][info][gc,heap        ] GC(191) Tenured: 85000K(2796224K)->85000K(2796224K)
[56.319s][info][gc,metaspace   ] GC(191) Metaspace: 11682K(11968K)->11682K(11968K) NonClass: 10142K(10304K)->10142K(10304K) Class: 1540K(1664K)->1540K(1664K)
[56.319s][info][gc             ] GC(191) Pause Full (System.gc()) 1156M->83M(3959M) 150.138ms
[56.319s][info][gc,cpu         ] GC(191) User=0.17s Sys=0.00s Real=0.15s
[56.596s][info][gc,start       ] GC(192) Pause Young (Allocation Failure)
[56.596s][info][gc,heap        ] GC(192) DefNew: 1118528K(1258304K)->705K(1258304K) Eden: 1118528K(1118528K)->0K(1118528K) From: 0K(139776K)->705K(139776K)
[56.596s][info][gc,heap        ] GC(192) Tenured: 85000K(2796224K)->85000K(2796224K)
[56.596s][info][gc,metaspace   ] GC(192) Metaspace: 11686K(11968K)->11686K(11968K) NonClass: 10146K(10304K)->10146K(10304K) Class: 1540K(1664K)->1540K(1664K)
[56.596s][info][gc             ] GC(192) Pause Young (Allocation Failure) 1175M->83M(3959M) 0.847ms
[56.596s][info][gc,cpu         ] GC(192) User=0.00s Sys=0.00s Real=0.00s
[56.870s][info][gc,start       ] GC(193) Pause Young (Allocation Failure)
[56.871s][info][gc,heap        ] GC(193) DefNew: 1119233K(1258304K)->1632K(1258304K) Eden: 1118528K(1118528K)->0K(1118528K) From: 705K(139776K)->1632K(139776K)
[56.871s][info][gc,heap        ] GC(193) Tenured: 85000K(2796224K)->85000K(2796224K)
[56.871s][info][gc,metaspace   ] GC(193) Metaspace: 11686K(11968K)->11686K(11968K) NonClass: 10146K(10304K)->10146K(10304K) Class: 1540K(1664K)->1540K(1664K)
[56.871s][info][gc             ] GC(193) Pause Young (Allocation Failure) 1176M->84M(3959M) 1.534ms
[56.872s][info][gc,cpu         ] GC(193) User=0.00s Sys=0.00s Real=0.00s
[57.142s][info][gc,start       ] GC(194) Pause Young (Allocation Failure)
[57.144s][info][gc,heap        ] GC(194) DefNew: 1120160K(1258304K)->2242K(1258304K) Eden: 1118528K(1118528K)->0K(1118528K) From: 1632K(139776K)->2242K(139776K)
[57.144s][info][gc,heap        ] GC(194) Tenured: 85000K(2796224K)->85000K(2796224K)
[57.144s][info][gc,metaspace   ] GC(194) Metaspace: 11686K(11968K)->11686K(11968K) NonClass: 10146K(10304K)->10146K(10304K) Class: 1540K(1664K)->1540K(1664K)
[57.144s][info][gc             ] GC(194) Pause Young (Allocation Failure) 1176M->85M(3959M) 1.934ms
[57.144s][info][gc,cpu         ] GC(194) User=0.00s Sys=0.00s Real=0.00s
[57.418s][info][gc,start       ] GC(195) Pause Young (Allocation Failure)
[57.418s][info][gc,heap        ] GC(195) DefNew: 1120770K(1258304K)->70K(1258304K) Eden: 1118528K(1118528K)->0K(1118528K) From: 2242K(139776K)->70K(139776K)
[57.418s][info][gc,heap        ] GC(195) Tenured: 85000K(2796224K)->85000K(2796224K)
[57.418s][info][gc,metaspace   ] GC(195) Metaspace: 11686K(11968K)->11686K(11968K) NonClass: 10146K(10304K)->10146K(10304K) Class: 1540K(1664K)->1540K(1664K)
[57.418s][info][gc             ] GC(195) Pause Young (Allocation Failure) 1177M->83M(3959M) 0.396ms
[57.418s][info][gc,cpu         ] GC(195) User=0.00s Sys=0.00s Real=0.00s
[57.687s][info][gc,start       ] GC(196) Pause Young (Allocation Failure)
[57.688s][info][gc,heap        ] GC(196) DefNew: 1118598K(1258304K)->823K(1258304K) Eden: 1118528K(1118528K)->0K(1118528K) From: 70K(139776K)->823K(139776K)
[57.688s][info][gc,heap        ] GC(196) Tenured: 85000K(2796224K)->85000K(2796224K)
[57.688s][info][gc,metaspace   ] GC(196) Metaspace: 11686K(11968K)->11686K(11968K) NonClass: 10146K(10304K)->10146K(10304K) Class: 1540K(1664K)->1540K(1664K)
[57.688s][info][gc             ] GC(196) Pause Young (Allocation Failure) 1175M->83M(3959M) 0.931ms
[57.688s][info][gc,cpu         ] GC(196) User=0.00s Sys=0.00s Real=0.00s
[57.962s][info][gc,start       ] GC(197) Pause Young (Allocation Failure)
[57.963s][info][gc,heap        ] GC(197) DefNew: 1119351K(1258304K)->1608K(1258304K) Eden: 1118528K(1118528K)->0K(1118528K) From: 823K(139776K)->1608K(139776K)
[57.963s][info][gc,heap        ] GC(197) Tenured: 85000K(2796224K)->85000K(2796224K)
[57.963s][info][gc,metaspace   ] GC(197) Metaspace: 11686K(11968K)->11686K(11968K) NonClass: 10146K(10304K)->10146K(10304K) Class: 1540K(1664K)->1540K(1664K)
[57.963s][info][gc             ] GC(197) Pause Young (Allocation Failure) 1176M->84M(3959M) 1.453ms
[57.963s][info][gc,cpu         ] GC(197) User=0.00s Sys=0.00s Real=0.00s
[58.233s][info][gc,start       ] GC(198) Pause Young (Allocation Failure)
[58.234s][info][gc,heap        ] GC(198) DefNew: 1120136K(1258304K)->1821K(1258304K) Eden: 1118528K(1118528K)->0K(1118528K) From: 1608K(139776K)->1821K(139776K)
[58.234s][info][gc,heap        ] GC(198) Tenured: 85000K(2796224K)->85000K(2796224K)
[58.234s][info][gc,metaspace   ] GC(198) Metaspace: 11686K(11968K)->11686K(11968K) NonClass: 10146K(10304K)->10146K(10304K) Class: 1540K(1664K)->1540K(1664K)
[58.234s][info][gc             ] GC(198) Pause Young (Allocation Failure) 1176M->84M(3959M) 1.638ms
[58.234s][info][gc,cpu         ] GC(198) User=0.00s Sys=0.00s Real=0.00s
[58.508s][info][gc,start       ] GC(199) Pause Young (Allocation Failure)
[58.508s][info][gc,heap        ] GC(199) DefNew: 1120349K(1258304K)->44K(1258304K) Eden: 1118528K(1118528K)->0K(1118528K) From: 1821K(139776K)->44K(139776K)
[58.508s][info][gc,heap        ] GC(199) Tenured: 85000K(2796224K)->85000K(2796224K)
[58.508s][info][gc,metaspace   ] GC(199) Metaspace: 11686K(11968K)->11686K(11968K) NonClass: 10146K(10304K)->10146K(10304K) Class: 1540K(1664K)->1540K(1664K)
[58.508s][info][gc             ] GC(199) Pause Young (Allocation Failure) 1177M->83M(3959M) 0.394ms
[58.508s][info][gc,cpu         ] GC(199) User=0.00s Sys=0.00s Real=0.00s
[58.775s][info][gc,start       ] GC(200) Pause Full (System.gc())
[58.775s][info][gc,phases,start] GC(200) Phase 1: Mark live objects
[58.820s][info][gc,phases      ] GC(200) Phase 1: Mark live objects 44.992ms
[58.820s][info][gc,phases,start] GC(200) Phase 2: Compute new object addresses
[58.905s][info][gc,phases      ] GC(200) Phase 2: Compute new object addresses 84.587ms
[58.905s][info][gc,phases,start] GC(200) Phase 3: Adjust pointers
[58.927s][info][gc,phases      ] GC(200) Phase 3: Adjust pointers 22.353ms
[58.927s][info][gc,phases,start] GC(200) Phase 4: Move objects
[58.927s][info][gc,phases      ] GC(200) Phase 4: Move objects 0.009ms
[58.927s][info][gc,heap        ] GC(200) DefNew: 1106376K(1258304K)->0K(1258304K) Eden: 1106332K(1118528K)->0K(1118528K) From: 44K(139776K)->0K(139776K)
[58.927s][info][gc,heap        ] GC(200) Tenured: 85000K(2796224K)->85001K(2796224K)
[58.927s][info][gc,metaspace   ] GC(200) Metaspace: 11690K(11968K)->11690K(11968K) NonClass: 10150K(10304K)->10150K(10304K) Class: 1540K(1664K)->1540K(1664K)
[58.927s][info][gc             ] GC(200) Pause Full (System.gc()) 1163M->83M(3959M) 152.245ms
[58.927s][info][gc,cpu         ] GC(200) User=0.16s Sys=0.00s Real=0.15s
[59.202s][info][gc,start       ] GC(201) Pause Young (Allocation Failure)
[59.203s][info][gc,heap        ] GC(201) DefNew: 1118528K(1258304K)->799K(1258304K) Eden: 1118528K(1118528K)->0K(1118528K) From: 0K(139776K)->799K(139776K)
[59.203s][info][gc,heap        ] GC(201) Tenured: 85001K(2796224K)->85001K(2796224K)
[59.203s][info][gc,metaspace   ] GC(201) Metaspace: 11694K(11968K)->11694K(11968K) NonClass: 10154K(10304K)->10154K(10304K) Class: 1540K(1664K)->1540K(1664K)
[59.203s][info][gc             ] GC(201) Pause Young (Allocation Failure) 1175M->83M(3959M) 0.889ms
[59.203s][info][gc,cpu         ] GC(201) User=0.00s Sys=0.00s Real=0.00s
[59.473s][info][gc,start       ] GC(202) Pause Young (Allocation Failure)
[59.474s][info][gc,heap        ] GC(202) DefNew: 1119327K(1258304K)->1645K(1258304K) Eden: 1118528K(1118528K)->0K(1118528K) From: 799K(139776K)->1645K(139776K)
[59.474s][info][gc,heap        ] GC(202) Tenured: 85001K(2796224K)->85001K(2796224K)
[59.474s][info][gc,metaspace   ] GC(202) Metaspace: 11694K(11968K)->11694K(11968K) NonClass: 10154K(10304K)->10154K(10304K) Class: 1540K(1664K)->1540K(1664K)
[59.474s][info][gc             ] GC(202) Pause Young (Allocation Failure) 1176M->84M(3959M) 1.566ms
[59.474s][info][gc,cpu         ] GC(202) User=0.00s Sys=0.00s Real=0.00s
[59.744s][info][gc,start       ] GC(203) Pause Young (Allocation Failure)
[59.746s][info][gc,heap        ] GC(203) DefNew: 1120173K(1258304K)->2558K(1258304K) Eden: 1118528K(1118528K)->0K(1118528K) From: 1645K(139776K)->2558K(139776K)
[59.746s][info][gc,heap        ] GC(203) Tenured: 85001K(2796224K)->85001K(2796224K)
[59.746s][info][gc,metaspace   ] GC(203) Metaspace: 11694K(11968K)->11694K(11968K) NonClass: 10154K(10304K)->10154K(10304K) Class: 1540K(1664K)->1540K(1664K)
[59.746s][info][gc             ] GC(203) Pause Young (Allocation Failure) 1176M->85M(3959M) 2.131ms
[59.746s][info][gc,cpu         ] GC(203) User=0.00s Sys=0.00s Real=0.00s
[60.024s][info][gc,start       ] GC(204) Pause Young (Allocation Failure)
[60.024s][info][gc,heap        ] GC(204) DefNew: 1121086K(1258304K)->53K(1258304K) Eden: 1118528K(1118528K)->0K(1118528K) From: 2558K(139776K)->53K(139776K)
[60.024s][info][gc,heap        ] GC(204) Tenured: 85001K(2796224K)->85001K(2796224K)
[60.024s][info][gc,metaspace   ] GC(204) Metaspace: 11694K(11968K)->11694K(11968K) NonClass: 10154K(10304K)->10154K(10304K) Class: 1540K(1664K)->1540K(1664K)
[60.024s][info][gc             ] GC(204) Pause Young (Allocation Failure) 1177M->83M(3959M) 0.381ms
[60.024s][info][gc,cpu         ] GC(204) User=0.00s Sys=0.00s Real=0.00s
[60.296s][info][gc,start       ] GC(205) Pause Young (Allocation Failure)
[60.297s][info][gc,heap        ] GC(205) DefNew: 1118581K(1258304K)->852K(1258304K) Eden: 1118528K(1118528K)->0K(1118528K) From: 53K(139776K)->852K(139776K)
[60.297s][info][gc,heap        ] GC(205) Tenured: 85001K(2796224K)->85001K(2796224K)
[60.297s][info][gc,metaspace   ] GC(205) Metaspace: 11694K(11968K)->11694K(11968K) NonClass: 10154K(10304K)->10154K(10304K) Class: 1540K(1664K)->1540K(1664K)
[60.297s][info][gc             ] GC(205) Pause Young (Allocation Failure) 1175M->83M(3959M) 0.932ms
[60.297s][info][gc,cpu         ] GC(205) User=0.00s Sys=0.00s Real=0.00s
[60.567s][info][gc,start       ] GC(206) Pause Young (Allocation Failure)
[60.568s][info][gc,heap        ] GC(206) DefNew: 1119380K(1258304K)->1629K(1258304K) Eden: 1118528K(1118528K)->0K(1118528K) From: 852K(139776K)->1629K(139776K)
[60.568s][info][gc,heap        ] GC(206) Tenured: 85001K(2796224K)->85001K(2796224K)
[60.568s][info][gc,metaspace   ] GC(206) Metaspace: 11694K(11968K)->11694K(11968K) NonClass: 10154K(10304K)->10154K(10304K) Class: 1540K(1664K)->1540K(1664K)
[60.568s][info][gc             ] GC(206) Pause Young (Allocation Failure) 1176M->84M(3959M) 1.493ms
[60.568s][info][gc,cpu         ] GC(206) User=0.00s Sys=0.00s Real=0.00s
[60.839s][info][gc,start       ] GC(207) Pause Young (Allocation Failure)
[60.841s][info][gc,heap        ] GC(207) DefNew: 1120157K(1258304K)->2362K(1258304K) Eden: 1118528K(1118528K)->0K(1118528K) From: 1629K(139776K)->2362K(139776K)
[60.841s][info][gc,heap        ] GC(207) Tenured: 85001K(2796224K)->85001K(2796224K)
[60.841s][info][gc,metaspace   ] GC(207) Metaspace: 11694K(11968K)->11694K(11968K) NonClass: 10154K(10304K)->10154K(10304K) Class: 1540K(1664K)->1540K(1664K)
[60.841s][info][gc             ] GC(207) Pause Young (Allocation Failure) 1176M->85M(3959M) 2.028ms
[60.841s][info][gc,cpu         ] GC(207) User=0.00s Sys=0.00s Real=0.00s
[61.117s][info][gc,start       ] GC(208) Pause Young (Allocation Failure)
[61.117s][info][gc,heap        ] GC(208) DefNew: 1120890K(1258304K)->183K(1258304K) Eden: 1118528K(1118528K)->0K(1118528K) From: 2362K(139776K)->183K(139776K)
[61.117s][info][gc,heap        ] GC(208) Tenured: 85001K(2796224K)->85001K(2796224K)
[61.117s][info][gc,metaspace   ] GC(208) Metaspace: 11694K(11968K)->11694K(11968K) NonClass: 10154K(10304K)->10154K(10304K) Class: 1540K(1664K)->1540K(1664K)
[61.117s][info][gc             ] GC(208) Pause Young (Allocation Failure) 1177M->83M(3959M) 0.478ms
[61.117s][info][gc,cpu         ] GC(208) User=0.00s Sys=0.00s Real=0.00s
[61.384s][info][gc,start       ] GC(209) Pause Full (System.gc())
[61.385s][info][gc,phases,start] GC(209) Phase 1: Mark live objects
[61.429s][info][gc,phases      ] GC(209) Phase 1: Mark live objects 44.413ms
[61.429s][info][gc,phases,start] GC(209) Phase 2: Compute new object addresses
[61.514s][info][gc,phases      ] GC(209) Phase 2: Compute new object addresses 84.766ms
[61.514s][info][gc,phases,start] GC(209) Phase 3: Adjust pointers
[61.536s][info][gc,phases      ] GC(209) Phase 3: Adjust pointers 22.491ms
[61.536s][info][gc,phases,start] GC(209) Phase 4: Move objects
[61.536s][info][gc,phases      ] GC(209) Phase 4: Move objects 0.011ms
[61.536s][info][gc,heap        ] GC(209) DefNew: 1104286K(1258304K)->0K(1258304K) Eden: 1104102K(1118528K)->0K(1118528K) From: 183K(139776K)->0K(139776K)
[61.536s][info][gc,heap        ] GC(209) Tenured: 85001K(2796224K)->85000K(2796224K)
[61.536s][info][gc,metaspace   ] GC(209) Metaspace: 11695K(11968K)->11695K(11968K) NonClass: 10155K(10304K)->10155K(10304K) Class: 1540K(1664K)->1540K(1664K)
[61.536s][info][gc             ] GC(209) Pause Full (System.gc()) 1161M->83M(3959M) 151.978ms
[61.536s][info][gc,cpu         ] GC(209) User=0.16s Sys=0.00s Real=0.14s
[61.816s][info][gc,start       ] GC(210) Pause Young (Allocation Failure)
[61.817s][info][gc,heap        ] GC(210) DefNew: 1118528K(1258304K)->1042K(1258304K) Eden: 1118528K(1118528K)->0K(1118528K) From: 0K(139776K)->1042K(139776K)
[61.817s][info][gc,heap        ] GC(210) Tenured: 85000K(2796224K)->85000K(2796224K)
[61.817s][info][gc,metaspace   ] GC(210) Metaspace: 11695K(11968K)->11695K(11968K) NonClass: 10155K(10304K)->10155K(10304K) Class: 1540K(1664K)->1540K(1664K)
[61.817s][info][gc             ] GC(210) Pause Young (Allocation Failure) 1175M->84M(3959M) 1.164ms
[61.817s][info][gc,cpu         ] GC(210) User=0.00s Sys=0.00s Real=0.00s
[62.092s][info][gc,start       ] GC(211) Pause Young (Allocation Failure)
[62.093s][info][gc,heap        ] GC(211) DefNew: 1119570K(1258304K)->1882K(1258304K) Eden: 1118528K(1118528K)->0K(1118528K) From: 1042K(139776K)->1882K(139776K)
[62.093s][info][gc,heap        ] GC(211) Tenured: 85000K(2796224K)->85000K(2796224K)
[62.093s][info][gc,metaspace   ] GC(211) Metaspace: 11695K(11968K)->11695K(11968K) NonClass: 10155K(10304K)->10155K(10304K) Class: 1540K(1664K)->1540K(1664K)
[62.093s][info][gc             ] GC(211) Pause Young (Allocation Failure) 1176M->84M(3959M) 1.653ms
[62.094s][info][gc,cpu         ] GC(211) User=0.00s Sys=0.00s Real=0.00s
[62.363s][info][gc,start       ] GC(212) Pause Young (Allocation Failure)
[62.364s][info][gc,heap        ] GC(212) DefNew: 1120410K(1258304K)->2226K(1258304K) Eden: 1118528K(1118528K)->0K(1118528K) From: 1882K(139776K)->2226K(139776K)
[62.364s][info][gc,heap        ] GC(212) Tenured: 85000K(2796224K)->85000K(2796224K)
[62.364s][info][gc,metaspace   ] GC(212) Metaspace: 11695K(11968K)->11695K(11968K) NonClass: 10155K(10304K)->10155K(10304K) Class: 1540K(1664K)->1540K(1664K)
[62.364s][info][gc             ] GC(212) Pause Young (Allocation Failure) 1177M->85M(3959M) 1.874ms
[62.364s][info][gc,cpu         ] GC(212) User=0.00s Sys=0.00s Real=0.00s
[62.638s][info][gc,start       ] GC(213) Pause Young (Allocation Failure)
[62.639s][info][gc,heap        ] GC(213) DefNew: 1120754K(1258304K)->577K(1258304K) Eden: 1118528K(1118528K)->0K(1118528K) From: 2226K(139776K)->577K(139776K)
[62.639s][info][gc,heap        ] GC(213) Tenured: 85000K(2796224K)->85000K(2796224K)
[62.639s][info][gc,metaspace   ] GC(213) Metaspace: 11695K(11968K)->11695K(11968K) NonClass: 10155K(10304K)->10155K(10304K) Class: 1540K(1664K)->1540K(1664K)
[62.639s][info][gc             ] GC(213) Pause Young (Allocation Failure) 1177M->83M(3959M) 0.782ms
[62.639s][info][gc,cpu         ] GC(213) User=0.00s Sys=0.00s Real=0.00s
[62.914s][info][gc,start       ] GC(214) Pause Young (Allocation Failure)
[62.915s][info][gc,heap        ] GC(214) DefNew: 1119105K(1258304K)->1332K(1258304K) Eden: 1118528K(1118528K)->0K(1118528K) From: 577K(139776K)->1332K(139776K)
[62.915s][info][gc,heap        ] GC(214) Tenured: 85000K(2796224K)->85000K(2796224K)
[62.915s][info][gc,metaspace   ] GC(214) Metaspace: 11695K(11968K)->11695K(11968K) NonClass: 10155K(10304K)->10155K(10304K) Class: 1540K(1664K)->1540K(1664K)
[62.916s][info][gc             ] GC(214) Pause Young (Allocation Failure) 1175M->84M(3959M) 1.293ms
[62.916s][info][gc,cpu         ] GC(214) User=0.00s Sys=0.00s Real=0.00s
[63.186s][info][gc,start       ] GC(215) Pause Young (Allocation Failure)
[63.188s][info][gc,heap        ] GC(215) DefNew: 1119860K(1258304K)->1957K(1258304K) Eden: 1118528K(1118528K)->0K(1118528K) From: 1332K(139776K)->1957K(139776K)
[63.188s][info][gc,heap        ] GC(215) Tenured: 85000K(2796224K)->85000K(2796224K)
[63.188s][info][gc,metaspace   ] GC(215) Metaspace: 11695K(11968K)->11695K(11968K) NonClass: 10155K(10304K)->10155K(10304K) Class: 1540K(1664K)->1540K(1664K)
[63.188s][info][gc             ] GC(215) Pause Young (Allocation Failure) 1176M->84M(3959M) 1.700ms
[63.188s][info][gc,cpu         ] GC(215) User=0.00s Sys=0.00s Real=0.00s
[63.456s][info][gc,start       ] GC(216) Pause Young (Allocation Failure)
[63.459s][info][gc,heap        ] GC(216) DefNew: 1115702K(1258304K)->3034K(1258304K) Eden: 1113744K(1118528K)->0K(1118528K) From: 1957K(139776K)->3034K(139776K)
[63.459s][info][gc,heap        ] GC(216) Tenured: 85000K(2796224K)->85000K(2796224K)
[63.459s][info][gc,metaspace   ] GC(216) Metaspace: 11695K(11968K)->11695K(11968K) NonClass: 10155K(10304K)->10155K(10304K) Class: 1540K(1664K)->1540K(1664K)
[63.459s][info][gc             ] GC(216) Pause Young (Allocation Failure) 1172M->85M(3959M) 2.503ms
[63.459s][info][gc,cpu         ] GC(216) User=0.00s Sys=0.00s Real=0.00s
[63.732s][info][gc,start       ] GC(217) Pause Young (Allocation Failure)
[63.733s][info][gc,heap        ] GC(217) DefNew: 1121562K(1258304K)->651K(1258304K) Eden: 1118528K(1118528K)->0K(1118528K) From: 3034K(139776K)->651K(139776K)
[63.733s][info][gc,heap        ] GC(217) Tenured: 85000K(2796224K)->85000K(2796224K)
[63.733s][info][gc,metaspace   ] GC(217) Metaspace: 11695K(11968K)->11695K(11968K) NonClass: 10155K(10304K)->10155K(10304K) Class: 1540K(1664K)->1540K(1664K)
[63.733s][info][gc             ] GC(217) Pause Young (Allocation Failure) 1178M->83M(3959M) 0.831ms
[63.733s][info][gc,cpu         ] GC(217) User=0.00s Sys=0.00s Real=0.00s
[64.004s][info][gc,start       ] GC(218) Pause Full (System.gc())
[64.004s][info][gc,phases,start] GC(218) Phase 1: Mark live objects
[64.048s][info][gc,phases      ] GC(218) Phase 1: Mark live objects 44.345ms
[64.048s][info][gc,phases,start] GC(218) Phase 2: Compute new object addresses
[64.131s][info][gc,phases      ] GC(218) Phase 2: Compute new object addresses 83.108ms
[64.131s][info][gc,phases,start] GC(218) Phase 3: Adjust pointers
[64.154s][info][gc,phases      ] GC(218) Phase 3: Adjust pointers 22.439ms
[64.154s][info][gc,phases,start] GC(218) Phase 4: Move objects
[64.154s][info][gc,phases      ] GC(218) Phase 4: Move objects 0.010ms
[64.154s][info][gc,heap        ] GC(218) DefNew: 1094012K(1258304K)->0K(1258304K) Eden: 1093361K(1118528K)->0K(1118528K) From: 651K(139776K)->0K(139776K)
[64.154s][info][gc,heap        ] GC(218) Tenured: 85000K(2796224K)->85000K(2796224K)
[64.154s][info][gc,metaspace   ] GC(218) Metaspace: 11695K(11968K)->11695K(11968K) NonClass: 10155K(10304K)->10155K(10304K) Class: 1540K(1664K)->1540K(1664K)
[64.154s][info][gc             ] GC(218) Pause Full (System.gc()) 1151M->83M(3959M) 150.194ms
[64.154s][info][gc,cpu         ] GC(218) User=0.14s Sys=0.00s Real=0.14s
[64.430s][info][gc,start       ] GC(219) Pause Young (Allocation Failure)
[64.431s][info][gc,heap        ] GC(219) DefNew: 1118528K(1258304K)->982K(1258304K) Eden: 1118528K(1118528K)->0K(1118528K) From: 0K(139776K)->982K(139776K)
[64.431s][info][gc,heap        ] GC(219) Tenured: 85000K(2796224K)->85000K(2796224K)
[64.431s][info][gc,metaspace   ] GC(219) Metaspace: 11695K(11968K)->11695K(11968K) NonClass: 10155K(10304K)->10155K(10304K) Class: 1540K(1664K)->1540K(1664K)
[64.431s][info][gc             ] GC(219) Pause Young (Allocation Failure) 1175M->83M(3959M) 1.026ms
[64.431s][info][gc,cpu         ] GC(219) User=0.00s Sys=0.00s Real=0.00s
[64.701s][info][gc,start       ] GC(220) Pause Young (Allocation Failure)
[64.702s][info][gc,heap        ] GC(220) DefNew: 1119510K(1258304K)->2022K(1258304K) Eden: 1118528K(1118528K)->0K(1118528K) From: 982K(139776K)->2022K(139776K)
[64.702s][info][gc,heap        ] GC(220) Tenured: 85000K(2796224K)->85000K(2796224K)
[64.702s][info][gc,metaspace   ] GC(220) Metaspace: 11695K(11968K)->11695K(11968K) NonClass: 10155K(10304K)->10155K(10304K) Class: 1540K(1664K)->1540K(1664K)
[64.702s][info][gc             ] GC(220) Pause Young (Allocation Failure) 1176M->84M(3959M) 1.740ms
[64.702s][info][gc,cpu         ] GC(220) User=0.00s Sys=0.00s Real=0.00s
[64.977s][info][gc,start       ] GC(221) Pause Young (Allocation Failure)
[64.979s][info][gc,heap        ] GC(221) DefNew: 1120550K(1258304K)->3128K(1258304K) Eden: 1118528K(1118528K)->0K(1118528K) From: 2022K(139776K)->3128K(139776K)
[64.979s][info][gc,heap        ] GC(221) Tenured: 85000K(2796224K)->85000K(2796224K)
[64.979s][info][gc,metaspace   ] GC(221) Metaspace: 11695K(11968K)->11695K(11968K) NonClass: 10155K(10304K)->10155K(10304K) Class: 1540K(1664K)->1540K(1664K)
[64.979s][info][gc             ] GC(221) Pause Young (Allocation Failure) 1177M->86M(3959M) 2.554ms
[64.979s][info][gc,cpu         ] GC(221) User=0.00s Sys=0.00s Real=0.00s
[65.255s][info][gc,start       ] GC(222) Pause Young (Allocation Failure)
[65.256s][info][gc,heap        ] GC(222) DefNew: 1121656K(1258304K)->1150K(1258304K) Eden: 1118528K(1118528K)->0K(1118528K) From: 3128K(139776K)->1150K(139776K)
[65.256s][info][gc,heap        ] GC(222) Tenured: 85000K(2796224K)->85000K(2796224K)
[65.256s][info][gc,metaspace   ] GC(222) Metaspace: 11695K(11968K)->11695K(11968K) NonClass: 10155K(10304K)->10155K(10304K) Class: 1540K(1664K)->1540K(1664K)
[65.256s][info][gc             ] GC(222) Pause Young (Allocation Failure) 1178M->84M(3959M) 1.181ms
[65.256s][info][gc,cpu         ] GC(222) User=0.00s Sys=0.00s Real=0.00s
[65.526s][info][gc,start       ] GC(223) Pause Young (Allocation Failure)
[65.528s][info][gc,heap        ] GC(223) DefNew: 1119678K(1258304K)->2006K(1258304K) Eden: 1118528K(1118528K)->0K(1118528K) From: 1150K(139776K)->2006K(139776K)
[65.528s][info][gc,heap        ] GC(223) Tenured: 85000K(2796224K)->85000K(2796224K)
[65.528s][info][gc,metaspace   ] GC(223) Metaspace: 11695K(11968K)->11695K(11968K) NonClass: 10155K(10304K)->10155K(10304K) Class: 1540K(1664K)->1540K(1664K)
[65.528s][info][gc             ] GC(223) Pause Young (Allocation Failure) 1176M->84M(3959M) 1.745ms
[65.528s][info][gc,cpu         ] GC(223) User=0.00s Sys=0.00s Real=0.00s
[65.802s][info][gc,start       ] GC(224) Pause Young (Allocation Failure)
[65.802s][info][gc,heap        ] GC(224) DefNew: 1120534K(1258304K)->69K(1258304K) Eden: 1118528K(1118528K)->0K(1118528K) From: 2006K(139776K)->69K(139776K)
[65.802s][info][gc,heap        ] GC(224) Tenured: 85000K(2796224K)->85000K(2796224K)
[65.802s][info][gc,metaspace   ] GC(224) Metaspace: 11695K(11968K)->11695K(11968K) NonClass: 10155K(10304K)->10155K(10304K) Class: 1540K(1664K)->1540K(1664K)
[65.802s][info][gc             ] GC(224) Pause Young (Allocation Failure) 1177M->83M(3959M) 0.396ms
[65.802s][info][gc,cpu         ] GC(224) User=0.00s Sys=0.00s Real=0.00s
[66.079s][info][gc,start       ] GC(225) Pause Young (Allocation Failure)
[66.080s][info][gc,heap        ] GC(225) DefNew: 1118597K(1258304K)->1034K(1258304K) Eden: 1118528K(1118528K)->0K(1118528K) From: 69K(139776K)->1034K(139776K)
[66.080s][info][gc,heap        ] GC(225) Tenured: 85000K(2796224K)->85000K(2796224K)
[66.080s][info][gc,metaspace   ] GC(225) Metaspace: 11695K(11968K)->11695K(11968K) NonClass: 10155K(10304K)->10155K(10304K) Class: 1540K(1664K)->1540K(1664K)
[66.080s][info][gc             ] GC(225) Pause Young (Allocation Failure) 1175M->84M(3959M) 1.062ms
[66.080s][info][gc,cpu         ] GC(225) User=0.00s Sys=0.00s Real=0.00s
[66.350s][info][gc,start       ] GC(226) Pause Young (Allocation Failure)
[66.352s][info][gc,heap        ] GC(226) DefNew: 1119562K(1258304K)->1951K(1258304K) Eden: 1118528K(1118528K)->0K(1118528K) From: 1034K(139776K)->1951K(139776K)
[66.352s][info][gc,heap        ] GC(226) Tenured: 85000K(2796224K)->85000K(2796224K)
[66.352s][info][gc,metaspace   ] GC(226) Metaspace: 11695K(11968K)->11695K(11968K) NonClass: 10155K(10304K)->10155K(10304K) Class: 1540K(1664K)->1540K(1664K)
[66.352s][info][gc             ] GC(226) Pause Young (Allocation Failure) 1176M->84M(3959M) 1.683ms
[66.352s][info][gc,cpu         ] GC(226) User=0.00s Sys=0.00s Real=0.00s
[66.613s][info][gc,start       ] GC(227) Pause Full (System.gc())
[66.613s][info][gc,phases,start] GC(227) Phase 1: Mark live objects
[66.657s][info][gc,phases      ] GC(227) Phase 1: Mark live objects 44.255ms
[66.657s][info][gc,phases,start] GC(227) Phase 2: Compute new object addresses
[66.739s][info][gc,phases      ] GC(227) Phase 2: Compute new object addresses 81.533ms
[66.739s][info][gc,phases,start] GC(227) Phase 3: Adjust pointers
[66.761s][info][gc,phases      ] GC(227) Phase 3: Adjust pointers 21.890ms
[66.761s][info][gc,phases,start] GC(227) Phase 4: Move objects
[66.761s][info][gc,phases      ] GC(227) Phase 4: Move objects 0.009ms
[66.761s][info][gc,heap        ] GC(227) DefNew: 1077657K(1258304K)->0K(1258304K) Eden: 1075706K(1118528K)->0K(1118528K) From: 1951K(139776K)->0K(139776K)
[66.761s][info][gc,heap        ] GC(227) Tenured: 85000K(2796224K)->85001K(2796224K)
[66.761s][info][gc,metaspace   ] GC(227) Metaspace: 11695K(11968K)->11695K(11968K) NonClass: 10155K(10304K)->10155K(10304K) Class: 1540K(1664K)->1540K(1664K)
[66.761s][info][gc             ] GC(227) Pause Full (System.gc()) 1135M->83M(3959M) 147.996ms
[66.761s][info][gc,cpu         ] GC(227) User=0.14s Sys=0.00s Real=0.15s
[67.042s][info][gc,start       ] GC(228) Pause Young (Allocation Failure)
[67.043s][info][gc,heap        ] GC(228) DefNew: 1118528K(1258304K)->1007K(1258304K) Eden: 1118528K(1118528K)->0K(1118528K) From: 0K(139776K)->1007K(139776K)
[67.043s][info][gc,heap        ] GC(228) Tenured: 85001K(2796224K)->85001K(2796224K)
[67.043s][info][gc,metaspace   ] GC(228) Metaspace: 11697K(11968K)->11697K(11968K) NonClass: 10157K(10304K)->10157K(10304K) Class: 1540K(1664K)->1540K(1664K)
[67.043s][info][gc             ] GC(228) Pause Young (Allocation Failure) 1175M->83M(3959M) 1.136ms
[67.043s][info][gc,cpu         ] GC(228) User=0.00s Sys=0.00s Real=0.00s
[67.313s][info][gc,start       ] GC(229) Pause Young (Allocation Failure)
[67.315s][info][gc,heap        ] GC(229) DefNew: 1119535K(1258304K)->1665K(1258304K) Eden: 1118528K(1118528K)->0K(1118528K) From: 1007K(139776K)->1665K(139776K)
[67.315s][info][gc,heap        ] GC(229) Tenured: 85001K(2796224K)->85001K(2796224K)
[67.315s][info][gc,metaspace   ] GC(229) Metaspace: 11697K(11968K)->11697K(11968K) NonClass: 10157K(10304K)->10157K(10304K) Class: 1540K(1664K)->1540K(1664K)
[67.315s][info][gc             ] GC(229) Pause Young (Allocation Failure) 1176M->84M(3959M) 1.519ms
[67.315s][info][gc,cpu         ] GC(229) User=0.00s Sys=0.00s Real=0.00s
[67.584s][info][gc,start       ] GC(230) Pause Young (Allocation Failure)
[67.586s][info][gc,heap        ] GC(230) DefNew: 1120193K(1258304K)->2544K(1258304K) Eden: 1118528K(1118528K)->0K(1118528K) From: 1665K(139776K)->2544K(139776K)
[67.586s][info][gc,heap        ] GC(230) Tenured: 85001K(2796224K)->85001K(2796224K)
[67.586s][info][gc,metaspace   ] GC(230) Metaspace: 11697K(11968K)->11697K(11968K) NonClass: 10157K(10304K)->10157K(10304K) Class: 1540K(1664K)->1540K(1664K)
[67.586s][info][gc             ] GC(230) Pause Young (Allocation Failure) 1176M->85M(3959M) 2.146ms
[67.586s][info][gc,cpu         ] GC(230) User=0.00s Sys=0.00s Real=0.00s
[67.863s][info][gc,start       ] GC(231) Pause Young (Allocation Failure)
[67.863s][info][gc,heap        ] GC(231) DefNew: 1121072K(1258304K)->278K(1258304K) Eden: 1118528K(1118528K)->0K(1118528K) From: 2544K(139776K)->278K(139776K)
[67.863s][info][gc,heap        ] GC(231) Tenured: 85001K(2796224K)->85001K(2796224K)
[67.863s][info][gc,metaspace   ] GC(231) Metaspace: 11697K(11968K)->11697K(11968K) NonClass: 10157K(10304K)->10157K(10304K) Class: 1540K(1664K)->1540K(1664K)
[67.863s][info][gc             ] GC(231) Pause Young (Allocation Failure) 1177M->83M(3959M) 0.598ms
[67.863s][info][gc,cpu         ] GC(231) User=0.00s Sys=0.00s Real=0.00s
[68.136s][info][gc,start       ] GC(232) Pause Young (Allocation Failure)
[68.137s][info][gc,heap        ] GC(232) DefNew: 1118806K(1258304K)->1216K(1258304K) Eden: 1118528K(1118528K)->0K(1118528K) From: 278K(139776K)->1216K(139776K)
[68.137s][info][gc,heap        ] GC(232) Tenured: 85001K(2796224K)->85001K(2796224K)
[68.137s][info][gc,metaspace   ] GC(232) Metaspace: 11697K(11968K)->11697K(11968K) NonClass: 10157K(10304K)->10157K(10304K) Class: 1540K(1664K)->1540K(1664K)
[68.137s][info][gc             ] GC(232) Pause Young (Allocation Failure) 1175M->84M(3959M) 1.229ms
[68.137s][info][gc,cpu         ] GC(232) User=0.00s Sys=0.00s Real=0.00s
[68.406s][info][gc,start       ] GC(233) Pause Young (Allocation Failure)
[68.408s][info][gc,heap        ] GC(233) DefNew: 1119744K(1258304K)->1846K(1258304K) Eden: 1118528K(1118528K)->0K(1118528K) From: 1216K(139776K)->1846K(139776K)
[68.408s][info][gc,heap        ] GC(233) Tenured: 85001K(2796224K)->85001K(2796224K)
[68.408s][info][gc,metaspace   ] GC(233) Metaspace: 11697K(11968K)->11697K(11968K) NonClass: 10157K(10304K)->10157K(10304K) Class: 1540K(1664K)->1540K(1664K)
[68.408s][info][gc             ] GC(233) Pause Young (Allocation Failure) 1176M->84M(3959M) 1.625ms
[68.408s][info][gc,cpu         ] GC(233) User=0.00s Sys=0.00s Real=0.00s
[68.677s][info][gc,start       ] GC(234) Pause Young (Allocation Failure)
[68.679s][info][gc,heap        ] GC(234) DefNew: 1120374K(1258304K)->2375K(1258304K) Eden: 1118528K(1118528K)->0K(1118528K) From: 1846K(139776K)->2375K(139776K)
[68.679s][info][gc,heap        ] GC(234) Tenured: 85001K(2796224K)->85001K(2796224K)
[68.679s][info][gc,metaspace   ] GC(234) Metaspace: 11697K(11968K)->11697K(11968K) NonClass: 10157K(10304K)->10157K(10304K) Class: 1540K(1664K)->1540K(1664K)
[68.679s][info][gc             ] GC(234) Pause Young (Allocation Failure) 1177M->85M(3959M) 2.068ms
[68.679s][info][gc,cpu         ] GC(234) User=0.00s Sys=0.00s Real=0.00s
[68.964s][info][gc,start       ] GC(235) Pause Young (Allocation Failure)
[68.964s][info][gc,heap        ] GC(235) DefNew: 1120903K(1258304K)->410K(1258304K) Eden: 1118528K(1118528K)->0K(1118528K) From: 2375K(139776K)->410K(139776K)
[68.964s][info][gc,heap        ] GC(235) Tenured: 85001K(2796224K)->85001K(2796224K)
[68.964s][info][gc,metaspace   ] GC(235) Metaspace: 11697K(11968K)->11697K(11968K) NonClass: 10157K(10304K)->10157K(10304K) Class: 1540K(1664K)->1540K(1664K)
[68.964s][info][gc             ] GC(235) Pause Young (Allocation Failure) 1177M->83M(3959M) 0.645ms
[68.964s][info][gc,cpu         ] GC(235) User=0.00s Sys=0.00s Real=0.00s
[69.232s][info][gc,start       ] GC(236) Pause Full (System.gc())
[69.232s][info][gc,phases,start] GC(236) Phase 1: Mark live objects
[69.276s][info][gc,phases      ] GC(236) Phase 1: Mark live objects 44.163ms
[69.276s][info][gc,phases,start] GC(236) Phase 2: Compute new object addresses
[69.360s][info][gc,phases      ] GC(236) Phase 2: Compute new object addresses 83.487ms
[69.360s][info][gc,phases,start] GC(236) Phase 3: Adjust pointers
[69.382s][info][gc,phases      ] GC(236) Phase 3: Adjust pointers 21.833ms
[69.382s][info][gc,phases,start] GC(236) Phase 4: Move objects
[69.382s][info][gc,phases      ] GC(236) Phase 4: Move objects 0.009ms
[69.382s][info][gc,heap        ] GC(236) DefNew: 1096987K(1258304K)->0K(1258304K) Eden: 1096576K(1118528K)->0K(1118528K) From: 410K(139776K)->0K(139776K)
[69.382s][info][gc,heap        ] GC(236) Tenured: 85001K(2796224K)->85001K(2796224K)
[69.382s][info][gc,metaspace   ] GC(236) Metaspace: 11697K(11968K)->11697K(11968K) NonClass: 10157K(10304K)->10157K(10304K) Class: 1540K(1664K)->1540K(1664K)
[69.382s][info][gc             ] GC(236) Pause Full (System.gc()) 1154M->83M(3959M) 149.790ms
[69.382s][info][gc,cpu         ] GC(236) User=0.14s Sys=0.00s Real=0.14s
[69.657s][info][gc,start       ] GC(237) Pause Young (Allocation Failure)
[69.658s][info][gc,heap        ] GC(237) DefNew: 1118528K(1258304K)->750K(1258304K) Eden: 1118528K(1118528K)->0K(1118528K) From: 0K(139776K)->750K(139776K)
[69.658s][info][gc,heap        ] GC(237) Tenured: 85001K(2796224K)->85001K(2796224K)
[69.658s][info][gc,metaspace   ] GC(237) Metaspace: 11697K(11968K)->11697K(11968K) NonClass: 10157K(10304K)->10157K(10304K) Class: 1540K(1664K)->1540K(1664K)
[69.658s][info][gc             ] GC(237) Pause Young (Allocation Failure) 1175M->83M(3959M) 0.913ms
[69.658s][info][gc,cpu         ] GC(237) User=0.00s Sys=0.00s Real=0.00s
[69.934s][info][gc,start       ] GC(238) Pause Young (Allocation Failure)
[69.935s][info][gc,heap        ] GC(238) DefNew: 1119278K(1258304K)->1763K(1258304K) Eden: 1118528K(1118528K)->0K(1118528K) From: 750K(139776K)->1763K(139776K)
[69.935s][info][gc,heap        ] GC(238) Tenured: 85001K(2796224K)->85001K(2796224K)
[69.935s][info][gc,metaspace   ] GC(238) Metaspace: 11697K(11968K)->11697K(11968K) NonClass: 10157K(10304K)->10157K(10304K) Class: 1540K(1664K)->1540K(1664K)
[69.935s][info][gc             ] GC(238) Pause Young (Allocation Failure) 1176M->84M(3959M) 1.588ms
[69.935s][info][gc,cpu         ] GC(238) User=0.00s Sys=0.00s Real=0.00s
[70.205s][info][gc,start       ] GC(239) Pause Young (Allocation Failure)
[70.207s][info][gc,heap        ] GC(239) DefNew: 1120265K(1258304K)->2436K(1258304K) Eden: 1118501K(1118528K)->0K(1118528K) From: 1763K(139776K)->2436K(139776K)
[70.207s][info][gc,heap        ] GC(239) Tenured: 85001K(2796224K)->85001K(2796224K)
[70.207s][info][gc,metaspace   ] GC(239) Metaspace: 11697K(11968K)->11697K(11968K) NonClass: 10157K(10304K)->10157K(10304K) Class: 1540K(1664K)->1540K(1664K)
[70.207s][info][gc             ] GC(239) Pause Young (Allocation Failure) 1177M->85M(3959M) 2.026ms
[70.207s][info][gc,cpu         ] GC(239) User=0.00s Sys=0.00s Real=0.00s
[70.480s][info][gc,start       ] GC(240) Pause Young (Allocation Failure)
[70.480s][info][gc,heap        ] GC(240) DefNew: 1120964K(1258304K)->220K(1258304K) Eden: 1118528K(1118528K)->0K(1118528K) From: 2436K(139776K)->220K(139776K)
[70.480s][info][gc,heap        ] GC(240) Tenured: 85001K(2796224K)->85001K(2796224K)
[70.480s][info][gc,metaspace   ] GC(240) Metaspace: 11697K(11968K)->11697K(11968K) NonClass: 10157K(10304K)->10157K(10304K) Class: 1540K(1664K)->1540K(1664K)
[70.480s][info][gc             ] GC(240) Pause Young (Allocation Failure) 1177M->83M(3959M) 0.514ms
[70.480s][info][gc,cpu         ] GC(240) User=0.00s Sys=0.00s Real=0.00s
[70.751s][info][gc,start       ] GC(241) Pause Young (Allocation Failure)
[70.752s][info][gc,heap        ] GC(241) DefNew: 1118748K(1258304K)->951K(1258304K) Eden: 1118528K(1118528K)->0K(1118528K) From: 220K(139776K)->951K(139776K)
[70.752s][info][gc,heap        ] GC(241) Tenured: 85001K(2796224K)->85001K(2796224K)
[70.752s][info][gc,metaspace   ] GC(241) Metaspace: 11697K(11968K)->11697K(11968K) NonClass: 10157K(10304K)->10157K(10304K) Class: 1540K(1664K)->1540K(1664K)
[70.752s][info][gc             ] GC(241) Pause Young (Allocation Failure) 1175M->83M(3959M) 1.047ms
[70.752s][info][gc,cpu         ] GC(241) User=0.00s Sys=0.00s Real=0.00s
[71.025s][info][gc,start       ] GC(242) Pause Young (Allocation Failure)
[71.027s][info][gc,heap        ] GC(242) DefNew: 1119479K(1258304K)->1874K(1258304K) Eden: 1118528K(1118528K)->0K(1118528K) From: 951K(139776K)->1874K(139776K)
[71.027s][info][gc,heap        ] GC(242) Tenured: 85001K(2796224K)->85001K(2796224K)
[71.027s][info][gc,metaspace   ] GC(242) Metaspace: 11697K(11968K)->11697K(11968K) NonClass: 10157K(10304K)->10157K(10304K) Class: 1540K(1664K)->1540K(1664K)
[71.027s][info][gc             ] GC(242) Pause Young (Allocation Failure) 1176M->84M(3959M) 1.721ms
[71.027s][info][gc,cpu         ] GC(242) User=0.00s Sys=0.00s Real=0.00s
[71.297s][info][gc,start       ] GC(243) Pause Young (Allocation Failure)
[71.300s][info][gc,heap        ] GC(243) DefNew: 1120365K(1258304K)->2592K(1258304K) Eden: 1118490K(1118528K)->0K(1118528K) From: 1874K(139776K)->2592K(139776K)
[71.300s][info][gc,heap        ] GC(243) Tenured: 85001K(2796224K)->85001K(2796224K)
[71.300s][info][gc,metaspace   ] GC(243) Metaspace: 11697K(11968K)->11697K(11968K) NonClass: 10157K(10304K)->10157K(10304K) Class: 1540K(1664K)->1540K(1664K)
[71.300s][info][gc             ] GC(243) Pause Young (Allocation Failure) 1177M->85M(3959M) 2.264ms
[71.300s][info][gc,cpu         ] GC(243) User=0.00s Sys=0.00s Real=0.00s
[71.575s][info][gc,start       ] GC(244) Pause Young (Allocation Failure)
[71.576s][info][gc,heap        ] GC(244) DefNew: 1121120K(1258304K)->475K(1258304K) Eden: 1118528K(1118528K)->0K(1118528K) From: 2592K(139776K)->475K(139776K)
[71.576s][info][gc,heap        ] GC(244) Tenured: 85001K(2796224K)->85001K(2796224K)
[71.576s][info][gc,metaspace   ] GC(244) Metaspace: 11697K(11968K)->11697K(11968K) NonClass: 10157K(10304K)->10157K(10304K) Class: 1540K(1664K)->1540K(1664K)
[71.576s][info][gc             ] GC(244) Pause Young (Allocation Failure) 1177M->83M(3959M) 0.683ms
[71.576s][info][gc,cpu         ] GC(244) User=0.00s Sys=0.00s Real=0.00s
[71.845s][info][gc,start       ] GC(245) Pause Full (System.gc())
[71.845s][info][gc,phases,start] GC(245) Phase 1: Mark live objects
[71.890s][info][gc,phases      ] GC(245) Phase 1: Mark live objects 44.492ms
[71.890s][info][gc,phases,start] GC(245) Phase 2: Compute new object addresses
[71.973s][info][gc,phases      ] GC(245) Phase 2: Compute new object addresses 83.499ms
[71.973s][info][gc,phases,start] GC(245) Phase 3: Adjust pointers
[71.995s][info][gc,phases      ] GC(245) Phase 3: Adjust pointers 22.101ms
[71.995s][info][gc,phases,start] GC(245) Phase 4: Move objects
[71.995s][info][gc,phases      ] GC(245) Phase 4: Move objects 0.010ms
[71.996s][info][gc,heap        ] GC(245) DefNew: 1098485K(1258304K)->0K(1258304K) Eden: 1098009K(1118528K)->0K(1118528K) From: 475K(139776K)->0K(139776K)
[71.996s][info][gc,heap        ] GC(245) Tenured: 85001K(2796224K)->85000K(2796224K)
[71.996s][info][gc,metaspace   ] GC(245) Metaspace: 11697K(11968K)->11697K(11968K) NonClass: 10157K(10304K)->10157K(10304K) Class: 1540K(1664K)->1540K(1664K)
[71.996s][info][gc             ] GC(245) Pause Full (System.gc()) 1155M->83M(3959M) 150.401ms
[71.996s][info][gc,cpu         ] GC(245) User=0.14s Sys=0.00s Real=0.15s
[72.272s][info][gc,start       ] GC(246) Pause Young (Allocation Failure)
[72.273s][info][gc,heap        ] GC(246) DefNew: 1118528K(1258304K)->909K(1258304K) Eden: 1118528K(1118528K)->0K(1118528K) From: 0K(139776K)->909K(139776K)
[72.273s][info][gc,heap        ] GC(246) Tenured: 85000K(2796224K)->85000K(2796224K)
[72.273s][info][gc,metaspace   ] GC(246) Metaspace: 11697K(11968K)->11697K(11968K) NonClass: 10157K(10304K)->10157K(10304K) Class: 1540K(1664K)->1540K(1664K)
[72.273s][info][gc             ] GC(246) Pause Young (Allocation Failure) 1175M->83M(3959M) 1.001ms
[72.273s][info][gc,cpu         ] GC(246) User=0.00s Sys=0.00s Real=0.00s
[72.542s][info][gc,start       ] GC(247) Pause Young (Allocation Failure)
[72.543s][info][gc,heap        ] GC(247) DefNew: 1119437K(1258304K)->1829K(1258304K) Eden: 1118528K(1118528K)->0K(1118528K) From: 909K(139776K)->1829K(139776K)
[72.543s][info][gc,heap        ] GC(247) Tenured: 85000K(2796224K)->85000K(2796224K)
[72.543s][info][gc,metaspace   ] GC(247) Metaspace: 11697K(11968K)->11697K(11968K) NonClass: 10157K(10304K)->10157K(10304K) Class: 1540K(1664K)->1540K(1664K)
[72.543s][info][gc             ] GC(247) Pause Young (Allocation Failure) 1176M->84M(3959M) 1.671ms
[72.543s][info][gc,cpu         ] GC(247) User=0.00s Sys=0.00s Real=0.00s
[72.812s][info][gc,start       ] GC(248) Pause Young (Allocation Failure)
[72.814s][info][gc,heap        ] GC(248) DefNew: 1120357K(1258304K)->2349K(1258304K) Eden: 1118528K(1118528K)->0K(1118528K) From: 1829K(139776K)->2349K(139776K)
[72.814s][info][gc,heap        ] GC(248) Tenured: 85000K(2796224K)->85000K(2796224K)
[72.814s][info][gc,metaspace   ] GC(248) Metaspace: 11697K(11968K)->11697K(11968K) NonClass: 10157K(10304K)->10157K(10304K) Class: 1540K(1664K)->1540K(1664K)
[72.814s][info][gc             ] GC(248) Pause Young (Allocation Failure) 1177M->85M(3959M) 2.017ms
[72.814s][info][gc,cpu         ] GC(248) User=0.00s Sys=0.00s Real=0.00s
[73.093s][info][gc,start       ] GC(249) Pause Young (Allocation Failure)
[73.093s][info][gc,heap        ] GC(249) DefNew: 1120877K(1258304K)->347K(1258304K) Eden: 1118528K(1118528K)->0K(1118528K) From: 2349K(139776K)->347K(139776K)
[73.093s][info][gc,heap        ] GC(249) Tenured: 85000K(2796224K)->85000K(2796224K)
[73.093s][info][gc,metaspace   ] GC(249) Metaspace: 11697K(11968K)->11697K(11968K) NonClass: 10157K(10304K)->10157K(10304K) Class: 1540K(1664K)->1540K(1664K)
[73.093s][info][gc             ] GC(249) Pause Young (Allocation Failure) 1177M->83M(3959M) 0.606ms
[73.093s][info][gc,cpu         ] GC(249) User=0.00s Sys=0.00s Real=0.00s
[73.362s][info][gc,start       ] GC(250) Pause Young (Allocation Failure)
[73.363s][info][gc,heap        ] GC(250) DefNew: 1118875K(1258304K)->1029K(1258304K) Eden: 1118528K(1118528K)->0K(1118528K) From: 347K(139776K)->1029K(139776K)
[73.363s][info][gc,heap        ] GC(250) Tenured: 85000K(2796224K)->85000K(2796224K)
[73.363s][info][gc,metaspace   ] GC(250) Metaspace: 11697K(11968K)->11697K(11968K) NonClass: 10157K(10304K)->10157K(10304K) Class: 1540K(1664K)->1540K(1664K)
[73.363s][info][gc             ] GC(250) Pause Young (Allocation Failure) 1175M->84M(3959M) 1.085ms
[73.363s][info][gc,cpu         ] GC(250) User=0.00s Sys=0.00s Real=0.00s
[73.633s][info][gc,start       ] GC(251) Pause Young (Allocation Failure)
[73.634s][info][gc,heap        ] GC(251) DefNew: 1119557K(1258304K)->2005K(1258304K) Eden: 1118528K(1118528K)->0K(1118528K) From: 1029K(139776K)->2005K(139776K)
[73.635s][info][gc,heap        ] GC(251) Tenured: 85000K(2796224K)->85000K(2796224K)
[73.635s][info][gc,metaspace   ] GC(251) Metaspace: 11697K(11968K)->11697K(11968K) NonClass: 10157K(10304K)->10157K(10304K) Class: 1540K(1664K)->1540K(1664K)
[73.635s][info][gc             ] GC(251) Pause Young (Allocation Failure) 1176M->84M(3959M) 1.744ms
[73.635s][info][gc,cpu         ] GC(251) User=0.00s Sys=0.00s Real=0.00s
[73.913s][info][gc,start       ] GC(252) Pause Young (Allocation Failure)
[73.913s][info][gc,heap        ] GC(252) DefNew: 1120533K(1258304K)->168K(1258304K) Eden: 1118528K(1118528K)->0K(1118528K) From: 2005K(139776K)->168K(139776K)
[73.913s][info][gc,heap        ] GC(252) Tenured: 85000K(2796224K)->85000K(2796224K)
[73.913s][info][gc,metaspace   ] GC(252) Metaspace: 11697K(11968K)->11697K(11968K) NonClass: 10157K(10304K)->10157K(10304K) Class: 1540K(1664K)->1540K(1664K)
[73.913s][info][gc             ] GC(252) Pause Young (Allocation Failure) 1177M->83M(3959M) 0.467ms
[73.913s][info][gc,cpu         ] GC(252) User=0.00s Sys=0.00s Real=0.00s
[74.184s][info][gc,start       ] GC(253) Pause Young (Allocation Failure)
[74.185s][info][gc,heap        ] GC(253) DefNew: 1118696K(1258304K)->1050K(1258304K) Eden: 1118528K(1118528K)->0K(1118528K) From: 168K(139776K)->1050K(139776K)
[74.185s][info][gc,heap        ] GC(253) Tenured: 85000K(2796224K)->85000K(2796224K)
[74.185s][info][gc,metaspace   ] GC(253) Metaspace: 11697K(11968K)->11697K(11968K) NonClass: 10157K(10304K)->10157K(10304K) Class: 1540K(1664K)->1540K(1664K)
[74.185s][info][gc             ] GC(253) Pause Young (Allocation Failure) 1175M->84M(3959M) 1.081ms
[74.185s][info][gc,cpu         ] GC(253) User=0.00s Sys=0.00s Real=0.00s
[74.450s][info][gc,start       ] GC(254) Pause Full (System.gc())
[74.450s][info][gc,phases,start] GC(254) Phase 1: Mark live objects
[74.494s][info][gc,phases      ] GC(254) Phase 1: Mark live objects 44.267ms
[74.495s][info][gc,phases,start] GC(254) Phase 2: Compute new object addresses
[74.577s][info][gc,phases      ] GC(254) Phase 2: Compute new object addresses 82.881ms
[74.577s][info][gc,phases,start] GC(254) Phase 3: Adjust pointers
[74.600s][info][gc,phases      ] GC(254) Phase 3: Adjust pointers 22.324ms
[74.600s][info][gc,phases,start] GC(254) Phase 4: Move objects
[74.600s][info][gc,phases      ] GC(254) Phase 4: Move objects 0.009ms
[74.600s][info][gc,heap        ] GC(254) DefNew: 1093096K(1258304K)->0K(1258304K) Eden: 1092045K(1118528K)->0K(1118528K) From: 1050K(139776K)->0K(139776K)
[74.600s][info][gc,heap        ] GC(254) Tenured: 85000K(2796224K)->85000K(2796224K)
[74.600s][info][gc,metaspace   ] GC(254) Metaspace: 11697K(11968K)->11697K(11968K) NonClass: 10157K(10304K)->10157K(10304K) Class: 1540K(1664K)->1540K(1664K)
[74.600s][info][gc             ] GC(254) Pause Full (System.gc()) 1150M->83M(3959M) 149.782ms
[74.600s][info][gc,cpu         ] GC(254) User=0.16s Sys=0.00s Real=0.14s
[74.881s][info][gc,start       ] GC(255) Pause Young (Allocation Failure)
[74.882s][info][gc,heap        ] GC(255) DefNew: 1118528K(1258304K)->783K(1258304K) Eden: 1118528K(1118528K)->0K(1118528K) From: 0K(139776K)->783K(139776K)
[74.882s][info][gc,heap        ] GC(255) Tenured: 85000K(2796224K)->85000K(2796224K)
[74.882s][info][gc,metaspace   ] GC(255) Metaspace: 11715K(11968K)->11715K(11968K) NonClass: 10175K(10304K)->10175K(10304K) Class: 1540K(1664K)->1540K(1664K)
[74.882s][info][gc             ] GC(255) Pause Young (Allocation Failure) 1175M->83M(3959M) 0.895ms
[74.882s][info][gc,cpu         ] GC(255) User=0.00s Sys=0.00s Real=0.00s
[75.153s][info][gc,start       ] GC(256) Pause Young (Allocation Failure)
[75.155s][info][gc,heap        ] GC(256) DefNew: 1119311K(1258304K)->1678K(1258304K) Eden: 1118528K(1118528K)->0K(1118528K) From: 783K(139776K)->1678K(139776K)
[75.155s][info][gc,heap        ] GC(256) Tenured: 85000K(2796224K)->85000K(2796224K)
[75.155s][info][gc,metaspace   ] GC(256) Metaspace: 11715K(11968K)->11715K(11968K) NonClass: 10175K(10304K)->10175K(10304K) Class: 1540K(1664K)->1540K(1664K)
[75.155s][info][gc             ] GC(256) Pause Young (Allocation Failure) 1176M->84M(3959M) 1.584ms
[75.155s][info][gc,cpu         ] GC(256) User=0.02s Sys=0.00s Real=0.00s
[75.424s][info][gc,start       ] GC(257) Pause Young (Allocation Failure)
[75.426s][info][gc,heap        ] GC(257) DefNew: 1120206K(1258304K)->2020K(1258304K) Eden: 1118528K(1118528K)->0K(1118528K) From: 1678K(139776K)->2020K(139776K)
[75.426s][info][gc,heap        ] GC(257) Tenured: 85000K(2796224K)->85000K(2796224K)
[75.426s][info][gc,metaspace   ] GC(257) Metaspace: 11715K(11968K)->11715K(11968K) NonClass: 10175K(10304K)->10175K(10304K) Class: 1540K(1664K)->1540K(1664K)
[75.426s][info][gc             ] GC(257) Pause Young (Allocation Failure) 1176M->84M(3959M) 1.702ms
[75.426s][info][gc,cpu         ] GC(257) User=0.00s Sys=0.00s Real=0.00s
[75.699s][info][gc,start       ] GC(258) Pause Young (Allocation Failure)
[75.699s][info][gc,heap        ] GC(258) DefNew: 1120548K(1258304K)->172K(1258304K) Eden: 1118528K(1118528K)->0K(1118528K) From: 2020K(139776K)->172K(139776K)
[75.699s][info][gc,heap        ] GC(258) Tenured: 85000K(2796224K)->85000K(2796224K)
[75.699s][info][gc,metaspace   ] GC(258) Metaspace: 11715K(11968K)->11715K(11968K) NonClass: 10175K(10304K)->10175K(10304K) Class: 1540K(1664K)->1540K(1664K)
[75.699s][info][gc             ] GC(258) Pause Young (Allocation Failure) 1177M->83M(3959M) 0.479ms
[75.699s][info][gc,cpu         ] GC(258) User=0.00s Sys=0.00s Real=0.00s
[75.974s][info][gc,start       ] GC(259) Pause Young (Allocation Failure)
[75.975s][info][gc,heap        ] GC(259) DefNew: 1118700K(1258304K)->914K(1258304K) Eden: 1118528K(1118528K)->0K(1118528K) From: 172K(139776K)->914K(139776K)
[75.975s][info][gc,heap        ] GC(259) Tenured: 85000K(2796224K)->85000K(2796224K)
[75.975s][info][gc,metaspace   ] GC(259) Metaspace: 11715K(11968K)->11715K(11968K) NonClass: 10175K(10304K)->10175K(10304K) Class: 1540K(1664K)->1540K(1664K)
[75.975s][info][gc             ] GC(259) Pause Young (Allocation Failure) 1175M->83M(3959M) 0.974ms
[75.975s][info][gc,cpu         ] GC(259) User=0.00s Sys=0.00s Real=0.00s
[76.245s][info][gc,start       ] GC(260) Pause Young (Allocation Failure)
[76.246s][info][gc,heap        ] GC(260) DefNew: 1119442K(1258304K)->1631K(1258304K) Eden: 1118528K(1118528K)->0K(1118528K) From: 914K(139776K)->1631K(139776K)
[76.246s][info][gc,heap        ] GC(260) Tenured: 85000K(2796224K)->85000K(2796224K)
[76.246s][info][gc,metaspace   ] GC(260) Metaspace: 11715K(11968K)->11715K(11968K) NonClass: 10175K(10304K)->10175K(10304K) Class: 1540K(1664K)->1540K(1664K)
[76.246s][info][gc             ] GC(260) Pause Young (Allocation Failure) 1176M->84M(3959M) 1.543ms
[76.246s][info][gc,cpu         ] GC(260) User=0.00s Sys=0.00s Real=0.00s
[76.517s][info][gc,start       ] GC(261) Pause Young (Allocation Failure)
[76.519s][info][gc,heap        ] GC(261) DefNew: 1120159K(1258304K)->2159K(1258304K) Eden: 1118528K(1118528K)->0K(1118528K) From: 1631K(139776K)->2159K(139776K)
[76.519s][info][gc,heap        ] GC(261) Tenured: 85000K(2796224K)->85000K(2796224K)
[76.519s][info][gc,metaspace   ] GC(261) Metaspace: 11715K(11968K)->11715K(11968K) NonClass: 10175K(10304K)->10175K(10304K) Class: 1540K(1664K)->1540K(1664K)
[76.519s][info][gc             ] GC(261) Pause Young (Allocation Failure) 1176M->85M(3959M) 1.861ms
[76.519s][info][gc,cpu         ] GC(261) User=0.00s Sys=0.00s Real=0.00s
[76.791s][info][gc,start       ] GC(262) Pause Young (Allocation Failure)
[76.791s][info][gc,heap        ] GC(262) DefNew: 1120687K(1258304K)->130K(1258304K) Eden: 1118528K(1118528K)->0K(1118528K) From: 2159K(139776K)->130K(139776K)
[76.791s][info][gc,heap        ] GC(262) Tenured: 85000K(2796224K)->85000K(2796224K)
[76.791s][info][gc,metaspace   ] GC(262) Metaspace: 11715K(11968K)->11715K(11968K) NonClass: 10175K(10304K)->10175K(10304K) Class: 1540K(1664K)->1540K(1664K)
[76.791s][info][gc             ] GC(262) Pause Young (Allocation Failure) 1177M->83M(3959M) 0.472ms
[76.791s][info][gc,cpu         ] GC(262) User=0.00s Sys=0.00s Real=0.00s
[77.066s][info][gc,start       ] GC(263) Pause Full (System.gc())
[77.066s][info][gc,phases,start] GC(263) Phase 1: Mark live objects
[77.110s][info][gc,phases      ] GC(263) Phase 1: Mark live objects 44.281ms
[77.110s][info][gc,phases,start] GC(263) Phase 2: Compute new object addresses
[77.195s][info][gc,phases      ] GC(263) Phase 2: Compute new object addresses 84.699ms
[77.195s][info][gc,phases,start] GC(263) Phase 3: Adjust pointers
[77.217s][info][gc,phases      ] GC(263) Phase 3: Adjust pointers 21.832ms
[77.217s][info][gc,phases,start] GC(263) Phase 4: Move objects
[77.217s][info][gc,phases      ] GC(263) Phase 4: Move objects 0.009ms
[77.217s][info][gc,heap        ] GC(263) DefNew: 1103520K(1258304K)->0K(1258304K) Eden: 1103389K(1118528K)->0K(1118528K) From: 130K(139776K)->0K(139776K)
[77.217s][info][gc,heap        ] GC(263) Tenured: 85000K(2796224K)->85000K(2796224K)
[77.217s][info][gc,metaspace   ] GC(263) Metaspace: 11715K(11968K)->11715K(11968K) NonClass: 10175K(10304K)->10175K(10304K) Class: 1540K(1664K)->1540K(1664K)
[77.217s][info][gc             ] GC(263) Pause Full (System.gc()) 1160M->83M(3959M) 151.118ms
[77.217s][info][gc,cpu         ] GC(263) User=0.16s Sys=0.00s Real=0.15s
[77.493s][info][gc,start       ] GC(264) Pause Young (Allocation Failure)
[77.493s][info][gc,heap        ] GC(264) DefNew: 1118528K(1258304K)->603K(1258304K) Eden: 1118528K(1118528K)->0K(1118528K) From: 0K(139776K)->603K(139776K)
[77.493s][info][gc,heap        ] GC(264) Tenured: 85000K(2796224K)->85000K(2796224K)
[77.493s][info][gc,metaspace   ] GC(264) Metaspace: 11722K(11968K)->11722K(11968K) NonClass: 10182K(10304K)->10182K(10304K) Class: 1540K(1664K)->1540K(1664K)
[77.493s][info][gc             ] GC(264) Pause Young (Allocation Failure) 1175M->83M(3959M) 0.826ms
[77.493s][info][gc,cpu         ] GC(264) User=0.00s Sys=0.00s Real=0.00s
[77.764s][info][gc,start       ] GC(265) Pause Young (Allocation Failure)
[77.765s][info][gc,heap        ] GC(265) DefNew: 1119131K(1258304K)->1535K(1258304K) Eden: 1118528K(1118528K)->0K(1118528K) From: 603K(139776K)->1535K(139776K)
[77.765s][info][gc,heap        ] GC(265) Tenured: 85000K(2796224K)->85000K(2796224K)
[77.765s][info][gc,metaspace   ] GC(265) Metaspace: 11722K(11968K)->11722K(11968K) NonClass: 10182K(10304K)->10182K(10304K) Class: 1540K(1664K)->1540K(1664K)
[77.765s][info][gc             ] GC(265) Pause Young (Allocation Failure) 1175M->84M(3959M) 1.432ms
[77.765s][info][gc,cpu         ] GC(265) User=0.00s Sys=0.00s Real=0.00s
[78.040s][info][gc,start       ] GC(266) Pause Young (Allocation Failure)
[78.042s][info][gc,heap        ] GC(266) DefNew: 1120063K(1258304K)->2545K(1258304K) Eden: 1118528K(1118528K)->0K(1118528K) From: 1535K(139776K)->2545K(139776K)
[78.042s][info][gc,heap        ] GC(266) Tenured: 85000K(2796224K)->85000K(2796224K)
[78.042s][info][gc,metaspace   ] GC(266) Metaspace: 11722K(11968K)->11722K(11968K) NonClass: 10182K(10304K)->10182K(10304K) Class: 1540K(1664K)->1540K(1664K)
[78.042s][info][gc             ] GC(266) Pause Young (Allocation Failure) 1176M->85M(3959M) 2.194ms
[78.042s][info][gc,cpu         ] GC(266) User=0.00s Sys=0.00s Real=0.00s
[78.315s][info][gc,start       ] GC(267) Pause Young (Allocation Failure)
[78.315s][info][gc,heap        ] GC(267) DefNew: 1121073K(1258304K)->226K(1258304K) Eden: 1118528K(1118528K)->0K(1118528K) From: 2545K(139776K)->226K(139776K)
[78.315s][info][gc,heap        ] GC(267) Tenured: 85000K(2796224K)->85000K(2796224K)
[78.315s][info][gc,metaspace   ] GC(267) Metaspace: 11722K(11968K)->11722K(11968K) NonClass: 10182K(10304K)->10182K(10304K) Class: 1540K(1664K)->1540K(1664K)
[78.315s][info][gc             ] GC(267) Pause Young (Allocation Failure) 1177M->83M(3959M) 0.561ms
[78.315s][info][gc,cpu         ] GC(267) User=0.00s Sys=0.00s Real=0.00s
[78.586s][info][gc,start       ] GC(268) Pause Young (Allocation Failure)
[78.587s][info][gc,heap        ] GC(268) DefNew: 1118754K(1258304K)->1197K(1258304K) Eden: 1118528K(1118528K)->0K(1118528K) From: 226K(139776K)->1197K(139776K)
[78.587s][info][gc,heap        ] GC(268) Tenured: 85000K(2796224K)->85000K(2796224K)
[78.587s][info][gc,metaspace   ] GC(268) Metaspace: 11722K(11968K)->11722K(11968K) NonClass: 10182K(10304K)->10182K(10304K) Class: 1540K(1664K)->1540K(1664K)
[78.587s][info][gc             ] GC(268) Pause Young (Allocation Failure) 1175M->84M(3959M) 1.194ms
[78.587s][info][gc,cpu         ] GC(268) User=0.00s Sys=0.00s Real=0.00s
[78.860s][info][gc,start       ] GC(269) Pause Young (Allocation Failure)
[78.862s][info][gc,heap        ] GC(269) DefNew: 1119725K(1258304K)->1666K(1258304K) Eden: 1118528K(1118528K)->0K(1118528K) From: 1197K(139776K)->1666K(139776K)
[78.862s][info][gc,heap        ] GC(269) Tenured: 85000K(2796224K)->85000K(2796224K)
[78.862s][info][gc,metaspace   ] GC(269) Metaspace: 11722K(11968K)->11722K(11968K) NonClass: 10182K(10304K)->10182K(10304K) Class: 1540K(1664K)->1540K(1664K)
[78.862s][info][gc             ] GC(269) Pause Young (Allocation Failure) 1176M->84M(3959M) 1.539ms
[78.862s][info][gc,cpu         ] GC(269) User=0.00s Sys=0.00s Real=0.00s
[79.133s][info][gc,start       ] GC(270) Pause Young (Allocation Failure)
[79.135s][info][gc,heap        ] GC(270) DefNew: 1120194K(1258304K)->2638K(1258304K) Eden: 1118528K(1118528K)->0K(1118528K) From: 1666K(139776K)->2638K(139776K)
[79.135s][info][gc,heap        ] GC(270) Tenured: 85000K(2796224K)->85000K(2796224K)
[79.135s][info][gc,metaspace   ] GC(270) Metaspace: 11722K(11968K)->11722K(11968K) NonClass: 10182K(10304K)->10182K(10304K) Class: 1540K(1664K)->1540K(1664K)
[79.135s][info][gc             ] GC(270) Pause Young (Allocation Failure) 1176M->85M(3959M) 2.178ms
[79.135s][info][gc,cpu         ] GC(270) User=0.00s Sys=0.00s Real=0.00s
[79.409s][info][gc,start       ] GC(271) Pause Young (Allocation Failure)
[79.409s][info][gc,heap        ] GC(271) DefNew: 1121166K(1258304K)->861K(1258304K) Eden: 1118528K(1118528K)->0K(1118528K) From: 2638K(139776K)->861K(139776K)
[79.409s][info][gc,heap        ] GC(271) Tenured: 85000K(2796224K)->85000K(2796224K)
[79.409s][info][gc,metaspace   ] GC(271) Metaspace: 11722K(11968K)->11722K(11968K) NonClass: 10182K(10304K)->10182K(10304K) Class: 1540K(1664K)->1540K(1664K)
[79.409s][info][gc             ] GC(271) Pause Young (Allocation Failure) 1177M->83M(3959M) 0.933ms
[79.409s][info][gc,cpu         ] GC(271) User=0.00s Sys=0.00s Real=0.00s
[79.675s][info][gc,start       ] GC(272) Pause Full (System.gc())
[79.675s][info][gc,phases,start] GC(272) Phase 1: Mark live objects
[79.720s][info][gc,phases      ] GC(272) Phase 1: Mark live objects 44.581ms
[79.720s][info][gc,phases,start] GC(272) Phase 2: Compute new object addresses
[79.803s][info][gc,phases      ] GC(272) Phase 2: Compute new object addresses 83.381ms
[79.803s][info][gc,phases,start] GC(272) Phase 3: Adjust pointers
[79.825s][info][gc,phases      ] GC(272) Phase 3: Adjust pointers 22.067ms
[79.825s][info][gc,phases,start] GC(272) Phase 4: Move objects
[79.825s][info][gc,phases      ] GC(272) Phase 4: Move objects 0.010ms
[79.826s][info][gc,heap        ] GC(272) DefNew: 1093484K(1258304K)->0K(1258304K) Eden: 1092622K(1118528K)->0K(1118528K) From: 861K(139776K)->0K(139776K)
[79.826s][info][gc,heap        ] GC(272) Tenured: 85000K(2796224K)->85001K(2796224K)
[79.826s][info][gc,metaspace   ] GC(272) Metaspace: 11722K(11968K)->11722K(11968K) NonClass: 10182K(10304K)->10182K(10304K) Class: 1540K(1664K)->1540K(1664K)
[79.826s][info][gc             ] GC(272) Pause Full (System.gc()) 1150M->83M(3959M) 150.367ms
[79.826s][info][gc,cpu         ] GC(272) User=0.14s Sys=0.00s Real=0.15s
[80.103s][info][gc,start       ] GC(273) Pause Young (Allocation Failure)
[80.103s][info][gc,heap        ] GC(273) DefNew: 1118528K(1258304K)->730K(1258304K) Eden: 1118528K(1118528K)->0K(1118528K) From: 0K(139776K)->730K(139776K)
[80.103s][info][gc,heap        ] GC(273) Tenured: 85001K(2796224K)->85001K(2796224K)
[80.103s][info][gc,metaspace   ] GC(273) Metaspace: 11722K(11968K)->11722K(11968K) NonClass: 10182K(10304K)->10182K(10304K) Class: 1540K(1664K)->1540K(1664K)
[80.103s][info][gc             ] GC(273) Pause Young (Allocation Failure) 1175M->83M(3959M) 0.851ms
[80.103s][info][gc,cpu         ] GC(273) User=0.00s Sys=0.00s Real=0.00s
[80.374s][info][gc,start       ] GC(274) Pause Young (Allocation Failure)
[80.375s][info][gc,heap        ] GC(274) DefNew: 1119258K(1258304K)->1702K(1258304K) Eden: 1118528K(1118528K)->0K(1118528K) From: 730K(139776K)->1702K(139776K)
[80.376s][info][gc,heap        ] GC(274) Tenured: 85001K(2796224K)->85001K(2796224K)
[80.376s][info][gc,metaspace   ] GC(274) Metaspace: 11722K(11968K)->11722K(11968K) NonClass: 10182K(10304K)->10182K(10304K) Class: 1540K(1664K)->1540K(1664K)
[80.376s][info][gc             ] GC(274) Pause Young (Allocation Failure) 1176M->84M(3959M) 1.539ms
[80.376s][info][gc,cpu         ] GC(274) User=0.00s Sys=0.00s Real=0.00s
[80.645s][info][gc,start       ] GC(275) Pause Young (Allocation Failure)
[80.647s][info][gc,heap        ] GC(275) DefNew: 1120230K(1258304K)->1950K(1258304K) Eden: 1118528K(1118528K)->0K(1118528K) From: 1702K(139776K)->1950K(139776K)
[80.647s][info][gc,heap        ] GC(275) Tenured: 85001K(2796224K)->85001K(2796224K)
[80.647s][info][gc,metaspace   ] GC(275) Metaspace: 11722K(11968K)->11722K(11968K) NonClass: 10182K(10304K)->10182K(10304K) Class: 1540K(1664K)->1540K(1664K)
[80.647s][info][gc             ] GC(275) Pause Young (Allocation Failure) 1176M->84M(3959M) 1.700ms
[80.647s][info][gc,cpu         ] GC(275) User=0.00s Sys=0.00s Real=0.00s
[80.925s][info][gc,start       ] GC(276) Pause Young (Allocation Failure)
[80.925s][info][gc,heap        ] GC(276) DefNew: 1120478K(1258304K)->59K(1258304K) Eden: 1118528K(1118528K)->0K(1118528K) From: 1950K(139776K)->59K(139776K)
[80.925s][info][gc,heap        ] GC(276) Tenured: 85001K(2796224K)->85001K(2796224K)
[80.925s][info][gc,metaspace   ] GC(276) Metaspace: 11722K(11968K)->11722K(11968K) NonClass: 10182K(10304K)->10182K(10304K) Class: 1540K(1664K)->1540K(1664K)
[80.925s][info][gc             ] GC(276) Pause Young (Allocation Failure) 1177M->83M(3959M) 0.391ms
[80.925s][info][gc,cpu         ] GC(276) User=0.00s Sys=0.00s Real=0.00s
[81.196s][info][gc,start       ] GC(277) Pause Young (Allocation Failure)
[81.197s][info][gc,heap        ] GC(277) DefNew: 1118587K(1258304K)->909K(1258304K) Eden: 1118528K(1118528K)->0K(1118528K) From: 59K(139776K)->909K(139776K)
[81.197s][info][gc,heap        ] GC(277) Tenured: 85001K(2796224K)->85001K(2796224K)
[81.197s][info][gc,metaspace   ] GC(277) Metaspace: 11722K(11968K)->11722K(11968K) NonClass: 10182K(10304K)->10182K(10304K) Class: 1540K(1664K)->1540K(1664K)
[81.197s][info][gc             ] GC(277) Pause Young (Allocation Failure) 1175M->83M(3959M) 1.021ms
[81.197s][info][gc,cpu         ] GC(277) User=0.00s Sys=0.00s Real=0.00s
[81.465s][info][gc,start       ] GC(278) Pause Young (Allocation Failure)
[81.467s][info][gc,heap        ] GC(278) DefNew: 1119437K(1258304K)->1939K(1258304K) Eden: 1118528K(1118528K)->0K(1118528K) From: 909K(139776K)->1939K(139776K)
[81.467s][info][gc,heap        ] GC(278) Tenured: 85001K(2796224K)->85001K(2796224K)
[81.467s][info][gc,metaspace   ] GC(278) Metaspace: 11722K(11968K)->11722K(11968K) NonClass: 10182K(10304K)->10182K(10304K) Class: 1540K(1664K)->1540K(1664K)
[81.467s][info][gc             ] GC(278) Pause Young (Allocation Failure) 1176M->84M(3959M) 1.689ms
[81.467s][info][gc,cpu         ] GC(278) User=0.02s Sys=0.00s Real=0.00s
[81.737s][info][gc,start       ] GC(279) Pause Young (Allocation Failure)
[81.739s][info][gc,heap        ] GC(279) DefNew: 1120467K(1258304K)->2204K(1258304K) Eden: 1118528K(1118528K)->0K(1118528K) From: 1939K(139776K)->2204K(139776K)
[81.739s][info][gc,heap        ] GC(279) Tenured: 85001K(2796224K)->85001K(2796224K)
[81.739s][info][gc,metaspace   ] GC(279) Metaspace: 11722K(11968K)->11722K(11968K) NonClass: 10182K(10304K)->10182K(10304K) Class: 1540K(1664K)->1540K(1664K)
[81.739s][info][gc             ] GC(279) Pause Young (Allocation Failure) 1177M->85M(3959M) 2.042ms
[81.739s][info][gc,cpu         ] GC(279) User=0.00s Sys=0.00s Real=0.00s
[82.017s][info][gc,start       ] GC(280) Pause Young (Allocation Failure)
[82.018s][info][gc,heap        ] GC(280) DefNew: 1120732K(1258304K)->532K(1258304K) Eden: 1118528K(1118528K)->0K(1118528K) From: 2204K(139776K)->532K(139776K)
[82.018s][info][gc,heap        ] GC(280) Tenured: 85001K(2796224K)->85001K(2796224K)
[82.018s][info][gc,metaspace   ] GC(280) Metaspace: 11722K(11968K)->11722K(11968K) NonClass: 10182K(10304K)->10182K(10304K) Class: 1540K(1664K)->1540K(1664K)
[82.018s][info][gc             ] GC(280) Pause Young (Allocation Failure) 1177M->83M(3959M) 0.750ms
[82.018s][info][gc,cpu         ] GC(280) User=0.00s Sys=0.00s Real=0.00s
[82.285s][info][gc,start       ] GC(281) Pause Full (System.gc())
[82.285s][info][gc,phases,start] GC(281) Phase 1: Mark live objects
[82.329s][info][gc,phases      ] GC(281) Phase 1: Mark live objects 44.564ms
[82.330s][info][gc,phases,start] GC(281) Phase 2: Compute new object addresses
[82.414s][info][gc,phases      ] GC(281) Phase 2: Compute new object addresses 84.031ms
[82.414s][info][gc,phases,start] GC(281) Phase 3: Adjust pointers
[82.436s][info][gc,phases      ] GC(281) Phase 3: Adjust pointers 22.166ms
[82.436s][info][gc,phases,start] GC(281) Phase 4: Move objects
[82.436s][info][gc,phases      ] GC(281) Phase 4: Move objects 0.011ms
[82.436s][info][gc,heap        ] GC(281) DefNew: 1099803K(1258304K)->0K(1258304K) Eden: 1099271K(1118528K)->0K(1118528K) From: 532K(139776K)->0K(139776K)
[82.436s][info][gc,heap        ] GC(281) Tenured: 85001K(2796224K)->85000K(2796224K)
[82.436s][info][gc,metaspace   ] GC(281) Metaspace: 11723K(11968K)->11723K(11968K) NonClass: 10182K(10304K)->10182K(10304K) Class: 1540K(1664K)->1540K(1664K)
[82.436s][info][gc             ] GC(281) Pause Full (System.gc()) 1157M->83M(3959M) 151.079ms
[82.436s][info][gc,cpu         ] GC(281) User=0.16s Sys=0.00s Real=0.15s
[82.712s][info][gc,start       ] GC(282) Pause Young (Allocation Failure)
[82.713s][info][gc,heap        ] GC(282) DefNew: 1118528K(1258304K)->771K(1258304K) Eden: 1118528K(1118528K)->0K(1118528K) From: 0K(139776K)->771K(139776K)
[82.713s][info][gc,heap        ] GC(282) Tenured: 85000K(2796224K)->85000K(2796224K)
[82.713s][info][gc,metaspace   ] GC(282) Metaspace: 11723K(11968K)->11723K(11968K) NonClass: 10182K(10304K)->10182K(10304K) Class: 1540K(1664K)->1540K(1664K)
[82.713s][info][gc             ] GC(282) Pause Young (Allocation Failure) 1175M->83M(3959M) 0.885ms
[82.713s][info][gc,cpu         ] GC(282) User=0.00s Sys=0.00s Real=0.00s
[82.988s][info][gc,start       ] GC(283) Pause Young (Allocation Failure)
[82.990s][info][gc,heap        ] GC(283) DefNew: 1119299K(1258304K)->1995K(1258304K) Eden: 1118528K(1118528K)->0K(1118528K) From: 771K(139776K)->1995K(139776K)
[82.990s][info][gc,heap        ] GC(283) Tenured: 85000K(2796224K)->85000K(2796224K)
[82.990s][info][gc,metaspace   ] GC(283) Metaspace: 11723K(11968K)->11723K(11968K) NonClass: 10182K(10304K)->10182K(10304K) Class: 1540K(1664K)->1540K(1664K)
[82.990s][info][gc             ] GC(283) Pause Young (Allocation Failure) 1176M->84M(3959M) 1.724ms
[82.990s][info][gc,cpu         ] GC(283) User=0.00s Sys=0.00s Real=0.00s
[83.260s][info][gc,start       ] GC(284) Pause Young (Allocation Failure)
[83.262s][info][gc,heap        ] GC(284) DefNew: 1120523K(1258304K)->2105K(1258304K) Eden: 1118528K(1118528K)->0K(1118528K) From: 1995K(139776K)->2105K(139776K)
[83.262s][info][gc,heap        ] GC(284) Tenured: 85000K(2796224K)->85000K(2796224K)
[83.262s][info][gc,metaspace   ] GC(284) Metaspace: 11723K(11968K)->11723K(11968K) NonClass: 10182K(10304K)->10182K(10304K) Class: 1540K(1664K)->1540K(1664K)
[83.262s][info][gc             ] GC(284) Pause Young (Allocation Failure) 1177M->85M(3959M) 1.858ms
[83.262s][info][gc,cpu         ] GC(284) User=0.00s Sys=0.00s Real=0.00s
[83.535s][info][gc,start       ] GC(285) Pause Young (Allocation Failure)
[83.535s][info][gc,heap        ] GC(285) DefNew: 1120633K(1258304K)->200K(1258304K) Eden: 1118528K(1118528K)->0K(1118528K) From: 2105K(139776K)->200K(139776K)
[83.535s][info][gc,heap        ] GC(285) Tenured: 85000K(2796224K)->85000K(2796224K)
[83.535s][info][gc,metaspace   ] GC(285) Metaspace: 11723K(11968K)->11723K(11968K) NonClass: 10182K(10304K)->10182K(10304K) Class: 1540K(1664K)->1540K(1664K)
[83.536s][info][gc             ] GC(285) Pause Young (Allocation Failure) 1177M->83M(3959M) 0.497ms
[83.536s][info][gc,cpu         ] GC(285) User=0.00s Sys=0.00s Real=0.00s
[83.806s][info][gc,start       ] GC(286) Pause Young (Allocation Failure)
[83.807s][info][gc,heap        ] GC(286) DefNew: 1118728K(1258304K)->1050K(1258304K) Eden: 1118528K(1118528K)->0K(1118528K) From: 200K(139776K)->1050K(139776K)
[83.807s][info][gc,heap        ] GC(286) Tenured: 85000K(2796224K)->85000K(2796224K)
[83.807s][info][gc,metaspace   ] GC(286) Metaspace: 11723K(11968K)->11723K(11968K) NonClass: 10182K(10304K)->10182K(10304K) Class: 1540K(1664K)->1540K(1664K)
[83.807s][info][gc             ] GC(286) Pause Young (Allocation Failure) 1175M->84M(3959M) 1.092ms
[83.807s][info][gc,cpu         ] GC(286) User=0.00s Sys=0.00s Real=0.00s
[84.082s][info][gc,start       ] GC(287) Pause Young (Allocation Failure)
[84.084s][info][gc,heap        ] GC(287) DefNew: 1119578K(1258304K)->1583K(1258304K) Eden: 1118528K(1118528K)->0K(1118528K) From: 1050K(139776K)->1583K(139776K)
[84.084s][info][gc,heap        ] GC(287) Tenured: 85000K(2796224K)->85000K(2796224K)
[84.084s][info][gc,metaspace   ] GC(287) Metaspace: 11723K(11968K)->11723K(11968K) NonClass: 10182K(10304K)->10182K(10304K) Class: 1540K(1664K)->1540K(1664K)
[84.084s][info][gc             ] GC(287) Pause Young (Allocation Failure) 1176M->84M(3959M) 1.512ms
[84.084s][info][gc,cpu         ] GC(287) User=0.00s Sys=0.00s Real=0.00s
[84.353s][info][gc,start       ] GC(288) Pause Young (Allocation Failure)
[84.355s][info][gc,heap        ] GC(288) DefNew: 1120111K(1258304K)->2886K(1258304K) Eden: 1118528K(1118528K)->0K(1118528K) From: 1583K(139776K)->2886K(139776K)
[84.355s][info][gc,heap        ] GC(288) Tenured: 85000K(2796224K)->85000K(2796224K)
[84.355s][info][gc,metaspace   ] GC(288) Metaspace: 11723K(11968K)->11723K(11968K) NonClass: 10182K(10304K)->10182K(10304K) Class: 1540K(1664K)->1540K(1664K)
[84.355s][info][gc             ] GC(288) Pause Young (Allocation Failure) 1176M->85M(3959M) 2.354ms
[84.355s][info][gc,cpu         ] GC(288) User=0.00s Sys=0.00s Real=0.00s
[84.629s][info][gc,start       ] GC(289) Pause Young (Allocation Failure)
[84.630s][info][gc,heap        ] GC(289) DefNew: 1121414K(1258304K)->829K(1258304K) Eden: 1118528K(1118528K)->0K(1118528K) From: 2886K(139776K)->829K(139776K)
[84.630s][info][gc,heap        ] GC(289) Tenured: 85000K(2796224K)->85000K(2796224K)
[84.630s][info][gc,metaspace   ] GC(289) Metaspace: 11723K(11968K)->11723K(11968K) NonClass: 10182K(10304K)->10182K(10304K) Class: 1540K(1664K)->1540K(1664K)
[84.630s][info][gc             ] GC(289) Pause Young (Allocation Failure) 1178M->83M(3959M) 0.911ms
[84.630s][info][gc,cpu         ] GC(289) User=0.00s Sys=0.00s Real=0.00s
[84.902s][info][gc,start       ] GC(290) Pause Full (System.gc())
[84.902s][info][gc,phases,start] GC(290) Phase 1: Mark live objects
[84.946s][info][gc,phases      ] GC(290) Phase 1: Mark live objects 44.453ms
[84.946s][info][gc,phases,start] GC(290) Phase 2: Compute new object addresses
[85.030s][info][gc,phases      ] GC(290) Phase 2: Compute new object addresses 83.893ms
[85.030s][info][gc,phases,start] GC(290) Phase 3: Adjust pointers
[85.053s][info][gc,phases      ] GC(290) Phase 3: Adjust pointers 22.727ms
[85.053s][info][gc,phases,start] GC(290) Phase 4: Move objects
[85.053s][info][gc,phases      ] GC(290) Phase 4: Move objects 0.010ms
[85.053s][info][gc,heap        ] GC(290) DefNew: 1090351K(1258304K)->0K(1258304K) Eden: 1089521K(1118528K)->0K(1118528K) From: 829K(139776K)->0K(139776K)
[85.053s][info][gc,heap        ] GC(290) Tenured: 85000K(2796224K)->85001K(2796224K)
[85.053s][info][gc,metaspace   ] GC(290) Metaspace: 11730K(11968K)->11730K(11968K) NonClass: 10190K(10304K)->10190K(10304K) Class: 1540K(1664K)->1540K(1664K)
[85.053s][info][gc             ] GC(290) Pause Full (System.gc()) 1147M->83M(3959M) 151.395ms
[85.053s][info][gc,cpu         ] GC(290) User=0.14s Sys=0.00s Real=0.15s
[85.330s][info][gc,start       ] GC(291) Pause Young (Allocation Failure)
[85.331s][info][gc,heap        ] GC(291) DefNew: 1118528K(1258304K)->875K(1258304K) Eden: 1118528K(1118528K)->0K(1118528K) From: 0K(139776K)->875K(139776K)
[85.331s][info][gc,heap        ] GC(291) Tenured: 85001K(2796224K)->85001K(2796224K)
[85.331s][info][gc,metaspace   ] GC(291) Metaspace: 11730K(11968K)->11730K(11968K) NonClass: 10190K(10304K)->10190K(10304K) Class: 1540K(1664K)->1540K(1664K)
[85.331s][info][gc             ] GC(291) Pause Young (Allocation Failure) 1175M->83M(3959M) 0.991ms
[85.331s][info][gc,cpu         ] GC(291) User=0.00s Sys=0.00s Real=0.00s
[85.600s][info][gc,start       ] GC(292) Pause Young (Allocation Failure)
[85.601s][info][gc,heap        ] GC(292) DefNew: 1119403K(1258304K)->1582K(1258304K) Eden: 1118528K(1118528K)->0K(1118528K) From: 875K(139776K)->1582K(139776K)
[85.602s][info][gc,heap        ] GC(292) Tenured: 85001K(2796224K)->85001K(2796224K)
[85.602s][info][gc,metaspace   ] GC(292) Metaspace: 11730K(11968K)->11730K(11968K) NonClass: 10190K(10304K)->10190K(10304K) Class: 1540K(1664K)->1540K(1664K)
[85.602s][info][gc             ] GC(292) Pause Young (Allocation Failure) 1176M->84M(3959M) 1.510ms
[85.602s][info][gc,cpu         ] GC(292) User=0.00s Sys=0.00s Real=0.00s
[85.876s][info][gc,start       ] GC(293) Pause Young (Allocation Failure)
[85.878s][info][gc,heap        ] GC(293) DefNew: 1120110K(1258304K)->2433K(1258304K) Eden: 1118528K(1118528K)->0K(1118528K) From: 1582K(139776K)->2433K(139776K)
[85.878s][info][gc,heap        ] GC(293) Tenured: 85001K(2796224K)->85001K(2796224K)
[85.878s][info][gc,metaspace   ] GC(293) Metaspace: 11730K(11968K)->11730K(11968K) NonClass: 10190K(10304K)->10190K(10304K) Class: 1540K(1664K)->1540K(1664K)
[85.879s][info][gc             ] GC(293) Pause Young (Allocation Failure) 1176M->85M(3959M) 2.137ms
[85.879s][info][gc,cpu         ] GC(293) User=0.00s Sys=0.00s Real=0.00s
[86.152s][info][gc,start       ] GC(294) Pause Young (Allocation Failure)
[86.153s][info][gc,heap        ] GC(294) DefNew: 1120961K(1258304K)->414K(1258304K) Eden: 1118528K(1118528K)->0K(1118528K) From: 2433K(139776K)->414K(139776K)
[86.153s][info][gc,heap        ] GC(294) Tenured: 85001K(2796224K)->85001K(2796224K)
[86.153s][info][gc,metaspace   ] GC(294) Metaspace: 11730K(11968K)->11730K(11968K) NonClass: 10190K(10304K)->10190K(10304K) Class: 1540K(1664K)->1540K(1664K)
[86.153s][info][gc             ] GC(294) Pause Young (Allocation Failure) 1177M->83M(3959M) 0.638ms
[86.153s][info][gc,cpu         ] GC(294) User=0.00s Sys=0.00s Real=0.00s
[86.423s][info][gc,start       ] GC(295) Pause Young (Allocation Failure)
[86.424s][info][gc,heap        ] GC(295) DefNew: 1118942K(1258304K)->1290K(1258304K) Eden: 1118528K(1118528K)->0K(1118528K) From: 414K(139776K)->1290K(139776K)
[86.424s][info][gc,heap        ] GC(295) Tenured: 85001K(2796224K)->85001K(2796224K)
[86.424s][info][gc,metaspace   ] GC(295) Metaspace: 11730K(11968K)->11730K(11968K) NonClass: 10190K(10304K)->10190K(10304K) Class: 1540K(1664K)->1540K(1664K)
[86.425s][info][gc             ] GC(295) Pause Young (Allocation Failure) 1175M->84M(3959M) 1.231ms
[86.425s][info][gc,cpu         ] GC(295) User=0.00s Sys=0.00s Real=0.00s
[86.694s][info][gc,start       ] GC(296) Pause Young (Allocation Failure)
[86.696s][info][gc,heap        ] GC(296) DefNew: 1119818K(1258304K)->2121K(1258304K) Eden: 1118528K(1118528K)->0K(1118528K) From: 1290K(139776K)->2121K(139776K)
[86.696s][info][gc,heap        ] GC(296) Tenured: 85001K(2796224K)->85001K(2796224K)
[86.696s][info][gc,metaspace   ] GC(296) Metaspace: 11730K(11968K)->11730K(11968K) NonClass: 10190K(10304K)->10190K(10304K) Class: 1540K(1664K)->1540K(1664K)
[86.696s][info][gc             ] GC(296) Pause Young (Allocation Failure) 1176M->85M(3959M) 1.928ms
[86.696s][info][gc,cpu         ] GC(296) User=0.00s Sys=0.00s Real=0.00s
[86.969s][info][gc,start       ] GC(297) Pause Young (Allocation Failure)
[86.971s][info][gc,heap        ] GC(297) DefNew: 1120649K(1258304K)->2884K(1258304K) Eden: 1118528K(1118528K)->0K(1118528K) From: 2121K(139776K)->2884K(139776K)
[86.971s][info][gc,heap        ] GC(297) Tenured: 85001K(2796224K)->85001K(2796224K)
[86.971s][info][gc,metaspace   ] GC(297) Metaspace: 11730K(11968K)->11730K(11968K) NonClass: 10190K(10304K)->10190K(10304K) Class: 1540K(1664K)->1540K(1664K)
[86.971s][info][gc             ] GC(297) Pause Young (Allocation Failure) 1177M->85M(3959M) 2.347ms
[86.971s][info][gc,cpu         ] GC(297) User=0.00s Sys=0.00s Real=0.00s
[87.245s][info][gc,start       ] GC(298) Pause Young (Allocation Failure)
[87.246s][info][gc,heap        ] GC(298) DefNew: 1121412K(1258304K)->620K(1258304K) Eden: 1118528K(1118528K)->0K(1118528K) From: 2884K(139776K)->620K(139776K)
[87.246s][info][gc,heap        ] GC(298) Tenured: 85001K(2796224K)->85001K(2796224K)
[87.246s][info][gc,metaspace   ] GC(298) Metaspace: 11730K(11968K)->11730K(11968K) NonClass: 10190K(10304K)->10190K(10304K) Class: 1540K(1664K)->1540K(1664K)
[87.246s][info][gc             ] GC(298) Pause Young (Allocation Failure) 1178M->83M(3959M) 0.779ms
[87.246s][info][gc,cpu         ] GC(298) User=0.00s Sys=0.00s Real=0.00s
[87.511s][info][gc,start       ] GC(299) Pause Full (System.gc())
[87.512s][info][gc,phases,start] GC(299) Phase 1: Mark live objects
[87.556s][info][gc,phases      ] GC(299) Phase 1: Mark live objects 44.275ms
[87.556s][info][gc,phases,start] GC(299) Phase 2: Compute new object addresses
[87.639s][info][gc,phases      ] GC(299) Phase 2: Compute new object addresses 83.418ms
[87.639s][info][gc,phases,start] GC(299) Phase 3: Adjust pointers
[87.662s][info][gc,phases      ] GC(299) Phase 3: Adjust pointers 22.300ms
[87.662s][info][gc,phases,start] GC(299) Phase 4: Move objects
[87.662s][info][gc,phases      ] GC(299) Phase 4: Move objects 0.009ms
[87.662s][info][gc,heap        ] GC(299) DefNew: 1098655K(1258304K)->0K(1258304K) Eden: 1098034K(1118528K)->0K(1118528K) From: 620K(139776K)->0K(139776K)
[87.662s][info][gc,heap        ] GC(299) Tenured: 85001K(2796224K)->85001K(2796224K)
[87.662s][info][gc,metaspace   ] GC(299) Metaspace: 11730K(11968K)->11730K(11968K) NonClass: 10190K(10304K)->10190K(10304K) Class: 1540K(1664K)->1540K(1664K)
[87.662s][info][gc             ] GC(299) Pause Full (System.gc()) 1155M->83M(3959M) 150.301ms
[87.662s][info][gc,cpu         ] GC(299) User=0.16s Sys=0.00s Real=0.14s
[87.944s][info][gc,start       ] GC(300) Pause Young (Allocation Failure)
[87.945s][info][gc,heap        ] GC(300) DefNew: 1118528K(1258304K)->834K(1258304K) Eden: 1118528K(1118528K)->0K(1118528K) From: 0K(139776K)->834K(139776K)
[87.945s][info][gc,heap        ] GC(300) Tenured: 85001K(2796224K)->85001K(2796224K)
[87.945s][info][gc,metaspace   ] GC(300) Metaspace: 11730K(11968K)->11730K(11968K) NonClass: 10190K(10304K)->10190K(10304K) Class: 1540K(1664K)->1540K(1664K)
[87.945s][info][gc             ] GC(300) Pause Young (Allocation Failure) 1175M->83M(3959M) 0.949ms
[87.945s][info][gc,cpu         ] GC(300) User=0.00s Sys=0.00s Real=0.00s
[88.215s][info][gc,start       ] GC(301) Pause Young (Allocation Failure)
[88.216s][info][gc,heap        ] GC(301) DefNew: 1119362K(1258304K)->1664K(1258304K) Eden: 1118528K(1118528K)->0K(1118528K) From: 834K(139776K)->1664K(139776K)
[88.216s][info][gc,heap        ] GC(301) Tenured: 85001K(2796224K)->85001K(2796224K)
[88.216s][info][gc,metaspace   ] GC(301) Metaspace: 11730K(11968K)->11730K(11968K) NonClass: 10190K(10304K)->10190K(10304K) Class: 1540K(1664K)->1540K(1664K)
[88.216s][info][gc             ] GC(301) Pause Young (Allocation Failure) 1176M->84M(3959M) 1.530ms
[88.216s][info][gc,cpu         ] GC(301) User=0.00s Sys=0.00s Real=0.00s
[88.491s][info][gc,start       ] GC(302) Pause Young (Allocation Failure)
[88.493s][info][gc,heap        ] GC(302) DefNew: 1120192K(1258304K)->2496K(1258304K) Eden: 1118528K(1118528K)->0K(1118528K) From: 1664K(139776K)->2496K(139776K)
[88.493s][info][gc,heap        ] GC(302) Tenured: 85001K(2796224K)->85001K(2796224K)
[88.493s][info][gc,metaspace   ] GC(302) Metaspace: 11730K(11968K)->11730K(11968K) NonClass: 10190K(10304K)->10190K(10304K) Class: 1540K(1664K)->1540K(1664K)
[88.493s][info][gc             ] GC(302) Pause Young (Allocation Failure) 1176M->85M(3959M) 2.174ms
[88.493s][info][gc,cpu         ] GC(302) User=0.00s Sys=0.00s Real=0.00s
[88.767s][info][gc,start       ] GC(303) Pause Young (Allocation Failure)
[88.768s][info][gc,heap        ] GC(303) DefNew: 1121024K(1258304K)->591K(1258304K) Eden: 1118528K(1118528K)->0K(1118528K) From: 2496K(139776K)->591K(139776K)
[88.768s][info][gc,heap        ] GC(303) Tenured: 85001K(2796224K)->85001K(2796224K)
[88.768s][info][gc,metaspace   ] GC(303) Metaspace: 11730K(11968K)->11730K(11968K) NonClass: 10190K(10304K)->10190K(10304K) Class: 1540K(1664K)->1540K(1664K)
[88.768s][info][gc             ] GC(303) Pause Young (Allocation Failure) 1177M->83M(3959M) 0.777ms
[88.768s][info][gc,cpu         ] GC(303) User=0.00s Sys=0.00s Real=0.00s
[89.043s][info][gc,start       ] GC(304) Pause Young (Allocation Failure)
[89.044s][info][gc,heap        ] GC(304) DefNew: 1119119K(1258304K)->1435K(1258304K) Eden: 1118528K(1118528K)->0K(1118528K) From: 591K(139776K)->1435K(139776K)
[89.044s][info][gc,heap        ] GC(304) Tenured: 85001K(2796224K)->85001K(2796224K)
[89.044s][info][gc,metaspace   ] GC(304) Metaspace: 11730K(11968K)->11730K(11968K) NonClass: 10190K(10304K)->10190K(10304K) Class: 1540K(1664K)->1540K(1664K)
[89.044s][info][gc             ] GC(304) Pause Young (Allocation Failure) 1175M->84M(3959M) 1.385ms
[89.044s][info][gc,cpu         ] GC(304) User=0.00s Sys=0.00s Real=0.00s
[89.313s][info][gc,start       ] GC(305) Pause Young (Allocation Failure)
[89.315s][info][gc,heap        ] GC(305) DefNew: 1119950K(1258304K)->2411K(1258304K) Eden: 1118515K(1118528K)->0K(1118528K) From: 1435K(139776K)->2411K(139776K)
[89.315s][info][gc,heap        ] GC(305) Tenured: 85001K(2796224K)->85001K(2796224K)
[89.315s][info][gc,metaspace   ] GC(305) Metaspace: 11730K(11968K)->11730K(11968K) NonClass: 10190K(10304K)->10190K(10304K) Class: 1540K(1664K)->1540K(1664K)
[89.315s][info][gc             ] GC(305) Pause Young (Allocation Failure) 1176M->85M(3959M) 2.026ms
[89.315s][info][gc,cpu         ] GC(305) User=0.00s Sys=0.00s Real=0.00s
[89.588s][info][gc,start       ] GC(306) Pause Young (Allocation Failure)
[89.589s][info][gc,heap        ] GC(306) DefNew: 1120939K(1258304K)->54K(1258304K) Eden: 1118528K(1118528K)->0K(1118528K) From: 2411K(139776K)->54K(139776K)
[89.589s][info][gc,heap        ] GC(306) Tenured: 85001K(2796224K)->85001K(2796224K)
[89.589s][info][gc,metaspace   ] GC(306) Metaspace: 11730K(11968K)->11730K(11968K) NonClass: 10190K(10304K)->10190K(10304K) Class: 1540K(1664K)->1540K(1664K)
[89.589s][info][gc             ] GC(306) Pause Young (Allocation Failure) 1177M->83M(3959M) 0.374ms
[89.589s][info][gc,cpu         ] GC(306) User=0.00s Sys=0.00s Real=0.00s
[89.863s][info][gc,start       ] GC(307) Pause Young (Allocation Failure)
[89.864s][info][gc,heap        ] GC(307) DefNew: 1118582K(1258304K)->915K(1258304K) Eden: 1118528K(1118528K)->0K(1118528K) From: 54K(139776K)->915K(139776K)
[89.864s][info][gc,heap        ] GC(307) Tenured: 85001K(2796224K)->85001K(2796224K)
[89.864s][info][gc,metaspace   ] GC(307) Metaspace: 11730K(11968K)->11730K(11968K) NonClass: 10190K(10304K)->10190K(10304K) Class: 1540K(1664K)->1540K(1664K)
[89.864s][info][gc             ] GC(307) Pause Young (Allocation Failure) 1175M->83M(3959M) 1.020ms
[89.864s][info][gc,cpu         ] GC(307) User=0.00s Sys=0.00s Real=0.00s
[90.130s][info][gc,start       ] GC(308) Pause Full (System.gc())
[90.130s][info][gc,phases,start] GC(308) Phase 1: Mark live objects
[90.175s][info][gc,phases      ] GC(308) Phase 1: Mark live objects 44.373ms
[90.175s][info][gc,phases,start] GC(308) Phase 2: Compute new object addresses
[90.258s][info][gc,phases      ] GC(308) Phase 2: Compute new object addresses 83.004ms
[90.258s][info][gc,phases,start] GC(308) Phase 3: Adjust pointers
[90.280s][info][gc,phases      ] GC(308) Phase 3: Adjust pointers 21.979ms
[90.280s][info][gc,phases,start] GC(308) Phase 4: Move objects
[90.280s][info][gc,phases      ] GC(308) Phase 4: Move objects 0.009ms
[90.280s][info][gc,heap        ] GC(308) DefNew: 1089790K(1258304K)->0K(1258304K) Eden: 1088875K(1118528K)->0K(1118528K) From: 915K(139776K)->0K(139776K)
[90.280s][info][gc,heap        ] GC(308) Tenured: 85001K(2796224K)->85001K(2796224K)
[90.280s][info][gc,metaspace   ] GC(308) Metaspace: 11730K(11968K)->11730K(11968K) NonClass: 10190K(10304K)->10190K(10304K) Class: 1540K(1664K)->1540K(1664K)
[90.280s][info][gc             ] GC(308) Pause Full (System.gc()) 1147M->83M(3959M) 149.657ms
[90.280s][info][gc,cpu         ] GC(308) User=0.16s Sys=0.00s Real=0.15s
[90.555s][info][gc,start       ] GC(309) Pause Young (Allocation Failure)
[90.556s][info][gc,heap        ] GC(309) DefNew: 1118528K(1258304K)->785K(1258304K) Eden: 1118528K(1118528K)->0K(1118528K) From: 0K(139776K)->785K(139776K)
[90.556s][info][gc,heap        ] GC(309) Tenured: 85001K(2796224K)->85001K(2796224K)
[90.556s][info][gc,metaspace   ] GC(309) Metaspace: 11733K(11968K)->11733K(11968K) NonClass: 10193K(10304K)->10193K(10304K) Class: 1540K(1664K)->1540K(1664K)
[90.556s][info][gc             ] GC(309) Pause Young (Allocation Failure) 1175M->83M(3959M) 0.915ms
[90.556s][info][gc,cpu         ] GC(309) User=0.00s Sys=0.00s Real=0.00s
[90.829s][info][gc,start       ] GC(310) Pause Young (Allocation Failure)
[90.830s][info][gc,heap        ] GC(310) DefNew: 1119313K(1258304K)->1741K(1258304K) Eden: 1118528K(1118528K)->0K(1118528K) From: 785K(139776K)->1741K(139776K)
[90.830s][info][gc,heap        ] GC(310) Tenured: 85001K(2796224K)->85001K(2796224K)
[90.830s][info][gc,metaspace   ] GC(310) Metaspace: 11733K(11968K)->11733K(11968K) NonClass: 10193K(10304K)->10193K(10304K) Class: 1540K(1664K)->1540K(1664K)
[90.830s][info][gc             ] GC(310) Pause Young (Allocation Failure) 1176M->84M(3959M) 1.596ms
[90.830s][info][gc,cpu         ] GC(310) User=0.00s Sys=0.00s Real=0.00s
[91.103s][info][gc,start       ] GC(311) Pause Young (Allocation Failure)
[91.105s][info][gc,heap        ] GC(311) DefNew: 1120233K(1258304K)->2094K(1258304K) Eden: 1118492K(1118528K)->0K(1118528K) From: 1741K(139776K)->2094K(139776K)
[91.105s][info][gc,heap        ] GC(311) Tenured: 85001K(2796224K)->85001K(2796224K)
[91.105s][info][gc,metaspace   ] GC(311) Metaspace: 11733K(11968K)->11733K(11968K) NonClass: 10193K(10304K)->10193K(10304K) Class: 1540K(1664K)->1540K(1664K)
[91.105s][info][gc             ] GC(311) Pause Young (Allocation Failure) 1176M->85M(3959M) 1.759ms
[91.105s][info][gc,cpu         ] GC(311) User=0.00s Sys=0.00s Real=0.00s
[91.377s][info][gc,start       ] GC(312) Pause Young (Allocation Failure)
[91.378s][info][gc,heap        ] GC(312) DefNew: 1120622K(1258304K)->84K(1258304K) Eden: 1118528K(1118528K)->0K(1118528K) From: 2094K(139776K)->84K(139776K)
[91.378s][info][gc,heap        ] GC(312) Tenured: 85001K(2796224K)->85001K(2796224K)
[91.378s][info][gc,metaspace   ] GC(312) Metaspace: 11733K(11968K)->11733K(11968K) NonClass: 10193K(10304K)->10193K(10304K) Class: 1540K(1664K)->1540K(1664K)
[91.378s][info][gc             ] GC(312) Pause Young (Allocation Failure) 1177M->83M(3959M) 0.399ms
[91.378s][info][gc,cpu         ] GC(312) User=0.00s Sys=0.00s Real=0.00s
[91.648s][info][gc,start       ] GC(313) Pause Young (Allocation Failure)
[91.649s][info][gc,heap        ] GC(313) DefNew: 1118612K(1258304K)->1013K(1258304K) Eden: 1118528K(1118528K)->0K(1118528K) From: 84K(139776K)->1013K(139776K)
[91.649s][info][gc,heap        ] GC(313) Tenured: 85001K(2796224K)->85001K(2796224K)
[91.649s][info][gc,metaspace   ] GC(313) Metaspace: 11733K(11968K)->11733K(11968K) NonClass: 10193K(10304K)->10193K(10304K) Class: 1540K(1664K)->1540K(1664K)
[91.649s][info][gc             ] GC(313) Pause Young (Allocation Failure) 1175M->83M(3959M) 1.068ms
[91.649s][info][gc,cpu         ] GC(313) User=0.00s Sys=0.00s Real=0.00s
[91.926s][info][gc,start       ] GC(314) Pause Young (Allocation Failure)
[91.928s][info][gc,heap        ] GC(314) DefNew: 1119510K(1258304K)->2036K(1258304K) Eden: 1118497K(1118528K)->0K(1118528K) From: 1013K(139776K)->2036K(139776K)
[91.928s][info][gc,heap        ] GC(314) Tenured: 85001K(2796224K)->85001K(2796224K)
[91.928s][info][gc,metaspace   ] GC(314) Metaspace: 11733K(11968K)->11733K(11968K) NonClass: 10193K(10304K)->10193K(10304K) Class: 1540K(1664K)->1540K(1664K)
[91.928s][info][gc             ] GC(314) Pause Young (Allocation Failure) 1176M->84M(3959M) 1.755ms
[91.928s][info][gc,cpu         ] GC(314) User=0.00s Sys=0.00s Real=0.00s
[92.204s][info][gc,start       ] GC(315) Pause Young (Allocation Failure)
[92.207s][info][gc,heap        ] GC(315) DefNew: 1120460K(1258304K)->3130K(1258304K) Eden: 1118424K(1118528K)->0K(1118528K) From: 2036K(139776K)->3130K(139776K)
[92.207s][info][gc,heap        ] GC(315) Tenured: 85001K(2796224K)->85001K(2796224K)
[92.207s][info][gc,metaspace   ] GC(315) Metaspace: 11733K(11968K)->11733K(11968K) NonClass: 10193K(10304K)->10193K(10304K) Class: 1540K(1664K)->1540K(1664K)
[92.207s][info][gc             ] GC(315) Pause Young (Allocation Failure) 1177M->86M(3959M) 2.594ms
[92.207s][info][gc,cpu         ] GC(315) User=0.00s Sys=0.00s Real=0.00s
[92.481s][info][gc,start       ] GC(316) Pause Young (Allocation Failure)
[92.482s][info][gc,heap        ] GC(316) DefNew: 1121658K(1258304K)->877K(1258304K) Eden: 1118528K(1118528K)->0K(1118528K) From: 3130K(139776K)->877K(139776K)
[92.482s][info][gc,heap        ] GC(316) Tenured: 85001K(2796224K)->85001K(2796224K)
[92.482s][info][gc,metaspace   ] GC(316) Metaspace: 11733K(11968K)->11733K(11968K) NonClass: 10193K(10304K)->10193K(10304K) Class: 1540K(1664K)->1540K(1664K)
[92.482s][info][gc             ] GC(316) Pause Young (Allocation Failure) 1178M->83M(3959M) 0.929ms
[92.482s][info][gc,cpu         ] GC(316) User=0.00s Sys=0.00s Real=0.00s
[92.747s][info][gc,start       ] GC(317) Pause Full (System.gc())
[92.747s][info][gc,phases,start] GC(317) Phase 1: Mark live objects
[92.791s][info][gc,phases      ] GC(317) Phase 1: Mark live objects 44.235ms
[92.791s][info][gc,phases,start] GC(317) Phase 2: Compute new object addresses
[92.875s][info][gc,phases      ] GC(317) Phase 2: Compute new object addresses 84.347ms
[92.875s][info][gc,phases,start] GC(317) Phase 3: Adjust pointers
[92.898s][info][gc,phases      ] GC(317) Phase 3: Adjust pointers 22.206ms
[92.898s][info][gc,phases,start] GC(317) Phase 4: Move objects
[92.898s][info][gc,phases      ] GC(317) Phase 4: Move objects 0.010ms
[92.898s][info][gc,heap        ] GC(317) DefNew: 1092427K(1258304K)->0K(1258304K) Eden: 1091549K(1118528K)->0K(1118528K) From: 877K(139776K)->0K(139776K)
[92.898s][info][gc,heap        ] GC(317) Tenured: 85001K(2796224K)->85000K(2796224K)
[92.898s][info][gc,metaspace   ] GC(317) Metaspace: 11733K(11968K)->11733K(11968K) NonClass: 10193K(10304K)->10193K(10304K) Class: 1540K(1664K)->1540K(1664K)
[92.898s][info][gc             ] GC(317) Pause Full (System.gc()) 1149M->83M(3959M) 151.096ms
[92.898s][info][gc,cpu         ] GC(317) User=0.14s Sys=0.00s Real=0.14s
[93.175s][info][gc,start       ] GC(318) Pause Young (Allocation Failure)
[93.176s][info][gc,heap        ] GC(318) DefNew: 1118528K(1258304K)->845K(1258304K) Eden: 1118528K(1118528K)->0K(1118528K) From: 0K(139776K)->845K(139776K)
[93.176s][info][gc,heap        ] GC(318) Tenured: 85000K(2796224K)->85000K(2796224K)
[93.176s][info][gc,metaspace   ] GC(318) Metaspace: 11741K(11968K)->11741K(11968K) NonClass: 10201K(10304K)->10201K(10304K) Class: 1540K(1664K)->1540K(1664K)
[93.176s][info][gc             ] GC(318) Pause Young (Allocation Failure) 1175M->83M(3959M) 0.953ms
[93.176s][info][gc,cpu         ] GC(318) User=0.00s Sys=0.00s Real=0.00s
[93.445s][info][gc,start       ] GC(319) Pause Young (Allocation Failure)
[93.446s][info][gc,heap        ] GC(319) DefNew: 1119313K(1258304K)->1638K(1258304K) Eden: 1118468K(1118528K)->0K(1118528K) From: 845K(139776K)->1638K(139776K)
[93.446s][info][gc,heap        ] GC(319) Tenured: 85000K(2796224K)->85000K(2796224K)
[93.446s][info][gc,metaspace   ] GC(319) Metaspace: 11741K(11968K)->11741K(11968K) NonClass: 10201K(10304K)->10201K(10304K) Class: 1540K(1664K)->1540K(1664K)
[93.446s][info][gc             ] GC(319) Pause Young (Allocation Failure) 1176M->84M(3959M) 1.544ms
[93.446s][info][gc,cpu         ] GC(319) User=0.00s Sys=0.00s Real=0.00s
[93.716s][info][gc,start       ] GC(320) Pause Young (Allocation Failure)
[93.718s][info][gc,heap        ] GC(320) DefNew: 1120166K(1258304K)->2507K(1258304K) Eden: 1118528K(1118528K)->0K(1118528K) From: 1638K(139776K)->2507K(139776K)
[93.718s][info][gc,heap        ] GC(320) Tenured: 85000K(2796224K)->85000K(2796224K)
[93.718s][info][gc,metaspace   ] GC(320) Metaspace: 11741K(11968K)->11741K(11968K) NonClass: 10201K(10304K)->10201K(10304K) Class: 1540K(1664K)->1540K(1664K)
[93.718s][info][gc             ] GC(320) Pause Young (Allocation Failure) 1176M->85M(3959M) 2.105ms
[93.718s][info][gc,cpu         ] GC(320) User=0.02s Sys=0.00s Real=0.00s
[93.997s][info][gc,start       ] GC(321) Pause Young (Allocation Failure)
[93.997s][info][gc,heap        ] GC(321) DefNew: 1121035K(1258304K)->65K(1258304K) Eden: 1118528K(1118528K)->0K(1118528K) From: 2507K(139776K)->65K(139776K)
[93.997s][info][gc,heap        ] GC(321) Tenured: 85000K(2796224K)->85000K(2796224K)
[93.997s][info][gc,metaspace   ] GC(321) Metaspace: 11741K(11968K)->11741K(11968K) NonClass: 10201K(10304K)->10201K(10304K) Class: 1540K(1664K)->1540K(1664K)
[93.997s][info][gc             ] GC(321) Pause Young (Allocation Failure) 1177M->83M(3959M) 0.392ms
[93.997s][info][gc,cpu         ] GC(321) User=0.00s Sys=0.00s Real=0.00s
[94.269s][info][gc,start       ] GC(322) Pause Young (Allocation Failure)
[94.270s][info][gc,heap        ] GC(322) DefNew: 1118593K(1258304K)->830K(1258304K) Eden: 1118528K(1118528K)->0K(1118528K) From: 65K(139776K)->830K(139776K)
[94.270s][info][gc,heap        ] GC(322) Tenured: 85000K(2796224K)->85000K(2796224K)
[94.270s][info][gc,metaspace   ] GC(322) Metaspace: 11741K(11968K)->11741K(11968K) NonClass: 10201K(10304K)->10201K(10304K) Class: 1540K(1664K)->1540K(1664K)
[94.270s][info][gc             ] GC(322) Pause Young (Allocation Failure) 1175M->83M(3959M) 0.922ms
[94.270s][info][gc,cpu         ] GC(322) User=0.00s Sys=0.00s Real=0.00s
[94.539s][info][gc,start       ] GC(323) Pause Young (Allocation Failure)
[94.540s][info][gc,heap        ] GC(323) DefNew: 1119358K(1258304K)->1779K(1258304K) Eden: 1118528K(1118528K)->0K(1118528K) From: 830K(139776K)->1779K(139776K)
[94.540s][info][gc,heap        ] GC(323) Tenured: 85000K(2796224K)->85000K(2796224K)
[94.540s][info][gc,metaspace   ] GC(323) Metaspace: 11741K(11968K)->11741K(11968K) NonClass: 10201K(10304K)->10201K(10304K) Class: 1540K(1664K)->1540K(1664K)
[94.540s][info][gc             ] GC(323) Pause Young (Allocation Failure) 1176M->84M(3959M) 1.608ms
[94.540s][info][gc,cpu         ] GC(323) User=0.00s Sys=0.00s Real=0.00s
[94.809s][info][gc,start       ] GC(324) Pause Young (Allocation Failure)
[94.811s][info][gc,heap        ] GC(324) DefNew: 1120307K(1258304K)->2524K(1258304K) Eden: 1118528K(1118528K)->0K(1118528K) From: 1779K(139776K)->2524K(139776K)
[94.811s][info][gc,heap        ] GC(324) Tenured: 85000K(2796224K)->85000K(2796224K)
[94.811s][info][gc,metaspace   ] GC(324) Metaspace: 11741K(11968K)->11741K(11968K) NonClass: 10201K(10304K)->10201K(10304K) Class: 1540K(1664K)->1540K(1664K)
[94.811s][info][gc             ] GC(324) Pause Young (Allocation Failure) 1177M->85M(3959M) 2.149ms
[94.811s][info][gc,cpu         ] GC(324) User=0.02s Sys=0.00s Real=0.00s
[95.092s][info][gc,start       ] GC(325) Pause Young (Allocation Failure)
[95.093s][info][gc,heap        ] GC(325) DefNew: 1121052K(1258304K)->459K(1258304K) Eden: 1118528K(1118528K)->0K(1118528K) From: 2524K(139776K)->459K(139776K)
[95.093s][info][gc,heap        ] GC(325) Tenured: 85000K(2796224K)->85000K(2796224K)
[95.093s][info][gc,metaspace   ] GC(325) Metaspace: 11741K(11968K)->11741K(11968K) NonClass: 10201K(10304K)->10201K(10304K) Class: 1540K(1664K)->1540K(1664K)
[95.093s][info][gc             ] GC(325) Pause Young (Allocation Failure) 1177M->83M(3959M) 0.682ms
[95.093s][info][gc,cpu         ] GC(325) User=0.00s Sys=0.00s Real=0.00s
[95.360s][info][gc,start       ] GC(326) Pause Full (System.gc())
[95.360s][info][gc,phases,start] GC(326) Phase 1: Mark live objects
[95.405s][info][gc,phases      ] GC(326) Phase 1: Mark live objects 44.400ms
[95.405s][info][gc,phases,start] GC(326) Phase 2: Compute new object addresses
[95.488s][info][gc,phases      ] GC(326) Phase 2: Compute new object addresses 83.554ms
[95.488s][info][gc,phases,start] GC(326) Phase 3: Adjust pointers
[95.510s][info][gc,phases      ] GC(326) Phase 3: Adjust pointers 22.048ms
[95.511s][info][gc,phases,start] GC(326) Phase 4: Move objects
[95.511s][info][gc,phases      ] GC(326) Phase 4: Move objects 0.010ms
[95.511s][info][gc,heap        ] GC(326) DefNew: 1101354K(1258304K)->0K(1258304K) Eden: 1100894K(1118528K)->0K(1118528K) From: 459K(139776K)->0K(139776K)
[95.511s][info][gc,heap        ] GC(326) Tenured: 85000K(2796224K)->85002K(2796224K)
[95.511s][info][gc,metaspace   ] GC(326) Metaspace: 11741K(11968K)->11741K(11968K) NonClass: 10201K(10304K)->10201K(10304K) Class: 1540K(1664K)->1540K(1664K)
[95.511s][info][gc             ] GC(326) Pause Full (System.gc()) 1158M->83M(3959M) 150.304ms
[95.511s][info][gc,cpu         ] GC(326) User=0.14s Sys=0.00s Real=0.15s
[95.785s][info][gc,start       ] GC(327) Pause Young (Allocation Failure)
[95.786s][info][gc,heap        ] GC(327) DefNew: 1118528K(1258304K)->960K(1258304K) Eden: 1118528K(1118528K)->0K(1118528K) From: 0K(139776K)->960K(139776K)
[95.786s][info][gc,heap        ] GC(327) Tenured: 85002K(2796224K)->85002K(2796224K)
[95.786s][info][gc,metaspace   ] GC(327) Metaspace: 11743K(11968K)->11743K(11968K) NonClass: 10203K(10304K)->10203K(10304K) Class: 1540K(1664K)->1540K(1664K)
[95.787s][info][gc             ] GC(327) Pause Young (Allocation Failure) 1175M->83M(3959M) 1.039ms
[95.787s][info][gc,cpu         ] GC(327) User=0.00s Sys=0.00s Real=0.00s
[96.064s][info][gc,start       ] GC(328) Pause Young (Allocation Failure)
[96.065s][info][gc,heap        ] GC(328) DefNew: 1119488K(1258304K)->2071K(1258304K) Eden: 1118528K(1118528K)->0K(1118528K) From: 960K(139776K)->2071K(139776K)
[96.065s][info][gc,heap        ] GC(328) Tenured: 85002K(2796224K)->85002K(2796224K)
[96.065s][info][gc,metaspace   ] GC(328) Metaspace: 11743K(11968K)->11743K(11968K) NonClass: 10203K(10304K)->10203K(10304K) Class: 1540K(1664K)->1540K(1664K)
[96.065s][info][gc             ] GC(328) Pause Young (Allocation Failure) 1176M->85M(3959M) 1.785ms
[96.065s][info][gc,cpu         ] GC(328) User=0.00s Sys=0.00s Real=0.00s
[96.335s][info][gc,start       ] GC(329) Pause Young (Allocation Failure)
[96.337s][info][gc,heap        ] GC(329) DefNew: 1120599K(1258304K)->2933K(1258304K) Eden: 1118528K(1118528K)->0K(1118528K) From: 2071K(139776K)->2933K(139776K)
[96.337s][info][gc,heap        ] GC(329) Tenured: 85002K(2796224K)->85002K(2796224K)
[96.337s][info][gc,metaspace   ] GC(329) Metaspace: 11743K(11968K)->11743K(11968K) NonClass: 10203K(10304K)->10203K(10304K) Class: 1540K(1664K)->1540K(1664K)
[96.337s][info][gc             ] GC(329) Pause Young (Allocation Failure) 1177M->85M(3959M) 2.397ms
[96.337s][info][gc,cpu         ] GC(329) User=0.00s Sys=0.00s Real=0.00s
[96.610s][info][gc,start       ] GC(330) Pause Young (Allocation Failure)
[96.611s][info][gc,heap        ] GC(330) DefNew: 1121461K(1258304K)->627K(1258304K) Eden: 1118528K(1118528K)->0K(1118528K) From: 2933K(139776K)->627K(139776K)
[96.611s][info][gc,heap        ] GC(330) Tenured: 85002K(2796224K)->85002K(2796224K)
[96.611s][info][gc,metaspace   ] GC(330) Metaspace: 11743K(11968K)->11743K(11968K) NonClass: 10203K(10304K)->10203K(10304K) Class: 1540K(1664K)->1540K(1664K)
[96.611s][info][gc             ] GC(330) Pause Young (Allocation Failure) 1178M->83M(3959M) 0.812ms
[96.611s][info][gc,cpu         ] GC(330) User=0.00s Sys=0.00s Real=0.00s
[96.885s][info][gc,start       ] GC(331) Pause Young (Allocation Failure)
[96.886s][info][gc,heap        ] GC(331) DefNew: 1119155K(1258304K)->1456K(1258304K) Eden: 1118528K(1118528K)->0K(1118528K) From: 627K(139776K)->1456K(139776K)
[96.887s][info][gc,heap        ] GC(331) Tenured: 85002K(2796224K)->85002K(2796224K)
[96.887s][info][gc,metaspace   ] GC(331) Metaspace: 11743K(11968K)->11743K(11968K) NonClass: 10203K(10304K)->10203K(10304K) Class: 1540K(1664K)->1540K(1664K)
[96.887s][info][gc             ] GC(331) Pause Young (Allocation Failure) 1175M->84M(3959M) 1.392ms
[96.887s][info][gc,cpu         ] GC(331) User=0.00s Sys=0.00s Real=0.00s
[97.156s][info][gc,start       ] GC(332) Pause Young (Allocation Failure)
[97.158s][info][gc,heap        ] GC(332) DefNew: 1119984K(1258304K)->2257K(1258304K) Eden: 1118528K(1118528K)->0K(1118528K) From: 1456K(139776K)->2257K(139776K)
[97.158s][info][gc,heap        ] GC(332) Tenured: 85002K(2796224K)->85002K(2796224K)
[97.158s][info][gc,metaspace   ] GC(332) Metaspace: 11743K(11968K)->11743K(11968K) NonClass: 10203K(10304K)->10203K(10304K) Class: 1540K(1664K)->1540K(1664K)
[97.158s][info][gc             ] GC(332) Pause Young (Allocation Failure) 1176M->85M(3959M) 1.976ms
[97.158s][info][gc,cpu         ] GC(332) User=0.00s Sys=0.00s Real=0.00s
[97.432s][info][gc,start       ] GC(333) Pause Young (Allocation Failure)
[97.433s][info][gc,heap        ] GC(333) DefNew: 1120785K(1258304K)->86K(1258304K) Eden: 1118528K(1118528K)->0K(1118528K) From: 2257K(139776K)->86K(139776K)
[97.433s][info][gc,heap        ] GC(333) Tenured: 85002K(2796224K)->85002K(2796224K)
[97.433s][info][gc,metaspace   ] GC(333) Metaspace: 11743K(11968K)->11743K(11968K) NonClass: 10203K(10304K)->10203K(10304K) Class: 1540K(1664K)->1540K(1664K)
[97.433s][info][gc             ] GC(333) Pause Young (Allocation Failure) 1177M->83M(3959M) 0.402ms
[97.433s][info][gc,cpu         ] GC(333) User=0.00s Sys=0.00s Real=0.00s
[97.702s][info][gc,start       ] GC(334) Pause Young (Allocation Failure)
[97.703s][info][gc,heap        ] GC(334) DefNew: 1118614K(1258304K)->962K(1258304K) Eden: 1118528K(1118528K)->0K(1118528K) From: 86K(139776K)->962K(139776K)
[97.703s][info][gc,heap        ] GC(334) Tenured: 85002K(2796224K)->85002K(2796224K)
[97.703s][info][gc,metaspace   ] GC(334) Metaspace: 11743K(11968K)->11743K(11968K) NonClass: 10203K(10304K)->10203K(10304K) Class: 1540K(1664K)->1540K(1664K)
[97.703s][info][gc             ] GC(334) Pause Young (Allocation Failure) 1175M->83M(3959M) 1.047ms
[97.703s][info][gc,cpu         ] GC(334) User=0.00s Sys=0.00s Real=0.00s
[97.973s][info][gc,start       ] GC(335) Pause Full (System.gc())
[97.973s][info][gc,phases,start] GC(335) Phase 1: Mark live objects
[98.018s][info][gc,phases      ] GC(335) Phase 1: Mark live objects 44.558ms
[98.018s][info][gc,phases,start] GC(335) Phase 2: Compute new object addresses
[98.101s][info][gc,phases      ] GC(335) Phase 2: Compute new object addresses 83.071ms
[98.101s][info][gc,phases,start] GC(335) Phase 3: Adjust pointers
[98.123s][info][gc,phases      ] GC(335) Phase 3: Adjust pointers 21.891ms
[98.123s][info][gc,phases,start] GC(335) Phase 4: Move objects
[98.123s][info][gc,phases      ] GC(335) Phase 4: Move objects 0.009ms
[98.123s][info][gc,heap        ] GC(335) DefNew: 1089629K(1258304K)->0K(1258304K) Eden: 1088667K(1118528K)->0K(1118528K) From: 962K(139776K)->0K(139776K)
[98.123s][info][gc,heap        ] GC(335) Tenured: 85002K(2796224K)->85002K(2796224K)
[98.123s][info][gc,metaspace   ] GC(335) Metaspace: 11743K(11968K)->11743K(11968K) NonClass: 10203K(10304K)->10203K(10304K) Class: 1540K(1664K)->1540K(1664K)
[98.123s][info][gc             ] GC(335) Pause Full (System.gc()) 1147M->83M(3959M) 149.840ms
[98.123s][info][gc,cpu         ] GC(335) User=0.14s Sys=0.00s Real=0.15s
[98.400s][info][gc,start       ] GC(336) Pause Young (Allocation Failure)
[98.401s][info][gc,heap        ] GC(336) DefNew: 1118528K(1258304K)->995K(1258304K) Eden: 1118528K(1118528K)->0K(1118528K) From: 0K(139776K)->995K(139776K)
[98.401s][info][gc,heap        ] GC(336) Tenured: 85002K(2796224K)->85002K(2796224K)
[98.401s][info][gc,metaspace   ] GC(336) Metaspace: 11743K(11968K)->11743K(11968K) NonClass: 10203K(10304K)->10203K(10304K) Class: 1540K(1664K)->1540K(1664K)
[98.401s][info][gc             ] GC(336) Pause Young (Allocation Failure) 1175M->83M(3959M) 1.025ms
[98.401s][info][gc,cpu         ] GC(336) User=0.00s Sys=0.00s Real=0.00s
[98.670s][info][gc,start       ] GC(337) Pause Young (Allocation Failure)
[98.672s][info][gc,heap        ] GC(337) DefNew: 1119523K(1258304K)->1743K(1258304K) Eden: 1118528K(1118528K)->0K(1118528K) From: 995K(139776K)->1743K(139776K)
[98.672s][info][gc,heap        ] GC(337) Tenured: 85002K(2796224K)->85002K(2796224K)
[98.672s][info][gc,metaspace   ] GC(337) Metaspace: 11743K(11968K)->11743K(11968K) NonClass: 10203K(10304K)->10203K(10304K) Class: 1540K(1664K)->1540K(1664K)
[98.672s][info][gc             ] GC(337) Pause Young (Allocation Failure) 1176M->84M(3959M) 1.584ms
[98.672s][info][gc,cpu         ] GC(337) User=0.00s Sys=0.00s Real=0.00s
[98.948s][info][gc,start       ] GC(338) Pause Young (Allocation Failure)
[98.950s][info][gc,heap        ] GC(338) DefNew: 1120267K(1258304K)->2373K(1258304K) Eden: 1118523K(1118528K)->0K(1118528K) From: 1743K(139776K)->2373K(139776K)
[98.950s][info][gc,heap        ] GC(338) Tenured: 85002K(2796224K)->85002K(2796224K)
[98.950s][info][gc,metaspace   ] GC(338) Metaspace: 11743K(11968K)->11743K(11968K) NonClass: 10203K(10304K)->10203K(10304K) Class: 1540K(1664K)->1540K(1664K)
[98.950s][info][gc             ] GC(338) Pause Young (Allocation Failure) 1177M->85M(3959M) 2.004ms
[98.950s][info][gc,cpu         ] GC(338) User=0.00s Sys=0.00s Real=0.00s
[99.223s][info][gc,start       ] GC(339) Pause Young (Allocation Failure)
[99.223s][info][gc,heap        ] GC(339) DefNew: 1120901K(1258304K)->134K(1258304K) Eden: 1118528K(1118528K)->0K(1118528K) From: 2373K(139776K)->134K(139776K)
[99.223s][info][gc,heap        ] GC(339) Tenured: 85002K(2796224K)->85002K(2796224K)
[99.223s][info][gc,metaspace   ] GC(339) Metaspace: 11743K(11968K)->11743K(11968K) NonClass: 10203K(10304K)->10203K(10304K) Class: 1540K(1664K)->1540K(1664K)
[99.223s][info][gc             ] GC(339) Pause Young (Allocation Failure) 1177M->83M(3959M) 0.452ms
[99.223s][info][gc,cpu         ] GC(339) User=0.00s Sys=0.00s Real=0.00s
[99.493s][info][gc,start       ] GC(340) Pause Young (Allocation Failure)
[99.494s][info][gc,heap        ] GC(340) DefNew: 1118662K(1258304K)->922K(1258304K) Eden: 1118528K(1118528K)->0K(1118528K) From: 134K(139776K)->922K(139776K)
[99.494s][info][gc,heap        ] GC(340) Tenured: 85002K(2796224K)->85002K(2796224K)
[99.494s][info][gc,metaspace   ] GC(340) Metaspace: 11743K(11968K)->11743K(11968K) NonClass: 10203K(10304K)->10203K(10304K) Class: 1540K(1664K)->1540K(1664K)
[99.494s][info][gc             ] GC(340) Pause Young (Allocation Failure) 1175M->83M(3959M) 1.035ms
[99.494s][info][gc,cpu         ] GC(340) User=0.00s Sys=0.00s Real=0.00s
[99.762s][info][gc,start       ] GC(341) Pause Young (Allocation Failure)
[99.763s][info][gc,heap        ] GC(341) DefNew: 1119450K(1258304K)->1691K(1258304K) Eden: 1118528K(1118528K)->0K(1118528K) From: 922K(139776K)->1691K(139776K)
[99.763s][info][gc,heap        ] GC(341) Tenured: 85002K(2796224K)->85002K(2796224K)
[99.763s][info][gc,metaspace   ] GC(341) Metaspace: 11743K(11968K)->11743K(11968K) NonClass: 10203K(10304K)->10203K(10304K) Class: 1540K(1664K)->1540K(1664K)
[99.763s][info][gc             ] GC(341) Pause Young (Allocation Failure) 1176M->84M(3959M) 1.587ms
[99.764s][info][gc,cpu         ] GC(341) User=0.00s Sys=0.00s Real=0.00s
[100.039s][info][gc,start       ] GC(342) Pause Young (Allocation Failure)
[100.041s][info][gc,heap        ] GC(342) DefNew: 1120219K(1258304K)->2691K(1258304K) Eden: 1118528K(1118528K)->0K(1118528K) From: 1691K(139776K)->2691K(139776K)
[100.041s][info][gc,heap        ] GC(342) Tenured: 85002K(2796224K)->85002K(2796224K)
[100.041s][info][gc,metaspace   ] GC(342) Metaspace: 11743K(11968K)->11743K(11968K) NonClass: 10203K(10304K)->10203K(10304K) Class: 1540K(1664K)->1540K(1664K)
[100.041s][info][gc             ] GC(342) Pause Young (Allocation Failure) 1176M->85M(3959M) 2.252ms
[100.041s][info][gc,cpu         ] GC(342) User=0.00s Sys=0.00s Real=0.00s
[100.316s][info][gc,start       ] GC(343) Pause Young (Allocation Failure)
[100.316s][info][gc,heap        ] GC(343) DefNew: 1121219K(1258304K)->539K(1258304K) Eden: 1118528K(1118528K)->0K(1118528K) From: 2691K(139776K)->539K(139776K)
[100.316s][info][gc,heap        ] GC(343) Tenured: 85002K(2796224K)->85002K(2796224K)
[100.316s][info][gc,metaspace   ] GC(343) Metaspace: 11743K(11968K)->11743K(11968K) NonClass: 10203K(10304K)->10203K(10304K) Class: 1540K(1664K)->1540K(1664K)
[100.316s][info][gc             ] GC(343) Pause Young (Allocation Failure) 1177M->83M(3959M) 0.753ms
[100.316s][info][gc,cpu         ] GC(343) User=0.00s Sys=0.00s Real=0.00s
[100.582s][info][gc,start       ] GC(344) Pause Full (System.gc())
[100.582s][info][gc,phases,start] GC(344) Phase 1: Mark live objects
[100.627s][info][gc,phases      ] GC(344) Phase 1: Mark live objects 44.318ms
[100.627s][info][gc,phases,start] GC(344) Phase 2: Compute new object addresses
[100.710s][info][gc,phases      ] GC(344) Phase 2: Compute new object addresses 83.451ms
[100.710s][info][gc,phases,start] GC(344) Phase 3: Adjust pointers
[100.733s][info][gc,phases      ] GC(344) Phase 3: Adjust pointers 22.215ms
[100.733s][info][gc,phases,start] GC(344) Phase 4: Move objects
[100.733s][info][gc,phases      ] GC(344) Phase 4: Move objects 0.009ms
[100.733s][info][gc,heap        ] GC(344) DefNew: 1103217K(1258304K)->0K(1258304K) Eden: 1102678K(1118528K)->0K(1118528K) From: 539K(139776K)->0K(139776K)
[100.733s][info][gc,heap        ] GC(344) Tenured: 85002K(2796224K)->85003K(2796224K)
[100.733s][info][gc,metaspace   ] GC(344) Metaspace: 11743K(11968K)->11743K(11968K) NonClass: 10203K(10304K)->10203K(10304K) Class: 1540K(1664K)->1540K(1664K)
[100.733s][info][gc             ] GC(344) Pause Full (System.gc()) 1160M->83M(3959M) 150.285ms
[100.733s][info][gc,cpu         ] GC(344) User=0.12s Sys=0.02s Real=0.14s
[101.013s][info][gc,start       ] GC(345) Pause Young (Allocation Failure)
[101.014s][info][gc,heap        ] GC(345) DefNew: 1118528K(1258304K)->818K(1258304K) Eden: 1118528K(1118528K)->0K(1118528K) From: 0K(139776K)->818K(139776K)
[101.014s][info][gc,heap        ] GC(345) Tenured: 85003K(2796224K)->85003K(2796224K)
[101.014s][info][gc,metaspace   ] GC(345) Metaspace: 11744K(12032K)->11744K(12032K) NonClass: 10204K(10368K)->10204K(10368K) Class: 1540K(1664K)->1540K(1664K)
[101.014s][info][gc             ] GC(345) Pause Young (Allocation Failure) 1175M->83M(3959M) 0.927ms
[101.014s][info][gc,cpu         ] GC(345) User=0.00s Sys=0.00s Real=0.00s
[101.284s][info][gc,start       ] GC(346) Pause Young (Allocation Failure)
[101.286s][info][gc,heap        ] GC(346) DefNew: 1119346K(1258304K)->1744K(1258304K) Eden: 1118528K(1118528K)->0K(1118528K) From: 818K(139776K)->1744K(139776K)
[101.286s][info][gc,heap        ] GC(346) Tenured: 85003K(2796224K)->85003K(2796224K)
[101.286s][info][gc,metaspace   ] GC(346) Metaspace: 11744K(12032K)->11744K(12032K) NonClass: 10204K(10368K)->10204K(10368K) Class: 1540K(1664K)->1540K(1664K)
[101.286s][info][gc             ] GC(346) Pause Young (Allocation Failure) 1176M->84M(3959M) 1.572ms
[101.286s][info][gc,cpu         ] GC(346) User=0.00s Sys=0.00s Real=0.00s
[101.556s][info][gc,start       ] GC(347) Pause Young (Allocation Failure)
[101.558s][info][gc,heap        ] GC(347) DefNew: 1120272K(1258304K)->2497K(1258304K) Eden: 1118528K(1118528K)->0K(1118528K) From: 1744K(139776K)->2497K(139776K)
[101.558s][info][gc,heap        ] GC(347) Tenured: 85003K(2796224K)->85003K(2796224K)
[101.558s][info][gc,metaspace   ] GC(347) Metaspace: 11744K(12032K)->11744K(12032K) NonClass: 10204K(10368K)->10204K(10368K) Class: 1540K(1664K)->1540K(1664K)
[101.558s][info][gc             ] GC(347) Pause Young (Allocation Failure) 1177M->85M(3959M) 2.121ms
[101.558s][info][gc,cpu         ] GC(347) User=0.00s Sys=0.00s Real=0.00s
[101.831s][info][gc,start       ] GC(348) Pause Young (Allocation Failure)
[101.832s][info][gc,heap        ] GC(348) DefNew: 1121025K(1258304K)->174K(1258304K) Eden: 1118528K(1118528K)->0K(1118528K) From: 2497K(139776K)->174K(139776K)
[101.832s][info][gc,heap        ] GC(348) Tenured: 85003K(2796224K)->85003K(2796224K)
[101.832s][info][gc,metaspace   ] GC(348) Metaspace: 11744K(12032K)->11744K(12032K) NonClass: 10204K(10368K)->10204K(10368K) Class: 1540K(1664K)->1540K(1664K)
[101.832s][info][gc             ] GC(348) Pause Young (Allocation Failure) 1177M->83M(3959M) 0.480ms
[101.832s][info][gc,cpu         ] GC(348) User=0.00s Sys=0.00s Real=0.00s
[102.107s][info][gc,start       ] GC(349) Pause Young (Allocation Failure)
[102.107s][info][gc,heap        ] GC(349) DefNew: 1118702K(1258304K)->908K(1258304K) Eden: 1118528K(1118528K)->0K(1118528K) From: 174K(139776K)->908K(139776K)
[102.107s][info][gc,heap        ] GC(349) Tenured: 85003K(2796224K)->85003K(2796224K)
[102.107s][info][gc,metaspace   ] GC(349) Metaspace: 11744K(12032K)->11744K(12032K) NonClass: 10204K(10368K)->10204K(10368K) Class: 1540K(1664K)->1540K(1664K)
[102.107s][info][gc             ] GC(349) Pause Young (Allocation Failure) 1175M->83M(3959M) 0.980ms
[102.107s][info][gc,cpu         ] GC(349) User=0.00s Sys=0.00s Real=0.00s
[102.377s][info][gc,start       ] GC(350) Pause Young (Allocation Failure)
[102.378s][info][gc,heap        ] GC(350) DefNew: 1119436K(1258304K)->2076K(1258304K) Eden: 1118528K(1118528K)->0K(1118528K) From: 908K(139776K)->2076K(139776K)
[102.378s][info][gc,heap        ] GC(350) Tenured: 85003K(2796224K)->85003K(2796224K)
[102.378s][info][gc,metaspace   ] GC(350) Metaspace: 11744K(12032K)->11744K(12032K) NonClass: 10204K(10368K)->10204K(10368K) Class: 1540K(1664K)->1540K(1664K)
[102.378s][info][gc             ] GC(350) Pause Young (Allocation Failure) 1176M->85M(3959M) 1.798ms
[102.378s][info][gc,cpu         ] GC(350) User=0.00s Sys=0.00s Real=0.00s
[102.647s][info][gc,start       ] GC(351) Pause Young (Allocation Failure)
[102.649s][info][gc,heap        ] GC(351) DefNew: 1120604K(1258304K)->2409K(1258304K) Eden: 1118528K(1118528K)->0K(1118528K) From: 2076K(139776K)->2409K(139776K)
[102.649s][info][gc,heap        ] GC(351) Tenured: 85003K(2796224K)->85003K(2796224K)
[102.649s][info][gc,metaspace   ] GC(351) Metaspace: 11744K(12032K)->11744K(12032K) NonClass: 10204K(10368K)->10204K(10368K) Class: 1540K(1664K)->1540K(1664K)
[102.649s][info][gc             ] GC(351) Pause Young (Allocation Failure) 1177M->85M(3959M) 2.081ms
[102.649s][info][gc,cpu         ] GC(351) User=0.00s Sys=0.00s Real=0.00s
[102.927s][info][gc,start       ] GC(352) Pause Young (Allocation Failure)
[102.928s][info][gc,heap        ] GC(352) DefNew: 1120937K(1258304K)->200K(1258304K) Eden: 1118528K(1118528K)->0K(1118528K) From: 2409K(139776K)->200K(139776K)
[102.928s][info][gc,heap        ] GC(352) Tenured: 85003K(2796224K)->85003K(2796224K)
[102.928s][info][gc,metaspace   ] GC(352) Metaspace: 11744K(12032K)->11744K(12032K) NonClass: 10204K(10368K)->10204K(10368K) Class: 1540K(1664K)->1540K(1664K)
[102.928s][info][gc             ] GC(352) Pause Young (Allocation Failure) 1177M->83M(3959M) 0.501ms
[102.928s][info][gc,cpu         ] GC(352) User=0.00s Sys=0.00s Real=0.00s
[103.197s][info][gc,start       ] GC(353) Pause Full (System.gc())
[103.197s][info][gc,phases,start] GC(353) Phase 1: Mark live objects
[103.241s][info][gc,phases      ] GC(353) Phase 1: Mark live objects 44.315ms
[103.241s][info][gc,phases,start] GC(353) Phase 2: Compute new object addresses
[103.325s][info][gc,phases      ] GC(353) Phase 2: Compute new object addresses 84.040ms
[103.325s][info][gc,phases,start] GC(353) Phase 3: Adjust pointers
[103.347s][info][gc,phases      ] GC(353) Phase 3: Adjust pointers 22.188ms
[103.348s][info][gc,phases,start] GC(353) Phase 4: Move objects
[103.348s][info][gc,phases      ] GC(353) Phase 4: Move objects 0.010ms
[103.348s][info][gc,heap        ] GC(353) DefNew: 1107371K(1258304K)->0K(1258304K) Eden: 1107171K(1118528K)->0K(1118528K) From: 200K(139776K)->0K(139776K)
[103.348s][info][gc,heap        ] GC(353) Tenured: 85003K(2796224K)->85001K(2796224K)
[103.348s][info][gc,metaspace   ] GC(353) Metaspace: 11744K(12032K)->11744K(12032K) NonClass: 10204K(10368K)->10204K(10368K) Class: 1540K(1664K)->1540K(1664K)
[103.348s][info][gc             ] GC(353) Pause Full (System.gc()) 1164M->83M(3959M) 150.857ms
[103.348s][info][gc,cpu         ] GC(353) User=0.14s Sys=0.00s Real=0.14s
[103.622s][info][gc,start       ] GC(354) Pause Young (Allocation Failure)
[103.623s][info][gc,heap        ] GC(354) DefNew: 1118528K(1258304K)->682K(1258304K) Eden: 1118528K(1118528K)->0K(1118528K) From: 0K(139776K)->682K(139776K)
[103.623s][info][gc,heap        ] GC(354) Tenured: 85001K(2796224K)->85001K(2796224K)
[103.623s][info][gc,metaspace   ] GC(354) Metaspace: 11746K(12032K)->11746K(12032K) NonClass: 10206K(10368K)->10206K(10368K) Class: 1540K(1664K)->1540K(1664K)
[103.623s][info][gc             ] GC(354) Pause Young (Allocation Failure) 1175M->83M(3959M) 0.841ms
[103.623s][info][gc,cpu         ] GC(354) User=0.00s Sys=0.00s Real=0.00s
[103.898s][info][gc,start       ] GC(355) Pause Young (Allocation Failure)
[103.899s][info][gc,heap        ] GC(355) DefNew: 1119210K(1258304K)->1569K(1258304K) Eden: 1118528K(1118528K)->0K(1118528K) From: 682K(139776K)->1569K(139776K)
[103.899s][info][gc,heap        ] GC(355) Tenured: 85001K(2796224K)->85001K(2796224K)
[103.899s][info][gc,metaspace   ] GC(355) Metaspace: 11746K(12032K)->11746K(12032K) NonClass: 10206K(10368K)->10206K(10368K) Class: 1540K(1664K)->1540K(1664K)
[103.899s][info][gc             ] GC(355) Pause Young (Allocation Failure) 1175M->84M(3959M) 1.416ms
[103.899s][info][gc,cpu         ] GC(355) User=0.00s Sys=0.00s Real=0.00s
[104.170s][info][gc,start       ] GC(356) Pause Young (Allocation Failure)
[104.172s][info][gc,heap        ] GC(356) DefNew: 1120097K(1258304K)->2174K(1258304K) Eden: 1118528K(1118528K)->0K(1118528K) From: 1569K(139776K)->2174K(139776K)
[104.172s][info][gc,heap        ] GC(356) Tenured: 85001K(2796224K)->85001K(2796224K)
[104.172s][info][gc,metaspace   ] GC(356) Metaspace: 11746K(12032K)->11746K(12032K) NonClass: 10206K(10368K)->10206K(10368K) Class: 1540K(1664K)->1540K(1664K)
[104.172s][info][gc             ] GC(356) Pause Young (Allocation Failure) 1176M->85M(3959M) 1.824ms
[104.172s][info][gc,cpu         ] GC(356) User=0.00s Sys=0.00s Real=0.00s
[104.446s][info][gc,start       ] GC(357) Pause Young (Allocation Failure)
[104.446s][info][gc,heap        ] GC(357) DefNew: 1120702K(1258304K)->249K(1258304K) Eden: 1118528K(1118528K)->0K(1118528K) From: 2174K(139776K)->249K(139776K)
[104.447s][info][gc,heap        ] GC(357) Tenured: 85001K(2796224K)->85001K(2796224K)
[104.447s][info][gc,metaspace   ] GC(357) Metaspace: 11746K(12032K)->11746K(12032K) NonClass: 10206K(10368K)->10206K(10368K) Class: 1540K(1664K)->1540K(1664K)
[104.447s][info][gc             ] GC(357) Pause Young (Allocation Failure) 1177M->83M(3959M) 0.558ms
[104.447s][info][gc,cpu         ] GC(357) User=0.00s Sys=0.00s Real=0.00s
[104.716s][info][gc,start       ] GC(358) Pause Young (Allocation Failure)
[104.717s][info][gc,heap        ] GC(358) DefNew: 1118777K(1258304K)->846K(1258304K) Eden: 1118528K(1118528K)->0K(1118528K) From: 249K(139776K)->846K(139776K)
[104.717s][info][gc,heap        ] GC(358) Tenured: 85001K(2796224K)->85001K(2796224K)
[104.717s][info][gc,metaspace   ] GC(358) Metaspace: 11746K(12032K)->11746K(12032K) NonClass: 10206K(10368K)->10206K(10368K) Class: 1540K(1664K)->1540K(1664K)
[104.717s][info][gc             ] GC(358) Pause Young (Allocation Failure) 1175M->83M(3959M) 0.971ms
[104.717s][info][gc,cpu         ] GC(358) User=0.00s Sys=0.00s Real=0.00s
[104.992s][info][gc,start       ] GC(359) Pause Young (Allocation Failure)
[104.994s][info][gc,heap        ] GC(359) DefNew: 1119374K(1258304K)->1888K(1258304K) Eden: 1118528K(1118528K)->0K(1118528K) From: 846K(139776K)->1888K(139776K)
[104.994s][info][gc,heap        ] GC(359) Tenured: 85001K(2796224K)->85001K(2796224K)
[104.994s][info][gc,metaspace   ] GC(359) Metaspace: 11746K(12032K)->11746K(12032K) NonClass: 10206K(10368K)->10206K(10368K) Class: 1540K(1664K)->1540K(1664K)
[104.994s][info][gc             ] GC(359) Pause Young (Allocation Failure) 1176M->84M(3959M) 1.734ms
[104.994s][info][gc,cpu         ] GC(359) User=0.00s Sys=0.00s Real=0.00s
[105.264s][info][gc,start       ] GC(360) Pause Young (Allocation Failure)
[105.266s][info][gc,heap        ] GC(360) DefNew: 1120416K(1258304K)->2639K(1258304K) Eden: 1118528K(1118528K)->0K(1118528K) From: 1888K(139776K)->2639K(139776K)
[105.266s][info][gc,heap        ] GC(360) Tenured: 85001K(2796224K)->85001K(2796224K)
[105.266s][info][gc,metaspace   ] GC(360) Metaspace: 11746K(12032K)->11746K(12032K) NonClass: 10206K(10368K)->10206K(10368K) Class: 1540K(1664K)->1540K(1664K)
[105.266s][info][gc             ] GC(360) Pause Young (Allocation Failure) 1177M->85M(3959M) 2.202ms
[105.266s][info][gc,cpu         ] GC(360) User=0.00s Sys=0.00s Real=0.00s
[105.540s][info][gc,start       ] GC(361) Pause Young (Allocation Failure)
[105.541s][info][gc,heap        ] GC(361) DefNew: 1121167K(1258304K)->845K(1258304K) Eden: 1118528K(1118528K)->0K(1118528K) From: 2639K(139776K)->845K(139776K)
[105.541s][info][gc,heap        ] GC(361) Tenured: 85001K(2796224K)->85001K(2796224K)
[105.541s][info][gc,metaspace   ] GC(361) Metaspace: 11746K(12032K)->11746K(12032K) NonClass: 10206K(10368K)->10206K(10368K) Class: 1540K(1664K)->1540K(1664K)
[105.541s][info][gc             ] GC(361) Pause Young (Allocation Failure) 1177M->83M(3959M) 0.950ms
[105.541s][info][gc,cpu         ] GC(361) User=0.00s Sys=0.00s Real=0.00s
[105.807s][info][gc,start       ] GC(362) Pause Full (System.gc())
[105.807s][info][gc,phases,start] GC(362) Phase 1: Mark live objects
[105.852s][info][gc,phases      ] GC(362) Phase 1: Mark live objects 44.644ms
[105.852s][info][gc,phases,start] GC(362) Phase 2: Compute new object addresses
[105.936s][info][gc,phases      ] GC(362) Phase 2: Compute new object addresses 84.016ms
[105.936s][info][gc,phases,start] GC(362) Phase 3: Adjust pointers
[105.958s][info][gc,phases      ] GC(362) Phase 3: Adjust pointers 22.008ms
[105.958s][info][gc,phases,start] GC(362) Phase 4: Move objects
[105.958s][info][gc,phases      ] GC(362) Phase 4: Move objects 0.010ms
[105.958s][info][gc,heap        ] GC(362) DefNew: 1092192K(1258304K)->0K(1258304K) Eden: 1091346K(1118528K)->0K(1118528K) From: 845K(139776K)->0K(139776K)
[105.958s][info][gc,heap        ] GC(362) Tenured: 85001K(2796224K)->85002K(2796224K)
[105.958s][info][gc,metaspace   ] GC(362) Metaspace: 11746K(12032K)->11746K(12032K) NonClass: 10206K(10368K)->10206K(10368K) Class: 1540K(1664K)->1540K(1664K)
[105.958s][info][gc             ] GC(362) Pause Full (System.gc()) 1149M->83M(3959M) 150.973ms
[105.958s][info][gc,cpu         ] GC(362) User=0.16s Sys=0.00s Real=0.15s
[106.234s][info][gc,start       ] GC(363) Pause Young (Allocation Failure)
[106.235s][info][gc,heap        ] GC(363) DefNew: 1118528K(1258304K)->962K(1258304K) Eden: 1118528K(1118528K)->0K(1118528K) From: 0K(139776K)->962K(139776K)
[106.235s][info][gc,heap        ] GC(363) Tenured: 85002K(2796224K)->85002K(2796224K)
[106.235s][info][gc,metaspace   ] GC(363) Metaspace: 11746K(12032K)->11746K(12032K) NonClass: 10206K(10368K)->10206K(10368K) Class: 1540K(1664K)->1540K(1664K)
[106.235s][info][gc             ] GC(363) Pause Young (Allocation Failure) 1175M->83M(3959M) 1.038ms
[106.235s][info][gc,cpu         ] GC(363) User=0.00s Sys=0.00s Real=0.00s
[106.504s][info][gc,start       ] GC(364) Pause Young (Allocation Failure)
[106.505s][info][gc,heap        ] GC(364) DefNew: 1119490K(1258304K)->1678K(1258304K) Eden: 1118528K(1118528K)->0K(1118528K) From: 962K(139776K)->1678K(139776K)
[106.505s][info][gc,heap        ] GC(364) Tenured: 85002K(2796224K)->85002K(2796224K)
[106.505s][info][gc,metaspace   ] GC(364) Metaspace: 11746K(12032K)->11746K(12032K) NonClass: 10206K(10368K)->10206K(10368K) Class: 1540K(1664K)->1540K(1664K)
[106.505s][info][gc             ] GC(364) Pause Young (Allocation Failure) 1176M->84M(3959M) 1.522ms
[106.505s][info][gc,cpu         ] GC(364) User=0.00s Sys=0.00s Real=0.00s
[106.774s][info][gc,start       ] GC(365) Pause Young (Allocation Failure)
[106.777s][info][gc,heap        ] GC(365) DefNew: 1120206K(1258304K)->2716K(1258304K) Eden: 1118528K(1118528K)->0K(1118528K) From: 1678K(139776K)->2716K(139776K)
[106.777s][info][gc,heap        ] GC(365) Tenured: 85002K(2796224K)->85002K(2796224K)
[106.777s][info][gc,metaspace   ] GC(365) Metaspace: 11746K(12032K)->11746K(12032K) NonClass: 10206K(10368K)->10206K(10368K) Class: 1540K(1664K)->1540K(1664K)
[106.777s][info][gc             ] GC(365) Pause Young (Allocation Failure) 1176M->85M(3959M) 2.253ms
[106.777s][info][gc,cpu         ] GC(365) User=0.00s Sys=0.00s Real=0.00s
[107.055s][info][gc,start       ] GC(366) Pause Young (Allocation Failure)
[107.055s][info][gc,heap        ] GC(366) DefNew: 1121244K(1258304K)->48K(1258304K) Eden: 1118528K(1118528K)->0K(1118528K) From: 2716K(139776K)->48K(139776K)
[107.055s][info][gc,heap        ] GC(366) Tenured: 85002K(2796224K)->85002K(2796224K)
[107.056s][info][gc,metaspace   ] GC(366) Metaspace: 11746K(12032K)->11746K(12032K) NonClass: 10206K(10368K)->10206K(10368K) Class: 1540K(1664K)->1540K(1664K)
[107.056s][info][gc             ] GC(366) Pause Young (Allocation Failure) 1177M->83M(3959M) 0.378ms
[107.056s][info][gc,cpu         ] GC(366) User=0.00s Sys=0.00s Real=0.00s
[107.326s][info][gc,start       ] GC(367) Pause Young (Allocation Failure)
[107.327s][info][gc,heap        ] GC(367) DefNew: 1118576K(1258304K)->842K(1258304K) Eden: 1118528K(1118528K)->0K(1118528K) From: 48K(139776K)->842K(139776K)
[107.327s][info][gc,heap        ] GC(367) Tenured: 85002K(2796224K)->85002K(2796224K)
[107.327s][info][gc,metaspace   ] GC(367) Metaspace: 11746K(12032K)->11746K(12032K) NonClass: 10206K(10368K)->10206K(10368K) Class: 1540K(1664K)->1540K(1664K)
[107.327s][info][gc             ] GC(367) Pause Young (Allocation Failure) 1175M->83M(3959M) 0.941ms
[107.327s][info][gc,cpu         ] GC(367) User=0.00s Sys=0.00s Real=0.00s
[107.596s][info][gc,start       ] GC(368) Pause Young (Allocation Failure)
[107.598s][info][gc,heap        ] GC(368) DefNew: 1119370K(1258304K)->1677K(1258304K) Eden: 1118528K(1118528K)->0K(1118528K) From: 842K(139776K)->1677K(139776K)
[107.598s][info][gc,heap        ] GC(368) Tenured: 85002K(2796224K)->85002K(2796224K)
[107.598s][info][gc,metaspace   ] GC(368) Metaspace: 11746K(12032K)->11746K(12032K) NonClass: 10206K(10368K)->10206K(10368K) Class: 1540K(1664K)->1540K(1664K)
[107.598s][info][gc             ] GC(368) Pause Young (Allocation Failure) 1176M->84M(3959M) 1.549ms
[107.598s][info][gc,cpu         ] GC(368) User=0.00s Sys=0.00s Real=0.00s
[107.871s][info][gc,start       ] GC(369) Pause Young (Allocation Failure)
[107.873s][info][gc,heap        ] GC(369) DefNew: 1120205K(1258304K)->2275K(1258304K) Eden: 1118528K(1118528K)->0K(1118528K) From: 1677K(139776K)->2275K(139776K)
[107.873s][info][gc,heap        ] GC(369) Tenured: 85002K(2796224K)->85002K(2796224K)
[107.873s][info][gc,metaspace   ] GC(369) Metaspace: 11746K(12032K)->11746K(12032K) NonClass: 10206K(10368K)->10206K(10368K) Class: 1540K(1664K)->1540K(1664K)
[107.873s][info][gc             ] GC(369) Pause Young (Allocation Failure) 1176M->85M(3959M) 1.957ms
[107.873s][info][gc,cpu         ] GC(369) User=0.02s Sys=0.00s Real=0.00s
[108.148s][info][gc,start       ] GC(370) Pause Young (Allocation Failure)
[108.148s][info][gc,heap        ] GC(370) DefNew: 1120803K(1258304K)->313K(1258304K) Eden: 1118528K(1118528K)->0K(1118528K) From: 2275K(139776K)->313K(139776K)
[108.148s][info][gc,heap        ] GC(370) Tenured: 85002K(2796224K)->85002K(2796224K)
[108.148s][info][gc,metaspace   ] GC(370) Metaspace: 11746K(12032K)->11746K(12032K) NonClass: 10206K(10368K)->10206K(10368K) Class: 1540K(1664K)->1540K(1664K)
[108.148s][info][gc             ] GC(370) Pause Young (Allocation Failure) 1177M->83M(3959M) 0.583ms
[108.148s][info][gc,cpu         ] GC(370) User=0.00s Sys=0.00s Real=0.00s
[108.415s][info][gc,start       ] GC(371) Pause Full (System.gc())
[108.415s][info][gc,phases,start] GC(371) Phase 1: Mark live objects
[108.460s][info][gc,phases      ] GC(371) Phase 1: Mark live objects 44.871ms
[108.460s][info][gc,phases,start] GC(371) Phase 2: Compute new object addresses
[108.544s][info][gc,phases      ] GC(371) Phase 2: Compute new object addresses 83.599ms
[108.544s][info][gc,phases,start] GC(371) Phase 3: Adjust pointers
[108.566s][info][gc,phases      ] GC(371) Phase 3: Adjust pointers 21.849ms
[108.566s][info][gc,phases,start] GC(371) Phase 4: Move objects
[108.566s][info][gc,phases      ] GC(371) Phase 4: Move objects 0.010ms
[108.566s][info][gc,heap        ] GC(371) DefNew: 1105718K(1258304K)->0K(1258304K) Eden: 1105404K(1118528K)->0K(1118528K) From: 313K(139776K)->0K(139776K)
[108.566s][info][gc,heap        ] GC(371) Tenured: 85002K(2796224K)->85002K(2796224K)
[108.566s][info][gc,metaspace   ] GC(371) Metaspace: 11746K(12032K)->11746K(12032K) NonClass: 10206K(10368K)->10206K(10368K) Class: 1540K(1664K)->1540K(1664K)
[108.566s][info][gc             ] GC(371) Pause Full (System.gc()) 1162M->83M(3959M) 150.626ms
[108.566s][info][gc,cpu         ] GC(371) User=0.16s Sys=0.00s Real=0.15s
[108.845s][info][gc,start       ] GC(372) Pause Young (Allocation Failure)
[108.846s][info][gc,heap        ] GC(372) DefNew: 1118528K(1258304K)->800K(1258304K) Eden: 1118528K(1118528K)->0K(1118528K) From: 0K(139776K)->800K(139776K)
[108.846s][info][gc,heap        ] GC(372) Tenured: 85002K(2796224K)->85002K(2796224K)
[108.846s][info][gc,metaspace   ] GC(372) Metaspace: 11755K(12032K)->11755K(12032K) NonClass: 10215K(10368K)->10215K(10368K) Class: 1540K(1664K)->1540K(1664K)
[108.846s][info][gc             ] GC(372) Pause Young (Allocation Failure) 1175M->83M(3959M) 0.916ms
[108.846s][info][gc,cpu         ] GC(372) User=0.00s Sys=0.00s Real=0.00s
[109.118s][info][gc,start       ] GC(373) Pause Young (Allocation Failure)
[109.119s][info][gc,heap        ] GC(373) DefNew: 1119328K(1258304K)->1575K(1258304K) Eden: 1118528K(1118528K)->0K(1118528K) From: 800K(139776K)->1575K(139776K)
[109.119s][info][gc,heap        ] GC(373) Tenured: 85002K(2796224K)->85002K(2796224K)
[109.119s][info][gc,metaspace   ] GC(373) Metaspace: 11755K(12032K)->11755K(12032K) NonClass: 10215K(10368K)->10215K(10368K) Class: 1540K(1664K)->1540K(1664K)
[109.119s][info][gc             ] GC(373) Pause Young (Allocation Failure) 1176M->84M(3959M) 1.437ms
[109.119s][info][gc,cpu         ] GC(373) User=0.00s Sys=0.00s Real=0.00s
[109.389s][info][gc,start       ] GC(374) Pause Young (Allocation Failure)
[109.391s][info][gc,heap        ] GC(374) DefNew: 1120095K(1258304K)->2414K(1258304K) Eden: 1118520K(1118528K)->0K(1118528K) From: 1575K(139776K)->2414K(139776K)
[109.391s][info][gc,heap        ] GC(374) Tenured: 85002K(2796224K)->85002K(2796224K)
[109.391s][info][gc,metaspace   ] GC(374) Metaspace: 11755K(12032K)->11755K(12032K) NonClass: 10215K(10368K)->10215K(10368K) Class: 1540K(1664K)->1540K(1664K)
[109.391s][info][gc             ] GC(374) Pause Young (Allocation Failure) 1176M->85M(3959M) 2.047ms
[109.391s][info][gc,cpu         ] GC(374) User=0.00s Sys=0.00s Real=0.00s
[109.663s][info][gc,start       ] GC(375) Pause Young (Allocation Failure)
[109.665s][info][gc,heap        ] GC(375) DefNew: 1120942K(1258304K)->1961K(1258304K) Eden: 1118528K(1118528K)->0K(1118528K) From: 2414K(139776K)->1961K(139776K)
[109.665s][info][gc,heap        ] GC(375) Tenured: 85002K(2796224K)->85002K(2796224K)
[109.665s][info][gc,metaspace   ] GC(375) Metaspace: 11755K(12032K)->11755K(12032K) NonClass: 10215K(10368K)->10215K(10368K) Class: 1540K(1664K)->1540K(1664K)
[109.665s][info][gc             ] GC(375) Pause Young (Allocation Failure) 1177M->84M(3959M) 1.679ms
[109.665s][info][gc,cpu         ] GC(375) User=0.00s Sys=0.00s Real=0.00s
[109.940s][info][gc,start       ] GC(376) Pause Young (Allocation Failure)
[109.941s][info][gc,heap        ] GC(376) DefNew: 1120489K(1258304K)->862K(1258304K) Eden: 1118528K(1118528K)->0K(1118528K) From: 1961K(139776K)->862K(139776K)
[109.941s][info][gc,heap        ] GC(376) Tenured: 85002K(2796224K)->85002K(2796224K)
[109.941s][info][gc,metaspace   ] GC(376) Metaspace: 11755K(12032K)->11755K(12032K) NonClass: 10215K(10368K)->10215K(10368K) Class: 1540K(1664K)->1540K(1664K)
[109.941s][info][gc             ] GC(376) Pause Young (Allocation Failure) 1177M->83M(3959M) 0.928ms
[109.941s][info][gc,cpu         ] GC(376) User=0.00s Sys=0.00s Real=0.00s
[110.212s][info][gc,start       ] GC(377) Pause Young (Allocation Failure)
[110.213s][info][gc,heap        ] GC(377) DefNew: 1119390K(1258304K)->1665K(1258304K) Eden: 1118528K(1118528K)->0K(1118528K) From: 862K(139776K)->1665K(139776K)
[110.213s][info][gc,heap        ] GC(377) Tenured: 85002K(2796224K)->85002K(2796224K)
[110.213s][info][gc,metaspace   ] GC(377) Metaspace: 11755K(12032K)->11755K(12032K) NonClass: 10215K(10368K)->10215K(10368K) Class: 1540K(1664K)->1540K(1664K)
[110.213s][info][gc             ] GC(377) Pause Young (Allocation Failure) 1176M->84M(3959M) 1.548ms
[110.213s][info][gc,cpu         ] GC(377) User=0.00s Sys=0.00s Real=0.00s
[110.483s][info][gc,start       ] GC(378) Pause Young (Allocation Failure)
[110.484s][info][gc,heap        ] GC(378) DefNew: 1120193K(1258304K)->1990K(1258304K) Eden: 1118528K(1118528K)->0K(1118528K) From: 1665K(139776K)->1990K(139776K)
[110.484s][info][gc,heap        ] GC(378) Tenured: 85002K(2796224K)->85002K(2796224K)
[110.484s][info][gc,metaspace   ] GC(378) Metaspace: 11755K(12032K)->11755K(12032K) NonClass: 10215K(10368K)->10215K(10368K) Class: 1540K(1664K)->1540K(1664K)
[110.484s][info][gc             ] GC(378) Pause Young (Allocation Failure) 1176M->84M(3959M) 1.724ms
[110.484s][info][gc,cpu         ] GC(378) User=0.00s Sys=0.00s Real=0.00s
[110.758s][info][gc,start       ] GC(379) Pause Young (Allocation Failure)
[110.759s][info][gc,heap        ] GC(379) DefNew: 1120518K(1258304K)->215K(1258304K) Eden: 1118528K(1118528K)->0K(1118528K) From: 1990K(139776K)->215K(139776K)
[110.759s][info][gc,heap        ] GC(379) Tenured: 85002K(2796224K)->85002K(2796224K)
[110.759s][info][gc,metaspace   ] GC(379) Metaspace: 11755K(12032K)->11755K(12032K) NonClass: 10215K(10368K)->10215K(10368K) Class: 1540K(1664K)->1540K(1664K)
[110.759s][info][gc             ] GC(379) Pause Young (Allocation Failure) 1177M->83M(3959M) 0.543ms
[110.759s][info][gc,cpu         ] GC(379) User=0.00s Sys=0.00s Real=0.00s
[111.032s][info][gc,start       ] GC(380) Pause Full (System.gc())
[111.032s][info][gc,phases,start] GC(380) Phase 1: Mark live objects
[111.076s][info][gc,phases      ] GC(380) Phase 1: Mark live objects 44.424ms
[111.076s][info][gc,phases,start] GC(380) Phase 2: Compute new object addresses
[111.160s][info][gc,phases      ] GC(380) Phase 2: Compute new object addresses 83.918ms
[111.160s][info][gc,phases,start] GC(380) Phase 3: Adjust pointers
[111.182s][info][gc,phases      ] GC(380) Phase 3: Adjust pointers 22.206ms
[111.183s][info][gc,phases,start] GC(380) Phase 4: Move objects
[111.183s][info][gc,phases      ] GC(380) Phase 4: Move objects 0.009ms
[111.183s][info][gc,heap        ] GC(380) DefNew: 1105357K(1258304K)->0K(1258304K) Eden: 1105141K(1118528K)->0K(1118528K) From: 215K(139776K)->0K(139776K)
[111.183s][info][gc,heap        ] GC(380) Tenured: 85002K(2796224K)->85003K(2796224K)
[111.183s][info][gc,metaspace   ] GC(380) Metaspace: 11755K(12032K)->11755K(12032K) NonClass: 10215K(10368K)->10215K(10368K) Class: 1540K(1664K)->1540K(1664K)
[111.183s][info][gc             ] GC(380) Pause Full (System.gc()) 1162M->83M(3959M) 150.856ms
[111.183s][info][gc,cpu         ] GC(380) User=0.14s Sys=0.00s Real=0.14s
[111.459s][info][gc,start       ] GC(381) Pause Young (Allocation Failure)
[111.460s][info][gc,heap        ] GC(381) DefNew: 1118528K(1258304K)->799K(1258304K) Eden: 1118528K(1118528K)->0K(1118528K) From: 0K(139776K)->799K(139776K)
[111.460s][info][gc,heap        ] GC(381) Tenured: 85003K(2796224K)->85003K(2796224K)
[111.460s][info][gc,metaspace   ] GC(381) Metaspace: 11758K(12032K)->11758K(12032K) NonClass: 10218K(10368K)->10218K(10368K) Class: 1540K(1664K)->1540K(1664K)
[111.460s][info][gc             ] GC(381) Pause Young (Allocation Failure) 1175M->83M(3959M) 0.906ms
[111.460s][info][gc,cpu         ] GC(381) User=0.00s Sys=0.00s Real=0.00s
[111.729s][info][gc,start       ] GC(382) Pause Young (Allocation Failure)
[111.731s][info][gc,heap        ] GC(382) DefNew: 1119327K(1258304K)->1692K(1258304K) Eden: 1118528K(1118528K)->0K(1118528K) From: 799K(139776K)->1692K(139776K)
[111.731s][info][gc,heap        ] GC(382) Tenured: 85003K(2796224K)->85003K(2796224K)
[111.731s][info][gc,metaspace   ] GC(382) Metaspace: 11758K(12032K)->11758K(12032K) NonClass: 10218K(10368K)->10218K(10368K) Class: 1540K(1664K)->1540K(1664K)
[111.731s][info][gc             ] GC(382) Pause Young (Allocation Failure) 1176M->84M(3959M) 1.601ms
[111.731s][info][gc,cpu         ] GC(382) User=0.00s Sys=0.00s Real=0.00s
[112.006s][info][gc,start       ] GC(383) Pause Young (Allocation Failure)
[112.008s][info][gc,heap        ] GC(383) DefNew: 1120220K(1258304K)->2544K(1258304K) Eden: 1118528K(1118528K)->0K(1118528K) From: 1692K(139776K)->2544K(139776K)
[112.008s][info][gc,heap        ] GC(383) Tenured: 85003K(2796224K)->85003K(2796224K)
[112.008s][info][gc,metaspace   ] GC(383) Metaspace: 11758K(12032K)->11758K(12032K) NonClass: 10218K(10368K)->10218K(10368K) Class: 1540K(1664K)->1540K(1664K)
[112.008s][info][gc             ] GC(383) Pause Young (Allocation Failure) 1176M->85M(3959M) 2.183ms
[112.008s][info][gc,cpu         ] GC(383) User=0.00s Sys=0.00s Real=0.00s
[112.282s][info][gc,start       ] GC(384) Pause Young (Allocation Failure)
[112.283s][info][gc,heap        ] GC(384) DefNew: 1121072K(1258304K)->245K(1258304K) Eden: 1118528K(1118528K)->0K(1118528K) From: 2544K(139776K)->245K(139776K)
[112.283s][info][gc,heap        ] GC(384) Tenured: 85003K(2796224K)->85003K(2796224K)
[112.283s][info][gc,metaspace   ] GC(384) Metaspace: 11758K(12032K)->11758K(12032K) NonClass: 10218K(10368K)->10218K(10368K) Class: 1540K(1664K)->1540K(1664K)
[112.283s][info][gc             ] GC(384) Pause Young (Allocation Failure) 1177M->83M(3959M) 0.541ms
[112.283s][info][gc,cpu         ] GC(384) User=0.00s Sys=0.00s Real=0.00s
[112.553s][info][gc,start       ] GC(385) Pause Young (Allocation Failure)
[112.554s][info][gc,heap        ] GC(385) DefNew: 1118773K(1258304K)->976K(1258304K) Eden: 1118528K(1118528K)->0K(1118528K) From: 245K(139776K)->976K(139776K)
[112.554s][info][gc,heap        ] GC(385) Tenured: 85003K(2796224K)->85003K(2796224K)
[112.554s][info][gc,metaspace   ] GC(385) Metaspace: 11758K(12032K)->11758K(12032K) NonClass: 10218K(10368K)->10218K(10368K) Class: 1540K(1664K)->1540K(1664K)
[112.554s][info][gc             ] GC(385) Pause Young (Allocation Failure) 1175M->83M(3959M) 1.040ms
[112.554s][info][gc,cpu         ] GC(385) User=0.00s Sys=0.00s Real=0.00s
[112.824s][info][gc,start       ] GC(386) Pause Young (Allocation Failure)
[112.826s][info][gc,heap        ] GC(386) DefNew: 1119504K(1258304K)->1896K(1258304K) Eden: 1118528K(1118528K)->0K(1118528K) From: 976K(139776K)->1896K(139776K)
[112.826s][info][gc,heap        ] GC(386) Tenured: 85003K(2796224K)->85003K(2796224K)
[112.826s][info][gc,metaspace   ] GC(386) Metaspace: 11758K(12032K)->11758K(12032K) NonClass: 10218K(10368K)->10218K(10368K) Class: 1540K(1664K)->1540K(1664K)
[112.826s][info][gc             ] GC(386) Pause Young (Allocation Failure) 1176M->84M(3959M) 1.808ms
[112.826s][info][gc,cpu         ] GC(386) User=0.00s Sys=0.00s Real=0.00s
[113.100s][info][gc,start       ] GC(387) Pause Young (Allocation Failure)
[113.102s][info][gc,heap        ] GC(387) DefNew: 1120424K(1258304K)->2838K(1258304K) Eden: 1118528K(1118528K)->0K(1118528K) From: 1896K(139776K)->2838K(139776K)
[113.102s][info][gc,heap        ] GC(387) Tenured: 85003K(2796224K)->85003K(2796224K)
[113.102s][info][gc,metaspace   ] GC(387) Metaspace: 11758K(12032K)->11758K(12032K) NonClass: 10218K(10368K)->10218K(10368K) Class: 1540K(1664K)->1540K(1664K)
[113.102s][info][gc             ] GC(387) Pause Young (Allocation Failure) 1177M->85M(3959M) 2.392ms
[113.102s][info][gc,cpu         ] GC(387) User=0.00s Sys=0.00s Real=0.00s
[113.376s][info][gc,start       ] GC(388) Pause Young (Allocation Failure)
[113.376s][info][gc,heap        ] GC(388) DefNew: 1121366K(1258304K)->594K(1258304K) Eden: 1118528K(1118528K)->0K(1118528K) From: 2838K(139776K)->594K(139776K)
[113.376s][info][gc,heap        ] GC(388) Tenured: 85003K(2796224K)->85003K(2796224K)
[113.376s][info][gc,metaspace   ] GC(388) Metaspace: 11758K(12032K)->11758K(12032K) NonClass: 10218K(10368K)->10218K(10368K) Class: 1540K(1664K)->1540K(1664K)
[113.376s][info][gc             ] GC(388) Pause Young (Allocation Failure) 1178M->83M(3959M) 0.789ms
[113.376s][info][gc,cpu         ] GC(388) User=0.00s Sys=0.00s Real=0.00s
[113.644s][info][gc,start       ] GC(389) Pause Full (System.gc())
[113.644s][info][gc,phases,start] GC(389) Phase 1: Mark live objects
[113.688s][info][gc,phases      ] GC(389) Phase 1: Mark live objects 44.525ms
[113.688s][info][gc,phases,start] GC(389) Phase 2: Compute new object addresses
[113.772s][info][gc,phases      ] GC(389) Phase 2: Compute new object addresses 83.550ms
[113.772s][info][gc,phases,start] GC(389) Phase 3: Adjust pointers
[113.794s][info][gc,phases      ] GC(389) Phase 3: Adjust pointers 22.149ms
[113.794s][info][gc,phases,start] GC(389) Phase 4: Move objects
[113.794s][info][gc,phases      ] GC(389) Phase 4: Move objects 0.024ms
[113.794s][info][gc,heap        ] GC(389) DefNew: 1101709K(1258304K)->0K(1258304K) Eden: 1101114K(1118528K)->0K(1118528K) From: 594K(139776K)->0K(139776K)
[113.794s][info][gc,heap        ] GC(389) Tenured: 85003K(2796224K)->85002K(2796224K)
[113.794s][info][gc,metaspace   ] GC(389) Metaspace: 11758K(12032K)->11758K(12032K) NonClass: 10218K(10368K)->10218K(10368K) Class: 1540K(1664K)->1540K(1664K)
[113.794s][info][gc             ] GC(389) Pause Full (System.gc()) 1158M->83M(3959M) 150.552ms
[113.794s][info][gc,cpu         ] GC(389) User=0.14s Sys=0.00s Real=0.14s
[114.076s][info][gc,start       ] GC(390) Pause Young (Allocation Failure)
[114.077s][info][gc,heap        ] GC(390) DefNew: 1118528K(1258304K)->875K(1258304K) Eden: 1118528K(1118528K)->0K(1118528K) From: 0K(139776K)->875K(139776K)
[114.077s][info][gc,heap        ] GC(390) Tenured: 85002K(2796224K)->85002K(2796224K)
[114.077s][info][gc,metaspace   ] GC(390) Metaspace: 11758K(12032K)->11758K(12032K) NonClass: 10218K(10368K)->10218K(10368K) Class: 1540K(1664K)->1540K(1664K)
[114.077s][info][gc             ] GC(390) Pause Young (Allocation Failure) 1175M->83M(3959M) 0.949ms
[114.077s][info][gc,cpu         ] GC(390) User=0.00s Sys=0.00s Real=0.00s
[114.347s][info][gc,start       ] GC(391) Pause Young (Allocation Failure)
[114.348s][info][gc,heap        ] GC(391) DefNew: 1119403K(1258304K)->2077K(1258304K) Eden: 1118528K(1118528K)->0K(1118528K) From: 875K(139776K)->2077K(139776K)
[114.348s][info][gc,heap        ] GC(391) Tenured: 85002K(2796224K)->85002K(2796224K)
[114.348s][info][gc,metaspace   ] GC(391) Metaspace: 11758K(12032K)->11758K(12032K) NonClass: 10218K(10368K)->10218K(10368K) Class: 1540K(1664K)->1540K(1664K)
[114.348s][info][gc             ] GC(391) Pause Young (Allocation Failure) 1176M->85M(3959M) 1.770ms
[114.348s][info][gc,cpu         ] GC(391) User=0.00s Sys=0.00s Real=0.00s
[114.618s][info][gc,start       ] GC(392) Pause Young (Allocation Failure)
[114.620s][info][gc,heap        ] GC(392) DefNew: 1120560K(1258304K)->2643K(1258304K) Eden: 1118483K(1118528K)->0K(1118528K) From: 2077K(139776K)->2643K(139776K)
[114.620s][info][gc,heap        ] GC(392) Tenured: 85002K(2796224K)->85002K(2796224K)
[114.620s][info][gc,metaspace   ] GC(392) Metaspace: 11758K(12032K)->11758K(12032K) NonClass: 10218K(10368K)->10218K(10368K) Class: 1540K(1664K)->1540K(1664K)
[114.620s][info][gc             ] GC(392) Pause Young (Allocation Failure) 1177M->85M(3959M) 2.229ms
[114.620s][info][gc,cpu         ] GC(392) User=0.00s Sys=0.00s Real=0.00s
[114.916s][info][gc,start       ] GC(393) Pause Young (Allocation Failure)
[114.916s][info][gc,heap        ] GC(393) DefNew: 1121171K(1258304K)->300K(1258304K) Eden: 1118528K(1118528K)->0K(1118528K) From: 2643K(139776K)->300K(139776K)
[114.916s][info][gc,heap        ] GC(393) Tenured: 85002K(2796224K)->85002K(2796224K)
[114.916s][info][gc,metaspace   ] GC(393) Metaspace: 11758K(12032K)->11758K(12032K) NonClass: 10218K(10368K)->10218K(10368K) Class: 1540K(1664K)->1540K(1664K)
[114.916s][info][gc             ] GC(393) Pause Young (Allocation Failure) 1177M->83M(3959M) 0.585ms
[114.916s][info][gc,cpu         ] GC(393) User=0.00s Sys=0.00s Real=0.00s
[115.212s][info][gc,start       ] GC(394) Pause Young (Allocation Failure)
[115.213s][info][gc,heap        ] GC(394) DefNew: 1118828K(1258304K)->1070K(1258304K) Eden: 1118528K(1118528K)->0K(1118528K) From: 300K(139776K)->1070K(139776K)
[115.213s][info][gc,heap        ] GC(394) Tenured: 85002K(2796224K)->85002K(2796224K)
[115.213s][info][gc,metaspace   ] GC(394) Metaspace: 11758K(12032K)->11758K(12032K) NonClass: 10218K(10368K)->10218K(10368K) Class: 1540K(1664K)->1540K(1664K)
[115.213s][info][gc             ] GC(394) Pause Young (Allocation Failure) 1175M->84M(3959M) 1.110ms
[115.213s][info][gc,cpu         ] GC(394) User=0.00s Sys=0.00s Real=0.00s
[115.496s][info][gc,start       ] GC(395) Pause Young (Allocation Failure)
[115.497s][info][gc,heap        ] GC(395) DefNew: 1119598K(1258304K)->1661K(1258304K) Eden: 1118528K(1118528K)->0K(1118528K) From: 1070K(139776K)->1661K(139776K)
[115.497s][info][gc,heap        ] GC(395) Tenured: 85002K(2796224K)->85002K(2796224K)
[115.497s][info][gc,metaspace   ] GC(395) Metaspace: 11758K(12032K)->11758K(12032K) NonClass: 10218K(10368K)->10218K(10368K) Class: 1540K(1664K)->1540K(1664K)
[115.497s][info][gc             ] GC(395) Pause Young (Allocation Failure) 1176M->84M(3959M) 1.592ms
[115.497s][info][gc,cpu         ] GC(395) User=0.00s Sys=0.00s Real=0.00s
[115.771s][info][gc,start       ] GC(396) Pause Young (Allocation Failure)
[115.773s][info][gc,heap        ] GC(396) DefNew: 1120145K(1258304K)->2398K(1258304K) Eden: 1118484K(1118528K)->0K(1118528K) From: 1661K(139776K)->2398K(139776K)
[115.773s][info][gc,heap        ] GC(396) Tenured: 85002K(2796224K)->85002K(2796224K)
[115.773s][info][gc,metaspace   ] GC(396) Metaspace: 11758K(12032K)->11758K(12032K) NonClass: 10218K(10368K)->10218K(10368K) Class: 1540K(1664K)->1540K(1664K)
[115.773s][info][gc             ] GC(396) Pause Young (Allocation Failure) 1176M->85M(3959M) 2.053ms
[115.773s][info][gc,cpu         ] GC(396) User=0.00s Sys=0.00s Real=0.00s
[116.053s][info][gc,start       ] GC(397) Pause Young (Allocation Failure)
[116.053s][info][gc,heap        ] GC(397) DefNew: 1120926K(1258304K)->521K(1258304K) Eden: 1118528K(1118528K)->0K(1118528K) From: 2398K(139776K)->521K(139776K)
[116.053s][info][gc,heap        ] GC(397) Tenured: 85002K(2796224K)->85002K(2796224K)
[116.053s][info][gc,metaspace   ] GC(397) Metaspace: 11758K(12032K)->11758K(12032K) NonClass: 10218K(10368K)->10218K(10368K) Class: 1540K(1664K)->1540K(1664K)
[116.053s][info][gc             ] GC(397) Pause Young (Allocation Failure) 1177M->83M(3959M) 0.758ms
[116.053s][info][gc,cpu         ] GC(397) User=0.00s Sys=0.00s Real=0.00s
[116.321s][info][gc,start       ] GC(398) Pause Full (System.gc())
[116.321s][info][gc,phases,start] GC(398) Phase 1: Mark live objects
[116.366s][info][gc,phases      ] GC(398) Phase 1: Mark live objects 44.387ms
[116.366s][info][gc,phases,start] GC(398) Phase 2: Compute new object addresses
[116.449s][info][gc,phases      ] GC(398) Phase 2: Compute new object addresses 83.568ms
[116.449s][info][gc,phases,start] GC(398) Phase 3: Adjust pointers
[116.472s][info][gc,phases      ] GC(398) Phase 3: Adjust pointers 22.342ms
[116.472s][info][gc,phases,start] GC(398) Phase 4: Move objects
[116.472s][info][gc,phases      ] GC(398) Phase 4: Move objects 0.011ms
[116.472s][info][gc,heap        ] GC(398) DefNew: 1101502K(1258304K)->0K(1258304K) Eden: 1100981K(1118528K)->0K(1118528K) From: 521K(139776K)->0K(139776K)
[116.472s][info][gc,heap        ] GC(398) Tenured: 85002K(2796224K)->85002K(2796224K)
[116.472s][info][gc,metaspace   ] GC(398) Metaspace: 11758K(12032K)->11758K(12032K) NonClass: 10218K(10368K)->10218K(10368K) Class: 1540K(1664K)->1540K(1664K)
[116.472s][info][gc             ] GC(398) Pause Full (System.gc()) 1158M->83M(3959M) 150.613ms
[116.472s][info][gc,cpu         ] GC(398) User=0.16s Sys=0.00s Real=0.15s
[116.748s][info][gc,start       ] GC(399) Pause Young (Allocation Failure)
[116.748s][info][gc,heap        ] GC(399) DefNew: 1118528K(1258304K)->831K(1258304K) Eden: 1118528K(1118528K)->0K(1118528K) From: 0K(139776K)->831K(139776K)
[116.748s][info][gc,heap        ] GC(399) Tenured: 85002K(2796224K)->85002K(2796224K)
[116.748s][info][gc,metaspace   ] GC(399) Metaspace: 11759K(12032K)->11759K(12032K) NonClass: 10219K(10368K)->10219K(10368K) Class: 1540K(1664K)->1540K(1664K)
[116.748s][info][gc             ] GC(399) Pause Young (Allocation Failure) 1175M->83M(3959M) 0.905ms
[116.748s][info][gc,cpu         ] GC(399) User=0.00s Sys=0.00s Real=0.00s
[117.023s][info][gc,start       ] GC(400) Pause Young (Allocation Failure)
[117.025s][info][gc,heap        ] GC(400) DefNew: 1119359K(1258304K)->1690K(1258304K) Eden: 1118528K(1118528K)->0K(1118528K) From: 831K(139776K)->1690K(139776K)
[117.025s][info][gc,heap        ] GC(400) Tenured: 85002K(2796224K)->85002K(2796224K)
[117.025s][info][gc,metaspace   ] GC(400) Metaspace: 11759K(12032K)->11759K(12032K) NonClass: 10219K(10368K)->10219K(10368K) Class: 1540K(1664K)->1540K(1664K)
[117.025s][info][gc             ] GC(400) Pause Young (Allocation Failure) 1176M->84M(3959M) 1.540ms
[117.025s][info][gc,cpu         ] GC(400) User=0.00s Sys=0.00s Real=0.00s
[117.296s][info][gc,start       ] GC(401) Pause Young (Allocation Failure)
[117.298s][info][gc,heap        ] GC(401) DefNew: 1120218K(1258304K)->2642K(1258304K) Eden: 1118528K(1118528K)->0K(1118528K) From: 1690K(139776K)->2642K(139776K)
[117.298s][info][gc,heap        ] GC(401) Tenured: 85002K(2796224K)->85002K(2796224K)
[117.298s][info][gc,metaspace   ] GC(401) Metaspace: 11759K(12032K)->11759K(12032K) NonClass: 10219K(10368K)->10219K(10368K) Class: 1540K(1664K)->1540K(1664K)
[117.298s][info][gc             ] GC(401) Pause Young (Allocation Failure) 1176M->85M(3959M) 2.201ms
[117.298s][info][gc,cpu         ] GC(401) User=0.00s Sys=0.00s Real=0.00s
[117.571s][info][gc,start       ] GC(402) Pause Young (Allocation Failure)
[117.571s][info][gc,heap        ] GC(402) DefNew: 1121170K(1258304K)->223K(1258304K) Eden: 1118528K(1118528K)->0K(1118528K) From: 2642K(139776K)->223K(139776K)
[117.571s][info][gc,heap        ] GC(402) Tenured: 85002K(2796224K)->85002K(2796224K)
[117.571s][info][gc,metaspace   ] GC(402) Metaspace: 11759K(12032K)->11759K(12032K) NonClass: 10219K(10368K)->10219K(10368K) Class: 1540K(1664K)->1540K(1664K)
[117.571s][info][gc             ] GC(402) Pause Young (Allocation Failure) 1177M->83M(3959M) 0.556ms
[117.571s][info][gc,cpu         ] GC(402) User=0.00s Sys=0.00s Real=0.00s
[117.843s][info][gc,start       ] GC(403) Pause Young (Allocation Failure)
[117.844s][info][gc,heap        ] GC(403) DefNew: 1118751K(1258304K)->1023K(1258304K) Eden: 1118528K(1118528K)->0K(1118528K) From: 223K(139776K)->1023K(139776K)
[117.844s][info][gc,heap        ] GC(403) Tenured: 85002K(2796224K)->85002K(2796224K)
[117.844s][info][gc,metaspace   ] GC(403) Metaspace: 11759K(12032K)->11759K(12032K) NonClass: 10219K(10368K)->10219K(10368K) Class: 1540K(1664K)->1540K(1664K)
[117.844s][info][gc             ] GC(403) Pause Young (Allocation Failure) 1175M->84M(3959M) 1.098ms
[117.844s][info][gc,cpu         ] GC(403) User=0.00s Sys=0.00s Real=0.00s
[118.118s][info][gc,start       ] GC(404) Pause Young (Allocation Failure)
[118.120s][info][gc,heap        ] GC(404) DefNew: 1119551K(1258304K)->1984K(1258304K) Eden: 1118528K(1118528K)->0K(1118528K) From: 1023K(139776K)->1984K(139776K)
[118.120s][info][gc,heap        ] GC(404) Tenured: 85002K(2796224K)->85002K(2796224K)
[118.120s][info][gc,metaspace   ] GC(404) Metaspace: 11759K(12032K)->11759K(12032K) NonClass: 10219K(10368K)->10219K(10368K) Class: 1540K(1664K)->1540K(1664K)
[118.120s][info][gc             ] GC(404) Pause Young (Allocation Failure) 1176M->84M(3959M) 1.764ms
[118.120s][info][gc,cpu         ] GC(404) User=0.00s Sys=0.00s Real=0.00s
[118.389s][info][gc,start       ] GC(405) Pause Young (Allocation Failure)
[118.391s][info][gc,heap        ] GC(405) DefNew: 1120512K(1258304K)->2155K(1258304K) Eden: 1118528K(1118528K)->0K(1118528K) From: 1984K(139776K)->2155K(139776K)
[118.391s][info][gc,heap        ] GC(405) Tenured: 85002K(2796224K)->85002K(2796224K)
[118.391s][info][gc,metaspace   ] GC(405) Metaspace: 11759K(12032K)->11759K(12032K) NonClass: 10219K(10368K)->10219K(10368K) Class: 1540K(1664K)->1540K(1664K)
[118.391s][info][gc             ] GC(405) Pause Young (Allocation Failure) 1177M->85M(3959M) 1.889ms
[118.391s][info][gc,cpu         ] GC(405) User=0.00s Sys=0.00s Real=0.00s
[118.666s][info][gc,start       ] GC(406) Pause Young (Allocation Failure)
[118.667s][info][gc,heap        ] GC(406) DefNew: 1120683K(1258304K)->816K(1258304K) Eden: 1118528K(1118528K)->0K(1118528K) From: 2155K(139776K)->816K(139776K)
[118.667s][info][gc,heap        ] GC(406) Tenured: 85002K(2796224K)->85002K(2796224K)
[118.667s][info][gc,metaspace   ] GC(406) Metaspace: 11759K(12032K)->11759K(12032K) NonClass: 10219K(10368K)->10219K(10368K) Class: 1540K(1664K)->1540K(1664K)
[118.667s][info][gc             ] GC(406) Pause Young (Allocation Failure) 1177M->83M(3959M) 0.903ms
[118.667s][info][gc,cpu         ] GC(406) User=0.00s Sys=0.00s Real=0.00s
[118.936s][info][gc,start       ] GC(407) Pause Full (System.gc())
[118.936s][info][gc,phases,start] GC(407) Phase 1: Mark live objects
[118.981s][info][gc,phases      ] GC(407) Phase 1: Mark live objects 44.340ms
[118.981s][info][gc,phases,start] GC(407) Phase 2: Compute new object addresses
[119.064s][info][gc,phases      ] GC(407) Phase 2: Compute new object addresses 83.330ms
[119.064s][info][gc,phases,start] GC(407) Phase 3: Adjust pointers
[119.086s][info][gc,phases      ] GC(407) Phase 3: Adjust pointers 22.218ms
[119.086s][info][gc,phases,start] GC(407) Phase 4: Move objects
[119.086s][info][gc,phases      ] GC(407) Phase 4: Move objects 0.009ms
[119.086s][info][gc,heap        ] GC(407) DefNew: 1095522K(1258304K)->0K(1258304K) Eden: 1094705K(1118528K)->0K(1118528K) From: 816K(139776K)->0K(139776K)
[119.086s][info][gc,heap        ] GC(407) Tenured: 85002K(2796224K)->85002K(2796224K)
[119.086s][info][gc,metaspace   ] GC(407) Metaspace: 11759K(12032K)->11759K(12032K) NonClass: 10219K(10368K)->10219K(10368K) Class: 1540K(1664K)->1540K(1664K)
[119.086s][info][gc             ] GC(407) Pause Full (System.gc()) 1152M->83M(3959M) 150.193ms
[119.086s][info][gc,cpu         ] GC(407) User=0.14s Sys=0.00s Real=0.15s
[119.364s][info][gc,start       ] GC(408) Pause Young (Allocation Failure)
[119.365s][info][gc,heap        ] GC(408) DefNew: 1118528K(1258304K)->957K(1258304K) Eden: 1118528K(1118528K)->0K(1118528K) From: 0K(139776K)->957K(139776K)
[119.365s][info][gc,heap        ] GC(408) Tenured: 85002K(2796224K)->85002K(2796224K)
[119.365s][info][gc,metaspace   ] GC(408) Metaspace: 11760K(12032K)->11760K(12032K) NonClass: 10220K(10368K)->10220K(10368K) Class: 1540K(1664K)->1540K(1664K)
[119.365s][info][gc             ] GC(408) Pause Young (Allocation Failure) 1175M->83M(3959M) 1.047ms
[119.365s][info][gc,cpu         ] GC(408) User=0.00s Sys=0.00s Real=0.00s
[119.633s][info][gc,start       ] GC(409) Pause Young (Allocation Failure)
[119.635s][info][gc,heap        ] GC(409) DefNew: 1119485K(1258304K)->1633K(1258304K) Eden: 1118528K(1118528K)->0K(1118528K) From: 957K(139776K)->1633K(139776K)
[119.635s][info][gc,heap        ] GC(409) Tenured: 85002K(2796224K)->85002K(2796224K)
[119.635s][info][gc,metaspace   ] GC(409) Metaspace: 11760K(12032K)->11760K(12032K) NonClass: 10220K(10368K)->10220K(10368K) Class: 1540K(1664K)->1540K(1664K)
[119.635s][info][gc             ] GC(409) Pause Young (Allocation Failure) 1176M->84M(3959M) 1.546ms
[119.635s][info][gc,cpu         ] GC(409) User=0.00s Sys=0.00s Real=0.00s
[119.909s][info][gc,start       ] GC(410) Pause Young (Allocation Failure)
[119.910s][info][gc,heap        ] GC(410) DefNew: 1120161K(1258304K)->2153K(1258304K) Eden: 1118528K(1118528K)->0K(1118528K) From: 1633K(139776K)->2153K(139776K)
[119.910s][info][gc,heap        ] GC(410) Tenured: 85002K(2796224K)->85002K(2796224K)
[119.910s][info][gc,metaspace   ] GC(410) Metaspace: 11760K(12032K)->11760K(12032K) NonClass: 10220K(10368K)->10220K(10368K) Class: 1540K(1664K)->1540K(1664K)
[119.910s][info][gc             ] GC(410) Pause Young (Allocation Failure) 1176M->85M(3959M) 1.895ms
[119.911s][info][gc,cpu         ] GC(410) User=0.00s Sys=0.00s Real=0.00s
[120.184s][info][gc,start       ] GC(411) Pause Young (Allocation Failure)
[120.185s][info][gc,heap        ] GC(411) DefNew: 1120681K(1258304K)->469K(1258304K) Eden: 1118528K(1118528K)->0K(1118528K) From: 2153K(139776K)->469K(139776K)
[120.185s][info][gc,heap        ] GC(411) Tenured: 85002K(2796224K)->85002K(2796224K)
[120.185s][info][gc,metaspace   ] GC(411) Metaspace: 11760K(12032K)->11760K(12032K) NonClass: 10220K(10368K)->10220K(10368K) Class: 1540K(1664K)->1540K(1664K)
[120.185s][info][gc             ] GC(411) Pause Young (Allocation Failure) 1177M->83M(3959M) 0.680ms
[120.185s][info][gc,cpu         ] GC(411) User=0.02s Sys=0.00s Real=0.00s
[120.457s][info][gc,start       ] GC(412) Pause Young (Allocation Failure)
[120.458s][info][gc,heap        ] GC(412) DefNew: 1118997K(1258304K)->1609K(1258304K) Eden: 1118528K(1118528K)->0K(1118528K) From: 469K(139776K)->1609K(139776K)
[120.458s][info][gc,heap        ] GC(412) Tenured: 85002K(2796224K)->85002K(2796224K)
[120.458s][info][gc,metaspace   ] GC(412) Metaspace: 11760K(12032K)->11760K(12032K) NonClass: 10220K(10368K)->10220K(10368K) Class: 1540K(1664K)->1540K(1664K)
[120.458s][info][gc             ] GC(412) Pause Young (Allocation Failure) 1175M->84M(3959M) 1.464ms
[120.458s][info][gc,cpu         ] GC(412) User=0.00s Sys=0.00s Real=0.00s
[120.729s][info][gc,start       ] GC(413) Pause Young (Allocation Failure)
[120.731s][info][gc,heap        ] GC(413) DefNew: 1120137K(1258304K)->2425K(1258304K) Eden: 1118528K(1118528K)->0K(1118528K) From: 1609K(139776K)->2425K(139776K)
[120.731s][info][gc,heap        ] GC(413) Tenured: 85002K(2796224K)->85002K(2796224K)
[120.731s][info][gc,metaspace   ] GC(413) Metaspace: 11760K(12032K)->11760K(12032K) NonClass: 10220K(10368K)->10220K(10368K) Class: 1540K(1664K)->1540K(1664K)
[120.731s][info][gc             ] GC(413) Pause Young (Allocation Failure) 1176M->85M(3959M) 2.014ms
[120.731s][info][gc,cpu         ] GC(413) User=0.00s Sys=0.00s Real=0.00s
[121.009s][info][gc,start       ] GC(414) Pause Young (Allocation Failure)
[121.009s][info][gc,heap        ] GC(414) DefNew: 1120953K(1258304K)->38K(1258304K) Eden: 1118528K(1118528K)->0K(1118528K) From: 2425K(139776K)->38K(139776K)
[121.009s][info][gc,heap        ] GC(414) Tenured: 85002K(2796224K)->85002K(2796224K)
[121.009s][info][gc,metaspace   ] GC(414) Metaspace: 11760K(12032K)->11760K(12032K) NonClass: 10220K(10368K)->10220K(10368K) Class: 1540K(1664K)->1540K(1664K)
[121.009s][info][gc             ] GC(414) Pause Young (Allocation Failure) 1177M->83M(3959M) 0.373ms
[121.009s][info][gc,cpu         ] GC(414) User=0.00s Sys=0.00s Real=0.00s
[121.279s][info][gc,start       ] GC(415) Pause Young (Allocation Failure)
[121.280s][info][gc,heap        ] GC(415) DefNew: 1118566K(1258304K)->802K(1258304K) Eden: 1118528K(1118528K)->0K(1118528K) From: 38K(139776K)->802K(139776K)
[121.280s][info][gc,heap        ] GC(415) Tenured: 85002K(2796224K)->85002K(2796224K)
[121.280s][info][gc,metaspace   ] GC(415) Metaspace: 11760K(12032K)->11760K(12032K) NonClass: 10220K(10368K)->10220K(10368K) Class: 1540K(1664K)->1540K(1664K)
[121.280s][info][gc             ] GC(415) Pause Young (Allocation Failure) 1175M->83M(3959M) 0.906ms
[121.280s][info][gc,cpu         ] GC(415) User=0.00s Sys=0.00s Real=0.00s
[121.546s][info][gc,start       ] GC(416) Pause Full (System.gc())
[121.546s][info][gc,phases,start] GC(416) Phase 1: Mark live objects
[121.591s][info][gc,phases      ] GC(416) Phase 1: Mark live objects 44.302ms
[121.591s][info][gc,phases,start] GC(416) Phase 2: Compute new object addresses
[121.674s][info][gc,phases      ] GC(416) Phase 2: Compute new object addresses 83.631ms
[121.674s][info][gc,phases,start] GC(416) Phase 3: Adjust pointers
[121.697s][info][gc,phases      ] GC(416) Phase 3: Adjust pointers 22.252ms
[121.697s][info][gc,phases,start] GC(416) Phase 4: Move objects
[121.697s][info][gc,phases      ] GC(416) Phase 4: Move objects 0.010ms
[121.697s][info][gc,heap        ] GC(416) DefNew: 1095924K(1258304K)->0K(1258304K) Eden: 1095121K(1118528K)->0K(1118528K) From: 802K(139776K)->0K(139776K)
[121.697s][info][gc,heap        ] GC(416) Tenured: 85002K(2796224K)->85003K(2796224K)
[121.697s][info][gc,metaspace   ] GC(416) Metaspace: 11760K(12032K)->11760K(12032K) NonClass: 10220K(10368K)->10220K(10368K) Class: 1540K(1664K)->1540K(1664K)
[121.697s][info][gc             ] GC(416) Pause Full (System.gc()) 1153M->83M(3959M) 150.506ms
[121.697s][info][gc,cpu         ] GC(416) User=0.14s Sys=0.00s Real=0.14s
[121.980s][info][gc,start       ] GC(417) Pause Young (Allocation Failure)
[121.981s][info][gc,heap        ] GC(417) DefNew: 1118528K(1258304K)->1094K(1258304K) Eden: 1118528K(1118528K)->0K(1118528K) From: 0K(139776K)->1094K(139776K)
[121.981s][info][gc,heap        ] GC(417) Tenured: 85003K(2796224K)->85003K(2796224K)
[121.981s][info][gc,metaspace   ] GC(417) Metaspace: 11760K(12032K)->11760K(12032K) NonClass: 10220K(10368K)->10220K(10368K) Class: 1540K(1664K)->1540K(1664K)
[121.981s][info][gc             ] GC(417) Pause Young (Allocation Failure) 1175M->84M(3959M) 1.131ms
[121.981s][info][gc,cpu         ] GC(417) User=0.00s Sys=0.00s Real=0.00s
[122.252s][info][gc,start       ] GC(418) Pause Young (Allocation Failure)
[122.253s][info][gc,heap        ] GC(418) DefNew: 1119622K(1258304K)->1721K(1258304K) Eden: 1118528K(1118528K)->0K(1118528K) From: 1094K(139776K)->1721K(139776K)
[122.253s][info][gc,heap        ] GC(418) Tenured: 85003K(2796224K)->85003K(2796224K)
[122.253s][info][gc,metaspace   ] GC(418) Metaspace: 11760K(12032K)->11760K(12032K) NonClass: 10220K(10368K)->10220K(10368K) Class: 1540K(1664K)->1540K(1664K)
[122.253s][info][gc             ] GC(418) Pause Young (Allocation Failure) 1176M->84M(3959M) 1.570ms
[122.253s][info][gc,cpu         ] GC(418) User=0.00s Sys=0.00s Real=0.00s
[122.523s][info][gc,start       ] GC(419) Pause Young (Allocation Failure)
[122.526s][info][gc,heap        ] GC(419) DefNew: 1120249K(1258304K)->3322K(1258304K) Eden: 1118528K(1118528K)->0K(1118528K) From: 1721K(139776K)->3322K(139776K)
[122.526s][info][gc,heap        ] GC(419) Tenured: 85003K(2796224K)->85003K(2796224K)
[122.526s][info][gc,metaspace   ] GC(419) Metaspace: 11760K(12032K)->11760K(12032K) NonClass: 10220K(10368K)->10220K(10368K) Class: 1540K(1664K)->1540K(1664K)
[122.526s][info][gc             ] GC(419) Pause Young (Allocation Failure) 1177M->86M(3959M) 2.694ms
[122.526s][info][gc,cpu         ] GC(419) User=0.00s Sys=0.00s Real=0.00s
[122.800s][info][gc,start       ] GC(420) Pause Young (Allocation Failure)
[122.801s][info][gc,heap        ] GC(420) DefNew: 1121850K(1258304K)->981K(1258304K) Eden: 1118528K(1118528K)->0K(1118528K) From: 3322K(139776K)->981K(139776K)
[122.801s][info][gc,heap        ] GC(420) Tenured: 85003K(2796224K)->85003K(2796224K)
[122.801s][info][gc,metaspace   ] GC(420) Metaspace: 11760K(12032K)->11760K(12032K) NonClass: 10220K(10368K)->10220K(10368K) Class: 1540K(1664K)->1540K(1664K)
[122.801s][info][gc             ] GC(420) Pause Young (Allocation Failure) 1178M->83M(3959M) 1.060ms
[122.801s][info][gc,cpu         ] GC(420) User=0.00s Sys=0.00s Real=0.00s
[123.078s][info][gc,start       ] GC(421) Pause Young (Allocation Failure)
[123.079s][info][gc,heap        ] GC(421) DefNew: 1119509K(1258304K)->1723K(1258304K) Eden: 1118528K(1118528K)->0K(1118528K) From: 981K(139776K)->1723K(139776K)
[123.079s][info][gc,heap        ] GC(421) Tenured: 85003K(2796224K)->85003K(2796224K)
[123.079s][info][gc,metaspace   ] GC(421) Metaspace: 11760K(12032K)->11760K(12032K) NonClass: 10220K(10368K)->10220K(10368K) Class: 1540K(1664K)->1540K(1664K)
[123.079s][info][gc             ] GC(421) Pause Young (Allocation Failure) 1176M->84M(3959M) 1.529ms
[123.079s][info][gc,cpu         ] GC(421) User=0.00s Sys=0.00s Real=0.00s
[123.348s][info][gc,start       ] GC(422) Pause Young (Allocation Failure)
[123.352s][info][gc,heap        ] GC(422) DefNew: 1120251K(1258304K)->2543K(1258304K) Eden: 1118528K(1118528K)->0K(1118528K) From: 1723K(139776K)->2543K(139776K)
[123.352s][info][gc,heap        ] GC(422) Tenured: 85003K(2796224K)->85003K(2796224K)
[123.352s][info][gc,metaspace   ] GC(422) Metaspace: 11760K(12032K)->11760K(12032K) NonClass: 10220K(10368K)->10220K(10368K) Class: 1540K(1664K)->1540K(1664K)
[123.352s][info][gc             ] GC(422) Pause Young (Allocation Failure) 1177M->85M(3959M) 4.378ms
[123.352s][info][gc,cpu         ] GC(422) User=0.00s Sys=0.00s Real=0.00s
[123.625s][info][gc,start       ] GC(423) Pause Young (Allocation Failure)
[123.626s][info][gc,heap        ] GC(423) DefNew: 1121071K(1258304K)->221K(1258304K) Eden: 1118528K(1118528K)->0K(1118528K) From: 2543K(139776K)->221K(139776K)
[123.626s][info][gc,heap        ] GC(423) Tenured: 85003K(2796224K)->85003K(2796224K)
[123.626s][info][gc,metaspace   ] GC(423) Metaspace: 11760K(12032K)->11760K(12032K) NonClass: 10220K(10368K)->10220K(10368K) Class: 1540K(1664K)->1540K(1664K)
[123.626s][info][gc             ] GC(423) Pause Young (Allocation Failure) 1177M->83M(3959M) 0.514ms
[123.626s][info][gc,cpu         ] GC(423) User=0.00s Sys=0.00s Real=0.00s
[123.901s][info][gc,start       ] GC(424) Pause Young (Allocation Failure)
[123.902s][info][gc,heap        ] GC(424) DefNew: 1118749K(1258304K)->1047K(1258304K) Eden: 1118528K(1118528K)->0K(1118528K) From: 221K(139776K)->1047K(139776K)
[123.902s][info][gc,heap        ] GC(424) Tenured: 85003K(2796224K)->85003K(2796224K)
[123.902s][info][gc,metaspace   ] GC(424) Metaspace: 11760K(12032K)->11760K(12032K) NonClass: 10220K(10368K)->10220K(10368K) Class: 1540K(1664K)->1540K(1664K)
[123.902s][info][gc             ] GC(424) Pause Young (Allocation Failure) 1175M->84M(3959M) 1.109ms
[123.902s][info][gc,cpu         ] GC(424) User=0.00s Sys=0.00s Real=0.00s
[124.166s][info][gc,start       ] GC(425) Pause Full (System.gc())
[124.167s][info][gc,phases,start] GC(425) Phase 1: Mark live objects
[124.211s][info][gc,phases      ] GC(425) Phase 1: Mark live objects 44.543ms
[124.211s][info][gc,phases,start] GC(425) Phase 2: Compute new object addresses
[124.294s][info][gc,phases      ] GC(425) Phase 2: Compute new object addresses 83.167ms
[124.294s][info][gc,phases,start] GC(425) Phase 3: Adjust pointers
[124.317s][info][gc,phases      ] GC(425) Phase 3: Adjust pointers 22.225ms
[124.317s][info][gc,phases,start] GC(425) Phase 4: Move objects
[124.317s][info][gc,phases      ] GC(425) Phase 4: Move objects 0.011ms
[124.317s][info][gc,heap        ] GC(425) DefNew: 1087621K(1258304K)->0K(1258304K) Eden: 1086574K(1118528K)->0K(1118528K) From: 1047K(139776K)->0K(139776K)
[124.317s][info][gc,heap        ] GC(425) Tenured: 85003K(2796224K)->85003K(2796224K)
[124.317s][info][gc,metaspace   ] GC(425) Metaspace: 11760K(12032K)->11760K(12032K) NonClass: 10220K(10368K)->10220K(10368K) Class: 1540K(1664K)->1540K(1664K)
[124.317s][info][gc             ] GC(425) Pause Full (System.gc()) 1145M->83M(3959M) 150.249ms
[124.317s][info][gc,cpu         ] GC(425) User=0.16s Sys=0.00s Real=0.14s
[124.595s][info][gc,start       ] GC(426) Pause Young (Allocation Failure)
[124.596s][info][gc,heap        ] GC(426) DefNew: 1118528K(1258304K)->1215K(1258304K) Eden: 1118528K(1118528K)->0K(1118528K) From: 0K(139776K)->1215K(139776K)
[124.596s][info][gc,heap        ] GC(426) Tenured: 85003K(2796224K)->85003K(2796224K)
[124.596s][info][gc,metaspace   ] GC(426) Metaspace: 11775K(12032K)->11775K(12032K) NonClass: 10235K(10368K)->10235K(10368K) Class: 1540K(1664K)->1540K(1664K)
[124.596s][info][gc             ] GC(426) Pause Young (Allocation Failure) 1175M->84M(3959M) 1.217ms
[124.596s][info][gc,cpu         ] GC(426) User=0.00s Sys=0.00s Real=0.00s
[124.870s][info][gc,start       ] GC(427) Pause Young (Allocation Failure)
[124.871s][info][gc,heap        ] GC(427) DefNew: 1119743K(1258304K)->1880K(1258304K) Eden: 1118528K(1118528K)->0K(1118528K) From: 1215K(139776K)->1880K(139776K)
[124.871s][info][gc,heap        ] GC(427) Tenured: 85003K(2796224K)->85003K(2796224K)
[124.871s][info][gc,metaspace   ] GC(427) Metaspace: 11775K(12032K)->11775K(12032K) NonClass: 10235K(10368K)->10235K(10368K) Class: 1540K(1664K)->1540K(1664K)
[124.871s][info][gc             ] GC(427) Pause Young (Allocation Failure) 1176M->84M(3959M) 1.682ms
[124.871s][info][gc,cpu         ] GC(427) User=0.00s Sys=0.00s Real=0.00s
[125.146s][info][gc,start       ] GC(428) Pause Young (Allocation Failure)
[125.147s][info][gc,heap        ] GC(428) DefNew: 1120408K(1258304K)->42K(1258304K) Eden: 1118528K(1118528K)->0K(1118528K) From: 1880K(139776K)->42K(139776K)
[125.147s][info][gc,heap        ] GC(428) Tenured: 85003K(2796224K)->85003K(2796224K)
[125.147s][info][gc,metaspace   ] GC(428) Metaspace: 11775K(12032K)->11775K(12032K) NonClass: 10235K(10368K)->10235K(10368K) Class: 1540K(1664K)->1540K(1664K)
[125.147s][info][gc             ] GC(428) Pause Young (Allocation Failure) 1177M->83M(3959M) 0.376ms
[125.147s][info][gc,cpu         ] GC(428) User=0.00s Sys=0.00s Real=0.00s
[125.418s][info][gc,start       ] GC(429) Pause Young (Allocation Failure)
[125.419s][info][gc,heap        ] GC(429) DefNew: 1118570K(1258304K)->1148K(1258304K) Eden: 1118528K(1118528K)->0K(1118528K) From: 42K(139776K)->1148K(139776K)
[125.419s][info][gc,heap        ] GC(429) Tenured: 85003K(2796224K)->85003K(2796224K)
[125.419s][info][gc,metaspace   ] GC(429) Metaspace: 11775K(12032K)->11775K(12032K) NonClass: 10235K(10368K)->10235K(10368K) Class: 1540K(1664K)->1540K(1664K)
[125.419s][info][gc             ] GC(429) Pause Young (Allocation Failure) 1175M->84M(3959M) 1.122ms
[125.419s][info][gc,cpu         ] GC(429) User=0.00s Sys=0.00s Real=0.00s
[125.689s][info][gc,start       ] GC(430) Pause Young (Allocation Failure)
[125.691s][info][gc,heap        ] GC(430) DefNew: 1119676K(1258304K)->2134K(1258304K) Eden: 1118528K(1118528K)->0K(1118528K) From: 1148K(139776K)->2134K(139776K)
[125.691s][info][gc,heap        ] GC(430) Tenured: 85003K(2796224K)->85003K(2796224K)
[125.691s][info][gc,metaspace   ] GC(430) Metaspace: 11775K(12032K)->11775K(12032K) NonClass: 10235K(10368K)->10235K(10368K) Class: 1540K(1664K)->1540K(1664K)
[125.691s][info][gc             ] GC(430) Pause Young (Allocation Failure) 1176M->85M(3959M) 1.868ms
[125.691s][info][gc,cpu         ] GC(430) User=0.00s Sys=0.00s Real=0.00s
[125.965s][info][gc,start       ] GC(431) Pause Young (Allocation Failure)
[125.966s][info][gc,heap        ] GC(431) DefNew: 1120605K(1258304K)->2053K(1258304K) Eden: 1118471K(1118528K)->0K(1118528K) From: 2134K(139776K)->2053K(139776K)
[125.966s][info][gc,heap        ] GC(431) Tenured: 85003K(2796224K)->85003K(2796224K)
[125.966s][info][gc,metaspace   ] GC(431) Metaspace: 11775K(12032K)->11775K(12032K) NonClass: 10235K(10368K)->10235K(10368K) Class: 1540K(1664K)->1540K(1664K)
[125.966s][info][gc             ] GC(431) Pause Young (Allocation Failure) 1177M->85M(3959M) 1.754ms
[125.966s][info][gc,cpu         ] GC(431) User=0.02s Sys=0.00s Real=0.00s
[126.240s][info][gc,start       ] GC(432) Pause Young (Allocation Failure)
[126.241s][info][gc,heap        ] GC(432) DefNew: 1120581K(1258304K)->606K(1258304K) Eden: 1118528K(1118528K)->0K(1118528K) From: 2053K(139776K)->606K(139776K)
[126.241s][info][gc,heap        ] GC(432) Tenured: 85003K(2796224K)->85003K(2796224K)
[126.241s][info][gc,metaspace   ] GC(432) Metaspace: 11775K(12032K)->11775K(12032K) NonClass: 10235K(10368K)->10235K(10368K) Class: 1540K(1664K)->1540K(1664K)
[126.241s][info][gc             ] GC(432) Pause Young (Allocation Failure) 1177M->83M(3959M) 0.801ms
[126.241s][info][gc,cpu         ] GC(432) User=0.00s Sys=0.00s Real=0.00s
[126.511s][info][gc,start       ] GC(433) Pause Young (Allocation Failure)
[126.512s][info][gc,heap        ] GC(433) DefNew: 1119134K(1258304K)->1529K(1258304K) Eden: 1118528K(1118528K)->0K(1118528K) From: 606K(139776K)->1529K(139776K)
[126.512s][info][gc,heap        ] GC(433) Tenured: 85003K(2796224K)->85003K(2796224K)
[126.512s][info][gc,metaspace   ] GC(433) Metaspace: 11775K(12032K)->11775K(12032K) NonClass: 10235K(10368K)->10235K(10368K) Class: 1540K(1664K)->1540K(1664K)
[126.512s][info][gc             ] GC(433) Pause Young (Allocation Failure) 1175M->84M(3959M) 1.422ms
[126.512s][info][gc,cpu         ] GC(433) User=0.00s Sys=0.00s Real=0.00s
[126.776s][info][gc,start       ] GC(434) Pause Full (System.gc())
[126.776s][info][gc,phases,start] GC(434) Phase 1: Mark live objects
[126.821s][info][gc,phases      ] GC(434) Phase 1: Mark live objects 44.317ms
[126.821s][info][gc,phases,start] GC(434) Phase 2: Compute new object addresses
[126.904s][info][gc,phases      ] GC(434) Phase 2: Compute new object addresses 82.831ms
[126.904s][info][gc,phases,start] GC(434) Phase 3: Adjust pointers
[126.926s][info][gc,phases      ] GC(434) Phase 3: Adjust pointers 21.921ms
[126.926s][info][gc,phases,start] GC(434) Phase 4: Move objects
[126.926s][info][gc,phases      ] GC(434) Phase 4: Move objects 0.009ms
[126.926s][info][gc,heap        ] GC(434) DefNew: 1085430K(1258304K)->0K(1258304K) Eden: 1083900K(1118528K)->0K(1118528K) From: 1529K(139776K)->0K(139776K)
[126.926s][info][gc,heap        ] GC(434) Tenured: 85003K(2796224K)->85003K(2796224K)
[126.926s][info][gc,metaspace   ] GC(434) Metaspace: 11775K(12032K)->11775K(12032K) NonClass: 10235K(10368K)->10235K(10368K) Class: 1540K(1664K)->1540K(1664K)
[126.926s][info][gc             ] GC(434) Pause Full (System.gc()) 1143M->83M(3959M) 149.368ms
[126.926s][info][gc,cpu         ] GC(434) User=0.14s Sys=0.02s Real=0.14s
[127.202s][info][gc,start       ] GC(435) Pause Young (Allocation Failure)
[127.203s][info][gc,heap        ] GC(435) DefNew: 1118528K(1258304K)->837K(1258304K) Eden: 1118528K(1118528K)->0K(1118528K) From: 0K(139776K)->837K(139776K)
[127.203s][info][gc,heap        ] GC(435) Tenured: 85003K(2796224K)->85003K(2796224K)
[127.203s][info][gc,metaspace   ] GC(435) Metaspace: 11775K(12032K)->11775K(12032K) NonClass: 10235K(10368K)->10235K(10368K) Class: 1540K(1664K)->1540K(1664K)
[127.203s][info][gc             ] GC(435) Pause Young (Allocation Failure) 1175M->83M(3959M) 0.941ms
[127.203s][info][gc,cpu         ] GC(435) User=0.00s Sys=0.00s Real=0.00s
[127.474s][info][gc,start       ] GC(436) Pause Young (Allocation Failure)
[127.475s][info][gc,heap        ] GC(436) DefNew: 1119365K(1258304K)->1578K(1258304K) Eden: 1118528K(1118528K)->0K(1118528K) From: 837K(139776K)->1578K(139776K)
[127.475s][info][gc,heap        ] GC(436) Tenured: 85003K(2796224K)->85003K(2796224K)
[127.475s][info][gc,metaspace   ] GC(436) Metaspace: 11775K(12032K)->11775K(12032K) NonClass: 10235K(10368K)->10235K(10368K) Class: 1540K(1664K)->1540K(1664K)
[127.475s][info][gc             ] GC(436) Pause Young (Allocation Failure) 1176M->84M(3959M) 1.466ms
[127.475s][info][gc,cpu         ] GC(436) User=0.00s Sys=0.00s Real=0.00s
[127.744s][info][gc,start       ] GC(437) Pause Young (Allocation Failure)
[127.746s][info][gc,heap        ] GC(437) DefNew: 1120106K(1258304K)->2149K(1258304K) Eden: 1118528K(1118528K)->0K(1118528K) From: 1578K(139776K)->2149K(139776K)
[127.746s][info][gc,heap        ] GC(437) Tenured: 85003K(2796224K)->85003K(2796224K)
[127.746s][info][gc,metaspace   ] GC(437) Metaspace: 11775K(12032K)->11775K(12032K) NonClass: 10235K(10368K)->10235K(10368K) Class: 1540K(1664K)->1540K(1664K)
[127.746s][info][gc             ] GC(437) Pause Young (Allocation Failure) 1176M->85M(3959M) 1.855ms
[127.746s][info][gc,cpu         ] GC(437) User=0.00s Sys=0.00s Real=0.00s
[128.019s][info][gc,start       ] GC(438) Pause Young (Allocation Failure)
[128.022s][info][gc,heap        ] GC(438) DefNew: 1120677K(1258304K)->3031K(1258304K) Eden: 1118528K(1118528K)->0K(1118528K) From: 2149K(139776K)->3031K(139776K)
[128.022s][info][gc,heap        ] GC(438) Tenured: 85003K(2796224K)->85003K(2796224K)
[128.022s][info][gc,metaspace   ] GC(438) Metaspace: 11775K(12032K)->11775K(12032K) NonClass: 10235K(10368K)->10235K(10368K) Class: 1540K(1664K)->1540K(1664K)
[128.023s][info][gc             ] GC(438) Pause Young (Allocation Failure) 1177M->85M(3959M) 3.174ms
[128.023s][info][gc,cpu         ] GC(438) User=0.00s Sys=0.00s Real=0.00s
[128.296s][info][gc,start       ] GC(439) Pause Young (Allocation Failure)
[128.297s][info][gc,heap        ] GC(439) DefNew: 1121559K(1258304K)->788K(1258304K) Eden: 1118528K(1118528K)->0K(1118528K) From: 3031K(139776K)->788K(139776K)
[128.297s][info][gc,heap        ] GC(439) Tenured: 85003K(2796224K)->85003K(2796224K)
[128.297s][info][gc,metaspace   ] GC(439) Metaspace: 11775K(12032K)->11775K(12032K) NonClass: 10235K(10368K)->10235K(10368K) Class: 1540K(1664K)->1540K(1664K)
[128.297s][info][gc             ] GC(439) Pause Young (Allocation Failure) 1178M->83M(3959M) 0.898ms
[128.297s][info][gc,cpu         ] GC(439) User=0.00s Sys=0.00s Real=0.00s
[128.567s][info][gc,start       ] GC(440) Pause Young (Allocation Failure)
[128.568s][info][gc,heap        ] GC(440) DefNew: 1119316K(1258304K)->1572K(1258304K) Eden: 1118528K(1118528K)->0K(1118528K) From: 788K(139776K)->1572K(139776K)
[128.568s][info][gc,heap        ] GC(440) Tenured: 85003K(2796224K)->85003K(2796224K)
[128.568s][info][gc,metaspace   ] GC(440) Metaspace: 11775K(12032K)->11775K(12032K) NonClass: 10235K(10368K)->10235K(10368K) Class: 1540K(1664K)->1540K(1664K)
[128.568s][info][gc             ] GC(440) Pause Young (Allocation Failure) 1176M->84M(3959M) 1.458ms
[128.568s][info][gc,cpu         ] GC(440) User=0.00s Sys=0.00s Real=0.00s
[128.842s][info][gc,start       ] GC(441) Pause Young (Allocation Failure)
[128.844s][info][gc,heap        ] GC(441) DefNew: 1120100K(1258304K)->2352K(1258304K) Eden: 1118528K(1118528K)->0K(1118528K) From: 1572K(139776K)->2352K(139776K)
[128.844s][info][gc,heap        ] GC(441) Tenured: 85003K(2796224K)->85003K(2796224K)
[128.844s][info][gc,metaspace   ] GC(441) Metaspace: 11775K(12032K)->11775K(12032K) NonClass: 10235K(10368K)->10235K(10368K) Class: 1540K(1664K)->1540K(1664K)
[128.844s][info][gc             ] GC(441) Pause Young (Allocation Failure) 1176M->85M(3959M) 2.044ms
[128.844s][info][gc,cpu         ] GC(441) User=0.00s Sys=0.00s Real=0.00s
[129.120s][info][gc,start       ] GC(442) Pause Young (Allocation Failure)
[129.120s][info][gc,heap        ] GC(442) DefNew: 1120880K(1258304K)->332K(1258304K) Eden: 1118528K(1118528K)->0K(1118528K) From: 2352K(139776K)->332K(139776K)
[129.120s][info][gc,heap        ] GC(442) Tenured: 85003K(2796224K)->85003K(2796224K)
[129.120s][info][gc,metaspace   ] GC(442) Metaspace: 11775K(12032K)->11775K(12032K) NonClass: 10235K(10368K)->10235K(10368K) Class: 1540K(1664K)->1540K(1664K)
[129.120s][info][gc             ] GC(442) Pause Young (Allocation Failure) 1177M->83M(3959M) 0.595ms
[129.120s][info][gc,cpu         ] GC(442) User=0.00s Sys=0.00s Real=0.00s
[129.387s][info][gc,start       ] GC(443) Pause Full (System.gc())
[129.387s][info][gc,phases,start] GC(443) Phase 1: Mark live objects
[129.432s][info][gc,phases      ] GC(443) Phase 1: Mark live objects 44.816ms
[129.432s][info][gc,phases,start] GC(443) Phase 2: Compute new object addresses
[129.516s][info][gc,phases      ] GC(443) Phase 2: Compute new object addresses 84.064ms
[129.516s][info][gc,phases,start] GC(443) Phase 3: Adjust pointers
[129.538s][info][gc,phases      ] GC(443) Phase 3: Adjust pointers 22.117ms
[129.538s][info][gc,phases,start] GC(443) Phase 4: Move objects
[129.538s][info][gc,phases      ] GC(443) Phase 4: Move objects 0.009ms
[129.538s][info][gc,heap        ] GC(443) DefNew: 1102323K(1258304K)->0K(1258304K) Eden: 1101991K(1118528K)->0K(1118528K) From: 332K(139776K)->0K(139776K)
[129.538s][info][gc,heap        ] GC(443) Tenured: 85003K(2796224K)->85003K(2796224K)
[129.538s][info][gc,metaspace   ] GC(443) Metaspace: 11775K(12032K)->11775K(12032K) NonClass: 10235K(10368K)->10235K(10368K) Class: 1540K(1664K)->1540K(1664K)
[129.538s][info][gc             ] GC(443) Pause Full (System.gc()) 1159M->83M(3959M) 151.303ms
[129.538s][info][gc,cpu         ] GC(443) User=0.16s Sys=0.00s Real=0.14s
[129.815s][info][gc,start       ] GC(444) Pause Young (Allocation Failure)
[129.816s][info][gc,heap        ] GC(444) DefNew: 1118528K(1258304K)->937K(1258304K) Eden: 1118528K(1118528K)->0K(1118528K) From: 0K(139776K)->937K(139776K)
[129.816s][info][gc,heap        ] GC(444) Tenured: 85003K(2796224K)->85003K(2796224K)
[129.816s][info][gc,metaspace   ] GC(444) Metaspace: 11775K(12032K)->11775K(12032K) NonClass: 10235K(10368K)->10235K(10368K) Class: 1540K(1664K)->1540K(1664K)
[129.816s][info][gc             ] GC(444) Pause Young (Allocation Failure) 1175M->83M(3959M) 0.989ms
[129.816s][info][gc,cpu         ] GC(444) User=0.00s Sys=0.00s Real=0.00s
[130.091s][info][gc,start       ] GC(445) Pause Young (Allocation Failure)
[130.093s][info][gc,heap        ] GC(445) DefNew: 1119465K(1258304K)->1749K(1258304K) Eden: 1118528K(1118528K)->0K(1118528K) From: 937K(139776K)->1749K(139776K)
[130.093s][info][gc,heap        ] GC(445) Tenured: 85003K(2796224K)->85003K(2796224K)
[130.093s][info][gc,metaspace   ] GC(445) Metaspace: 11775K(12032K)->11775K(12032K) NonClass: 10235K(10368K)->10235K(10368K) Class: 1540K(1664K)->1540K(1664K)
[130.093s][info][gc             ] GC(445) Pause Young (Allocation Failure) 1176M->84M(3959M) 1.601ms
[130.093s][info][gc,cpu         ] GC(445) User=0.00s Sys=0.00s Real=0.00s
[130.362s][info][gc,start       ] GC(446) Pause Young (Allocation Failure)
[130.364s][info][gc,heap        ] GC(446) DefNew: 1120277K(1258304K)->2130K(1258304K) Eden: 1118528K(1118528K)->0K(1118528K) From: 1749K(139776K)->2130K(139776K)
[130.364s][info][gc,heap        ] GC(446) Tenured: 85003K(2796224K)->85003K(2796224K)
[130.364s][info][gc,metaspace   ] GC(446) Metaspace: 11775K(12032K)->11775K(12032K) NonClass: 10235K(10368K)->10235K(10368K) Class: 1540K(1664K)->1540K(1664K)
[130.364s][info][gc             ] GC(446) Pause Young (Allocation Failure) 1177M->85M(3959M) 1.803ms
[130.364s][info][gc,cpu         ] GC(446) User=0.00s Sys=0.00s Real=0.00s
[130.636s][info][gc,start       ] GC(447) Pause Young (Allocation Failure)
[130.637s][info][gc,heap        ] GC(447) DefNew: 1120658K(1258304K)->211K(1258304K) Eden: 1118528K(1118528K)->0K(1118528K) From: 2130K(139776K)->211K(139776K)
[130.637s][info][gc,heap        ] GC(447) Tenured: 85003K(2796224K)->85003K(2796224K)
[130.637s][info][gc,metaspace   ] GC(447) Metaspace: 11775K(12032K)->11775K(12032K) NonClass: 10235K(10368K)->10235K(10368K) Class: 1540K(1664K)->1540K(1664K)
[130.637s][info][gc             ] GC(447) Pause Young (Allocation Failure) 1177M->83M(3959M) 0.520ms
[130.637s][info][gc,cpu         ] GC(447) User=0.00s Sys=0.00s Real=0.00s
[130.911s][info][gc,start       ] GC(448) Pause Young (Allocation Failure)
[130.912s][info][gc,heap        ] GC(448) DefNew: 1118739K(1258304K)->1104K(1258304K) Eden: 1118528K(1118528K)->0K(1118528K) From: 211K(139776K)->1104K(139776K)
[130.912s][info][gc,heap        ] GC(448) Tenured: 85003K(2796224K)->85003K(2796224K)
[130.912s][info][gc,metaspace   ] GC(448) Metaspace: 11775K(12032K)->11775K(12032K) NonClass: 10235K(10368K)->10235K(10368K) Class: 1540K(1664K)->1540K(1664K)
[130.913s][info][gc             ] GC(448) Pause Young (Allocation Failure) 1175M->84M(3959M) 1.156ms
[130.913s][info][gc,cpu         ] GC(448) User=0.00s Sys=0.00s Real=0.00s
[131.182s][info][gc,start       ] GC(449) Pause Young (Allocation Failure)
[131.184s][info][gc,heap        ] GC(449) DefNew: 1119632K(1258304K)->1873K(1258304K) Eden: 1118528K(1118528K)->0K(1118528K) From: 1104K(139776K)->1873K(139776K)
[131.184s][info][gc,heap        ] GC(449) Tenured: 85003K(2796224K)->85003K(2796224K)
[131.184s][info][gc,metaspace   ] GC(449) Metaspace: 11775K(12032K)->11775K(12032K) NonClass: 10235K(10368K)->10235K(10368K) Class: 1540K(1664K)->1540K(1664K)
[131.184s][info][gc             ] GC(449) Pause Young (Allocation Failure) 1176M->84M(3959M) 1.626ms
[131.184s][info][gc,cpu         ] GC(449) User=0.00s Sys=0.00s Real=0.00s
[131.452s][info][gc,start       ] GC(450) Pause Young (Allocation Failure)
[131.454s][info][gc,heap        ] GC(450) DefNew: 1120401K(1258304K)->2836K(1258304K) Eden: 1118528K(1118528K)->0K(1118528K) From: 1873K(139776K)->2836K(139776K)
[131.454s][info][gc,heap        ] GC(450) Tenured: 85003K(2796224K)->85003K(2796224K)
[131.454s][info][gc,metaspace   ] GC(450) Metaspace: 11775K(12032K)->11775K(12032K) NonClass: 10235K(10368K)->10235K(10368K) Class: 1540K(1664K)->1540K(1664K)
[131.454s][info][gc             ] GC(450) Pause Young (Allocation Failure) 1177M->85M(3959M) 2.366ms
[131.455s][info][gc,cpu         ] GC(450) User=0.00s Sys=0.00s Real=0.00s
[131.728s][info][gc,start       ] GC(451) Pause Young (Allocation Failure)
[131.728s][info][gc,heap        ] GC(451) DefNew: 1121364K(1258304K)->325K(1258304K) Eden: 1118528K(1118528K)->0K(1118528K) From: 2836K(139776K)->325K(139776K)
[131.728s][info][gc,heap        ] GC(451) Tenured: 85003K(2796224K)->85003K(2796224K)
[131.728s][info][gc,metaspace   ] GC(451) Metaspace: 11775K(12032K)->11775K(12032K) NonClass: 10235K(10368K)->10235K(10368K) Class: 1540K(1664K)->1540K(1664K)
[131.728s][info][gc             ] GC(451) Pause Young (Allocation Failure) 1178M->83M(3959M) 0.597ms
[131.728s][info][gc,cpu         ] GC(451) User=0.00s Sys=0.00s Real=0.00s
[132.001s][info][gc,start       ] GC(452) Pause Full (System.gc())
[132.001s][info][gc,phases,start] GC(452) Phase 1: Mark live objects
[132.045s][info][gc,phases      ] GC(452) Phase 1: Mark live objects 44.373ms
[132.045s][info][gc,phases,start] GC(452) Phase 2: Compute new object addresses
[132.129s][info][gc,phases      ] GC(452) Phase 2: Compute new object addresses 83.744ms
[132.129s][info][gc,phases,start] GC(452) Phase 3: Adjust pointers
[132.151s][info][gc,phases      ] GC(452) Phase 3: Adjust pointers 22.442ms
[132.151s][info][gc,phases,start] GC(452) Phase 4: Move objects
[132.151s][info][gc,phases      ] GC(452) Phase 4: Move objects 0.009ms
[132.152s][info][gc,heap        ] GC(452) DefNew: 1099101K(1258304K)->0K(1258304K) Eden: 1098776K(1118528K)->0K(1118528K) From: 325K(139776K)->0K(139776K)
[132.152s][info][gc,heap        ] GC(452) Tenured: 85003K(2796224K)->85003K(2796224K)
[132.152s][info][gc,metaspace   ] GC(452) Metaspace: 11775K(12032K)->11775K(12032K) NonClass: 10235K(10368K)->10235K(10368K) Class: 1540K(1664K)->1540K(1664K)
[132.152s][info][gc             ] GC(452) Pause Full (System.gc()) 1156M->83M(3959M) 150.863ms
[132.152s][info][gc,cpu         ] GC(452) User=0.14s Sys=0.00s Real=0.14s
[132.427s][info][gc,start       ] GC(453) Pause Young (Allocation Failure)
[132.428s][info][gc,heap        ] GC(453) DefNew: 1118528K(1258304K)->922K(1258304K) Eden: 1118528K(1118528K)->0K(1118528K) From: 0K(139776K)->922K(139776K)
[132.428s][info][gc,heap        ] GC(453) Tenured: 85003K(2796224K)->85003K(2796224K)
[132.428s][info][gc,metaspace   ] GC(453) Metaspace: 11776K(12032K)->11776K(12032K) NonClass: 10236K(10368K)->10236K(10368K) Class: 1540K(1664K)->1540K(1664K)
[132.428s][info][gc             ] GC(453) Pause Young (Allocation Failure) 1175M->83M(3959M) 0.971ms
[132.428s][info][gc,cpu         ] GC(453) User=0.00s Sys=0.00s Real=0.00s
[132.696s][info][gc,start       ] GC(454) Pause Young (Allocation Failure)
[132.698s][info][gc,heap        ] GC(454) DefNew: 1119450K(1258304K)->1836K(1258304K) Eden: 1118528K(1118528K)->0K(1118528K) From: 922K(139776K)->1836K(139776K)
[132.698s][info][gc,heap        ] GC(454) Tenured: 85003K(2796224K)->85003K(2796224K)
[132.698s][info][gc,metaspace   ] GC(454) Metaspace: 11776K(12032K)->11776K(12032K) NonClass: 10236K(10368K)->10236K(10368K) Class: 1540K(1664K)->1540K(1664K)
[132.698s][info][gc             ] GC(454) Pause Young (Allocation Failure) 1176M->84M(3959M) 1.730ms
[132.698s][info][gc,cpu         ] GC(454) User=0.00s Sys=0.00s Real=0.00s
[132.974s][info][gc,start       ] GC(455) Pause Young (Allocation Failure)
[132.976s][info][gc,heap        ] GC(455) DefNew: 1120364K(1258304K)->2349K(1258304K) Eden: 1118528K(1118528K)->0K(1118528K) From: 1836K(139776K)->2349K(139776K)
[132.976s][info][gc,heap        ] GC(455) Tenured: 85003K(2796224K)->85003K(2796224K)
[132.976s][info][gc,metaspace   ] GC(455) Metaspace: 11776K(12032K)->11776K(12032K) NonClass: 10236K(10368K)->10236K(10368K) Class: 1540K(1664K)->1540K(1664K)
[132.976s][info][gc             ] GC(455) Pause Young (Allocation Failure) 1177M->85M(3959M) 2.012ms
[132.976s][info][gc,cpu         ] GC(455) User=0.00s Sys=0.00s Real=0.00s
[133.249s][info][gc,start       ] GC(456) Pause Young (Allocation Failure)
[133.250s][info][gc,heap        ] GC(456) DefNew: 1120877K(1258304K)->444K(1258304K) Eden: 1118528K(1118528K)->0K(1118528K) From: 2349K(139776K)->444K(139776K)
[133.250s][info][gc,heap        ] GC(456) Tenured: 85003K(2796224K)->85003K(2796224K)
[133.250s][info][gc,metaspace   ] GC(456) Metaspace: 11776K(12032K)->11776K(12032K) NonClass: 10236K(10368K)->10236K(10368K) Class: 1540K(1664K)->1540K(1664K)
[133.250s][info][gc             ] GC(456) Pause Young (Allocation Failure) 1177M->83M(3959M) 0.648ms
[133.250s][info][gc,cpu         ] GC(456) User=0.00s Sys=0.00s Real=0.00s
[133.520s][info][gc,start       ] GC(457) Pause Young (Allocation Failure)
[133.522s][info][gc,heap        ] GC(457) DefNew: 1118972K(1258304K)->1195K(1258304K) Eden: 1118528K(1118528K)->0K(1118528K) From: 444K(139776K)->1195K(139776K)
[133.522s][info][gc,heap        ] GC(457) Tenured: 85003K(2796224K)->85003K(2796224K)
[133.522s][info][gc,metaspace   ] GC(457) Metaspace: 11776K(12032K)->11776K(12032K) NonClass: 10236K(10368K)->10236K(10368K) Class: 1540K(1664K)->1540K(1664K)
[133.522s][info][gc             ] GC(457) Pause Young (Allocation Failure) 1175M->84M(3959M) 1.198ms
[133.522s][info][gc,cpu         ] GC(457) User=0.00s Sys=0.00s Real=0.00s
[133.792s][info][gc,start       ] GC(458) Pause Young (Allocation Failure)
[133.793s][info][gc,heap        ] GC(458) DefNew: 1119723K(1258304K)->1889K(1258304K) Eden: 1118528K(1118528K)->0K(1118528K) From: 1195K(139776K)->1889K(139776K)
[133.793s][info][gc,heap        ] GC(458) Tenured: 85003K(2796224K)->85003K(2796224K)
[133.793s][info][gc,metaspace   ] GC(458) Metaspace: 11776K(12032K)->11776K(12032K) NonClass: 10236K(10368K)->10236K(10368K) Class: 1540K(1664K)->1540K(1664K)
[133.793s][info][gc             ] GC(458) Pause Young (Allocation Failure) 1176M->84M(3959M) 1.690ms
[133.793s][info][gc,cpu         ] GC(458) User=0.00s Sys=0.00s Real=0.00s
[134.070s][info][gc,start       ] GC(459) Pause Young (Allocation Failure)
[134.072s][info][gc,heap        ] GC(459) DefNew: 1120310K(1258304K)->3033K(1258304K) Eden: 1118420K(1118528K)->0K(1118528K) From: 1889K(139776K)->3033K(139776K)
[134.072s][info][gc,heap        ] GC(459) Tenured: 85003K(2796224K)->85003K(2796224K)
[134.072s][info][gc,metaspace   ] GC(459) Metaspace: 11776K(12032K)->11776K(12032K) NonClass: 10236K(10368K)->10236K(10368K) Class: 1540K(1664K)->1540K(1664K)
[134.072s][info][gc             ] GC(459) Pause Young (Allocation Failure) 1177M->85M(3959M) 2.499ms
[134.072s][info][gc,cpu         ] GC(459) User=0.00s Sys=0.00s Real=0.00s
[134.346s][info][gc,start       ] GC(460) Pause Young (Allocation Failure)
[134.347s][info][gc,heap        ] GC(460) DefNew: 1121561K(1258304K)->854K(1258304K) Eden: 1118528K(1118528K)->0K(1118528K) From: 3033K(139776K)->854K(139776K)
[134.347s][info][gc,heap        ] GC(460) Tenured: 85003K(2796224K)->85003K(2796224K)
[134.347s][info][gc,metaspace   ] GC(460) Metaspace: 11776K(12032K)->11776K(12032K) NonClass: 10236K(10368K)->10236K(10368K) Class: 1540K(1664K)->1540K(1664K)
[134.347s][info][gc             ] GC(460) Pause Young (Allocation Failure) 1178M->83M(3959M) 0.950ms
[134.347s][info][gc,cpu         ] GC(460) User=0.00s Sys=0.00s Real=0.00s
[134.612s][info][gc,start       ] GC(461) Pause Full (System.gc())
[134.613s][info][gc,phases,start] GC(461) Phase 1: Mark live objects
[134.657s][info][gc,phases      ] GC(461) Phase 1: Mark live objects 44.441ms
[134.657s][info][gc,phases,start] GC(461) Phase 2: Compute new object addresses
[134.740s][info][gc,phases      ] GC(461) Phase 2: Compute new object addresses 83.181ms
[134.740s][info][gc,phases,start] GC(461) Phase 3: Adjust pointers
[134.762s][info][gc,phases      ] GC(461) Phase 3: Adjust pointers 21.940ms
[134.762s][info][gc,phases,start] GC(461) Phase 4: Move objects
[134.762s][info][gc,phases      ] GC(461) Phase 4: Move objects 0.009ms
[134.762s][info][gc,heap        ] GC(461) DefNew: 1092918K(1258304K)->0K(1258304K) Eden: 1092064K(1118528K)->0K(1118528K) From: 854K(139776K)->0K(139776K)
[134.762s][info][gc,heap        ] GC(461) Tenured: 85003K(2796224K)->85002K(2796224K)
[134.762s][info][gc,metaspace   ] GC(461) Metaspace: 11776K(12032K)->11776K(12032K) NonClass: 10236K(10368K)->10236K(10368K) Class: 1540K(1664K)->1540K(1664K)
[134.762s][info][gc             ] GC(461) Pause Full (System.gc()) 1150M->83M(3959M) 149.864ms
[134.762s][info][gc,cpu         ] GC(461) User=0.14s Sys=0.00s Real=0.14s
[135.044s][info][gc,start       ] GC(462) Pause Young (Allocation Failure)
[135.046s][info][gc,heap        ] GC(462) DefNew: 1118528K(1258304K)->1166K(1258304K) Eden: 1118528K(1118528K)->0K(1118528K) From: 0K(139776K)->1166K(139776K)
[135.046s][info][gc,heap        ] GC(462) Tenured: 85002K(2796224K)->85002K(2796224K)
[135.046s][info][gc,metaspace   ] GC(462) Metaspace: 11776K(12032K)->11776K(12032K) NonClass: 10236K(10368K)->10236K(10368K) Class: 1540K(1664K)->1540K(1664K)
[135.046s][info][gc             ] GC(462) Pause Young (Allocation Failure) 1175M->84M(3959M) 1.145ms
[135.046s][info][gc,cpu         ] GC(462) User=0.00s Sys=0.00s Real=0.00s
[135.316s][info][gc,start       ] GC(463) Pause Young (Allocation Failure)
[135.317s][info][gc,heap        ] GC(463) DefNew: 1119694K(1258304K)->1829K(1258304K) Eden: 1118528K(1118528K)->0K(1118528K) From: 1166K(139776K)->1829K(139776K)
[135.317s][info][gc,heap        ] GC(463) Tenured: 85002K(2796224K)->85002K(2796224K)
[135.317s][info][gc,metaspace   ] GC(463) Metaspace: 11776K(12032K)->11776K(12032K) NonClass: 10236K(10368K)->10236K(10368K) Class: 1540K(1664K)->1540K(1664K)
[135.317s][info][gc             ] GC(463) Pause Young (Allocation Failure) 1176M->84M(3959M) 1.584ms
[135.317s][info][gc,cpu         ] GC(463) User=0.00s Sys=0.00s Real=0.00s
[135.587s][info][gc,start       ] GC(464) Pause Young (Allocation Failure)
[135.589s][info][gc,heap        ] GC(464) DefNew: 1120357K(1258304K)->2347K(1258304K) Eden: 1118528K(1118528K)->0K(1118528K) From: 1829K(139776K)->2347K(139776K)
[135.589s][info][gc,heap        ] GC(464) Tenured: 85002K(2796224K)->85002K(2796224K)
[135.589s][info][gc,metaspace   ] GC(464) Metaspace: 11776K(12032K)->11776K(12032K) NonClass: 10236K(10368K)->10236K(10368K) Class: 1540K(1664K)->1540K(1664K)
[135.589s][info][gc             ] GC(464) Pause Young (Allocation Failure) 1177M->85M(3959M) 1.978ms
[135.589s][info][gc,cpu         ] GC(464) User=0.00s Sys=0.00s Real=0.00s
[135.865s][info][gc,start       ] GC(465) Pause Young (Allocation Failure)
[135.866s][info][gc,heap        ] GC(465) DefNew: 1120875K(1258304K)->634K(1258304K) Eden: 1118528K(1118528K)->0K(1118528K) From: 2347K(139776K)->634K(139776K)
[135.866s][info][gc,heap        ] GC(465) Tenured: 85002K(2796224K)->85002K(2796224K)
[135.866s][info][gc,metaspace   ] GC(465) Metaspace: 11776K(12032K)->11776K(12032K) NonClass: 10236K(10368K)->10236K(10368K) Class: 1540K(1664K)->1540K(1664K)
[135.866s][info][gc             ] GC(465) Pause Young (Allocation Failure) 1177M->83M(3959M) 0.816ms
[135.866s][info][gc,cpu         ] GC(465) User=0.00s Sys=0.00s Real=0.00s
[136.139s][info][gc,start       ] GC(466) Pause Young (Allocation Failure)
[136.140s][info][gc,heap        ] GC(466) DefNew: 1119162K(1258304K)->1688K(1258304K) Eden: 1118528K(1118528K)->0K(1118528K) From: 634K(139776K)->1688K(139776K)
[136.140s][info][gc,heap        ] GC(466) Tenured: 85002K(2796224K)->85002K(2796224K)
[136.140s][info][gc,metaspace   ] GC(466) Metaspace: 11777K(12032K)->11777K(12032K) NonClass: 10237K(10368K)->10237K(10368K) Class: 1540K(1664K)->1540K(1664K)
[136.140s][info][gc             ] GC(466) Pause Young (Allocation Failure) 1175M->84M(3959M) 1.537ms
[136.140s][info][gc,cpu         ] GC(466) User=0.00s Sys=0.00s Real=0.00s
[136.408s][info][gc,start       ] GC(467) Pause Young (Allocation Failure)
[136.410s][info][gc,heap        ] GC(467) DefNew: 1120216K(1258304K)->2113K(1258304K) Eden: 1118528K(1118528K)->0K(1118528K) From: 1688K(139776K)->2113K(139776K)
[136.410s][info][gc,heap        ] GC(467) Tenured: 85002K(2796224K)->85002K(2796224K)
[136.410s][info][gc,metaspace   ] GC(467) Metaspace: 11777K(12032K)->11777K(12032K) NonClass: 10237K(10368K)->10237K(10368K) Class: 1540K(1664K)->1540K(1664K)
[136.410s][info][gc             ] GC(467) Pause Young (Allocation Failure) 1176M->85M(3959M) 1.801ms
[136.410s][info][gc,cpu         ] GC(467) User=0.00s Sys=0.00s Real=0.00s
[136.678s][info][gc,start       ] GC(468) Pause Young (Allocation Failure)
[136.681s][info][gc,heap        ] GC(468) DefNew: 1120461K(1258304K)->2738K(1258304K) Eden: 1118348K(1118528K)->0K(1118528K) From: 2113K(139776K)->2738K(139776K)
[136.681s][info][gc,heap        ] GC(468) Tenured: 85002K(2796224K)->85002K(2796224K)
[136.681s][info][gc,metaspace   ] GC(468) Metaspace: 11777K(12032K)->11777K(12032K) NonClass: 10237K(10368K)->10237K(10368K) Class: 1540K(1664K)->1540K(1664K)
[136.681s][info][gc             ] GC(468) Pause Young (Allocation Failure) 1177M->85M(3959M) 2.252ms
[136.681s][info][gc,cpu         ] GC(468) User=0.00s Sys=0.00s Real=0.00s
[136.958s][info][gc,start       ] GC(469) Pause Young (Allocation Failure)
[136.959s][info][gc,heap        ] GC(469) DefNew: 1120461K(1258304K)->442K(1258304K) Eden: 1117723K(1118528K)->0K(1118528K) From: 2738K(139776K)->442K(139776K)
[136.959s][info][gc,heap        ] GC(469) Tenured: 85002K(2796224K)->85002K(2796224K)
[136.959s][info][gc,metaspace   ] GC(469) Metaspace: 11777K(12032K)->11777K(12032K) NonClass: 10237K(10368K)->10237K(10368K) Class: 1540K(1664K)->1540K(1664K)
[136.959s][info][gc             ] GC(469) Pause Young (Allocation Failure) 1177M->83M(3959M) 0.683ms
[136.959s][info][gc,cpu         ] GC(469) User=0.00s Sys=0.00s Real=0.00s
[137.226s][info][gc,start       ] GC(470) Pause Full (System.gc())
[137.226s][info][gc,phases,start] GC(470) Phase 1: Mark live objects
[137.271s][info][gc,phases      ] GC(470) Phase 1: Mark live objects 44.849ms
[137.271s][info][gc,phases,start] GC(470) Phase 2: Compute new object addresses
[137.356s][info][gc,phases      ] GC(470) Phase 2: Compute new object addresses 84.364ms
[137.356s][info][gc,phases,start] GC(470) Phase 3: Adjust pointers
[137.378s][info][gc,phases      ] GC(470) Phase 3: Adjust pointers 22.240ms
[137.378s][info][gc,phases,start] GC(470) Phase 4: Move objects
[137.378s][info][gc,phases      ] GC(470) Phase 4: Move objects 0.010ms
[137.378s][info][gc,heap        ] GC(470) DefNew: 1095084K(1258304K)->0K(1258304K) Eden: 1094642K(1118528K)->0K(1118528K) From: 442K(139776K)->0K(139776K)
[137.378s][info][gc,heap        ] GC(470) Tenured: 85002K(2796224K)->85003K(2796224K)
[137.378s][info][gc,metaspace   ] GC(470) Metaspace: 11777K(12032K)->11777K(12032K) NonClass: 10237K(10368K)->10237K(10368K) Class: 1540K(1664K)->1540K(1664K)
[137.378s][info][gc             ] GC(470) Pause Full (System.gc()) 1152M->83M(3959M) 151.761ms
[137.378s][info][gc,cpu         ] GC(470) User=0.16s Sys=0.00s Real=0.15s
[137.653s][info][gc,start       ] GC(471) Pause Young (Allocation Failure)
[137.654s][info][gc,heap        ] GC(471) DefNew: 1118528K(1258304K)->812K(1258304K) Eden: 1118528K(1118528K)->0K(1118528K) From: 0K(139776K)->812K(139776K)
[137.654s][info][gc,heap        ] GC(471) Tenured: 85003K(2796224K)->85003K(2796224K)
[137.654s][info][gc,metaspace   ] GC(471) Metaspace: 11778K(12032K)->11778K(12032K) NonClass: 10238K(10368K)->10238K(10368K) Class: 1540K(1664K)->1540K(1664K)
[137.654s][info][gc             ] GC(471) Pause Young (Allocation Failure) 1175M->83M(3959M) 0.921ms
[137.654s][info][gc,cpu         ] GC(471) User=0.00s Sys=0.00s Real=0.00s
[137.929s][info][gc,start       ] GC(472) Pause Young (Allocation Failure)
[137.931s][info][gc,heap        ] GC(472) DefNew: 1119340K(1258304K)->1817K(1258304K) Eden: 1118528K(1118528K)->0K(1118528K) From: 812K(139776K)->1817K(139776K)
[137.931s][info][gc,heap        ] GC(472) Tenured: 85003K(2796224K)->85003K(2796224K)
[137.931s][info][gc,metaspace   ] GC(472) Metaspace: 11778K(12032K)->11778K(12032K) NonClass: 10238K(10368K)->10238K(10368K) Class: 1540K(1664K)->1540K(1664K)
[137.931s][info][gc             ] GC(472) Pause Young (Allocation Failure) 1176M->84M(3959M) 1.621ms
[137.931s][info][gc,cpu         ] GC(472) User=0.00s Sys=0.00s Real=0.00s
[138.201s][info][gc,start       ] GC(473) Pause Young (Allocation Failure)
[138.203s][info][gc,heap        ] GC(473) DefNew: 1120345K(1258304K)->2537K(1258304K) Eden: 1118528K(1118528K)->0K(1118528K) From: 1817K(139776K)->2537K(139776K)
[138.203s][info][gc,heap        ] GC(473) Tenured: 85003K(2796224K)->85003K(2796224K)
[138.203s][info][gc,metaspace   ] GC(473) Metaspace: 11778K(12032K)->11778K(12032K) NonClass: 10238K(10368K)->10238K(10368K) Class: 1540K(1664K)->1540K(1664K)
[138.203s][info][gc             ] GC(473) Pause Young (Allocation Failure) 1177M->85M(3959M) 2.129ms
[138.203s][info][gc,cpu         ] GC(473) User=0.00s Sys=0.00s Real=0.00s
[138.475s][info][gc,start       ] GC(474) Pause Young (Allocation Failure)
[138.476s][info][gc,heap        ] GC(474) DefNew: 1121065K(1258304K)->127K(1258304K) Eden: 1118528K(1118528K)->0K(1118528K) From: 2537K(139776K)->127K(139776K)
[138.476s][info][gc,heap        ] GC(474) Tenured: 85003K(2796224K)->85003K(2796224K)
[138.476s][info][gc,metaspace   ] GC(474) Metaspace: 11778K(12032K)->11778K(12032K) NonClass: 10238K(10368K)->10238K(10368K) Class: 1540K(1664K)->1540K(1664K)
[138.476s][info][gc             ] GC(474) Pause Young (Allocation Failure) 1177M->83M(3959M) 0.452ms
[138.476s][info][gc,cpu         ] GC(474) User=0.00s Sys=0.00s Real=0.00s
[138.746s][info][gc,start       ] GC(475) Pause Young (Allocation Failure)
[138.747s][info][gc,heap        ] GC(475) DefNew: 1118655K(1258304K)->977K(1258304K) Eden: 1118528K(1118528K)->0K(1118528K) From: 127K(139776K)->977K(139776K)
[138.747s][info][gc,heap        ] GC(475) Tenured: 85003K(2796224K)->85003K(2796224K)
[138.747s][info][gc,metaspace   ] GC(475) Metaspace: 11778K(12032K)->11778K(12032K) NonClass: 10238K(10368K)->10238K(10368K) Class: 1540K(1664K)->1540K(1664K)
[138.747s][info][gc             ] GC(475) Pause Young (Allocation Failure) 1175M->83M(3959M) 1.074ms
[138.747s][info][gc,cpu         ] GC(475) User=0.00s Sys=0.00s Real=0.00s
[139.020s][info][gc,start       ] GC(476) Pause Young (Allocation Failure)
[139.022s][info][gc,heap        ] GC(476) DefNew: 1119505K(1258304K)->1534K(1258304K) Eden: 1118528K(1118528K)->0K(1118528K) From: 977K(139776K)->1534K(139776K)
[139.022s][info][gc,heap        ] GC(476) Tenured: 85003K(2796224K)->85003K(2796224K)
[139.022s][info][gc,metaspace   ] GC(476) Metaspace: 11778K(12032K)->11778K(12032K) NonClass: 10238K(10368K)->10238K(10368K) Class: 1540K(1664K)->1540K(1664K)
[139.022s][info][gc             ] GC(476) Pause Young (Allocation Failure) 1176M->84M(3959M) 1.480ms
[139.022s][info][gc,cpu         ] GC(476) User=0.00s Sys=0.00s Real=0.00s
[139.292s][info][gc,start       ] GC(477) Pause Young (Allocation Failure)
[139.294s][info][gc,heap        ] GC(477) DefNew: 1120062K(1258304K)->2473K(1258304K) Eden: 1118528K(1118528K)->0K(1118528K) From: 1534K(139776K)->2473K(139776K)
[139.294s][info][gc,heap        ] GC(477) Tenured: 85003K(2796224K)->85003K(2796224K)
[139.294s][info][gc,metaspace   ] GC(477) Metaspace: 11778K(12032K)->11778K(12032K) NonClass: 10238K(10368K)->10238K(10368K) Class: 1540K(1664K)->1540K(1664K)
[139.294s][info][gc             ] GC(477) Pause Young (Allocation Failure) 1176M->85M(3959M) 2.077ms
[139.294s][info][gc,cpu         ] GC(477) User=0.00s Sys=0.00s Real=0.00s
[139.566s][info][gc,start       ] GC(478) Pause Young (Allocation Failure)
[139.567s][info][gc,heap        ] GC(478) DefNew: 1121001K(1258304K)->86K(1258304K) Eden: 1118528K(1118528K)->0K(1118528K) From: 2473K(139776K)->86K(139776K)
[139.567s][info][gc,heap        ] GC(478) Tenured: 85003K(2796224K)->85003K(2796224K)
[139.567s][info][gc,metaspace   ] GC(478) Metaspace: 11778K(12032K)->11778K(12032K) NonClass: 10238K(10368K)->10238K(10368K) Class: 1540K(1664K)->1540K(1664K)
[139.567s][info][gc             ] GC(478) Pause Young (Allocation Failure) 1177M->83M(3959M) 0.408ms
[139.567s][info][gc,cpu         ] GC(478) User=0.00s Sys=0.00s Real=0.00s
[139.837s][info][gc,start       ] GC(479) Pause Full (System.gc())
[139.837s][info][gc,phases,start] GC(479) Phase 1: Mark live objects
[139.882s][info][gc,phases      ] GC(479) Phase 1: Mark live objects 44.444ms
[139.882s][info][gc,phases,start] GC(479) Phase 2: Compute new object addresses
[139.966s][info][gc,phases      ] GC(479) Phase 2: Compute new object addresses 84.578ms
[139.966s][info][gc,phases,start] GC(479) Phase 3: Adjust pointers
[139.988s][info][gc,phases      ] GC(479) Phase 3: Adjust pointers 21.979ms
[139.988s][info][gc,phases,start] GC(479) Phase 4: Move objects
[139.988s][info][gc,phases      ] GC(479) Phase 4: Move objects 0.010ms
[139.988s][info][gc,heap        ] GC(479) DefNew: 1104226K(1258304K)->0K(1258304K) Eden: 1104140K(1118528K)->0K(1118528K) From: 86K(139776K)->0K(139776K)
[139.988s][info][gc,heap        ] GC(479) Tenured: 85003K(2796224K)->85003K(2796224K)
[139.988s][info][gc,metaspace   ] GC(479) Metaspace: 11778K(12032K)->11778K(12032K) NonClass: 10238K(10368K)->10238K(10368K) Class: 1540K(1664K)->1540K(1664K)
[139.988s][info][gc             ] GC(479) Pause Full (System.gc()) 1161M->83M(3959M) 151.325ms
[139.989s][info][gc,cpu         ] GC(479) User=0.16s Sys=0.00s Real=0.14s
[140.266s][info][gc,start       ] GC(480) Pause Young (Allocation Failure)
[140.267s][info][gc,heap        ] GC(480) DefNew: 1118528K(1258304K)->776K(1258304K) Eden: 1118528K(1118528K)->0K(1118528K) From: 0K(139776K)->776K(139776K)
[140.267s][info][gc,heap        ] GC(480) Tenured: 85003K(2796224K)->85003K(2796224K)
[140.267s][info][gc,metaspace   ] GC(480) Metaspace: 11778K(12032K)->11778K(12032K) NonClass: 10238K(10368K)->10238K(10368K) Class: 1540K(1664K)->1540K(1664K)
[140.267s][info][gc             ] GC(480) Pause Young (Allocation Failure) 1175M->83M(3959M) 0.892ms
[140.267s][info][gc,cpu         ] GC(480) User=0.00s Sys=0.00s Real=0.00s
[140.537s][info][gc,start       ] GC(481) Pause Young (Allocation Failure)
[140.539s][info][gc,heap        ] GC(481) DefNew: 1119304K(1258304K)->1850K(1258304K) Eden: 1118528K(1118528K)->0K(1118528K) From: 776K(139776K)->1850K(139776K)
[140.539s][info][gc,heap        ] GC(481) Tenured: 85003K(2796224K)->85003K(2796224K)
[140.539s][info][gc,metaspace   ] GC(481) Metaspace: 11778K(12032K)->11778K(12032K) NonClass: 10238K(10368K)->10238K(10368K) Class: 1540K(1664K)->1540K(1664K)
[140.539s][info][gc             ] GC(481) Pause Young (Allocation Failure) 1176M->84M(3959M) 1.634ms
[140.539s][info][gc,cpu         ] GC(481) User=0.00s Sys=0.00s Real=0.00s
[140.809s][info][gc,start       ] GC(482) Pause Young (Allocation Failure)
[140.811s][info][gc,heap        ] GC(482) DefNew: 1120378K(1258304K)->3031K(1258304K) Eden: 1118528K(1118528K)->0K(1118528K) From: 1850K(139776K)->3031K(139776K)
[140.811s][info][gc,heap        ] GC(482) Tenured: 85003K(2796224K)->85003K(2796224K)
[140.811s][info][gc,metaspace   ] GC(482) Metaspace: 11778K(12032K)->11778K(12032K) NonClass: 10238K(10368K)->10238K(10368K) Class: 1540K(1664K)->1540K(1664K)
[140.811s][info][gc             ] GC(482) Pause Young (Allocation Failure) 1177M->85M(3959M) 2.515ms
[140.811s][info][gc,cpu         ] GC(482) User=0.02s Sys=0.00s Real=0.00s
[141.091s][info][gc,start       ] GC(483) Pause Young (Allocation Failure)
[141.092s][info][gc,heap        ] GC(483) DefNew: 1121559K(1258304K)->601K(1258304K) Eden: 1118528K(1118528K)->0K(1118528K) From: 3031K(139776K)->601K(139776K)
[141.092s][info][gc,heap        ] GC(483) Tenured: 85003K(2796224K)->85003K(2796224K)
[141.092s][info][gc,metaspace   ] GC(483) Metaspace: 11778K(12032K)->11778K(12032K) NonClass: 10238K(10368K)->10238K(10368K) Class: 1540K(1664K)->1540K(1664K)
[141.092s][info][gc             ] GC(483) Pause Young (Allocation Failure) 1178M->83M(3959M) 0.787ms
[141.092s][info][gc,cpu         ] GC(483) User=0.00s Sys=0.00s Real=0.00s
[141.363s][info][gc,start       ] GC(484) Pause Young (Allocation Failure)
[141.364s][info][gc,heap        ] GC(484) DefNew: 1119129K(1258304K)->1645K(1258304K) Eden: 1118528K(1118528K)->0K(1118528K) From: 601K(139776K)->1645K(139776K)
[141.364s][info][gc,heap        ] GC(484) Tenured: 85003K(2796224K)->85003K(2796224K)
[141.364s][info][gc,metaspace   ] GC(484) Metaspace: 11778K(12032K)->11778K(12032K) NonClass: 10238K(10368K)->10238K(10368K) Class: 1540K(1664K)->1540K(1664K)
[141.364s][info][gc             ] GC(484) Pause Young (Allocation Failure) 1175M->84M(3959M) 1.499ms
[141.364s][info][gc,cpu         ] GC(484) User=0.00s Sys=0.00s Real=0.00s
[141.632s][info][gc,start       ] GC(485) Pause Young (Allocation Failure)
[141.634s][info][gc,heap        ] GC(485) DefNew: 1120173K(1258304K)->2011K(1258304K) Eden: 1118528K(1118528K)->0K(1118528K) From: 1645K(139776K)->2011K(139776K)
[141.634s][info][gc,heap        ] GC(485) Tenured: 85003K(2796224K)->85003K(2796224K)
[141.634s][info][gc,metaspace   ] GC(485) Metaspace: 11778K(12032K)->11778K(12032K) NonClass: 10238K(10368K)->10238K(10368K) Class: 1540K(1664K)->1540K(1664K)
[141.634s][info][gc             ] GC(485) Pause Young (Allocation Failure) 1176M->84M(3959M) 1.719ms
[141.634s][info][gc,cpu         ] GC(485) User=0.00s Sys=0.00s Real=0.00s
[141.909s][info][gc,start       ] GC(486) Pause Young (Allocation Failure)
[141.911s][info][gc,heap        ] GC(486) DefNew: 1120539K(1258304K)->2836K(1258304K) Eden: 1118528K(1118528K)->0K(1118528K) From: 2011K(139776K)->2836K(139776K)
[141.911s][info][gc,heap        ] GC(486) Tenured: 85003K(2796224K)->85003K(2796224K)
[141.911s][info][gc,metaspace   ] GC(486) Metaspace: 11778K(12032K)->11778K(12032K) NonClass: 10238K(10368K)->10238K(10368K) Class: 1540K(1664K)->1540K(1664K)
[141.911s][info][gc             ] GC(486) Pause Young (Allocation Failure) 1177M->85M(3959M) 2.354ms
[141.911s][info][gc,cpu         ] GC(486) User=0.00s Sys=0.00s Real=0.00s
[142.187s][info][gc,start       ] GC(487) Pause Young (Allocation Failure)
[142.188s][info][gc,heap        ] GC(487) DefNew: 1121364K(1258304K)->957K(1258304K) Eden: 1118528K(1118528K)->0K(1118528K) From: 2836K(139776K)->957K(139776K)
[142.188s][info][gc,heap        ] GC(487) Tenured: 85003K(2796224K)->85003K(2796224K)
[142.188s][info][gc,metaspace   ] GC(487) Metaspace: 11778K(12032K)->11778K(12032K) NonClass: 10238K(10368K)->10238K(10368K) Class: 1540K(1664K)->1540K(1664K)
[142.188s][info][gc             ] GC(487) Pause Young (Allocation Failure) 1178M->83M(3959M) 1.087ms
[142.188s][info][gc,cpu         ] GC(487) User=0.00s Sys=0.00s Real=0.00s
[142.453s][info][gc,start       ] GC(488) Pause Full (System.gc())
[142.453s][info][gc,phases,start] GC(488) Phase 1: Mark live objects
[142.497s][info][gc,phases      ] GC(488) Phase 1: Mark live objects 44.457ms
[142.497s][info][gc,phases,start] GC(488) Phase 2: Compute new object addresses
[142.580s][info][gc,phases      ] GC(488) Phase 2: Compute new object addresses 82.871ms
[142.580s][info][gc,phases,start] GC(488) Phase 3: Adjust pointers
[142.603s][info][gc,phases      ] GC(488) Phase 3: Adjust pointers 22.183ms
[142.603s][info][gc,phases,start] GC(488) Phase 4: Move objects
[142.603s][info][gc,phases      ] GC(488) Phase 4: Move objects 0.010ms
[142.603s][info][gc,heap        ] GC(488) DefNew: 1095777K(1258304K)->0K(1258304K) Eden: 1094819K(1118528K)->0K(1118528K) From: 957K(139776K)->0K(139776K)
[142.603s][info][gc,heap        ] GC(488) Tenured: 85003K(2796224K)->85004K(2796224K)
[142.603s][info][gc,metaspace   ] GC(488) Metaspace: 11778K(12032K)->11778K(12032K) NonClass: 10238K(10368K)->10238K(10368K) Class: 1540K(1664K)->1540K(1664K)
[142.603s][info][gc             ] GC(488) Pause Full (System.gc()) 1153M->83M(3959M) 149.826ms
[142.603s][info][gc,cpu         ] GC(488) User=0.14s Sys=0.00s Real=0.15s
[142.883s][info][gc,start       ] GC(489) Pause Young (Allocation Failure)
[142.884s][info][gc,heap        ] GC(489) DefNew: 1118528K(1258304K)->940K(1258304K) Eden: 1118528K(1118528K)->0K(1118528K) From: 0K(139776K)->940K(139776K)
[142.884s][info][gc,heap        ] GC(489) Tenured: 85004K(2796224K)->85004K(2796224K)
[142.884s][info][gc,metaspace   ] GC(489) Metaspace: 11778K(12032K)->11778K(12032K) NonClass: 10238K(10368K)->10238K(10368K) Class: 1540K(1664K)->1540K(1664K)
[142.884s][info][gc             ] GC(489) Pause Young (Allocation Failure) 1175M->83M(3959M) 0.980ms
[142.884s][info][gc,cpu         ] GC(489) User=0.00s Sys=0.00s Real=0.00s
[143.154s][info][gc,start       ] GC(490) Pause Young (Allocation Failure)
[143.156s][info][gc,heap        ] GC(490) DefNew: 1119468K(1258304K)->1575K(1258304K) Eden: 1118528K(1118528K)->0K(1118528K) From: 940K(139776K)->1575K(139776K)
[143.156s][info][gc,heap        ] GC(490) Tenured: 85004K(2796224K)->85004K(2796224K)
[143.156s][info][gc,metaspace   ] GC(490) Metaspace: 11778K(12032K)->11778K(12032K) NonClass: 10238K(10368K)->10238K(10368K) Class: 1540K(1664K)->1540K(1664K)
[143.156s][info][gc             ] GC(490) Pause Young (Allocation Failure) 1176M->84M(3959M) 1.474ms
[143.156s][info][gc,cpu         ] GC(490) User=0.00s Sys=0.00s Real=0.00s
[143.426s][info][gc,start       ] GC(491) Pause Young (Allocation Failure)
[143.428s][info][gc,heap        ] GC(491) DefNew: 1120103K(1258304K)->2374K(1258304K) Eden: 1118528K(1118528K)->0K(1118528K) From: 1575K(139776K)->2374K(139776K)
[143.428s][info][gc,heap        ] GC(491) Tenured: 85004K(2796224K)->85004K(2796224K)
[143.428s][info][gc,metaspace   ] GC(491) Metaspace: 11778K(12032K)->11778K(12032K) NonClass: 10238K(10368K)->10238K(10368K) Class: 1540K(1664K)->1540K(1664K)
[143.428s][info][gc             ] GC(491) Pause Young (Allocation Failure) 1176M->85M(3959M) 2.005ms
[143.428s][info][gc,cpu         ] GC(491) User=0.00s Sys=0.00s Real=0.00s
[143.701s][info][gc,start       ] GC(492) Pause Young (Allocation Failure)
[143.701s][info][gc,heap        ] GC(492) DefNew: 1120902K(1258304K)->163K(1258304K) Eden: 1118528K(1118528K)->0K(1118528K) From: 2374K(139776K)->163K(139776K)
[143.701s][info][gc,heap        ] GC(492) Tenured: 85004K(2796224K)->85004K(2796224K)
[143.701s][info][gc,metaspace   ] GC(492) Metaspace: 11778K(12032K)->11778K(12032K) NonClass: 10238K(10368K)->10238K(10368K) Class: 1540K(1664K)->1540K(1664K)
[143.701s][info][gc             ] GC(492) Pause Young (Allocation Failure) 1177M->83M(3959M) 0.477ms
[143.701s][info][gc,cpu         ] GC(492) User=0.00s Sys=0.00s Real=0.00s
[143.977s][info][gc,start       ] GC(493) Pause Young (Allocation Failure)
[143.978s][info][gc,heap        ] GC(493) DefNew: 1118691K(1258304K)->1047K(1258304K) Eden: 1118528K(1118528K)->0K(1118528K) From: 163K(139776K)->1047K(139776K)
[143.978s][info][gc,heap        ] GC(493) Tenured: 85004K(2796224K)->85004K(2796224K)
[143.978s][info][gc,metaspace   ] GC(493) Metaspace: 11778K(12032K)->11778K(12032K) NonClass: 10238K(10368K)->10238K(10368K) Class: 1540K(1664K)->1540K(1664K)
[143.978s][info][gc             ] GC(493) Pause Young (Allocation Failure) 1175M->84M(3959M) 1.122ms
[143.978s][info][gc,cpu         ] GC(493) User=0.00s Sys=0.00s Real=0.00s
[144.248s][info][gc,start       ] GC(494) Pause Young (Allocation Failure)
[144.249s][info][gc,heap        ] GC(494) DefNew: 1119575K(1258304K)->1923K(1258304K) Eden: 1118528K(1118528K)->0K(1118528K) From: 1047K(139776K)->1923K(139776K)
[144.249s][info][gc,heap        ] GC(494) Tenured: 85004K(2796224K)->85004K(2796224K)
[144.249s][info][gc,metaspace   ] GC(494) Metaspace: 11778K(12032K)->11778K(12032K) NonClass: 10238K(10368K)->10238K(10368K) Class: 1540K(1664K)->1540K(1664K)
[144.250s][info][gc             ] GC(494) Pause Young (Allocation Failure) 1176M->84M(3959M) 1.672ms
[144.250s][info][gc,cpu         ] GC(494) User=0.00s Sys=0.00s Real=0.00s
[144.518s][info][gc,start       ] GC(495) Pause Young (Allocation Failure)
[144.520s][info][gc,heap        ] GC(495) DefNew: 1120451K(1258304K)->2523K(1258304K) Eden: 1118528K(1118528K)->0K(1118528K) From: 1923K(139776K)->2523K(139776K)
[144.520s][info][gc,heap        ] GC(495) Tenured: 85004K(2796224K)->85004K(2796224K)
[144.520s][info][gc,metaspace   ] GC(495) Metaspace: 11779K(12032K)->11779K(12032K) NonClass: 10239K(10368K)->10239K(10368K) Class: 1540K(1664K)->1540K(1664K)
[144.520s][info][gc             ] GC(495) Pause Young (Allocation Failure) 1177M->85M(3959M) 2.162ms
[144.520s][info][gc,cpu         ] GC(495) User=0.00s Sys=0.00s Real=0.00s
[144.792s][info][gc,start       ] GC(496) Pause Young (Allocation Failure)
[144.793s][info][gc,heap        ] GC(496) DefNew: 1121051K(1258304K)->335K(1258304K) Eden: 1118528K(1118528K)->0K(1118528K) From: 2523K(139776K)->335K(139776K)
[144.793s][info][gc,heap        ] GC(496) Tenured: 85004K(2796224K)->85004K(2796224K)
[144.793s][info][gc,metaspace   ] GC(496) Metaspace: 11779K(12032K)->11779K(12032K) NonClass: 10239K(10368K)->10239K(10368K) Class: 1540K(1664K)->1540K(1664K)
[144.793s][info][gc             ] GC(496) Pause Young (Allocation Failure) 1177M->83M(3959M) 0.596ms
[144.793s][info][gc,cpu         ] GC(496) User=0.00s Sys=0.00s Real=0.00s
[145.065s][info][gc,start       ] GC(497) Pause Full (System.gc())
[145.066s][info][gc,phases,start] GC(497) Phase 1: Mark live objects
[145.110s][info][gc,phases      ] GC(497) Phase 1: Mark live objects 44.535ms
[145.110s][info][gc,phases,start] GC(497) Phase 2: Compute new object addresses
[145.195s][info][gc,phases      ] GC(497) Phase 2: Compute new object addresses 84.489ms
[145.195s][info][gc,phases,start] GC(497) Phase 3: Adjust pointers
[145.217s][info][gc,phases      ] GC(497) Phase 3: Adjust pointers 22.507ms
[145.217s][info][gc,phases,start] GC(497) Phase 4: Move objects
[145.217s][info][gc,phases      ] GC(497) Phase 4: Move objects 0.010ms
[145.217s][info][gc,heap        ] GC(497) DefNew: 1101347K(1258304K)->0K(1258304K) Eden: 1101011K(1118528K)->0K(1118528K) From: 335K(139776K)->0K(139776K)
[145.217s][info][gc,heap        ] GC(497) Tenured: 85004K(2796224K)->85002K(2796224K)
[145.217s][info][gc,metaspace   ] GC(497) Metaspace: 11779K(12032K)->11779K(12032K) NonClass: 10239K(10368K)->10239K(10368K) Class: 1540K(1664K)->1540K(1664K)
[145.217s][info][gc             ] GC(497) Pause Full (System.gc()) 1158M->83M(3959M) 151.866ms
[145.217s][info][gc,cpu         ] GC(497) User=0.16s Sys=0.00s Real=0.15s
[145.495s][info][gc,start       ] GC(498) Pause Young (Allocation Failure)
[145.495s][info][gc,heap        ] GC(498) DefNew: 1118528K(1258304K)->813K(1258304K) Eden: 1118528K(1118528K)->0K(1118528K) From: 0K(139776K)->813K(139776K)
[145.495s][info][gc,heap        ] GC(498) Tenured: 85002K(2796224K)->85002K(2796224K)
[145.495s][info][gc,metaspace   ] GC(498) Metaspace: 11779K(12032K)->11779K(12032K) NonClass: 10239K(10368K)->10239K(10368K) Class: 1540K(1664K)->1540K(1664K)
[145.495s][info][gc             ] GC(498) Pause Young (Allocation Failure) 1175M->83M(3959M) 0.910ms
[145.495s][info][gc,cpu         ] GC(498) User=0.00s Sys=0.00s Real=0.00s
[145.765s][info][gc,start       ] GC(499) Pause Young (Allocation Failure)
[145.766s][info][gc,heap        ] GC(499) DefNew: 1119341K(1258304K)->1799K(1258304K) Eden: 1118528K(1118528K)->0K(1118528K) From: 813K(139776K)->1799K(139776K)
[145.766s][info][gc,heap        ] GC(499) Tenured: 85002K(2796224K)->85002K(2796224K)
[145.766s][info][gc,metaspace   ] GC(499) Metaspace: 11779K(12032K)->11779K(12032K) NonClass: 10239K(10368K)->10239K(10368K) Class: 1540K(1664K)->1540K(1664K)
[145.766s][info][gc             ] GC(499) Pause Young (Allocation Failure) 1176M->84M(3959M) 1.641ms
[145.766s][info][gc,cpu         ] GC(499) User=0.00s Sys=0.00s Real=0.00s
[146.041s][info][gc,start       ] GC(500) Pause Young (Allocation Failure)
[146.043s][info][gc,heap        ] GC(500) DefNew: 1120327K(1258304K)->2546K(1258304K) Eden: 1118528K(1118528K)->0K(1118528K) From: 1799K(139776K)->2546K(139776K)
[146.043s][info][gc,heap        ] GC(500) Tenured: 85002K(2796224K)->85002K(2796224K)
[146.043s][info][gc,metaspace   ] GC(500) Metaspace: 11779K(12032K)->11779K(12032K) NonClass: 10239K(10368K)->10239K(10368K) Class: 1540K(1664K)->1540K(1664K)
[146.043s][info][gc             ] GC(500) Pause Young (Allocation Failure) 1177M->85M(3959M) 2.302ms
[146.043s][info][gc,cpu         ] GC(500) User=0.00s Sys=0.00s Real=0.00s
[146.314s][info][gc,start       ] GC(501) Pause Young (Allocation Failure)
[146.316s][info][gc,heap        ] GC(501) DefNew: 1121074K(1258304K)->1960K(1258304K) Eden: 1118528K(1118528K)->0K(1118528K) From: 2546K(139776K)->1960K(139776K)
[146.316s][info][gc,heap        ] GC(501) Tenured: 85002K(2796224K)->85002K(2796224K)
[146.316s][info][gc,metaspace   ] GC(501) Metaspace: 11779K(12032K)->11779K(12032K) NonClass: 10239K(10368K)->10239K(10368K) Class: 1540K(1664K)->1540K(1664K)
[146.316s][info][gc             ] GC(501) Pause Young (Allocation Failure) 1177M->84M(3959M) 1.645ms
[146.316s][info][gc,cpu         ] GC(501) User=0.00s Sys=0.00s Real=0.00s
[146.587s][info][gc,start       ] GC(502) Pause Young (Allocation Failure)
[146.588s][info][gc,heap        ] GC(502) DefNew: 1120488K(1258304K)->901K(1258304K) Eden: 1118528K(1118528K)->0K(1118528K) From: 1960K(139776K)->901K(139776K)
[146.588s][info][gc,heap        ] GC(502) Tenured: 85002K(2796224K)->85002K(2796224K)
[146.588s][info][gc,metaspace   ] GC(502) Metaspace: 11779K(12032K)->11779K(12032K) NonClass: 10239K(10368K)->10239K(10368K) Class: 1540K(1664K)->1540K(1664K)
[146.588s][info][gc             ] GC(502) Pause Young (Allocation Failure) 1177M->83M(3959M) 1.050ms
[146.589s][info][gc,cpu         ] GC(502) User=0.00s Sys=0.00s Real=0.00s
[146.862s][info][gc,start       ] GC(503) Pause Young (Allocation Failure)
[146.864s][info][gc,heap        ] GC(503) DefNew: 1119429K(1258304K)->1801K(1258304K) Eden: 1118528K(1118528K)->0K(1118528K) From: 901K(139776K)->1801K(139776K)
[146.864s][info][gc,heap        ] GC(503) Tenured: 85002K(2796224K)->85002K(2796224K)
[146.864s][info][gc,metaspace   ] GC(503) Metaspace: 11779K(12032K)->11779K(12032K) NonClass: 10239K(10368K)->10239K(10368K) Class: 1540K(1664K)->1540K(1664K)
[146.864s][info][gc             ] GC(503) Pause Young (Allocation Failure) 1176M->84M(3959M) 1.641ms
[146.864s][info][gc,cpu         ] GC(503) User=0.00s Sys=0.00s Real=0.00s
[147.134s][info][gc,start       ] GC(504) Pause Young (Allocation Failure)
[147.137s][info][gc,heap        ] GC(504) DefNew: 1120249K(1258304K)->2791K(1258304K) Eden: 1118448K(1118528K)->0K(1118528K) From: 1801K(139776K)->2791K(139776K)
[147.137s][info][gc,heap        ] GC(504) Tenured: 85002K(2796224K)->85002K(2796224K)
[147.137s][info][gc,metaspace   ] GC(504) Metaspace: 11779K(12032K)->11779K(12032K) NonClass: 10239K(10368K)->10239K(10368K) Class: 1540K(1664K)->1540K(1664K)
[147.137s][info][gc             ] GC(504) Pause Young (Allocation Failure) 1177M->85M(3959M) 2.328ms
[147.137s][info][gc,cpu         ] GC(504) User=0.00s Sys=0.00s Real=0.00s
[147.409s][info][gc,start       ] GC(505) Pause Young (Allocation Failure)
[147.410s][info][gc,heap        ] GC(505) DefNew: 1121319K(1258304K)->416K(1258304K) Eden: 1118528K(1118528K)->0K(1118528K) From: 2791K(139776K)->416K(139776K)
[147.410s][info][gc,heap        ] GC(505) Tenured: 85002K(2796224K)->85002K(2796224K)
[147.410s][info][gc,metaspace   ] GC(505) Metaspace: 11779K(12032K)->11779K(12032K) NonClass: 10239K(10368K)->10239K(10368K) Class: 1540K(1664K)->1540K(1664K)
[147.410s][info][gc             ] GC(505) Pause Young (Allocation Failure) 1178M->83M(3959M) 0.686ms
[147.410s][info][gc,cpu         ] GC(505) User=0.00s Sys=0.00s Real=0.00s
[147.677s][info][gc,start       ] GC(506) Pause Full (System.gc())
[147.677s][info][gc,phases,start] GC(506) Phase 1: Mark live objects
[147.721s][info][gc,phases      ] GC(506) Phase 1: Mark live objects 44.164ms
[147.721s][info][gc,phases,start] GC(506) Phase 2: Compute new object addresses
[147.805s][info][gc,phases      ] GC(506) Phase 2: Compute new object addresses 83.955ms
[147.805s][info][gc,phases,start] GC(506) Phase 3: Adjust pointers
[147.828s][info][gc,phases      ] GC(506) Phase 3: Adjust pointers 22.798ms
[147.828s][info][gc,phases,start] GC(506) Phase 4: Move objects
[147.828s][info][gc,phases      ] GC(506) Phase 4: Move objects 0.011ms
[147.828s][info][gc,heap        ] GC(506) DefNew: 1104224K(1258304K)->0K(1258304K) Eden: 1103808K(1118528K)->0K(1118528K) From: 416K(139776K)->0K(139776K)
[147.828s][info][gc,heap        ] GC(506) Tenured: 85002K(2796224K)->85003K(2796224K)
[147.828s][info][gc,metaspace   ] GC(506) Metaspace: 11779K(12032K)->11779K(12032K) NonClass: 10239K(10368K)->10239K(10368K) Class: 1540K(1664K)->1540K(1664K)
[147.828s][info][gc             ] GC(506) Pause Full (System.gc()) 1161M->83M(3959M) 151.220ms
[147.828s][info][gc,cpu         ] GC(506) User=0.16s Sys=0.00s Real=0.15s
[148.107s][info][gc,start       ] GC(507) Pause Young (Allocation Failure)
[148.108s][info][gc,heap        ] GC(507) DefNew: 1118528K(1258304K)->861K(1258304K) Eden: 1118528K(1118528K)->0K(1118528K) From: 0K(139776K)->861K(139776K)
[148.108s][info][gc,heap        ] GC(507) Tenured: 85003K(2796224K)->85003K(2796224K)
[148.108s][info][gc,metaspace   ] GC(507) Metaspace: 11779K(12032K)->11779K(12032K) NonClass: 10239K(10368K)->10239K(10368K) Class: 1540K(1664K)->1540K(1664K)
[148.108s][info][gc             ] GC(507) Pause Young (Allocation Failure) 1175M->83M(3959M) 0.934ms
[148.108s][info][gc,cpu         ] GC(507) User=0.00s Sys=0.00s Real=0.00s
[148.377s][info][gc,start       ] GC(508) Pause Young (Allocation Failure)
[148.378s][info][gc,heap        ] GC(508) DefNew: 1119389K(1258304K)->1841K(1258304K) Eden: 1118528K(1118528K)->0K(1118528K) From: 861K(139776K)->1841K(139776K)
[148.378s][info][gc,heap        ] GC(508) Tenured: 85003K(2796224K)->85003K(2796224K)
[148.378s][info][gc,metaspace   ] GC(508) Metaspace: 11779K(12032K)->11779K(12032K) NonClass: 10239K(10368K)->10239K(10368K) Class: 1540K(1664K)->1540K(1664K)
[148.378s][info][gc             ] GC(508) Pause Young (Allocation Failure) 1176M->84M(3959M) 1.650ms
[148.378s][info][gc,cpu         ] GC(508) User=0.00s Sys=0.00s Real=0.00s
[148.649s][info][gc,start       ] GC(509) Pause Young (Allocation Failure)
[148.651s][info][gc,heap        ] GC(509) DefNew: 1120369K(1258304K)->2323K(1258304K) Eden: 1118528K(1118528K)->0K(1118528K) From: 1841K(139776K)->2323K(139776K)
[148.651s][info][gc,heap        ] GC(509) Tenured: 85003K(2796224K)->85003K(2796224K)
[148.651s][info][gc,metaspace   ] GC(509) Metaspace: 11779K(12032K)->11779K(12032K) NonClass: 10239K(10368K)->10239K(10368K) Class: 1540K(1664K)->1540K(1664K)
[148.651s][info][gc             ] GC(509) Pause Young (Allocation Failure) 1177M->85M(3959M) 2.021ms
[148.651s][info][gc,cpu         ] GC(509) User=0.00s Sys=0.00s Real=0.00s
[148.931s][info][gc,start       ] GC(510) Pause Young (Allocation Failure)
[148.931s][info][gc,heap        ] GC(510) DefNew: 1120851K(1258304K)->429K(1258304K) Eden: 1118528K(1118528K)->0K(1118528K) From: 2323K(139776K)->429K(139776K)
[148.931s][info][gc,heap        ] GC(510) Tenured: 85003K(2796224K)->85003K(2796224K)
[148.931s][info][gc,metaspace   ] GC(510) Metaspace: 11779K(12032K)->11779K(12032K) NonClass: 10239K(10368K)->10239K(10368K) Class: 1540K(1664K)->1540K(1664K)
[148.931s][info][gc             ] GC(510) Pause Young (Allocation Failure) 1177M->83M(3959M) 0.666ms
[148.931s][info][gc,cpu         ] GC(510) User=0.00s Sys=0.00s Real=0.00s
[149.203s][info][gc,start       ] GC(511) Pause Young (Allocation Failure)
[149.204s][info][gc,heap        ] GC(511) DefNew: 1118957K(1258304K)->1203K(1258304K) Eden: 1118528K(1118528K)->0K(1118528K) From: 429K(139776K)->1203K(139776K)
[149.204s][info][gc,heap        ] GC(511) Tenured: 85003K(2796224K)->85003K(2796224K)
[149.204s][info][gc,metaspace   ] GC(511) Metaspace: 11779K(12032K)->11779K(12032K) NonClass: 10239K(10368K)->10239K(10368K) Class: 1540K(1664K)->1540K(1664K)
[149.204s][info][gc             ] GC(511) Pause Young (Allocation Failure) 1175M->84M(3959M) 1.207ms
[149.204s][info][gc,cpu         ] GC(511) User=0.00s Sys=0.00s Real=0.00s
[149.472s][info][gc,start       ] GC(512) Pause Young (Allocation Failure)
[149.474s][info][gc,heap        ] GC(512) DefNew: 1119731K(1258304K)->1892K(1258304K) Eden: 1118528K(1118528K)->0K(1118528K) From: 1203K(139776K)->1892K(139776K)
[149.474s][info][gc,heap        ] GC(512) Tenured: 85003K(2796224K)->85003K(2796224K)
[149.474s][info][gc,metaspace   ] GC(512) Metaspace: 11779K(12032K)->11779K(12032K) NonClass: 10239K(10368K)->10239K(10368K) Class: 1540K(1664K)->1540K(1664K)
[149.474s][info][gc             ] GC(512) Pause Young (Allocation Failure) 1176M->84M(3959M) 1.637ms
[149.474s][info][gc,cpu         ] GC(512) User=0.00s Sys=0.00s Real=0.00s
[149.743s][info][gc,start       ] GC(513) Pause Young (Allocation Failure)
[149.745s][info][gc,heap        ] GC(513) DefNew: 1120420K(1258304K)->3080K(1258304K) Eden: 1118528K(1118528K)->0K(1118528K) From: 1892K(139776K)->3080K(139776K)
[149.745s][info][gc,heap        ] GC(513) Tenured: 85003K(2796224K)->85003K(2796224K)
[149.745s][info][gc,metaspace   ] GC(513) Metaspace: 11779K(12032K)->11779K(12032K) NonClass: 10239K(10368K)->10239K(10368K) Class: 1540K(1664K)->1540K(1664K)
[149.745s][info][gc             ] GC(513) Pause Young (Allocation Failure) 1177M->86M(3959M) 2.550ms
[149.745s][info][gc,cpu         ] GC(513) User=0.00s Sys=0.00s Real=0.00s
[150.023s][info][gc,start       ] GC(514) Pause Young (Allocation Failure)
[150.024s][info][gc,heap        ] GC(514) DefNew: 1121608K(1258304K)->491K(1258304K) Eden: 1118528K(1118528K)->0K(1118528K) From: 3080K(139776K)->491K(139776K)
[150.024s][info][gc,heap        ] GC(514) Tenured: 85003K(2796224K)->85003K(2796224K)
[150.024s][info][gc,metaspace   ] GC(514) Metaspace: 11779K(12032K)->11779K(12032K) NonClass: 10239K(10368K)->10239K(10368K) Class: 1540K(1664K)->1540K(1664K)
[150.024s][info][gc             ] GC(514) Pause Young (Allocation Failure) 1178M->83M(3959M) 0.704ms
[150.024s][info][gc,cpu         ] GC(514) User=0.00s Sys=0.00s Real=0.00s
[150.291s][info][gc,start       ] GC(515) Pause Full (System.gc())
[150.291s][info][gc,phases,start] GC(515) Phase 1: Mark live objects
[150.335s][info][gc,phases      ] GC(515) Phase 1: Mark live objects 44.359ms
[150.335s][info][gc,phases,start] GC(515) Phase 2: Compute new object addresses
[150.419s][info][gc,phases      ] GC(515) Phase 2: Compute new object addresses 83.587ms
[150.419s][info][gc,phases,start] GC(515) Phase 3: Adjust pointers
[150.441s][info][gc,phases      ] GC(515) Phase 3: Adjust pointers 22.277ms
[150.441s][info][gc,phases,start] GC(515) Phase 4: Move objects
[150.441s][info][gc,phases      ] GC(515) Phase 4: Move objects 0.011ms
[150.441s][info][gc,heap        ] GC(515) DefNew: 1106025K(1258304K)->0K(1258304K) Eden: 1105534K(1118528K)->0K(1118528K) From: 491K(139776K)->0K(139776K)
[150.442s][info][gc,heap        ] GC(515) Tenured: 85003K(2796224K)->85003K(2796224K)
[150.442s][info][gc,metaspace   ] GC(515) Metaspace: 11779K(12032K)->11779K(12032K) NonClass: 10239K(10368K)->10239K(10368K) Class: 1540K(1664K)->1540K(1664K)
[150.442s][info][gc             ] GC(515) Pause Full (System.gc()) 1163M->83M(3959M) 150.578ms
[150.442s][info][gc,cpu         ] GC(515) User=0.16s Sys=0.00s Real=0.15s
[150.718s][info][gc,start       ] GC(516) Pause Young (Allocation Failure)
[150.719s][info][gc,heap        ] GC(516) DefNew: 1118528K(1258304K)->831K(1258304K) Eden: 1118528K(1118528K)->0K(1118528K) From: 0K(139776K)->831K(139776K)
[150.719s][info][gc,heap        ] GC(516) Tenured: 85003K(2796224K)->85003K(2796224K)
[150.719s][info][gc,metaspace   ] GC(516) Metaspace: 11779K(12032K)->11779K(12032K) NonClass: 10239K(10368K)->10239K(10368K) Class: 1540K(1664K)->1540K(1664K)
[150.719s][info][gc             ] GC(516) Pause Young (Allocation Failure) 1175M->83M(3959M) 0.955ms
[150.719s][info][gc,cpu         ] GC(516) User=0.00s Sys=0.00s Real=0.00s
[150.993s][info][gc,start       ] GC(517) Pause Young (Allocation Failure)
[150.995s][info][gc,heap        ] GC(517) DefNew: 1119359K(1258304K)->1744K(1258304K) Eden: 1118528K(1118528K)->0K(1118528K) From: 831K(139776K)->1744K(139776K)
[150.995s][info][gc,heap        ] GC(517) Tenured: 85003K(2796224K)->85003K(2796224K)
[150.995s][info][gc,metaspace   ] GC(517) Metaspace: 11779K(12032K)->11779K(12032K) NonClass: 10239K(10368K)->10239K(10368K) Class: 1540K(1664K)->1540K(1664K)
[150.995s][info][gc             ] GC(517) Pause Young (Allocation Failure) 1176M->84M(3959M) 1.614ms
[150.995s][info][gc,cpu         ] GC(517) User=0.00s Sys=0.00s Real=0.00s
[151.265s][info][gc,start       ] GC(518) Pause Young (Allocation Failure)
[151.268s][info][gc,heap        ] GC(518) DefNew: 1120272K(1258304K)->2838K(1258304K) Eden: 1118528K(1118528K)->0K(1118528K) From: 1744K(139776K)->2838K(139776K)
[151.268s][info][gc,heap        ] GC(518) Tenured: 85003K(2796224K)->85003K(2796224K)
[151.268s][info][gc,metaspace   ] GC(518) Metaspace: 11779K(12032K)->11779K(12032K) NonClass: 10239K(10368K)->10239K(10368K) Class: 1540K(1664K)->1540K(1664K)
[151.268s][info][gc             ] GC(518) Pause Young (Allocation Failure) 1177M->85M(3959M) 2.351ms
[151.268s][info][gc,cpu         ] GC(518) User=0.00s Sys=0.00s Real=0.00s
[151.541s][info][gc,start       ] GC(519) Pause Young (Allocation Failure)
[151.541s][info][gc,heap        ] GC(519) DefNew: 1121366K(1258304K)->346K(1258304K) Eden: 1118528K(1118528K)->0K(1118528K) From: 2838K(139776K)->346K(139776K)
[151.541s][info][gc,heap        ] GC(519) Tenured: 85003K(2796224K)->85003K(2796224K)
[151.541s][info][gc,metaspace   ] GC(519) Metaspace: 11779K(12032K)->11779K(12032K) NonClass: 10239K(10368K)->10239K(10368K) Class: 1540K(1664K)->1540K(1664K)
[151.541s][info][gc             ] GC(519) Pause Young (Allocation Failure) 1178M->83M(3959M) 0.606ms
[151.541s][info][gc,cpu         ] GC(519) User=0.00s Sys=0.00s Real=0.00s
[151.812s][info][gc,start       ] GC(520) Pause Young (Allocation Failure)
[151.813s][info][gc,heap        ] GC(520) DefNew: 1118874K(1258304K)->1441K(1258304K) Eden: 1118528K(1118528K)->0K(1118528K) From: 346K(139776K)->1441K(139776K)
[151.814s][info][gc,heap        ] GC(520) Tenured: 85003K(2796224K)->85003K(2796224K)
[151.814s][info][gc,metaspace   ] GC(520) Metaspace: 11780K(12032K)->11780K(12032K) NonClass: 10240K(10368K)->10240K(10368K) Class: 1540K(1664K)->1540K(1664K)
[151.814s][info][gc             ] GC(520) Pause Young (Allocation Failure) 1175M->84M(3959M) 1.341ms
[151.814s][info][gc,cpu         ] GC(520) User=0.00s Sys=0.00s Real=0.00s
[152.095s][info][gc,start       ] GC(521) Pause Young (Allocation Failure)
[152.096s][info][gc,heap        ] GC(521) DefNew: 1119969K(1258304K)->2034K(1258304K) Eden: 1118528K(1118528K)->0K(1118528K) From: 1441K(139776K)->2034K(139776K)
[152.096s][info][gc,heap        ] GC(521) Tenured: 85003K(2796224K)->85003K(2796224K)
[152.096s][info][gc,metaspace   ] GC(521) Metaspace: 11780K(12032K)->11780K(12032K) NonClass: 10240K(10368K)->10240K(10368K) Class: 1540K(1664K)->1540K(1664K)
[152.097s][info][gc             ] GC(521) Pause Young (Allocation Failure) 1176M->84M(3959M) 1.774ms
[152.097s][info][gc,cpu         ] GC(521) User=0.00s Sys=0.00s Real=0.00s
[152.371s][info][gc,start       ] GC(522) Pause Young (Allocation Failure)
[152.371s][info][gc,heap        ] GC(522) DefNew: 1120562K(1258304K)->54K(1258304K) Eden: 1118528K(1118528K)->0K(1118528K) From: 2034K(139776K)->54K(139776K)
[152.371s][info][gc,heap        ] GC(522) Tenured: 85003K(2796224K)->85003K(2796224K)
[152.371s][info][gc,metaspace   ] GC(522) Metaspace: 11780K(12032K)->11780K(12032K) NonClass: 10240K(10368K)->10240K(10368K) Class: 1540K(1664K)->1540K(1664K)
[152.371s][info][gc             ] GC(522) Pause Young (Allocation Failure) 1177M->83M(3959M) 0.417ms
[152.371s][info][gc,cpu         ] GC(522) User=0.00s Sys=0.00s Real=0.00s
[152.641s][info][gc,start       ] GC(523) Pause Young (Allocation Failure)
[152.642s][info][gc,heap        ] GC(523) DefNew: 1118582K(1258304K)->863K(1258304K) Eden: 1118528K(1118528K)->0K(1118528K) From: 54K(139776K)->863K(139776K)
[152.642s][info][gc,heap        ] GC(523) Tenured: 85003K(2796224K)->85003K(2796224K)
[152.642s][info][gc,metaspace   ] GC(523) Metaspace: 11780K(12032K)->11780K(12032K) NonClass: 10240K(10368K)->10240K(10368K) Class: 1540K(1664K)->1540K(1664K)
[152.642s][info][gc             ] GC(523) Pause Young (Allocation Failure) 1175M->83M(3959M) 0.968ms
[152.642s][info][gc,cpu         ] GC(523) User=0.00s Sys=0.00s Real=0.00s
[152.914s][info][gc,start       ] GC(524) Pause Full (System.gc())
[152.914s][info][gc,phases,start] GC(524) Phase 1: Mark live objects
[152.958s][info][gc,phases      ] GC(524) Phase 1: Mark live objects 44.485ms
[152.958s][info][gc,phases,start] GC(524) Phase 2: Compute new object addresses
[153.042s][info][gc,phases      ] GC(524) Phase 2: Compute new object addresses 83.336ms
[153.042s][info][gc,phases,start] GC(524) Phase 3: Adjust pointers
[153.064s][info][gc,phases      ] GC(524) Phase 3: Adjust pointers 22.450ms
[153.064s][info][gc,phases,start] GC(524) Phase 4: Move objects
[153.064s][info][gc,phases      ] GC(524) Phase 4: Move objects 0.010ms
[153.064s][info][gc,heap        ] GC(524) DefNew: 1090518K(1258304K)->0K(1258304K) Eden: 1089654K(1118528K)->0K(1118528K) From: 863K(139776K)->0K(139776K)
[153.064s][info][gc,heap        ] GC(524) Tenured: 85003K(2796224K)->85003K(2796224K)
[153.064s][info][gc,metaspace   ] GC(524) Metaspace: 11780K(12032K)->11780K(12032K) NonClass: 10240K(10368K)->10240K(10368K) Class: 1540K(1664K)->1540K(1664K)
[153.064s][info][gc             ] GC(524) Pause Full (System.gc()) 1147M->83M(3959M) 150.583ms
[153.064s][info][gc,cpu         ] GC(524) User=0.16s Sys=0.00s Real=0.15s
[153.340s][info][gc,start       ] GC(525) Pause Young (Allocation Failure)
[153.341s][info][gc,heap        ] GC(525) DefNew: 1118528K(1258304K)->899K(1258304K) Eden: 1118528K(1118528K)->0K(1118528K) From: 0K(139776K)->899K(139776K)
[153.341s][info][gc,heap        ] GC(525) Tenured: 85003K(2796224K)->85003K(2796224K)
[153.341s][info][gc,metaspace   ] GC(525) Metaspace: 11780K(12032K)->11780K(12032K) NonClass: 10240K(10368K)->10240K(10368K) Class: 1540K(1664K)->1540K(1664K)
[153.341s][info][gc             ] GC(525) Pause Young (Allocation Failure) 1175M->83M(3959M) 0.979ms
[153.341s][info][gc,cpu         ] GC(525) User=0.00s Sys=0.00s Real=0.00s
[153.610s][info][gc,start       ] GC(526) Pause Young (Allocation Failure)
[153.612s][info][gc,heap        ] GC(526) DefNew: 1119427K(1258304K)->1931K(1258304K) Eden: 1118528K(1118528K)->0K(1118528K) From: 899K(139776K)->1931K(139776K)
[153.612s][info][gc,heap        ] GC(526) Tenured: 85003K(2796224K)->85003K(2796224K)
[153.612s][info][gc,metaspace   ] GC(526) Metaspace: 11780K(12032K)->11780K(12032K) NonClass: 10240K(10368K)->10240K(10368K) Class: 1540K(1664K)->1540K(1664K)
[153.612s][info][gc             ] GC(526) Pause Young (Allocation Failure) 1176M->84M(3959M) 1.695ms
[153.612s][info][gc,cpu         ] GC(526) User=0.00s Sys=0.00s Real=0.00s
[153.887s][info][gc,start       ] GC(527) Pause Young (Allocation Failure)
[153.889s][info][gc,heap        ] GC(527) DefNew: 1120459K(1258304K)->2152K(1258304K) Eden: 1118528K(1118528K)->0K(1118528K) From: 1931K(139776K)->2152K(139776K)
[153.889s][info][gc,heap        ] GC(527) Tenured: 85003K(2796224K)->85003K(2796224K)
[153.889s][info][gc,metaspace   ] GC(527) Metaspace: 11780K(12032K)->11780K(12032K) NonClass: 10240K(10368K)->10240K(10368K) Class: 1540K(1664K)->1540K(1664K)
[153.889s][info][gc             ] GC(527) Pause Young (Allocation Failure) 1177M->85M(3959M) 1.942ms
[153.889s][info][gc,cpu         ] GC(527) User=0.02s Sys=0.00s Real=0.00s
[154.163s][info][gc,start       ] GC(528) Pause Young (Allocation Failure)
[154.164s][info][gc,heap        ] GC(528) DefNew: 1120680K(1258304K)->906K(1258304K) Eden: 1118528K(1118528K)->0K(1118528K) From: 2152K(139776K)->906K(139776K)
[154.164s][info][gc,heap        ] GC(528) Tenured: 85003K(2796224K)->85003K(2796224K)
[154.164s][info][gc,metaspace   ] GC(528) Metaspace: 11780K(12032K)->11780K(12032K) NonClass: 10240K(10368K)->10240K(10368K) Class: 1540K(1664K)->1540K(1664K)
[154.164s][info][gc             ] GC(528) Pause Young (Allocation Failure) 1177M->83M(3959M) 1.003ms
[154.164s][info][gc,cpu         ] GC(528) User=0.00s Sys=0.00s Real=0.00s
[154.435s][info][gc,start       ] GC(529) Pause Young (Allocation Failure)
[154.437s][info][gc,heap        ] GC(529) DefNew: 1119434K(1258304K)->2008K(1258304K) Eden: 1118528K(1118528K)->0K(1118528K) From: 906K(139776K)->2008K(139776K)
[154.437s][info][gc,heap        ] GC(529) Tenured: 85003K(2796224K)->85003K(2796224K)
[154.437s][info][gc,metaspace   ] GC(529) Metaspace: 11780K(12032K)->11780K(12032K) NonClass: 10240K(10368K)->10240K(10368K) Class: 1540K(1664K)->1540K(1664K)
[154.437s][info][gc             ] GC(529) Pause Young (Allocation Failure) 1176M->84M(3959M) 1.785ms
[154.437s][info][gc,cpu         ] GC(529) User=0.00s Sys=0.00s Real=0.00s
[154.706s][info][gc,start       ] GC(530) Pause Young (Allocation Failure)
[154.710s][info][gc,heap        ] GC(530) DefNew: 1120536K(1258304K)->2836K(1258304K) Eden: 1118528K(1118528K)->0K(1118528K) From: 2008K(139776K)->2836K(139776K)
[154.710s][info][gc,heap        ] GC(530) Tenured: 85003K(2796224K)->85003K(2796224K)
[154.710s][info][gc,metaspace   ] GC(530) Metaspace: 11780K(12032K)->11780K(12032K) NonClass: 10240K(10368K)->10240K(10368K) Class: 1540K(1664K)->1540K(1664K)
[154.710s][info][gc             ] GC(530) Pause Young (Allocation Failure) 1177M->85M(3959M) 4.308ms
[154.710s][info][gc,cpu         ] GC(530) User=0.00s Sys=0.00s Real=0.00s
[154.990s][info][gc,start       ] GC(531) Pause Young (Allocation Failure)
[154.990s][info][gc,heap        ] GC(531) DefNew: 1121364K(1258304K)->500K(1258304K) Eden: 1118528K(1118528K)->0K(1118528K) From: 2836K(139776K)->500K(139776K)
[154.990s][info][gc,heap        ] GC(531) Tenured: 85003K(2796224K)->85003K(2796224K)
[154.990s][info][gc,metaspace   ] GC(531) Metaspace: 11780K(12032K)->11780K(12032K) NonClass: 10240K(10368K)->10240K(10368K) Class: 1540K(1664K)->1540K(1664K)
[154.990s][info][gc             ] GC(531) Pause Young (Allocation Failure) 1178M->83M(3959M) 0.729ms
[154.990s][info][gc,cpu         ] GC(531) User=0.00s Sys=0.00s Real=0.00s
[155.261s][info][gc,start       ] GC(532) Pause Young (Allocation Failure)
[155.262s][info][gc,heap        ] GC(532) DefNew: 1119028K(1258304K)->1387K(1258304K) Eden: 1118528K(1118528K)->0K(1118528K) From: 500K(139776K)->1387K(139776K)
[155.262s][info][gc,heap        ] GC(532) Tenured: 85003K(2796224K)->85003K(2796224K)
[155.262s][info][gc,metaspace   ] GC(532) Metaspace: 11780K(12032K)->11780K(12032K) NonClass: 10240K(10368K)->10240K(10368K) Class: 1540K(1664K)->1540K(1664K)
[155.262s][info][gc             ] GC(532) Pause Young (Allocation Failure) 1175M->84M(3959M) 1.303ms
[155.262s][info][gc,cpu         ] GC(532) User=0.00s Sys=0.00s Real=0.00s
[155.526s][info][gc,start       ] GC(533) Pause Full (System.gc())
[155.526s][info][gc,phases,start] GC(533) Phase 1: Mark live objects
[155.570s][info][gc,phases      ] GC(533) Phase 1: Mark live objects 44.491ms
[155.570s][info][gc,phases,start] GC(533) Phase 2: Compute new object addresses
[155.653s][info][gc,phases      ] GC(533) Phase 2: Compute new object addresses 82.681ms
[155.653s][info][gc,phases,start] GC(533) Phase 3: Adjust pointers
[155.676s][info][gc,phases      ] GC(533) Phase 3: Adjust pointers 22.442ms
[155.676s][info][gc,phases,start] GC(533) Phase 4: Move objects
[155.676s][info][gc,phases      ] GC(533) Phase 4: Move objects 0.010ms
[155.676s][info][gc,heap        ] GC(533) DefNew: 1090142K(1258304K)->0K(1258304K) Eden: 1088754K(1118528K)->0K(1118528K) From: 1387K(139776K)->0K(139776K)
[155.676s][info][gc,heap        ] GC(533) Tenured: 85003K(2796224K)->85003K(2796224K)
[155.676s][info][gc,metaspace   ] GC(533) Metaspace: 11780K(12032K)->11780K(12032K) NonClass: 10240K(10368K)->10240K(10368K) Class: 1540K(1664K)->1540K(1664K)
[155.676s][info][gc             ] GC(533) Pause Full (System.gc()) 1147M->83M(3959M) 149.930ms
[155.676s][info][gc,cpu         ] GC(533) User=0.16s Sys=0.00s Real=0.15s
[155.959s][info][gc,start       ] GC(534) Pause Young (Allocation Failure)
[155.960s][info][gc,heap        ] GC(534) DefNew: 1118528K(1258304K)->954K(1258304K) Eden: 1118528K(1118528K)->0K(1118528K) From: 0K(139776K)->954K(139776K)
[155.960s][info][gc,heap        ] GC(534) Tenured: 85003K(2796224K)->85003K(2796224K)
[155.960s][info][gc,metaspace   ] GC(534) Metaspace: 11781K(12032K)->11781K(12032K) NonClass: 10241K(10368K)->10241K(10368K) Class: 1540K(1664K)->1540K(1664K)
[155.960s][info][gc             ] GC(534) Pause Young (Allocation Failure) 1175M->83M(3959M) 1.026ms
[155.960s][info][gc,cpu         ] GC(534) User=0.00s Sys=0.00s Real=0.00s
[156.230s][info][gc,start       ] GC(535) Pause Young (Allocation Failure)
[156.232s][info][gc,heap        ] GC(535) DefNew: 1119482K(1258304K)->1886K(1258304K) Eden: 1118528K(1118528K)->0K(1118528K) From: 954K(139776K)->1886K(139776K)
[156.232s][info][gc,heap        ] GC(535) Tenured: 85003K(2796224K)->85003K(2796224K)
[156.232s][info][gc,metaspace   ] GC(535) Metaspace: 11781K(12032K)->11781K(12032K) NonClass: 10241K(10368K)->10241K(10368K) Class: 1540K(1664K)->1540K(1664K)
[156.232s][info][gc             ] GC(535) Pause Young (Allocation Failure) 1176M->84M(3959M) 1.663ms
[156.232s][info][gc,cpu         ] GC(535) User=0.00s Sys=0.00s Real=0.00s
[156.501s][info][gc,start       ] GC(536) Pause Young (Allocation Failure)
[156.503s][info][gc,heap        ] GC(536) DefNew: 1120357K(1258304K)->2739K(1258304K) Eden: 1118470K(1118528K)->0K(1118528K) From: 1886K(139776K)->2739K(139776K)
[156.503s][info][gc,heap        ] GC(536) Tenured: 85003K(2796224K)->85003K(2796224K)
[156.503s][info][gc,metaspace   ] GC(536) Metaspace: 11781K(12032K)->11781K(12032K) NonClass: 10241K(10368K)->10241K(10368K) Class: 1540K(1664K)->1540K(1664K)
[156.503s][info][gc             ] GC(536) Pause Young (Allocation Failure) 1177M->85M(3959M) 2.248ms
[156.503s][info][gc,cpu         ] GC(536) User=0.00s Sys=0.00s Real=0.00s
[156.776s][info][gc,start       ] GC(537) Pause Young (Allocation Failure)
[156.777s][info][gc,heap        ] GC(537) DefNew: 1121267K(1258304K)->694K(1258304K) Eden: 1118528K(1118528K)->0K(1118528K) From: 2739K(139776K)->694K(139776K)
[156.777s][info][gc,heap        ] GC(537) Tenured: 85003K(2796224K)->85003K(2796224K)
[156.777s][info][gc,metaspace   ] GC(537) Metaspace: 11781K(12032K)->11781K(12032K) NonClass: 10241K(10368K)->10241K(10368K) Class: 1540K(1664K)->1540K(1664K)
[156.777s][info][gc             ] GC(537) Pause Young (Allocation Failure) 1177M->83M(3959M) 0.838ms
[156.777s][info][gc,cpu         ] GC(537) User=0.00s Sys=0.00s Real=0.00s
[157.053s][info][gc,start       ] GC(538) Pause Young (Allocation Failure)
[157.054s][info][gc,heap        ] GC(538) DefNew: 1119222K(1258304K)->1332K(1258304K) Eden: 1118528K(1118528K)->0K(1118528K) From: 694K(139776K)->1332K(139776K)
[157.054s][info][gc,heap        ] GC(538) Tenured: 85003K(2796224K)->85003K(2796224K)
[157.054s][info][gc,metaspace   ] GC(538) Metaspace: 11781K(12032K)->11781K(12032K) NonClass: 10241K(10368K)->10241K(10368K) Class: 1540K(1664K)->1540K(1664K)
[157.054s][info][gc             ] GC(538) Pause Young (Allocation Failure) 1176M->84M(3959M) 1.249ms
[157.054s][info][gc,cpu         ] GC(538) User=0.00s Sys=0.00s Real=0.00s
[157.324s][info][gc,start       ] GC(539) Pause Young (Allocation Failure)
[157.325s][info][gc,heap        ] GC(539) DefNew: 1119860K(1258304K)->1803K(1258304K) Eden: 1118528K(1118528K)->0K(1118528K) From: 1332K(139776K)->1803K(139776K)
[157.325s][info][gc,heap        ] GC(539) Tenured: 85003K(2796224K)->85003K(2796224K)
[157.325s][info][gc,metaspace   ] GC(539) Metaspace: 11781K(12032K)->11781K(12032K) NonClass: 10241K(10368K)->10241K(10368K) Class: 1540K(1664K)->1540K(1664K)
[157.325s][info][gc             ] GC(539) Pause Young (Allocation Failure) 1176M->84M(3959M) 1.610ms
[157.325s][info][gc,cpu         ] GC(539) User=0.00s Sys=0.00s Real=0.00s
[157.595s][info][gc,start       ] GC(540) Pause Young (Allocation Failure)
[157.597s][info][gc,heap        ] GC(540) DefNew: 1120331K(1258304K)->2540K(1258304K) Eden: 1118528K(1118528K)->0K(1118528K) From: 1803K(139776K)->2540K(139776K)
[157.597s][info][gc,heap        ] GC(540) Tenured: 85003K(2796224K)->85003K(2796224K)
[157.597s][info][gc,metaspace   ] GC(540) Metaspace: 11781K(12032K)->11781K(12032K) NonClass: 10241K(10368K)->10241K(10368K) Class: 1540K(1664K)->1540K(1664K)
[157.597s][info][gc             ] GC(540) Pause Young (Allocation Failure) 1177M->85M(3959M) 2.102ms
[157.597s][info][gc,cpu         ] GC(540) User=0.00s Sys=0.00s Real=0.00s
[157.874s][info][gc,start       ] GC(541) Pause Young (Allocation Failure)
[157.875s][info][gc,heap        ] GC(541) DefNew: 1121068K(1258304K)->846K(1258304K) Eden: 1118528K(1118528K)->0K(1118528K) From: 2540K(139776K)->846K(139776K)
[157.875s][info][gc,heap        ] GC(541) Tenured: 85003K(2796224K)->85003K(2796224K)
[157.875s][info][gc,metaspace   ] GC(541) Metaspace: 11781K(12032K)->11781K(12032K) NonClass: 10241K(10368K)->10241K(10368K) Class: 1540K(1664K)->1540K(1664K)
[157.875s][info][gc             ] GC(541) Pause Young (Allocation Failure) 1177M->83M(3959M) 0.917ms
[157.875s][info][gc,cpu         ] GC(541) User=0.00s Sys=0.00s Real=0.00s
[158.144s][info][gc,start       ] GC(542) Pause Full (System.gc())
[158.144s][info][gc,phases,start] GC(542) Phase 1: Mark live objects
[158.189s][info][gc,phases      ] GC(542) Phase 1: Mark live objects 44.901ms
[158.189s][info][gc,phases,start] GC(542) Phase 2: Compute new object addresses
[158.272s][info][gc,phases      ] GC(542) Phase 2: Compute new object addresses 83.315ms
[158.272s][info][gc,phases,start] GC(542) Phase 3: Adjust pointers
[158.294s][info][gc,phases      ] GC(542) Phase 3: Adjust pointers 22.125ms
[158.294s][info][gc,phases,start] GC(542) Phase 4: Move objects
[158.294s][info][gc,phases      ] GC(542) Phase 4: Move objects 0.010ms
[158.294s][info][gc,heap        ] GC(542) DefNew: 1097100K(1258304K)->0K(1258304K) Eden: 1096254K(1118528K)->0K(1118528K) From: 846K(139776K)->0K(139776K)
[158.294s][info][gc,heap        ] GC(542) Tenured: 85003K(2796224K)->85003K(2796224K)
[158.294s][info][gc,metaspace   ] GC(542) Metaspace: 11781K(12032K)->11781K(12032K) NonClass: 10241K(10368K)->10241K(10368K) Class: 1540K(1664K)->1540K(1664K)
[158.294s][info][gc             ] GC(542) Pause Full (System.gc()) 1154M->83M(3959M) 150.652ms
[158.294s][info][gc,cpu         ] GC(542) User=0.14s Sys=0.02s Real=0.15s
[158.569s][info][gc,start       ] GC(543) Pause Young (Allocation Failure)
[158.570s][info][gc,heap        ] GC(543) DefNew: 1118528K(1258304K)->950K(1258304K) Eden: 1118528K(1118528K)->0K(1118528K) From: 0K(139776K)->950K(139776K)
[158.570s][info][gc,heap        ] GC(543) Tenured: 85003K(2796224K)->85003K(2796224K)
[158.570s][info][gc,metaspace   ] GC(543) Metaspace: 11781K(12032K)->11781K(12032K) NonClass: 10241K(10368K)->10241K(10368K) Class: 1540K(1664K)->1540K(1664K)
[158.570s][info][gc             ] GC(543) Pause Young (Allocation Failure) 1175M->83M(3959M) 1.054ms
[158.570s][info][gc,cpu         ] GC(543) User=0.00s Sys=0.00s Real=0.00s
[158.841s][info][gc,start       ] GC(544) Pause Young (Allocation Failure)
[158.842s][info][gc,heap        ] GC(544) DefNew: 1119478K(1258304K)->1510K(1258304K) Eden: 1118528K(1118528K)->0K(1118528K) From: 950K(139776K)->1510K(139776K)
[158.842s][info][gc,heap        ] GC(544) Tenured: 85003K(2796224K)->85003K(2796224K)
[158.842s][info][gc,metaspace   ] GC(544) Metaspace: 11781K(12032K)->11781K(12032K) NonClass: 10241K(10368K)->10241K(10368K) Class: 1540K(1664K)->1540K(1664K)
[158.842s][info][gc             ] GC(544) Pause Young (Allocation Failure) 1176M->84M(3959M) 1.645ms
[158.842s][info][gc,cpu         ] GC(544) User=0.02s Sys=0.00s Real=0.00s
[159.117s][info][gc,start       ] GC(545) Pause Young (Allocation Failure)
[159.120s][info][gc,heap        ] GC(545) DefNew: 1120038K(1258304K)->2594K(1258304K) Eden: 1118528K(1118528K)->0K(1118528K) From: 1510K(139776K)->2594K(139776K)
[159.120s][info][gc,heap        ] GC(545) Tenured: 85003K(2796224K)->85003K(2796224K)
[159.120s][info][gc,metaspace   ] GC(545) Metaspace: 11781K(12032K)->11781K(12032K) NonClass: 10241K(10368K)->10241K(10368K) Class: 1540K(1664K)->1540K(1664K)
[159.120s][info][gc             ] GC(545) Pause Young (Allocation Failure) 1176M->85M(3959M) 2.209ms
[159.120s][info][gc,cpu         ] GC(545) User=0.00s Sys=0.00s Real=0.00s
[159.393s][info][gc,start       ] GC(546) Pause Young (Allocation Failure)
[159.393s][info][gc,heap        ] GC(546) DefNew: 1121122K(1258304K)->225K(1258304K) Eden: 1118528K(1118528K)->0K(1118528K) From: 2594K(139776K)->225K(139776K)
[159.393s][info][gc,heap        ] GC(546) Tenured: 85003K(2796224K)->85003K(2796224K)
[159.393s][info][gc,metaspace   ] GC(546) Metaspace: 11781K(12032K)->11781K(12032K) NonClass: 10241K(10368K)->10241K(10368K) Class: 1540K(1664K)->1540K(1664K)
[159.393s][info][gc             ] GC(546) Pause Young (Allocation Failure) 1177M->83M(3959M) 0.513ms
[159.393s][info][gc,cpu         ] GC(546) User=0.00s Sys=0.00s Real=0.00s
[159.662s][info][gc,start       ] GC(547) Pause Young (Allocation Failure)
[159.663s][info][gc,heap        ] GC(547) DefNew: 1118753K(1258304K)->905K(1258304K) Eden: 1118528K(1118528K)->0K(1118528K) From: 225K(139776K)->905K(139776K)
[159.663s][info][gc,heap        ] GC(547) Tenured: 85003K(2796224K)->85003K(2796224K)
[159.663s][info][gc,metaspace   ] GC(547) Metaspace: 11781K(12032K)->11781K(12032K) NonClass: 10241K(10368K)->10241K(10368K) Class: 1540K(1664K)->1540K(1664K)
[159.663s][info][gc             ] GC(547) Pause Young (Allocation Failure) 1175M->83M(3959M) 0.987ms
[159.663s][info][gc,cpu         ] GC(547) User=0.00s Sys=0.00s Real=0.00s
[159.938s][info][gc,start       ] GC(548) Pause Young (Allocation Failure)
[159.940s][info][gc,heap        ] GC(548) DefNew: 1119433K(1258304K)->1914K(1258304K) Eden: 1118528K(1118528K)->0K(1118528K) From: 905K(139776K)->1914K(139776K)
[159.940s][info][gc,heap        ] GC(548) Tenured: 85003K(2796224K)->85003K(2796224K)
[159.940s][info][gc,metaspace   ] GC(548) Metaspace: 11781K(12032K)->11781K(12032K) NonClass: 10241K(10368K)->10241K(10368K) Class: 1540K(1664K)->1540K(1664K)
[159.940s][info][gc             ] GC(548) Pause Young (Allocation Failure) 1176M->84M(3959M) 1.714ms
[159.940s][info][gc,cpu         ] GC(548) User=0.00s Sys=0.00s Real=0.00s
[160.211s][info][gc,start       ] GC(549) Pause Young (Allocation Failure)
[160.214s][info][gc,heap        ] GC(549) DefNew: 1120308K(1258304K)->2592K(1258304K) Eden: 1118393K(1118528K)->0K(1118528K) From: 1914K(139776K)->2592K(139776K)
[160.214s][info][gc,heap        ] GC(549) Tenured: 85003K(2796224K)->85003K(2796224K)
[160.214s][info][gc,metaspace   ] GC(549) Metaspace: 11781K(12032K)->11781K(12032K) NonClass: 10241K(10368K)->10241K(10368K) Class: 1540K(1664K)->1540K(1664K)
[160.214s][info][gc             ] GC(549) Pause Young (Allocation Failure) 1177M->85M(3959M) 2.200ms
[160.214s][info][gc,cpu         ] GC(549) User=0.00s Sys=0.00s Real=0.00s
[160.486s][info][gc,start       ] GC(550) Pause Young (Allocation Failure)
[160.487s][info][gc,heap        ] GC(550) DefNew: 1121120K(1258304K)->420K(1258304K) Eden: 1118528K(1118528K)->0K(1118528K) From: 2592K(139776K)->420K(139776K)
[160.487s][info][gc,heap        ] GC(550) Tenured: 85003K(2796224K)->85003K(2796224K)
[160.487s][info][gc,metaspace   ] GC(550) Metaspace: 11781K(12032K)->11781K(12032K) NonClass: 10241K(10368K)->10241K(10368K) Class: 1540K(1664K)->1540K(1664K)
[160.487s][info][gc             ] GC(550) Pause Young (Allocation Failure) 1177M->83M(3959M) 0.675ms
[160.487s][info][gc,cpu         ] GC(550) User=0.00s Sys=0.00s Real=0.00s
[160.754s][info][gc,start       ] GC(551) Pause Full (System.gc())
[160.754s][info][gc,phases,start] GC(551) Phase 1: Mark live objects
[160.798s][info][gc,phases      ] GC(551) Phase 1: Mark live objects 44.478ms
[160.798s][info][gc,phases,start] GC(551) Phase 2: Compute new object addresses
[160.883s][info][gc,phases      ] GC(551) Phase 2: Compute new object addresses 84.558ms
[160.883s][info][gc,phases,start] GC(551) Phase 3: Adjust pointers
[160.905s][info][gc,phases      ] GC(551) Phase 3: Adjust pointers 22.368ms
[160.905s][info][gc,phases,start] GC(551) Phase 4: Move objects
[160.905s][info][gc,phases      ] GC(551) Phase 4: Move objects 0.010ms
[160.905s][info][gc,heap        ] GC(551) DefNew: 1096792K(1258304K)->0K(1258304K) Eden: 1096372K(1118528K)->0K(1118528K) From: 420K(139776K)->0K(139776K)
[160.905s][info][gc,heap        ] GC(551) Tenured: 85003K(2796224K)->85003K(2796224K)
[160.905s][info][gc,metaspace   ] GC(551) Metaspace: 11784K(12032K)->11784K(12032K) NonClass: 10244K(10368K)->10244K(10368K) Class: 1540K(1664K)->1540K(1664K)
[160.905s][info][gc             ] GC(551) Pause Full (System.gc()) 1154M->83M(3959M) 151.718ms
[160.905s][info][gc,cpu         ] GC(551) User=0.14s Sys=0.02s Real=0.15s
[161.184s][info][gc,start       ] GC(552) Pause Young (Allocation Failure)
[161.185s][info][gc,heap        ] GC(552) DefNew: 1118528K(1258304K)->1089K(1258304K) Eden: 1118528K(1118528K)->0K(1118528K) From: 0K(139776K)->1089K(139776K)
[161.185s][info][gc,heap        ] GC(552) Tenured: 85003K(2796224K)->85003K(2796224K)
[161.185s][info][gc,metaspace   ] GC(552) Metaspace: 11788K(12032K)->11788K(12032K) NonClass: 10248K(10368K)->10248K(10368K) Class: 1540K(1664K)->1540K(1664K)
[161.185s][info][gc             ] GC(552) Pause Young (Allocation Failure) 1175M->84M(3959M) 1.129ms
[161.185s][info][gc,cpu         ] GC(552) User=0.00s Sys=0.00s Real=0.00s
[161.455s][info][gc,start       ] GC(553) Pause Young (Allocation Failure)
[161.456s][info][gc,heap        ] GC(553) DefNew: 1119617K(1258304K)->1878K(1258304K) Eden: 1118528K(1118528K)->0K(1118528K) From: 1089K(139776K)->1878K(139776K)
[161.456s][info][gc,heap        ] GC(553) Tenured: 85003K(2796224K)->85003K(2796224K)
[161.456s][info][gc,metaspace   ] GC(553) Metaspace: 11788K(12032K)->11788K(12032K) NonClass: 10248K(10368K)->10248K(10368K) Class: 1540K(1664K)->1540K(1664K)
[161.456s][info][gc             ] GC(553) Pause Young (Allocation Failure) 1176M->84M(3959M) 1.658ms
[161.456s][info][gc,cpu         ] GC(553) User=0.00s Sys=0.00s Real=0.00s
[161.724s][info][gc,start       ] GC(554) Pause Young (Allocation Failure)
[161.726s][info][gc,heap        ] GC(554) DefNew: 1120406K(1258304K)->2617K(1258304K) Eden: 1118528K(1118528K)->0K(1118528K) From: 1878K(139776K)->2617K(139776K)
[161.726s][info][gc,heap        ] GC(554) Tenured: 85003K(2796224K)->85003K(2796224K)
[161.726s][info][gc,metaspace   ] GC(554) Metaspace: 11788K(12032K)->11788K(12032K) NonClass: 10248K(10368K)->10248K(10368K) Class: 1540K(1664K)->1540K(1664K)
[161.726s][info][gc             ] GC(554) Pause Young (Allocation Failure) 1177M->85M(3959M) 2.168ms
[161.726s][info][gc,cpu         ] GC(554) User=0.00s Sys=0.00s Real=0.00s
[162.004s][info][gc,start       ] GC(555) Pause Young (Allocation Failure)
[162.004s][info][gc,heap        ] GC(555) DefNew: 1121145K(1258304K)->243K(1258304K) Eden: 1118528K(1118528K)->0K(1118528K) From: 2617K(139776K)->243K(139776K)
[162.004s][info][gc,heap        ] GC(555) Tenured: 85003K(2796224K)->85003K(2796224K)
[162.004s][info][gc,metaspace   ] GC(555) Metaspace: 11788K(12032K)->11788K(12032K) NonClass: 10248K(10368K)->10248K(10368K) Class: 1540K(1664K)->1540K(1664K)
[162.004s][info][gc             ] GC(555) Pause Young (Allocation Failure) 1177M->83M(3959M) 0.528ms
[162.004s][info][gc,cpu         ] GC(555) User=0.00s Sys=0.00s Real=0.00s
[162.276s][info][gc,start       ] GC(556) Pause Young (Allocation Failure)
[162.277s][info][gc,heap        ] GC(556) DefNew: 1118771K(1258304K)->1014K(1258304K) Eden: 1118528K(1118528K)->0K(1118528K) From: 243K(139776K)->1014K(139776K)
[162.277s][info][gc,heap        ] GC(556) Tenured: 85003K(2796224K)->85003K(2796224K)
[162.277s][info][gc,metaspace   ] GC(556) Metaspace: 11788K(12032K)->11788K(12032K) NonClass: 10248K(10368K)->10248K(10368K) Class: 1540K(1664K)->1540K(1664K)
[162.277s][info][gc             ] GC(556) Pause Young (Allocation Failure) 1175M->84M(3959M) 1.048ms
[162.277s][info][gc,cpu         ] GC(556) User=0.00s Sys=0.00s Real=0.00s
[162.547s][info][gc,start       ] GC(557) Pause Young (Allocation Failure)
[162.548s][info][gc,heap        ] GC(557) DefNew: 1119542K(1258304K)->1789K(1258304K) Eden: 1118528K(1118528K)->0K(1118528K) From: 1014K(139776K)->1789K(139776K)
[162.548s][info][gc,heap        ] GC(557) Tenured: 85003K(2796224K)->85003K(2796224K)
[162.548s][info][gc,metaspace   ] GC(557) Metaspace: 11788K(12032K)->11788K(12032K) NonClass: 10248K(10368K)->10248K(10368K) Class: 1540K(1664K)->1540K(1664K)
[162.548s][info][gc             ] GC(557) Pause Young (Allocation Failure) 1176M->84M(3959M) 1.666ms
[162.548s][info][gc,cpu         ] GC(557) User=0.00s Sys=0.00s Real=0.00s
[162.816s][info][gc,start       ] GC(558) Pause Young (Allocation Failure)
[162.819s][info][gc,heap        ] GC(558) DefNew: 1120317K(1258304K)->2495K(1258304K) Eden: 1118528K(1118528K)->0K(1118528K) From: 1789K(139776K)->2495K(139776K)
[162.819s][info][gc,heap        ] GC(558) Tenured: 85003K(2796224K)->85003K(2796224K)
[162.819s][info][gc,metaspace   ] GC(558) Metaspace: 11788K(12032K)->11788K(12032K) NonClass: 10248K(10368K)->10248K(10368K) Class: 1540K(1664K)->1540K(1664K)
[162.819s][info][gc             ] GC(558) Pause Young (Allocation Failure) 1177M->85M(3959M) 2.203ms
[162.819s][info][gc,cpu         ] GC(558) User=0.00s Sys=0.00s Real=0.00s
[163.098s][info][gc,start       ] GC(559) Pause Young (Allocation Failure)
[163.099s][info][gc,heap        ] GC(559) DefNew: 1121023K(1258304K)->535K(1258304K) Eden: 1118528K(1118528K)->0K(1118528K) From: 2495K(139776K)->535K(139776K)
[163.099s][info][gc,heap        ] GC(559) Tenured: 85003K(2796224K)->85003K(2796224K)
[163.099s][info][gc,metaspace   ] GC(559) Metaspace: 11788K(12032K)->11788K(12032K) NonClass: 10248K(10368K)->10248K(10368K) Class: 1540K(1664K)->1540K(1664K)
[163.099s][info][gc             ] GC(559) Pause Young (Allocation Failure) 1177M->83M(3959M) 0.743ms
[163.099s][info][gc,cpu         ] GC(559) User=0.00s Sys=0.00s Real=0.00s
[163.369s][info][gc,start       ] GC(560) Pause Full (System.gc())
[163.370s][info][gc,phases,start] GC(560) Phase 1: Mark live objects
[163.415s][info][gc,phases      ] GC(560) Phase 1: Mark live objects 45.057ms
[163.415s][info][gc,phases,start] GC(560) Phase 2: Compute new object addresses
[163.501s][info][gc,phases      ] GC(560) Phase 2: Compute new object addresses 86.252ms
[163.501s][info][gc,phases,start] GC(560) Phase 3: Adjust pointers
[163.524s][info][gc,phases      ] GC(560) Phase 3: Adjust pointers 22.935ms
[163.524s][info][gc,phases,start] GC(560) Phase 4: Move objects
[163.524s][info][gc,phases      ] GC(560) Phase 4: Move objects 0.010ms
[163.524s][info][gc,heap        ] GC(560) DefNew: 1097167K(1258304K)->0K(1258304K) Eden: 1096631K(1118528K)->0K(1118528K) From: 535K(139776K)->0K(139776K)
[163.524s][info][gc,heap        ] GC(560) Tenured: 85003K(2796224K)->85003K(2796224K)
[163.524s][info][gc,metaspace   ] GC(560) Metaspace: 11788K(12032K)->11788K(12032K) NonClass: 10248K(10368K)->10248K(10368K) Class: 1540K(1664K)->1540K(1664K)
[163.524s][info][gc             ] GC(560) Pause Full (System.gc()) 1154M->83M(3959M) 154.565ms
[163.524s][info][gc,cpu         ] GC(560) User=0.14s Sys=0.02s Real=0.14s
[163.813s][info][gc,start       ] GC(561) Pause Young (Allocation Failure)
[163.814s][info][gc,heap        ] GC(561) DefNew: 1118528K(1258304K)->745K(1258304K) Eden: 1118528K(1118528K)->0K(1118528K) From: 0K(139776K)->745K(139776K)
[163.814s][info][gc,heap        ] GC(561) Tenured: 85003K(2796224K)->85003K(2796224K)
[163.814s][info][gc,metaspace   ] GC(561) Metaspace: 11789K(12032K)->11789K(12032K) NonClass: 10249K(10368K)->10249K(10368K) Class: 1540K(1664K)->1540K(1664K)
[163.814s][info][gc             ] GC(561) Pause Young (Allocation Failure) 1175M->83M(3959M) 0.919ms
[163.814s][info][gc,cpu         ] GC(561) User=0.00s Sys=0.00s Real=0.00s
[164.103s][info][gc,start       ] GC(562) Pause Young (Allocation Failure)
[164.104s][info][gc,heap        ] GC(562) DefNew: 1119273K(1258304K)->1445K(1258304K) Eden: 1118528K(1118528K)->0K(1118528K) From: 745K(139776K)->1445K(139776K)
[164.105s][info][gc,heap        ] GC(562) Tenured: 85003K(2796224K)->85003K(2796224K)
[164.105s][info][gc,metaspace   ] GC(562) Metaspace: 11789K(12032K)->11789K(12032K) NonClass: 10249K(10368K)->10249K(10368K) Class: 1540K(1664K)->1540K(1664K)
[164.105s][info][gc             ] GC(562) Pause Young (Allocation Failure) 1176M->84M(3959M) 1.437ms
[164.105s][info][gc,cpu         ] GC(562) User=0.00s Sys=0.00s Real=0.00s
[164.390s][info][gc,start       ] GC(563) Pause Young (Allocation Failure)
[164.392s][info][gc,heap        ] GC(563) DefNew: 1119973K(1258304K)->1978K(1258304K) Eden: 1118528K(1118528K)->0K(1118528K) From: 1445K(139776K)->1978K(139776K)
[164.392s][info][gc,heap        ] GC(563) Tenured: 85003K(2796224K)->85003K(2796224K)
[164.392s][info][gc,metaspace   ] GC(563) Metaspace: 11789K(12032K)->11789K(12032K) NonClass: 10249K(10368K)->10249K(10368K) Class: 1540K(1664K)->1540K(1664K)
[164.392s][info][gc             ] GC(563) Pause Young (Allocation Failure) 1176M->84M(3959M) 1.778ms
[164.392s][info][gc,cpu         ] GC(563) User=0.00s Sys=0.00s Real=0.00s
[164.670s][info][gc,start       ] GC(564) Pause Young (Allocation Failure)
[164.672s][info][gc,heap        ] GC(564) DefNew: 1120377K(1258304K)->2446K(1258304K) Eden: 1118399K(1118528K)->0K(1118528K) From: 1978K(139776K)->2446K(139776K)
[164.672s][info][gc,heap        ] GC(564) Tenured: 85003K(2796224K)->85003K(2796224K)
[164.672s][info][gc,metaspace   ] GC(564) Metaspace: 11789K(12032K)->11789K(12032K) NonClass: 10249K(10368K)->10249K(10368K) Class: 1540K(1664K)->1540K(1664K)
[164.672s][info][gc             ] GC(564) Pause Young (Allocation Failure) 1177M->85M(3959M) 2.166ms
[164.672s][info][gc,cpu         ] GC(564) User=0.00s Sys=0.00s Real=0.00s
[164.970s][info][gc,start       ] GC(565) Pause Young (Allocation Failure)
[164.970s][info][gc,heap        ] GC(565) DefNew: 1120974K(1258304K)->715K(1258304K) Eden: 1118528K(1118528K)->0K(1118528K) From: 2446K(139776K)->715K(139776K)
[164.970s][info][gc,heap        ] GC(565) Tenured: 85003K(2796224K)->85003K(2796224K)
[164.970s][info][gc,metaspace   ] GC(565) Metaspace: 11789K(12032K)->11789K(12032K) NonClass: 10249K(10368K)->10249K(10368K) Class: 1540K(1664K)->1540K(1664K)
[164.970s][info][gc             ] GC(565) Pause Young (Allocation Failure) 1177M->83M(3959M) 0.968ms
[164.971s][info][gc,cpu         ] GC(565) User=0.00s Sys=0.00s Real=0.00s
[165.255s][info][gc,start       ] GC(566) Pause Young (Allocation Failure)
[165.257s][info][gc,heap        ] GC(566) DefNew: 1119243K(1258304K)->1407K(1258304K) Eden: 1118528K(1118528K)->0K(1118528K) From: 715K(139776K)->1407K(139776K)
[165.257s][info][gc,heap        ] GC(566) Tenured: 85003K(2796224K)->85003K(2796224K)
[165.257s][info][gc,metaspace   ] GC(566) Metaspace: 11789K(12032K)->11789K(12032K) NonClass: 10249K(10368K)->10249K(10368K) Class: 1540K(1664K)->1540K(1664K)
[165.257s][info][gc             ] GC(566) Pause Young (Allocation Failure) 1176M->84M(3959M) 1.492ms
[165.257s][info][gc,cpu         ] GC(566) User=0.00s Sys=0.00s Real=0.00s
[165.542s][info][gc,start       ] GC(567) Pause Young (Allocation Failure)
[165.544s][info][gc,heap        ] GC(567) DefNew: 1119935K(1258304K)->2062K(1258304K) Eden: 1118528K(1118528K)->0K(1118528K) From: 1407K(139776K)->2062K(139776K)
[165.544s][info][gc,heap        ] GC(567) Tenured: 85003K(2796224K)->85003K(2796224K)
[165.544s][info][gc,metaspace   ] GC(567) Metaspace: 11789K(12032K)->11789K(12032K) NonClass: 10249K(10368K)->10249K(10368K) Class: 1540K(1664K)->1540K(1664K)
[165.544s][info][gc             ] GC(567) Pause Young (Allocation Failure) 1176M->85M(3959M) 1.855ms
[165.544s][info][gc,cpu         ] GC(567) User=0.00s Sys=0.00s Real=0.00s
[165.827s][info][gc,start       ] GC(568) Pause Young (Allocation Failure)
[165.827s][info][gc,heap        ] GC(568) DefNew: 1120590K(1258304K)->184K(1258304K) Eden: 1118528K(1118528K)->0K(1118528K) From: 2062K(139776K)->184K(139776K)
[165.827s][info][gc,heap        ] GC(568) Tenured: 85003K(2796224K)->85003K(2796224K)
[165.827s][info][gc,metaspace   ] GC(568) Metaspace: 11789K(12032K)->11789K(12032K) NonClass: 10249K(10368K)->10249K(10368K) Class: 1540K(1664K)->1540K(1664K)
[165.827s][info][gc             ] GC(568) Pause Young (Allocation Failure) 1177M->83M(3959M) 0.530ms
[165.827s][info][gc,cpu         ] GC(568) User=0.00s Sys=0.00s Real=0.00s
[166.108s][info][gc,start       ] GC(569) Pause Full (System.gc())
[166.108s][info][gc,phases,start] GC(569) Phase 1: Mark live objects
[166.153s][info][gc,phases      ] GC(569) Phase 1: Mark live objects 44.724ms
[166.153s][info][gc,phases,start] GC(569) Phase 2: Compute new object addresses
[166.238s][info][gc,phases      ] GC(569) Phase 2: Compute new object addresses 85.508ms
[166.238s][info][gc,phases,start] GC(569) Phase 3: Adjust pointers
[166.260s][info][gc,phases      ] GC(569) Phase 3: Adjust pointers 22.046ms
[166.261s][info][gc,phases,start] GC(569) Phase 4: Move objects
[166.261s][info][gc,phases      ] GC(569) Phase 4: Move objects 0.011ms
[166.261s][info][gc,heap        ] GC(569) DefNew: 1102582K(1258304K)->0K(1258304K) Eden: 1102397K(1118528K)->0K(1118528K) From: 184K(139776K)->0K(139776K)
[166.261s][info][gc,heap        ] GC(569) Tenured: 85003K(2796224K)->85003K(2796224K)
[166.261s][info][gc,metaspace   ] GC(569) Metaspace: 11789K(12032K)->11789K(12032K) NonClass: 10249K(10368K)->10249K(10368K) Class: 1540K(1664K)->1540K(1664K)
[166.261s][info][gc             ] GC(569) Pause Full (System.gc()) 1159M->83M(3959M) 152.619ms
[166.261s][info][gc,cpu         ] GC(569) User=0.14s Sys=0.00s Real=0.14s
[166.548s][info][gc,start       ] GC(570) Pause Young (Allocation Failure)
[166.549s][info][gc,heap        ] GC(570) DefNew: 1118528K(1258304K)->839K(1258304K) Eden: 1118528K(1118528K)->0K(1118528K) From: 0K(139776K)->839K(139776K)
[166.549s][info][gc,heap        ] GC(570) Tenured: 85003K(2796224K)->85003K(2796224K)
[166.549s][info][gc,metaspace   ] GC(570) Metaspace: 11789K(12032K)->11789K(12032K) NonClass: 10249K(10368K)->10249K(10368K) Class: 1540K(1664K)->1540K(1664K)
[166.549s][info][gc             ] GC(570) Pause Young (Allocation Failure) 1175M->83M(3959M) 0.970ms
[166.549s][info][gc,cpu         ] GC(570) User=0.00s Sys=0.00s Real=0.00s
[166.827s][info][gc,start       ] GC(571) Pause Young (Allocation Failure)
[166.829s][info][gc,heap        ] GC(571) DefNew: 1119351K(1258304K)->1676K(1258304K) Eden: 1118511K(1118528K)->0K(1118528K) From: 839K(139776K)->1676K(139776K)
[166.829s][info][gc,heap        ] GC(571) Tenured: 85003K(2796224K)->85003K(2796224K)
[166.829s][info][gc,metaspace   ] GC(571) Metaspace: 11789K(12032K)->11789K(12032K) NonClass: 10249K(10368K)->10249K(10368K) Class: 1540K(1664K)->1540K(1664K)
[166.829s][info][gc             ] GC(571) Pause Young (Allocation Failure) 1176M->84M(3959M) 1.573ms
[166.829s][info][gc,cpu         ] GC(571) User=0.00s Sys=0.00s Real=0.00s
[167.119s][info][gc,start       ] GC(572) Pause Young (Allocation Failure)
[167.121s][info][gc,heap        ] GC(572) DefNew: 1120204K(1258304K)->2693K(1258304K) Eden: 1118528K(1118528K)->0K(1118528K) From: 1676K(139776K)->2693K(139776K)
[167.121s][info][gc,heap        ] GC(572) Tenured: 85003K(2796224K)->85003K(2796224K)
[167.121s][info][gc,metaspace   ] GC(572) Metaspace: 11789K(12032K)->11789K(12032K) NonClass: 10249K(10368K)->10249K(10368K) Class: 1540K(1664K)->1540K(1664K)
[167.121s][info][gc             ] GC(572) Pause Young (Allocation Failure) 1176M->85M(3959M) 2.362ms
[167.121s][info][gc,cpu         ] GC(572) User=0.00s Sys=0.00s Real=0.00s
[167.405s][info][gc,start       ] GC(573) Pause Young (Allocation Failure)
[167.405s][info][gc,heap        ] GC(573) DefNew: 1121221K(1258304K)->420K(1258304K) Eden: 1118528K(1118528K)->0K(1118528K) From: 2693K(139776K)->420K(139776K)
[167.405s][info][gc,heap        ] GC(573) Tenured: 85003K(2796224K)->85003K(2796224K)
[167.405s][info][gc,metaspace   ] GC(573) Metaspace: 11789K(12032K)->11789K(12032K) NonClass: 10249K(10368K)->10249K(10368K) Class: 1540K(1664K)->1540K(1664K)
[167.405s][info][gc             ] GC(573) Pause Young (Allocation Failure) 1177M->83M(3959M) 0.692ms
[167.405s][info][gc,cpu         ] GC(573) User=0.00s Sys=0.00s Real=0.00s
[167.687s][info][gc,start       ] GC(574) Pause Young (Allocation Failure)
[167.688s][info][gc,heap        ] GC(574) DefNew: 1118948K(1258304K)->1090K(1258304K) Eden: 1118528K(1118528K)->0K(1118528K) From: 420K(139776K)->1090K(139776K)
[167.688s][info][gc,heap        ] GC(574) Tenured: 85003K(2796224K)->85003K(2796224K)
[167.688s][info][gc,metaspace   ] GC(574) Metaspace: 11789K(12032K)->11789K(12032K) NonClass: 10249K(10368K)->10249K(10368K) Class: 1540K(1664K)->1540K(1664K)
[167.688s][info][gc             ] GC(574) Pause Young (Allocation Failure) 1175M->84M(3959M) 1.127ms
[167.688s][info][gc,cpu         ] GC(574) User=0.00s Sys=0.00s Real=0.00s
[167.966s][info][gc,start       ] GC(575) Pause Young (Allocation Failure)
[167.968s][info][gc,heap        ] GC(575) DefNew: 1119618K(1258304K)->2218K(1258304K) Eden: 1118528K(1118528K)->0K(1118528K) From: 1090K(139776K)->2218K(139776K)
[167.968s][info][gc,heap        ] GC(575) Tenured: 85003K(2796224K)->85003K(2796224K)
[167.968s][info][gc,metaspace   ] GC(575) Metaspace: 11789K(12032K)->11789K(12032K) NonClass: 10249K(10368K)->10249K(10368K) Class: 1540K(1664K)->1540K(1664K)
[167.968s][info][gc             ] GC(575) Pause Young (Allocation Failure) 1176M->85M(3959M) 1.945ms
[167.968s][info][gc,cpu         ] GC(575) User=0.00s Sys=0.00s Real=0.00s
[168.239s][info][gc,start       ] GC(576) Pause Young (Allocation Failure)
[168.242s][info][gc,heap        ] GC(576) DefNew: 1120746K(1258304K)->2836K(1258304K) Eden: 1118528K(1118528K)->0K(1118528K) From: 2218K(139776K)->2836K(139776K)
[168.242s][info][gc,heap        ] GC(576) Tenured: 85003K(2796224K)->85003K(2796224K)
[168.242s][info][gc,metaspace   ] GC(576) Metaspace: 11789K(12032K)->11789K(12032K) NonClass: 10249K(10368K)->10249K(10368K) Class: 1540K(1664K)->1540K(1664K)
[168.242s][info][gc             ] GC(576) Pause Young (Allocation Failure) 1177M->85M(3959M) 2.382ms
[168.242s][info][gc,cpu         ] GC(576) User=0.00s Sys=0.00s Real=0.00s
[168.517s][info][gc,start       ] GC(577) Pause Young (Allocation Failure)
[168.518s][info][gc,heap        ] GC(577) DefNew: 1121364K(1258304K)->830K(1258304K) Eden: 1118528K(1118528K)->0K(1118528K) From: 2836K(139776K)->830K(139776K)
[168.518s][info][gc,heap        ] GC(577) Tenured: 85003K(2796224K)->85003K(2796224K)
[168.518s][info][gc,metaspace   ] GC(577) Metaspace: 11789K(12032K)->11789K(12032K) NonClass: 10249K(10368K)->10249K(10368K) Class: 1540K(1664K)->1540K(1664K)
[168.518s][info][gc             ] GC(577) Pause Young (Allocation Failure) 1178M->83M(3959M) 0.952ms
[168.518s][info][gc,cpu         ] GC(577) User=0.00s Sys=0.00s Real=0.00s
[168.783s][info][gc,start       ] GC(578) Pause Full (System.gc())
[168.783s][info][gc,phases,start] GC(578) Phase 1: Mark live objects
[168.827s][info][gc,phases      ] GC(578) Phase 1: Mark live objects 44.584ms
[168.828s][info][gc,phases,start] GC(578) Phase 2: Compute new object addresses
[168.912s][info][gc,phases      ] GC(578) Phase 2: Compute new object addresses 84.518ms
[168.912s][info][gc,phases,start] GC(578) Phase 3: Adjust pointers
[168.935s][info][gc,phases      ] GC(578) Phase 3: Adjust pointers 22.656ms
[168.935s][info][gc,phases,start] GC(578) Phase 4: Move objects
[168.935s][info][gc,phases      ] GC(578) Phase 4: Move objects 0.018ms
[168.935s][info][gc,heap        ] GC(578) DefNew: 1099864K(1258304K)->0K(1258304K) Eden: 1099034K(1118528K)->0K(1118528K) From: 830K(139776K)->0K(139776K)
[168.935s][info][gc,heap        ] GC(578) Tenured: 85003K(2796224K)->85003K(2796224K)
[168.935s][info][gc,metaspace   ] GC(578) Metaspace: 11794K(12032K)->11794K(12032K) NonClass: 10254K(10368K)->10254K(10368K) Class: 1540K(1664K)->1540K(1664K)
[168.935s][info][gc             ] GC(578) Pause Full (System.gc()) 1157M->83M(3959M) 152.095ms
[168.935s][info][gc,cpu         ] GC(578) User=0.14s Sys=0.00s Real=0.15s
[169.210s][info][gc,start       ] GC(579) Pause Young (Allocation Failure)
[169.211s][info][gc,heap        ] GC(579) DefNew: 1118528K(1258304K)->882K(1258304K) Eden: 1118528K(1118528K)->0K(1118528K) From: 0K(139776K)->882K(139776K)
[169.211s][info][gc,heap        ] GC(579) Tenured: 85003K(2796224K)->85003K(2796224K)
[169.211s][info][gc,metaspace   ] GC(579) Metaspace: 11802K(12032K)->11802K(12032K) NonClass: 10262K(10368K)->10262K(10368K) Class: 1540K(1664K)->1540K(1664K)
[169.211s][info][gc             ] GC(579) Pause Young (Allocation Failure) 1175M->83M(3959M) 0.936ms
[169.211s][info][gc,cpu         ] GC(579) User=0.00s Sys=0.00s Real=0.00s
[169.481s][info][gc,start       ] GC(580) Pause Young (Allocation Failure)
[169.483s][info][gc,heap        ] GC(580) DefNew: 1119410K(1258304K)->1786K(1258304K) Eden: 1118528K(1118528K)->0K(1118528K) From: 882K(139776K)->1786K(139776K)
[169.483s][info][gc,heap        ] GC(580) Tenured: 85003K(2796224K)->85003K(2796224K)
[169.483s][info][gc,metaspace   ] GC(580) Metaspace: 11802K(12032K)->11802K(12032K) NonClass: 10262K(10368K)->10262K(10368K) Class: 1540K(1664K)->1540K(1664K)
[169.483s][info][gc             ] GC(580) Pause Young (Allocation Failure) 1176M->84M(3959M) 1.640ms
[169.483s][info][gc,cpu         ] GC(580) User=0.02s Sys=0.00s Real=0.00s
[169.754s][info][gc,start       ] GC(581) Pause Young (Allocation Failure)
[169.756s][info][gc,heap        ] GC(581) DefNew: 1120210K(1258304K)->2397K(1258304K) Eden: 1118424K(1118528K)->0K(1118528K) From: 1786K(139776K)->2397K(139776K)
[169.756s][info][gc,heap        ] GC(581) Tenured: 85003K(2796224K)->85003K(2796224K)
[169.756s][info][gc,metaspace   ] GC(581) Metaspace: 11802K(12032K)->11802K(12032K) NonClass: 10262K(10368K)->10262K(10368K) Class: 1540K(1664K)->1540K(1664K)
[169.756s][info][gc             ] GC(581) Pause Young (Allocation Failure) 1176M->85M(3959M) 2.018ms
[169.756s][info][gc,cpu         ] GC(581) User=0.00s Sys=0.00s Real=0.00s
[170.034s][info][gc,start       ] GC(582) Pause Young (Allocation Failure)
[170.034s][info][gc,heap        ] GC(582) DefNew: 1120925K(1258304K)->214K(1258304K) Eden: 1118528K(1118528K)->0K(1118528K) From: 2397K(139776K)->214K(139776K)
[170.034s][info][gc,heap        ] GC(582) Tenured: 85003K(2796224K)->85003K(2796224K)
[170.034s][info][gc,metaspace   ] GC(582) Metaspace: 11802K(12032K)->11802K(12032K) NonClass: 10262K(10368K)->10262K(10368K) Class: 1540K(1664K)->1540K(1664K)
[170.034s][info][gc             ] GC(582) Pause Young (Allocation Failure) 1177M->83M(3959M) 0.523ms
[170.034s][info][gc,cpu         ] GC(582) User=0.00s Sys=0.00s Real=0.00s
[170.306s][info][gc,start       ] GC(583) Pause Young (Allocation Failure)
[170.307s][info][gc,heap        ] GC(583) DefNew: 1118742K(1258304K)->935K(1258304K) Eden: 1118528K(1118528K)->0K(1118528K) From: 214K(139776K)->935K(139776K)
[170.307s][info][gc,heap        ] GC(583) Tenured: 85003K(2796224K)->85003K(2796224K)
[170.307s][info][gc,metaspace   ] GC(583) Metaspace: 11802K(12032K)->11802K(12032K) NonClass: 10262K(10368K)->10262K(10368K) Class: 1540K(1664K)->1540K(1664K)
[170.307s][info][gc             ] GC(583) Pause Young (Allocation Failure) 1175M->83M(3959M) 1.018ms
[170.307s][info][gc,cpu         ] GC(583) User=0.00s Sys=0.00s Real=0.00s
[170.579s][info][gc,start       ] GC(584) Pause Young (Allocation Failure)
[170.581s][info][gc,heap        ] GC(584) DefNew: 1119463K(1258304K)->1724K(1258304K) Eden: 1118528K(1118528K)->0K(1118528K) From: 935K(139776K)->1724K(139776K)
[170.581s][info][gc,heap        ] GC(584) Tenured: 85003K(2796224K)->85003K(2796224K)
[170.581s][info][gc,metaspace   ] GC(584) Metaspace: 11802K(12032K)->11802K(12032K) NonClass: 10262K(10368K)->10262K(10368K) Class: 1540K(1664K)->1540K(1664K)
[170.581s][info][gc             ] GC(584) Pause Young (Allocation Failure) 1176M->84M(3959M) 1.650ms
[170.581s][info][gc,cpu         ] GC(584) User=0.00s Sys=0.00s Real=0.00s
[170.850s][info][gc,start       ] GC(585) Pause Young (Allocation Failure)
[170.852s][info][gc,heap        ] GC(585) DefNew: 1120112K(1258304K)->2251K(1258304K) Eden: 1118388K(1118528K)->0K(1118528K) From: 1724K(139776K)->2251K(139776K)
[170.852s][info][gc,heap        ] GC(585) Tenured: 85003K(2796224K)->85003K(2796224K)
[170.852s][info][gc,metaspace   ] GC(585) Metaspace: 11802K(12032K)->11802K(12032K) NonClass: 10262K(10368K)->10262K(10368K) Class: 1540K(1664K)->1540K(1664K)
[170.852s][info][gc             ] GC(585) Pause Young (Allocation Failure) 1176M->85M(3959M) 1.916ms
[170.852s][info][gc,cpu         ] GC(585) User=0.00s Sys=0.00s Real=0.00s
[171.131s][info][gc,start       ] GC(586) Pause Young (Allocation Failure)
[171.132s][info][gc,heap        ] GC(586) DefNew: 1120779K(1258304K)->621K(1258304K) Eden: 1118528K(1118528K)->0K(1118528K) From: 2251K(139776K)->621K(139776K)
[171.132s][info][gc,heap        ] GC(586) Tenured: 85003K(2796224K)->85003K(2796224K)
[171.132s][info][gc,metaspace   ] GC(586) Metaspace: 11802K(12032K)->11802K(12032K) NonClass: 10262K(10368K)->10262K(10368K) Class: 1540K(1664K)->1540K(1664K)
[171.132s][info][gc             ] GC(586) Pause Young (Allocation Failure) 1177M->83M(3959M) 0.785ms
[171.132s][info][gc,cpu         ] GC(586) User=0.00s Sys=0.00s Real=0.00s
[171.398s][info][gc,start       ] GC(587) Pause Full (System.gc())
[171.399s][info][gc,phases,start] GC(587) Phase 1: Mark live objects
[171.444s][info][gc,phases      ] GC(587) Phase 1: Mark live objects 45.350ms
[171.444s][info][gc,phases,start] GC(587) Phase 2: Compute new object addresses
[171.527s][info][gc,phases      ] GC(587) Phase 2: Compute new object addresses 83.153ms
[171.527s][info][gc,phases,start] GC(587) Phase 3: Adjust pointers
[171.549s][info][gc,phases      ] GC(587) Phase 3: Adjust pointers 22.093ms
[171.549s][info][gc,phases,start] GC(587) Phase 4: Move objects
[171.549s][info][gc,phases      ] GC(587) Phase 4: Move objects 0.010ms
[171.549s][info][gc,heap        ] GC(587) DefNew: 1096111K(1258304K)->0K(1258304K) Eden: 1095490K(1118528K)->0K(1118528K) From: 621K(139776K)->0K(139776K)
[171.549s][info][gc,heap        ] GC(587) Tenured: 85003K(2796224K)->85003K(2796224K)
[171.549s][info][gc,metaspace   ] GC(587) Metaspace: 11802K(12032K)->11802K(12032K) NonClass: 10262K(10368K)->10262K(10368K) Class: 1540K(1664K)->1540K(1664K)
[171.549s][info][gc             ] GC(587) Pause Full (System.gc()) 1153M->83M(3959M) 150.892ms
[171.549s][info][gc,cpu         ] GC(587) User=0.16s Sys=0.00s Real=0.14s
[171.824s][info][gc,start       ] GC(588) Pause Young (Allocation Failure)
[171.825s][info][gc,heap        ] GC(588) DefNew: 1118528K(1258304K)->902K(1258304K) Eden: 1118528K(1118528K)->0K(1118528K) From: 0K(139776K)->902K(139776K)
[171.825s][info][gc,heap        ] GC(588) Tenured: 85003K(2796224K)->85003K(2796224K)
[171.825s][info][gc,metaspace   ] GC(588) Metaspace: 11802K(12032K)->11802K(12032K) NonClass: 10262K(10368K)->10262K(10368K) Class: 1540K(1664K)->1540K(1664K)
[171.825s][info][gc             ] GC(588) Pause Young (Allocation Failure) 1175M->83M(3959M) 0.953ms
[171.825s][info][gc,cpu         ] GC(588) User=0.00s Sys=0.00s Real=0.00s
[172.101s][info][gc,start       ] GC(589) Pause Young (Allocation Failure)
[172.103s][info][gc,heap        ] GC(589) DefNew: 1119430K(1258304K)->1629K(1258304K) Eden: 1118528K(1118528K)->0K(1118528K) From: 902K(139776K)->1629K(139776K)
[172.103s][info][gc,heap        ] GC(589) Tenured: 85003K(2796224K)->85003K(2796224K)
[172.103s][info][gc,metaspace   ] GC(589) Metaspace: 11802K(12032K)->11802K(12032K) NonClass: 10262K(10368K)->10262K(10368K) Class: 1540K(1664K)->1540K(1664K)
[172.103s][info][gc             ] GC(589) Pause Young (Allocation Failure) 1176M->84M(3959M) 1.545ms
[172.103s][info][gc,cpu         ] GC(589) User=0.00s Sys=0.00s Real=0.00s
[172.372s][info][gc,start       ] GC(590) Pause Young (Allocation Failure)
[172.374s][info][gc,heap        ] GC(590) DefNew: 1120157K(1258304K)->2184K(1258304K) Eden: 1118528K(1118528K)->0K(1118528K) From: 1629K(139776K)->2184K(139776K)
[172.374s][info][gc,heap        ] GC(590) Tenured: 85003K(2796224K)->85003K(2796224K)
[172.374s][info][gc,metaspace   ] GC(590) Metaspace: 11802K(12032K)->11802K(12032K) NonClass: 10262K(10368K)->10262K(10368K) Class: 1540K(1664K)->1540K(1664K)
[172.374s][info][gc             ] GC(590) Pause Young (Allocation Failure) 1176M->85M(3959M) 1.895ms
[172.374s][info][gc,cpu         ] GC(590) User=0.00s Sys=0.00s Real=0.00s
[172.647s][info][gc,start       ] GC(591) Pause Young (Allocation Failure)
[172.647s][info][gc,heap        ] GC(591) DefNew: 1120712K(1258304K)->31K(1258304K) Eden: 1118528K(1118528K)->0K(1118528K) From: 2184K(139776K)->31K(139776K)
[172.647s][info][gc,heap        ] GC(591) Tenured: 85003K(2796224K)->85003K(2796224K)
[172.647s][info][gc,metaspace   ] GC(591) Metaspace: 11802K(12032K)->11802K(12032K) NonClass: 10262K(10368K)->10262K(10368K) Class: 1540K(1664K)->1540K(1664K)
[172.647s][info][gc             ] GC(591) Pause Young (Allocation Failure) 1177M->83M(3959M) 0.372ms
[172.647s][info][gc,cpu         ] GC(591) User=0.00s Sys=0.00s Real=0.00s
[172.921s][info][gc,start       ] GC(592) Pause Young (Allocation Failure)
[172.922s][info][gc,heap        ] GC(592) DefNew: 1118559K(1258304K)->834K(1258304K) Eden: 1118528K(1118528K)->0K(1118528K) From: 31K(139776K)->834K(139776K)
[172.922s][info][gc,heap        ] GC(592) Tenured: 85003K(2796224K)->85003K(2796224K)
[172.922s][info][gc,metaspace   ] GC(592) Metaspace: 11802K(12032K)->11802K(12032K) NonClass: 10262K(10368K)->10262K(10368K) Class: 1540K(1664K)->1540K(1664K)
[172.922s][info][gc             ] GC(592) Pause Young (Allocation Failure) 1175M->83M(3959M) 0.988ms
[172.922s][info][gc,cpu         ] GC(592) User=0.00s Sys=0.00s Real=0.00s
[173.193s][info][gc,start       ] GC(593) Pause Young (Allocation Failure)
[173.194s][info][gc,heap        ] GC(593) DefNew: 1119355K(1258304K)->1590K(1258304K) Eden: 1118521K(1118528K)->0K(1118528K) From: 834K(139776K)->1590K(139776K)
[173.194s][info][gc,heap        ] GC(593) Tenured: 85003K(2796224K)->85003K(2796224K)
[173.194s][info][gc,metaspace   ] GC(593) Metaspace: 11802K(12032K)->11802K(12032K) NonClass: 10262K(10368K)->10262K(10368K) Class: 1540K(1664K)->1540K(1664K)
[173.194s][info][gc             ] GC(593) Pause Young (Allocation Failure) 1176M->84M(3959M) 1.452ms
[173.194s][info][gc,cpu         ] GC(593) User=0.00s Sys=0.00s Real=0.00s
[173.464s][info][gc,start       ] GC(594) Pause Young (Allocation Failure)
[173.466s][info][gc,heap        ] GC(594) DefNew: 1120118K(1258304K)->2221K(1258304K) Eden: 1118528K(1118528K)->0K(1118528K) From: 1590K(139776K)->2221K(139776K)
[173.466s][info][gc,heap        ] GC(594) Tenured: 85003K(2796224K)->85003K(2796224K)
[173.466s][info][gc,metaspace   ] GC(594) Metaspace: 11802K(12032K)->11802K(12032K) NonClass: 10262K(10368K)->10262K(10368K) Class: 1540K(1664K)->1540K(1664K)
[173.466s][info][gc             ] GC(594) Pause Young (Allocation Failure) 1176M->85M(3959M) 1.881ms
[173.466s][info][gc,cpu         ] GC(594) User=0.00s Sys=0.00s Real=0.00s
[173.740s][info][gc,start       ] GC(595) Pause Young (Allocation Failure)
[173.741s][info][gc,heap        ] GC(595) DefNew: 1120749K(1258304K)->403K(1258304K) Eden: 1118528K(1118528K)->0K(1118528K) From: 2221K(139776K)->403K(139776K)
[173.741s][info][gc,heap        ] GC(595) Tenured: 85003K(2796224K)->85003K(2796224K)
[173.741s][info][gc,metaspace   ] GC(595) Metaspace: 11802K(12032K)->11802K(12032K) NonClass: 10262K(10368K)->10262K(10368K) Class: 1540K(1664K)->1540K(1664K)
[173.741s][info][gc             ] GC(595) Pause Young (Allocation Failure) 1177M->83M(3959M) 0.644ms
[173.741s][info][gc,cpu         ] GC(595) User=0.00s Sys=0.00s Real=0.00s
[174.014s][info][gc,start       ] GC(596) Pause Full (System.gc())
[174.014s][info][gc,phases,start] GC(596) Phase 1: Mark live objects
[174.059s][info][gc,phases      ] GC(596) Phase 1: Mark live objects 44.580ms
[174.059s][info][gc,phases,start] GC(596) Phase 2: Compute new object addresses
[174.142s][info][gc,phases      ] GC(596) Phase 2: Compute new object addresses 83.637ms
[174.142s][info][gc,phases,start] GC(596) Phase 3: Adjust pointers
[174.165s][info][gc,phases      ] GC(596) Phase 3: Adjust pointers 22.680ms
[174.165s][info][gc,phases,start] GC(596) Phase 4: Move objects
[174.165s][info][gc,phases      ] GC(596) Phase 4: Move objects 0.010ms
[174.165s][info][gc,heap        ] GC(596) DefNew: 1097741K(1258304K)->0K(1258304K) Eden: 1097338K(1118528K)->0K(1118528K) From: 403K(139776K)->0K(139776K)
[174.165s][info][gc,heap        ] GC(596) Tenured: 85003K(2796224K)->85004K(2796224K)
[174.165s][info][gc,metaspace   ] GC(596) Metaspace: 11802K(12032K)->11802K(12032K) NonClass: 10262K(10368K)->10262K(10368K) Class: 1540K(1664K)->1540K(1664K)
[174.165s][info][gc             ] GC(596) Pause Full (System.gc()) 1155M->83M(3959M) 151.221ms
[174.165s][info][gc,cpu         ] GC(596) User=0.14s Sys=0.00s Real=0.15s
[174.441s][info][gc,start       ] GC(597) Pause Young (Allocation Failure)
[174.442s][info][gc,heap        ] GC(597) DefNew: 1118528K(1258304K)->816K(1258304K) Eden: 1118528K(1118528K)->0K(1118528K) From: 0K(139776K)->816K(139776K)
[174.442s][info][gc,heap        ] GC(597) Tenured: 85004K(2796224K)->85004K(2796224K)
[174.442s][info][gc,metaspace   ] GC(597) Metaspace: 11802K(12032K)->11802K(12032K) NonClass: 10262K(10368K)->10262K(10368K) Class: 1540K(1664K)->1540K(1664K)
[174.442s][info][gc             ] GC(597) Pause Young (Allocation Failure) 1175M->83M(3959M) 0.915ms
[174.442s][info][gc,cpu         ] GC(597) User=0.00s Sys=0.00s Real=0.00s
[174.711s][info][gc,start       ] GC(598) Pause Young (Allocation Failure)
[174.712s][info][gc,heap        ] GC(598) DefNew: 1119344K(1258304K)->1893K(1258304K) Eden: 1118528K(1118528K)->0K(1118528K) From: 816K(139776K)->1893K(139776K)
[174.712s][info][gc,heap        ] GC(598) Tenured: 85004K(2796224K)->85004K(2796224K)
[174.712s][info][gc,metaspace   ] GC(598) Metaspace: 11802K(12032K)->11802K(12032K) NonClass: 10262K(10368K)->10262K(10368K) Class: 1540K(1664K)->1540K(1664K)
[174.712s][info][gc             ] GC(598) Pause Young (Allocation Failure) 1176M->84M(3959M) 1.693ms
[174.713s][info][gc,cpu         ] GC(598) User=0.00s Sys=0.00s Real=0.00s
[174.988s][info][gc,start       ] GC(599) Pause Young (Allocation Failure)
[174.990s][info][gc,heap        ] GC(599) DefNew: 1120421K(1258304K)->2495K(1258304K) Eden: 1118528K(1118528K)->0K(1118528K) From: 1893K(139776K)->2495K(139776K)
[174.990s][info][gc,heap        ] GC(599) Tenured: 85004K(2796224K)->85004K(2796224K)
[174.990s][info][gc,metaspace   ] GC(599) Metaspace: 11802K(12032K)->11802K(12032K) NonClass: 10262K(10368K)->10262K(10368K) Class: 1540K(1664K)->1540K(1664K)
[174.990s][info][gc             ] GC(599) Pause Young (Allocation Failure) 1177M->85M(3959M) 2.104ms
[174.991s][info][gc,cpu         ] GC(599) User=0.00s Sys=0.00s Real=0.00s
[175.264s][info][gc,start       ] GC(600) Pause Young (Allocation Failure)
[175.264s][info][gc,heap        ] GC(600) DefNew: 1121023K(1258304K)->164K(1258304K) Eden: 1118528K(1118528K)->0K(1118528K) From: 2495K(139776K)->164K(139776K)
[175.264s][info][gc,heap        ] GC(600) Tenured: 85004K(2796224K)->85004K(2796224K)
[175.264s][info][gc,metaspace   ] GC(600) Metaspace: 11802K(12032K)->11802K(12032K) NonClass: 10262K(10368K)->10262K(10368K) Class: 1540K(1664K)->1540K(1664K)
[175.264s][info][gc             ] GC(600) Pause Young (Allocation Failure) 1177M->83M(3959M) 0.477ms
[175.265s][info][gc,cpu         ] GC(600) User=0.00s Sys=0.00s Real=0.00s
[175.534s][info][gc,start       ] GC(601) Pause Young (Allocation Failure)
[175.536s][info][gc,heap        ] GC(601) DefNew: 1118692K(1258304K)->988K(1258304K) Eden: 1118528K(1118528K)->0K(1118528K) From: 164K(139776K)->988K(139776K)
[175.536s][info][gc,heap        ] GC(601) Tenured: 85004K(2796224K)->85004K(2796224K)
[175.536s][info][gc,metaspace   ] GC(601) Metaspace: 11802K(12032K)->11802K(12032K) NonClass: 10262K(10368K)->10262K(10368K) Class: 1540K(1664K)->1540K(1664K)
[175.536s][info][gc             ] GC(601) Pause Young (Allocation Failure) 1175M->83M(3959M) 1.063ms
[175.536s][info][gc,cpu         ] GC(601) User=0.00s Sys=0.00s Real=0.00s
[175.830s][info][gc,start       ] GC(602) Pause Young (Allocation Failure)
[175.832s][info][gc,heap        ] GC(602) DefNew: 1119516K(1258304K)->1877K(1258304K) Eden: 1118528K(1118528K)->0K(1118528K) From: 988K(139776K)->1877K(139776K)
[175.832s][info][gc,heap        ] GC(602) Tenured: 85004K(2796224K)->85004K(2796224K)
[175.832s][info][gc,metaspace   ] GC(602) Metaspace: 11802K(12032K)->11802K(12032K) NonClass: 10262K(10368K)->10262K(10368K) Class: 1540K(1664K)->1540K(1664K)
[175.832s][info][gc             ] GC(602) Pause Young (Allocation Failure) 1176M->84M(3959M) 1.706ms
[175.832s][info][gc,cpu         ] GC(602) User=0.00s Sys=0.00s Real=0.00s
[176.120s][info][gc,start       ] GC(603) Pause Young (Allocation Failure)
[176.122s][info][gc,heap        ] GC(603) DefNew: 1120396K(1258304K)->2230K(1258304K) Eden: 1118519K(1118528K)->0K(1118528K) From: 1877K(139776K)->2230K(139776K)
[176.122s][info][gc,heap        ] GC(603) Tenured: 85004K(2796224K)->85004K(2796224K)
[176.122s][info][gc,metaspace   ] GC(603) Metaspace: 11802K(12032K)->11802K(12032K) NonClass: 10262K(10368K)->10262K(10368K) Class: 1540K(1664K)->1540K(1664K)
[176.122s][info][gc             ] GC(603) Pause Young (Allocation Failure) 1177M->85M(3959M) 2.007ms
[176.122s][info][gc,cpu         ] GC(603) User=0.00s Sys=0.00s Real=0.00s
[176.409s][info][gc,start       ] GC(604) Pause Young (Allocation Failure)
[176.410s][info][gc,heap        ] GC(604) DefNew: 1120758K(1258304K)->1961K(1258304K) Eden: 1118528K(1118528K)->0K(1118528K) From: 2230K(139776K)->1961K(139776K)
[176.410s][info][gc,heap        ] GC(604) Tenured: 85004K(2796224K)->85004K(2796224K)
[176.410s][info][gc,metaspace   ] GC(604) Metaspace: 11802K(12032K)->11802K(12032K) NonClass: 10262K(10368K)->10262K(10368K) Class: 1540K(1664K)->1540K(1664K)
[176.410s][info][gc             ] GC(604) Pause Young (Allocation Failure) 1177M->84M(3959M) 1.663ms
[176.410s][info][gc,cpu         ] GC(604) User=0.00s Sys=0.00s Real=0.00s
[176.681s][info][gc,start       ] GC(605) Pause Full (System.gc())
[176.681s][info][gc,phases,start] GC(605) Phase 1: Mark live objects
[176.726s][info][gc,phases      ] GC(605) Phase 1: Mark live objects 44.301ms
[176.726s][info][gc,phases,start] GC(605) Phase 2: Compute new object addresses
[176.810s][info][gc,phases      ] GC(605) Phase 2: Compute new object addresses 84.076ms
[176.810s][info][gc,phases,start] GC(605) Phase 3: Adjust pointers
[176.833s][info][gc,phases      ] GC(605) Phase 3: Adjust pointers 22.718ms
[176.833s][info][gc,phases,start] GC(605) Phase 4: Move objects
[176.833s][info][gc,phases      ] GC(605) Phase 4: Move objects 0.009ms
[176.833s][info][gc,heap        ] GC(605) DefNew: 1106319K(1258304K)->0K(1258304K) Eden: 1104357K(1118528K)->0K(1118528K) From: 1961K(139776K)->0K(139776K)
[176.833s][info][gc,heap        ] GC(605) Tenured: 85004K(2796224K)->85003K(2796224K)
[176.833s][info][gc,metaspace   ] GC(605) Metaspace: 11802K(12032K)->11802K(12032K) NonClass: 10262K(10368K)->10262K(10368K) Class: 1540K(1664K)->1540K(1664K)
[176.833s][info][gc             ] GC(605) Pause Full (System.gc()) 1163M->83M(3959M) 151.400ms
[176.833s][info][gc,cpu         ] GC(605) User=0.16s Sys=0.00s Real=0.14s
[177.116s][info][gc,start       ] GC(606) Pause Young (Allocation Failure)
[177.117s][info][gc,heap        ] GC(606) DefNew: 1118528K(1258304K)->845K(1258304K) Eden: 1118528K(1118528K)->0K(1118528K) From: 0K(139776K)->845K(139776K)
[177.117s][info][gc,heap        ] GC(606) Tenured: 85003K(2796224K)->85003K(2796224K)
[177.117s][info][gc,metaspace   ] GC(606) Metaspace: 11803K(12032K)->11803K(12032K) NonClass: 10263K(10368K)->10263K(10368K) Class: 1540K(1664K)->1540K(1664K)
[177.117s][info][gc             ] GC(606) Pause Young (Allocation Failure) 1175M->83M(3959M) 0.946ms
[177.117s][info][gc,cpu         ] GC(606) User=0.00s Sys=0.00s Real=0.00s
[177.387s][info][gc,start       ] GC(607) Pause Young (Allocation Failure)
[177.388s][info][gc,heap        ] GC(607) DefNew: 1119373K(1258304K)->1758K(1258304K) Eden: 1118528K(1118528K)->0K(1118528K) From: 845K(139776K)->1758K(139776K)
[177.388s][info][gc,heap        ] GC(607) Tenured: 85003K(2796224K)->85003K(2796224K)
[177.388s][info][gc,metaspace   ] GC(607) Metaspace: 11803K(12032K)->11803K(12032K) NonClass: 10263K(10368K)->10263K(10368K) Class: 1540K(1664K)->1540K(1664K)
[177.388s][info][gc             ] GC(607) Pause Young (Allocation Failure) 1176M->84M(3959M) 1.602ms
[177.388s][info][gc,cpu         ] GC(607) User=0.00s Sys=0.00s Real=0.00s
[177.657s][info][gc,start       ] GC(608) Pause Young (Allocation Failure)
[177.659s][info][gc,heap        ] GC(608) DefNew: 1120286K(1258304K)->2377K(1258304K) Eden: 1118528K(1118528K)->0K(1118528K) From: 1758K(139776K)->2377K(139776K)
[177.659s][info][gc,heap        ] GC(608) Tenured: 85003K(2796224K)->85003K(2796224K)
[177.659s][info][gc,metaspace   ] GC(608) Metaspace: 11803K(12032K)->11803K(12032K) NonClass: 10263K(10368K)->10263K(10368K) Class: 1540K(1664K)->1540K(1664K)
[177.659s][info][gc             ] GC(608) Pause Young (Allocation Failure) 1177M->85M(3959M) 2.018ms
[177.659s][info][gc,cpu         ] GC(608) User=0.00s Sys=0.00s Real=0.00s
[177.938s][info][gc,start       ] GC(609) Pause Young (Allocation Failure)
[177.938s][info][gc,heap        ] GC(609) DefNew: 1120905K(1258304K)->140K(1258304K) Eden: 1118528K(1118528K)->0K(1118528K) From: 2377K(139776K)->140K(139776K)
[177.938s][info][gc,heap        ] GC(609) Tenured: 85003K(2796224K)->85003K(2796224K)
[177.938s][info][gc,metaspace   ] GC(609) Metaspace: 11803K(12032K)->11803K(12032K) NonClass: 10263K(10368K)->10263K(10368K) Class: 1540K(1664K)->1540K(1664K)
[177.938s][info][gc             ] GC(609) Pause Young (Allocation Failure) 1177M->83M(3959M) 0.466ms
[177.938s][info][gc,cpu         ] GC(609) User=0.00s Sys=0.00s Real=0.00s
[178.210s][info][gc,start       ] GC(610) Pause Young (Allocation Failure)
[178.211s][info][gc,heap        ] GC(610) DefNew: 1118668K(1258304K)->1030K(1258304K) Eden: 1118528K(1118528K)->0K(1118528K) From: 140K(139776K)->1030K(139776K)
[178.211s][info][gc,heap        ] GC(610) Tenured: 85003K(2796224K)->85003K(2796224K)
[178.211s][info][gc,metaspace   ] GC(610) Metaspace: 11803K(12032K)->11803K(12032K) NonClass: 10263K(10368K)->10263K(10368K) Class: 1540K(1664K)->1540K(1664K)
[178.211s][info][gc             ] GC(610) Pause Young (Allocation Failure) 1175M->84M(3959M) 1.074ms
[178.211s][info][gc,cpu         ] GC(610) User=0.00s Sys=0.00s Real=0.00s
[178.480s][info][gc,start       ] GC(611) Pause Young (Allocation Failure)
[178.482s][info][gc,heap        ] GC(611) DefNew: 1119558K(1258304K)->1693K(1258304K) Eden: 1118528K(1118528K)->0K(1118528K) From: 1030K(139776K)->1693K(139776K)
[178.482s][info][gc,heap        ] GC(611) Tenured: 85003K(2796224K)->85003K(2796224K)
[178.482s][info][gc,metaspace   ] GC(611) Metaspace: 11803K(12032K)->11803K(12032K) NonClass: 10263K(10368K)->10263K(10368K) Class: 1540K(1664K)->1540K(1664K)
[178.482s][info][gc             ] GC(611) Pause Young (Allocation Failure) 1176M->84M(3959M) 1.583ms
[178.482s][info][gc,cpu         ] GC(611) User=0.00s Sys=0.00s Real=0.00s
[178.751s][info][gc,start       ] GC(612) Pause Young (Allocation Failure)
[178.753s][info][gc,heap        ] GC(612) DefNew: 1120221K(1258304K)->2495K(1258304K) Eden: 1118528K(1118528K)->0K(1118528K) From: 1693K(139776K)->2495K(139776K)
[178.753s][info][gc,heap        ] GC(612) Tenured: 85003K(2796224K)->85003K(2796224K)
[178.753s][info][gc,metaspace   ] GC(612) Metaspace: 11803K(12032K)->11803K(12032K) NonClass: 10263K(10368K)->10263K(10368K) Class: 1540K(1664K)->1540K(1664K)
[178.753s][info][gc             ] GC(612) Pause Young (Allocation Failure) 1176M->85M(3959M) 2.100ms
[178.753s][info][gc,cpu         ] GC(612) User=0.00s Sys=0.00s Real=0.00s
[179.032s][info][gc,start       ] GC(613) Pause Young (Allocation Failure)
[179.032s][info][gc,heap        ] GC(613) DefNew: 1121023K(1258304K)->598K(1258304K) Eden: 1118528K(1118528K)->0K(1118528K) From: 2495K(139776K)->598K(139776K)
[179.032s][info][gc,heap        ] GC(613) Tenured: 85003K(2796224K)->85003K(2796224K)
[179.032s][info][gc,metaspace   ] GC(613) Metaspace: 11803K(12032K)->11803K(12032K) NonClass: 10263K(10368K)->10263K(10368K) Class: 1540K(1664K)->1540K(1664K)
[179.032s][info][gc             ] GC(613) Pause Young (Allocation Failure) 1177M->83M(3959M) 0.776ms
[179.032s][info][gc,cpu         ] GC(613) User=0.00s Sys=0.00s Real=0.00s
[179.300s][info][gc,start       ] GC(614) Pause Full (System.gc())
[179.300s][info][gc,phases,start] GC(614) Phase 1: Mark live objects
[179.345s][info][gc,phases      ] GC(614) Phase 1: Mark live objects 44.953ms
[179.345s][info][gc,phases,start] GC(614) Phase 2: Compute new object addresses
[179.428s][info][gc,phases      ] GC(614) Phase 2: Compute new object addresses 83.237ms
[179.428s][info][gc,phases,start] GC(614) Phase 3: Adjust pointers
[179.450s][info][gc,phases      ] GC(614) Phase 3: Adjust pointers 22.084ms
[179.450s][info][gc,phases,start] GC(614) Phase 4: Move objects
[179.450s][info][gc,phases      ] GC(614) Phase 4: Move objects 0.009ms
[179.450s][info][gc,heap        ] GC(614) DefNew: 1095771K(1258304K)->0K(1258304K) Eden: 1095172K(1118528K)->0K(1118528K) From: 598K(139776K)->0K(139776K)
[179.450s][info][gc,heap        ] GC(614) Tenured: 85003K(2796224K)->85003K(2796224K)
[179.450s][info][gc,metaspace   ] GC(614) Metaspace: 11803K(12032K)->11803K(12032K) NonClass: 10263K(10368K)->10263K(10368K) Class: 1540K(1664K)->1540K(1664K)
[179.450s][info][gc             ] GC(614) Pause Full (System.gc()) 1153M->83M(3959M) 150.617ms
[179.450s][info][gc,cpu         ] GC(614) User=0.16s Sys=0.00s Real=0.15s
[179.726s][info][gc,start       ] GC(615) Pause Young (Allocation Failure)
[179.727s][info][gc,heap        ] GC(615) DefNew: 1118528K(1258304K)->896K(1258304K) Eden: 1118528K(1118528K)->0K(1118528K) From: 0K(139776K)->896K(139776K)
[179.727s][info][gc,heap        ] GC(615) Tenured: 85003K(2796224K)->85003K(2796224K)
[179.727s][info][gc,metaspace   ] GC(615) Metaspace: 11803K(12032K)->11803K(12032K) NonClass: 10263K(10368K)->10263K(10368K) Class: 1540K(1664K)->1540K(1664K)
[179.727s][info][gc             ] GC(615) Pause Young (Allocation Failure) 1175M->83M(3959M) 0.969ms
[179.727s][info][gc,cpu         ] GC(615) User=0.00s Sys=0.00s Real=0.00s
[180.002s][info][gc,start       ] GC(616) Pause Young (Allocation Failure)
[180.004s][info][gc,heap        ] GC(616) DefNew: 1119424K(1258304K)->1744K(1258304K) Eden: 1118528K(1118528K)->0K(1118528K) From: 896K(139776K)->1744K(139776K)
[180.004s][info][gc,heap        ] GC(616) Tenured: 85003K(2796224K)->85003K(2796224K)
[180.004s][info][gc,metaspace   ] GC(616) Metaspace: 11803K(12032K)->11803K(12032K) NonClass: 10263K(10368K)->10263K(10368K) Class: 1540K(1664K)->1540K(1664K)
[180.004s][info][gc             ] GC(616) Pause Young (Allocation Failure) 1176M->84M(3959M) 1.594ms
[180.004s][info][gc,cpu         ] GC(616) User=0.00s Sys=0.00s Real=0.00s
[180.274s][info][gc,start       ] GC(617) Pause Young (Allocation Failure)
[180.276s][info][gc,heap        ] GC(617) DefNew: 1120272K(1258304K)->2373K(1258304K) Eden: 1118528K(1118528K)->0K(1118528K) From: 1744K(139776K)->2373K(139776K)
[180.276s][info][gc,heap        ] GC(617) Tenured: 85003K(2796224K)->85003K(2796224K)
[180.276s][info][gc,metaspace   ] GC(617) Metaspace: 11803K(12032K)->11803K(12032K) NonClass: 10263K(10368K)->10263K(10368K) Class: 1540K(1664K)->1540K(1664K)
[180.276s][info][gc             ] GC(617) Pause Young (Allocation Failure) 1177M->85M(3959M) 2.066ms
[180.276s][info][gc,cpu         ] GC(617) User=0.00s Sys=0.00s Real=0.00s
[180.548s][info][gc,start       ] GC(618) Pause Young (Allocation Failure)
[180.549s][info][gc,heap        ] GC(618) DefNew: 1120901K(1258304K)->298K(1258304K) Eden: 1118528K(1118528K)->0K(1118528K) From: 2373K(139776K)->298K(139776K)
[180.549s][info][gc,heap        ] GC(618) Tenured: 85003K(2796224K)->85003K(2796224K)
[180.549s][info][gc,metaspace   ] GC(618) Metaspace: 11803K(12032K)->11803K(12032K) NonClass: 10263K(10368K)->10263K(10368K) Class: 1540K(1664K)->1540K(1664K)
[180.549s][info][gc             ] GC(618) Pause Young (Allocation Failure) 1177M->83M(3959M) 0.579ms
[180.549s][info][gc,cpu         ] GC(618) User=0.00s Sys=0.00s Real=0.00s
[180.819s][info][gc,start       ] GC(619) Pause Young (Allocation Failure)
[180.820s][info][gc,heap        ] GC(619) DefNew: 1118826K(1258304K)->1095K(1258304K) Eden: 1118528K(1118528K)->0K(1118528K) From: 298K(139776K)->1095K(139776K)
[180.820s][info][gc,heap        ] GC(619) Tenured: 85003K(2796224K)->85003K(2796224K)
[180.820s][info][gc,metaspace   ] GC(619) Metaspace: 11803K(12032K)->11803K(12032K) NonClass: 10263K(10368K)->10263K(10368K) Class: 1540K(1664K)->1540K(1664K)
[180.820s][info][gc             ] GC(619) Pause Young (Allocation Failure) 1175M->84M(3959M) 1.164ms
[180.820s][info][gc,cpu         ] GC(619) User=0.00s Sys=0.00s Real=0.00s
[181.094s][info][gc,start       ] GC(620) Pause Young (Allocation Failure)
[181.096s][info][gc,heap        ] GC(620) DefNew: 1119623K(1258304K)->1890K(1258304K) Eden: 1118528K(1118528K)->0K(1118528K) From: 1095K(139776K)->1890K(139776K)
[181.096s][info][gc,heap        ] GC(620) Tenured: 85003K(2796224K)->85003K(2796224K)
[181.096s][info][gc,metaspace   ] GC(620) Metaspace: 11803K(12032K)->11803K(12032K) NonClass: 10263K(10368K)->10263K(10368K) Class: 1540K(1664K)->1540K(1664K)
[181.096s][info][gc             ] GC(620) Pause Young (Allocation Failure) 1176M->84M(3959M) 1.675ms
[181.096s][info][gc,cpu         ] GC(620) User=0.00s Sys=0.00s Real=0.00s
[181.366s][info][gc,start       ] GC(621) Pause Young (Allocation Failure)
[181.368s][info][gc,heap        ] GC(621) DefNew: 1120418K(1258304K)->2331K(1258304K) Eden: 1118528K(1118528K)->0K(1118528K) From: 1890K(139776K)->2331K(139776K)
[181.368s][info][gc,heap        ] GC(621) Tenured: 85003K(2796224K)->85003K(2796224K)
[181.368s][info][gc,metaspace   ] GC(621) Metaspace: 11803K(12032K)->11803K(12032K) NonClass: 10263K(10368K)->10263K(10368K) Class: 1540K(1664K)->1540K(1664K)
[181.368s][info][gc             ] GC(621) Pause Young (Allocation Failure) 1177M->85M(3959M) 1.978ms
[181.368s][info][gc,cpu         ] GC(621) User=0.00s Sys=0.00s Real=0.00s
[181.641s][info][gc,start       ] GC(622) Pause Young (Allocation Failure)
[181.641s][info][gc,heap        ] GC(622) DefNew: 1120859K(1258304K)->215K(1258304K) Eden: 1118528K(1118528K)->0K(1118528K) From: 2331K(139776K)->215K(139776K)
[181.641s][info][gc,heap        ] GC(622) Tenured: 85003K(2796224K)->85003K(2796224K)
[181.641s][info][gc,metaspace   ] GC(622) Metaspace: 11803K(12032K)->11803K(12032K) NonClass: 10263K(10368K)->10263K(10368K) Class: 1540K(1664K)->1540K(1664K)
[181.641s][info][gc             ] GC(622) Pause Young (Allocation Failure) 1177M->83M(3959M) 0.504ms
[181.641s][info][gc,cpu         ] GC(622) User=0.00s Sys=0.00s Real=0.00s
[181.912s][info][gc,start       ] GC(623) Pause Full (System.gc())
[181.912s][info][gc,phases,start] GC(623) Phase 1: Mark live objects
[181.957s][info][gc,phases      ] GC(623) Phase 1: Mark live objects 44.680ms
[181.957s][info][gc,phases,start] GC(623) Phase 2: Compute new object addresses
[182.040s][info][gc,phases      ] GC(623) Phase 2: Compute new object addresses 83.739ms
[182.041s][info][gc,phases,start] GC(623) Phase 3: Adjust pointers
[182.063s][info][gc,phases      ] GC(623) Phase 3: Adjust pointers 22.373ms
[182.063s][info][gc,phases,start] GC(623) Phase 4: Move objects
[182.063s][info][gc,phases      ] GC(623) Phase 4: Move objects 0.009ms
[182.063s][info][gc,heap        ] GC(623) DefNew: 1103389K(1258304K)->0K(1258304K) Eden: 1103174K(1118528K)->0K(1118528K) From: 215K(139776K)->0K(139776K)
[182.063s][info][gc,heap        ] GC(623) Tenured: 85003K(2796224K)->85003K(2796224K)
[182.063s][info][gc,metaspace   ] GC(623) Metaspace: 11803K(12032K)->11803K(12032K) NonClass: 10263K(10368K)->10263K(10368K) Class: 1540K(1664K)->1540K(1664K)
[182.063s][info][gc             ] GC(623) Pause Full (System.gc()) 1160M->83M(3959M) 151.120ms
[182.063s][info][gc,cpu         ] GC(623) User=0.16s Sys=0.00s Real=0.14s
[182.340s][info][gc,start       ] GC(624) Pause Young (Allocation Failure)
[182.340s][info][gc,heap        ] GC(624) DefNew: 1118528K(1258304K)->687K(1258304K) Eden: 1118528K(1118528K)->0K(1118528K) From: 0K(139776K)->687K(139776K)
[182.340s][info][gc,heap        ] GC(624) Tenured: 85003K(2796224K)->85003K(2796224K)
[182.340s][info][gc,metaspace   ] GC(624) Metaspace: 11803K(12032K)->11803K(12032K) NonClass: 10263K(10368K)->10263K(10368K) Class: 1540K(1664K)->1540K(1664K)
[182.340s][info][gc             ] GC(624) Pause Young (Allocation Failure) 1175M->83M(3959M) 0.830ms
[182.340s][info][gc,cpu         ] GC(624) User=0.00s Sys=0.00s Real=0.00s
[182.610s][info][gc,start       ] GC(625) Pause Young (Allocation Failure)
[182.612s][info][gc,heap        ] GC(625) DefNew: 1119215K(1258304K)->1410K(1258304K) Eden: 1118528K(1118528K)->0K(1118528K) From: 687K(139776K)->1410K(139776K)
[182.612s][info][gc,heap        ] GC(625) Tenured: 85003K(2796224K)->85003K(2796224K)
[182.612s][info][gc,metaspace   ] GC(625) Metaspace: 11803K(12032K)->11803K(12032K) NonClass: 10263K(10368K)->10263K(10368K) Class: 1540K(1664K)->1540K(1664K)
[182.612s][info][gc             ] GC(625) Pause Young (Allocation Failure) 1175M->84M(3959M) 1.327ms
[182.612s][info][gc,cpu         ] GC(625) User=0.00s Sys=0.00s Real=0.00s
[182.883s][info][gc,start       ] GC(626) Pause Young (Allocation Failure)
[182.885s][info][gc,heap        ] GC(626) DefNew: 1119938K(1258304K)->2114K(1258304K) Eden: 1118528K(1118528K)->0K(1118528K) From: 1410K(139776K)->2114K(139776K)
[182.885s][info][gc,heap        ] GC(626) Tenured: 85003K(2796224K)->85003K(2796224K)
[182.885s][info][gc,metaspace   ] GC(626) Metaspace: 11803K(12032K)->11803K(12032K) NonClass: 10263K(10368K)->10263K(10368K) Class: 1540K(1664K)->1540K(1664K)
[182.885s][info][gc             ] GC(626) Pause Young (Allocation Failure) 1176M->85M(3959M) 1.870ms
[182.885s][info][gc,cpu         ] GC(626) User=0.00s Sys=0.00s Real=0.00s
[183.156s][info][gc,start       ] GC(627) Pause Young (Allocation Failure)
[183.158s][info][gc,heap        ] GC(627) DefNew: 1120642K(1258304K)->2345K(1258304K) Eden: 1118528K(1118528K)->0K(1118528K) From: 2114K(139776K)->2345K(139776K)
[183.158s][info][gc,heap        ] GC(627) Tenured: 85003K(2796224K)->85003K(2796224K)
[183.158s][info][gc,metaspace   ] GC(627) Metaspace: 11803K(12032K)->11803K(12032K) NonClass: 10263K(10368K)->10263K(10368K) Class: 1540K(1664K)->1540K(1664K)
[183.158s][info][gc             ] GC(627) Pause Young (Allocation Failure) 1177M->85M(3959M) 2.016ms
[183.158s][info][gc,cpu         ] GC(627) User=0.00s Sys=0.00s Real=0.00s
[183.432s][info][gc,start       ] GC(628) Pause Young (Allocation Failure)
[183.433s][info][gc,heap        ] GC(628) DefNew: 1120873K(1258304K)->585K(1258304K) Eden: 1118528K(1118528K)->0K(1118528K) From: 2345K(139776K)->585K(139776K)
[183.433s][info][gc,heap        ] GC(628) Tenured: 85003K(2796224K)->85003K(2796224K)
[183.433s][info][gc,metaspace   ] GC(628) Metaspace: 11803K(12032K)->11803K(12032K) NonClass: 10263K(10368K)->10263K(10368K) Class: 1540K(1664K)->1540K(1664K)
[183.433s][info][gc             ] GC(628) Pause Young (Allocation Failure) 1177M->83M(3959M) 0.783ms
[183.433s][info][gc,cpu         ] GC(628) User=0.00s Sys=0.00s Real=0.00s
[183.703s][info][gc,start       ] GC(629) Pause Young (Allocation Failure)
[183.704s][info][gc,heap        ] GC(629) DefNew: 1119113K(1258304K)->1516K(1258304K) Eden: 1118528K(1118528K)->0K(1118528K) From: 585K(139776K)->1516K(139776K)
[183.704s][info][gc,heap        ] GC(629) Tenured: 85003K(2796224K)->85003K(2796224K)
[183.704s][info][gc,metaspace   ] GC(629) Metaspace: 11803K(12032K)->11803K(12032K) NonClass: 10263K(10368K)->10263K(10368K) Class: 1540K(1664K)->1540K(1664K)
[183.704s][info][gc             ] GC(629) Pause Young (Allocation Failure) 1175M->84M(3959M) 1.432ms
[183.704s][info][gc,cpu         ] GC(629) User=0.00s Sys=0.00s Real=0.00s
[183.978s][info][gc,start       ] GC(630) Pause Young (Allocation Failure)
[183.980s][info][gc,heap        ] GC(630) DefNew: 1120044K(1258304K)->1895K(1258304K) Eden: 1118528K(1118528K)->0K(1118528K) From: 1516K(139776K)->1895K(139776K)
[183.980s][info][gc,heap        ] GC(630) Tenured: 85003K(2796224K)->85003K(2796224K)
[183.980s][info][gc,metaspace   ] GC(630) Metaspace: 11803K(12032K)->11803K(12032K) NonClass: 10263K(10368K)->10263K(10368K) Class: 1540K(1664K)->1540K(1664K)
[183.980s][info][gc             ] GC(630) Pause Young (Allocation Failure) 1176M->84M(3959M) 1.668ms
[183.980s][info][gc,cpu         ] GC(630) User=0.00s Sys=0.00s Real=0.00s
[184.249s][info][gc,start       ] GC(631) Pause Young (Allocation Failure)
[184.251s][info][gc,heap        ] GC(631) DefNew: 1120423K(1258304K)->2643K(1258304K) Eden: 1118528K(1118528K)->0K(1118528K) From: 1895K(139776K)->2643K(139776K)
[184.251s][info][gc,heap        ] GC(631) Tenured: 85003K(2796224K)->85003K(2796224K)
[184.251s][info][gc,metaspace   ] GC(631) Metaspace: 11803K(12032K)->11803K(12032K) NonClass: 10263K(10368K)->10263K(10368K) Class: 1540K(1664K)->1540K(1664K)
[184.251s][info][gc             ] GC(631) Pause Young (Allocation Failure) 1177M->85M(3959M) 2.271ms
[184.251s][info][gc,cpu         ] GC(631) User=0.00s Sys=0.00s Real=0.00s
[184.524s][info][gc,start       ] GC(632) Pause Full (System.gc())
[184.524s][info][gc,phases,start] GC(632) Phase 1: Mark live objects
[184.569s][info][gc,phases      ] GC(632) Phase 1: Mark live objects 44.969ms
[184.569s][info][gc,phases,start] GC(632) Phase 2: Compute new object addresses
[184.654s][info][gc,phases      ] GC(632) Phase 2: Compute new object addresses 84.835ms
[184.654s][info][gc,phases,start] GC(632) Phase 3: Adjust pointers
[184.676s][info][gc,phases      ] GC(632) Phase 3: Adjust pointers 22.338ms
[184.676s][info][gc,phases,start] GC(632) Phase 4: Move objects
[184.676s][info][gc,phases      ] GC(632) Phase 4: Move objects 0.009ms
[184.676s][info][gc,heap        ] GC(632) DefNew: 1114378K(1258304K)->0K(1258304K) Eden: 1111734K(1118528K)->0K(1118528K) From: 2643K(139776K)->0K(139776K)
[184.676s][info][gc,heap        ] GC(632) Tenured: 85003K(2796224K)->85003K(2796224K)
[184.676s][info][gc,metaspace   ] GC(632) Metaspace: 11803K(12032K)->11803K(12032K) NonClass: 10263K(10368K)->10263K(10368K) Class: 1540K(1664K)->1540K(1664K)
[184.676s][info][gc             ] GC(632) Pause Full (System.gc()) 1171M->83M(3959M) 152.446ms
[184.676s][info][gc,cpu         ] GC(632) User=0.16s Sys=0.00s Real=0.14s
[184.957s][info][gc,start       ] GC(633) Pause Young (Allocation Failure)
[184.958s][info][gc,heap        ] GC(633) DefNew: 1118528K(1258304K)->934K(1258304K) Eden: 1118528K(1118528K)->0K(1118528K) From: 0K(139776K)->934K(139776K)
[184.958s][info][gc,heap        ] GC(633) Tenured: 85003K(2796224K)->85003K(2796224K)
[184.958s][info][gc,metaspace   ] GC(633) Metaspace: 11803K(12032K)->11803K(12032K) NonClass: 10263K(10368K)->10263K(10368K) Class: 1540K(1664K)->1540K(1664K)
[184.958s][info][gc             ] GC(633) Pause Young (Allocation Failure) 1175M->83M(3959M) 1.021ms
[184.958s][info][gc,cpu         ] GC(633) User=0.00s Sys=0.00s Real=0.00s
[185.229s][info][gc,start       ] GC(634) Pause Young (Allocation Failure)
[185.231s][info][gc,heap        ] GC(634) DefNew: 1119462K(1258304K)->1707K(1258304K) Eden: 1118528K(1118528K)->0K(1118528K) From: 934K(139776K)->1707K(139776K)
[185.231s][info][gc,heap        ] GC(634) Tenured: 85003K(2796224K)->85003K(2796224K)
[185.231s][info][gc,metaspace   ] GC(634) Metaspace: 11803K(12032K)->11803K(12032K) NonClass: 10263K(10368K)->10263K(10368K) Class: 1540K(1664K)->1540K(1664K)
[185.231s][info][gc             ] GC(634) Pause Young (Allocation Failure) 1176M->84M(3959M) 1.625ms
[185.231s][info][gc,cpu         ] GC(634) User=0.00s Sys=0.00s Real=0.00s
[185.501s][info][gc,start       ] GC(635) Pause Young (Allocation Failure)
[185.503s][info][gc,heap        ] GC(635) DefNew: 1120235K(1258304K)->2682K(1258304K) Eden: 1118528K(1118528K)->0K(1118528K) From: 1707K(139776K)->2682K(139776K)
[185.503s][info][gc,heap        ] GC(635) Tenured: 85003K(2796224K)->85003K(2796224K)
[185.503s][info][gc,metaspace   ] GC(635) Metaspace: 11803K(12032K)->11803K(12032K) NonClass: 10263K(10368K)->10263K(10368K) Class: 1540K(1664K)->1540K(1664K)
[185.503s][info][gc             ] GC(635) Pause Young (Allocation Failure) 1176M->85M(3959M) 2.230ms
[185.503s][info][gc,cpu         ] GC(635) User=0.00s Sys=0.00s Real=0.00s
[185.776s][info][gc,start       ] GC(636) Pause Young (Allocation Failure)
[185.777s][info][gc,heap        ] GC(636) DefNew: 1121210K(1258304K)->370K(1258304K) Eden: 1118528K(1118528K)->0K(1118528K) From: 2682K(139776K)->370K(139776K)
[185.777s][info][gc,heap        ] GC(636) Tenured: 85003K(2796224K)->85003K(2796224K)
[185.777s][info][gc,metaspace   ] GC(636) Metaspace: 11803K(12032K)->11803K(12032K) NonClass: 10263K(10368K)->10263K(10368K) Class: 1540K(1664K)->1540K(1664K)
[185.777s][info][gc             ] GC(636) Pause Young (Allocation Failure) 1177M->83M(3959M) 0.630ms
[185.777s][info][gc,cpu         ] GC(636) User=0.00s Sys=0.00s Real=0.00s
[186.052s][info][gc,start       ] GC(637) Pause Young (Allocation Failure)
[186.054s][info][gc,heap        ] GC(637) DefNew: 1118898K(1258304K)->1282K(1258304K) Eden: 1118528K(1118528K)->0K(1118528K) From: 370K(139776K)->1282K(139776K)
[186.055s][info][gc,heap        ] GC(637) Tenured: 85003K(2796224K)->85003K(2796224K)
[186.055s][info][gc,metaspace   ] GC(637) Metaspace: 11803K(12032K)->11803K(12032K) NonClass: 10263K(10368K)->10263K(10368K) Class: 1540K(1664K)->1540K(1664K)
[186.055s][info][gc             ] GC(637) Pause Young (Allocation Failure) 1175M->84M(3959M) 2.434ms
[186.055s][info][gc,cpu         ] GC(637) User=0.00s Sys=0.00s Real=0.00s
[186.324s][info][gc,start       ] GC(638) Pause Young (Allocation Failure)
[186.326s][info][gc,heap        ] GC(638) DefNew: 1119810K(1258304K)->1910K(1258304K) Eden: 1118528K(1118528K)->0K(1118528K) From: 1282K(139776K)->1910K(139776K)
[186.326s][info][gc,heap        ] GC(638) Tenured: 85003K(2796224K)->85003K(2796224K)
[186.326s][info][gc,metaspace   ] GC(638) Metaspace: 11803K(12032K)->11803K(12032K) NonClass: 10263K(10368K)->10263K(10368K) Class: 1540K(1664K)->1540K(1664K)
[186.326s][info][gc             ] GC(638) Pause Young (Allocation Failure) 1176M->84M(3959M) 1.721ms
[186.326s][info][gc,cpu         ] GC(638) User=0.02s Sys=0.00s Real=0.00s
[186.596s][info][gc,start       ] GC(639) Pause Young (Allocation Failure)
[186.597s][info][gc,heap        ] GC(639) DefNew: 1120438K(1258304K)->2153K(1258304K) Eden: 1118528K(1118528K)->0K(1118528K) From: 1910K(139776K)->2153K(139776K)
[186.598s][info][gc,heap        ] GC(639) Tenured: 85003K(2796224K)->85003K(2796224K)
[186.598s][info][gc,metaspace   ] GC(639) Metaspace: 11803K(12032K)->11803K(12032K) NonClass: 10263K(10368K)->10263K(10368K) Class: 1540K(1664K)->1540K(1664K)
[186.598s][info][gc             ] GC(639) Pause Young (Allocation Failure) 1177M->85M(3959M) 1.811ms
[186.598s][info][gc,cpu         ] GC(639) User=0.00s Sys=0.00s Real=0.00s
[186.873s][info][gc,start       ] GC(640) Pause Young (Allocation Failure)
[186.873s][info][gc,heap        ] GC(640) DefNew: 1120681K(1258304K)->643K(1258304K) Eden: 1118528K(1118528K)->0K(1118528K) From: 2153K(139776K)->643K(139776K)
[186.873s][info][gc,heap        ] GC(640) Tenured: 85003K(2796224K)->85003K(2796224K)
[186.873s][info][gc,metaspace   ] GC(640) Metaspace: 11803K(12032K)->11803K(12032K) NonClass: 10263K(10368K)->10263K(10368K) Class: 1540K(1664K)->1540K(1664K)
[186.873s][info][gc             ] GC(640) Pause Young (Allocation Failure) 1177M->83M(3959M) 0.847ms
[186.873s][info][gc,cpu         ] GC(640) User=0.00s Sys=0.00s Real=0.00s
[187.143s][info][gc,start       ] GC(641) Pause Full (System.gc())
[187.143s][info][gc,phases,start] GC(641) Phase 1: Mark live objects
[187.188s][info][gc,phases      ] GC(641) Phase 1: Mark live objects 44.695ms
[187.188s][info][gc,phases,start] GC(641) Phase 2: Compute new object addresses
[187.271s][info][gc,phases      ] GC(641) Phase 2: Compute new object addresses 83.201ms
[187.271s][info][gc,phases,start] GC(641) Phase 3: Adjust pointers
[187.293s][info][gc,phases      ] GC(641) Phase 3: Adjust pointers 22.292ms
[187.294s][info][gc,phases,start] GC(641) Phase 4: Move objects
[187.294s][info][gc,phases      ] GC(641) Phase 4: Move objects 0.010ms
[187.294s][info][gc,heap        ] GC(641) DefNew: 1101910K(1258304K)->0K(1258304K) Eden: 1101267K(1118528K)->0K(1118528K) From: 643K(139776K)->0K(139776K)
[187.294s][info][gc,heap        ] GC(641) Tenured: 85003K(2796224K)->85003K(2796224K)
[187.294s][info][gc,metaspace   ] GC(641) Metaspace: 11803K(12032K)->11803K(12032K) NonClass: 10263K(10368K)->10263K(10368K) Class: 1540K(1664K)->1540K(1664K)
[187.294s][info][gc             ] GC(641) Pause Full (System.gc()) 1159M->83M(3959M) 150.492ms
[187.294s][info][gc,cpu         ] GC(641) User=0.12s Sys=0.02s Real=0.14s
[187.570s][info][gc,start       ] GC(642) Pause Young (Allocation Failure)
[187.571s][info][gc,heap        ] GC(642) DefNew: 1118528K(1258304K)->893K(1258304K) Eden: 1118528K(1118528K)->0K(1118528K) From: 0K(139776K)->893K(139776K)
[187.571s][info][gc,heap        ] GC(642) Tenured: 85003K(2796224K)->85003K(2796224K)
[187.571s][info][gc,metaspace   ] GC(642) Metaspace: 11803K(12032K)->11803K(12032K) NonClass: 10263K(10368K)->10263K(10368K) Class: 1540K(1664K)->1540K(1664K)
[187.571s][info][gc             ] GC(642) Pause Young (Allocation Failure) 1175M->83M(3959M) 0.977ms
[187.571s][info][gc,cpu         ] GC(642) User=0.00s Sys=0.00s Real=0.00s
[187.840s][info][gc,start       ] GC(643) Pause Young (Allocation Failure)
[187.842s][info][gc,heap        ] GC(643) DefNew: 1119421K(1258304K)->1692K(1258304K) Eden: 1118528K(1118528K)->0K(1118528K) From: 893K(139776K)->1692K(139776K)
[187.842s][info][gc,heap        ] GC(643) Tenured: 85003K(2796224K)->85003K(2796224K)
[187.842s][info][gc,metaspace   ] GC(643) Metaspace: 11803K(12032K)->11803K(12032K) NonClass: 10263K(10368K)->10263K(10368K) Class: 1540K(1664K)->1540K(1664K)
[187.842s][info][gc             ] GC(643) Pause Young (Allocation Failure) 1176M->84M(3959M) 1.591ms
[187.842s][info][gc,cpu         ] GC(643) User=0.00s Sys=0.00s Real=0.00s
[188.118s][info][gc,start       ] GC(644) Pause Young (Allocation Failure)
[188.120s][info][gc,heap        ] GC(644) DefNew: 1120220K(1258304K)->2642K(1258304K) Eden: 1118528K(1118528K)->0K(1118528K) From: 1692K(139776K)->2642K(139776K)
[188.120s][info][gc,heap        ] GC(644) Tenured: 85003K(2796224K)->85003K(2796224K)
[188.120s][info][gc,metaspace   ] GC(644) Metaspace: 11803K(12032K)->11803K(12032K) NonClass: 10263K(10368K)->10263K(10368K) Class: 1540K(1664K)->1540K(1664K)
[188.121s][info][gc             ] GC(644) Pause Young (Allocation Failure) 1176M->85M(3959M) 2.247ms
[188.121s][info][gc,cpu         ] GC(644) User=0.00s Sys=0.00s Real=0.00s
[188.394s][info][gc,start       ] GC(645) Pause Young (Allocation Failure)
[188.395s][info][gc,heap        ] GC(645) DefNew: 1120945K(1258304K)->414K(1258304K) Eden: 1118303K(1118528K)->0K(1118528K) From: 2642K(139776K)->414K(139776K)
[188.395s][info][gc,heap        ] GC(645) Tenured: 85003K(2796224K)->85003K(2796224K)
[188.395s][info][gc,metaspace   ] GC(645) Metaspace: 11803K(12032K)->11803K(12032K) NonClass: 10263K(10368K)->10263K(10368K) Class: 1540K(1664K)->1540K(1664K)
[188.395s][info][gc             ] GC(645) Pause Young (Allocation Failure) 1177M->83M(3959M) 0.678ms
[188.395s][info][gc,cpu         ] GC(645) User=0.00s Sys=0.00s Real=0.00s
[188.665s][info][gc,start       ] GC(646) Pause Young (Allocation Failure)
[188.666s][info][gc,heap        ] GC(646) DefNew: 1118942K(1258304K)->1163K(1258304K) Eden: 1118528K(1118528K)->0K(1118528K) From: 414K(139776K)->1163K(139776K)
[188.667s][info][gc,heap        ] GC(646) Tenured: 85003K(2796224K)->85003K(2796224K)
[188.667s][info][gc,metaspace   ] GC(646) Metaspace: 11803K(12032K)->11803K(12032K) NonClass: 10263K(10368K)->10263K(10368K) Class: 1540K(1664K)->1540K(1664K)
[188.667s][info][gc             ] GC(646) Pause Young (Allocation Failure) 1175M->84M(3959M) 1.183ms
[188.667s][info][gc,cpu         ] GC(646) User=0.00s Sys=0.00s Real=0.00s
[188.941s][info][gc,start       ] GC(647) Pause Young (Allocation Failure)
[188.942s][info][gc,heap        ] GC(647) DefNew: 1119691K(1258304K)->1810K(1258304K) Eden: 1118528K(1118528K)->0K(1118528K) From: 1163K(139776K)->1810K(139776K)
[188.942s][info][gc,heap        ] GC(647) Tenured: 85003K(2796224K)->85003K(2796224K)
[188.942s][info][gc,metaspace   ] GC(647) Metaspace: 11803K(12032K)->11803K(12032K) NonClass: 10263K(10368K)->10263K(10368K) Class: 1540K(1664K)->1540K(1664K)
[188.942s][info][gc             ] GC(647) Pause Young (Allocation Failure) 1176M->84M(3959M) 1.658ms
[188.942s][info][gc,cpu         ] GC(647) User=0.00s Sys=0.00s Real=0.00s
[189.213s][info][gc,start       ] GC(648) Pause Young (Allocation Failure)
[189.215s][info][gc,heap        ] GC(648) DefNew: 1120163K(1258304K)->2546K(1258304K) Eden: 1118352K(1118528K)->0K(1118528K) From: 1810K(139776K)->2546K(139776K)
[189.215s][info][gc,heap        ] GC(648) Tenured: 85003K(2796224K)->85003K(2796224K)
[189.215s][info][gc,metaspace   ] GC(648) Metaspace: 11803K(12032K)->11803K(12032K) NonClass: 10263K(10368K)->10263K(10368K) Class: 1540K(1664K)->1540K(1664K)
[189.215s][info][gc             ] GC(648) Pause Young (Allocation Failure) 1176M->85M(3959M) 2.202ms
[189.215s][info][gc,cpu         ] GC(648) User=0.00s Sys=0.00s Real=0.00s
[189.489s][info][gc,start       ] GC(649) Pause Young (Allocation Failure)
[189.489s][info][gc,heap        ] GC(649) DefNew: 1121074K(1258304K)->493K(1258304K) Eden: 1118528K(1118528K)->0K(1118528K) From: 2546K(139776K)->493K(139776K)
[189.489s][info][gc,heap        ] GC(649) Tenured: 85003K(2796224K)->85003K(2796224K)
[189.489s][info][gc,metaspace   ] GC(649) Metaspace: 11803K(12032K)->11803K(12032K) NonClass: 10263K(10368K)->10263K(10368K) Class: 1540K(1664K)->1540K(1664K)
[189.489s][info][gc             ] GC(649) Pause Young (Allocation Failure) 1177M->83M(3959M) 0.736ms
[189.489s][info][gc,cpu         ] GC(649) User=0.00s Sys=0.00s Real=0.00s
[189.756s][info][gc,start       ] GC(650) Pause Full (System.gc())
[189.756s][info][gc,phases,start] GC(650) Phase 1: Mark live objects
[189.800s][info][gc,phases      ] GC(650) Phase 1: Mark live objects 44.429ms
[189.800s][info][gc,phases,start] GC(650) Phase 2: Compute new object addresses
[189.885s][info][gc,phases      ] GC(650) Phase 2: Compute new object addresses 84.725ms
[189.885s][info][gc,phases,start] GC(650) Phase 3: Adjust pointers
[189.907s][info][gc,phases      ] GC(650) Phase 3: Adjust pointers 22.465ms
[189.907s][info][gc,phases,start] GC(650) Phase 4: Move objects
[189.908s][info][gc,phases      ] GC(650) Phase 4: Move objects 0.009ms
[189.908s][info][gc,heap        ] GC(650) DefNew: 1101849K(1258304K)->0K(1258304K) Eden: 1101355K(1118528K)->0K(1118528K) From: 493K(139776K)->0K(139776K)
[189.908s][info][gc,heap        ] GC(650) Tenured: 85003K(2796224K)->85003K(2796224K)
[189.908s][info][gc,metaspace   ] GC(650) Metaspace: 11803K(12032K)->11803K(12032K) NonClass: 10263K(10368K)->10263K(10368K) Class: 1540K(1664K)->1540K(1664K)
[189.908s][info][gc             ] GC(650) Pause Full (System.gc()) 1159M->83M(3959M) 151.943ms
[189.908s][info][gc,cpu         ] GC(650) User=0.16s Sys=0.00s Real=0.15s
[190.184s][info][gc,start       ] GC(651) Pause Young (Allocation Failure)
[190.185s][info][gc,heap        ] GC(651) DefNew: 1118528K(1258304K)->1018K(1258304K) Eden: 1118528K(1118528K)->0K(1118528K) From: 0K(139776K)->1018K(139776K)
[190.185s][info][gc,heap        ] GC(651) Tenured: 85003K(2796224K)->85003K(2796224K)
[190.185s][info][gc,metaspace   ] GC(651) Metaspace: 11803K(12032K)->11803K(12032K) NonClass: 10263K(10368K)->10263K(10368K) Class: 1540K(1664K)->1540K(1664K)
[190.185s][info][gc             ] GC(651) Pause Young (Allocation Failure) 1175M->84M(3959M) 1.107ms
[190.185s][info][gc,cpu         ] GC(651) User=0.02s Sys=0.00s Real=0.00s
[190.453s][info][gc,start       ] GC(652) Pause Young (Allocation Failure)
[190.455s][info][gc,heap        ] GC(652) DefNew: 1119546K(1258304K)->1839K(1258304K) Eden: 1118528K(1118528K)->0K(1118528K) From: 1018K(139776K)->1839K(139776K)
[190.455s][info][gc,heap        ] GC(652) Tenured: 85003K(2796224K)->85003K(2796224K)
[190.455s][info][gc,metaspace   ] GC(652) Metaspace: 11803K(12032K)->11803K(12032K) NonClass: 10263K(10368K)->10263K(10368K) Class: 1540K(1664K)->1540K(1664K)
[190.455s][info][gc             ] GC(652) Pause Young (Allocation Failure) 1176M->84M(3959M) 1.642ms
[190.455s][info][gc,cpu         ] GC(652) User=0.00s Sys=0.00s Real=0.00s
[190.724s][info][gc,start       ] GC(653) Pause Young (Allocation Failure)
[190.726s][info][gc,heap        ] GC(653) DefNew: 1120351K(1258304K)->2412K(1258304K) Eden: 1118512K(1118528K)->0K(1118528K) From: 1839K(139776K)->2412K(139776K)
[190.726s][info][gc,heap        ] GC(653) Tenured: 85003K(2796224K)->85003K(2796224K)
[190.726s][info][gc,metaspace   ] GC(653) Metaspace: 11803K(12032K)->11803K(12032K) NonClass: 10263K(10368K)->10263K(10368K) Class: 1540K(1664K)->1540K(1664K)
[190.726s][info][gc             ] GC(653) Pause Young (Allocation Failure) 1177M->85M(3959M) 1.995ms
[190.726s][info][gc,cpu         ] GC(653) User=0.00s Sys=0.00s Real=0.00s
[191.004s][info][gc,start       ] GC(654) Pause Young (Allocation Failure)
[191.004s][info][gc,heap        ] GC(654) DefNew: 1120940K(1258304K)->53K(1258304K) Eden: 1118528K(1118528K)->0K(1118528K) From: 2412K(139776K)->53K(139776K)
[191.004s][info][gc,heap        ] GC(654) Tenured: 85003K(2796224K)->85003K(2796224K)
[191.004s][info][gc,metaspace   ] GC(654) Metaspace: 11803K(12032K)->11803K(12032K) NonClass: 10263K(10368K)->10263K(10368K) Class: 1540K(1664K)->1540K(1664K)
[191.004s][info][gc             ] GC(654) Pause Young (Allocation Failure) 1177M->83M(3959M) 0.378ms
[191.004s][info][gc,cpu         ] GC(654) User=0.00s Sys=0.00s Real=0.00s
[191.273s][info][gc,start       ] GC(655) Pause Young (Allocation Failure)
[191.274s][info][gc,heap        ] GC(655) DefNew: 1118581K(1258304K)->839K(1258304K) Eden: 1118528K(1118528K)->0K(1118528K) From: 53K(139776K)->839K(139776K)
[191.274s][info][gc,heap        ] GC(655) Tenured: 85003K(2796224K)->85003K(2796224K)
[191.274s][info][gc,metaspace   ] GC(655) Metaspace: 11803K(12032K)->11803K(12032K) NonClass: 10263K(10368K)->10263K(10368K) Class: 1540K(1664K)->1540K(1664K)
[191.274s][info][gc             ] GC(655) Pause Young (Allocation Failure) 1175M->83M(3959M) 0.914ms
[191.274s][info][gc,cpu         ] GC(655) User=0.00s Sys=0.00s Real=0.00s
[191.544s][info][gc,start       ] GC(656) Pause Young (Allocation Failure)
[191.546s][info][gc,heap        ] GC(656) DefNew: 1119329K(1258304K)->1953K(1258304K) Eden: 1118489K(1118528K)->0K(1118528K) From: 839K(139776K)->1953K(139776K)
[191.546s][info][gc,heap        ] GC(656) Tenured: 85003K(2796224K)->85003K(2796224K)
[191.546s][info][gc,metaspace   ] GC(656) Metaspace: 11803K(12032K)->11803K(12032K) NonClass: 10263K(10368K)->10263K(10368K) Class: 1540K(1664K)->1540K(1664K)
[191.546s][info][gc             ] GC(656) Pause Young (Allocation Failure) 1176M->84M(3959M) 1.709ms
[191.546s][info][gc,cpu         ] GC(656) User=0.00s Sys=0.00s Real=0.00s
[191.816s][info][gc,start       ] GC(657) Pause Young (Allocation Failure)
[191.818s][info][gc,heap        ] GC(657) DefNew: 1120481K(1258304K)->2253K(1258304K) Eden: 1118528K(1118528K)->0K(1118528K) From: 1953K(139776K)->2253K(139776K)
[191.818s][info][gc,heap        ] GC(657) Tenured: 85003K(2796224K)->85003K(2796224K)
[191.818s][info][gc,metaspace   ] GC(657) Metaspace: 11803K(12032K)->11803K(12032K) NonClass: 10263K(10368K)->10263K(10368K) Class: 1540K(1664K)->1540K(1664K)
[191.818s][info][gc             ] GC(657) Pause Young (Allocation Failure) 1177M->85M(3959M) 1.957ms
[191.818s][info][gc,cpu         ] GC(657) User=0.00s Sys=0.00s Real=0.00s
[192.097s][info][gc,start       ] GC(658) Pause Young (Allocation Failure)
[192.098s][info][gc,heap        ] GC(658) DefNew: 1120621K(1258304K)->446K(1258304K) Eden: 1118368K(1118528K)->0K(1118528K) From: 2253K(139776K)->446K(139776K)
[192.098s][info][gc,heap        ] GC(658) Tenured: 85003K(2796224K)->85003K(2796224K)
[192.098s][info][gc,metaspace   ] GC(658) Metaspace: 11803K(12032K)->11803K(12032K) NonClass: 10263K(10368K)->10263K(10368K) Class: 1540K(1664K)->1540K(1664K)
[192.098s][info][gc             ] GC(658) Pause Young (Allocation Failure) 1177M->83M(3959M) 0.687ms
[192.098s][info][gc,cpu         ] GC(658) User=0.00s Sys=0.00s Real=0.00s
[192.364s][info][gc,start       ] GC(659) Pause Full (System.gc())
[192.364s][info][gc,phases,start] GC(659) Phase 1: Mark live objects
[192.409s][info][gc,phases      ] GC(659) Phase 1: Mark live objects 45.142ms
[192.409s][info][gc,phases,start] GC(659) Phase 2: Compute new object addresses
[192.493s][info][gc,phases      ] GC(659) Phase 2: Compute new object addresses 83.494ms
[192.493s][info][gc,phases,start] GC(659) Phase 3: Adjust pointers
[192.516s][info][gc,phases      ] GC(659) Phase 3: Adjust pointers 22.522ms
[192.516s][info][gc,phases,start] GC(659) Phase 4: Move objects
[192.516s][info][gc,phases      ] GC(659) Phase 4: Move objects 0.012ms
[192.516s][info][gc,heap        ] GC(659) DefNew: 1101652K(1258304K)->0K(1258304K) Eden: 1101206K(1118528K)->0K(1118528K) From: 446K(139776K)->0K(139776K)
[192.516s][info][gc,heap        ] GC(659) Tenured: 85003K(2796224K)->85003K(2796224K)
[192.516s][info][gc,metaspace   ] GC(659) Metaspace: 11803K(12032K)->11803K(12032K) NonClass: 10263K(10368K)->10263K(10368K) Class: 1540K(1664K)->1540K(1664K)
[192.516s][info][gc             ] GC(659) Pause Full (System.gc()) 1158M->83M(3959M) 151.464ms
[192.516s][info][gc,cpu         ] GC(659) User=0.16s Sys=0.00s Real=0.15s
[192.790s][info][gc,start       ] GC(660) Pause Young (Allocation Failure)
[192.791s][info][gc,heap        ] GC(660) DefNew: 1118528K(1258304K)->790K(1258304K) Eden: 1118528K(1118528K)->0K(1118528K) From: 0K(139776K)->790K(139776K)
[192.791s][info][gc,heap        ] GC(660) Tenured: 85003K(2796224K)->85003K(2796224K)
[192.791s][info][gc,metaspace   ] GC(660) Metaspace: 11803K(12032K)->11803K(12032K) NonClass: 10263K(10368K)->10263K(10368K) Class: 1540K(1664K)->1540K(1664K)
[192.791s][info][gc             ] GC(660) Pause Young (Allocation Failure) 1175M->83M(3959M) 1.056ms
[192.791s][info][gc,cpu         ] GC(660) User=0.00s Sys=0.00s Real=0.00s
[193.068s][info][gc,start       ] GC(661) Pause Young (Allocation Failure)
[193.070s][info][gc,heap        ] GC(661) DefNew: 1119318K(1258304K)->1500K(1258304K) Eden: 1118528K(1118528K)->0K(1118528K) From: 790K(139776K)->1500K(139776K)
[193.070s][info][gc,heap        ] GC(661) Tenured: 85003K(2796224K)->85003K(2796224K)
[193.070s][info][gc,metaspace   ] GC(661) Metaspace: 11803K(12032K)->11803K(12032K) NonClass: 10263K(10368K)->10263K(10368K) Class: 1540K(1664K)->1540K(1664K)
[193.070s][info][gc             ] GC(661) Pause Young (Allocation Failure) 1176M->84M(3959M) 1.384ms
[193.070s][info][gc,cpu         ] GC(661) User=0.00s Sys=0.00s Real=0.00s
[193.340s][info][gc,start       ] GC(662) Pause Young (Allocation Failure)
[193.342s][info][gc,heap        ] GC(662) DefNew: 1120028K(1258304K)->2289K(1258304K) Eden: 1118528K(1118528K)->0K(1118528K) From: 1500K(139776K)->2289K(139776K)
[193.342s][info][gc,heap        ] GC(662) Tenured: 85003K(2796224K)->85003K(2796224K)
[193.342s][info][gc,metaspace   ] GC(662) Metaspace: 11803K(12032K)->11803K(12032K) NonClass: 10263K(10368K)->10263K(10368K) Class: 1540K(1664K)->1540K(1664K)
[193.342s][info][gc             ] GC(662) Pause Young (Allocation Failure) 1176M->85M(3959M) 1.911ms
[193.342s][info][gc,cpu         ] GC(662) User=0.00s Sys=0.00s Real=0.00s
[193.614s][info][gc,start       ] GC(663) Pause Young (Allocation Failure)
[193.614s][info][gc,heap        ] GC(663) DefNew: 1120817K(1258304K)->97K(1258304K) Eden: 1118528K(1118528K)->0K(1118528K) From: 2289K(139776K)->97K(139776K)
[193.614s][info][gc,heap        ] GC(663) Tenured: 85003K(2796224K)->85003K(2796224K)
[193.614s][info][gc,metaspace   ] GC(663) Metaspace: 11803K(12032K)->11803K(12032K) NonClass: 10263K(10368K)->10263K(10368K) Class: 1540K(1664K)->1540K(1664K)
[193.614s][info][gc             ] GC(663) Pause Young (Allocation Failure) 1177M->83M(3959M) 0.429ms
[193.614s][info][gc,cpu         ] GC(663) User=0.00s Sys=0.00s Real=0.00s
[193.888s][info][gc,start       ] GC(664) Pause Young (Allocation Failure)
[193.889s][info][gc,heap        ] GC(664) DefNew: 1118625K(1258304K)->1127K(1258304K) Eden: 1118528K(1118528K)->0K(1118528K) From: 97K(139776K)->1127K(139776K)
[193.889s][info][gc,heap        ] GC(664) Tenured: 85003K(2796224K)->85003K(2796224K)
[193.889s][info][gc,metaspace   ] GC(664) Metaspace: 11803K(12032K)->11803K(12032K) NonClass: 10263K(10368K)->10263K(10368K) Class: 1540K(1664K)->1540K(1664K)
[193.889s][info][gc             ] GC(664) Pause Young (Allocation Failure) 1175M->84M(3959M) 1.268ms
[193.889s][info][gc,cpu         ] GC(664) User=0.02s Sys=0.00s Real=0.00s
[194.163s][info][gc,start       ] GC(665) Pause Young (Allocation Failure)
[194.165s][info][gc,heap        ] GC(665) DefNew: 1119655K(1258304K)->1982K(1258304K) Eden: 1118528K(1118528K)->0K(1118528K) From: 1127K(139776K)->1982K(139776K)
[194.165s][info][gc,heap        ] GC(665) Tenured: 85003K(2796224K)->85003K(2796224K)
[194.165s][info][gc,metaspace   ] GC(665) Metaspace: 11803K(12032K)->11803K(12032K) NonClass: 10263K(10368K)->10263K(10368K) Class: 1540K(1664K)->1540K(1664K)
[194.165s][info][gc             ] GC(665) Pause Young (Allocation Failure) 1176M->84M(3959M) 1.727ms
[194.165s][info][gc,cpu         ] GC(665) User=0.00s Sys=0.00s Real=0.00s
[194.435s][info][gc,start       ] GC(666) Pause Young (Allocation Failure)
[194.436s][info][gc,heap        ] GC(666) DefNew: 1120510K(1258304K)->1960K(1258304K) Eden: 1118528K(1118528K)->0K(1118528K) From: 1982K(139776K)->1960K(139776K)
[194.436s][info][gc,heap        ] GC(666) Tenured: 85003K(2796224K)->85003K(2796224K)
[194.436s][info][gc,metaspace   ] GC(666) Metaspace: 11803K(12032K)->11803K(12032K) NonClass: 10263K(10368K)->10263K(10368K) Class: 1540K(1664K)->1540K(1664K)
[194.436s][info][gc             ] GC(666) Pause Young (Allocation Failure) 1177M->84M(3959M) 1.619ms
[194.436s][info][gc,cpu         ] GC(666) User=0.02s Sys=0.00s Real=0.00s
[194.710s][info][gc,start       ] GC(667) Pause Young (Allocation Failure)
[194.711s][info][gc,heap        ] GC(667) DefNew: 1120488K(1258304K)->1013K(1258304K) Eden: 1118528K(1118528K)->0K(1118528K) From: 1960K(139776K)->1013K(139776K)
[194.711s][info][gc,heap        ] GC(667) Tenured: 85003K(2796224K)->85003K(2796224K)
[194.711s][info][gc,metaspace   ] GC(667) Metaspace: 11803K(12032K)->11803K(12032K) NonClass: 10263K(10368K)->10263K(10368K) Class: 1540K(1664K)->1540K(1664K)
[194.711s][info][gc             ] GC(667) Pause Young (Allocation Failure) 1177M->84M(3959M) 1.068ms
[194.711s][info][gc,cpu         ] GC(667) User=0.00s Sys=0.00s Real=0.00s
[194.981s][info][gc,start       ] GC(668) Pause Full (System.gc())
[194.981s][info][gc,phases,start] GC(668) Phase 1: Mark live objects
[195.025s][info][gc,phases      ] GC(668) Phase 1: Mark live objects 44.412ms
[195.025s][info][gc,phases,start] GC(668) Phase 2: Compute new object addresses
[195.109s][info][gc,phases      ] GC(668) Phase 2: Compute new object addresses 83.111ms
[195.109s][info][gc,phases,start] GC(668) Phase 3: Adjust pointers
[195.131s][info][gc,phases      ] GC(668) Phase 3: Adjust pointers 22.203ms
[195.131s][info][gc,phases,start] GC(668) Phase 4: Move objects
[195.131s][info][gc,phases      ] GC(668) Phase 4: Move objects 0.009ms
[195.131s][info][gc,heap        ] GC(668) DefNew: 1096145K(1258304K)->0K(1258304K) Eden: 1095132K(1118528K)->0K(1118528K) From: 1013K(139776K)->0K(139776K)
[195.131s][info][gc,heap        ] GC(668) Tenured: 85003K(2796224K)->85003K(2796224K)
[195.131s][info][gc,metaspace   ] GC(668) Metaspace: 11803K(12032K)->11803K(12032K) NonClass: 10263K(10368K)->10263K(10368K) Class: 1540K(1664K)->1540K(1664K)
[195.131s][info][gc             ] GC(668) Pause Full (System.gc()) 1153M->83M(3959M) 150.052ms
[195.131s][info][gc,cpu         ] GC(668) User=0.16s Sys=0.00s Real=0.14s
[195.407s][info][gc,start       ] GC(669) Pause Young (Allocation Failure)
[195.408s][info][gc,heap        ] GC(669) DefNew: 1118528K(1258304K)->970K(1258304K) Eden: 1118528K(1118528K)->0K(1118528K) From: 0K(139776K)->970K(139776K)
[195.408s][info][gc,heap        ] GC(669) Tenured: 85003K(2796224K)->85003K(2796224K)
[195.408s][info][gc,metaspace   ] GC(669) Metaspace: 11803K(12032K)->11803K(12032K) NonClass: 10263K(10368K)->10263K(10368K) Class: 1540K(1664K)->1540K(1664K)
[195.408s][info][gc             ] GC(669) Pause Young (Allocation Failure) 1175M->83M(3959M) 1.037ms
[195.408s][info][gc,cpu         ] GC(669) User=0.00s Sys=0.00s Real=0.00s
[195.678s][info][gc,start       ] GC(670) Pause Young (Allocation Failure)
[195.679s][info][gc,heap        ] GC(670) DefNew: 1119498K(1258304K)->1939K(1258304K) Eden: 1118528K(1118528K)->0K(1118528K) From: 970K(139776K)->1939K(139776K)
[195.679s][info][gc,heap        ] GC(670) Tenured: 85003K(2796224K)->85003K(2796224K)
[195.679s][info][gc,metaspace   ] GC(670) Metaspace: 11803K(12032K)->11803K(12032K) NonClass: 10263K(10368K)->10263K(10368K) Class: 1540K(1664K)->1540K(1664K)
[195.679s][info][gc             ] GC(670) Pause Young (Allocation Failure) 1176M->84M(3959M) 1.709ms
[195.679s][info][gc,cpu         ] GC(670) User=0.00s Sys=0.00s Real=0.00s
[195.954s][info][gc,start       ] GC(671) Pause Young (Allocation Failure)
[195.956s][info][gc,heap        ] GC(671) DefNew: 1120467K(1258304K)->2591K(1258304K) Eden: 1118528K(1118528K)->0K(1118528K) From: 1939K(139776K)->2591K(139776K)
[195.956s][info][gc,heap        ] GC(671) Tenured: 85003K(2796224K)->85003K(2796224K)
[195.956s][info][gc,metaspace   ] GC(671) Metaspace: 11803K(12032K)->11803K(12032K) NonClass: 10263K(10368K)->10263K(10368K) Class: 1540K(1664K)->1540K(1664K)
[195.956s][info][gc             ] GC(671) Pause Young (Allocation Failure) 1177M->85M(3959M) 2.212ms
[195.956s][info][gc,cpu         ] GC(671) User=0.00s Sys=0.00s Real=0.00s
[196.230s][info][gc,start       ] GC(672) Pause Young (Allocation Failure)
[196.231s][info][gc,heap        ] GC(672) DefNew: 1121119K(1258304K)->331K(1258304K) Eden: 1118528K(1118528K)->0K(1118528K) From: 2591K(139776K)->331K(139776K)
[196.231s][info][gc,heap        ] GC(672) Tenured: 85003K(2796224K)->85003K(2796224K)
[196.231s][info][gc,metaspace   ] GC(672) Metaspace: 11803K(12032K)->11803K(12032K) NonClass: 10263K(10368K)->10263K(10368K) Class: 1540K(1664K)->1540K(1664K)
[196.231s][info][gc             ] GC(672) Pause Young (Allocation Failure) 1177M->83M(3959M) 0.607ms
[196.231s][info][gc,cpu         ] GC(672) User=0.00s Sys=0.00s Real=0.00s
[196.500s][info][gc,start       ] GC(673) Pause Young (Allocation Failure)
[196.501s][info][gc,heap        ] GC(673) DefNew: 1118859K(1258304K)->957K(1258304K) Eden: 1118528K(1118528K)->0K(1118528K) From: 331K(139776K)->957K(139776K)
[196.501s][info][gc,heap        ] GC(673) Tenured: 85003K(2796224K)->85003K(2796224K)
[196.501s][info][gc,metaspace   ] GC(673) Metaspace: 11803K(12032K)->11803K(12032K) NonClass: 10263K(10368K)->10263K(10368K) Class: 1540K(1664K)->1540K(1664K)
[196.501s][info][gc             ] GC(673) Pause Young (Allocation Failure) 1175M->83M(3959M) 1.052ms
[196.501s][info][gc,cpu         ] GC(673) User=0.00s Sys=0.00s Real=0.00s
[196.770s][info][gc,start       ] GC(674) Pause Young (Allocation Failure)
[196.772s][info][gc,heap        ] GC(674) DefNew: 1119485K(1258304K)->1570K(1258304K) Eden: 1118528K(1118528K)->0K(1118528K) From: 957K(139776K)->1570K(139776K)
[196.772s][info][gc,heap        ] GC(674) Tenured: 85003K(2796224K)->85003K(2796224K)
[196.772s][info][gc,metaspace   ] GC(674) Metaspace: 11803K(12032K)->11803K(12032K) NonClass: 10263K(10368K)->10263K(10368K) Class: 1540K(1664K)->1540K(1664K)
[196.772s][info][gc             ] GC(674) Pause Young (Allocation Failure) 1176M->84M(3959M) 1.466ms
[196.772s][info][gc,cpu         ] GC(674) User=0.00s Sys=0.00s Real=0.00s
[197.047s][info][gc,start       ] GC(675) Pause Young (Allocation Failure)
[197.049s][info][gc,heap        ] GC(675) DefNew: 1120098K(1258304K)->2802K(1258304K) Eden: 1118528K(1118528K)->0K(1118528K) From: 1570K(139776K)->2802K(139776K)
[197.049s][info][gc,heap        ] GC(675) Tenured: 85003K(2796224K)->85003K(2796224K)
[197.049s][info][gc,metaspace   ] GC(675) Metaspace: 11803K(12032K)->11803K(12032K) NonClass: 10263K(10368K)->10263K(10368K) Class: 1540K(1664K)->1540K(1664K)
[197.049s][info][gc             ] GC(675) Pause Young (Allocation Failure) 1176M->85M(3959M) 2.365ms
[197.049s][info][gc,cpu         ] GC(675) User=0.00s Sys=0.00s Real=0.00s
[197.327s][info][gc,start       ] GC(676) Pause Young (Allocation Failure)
[197.327s][info][gc,heap        ] GC(676) DefNew: 1121330K(1258304K)->228K(1258304K) Eden: 1118528K(1118528K)->0K(1118528K) From: 2802K(139776K)->228K(139776K)
[197.327s][info][gc,heap        ] GC(676) Tenured: 85003K(2796224K)->85003K(2796224K)
[197.327s][info][gc,metaspace   ] GC(676) Metaspace: 11803K(12032K)->11803K(12032K) NonClass: 10263K(10368K)->10263K(10368K) Class: 1540K(1664K)->1540K(1664K)
[197.327s][info][gc             ] GC(676) Pause Young (Allocation Failure) 1178M->83M(3959M) 0.520ms
[197.327s][info][gc,cpu         ] GC(676) User=0.00s Sys=0.00s Real=0.00s
[197.594s][info][gc,start       ] GC(677) Pause Full (System.gc())
[197.594s][info][gc,phases,start] GC(677) Phase 1: Mark live objects
[197.640s][info][gc,phases      ] GC(677) Phase 1: Mark live objects 45.174ms
[197.640s][info][gc,phases,start] GC(677) Phase 2: Compute new object addresses
[197.724s][info][gc,phases      ] GC(677) Phase 2: Compute new object addresses 83.984ms
[197.724s][info][gc,phases,start] GC(677) Phase 3: Adjust pointers
[197.746s][info][gc,phases      ] GC(677) Phase 3: Adjust pointers 22.690ms
[197.746s][info][gc,phases,start] GC(677) Phase 4: Move objects
[197.746s][info][gc,phases      ] GC(677) Phase 4: Move objects 0.010ms
[197.746s][info][gc,heap        ] GC(677) DefNew: 1102671K(1258304K)->0K(1258304K) Eden: 1102443K(1118528K)->0K(1118528K) From: 228K(139776K)->0K(139776K)
[197.746s][info][gc,heap        ] GC(677) Tenured: 85003K(2796224K)->85003K(2796224K)
[197.746s][info][gc,metaspace   ] GC(677) Metaspace: 11803K(12032K)->11803K(12032K) NonClass: 10263K(10368K)->10263K(10368K) Class: 1540K(1664K)->1540K(1664K)
[197.746s][info][gc             ] GC(677) Pause Full (System.gc()) 1159M->83M(3959M) 152.160ms
[197.747s][info][gc,cpu         ] GC(677) User=0.14s Sys=0.00s Real=0.15s
[198.027s][info][gc,start       ] GC(678) Pause Young (Allocation Failure)
[198.028s][info][gc,heap        ] GC(678) DefNew: 1118528K(1258304K)->782K(1258304K) Eden: 1118528K(1118528K)->0K(1118528K) From: 0K(139776K)->782K(139776K)
[198.028s][info][gc,heap        ] GC(678) Tenured: 85003K(2796224K)->85003K(2796224K)
[198.028s][info][gc,metaspace   ] GC(678) Metaspace: 11803K(12032K)->11803K(12032K) NonClass: 10263K(10368K)->10263K(10368K) Class: 1540K(1664K)->1540K(1664K)
[198.028s][info][gc             ] GC(678) Pause Young (Allocation Failure) 1175M->83M(3959M) 0.884ms
[198.028s][info][gc,cpu         ] GC(678) User=0.00s Sys=0.00s Real=0.00s
[198.299s][info][gc,start       ] GC(679) Pause Young (Allocation Failure)
[198.300s][info][gc,heap        ] GC(679) DefNew: 1119310K(1258304K)->1743K(1258304K) Eden: 1118528K(1118528K)->0K(1118528K) From: 782K(139776K)->1743K(139776K)
[198.300s][info][gc,heap        ] GC(679) Tenured: 85003K(2796224K)->85003K(2796224K)
[198.300s][info][gc,metaspace   ] GC(679) Metaspace: 11803K(12032K)->11803K(12032K) NonClass: 10263K(10368K)->10263K(10368K) Class: 1540K(1664K)->1540K(1664K)
[198.300s][info][gc             ] GC(679) Pause Young (Allocation Failure) 1176M->84M(3959M) 1.611ms
[198.300s][info][gc,cpu         ] GC(679) User=0.00s Sys=0.00s Real=0.00s
[198.569s][info][gc,start       ] GC(680) Pause Young (Allocation Failure)
[198.571s][info][gc,heap        ] GC(680) DefNew: 1120271K(1258304K)->2254K(1258304K) Eden: 1118528K(1118528K)->0K(1118528K) From: 1743K(139776K)->2254K(139776K)
[198.571s][info][gc,heap        ] GC(680) Tenured: 85003K(2796224K)->85003K(2796224K)
[198.571s][info][gc,metaspace   ] GC(680) Metaspace: 11803K(12032K)->11803K(12032K) NonClass: 10263K(10368K)->10263K(10368K) Class: 1540K(1664K)->1540K(1664K)
[198.571s][info][gc             ] GC(680) Pause Young (Allocation Failure) 1177M->85M(3959M) 1.936ms
[198.571s][info][gc,cpu         ] GC(680) User=0.00s Sys=0.00s Real=0.00s
[198.844s][info][gc,start       ] GC(681) Pause Young (Allocation Failure)
[198.844s][info][gc,heap        ] GC(681) DefNew: 1120782K(1258304K)->263K(1258304K) Eden: 1118528K(1118528K)->0K(1118528K) From: 2254K(139776K)->263K(139776K)
[198.844s][info][gc,heap        ] GC(681) Tenured: 85003K(2796224K)->85003K(2796224K)
[198.844s][info][gc,metaspace   ] GC(681) Metaspace: 11803K(12032K)->11803K(12032K) NonClass: 10263K(10368K)->10263K(10368K) Class: 1540K(1664K)->1540K(1664K)
[198.844s][info][gc             ] GC(681) Pause Young (Allocation Failure) 1177M->83M(3959M) 0.570ms
[198.844s][info][gc,cpu         ] GC(681) User=0.00s Sys=0.00s Real=0.00s
[199.120s][info][gc,start       ] GC(682) Pause Young (Allocation Failure)
[199.121s][info][gc,heap        ] GC(682) DefNew: 1118791K(1258304K)->883K(1258304K) Eden: 1118528K(1118528K)->0K(1118528K) From: 263K(139776K)->883K(139776K)
[199.121s][info][gc,heap        ] GC(682) Tenured: 85003K(2796224K)->85003K(2796224K)
[199.121s][info][gc,metaspace   ] GC(682) Metaspace: 11803K(12032K)->11803K(12032K) NonClass: 10263K(10368K)->10263K(10368K) Class: 1540K(1664K)->1540K(1664K)
[199.121s][info][gc             ] GC(682) Pause Young (Allocation Failure) 1175M->83M(3959M) 0.946ms
[199.121s][info][gc,cpu         ] GC(682) User=0.00s Sys=0.00s Real=0.00s
[199.389s][info][gc,start       ] GC(683) Pause Young (Allocation Failure)
[199.391s][info][gc,heap        ] GC(683) DefNew: 1119411K(1258304K)->1781K(1258304K) Eden: 1118528K(1118528K)->0K(1118528K) From: 883K(139776K)->1781K(139776K)
[199.391s][info][gc,heap        ] GC(683) Tenured: 85003K(2796224K)->85003K(2796224K)
[199.391s][info][gc,metaspace   ] GC(683) Metaspace: 11803K(12032K)->11803K(12032K) NonClass: 10263K(10368K)->10263K(10368K) Class: 1540K(1664K)->1540K(1664K)
[199.391s][info][gc             ] GC(683) Pause Young (Allocation Failure) 1176M->84M(3959M) 1.606ms
[199.391s][info][gc,cpu         ] GC(683) User=0.00s Sys=0.00s Real=0.00s
[199.660s][info][gc,start       ] GC(684) Pause Young (Allocation Failure)
[199.662s][info][gc,heap        ] GC(684) DefNew: 1120309K(1258304K)->2421K(1258304K) Eden: 1118528K(1118528K)->0K(1118528K) From: 1781K(139776K)->2421K(139776K)
[199.662s][info][gc,heap        ] GC(684) Tenured: 85003K(2796224K)->85003K(2796224K)
[199.662s][info][gc,metaspace   ] GC(684) Metaspace: 11803K(12032K)->11803K(12032K) NonClass: 10263K(10368K)->10263K(10368K) Class: 1540K(1664K)->1540K(1664K)
[199.662s][info][gc             ] GC(684) Pause Young (Allocation Failure) 1177M->85M(3959M) 2.049ms
[199.662s][info][gc,cpu         ] GC(684) User=0.00s Sys=0.00s Real=0.00s
[199.948s][info][gc,start       ] GC(685) Pause Young (Allocation Failure)
[199.949s][info][gc,heap        ] GC(685) DefNew: 1120949K(1258304K)->1962K(1258304K) Eden: 1118528K(1118528K)->0K(1118528K) From: 2421K(139776K)->1962K(139776K)
[199.949s][info][gc,heap        ] GC(685) Tenured: 85003K(2796224K)->85003K(2796224K)
[199.949s][info][gc,metaspace   ] GC(685) Metaspace: 11803K(12032K)->11803K(12032K) NonClass: 10263K(10368K)->10263K(10368K) Class: 1540K(1664K)->1540K(1664K)
[199.949s][info][gc             ] GC(685) Pause Young (Allocation Failure) 1177M->84M(3959M) 1.626ms
[199.949s][info][gc,cpu         ] GC(685) User=0.00s Sys=0.00s Real=0.00s
[200.219s][info][gc,start       ] GC(686) Pause Full (System.gc())
[200.219s][info][gc,phases,start] GC(686) Phase 1: Mark live objects
[200.264s][info][gc,phases      ] GC(686) Phase 1: Mark live objects 44.859ms
[200.264s][info][gc,phases,start] GC(686) Phase 2: Compute new object addresses
[200.349s][info][gc,phases      ] GC(686) Phase 2: Compute new object addresses 84.751ms
[200.349s][info][gc,phases,start] GC(686) Phase 3: Adjust pointers
[200.371s][info][gc,phases      ] GC(686) Phase 3: Adjust pointers 22.008ms
[200.371s][info][gc,phases,start] GC(686) Phase 4: Move objects
[200.371s][info][gc,phases      ] GC(686) Phase 4: Move objects 0.009ms
[200.371s][info][gc,heap        ] GC(686) DefNew: 1109670K(1258304K)->0K(1258304K) Eden: 1107708K(1118528K)->0K(1118528K) From: 1962K(139776K)->0K(139776K)
[200.371s][info][gc,heap        ] GC(686) Tenured: 85003K(2796224K)->85003K(2796224K)
[200.371s][info][gc,metaspace   ] GC(686) Metaspace: 11803K(12032K)->11803K(12032K) NonClass: 10263K(10368K)->10263K(10368K) Class: 1540K(1664K)->1540K(1664K)
[200.371s][info][gc             ] GC(686) Pause Full (System.gc()) 1166M->83M(3959M) 151.919ms
[200.371s][info][gc,cpu         ] GC(686) User=0.14s Sys=0.00s Real=0.15s
[200.646s][info][gc,start       ] GC(687) Pause Young (Allocation Failure)
[200.647s][info][gc,heap        ] GC(687) DefNew: 1118528K(1258304K)->850K(1258304K) Eden: 1118528K(1118528K)->0K(1118528K) From: 0K(139776K)->850K(139776K)
[200.647s][info][gc,heap        ] GC(687) Tenured: 85003K(2796224K)->85003K(2796224K)
[200.647s][info][gc,metaspace   ] GC(687) Metaspace: 11803K(12032K)->11803K(12032K) NonClass: 10263K(10368K)->10263K(10368K) Class: 1540K(1664K)->1540K(1664K)
[200.647s][info][gc             ] GC(687) Pause Young (Allocation Failure) 1175M->83M(3959M) 0.946ms
[200.647s][info][gc,cpu         ] GC(687) User=0.00s Sys=0.00s Real=0.00s
[200.921s][info][gc,start       ] GC(688) Pause Young (Allocation Failure)
[200.923s][info][gc,heap        ] GC(688) DefNew: 1119378K(1258304K)->1631K(1258304K) Eden: 1118528K(1118528K)->0K(1118528K) From: 850K(139776K)->1631K(139776K)
[200.923s][info][gc,heap        ] GC(688) Tenured: 85003K(2796224K)->85003K(2796224K)
[200.923s][info][gc,metaspace   ] GC(688) Metaspace: 11803K(12032K)->11803K(12032K) NonClass: 10263K(10368K)->10263K(10368K) Class: 1540K(1664K)->1540K(1664K)
[200.923s][info][gc             ] GC(688) Pause Young (Allocation Failure) 1176M->84M(3959M) 1.547ms
[200.923s][info][gc,cpu         ] GC(688) User=0.00s Sys=0.00s Real=0.00s
[201.195s][info][gc,start       ] GC(689) Pause Young (Allocation Failure)
[201.197s][info][gc,heap        ] GC(689) DefNew: 1120159K(1258304K)->2094K(1258304K) Eden: 1118528K(1118528K)->0K(1118528K) From: 1631K(139776K)->2094K(139776K)
[201.197s][info][gc,heap        ] GC(689) Tenured: 85003K(2796224K)->85003K(2796224K)
[201.197s][info][gc,metaspace   ] GC(689) Metaspace: 11803K(12032K)->11803K(12032K) NonClass: 10263K(10368K)->10263K(10368K) Class: 1540K(1664K)->1540K(1664K)
[201.197s][info][gc             ] GC(689) Pause Young (Allocation Failure) 1176M->85M(3959M) 1.772ms
[201.197s][info][gc,cpu         ] GC(689) User=0.00s Sys=0.00s Real=0.00s
[201.468s][info][gc,start       ] GC(690) Pause Young (Allocation Failure)
[201.469s][info][gc,heap        ] GC(690) DefNew: 1120622K(1258304K)->1960K(1258304K) Eden: 1118528K(1118528K)->0K(1118528K) From: 2094K(139776K)->1960K(139776K)
[201.469s][info][gc,heap        ] GC(690) Tenured: 85003K(2796224K)->85003K(2796224K)
[201.469s][info][gc,metaspace   ] GC(690) Metaspace: 11803K(12032K)->11803K(12032K) NonClass: 10263K(10368K)->10263K(10368K) Class: 1540K(1664K)->1540K(1664K)
[201.470s][info][gc             ] GC(690) Pause Young (Allocation Failure) 1177M->84M(3959M) 1.627ms
[201.470s][info][gc,cpu         ] GC(690) User=0.00s Sys=0.00s Real=0.00s
[201.739s][info][gc,start       ] GC(691) Pause Young (Allocation Failure)
[201.740s][info][gc,heap        ] GC(691) DefNew: 1120488K(1258304K)->1011K(1258304K) Eden: 1118528K(1118528K)->0K(1118528K) From: 1960K(139776K)->1011K(139776K)
[201.740s][info][gc,heap        ] GC(691) Tenured: 85003K(2796224K)->85003K(2796224K)
[201.740s][info][gc,metaspace   ] GC(691) Metaspace: 11803K(12032K)->11803K(12032K) NonClass: 10263K(10368K)->10263K(10368K) Class: 1540K(1664K)->1540K(1664K)
[201.740s][info][gc             ] GC(691) Pause Young (Allocation Failure) 1177M->83M(3959M) 1.036ms
[201.740s][info][gc,cpu         ] GC(691) User=0.00s Sys=0.00s Real=0.00s
[202.015s][info][gc,start       ] GC(692) Pause Young (Allocation Failure)
[202.017s][info][gc,heap        ] GC(692) DefNew: 1119539K(1258304K)->1710K(1258304K) Eden: 1118528K(1118528K)->0K(1118528K) From: 1011K(139776K)->1710K(139776K)
[202.017s][info][gc,heap        ] GC(692) Tenured: 85003K(2796224K)->85003K(2796224K)
[202.017s][info][gc,metaspace   ] GC(692) Metaspace: 11803K(12032K)->11803K(12032K) NonClass: 10263K(10368K)->10263K(10368K) Class: 1540K(1664K)->1540K(1664K)
[202.017s][info][gc             ] GC(692) Pause Young (Allocation Failure) 1176M->84M(3959M) 1.576ms
[202.017s][info][gc,cpu         ] GC(692) User=0.00s Sys=0.00s Real=0.00s
[202.287s][info][gc,start       ] GC(693) Pause Young (Allocation Failure)
[202.289s][info][gc,heap        ] GC(693) DefNew: 1120238K(1258304K)->2026K(1258304K) Eden: 1118528K(1118528K)->0K(1118528K) From: 1710K(139776K)->2026K(139776K)
[202.289s][info][gc,heap        ] GC(693) Tenured: 85003K(2796224K)->85003K(2796224K)
[202.289s][info][gc,metaspace   ] GC(693) Metaspace: 11803K(12032K)->11803K(12032K) NonClass: 10263K(10368K)->10263K(10368K) Class: 1540K(1664K)->1540K(1664K)
[202.289s][info][gc             ] GC(693) Pause Young (Allocation Failure) 1176M->84M(3959M) 1.765ms
[202.289s][info][gc,cpu         ] GC(693) User=0.00s Sys=0.00s Real=0.00s
[202.562s][info][gc,start       ] GC(694) Pause Young (Allocation Failure)
[202.562s][info][gc,heap        ] GC(694) DefNew: 1120554K(1258304K)->130K(1258304K) Eden: 1118528K(1118528K)->0K(1118528K) From: 2026K(139776K)->130K(139776K)
[202.562s][info][gc,heap        ] GC(694) Tenured: 85003K(2796224K)->85003K(2796224K)
[202.562s][info][gc,metaspace   ] GC(694) Metaspace: 11803K(12032K)->11803K(12032K) NonClass: 10263K(10368K)->10263K(10368K) Class: 1540K(1664K)->1540K(1664K)
[202.562s][info][gc             ] GC(694) Pause Young (Allocation Failure) 1177M->83M(3959M) 0.458ms
[202.562s][info][gc,cpu         ] GC(694) User=0.00s Sys=0.00s Real=0.00s
[202.830s][info][gc,start       ] GC(695) Pause Full (System.gc())
[202.830s][info][gc,phases,start] GC(695) Phase 1: Mark live objects
[202.875s][info][gc,phases      ] GC(695) Phase 1: Mark live objects 44.766ms
[202.875s][info][gc,phases,start] GC(695) Phase 2: Compute new object addresses
[202.959s][info][gc,phases      ] GC(695) Phase 2: Compute new object addresses 84.137ms
[202.959s][info][gc,phases,start] GC(695) Phase 3: Adjust pointers
[202.981s][info][gc,phases      ] GC(695) Phase 3: Adjust pointers 22.149ms
[202.981s][info][gc,phases,start] GC(695) Phase 4: Move objects
[202.981s][info][gc,phases      ] GC(695) Phase 4: Move objects 0.009ms
[202.981s][info][gc,heap        ] GC(695) DefNew: 1104669K(1258304K)->0K(1258304K) Eden: 1104538K(1118528K)->0K(1118528K) From: 130K(139776K)->0K(139776K)
[202.981s][info][gc,heap        ] GC(695) Tenured: 85003K(2796224K)->85003K(2796224K)
[202.981s][info][gc,metaspace   ] GC(695) Metaspace: 11803K(12032K)->11803K(12032K) NonClass: 10263K(10368K)->10263K(10368K) Class: 1540K(1664K)->1540K(1664K)
[202.981s][info][gc             ] GC(695) Pause Full (System.gc()) 1161M->83M(3959M) 151.352ms
[202.981s][info][gc,cpu         ] GC(695) User=0.14s Sys=0.00s Real=0.15s
[203.259s][info][gc,start       ] GC(696) Pause Young (Allocation Failure)
[203.260s][info][gc,heap        ] GC(696) DefNew: 1118528K(1258304K)->845K(1258304K) Eden: 1118528K(1118528K)->0K(1118528K) From: 0K(139776K)->845K(139776K)
[203.260s][info][gc,heap        ] GC(696) Tenured: 85003K(2796224K)->85003K(2796224K)
[203.260s][info][gc,metaspace   ] GC(696) Metaspace: 11806K(12032K)->11806K(12032K) NonClass: 10266K(10368K)->10266K(10368K) Class: 1540K(1664K)->1540K(1664K)
[203.260s][info][gc             ] GC(696) Pause Young (Allocation Failure) 1175M->83M(3959M) 0.971ms
[203.260s][info][gc,cpu         ] GC(696) User=0.00s Sys=0.00s Real=0.00s
[203.530s][info][gc,start       ] GC(697) Pause Young (Allocation Failure)
[203.532s][info][gc,heap        ] GC(697) DefNew: 1119373K(1258304K)->1754K(1258304K) Eden: 1118528K(1118528K)->0K(1118528K) From: 845K(139776K)->1754K(139776K)
[203.532s][info][gc,heap        ] GC(697) Tenured: 85003K(2796224K)->85003K(2796224K)
[203.532s][info][gc,metaspace   ] GC(697) Metaspace: 11806K(12032K)->11806K(12032K) NonClass: 10266K(10368K)->10266K(10368K) Class: 1540K(1664K)->1540K(1664K)
[203.532s][info][gc             ] GC(697) Pause Young (Allocation Failure) 1176M->84M(3959M) 1.601ms
[203.532s][info][gc,cpu         ] GC(697) User=0.00s Sys=0.00s Real=0.00s
[203.801s][info][gc,start       ] GC(698) Pause Young (Allocation Failure)
[203.803s][info][gc,heap        ] GC(698) DefNew: 1120282K(1258304K)->2496K(1258304K) Eden: 1118528K(1118528K)->0K(1118528K) From: 1754K(139776K)->2496K(139776K)
[203.803s][info][gc,heap        ] GC(698) Tenured: 85003K(2796224K)->85003K(2796224K)
[203.803s][info][gc,metaspace   ] GC(698) Metaspace: 11806K(12032K)->11806K(12032K) NonClass: 10266K(10368K)->10266K(10368K) Class: 1540K(1664K)->1540K(1664K)
[203.803s][info][gc             ] GC(698) Pause Young (Allocation Failure) 1177M->85M(3959M) 2.130ms
[203.803s][info][gc,cpu         ] GC(698) User=0.00s Sys=0.00s Real=0.00s
[204.081s][info][gc,start       ] GC(699) Pause Young (Allocation Failure)
[204.082s][info][gc,heap        ] GC(699) DefNew: 1121024K(1258304K)->74K(1258304K) Eden: 1118528K(1118528K)->0K(1118528K) From: 2496K(139776K)->74K(139776K)
[204.082s][info][gc,heap        ] GC(699) Tenured: 85003K(2796224K)->85003K(2796224K)
[204.082s][info][gc,metaspace   ] GC(699) Metaspace: 11806K(12032K)->11806K(12032K) NonClass: 10266K(10368K)->10266K(10368K) Class: 1540K(1664K)->1540K(1664K)
[204.082s][info][gc             ] GC(699) Pause Young (Allocation Failure) 1177M->83M(3959M) 0.400ms
[204.082s][info][gc,cpu         ] GC(699) User=0.00s Sys=0.00s Real=0.00s
[204.352s][info][gc,start       ] GC(700) Pause Young (Allocation Failure)
[204.353s][info][gc,heap        ] GC(700) DefNew: 1118602K(1258304K)->883K(1258304K) Eden: 1118528K(1118528K)->0K(1118528K) From: 74K(139776K)->883K(139776K)
[204.353s][info][gc,heap        ] GC(700) Tenured: 85003K(2796224K)->85003K(2796224K)
[204.353s][info][gc,metaspace   ] GC(700) Metaspace: 11806K(12032K)->11806K(12032K) NonClass: 10266K(10368K)->10266K(10368K) Class: 1540K(1664K)->1540K(1664K)
[204.353s][info][gc             ] GC(700) Pause Young (Allocation Failure) 1175M->83M(3959M) 0.983ms
[204.353s][info][gc,cpu         ] GC(700) User=0.00s Sys=0.00s Real=0.00s
[204.620s][info][gc,start       ] GC(701) Pause Young (Allocation Failure)
[204.622s][info][gc,heap        ] GC(701) DefNew: 1119411K(1258304K)->1630K(1258304K) Eden: 1118528K(1118528K)->0K(1118528K) From: 883K(139776K)->1630K(139776K)
[204.622s][info][gc,heap        ] GC(701) Tenured: 85003K(2796224K)->85003K(2796224K)
[204.622s][info][gc,metaspace   ] GC(701) Metaspace: 11806K(12032K)->11806K(12032K) NonClass: 10266K(10368K)->10266K(10368K) Class: 1540K(1664K)->1540K(1664K)
[204.622s][info][gc             ] GC(701) Pause Young (Allocation Failure) 1176M->84M(3959M) 1.516ms
[204.622s][info][gc,cpu         ] GC(701) User=0.00s Sys=0.00s Real=0.00s
[204.896s][info][gc,start       ] GC(702) Pause Young (Allocation Failure)
[204.898s][info][gc,heap        ] GC(702) DefNew: 1120158K(1258304K)->2766K(1258304K) Eden: 1118528K(1118528K)->0K(1118528K) From: 1630K(139776K)->2766K(139776K)
[204.898s][info][gc,heap        ] GC(702) Tenured: 85003K(2796224K)->85003K(2796224K)
[204.898s][info][gc,metaspace   ] GC(702) Metaspace: 11806K(12032K)->11806K(12032K) NonClass: 10266K(10368K)->10266K(10368K) Class: 1540K(1664K)->1540K(1664K)
[204.898s][info][gc             ] GC(702) Pause Young (Allocation Failure) 1176M->85M(3959M) 2.312ms
[204.898s][info][gc,cpu         ] GC(702) User=0.00s Sys=0.00s Real=0.00s
[205.173s][info][gc,start       ] GC(703) Pause Young (Allocation Failure)
[205.173s][info][gc,heap        ] GC(703) DefNew: 1121294K(1258304K)->258K(1258304K) Eden: 1118528K(1118528K)->0K(1118528K) From: 2766K(139776K)->258K(139776K)
[205.173s][info][gc,heap        ] GC(703) Tenured: 85003K(2796224K)->85003K(2796224K)
[205.173s][info][gc,metaspace   ] GC(703) Metaspace: 11806K(12032K)->11806K(12032K) NonClass: 10266K(10368K)->10266K(10368K) Class: 1540K(1664K)->1540K(1664K)
[205.173s][info][gc             ] GC(703) Pause Young (Allocation Failure) 1178M->83M(3959M) 0.545ms
[205.173s][info][gc,cpu         ] GC(703) User=0.00s Sys=0.00s Real=0.00s
[205.441s][info][gc,start       ] GC(704) Pause Full (System.gc())
[205.441s][info][gc,phases,start] GC(704) Phase 1: Mark live objects
[205.486s][info][gc,phases      ] GC(704) Phase 1: Mark live objects 44.460ms
[205.486s][info][gc,phases,start] GC(704) Phase 2: Compute new object addresses
[205.570s][info][gc,phases      ] GC(704) Phase 2: Compute new object addresses 83.906ms
[205.570s][info][gc,phases,start] GC(704) Phase 3: Adjust pointers
[205.592s][info][gc,phases      ] GC(704) Phase 3: Adjust pointers 22.330ms
[205.592s][info][gc,phases,start] GC(704) Phase 4: Move objects
[205.592s][info][gc,phases      ] GC(704) Phase 4: Move objects 0.010ms
[205.592s][info][gc,heap        ] GC(704) DefNew: 1100780K(1258304K)->0K(1258304K) Eden: 1100521K(1118528K)->0K(1118528K) From: 258K(139776K)->0K(139776K)
[205.592s][info][gc,heap        ] GC(704) Tenured: 85003K(2796224K)->85004K(2796224K)
[205.592s][info][gc,metaspace   ] GC(704) Metaspace: 11806K(12032K)->11806K(12032K) NonClass: 10266K(10368K)->10266K(10368K) Class: 1540K(1664K)->1540K(1664K)
[205.592s][info][gc             ] GC(704) Pause Full (System.gc()) 1157M->83M(3959M) 150.996ms
[205.592s][info][gc,cpu         ] GC(704) User=0.16s Sys=0.00s Real=0.15s
[205.868s][info][gc,start       ] GC(705) Pause Young (Allocation Failure)
[205.869s][info][gc,heap        ] GC(705) DefNew: 1118528K(1258304K)->924K(1258304K) Eden: 1118528K(1118528K)->0K(1118528K) From: 0K(139776K)->924K(139776K)
[205.869s][info][gc,heap        ] GC(705) Tenured: 85004K(2796224K)->85004K(2796224K)
[205.869s][info][gc,metaspace   ] GC(705) Metaspace: 11807K(12032K)->11807K(12032K) NonClass: 10267K(10368K)->10267K(10368K) Class: 1540K(1664K)->1540K(1664K)
[205.869s][info][gc             ] GC(705) Pause Young (Allocation Failure) 1175M->83M(3959M) 1.054ms
[205.869s][info][gc,cpu         ] GC(705) User=0.00s Sys=0.00s Real=0.00s
[206.143s][info][gc,start       ] GC(706) Pause Young (Allocation Failure)
[206.144s][info][gc,heap        ] GC(706) DefNew: 1119452K(1258304K)->1914K(1258304K) Eden: 1118528K(1118528K)->0K(1118528K) From: 924K(139776K)->1914K(139776K)
[206.144s][info][gc,heap        ] GC(706) Tenured: 85004K(2796224K)->85004K(2796224K)
[206.144s][info][gc,metaspace   ] GC(706) Metaspace: 11807K(12032K)->11807K(12032K) NonClass: 10267K(10368K)->10267K(10368K) Class: 1540K(1664K)->1540K(1664K)
[206.144s][info][gc             ] GC(706) Pause Young (Allocation Failure) 1176M->84M(3959M) 1.706ms
[206.144s][info][gc,cpu         ] GC(706) User=0.00s Sys=0.00s Real=0.00s
[206.414s][info][gc,start       ] GC(707) Pause Young (Allocation Failure)
[206.416s][info][gc,heap        ] GC(707) DefNew: 1120442K(1258304K)->2422K(1258304K) Eden: 1118528K(1118528K)->0K(1118528K) From: 1914K(139776K)->2422K(139776K)
[206.416s][info][gc,heap        ] GC(707) Tenured: 85004K(2796224K)->85004K(2796224K)
[206.416s][info][gc,metaspace   ] GC(707) Metaspace: 11807K(12032K)->11807K(12032K) NonClass: 10267K(10368K)->10267K(10368K) Class: 1540K(1664K)->1540K(1664K)
[206.416s][info][gc             ] GC(707) Pause Young (Allocation Failure) 1177M->85M(3959M) 2.019ms
[206.416s][info][gc,cpu         ] GC(707) User=0.00s Sys=0.00s Real=0.00s
[206.689s][info][gc,start       ] GC(708) Pause Young (Allocation Failure)
[206.689s][info][gc,heap        ] GC(708) DefNew: 1120950K(1258304K)->159K(1258304K) Eden: 1118528K(1118528K)->0K(1118528K) From: 2422K(139776K)->159K(139776K)
[206.689s][info][gc,heap        ] GC(708) Tenured: 85004K(2796224K)->85004K(2796224K)
[206.689s][info][gc,metaspace   ] GC(708) Metaspace: 11807K(12032K)->11807K(12032K) NonClass: 10267K(10368K)->10267K(10368K) Class: 1540K(1664K)->1540K(1664K)
[206.689s][info][gc             ] GC(708) Pause Young (Allocation Failure) 1177M->83M(3959M) 0.473ms
[206.689s][info][gc,cpu         ] GC(708) User=0.00s Sys=0.00s Real=0.00s
[206.966s][info][gc,start       ] GC(709) Pause Young (Allocation Failure)
[206.967s][info][gc,heap        ] GC(709) DefNew: 1118687K(1258304K)->1175K(1258304K) Eden: 1118528K(1118528K)->0K(1118528K) From: 159K(139776K)->1175K(139776K)
[206.967s][info][gc,heap        ] GC(709) Tenured: 85004K(2796224K)->85004K(2796224K)
[206.967s][info][gc,metaspace   ] GC(709) Metaspace: 11807K(12032K)->11807K(12032K) NonClass: 10267K(10368K)->10267K(10368K) Class: 1540K(1664K)->1540K(1664K)
[206.967s][info][gc             ] GC(709) Pause Young (Allocation Failure) 1175M->84M(3959M) 1.165ms
[206.967s][info][gc,cpu         ] GC(709) User=0.00s Sys=0.00s Real=0.00s
[207.238s][info][gc,start       ] GC(710) Pause Young (Allocation Failure)
[207.240s][info][gc,heap        ] GC(710) DefNew: 1119703K(1258304K)->1837K(1258304K) Eden: 1118528K(1118528K)->0K(1118528K) From: 1175K(139776K)->1837K(139776K)
[207.240s][info][gc,heap        ] GC(710) Tenured: 85004K(2796224K)->85004K(2796224K)
[207.240s][info][gc,metaspace   ] GC(710) Metaspace: 11807K(12032K)->11807K(12032K) NonClass: 10267K(10368K)->10267K(10368K) Class: 1540K(1664K)->1540K(1664K)
[207.240s][info][gc             ] GC(710) Pause Young (Allocation Failure) 1176M->84M(3959M) 1.620ms
[207.240s][info][gc,cpu         ] GC(710) User=0.00s Sys=0.00s Real=0.00s
[207.513s][info][gc,start       ] GC(711) Pause Young (Allocation Failure)
[207.513s][info][gc,heap        ] GC(711) DefNew: 1120365K(1258304K)->208K(1258304K) Eden: 1118528K(1118528K)->0K(1118528K) From: 1837K(139776K)->208K(139776K)
[207.513s][info][gc,heap        ] GC(711) Tenured: 85004K(2796224K)->85004K(2796224K)
[207.513s][info][gc,metaspace   ] GC(711) Metaspace: 11807K(12032K)->11807K(12032K) NonClass: 10267K(10368K)->10267K(10368K) Class: 1540K(1664K)->1540K(1664K)
[207.513s][info][gc             ] GC(711) Pause Young (Allocation Failure) 1177M->83M(3959M) 0.503ms
[207.513s][info][gc,cpu         ] GC(711) User=0.00s Sys=0.00s Real=0.00s
[207.782s][info][gc,start       ] GC(712) Pause Young (Allocation Failure)
[207.783s][info][gc,heap        ] GC(712) DefNew: 1118736K(1258304K)->1043K(1258304K) Eden: 1118528K(1118528K)->0K(1118528K) From: 208K(139776K)->1043K(139776K)
[207.783s][info][gc,heap        ] GC(712) Tenured: 85004K(2796224K)->85004K(2796224K)
[207.783s][info][gc,metaspace   ] GC(712) Metaspace: 11807K(12032K)->11807K(12032K) NonClass: 10267K(10368K)->10267K(10368K) Class: 1540K(1664K)->1540K(1664K)
[207.783s][info][gc             ] GC(712) Pause Young (Allocation Failure) 1175M->84M(3959M) 1.071ms
[207.783s][info][gc,cpu         ] GC(712) User=0.00s Sys=0.00s Real=0.00s
[208.056s][info][gc,start       ] GC(713) Pause Full (System.gc())
[208.056s][info][gc,phases,start] GC(713) Phase 1: Mark live objects
[208.100s][info][gc,phases      ] GC(713) Phase 1: Mark live objects 44.804ms
[208.100s][info][gc,phases,start] GC(713) Phase 2: Compute new object addresses
[208.183s][info][gc,phases      ] GC(713) Phase 2: Compute new object addresses 82.871ms
[208.183s][info][gc,phases,start] GC(713) Phase 3: Adjust pointers
[208.205s][info][gc,phases      ] GC(713) Phase 3: Adjust pointers 22.000ms
[208.205s][info][gc,phases,start] GC(713) Phase 4: Move objects
[208.205s][info][gc,phases      ] GC(713) Phase 4: Move objects 0.010ms
[208.205s][info][gc,heap        ] GC(713) DefNew: 1091133K(1258304K)->0K(1258304K) Eden: 1090089K(1118528K)->0K(1118528K) From: 1043K(139776K)->0K(139776K)
[208.205s][info][gc,heap        ] GC(713) Tenured: 85004K(2796224K)->85003K(2796224K)
[208.205s][info][gc,metaspace   ] GC(713) Metaspace: 11807K(12032K)->11807K(12032K) NonClass: 10267K(10368K)->10267K(10368K) Class: 1540K(1664K)->1540K(1664K)
[208.206s][info][gc             ] GC(713) Pause Full (System.gc()) 1148M->83M(3959M) 150.007ms
[208.206s][info][gc,cpu         ] GC(713) User=0.16s Sys=0.00s Real=0.15s
[208.480s][info][gc,start       ] GC(714) Pause Young (Allocation Failure)
[208.481s][info][gc,heap        ] GC(714) DefNew: 1118528K(1258304K)->908K(1258304K) Eden: 1118528K(1118528K)->0K(1118528K) From: 0K(139776K)->908K(139776K)
[208.481s][info][gc,heap        ] GC(714) Tenured: 85003K(2796224K)->85003K(2796224K)
[208.481s][info][gc,metaspace   ] GC(714) Metaspace: 11807K(12032K)->11807K(12032K) NonClass: 10267K(10368K)->10267K(10368K) Class: 1540K(1664K)->1540K(1664K)
[208.481s][info][gc             ] GC(714) Pause Young (Allocation Failure) 1175M->83M(3959M) 0.988ms
[208.481s][info][gc,cpu         ] GC(714) User=0.00s Sys=0.00s Real=0.00s
[208.750s][info][gc,start       ] GC(715) Pause Young (Allocation Failure)
[208.751s][info][gc,heap        ] GC(715) DefNew: 1119436K(1258304K)->1698K(1258304K) Eden: 1118528K(1118528K)->0K(1118528K) From: 908K(139776K)->1698K(139776K)
[208.751s][info][gc,heap        ] GC(715) Tenured: 85003K(2796224K)->85003K(2796224K)
[208.751s][info][gc,metaspace   ] GC(715) Metaspace: 11807K(12032K)->11807K(12032K) NonClass: 10267K(10368K)->10267K(10368K) Class: 1540K(1664K)->1540K(1664K)
[208.751s][info][gc             ] GC(715) Pause Young (Allocation Failure) 1176M->84M(3959M) 1.548ms
[208.751s][info][gc,cpu         ] GC(715) User=0.00s Sys=0.00s Real=0.00s
[209.027s][info][gc,start       ] GC(716) Pause Young (Allocation Failure)
[209.029s][info][gc,heap        ] GC(716) DefNew: 1120226K(1258304K)->2668K(1258304K) Eden: 1118528K(1118528K)->0K(1118528K) From: 1698K(139776K)->2668K(139776K)
[209.029s][info][gc,heap        ] GC(716) Tenured: 85003K(2796224K)->85003K(2796224K)
[209.029s][info][gc,metaspace   ] GC(716) Metaspace: 11807K(12032K)->11807K(12032K) NonClass: 10267K(10368K)->10267K(10368K) Class: 1540K(1664K)->1540K(1664K)
[209.029s][info][gc             ] GC(716) Pause Young (Allocation Failure) 1176M->85M(3959M) 2.246ms
[209.029s][info][gc,cpu         ] GC(716) User=0.00s Sys=0.00s Real=0.00s
[209.304s][info][gc,start       ] GC(717) Pause Young (Allocation Failure)
[209.304s][info][gc,heap        ] GC(717) DefNew: 1121196K(1258304K)->223K(1258304K) Eden: 1118528K(1118528K)->0K(1118528K) From: 2668K(139776K)->223K(139776K)
[209.304s][info][gc,heap        ] GC(717) Tenured: 85003K(2796224K)->85003K(2796224K)
[209.304s][info][gc,metaspace   ] GC(717) Metaspace: 11807K(12032K)->11807K(12032K) NonClass: 10267K(10368K)->10267K(10368K) Class: 1540K(1664K)->1540K(1664K)
[209.304s][info][gc             ] GC(717) Pause Young (Allocation Failure) 1177M->83M(3959M) 0.519ms
[209.304s][info][gc,cpu         ] GC(717) User=0.00s Sys=0.00s Real=0.00s
[209.574s][info][gc,start       ] GC(718) Pause Young (Allocation Failure)
[209.575s][info][gc,heap        ] GC(718) DefNew: 1118751K(1258304K)->1034K(1258304K) Eden: 1118528K(1118528K)->0K(1118528K) From: 223K(139776K)->1034K(139776K)
[209.575s][info][gc,heap        ] GC(718) Tenured: 85003K(2796224K)->85003K(2796224K)
[209.575s][info][gc,metaspace   ] GC(718) Metaspace: 11807K(12032K)->11807K(12032K) NonClass: 10267K(10368K)->10267K(10368K) Class: 1540K(1664K)->1540K(1664K)
[209.575s][info][gc             ] GC(718) Pause Young (Allocation Failure) 1175M->84M(3959M) 1.074ms
[209.575s][info][gc,cpu         ] GC(718) User=0.00s Sys=0.00s Real=0.00s
[209.844s][info][gc,start       ] GC(719) Pause Young (Allocation Failure)
[209.846s][info][gc,heap        ] GC(719) DefNew: 1119562K(1258304K)->1920K(1258304K) Eden: 1118528K(1118528K)->0K(1118528K) From: 1034K(139776K)->1920K(139776K)
[209.846s][info][gc,heap        ] GC(719) Tenured: 85003K(2796224K)->85003K(2796224K)
[209.846s][info][gc,metaspace   ] GC(719) Metaspace: 11807K(12032K)->11807K(12032K) NonClass: 10267K(10368K)->10267K(10368K) Class: 1540K(1664K)->1540K(1664K)
[209.846s][info][gc             ] GC(719) Pause Young (Allocation Failure) 1176M->84M(3959M) 1.777ms
[209.846s][info][gc,cpu         ] GC(719) User=0.00s Sys=0.00s Real=0.00s
[210.126s][info][gc,start       ] GC(720) Pause Young (Allocation Failure)
[210.127s][info][gc,heap        ] GC(720) DefNew: 1120448K(1258304K)->1962K(1258304K) Eden: 1118528K(1118528K)->0K(1118528K) From: 1920K(139776K)->1962K(139776K)
[210.127s][info][gc,heap        ] GC(720) Tenured: 85003K(2796224K)->85003K(2796224K)
[210.127s][info][gc,metaspace   ] GC(720) Metaspace: 11807K(12032K)->11807K(12032K) NonClass: 10267K(10368K)->10267K(10368K) Class: 1540K(1664K)->1540K(1664K)
[210.127s][info][gc             ] GC(720) Pause Young (Allocation Failure) 1177M->84M(3959M) 1.621ms
[210.127s][info][gc,cpu         ] GC(720) User=0.00s Sys=0.00s Real=0.00s
[210.397s][info][gc,start       ] GC(721) Pause Young (Allocation Failure)
[210.398s][info][gc,heap        ] GC(721) DefNew: 1120490K(1258304K)->812K(1258304K) Eden: 1118528K(1118528K)->0K(1118528K) From: 1962K(139776K)->812K(139776K)
[210.398s][info][gc,heap        ] GC(721) Tenured: 85003K(2796224K)->85003K(2796224K)
[210.398s][info][gc,metaspace   ] GC(721) Metaspace: 11807K(12032K)->11807K(12032K) NonClass: 10267K(10368K)->10267K(10368K) Class: 1540K(1664K)->1540K(1664K)
[210.398s][info][gc             ] GC(721) Pause Young (Allocation Failure) 1177M->83M(3959M) 0.919ms
[210.398s][info][gc,cpu         ] GC(721) User=0.00s Sys=0.00s Real=0.00s
[210.663s][info][gc,start       ] GC(722) Pause Full (System.gc())
[210.663s][info][gc,phases,start] GC(722) Phase 1: Mark live objects
[210.707s][info][gc,phases      ] GC(722) Phase 1: Mark live objects 44.378ms
[210.707s][info][gc,phases,start] GC(722) Phase 2: Compute new object addresses
[210.791s][info][gc,phases      ] GC(722) Phase 2: Compute new object addresses 83.353ms
[210.791s][info][gc,phases,start] GC(722) Phase 3: Adjust pointers
[210.813s][info][gc,phases      ] GC(722) Phase 3: Adjust pointers 22.094ms
[210.813s][info][gc,phases,start] GC(722) Phase 4: Move objects
[210.813s][info][gc,phases      ] GC(722) Phase 4: Move objects 0.010ms
[210.813s][info][gc,heap        ] GC(722) DefNew: 1093429K(1258304K)->0K(1258304K) Eden: 1092617K(1118528K)->0K(1118528K) From: 812K(139776K)->0K(139776K)
[210.813s][info][gc,heap        ] GC(722) Tenured: 85003K(2796224K)->85003K(2796224K)
[210.813s][info][gc,metaspace   ] GC(722) Metaspace: 11807K(12032K)->11807K(12032K) NonClass: 10267K(10368K)->10267K(10368K) Class: 1540K(1664K)->1540K(1664K)
[210.813s][info][gc             ] GC(722) Pause Full (System.gc()) 1150M->83M(3959M) 150.134ms
[210.813s][info][gc,cpu         ] GC(722) User=0.16s Sys=0.00s Real=0.15s
[211.096s][info][gc,start       ] GC(723) Pause Young (Allocation Failure)
[211.097s][info][gc,heap        ] GC(723) DefNew: 1118528K(1258304K)->823K(1258304K) Eden: 1118528K(1118528K)->0K(1118528K) From: 0K(139776K)->823K(139776K)
[211.097s][info][gc,heap        ] GC(723) Tenured: 85003K(2796224K)->85003K(2796224K)
[211.097s][info][gc,metaspace   ] GC(723) Metaspace: 11807K(12032K)->11807K(12032K) NonClass: 10267K(10368K)->10267K(10368K) Class: 1540K(1664K)->1540K(1664K)
[211.097s][info][gc             ] GC(723) Pause Young (Allocation Failure) 1175M->83M(3959M) 0.926ms
[211.097s][info][gc,cpu         ] GC(723) User=0.00s Sys=0.00s Real=0.00s
[211.366s][info][gc,start       ] GC(724) Pause Young (Allocation Failure)
[211.367s][info][gc,heap        ] GC(724) DefNew: 1119351K(1258304K)->1514K(1258304K) Eden: 1118528K(1118528K)->0K(1118528K) From: 823K(139776K)->1514K(139776K)
[211.367s][info][gc,heap        ] GC(724) Tenured: 85003K(2796224K)->85003K(2796224K)
[211.367s][info][gc,metaspace   ] GC(724) Metaspace: 11807K(12032K)->11807K(12032K) NonClass: 10267K(10368K)->10267K(10368K) Class: 1540K(1664K)->1540K(1664K)
[211.367s][info][gc             ] GC(724) Pause Young (Allocation Failure) 1176M->84M(3959M) 1.414ms
[211.368s][info][gc,cpu         ] GC(724) User=0.00s Sys=0.00s Real=0.00s
[211.635s][info][gc,start       ] GC(725) Pause Young (Allocation Failure)
[211.637s][info][gc,heap        ] GC(725) DefNew: 1120042K(1258304K)->2322K(1258304K) Eden: 1118528K(1118528K)->0K(1118528K) From: 1514K(139776K)->2322K(139776K)
[211.637s][info][gc,heap        ] GC(725) Tenured: 85003K(2796224K)->85003K(2796224K)
[211.637s][info][gc,metaspace   ] GC(725) Metaspace: 11807K(12032K)->11807K(12032K) NonClass: 10267K(10368K)->10267K(10368K) Class: 1540K(1664K)->1540K(1664K)
[211.637s][info][gc             ] GC(725) Pause Young (Allocation Failure) 1176M->85M(3959M) 1.934ms
[211.637s][info][gc,cpu         ] GC(725) User=0.00s Sys=0.00s Real=0.00s
[211.914s][info][gc,start       ] GC(726) Pause Young (Allocation Failure)
[211.916s][info][gc,heap        ] GC(726) DefNew: 1120850K(1258304K)->1960K(1258304K) Eden: 1118528K(1118528K)->0K(1118528K) From: 2322K(139776K)->1960K(139776K)
[211.916s][info][gc,heap        ] GC(726) Tenured: 85003K(2796224K)->85003K(2796224K)
[211.916s][info][gc,metaspace   ] GC(726) Metaspace: 11807K(12032K)->11807K(12032K) NonClass: 10267K(10368K)->10267K(10368K) Class: 1540K(1664K)->1540K(1664K)
[211.916s][info][gc             ] GC(726) Pause Young (Allocation Failure) 1177M->84M(3959M) 1.660ms
[211.916s][info][gc,cpu         ] GC(726) User=0.00s Sys=0.00s Real=0.00s
[212.192s][info][gc,start       ] GC(727) Pause Young (Allocation Failure)
[212.193s][info][gc,heap        ] GC(727) DefNew: 1120488K(1258304K)->821K(1258304K) Eden: 1118528K(1118528K)->0K(1118528K) From: 1960K(139776K)->821K(139776K)
[212.193s][info][gc,heap        ] GC(727) Tenured: 85003K(2796224K)->85003K(2796224K)
[212.193s][info][gc,metaspace   ] GC(727) Metaspace: 11807K(12032K)->11807K(12032K) NonClass: 10267K(10368K)->10267K(10368K) Class: 1540K(1664K)->1540K(1664K)
[212.193s][info][gc             ] GC(727) Pause Young (Allocation Failure) 1177M->83M(3959M) 0.915ms
[212.193s][info][gc,cpu         ] GC(727) User=0.00s Sys=0.00s Real=0.00s
[212.464s][info][gc,start       ] GC(728) Pause Young (Allocation Failure)
[212.466s][info][gc,heap        ] GC(728) DefNew: 1119349K(1258304K)->1817K(1258304K) Eden: 1118528K(1118528K)->0K(1118528K) From: 821K(139776K)->1817K(139776K)
[212.466s][info][gc,heap        ] GC(728) Tenured: 85003K(2796224K)->85003K(2796224K)
[212.466s][info][gc,metaspace   ] GC(728) Metaspace: 11807K(12032K)->11807K(12032K) NonClass: 10267K(10368K)->10267K(10368K) Class: 1540K(1664K)->1540K(1664K)
[212.466s][info][gc             ] GC(728) Pause Young (Allocation Failure) 1176M->84M(3959M) 1.647ms
[212.466s][info][gc,cpu         ] GC(728) User=0.00s Sys=0.00s Real=0.00s
[212.735s][info][gc,start       ] GC(729) Pause Young (Allocation Failure)
[212.737s][info][gc,heap        ] GC(729) DefNew: 1120345K(1258304K)->2561K(1258304K) Eden: 1118528K(1118528K)->0K(1118528K) From: 1817K(139776K)->2561K(139776K)
[212.737s][info][gc,heap        ] GC(729) Tenured: 85003K(2796224K)->85003K(2796224K)
[212.737s][info][gc,metaspace   ] GC(729) Metaspace: 11807K(12032K)->11807K(12032K) NonClass: 10267K(10368K)->10267K(10368K) Class: 1540K(1664K)->1540K(1664K)
[212.737s][info][gc             ] GC(729) Pause Young (Allocation Failure) 1177M->85M(3959M) 2.124ms
[212.737s][info][gc,cpu         ] GC(729) User=0.00s Sys=0.00s Real=0.00s
[213.015s][info][gc,start       ] GC(730) Pause Young (Allocation Failure)
[213.016s][info][gc,heap        ] GC(730) DefNew: 1121089K(1258304K)->74K(1258304K) Eden: 1118528K(1118528K)->0K(1118528K) From: 2561K(139776K)->74K(139776K)
[213.016s][info][gc,heap        ] GC(730) Tenured: 85003K(2796224K)->85003K(2796224K)
[213.016s][info][gc,metaspace   ] GC(730) Metaspace: 11807K(12032K)->11807K(12032K) NonClass: 10267K(10368K)->10267K(10368K) Class: 1540K(1664K)->1540K(1664K)
[213.016s][info][gc             ] GC(730) Pause Young (Allocation Failure) 1177M->83M(3959M) 0.414ms
[213.016s][info][gc,cpu         ] GC(730) User=0.00s Sys=0.00s Real=0.00s
[213.284s][info][gc,start       ] GC(731) Pause Full (System.gc())
[213.284s][info][gc,phases,start] GC(731) Phase 1: Mark live objects
[213.328s][info][gc,phases      ] GC(731) Phase 1: Mark live objects 44.473ms
[213.328s][info][gc,phases,start] GC(731) Phase 2: Compute new object addresses
[213.413s][info][gc,phases      ] GC(731) Phase 2: Compute new object addresses 84.270ms
[213.413s][info][gc,phases,start] GC(731) Phase 3: Adjust pointers
[213.435s][info][gc,phases      ] GC(731) Phase 3: Adjust pointers 22.086ms
[213.435s][info][gc,phases,start] GC(731) Phase 4: Move objects
[213.435s][info][gc,phases      ] GC(731) Phase 4: Move objects 0.009ms
[213.435s][info][gc,heap        ] GC(731) DefNew: 1107536K(1258304K)->0K(1258304K) Eden: 1107462K(1118528K)->0K(1118528K) From: 74K(139776K)->0K(139776K)
[213.435s][info][gc,heap        ] GC(731) Tenured: 85003K(2796224K)->85003K(2796224K)
[213.435s][info][gc,metaspace   ] GC(731) Metaspace: 11807K(12032K)->11807K(12032K) NonClass: 10267K(10368K)->10267K(10368K) Class: 1540K(1664K)->1540K(1664K)
[213.435s][info][gc             ] GC(731) Pause Full (System.gc()) 1164M->83M(3959M) 151.143ms
[213.435s][info][gc,cpu         ] GC(731) User=0.16s Sys=0.00s Real=0.15s
[213.709s][info][gc,start       ] GC(732) Pause Young (Allocation Failure)
[213.710s][info][gc,heap        ] GC(732) DefNew: 1118528K(1258304K)->836K(1258304K) Eden: 1118528K(1118528K)->0K(1118528K) From: 0K(139776K)->836K(139776K)
[213.710s][info][gc,heap        ] GC(732) Tenured: 85003K(2796224K)->85003K(2796224K)
[213.710s][info][gc,metaspace   ] GC(732) Metaspace: 11807K(12032K)->11807K(12032K) NonClass: 10267K(10368K)->10267K(10368K) Class: 1540K(1664K)->1540K(1664K)
[213.710s][info][gc             ] GC(732) Pause Young (Allocation Failure) 1175M->83M(3959M) 0.934ms
[213.710s][info][gc,cpu         ] GC(732) User=0.00s Sys=0.00s Real=0.00s
[213.985s][info][gc,start       ] GC(733) Pause Young (Allocation Failure)
[213.986s][info][gc,heap        ] GC(733) DefNew: 1119364K(1258304K)->1647K(1258304K) Eden: 1118528K(1118528K)->0K(1118528K) From: 836K(139776K)->1647K(139776K)
[213.986s][info][gc,heap        ] GC(733) Tenured: 85003K(2796224K)->85003K(2796224K)
[213.986s][info][gc,metaspace   ] GC(733) Metaspace: 11807K(12032K)->11807K(12032K) NonClass: 10267K(10368K)->10267K(10368K) Class: 1540K(1664K)->1540K(1664K)
[213.986s][info][gc             ] GC(733) Pause Young (Allocation Failure) 1176M->84M(3959M) 1.527ms
[213.986s][info][gc,cpu         ] GC(733) User=0.00s Sys=0.00s Real=0.00s
[214.256s][info][gc,start       ] GC(734) Pause Young (Allocation Failure)
[214.258s][info][gc,heap        ] GC(734) DefNew: 1120175K(1258304K)->2324K(1258304K) Eden: 1118528K(1118528K)->0K(1118528K) From: 1647K(139776K)->2324K(139776K)
[214.258s][info][gc,heap        ] GC(734) Tenured: 85003K(2796224K)->85003K(2796224K)
[214.258s][info][gc,metaspace   ] GC(734) Metaspace: 11807K(12032K)->11807K(12032K) NonClass: 10267K(10368K)->10267K(10368K) Class: 1540K(1664K)->1540K(1664K)
[214.258s][info][gc             ] GC(734) Pause Young (Allocation Failure) 1176M->85M(3959M) 1.956ms
[214.258s][info][gc,cpu         ] GC(734) User=0.00s Sys=0.00s Real=0.00s
[214.532s][info][gc,start       ] GC(735) Pause Young (Allocation Failure)
[214.533s][info][gc,heap        ] GC(735) DefNew: 1120852K(1258304K)->314K(1258304K) Eden: 1118528K(1118528K)->0K(1118528K) From: 2324K(139776K)->314K(139776K)
[214.533s][info][gc,heap        ] GC(735) Tenured: 85003K(2796224K)->85003K(2796224K)
[214.533s][info][gc,metaspace   ] GC(735) Metaspace: 11807K(12032K)->11807K(12032K) NonClass: 10267K(10368K)->10267K(10368K) Class: 1540K(1664K)->1540K(1664K)
[214.533s][info][gc             ] GC(735) Pause Young (Allocation Failure) 1177M->83M(3959M) 0.598ms
[214.533s][info][gc,cpu         ] GC(735) User=0.00s Sys=0.00s Real=0.00s
[214.803s][info][gc,start       ] GC(736) Pause Young (Allocation Failure)
[214.804s][info][gc,heap        ] GC(736) DefNew: 1118842K(1258304K)->1091K(1258304K) Eden: 1118528K(1118528K)->0K(1118528K) From: 314K(139776K)->1091K(139776K)
[214.804s][info][gc,heap        ] GC(736) Tenured: 85003K(2796224K)->85003K(2796224K)
[214.804s][info][gc,metaspace   ] GC(736) Metaspace: 11807K(12032K)->11807K(12032K) NonClass: 10267K(10368K)->10267K(10368K) Class: 1540K(1664K)->1540K(1664K)
[214.804s][info][gc             ] GC(736) Pause Young (Allocation Failure) 1175M->84M(3959M) 1.116ms
[214.804s][info][gc,cpu         ] GC(736) User=0.00s Sys=0.00s Real=0.00s
[215.080s][info][gc,start       ] GC(737) Pause Young (Allocation Failure)
[215.081s][info][gc,heap        ] GC(737) DefNew: 1119619K(1258304K)->1671K(1258304K) Eden: 1118528K(1118528K)->0K(1118528K) From: 1091K(139776K)->1671K(139776K)
[215.081s][info][gc,heap        ] GC(737) Tenured: 85003K(2796224K)->85003K(2796224K)
[215.081s][info][gc,metaspace   ] GC(737) Metaspace: 11807K(12032K)->11807K(12032K) NonClass: 10267K(10368K)->10267K(10368K) Class: 1540K(1664K)->1540K(1664K)
[215.081s][info][gc             ] GC(737) Pause Young (Allocation Failure) 1176M->84M(3959M) 1.555ms
[215.081s][info][gc,cpu         ] GC(737) User=0.00s Sys=0.00s Real=0.00s
[215.350s][info][gc,start       ] GC(738) Pause Young (Allocation Failure)
[215.352s][info][gc,heap        ] GC(738) DefNew: 1120199K(1258304K)->2398K(1258304K) Eden: 1118528K(1118528K)->0K(1118528K) From: 1671K(139776K)->2398K(139776K)
[215.352s][info][gc,heap        ] GC(738) Tenured: 85003K(2796224K)->85003K(2796224K)
[215.352s][info][gc,metaspace   ] GC(738) Metaspace: 11807K(12032K)->11807K(12032K) NonClass: 10267K(10368K)->10267K(10368K) Class: 1540K(1664K)->1540K(1664K)
[215.352s][info][gc             ] GC(738) Pause Young (Allocation Failure) 1176M->85M(3959M) 2.051ms
[215.352s][info][gc,cpu         ] GC(738) User=0.00s Sys=0.00s Real=0.00s
[215.626s][info][gc,start       ] GC(739) Pause Young (Allocation Failure)
[215.627s][info][gc,heap        ] GC(739) DefNew: 1120926K(1258304K)->526K(1258304K) Eden: 1118528K(1118528K)->0K(1118528K) From: 2398K(139776K)->526K(139776K)
[215.627s][info][gc,heap        ] GC(739) Tenured: 85003K(2796224K)->85003K(2796224K)
[215.627s][info][gc,metaspace   ] GC(739) Metaspace: 11807K(12032K)->11807K(12032K) NonClass: 10267K(10368K)->10267K(10368K) Class: 1540K(1664K)->1540K(1664K)
[215.627s][info][gc             ] GC(739) Pause Young (Allocation Failure) 1177M->83M(3959M) 0.747ms
[215.627s][info][gc,cpu         ] GC(739) User=0.00s Sys=0.00s Real=0.00s
[215.896s][info][gc,start       ] GC(740) Pause Full (System.gc())
[215.896s][info][gc,phases,start] GC(740) Phase 1: Mark live objects
[215.941s][info][gc,phases      ] GC(740) Phase 1: Mark live objects 44.934ms
[215.941s][info][gc,phases,start] GC(740) Phase 2: Compute new object addresses
[216.026s][info][gc,phases      ] GC(740) Phase 2: Compute new object addresses 84.852ms
[216.026s][info][gc,phases,start] GC(740) Phase 3: Adjust pointers
[216.049s][info][gc,phases      ] GC(740) Phase 3: Adjust pointers 22.219ms
[216.049s][info][gc,phases,start] GC(740) Phase 4: Move objects
[216.049s][info][gc,phases      ] GC(740) Phase 4: Move objects 0.026ms
[216.049s][info][gc,heap        ] GC(740) DefNew: 1097028K(1258304K)->0K(1258304K) Eden: 1096501K(1118528K)->0K(1118528K) From: 526K(139776K)->0K(139776K)
[216.049s][info][gc,heap        ] GC(740) Tenured: 85003K(2796224K)->85003K(2796224K)
[216.049s][info][gc,metaspace   ] GC(740) Metaspace: 11807K(12032K)->11807K(12032K) NonClass: 10267K(10368K)->10267K(10368K) Class: 1540K(1664K)->1540K(1664K)
[216.049s][info][gc             ] GC(740) Pause Full (System.gc()) 1154M->83M(3959M) 152.448ms
[216.049s][info][gc,cpu         ] GC(740) User=0.16s Sys=0.00s Real=0.15s
[216.322s][info][gc,start       ] GC(741) Pause Young (Allocation Failure)
[216.323s][info][gc,heap        ] GC(741) DefNew: 1118528K(1258304K)->794K(1258304K) Eden: 1118528K(1118528K)->0K(1118528K) From: 0K(139776K)->794K(139776K)
[216.323s][info][gc,heap        ] GC(741) Tenured: 85003K(2796224K)->85003K(2796224K)
[216.323s][info][gc,metaspace   ] GC(741) Metaspace: 11807K(12032K)->11807K(12032K) NonClass: 10267K(10368K)->10267K(10368K) Class: 1540K(1664K)->1540K(1664K)
[216.323s][info][gc             ] GC(741) Pause Young (Allocation Failure) 1175M->83M(3959M) 0.919ms
[216.323s][info][gc,cpu         ] GC(741) User=0.00s Sys=0.00s Real=0.00s
[216.593s][info][gc,start       ] GC(742) Pause Young (Allocation Failure)
[216.595s][info][gc,heap        ] GC(742) DefNew: 1119322K(1258304K)->1880K(1258304K) Eden: 1118528K(1118528K)->0K(1118528K) From: 794K(139776K)->1880K(139776K)
[216.595s][info][gc,heap        ] GC(742) Tenured: 85003K(2796224K)->85003K(2796224K)
[216.595s][info][gc,metaspace   ] GC(742) Metaspace: 11807K(12032K)->11807K(12032K) NonClass: 10267K(10368K)->10267K(10368K) Class: 1540K(1664K)->1540K(1664K)
[216.595s][info][gc             ] GC(742) Pause Young (Allocation Failure) 1176M->84M(3959M) 1.700ms
[216.595s][info][gc,cpu         ] GC(742) User=0.00s Sys=0.00s Real=0.00s
[216.864s][info][gc,start       ] GC(743) Pause Young (Allocation Failure)
[216.866s][info][gc,heap        ] GC(743) DefNew: 1120408K(1258304K)->2616K(1258304K) Eden: 1118528K(1118528K)->0K(1118528K) From: 1880K(139776K)->2616K(139776K)
[216.866s][info][gc,heap        ] GC(743) Tenured: 85003K(2796224K)->85003K(2796224K)
[216.866s][info][gc,metaspace   ] GC(743) Metaspace: 11807K(12032K)->11807K(12032K) NonClass: 10267K(10368K)->10267K(10368K) Class: 1540K(1664K)->1540K(1664K)
[216.866s][info][gc             ] GC(743) Pause Young (Allocation Failure) 1177M->85M(3959M) 2.302ms
[216.866s][info][gc,cpu         ] GC(743) User=0.00s Sys=0.00s Real=0.00s
[217.144s][info][gc,start       ] GC(744) Pause Young (Allocation Failure)
[217.145s][info][gc,heap        ] GC(744) DefNew: 1121144K(1258304K)->545K(1258304K) Eden: 1118528K(1118528K)->0K(1118528K) From: 2616K(139776K)->545K(139776K)
[217.145s][info][gc,heap        ] GC(744) Tenured: 85003K(2796224K)->85003K(2796224K)
[217.145s][info][gc,metaspace   ] GC(744) Metaspace: 11807K(12032K)->11807K(12032K) NonClass: 10267K(10368K)->10267K(10368K) Class: 1540K(1664K)->1540K(1664K)
[217.145s][info][gc             ] GC(744) Pause Young (Allocation Failure) 1177M->83M(3959M) 0.754ms
[217.145s][info][gc,cpu         ] GC(744) User=0.00s Sys=0.00s Real=0.00s
[217.415s][info][gc,start       ] GC(745) Pause Young (Allocation Failure)
[217.417s][info][gc,heap        ] GC(745) DefNew: 1119073K(1258304K)->1563K(1258304K) Eden: 1118528K(1118528K)->0K(1118528K) From: 545K(139776K)->1563K(139776K)
[217.417s][info][gc,heap        ] GC(745) Tenured: 85003K(2796224K)->85003K(2796224K)
[217.417s][info][gc,metaspace   ] GC(745) Metaspace: 11807K(12032K)->11807K(12032K) NonClass: 10267K(10368K)->10267K(10368K) Class: 1540K(1664K)->1540K(1664K)
[217.417s][info][gc             ] GC(745) Pause Young (Allocation Failure) 1175M->84M(3959M) 1.523ms
[217.417s][info][gc,cpu         ] GC(745) User=0.00s Sys=0.00s Real=0.00s
[217.687s][info][gc,start       ] GC(746) Pause Young (Allocation Failure)
[217.689s][info][gc,heap        ] GC(746) DefNew: 1120091K(1258304K)->1915K(1258304K) Eden: 1118528K(1118528K)->0K(1118528K) From: 1563K(139776K)->1915K(139776K)
[217.689s][info][gc,heap        ] GC(746) Tenured: 85003K(2796224K)->85003K(2796224K)
[217.689s][info][gc,metaspace   ] GC(746) Metaspace: 11807K(12032K)->11807K(12032K) NonClass: 10267K(10368K)->10267K(10368K) Class: 1540K(1664K)->1540K(1664K)
[217.689s][info][gc             ] GC(746) Pause Young (Allocation Failure) 1176M->84M(3959M) 1.664ms
[217.689s][info][gc,cpu         ] GC(746) User=0.00s Sys=0.00s Real=0.00s
[217.967s][info][gc,start       ] GC(747) Pause Young (Allocation Failure)
[217.967s][info][gc,heap        ] GC(747) DefNew: 1120443K(1258304K)->67K(1258304K) Eden: 1118528K(1118528K)->0K(1118528K) From: 1915K(139776K)->67K(139776K)
[217.967s][info][gc,heap        ] GC(747) Tenured: 85003K(2796224K)->85003K(2796224K)
[217.967s][info][gc,metaspace   ] GC(747) Metaspace: 11807K(12032K)->11807K(12032K) NonClass: 10267K(10368K)->10267K(10368K) Class: 1540K(1664K)->1540K(1664K)
[217.968s][info][gc             ] GC(747) Pause Young (Allocation Failure) 1177M->83M(3959M) 0.389ms
[217.968s][info][gc,cpu         ] GC(747) User=0.00s Sys=0.00s Real=0.00s
[218.239s][info][gc,start       ] GC(748) Pause Young (Allocation Failure)
[218.239s][info][gc,heap        ] GC(748) DefNew: 1118595K(1258304K)->913K(1258304K) Eden: 1118528K(1118528K)->0K(1118528K) From: 67K(139776K)->913K(139776K)
[218.239s][info][gc,heap        ] GC(748) Tenured: 85003K(2796224K)->85003K(2796224K)
[218.239s][info][gc,metaspace   ] GC(748) Metaspace: 11807K(12032K)->11807K(12032K) NonClass: 10267K(10368K)->10267K(10368K) Class: 1540K(1664K)->1540K(1664K)
[218.240s][info][gc             ] GC(748) Pause Young (Allocation Failure) 1175M->83M(3959M) 0.987ms
[218.240s][info][gc,cpu         ] GC(748) User=0.00s Sys=0.00s Real=0.00s
[218.504s][info][gc,start       ] GC(749) Pause Full (System.gc())
[218.504s][info][gc,phases,start] GC(749) Phase 1: Mark live objects
[218.549s][info][gc,phases      ] GC(749) Phase 1: Mark live objects 44.894ms
[218.549s][info][gc,phases,start] GC(749) Phase 2: Compute new object addresses
[218.632s][info][gc,phases      ] GC(749) Phase 2: Compute new object addresses 83.077ms
[218.632s][info][gc,phases,start] GC(749) Phase 3: Adjust pointers
[218.655s][info][gc,phases      ] GC(749) Phase 3: Adjust pointers 22.420ms
[218.655s][info][gc,phases,start] GC(749) Phase 4: Move objects
[218.655s][info][gc,phases      ] GC(749) Phase 4: Move objects 0.009ms
[218.655s][info][gc,heap        ] GC(749) DefNew: 1097445K(1258304K)->0K(1258304K) Eden: 1096531K(1118528K)->0K(1118528K) From: 913K(139776K)->0K(139776K)
[218.655s][info][gc,heap        ] GC(749) Tenured: 85003K(2796224K)->85003K(2796224K)
[218.655s][info][gc,metaspace   ] GC(749) Metaspace: 11807K(12032K)->11807K(12032K) NonClass: 10267K(10368K)->10267K(10368K) Class: 1540K(1664K)->1540K(1664K)
[218.655s][info][gc             ] GC(749) Pause Full (System.gc()) 1154M->83M(3959M) 150.688ms
[218.655s][info][gc,cpu         ] GC(749) User=0.16s Sys=0.00s Real=0.14s
[218.935s][info][gc,start       ] GC(750) Pause Young (Allocation Failure)
[218.936s][info][gc,heap        ] GC(750) DefNew: 1118528K(1258304K)->897K(1258304K) Eden: 1118528K(1118528K)->0K(1118528K) From: 0K(139776K)->897K(139776K)
[218.936s][info][gc,heap        ] GC(750) Tenured: 85003K(2796224K)->85003K(2796224K)
[218.936s][info][gc,metaspace   ] GC(750) Metaspace: 11807K(12032K)->11807K(12032K) NonClass: 10267K(10368K)->10267K(10368K) Class: 1540K(1664K)->1540K(1664K)
[218.936s][info][gc             ] GC(750) Pause Young (Allocation Failure) 1175M->83M(3959M) 0.995ms
[218.936s][info][gc,cpu         ] GC(750) User=0.00s Sys=0.00s Real=0.00s
[219.206s][info][gc,start       ] GC(751) Pause Young (Allocation Failure)
[219.208s][info][gc,heap        ] GC(751) DefNew: 1119425K(1258304K)->1715K(1258304K) Eden: 1118528K(1118528K)->0K(1118528K) From: 897K(139776K)->1715K(139776K)
[219.208s][info][gc,heap        ] GC(751) Tenured: 85003K(2796224K)->85003K(2796224K)
[219.208s][info][gc,metaspace   ] GC(751) Metaspace: 11807K(12032K)->11807K(12032K) NonClass: 10267K(10368K)->10267K(10368K) Class: 1540K(1664K)->1540K(1664K)
[219.208s][info][gc             ] GC(751) Pause Young (Allocation Failure) 1176M->84M(3959M) 1.543ms
[219.208s][info][gc,cpu         ] GC(751) User=0.00s Sys=0.00s Real=0.00s
[219.477s][info][gc,start       ] GC(752) Pause Young (Allocation Failure)
[219.479s][info][gc,heap        ] GC(752) DefNew: 1120243K(1258304K)->2484K(1258304K) Eden: 1118528K(1118528K)->0K(1118528K) From: 1715K(139776K)->2484K(139776K)
[219.479s][info][gc,heap        ] GC(752) Tenured: 85003K(2796224K)->85003K(2796224K)
[219.479s][info][gc,metaspace   ] GC(752) Metaspace: 11807K(12032K)->11807K(12032K) NonClass: 10267K(10368K)->10267K(10368K) Class: 1540K(1664K)->1540K(1664K)
[219.479s][info][gc             ] GC(752) Pause Young (Allocation Failure) 1176M->85M(3959M) 2.126ms
[219.479s][info][gc,cpu         ] GC(752) User=0.00s Sys=0.00s Real=0.00s
[219.752s][info][gc,start       ] GC(753) Pause Young (Allocation Failure)
[219.753s][info][gc,heap        ] GC(753) DefNew: 1121012K(1258304K)->132K(1258304K) Eden: 1118528K(1118528K)->0K(1118528K) From: 2484K(139776K)->132K(139776K)
[219.753s][info][gc,heap        ] GC(753) Tenured: 85003K(2796224K)->85003K(2796224K)
[219.753s][info][gc,metaspace   ] GC(753) Metaspace: 11807K(12032K)->11807K(12032K) NonClass: 10267K(10368K)->10267K(10368K) Class: 1540K(1664K)->1540K(1664K)
[219.753s][info][gc             ] GC(753) Pause Young (Allocation Failure) 1177M->83M(3959M) 0.467ms
[219.753s][info][gc,cpu         ] GC(753) User=0.00s Sys=0.00s Real=0.00s
[220.026s][info][gc,start       ] GC(754) Pause Young (Allocation Failure)
[220.027s][info][gc,heap        ] GC(754) DefNew: 1118660K(1258304K)->888K(1258304K) Eden: 1118528K(1118528K)->0K(1118528K) From: 132K(139776K)->888K(139776K)
[220.027s][info][gc,heap        ] GC(754) Tenured: 85003K(2796224K)->85003K(2796224K)
[220.027s][info][gc,metaspace   ] GC(754) Metaspace: 11807K(12032K)->11807K(12032K) NonClass: 10267K(10368K)->10267K(10368K) Class: 1540K(1664K)->1540K(1664K)
[220.027s][info][gc             ] GC(754) Pause Young (Allocation Failure) 1175M->83M(3959M) 0.962ms
[220.027s][info][gc,cpu         ] GC(754) User=0.00s Sys=0.00s Real=0.00s
[220.297s][info][gc,start       ] GC(755) Pause Young (Allocation Failure)
[220.299s][info][gc,heap        ] GC(755) DefNew: 1119416K(1258304K)->1821K(1258304K) Eden: 1118528K(1118528K)->0K(1118528K) From: 888K(139776K)->1821K(139776K)
[220.299s][info][gc,heap        ] GC(755) Tenured: 85003K(2796224K)->85003K(2796224K)
[220.299s][info][gc,metaspace   ] GC(755) Metaspace: 11807K(12032K)->11807K(12032K) NonClass: 10267K(10368K)->10267K(10368K) Class: 1540K(1664K)->1540K(1664K)
[220.299s][info][gc             ] GC(755) Pause Young (Allocation Failure) 1176M->84M(3959M) 1.646ms
[220.299s][info][gc,cpu         ] GC(755) User=0.00s Sys=0.00s Real=0.00s
[220.569s][info][gc,start       ] GC(756) Pause Young (Allocation Failure)
[220.570s][info][gc,heap        ] GC(756) DefNew: 1120349K(1258304K)->2009K(1258304K) Eden: 1118528K(1118528K)->0K(1118528K) From: 1821K(139776K)->2009K(139776K)
[220.570s][info][gc,heap        ] GC(756) Tenured: 85003K(2796224K)->85003K(2796224K)
[220.570s][info][gc,metaspace   ] GC(756) Metaspace: 11807K(12032K)->11807K(12032K) NonClass: 10267K(10368K)->10267K(10368K) Class: 1540K(1664K)->1540K(1664K)
[220.570s][info][gc             ] GC(756) Pause Young (Allocation Failure) 1177M->84M(3959M) 1.712ms
[220.570s][info][gc,cpu         ] GC(756) User=0.00s Sys=0.00s Real=0.00s
[220.842s][info][gc,start       ] GC(757) Pause Young (Allocation Failure)
[220.843s][info][gc,heap        ] GC(757) DefNew: 1120537K(1258304K)->119K(1258304K) Eden: 1118528K(1118528K)->0K(1118528K) From: 2009K(139776K)->119K(139776K)
[220.843s][info][gc,heap        ] GC(757) Tenured: 85003K(2796224K)->85003K(2796224K)
[220.843s][info][gc,metaspace   ] GC(757) Metaspace: 11807K(12032K)->11807K(12032K) NonClass: 10267K(10368K)->10267K(10368K) Class: 1540K(1664K)->1540K(1664K)
[220.843s][info][gc             ] GC(757) Pause Young (Allocation Failure) 1177M->83M(3959M) 0.460ms
[220.843s][info][gc,cpu         ] GC(757) User=0.00s Sys=0.00s Real=0.00s
[221.117s][info][gc,start       ] GC(758) Pause Full (System.gc())
[221.117s][info][gc,phases,start] GC(758) Phase 1: Mark live objects
[221.161s][info][gc,phases      ] GC(758) Phase 1: Mark live objects 44.318ms
[221.161s][info][gc,phases,start] GC(758) Phase 2: Compute new object addresses
[221.245s][info][gc,phases      ] GC(758) Phase 2: Compute new object addresses 84.164ms
[221.245s][info][gc,phases,start] GC(758) Phase 3: Adjust pointers
[221.268s][info][gc,phases      ] GC(758) Phase 3: Adjust pointers 22.693ms
[221.268s][info][gc,phases,start] GC(758) Phase 4: Move objects
[221.268s][info][gc,phases      ] GC(758) Phase 4: Move objects 0.009ms
[221.268s][info][gc,heap        ] GC(758) DefNew: 1107291K(1258304K)->0K(1258304K) Eden: 1107171K(1118528K)->0K(1118528K) From: 119K(139776K)->0K(139776K)
[221.268s][info][gc,heap        ] GC(758) Tenured: 85003K(2796224K)->85003K(2796224K)
[221.268s][info][gc,metaspace   ] GC(758) Metaspace: 11807K(12032K)->11807K(12032K) NonClass: 10267K(10368K)->10267K(10368K) Class: 1540K(1664K)->1540K(1664K)
[221.268s][info][gc             ] GC(758) Pause Full (System.gc()) 1164M->83M(3959M) 151.481ms
[221.268s][info][gc,cpu         ] GC(758) User=0.16s Sys=0.00s Real=0.14s
[221.544s][info][gc,start       ] GC(759) Pause Young (Allocation Failure)
[221.545s][info][gc,heap        ] GC(759) DefNew: 1118528K(1258304K)->828K(1258304K) Eden: 1118528K(1118528K)->0K(1118528K) From: 0K(139776K)->828K(139776K)
[221.545s][info][gc,heap        ] GC(759) Tenured: 85003K(2796224K)->85003K(2796224K)
[221.545s][info][gc,metaspace   ] GC(759) Metaspace: 11811K(12096K)->11811K(12096K) NonClass: 10271K(10432K)->10271K(10432K) Class: 1540K(1664K)->1540K(1664K)
[221.545s][info][gc             ] GC(759) Pause Young (Allocation Failure) 1175M->83M(3959M) 0.931ms
[221.545s][info][gc,cpu         ] GC(759) User=0.00s Sys=0.00s Real=0.00s
[221.814s][info][gc,start       ] GC(760) Pause Young (Allocation Failure)
[221.815s][info][gc,heap        ] GC(760) DefNew: 1119356K(1258304K)->1590K(1258304K) Eden: 1118528K(1118528K)->0K(1118528K) From: 828K(139776K)->1590K(139776K)
[221.815s][info][gc,heap        ] GC(760) Tenured: 85003K(2796224K)->85003K(2796224K)
[221.815s][info][gc,metaspace   ] GC(760) Metaspace: 11811K(12096K)->11811K(12096K) NonClass: 10271K(10432K)->10271K(10432K) Class: 1540K(1664K)->1540K(1664K)
[221.815s][info][gc             ] GC(760) Pause Young (Allocation Failure) 1176M->84M(3959M) 1.537ms
[221.815s][info][gc,cpu         ] GC(760) User=0.00s Sys=0.00s Real=0.00s
[222.090s][info][gc,start       ] GC(761) Pause Young (Allocation Failure)
[222.092s][info][gc,heap        ] GC(761) DefNew: 1120118K(1258304K)->2619K(1258304K) Eden: 1118528K(1118528K)->0K(1118528K) From: 1590K(139776K)->2619K(139776K)
[222.092s][info][gc,heap        ] GC(761) Tenured: 85003K(2796224K)->85003K(2796224K)
[222.092s][info][gc,metaspace   ] GC(761) Metaspace: 11811K(12096K)->11811K(12096K) NonClass: 10271K(10432K)->10271K(10432K) Class: 1540K(1664K)->1540K(1664K)
[222.092s][info][gc             ] GC(761) Pause Young (Allocation Failure) 1176M->85M(3959M) 2.173ms
[222.093s][info][gc,cpu         ] GC(761) User=0.02s Sys=0.00s Real=0.00s
[222.366s][info][gc,start       ] GC(762) Pause Young (Allocation Failure)
[222.366s][info][gc,heap        ] GC(762) DefNew: 1121147K(1258304K)->38K(1258304K) Eden: 1118528K(1118528K)->0K(1118528K) From: 2619K(139776K)->38K(139776K)
[222.366s][info][gc,heap        ] GC(762) Tenured: 85003K(2796224K)->85003K(2796224K)
[222.366s][info][gc,metaspace   ] GC(762) Metaspace: 11811K(12096K)->11811K(12096K) NonClass: 10271K(10432K)->10271K(10432K) Class: 1540K(1664K)->1540K(1664K)
[222.366s][info][gc             ] GC(762) Pause Young (Allocation Failure) 1177M->83M(3959M) 0.375ms
[222.366s][info][gc,cpu         ] GC(762) User=0.00s Sys=0.00s Real=0.00s
[222.636s][info][gc,start       ] GC(763) Pause Young (Allocation Failure)
[222.637s][info][gc,heap        ] GC(763) DefNew: 1118566K(1258304K)->1005K(1258304K) Eden: 1118528K(1118528K)->0K(1118528K) From: 38K(139776K)->1005K(139776K)
[222.637s][info][gc,heap        ] GC(763) Tenured: 85003K(2796224K)->85003K(2796224K)
[222.637s][info][gc,metaspace   ] GC(763) Metaspace: 11811K(12096K)->11811K(12096K) NonClass: 10271K(10432K)->10271K(10432K) Class: 1540K(1664K)->1540K(1664K)
[222.637s][info][gc             ] GC(763) Pause Young (Allocation Failure) 1175M->83M(3959M) 1.036ms
[222.637s][info][gc,cpu         ] GC(763) User=0.00s Sys=0.00s Real=0.00s
[222.913s][info][gc,start       ] GC(764) Pause Young (Allocation Failure)
[222.915s][info][gc,heap        ] GC(764) DefNew: 1119533K(1258304K)->1736K(1258304K) Eden: 1118528K(1118528K)->0K(1118528K) From: 1005K(139776K)->1736K(139776K)
[222.915s][info][gc,heap        ] GC(764) Tenured: 85003K(2796224K)->85003K(2796224K)
[222.915s][info][gc,metaspace   ] GC(764) Metaspace: 11811K(12096K)->11811K(12096K) NonClass: 10271K(10432K)->10271K(10432K) Class: 1540K(1664K)->1540K(1664K)
[222.915s][info][gc             ] GC(764) Pause Young (Allocation Failure) 1176M->84M(3959M) 1.580ms
[222.915s][info][gc,cpu         ] GC(764) User=0.00s Sys=0.00s Real=0.00s
[223.185s][info][gc,start       ] GC(765) Pause Young (Allocation Failure)
[223.187s][info][gc,heap        ] GC(765) DefNew: 1120260K(1258304K)->2642K(1258304K) Eden: 1118524K(1118528K)->0K(1118528K) From: 1736K(139776K)->2642K(139776K)
[223.187s][info][gc,heap        ] GC(765) Tenured: 85003K(2796224K)->85003K(2796224K)
[223.187s][info][gc,metaspace   ] GC(765) Metaspace: 11811K(12096K)->11811K(12096K) NonClass: 10271K(10432K)->10271K(10432K) Class: 1540K(1664K)->1540K(1664K)
[223.187s][info][gc             ] GC(765) Pause Young (Allocation Failure) 1177M->85M(3959M) 2.206ms
[223.187s][info][gc,cpu         ] GC(765) User=0.00s Sys=0.00s Real=0.00s
[223.459s][info][gc,start       ] GC(766) Pause Young (Allocation Failure)
[223.460s][info][gc,heap        ] GC(766) DefNew: 1121170K(1258304K)->524K(1258304K) Eden: 1118528K(1118528K)->0K(1118528K) From: 2642K(139776K)->524K(139776K)
[223.460s][info][gc,heap        ] GC(766) Tenured: 85003K(2796224K)->85003K(2796224K)
[223.460s][info][gc,metaspace   ] GC(766) Metaspace: 11811K(12096K)->11811K(12096K) NonClass: 10271K(10432K)->10271K(10432K) Class: 1540K(1664K)->1540K(1664K)
[223.460s][info][gc             ] GC(766) Pause Young (Allocation Failure) 1177M->83M(3959M) 0.757ms
[223.460s][info][gc,cpu         ] GC(766) User=0.00s Sys=0.00s Real=0.00s
[223.727s][info][gc,start       ] GC(767) Pause Full (System.gc())
[223.727s][info][gc,phases,start] GC(767) Phase 1: Mark live objects
[223.771s][info][gc,phases      ] GC(767) Phase 1: Mark live objects 44.332ms
[223.771s][info][gc,phases,start] GC(767) Phase 2: Compute new object addresses
[223.855s][info][gc,phases      ] GC(767) Phase 2: Compute new object addresses 83.657ms
[223.855s][info][gc,phases,start] GC(767) Phase 3: Adjust pointers
[223.876s][info][gc,phases      ] GC(767) Phase 3: Adjust pointers 21.271ms
[223.876s][info][gc,phases,start] GC(767) Phase 4: Move objects
[223.876s][info][gc,phases      ] GC(767) Phase 4: Move objects 0.011ms
[223.876s][info][gc,heap        ] GC(767) DefNew: 1097623K(1258304K)->0K(1258304K) Eden: 1097098K(1118528K)->0K(1118528K) From: 524K(139776K)->0K(139776K)
[223.876s][info][gc,heap        ] GC(767) Tenured: 85003K(2796224K)->85005K(2796224K)
[223.876s][info][gc,metaspace   ] GC(767) Metaspace: 11811K(12096K)->11811K(12096K) NonClass: 10271K(10432K)->10271K(10432K) Class: 1540K(1664K)->1540K(1664K)
[223.876s][info][gc             ] GC(767) Pause Full (System.gc()) 1154M->83M(3959M) 149.583ms
[223.876s][info][gc,cpu         ] GC(767) User=0.16s Sys=0.00s Real=0.15s
[224.153s][info][gc,start       ] GC(768) Pause Young (Allocation Failure)
[224.154s][info][gc,heap        ] GC(768) DefNew: 1118528K(1258304K)->862K(1258304K) Eden: 1118528K(1118528K)->0K(1118528K) From: 0K(139776K)->862K(139776K)
[224.154s][info][gc,heap        ] GC(768) Tenured: 85005K(2796224K)->85005K(2796224K)
[224.154s][info][gc,metaspace   ] GC(768) Metaspace: 11814K(12096K)->11814K(12096K) NonClass: 10274K(10432K)->10274K(10432K) Class: 1540K(1664K)->1540K(1664K)
[224.154s][info][gc             ] GC(768) Pause Young (Allocation Failure) 1175M->83M(3959M) 0.928ms
[224.154s][info][gc,cpu         ] GC(768) User=0.00s Sys=0.00s Real=0.00s
[224.423s][info][gc,start       ] GC(769) Pause Young (Allocation Failure)
[224.425s][info][gc,heap        ] GC(769) DefNew: 1119390K(1258304K)->2170K(1258304K) Eden: 1118528K(1118528K)->0K(1118528K) From: 862K(139776K)->2170K(139776K)
[224.425s][info][gc,heap        ] GC(769) Tenured: 85005K(2796224K)->85005K(2796224K)
[224.425s][info][gc,metaspace   ] GC(769) Metaspace: 11814K(12096K)->11814K(12096K) NonClass: 10274K(10432K)->10274K(10432K) Class: 1540K(1664K)->1540K(1664K)
[224.425s][info][gc             ] GC(769) Pause Young (Allocation Failure) 1176M->85M(3959M) 1.869ms
[224.425s][info][gc,cpu         ] GC(769) User=0.00s Sys=0.00s Real=0.00s
[224.695s][info][gc,start       ] GC(770) Pause Young (Allocation Failure)
[224.696s][info][gc,heap        ] GC(770) DefNew: 1120698K(1258304K)->2251K(1258304K) Eden: 1118528K(1118528K)->0K(1118528K) From: 2170K(139776K)->2251K(139776K)
[224.696s][info][gc,heap        ] GC(770) Tenured: 85005K(2796224K)->85005K(2796224K)
[224.696s][info][gc,metaspace   ] GC(770) Metaspace: 11814K(12096K)->11814K(12096K) NonClass: 10274K(10432K)->10274K(10432K) Class: 1540K(1664K)->1540K(1664K)
[224.696s][info][gc             ] GC(770) Pause Young (Allocation Failure) 1177M->85M(3959M) 1.917ms
[224.696s][info][gc,cpu         ] GC(770) User=0.00s Sys=0.00s Real=0.00s
[224.974s][info][gc,start       ] GC(771) Pause Young (Allocation Failure)
[224.976s][info][gc,heap        ] GC(771) DefNew: 1120779K(1258304K)->1956K(1258304K) Eden: 1118528K(1118528K)->0K(1118528K) From: 2251K(139776K)->1956K(139776K)
[224.976s][info][gc,heap        ] GC(771) Tenured: 85005K(2796224K)->85005K(2796224K)
[224.976s][info][gc,metaspace   ] GC(771) Metaspace: 11814K(12096K)->11814K(12096K) NonClass: 10274K(10432K)->10274K(10432K) Class: 1540K(1664K)->1540K(1664K)
[224.976s][info][gc             ] GC(771) Pause Young (Allocation Failure) 1177M->84M(3959M) 1.576ms
[224.976s][info][gc,cpu         ] GC(771) User=0.00s Sys=0.00s Real=0.00s
[225.247s][info][gc,start       ] GC(772) Pause Young (Allocation Failure)
[225.248s][info][gc,heap        ] GC(772) DefNew: 1120484K(1258304K)->1006K(1258304K) Eden: 1118528K(1118528K)->0K(1118528K) From: 1956K(139776K)->1006K(139776K)
[225.248s][info][gc,heap        ] GC(772) Tenured: 85005K(2796224K)->85005K(2796224K)
[225.248s][info][gc,metaspace   ] GC(772) Metaspace: 11814K(12096K)->11814K(12096K) NonClass: 10274K(10432K)->10274K(10432K) Class: 1540K(1664K)->1540K(1664K)
[225.248s][info][gc             ] GC(772) Pause Young (Allocation Failure) 1177M->83M(3959M) 1.067ms
[225.248s][info][gc,cpu         ] GC(772) User=0.00s Sys=0.00s Real=0.00s
[225.517s][info][gc,start       ] GC(773) Pause Young (Allocation Failure)
[225.519s][info][gc,heap        ] GC(773) DefNew: 1119534K(1258304K)->1816K(1258304K) Eden: 1118528K(1118528K)->0K(1118528K) From: 1006K(139776K)->1816K(139776K)
[225.519s][info][gc,heap        ] GC(773) Tenured: 85005K(2796224K)->85005K(2796224K)
[225.519s][info][gc,metaspace   ] GC(773) Metaspace: 11814K(12096K)->11814K(12096K) NonClass: 10274K(10432K)->10274K(10432K) Class: 1540K(1664K)->1540K(1664K)
[225.519s][info][gc             ] GC(773) Pause Young (Allocation Failure) 1176M->84M(3959M) 1.619ms
[225.519s][info][gc,cpu         ] GC(773) User=0.00s Sys=0.00s Real=0.00s
[225.787s][info][gc,start       ] GC(774) Pause Young (Allocation Failure)
[225.789s][info][gc,heap        ] GC(774) DefNew: 1120344K(1258304K)->2398K(1258304K) Eden: 1118528K(1118528K)->0K(1118528K) From: 1816K(139776K)->2398K(139776K)
[225.789s][info][gc,heap        ] GC(774) Tenured: 85005K(2796224K)->85005K(2796224K)
[225.789s][info][gc,metaspace   ] GC(774) Metaspace: 11814K(12096K)->11814K(12096K) NonClass: 10274K(10432K)->10274K(10432K) Class: 1540K(1664K)->1540K(1664K)
[225.789s][info][gc             ] GC(774) Pause Young (Allocation Failure) 1177M->85M(3959M) 2.072ms
[225.789s][info][gc,cpu         ] GC(774) User=0.00s Sys=0.00s Real=0.00s
[226.069s][info][gc,start       ] GC(775) Pause Young (Allocation Failure)
[226.069s][info][gc,heap        ] GC(775) DefNew: 1120926K(1258304K)->344K(1258304K) Eden: 1118528K(1118528K)->0K(1118528K) From: 2398K(139776K)->344K(139776K)
[226.069s][info][gc,heap        ] GC(775) Tenured: 85005K(2796224K)->85005K(2796224K)
[226.069s][info][gc,metaspace   ] GC(775) Metaspace: 11814K(12096K)->11814K(12096K) NonClass: 10274K(10432K)->10274K(10432K) Class: 1540K(1664K)->1540K(1664K)
[226.069s][info][gc             ] GC(775) Pause Young (Allocation Failure) 1177M->83M(3959M) 0.607ms
[226.069s][info][gc,cpu         ] GC(775) User=0.00s Sys=0.00s Real=0.00s
[226.343s][info][gc,start       ] GC(776) Pause Full (System.gc())
[226.343s][info][gc,phases,start] GC(776) Phase 1: Mark live objects
[226.387s][info][gc,phases      ] GC(776) Phase 1: Mark live objects 44.579ms
[226.387s][info][gc,phases,start] GC(776) Phase 2: Compute new object addresses
[226.471s][info][gc,phases      ] GC(776) Phase 2: Compute new object addresses 83.851ms
[226.471s][info][gc,phases,start] GC(776) Phase 3: Adjust pointers
[226.494s][info][gc,phases      ] GC(776) Phase 3: Adjust pointers 22.441ms
[226.494s][info][gc,phases,start] GC(776) Phase 4: Move objects
[226.494s][info][gc,phases      ] GC(776) Phase 4: Move objects 0.010ms
[226.494s][info][gc,heap        ] GC(776) DefNew: 1105258K(1258304K)->0K(1258304K) Eden: 1104914K(1118528K)->0K(1118528K) From: 344K(139776K)->0K(139776K)
[226.494s][info][gc,heap        ] GC(776) Tenured: 85005K(2796224K)->85005K(2796224K)
[226.494s][info][gc,metaspace   ] GC(776) Metaspace: 11814K(12096K)->11814K(12096K) NonClass: 10274K(10432K)->10274K(10432K) Class: 1540K(1664K)->1540K(1664K)
[226.494s][info][gc             ] GC(776) Pause Full (System.gc()) 1162M->83M(3959M) 151.179ms
[226.494s][info][gc,cpu         ] GC(776) User=0.14s Sys=0.00s Real=0.14s
[226.769s][info][gc,start       ] GC(777) Pause Young (Allocation Failure)
[226.770s][info][gc,heap        ] GC(777) DefNew: 1118528K(1258304K)->814K(1258304K) Eden: 1118528K(1118528K)->0K(1118528K) From: 0K(139776K)->814K(139776K)
[226.770s][info][gc,heap        ] GC(777) Tenured: 85005K(2796224K)->85005K(2796224K)
[226.770s][info][gc,metaspace   ] GC(777) Metaspace: 11814K(12096K)->11814K(12096K) NonClass: 10274K(10432K)->10274K(10432K) Class: 1540K(1664K)->1540K(1664K)
[226.770s][info][gc             ] GC(777) Pause Young (Allocation Failure) 1175M->83M(3959M) 0.915ms
[226.770s][info][gc,cpu         ] GC(777) User=0.00s Sys=0.00s Real=0.00s
[227.047s][info][gc,start       ] GC(778) Pause Young (Allocation Failure)
[227.048s][info][gc,heap        ] GC(778) DefNew: 1119342K(1258304K)->1883K(1258304K) Eden: 1118528K(1118528K)->0K(1118528K) From: 814K(139776K)->1883K(139776K)
[227.048s][info][gc,heap        ] GC(778) Tenured: 85005K(2796224K)->85005K(2796224K)
[227.048s][info][gc,metaspace   ] GC(778) Metaspace: 11814K(12096K)->11814K(12096K) NonClass: 10274K(10432K)->10274K(10432K) Class: 1540K(1664K)->1540K(1664K)
[227.048s][info][gc             ] GC(778) Pause Young (Allocation Failure) 1176M->84M(3959M) 1.679ms
[227.048s][info][gc,cpu         ] GC(778) User=0.00s Sys=0.00s Real=0.00s
[227.317s][info][gc,start       ] GC(779) Pause Young (Allocation Failure)
[227.320s][info][gc,heap        ] GC(779) DefNew: 1120411K(1258304K)->2655K(1258304K) Eden: 1118528K(1118528K)->0K(1118528K) From: 1883K(139776K)->2655K(139776K)
[227.320s][info][gc,heap        ] GC(779) Tenured: 85005K(2796224K)->85005K(2796224K)
[227.320s][info][gc,metaspace   ] GC(779) Metaspace: 11814K(12096K)->11814K(12096K) NonClass: 10274K(10432K)->10274K(10432K) Class: 1540K(1664K)->1540K(1664K)
[227.320s][info][gc             ] GC(779) Pause Young (Allocation Failure) 1177M->85M(3959M) 2.228ms
[227.320s][info][gc,cpu         ] GC(779) User=0.00s Sys=0.00s Real=0.00s
[227.593s][info][gc,start       ] GC(780) Pause Young (Allocation Failure)
[227.594s][info][gc,heap        ] GC(780) DefNew: 1121183K(1258304K)->43K(1258304K) Eden: 1118528K(1118528K)->0K(1118528K) From: 2655K(139776K)->43K(139776K)
[227.594s][info][gc,heap        ] GC(780) Tenured: 85005K(2796224K)->85005K(2796224K)
[227.594s][info][gc,metaspace   ] GC(780) Metaspace: 11814K(12096K)->11814K(12096K) NonClass: 10274K(10432K)->10274K(10432K) Class: 1540K(1664K)->1540K(1664K)
[227.594s][info][gc             ] GC(780) Pause Young (Allocation Failure) 1177M->83M(3959M) 0.371ms
[227.594s][info][gc,cpu         ] GC(780) User=0.00s Sys=0.00s Real=0.00s
[227.866s][info][gc,start       ] GC(781) Pause Young (Allocation Failure)
[227.866s][info][gc,heap        ] GC(781) DefNew: 1118571K(1258304K)->859K(1258304K) Eden: 1118528K(1118528K)->0K(1118528K) From: 43K(139776K)->859K(139776K)
[227.866s][info][gc,heap        ] GC(781) Tenured: 85005K(2796224K)->85005K(2796224K)
[227.866s][info][gc,metaspace   ] GC(781) Metaspace: 11814K(12096K)->11814K(12096K) NonClass: 10274K(10432K)->10274K(10432K) Class: 1540K(1664K)->1540K(1664K)
[227.866s][info][gc             ] GC(781) Pause Young (Allocation Failure) 1175M->83M(3959M) 0.955ms
[227.866s][info][gc,cpu         ] GC(781) User=0.00s Sys=0.00s Real=0.00s
[228.140s][info][gc,start       ] GC(782) Pause Young (Allocation Failure)
[228.141s][info][gc,heap        ] GC(782) DefNew: 1119387K(1258304K)->1387K(1258304K) Eden: 1118528K(1118528K)->0K(1118528K) From: 859K(139776K)->1387K(139776K)
[228.141s][info][gc,heap        ] GC(782) Tenured: 85005K(2796224K)->85005K(2796224K)
[228.141s][info][gc,metaspace   ] GC(782) Metaspace: 11814K(12096K)->11814K(12096K) NonClass: 10274K(10432K)->10274K(10432K) Class: 1540K(1664K)->1540K(1664K)
[228.141s][info][gc             ] GC(782) Pause Young (Allocation Failure) 1176M->84M(3959M) 1.308ms
[228.141s][info][gc,cpu         ] GC(782) User=0.00s Sys=0.00s Real=0.00s
[228.411s][info][gc,start       ] GC(783) Pause Young (Allocation Failure)
[228.413s][info][gc,heap        ] GC(783) DefNew: 1119915K(1258304K)->2222K(1258304K) Eden: 1118528K(1118528K)->0K(1118528K) From: 1387K(139776K)->2222K(139776K)
[228.413s][info][gc,heap        ] GC(783) Tenured: 85005K(2796224K)->85005K(2796224K)
[228.413s][info][gc,metaspace   ] GC(783) Metaspace: 11814K(12096K)->11814K(12096K) NonClass: 10274K(10432K)->10274K(10432K) Class: 1540K(1664K)->1540K(1664K)
[228.413s][info][gc             ] GC(783) Pause Young (Allocation Failure) 1176M->85M(3959M) 1.881ms
[228.413s][info][gc,cpu         ] GC(783) User=0.00s Sys=0.00s Real=0.00s
[228.684s][info][gc,start       ] GC(784) Pause Young (Allocation Failure)
[228.685s][info][gc,heap        ] GC(784) DefNew: 1120750K(1258304K)->1961K(1258304K) Eden: 1118528K(1118528K)->0K(1118528K) From: 2222K(139776K)->1961K(139776K)
[228.685s][info][gc,heap        ] GC(784) Tenured: 85005K(2796224K)->85005K(2796224K)
[228.685s][info][gc,metaspace   ] GC(784) Metaspace: 11814K(12096K)->11814K(12096K) NonClass: 10274K(10432K)->10274K(10432K) Class: 1540K(1664K)->1540K(1664K)
[228.685s][info][gc             ] GC(784) Pause Young (Allocation Failure) 1177M->84M(3959M) 1.615ms
[228.685s][info][gc,cpu         ] GC(784) User=0.00s Sys=0.00s Real=0.00s
[228.959s][info][gc,start       ] GC(785) Pause Full (System.gc())
[228.959s][info][gc,phases,start] GC(785) Phase 1: Mark live objects
[229.004s][info][gc,phases      ] GC(785) Phase 1: Mark live objects 44.748ms
[229.004s][info][gc,phases,start] GC(785) Phase 2: Compute new object addresses
[229.089s][info][gc,phases      ] GC(785) Phase 2: Compute new object addresses 84.435ms
[229.089s][info][gc,phases,start] GC(785) Phase 3: Adjust pointers
[229.111s][info][gc,phases      ] GC(785) Phase 3: Adjust pointers 22.137ms
[229.111s][info][gc,phases,start] GC(785) Phase 4: Move objects
[229.111s][info][gc,phases      ] GC(785) Phase 4: Move objects 0.010ms
[229.111s][info][gc,heap        ] GC(785) DefNew: 1105221K(1258304K)->0K(1258304K) Eden: 1103259K(1118528K)->0K(1118528K) From: 1961K(139776K)->0K(139776K)
[229.111s][info][gc,heap        ] GC(785) Tenured: 85005K(2796224K)->85004K(2796224K)
[229.111s][info][gc,metaspace   ] GC(785) Metaspace: 11814K(12096K)->11814K(12096K) NonClass: 10274K(10432K)->10274K(10432K) Class: 1540K(1664K)->1540K(1664K)
[229.111s][info][gc             ] GC(785) Pause Full (System.gc()) 1162M->83M(3959M) 151.628ms
[229.111s][info][gc,cpu         ] GC(785) User=0.16s Sys=0.00s Real=0.14s
[229.386s][info][gc,start       ] GC(786) Pause Young (Allocation Failure)
[229.387s][info][gc,heap        ] GC(786) DefNew: 1118528K(1258304K)->585K(1258304K) Eden: 1118528K(1118528K)->0K(1118528K) From: 0K(139776K)->585K(139776K)
[229.387s][info][gc,heap        ] GC(786) Tenured: 85004K(2796224K)->85004K(2796224K)
[229.387s][info][gc,metaspace   ] GC(786) Metaspace: 11814K(12096K)->11814K(12096K) NonClass: 10274K(10432K)->10274K(10432K) Class: 1540K(1664K)->1540K(1664K)
[229.387s][info][gc             ] GC(786) Pause Young (Allocation Failure) 1175M->83M(3959M) 0.777ms
[229.387s][info][gc,cpu         ] GC(786) User=0.00s Sys=0.00s Real=0.00s
[229.657s][info][gc,start       ] GC(787) Pause Young (Allocation Failure)
[229.658s][info][gc,heap        ] GC(787) DefNew: 1119113K(1258304K)->1503K(1258304K) Eden: 1118528K(1118528K)->0K(1118528K) From: 585K(139776K)->1503K(139776K)
[229.658s][info][gc,heap        ] GC(787) Tenured: 85004K(2796224K)->85004K(2796224K)
[229.658s][info][gc,metaspace   ] GC(787) Metaspace: 11814K(12096K)->11814K(12096K) NonClass: 10274K(10432K)->10274K(10432K) Class: 1540K(1664K)->1540K(1664K)
[229.658s][info][gc             ] GC(787) Pause Young (Allocation Failure) 1175M->84M(3959M) 1.428ms
[229.658s][info][gc,cpu         ] GC(787) User=0.00s Sys=0.00s Real=0.00s
[229.933s][info][gc,start       ] GC(788) Pause Young (Allocation Failure)
[229.935s][info][gc,heap        ] GC(788) DefNew: 1120031K(1258304K)->2424K(1258304K) Eden: 1118528K(1118528K)->0K(1118528K) From: 1503K(139776K)->2424K(139776K)
[229.935s][info][gc,heap        ] GC(788) Tenured: 85004K(2796224K)->85004K(2796224K)
[229.935s][info][gc,metaspace   ] GC(788) Metaspace: 11814K(12096K)->11814K(12096K) NonClass: 10274K(10432K)->10274K(10432K) Class: 1540K(1664K)->1540K(1664K)
[229.935s][info][gc             ] GC(788) Pause Young (Allocation Failure) 1176M->85M(3959M) 2.049ms
[229.935s][info][gc,cpu         ] GC(788) User=0.00s Sys=0.00s Real=0.00s
[230.208s][info][gc,start       ] GC(789) Pause Young (Allocation Failure)
[230.209s][info][gc,heap        ] GC(789) DefNew: 1120952K(1258304K)->120K(1258304K) Eden: 1118528K(1118528K)->0K(1118528K) From: 2424K(139776K)->120K(139776K)
[230.209s][info][gc,heap        ] GC(789) Tenured: 85004K(2796224K)->85004K(2796224K)
[230.209s][info][gc,metaspace   ] GC(789) Metaspace: 11814K(12096K)->11814K(12096K) NonClass: 10274K(10432K)->10274K(10432K) Class: 1540K(1664K)->1540K(1664K)
[230.209s][info][gc             ] GC(789) Pause Young (Allocation Failure) 1177M->83M(3959M) 0.448ms
[230.209s][info][gc,cpu         ] GC(789) User=0.00s Sys=0.00s Real=0.00s
[230.479s][info][gc,start       ] GC(790) Pause Young (Allocation Failure)
[230.480s][info][gc,heap        ] GC(790) DefNew: 1118648K(1258304K)->739K(1258304K) Eden: 1118528K(1118528K)->0K(1118528K) From: 120K(139776K)->739K(139776K)
[230.480s][info][gc,heap        ] GC(790) Tenured: 85004K(2796224K)->85004K(2796224K)
[230.480s][info][gc,metaspace   ] GC(790) Metaspace: 11814K(12096K)->11814K(12096K) NonClass: 10274K(10432K)->10274K(10432K) Class: 1540K(1664K)->1540K(1664K)
[230.480s][info][gc             ] GC(790) Pause Young (Allocation Failure) 1175M->83M(3959M) 0.873ms
[230.480s][info][gc,cpu         ] GC(790) User=0.00s Sys=0.00s Real=0.00s
[230.753s][info][gc,start       ] GC(791) Pause Young (Allocation Failure)
[230.754s][info][gc,heap        ] GC(791) DefNew: 1119267K(1258304K)->1570K(1258304K) Eden: 1118528K(1118528K)->0K(1118528K) From: 739K(139776K)->1570K(139776K)
[230.754s][info][gc,heap        ] GC(791) Tenured: 85004K(2796224K)->85004K(2796224K)
[230.754s][info][gc,metaspace   ] GC(791) Metaspace: 11814K(12096K)->11814K(12096K) NonClass: 10274K(10432K)->10274K(10432K) Class: 1540K(1664K)->1540K(1664K)
[230.754s][info][gc             ] GC(791) Pause Young (Allocation Failure) 1176M->84M(3959M) 1.472ms
[230.754s][info][gc,cpu         ] GC(791) User=0.00s Sys=0.00s Real=0.00s
[231.027s][info][gc,start       ] GC(792) Pause Young (Allocation Failure)
[231.029s][info][gc,heap        ] GC(792) DefNew: 1120098K(1258304K)->2547K(1258304K) Eden: 1118528K(1118528K)->0K(1118528K) From: 1570K(139776K)->2547K(139776K)
[231.029s][info][gc,heap        ] GC(792) Tenured: 85004K(2796224K)->85004K(2796224K)
[231.029s][info][gc,metaspace   ] GC(792) Metaspace: 11814K(12096K)->11814K(12096K) NonClass: 10274K(10432K)->10274K(10432K) Class: 1540K(1664K)->1540K(1664K)
[231.030s][info][gc             ] GC(792) Pause Young (Allocation Failure) 1176M->85M(3959M) 2.160ms
[231.030s][info][gc,cpu         ] GC(792) User=0.02s Sys=0.00s Real=0.00s
[231.303s][info][gc,start       ] GC(793) Pause Young (Allocation Failure)
[231.304s][info][gc,heap        ] GC(793) DefNew: 1121075K(1258304K)->163K(1258304K) Eden: 1118528K(1118528K)->0K(1118528K) From: 2547K(139776K)->163K(139776K)
[231.304s][info][gc,heap        ] GC(793) Tenured: 85004K(2796224K)->85004K(2796224K)
[231.304s][info][gc,metaspace   ] GC(793) Metaspace: 11814K(12096K)->11814K(12096K) NonClass: 10274K(10432K)->10274K(10432K) Class: 1540K(1664K)->1540K(1664K)
[231.304s][info][gc             ] GC(793) Pause Young (Allocation Failure) 1177M->83M(3959M) 0.468ms
[231.304s][info][gc,cpu         ] GC(793) User=0.00s Sys=0.00s Real=0.00s
[231.571s][info][gc,start       ] GC(794) Pause Full (System.gc())
[231.571s][info][gc,phases,start] GC(794) Phase 1: Mark live objects
[231.615s][info][gc,phases      ] GC(794) Phase 1: Mark live objects 44.382ms
[231.615s][info][gc,phases,start] GC(794) Phase 2: Compute new object addresses
[231.700s][info][gc,phases      ] GC(794) Phase 2: Compute new object addresses 84.663ms
[231.700s][info][gc,phases,start] GC(794) Phase 3: Adjust pointers
[231.722s][info][gc,phases      ] GC(794) Phase 3: Adjust pointers 22.461ms
[231.722s][info][gc,phases,start] GC(794) Phase 4: Move objects
[231.722s][info][gc,phases      ] GC(794) Phase 4: Move objects 0.010ms
[231.722s][info][gc,heap        ] GC(794) DefNew: 1107578K(1258304K)->0K(1258304K) Eden: 1107414K(1118528K)->0K(1118528K) From: 163K(139776K)->0K(139776K)
[231.722s][info][gc,heap        ] GC(794) Tenured: 85004K(2796224K)->85004K(2796224K)
[231.722s][info][gc,metaspace   ] GC(794) Metaspace: 11814K(12096K)->11814K(12096K) NonClass: 10274K(10432K)->10274K(10432K) Class: 1540K(1664K)->1540K(1664K)
[231.722s][info][gc             ] GC(794) Pause Full (System.gc()) 1164M->83M(3959M) 151.845ms
[231.722s][info][gc,cpu         ] GC(794) User=0.16s Sys=0.00s Real=0.15s
[232.003s][info][gc,start       ] GC(795) Pause Young (Allocation Failure)
[232.004s][info][gc,heap        ] GC(795) DefNew: 1118528K(1258304K)->882K(1258304K) Eden: 1118528K(1118528K)->0K(1118528K) From: 0K(139776K)->882K(139776K)
[232.004s][info][gc,heap        ] GC(795) Tenured: 85004K(2796224K)->85004K(2796224K)
[232.004s][info][gc,metaspace   ] GC(795) Metaspace: 11814K(12096K)->11814K(12096K) NonClass: 10274K(10432K)->10274K(10432K) Class: 1540K(1664K)->1540K(1664K)
[232.004s][info][gc             ] GC(795) Pause Young (Allocation Failure) 1175M->83M(3959M) 0.947ms
[232.004s][info][gc,cpu         ] GC(795) User=0.00s Sys=0.00s Real=0.00s
[232.275s][info][gc,start       ] GC(796) Pause Young (Allocation Failure)
[232.276s][info][gc,heap        ] GC(796) DefNew: 1119410K(1258304K)->1710K(1258304K) Eden: 1118528K(1118528K)->0K(1118528K) From: 882K(139776K)->1710K(139776K)
[232.276s][info][gc,heap        ] GC(796) Tenured: 85004K(2796224K)->85004K(2796224K)
[232.276s][info][gc,metaspace   ] GC(796) Metaspace: 11814K(12096K)->11814K(12096K) NonClass: 10274K(10432K)->10274K(10432K) Class: 1540K(1664K)->1540K(1664K)
[232.276s][info][gc             ] GC(796) Pause Young (Allocation Failure) 1176M->84M(3959M) 1.580ms
[232.276s][info][gc,cpu         ] GC(796) User=0.00s Sys=0.00s Real=0.00s
[232.547s][info][gc,start       ] GC(797) Pause Young (Allocation Failure)
[232.549s][info][gc,heap        ] GC(797) DefNew: 1117108K(1258304K)->2861K(1258304K) Eden: 1115398K(1118528K)->0K(1118528K) From: 1710K(139776K)->2861K(139776K)
[232.549s][info][gc,heap        ] GC(797) Tenured: 85004K(2796224K)->85004K(2796224K)
[232.549s][info][gc,metaspace   ] GC(797) Metaspace: 11814K(12096K)->11814K(12096K) NonClass: 10274K(10432K)->10274K(10432K) Class: 1540K(1664K)->1540K(1664K)
[232.549s][info][gc             ] GC(797) Pause Young (Allocation Failure) 1173M->85M(3959M) 2.401ms
[232.549s][info][gc,cpu         ] GC(797) User=0.00s Sys=0.00s Real=0.00s
[232.823s][info][gc,start       ] GC(798) Pause Young (Allocation Failure)
[232.824s][info][gc,heap        ] GC(798) DefNew: 1121389K(1258304K)->679K(1258304K) Eden: 1118528K(1118528K)->0K(1118528K) From: 2861K(139776K)->679K(139776K)
[232.824s][info][gc,heap        ] GC(798) Tenured: 85004K(2796224K)->85004K(2796224K)
[232.824s][info][gc,metaspace   ] GC(798) Metaspace: 11814K(12096K)->11814K(12096K) NonClass: 10274K(10432K)->10274K(10432K) Class: 1540K(1664K)->1540K(1664K)
[232.824s][info][gc             ] GC(798) Pause Young (Allocation Failure) 1178M->83M(3959M) 0.844ms
[232.824s][info][gc,cpu         ] GC(798) User=0.00s Sys=0.00s Real=0.00s
[233.100s][info][gc,start       ] GC(799) Pause Young (Allocation Failure)
[233.101s][info][gc,heap        ] GC(799) DefNew: 1119207K(1258304K)->1372K(1258304K) Eden: 1118528K(1118528K)->0K(1118528K) From: 679K(139776K)->1372K(139776K)
[233.101s][info][gc,heap        ] GC(799) Tenured: 85004K(2796224K)->85004K(2796224K)
[233.101s][info][gc,metaspace   ] GC(799) Metaspace: 11814K(12096K)->11814K(12096K) NonClass: 10274K(10432K)->10274K(10432K) Class: 1540K(1664K)->1540K(1664K)
[233.102s][info][gc             ] GC(799) Pause Young (Allocation Failure) 1175M->84M(3959M) 1.334ms
[233.102s][info][gc,cpu         ] GC(799) User=0.00s Sys=0.00s Real=0.00s
[233.371s][info][gc,start       ] GC(800) Pause Young (Allocation Failure)
[233.373s][info][gc,heap        ] GC(800) DefNew: 1119900K(1258304K)->1996K(1258304K) Eden: 1118528K(1118528K)->0K(1118528K) From: 1372K(139776K)->1996K(139776K)
[233.373s][info][gc,heap        ] GC(800) Tenured: 85004K(2796224K)->85004K(2796224K)
[233.373s][info][gc,metaspace   ] GC(800) Metaspace: 11814K(12096K)->11814K(12096K) NonClass: 10274K(10432K)->10274K(10432K) Class: 1540K(1664K)->1540K(1664K)
[233.373s][info][gc             ] GC(800) Pause Young (Allocation Failure) 1176M->84M(3959M) 1.724ms
[233.373s][info][gc,cpu         ] GC(800) User=0.02s Sys=0.00s Real=0.00s
[233.645s][info][gc,start       ] GC(801) Pause Young (Allocation Failure)
[233.645s][info][gc,heap        ] GC(801) DefNew: 1120524K(1258304K)->69K(1258304K) Eden: 1118528K(1118528K)->0K(1118528K) From: 1996K(139776K)->69K(139776K)
[233.645s][info][gc,heap        ] GC(801) Tenured: 85004K(2796224K)->85004K(2796224K)
[233.645s][info][gc,metaspace   ] GC(801) Metaspace: 11814K(12096K)->11814K(12096K) NonClass: 10274K(10432K)->10274K(10432K) Class: 1540K(1664K)->1540K(1664K)
[233.645s][info][gc             ] GC(801) Pause Young (Allocation Failure) 1177M->83M(3959M) 0.399ms
[233.645s][info][gc,cpu         ] GC(801) User=0.00s Sys=0.00s Real=0.00s
[233.921s][info][gc,start       ] GC(802) Pause Young (Allocation Failure)
[233.922s][info][gc,heap        ] GC(802) DefNew: 1118597K(1258304K)->1008K(1258304K) Eden: 1118528K(1118528K)->0K(1118528K) From: 69K(139776K)->1008K(139776K)
[233.922s][info][gc,heap        ] GC(802) Tenured: 85004K(2796224K)->85004K(2796224K)
[233.922s][info][gc,metaspace   ] GC(802) Metaspace: 11814K(12096K)->11814K(12096K) NonClass: 10274K(10432K)->10274K(10432K) Class: 1540K(1664K)->1540K(1664K)
[233.922s][info][gc             ] GC(802) Pause Young (Allocation Failure) 1175M->83M(3959M) 1.071ms
[233.922s][info][gc,cpu         ] GC(802) User=0.00s Sys=0.00s Real=0.00s
[234.187s][info][gc,start       ] GC(803) Pause Full (System.gc())
[234.187s][info][gc,phases,start] GC(803) Phase 1: Mark live objects
[234.231s][info][gc,phases      ] GC(803) Phase 1: Mark live objects 44.219ms
[234.231s][info][gc,phases,start] GC(803) Phase 2: Compute new object addresses
[234.314s][info][gc,phases      ] GC(803) Phase 2: Compute new object addresses 82.709ms
[234.314s][info][gc,phases,start] GC(803) Phase 3: Adjust pointers
[234.337s][info][gc,phases      ] GC(803) Phase 3: Adjust pointers 22.579ms
[234.337s][info][gc,phases,start] GC(803) Phase 4: Move objects
[234.337s][info][gc,phases      ] GC(803) Phase 4: Move objects 0.009ms
[234.337s][info][gc,heap        ] GC(803) DefNew: 1093824K(1258304K)->0K(1258304K) Eden: 1092816K(1118528K)->0K(1118528K) From: 1008K(139776K)->0K(139776K)
[234.337s][info][gc,heap        ] GC(803) Tenured: 85004K(2796224K)->85005K(2796224K)
[234.337s][info][gc,metaspace   ] GC(803) Metaspace: 11814K(12096K)->11814K(12096K) NonClass: 10274K(10432K)->10274K(10432K) Class: 1540K(1664K)->1540K(1664K)
[234.337s][info][gc             ] GC(803) Pause Full (System.gc()) 1151M->83M(3959M) 149.810ms
[234.337s][info][gc,cpu         ] GC(803) User=0.14s Sys=0.00s Real=0.14s
[234.613s][info][gc,start       ] GC(804) Pause Young (Allocation Failure)
[234.614s][info][gc,heap        ] GC(804) DefNew: 1118528K(1258304K)->786K(1258304K) Eden: 1118528K(1118528K)->0K(1118528K) From: 0K(139776K)->786K(139776K)
[234.614s][info][gc,heap        ] GC(804) Tenured: 85005K(2796224K)->85005K(2796224K)
[234.614s][info][gc,metaspace   ] GC(804) Metaspace: 11814K(12096K)->11814K(12096K) NonClass: 10274K(10432K)->10274K(10432K) Class: 1540K(1664K)->1540K(1664K)
[234.614s][info][gc             ] GC(804) Pause Young (Allocation Failure) 1175M->83M(3959M) 0.896ms
[234.614s][info][gc,cpu         ] GC(804) User=0.00s Sys=0.00s Real=0.00s
[234.887s][info][gc,start       ] GC(805) Pause Young (Allocation Failure)
[234.888s][info][gc,heap        ] GC(805) DefNew: 1119314K(1258304K)->1468K(1258304K) Eden: 1118528K(1118528K)->0K(1118528K) From: 786K(139776K)->1468K(139776K)
[234.888s][info][gc,heap        ] GC(805) Tenured: 85005K(2796224K)->85005K(2796224K)
[234.888s][info][gc,metaspace   ] GC(805) Metaspace: 11814K(12096K)->11814K(12096K) NonClass: 10274K(10432K)->10274K(10432K) Class: 1540K(1664K)->1540K(1664K)
[234.888s][info][gc             ] GC(805) Pause Young (Allocation Failure) 1176M->84M(3959M) 1.424ms
[234.888s][info][gc,cpu         ] GC(805) User=0.00s Sys=0.00s Real=0.00s
[235.159s][info][gc,start       ] GC(806) Pause Young (Allocation Failure)
[235.161s][info][gc,heap        ] GC(806) DefNew: 1119996K(1258304K)->2474K(1258304K) Eden: 1118528K(1118528K)->0K(1118528K) From: 1468K(139776K)->2474K(139776K)
[235.161s][info][gc,heap        ] GC(806) Tenured: 85005K(2796224K)->85005K(2796224K)
[235.161s][info][gc,metaspace   ] GC(806) Metaspace: 11814K(12096K)->11814K(12096K) NonClass: 10274K(10432K)->10274K(10432K) Class: 1540K(1664K)->1540K(1664K)
[235.161s][info][gc             ] GC(806) Pause Young (Allocation Failure) 1176M->85M(3959M) 2.096ms
[235.161s][info][gc,cpu         ] GC(806) User=0.00s Sys=0.00s Real=0.00s
[235.435s][info][gc,start       ] GC(807) Pause Young (Allocation Failure)
[235.435s][info][gc,heap        ] GC(807) DefNew: 1121002K(1258304K)->44K(1258304K) Eden: 1118528K(1118528K)->0K(1118528K) From: 2474K(139776K)->44K(139776K)
[235.435s][info][gc,heap        ] GC(807) Tenured: 85005K(2796224K)->85005K(2796224K)
[235.435s][info][gc,metaspace   ] GC(807) Metaspace: 11814K(12096K)->11814K(12096K) NonClass: 10274K(10432K)->10274K(10432K) Class: 1540K(1664K)->1540K(1664K)
[235.435s][info][gc             ] GC(807) Pause Young (Allocation Failure) 1177M->83M(3959M) 0.376ms
[235.435s][info][gc,cpu         ] GC(807) User=0.00s Sys=0.00s Real=0.00s
[235.705s][info][gc,start       ] GC(808) Pause Young (Allocation Failure)
[235.706s][info][gc,heap        ] GC(808) DefNew: 1118572K(1258304K)->1135K(1258304K) Eden: 1118528K(1118528K)->0K(1118528K) From: 44K(139776K)->1135K(139776K)
[235.706s][info][gc,heap        ] GC(808) Tenured: 85005K(2796224K)->85005K(2796224K)
[235.706s][info][gc,metaspace   ] GC(808) Metaspace: 11814K(12096K)->11814K(12096K) NonClass: 10274K(10432K)->10274K(10432K) Class: 1540K(1664K)->1540K(1664K)
[235.706s][info][gc             ] GC(808) Pause Young (Allocation Failure) 1175M->84M(3959M) 1.166ms
[235.706s][info][gc,cpu         ] GC(808) User=0.00s Sys=0.00s Real=0.00s
[235.981s][info][gc,start       ] GC(809) Pause Young (Allocation Failure)
[235.982s][info][gc,heap        ] GC(809) DefNew: 1119663K(1258304K)->1810K(1258304K) Eden: 1118528K(1118528K)->0K(1118528K) From: 1135K(139776K)->1810K(139776K)
[235.982s][info][gc,heap        ] GC(809) Tenured: 85005K(2796224K)->85005K(2796224K)
[235.982s][info][gc,metaspace   ] GC(809) Metaspace: 11814K(12096K)->11814K(12096K) NonClass: 10274K(10432K)->10274K(10432K) Class: 1540K(1664K)->1540K(1664K)
[235.983s][info][gc             ] GC(809) Pause Young (Allocation Failure) 1176M->84M(3959M) 1.589ms
[235.983s][info][gc,cpu         ] GC(809) User=0.00s Sys=0.00s Real=0.00s
[236.252s][info][gc,start       ] GC(810) Pause Young (Allocation Failure)
[236.254s][info][gc,heap        ] GC(810) DefNew: 1120338K(1258304K)->2837K(1258304K) Eden: 1118528K(1118528K)->0K(1118528K) From: 1810K(139776K)->2837K(139776K)
[236.254s][info][gc,heap        ] GC(810) Tenured: 85005K(2796224K)->85005K(2796224K)
[236.254s][info][gc,metaspace   ] GC(810) Metaspace: 11814K(12096K)->11814K(12096K) NonClass: 10274K(10432K)->10274K(10432K) Class: 1540K(1664K)->1540K(1664K)
[236.254s][info][gc             ] GC(810) Pause Young (Allocation Failure) 1177M->85M(3959M) 2.295ms
[236.254s][info][gc,cpu         ] GC(810) User=0.00s Sys=0.00s Real=0.00s
[236.541s][info][gc,start       ] GC(811) Pause Young (Allocation Failure)
[236.542s][info][gc,heap        ] GC(811) DefNew: 1121365K(1258304K)->704K(1258304K) Eden: 1118528K(1118528K)->0K(1118528K) From: 2837K(139776K)->704K(139776K)
[236.542s][info][gc,heap        ] GC(811) Tenured: 85005K(2796224K)->85005K(2796224K)
[236.542s][info][gc,metaspace   ] GC(811) Metaspace: 11814K(12096K)->11814K(12096K) NonClass: 10274K(10432K)->10274K(10432K) Class: 1540K(1664K)->1540K(1664K)
[236.542s][info][gc             ] GC(811) Pause Young (Allocation Failure) 1178M->83M(3959M) 0.849ms
[236.542s][info][gc,cpu         ] GC(811) User=0.00s Sys=0.00s Real=0.00s
[236.828s][info][gc,start       ] GC(812) Pause Full (System.gc())
[236.828s][info][gc,phases,start] GC(812) Phase 1: Mark live objects
[236.873s][info][gc,phases      ] GC(812) Phase 1: Mark live objects 45.250ms
[236.873s][info][gc,phases,start] GC(812) Phase 2: Compute new object addresses
[236.959s][info][gc,phases      ] GC(812) Phase 2: Compute new object addresses 86.008ms
[236.959s][info][gc,phases,start] GC(812) Phase 3: Adjust pointers
[236.982s][info][gc,phases      ] GC(812) Phase 3: Adjust pointers 22.221ms
[236.982s][info][gc,phases,start] GC(812) Phase 4: Move objects
[236.982s][info][gc,phases      ] GC(812) Phase 4: Move objects 0.009ms
[236.982s][info][gc,heap        ] GC(812) DefNew: 1094180K(1258304K)->0K(1258304K) Eden: 1093476K(1118528K)->0K(1118528K) From: 704K(139776K)->0K(139776K)
[236.982s][info][gc,heap        ] GC(812) Tenured: 85005K(2796224K)->85005K(2796224K)
[236.982s][info][gc,metaspace   ] GC(812) Metaspace: 11814K(12096K)->11814K(12096K) NonClass: 10274K(10432K)->10274K(10432K) Class: 1540K(1664K)->1540K(1664K)
[236.982s][info][gc             ] GC(812) Pause Full (System.gc()) 1151M->83M(3959M) 153.787ms
[236.982s][info][gc,cpu         ] GC(812) User=0.12s Sys=0.00s Real=0.15s
[237.258s][info][gc,start       ] GC(813) Pause Young (Allocation Failure)
[237.259s][info][gc,heap        ] GC(813) DefNew: 1118528K(1258304K)->750K(1258304K) Eden: 1118528K(1118528K)->0K(1118528K) From: 0K(139776K)->750K(139776K)
[237.259s][info][gc,heap        ] GC(813) Tenured: 85005K(2796224K)->85005K(2796224K)
[237.259s][info][gc,metaspace   ] GC(813) Metaspace: 11814K(12096K)->11814K(12096K) NonClass: 10274K(10432K)->10274K(10432K) Class: 1540K(1664K)->1540K(1664K)
[237.259s][info][gc             ] GC(813) Pause Young (Allocation Failure) 1175M->83M(3959M) 0.891ms
[237.259s][info][gc,cpu         ] GC(813) User=0.00s Sys=0.00s Real=0.00s
[237.530s][info][gc,start       ] GC(814) Pause Young (Allocation Failure)
[237.532s][info][gc,heap        ] GC(814) DefNew: 1119278K(1258304K)->1705K(1258304K) Eden: 1118528K(1118528K)->0K(1118528K) From: 750K(139776K)->1705K(139776K)
[237.532s][info][gc,heap        ] GC(814) Tenured: 85005K(2796224K)->85005K(2796224K)
[237.532s][info][gc,metaspace   ] GC(814) Metaspace: 11814K(12096K)->11814K(12096K) NonClass: 10274K(10432K)->10274K(10432K) Class: 1540K(1664K)->1540K(1664K)
[237.532s][info][gc             ] GC(814) Pause Young (Allocation Failure) 1176M->84M(3959M) 1.588ms
[237.532s][info][gc,cpu         ] GC(814) User=0.00s Sys=0.00s Real=0.00s
[237.802s][info][gc,start       ] GC(815) Pause Young (Allocation Failure)
[237.804s][info][gc,heap        ] GC(815) DefNew: 1120233K(1258304K)->2492K(1258304K) Eden: 1118528K(1118528K)->0K(1118528K) From: 1705K(139776K)->2492K(139776K)
[237.804s][info][gc,heap        ] GC(815) Tenured: 85005K(2796224K)->85005K(2796224K)
[237.804s][info][gc,metaspace   ] GC(815) Metaspace: 11814K(12096K)->11814K(12096K) NonClass: 10274K(10432K)->10274K(10432K) Class: 1540K(1664K)->1540K(1664K)
[237.804s][info][gc             ] GC(815) Pause Young (Allocation Failure) 1176M->85M(3959M) 2.150ms
[237.804s][info][gc,cpu         ] GC(815) User=0.00s Sys=0.00s Real=0.00s
[238.084s][info][gc,start       ] GC(816) Pause Young (Allocation Failure)
[238.084s][info][gc,heap        ] GC(816) DefNew: 1121020K(1258304K)->421K(1258304K) Eden: 1118528K(1118528K)->0K(1118528K) From: 2492K(139776K)->421K(139776K)
[238.084s][info][gc,heap        ] GC(816) Tenured: 85005K(2796224K)->85005K(2796224K)
[238.084s][info][gc,metaspace   ] GC(816) Metaspace: 11814K(12096K)->11814K(12096K) NonClass: 10274K(10432K)->10274K(10432K) Class: 1540K(1664K)->1540K(1664K)
[238.084s][info][gc             ] GC(816) Pause Young (Allocation Failure) 1177M->83M(3959M) 0.666ms
[238.084s][info][gc,cpu         ] GC(816) User=0.00s Sys=0.00s Real=0.00s
[238.354s][info][gc,start       ] GC(817) Pause Young (Allocation Failure)
[238.356s][info][gc,heap        ] GC(817) DefNew: 1118949K(1258304K)->1620K(1258304K) Eden: 1118528K(1118528K)->0K(1118528K) From: 421K(139776K)->1620K(139776K)
[238.356s][info][gc,heap        ] GC(817) Tenured: 85005K(2796224K)->85005K(2796224K)
[238.356s][info][gc,metaspace   ] GC(817) Metaspace: 11814K(12096K)->11814K(12096K) NonClass: 10274K(10432K)->10274K(10432K) Class: 1540K(1664K)->1540K(1664K)
[238.356s][info][gc             ] GC(817) Pause Young (Allocation Failure) 1175M->84M(3959M) 1.469ms
[238.356s][info][gc,cpu         ] GC(817) User=0.00s Sys=0.00s Real=0.00s
[238.636s][info][gc,start       ] GC(818) Pause Young (Allocation Failure)
[238.638s][info][gc,heap        ] GC(818) DefNew: 1120148K(1258304K)->2316K(1258304K) Eden: 1118528K(1118528K)->0K(1118528K) From: 1620K(139776K)->2316K(139776K)
[238.638s][info][gc,heap        ] GC(818) Tenured: 85005K(2796224K)->85005K(2796224K)
[238.638s][info][gc,metaspace   ] GC(818) Metaspace: 11814K(12096K)->11814K(12096K) NonClass: 10274K(10432K)->10274K(10432K) Class: 1540K(1664K)->1540K(1664K)
[238.638s][info][gc             ] GC(818) Pause Young (Allocation Failure) 1176M->85M(3959M) 1.950ms
[238.638s][info][gc,cpu         ] GC(818) User=0.00s Sys=0.00s Real=0.00s
[238.910s][info][gc,start       ] GC(819) Pause Young (Allocation Failure)
[238.912s][info][gc,heap        ] GC(819) DefNew: 1120842K(1258304K)->2348K(1258304K) Eden: 1118525K(1118528K)->0K(1118528K) From: 2316K(139776K)->2348K(139776K)
[238.912s][info][gc,heap        ] GC(819) Tenured: 85005K(2796224K)->85005K(2796224K)
[238.912s][info][gc,metaspace   ] GC(819) Metaspace: 11814K(12096K)->11814K(12096K) NonClass: 10274K(10432K)->10274K(10432K) Class: 1540K(1664K)->1540K(1664K)
[238.912s][info][gc             ] GC(819) Pause Young (Allocation Failure) 1177M->85M(3959M) 1.974ms
[238.912s][info][gc,cpu         ] GC(819) User=0.00s Sys=0.00s Real=0.00s
[239.187s][info][gc,start       ] GC(820) Pause Young (Allocation Failure)
[239.188s][info][gc,heap        ] GC(820) DefNew: 1120876K(1258304K)->580K(1258304K) Eden: 1118528K(1118528K)->0K(1118528K) From: 2348K(139776K)->580K(139776K)
[239.188s][info][gc,heap        ] GC(820) Tenured: 85005K(2796224K)->85005K(2796224K)
[239.188s][info][gc,metaspace   ] GC(820) Metaspace: 11814K(12096K)->11814K(12096K) NonClass: 10274K(10432K)->10274K(10432K) Class: 1540K(1664K)->1540K(1664K)
[239.188s][info][gc             ] GC(820) Pause Young (Allocation Failure) 1177M->83M(3959M) 0.781ms
[239.188s][info][gc,cpu         ] GC(820) User=0.00s Sys=0.00s Real=0.00s
[239.454s][info][gc,start       ] GC(821) Pause Full (System.gc())
[239.454s][info][gc,phases,start] GC(821) Phase 1: Mark live objects
[239.499s][info][gc,phases      ] GC(821) Phase 1: Mark live objects 44.496ms
[239.499s][info][gc,phases,start] GC(821) Phase 2: Compute new object addresses
[239.582s][info][gc,phases      ] GC(821) Phase 2: Compute new object addresses 83.459ms
[239.582s][info][gc,phases,start] GC(821) Phase 3: Adjust pointers
[239.605s][info][gc,phases      ] GC(821) Phase 3: Adjust pointers 22.321ms
[239.605s][info][gc,phases,start] GC(821) Phase 4: Move objects
[239.605s][info][gc,phases      ] GC(821) Phase 4: Move objects 0.010ms
[239.605s][info][gc,heap        ] GC(821) DefNew: 1102997K(1258304K)->0K(1258304K) Eden: 1102416K(1118528K)->0K(1118528K) From: 580K(139776K)->0K(139776K)
[239.605s][info][gc,heap        ] GC(821) Tenured: 85005K(2796224K)->85004K(2796224K)
[239.605s][info][gc,metaspace   ] GC(821) Metaspace: 11814K(12096K)->11814K(12096K) NonClass: 10274K(10432K)->10274K(10432K) Class: 1540K(1664K)->1540K(1664K)
[239.605s][info][gc             ] GC(821) Pause Full (System.gc()) 1160M->83M(3959M) 150.611ms
[239.605s][info][gc,cpu         ] GC(821) User=0.14s Sys=0.00s Real=0.15s
[239.884s][info][gc,start       ] GC(822) Pause Young (Allocation Failure)
[239.885s][info][gc,heap        ] GC(822) DefNew: 1118528K(1258304K)->921K(1258304K) Eden: 1118528K(1118528K)->0K(1118528K) From: 0K(139776K)->921K(139776K)
[239.885s][info][gc,heap        ] GC(822) Tenured: 85004K(2796224K)->85004K(2796224K)
[239.885s][info][gc,metaspace   ] GC(822) Metaspace: 11814K(12096K)->11814K(12096K) NonClass: 10274K(10432K)->10274K(10432K) Class: 1540K(1664K)->1540K(1664K)
[239.885s][info][gc             ] GC(822) Pause Young (Allocation Failure) 1175M->83M(3959M) 1.087ms
[239.885s][info][gc,cpu         ] GC(822) User=0.00s Sys=0.00s Real=0.00s
[240.156s][info][gc,start       ] GC(823) Pause Young (Allocation Failure)
[240.158s][info][gc,heap        ] GC(823) DefNew: 1119449K(1258304K)->1604K(1258304K) Eden: 1118528K(1118528K)->0K(1118528K) From: 921K(139776K)->1604K(139776K)
[240.158s][info][gc,heap        ] GC(823) Tenured: 85004K(2796224K)->85004K(2796224K)
[240.158s][info][gc,metaspace   ] GC(823) Metaspace: 11814K(12096K)->11814K(12096K) NonClass: 10274K(10432K)->10274K(10432K) Class: 1540K(1664K)->1540K(1664K)
[240.158s][info][gc             ] GC(823) Pause Young (Allocation Failure) 1176M->84M(3959M) 1.478ms
[240.158s][info][gc,cpu         ] GC(823) User=0.00s Sys=0.00s Real=0.00s
[240.427s][info][gc,start       ] GC(824) Pause Young (Allocation Failure)
[240.429s][info][gc,heap        ] GC(824) DefNew: 1120132K(1258304K)->2786K(1258304K) Eden: 1118528K(1118528K)->0K(1118528K) From: 1604K(139776K)->2786K(139776K)
[240.429s][info][gc,heap        ] GC(824) Tenured: 85004K(2796224K)->85004K(2796224K)
[240.429s][info][gc,metaspace   ] GC(824) Metaspace: 11814K(12096K)->11814K(12096K) NonClass: 10274K(10432K)->10274K(10432K) Class: 1540K(1664K)->1540K(1664K)
[240.429s][info][gc             ] GC(824) Pause Young (Allocation Failure) 1176M->85M(3959M) 2.424ms
[240.429s][info][gc,cpu         ] GC(824) User=0.00s Sys=0.00s Real=0.00s
[240.704s][info][gc,start       ] GC(825) Pause Young (Allocation Failure)
[240.704s][info][gc,heap        ] GC(825) DefNew: 1121314K(1258304K)->601K(1258304K) Eden: 1118528K(1118528K)->0K(1118528K) From: 2786K(139776K)->601K(139776K)
[240.704s][info][gc,heap        ] GC(825) Tenured: 85004K(2796224K)->85004K(2796224K)
[240.704s][info][gc,metaspace   ] GC(825) Metaspace: 11814K(12096K)->11814K(12096K) NonClass: 10274K(10432K)->10274K(10432K) Class: 1540K(1664K)->1540K(1664K)
[240.704s][info][gc             ] GC(825) Pause Young (Allocation Failure) 1178M->83M(3959M) 0.800ms
[240.704s][info][gc,cpu         ] GC(825) User=0.00s Sys=0.00s Real=0.00s
[240.979s][info][gc,start       ] GC(826) Pause Young (Allocation Failure)
[240.980s][info][gc,heap        ] GC(826) DefNew: 1119129K(1258304K)->1296K(1258304K) Eden: 1118528K(1118528K)->0K(1118528K) From: 601K(139776K)->1296K(139776K)
[240.981s][info][gc,heap        ] GC(826) Tenured: 85004K(2796224K)->85004K(2796224K)
[240.981s][info][gc,metaspace   ] GC(826) Metaspace: 11814K(12096K)->11814K(12096K) NonClass: 10274K(10432K)->10274K(10432K) Class: 1540K(1664K)->1540K(1664K)
[240.981s][info][gc             ] GC(826) Pause Young (Allocation Failure) 1175M->84M(3959M) 1.282ms
[240.981s][info][gc,cpu         ] GC(826) User=0.00s Sys=0.00s Real=0.00s
[241.250s][info][gc,start       ] GC(827) Pause Young (Allocation Failure)
[241.252s][info][gc,heap        ] GC(827) DefNew: 1119824K(1258304K)->2091K(1258304K) Eden: 1118528K(1118528K)->0K(1118528K) From: 1296K(139776K)->2091K(139776K)
[241.252s][info][gc,heap        ] GC(827) Tenured: 85004K(2796224K)->85004K(2796224K)
[241.252s][info][gc,metaspace   ] GC(827) Metaspace: 11814K(12096K)->11814K(12096K) NonClass: 10274K(10432K)->10274K(10432K) Class: 1540K(1664K)->1540K(1664K)
[241.252s][info][gc             ] GC(827) Pause Young (Allocation Failure) 1176M->85M(3959M) 1.829ms
[241.252s][info][gc,cpu         ] GC(827) User=0.00s Sys=0.00s Real=0.00s
[241.521s][info][gc,start       ] GC(828) Pause Young (Allocation Failure)
[241.523s][info][gc,heap        ] GC(828) DefNew: 1120589K(1258304K)->2788K(1258304K) Eden: 1118498K(1118528K)->0K(1118528K) From: 2091K(139776K)->2788K(139776K)
[241.523s][info][gc,heap        ] GC(828) Tenured: 85004K(2796224K)->85004K(2796224K)
[241.523s][info][gc,metaspace   ] GC(828) Metaspace: 11814K(12096K)->11814K(12096K) NonClass: 10274K(10432K)->10274K(10432K) Class: 1540K(1664K)->1540K(1664K)
[241.523s][info][gc             ] GC(828) Pause Young (Allocation Failure) 1177M->85M(3959M) 2.314ms
[241.523s][info][gc,cpu         ] GC(828) User=0.00s Sys=0.00s Real=0.00s
[241.796s][info][gc,start       ] GC(829) Pause Young (Allocation Failure)
[241.797s][info][gc,heap        ] GC(829) DefNew: 1121316K(1258304K)->455K(1258304K) Eden: 1118528K(1118528K)->0K(1118528K) From: 2788K(139776K)->455K(139776K)
[241.797s][info][gc,heap        ] GC(829) Tenured: 85004K(2796224K)->85004K(2796224K)
[241.797s][info][gc,metaspace   ] GC(829) Metaspace: 11814K(12096K)->11814K(12096K) NonClass: 10274K(10432K)->10274K(10432K) Class: 1540K(1664K)->1540K(1664K)
[241.797s][info][gc             ] GC(829) Pause Young (Allocation Failure) 1178M->83M(3959M) 0.684ms
[241.797s][info][gc,cpu         ] GC(829) User=0.00s Sys=0.00s Real=0.00s
[242.070s][info][gc,start       ] GC(830) Pause Full (System.gc())
[242.070s][info][gc,phases,start] GC(830) Phase 1: Mark live objects
[242.114s][info][gc,phases      ] GC(830) Phase 1: Mark live objects 44.492ms
[242.114s][info][gc,phases,start] GC(830) Phase 2: Compute new object addresses
[242.198s][info][gc,phases      ] GC(830) Phase 2: Compute new object addresses 83.466ms
[242.198s][info][gc,phases,start] GC(830) Phase 3: Adjust pointers
[242.220s][info][gc,phases      ] GC(830) Phase 3: Adjust pointers 22.178ms
[242.220s][info][gc,phases,start] GC(830) Phase 4: Move objects
[242.220s][info][gc,phases      ] GC(830) Phase 4: Move objects 0.009ms
[242.220s][info][gc,heap        ] GC(830) DefNew: 1098849K(1258304K)->0K(1258304K) Eden: 1098394K(1118528K)->0K(1118528K) From: 455K(139776K)->0K(139776K)
[242.220s][info][gc,heap        ] GC(830) Tenured: 85004K(2796224K)->85004K(2796224K)
[242.220s][info][gc,metaspace   ] GC(830) Metaspace: 11814K(12096K)->11814K(12096K) NonClass: 10274K(10432K)->10274K(10432K) Class: 1540K(1664K)->1540K(1664K)
[242.220s][info][gc             ] GC(830) Pause Full (System.gc()) 1156M->83M(3959M) 150.441ms
[242.220s][info][gc,cpu         ] GC(830) User=0.14s Sys=0.00s Real=0.15s
[242.496s][info][gc,start       ] GC(831) Pause Young (Allocation Failure)
[242.497s][info][gc,heap        ] GC(831) DefNew: 1118528K(1258304K)->798K(1258304K) Eden: 1118528K(1118528K)->0K(1118528K) From: 0K(139776K)->798K(139776K)
[242.497s][info][gc,heap        ] GC(831) Tenured: 85004K(2796224K)->85004K(2796224K)
[242.497s][info][gc,metaspace   ] GC(831) Metaspace: 11814K(12096K)->11814K(12096K) NonClass: 10274K(10432K)->10274K(10432K) Class: 1540K(1664K)->1540K(1664K)
[242.497s][info][gc             ] GC(831) Pause Young (Allocation Failure) 1175M->83M(3959M) 0.917ms
[242.497s][info][gc,cpu         ] GC(831) User=0.00s Sys=0.00s Real=0.00s
[242.765s][info][gc,start       ] GC(832) Pause Young (Allocation Failure)
[242.766s][info][gc,heap        ] GC(832) DefNew: 1119326K(1258304K)->1372K(1258304K) Eden: 1118528K(1118528K)->0K(1118528K) From: 798K(139776K)->1372K(139776K)
[242.766s][info][gc,heap        ] GC(832) Tenured: 85004K(2796224K)->85004K(2796224K)
[242.766s][info][gc,metaspace   ] GC(832) Metaspace: 11814K(12096K)->11814K(12096K) NonClass: 10274K(10432K)->10274K(10432K) Class: 1540K(1664K)->1540K(1664K)
[242.766s][info][gc             ] GC(832) Pause Young (Allocation Failure) 1176M->84M(3959M) 1.305ms
[242.766s][info][gc,cpu         ] GC(832) User=0.00s Sys=0.00s Real=0.00s
[243.041s][info][gc,start       ] GC(833) Pause Young (Allocation Failure)
[243.043s][info][gc,heap        ] GC(833) DefNew: 1119900K(1258304K)->2160K(1258304K) Eden: 1118528K(1118528K)->0K(1118528K) From: 1372K(139776K)->2160K(139776K)
[243.043s][info][gc,heap        ] GC(833) Tenured: 85004K(2796224K)->85004K(2796224K)
[243.043s][info][gc,metaspace   ] GC(833) Metaspace: 11814K(12096K)->11814K(12096K) NonClass: 10274K(10432K)->10274K(10432K) Class: 1540K(1664K)->1540K(1664K)
[243.043s][info][gc             ] GC(833) Pause Young (Allocation Failure) 1176M->85M(3959M) 1.864ms
[243.043s][info][gc,cpu         ] GC(833) User=0.00s Sys=0.00s Real=0.00s
[243.317s][info][gc,start       ] GC(834) Pause Young (Allocation Failure)
[243.319s][info][gc,heap        ] GC(834) DefNew: 1120688K(1258304K)->63K(1258304K) Eden: 1118528K(1118528K)->0K(1118528K) From: 2160K(139776K)->63K(139776K)
[243.319s][info][gc,heap        ] GC(834) Tenured: 85004K(2796224K)->85004K(2796224K)
[243.319s][info][gc,metaspace   ] GC(834) Metaspace: 11814K(12096K)->11814K(12096K) NonClass: 10274K(10432K)->10274K(10432K) Class: 1540K(1664K)->1540K(1664K)
[243.319s][info][gc             ] GC(834) Pause Young (Allocation Failure) 1177M->83M(3959M) 2.504ms
[243.319s][info][gc,cpu         ] GC(834) User=0.00s Sys=0.00s Real=0.00s
[243.590s][info][gc,start       ] GC(835) Pause Young (Allocation Failure)
[243.591s][info][gc,heap        ] GC(835) DefNew: 1118591K(1258304K)->990K(1258304K) Eden: 1118528K(1118528K)->0K(1118528K) From: 63K(139776K)->990K(139776K)
[243.591s][info][gc,heap        ] GC(835) Tenured: 85004K(2796224K)->85004K(2796224K)
[243.591s][info][gc,metaspace   ] GC(835) Metaspace: 11814K(12096K)->11814K(12096K) NonClass: 10274K(10432K)->10274K(10432K) Class: 1540K(1664K)->1540K(1664K)
[243.591s][info][gc             ] GC(835) Pause Young (Allocation Failure) 1175M->83M(3959M) 1.064ms
[243.591s][info][gc,cpu         ] GC(835) User=0.02s Sys=0.00s Real=0.00s
[243.862s][info][gc,start       ] GC(836) Pause Young (Allocation Failure)
[243.863s][info][gc,heap        ] GC(836) DefNew: 1119518K(1258304K)->1857K(1258304K) Eden: 1118528K(1118528K)->0K(1118528K) From: 990K(139776K)->1857K(139776K)
[243.863s][info][gc,heap        ] GC(836) Tenured: 85004K(2796224K)->85004K(2796224K)
[243.863s][info][gc,metaspace   ] GC(836) Metaspace: 11814K(12096K)->11814K(12096K) NonClass: 10274K(10432K)->10274K(10432K) Class: 1540K(1664K)->1540K(1664K)
[243.863s][info][gc             ] GC(836) Pause Young (Allocation Failure) 1176M->84M(3959M) 1.649ms
[243.863s][info][gc,cpu         ] GC(836) User=0.00s Sys=0.00s Real=0.00s
[244.140s][info][gc,start       ] GC(837) Pause Young (Allocation Failure)
[244.142s][info][gc,heap        ] GC(837) DefNew: 1120385K(1258304K)->2351K(1258304K) Eden: 1118528K(1118528K)->0K(1118528K) From: 1857K(139776K)->2351K(139776K)
[244.142s][info][gc,heap        ] GC(837) Tenured: 85004K(2796224K)->85004K(2796224K)
[244.142s][info][gc,metaspace   ] GC(837) Metaspace: 11814K(12096K)->11814K(12096K) NonClass: 10274K(10432K)->10274K(10432K) Class: 1540K(1664K)->1540K(1664K)
[244.142s][info][gc             ] GC(837) Pause Young (Allocation Failure) 1177M->85M(3959M) 2.017ms
[244.142s][info][gc,cpu         ] GC(837) User=0.00s Sys=0.00s Real=0.00s
[244.414s][info][gc,start       ] GC(838) Pause Young (Allocation Failure)
[244.415s][info][gc,heap        ] GC(838) DefNew: 1120879K(1258304K)->649K(1258304K) Eden: 1118528K(1118528K)->0K(1118528K) From: 2351K(139776K)->649K(139776K)
[244.415s][info][gc,heap        ] GC(838) Tenured: 85004K(2796224K)->85004K(2796224K)
[244.415s][info][gc,metaspace   ] GC(838) Metaspace: 11814K(12096K)->11814K(12096K) NonClass: 10274K(10432K)->10274K(10432K) Class: 1540K(1664K)->1540K(1664K)
[244.415s][info][gc             ] GC(838) Pause Young (Allocation Failure) 1177M->83M(3959M) 0.826ms
[244.415s][info][gc,cpu         ] GC(838) User=0.00s Sys=0.00s Real=0.00s
[244.681s][info][gc,start       ] GC(839) Pause Full (System.gc())
[244.681s][info][gc,phases,start] GC(839) Phase 1: Mark live objects
[244.725s][info][gc,phases      ] GC(839) Phase 1: Mark live objects 44.308ms
[244.725s][info][gc,phases,start] GC(839) Phase 2: Compute new object addresses
[244.809s][info][gc,phases      ] GC(839) Phase 2: Compute new object addresses 83.290ms
[244.809s][info][gc,phases,start] GC(839) Phase 3: Adjust pointers
[244.831s][info][gc,phases      ] GC(839) Phase 3: Adjust pointers 22.071ms
[244.831s][info][gc,phases,start] GC(839) Phase 4: Move objects
[244.831s][info][gc,phases      ] GC(839) Phase 4: Move objects 0.010ms
[244.831s][info][gc,heap        ] GC(839) DefNew: 1098203K(1258304K)->0K(1258304K) Eden: 1097554K(1118528K)->0K(1118528K) From: 649K(139776K)->0K(139776K)
[244.831s][info][gc,heap        ] GC(839) Tenured: 85004K(2796224K)->85004K(2796224K)
[244.831s][info][gc,metaspace   ] GC(839) Metaspace: 11816K(12096K)->11816K(12096K) NonClass: 10276K(10432K)->10276K(10432K) Class: 1540K(1664K)->1540K(1664K)
[244.831s][info][gc             ] GC(839) Pause Full (System.gc()) 1155M->83M(3959M) 149.970ms
[244.831s][info][gc,cpu         ] GC(839) User=0.16s Sys=0.00s Real=0.14s
[245.116s][info][gc,start       ] GC(840) Pause Young (Allocation Failure)
[245.117s][info][gc,heap        ] GC(840) DefNew: 1118528K(1258304K)->965K(1258304K) Eden: 1118528K(1118528K)->0K(1118528K) From: 0K(139776K)->965K(139776K)
[245.117s][info][gc,heap        ] GC(840) Tenured: 85004K(2796224K)->85004K(2796224K)
[245.117s][info][gc,metaspace   ] GC(840) Metaspace: 11827K(12096K)->11827K(12096K) NonClass: 10287K(10432K)->10287K(10432K) Class: 1540K(1664K)->1540K(1664K)
[245.117s][info][gc             ] GC(840) Pause Young (Allocation Failure) 1175M->83M(3959M) 1.047ms
[245.117s][info][gc,cpu         ] GC(840) User=0.00s Sys=0.00s Real=0.00s
[245.385s][info][gc,start       ] GC(841) Pause Young (Allocation Failure)
[245.387s][info][gc,heap        ] GC(841) DefNew: 1119493K(1258304K)->2003K(1258304K) Eden: 1118528K(1118528K)->0K(1118528K) From: 965K(139776K)->2003K(139776K)
[245.387s][info][gc,heap        ] GC(841) Tenured: 85004K(2796224K)->85004K(2796224K)
[245.387s][info][gc,metaspace   ] GC(841) Metaspace: 11827K(12096K)->11827K(12096K) NonClass: 10287K(10432K)->10287K(10432K) Class: 1540K(1664K)->1540K(1664K)
[245.387s][info][gc             ] GC(841) Pause Young (Allocation Failure) 1176M->84M(3959M) 1.753ms
[245.387s][info][gc,cpu         ] GC(841) User=0.00s Sys=0.00s Real=0.00s
[245.656s][info][gc,start       ] GC(842) Pause Young (Allocation Failure)
[245.658s][info][gc,heap        ] GC(842) DefNew: 1120531K(1258304K)->2445K(1258304K) Eden: 1118528K(1118528K)->0K(1118528K) From: 2003K(139776K)->2445K(139776K)
[245.658s][info][gc,heap        ] GC(842) Tenured: 85004K(2796224K)->85004K(2796224K)
[245.658s][info][gc,metaspace   ] GC(842) Metaspace: 11827K(12096K)->11827K(12096K) NonClass: 10287K(10432K)->10287K(10432K) Class: 1540K(1664K)->1540K(1664K)
[245.658s][info][gc             ] GC(842) Pause Young (Allocation Failure) 1177M->85M(3959M) 2.082ms
[245.658s][info][gc,cpu         ] GC(842) User=0.00s Sys=0.00s Real=0.00s
[245.937s][info][gc,start       ] GC(843) Pause Young (Allocation Failure)
[245.937s][info][gc,heap        ] GC(843) DefNew: 1120973K(1258304K)->430K(1258304K) Eden: 1118528K(1118528K)->0K(1118528K) From: 2445K(139776K)->430K(139776K)
[245.937s][info][gc,heap        ] GC(843) Tenured: 85004K(2796224K)->85004K(2796224K)
[245.937s][info][gc,metaspace   ] GC(843) Metaspace: 11827K(12096K)->11827K(12096K) NonClass: 10287K(10432K)->10287K(10432K) Class: 1540K(1664K)->1540K(1664K)
[245.937s][info][gc             ] GC(843) Pause Young (Allocation Failure) 1177M->83M(3959M) 0.663ms
[245.937s][info][gc,cpu         ] GC(843) User=0.00s Sys=0.00s Real=0.00s
[246.210s][info][gc,start       ] GC(844) Pause Young (Allocation Failure)
[246.211s][info][gc,heap        ] GC(844) DefNew: 1118958K(1258304K)->1231K(1258304K) Eden: 1118528K(1118528K)->0K(1118528K) From: 430K(139776K)->1231K(139776K)
[246.211s][info][gc,heap        ] GC(844) Tenured: 85004K(2796224K)->85004K(2796224K)
[246.211s][info][gc,metaspace   ] GC(844) Metaspace: 11827K(12096K)->11827K(12096K) NonClass: 10287K(10432K)->10287K(10432K) Class: 1540K(1664K)->1540K(1664K)
[246.211s][info][gc             ] GC(844) Pause Young (Allocation Failure) 1175M->84M(3959M) 1.241ms
[246.211s][info][gc,cpu         ] GC(844) User=0.00s Sys=0.00s Real=0.00s
[246.479s][info][gc,start       ] GC(845) Pause Young (Allocation Failure)
[246.481s][info][gc,heap        ] GC(845) DefNew: 1119759K(1258304K)->2074K(1258304K) Eden: 1118528K(1118528K)->0K(1118528K) From: 1231K(139776K)->2074K(139776K)
[246.481s][info][gc,heap        ] GC(845) Tenured: 85004K(2796224K)->85004K(2796224K)
[246.481s][info][gc,metaspace   ] GC(845) Metaspace: 11827K(12096K)->11827K(12096K) NonClass: 10287K(10432K)->10287K(10432K) Class: 1540K(1664K)->1540K(1664K)
[246.481s][info][gc             ] GC(845) Pause Young (Allocation Failure) 1176M->85M(3959M) 1.751ms
[246.481s][info][gc,cpu         ] GC(845) User=0.00s Sys=0.00s Real=0.00s
[246.749s][info][gc,start       ] GC(846) Pause Young (Allocation Failure)
[246.751s][info][gc,heap        ] GC(846) DefNew: 1120414K(1258304K)->3033K(1258304K) Eden: 1118339K(1118528K)->0K(1118528K) From: 2074K(139776K)->3033K(139776K)
[246.751s][info][gc,heap        ] GC(846) Tenured: 85004K(2796224K)->85004K(2796224K)
[246.751s][info][gc,metaspace   ] GC(846) Metaspace: 11827K(12096K)->11827K(12096K) NonClass: 10287K(10432K)->10287K(10432K) Class: 1540K(1664K)->1540K(1664K)
[246.751s][info][gc             ] GC(846) Pause Young (Allocation Failure) 1177M->85M(3959M) 2.557ms
[246.751s][info][gc,cpu         ] GC(846) User=0.00s Sys=0.00s Real=0.00s
[247.030s][info][gc,start       ] GC(847) Pause Young (Allocation Failure)
[247.031s][info][gc,heap        ] GC(847) DefNew: 1121561K(1258304K)->886K(1258304K) Eden: 1118528K(1118528K)->0K(1118528K) From: 3033K(139776K)->886K(139776K)
[247.031s][info][gc,heap        ] GC(847) Tenured: 85004K(2796224K)->85004K(2796224K)
[247.031s][info][gc,metaspace   ] GC(847) Metaspace: 11827K(12096K)->11827K(12096K) NonClass: 10287K(10432K)->10287K(10432K) Class: 1540K(1664K)->1540K(1664K)
[247.031s][info][gc             ] GC(847) Pause Young (Allocation Failure) 1178M->83M(3959M) 0.934ms
[247.031s][info][gc,cpu         ] GC(847) User=0.00s Sys=0.00s Real=0.00s
[247.297s][info][gc,start       ] GC(848) Pause Full (System.gc())
[247.297s][info][gc,phases,start] GC(848) Phase 1: Mark live objects
[247.342s][info][gc,phases      ] GC(848) Phase 1: Mark live objects 44.521ms
[247.342s][info][gc,phases,start] GC(848) Phase 2: Compute new object addresses
[247.426s][info][gc,phases      ] GC(848) Phase 2: Compute new object addresses 83.654ms
[247.426s][info][gc,phases,start] GC(848) Phase 3: Adjust pointers
[247.448s][info][gc,phases      ] GC(848) Phase 3: Adjust pointers 22.653ms
[247.448s][info][gc,phases,start] GC(848) Phase 4: Move objects
[247.448s][info][gc,phases      ] GC(848) Phase 4: Move objects 0.010ms
[247.448s][info][gc,heap        ] GC(848) DefNew: 1093819K(1258304K)->0K(1258304K) Eden: 1092933K(1118528K)->0K(1118528K) From: 886K(139776K)->0K(139776K)
[247.448s][info][gc,heap        ] GC(848) Tenured: 85004K(2796224K)->85005K(2796224K)
[247.448s][info][gc,metaspace   ] GC(848) Metaspace: 11827K(12096K)->11827K(12096K) NonClass: 10287K(10432K)->10287K(10432K) Class: 1540K(1664K)->1540K(1664K)
[247.448s][info][gc             ] GC(848) Pause Full (System.gc()) 1151M->83M(3959M) 151.189ms
[247.449s][info][gc,cpu         ] GC(848) User=0.14s Sys=0.00s Real=0.15s
[247.724s][info][gc,start       ] GC(849) Pause Young (Allocation Failure)
[247.725s][info][gc,heap        ] GC(849) DefNew: 1118528K(1258304K)->872K(1258304K) Eden: 1118528K(1118528K)->0K(1118528K) From: 0K(139776K)->872K(139776K)
[247.725s][info][gc,heap        ] GC(849) Tenured: 85005K(2796224K)->85005K(2796224K)
[247.725s][info][gc,metaspace   ] GC(849) Metaspace: 11827K(12096K)->11827K(12096K) NonClass: 10287K(10432K)->10287K(10432K) Class: 1540K(1664K)->1540K(1664K)
[247.725s][info][gc             ] GC(849) Pause Young (Allocation Failure) 1175M->83M(3959M) 0.933ms
[247.725s][info][gc,cpu         ] GC(849) User=0.00s Sys=0.00s Real=0.00s
[248.000s][info][gc,start       ] GC(850) Pause Young (Allocation Failure)
[248.001s][info][gc,heap        ] GC(850) DefNew: 1119400K(1258304K)->1735K(1258304K) Eden: 1118528K(1118528K)->0K(1118528K) From: 872K(139776K)->1735K(139776K)
[248.001s][info][gc,heap        ] GC(850) Tenured: 85005K(2796224K)->85005K(2796224K)
[248.001s][info][gc,metaspace   ] GC(850) Metaspace: 11827K(12096K)->11827K(12096K) NonClass: 10287K(10432K)->10287K(10432K) Class: 1540K(1664K)->1540K(1664K)
[248.001s][info][gc             ] GC(850) Pause Young (Allocation Failure) 1176M->84M(3959M) 1.621ms
[248.001s][info][gc,cpu         ] GC(850) User=0.00s Sys=0.00s Real=0.00s
[248.272s][info][gc,start       ] GC(851) Pause Young (Allocation Failure)
[248.274s][info][gc,heap        ] GC(851) DefNew: 1120228K(1258304K)->2739K(1258304K) Eden: 1118492K(1118528K)->0K(1118528K) From: 1735K(139776K)->2739K(139776K)
[248.274s][info][gc,heap        ] GC(851) Tenured: 85005K(2796224K)->85005K(2796224K)
[248.274s][info][gc,metaspace   ] GC(851) Metaspace: 11827K(12096K)->11827K(12096K) NonClass: 10287K(10432K)->10287K(10432K) Class: 1540K(1664K)->1540K(1664K)
[248.274s][info][gc             ] GC(851) Pause Young (Allocation Failure) 1176M->85M(3959M) 2.297ms
[248.274s][info][gc,cpu         ] GC(851) User=0.00s Sys=0.00s Real=0.00s
[248.548s][info][gc,start       ] GC(852) Pause Young (Allocation Failure)
[248.549s][info][gc,heap        ] GC(852) DefNew: 1121267K(1258304K)->695K(1258304K) Eden: 1118528K(1118528K)->0K(1118528K) From: 2739K(139776K)->695K(139776K)
[248.549s][info][gc,heap        ] GC(852) Tenured: 85005K(2796224K)->85005K(2796224K)
[248.549s][info][gc,metaspace   ] GC(852) Metaspace: 11827K(12096K)->11827K(12096K) NonClass: 10287K(10432K)->10287K(10432K) Class: 1540K(1664K)->1540K(1664K)
[248.549s][info][gc             ] GC(852) Pause Young (Allocation Failure) 1178M->83M(3959M) 0.842ms
[248.549s][info][gc,cpu         ] GC(852) User=0.00s Sys=0.00s Real=0.00s
[248.819s][info][gc,start       ] GC(853) Pause Young (Allocation Failure)
[248.820s][info][gc,heap        ] GC(853) DefNew: 1119223K(1258304K)->1597K(1258304K) Eden: 1118528K(1118528K)->0K(1118528K) From: 695K(139776K)->1597K(139776K)
[248.820s][info][gc,heap        ] GC(853) Tenured: 85005K(2796224K)->85005K(2796224K)
[248.820s][info][gc,metaspace   ] GC(853) Metaspace: 11827K(12096K)->11827K(12096K) NonClass: 10287K(10432K)->10287K(10432K) Class: 1540K(1664K)->1540K(1664K)
[248.820s][info][gc             ] GC(853) Pause Young (Allocation Failure) 1176M->84M(3959M) 1.514ms
[248.820s][info][gc,cpu         ] GC(853) User=0.00s Sys=0.00s Real=0.00s
[249.097s][info][gc,start       ] GC(854) Pause Young (Allocation Failure)
[249.099s][info][gc,heap        ] GC(854) DefNew: 1120122K(1258304K)->2582K(1258304K) Eden: 1118525K(1118528K)->0K(1118528K) From: 1597K(139776K)->2582K(139776K)
[249.099s][info][gc,heap        ] GC(854) Tenured: 85005K(2796224K)->85005K(2796224K)
[249.099s][info][gc,metaspace   ] GC(854) Metaspace: 11827K(12096K)->11827K(12096K) NonClass: 10287K(10432K)->10287K(10432K) Class: 1540K(1664K)->1540K(1664K)
[249.099s][info][gc             ] GC(854) Pause Young (Allocation Failure) 1176M->85M(3959M) 2.199ms
[249.099s][info][gc,cpu         ] GC(854) User=0.00s Sys=0.00s Real=0.00s
[249.372s][info][gc,start       ] GC(855) Pause Young (Allocation Failure)
[249.372s][info][gc,heap        ] GC(855) DefNew: 1121110K(1258304K)->259K(1258304K) Eden: 1118528K(1118528K)->0K(1118528K) From: 2582K(139776K)->259K(139776K)
[249.373s][info][gc,heap        ] GC(855) Tenured: 85005K(2796224K)->85005K(2796224K)
[249.373s][info][gc,metaspace   ] GC(855) Metaspace: 11827K(12096K)->11827K(12096K) NonClass: 10287K(10432K)->10287K(10432K) Class: 1540K(1664K)->1540K(1664K)
[249.373s][info][gc             ] GC(855) Pause Young (Allocation Failure) 1177M->83M(3959M) 0.536ms
[249.373s][info][gc,cpu         ] GC(855) User=0.00s Sys=0.00s Real=0.00s
[249.643s][info][gc,start       ] GC(856) Pause Young (Allocation Failure)
[249.644s][info][gc,heap        ] GC(856) DefNew: 1118787K(1258304K)->1157K(1258304K) Eden: 1118528K(1118528K)->0K(1118528K) From: 259K(139776K)->1157K(139776K)
[249.644s][info][gc,heap        ] GC(856) Tenured: 85005K(2796224K)->85005K(2796224K)
[249.644s][info][gc,metaspace   ] GC(856) Metaspace: 11827K(12096K)->11827K(12096K) NonClass: 10287K(10432K)->10287K(10432K) Class: 1540K(1664K)->1540K(1664K)
[249.644s][info][gc             ] GC(856) Pause Young (Allocation Failure) 1175M->84M(3959M) 1.161ms
[249.644s][info][gc,cpu         ] GC(856) User=0.00s Sys=0.00s Real=0.00s
[249.911s][info][gc,start       ] GC(857) Pause Full (System.gc())
[249.911s][info][gc,phases,start] GC(857) Phase 1: Mark live objects
[249.956s][info][gc,phases      ] GC(857) Phase 1: Mark live objects 44.368ms
[249.956s][info][gc,phases,start] GC(857) Phase 2: Compute new object addresses
[250.039s][info][gc,phases      ] GC(857) Phase 2: Compute new object addresses 82.887ms
[250.039s][info][gc,phases,start] GC(857) Phase 3: Adjust pointers
[250.061s][info][gc,phases      ] GC(857) Phase 3: Adjust pointers 22.140ms
[250.061s][info][gc,phases,start] GC(857) Phase 4: Move objects
[250.061s][info][gc,phases      ] GC(857) Phase 4: Move objects 0.009ms
[250.061s][info][gc,heap        ] GC(857) DefNew: 1090717K(1258304K)->0K(1258304K) Eden: 1089559K(1118528K)->0K(1118528K) From: 1157K(139776K)->0K(139776K)
[250.061s][info][gc,heap        ] GC(857) Tenured: 85005K(2796224K)->85004K(2796224K)
[250.061s][info][gc,metaspace   ] GC(857) Metaspace: 11827K(12096K)->11827K(12096K) NonClass: 10287K(10432K)->10287K(10432K) Class: 1540K(1664K)->1540K(1664K)
[250.061s][info][gc             ] GC(857) Pause Full (System.gc()) 1148M->83M(3959M) 149.693ms
[250.061s][info][gc,cpu         ] GC(857) User=0.16s Sys=0.00s Real=0.14s
[250.337s][info][gc,start       ] GC(858) Pause Young (Allocation Failure)
[250.338s][info][gc,heap        ] GC(858) DefNew: 1118528K(1258304K)->784K(1258304K) Eden: 1118528K(1118528K)->0K(1118528K) From: 0K(139776K)->784K(139776K)
[250.338s][info][gc,heap        ] GC(858) Tenured: 85004K(2796224K)->85004K(2796224K)
[250.338s][info][gc,metaspace   ] GC(858) Metaspace: 11827K(12096K)->11827K(12096K) NonClass: 10287K(10432K)->10287K(10432K) Class: 1540K(1664K)->1540K(1664K)
[250.338s][info][gc             ] GC(858) Pause Young (Allocation Failure) 1175M->83M(3959M) 0.901ms
[250.338s][info][gc,cpu         ] GC(858) User=0.00s Sys=0.00s Real=0.00s
[250.607s][info][gc,start       ] GC(859) Pause Young (Allocation Failure)
[250.609s][info][gc,heap        ] GC(859) DefNew: 1119312K(1258304K)->1515K(1258304K) Eden: 1118528K(1118528K)->0K(1118528K) From: 784K(139776K)->1515K(139776K)
[250.609s][info][gc,heap        ] GC(859) Tenured: 85004K(2796224K)->85004K(2796224K)
[250.609s][info][gc,metaspace   ] GC(859) Metaspace: 11827K(12096K)->11827K(12096K) NonClass: 10287K(10432K)->10287K(10432K) Class: 1540K(1664K)->1540K(1664K)
[250.609s][info][gc             ] GC(859) Pause Young (Allocation Failure) 1176M->84M(3959M) 1.441ms
[250.609s][info][gc,cpu         ] GC(859) User=0.00s Sys=0.00s Real=0.00s
[250.880s][info][gc,start       ] GC(860) Pause Young (Allocation Failure)
[250.882s][info][gc,heap        ] GC(860) DefNew: 1120043K(1258304K)->2248K(1258304K) Eden: 1118528K(1118528K)->0K(1118528K) From: 1515K(139776K)->2248K(139776K)
[250.882s][info][gc,heap        ] GC(860) Tenured: 85004K(2796224K)->85004K(2796224K)
[250.882s][info][gc,metaspace   ] GC(860) Metaspace: 11827K(12096K)->11827K(12096K) NonClass: 10287K(10432K)->10287K(10432K) Class: 1540K(1664K)->1540K(1664K)
[250.882s][info][gc             ] GC(860) Pause Young (Allocation Failure) 1176M->85M(3959M) 2.123ms
[250.882s][info][gc,cpu         ] GC(860) User=0.00s Sys=0.00s Real=0.00s
[251.160s][info][gc,start       ] GC(861) Pause Young (Allocation Failure)
[251.161s][info][gc,heap        ] GC(861) DefNew: 1120776K(1258304K)->149K(1258304K) Eden: 1118528K(1118528K)->0K(1118528K) From: 2248K(139776K)->149K(139776K)
[251.161s][info][gc,heap        ] GC(861) Tenured: 85004K(2796224K)->85004K(2796224K)
[251.161s][info][gc,metaspace   ] GC(861) Metaspace: 11827K(12096K)->11827K(12096K) NonClass: 10287K(10432K)->10287K(10432K) Class: 1540K(1664K)->1540K(1664K)
[251.161s][info][gc             ] GC(861) Pause Young (Allocation Failure) 1177M->83M(3959M) 0.483ms
[251.161s][info][gc,cpu         ] GC(861) User=0.00s Sys=0.00s Real=0.00s
[251.430s][info][gc,start       ] GC(862) Pause Young (Allocation Failure)
[251.431s][info][gc,heap        ] GC(862) DefNew: 1118677K(1258304K)->874K(1258304K) Eden: 1118528K(1118528K)->0K(1118528K) From: 149K(139776K)->874K(139776K)
[251.431s][info][gc,heap        ] GC(862) Tenured: 85004K(2796224K)->85004K(2796224K)
[251.431s][info][gc,metaspace   ] GC(862) Metaspace: 11827K(12096K)->11827K(12096K) NonClass: 10287K(10432K)->10287K(10432K) Class: 1540K(1664K)->1540K(1664K)
[251.431s][info][gc             ] GC(862) Pause Young (Allocation Failure) 1175M->83M(3959M) 0.985ms
[251.431s][info][gc,cpu         ] GC(862) User=0.00s Sys=0.00s Real=0.00s
[251.701s][info][gc,start       ] GC(863) Pause Young (Allocation Failure)
[251.703s][info][gc,heap        ] GC(863) DefNew: 1119402K(1258304K)->1787K(1258304K) Eden: 1118528K(1118528K)->0K(1118528K) From: 874K(139776K)->1787K(139776K)
[251.703s][info][gc,heap        ] GC(863) Tenured: 85004K(2796224K)->85004K(2796224K)
[251.703s][info][gc,metaspace   ] GC(863) Metaspace: 11827K(12096K)->11827K(12096K) NonClass: 10287K(10432K)->10287K(10432K) Class: 1540K(1664K)->1540K(1664K)
[251.703s][info][gc             ] GC(863) Pause Young (Allocation Failure) 1176M->84M(3959M) 1.622ms
[251.703s][info][gc,cpu         ] GC(863) User=0.00s Sys=0.00s Real=0.00s
[251.977s][info][gc,start       ] GC(864) Pause Young (Allocation Failure)
[251.979s][info][gc,heap        ] GC(864) DefNew: 1120315K(1258304K)->2400K(1258304K) Eden: 1118528K(1118528K)->0K(1118528K) From: 1787K(139776K)->2400K(139776K)
[251.979s][info][gc,heap        ] GC(864) Tenured: 85004K(2796224K)->85004K(2796224K)
[251.979s][info][gc,metaspace   ] GC(864) Metaspace: 11830K(12096K)->11830K(12096K) NonClass: 10290K(10432K)->10290K(10432K) Class: 1540K(1664K)->1540K(1664K)
[251.979s][info][gc             ] GC(864) Pause Young (Allocation Failure) 1177M->85M(3959M) 2.050ms
[251.979s][info][gc,cpu         ] GC(864) User=0.00s Sys=0.00s Real=0.00s
[252.253s][info][gc,start       ] GC(865) Pause Young (Allocation Failure)
[252.253s][info][gc,heap        ] GC(865) DefNew: 1120928K(1258304K)->183K(1258304K) Eden: 1118528K(1118528K)->0K(1118528K) From: 2400K(139776K)->183K(139776K)
[252.253s][info][gc,heap        ] GC(865) Tenured: 85004K(2796224K)->85004K(2796224K)
[252.253s][info][gc,metaspace   ] GC(865) Metaspace: 11830K(12096K)->11830K(12096K) NonClass: 10290K(10432K)->10290K(10432K) Class: 1540K(1664K)->1540K(1664K)
[252.253s][info][gc             ] GC(865) Pause Young (Allocation Failure) 1177M->83M(3959M) 0.478ms
[252.253s][info][gc,cpu         ] GC(865) User=0.00s Sys=0.00s Real=0.00s
[252.520s][info][gc,start       ] GC(866) Pause Full (System.gc())
[252.520s][info][gc,phases,start] GC(866) Phase 1: Mark live objects
[252.565s][info][gc,phases      ] GC(866) Phase 1: Mark live objects 44.493ms
[252.565s][info][gc,phases,start] GC(866) Phase 2: Compute new object addresses
[252.650s][info][gc,phases      ] GC(866) Phase 2: Compute new object addresses 84.900ms
[252.650s][info][gc,phases,start] GC(866) Phase 3: Adjust pointers
[252.672s][info][gc,phases      ] GC(866) Phase 3: Adjust pointers 22.459ms
[252.672s][info][gc,phases,start] GC(866) Phase 4: Move objects
[252.672s][info][gc,phases      ] GC(866) Phase 4: Move objects 0.009ms
[252.672s][info][gc,heap        ] GC(866) DefNew: 1103606K(1258304K)->0K(1258304K) Eden: 1103423K(1118528K)->0K(1118528K) From: 183K(139776K)->0K(139776K)
[252.672s][info][gc,heap        ] GC(866) Tenured: 85004K(2796224K)->85005K(2796224K)
[252.672s][info][gc,metaspace   ] GC(866) Metaspace: 11836K(12096K)->11836K(12096K) NonClass: 10296K(10432K)->10296K(10432K) Class: 1540K(1664K)->1540K(1664K)
[252.672s][info][gc             ] GC(866) Pause Full (System.gc()) 1160M->83M(3959M) 152.189ms
[252.672s][info][gc,cpu         ] GC(866) User=0.16s Sys=0.00s Real=0.15s
[252.953s][info][gc,start       ] GC(867) Pause Young (Allocation Failure)
[252.954s][info][gc,heap        ] GC(867) DefNew: 1118528K(1258304K)->917K(1258304K) Eden: 1118528K(1118528K)->0K(1118528K) From: 0K(139776K)->917K(139776K)
[252.954s][info][gc,heap        ] GC(867) Tenured: 85005K(2796224K)->85005K(2796224K)
[252.954s][info][gc,metaspace   ] GC(867) Metaspace: 11854K(12096K)->11854K(12096K) NonClass: 10314K(10432K)->10314K(10432K) Class: 1540K(1664K)->1540K(1664K)
[252.954s][info][gc             ] GC(867) Pause Young (Allocation Failure) 1175M->83M(3959M) 0.983ms
[252.954s][info][gc,cpu         ] GC(867) User=0.00s Sys=0.00s Real=0.00s
[253.224s][info][gc,start       ] GC(868) Pause Young (Allocation Failure)
[253.226s][info][gc,heap        ] GC(868) DefNew: 1119445K(1258304K)->1801K(1258304K) Eden: 1118528K(1118528K)->0K(1118528K) From: 917K(139776K)->1801K(139776K)
[253.226s][info][gc,heap        ] GC(868) Tenured: 85005K(2796224K)->85005K(2796224K)
[253.226s][info][gc,metaspace   ] GC(868) Metaspace: 11854K(12096K)->11854K(12096K) NonClass: 10314K(10432K)->10314K(10432K) Class: 1540K(1664K)->1540K(1664K)
[253.226s][info][gc             ] GC(868) Pause Young (Allocation Failure) 1176M->84M(3959M) 1.722ms
[253.226s][info][gc,cpu         ] GC(868) User=0.00s Sys=0.00s Real=0.00s
[253.495s][info][gc,start       ] GC(869) Pause Young (Allocation Failure)
[253.497s][info][gc,heap        ] GC(869) DefNew: 1120329K(1258304K)->2643K(1258304K) Eden: 1118528K(1118528K)->0K(1118528K) From: 1801K(139776K)->2643K(139776K)
[253.497s][info][gc,heap        ] GC(869) Tenured: 85005K(2796224K)->85005K(2796224K)
[253.497s][info][gc,metaspace   ] GC(869) Metaspace: 11854K(12096K)->11854K(12096K) NonClass: 10314K(10432K)->10314K(10432K) Class: 1540K(1664K)->1540K(1664K)
[253.497s][info][gc             ] GC(869) Pause Young (Allocation Failure) 1177M->85M(3959M) 2.205ms
[253.497s][info][gc,cpu         ] GC(869) User=0.00s Sys=0.00s Real=0.00s
[253.770s][info][gc,start       ] GC(870) Pause Young (Allocation Failure)
[253.770s][info][gc,heap        ] GC(870) DefNew: 1121171K(1258304K)->148K(1258304K) Eden: 1118528K(1118528K)->0K(1118528K) From: 2643K(139776K)->148K(139776K)
[253.770s][info][gc,heap        ] GC(870) Tenured: 85005K(2796224K)->85005K(2796224K)
[253.770s][info][gc,metaspace   ] GC(870) Metaspace: 11854K(12096K)->11854K(12096K) NonClass: 10314K(10432K)->10314K(10432K) Class: 1540K(1664K)->1540K(1664K)
[253.770s][info][gc             ] GC(870) Pause Young (Allocation Failure) 1177M->83M(3959M) 0.463ms
[253.770s][info][gc,cpu         ] GC(870) User=0.00s Sys=0.00s Real=0.00s
[254.045s][info][gc,start       ] GC(871) Pause Young (Allocation Failure)
[254.046s][info][gc,heap        ] GC(871) DefNew: 1118676K(1258304K)->939K(1258304K) Eden: 1118528K(1118528K)->0K(1118528K) From: 148K(139776K)->939K(139776K)
[254.046s][info][gc,heap        ] GC(871) Tenured: 85005K(2796224K)->85005K(2796224K)
[254.046s][info][gc,metaspace   ] GC(871) Metaspace: 11854K(12096K)->11854K(12096K) NonClass: 10314K(10432K)->10314K(10432K) Class: 1540K(1664K)->1540K(1664K)
[254.046s][info][gc             ] GC(871) Pause Young (Allocation Failure) 1175M->83M(3959M) 1.107ms
[254.046s][info][gc,cpu         ] GC(871) User=0.00s Sys=0.00s Real=0.00s
[254.318s][info][gc,start       ] GC(872) Pause Young (Allocation Failure)
[254.320s][info][gc,heap        ] GC(872) DefNew: 1119467K(1258304K)->2031K(1258304K) Eden: 1118528K(1118528K)->0K(1118528K) From: 939K(139776K)->2031K(139776K)
[254.320s][info][gc,heap        ] GC(872) Tenured: 85005K(2796224K)->85005K(2796224K)
[254.320s][info][gc,metaspace   ] GC(872) Metaspace: 11854K(12096K)->11854K(12096K) NonClass: 10314K(10432K)->10314K(10432K) Class: 1540K(1664K)->1540K(1664K)
[254.320s][info][gc             ] GC(872) Pause Young (Allocation Failure) 1176M->84M(3959M) 1.833ms
[254.320s][info][gc,cpu         ] GC(872) User=0.00s Sys=0.00s Real=0.00s
[254.588s][info][gc,start       ] GC(873) Pause Young (Allocation Failure)
[254.590s][info][gc,heap        ] GC(873) DefNew: 1120559K(1258304K)->2350K(1258304K) Eden: 1118528K(1118528K)->0K(1118528K) From: 2031K(139776K)->2350K(139776K)
[254.590s][info][gc,heap        ] GC(873) Tenured: 85005K(2796224K)->85005K(2796224K)
[254.590s][info][gc,metaspace   ] GC(873) Metaspace: 11854K(12096K)->11854K(12096K) NonClass: 10314K(10432K)->10314K(10432K) Class: 1540K(1664K)->1540K(1664K)
[254.590s][info][gc             ] GC(873) Pause Young (Allocation Failure) 1177M->85M(3959M) 2.020ms
[254.590s][info][gc,cpu         ] GC(873) User=0.00s Sys=0.00s Real=0.00s
[254.863s][info][gc,start       ] GC(874) Pause Young (Allocation Failure)
[254.863s][info][gc,heap        ] GC(874) DefNew: 1120878K(1258304K)->300K(1258304K) Eden: 1118528K(1118528K)->0K(1118528K) From: 2350K(139776K)->300K(139776K)
[254.863s][info][gc,heap        ] GC(874) Tenured: 85005K(2796224K)->85005K(2796224K)
[254.863s][info][gc,metaspace   ] GC(874) Metaspace: 11854K(12096K)->11854K(12096K) NonClass: 10314K(10432K)->10314K(10432K) Class: 1540K(1664K)->1540K(1664K)
[254.863s][info][gc             ] GC(874) Pause Young (Allocation Failure) 1177M->83M(3959M) 0.577ms
[254.863s][info][gc,cpu         ] GC(874) User=0.00s Sys=0.00s Real=0.00s
[255.136s][info][gc,start       ] GC(875) Pause Full (System.gc())
[255.137s][info][gc,phases,start] GC(875) Phase 1: Mark live objects
[255.181s][info][gc,phases      ] GC(875) Phase 1: Mark live objects 44.492ms
[255.181s][info][gc,phases,start] GC(875) Phase 2: Compute new object addresses
[255.265s][info][gc,phases      ] GC(875) Phase 2: Compute new object addresses 83.706ms
[255.265s][info][gc,phases,start] GC(875) Phase 3: Adjust pointers
[255.287s][info][gc,phases      ] GC(875) Phase 3: Adjust pointers 22.320ms
[255.287s][info][gc,phases,start] GC(875) Phase 4: Move objects
[255.287s][info][gc,phases      ] GC(875) Phase 4: Move objects 0.009ms
[255.287s][info][gc,heap        ] GC(875) DefNew: 1098188K(1258304K)->0K(1258304K) Eden: 1097887K(1118528K)->0K(1118528K) From: 300K(139776K)->0K(139776K)
[255.287s][info][gc,heap        ] GC(875) Tenured: 85005K(2796224K)->85005K(2796224K)
[255.287s][info][gc,metaspace   ] GC(875) Metaspace: 11854K(12096K)->11854K(12096K) NonClass: 10314K(10432K)->10314K(10432K) Class: 1540K(1664K)->1540K(1664K)
[255.287s][info][gc             ] GC(875) Pause Full (System.gc()) 1155M->83M(3959M) 150.819ms
[255.287s][info][gc,cpu         ] GC(875) User=0.14s Sys=0.00s Real=0.14s
[255.564s][info][gc,start       ] GC(876) Pause Young (Allocation Failure)
[255.565s][info][gc,heap        ] GC(876) DefNew: 1118528K(1258304K)->956K(1258304K) Eden: 1118528K(1118528K)->0K(1118528K) From: 0K(139776K)->956K(139776K)
[255.565s][info][gc,heap        ] GC(876) Tenured: 85005K(2796224K)->85005K(2796224K)
[255.565s][info][gc,metaspace   ] GC(876) Metaspace: 11854K(12096K)->11854K(12096K) NonClass: 10314K(10432K)->10314K(10432K) Class: 1540K(1664K)->1540K(1664K)
[255.565s][info][gc             ] GC(876) Pause Young (Allocation Failure) 1175M->83M(3959M) 1.027ms
[255.565s][info][gc,cpu         ] GC(876) User=0.00s Sys=0.00s Real=0.00s
[255.835s][info][gc,start       ] GC(877) Pause Young (Allocation Failure)
[255.837s][info][gc,heap        ] GC(877) DefNew: 1119484K(1258304K)->2012K(1258304K) Eden: 1118528K(1118528K)->0K(1118528K) From: 956K(139776K)->2012K(139776K)
[255.837s][info][gc,heap        ] GC(877) Tenured: 85005K(2796224K)->85005K(2796224K)
[255.837s][info][gc,metaspace   ] GC(877) Metaspace: 11854K(12096K)->11854K(12096K) NonClass: 10314K(10432K)->10314K(10432K) Class: 1540K(1664K)->1540K(1664K)
[255.837s][info][gc             ] GC(877) Pause Young (Allocation Failure) 1176M->84M(3959M) 1.807ms
[255.837s][info][gc,cpu         ] GC(877) User=0.00s Sys=0.00s Real=0.00s
[256.111s][info][gc,start       ] GC(878) Pause Young (Allocation Failure)
[256.113s][info][gc,heap        ] GC(878) DefNew: 1120540K(1258304K)->2081K(1258304K) Eden: 1118528K(1118528K)->0K(1118528K) From: 2012K(139776K)->2081K(139776K)
[256.113s][info][gc,heap        ] GC(878) Tenured: 85005K(2796224K)->85005K(2796224K)
[256.113s][info][gc,metaspace   ] GC(878) Metaspace: 11854K(12096K)->11854K(12096K) NonClass: 10314K(10432K)->10314K(10432K) Class: 1540K(1664K)->1540K(1664K)
[256.113s][info][gc             ] GC(878) Pause Young (Allocation Failure) 1177M->85M(3959M) 1.805ms
[256.113s][info][gc,cpu         ] GC(878) User=0.00s Sys=0.00s Real=0.00s
[256.386s][info][gc,start       ] GC(879) Pause Young (Allocation Failure)
[256.387s][info][gc,heap        ] GC(879) DefNew: 1120609K(1258304K)->357K(1258304K) Eden: 1118528K(1118528K)->0K(1118528K) From: 2081K(139776K)->357K(139776K)
[256.387s][info][gc,heap        ] GC(879) Tenured: 85005K(2796224K)->85005K(2796224K)
[256.387s][info][gc,metaspace   ] GC(879) Metaspace: 11854K(12096K)->11854K(12096K) NonClass: 10314K(10432K)->10314K(10432K) Class: 1540K(1664K)->1540K(1664K)
[256.387s][info][gc             ] GC(879) Pause Young (Allocation Failure) 1177M->83M(3959M) 0.644ms
[256.387s][info][gc,cpu         ] GC(879) User=0.00s Sys=0.00s Real=0.00s
[256.657s][info][gc,start       ] GC(880) Pause Young (Allocation Failure)
[256.659s][info][gc,heap        ] GC(880) DefNew: 1118885K(1258304K)->1269K(1258304K) Eden: 1118528K(1118528K)->0K(1118528K) From: 357K(139776K)->1269K(139776K)
[256.659s][info][gc,heap        ] GC(880) Tenured: 85005K(2796224K)->85005K(2796224K)
[256.659s][info][gc,metaspace   ] GC(880) Metaspace: 11854K(12096K)->11854K(12096K) NonClass: 10314K(10432K)->10314K(10432K) Class: 1540K(1664K)->1540K(1664K)
[256.659s][info][gc             ] GC(880) Pause Young (Allocation Failure) 1175M->84M(3959M) 1.222ms
[256.659s][info][gc,cpu         ] GC(880) User=0.00s Sys=0.00s Real=0.00s
[256.932s][info][gc,start       ] GC(881) Pause Young (Allocation Failure)
[256.934s][info][gc,heap        ] GC(881) DefNew: 1119797K(1258304K)->2072K(1258304K) Eden: 1118528K(1118528K)->0K(1118528K) From: 1269K(139776K)->2072K(139776K)
[256.934s][info][gc,heap        ] GC(881) Tenured: 85005K(2796224K)->85005K(2796224K)
[256.934s][info][gc,metaspace   ] GC(881) Metaspace: 11854K(12096K)->11854K(12096K) NonClass: 10314K(10432K)->10314K(10432K) Class: 1540K(1664K)->1540K(1664K)
[256.934s][info][gc             ] GC(881) Pause Young (Allocation Failure) 1176M->85M(3959M) 1.749ms
[256.934s][info][gc,cpu         ] GC(881) User=0.00s Sys=0.00s Real=0.00s
[257.209s][info][gc,start       ] GC(882) Pause Young (Allocation Failure)
[257.209s][info][gc,heap        ] GC(882) DefNew: 1120600K(1258304K)->180K(1258304K) Eden: 1118528K(1118528K)->0K(1118528K) From: 2072K(139776K)->180K(139776K)
[257.209s][info][gc,heap        ] GC(882) Tenured: 85005K(2796224K)->85005K(2796224K)
[257.209s][info][gc,metaspace   ] GC(882) Metaspace: 11854K(12096K)->11854K(12096K) NonClass: 10314K(10432K)->10314K(10432K) Class: 1540K(1664K)->1540K(1664K)
[257.209s][info][gc             ] GC(882) Pause Young (Allocation Failure) 1177M->83M(3959M) 0.489ms
[257.209s][info][gc,cpu         ] GC(882) User=0.00s Sys=0.00s Real=0.00s
[257.479s][info][gc,start       ] GC(883) Pause Young (Allocation Failure)
[257.480s][info][gc,heap        ] GC(883) DefNew: 1118708K(1258304K)->1170K(1258304K) Eden: 1118528K(1118528K)->0K(1118528K) From: 180K(139776K)->1170K(139776K)
[257.480s][info][gc,heap        ] GC(883) Tenured: 85005K(2796224K)->85005K(2796224K)
[257.480s][info][gc,metaspace   ] GC(883) Metaspace: 11854K(12096K)->11854K(12096K) NonClass: 10314K(10432K)->10314K(10432K) Class: 1540K(1664K)->1540K(1664K)
[257.480s][info][gc             ] GC(883) Pause Young (Allocation Failure) 1175M->84M(3959M) 1.188ms
[257.480s][info][gc,cpu         ] GC(883) User=0.00s Sys=0.00s Real=0.00s
[257.745s][info][gc,start       ] GC(884) Pause Full (System.gc())
[257.745s][info][gc,phases,start] GC(884) Phase 1: Mark live objects
[257.790s][info][gc,phases      ] GC(884) Phase 1: Mark live objects 45.191ms
[257.790s][info][gc,phases,start] GC(884) Phase 2: Compute new object addresses
[257.873s][info][gc,phases      ] GC(884) Phase 2: Compute new object addresses 82.789ms
[257.873s][info][gc,phases,start] GC(884) Phase 3: Adjust pointers
[257.896s][info][gc,phases      ] GC(884) Phase 3: Adjust pointers 22.946ms
[257.896s][info][gc,phases,start] GC(884) Phase 4: Move objects
[257.896s][info][gc,phases      ] GC(884) Phase 4: Move objects 0.011ms
[257.896s][info][gc,heap        ] GC(884) DefNew: 1093632K(1258304K)->0K(1258304K) Eden: 1092461K(1118528K)->0K(1118528K) From: 1170K(139776K)->0K(139776K)
[257.896s][info][gc,heap        ] GC(884) Tenured: 85005K(2796224K)->85006K(2796224K)
[257.896s][info][gc,metaspace   ] GC(884) Metaspace: 11854K(12096K)->11854K(12096K) NonClass: 10314K(10432K)->10314K(10432K) Class: 1540K(1664K)->1540K(1664K)
[257.896s][info][gc             ] GC(884) Pause Full (System.gc()) 1151M->83M(3959M) 151.237ms
[257.896s][info][gc,cpu         ] GC(884) User=0.16s Sys=0.00s Real=0.14s
[258.173s][info][gc,start       ] GC(885) Pause Young (Allocation Failure)
[258.174s][info][gc,heap        ] GC(885) DefNew: 1118528K(1258304K)->843K(1258304K) Eden: 1118528K(1118528K)->0K(1118528K) From: 0K(139776K)->843K(139776K)
[258.174s][info][gc,heap        ] GC(885) Tenured: 85006K(2796224K)->85006K(2796224K)
[258.174s][info][gc,metaspace   ] GC(885) Metaspace: 11855K(12096K)->11855K(12096K) NonClass: 10315K(10432K)->10315K(10432K) Class: 1540K(1664K)->1540K(1664K)
[258.174s][info][gc             ] GC(885) Pause Young (Allocation Failure) 1175M->83M(3959M) 0.902ms
[258.174s][info][gc,cpu         ] GC(885) User=0.00s Sys=0.00s Real=0.00s
[258.443s][info][gc,start       ] GC(886) Pause Young (Allocation Failure)
[258.445s][info][gc,heap        ] GC(886) DefNew: 1119371K(1258304K)->1933K(1258304K) Eden: 1118528K(1118528K)->0K(1118528K) From: 843K(139776K)->1933K(139776K)
[258.445s][info][gc,heap        ] GC(886) Tenured: 85006K(2796224K)->85006K(2796224K)
[258.445s][info][gc,metaspace   ] GC(886) Metaspace: 11855K(12096K)->11855K(12096K) NonClass: 10315K(10432K)->10315K(10432K) Class: 1540K(1664K)->1540K(1664K)
[258.445s][info][gc             ] GC(886) Pause Young (Allocation Failure) 1176M->84M(3959M) 1.772ms
[258.445s][info][gc,cpu         ] GC(886) User=0.00s Sys=0.00s Real=0.00s
[258.714s][info][gc,start       ] GC(887) Pause Young (Allocation Failure)
[258.716s][info][gc,heap        ] GC(887) DefNew: 1120461K(1258304K)->2398K(1258304K) Eden: 1118528K(1118528K)->0K(1118528K) From: 1933K(139776K)->2398K(139776K)
[258.716s][info][gc,heap        ] GC(887) Tenured: 85006K(2796224K)->85006K(2796224K)
[258.716s][info][gc,metaspace   ] GC(887) Metaspace: 11855K(12096K)->11855K(12096K) NonClass: 10315K(10432K)->10315K(10432K) Class: 1540K(1664K)->1540K(1664K)
[258.716s][info][gc             ] GC(887) Pause Young (Allocation Failure) 1177M->85M(3959M) 2.018ms
[258.716s][info][gc,cpu         ] GC(887) User=0.02s Sys=0.00s Real=0.00s
[258.995s][info][gc,start       ] GC(888) Pause Young (Allocation Failure)
[258.996s][info][gc,heap        ] GC(888) DefNew: 1120926K(1258304K)->592K(1258304K) Eden: 1118528K(1118528K)->0K(1118528K) From: 2398K(139776K)->592K(139776K)
[258.996s][info][gc,heap        ] GC(888) Tenured: 85006K(2796224K)->85006K(2796224K)
[258.996s][info][gc,metaspace   ] GC(888) Metaspace: 11855K(12096K)->11855K(12096K) NonClass: 10315K(10432K)->10315K(10432K) Class: 1540K(1664K)->1540K(1664K)
[258.996s][info][gc             ] GC(888) Pause Young (Allocation Failure) 1177M->83M(3959M) 0.813ms
[258.996s][info][gc,cpu         ] GC(888) User=0.00s Sys=0.00s Real=0.00s
[259.266s][info][gc,start       ] GC(889) Pause Young (Allocation Failure)
[259.267s][info][gc,heap        ] GC(889) DefNew: 1119120K(1258304K)->1087K(1258304K) Eden: 1118528K(1118528K)->0K(1118528K) From: 592K(139776K)->1087K(139776K)
[259.267s][info][gc,heap        ] GC(889) Tenured: 85006K(2796224K)->85006K(2796224K)
[259.267s][info][gc,metaspace   ] GC(889) Metaspace: 11855K(12096K)->11855K(12096K) NonClass: 10315K(10432K)->10315K(10432K) Class: 1540K(1664K)->1540K(1664K)
[259.267s][info][gc             ] GC(889) Pause Young (Allocation Failure) 1175M->84M(3959M) 1.106ms
[259.267s][info][gc,cpu         ] GC(889) User=0.00s Sys=0.00s Real=0.00s
[259.536s][info][gc,start       ] GC(890) Pause Young (Allocation Failure)
[259.538s][info][gc,heap        ] GC(890) DefNew: 1119615K(1258304K)->1762K(1258304K) Eden: 1118528K(1118528K)->0K(1118528K) From: 1087K(139776K)->1762K(139776K)
[259.538s][info][gc,heap        ] GC(890) Tenured: 85006K(2796224K)->85006K(2796224K)
[259.538s][info][gc,metaspace   ] GC(890) Metaspace: 11855K(12096K)->11855K(12096K) NonClass: 10315K(10432K)->10315K(10432K) Class: 1540K(1664K)->1540K(1664K)
[259.538s][info][gc             ] GC(890) Pause Young (Allocation Failure) 1176M->84M(3959M) 1.564ms
[259.538s][info][gc,cpu         ] GC(890) User=0.00s Sys=0.00s Real=0.00s
[259.807s][info][gc,start       ] GC(891) Pause Young (Allocation Failure)
[259.809s][info][gc,heap        ] GC(891) DefNew: 1120290K(1258304K)->2693K(1258304K) Eden: 1118528K(1118528K)->0K(1118528K) From: 1762K(139776K)->2693K(139776K)
[259.809s][info][gc,heap        ] GC(891) Tenured: 85006K(2796224K)->85006K(2796224K)
[259.809s][info][gc,metaspace   ] GC(891) Metaspace: 11855K(12096K)->11855K(12096K) NonClass: 10315K(10432K)->10315K(10432K) Class: 1540K(1664K)->1540K(1664K)
[259.809s][info][gc             ] GC(891) Pause Young (Allocation Failure) 1177M->85M(3959M) 2.259ms
[259.809s][info][gc,cpu         ] GC(891) User=0.00s Sys=0.00s Real=0.00s
[260.088s][info][gc,start       ] GC(892) Pause Young (Allocation Failure)
[260.089s][info][gc,heap        ] GC(892) DefNew: 1121221K(1258304K)->508K(1258304K) Eden: 1118528K(1118528K)->0K(1118528K) From: 2693K(139776K)->508K(139776K)
[260.089s][info][gc,heap        ] GC(892) Tenured: 85006K(2796224K)->85006K(2796224K)
[260.089s][info][gc,metaspace   ] GC(892) Metaspace: 11855K(12096K)->11855K(12096K) NonClass: 10315K(10432K)->10315K(10432K) Class: 1540K(1664K)->1540K(1664K)
[260.089s][info][gc             ] GC(892) Pause Young (Allocation Failure) 1177M->83M(3959M) 0.727ms
[260.089s][info][gc,cpu         ] GC(892) User=0.00s Sys=0.00s Real=0.00s
[260.355s][info][gc,start       ] GC(893) Pause Full (System.gc())
[260.355s][info][gc,phases,start] GC(893) Phase 1: Mark live objects
[260.400s][info][gc,phases      ] GC(893) Phase 1: Mark live objects 44.379ms
[260.400s][info][gc,phases,start] GC(893) Phase 2: Compute new object addresses
[260.483s][info][gc,phases      ] GC(893) Phase 2: Compute new object addresses 83.624ms
[260.483s][info][gc,phases,start] GC(893) Phase 3: Adjust pointers
[260.505s][info][gc,phases      ] GC(893) Phase 3: Adjust pointers 21.953ms
[260.505s][info][gc,phases,start] GC(893) Phase 4: Move objects
[260.505s][info][gc,phases      ] GC(893) Phase 4: Move objects 0.009ms
[260.506s][info][gc,heap        ] GC(893) DefNew: 1095873K(1258304K)->0K(1258304K) Eden: 1095365K(1118528K)->0K(1118528K) From: 508K(139776K)->0K(139776K)
[260.506s][info][gc,heap        ] GC(893) Tenured: 85006K(2796224K)->85005K(2796224K)
[260.506s][info][gc,metaspace   ] GC(893) Metaspace: 11855K(12096K)->11855K(12096K) NonClass: 10315K(10432K)->10315K(10432K) Class: 1540K(1664K)->1540K(1664K)
[260.506s][info][gc             ] GC(893) Pause Full (System.gc()) 1153M->83M(3959M) 150.265ms
[260.506s][info][gc,cpu         ] GC(893) User=0.16s Sys=0.00s Real=0.15s
[260.781s][info][gc,start       ] GC(894) Pause Young (Allocation Failure)
[260.782s][info][gc,heap        ] GC(894) DefNew: 1118528K(1258304K)->960K(1258304K) Eden: 1118528K(1118528K)->0K(1118528K) From: 0K(139776K)->960K(139776K)
[260.782s][info][gc,heap        ] GC(894) Tenured: 85005K(2796224K)->85005K(2796224K)
[260.782s][info][gc,metaspace   ] GC(894) Metaspace: 11855K(12096K)->11855K(12096K) NonClass: 10315K(10432K)->10315K(10432K) Class: 1540K(1664K)->1540K(1664K)
[260.782s][info][gc             ] GC(894) Pause Young (Allocation Failure) 1175M->83M(3959M) 0.994ms
[260.782s][info][gc,cpu         ] GC(894) User=0.00s Sys=0.00s Real=0.00s
[261.058s][info][gc,start       ] GC(895) Pause Young (Allocation Failure)
[261.060s][info][gc,heap        ] GC(895) DefNew: 1119488K(1258304K)->1662K(1258304K) Eden: 1118528K(1118528K)->0K(1118528K) From: 960K(139776K)->1662K(139776K)
[261.060s][info][gc,heap        ] GC(895) Tenured: 85005K(2796224K)->85005K(2796224K)
[261.060s][info][gc,metaspace   ] GC(895) Metaspace: 11855K(12096K)->11855K(12096K) NonClass: 10315K(10432K)->10315K(10432K) Class: 1540K(1664K)->1540K(1664K)
[261.060s][info][gc             ] GC(895) Pause Young (Allocation Failure) 1176M->84M(3959M) 1.558ms
[261.060s][info][gc,cpu         ] GC(895) User=0.00s Sys=0.00s Real=0.00s
[261.329s][info][gc,start       ] GC(896) Pause Young (Allocation Failure)
[261.331s][info][gc,heap        ] GC(896) DefNew: 1120190K(1258304K)->2508K(1258304K) Eden: 1118528K(1118528K)->0K(1118528K) From: 1662K(139776K)->2508K(139776K)
[261.331s][info][gc,heap        ] GC(896) Tenured: 85005K(2796224K)->85005K(2796224K)
[261.331s][info][gc,metaspace   ] GC(896) Metaspace: 11855K(12096K)->11855K(12096K) NonClass: 10315K(10432K)->10315K(10432K) Class: 1540K(1664K)->1540K(1664K)
[261.331s][info][gc             ] GC(896) Pause Young (Allocation Failure) 1176M->85M(3959M) 2.129ms
[261.331s][info][gc,cpu         ] GC(896) User=0.00s Sys=0.00s Real=0.00s
[261.604s][info][gc,start       ] GC(897) Pause Young (Allocation Failure)
[261.604s][info][gc,heap        ] GC(897) DefNew: 1121036K(1258304K)->132K(1258304K) Eden: 1118528K(1118528K)->0K(1118528K) From: 2508K(139776K)->132K(139776K)
[261.604s][info][gc,heap        ] GC(897) Tenured: 85005K(2796224K)->85005K(2796224K)
[261.604s][info][gc,metaspace   ] GC(897) Metaspace: 11855K(12096K)->11855K(12096K) NonClass: 10315K(10432K)->10315K(10432K) Class: 1540K(1664K)->1540K(1664K)
[261.604s][info][gc             ] GC(897) Pause Young (Allocation Failure) 1177M->83M(3959M) 0.477ms
[261.604s][info][gc,cpu         ] GC(897) User=0.00s Sys=0.00s Real=0.00s
[261.876s][info][gc,start       ] GC(898) Pause Young (Allocation Failure)
[261.877s][info][gc,heap        ] GC(898) DefNew: 1118660K(1258304K)->1039K(1258304K) Eden: 1118528K(1118528K)->0K(1118528K) From: 132K(139776K)->1039K(139776K)
[261.877s][info][gc,heap        ] GC(898) Tenured: 85005K(2796224K)->85005K(2796224K)
[261.877s][info][gc,metaspace   ] GC(898) Metaspace: 11855K(12096K)->11855K(12096K) NonClass: 10315K(10432K)->10315K(10432K) Class: 1540K(1664K)->1540K(1664K)
[261.877s][info][gc             ] GC(898) Pause Young (Allocation Failure) 1175M->84M(3959M) 1.134ms
[261.877s][info][gc,cpu         ] GC(898) User=0.00s Sys=0.00s Real=0.00s
[262.148s][info][gc,start       ] GC(899) Pause Young (Allocation Failure)
[262.150s][info][gc,heap        ] GC(899) DefNew: 1119567K(1258304K)->1589K(1258304K) Eden: 1118528K(1118528K)->0K(1118528K) From: 1039K(139776K)->1589K(139776K)
[262.150s][info][gc,heap        ] GC(899) Tenured: 85005K(2796224K)->85005K(2796224K)
[262.150s][info][gc,metaspace   ] GC(899) Metaspace: 11855K(12096K)->11855K(12096K) NonClass: 10315K(10432K)->10315K(10432K) Class: 1540K(1664K)->1540K(1664K)
[262.150s][info][gc             ] GC(899) Pause Young (Allocation Failure) 1176M->84M(3959M) 1.471ms
[262.150s][info][gc,cpu         ] GC(899) User=0.00s Sys=0.00s Real=0.00s
[262.419s][info][gc,start       ] GC(900) Pause Young (Allocation Failure)
[262.421s][info][gc,heap        ] GC(900) DefNew: 1120117K(1258304K)->2693K(1258304K) Eden: 1118528K(1118528K)->0K(1118528K) From: 1589K(139776K)->2693K(139776K)
[262.421s][info][gc,heap        ] GC(900) Tenured: 85005K(2796224K)->85005K(2796224K)
[262.421s][info][gc,metaspace   ] GC(900) Metaspace: 11855K(12096K)->11855K(12096K) NonClass: 10315K(10432K)->10315K(10432K) Class: 1540K(1664K)->1540K(1664K)
[262.421s][info][gc             ] GC(900) Pause Young (Allocation Failure) 1176M->85M(3959M) 2.374ms
[262.421s][info][gc,cpu         ] GC(900) User=0.02s Sys=0.00s Real=0.00s
[262.696s][info][gc,start       ] GC(901) Pause Young (Allocation Failure)
[262.696s][info][gc,heap        ] GC(901) DefNew: 1121221K(1258304K)->442K(1258304K) Eden: 1118528K(1118528K)->0K(1118528K) From: 2693K(139776K)->442K(139776K)
[262.696s][info][gc,heap        ] GC(901) Tenured: 85005K(2796224K)->85005K(2796224K)
[262.696s][info][gc,metaspace   ] GC(901) Metaspace: 11855K(12096K)->11855K(12096K) NonClass: 10315K(10432K)->10315K(10432K) Class: 1540K(1664K)->1540K(1664K)
[262.696s][info][gc             ] GC(901) Pause Young (Allocation Failure) 1177M->83M(3959M) 0.666ms
[262.696s][info][gc,cpu         ] GC(901) User=0.00s Sys=0.00s Real=0.00s
[262.972s][info][gc,heap,exit   ] Heap
[262.972s][info][gc,heap,exit   ]  def new generation   total 1258304K, used 1102734K [0x0000000700000000, 0x0000000755550000, 0x0000000755550000)
[262.972s][info][gc,heap,exit   ]   eden space 1118528K,  98% used [0x0000000700000000, 0x0000000743474df0, 0x0000000744450000)
[262.972s][info][gc,heap,exit   ]   from space 139776K,   0% used [0x0000000744450000, 0x00000007444bea38, 0x000000074ccd0000)
[262.972s][info][gc,heap,exit   ]   to   space 139776K,   0% used [0x000000074ccd0000, 0x000000074ccd0000, 0x0000000755550000)
[262.972s][info][gc,heap,exit   ]  tenured generation   total 2796224K, used 85005K [0x0000000755550000, 0x0000000800000000, 0x0000000800000000)
[262.972s][info][gc,heap,exit   ]    the space 2796224K,   3% used [0x0000000755550000, 0x000000075a853758, 0x000000075a853800, 0x0000000800000000)
[262.972s][info][gc,heap,exit   ]  Metaspace       used 11935K, committed 12160K, reserved 1114112K
[262.972s][info][gc,heap,exit   ]   class space    used 1552K, committed 1664K, reserved 1048576K
