[0.008s][info][gc,init] Initializing The Z Garbage Collector
[0.008s][info][gc,init] Version: 17.0.12+7-adhoc..jdk17u (release)
[0.008s][info][gc,init] NUMA Support: Disabled
[0.008s][info][gc,init] CPUs: 6 total, 6 available
[0.008s][info][gc,init] Memory: 15591M
[0.008s][info][gc,init] Large Page Support: Disabled
[0.008s][info][gc,init] GC Workers: 2 (dynamic)
[0.009s][info][gc,init] Address Space Type: Contiguous/Unrestricted/Complete
[0.009s][info][gc,init] Address Space Size: 65536M x 3 = 196608M
[0.009s][info][gc,init] Min Capacity: 4096M
[0.009s][info][gc,init] Initial Capacity: 4096M
[0.009s][info][gc,init] Max Capacity: 4096M
[0.009s][info][gc,init] Medium Page Size: 32M
[0.009s][info][gc,init] Pre-touch: Disabled
[0.009s][info][gc,init] Uncommit: Implicitly Disabled (-Xms equals -Xmx)
[0.124s][info][gc,init] Runtime Workers: 4
[0.125s][info][gc     ] Using The Z Garbage Collector
[0.132s][info][gc,metaspace] CDS archive(s) mapped at: [0x000001efbf000000-0x000001efbfbc0000-0x000001efbfbc0000), size 12320768, SharedBaseAddress: 0x000001efbf000000, ArchiveRelocationMode: 1.
[0.132s][info][gc,metaspace] Compressed class space mapped at: 0x000001efc0000000-0x000001f000000000, reserved size: 1073741824
[0.132s][info][gc,metaspace] Narrow klass base: 0x000001efbf000000, Narrow klass shift: 0, Narrow klass range: 0x100000000
[0.769s][info][gc,start    ] GC(0) Garbage Collection (System.gc())
[0.769s][info][gc,task     ] GC(0) Using 2 workers
[0.769s][info][gc,phases   ] GC(0) Pause Mark Start 0.005ms
[0.783s][info][gc,phases   ] GC(0) Concurrent Mark 13.508ms
[0.783s][info][gc,phases   ] GC(0) Pause Mark End 0.044ms
[0.783s][info][gc,phases   ] GC(0) Concurrent Mark Free 0.001ms
[0.784s][info][gc,phases   ] GC(0) Concurrent Process Non-Strong References 0.769ms
[0.784s][info][gc,phases   ] GC(0) Concurrent Reset Relocation Set 0.004ms
[0.787s][info][gc,phases   ] GC(0) Concurrent Select Relocation Set 3.214ms
[0.787s][info][gc,phases   ] GC(0) Pause Relocate Start 0.009ms
[0.790s][info][gc,phases   ] GC(0) Concurrent Relocate 1.993ms
[0.790s][info][gc,load     ] GC(0) Load: 0.00/0.00/0.00
[0.790s][info][gc,mmu      ] GC(0) MMU: 2ms/97.8%, 5ms/98.9%, 10ms/99.5%, 20ms/99.7%, 50ms/99.9%, 100ms/99.9%
[0.790s][info][gc,marking  ] GC(0) Mark: 2 stripe(s), 2 proactive flush(es), 1 terminate flush(es), 0 completion(s), 0 continuation(s) 
[0.790s][info][gc,marking  ] GC(0) Mark Stack Usage: 32M
[0.790s][info][gc,nmethod  ] GC(0) NMethods: 606 registered, 0 unregistered
[0.790s][info][gc,metaspace] GC(0) Metaspace: 2M used, 2M committed, 1088M reserved
[0.790s][info][gc,ref      ] GC(0) Soft: 122 encountered, 0 discovered, 0 enqueued
[0.790s][info][gc,ref      ] GC(0) Weak: 333 encountered, 67 discovered, 64 enqueued
[0.790s][info][gc,ref      ] GC(0) Final: 3 encountered, 0 discovered, 0 enqueued
[0.790s][info][gc,ref      ] GC(0) Phantom: 51 encountered, 44 discovered, 33 enqueued
[0.790s][info][gc,reloc    ] GC(0) Small Pages: 4 / 8M, Empty: 0M, Relocated: 1M, In-Place: 0
[0.790s][info][gc,reloc    ] GC(0) Medium Pages: 1 / 32M, Empty: 0M, Relocated: 0M, In-Place: 0
[0.790s][info][gc,reloc    ] GC(0) Large Pages: 0 / 0M, Empty: 0M, Relocated: 0M, In-Place: 0
[0.790s][info][gc,reloc    ] GC(0) Forwarding Usage: 0M
[0.790s][info][gc,heap     ] GC(0) Min Capacity: 4096M(100%)
[0.790s][info][gc,heap     ] GC(0) Max Capacity: 4096M(100%)
[0.790s][info][gc,heap     ] GC(0) Soft Max Capacity: 4096M(100%)
[0.790s][info][gc,heap     ] GC(0)                Mark Start          Mark End        Relocate Start      Relocate End           High               Low         
[0.790s][info][gc,heap     ] GC(0)  Capacity:     4096M (100%)       4096M (100%)       4096M (100%)       4096M (100%)       4096M (100%)       4096M (100%)   
[0.790s][info][gc,heap     ] GC(0)      Free:     4056M (99%)        4056M (99%)        4056M (99%)        4058M (99%)        4058M (99%)        4052M (99%)    
[0.790s][info][gc,heap     ] GC(0)      Used:       40M (1%)           40M (1%)           40M (1%)           38M (1%)           44M (1%)           38M (1%)     
[0.790s][info][gc,heap     ] GC(0)      Live:         -                 3M (0%)            3M (0%)            3M (0%)             -                  -          
[0.790s][info][gc,heap     ] GC(0) Allocated:         -                 0M (0%)            0M (0%)            0M (0%)             -                  -          
[0.790s][info][gc,heap     ] GC(0)   Garbage:         -                36M (1%)           36M (1%)           34M (1%)             -                  -          
[0.790s][info][gc,heap     ] GC(0) Reclaimed:         -                  -                 0M (0%)            2M (0%)             -                  -          
[0.790s][info][gc          ] GC(0) Garbage Collection (System.gc()) 40M(1%)->38M(1%)
[1.451s][info][gc,start    ] GC(1) Garbage Collection (Warmup)
[1.451s][info][gc,task     ] GC(1) Using 2 workers
[1.451s][info][gc,phases   ] GC(1) Pause Mark Start 0.006ms
[1.514s][info][gc,phases   ] GC(1) Concurrent Mark 63.077ms
[1.514s][info][gc,phases   ] GC(1) Pause Mark End 0.020ms
[1.514s][info][gc,phases   ] GC(1) Concurrent Mark Free 0.001ms
[1.516s][info][gc,phases   ] GC(1) Concurrent Process Non-Strong References 2.020ms
[1.516s][info][gc,phases   ] GC(1) Concurrent Reset Relocation Set 0.001ms
[1.518s][info][gc,phases   ] GC(1) Concurrent Select Relocation Set 2.060ms
[1.519s][info][gc,phases   ] GC(1) Pause Relocate Start 0.010ms
[1.531s][info][gc,phases   ] GC(1) Concurrent Relocate 12.790ms
[1.531s][info][gc,load     ] GC(1) Load: 0.00/0.00/0.00
[1.531s][info][gc,mmu      ] GC(1) MMU: 2ms/97.8%, 5ms/98.9%, 10ms/99.5%, 20ms/99.7%, 50ms/99.9%, 100ms/99.9%
[1.531s][info][gc,marking  ] GC(1) Mark: 2 stripe(s), 4 proactive flush(es), 1 terminate flush(es), 0 completion(s), 0 continuation(s) 
[1.531s][info][gc,marking  ] GC(1) Mark Stack Usage: 32M
[1.531s][info][gc,nmethod  ] GC(1) NMethods: 1634 registered, 0 unregistered
[1.531s][info][gc,metaspace] GC(1) Metaspace: 10M used, 10M committed, 1088M reserved
[1.531s][info][gc,ref      ] GC(1) Soft: 3479 encountered, 0 discovered, 0 enqueued
[1.531s][info][gc,ref      ] GC(1) Weak: 999 encountered, 479 discovered, 108 enqueued
[1.531s][info][gc,ref      ] GC(1) Final: 3 encountered, 0 discovered, 0 enqueued
[1.531s][info][gc,ref      ] GC(1) Phantom: 132 encountered, 125 discovered, 111 enqueued
[1.531s][info][gc,reloc    ] GC(1) Small Pages: 196 / 392M, Empty: 0M, Relocated: 48M, In-Place: 0
[1.532s][info][gc,reloc    ] GC(1) Medium Pages: 1 / 32M, Empty: 0M, Relocated: 0M, In-Place: 0
[1.532s][info][gc,reloc    ] GC(1) Large Pages: 0 / 0M, Empty: 0M, Relocated: 0M, In-Place: 0
[1.532s][info][gc,reloc    ] GC(1) Forwarding Usage: 2M
[1.532s][info][gc,heap     ] GC(1) Min Capacity: 4096M(100%)
[1.532s][info][gc,heap     ] GC(1) Max Capacity: 4096M(100%)
[1.532s][info][gc,heap     ] GC(1) Soft Max Capacity: 4096M(100%)
[1.532s][info][gc,heap     ] GC(1)                Mark Start          Mark End        Relocate Start      Relocate End           High               Low         
[1.532s][info][gc,heap     ] GC(1)  Capacity:     4096M (100%)       4096M (100%)       4096M (100%)       4096M (100%)       4096M (100%)       4096M (100%)   
[1.532s][info][gc,heap     ] GC(1)      Free:     3672M (90%)        3586M (88%)        3580M (87%)        3890M (95%)        3894M (95%)        3576M (87%)    
[1.532s][info][gc,heap     ] GC(1)      Used:      424M (10%)         510M (12%)         516M (13%)         206M (5%)          520M (13%)         202M (5%)     
[1.532s][info][gc,heap     ] GC(1)      Live:         -                49M (1%)           49M (1%)           49M (1%)             -                  -          
[1.532s][info][gc,heap     ] GC(1) Allocated:         -                86M (2%)           92M (2%)          121M (3%)             -                  -          
[1.532s][info][gc,heap     ] GC(1)   Garbage:         -               374M (9%)          374M (9%)           34M (1%)             -                  -          
[1.532s][info][gc,heap     ] GC(1) Reclaimed:         -                  -                 0M (0%)          339M (8%)             -                  -          
[1.532s][info][gc          ] GC(1) Garbage Collection (Warmup) 424M(10%)->206M(5%)
[1.848s][info][gc,start    ] GC(2) Garbage Collection (Warmup)
[1.848s][info][gc,task     ] GC(2) Using 2 workers
[1.848s][info][gc,phases   ] GC(2) Pause Mark Start 0.015ms
[2.024s][info][gc,phases   ] GC(2) Concurrent Mark 175.482ms
[2.024s][info][gc,phases   ] GC(2) Pause Mark End 0.023ms
[2.024s][info][gc,phases   ] GC(2) Concurrent Mark Free 0.002ms
[2.026s][info][gc,phases   ] GC(2) Concurrent Process Non-Strong References 2.039ms
[2.026s][info][gc,phases   ] GC(2) Concurrent Reset Relocation Set 0.013ms
[2.028s][info][gc,phases   ] GC(2) Concurrent Select Relocation Set 2.328ms
[2.028s][info][gc,phases   ] GC(2) Pause Relocate Start 0.009ms
[2.049s][info][gc,phases   ] GC(2) Concurrent Relocate 20.913ms
[2.049s][info][gc,load     ] GC(2) Load: 0.00/0.00/0.00
[2.049s][info][gc,mmu      ] GC(2) MMU: 2ms/97.8%, 5ms/98.9%, 10ms/99.5%, 20ms/99.7%, 50ms/99.9%, 100ms/99.9%
[2.049s][info][gc,marking  ] GC(2) Mark: 2 stripe(s), 3 proactive flush(es), 1 terminate flush(es), 0 completion(s), 0 continuation(s) 
[2.049s][info][gc,marking  ] GC(2) Mark Stack Usage: 32M
[2.049s][info][gc,nmethod  ] GC(2) NMethods: 1647 registered, 0 unregistered
[2.049s][info][gc,metaspace] GC(2) Metaspace: 10M used, 10M committed, 1088M reserved
[2.049s][info][gc,ref      ] GC(2) Soft: 3479 encountered, 0 discovered, 0 enqueued
[2.049s][info][gc,ref      ] GC(2) Weak: 891 encountered, 43 discovered, 0 enqueued
[2.049s][info][gc,ref      ] GC(2) Final: 3 encountered, 0 discovered, 0 enqueued
[2.049s][info][gc,ref      ] GC(2) Phantom: 21 encountered, 17 discovered, 0 enqueued
[2.049s][info][gc,reloc    ] GC(2) Small Pages: 406 / 812M, Empty: 0M, Relocated: 92M, In-Place: 0
[2.049s][info][gc,reloc    ] GC(2) Medium Pages: 1 / 32M, Empty: 0M, Relocated: 0M, In-Place: 0
[2.049s][info][gc,reloc    ] GC(2) Large Pages: 0 / 0M, Empty: 0M, Relocated: 0M, In-Place: 0
[2.050s][info][gc,reloc    ] GC(2) Forwarding Usage: 0M
[2.050s][info][gc,heap     ] GC(2) Min Capacity: 4096M(100%)
[2.050s][info][gc,heap     ] GC(2) Max Capacity: 4096M(100%)
[2.050s][info][gc,heap     ] GC(2) Soft Max Capacity: 4096M(100%)
[2.050s][info][gc,heap     ] GC(2)                Mark Start          Mark End        Relocate Start      Relocate End           High               Low         
[2.050s][info][gc,heap     ] GC(2)  Capacity:     4096M (100%)       4096M (100%)       4096M (100%)       4096M (100%)       4096M (100%)       4096M (100%)   
[2.050s][info][gc,heap     ] GC(2)      Free:     3252M (79%)        3010M (73%)        3002M (73%)        3626M (89%)        3626M (89%)        2998M (73%)    
[2.050s][info][gc,heap     ] GC(2)      Used:      844M (21%)        1086M (27%)        1094M (27%)         470M (11%)        1098M (27%)         470M (11%)    
[2.050s][info][gc,heap     ] GC(2)      Live:         -               139M (3%)          139M (3%)          139M (3%)             -                  -          
[2.050s][info][gc,heap     ] GC(2) Allocated:         -               242M (6%)          250M (6%)          293M (7%)             -                  -          
[2.050s][info][gc,heap     ] GC(2)   Garbage:         -               704M (17%)         704M (17%)          36M (1%)             -                  -          
[2.050s][info][gc,heap     ] GC(2) Reclaimed:         -                  -                 0M (0%)          667M (16%)            -                  -          
[2.050s][info][gc          ] GC(2) Garbage Collection (Warmup) 844M(21%)->470M(11%)
[2.848s][info][gc,start    ] GC(3) Garbage Collection (Warmup)
[2.849s][info][gc,task     ] GC(3) Using 2 workers
[2.849s][info][gc,phases   ] GC(3) Pause Mark Start 0.008ms
[3.088s][info][gc,phases   ] GC(3) Concurrent Mark 239.336ms
[3.088s][info][gc,phases   ] GC(3) Pause Mark End 0.014ms
[3.088s][info][gc,phases   ] GC(3) Concurrent Mark Free 0.001ms
[3.091s][info][gc,phases   ] GC(3) Concurrent Process Non-Strong References 2.214ms
[3.091s][info][gc,phases   ] GC(3) Concurrent Reset Relocation Set 0.024ms
[3.092s][info][gc,phases   ] GC(3) Concurrent Select Relocation Set 1.655ms
[3.092s][info][gc,phases   ] GC(3) Pause Relocate Start 0.007ms
[3.105s][info][gc,phases   ] GC(3) Concurrent Relocate 12.715ms
[3.105s][info][gc,load     ] GC(3) Load: 0.00/0.00/0.00
[3.105s][info][gc,mmu      ] GC(3) MMU: 2ms/97.8%, 5ms/98.9%, 10ms/99.5%, 20ms/99.7%, 50ms/99.9%, 100ms/99.9%
[3.105s][info][gc,marking  ] GC(3) Mark: 2 stripe(s), 2 proactive flush(es), 1 terminate flush(es), 0 completion(s), 0 continuation(s) 
[3.105s][info][gc,marking  ] GC(3) Mark Stack Usage: 32M
[3.105s][info][gc,nmethod  ] GC(3) NMethods: 1971 registered, 0 unregistered
[3.105s][info][gc,metaspace] GC(3) Metaspace: 10M used, 11M committed, 1088M reserved
[3.105s][info][gc,ref      ] GC(3) Soft: 3498 encountered, 0 discovered, 0 enqueued
[3.105s][info][gc,ref      ] GC(3) Weak: 953 encountered, 101 discovered, 21 enqueued
[3.105s][info][gc,ref      ] GC(3) Final: 3 encountered, 0 discovered, 0 enqueued
[3.105s][info][gc,ref      ] GC(3) Phantom: 30 encountered, 22 discovered, 10 enqueued
[3.105s][info][gc,reloc    ] GC(3) Small Pages: 611 / 1222M, Empty: 750M, Relocated: 35M, In-Place: 0
[3.105s][info][gc,reloc    ] GC(3) Medium Pages: 1 / 32M, Empty: 0M, Relocated: 0M, In-Place: 0
[3.105s][info][gc,reloc    ] GC(3) Large Pages: 0 / 0M, Empty: 0M, Relocated: 0M, In-Place: 0
[3.105s][info][gc,reloc    ] GC(3) Forwarding Usage: 0M
[3.105s][info][gc,heap     ] GC(3) Min Capacity: 4096M(100%)
[3.106s][info][gc,heap     ] GC(3) Max Capacity: 4096M(100%)
[3.106s][info][gc,heap     ] GC(3) Soft Max Capacity: 4096M(100%)
[3.106s][info][gc,heap     ] GC(3)                Mark Start          Mark End        Relocate Start      Relocate End           High               Low         
[3.106s][info][gc,heap     ] GC(3)  Capacity:     4096M (100%)       4096M (100%)       4096M (100%)       4096M (100%)       4096M (100%)       4096M (100%)   
[3.106s][info][gc,heap     ] GC(3)      Free:     2842M (69%)        2636M (64%)        3384M (83%)        3662M (89%)        3662M (89%)        2634M (64%)    
[3.106s][info][gc,heap     ] GC(3)      Used:     1254M (31%)        1460M (36%)         712M (17%)         434M (11%)        1462M (36%)         434M (11%)    
[3.106s][info][gc,heap     ] GC(3)      Live:         -               175M (4%)          175M (4%)          175M (4%)             -                  -          
[3.106s][info][gc,heap     ] GC(3) Allocated:         -               206M (5%)          208M (5%)          219M (5%)             -                  -          
[3.106s][info][gc,heap     ] GC(3)   Garbage:         -              1078M (26%)         328M (8%)           38M (1%)             -                  -          
[3.106s][info][gc,heap     ] GC(3) Reclaimed:         -                  -               750M (18%)        1039M (25%)            -                  -          
[3.106s][info][gc          ] GC(3) Garbage Collection (Warmup) 1254M(31%)->434M(11%)
[5.760s][info][gc,start    ] GC(4) Garbage Collection (Allocation Rate)
[5.760s][info][gc,task     ] GC(4) Using 1 workers
[5.760s][info][gc,phases   ] GC(4) Pause Mark Start 0.009ms
[6.069s][info][gc,phases   ] GC(4) Concurrent Mark 308.974ms
[6.069s][info][gc,phases   ] GC(4) Pause Mark End 0.012ms
[6.069s][info][gc,phases   ] GC(4) Concurrent Mark Free 0.001ms
[6.073s][info][gc,phases   ] GC(4) Concurrent Process Non-Strong References 3.094ms
[6.073s][info][gc,phases   ] GC(4) Concurrent Reset Relocation Set 0.008ms
[6.074s][info][gc,phases   ] GC(4) Concurrent Select Relocation Set 1.571ms
[6.074s][info][gc,phases   ] GC(4) Pause Relocate Start 0.010ms
[6.075s][info][gc,phases   ] GC(4) Concurrent Relocate 0.301ms
[6.075s][info][gc,load     ] GC(4) Load: 0.00/0.00/0.00
[6.075s][info][gc,mmu      ] GC(4) MMU: 2ms/97.8%, 5ms/98.9%, 10ms/99.5%, 20ms/99.7%, 50ms/99.9%, 100ms/99.9%
[6.075s][info][gc,marking  ] GC(4) Mark: 1 stripe(s), 2 proactive flush(es), 1 terminate flush(es), 0 completion(s), 0 continuation(s) 
[6.075s][info][gc,marking  ] GC(4) Mark Stack Usage: 32M
[6.075s][info][gc,nmethod  ] GC(4) NMethods: 2028 registered, 0 unregistered
[6.075s][info][gc,metaspace] GC(4) Metaspace: 10M used, 11M committed, 1088M reserved
[6.075s][info][gc,ref      ] GC(4) Soft: 3498 encountered, 0 discovered, 0 enqueued
[6.075s][info][gc,ref      ] GC(4) Weak: 932 encountered, 57 discovered, 0 enqueued
[6.075s][info][gc,ref      ] GC(4) Final: 3 encountered, 0 discovered, 0 enqueued
[6.075s][info][gc,ref      ] GC(4) Phantom: 20 encountered, 13 discovered, 0 enqueued
[6.075s][info][gc,reloc    ] GC(4) Small Pages: 1582 / 3164M, Empty: 2972M, Relocated: 0M, In-Place: 0
[6.075s][info][gc,reloc    ] GC(4) Medium Pages: 1 / 32M, Empty: 0M, Relocated: 0M, In-Place: 0
[6.075s][info][gc,reloc    ] GC(4) Large Pages: 0 / 0M, Empty: 0M, Relocated: 0M, In-Place: 0
[6.075s][info][gc,reloc    ] GC(4) Forwarding Usage: 0M
[6.075s][info][gc,heap     ] GC(4) Min Capacity: 4096M(100%)
[6.075s][info][gc,heap     ] GC(4) Max Capacity: 4096M(100%)
[6.075s][info][gc,heap     ] GC(4) Soft Max Capacity: 4096M(100%)
[6.075s][info][gc,heap     ] GC(4)                Mark Start          Mark End        Relocate Start      Relocate End           High               Low         
[6.075s][info][gc,heap     ] GC(4)  Capacity:     4096M (100%)       4096M (100%)       4096M (100%)       4096M (100%)       4096M (100%)       4096M (100%)   
[6.075s][info][gc,heap     ] GC(4)      Free:      900M (22%)         612M (15%)        3578M (87%)        3590M (88%)        3590M (88%)         608M (15%)    
[6.075s][info][gc,heap     ] GC(4)      Used:     3196M (78%)        3484M (85%)         518M (13%)         506M (12%)        3488M (85%)         506M (12%)    
[6.075s][info][gc,heap     ] GC(4)      Live:         -               175M (4%)          175M (4%)          175M (4%)             -                  -          
[6.075s][info][gc,heap     ] GC(4) Allocated:         -               288M (7%)          294M (7%)          293M (7%)             -                  -          
[6.075s][info][gc,heap     ] GC(4)   Garbage:         -              3020M (74%)          48M (1%)           36M (1%)             -                  -          
[6.075s][info][gc,heap     ] GC(4) Reclaimed:         -                  -              2972M (73%)        2983M (73%)            -                  -          
[6.075s][info][gc          ] GC(4) Garbage Collection (Allocation Rate) 3196M(78%)->506M(12%)
[7.961s][info][gc,start    ] GC(5) Garbage Collection (Allocation Rate)
[7.961s][info][gc,task     ] GC(5) Using 1 workers
[7.961s][info][gc,phases   ] GC(5) Pause Mark Start 0.008ms
[8.310s][info][gc,phases   ] GC(5) Concurrent Mark 348.596ms
[8.310s][info][gc,phases   ] GC(5) Pause Mark End 0.013ms
[8.310s][info][gc,phases   ] GC(5) Concurrent Mark Free 0.001ms
[8.313s][info][gc,phases   ] GC(5) Concurrent Process Non-Strong References 3.211ms
[8.313s][info][gc,phases   ] GC(5) Concurrent Reset Relocation Set 0.002ms
[8.315s][info][gc,phases   ] GC(5) Concurrent Select Relocation Set 1.822ms
[8.315s][info][gc,phases   ] GC(5) Pause Relocate Start 0.010ms
[8.316s][info][gc,phases   ] GC(5) Concurrent Relocate 0.498ms
[8.316s][info][gc,load     ] GC(5) Load: 0.00/0.00/0.00
[8.316s][info][gc,mmu      ] GC(5) MMU: 2ms/97.8%, 5ms/98.9%, 10ms/99.5%, 20ms/99.7%, 50ms/99.9%, 100ms/99.9%
[8.316s][info][gc,marking  ] GC(5) Mark: 1 stripe(s), 2 proactive flush(es), 1 terminate flush(es), 0 completion(s), 0 continuation(s) 
[8.316s][info][gc,marking  ] GC(5) Mark Stack Usage: 32M
[8.316s][info][gc,nmethod  ] GC(5) NMethods: 2043 registered, 0 unregistered
[8.316s][info][gc,metaspace] GC(5) Metaspace: 10M used, 11M committed, 1088M reserved
[8.316s][info][gc,ref      ] GC(5) Soft: 3498 encountered, 0 discovered, 0 enqueued
[8.316s][info][gc,ref      ] GC(5) Weak: 932 encountered, 57 discovered, 0 enqueued
[8.316s][info][gc,ref      ] GC(5) Final: 3 encountered, 0 discovered, 0 enqueued
[8.316s][info][gc,ref      ] GC(5) Phantom: 20 encountered, 13 discovered, 0 enqueued
[8.316s][info][gc,reloc    ] GC(5) Small Pages: 1465 / 2930M, Empty: 2742M, Relocated: 0M, In-Place: 0
[8.316s][info][gc,reloc    ] GC(5) Medium Pages: 1 / 32M, Empty: 0M, Relocated: 0M, In-Place: 0
[8.316s][info][gc,reloc    ] GC(5) Large Pages: 0 / 0M, Empty: 0M, Relocated: 0M, In-Place: 0
[8.316s][info][gc,reloc    ] GC(5) Forwarding Usage: 0M
[8.316s][info][gc,heap     ] GC(5) Min Capacity: 4096M(100%)
[8.316s][info][gc,heap     ] GC(5) Max Capacity: 4096M(100%)
[8.316s][info][gc,heap     ] GC(5) Soft Max Capacity: 4096M(100%)
[8.316s][info][gc,heap     ] GC(5)                Mark Start          Mark End        Relocate Start      Relocate End           High               Low         
[8.316s][info][gc,heap     ] GC(5)  Capacity:     4096M (100%)       4096M (100%)       4096M (100%)       4096M (100%)       4096M (100%)       4096M (100%)   
[8.316s][info][gc,heap     ] GC(5)      Free:     1134M (28%)         752M (18%)        3490M (85%)        3498M (85%)        3498M (85%)         750M (18%)    
[8.316s][info][gc,heap     ] GC(5)      Used:     2962M (72%)        3344M (82%)         606M (15%)         598M (15%)        3346M (82%)         598M (15%)    
[8.316s][info][gc,heap     ] GC(5)      Live:         -               175M (4%)          175M (4%)          175M (4%)             -                  -          
[8.316s][info][gc,heap     ] GC(5) Allocated:         -               382M (9%)          386M (9%)          385M (9%)             -                  -          
[8.316s][info][gc,heap     ] GC(5)   Garbage:         -              2786M (68%)          44M (1%)           36M (1%)             -                  -          
[8.316s][info][gc,heap     ] GC(5) Reclaimed:         -                  -              2742M (67%)        2749M (67%)            -                  -          
[8.316s][info][gc          ] GC(5) Garbage Collection (Allocation Rate) 2962M(72%)->598M(15%)
[10.154s][info][gc,stats    ] === Garbage Collection Statistics =======================================================================================================================
[10.154s][info][gc,stats    ]                                                              Last 10s              Last 10m              Last 10h                Total
[10.154s][info][gc,stats    ]                                                              Avg / Max             Avg / Max             Avg / Max             Avg / Max
[10.154s][info][gc,stats    ]   Collector: Garbage Collection Cycle                    204.934 / 355.020     204.934 / 355.020     204.934 / 355.020     204.934 / 355.020     ms
[10.154s][info][gc,stats    ]  Contention: Mark Segment Reset Contention                     0 / 2                 0 / 2                 0 / 2                 0 / 2           ops/s
[10.154s][info][gc,stats    ]  Contention: Mark SeqNum Reset Contention                      0 / 2                 0 / 2                 0 / 2                 0 / 2           ops/s
[10.154s][info][gc,stats    ]    Critical: Allocation Stall                                  0 / 0                 0 / 0                 0 / 0                 0 / 0           ops/s
[10.154s][info][gc,stats    ]    Critical: Allocation Stall                              0.000 / 0.000         0.000 / 0.000         0.000 / 0.000         0.000 / 0.000       ms
[10.155s][info][gc,stats    ]    Critical: GC Locker Stall                                   0 / 0                 0 / 0                 0 / 0                 0 / 0           ops/s
[10.155s][info][gc,stats    ]    Critical: GC Locker Stall                               0.000 / 0.000         0.000 / 0.000         0.000 / 0.000         0.000 / 0.000       ms
[10.155s][info][gc,stats    ]    Critical: Relocation Stall                                  0 / 0                 0 / 0                 0 / 0                 0 / 0           ops/s
[10.155s][info][gc,stats    ]    Critical: Relocation Stall                              0.000 / 0.000         0.000 / 0.000         0.000 / 0.000         0.000 / 0.000       ms
[10.155s][info][gc,stats    ]      Memory: Allocation Rate                                1080 / 1452           1080 / 1452           1080 / 1452           1080 / 1452        MB/s
[10.155s][info][gc,stats    ]      Memory: Out Of Memory                                     0 / 0                 0 / 0                 0 / 0                 0 / 0           ops/s
[10.155s][info][gc,stats    ]      Memory: Page Cache Flush                                  0 / 0                 0 / 0                 0 / 0                 0 / 0           MB/s
[10.155s][info][gc,stats    ]      Memory: Page Cache Hit L1                               375 / 685             375 / 685             375 / 685             375 / 685         ops/s
[10.155s][info][gc,stats    ]      Memory: Page Cache Hit L2                                 0 / 0                 0 / 0                 0 / 0                 0 / 0           ops/s
[10.155s][info][gc,stats    ]      Memory: Page Cache Hit L3                               172 / 520             172 / 520             172 / 520             172 / 520         ops/s
[10.155s][info][gc,stats    ]      Memory: Page Cache Miss                                   0 / 1                 0 / 1                 0 / 1                 0 / 1           ops/s
[10.155s][info][gc,stats    ]      Memory: Uncommit                                          0 / 0                 0 / 0                 0 / 0                 0 / 0           MB/s
[10.155s][info][gc,stats    ]      Memory: Undo Object Allocation Failed                     0 / 0                 0 / 0                 0 / 0                 0 / 0           ops/s
[10.155s][info][gc,stats    ]      Memory: Undo Object Allocation Succeeded                  0 / 0                 0 / 0                 0 / 0                 0 / 0           ops/s
[10.155s][info][gc,stats    ]      Memory: Undo Page Allocation                              0 / 0                 0 / 0                 0 / 0                 0 / 0           ops/s
[10.155s][info][gc,stats    ]       Phase: Concurrent Mark                             191.496 / 348.596     191.496 / 348.596     191.496 / 348.596     191.496 / 348.596     ms
[10.155s][info][gc,stats    ]       Phase: Concurrent Mark Continue                      0.000 / 0.000         0.000 / 0.000         0.000 / 0.000         0.000 / 0.000       ms
[10.155s][info][gc,stats    ]       Phase: Concurrent Mark Free                          0.001 / 0.002         0.001 / 0.002         0.001 / 0.002         0.001 / 0.002       ms
[10.155s][info][gc,stats    ]       Phase: Concurrent Process Non-Strong References      2.225 / 3.211         2.225 / 3.211         2.225 / 3.211         2.225 / 3.211       ms
[10.155s][info][gc,stats    ]       Phase: Concurrent Relocate                           8.202 / 20.913        8.202 / 20.913        8.202 / 20.913        8.202 / 20.913      ms
[10.155s][info][gc,stats    ]       Phase: Concurrent Reset Relocation Set               0.009 / 0.024         0.009 / 0.024         0.009 / 0.024         0.009 / 0.024       ms
[10.155s][info][gc,stats    ]       Phase: Concurrent Select Relocation Set              2.109 / 3.214         2.109 / 3.214         2.109 / 3.214         2.109 / 3.214       ms
[10.155s][info][gc,stats    ]       Phase: Pause Mark End                                0.021 / 0.044         0.021 / 0.044         0.021 / 0.044         0.021 / 0.044       ms
[10.155s][info][gc,stats    ]       Phase: Pause Mark Start                              0.009 / 0.015         0.009 / 0.015         0.009 / 0.015         0.009 / 0.015       ms
[10.155s][info][gc,stats    ]       Phase: Pause Relocate Start                          0.009 / 0.010         0.009 / 0.010         0.009 / 0.010         0.009 / 0.010       ms
[10.155s][info][gc,stats    ]    Subphase: Concurrent Classes Purge                      0.096 / 0.152         0.096 / 0.152         0.096 / 0.152         0.096 / 0.152       ms
[10.155s][info][gc,stats    ]    Subphase: Concurrent Classes Unlink                     1.625 / 2.661         1.625 / 2.661         1.625 / 2.661         1.625 / 2.661       ms
[10.155s][info][gc,stats    ]    Subphase: Concurrent Mark                             158.608 / 348.053     158.608 / 348.053     158.608 / 348.053     158.608 / 348.053     ms
[10.155s][info][gc,stats    ]    Subphase: Concurrent Mark Try Flush                     0.095 / 0.353         0.095 / 0.353         0.095 / 0.353         0.095 / 0.353       ms
[10.155s][info][gc,stats    ]    Subphase: Concurrent Mark Try Terminate                 6.305 / 17.184        6.305 / 17.184        6.305 / 17.184        6.305 / 17.184      ms
[10.155s][info][gc,stats    ]    Subphase: Concurrent References Enqueue                 0.003 / 0.006         0.003 / 0.006         0.003 / 0.006         0.003 / 0.006       ms
[10.155s][info][gc,stats    ]    Subphase: Concurrent References Process                 0.076 / 0.138         0.076 / 0.138         0.076 / 0.138         0.076 / 0.138       ms
[10.155s][info][gc,stats    ]    Subphase: Concurrent Roots ClassLoaderDataGraph         0.167 / 0.651         0.167 / 0.651         0.167 / 0.651         0.167 / 0.651       ms
[10.155s][info][gc,stats    ]    Subphase: Concurrent Roots CodeCache                    0.000 / 0.000         0.000 / 0.000         0.000 / 0.000         0.000 / 0.000       ms
[10.155s][info][gc,stats    ]    Subphase: Concurrent Roots JavaThreads                  0.352 / 0.672         0.352 / 0.672         0.352 / 0.672         0.352 / 0.672       ms
[10.155s][info][gc,stats    ]    Subphase: Concurrent Roots OopStorageSet                0.053 / 0.104         0.053 / 0.104         0.053 / 0.104         0.053 / 0.104       ms
[10.155s][info][gc,stats    ]    Subphase: Concurrent Weak Roots OopStorageSet           0.300 / 0.588         0.300 / 0.588         0.300 / 0.588         0.300 / 0.588       ms
[10.155s][info][gc,stats    ]    Subphase: Pause Mark Try Complete                       0.000 / 0.000         0.000 / 0.000         0.000 / 0.000         0.000 / 0.000       ms
[10.155s][info][gc,stats    ]      System: Java Threads                                     12 / 12               12 / 12               12 / 12               12 / 12          threads
[10.155s][info][gc,stats    ] =========================================================================================================================================================
[10.250s][info][gc,start    ] GC(6) Garbage Collection (Allocation Rate)
[10.250s][info][gc,task     ] GC(6) Using 1 workers
[10.250s][info][gc,phases   ] GC(6) Pause Mark Start 0.012ms
[10.519s][info][gc,phases   ] GC(6) Concurrent Mark 268.631ms
[10.519s][info][gc,phases   ] GC(6) Pause Mark End 0.011ms
[10.519s][info][gc,phases   ] GC(6) Concurrent Mark Free 0.001ms
[10.524s][info][gc,phases   ] GC(6) Concurrent Process Non-Strong References 4.199ms
[10.524s][info][gc,phases   ] GC(6) Concurrent Reset Relocation Set 0.002ms
[10.526s][info][gc,phases   ] GC(6) Concurrent Select Relocation Set 1.994ms
[10.526s][info][gc,phases   ] GC(6) Pause Relocate Start 0.010ms
[10.527s][info][gc,phases   ] GC(6) Concurrent Relocate 0.657ms
[10.527s][info][gc,load     ] GC(6) Load: 0.00/0.00/0.00
[10.527s][info][gc,mmu      ] GC(6) MMU: 2ms/97.8%, 5ms/98.9%, 10ms/99.5%, 20ms/99.7%, 50ms/99.9%, 100ms/99.9%
[10.527s][info][gc,marking  ] GC(6) Mark: 1 stripe(s), 2 proactive flush(es), 1 terminate flush(es), 0 completion(s), 0 continuation(s) 
[10.527s][info][gc,marking  ] GC(6) Mark Stack Usage: 32M
[10.527s][info][gc,nmethod  ] GC(6) NMethods: 2101 registered, 0 unregistered
[10.527s][info][gc,metaspace] GC(6) Metaspace: 11M used, 11M committed, 1088M reserved
[10.527s][info][gc,ref      ] GC(6) Soft: 3498 encountered, 0 discovered, 0 enqueued
[10.527s][info][gc,ref      ] GC(6) Weak: 932 encountered, 58 discovered, 0 enqueued
[10.527s][info][gc,ref      ] GC(6) Final: 3 encountered, 0 discovered, 0 enqueued
[10.527s][info][gc,ref      ] GC(6) Phantom: 20 encountered, 13 discovered, 0 enqueued
[10.527s][info][gc,reloc    ] GC(6) Small Pages: 1559 / 3118M, Empty: 2928M, Relocated: 0M, In-Place: 0
[10.527s][info][gc,reloc    ] GC(6) Medium Pages: 1 / 32M, Empty: 0M, Relocated: 0M, In-Place: 0
[10.527s][info][gc,reloc    ] GC(6) Large Pages: 0 / 0M, Empty: 0M, Relocated: 0M, In-Place: 0
[10.527s][info][gc,reloc    ] GC(6) Forwarding Usage: 0M
[10.527s][info][gc,heap     ] GC(6) Min Capacity: 4096M(100%)
[10.527s][info][gc,heap     ] GC(6) Max Capacity: 4096M(100%)
[10.527s][info][gc,heap     ] GC(6) Soft Max Capacity: 4096M(100%)
[10.527s][info][gc,heap     ] GC(6)                Mark Start          Mark End        Relocate Start      Relocate End           High               Low         
[10.527s][info][gc,heap     ] GC(6)  Capacity:     4096M (100%)       4096M (100%)       4096M (100%)       4096M (100%)       4096M (100%)       4096M (100%)   
[10.527s][info][gc,heap     ] GC(6)      Free:      946M (23%)         930M (23%)        3858M (94%)        3868M (94%)        3868M (94%)         930M (23%)    
[10.527s][info][gc,heap     ] GC(6)      Used:     3150M (77%)        3166M (77%)         238M (6%)          228M (6%)         3166M (77%)         228M (6%)     
[10.527s][info][gc,heap     ] GC(6)      Live:         -               175M (4%)          175M (4%)          175M (4%)             -                  -          
[10.527s][info][gc,heap     ] GC(6) Allocated:         -                16M (0%)           16M (0%)           16M (0%)             -                  -          
[10.527s][info][gc,heap     ] GC(6)   Garbage:         -              2974M (73%)          46M (1%)           36M (1%)             -                  -          
[10.527s][info][gc,heap     ] GC(6) Reclaimed:         -                  -              2928M (71%)        2938M (72%)            -                  -          
[10.527s][info][gc          ] GC(6) Garbage Collection (Allocation Rate) 3150M(77%)->228M(6%)
[10.527s][info][gc,start    ] GC(7) Garbage Collection (System.gc())
[10.527s][info][gc,task     ] GC(7) Using 2 workers
[10.527s][info][gc,phases   ] GC(7) Pause Mark Start 0.004ms
[10.535s][info][gc,phases   ] GC(7) Concurrent Mark 7.955ms
[10.535s][info][gc,phases   ] GC(7) Pause Mark End 0.012ms
[10.535s][info][gc,phases   ] GC(7) Concurrent Mark Free 0.019ms
[10.537s][info][gc,phases   ] GC(7) Concurrent Process Non-Strong References 1.962ms
[10.537s][info][gc,phases   ] GC(7) Concurrent Reset Relocation Set 0.001ms
[10.539s][info][gc,phases   ] GC(7) Concurrent Select Relocation Set 1.377ms
[10.539s][info][gc,phases   ] GC(7) Pause Relocate Start 0.010ms
[10.539s][info][gc,phases   ] GC(7) Concurrent Relocate 0.524ms
[10.539s][info][gc,load     ] GC(7) Load: 0.00/0.00/0.00
[10.539s][info][gc,mmu      ] GC(7) MMU: 2ms/97.8%, 5ms/98.9%, 10ms/99.5%, 20ms/99.7%, 50ms/99.9%, 100ms/99.9%
[10.539s][info][gc,marking  ] GC(7) Mark: 2 stripe(s), 1 proactive flush(es), 1 terminate flush(es), 0 completion(s), 0 continuation(s) 
[10.540s][info][gc,marking  ] GC(7) Mark Stack Usage: 32M
[10.540s][info][gc,nmethod  ] GC(7) NMethods: 2101 registered, 0 unregistered
[10.540s][info][gc,metaspace] GC(7) Metaspace: 11M used, 11M committed, 1088M reserved
[10.540s][info][gc,ref      ] GC(7) Soft: 3499 encountered, 0 discovered, 0 enqueued
[10.540s][info][gc,ref      ] GC(7) Weak: 934 encountered, 401 discovered, 1 enqueued
[10.540s][info][gc,ref      ] GC(7) Final: 3 encountered, 0 discovered, 0 enqueued
[10.540s][info][gc,ref      ] GC(7) Phantom: 17 encountered, 9 discovered, 0 enqueued
[10.540s][info][gc,reloc    ] GC(7) Small Pages: 98 / 196M, Empty: 164M, Relocated: 1M, In-Place: 0
[10.540s][info][gc,reloc    ] GC(7) Medium Pages: 1 / 32M, Empty: 0M, Relocated: 0M, In-Place: 0
[10.540s][info][gc,reloc    ] GC(7) Large Pages: 0 / 0M, Empty: 0M, Relocated: 0M, In-Place: 0
[10.540s][info][gc,reloc    ] GC(7) Forwarding Usage: 0M
[10.540s][info][gc,heap     ] GC(7) Min Capacity: 4096M(100%)
[10.540s][info][gc,heap     ] GC(7) Max Capacity: 4096M(100%)
[10.540s][info][gc,heap     ] GC(7) Soft Max Capacity: 4096M(100%)
[10.540s][info][gc,heap     ] GC(7)                Mark Start          Mark End        Relocate Start      Relocate End           High               Low         
[10.540s][info][gc,heap     ] GC(7)  Capacity:     4096M (100%)       4096M (100%)       4096M (100%)       4096M (100%)       4096M (100%)       4096M (100%)   
[10.540s][info][gc,heap     ] GC(7)      Free:     3868M (94%)        3868M (94%)        4032M (98%)        4054M (99%)        4054M (99%)        3868M (94%)    
[10.540s][info][gc,heap     ] GC(7)      Used:      228M (6%)          228M (6%)           64M (2%)           42M (1%)          228M (6%)           42M (1%)     
[10.540s][info][gc,heap     ] GC(7)      Live:         -                 6M (0%)            6M (0%)            6M (0%)             -                  -          
[10.540s][info][gc,heap     ] GC(7) Allocated:         -                 0M (0%)            0M (0%)            0M (0%)             -                  -          
[10.540s][info][gc,heap     ] GC(7)   Garbage:         -               221M (5%)           57M (1%)           35M (1%)             -                  -          
[10.540s][info][gc,heap     ] GC(7) Reclaimed:         -                  -               164M (4%)          186M (5%)             -                  -          
[10.540s][info][gc          ] GC(7) Garbage Collection (System.gc()) 228M(6%)->42M(1%)
[12.157s][info][gc,start    ] GC(8) Garbage Collection (Allocation Rate)
[12.157s][info][gc,task     ] GC(8) Using 2 workers
[12.157s][info][gc,phases   ] GC(8) Pause Mark Start 0.010ms
[12.316s][info][gc,phases   ] GC(8) Concurrent Mark 158.340ms
[12.316s][info][gc,phases   ] GC(8) Pause Mark End 0.022ms
[12.316s][info][gc,phases   ] GC(8) Concurrent Mark Free 0.001ms
[12.318s][info][gc,phases   ] GC(8) Concurrent Process Non-Strong References 2.484ms
[12.318s][info][gc,phases   ] GC(8) Concurrent Reset Relocation Set 0.003ms
[12.321s][info][gc,phases   ] GC(8) Concurrent Select Relocation Set 2.610ms
[12.321s][info][gc,phases   ] GC(8) Pause Relocate Start 0.010ms
[12.350s][info][gc,phases   ] GC(8) Concurrent Relocate 28.198ms
[12.350s][info][gc,load     ] GC(8) Load: 0.00/0.00/0.00
[12.350s][info][gc,mmu      ] GC(8) MMU: 2ms/97.8%, 5ms/98.9%, 10ms/99.5%, 20ms/99.7%, 50ms/99.9%, 100ms/99.9%
[12.350s][info][gc,marking  ] GC(8) Mark: 2 stripe(s), 4 proactive flush(es), 1 terminate flush(es), 0 completion(s), 0 continuation(s) 
[12.350s][info][gc,marking  ] GC(8) Mark Stack Usage: 32M
[12.350s][info][gc,nmethod  ] GC(8) NMethods: 2128 registered, 0 unregistered
[12.350s][info][gc,metaspace] GC(8) Metaspace: 11M used, 11M committed, 1088M reserved
[12.350s][info][gc,ref      ] GC(8) Soft: 3499 encountered, 0 discovered, 0 enqueued
[12.350s][info][gc,ref      ] GC(8) Weak: 933 encountered, 216 discovered, 0 enqueued
[12.350s][info][gc,ref      ] GC(8) Final: 3 encountered, 0 discovered, 0 enqueued
[12.350s][info][gc,ref      ] GC(8) Phantom: 20 encountered, 14 discovered, 0 enqueued
[12.350s][info][gc,reloc    ] GC(8) Small Pages: 1540 / 3080M, Empty: 1646M, Relocated: 171M, In-Place: 0
[12.350s][info][gc,reloc    ] GC(8) Medium Pages: 1 / 32M, Empty: 0M, Relocated: 0M, In-Place: 0
[12.350s][info][gc,reloc    ] GC(8) Large Pages: 0 / 0M, Empty: 0M, Relocated: 0M, In-Place: 0
[12.350s][info][gc,reloc    ] GC(8) Forwarding Usage: 1M
[12.350s][info][gc,heap     ] GC(8) Min Capacity: 4096M(100%)
[12.350s][info][gc,heap     ] GC(8) Max Capacity: 4096M(100%)
[12.350s][info][gc,heap     ] GC(8) Soft Max Capacity: 4096M(100%)
[12.350s][info][gc,heap     ] GC(8)                Mark Start          Mark End        Relocate Start      Relocate End           High               Low         
[12.350s][info][gc,heap     ] GC(8)  Capacity:     4096M (100%)       4096M (100%)       4096M (100%)       4096M (100%)       4096M (100%)       4096M (100%)   
[12.350s][info][gc,heap     ] GC(8)      Free:      984M (24%)         816M (20%)        2456M (60%)        3676M (90%)        3676M (90%)         814M (20%)    
[12.350s][info][gc,heap     ] GC(8)      Used:     3112M (76%)        3280M (80%)        1640M (40%)         420M (10%)        3282M (80%)         420M (10%)    
[12.350s][info][gc,heap     ] GC(8)      Live:         -               175M (4%)          175M (4%)          175M (4%)             -                  -          
[12.350s][info][gc,heap     ] GC(8) Allocated:         -               168M (4%)          174M (4%)          207M (5%)             -                  -          
[12.350s][info][gc,heap     ] GC(8)   Garbage:         -              2936M (72%)        1290M (32%)          37M (1%)             -                  -          
[12.350s][info][gc,heap     ] GC(8) Reclaimed:         -                  -              1646M (40%)        2899M (71%)            -                  -          
[12.350s][info][gc          ] GC(8) Garbage Collection (Allocation Rate) 3112M(76%)->420M(10%)
[14.057s][info][gc,start    ] GC(9) Garbage Collection (Allocation Rate)
[14.057s][info][gc,task     ] GC(9) Using 1 workers
[14.058s][info][gc,phases   ] GC(9) Pause Mark Start 0.012ms
[14.389s][info][gc,phases   ] GC(9) Concurrent Mark 331.749ms
[14.390s][info][gc,phases   ] GC(9) Pause Mark End 0.013ms
[14.390s][info][gc,phases   ] GC(9) Concurrent Mark Free 0.001ms
[14.394s][info][gc,phases   ] GC(9) Concurrent Process Non-Strong References 4.111ms
[14.394s][info][gc,phases   ] GC(9) Concurrent Reset Relocation Set 0.025ms
[14.396s][info][gc,phases   ] GC(9) Concurrent Select Relocation Set 1.736ms
[14.396s][info][gc,phases   ] GC(9) Pause Relocate Start 0.012ms
[14.396s][info][gc,phases   ] GC(9) Concurrent Relocate 0.463ms
[14.396s][info][gc,load     ] GC(9) Load: 0.00/0.00/0.00
[14.396s][info][gc,mmu      ] GC(9) MMU: 2ms/97.8%, 5ms/98.9%, 10ms/99.5%, 20ms/99.7%, 50ms/99.9%, 100ms/99.9%
[14.396s][info][gc,marking  ] GC(9) Mark: 1 stripe(s), 2 proactive flush(es), 1 terminate flush(es), 0 completion(s), 0 continuation(s) 
[14.396s][info][gc,marking  ] GC(9) Mark Stack Usage: 32M
[14.396s][info][gc,nmethod  ] GC(9) NMethods: 2132 registered, 0 unregistered
[14.396s][info][gc,metaspace] GC(9) Metaspace: 11M used, 11M committed, 1088M reserved
[14.396s][info][gc,ref      ] GC(9) Soft: 3499 encountered, 0 discovered, 0 enqueued
[14.396s][info][gc,ref      ] GC(9) Weak: 933 encountered, 57 discovered, 0 enqueued
[14.396s][info][gc,ref      ] GC(9) Final: 3 encountered, 0 discovered, 0 enqueued
[14.396s][info][gc,ref      ] GC(9) Phantom: 20 encountered, 13 discovered, 0 enqueued
[14.396s][info][gc,reloc    ] GC(9) Small Pages: 1376 / 2752M, Empty: 2550M, Relocated: 1M, In-Place: 0
[14.396s][info][gc,reloc    ] GC(9) Medium Pages: 1 / 32M, Empty: 0M, Relocated: 0M, In-Place: 0
[14.396s][info][gc,reloc    ] GC(9) Large Pages: 0 / 0M, Empty: 0M, Relocated: 0M, In-Place: 0
[14.396s][info][gc,reloc    ] GC(9) Forwarding Usage: 0M
[14.396s][info][gc,heap     ] GC(9) Min Capacity: 4096M(100%)
[14.396s][info][gc,heap     ] GC(9) Max Capacity: 4096M(100%)
[14.396s][info][gc,heap     ] GC(9) Soft Max Capacity: 4096M(100%)
[14.396s][info][gc,heap     ] GC(9)                Mark Start          Mark End        Relocate Start      Relocate End           High               Low         
[14.396s][info][gc,heap     ] GC(9)  Capacity:     4096M (100%)       4096M (100%)       4096M (100%)       4096M (100%)       4096M (100%)       4096M (100%)   
[14.396s][info][gc,heap     ] GC(9)      Free:     1312M (32%)         914M (22%)        3456M (84%)        3478M (85%)        3478M (85%)         908M (22%)    
[14.396s][info][gc,heap     ] GC(9)      Used:     2784M (68%)        3182M (78%)         640M (16%)         618M (15%)        3188M (78%)         618M (15%)    
[14.396s][info][gc,heap     ] GC(9)      Live:         -               175M (4%)          175M (4%)          175M (4%)             -                  -          
[14.396s][info][gc,heap     ] GC(9) Allocated:         -               398M (10%)         406M (10%)         405M (10%)            -                  -          
[14.396s][info][gc,heap     ] GC(9)   Garbage:         -              2608M (64%)          58M (1%)           36M (1%)             -                  -          
[14.396s][info][gc,heap     ] GC(9) Reclaimed:         -                  -              2550M (62%)        2571M (63%)            -                  -          
[14.396s][info][gc          ] GC(9) Garbage Collection (Allocation Rate) 2784M(68%)->618M(15%)
[16.252s][info][gc,start    ] GC(10) Garbage Collection (Allocation Rate)
[16.252s][info][gc,task     ] GC(10) Using 1 workers
[16.252s][info][gc,phases   ] GC(10) Pause Mark Start 0.011ms
[16.576s][info][gc,phases   ] GC(10) Concurrent Mark 323.514ms
[16.576s][info][gc,phases   ] GC(10) Pause Mark End 0.013ms
[16.576s][info][gc,phases   ] GC(10) Concurrent Mark Free 0.002ms
[16.580s][info][gc,phases   ] GC(10) Concurrent Process Non-Strong References 3.984ms
[16.580s][info][gc,phases   ] GC(10) Concurrent Reset Relocation Set 0.002ms
[16.582s][info][gc,phases   ] GC(10) Concurrent Select Relocation Set 2.148ms
[16.583s][info][gc,phases   ] GC(10) Pause Relocate Start 0.008ms
[16.584s][info][gc,phases   ] GC(10) Concurrent Relocate 0.947ms
[16.584s][info][gc,load     ] GC(10) Load: 0.00/0.00/0.00
[16.584s][info][gc,mmu      ] GC(10) MMU: 2ms/97.8%, 5ms/98.9%, 10ms/99.5%, 20ms/99.7%, 50ms/99.9%, 100ms/99.9%
[16.584s][info][gc,marking  ] GC(10) Mark: 1 stripe(s), 2 proactive flush(es), 1 terminate flush(es), 0 completion(s), 0 continuation(s) 
[16.584s][info][gc,marking  ] GC(10) Mark Stack Usage: 32M
[16.584s][info][gc,nmethod  ] GC(10) NMethods: 2135 registered, 0 unregistered
[16.584s][info][gc,metaspace] GC(10) Metaspace: 11M used, 11M committed, 1088M reserved
[16.584s][info][gc,ref      ] GC(10) Soft: 3499 encountered, 0 discovered, 0 enqueued
[16.584s][info][gc,ref      ] GC(10) Weak: 933 encountered, 57 discovered, 0 enqueued
[16.584s][info][gc,ref      ] GC(10) Final: 3 encountered, 0 discovered, 0 enqueued
[16.584s][info][gc,ref      ] GC(10) Phantom: 20 encountered, 13 discovered, 0 enqueued
[16.584s][info][gc,reloc    ] GC(10) Small Pages: 1572 / 3144M, Empty: 2956M, Relocated: 1M, In-Place: 0
[16.584s][info][gc,reloc    ] GC(10) Medium Pages: 1 / 32M, Empty: 0M, Relocated: 0M, In-Place: 0
[16.584s][info][gc,reloc    ] GC(10) Large Pages: 0 / 0M, Empty: 0M, Relocated: 0M, In-Place: 0
[16.584s][info][gc,reloc    ] GC(10) Forwarding Usage: 0M
[16.584s][info][gc,heap     ] GC(10) Min Capacity: 4096M(100%)
[16.584s][info][gc,heap     ] GC(10) Max Capacity: 4096M(100%)
[16.584s][info][gc,heap     ] GC(10) Soft Max Capacity: 4096M(100%)
[16.584s][info][gc,heap     ] GC(10)                Mark Start          Mark End        Relocate Start      Relocate End           High               Low         
[16.584s][info][gc,heap     ] GC(10)  Capacity:     4096M (100%)       4096M (100%)       4096M (100%)       4096M (100%)       4096M (100%)       4096M (100%)   
[16.584s][info][gc,heap     ] GC(10)      Free:      920M (22%)         578M (14%)        3528M (86%)        3534M (86%)        3534M (86%)         574M (14%)    
[16.584s][info][gc,heap     ] GC(10)      Used:     3176M (78%)        3518M (86%)         568M (14%)         562M (14%)        3522M (86%)         562M (14%)    
[16.584s][info][gc,heap     ] GC(10)      Live:         -               175M (4%)          175M (4%)          175M (4%)             -                  -          
[16.584s][info][gc,heap     ] GC(10) Allocated:         -               342M (8%)          348M (8%)          349M (9%)             -                  -          
[16.584s][info][gc,heap     ] GC(10)   Garbage:         -              3000M (73%)          44M (1%)           36M (1%)             -                  -          
[16.584s][info][gc,heap     ] GC(10) Reclaimed:         -                  -              2956M (72%)        2963M (72%)            -                  -          
[16.584s][info][gc          ] GC(10) Garbage Collection (Allocation Rate) 3176M(78%)->562M(14%)
[17.973s][info][gc,start    ] GC(11) Garbage Collection (System.gc())
[17.973s][info][gc,task     ] GC(11) Using 2 workers
[17.973s][info][gc,phases   ] GC(11) Pause Mark Start 0.016ms
[17.996s][info][gc,phases   ] GC(11) Concurrent Mark 22.198ms
[17.996s][info][gc,phases   ] GC(11) Pause Mark End 0.019ms
[17.996s][info][gc,phases   ] GC(11) Concurrent Mark Free 0.002ms
[17.999s][info][gc,phases   ] GC(11) Concurrent Process Non-Strong References 2.578ms
[17.999s][info][gc,phases   ] GC(11) Concurrent Reset Relocation Set 0.002ms
[18.000s][info][gc,phases   ] GC(11) Concurrent Select Relocation Set 1.625ms
[18.001s][info][gc,phases   ] GC(11) Pause Relocate Start 0.008ms
[18.002s][info][gc,phases   ] GC(11) Concurrent Relocate 1.277ms
[18.002s][info][gc,load     ] GC(11) Load: 0.00/0.00/0.00
[18.002s][info][gc,mmu      ] GC(11) MMU: 2ms/97.8%, 5ms/98.9%, 10ms/99.5%, 20ms/99.7%, 50ms/99.9%, 100ms/99.9%
[18.002s][info][gc,marking  ] GC(11) Mark: 2 stripe(s), 1 proactive flush(es), 1 terminate flush(es), 0 completion(s), 0 continuation(s) 
[18.002s][info][gc,marking  ] GC(11) Mark Stack Usage: 32M
[18.002s][info][gc,nmethod  ] GC(11) NMethods: 2147 registered, 0 unregistered
[18.002s][info][gc,metaspace] GC(11) Metaspace: 11M used, 11M committed, 1088M reserved
[18.002s][info][gc,ref      ] GC(11) Soft: 3499 encountered, 0 discovered, 0 enqueued
[18.002s][info][gc,ref      ] GC(11) Weak: 933 encountered, 371 discovered, 0 enqueued
[18.002s][info][gc,ref      ] GC(11) Final: 3 encountered, 3 discovered, 0 enqueued
[18.002s][info][gc,ref      ] GC(11) Phantom: 17 encountered, 11 discovered, 0 enqueued
[18.002s][info][gc,reloc    ] GC(11) Small Pages: 1226 / 2452M, Empty: 2438M, Relocated: 1M, In-Place: 0
[18.002s][info][gc,reloc    ] GC(11) Medium Pages: 1 / 32M, Empty: 0M, Relocated: 0M, In-Place: 0
[18.002s][info][gc,reloc    ] GC(11) Large Pages: 0 / 0M, Empty: 0M, Relocated: 0M, In-Place: 0
[18.002s][info][gc,reloc    ] GC(11) Forwarding Usage: 0M
[18.002s][info][gc,heap     ] GC(11) Min Capacity: 4096M(100%)
[18.002s][info][gc,heap     ] GC(11) Max Capacity: 4096M(100%)
[18.002s][info][gc,heap     ] GC(11) Soft Max Capacity: 4096M(100%)
[18.002s][info][gc,heap     ] GC(11)                Mark Start          Mark End        Relocate Start      Relocate End           High               Low         
[18.002s][info][gc,heap     ] GC(11)  Capacity:     4096M (100%)       4096M (100%)       4096M (100%)       4096M (100%)       4096M (100%)       4096M (100%)   
[18.002s][info][gc,heap     ] GC(11)      Free:     1612M (39%)        1612M (39%)        4050M (99%)        4054M (99%)        4054M (99%)        1612M (39%)    
[18.002s][info][gc,heap     ] GC(11)      Used:     2484M (61%)        2484M (61%)          46M (1%)           42M (1%)         2484M (61%)          42M (1%)     
[18.002s][info][gc,heap     ] GC(11)      Live:         -                 6M (0%)            6M (0%)            6M (0%)             -                  -          
[18.002s][info][gc,heap     ] GC(11) Allocated:         -                 0M (0%)            0M (0%)            0M (0%)             -                  -          
[18.002s][info][gc,heap     ] GC(11)   Garbage:         -              2477M (60%)          39M (1%)           35M (1%)             -                  -          
[18.002s][info][gc,heap     ] GC(11) Reclaimed:         -                  -              2438M (60%)        2442M (60%)            -                  -          
[18.002s][info][gc          ] GC(11) Garbage Collection (System.gc()) 2484M(61%)->42M(1%)
[19.156s][info][gc,start    ] GC(12) Garbage Collection (Allocation Rate)
[19.156s][info][gc,task     ] GC(12) Using 1 workers
[19.156s][info][gc,phases   ] GC(12) Pause Mark Start 0.009ms
[19.376s][info][gc,phases   ] GC(12) Concurrent Mark 220.264ms
[19.376s][info][gc,phases   ] GC(12) Pause Mark End 0.014ms
[19.376s][info][gc,phases   ] GC(12) Concurrent Mark Free 0.001ms
[19.381s][info][gc,phases   ] GC(12) Concurrent Process Non-Strong References 4.098ms
[19.381s][info][gc,phases   ] GC(12) Concurrent Reset Relocation Set 0.001ms
[19.383s][info][gc,phases   ] GC(12) Concurrent Select Relocation Set 2.075ms
[19.383s][info][gc,phases   ] GC(12) Pause Relocate Start 0.009ms
[19.417s][info][gc,phases   ] GC(12) Concurrent Relocate 33.752ms
[19.417s][info][gc,load     ] GC(12) Load: 0.00/0.00/0.00
[19.417s][info][gc,mmu      ] GC(12) MMU: 2ms/97.8%, 5ms/98.9%, 10ms/99.5%, 20ms/99.7%, 50ms/99.9%, 100ms/99.9%
[19.417s][info][gc,marking  ] GC(12) Mark: 1 stripe(s), 2 proactive flush(es), 1 terminate flush(es), 0 completion(s), 0 continuation(s) 
[19.417s][info][gc,marking  ] GC(12) Mark Stack Usage: 32M
[19.417s][info][gc,nmethod  ] GC(12) NMethods: 2153 registered, 0 unregistered
[19.417s][info][gc,metaspace] GC(12) Metaspace: 11M used, 11M committed, 1088M reserved
[19.417s][info][gc,ref      ] GC(12) Soft: 3499 encountered, 0 discovered, 0 enqueued
[19.417s][info][gc,ref      ] GC(12) Weak: 933 encountered, 279 discovered, 0 enqueued
[19.417s][info][gc,ref      ] GC(12) Final: 3 encountered, 1 discovered, 0 enqueued
[19.417s][info][gc,ref      ] GC(12) Phantom: 20 encountered, 14 discovered, 0 enqueued
[19.417s][info][gc,reloc    ] GC(12) Small Pages: 1221 / 2442M, Empty: 1010M, Relocated: 171M, In-Place: 0
[19.417s][info][gc,reloc    ] GC(12) Medium Pages: 1 / 32M, Empty: 0M, Relocated: 0M, In-Place: 0
[19.417s][info][gc,reloc    ] GC(12) Large Pages: 0 / 0M, Empty: 0M, Relocated: 0M, In-Place: 0
[19.417s][info][gc,reloc    ] GC(12) Forwarding Usage: 1M
[19.417s][info][gc,heap     ] GC(12) Min Capacity: 4096M(100%)
[19.417s][info][gc,heap     ] GC(12) Max Capacity: 4096M(100%)
[19.417s][info][gc,heap     ] GC(12) Soft Max Capacity: 4096M(100%)
[19.417s][info][gc,heap     ] GC(12)                Mark Start          Mark End        Relocate Start      Relocate End           High               Low         
[19.417s][info][gc,heap     ] GC(12)  Capacity:     4096M (100%)       4096M (100%)       4096M (100%)       4096M (100%)       4096M (100%)       4096M (100%)   
[19.417s][info][gc,heap     ] GC(12)      Free:     1622M (40%)        1396M (34%)        2398M (59%)        3608M (88%)        3608M (88%)        1390M (34%)    
[19.417s][info][gc,heap     ] GC(12)      Used:     2474M (60%)        2700M (66%)        1698M (41%)         488M (12%)        2706M (66%)         488M (12%)    
[19.417s][info][gc,heap     ] GC(12)      Live:         -               175M (4%)          175M (4%)          175M (4%)             -                  -          
[19.417s][info][gc,heap     ] GC(12) Allocated:         -               226M (6%)          234M (6%)          277M (7%)             -                  -          
[19.417s][info][gc,heap     ] GC(12)   Garbage:         -              2298M (56%)        1288M (31%)          35M (1%)             -                  -          
[19.417s][info][gc,heap     ] GC(12) Reclaimed:         -                  -              1010M (25%)        2263M (55%)            -                  -          
[19.417s][info][gc          ] GC(12) Garbage Collection (Allocation Rate) 2474M(60%)->488M(12%)
[20.154s][info][gc,stats    ] === Garbage Collection Statistics =======================================================================================================================
[20.154s][info][gc,stats    ]                                                              Last 10s              Last 10m              Last 10h                Total
[20.154s][info][gc,stats    ]                                                              Avg / Max             Avg / Max             Avg / Max             Avg / Max
[20.154s][info][gc,stats    ]   Collector: Garbage Collection Cycle                    205.981 / 338.842     205.498 / 355.020     205.498 / 355.020     205.498 / 355.020     ms
[20.154s][info][gc,stats    ]  Contention: Mark Segment Reset Contention                     0 / 0                 0 / 2                 0 / 2                 0 / 2           ops/s
[20.154s][info][gc,stats    ]  Contention: Mark SeqNum Reset Contention                      0 / 1                 0 / 2                 0 / 2                 0 / 2           ops/s
[20.154s][info][gc,stats    ]    Critical: Allocation Stall                                  0 / 0                 0 / 0                 0 / 0                 0 / 0           ops/s
[20.154s][info][gc,stats    ]    Critical: Allocation Stall                              0.000 / 0.000         0.000 / 0.000         0.000 / 0.000         0.000 / 0.000       ms
[20.154s][info][gc,stats    ]    Critical: GC Locker Stall                                   0 / 0                 0 / 0                 0 / 0                 0 / 0           ops/s
[20.154s][info][gc,stats    ]    Critical: GC Locker Stall                               0.000 / 0.000         0.000 / 0.000         0.000 / 0.000         0.000 / 0.000       ms
[20.154s][info][gc,stats    ]    Critical: Relocation Stall                                  0 / 0                 0 / 0                 0 / 0                 0 / 0           ops/s
[20.154s][info][gc,stats    ]    Critical: Relocation Stall                              0.000 / 0.000         0.000 / 0.000         0.000 / 0.000         0.000 / 0.000       ms
[20.154s][info][gc,stats    ]      Memory: Allocation Rate                                1475 / 1958           1277 / 1958           1277 / 1958           1277 / 1958        MB/s
[20.154s][info][gc,stats    ]      Memory: Out Of Memory                                     0 / 0                 0 / 0                 0 / 0                 0 / 0           ops/s
[20.154s][info][gc,stats    ]      Memory: Page Cache Flush                                  0 / 0                 0 / 0                 0 / 0                 0 / 0           MB/s
[20.154s][info][gc,stats    ]      Memory: Page Cache Hit L1                               754 / 979             564 / 979             564 / 979             564 / 979         ops/s
[20.154s][info][gc,stats    ]      Memory: Page Cache Hit L2                                 0 / 0                 0 / 0                 0 / 0                 0 / 0           ops/s
[20.154s][info][gc,stats    ]      Memory: Page Cache Hit L3                                 1 / 17               87 / 520              87 / 520              87 / 520         ops/s
[20.154s][info][gc,stats    ]      Memory: Page Cache Miss                                   0 / 0                 0 / 1                 0 / 1                 0 / 1           ops/s
[20.154s][info][gc,stats    ]      Memory: Uncommit                                          0 / 0                 0 / 0                 0 / 0                 0 / 0           MB/s
[20.154s][info][gc,stats    ]      Memory: Undo Object Allocation Failed                     0 / 0                 0 / 0                 0 / 0                 0 / 0           ops/s
[20.154s][info][gc,stats    ]      Memory: Undo Object Allocation Succeeded                  0 / 0                 0 / 0                 0 / 0                 0 / 0           ops/s
[20.154s][info][gc,stats    ]      Memory: Undo Page Allocation                              0 / 0                 0 / 0                 0 / 0                 0 / 0           ops/s
[20.154s][info][gc,stats    ]       Phase: Concurrent Mark                             190.379 / 331.749     190.894 / 348.596     190.894 / 348.596     190.894 / 348.596     ms
[20.154s][info][gc,stats    ]       Phase: Concurrent Mark Continue                      0.000 / 0.000         0.000 / 0.000         0.000 / 0.000         0.000 / 0.000       ms
[20.154s][info][gc,stats    ]       Phase: Concurrent Mark Free                          0.004 / 0.019         0.003 / 0.019         0.003 / 0.019         0.003 / 0.019       ms
[20.154s][info][gc,stats    ]       Phase: Concurrent Process Non-Strong References      3.345 / 4.199         2.828 / 4.199         2.828 / 4.199         2.828 / 4.199       ms
[20.154s][info][gc,stats    ]       Phase: Concurrent Relocate                           9.403 / 33.752        8.848 / 33.752        8.848 / 33.752        8.848 / 33.752      ms
[20.154s][info][gc,stats    ]       Phase: Concurrent Reset Relocation Set               0.005 / 0.025         0.007 / 0.025         0.007 / 0.025         0.007 / 0.025       ms
[20.154s][info][gc,stats    ]       Phase: Concurrent Select Relocation Set              1.938 / 2.610         2.017 / 3.214         2.017 / 3.214         2.017 / 3.214       ms
[20.154s][info][gc,stats    ]       Phase: Pause Mark End                                0.015 / 0.022         0.018 / 0.044         0.018 / 0.044         0.018 / 0.044       ms
[20.155s][info][gc,stats    ]       Phase: Pause Mark Start                              0.010 / 0.016         0.009 / 0.016         0.009 / 0.016         0.009 / 0.016       ms
[20.155s][info][gc,stats    ]       Phase: Pause Relocate Start                          0.010 / 0.012         0.009 / 0.012         0.009 / 0.012         0.009 / 0.012       ms
[20.155s][info][gc,stats    ]    Subphase: Concurrent Classes Purge                      0.138 / 0.212         0.119 / 0.212         0.119 / 0.212         0.119 / 0.212       ms
[20.155s][info][gc,stats    ]    Subphase: Concurrent Classes Unlink                     2.603 / 3.459         2.152 / 3.459         2.152 / 3.459         2.152 / 3.459       ms
[20.155s][info][gc,stats    ]    Subphase: Concurrent Mark                             148.104 / 331.073     153.356 / 348.053     153.356 / 348.053     153.356 / 348.053     ms
[20.155s][info][gc,stats    ]    Subphase: Concurrent Mark Try Flush                     0.124 / 0.349         0.110 / 0.353         0.110 / 0.353         0.110 / 0.353       ms
[20.155s][info][gc,stats    ]    Subphase: Concurrent Mark Try Terminate                 3.203 / 16.581        4.934 / 17.184        4.934 / 17.184        4.934 / 17.184      ms
[20.155s][info][gc,stats    ]    Subphase: Concurrent References Enqueue                 0.001 / 0.005         0.002 / 0.006         0.002 / 0.006         0.002 / 0.006       ms
[20.155s][info][gc,stats    ]    Subphase: Concurrent References Process                 0.121 / 0.170         0.100 / 0.170         0.100 / 0.170         0.100 / 0.170       ms
[20.155s][info][gc,stats    ]    Subphase: Concurrent Roots ClassLoaderDataGraph         0.134 / 0.249         0.151 / 0.651         0.151 / 0.651         0.151 / 0.651       ms
[20.155s][info][gc,stats    ]    Subphase: Concurrent Roots CodeCache                    0.000 / 0.000         0.000 / 0.000         0.000 / 0.000         0.000 / 0.000       ms
[20.155s][info][gc,stats    ]    Subphase: Concurrent Roots JavaThreads                  0.506 / 2.348         0.429 / 2.348         0.429 / 2.348         0.429 / 2.348       ms
[20.155s][info][gc,stats    ]    Subphase: Concurrent Roots OopStorageSet                0.035 / 0.058         0.044 / 0.104         0.044 / 0.104         0.044 / 0.104       ms
[20.155s][info][gc,stats    ]    Subphase: Concurrent Weak Roots OopStorageSet           0.273 / 0.477         0.287 / 0.588         0.287 / 0.588         0.287 / 0.588       ms
[20.155s][info][gc,stats    ]    Subphase: Pause Mark Try Complete                       0.000 / 0.000         0.000 / 0.000         0.000 / 0.000         0.000 / 0.000       ms
[20.155s][info][gc,stats    ]      System: Java Threads                                     12 / 13               12 / 13               12 / 13               12 / 13          threads
[20.155s][info][gc,stats    ] =========================================================================================================================================================
[21.355s][info][gc,start    ] GC(13) Garbage Collection (Allocation Rate)
[21.355s][info][gc,task     ] GC(13) Using 1 workers
[21.356s][info][gc,phases   ] GC(13) Pause Mark Start 0.006ms
[21.686s][info][gc,phases   ] GC(13) Concurrent Mark 330.438ms
[21.686s][info][gc,phases   ] GC(13) Pause Mark End 0.013ms
[21.686s][info][gc,phases   ] GC(13) Concurrent Mark Free 0.001ms
[21.690s][info][gc,phases   ] GC(13) Concurrent Process Non-Strong References 4.000ms
[21.690s][info][gc,phases   ] GC(13) Concurrent Reset Relocation Set 0.038ms
[21.692s][info][gc,phases   ] GC(13) Concurrent Select Relocation Set 1.758ms
[21.692s][info][gc,phases   ] GC(13) Pause Relocate Start 0.008ms
[21.693s][info][gc,phases   ] GC(13) Concurrent Relocate 0.185ms
[21.693s][info][gc,load     ] GC(13) Load: 0.00/0.00/0.00
[21.693s][info][gc,mmu      ] GC(13) MMU: 2ms/97.8%, 5ms/98.9%, 10ms/99.5%, 20ms/99.7%, 50ms/99.9%, 100ms/99.9%
[21.693s][info][gc,marking  ] GC(13) Mark: 1 stripe(s), 2 proactive flush(es), 1 terminate flush(es), 0 completion(s), 0 continuation(s) 
[21.693s][info][gc,marking  ] GC(13) Mark Stack Usage: 32M
[21.693s][info][gc,nmethod  ] GC(13) NMethods: 2156 registered, 0 unregistered
[21.693s][info][gc,metaspace] GC(13) Metaspace: 11M used, 11M committed, 1088M reserved
[21.693s][info][gc,ref      ] GC(13) Soft: 3499 encountered, 0 discovered, 0 enqueued
[21.693s][info][gc,ref      ] GC(13) Weak: 933 encountered, 57 discovered, 0 enqueued
[21.693s][info][gc,ref      ] GC(13) Final: 3 encountered, 0 discovered, 0 enqueued
[21.693s][info][gc,ref      ] GC(13) Phantom: 20 encountered, 13 discovered, 0 enqueued
[21.693s][info][gc,reloc    ] GC(13) Small Pages: 1577 / 3154M, Empty: 2948M, Relocated: 0M, In-Place: 0
[21.693s][info][gc,reloc    ] GC(13) Medium Pages: 1 / 32M, Empty: 0M, Relocated: 0M, In-Place: 0
[21.693s][info][gc,reloc    ] GC(13) Large Pages: 0 / 0M, Empty: 0M, Relocated: 0M, In-Place: 0
[21.693s][info][gc,reloc    ] GC(13) Forwarding Usage: 0M
[21.693s][info][gc,heap     ] GC(13) Min Capacity: 4096M(100%)
[21.693s][info][gc,heap     ] GC(13) Max Capacity: 4096M(100%)
[21.693s][info][gc,heap     ] GC(13) Soft Max Capacity: 4096M(100%)
[21.693s][info][gc,heap     ] GC(13)                Mark Start          Mark End        Relocate Start      Relocate End           High               Low         
[21.693s][info][gc,heap     ] GC(13)  Capacity:     4096M (100%)       4096M (100%)       4096M (100%)       4096M (100%)       4096M (100%)       4096M (100%)   
[21.693s][info][gc,heap     ] GC(13)      Free:      910M (22%)         494M (12%)        3434M (84%)        3460M (84%)        3460M (84%)         490M (12%)    
[21.693s][info][gc,heap     ] GC(13)      Used:     3186M (78%)        3602M (88%)         662M (16%)         636M (16%)        3606M (88%)         636M (16%)    
[21.693s][info][gc,heap     ] GC(13)      Live:         -               175M (4%)          175M (4%)          175M (4%)             -                  -          
[21.693s][info][gc,heap     ] GC(13) Allocated:         -               416M (10%)         424M (10%)         423M (10%)            -                  -          
[21.693s][info][gc,heap     ] GC(13)   Garbage:         -              3010M (74%)          62M (2%)           36M (1%)             -                  -          
[21.693s][info][gc,heap     ] GC(13) Reclaimed:         -                  -              2948M (72%)        2973M (73%)            -                  -          
[21.693s][info][gc          ] GC(13) Garbage Collection (Allocation Rate) 3186M(78%)->636M(16%)
[23.546s][info][gc,start    ] GC(14) Garbage Collection (Allocation Rate)
[23.546s][info][gc,task     ] GC(14) Using 1 workers
[23.546s][info][gc,phases   ] GC(14) Pause Mark Start 0.009ms
[23.868s][info][gc,phases   ] GC(14) Concurrent Mark 321.404ms
[23.868s][info][gc,phases   ] GC(14) Pause Mark End 0.013ms
[23.868s][info][gc,phases   ] GC(14) Concurrent Mark Free 0.001ms
[23.872s][info][gc,phases   ] GC(14) Concurrent Process Non-Strong References 3.735ms
[23.872s][info][gc,phases   ] GC(14) Concurrent Reset Relocation Set 0.002ms
[23.873s][info][gc,phases   ] GC(14) Concurrent Select Relocation Set 1.510ms
[23.873s][info][gc,phases   ] GC(14) Pause Relocate Start 0.008ms
[23.874s][info][gc,phases   ] GC(14) Concurrent Relocate 0.392ms
[23.874s][info][gc,load     ] GC(14) Load: 0.00/0.00/0.00
[23.874s][info][gc,mmu      ] GC(14) MMU: 2ms/97.8%, 5ms/98.9%, 10ms/99.5%, 20ms/99.7%, 50ms/99.9%, 100ms/99.9%
[23.874s][info][gc,marking  ] GC(14) Mark: 1 stripe(s), 2 proactive flush(es), 1 terminate flush(es), 0 completion(s), 0 continuation(s) 
[23.874s][info][gc,marking  ] GC(14) Mark Stack Usage: 32M
[23.874s][info][gc,nmethod  ] GC(14) NMethods: 2156 registered, 0 unregistered
[23.874s][info][gc,metaspace] GC(14) Metaspace: 11M used, 11M committed, 1088M reserved
[23.874s][info][gc,ref      ] GC(14) Soft: 3499 encountered, 0 discovered, 0 enqueued
[23.874s][info][gc,ref      ] GC(14) Weak: 933 encountered, 57 discovered, 0 enqueued
[23.874s][info][gc,ref      ] GC(14) Final: 3 encountered, 0 discovered, 0 enqueued
[23.874s][info][gc,ref      ] GC(14) Phantom: 20 encountered, 13 discovered, 0 enqueued
[23.874s][info][gc,reloc    ] GC(14) Small Pages: 1586 / 3172M, Empty: 2984M, Relocated: 0M, In-Place: 0
[23.874s][info][gc,reloc    ] GC(14) Medium Pages: 1 / 32M, Empty: 0M, Relocated: 0M, In-Place: 0
[23.874s][info][gc,reloc    ] GC(14) Large Pages: 0 / 0M, Empty: 0M, Relocated: 0M, In-Place: 0
[23.874s][info][gc,reloc    ] GC(14) Forwarding Usage: 0M
[23.874s][info][gc,heap     ] GC(14) Min Capacity: 4096M(100%)
[23.874s][info][gc,heap     ] GC(14) Max Capacity: 4096M(100%)
[23.874s][info][gc,heap     ] GC(14) Soft Max Capacity: 4096M(100%)
[23.874s][info][gc,heap     ] GC(14)                Mark Start          Mark End        Relocate Start      Relocate End           High               Low         
[23.874s][info][gc,heap     ] GC(14)  Capacity:     4096M (100%)       4096M (100%)       4096M (100%)       4096M (100%)       4096M (100%)       4096M (100%)   
[23.874s][info][gc,heap     ] GC(14)      Free:      892M (22%)         468M (11%)        3446M (84%)        3454M (84%)        3454M (84%)         464M (11%)    
[23.874s][info][gc,heap     ] GC(14)      Used:     3204M (78%)        3628M (89%)         650M (16%)         642M (16%)        3632M (89%)         642M (16%)    
[23.874s][info][gc,heap     ] GC(14)      Live:         -               175M (4%)          175M (4%)          175M (4%)             -                  -          
[23.874s][info][gc,heap     ] GC(14) Allocated:         -               424M (10%)         430M (10%)         429M (10%)            -                  -          
[23.874s][info][gc,heap     ] GC(14)   Garbage:         -              3028M (74%)          44M (1%)           36M (1%)             -                  -          
[23.874s][info][gc,heap     ] GC(14) Reclaimed:         -                  -              2984M (73%)        2991M (73%)            -                  -          
[23.874s][info][gc          ] GC(14) Garbage Collection (Allocation Rate) 3204M(78%)->642M(16%)
[25.386s][info][gc,start    ] GC(15) Garbage Collection (System.gc())
[25.386s][info][gc,task     ] GC(15) Using 2 workers
[25.386s][info][gc,phases   ] GC(15) Pause Mark Start 0.005ms
[25.394s][info][gc,phases   ] GC(15) Concurrent Mark 7.404ms
[25.394s][info][gc,phases   ] GC(15) Pause Mark End 0.014ms
[25.394s][info][gc,phases   ] GC(15) Concurrent Mark Free 0.002ms
[25.396s][info][gc,phases   ] GC(15) Concurrent Process Non-Strong References 2.103ms
[25.396s][info][gc,phases   ] GC(15) Concurrent Reset Relocation Set 0.001ms
[25.398s][info][gc,phases   ] GC(15) Concurrent Select Relocation Set 1.264ms
[25.398s][info][gc,phases   ] GC(15) Pause Relocate Start 0.004ms
[25.398s][info][gc,phases   ] GC(15) Concurrent Relocate 0.561ms
[25.398s][info][gc,load     ] GC(15) Load: 0.00/0.00/0.00
[25.398s][info][gc,mmu      ] GC(15) MMU: 2ms/97.8%, 5ms/98.9%, 10ms/99.5%, 20ms/99.7%, 50ms/99.9%, 100ms/99.9%
[25.398s][info][gc,marking  ] GC(15) Mark: 2 stripe(s), 1 proactive flush(es), 1 terminate flush(es), 0 completion(s), 0 continuation(s) 
[25.398s][info][gc,marking  ] GC(15) Mark Stack Usage: 32M
[25.398s][info][gc,nmethod  ] GC(15) NMethods: 2158 registered, 0 unregistered
[25.398s][info][gc,metaspace] GC(15) Metaspace: 11M used, 11M committed, 1088M reserved
[25.398s][info][gc,ref      ] GC(15) Soft: 3499 encountered, 0 discovered, 0 enqueued
[25.398s][info][gc,ref      ] GC(15) Weak: 933 encountered, 225 discovered, 0 enqueued
[25.398s][info][gc,ref      ] GC(15) Final: 3 encountered, 3 discovered, 0 enqueued
[25.398s][info][gc,ref      ] GC(15) Phantom: 17 encountered, 9 discovered, 0 enqueued
[25.398s][info][gc,reloc    ] GC(15) Small Pages: 1330 / 2660M, Empty: 2648M, Relocated: 0M, In-Place: 0
[25.398s][info][gc,reloc    ] GC(15) Medium Pages: 1 / 32M, Empty: 0M, Relocated: 0M, In-Place: 0
[25.398s][info][gc,reloc    ] GC(15) Large Pages: 0 / 0M, Empty: 0M, Relocated: 0M, In-Place: 0
[25.398s][info][gc,reloc    ] GC(15) Forwarding Usage: 0M
[25.398s][info][gc,heap     ] GC(15) Min Capacity: 4096M(100%)
[25.399s][info][gc,heap     ] GC(15) Max Capacity: 4096M(100%)
[25.399s][info][gc,heap     ] GC(15) Soft Max Capacity: 4096M(100%)
[25.399s][info][gc,heap     ] GC(15)                Mark Start          Mark End        Relocate Start      Relocate End           High               Low         
[25.399s][info][gc,heap     ] GC(15)  Capacity:     4096M (100%)       4096M (100%)       4096M (100%)       4096M (100%)       4096M (100%)       4096M (100%)   
[25.399s][info][gc,heap     ] GC(15)      Free:     1404M (34%)        1404M (34%)        4052M (99%)        4054M (99%)        4054M (99%)        1404M (34%)    
[25.399s][info][gc,heap     ] GC(15)      Used:     2692M (66%)        2692M (66%)          44M (1%)           42M (1%)         2692M (66%)          42M (1%)     
[25.399s][info][gc,heap     ] GC(15)      Live:         -                 6M (0%)            6M (0%)            6M (0%)             -                  -          
[25.399s][info][gc,heap     ] GC(15) Allocated:         -                 0M (0%)            0M (0%)            0M (0%)             -                  -          
[25.399s][info][gc,heap     ] GC(15)   Garbage:         -              2685M (66%)          37M (1%)           35M (1%)             -                  -          
[25.399s][info][gc,heap     ] GC(15) Reclaimed:         -                  -              2648M (65%)        2650M (65%)            -                  -          
[25.399s][info][gc          ] GC(15) Garbage Collection (System.gc()) 2692M(66%)->42M(1%)
[26.561s][info][gc,start    ] GC(16) Garbage Collection (Allocation Rate)
[26.561s][info][gc,task     ] GC(16) Using 1 workers
[26.561s][info][gc,phases   ] GC(16) Pause Mark Start 0.009ms
[26.767s][info][gc,phases   ] GC(16) Concurrent Mark 205.551ms
[26.767s][info][gc,phases   ] GC(16) Pause Mark End 0.017ms
[26.767s][info][gc,phases   ] GC(16) Concurrent Mark Free 0.001ms
[26.771s][info][gc,phases   ] GC(16) Concurrent Process Non-Strong References 3.761ms
[26.771s][info][gc,phases   ] GC(16) Concurrent Reset Relocation Set 0.001ms
[26.772s][info][gc,phases   ] GC(16) Concurrent Select Relocation Set 1.860ms
[26.773s][info][gc,phases   ] GC(16) Pause Relocate Start 0.010ms
[26.806s][info][gc,phases   ] GC(16) Concurrent Relocate 32.807ms
[26.806s][info][gc,load     ] GC(16) Load: 0.00/0.00/0.00
[26.806s][info][gc,mmu      ] GC(16) MMU: 2ms/97.8%, 5ms/98.9%, 10ms/99.5%, 20ms/99.7%, 50ms/99.9%, 100ms/99.9%
[26.806s][info][gc,marking  ] GC(16) Mark: 1 stripe(s), 2 proactive flush(es), 1 terminate flush(es), 0 completion(s), 0 continuation(s) 
[26.806s][info][gc,marking  ] GC(16) Mark Stack Usage: 32M
[26.806s][info][gc,nmethod  ] GC(16) NMethods: 2160 registered, 0 unregistered
[26.806s][info][gc,metaspace] GC(16) Metaspace: 11M used, 11M committed, 1088M reserved
[26.806s][info][gc,ref      ] GC(16) Soft: 3499 encountered, 0 discovered, 0 enqueued
[26.806s][info][gc,ref      ] GC(16) Weak: 933 encountered, 279 discovered, 0 enqueued
[26.806s][info][gc,ref      ] GC(16) Final: 3 encountered, 1 discovered, 0 enqueued
[26.806s][info][gc,ref      ] GC(16) Phantom: 20 encountered, 14 discovered, 0 enqueued
[26.806s][info][gc,reloc    ] GC(16) Small Pages: 1228 / 2456M, Empty: 1022M, Relocated: 169M, In-Place: 0
[26.806s][info][gc,reloc    ] GC(16) Medium Pages: 1 / 32M, Empty: 0M, Relocated: 0M, In-Place: 0
[26.806s][info][gc,reloc    ] GC(16) Large Pages: 0 / 0M, Empty: 0M, Relocated: 0M, In-Place: 0
[26.806s][info][gc,reloc    ] GC(16) Forwarding Usage: 1M
[26.806s][info][gc,heap     ] GC(16) Min Capacity: 4096M(100%)
[26.806s][info][gc,heap     ] GC(16) Max Capacity: 4096M(100%)
[26.806s][info][gc,heap     ] GC(16) Soft Max Capacity: 4096M(100%)
[26.806s][info][gc,heap     ] GC(16)                Mark Start          Mark End        Relocate Start      Relocate End           High               Low         
[26.806s][info][gc,heap     ] GC(16)  Capacity:     4096M (100%)       4096M (100%)       4096M (100%)       4096M (100%)       4096M (100%)       4096M (100%)   
[26.806s][info][gc,heap     ] GC(16)      Free:     1608M (39%)        1320M (32%)        2334M (57%)        3544M (87%)        3546M (87%)        1314M (32%)    
[26.806s][info][gc,heap     ] GC(16)      Used:     2488M (61%)        2776M (68%)        1762M (43%)         552M (13%)        2782M (68%)         550M (13%)    
[26.806s][info][gc,heap     ] GC(16)      Live:         -               175M (4%)          175M (4%)          175M (4%)             -                  -          
[26.806s][info][gc,heap     ] GC(16) Allocated:         -               288M (7%)          296M (7%)          339M (8%)             -                  -          
[26.806s][info][gc,heap     ] GC(16)   Garbage:         -              2312M (56%)        1290M (32%)          37M (1%)             -                  -          
[26.806s][info][gc,heap     ] GC(16) Reclaimed:         -                  -              1022M (25%)        2275M (56%)            -                  -          
[26.806s][info][gc          ] GC(16) Garbage Collection (Allocation Rate) 2488M(61%)->552M(13%)
[28.757s][info][gc,start    ] GC(17) Garbage Collection (Allocation Rate)
[28.757s][info][gc,task     ] GC(17) Using 1 workers
[28.757s][info][gc,phases   ] GC(17) Pause Mark Start 0.007ms
[29.102s][info][gc,phases   ] GC(17) Concurrent Mark 344.862ms
[29.102s][info][gc,phases   ] GC(17) Pause Mark End 0.012ms
[29.103s][info][gc,phases   ] GC(17) Concurrent Mark Free 0.001ms
[29.107s][info][gc,phases   ] GC(17) Concurrent Process Non-Strong References 4.076ms
[29.107s][info][gc,phases   ] GC(17) Concurrent Reset Relocation Set 0.024ms
[29.108s][info][gc,phases   ] GC(17) Concurrent Select Relocation Set 1.717ms
[29.109s][info][gc,phases   ] GC(17) Pause Relocate Start 0.008ms
[29.109s][info][gc,phases   ] GC(17) Concurrent Relocate 0.258ms
[29.109s][info][gc,load     ] GC(17) Load: 0.00/0.00/0.00
[29.109s][info][gc,mmu      ] GC(17) MMU: 2ms/97.8%, 5ms/98.9%, 10ms/99.5%, 20ms/99.7%, 50ms/99.9%, 100ms/99.9%
[29.109s][info][gc,marking  ] GC(17) Mark: 1 stripe(s), 2 proactive flush(es), 1 terminate flush(es), 0 completion(s), 0 continuation(s) 
[29.109s][info][gc,marking  ] GC(17) Mark Stack Usage: 32M
[29.109s][info][gc,nmethod  ] GC(17) NMethods: 2161 registered, 0 unregistered
[29.109s][info][gc,metaspace] GC(17) Metaspace: 11M used, 11M committed, 1088M reserved
[29.109s][info][gc,ref      ] GC(17) Soft: 3499 encountered, 0 discovered, 0 enqueued
[29.109s][info][gc,ref      ] GC(17) Weak: 933 encountered, 57 discovered, 0 enqueued
[29.109s][info][gc,ref      ] GC(17) Final: 3 encountered, 0 discovered, 0 enqueued
[29.109s][info][gc,ref      ] GC(17) Phantom: 20 encountered, 13 discovered, 0 enqueued
[29.109s][info][gc,reloc    ] GC(17) Small Pages: 1605 / 3210M, Empty: 3000M, Relocated: 0M, In-Place: 0
[29.109s][info][gc,reloc    ] GC(17) Medium Pages: 1 / 32M, Empty: 0M, Relocated: 0M, In-Place: 0
[29.109s][info][gc,reloc    ] GC(17) Large Pages: 0 / 0M, Empty: 0M, Relocated: 0M, In-Place: 0
[29.109s][info][gc,reloc    ] GC(17) Forwarding Usage: 0M
[29.109s][info][gc,heap     ] GC(17) Min Capacity: 4096M(100%)
[29.109s][info][gc,heap     ] GC(17) Max Capacity: 4096M(100%)
[29.109s][info][gc,heap     ] GC(17) Soft Max Capacity: 4096M(100%)
[29.109s][info][gc,heap     ] GC(17)                Mark Start          Mark End        Relocate Start      Relocate End           High               Low         
[29.109s][info][gc,heap     ] GC(17)  Capacity:     4096M (100%)       4096M (100%)       4096M (100%)       4096M (100%)       4096M (100%)       4096M (100%)   
[29.109s][info][gc,heap     ] GC(17)      Free:      854M (21%)         422M (10%)        3416M (83%)        3446M (84%)        3446M (84%)         418M (10%)    
[29.109s][info][gc,heap     ] GC(17)      Used:     3242M (79%)        3674M (90%)         680M (17%)         650M (16%)        3678M (90%)         650M (16%)    
[29.109s][info][gc,heap     ] GC(17)      Live:         -               175M (4%)          175M (4%)          175M (4%)             -                  -          
[29.109s][info][gc,heap     ] GC(17) Allocated:         -               432M (11%)         438M (11%)         437M (11%)            -                  -          
[29.109s][info][gc,heap     ] GC(17)   Garbage:         -              3066M (75%)          66M (2%)           36M (1%)             -                  -          
[29.109s][info][gc,heap     ] GC(17) Reclaimed:         -                  -              3000M (73%)        3029M (74%)            -                  -          
[29.109s][info][gc          ] GC(17) Garbage Collection (Allocation Rate) 3242M(79%)->650M(16%)
[30.149s][info][gc,stats    ] === Garbage Collection Statistics =======================================================================================================================
[30.149s][info][gc,stats    ]                                                              Last 10s              Last 10m              Last 10h                Total
[30.149s][info][gc,stats    ]                                                              Avg / Max             Avg / Max             Avg / Max             Avg / Max
[30.149s][info][gc,stats    ]   Collector: Garbage Collection Cycle                    254.804 / 351.796     219.194 / 355.020     219.194 / 355.020     219.194 / 355.020     ms
[30.149s][info][gc,stats    ]  Contention: Mark Segment Reset Contention                     0 / 0                 0 / 2                 0 / 2                 0 / 2           ops/s
[30.149s][info][gc,stats    ]  Contention: Mark SeqNum Reset Contention                      0 / 1                 0 / 2                 0 / 2                 0 / 2           ops/s
[30.149s][info][gc,stats    ]    Critical: Allocation Stall                                  0 / 0                 0 / 0                 0 / 0                 0 / 0           ops/s
[30.150s][info][gc,stats    ]    Critical: Allocation Stall                              0.000 / 0.000         0.000 / 0.000         0.000 / 0.000         0.000 / 0.000       ms
[30.150s][info][gc,stats    ]    Critical: GC Locker Stall                                   0 / 0                 0 / 0                 0 / 0                 0 / 0           ops/s
[30.150s][info][gc,stats    ]    Critical: GC Locker Stall                               0.000 / 0.000         0.000 / 0.000         0.000 / 0.000         0.000 / 0.000       ms
[30.150s][info][gc,stats    ]    Critical: Relocation Stall                                  0 / 0                 0 / 0                 0 / 0                 0 / 0           ops/s
[30.150s][info][gc,stats    ]    Critical: Relocation Stall                              0.000 / 0.000         0.000 / 0.000         0.000 / 0.000         0.000 / 0.000       ms
[30.150s][info][gc,stats    ]      Memory: Allocation Rate                                1453 / 2178           1336 / 2178           1336 / 2178           1336 / 2178        MB/s
[30.150s][info][gc,stats    ]      Memory: Out Of Memory                                     0 / 0                 0 / 0                 0 / 0                 0 / 0           ops/s
[30.150s][info][gc,stats    ]      Memory: Page Cache Flush                                  0 / 0                 0 / 0                 0 / 0                 0 / 0           MB/s
[30.150s][info][gc,stats    ]      Memory: Page Cache Hit L1                               728 / 1091            619 / 1091            619 / 1091            619 / 1091        ops/s
[30.150s][info][gc,stats    ]      Memory: Page Cache Hit L2                                 0 / 0                 0 / 0                 0 / 0                 0 / 0           ops/s
[30.150s][info][gc,stats    ]      Memory: Page Cache Hit L3                                 7 / 42               60 / 520              60 / 520              60 / 520         ops/s
[30.150s][info][gc,stats    ]      Memory: Page Cache Miss                                   0 / 0                 0 / 1                 0 / 1                 0 / 1           ops/s
[30.150s][info][gc,stats    ]      Memory: Uncommit                                          0 / 0                 0 / 0                 0 / 0                 0 / 0           MB/s
[30.150s][info][gc,stats    ]      Memory: Undo Object Allocation Failed                     0 / 0                 0 / 0                 0 / 0                 0 / 0           ops/s
[30.150s][info][gc,stats    ]      Memory: Undo Object Allocation Succeeded                  0 / 0                 0 / 0                 0 / 0                 0 / 0           ops/s
[30.150s][info][gc,stats    ]      Memory: Undo Page Allocation                              0 / 0                 0 / 0                 0 / 0                 0 / 0           ops/s
[30.150s][info][gc,stats    ]       Phase: Concurrent Mark                             241.932 / 344.862     205.071 / 348.596     205.071 / 348.596     205.071 / 348.596     ms
[30.150s][info][gc,stats    ]       Phase: Concurrent Mark Continue                      0.000 / 0.000         0.000 / 0.000         0.000 / 0.000         0.000 / 0.000       ms
[30.150s][info][gc,stats    ]       Phase: Concurrent Mark Free                          0.001 / 0.002         0.002 / 0.019         0.002 / 0.019         0.002 / 0.019       ms
[30.150s][info][gc,stats    ]       Phase: Concurrent Process Non-Strong References      3.535 / 4.076         3.024 / 4.199         3.024 / 4.199         3.024 / 4.199       ms
[30.150s][info][gc,stats    ]       Phase: Concurrent Relocate                           6.841 / 32.807        8.291 / 33.752        8.291 / 33.752        8.291 / 33.752      ms
[30.150s][info][gc,stats    ]       Phase: Concurrent Reset Relocation Set               0.013 / 0.038         0.009 / 0.038         0.009 / 0.038         0.009 / 0.038       ms
[30.150s][info][gc,stats    ]       Phase: Concurrent Select Relocation Set              1.622 / 1.860         1.907 / 3.214         1.907 / 3.214         1.907 / 3.214       ms
[30.150s][info][gc,stats    ]       Phase: Pause Mark End                                0.014 / 0.017         0.017 / 0.044         0.017 / 0.044         0.017 / 0.044       ms
[30.150s][info][gc,stats    ]       Phase: Pause Mark Start                              0.007 / 0.009         0.009 / 0.016         0.009 / 0.016         0.009 / 0.016       ms
[30.150s][info][gc,stats    ]       Phase: Pause Relocate Start                          0.008 / 0.010         0.009 / 0.012         0.009 / 0.012         0.009 / 0.012       ms
[30.150s][info][gc,stats    ]    Subphase: Concurrent Classes Purge                      0.141 / 0.188         0.125 / 0.212         0.125 / 0.212         0.125 / 0.212       ms
[30.150s][info][gc,stats    ]    Subphase: Concurrent Classes Unlink                     2.817 / 3.157         2.337 / 3.459         2.337 / 3.459         2.337 / 3.459       ms
[30.150s][info][gc,stats    ]    Subphase: Concurrent Mark                             201.512 / 343.842     164.469 / 348.053     164.469 / 348.053     164.469 / 348.053     ms
[30.150s][info][gc,stats    ]    Subphase: Concurrent Mark Try Flush                     0.119 / 0.324         0.112 / 0.353         0.112 / 0.353         0.112 / 0.353       ms
[30.150s][info][gc,stats    ]    Subphase: Concurrent Mark Try Terminate                 0.351 / 3.515         4.001 / 17.184        4.001 / 17.184        4.001 / 17.184      ms
[30.150s][info][gc,stats    ]    Subphase: Concurrent References Enqueue                 0.000 / 0.000         0.001 / 0.006         0.001 / 0.006         0.001 / 0.006       ms
[30.150s][info][gc,stats    ]    Subphase: Concurrent References Process                 0.083 / 0.117         0.095 / 0.170         0.095 / 0.170         0.095 / 0.170       ms
[30.150s][info][gc,stats    ]    Subphase: Concurrent Roots ClassLoaderDataGraph         0.161 / 0.342         0.153 / 0.651         0.153 / 0.651         0.153 / 0.651       ms
[30.150s][info][gc,stats    ]    Subphase: Concurrent Roots CodeCache                    0.000 / 0.000         0.000 / 0.000         0.000 / 0.000         0.000 / 0.000       ms
[30.150s][info][gc,stats    ]    Subphase: Concurrent Roots JavaThreads                  0.428 / 0.660         0.429 / 2.348         0.429 / 2.348         0.429 / 2.348       ms
[30.150s][info][gc,stats    ]    Subphase: Concurrent Roots OopStorageSet                0.027 / 0.063         0.040 / 0.104         0.040 / 0.104         0.040 / 0.104       ms
[30.150s][info][gc,stats    ]    Subphase: Concurrent Weak Roots OopStorageSet           0.299 / 0.566         0.289 / 0.588         0.289 / 0.588         0.289 / 0.588       ms
[30.150s][info][gc,stats    ]    Subphase: Pause Mark Try Complete                       0.000 / 0.000         0.000 / 0.000         0.000 / 0.000         0.000 / 0.000       ms
[30.150s][info][gc,stats    ]      System: Java Threads                                     12 / 12               12 / 13               12 / 13               12 / 13          threads
[30.150s][info][gc,stats    ] =========================================================================================================================================================
[30.861s][info][gc,start    ] GC(18) Garbage Collection (Allocation Rate)
[30.861s][info][gc,task     ] GC(18) Using 1 workers
[30.861s][info][gc,phases   ] GC(18) Pause Mark Start 0.007ms
[31.091s][info][gc,phases   ] GC(18) Concurrent Mark 229.835ms
[31.091s][info][gc,phases   ] GC(18) Pause Mark End 0.013ms
[31.092s][info][gc,phases   ] GC(18) Concurrent Mark Free 0.002ms
[31.095s][info][gc,phases   ] GC(18) Concurrent Process Non-Strong References 3.768ms
[31.095s][info][gc,phases   ] GC(18) Concurrent Reset Relocation Set 0.002ms
[31.097s][info][gc,phases   ] GC(18) Concurrent Select Relocation Set 1.607ms
[31.097s][info][gc,phases   ] GC(18) Pause Relocate Start 0.010ms
[31.098s][info][gc,phases   ] GC(18) Concurrent Relocate 0.314ms
[31.098s][info][gc,load     ] GC(18) Load: 0.00/0.00/0.00
[31.098s][info][gc,mmu      ] GC(18) MMU: 2ms/97.8%, 5ms/98.9%, 10ms/99.5%, 20ms/99.7%, 50ms/99.9%, 100ms/99.9%
[31.098s][info][gc,marking  ] GC(18) Mark: 1 stripe(s), 2 proactive flush(es), 1 terminate flush(es), 0 completion(s), 0 continuation(s) 
[31.098s][info][gc,marking  ] GC(18) Mark Stack Usage: 32M
[31.098s][info][gc,nmethod  ] GC(18) NMethods: 2161 registered, 0 unregistered
[31.098s][info][gc,metaspace] GC(18) Metaspace: 11M used, 11M committed, 1088M reserved
[31.098s][info][gc,ref      ] GC(18) Soft: 3499 encountered, 0 discovered, 0 enqueued
[31.098s][info][gc,ref      ] GC(18) Weak: 933 encountered, 57 discovered, 0 enqueued
[31.098s][info][gc,ref      ] GC(18) Final: 3 encountered, 0 discovered, 0 enqueued
[31.098s][info][gc,ref      ] GC(18) Phantom: 20 encountered, 13 discovered, 0 enqueued
[31.098s][info][gc,reloc    ] GC(18) Small Pages: 1548 / 3096M, Empty: 2912M, Relocated: 0M, In-Place: 0
[31.098s][info][gc,reloc    ] GC(18) Medium Pages: 1 / 32M, Empty: 0M, Relocated: 0M, In-Place: 0
[31.098s][info][gc,reloc    ] GC(18) Large Pages: 0 / 0M, Empty: 0M, Relocated: 0M, In-Place: 0
[31.098s][info][gc,reloc    ] GC(18) Forwarding Usage: 0M
[31.098s][info][gc,heap     ] GC(18) Min Capacity: 4096M(100%)
[31.098s][info][gc,heap     ] GC(18) Max Capacity: 4096M(100%)
[31.098s][info][gc,heap     ] GC(18) Soft Max Capacity: 4096M(100%)
[31.098s][info][gc,heap     ] GC(18)                Mark Start          Mark End        Relocate Start      Relocate End           High               Low         
[31.098s][info][gc,heap     ] GC(18)  Capacity:     4096M (100%)       4096M (100%)       4096M (100%)       4096M (100%)       4096M (100%)       4096M (100%)   
[31.098s][info][gc,heap     ] GC(18)      Free:      968M (24%)         642M (16%)        3546M (87%)        3550M (87%)        3550M (87%)         636M (16%)    
[31.098s][info][gc,heap     ] GC(18)      Used:     3128M (76%)        3454M (84%)         550M (13%)         546M (13%)        3460M (84%)         546M (13%)    
[31.098s][info][gc,heap     ] GC(18)      Live:         -               175M (4%)          175M (4%)          175M (4%)             -                  -          
[31.098s][info][gc,heap     ] GC(18) Allocated:         -               326M (8%)          334M (8%)          333M (8%)             -                  -          
[31.098s][info][gc,heap     ] GC(18)   Garbage:         -              2952M (72%)          40M (1%)           36M (1%)             -                  -          
[31.098s][info][gc,heap     ] GC(18) Reclaimed:         -                  -              2912M (71%)        2915M (71%)            -                  -          
[31.098s][info][gc          ] GC(18) Garbage Collection (Allocation Rate) 3128M(76%)->546M(13%)
[32.651s][info][gc,start    ] GC(19) Garbage Collection (System.gc())
[32.651s][info][gc,task     ] GC(19) Using 2 workers
[32.651s][info][gc,phases   ] GC(19) Pause Mark Start 0.013ms
[32.658s][info][gc,phases   ] GC(19) Concurrent Mark 7.607ms
[32.659s][info][gc,phases   ] GC(19) Pause Mark End 0.022ms
[32.659s][info][gc,phases   ] GC(19) Concurrent Mark Free 0.001ms
[32.661s][info][gc,phases   ] GC(19) Concurrent Process Non-Strong References 2.466ms
[32.661s][info][gc,phases   ] GC(19) Concurrent Reset Relocation Set 0.001ms
[32.663s][info][gc,phases   ] GC(19) Concurrent Select Relocation Set 1.428ms
[32.663s][info][gc,phases   ] GC(19) Pause Relocate Start 0.003ms
[32.663s][info][gc,phases   ] GC(19) Concurrent Relocate 0.426ms
[32.663s][info][gc,load     ] GC(19) Load: 0.00/0.00/0.00
[32.663s][info][gc,mmu      ] GC(19) MMU: 2ms/97.8%, 5ms/98.9%, 10ms/99.5%, 20ms/99.7%, 50ms/99.9%, 100ms/99.9%
[32.663s][info][gc,marking  ] GC(19) Mark: 2 stripe(s), 1 proactive flush(es), 1 terminate flush(es), 0 completion(s), 0 continuation(s) 
[32.663s][info][gc,marking  ] GC(19) Mark Stack Usage: 32M
[32.663s][info][gc,nmethod  ] GC(19) NMethods: 2163 registered, 0 unregistered
[32.663s][info][gc,metaspace] GC(19) Metaspace: 11M used, 11M committed, 1088M reserved
[32.663s][info][gc,ref      ] GC(19) Soft: 3499 encountered, 0 discovered, 0 enqueued
[32.663s][info][gc,ref      ] GC(19) Weak: 933 encountered, 54 discovered, 0 enqueued
[32.663s][info][gc,ref      ] GC(19) Final: 3 encountered, 0 discovered, 0 enqueued
[32.663s][info][gc,ref      ] GC(19) Phantom: 17 encountered, 9 discovered, 0 enqueued
[32.663s][info][gc,reloc    ] GC(19) Small Pages: 1334 / 2668M, Empty: 2654M, Relocated: 0M, In-Place: 0
[32.663s][info][gc,reloc    ] GC(19) Medium Pages: 1 / 32M, Empty: 0M, Relocated: 0M, In-Place: 0
[32.663s][info][gc,reloc    ] GC(19) Large Pages: 0 / 0M, Empty: 0M, Relocated: 0M, In-Place: 0
[32.663s][info][gc,reloc    ] GC(19) Forwarding Usage: 0M
[32.663s][info][gc,heap     ] GC(19) Min Capacity: 4096M(100%)
[32.663s][info][gc,heap     ] GC(19) Max Capacity: 4096M(100%)
[32.663s][info][gc,heap     ] GC(19) Soft Max Capacity: 4096M(100%)
[32.663s][info][gc,heap     ] GC(19)                Mark Start          Mark End        Relocate Start      Relocate End           High               Low         
[32.663s][info][gc,heap     ] GC(19)  Capacity:     4096M (100%)       4096M (100%)       4096M (100%)       4096M (100%)       4096M (100%)       4096M (100%)   
[32.663s][info][gc,heap     ] GC(19)      Free:     1396M (34%)        1396M (34%)        4050M (99%)        4054M (99%)        4054M (99%)        1396M (34%)    
[32.663s][info][gc,heap     ] GC(19)      Used:     2700M (66%)        2700M (66%)          46M (1%)           42M (1%)         2700M (66%)          42M (1%)     
[32.663s][info][gc,heap     ] GC(19)      Live:         -                 6M (0%)            6M (0%)            6M (0%)             -                  -          
[32.663s][info][gc,heap     ] GC(19) Allocated:         -                 0M (0%)            0M (0%)            0M (0%)             -                  -          
[32.663s][info][gc,heap     ] GC(19)   Garbage:         -              2693M (66%)          39M (1%)           35M (1%)             -                  -          
[32.663s][info][gc,heap     ] GC(19) Reclaimed:         -                  -              2654M (65%)        2658M (65%)            -                  -          
[32.663s][info][gc          ] GC(19) Garbage Collection (System.gc()) 2700M(66%)->42M(1%)
[33.548s][info][gc,start    ] GC(20) Garbage Collection (Allocation Rate)
[33.548s][info][gc,task     ] GC(20) Using 1 workers
[33.548s][info][gc,phases   ] GC(20) Pause Mark Start 0.013ms
[33.749s][info][gc,phases   ] GC(20) Concurrent Mark 200.426ms
[33.749s][info][gc,phases   ] GC(20) Pause Mark End 0.012ms
[33.749s][info][gc,phases   ] GC(20) Concurrent Mark Free 0.001ms
[33.753s][info][gc,phases   ] GC(20) Concurrent Process Non-Strong References 3.870ms
[33.753s][info][gc,phases   ] GC(20) Concurrent Reset Relocation Set 0.001ms
[33.755s][info][gc,phases   ] GC(20) Concurrent Select Relocation Set 1.940ms
[33.755s][info][gc,phases   ] GC(20) Pause Relocate Start 0.010ms
[33.788s][info][gc,phases   ] GC(20) Concurrent Relocate 32.714ms
[33.788s][info][gc,load     ] GC(20) Load: 0.00/0.00/0.00
[33.788s][info][gc,mmu      ] GC(20) MMU: 2ms/97.8%, 5ms/98.9%, 10ms/99.5%, 20ms/99.7%, 50ms/99.9%, 100ms/99.9%
[33.788s][info][gc,marking  ] GC(20) Mark: 1 stripe(s), 2 proactive flush(es), 1 terminate flush(es), 0 completion(s), 0 continuation(s) 
[33.788s][info][gc,marking  ] GC(20) Mark Stack Usage: 32M
[33.788s][info][gc,nmethod  ] GC(20) NMethods: 2164 registered, 0 unregistered
[33.788s][info][gc,metaspace] GC(20) Metaspace: 11M used, 11M committed, 1088M reserved
[33.788s][info][gc,ref      ] GC(20) Soft: 3499 encountered, 0 discovered, 0 enqueued
[33.788s][info][gc,ref      ] GC(20) Weak: 933 encountered, 279 discovered, 0 enqueued
[33.788s][info][gc,ref      ] GC(20) Final: 3 encountered, 1 discovered, 0 enqueued
[33.788s][info][gc,ref      ] GC(20) Phantom: 20 encountered, 14 discovered, 0 enqueued
[33.788s][info][gc,reloc    ] GC(20) Small Pages: 1037 / 2074M, Empty: 640M, Relocated: 169M, In-Place: 0
[33.788s][info][gc,reloc    ] GC(20) Medium Pages: 1 / 32M, Empty: 0M, Relocated: 0M, In-Place: 0
[33.788s][info][gc,reloc    ] GC(20) Large Pages: 0 / 0M, Empty: 0M, Relocated: 0M, In-Place: 0
[33.788s][info][gc,reloc    ] GC(20) Forwarding Usage: 1M
[33.788s][info][gc,heap     ] GC(20) Min Capacity: 4096M(100%)
[33.788s][info][gc,heap     ] GC(20) Max Capacity: 4096M(100%)
[33.788s][info][gc,heap     ] GC(20) Soft Max Capacity: 4096M(100%)
[33.788s][info][gc,heap     ] GC(20)                Mark Start          Mark End        Relocate Start      Relocate End           High               Low         
[33.788s][info][gc,heap     ] GC(20)  Capacity:     4096M (100%)       4096M (100%)       4096M (100%)       4096M (100%)       4096M (100%)       4096M (100%)   
[33.788s][info][gc,heap     ] GC(20)      Free:     1990M (49%)        1778M (43%)        2410M (59%)        3622M (88%)        3622M (88%)        1772M (43%)    
[33.788s][info][gc,heap     ] GC(20)      Used:     2106M (51%)        2318M (57%)        1686M (41%)         474M (12%)        2324M (57%)         474M (12%)    
[33.788s][info][gc,heap     ] GC(20)      Live:         -               175M (4%)          175M (4%)          175M (4%)             -                  -          
[33.788s][info][gc,heap     ] GC(20) Allocated:         -               212M (5%)          220M (5%)          261M (6%)             -                  -          
[33.788s][info][gc,heap     ] GC(20)   Garbage:         -              1930M (47%)        1290M (32%)          37M (1%)             -                  -          
[33.788s][info][gc,heap     ] GC(20) Reclaimed:         -                  -               640M (16%)        1893M (46%)            -                  -          
[33.788s][info][gc          ] GC(20) Garbage Collection (Allocation Rate) 2106M(51%)->474M(12%)
[35.851s][info][gc,start    ] GC(21) Garbage Collection (Allocation Rate)
[35.851s][info][gc,task     ] GC(21) Using 1 workers
[35.851s][info][gc,phases   ] GC(21) Pause Mark Start 0.011ms
[36.195s][info][gc,phases   ] GC(21) Concurrent Mark 343.580ms
[36.195s][info][gc,phases   ] GC(21) Pause Mark End 0.014ms
[36.195s][info][gc,phases   ] GC(21) Concurrent Mark Free 0.002ms
[36.200s][info][gc,phases   ] GC(21) Concurrent Process Non-Strong References 4.109ms
[36.200s][info][gc,phases   ] GC(21) Concurrent Reset Relocation Set 0.029ms
[36.202s][info][gc,phases   ] GC(21) Concurrent Select Relocation Set 1.944ms
[36.202s][info][gc,phases   ] GC(21) Pause Relocate Start 0.007ms
[36.202s][info][gc,phases   ] GC(21) Concurrent Relocate 0.183ms
[36.202s][info][gc,load     ] GC(21) Load: 0.00/0.00/0.00
[36.202s][info][gc,mmu      ] GC(21) MMU: 2ms/97.8%, 5ms/98.9%, 10ms/99.5%, 20ms/99.7%, 50ms/99.9%, 100ms/99.9%
[36.202s][info][gc,marking  ] GC(21) Mark: 1 stripe(s), 2 proactive flush(es), 1 terminate flush(es), 0 completion(s), 0 continuation(s) 
[36.202s][info][gc,marking  ] GC(21) Mark Stack Usage: 32M
[36.202s][info][gc,nmethod  ] GC(21) NMethods: 2164 registered, 0 unregistered
[36.202s][info][gc,metaspace] GC(21) Metaspace: 11M used, 11M committed, 1088M reserved
[36.202s][info][gc,ref      ] GC(21) Soft: 3499 encountered, 0 discovered, 0 enqueued
[36.202s][info][gc,ref      ] GC(21) Weak: 933 encountered, 57 discovered, 0 enqueued
[36.202s][info][gc,ref      ] GC(21) Final: 3 encountered, 0 discovered, 0 enqueued
[36.202s][info][gc,ref      ] GC(21) Phantom: 20 encountered, 13 discovered, 0 enqueued
[36.202s][info][gc,reloc    ] GC(21) Small Pages: 1645 / 3290M, Empty: 3078M, Relocated: 0M, In-Place: 0
[36.202s][info][gc,reloc    ] GC(21) Medium Pages: 1 / 32M, Empty: 0M, Relocated: 0M, In-Place: 0
[36.202s][info][gc,reloc    ] GC(21) Large Pages: 0 / 0M, Empty: 0M, Relocated: 0M, In-Place: 0
[36.202s][info][gc,reloc    ] GC(21) Forwarding Usage: 0M
[36.202s][info][gc,heap     ] GC(21) Min Capacity: 4096M(100%)
[36.202s][info][gc,heap     ] GC(21) Max Capacity: 4096M(100%)
[36.202s][info][gc,heap     ] GC(21) Soft Max Capacity: 4096M(100%)
[36.202s][info][gc,heap     ] GC(21)                Mark Start          Mark End        Relocate Start      Relocate End           High               Low         
[36.202s][info][gc,heap     ] GC(21)  Capacity:     4096M (100%)       4096M (100%)       4096M (100%)       4096M (100%)       4096M (100%)       4096M (100%)   
[36.202s][info][gc,heap     ] GC(21)      Free:      774M (19%)         368M (9%)         3438M (84%)        3470M (85%)        3470M (85%)         364M (9%)     
[36.202s][info][gc,heap     ] GC(21)      Used:     3322M (81%)        3728M (91%)         658M (16%)         626M (15%)        3732M (91%)         626M (15%)    
[36.202s][info][gc,heap     ] GC(21)      Live:         -               175M (4%)          175M (4%)          175M (4%)             -                  -          
[36.202s][info][gc,heap     ] GC(21) Allocated:         -               406M (10%)         414M (10%)         413M (10%)            -                  -          
[36.202s][info][gc,heap     ] GC(21)   Garbage:         -              3146M (77%)          68M (2%)           36M (1%)             -                  -          
[36.202s][info][gc,heap     ] GC(21) Reclaimed:         -                  -              3078M (75%)        3109M (76%)            -                  -          
[36.202s][info][gc          ] GC(21) Garbage Collection (Allocation Rate) 3322M(81%)->626M(15%)
[37.949s][info][gc,start    ] GC(22) Garbage Collection (Allocation Rate)
[37.949s][info][gc,task     ] GC(22) Using 1 workers
[37.950s][info][gc,phases   ] GC(22) Pause Mark Start 0.011ms
[38.183s][info][gc,phases   ] GC(22) Concurrent Mark 232.988ms
[38.183s][info][gc,phases   ] GC(22) Pause Mark End 0.012ms
[38.183s][info][gc,phases   ] GC(22) Concurrent Mark Free 0.001ms
[38.187s][info][gc,phases   ] GC(22) Concurrent Process Non-Strong References 3.773ms
[38.187s][info][gc,phases   ] GC(22) Concurrent Reset Relocation Set 0.003ms
[38.189s][info][gc,phases   ] GC(22) Concurrent Select Relocation Set 1.786ms
[38.189s][info][gc,phases   ] GC(22) Pause Relocate Start 0.010ms
[38.189s][info][gc,phases   ] GC(22) Concurrent Relocate 0.363ms
[38.189s][info][gc,load     ] GC(22) Load: 0.00/0.00/0.00
[38.189s][info][gc,mmu      ] GC(22) MMU: 2ms/97.8%, 5ms/98.9%, 10ms/99.5%, 20ms/99.7%, 50ms/99.9%, 100ms/99.9%
[38.189s][info][gc,marking  ] GC(22) Mark: 1 stripe(s), 2 proactive flush(es), 1 terminate flush(es), 0 completion(s), 0 continuation(s) 
[38.189s][info][gc,marking  ] GC(22) Mark Stack Usage: 32M
[38.189s][info][gc,nmethod  ] GC(22) NMethods: 2164 registered, 0 unregistered
[38.189s][info][gc,metaspace] GC(22) Metaspace: 11M used, 11M committed, 1088M reserved
[38.189s][info][gc,ref      ] GC(22) Soft: 3499 encountered, 0 discovered, 0 enqueued
[38.189s][info][gc,ref      ] GC(22) Weak: 933 encountered, 57 discovered, 0 enqueued
[38.189s][info][gc,ref      ] GC(22) Final: 3 encountered, 0 discovered, 0 enqueued
[38.189s][info][gc,ref      ] GC(22) Phantom: 20 encountered, 13 discovered, 0 enqueued
[38.189s][info][gc,reloc    ] GC(22) Small Pages: 1530 / 3060M, Empty: 2874M, Relocated: 0M, In-Place: 0
[38.189s][info][gc,reloc    ] GC(22) Medium Pages: 1 / 32M, Empty: 0M, Relocated: 0M, In-Place: 0
[38.189s][info][gc,reloc    ] GC(22) Large Pages: 0 / 0M, Empty: 0M, Relocated: 0M, In-Place: 0
[38.189s][info][gc,reloc    ] GC(22) Forwarding Usage: 0M
[38.189s][info][gc,heap     ] GC(22) Min Capacity: 4096M(100%)
[38.189s][info][gc,heap     ] GC(22) Max Capacity: 4096M(100%)
[38.189s][info][gc,heap     ] GC(22) Soft Max Capacity: 4096M(100%)
[38.189s][info][gc,heap     ] GC(22)                Mark Start          Mark End        Relocate Start      Relocate End           High               Low         
[38.189s][info][gc,heap     ] GC(22)  Capacity:     4096M (100%)       4096M (100%)       4096M (100%)       4096M (100%)       4096M (100%)       4096M (100%)   
[38.189s][info][gc,heap     ] GC(22)      Free:     1004M (25%)         674M (16%)        3540M (86%)        3546M (87%)        3546M (87%)         668M (16%)    
[38.189s][info][gc,heap     ] GC(22)      Used:     3092M (75%)        3422M (84%)         556M (14%)         550M (13%)        3428M (84%)         550M (13%)    
[38.189s][info][gc,heap     ] GC(22)      Live:         -               175M (4%)          175M (4%)          175M (4%)             -                  -          
[38.189s][info][gc,heap     ] GC(22) Allocated:         -               330M (8%)          338M (8%)          337M (8%)             -                  -          
[38.189s][info][gc,heap     ] GC(22)   Garbage:         -              2916M (71%)          42M (1%)           36M (1%)             -                  -          
[38.189s][info][gc,heap     ] GC(22) Reclaimed:         -                  -              2874M (70%)        2879M (70%)            -                  -          
[38.189s][info][gc          ] GC(22) Garbage Collection (Allocation Rate) 3092M(75%)->550M(13%)
[39.986s][info][gc,start    ] GC(23) Garbage Collection (System.gc())
[39.986s][info][gc,task     ] GC(23) Using 2 workers
[39.986s][info][gc,phases   ] GC(23) Pause Mark Start 0.006ms
[39.997s][info][gc,phases   ] GC(23) Concurrent Mark 10.645ms
[39.997s][info][gc,phases   ] GC(23) Pause Mark End 0.014ms
[39.997s][info][gc,phases   ] GC(23) Concurrent Mark Free 0.001ms
[40.000s][info][gc,phases   ] GC(23) Concurrent Process Non-Strong References 2.776ms
[40.000s][info][gc,phases   ] GC(23) Concurrent Reset Relocation Set 0.001ms
[40.001s][info][gc,phases   ] GC(23) Concurrent Select Relocation Set 1.586ms
[40.001s][info][gc,phases   ] GC(23) Pause Relocate Start 0.008ms
[40.002s][info][gc,phases   ] GC(23) Concurrent Relocate 0.391ms
[40.002s][info][gc,load     ] GC(23) Load: 0.00/0.00/0.00
[40.002s][info][gc,mmu      ] GC(23) MMU: 2ms/97.8%, 5ms/98.9%, 10ms/99.5%, 20ms/99.7%, 50ms/99.9%, 100ms/99.9%
[40.002s][info][gc,marking  ] GC(23) Mark: 2 stripe(s), 2 proactive flush(es), 1 terminate flush(es), 0 completion(s), 0 continuation(s) 
[40.002s][info][gc,marking  ] GC(23) Mark Stack Usage: 32M
[40.002s][info][gc,nmethod  ] GC(23) NMethods: 2167 registered, 0 unregistered
[40.002s][info][gc,metaspace] GC(23) Metaspace: 11M used, 11M committed, 1088M reserved
[40.002s][info][gc,ref      ] GC(23) Soft: 3499 encountered, 0 discovered, 0 enqueued
[40.002s][info][gc,ref      ] GC(23) Weak: 933 encountered, 48 discovered, 0 enqueued
[40.002s][info][gc,ref      ] GC(23) Final: 3 encountered, 0 discovered, 0 enqueued
[40.002s][info][gc,ref      ] GC(23) Phantom: 17 encountered, 11 discovered, 0 enqueued
[40.002s][info][gc,reloc    ] GC(23) Small Pages: 1503 / 3006M, Empty: 2992M, Relocated: 0M, In-Place: 0
[40.002s][info][gc,reloc    ] GC(23) Medium Pages: 1 / 32M, Empty: 0M, Relocated: 0M, In-Place: 0
[40.002s][info][gc,reloc    ] GC(23) Large Pages: 0 / 0M, Empty: 0M, Relocated: 0M, In-Place: 0
[40.002s][info][gc,reloc    ] GC(23) Forwarding Usage: 0M
[40.002s][info][gc,heap     ] GC(23) Min Capacity: 4096M(100%)
[40.002s][info][gc,heap     ] GC(23) Max Capacity: 4096M(100%)
[40.002s][info][gc,heap     ] GC(23) Soft Max Capacity: 4096M(100%)
[40.002s][info][gc,heap     ] GC(23)                Mark Start          Mark End        Relocate Start      Relocate End           High               Low         
[40.002s][info][gc,heap     ] GC(23)  Capacity:     4096M (100%)       4096M (100%)       4096M (100%)       4096M (100%)       4096M (100%)       4096M (100%)   
[40.002s][info][gc,heap     ] GC(23)      Free:     1058M (26%)        1058M (26%)        4050M (99%)        4054M (99%)        4054M (99%)        1058M (26%)    
[40.002s][info][gc,heap     ] GC(23)      Used:     3038M (74%)        3038M (74%)          46M (1%)           42M (1%)         3038M (74%)          42M (1%)     
[40.002s][info][gc,heap     ] GC(23)      Live:         -                 6M (0%)            6M (0%)            6M (0%)             -                  -          
[40.002s][info][gc,heap     ] GC(23) Allocated:         -                 0M (0%)            0M (0%)            0M (0%)             -                  -          
[40.002s][info][gc,heap     ] GC(23)   Garbage:         -              3031M (74%)          39M (1%)           35M (1%)             -                  -          
[40.002s][info][gc,heap     ] GC(23) Reclaimed:         -                  -              2992M (73%)        2996M (73%)            -                  -          
[40.002s][info][gc          ] GC(23) Garbage Collection (System.gc()) 3038M(74%)->42M(1%)
[40.156s][info][gc,stats    ] === Garbage Collection Statistics =======================================================================================================================
[40.156s][info][gc,stats    ]                                                              Last 10s              Last 10m              Last 10h                Total
[40.156s][info][gc,stats    ]                                                              Avg / Max             Avg / Max             Avg / Max             Avg / Max
[40.156s][info][gc,stats    ]   Collector: Garbage Collection Cycle                    182.617 / 350.716     210.050 / 355.020     210.050 / 355.020     210.050 / 355.020     ms
[40.156s][info][gc,stats    ]  Contention: Mark Segment Reset Contention                     0 / 0                 0 / 2                 0 / 2                 0 / 2           ops/s
[40.156s][info][gc,stats    ]  Contention: Mark SeqNum Reset Contention                      0 / 0                 0 / 2                 0 / 2                 0 / 2           ops/s
[40.156s][info][gc,stats    ]    Critical: Allocation Stall                                  0 / 0                 0 / 0                 0 / 0                 0 / 0           ops/s
[40.156s][info][gc,stats    ]    Critical: Allocation Stall                              0.000 / 0.000         0.000 / 0.000         0.000 / 0.000         0.000 / 0.000       ms
[40.156s][info][gc,stats    ]    Critical: GC Locker Stall                                   0 / 0                 0 / 0                 0 / 0                 0 / 0           ops/s
[40.156s][info][gc,stats    ]    Critical: GC Locker Stall                               0.000 / 0.000         0.000 / 0.000         0.000 / 0.000         0.000 / 0.000       ms
[40.156s][info][gc,stats    ]    Critical: Relocation Stall                                  0 / 0                 0 / 0                 0 / 0                 0 / 0           ops/s
[40.156s][info][gc,stats    ]    Critical: Relocation Stall                              0.000 / 0.000         0.000 / 0.000         0.000 / 0.000         0.000 / 0.000       ms
[40.156s][info][gc,stats    ]      Memory: Allocation Rate                                1488 / 2184           1374 / 2184           1374 / 2184           1374 / 2184        MB/s
[40.156s][info][gc,stats    ]      Memory: Out Of Memory                                     0 / 0                 0 / 0                 0 / 0                 0 / 0           ops/s
[40.156s][info][gc,stats    ]      Memory: Page Cache Flush                                  0 / 0                 0 / 0                 0 / 0                 0 / 0           MB/s
[40.156s][info][gc,stats    ]      Memory: Page Cache Hit L1                               750 / 1094            652 / 1094            652 / 1094            652 / 1094        ops/s
[40.156s][info][gc,stats    ]      Memory: Page Cache Hit L2                                 0 / 0                 0 / 0                 0 / 0                 0 / 0           ops/s
[40.156s][info][gc,stats    ]      Memory: Page Cache Hit L3                                 2 / 21               46 / 520              46 / 520              46 / 520         ops/s
[40.157s][info][gc,stats    ]      Memory: Page Cache Miss                                   0 / 0                 0 / 1                 0 / 1                 0 / 1           ops/s
[40.157s][info][gc,stats    ]      Memory: Uncommit                                          0 / 0                 0 / 0                 0 / 0                 0 / 0           MB/s
[40.157s][info][gc,stats    ]      Memory: Undo Object Allocation Failed                     0 / 0                 0 / 0                 0 / 0                 0 / 0           ops/s
[40.157s][info][gc,stats    ]      Memory: Undo Object Allocation Succeeded                  0 / 0                 0 / 0                 0 / 0                 0 / 0           ops/s
[40.157s][info][gc,stats    ]      Memory: Undo Page Allocation                              0 / 0                 0 / 0                 0 / 0                 0 / 0           ops/s
[40.157s][info][gc,stats    ]       Phase: Concurrent Mark                             170.847 / 343.580     196.515 / 348.596     196.515 / 348.596     196.515 / 348.596     ms
[40.157s][info][gc,stats    ]       Phase: Concurrent Mark Continue                      0.000 / 0.000         0.000 / 0.000         0.000 / 0.000         0.000 / 0.000       ms
[40.157s][info][gc,stats    ]       Phase: Concurrent Mark Free                          0.001 / 0.002         0.002 / 0.019         0.002 / 0.019         0.002 / 0.019       ms
[40.157s][info][gc,stats    ]       Phase: Concurrent Process Non-Strong References      3.460 / 4.109         3.133 / 4.199         3.133 / 4.199         3.133 / 4.199       ms
[40.157s][info][gc,stats    ]       Phase: Concurrent Relocate                           5.732 / 32.714        7.651 / 33.752        7.651 / 33.752        7.651 / 33.752      ms
[40.157s][info][gc,stats    ]       Phase: Concurrent Reset Relocation Set               0.006 / 0.029         0.008 / 0.038         0.008 / 0.038         0.008 / 0.038       ms
[40.157s][info][gc,stats    ]       Phase: Concurrent Select Relocation Set              1.715 / 1.944         1.859 / 3.214         1.859 / 3.214         1.859 / 3.214       ms
[40.157s][info][gc,stats    ]       Phase: Pause Mark End                                0.015 / 0.022         0.016 / 0.044         0.016 / 0.044         0.016 / 0.044       ms
[40.157s][info][gc,stats    ]       Phase: Pause Mark Start                              0.010 / 0.013         0.009 / 0.016         0.009 / 0.016         0.009 / 0.016       ms
[40.157s][info][gc,stats    ]       Phase: Pause Relocate Start                          0.008 / 0.010         0.009 / 0.012         0.009 / 0.012         0.009 / 0.012       ms
[40.157s][info][gc,stats    ]    Subphase: Concurrent Classes Purge                      0.155 / 0.197         0.133 / 0.212         0.133 / 0.212         0.133 / 0.212       ms
[40.157s][info][gc,stats    ]    Subphase: Concurrent Classes Unlink                     2.796 / 3.236         2.452 / 3.459         2.452 / 3.459         2.452 / 3.459       ms
[40.157s][info][gc,stats    ]    Subphase: Concurrent Mark                             128.465 / 342.663     155.997 / 348.053     155.997 / 348.053     155.997 / 348.053     ms
[40.157s][info][gc,stats    ]    Subphase: Concurrent Mark Try Flush                     0.099 / 0.313         0.109 / 0.353         0.109 / 0.353         0.109 / 0.353       ms
[40.157s][info][gc,stats    ]    Subphase: Concurrent Mark Try Terminate                 0.769 / 6.953         3.335 / 17.184        3.335 / 17.184        3.335 / 17.184      ms
[40.157s][info][gc,stats    ]    Subphase: Concurrent References Enqueue                 0.000 / 0.001         0.001 / 0.006         0.001 / 0.006         0.001 / 0.006       ms
[40.157s][info][gc,stats    ]    Subphase: Concurrent References Process                 0.103 / 0.122         0.097 / 0.170         0.097 / 0.170         0.097 / 0.170       ms
[40.157s][info][gc,stats    ]    Subphase: Concurrent Roots ClassLoaderDataGraph         0.116 / 0.181         0.144 / 0.651         0.144 / 0.651         0.144 / 0.651       ms
[40.157s][info][gc,stats    ]    Subphase: Concurrent Roots CodeCache                    0.000 / 0.000         0.000 / 0.000         0.000 / 0.000         0.000 / 0.000       ms
[40.157s][info][gc,stats    ]    Subphase: Concurrent Roots JavaThreads                  0.379 / 0.730         0.417 / 2.348         0.417 / 2.348         0.417 / 2.348       ms
[40.157s][info][gc,stats    ]    Subphase: Concurrent Roots OopStorageSet                0.022 / 0.040         0.036 / 0.104         0.036 / 0.104         0.036 / 0.104       ms
[40.157s][info][gc,stats    ]    Subphase: Concurrent Weak Roots OopStorageSet           0.212 / 0.416         0.271 / 0.588         0.271 / 0.588         0.271 / 0.588       ms
[40.157s][info][gc,stats    ]    Subphase: Pause Mark Try Complete                       0.000 / 0.000         0.000 / 0.000         0.000 / 0.000         0.000 / 0.000       ms
[40.157s][info][gc,stats    ]      System: Java Threads                                     12 / 12               12 / 13               12 / 13               12 / 13          threads
[40.157s][info][gc,stats    ] =========================================================================================================================================================
[40.958s][info][gc,start    ] GC(24) Garbage Collection (Allocation Rate)
[40.958s][info][gc,task     ] GC(24) Using 1 workers
[40.958s][info][gc,phases   ] GC(24) Pause Mark Start 0.008ms
[41.160s][info][gc,phases   ] GC(24) Concurrent Mark 201.637ms
[41.160s][info][gc,phases   ] GC(24) Pause Mark End 0.016ms
[41.160s][info][gc,phases   ] GC(24) Concurrent Mark Free 0.001ms
[41.164s][info][gc,phases   ] GC(24) Concurrent Process Non-Strong References 3.932ms
[41.164s][info][gc,phases   ] GC(24) Concurrent Reset Relocation Set 0.001ms
[41.166s][info][gc,phases   ] GC(24) Concurrent Select Relocation Set 1.905ms
[41.166s][info][gc,phases   ] GC(24) Pause Relocate Start 0.010ms
[41.200s][info][gc,phases   ] GC(24) Concurrent Relocate 33.079ms
[41.200s][info][gc,load     ] GC(24) Load: 0.00/0.00/0.00
[41.200s][info][gc,mmu      ] GC(24) MMU: 2ms/97.8%, 5ms/98.9%, 10ms/99.5%, 20ms/99.7%, 50ms/99.9%, 100ms/99.9%
[41.200s][info][gc,marking  ] GC(24) Mark: 1 stripe(s), 2 proactive flush(es), 1 terminate flush(es), 0 completion(s), 0 continuation(s) 
[41.200s][info][gc,marking  ] GC(24) Mark Stack Usage: 32M
[41.200s][info][gc,nmethod  ] GC(24) NMethods: 2167 registered, 0 unregistered
[41.200s][info][gc,metaspace] GC(24) Metaspace: 11M used, 11M committed, 1088M reserved
[41.200s][info][gc,ref      ] GC(24) Soft: 3499 encountered, 0 discovered, 0 enqueued
[41.200s][info][gc,ref      ] GC(24) Weak: 933 encountered, 57 discovered, 0 enqueued
[41.200s][info][gc,ref      ] GC(24) Final: 3 encountered, 0 discovered, 0 enqueued
[41.200s][info][gc,ref      ] GC(24) Phantom: 20 encountered, 13 discovered, 0 enqueued
[41.200s][info][gc,reloc    ] GC(24) Small Pages: 1089 / 2178M, Empty: 742M, Relocated: 169M, In-Place: 0
[41.200s][info][gc,reloc    ] GC(24) Medium Pages: 1 / 32M, Empty: 0M, Relocated: 0M, In-Place: 0
[41.200s][info][gc,reloc    ] GC(24) Large Pages: 0 / 0M, Empty: 0M, Relocated: 0M, In-Place: 0
[41.200s][info][gc,reloc    ] GC(24) Forwarding Usage: 1M
[41.200s][info][gc,heap     ] GC(24) Min Capacity: 4096M(100%)
[41.200s][info][gc,heap     ] GC(24) Max Capacity: 4096M(100%)
[41.200s][info][gc,heap     ] GC(24) Soft Max Capacity: 4096M(100%)
[41.200s][info][gc,heap     ] GC(24)                Mark Start          Mark End        Relocate Start      Relocate End           High               Low         
[41.200s][info][gc,heap     ] GC(24)  Capacity:     4096M (100%)       4096M (100%)       4096M (100%)       4096M (100%)       4096M (100%)       4096M (100%)   
[41.200s][info][gc,heap     ] GC(24)      Free:     1886M (46%)        1610M (39%)        2344M (57%)        3556M (87%)        3558M (87%)        1606M (39%)    
[41.200s][info][gc,heap     ] GC(24)      Used:     2210M (54%)        2486M (61%)        1752M (43%)         540M (13%)        2490M (61%)         538M (13%)    
[41.200s][info][gc,heap     ] GC(24)      Live:         -               175M (4%)          175M (4%)          175M (4%)             -                  -          
[41.200s][info][gc,heap     ] GC(24) Allocated:         -               276M (7%)          284M (7%)          327M (8%)             -                  -          
[41.200s][info][gc,heap     ] GC(24)   Garbage:         -              2034M (50%)        1292M (32%)          37M (1%)             -                  -          
[41.200s][info][gc,heap     ] GC(24) Reclaimed:         -                  -               742M (18%)        1997M (49%)            -                  -          
[41.200s][info][gc          ] GC(24) Garbage Collection (Allocation Rate) 2210M(54%)->540M(13%)
[43.156s][info][gc,start    ] GC(25) Garbage Collection (Allocation Rate)
[43.156s][info][gc,task     ] GC(25) Using 1 workers
[43.156s][info][gc,phases   ] GC(25) Pause Mark Start 0.007ms
[43.483s][info][gc,phases   ] GC(25) Concurrent Mark 326.151ms
[43.483s][info][gc,phases   ] GC(25) Pause Mark End 0.016ms
[43.483s][info][gc,phases   ] GC(25) Concurrent Mark Free 0.001ms
[43.486s][info][gc,phases   ] GC(25) Concurrent Process Non-Strong References 3.544ms
[43.487s][info][gc,phases   ] GC(25) Concurrent Reset Relocation Set 0.025ms
[43.488s][info][gc,phases   ] GC(25) Concurrent Select Relocation Set 1.857ms
[43.489s][info][gc,phases   ] GC(25) Pause Relocate Start 0.010ms
[43.489s][info][gc,phases   ] GC(25) Concurrent Relocate 0.288ms
[43.489s][info][gc,load     ] GC(25) Load: 0.00/0.00/0.00
[43.489s][info][gc,mmu      ] GC(25) MMU: 2ms/97.8%, 5ms/98.9%, 10ms/99.5%, 20ms/99.7%, 50ms/99.9%, 100ms/99.9%
[43.489s][info][gc,marking  ] GC(25) Mark: 1 stripe(s), 2 proactive flush(es), 1 terminate flush(es), 0 completion(s), 0 continuation(s) 
[43.489s][info][gc,marking  ] GC(25) Mark Stack Usage: 32M
[43.489s][info][gc,nmethod  ] GC(25) NMethods: 2167 registered, 0 unregistered
[43.489s][info][gc,metaspace] GC(25) Metaspace: 11M used, 11M committed, 1088M reserved
[43.489s][info][gc,ref      ] GC(25) Soft: 3499 encountered, 0 discovered, 0 enqueued
[43.489s][info][gc,ref      ] GC(25) Weak: 933 encountered, 279 discovered, 0 enqueued
[43.489s][info][gc,ref      ] GC(25) Final: 3 encountered, 1 discovered, 0 enqueued
[43.489s][info][gc,ref      ] GC(25) Phantom: 20 encountered, 14 discovered, 0 enqueued
[43.489s][info][gc,reloc    ] GC(25) Small Pages: 1600 / 3200M, Empty: 2990M, Relocated: 0M, In-Place: 0
[43.489s][info][gc,reloc    ] GC(25) Medium Pages: 1 / 32M, Empty: 0M, Relocated: 0M, In-Place: 0
[43.489s][info][gc,reloc    ] GC(25) Large Pages: 0 / 0M, Empty: 0M, Relocated: 0M, In-Place: 0
[43.489s][info][gc,reloc    ] GC(25) Forwarding Usage: 0M
[43.489s][info][gc,heap     ] GC(25) Min Capacity: 4096M(100%)
[43.489s][info][gc,heap     ] GC(25) Max Capacity: 4096M(100%)
[43.489s][info][gc,heap     ] GC(25) Soft Max Capacity: 4096M(100%)
[43.489s][info][gc,heap     ] GC(25)                Mark Start          Mark End        Relocate Start      Relocate End           High               Low         
[43.489s][info][gc,heap     ] GC(25)  Capacity:     4096M (100%)       4096M (100%)       4096M (100%)       4096M (100%)       4096M (100%)       4096M (100%)   
[43.489s][info][gc,heap     ] GC(25)      Free:      864M (21%)         420M (10%)        3402M (83%)        3432M (84%)        3432M (84%)         414M (10%)    
[43.489s][info][gc,heap     ] GC(25)      Used:     3232M (79%)        3676M (90%)         694M (17%)         664M (16%)        3682M (90%)         664M (16%)    
[43.489s][info][gc,heap     ] GC(25)      Live:         -               175M (4%)          175M (4%)          175M (4%)             -                  -          
[43.489s][info][gc,heap     ] GC(25) Allocated:         -               444M (11%)         452M (11%)         451M (11%)            -                  -          
[43.489s][info][gc,heap     ] GC(25)   Garbage:         -              3056M (75%)          66M (2%)           36M (1%)             -                  -          
[43.489s][info][gc,heap     ] GC(25) Reclaimed:         -                  -              2990M (73%)        3019M (74%)            -                  -          
[43.489s][info][gc          ] GC(25) Garbage Collection (Allocation Rate) 3232M(79%)->664M(16%)
[45.248s][info][gc,start    ] GC(26) Garbage Collection (Allocation Rate)
[45.248s][info][gc,task     ] GC(26) Using 1 workers
[45.248s][info][gc,phases   ] GC(26) Pause Mark Start 0.010ms
[45.469s][info][gc,phases   ] GC(26) Concurrent Mark 220.257ms
[45.469s][info][gc,phases   ] GC(26) Pause Mark End 0.012ms
[45.469s][info][gc,phases   ] GC(26) Concurrent Mark Free 0.001ms
[45.473s][info][gc,phases   ] GC(26) Concurrent Process Non-Strong References 3.918ms
[45.473s][info][gc,phases   ] GC(26) Concurrent Reset Relocation Set 0.002ms
[45.475s][info][gc,phases   ] GC(26) Concurrent Select Relocation Set 1.566ms
[45.475s][info][gc,phases   ] GC(26) Pause Relocate Start 0.011ms
[45.475s][info][gc,phases   ] GC(26) Concurrent Relocate 0.326ms
[45.475s][info][gc,load     ] GC(26) Load: 0.00/0.00/0.00
[45.475s][info][gc,mmu      ] GC(26) MMU: 2ms/97.8%, 5ms/98.9%, 10ms/99.5%, 20ms/99.7%, 50ms/99.9%, 100ms/99.9%
[45.475s][info][gc,marking  ] GC(26) Mark: 1 stripe(s), 2 proactive flush(es), 1 terminate flush(es), 0 completion(s), 0 continuation(s) 
[45.475s][info][gc,marking  ] GC(26) Mark Stack Usage: 32M
[45.475s][info][gc,nmethod  ] GC(26) NMethods: 2167 registered, 0 unregistered
[45.475s][info][gc,metaspace] GC(26) Metaspace: 11M used, 11M committed, 1088M reserved
[45.475s][info][gc,ref      ] GC(26) Soft: 3499 encountered, 0 discovered, 0 enqueued
[45.475s][info][gc,ref      ] GC(26) Weak: 933 encountered, 57 discovered, 0 enqueued
[45.475s][info][gc,ref      ] GC(26) Final: 3 encountered, 0 discovered, 0 enqueued
[45.475s][info][gc,ref      ] GC(26) Phantom: 20 encountered, 13 discovered, 0 enqueued
[45.475s][info][gc,reloc    ] GC(26) Small Pages: 1560 / 3120M, Empty: 2936M, Relocated: 0M, In-Place: 0
[45.475s][info][gc,reloc    ] GC(26) Medium Pages: 1 / 32M, Empty: 0M, Relocated: 0M, In-Place: 0
[45.475s][info][gc,reloc    ] GC(26) Large Pages: 0 / 0M, Empty: 0M, Relocated: 0M, In-Place: 0
[45.475s][info][gc,reloc    ] GC(26) Forwarding Usage: 0M
[45.475s][info][gc,heap     ] GC(26) Min Capacity: 4096M(100%)
[45.475s][info][gc,heap     ] GC(26) Max Capacity: 4096M(100%)
[45.475s][info][gc,heap     ] GC(26) Soft Max Capacity: 4096M(100%)
[45.475s][info][gc,heap     ] GC(26)                Mark Start          Mark End        Relocate Start      Relocate End           High               Low         
[45.475s][info][gc,heap     ] GC(26)  Capacity:     4096M (100%)       4096M (100%)       4096M (100%)       4096M (100%)       4096M (100%)       4096M (100%)   
[45.475s][info][gc,heap     ] GC(26)      Free:      944M (23%)         630M (15%)        3558M (87%)        3562M (87%)        3562M (87%)         624M (15%)    
[45.475s][info][gc,heap     ] GC(26)      Used:     3152M (77%)        3466M (85%)         538M (13%)         534M (13%)        3472M (85%)         534M (13%)    
[45.475s][info][gc,heap     ] GC(26)      Live:         -               175M (4%)          175M (4%)          175M (4%)             -                  -          
[45.475s][info][gc,heap     ] GC(26) Allocated:         -               314M (8%)          322M (8%)          321M (8%)             -                  -          
[45.475s][info][gc,heap     ] GC(26)   Garbage:         -              2976M (73%)          40M (1%)           36M (1%)             -                  -          
[45.475s][info][gc,heap     ] GC(26) Reclaimed:         -                  -              2936M (72%)        2939M (72%)            -                  -          
[45.475s][info][gc          ] GC(26) Garbage Collection (Allocation Rate) 3152M(77%)->534M(13%)
[47.211s][info][gc,start    ] GC(27) Garbage Collection (System.gc())
[47.211s][info][gc,task     ] GC(27) Using 2 workers
[47.211s][info][gc,phases   ] GC(27) Pause Mark Start 0.006ms
[47.227s][info][gc,phases   ] GC(27) Concurrent Mark 16.062ms
[47.227s][info][gc,phases   ] GC(27) Pause Mark End 0.012ms
[47.227s][info][gc,phases   ] GC(27) Concurrent Mark Free 0.001ms
[47.229s][info][gc,phases   ] GC(27) Concurrent Process Non-Strong References 2.177ms
[47.230s][info][gc,phases   ] GC(27) Concurrent Reset Relocation Set 0.001ms
[47.231s][info][gc,phases   ] GC(27) Concurrent Select Relocation Set 1.394ms
[47.231s][info][gc,phases   ] GC(27) Pause Relocate Start 0.011ms
[47.232s][info][gc,phases   ] GC(27) Concurrent Relocate 0.382ms
[47.232s][info][gc,load     ] GC(27) Load: 0.00/0.00/0.00
[47.232s][info][gc,mmu      ] GC(27) MMU: 2ms/97.8%, 5ms/98.9%, 10ms/99.5%, 20ms/99.7%, 50ms/99.9%, 100ms/99.9%
[47.232s][info][gc,marking  ] GC(27) Mark: 2 stripe(s), 3 proactive flush(es), 1 terminate flush(es), 0 completion(s), 0 continuation(s) 
[47.232s][info][gc,marking  ] GC(27) Mark Stack Usage: 32M
[47.232s][info][gc,nmethod  ] GC(27) NMethods: 2170 registered, 0 unregistered
[47.232s][info][gc,metaspace] GC(27) Metaspace: 11M used, 11M committed, 1088M reserved
[47.232s][info][gc,ref      ] GC(27) Soft: 3500 encountered, 0 discovered, 0 enqueued
[47.232s][info][gc,ref      ] GC(27) Weak: 934 encountered, 46 discovered, 0 enqueued
[47.232s][info][gc,ref      ] GC(27) Final: 3 encountered, 1 discovered, 0 enqueued
[47.232s][info][gc,ref      ] GC(27) Phantom: 17 encountered, 7 discovered, 0 enqueued
[47.232s][info][gc,reloc    ] GC(27) Small Pages: 1466 / 2932M, Empty: 2916M, Relocated: 0M, In-Place: 0
[47.232s][info][gc,reloc    ] GC(27) Medium Pages: 1 / 32M, Empty: 0M, Relocated: 0M, In-Place: 0
[47.232s][info][gc,reloc    ] GC(27) Large Pages: 0 / 0M, Empty: 0M, Relocated: 0M, In-Place: 0
[47.232s][info][gc,reloc    ] GC(27) Forwarding Usage: 0M
[47.232s][info][gc,heap     ] GC(27) Min Capacity: 4096M(100%)
[47.232s][info][gc,heap     ] GC(27) Max Capacity: 4096M(100%)
[47.232s][info][gc,heap     ] GC(27) Soft Max Capacity: 4096M(100%)
[47.232s][info][gc,heap     ] GC(27)                Mark Start          Mark End        Relocate Start      Relocate End           High               Low         
[47.232s][info][gc,heap     ] GC(27)  Capacity:     4096M (100%)       4096M (100%)       4096M (100%)       4096M (100%)       4096M (100%)       4096M (100%)   
[47.232s][info][gc,heap     ] GC(27)      Free:     1132M (28%)        1132M (28%)        4048M (99%)        4054M (99%)        4054M (99%)        1132M (28%)    
[47.232s][info][gc,heap     ] GC(27)      Used:     2964M (72%)        2964M (72%)          48M (1%)           42M (1%)         2964M (72%)          42M (1%)     
[47.232s][info][gc,heap     ] GC(27)      Live:         -                 6M (0%)            6M (0%)            6M (0%)             -                  -          
[47.232s][info][gc,heap     ] GC(27) Allocated:         -                 0M (0%)            0M (0%)            0M (0%)             -                  -          
[47.232s][info][gc,heap     ] GC(27)   Garbage:         -              2957M (72%)          41M (1%)           35M (1%)             -                  -          
[47.232s][info][gc,heap     ] GC(27) Reclaimed:         -                  -              2916M (71%)        2922M (71%)            -                  -          
[47.232s][info][gc          ] GC(27) Garbage Collection (System.gc()) 2964M(72%)->42M(1%)
[48.156s][info][gc,start    ] GC(28) Garbage Collection (Allocation Rate)
[48.156s][info][gc,task     ] GC(28) Using 1 workers
[48.156s][info][gc,phases   ] GC(28) Pause Mark Start 0.011ms
[48.350s][info][gc,phases   ] GC(28) Concurrent Mark 193.819ms
[48.350s][info][gc,phases   ] GC(28) Pause Mark End 0.013ms
[48.351s][info][gc,phases   ] GC(28) Concurrent Mark Free 0.001ms
[48.354s][info][gc,phases   ] GC(28) Concurrent Process Non-Strong References 3.792ms
[48.354s][info][gc,phases   ] GC(28) Concurrent Reset Relocation Set 0.001ms
[48.356s][info][gc,phases   ] GC(28) Concurrent Select Relocation Set 1.804ms
[48.356s][info][gc,phases   ] GC(28) Pause Relocate Start 0.013ms
[48.389s][info][gc,phases   ] GC(28) Concurrent Relocate 32.913ms
[48.389s][info][gc,load     ] GC(28) Load: 0.00/0.00/0.00
[48.390s][info][gc,mmu      ] GC(28) MMU: 2ms/97.8%, 5ms/98.9%, 10ms/99.5%, 20ms/99.7%, 50ms/99.9%, 100ms/99.9%
[48.390s][info][gc,marking  ] GC(28) Mark: 1 stripe(s), 2 proactive flush(es), 1 terminate flush(es), 0 completion(s), 0 continuation(s) 
[48.390s][info][gc,marking  ] GC(28) Mark Stack Usage: 32M
[48.390s][info][gc,nmethod  ] GC(28) NMethods: 2170 registered, 0 unregistered
[48.390s][info][gc,metaspace] GC(28) Metaspace: 11M used, 11M committed, 1088M reserved
[48.390s][info][gc,ref      ] GC(28) Soft: 3500 encountered, 0 discovered, 0 enqueued
[48.390s][info][gc,ref      ] GC(28) Weak: 934 encountered, 57 discovered, 0 enqueued
[48.390s][info][gc,ref      ] GC(28) Final: 3 encountered, 0 discovered, 0 enqueued
[48.390s][info][gc,ref      ] GC(28) Phantom: 20 encountered, 13 discovered, 0 enqueued
[48.390s][info][gc,reloc    ] GC(28) Small Pages: 1067 / 2134M, Empty: 700M, Relocated: 169M, In-Place: 0
[48.390s][info][gc,reloc    ] GC(28) Medium Pages: 1 / 32M, Empty: 0M, Relocated: 0M, In-Place: 0
[48.390s][info][gc,reloc    ] GC(28) Large Pages: 0 / 0M, Empty: 0M, Relocated: 0M, In-Place: 0
[48.390s][info][gc,reloc    ] GC(28) Forwarding Usage: 1M
[48.390s][info][gc,heap     ] GC(28) Min Capacity: 4096M(100%)
[48.390s][info][gc,heap     ] GC(28) Max Capacity: 4096M(100%)
[48.390s][info][gc,heap     ] GC(28) Soft Max Capacity: 4096M(100%)
[48.390s][info][gc,heap     ] GC(28)                Mark Start          Mark End        Relocate Start      Relocate End           High               Low         
[48.390s][info][gc,heap     ] GC(28)  Capacity:     4096M (100%)       4096M (100%)       4096M (100%)       4096M (100%)       4096M (100%)       4096M (100%)   
[48.390s][info][gc,heap     ] GC(28)      Free:     1930M (47%)        1658M (40%)        2350M (57%)        3560M (87%)        3560M (87%)        1652M (40%)    
[48.390s][info][gc,heap     ] GC(28)      Used:     2166M (53%)        2438M (60%)        1746M (43%)         536M (13%)        2444M (60%)         536M (13%)    
[48.390s][info][gc,heap     ] GC(28)      Live:         -               175M (4%)          175M (4%)          175M (4%)             -                  -          
[48.390s][info][gc,heap     ] GC(28) Allocated:         -               272M (7%)          280M (7%)          323M (8%)             -                  -          
[48.390s][info][gc,heap     ] GC(28)   Garbage:         -              1990M (49%)        1290M (32%)          37M (1%)             -                  -          
[48.390s][info][gc,heap     ] GC(28) Reclaimed:         -                  -               700M (17%)        1953M (48%)            -                  -          
[48.390s][info][gc          ] GC(28) Garbage Collection (Allocation Rate) 2166M(53%)->536M(13%)
[50.159s][info][gc,stats    ] === Garbage Collection Statistics =======================================================================================================================
[50.159s][info][gc,stats    ]                                                              Last 10s              Last 10m              Last 10h                Total
[50.159s][info][gc,stats    ]                                                              Avg / Max             Avg / Max             Avg / Max             Avg / Max
[50.159s][info][gc,stats    ]   Collector: Garbage Collection Cycle                    211.089 / 332.694     210.229 / 355.020     210.229 / 355.020     210.229 / 355.020     ms
[50.159s][info][gc,stats    ]  Contention: Mark Segment Reset Contention                     0 / 1                 0 / 2                 0 / 2                 0 / 2           ops/s
[50.159s][info][gc,stats    ]  Contention: Mark SeqNum Reset Contention                      0 / 0                 0 / 2                 0 / 2                 0 / 2           ops/s
[50.159s][info][gc,stats    ]    Critical: Allocation Stall                                  0 / 0                 0 / 0                 0 / 0                 0 / 0           ops/s
[50.159s][info][gc,stats    ]    Critical: Allocation Stall                              0.000 / 0.000         0.000 / 0.000         0.000 / 0.000         0.000 / 0.000       ms
[50.159s][info][gc,stats    ]    Critical: GC Locker Stall                                   0 / 0                 0 / 0                 0 / 0                 0 / 0           ops/s
[50.159s][info][gc,stats    ]    Critical: GC Locker Stall                               0.000 / 0.000         0.000 / 0.000         0.000 / 0.000         0.000 / 0.000       ms
[50.159s][info][gc,stats    ]    Critical: Relocation Stall                                  0 / 0                 0 / 0                 0 / 0                 0 / 0           ops/s
[50.159s][info][gc,stats    ]    Critical: Relocation Stall                              0.000 / 0.000         0.000 / 0.000         0.000 / 0.000         0.000 / 0.000       ms
[50.159s][info][gc,stats    ]      Memory: Allocation Rate                                1528 / 2188           1405 / 2188           1405 / 2188           1405 / 2188        MB/s
[50.159s][info][gc,stats    ]      Memory: Out Of Memory                                     0 / 0                 0 / 0                 0 / 0                 0 / 0           ops/s
[50.159s][info][gc,stats    ]      Memory: Page Cache Flush                                  0 / 0                 0 / 0                 0 / 0                 0 / 0           MB/s
[50.159s][info][gc,stats    ]      Memory: Page Cache Hit L1                               782 / 1096            678 / 1096            678 / 1096            678 / 1096        ops/s
[50.159s][info][gc,stats    ]      Memory: Page Cache Hit L2                                 0 / 0                 0 / 0                 0 / 0                 0 / 0           ops/s
[50.159s][info][gc,stats    ]      Memory: Page Cache Hit L3                                 0 / 0                37 / 520              37 / 520              37 / 520         ops/s
[50.159s][info][gc,stats    ]      Memory: Page Cache Miss                                   0 / 0                 0 / 1                 0 / 1                 0 / 1           ops/s
[50.159s][info][gc,stats    ]      Memory: Uncommit                                          0 / 0                 0 / 0                 0 / 0                 0 / 0           MB/s
[50.159s][info][gc,stats    ]      Memory: Undo Object Allocation Failed                     0 / 0                 0 / 0                 0 / 0                 0 / 0           ops/s
[50.159s][info][gc,stats    ]      Memory: Undo Object Allocation Succeeded                  0 / 1                 0 / 1                 0 / 1                 0 / 1           ops/s
[50.159s][info][gc,stats    ]      Memory: Undo Page Allocation                              0 / 0                 0 / 0                 0 / 0                 0 / 0           ops/s
[50.159s][info][gc,stats    ]       Phase: Concurrent Mark                             191.585 / 326.151     195.665 / 348.596     195.665 / 348.596     195.665 / 348.596     ms
[50.159s][info][gc,stats    ]       Phase: Concurrent Mark Continue                      0.000 / 0.000         0.000 / 0.000         0.000 / 0.000         0.000 / 0.000       ms
[50.159s][info][gc,stats    ]       Phase: Concurrent Mark Free                          0.001 / 0.001         0.002 / 0.019         0.002 / 0.019         0.002 / 0.019       ms
[50.159s][info][gc,stats    ]       Phase: Concurrent Process Non-Strong References      3.473 / 3.932         3.192 / 4.199         3.192 / 4.199         3.192 / 4.199       ms
[50.159s][info][gc,stats    ]       Phase: Concurrent Relocate                          13.398 / 33.079        8.642 / 33.752        8.642 / 33.752        8.642 / 33.752      ms
[50.159s][info][gc,stats    ]       Phase: Concurrent Reset Relocation Set               0.006 / 0.025         0.008 / 0.038         0.008 / 0.038         0.008 / 0.038       ms
[50.159s][info][gc,stats    ]       Phase: Concurrent Select Relocation Set              1.705 / 1.905         1.833 / 3.214         1.833 / 3.214         1.833 / 3.214       ms
[50.159s][info][gc,stats    ]       Phase: Pause Mark End                                0.014 / 0.016         0.016 / 0.044         0.016 / 0.044         0.016 / 0.044       ms
[50.159s][info][gc,stats    ]       Phase: Pause Mark Start                              0.009 / 0.011         0.009 / 0.016         0.009 / 0.016         0.009 / 0.016       ms
[50.159s][info][gc,stats    ]       Phase: Pause Relocate Start                          0.011 / 0.013         0.009 / 0.013         0.009 / 0.013         0.009 / 0.013       ms
[50.160s][info][gc,stats    ]    Subphase: Concurrent Classes Purge                      0.133 / 0.168         0.133 / 0.212         0.133 / 0.212         0.133 / 0.212       ms
[50.160s][info][gc,stats    ]    Subphase: Concurrent Classes Unlink                     2.849 / 3.363         2.520 / 3.459         2.520 / 3.459         2.520 / 3.459       ms
[50.160s][info][gc,stats    ]    Subphase: Concurrent Mark                             159.651 / 324.903     156.545 / 348.053     156.545 / 348.053     156.545 / 348.053     ms
[50.160s][info][gc,stats    ]    Subphase: Concurrent Mark Try Flush                     0.107 / 0.289         0.108 / 0.353         0.108 / 0.353         0.108 / 0.353       ms
[50.160s][info][gc,stats    ]    Subphase: Concurrent Mark Try Terminate                 1.091 / 11.703        3.023 / 17.184        3.023 / 17.184        3.023 / 17.184      ms
[50.160s][info][gc,stats    ]    Subphase: Concurrent References Enqueue                 0.000 / 0.001         0.001 / 0.006         0.001 / 0.006         0.001 / 0.006       ms
[50.160s][info][gc,stats    ]    Subphase: Concurrent References Process                 0.097 / 0.119         0.097 / 0.170         0.097 / 0.170         0.097 / 0.170       ms
[50.160s][info][gc,stats    ]    Subphase: Concurrent Roots ClassLoaderDataGraph         0.144 / 0.205         0.144 / 0.651         0.144 / 0.651         0.144 / 0.651       ms
[50.160s][info][gc,stats    ]    Subphase: Concurrent Roots CodeCache                    0.000 / 0.000         0.000 / 0.000         0.000 / 0.000         0.000 / 0.000       ms
[50.160s][info][gc,stats    ]    Subphase: Concurrent Roots JavaThreads                  0.391 / 0.848         0.413 / 2.348         0.413 / 2.348         0.413 / 2.348       ms
[50.160s][info][gc,stats    ]    Subphase: Concurrent Roots OopStorageSet                0.022 / 0.030         0.034 / 0.104         0.034 / 0.104         0.034 / 0.104       ms
[50.160s][info][gc,stats    ]    Subphase: Concurrent Weak Roots OopStorageSet           0.221 / 0.244         0.264 / 0.588         0.264 / 0.588         0.264 / 0.588       ms
[50.160s][info][gc,stats    ]    Subphase: Pause Mark Try Complete                       0.000 / 0.000         0.000 / 0.000         0.000 / 0.000         0.000 / 0.000       ms
[50.160s][info][gc,stats    ]      System: Java Threads                                     12 / 12               12 / 13               12 / 13               12 / 13          threads
[50.160s][info][gc,stats    ] =========================================================================================================================================================
[50.349s][info][gc,start    ] GC(29) Garbage Collection (Allocation Rate)
[50.349s][info][gc,task     ] GC(29) Using 1 workers
[50.349s][info][gc,phases   ] GC(29) Pause Mark Start 0.010ms
[50.624s][info][gc,phases   ] GC(29) Concurrent Mark 274.352ms
[50.624s][info][gc,phases   ] GC(29) Pause Mark End 0.013ms
[50.624s][info][gc,phases   ] GC(29) Concurrent Mark Free 0.001ms
[50.628s][info][gc,phases   ] GC(29) Concurrent Process Non-Strong References 3.684ms
[50.628s][info][gc,phases   ] GC(29) Concurrent Reset Relocation Set 0.024ms
[50.629s][info][gc,phases   ] GC(29) Concurrent Select Relocation Set 1.585ms
[50.630s][info][gc,phases   ] GC(29) Pause Relocate Start 0.009ms
[50.630s][info][gc,phases   ] GC(29) Concurrent Relocate 0.232ms
[50.630s][info][gc,load     ] GC(29) Load: 0.00/0.00/0.00
[50.630s][info][gc,mmu      ] GC(29) MMU: 2ms/97.8%, 5ms/98.9%, 10ms/99.5%, 20ms/99.7%, 50ms/99.9%, 100ms/99.9%
[50.630s][info][gc,marking  ] GC(29) Mark: 1 stripe(s), 2 proactive flush(es), 1 terminate flush(es), 0 completion(s), 0 continuation(s) 
[50.630s][info][gc,marking  ] GC(29) Mark Stack Usage: 32M
[50.630s][info][gc,nmethod  ] GC(29) NMethods: 2170 registered, 0 unregistered
[50.630s][info][gc,metaspace] GC(29) Metaspace: 11M used, 11M committed, 1088M reserved
[50.630s][info][gc,ref      ] GC(29) Soft: 3500 encountered, 0 discovered, 0 enqueued
[50.630s][info][gc,ref      ] GC(29) Weak: 934 encountered, 57 discovered, 0 enqueued
[50.630s][info][gc,ref      ] GC(29) Final: 3 encountered, 0 discovered, 0 enqueued
[50.630s][info][gc,ref      ] GC(29) Phantom: 20 encountered, 13 discovered, 0 enqueued
[50.630s][info][gc,reloc    ] GC(29) Small Pages: 1618 / 3236M, Empty: 3012M, Relocated: 0M, In-Place: 0
[50.630s][info][gc,reloc    ] GC(29) Medium Pages: 1 / 32M, Empty: 0M, Relocated: 0M, In-Place: 0
[50.630s][info][gc,reloc    ] GC(29) Large Pages: 0 / 0M, Empty: 0M, Relocated: 0M, In-Place: 0
[50.630s][info][gc,reloc    ] GC(29) Forwarding Usage: 0M
[50.630s][info][gc,heap     ] GC(29) Min Capacity: 4096M(100%)
[50.630s][info][gc,heap     ] GC(29) Max Capacity: 4096M(100%)
[50.630s][info][gc,heap     ] GC(29) Soft Max Capacity: 4096M(100%)
[50.630s][info][gc,heap     ] GC(29)                Mark Start          Mark End        Relocate Start      Relocate End           High               Low         
[50.630s][info][gc,heap     ] GC(29)  Capacity:     4096M (100%)       4096M (100%)       4096M (100%)       4096M (100%)       4096M (100%)       4096M (100%)   
[50.630s][info][gc,heap     ] GC(29)      Free:      828M (20%)         458M (11%)        3464M (85%)        3508M (86%)        3508M (86%)         454M (11%)    
[50.630s][info][gc,heap     ] GC(29)      Used:     3268M (80%)        3638M (89%)         632M (15%)         588M (14%)        3642M (89%)         588M (14%)    
[50.630s][info][gc,heap     ] GC(29)      Live:         -               175M (4%)          175M (4%)          175M (4%)             -                  -          
[50.630s][info][gc,heap     ] GC(29) Allocated:         -               370M (9%)          376M (9%)          375M (9%)             -                  -          
[50.630s][info][gc,heap     ] GC(29)   Garbage:         -              3092M (76%)          80M (2%)           36M (1%)             -                  -          
[50.630s][info][gc,heap     ] GC(29) Reclaimed:         -                  -              3012M (74%)        3055M (75%)            -                  -          
[50.630s][info][gc          ] GC(29) Garbage Collection (Allocation Rate) 3268M(80%)->588M(14%)
[52.648s][info][gc,start    ] GC(30) Garbage Collection (Allocation Rate)
[52.648s][info][gc,task     ] GC(30) Using 1 workers
[52.648s][info][gc,phases   ] GC(30) Pause Mark Start 0.007ms
[52.974s][info][gc,phases   ] GC(30) Concurrent Mark 325.652ms
[52.974s][info][gc,phases   ] GC(30) Pause Mark End 0.012ms
[52.974s][info][gc,phases   ] GC(30) Concurrent Mark Free 0.001ms
[52.977s][info][gc,phases   ] GC(30) Concurrent Process Non-Strong References 3.218ms
[52.978s][info][gc,phases   ] GC(30) Concurrent Reset Relocation Set 0.002ms
[52.979s][info][gc,phases   ] GC(30) Concurrent Select Relocation Set 1.565ms
[52.979s][info][gc,phases   ] GC(30) Pause Relocate Start 0.011ms
[52.980s][info][gc,phases   ] GC(30) Concurrent Relocate 0.246ms
[52.980s][info][gc,load     ] GC(30) Load: 0.00/0.00/0.00
[52.980s][info][gc,mmu      ] GC(30) MMU: 2ms/97.8%, 5ms/98.9%, 10ms/99.5%, 20ms/99.7%, 50ms/99.9%, 100ms/99.9%
[52.980s][info][gc,marking  ] GC(30) Mark: 1 stripe(s), 2 proactive flush(es), 1 terminate flush(es), 0 completion(s), 0 continuation(s) 
[52.980s][info][gc,marking  ] GC(30) Mark Stack Usage: 32M
[52.980s][info][gc,nmethod  ] GC(30) NMethods: 2170 registered, 0 unregistered
[52.980s][info][gc,metaspace] GC(30) Metaspace: 11M used, 11M committed, 1088M reserved
[52.980s][info][gc,ref      ] GC(30) Soft: 3500 encountered, 0 discovered, 0 enqueued
[52.980s][info][gc,ref      ] GC(30) Weak: 934 encountered, 57 discovered, 0 enqueued
[52.980s][info][gc,ref      ] GC(30) Final: 3 encountered, 0 discovered, 0 enqueued
[52.980s][info][gc,ref      ] GC(30) Phantom: 20 encountered, 13 discovered, 0 enqueued
[52.980s][info][gc,reloc    ] GC(30) Small Pages: 1663 / 3326M, Empty: 3140M, Relocated: 0M, In-Place: 0
[52.980s][info][gc,reloc    ] GC(30) Medium Pages: 1 / 32M, Empty: 0M, Relocated: 0M, In-Place: 0
[52.980s][info][gc,reloc    ] GC(30) Large Pages: 0 / 0M, Empty: 0M, Relocated: 0M, In-Place: 0
[52.980s][info][gc,reloc    ] GC(30) Forwarding Usage: 0M
[52.980s][info][gc,heap     ] GC(30) Min Capacity: 4096M(100%)
[52.980s][info][gc,heap     ] GC(30) Max Capacity: 4096M(100%)
[52.980s][info][gc,heap     ] GC(30) Soft Max Capacity: 4096M(100%)
[52.980s][info][gc,heap     ] GC(30)                Mark Start          Mark End        Relocate Start      Relocate End           High               Low         
[52.980s][info][gc,heap     ] GC(30)  Capacity:     4096M (100%)       4096M (100%)       4096M (100%)       4096M (100%)       4096M (100%)       4096M (100%)   
[52.980s][info][gc,heap     ] GC(30)      Free:      738M (18%)         342M (8%)         3478M (85%)        3484M (85%)        3484M (85%)         340M (8%)     
[52.980s][info][gc,heap     ] GC(30)      Used:     3358M (82%)        3754M (92%)         618M (15%)         612M (15%)        3756M (92%)         612M (15%)    
[52.980s][info][gc,heap     ] GC(30)      Live:         -               175M (4%)          175M (4%)          175M (4%)             -                  -          
[52.980s][info][gc,heap     ] GC(30) Allocated:         -               396M (10%)         400M (10%)         399M (10%)            -                  -          
[52.980s][info][gc,heap     ] GC(30)   Garbage:         -              3182M (78%)          42M (1%)           36M (1%)             -                  -          
[52.980s][info][gc,heap     ] GC(30) Reclaimed:         -                  -              3140M (77%)        3145M (77%)            -                  -          
[52.980s][info][gc          ] GC(30) Garbage Collection (Allocation Rate) 3358M(82%)->612M(15%)
[54.559s][info][gc,start    ] GC(31) Garbage Collection (System.gc())
[54.559s][info][gc,task     ] GC(31) Using 2 workers
[54.559s][info][gc,phases   ] GC(31) Pause Mark Start 0.006ms
[54.565s][info][gc,phases   ] GC(31) Concurrent Mark 6.256ms
[54.566s][info][gc,phases   ] GC(31) Pause Mark End 0.010ms
[54.566s][info][gc,phases   ] GC(31) Concurrent Mark Free 0.001ms
[54.568s][info][gc,phases   ] GC(31) Concurrent Process Non-Strong References 2.399ms
[54.568s][info][gc,phases   ] GC(31) Concurrent Reset Relocation Set 0.001ms
[54.570s][info][gc,phases   ] GC(31) Concurrent Select Relocation Set 1.940ms
[54.570s][info][gc,phases   ] GC(31) Pause Relocate Start 0.008ms
[54.571s][info][gc,phases   ] GC(31) Concurrent Relocate 0.502ms
[54.571s][info][gc,load     ] GC(31) Load: 0.00/0.00/0.00
[54.571s][info][gc,mmu      ] GC(31) MMU: 2ms/97.8%, 5ms/98.9%, 10ms/99.5%, 20ms/99.7%, 50ms/99.9%, 100ms/99.9%
[54.571s][info][gc,marking  ] GC(31) Mark: 2 stripe(s), 1 proactive flush(es), 1 terminate flush(es), 0 completion(s), 0 continuation(s) 
[54.571s][info][gc,marking  ] GC(31) Mark Stack Usage: 32M
[54.571s][info][gc,nmethod  ] GC(31) NMethods: 2172 registered, 0 unregistered
[54.571s][info][gc,metaspace] GC(31) Metaspace: 11M used, 11M committed, 1088M reserved
[54.571s][info][gc,ref      ] GC(31) Soft: 3500 encountered, 0 discovered, 0 enqueued
[54.571s][info][gc,ref      ] GC(31) Weak: 934 encountered, 208 discovered, 0 enqueued
[54.571s][info][gc,ref      ] GC(31) Final: 3 encountered, 3 discovered, 0 enqueued
[54.571s][info][gc,ref      ] GC(31) Phantom: 17 encountered, 9 discovered, 0 enqueued
[54.571s][info][gc,reloc    ] GC(31) Small Pages: 1366 / 2732M, Empty: 2720M, Relocated: 0M, In-Place: 0
[54.571s][info][gc,reloc    ] GC(31) Medium Pages: 1 / 32M, Empty: 0M, Relocated: 0M, In-Place: 0
[54.571s][info][gc,reloc    ] GC(31) Large Pages: 0 / 0M, Empty: 0M, Relocated: 0M, In-Place: 0
[54.571s][info][gc,reloc    ] GC(31) Forwarding Usage: 0M
[54.571s][info][gc,heap     ] GC(31) Min Capacity: 4096M(100%)
[54.571s][info][gc,heap     ] GC(31) Max Capacity: 4096M(100%)
[54.571s][info][gc,heap     ] GC(31) Soft Max Capacity: 4096M(100%)
[54.571s][info][gc,heap     ] GC(31)                Mark Start          Mark End        Relocate Start      Relocate End           High               Low         
[54.571s][info][gc,heap     ] GC(31)  Capacity:     4096M (100%)       4096M (100%)       4096M (100%)       4096M (100%)       4096M (100%)       4096M (100%)   
[54.571s][info][gc,heap     ] GC(31)      Free:     1332M (33%)        1332M (33%)        4052M (99%)        4054M (99%)        4054M (99%)        1332M (33%)    
[54.571s][info][gc,heap     ] GC(31)      Used:     2764M (67%)        2764M (67%)          44M (1%)           42M (1%)         2764M (67%)          42M (1%)     
[54.571s][info][gc,heap     ] GC(31)      Live:         -                 6M (0%)            6M (0%)            6M (0%)             -                  -          
[54.571s][info][gc,heap     ] GC(31) Allocated:         -                 0M (0%)            0M (0%)            0M (0%)             -                  -          
[54.571s][info][gc,heap     ] GC(31)   Garbage:         -              2757M (67%)          37M (1%)           35M (1%)             -                  -          
[54.571s][info][gc,heap     ] GC(31) Reclaimed:         -                  -              2720M (66%)        2722M (66%)            -                  -          
[54.571s][info][gc          ] GC(31) Garbage Collection (System.gc()) 2764M(67%)->42M(1%)
[55.754s][info][gc,start    ] GC(32) Garbage Collection (Allocation Rate)
[55.754s][info][gc,task     ] GC(32) Using 1 workers
[55.754s][info][gc,phases   ] GC(32) Pause Mark Start 0.011ms
[55.950s][info][gc,phases   ] GC(32) Concurrent Mark 195.221ms
[55.950s][info][gc,phases   ] GC(32) Pause Mark End 0.010ms
[55.950s][info][gc,phases   ] GC(32) Concurrent Mark Free 0.001ms
[55.954s][info][gc,phases   ] GC(32) Concurrent Process Non-Strong References 3.620ms
[55.954s][info][gc,phases   ] GC(32) Concurrent Reset Relocation Set 0.001ms
[55.956s][info][gc,phases   ] GC(32) Concurrent Select Relocation Set 2.000ms
[55.956s][info][gc,phases   ] GC(32) Pause Relocate Start 0.007ms
[55.988s][info][gc,phases   ] GC(32) Concurrent Relocate 32.755ms
[55.989s][info][gc,load     ] GC(32) Load: 0.00/0.00/0.00
[55.989s][info][gc,mmu      ] GC(32) MMU: 2ms/97.8%, 5ms/98.9%, 10ms/99.5%, 20ms/99.7%, 50ms/99.9%, 100ms/99.9%
[55.989s][info][gc,marking  ] GC(32) Mark: 1 stripe(s), 2 proactive flush(es), 1 terminate flush(es), 0 completion(s), 0 continuation(s) 
[55.989s][info][gc,marking  ] GC(32) Mark Stack Usage: 32M
[55.989s][info][gc,nmethod  ] GC(32) NMethods: 2172 registered, 0 unregistered
[55.989s][info][gc,metaspace] GC(32) Metaspace: 11M used, 11M committed, 1088M reserved
[55.989s][info][gc,ref      ] GC(32) Soft: 3500 encountered, 0 discovered, 0 enqueued
[55.989s][info][gc,ref      ] GC(32) Weak: 934 encountered, 57 discovered, 0 enqueued
[55.989s][info][gc,ref      ] GC(32) Final: 3 encountered, 0 discovered, 0 enqueued
[55.989s][info][gc,ref      ] GC(32) Phantom: 20 encountered, 13 discovered, 0 enqueued
[55.989s][info][gc,reloc    ] GC(32) Small Pages: 1245 / 2490M, Empty: 1056M, Relocated: 169M, In-Place: 0
[55.989s][info][gc,reloc    ] GC(32) Medium Pages: 1 / 32M, Empty: 0M, Relocated: 0M, In-Place: 0
[55.989s][info][gc,reloc    ] GC(32) Large Pages: 0 / 0M, Empty: 0M, Relocated: 0M, In-Place: 0
[55.989s][info][gc,reloc    ] GC(32) Forwarding Usage: 1M
[55.989s][info][gc,heap     ] GC(32) Min Capacity: 4096M(100%)
[55.989s][info][gc,heap     ] GC(32) Max Capacity: 4096M(100%)
[55.989s][info][gc,heap     ] GC(32) Soft Max Capacity: 4096M(100%)
[55.989s][info][gc,heap     ] GC(32)                Mark Start          Mark End        Relocate Start      Relocate End           High               Low         
[55.989s][info][gc,heap     ] GC(32)  Capacity:     4096M (100%)       4096M (100%)       4096M (100%)       4096M (100%)       4096M (100%)       4096M (100%)   
[55.989s][info][gc,heap     ] GC(32)      Free:     1574M (38%)        1304M (32%)        2352M (57%)        3560M (87%)        3562M (87%)        1298M (32%)    
[55.989s][info][gc,heap     ] GC(32)      Used:     2522M (62%)        2792M (68%)        1744M (43%)         536M (13%)        2798M (68%)         534M (13%)    
[55.989s][info][gc,heap     ] GC(32)      Live:         -               175M (4%)          175M (4%)          175M (4%)             -                  -          
[55.989s][info][gc,heap     ] GC(32) Allocated:         -               270M (7%)          278M (7%)          323M (8%)             -                  -          
[55.989s][info][gc,heap     ] GC(32)   Garbage:         -              2346M (57%)        1290M (32%)          37M (1%)             -                  -          
[55.989s][info][gc,heap     ] GC(32) Reclaimed:         -                  -              1056M (26%)        2309M (56%)            -                  -          
[55.989s][info][gc          ] GC(32) Garbage Collection (Allocation Rate) 2522M(62%)->536M(13%)
[57.960s][info][gc,start    ] GC(33) Garbage Collection (Allocation Rate)
[57.960s][info][gc,task     ] GC(33) Using 1 workers
[57.960s][info][gc,phases   ] GC(33) Pause Mark Start 0.008ms
[58.257s][info][gc,phases   ] GC(33) Concurrent Mark 297.194ms
[58.257s][info][gc,phases   ] GC(33) Pause Mark End 0.013ms
[58.258s][info][gc,phases   ] GC(33) Concurrent Mark Free 0.001ms
[58.261s][info][gc,phases   ] GC(33) Concurrent Process Non-Strong References 3.706ms
[58.261s][info][gc,phases   ] GC(33) Concurrent Reset Relocation Set 0.028ms
[58.263s][info][gc,phases   ] GC(33) Concurrent Select Relocation Set 1.636ms
[58.263s][info][gc,phases   ] GC(33) Pause Relocate Start 0.010ms
[58.264s][info][gc,phases   ] GC(33) Concurrent Relocate 0.410ms
[58.264s][info][gc,load     ] GC(33) Load: 0.00/0.00/0.00
[58.264s][info][gc,mmu      ] GC(33) MMU: 2ms/97.8%, 5ms/98.9%, 10ms/99.5%, 20ms/99.7%, 50ms/99.9%, 100ms/99.9%
[58.264s][info][gc,marking  ] GC(33) Mark: 1 stripe(s), 2 proactive flush(es), 1 terminate flush(es), 0 completion(s), 0 continuation(s) 
[58.264s][info][gc,marking  ] GC(33) Mark Stack Usage: 32M
[58.264s][info][gc,nmethod  ] GC(33) NMethods: 2172 registered, 0 unregistered
[58.264s][info][gc,metaspace] GC(33) Metaspace: 11M used, 11M committed, 1088M reserved
[58.264s][info][gc,ref      ] GC(33) Soft: 3500 encountered, 0 discovered, 0 enqueued
[58.264s][info][gc,ref      ] GC(33) Weak: 934 encountered, 57 discovered, 0 enqueued
[58.264s][info][gc,ref      ] GC(33) Final: 3 encountered, 0 discovered, 0 enqueued
[58.264s][info][gc,ref      ] GC(33) Phantom: 20 encountered, 13 discovered, 0 enqueued
[58.264s][info][gc,reloc    ] GC(33) Small Pages: 1625 / 3250M, Empty: 3044M, Relocated: 0M, In-Place: 0
[58.264s][info][gc,reloc    ] GC(33) Medium Pages: 1 / 32M, Empty: 0M, Relocated: 0M, In-Place: 0
[58.264s][info][gc,reloc    ] GC(33) Large Pages: 0 / 0M, Empty: 0M, Relocated: 0M, In-Place: 0
[58.264s][info][gc,reloc    ] GC(33) Forwarding Usage: 0M
[58.264s][info][gc,heap     ] GC(33) Min Capacity: 4096M(100%)
[58.264s][info][gc,heap     ] GC(33) Max Capacity: 4096M(100%)
[58.264s][info][gc,heap     ] GC(33) Soft Max Capacity: 4096M(100%)
[58.264s][info][gc,heap     ] GC(33)                Mark Start          Mark End        Relocate Start      Relocate End           High               Low         
[58.264s][info][gc,heap     ] GC(33)  Capacity:     4096M (100%)       4096M (100%)       4096M (100%)       4096M (100%)       4096M (100%)       4096M (100%)   
[58.264s][info][gc,heap     ] GC(33)      Free:      814M (20%)         418M (10%)        3454M (84%)        3480M (85%)        3480M (85%)         412M (10%)    
[58.264s][info][gc,heap     ] GC(33)      Used:     3282M (80%)        3678M (90%)         642M (16%)         616M (15%)        3684M (90%)         616M (15%)    
[58.264s][info][gc,heap     ] GC(33)      Live:         -               175M (4%)          175M (4%)          175M (4%)             -                  -          
[58.264s][info][gc,heap     ] GC(33) Allocated:         -               396M (10%)         404M (10%)         403M (10%)            -                  -          
[58.264s][info][gc,heap     ] GC(33)   Garbage:         -              3106M (76%)          62M (2%)           36M (1%)             -                  -          
[58.264s][info][gc,heap     ] GC(33) Reclaimed:         -                  -              3044M (74%)        3069M (75%)            -                  -          
[58.264s][info][gc          ] GC(33) Garbage Collection (Allocation Rate) 3282M(80%)->616M(15%)
[60.161s][info][gc,stats    ] === Garbage Collection Statistics =======================================================================================================================
[60.161s][info][gc,start    ] GC(34) Garbage Collection (Allocation Rate)
[60.161s][info][gc,stats    ]                                                              Last 10s              Last 10m              Last 10h                Total
[60.161s][info][gc,task     ] GC(34) Using 1 workers
[60.161s][info][gc,stats    ]                                                              Avg / Max             Avg / Max             Avg / Max             Avg / Max
[60.161s][info][gc,phases   ] GC(34) Pause Mark Start 0.010ms
[60.161s][info][gc,stats    ]   Collector: Garbage Collection Cycle                    232.464 / 331.562     213.499 / 355.020     213.499 / 355.020     213.499 / 355.020     ms
[60.162s][info][gc,stats    ]  Contention: Mark Segment Reset Contention                     0 / 0                 0 / 2                 0 / 2                 0 / 2           ops/s
[60.162s][info][gc,stats    ]  Contention: Mark SeqNum Reset Contention                      0 / 2                 0 / 2                 0 / 2                 0 / 2           ops/s
[60.162s][info][gc,stats    ]    Critical: Allocation Stall                                  0 / 0                 0 / 0                 0 / 0                 0 / 0           ops/s
[60.162s][info][gc,stats    ]    Critical: Allocation Stall                              0.000 / 0.000         0.000 / 0.000         0.000 / 0.000         0.000 / 0.000       ms
[60.162s][info][gc,stats    ]    Critical: GC Locker Stall                                   0 / 0                 0 / 0                 0 / 0                 0 / 0           ops/s
[60.162s][info][gc,stats    ]    Critical: GC Locker Stall                               0.000 / 0.000         0.000 / 0.000         0.000 / 0.000         0.000 / 0.000       ms
[60.162s][info][gc,stats    ]    Critical: Relocation Stall                                  0 / 0                 0 / 0                 0 / 0                 0 / 0           ops/s
[60.162s][info][gc,stats    ]    Critical: Relocation Stall                              0.000 / 0.000         0.000 / 0.000         0.000 / 0.000         0.000 / 0.000       ms
[60.162s][info][gc,stats    ]      Memory: Allocation Rate                                1459 / 2156           1414 / 2188           1414 / 2188           1414 / 2188        MB/s
[60.162s][info][gc,stats    ]      Memory: Out Of Memory                                     0 / 0                 0 / 0                 0 / 0                 0 / 0           ops/s
[60.162s][info][gc,stats    ]      Memory: Page Cache Flush                                  0 / 0                 0 / 0                 0 / 0                 0 / 0           MB/s
[60.162s][info][gc,stats    ]      Memory: Page Cache Hit L1                               737 / 1080            688 / 1096            688 / 1096            688 / 1096        ops/s
[60.162s][info][gc,stats    ]      Memory: Page Cache Hit L2                                 0 / 0                 0 / 0                 0 / 0                 0 / 0           ops/s
[60.162s][info][gc,stats    ]      Memory: Page Cache Hit L3                                 1 / 12               31 / 520              31 / 520              31 / 520         ops/s
[60.162s][info][gc,stats    ]      Memory: Page Cache Miss                                   0 / 0                 0 / 1                 0 / 1                 0 / 1           ops/s
[60.162s][info][gc,stats    ]      Memory: Uncommit                                          0 / 0                 0 / 0                 0 / 0                 0 / 0           MB/s
[60.162s][info][gc,stats    ]      Memory: Undo Object Allocation Failed                     0 / 0                 0 / 0                 0 / 0                 0 / 0           ops/s
[60.162s][info][gc,stats    ]      Memory: Undo Object Allocation Succeeded                  0 / 0                 0 / 1                 0 / 1                 0 / 1           ops/s
[60.162s][info][gc,stats    ]      Memory: Undo Page Allocation                              0 / 0                 0 / 0                 0 / 0                 0 / 0           ops/s
[60.162s][info][gc,stats    ]       Phase: Concurrent Mark                             219.735 / 325.652     199.205 / 348.596     199.205 / 348.596     199.205 / 348.596     ms
[60.162s][info][gc,stats    ]       Phase: Concurrent Mark Continue                      0.000 / 0.000         0.000 / 0.000         0.000 / 0.000         0.000 / 0.000       ms
[60.162s][info][gc,stats    ]       Phase: Concurrent Mark Free                          0.001 / 0.001         0.002 / 0.019         0.002 / 0.019         0.002 / 0.019       ms
[60.162s][info][gc,stats    ]       Phase: Concurrent Process Non-Strong References      3.325 / 3.706         3.212 / 4.199         3.212 / 4.199         3.212 / 4.199       ms
[60.162s][info][gc,stats    ]       Phase: Concurrent Relocate                           6.829 / 32.755        8.375 / 33.752        8.375 / 33.752        8.375 / 33.752      ms
[60.162s][info][gc,stats    ]       Phase: Concurrent Reset Relocation Set               0.011 / 0.028         0.008 / 0.038         0.008 / 0.038         0.008 / 0.038       ms
[60.162s][info][gc,stats    ]       Phase: Concurrent Select Relocation Set              1.745 / 2.000         1.820 / 3.214         1.820 / 3.214         1.820 / 3.214       ms
[60.162s][info][gc,stats    ]       Phase: Pause Mark End                                0.012 / 0.013         0.015 / 0.044         0.015 / 0.044         0.015 / 0.044       ms
[60.162s][info][gc,stats    ]       Phase: Pause Mark Start                              0.008 / 0.011         0.009 / 0.016         0.009 / 0.016         0.009 / 0.016       ms
[60.162s][info][gc,stats    ]       Phase: Pause Relocate Start                          0.009 / 0.011         0.009 / 0.013         0.009 / 0.013         0.009 / 0.013       ms
[60.162s][info][gc,stats    ]    Subphase: Concurrent Classes Purge                      0.137 / 0.192         0.133 / 0.212         0.133 / 0.212         0.133 / 0.212       ms
[60.162s][info][gc,stats    ]    Subphase: Concurrent Classes Unlink                     2.618 / 2.908         2.534 / 3.459         2.534 / 3.459         2.534 / 3.459       ms
[60.162s][info][gc,stats    ]    Subphase: Concurrent Mark                             183.059 / 324.608     160.004 / 348.053     160.004 / 348.053     160.004 / 348.053     ms
[60.162s][info][gc,stats    ]    Subphase: Concurrent Mark Try Flush                     0.116 / 0.354         0.110 / 0.354         0.110 / 0.354         0.110 / 0.354       ms
[60.162s][info][gc,stats    ]    Subphase: Concurrent Mark Try Terminate                 0.256 / 2.458         2.685 / 17.184        2.685 / 17.184        2.685 / 17.184      ms
[60.162s][info][gc,stats    ]    Subphase: Concurrent References Enqueue                 0.000 / 0.001         0.001 / 0.006         0.001 / 0.006         0.001 / 0.006       ms
[60.162s][info][gc,stats    ]    Subphase: Concurrent References Process                 0.074 / 0.118         0.094 / 0.170         0.094 / 0.170         0.094 / 0.170       ms
[60.162s][info][gc,stats    ]    Subphase: Concurrent Roots ClassLoaderDataGraph         0.139 / 0.207         0.144 / 0.651         0.144 / 0.651         0.144 / 0.651       ms
[60.162s][info][gc,stats    ]    Subphase: Concurrent Roots CodeCache                    0.000 / 0.000         0.000 / 0.000         0.000 / 0.000         0.000 / 0.000       ms
[60.162s][info][gc,stats    ]    Subphase: Concurrent Roots JavaThreads                  0.382 / 0.673         0.409 / 2.348         0.409 / 2.348         0.409 / 2.348       ms
[60.162s][info][gc,stats    ]    Subphase: Concurrent Roots OopStorageSet                0.028 / 0.051         0.033 / 0.104         0.033 / 0.104         0.033 / 0.104       ms
[60.162s][info][gc,stats    ]    Subphase: Concurrent Weak Roots OopStorageSet           0.300 / 0.447         0.269 / 0.588         0.269 / 0.588         0.269 / 0.588       ms
[60.162s][info][gc,stats    ]    Subphase: Pause Mark Try Complete                       0.000 / 0.000         0.000 / 0.000         0.000 / 0.000         0.000 / 0.000       ms
[60.162s][info][gc,stats    ]      System: Java Threads                                     12 / 12               12 / 13               12 / 13               12 / 13          threads
[60.162s][info][gc,stats    ] =========================================================================================================================================================
[60.378s][info][gc,phases   ] GC(34) Concurrent Mark 215.952ms
[60.378s][info][gc,phases   ] GC(34) Pause Mark End 0.013ms
[60.378s][info][gc,phases   ] GC(34) Concurrent Mark Free 0.001ms
[60.381s][info][gc,phases   ] GC(34) Concurrent Process Non-Strong References 3.684ms
[60.381s][info][gc,phases   ] GC(34) Concurrent Reset Relocation Set 0.002ms
[60.383s][info][gc,phases   ] GC(34) Concurrent Select Relocation Set 1.557ms
[60.383s][info][gc,phases   ] GC(34) Pause Relocate Start 0.008ms
[60.383s][info][gc,phases   ] GC(34) Concurrent Relocate 0.249ms
[60.384s][info][gc,load     ] GC(34) Load: 0.00/0.00/0.00
[60.384s][info][gc,mmu      ] GC(34) MMU: 2ms/97.8%, 5ms/98.9%, 10ms/99.5%, 20ms/99.7%, 50ms/99.9%, 100ms/99.9%
[60.384s][info][gc,marking  ] GC(34) Mark: 1 stripe(s), 2 proactive flush(es), 1 terminate flush(es), 0 completion(s), 0 continuation(s) 
[60.384s][info][gc,marking  ] GC(34) Mark Stack Usage: 32M
[60.384s][info][gc,nmethod  ] GC(34) NMethods: 2172 registered, 0 unregistered
[60.384s][info][gc,metaspace] GC(34) Metaspace: 11M used, 11M committed, 1088M reserved
[60.384s][info][gc,ref      ] GC(34) Soft: 3500 encountered, 0 discovered, 0 enqueued
[60.384s][info][gc,ref      ] GC(34) Weak: 934 encountered, 57 discovered, 0 enqueued
[60.384s][info][gc,ref      ] GC(34) Final: 3 encountered, 0 discovered, 0 enqueued
[60.384s][info][gc,ref      ] GC(34) Phantom: 20 encountered, 13 discovered, 0 enqueued
[60.384s][info][gc,reloc    ] GC(34) Small Pages: 1629 / 3258M, Empty: 3074M, Relocated: 0M, In-Place: 0
[60.384s][info][gc,reloc    ] GC(34) Medium Pages: 1 / 32M, Empty: 0M, Relocated: 0M, In-Place: 0
[60.384s][info][gc,reloc    ] GC(34) Large Pages: 0 / 0M, Empty: 0M, Relocated: 0M, In-Place: 0
[60.384s][info][gc,reloc    ] GC(34) Forwarding Usage: 0M
[60.384s][info][gc,heap     ] GC(34) Min Capacity: 4096M(100%)
[60.384s][info][gc,heap     ] GC(34) Max Capacity: 4096M(100%)
[60.384s][info][gc,heap     ] GC(34) Soft Max Capacity: 4096M(100%)
[60.384s][info][gc,heap     ] GC(34)                Mark Start          Mark End        Relocate Start      Relocate End           High               Low         
[60.384s][info][gc,heap     ] GC(34)  Capacity:     4096M (100%)       4096M (100%)       4096M (100%)       4096M (100%)       4096M (100%)       4096M (100%)   
[60.384s][info][gc,heap     ] GC(34)      Free:      806M (20%)         498M (12%)        3566M (87%)        3570M (87%)        3570M (87%)         496M (12%)    
[60.384s][info][gc,heap     ] GC(34)      Used:     3290M (80%)        3598M (88%)         530M (13%)         526M (13%)        3600M (88%)         526M (13%)    
[60.384s][info][gc,heap     ] GC(34)      Live:         -               175M (4%)          175M (4%)          175M (4%)             -                  -          
[60.384s][info][gc,heap     ] GC(34) Allocated:         -               308M (8%)          314M (8%)          313M (8%)             -                  -          
[60.384s][info][gc,heap     ] GC(34)   Garbage:         -              3114M (76%)          40M (1%)           36M (1%)             -                  -          
[60.384s][info][gc,heap     ] GC(34) Reclaimed:         -                  -              3074M (75%)        3077M (75%)            -                  -          
[60.384s][info][gc          ] GC(34) Garbage Collection (Allocation Rate) 3290M(80%)->526M(13%)
[61.780s][info][gc,start    ] GC(35) Garbage Collection (System.gc())
[61.780s][info][gc,task     ] GC(35) Using 2 workers
[61.780s][info][gc,phases   ] GC(35) Pause Mark Start 0.008ms
[61.792s][info][gc,phases   ] GC(35) Concurrent Mark 11.809ms
[61.792s][info][gc,phases   ] GC(35) Pause Mark End 0.020ms
[61.792s][info][gc,phases   ] GC(35) Concurrent Mark Free 0.001ms
[61.794s][info][gc,phases   ] GC(35) Concurrent Process Non-Strong References 2.273ms
[61.795s][info][gc,phases   ] GC(35) Concurrent Reset Relocation Set 0.001ms
[61.796s][info][gc,phases   ] GC(35) Concurrent Select Relocation Set 1.362ms
[61.796s][info][gc,phases   ] GC(35) Pause Relocate Start 0.010ms
[61.796s][info][gc,phases   ] GC(35) Concurrent Relocate 0.360ms
[61.796s][info][gc,load     ] GC(35) Load: 0.00/0.00/0.00
[61.796s][info][gc,mmu      ] GC(35) MMU: 2ms/97.8%, 5ms/98.9%, 10ms/99.5%, 20ms/99.7%, 50ms/99.9%, 100ms/99.9%
[61.797s][info][gc,marking  ] GC(35) Mark: 2 stripe(s), 1 proactive flush(es), 1 terminate flush(es), 0 completion(s), 0 continuation(s) 
[61.797s][info][gc,marking  ] GC(35) Mark Stack Usage: 32M
[61.797s][info][gc,nmethod  ] GC(35) NMethods: 2172 registered, 0 unregistered
[61.797s][info][gc,metaspace] GC(35) Metaspace: 11M used, 11M committed, 1088M reserved
[61.797s][info][gc,ref      ] GC(35) Soft: 3500 encountered, 0 discovered, 0 enqueued
[61.797s][info][gc,ref      ] GC(35) Weak: 934 encountered, 47 discovered, 0 enqueued
[61.797s][info][gc,ref      ] GC(35) Final: 3 encountered, 1 discovered, 0 enqueued
[61.797s][info][gc,ref      ] GC(35) Phantom: 17 encountered, 7 discovered, 0 enqueued
[61.797s][info][gc,reloc    ] GC(35) Small Pages: 1216 / 2432M, Empty: 2418M, Relocated: 0M, In-Place: 0
[61.797s][info][gc,reloc    ] GC(35) Medium Pages: 1 / 32M, Empty: 0M, Relocated: 0M, In-Place: 0
[61.797s][info][gc,reloc    ] GC(35) Large Pages: 0 / 0M, Empty: 0M, Relocated: 0M, In-Place: 0
[61.797s][info][gc,reloc    ] GC(35) Forwarding Usage: 0M
[61.797s][info][gc,heap     ] GC(35) Min Capacity: 4096M(100%)
[61.797s][info][gc,heap     ] GC(35) Max Capacity: 4096M(100%)
[61.797s][info][gc,heap     ] GC(35) Soft Max Capacity: 4096M(100%)
[61.797s][info][gc,heap     ] GC(35)                Mark Start          Mark End        Relocate Start      Relocate End           High               Low         
[61.797s][info][gc,heap     ] GC(35)  Capacity:     4096M (100%)       4096M (100%)       4096M (100%)       4096M (100%)       4096M (100%)       4096M (100%)   
[61.797s][info][gc,heap     ] GC(35)      Free:     1632M (40%)        1632M (40%)        4050M (99%)        4054M (99%)        4054M (99%)        1632M (40%)    
[61.797s][info][gc,heap     ] GC(35)      Used:     2464M (60%)        2464M (60%)          46M (1%)           42M (1%)         2464M (60%)          42M (1%)     
[61.797s][info][gc,heap     ] GC(35)      Live:         -                 6M (0%)            6M (0%)            6M (0%)             -                  -          
[61.797s][info][gc,heap     ] GC(35) Allocated:         -                 0M (0%)            0M (0%)            0M (0%)             -                  -          
[61.797s][info][gc,heap     ] GC(35)   Garbage:         -              2457M (60%)          39M (1%)           35M (1%)             -                  -          
[61.797s][info][gc,heap     ] GC(35) Reclaimed:         -                  -              2418M (59%)        2422M (59%)            -                  -          
[61.797s][info][gc          ] GC(35) Garbage Collection (System.gc()) 2464M(60%)->42M(1%)
[62.749s][info][gc,start    ] GC(36) Garbage Collection (Allocation Rate)
[62.749s][info][gc,task     ] GC(36) Using 1 workers
[62.749s][info][gc,phases   ] GC(36) Pause Mark Start 0.009ms
[62.943s][info][gc,phases   ] GC(36) Concurrent Mark 193.194ms
[62.943s][info][gc,phases   ] GC(36) Pause Mark End 0.015ms
[62.943s][info][gc,phases   ] GC(36) Concurrent Mark Free 0.001ms
[62.947s][info][gc,phases   ] GC(36) Concurrent Process Non-Strong References 4.005ms
[62.947s][info][gc,phases   ] GC(36) Concurrent Reset Relocation Set 0.001ms
[62.949s][info][gc,phases   ] GC(36) Concurrent Select Relocation Set 2.018ms
[62.949s][info][gc,phases   ] GC(36) Pause Relocate Start 0.009ms
[62.982s][info][gc,phases   ] GC(36) Concurrent Relocate 32.652ms
[62.982s][info][gc,load     ] GC(36) Load: 0.00/0.00/0.00
[62.982s][info][gc,mmu      ] GC(36) MMU: 2ms/97.8%, 5ms/98.9%, 10ms/99.5%, 20ms/99.7%, 50ms/99.9%, 100ms/99.9%
[62.982s][info][gc,marking  ] GC(36) Mark: 1 stripe(s), 2 proactive flush(es), 1 terminate flush(es), 0 completion(s), 0 continuation(s) 
[62.982s][info][gc,marking  ] GC(36) Mark Stack Usage: 32M
[62.982s][info][gc,nmethod  ] GC(36) NMethods: 2172 registered, 0 unregistered
[62.982s][info][gc,metaspace] GC(36) Metaspace: 11M used, 11M committed, 1088M reserved
[62.982s][info][gc,ref      ] GC(36) Soft: 3500 encountered, 0 discovered, 0 enqueued
[62.982s][info][gc,ref      ] GC(36) Weak: 934 encountered, 57 discovered, 0 enqueued
[62.982s][info][gc,ref      ] GC(36) Final: 3 encountered, 0 discovered, 0 enqueued
[62.982s][info][gc,ref      ] GC(36) Phantom: 20 encountered, 13 discovered, 0 enqueued
[62.982s][info][gc,reloc    ] GC(36) Small Pages: 1084 / 2168M, Empty: 736M, Relocated: 169M, In-Place: 0
[62.982s][info][gc,reloc    ] GC(36) Medium Pages: 1 / 32M, Empty: 0M, Relocated: 0M, In-Place: 0
[62.982s][info][gc,reloc    ] GC(36) Large Pages: 0 / 0M, Empty: 0M, Relocated: 0M, In-Place: 0
[62.982s][info][gc,reloc    ] GC(36) Forwarding Usage: 1M
[62.982s][info][gc,heap     ] GC(36) Min Capacity: 4096M(100%)
[62.982s][info][gc,heap     ] GC(36) Max Capacity: 4096M(100%)
[62.982s][info][gc,heap     ] GC(36) Soft Max Capacity: 4096M(100%)
[62.982s][info][gc,heap     ] GC(36)                Mark Start          Mark End        Relocate Start      Relocate End           High               Low         
[62.982s][info][gc,heap     ] GC(36)  Capacity:     4096M (100%)       4096M (100%)       4096M (100%)       4096M (100%)       4096M (100%)       4096M (100%)   
[62.982s][info][gc,heap     ] GC(36)      Free:     1896M (46%)        1630M (40%)        2360M (58%)        3568M (87%)        3570M (87%)        1626M (40%)    
[62.982s][info][gc,heap     ] GC(36)      Used:     2200M (54%)        2466M (60%)        1736M (42%)         528M (13%)        2470M (60%)         526M (13%)    
[62.982s][info][gc,heap     ] GC(36)      Live:         -               175M (4%)          175M (4%)          175M (4%)             -                  -          
[62.982s][info][gc,heap     ] GC(36) Allocated:         -               266M (6%)          272M (7%)          317M (8%)             -                  -          
[62.982s][info][gc,heap     ] GC(36)   Garbage:         -              2024M (49%)        1288M (31%)          35M (1%)             -                  -          
[62.982s][info][gc,heap     ] GC(36) Reclaimed:         -                  -               736M (18%)        1989M (49%)            -                  -          
[62.982s][info][gc          ] GC(36) Garbage Collection (Allocation Rate) 2200M(54%)->528M(13%)
[64.950s][info][gc,start    ] GC(37) Garbage Collection (Allocation Rate)
[64.950s][info][gc,task     ] GC(37) Using 1 workers
[64.950s][info][gc,phases   ] GC(37) Pause Mark Start 0.011ms
[65.225s][info][gc,phases   ] GC(37) Concurrent Mark 275.414ms
[65.225s][info][gc,phases   ] GC(37) Pause Mark End 0.009ms
[65.226s][info][gc,phases   ] GC(37) Concurrent Mark Free 0.001ms
[65.230s][info][gc,phases   ] GC(37) Concurrent Process Non-Strong References 3.985ms
[65.230s][info][gc,phases   ] GC(37) Concurrent Reset Relocation Set 0.028ms
[65.231s][info][gc,phases   ] GC(37) Concurrent Select Relocation Set 1.809ms
[65.232s][info][gc,phases   ] GC(37) Pause Relocate Start 0.010ms
[65.232s][info][gc,phases   ] GC(37) Concurrent Relocate 0.176ms
[65.232s][info][gc,load     ] GC(37) Load: 0.00/0.00/0.00
[65.232s][info][gc,mmu      ] GC(37) MMU: 2ms/97.8%, 5ms/98.9%, 10ms/99.5%, 20ms/99.7%, 50ms/99.9%, 100ms/99.9%
[65.232s][info][gc,marking  ] GC(37) Mark: 1 stripe(s), 2 proactive flush(es), 1 terminate flush(es), 0 completion(s), 0 continuation(s) 
[65.232s][info][gc,marking  ] GC(37) Mark Stack Usage: 32M
[65.232s][info][gc,nmethod  ] GC(37) NMethods: 2172 registered, 0 unregistered
[65.232s][info][gc,metaspace] GC(37) Metaspace: 11M used, 11M committed, 1088M reserved
[65.232s][info][gc,ref      ] GC(37) Soft: 3500 encountered, 0 discovered, 0 enqueued
[65.232s][info][gc,ref      ] GC(37) Weak: 934 encountered, 57 discovered, 0 enqueued
[65.232s][info][gc,ref      ] GC(37) Final: 3 encountered, 0 discovered, 0 enqueued
[65.232s][info][gc,ref      ] GC(37) Phantom: 20 encountered, 13 discovered, 0 enqueued
[65.232s][info][gc,reloc    ] GC(37) Small Pages: 1615 / 3230M, Empty: 3020M, Relocated: 0M, In-Place: 0
[65.232s][info][gc,reloc    ] GC(37) Medium Pages: 1 / 32M, Empty: 0M, Relocated: 0M, In-Place: 0
[65.232s][info][gc,reloc    ] GC(37) Large Pages: 0 / 0M, Empty: 0M, Relocated: 0M, In-Place: 0
[65.232s][info][gc,reloc    ] GC(37) Forwarding Usage: 0M
[65.232s][info][gc,heap     ] GC(37) Min Capacity: 4096M(100%)
[65.232s][info][gc,heap     ] GC(37) Max Capacity: 4096M(100%)
[65.232s][info][gc,heap     ] GC(37) Soft Max Capacity: 4096M(100%)
[65.232s][info][gc,heap     ] GC(37)                Mark Start          Mark End        Relocate Start      Relocate End           High               Low         
[65.232s][info][gc,heap     ] GC(37)  Capacity:     4096M (100%)       4096M (100%)       4096M (100%)       4096M (100%)       4096M (100%)       4096M (100%)   
[65.232s][info][gc,heap     ] GC(37)      Free:      834M (20%)         446M (11%)        3456M (84%)        3486M (85%)        3486M (85%)         440M (11%)    
[65.232s][info][gc,heap     ] GC(37)      Used:     3262M (80%)        3650M (89%)         640M (16%)         610M (15%)        3656M (89%)         610M (15%)    
[65.232s][info][gc,heap     ] GC(37)      Live:         -               175M (4%)          175M (4%)          175M (4%)             -                  -          
[65.232s][info][gc,heap     ] GC(37) Allocated:         -               388M (9%)          398M (10%)         397M (10%)            -                  -          
[65.232s][info][gc,heap     ] GC(37)   Garbage:         -              3086M (75%)          66M (2%)           36M (1%)             -                  -          
[65.232s][info][gc,heap     ] GC(37) Reclaimed:         -                  -              3020M (74%)        3049M (74%)            -                  -          
[65.232s][info][gc          ] GC(37) Garbage Collection (Allocation Rate) 3262M(80%)->610M(15%)
[67.247s][info][gc,start    ] GC(38) Garbage Collection (Allocation Rate)
[67.247s][info][gc,task     ] GC(38) Using 1 workers
[67.247s][info][gc,phases   ] GC(38) Pause Mark Start 0.010ms
[67.549s][info][gc,phases   ] GC(38) Concurrent Mark 301.847ms
[67.549s][info][gc,phases   ] GC(38) Pause Mark End 0.017ms
[67.549s][info][gc,phases   ] GC(38) Concurrent Mark Free 0.001ms
[67.553s][info][gc,phases   ] GC(38) Concurrent Process Non-Strong References 4.088ms
[67.554s][info][gc,phases   ] GC(38) Concurrent Reset Relocation Set 0.002ms
[67.555s][info][gc,phases   ] GC(38) Concurrent Select Relocation Set 1.550ms
[67.555s][info][gc,phases   ] GC(38) Pause Relocate Start 0.011ms
[67.555s][info][gc,phases   ] GC(38) Concurrent Relocate 0.170ms
[67.555s][info][gc,load     ] GC(38) Load: 0.00/0.00/0.00
[67.556s][info][gc,mmu      ] GC(38) MMU: 2ms/97.8%, 5ms/98.9%, 10ms/99.5%, 20ms/99.7%, 50ms/99.9%, 100ms/99.9%
[67.556s][info][gc,marking  ] GC(38) Mark: 1 stripe(s), 2 proactive flush(es), 1 terminate flush(es), 0 completion(s), 0 continuation(s) 
[67.556s][info][gc,marking  ] GC(38) Mark Stack Usage: 32M
[67.556s][info][gc,nmethod  ] GC(38) NMethods: 2173 registered, 0 unregistered
[67.556s][info][gc,metaspace] GC(38) Metaspace: 11M used, 11M committed, 1088M reserved
[67.556s][info][gc,ref      ] GC(38) Soft: 3500 encountered, 0 discovered, 0 enqueued
[67.556s][info][gc,ref      ] GC(38) Weak: 934 encountered, 57 discovered, 0 enqueued
[67.556s][info][gc,ref      ] GC(38) Final: 3 encountered, 0 discovered, 0 enqueued
[67.556s][info][gc,ref      ] GC(38) Phantom: 20 encountered, 13 discovered, 0 enqueued
[67.556s][info][gc,reloc    ] GC(38) Small Pages: 1655 / 3310M, Empty: 3124M, Relocated: 0M, In-Place: 0
[67.556s][info][gc,reloc    ] GC(38) Medium Pages: 1 / 32M, Empty: 0M, Relocated: 0M, In-Place: 0
[67.556s][info][gc,reloc    ] GC(38) Large Pages: 0 / 0M, Empty: 0M, Relocated: 0M, In-Place: 0
[67.556s][info][gc,reloc    ] GC(38) Forwarding Usage: 0M
[67.556s][info][gc,heap     ] GC(38) Min Capacity: 4096M(100%)
[67.556s][info][gc,heap     ] GC(38) Max Capacity: 4096M(100%)
[67.556s][info][gc,heap     ] GC(38) Soft Max Capacity: 4096M(100%)
[67.556s][info][gc,heap     ] GC(38)                Mark Start          Mark End        Relocate Start      Relocate End           High               Low         
[67.556s][info][gc,heap     ] GC(38)  Capacity:     4096M (100%)       4096M (100%)       4096M (100%)       4096M (100%)       4096M (100%)       4096M (100%)   
[67.556s][info][gc,heap     ] GC(38)      Free:      754M (18%)         334M (8%)         3452M (84%)        3458M (84%)        3458M (84%)         330M (8%)     
[67.556s][info][gc,heap     ] GC(38)      Used:     3342M (82%)        3762M (92%)         644M (16%)         638M (16%)        3766M (92%)         638M (16%)    
[67.556s][info][gc,heap     ] GC(38)      Live:         -               175M (4%)          175M (4%)          175M (4%)             -                  -          
[67.556s][info][gc,heap     ] GC(38) Allocated:         -               420M (10%)         426M (10%)         425M (10%)            -                  -          
[67.556s][info][gc,heap     ] GC(38)   Garbage:         -              3166M (77%)          42M (1%)           36M (1%)             -                  -          
[67.556s][info][gc,heap     ] GC(38) Reclaimed:         -                  -              3124M (76%)        3129M (76%)            -                  -          
[67.556s][info][gc          ] GC(38) Garbage Collection (Allocation Rate) 3342M(82%)->638M(16%)
[69.168s][info][gc,start    ] GC(39) Garbage Collection (System.gc())
[69.168s][info][gc,task     ] GC(39) Using 2 workers
[69.168s][info][gc,phases   ] GC(39) Pause Mark Start 0.005ms
[69.183s][info][gc,phases   ] GC(39) Concurrent Mark 15.014ms
[69.183s][info][gc,phases   ] GC(39) Pause Mark End 0.033ms
[69.183s][info][gc,phases   ] GC(39) Concurrent Mark Free 0.001ms
[69.186s][info][gc,phases   ] GC(39) Concurrent Process Non-Strong References 2.414ms
[69.186s][info][gc,phases   ] GC(39) Concurrent Reset Relocation Set 0.001ms
[69.187s][info][gc,phases   ] GC(39) Concurrent Select Relocation Set 1.263ms
[69.187s][info][gc,phases   ] GC(39) Pause Relocate Start 0.004ms
[69.188s][info][gc,phases   ] GC(39) Concurrent Relocate 0.483ms
[69.188s][info][gc,load     ] GC(39) Load: 0.00/0.00/0.00
[69.188s][info][gc,mmu      ] GC(39) MMU: 2ms/97.8%, 5ms/98.9%, 10ms/99.5%, 20ms/99.7%, 50ms/99.9%, 100ms/99.9%
[69.188s][info][gc,marking  ] GC(39) Mark: 2 stripe(s), 1 proactive flush(es), 1 terminate flush(es), 0 completion(s), 0 continuation(s) 
[69.188s][info][gc,marking  ] GC(39) Mark Stack Usage: 32M
[69.188s][info][gc,nmethod  ] GC(39) NMethods: 2176 registered, 0 unregistered
[69.188s][info][gc,metaspace] GC(39) Metaspace: 11M used, 11M committed, 1088M reserved
[69.188s][info][gc,ref      ] GC(39) Soft: 3500 encountered, 0 discovered, 0 enqueued
[69.188s][info][gc,ref      ] GC(39) Weak: 934 encountered, 373 discovered, 0 enqueued
[69.188s][info][gc,ref      ] GC(39) Final: 3 encountered, 0 discovered, 0 enqueued
[69.188s][info][gc,ref      ] GC(39) Phantom: 17 encountered, 10 discovered, 0 enqueued
[69.188s][info][gc,reloc    ] GC(39) Small Pages: 1360 / 2720M, Empty: 2704M, Relocated: 0M, In-Place: 0
[69.188s][info][gc,reloc    ] GC(39) Medium Pages: 1 / 32M, Empty: 0M, Relocated: 0M, In-Place: 0
[69.188s][info][gc,reloc    ] GC(39) Large Pages: 0 / 0M, Empty: 0M, Relocated: 0M, In-Place: 0
[69.188s][info][gc,reloc    ] GC(39) Forwarding Usage: 0M
[69.188s][info][gc,heap     ] GC(39) Min Capacity: 4096M(100%)
[69.188s][info][gc,heap     ] GC(39) Max Capacity: 4096M(100%)
[69.188s][info][gc,heap     ] GC(39) Soft Max Capacity: 4096M(100%)
[69.188s][info][gc,heap     ] GC(39)                Mark Start          Mark End        Relocate Start      Relocate End           High               Low         
[69.188s][info][gc,heap     ] GC(39)  Capacity:     4096M (100%)       4096M (100%)       4096M (100%)       4096M (100%)       4096M (100%)       4096M (100%)   
[69.188s][info][gc,heap     ] GC(39)      Free:     1344M (33%)        1344M (33%)        4048M (99%)        4054M (99%)        4054M (99%)        1344M (33%)    
[69.188s][info][gc,heap     ] GC(39)      Used:     2752M (67%)        2752M (67%)          48M (1%)           42M (1%)         2752M (67%)          42M (1%)     
[69.188s][info][gc,heap     ] GC(39)      Live:         -                 6M (0%)            6M (0%)            6M (0%)             -                  -          
[69.188s][info][gc,heap     ] GC(39) Allocated:         -                 0M (0%)            0M (0%)            0M (0%)             -                  -          
[69.188s][info][gc,heap     ] GC(39)   Garbage:         -              2745M (67%)          41M (1%)           35M (1%)             -                  -          
[69.188s][info][gc,heap     ] GC(39) Reclaimed:         -                  -              2704M (66%)        2710M (66%)            -                  -          
[69.188s][info][gc          ] GC(39) Garbage Collection (System.gc()) 2752M(67%)->42M(1%)
[70.146s][info][gc,stats    ] === Garbage Collection Statistics =======================================================================================================================
[70.147s][info][gc,stats    ]                                                              Last 10s              Last 10m              Last 10h                Total
[70.147s][info][gc,stats    ]                                                              Avg / Max             Avg / Max             Avg / Max             Avg / Max
[70.147s][info][gc,stats    ]   Collector: Garbage Collection Cycle                    180.447 / 308.600     208.541 / 355.020     208.541 / 355.020     208.541 / 355.020     ms
[70.147s][info][gc,stats    ]  Contention: Mark Segment Reset Contention                     0 / 0                 0 / 2                 0 / 2                 0 / 2           ops/s
[70.147s][info][gc,stats    ]  Contention: Mark SeqNum Reset Contention                      0 / 0                 0 / 2                 0 / 2                 0 / 2           ops/s
[70.147s][info][gc,stats    ]    Critical: Allocation Stall                                  0 / 0                 0 / 0                 0 / 0                 0 / 0           ops/s
[70.147s][info][gc,stats    ]    Critical: Allocation Stall                              0.000 / 0.000         0.000 / 0.000         0.000 / 0.000         0.000 / 0.000       ms
[70.147s][info][gc,stats    ]    Critical: GC Locker Stall                                   0 / 0                 0 / 0                 0 / 0                 0 / 0           ops/s
[70.147s][info][gc,stats    ]    Critical: GC Locker Stall                               0.000 / 0.000         0.000 / 0.000         0.000 / 0.000         0.000 / 0.000       ms
[70.147s][info][gc,stats    ]    Critical: Relocation Stall                                  0 / 0                 0 / 0                 0 / 0                 0 / 0           ops/s
[70.147s][info][gc,stats    ]    Critical: Relocation Stall                              0.000 / 0.000         0.000 / 0.000         0.000 / 0.000         0.000 / 0.000       ms
[70.147s][info][gc,stats    ]      Memory: Allocation Rate                                1530 / 2176           1430 / 2188           1430 / 2188           1430 / 2188        MB/s
[70.147s][info][gc,stats    ]      Memory: Out Of Memory                                     0 / 0                 0 / 0                 0 / 0                 0 / 0           ops/s
[70.147s][info][gc,stats    ]      Memory: Page Cache Flush                                  0 / 0                 0 / 0                 0 / 0                 0 / 0           MB/s
[70.147s][info][gc,stats    ]      Memory: Page Cache Hit L1                               774 / 1090            700 / 1096            700 / 1096            700 / 1096        ops/s
[70.147s][info][gc,stats    ]      Memory: Page Cache Hit L2                                 0 / 0                 0 / 0                 0 / 0                 0 / 0           ops/s
[70.147s][info][gc,stats    ]      Memory: Page Cache Hit L3                                 0 / 5                26 / 520              26 / 520              26 / 520         ops/s
[70.147s][info][gc,stats    ]      Memory: Page Cache Miss                                   0 / 0                 0 / 1                 0 / 1                 0 / 1           ops/s
[70.147s][info][gc,stats    ]      Memory: Uncommit                                          0 / 0                 0 / 0                 0 / 0                 0 / 0           MB/s
[70.147s][info][gc,stats    ]      Memory: Undo Object Allocation Failed                     0 / 0                 0 / 0                 0 / 0                 0 / 0           ops/s
[70.147s][info][gc,stats    ]      Memory: Undo Object Allocation Succeeded                  0 / 0                 0 / 1                 0 / 1                 0 / 1           ops/s
[70.147s][info][gc,stats    ]      Memory: Undo Page Allocation                              0 / 0                 0 / 0                 0 / 0                 0 / 0           ops/s
[70.147s][info][gc,stats    ]       Phase: Concurrent Mark                             168.872 / 301.847     194.655 / 348.596     194.655 / 348.596     194.655 / 348.596     ms
[70.147s][info][gc,stats    ]       Phase: Concurrent Mark Continue                      0.000 / 0.000         0.000 / 0.000         0.000 / 0.000         0.000 / 0.000       ms
[70.147s][info][gc,stats    ]       Phase: Concurrent Mark Free                          0.001 / 0.001         0.002 / 0.019         0.002 / 0.019         0.002 / 0.019       ms
[70.147s][info][gc,stats    ]       Phase: Concurrent Process Non-Strong References      3.408 / 4.088         3.241 / 4.199         3.241 / 4.199         3.241 / 4.199       ms
[70.147s][info][gc,stats    ]       Phase: Concurrent Relocate                           5.682 / 32.652        7.971 / 33.752        7.971 / 33.752        7.971 / 33.752      ms
[70.147s][info][gc,stats    ]       Phase: Concurrent Reset Relocation Set               0.006 / 0.028         0.008 / 0.038         0.008 / 0.038         0.008 / 0.038       ms
[70.147s][info][gc,stats    ]       Phase: Concurrent Select Relocation Set              1.593 / 2.018         1.786 / 3.214         1.786 / 3.214         1.786 / 3.214       ms
[70.147s][info][gc,stats    ]       Phase: Pause Mark End                                0.018 / 0.033         0.015 / 0.044         0.015 / 0.044         0.015 / 0.044       ms
[70.147s][info][gc,stats    ]       Phase: Pause Mark Start                              0.009 / 0.011         0.009 / 0.016         0.009 / 0.016         0.009 / 0.016       ms
[70.147s][info][gc,stats    ]       Phase: Pause Relocate Start                          0.009 / 0.011         0.009 / 0.013         0.009 / 0.013         0.009 / 0.013       ms
[70.147s][info][gc,stats    ]    Subphase: Concurrent Classes Purge                      0.128 / 0.188         0.132 / 0.212         0.132 / 0.212         0.132 / 0.212       ms
[70.147s][info][gc,stats    ]    Subphase: Concurrent Classes Unlink                     2.770 / 3.523         2.570 / 3.523         2.570 / 3.523         2.570 / 3.523       ms
[70.147s][info][gc,stats    ]    Subphase: Concurrent Mark                             127.123 / 300.832     155.132 / 348.053     155.132 / 348.053     155.132 / 348.053     ms
[70.147s][info][gc,stats    ]    Subphase: Concurrent Mark Try Flush                     0.115 / 0.384         0.110 / 0.384         0.110 / 0.384         0.110 / 0.384       ms
[70.147s][info][gc,stats    ]    Subphase: Concurrent Mark Try Terminate                 1.347 / 10.861        2.505 / 17.184        2.505 / 17.184        2.505 / 17.184      ms
[70.147s][info][gc,stats    ]    Subphase: Concurrent References Enqueue                 0.000 / 0.001         0.001 / 0.006         0.001 / 0.006         0.001 / 0.006       ms
[70.147s][info][gc,stats    ]    Subphase: Concurrent References Process                 0.087 / 0.163         0.093 / 0.170         0.093 / 0.170         0.093 / 0.170       ms
[70.147s][info][gc,stats    ]    Subphase: Concurrent Roots ClassLoaderDataGraph         0.105 / 0.180         0.138 / 0.651         0.138 / 0.651         0.138 / 0.651       ms
[70.147s][info][gc,stats    ]    Subphase: Concurrent Roots CodeCache                    0.000 / 0.000         0.000 / 0.000         0.000 / 0.000         0.000 / 0.000       ms
[70.147s][info][gc,stats    ]    Subphase: Concurrent Roots JavaThreads                  0.309 / 0.633         0.394 / 2.348         0.394 / 2.348         0.394 / 2.348       ms
[70.147s][info][gc,stats    ]    Subphase: Concurrent Roots OopStorageSet                0.025 / 0.056         0.032 / 0.104         0.032 / 0.104         0.032 / 0.104       ms
[70.148s][info][gc,stats    ]    Subphase: Concurrent Weak Roots OopStorageSet           0.243 / 0.460         0.265 / 0.588         0.265 / 0.588         0.265 / 0.588       ms
[70.148s][info][gc,stats    ]    Subphase: Pause Mark Try Complete                       0.000 / 0.000         0.000 / 0.000         0.000 / 0.000         0.000 / 0.000       ms
[70.148s][info][gc,stats    ]      System: Java Threads                                     12 / 12               12 / 13               12 / 13               12 / 13          threads
[70.148s][info][gc,stats    ] =========================================================================================================================================================
[70.257s][info][gc,start    ] GC(40) Garbage Collection (Allocation Rate)
[70.257s][info][gc,task     ] GC(40) Using 1 workers
[70.257s][info][gc,phases   ] GC(40) Pause Mark Start 0.008ms
[70.453s][info][gc,phases   ] GC(40) Concurrent Mark 195.648ms
[70.453s][info][gc,phases   ] GC(40) Pause Mark End 0.012ms
[70.453s][info][gc,phases   ] GC(40) Concurrent Mark Free 0.002ms
[70.458s][info][gc,phases   ] GC(40) Concurrent Process Non-Strong References 4.029ms
[70.458s][info][gc,phases   ] GC(40) Concurrent Reset Relocation Set 0.001ms
[70.460s][info][gc,phases   ] GC(40) Concurrent Select Relocation Set 2.158ms
[70.460s][info][gc,phases   ] GC(40) Pause Relocate Start 0.010ms
[70.492s][info][gc,phases   ] GC(40) Concurrent Relocate 32.051ms
[70.492s][info][gc,load     ] GC(40) Load: 0.00/0.00/0.00
[70.492s][info][gc,mmu      ] GC(40) MMU: 2ms/97.8%, 5ms/98.9%, 10ms/99.5%, 20ms/99.7%, 50ms/99.9%, 100ms/99.9%
[70.492s][info][gc,marking  ] GC(40) Mark: 1 stripe(s), 2 proactive flush(es), 1 terminate flush(es), 0 completion(s), 0 continuation(s) 
[70.492s][info][gc,marking  ] GC(40) Mark Stack Usage: 32M
[70.492s][info][gc,nmethod  ] GC(40) NMethods: 2179 registered, 0 unregistered
[70.492s][info][gc,metaspace] GC(40) Metaspace: 11M used, 11M committed, 1088M reserved
[70.492s][info][gc,ref      ] GC(40) Soft: 3500 encountered, 0 discovered, 0 enqueued
[70.492s][info][gc,ref      ] GC(40) Weak: 934 encountered, 57 discovered, 0 enqueued
[70.492s][info][gc,ref      ] GC(40) Final: 3 encountered, 0 discovered, 0 enqueued
[70.492s][info][gc,ref      ] GC(40) Phantom: 20 encountered, 13 discovered, 0 enqueued
[70.492s][info][gc,reloc    ] GC(40) Small Pages: 1170 / 2340M, Empty: 906M, Relocated: 169M, In-Place: 0
[70.492s][info][gc,reloc    ] GC(40) Medium Pages: 1 / 32M, Empty: 0M, Relocated: 0M, In-Place: 0
[70.492s][info][gc,reloc    ] GC(40) Large Pages: 0 / 0M, Empty: 0M, Relocated: 0M, In-Place: 0
[70.492s][info][gc,reloc    ] GC(40) Forwarding Usage: 1M
[70.492s][info][gc,heap     ] GC(40) Min Capacity: 4096M(100%)
[70.492s][info][gc,heap     ] GC(40) Max Capacity: 4096M(100%)
[70.492s][info][gc,heap     ] GC(40) Soft Max Capacity: 4096M(100%)
[70.492s][info][gc,heap     ] GC(40)                Mark Start          Mark End        Relocate Start      Relocate End           High               Low         
[70.492s][info][gc,heap     ] GC(40)  Capacity:     4096M (100%)       4096M (100%)       4096M (100%)       4096M (100%)       4096M (100%)       4096M (100%)   
[70.492s][info][gc,heap     ] GC(40)      Free:     1724M (42%)        1454M (35%)        2350M (57%)        3562M (87%)        3562M (87%)        1448M (35%)    
[70.492s][info][gc,heap     ] GC(40)      Used:     2372M (58%)        2642M (65%)        1746M (43%)         534M (13%)        2648M (65%)         534M (13%)    
[70.492s][info][gc,heap     ] GC(40)      Live:         -               175M (4%)          175M (4%)          175M (4%)             -                  -          
[70.492s][info][gc,heap     ] GC(40) Allocated:         -               270M (7%)          280M (7%)          321M (8%)             -                  -          
[70.493s][info][gc,heap     ] GC(40)   Garbage:         -              2196M (54%)        1290M (32%)          37M (1%)             -                  -          
[70.493s][info][gc,heap     ] GC(40) Reclaimed:         -                  -               906M (22%)        2159M (53%)            -                  -          
[70.493s][info][gc          ] GC(40) Garbage Collection (Allocation Rate) 2372M(58%)->534M(13%)
[72.454s][info][gc,start    ] GC(41) Garbage Collection (Allocation Rate)
[72.454s][info][gc,task     ] GC(41) Using 1 workers
[72.454s][info][gc,phases   ] GC(41) Pause Mark Start 0.008ms
[72.748s][info][gc,phases   ] GC(41) Concurrent Mark 293.445ms
[72.748s][info][gc,phases   ] GC(41) Pause Mark End 0.014ms
[72.748s][info][gc,phases   ] GC(41) Concurrent Mark Free 0.002ms
[72.751s][info][gc,phases   ] GC(41) Concurrent Process Non-Strong References 3.355ms
[72.751s][info][gc,phases   ] GC(41) Concurrent Reset Relocation Set 0.026ms
[72.753s][info][gc,phases   ] GC(41) Concurrent Select Relocation Set 1.855ms
[72.753s][info][gc,phases   ] GC(41) Pause Relocate Start 0.009ms
[72.754s][info][gc,phases   ] GC(41) Concurrent Relocate 0.308ms
[72.754s][info][gc,load     ] GC(41) Load: 0.00/0.00/0.00
[72.754s][info][gc,mmu      ] GC(41) MMU: 2ms/97.8%, 5ms/98.9%, 10ms/99.5%, 20ms/99.7%, 50ms/99.9%, 100ms/99.9%
[72.754s][info][gc,marking  ] GC(41) Mark: 1 stripe(s), 2 proactive flush(es), 1 terminate flush(es), 0 completion(s), 0 continuation(s) 
[72.754s][info][gc,marking  ] GC(41) Mark Stack Usage: 32M
[72.754s][info][gc,nmethod  ] GC(41) NMethods: 2181 registered, 0 unregistered
[72.754s][info][gc,metaspace] GC(41) Metaspace: 11M used, 11M committed, 1088M reserved
[72.754s][info][gc,ref      ] GC(41) Soft: 3500 encountered, 0 discovered, 0 enqueued
[72.754s][info][gc,ref      ] GC(41) Weak: 934 encountered, 57 discovered, 0 enqueued
[72.754s][info][gc,ref      ] GC(41) Final: 3 encountered, 0 discovered, 0 enqueued
[72.754s][info][gc,ref      ] GC(41) Phantom: 20 encountered, 13 discovered, 0 enqueued
[72.754s][info][gc,reloc    ] GC(41) Small Pages: 1613 / 3226M, Empty: 3010M, Relocated: 0M, In-Place: 0
[72.754s][info][gc,reloc    ] GC(41) Medium Pages: 1 / 32M, Empty: 0M, Relocated: 0M, In-Place: 0
[72.754s][info][gc,reloc    ] GC(41) Large Pages: 0 / 0M, Empty: 0M, Relocated: 0M, In-Place: 0
[72.754s][info][gc,reloc    ] GC(41) Forwarding Usage: 0M
[72.754s][info][gc,heap     ] GC(41) Min Capacity: 4096M(100%)
[72.754s][info][gc,heap     ] GC(41) Max Capacity: 4096M(100%)
[72.754s][info][gc,heap     ] GC(41) Soft Max Capacity: 4096M(100%)
[72.754s][info][gc,heap     ] GC(41)                Mark Start          Mark End        Relocate Start      Relocate End           High               Low         
[72.754s][info][gc,heap     ] GC(41)  Capacity:     4096M (100%)       4096M (100%)       4096M (100%)       4096M (100%)       4096M (100%)       4096M (100%)   
[72.754s][info][gc,heap     ] GC(41)      Free:      838M (20%)         434M (11%)        3436M (84%)        3472M (85%)        3472M (85%)         430M (10%)    
[72.754s][info][gc,heap     ] GC(41)      Used:     3258M (80%)        3662M (89%)         660M (16%)         624M (15%)        3666M (90%)         624M (15%)    
[72.754s][info][gc,heap     ] GC(41)      Live:         -               175M (4%)          175M (4%)          175M (4%)             -                  -          
[72.754s][info][gc,heap     ] GC(41) Allocated:         -               404M (10%)         412M (10%)         411M (10%)            -                  -          
[72.754s][info][gc,heap     ] GC(41)   Garbage:         -              3082M (75%)          72M (2%)           36M (1%)             -                  -          
[72.754s][info][gc,heap     ] GC(41) Reclaimed:         -                  -              3010M (73%)        3045M (74%)            -                  -          
[72.754s][info][gc          ] GC(41) Garbage Collection (Allocation Rate) 3258M(80%)->624M(15%)
[74.657s][info][gc,start    ] GC(42) Garbage Collection (Allocation Rate)
[74.657s][info][gc,task     ] GC(42) Using 1 workers
[74.657s][info][gc,phases   ] GC(42) Pause Mark Start 0.011ms
[74.951s][info][gc,phases   ] GC(42) Concurrent Mark 293.606ms
[74.951s][info][gc,phases   ] GC(42) Pause Mark End 0.010ms
[74.951s][info][gc,phases   ] GC(42) Concurrent Mark Free 0.001ms
[74.955s][info][gc,phases   ] GC(42) Concurrent Process Non-Strong References 3.587ms
[74.955s][info][gc,phases   ] GC(42) Concurrent Reset Relocation Set 0.002ms
[74.956s][info][gc,phases   ] GC(42) Concurrent Select Relocation Set 1.620ms
[74.956s][info][gc,phases   ] GC(42) Pause Relocate Start 0.011ms
[74.957s][info][gc,phases   ] GC(42) Concurrent Relocate 0.315ms
[74.957s][info][gc,load     ] GC(42) Load: 0.00/0.00/0.00
[74.957s][info][gc,mmu      ] GC(42) MMU: 2ms/97.8%, 5ms/98.9%, 10ms/99.5%, 20ms/99.7%, 50ms/99.9%, 100ms/99.9%
[74.957s][info][gc,marking  ] GC(42) Mark: 1 stripe(s), 2 proactive flush(es), 1 terminate flush(es), 0 completion(s), 0 continuation(s) 
[74.957s][info][gc,marking  ] GC(42) Mark Stack Usage: 32M
[74.957s][info][gc,nmethod  ] GC(42) NMethods: 2181 registered, 0 unregistered
[74.957s][info][gc,metaspace] GC(42) Metaspace: 11M used, 11M committed, 1088M reserved
[74.957s][info][gc,ref      ] GC(42) Soft: 3500 encountered, 0 discovered, 0 enqueued
[74.957s][info][gc,ref      ] GC(42) Weak: 934 encountered, 57 discovered, 0 enqueued
[74.957s][info][gc,ref      ] GC(42) Final: 3 encountered, 0 discovered, 0 enqueued
[74.957s][info][gc,ref      ] GC(42) Phantom: 20 encountered, 13 discovered, 0 enqueued
[74.957s][info][gc,reloc    ] GC(42) Small Pages: 1619 / 3238M, Empty: 3052M, Relocated: 0M, In-Place: 0
[74.957s][info][gc,reloc    ] GC(42) Medium Pages: 1 / 32M, Empty: 0M, Relocated: 0M, In-Place: 0
[74.957s][info][gc,reloc    ] GC(42) Large Pages: 0 / 0M, Empty: 0M, Relocated: 0M, In-Place: 0
[74.957s][info][gc,reloc    ] GC(42) Forwarding Usage: 0M
[74.957s][info][gc,heap     ] GC(42) Min Capacity: 4096M(100%)
[74.957s][info][gc,heap     ] GC(42) Max Capacity: 4096M(100%)
[74.957s][info][gc,heap     ] GC(42) Soft Max Capacity: 4096M(100%)
[74.957s][info][gc,heap     ] GC(42)                Mark Start          Mark End        Relocate Start      Relocate End           High               Low         
[74.957s][info][gc,heap     ] GC(42)  Capacity:     4096M (100%)       4096M (100%)       4096M (100%)       4096M (100%)       4096M (100%)       4096M (100%)   
[74.957s][info][gc,heap     ] GC(42)      Free:      826M (20%)         416M (10%)        3462M (85%)        3466M (85%)        3466M (85%)         412M (10%)    
[74.957s][info][gc,heap     ] GC(42)      Used:     3270M (80%)        3680M (90%)         634M (15%)         630M (15%)        3684M (90%)         630M (15%)    
[74.957s][info][gc,heap     ] GC(42)      Live:         -               175M (4%)          175M (4%)          175M (4%)             -                  -          
[74.957s][info][gc,heap     ] GC(42) Allocated:         -               410M (10%)         416M (10%)         417M (10%)            -                  -          
[74.957s][info][gc,heap     ] GC(42)   Garbage:         -              3094M (76%)          42M (1%)           36M (1%)             -                  -          
[74.957s][info][gc,heap     ] GC(42) Reclaimed:         -                  -              3052M (75%)        3057M (75%)            -                  -          
[74.957s][info][gc          ] GC(42) Garbage Collection (Allocation Rate) 3270M(80%)->630M(15%)
[76.441s][info][gc,heap,exit] Heap
[76.441s][info][gc,heap,exit]  ZHeap           used 2658M, capacity 4096M, max capacity 4096M
[76.441s][info][gc,heap,exit]  Metaspace       used 11312K, committed 11584K, reserved 1114112K
[76.441s][info][gc,heap,exit]   class space    used 1279K, committed 1408K, reserved 1048576K
