[0.009s][info][gc] Using Parallel
[0.012s][info][gc,init] Version: 17.0.12+7-adhoc..jdk17u (release)
[0.012s][info][gc,init] CPUs: 6 total, 6 available
[0.012s][info][gc,init] Memory: 15591M
[0.012s][info][gc,init] Large Page Support: Disabled
[0.012s][info][gc,init] NUMA Support: Disabled
[0.012s][info][gc,init] Compressed Oops: Enabled (32-bit)
[0.012s][info][gc,init] Alignments: Space 512K, Generation 512K, Heap 2M
[0.012s][info][gc,init] Heap Min Capacity: 1G
[0.012s][info][gc,init] Heap Initial Capacity: 1G
[0.012s][info][gc,init] Heap Max Capacity: 1G
[0.012s][info][gc,init] Pre-touch: Disabled
[0.012s][info][gc,init] Parallel Workers: 6
[0.023s][info][gc,metaspace] CDS archive(s) mapped at: [0x000001ed30000000-0x000001ed30bc0000-0x000001ed30bc0000), size 12320768, SharedBaseAddress: 0x000001ed30000000, ArchiveRelocationMode: 1.
[0.023s][info][gc,metaspace] Compressed class space mapped at: 0x000001ed31000000-0x000001ed71000000, reserved size: 1073741824
[0.023s][info][gc,metaspace] Narrow klass base: 0x000001ed30000000, Narrow klass shift: 0, Narrow klass range: 0x100000000
[13.063s][info][gc,start    ] GC(0) Pause Young (System.gc())
[13.066s][info][gc,heap     ] GC(0) PSYoungGen: 21201K(305664K)->2674K(305664K) Eden: 21201K(262144K)->0K(262144K) From: 0K(43520K)->2674K(43520K)
[13.066s][info][gc,heap     ] GC(0) ParOldGen: 0K(699392K)->8K(699392K)
[13.066s][info][gc,metaspace] GC(0) Metaspace: 2599K(2816K)->2599K(2816K) NonClass: 2334K(2432K)->2334K(2432K) Class: 265K(384K)->265K(384K)
[13.066s][info][gc          ] GC(0) Pause Young (System.gc()) 20M->2M(981M) 3.025ms
[13.066s][info][gc,cpu      ] GC(0) User=0.00s Sys=0.00s Real=0.00s
[13.066s][info][gc,start    ] GC(1) Pause Full (System.gc())
[13.066s][info][gc,phases,start] GC(1) Marking Phase
[13.068s][info][gc,phases      ] GC(1) Marking Phase 1.614ms
[13.068s][info][gc,phases,start] GC(1) Summary Phase
[13.068s][info][gc,phases      ] GC(1) Summary Phase 0.016ms
[13.068s][info][gc,phases,start] GC(1) Adjust Roots
[13.069s][info][gc,phases      ] GC(1) Adjust Roots 0.559ms
[13.069s][info][gc,phases,start] GC(1) Compaction Phase
[13.071s][info][gc,phases      ] GC(1) Compaction Phase 2.134ms
[13.071s][info][gc,phases,start] GC(1) Post Compact
[13.071s][info][gc,phases      ] GC(1) Post Compact 0.199ms
[13.071s][info][gc,heap        ] GC(1) PSYoungGen: 2674K(305664K)->0K(305664K) Eden: 0K(262144K)->0K(262144K) From: 2674K(43520K)->0K(43520K)
[13.071s][info][gc,heap        ] GC(1) ParOldGen: 8K(699392K)->2543K(699392K)
[13.071s][info][gc,metaspace   ] GC(1) Metaspace: 2599K(2816K)->2599K(2816K) NonClass: 2334K(2432K)->2334K(2432K) Class: 265K(384K)->265K(384K)
[13.071s][info][gc             ] GC(1) Pause Full (System.gc()) 2M->2M(981M) 4.684ms
[13.071s][info][gc,cpu         ] GC(1) User=0.00s Sys=0.09s Real=0.01s
[14.218s][info][gc,start       ] GC(2) Pause Young (Allocation Failure)
[14.224s][info][gc,heap        ] GC(2) PSYoungGen: 262144K(305664K)->10839K(305664K) Eden: 262144K(262144K)->0K(262144K) From: 0K(43520K)->10839K(43520K)
[14.224s][info][gc,heap        ] GC(2) ParOldGen: 2543K(699392K)->2732K(699392K)
[14.224s][info][gc,metaspace   ] GC(2) Metaspace: 7253K(7488K)->7253K(7488K) NonClass: 6493K(6592K)->6493K(6592K) Class: 760K(896K)->760K(896K)
[14.224s][info][gc             ] GC(2) Pause Young (Allocation Failure) 258M->13M(981M) 5.890ms
[14.224s][info][gc,cpu         ] GC(2) User=0.02s Sys=0.02s Real=0.01s
[15.341s][info][gc,start       ] GC(3) Pause Young (Allocation Failure)
[15.350s][info][gc,heap        ] GC(3) PSYoungGen: 272983K(305664K)->26804K(305664K) Eden: 262144K(262144K)->0K(262144K) From: 10839K(43520K)->26804K(43520K)
[15.350s][info][gc,heap        ] GC(3) ParOldGen: 2732K(699392K)->2740K(699392K)
[15.350s][info][gc,metaspace   ] GC(3) Metaspace: 8162K(8384K)->8162K(8384K) NonClass: 7315K(7424K)->7315K(7424K) Class: 847K(960K)->847K(960K)
[15.350s][info][gc             ] GC(3) Pause Young (Allocation Failure) 269M->28M(981M) 8.386ms
[15.350s][info][gc,cpu         ] GC(3) User=0.02s Sys=0.02s Real=0.01s
[15.955s][info][gc,start       ] GC(4) Pause Young (Allocation Failure)
[15.957s][info][gc,heap        ] GC(4) PSYoungGen: 288948K(305664K)->3930K(305664K) Eden: 262144K(262144K)->0K(262144K) From: 26804K(43520K)->3930K(43520K)
[15.957s][info][gc,heap        ] GC(4) ParOldGen: 2740K(699392K)->2748K(699392K)
[15.957s][info][gc,metaspace   ] GC(4) Metaspace: 8355K(8576K)->8355K(8576K) NonClass: 7488K(7616K)->7488K(7616K) Class: 867K(960K)->867K(960K)
[15.957s][info][gc             ] GC(4) Pause Young (Allocation Failure) 284M->6M(981M) 1.416ms
[15.957s][info][gc,cpu         ] GC(4) User=0.00s Sys=0.00s Real=0.00s
[16.729s][info][gc,start       ] GC(5) Pause Young (Allocation Failure)
[16.731s][info][gc,heap        ] GC(5) PSYoungGen: 266074K(305664K)->13111K(305664K) Eden: 262144K(262144K)->0K(262144K) From: 3930K(43520K)->13111K(43520K)
[16.731s][info][gc,heap        ] GC(5) ParOldGen: 2748K(699392K)->2756K(699392K)
[16.731s][info][gc,metaspace   ] GC(5) Metaspace: 8360K(8576K)->8360K(8576K) NonClass: 7493K(7616K)->7493K(7616K) Class: 867K(960K)->867K(960K)
[16.731s][info][gc             ] GC(5) Pause Young (Allocation Failure) 262M->15M(981M) 2.394ms
[16.731s][info][gc,cpu         ] GC(5) User=0.00s Sys=0.00s Real=0.00s
[17.601s][info][gc,start       ] GC(6) Pause Young (Allocation Failure)
[17.608s][info][gc,heap        ] GC(6) PSYoungGen: 275255K(305664K)->23945K(317440K) Eden: 262144K(262144K)->0K(273920K) From: 13111K(43520K)->23945K(43520K)
[17.608s][info][gc,heap        ] GC(6) ParOldGen: 2756K(699392K)->2764K(699392K)
[17.608s][info][gc,metaspace   ] GC(6) Metaspace: 8452K(8704K)->8452K(8704K) NonClass: 7577K(7744K)->7577K(7744K) Class: 875K(960K)->875K(960K)
[17.608s][info][gc             ] GC(6) Pause Young (Allocation Failure) 271M->26M(993M) 7.269ms
[17.609s][info][gc,cpu         ] GC(6) User=0.00s Sys=0.00s Real=0.01s
[18.201s][info][gc,start       ] GC(7) Pause Young (Allocation Failure)
[18.202s][info][gc,heap        ] GC(7) PSYoungGen: 297865K(317440K)->7452K(305664K) Eden: 273920K(273920K)->0K(273920K) From: 23945K(43520K)->7452K(31744K)
[18.203s][info][gc,heap        ] GC(7) ParOldGen: 2764K(699392K)->2772K(699392K)
[18.203s][info][gc,metaspace   ] GC(7) Metaspace: 8466K(8704K)->8466K(8704K) NonClass: 7591K(7744K)->7591K(7744K) Class: 875K(960K)->875K(960K)
[18.203s][info][gc             ] GC(7) Pause Young (Allocation Failure) 293M->9M(981M) 1.661ms
[18.203s][info][gc,cpu         ] GC(7) User=0.00s Sys=0.00s Real=0.00s
[19.455s][info][gc,start       ] GC(8) Pause Young (Allocation Failure)
[19.457s][info][gc,heap        ] GC(8) PSYoungGen: 281372K(305664K)->800K(318464K) Eden: 273920K(273920K)->0K(287744K) From: 7452K(31744K)->800K(30720K)
[19.457s][info][gc,heap        ] GC(8) ParOldGen: 2772K(699392K)->3590K(699392K)
[19.457s][info][gc,metaspace   ] GC(8) Metaspace: 9397K(9664K)->9397K(9664K) NonClass: 8413K(8576K)->8413K(8576K) Class: 983K(1088K)->983K(1088K)
[19.457s][info][gc             ] GC(8) Pause Young (Allocation Failure) 277M->4M(994M) 2.201ms
[19.457s][info][gc,cpu         ] GC(8) User=0.00s Sys=0.00s Real=0.00s
[20.159s][info][gc,start       ] GC(9) Pause Young (Allocation Failure)
[20.159s][info][gc,heap        ] GC(9) PSYoungGen: 288544K(318464K)->800K(318464K) Eden: 287744K(287744K)->0K(287744K) From: 800K(30720K)->800K(30720K)
[20.159s][info][gc,heap        ] GC(9) ParOldGen: 3590K(699392K)->3646K(699392K)
[20.159s][info][gc,metaspace   ] GC(9) Metaspace: 9399K(9664K)->9399K(9664K) NonClass: 8415K(8576K)->8415K(8576K) Class: 983K(1088K)->983K(1088K)
[20.159s][info][gc             ] GC(9) Pause Young (Allocation Failure) 285M->4M(994M) 0.627ms
[20.159s][info][gc,cpu         ] GC(9) User=0.00s Sys=0.00s Real=0.00s
[20.285s][info][gc,start       ] GC(10) Pause Young (System.gc())
[20.286s][info][gc,heap        ] GC(10) PSYoungGen: 56201K(318464K)->288K(318976K) Eden: 55401K(287744K)->0K(288256K) From: 800K(30720K)->288K(30720K)
[20.287s][info][gc,heap        ] GC(10) ParOldGen: 3646K(699392K)->3710K(699392K)
[20.287s][info][gc,metaspace   ] GC(10) Metaspace: 9560K(9856K)->9560K(9856K) NonClass: 8549K(8704K)->8549K(8704K) Class: 1010K(1152K)->1010K(1152K)
[20.287s][info][gc             ] GC(10) Pause Young (System.gc()) 58M->3M(994M) 1.223ms
[20.287s][info][gc,cpu         ] GC(10) User=0.02s Sys=0.05s Real=0.00s
[20.287s][info][gc,start       ] GC(11) Pause Full (System.gc())
[20.287s][info][gc,phases,start] GC(11) Marking Phase
[20.291s][info][gc,phases      ] GC(11) Marking Phase 3.893ms
[20.291s][info][gc,phases,start] GC(11) Summary Phase
[20.291s][info][gc,phases      ] GC(11) Summary Phase 0.009ms
[20.291s][info][gc,phases,start] GC(11) Adjust Roots
[20.293s][info][gc,phases      ] GC(11) Adjust Roots 1.928ms
[20.293s][info][gc,phases,start] GC(11) Compaction Phase
[20.296s][info][gc,phases      ] GC(11) Compaction Phase 3.220ms
[20.296s][info][gc,phases,start] GC(11) Post Compact
[20.296s][info][gc,phases      ] GC(11) Post Compact 0.297ms
[20.296s][info][gc,heap        ] GC(11) PSYoungGen: 288K(318976K)->0K(318976K) Eden: 0K(288256K)->0K(288256K) From: 288K(30720K)->0K(30720K)
[20.296s][info][gc,heap        ] GC(11) ParOldGen: 3710K(699392K)->3678K(699392K)
[20.296s][info][gc,metaspace   ] GC(11) Metaspace: 9560K(9856K)->9560K(9856K) NonClass: 8549K(8704K)->8549K(8704K) Class: 1010K(1152K)->1010K(1152K)
[20.296s][info][gc             ] GC(11) Pause Full (System.gc()) 3M->3M(994M) 9.667ms
[20.296s][info][gc,cpu         ] GC(11) User=0.00s Sys=0.00s Real=0.01s
[21.085s][info][gc,start       ] GC(12) Pause Young (Allocation Failure)
[21.087s][info][gc,heap        ] GC(12) PSYoungGen: 288256K(318976K)->11206K(318464K) Eden: 288256K(288256K)->0K(288256K) From: 0K(30720K)->11206K(30208K)
[21.087s][info][gc,heap        ] GC(12) ParOldGen: 3678K(699392K)->3678K(699392K)
[21.087s][info][gc,metaspace   ] GC(12) Metaspace: 9562K(9856K)->9562K(9856K) NonClass: 8550K(8704K)->8550K(8704K) Class: 1011K(1152K)->1011K(1152K)
[21.087s][info][gc             ] GC(12) Pause Young (Allocation Failure) 285M->14M(994M) 2.884ms
[21.087s][info][gc,cpu         ] GC(12) User=0.00s Sys=0.00s Real=0.00s
[21.915s][info][gc,start       ] GC(13) Pause Young (Allocation Failure)
[21.918s][info][gc,heap        ] GC(13) PSYoungGen: 299462K(318464K)->20945K(315904K) Eden: 288256K(288256K)->0K(286720K) From: 11206K(30208K)->20945K(29184K)
[21.918s][info][gc,heap        ] GC(13) ParOldGen: 3678K(699392K)->8773K(699392K)
[21.918s][info][gc,metaspace   ] GC(13) Metaspace: 9562K(9856K)->9562K(9856K) NonClass: 8550K(8704K)->8550K(8704K) Class: 1011K(1152K)->1011K(1152K)
[21.918s][info][gc             ] GC(13) Pause Young (Allocation Failure) 296M->29M(991M) 3.594ms
[21.918s][info][gc,cpu         ] GC(13) User=0.00s Sys=0.00s Real=0.00s
[22.494s][info][gc,start       ] GC(14) Pause Young (Allocation Failure)
[22.498s][info][gc,heap        ] GC(14) PSYoungGen: 307665K(315904K)->7023K(317952K) Eden: 286720K(286720K)->0K(286720K) From: 20945K(29184K)->7023K(31232K)
[22.498s][info][gc,heap        ] GC(14) ParOldGen: 8773K(699392K)->25084K(699392K)
[22.498s][info][gc,metaspace   ] GC(14) Metaspace: 9568K(9856K)->9568K(9856K) NonClass: 8556K(8704K)->8556K(8704K) Class: 1011K(1152K)->1011K(1152K)
[22.498s][info][gc             ] GC(14) Pause Young (Allocation Failure) 309M->31M(993M) 3.829ms
[22.498s][info][gc,cpu         ] GC(14) User=0.00s Sys=0.00s Real=0.00s
[23.312s][info][gc,start       ] GC(15) Pause Young (Allocation Failure)
[23.314s][info][gc,heap        ] GC(15) PSYoungGen: 293743K(317952K)->11618K(320512K) Eden: 286720K(286720K)->0K(290816K) From: 7023K(31232K)->11618K(29696K)
[23.314s][info][gc,heap        ] GC(15) ParOldGen: 25084K(699392K)->27981K(699392K)
[23.314s][info][gc,metaspace   ] GC(15) Metaspace: 9572K(9856K)->9572K(9856K) NonClass: 8560K(8704K)->8560K(8704K) Class: 1011K(1152K)->1011K(1152K)
[23.314s][info][gc             ] GC(15) Pause Young (Allocation Failure) 311M->38M(996M) 2.451ms
[23.314s][info][gc,cpu         ] GC(15) User=0.00s Sys=0.00s Real=0.02s
[23.923s][info][gc,start       ] GC(16) Pause Young (Allocation Failure)
[23.927s][info][gc,heap        ] GC(16) PSYoungGen: 302434K(320512K)->16257K(319488K) Eden: 290816K(290816K)->0K(290816K) From: 11618K(29696K)->16257K(28672K)
[23.927s][info][gc,heap        ] GC(16) ParOldGen: 27981K(699392K)->32336K(699392K)
[23.927s][info][gc,metaspace   ] GC(16) Metaspace: 9586K(9856K)->9586K(9856K) NonClass: 8574K(8704K)->8574K(8704K) Class: 1011K(1152K)->1011K(1152K)
[23.927s][info][gc             ] GC(16) Pause Young (Allocation Failure) 322M->47M(995M) 4.681ms
[23.927s][info][gc,cpu         ] GC(16) User=0.05s Sys=0.05s Real=0.01s
[24.656s][info][gc,start       ] GC(17) Pause Young (Allocation Failure)
[24.661s][info][gc,heap        ] GC(17) PSYoungGen: 307073K(319488K)->576K(320512K) Eden: 290816K(290816K)->0K(291840K) From: 16257K(28672K)->576K(28672K)
[24.661s][info][gc,heap        ] GC(17) ParOldGen: 32336K(699392K)->47724K(699392K)
[24.661s][info][gc,metaspace   ] GC(17) Metaspace: 9601K(9920K)->9601K(9920K) NonClass: 8590K(8768K)->8590K(8768K) Class: 1011K(1152K)->1011K(1152K)
[24.661s][info][gc             ] GC(17) Pause Young (Allocation Failure) 331M->47M(996M) 4.880ms
[24.661s][info][gc,cpu         ] GC(17) User=0.00s Sys=0.00s Real=0.01s
[25.012s][info][gc,start       ] GC(18) Pause Young (Allocation Failure)
[25.012s][info][gc,heap        ] GC(18) PSYoungGen: 292416K(320512K)->256K(320512K) Eden: 291840K(291840K)->0K(291840K) From: 576K(28672K)->256K(28672K)
[25.013s][info][gc,heap        ] GC(18) ParOldGen: 47724K(699392K)->48156K(699392K)
[25.013s][info][gc,metaspace   ] GC(18) Metaspace: 9601K(9920K)->9601K(9920K) NonClass: 8590K(8768K)->8590K(8768K) Class: 1011K(1152K)->1011K(1152K)
[25.013s][info][gc             ] GC(18) Pause Young (Allocation Failure) 332M->47M(996M) 0.953ms
[25.013s][info][gc,cpu         ] GC(18) User=0.00s Sys=0.00s Real=0.00s
[25.182s][info][gc,start       ] GC(19) Pause Young (System.gc())
[25.182s][info][gc,heap        ] GC(19) PSYoungGen: 133188K(320512K)->287K(321024K) Eden: 132932K(291840K)->0K(292352K) From: 256K(28672K)->287K(28672K)
[25.182s][info][gc,heap        ] GC(19) ParOldGen: 48156K(699392K)->48204K(699392K)
[25.182s][info][gc,metaspace   ] GC(19) Metaspace: 9626K(9920K)->9626K(9920K) NonClass: 8614K(8768K)->8614K(8768K) Class: 1011K(1152K)->1011K(1152K)
[25.182s][info][gc             ] GC(19) Pause Young (System.gc()) 177M->47M(996M) 0.636ms
[25.182s][info][gc,cpu         ] GC(19) User=0.00s Sys=0.00s Real=0.00s
[25.182s][info][gc,start       ] GC(20) Pause Full (System.gc())
[25.182s][info][gc,phases,start] GC(20) Marking Phase
[25.186s][info][gc,phases      ] GC(20) Marking Phase 3.964ms
[25.186s][info][gc,phases,start] GC(20) Summary Phase
[25.186s][info][gc,phases      ] GC(20) Summary Phase 0.010ms
[25.186s][info][gc,phases,start] GC(20) Adjust Roots
[25.189s][info][gc,phases      ] GC(20) Adjust Roots 2.384ms
[25.189s][info][gc,phases,start] GC(20) Compaction Phase
[25.192s][info][gc,phases      ] GC(20) Compaction Phase 2.809ms
[25.192s][info][gc,phases,start] GC(20) Post Compact
[25.192s][info][gc,phases      ] GC(20) Post Compact 0.573ms
[25.192s][info][gc,heap        ] GC(20) PSYoungGen: 287K(321024K)->0K(321024K) Eden: 0K(292352K)->0K(292352K) From: 287K(28672K)->0K(28672K)
[25.192s][info][gc,heap        ] GC(20) ParOldGen: 48204K(699392K)->3678K(699392K)
[25.192s][info][gc,metaspace   ] GC(20) Metaspace: 9626K(9920K)->9626K(9920K) NonClass: 8614K(8768K)->8614K(8768K) Class: 1011K(1152K)->1011K(1152K)
[25.192s][info][gc             ] GC(20) Pause Full (System.gc()) 47M->3M(996M) 9.984ms
[25.192s][info][gc,cpu         ] GC(20) User=0.00s Sys=0.00s Real=0.01s
[25.973s][info][gc,start       ] GC(21) Pause Young (Allocation Failure)
[25.975s][info][gc,heap        ] GC(21) PSYoungGen: 292352K(321024K)->12121K(320512K) Eden: 292352K(292352K)->0K(292352K) From: 0K(28672K)->12121K(28160K)
[25.975s][info][gc,heap        ] GC(21) ParOldGen: 3678K(699392K)->3678K(699392K)
[25.975s][info][gc,metaspace   ] GC(21) Metaspace: 9628K(9920K)->9628K(9920K) NonClass: 8617K(8768K)->8617K(8768K) Class: 1011K(1152K)->1011K(1152K)
[25.975s][info][gc             ] GC(21) Pause Young (Allocation Failure) 289M->15M(996M) 2.064ms
[25.975s][info][gc,cpu         ] GC(21) User=0.06s Sys=0.03s Real=0.00s
[26.792s][info][gc,start       ] GC(22) Pause Young (Allocation Failure)
[26.795s][info][gc,heap        ] GC(22) PSYoungGen: 304473K(320512K)->20849K(316416K) Eden: 292352K(292352K)->0K(288768K) From: 12121K(28160K)->20849K(27648K)
[26.795s][info][gc,heap        ] GC(22) ParOldGen: 3678K(699392K)->8877K(699392K)
[26.795s][info][gc,metaspace   ] GC(22) Metaspace: 9630K(9920K)->9630K(9920K) NonClass: 8618K(8768K)->8618K(8768K) Class: 1011K(1152K)->1011K(1152K)
[26.795s][info][gc             ] GC(22) Pause Young (Allocation Failure) 300M->29M(992M) 3.131ms
[26.795s][info][gc,cpu         ] GC(22) User=0.00s Sys=0.00s Real=0.00s
[27.388s][info][gc,start       ] GC(23) Pause Young (Allocation Failure)
[27.391s][info][gc,heap        ] GC(23) PSYoungGen: 309617K(316416K)->7143K(318976K) Eden: 288768K(288768K)->0K(288768K) From: 20849K(27648K)->7143K(30208K)
[27.391s][info][gc,heap        ] GC(23) ParOldGen: 8877K(699392K)->25083K(699392K)
[27.391s][info][gc,metaspace   ] GC(23) Metaspace: 9633K(9920K)->9633K(9920K) NonClass: 8622K(8768K)->8622K(8768K) Class: 1011K(1152K)->1011K(1152K)
[27.391s][info][gc             ] GC(23) Pause Young (Allocation Failure) 311M->31M(994M) 3.033ms
[27.391s][info][gc,cpu         ] GC(23) User=0.00s Sys=0.00s Real=0.00s
[28.204s][info][gc,start       ] GC(24) Pause Young (Allocation Failure)
[28.207s][info][gc,heap        ] GC(24) PSYoungGen: 295911K(318976K)->13122K(321024K) Eden: 288768K(288768K)->0K(292352K) From: 7143K(30208K)->13122K(28672K)
[28.207s][info][gc,heap        ] GC(24) ParOldGen: 25083K(699392K)->28221K(699392K)
[28.207s][info][gc,metaspace   ] GC(24) Metaspace: 9634K(9920K)->9634K(9920K) NonClass: 8622K(8768K)->8622K(8768K) Class: 1011K(1152K)->1011K(1152K)
[28.207s][info][gc             ] GC(24) Pause Young (Allocation Failure) 313M->40M(996M) 2.499ms
[28.207s][info][gc,cpu         ] GC(24) User=0.00s Sys=0.00s Real=0.02s
[28.827s][info][gc,start       ] GC(25) Pause Young (Allocation Failure)
[28.830s][info][gc,heap        ] GC(25) PSYoungGen: 305474K(321024K)->11341K(320512K) Eden: 292352K(292352K)->0K(292352K) From: 13122K(28672K)->11341K(28160K)
[28.830s][info][gc,heap        ] GC(25) ParOldGen: 28221K(699392K)->37804K(699392K)
[28.830s][info][gc,metaspace   ] GC(25) Metaspace: 9646K(9920K)->9646K(9920K) NonClass: 8634K(8768K)->8634K(8768K) Class: 1012K(1152K)->1012K(1152K)
[28.830s][info][gc             ] GC(25) Pause Young (Allocation Failure) 325M->47M(996M) 2.737ms
[28.830s][info][gc,cpu         ] GC(25) User=0.00s Sys=0.00s Real=0.00s
[29.501s][info][gc,start       ] GC(26) Pause Young (Allocation Failure)
[29.502s][info][gc,heap        ] GC(26) PSYoungGen: 303693K(320512K)->544K(322048K) Eden: 292352K(292352K)->0K(294912K) From: 11341K(28160K)->544K(27136K)
[29.502s][info][gc,heap        ] GC(26) ParOldGen: 37804K(699392K)->46664K(699392K)
[29.502s][info][gc,metaspace   ] GC(26) Metaspace: 9660K(9920K)->9660K(9920K) NonClass: 8648K(8768K)->8648K(8768K) Class: 1012K(1152K)->1012K(1152K)
[29.502s][info][gc             ] GC(26) Pause Young (Allocation Failure) 333M->46M(997M) 1.272ms
[29.502s][info][gc,cpu         ] GC(26) User=0.00s Sys=0.00s Real=0.00s
[29.825s][info][gc,start       ] GC(27) Pause Young (Allocation Failure)
[29.826s][info][gc,heap        ] GC(27) PSYoungGen: 295456K(322048K)->352K(322048K) Eden: 294912K(294912K)->0K(294912K) From: 544K(27136K)->352K(27136K)
[29.826s][info][gc,heap        ] GC(27) ParOldGen: 46664K(699392K)->47112K(699392K)
[29.826s][info][gc,metaspace   ] GC(27) Metaspace: 9660K(9920K)->9660K(9920K) NonClass: 8648K(8768K)->8648K(8768K) Class: 1012K(1152K)->1012K(1152K)
[29.826s][info][gc             ] GC(27) Pause Young (Allocation Failure) 334M->46M(997M) 0.716ms
[29.826s][info][gc,cpu         ] GC(27) User=0.00s Sys=0.00s Real=0.02s
[29.973s][info][gc,start       ] GC(28) Pause Young (System.gc())
[29.973s][info][gc,heap        ] GC(28) PSYoungGen: 120169K(322048K)->287K(323072K) Eden: 119817K(294912K)->0K(296448K) From: 352K(27136K)->287K(26624K)
[29.973s][info][gc,heap        ] GC(28) ParOldGen: 47112K(699392K)->47160K(699392K)
[29.973s][info][gc,metaspace   ] GC(28) Metaspace: 9666K(9920K)->9666K(9920K) NonClass: 8654K(8768K)->8654K(8768K) Class: 1012K(1152K)->1012K(1152K)
[29.973s][info][gc             ] GC(28) Pause Young (System.gc()) 163M->46M(998M) 0.479ms
[29.973s][info][gc,cpu         ] GC(28) User=0.00s Sys=0.00s Real=0.00s
[29.973s][info][gc,start       ] GC(29) Pause Full (System.gc())
[29.973s][info][gc,phases,start] GC(29) Marking Phase
[29.977s][info][gc,phases      ] GC(29) Marking Phase 3.816ms
[29.977s][info][gc,phases,start] GC(29) Summary Phase
[29.977s][info][gc,phases      ] GC(29) Summary Phase 0.009ms
[29.977s][info][gc,phases,start] GC(29) Adjust Roots
[29.979s][info][gc,phases      ] GC(29) Adjust Roots 2.110ms
[29.979s][info][gc,phases,start] GC(29) Compaction Phase
[29.980s][info][gc,phases      ] GC(29) Compaction Phase 0.837ms
[29.980s][info][gc,phases,start] GC(29) Post Compact
[29.981s][info][gc,phases      ] GC(29) Post Compact 0.256ms
[29.981s][info][gc,heap        ] GC(29) PSYoungGen: 287K(323072K)->0K(323072K) Eden: 0K(296448K)->0K(296448K) From: 287K(26624K)->0K(26624K)
[29.981s][info][gc,heap        ] GC(29) ParOldGen: 47160K(699392K)->3677K(699392K)
[29.981s][info][gc,metaspace   ] GC(29) Metaspace: 9666K(9920K)->9666K(9920K) NonClass: 8654K(8768K)->8654K(8768K) Class: 1012K(1152K)->1012K(1152K)
[29.981s][info][gc             ] GC(29) Pause Full (System.gc()) 46M->3M(998M) 7.254ms
[29.981s][info][gc,cpu         ] GC(29) User=0.09s Sys=0.00s Real=0.00s
[30.772s][info][gc,start       ] GC(30) Pause Young (Allocation Failure)
[30.773s][info][gc,heap        ] GC(30) PSYoungGen: 296448K(323072K)->11334K(322560K) Eden: 296448K(296448K)->0K(296448K) From: 0K(26624K)->11334K(26112K)
[30.773s][info][gc,heap        ] GC(30) ParOldGen: 3677K(699392K)->3677K(699392K)
[30.773s][info][gc,metaspace   ] GC(30) Metaspace: 9667K(9920K)->9667K(9920K) NonClass: 8655K(8768K)->8655K(8768K) Class: 1012K(1152K)->1012K(1152K)
[30.774s][info][gc             ] GC(30) Pause Young (Allocation Failure) 293M->14M(998M) 1.868ms
[30.774s][info][gc,cpu         ] GC(30) User=0.00s Sys=0.00s Real=0.00s
[31.563s][info][gc,start       ] GC(31) Pause Young (Allocation Failure)
[31.566s][info][gc,heap        ] GC(31) PSYoungGen: 307782K(322560K)->20881K(317440K) Eden: 296448K(296448K)->0K(291840K) From: 11334K(26112K)->20881K(25600K)
[31.567s][info][gc,heap        ] GC(31) ParOldGen: 3677K(699392K)->8940K(699392K)
[31.567s][info][gc,metaspace   ] GC(31) Metaspace: 9670K(9920K)->9670K(9920K) NonClass: 8658K(8768K)->8658K(8768K) Class: 1012K(1152K)->1012K(1152K)
[31.567s][info][gc             ] GC(31) Pause Young (Allocation Failure) 304M->29M(993M) 3.232ms
[31.567s][info][gc,cpu         ] GC(31) User=0.00s Sys=0.00s Real=0.01s
[32.175s][info][gc,start       ] GC(32) Pause Young (Allocation Failure)
[32.178s][info][gc,heap        ] GC(32) PSYoungGen: 312721K(317440K)->7198K(320512K) Eden: 291840K(291840K)->0K(291840K) From: 20881K(25600K)->7198K(28672K)
[32.178s][info][gc,heap        ] GC(32) ParOldGen: 8940K(699392K)->26161K(699392K)
[32.178s][info][gc,metaspace   ] GC(32) Metaspace: 9675K(9920K)->9675K(9920K) NonClass: 8663K(8768K)->8663K(8768K) Class: 1012K(1152K)->1012K(1152K)
[32.178s][info][gc             ] GC(32) Pause Young (Allocation Failure) 314M->32M(996M) 3.200ms
[32.178s][info][gc,cpu         ] GC(32) User=0.03s Sys=0.06s Real=0.01s
[33.005s][info][gc,start       ] GC(33) Pause Young (Allocation Failure)
[33.007s][info][gc,heap        ] GC(33) PSYoungGen: 299038K(320512K)->13054K(322048K) Eden: 291840K(291840K)->0K(294912K) From: 7198K(28672K)->13054K(27136K)
[33.007s][info][gc,heap        ] GC(33) ParOldGen: 26161K(699392K)->29483K(699392K)
[33.007s][info][gc,metaspace   ] GC(33) Metaspace: 9675K(9920K)->9675K(9920K) NonClass: 8663K(8768K)->8663K(8768K) Class: 1012K(1152K)->1012K(1152K)
[33.008s][info][gc             ] GC(33) Pause Young (Allocation Failure) 317M->41M(997M) 2.470ms
[33.008s][info][gc,cpu         ] GC(33) User=0.00s Sys=0.00s Real=0.02s
[33.613s][info][gc,start       ] GC(34) Pause Young (Allocation Failure)
[33.616s][info][gc,heap        ] GC(34) PSYoungGen: 307966K(322048K)->11215K(322048K) Eden: 294912K(294912K)->0K(294912K) From: 13054K(27136K)->11215K(27136K)
[33.616s][info][gc,heap        ] GC(34) ParOldGen: 29483K(699392K)->39170K(699392K)
[33.616s][info][gc,metaspace   ] GC(34) Metaspace: 9676K(9920K)->9676K(9920K) NonClass: 8664K(8768K)->8664K(8768K) Class: 1012K(1152K)->1012K(1152K)
[33.616s][info][gc             ] GC(34) Pause Young (Allocation Failure) 329M->49M(997M) 2.913ms
[33.616s][info][gc,cpu         ] GC(34) User=0.03s Sys=0.06s Real=0.01s
[34.267s][info][gc,start       ] GC(35) Pause Young (Allocation Failure)
[34.268s][info][gc,heap        ] GC(35) PSYoungGen: 306127K(322048K)->576K(323584K) Eden: 294912K(294912K)->0K(297472K) From: 11215K(27136K)->576K(26112K)
[34.268s][info][gc,heap        ] GC(35) ParOldGen: 39170K(699392K)->47722K(699392K)
[34.268s][info][gc,metaspace   ] GC(35) Metaspace: 9695K(9984K)->9695K(9984K) NonClass: 8683K(8832K)->8683K(8832K) Class: 1012K(1152K)->1012K(1152K)
[34.268s][info][gc             ] GC(35) Pause Young (Allocation Failure) 337M->47M(999M) 1.181ms
[34.268s][info][gc,cpu         ] GC(35) User=0.00s Sys=0.00s Real=0.00s
[34.594s][info][gc,start       ] GC(36) Pause Young (Allocation Failure)
[34.595s][info][gc,heap        ] GC(36) PSYoungGen: 298048K(323584K)->288K(323072K) Eden: 297472K(297472K)->0K(297472K) From: 576K(26112K)->288K(25600K)
[34.595s][info][gc,heap        ] GC(36) ParOldGen: 47722K(699392K)->48171K(699392K)
[34.595s][info][gc,metaspace   ] GC(36) Metaspace: 9696K(9984K)->9696K(9984K) NonClass: 8684K(8832K)->8684K(8832K) Class: 1012K(1152K)->1012K(1152K)
[34.595s][info][gc             ] GC(36) Pause Young (Allocation Failure) 337M->47M(998M) 0.770ms
[34.595s][info][gc,cpu         ] GC(36) User=0.00s Sys=0.00s Real=0.00s
[34.710s][info][gc,start       ] GC(37) Pause Young (System.gc())
[34.710s][info][gc,heap        ] GC(37) PSYoungGen: 89968K(323072K)->287K(324096K) Eden: 89680K(297472K)->0K(298496K) From: 288K(25600K)->287K(25600K)
[34.710s][info][gc,heap        ] GC(37) ParOldGen: 48171K(699392K)->48235K(699392K)
[34.710s][info][gc,metaspace   ] GC(37) Metaspace: 9703K(9984K)->9703K(9984K) NonClass: 8691K(8832K)->8691K(8832K) Class: 1012K(1152K)->1012K(1152K)
[34.710s][info][gc             ] GC(37) Pause Young (System.gc()) 134M->47M(999M) 0.490ms
[34.710s][info][gc,cpu         ] GC(37) User=0.00s Sys=0.00s Real=0.00s
[34.710s][info][gc,start       ] GC(38) Pause Full (System.gc())
[34.710s][info][gc,phases,start] GC(38) Marking Phase
[34.714s][info][gc,phases      ] GC(38) Marking Phase 4.034ms
[34.714s][info][gc,phases,start] GC(38) Summary Phase
[34.714s][info][gc,phases      ] GC(38) Summary Phase 0.009ms
[34.714s][info][gc,phases,start] GC(38) Adjust Roots
[34.716s][info][gc,phases      ] GC(38) Adjust Roots 1.639ms
[34.716s][info][gc,phases,start] GC(38) Compaction Phase
[34.717s][info][gc,phases      ] GC(38) Compaction Phase 0.926ms
[34.717s][info][gc,phases,start] GC(38) Post Compact
[34.717s][info][gc,phases      ] GC(38) Post Compact 0.261ms
[34.717s][info][gc,heap        ] GC(38) PSYoungGen: 287K(324096K)->0K(324096K) Eden: 0K(298496K)->0K(298496K) From: 287K(25600K)->0K(25600K)
[34.717s][info][gc,heap        ] GC(38) ParOldGen: 48235K(699392K)->3679K(699392K)
[34.717s][info][gc,metaspace   ] GC(38) Metaspace: 9703K(9984K)->9703K(9984K) NonClass: 8691K(8832K)->8691K(8832K) Class: 1012K(1152K)->1012K(1152K)
[34.717s][info][gc             ] GC(38) Pause Full (System.gc()) 47M->3M(999M) 7.062ms
[34.717s][info][gc,cpu         ] GC(38) User=0.00s Sys=0.00s Real=0.00s
[35.517s][info][gc,start       ] GC(39) Pause Young (Allocation Failure)
[35.519s][info][gc,heap        ] GC(39) PSYoungGen: 298496K(324096K)->11524K(323584K) Eden: 298496K(298496K)->0K(298496K) From: 0K(25600K)->11524K(25088K)
[35.519s][info][gc,heap        ] GC(39) ParOldGen: 3679K(699392K)->3679K(699392K)
[35.519s][info][gc,metaspace   ] GC(39) Metaspace: 9704K(9984K)->9704K(9984K) NonClass: 8692K(8832K)->8692K(8832K) Class: 1012K(1152K)->1012K(1152K)
[35.519s][info][gc             ] GC(39) Pause Young (Allocation Failure) 295M->14M(999M) 1.974ms
[35.519s][info][gc,cpu         ] GC(39) User=0.00s Sys=0.00s Real=0.00s
[36.328s][info][gc,start       ] GC(40) Pause Young (Allocation Failure)
[36.331s][info][gc,heap        ] GC(40) PSYoungGen: 310020K(323584K)->21944K(316928K) Eden: 298496K(298496K)->0K(291840K) From: 11524K(25088K)->21944K(25088K)
[36.331s][info][gc,heap        ] GC(40) ParOldGen: 3679K(699392K)->8974K(699392K)
[36.331s][info][gc,metaspace   ] GC(40) Metaspace: 9705K(9984K)->9705K(9984K) NonClass: 8693K(8832K)->8693K(8832K) Class: 1012K(1152K)->1012K(1152K)
[36.331s][info][gc             ] GC(40) Pause Young (Allocation Failure) 306M->30M(992M) 3.230ms
[36.331s][info][gc,cpu         ] GC(40) User=0.00s Sys=0.00s Real=0.02s
[36.948s][info][gc,start       ] GC(41) Pause Young (Allocation Failure)
[36.951s][info][gc,heap        ] GC(41) PSYoungGen: 313784K(316928K)->7198K(320512K) Eden: 291840K(291840K)->0K(291840K) From: 21944K(25088K)->7198K(28672K)
[36.951s][info][gc,heap        ] GC(41) ParOldGen: 8974K(699392K)->25133K(699392K)
[36.951s][info][gc,metaspace   ] GC(41) Metaspace: 9705K(9984K)->9705K(9984K) NonClass: 8693K(8832K)->8693K(8832K) Class: 1012K(1152K)->1012K(1152K)
[36.951s][info][gc             ] GC(41) Pause Young (Allocation Failure) 315M->31M(996M) 3.058ms
[36.951s][info][gc,cpu         ] GC(41) User=0.00s Sys=0.00s Real=0.02s
[37.779s][info][gc,start       ] GC(42) Pause Young (Allocation Failure)
[37.782s][info][gc,heap        ] GC(42) PSYoungGen: 299038K(320512K)->13039K(322560K) Eden: 291840K(291840K)->0K(295424K) From: 7198K(28672K)->13039K(27136K)
[37.782s][info][gc,heap        ] GC(42) ParOldGen: 25133K(699392K)->28526K(699392K)
[37.782s][info][gc,metaspace   ] GC(42) Metaspace: 9705K(9984K)->9705K(9984K) NonClass: 8693K(8832K)->8693K(8832K) Class: 1012K(1152K)->1012K(1152K)
[37.782s][info][gc             ] GC(42) Pause Young (Allocation Failure) 316M->40M(998M) 2.487ms
[37.782s][info][gc,cpu         ] GC(42) User=0.00s Sys=0.00s Real=0.00s
[38.382s][info][gc,start       ] GC(43) Pause Young (Allocation Failure)
[38.385s][info][gc,heap        ] GC(43) PSYoungGen: 308463K(322560K)->11318K(322048K) Eden: 295424K(295424K)->0K(295424K) From: 13039K(27136K)->11318K(26624K)
[38.385s][info][gc,heap        ] GC(43) ParOldGen: 28526K(699392K)->39304K(699392K)
[38.385s][info][gc,metaspace   ] GC(43) Metaspace: 9710K(10048K)->9710K(10048K) NonClass: 8698K(8896K)->8698K(8896K) Class: 1012K(1152K)->1012K(1152K)
[38.385s][info][gc             ] GC(43) Pause Young (Allocation Failure) 329M->49M(997M) 3.043ms
[38.385s][info][gc,cpu         ] GC(43) User=0.00s Sys=0.00s Real=0.01s
[39.056s][info][gc,start       ] GC(44) Pause Young (Allocation Failure)
[39.057s][info][gc,heap        ] GC(44) PSYoungGen: 306742K(322048K)->608K(323584K) Eden: 295424K(295424K)->0K(297984K) From: 11318K(26624K)->608K(25600K)
[39.057s][info][gc,heap        ] GC(44) ParOldGen: 39304K(699392K)->47792K(699392K)
[39.057s][info][gc,metaspace   ] GC(44) Metaspace: 9732K(10048K)->9732K(10048K) NonClass: 8720K(8896K)->8720K(8896K) Class: 1012K(1152K)->1012K(1152K)
[39.057s][info][gc             ] GC(44) Pause Young (Allocation Failure) 337M->47M(999M) 1.372ms
[39.057s][info][gc,cpu         ] GC(44) User=0.00s Sys=0.00s Real=0.00s
[39.385s][info][gc,start       ] GC(45) Pause Young (Allocation Failure)
[39.386s][info][gc,heap        ] GC(45) PSYoungGen: 298592K(323584K)->384K(323584K) Eden: 297984K(297984K)->0K(297984K) From: 608K(25600K)->384K(25600K)
[39.386s][info][gc,heap        ] GC(45) ParOldGen: 47792K(699392K)->48249K(699392K)
[39.386s][info][gc,metaspace   ] GC(45) Metaspace: 9732K(10048K)->9732K(10048K) NonClass: 8720K(8896K)->8720K(8896K) Class: 1012K(1152K)->1012K(1152K)
[39.386s][info][gc             ] GC(45) Pause Young (Allocation Failure) 338M->47M(999M) 0.863ms
[39.386s][info][gc,cpu         ] GC(45) User=0.00s Sys=0.00s Real=0.00s
[39.502s][info][gc,start       ] GC(46) Pause Young (System.gc())
[39.502s][info][gc,heap        ] GC(46) PSYoungGen: 89953K(323584K)->287K(324096K) Eden: 89569K(297984K)->0K(298496K) From: 384K(25600K)->287K(25600K)
[39.502s][info][gc,heap        ] GC(46) ParOldGen: 48249K(699392K)->48305K(699392K)
[39.502s][info][gc,metaspace   ] GC(46) Metaspace: 9733K(10048K)->9733K(10048K) NonClass: 8721K(8896K)->8721K(8896K) Class: 1012K(1152K)->1012K(1152K)
[39.502s][info][gc             ] GC(46) Pause Young (System.gc()) 134M->47M(999M) 0.416ms
[39.502s][info][gc,cpu         ] GC(46) User=0.00s Sys=0.00s Real=0.00s
[39.502s][info][gc,start       ] GC(47) Pause Full (System.gc())
[39.502s][info][gc,phases,start] GC(47) Marking Phase
[39.507s][info][gc,phases      ] GC(47) Marking Phase 4.554ms
[39.507s][info][gc,phases,start] GC(47) Summary Phase
[39.507s][info][gc,phases      ] GC(47) Summary Phase 0.011ms
[39.507s][info][gc,phases,start] GC(47) Adjust Roots
[39.509s][info][gc,phases      ] GC(47) Adjust Roots 1.762ms
[39.509s][info][gc,phases,start] GC(47) Compaction Phase
[39.510s][info][gc,phases      ] GC(47) Compaction Phase 1.268ms
[39.510s][info][gc,phases,start] GC(47) Post Compact
[39.510s][info][gc,phases      ] GC(47) Post Compact 0.247ms
[39.510s][info][gc,heap        ] GC(47) PSYoungGen: 287K(324096K)->0K(324096K) Eden: 0K(298496K)->0K(298496K) From: 287K(25600K)->0K(25600K)
[39.510s][info][gc,heap        ] GC(47) ParOldGen: 48305K(699392K)->3679K(699392K)
[39.510s][info][gc,metaspace   ] GC(47) Metaspace: 9733K(10048K)->9733K(10048K) NonClass: 8721K(8896K)->8721K(8896K) Class: 1012K(1152K)->1012K(1152K)
[39.510s][info][gc             ] GC(47) Pause Full (System.gc()) 47M->3M(999M) 8.064ms
[39.510s][info][gc,cpu         ] GC(47) User=0.00s Sys=0.02s Real=0.00s
[40.302s][info][gc,start       ] GC(48) Pause Young (Allocation Failure)
[40.304s][info][gc,heap        ] GC(48) PSYoungGen: 298496K(324096K)->12302K(323584K) Eden: 298496K(298496K)->0K(298496K) From: 0K(25600K)->12302K(25088K)
[40.304s][info][gc,heap        ] GC(48) ParOldGen: 3679K(699392K)->3679K(699392K)
[40.304s][info][gc,metaspace   ] GC(48) Metaspace: 9739K(10048K)->9739K(10048K) NonClass: 8727K(8896K)->8727K(8896K) Class: 1012K(1152K)->1012K(1152K)
[40.304s][info][gc             ] GC(48) Pause Young (Allocation Failure) 295M->15M(999M) 2.144ms
[40.304s][info][gc,cpu         ] GC(48) User=0.00s Sys=0.00s Real=0.02s
[41.116s][info][gc,start       ] GC(49) Pause Young (Allocation Failure)
[41.119s][info][gc,heap        ] GC(49) PSYoungGen: 310798K(323584K)->16721K(321024K) Eden: 298496K(298496K)->0K(295936K) From: 12302K(25088K)->16721K(25088K)
[41.119s][info][gc,heap        ] GC(49) ParOldGen: 3679K(699392K)->8974K(699392K)
[41.119s][info][gc,metaspace   ] GC(49) Metaspace: 9740K(10048K)->9740K(10048K) NonClass: 8728K(8896K)->8728K(8896K) Class: 1012K(1152K)->1012K(1152K)
[41.119s][info][gc             ] GC(49) Pause Young (Allocation Failure) 307M->25M(996M) 2.811ms
[41.119s][info][gc,cpu         ] GC(49) User=0.00s Sys=0.00s Real=0.01s
[41.741s][info][gc,start       ] GC(50) Pause Young (Allocation Failure)
[41.744s][info][gc,heap        ] GC(50) PSYoungGen: 312657K(321024K)->7334K(322560K) Eden: 295936K(295936K)->0K(295936K) From: 16721K(25088K)->7334K(26624K)
[41.744s][info][gc,heap        ] GC(50) ParOldGen: 8974K(699392K)->25093K(699392K)
[41.744s][info][gc,metaspace   ] GC(50) Metaspace: 9747K(10048K)->9747K(10048K) NonClass: 8735K(8896K)->8735K(8896K) Class: 1012K(1152K)->1012K(1152K)
[41.744s][info][gc             ] GC(50) Pause Young (Allocation Failure) 314M->31M(998M) 3.089ms
[41.744s][info][gc,cpu         ] GC(50) User=0.00s Sys=0.00s Real=0.01s
[42.578s][info][gc,start       ] GC(51) Pause Young (Allocation Failure)
[42.580s][info][gc,heap        ] GC(51) PSYoungGen: 303270K(322560K)->13124K(324096K) Eden: 295936K(295936K)->0K(299008K) From: 7334K(26624K)->13124K(25088K)
[42.580s][info][gc,heap        ] GC(51) ParOldGen: 25093K(699392K)->28550K(699392K)
[42.580s][info][gc,metaspace   ] GC(51) Metaspace: 9747K(10048K)->9747K(10048K) NonClass: 8735K(8896K)->8735K(8896K) Class: 1012K(1152K)->1012K(1152K)
[42.580s][info][gc             ] GC(51) Pause Young (Allocation Failure) 320M->40M(999M) 2.485ms
[42.580s][info][gc,cpu         ] GC(51) User=0.00s Sys=0.00s Real=0.01s
[43.197s][info][gc,start       ] GC(52) Pause Young (Allocation Failure)
[43.200s][info][gc,heap        ] GC(52) PSYoungGen: 312132K(324096K)->11483K(324096K) Eden: 299008K(299008K)->0K(299008K) From: 13124K(25088K)->11483K(25088K)
[43.200s][info][gc,heap        ] GC(52) ParOldGen: 28550K(699392K)->38322K(699392K)
[43.200s][info][gc,metaspace   ] GC(52) Metaspace: 9749K(10048K)->9749K(10048K) NonClass: 8737K(8896K)->8737K(8896K) Class: 1012K(1152K)->1012K(1152K)
[43.200s][info][gc             ] GC(52) Pause Young (Allocation Failure) 332M->48M(999M) 2.750ms
[43.200s][info][gc,cpu         ] GC(52) User=0.00s Sys=0.00s Real=0.01s
[43.822s][info][gc,start       ] GC(53) Pause Young (Allocation Failure)
[43.823s][info][gc,heap        ] GC(53) PSYoungGen: 310491K(324096K)->576K(324608K) Eden: 299008K(299008K)->0K(300032K) From: 11483K(25088K)->576K(24576K)
[43.823s][info][gc,heap        ] GC(53) ParOldGen: 38322K(699392K)->46690K(699392K)
[43.823s][info][gc,metaspace   ] GC(53) Metaspace: 9754K(10048K)->9754K(10048K) NonClass: 8742K(8896K)->8742K(8896K) Class: 1012K(1152K)->1012K(1152K)
[43.823s][info][gc             ] GC(53) Pause Young (Allocation Failure) 340M->46M(1000M) 1.266ms
[43.823s][info][gc,cpu         ] GC(53) User=0.00s Sys=0.00s Real=0.00s
[44.155s][info][gc,start       ] GC(54) Pause Young (Allocation Failure)
[44.156s][info][gc,heap        ] GC(54) PSYoungGen: 300608K(324608K)->288K(324608K) Eden: 300032K(300032K)->0K(300032K) From: 576K(24576K)->288K(24576K)
[44.156s][info][gc,heap        ] GC(54) ParOldGen: 46690K(699392K)->47137K(699392K)
[44.156s][info][gc,metaspace   ] GC(54) Metaspace: 9754K(10048K)->9754K(10048K) NonClass: 8742K(8896K)->8742K(8896K) Class: 1012K(1152K)->1012K(1152K)
[44.156s][info][gc             ] GC(54) Pause Young (Allocation Failure) 339M->46M(1000M) 0.735ms
[44.156s][info][gc,cpu         ] GC(54) User=0.00s Sys=0.00s Real=0.00s
[44.244s][info][gc,start       ] GC(55) Pause Young (System.gc())
[44.245s][info][gc,heap        ] GC(55) PSYoungGen: 69693K(324608K)->287K(325120K) Eden: 69405K(300032K)->0K(301056K) From: 288K(24576K)->287K(24064K)
[44.245s][info][gc,heap        ] GC(55) ParOldGen: 47137K(699392K)->47177K(699392K)
[44.245s][info][gc,metaspace   ] GC(55) Metaspace: 9755K(10048K)->9755K(10048K) NonClass: 8743K(8896K)->8743K(8896K) Class: 1012K(1152K)->1012K(1152K)
[44.245s][info][gc             ] GC(55) Pause Young (System.gc()) 114M->46M(1000M) 0.406ms
[44.245s][info][gc,cpu         ] GC(55) User=0.00s Sys=0.00s Real=0.00s
[44.245s][info][gc,start       ] GC(56) Pause Full (System.gc())
[44.245s][info][gc,phases,start] GC(56) Marking Phase
[44.249s][info][gc,phases      ] GC(56) Marking Phase 4.302ms
[44.249s][info][gc,phases,start] GC(56) Summary Phase
[44.249s][info][gc,phases      ] GC(56) Summary Phase 0.010ms
[44.249s][info][gc,phases,start] GC(56) Adjust Roots
[44.251s][info][gc,phases      ] GC(56) Adjust Roots 2.037ms
[44.251s][info][gc,phases,start] GC(56) Compaction Phase
[44.253s][info][gc,phases      ] GC(56) Compaction Phase 1.391ms
[44.253s][info][gc,phases,start] GC(56) Post Compact
[44.253s][info][gc,phases      ] GC(56) Post Compact 0.260ms
[44.253s][info][gc,heap        ] GC(56) PSYoungGen: 287K(325120K)->0K(325120K) Eden: 0K(301056K)->0K(301056K) From: 287K(24064K)->0K(24064K)
[44.253s][info][gc,heap        ] GC(56) ParOldGen: 47177K(699392K)->3680K(699392K)
[44.253s][info][gc,metaspace   ] GC(56) Metaspace: 9755K(10048K)->9755K(10048K) NonClass: 8743K(8896K)->8743K(8896K) Class: 1012K(1152K)->1012K(1152K)
[44.253s][info][gc             ] GC(56) Pause Full (System.gc()) 46M->3M(1000M) 8.223ms
[44.253s][info][gc,cpu         ] GC(56) User=0.00s Sys=0.00s Real=0.02s
[45.078s][info][gc,start       ] GC(57) Pause Young (Allocation Failure)
[45.080s][info][gc,heap        ] GC(57) PSYoungGen: 301056K(325120K)->11442K(325120K) Eden: 301056K(301056K)->0K(301056K) From: 0K(24064K)->11442K(24064K)
[45.080s][info][gc,heap        ] GC(57) ParOldGen: 3680K(699392K)->3680K(699392K)
[45.080s][info][gc,metaspace   ] GC(57) Metaspace: 9756K(10048K)->9756K(10048K) NonClass: 8744K(8896K)->8744K(8896K) Class: 1012K(1152K)->1012K(1152K)
[45.080s][info][gc             ] GC(57) Pause Young (Allocation Failure) 297M->14M(1000M) 1.760ms
[45.080s][info][gc,cpu         ] GC(57) User=0.00s Sys=0.00s Real=0.00s
[45.871s][info][gc,start       ] GC(58) Pause Young (Allocation Failure)
[45.874s][info][gc,heap        ] GC(58) PSYoungGen: 312498K(325120K)->20785K(318976K) Eden: 301056K(301056K)->0K(294912K) From: 11442K(24064K)->20785K(24064K)
[45.874s][info][gc,heap        ] GC(58) ParOldGen: 3680K(699392K)->9007K(699392K)
[45.874s][info][gc,metaspace   ] GC(58) Metaspace: 9756K(10048K)->9756K(10048K) NonClass: 8744K(8896K)->8744K(8896K) Class: 1012K(1152K)->1012K(1152K)
[45.874s][info][gc             ] GC(58) Pause Young (Allocation Failure) 308M->29M(994M) 3.130ms
[45.874s][info][gc,cpu         ] GC(58) User=0.00s Sys=0.00s Real=0.01s
[46.499s][info][gc,start       ] GC(59) Pause Young (Allocation Failure)
[46.502s][info][gc,heap        ] GC(59) PSYoungGen: 315697K(318976K)->7563K(322048K) Eden: 294912K(294912K)->0K(294912K) From: 20785K(24064K)->7563K(27136K)
[46.502s][info][gc,heap        ] GC(59) ParOldGen: 9007K(699392K)->26156K(699392K)
[46.502s][info][gc,metaspace   ] GC(59) Metaspace: 9757K(10048K)->9757K(10048K) NonClass: 8745K(8896K)->8745K(8896K) Class: 1012K(1152K)->1012K(1152K)
[46.502s][info][gc             ] GC(59) Pause Young (Allocation Failure) 317M->32M(997M) 3.174ms
[46.502s][info][gc,cpu         ] GC(59) User=0.00s Sys=0.00s Real=0.01s
[47.326s][info][gc,start       ] GC(60) Pause Young (Allocation Failure)
[47.328s][info][gc,heap        ] GC(60) PSYoungGen: 302475K(322048K)->13162K(323584K) Eden: 294912K(294912K)->0K(297984K) From: 7563K(27136K)->13162K(25600K)
[47.328s][info][gc,heap        ] GC(60) ParOldGen: 26156K(699392K)->29678K(699392K)
[47.328s][info][gc,metaspace   ] GC(60) Metaspace: 9757K(10048K)->9757K(10048K) NonClass: 8745K(8896K)->8745K(8896K) Class: 1012K(1152K)->1012K(1152K)
[47.328s][info][gc             ] GC(60) Pause Young (Allocation Failure) 320M->41M(999M) 2.521ms
[47.328s][info][gc,cpu         ] GC(60) User=0.00s Sys=0.00s Real=0.01s
[47.982s][info][gc,start       ] GC(61) Pause Young (Allocation Failure)
[47.985s][info][gc,heap        ] GC(61) PSYoungGen: 311146K(323584K)->11553K(323584K) Eden: 297984K(297984K)->0K(297984K) From: 13162K(25600K)->11553K(25600K)
[47.985s][info][gc,heap        ] GC(61) ParOldGen: 29678K(699392K)->39390K(699392K)
[47.985s][info][gc,metaspace   ] GC(61) Metaspace: 9761K(10048K)->9761K(10048K) NonClass: 8749K(8896K)->8749K(8896K) Class: 1012K(1152K)->1012K(1152K)
[47.985s][info][gc             ] GC(61) Pause Young (Allocation Failure) 332M->49M(999M) 2.759ms
[47.985s][info][gc,cpu         ] GC(61) User=0.00s Sys=0.00s Real=0.00s
[48.611s][info][gc,start       ] GC(62) Pause Young (Allocation Failure)
[48.612s][info][gc,heap        ] GC(62) PSYoungGen: 309537K(323584K)->576K(324096K) Eden: 297984K(297984K)->0K(299008K) From: 11553K(25600K)->576K(25088K)
[48.613s][info][gc,heap        ] GC(62) ParOldGen: 39390K(699392K)->47726K(699392K)
[48.613s][info][gc,metaspace   ] GC(62) Metaspace: 9768K(10048K)->9768K(10048K) NonClass: 8756K(8896K)->8756K(8896K) Class: 1012K(1152K)->1012K(1152K)
[48.613s][info][gc             ] GC(62) Pause Young (Allocation Failure) 340M->47M(999M) 1.395ms
[48.613s][info][gc,cpu         ] GC(62) User=0.00s Sys=0.00s Real=0.00s
[48.944s][info][gc,start       ] GC(63) Pause Young (Allocation Failure)
[48.944s][info][gc,heap        ] GC(63) PSYoungGen: 299584K(324096K)->256K(324096K) Eden: 299008K(299008K)->0K(299008K) From: 576K(25088K)->256K(25088K)
[48.944s][info][gc,heap        ] GC(63) ParOldGen: 47726K(699392K)->48173K(699392K)
[48.944s][info][gc,metaspace   ] GC(63) Metaspace: 9768K(10048K)->9768K(10048K) NonClass: 8756K(8896K)->8756K(8896K) Class: 1012K(1152K)->1012K(1152K)
[48.944s][info][gc             ] GC(63) Pause Young (Allocation Failure) 339M->47M(999M) 0.729ms
[48.944s][info][gc,cpu         ] GC(63) User=0.00s Sys=0.00s Real=0.00s
[49.034s][info][gc,start       ] GC(64) Pause Young (System.gc())
[49.035s][info][gc,heap        ] GC(64) PSYoungGen: 69742K(324096K)->319K(325120K) Eden: 69486K(299008K)->0K(300544K) From: 256K(25088K)->319K(24576K)
[49.035s][info][gc,heap        ] GC(64) ParOldGen: 48173K(699392K)->48229K(699392K)
[49.035s][info][gc,metaspace   ] GC(64) Metaspace: 9770K(10048K)->9770K(10048K) NonClass: 8758K(8896K)->8758K(8896K) Class: 1012K(1152K)->1012K(1152K)
[49.035s][info][gc             ] GC(64) Pause Young (System.gc()) 115M->47M(1000M) 0.421ms
[49.035s][info][gc,cpu         ] GC(64) User=0.00s Sys=0.00s Real=0.00s
[49.035s][info][gc,start       ] GC(65) Pause Full (System.gc())
[49.035s][info][gc,phases,start] GC(65) Marking Phase
[49.039s][info][gc,phases      ] GC(65) Marking Phase 4.165ms
[49.039s][info][gc,phases,start] GC(65) Summary Phase
[49.039s][info][gc,phases      ] GC(65) Summary Phase 0.010ms
[49.039s][info][gc,phases,start] GC(65) Adjust Roots
[49.041s][info][gc,phases      ] GC(65) Adjust Roots 1.788ms
[49.041s][info][gc,phases,start] GC(65) Compaction Phase
[49.042s][info][gc,phases      ] GC(65) Compaction Phase 0.955ms
[49.042s][info][gc,phases,start] GC(65) Post Compact
[49.042s][info][gc,phases      ] GC(65) Post Compact 0.257ms
[49.042s][info][gc,heap        ] GC(65) PSYoungGen: 319K(325120K)->0K(325120K) Eden: 0K(300544K)->0K(300544K) From: 319K(24576K)->0K(24576K)
[49.042s][info][gc,heap        ] GC(65) ParOldGen: 48229K(699392K)->3681K(699392K)
[49.042s][info][gc,metaspace   ] GC(65) Metaspace: 9770K(10048K)->9770K(10048K) NonClass: 8758K(8896K)->8758K(8896K) Class: 1012K(1152K)->1012K(1152K)
[49.042s][info][gc             ] GC(65) Pause Full (System.gc()) 47M->3M(1000M) 7.416ms
[49.042s][info][gc,cpu         ] GC(65) User=0.05s Sys=0.00s Real=0.00s
[49.845s][info][gc,start       ] GC(66) Pause Young (Allocation Failure)
[49.847s][info][gc,heap        ] GC(66) PSYoungGen: 300518K(325120K)->11533K(324608K) Eden: 300518K(300544K)->0K(300544K) From: 0K(24576K)->11533K(24064K)
[49.847s][info][gc,heap        ] GC(66) ParOldGen: 3681K(699392K)->3681K(699392K)
[49.847s][info][gc,metaspace   ] GC(66) Metaspace: 9771K(10048K)->9771K(10048K) NonClass: 8759K(8896K)->8759K(8896K) Class: 1012K(1152K)->1012K(1152K)
[49.847s][info][gc             ] GC(66) Pause Young (Allocation Failure) 297M->14M(1000M) 1.908ms
[49.847s][info][gc,cpu         ] GC(66) User=0.00s Sys=0.00s Real=0.00s
[50.640s][info][gc,start       ] GC(67) Pause Young (Allocation Failure)
[50.643s][info][gc,heap        ] GC(67) PSYoungGen: 312077K(324608K)->16689K(321024K) Eden: 300544K(300544K)->0K(296960K) From: 11533K(24064K)->16689K(24064K)
[50.643s][info][gc,heap        ] GC(67) ParOldGen: 3681K(699392K)->9008K(699392K)
[50.643s][info][gc,metaspace   ] GC(67) Metaspace: 9773K(10048K)->9773K(10048K) NonClass: 8761K(8896K)->8761K(8896K) Class: 1012K(1152K)->1012K(1152K)
[50.643s][info][gc             ] GC(67) Pause Young (Allocation Failure) 308M->25M(996M) 2.727ms
[50.643s][info][gc,cpu         ] GC(67) User=0.00s Sys=0.00s Real=0.01s
[51.272s][info][gc,start       ] GC(68) Pause Young (Allocation Failure)
[51.275s][info][gc,heap        ] GC(68) PSYoungGen: 313649K(321024K)->7531K(323072K) Eden: 296960K(296960K)->0K(296960K) From: 16689K(24064K)->7531K(26112K)
[51.275s][info][gc,heap        ] GC(68) ParOldGen: 9008K(699392K)->26181K(699392K)
[51.275s][info][gc,metaspace   ] GC(68) Metaspace: 9773K(10048K)->9773K(10048K) NonClass: 8761K(8896K)->8761K(8896K) Class: 1012K(1152K)->1012K(1152K)
[51.275s][info][gc             ] GC(68) Pause Young (Allocation Failure) 315M->32M(998M) 3.231ms
[51.275s][info][gc,cpu         ] GC(68) User=0.00s Sys=0.00s Real=0.01s
[52.109s][info][gc,start       ] GC(69) Pause Young (Allocation Failure)
[52.111s][info][gc,heap        ] GC(69) PSYoungGen: 304491K(323072K)->13152K(324608K) Eden: 296960K(296960K)->0K(300032K) From: 7531K(26112K)->13152K(24576K)
[52.111s][info][gc,heap        ] GC(69) ParOldGen: 26181K(699392K)->29703K(699392K)
[52.111s][info][gc,metaspace   ] GC(69) Metaspace: 9773K(10048K)->9773K(10048K) NonClass: 8761K(8896K)->8761K(8896K) Class: 1012K(1152K)->1012K(1152K)
[52.111s][info][gc             ] GC(69) Pause Young (Allocation Failure) 322M->41M(1000M) 2.443ms
[52.111s][info][gc,cpu         ] GC(69) User=0.00s Sys=0.00s Real=0.01s
[52.733s][info][gc,start       ] GC(70) Pause Young (Allocation Failure)
[52.736s][info][gc,heap        ] GC(70) PSYoungGen: 313184K(324608K)->11799K(324608K) Eden: 300032K(300032K)->0K(300032K) From: 13152K(24576K)->11799K(24576K)
[52.736s][info][gc,heap        ] GC(70) ParOldGen: 29703K(699392K)->40537K(699392K)
[52.736s][info][gc,metaspace   ] GC(70) Metaspace: 9784K(10048K)->9784K(10048K) NonClass: 8771K(8896K)->8771K(8896K) Class: 1012K(1152K)->1012K(1152K)
[52.736s][info][gc             ] GC(70) Pause Young (Allocation Failure) 334M->51M(1000M) 3.097ms
[52.736s][info][gc,cpu         ] GC(70) User=0.00s Sys=0.00s Real=0.00s
[53.368s][info][gc,start       ] GC(71) Pause Young (Allocation Failure)
[53.369s][info][gc,heap        ] GC(71) PSYoungGen: 311831K(324608K)->544K(325120K) Eden: 300032K(300032K)->0K(301056K) From: 11799K(24576K)->544K(24064K)
[53.369s][info][gc,heap        ] GC(71) ParOldGen: 40537K(699392K)->48841K(699392K)
[53.369s][info][gc,metaspace   ] GC(71) Metaspace: 9793K(10048K)->9793K(10048K) NonClass: 8781K(8896K)->8781K(8896K) Class: 1012K(1152K)->1012K(1152K)
[53.369s][info][gc             ] GC(71) Pause Young (Allocation Failure) 344M->48M(1000M) 1.472ms
[53.369s][info][gc,cpu         ] GC(71) User=0.00s Sys=0.00s Real=0.00s
[53.704s][info][gc,start       ] GC(72) Pause Young (Allocation Failure)
[53.705s][info][gc,heap        ] GC(72) PSYoungGen: 301600K(325120K)->256K(325120K) Eden: 301056K(301056K)->0K(301056K) From: 544K(24064K)->256K(24064K)
[53.705s][info][gc,heap        ] GC(72) ParOldGen: 48841K(699392K)->49302K(699392K)
[53.705s][info][gc,metaspace   ] GC(72) Metaspace: 9793K(10048K)->9793K(10048K) NonClass: 8781K(8896K)->8781K(8896K) Class: 1012K(1152K)->1012K(1152K)
[53.706s][info][gc             ] GC(72) Pause Young (Allocation Failure) 342M->48M(1000M) 1.010ms
[53.706s][info][gc,cpu         ] GC(72) User=0.00s Sys=0.00s Real=0.00s
[53.781s][info][gc,start       ] GC(73) Pause Young (System.gc())
[53.782s][info][gc,heap        ] GC(73) PSYoungGen: 61286K(325120K)->319K(325632K) Eden: 61030K(301056K)->0K(301568K) From: 256K(24064K)->319K(24064K)
[53.782s][info][gc,heap        ] GC(73) ParOldGen: 49302K(699392K)->49350K(699392K)
[53.782s][info][gc,metaspace   ] GC(73) Metaspace: 9798K(10048K)->9798K(10048K) NonClass: 8785K(8896K)->8785K(8896K) Class: 1012K(1152K)->1012K(1152K)
[53.782s][info][gc             ] GC(73) Pause Young (System.gc()) 107M->48M(1001M) 0.434ms
[53.782s][info][gc,cpu         ] GC(73) User=0.00s Sys=0.00s Real=0.00s
[53.782s][info][gc,start       ] GC(74) Pause Full (System.gc())
[53.782s][info][gc,phases,start] GC(74) Marking Phase
[53.786s][info][gc,phases      ] GC(74) Marking Phase 4.295ms
[53.786s][info][gc,phases,start] GC(74) Summary Phase
[53.786s][info][gc,phases      ] GC(74) Summary Phase 0.009ms
[53.786s][info][gc,phases,start] GC(74) Adjust Roots
[53.788s][info][gc,phases      ] GC(74) Adjust Roots 1.935ms
[53.788s][info][gc,phases,start] GC(74) Compaction Phase
[53.789s][info][gc,phases      ] GC(74) Compaction Phase 0.830ms
[53.789s][info][gc,phases,start] GC(74) Post Compact
[53.789s][info][gc,phases      ] GC(74) Post Compact 0.255ms
[53.789s][info][gc,heap        ] GC(74) PSYoungGen: 319K(325632K)->0K(325632K) Eden: 0K(301568K)->0K(301568K) From: 319K(24064K)->0K(24064K)
[53.789s][info][gc,heap        ] GC(74) ParOldGen: 49350K(699392K)->3684K(699392K)
[53.789s][info][gc,metaspace   ] GC(74) Metaspace: 9798K(10048K)->9798K(10048K) NonClass: 8785K(8896K)->8785K(8896K) Class: 1012K(1152K)->1012K(1152K)
[53.789s][info][gc             ] GC(74) Pause Full (System.gc()) 48M->3M(1001M) 7.546ms
[53.789s][info][gc,cpu         ] GC(74) User=0.00s Sys=0.02s Real=0.00s
[54.591s][info][gc,start       ] GC(75) Pause Young (Allocation Failure)
[54.593s][info][gc,heap        ] GC(75) PSYoungGen: 301568K(325632K)->11605K(325120K) Eden: 301568K(301568K)->0K(301568K) From: 0K(24064K)->11605K(23552K)
[54.593s][info][gc,heap        ] GC(75) ParOldGen: 3684K(699392K)->3684K(699392K)
[54.593s][info][gc,metaspace   ] GC(75) Metaspace: 9800K(10048K)->9800K(10048K) NonClass: 8787K(8896K)->8787K(8896K) Class: 1012K(1152K)->1012K(1152K)
[54.593s][info][gc             ] GC(75) Pause Young (Allocation Failure) 298M->14M(1000M) 2.023ms
[54.593s][info][gc,cpu         ] GC(75) User=0.00s Sys=0.00s Real=0.00s
[55.420s][info][gc,start       ] GC(76) Pause Young (Allocation Failure)
[55.423s][info][gc,heap        ] GC(76) PSYoungGen: 313173K(325120K)->21784K(317440K) Eden: 301568K(301568K)->0K(293888K) From: 11605K(23552K)->21784K(23552K)
[55.423s][info][gc,heap        ] GC(76) ParOldGen: 3684K(699392K)->9011K(699392K)
[55.423s][info][gc,metaspace   ] GC(76) Metaspace: 9800K(10048K)->9800K(10048K) NonClass: 8787K(8896K)->8787K(8896K) Class: 1012K(1152K)->1012K(1152K)
[55.423s][info][gc             ] GC(76) Pause Young (Allocation Failure) 309M->30M(993M) 3.220ms
[55.423s][info][gc,cpu         ] GC(76) User=0.00s Sys=0.00s Real=0.02s
[56.054s][info][gc,start       ] GC(77) Pause Young (Allocation Failure)
[56.057s][info][gc,heap        ] GC(77) PSYoungGen: 315672K(317440K)->7563K(321536K) Eden: 293888K(293888K)->0K(293888K) From: 21784K(23552K)->7563K(27648K)
[56.057s][info][gc,heap        ] GC(77) ParOldGen: 9011K(699392K)->26168K(699392K)
[56.057s][info][gc,metaspace   ] GC(77) Metaspace: 9805K(10048K)->9805K(10048K) NonClass: 8792K(8896K)->8792K(8896K) Class: 1012K(1152K)->1012K(1152K)
[56.057s][info][gc             ] GC(77) Pause Young (Allocation Failure) 317M->32M(997M) 3.110ms
[56.057s][info][gc,cpu         ] GC(77) User=0.00s Sys=0.00s Real=0.00s
[56.883s][info][gc,start       ] GC(78) Pause Young (Allocation Failure)
[56.885s][info][gc,heap        ] GC(78) PSYoungGen: 301451K(321536K)->13238K(323584K) Eden: 293888K(293888K)->0K(297984K) From: 7563K(27648K)->13238K(25600K)
[56.885s][info][gc,heap        ] GC(78) ParOldGen: 26168K(699392K)->29698K(699392K)
[56.885s][info][gc,metaspace   ] GC(78) Metaspace: 9805K(10048K)->9805K(10048K) NonClass: 8792K(8896K)->8792K(8896K) Class: 1012K(1152K)->1012K(1152K)
[56.885s][info][gc             ] GC(78) Pause Young (Allocation Failure) 319M->41M(999M) 2.506ms
[56.885s][info][gc,cpu         ] GC(78) User=0.00s Sys=0.00s Real=0.01s
[57.485s][info][gc,start       ] GC(79) Pause Young (Allocation Failure)
[57.488s][info][gc,heap        ] GC(79) PSYoungGen: 311222K(323584K)->11522K(323584K) Eden: 297984K(297984K)->0K(297984K) From: 13238K(25600K)->11522K(25600K)
[57.488s][info][gc,heap        ] GC(79) ParOldGen: 29698K(699392K)->40476K(699392K)
[57.488s][info][gc,metaspace   ] GC(79) Metaspace: 9810K(10048K)->9810K(10048K) NonClass: 8797K(8896K)->8797K(8896K) Class: 1012K(1152K)->1012K(1152K)
[57.488s][info][gc             ] GC(79) Pause Young (Allocation Failure) 332M->50M(999M) 3.009ms
[57.488s][info][gc,cpu         ] GC(79) User=0.00s Sys=0.00s Real=0.01s
[58.116s][info][gc,start       ] GC(80) Pause Young (Allocation Failure)
[58.117s][info][gc,heap        ] GC(80) PSYoungGen: 309506K(323584K)->576K(324096K) Eden: 297984K(297984K)->0K(299008K) From: 11522K(25600K)->576K(25088K)
[58.117s][info][gc,heap        ] GC(80) ParOldGen: 40476K(699392K)->48812K(699392K)
[58.117s][info][gc,metaspace   ] GC(80) Metaspace: 9814K(10048K)->9814K(10048K) NonClass: 8801K(8896K)->8801K(8896K) Class: 1012K(1152K)->1012K(1152K)
[58.117s][info][gc             ] GC(80) Pause Young (Allocation Failure) 341M->48M(999M) 1.417ms
[58.117s][info][gc,cpu         ] GC(80) User=0.00s Sys=0.00s Real=0.00s
[58.448s][info][gc,start       ] GC(81) Pause Young (Allocation Failure)
[58.448s][info][gc,heap        ] GC(81) PSYoungGen: 299584K(324096K)->288K(324096K) Eden: 299008K(299008K)->0K(299008K) From: 576K(25088K)->288K(25088K)
[58.448s][info][gc,heap        ] GC(81) ParOldGen: 48812K(699392K)->49267K(699392K)
[58.449s][info][gc,metaspace   ] GC(81) Metaspace: 9814K(10048K)->9814K(10048K) NonClass: 8801K(8896K)->8801K(8896K) Class: 1012K(1152K)->1012K(1152K)
[58.449s][info][gc             ] GC(81) Pause Young (Allocation Failure) 340M->48M(999M) 0.781ms
[58.449s][info][gc,cpu         ] GC(81) User=0.00s Sys=0.00s Real=0.00s
[58.542s][info][gc,start       ] GC(82) Pause Young (System.gc())
[58.543s][info][gc,heap        ] GC(82) PSYoungGen: 69571K(324096K)->319K(325120K) Eden: 69283K(299008K)->0K(300544K) From: 288K(25088K)->319K(24576K)
[58.543s][info][gc,heap        ] GC(82) ParOldGen: 49267K(699392K)->49315K(699392K)
[58.543s][info][gc,metaspace   ] GC(82) Metaspace: 9818K(10048K)->9818K(10048K) NonClass: 8805K(8896K)->8805K(8896K) Class: 1012K(1152K)->1012K(1152K)
[58.543s][info][gc             ] GC(82) Pause Young (System.gc()) 116M->48M(1000M) 0.416ms
[58.543s][info][gc,cpu         ] GC(82) User=0.00s Sys=0.00s Real=0.00s
[58.543s][info][gc,start       ] GC(83) Pause Full (System.gc())
[58.543s][info][gc,phases,start] GC(83) Marking Phase
[58.547s][info][gc,phases      ] GC(83) Marking Phase 4.410ms
[58.547s][info][gc,phases,start] GC(83) Summary Phase
[58.547s][info][gc,phases      ] GC(83) Summary Phase 0.009ms
[58.547s][info][gc,phases,start] GC(83) Adjust Roots
[58.550s][info][gc,phases      ] GC(83) Adjust Roots 2.941ms
[58.550s][info][gc,phases,start] GC(83) Compaction Phase
[58.551s][info][gc,phases      ] GC(83) Compaction Phase 1.129ms
[58.551s][info][gc,phases,start] GC(83) Post Compact
[58.552s][info][gc,phases      ] GC(83) Post Compact 0.253ms
[58.552s][info][gc,heap        ] GC(83) PSYoungGen: 319K(325120K)->0K(325120K) Eden: 0K(300544K)->0K(300544K) From: 319K(24576K)->0K(24576K)
[58.552s][info][gc,heap        ] GC(83) ParOldGen: 49315K(699392K)->3684K(699392K)
[58.552s][info][gc,metaspace   ] GC(83) Metaspace: 9818K(10048K)->9818K(10048K) NonClass: 8805K(8896K)->8805K(8896K) Class: 1012K(1152K)->1012K(1152K)
[58.552s][info][gc             ] GC(83) Pause Full (System.gc()) 48M->3M(1000M) 8.974ms
[58.552s][info][gc,cpu         ] GC(83) User=0.00s Sys=0.00s Real=0.01s
[59.351s][info][gc,start       ] GC(84) Pause Young (Allocation Failure)
[59.353s][info][gc,heap        ] GC(84) PSYoungGen: 300544K(325120K)->12184K(324608K) Eden: 300544K(300544K)->0K(300544K) From: 0K(24576K)->12184K(24064K)
[59.353s][info][gc,heap        ] GC(84) ParOldGen: 3684K(699392K)->3692K(699392K)
[59.353s][info][gc,metaspace   ] GC(84) Metaspace: 9822K(10112K)->9822K(10112K) NonClass: 8809K(8960K)->8809K(8960K) Class: 1012K(1152K)->1012K(1152K)
[59.353s][info][gc             ] GC(84) Pause Young (Allocation Failure) 297M->15M(1000M) 1.969ms
[59.353s][info][gc,cpu         ] GC(84) User=0.00s Sys=0.00s Real=0.00s
[60.156s][info][gc,start       ] GC(85) Pause Young (Allocation Failure)
[60.160s][info][gc,heap        ] GC(85) PSYoungGen: 312728K(324608K)->21848K(317440K) Eden: 300544K(300544K)->0K(292864K) From: 12184K(24064K)->21848K(24576K)
[60.160s][info][gc,heap        ] GC(85) ParOldGen: 3692K(699392K)->9020K(699392K)
[60.160s][info][gc,metaspace   ] GC(85) Metaspace: 9822K(10112K)->9822K(10112K) NonClass: 8809K(8960K)->8809K(8960K) Class: 1012K(1152K)->1012K(1152K)
[60.160s][info][gc             ] GC(85) Pause Young (Allocation Failure) 309M->30M(993M) 3.431ms
[60.160s][info][gc,cpu         ] GC(85) User=0.00s Sys=0.00s Real=0.00s
[60.794s][info][gc,start       ] GC(86) Pause Young (Allocation Failure)
[60.797s][info][gc,heap        ] GC(86) PSYoungGen: 314712K(317440K)->7326K(321024K) Eden: 292864K(292864K)->0K(292864K) From: 21848K(24576K)->7326K(28160K)
[60.797s][info][gc,heap        ] GC(86) ParOldGen: 9020K(699392K)->25130K(699392K)
[60.797s][info][gc,metaspace   ] GC(86) Metaspace: 9823K(10112K)->9823K(10112K) NonClass: 8811K(8960K)->8811K(8960K) Class: 1012K(1152K)->1012K(1152K)
[60.797s][info][gc             ] GC(86) Pause Young (Allocation Failure) 316M->31M(996M) 3.020ms
[60.797s][info][gc,cpu         ] GC(86) User=0.00s Sys=0.00s Real=0.00s
[61.619s][info][gc,start       ] GC(87) Pause Young (Allocation Failure)
[61.622s][info][gc,heap        ] GC(87) PSYoungGen: 300190K(321024K)->13005K(322560K) Eden: 292864K(292864K)->0K(295936K) From: 7326K(28160K)->13005K(26624K)
[61.622s][info][gc,heap        ] GC(87) ParOldGen: 25130K(699392K)->28620K(699392K)
[61.622s][info][gc,metaspace   ] GC(87) Metaspace: 9823K(10112K)->9823K(10112K) NonClass: 8811K(8960K)->8811K(8960K) Class: 1012K(1152K)->1012K(1152K)
[61.622s][info][gc             ] GC(87) Pause Young (Allocation Failure) 317M->40M(998M) 2.489ms
[61.622s][info][gc,cpu         ] GC(87) User=0.00s Sys=0.00s Real=0.00s
[62.232s][info][gc,start       ] GC(88) Pause Young (Allocation Failure)
[62.235s][info][gc,heap        ] GC(88) PSYoungGen: 308941K(322560K)->11430K(322560K) Eden: 295936K(295936K)->0K(295936K) From: 13005K(26624K)->11430K(26624K)
[62.235s][info][gc,heap        ] GC(88) ParOldGen: 28620K(699392K)->39422K(699392K)
[62.235s][info][gc,metaspace   ] GC(88) Metaspace: 9824K(10112K)->9824K(10112K) NonClass: 8811K(8960K)->8811K(8960K) Class: 1012K(1152K)->1012K(1152K)
[62.235s][info][gc             ] GC(88) Pause Young (Allocation Failure) 329M->49M(998M) 3.274ms
[62.235s][info][gc,cpu         ] GC(88) User=0.00s Sys=0.00s Real=0.02s
[62.862s][info][gc,start       ] GC(89) Pause Young (Allocation Failure)
[62.863s][info][gc,heap        ] GC(89) PSYoungGen: 307366K(322560K)->576K(323584K) Eden: 295936K(295936K)->0K(297984K) From: 11430K(26624K)->576K(25600K)
[62.863s][info][gc,heap        ] GC(89) ParOldGen: 39422K(699392K)->47782K(699392K)
[62.863s][info][gc,metaspace   ] GC(89) Metaspace: 9835K(10112K)->9835K(10112K) NonClass: 8823K(8960K)->8823K(8960K) Class: 1012K(1152K)->1012K(1152K)
[62.863s][info][gc             ] GC(89) Pause Young (Allocation Failure) 338M->47M(999M) 1.305ms
[62.863s][info][gc,cpu         ] GC(89) User=0.00s Sys=0.00s Real=0.00s
[63.193s][info][gc,start       ] GC(90) Pause Young (Allocation Failure)
[63.193s][info][gc,heap        ] GC(90) PSYoungGen: 298560K(323584K)->256K(323584K) Eden: 297984K(297984K)->0K(297984K) From: 576K(25600K)->256K(25600K)
[63.193s][info][gc,heap        ] GC(90) ParOldGen: 47782K(699392K)->48229K(699392K)
[63.193s][info][gc,metaspace   ] GC(90) Metaspace: 9835K(10112K)->9835K(10112K) NonClass: 8823K(8960K)->8823K(8960K) Class: 1012K(1152K)->1012K(1152K)
[63.193s][info][gc             ] GC(90) Pause Young (Allocation Failure) 338M->47M(999M) 0.620ms
[63.193s][info][gc,cpu         ] GC(90) User=0.00s Sys=0.00s Real=0.00s
[63.286s][info][gc,heap,exit   ] Heap
[63.286s][info][gc,heap,exit   ]  PSYoungGen      total 323584K, used 83889K [0x00000000eab00000, 0x0000000100000000, 0x0000000100000000)
[63.286s][info][gc,heap,exit   ]   eden space 297984K, 28% used [0x00000000eab00000,0x00000000efcac6c8,0x00000000fce00000)
[63.286s][info][gc,heap,exit   ]   from space 25600K, 1% used [0x00000000fce00000,0x00000000fce40000,0x00000000fe700000)
[63.286s][info][gc,heap,exit   ]   to   space 25088K, 0% used [0x00000000fe780000,0x00000000fe780000,0x0000000100000000)
[63.286s][info][gc,heap,exit   ]  ParOldGen       total 699392K, used 48229K [0x00000000c0000000, 0x00000000eab00000, 0x00000000eab00000)
[63.286s][info][gc,heap,exit   ]   object space 699392K, 6% used [0x00000000c0000000,0x00000000c2f19530,0x00000000eab00000)
[63.286s][info][gc,heap,exit   ]  Metaspace       used 9837K, committed 10112K, reserved 1114112K
[63.286s][info][gc,heap,exit   ]   class space    used 1012K, committed 1152K, reserved 1048576K
