[0.007s][info][gc,heap] Heap region size: 1M
[0.021s][info][gc     ] Using G1
[0.021s][info][gc,heap,coops] Heap address: 0x00000000c0000000, size: 1024 MB, Compressed Oops mode: 32-bit
[2.417s][info][gc,start     ] GC(0) Pause Young (Concurrent Start) (Metadata GC Threshold)
[2.417s][info][gc,task      ] GC(0) Using 6 workers of 6 for evacuation
[2.423s][info][gc,phases    ] GC(0)   Pre Evacuate Collection Set: 0.0ms
[2.423s][info][gc,phases    ] GC(0)   Evacuate Collection Set: 4.8ms
[2.423s][info][gc,phases    ] GC(0)   Post Evacuate Collection Set: 0.4ms
[2.423s][info][gc,phases    ] GC(0)   Other: 0.5ms
[2.423s][info][gc,heap      ] GC(0) Eden regions: 43->0(57)
[2.425s][info][gc,heap      ] GC(0) Survivor regions: 0->5(7)
[2.425s][info][gc,heap      ] GC(0) Old regions: 0->0
[2.425s][info][gc,heap      ] GC(0) Humongous regions: 0->0
[2.425s][info][gc,metaspace ] GC(0) Metaspace: 20782K(21296K)->20782K(21296K) NonClass: 18303K(18608K)->18303K(18608K) Class: 2478K(2688K)->2478K(2688K)
[2.425s][info][gc           ] GC(0) Pause Young (Concurrent Start) (Metadata GC Threshold) 42M->4M(1024M) 8.238ms
[2.425s][info][gc,cpu       ] GC(0) User=0.02s Sys=0.00s Real=0.02s
[2.425s][info][gc           ] GC(1) Concurrent Cycle
[2.425s][info][gc,marking   ] GC(1) Concurrent Clear Claimed Marks
[2.426s][info][gc,marking   ] GC(1) Concurrent Clear Claimed Marks 0.030ms
[2.426s][info][gc,marking   ] GC(1) Concurrent Scan Root Regions
[2.427s][info][gc,marking   ] GC(1) Concurrent Scan Root Regions 1.572ms
[2.427s][info][gc,marking   ] GC(1) Concurrent Mark (2.427s)
[2.427s][info][gc,marking   ] GC(1) Concurrent Mark From Roots
[2.427s][info][gc,task      ] GC(1) Using 2 workers of 2 for marking
[2.428s][info][gc,marking   ] GC(1) Concurrent Mark From Roots 0.677ms
[2.428s][info][gc,marking   ] GC(1) Concurrent Preclean
[2.428s][info][gc,marking   ] GC(1) Concurrent Preclean 0.079ms
[2.428s][info][gc,marking   ] GC(1) Concurrent Mark (2.427s, 2.428s) 0.814ms
[2.428s][info][gc,start     ] GC(1) Pause Remark
[2.430s][info][gc,stringtable] GC(1) Cleaned string and symbol table, strings: 5537 processed, 0 removed, symbols: 52837 processed, 10 removed
[2.430s][info][gc            ] GC(1) Pause Remark 5M->5M(1024M) 1.607ms
[2.430s][info][gc,cpu        ] GC(1) User=0.00s Sys=0.00s Real=0.00s
[2.430s][info][gc,marking    ] GC(1) Concurrent Rebuild Remembered Sets
[2.430s][info][gc,marking    ] GC(1) Concurrent Rebuild Remembered Sets 0.211ms
[2.430s][info][gc,start      ] GC(1) Pause Cleanup
[2.430s][info][gc            ] GC(1) Pause Cleanup 5M->5M(1024M) 0.096ms
[2.430s][info][gc,cpu        ] GC(1) User=0.00s Sys=0.00s Real=0.00s
[2.430s][info][gc,marking    ] GC(1) Concurrent Cleanup for Next Mark
[2.432s][info][gc,marking    ] GC(1) Concurrent Cleanup for Next Mark 2.102ms
[2.433s][info][gc            ] GC(1) Concurrent Cycle 7.118ms
[7.406s][info][gc,start      ] GC(2) Pause Young (Normal) (G1 Evacuation Pause)
[7.406s][info][gc,task       ] GC(2) Using 6 workers of 6 for evacuation
[7.413s][info][gc,phases     ] GC(2)   Pre Evacuate Collection Set: 0.0ms
[7.413s][info][gc,phases     ] GC(2)   Evacuate Collection Set: 6.8ms
[7.413s][info][gc,phases     ] GC(2)   Post Evacuate Collection Set: 0.6ms
[7.413s][info][gc,phases     ] GC(2)   Other: 0.2ms
[7.413s][info][gc,heap       ] GC(2) Eden regions: 57->0(61)
[7.413s][info][gc,heap       ] GC(2) Survivor regions: 5->8(8)
[7.413s][info][gc,heap       ] GC(2) Old regions: 0->8
[7.413s][info][gc,heap       ] GC(2) Humongous regions: 7->7
[7.413s][info][gc,metaspace  ] GC(2) Metaspace: 30299K(31232K)->30299K(31232K) NonClass: 26627K(27136K)->26627K(27136K) Class: 3671K(4096K)->3671K(4096K)
[7.413s][info][gc            ] GC(2) Pause Young (Normal) (G1 Evacuation Pause) 68M->22M(1024M) 7.718ms
[7.413s][info][gc,cpu        ] GC(2) User=0.00s Sys=0.00s Real=0.00s
[12.643s][info][gc,start      ] GC(3) Pause Young (Concurrent Start) (Metadata GC Threshold)
[12.643s][info][gc,task       ] GC(3) Using 6 workers of 6 for evacuation
[12.648s][info][gc,phases     ] GC(3)   Pre Evacuate Collection Set: 0.1ms
[12.648s][info][gc,phases     ] GC(3)   Evacuate Collection Set: 4.0ms
[12.648s][info][gc,phases     ] GC(3)   Post Evacuate Collection Set: 0.5ms
[12.648s][info][gc,phases     ] GC(3)   Other: 0.2ms
[12.648s][info][gc,heap       ] GC(3) Eden regions: 15->0(55)
[12.648s][info][gc,heap       ] GC(3) Survivor regions: 8->2(9)
[12.648s][info][gc,heap       ] GC(3) Old regions: 8->15
[12.648s][info][gc,heap       ] GC(3) Humongous regions: 7->7
[12.648s][info][gc,metaspace  ] GC(3) Metaspace: 35114K(36048K)->35114K(36048K) NonClass: 30768K(31232K)->30768K(31232K) Class: 4346K(4816K)->4346K(4816K)
[12.648s][info][gc            ] GC(3) Pause Young (Concurrent Start) (Metadata GC Threshold) 36M->23M(1024M) 4.914ms
[12.648s][info][gc,cpu        ] GC(3) User=0.02s Sys=0.00s Real=0.02s
[12.648s][info][gc            ] GC(4) Concurrent Cycle
[12.648s][info][gc,marking    ] GC(4) Concurrent Clear Claimed Marks
[12.648s][info][gc,marking    ] GC(4) Concurrent Clear Claimed Marks 0.049ms
[12.648s][info][gc,marking    ] GC(4) Concurrent Scan Root Regions
[12.649s][info][gc,marking    ] GC(4) Concurrent Scan Root Regions 0.827ms
[12.649s][info][gc,marking    ] GC(4) Concurrent Mark (12.649s)
[12.649s][info][gc,marking    ] GC(4) Concurrent Mark From Roots
[12.649s][info][gc,task       ] GC(4) Using 2 workers of 2 for marking
[12.656s][info][gc,marking    ] GC(4) Concurrent Mark From Roots 6.596ms
[12.656s][info][gc,marking    ] GC(4) Concurrent Preclean
[12.656s][info][gc,marking    ] GC(4) Concurrent Preclean 0.073ms
[12.656s][info][gc,marking    ] GC(4) Concurrent Mark (12.649s, 12.656s) 6.720ms
[12.656s][info][gc,start      ] GC(4) Pause Remark
[12.659s][info][gc,stringtable] GC(4) Cleaned string and symbol table, strings: 11170 processed, 8 removed, symbols: 93418 processed, 31 removed
[12.659s][info][gc            ] GC(4) Pause Remark 23M->23M(1024M) 2.534ms
[12.659s][info][gc,cpu        ] GC(4) User=0.00s Sys=0.00s Real=0.00s
[12.659s][info][gc,marking    ] GC(4) Concurrent Rebuild Remembered Sets
[12.661s][info][gc,marking    ] GC(4) Concurrent Rebuild Remembered Sets 2.576ms
[12.662s][info][gc,start      ] GC(4) Pause Cleanup
[12.662s][info][gc            ] GC(4) Pause Cleanup 23M->23M(1024M) 0.156ms
[12.662s][info][gc,cpu        ] GC(4) User=0.00s Sys=0.00s Real=0.00s
[12.662s][info][gc,marking    ] GC(4) Concurrent Cleanup for Next Mark
[12.663s][info][gc,marking    ] GC(4) Concurrent Cleanup for Next Mark 1.553ms
[12.663s][info][gc            ] GC(4) Concurrent Cycle 14.945ms
[13.537s][info][gc,start      ] GC(5) Pause Young (Normal) (G1 Evacuation Pause)
[13.537s][info][gc,task       ] GC(5) Using 6 workers of 6 for evacuation
[13.541s][info][gc,phases     ] GC(5)   Pre Evacuate Collection Set: 0.0ms
[13.541s][info][gc,phases     ] GC(5)   Evacuate Collection Set: 2.8ms
[13.541s][info][gc,phases     ] GC(5)   Post Evacuate Collection Set: 0.5ms
[13.541s][info][gc,phases     ] GC(5)   Other: 0.1ms
[13.541s][info][gc,heap       ] GC(5) Eden regions: 56->0(74)
[13.541s][info][gc,heap       ] GC(5) Survivor regions: 2->4(8)
[13.541s][info][gc,heap       ] GC(5) Old regions: 15->15
[13.541s][info][gc,heap       ] GC(5) Humongous regions: 7->7
[13.541s][info][gc,metaspace  ] GC(5) Metaspace: 46277K(47568K)->46277K(47568K) NonClass: 40565K(41216K)->40565K(41216K) Class: 5712K(6352K)->5712K(6352K)
[13.541s][info][gc            ] GC(5) Pause Young (Normal) (G1 Evacuation Pause) 79M->25M(1024M) 3.511ms
[13.541s][info][gc,cpu        ] GC(5) User=0.00s Sys=0.00s Real=0.00s
[14.267s][info][gc,start      ] GC(6) Pause Young (Concurrent Start) (Metadata GC Threshold)
[14.267s][info][gc,task       ] GC(6) Using 6 workers of 6 for evacuation
[14.273s][info][gc,phases     ] GC(6)   Pre Evacuate Collection Set: 0.1ms
[14.273s][info][gc,phases     ] GC(6)   Evacuate Collection Set: 5.3ms
[14.273s][info][gc,phases     ] GC(6)   Post Evacuate Collection Set: 0.6ms
[14.273s][info][gc,phases     ] GC(6)   Other: 0.2ms
[14.273s][info][gc,heap       ] GC(6) Eden regions: 62->0(86)
[14.273s][info][gc,heap       ] GC(6) Survivor regions: 4->8(10)
[14.273s][info][gc,heap       ] GC(6) Old regions: 15->15
[14.273s][info][gc,heap       ] GC(6) Humongous regions: 7->7
[14.273s][info][gc,metaspace  ] GC(6) Metaspace: 58636K(60508K)->58636K(60508K) NonClass: 51226K(52108K)->51226K(52108K) Class: 7410K(8400K)->7410K(8400K)
[14.273s][info][gc            ] GC(6) Pause Young (Concurrent Start) (Metadata GC Threshold) 87M->29M(1024M) 6.305ms
[14.273s][info][gc,cpu        ] GC(6) User=0.00s Sys=0.00s Real=0.00s
[14.273s][info][gc            ] GC(7) Concurrent Cycle
[14.273s][info][gc,marking    ] GC(7) Concurrent Clear Claimed Marks
[14.273s][info][gc,marking    ] GC(7) Concurrent Clear Claimed Marks 0.022ms
[14.273s][info][gc,marking    ] GC(7) Concurrent Scan Root Regions
[14.276s][info][gc,marking    ] GC(7) Concurrent Scan Root Regions 2.534ms
[14.276s][info][gc,marking    ] GC(7) Concurrent Mark (14.276s)
[14.276s][info][gc,marking    ] GC(7) Concurrent Mark From Roots
[14.276s][info][gc,task       ] GC(7) Using 2 workers of 2 for marking
[14.281s][info][gc,marking    ] GC(7) Concurrent Mark From Roots 5.227ms
[14.281s][info][gc,marking    ] GC(7) Concurrent Preclean
[14.281s][info][gc,marking    ] GC(7) Concurrent Preclean 0.070ms
[14.281s][info][gc,marking    ] GC(7) Concurrent Mark (14.276s, 14.281s) 5.360ms
[14.282s][info][gc,start      ] GC(7) Pause Remark
[14.289s][info][gc,stringtable] GC(7) Cleaned string and symbol table, strings: 19899 processed, 18 removed, symbols: 157991 processed, 54 removed
[14.290s][info][gc            ] GC(7) Pause Remark 29M->29M(1024M) 7.942ms
[14.290s][info][gc,cpu        ] GC(7) User=0.00s Sys=0.00s Real=0.00s
[14.290s][info][gc,marking    ] GC(7) Concurrent Rebuild Remembered Sets
[14.292s][info][gc,marking    ] GC(7) Concurrent Rebuild Remembered Sets 2.450ms
[14.292s][info][gc,start      ] GC(7) Pause Cleanup
[14.292s][info][gc            ] GC(7) Pause Cleanup 30M->30M(1024M) 0.157ms
[14.292s][info][gc,cpu        ] GC(7) User=0.00s Sys=0.00s Real=0.00s
[14.292s][info][gc,marking    ] GC(7) Concurrent Cleanup for Next Mark
[14.294s][info][gc,marking    ] GC(7) Concurrent Cleanup for Next Mark 1.581ms
[14.294s][info][gc            ] GC(7) Concurrent Cycle 20.742ms
[15.255s][info][gc,start      ] GC(8) Pause Young (Normal) (G1 Evacuation Pause)
[15.255s][info][gc,task       ] GC(8) Using 6 workers of 6 for evacuation
[15.263s][info][gc,phases     ] GC(8)   Pre Evacuate Collection Set: 0.0ms
[15.263s][info][gc,phases     ] GC(8)   Evacuate Collection Set: 6.2ms
[15.263s][info][gc,phases     ] GC(8)   Post Evacuate Collection Set: 0.7ms
[15.263s][info][gc,phases     ] GC(8)   Other: 0.1ms
[15.263s][info][gc,heap       ] GC(8) Eden regions: 89->0(180)
[15.263s][info][gc,heap       ] GC(8) Survivor regions: 8->11(13)
[15.263s][info][gc,heap       ] GC(8) Old regions: 15->16
[15.263s][info][gc,heap       ] GC(8) Humongous regions: 8->7
[15.263s][info][gc,metaspace  ] GC(8) Metaspace: 75231K(77660K)->75231K(77660K) NonClass: 65766K(66956K)->65766K(66956K) Class: 9464K(10704K)->9464K(10704K)
[15.263s][info][gc            ] GC(8) Pause Young (Normal) (G1 Evacuation Pause) 119M->33M(1024M) 7.228ms
[15.263s][info][gc,cpu        ] GC(8) User=0.00s Sys=0.00s Real=0.00s
[16.408s][info][gc,task       ] GC(9) Using 6 workers of 6 for full compaction
[16.409s][info][gc,start      ] GC(9) Pause Full (System.gc())
[16.410s][info][gc,phases,start] GC(9) Phase 1: Mark live objects
[16.429s][info][gc,stringtable ] GC(9) Cleaned string and symbol table, strings: 25463 processed, 225 removed, symbols: 227667 processed, 113 removed
[16.429s][info][gc,phases      ] GC(9) Phase 1: Mark live objects 18.530ms
[16.429s][info][gc,phases,start] GC(9) Phase 2: Prepare for compaction
[16.432s][info][gc,phases      ] GC(9) Phase 2: Prepare for compaction 3.065ms
[16.432s][info][gc,phases,start] GC(9) Phase 3: Adjust pointers
[16.437s][info][gc,phases      ] GC(9) Phase 3: Adjust pointers 5.167ms
[16.437s][info][gc,phases,start] GC(9) Phase 4: Compact heap
[16.442s][info][gc,phases      ] GC(9) Phase 4: Compact heap 4.968ms
[16.445s][info][gc,heap        ] GC(9) Eden regions: 92->0(192)
[16.445s][info][gc,heap        ] GC(9) Survivor regions: 11->0(13)
[16.445s][info][gc,heap        ] GC(9) Old regions: 16->31
[16.445s][info][gc,heap        ] GC(9) Humongous regions: 7->7
[16.445s][info][gc,metaspace   ] GC(9) Metaspace: 93900K(97372K)->93893K(97372K) NonClass: 81675K(83340K)->81670K(83340K) Class: 12225K(14032K)->12223K(14032K)
[16.445s][info][gc             ] GC(9) Pause Full (System.gc()) 125M->35M(1024M) 36.147ms
[16.445s][info][gc,cpu         ] GC(9) User=0.02s Sys=0.00s Real=0.03s
[18.821s][info][gc,start       ] GC(10) Pause Young (Normal) (G1 Evacuation Pause)
[18.821s][info][gc,task        ] GC(10) Using 6 workers of 6 for evacuation
[18.830s][info][gc,phases      ] GC(10)   Pre Evacuate Collection Set: 0.0ms
[18.830s][info][gc,phases      ] GC(10)   Evacuate Collection Set: 6.7ms
[18.830s][info][gc,phases      ] GC(10)   Post Evacuate Collection Set: 1.6ms
[18.830s][info][gc,phases      ] GC(10)   Other: 0.2ms
[18.830s][info][gc,heap        ] GC(10) Eden regions: 192->0(603)
[18.830s][info][gc,heap        ] GC(10) Survivor regions: 0->11(24)
[18.830s][info][gc,heap        ] GC(10) Old regions: 31->31
[18.830s][info][gc,heap        ] GC(10) Humongous regions: 17->7
[18.830s][info][gc,metaspace   ] GC(10) Metaspace: 127784K(134364K)->127784K(134364K) NonClass: 110045K(113292K)->110045K(113292K) Class: 17738K(21072K)->17738K(21072K)
[18.830s][info][gc             ] GC(10) Pause Young (Normal) (G1 Evacuation Pause) 237M->45M(1024M) 8.631ms
[18.830s][info][gc,cpu         ] GC(10) User=0.00s Sys=0.00s Real=0.00s
[19.260s][info][gc,start       ] GC(11) Pause Young (Normal) (G1 Evacuation Pause)
[19.260s][info][gc,task        ] GC(11) Using 6 workers of 6 for evacuation
[19.267s][info][gc,phases      ] GC(11)   Pre Evacuate Collection Set: 0.0ms
[19.267s][info][gc,phases      ] GC(11)   Evacuate Collection Set: 5.0ms
[19.267s][info][gc,phases      ] GC(11)   Post Evacuate Collection Set: 1.1ms
[19.267s][info][gc,phases      ] GC(11)   Other: 0.2ms
[19.267s][info][gc,heap        ] GC(11) Eden regions: 603->0(604)
[19.267s][info][gc,heap        ] GC(11) Survivor regions: 11->10(77)
[19.267s][info][gc,heap        ] GC(11) Old regions: 31->31
[19.267s][info][gc,heap        ] GC(11) Humongous regions: 81->23
[19.267s][info][gc,metaspace   ] GC(11) Metaspace: 129134K(135900K)->129134K(135900K) NonClass: 111169K(114572K)->111169K(114572K) Class: 17964K(21328K)->17964K(21328K)
[19.267s][info][gc             ] GC(11) Pause Young (Normal) (G1 Evacuation Pause) 722M->61M(1024M) 6.481ms
[19.267s][info][gc,cpu         ] GC(11) User=0.00s Sys=0.00s Real=0.00s
[21.561s][info][gc,start       ] GC(12) Pause Young (Normal) (G1 Evacuation Pause)
[21.561s][info][gc,task        ] GC(12) Using 6 workers of 6 for evacuation
[21.572s][info][gc,phases      ] GC(12)   Pre Evacuate Collection Set: 0.0ms
[21.572s][info][gc,phases      ] GC(12)   Evacuate Collection Set: 8.5ms
[21.572s][info][gc,phases      ] GC(12)   Post Evacuate Collection Set: 2.0ms
[21.572s][info][gc,phases      ] GC(12)   Other: 0.2ms
[21.572s][info][gc,heap        ] GC(12) Eden regions: 604->0(598)
[21.572s][info][gc,heap        ] GC(12) Survivor regions: 10->16(77)
[21.572s][info][gc,heap        ] GC(12) Old regions: 31->31
[21.572s][info][gc,heap        ] GC(12) Humongous regions: 96->25
[21.572s][info][gc,metaspace   ] GC(12) Metaspace: 144014K(153564K)->144014K(153564K) NonClass: 123322K(128140K)->123322K(128140K) Class: 20692K(25424K)->20692K(25424K)
[21.572s][info][gc             ] GC(12) Pause Young (Normal) (G1 Evacuation Pause) 738M->69M(1024M) 10.861ms
[21.572s][info][gc,cpu         ] GC(12) User=0.02s Sys=0.00s Real=0.01s
[22.369s][info][gc,start       ] GC(13) Pause Young (Normal) (G1 Evacuation Pause)
[22.369s][info][gc,task        ] GC(13) Using 6 workers of 6 for evacuation
[22.381s][info][gc,phases      ] GC(13)   Pre Evacuate Collection Set: 0.0ms
[22.381s][info][gc,phases      ] GC(13)   Evacuate Collection Set: 10.2ms
[22.381s][info][gc,phases      ] GC(13)   Post Evacuate Collection Set: 2.4ms
[22.381s][info][gc,phases      ] GC(13)   Other: 0.2ms
[22.381s][info][gc,heap        ] GC(13) Eden regions: 598->0(594)
[22.381s][info][gc,heap        ] GC(13) Survivor regions: 16->20(77)
[22.381s][info][gc,heap        ] GC(13) Old regions: 31->31
[22.381s][info][gc,heap        ] GC(13) Humongous regions: 30->25
[22.381s][info][gc,metaspace   ] GC(13) Metaspace: 146224K(156380K)->146224K(156380K) NonClass: 125074K(130188K)->125074K(130188K) Class: 21150K(26192K)->21150K(26192K)
[22.381s][info][gc             ] GC(13) Pause Young (Normal) (G1 Evacuation Pause) 672M->72M(1024M) 12.945ms
[22.381s][info][gc,cpu         ] GC(13) User=0.02s Sys=0.00s Real=0.01s
[23.251s][info][gc,start       ] GC(14) Pause Young (Normal) (G1 Evacuation Pause)
[23.251s][info][gc,task        ] GC(14) Using 6 workers of 6 for evacuation
[23.267s][info][gc,phases      ] GC(14)   Pre Evacuate Collection Set: 0.0ms
[23.268s][info][gc,phases      ] GC(14)   Evacuate Collection Set: 14.5ms
[23.268s][info][gc,phases      ] GC(14)   Post Evacuate Collection Set: 1.9ms
[23.268s][info][gc,phases      ] GC(14)   Other: 0.2ms
[23.268s][info][gc,heap        ] GC(14) Eden regions: 594->0(568)
[23.268s][info][gc,heap        ] GC(14) Survivor regions: 20->46(77)
[23.268s][info][gc,heap        ] GC(14) Old regions: 31->31
[23.268s][info][gc,heap        ] GC(14) Humongous regions: 72->25
[23.268s][info][gc,metaspace   ] GC(14) Metaspace: 147468K(158044K)->147468K(158044K) NonClass: 126062K(131468K)->126062K(131468K) Class: 21406K(26576K)->21406K(26576K)
[23.268s][info][gc             ] GC(14) Pause Young (Normal) (G1 Evacuation Pause) 713M->98M(1024M) 16.735ms
[23.268s][info][gc,cpu         ] GC(14) User=0.02s Sys=0.00s Real=0.02s
[23.471s][info][gc,task        ] GC(15) Using 6 workers of 6 for full compaction
[23.471s][info][gc,start       ] GC(15) Pause Full (System.gc())
[23.473s][info][gc,phases,start] GC(15) Phase 1: Mark live objects
[23.505s][info][gc,stringtable ] GC(15) Cleaned string and symbol table, strings: 40577 processed, 286 removed, symbols: 307125 processed, 285 removed
[23.505s][info][gc,phases      ] GC(15) Phase 1: Mark live objects 32.849ms
[23.505s][info][gc,phases,start] GC(15) Phase 2: Prepare for compaction
[23.510s][info][gc,phases      ] GC(15) Phase 2: Prepare for compaction 4.524ms
[23.510s][info][gc,phases,start] GC(15) Phase 3: Adjust pointers
[23.521s][info][gc,phases      ] GC(15) Phase 3: Adjust pointers 10.899ms
[23.521s][info][gc,phases,start] GC(15) Phase 4: Compact heap
[23.528s][info][gc,phases      ] GC(15) Phase 4: Compact heap 6.730ms
[23.538s][info][gc,heap        ] GC(15) Eden regions: 74->0(614)
[23.538s][info][gc,heap        ] GC(15) Survivor regions: 46->0(77)
[23.538s][info][gc,heap        ] GC(15) Old regions: 31->47
[23.538s][info][gc,heap        ] GC(15) Humongous regions: 54->25
[23.538s][info][gc,metaspace   ] GC(15) Metaspace: 147927K(158428K)->144305K(158428K) NonClass: 126427K(131724K)->124071K(131724K) Class: 21499K(26704K)->20234K(26704K)
[23.538s][info][gc             ] GC(15) Pause Full (System.gc()) 201M->68M(1024M) 66.510ms
[23.538s][info][gc,cpu         ] GC(15) User=0.05s Sys=0.00s Real=0.06s
[24.320s][info][gc,start       ] GC(16) Pause Young (Normal) (G1 Evacuation Pause)
[24.320s][info][gc,task        ] GC(16) Using 6 workers of 6 for evacuation
[24.324s][info][gc,phases      ] GC(16)   Pre Evacuate Collection Set: 0.0ms
[24.324s][info][gc,phases      ] GC(16)   Evacuate Collection Set: 2.5ms
[24.324s][info][gc,phases      ] GC(16)   Post Evacuate Collection Set: 0.9ms
[24.324s][info][gc,phases      ] GC(16)   Other: 0.2ms
[24.324s][info][gc,heap        ] GC(16) Eden regions: 614->0(608)
[24.324s][info][gc,heap        ] GC(16) Survivor regions: 0->6(77)
[24.324s][info][gc,heap        ] GC(16) Old regions: 47->47
[24.324s][info][gc,heap        ] GC(16) Humongous regions: 79->25
[24.324s][info][gc,metaspace   ] GC(16) Metaspace: 144810K(158940K)->144810K(158940K) NonClass: 124552K(132236K)->124552K(132236K) Class: 20258K(26704K)->20258K(26704K)
[24.324s][info][gc             ] GC(16) Pause Young (Normal) (G1 Evacuation Pause) 736M->74M(1024M) 3.705ms
[24.324s][info][gc,cpu         ] GC(16) User=0.00s Sys=0.00s Real=0.00s
[24.648s][info][gc,start       ] GC(17) Pause Young (Normal) (G1 Evacuation Pause)
[24.648s][info][gc,task        ] GC(17) Using 6 workers of 6 for evacuation
[24.652s][info][gc,phases      ] GC(17)   Pre Evacuate Collection Set: 0.0ms
[24.653s][info][gc,phases      ] GC(17)   Evacuate Collection Set: 3.2ms
[24.653s][info][gc,phases      ] GC(17)   Post Evacuate Collection Set: 0.7ms
[24.653s][info][gc,phases      ] GC(17)   Other: 0.3ms
[24.653s][info][gc,heap        ] GC(17) Eden regions: 608->0(600)
[24.653s][info][gc,heap        ] GC(17) Survivor regions: 6->14(77)
[24.653s][info][gc,heap        ] GC(17) Old regions: 47->47
[24.653s][info][gc,heap        ] GC(17) Humongous regions: 57->25
[24.653s][info][gc,metaspace   ] GC(17) Metaspace: 144925K(158940K)->144925K(158940K) NonClass: 124665K(132236K)->124665K(132236K) Class: 20259K(26704K)->20259K(26704K)
[24.653s][info][gc             ] GC(17) Pause Young (Normal) (G1 Evacuation Pause) 714M->82M(1024M) 4.195ms
[24.653s][info][gc,cpu         ] GC(17) User=0.00s Sys=0.00s Real=0.00s
[24.958s][info][gc,task        ] GC(18) Using 6 workers of 6 for full compaction
[24.958s][info][gc,start       ] GC(18) Pause Full (System.gc())
[24.959s][info][gc,phases,start] GC(18) Phase 1: Mark live objects
[24.988s][info][gc,stringtable ] GC(18) Cleaned string and symbol table, strings: 40567 processed, 55 removed, symbols: 306928 processed, 665 removed
[24.988s][info][gc,phases      ] GC(18) Phase 1: Mark live objects 28.238ms
[24.988s][info][gc,phases,start] GC(18) Phase 2: Prepare for compaction
[24.992s][info][gc,phases      ] GC(18) Phase 2: Prepare for compaction 4.303ms
[24.992s][info][gc,phases,start] GC(18) Phase 3: Adjust pointers
[25.004s][info][gc,phases      ] GC(18) Phase 3: Adjust pointers 11.542ms
[25.004s][info][gc,phases,start] GC(18) Phase 4: Compact heap
[25.008s][info][gc,phases      ] GC(18) Phase 4: Compact heap 4.729ms
[25.017s][info][gc,heap        ] GC(18) Eden regions: 239->0(614)
[25.017s][info][gc,heap        ] GC(18) Survivor regions: 14->0(77)
[25.017s][info][gc,heap        ] GC(18) Old regions: 47->48
[25.017s][info][gc,heap        ] GC(18) Humongous regions: 69->25
[25.017s][info][gc,metaspace   ] GC(18) Metaspace: 145014K(158940K)->144973K(158940K) NonClass: 124753K(132236K)->124720K(132236K) Class: 20260K(26704K)->20253K(26704K)
[25.017s][info][gc             ] GC(18) Pause Full (System.gc()) 365M->69M(1024M) 58.997ms
[25.017s][info][gc,cpu         ] GC(18) User=0.02s Sys=0.00s Real=0.06s
[25.621s][info][gc,start       ] GC(19) Pause Young (Normal) (G1 Evacuation Pause)
[25.621s][info][gc,task        ] GC(19) Using 6 workers of 6 for evacuation
[25.625s][info][gc,phases      ] GC(19)   Pre Evacuate Collection Set: 0.0ms
[25.625s][info][gc,phases      ] GC(19)   Evacuate Collection Set: 2.8ms
[25.625s][info][gc,phases      ] GC(19)   Post Evacuate Collection Set: 0.8ms
[25.625s][info][gc,phases      ] GC(19)   Other: 0.4ms
[25.625s][info][gc,heap        ] GC(19) Eden regions: 614->0(608)
[25.625s][info][gc,heap        ] GC(19) Survivor regions: 0->6(77)
[25.625s][info][gc,heap        ] GC(19) Old regions: 48->48
[25.625s][info][gc,heap        ] GC(19) Humongous regions: 79->25
[25.625s][info][gc,metaspace   ] GC(19) Metaspace: 145574K(159452K)->145574K(159452K) NonClass: 125306K(132748K)->125306K(132748K) Class: 20267K(26704K)->20267K(26704K)
[25.625s][info][gc             ] GC(19) Pause Young (Normal) (G1 Evacuation Pause) 737M->74M(1024M) 4.069ms
[25.625s][info][gc,cpu         ] GC(19) User=0.00s Sys=0.00s Real=0.00s
[25.922s][info][gc,start       ] GC(20) Pause Young (Normal) (G1 Evacuation Pause)
[25.922s][info][gc,task        ] GC(20) Using 6 workers of 6 for evacuation
[25.927s][info][gc,phases      ] GC(20)   Pre Evacuate Collection Set: 0.0ms
[25.927s][info][gc,phases      ] GC(20)   Evacuate Collection Set: 3.8ms
[25.927s][info][gc,phases      ] GC(20)   Post Evacuate Collection Set: 1.2ms
[25.927s][info][gc,phases      ] GC(20)   Other: 0.3ms
[25.927s][info][gc,heap        ] GC(20) Eden regions: 608->0(600)
[25.927s][info][gc,heap        ] GC(20) Survivor regions: 6->14(77)
[25.927s][info][gc,heap        ] GC(20) Old regions: 48->48
[25.927s][info][gc,heap        ] GC(20) Humongous regions: 57->25
[25.927s][info][gc,metaspace   ] GC(20) Metaspace: 145622K(159452K)->145622K(159452K) NonClass: 125353K(132748K)->125353K(132748K) Class: 20268K(26704K)->20268K(26704K)
[25.927s][info][gc             ] GC(20) Pause Young (Normal) (G1 Evacuation Pause) 714M->83M(1024M) 5.397ms
[25.927s][info][gc,cpu         ] GC(20) User=0.02s Sys=0.00s Real=0.02s
[26.147s][info][gc,task        ] GC(21) Using 6 workers of 6 for full compaction
[26.147s][info][gc,start       ] GC(21) Pause Full (System.gc())
[26.149s][info][gc,phases,start] GC(21) Phase 1: Mark live objects
[26.179s][info][gc,stringtable ] GC(21) Cleaned string and symbol table, strings: 40848 processed, 54 removed, symbols: 306321 processed, 30 removed
[26.179s][info][gc,phases      ] GC(21) Phase 1: Mark live objects 29.573ms
[26.179s][info][gc,phases,start] GC(21) Phase 2: Prepare for compaction
[26.182s][info][gc,phases      ] GC(21) Phase 2: Prepare for compaction 3.396ms
[26.182s][info][gc,phases,start] GC(21) Phase 3: Adjust pointers
[26.195s][info][gc,phases      ] GC(21) Phase 3: Adjust pointers 12.236ms
[26.195s][info][gc,phases,start] GC(21) Phase 4: Compact heap
[26.199s][info][gc,phases      ] GC(21) Phase 4: Compact heap 4.164ms
[26.208s][info][gc,heap        ] GC(21) Eden regions: 223->0(614)
[26.208s][info][gc,heap        ] GC(21) Survivor regions: 14->0(77)
[26.208s][info][gc,heap        ] GC(21) Old regions: 48->48
[26.208s][info][gc,heap        ] GC(21) Humongous regions: 69->25
[26.208s][info][gc,metaspace   ] GC(21) Metaspace: 145684K(159452K)->145643K(159452K) NonClass: 125413K(132748K)->125379K(132748K) Class: 20271K(26704K)->20263K(26704K)
[26.208s][info][gc             ] GC(21) Pause Full (System.gc()) 350M->69M(1024M) 60.769ms
[26.208s][info][gc,cpu         ] GC(21) User=0.03s Sys=0.00s Real=0.05s
[26.753s][info][gc,start       ] GC(22) Pause Young (Normal) (G1 Evacuation Pause)
[26.753s][info][gc,task        ] GC(22) Using 6 workers of 6 for evacuation
[26.756s][info][gc,phases      ] GC(22)   Pre Evacuate Collection Set: 0.0ms
[26.756s][info][gc,phases      ] GC(22)   Evacuate Collection Set: 2.1ms
[26.756s][info][gc,phases      ] GC(22)   Post Evacuate Collection Set: 0.7ms
[26.756s][info][gc,phases      ] GC(22)   Other: 0.3ms
[26.756s][info][gc,heap        ] GC(22) Eden regions: 614->0(609)
[26.756s][info][gc,heap        ] GC(22) Survivor regions: 0->5(77)
[26.756s][info][gc,heap        ] GC(22) Old regions: 48->48
[26.756s][info][gc,heap        ] GC(22) Humongous regions: 79->25
[26.756s][info][gc,metaspace   ] GC(22) Metaspace: 146138K(159708K)->146138K(159708K) NonClass: 125864K(133004K)->125864K(133004K) Class: 20273K(26704K)->20273K(26704K)
[26.756s][info][gc             ] GC(22) Pause Young (Normal) (G1 Evacuation Pause) 737M->74M(1024M) 3.085ms
[26.756s][info][gc,cpu         ] GC(22) User=0.00s Sys=0.00s Real=0.00s
[27.043s][info][gc,start       ] GC(23) Pause Young (Normal) (G1 Evacuation Pause)
[27.043s][info][gc,task        ] GC(23) Using 6 workers of 6 for evacuation
[27.048s][info][gc,phases      ] GC(23)   Pre Evacuate Collection Set: 0.0ms
[27.048s][info][gc,phases      ] GC(23)   Evacuate Collection Set: 4.2ms
[27.048s][info][gc,phases      ] GC(23)   Post Evacuate Collection Set: 0.7ms
[27.048s][info][gc,phases      ] GC(23)   Other: 0.3ms
[27.048s][info][gc,heap        ] GC(23) Eden regions: 609->0(599)
[27.048s][info][gc,heap        ] GC(23) Survivor regions: 5->15(77)
[27.048s][info][gc,heap        ] GC(23) Old regions: 48->48
[27.048s][info][gc,heap        ] GC(23) Humongous regions: 57->25
[27.048s][info][gc,metaspace   ] GC(23) Metaspace: 146184K(159964K)->146184K(159964K) NonClass: 125911K(133260K)->125911K(133260K) Class: 20273K(26704K)->20273K(26704K)
[27.049s][info][gc             ] GC(23) Pause Young (Normal) (G1 Evacuation Pause) 715M->84M(1024M) 5.400ms
[27.049s][info][gc,cpu         ] GC(23) User=0.00s Sys=0.00s Real=0.00s
[27.270s][info][gc,task        ] GC(24) Using 6 workers of 6 for full compaction
[27.270s][info][gc,start       ] GC(24) Pause Full (System.gc())
[27.272s][info][gc,phases,start] GC(24) Phase 1: Mark live objects
[27.304s][info][gc,stringtable ] GC(24) Cleaned string and symbol table, strings: 40935 processed, 50 removed, symbols: 306331 processed, 30 removed
[27.304s][info][gc,phases      ] GC(24) Phase 1: Mark live objects 32.408ms
[27.304s][info][gc,phases,start] GC(24) Phase 2: Prepare for compaction
[27.308s][info][gc,phases      ] GC(24) Phase 2: Prepare for compaction 3.410ms
[27.308s][info][gc,phases,start] GC(24) Phase 3: Adjust pointers
[27.320s][info][gc,phases      ] GC(24) Phase 3: Adjust pointers 11.782ms
[27.320s][info][gc,phases,start] GC(24) Phase 4: Compact heap
[27.323s][info][gc,phases      ] GC(24) Phase 4: Compact heap 3.460ms
[27.333s][info][gc,heap        ] GC(24) Eden regions: 213->0(614)
[27.333s][info][gc,heap        ] GC(24) Survivor regions: 15->0(77)
[27.333s][info][gc,heap        ] GC(24) Old regions: 48->49
[27.333s][info][gc,heap        ] GC(24) Humongous regions: 69->25
[27.333s][info][gc,metaspace   ] GC(24) Metaspace: 146234K(159964K)->146200K(159964K) NonClass: 125959K(133260K)->125930K(133260K) Class: 20274K(26704K)->20269K(26704K)
[27.333s][info][gc             ] GC(24) Pause Full (System.gc()) 340M->69M(1024M) 62.902ms
[27.333s][info][gc,cpu         ] GC(24) User=0.06s Sys=0.00s Real=0.06s
[27.822s][info][gc,start       ] GC(25) Pause Young (Normal) (G1 Evacuation Pause)
[27.822s][info][gc,task        ] GC(25) Using 6 workers of 6 for evacuation
[27.825s][info][gc,phases      ] GC(25)   Pre Evacuate Collection Set: 0.0ms
[27.825s][info][gc,phases      ] GC(25)   Evacuate Collection Set: 2.2ms
[27.825s][info][gc,phases      ] GC(25)   Post Evacuate Collection Set: 0.8ms
[27.825s][info][gc,phases      ] GC(25)   Other: 0.3ms
[27.825s][info][gc,heap        ] GC(25) Eden regions: 614->0(609)
[27.825s][info][gc,heap        ] GC(25) Survivor regions: 0->5(77)
[27.825s][info][gc,heap        ] GC(25) Old regions: 49->49
[27.825s][info][gc,heap        ] GC(25) Humongous regions: 79->25
[27.825s][info][gc,metaspace   ] GC(25) Metaspace: 146544K(160220K)->146544K(160220K) NonClass: 126269K(133516K)->126269K(133516K) Class: 20274K(26704K)->20274K(26704K)
[27.826s][info][gc             ] GC(25) Pause Young (Normal) (G1 Evacuation Pause) 737M->74M(1024M) 3.311ms
[27.826s][info][gc,cpu         ] GC(25) User=0.00s Sys=0.00s Real=0.02s
[28.097s][info][gc,start       ] GC(26) Pause Young (Normal) (G1 Evacuation Pause)
[28.097s][info][gc,task        ] GC(26) Using 6 workers of 6 for evacuation
[28.102s][info][gc,phases      ] GC(26)   Pre Evacuate Collection Set: 0.0ms
[28.102s][info][gc,phases      ] GC(26)   Evacuate Collection Set: 3.6ms
[28.102s][info][gc,phases      ] GC(26)   Post Evacuate Collection Set: 0.7ms
[28.102s][info][gc,phases      ] GC(26)   Other: 0.3ms
[28.102s][info][gc,heap        ] GC(26) Eden regions: 609->0(598)
[28.102s][info][gc,heap        ] GC(26) Survivor regions: 5->16(77)
[28.102s][info][gc,heap        ] GC(26) Old regions: 49->49
[28.102s][info][gc,heap        ] GC(26) Humongous regions: 57->25
[28.102s][info][gc,metaspace   ] GC(26) Metaspace: 146828K(160220K)->146828K(160220K) NonClass: 126485K(133516K)->126485K(133516K) Class: 20342K(26704K)->20342K(26704K)
[28.102s][info][gc             ] GC(26) Pause Young (Normal) (G1 Evacuation Pause) 715M->85M(1024M) 4.799ms
[28.102s][info][gc,cpu         ] GC(26) User=0.00s Sys=0.00s Real=0.00s
[28.309s][info][gc,task        ] GC(27) Using 6 workers of 6 for full compaction
[28.310s][info][gc,start       ] GC(27) Pause Full (System.gc())
[28.312s][info][gc,phases,start] GC(27) Phase 1: Mark live objects
[28.346s][info][gc,stringtable ] GC(27) Cleaned string and symbol table, strings: 41045 processed, 53 removed, symbols: 306659 processed, 20 removed
[28.346s][info][gc,phases      ] GC(27) Phase 1: Mark live objects 34.810ms
[28.346s][info][gc,phases,start] GC(27) Phase 2: Prepare for compaction
[28.350s][info][gc,phases      ] GC(27) Phase 2: Prepare for compaction 3.579ms
[28.350s][info][gc,phases,start] GC(27) Phase 3: Adjust pointers
[28.364s][info][gc,phases      ] GC(27) Phase 3: Adjust pointers 13.415ms
[28.364s][info][gc,phases,start] GC(27) Phase 4: Compact heap
[28.367s][info][gc,phases      ] GC(27) Phase 4: Compact heap 3.436ms
[28.377s][info][gc,heap        ] GC(27) Eden regions: 207->0(614)
[28.377s][info][gc,heap        ] GC(27) Survivor regions: 16->0(77)
[28.377s][info][gc,heap        ] GC(27) Old regions: 49->48
[28.377s][info][gc,heap        ] GC(27) Humongous regions: 69->25
[28.377s][info][gc,metaspace   ] GC(27) Metaspace: 146880K(160220K)->146845K(160220K) NonClass: 126534K(133516K)->126505K(133516K) Class: 20346K(26704K)->20340K(26704K)
[28.377s][info][gc             ] GC(27) Pause Full (System.gc()) 336M->69M(1024M) 67.773ms
[28.378s][info][gc,cpu         ] GC(27) User=0.05s Sys=0.00s Real=0.08s
[28.853s][info][gc,start       ] GC(28) Pause Young (Normal) (G1 Evacuation Pause)
[28.853s][info][gc,task        ] GC(28) Using 6 workers of 6 for evacuation
[28.856s][info][gc,phases      ] GC(28)   Pre Evacuate Collection Set: 0.0ms
[28.856s][info][gc,phases      ] GC(28)   Evacuate Collection Set: 2.1ms
[28.856s][info][gc,phases      ] GC(28)   Post Evacuate Collection Set: 0.7ms
[28.857s][info][gc,phases      ] GC(28)   Other: 0.3ms
[28.857s][info][gc,heap        ] GC(28) Eden regions: 614->0(608)
[28.857s][info][gc,heap        ] GC(28) Survivor regions: 0->6(77)
[28.857s][info][gc,heap        ] GC(28) Old regions: 48->48
[28.857s][info][gc,heap        ] GC(28) Humongous regions: 79->25
[28.857s][info][gc,metaspace   ] GC(28) Metaspace: 147187K(160732K)->147187K(160732K) NonClass: 126839K(134028K)->126839K(134028K) Class: 20348K(26704K)->20348K(26704K)
[28.857s][info][gc             ] GC(28) Pause Young (Normal) (G1 Evacuation Pause) 737M->75M(1024M) 3.268ms
[28.857s][info][gc,cpu         ] GC(28) User=0.00s Sys=0.00s Real=0.01s
[29.123s][info][gc,start       ] GC(29) Pause Young (Normal) (G1 Evacuation Pause)
[29.123s][info][gc,task        ] GC(29) Using 6 workers of 6 for evacuation
[29.128s][info][gc,phases      ] GC(29)   Pre Evacuate Collection Set: 0.0ms
[29.128s][info][gc,phases      ] GC(29)   Evacuate Collection Set: 3.5ms
[29.128s][info][gc,phases      ] GC(29)   Post Evacuate Collection Set: 0.7ms
[29.128s][info][gc,phases      ] GC(29)   Other: 0.3ms
[29.128s][info][gc,heap        ] GC(29) Eden regions: 608->0(598)
[29.128s][info][gc,heap        ] GC(29) Survivor regions: 6->16(77)
[29.128s][info][gc,heap        ] GC(29) Old regions: 48->48
[29.128s][info][gc,heap        ] GC(29) Humongous regions: 57->25
[29.128s][info][gc,metaspace   ] GC(29) Metaspace: 147257K(160732K)->147257K(160732K) NonClass: 126908K(134028K)->126908K(134028K) Class: 20348K(26704K)->20348K(26704K)
[29.128s][info][gc             ] GC(29) Pause Young (Normal) (G1 Evacuation Pause) 715M->85M(1024M) 4.618ms
[29.128s][info][gc,cpu         ] GC(29) User=0.00s Sys=0.00s Real=0.00s
[29.329s][info][gc,task        ] GC(30) Using 6 workers of 6 for full compaction
[29.330s][info][gc,start       ] GC(30) Pause Full (System.gc())
[29.332s][info][gc,phases,start] GC(30) Phase 1: Mark live objects
[29.365s][info][gc,stringtable ] GC(30) Cleaned string and symbol table, strings: 41186 processed, 52 removed, symbols: 306673 processed, 22 removed
[29.365s][info][gc,phases      ] GC(30) Phase 1: Mark live objects 33.876ms
[29.365s][info][gc,phases,start] GC(30) Phase 2: Prepare for compaction
[29.369s][info][gc,phases      ] GC(30) Phase 2: Prepare for compaction 3.202ms
[29.369s][info][gc,phases,start] GC(30) Phase 3: Adjust pointers
[29.382s][info][gc,phases      ] GC(30) Phase 3: Adjust pointers 13.001ms
[29.382s][info][gc,phases,start] GC(30) Phase 4: Compact heap
[29.386s][info][gc,phases      ] GC(30) Phase 4: Compact heap 3.695ms
[29.397s][info][gc,heap        ] GC(30) Eden regions: 206->0(614)
[29.397s][info][gc,heap        ] GC(30) Survivor regions: 16->0(77)
[29.397s][info][gc,heap        ] GC(30) Old regions: 48->49
[29.397s][info][gc,heap        ] GC(30) Humongous regions: 69->25
[29.397s][info][gc,metaspace   ] GC(30) Metaspace: 147344K(160732K)->147309K(160732K) NonClass: 126995K(134028K)->126966K(134028K) Class: 20348K(26704K)->20343K(26704K)
[29.397s][info][gc             ] GC(30) Pause Full (System.gc()) 335M->70M(1024M) 67.039ms
[29.397s][info][gc,cpu         ] GC(30) User=0.05s Sys=0.00s Real=0.08s
[29.850s][info][gc,start       ] GC(31) Pause Young (Normal) (G1 Evacuation Pause)
[29.850s][info][gc,task        ] GC(31) Using 6 workers of 6 for evacuation
[29.853s][info][gc,phases      ] GC(31)   Pre Evacuate Collection Set: 0.0ms
[29.853s][info][gc,phases      ] GC(31)   Evacuate Collection Set: 2.2ms
[29.853s][info][gc,phases      ] GC(31)   Post Evacuate Collection Set: 0.7ms
[29.853s][info][gc,phases      ] GC(31)   Other: 0.3ms
[29.853s][info][gc,heap        ] GC(31) Eden regions: 614->0(609)
[29.853s][info][gc,heap        ] GC(31) Survivor regions: 0->5(77)
[29.853s][info][gc,heap        ] GC(31) Old regions: 49->49
[29.853s][info][gc,heap        ] GC(31) Humongous regions: 79->25
[29.853s][info][gc,metaspace   ] GC(31) Metaspace: 147670K(160988K)->147670K(160988K) NonClass: 127312K(134284K)->127312K(134284K) Class: 20358K(26704K)->20358K(26704K)
[29.853s][info][gc             ] GC(31) Pause Young (Normal) (G1 Evacuation Pause) 738M->75M(1024M) 3.232ms
[29.853s][info][gc,cpu         ] GC(31) User=0.02s Sys=0.00s Real=0.01s
[30.120s][info][gc,start       ] GC(32) Pause Young (Normal) (G1 Evacuation Pause)
[30.120s][info][gc,task        ] GC(32) Using 6 workers of 6 for evacuation
[30.124s][info][gc,phases      ] GC(32)   Pre Evacuate Collection Set: 0.0ms
[30.124s][info][gc,phases      ] GC(32)   Evacuate Collection Set: 3.6ms
[30.124s][info][gc,phases      ] GC(32)   Post Evacuate Collection Set: 0.7ms
[30.124s][info][gc,phases      ] GC(32)   Other: 0.3ms
[30.124s][info][gc,heap        ] GC(32) Eden regions: 609->0(598)
[30.124s][info][gc,heap        ] GC(32) Survivor regions: 5->16(77)
[30.124s][info][gc,heap        ] GC(32) Old regions: 49->49
[30.124s][info][gc,heap        ] GC(32) Humongous regions: 57->25
[30.124s][info][gc,metaspace   ] GC(32) Metaspace: 147726K(160988K)->147726K(160988K) NonClass: 127367K(134284K)->127367K(134284K) Class: 20358K(26704K)->20358K(26704K)
[30.124s][info][gc             ] GC(32) Pause Young (Normal) (G1 Evacuation Pause) 716M->86M(1024M) 4.636ms
[30.124s][info][gc,cpu         ] GC(32) User=0.00s Sys=0.00s Real=0.00s
[30.321s][info][gc,task        ] GC(33) Using 6 workers of 6 for full compaction
[30.321s][info][gc,start       ] GC(33) Pause Full (System.gc())
[30.323s][info][gc,phases,start] GC(33) Phase 1: Mark live objects
[30.356s][info][gc,stringtable ] GC(33) Cleaned string and symbol table, strings: 41323 processed, 50 removed, symbols: 306671 processed, 24 removed
[30.356s][info][gc,phases      ] GC(33) Phase 1: Mark live objects 32.992ms
[30.356s][info][gc,phases,start] GC(33) Phase 2: Prepare for compaction
[30.359s][info][gc,phases      ] GC(33) Phase 2: Prepare for compaction 3.189ms
[30.359s][info][gc,phases,start] GC(33) Phase 3: Adjust pointers
[30.373s][info][gc,phases      ] GC(33) Phase 3: Adjust pointers 13.173ms
[30.373s][info][gc,phases,start] GC(33) Phase 4: Compact heap
[30.376s][info][gc,phases      ] GC(33) Phase 4: Compact heap 2.834ms
[30.387s][info][gc,heap        ] GC(33) Eden regions: 202->0(614)
[30.387s][info][gc,heap        ] GC(33) Survivor regions: 16->0(77)
[30.387s][info][gc,heap        ] GC(33) Old regions: 49->48
[30.387s][info][gc,heap        ] GC(33) Humongous regions: 69->25
[30.387s][info][gc,metaspace   ] GC(33) Metaspace: 147751K(161244K)->147707K(161244K) NonClass: 127392K(134540K)->127357K(134540K) Class: 20358K(26704K)->20349K(26704K)
[30.387s][info][gc             ] GC(33) Pause Full (System.gc()) 331M->70M(1024M) 65.932ms
[30.387s][info][gc,cpu         ] GC(33) User=0.03s Sys=0.00s Real=0.08s
[30.829s][info][gc,start       ] GC(34) Pause Young (Normal) (G1 Evacuation Pause)
[30.829s][info][gc,task        ] GC(34) Using 6 workers of 6 for evacuation
[30.832s][info][gc,phases      ] GC(34)   Pre Evacuate Collection Set: 0.0ms
[30.832s][info][gc,phases      ] GC(34)   Evacuate Collection Set: 2.2ms
[30.832s][info][gc,phases      ] GC(34)   Post Evacuate Collection Set: 0.7ms
[30.832s][info][gc,phases      ] GC(34)   Other: 0.2ms
[30.832s][info][gc,heap        ] GC(34) Eden regions: 614->0(608)
[30.832s][info][gc,heap        ] GC(34) Survivor regions: 0->6(77)
[30.832s][info][gc,heap        ] GC(34) Old regions: 48->48
[30.832s][info][gc,heap        ] GC(34) Humongous regions: 79->25
[30.832s][info][gc,metaspace   ] GC(34) Metaspace: 147870K(161244K)->147870K(161244K) NonClass: 127515K(134540K)->127515K(134540K) Class: 20355K(26704K)->20355K(26704K)
[30.832s][info][gc             ] GC(34) Pause Young (Normal) (G1 Evacuation Pause) 738M->75M(1024M) 3.224ms
[30.832s][info][gc,cpu         ] GC(34) User=0.00s Sys=0.00s Real=0.00s
[31.093s][info][gc,start       ] GC(35) Pause Young (Normal) (G1 Evacuation Pause)
[31.093s][info][gc,task        ] GC(35) Using 6 workers of 6 for evacuation
[31.098s][info][gc,phases      ] GC(35)   Pre Evacuate Collection Set: 0.0ms
[31.098s][info][gc,phases      ] GC(35)   Evacuate Collection Set: 3.6ms
[31.098s][info][gc,phases      ] GC(35)   Post Evacuate Collection Set: 0.7ms
[31.098s][info][gc,phases      ] GC(35)   Other: 0.3ms
[31.098s][info][gc,heap        ] GC(35) Eden regions: 608->0(598)
[31.098s][info][gc,heap        ] GC(35) Survivor regions: 6->16(77)
[31.098s][info][gc,heap        ] GC(35) Old regions: 48->48
[31.098s][info][gc,heap        ] GC(35) Humongous regions: 57->25
[31.098s][info][gc,metaspace   ] GC(35) Metaspace: 147939K(161244K)->147939K(161244K) NonClass: 127584K(134540K)->127584K(134540K) Class: 20355K(26704K)->20355K(26704K)
[31.098s][info][gc             ] GC(35) Pause Young (Normal) (G1 Evacuation Pause) 715M->86M(1024M) 4.709ms
[31.098s][info][gc,cpu         ] GC(35) User=0.00s Sys=0.00s Real=0.00s
[31.292s][info][gc,task        ] GC(36) Using 6 workers of 6 for full compaction
[31.292s][info][gc,start       ] GC(36) Pause Full (System.gc())
[31.294s][info][gc,phases,start] GC(36) Phase 1: Mark live objects
[31.329s][info][gc,stringtable ] GC(36) Cleaned string and symbol table, strings: 41460 processed, 50 removed, symbols: 306671 processed, 20 removed
[31.329s][info][gc,phases      ] GC(36) Phase 1: Mark live objects 35.626ms
[31.329s][info][gc,phases,start] GC(36) Phase 2: Prepare for compaction
[31.332s][info][gc,phases      ] GC(36) Phase 2: Prepare for compaction 3.206ms
[31.332s][info][gc,phases,start] GC(36) Phase 3: Adjust pointers
[31.347s][info][gc,phases      ] GC(36) Phase 3: Adjust pointers 14.102ms
[31.347s][info][gc,phases,start] GC(36) Phase 4: Compact heap
[31.350s][info][gc,phases      ] GC(36) Phase 4: Compact heap 2.942ms
[31.362s][info][gc,heap        ] GC(36) Eden regions: 201->0(614)
[31.362s][info][gc,heap        ] GC(36) Survivor regions: 16->0(77)
[31.362s][info][gc,heap        ] GC(36) Old regions: 48->50
[31.362s][info][gc,heap        ] GC(36) Humongous regions: 69->25
[31.362s][info][gc,metaspace   ] GC(36) Metaspace: 147974K(161500K)->147943K(161500K) NonClass: 127618K(134796K)->127591K(134796K) Class: 20356K(26704K)->20351K(26704K)
[31.362s][info][gc             ] GC(36) Pause Full (System.gc()) 330M->70M(1024M) 70.004ms
[31.362s][info][gc,cpu         ] GC(36) User=0.02s Sys=0.02s Real=0.08s
[31.789s][info][gc,start       ] GC(37) Pause Young (Normal) (G1 Evacuation Pause)
[31.789s][info][gc,task        ] GC(37) Using 6 workers of 6 for evacuation
[31.792s][info][gc,phases      ] GC(37)   Pre Evacuate Collection Set: 0.0ms
[31.792s][info][gc,phases      ] GC(37)   Evacuate Collection Set: 2.1ms
[31.792s][info][gc,phases      ] GC(37)   Post Evacuate Collection Set: 0.7ms
[31.792s][info][gc,phases      ] GC(37)   Other: 0.4ms
[31.792s][info][gc,heap        ] GC(37) Eden regions: 614->0(609)
[31.792s][info][gc,heap        ] GC(37) Survivor regions: 0->5(77)
[31.792s][info][gc,heap        ] GC(37) Old regions: 50->50
[31.792s][info][gc,heap        ] GC(37) Humongous regions: 79->25
[31.792s][info][gc,metaspace   ] GC(37) Metaspace: 148182K(161500K)->148182K(161500K) NonClass: 127824K(134796K)->127824K(134796K) Class: 20358K(26704K)->20358K(26704K)
[31.792s][info][gc             ] GC(37) Pause Young (Normal) (G1 Evacuation Pause) 738M->75M(1024M) 3.296ms
[31.792s][info][gc,cpu         ] GC(37) User=0.00s Sys=0.00s Real=0.00s
[32.053s][info][gc,start       ] GC(38) Pause Young (Normal) (G1 Evacuation Pause)
[32.053s][info][gc,task        ] GC(38) Using 6 workers of 6 for evacuation
[32.057s][info][gc,phases      ] GC(38)   Pre Evacuate Collection Set: 0.0ms
[32.057s][info][gc,phases      ] GC(38)   Evacuate Collection Set: 3.7ms
[32.057s][info][gc,phases      ] GC(38)   Post Evacuate Collection Set: 0.7ms
[32.057s][info][gc,phases      ] GC(38)   Other: 0.3ms
[32.057s][info][gc,heap        ] GC(38) Eden regions: 609->0(597)
[32.057s][info][gc,heap        ] GC(38) Survivor regions: 5->17(77)
[32.057s][info][gc,heap        ] GC(38) Old regions: 50->50
[32.057s][info][gc,heap        ] GC(38) Humongous regions: 57->25
[32.057s][info][gc,metaspace   ] GC(38) Metaspace: 148207K(161500K)->148207K(161500K) NonClass: 127849K(134796K)->127849K(134796K) Class: 20358K(26704K)->20358K(26704K)
[32.057s][info][gc             ] GC(38) Pause Young (Normal) (G1 Evacuation Pause) 716M->86M(1024M) 4.707ms
[32.058s][info][gc,cpu         ] GC(38) User=0.00s Sys=0.00s Real=0.00s
[32.248s][info][gc,task        ] GC(39) Using 6 workers of 6 for full compaction
[32.249s][info][gc,start       ] GC(39) Pause Full (System.gc())
[32.251s][info][gc,phases,start] GC(39) Phase 1: Mark live objects
[32.287s][info][gc,stringtable ] GC(39) Cleaned string and symbol table, strings: 41562 processed, 50 removed, symbols: 306675 processed, 22 removed
[32.287s][info][gc,phases      ] GC(39) Phase 1: Mark live objects 36.030ms
[32.287s][info][gc,phases,start] GC(39) Phase 2: Prepare for compaction
[32.290s][info][gc,phases      ] GC(39) Phase 2: Prepare for compaction 2.882ms
[32.290s][info][gc,phases,start] GC(39) Phase 3: Adjust pointers
[32.304s][info][gc,phases      ] GC(39) Phase 3: Adjust pointers 13.764ms
[32.304s][info][gc,phases,start] GC(39) Phase 4: Compact heap
[32.307s][info][gc,phases      ] GC(39) Phase 4: Compact heap 2.974ms
[32.319s][info][gc,heap        ] GC(39) Eden regions: 196->0(614)
[32.319s][info][gc,heap        ] GC(39) Survivor regions: 17->0(77)
[32.319s][info][gc,heap        ] GC(39) Old regions: 50->51
[32.319s][info][gc,heap        ] GC(39) Humongous regions: 69->25
[32.319s][info][gc,metaspace   ] GC(39) Metaspace: 148309K(161756K)->148276K(161756K) NonClass: 127950K(135052K)->127922K(135052K) Class: 20358K(26704K)->20353K(26704K)
[32.319s][info][gc             ] GC(39) Pause Full (System.gc()) 326M->70M(1024M) 70.218ms
[32.319s][info][gc,cpu         ] GC(39) User=0.02s Sys=0.00s Real=0.08s
[32.762s][info][gc,start       ] GC(40) Pause Young (Normal) (G1 Evacuation Pause)
[32.762s][info][gc,task        ] GC(40) Using 6 workers of 6 for evacuation
[32.765s][info][gc,phases      ] GC(40)   Pre Evacuate Collection Set: 0.0ms
[32.765s][info][gc,phases      ] GC(40)   Evacuate Collection Set: 2.0ms
[32.765s][info][gc,phases      ] GC(40)   Post Evacuate Collection Set: 0.7ms
[32.765s][info][gc,phases      ] GC(40)   Other: 0.4ms
[32.765s][info][gc,heap        ] GC(40) Eden regions: 614->0(609)
[32.765s][info][gc,heap        ] GC(40) Survivor regions: 0->5(77)
[32.765s][info][gc,heap        ] GC(40) Old regions: 51->51
[32.765s][info][gc,heap        ] GC(40) Humongous regions: 79->25
[32.765s][info][gc,metaspace   ] GC(40) Metaspace: 148554K(161756K)->148554K(161756K) NonClass: 128196K(135052K)->128196K(135052K) Class: 20357K(26704K)->20357K(26704K)
[32.765s][info][gc             ] GC(40) Pause Young (Normal) (G1 Evacuation Pause) 738M->75M(1024M) 3.123ms
[32.765s][info][gc,cpu         ] GC(40) User=0.00s Sys=0.00s Real=0.01s
[33.025s][info][gc,start       ] GC(41) Pause Young (Normal) (G1 Evacuation Pause)
[33.025s][info][gc,task        ] GC(41) Using 6 workers of 6 for evacuation
[33.030s][info][gc,phases      ] GC(41)   Pre Evacuate Collection Set: 0.0ms
[33.030s][info][gc,phases      ] GC(41)   Evacuate Collection Set: 4.2ms
[33.030s][info][gc,phases      ] GC(41)   Post Evacuate Collection Set: 0.7ms
[33.030s][info][gc,phases      ] GC(41)   Other: 0.3ms
[33.030s][info][gc,heap        ] GC(41) Eden regions: 609->0(598)
[33.030s][info][gc,heap        ] GC(41) Survivor regions: 5->16(77)
[33.030s][info][gc,heap        ] GC(41) Old regions: 51->51
[33.030s][info][gc,heap        ] GC(41) Humongous regions: 57->25
[33.030s][info][gc,metaspace   ] GC(41) Metaspace: 148591K(162012K)->148591K(162012K) NonClass: 128233K(135308K)->128233K(135308K) Class: 20357K(26704K)->20357K(26704K)
[33.030s][info][gc             ] GC(41) Pause Young (Normal) (G1 Evacuation Pause) 716M->86M(1024M) 5.245ms
[33.030s][info][gc,cpu         ] GC(41) User=0.00s Sys=0.00s Real=0.00s
[33.228s][info][gc,task        ] GC(42) Using 6 workers of 6 for full compaction
[33.228s][info][gc,start       ] GC(42) Pause Full (System.gc())
[33.230s][info][gc,phases,start] GC(42) Phase 1: Mark live objects
[33.263s][info][gc,stringtable ] GC(42) Cleaned string and symbol table, strings: 41626 processed, 50 removed, symbols: 306675 processed, 22 removed
[33.263s][info][gc,phases      ] GC(42) Phase 1: Mark live objects 33.485ms
[33.263s][info][gc,phases,start] GC(42) Phase 2: Prepare for compaction
[33.267s][info][gc,phases      ] GC(42) Phase 2: Prepare for compaction 3.537ms
[33.267s][info][gc,phases,start] GC(42) Phase 3: Adjust pointers
[33.281s][info][gc,phases      ] GC(42) Phase 3: Adjust pointers 14.372ms
[33.281s][info][gc,phases,start] GC(42) Phase 4: Compact heap
[33.285s][info][gc,phases      ] GC(42) Phase 4: Compact heap 3.025ms
[33.297s][info][gc,heap        ] GC(42) Eden regions: 198->0(614)
[33.297s][info][gc,heap        ] GC(42) Survivor regions: 16->0(77)
[33.297s][info][gc,heap        ] GC(42) Old regions: 51->49
[33.297s][info][gc,heap        ] GC(42) Humongous regions: 69->25
[33.297s][info][gc,metaspace   ] GC(42) Metaspace: 148645K(162012K)->148601K(162012K) NonClass: 128277K(135308K)->128242K(135308K) Class: 20368K(26704K)->20359K(26704K)
[33.297s][info][gc             ] GC(42) Pause Full (System.gc()) 328M->70M(1024M) 68.972ms
[33.297s][info][gc,cpu         ] GC(42) User=0.03s Sys=0.00s Real=0.06s
[33.695s][info][gc,start       ] GC(43) Pause Young (Normal) (G1 Evacuation Pause)
[33.695s][info][gc,task        ] GC(43) Using 6 workers of 6 for evacuation
[33.698s][info][gc,phases      ] GC(43)   Pre Evacuate Collection Set: 0.0ms
[33.698s][info][gc,phases      ] GC(43)   Evacuate Collection Set: 2.0ms
[33.698s][info][gc,phases      ] GC(43)   Post Evacuate Collection Set: 0.7ms
[33.698s][info][gc,phases      ] GC(43)   Other: 0.3ms
[33.698s][info][gc,heap        ] GC(43) Eden regions: 614->0(609)
[33.698s][info][gc,heap        ] GC(43) Survivor regions: 0->5(77)
[33.698s][info][gc,heap        ] GC(43) Old regions: 49->49
[33.698s][info][gc,heap        ] GC(43) Humongous regions: 79->25
[33.698s][info][gc,metaspace   ] GC(43) Metaspace: 148920K(162268K)->148920K(162268K) NonClass: 128556K(135564K)->128556K(135564K) Class: 20363K(26704K)->20363K(26704K)
[33.698s][info][gc             ] GC(43) Pause Young (Normal) (G1 Evacuation Pause) 738M->75M(1024M) 3.192ms
[33.698s][info][gc,cpu         ] GC(43) User=0.00s Sys=0.00s Real=0.00s
[33.956s][info][gc,start       ] GC(44) Pause Young (Normal) (G1 Evacuation Pause)
[33.956s][info][gc,task        ] GC(44) Using 6 workers of 6 for evacuation
[33.961s][info][gc,phases      ] GC(44)   Pre Evacuate Collection Set: 0.0ms
[33.961s][info][gc,phases      ] GC(44)   Evacuate Collection Set: 3.7ms
[33.961s][info][gc,phases      ] GC(44)   Post Evacuate Collection Set: 0.7ms
[33.961s][info][gc,phases      ] GC(44)   Other: 0.4ms
[33.961s][info][gc,heap        ] GC(44) Eden regions: 609->0(597)
[33.961s][info][gc,heap        ] GC(44) Survivor regions: 5->17(77)
[33.961s][info][gc,heap        ] GC(44) Old regions: 49->49
[33.961s][info][gc,heap        ] GC(44) Humongous regions: 57->25
[33.961s][info][gc,metaspace   ] GC(44) Metaspace: 148936K(162268K)->148936K(162268K) NonClass: 128572K(135564K)->128572K(135564K) Class: 20363K(26704K)->20363K(26704K)
[33.961s][info][gc             ] GC(44) Pause Young (Normal) (G1 Evacuation Pause) 716M->87M(1024M) 4.878ms
[33.961s][info][gc,cpu         ] GC(44) User=0.00s Sys=0.00s Real=0.02s
[34.151s][info][gc,task        ] GC(45) Using 6 workers of 6 for full compaction
[34.151s][info][gc,start       ] GC(45) Pause Full (System.gc())
[34.153s][info][gc,phases,start] GC(45) Phase 1: Mark live objects
[34.188s][info][gc,stringtable ] GC(45) Cleaned string and symbol table, strings: 41673 processed, 50 removed, symbols: 306675 processed, 22 removed
[34.188s][info][gc,phases      ] GC(45) Phase 1: Mark live objects 34.749ms
[34.188s][info][gc,phases,start] GC(45) Phase 2: Prepare for compaction
[34.191s][info][gc,phases      ] GC(45) Phase 2: Prepare for compaction 2.957ms
[34.191s][info][gc,phases,start] GC(45) Phase 3: Adjust pointers
[34.206s][info][gc,phases      ] GC(45) Phase 3: Adjust pointers 14.545ms
[34.206s][info][gc,phases,start] GC(45) Phase 4: Compact heap
[34.209s][info][gc,phases      ] GC(45) Phase 4: Compact heap 2.993ms
[34.222s][info][gc,heap        ] GC(45) Eden regions: 196->0(614)
[34.222s][info][gc,heap        ] GC(45) Survivor regions: 17->0(77)
[34.222s][info][gc,heap        ] GC(45) Old regions: 49->50
[34.222s][info][gc,heap        ] GC(45) Humongous regions: 69->25
[34.222s][info][gc,metaspace   ] GC(45) Metaspace: 148961K(162268K)->148927K(162268K) NonClass: 128594K(135564K)->128567K(135564K) Class: 20366K(26704K)->20360K(26704K)
[34.222s][info][gc             ] GC(45) Pause Full (System.gc()) 326M->70M(1024M) 70.640ms
[34.222s][info][gc,cpu         ] GC(45) User=0.03s Sys=0.00s Real=0.06s
[34.636s][info][gc,start       ] GC(46) Pause Young (Normal) (G1 Evacuation Pause)
[34.636s][info][gc,task        ] GC(46) Using 6 workers of 6 for evacuation
[34.639s][info][gc,phases      ] GC(46)   Pre Evacuate Collection Set: 0.0ms
[34.639s][info][gc,phases      ] GC(46)   Evacuate Collection Set: 2.1ms
[34.639s][info][gc,phases      ] GC(46)   Post Evacuate Collection Set: 0.7ms
[34.639s][info][gc,phases      ] GC(46)   Other: 0.4ms
[34.639s][info][gc,heap        ] GC(46) Eden regions: 614->0(609)
[34.639s][info][gc,heap        ] GC(46) Survivor regions: 0->5(77)
[34.639s][info][gc,heap        ] GC(46) Old regions: 50->50
[34.639s][info][gc,heap        ] GC(46) Humongous regions: 79->25
[34.639s][info][gc,metaspace   ] GC(46) Metaspace: 149154K(162524K)->149154K(162524K) NonClass: 128789K(135820K)->128789K(135820K) Class: 20365K(26704K)->20365K(26704K)
[34.639s][info][gc             ] GC(46) Pause Young (Normal) (G1 Evacuation Pause) 738M->75M(1024M) 3.338ms
[34.639s][info][gc,cpu         ] GC(46) User=0.02s Sys=0.00s Real=0.02s
[34.899s][info][gc,start       ] GC(47) Pause Young (Normal) (G1 Evacuation Pause)
[34.899s][info][gc,task        ] GC(47) Using 6 workers of 6 for evacuation
[34.903s][info][gc,phases      ] GC(47)   Pre Evacuate Collection Set: 0.0ms
[34.903s][info][gc,phases      ] GC(47)   Evacuate Collection Set: 3.8ms
[34.903s][info][gc,phases      ] GC(47)   Post Evacuate Collection Set: 0.7ms
[34.903s][info][gc,phases      ] GC(47)   Other: 0.3ms
[34.903s][info][gc,heap        ] GC(47) Eden regions: 609->0(597)
[34.904s][info][gc,heap        ] GC(47) Survivor regions: 5->17(77)
[34.904s][info][gc,heap        ] GC(47) Old regions: 50->50
[34.904s][info][gc,heap        ] GC(47) Humongous regions: 57->25
[34.904s][info][gc,metaspace   ] GC(47) Metaspace: 149169K(162524K)->149169K(162524K) NonClass: 128804K(135820K)->128804K(135820K) Class: 20365K(26704K)->20365K(26704K)
[34.904s][info][gc             ] GC(47) Pause Young (Normal) (G1 Evacuation Pause) 716M->87M(1024M) 4.885ms
[34.904s][info][gc,cpu         ] GC(47) User=0.00s Sys=0.00s Real=0.00s
[35.095s][info][gc,task        ] GC(48) Using 6 workers of 6 for full compaction
[35.095s][info][gc,start       ] GC(48) Pause Full (System.gc())
[35.097s][info][gc,phases,start] GC(48) Phase 1: Mark live objects
[35.133s][info][gc,stringtable ] GC(48) Cleaned string and symbol table, strings: 42024 processed, 50 removed, symbols: 306673 processed, 20 removed
[35.133s][info][gc,phases      ] GC(48) Phase 1: Mark live objects 35.914ms
[35.133s][info][gc,phases,start] GC(48) Phase 2: Prepare for compaction
[35.136s][info][gc,phases      ] GC(48) Phase 2: Prepare for compaction 2.951ms
[35.136s][info][gc,phases,start] GC(48) Phase 3: Adjust pointers
[35.151s][info][gc,phases      ] GC(48) Phase 3: Adjust pointers 14.936ms
[35.151s][info][gc,phases,start] GC(48) Phase 4: Compact heap
[35.154s][info][gc,phases      ] GC(48) Phase 4: Compact heap 2.760ms
[35.167s][info][gc,heap        ] GC(48) Eden regions: 194->0(614)
[35.167s][info][gc,heap        ] GC(48) Survivor regions: 17->0(77)
[35.167s][info][gc,heap        ] GC(48) Old regions: 50->50
[35.167s][info][gc,heap        ] GC(48) Humongous regions: 69->25
[35.167s][info][gc,metaspace   ] GC(48) Metaspace: 149226K(162524K)->149194K(162524K) NonClass: 128860K(135820K)->128833K(135820K) Class: 20366K(26704K)->20361K(26704K)
[35.167s][info][gc             ] GC(48) Pause Full (System.gc()) 325M->70M(1024M) 72.603ms
[35.167s][info][gc,cpu         ] GC(48) User=0.02s Sys=0.00s Real=0.06s
[35.585s][info][gc,start       ] GC(49) Pause Young (Normal) (G1 Evacuation Pause)
[35.585s][info][gc,task        ] GC(49) Using 6 workers of 6 for evacuation
[35.588s][info][gc,phases      ] GC(49)   Pre Evacuate Collection Set: 0.0ms
[35.588s][info][gc,phases      ] GC(49)   Evacuate Collection Set: 2.1ms
[35.588s][info][gc,phases      ] GC(49)   Post Evacuate Collection Set: 0.7ms
[35.588s][info][gc,phases      ] GC(49)   Other: 0.4ms
[35.588s][info][gc,heap        ] GC(49) Eden regions: 614->0(609)
[35.588s][info][gc,heap        ] GC(49) Survivor regions: 0->5(77)
[35.588s][info][gc,heap        ] GC(49) Old regions: 50->50
[35.588s][info][gc,heap        ] GC(49) Humongous regions: 79->25
[35.588s][info][gc,metaspace   ] GC(49) Metaspace: 149429K(162780K)->149429K(162780K) NonClass: 129063K(136076K)->129063K(136076K) Class: 20365K(26704K)->20365K(26704K)
[35.588s][info][gc             ] GC(49) Pause Young (Normal) (G1 Evacuation Pause) 738M->75M(1024M) 3.183ms
[35.588s][info][gc,cpu         ] GC(49) User=0.00s Sys=0.00s Real=0.00s
[35.848s][info][gc,start       ] GC(50) Pause Young (Normal) (G1 Evacuation Pause)
[35.848s][info][gc,task        ] GC(50) Using 6 workers of 6 for evacuation
[35.853s][info][gc,phases      ] GC(50)   Pre Evacuate Collection Set: 0.0ms
[35.853s][info][gc,phases      ] GC(50)   Evacuate Collection Set: 3.8ms
[35.853s][info][gc,phases      ] GC(50)   Post Evacuate Collection Set: 0.7ms
[35.853s][info][gc,phases      ] GC(50)   Other: 0.2ms
[35.853s][info][gc,heap        ] GC(50) Eden regions: 609->0(597)
[35.853s][info][gc,heap        ] GC(50) Survivor regions: 5->17(77)
[35.853s][info][gc,heap        ] GC(50) Old regions: 50->50
[35.853s][info][gc,heap        ] GC(50) Humongous regions: 57->25
[35.853s][info][gc,metaspace   ] GC(50) Metaspace: 149452K(162780K)->149452K(162780K) NonClass: 129087K(136076K)->129087K(136076K) Class: 20365K(26704K)->20365K(26704K)
[35.853s][info][gc             ] GC(50) Pause Young (Normal) (G1 Evacuation Pause) 716M->87M(1024M) 4.818ms
[35.853s][info][gc,cpu         ] GC(50) User=0.00s Sys=0.00s Real=0.00s
[36.039s][info][gc,task        ] GC(51) Using 6 workers of 6 for full compaction
[36.040s][info][gc,start       ] GC(51) Pause Full (System.gc())
[36.042s][info][gc,phases,start] GC(51) Phase 1: Mark live objects
[36.078s][info][gc,stringtable ] GC(51) Cleaned string and symbol table, strings: 42104 processed, 50 removed, symbols: 306673 processed, 20 removed
[36.078s][info][gc,phases      ] GC(51) Phase 1: Mark live objects 35.926ms
[36.078s][info][gc,phases,start] GC(51) Phase 2: Prepare for compaction
[36.081s][info][gc,phases      ] GC(51) Phase 2: Prepare for compaction 3.213ms
[36.081s][info][gc,phases,start] GC(51) Phase 3: Adjust pointers
[36.097s][info][gc,phases      ] GC(51) Phase 3: Adjust pointers 15.499ms
[36.097s][info][gc,phases,start] GC(51) Phase 4: Compact heap
[36.100s][info][gc,phases      ] GC(51) Phase 4: Compact heap 2.721ms
[36.113s][info][gc,heap        ] GC(51) Eden regions: 193->0(614)
[36.114s][info][gc,heap        ] GC(51) Survivor regions: 17->0(77)
[36.114s][info][gc,heap        ] GC(51) Old regions: 50->49
[36.114s][info][gc,heap        ] GC(51) Humongous regions: 69->25
[36.114s][info][gc,metaspace   ] GC(51) Metaspace: 149502K(162780K)->149468K(162780K) NonClass: 129135K(136076K)->129106K(136076K) Class: 20367K(26704K)->20361K(26704K)
[36.114s][info][gc             ] GC(51) Pause Full (System.gc()) 324M->71M(1024M) 73.980ms
[36.114s][info][gc,cpu         ] GC(51) User=0.06s Sys=0.00s Real=0.08s
[36.513s][info][gc,start       ] GC(52) Pause Young (Normal) (G1 Evacuation Pause)
[36.513s][info][gc,task        ] GC(52) Using 6 workers of 6 for evacuation
[36.516s][info][gc,phases      ] GC(52)   Pre Evacuate Collection Set: 0.0ms
[36.516s][info][gc,phases      ] GC(52)   Evacuate Collection Set: 2.1ms
[36.516s][info][gc,phases      ] GC(52)   Post Evacuate Collection Set: 0.7ms
[36.516s][info][gc,phases      ] GC(52)   Other: 0.2ms
[36.516s][info][gc,heap        ] GC(52) Eden regions: 614->0(609)
[36.516s][info][gc,heap        ] GC(52) Survivor regions: 0->5(77)
[36.516s][info][gc,heap        ] GC(52) Old regions: 49->49
[36.516s][info][gc,heap        ] GC(52) Humongous regions: 79->25
[36.516s][info][gc,metaspace   ] GC(52) Metaspace: 149749K(163036K)->149749K(163036K) NonClass: 129383K(136332K)->129383K(136332K) Class: 20366K(26704K)->20366K(26704K)
[36.516s][info][gc             ] GC(52) Pause Young (Normal) (G1 Evacuation Pause) 739M->75M(1024M) 3.104ms
[36.516s][info][gc,cpu         ] GC(52) User=0.00s Sys=0.00s Real=0.00s
[36.773s][info][gc,start       ] GC(53) Pause Young (Normal) (G1 Evacuation Pause)
[36.773s][info][gc,task        ] GC(53) Using 6 workers of 6 for evacuation
[36.778s][info][gc,phases      ] GC(53)   Pre Evacuate Collection Set: 0.0ms
[36.778s][info][gc,phases      ] GC(53)   Evacuate Collection Set: 3.7ms
[36.778s][info][gc,phases      ] GC(53)   Post Evacuate Collection Set: 0.7ms
[36.778s][info][gc,phases      ] GC(53)   Other: 0.3ms
[36.778s][info][gc,heap        ] GC(53) Eden regions: 609->0(597)
[36.778s][info][gc,heap        ] GC(53) Survivor regions: 5->17(77)
[36.778s][info][gc,heap        ] GC(53) Old regions: 49->49
[36.778s][info][gc,heap        ] GC(53) Humongous regions: 57->25
[36.778s][info][gc,metaspace   ] GC(53) Metaspace: 149766K(163036K)->149766K(163036K) NonClass: 129400K(136332K)->129400K(136332K) Class: 20366K(26704K)->20366K(26704K)
[36.778s][info][gc             ] GC(53) Pause Young (Normal) (G1 Evacuation Pause) 716M->88M(1024M) 4.735ms
[36.778s][info][gc,cpu         ] GC(53) User=0.00s Sys=0.00s Real=0.00s
[36.966s][info][gc,task        ] GC(54) Using 6 workers of 6 for full compaction
[36.966s][info][gc,start       ] GC(54) Pause Full (System.gc())
[36.968s][info][gc,phases,start] GC(54) Phase 1: Mark live objects
[37.002s][info][gc,stringtable ] GC(54) Cleaned string and symbol table, strings: 42168 processed, 50 removed, symbols: 306674 processed, 21 removed
[37.002s][info][gc,phases      ] GC(54) Phase 1: Mark live objects 34.457ms
[37.002s][info][gc,phases,start] GC(54) Phase 2: Prepare for compaction
[37.005s][info][gc,phases      ] GC(54) Phase 2: Prepare for compaction 3.028ms
[37.005s][info][gc,phases,start] GC(54) Phase 3: Adjust pointers
[37.021s][info][gc,phases      ] GC(54) Phase 3: Adjust pointers 15.988ms
[37.021s][info][gc,phases,start] GC(54) Phase 4: Compact heap
[37.024s][info][gc,phases      ] GC(54) Phase 4: Compact heap 2.907ms
[37.039s][info][gc,heap        ] GC(54) Eden regions: 193->0(614)
[37.039s][info][gc,heap        ] GC(54) Survivor regions: 17->0(77)
[37.039s][info][gc,heap        ] GC(54) Old regions: 49->51
[37.039s][info][gc,heap        ] GC(54) Humongous regions: 69->25
[37.039s][info][gc,metaspace   ] GC(54) Metaspace: 149794K(163036K)->149763K(163036K) NonClass: 129427K(136332K)->129401K(136332K) Class: 20366K(26704K)->20362K(26704K)
[37.039s][info][gc             ] GC(54) Pause Full (System.gc()) 324M->71M(1024M) 72.881ms
[37.039s][info][gc,cpu         ] GC(54) User=0.06s Sys=0.00s Real=0.08s
[37.438s][info][gc,start       ] GC(55) Pause Young (Normal) (G1 Evacuation Pause)
[37.438s][info][gc,task        ] GC(55) Using 6 workers of 6 for evacuation
[37.441s][info][gc,phases      ] GC(55)   Pre Evacuate Collection Set: 0.0ms
[37.441s][info][gc,phases      ] GC(55)   Evacuate Collection Set: 2.1ms
[37.441s][info][gc,phases      ] GC(55)   Post Evacuate Collection Set: 0.7ms
[37.441s][info][gc,phases      ] GC(55)   Other: 0.2ms
[37.441s][info][gc,heap        ] GC(55) Eden regions: 614->0(609)
[37.441s][info][gc,heap        ] GC(55) Survivor regions: 0->5(77)
[37.441s][info][gc,heap        ] GC(55) Old regions: 51->51
[37.441s][info][gc,heap        ] GC(55) Humongous regions: 79->25
[37.441s][info][gc,metaspace   ] GC(55) Metaspace: 149883K(163036K)->149883K(163036K) NonClass: 129516K(136332K)->129516K(136332K) Class: 20367K(26704K)->20367K(26704K)
[37.441s][info][gc             ] GC(55) Pause Young (Normal) (G1 Evacuation Pause) 739M->76M(1024M) 3.107ms
[37.441s][info][gc,cpu         ] GC(55) User=0.00s Sys=0.00s Real=0.00s
[37.699s][info][gc,start       ] GC(56) Pause Young (Normal) (G1 Evacuation Pause)
[37.699s][info][gc,task        ] GC(56) Using 6 workers of 6 for evacuation
[37.704s][info][gc,phases      ] GC(56)   Pre Evacuate Collection Set: 0.0ms
[37.704s][info][gc,phases      ] GC(56)   Evacuate Collection Set: 3.7ms
[37.704s][info][gc,phases      ] GC(56)   Post Evacuate Collection Set: 0.7ms
[37.704s][info][gc,phases      ] GC(56)   Other: 0.3ms
[37.704s][info][gc,heap        ] GC(56) Eden regions: 609->0(597)
[37.704s][info][gc,heap        ] GC(56) Survivor regions: 5->17(77)
[37.704s][info][gc,heap        ] GC(56) Old regions: 51->51
[37.704s][info][gc,heap        ] GC(56) Humongous regions: 57->25
[37.704s][info][gc,metaspace   ] GC(56) Metaspace: 149921K(163292K)->149921K(163292K) NonClass: 129554K(136588K)->129554K(136588K) Class: 20367K(26704K)->20367K(26704K)
[37.704s][info][gc             ] GC(56) Pause Young (Normal) (G1 Evacuation Pause) 717M->87M(1024M) 4.791ms
[37.704s][info][gc,cpu         ] GC(56) User=0.00s Sys=0.00s Real=0.00s
[37.884s][info][gc,task        ] GC(57) Using 6 workers of 6 for full compaction
[37.885s][info][gc,start       ] GC(57) Pause Full (System.gc())
[37.887s][info][gc,phases,start] GC(57) Phase 1: Mark live objects
[37.928s][info][gc,stringtable ] GC(57) Cleaned string and symbol table, strings: 42383 processed, 50 removed, symbols: 306677 processed, 22 removed
[37.928s][info][gc,phases      ] GC(57) Phase 1: Mark live objects 41.672ms
[37.928s][info][gc,phases,start] GC(57) Phase 2: Prepare for compaction
[37.932s][info][gc,phases      ] GC(57) Phase 2: Prepare for compaction 3.345ms
[37.932s][info][gc,phases,start] GC(57) Phase 3: Adjust pointers
[37.948s][info][gc,phases      ] GC(57) Phase 3: Adjust pointers 16.417ms
[37.948s][info][gc,phases,start] GC(57) Phase 4: Compact heap
[37.951s][info][gc,phases      ] GC(57) Phase 4: Compact heap 2.943ms
[37.966s][info][gc,heap        ] GC(57) Eden regions: 191->0(614)
[37.966s][info][gc,heap        ] GC(57) Survivor regions: 17->0(77)
[37.966s][info][gc,heap        ] GC(57) Old regions: 51->49
[37.966s][info][gc,heap        ] GC(57) Humongous regions: 69->25
[37.966s][info][gc,metaspace   ] GC(57) Metaspace: 149955K(163292K)->149925K(163292K) NonClass: 129588K(136588K)->129562K(136588K) Class: 20367K(26704K)->20362K(26704K)
[37.966s][info][gc             ] GC(57) Pause Full (System.gc()) 322M->71M(1024M) 81.394ms
[37.966s][info][gc,cpu         ] GC(57) User=0.05s Sys=0.00s Real=0.09s
[38.351s][info][gc,start       ] GC(58) Pause Young (Normal) (G1 Evacuation Pause)
[38.351s][info][gc,task        ] GC(58) Using 6 workers of 6 for evacuation
[38.354s][info][gc,phases      ] GC(58)   Pre Evacuate Collection Set: 0.0ms
[38.354s][info][gc,phases      ] GC(58)   Evacuate Collection Set: 2.1ms
[38.354s][info][gc,phases      ] GC(58)   Post Evacuate Collection Set: 0.7ms
[38.354s][info][gc,phases      ] GC(58)   Other: 0.3ms
[38.354s][info][gc,heap        ] GC(58) Eden regions: 614->0(608)
[38.354s][info][gc,heap        ] GC(58) Survivor regions: 0->6(77)
[38.354s][info][gc,heap        ] GC(58) Old regions: 49->49
[38.354s][info][gc,heap        ] GC(58) Humongous regions: 79->25
[38.354s][info][gc,metaspace   ] GC(58) Metaspace: 150200K(163292K)->150200K(163292K) NonClass: 129806K(136588K)->129806K(136588K) Class: 20393K(26704K)->20393K(26704K)
[38.354s][info][gc             ] GC(58) Pause Young (Normal) (G1 Evacuation Pause) 739M->76M(1024M) 3.184ms
[38.354s][info][gc,cpu         ] GC(58) User=0.00s Sys=0.00s Real=0.00s
[38.608s][info][gc,start       ] GC(59) Pause Young (Normal) (G1 Evacuation Pause)
[38.609s][info][gc,task        ] GC(59) Using 6 workers of 6 for evacuation
[38.613s][info][gc,phases      ] GC(59)   Pre Evacuate Collection Set: 0.0ms
[38.613s][info][gc,phases      ] GC(59)   Evacuate Collection Set: 3.8ms
[38.613s][info][gc,phases      ] GC(59)   Post Evacuate Collection Set: 0.7ms
[38.613s][info][gc,phases      ] GC(59)   Other: 0.3ms
[38.613s][info][gc,heap        ] GC(59) Eden regions: 608->0(597)
[38.613s][info][gc,heap        ] GC(59) Survivor regions: 6->17(77)
[38.613s][info][gc,heap        ] GC(59) Old regions: 49->49
[38.613s][info][gc,heap        ] GC(59) Humongous regions: 57->25
[38.613s][info][gc,metaspace   ] GC(59) Metaspace: 150208K(163292K)->150208K(163292K) NonClass: 129814K(136588K)->129814K(136588K) Class: 20393K(26704K)->20393K(26704K)
[38.613s][info][gc             ] GC(59) Pause Young (Normal) (G1 Evacuation Pause) 716M->87M(1024M) 4.971ms
[38.614s][info][gc,cpu         ] GC(59) User=0.02s Sys=0.00s Real=0.02s
[38.796s][info][gc,task        ] GC(60) Using 6 workers of 6 for full compaction
[38.796s][info][gc,start       ] GC(60) Pause Full (System.gc())
[38.798s][info][gc,phases,start] GC(60) Phase 1: Mark live objects
[38.835s][info][gc,stringtable ] GC(60) Cleaned string and symbol table, strings: 42472 processed, 50 removed, symbols: 306804 processed, 20 removed
[38.835s][info][gc,phases      ] GC(60) Phase 1: Mark live objects 36.313ms
[38.835s][info][gc,phases,start] GC(60) Phase 2: Prepare for compaction
[38.838s][info][gc,phases      ] GC(60) Phase 2: Prepare for compaction 3.218ms
[38.838s][info][gc,phases,start] GC(60) Phase 3: Adjust pointers
[38.855s][info][gc,phases      ] GC(60) Phase 3: Adjust pointers 16.995ms
[38.855s][info][gc,phases,start] GC(60) Phase 4: Compact heap
[38.858s][info][gc,phases      ] GC(60) Phase 4: Compact heap 3.098ms
[38.873s][info][gc,heap        ] GC(60) Eden regions: 195->0(614)
[38.874s][info][gc,heap        ] GC(60) Survivor regions: 17->0(77)
[38.874s][info][gc,heap        ] GC(60) Old regions: 49->50
[38.874s][info][gc,heap        ] GC(60) Humongous regions: 69->25
[38.874s][info][gc,metaspace   ] GC(60) Metaspace: 150249K(163292K)->150218K(163292K) NonClass: 129845K(136588K)->129819K(136588K) Class: 20403K(26704K)->20399K(26704K)
[38.874s][info][gc             ] GC(60) Pause Full (System.gc()) 326M->71M(1024M) 77.066ms
[38.874s][info][gc,cpu         ] GC(60) User=0.05s Sys=0.00s Real=0.08s
[39.251s][info][gc,start       ] GC(61) Pause Young (Normal) (G1 Evacuation Pause)
[39.251s][info][gc,task        ] GC(61) Using 6 workers of 6 for evacuation
[39.255s][info][gc,phases      ] GC(61)   Pre Evacuate Collection Set: 0.0ms
[39.255s][info][gc,phases      ] GC(61)   Evacuate Collection Set: 2.3ms
[39.255s][info][gc,phases      ] GC(61)   Post Evacuate Collection Set: 0.7ms
[39.255s][info][gc,phases      ] GC(61)   Other: 0.3ms
[39.255s][info][gc,heap        ] GC(61) Eden regions: 614->0(609)
[39.255s][info][gc,heap        ] GC(61) Survivor regions: 0->5(77)
[39.255s][info][gc,heap        ] GC(61) Old regions: 50->50
[39.255s][info][gc,heap        ] GC(61) Humongous regions: 79->25
[39.255s][info][gc,metaspace   ] GC(61) Metaspace: 150554K(163548K)->150554K(163548K) NonClass: 130151K(136844K)->130151K(136844K) Class: 20403K(26704K)->20403K(26704K)
[39.255s][info][gc             ] GC(61) Pause Young (Normal) (G1 Evacuation Pause) 739M->76M(1024M) 3.302ms
[39.255s][info][gc,cpu         ] GC(61) User=0.02s Sys=0.00s Real=0.02s
[39.510s][info][gc,start       ] GC(62) Pause Young (Normal) (G1 Evacuation Pause)
[39.510s][info][gc,task        ] GC(62) Using 6 workers of 6 for evacuation
[39.514s][info][gc,phases      ] GC(62)   Pre Evacuate Collection Set: 0.0ms
[39.514s][info][gc,phases      ] GC(62)   Evacuate Collection Set: 3.8ms
[39.514s][info][gc,phases      ] GC(62)   Post Evacuate Collection Set: 0.7ms
[39.514s][info][gc,phases      ] GC(62)   Other: 0.3ms
[39.514s][info][gc,heap        ] GC(62) Eden regions: 609->0(597)
[39.514s][info][gc,heap        ] GC(62) Survivor regions: 5->17(77)
[39.514s][info][gc,heap        ] GC(62) Old regions: 50->50
[39.514s][info][gc,heap        ] GC(62) Humongous regions: 57->25
[39.514s][info][gc,metaspace   ] GC(62) Metaspace: 150574K(163548K)->150574K(163548K) NonClass: 130170K(136844K)->130170K(136844K) Class: 20403K(26704K)->20403K(26704K)
[39.514s][info][gc             ] GC(62) Pause Young (Normal) (G1 Evacuation Pause) 717M->88M(1024M) 4.878ms
[39.514s][info][gc,cpu         ] GC(62) User=0.00s Sys=0.00s Real=0.00s
[39.697s][info][gc,task        ] GC(63) Using 6 workers of 6 for full compaction
[39.697s][info][gc,start       ] GC(63) Pause Full (System.gc())
[39.699s][info][gc,phases,start] GC(63) Phase 1: Mark live objects
[39.735s][info][gc,stringtable ] GC(63) Cleaned string and symbol table, strings: 42492 processed, 50 removed, symbols: 306804 processed, 20 removed
[39.735s][info][gc,phases      ] GC(63) Phase 1: Mark live objects 36.292ms
[39.735s][info][gc,phases,start] GC(63) Phase 2: Prepare for compaction
[39.738s][info][gc,phases      ] GC(63) Phase 2: Prepare for compaction 3.172ms
[39.738s][info][gc,phases,start] GC(63) Phase 3: Adjust pointers
[39.756s][info][gc,phases      ] GC(63) Phase 3: Adjust pointers 17.517ms
[39.756s][info][gc,phases,start] GC(63) Phase 4: Compact heap
[39.759s][info][gc,phases      ] GC(63) Phase 4: Compact heap 3.455ms
[39.775s][info][gc,heap        ] GC(63) Eden regions: 192->0(614)
[39.775s][info][gc,heap        ] GC(63) Survivor regions: 17->0(77)
[39.775s][info][gc,heap        ] GC(63) Old regions: 50->49
[39.775s][info][gc,heap        ] GC(63) Humongous regions: 69->25
[39.775s][info][gc,metaspace   ] GC(63) Metaspace: 150588K(163804K)->150557K(163804K) NonClass: 130185K(137100K)->130158K(137100K) Class: 20403K(26704K)->20399K(26704K)
[39.775s][info][gc             ] GC(63) Pause Full (System.gc()) 323M->71M(1024M) 78.019ms
[39.775s][info][gc,cpu         ] GC(63) User=0.05s Sys=0.00s Real=0.08s
[40.156s][info][gc,start       ] GC(64) Pause Young (Normal) (G1 Evacuation Pause)
[40.156s][info][gc,task        ] GC(64) Using 6 workers of 6 for evacuation
[40.159s][info][gc,phases      ] GC(64)   Pre Evacuate Collection Set: 0.0ms
[40.159s][info][gc,phases      ] GC(64)   Evacuate Collection Set: 2.2ms
[40.159s][info][gc,phases      ] GC(64)   Post Evacuate Collection Set: 0.7ms
[40.159s][info][gc,phases      ] GC(64)   Other: 0.3ms
[40.159s][info][gc,heap        ] GC(64) Eden regions: 614->0(608)
[40.159s][info][gc,heap        ] GC(64) Survivor regions: 0->6(77)
[40.159s][info][gc,heap        ] GC(64) Old regions: 49->49
[40.159s][info][gc,heap        ] GC(64) Humongous regions: 79->25
[40.159s][info][gc,metaspace   ] GC(64) Metaspace: 150667K(163804K)->150667K(163804K) NonClass: 130262K(137100K)->130262K(137100K) Class: 20404K(26704K)->20404K(26704K)
[40.159s][info][gc             ] GC(64) Pause Young (Normal) (G1 Evacuation Pause) 739M->76M(1024M) 3.285ms
[40.159s][info][gc,cpu         ] GC(64) User=0.00s Sys=0.00s Real=0.00s
[40.414s][info][gc,start       ] GC(65) Pause Young (Normal) (G1 Evacuation Pause)
[40.414s][info][gc,task        ] GC(65) Using 6 workers of 6 for evacuation
[40.419s][info][gc,phases      ] GC(65)   Pre Evacuate Collection Set: 0.0ms
[40.419s][info][gc,phases      ] GC(65)   Evacuate Collection Set: 3.8ms
[40.419s][info][gc,phases      ] GC(65)   Post Evacuate Collection Set: 0.7ms
[40.419s][info][gc,phases      ] GC(65)   Other: 0.3ms
[40.419s][info][gc,heap        ] GC(65) Eden regions: 608->0(597)
[40.419s][info][gc,heap        ] GC(65) Survivor regions: 6->17(77)
[40.419s][info][gc,heap        ] GC(65) Old regions: 49->49
[40.419s][info][gc,heap        ] GC(65) Humongous regions: 57->25
[40.419s][info][gc,metaspace   ] GC(65) Metaspace: 150770K(163804K)->150770K(163804K) NonClass: 130365K(137100K)->130365K(137100K) Class: 20404K(26704K)->20404K(26704K)
[40.419s][info][gc             ] GC(65) Pause Young (Normal) (G1 Evacuation Pause) 716M->88M(1024M) 4.972ms
[40.419s][info][gc,cpu         ] GC(65) User=0.02s Sys=0.00s Real=0.02s
[40.603s][info][gc,task        ] GC(66) Using 6 workers of 6 for full compaction
[40.603s][info][gc,start       ] GC(66) Pause Full (System.gc())
[40.607s][info][gc,phases,start] GC(66) Phase 1: Mark live objects
[40.645s][info][gc,stringtable ] GC(66) Cleaned string and symbol table, strings: 42515 processed, 50 removed, symbols: 306807 processed, 20 removed
[40.645s][info][gc,phases      ] GC(66) Phase 1: Mark live objects 38.322ms
[40.645s][info][gc,phases,start] GC(66) Phase 2: Prepare for compaction
[40.649s][info][gc,phases      ] GC(66) Phase 2: Prepare for compaction 3.082ms
[40.649s][info][gc,phases,start] GC(66) Phase 3: Adjust pointers
[40.665s][info][gc,phases      ] GC(66) Phase 3: Adjust pointers 16.769ms
[40.665s][info][gc,phases,start] GC(66) Phase 4: Compact heap
[40.668s][info][gc,phases      ] GC(66) Phase 4: Compact heap 2.877ms
[40.683s][info][gc,heap        ] GC(66) Eden regions: 191->0(614)
[40.683s][info][gc,heap        ] GC(66) Survivor regions: 17->0(77)
[40.683s][info][gc,heap        ] GC(66) Old regions: 49->50
[40.683s][info][gc,heap        ] GC(66) Humongous regions: 69->25
[40.683s][info][gc,metaspace   ] GC(66) Metaspace: 150791K(163804K)->150761K(163804K) NonClass: 130387K(137100K)->130360K(137100K) Class: 20404K(26704K)->20400K(26704K)
[40.683s][info][gc             ] GC(66) Pause Full (System.gc()) 323M->71M(1024M) 80.793ms
[40.684s][info][gc,cpu         ] GC(66) User=0.03s Sys=0.00s Real=0.09s
[41.069s][info][gc,start       ] GC(67) Pause Young (Normal) (G1 Evacuation Pause)
[41.069s][info][gc,task        ] GC(67) Using 6 workers of 6 for evacuation
[41.072s][info][gc,phases      ] GC(67)   Pre Evacuate Collection Set: 0.0ms
[41.072s][info][gc,phases      ] GC(67)   Evacuate Collection Set: 2.0ms
[41.072s][info][gc,phases      ] GC(67)   Post Evacuate Collection Set: 0.7ms
[41.072s][info][gc,phases      ] GC(67)   Other: 0.2ms
[41.072s][info][gc,heap        ] GC(67) Eden regions: 614->0(609)
[41.072s][info][gc,heap        ] GC(67) Survivor regions: 0->5(77)
[41.072s][info][gc,heap        ] GC(67) Old regions: 50->50
[41.072s][info][gc,heap        ] GC(67) Humongous regions: 79->25
[41.072s][info][gc,metaspace   ] GC(67) Metaspace: 151015K(164060K)->151015K(164060K) NonClass: 130611K(137356K)->130611K(137356K) Class: 20404K(26704K)->20404K(26704K)
[41.072s][info][gc             ] GC(67) Pause Young (Normal) (G1 Evacuation Pause) 739M->76M(1024M) 2.998ms
[41.072s][info][gc,cpu         ] GC(67) User=0.00s Sys=0.00s Real=0.00s
[41.326s][info][gc,start       ] GC(68) Pause Young (Normal) (G1 Evacuation Pause)
[41.326s][info][gc,task        ] GC(68) Using 6 workers of 6 for evacuation
[41.331s][info][gc,phases      ] GC(68)   Pre Evacuate Collection Set: 0.0ms
[41.331s][info][gc,phases      ] GC(68)   Evacuate Collection Set: 3.8ms
[41.331s][info][gc,phases      ] GC(68)   Post Evacuate Collection Set: 0.7ms
[41.331s][info][gc,phases      ] GC(68)   Other: 0.3ms
[41.331s][info][gc,heap        ] GC(68) Eden regions: 609->0(597)
[41.331s][info][gc,heap        ] GC(68) Survivor regions: 5->17(77)
[41.331s][info][gc,heap        ] GC(68) Old regions: 50->50
[41.331s][info][gc,heap        ] GC(68) Humongous regions: 57->25
[41.331s][info][gc,metaspace   ] GC(68) Metaspace: 151020K(164060K)->151020K(164060K) NonClass: 130615K(137356K)->130615K(137356K) Class: 20404K(26704K)->20404K(26704K)
[41.331s][info][gc             ] GC(68) Pause Young (Normal) (G1 Evacuation Pause) 717M->88M(1024M) 4.916ms
[41.331s][info][gc,cpu         ] GC(68) User=0.02s Sys=0.00s Real=0.02s
[41.516s][info][gc,task        ] GC(69) Using 6 workers of 6 for full compaction
[41.516s][info][gc,start       ] GC(69) Pause Full (System.gc())
[41.518s][info][gc,phases,start] GC(69) Phase 1: Mark live objects
[41.554s][info][gc,stringtable ] GC(69) Cleaned string and symbol table, strings: 42541 processed, 50 removed, symbols: 306807 processed, 20 removed
[41.554s][info][gc,phases      ] GC(69) Phase 1: Mark live objects 35.986ms
[41.554s][info][gc,phases,start] GC(69) Phase 2: Prepare for compaction
[41.558s][info][gc,phases      ] GC(69) Phase 2: Prepare for compaction 3.125ms
[41.558s][info][gc,phases,start] GC(69) Phase 3: Adjust pointers
[41.575s][info][gc,phases      ] GC(69) Phase 3: Adjust pointers 17.072ms
[41.575s][info][gc,phases,start] GC(69) Phase 4: Compact heap
[41.578s][info][gc,phases      ] GC(69) Phase 4: Compact heap 2.861ms
[41.593s][info][gc,heap        ] GC(69) Eden regions: 192->0(614)
[41.593s][info][gc,heap        ] GC(69) Survivor regions: 17->0(77)
[41.593s][info][gc,heap        ] GC(69) Old regions: 50->49
[41.593s][info][gc,heap        ] GC(69) Humongous regions: 69->25
[41.593s][info][gc,metaspace   ] GC(69) Metaspace: 151020K(164060K)->150989K(164060K) NonClass: 130615K(137356K)->130588K(137356K) Class: 20404K(26704K)->20400K(26704K)
[41.593s][info][gc             ] GC(69) Pause Full (System.gc()) 323M->71M(1024M) 77.226ms
[41.593s][info][gc,cpu         ] GC(69) User=0.02s Sys=0.00s Real=0.07s
[41.997s][info][gc,start       ] GC(70) Pause Young (Normal) (G1 Evacuation Pause)
[41.997s][info][gc,task        ] GC(70) Using 6 workers of 6 for evacuation
[42.000s][info][gc,phases      ] GC(70)   Pre Evacuate Collection Set: 0.0ms
[42.000s][info][gc,phases      ] GC(70)   Evacuate Collection Set: 2.1ms
[42.000s][info][gc,phases      ] GC(70)   Post Evacuate Collection Set: 0.7ms
[42.000s][info][gc,phases      ] GC(70)   Other: 0.3ms
[42.000s][info][gc,heap        ] GC(70) Eden regions: 614->0(609)
[42.000s][info][gc,heap        ] GC(70) Survivor regions: 0->5(77)
[42.000s][info][gc,heap        ] GC(70) Old regions: 49->49
[42.000s][info][gc,heap        ] GC(70) Humongous regions: 79->25
[42.000s][info][gc,metaspace   ] GC(70) Metaspace: 151140K(164316K)->151140K(164316K) NonClass: 130735K(137612K)->130735K(137612K) Class: 20404K(26704K)->20404K(26704K)
[42.000s][info][gc             ] GC(70) Pause Young (Normal) (G1 Evacuation Pause) 739M->76M(1024M) 3.168ms
[42.000s][info][gc,cpu         ] GC(70) User=0.00s Sys=0.00s Real=0.00s
[42.256s][info][gc,start       ] GC(71) Pause Young (Normal) (G1 Evacuation Pause)
[42.256s][info][gc,task        ] GC(71) Using 6 workers of 6 for evacuation
[42.261s][info][gc,phases      ] GC(71)   Pre Evacuate Collection Set: 0.0ms
[42.261s][info][gc,phases      ] GC(71)   Evacuate Collection Set: 3.7ms
[42.261s][info][gc,phases      ] GC(71)   Post Evacuate Collection Set: 0.8ms
[42.261s][info][gc,phases      ] GC(71)   Other: 0.3ms
[42.261s][info][gc,heap        ] GC(71) Eden regions: 609->0(597)
[42.261s][info][gc,heap        ] GC(71) Survivor regions: 5->17(77)
[42.261s][info][gc,heap        ] GC(71) Old regions: 49->49
[42.261s][info][gc,heap        ] GC(71) Humongous regions: 57->25
[42.261s][info][gc,metaspace   ] GC(71) Metaspace: 151150K(164316K)->151150K(164316K) NonClass: 130745K(137612K)->130745K(137612K) Class: 20404K(26704K)->20404K(26704K)
[42.261s][info][gc             ] GC(71) Pause Young (Normal) (G1 Evacuation Pause) 717M->88M(1024M) 4.820ms
[42.261s][info][gc,cpu         ] GC(71) User=0.00s Sys=0.00s Real=0.00s
[42.445s][info][gc,task        ] GC(72) Using 6 workers of 6 for full compaction
[42.445s][info][gc,start       ] GC(72) Pause Full (System.gc())
[42.447s][info][gc,phases,start] GC(72) Phase 1: Mark live objects
[42.484s][info][gc,stringtable ] GC(72) Cleaned string and symbol table, strings: 42556 processed, 50 removed, symbols: 306807 processed, 20 removed
[42.484s][info][gc,phases      ] GC(72) Phase 1: Mark live objects 37.209ms
[42.484s][info][gc,phases,start] GC(72) Phase 2: Prepare for compaction
[42.487s][info][gc,phases      ] GC(72) Phase 2: Prepare for compaction 3.039ms
[42.487s][info][gc,phases,start] GC(72) Phase 3: Adjust pointers
[42.507s][info][gc,phases      ] GC(72) Phase 3: Adjust pointers 19.751ms
[42.507s][info][gc,phases,start] GC(72) Phase 4: Compact heap
[42.510s][info][gc,phases      ] GC(72) Phase 4: Compact heap 2.877ms
[42.525s][info][gc,heap        ] GC(72) Eden regions: 189->0(614)
[42.525s][info][gc,heap        ] GC(72) Survivor regions: 17->0(77)
[42.525s][info][gc,heap        ] GC(72) Old regions: 49->50
[42.525s][info][gc,heap        ] GC(72) Humongous regions: 69->25
[42.525s][info][gc,metaspace   ] GC(72) Metaspace: 151156K(164316K)->151125K(164316K) NonClass: 130751K(137612K)->130724K(137612K) Class: 20404K(26704K)->20400K(26704K)
[42.525s][info][gc             ] GC(72) Pause Full (System.gc()) 321M->71M(1024M) 80.430ms
[42.526s][info][gc,cpu         ] GC(72) User=0.03s Sys=0.00s Real=0.08s
[42.904s][info][gc,start       ] GC(73) Pause Young (Normal) (G1 Evacuation Pause)
[42.904s][info][gc,task        ] GC(73) Using 6 workers of 6 for evacuation
[42.907s][info][gc,phases      ] GC(73)   Pre Evacuate Collection Set: 0.0ms
[42.907s][info][gc,phases      ] GC(73)   Evacuate Collection Set: 2.3ms
[42.907s][info][gc,phases      ] GC(73)   Post Evacuate Collection Set: 0.8ms
[42.907s][info][gc,phases      ] GC(73)   Other: 0.3ms
[42.907s][info][gc,heap        ] GC(73) Eden regions: 614->0(608)
[42.907s][info][gc,heap        ] GC(73) Survivor regions: 0->6(77)
[42.907s][info][gc,heap        ] GC(73) Old regions: 50->50
[42.907s][info][gc,heap        ] GC(73) Humongous regions: 79->25
[42.907s][info][gc,metaspace   ] GC(73) Metaspace: 151212K(164316K)->151212K(164316K) NonClass: 130807K(137612K)->130807K(137612K) Class: 20404K(26704K)->20404K(26704K)
[42.907s][info][gc             ] GC(73) Pause Young (Normal) (G1 Evacuation Pause) 739M->77M(1024M) 3.455ms
[42.907s][info][gc,cpu         ] GC(73) User=0.00s Sys=0.00s Real=0.00s
[43.160s][info][gc,start       ] GC(74) Pause Young (Normal) (G1 Evacuation Pause)
[43.160s][info][gc,task        ] GC(74) Using 6 workers of 6 for evacuation
[43.165s][info][gc,phases      ] GC(74)   Pre Evacuate Collection Set: 0.0ms
[43.165s][info][gc,phases      ] GC(74)   Evacuate Collection Set: 3.8ms
[43.165s][info][gc,phases      ] GC(74)   Post Evacuate Collection Set: 0.7ms
[43.165s][info][gc,phases      ] GC(74)   Other: 0.3ms
[43.165s][info][gc,heap        ] GC(74) Eden regions: 608->0(597)
[43.165s][info][gc,heap        ] GC(74) Survivor regions: 6->17(77)
[43.165s][info][gc,heap        ] GC(74) Old regions: 50->50
[43.165s][info][gc,heap        ] GC(74) Humongous regions: 57->25
[43.165s][info][gc,metaspace   ] GC(74) Metaspace: 151216K(164316K)->151216K(164316K) NonClass: 130811K(137612K)->130811K(137612K) Class: 20404K(26704K)->20404K(26704K)
[43.165s][info][gc             ] GC(74) Pause Young (Normal) (G1 Evacuation Pause) 717M->88M(1024M) 4.859ms
[43.165s][info][gc,cpu         ] GC(74) User=0.02s Sys=0.00s Real=0.02s
[43.347s][info][gc,task        ] GC(75) Using 6 workers of 6 for full compaction
[43.347s][info][gc,start       ] GC(75) Pause Full (System.gc())
[43.349s][info][gc,phases,start] GC(75) Phase 1: Mark live objects
[43.387s][info][gc,stringtable ] GC(75) Cleaned string and symbol table, strings: 42595 processed, 50 removed, symbols: 306807 processed, 20 removed
[43.387s][info][gc,phases      ] GC(75) Phase 1: Mark live objects 38.433ms
[43.387s][info][gc,phases,start] GC(75) Phase 2: Prepare for compaction
[43.391s][info][gc,phases      ] GC(75) Phase 2: Prepare for compaction 3.071ms
[43.391s][info][gc,phases,start] GC(75) Phase 3: Adjust pointers
[43.408s][info][gc,phases      ] GC(75) Phase 3: Adjust pointers 17.194ms
[43.408s][info][gc,phases,start] GC(75) Phase 4: Compact heap
[43.411s][info][gc,phases      ] GC(75) Phase 4: Compact heap 2.766ms
[43.426s][info][gc,heap        ] GC(75) Eden regions: 191->0(614)
[43.426s][info][gc,heap        ] GC(75) Survivor regions: 17->0(77)
[43.426s][info][gc,heap        ] GC(75) Old regions: 50->52
[43.426s][info][gc,heap        ] GC(75) Humongous regions: 69->25
[43.426s][info][gc,metaspace   ] GC(75) Metaspace: 151219K(164316K)->151188K(164316K) NonClass: 130814K(137612K)->130788K(137612K) Class: 20404K(26704K)->20400K(26704K)
[43.426s][info][gc             ] GC(75) Pause Full (System.gc()) 323M->71M(1024M) 79.564ms
[43.427s][info][gc,cpu         ] GC(75) User=0.03s Sys=0.00s Real=0.08s
[43.799s][info][gc,start       ] GC(76) Pause Young (Normal) (G1 Evacuation Pause)
[43.799s][info][gc,task        ] GC(76) Using 6 workers of 6 for evacuation
[43.802s][info][gc,phases      ] GC(76)   Pre Evacuate Collection Set: 0.0ms
[43.802s][info][gc,phases      ] GC(76)   Evacuate Collection Set: 2.1ms
[43.802s][info][gc,phases      ] GC(76)   Post Evacuate Collection Set: 0.7ms
[43.802s][info][gc,phases      ] GC(76)   Other: 0.3ms
[43.802s][info][gc,heap        ] GC(76) Eden regions: 614->0(609)
[43.802s][info][gc,heap        ] GC(76) Survivor regions: 0->5(77)
[43.802s][info][gc,heap        ] GC(76) Old regions: 52->52
[43.802s][info][gc,heap        ] GC(76) Humongous regions: 79->25
[43.802s][info][gc,metaspace   ] GC(76) Metaspace: 151411K(164572K)->151411K(164572K) NonClass: 131004K(137868K)->131004K(137868K) Class: 20406K(26704K)->20406K(26704K)
[43.802s][info][gc             ] GC(76) Pause Young (Normal) (G1 Evacuation Pause) 739M->76M(1024M) 3.122ms
[43.802s][info][gc,cpu         ] GC(76) User=0.00s Sys=0.00s Real=0.00s
[44.059s][info][gc,start       ] GC(77) Pause Young (Normal) (G1 Evacuation Pause)
[44.059s][info][gc,task        ] GC(77) Using 6 workers of 6 for evacuation
[44.064s][info][gc,phases      ] GC(77)   Pre Evacuate Collection Set: 0.0ms
[44.064s][info][gc,phases      ] GC(77)   Evacuate Collection Set: 3.9ms
[44.064s][info][gc,phases      ] GC(77)   Post Evacuate Collection Set: 0.7ms
[44.064s][info][gc,phases      ] GC(77)   Other: 0.3ms
[44.064s][info][gc,heap        ] GC(77) Eden regions: 609->0(597)
[44.064s][info][gc,heap        ] GC(77) Survivor regions: 5->17(77)
[44.064s][info][gc,heap        ] GC(77) Old regions: 52->52
[44.064s][info][gc,heap        ] GC(77) Humongous regions: 57->25
[44.064s][info][gc,metaspace   ] GC(77) Metaspace: 151466K(164572K)->151466K(164572K) NonClass: 131053K(137868K)->131053K(137868K) Class: 20412K(26704K)->20412K(26704K)
[44.064s][info][gc             ] GC(77) Pause Young (Normal) (G1 Evacuation Pause) 717M->88M(1024M) 4.929ms
[44.064s][info][gc,cpu         ] GC(77) User=0.02s Sys=0.00s Real=0.02s
[44.246s][info][gc,task        ] GC(78) Using 6 workers of 6 for full compaction
[44.246s][info][gc,start       ] GC(78) Pause Full (System.gc())
[44.248s][info][gc,phases,start] GC(78) Phase 1: Mark live objects
[44.286s][info][gc,stringtable ] GC(78) Cleaned string and symbol table, strings: 42640 processed, 50 removed, symbols: 306812 processed, 21 removed
[44.286s][info][gc,phases      ] GC(78) Phase 1: Mark live objects 37.972ms
[44.286s][info][gc,phases,start] GC(78) Phase 2: Prepare for compaction
[44.289s][info][gc,phases      ] GC(78) Phase 2: Prepare for compaction 3.173ms
[44.289s][info][gc,phases,start] GC(78) Phase 3: Adjust pointers
[44.307s][info][gc,phases      ] GC(78) Phase 3: Adjust pointers 17.911ms
[44.307s][info][gc,phases,start] GC(78) Phase 4: Compact heap
[44.310s][info][gc,phases      ] GC(78) Phase 4: Compact heap 2.911ms
[44.326s][info][gc,heap        ] GC(78) Eden regions: 190->0(614)
[44.326s][info][gc,heap        ] GC(78) Survivor regions: 17->0(77)
[44.326s][info][gc,heap        ] GC(78) Old regions: 52->50
[44.326s][info][gc,heap        ] GC(78) Humongous regions: 69->25
[44.326s][info][gc,metaspace   ] GC(78) Metaspace: 151491K(164572K)->151454K(164572K) NonClass: 131077K(137868K)->131046K(137868K) Class: 20414K(26704K)->20408K(26704K)
[44.326s][info][gc             ] GC(78) Pause Full (System.gc()) 322M->72M(1024M) 80.473ms
[44.326s][info][gc,cpu         ] GC(78) User=0.05s Sys=0.00s Real=0.08s
[44.693s][info][gc,start       ] GC(79) Pause Young (Normal) (G1 Evacuation Pause)
[44.693s][info][gc,task        ] GC(79) Using 6 workers of 6 for evacuation
[44.696s][info][gc,phases      ] GC(79)   Pre Evacuate Collection Set: 0.0ms
[44.696s][info][gc,phases      ] GC(79)   Evacuate Collection Set: 2.2ms
[44.696s][info][gc,phases      ] GC(79)   Post Evacuate Collection Set: 0.7ms
[44.696s][info][gc,phases      ] GC(79)   Other: 0.3ms
[44.696s][info][gc,heap        ] GC(79) Eden regions: 614->0(608)
[44.696s][info][gc,heap        ] GC(79) Survivor regions: 0->6(77)
[44.696s][info][gc,heap        ] GC(79) Old regions: 50->50
[44.696s][info][gc,heap        ] GC(79) Humongous regions: 79->25
[44.696s][info][gc,metaspace   ] GC(79) Metaspace: 151566K(164572K)->151566K(164572K) NonClass: 131153K(137868K)->131153K(137868K) Class: 20413K(26704K)->20413K(26704K)
[44.696s][info][gc             ] GC(79) Pause Young (Normal) (G1 Evacuation Pause) 740M->77M(1024M) 3.349ms
[44.696s][info][gc,cpu         ] GC(79) User=0.00s Sys=0.00s Real=0.00s
[44.955s][info][gc,start       ] GC(80) Pause Young (Normal) (G1 Evacuation Pause)
[44.955s][info][gc,task        ] GC(80) Using 6 workers of 6 for evacuation
[44.960s][info][gc,phases      ] GC(80)   Pre Evacuate Collection Set: 0.0ms
[44.960s][info][gc,phases      ] GC(80)   Evacuate Collection Set: 3.7ms
[44.960s][info][gc,phases      ] GC(80)   Post Evacuate Collection Set: 0.7ms
[44.960s][info][gc,phases      ] GC(80)   Other: 0.4ms
[44.960s][info][gc,heap        ] GC(80) Eden regions: 608->0(597)
[44.960s][info][gc,heap        ] GC(80) Survivor regions: 6->17(77)
[44.960s][info][gc,heap        ] GC(80) Old regions: 50->50
[44.960s][info][gc,heap        ] GC(80) Humongous regions: 57->25
[44.960s][info][gc,metaspace   ] GC(80) Metaspace: 151586K(164572K)->151586K(164572K) NonClass: 131173K(137868K)->131173K(137868K) Class: 20413K(26704K)->20413K(26704K)
[44.960s][info][gc             ] GC(80) Pause Young (Normal) (G1 Evacuation Pause) 717M->88M(1024M) 4.955ms
[44.960s][info][gc,cpu         ] GC(80) User=0.00s Sys=0.00s Real=0.00s
[45.141s][info][gc,task        ] GC(81) Using 6 workers of 6 for full compaction
[45.141s][info][gc,start       ] GC(81) Pause Full (System.gc())
[45.143s][info][gc,phases,start] GC(81) Phase 1: Mark live objects
[45.181s][info][gc,stringtable ] GC(81) Cleaned string and symbol table, strings: 42682 processed, 50 removed, symbols: 306812 processed, 20 removed
[45.181s][info][gc,phases      ] GC(81) Phase 1: Mark live objects 37.857ms
[45.181s][info][gc,phases,start] GC(81) Phase 2: Prepare for compaction
[45.184s][info][gc,phases      ] GC(81) Phase 2: Prepare for compaction 3.038ms
[45.184s][info][gc,phases,start] GC(81) Phase 3: Adjust pointers
[45.202s][info][gc,phases      ] GC(81) Phase 3: Adjust pointers 17.913ms
[45.202s][info][gc,phases,start] GC(81) Phase 4: Compact heap
[45.205s][info][gc,phases      ] GC(81) Phase 4: Compact heap 3.128ms
[45.221s][info][gc,heap        ] GC(81) Eden regions: 191->0(614)
[45.221s][info][gc,heap        ] GC(81) Survivor regions: 17->0(77)
[45.221s][info][gc,heap        ] GC(81) Old regions: 50->51
[45.221s][info][gc,heap        ] GC(81) Humongous regions: 69->25
[45.221s][info][gc,metaspace   ] GC(81) Metaspace: 151593K(164572K)->151562K(164572K) NonClass: 131180K(137868K)->131153K(137868K) Class: 20413K(26704K)->20408K(26704K)
[45.221s][info][gc             ] GC(81) Pause Full (System.gc()) 323M->72M(1024M) 80.635ms
[45.222s][info][gc,cpu         ] GC(81) User=0.05s Sys=0.00s Real=0.09s
[45.604s][info][gc,start       ] GC(82) Pause Young (Normal) (G1 Evacuation Pause)
[45.604s][info][gc,task        ] GC(82) Using 6 workers of 6 for evacuation
[45.607s][info][gc,phases      ] GC(82)   Pre Evacuate Collection Set: 0.0ms
[45.607s][info][gc,phases      ] GC(82)   Evacuate Collection Set: 2.1ms
[45.607s][info][gc,phases      ] GC(82)   Post Evacuate Collection Set: 0.7ms
[45.607s][info][gc,phases      ] GC(82)   Other: 0.3ms
[45.608s][info][gc,heap        ] GC(82) Eden regions: 614->0(609)
[45.608s][info][gc,heap        ] GC(82) Survivor regions: 0->5(77)
[45.608s][info][gc,heap        ] GC(82) Old regions: 51->51
[45.608s][info][gc,heap        ] GC(82) Humongous regions: 79->25
[45.608s][info][gc,metaspace   ] GC(82) Metaspace: 151748K(164828K)->151748K(164828K) NonClass: 131335K(138124K)->131335K(138124K) Class: 20413K(26704K)->20413K(26704K)
[45.608s][info][gc             ] GC(82) Pause Young (Normal) (G1 Evacuation Pause) 740M->77M(1024M) 3.195ms
[45.608s][info][gc,cpu         ] GC(82) User=0.00s Sys=0.00s Real=0.00s
[45.863s][info][gc,start       ] GC(83) Pause Young (Normal) (G1 Evacuation Pause)
[45.863s][info][gc,task        ] GC(83) Using 6 workers of 6 for evacuation
[45.868s][info][gc,phases      ] GC(83)   Pre Evacuate Collection Set: 0.0ms
[45.868s][info][gc,phases      ] GC(83)   Evacuate Collection Set: 3.9ms
[45.868s][info][gc,phases      ] GC(83)   Post Evacuate Collection Set: 0.8ms
[45.868s][info][gc,phases      ] GC(83)   Other: 0.3ms
[45.868s][info][gc,heap        ] GC(83) Eden regions: 609->0(597)
[45.868s][info][gc,heap        ] GC(83) Survivor regions: 5->17(77)
[45.868s][info][gc,heap        ] GC(83) Old regions: 51->51
[45.868s][info][gc,heap        ] GC(83) Humongous regions: 57->25
[45.868s][info][gc,metaspace   ] GC(83) Metaspace: 151761K(164828K)->151761K(164828K) NonClass: 131348K(138124K)->131348K(138124K) Class: 20413K(26704K)->20413K(26704K)
[45.868s][info][gc             ] GC(83) Pause Young (Normal) (G1 Evacuation Pause) 718M->89M(1024M) 5.026ms
[45.868s][info][gc,cpu         ] GC(83) User=0.02s Sys=0.00s Real=0.01s
[46.047s][info][gc,task        ] GC(84) Using 6 workers of 6 for full compaction
[46.047s][info][gc,start       ] GC(84) Pause Full (System.gc())
[46.051s][info][gc,phases,start] GC(84) Phase 1: Mark live objects
[46.089s][info][gc,stringtable ] GC(84) Cleaned string and symbol table, strings: 42692 processed, 50 removed, symbols: 306812 processed, 20 removed
[46.089s][info][gc,phases      ] GC(84) Phase 1: Mark live objects 38.106ms
[46.089s][info][gc,phases,start] GC(84) Phase 2: Prepare for compaction
[46.092s][info][gc,phases      ] GC(84) Phase 2: Prepare for compaction 3.148ms
[46.092s][info][gc,phases,start] GC(84) Phase 3: Adjust pointers
[46.110s][info][gc,phases      ] GC(84) Phase 3: Adjust pointers 18.174ms
[46.110s][info][gc,phases,start] GC(84) Phase 4: Compact heap
[46.114s][info][gc,phases      ] GC(84) Phase 4: Compact heap 3.253ms
[46.130s][info][gc,heap        ] GC(84) Eden regions: 189->0(614)
[46.130s][info][gc,heap        ] GC(84) Survivor regions: 17->0(77)
[46.130s][info][gc,heap        ] GC(84) Old regions: 51->51
[46.130s][info][gc,heap        ] GC(84) Humongous regions: 69->25
[46.130s][info][gc,metaspace   ] GC(84) Metaspace: 151771K(164828K)->151740K(164828K) NonClass: 131358K(138124K)->131332K(138124K) Class: 20413K(26704K)->20408K(26704K)
[46.130s][info][gc             ] GC(84) Pause Full (System.gc()) 321M->72M(1024M) 82.840ms
[46.130s][info][gc,cpu         ] GC(84) User=0.05s Sys=0.00s Real=0.08s
[46.504s][info][gc,start       ] GC(85) Pause Young (Normal) (G1 Evacuation Pause)
[46.504s][info][gc,task        ] GC(85) Using 6 workers of 6 for evacuation
[46.507s][info][gc,phases      ] GC(85)   Pre Evacuate Collection Set: 0.0ms
[46.507s][info][gc,phases      ] GC(85)   Evacuate Collection Set: 2.2ms
[46.507s][info][gc,phases      ] GC(85)   Post Evacuate Collection Set: 0.7ms
[46.507s][info][gc,phases      ] GC(85)   Other: 0.3ms
[46.507s][info][gc,heap        ] GC(85) Eden regions: 614->0(609)
[46.507s][info][gc,heap        ] GC(85) Survivor regions: 0->5(77)
[46.507s][info][gc,heap        ] GC(85) Old regions: 51->51
[46.507s][info][gc,heap        ] GC(85) Humongous regions: 79->25
[46.507s][info][gc,metaspace   ] GC(85) Metaspace: 151806K(164828K)->151806K(164828K) NonClass: 131393K(138124K)->131393K(138124K) Class: 20413K(26704K)->20413K(26704K)
[46.507s][info][gc             ] GC(85) Pause Young (Normal) (G1 Evacuation Pause) 740M->77M(1024M) 3.198ms
[46.507s][info][gc,cpu         ] GC(85) User=0.00s Sys=0.00s Real=0.00s
[46.761s][info][gc,start       ] GC(86) Pause Young (Normal) (G1 Evacuation Pause)
[46.761s][info][gc,task        ] GC(86) Using 6 workers of 6 for evacuation
[46.766s][info][gc,phases      ] GC(86)   Pre Evacuate Collection Set: 0.0ms
[46.766s][info][gc,phases      ] GC(86)   Evacuate Collection Set: 3.7ms
[46.766s][info][gc,phases      ] GC(86)   Post Evacuate Collection Set: 0.7ms
[46.766s][info][gc,phases      ] GC(86)   Other: 0.3ms
[46.766s][info][gc,heap        ] GC(86) Eden regions: 609->0(597)
[46.766s][info][gc,heap        ] GC(86) Survivor regions: 5->17(77)
[46.766s][info][gc,heap        ] GC(86) Old regions: 51->51
[46.766s][info][gc,heap        ] GC(86) Humongous regions: 57->25
[46.766s][info][gc,metaspace   ] GC(86) Metaspace: 151809K(164828K)->151809K(164828K) NonClass: 131396K(138124K)->131396K(138124K) Class: 20413K(26704K)->20413K(26704K)
[46.766s][info][gc             ] GC(86) Pause Young (Normal) (G1 Evacuation Pause) 718M->89M(1024M) 4.729ms
[46.766s][info][gc,cpu         ] GC(86) User=0.00s Sys=0.00s Real=0.00s
[46.951s][info][gc,task        ] GC(87) Using 6 workers of 6 for full compaction
[46.951s][info][gc,start       ] GC(87) Pause Full (System.gc())
[46.953s][info][gc,phases,start] GC(87) Phase 1: Mark live objects
[46.990s][info][gc,stringtable ] GC(87) Cleaned string and symbol table, strings: 42712 processed, 50 removed, symbols: 306812 processed, 20 removed
[46.990s][info][gc,phases      ] GC(87) Phase 1: Mark live objects 37.571ms
[46.990s][info][gc,phases,start] GC(87) Phase 2: Prepare for compaction
[46.993s][info][gc,phases      ] GC(87) Phase 2: Prepare for compaction 3.031ms
[46.993s][info][gc,phases,start] GC(87) Phase 3: Adjust pointers
[47.012s][info][gc,phases      ] GC(87) Phase 3: Adjust pointers 18.135ms
[47.012s][info][gc,phases,start] GC(87) Phase 4: Compact heap
[47.014s][info][gc,phases      ] GC(87) Phase 4: Compact heap 2.821ms
[47.032s][info][gc,heap        ] GC(87) Eden regions: 189->0(614)
[47.032s][info][gc,heap        ] GC(87) Survivor regions: 17->0(77)
[47.032s][info][gc,heap        ] GC(87) Old regions: 51->51
[47.032s][info][gc,heap        ] GC(87) Humongous regions: 69->25
[47.032s][info][gc,metaspace   ] GC(87) Metaspace: 151810K(164828K)->151779K(164828K) NonClass: 131397K(138124K)->131371K(138124K) Class: 20413K(26704K)->20408K(26704K)
[47.032s][info][gc             ] GC(87) Pause Full (System.gc()) 321M->72M(1024M) 81.091ms
[47.032s][info][gc,cpu         ] GC(87) User=0.00s Sys=0.00s Real=0.08s
[47.400s][info][gc,start       ] GC(88) Pause Young (Normal) (G1 Evacuation Pause)
[47.400s][info][gc,task        ] GC(88) Using 6 workers of 6 for evacuation
[47.403s][info][gc,phases      ] GC(88)   Pre Evacuate Collection Set: 0.0ms
[47.403s][info][gc,phases      ] GC(88)   Evacuate Collection Set: 2.4ms
[47.403s][info][gc,phases      ] GC(88)   Post Evacuate Collection Set: 0.8ms
[47.403s][info][gc,phases      ] GC(88)   Other: 0.4ms
[47.403s][info][gc,heap        ] GC(88) Eden regions: 614->0(609)
[47.403s][info][gc,heap        ] GC(88) Survivor regions: 0->5(77)
[47.403s][info][gc,heap        ] GC(88) Old regions: 51->51
[47.403s][info][gc,heap        ] GC(88) Humongous regions: 79->25
[47.403s][info][gc,metaspace   ] GC(88) Metaspace: 151957K(165084K)->151957K(165084K) NonClass: 131544K(138380K)->131544K(138380K) Class: 20413K(26704K)->20413K(26704K)
[47.403s][info][gc             ] GC(88) Pause Young (Normal) (G1 Evacuation Pause) 740M->77M(1024M) 3.636ms
[47.403s][info][gc,cpu         ] GC(88) User=0.00s Sys=0.00s Real=0.00s
[47.660s][info][gc,start       ] GC(89) Pause Young (Normal) (G1 Evacuation Pause)
[47.660s][info][gc,task        ] GC(89) Using 6 workers of 6 for evacuation
[47.665s][info][gc,phases      ] GC(89)   Pre Evacuate Collection Set: 0.0ms
[47.665s][info][gc,phases      ] GC(89)   Evacuate Collection Set: 3.7ms
[47.665s][info][gc,phases      ] GC(89)   Post Evacuate Collection Set: 0.7ms
[47.665s][info][gc,phases      ] GC(89)   Other: 0.3ms
[47.665s][info][gc,heap        ] GC(89) Eden regions: 609->0(597)
[47.665s][info][gc,heap        ] GC(89) Survivor regions: 5->17(77)
[47.665s][info][gc,heap        ] GC(89) Old regions: 51->51
[47.665s][info][gc,heap        ] GC(89) Humongous regions: 57->25
[47.665s][info][gc,metaspace   ] GC(89) Metaspace: 151967K(165084K)->151967K(165084K) NonClass: 131554K(138380K)->131554K(138380K) Class: 20413K(26704K)->20413K(26704K)
[47.665s][info][gc             ] GC(89) Pause Young (Normal) (G1 Evacuation Pause) 718M->89M(1024M) 4.830ms
[47.665s][info][gc,cpu         ] GC(89) User=0.00s Sys=0.00s Real=0.00s
[47.849s][info][gc,task        ] GC(90) Using 6 workers of 6 for full compaction
[47.849s][info][gc,start       ] GC(90) Pause Full (System.gc())
[47.851s][info][gc,phases,start] GC(90) Phase 1: Mark live objects
[47.890s][info][gc,stringtable ] GC(90) Cleaned string and symbol table, strings: 42735 processed, 50 removed, symbols: 306813 processed, 21 removed
[47.890s][info][gc,phases      ] GC(90) Phase 1: Mark live objects 38.578ms
[47.890s][info][gc,phases,start] GC(90) Phase 2: Prepare for compaction
[47.893s][info][gc,phases      ] GC(90) Phase 2: Prepare for compaction 3.124ms
[47.893s][info][gc,phases,start] GC(90) Phase 3: Adjust pointers
[47.911s][info][gc,phases      ] GC(90) Phase 3: Adjust pointers 18.300ms
[47.911s][info][gc,phases,start] GC(90) Phase 4: Compact heap
[47.915s][info][gc,phases      ] GC(90) Phase 4: Compact heap 3.407ms
[47.933s][info][gc,heap        ] GC(90) Eden regions: 189->0(614)
[47.933s][info][gc,heap        ] GC(90) Survivor regions: 17->0(77)
[47.933s][info][gc,heap        ] GC(90) Old regions: 51->52
[47.933s][info][gc,heap        ] GC(90) Humongous regions: 69->25
[47.933s][info][gc,metaspace   ] GC(90) Metaspace: 152012K(165084K)->151981K(165084K) NonClass: 131599K(138380K)->131572K(138380K) Class: 20413K(26704K)->20408K(26704K)
[47.933s][info][gc             ] GC(90) Pause Full (System.gc()) 322M->72M(1024M) 83.174ms
[47.933s][info][gc,cpu         ] GC(90) User=0.05s Sys=0.02s Real=0.08s
[48.297s][info][gc,start       ] GC(91) Pause Young (Normal) (G1 Evacuation Pause)
[48.297s][info][gc,task        ] GC(91) Using 6 workers of 6 for evacuation
[48.300s][info][gc,phases      ] GC(91)   Pre Evacuate Collection Set: 0.0ms
[48.300s][info][gc,phases      ] GC(91)   Evacuate Collection Set: 2.2ms
[48.300s][info][gc,phases      ] GC(91)   Post Evacuate Collection Set: 0.9ms
[48.300s][info][gc,phases      ] GC(91)   Other: 0.3ms
[48.300s][info][gc,heap        ] GC(91) Eden regions: 614->0(609)
[48.300s][info][gc,heap        ] GC(91) Survivor regions: 0->5(77)
[48.300s][info][gc,heap        ] GC(91) Old regions: 52->52
[48.300s][info][gc,heap        ] GC(91) Humongous regions: 79->25
[48.300s][info][gc,metaspace   ] GC(91) Metaspace: 152137K(165084K)->152137K(165084K) NonClass: 131724K(138380K)->131724K(138380K) Class: 20413K(26704K)->20413K(26704K)
[48.300s][info][gc             ] GC(91) Pause Young (Normal) (G1 Evacuation Pause) 740M->77M(1024M) 3.462ms
[48.300s][info][gc,cpu         ] GC(91) User=0.00s Sys=0.02s Real=0.00s
[48.555s][info][gc,start       ] GC(92) Pause Young (Normal) (G1 Evacuation Pause)
[48.555s][info][gc,task        ] GC(92) Using 6 workers of 6 for evacuation
[48.560s][info][gc,phases      ] GC(92)   Pre Evacuate Collection Set: 0.0ms
[48.560s][info][gc,phases      ] GC(92)   Evacuate Collection Set: 3.7ms
[48.560s][info][gc,phases      ] GC(92)   Post Evacuate Collection Set: 0.7ms
[48.560s][info][gc,phases      ] GC(92)   Other: 0.3ms
[48.560s][info][gc,heap        ] GC(92) Eden regions: 609->0(597)
[48.560s][info][gc,heap        ] GC(92) Survivor regions: 5->17(77)
[48.560s][info][gc,heap        ] GC(92) Old regions: 52->52
[48.560s][info][gc,heap        ] GC(92) Humongous regions: 57->25
[48.560s][info][gc,metaspace   ] GC(92) Metaspace: 152163K(165084K)->152163K(165084K) NonClass: 131749K(138380K)->131749K(138380K) Class: 20413K(26704K)->20413K(26704K)
[48.560s][info][gc             ] GC(92) Pause Young (Normal) (G1 Evacuation Pause) 718M->89M(1024M) 4.853ms
[48.560s][info][gc,cpu         ] GC(92) User=0.00s Sys=0.00s Real=0.00s
[48.745s][info][gc,task        ] GC(93) Using 6 workers of 6 for full compaction
[48.745s][info][gc,start       ] GC(93) Pause Full (System.gc())
[48.748s][info][gc,phases,start] GC(93) Phase 1: Mark live objects
[48.790s][info][gc,stringtable ] GC(93) Cleaned string and symbol table, strings: 42777 processed, 50 removed, symbols: 306814 processed, 20 removed
[48.790s][info][gc,phases      ] GC(93) Phase 1: Mark live objects 42.033ms
[48.790s][info][gc,phases,start] GC(93) Phase 2: Prepare for compaction
[48.793s][info][gc,phases      ] GC(93) Phase 2: Prepare for compaction 3.309ms
[48.793s][info][gc,phases,start] GC(93) Phase 3: Adjust pointers
[48.812s][info][gc,phases      ] GC(93) Phase 3: Adjust pointers 18.848ms
[48.812s][info][gc,phases,start] GC(93) Phase 4: Compact heap
[48.815s][info][gc,phases      ] GC(93) Phase 4: Compact heap 2.882ms
[48.832s][info][gc,heap        ] GC(93) Eden regions: 192->0(614)
[48.832s][info][gc,heap        ] GC(93) Survivor regions: 17->0(77)
[48.832s][info][gc,heap        ] GC(93) Old regions: 52->52
[48.832s][info][gc,heap        ] GC(93) Humongous regions: 69->25
[48.832s][info][gc,metaspace   ] GC(93) Metaspace: 152175K(165084K)->152144K(165084K) NonClass: 131761K(138380K)->131735K(138380K) Class: 20413K(26704K)->20409K(26704K)
[48.832s][info][gc             ] GC(93) Pause Full (System.gc()) 324M->72M(1024M) 87.146ms
[48.833s][info][gc,cpu         ] GC(93) User=0.06s Sys=0.00s Real=0.09s
[49.208s][info][gc,start       ] GC(94) Pause Young (Normal) (G1 Evacuation Pause)
[49.208s][info][gc,task        ] GC(94) Using 6 workers of 6 for evacuation
[49.211s][info][gc,phases      ] GC(94)   Pre Evacuate Collection Set: 0.0ms
[49.211s][info][gc,phases      ] GC(94)   Evacuate Collection Set: 2.2ms
[49.211s][info][gc,phases      ] GC(94)   Post Evacuate Collection Set: 0.7ms
[49.211s][info][gc,phases      ] GC(94)   Other: 0.4ms
[49.211s][info][gc,heap        ] GC(94) Eden regions: 614->0(608)
[49.211s][info][gc,heap        ] GC(94) Survivor regions: 0->6(77)
[49.211s][info][gc,heap        ] GC(94) Old regions: 52->52
[49.211s][info][gc,heap        ] GC(94) Humongous regions: 79->25
[49.211s][info][gc,metaspace   ] GC(94) Metaspace: 152277K(165340K)->152277K(165340K) NonClass: 131863K(138636K)->131863K(138636K) Class: 20413K(26704K)->20413K(26704K)
[49.211s][info][gc             ] GC(94) Pause Young (Normal) (G1 Evacuation Pause) 740M->78M(1024M) 3.371ms
[49.211s][info][gc,cpu         ] GC(94) User=0.02s Sys=0.00s Real=0.01s
[49.467s][info][gc,start       ] GC(95) Pause Young (Normal) (G1 Evacuation Pause)
[49.467s][info][gc,task        ] GC(95) Using 6 workers of 6 for evacuation
[49.472s][info][gc,phases      ] GC(95)   Pre Evacuate Collection Set: 0.0ms
[49.472s][info][gc,phases      ] GC(95)   Evacuate Collection Set: 3.6ms
[49.472s][info][gc,phases      ] GC(95)   Post Evacuate Collection Set: 0.7ms
[49.472s][info][gc,phases      ] GC(95)   Other: 0.3ms
[49.472s][info][gc,heap        ] GC(95) Eden regions: 608->0(597)
[49.472s][info][gc,heap        ] GC(95) Survivor regions: 6->17(77)
[49.472s][info][gc,heap        ] GC(95) Old regions: 52->52
[49.472s][info][gc,heap        ] GC(95) Humongous regions: 57->25
[49.472s][info][gc,metaspace   ] GC(95) Metaspace: 152284K(165340K)->152284K(165340K) NonClass: 131870K(138636K)->131870K(138636K) Class: 20413K(26704K)->20413K(26704K)
[49.472s][info][gc             ] GC(95) Pause Young (Normal) (G1 Evacuation Pause) 718M->89M(1024M) 4.718ms
[49.472s][info][gc,cpu         ] GC(95) User=0.00s Sys=0.00s Real=0.00s
[49.653s][info][gc,task        ] GC(96) Using 6 workers of 6 for full compaction
[49.653s][info][gc,start       ] GC(96) Pause Full (System.gc())
[49.655s][info][gc,phases,start] GC(96) Phase 1: Mark live objects
[49.694s][info][gc,stringtable ] GC(96) Cleaned string and symbol table, strings: 42798 processed, 50 removed, symbols: 306814 processed, 20 removed
[49.694s][info][gc,phases      ] GC(96) Phase 1: Mark live objects 38.651ms
[49.694s][info][gc,phases,start] GC(96) Phase 2: Prepare for compaction
[49.697s][info][gc,phases      ] GC(96) Phase 2: Prepare for compaction 3.233ms
[49.697s][info][gc,phases,start] GC(96) Phase 3: Adjust pointers
[49.719s][info][gc,phases      ] GC(96) Phase 3: Adjust pointers 21.964ms
[49.719s][info][gc,phases,start] GC(96) Phase 4: Compact heap
[49.722s][info][gc,phases      ] GC(96) Phase 4: Compact heap 2.624ms
[49.739s][info][gc,heap        ] GC(96) Eden regions: 191->0(614)
[49.739s][info][gc,heap        ] GC(96) Survivor regions: 17->0(77)
[49.739s][info][gc,heap        ] GC(96) Old regions: 52->51
[49.739s][info][gc,heap        ] GC(96) Humongous regions: 69->25
[49.739s][info][gc,metaspace   ] GC(96) Metaspace: 152291K(165340K)->152260K(165340K) NonClass: 131877K(138636K)->131851K(138636K) Class: 20413K(26704K)->20409K(26704K)
[49.739s][info][gc             ] GC(96) Pause Full (System.gc()) 323M->72M(1024M) 85.672ms
[49.739s][info][gc,cpu         ] GC(96) User=0.06s Sys=0.00s Real=0.08s
[50.110s][info][gc,start       ] GC(97) Pause Young (Normal) (G1 Evacuation Pause)
[50.110s][info][gc,task        ] GC(97) Using 6 workers of 6 for evacuation
[50.113s][info][gc,phases      ] GC(97)   Pre Evacuate Collection Set: 0.0ms
[50.113s][info][gc,phases      ] GC(97)   Evacuate Collection Set: 2.1ms
[50.113s][info][gc,phases      ] GC(97)   Post Evacuate Collection Set: 0.7ms
[50.113s][info][gc,phases      ] GC(97)   Other: 0.3ms
[50.113s][info][gc,heap        ] GC(97) Eden regions: 614->0(609)
[50.113s][info][gc,heap        ] GC(97) Survivor regions: 0->5(77)
[50.113s][info][gc,heap        ] GC(97) Old regions: 51->51
[50.113s][info][gc,heap        ] GC(97) Humongous regions: 79->25
[50.113s][info][gc,metaspace   ] GC(97) Metaspace: 152436K(165340K)->152436K(165340K) NonClass: 132022K(138636K)->132022K(138636K) Class: 20414K(26704K)->20414K(26704K)
[50.113s][info][gc             ] GC(97) Pause Young (Normal) (G1 Evacuation Pause) 740M->77M(1024M) 3.225ms
[50.113s][info][gc,cpu         ] GC(97) User=0.00s Sys=0.00s Real=0.00s
[50.365s][info][gc,start       ] GC(98) Pause Young (Normal) (G1 Evacuation Pause)
[50.365s][info][gc,task        ] GC(98) Using 6 workers of 6 for evacuation
[50.369s][info][gc,phases      ] GC(98)   Pre Evacuate Collection Set: 0.0ms
[50.370s][info][gc,phases      ] GC(98)   Evacuate Collection Set: 3.7ms
[50.370s][info][gc,phases      ] GC(98)   Post Evacuate Collection Set: 0.7ms
[50.370s][info][gc,phases      ] GC(98)   Other: 0.3ms
[50.370s][info][gc,heap        ] GC(98) Eden regions: 609->0(597)
[50.370s][info][gc,heap        ] GC(98) Survivor regions: 5->17(77)
[50.370s][info][gc,heap        ] GC(98) Old regions: 51->51
[50.370s][info][gc,heap        ] GC(98) Humongous regions: 57->25
[50.370s][info][gc,metaspace   ] GC(98) Metaspace: 152444K(165596K)->152444K(165596K) NonClass: 132030K(138892K)->132030K(138892K) Class: 20414K(26704K)->20414K(26704K)
[50.370s][info][gc             ] GC(98) Pause Young (Normal) (G1 Evacuation Pause) 718M->89M(1024M) 4.841ms
[50.370s][info][gc,cpu         ] GC(98) User=0.00s Sys=0.00s Real=0.00s
[50.554s][info][gc,task        ] GC(99) Using 6 workers of 6 for full compaction
[50.554s][info][gc,start       ] GC(99) Pause Full (System.gc())
[50.556s][info][gc,phases,start] GC(99) Phase 1: Mark live objects
[50.594s][info][gc,stringtable ] GC(99) Cleaned string and symbol table, strings: 42879 processed, 50 removed, symbols: 306816 processed, 20 removed
[50.594s][info][gc,phases      ] GC(99) Phase 1: Mark live objects 38.429ms
[50.594s][info][gc,phases,start] GC(99) Phase 2: Prepare for compaction
[50.597s][info][gc,phases      ] GC(99) Phase 2: Prepare for compaction 3.143ms
[50.597s][info][gc,phases,start] GC(99) Phase 3: Adjust pointers
[50.616s][info][gc,phases      ] GC(99) Phase 3: Adjust pointers 19.155ms
[50.616s][info][gc,phases,start] GC(99) Phase 4: Compact heap
[50.619s][info][gc,phases      ] GC(99) Phase 4: Compact heap 2.914ms
[50.637s][info][gc,heap        ] GC(99) Eden regions: 189->0(614)
[50.637s][info][gc,heap        ] GC(99) Survivor regions: 17->0(77)
[50.637s][info][gc,heap        ] GC(99) Old regions: 51->52
[50.637s][info][gc,heap        ] GC(99) Humongous regions: 69->25
[50.637s][info][gc,metaspace   ] GC(99) Metaspace: 152476K(165596K)->152445K(165596K) NonClass: 132061K(138892K)->132035K(138892K) Class: 20414K(26704K)->20410K(26704K)
[50.637s][info][gc             ] GC(99) Pause Full (System.gc()) 322M->72M(1024M) 83.247ms
[50.637s][info][gc,cpu         ] GC(99) User=0.05s Sys=0.00s Real=0.08s
[51.000s][info][gc,start       ] GC(100) Pause Young (Normal) (G1 Evacuation Pause)
[51.000s][info][gc,task        ] GC(100) Using 6 workers of 6 for evacuation
[51.003s][info][gc,phases      ] GC(100)   Pre Evacuate Collection Set: 0.0ms
[51.003s][info][gc,phases      ] GC(100)   Evacuate Collection Set: 2.2ms
[51.003s][info][gc,phases      ] GC(100)   Post Evacuate Collection Set: 0.7ms
[51.003s][info][gc,phases      ] GC(100)   Other: 0.3ms
[51.003s][info][gc,heap        ] GC(100) Eden regions: 614->0(609)
[51.003s][info][gc,heap        ] GC(100) Survivor regions: 0->5(77)
[51.003s][info][gc,heap        ] GC(100) Old regions: 52->52
[51.003s][info][gc,heap        ] GC(100) Humongous regions: 79->25
[51.003s][info][gc,metaspace   ] GC(100) Metaspace: 152527K(165724K)->152527K(165724K) NonClass: 132112K(138892K)->132112K(138892K) Class: 20415K(26832K)->20415K(26832K)
[51.003s][info][gc             ] GC(100) Pause Young (Normal) (G1 Evacuation Pause) 740M->77M(1024M) 3.260ms
[51.003s][info][gc,cpu         ] GC(100) User=0.03s Sys=0.00s Real=0.02s
[51.256s][info][gc,start       ] GC(101) Pause Young (Normal) (G1 Evacuation Pause)
[51.256s][info][gc,task        ] GC(101) Using 6 workers of 6 for evacuation
[51.260s][info][gc,phases      ] GC(101)   Pre Evacuate Collection Set: 0.0ms
[51.260s][info][gc,phases      ] GC(101)   Evacuate Collection Set: 3.8ms
[51.260s][info][gc,phases      ] GC(101)   Post Evacuate Collection Set: 0.7ms
[51.260s][info][gc,phases      ] GC(101)   Other: 0.3ms
[51.260s][info][gc,heap        ] GC(101) Eden regions: 609->0(596)
[51.260s][info][gc,heap        ] GC(101) Survivor regions: 5->18(77)
[51.260s][info][gc,heap        ] GC(101) Old regions: 52->52
[51.261s][info][gc,heap        ] GC(101) Humongous regions: 57->25
[51.261s][info][gc,metaspace   ] GC(101) Metaspace: 152533K(165724K)->152533K(165724K) NonClass: 132118K(138892K)->132118K(138892K) Class: 20415K(26832K)->20415K(26832K)
[51.261s][info][gc             ] GC(101) Pause Young (Normal) (G1 Evacuation Pause) 718M->90M(1024M) 4.865ms
[51.261s][info][gc,cpu         ] GC(101) User=0.00s Sys=0.00s Real=0.00s
[51.442s][info][gc,task        ] GC(102) Using 6 workers of 6 for full compaction
[51.442s][info][gc,start       ] GC(102) Pause Full (System.gc())
[51.445s][info][gc,phases,start] GC(102) Phase 1: Mark live objects
[51.483s][info][gc,stringtable ] GC(102) Cleaned string and symbol table, strings: 42915 processed, 50 removed, symbols: 306820 processed, 20 removed
[51.483s][info][gc,phases      ] GC(102) Phase 1: Mark live objects 38.306ms
[51.483s][info][gc,phases,start] GC(102) Phase 2: Prepare for compaction
[51.487s][info][gc,phases      ] GC(102) Phase 2: Prepare for compaction 3.136ms
[51.487s][info][gc,phases,start] GC(102) Phase 3: Adjust pointers
[51.506s][info][gc,phases      ] GC(102) Phase 3: Adjust pointers 19.148ms
[51.506s][info][gc,phases,start] GC(102) Phase 4: Compact heap
[51.509s][info][gc,phases      ] GC(102) Phase 4: Compact heap 2.845ms
[51.527s][info][gc,heap        ] GC(102) Eden regions: 189->0(614)
[51.527s][info][gc,heap        ] GC(102) Survivor regions: 18->0(77)
[51.527s][info][gc,heap        ] GC(102) Old regions: 52->51
[51.527s][info][gc,heap        ] GC(102) Humongous regions: 69->25
[51.527s][info][gc,metaspace   ] GC(102) Metaspace: 152556K(165724K)->152525K(165724K) NonClass: 132140K(138892K)->132114K(138892K) Class: 20415K(26832K)->20410K(26832K)
[51.527s][info][gc             ] GC(102) Pause Full (System.gc()) 322M->72M(1024M) 84.683ms
[51.527s][info][gc,cpu         ] GC(102) User=0.03s Sys=0.00s Real=0.08s
[51.883s][info][gc,start       ] GC(103) Pause Young (Normal) (G1 Evacuation Pause)
[51.884s][info][gc,task        ] GC(103) Using 6 workers of 6 for evacuation
[51.887s][info][gc,phases      ] GC(103)   Pre Evacuate Collection Set: 0.0ms
[51.887s][info][gc,phases      ] GC(103)   Evacuate Collection Set: 2.1ms
[51.887s][info][gc,phases      ] GC(103)   Post Evacuate Collection Set: 0.7ms
[51.887s][info][gc,phases      ] GC(103)   Other: 0.3ms
[51.887s][info][gc,heap        ] GC(103) Eden regions: 614->0(609)
[51.887s][info][gc,heap        ] GC(103) Survivor regions: 0->5(77)
[51.887s][info][gc,heap        ] GC(103) Old regions: 51->51
[51.887s][info][gc,heap        ] GC(103) Humongous regions: 79->25
[51.887s][info][gc,metaspace   ] GC(103) Metaspace: 152585K(165724K)->152585K(165724K) NonClass: 132170K(138892K)->132170K(138892K) Class: 20415K(26832K)->20415K(26832K)
[51.887s][info][gc             ] GC(103) Pause Young (Normal) (G1 Evacuation Pause) 740M->77M(1024M) 3.198ms
[51.887s][info][gc,cpu         ] GC(103) User=0.00s Sys=0.00s Real=0.00s
[52.141s][info][gc,start       ] GC(104) Pause Young (Normal) (G1 Evacuation Pause)
[52.141s][info][gc,task        ] GC(104) Using 6 workers of 6 for evacuation
[52.146s][info][gc,phases      ] GC(104)   Pre Evacuate Collection Set: 0.0ms
[52.146s][info][gc,phases      ] GC(104)   Evacuate Collection Set: 3.9ms
[52.146s][info][gc,phases      ] GC(104)   Post Evacuate Collection Set: 0.8ms
[52.146s][info][gc,phases      ] GC(104)   Other: 0.3ms
[52.146s][info][gc,heap        ] GC(104) Eden regions: 609->0(596)
[52.146s][info][gc,heap        ] GC(104) Survivor regions: 5->18(77)
[52.146s][info][gc,heap        ] GC(104) Old regions: 51->51
[52.146s][info][gc,heap        ] GC(104) Humongous regions: 57->25
[52.146s][info][gc,metaspace   ] GC(104) Metaspace: 152591K(165724K)->152591K(165724K) NonClass: 132175K(138892K)->132175K(138892K) Class: 20415K(26832K)->20415K(26832K)
[52.146s][info][gc             ] GC(104) Pause Young (Normal) (G1 Evacuation Pause) 718M->90M(1024M) 5.010ms
[52.146s][info][gc,cpu         ] GC(104) User=0.02s Sys=0.00s Real=0.02s
[52.334s][info][gc,task        ] GC(105) Using 6 workers of 6 for full compaction
[52.334s][info][gc,start       ] GC(105) Pause Full (System.gc())
[52.336s][info][gc,phases,start] GC(105) Phase 1: Mark live objects
[52.374s][info][gc,stringtable ] GC(105) Cleaned string and symbol table, strings: 42934 processed, 50 removed, symbols: 306820 processed, 20 removed
[52.374s][info][gc,phases      ] GC(105) Phase 1: Mark live objects 38.187ms
[52.374s][info][gc,phases,start] GC(105) Phase 2: Prepare for compaction
[52.377s][info][gc,phases      ] GC(105) Phase 2: Prepare for compaction 3.123ms
[52.377s][info][gc,phases,start] GC(105) Phase 3: Adjust pointers
[52.397s][info][gc,phases      ] GC(105) Phase 3: Adjust pointers 19.794ms
[52.397s][info][gc,phases,start] GC(105) Phase 4: Compact heap
[52.400s][info][gc,phases      ] GC(105) Phase 4: Compact heap 2.680ms
[52.418s][info][gc,heap        ] GC(105) Eden regions: 190->0(614)
[52.418s][info][gc,heap        ] GC(105) Survivor regions: 18->0(77)
[52.418s][info][gc,heap        ] GC(105) Old regions: 51->51
[52.418s][info][gc,heap        ] GC(105) Humongous regions: 69->25
[52.418s][info][gc,metaspace   ] GC(105) Metaspace: 152595K(165724K)->152564K(165724K) NonClass: 132180K(138892K)->132153K(138892K) Class: 20415K(26832K)->20410K(26832K)
[52.418s][info][gc             ] GC(105) Pause Full (System.gc()) 323M->73M(1024M) 84.010ms
[52.418s][info][gc,cpu         ] GC(105) User=0.03s Sys=0.00s Real=0.08s
[52.786s][info][gc,start       ] GC(106) Pause Young (Normal) (G1 Evacuation Pause)
[52.786s][info][gc,task        ] GC(106) Using 6 workers of 6 for evacuation
[52.789s][info][gc,phases      ] GC(106)   Pre Evacuate Collection Set: 0.0ms
[52.789s][info][gc,phases      ] GC(106)   Evacuate Collection Set: 2.1ms
[52.789s][info][gc,phases      ] GC(106)   Post Evacuate Collection Set: 0.6ms
[52.789s][info][gc,phases      ] GC(106)   Other: 0.2ms
[52.789s][info][gc,heap        ] GC(106) Eden regions: 614->0(609)
[52.789s][info][gc,heap        ] GC(106) Survivor regions: 0->5(77)
[52.789s][info][gc,heap        ] GC(106) Old regions: 51->51
[52.789s][info][gc,heap        ] GC(106) Humongous regions: 79->25
[52.789s][info][gc,metaspace   ] GC(106) Metaspace: 152696K(165724K)->152696K(165724K) NonClass: 132281K(138892K)->132281K(138892K) Class: 20415K(26832K)->20415K(26832K)
[52.789s][info][gc             ] GC(106) Pause Young (Normal) (G1 Evacuation Pause) 741M->77M(1024M) 3.103ms
[52.789s][info][gc,cpu         ] GC(106) User=0.02s Sys=0.00s Real=0.02s
[53.041s][info][gc,start       ] GC(107) Pause Young (Normal) (G1 Evacuation Pause)
[53.041s][info][gc,task        ] GC(107) Using 6 workers of 6 for evacuation
[53.045s][info][gc,phases      ] GC(107)   Pre Evacuate Collection Set: 0.0ms
[53.045s][info][gc,phases      ] GC(107)   Evacuate Collection Set: 3.7ms
[53.045s][info][gc,phases      ] GC(107)   Post Evacuate Collection Set: 0.7ms
[53.045s][info][gc,phases      ] GC(107)   Other: 0.2ms
[53.045s][info][gc,heap        ] GC(107) Eden regions: 609->0(596)
[53.045s][info][gc,heap        ] GC(107) Survivor regions: 5->18(77)
[53.045s][info][gc,heap        ] GC(107) Old regions: 51->51
[53.045s][info][gc,heap        ] GC(107) Humongous regions: 57->25
[53.045s][info][gc,metaspace   ] GC(107) Metaspace: 152719K(165724K)->152719K(165724K) NonClass: 132303K(138892K)->132303K(138892K) Class: 20415K(26832K)->20415K(26832K)
[53.045s][info][gc             ] GC(107) Pause Young (Normal) (G1 Evacuation Pause) 718M->90M(1024M) 4.784ms
[53.045s][info][gc,cpu         ] GC(107) User=0.00s Sys=0.00s Real=0.00s
[53.225s][info][gc,task        ] GC(108) Using 6 workers of 6 for full compaction
[53.226s][info][gc,start       ] GC(108) Pause Full (System.gc())
[53.227s][info][gc,phases,start] GC(108) Phase 1: Mark live objects
[53.268s][info][gc,stringtable ] GC(108) Cleaned string and symbol table, strings: 43058 processed, 50 removed, symbols: 306820 processed, 20 removed
[53.268s][info][gc,phases      ] GC(108) Phase 1: Mark live objects 40.315ms
[53.268s][info][gc,phases,start] GC(108) Phase 2: Prepare for compaction
[53.271s][info][gc,phases      ] GC(108) Phase 2: Prepare for compaction 3.194ms
[53.271s][info][gc,phases,start] GC(108) Phase 3: Adjust pointers
[53.291s][info][gc,phases      ] GC(108) Phase 3: Adjust pointers 19.540ms
[53.291s][info][gc,phases,start] GC(108) Phase 4: Compact heap
[53.294s][info][gc,phases      ] GC(108) Phase 4: Compact heap 2.935ms
[53.312s][info][gc,heap        ] GC(108) Eden regions: 189->0(614)
[53.312s][info][gc,heap        ] GC(108) Survivor regions: 18->0(77)
[53.312s][info][gc,heap        ] GC(108) Old regions: 51->53
[53.312s][info][gc,heap        ] GC(108) Humongous regions: 69->25
[53.312s][info][gc,metaspace   ] GC(108) Metaspace: 152752K(165724K)->152721K(165724K) NonClass: 132336K(138892K)->132309K(138892K) Class: 20415K(26832K)->20411K(26832K)
[53.312s][info][gc             ] GC(108) Pause Full (System.gc()) 322M->73M(1024M) 86.489ms
[53.312s][info][gc,cpu         ] GC(108) User=0.08s Sys=0.00s Real=0.09s
[53.677s][info][gc,start       ] GC(109) Pause Young (Normal) (G1 Evacuation Pause)
[53.677s][info][gc,task        ] GC(109) Using 6 workers of 6 for evacuation
[53.680s][info][gc,phases      ] GC(109)   Pre Evacuate Collection Set: 0.0ms
[53.680s][info][gc,phases      ] GC(109)   Evacuate Collection Set: 2.0ms
[53.680s][info][gc,phases      ] GC(109)   Post Evacuate Collection Set: 0.7ms
[53.680s][info][gc,phases      ] GC(109)   Other: 0.3ms
[53.680s][info][gc,heap        ] GC(109) Eden regions: 614->0(609)
[53.680s][info][gc,heap        ] GC(109) Survivor regions: 0->5(77)
[53.680s][info][gc,heap        ] GC(109) Old regions: 53->53
[53.680s][info][gc,heap        ] GC(109) Humongous regions: 79->25
[53.680s][info][gc,metaspace   ] GC(109) Metaspace: 152792K(165724K)->152792K(165724K) NonClass: 132375K(138892K)->132375K(138892K) Class: 20416K(26832K)->20416K(26832K)
[53.680s][info][gc             ] GC(109) Pause Young (Normal) (G1 Evacuation Pause) 741M->78M(1024M) 3.085ms
[53.680s][info][gc,cpu         ] GC(109) User=0.00s Sys=0.00s Real=0.00s
[53.939s][info][gc,start       ] GC(110) Pause Young (Normal) (G1 Evacuation Pause)
[53.939s][info][gc,task        ] GC(110) Using 6 workers of 6 for evacuation
[53.943s][info][gc,phases      ] GC(110)   Pre Evacuate Collection Set: 0.0ms
[53.943s][info][gc,phases      ] GC(110)   Evacuate Collection Set: 3.7ms
[53.943s][info][gc,phases      ] GC(110)   Post Evacuate Collection Set: 0.7ms
[53.943s][info][gc,phases      ] GC(110)   Other: 0.3ms
[53.943s][info][gc,heap        ] GC(110) Eden regions: 609->0(596)
[53.943s][info][gc,heap        ] GC(110) Survivor regions: 5->18(77)
[53.943s][info][gc,heap        ] GC(110) Old regions: 53->53
[53.943s][info][gc,heap        ] GC(110) Humongous regions: 57->25
[53.944s][info][gc,metaspace   ] GC(110) Metaspace: 152793K(165724K)->152793K(165724K) NonClass: 132377K(138892K)->132377K(138892K) Class: 20416K(26832K)->20416K(26832K)
[53.944s][info][gc             ] GC(110) Pause Young (Normal) (G1 Evacuation Pause) 719M->90M(1024M) 4.814ms
[53.944s][info][gc,cpu         ] GC(110) User=0.00s Sys=0.00s Real=0.00s
[54.127s][info][gc,task        ] GC(111) Using 6 workers of 6 for full compaction
[54.127s][info][gc,start       ] GC(111) Pause Full (System.gc())
[54.129s][info][gc,phases,start] GC(111) Phase 1: Mark live objects
[54.169s][info][gc,stringtable ] GC(111) Cleaned string and symbol table, strings: 43070 processed, 50 removed, symbols: 306820 processed, 20 removed
[54.169s][info][gc,phases      ] GC(111) Phase 1: Mark live objects 39.886ms
[54.169s][info][gc,phases,start] GC(111) Phase 2: Prepare for compaction
[54.172s][info][gc,phases      ] GC(111) Phase 2: Prepare for compaction 3.267ms
[54.172s][info][gc,phases,start] GC(111) Phase 3: Adjust pointers
[54.192s][info][gc,phases      ] GC(111) Phase 3: Adjust pointers 19.753ms
[54.192s][info][gc,phases,start] GC(111) Phase 4: Compact heap
[54.195s][info][gc,phases      ] GC(111) Phase 4: Compact heap 2.950ms
[54.213s][info][gc,heap        ] GC(111) Eden regions: 190->0(614)
[54.214s][info][gc,heap        ] GC(111) Survivor regions: 18->0(77)
[54.214s][info][gc,heap        ] GC(111) Old regions: 53->52
[54.214s][info][gc,heap        ] GC(111) Humongous regions: 69->25
[54.214s][info][gc,metaspace   ] GC(111) Metaspace: 152795K(165724K)->152763K(165724K) NonClass: 132379K(138892K)->132351K(138892K) Class: 20416K(26832K)->20411K(26832K)
[54.214s][info][gc             ] GC(111) Pause Full (System.gc()) 323M->73M(1024M) 86.485ms
[54.214s][info][gc,cpu         ] GC(111) User=0.05s Sys=0.00s Real=0.09s
[54.572s][info][gc,start       ] GC(112) Pause Young (Normal) (G1 Evacuation Pause)
[54.573s][info][gc,task        ] GC(112) Using 6 workers of 6 for evacuation
[54.576s][info][gc,phases      ] GC(112)   Pre Evacuate Collection Set: 0.0ms
[54.576s][info][gc,phases      ] GC(112)   Evacuate Collection Set: 2.2ms
[54.576s][info][gc,phases      ] GC(112)   Post Evacuate Collection Set: 0.7ms
[54.576s][info][gc,phases      ] GC(112)   Other: 0.3ms
[54.576s][info][gc,heap        ] GC(112) Eden regions: 614->0(609)
[54.576s][info][gc,heap        ] GC(112) Survivor regions: 0->5(77)
[54.576s][info][gc,heap        ] GC(112) Old regions: 52->52
[54.576s][info][gc,heap        ] GC(112) Humongous regions: 79->25
[54.576s][info][gc,metaspace   ] GC(112) Metaspace: 152817K(165980K)->152817K(165980K) NonClass: 132401K(139148K)->132401K(139148K) Class: 20416K(26832K)->20416K(26832K)
[54.576s][info][gc             ] GC(112) Pause Young (Normal) (G1 Evacuation Pause) 741M->78M(1024M) 3.274ms
[54.576s][info][gc,cpu         ] GC(112) User=0.00s Sys=0.00s Real=0.00s
[54.827s][info][gc,start       ] GC(113) Pause Young (Normal) (G1 Evacuation Pause)
[54.827s][info][gc,task        ] GC(113) Using 6 workers of 6 for evacuation
[54.832s][info][gc,phases      ] GC(113)   Pre Evacuate Collection Set: 0.0ms
[54.832s][info][gc,phases      ] GC(113)   Evacuate Collection Set: 3.8ms
[54.832s][info][gc,phases      ] GC(113)   Post Evacuate Collection Set: 0.7ms
[54.832s][info][gc,phases      ] GC(113)   Other: 0.4ms
[54.832s][info][gc,heap        ] GC(113) Eden regions: 609->0(596)
[54.832s][info][gc,heap        ] GC(113) Survivor regions: 5->18(77)
[54.832s][info][gc,heap        ] GC(113) Old regions: 52->52
[54.832s][info][gc,heap        ] GC(113) Humongous regions: 57->25
[54.832s][info][gc,metaspace   ] GC(113) Metaspace: 152817K(165980K)->152817K(165980K) NonClass: 132401K(139148K)->132401K(139148K) Class: 20416K(26832K)->20416K(26832K)
[54.832s][info][gc             ] GC(113) Pause Young (Normal) (G1 Evacuation Pause) 719M->90M(1024M) 5.016ms
[54.832s][info][gc,cpu         ] GC(113) User=0.02s Sys=0.00s Real=0.02s
[55.006s][info][gc,task        ] GC(114) Using 6 workers of 6 for full compaction
[55.006s][info][gc,start       ] GC(114) Pause Full (System.gc())
[55.008s][info][gc,phases,start] GC(114) Phase 1: Mark live objects
[55.048s][info][gc,stringtable ] GC(114) Cleaned string and symbol table, strings: 43099 processed, 50 removed, symbols: 306820 processed, 20 removed
[55.048s][info][gc,phases      ] GC(114) Phase 1: Mark live objects 39.279ms
[55.048s][info][gc,phases,start] GC(114) Phase 2: Prepare for compaction
[55.051s][info][gc,phases      ] GC(114) Phase 2: Prepare for compaction 3.500ms
[55.051s][info][gc,phases,start] GC(114) Phase 3: Adjust pointers
[55.071s][info][gc,phases      ] GC(114) Phase 3: Adjust pointers 19.871ms
[55.071s][info][gc,phases,start] GC(114) Phase 4: Compact heap
[55.076s][info][gc,phases      ] GC(114) Phase 4: Compact heap 5.032ms
[55.094s][info][gc,heap        ] GC(114) Eden regions: 190->0(614)
[55.094s][info][gc,heap        ] GC(114) Survivor regions: 18->0(77)
[55.094s][info][gc,heap        ] GC(114) Old regions: 52->63
[55.094s][info][gc,heap        ] GC(114) Humongous regions: 69->25
[55.094s][info][gc,metaspace   ] GC(114) Metaspace: 152819K(165980K)->152788K(165980K) NonClass: 132402K(139148K)->132376K(139148K) Class: 20416K(26832K)->20411K(26832K)
[55.094s][info][gc             ] GC(114) Pause Full (System.gc()) 323M->84M(1024M) 87.961ms
[55.095s][info][gc,cpu         ] GC(114) User=0.05s Sys=0.00s Real=0.08s
[55.464s][info][gc,start       ] GC(115) Pause Young (Normal) (G1 Evacuation Pause)
[55.464s][info][gc,task        ] GC(115) Using 6 workers of 6 for evacuation
[55.467s][info][gc,phases      ] GC(115)   Pre Evacuate Collection Set: 0.0ms
[55.467s][info][gc,phases      ] GC(115)   Evacuate Collection Set: 2.0ms
[55.467s][info][gc,phases      ] GC(115)   Post Evacuate Collection Set: 0.7ms
[55.467s][info][gc,phases      ] GC(115)   Other: 0.3ms
[55.467s][info][gc,heap        ] GC(115) Eden regions: 614->0(609)
[55.467s][info][gc,heap        ] GC(115) Survivor regions: 0->5(77)
[55.467s][info][gc,heap        ] GC(115) Old regions: 63->63
[55.467s][info][gc,heap        ] GC(115) Humongous regions: 79->25
[55.467s][info][gc,metaspace   ] GC(115) Metaspace: 153001K(165980K)->153001K(165980K) NonClass: 132584K(139148K)->132584K(139148K) Class: 20416K(26832K)->20416K(26832K)
[55.467s][info][gc             ] GC(115) Pause Young (Normal) (G1 Evacuation Pause) 752M->89M(1024M) 3.029ms
[55.467s][info][gc,cpu         ] GC(115) User=0.00s Sys=0.00s Real=0.00s
[55.717s][info][gc,start       ] GC(116) Pause Young (Normal) (G1 Evacuation Pause)
[55.717s][info][gc,task        ] GC(116) Using 6 workers of 6 for evacuation
[55.722s][info][gc,phases      ] GC(116)   Pre Evacuate Collection Set: 0.0ms
[55.722s][info][gc,phases      ] GC(116)   Evacuate Collection Set: 3.7ms
[55.722s][info][gc,phases      ] GC(116)   Post Evacuate Collection Set: 0.7ms
[55.722s][info][gc,phases      ] GC(116)   Other: 0.4ms
[55.722s][info][gc,heap        ] GC(116) Eden regions: 609->0(597)
[55.722s][info][gc,heap        ] GC(116) Survivor regions: 5->17(77)
[55.722s][info][gc,heap        ] GC(116) Old regions: 63->63
[55.722s][info][gc,heap        ] GC(116) Humongous regions: 57->25
[55.722s][info][gc,metaspace   ] GC(116) Metaspace: 153014K(165980K)->153014K(165980K) NonClass: 132598K(139148K)->132598K(139148K) Class: 20416K(26832K)->20416K(26832K)
[55.722s][info][gc             ] GC(116) Pause Young (Normal) (G1 Evacuation Pause) 730M->101M(1024M) 4.842ms
[55.722s][info][gc,cpu         ] GC(116) User=0.00s Sys=0.00s Real=0.00s
[55.906s][info][gc,task        ] GC(117) Using 6 workers of 6 for full compaction
[55.906s][info][gc,start       ] GC(117) Pause Full (System.gc())
[55.909s][info][gc,phases,start] GC(117) Phase 1: Mark live objects
[55.950s][info][gc,stringtable ] GC(117) Cleaned string and symbol table, strings: 43101 processed, 50 removed, symbols: 306820 processed, 20 removed
[55.950s][info][gc,phases      ] GC(117) Phase 1: Mark live objects 40.571ms
[55.950s][info][gc,phases,start] GC(117) Phase 2: Prepare for compaction
[55.953s][info][gc,phases      ] GC(117) Phase 2: Prepare for compaction 3.159ms
[55.953s][info][gc,phases,start] GC(117) Phase 3: Adjust pointers
[55.972s][info][gc,phases      ] GC(117) Phase 3: Adjust pointers 18.979ms
[55.972s][info][gc,phases,start] GC(117) Phase 4: Compact heap
[55.975s][info][gc,phases      ] GC(117) Phase 4: Compact heap 2.772ms
[55.993s][info][gc,heap        ] GC(117) Eden regions: 189->0(614)
[55.993s][info][gc,heap        ] GC(117) Survivor regions: 17->0(77)
[55.993s][info][gc,heap        ] GC(117) Old regions: 63->54
[55.993s][info][gc,heap        ] GC(117) Humongous regions: 69->25
[55.993s][info][gc,metaspace   ] GC(117) Metaspace: 153062K(166236K)->153031K(166236K) NonClass: 132646K(139404K)->132619K(139404K) Class: 20416K(26832K)->20411K(26832K)
[55.993s][info][gc             ] GC(117) Pause Full (System.gc()) 333M->73M(1024M) 86.767ms
[55.993s][info][gc,cpu         ] GC(117) User=0.00s Sys=0.00s Real=0.09s
[56.363s][info][gc,start       ] GC(118) Pause Young (Normal) (G1 Evacuation Pause)
[56.363s][info][gc,task        ] GC(118) Using 6 workers of 6 for evacuation
[56.367s][info][gc,phases      ] GC(118)   Pre Evacuate Collection Set: 0.0ms
[56.367s][info][gc,phases      ] GC(118)   Evacuate Collection Set: 2.4ms
[56.367s][info][gc,phases      ] GC(118)   Post Evacuate Collection Set: 0.7ms
[56.367s][info][gc,phases      ] GC(118)   Other: 0.4ms
[56.367s][info][gc,heap        ] GC(118) Eden regions: 614->0(609)
[56.367s][info][gc,heap        ] GC(118) Survivor regions: 0->5(77)
[56.367s][info][gc,heap        ] GC(118) Old regions: 54->54
[56.367s][info][gc,heap        ] GC(118) Humongous regions: 79->25
[56.367s][info][gc,metaspace   ] GC(118) Metaspace: 153075K(166236K)->153075K(166236K) NonClass: 132659K(139404K)->132659K(139404K) Class: 20416K(26832K)->20416K(26832K)
[56.367s][info][gc             ] GC(118) Pause Young (Normal) (G1 Evacuation Pause) 741M->78M(1024M) 3.570ms
[56.367s][info][gc,cpu         ] GC(118) User=0.00s Sys=0.00s Real=0.00s
[56.625s][info][gc,start       ] GC(119) Pause Young (Normal) (G1 Evacuation Pause)
[56.625s][info][gc,task        ] GC(119) Using 6 workers of 6 for evacuation
[56.629s][info][gc,phases      ] GC(119)   Pre Evacuate Collection Set: 0.0ms
[56.629s][info][gc,phases      ] GC(119)   Evacuate Collection Set: 3.8ms
[56.629s][info][gc,phases      ] GC(119)   Post Evacuate Collection Set: 0.7ms
[56.629s][info][gc,phases      ] GC(119)   Other: 0.3ms
[56.629s][info][gc,heap        ] GC(119) Eden regions: 609->0(597)
[56.629s][info][gc,heap        ] GC(119) Survivor regions: 5->17(77)
[56.629s][info][gc,heap        ] GC(119) Old regions: 54->54
[56.629s][info][gc,heap        ] GC(119) Humongous regions: 57->25
[56.629s][info][gc,metaspace   ] GC(119) Metaspace: 153075K(166236K)->153075K(166236K) NonClass: 132659K(139404K)->132659K(139404K) Class: 20416K(26832K)->20416K(26832K)
[56.629s][info][gc             ] GC(119) Pause Young (Normal) (G1 Evacuation Pause) 719M->90M(1024M) 4.838ms
[56.629s][info][gc,cpu         ] GC(119) User=0.00s Sys=0.00s Real=0.00s
[56.808s][info][gc,task        ] GC(120) Using 6 workers of 6 for full compaction
[56.808s][info][gc,start       ] GC(120) Pause Full (System.gc())
[56.810s][info][gc,phases,start] GC(120) Phase 1: Mark live objects
[56.850s][info][gc,stringtable ] GC(120) Cleaned string and symbol table, strings: 43204 processed, 50 removed, symbols: 306820 processed, 20 removed
[56.850s][info][gc,phases      ] GC(120) Phase 1: Mark live objects 39.661ms
[56.850s][info][gc,phases,start] GC(120) Phase 2: Prepare for compaction
[56.853s][info][gc,phases      ] GC(120) Phase 2: Prepare for compaction 3.260ms
[56.853s][info][gc,phases,start] GC(120) Phase 3: Adjust pointers
[56.873s][info][gc,phases      ] GC(120) Phase 3: Adjust pointers 19.603ms
[56.873s][info][gc,phases,start] GC(120) Phase 4: Compact heap
[56.876s][info][gc,phases      ] GC(120) Phase 4: Compact heap 2.739ms
[56.894s][info][gc,heap        ] GC(120) Eden regions: 189->0(614)
[56.894s][info][gc,heap        ] GC(120) Survivor regions: 17->0(77)
[56.894s][info][gc,heap        ] GC(120) Old regions: 54->53
[56.894s][info][gc,heap        ] GC(120) Humongous regions: 69->25
[56.894s][info][gc,metaspace   ] GC(120) Metaspace: 153079K(166236K)->153048K(166236K) NonClass: 132662K(139404K)->132636K(139404K) Class: 20416K(26832K)->20411K(26832K)
[56.894s][info][gc             ] GC(120) Pause Full (System.gc()) 322M->73M(1024M) 85.346ms
[56.894s][info][gc,cpu         ] GC(120) User=0.02s Sys=0.00s Real=0.08s
[57.256s][info][gc,start       ] GC(121) Pause Young (Normal) (G1 Evacuation Pause)
[57.256s][info][gc,task        ] GC(121) Using 6 workers of 6 for evacuation
[57.259s][info][gc,phases      ] GC(121)   Pre Evacuate Collection Set: 0.0ms
[57.259s][info][gc,phases      ] GC(121)   Evacuate Collection Set: 2.1ms
[57.259s][info][gc,phases      ] GC(121)   Post Evacuate Collection Set: 0.7ms
[57.259s][info][gc,phases      ] GC(121)   Other: 0.4ms
[57.259s][info][gc,heap        ] GC(121) Eden regions: 614->0(609)
[57.259s][info][gc,heap        ] GC(121) Survivor regions: 0->5(77)
[57.259s][info][gc,heap        ] GC(121) Old regions: 53->53
[57.259s][info][gc,heap        ] GC(121) Humongous regions: 79->25
[57.259s][info][gc,metaspace   ] GC(121) Metaspace: 153193K(166236K)->153193K(166236K) NonClass: 132777K(139404K)->132777K(139404K) Class: 20416K(26832K)->20416K(26832K)
[57.259s][info][gc             ] GC(121) Pause Young (Normal) (G1 Evacuation Pause) 741M->78M(1024M) 3.263ms
[57.259s][info][gc,cpu         ] GC(121) User=0.00s Sys=0.00s Real=0.00s
[57.511s][info][gc,start       ] GC(122) Pause Young (Normal) (G1 Evacuation Pause)
[57.511s][info][gc,task        ] GC(122) Using 6 workers of 6 for evacuation
[57.516s][info][gc,phases      ] GC(122)   Pre Evacuate Collection Set: 0.0ms
[57.516s][info][gc,phases      ] GC(122)   Evacuate Collection Set: 3.9ms
[57.516s][info][gc,phases      ] GC(122)   Post Evacuate Collection Set: 0.7ms
[57.516s][info][gc,phases      ] GC(122)   Other: 0.4ms
[57.516s][info][gc,heap        ] GC(122) Eden regions: 609->0(597)
[57.516s][info][gc,heap        ] GC(122) Survivor regions: 5->17(77)
[57.516s][info][gc,heap        ] GC(122) Old regions: 53->53
[57.516s][info][gc,heap        ] GC(122) Humongous regions: 57->25
[57.516s][info][gc,metaspace   ] GC(122) Metaspace: 153193K(166236K)->153193K(166236K) NonClass: 132777K(139404K)->132777K(139404K) Class: 20416K(26832K)->20416K(26832K)
[57.516s][info][gc             ] GC(122) Pause Young (Normal) (G1 Evacuation Pause) 719M->90M(1024M) 5.151ms
[57.516s][info][gc,cpu         ] GC(122) User=0.02s Sys=0.00s Real=0.02s
[57.694s][info][gc,task        ] GC(123) Using 6 workers of 6 for full compaction
[57.694s][info][gc,start       ] GC(123) Pause Full (System.gc())
[57.696s][info][gc,phases,start] GC(123) Phase 1: Mark live objects
[57.735s][info][gc,stringtable ] GC(123) Cleaned string and symbol table, strings: 43237 processed, 50 removed, symbols: 306821 processed, 21 removed
[57.735s][info][gc,phases      ] GC(123) Phase 1: Mark live objects 38.500ms
[57.735s][info][gc,phases,start] GC(123) Phase 2: Prepare for compaction
[57.738s][info][gc,phases      ] GC(123) Phase 2: Prepare for compaction 3.467ms
[57.738s][info][gc,phases,start] GC(123) Phase 3: Adjust pointers
[57.758s][info][gc,phases      ] GC(123) Phase 3: Adjust pointers 19.228ms
[57.758s][info][gc,phases,start] GC(123) Phase 4: Compact heap
[57.762s][info][gc,phases      ] GC(123) Phase 4: Compact heap 4.725ms
[57.780s][info][gc,heap        ] GC(123) Eden regions: 189->0(614)
[57.780s][info][gc,heap        ] GC(123) Survivor regions: 17->0(77)
[57.780s][info][gc,heap        ] GC(123) Old regions: 53->63
[57.780s][info][gc,heap        ] GC(123) Humongous regions: 69->25
[57.780s][info][gc,metaspace   ] GC(123) Metaspace: 153194K(166236K)->153163K(166236K) NonClass: 132778K(139404K)->132751K(139404K) Class: 20416K(26832K)->20411K(26832K)
[57.781s][info][gc             ] GC(123) Pause Full (System.gc()) 323M->84M(1024M) 86.160ms
[57.781s][info][gc,cpu         ] GC(123) User=0.03s Sys=0.00s Real=0.08s
[58.145s][info][gc,start       ] GC(124) Pause Young (Normal) (G1 Evacuation Pause)
[58.145s][info][gc,task        ] GC(124) Using 6 workers of 6 for evacuation
[58.148s][info][gc,phases      ] GC(124)   Pre Evacuate Collection Set: 0.0ms
[58.148s][info][gc,phases      ] GC(124)   Evacuate Collection Set: 2.1ms
[58.148s][info][gc,phases      ] GC(124)   Post Evacuate Collection Set: 0.7ms
[58.148s][info][gc,phases      ] GC(124)   Other: 0.3ms
[58.148s][info][gc,heap        ] GC(124) Eden regions: 614->0(608)
[58.148s][info][gc,heap        ] GC(124) Survivor regions: 0->6(77)
[58.148s][info][gc,heap        ] GC(124) Old regions: 63->63
[58.148s][info][gc,heap        ] GC(124) Humongous regions: 79->25
[58.148s][info][gc,metaspace   ] GC(124) Metaspace: 153214K(166236K)->153214K(166236K) NonClass: 132797K(139404K)->132797K(139404K) Class: 20416K(26832K)->20416K(26832K)
[58.149s][info][gc             ] GC(124) Pause Young (Normal) (G1 Evacuation Pause) 752M->90M(1024M) 3.174ms
[58.149s][info][gc,cpu         ] GC(124) User=0.00s Sys=0.00s Real=0.00s
[58.401s][info][gc,start       ] GC(125) Pause Young (Normal) (G1 Evacuation Pause)
[58.401s][info][gc,task        ] GC(125) Using 6 workers of 6 for evacuation
[58.406s][info][gc,phases      ] GC(125)   Pre Evacuate Collection Set: 0.0ms
[58.406s][info][gc,phases      ] GC(125)   Evacuate Collection Set: 3.7ms
[58.406s][info][gc,phases      ] GC(125)   Post Evacuate Collection Set: 0.7ms
[58.406s][info][gc,phases      ] GC(125)   Other: 0.4ms
[58.406s][info][gc,heap        ] GC(125) Eden regions: 608->0(597)
[58.406s][info][gc,heap        ] GC(125) Survivor regions: 6->17(77)
[58.406s][info][gc,heap        ] GC(125) Old regions: 63->63
[58.406s][info][gc,heap        ] GC(125) Humongous regions: 57->25
[58.406s][info][gc,metaspace   ] GC(125) Metaspace: 153214K(166236K)->153214K(166236K) NonClass: 132797K(139404K)->132797K(139404K) Class: 20416K(26832K)->20416K(26832K)
[58.406s][info][gc             ] GC(125) Pause Young (Normal) (G1 Evacuation Pause) 730M->101M(1024M) 4.886ms
[58.406s][info][gc,cpu         ] GC(125) User=0.00s Sys=0.00s Real=0.00s
[58.585s][info][gc,task        ] GC(126) Using 6 workers of 6 for full compaction
[58.585s][info][gc,start       ] GC(126) Pause Full (System.gc())
[58.587s][info][gc,phases,start] GC(126) Phase 1: Mark live objects
[58.626s][info][gc,stringtable ] GC(126) Cleaned string and symbol table, strings: 43254 processed, 50 removed, symbols: 306822 processed, 20 removed
[58.626s][info][gc,phases      ] GC(126) Phase 1: Mark live objects 39.697ms
[58.626s][info][gc,phases,start] GC(126) Phase 2: Prepare for compaction
[58.630s][info][gc,phases      ] GC(126) Phase 2: Prepare for compaction 3.463ms
[58.630s][info][gc,phases,start] GC(126) Phase 3: Adjust pointers
[58.650s][info][gc,phases      ] GC(126) Phase 3: Adjust pointers 19.743ms
[58.650s][info][gc,phases,start] GC(126) Phase 4: Compact heap
[58.653s][info][gc,phases      ] GC(126) Phase 4: Compact heap 3.229ms
[58.671s][info][gc,heap        ] GC(126) Eden regions: 191->0(614)
[58.671s][info][gc,heap        ] GC(126) Survivor regions: 17->0(77)
[58.671s][info][gc,heap        ] GC(126) Old regions: 63->52
[58.671s][info][gc,heap        ] GC(126) Humongous regions: 69->25
[58.671s][info][gc,metaspace   ] GC(126) Metaspace: 153215K(166236K)->153184K(166236K) NonClass: 132798K(139404K)->132772K(139404K) Class: 20416K(26832K)->20412K(26832K)
[58.671s][info][gc             ] GC(126) Pause Full (System.gc()) 335M->73M(1024M) 86.618ms
[58.672s][info][gc,cpu         ] GC(126) User=0.03s Sys=0.00s Real=0.08s
[59.031s][info][gc,start       ] GC(127) Pause Young (Normal) (G1 Evacuation Pause)
[59.031s][info][gc,task        ] GC(127) Using 6 workers of 6 for evacuation
[59.034s][info][gc,phases      ] GC(127)   Pre Evacuate Collection Set: 0.0ms
[59.034s][info][gc,phases      ] GC(127)   Evacuate Collection Set: 1.9ms
[59.034s][info][gc,phases      ] GC(127)   Post Evacuate Collection Set: 0.7ms
[59.034s][info][gc,phases      ] GC(127)   Other: 0.4ms
[59.034s][info][gc,heap        ] GC(127) Eden regions: 614->0(609)
[59.034s][info][gc,heap        ] GC(127) Survivor regions: 0->5(77)
[59.034s][info][gc,heap        ] GC(127) Old regions: 52->52
[59.034s][info][gc,heap        ] GC(127) Humongous regions: 79->25
[59.034s][info][gc,metaspace   ] GC(127) Metaspace: 153257K(166236K)->153257K(166236K) NonClass: 132840K(139404K)->132840K(139404K) Class: 20417K(26832K)->20417K(26832K)
[59.034s][info][gc             ] GC(127) Pause Young (Normal) (G1 Evacuation Pause) 741M->78M(1024M) 3.143ms
[59.034s][info][gc,cpu         ] GC(127) User=0.00s Sys=0.00s Real=0.00s
[59.283s][info][gc,start       ] GC(128) Pause Young (Normal) (G1 Evacuation Pause)
[59.283s][info][gc,task        ] GC(128) Using 6 workers of 6 for evacuation
[59.287s][info][gc,phases      ] GC(128)   Pre Evacuate Collection Set: 0.0ms
[59.288s][info][gc,phases      ] GC(128)   Evacuate Collection Set: 3.8ms
[59.288s][info][gc,phases      ] GC(128)   Post Evacuate Collection Set: 0.6ms
[59.288s][info][gc,phases      ] GC(128)   Other: 0.3ms
[59.288s][info][gc,heap        ] GC(128) Eden regions: 609->0(597)
[59.288s][info][gc,heap        ] GC(128) Survivor regions: 5->17(77)
[59.288s][info][gc,heap        ] GC(128) Old regions: 52->52
[59.288s][info][gc,heap        ] GC(128) Humongous regions: 57->25
[59.288s][info][gc,metaspace   ] GC(128) Metaspace: 153260K(166236K)->153260K(166236K) NonClass: 132843K(139404K)->132843K(139404K) Class: 20417K(26832K)->20417K(26832K)
[59.288s][info][gc             ] GC(128) Pause Young (Normal) (G1 Evacuation Pause) 719M->90M(1024M) 4.899ms
[59.288s][info][gc,cpu         ] GC(128) User=0.00s Sys=0.00s Real=0.00s
[59.466s][info][gc,task        ] GC(129) Using 6 workers of 6 for full compaction
[59.466s][info][gc,start       ] GC(129) Pause Full (System.gc())
[59.468s][info][gc,phases,start] GC(129) Phase 1: Mark live objects
[59.507s][info][gc,stringtable ] GC(129) Cleaned string and symbol table, strings: 43265 processed, 50 removed, symbols: 306824 processed, 20 removed
[59.507s][info][gc,phases      ] GC(129) Phase 1: Mark live objects 39.450ms
[59.507s][info][gc,phases,start] GC(129) Phase 2: Prepare for compaction
[59.511s][info][gc,phases      ] GC(129) Phase 2: Prepare for compaction 3.526ms
[59.511s][info][gc,phases,start] GC(129) Phase 3: Adjust pointers
[59.531s][info][gc,phases      ] GC(129) Phase 3: Adjust pointers 19.837ms
[59.531s][info][gc,phases,start] GC(129) Phase 4: Compact heap
[59.534s][info][gc,phases      ] GC(129) Phase 4: Compact heap 3.116ms
[59.552s][info][gc,heap        ] GC(129) Eden regions: 189->0(614)
[59.552s][info][gc,heap        ] GC(129) Survivor regions: 17->0(77)
[59.552s][info][gc,heap        ] GC(129) Old regions: 52->52
[59.552s][info][gc,heap        ] GC(129) Humongous regions: 69->25
[59.552s][info][gc,metaspace   ] GC(129) Metaspace: 153270K(166236K)->153240K(166236K) NonClass: 132853K(139404K)->132827K(139404K) Class: 20417K(26832K)->20413K(26832K)
[59.552s][info][gc             ] GC(129) Pause Full (System.gc()) 322M->73M(1024M) 86.437ms
[59.553s][info][gc,cpu         ] GC(129) User=0.05s Sys=0.00s Real=0.08s
[59.913s][info][gc,start       ] GC(130) Pause Young (Normal) (G1 Evacuation Pause)
[59.913s][info][gc,task        ] GC(130) Using 6 workers of 6 for evacuation
[59.917s][info][gc,phases      ] GC(130)   Pre Evacuate Collection Set: 0.0ms
[59.917s][info][gc,phases      ] GC(130)   Evacuate Collection Set: 2.6ms
[59.917s][info][gc,phases      ] GC(130)   Post Evacuate Collection Set: 0.7ms
[59.917s][info][gc,phases      ] GC(130)   Other: 0.3ms
[59.917s][info][gc,heap        ] GC(130) Eden regions: 614->0(609)
[59.917s][info][gc,heap        ] GC(130) Survivor regions: 0->5(77)
[59.917s][info][gc,heap        ] GC(130) Old regions: 52->52
[59.917s][info][gc,heap        ] GC(130) Humongous regions: 79->25
[59.917s][info][gc,metaspace   ] GC(130) Metaspace: 153375K(166236K)->153375K(166236K) NonClass: 132958K(139404K)->132958K(139404K) Class: 20417K(26832K)->20417K(26832K)
[59.917s][info][gc             ] GC(130) Pause Young (Normal) (G1 Evacuation Pause) 741M->78M(1024M) 3.760ms
[59.917s][info][gc,cpu         ] GC(130) User=0.00s Sys=0.00s Real=0.02s
[60.166s][info][gc,start       ] GC(131) Pause Young (Normal) (G1 Evacuation Pause)
[60.166s][info][gc,task        ] GC(131) Using 6 workers of 6 for evacuation
[60.171s][info][gc,phases      ] GC(131)   Pre Evacuate Collection Set: 0.0ms
[60.171s][info][gc,phases      ] GC(131)   Evacuate Collection Set: 3.9ms
[60.171s][info][gc,phases      ] GC(131)   Post Evacuate Collection Set: 0.7ms
[60.171s][info][gc,phases      ] GC(131)   Other: 0.3ms
[60.171s][info][gc,heap        ] GC(131) Eden regions: 609->0(597)
[60.171s][info][gc,heap        ] GC(131) Survivor regions: 5->17(77)
[60.171s][info][gc,heap        ] GC(131) Old regions: 52->52
[60.171s][info][gc,heap        ] GC(131) Humongous regions: 57->25
[60.171s][info][gc,metaspace   ] GC(131) Metaspace: 153378K(166492K)->153378K(166492K) NonClass: 132960K(139660K)->132960K(139660K) Class: 20417K(26832K)->20417K(26832K)
[60.171s][info][gc             ] GC(131) Pause Young (Normal) (G1 Evacuation Pause) 719M->90M(1024M) 5.014ms
[60.171s][info][gc,cpu         ] GC(131) User=0.03s Sys=0.00s Real=0.02s
[60.350s][info][gc,task        ] GC(132) Using 6 workers of 6 for full compaction
[60.350s][info][gc,start       ] GC(132) Pause Full (System.gc())
[60.352s][info][gc,phases,start] GC(132) Phase 1: Mark live objects
[60.392s][info][gc,stringtable ] GC(132) Cleaned string and symbol table, strings: 43275 processed, 50 removed, symbols: 306824 processed, 20 removed
[60.392s][info][gc,phases      ] GC(132) Phase 1: Mark live objects 40.093ms
[60.392s][info][gc,phases,start] GC(132) Phase 2: Prepare for compaction
[60.396s][info][gc,phases      ] GC(132) Phase 2: Prepare for compaction 3.809ms
[60.396s][info][gc,phases,start] GC(132) Phase 3: Adjust pointers
[60.416s][info][gc,phases      ] GC(132) Phase 3: Adjust pointers 19.993ms
[60.416s][info][gc,phases,start] GC(132) Phase 4: Compact heap
[60.420s][info][gc,phases      ] GC(132) Phase 4: Compact heap 3.407ms
[60.438s][info][gc,heap        ] GC(132) Eden regions: 189->0(614)
[60.438s][info][gc,heap        ] GC(132) Survivor regions: 17->0(77)
[60.438s][info][gc,heap        ] GC(132) Old regions: 52->53
[60.438s][info][gc,heap        ] GC(132) Humongous regions: 69->25
[60.438s][info][gc,metaspace   ] GC(132) Metaspace: 153388K(166492K)->153357K(166492K) NonClass: 132970K(139660K)->132944K(139660K) Class: 20417K(26832K)->20413K(26832K)
[60.438s][info][gc             ] GC(132) Pause Full (System.gc()) 323M->73M(1024M) 87.956ms
[60.438s][info][gc,cpu         ] GC(132) User=0.06s Sys=0.00s Real=0.09s
[60.791s][info][gc,start       ] GC(133) Pause Young (Normal) (G1 Evacuation Pause)
[60.791s][info][gc,task        ] GC(133) Using 6 workers of 6 for evacuation
[60.795s][info][gc,phases      ] GC(133)   Pre Evacuate Collection Set: 0.0ms
[60.795s][info][gc,phases      ] GC(133)   Evacuate Collection Set: 2.4ms
[60.795s][info][gc,phases      ] GC(133)   Post Evacuate Collection Set: 0.7ms
[60.795s][info][gc,phases      ] GC(133)   Other: 0.4ms
[60.795s][info][gc,heap        ] GC(133) Eden regions: 614->0(609)
[60.795s][info][gc,heap        ] GC(133) Survivor regions: 0->5(77)
[60.795s][info][gc,heap        ] GC(133) Old regions: 53->53
[60.795s][info][gc,heap        ] GC(133) Humongous regions: 79->25
[60.795s][info][gc,metaspace   ] GC(133) Metaspace: 153390K(166492K)->153390K(166492K) NonClass: 132972K(139660K)->132972K(139660K) Class: 20417K(26832K)->20417K(26832K)
[60.795s][info][gc             ] GC(133) Pause Young (Normal) (G1 Evacuation Pause) 741M->78M(1024M) 3.618ms
[60.795s][info][gc,cpu         ] GC(133) User=0.00s Sys=0.00s Real=0.00s
[61.050s][info][gc,start       ] GC(134) Pause Young (Normal) (G1 Evacuation Pause)
[61.050s][info][gc,task        ] GC(134) Using 6 workers of 6 for evacuation
[61.055s][info][gc,phases      ] GC(134)   Pre Evacuate Collection Set: 0.0ms
[61.055s][info][gc,phases      ] GC(134)   Evacuate Collection Set: 3.9ms
[61.055s][info][gc,phases      ] GC(134)   Post Evacuate Collection Set: 0.7ms
[61.055s][info][gc,phases      ] GC(134)   Other: 0.3ms
[61.055s][info][gc,heap        ] GC(134) Eden regions: 609->0(597)
[61.055s][info][gc,heap        ] GC(134) Survivor regions: 5->17(77)
[61.055s][info][gc,heap        ] GC(134) Old regions: 53->53
[61.055s][info][gc,heap        ] GC(134) Humongous regions: 57->25
[61.055s][info][gc,metaspace   ] GC(134) Metaspace: 153392K(166492K)->153392K(166492K) NonClass: 132974K(139660K)->132974K(139660K) Class: 20417K(26832K)->20417K(26832K)
[61.055s][info][gc             ] GC(134) Pause Young (Normal) (G1 Evacuation Pause) 719M->90M(1024M) 5.029ms
[61.055s][info][gc,cpu         ] GC(134) User=0.00s Sys=0.00s Real=0.00s
[61.232s][info][gc,task        ] GC(135) Using 6 workers of 6 for full compaction
[61.232s][info][gc,start       ] GC(135) Pause Full (System.gc())
[61.234s][info][gc,phases,start] GC(135) Phase 1: Mark live objects
[61.274s][info][gc,stringtable ] GC(135) Cleaned string and symbol table, strings: 43327 processed, 50 removed, symbols: 306826 processed, 20 removed
[61.274s][info][gc,phases      ] GC(135) Phase 1: Mark live objects 40.544ms
[61.274s][info][gc,phases,start] GC(135) Phase 2: Prepare for compaction
[61.278s][info][gc,phases      ] GC(135) Phase 2: Prepare for compaction 4.006ms
[61.278s][info][gc,phases,start] GC(135) Phase 3: Adjust pointers
[61.298s][info][gc,phases      ] GC(135) Phase 3: Adjust pointers 20.045ms
[61.299s][info][gc,phases,start] GC(135) Phase 4: Compact heap
[61.302s][info][gc,phases      ] GC(135) Phase 4: Compact heap 3.231ms
[61.321s][info][gc,heap        ] GC(135) Eden regions: 189->0(614)
[61.321s][info][gc,heap        ] GC(135) Survivor regions: 17->0(77)
[61.321s][info][gc,heap        ] GC(135) Old regions: 53->53
[61.321s][info][gc,heap        ] GC(135) Humongous regions: 69->25
[61.321s][info][gc,metaspace   ] GC(135) Metaspace: 153395K(166492K)->153364K(166492K) NonClass: 132977K(139660K)->132950K(139660K) Class: 20417K(26832K)->20413K(26832K)
[61.321s][info][gc             ] GC(135) Pause Full (System.gc()) 323M->74M(1024M) 88.803ms
[61.321s][info][gc,cpu         ] GC(135) User=0.03s Sys=0.00s Real=0.09s
[61.663s][info][gc,start       ] GC(136) Pause Young (Normal) (G1 Evacuation Pause)
[61.664s][info][gc,task        ] GC(136) Using 6 workers of 6 for evacuation
[61.666s][info][gc,phases      ] GC(136)   Pre Evacuate Collection Set: 0.0ms
[61.666s][info][gc,phases      ] GC(136)   Evacuate Collection Set: 1.9ms
[61.666s][info][gc,phases      ] GC(136)   Post Evacuate Collection Set: 0.7ms
[61.667s][info][gc,phases      ] GC(136)   Other: 0.4ms
[61.667s][info][gc,heap        ] GC(136) Eden regions: 614->0(609)
[61.667s][info][gc,heap        ] GC(136) Survivor regions: 0->5(77)
[61.667s][info][gc,heap        ] GC(136) Old regions: 53->53
[61.667s][info][gc,heap        ] GC(136) Humongous regions: 79->25
[61.667s][info][gc,metaspace   ] GC(136) Metaspace: 153414K(166492K)->153414K(166492K) NonClass: 132996K(139660K)->132996K(139660K) Class: 20417K(26832K)->20417K(26832K)
[61.667s][info][gc             ] GC(136) Pause Young (Normal) (G1 Evacuation Pause) 742M->78M(1024M) 3.108ms
[61.667s][info][gc,cpu         ] GC(136) User=0.00s Sys=0.00s Real=0.00s
[61.921s][info][gc,start       ] GC(137) Pause Young (Normal) (G1 Evacuation Pause)
[61.921s][info][gc,task        ] GC(137) Using 6 workers of 6 for evacuation
[61.926s][info][gc,phases      ] GC(137)   Pre Evacuate Collection Set: 0.0ms
[61.926s][info][gc,phases      ] GC(137)   Evacuate Collection Set: 3.9ms
[61.926s][info][gc,phases      ] GC(137)   Post Evacuate Collection Set: 0.8ms
[61.926s][info][gc,phases      ] GC(137)   Other: 0.3ms
[61.926s][info][gc,heap        ] GC(137) Eden regions: 609->0(597)
[61.926s][info][gc,heap        ] GC(137) Survivor regions: 5->17(77)
[61.926s][info][gc,heap        ] GC(137) Old regions: 53->53
[61.926s][info][gc,heap        ] GC(137) Humongous regions: 57->25
[61.926s][info][gc,metaspace   ] GC(137) Metaspace: 153415K(166492K)->153415K(166492K) NonClass: 132997K(139660K)->132997K(139660K) Class: 20417K(26832K)->20417K(26832K)
[61.926s][info][gc             ] GC(137) Pause Young (Normal) (G1 Evacuation Pause) 719M->91M(1024M) 5.119ms
[61.926s][info][gc,cpu         ] GC(137) User=0.02s Sys=0.00s Real=0.02s
[62.103s][info][gc,task        ] GC(138) Using 6 workers of 6 for full compaction
[62.103s][info][gc,start       ] GC(138) Pause Full (System.gc())
[62.105s][info][gc,phases,start] GC(138) Phase 1: Mark live objects
[62.145s][info][gc,stringtable ] GC(138) Cleaned string and symbol table, strings: 43348 processed, 50 removed, symbols: 306826 processed, 20 removed
[62.145s][info][gc,phases      ] GC(138) Phase 1: Mark live objects 40.138ms
[62.145s][info][gc,phases,start] GC(138) Phase 2: Prepare for compaction
[62.148s][info][gc,phases      ] GC(138) Phase 2: Prepare for compaction 3.422ms
[62.148s][info][gc,phases,start] GC(138) Phase 3: Adjust pointers
[62.168s][info][gc,phases      ] GC(138) Phase 3: Adjust pointers 20.111ms
[62.168s][info][gc,phases,start] GC(138) Phase 4: Compact heap
[62.171s][info][gc,phases      ] GC(138) Phase 4: Compact heap 2.914ms
[62.190s][info][gc,heap        ] GC(138) Eden regions: 190->0(614)
[62.190s][info][gc,heap        ] GC(138) Survivor regions: 17->0(77)
[62.190s][info][gc,heap        ] GC(138) Old regions: 53->54
[62.190s][info][gc,heap        ] GC(138) Humongous regions: 69->25
[62.190s][info][gc,metaspace   ] GC(138) Metaspace: 153415K(166492K)->153384K(166492K) NonClass: 132997K(139660K)->132970K(139660K) Class: 20417K(26832K)->20413K(26832K)
[62.190s][info][gc             ] GC(138) Pause Full (System.gc()) 324M->74M(1024M) 87.475ms
[62.190s][info][gc,cpu         ] GC(138) User=0.05s Sys=0.00s Real=0.08s
[62.547s][info][gc,start       ] GC(139) Pause Young (Normal) (G1 Evacuation Pause)
[62.547s][info][gc,task        ] GC(139) Using 6 workers of 6 for evacuation
[62.550s][info][gc,phases      ] GC(139)   Pre Evacuate Collection Set: 0.0ms
[62.550s][info][gc,phases      ] GC(139)   Evacuate Collection Set: 1.9ms
[62.550s][info][gc,phases      ] GC(139)   Post Evacuate Collection Set: 0.7ms
[62.550s][info][gc,phases      ] GC(139)   Other: 0.5ms
[62.550s][info][gc,heap        ] GC(139) Eden regions: 614->0(609)
[62.550s][info][gc,heap        ] GC(139) Survivor regions: 0->5(77)
[62.550s][info][gc,heap        ] GC(139) Old regions: 54->54
[62.550s][info][gc,heap        ] GC(139) Humongous regions: 79->25
[62.550s][info][gc,metaspace   ] GC(139) Metaspace: 153644K(166748K)->153644K(166748K) NonClass: 133220K(139916K)->133220K(139916K) Class: 20424K(26832K)->20424K(26832K)
[62.550s][info][gc             ] GC(139) Pause Young (Normal) (G1 Evacuation Pause) 742M->79M(1024M) 3.193ms
[62.550s][info][gc,cpu         ] GC(139) User=0.00s Sys=0.00s Real=0.00s
[62.802s][info][gc,start       ] GC(140) Pause Young (Normal) (G1 Evacuation Pause)
[62.802s][info][gc,task        ] GC(140) Using 6 workers of 6 for evacuation
[62.807s][info][gc,phases      ] GC(140)   Pre Evacuate Collection Set: 0.0ms
[62.807s][info][gc,phases      ] GC(140)   Evacuate Collection Set: 3.8ms
[62.807s][info][gc,phases      ] GC(140)   Post Evacuate Collection Set: 0.8ms
[62.807s][info][gc,phases      ] GC(140)   Other: 0.4ms
[62.807s][info][gc,heap        ] GC(140) Eden regions: 609->0(597)
[62.807s][info][gc,heap        ] GC(140) Survivor regions: 5->17(77)
[62.807s][info][gc,heap        ] GC(140) Old regions: 54->54
[62.807s][info][gc,heap        ] GC(140) Humongous regions: 57->25
[62.807s][info][gc,metaspace   ] GC(140) Metaspace: 153655K(166748K)->153655K(166748K) NonClass: 133231K(139916K)->133231K(139916K) Class: 20424K(26832K)->20424K(26832K)
[62.807s][info][gc             ] GC(140) Pause Young (Normal) (G1 Evacuation Pause) 720M->91M(1024M) 5.128ms
[62.807s][info][gc,cpu         ] GC(140) User=0.02s Sys=0.00s Real=0.02s
[62.983s][info][gc,task        ] GC(141) Using 6 workers of 6 for full compaction
[62.984s][info][gc,start       ] GC(141) Pause Full (System.gc())
[62.985s][info][gc,phases,start] GC(141) Phase 1: Mark live objects
[63.026s][info][gc,stringtable ] GC(141) Cleaned string and symbol table, strings: 43378 processed, 50 removed, symbols: 306826 processed, 20 removed
[63.026s][info][gc,phases      ] GC(141) Phase 1: Mark live objects 40.140ms
[63.026s][info][gc,phases,start] GC(141) Phase 2: Prepare for compaction
[63.029s][info][gc,phases      ] GC(141) Phase 2: Prepare for compaction 3.324ms
[63.029s][info][gc,phases,start] GC(141) Phase 3: Adjust pointers
[63.049s][info][gc,phases      ] GC(141) Phase 3: Adjust pointers 20.383ms
[63.049s][info][gc,phases,start] GC(141) Phase 4: Compact heap
[63.053s][info][gc,phases      ] GC(141) Phase 4: Compact heap 3.297ms
[63.072s][info][gc,heap        ] GC(141) Eden regions: 189->0(614)
[63.072s][info][gc,heap        ] GC(141) Survivor regions: 17->0(77)
[63.072s][info][gc,heap        ] GC(141) Old regions: 54->53
[63.072s][info][gc,heap        ] GC(141) Humongous regions: 69->25
[63.072s][info][gc,metaspace   ] GC(141) Metaspace: 153686K(166748K)->153656K(166748K) NonClass: 133262K(139916K)->133236K(139916K) Class: 20424K(26832K)->20419K(26832K)
[63.072s][info][gc             ] GC(141) Pause Full (System.gc()) 323M->74M(1024M) 88.328ms
[63.072s][info][gc,cpu         ] GC(141) User=0.05s Sys=0.00s Real=0.09s
[63.434s][info][gc,start       ] GC(142) Pause Young (Normal) (G1 Evacuation Pause)
[63.434s][info][gc,task        ] GC(142) Using 6 workers of 6 for evacuation
[63.437s][info][gc,phases      ] GC(142)   Pre Evacuate Collection Set: 0.0ms
[63.437s][info][gc,phases      ] GC(142)   Evacuate Collection Set: 1.9ms
[63.437s][info][gc,phases      ] GC(142)   Post Evacuate Collection Set: 0.7ms
[63.437s][info][gc,phases      ] GC(142)   Other: 0.4ms
[63.437s][info][gc,heap        ] GC(142) Eden regions: 614->0(608)
[63.437s][info][gc,heap        ] GC(142) Survivor regions: 0->6(77)
[63.437s][info][gc,heap        ] GC(142) Old regions: 53->53
[63.437s][info][gc,heap        ] GC(142) Humongous regions: 79->25
[63.437s][info][gc,metaspace   ] GC(142) Metaspace: 153785K(166748K)->153785K(166748K) NonClass: 133356K(139916K)->133356K(139916K) Class: 20428K(26832K)->20428K(26832K)
[63.437s][info][gc             ] GC(142) Pause Young (Normal) (G1 Evacuation Pause) 742M->79M(1024M) 3.035ms
[63.437s][info][gc,cpu         ] GC(142) User=0.00s Sys=0.00s Real=0.00s
[63.685s][info][gc,start       ] GC(143) Pause Young (Normal) (G1 Evacuation Pause)
[63.685s][info][gc,task        ] GC(143) Using 6 workers of 6 for evacuation
[63.690s][info][gc,phases      ] GC(143)   Pre Evacuate Collection Set: 0.0ms
[63.690s][info][gc,phases      ] GC(143)   Evacuate Collection Set: 3.8ms
[63.690s][info][gc,phases      ] GC(143)   Post Evacuate Collection Set: 0.7ms
[63.690s][info][gc,phases      ] GC(143)   Other: 0.4ms
[63.690s][info][gc,heap        ] GC(143) Eden regions: 608->0(597)
[63.690s][info][gc,heap        ] GC(143) Survivor regions: 6->17(77)
[63.690s][info][gc,heap        ] GC(143) Old regions: 53->53
[63.690s][info][gc,heap        ] GC(143) Humongous regions: 57->25
[63.690s][info][gc,metaspace   ] GC(143) Metaspace: 153795K(166748K)->153795K(166748K) NonClass: 133364K(139916K)->133364K(139916K) Class: 20430K(26832K)->20430K(26832K)
[63.690s][info][gc             ] GC(143) Pause Young (Normal) (G1 Evacuation Pause) 719M->91M(1024M) 4.979ms
[63.690s][info][gc,cpu         ] GC(143) User=0.00s Sys=0.00s Real=0.00s
[63.868s][info][gc,task        ] GC(144) Using 6 workers of 6 for full compaction
[63.868s][info][gc,start       ] GC(144) Pause Full (System.gc())
[63.870s][info][gc,phases,start] GC(144) Phase 1: Mark live objects
[63.913s][info][gc,stringtable ] GC(144) Cleaned string and symbol table, strings: 43485 processed, 50 removed, symbols: 306826 processed, 20 removed
[63.913s][info][gc,phases      ] GC(144) Phase 1: Mark live objects 42.911ms
[63.913s][info][gc,phases,start] GC(144) Phase 2: Prepare for compaction
[63.917s][info][gc,phases      ] GC(144) Phase 2: Prepare for compaction 3.837ms
[63.917s][info][gc,phases,start] GC(144) Phase 3: Adjust pointers
[63.939s][info][gc,phases      ] GC(144) Phase 3: Adjust pointers 22.029ms
[63.939s][info][gc,phases,start] GC(144) Phase 4: Compact heap
[63.943s][info][gc,phases      ] GC(144) Phase 4: Compact heap 3.812ms
[63.962s][info][gc,heap        ] GC(144) Eden regions: 190->0(614)
[63.963s][info][gc,heap        ] GC(144) Survivor regions: 17->0(77)
[63.963s][info][gc,heap        ] GC(144) Old regions: 53->54
[63.963s][info][gc,heap        ] GC(144) Humongous regions: 69->25
[63.963s][info][gc,metaspace   ] GC(144) Metaspace: 153811K(166748K)->153769K(166748K) NonClass: 133381K(139916K)->133347K(139916K) Class: 20430K(26832K)->20421K(26832K)
[63.963s][info][gc             ] GC(144) Pause Full (System.gc()) 325M->74M(1024M) 94.411ms
[63.963s][info][gc,cpu         ] GC(144) User=0.05s Sys=0.00s Real=0.09s
[64.305s][info][gc,start       ] GC(145) Pause Young (Normal) (G1 Evacuation Pause)
[64.305s][info][gc,task        ] GC(145) Using 6 workers of 6 for evacuation
[64.309s][info][gc,phases      ] GC(145)   Pre Evacuate Collection Set: 0.0ms
[64.309s][info][gc,phases      ] GC(145)   Evacuate Collection Set: 2.4ms
[64.309s][info][gc,phases      ] GC(145)   Post Evacuate Collection Set: 0.8ms
[64.309s][info][gc,phases      ] GC(145)   Other: 0.4ms
[64.309s][info][gc,heap        ] GC(145) Eden regions: 614->0(608)
[64.309s][info][gc,heap        ] GC(145) Survivor regions: 0->6(77)
[64.309s][info][gc,heap        ] GC(145) Old regions: 54->54
[64.309s][info][gc,heap        ] GC(145) Humongous regions: 79->25
[64.309s][info][gc,metaspace   ] GC(145) Metaspace: 153828K(166748K)->153828K(166748K) NonClass: 133402K(139916K)->133402K(139916K) Class: 20426K(26832K)->20426K(26832K)
[64.309s][info][gc             ] GC(145) Pause Young (Normal) (G1 Evacuation Pause) 742M->79M(1024M) 3.631ms
[64.309s][info][gc,cpu         ] GC(145) User=0.00s Sys=0.00s Real=0.00s
[64.557s][info][gc,start       ] GC(146) Pause Young (Normal) (G1 Evacuation Pause)
[64.557s][info][gc,task        ] GC(146) Using 6 workers of 6 for evacuation
[64.562s][info][gc,phases      ] GC(146)   Pre Evacuate Collection Set: 0.0ms
[64.562s][info][gc,phases      ] GC(146)   Evacuate Collection Set: 3.6ms
[64.562s][info][gc,phases      ] GC(146)   Post Evacuate Collection Set: 0.7ms
[64.562s][info][gc,phases      ] GC(146)   Other: 0.4ms
[64.562s][info][gc,heap        ] GC(146) Eden regions: 608->0(596)
[64.562s][info][gc,heap        ] GC(146) Survivor regions: 6->18(77)
[64.562s][info][gc,heap        ] GC(146) Old regions: 54->54
[64.562s][info][gc,heap        ] GC(146) Humongous regions: 57->25
[64.562s][info][gc,metaspace   ] GC(146) Metaspace: 153830K(166748K)->153830K(166748K) NonClass: 133404K(139916K)->133404K(139916K) Class: 20426K(26832K)->20426K(26832K)
[64.562s][info][gc             ] GC(146) Pause Young (Normal) (G1 Evacuation Pause) 719M->91M(1024M) 4.802ms
[64.562s][info][gc,cpu         ] GC(146) User=0.00s Sys=0.00s Real=0.00s
[64.737s][info][gc,task        ] GC(147) Using 6 workers of 6 for full compaction
[64.737s][info][gc,start       ] GC(147) Pause Full (System.gc())
[64.739s][info][gc,phases,start] GC(147) Phase 1: Mark live objects
[64.780s][info][gc,stringtable ] GC(147) Cleaned string and symbol table, strings: 43489 processed, 50 removed, symbols: 306826 processed, 20 removed
[64.780s][info][gc,phases      ] GC(147) Phase 1: Mark live objects 40.610ms
[64.780s][info][gc,phases,start] GC(147) Phase 2: Prepare for compaction
[64.783s][info][gc,phases      ] GC(147) Phase 2: Prepare for compaction 3.385ms
[64.783s][info][gc,phases,start] GC(147) Phase 3: Adjust pointers
[64.803s][info][gc,phases      ] GC(147) Phase 3: Adjust pointers 20.280ms
[64.804s][info][gc,phases,start] GC(147) Phase 4: Compact heap
[64.807s][info][gc,phases      ] GC(147) Phase 4: Compact heap 3.147ms
[64.826s][info][gc,heap        ] GC(147) Eden regions: 190->0(614)
[64.826s][info][gc,heap        ] GC(147) Survivor regions: 18->0(77)
[64.826s][info][gc,heap        ] GC(147) Old regions: 54->54
[64.826s][info][gc,heap        ] GC(147) Humongous regions: 69->25
[64.826s][info][gc,metaspace   ] GC(147) Metaspace: 153832K(166748K)->153801K(166748K) NonClass: 133406K(139916K)->133379K(139916K) Class: 20426K(26832K)->20421K(26832K)
[64.826s][info][gc             ] GC(147) Pause Full (System.gc()) 325M->74M(1024M) 89.262ms
[64.827s][info][gc,cpu         ] GC(147) User=0.03s Sys=0.00s Real=0.08s
[65.172s][info][gc,start       ] GC(148) Pause Young (Normal) (G1 Evacuation Pause)
[65.172s][info][gc,task        ] GC(148) Using 6 workers of 6 for evacuation
[65.175s][info][gc,phases      ] GC(148)   Pre Evacuate Collection Set: 0.0ms
[65.175s][info][gc,phases      ] GC(148)   Evacuate Collection Set: 2.1ms
[65.175s][info][gc,phases      ] GC(148)   Post Evacuate Collection Set: 0.6ms
[65.175s][info][gc,phases      ] GC(148)   Other: 0.3ms
[65.175s][info][gc,heap        ] GC(148) Eden regions: 614->0(609)
[65.175s][info][gc,heap        ] GC(148) Survivor regions: 0->5(77)
[65.175s][info][gc,heap        ] GC(148) Old regions: 54->54
[65.175s][info][gc,heap        ] GC(148) Humongous regions: 79->25
[65.175s][info][gc,metaspace   ] GC(148) Metaspace: 153839K(166748K)->153839K(166748K) NonClass: 133413K(139916K)->133413K(139916K) Class: 20426K(26832K)->20426K(26832K)
[65.175s][info][gc             ] GC(148) Pause Young (Normal) (G1 Evacuation Pause) 742M->79M(1024M) 3.117ms
[65.175s][info][gc,cpu         ] GC(148) User=0.00s Sys=0.00s Real=0.00s
[65.425s][info][gc,start       ] GC(149) Pause Young (Normal) (G1 Evacuation Pause)
[65.425s][info][gc,task        ] GC(149) Using 6 workers of 6 for evacuation
[65.429s][info][gc,phases      ] GC(149)   Pre Evacuate Collection Set: 0.0ms
[65.429s][info][gc,phases      ] GC(149)   Evacuate Collection Set: 3.9ms
[65.430s][info][gc,phases      ] GC(149)   Post Evacuate Collection Set: 0.7ms
[65.430s][info][gc,phases      ] GC(149)   Other: 0.3ms
[65.430s][info][gc,heap        ] GC(149) Eden regions: 609->0(596)
[65.430s][info][gc,heap        ] GC(149) Survivor regions: 5->18(77)
[65.430s][info][gc,heap        ] GC(149) Old regions: 54->54
[65.430s][info][gc,heap        ] GC(149) Humongous regions: 57->25
[65.430s][info][gc,metaspace   ] GC(149) Metaspace: 153840K(166748K)->153840K(166748K) NonClass: 133414K(139916K)->133414K(139916K) Class: 20426K(26832K)->20426K(26832K)
[65.430s][info][gc             ] GC(149) Pause Young (Normal) (G1 Evacuation Pause) 720M->91M(1024M) 5.031ms
[65.430s][info][gc,cpu         ] GC(149) User=0.02s Sys=0.00s Real=0.02s
[65.610s][info][gc,task        ] GC(150) Using 6 workers of 6 for full compaction
[65.610s][info][gc,start       ] GC(150) Pause Full (System.gc())
[65.612s][info][gc,phases,start] GC(150) Phase 1: Mark live objects
[65.656s][info][gc,stringtable ] GC(150) Cleaned string and symbol table, strings: 43720 processed, 50 removed, symbols: 306826 processed, 20 removed
[65.656s][info][gc,phases      ] GC(150) Phase 1: Mark live objects 44.421ms
[65.656s][info][gc,phases,start] GC(150) Phase 2: Prepare for compaction
[65.661s][info][gc,phases      ] GC(150) Phase 2: Prepare for compaction 4.183ms
[65.661s][info][gc,phases,start] GC(150) Phase 3: Adjust pointers
[65.682s][info][gc,phases      ] GC(150) Phase 3: Adjust pointers 21.589ms
[65.682s][info][gc,phases,start] GC(150) Phase 4: Compact heap
[65.686s][info][gc,phases      ] GC(150) Phase 4: Compact heap 3.673ms
[65.706s][info][gc,heap        ] GC(150) Eden regions: 189->0(614)
[65.706s][info][gc,heap        ] GC(150) Survivor regions: 18->0(77)
[65.706s][info][gc,heap        ] GC(150) Old regions: 54->52
[65.706s][info][gc,heap        ] GC(150) Humongous regions: 69->25
[65.706s][info][gc,metaspace   ] GC(150) Metaspace: 153841K(166748K)->153810K(166748K) NonClass: 133415K(139916K)->133389K(139916K) Class: 20426K(26832K)->20421K(26832K)
[65.706s][info][gc             ] GC(150) Pause Full (System.gc()) 324M->74M(1024M) 96.131ms
[65.706s][info][gc,cpu         ] GC(150) User=0.05s Sys=0.00s Real=0.09s
[66.061s][info][gc,start       ] GC(151) Pause Young (Normal) (G1 Evacuation Pause)
[66.061s][info][gc,task        ] GC(151) Using 6 workers of 6 for evacuation
[66.065s][info][gc,phases      ] GC(151)   Pre Evacuate Collection Set: 0.0ms
[66.065s][info][gc,phases      ] GC(151)   Evacuate Collection Set: 2.3ms
[66.065s][info][gc,phases      ] GC(151)   Post Evacuate Collection Set: 0.8ms
[66.065s][info][gc,phases      ] GC(151)   Other: 0.4ms
[66.065s][info][gc,heap        ] GC(151) Eden regions: 614->0(609)
[66.065s][info][gc,heap        ] GC(151) Survivor regions: 0->5(77)
[66.065s][info][gc,heap        ] GC(151) Old regions: 52->52
[66.065s][info][gc,heap        ] GC(151) Humongous regions: 79->25
[66.065s][info][gc,metaspace   ] GC(151) Metaspace: 153909K(167004K)->153909K(167004K) NonClass: 133483K(140172K)->133483K(140172K) Class: 20426K(26832K)->20426K(26832K)
[66.065s][info][gc             ] GC(151) Pause Young (Normal) (G1 Evacuation Pause) 742M->79M(1024M) 3.605ms
[66.065s][info][gc,cpu         ] GC(151) User=0.00s Sys=0.00s Real=0.00s
[66.321s][info][gc,start       ] GC(152) Pause Young (Normal) (G1 Evacuation Pause)
[66.321s][info][gc,task        ] GC(152) Using 6 workers of 6 for evacuation
[66.327s][info][gc,phases      ] GC(152)   Pre Evacuate Collection Set: 0.0ms
[66.327s][info][gc,phases      ] GC(152)   Evacuate Collection Set: 4.4ms
[66.327s][info][gc,phases      ] GC(152)   Post Evacuate Collection Set: 0.8ms
[66.327s][info][gc,phases      ] GC(152)   Other: 0.3ms
[66.327s][info][gc,heap        ] GC(152) Eden regions: 609->0(596)
[66.327s][info][gc,heap        ] GC(152) Survivor regions: 5->18(77)
[66.327s][info][gc,heap        ] GC(152) Old regions: 52->52
[66.327s][info][gc,heap        ] GC(152) Humongous regions: 57->25
[66.327s][info][gc,metaspace   ] GC(152) Metaspace: 153911K(167004K)->153911K(167004K) NonClass: 133485K(140172K)->133485K(140172K) Class: 20426K(26832K)->20426K(26832K)
[66.327s][info][gc             ] GC(152) Pause Young (Normal) (G1 Evacuation Pause) 720M->92M(1024M) 5.652ms
[66.327s][info][gc,cpu         ] GC(152) User=0.02s Sys=0.00s Real=0.02s
[66.513s][info][gc,task        ] GC(153) Using 6 workers of 6 for full compaction
[66.513s][info][gc,start       ] GC(153) Pause Full (System.gc())
[66.519s][info][gc,phases,start] GC(153) Phase 1: Mark live objects
[66.565s][info][gc,stringtable ] GC(153) Cleaned string and symbol table, strings: 43740 processed, 50 removed, symbols: 306826 processed, 20 removed
[66.565s][info][gc,phases      ] GC(153) Phase 1: Mark live objects 46.012ms
[66.565s][info][gc,phases,start] GC(153) Phase 2: Prepare for compaction
[66.569s][info][gc,phases      ] GC(153) Phase 2: Prepare for compaction 4.284ms
[66.569s][info][gc,phases,start] GC(153) Phase 3: Adjust pointers
[66.591s][info][gc,phases      ] GC(153) Phase 3: Adjust pointers 22.027ms
[66.591s][info][gc,phases,start] GC(153) Phase 4: Compact heap
[66.595s][info][gc,phases      ] GC(153) Phase 4: Compact heap 3.499ms
[66.617s][info][gc,heap        ] GC(153) Eden regions: 189->0(614)
[66.617s][info][gc,heap        ] GC(153) Survivor regions: 18->0(77)
[66.617s][info][gc,heap        ] GC(153) Old regions: 52->53
[66.617s][info][gc,heap        ] GC(153) Humongous regions: 69->25
[66.617s][info][gc,metaspace   ] GC(153) Metaspace: 153912K(167004K)->153881K(167004K) NonClass: 133485K(140172K)->133459K(140172K) Class: 20426K(26832K)->20421K(26832K)
[66.617s][info][gc             ] GC(153) Pause Full (System.gc()) 324M->74M(1024M) 103.584ms
[66.617s][info][gc,cpu         ] GC(153) User=0.11s Sys=0.00s Real=0.09s
[66.988s][info][gc,start       ] GC(154) Pause Young (Normal) (G1 Evacuation Pause)
[66.988s][info][gc,task        ] GC(154) Using 6 workers of 6 for evacuation
[66.991s][info][gc,phases      ] GC(154)   Pre Evacuate Collection Set: 0.0ms
[66.991s][info][gc,phases      ] GC(154)   Evacuate Collection Set: 2.0ms
[66.991s][info][gc,phases      ] GC(154)   Post Evacuate Collection Set: 0.7ms
[66.991s][info][gc,phases      ] GC(154)   Other: 0.3ms
[66.991s][info][gc,heap        ] GC(154) Eden regions: 614->0(609)
[66.991s][info][gc,heap        ] GC(154) Survivor regions: 0->5(77)
[66.991s][info][gc,heap        ] GC(154) Old regions: 53->53
[66.991s][info][gc,heap        ] GC(154) Humongous regions: 79->25
[66.991s][info][gc,metaspace   ] GC(154) Metaspace: 153972K(167004K)->153972K(167004K) NonClass: 133546K(140172K)->133546K(140172K) Class: 20426K(26832K)->20426K(26832K)
[66.991s][info][gc             ] GC(154) Pause Young (Normal) (G1 Evacuation Pause) 742M->79M(1024M) 3.110ms
[66.991s][info][gc,cpu         ] GC(154) User=0.00s Sys=0.00s Real=0.00s
[67.252s][info][gc,start       ] GC(155) Pause Young (Normal) (G1 Evacuation Pause)
[67.252s][info][gc,task        ] GC(155) Using 6 workers of 6 for evacuation
[67.257s][info][gc,phases      ] GC(155)   Pre Evacuate Collection Set: 0.0ms
[67.257s][info][gc,phases      ] GC(155)   Evacuate Collection Set: 3.8ms
[67.257s][info][gc,phases      ] GC(155)   Post Evacuate Collection Set: 0.7ms
[67.257s][info][gc,phases      ] GC(155)   Other: 0.3ms
[67.257s][info][gc,heap        ] GC(155) Eden regions: 609->0(596)
[67.257s][info][gc,heap        ] GC(155) Survivor regions: 5->18(77)
[67.257s][info][gc,heap        ] GC(155) Old regions: 53->53
[67.257s][info][gc,heap        ] GC(155) Humongous regions: 57->25
[67.257s][info][gc,metaspace   ] GC(155) Metaspace: 153990K(167004K)->153990K(167004K) NonClass: 133563K(140172K)->133563K(140172K) Class: 20426K(26832K)->20426K(26832K)
[67.257s][info][gc             ] GC(155) Pause Young (Normal) (G1 Evacuation Pause) 720M->91M(1024M) 4.900ms
[67.257s][info][gc,cpu         ] GC(155) User=0.00s Sys=0.00s Real=0.00s
[67.435s][info][gc,task        ] GC(156) Using 6 workers of 6 for full compaction
[67.435s][info][gc,start       ] GC(156) Pause Full (System.gc())
[67.437s][info][gc,phases,start] GC(156) Phase 1: Mark live objects
[67.476s][info][gc,stringtable ] GC(156) Cleaned string and symbol table, strings: 43815 processed, 50 removed, symbols: 306826 processed, 20 removed
[67.476s][info][gc,phases      ] GC(156) Phase 1: Mark live objects 39.114ms
[67.476s][info][gc,phases,start] GC(156) Phase 2: Prepare for compaction
[67.480s][info][gc,phases      ] GC(156) Phase 2: Prepare for compaction 3.528ms
[67.480s][info][gc,phases,start] GC(156) Phase 3: Adjust pointers
[67.501s][info][gc,phases      ] GC(156) Phase 3: Adjust pointers 21.067ms
[67.501s][info][gc,phases,start] GC(156) Phase 4: Compact heap
[67.506s][info][gc,phases      ] GC(156) Phase 4: Compact heap 4.713ms
[67.526s][info][gc,heap        ] GC(156) Eden regions: 188->0(614)
[67.526s][info][gc,heap        ] GC(156) Survivor regions: 18->0(77)
[67.526s][info][gc,heap        ] GC(156) Old regions: 53->63
[67.526s][info][gc,heap        ] GC(156) Humongous regions: 69->25
[67.526s][info][gc,metaspace   ] GC(156) Metaspace: 154007K(167004K)->153976K(167004K) NonClass: 133581K(140172K)->133554K(140172K) Class: 20426K(26832K)->20421K(26832K)
[67.526s][info][gc             ] GC(156) Pause Full (System.gc()) 323M->85M(1024M) 90.527ms
[67.526s][info][gc,cpu         ] GC(156) User=0.03s Sys=0.00s Real=0.09s
[67.877s][info][gc,start       ] GC(157) Pause Young (Normal) (G1 Evacuation Pause)
[67.877s][info][gc,task        ] GC(157) Using 6 workers of 6 for evacuation
[67.880s][info][gc,phases      ] GC(157)   Pre Evacuate Collection Set: 0.0ms
[67.880s][info][gc,phases      ] GC(157)   Evacuate Collection Set: 2.0ms
[67.880s][info][gc,phases      ] GC(157)   Post Evacuate Collection Set: 0.7ms
[67.880s][info][gc,phases      ] GC(157)   Other: 0.3ms
[67.880s][info][gc,heap        ] GC(157) Eden regions: 614->0(609)
[67.880s][info][gc,heap        ] GC(157) Survivor regions: 0->5(77)
[67.880s][info][gc,heap        ] GC(157) Old regions: 63->63
[67.880s][info][gc,heap        ] GC(157) Humongous regions: 79->25
[67.880s][info][gc,metaspace   ] GC(157) Metaspace: 154019K(167004K)->154019K(167004K) NonClass: 133593K(140172K)->133593K(140172K) Class: 20426K(26832K)->20426K(26832K)
[67.880s][info][gc             ] GC(157) Pause Young (Normal) (G1 Evacuation Pause) 753M->90M(1024M) 3.037ms
[67.880s][info][gc,cpu         ] GC(157) User=0.00s Sys=0.00s Real=0.00s
[68.131s][info][gc,start       ] GC(158) Pause Young (Normal) (G1 Evacuation Pause)
[68.131s][info][gc,task        ] GC(158) Using 6 workers of 6 for evacuation
[68.135s][info][gc,phases      ] GC(158)   Pre Evacuate Collection Set: 0.0ms
[68.135s][info][gc,phases      ] GC(158)   Evacuate Collection Set: 3.8ms
[68.135s][info][gc,phases      ] GC(158)   Post Evacuate Collection Set: 0.7ms
[68.135s][info][gc,phases      ] GC(158)   Other: 0.3ms
[68.136s][info][gc,heap        ] GC(158) Eden regions: 609->0(597)
[68.136s][info][gc,heap        ] GC(158) Survivor regions: 5->17(77)
[68.136s][info][gc,heap        ] GC(158) Old regions: 63->63
[68.136s][info][gc,heap        ] GC(158) Humongous regions: 57->25
[68.136s][info][gc,metaspace   ] GC(158) Metaspace: 154030K(167004K)->154030K(167004K) NonClass: 133604K(140172K)->133604K(140172K) Class: 20426K(26832K)->20426K(26832K)
[68.136s][info][gc             ] GC(158) Pause Young (Normal) (G1 Evacuation Pause) 731M->102M(1024M) 4.848ms
[68.136s][info][gc,cpu         ] GC(158) User=0.00s Sys=0.00s Real=0.00s
[68.312s][info][gc,task        ] GC(159) Using 6 workers of 6 for full compaction
[68.312s][info][gc,start       ] GC(159) Pause Full (System.gc())
[68.314s][info][gc,phases,start] GC(159) Phase 1: Mark live objects
[68.355s][info][gc,stringtable ] GC(159) Cleaned string and symbol table, strings: 43851 processed, 50 removed, symbols: 306826 processed, 20 removed
[68.355s][info][gc,phases      ] GC(159) Phase 1: Mark live objects 41.684ms
[68.355s][info][gc,phases,start] GC(159) Phase 2: Prepare for compaction
[68.359s][info][gc,phases      ] GC(159) Phase 2: Prepare for compaction 3.345ms
[68.359s][info][gc,phases,start] GC(159) Phase 3: Adjust pointers
[68.380s][info][gc,phases      ] GC(159) Phase 3: Adjust pointers 20.654ms
[68.380s][info][gc,phases,start] GC(159) Phase 4: Compact heap
[68.382s][info][gc,phases      ] GC(159) Phase 4: Compact heap 2.817ms
[68.403s][info][gc,heap        ] GC(159) Eden regions: 190->0(614)
[68.403s][info][gc,heap        ] GC(159) Survivor regions: 17->0(77)
[68.403s][info][gc,heap        ] GC(159) Old regions: 63->54
[68.403s][info][gc,heap        ] GC(159) Humongous regions: 69->25
[68.403s][info][gc,metaspace   ] GC(159) Metaspace: 154030K(167004K)->153999K(167004K) NonClass: 133604K(140172K)->133578K(140172K) Class: 20426K(26832K)->20421K(26832K)
[68.403s][info][gc             ] GC(159) Pause Full (System.gc()) 335M->74M(1024M) 91.343ms
[68.404s][info][gc,cpu         ] GC(159) User=0.06s Sys=0.00s Real=0.09s
[68.747s][info][gc,start       ] GC(160) Pause Young (Normal) (G1 Evacuation Pause)
[68.747s][info][gc,task        ] GC(160) Using 6 workers of 6 for evacuation
[68.750s][info][gc,phases      ] GC(160)   Pre Evacuate Collection Set: 0.0ms
[68.750s][info][gc,phases      ] GC(160)   Evacuate Collection Set: 2.1ms
[68.750s][info][gc,phases      ] GC(160)   Post Evacuate Collection Set: 0.7ms
[68.750s][info][gc,phases      ] GC(160)   Other: 0.3ms
[68.750s][info][gc,heap        ] GC(160) Eden regions: 614->0(609)
[68.750s][info][gc,heap        ] GC(160) Survivor regions: 0->5(77)
[68.750s][info][gc,heap        ] GC(160) Old regions: 54->54
[68.750s][info][gc,heap        ] GC(160) Humongous regions: 79->25
[68.750s][info][gc,metaspace   ] GC(160) Metaspace: 154041K(167004K)->154041K(167004K) NonClass: 133615K(140172K)->133615K(140172K) Class: 20426K(26832K)->20426K(26832K)
[68.750s][info][gc             ] GC(160) Pause Young (Normal) (G1 Evacuation Pause) 742M->79M(1024M) 3.199ms
[68.750s][info][gc,cpu         ] GC(160) User=0.00s Sys=0.00s Real=0.00s
[68.998s][info][gc,start       ] GC(161) Pause Young (Normal) (G1 Evacuation Pause)
[68.998s][info][gc,task        ] GC(161) Using 6 workers of 6 for evacuation
[69.003s][info][gc,phases      ] GC(161)   Pre Evacuate Collection Set: 0.0ms
[69.003s][info][gc,phases      ] GC(161)   Evacuate Collection Set: 3.8ms
[69.003s][info][gc,phases      ] GC(161)   Post Evacuate Collection Set: 0.7ms
[69.003s][info][gc,phases      ] GC(161)   Other: 0.4ms
[69.003s][info][gc,heap        ] GC(161) Eden regions: 609->0(597)
[69.003s][info][gc,heap        ] GC(161) Survivor regions: 5->17(77)
[69.003s][info][gc,heap        ] GC(161) Old regions: 54->54
[69.003s][info][gc,heap        ] GC(161) Humongous regions: 57->25
[69.003s][info][gc,metaspace   ] GC(161) Metaspace: 154043K(167004K)->154043K(167004K) NonClass: 133617K(140172K)->133617K(140172K) Class: 20426K(26832K)->20426K(26832K)
[69.003s][info][gc             ] GC(161) Pause Young (Normal) (G1 Evacuation Pause) 720M->91M(1024M) 4.971ms
[69.003s][info][gc,cpu         ] GC(161) User=0.00s Sys=0.00s Real=0.00s
[69.183s][info][gc,task        ] GC(162) Using 6 workers of 6 for full compaction
[69.183s][info][gc,start       ] GC(162) Pause Full (System.gc())
[69.185s][info][gc,phases,start] GC(162) Phase 1: Mark live objects
[69.224s][info][gc,stringtable ] GC(162) Cleaned string and symbol table, strings: 43874 processed, 50 removed, symbols: 306826 processed, 20 removed
[69.224s][info][gc,phases      ] GC(162) Phase 1: Mark live objects 38.465ms
[69.224s][info][gc,phases,start] GC(162) Phase 2: Prepare for compaction
[69.227s][info][gc,phases      ] GC(162) Phase 2: Prepare for compaction 3.508ms
[69.227s][info][gc,phases,start] GC(162) Phase 3: Adjust pointers
[69.248s][info][gc,phases      ] GC(162) Phase 3: Adjust pointers 20.881ms
[69.248s][info][gc,phases,start] GC(162) Phase 4: Compact heap
[69.251s][info][gc,phases      ] GC(162) Phase 4: Compact heap 3.101ms
[69.272s][info][gc,heap        ] GC(162) Eden regions: 189->0(614)
[69.272s][info][gc,heap        ] GC(162) Survivor regions: 17->0(77)
[69.272s][info][gc,heap        ] GC(162) Old regions: 54->54
[69.272s][info][gc,heap        ] GC(162) Humongous regions: 69->25
[69.272s][info][gc,metaspace   ] GC(162) Metaspace: 154046K(167004K)->154015K(167004K) NonClass: 133619K(140172K)->133593K(140172K) Class: 20426K(26832K)->20421K(26832K)
[69.272s][info][gc             ] GC(162) Pause Full (System.gc()) 324M->75M(1024M) 88.663ms
[69.272s][info][gc,cpu         ] GC(162) User=0.06s Sys=0.00s Real=0.08s
[69.612s][info][gc,start       ] GC(163) Pause Young (Normal) (G1 Evacuation Pause)
[69.612s][info][gc,task        ] GC(163) Using 6 workers of 6 for evacuation
[69.615s][info][gc,phases      ] GC(163)   Pre Evacuate Collection Set: 0.0ms
[69.615s][info][gc,phases      ] GC(163)   Evacuate Collection Set: 2.0ms
[69.615s][info][gc,phases      ] GC(163)   Post Evacuate Collection Set: 0.7ms
[69.615s][info][gc,phases      ] GC(163)   Other: 0.3ms
[69.615s][info][gc,heap        ] GC(163) Eden regions: 614->0(609)
[69.615s][info][gc,heap        ] GC(163) Survivor regions: 0->5(77)
[69.615s][info][gc,heap        ] GC(163) Old regions: 54->54
[69.615s][info][gc,heap        ] GC(163) Humongous regions: 79->25
[69.615s][info][gc,metaspace   ] GC(163) Metaspace: 154062K(167004K)->154062K(167004K) NonClass: 133635K(140172K)->133635K(140172K) Class: 20426K(26832K)->20426K(26832K)
[69.615s][info][gc             ] GC(163) Pause Young (Normal) (G1 Evacuation Pause) 743M->79M(1024M) 3.112ms
[69.615s][info][gc,cpu         ] GC(163) User=0.00s Sys=0.00s Real=0.00s
[69.865s][info][gc,start       ] GC(164) Pause Young (Normal) (G1 Evacuation Pause)
[69.865s][info][gc,task        ] GC(164) Using 6 workers of 6 for evacuation
[69.869s][info][gc,phases      ] GC(164)   Pre Evacuate Collection Set: 0.0ms
[69.870s][info][gc,phases      ] GC(164)   Evacuate Collection Set: 3.7ms
[69.870s][info][gc,phases      ] GC(164)   Post Evacuate Collection Set: 0.7ms
[69.870s][info][gc,phases      ] GC(164)   Other: 0.3ms
[69.870s][info][gc,heap        ] GC(164) Eden regions: 609->0(597)
[69.870s][info][gc,heap        ] GC(164) Survivor regions: 5->17(77)
[69.870s][info][gc,heap        ] GC(164) Old regions: 54->54
[69.870s][info][gc,heap        ] GC(164) Humongous regions: 57->25
[69.870s][info][gc,metaspace   ] GC(164) Metaspace: 154062K(167004K)->154062K(167004K) NonClass: 133635K(140172K)->133635K(140172K) Class: 20426K(26832K)->20426K(26832K)
[69.870s][info][gc             ] GC(164) Pause Young (Normal) (G1 Evacuation Pause) 720M->92M(1024M) 4.854ms
[69.870s][info][gc,cpu         ] GC(164) User=0.00s Sys=0.00s Real=0.00s
[70.047s][info][gc,task        ] GC(165) Using 6 workers of 6 for full compaction
[70.047s][info][gc,start       ] GC(165) Pause Full (System.gc())
[70.049s][info][gc,phases,start] GC(165) Phase 1: Mark live objects
[70.090s][info][gc,stringtable ] GC(165) Cleaned string and symbol table, strings: 43885 processed, 50 removed, symbols: 306826 processed, 20 removed
[70.090s][info][gc,phases      ] GC(165) Phase 1: Mark live objects 40.889ms
[70.090s][info][gc,phases,start] GC(165) Phase 2: Prepare for compaction
[70.093s][info][gc,phases      ] GC(165) Phase 2: Prepare for compaction 3.316ms
[70.093s][info][gc,phases,start] GC(165) Phase 3: Adjust pointers
[70.114s][info][gc,phases      ] GC(165) Phase 3: Adjust pointers 20.737ms
[70.114s][info][gc,phases,start] GC(165) Phase 4: Compact heap
[70.117s][info][gc,phases      ] GC(165) Phase 4: Compact heap 3.203ms
[70.137s][info][gc,heap        ] GC(165) Eden regions: 189->0(614)
[70.138s][info][gc,heap        ] GC(165) Survivor regions: 17->0(77)
[70.138s][info][gc,heap        ] GC(165) Old regions: 54->53
[70.138s][info][gc,heap        ] GC(165) Humongous regions: 69->25
[70.138s][info][gc,metaspace   ] GC(165) Metaspace: 154063K(167004K)->154032K(167004K) NonClass: 133637K(140172K)->133610K(140172K) Class: 20426K(26832K)->20421K(26832K)
[70.138s][info][gc             ] GC(165) Pause Full (System.gc()) 324M->75M(1024M) 90.497ms
[70.138s][info][gc,cpu         ] GC(165) User=0.06s Sys=0.00s Real=0.09s
[70.489s][info][gc,start       ] GC(166) Pause Young (Normal) (G1 Evacuation Pause)
[70.490s][info][gc,task        ] GC(166) Using 6 workers of 6 for evacuation
[70.493s][info][gc,phases      ] GC(166)   Pre Evacuate Collection Set: 0.0ms
[70.493s][info][gc,phases      ] GC(166)   Evacuate Collection Set: 2.0ms
[70.493s][info][gc,phases      ] GC(166)   Post Evacuate Collection Set: 0.8ms
[70.493s][info][gc,phases      ] GC(166)   Other: 0.3ms
[70.493s][info][gc,heap        ] GC(166) Eden regions: 614->0(609)
[70.493s][info][gc,heap        ] GC(166) Survivor regions: 0->5(77)
[70.493s][info][gc,heap        ] GC(166) Old regions: 53->53
[70.493s][info][gc,heap        ] GC(166) Humongous regions: 79->25
[70.493s][info][gc,metaspace   ] GC(166) Metaspace: 154171K(167004K)->154171K(167004K) NonClass: 133744K(140172K)->133744K(140172K) Class: 20426K(26832K)->20426K(26832K)
[70.493s][info][gc             ] GC(166) Pause Young (Normal) (G1 Evacuation Pause) 743M->80M(1024M) 3.216ms
[70.493s][info][gc,cpu         ] GC(166) User=0.00s Sys=0.00s Real=0.00s
[70.744s][info][gc,start       ] GC(167) Pause Young (Normal) (G1 Evacuation Pause)
[70.744s][info][gc,task        ] GC(167) Using 6 workers of 6 for evacuation
[70.749s][info][gc,phases      ] GC(167)   Pre Evacuate Collection Set: 0.0ms
[70.749s][info][gc,phases      ] GC(167)   Evacuate Collection Set: 3.8ms
[70.749s][info][gc,phases      ] GC(167)   Post Evacuate Collection Set: 0.7ms
[70.749s][info][gc,phases      ] GC(167)   Other: 0.3ms
[70.749s][info][gc,heap        ] GC(167) Eden regions: 609->0(596)
[70.749s][info][gc,heap        ] GC(167) Survivor regions: 5->18(77)
[70.749s][info][gc,heap        ] GC(167) Old regions: 53->53
[70.749s][info][gc,heap        ] GC(167) Humongous regions: 57->25
[70.749s][info][gc,metaspace   ] GC(167) Metaspace: 154171K(167004K)->154171K(167004K) NonClass: 133744K(140172K)->133744K(140172K) Class: 20426K(26832K)->20426K(26832K)
[70.749s][info][gc             ] GC(167) Pause Young (Normal) (G1 Evacuation Pause) 721M->92M(1024M) 4.995ms
[70.749s][info][gc,cpu         ] GC(167) User=0.00s Sys=0.00s Real=0.00s
[70.927s][info][gc,task        ] GC(168) Using 6 workers of 6 for full compaction
[70.927s][info][gc,start       ] GC(168) Pause Full (System.gc())
[70.931s][info][gc,phases,start] GC(168) Phase 1: Mark live objects
[70.972s][info][gc,stringtable ] GC(168) Cleaned string and symbol table, strings: 43925 processed, 50 removed, symbols: 306827 processed, 21 removed
[70.972s][info][gc,phases      ] GC(168) Phase 1: Mark live objects 40.947ms
[70.972s][info][gc,phases,start] GC(168) Phase 2: Prepare for compaction
[70.976s][info][gc,phases      ] GC(168) Phase 2: Prepare for compaction 3.588ms
[70.976s][info][gc,phases,start] GC(168) Phase 3: Adjust pointers
[70.997s][info][gc,phases      ] GC(168) Phase 3: Adjust pointers 21.254ms
[70.997s][info][gc,phases,start] GC(168) Phase 4: Compact heap
[71.002s][info][gc,phases      ] GC(168) Phase 4: Compact heap 4.953ms
[71.023s][info][gc,heap        ] GC(168) Eden regions: 189->0(614)
[71.023s][info][gc,heap        ] GC(168) Survivor regions: 18->0(77)
[71.023s][info][gc,heap        ] GC(168) Old regions: 53->64
[71.023s][info][gc,heap        ] GC(168) Humongous regions: 69->25
[71.023s][info][gc,metaspace   ] GC(168) Metaspace: 154180K(167260K)->154149K(167260K) NonClass: 133754K(140428K)->133727K(140428K) Class: 20426K(26832K)->20422K(26832K)
[71.023s][info][gc             ] GC(168) Pause Full (System.gc()) 324M->86M(1024M) 95.482ms
[71.023s][info][gc,cpu         ] GC(168) User=0.05s Sys=0.00s Real=0.09s
[71.372s][info][gc,start       ] GC(169) Pause Young (Normal) (G1 Evacuation Pause)
[71.372s][info][gc,task        ] GC(169) Using 6 workers of 6 for evacuation
[71.375s][info][gc,phases      ] GC(169)   Pre Evacuate Collection Set: 0.0ms
[71.375s][info][gc,phases      ] GC(169)   Evacuate Collection Set: 2.0ms
[71.375s][info][gc,phases      ] GC(169)   Post Evacuate Collection Set: 0.7ms
[71.375s][info][gc,phases      ] GC(169)   Other: 0.3ms
[71.375s][info][gc,heap        ] GC(169) Eden regions: 614->0(609)
[71.375s][info][gc,heap        ] GC(169) Survivor regions: 0->5(77)
[71.375s][info][gc,heap        ] GC(169) Old regions: 64->64
[71.375s][info][gc,heap        ] GC(169) Humongous regions: 79->25
[71.375s][info][gc,metaspace   ] GC(169) Metaspace: 154186K(167260K)->154186K(167260K) NonClass: 133760K(140428K)->133760K(140428K) Class: 20426K(26832K)->20426K(26832K)
[71.375s][info][gc             ] GC(169) Pause Young (Normal) (G1 Evacuation Pause) 754M->91M(1024M) 3.232ms
[71.375s][info][gc,cpu         ] GC(169) User=0.00s Sys=0.00s Real=0.00s
[71.629s][info][gc,start       ] GC(170) Pause Young (Normal) (G1 Evacuation Pause)
[71.629s][info][gc,task        ] GC(170) Using 6 workers of 6 for evacuation
[71.634s][info][gc,phases      ] GC(170)   Pre Evacuate Collection Set: 0.0ms
[71.634s][info][gc,phases      ] GC(170)   Evacuate Collection Set: 3.6ms
[71.634s][info][gc,phases      ] GC(170)   Post Evacuate Collection Set: 0.8ms
[71.634s][info][gc,phases      ] GC(170)   Other: 0.3ms
[71.634s][info][gc,heap        ] GC(170) Eden regions: 609->0(596)
[71.634s][info][gc,heap        ] GC(170) Survivor regions: 5->18(77)
[71.634s][info][gc,heap        ] GC(170) Old regions: 64->64
[71.634s][info][gc,heap        ] GC(170) Humongous regions: 57->25
[71.634s][info][gc,metaspace   ] GC(170) Metaspace: 154186K(167260K)->154186K(167260K) NonClass: 133760K(140428K)->133760K(140428K) Class: 20426K(26832K)->20426K(26832K)
[71.634s][info][gc             ] GC(170) Pause Young (Normal) (G1 Evacuation Pause) 732M->103M(1024M) 4.824ms
[71.634s][info][gc,cpu         ] GC(170) User=0.00s Sys=0.00s Real=0.00s
[71.806s][info][gc,task        ] GC(171) Using 6 workers of 6 for full compaction
[71.806s][info][gc,start       ] GC(171) Pause Full (System.gc())
[71.807s][info][gc,phases,start] GC(171) Phase 1: Mark live objects
[71.848s][info][gc,stringtable ] GC(171) Cleaned string and symbol table, strings: 43951 processed, 50 removed, symbols: 306826 processed, 20 removed
[71.848s][info][gc,phases      ] GC(171) Phase 1: Mark live objects 40.959ms
[71.848s][info][gc,phases,start] GC(171) Phase 2: Prepare for compaction
[71.852s][info][gc,phases      ] GC(171) Phase 2: Prepare for compaction 3.624ms
[71.852s][info][gc,phases,start] GC(171) Phase 3: Adjust pointers
[71.873s][info][gc,phases      ] GC(171) Phase 3: Adjust pointers 21.227ms
[71.873s][info][gc,phases,start] GC(171) Phase 4: Compact heap
[71.877s][info][gc,phases      ] GC(171) Phase 4: Compact heap 3.204ms
[71.897s][info][gc,heap        ] GC(171) Eden regions: 188->0(614)
[71.897s][info][gc,heap        ] GC(171) Survivor regions: 18->0(77)
[71.897s][info][gc,heap        ] GC(171) Old regions: 64->53
[71.897s][info][gc,heap        ] GC(171) Humongous regions: 69->25
[71.897s][info][gc,metaspace   ] GC(171) Metaspace: 154186K(167260K)->154156K(167260K) NonClass: 133760K(140428K)->133733K(140428K) Class: 20426K(26832K)->20422K(26832K)
[71.897s][info][gc             ] GC(171) Pause Full (System.gc()) 335M->75M(1024M) 91.705ms
[71.898s][info][gc,cpu         ] GC(171) User=0.02s Sys=0.00s Real=0.09s
[72.245s][info][gc,start       ] GC(172) Pause Young (Normal) (G1 Evacuation Pause)
[72.245s][info][gc,task        ] GC(172) Using 6 workers of 6 for evacuation
[72.248s][info][gc,phases      ] GC(172)   Pre Evacuate Collection Set: 0.0ms
[72.249s][info][gc,phases      ] GC(172)   Evacuate Collection Set: 2.0ms
[72.249s][info][gc,phases      ] GC(172)   Post Evacuate Collection Set: 0.7ms
[72.249s][info][gc,phases      ] GC(172)   Other: 0.3ms
[72.249s][info][gc,heap        ] GC(172) Eden regions: 614->0(609)
[72.249s][info][gc,heap        ] GC(172) Survivor regions: 0->5(77)
[72.249s][info][gc,heap        ] GC(172) Old regions: 53->53
[72.249s][info][gc,heap        ] GC(172) Humongous regions: 79->25
[72.249s][info][gc,metaspace   ] GC(172) Metaspace: 154251K(167260K)->154251K(167260K) NonClass: 133825K(140428K)->133825K(140428K) Class: 20426K(26832K)->20426K(26832K)
[72.249s][info][gc             ] GC(172) Pause Young (Normal) (G1 Evacuation Pause) 743M->80M(1024M) 3.160ms
[72.249s][info][gc,cpu         ] GC(172) User=0.00s Sys=0.00s Real=0.01s
[72.498s][info][gc,start       ] GC(173) Pause Young (Normal) (G1 Evacuation Pause)
[72.498s][info][gc,task        ] GC(173) Using 6 workers of 6 for evacuation
[72.502s][info][gc,phases      ] GC(173)   Pre Evacuate Collection Set: 0.0ms
[72.503s][info][gc,phases      ] GC(173)   Evacuate Collection Set: 3.8ms
[72.503s][info][gc,phases      ] GC(173)   Post Evacuate Collection Set: 0.7ms
[72.503s][info][gc,phases      ] GC(173)   Other: 0.4ms
[72.503s][info][gc,heap        ] GC(173) Eden regions: 609->0(596)
[72.503s][info][gc,heap        ] GC(173) Survivor regions: 5->18(77)
[72.503s][info][gc,heap        ] GC(173) Old regions: 53->53
[72.503s][info][gc,heap        ] GC(173) Humongous regions: 57->25
[72.503s][info][gc,metaspace   ] GC(173) Metaspace: 154251K(167260K)->154251K(167260K) NonClass: 133825K(140428K)->133825K(140428K) Class: 20426K(26832K)->20426K(26832K)
[72.503s][info][gc             ] GC(173) Pause Young (Normal) (G1 Evacuation Pause) 721M->92M(1024M) 4.941ms
[72.503s][info][gc,cpu         ] GC(173) User=0.00s Sys=0.00s Real=0.00s
[72.679s][info][gc,task        ] GC(174) Using 6 workers of 6 for full compaction
[72.679s][info][gc,start       ] GC(174) Pause Full (System.gc())
[72.681s][info][gc,phases,start] GC(174) Phase 1: Mark live objects
[72.722s][info][gc,stringtable ] GC(174) Cleaned string and symbol table, strings: 43961 processed, 50 removed, symbols: 306826 processed, 20 removed
[72.722s][info][gc,phases      ] GC(174) Phase 1: Mark live objects 40.942ms
[72.722s][info][gc,phases,start] GC(174) Phase 2: Prepare for compaction
[72.725s][info][gc,phases      ] GC(174) Phase 2: Prepare for compaction 3.358ms
[72.725s][info][gc,phases,start] GC(174) Phase 3: Adjust pointers
[72.747s][info][gc,phases      ] GC(174) Phase 3: Adjust pointers 21.319ms
[72.747s][info][gc,phases,start] GC(174) Phase 4: Compact heap
[72.750s][info][gc,phases      ] GC(174) Phase 4: Compact heap 3.053ms
[72.770s][info][gc,heap        ] GC(174) Eden regions: 188->0(614)
[72.770s][info][gc,heap        ] GC(174) Survivor regions: 18->0(77)
[72.770s][info][gc,heap        ] GC(174) Old regions: 53->54
[72.770s][info][gc,heap        ] GC(174) Humongous regions: 69->25
[72.770s][info][gc,metaspace   ] GC(174) Metaspace: 154251K(167260K)->154220K(167260K) NonClass: 133825K(140428K)->133798K(140428K) Class: 20426K(26832K)->20422K(26832K)
[72.770s][info][gc             ] GC(174) Pause Full (System.gc()) 324M->75M(1024M) 91.290ms
[72.770s][info][gc,cpu         ] GC(174) User=0.03s Sys=0.00s Real=0.09s
[73.119s][info][gc,start       ] GC(175) Pause Young (Normal) (G1 Evacuation Pause)
[73.119s][info][gc,task        ] GC(175) Using 6 workers of 6 for evacuation
[73.122s][info][gc,phases      ] GC(175)   Pre Evacuate Collection Set: 0.0ms
[73.122s][info][gc,phases      ] GC(175)   Evacuate Collection Set: 2.5ms
[73.122s][info][gc,phases      ] GC(175)   Post Evacuate Collection Set: 0.7ms
[73.122s][info][gc,phases      ] GC(175)   Other: 0.4ms
[73.122s][info][gc,heap        ] GC(175) Eden regions: 614->0(609)
[73.122s][info][gc,heap        ] GC(175) Survivor regions: 0->5(77)
[73.122s][info][gc,heap        ] GC(175) Old regions: 54->54
[73.122s][info][gc,heap        ] GC(175) Humongous regions: 79->25
[73.122s][info][gc,metaspace   ] GC(175) Metaspace: 154305K(167260K)->154305K(167260K) NonClass: 133879K(140428K)->133879K(140428K) Class: 20426K(26832K)->20426K(26832K)
[73.122s][info][gc             ] GC(175) Pause Young (Normal) (G1 Evacuation Pause) 743M->80M(1024M) 3.637ms
[73.122s][info][gc,cpu         ] GC(175) User=0.02s Sys=0.00s Real=0.02s
[73.373s][info][gc,start       ] GC(176) Pause Young (Normal) (G1 Evacuation Pause)
[73.373s][info][gc,task        ] GC(176) Using 6 workers of 6 for evacuation
[73.378s][info][gc,phases      ] GC(176)   Pre Evacuate Collection Set: 0.0ms
[73.378s][info][gc,phases      ] GC(176)   Evacuate Collection Set: 3.8ms
[73.378s][info][gc,phases      ] GC(176)   Post Evacuate Collection Set: 0.7ms
[73.378s][info][gc,phases      ] GC(176)   Other: 0.3ms
[73.378s][info][gc,heap        ] GC(176) Eden regions: 609->0(596)
[73.378s][info][gc,heap        ] GC(176) Survivor regions: 5->18(77)
[73.378s][info][gc,heap        ] GC(176) Old regions: 54->54
[73.378s][info][gc,heap        ] GC(176) Humongous regions: 57->25
[73.378s][info][gc,metaspace   ] GC(176) Metaspace: 154315K(167260K)->154315K(167260K) NonClass: 133888K(140428K)->133888K(140428K) Class: 20426K(26832K)->20426K(26832K)
[73.378s][info][gc             ] GC(176) Pause Young (Normal) (G1 Evacuation Pause) 721M->92M(1024M) 4.914ms
[73.378s][info][gc,cpu         ] GC(176) User=0.00s Sys=0.00s Real=0.00s
[73.554s][info][gc,task        ] GC(177) Using 6 workers of 6 for full compaction
[73.554s][info][gc,start       ] GC(177) Pause Full (System.gc())
[73.556s][info][gc,phases,start] GC(177) Phase 1: Mark live objects
[73.598s][info][gc,stringtable ] GC(177) Cleaned string and symbol table, strings: 43963 processed, 50 removed, symbols: 306826 processed, 20 removed
[73.598s][info][gc,phases      ] GC(177) Phase 1: Mark live objects 41.719ms
[73.598s][info][gc,phases,start] GC(177) Phase 2: Prepare for compaction
[73.601s][info][gc,phases      ] GC(177) Phase 2: Prepare for compaction 3.413ms
[73.601s][info][gc,phases,start] GC(177) Phase 3: Adjust pointers
[73.623s][info][gc,phases      ] GC(177) Phase 3: Adjust pointers 21.431ms
[73.623s][info][gc,phases,start] GC(177) Phase 4: Compact heap
[73.626s][info][gc,phases      ] GC(177) Phase 4: Compact heap 2.936ms
[73.647s][info][gc,heap        ] GC(177) Eden regions: 189->0(614)
[73.647s][info][gc,heap        ] GC(177) Survivor regions: 18->0(77)
[73.647s][info][gc,heap        ] GC(177) Old regions: 54->54
[73.647s][info][gc,heap        ] GC(177) Humongous regions: 69->25
[73.647s][info][gc,metaspace   ] GC(177) Metaspace: 154315K(167260K)->154284K(167260K) NonClass: 133888K(140428K)->133862K(140428K) Class: 20426K(26832K)->20422K(26832K)
[73.647s][info][gc             ] GC(177) Pause Full (System.gc()) 325M->75M(1024M) 92.481ms
[73.647s][info][gc,cpu         ] GC(177) User=0.03s Sys=0.02s Real=0.09s
[73.997s][info][gc,start       ] GC(178) Pause Young (Normal) (G1 Evacuation Pause)
[73.997s][info][gc,task        ] GC(178) Using 6 workers of 6 for evacuation
[74.000s][info][gc,phases      ] GC(178)   Pre Evacuate Collection Set: 0.0ms
[74.000s][info][gc,phases      ] GC(178)   Evacuate Collection Set: 2.0ms
[74.000s][info][gc,phases      ] GC(178)   Post Evacuate Collection Set: 0.7ms
[74.000s][info][gc,phases      ] GC(178)   Other: 0.5ms
[74.000s][info][gc,heap        ] GC(178) Eden regions: 614->0(609)
[74.000s][info][gc,heap        ] GC(178) Survivor regions: 0->5(77)
[74.000s][info][gc,heap        ] GC(178) Old regions: 54->54
[74.000s][info][gc,heap        ] GC(178) Humongous regions: 79->25
[74.000s][info][gc,metaspace   ] GC(178) Metaspace: 154331K(167260K)->154331K(167260K) NonClass: 133904K(140428K)->133904K(140428K) Class: 20426K(26832K)->20426K(26832K)
[74.000s][info][gc             ] GC(178) Pause Young (Normal) (G1 Evacuation Pause) 743M->80M(1024M) 3.220ms
[74.000s][info][gc,cpu         ] GC(178) User=0.00s Sys=0.00s Real=0.00s
[74.253s][info][gc,start       ] GC(179) Pause Young (Normal) (G1 Evacuation Pause)
[74.253s][info][gc,task        ] GC(179) Using 6 workers of 6 for evacuation
[74.258s][info][gc,phases      ] GC(179)   Pre Evacuate Collection Set: 0.0ms
[74.258s][info][gc,phases      ] GC(179)   Evacuate Collection Set: 3.9ms
[74.258s][info][gc,phases      ] GC(179)   Post Evacuate Collection Set: 0.7ms
[74.258s][info][gc,phases      ] GC(179)   Other: 0.3ms
[74.258s][info][gc,heap        ] GC(179) Eden regions: 609->0(597)
[74.258s][info][gc,heap        ] GC(179) Survivor regions: 5->17(77)
[74.258s][info][gc,heap        ] GC(179) Old regions: 54->54
[74.258s][info][gc,heap        ] GC(179) Humongous regions: 57->25
[74.258s][info][gc,metaspace   ] GC(179) Metaspace: 154331K(167260K)->154331K(167260K) NonClass: 133904K(140428K)->133904K(140428K) Class: 20426K(26832K)->20426K(26832K)
[74.258s][info][gc             ] GC(179) Pause Young (Normal) (G1 Evacuation Pause) 721M->92M(1024M) 5.018ms
[74.258s][info][gc,cpu         ] GC(179) User=0.00s Sys=0.00s Real=0.00s
[74.442s][info][gc,task        ] GC(180) Using 6 workers of 6 for full compaction
[74.442s][info][gc,start       ] GC(180) Pause Full (System.gc())
[74.445s][info][gc,phases,start] GC(180) Phase 1: Mark live objects
[74.486s][info][gc,stringtable ] GC(180) Cleaned string and symbol table, strings: 43972 processed, 50 removed, symbols: 306826 processed, 20 removed
[74.486s][info][gc,phases      ] GC(180) Phase 1: Mark live objects 41.811ms
[74.486s][info][gc,phases,start] GC(180) Phase 2: Prepare for compaction
[74.490s][info][gc,phases      ] GC(180) Phase 2: Prepare for compaction 3.543ms
[74.490s][info][gc,phases,start] GC(180) Phase 3: Adjust pointers
[74.512s][info][gc,phases      ] GC(180) Phase 3: Adjust pointers 21.614ms
[74.512s][info][gc,phases,start] GC(180) Phase 4: Compact heap
[74.515s][info][gc,phases      ] GC(180) Phase 4: Compact heap 3.209ms
[74.536s][info][gc,heap        ] GC(180) Eden regions: 189->0(614)
[74.536s][info][gc,heap        ] GC(180) Survivor regions: 17->0(77)
[74.536s][info][gc,heap        ] GC(180) Old regions: 54->55
[74.536s][info][gc,heap        ] GC(180) Humongous regions: 69->25
[74.536s][info][gc,metaspace   ] GC(180) Metaspace: 154331K(167260K)->154300K(167260K) NonClass: 133904K(140428K)->133878K(140428K) Class: 20426K(26832K)->20422K(26832K)
[74.536s][info][gc             ] GC(180) Pause Full (System.gc()) 325M->75M(1024M) 94.126ms
[74.536s][info][gc,cpu         ] GC(180) User=0.05s Sys=0.00s Real=0.09s
[74.875s][info][gc,start       ] GC(181) Pause Young (Normal) (G1 Evacuation Pause)
[74.875s][info][gc,task        ] GC(181) Using 6 workers of 6 for evacuation
[74.878s][info][gc,phases      ] GC(181)   Pre Evacuate Collection Set: 0.0ms
[74.878s][info][gc,phases      ] GC(181)   Evacuate Collection Set: 2.2ms
[74.878s][info][gc,phases      ] GC(181)   Post Evacuate Collection Set: 0.7ms
[74.878s][info][gc,phases      ] GC(181)   Other: 0.4ms
[74.878s][info][gc,heap        ] GC(181) Eden regions: 614->0(609)
[74.878s][info][gc,heap        ] GC(181) Survivor regions: 0->5(77)
[74.878s][info][gc,heap        ] GC(181) Old regions: 55->55
[74.878s][info][gc,heap        ] GC(181) Humongous regions: 79->25
[74.878s][info][gc,metaspace   ] GC(181) Metaspace: 154415K(167516K)->154415K(167516K) NonClass: 133989K(140684K)->133989K(140684K) Class: 20426K(26832K)->20426K(26832K)
[74.878s][info][gc             ] GC(181) Pause Young (Normal) (G1 Evacuation Pause) 743M->80M(1024M) 3.363ms
[74.878s][info][gc,cpu         ] GC(181) User=0.00s Sys=0.00s Real=0.00s
[75.129s][info][gc,start       ] GC(182) Pause Young (Normal) (G1 Evacuation Pause)
[75.129s][info][gc,task        ] GC(182) Using 6 workers of 6 for evacuation
[75.134s][info][gc,phases      ] GC(182)   Pre Evacuate Collection Set: 0.0ms
[75.134s][info][gc,phases      ] GC(182)   Evacuate Collection Set: 3.9ms
[75.134s][info][gc,phases      ] GC(182)   Post Evacuate Collection Set: 0.7ms
[75.134s][info][gc,phases      ] GC(182)   Other: 0.3ms
[75.134s][info][gc,heap        ] GC(182) Eden regions: 609->0(596)
[75.134s][info][gc,heap        ] GC(182) Survivor regions: 5->18(77)
[75.134s][info][gc,heap        ] GC(182) Old regions: 55->55
[75.134s][info][gc,heap        ] GC(182) Humongous regions: 57->25
[75.134s][info][gc,metaspace   ] GC(182) Metaspace: 154415K(167516K)->154415K(167516K) NonClass: 133989K(140684K)->133989K(140684K) Class: 20426K(26832K)->20426K(26832K)
[75.134s][info][gc             ] GC(182) Pause Young (Normal) (G1 Evacuation Pause) 721M->92M(1024M) 5.006ms
[75.134s][info][gc,cpu         ] GC(182) User=0.02s Sys=0.00s Real=0.02s
[75.308s][info][gc,task        ] GC(183) Using 6 workers of 6 for full compaction
[75.308s][info][gc,start       ] GC(183) Pause Full (System.gc())
[75.310s][info][gc,phases,start] GC(183) Phase 1: Mark live objects
[75.351s][info][gc,stringtable ] GC(183) Cleaned string and symbol table, strings: 43983 processed, 50 removed, symbols: 306826 processed, 20 removed
[75.351s][info][gc,phases      ] GC(183) Phase 1: Mark live objects 40.808ms
[75.351s][info][gc,phases,start] GC(183) Phase 2: Prepare for compaction
[75.355s][info][gc,phases      ] GC(183) Phase 2: Prepare for compaction 3.641ms
[75.355s][info][gc,phases,start] GC(183) Phase 3: Adjust pointers
[75.376s][info][gc,phases      ] GC(183) Phase 3: Adjust pointers 21.802ms
[75.376s][info][gc,phases,start] GC(183) Phase 4: Compact heap
[75.380s][info][gc,phases      ] GC(183) Phase 4: Compact heap 3.204ms
[75.401s][info][gc,heap        ] GC(183) Eden regions: 189->0(614)
[75.401s][info][gc,heap        ] GC(183) Survivor regions: 18->0(77)
[75.401s][info][gc,heap        ] GC(183) Old regions: 55->53
[75.401s][info][gc,heap        ] GC(183) Humongous regions: 69->25
[75.401s][info][gc,metaspace   ] GC(183) Metaspace: 154415K(167516K)->154384K(167516K) NonClass: 133989K(140684K)->133962K(140684K) Class: 20426K(26832K)->20422K(26832K)
[75.401s][info][gc             ] GC(183) Pause Full (System.gc()) 325M->75M(1024M) 92.536ms
[75.401s][info][gc,cpu         ] GC(183) User=0.06s Sys=0.00s Real=0.09s
[75.745s][info][gc,start       ] GC(184) Pause Young (Normal) (G1 Evacuation Pause)
[75.745s][info][gc,task        ] GC(184) Using 6 workers of 6 for evacuation
[75.748s][info][gc,phases      ] GC(184)   Pre Evacuate Collection Set: 0.0ms
[75.748s][info][gc,phases      ] GC(184)   Evacuate Collection Set: 2.0ms
[75.748s][info][gc,phases      ] GC(184)   Post Evacuate Collection Set: 0.7ms
[75.748s][info][gc,phases      ] GC(184)   Other: 0.4ms
[75.748s][info][gc,heap        ] GC(184) Eden regions: 614->0(609)
[75.748s][info][gc,heap        ] GC(184) Survivor regions: 0->5(77)
[75.748s][info][gc,heap        ] GC(184) Old regions: 53->53
[75.748s][info][gc,heap        ] GC(184) Humongous regions: 79->25
[75.748s][info][gc,metaspace   ] GC(184) Metaspace: 154418K(167516K)->154418K(167516K) NonClass: 133991K(140684K)->133991K(140684K) Class: 20426K(26832K)->20426K(26832K)
[75.748s][info][gc             ] GC(184) Pause Young (Normal) (G1 Evacuation Pause) 743M->80M(1024M) 3.184ms
[75.748s][info][gc,cpu         ] GC(184) User=0.00s Sys=0.00s Real=0.00s
[76.000s][info][gc,start       ] GC(185) Pause Young (Normal) (G1 Evacuation Pause)
[76.000s][info][gc,task        ] GC(185) Using 6 workers of 6 for evacuation
[76.005s][info][gc,phases      ] GC(185)   Pre Evacuate Collection Set: 0.0ms
[76.005s][info][gc,phases      ] GC(185)   Evacuate Collection Set: 4.0ms
[76.005s][info][gc,phases      ] GC(185)   Post Evacuate Collection Set: 0.7ms
[76.005s][info][gc,phases      ] GC(185)   Other: 0.3ms
[76.005s][info][gc,heap        ] GC(185) Eden regions: 609->0(597)
[76.005s][info][gc,heap        ] GC(185) Survivor regions: 5->17(77)
[76.005s][info][gc,heap        ] GC(185) Old regions: 53->53
[76.005s][info][gc,heap        ] GC(185) Humongous regions: 57->25
[76.005s][info][gc,metaspace   ] GC(185) Metaspace: 154418K(167516K)->154418K(167516K) NonClass: 133991K(140684K)->133991K(140684K) Class: 20426K(26832K)->20426K(26832K)
[76.005s][info][gc             ] GC(185) Pause Young (Normal) (G1 Evacuation Pause) 721M->92M(1024M) 5.234ms
[76.005s][info][gc,cpu         ] GC(185) User=0.02s Sys=0.00s Real=0.00s
[76.180s][info][gc,task        ] GC(186) Using 6 workers of 6 for full compaction
[76.180s][info][gc,start       ] GC(186) Pause Full (System.gc())
[76.185s][info][gc,phases,start] GC(186) Phase 1: Mark live objects
[76.225s][info][gc,stringtable ] GC(186) Cleaned string and symbol table, strings: 43994 processed, 50 removed, symbols: 306826 processed, 20 removed
[76.225s][info][gc,phases      ] GC(186) Phase 1: Mark live objects 39.918ms
[76.225s][info][gc,phases,start] GC(186) Phase 2: Prepare for compaction
[76.228s][info][gc,phases      ] GC(186) Phase 2: Prepare for compaction 3.541ms
[76.229s][info][gc,phases,start] GC(186) Phase 3: Adjust pointers
[76.250s][info][gc,phases      ] GC(186) Phase 3: Adjust pointers 21.556ms
[76.250s][info][gc,phases,start] GC(186) Phase 4: Compact heap
[76.255s][info][gc,phases      ] GC(186) Phase 4: Compact heap 4.621ms
[76.274s][info][gc,heap        ] GC(186) Eden regions: 189->0(614)
[76.275s][info][gc,heap        ] GC(186) Survivor regions: 17->0(77)
[76.275s][info][gc,heap        ] GC(186) Old regions: 53->66
[76.275s][info][gc,heap        ] GC(186) Humongous regions: 69->25
[76.275s][info][gc,metaspace   ] GC(186) Metaspace: 154418K(167516K)->154387K(167516K) NonClass: 133991K(140684K)->133965K(140684K) Class: 20426K(26832K)->20422K(26832K)
[76.275s][info][gc             ] GC(186) Pause Full (System.gc()) 324M->86M(1024M) 94.163ms
[76.275s][info][gc,cpu         ] GC(186) User=0.03s Sys=0.00s Real=0.09s
[76.610s][info][gc,start       ] GC(187) Pause Young (Normal) (G1 Evacuation Pause)
[76.610s][info][gc,task        ] GC(187) Using 6 workers of 6 for evacuation
[76.613s][info][gc,phases      ] GC(187)   Pre Evacuate Collection Set: 0.0ms
[76.613s][info][gc,phases      ] GC(187)   Evacuate Collection Set: 2.0ms
[76.613s][info][gc,phases      ] GC(187)   Post Evacuate Collection Set: 0.7ms
[76.613s][info][gc,phases      ] GC(187)   Other: 0.3ms
[76.613s][info][gc,heap        ] GC(187) Eden regions: 614->0(608)
[76.613s][info][gc,heap        ] GC(187) Survivor regions: 0->6(77)
[76.613s][info][gc,heap        ] GC(187) Old regions: 66->66
[76.613s][info][gc,heap        ] GC(187) Humongous regions: 79->25
[76.613s][info][gc,metaspace   ] GC(187) Metaspace: 154435K(167516K)->154435K(167516K) NonClass: 134008K(140684K)->134008K(140684K) Class: 20426K(26832K)->20426K(26832K)
[76.613s][info][gc             ] GC(187) Pause Young (Normal) (G1 Evacuation Pause) 754M->92M(1024M) 3.110ms
[76.613s][info][gc,cpu         ] GC(187) User=0.00s Sys=0.00s Real=0.00s
[76.861s][info][gc,start       ] GC(188) Pause Young (Normal) (G1 Evacuation Pause)
[76.861s][info][gc,task        ] GC(188) Using 6 workers of 6 for evacuation
[76.866s][info][gc,phases      ] GC(188)   Pre Evacuate Collection Set: 0.0ms
[76.866s][info][gc,phases      ] GC(188)   Evacuate Collection Set: 3.8ms
[76.866s][info][gc,phases      ] GC(188)   Post Evacuate Collection Set: 0.7ms
[76.866s][info][gc,phases      ] GC(188)   Other: 0.4ms
[76.866s][info][gc,heap        ] GC(188) Eden regions: 608->0(596)
[76.866s][info][gc,heap        ] GC(188) Survivor regions: 6->18(77)
[76.866s][info][gc,heap        ] GC(188) Old regions: 66->66
[76.866s][info][gc,heap        ] GC(188) Humongous regions: 57->25
[76.866s][info][gc,metaspace   ] GC(188) Metaspace: 154435K(167516K)->154435K(167516K) NonClass: 134008K(140684K)->134008K(140684K) Class: 20426K(26832K)->20426K(26832K)
[76.866s][info][gc             ] GC(188) Pause Young (Normal) (G1 Evacuation Pause) 732M->103M(1024M) 5.058ms
[76.866s][info][gc,cpu         ] GC(188) User=0.00s Sys=0.00s Real=0.00s
[77.044s][info][gc,task        ] GC(189) Using 6 workers of 6 for full compaction
[77.044s][info][gc,start       ] GC(189) Pause Full (System.gc())
[77.046s][info][gc,phases,start] GC(189) Phase 1: Mark live objects
[77.087s][info][gc,stringtable ] GC(189) Cleaned string and symbol table, strings: 44010 processed, 50 removed, symbols: 306826 processed, 20 removed
[77.087s][info][gc,phases      ] GC(189) Phase 1: Mark live objects 41.251ms
[77.087s][info][gc,phases,start] GC(189) Phase 2: Prepare for compaction
[77.090s][info][gc,phases      ] GC(189) Phase 2: Prepare for compaction 3.344ms
[77.091s][info][gc,phases,start] GC(189) Phase 3: Adjust pointers
[77.112s][info][gc,phases      ] GC(189) Phase 3: Adjust pointers 20.915ms
[77.112s][info][gc,phases,start] GC(189) Phase 4: Compact heap
[77.115s][info][gc,phases      ] GC(189) Phase 4: Compact heap 3.031ms
[77.135s][info][gc,heap        ] GC(189) Eden regions: 190->0(614)
[77.135s][info][gc,heap        ] GC(189) Survivor regions: 18->0(77)
[77.135s][info][gc,heap        ] GC(189) Old regions: 66->54
[77.135s][info][gc,heap        ] GC(189) Humongous regions: 69->25
[77.135s][info][gc,metaspace   ] GC(189) Metaspace: 154435K(167516K)->154404K(167516K) NonClass: 134008K(140684K)->133982K(140684K) Class: 20426K(26832K)->20422K(26832K)
[77.135s][info][gc             ] GC(189) Pause Full (System.gc()) 337M->75M(1024M) 90.739ms
[77.135s][info][gc,cpu         ] GC(189) User=0.05s Sys=0.02s Real=0.10s
[77.468s][info][gc,start       ] GC(190) Pause Young (Normal) (G1 Evacuation Pause)
[77.468s][info][gc,task        ] GC(190) Using 6 workers of 6 for evacuation
[77.471s][info][gc,phases      ] GC(190)   Pre Evacuate Collection Set: 0.0ms
[77.471s][info][gc,phases      ] GC(190)   Evacuate Collection Set: 2.2ms
[77.471s][info][gc,phases      ] GC(190)   Post Evacuate Collection Set: 0.7ms
[77.471s][info][gc,phases      ] GC(190)   Other: 0.3ms
[77.471s][info][gc,heap        ] GC(190) Eden regions: 614->0(608)
[77.471s][info][gc,heap        ] GC(190) Survivor regions: 0->6(77)
[77.471s][info][gc,heap        ] GC(190) Old regions: 54->54
[77.471s][info][gc,heap        ] GC(190) Humongous regions: 79->25
[77.471s][info][gc,metaspace   ] GC(190) Metaspace: 154436K(167516K)->154436K(167516K) NonClass: 134010K(140684K)->134010K(140684K) Class: 20426K(26832K)->20426K(26832K)
[77.471s][info][gc             ] GC(190) Pause Young (Normal) (G1 Evacuation Pause) 743M->81M(1024M) 3.274ms
[77.471s][info][gc,cpu         ] GC(190) User=0.02s Sys=0.00s Real=0.01s
[77.720s][info][gc,start       ] GC(191) Pause Young (Normal) (G1 Evacuation Pause)
[77.720s][info][gc,task        ] GC(191) Using 6 workers of 6 for evacuation
[77.725s][info][gc,phases      ] GC(191)   Pre Evacuate Collection Set: 0.0ms
[77.725s][info][gc,phases      ] GC(191)   Evacuate Collection Set: 3.9ms
[77.725s][info][gc,phases      ] GC(191)   Post Evacuate Collection Set: 0.7ms
[77.725s][info][gc,phases      ] GC(191)   Other: 0.3ms
[77.725s][info][gc,heap        ] GC(191) Eden regions: 608->0(597)
[77.725s][info][gc,heap        ] GC(191) Survivor regions: 6->17(77)
[77.725s][info][gc,heap        ] GC(191) Old regions: 54->54
[77.725s][info][gc,heap        ] GC(191) Humongous regions: 57->25
[77.725s][info][gc,metaspace   ] GC(191) Metaspace: 154441K(167516K)->154441K(167516K) NonClass: 134013K(140684K)->134013K(140684K) Class: 20427K(26832K)->20427K(26832K)
[77.725s][info][gc             ] GC(191) Pause Young (Normal) (G1 Evacuation Pause) 721M->92M(1024M) 5.017ms
[77.725s][info][gc,cpu         ] GC(191) User=0.02s Sys=0.00s Real=0.02s
[77.898s][info][gc,task        ] GC(192) Using 6 workers of 6 for full compaction
[77.898s][info][gc,start       ] GC(192) Pause Full (System.gc())
[77.900s][info][gc,phases,start] GC(192) Phase 1: Mark live objects
[77.945s][info][gc,stringtable ] GC(192) Cleaned string and symbol table, strings: 44014 processed, 50 removed, symbols: 306831 processed, 20 removed
[77.945s][info][gc,phases      ] GC(192) Phase 1: Mark live objects 44.598ms
[77.945s][info][gc,phases,start] GC(192) Phase 2: Prepare for compaction
[77.948s][info][gc,phases      ] GC(192) Phase 2: Prepare for compaction 3.571ms
[77.948s][info][gc,phases,start] GC(192) Phase 3: Adjust pointers
[77.969s][info][gc,phases      ] GC(192) Phase 3: Adjust pointers 20.594ms
[77.969s][info][gc,phases,start] GC(192) Phase 4: Compact heap
[77.973s][info][gc,phases      ] GC(192) Phase 4: Compact heap 3.569ms
[77.993s][info][gc,heap        ] GC(192) Eden regions: 190->0(614)
[77.993s][info][gc,heap        ] GC(192) Survivor regions: 17->0(77)
[77.993s][info][gc,heap        ] GC(192) Old regions: 54->54
[77.993s][info][gc,heap        ] GC(192) Humongous regions: 69->25
[77.993s][info][gc,metaspace   ] GC(192) Metaspace: 154441K(167516K)->154410K(167516K) NonClass: 134013K(140684K)->133987K(140684K) Class: 20427K(26832K)->20422K(26832K)
[77.993s][info][gc             ] GC(192) Pause Full (System.gc()) 326M->76M(1024M) 94.426ms
[77.993s][info][gc,cpu         ] GC(192) User=0.06s Sys=0.00s Real=0.09s
[78.332s][info][gc,start       ] GC(193) Pause Young (Normal) (G1 Evacuation Pause)
[78.332s][info][gc,task        ] GC(193) Using 6 workers of 6 for evacuation
[78.335s][info][gc,phases      ] GC(193)   Pre Evacuate Collection Set: 0.0ms
[78.335s][info][gc,phases      ] GC(193)   Evacuate Collection Set: 2.1ms
[78.335s][info][gc,phases      ] GC(193)   Post Evacuate Collection Set: 0.8ms
[78.335s][info][gc,phases      ] GC(193)   Other: 0.4ms
[78.335s][info][gc,heap        ] GC(193) Eden regions: 614->0(609)
[78.335s][info][gc,heap        ] GC(193) Survivor regions: 0->5(77)
[78.335s][info][gc,heap        ] GC(193) Old regions: 54->54
[78.335s][info][gc,heap        ] GC(193) Humongous regions: 79->25
[78.335s][info][gc,metaspace   ] GC(193) Metaspace: 154445K(167516K)->154445K(167516K) NonClass: 134017K(140684K)->134017K(140684K) Class: 20427K(26832K)->20427K(26832K)
[78.335s][info][gc             ] GC(193) Pause Young (Normal) (G1 Evacuation Pause) 744M->81M(1024M) 3.338ms
[78.335s][info][gc,cpu         ] GC(193) User=0.02s Sys=0.00s Real=0.02s
[78.587s][info][gc,start       ] GC(194) Pause Young (Normal) (G1 Evacuation Pause)
[78.588s][info][gc,task        ] GC(194) Using 6 workers of 6 for evacuation
[78.592s][info][gc,phases      ] GC(194)   Pre Evacuate Collection Set: 0.0ms
[78.592s][info][gc,phases      ] GC(194)   Evacuate Collection Set: 3.8ms
[78.592s][info][gc,phases      ] GC(194)   Post Evacuate Collection Set: 0.7ms
[78.592s][info][gc,phases      ] GC(194)   Other: 0.4ms
[78.592s][info][gc,heap        ] GC(194) Eden regions: 609->0(597)
[78.592s][info][gc,heap        ] GC(194) Survivor regions: 5->17(77)
[78.592s][info][gc,heap        ] GC(194) Old regions: 54->54
[78.592s][info][gc,heap        ] GC(194) Humongous regions: 57->25
[78.592s][info][gc,metaspace   ] GC(194) Metaspace: 154445K(167516K)->154445K(167516K) NonClass: 134017K(140684K)->134017K(140684K) Class: 20427K(26832K)->20427K(26832K)
[78.592s][info][gc             ] GC(194) Pause Young (Normal) (G1 Evacuation Pause) 722M->93M(1024M) 4.938ms
[78.592s][info][gc,cpu         ] GC(194) User=0.00s Sys=0.00s Real=0.00s
[78.769s][info][gc,task        ] GC(195) Using 6 workers of 6 for full compaction
[78.769s][info][gc,start       ] GC(195) Pause Full (System.gc())
[78.771s][info][gc,phases,start] GC(195) Phase 1: Mark live objects
[78.812s][info][gc,stringtable ] GC(195) Cleaned string and symbol table, strings: 44025 processed, 50 removed, symbols: 306831 processed, 20 removed
[78.812s][info][gc,phases      ] GC(195) Phase 1: Mark live objects 40.871ms
[78.812s][info][gc,phases,start] GC(195) Phase 2: Prepare for compaction
[78.815s][info][gc,phases      ] GC(195) Phase 2: Prepare for compaction 3.342ms
[78.815s][info][gc,phases,start] GC(195) Phase 3: Adjust pointers
[78.836s][info][gc,phases      ] GC(195) Phase 3: Adjust pointers 20.968ms
[78.836s][info][gc,phases,start] GC(195) Phase 4: Compact heap
[78.839s][info][gc,phases      ] GC(195) Phase 4: Compact heap 2.766ms
[78.859s][info][gc,heap        ] GC(195) Eden regions: 190->0(614)
[78.859s][info][gc,heap        ] GC(195) Survivor regions: 17->0(77)
[78.859s][info][gc,heap        ] GC(195) Old regions: 54->54
[78.859s][info][gc,heap        ] GC(195) Humongous regions: 69->25
[78.859s][info][gc,metaspace   ] GC(195) Metaspace: 154445K(167516K)->154414K(167516K) NonClass: 134017K(140684K)->133991K(140684K) Class: 20427K(26832K)->20422K(26832K)
[78.859s][info][gc             ] GC(195) Pause Full (System.gc()) 326M->76M(1024M) 90.135ms
[78.859s][info][gc,cpu         ] GC(195) User=0.05s Sys=0.00s Real=0.09s
[79.204s][info][gc,start       ] GC(196) Pause Young (Normal) (G1 Evacuation Pause)
[79.205s][info][gc,task        ] GC(196) Using 6 workers of 6 for evacuation
[79.208s][info][gc,phases      ] GC(196)   Pre Evacuate Collection Set: 0.0ms
[79.208s][info][gc,phases      ] GC(196)   Evacuate Collection Set: 2.0ms
[79.208s][info][gc,phases      ] GC(196)   Post Evacuate Collection Set: 0.7ms
[79.208s][info][gc,phases      ] GC(196)   Other: 0.5ms
[79.208s][info][gc,heap        ] GC(196) Eden regions: 614->0(609)
[79.208s][info][gc,heap        ] GC(196) Survivor regions: 0->5(77)
[79.208s][info][gc,heap        ] GC(196) Old regions: 54->54
[79.208s][info][gc,heap        ] GC(196) Humongous regions: 79->25
[79.208s][info][gc,metaspace   ] GC(196) Metaspace: 154446K(167516K)->154446K(167516K) NonClass: 134019K(140684K)->134019K(140684K) Class: 20427K(26832K)->20427K(26832K)
[79.208s][info][gc             ] GC(196) Pause Young (Normal) (G1 Evacuation Pause) 744M->81M(1024M) 3.221ms
[79.208s][info][gc,cpu         ] GC(196) User=0.00s Sys=0.00s Real=0.00s
[79.457s][info][gc,start       ] GC(197) Pause Young (Normal) (G1 Evacuation Pause)
[79.457s][info][gc,task        ] GC(197) Using 6 workers of 6 for evacuation
[79.462s][info][gc,phases      ] GC(197)   Pre Evacuate Collection Set: 0.0ms
[79.462s][info][gc,phases      ] GC(197)   Evacuate Collection Set: 3.8ms
[79.462s][info][gc,phases      ] GC(197)   Post Evacuate Collection Set: 0.7ms
[79.462s][info][gc,phases      ] GC(197)   Other: 0.4ms
[79.462s][info][gc,heap        ] GC(197) Eden regions: 609->0(596)
[79.462s][info][gc,heap        ] GC(197) Survivor regions: 5->18(77)
[79.462s][info][gc,heap        ] GC(197) Old regions: 54->54
[79.462s][info][gc,heap        ] GC(197) Humongous regions: 57->25
[79.462s][info][gc,metaspace   ] GC(197) Metaspace: 154446K(167516K)->154446K(167516K) NonClass: 134019K(140684K)->134019K(140684K) Class: 20427K(26832K)->20427K(26832K)
[79.462s][info][gc             ] GC(197) Pause Young (Normal) (G1 Evacuation Pause) 722M->93M(1024M) 5.007ms
[79.462s][info][gc,cpu         ] GC(197) User=0.00s Sys=0.00s Real=0.00s
[79.639s][info][gc,task        ] GC(198) Using 6 workers of 6 for full compaction
[79.640s][info][gc,start       ] GC(198) Pause Full (System.gc())
[79.641s][info][gc,phases,start] GC(198) Phase 1: Mark live objects
[79.682s][info][gc,stringtable ] GC(198) Cleaned string and symbol table, strings: 44047 processed, 50 removed, symbols: 306831 processed, 20 removed
[79.683s][info][gc,phases      ] GC(198) Phase 1: Mark live objects 41.098ms
[79.683s][info][gc,phases,start] GC(198) Phase 2: Prepare for compaction
[79.686s][info][gc,phases      ] GC(198) Phase 2: Prepare for compaction 3.360ms
[79.686s][info][gc,phases,start] GC(198) Phase 3: Adjust pointers
[79.707s][info][gc,phases      ] GC(198) Phase 3: Adjust pointers 20.760ms
[79.707s][info][gc,phases,start] GC(198) Phase 4: Compact heap
[79.710s][info][gc,phases      ] GC(198) Phase 4: Compact heap 3.189ms
[79.730s][info][gc,heap        ] GC(198) Eden regions: 189->0(614)
[79.730s][info][gc,heap        ] GC(198) Survivor regions: 18->0(77)
[79.730s][info][gc,heap        ] GC(198) Old regions: 54->54
[79.730s][info][gc,heap        ] GC(198) Humongous regions: 69->25
[79.730s][info][gc,metaspace   ] GC(198) Metaspace: 154456K(167516K)->154425K(167516K) NonClass: 134029K(140684K)->134002K(140684K) Class: 20427K(26832K)->20422K(26832K)
[79.730s][info][gc             ] GC(198) Pause Full (System.gc()) 325M->76M(1024M) 90.621ms
[79.730s][info][gc,cpu         ] GC(198) User=0.06s Sys=0.00s Real=0.09s
[80.065s][info][gc,start       ] GC(199) Pause Young (Normal) (G1 Evacuation Pause)
[80.065s][info][gc,task        ] GC(199) Using 6 workers of 6 for evacuation
[80.068s][info][gc,phases      ] GC(199)   Pre Evacuate Collection Set: 0.0ms
[80.068s][info][gc,phases      ] GC(199)   Evacuate Collection Set: 2.0ms
[80.068s][info][gc,phases      ] GC(199)   Post Evacuate Collection Set: 0.7ms
[80.068s][info][gc,phases      ] GC(199)   Other: 0.5ms
[80.068s][info][gc,heap        ] GC(199) Eden regions: 614->0(609)
[80.068s][info][gc,heap        ] GC(199) Survivor regions: 0->5(77)
[80.068s][info][gc,heap        ] GC(199) Old regions: 54->54
[80.068s][info][gc,heap        ] GC(199) Humongous regions: 79->25
[80.068s][info][gc,metaspace   ] GC(199) Metaspace: 154466K(167516K)->154466K(167516K) NonClass: 134039K(140684K)->134039K(140684K) Class: 20427K(26832K)->20427K(26832K)
[80.068s][info][gc             ] GC(199) Pause Young (Normal) (G1 Evacuation Pause) 744M->81M(1024M) 3.305ms
[80.068s][info][gc,cpu         ] GC(199) User=0.00s Sys=0.00s Real=0.00s
[80.318s][info][gc,start       ] GC(200) Pause Young (Normal) (G1 Evacuation Pause)
[80.318s][info][gc,task        ] GC(200) Using 6 workers of 6 for evacuation
[80.323s][info][gc,phases      ] GC(200)   Pre Evacuate Collection Set: 0.0ms
[80.323s][info][gc,phases      ] GC(200)   Evacuate Collection Set: 3.7ms
[80.323s][info][gc,phases      ] GC(200)   Post Evacuate Collection Set: 0.8ms
[80.323s][info][gc,phases      ] GC(200)   Other: 0.4ms
[80.323s][info][gc,heap        ] GC(200) Eden regions: 609->0(597)
[80.323s][info][gc,heap        ] GC(200) Survivor regions: 5->17(77)
[80.323s][info][gc,heap        ] GC(200) Old regions: 54->54
[80.323s][info][gc,heap        ] GC(200) Humongous regions: 57->25
[80.323s][info][gc,metaspace   ] GC(200) Metaspace: 154466K(167516K)->154466K(167516K) NonClass: 134039K(140684K)->134039K(140684K) Class: 20427K(26832K)->20427K(26832K)
[80.323s][info][gc             ] GC(200) Pause Young (Normal) (G1 Evacuation Pause) 722M->93M(1024M) 4.957ms
[80.323s][info][gc,cpu         ] GC(200) User=0.00s Sys=0.00s Real=0.00s
[80.496s][info][gc,task        ] GC(201) Using 6 workers of 6 for full compaction
[80.496s][info][gc,start       ] GC(201) Pause Full (System.gc())
[80.498s][info][gc,phases,start] GC(201) Phase 1: Mark live objects
[80.538s][info][gc,stringtable ] GC(201) Cleaned string and symbol table, strings: 44056 processed, 50 removed, symbols: 306831 processed, 20 removed
[80.538s][info][gc,phases      ] GC(201) Phase 1: Mark live objects 39.697ms
[80.538s][info][gc,phases,start] GC(201) Phase 2: Prepare for compaction
[80.541s][info][gc,phases      ] GC(201) Phase 2: Prepare for compaction 3.444ms
[80.542s][info][gc,phases,start] GC(201) Phase 3: Adjust pointers
[80.563s][info][gc,phases      ] GC(201) Phase 3: Adjust pointers 21.123ms
[80.563s][info][gc,phases,start] GC(201) Phase 4: Compact heap
[80.566s][info][gc,phases      ] GC(201) Phase 4: Compact heap 2.942ms
[80.586s][info][gc,heap        ] GC(201) Eden regions: 189->0(614)
[80.586s][info][gc,heap        ] GC(201) Survivor regions: 17->0(77)
[80.586s][info][gc,heap        ] GC(201) Old regions: 54->54
[80.586s][info][gc,heap        ] GC(201) Humongous regions: 69->25
[80.586s][info][gc,metaspace   ] GC(201) Metaspace: 154472K(167516K)->154442K(167516K) NonClass: 134045K(140684K)->134019K(140684K) Class: 20427K(26832K)->20422K(26832K)
[80.586s][info][gc             ] GC(201) Pause Full (System.gc()) 325M->76M(1024M) 89.336ms
[80.586s][info][gc,cpu         ] GC(201) User=0.03s Sys=0.00s Real=0.09s
[80.932s][info][gc,start       ] GC(202) Pause Young (Normal) (G1 Evacuation Pause)
[80.932s][info][gc,task        ] GC(202) Using 6 workers of 6 for evacuation
[80.935s][info][gc,phases      ] GC(202)   Pre Evacuate Collection Set: 0.0ms
[80.935s][info][gc,phases      ] GC(202)   Evacuate Collection Set: 2.0ms
[80.935s][info][gc,phases      ] GC(202)   Post Evacuate Collection Set: 0.7ms
[80.935s][info][gc,phases      ] GC(202)   Other: 0.3ms
[80.935s][info][gc,heap        ] GC(202) Eden regions: 614->0(608)
[80.935s][info][gc,heap        ] GC(202) Survivor regions: 0->6(77)
[80.935s][info][gc,heap        ] GC(202) Old regions: 54->54
[80.935s][info][gc,heap        ] GC(202) Humongous regions: 79->25
[80.935s][info][gc,metaspace   ] GC(202) Metaspace: 154629K(167516K)->154629K(167516K) NonClass: 134202K(140684K)->134202K(140684K) Class: 20427K(26832K)->20427K(26832K)
[80.935s][info][gc             ] GC(202) Pause Young (Normal) (G1 Evacuation Pause) 744M->81M(1024M) 3.101ms
[80.935s][info][gc,cpu         ] GC(202) User=0.00s Sys=0.00s Real=0.00s
[81.186s][info][gc,start       ] GC(203) Pause Young (Normal) (G1 Evacuation Pause)
[81.186s][info][gc,task        ] GC(203) Using 6 workers of 6 for evacuation
[81.191s][info][gc,phases      ] GC(203)   Pre Evacuate Collection Set: 0.0ms
[81.191s][info][gc,phases      ] GC(203)   Evacuate Collection Set: 3.8ms
[81.191s][info][gc,phases      ] GC(203)   Post Evacuate Collection Set: 0.7ms
[81.191s][info][gc,phases      ] GC(203)   Other: 0.3ms
[81.191s][info][gc,heap        ] GC(203) Eden regions: 608->0(596)
[81.191s][info][gc,heap        ] GC(203) Survivor regions: 6->18(77)
[81.191s][info][gc,heap        ] GC(203) Old regions: 54->54
[81.191s][info][gc,heap        ] GC(203) Humongous regions: 57->25
[81.191s][info][gc,metaspace   ] GC(203) Metaspace: 154642K(167516K)->154642K(167516K) NonClass: 134215K(140684K)->134215K(140684K) Class: 20427K(26832K)->20427K(26832K)
[81.191s][info][gc             ] GC(203) Pause Young (Normal) (G1 Evacuation Pause) 721M->93M(1024M) 4.949ms
[81.191s][info][gc,cpu         ] GC(203) User=0.02s Sys=0.00s Real=0.02s
[81.366s][info][gc,task        ] GC(204) Using 6 workers of 6 for full compaction
[81.366s][info][gc,start       ] GC(204) Pause Full (System.gc())
[81.370s][info][gc,phases,start] GC(204) Phase 1: Mark live objects
[81.410s][info][gc,stringtable ] GC(204) Cleaned string and symbol table, strings: 44078 processed, 50 removed, symbols: 306831 processed, 20 removed
[81.410s][info][gc,phases      ] GC(204) Phase 1: Mark live objects 40.529ms
[81.410s][info][gc,phases,start] GC(204) Phase 2: Prepare for compaction
[81.414s][info][gc,phases      ] GC(204) Phase 2: Prepare for compaction 3.518ms
[81.414s][info][gc,phases,start] GC(204) Phase 3: Adjust pointers
[81.436s][info][gc,phases      ] GC(204) Phase 3: Adjust pointers 21.507ms
[81.436s][info][gc,phases,start] GC(204) Phase 4: Compact heap
[81.439s][info][gc,phases      ] GC(204) Phase 4: Compact heap 3.243ms
[81.460s][info][gc,heap        ] GC(204) Eden regions: 190->0(614)
[81.460s][info][gc,heap        ] GC(204) Survivor regions: 18->0(77)
[81.460s][info][gc,heap        ] GC(204) Old regions: 54->54
[81.460s][info][gc,heap        ] GC(204) Humongous regions: 69->25
[81.460s][info][gc,metaspace   ] GC(204) Metaspace: 154679K(167772K)->154648K(167772K) NonClass: 134251K(140940K)->134225K(140940K) Class: 20427K(26832K)->20422K(26832K)
[81.460s][info][gc             ] GC(204) Pause Full (System.gc()) 327M->76M(1024M) 94.049ms
[81.460s][info][gc,cpu         ] GC(204) User=0.03s Sys=0.00s Real=0.09s
[81.798s][info][gc,start       ] GC(205) Pause Young (Normal) (G1 Evacuation Pause)
[81.798s][info][gc,task        ] GC(205) Using 6 workers of 6 for evacuation
[81.801s][info][gc,phases      ] GC(205)   Pre Evacuate Collection Set: 0.0ms
[81.801s][info][gc,phases      ] GC(205)   Evacuate Collection Set: 1.9ms
[81.801s][info][gc,phases      ] GC(205)   Post Evacuate Collection Set: 0.7ms
[81.801s][info][gc,phases      ] GC(205)   Other: 0.4ms
[81.801s][info][gc,heap        ] GC(205) Eden regions: 614->0(609)
[81.801s][info][gc,heap        ] GC(205) Survivor regions: 0->5(77)
[81.801s][info][gc,heap        ] GC(205) Old regions: 54->54
[81.801s][info][gc,heap        ] GC(205) Humongous regions: 79->25
[81.801s][info][gc,metaspace   ] GC(205) Metaspace: 154784K(167772K)->154784K(167772K) NonClass: 134357K(140940K)->134357K(140940K) Class: 20427K(26832K)->20427K(26832K)
[81.801s][info][gc             ] GC(205) Pause Young (Normal) (G1 Evacuation Pause) 744M->81M(1024M) 3.087ms
[81.801s][info][gc,cpu         ] GC(205) User=0.00s Sys=0.00s Real=0.00s
[82.050s][info][gc,start       ] GC(206) Pause Young (Normal) (G1 Evacuation Pause)
[82.050s][info][gc,task        ] GC(206) Using 6 workers of 6 for evacuation
[82.055s][info][gc,phases      ] GC(206)   Pre Evacuate Collection Set: 0.0ms
[82.055s][info][gc,phases      ] GC(206)   Evacuate Collection Set: 3.8ms
[82.055s][info][gc,phases      ] GC(206)   Post Evacuate Collection Set: 0.7ms
[82.055s][info][gc,phases      ] GC(206)   Other: 0.3ms
[82.055s][info][gc,heap        ] GC(206) Eden regions: 609->0(596)
[82.055s][info][gc,heap        ] GC(206) Survivor regions: 5->18(77)
[82.055s][info][gc,heap        ] GC(206) Old regions: 54->54
[82.055s][info][gc,heap        ] GC(206) Humongous regions: 57->25
[82.055s][info][gc,metaspace   ] GC(206) Metaspace: 154787K(167772K)->154787K(167772K) NonClass: 134360K(140940K)->134360K(140940K) Class: 20427K(26832K)->20427K(26832K)
[82.055s][info][gc             ] GC(206) Pause Young (Normal) (G1 Evacuation Pause) 722M->93M(1024M) 4.986ms
[82.055s][info][gc,cpu         ] GC(206) User=0.02s Sys=0.00s Real=0.01s
[82.230s][info][gc,task        ] GC(207) Using 6 workers of 6 for full compaction
[82.231s][info][gc,start       ] GC(207) Pause Full (System.gc())
[82.233s][info][gc,phases,start] GC(207) Phase 1: Mark live objects
[82.274s][info][gc,stringtable ] GC(207) Cleaned string and symbol table, strings: 44091 processed, 50 removed, symbols: 306831 processed, 20 removed
[82.274s][info][gc,phases      ] GC(207) Phase 1: Mark live objects 41.726ms
[82.274s][info][gc,phases,start] GC(207) Phase 2: Prepare for compaction
[82.278s][info][gc,phases      ] GC(207) Phase 2: Prepare for compaction 3.678ms
[82.278s][info][gc,phases,start] GC(207) Phase 3: Adjust pointers
[82.300s][info][gc,phases      ] GC(207) Phase 3: Adjust pointers 21.586ms
[82.300s][info][gc,phases,start] GC(207) Phase 4: Compact heap
[82.303s][info][gc,phases      ] GC(207) Phase 4: Compact heap 3.396ms
[82.326s][info][gc,heap        ] GC(207) Eden regions: 189->0(614)
[82.326s][info][gc,heap        ] GC(207) Survivor regions: 18->0(77)
[82.326s][info][gc,heap        ] GC(207) Old regions: 54->54
[82.326s][info][gc,heap        ] GC(207) Humongous regions: 69->25
[82.326s][info][gc,metaspace   ] GC(207) Metaspace: 154790K(167772K)->154760K(167772K) NonClass: 134363K(140940K)->134337K(140940K) Class: 20427K(26832K)->20422K(26832K)
[82.326s][info][gc             ] GC(207) Pause Full (System.gc()) 326M->76M(1024M) 95.357ms
[82.326s][info][gc,cpu         ] GC(207) User=0.03s Sys=0.00s Real=0.10s
[82.676s][info][gc,start       ] GC(208) Pause Young (Normal) (G1 Evacuation Pause)
[82.676s][info][gc,task        ] GC(208) Using 6 workers of 6 for evacuation
[82.679s][info][gc,phases      ] GC(208)   Pre Evacuate Collection Set: 0.0ms
[82.679s][info][gc,phases      ] GC(208)   Evacuate Collection Set: 2.3ms
[82.679s][info][gc,phases      ] GC(208)   Post Evacuate Collection Set: 0.7ms
[82.679s][info][gc,phases      ] GC(208)   Other: 0.3ms
[82.679s][info][gc,heap        ] GC(208) Eden regions: 614->0(609)
[82.679s][info][gc,heap        ] GC(208) Survivor regions: 0->5(77)
[82.679s][info][gc,heap        ] GC(208) Old regions: 54->54
[82.679s][info][gc,heap        ] GC(208) Humongous regions: 79->25
[82.679s][info][gc,metaspace   ] GC(208) Metaspace: 154819K(167772K)->154819K(167772K) NonClass: 134392K(140940K)->134392K(140940K) Class: 20427K(26832K)->20427K(26832K)
[82.679s][info][gc             ] GC(208) Pause Young (Normal) (G1 Evacuation Pause) 744M->81M(1024M) 3.445ms
[82.679s][info][gc,cpu         ] GC(208) User=0.00s Sys=0.00s Real=0.00s
[82.929s][info][gc,start       ] GC(209) Pause Young (Normal) (G1 Evacuation Pause)
[82.929s][info][gc,task        ] GC(209) Using 6 workers of 6 for evacuation
[82.934s][info][gc,phases      ] GC(209)   Pre Evacuate Collection Set: 0.0ms
[82.934s][info][gc,phases      ] GC(209)   Evacuate Collection Set: 3.9ms
[82.934s][info][gc,phases      ] GC(209)   Post Evacuate Collection Set: 0.8ms
[82.934s][info][gc,phases      ] GC(209)   Other: 0.3ms
[82.934s][info][gc,heap        ] GC(209) Eden regions: 609->0(596)
[82.934s][info][gc,heap        ] GC(209) Survivor regions: 5->18(77)
[82.934s][info][gc,heap        ] GC(209) Old regions: 54->54
[82.934s][info][gc,heap        ] GC(209) Humongous regions: 57->25
[82.934s][info][gc,metaspace   ] GC(209) Metaspace: 154819K(167772K)->154819K(167772K) NonClass: 134392K(140940K)->134392K(140940K) Class: 20427K(26832K)->20427K(26832K)
[82.934s][info][gc             ] GC(209) Pause Young (Normal) (G1 Evacuation Pause) 722M->93M(1024M) 5.097ms
[82.934s][info][gc,cpu         ] GC(209) User=0.00s Sys=0.02s Real=0.02s
[83.113s][info][gc,task        ] GC(210) Using 6 workers of 6 for full compaction
[83.113s][info][gc,start       ] GC(210) Pause Full (System.gc())
[83.115s][info][gc,phases,start] GC(210) Phase 1: Mark live objects
[83.160s][info][gc,stringtable ] GC(210) Cleaned string and symbol table, strings: 44091 processed, 50 removed, symbols: 306831 processed, 20 removed
[83.160s][info][gc,phases      ] GC(210) Phase 1: Mark live objects 45.077ms
[83.160s][info][gc,phases,start] GC(210) Phase 2: Prepare for compaction
[83.164s][info][gc,phases      ] GC(210) Phase 2: Prepare for compaction 3.829ms
[83.164s][info][gc,phases,start] GC(210) Phase 3: Adjust pointers
[83.186s][info][gc,phases      ] GC(210) Phase 3: Adjust pointers 21.653ms
[83.186s][info][gc,phases,start] GC(210) Phase 4: Compact heap
[83.189s][info][gc,phases      ] GC(210) Phase 4: Compact heap 2.838ms
[83.209s][info][gc,heap        ] GC(210) Eden regions: 188->0(614)
[83.209s][info][gc,heap        ] GC(210) Survivor regions: 18->0(77)
[83.209s][info][gc,heap        ] GC(210) Old regions: 54->55
[83.209s][info][gc,heap        ] GC(210) Humongous regions: 69->25
[83.209s][info][gc,metaspace   ] GC(210) Metaspace: 154823K(167772K)->154792K(167772K) NonClass: 134396K(140940K)->134369K(140940K) Class: 20427K(26832K)->20422K(26832K)
[83.209s][info][gc             ] GC(210) Pause Full (System.gc()) 325M->76M(1024M) 95.887ms
[83.209s][info][gc,cpu         ] GC(210) User=0.06s Sys=0.02s Real=0.09s
[83.541s][info][gc,start       ] GC(211) Pause Young (Normal) (G1 Evacuation Pause)
[83.541s][info][gc,task        ] GC(211) Using 6 workers of 6 for evacuation
[83.544s][info][gc,phases      ] GC(211)   Pre Evacuate Collection Set: 0.0ms
[83.544s][info][gc,phases      ] GC(211)   Evacuate Collection Set: 2.0ms
[83.544s][info][gc,phases      ] GC(211)   Post Evacuate Collection Set: 0.6ms
[83.544s][info][gc,phases      ] GC(211)   Other: 0.3ms
[83.544s][info][gc,heap        ] GC(211) Eden regions: 614->0(609)
[83.544s][info][gc,heap        ] GC(211) Survivor regions: 0->5(77)
[83.544s][info][gc,heap        ] GC(211) Old regions: 55->55
[83.544s][info][gc,heap        ] GC(211) Humongous regions: 79->25
[83.544s][info][gc,metaspace   ] GC(211) Metaspace: 154842K(167772K)->154842K(167772K) NonClass: 134415K(140940K)->134415K(140940K) Class: 20427K(26832K)->20427K(26832K)
[83.544s][info][gc             ] GC(211) Pause Young (Normal) (G1 Evacuation Pause) 744M->81M(1024M) 3.022ms
[83.544s][info][gc,cpu         ] GC(211) User=0.00s Sys=0.00s Real=0.00s
[83.791s][info][gc,start       ] GC(212) Pause Young (Normal) (G1 Evacuation Pause)
[83.791s][info][gc,task        ] GC(212) Using 6 workers of 6 for evacuation
[83.795s][info][gc,phases      ] GC(212)   Pre Evacuate Collection Set: 0.0ms
[83.795s][info][gc,phases      ] GC(212)   Evacuate Collection Set: 3.8ms
[83.795s][info][gc,phases      ] GC(212)   Post Evacuate Collection Set: 0.7ms
[83.795s][info][gc,phases      ] GC(212)   Other: 0.4ms
[83.796s][info][gc,heap        ] GC(212) Eden regions: 609->0(596)
[83.796s][info][gc,heap        ] GC(212) Survivor regions: 5->18(77)
[83.796s][info][gc,heap        ] GC(212) Old regions: 55->55
[83.796s][info][gc,heap        ] GC(212) Humongous regions: 57->25
[83.796s][info][gc,metaspace   ] GC(212) Metaspace: 154842K(167772K)->154842K(167772K) NonClass: 134415K(140940K)->134415K(140940K) Class: 20427K(26832K)->20427K(26832K)
[83.796s][info][gc             ] GC(212) Pause Young (Normal) (G1 Evacuation Pause) 722M->94M(1024M) 4.958ms
[83.796s][info][gc,cpu         ] GC(212) User=0.00s Sys=0.00s Real=0.00s
[83.971s][info][gc,task        ] GC(213) Using 6 workers of 6 for full compaction
[83.971s][info][gc,start       ] GC(213) Pause Full (System.gc())
[83.973s][info][gc,phases,start] GC(213) Phase 1: Mark live objects
[84.014s][info][gc,stringtable ] GC(213) Cleaned string and symbol table, strings: 44107 processed, 50 removed, symbols: 306831 processed, 20 removed
[84.014s][info][gc,phases      ] GC(213) Phase 1: Mark live objects 41.165ms
[84.014s][info][gc,phases,start] GC(213) Phase 2: Prepare for compaction
[84.018s][info][gc,phases      ] GC(213) Phase 2: Prepare for compaction 3.512ms
[84.018s][info][gc,phases,start] GC(213) Phase 3: Adjust pointers
[84.039s][info][gc,phases      ] GC(213) Phase 3: Adjust pointers 21.626ms
[84.039s][info][gc,phases,start] GC(213) Phase 4: Compact heap
[84.042s][info][gc,phases      ] GC(213) Phase 4: Compact heap 2.980ms
[84.063s][info][gc,heap        ] GC(213) Eden regions: 188->0(614)
[84.063s][info][gc,heap        ] GC(213) Survivor regions: 18->0(77)
[84.063s][info][gc,heap        ] GC(213) Old regions: 55->55
[84.063s][info][gc,heap        ] GC(213) Humongous regions: 69->25
[84.063s][info][gc,metaspace   ] GC(213) Metaspace: 154842K(167772K)->154812K(167772K) NonClass: 134415K(140940K)->134389K(140940K) Class: 20427K(26832K)->20422K(26832K)
[84.063s][info][gc             ] GC(213) Pause Full (System.gc()) 326M->76M(1024M) 91.678ms
[84.063s][info][gc,cpu         ] GC(213) User=0.05s Sys=0.00s Real=0.08s
[84.394s][info][gc,start       ] GC(214) Pause Young (Normal) (G1 Evacuation Pause)
[84.394s][info][gc,task        ] GC(214) Using 6 workers of 6 for evacuation
[84.397s][info][gc,phases      ] GC(214)   Pre Evacuate Collection Set: 0.0ms
[84.397s][info][gc,phases      ] GC(214)   Evacuate Collection Set: 2.0ms
[84.397s][info][gc,phases      ] GC(214)   Post Evacuate Collection Set: 0.7ms
[84.397s][info][gc,phases      ] GC(214)   Other: 0.3ms
[84.397s][info][gc,heap        ] GC(214) Eden regions: 614->0(609)
[84.397s][info][gc,heap        ] GC(214) Survivor regions: 0->5(77)
[84.397s][info][gc,heap        ] GC(214) Old regions: 55->55
[84.397s][info][gc,heap        ] GC(214) Humongous regions: 79->25
[84.397s][info][gc,metaspace   ] GC(214) Metaspace: 154854K(167772K)->154854K(167772K) NonClass: 134427K(140940K)->134427K(140940K) Class: 20427K(26832K)->20427K(26832K)
[84.397s][info][gc             ] GC(214) Pause Young (Normal) (G1 Evacuation Pause) 744M->81M(1024M) 3.027ms
[84.397s][info][gc,cpu         ] GC(214) User=0.00s Sys=0.00s Real=0.00s
[84.645s][info][gc,start       ] GC(215) Pause Young (Normal) (G1 Evacuation Pause)
[84.646s][info][gc,task        ] GC(215) Using 6 workers of 6 for evacuation
[84.650s][info][gc,phases      ] GC(215)   Pre Evacuate Collection Set: 0.0ms
[84.650s][info][gc,phases      ] GC(215)   Evacuate Collection Set: 3.6ms
[84.650s][info][gc,phases      ] GC(215)   Post Evacuate Collection Set: 0.7ms
[84.650s][info][gc,phases      ] GC(215)   Other: 0.3ms
[84.650s][info][gc,heap        ] GC(215) Eden regions: 609->0(596)
[84.650s][info][gc,heap        ] GC(215) Survivor regions: 5->18(77)
[84.650s][info][gc,heap        ] GC(215) Old regions: 55->55
[84.650s][info][gc,heap        ] GC(215) Humongous regions: 57->25
[84.650s][info][gc,metaspace   ] GC(215) Metaspace: 154854K(167772K)->154854K(167772K) NonClass: 134427K(140940K)->134427K(140940K) Class: 20427K(26832K)->20427K(26832K)
[84.650s][info][gc             ] GC(215) Pause Young (Normal) (G1 Evacuation Pause) 722M->93M(1024M) 4.756ms
[84.650s][info][gc,cpu         ] GC(215) User=0.00s Sys=0.00s Real=0.00s
[84.826s][info][gc,task        ] GC(216) Using 6 workers of 6 for full compaction
[84.826s][info][gc,start       ] GC(216) Pause Full (System.gc())
[84.828s][info][gc,phases,start] GC(216) Phase 1: Mark live objects
[84.869s][info][gc,stringtable ] GC(216) Cleaned string and symbol table, strings: 44118 processed, 50 removed, symbols: 306831 processed, 20 removed
[84.869s][info][gc,phases      ] GC(216) Phase 1: Mark live objects 41.171ms
[84.869s][info][gc,phases,start] GC(216) Phase 2: Prepare for compaction
[84.873s][info][gc,phases      ] GC(216) Phase 2: Prepare for compaction 3.559ms
[84.873s][info][gc,phases,start] GC(216) Phase 3: Adjust pointers
[84.895s][info][gc,phases      ] GC(216) Phase 3: Adjust pointers 21.620ms
[84.895s][info][gc,phases,start] GC(216) Phase 4: Compact heap
[84.898s][info][gc,phases      ] GC(216) Phase 4: Compact heap 3.458ms
[84.920s][info][gc,heap        ] GC(216) Eden regions: 189->0(614)
[84.920s][info][gc,heap        ] GC(216) Survivor regions: 18->0(77)
[84.920s][info][gc,heap        ] GC(216) Old regions: 55->56
[84.920s][info][gc,heap        ] GC(216) Humongous regions: 69->25
[84.920s][info][gc,metaspace   ] GC(216) Metaspace: 154856K(167772K)->154825K(167772K) NonClass: 134428K(140940K)->134402K(140940K) Class: 20427K(26832K)->20422K(26832K)
[84.920s][info][gc             ] GC(216) Pause Full (System.gc()) 326M->77M(1024M) 93.658ms
[84.920s][info][gc,cpu         ] GC(216) User=0.05s Sys=0.00s Real=0.09s
[85.256s][info][gc,start       ] GC(217) Pause Young (Normal) (G1 Evacuation Pause)
[85.256s][info][gc,task        ] GC(217) Using 6 workers of 6 for evacuation
[85.259s][info][gc,phases      ] GC(217)   Pre Evacuate Collection Set: 0.0ms
[85.259s][info][gc,phases      ] GC(217)   Evacuate Collection Set: 2.0ms
[85.259s][info][gc,phases      ] GC(217)   Post Evacuate Collection Set: 0.7ms
[85.259s][info][gc,phases      ] GC(217)   Other: 0.4ms
[85.259s][info][gc,heap        ] GC(217) Eden regions: 614->0(609)
[85.259s][info][gc,heap        ] GC(217) Survivor regions: 0->5(77)
[85.259s][info][gc,heap        ] GC(217) Old regions: 56->56
[85.259s][info][gc,heap        ] GC(217) Humongous regions: 79->25
[85.259s][info][gc,metaspace   ] GC(217) Metaspace: 154864K(167772K)->154864K(167772K) NonClass: 134437K(140940K)->134437K(140940K) Class: 20427K(26832K)->20427K(26832K)
[85.259s][info][gc             ] GC(217) Pause Young (Normal) (G1 Evacuation Pause) 745M->81M(1024M) 3.222ms
[85.259s][info][gc,cpu         ] GC(217) User=0.02s Sys=0.00s Real=0.02s
[85.508s][info][gc,start       ] GC(218) Pause Young (Normal) (G1 Evacuation Pause)
[85.509s][info][gc,task        ] GC(218) Using 6 workers of 6 for evacuation
[85.513s][info][gc,phases      ] GC(218)   Pre Evacuate Collection Set: 0.0ms
[85.513s][info][gc,phases      ] GC(218)   Evacuate Collection Set: 3.8ms
[85.513s][info][gc,phases      ] GC(218)   Post Evacuate Collection Set: 0.7ms
[85.513s][info][gc,phases      ] GC(218)   Other: 0.3ms
[85.513s][info][gc,heap        ] GC(218) Eden regions: 609->0(597)
[85.513s][info][gc,heap        ] GC(218) Survivor regions: 5->17(77)
[85.513s][info][gc,heap        ] GC(218) Old regions: 56->56
[85.513s][info][gc,heap        ] GC(218) Humongous regions: 57->25
[85.513s][info][gc,metaspace   ] GC(218) Metaspace: 154864K(167772K)->154864K(167772K) NonClass: 134437K(140940K)->134437K(140940K) Class: 20427K(26832K)->20427K(26832K)
[85.513s][info][gc             ] GC(218) Pause Young (Normal) (G1 Evacuation Pause) 722M->94M(1024M) 4.909ms
[85.513s][info][gc,cpu         ] GC(218) User=0.00s Sys=0.00s Real=0.00s
[85.687s][info][gc,task        ] GC(219) Using 6 workers of 6 for full compaction
[85.687s][info][gc,start       ] GC(219) Pause Full (System.gc())
[85.688s][info][gc,phases,start] GC(219) Phase 1: Mark live objects
[85.730s][info][gc,stringtable ] GC(219) Cleaned string and symbol table, strings: 44120 processed, 50 removed, symbols: 306831 processed, 20 removed
[85.730s][info][gc,phases      ] GC(219) Phase 1: Mark live objects 41.203ms
[85.730s][info][gc,phases,start] GC(219) Phase 2: Prepare for compaction
[85.733s][info][gc,phases      ] GC(219) Phase 2: Prepare for compaction 3.439ms
[85.733s][info][gc,phases,start] GC(219) Phase 3: Adjust pointers
[85.755s][info][gc,phases      ] GC(219) Phase 3: Adjust pointers 21.560ms
[85.755s][info][gc,phases,start] GC(219) Phase 4: Compact heap
[85.758s][info][gc,phases      ] GC(219) Phase 4: Compact heap 3.111ms
[85.779s][info][gc,heap        ] GC(219) Eden regions: 188->0(614)
[85.779s][info][gc,heap        ] GC(219) Survivor regions: 17->0(77)
[85.779s][info][gc,heap        ] GC(219) Old regions: 56->56
[85.779s][info][gc,heap        ] GC(219) Humongous regions: 69->25
[85.779s][info][gc,metaspace   ] GC(219) Metaspace: 154864K(167772K)->154833K(167772K) NonClass: 134437K(140940K)->134410K(140940K) Class: 20427K(26832K)->20422K(26832K)
[85.779s][info][gc             ] GC(219) Pause Full (System.gc()) 325M->76M(1024M) 92.474ms
[85.779s][info][gc,cpu         ] GC(219) User=0.03s Sys=0.00s Real=0.10s
[86.118s][info][gc,start       ] GC(220) Pause Young (Normal) (G1 Evacuation Pause)
[86.118s][info][gc,task        ] GC(220) Using 6 workers of 6 for evacuation
[86.122s][info][gc,phases      ] GC(220)   Pre Evacuate Collection Set: 0.0ms
[86.122s][info][gc,phases      ] GC(220)   Evacuate Collection Set: 2.0ms
[86.122s][info][gc,phases      ] GC(220)   Post Evacuate Collection Set: 0.8ms
[86.122s][info][gc,phases      ] GC(220)   Other: 0.3ms
[86.122s][info][gc,heap        ] GC(220) Eden regions: 614->0(608)
[86.122s][info][gc,heap        ] GC(220) Survivor regions: 0->6(77)
[86.122s][info][gc,heap        ] GC(220) Old regions: 56->56
[86.122s][info][gc,heap        ] GC(220) Humongous regions: 79->25
[86.122s][info][gc,metaspace   ] GC(220) Metaspace: 154872K(167772K)->154872K(167772K) NonClass: 134444K(140940K)->134444K(140940K) Class: 20427K(26832K)->20427K(26832K)
[86.122s][info][gc             ] GC(220) Pause Young (Normal) (G1 Evacuation Pause) 744M->82M(1024M) 3.199ms
[86.122s][info][gc,cpu         ] GC(220) User=0.00s Sys=0.00s Real=0.02s
[86.372s][info][gc,start       ] GC(221) Pause Young (Normal) (G1 Evacuation Pause)
[86.372s][info][gc,task        ] GC(221) Using 6 workers of 6 for evacuation
[86.376s][info][gc,phases      ] GC(221)   Pre Evacuate Collection Set: 0.0ms
[86.376s][info][gc,phases      ] GC(221)   Evacuate Collection Set: 3.8ms
[86.376s][info][gc,phases      ] GC(221)   Post Evacuate Collection Set: 0.7ms
[86.376s][info][gc,phases      ] GC(221)   Other: 0.3ms
[86.376s][info][gc,heap        ] GC(221) Eden regions: 608->0(596)
[86.376s][info][gc,heap        ] GC(221) Survivor regions: 6->18(77)
[86.377s][info][gc,heap        ] GC(221) Old regions: 56->56
[86.377s][info][gc,heap        ] GC(221) Humongous regions: 57->25
[86.377s][info][gc,metaspace   ] GC(221) Metaspace: 154878K(167772K)->154878K(167772K) NonClass: 134451K(140940K)->134451K(140940K) Class: 20427K(26832K)->20427K(26832K)
[86.377s][info][gc             ] GC(221) Pause Young (Normal) (G1 Evacuation Pause) 722M->94M(1024M) 4.960ms
[86.377s][info][gc,cpu         ] GC(221) User=0.00s Sys=0.00s Real=0.02s
[86.550s][info][gc,task        ] GC(222) Using 6 workers of 6 for full compaction
[86.550s][info][gc,start       ] GC(222) Pause Full (System.gc())
[86.552s][info][gc,phases,start] GC(222) Phase 1: Mark live objects
[86.593s][info][gc,stringtable ] GC(222) Cleaned string and symbol table, strings: 44130 processed, 50 removed, symbols: 306831 processed, 20 removed
[86.593s][info][gc,phases      ] GC(222) Phase 1: Mark live objects 41.091ms
[86.593s][info][gc,phases,start] GC(222) Phase 2: Prepare for compaction
[86.596s][info][gc,phases      ] GC(222) Phase 2: Prepare for compaction 3.706ms
[86.596s][info][gc,phases,start] GC(222) Phase 3: Adjust pointers
[86.618s][info][gc,phases      ] GC(222) Phase 3: Adjust pointers 21.828ms
[86.618s][info][gc,phases,start] GC(222) Phase 4: Compact heap
[86.622s][info][gc,phases      ] GC(222) Phase 4: Compact heap 3.349ms
[86.643s][info][gc,heap        ] GC(222) Eden regions: 190->0(614)
[86.643s][info][gc,heap        ] GC(222) Survivor regions: 18->0(77)
[86.643s][info][gc,heap        ] GC(222) Old regions: 56->56
[86.643s][info][gc,heap        ] GC(222) Humongous regions: 69->25
[86.643s][info][gc,metaspace   ] GC(222) Metaspace: 154887K(167772K)->154857K(167772K) NonClass: 134460K(140940K)->134434K(140940K) Class: 20427K(26832K)->20422K(26832K)
[86.643s][info][gc             ] GC(222) Pause Full (System.gc()) 327M->77M(1024M) 93.283ms
[86.643s][info][gc,cpu         ] GC(222) User=0.03s Sys=0.00s Real=0.09s
[86.984s][info][gc,start       ] GC(223) Pause Young (Normal) (G1 Evacuation Pause)
[86.984s][info][gc,task        ] GC(223) Using 6 workers of 6 for evacuation
[86.987s][info][gc,phases      ] GC(223)   Pre Evacuate Collection Set: 0.0ms
[86.987s][info][gc,phases      ] GC(223)   Evacuate Collection Set: 1.9ms
[86.987s][info][gc,phases      ] GC(223)   Post Evacuate Collection Set: 0.7ms
[86.987s][info][gc,phases      ] GC(223)   Other: 0.4ms
[86.987s][info][gc,heap        ] GC(223) Eden regions: 614->0(609)
[86.987s][info][gc,heap        ] GC(223) Survivor regions: 0->5(77)
[86.987s][info][gc,heap        ] GC(223) Old regions: 56->56
[86.987s][info][gc,heap        ] GC(223) Humongous regions: 79->25
[86.987s][info][gc,metaspace   ] GC(223) Metaspace: 154889K(167772K)->154889K(167772K) NonClass: 134462K(140940K)->134462K(140940K) Class: 20427K(26832K)->20427K(26832K)
[86.987s][info][gc             ] GC(223) Pause Young (Normal) (G1 Evacuation Pause) 745M->81M(1024M) 3.122ms
[86.987s][info][gc,cpu         ] GC(223) User=0.00s Sys=0.00s Real=0.00s
[87.239s][info][gc,start       ] GC(224) Pause Young (Normal) (G1 Evacuation Pause)
[87.239s][info][gc,task        ] GC(224) Using 6 workers of 6 for evacuation
[87.244s][info][gc,phases      ] GC(224)   Pre Evacuate Collection Set: 0.0ms
[87.244s][info][gc,phases      ] GC(224)   Evacuate Collection Set: 3.7ms
[87.244s][info][gc,phases      ] GC(224)   Post Evacuate Collection Set: 0.7ms
[87.244s][info][gc,phases      ] GC(224)   Other: 0.3ms
[87.244s][info][gc,heap        ] GC(224) Eden regions: 609->0(597)
[87.244s][info][gc,heap        ] GC(224) Survivor regions: 5->17(77)
[87.244s][info][gc,heap        ] GC(224) Old regions: 56->56
[87.244s][info][gc,heap        ] GC(224) Humongous regions: 57->25
[87.244s][info][gc,metaspace   ] GC(224) Metaspace: 154889K(167772K)->154889K(167772K) NonClass: 134462K(140940K)->134462K(140940K) Class: 20427K(26832K)->20427K(26832K)
[87.244s][info][gc             ] GC(224) Pause Young (Normal) (G1 Evacuation Pause) 722M->94M(1024M) 4.835ms
[87.244s][info][gc,cpu         ] GC(224) User=0.00s Sys=0.00s Real=0.00s
[87.418s][info][gc,task        ] GC(225) Using 6 workers of 6 for full compaction
[87.418s][info][gc,start       ] GC(225) Pause Full (System.gc())
[87.420s][info][gc,phases,start] GC(225) Phase 1: Mark live objects
[87.461s][info][gc,stringtable ] GC(225) Cleaned string and symbol table, strings: 44130 processed, 50 removed, symbols: 306831 processed, 20 removed
[87.461s][info][gc,phases      ] GC(225) Phase 1: Mark live objects 41.398ms
[87.461s][info][gc,phases,start] GC(225) Phase 2: Prepare for compaction
[87.465s][info][gc,phases      ] GC(225) Phase 2: Prepare for compaction 3.549ms
[87.465s][info][gc,phases,start] GC(225) Phase 3: Adjust pointers
[87.486s][info][gc,phases      ] GC(225) Phase 3: Adjust pointers 21.682ms
[87.486s][info][gc,phases,start] GC(225) Phase 4: Compact heap
[87.490s][info][gc,phases      ] GC(225) Phase 4: Compact heap 3.366ms
[87.511s][info][gc,heap        ] GC(225) Eden regions: 190->0(614)
[87.511s][info][gc,heap        ] GC(225) Survivor regions: 17->0(77)
[87.511s][info][gc,heap        ] GC(225) Old regions: 56->56
[87.511s][info][gc,heap        ] GC(225) Humongous regions: 69->25
[87.511s][info][gc,metaspace   ] GC(225) Metaspace: 154889K(167772K)->154859K(167772K) NonClass: 134462K(140940K)->134436K(140940K) Class: 20427K(26832K)->20422K(26832K)
[87.511s][info][gc             ] GC(225) Pause Full (System.gc()) 327M->77M(1024M) 93.444ms
[87.511s][info][gc,cpu         ] GC(225) User=0.09s Sys=0.00s Real=0.10s
[87.838s][info][gc,start       ] GC(226) Pause Young (Normal) (G1 Evacuation Pause)
[87.838s][info][gc,task        ] GC(226) Using 6 workers of 6 for evacuation
[87.841s][info][gc,phases      ] GC(226)   Pre Evacuate Collection Set: 0.0ms
[87.841s][info][gc,phases      ] GC(226)   Evacuate Collection Set: 2.1ms
[87.841s][info][gc,phases      ] GC(226)   Post Evacuate Collection Set: 0.7ms
[87.841s][info][gc,phases      ] GC(226)   Other: 0.4ms
[87.841s][info][gc,heap        ] GC(226) Eden regions: 614->0(609)
[87.841s][info][gc,heap        ] GC(226) Survivor regions: 0->5(77)
[87.841s][info][gc,heap        ] GC(226) Old regions: 56->56
[87.841s][info][gc,heap        ] GC(226) Humongous regions: 79->25
[87.841s][info][gc,metaspace   ] GC(226) Metaspace: 154904K(167772K)->154904K(167772K) NonClass: 134476K(140940K)->134476K(140940K) Class: 20427K(26832K)->20427K(26832K)
[87.841s][info][gc             ] GC(226) Pause Young (Normal) (G1 Evacuation Pause) 745M->82M(1024M) 3.284ms
[87.841s][info][gc,cpu         ] GC(226) User=0.00s Sys=0.00s Real=0.00s
[88.091s][info][gc,start       ] GC(227) Pause Young (Normal) (G1 Evacuation Pause)
[88.091s][info][gc,task        ] GC(227) Using 6 workers of 6 for evacuation
[88.096s][info][gc,phases      ] GC(227)   Pre Evacuate Collection Set: 0.0ms
[88.096s][info][gc,phases      ] GC(227)   Evacuate Collection Set: 3.7ms
[88.096s][info][gc,phases      ] GC(227)   Post Evacuate Collection Set: 0.7ms
[88.096s][info][gc,phases      ] GC(227)   Other: 0.4ms
[88.096s][info][gc,heap        ] GC(227) Eden regions: 609->0(597)
[88.096s][info][gc,heap        ] GC(227) Survivor regions: 5->17(77)
[88.096s][info][gc,heap        ] GC(227) Old regions: 56->56
[88.096s][info][gc,heap        ] GC(227) Humongous regions: 57->25
[88.096s][info][gc,metaspace   ] GC(227) Metaspace: 154905K(167772K)->154905K(167772K) NonClass: 134478K(140940K)->134478K(140940K) Class: 20427K(26832K)->20427K(26832K)
[88.096s][info][gc             ] GC(227) Pause Young (Normal) (G1 Evacuation Pause) 723M->94M(1024M) 4.950ms
[88.096s][info][gc,cpu         ] GC(227) User=0.00s Sys=0.00s Real=0.00s
[88.269s][info][gc,task        ] GC(228) Using 6 workers of 6 for full compaction
[88.269s][info][gc,start       ] GC(228) Pause Full (System.gc())
[88.271s][info][gc,phases,start] GC(228) Phase 1: Mark live objects
[88.313s][info][gc,stringtable ] GC(228) Cleaned string and symbol table, strings: 44133 processed, 50 removed, symbols: 306831 processed, 20 removed
[88.313s][info][gc,phases      ] GC(228) Phase 1: Mark live objects 42.085ms
[88.313s][info][gc,phases,start] GC(228) Phase 2: Prepare for compaction
[88.317s][info][gc,phases      ] GC(228) Phase 2: Prepare for compaction 3.514ms
[88.317s][info][gc,phases,start] GC(228) Phase 3: Adjust pointers
[88.340s][info][gc,phases      ] GC(228) Phase 3: Adjust pointers 23.638ms
[88.340s][info][gc,phases,start] GC(228) Phase 4: Compact heap
[88.344s][info][gc,phases      ] GC(228) Phase 4: Compact heap 3.268ms
[88.364s][info][gc,heap        ] GC(228) Eden regions: 190->0(614)
[88.364s][info][gc,heap        ] GC(228) Survivor regions: 17->0(77)
[88.364s][info][gc,heap        ] GC(228) Old regions: 56->55
[88.364s][info][gc,heap        ] GC(228) Humongous regions: 69->25
[88.364s][info][gc,metaspace   ] GC(228) Metaspace: 154905K(167772K)->154874K(167772K) NonClass: 134478K(140940K)->134451K(140940K) Class: 20427K(26832K)->20422K(26832K)
[88.364s][info][gc             ] GC(228) Pause Full (System.gc()) 327M->77M(1024M) 95.156ms
[88.365s][info][gc,cpu         ] GC(228) User=0.03s Sys=0.00s Real=0.09s
[88.692s][info][gc,start       ] GC(229) Pause Young (Normal) (G1 Evacuation Pause)
[88.692s][info][gc,task        ] GC(229) Using 6 workers of 6 for evacuation
[88.696s][info][gc,phases      ] GC(229)   Pre Evacuate Collection Set: 0.0ms
[88.696s][info][gc,phases      ] GC(229)   Evacuate Collection Set: 2.1ms
[88.696s][info][gc,phases      ] GC(229)   Post Evacuate Collection Set: 0.7ms
[88.696s][info][gc,phases      ] GC(229)   Other: 0.4ms
[88.696s][info][gc,heap        ] GC(229) Eden regions: 614->0(609)
[88.696s][info][gc,heap        ] GC(229) Survivor regions: 0->5(77)
[88.696s][info][gc,heap        ] GC(229) Old regions: 55->55
[88.696s][info][gc,heap        ] GC(229) Humongous regions: 79->25
[88.696s][info][gc,metaspace   ] GC(229) Metaspace: 154906K(167772K)->154906K(167772K) NonClass: 134479K(140940K)->134479K(140940K) Class: 20427K(26832K)->20427K(26832K)
[88.696s][info][gc             ] GC(229) Pause Young (Normal) (G1 Evacuation Pause) 745M->81M(1024M) 3.300ms
[88.696s][info][gc,cpu         ] GC(229) User=0.00s Sys=0.00s Real=0.00s
[88.944s][info][gc,start       ] GC(230) Pause Young (Normal) (G1 Evacuation Pause)
[88.944s][info][gc,task        ] GC(230) Using 6 workers of 6 for evacuation
[88.949s][info][gc,phases      ] GC(230)   Pre Evacuate Collection Set: 0.0ms
[88.949s][info][gc,phases      ] GC(230)   Evacuate Collection Set: 3.8ms
[88.949s][info][gc,phases      ] GC(230)   Post Evacuate Collection Set: 0.9ms
[88.949s][info][gc,phases      ] GC(230)   Other: 0.3ms
[88.949s][info][gc,heap        ] GC(230) Eden regions: 609->0(597)
[88.949s][info][gc,heap        ] GC(230) Survivor regions: 5->17(77)
[88.949s][info][gc,heap        ] GC(230) Old regions: 55->55
[88.949s][info][gc,heap        ] GC(230) Humongous regions: 57->25
[88.949s][info][gc,metaspace   ] GC(230) Metaspace: 154906K(167772K)->154906K(167772K) NonClass: 134479K(140940K)->134479K(140940K) Class: 20427K(26832K)->20427K(26832K)
[88.949s][info][gc             ] GC(230) Pause Young (Normal) (G1 Evacuation Pause) 722M->94M(1024M) 5.118ms
[88.949s][info][gc,cpu         ] GC(230) User=0.02s Sys=0.00s Real=0.01s
[89.123s][info][gc,task        ] GC(231) Using 6 workers of 6 for full compaction
[89.123s][info][gc,start       ] GC(231) Pause Full (System.gc())
[89.125s][info][gc,phases,start] GC(231) Phase 1: Mark live objects
[89.166s][info][gc,stringtable ] GC(231) Cleaned string and symbol table, strings: 44135 processed, 50 removed, symbols: 306831 processed, 20 removed
[89.166s][info][gc,phases      ] GC(231) Phase 1: Mark live objects 41.543ms
[89.166s][info][gc,phases,start] GC(231) Phase 2: Prepare for compaction
[89.170s][info][gc,phases      ] GC(231) Phase 2: Prepare for compaction 3.692ms
[89.170s][info][gc,phases,start] GC(231) Phase 3: Adjust pointers
[89.192s][info][gc,phases      ] GC(231) Phase 3: Adjust pointers 21.609ms
[89.192s][info][gc,phases,start] GC(231) Phase 4: Compact heap
[89.195s][info][gc,phases      ] GC(231) Phase 4: Compact heap 3.027ms
[89.216s][info][gc,heap        ] GC(231) Eden regions: 189->0(614)
[89.216s][info][gc,heap        ] GC(231) Survivor regions: 17->0(77)
[89.216s][info][gc,heap        ] GC(231) Old regions: 55->56
[89.216s][info][gc,heap        ] GC(231) Humongous regions: 69->25
[89.216s][info][gc,metaspace   ] GC(231) Metaspace: 154906K(167772K)->154875K(167772K) NonClass: 134479K(140940K)->134452K(140940K) Class: 20427K(26832K)->20422K(26832K)
[89.216s][info][gc             ] GC(231) Pause Full (System.gc()) 326M->77M(1024M) 92.932ms
[89.216s][info][gc,cpu         ] GC(231) User=0.05s Sys=0.00s Real=0.09s
[89.550s][info][gc,start       ] GC(232) Pause Young (Normal) (G1 Evacuation Pause)
[89.550s][info][gc,task        ] GC(232) Using 6 workers of 6 for evacuation
[89.553s][info][gc,phases      ] GC(232)   Pre Evacuate Collection Set: 0.0ms
[89.553s][info][gc,phases      ] GC(232)   Evacuate Collection Set: 2.1ms
[89.553s][info][gc,phases      ] GC(232)   Post Evacuate Collection Set: 0.7ms
[89.553s][info][gc,phases      ] GC(232)   Other: 0.5ms
[89.553s][info][gc,heap        ] GC(232) Eden regions: 614->0(609)
[89.553s][info][gc,heap        ] GC(232) Survivor regions: 0->5(77)
[89.553s][info][gc,heap        ] GC(232) Old regions: 56->56
[89.553s][info][gc,heap        ] GC(232) Humongous regions: 79->25
[89.553s][info][gc,metaspace   ] GC(232) Metaspace: 154909K(167772K)->154909K(167772K) NonClass: 134482K(140940K)->134482K(140940K) Class: 20427K(26832K)->20427K(26832K)
[89.553s][info][gc             ] GC(232) Pause Young (Normal) (G1 Evacuation Pause) 745M->82M(1024M) 3.271ms
[89.554s][info][gc,cpu         ] GC(232) User=0.00s Sys=0.00s Real=0.00s
[89.799s][info][gc,start       ] GC(233) Pause Young (Normal) (G1 Evacuation Pause)
[89.800s][info][gc,task        ] GC(233) Using 6 workers of 6 for evacuation
[89.804s][info][gc,phases      ] GC(233)   Pre Evacuate Collection Set: 0.0ms
[89.804s][info][gc,phases      ] GC(233)   Evacuate Collection Set: 3.9ms
[89.804s][info][gc,phases      ] GC(233)   Post Evacuate Collection Set: 0.7ms
[89.804s][info][gc,phases      ] GC(233)   Other: 0.3ms
[89.804s][info][gc,heap        ] GC(233) Eden regions: 609->0(597)
[89.804s][info][gc,heap        ] GC(233) Survivor regions: 5->17(77)
[89.804s][info][gc,heap        ] GC(233) Old regions: 56->56
[89.804s][info][gc,heap        ] GC(233) Humongous regions: 57->25
[89.804s][info][gc,metaspace   ] GC(233) Metaspace: 154909K(167772K)->154909K(167772K) NonClass: 134482K(140940K)->134482K(140940K) Class: 20427K(26832K)->20427K(26832K)
[89.804s][info][gc             ] GC(233) Pause Young (Normal) (G1 Evacuation Pause) 723M->94M(1024M) 5.006ms
[89.805s][info][gc,cpu         ] GC(233) User=0.00s Sys=0.00s Real=0.00s
[89.982s][info][gc,task        ] GC(234) Using 6 workers of 6 for full compaction
[89.983s][info][gc,start       ] GC(234) Pause Full (System.gc())
[89.984s][info][gc,phases,start] GC(234) Phase 1: Mark live objects
[90.025s][info][gc,stringtable ] GC(234) Cleaned string and symbol table, strings: 44143 processed, 50 removed, symbols: 306831 processed, 20 removed
[90.025s][info][gc,phases      ] GC(234) Phase 1: Mark live objects 40.751ms
[90.025s][info][gc,phases,start] GC(234) Phase 2: Prepare for compaction
[90.029s][info][gc,phases      ] GC(234) Phase 2: Prepare for compaction 3.709ms
[90.029s][info][gc,phases,start] GC(234) Phase 3: Adjust pointers
[90.051s][info][gc,phases      ] GC(234) Phase 3: Adjust pointers 21.741ms
[90.051s][info][gc,phases,start] GC(234) Phase 4: Compact heap
[90.056s][info][gc,phases      ] GC(234) Phase 4: Compact heap 4.826ms
[90.077s][info][gc,heap        ] GC(234) Eden regions: 189->0(614)
[90.077s][info][gc,heap        ] GC(234) Survivor regions: 17->0(77)
[90.077s][info][gc,heap        ] GC(234) Old regions: 56->68
[90.077s][info][gc,heap        ] GC(234) Humongous regions: 69->25
[90.077s][info][gc,metaspace   ] GC(234) Metaspace: 154909K(167772K)->154879K(167772K) NonClass: 134482K(140940K)->134456K(140940K) Class: 20427K(26832K)->20422K(26832K)
[90.077s][info][gc             ] GC(234) Pause Full (System.gc()) 326M->88M(1024M) 94.068ms
[90.077s][info][gc,cpu         ] GC(234) User=0.02s Sys=0.00s Real=0.09s
[90.409s][info][gc,start       ] GC(235) Pause Young (Normal) (G1 Evacuation Pause)
[90.409s][info][gc,task        ] GC(235) Using 6 workers of 6 for evacuation
[90.412s][info][gc,phases      ] GC(235)   Pre Evacuate Collection Set: 0.0ms
[90.412s][info][gc,phases      ] GC(235)   Evacuate Collection Set: 2.1ms
[90.412s][info][gc,phases      ] GC(235)   Post Evacuate Collection Set: 0.7ms
[90.412s][info][gc,phases      ] GC(235)   Other: 0.3ms
[90.412s][info][gc,heap        ] GC(235) Eden regions: 614->0(609)
[90.412s][info][gc,heap        ] GC(235) Survivor regions: 0->5(77)
[90.412s][info][gc,heap        ] GC(235) Old regions: 68->68
[90.412s][info][gc,heap        ] GC(235) Humongous regions: 79->25
[90.412s][info][gc,metaspace   ] GC(235) Metaspace: 154912K(167772K)->154912K(167772K) NonClass: 134485K(140940K)->134485K(140940K) Class: 20427K(26832K)->20427K(26832K)
[90.412s][info][gc             ] GC(235) Pause Young (Normal) (G1 Evacuation Pause) 756M->93M(1024M) 3.233ms
[90.412s][info][gc,cpu         ] GC(235) User=0.02s Sys=0.00s Real=0.02s
[90.659s][info][gc,start       ] GC(236) Pause Young (Normal) (G1 Evacuation Pause)
[90.659s][info][gc,task        ] GC(236) Using 6 workers of 6 for evacuation
[90.664s][info][gc,phases      ] GC(236)   Pre Evacuate Collection Set: 0.0ms
[90.664s][info][gc,phases      ] GC(236)   Evacuate Collection Set: 3.8ms
[90.664s][info][gc,phases      ] GC(236)   Post Evacuate Collection Set: 0.7ms
[90.664s][info][gc,phases      ] GC(236)   Other: 0.3ms
[90.664s][info][gc,heap        ] GC(236) Eden regions: 609->0(597)
[90.664s][info][gc,heap        ] GC(236) Survivor regions: 5->17(77)
[90.664s][info][gc,heap        ] GC(236) Old regions: 68->68
[90.664s][info][gc,heap        ] GC(236) Humongous regions: 57->25
[90.664s][info][gc,metaspace   ] GC(236) Metaspace: 154913K(167772K)->154913K(167772K) NonClass: 134485K(140940K)->134485K(140940K) Class: 20427K(26832K)->20427K(26832K)
[90.664s][info][gc             ] GC(236) Pause Young (Normal) (G1 Evacuation Pause) 734M->105M(1024M) 4.903ms
[90.664s][info][gc,cpu         ] GC(236) User=0.02s Sys=0.00s Real=0.02s
[90.840s][info][gc,task        ] GC(237) Using 6 workers of 6 for full compaction
[90.840s][info][gc,start       ] GC(237) Pause Full (System.gc())
[90.842s][info][gc,phases,start] GC(237) Phase 1: Mark live objects
[90.884s][info][gc,stringtable ] GC(237) Cleaned string and symbol table, strings: 44155 processed, 50 removed, symbols: 306831 processed, 20 removed
[90.884s][info][gc,phases      ] GC(237) Phase 1: Mark live objects 41.438ms
[90.884s][info][gc,phases,start] GC(237) Phase 2: Prepare for compaction
[90.887s][info][gc,phases      ] GC(237) Phase 2: Prepare for compaction 3.518ms
[90.887s][info][gc,phases,start] GC(237) Phase 3: Adjust pointers
[90.909s][info][gc,phases      ] GC(237) Phase 3: Adjust pointers 21.970ms
[90.909s][info][gc,phases,start] GC(237) Phase 4: Compact heap
[90.914s][info][gc,phases      ] GC(237) Phase 4: Compact heap 4.500ms
[90.935s][info][gc,heap        ] GC(237) Eden regions: 190->0(614)
[90.935s][info][gc,heap        ] GC(237) Survivor regions: 17->0(77)
[90.935s][info][gc,heap        ] GC(237) Old regions: 68->56
[90.935s][info][gc,heap        ] GC(237) Humongous regions: 69->25
[90.935s][info][gc,metaspace   ] GC(237) Metaspace: 154913K(167772K)->154882K(167772K) NonClass: 134485K(140940K)->134459K(140940K) Class: 20427K(26832K)->20422K(26832K)
[90.935s][info][gc             ] GC(237) Pause Full (System.gc()) 338M->77M(1024M) 95.130ms
[90.935s][info][gc,cpu         ] GC(237) User=0.05s Sys=0.00s Real=0.09s
[91.260s][info][gc,start       ] GC(238) Pause Young (Normal) (G1 Evacuation Pause)
[91.260s][info][gc,task        ] GC(238) Using 6 workers of 6 for evacuation
[91.263s][info][gc,phases      ] GC(238)   Pre Evacuate Collection Set: 0.0ms
[91.263s][info][gc,phases      ] GC(238)   Evacuate Collection Set: 2.0ms
[91.263s][info][gc,phases      ] GC(238)   Post Evacuate Collection Set: 0.7ms
[91.263s][info][gc,phases      ] GC(238)   Other: 0.3ms
[91.263s][info][gc,heap        ] GC(238) Eden regions: 614->0(609)
[91.263s][info][gc,heap        ] GC(238) Survivor regions: 0->5(77)
[91.263s][info][gc,heap        ] GC(238) Old regions: 56->56
[91.263s][info][gc,heap        ] GC(238) Humongous regions: 79->25
[91.263s][info][gc,metaspace   ] GC(238) Metaspace: 154920K(167772K)->154920K(167772K) NonClass: 134493K(140940K)->134493K(140940K) Class: 20427K(26832K)->20427K(26832K)
[91.263s][info][gc             ] GC(238) Pause Young (Normal) (G1 Evacuation Pause) 745M->82M(1024M) 3.119ms
[91.263s][info][gc,cpu         ] GC(238) User=0.00s Sys=0.00s Real=0.00s
[91.514s][info][gc,start       ] GC(239) Pause Young (Normal) (G1 Evacuation Pause)
[91.514s][info][gc,task        ] GC(239) Using 6 workers of 6 for evacuation
[91.519s][info][gc,phases      ] GC(239)   Pre Evacuate Collection Set: 0.0ms
[91.519s][info][gc,phases      ] GC(239)   Evacuate Collection Set: 3.8ms
[91.519s][info][gc,phases      ] GC(239)   Post Evacuate Collection Set: 0.7ms
[91.519s][info][gc,phases      ] GC(239)   Other: 0.3ms
[91.519s][info][gc,heap        ] GC(239) Eden regions: 609->0(597)
[91.519s][info][gc,heap        ] GC(239) Survivor regions: 5->17(77)
[91.519s][info][gc,heap        ] GC(239) Old regions: 56->56
[91.519s][info][gc,heap        ] GC(239) Humongous regions: 57->25
[91.519s][info][gc,metaspace   ] GC(239) Metaspace: 154920K(167772K)->154920K(167772K) NonClass: 134493K(140940K)->134493K(140940K) Class: 20427K(26832K)->20427K(26832K)
[91.519s][info][gc             ] GC(239) Pause Young (Normal) (G1 Evacuation Pause) 723M->94M(1024M) 4.941ms
[91.519s][info][gc,cpu         ] GC(239) User=0.00s Sys=0.00s Real=0.00s
[91.695s][info][gc,task        ] GC(240) Using 6 workers of 6 for full compaction
[91.695s][info][gc,start       ] GC(240) Pause Full (System.gc())
[91.697s][info][gc,phases,start] GC(240) Phase 1: Mark live objects
[91.738s][info][gc,stringtable ] GC(240) Cleaned string and symbol table, strings: 44180 processed, 50 removed, symbols: 306831 processed, 20 removed
[91.738s][info][gc,phases      ] GC(240) Phase 1: Mark live objects 41.055ms
[91.738s][info][gc,phases,start] GC(240) Phase 2: Prepare for compaction
[91.742s][info][gc,phases      ] GC(240) Phase 2: Prepare for compaction 3.538ms
[91.742s][info][gc,phases,start] GC(240) Phase 3: Adjust pointers
[91.764s][info][gc,phases      ] GC(240) Phase 3: Adjust pointers 21.887ms
[91.764s][info][gc,phases,start] GC(240) Phase 4: Compact heap
[91.767s][info][gc,phases      ] GC(240) Phase 4: Compact heap 3.247ms
[91.788s][info][gc,heap        ] GC(240) Eden regions: 189->0(614)
[91.788s][info][gc,heap        ] GC(240) Survivor regions: 17->0(77)
[91.788s][info][gc,heap        ] GC(240) Old regions: 56->57
[91.788s][info][gc,heap        ] GC(240) Humongous regions: 69->25
[91.788s][info][gc,metaspace   ] GC(240) Metaspace: 154923K(167772K)->154892K(167772K) NonClass: 134496K(140940K)->134470K(140940K) Class: 20427K(26832K)->20422K(26832K)
[91.789s][info][gc             ] GC(240) Pause Full (System.gc()) 326M->77M(1024M) 93.101ms
[91.789s][info][gc,cpu         ] GC(240) User=0.03s Sys=0.00s Real=0.09s
[92.118s][info][gc,start       ] GC(241) Pause Young (Normal) (G1 Evacuation Pause)
[92.118s][info][gc,task        ] GC(241) Using 6 workers of 6 for evacuation
[92.121s][info][gc,phases      ] GC(241)   Pre Evacuate Collection Set: 0.0ms
[92.122s][info][gc,phases      ] GC(241)   Evacuate Collection Set: 2.1ms
[92.122s][info][gc,phases      ] GC(241)   Post Evacuate Collection Set: 0.7ms
[92.122s][info][gc,phases      ] GC(241)   Other: 0.3ms
[92.122s][info][gc,heap        ] GC(241) Eden regions: 614->0(609)
[92.122s][info][gc,heap        ] GC(241) Survivor regions: 0->5(77)
[92.122s][info][gc,heap        ] GC(241) Old regions: 57->57
[92.122s][info][gc,heap        ] GC(241) Humongous regions: 79->25
[92.122s][info][gc,metaspace   ] GC(241) Metaspace: 154988K(168028K)->154988K(168028K) NonClass: 134561K(141196K)->134561K(141196K) Class: 20427K(26832K)->20427K(26832K)
[92.122s][info][gc             ] GC(241) Pause Young (Normal) (G1 Evacuation Pause) 745M->82M(1024M) 3.232ms
[92.122s][info][gc,cpu         ] GC(241) User=0.00s Sys=0.00s Real=0.02s
[92.370s][info][gc,start       ] GC(242) Pause Young (Normal) (G1 Evacuation Pause)
[92.370s][info][gc,task        ] GC(242) Using 6 workers of 6 for evacuation
[92.375s][info][gc,phases      ] GC(242)   Pre Evacuate Collection Set: 0.0ms
[92.375s][info][gc,phases      ] GC(242)   Evacuate Collection Set: 3.9ms
[92.375s][info][gc,phases      ] GC(242)   Post Evacuate Collection Set: 0.7ms
[92.375s][info][gc,phases      ] GC(242)   Other: 0.3ms
[92.375s][info][gc,heap        ] GC(242) Eden regions: 609->0(596)
[92.375s][info][gc,heap        ] GC(242) Survivor regions: 5->18(77)
[92.375s][info][gc,heap        ] GC(242) Old regions: 57->57
[92.375s][info][gc,heap        ] GC(242) Humongous regions: 57->25
[92.375s][info][gc,metaspace   ] GC(242) Metaspace: 154989K(168028K)->154989K(168028K) NonClass: 134562K(141196K)->134562K(141196K) Class: 20427K(26832K)->20427K(26832K)
[92.375s][info][gc             ] GC(242) Pause Young (Normal) (G1 Evacuation Pause) 723M->95M(1024M) 5.020ms
[92.375s][info][gc,cpu         ] GC(242) User=0.02s Sys=0.00s Real=0.01s
[92.549s][info][gc,task        ] GC(243) Using 6 workers of 6 for full compaction
[92.550s][info][gc,start       ] GC(243) Pause Full (System.gc())
[92.551s][info][gc,phases,start] GC(243) Phase 1: Mark live objects
[92.593s][info][gc,stringtable ] GC(243) Cleaned string and symbol table, strings: 44210 processed, 50 removed, symbols: 306831 processed, 20 removed
[92.593s][info][gc,phases      ] GC(243) Phase 1: Mark live objects 41.481ms
[92.593s][info][gc,phases,start] GC(243) Phase 2: Prepare for compaction
[92.597s][info][gc,phases      ] GC(243) Phase 2: Prepare for compaction 3.579ms
[92.597s][info][gc,phases,start] GC(243) Phase 3: Adjust pointers
[92.619s][info][gc,phases      ] GC(243) Phase 3: Adjust pointers 21.919ms
[92.619s][info][gc,phases,start] GC(243) Phase 4: Compact heap
[92.622s][info][gc,phases      ] GC(243) Phase 4: Compact heap 3.121ms
[92.643s][info][gc,heap        ] GC(243) Eden regions: 189->0(614)
[92.643s][info][gc,heap        ] GC(243) Survivor regions: 18->0(77)
[92.643s][info][gc,heap        ] GC(243) Old regions: 57->57
[92.643s][info][gc,heap        ] GC(243) Humongous regions: 69->25
[92.643s][info][gc,metaspace   ] GC(243) Metaspace: 154991K(168028K)->154960K(168028K) NonClass: 134563K(141196K)->134537K(141196K) Class: 20427K(26832K)->20422K(26832K)
[92.643s][info][gc             ] GC(243) Pause Full (System.gc()) 327M->77M(1024M) 93.514ms
[92.643s][info][gc,cpu         ] GC(243) User=0.05s Sys=0.00s Real=0.10s
[92.978s][info][gc,start       ] GC(244) Pause Young (Normal) (G1 Evacuation Pause)
[92.978s][info][gc,task        ] GC(244) Using 6 workers of 6 for evacuation
[92.980s][info][gc,phases      ] GC(244)   Pre Evacuate Collection Set: 0.0ms
[92.981s][info][gc,phases      ] GC(244)   Evacuate Collection Set: 1.9ms
[92.981s][info][gc,phases      ] GC(244)   Post Evacuate Collection Set: 0.7ms
[92.981s][info][gc,phases      ] GC(244)   Other: 0.4ms
[92.981s][info][gc,heap        ] GC(244) Eden regions: 614->0(609)
[92.981s][info][gc,heap        ] GC(244) Survivor regions: 0->5(77)
[92.981s][info][gc,heap        ] GC(244) Old regions: 57->57
[92.981s][info][gc,heap        ] GC(244) Humongous regions: 79->25
[92.981s][info][gc,metaspace   ] GC(244) Metaspace: 154996K(168028K)->154996K(168028K) NonClass: 134569K(141196K)->134569K(141196K) Class: 20427K(26832K)->20427K(26832K)
[92.981s][info][gc             ] GC(244) Pause Young (Normal) (G1 Evacuation Pause) 745M->82M(1024M) 3.071ms
[92.981s][info][gc,cpu         ] GC(244) User=0.00s Sys=0.00s Real=0.00s
[93.231s][info][gc,start       ] GC(245) Pause Young (Normal) (G1 Evacuation Pause)
[93.231s][info][gc,task        ] GC(245) Using 6 workers of 6 for evacuation
[93.236s][info][gc,phases      ] GC(245)   Pre Evacuate Collection Set: 0.0ms
[93.236s][info][gc,phases      ] GC(245)   Evacuate Collection Set: 3.8ms
[93.236s][info][gc,phases      ] GC(245)   Post Evacuate Collection Set: 0.7ms
[93.236s][info][gc,phases      ] GC(245)   Other: 0.4ms
[93.236s][info][gc,heap        ] GC(245) Eden regions: 609->0(596)
[93.236s][info][gc,heap        ] GC(245) Survivor regions: 5->18(77)
[93.236s][info][gc,heap        ] GC(245) Old regions: 57->57
[93.236s][info][gc,heap        ] GC(245) Humongous regions: 57->25
[93.236s][info][gc,metaspace   ] GC(245) Metaspace: 154996K(168028K)->154996K(168028K) NonClass: 134569K(141196K)->134569K(141196K) Class: 20427K(26832K)->20427K(26832K)
[93.236s][info][gc             ] GC(245) Pause Young (Normal) (G1 Evacuation Pause) 723M->95M(1024M) 5.014ms
[93.236s][info][gc,cpu         ] GC(245) User=0.00s Sys=0.00s Real=0.02s
[93.415s][info][gc,task        ] GC(246) Using 6 workers of 6 for full compaction
[93.415s][info][gc,start       ] GC(246) Pause Full (System.gc())
[93.417s][info][gc,phases,start] GC(246) Phase 1: Mark live objects
[93.458s][info][gc,stringtable ] GC(246) Cleaned string and symbol table, strings: 44216 processed, 50 removed, symbols: 306831 processed, 20 removed
[93.458s][info][gc,phases      ] GC(246) Phase 1: Mark live objects 40.986ms
[93.458s][info][gc,phases,start] GC(246) Phase 2: Prepare for compaction
[93.461s][info][gc,phases      ] GC(246) Phase 2: Prepare for compaction 3.508ms
[93.461s][info][gc,phases,start] GC(246) Phase 3: Adjust pointers
[93.484s][info][gc,phases      ] GC(246) Phase 3: Adjust pointers 22.097ms
[93.484s][info][gc,phases,start] GC(246) Phase 4: Compact heap
[93.487s][info][gc,phases      ] GC(246) Phase 4: Compact heap 3.060ms
[93.508s][info][gc,heap        ] GC(246) Eden regions: 189->0(614)
[93.508s][info][gc,heap        ] GC(246) Survivor regions: 18->0(77)
[93.508s][info][gc,heap        ] GC(246) Old regions: 57->58
[93.508s][info][gc,heap        ] GC(246) Humongous regions: 69->25
[93.508s][info][gc,metaspace   ] GC(246) Metaspace: 154996K(168028K)->154965K(168028K) NonClass: 134569K(141196K)->134542K(141196K) Class: 20427K(26832K)->20422K(26832K)
[93.508s][info][gc             ] GC(246) Pause Full (System.gc()) 327M->77M(1024M) 93.350ms
[93.508s][info][gc,cpu         ] GC(246) User=0.05s Sys=0.00s Real=0.09s
[93.836s][info][gc,start       ] GC(247) Pause Young (Normal) (G1 Evacuation Pause)
[93.836s][info][gc,task        ] GC(247) Using 6 workers of 6 for evacuation
[93.839s][info][gc,phases      ] GC(247)   Pre Evacuate Collection Set: 0.0ms
[93.840s][info][gc,phases      ] GC(247)   Evacuate Collection Set: 2.0ms
[93.840s][info][gc,phases      ] GC(247)   Post Evacuate Collection Set: 0.7ms
[93.840s][info][gc,phases      ] GC(247)   Other: 0.4ms
[93.840s][info][gc,heap        ] GC(247) Eden regions: 614->0(609)
[93.840s][info][gc,heap        ] GC(247) Survivor regions: 0->5(77)
[93.840s][info][gc,heap        ] GC(247) Old regions: 58->58
[93.840s][info][gc,heap        ] GC(247) Humongous regions: 79->25
[93.840s][info][gc,metaspace   ] GC(247) Metaspace: 154996K(168028K)->154996K(168028K) NonClass: 134569K(141196K)->134569K(141196K) Class: 20427K(26832K)->20427K(26832K)
[93.840s][info][gc             ] GC(247) Pause Young (Normal) (G1 Evacuation Pause) 745M->82M(1024M) 3.244ms
[93.840s][info][gc,cpu         ] GC(247) User=0.00s Sys=0.00s Real=0.00s
[94.089s][info][gc,start       ] GC(248) Pause Young (Normal) (G1 Evacuation Pause)
[94.089s][info][gc,task        ] GC(248) Using 6 workers of 6 for evacuation
[94.094s][info][gc,phases      ] GC(248)   Pre Evacuate Collection Set: 0.0ms
[94.094s][info][gc,phases      ] GC(248)   Evacuate Collection Set: 3.9ms
[94.094s][info][gc,phases      ] GC(248)   Post Evacuate Collection Set: 0.7ms
[94.094s][info][gc,phases      ] GC(248)   Other: 0.4ms
[94.094s][info][gc,heap        ] GC(248) Eden regions: 609->0(597)
[94.094s][info][gc,heap        ] GC(248) Survivor regions: 5->17(77)
[94.094s][info][gc,heap        ] GC(248) Old regions: 58->58
[94.094s][info][gc,heap        ] GC(248) Humongous regions: 57->25
[94.094s][info][gc,metaspace   ] GC(248) Metaspace: 154996K(168028K)->154996K(168028K) NonClass: 134569K(141196K)->134569K(141196K) Class: 20427K(26832K)->20427K(26832K)
[94.094s][info][gc             ] GC(248) Pause Young (Normal) (G1 Evacuation Pause) 723M->94M(1024M) 5.013ms
[94.094s][info][gc,cpu         ] GC(248) User=0.00s Sys=0.00s Real=0.00s
[94.269s][info][gc,task        ] GC(249) Using 6 workers of 6 for full compaction
[94.269s][info][gc,start       ] GC(249) Pause Full (System.gc())
[94.271s][info][gc,phases,start] GC(249) Phase 1: Mark live objects
[94.313s][info][gc,stringtable ] GC(249) Cleaned string and symbol table, strings: 44235 processed, 50 removed, symbols: 306832 processed, 21 removed
[94.313s][info][gc,phases      ] GC(249) Phase 1: Mark live objects 41.542ms
[94.313s][info][gc,phases,start] GC(249) Phase 2: Prepare for compaction
[94.317s][info][gc,phases      ] GC(249) Phase 2: Prepare for compaction 3.921ms
[94.317s][info][gc,phases,start] GC(249) Phase 3: Adjust pointers
[94.339s][info][gc,phases      ] GC(249) Phase 3: Adjust pointers 22.140ms
[94.339s][info][gc,phases,start] GC(249) Phase 4: Compact heap
[94.342s][info][gc,phases      ] GC(249) Phase 4: Compact heap 2.946ms
[94.363s][info][gc,heap        ] GC(249) Eden regions: 188->0(614)
[94.363s][info][gc,heap        ] GC(249) Survivor regions: 17->0(77)
[94.363s][info][gc,heap        ] GC(249) Old regions: 58->57
[94.363s][info][gc,heap        ] GC(249) Humongous regions: 69->25
[94.363s][info][gc,metaspace   ] GC(249) Metaspace: 154996K(168028K)->154965K(168028K) NonClass: 134569K(141196K)->134542K(141196K) Class: 20427K(26832K)->20422K(26832K)
[94.363s][info][gc             ] GC(249) Pause Full (System.gc()) 325M->78M(1024M) 93.854ms
[94.363s][info][gc,cpu         ] GC(249) User=0.05s Sys=0.00s Real=0.09s
[94.701s][info][gc,start       ] GC(250) Pause Young (Normal) (G1 Evacuation Pause)
[94.701s][info][gc,task        ] GC(250) Using 6 workers of 6 for evacuation
[94.705s][info][gc,phases      ] GC(250)   Pre Evacuate Collection Set: 0.0ms
[94.705s][info][gc,phases      ] GC(250)   Evacuate Collection Set: 2.2ms
[94.705s][info][gc,phases      ] GC(250)   Post Evacuate Collection Set: 0.8ms
[94.705s][info][gc,phases      ] GC(250)   Other: 0.5ms
[94.705s][info][gc,heap        ] GC(250) Eden regions: 614->0(609)
[94.705s][info][gc,heap        ] GC(250) Survivor regions: 0->5(77)
[94.705s][info][gc,heap        ] GC(250) Old regions: 57->57
[94.705s][info][gc,heap        ] GC(250) Humongous regions: 79->25
[94.705s][info][gc,metaspace   ] GC(250) Metaspace: 154996K(168028K)->154996K(168028K) NonClass: 134569K(141196K)->134569K(141196K) Class: 20427K(26832K)->20427K(26832K)
[94.705s][info][gc             ] GC(250) Pause Young (Normal) (G1 Evacuation Pause) 746M->82M(1024M) 3.592ms
[94.705s][info][gc,cpu         ] GC(250) User=0.00s Sys=0.00s Real=0.00s
[94.961s][info][gc,start       ] GC(251) Pause Young (Normal) (G1 Evacuation Pause)
[94.961s][info][gc,task        ] GC(251) Using 6 workers of 6 for evacuation
[94.966s][info][gc,phases      ] GC(251)   Pre Evacuate Collection Set: 0.0ms
[94.966s][info][gc,phases      ] GC(251)   Evacuate Collection Set: 4.0ms
[94.966s][info][gc,phases      ] GC(251)   Post Evacuate Collection Set: 0.6ms
[94.966s][info][gc,phases      ] GC(251)   Other: 0.4ms
[94.966s][info][gc,heap        ] GC(251) Eden regions: 609->0(596)
[94.966s][info][gc,heap        ] GC(251) Survivor regions: 5->18(77)
[94.966s][info][gc,heap        ] GC(251) Old regions: 57->57
[94.966s][info][gc,heap        ] GC(251) Humongous regions: 57->25
[94.966s][info][gc,metaspace   ] GC(251) Metaspace: 154996K(168028K)->154996K(168028K) NonClass: 134569K(141196K)->134569K(141196K) Class: 20427K(26832K)->20427K(26832K)
[94.966s][info][gc             ] GC(251) Pause Young (Normal) (G1 Evacuation Pause) 723M->95M(1024M) 5.140ms
[94.966s][info][gc,cpu         ] GC(251) User=0.02s Sys=0.00s Real=0.02s
[95.139s][info][gc,task        ] GC(252) Using 6 workers of 6 for full compaction
[95.139s][info][gc,start       ] GC(252) Pause Full (System.gc())
[95.141s][info][gc,phases,start] GC(252) Phase 1: Mark live objects
[95.181s][info][gc,stringtable ] GC(252) Cleaned string and symbol table, strings: 44240 processed, 50 removed, symbols: 306831 processed, 20 removed
[95.181s][info][gc,phases      ] GC(252) Phase 1: Mark live objects 40.672ms
[95.182s][info][gc,phases,start] GC(252) Phase 2: Prepare for compaction
[95.185s][info][gc,phases      ] GC(252) Phase 2: Prepare for compaction 3.716ms
[95.185s][info][gc,phases,start] GC(252) Phase 3: Adjust pointers
[95.208s][info][gc,phases      ] GC(252) Phase 3: Adjust pointers 22.209ms
[95.208s][info][gc,phases,start] GC(252) Phase 4: Compact heap
[95.211s][info][gc,phases      ] GC(252) Phase 4: Compact heap 3.360ms
[95.232s][info][gc,heap        ] GC(252) Eden regions: 188->0(614)
[95.233s][info][gc,heap        ] GC(252) Survivor regions: 18->0(77)
[95.233s][info][gc,heap        ] GC(252) Old regions: 57->57
[95.233s][info][gc,heap        ] GC(252) Humongous regions: 69->25
[95.233s][info][gc,metaspace   ] GC(252) Metaspace: 154996K(168028K)->154965K(168028K) NonClass: 134569K(141196K)->134542K(141196K) Class: 20427K(26832K)->20422K(26832K)
[95.233s][info][gc             ] GC(252) Pause Full (System.gc()) 326M->78M(1024M) 93.494ms
[95.233s][info][gc,cpu         ] GC(252) User=0.05s Sys=0.00s Real=0.09s
[95.564s][info][gc,start       ] GC(253) Pause Young (Normal) (G1 Evacuation Pause)
[95.564s][info][gc,task        ] GC(253) Using 6 workers of 6 for evacuation
[95.567s][info][gc,phases      ] GC(253)   Pre Evacuate Collection Set: 0.0ms
[95.567s][info][gc,phases      ] GC(253)   Evacuate Collection Set: 2.0ms
[95.567s][info][gc,phases      ] GC(253)   Post Evacuate Collection Set: 0.7ms
[95.567s][info][gc,phases      ] GC(253)   Other: 0.3ms
[95.567s][info][gc,heap        ] GC(253) Eden regions: 614->0(609)
[95.567s][info][gc,heap        ] GC(253) Survivor regions: 0->5(77)
[95.567s][info][gc,heap        ] GC(253) Old regions: 57->57
[95.567s][info][gc,heap        ] GC(253) Humongous regions: 79->25
[95.567s][info][gc,metaspace   ] GC(253) Metaspace: 154998K(168028K)->154998K(168028K) NonClass: 134571K(141196K)->134571K(141196K) Class: 20427K(26832K)->20427K(26832K)
[95.567s][info][gc             ] GC(253) Pause Young (Normal) (G1 Evacuation Pause) 746M->83M(1024M) 3.112ms
[95.567s][info][gc,cpu         ] GC(253) User=0.00s Sys=0.00s Real=0.00s
[95.816s][info][gc,start       ] GC(254) Pause Young (Normal) (G1 Evacuation Pause)
[95.816s][info][gc,task        ] GC(254) Using 6 workers of 6 for evacuation
[95.820s][info][gc,phases      ] GC(254)   Pre Evacuate Collection Set: 0.0ms
[95.820s][info][gc,phases      ] GC(254)   Evacuate Collection Set: 3.7ms
[95.820s][info][gc,phases      ] GC(254)   Post Evacuate Collection Set: 0.7ms
[95.821s][info][gc,phases      ] GC(254)   Other: 0.3ms
[95.821s][info][gc,heap        ] GC(254) Eden regions: 609->0(596)
[95.821s][info][gc,heap        ] GC(254) Survivor regions: 5->18(77)
[95.821s][info][gc,heap        ] GC(254) Old regions: 57->57
[95.821s][info][gc,heap        ] GC(254) Humongous regions: 57->25
[95.821s][info][gc,metaspace   ] GC(254) Metaspace: 154998K(168028K)->154998K(168028K) NonClass: 134571K(141196K)->134571K(141196K) Class: 20427K(26832K)->20427K(26832K)
[95.821s][info][gc             ] GC(254) Pause Young (Normal) (G1 Evacuation Pause) 724M->95M(1024M) 4.843ms
[95.821s][info][gc,cpu         ] GC(254) User=0.00s Sys=0.00s Real=0.00s
[95.994s][info][gc,task        ] GC(255) Using 6 workers of 6 for full compaction
[95.994s][info][gc,start       ] GC(255) Pause Full (System.gc())
[95.996s][info][gc,phases,start] GC(255) Phase 1: Mark live objects
[96.037s][info][gc,stringtable ] GC(255) Cleaned string and symbol table, strings: 44258 processed, 50 removed, symbols: 306831 processed, 20 removed
[96.038s][info][gc,phases      ] GC(255) Phase 1: Mark live objects 41.540ms
[96.038s][info][gc,phases,start] GC(255) Phase 2: Prepare for compaction
[96.041s][info][gc,phases      ] GC(255) Phase 2: Prepare for compaction 3.591ms
[96.041s][info][gc,phases,start] GC(255) Phase 3: Adjust pointers
[96.063s][info][gc,phases      ] GC(255) Phase 3: Adjust pointers 22.078ms
[96.063s][info][gc,phases,start] GC(255) Phase 4: Compact heap
[96.067s][info][gc,phases      ] GC(255) Phase 4: Compact heap 3.143ms
[96.088s][info][gc,heap        ] GC(255) Eden regions: 189->0(614)
[96.088s][info][gc,heap        ] GC(255) Survivor regions: 18->0(77)
[96.088s][info][gc,heap        ] GC(255) Old regions: 57->56
[96.088s][info][gc,heap        ] GC(255) Humongous regions: 69->25
[96.088s][info][gc,metaspace   ] GC(255) Metaspace: 154998K(168028K)->154968K(168028K) NonClass: 134571K(141196K)->134545K(141196K) Class: 20427K(26832K)->20422K(26832K)
[96.088s][info][gc             ] GC(255) Pause Full (System.gc()) 327M->78M(1024M) 93.720ms
[96.088s][info][gc,cpu         ] GC(255) User=0.05s Sys=0.00s Real=0.10s
[96.415s][info][gc,start       ] GC(256) Pause Young (Normal) (G1 Evacuation Pause)
[96.415s][info][gc,task        ] GC(256) Using 6 workers of 6 for evacuation
[96.418s][info][gc,phases      ] GC(256)   Pre Evacuate Collection Set: 0.0ms
[96.418s][info][gc,phases      ] GC(256)   Evacuate Collection Set: 2.1ms
[96.418s][info][gc,phases      ] GC(256)   Post Evacuate Collection Set: 0.7ms
[96.418s][info][gc,phases      ] GC(256)   Other: 0.3ms
[96.418s][info][gc,heap        ] GC(256) Eden regions: 614->0(608)
[96.418s][info][gc,heap        ] GC(256) Survivor regions: 0->6(77)
[96.418s][info][gc,heap        ] GC(256) Old regions: 56->56
[96.418s][info][gc,heap        ] GC(256) Humongous regions: 79->25
[96.418s][info][gc,metaspace   ] GC(256) Metaspace: 154999K(168028K)->154999K(168028K) NonClass: 134572K(141196K)->134572K(141196K) Class: 20427K(26832K)->20427K(26832K)
[96.418s][info][gc             ] GC(256) Pause Young (Normal) (G1 Evacuation Pause) 746M->83M(1024M) 3.143ms
[96.418s][info][gc,cpu         ] GC(256) User=0.00s Sys=0.00s Real=0.00s
[96.664s][info][gc,start       ] GC(257) Pause Young (Normal) (G1 Evacuation Pause)
[96.664s][info][gc,task        ] GC(257) Using 6 workers of 6 for evacuation
[96.668s][info][gc,phases      ] GC(257)   Pre Evacuate Collection Set: 0.0ms
[96.668s][info][gc,phases      ] GC(257)   Evacuate Collection Set: 3.7ms
[96.668s][info][gc,phases      ] GC(257)   Post Evacuate Collection Set: 0.8ms
[96.668s][info][gc,phases      ] GC(257)   Other: 0.5ms
[96.668s][info][gc,heap        ] GC(257) Eden regions: 608->0(597)
[96.668s][info][gc,heap        ] GC(257) Survivor regions: 6->17(77)
[96.668s][info][gc,heap        ] GC(257) Old regions: 56->56
[96.668s][info][gc,heap        ] GC(257) Humongous regions: 57->25
[96.668s][info][gc,metaspace   ] GC(257) Metaspace: 154999K(168028K)->154999K(168028K) NonClass: 134572K(141196K)->134572K(141196K) Class: 20427K(26832K)->20427K(26832K)
[96.668s][info][gc             ] GC(257) Pause Young (Normal) (G1 Evacuation Pause) 723M->95M(1024M) 4.969ms
[96.669s][info][gc,cpu         ] GC(257) User=0.00s Sys=0.00s Real=0.00s
[96.843s][info][gc,task        ] GC(258) Using 6 workers of 6 for full compaction
[96.843s][info][gc,start       ] GC(258) Pause Full (System.gc())
[96.845s][info][gc,phases,start] GC(258) Phase 1: Mark live objects
[96.887s][info][gc,stringtable ] GC(258) Cleaned string and symbol table, strings: 44261 processed, 50 removed, symbols: 306831 processed, 20 removed
[96.887s][info][gc,phases      ] GC(258) Phase 1: Mark live objects 42.602ms
[96.887s][info][gc,phases,start] GC(258) Phase 2: Prepare for compaction
[96.891s][info][gc,phases      ] GC(258) Phase 2: Prepare for compaction 3.603ms
[96.891s][info][gc,phases,start] GC(258) Phase 3: Adjust pointers
[96.916s][info][gc,phases      ] GC(258) Phase 3: Adjust pointers 24.731ms
[96.916s][info][gc,phases,start] GC(258) Phase 4: Compact heap
[96.918s][info][gc,phases      ] GC(258) Phase 4: Compact heap 2.758ms
[96.940s][info][gc,heap        ] GC(258) Eden regions: 190->0(614)
[96.940s][info][gc,heap        ] GC(258) Survivor regions: 17->0(77)
[96.940s][info][gc,heap        ] GC(258) Old regions: 56->57
[96.940s][info][gc,heap        ] GC(258) Humongous regions: 69->25
[96.940s][info][gc,metaspace   ] GC(258) Metaspace: 155000K(168028K)->154969K(168028K) NonClass: 134573K(141196K)->134546K(141196K) Class: 20427K(26832K)->20422K(26832K)
[96.940s][info][gc             ] GC(258) Pause Full (System.gc()) 328M->78M(1024M) 97.395ms
[96.940s][info][gc,cpu         ] GC(258) User=0.03s Sys=0.00s Real=0.09s
[97.265s][info][gc,start       ] GC(259) Pause Young (Normal) (G1 Evacuation Pause)
[97.265s][info][gc,task        ] GC(259) Using 6 workers of 6 for evacuation
[97.268s][info][gc,phases      ] GC(259)   Pre Evacuate Collection Set: 0.0ms
[97.268s][info][gc,phases      ] GC(259)   Evacuate Collection Set: 2.0ms
[97.268s][info][gc,phases      ] GC(259)   Post Evacuate Collection Set: 0.6ms
[97.268s][info][gc,phases      ] GC(259)   Other: 0.3ms
[97.268s][info][gc,heap        ] GC(259) Eden regions: 614->0(609)
[97.268s][info][gc,heap        ] GC(259) Survivor regions: 0->5(77)
[97.268s][info][gc,heap        ] GC(259) Old regions: 57->57
[97.268s][info][gc,heap        ] GC(259) Humongous regions: 79->25
[97.268s][info][gc,metaspace   ] GC(259) Metaspace: 155003K(168028K)->155003K(168028K) NonClass: 134575K(141196K)->134575K(141196K) Class: 20427K(26832K)->20427K(26832K)
[97.268s][info][gc             ] GC(259) Pause Young (Normal) (G1 Evacuation Pause) 746M->83M(1024M) 3.062ms
[97.268s][info][gc,cpu         ] GC(259) User=0.00s Sys=0.00s Real=0.00s
[97.517s][info][gc,start       ] GC(260) Pause Young (Normal) (G1 Evacuation Pause)
[97.517s][info][gc,task        ] GC(260) Using 6 workers of 6 for evacuation
[97.522s][info][gc,phases      ] GC(260)   Pre Evacuate Collection Set: 0.0ms
[97.522s][info][gc,phases      ] GC(260)   Evacuate Collection Set: 3.8ms
[97.522s][info][gc,phases      ] GC(260)   Post Evacuate Collection Set: 0.7ms
[97.522s][info][gc,phases      ] GC(260)   Other: 0.4ms
[97.522s][info][gc,heap        ] GC(260) Eden regions: 609->0(596)
[97.522s][info][gc,heap        ] GC(260) Survivor regions: 5->18(77)
[97.522s][info][gc,heap        ] GC(260) Old regions: 57->57
[97.522s][info][gc,heap        ] GC(260) Humongous regions: 57->25
[97.522s][info][gc,metaspace   ] GC(260) Metaspace: 155004K(168028K)->155004K(168028K) NonClass: 134577K(141196K)->134577K(141196K) Class: 20427K(26832K)->20427K(26832K)
[97.522s][info][gc             ] GC(260) Pause Young (Normal) (G1 Evacuation Pause) 724M->95M(1024M) 4.944ms
[97.522s][info][gc,cpu         ] GC(260) User=0.00s Sys=0.00s Real=0.00s
[97.693s][info][gc,task        ] GC(261) Using 6 workers of 6 for full compaction
[97.694s][info][gc,start       ] GC(261) Pause Full (System.gc())
[97.695s][info][gc,phases,start] GC(261) Phase 1: Mark live objects
[97.737s][info][gc,stringtable ] GC(261) Cleaned string and symbol table, strings: 44298 processed, 50 removed, symbols: 306831 processed, 20 removed
[97.737s][info][gc,phases      ] GC(261) Phase 1: Mark live objects 41.989ms
[97.737s][info][gc,phases,start] GC(261) Phase 2: Prepare for compaction
[97.741s][info][gc,phases      ] GC(261) Phase 2: Prepare for compaction 3.552ms
[97.741s][info][gc,phases,start] GC(261) Phase 3: Adjust pointers
[97.763s][info][gc,phases      ] GC(261) Phase 3: Adjust pointers 21.890ms
[97.763s][info][gc,phases,start] GC(261) Phase 4: Compact heap
[97.766s][info][gc,phases      ] GC(261) Phase 4: Compact heap 3.133ms
[97.787s][info][gc,heap        ] GC(261) Eden regions: 188->0(614)
[97.787s][info][gc,heap        ] GC(261) Survivor regions: 18->0(77)
[97.787s][info][gc,heap        ] GC(261) Old regions: 57->56
[97.787s][info][gc,heap        ] GC(261) Humongous regions: 69->25
[97.787s][info][gc,metaspace   ] GC(261) Metaspace: 155004K(168028K)->154973K(168028K) NonClass: 134577K(141196K)->134550K(141196K) Class: 20427K(26832K)->20422K(26832K)
[97.787s][info][gc             ] GC(261) Pause Full (System.gc()) 327M->78M(1024M) 93.918ms
[97.788s][info][gc,cpu         ] GC(261) User=0.06s Sys=0.00s Real=0.09s
[98.125s][info][gc,start       ] GC(262) Pause Young (Normal) (G1 Evacuation Pause)
[98.125s][info][gc,task        ] GC(262) Using 6 workers of 6 for evacuation
[98.128s][info][gc,phases      ] GC(262)   Pre Evacuate Collection Set: 0.0ms
[98.128s][info][gc,phases      ] GC(262)   Evacuate Collection Set: 2.0ms
[98.128s][info][gc,phases      ] GC(262)   Post Evacuate Collection Set: 0.7ms
[98.128s][info][gc,phases      ] GC(262)   Other: 0.3ms
[98.128s][info][gc,heap        ] GC(262) Eden regions: 614->0(608)
[98.128s][info][gc,heap        ] GC(262) Survivor regions: 0->6(77)
[98.128s][info][gc,heap        ] GC(262) Old regions: 56->56
[98.128s][info][gc,heap        ] GC(262) Humongous regions: 79->25
[98.128s][info][gc,metaspace   ] GC(262) Metaspace: 155102K(168028K)->155102K(168028K) NonClass: 134654K(141196K)->134654K(141196K) Class: 20448K(26832K)->20448K(26832K)
[98.128s][info][gc             ] GC(262) Pause Young (Normal) (G1 Evacuation Pause) 746M->83M(1024M) 3.111ms
[98.128s][info][gc,cpu         ] GC(262) User=0.00s Sys=0.00s Real=0.00s
[98.376s][info][gc,start       ] GC(263) Pause Young (Normal) (G1 Evacuation Pause)
[98.376s][info][gc,task        ] GC(263) Using 6 workers of 6 for evacuation
[98.381s][info][gc,phases      ] GC(263)   Pre Evacuate Collection Set: 0.0ms
[98.381s][info][gc,phases      ] GC(263)   Evacuate Collection Set: 3.9ms
[98.381s][info][gc,phases      ] GC(263)   Post Evacuate Collection Set: 0.7ms
[98.381s][info][gc,phases      ] GC(263)   Other: 0.3ms
[98.381s][info][gc,heap        ] GC(263) Eden regions: 608->0(596)
[98.381s][info][gc,heap        ] GC(263) Survivor regions: 6->18(77)
[98.381s][info][gc,heap        ] GC(263) Old regions: 56->56
[98.381s][info][gc,heap        ] GC(263) Humongous regions: 57->25
[98.381s][info][gc,metaspace   ] GC(263) Metaspace: 155102K(168028K)->155102K(168028K) NonClass: 134654K(141196K)->134654K(141196K) Class: 20448K(26832K)->20448K(26832K)
[98.381s][info][gc             ] GC(263) Pause Young (Normal) (G1 Evacuation Pause) 723M->95M(1024M) 5.026ms
[98.381s][info][gc,cpu         ] GC(263) User=0.00s Sys=0.00s Real=0.00s
[98.559s][info][gc,task        ] GC(264) Using 6 workers of 6 for full compaction
[98.559s][info][gc,start       ] GC(264) Pause Full (System.gc())
[98.561s][info][gc,phases,start] GC(264) Phase 1: Mark live objects
[98.603s][info][gc,stringtable ] GC(264) Cleaned string and symbol table, strings: 44314 processed, 51 removed, symbols: 306870 processed, 20 removed
[98.603s][info][gc,phases      ] GC(264) Phase 1: Mark live objects 42.536ms
[98.603s][info][gc,phases,start] GC(264) Phase 2: Prepare for compaction
[98.607s][info][gc,phases      ] GC(264) Phase 2: Prepare for compaction 3.816ms
[98.607s][info][gc,phases,start] GC(264) Phase 3: Adjust pointers
[98.630s][info][gc,phases      ] GC(264) Phase 3: Adjust pointers 22.348ms
[98.630s][info][gc,phases,start] GC(264) Phase 4: Compact heap
[98.633s][info][gc,phases      ] GC(264) Phase 4: Compact heap 3.497ms
[98.655s][info][gc,heap        ] GC(264) Eden regions: 191->0(614)
[98.655s][info][gc,heap        ] GC(264) Survivor regions: 18->0(77)
[98.655s][info][gc,heap        ] GC(264) Old regions: 56->57
[98.655s][info][gc,heap        ] GC(264) Humongous regions: 69->25
[98.655s][info][gc,metaspace   ] GC(264) Metaspace: 155103K(168028K)->155072K(168028K) NonClass: 134654K(141196K)->134628K(141196K) Class: 20448K(26832K)->20444K(26832K)
[98.655s][info][gc             ] GC(264) Pause Full (System.gc()) 330M->78M(1024M) 96.082ms
[98.655s][info][gc,cpu         ] GC(264) User=0.03s Sys=0.02s Real=0.11s
[98.982s][info][gc,start       ] GC(265) Pause Young (Normal) (G1 Evacuation Pause)
[98.982s][info][gc,task        ] GC(265) Using 6 workers of 6 for evacuation
[98.985s][info][gc,phases      ] GC(265)   Pre Evacuate Collection Set: 0.0ms
[98.985s][info][gc,phases      ] GC(265)   Evacuate Collection Set: 2.1ms
[98.985s][info][gc,phases      ] GC(265)   Post Evacuate Collection Set: 0.9ms
[98.985s][info][gc,phases      ] GC(265)   Other: 0.4ms
[98.985s][info][gc,heap        ] GC(265) Eden regions: 614->0(609)
[98.985s][info][gc,heap        ] GC(265) Survivor regions: 0->5(77)
[98.985s][info][gc,heap        ] GC(265) Old regions: 57->57
[98.985s][info][gc,heap        ] GC(265) Humongous regions: 79->25
[98.985s][info][gc,metaspace   ] GC(265) Metaspace: 155134K(168028K)->155134K(168028K) NonClass: 134685K(141196K)->134685K(141196K) Class: 20448K(26832K)->20448K(26832K)
[98.985s][info][gc             ] GC(265) Pause Young (Normal) (G1 Evacuation Pause) 746M->83M(1024M) 3.485ms
[98.985s][info][gc,cpu         ] GC(265) User=0.02s Sys=0.00s Real=0.01s
[99.233s][info][gc,start       ] GC(266) Pause Young (Normal) (G1 Evacuation Pause)
[99.233s][info][gc,task        ] GC(266) Using 6 workers of 6 for evacuation
[99.238s][info][gc,phases      ] GC(266)   Pre Evacuate Collection Set: 0.0ms
[99.238s][info][gc,phases      ] GC(266)   Evacuate Collection Set: 3.8ms
[99.238s][info][gc,phases      ] GC(266)   Post Evacuate Collection Set: 0.7ms
[99.238s][info][gc,phases      ] GC(266)   Other: 0.4ms
[99.238s][info][gc,heap        ] GC(266) Eden regions: 609->0(596)
[99.238s][info][gc,heap        ] GC(266) Survivor regions: 5->18(77)
[99.238s][info][gc,heap        ] GC(266) Old regions: 57->57
[99.238s][info][gc,heap        ] GC(266) Humongous regions: 57->25
[99.238s][info][gc,metaspace   ] GC(266) Metaspace: 155136K(168028K)->155136K(168028K) NonClass: 134687K(141196K)->134687K(141196K) Class: 20448K(26832K)->20448K(26832K)
[99.238s][info][gc             ] GC(266) Pause Young (Normal) (G1 Evacuation Pause) 724M->95M(1024M) 5.043ms
[99.238s][info][gc,cpu         ] GC(266) User=0.02s Sys=0.00s Real=0.02s
[99.418s][info][gc,task        ] GC(267) Using 6 workers of 6 for full compaction
[99.418s][info][gc,start       ] GC(267) Pause Full (System.gc())
[99.421s][info][gc,phases,start] GC(267) Phase 1: Mark live objects
[99.466s][info][gc,stringtable ] GC(267) Cleaned string and symbol table, strings: 44317 processed, 50 removed, symbols: 306870 processed, 20 removed
[99.466s][info][gc,phases      ] GC(267) Phase 1: Mark live objects 44.753ms
[99.466s][info][gc,phases,start] GC(267) Phase 2: Prepare for compaction
[99.470s][info][gc,phases      ] GC(267) Phase 2: Prepare for compaction 3.712ms
[99.470s][info][gc,phases,start] GC(267) Phase 3: Adjust pointers
[99.492s][info][gc,phases      ] GC(267) Phase 3: Adjust pointers 22.493ms
[99.492s][info][gc,phases,start] GC(267) Phase 4: Compact heap
[99.496s][info][gc,phases      ] GC(267) Phase 4: Compact heap 3.356ms
[99.517s][info][gc,heap        ] GC(267) Eden regions: 189->0(614)
[99.517s][info][gc,heap        ] GC(267) Survivor regions: 18->0(77)
[99.517s][info][gc,heap        ] GC(267) Old regions: 57->57
[99.517s][info][gc,heap        ] GC(267) Humongous regions: 69->25
[99.517s][info][gc,metaspace   ] GC(267) Metaspace: 155139K(168028K)->155109K(168028K) NonClass: 134691K(141196K)->134664K(141196K) Class: 20448K(26832K)->20444K(26832K)
[99.517s][info][gc             ] GC(267) Pause Full (System.gc()) 327M->78M(1024M) 99.052ms
[99.517s][info][gc,cpu         ] GC(267) User=0.06s Sys=0.00s Real=0.10s
[99.852s][info][gc,start       ] GC(268) Pause Young (Normal) (G1 Evacuation Pause)
[99.852s][info][gc,task        ] GC(268) Using 6 workers of 6 for evacuation
[99.855s][info][gc,phases      ] GC(268)   Pre Evacuate Collection Set: 0.0ms
[99.855s][info][gc,phases      ] GC(268)   Evacuate Collection Set: 2.0ms
[99.855s][info][gc,phases      ] GC(268)   Post Evacuate Collection Set: 0.7ms
[99.855s][info][gc,phases      ] GC(268)   Other: 0.3ms
[99.855s][info][gc,heap        ] GC(268) Eden regions: 614->0(609)
[99.855s][info][gc,heap        ] GC(268) Survivor regions: 0->5(77)
[99.855s][info][gc,heap        ] GC(268) Old regions: 57->57
[99.855s][info][gc,heap        ] GC(268) Humongous regions: 79->25
[99.855s][info][gc,metaspace   ] GC(268) Metaspace: 155315K(168284K)->155315K(168284K) NonClass: 134866K(141452K)->134866K(141452K) Class: 20448K(26832K)->20448K(26832K)
[99.855s][info][gc             ] GC(268) Pause Young (Normal) (G1 Evacuation Pause) 746M->83M(1024M) 3.150ms
[99.855s][info][gc,cpu         ] GC(268) User=0.00s Sys=0.00s Real=0.00s
[100.108s][info][gc,start       ] GC(269) Pause Young (Normal) (G1 Evacuation Pause)
[100.108s][info][gc,task        ] GC(269) Using 6 workers of 6 for evacuation
[100.113s][info][gc,phases      ] GC(269)   Pre Evacuate Collection Set: 0.0ms
[100.113s][info][gc,phases      ] GC(269)   Evacuate Collection Set: 3.8ms
[100.113s][info][gc,phases      ] GC(269)   Post Evacuate Collection Set: 0.7ms
[100.113s][info][gc,phases      ] GC(269)   Other: 0.3ms
[100.113s][info][gc,heap        ] GC(269) Eden regions: 609->0(596)
[100.113s][info][gc,heap        ] GC(269) Survivor regions: 5->18(77)
[100.113s][info][gc,heap        ] GC(269) Old regions: 57->57
[100.113s][info][gc,heap        ] GC(269) Humongous regions: 57->25
[100.113s][info][gc,metaspace   ] GC(269) Metaspace: 155330K(168284K)->155330K(168284K) NonClass: 134882K(141452K)->134882K(141452K) Class: 20448K(26832K)->20448K(26832K)
[100.113s][info][gc             ] GC(269) Pause Young (Normal) (G1 Evacuation Pause) 724M->95M(1024M) 4.883ms
[100.113s][info][gc,cpu         ] GC(269) User=0.00s Sys=0.00s Real=0.00s
[100.285s][info][gc,task        ] GC(270) Using 6 workers of 6 for full compaction
[100.285s][info][gc,start       ] GC(270) Pause Full (System.gc())
[100.287s][info][gc,phases,start] GC(270) Phase 1: Mark live objects
[100.329s][info][gc,stringtable ] GC(270) Cleaned string and symbol table, strings: 44326 processed, 50 removed, symbols: 306870 processed, 20 removed
[100.329s][info][gc,phases      ] GC(270) Phase 1: Mark live objects 41.964ms
[100.329s][info][gc,phases,start] GC(270) Phase 2: Prepare for compaction
[100.333s][info][gc,phases      ] GC(270) Phase 2: Prepare for compaction 3.597ms
[100.333s][info][gc,phases,start] GC(270) Phase 3: Adjust pointers
[100.355s][info][gc,phases      ] GC(270) Phase 3: Adjust pointers 22.575ms
[100.355s][info][gc,phases,start] GC(270) Phase 4: Compact heap
[100.358s][info][gc,phases      ] GC(270) Phase 4: Compact heap 3.224ms
[100.380s][info][gc,heap        ] GC(270) Eden regions: 188->0(614)
[100.380s][info][gc,heap        ] GC(270) Survivor regions: 18->0(77)
[100.380s][info][gc,heap        ] GC(270) Old regions: 57->57
[100.380s][info][gc,heap        ] GC(270) Humongous regions: 69->25
[100.380s][info][gc,metaspace   ] GC(270) Metaspace: 155337K(168284K)->155307K(168284K) NonClass: 134889K(141452K)->134862K(141452K) Class: 20448K(26832K)->20444K(26832K)
[100.380s][info][gc             ] GC(270) Pause Full (System.gc()) 327M->78M(1024M) 95.405ms
[100.381s][info][gc,cpu         ] GC(270) User=0.06s Sys=0.00s Real=0.09s
[100.727s][info][gc,start       ] GC(271) Pause Young (Normal) (G1 Evacuation Pause)
[100.727s][info][gc,task        ] GC(271) Using 6 workers of 6 for evacuation
[100.730s][info][gc,phases      ] GC(271)   Pre Evacuate Collection Set: 0.0ms
[100.730s][info][gc,phases      ] GC(271)   Evacuate Collection Set: 2.2ms
[100.730s][info][gc,phases      ] GC(271)   Post Evacuate Collection Set: 0.7ms
[100.730s][info][gc,phases      ] GC(271)   Other: 0.3ms
[100.730s][info][gc,heap        ] GC(271) Eden regions: 614->0(609)
[100.730s][info][gc,heap        ] GC(271) Survivor regions: 0->5(77)
[100.730s][info][gc,heap        ] GC(271) Old regions: 57->57
[100.730s][info][gc,heap        ] GC(271) Humongous regions: 79->25
[100.730s][info][gc,metaspace   ] GC(271) Metaspace: 155369K(168284K)->155369K(168284K) NonClass: 134920K(141452K)->134920K(141452K) Class: 20448K(26832K)->20448K(26832K)
[100.730s][info][gc             ] GC(271) Pause Young (Normal) (G1 Evacuation Pause) 746M->83M(1024M) 3.324ms
[100.730s][info][gc,cpu         ] GC(271) User=0.02s Sys=0.00s Real=0.02s
[100.986s][info][gc,start       ] GC(272) Pause Young (Normal) (G1 Evacuation Pause)
[100.986s][info][gc,task        ] GC(272) Using 6 workers of 6 for evacuation
[100.991s][info][gc,phases      ] GC(272)   Pre Evacuate Collection Set: 0.0ms
[100.991s][info][gc,phases      ] GC(272)   Evacuate Collection Set: 4.2ms
[100.991s][info][gc,phases      ] GC(272)   Post Evacuate Collection Set: 0.7ms
[100.991s][info][gc,phases      ] GC(272)   Other: 0.4ms
[100.991s][info][gc,heap        ] GC(272) Eden regions: 609->0(597)
[100.991s][info][gc,heap        ] GC(272) Survivor regions: 5->17(77)
[100.991s][info][gc,heap        ] GC(272) Old regions: 57->57
[100.991s][info][gc,heap        ] GC(272) Humongous regions: 57->25
[100.991s][info][gc,metaspace   ] GC(272) Metaspace: 155369K(168284K)->155369K(168284K) NonClass: 134920K(141452K)->134920K(141452K) Class: 20448K(26832K)->20448K(26832K)
[100.991s][info][gc             ] GC(272) Pause Young (Normal) (G1 Evacuation Pause) 724M->95M(1024M) 5.406ms
[100.991s][info][gc,cpu         ] GC(272) User=0.00s Sys=0.00s Real=0.00s
[101.168s][info][gc,task        ] GC(273) Using 6 workers of 6 for full compaction
[101.168s][info][gc,start       ] GC(273) Pause Full (System.gc())
[101.170s][info][gc,phases,start] GC(273) Phase 1: Mark live objects
[101.212s][info][gc,stringtable ] GC(273) Cleaned string and symbol table, strings: 44328 processed, 50 removed, symbols: 306870 processed, 20 removed
[101.212s][info][gc,phases      ] GC(273) Phase 1: Mark live objects 42.327ms
[101.212s][info][gc,phases,start] GC(273) Phase 2: Prepare for compaction
[101.216s][info][gc,phases      ] GC(273) Phase 2: Prepare for compaction 3.709ms
[101.216s][info][gc,phases,start] GC(273) Phase 3: Adjust pointers
[101.239s][info][gc,phases      ] GC(273) Phase 3: Adjust pointers 22.524ms
[101.239s][info][gc,phases,start] GC(273) Phase 4: Compact heap
[101.242s][info][gc,phases      ] GC(273) Phase 4: Compact heap 3.257ms
[101.264s][info][gc,heap        ] GC(273) Eden regions: 189->0(614)
[101.264s][info][gc,heap        ] GC(273) Survivor regions: 17->0(77)
[101.264s][info][gc,heap        ] GC(273) Old regions: 57->57
[101.264s][info][gc,heap        ] GC(273) Humongous regions: 69->25
[101.264s][info][gc,metaspace   ] GC(273) Metaspace: 155369K(168284K)->155338K(168284K) NonClass: 134920K(141452K)->134893K(141452K) Class: 20448K(26832K)->20444K(26832K)
[101.264s][info][gc             ] GC(273) Pause Full (System.gc()) 328M->78M(1024M) 96.016ms
[101.264s][info][gc,cpu         ] GC(273) User=0.03s Sys=0.00s Real=0.09s
[101.591s][info][gc,start       ] GC(274) Pause Young (Normal) (G1 Evacuation Pause)
[101.591s][info][gc,task        ] GC(274) Using 6 workers of 6 for evacuation
[101.594s][info][gc,phases      ] GC(274)   Pre Evacuate Collection Set: 0.0ms
[101.594s][info][gc,phases      ] GC(274)   Evacuate Collection Set: 2.0ms
[101.594s][info][gc,phases      ] GC(274)   Post Evacuate Collection Set: 0.7ms
[101.594s][info][gc,phases      ] GC(274)   Other: 0.3ms
[101.594s][info][gc,heap        ] GC(274) Eden regions: 614->0(609)
[101.594s][info][gc,heap        ] GC(274) Survivor regions: 0->5(77)
[101.594s][info][gc,heap        ] GC(274) Old regions: 57->57
[101.594s][info][gc,heap        ] GC(274) Humongous regions: 79->25
[101.594s][info][gc,metaspace   ] GC(274) Metaspace: 155393K(168284K)->155393K(168284K) NonClass: 134944K(141452K)->134944K(141452K) Class: 20448K(26832K)->20448K(26832K)
[101.594s][info][gc             ] GC(274) Pause Young (Normal) (G1 Evacuation Pause) 746M->83M(1024M) 3.175ms
[101.594s][info][gc,cpu         ] GC(274) User=0.00s Sys=0.00s Real=0.00s
[101.839s][info][gc,start       ] GC(275) Pause Young (Normal) (G1 Evacuation Pause)
[101.839s][info][gc,task        ] GC(275) Using 6 workers of 6 for evacuation
[101.844s][info][gc,phases      ] GC(275)   Pre Evacuate Collection Set: 0.0ms
[101.844s][info][gc,phases      ] GC(275)   Evacuate Collection Set: 3.9ms
[101.844s][info][gc,phases      ] GC(275)   Post Evacuate Collection Set: 0.7ms
[101.844s][info][gc,phases      ] GC(275)   Other: 0.3ms
[101.844s][info][gc,heap        ] GC(275) Eden regions: 609->0(596)
[101.844s][info][gc,heap        ] GC(275) Survivor regions: 5->18(77)
[101.844s][info][gc,heap        ] GC(275) Old regions: 57->57
[101.844s][info][gc,heap        ] GC(275) Humongous regions: 57->25
[101.844s][info][gc,metaspace   ] GC(275) Metaspace: 155397K(168284K)->155397K(168284K) NonClass: 134948K(141452K)->134948K(141452K) Class: 20448K(26832K)->20448K(26832K)
[101.844s][info][gc             ] GC(275) Pause Young (Normal) (G1 Evacuation Pause) 724M->95M(1024M) 5.078ms
[101.844s][info][gc,cpu         ] GC(275) User=0.02s Sys=0.00s Real=0.02s
[102.019s][info][gc,task        ] GC(276) Using 6 workers of 6 for full compaction
[102.019s][info][gc,start       ] GC(276) Pause Full (System.gc())
[102.021s][info][gc,phases,start] GC(276) Phase 1: Mark live objects
[102.063s][info][gc,stringtable ] GC(276) Cleaned string and symbol table, strings: 44331 processed, 50 removed, symbols: 306870 processed, 20 removed
[102.063s][info][gc,phases      ] GC(276) Phase 1: Mark live objects 42.580ms
[102.063s][info][gc,phases,start] GC(276) Phase 2: Prepare for compaction
[102.067s][info][gc,phases      ] GC(276) Phase 2: Prepare for compaction 3.671ms
[102.067s][info][gc,phases,start] GC(276) Phase 3: Adjust pointers
[102.090s][info][gc,phases      ] GC(276) Phase 3: Adjust pointers 22.514ms
[102.090s][info][gc,phases,start] GC(276) Phase 4: Compact heap
[102.093s][info][gc,phases      ] GC(276) Phase 4: Compact heap 3.187ms
[102.115s][info][gc,heap        ] GC(276) Eden regions: 189->0(614)
[102.115s][info][gc,heap        ] GC(276) Survivor regions: 18->0(77)
[102.115s][info][gc,heap        ] GC(276) Old regions: 57->58
[102.115s][info][gc,heap        ] GC(276) Humongous regions: 69->25
[102.115s][info][gc,metaspace   ] GC(276) Metaspace: 155397K(168284K)->155366K(168284K) NonClass: 134948K(141452K)->134922K(141452K) Class: 20448K(26832K)->20444K(26832K)
[102.115s][info][gc             ] GC(276) Pause Full (System.gc()) 327M->78M(1024M) 96.348ms
[102.115s][info][gc,cpu         ] GC(276) User=0.08s Sys=0.00s Real=0.10s
[102.445s][info][gc,start       ] GC(277) Pause Young (Normal) (G1 Evacuation Pause)
[102.445s][info][gc,task        ] GC(277) Using 6 workers of 6 for evacuation
[102.448s][info][gc,phases      ] GC(277)   Pre Evacuate Collection Set: 0.0ms
[102.449s][info][gc,phases      ] GC(277)   Evacuate Collection Set: 2.1ms
[102.449s][info][gc,phases      ] GC(277)   Post Evacuate Collection Set: 0.7ms
[102.449s][info][gc,phases      ] GC(277)   Other: 0.4ms
[102.449s][info][gc,heap        ] GC(277) Eden regions: 614->0(609)
[102.449s][info][gc,heap        ] GC(277) Survivor regions: 0->5(77)
[102.449s][info][gc,heap        ] GC(277) Old regions: 58->58
[102.449s][info][gc,heap        ] GC(277) Humongous regions: 79->25
[102.449s][info][gc,metaspace   ] GC(277) Metaspace: 155418K(168284K)->155418K(168284K) NonClass: 134970K(141452K)->134970K(141452K) Class: 20448K(26832K)->20448K(26832K)
[102.449s][info][gc             ] GC(277) Pause Young (Normal) (G1 Evacuation Pause) 746M->83M(1024M) 3.293ms
[102.449s][info][gc,cpu         ] GC(277) User=0.00s Sys=0.00s Real=0.00s
[102.698s][info][gc,start       ] GC(278) Pause Young (Normal) (G1 Evacuation Pause)
[102.698s][info][gc,task        ] GC(278) Using 6 workers of 6 for evacuation
[102.702s][info][gc,phases      ] GC(278)   Pre Evacuate Collection Set: 0.0ms
[102.702s][info][gc,phases      ] GC(278)   Evacuate Collection Set: 3.8ms
[102.702s][info][gc,phases      ] GC(278)   Post Evacuate Collection Set: 0.6ms
[102.702s][info][gc,phases      ] GC(278)   Other: 0.3ms
[102.702s][info][gc,heap        ] GC(278) Eden regions: 609->0(596)
[102.702s][info][gc,heap        ] GC(278) Survivor regions: 5->18(77)
[102.702s][info][gc,heap        ] GC(278) Old regions: 58->58
[102.702s][info][gc,heap        ] GC(278) Humongous regions: 57->25
[102.702s][info][gc,metaspace   ] GC(278) Metaspace: 155421K(168284K)->155421K(168284K) NonClass: 134972K(141452K)->134972K(141452K) Class: 20448K(26832K)->20448K(26832K)
[102.702s][info][gc             ] GC(278) Pause Young (Normal) (G1 Evacuation Pause) 724M->96M(1024M) 4.874ms
[102.703s][info][gc,cpu         ] GC(278) User=0.00s Sys=0.00s Real=0.00s
[102.876s][info][gc,task        ] GC(279) Using 6 workers of 6 for full compaction
[102.876s][info][gc,start       ] GC(279) Pause Full (System.gc())
[102.877s][info][gc,phases,start] GC(279) Phase 1: Mark live objects
[102.925s][info][gc,stringtable ] GC(279) Cleaned string and symbol table, strings: 44349 processed, 50 removed, symbols: 306871 processed, 20 removed
[102.925s][info][gc,phases      ] GC(279) Phase 1: Mark live objects 47.615ms
[102.925s][info][gc,phases,start] GC(279) Phase 2: Prepare for compaction
[102.930s][info][gc,phases      ] GC(279) Phase 2: Prepare for compaction 4.522ms
[102.930s][info][gc,phases,start] GC(279) Phase 3: Adjust pointers
[102.953s][info][gc,phases      ] GC(279) Phase 3: Adjust pointers 22.981ms
[102.953s][info][gc,phases,start] GC(279) Phase 4: Compact heap
[102.956s][info][gc,phases      ] GC(279) Phase 4: Compact heap 3.587ms
[102.979s][info][gc,heap        ] GC(279) Eden regions: 188->0(614)
[102.979s][info][gc,heap        ] GC(279) Survivor regions: 18->0(77)
[102.979s][info][gc,heap        ] GC(279) Old regions: 58->57
[102.979s][info][gc,heap        ] GC(279) Humongous regions: 69->25
[102.979s][info][gc,metaspace   ] GC(279) Metaspace: 155421K(168284K)->155390K(168284K) NonClass: 134972K(141452K)->134945K(141452K) Class: 20448K(26832K)->20444K(26832K)
[102.979s][info][gc             ] GC(279) Pause Full (System.gc()) 327M->78M(1024M) 102.881ms
[102.979s][info][gc,cpu         ] GC(279) User=0.05s Sys=0.00s Real=0.11s
[103.312s][info][gc,start       ] GC(280) Pause Young (Normal) (G1 Evacuation Pause)
[103.312s][info][gc,task        ] GC(280) Using 6 workers of 6 for evacuation
[103.315s][info][gc,phases      ] GC(280)   Pre Evacuate Collection Set: 0.0ms
[103.315s][info][gc,phases      ] GC(280)   Evacuate Collection Set: 2.0ms
[103.315s][info][gc,phases      ] GC(280)   Post Evacuate Collection Set: 0.7ms
[103.315s][info][gc,phases      ] GC(280)   Other: 0.3ms
[103.315s][info][gc,heap        ] GC(280) Eden regions: 614->0(609)
[103.315s][info][gc,heap        ] GC(280) Survivor regions: 0->5(77)
[103.315s][info][gc,heap        ] GC(280) Old regions: 57->57
[103.315s][info][gc,heap        ] GC(280) Humongous regions: 79->25
[103.315s][info][gc,metaspace   ] GC(280) Metaspace: 155438K(168284K)->155438K(168284K) NonClass: 134989K(141452K)->134989K(141452K) Class: 20448K(26832K)->20448K(26832K)
[103.315s][info][gc             ] GC(280) Pause Young (Normal) (G1 Evacuation Pause) 746M->83M(1024M) 3.067ms
[103.315s][info][gc,cpu         ] GC(280) User=0.00s Sys=0.00s Real=0.01s
[103.560s][info][gc,start       ] GC(281) Pause Young (Normal) (G1 Evacuation Pause)
[103.560s][info][gc,task        ] GC(281) Using 6 workers of 6 for evacuation
[103.565s][info][gc,phases      ] GC(281)   Pre Evacuate Collection Set: 0.0ms
[103.565s][info][gc,phases      ] GC(281)   Evacuate Collection Set: 3.8ms
[103.565s][info][gc,phases      ] GC(281)   Post Evacuate Collection Set: 0.6ms
[103.565s][info][gc,phases      ] GC(281)   Other: 0.3ms
[103.565s][info][gc,heap        ] GC(281) Eden regions: 609->0(596)
[103.565s][info][gc,heap        ] GC(281) Survivor regions: 5->18(77)
[103.565s][info][gc,heap        ] GC(281) Old regions: 57->57
[103.565s][info][gc,heap        ] GC(281) Humongous regions: 57->25
[103.565s][info][gc,metaspace   ] GC(281) Metaspace: 155438K(168284K)->155438K(168284K) NonClass: 134989K(141452K)->134989K(141452K) Class: 20448K(26832K)->20448K(26832K)
[103.565s][info][gc             ] GC(281) Pause Young (Normal) (G1 Evacuation Pause) 724M->95M(1024M) 4.879ms
[103.565s][info][gc,cpu         ] GC(281) User=0.00s Sys=0.00s Real=0.00s
[103.745s][info][gc,task        ] GC(282) Using 6 workers of 6 for full compaction
[103.745s][info][gc,start       ] GC(282) Pause Full (System.gc())
[103.747s][info][gc,phases,start] GC(282) Phase 1: Mark live objects
[103.789s][info][gc,stringtable ] GC(282) Cleaned string and symbol table, strings: 44350 processed, 50 removed, symbols: 306871 processed, 20 removed
[103.789s][info][gc,phases      ] GC(282) Phase 1: Mark live objects 42.416ms
[103.789s][info][gc,phases,start] GC(282) Phase 2: Prepare for compaction
[103.794s][info][gc,phases      ] GC(282) Phase 2: Prepare for compaction 4.336ms
[103.794s][info][gc,phases,start] GC(282) Phase 3: Adjust pointers
[103.816s][info][gc,phases      ] GC(282) Phase 3: Adjust pointers 22.480ms
[103.816s][info][gc,phases,start] GC(282) Phase 4: Compact heap
[103.820s][info][gc,phases      ] GC(282) Phase 4: Compact heap 3.483ms
[103.842s][info][gc,heap        ] GC(282) Eden regions: 189->0(614)
[103.842s][info][gc,heap        ] GC(282) Survivor regions: 18->0(77)
[103.842s][info][gc,heap        ] GC(282) Old regions: 57->56
[103.842s][info][gc,heap        ] GC(282) Humongous regions: 69->25
[103.842s][info][gc,metaspace   ] GC(282) Metaspace: 155438K(168284K)->155407K(168284K) NonClass: 134989K(141452K)->134962K(141452K) Class: 20448K(26832K)->20444K(26832K)
[103.842s][info][gc             ] GC(282) Pause Full (System.gc()) 327M->78M(1024M) 96.907ms
[103.842s][info][gc,cpu         ] GC(282) User=0.05s Sys=0.00s Real=0.09s
[104.165s][info][gc,start       ] GC(283) Pause Young (Normal) (G1 Evacuation Pause)
[104.165s][info][gc,task        ] GC(283) Using 6 workers of 6 for evacuation
[104.168s][info][gc,phases      ] GC(283)   Pre Evacuate Collection Set: 0.0ms
[104.168s][info][gc,phases      ] GC(283)   Evacuate Collection Set: 2.0ms
[104.168s][info][gc,phases      ] GC(283)   Post Evacuate Collection Set: 0.7ms
[104.168s][info][gc,phases      ] GC(283)   Other: 0.3ms
[104.168s][info][gc,heap        ] GC(283) Eden regions: 614->0(609)
[104.168s][info][gc,heap        ] GC(283) Survivor regions: 0->5(77)
[104.168s][info][gc,heap        ] GC(283) Old regions: 56->56
[104.168s][info][gc,heap        ] GC(283) Humongous regions: 79->25
[104.168s][info][gc,metaspace   ] GC(283) Metaspace: 155455K(168284K)->155455K(168284K) NonClass: 135007K(141452K)->135007K(141452K) Class: 20448K(26832K)->20448K(26832K)
[104.168s][info][gc             ] GC(283) Pause Young (Normal) (G1 Evacuation Pause) 746M->83M(1024M) 3.093ms
[104.168s][info][gc,cpu         ] GC(283) User=0.00s Sys=0.00s Real=0.00s
[104.416s][info][gc,start       ] GC(284) Pause Young (Normal) (G1 Evacuation Pause)
[104.416s][info][gc,task        ] GC(284) Using 6 workers of 6 for evacuation
[104.421s][info][gc,phases      ] GC(284)   Pre Evacuate Collection Set: 0.0ms
[104.421s][info][gc,phases      ] GC(284)   Evacuate Collection Set: 3.9ms
[104.421s][info][gc,phases      ] GC(284)   Post Evacuate Collection Set: 0.7ms
[104.421s][info][gc,phases      ] GC(284)   Other: 0.4ms
[104.421s][info][gc,heap        ] GC(284) Eden regions: 609->0(597)
[104.421s][info][gc,heap        ] GC(284) Survivor regions: 5->17(77)
[104.421s][info][gc,heap        ] GC(284) Old regions: 56->56
[104.421s][info][gc,heap        ] GC(284) Humongous regions: 57->25
[104.421s][info][gc,metaspace   ] GC(284) Metaspace: 155456K(168284K)->155456K(168284K) NonClass: 135008K(141452K)->135008K(141452K) Class: 20448K(26832K)->20448K(26832K)
[104.421s][info][gc             ] GC(284) Pause Young (Normal) (G1 Evacuation Pause) 724M->95M(1024M) 5.007ms
[104.421s][info][gc,cpu         ] GC(284) User=0.00s Sys=0.00s Real=0.00s
[104.594s][info][gc,task        ] GC(285) Using 6 workers of 6 for full compaction
[104.594s][info][gc,start       ] GC(285) Pause Full (System.gc())
[104.596s][info][gc,phases,start] GC(285) Phase 1: Mark live objects
[104.637s][info][gc,stringtable ] GC(285) Cleaned string and symbol table, strings: 44367 processed, 50 removed, symbols: 306871 processed, 20 removed
[104.637s][info][gc,phases      ] GC(285) Phase 1: Mark live objects 41.513ms
[104.637s][info][gc,phases,start] GC(285) Phase 2: Prepare for compaction
[104.641s][info][gc,phases      ] GC(285) Phase 2: Prepare for compaction 3.714ms
[104.641s][info][gc,phases,start] GC(285) Phase 3: Adjust pointers
[104.663s][info][gc,phases      ] GC(285) Phase 3: Adjust pointers 22.492ms
[104.663s][info][gc,phases,start] GC(285) Phase 4: Compact heap
[104.667s][info][gc,phases      ] GC(285) Phase 4: Compact heap 3.020ms
[104.688s][info][gc,heap        ] GC(285) Eden regions: 189->0(614)
[104.688s][info][gc,heap        ] GC(285) Survivor regions: 17->0(77)
[104.688s][info][gc,heap        ] GC(285) Old regions: 56->58
[104.688s][info][gc,heap        ] GC(285) Humongous regions: 69->25
[104.688s][info][gc,metaspace   ] GC(285) Metaspace: 155456K(168284K)->155425K(168284K) NonClass: 135008K(141452K)->134981K(141452K) Class: 20448K(26832K)->20444K(26832K)
[104.688s][info][gc             ] GC(285) Pause Full (System.gc()) 327M->78M(1024M) 94.384ms
[104.688s][info][gc,cpu         ] GC(285) User=0.05s Sys=0.00s Real=0.09s
[105.016s][info][gc,start       ] GC(286) Pause Young (Normal) (G1 Evacuation Pause)
[105.016s][info][gc,task        ] GC(286) Using 6 workers of 6 for evacuation
[105.019s][info][gc,phases      ] GC(286)   Pre Evacuate Collection Set: 0.0ms
[105.019s][info][gc,phases      ] GC(286)   Evacuate Collection Set: 2.0ms
[105.019s][info][gc,phases      ] GC(286)   Post Evacuate Collection Set: 0.7ms
[105.019s][info][gc,phases      ] GC(286)   Other: 0.4ms
[105.019s][info][gc,heap        ] GC(286) Eden regions: 614->0(609)
[105.019s][info][gc,heap        ] GC(286) Survivor regions: 0->5(77)
[105.020s][info][gc,heap        ] GC(286) Old regions: 58->58
[105.020s][info][gc,heap        ] GC(286) Humongous regions: 79->25
[105.020s][info][gc,metaspace   ] GC(286) Metaspace: 155464K(168284K)->155464K(168284K) NonClass: 135015K(141452K)->135015K(141452K) Class: 20448K(26832K)->20448K(26832K)
[105.020s][info][gc             ] GC(286) Pause Young (Normal) (G1 Evacuation Pause) 746M->83M(1024M) 3.199ms
[105.020s][info][gc,cpu         ] GC(286) User=0.00s Sys=0.00s Real=0.00s
[105.267s][info][gc,start       ] GC(287) Pause Young (Normal) (G1 Evacuation Pause)
[105.268s][info][gc,task        ] GC(287) Using 6 workers of 6 for evacuation
[105.272s][info][gc,phases      ] GC(287)   Pre Evacuate Collection Set: 0.0ms
[105.272s][info][gc,phases      ] GC(287)   Evacuate Collection Set: 3.8ms
[105.272s][info][gc,phases      ] GC(287)   Post Evacuate Collection Set: 0.7ms
[105.272s][info][gc,phases      ] GC(287)   Other: 0.3ms
[105.272s][info][gc,heap        ] GC(287) Eden regions: 609->0(597)
[105.272s][info][gc,heap        ] GC(287) Survivor regions: 5->17(77)
[105.272s][info][gc,heap        ] GC(287) Old regions: 58->58
[105.272s][info][gc,heap        ] GC(287) Humongous regions: 57->25
[105.272s][info][gc,metaspace   ] GC(287) Metaspace: 155464K(168284K)->155464K(168284K) NonClass: 135015K(141452K)->135015K(141452K) Class: 20448K(26832K)->20448K(26832K)
[105.272s][info][gc             ] GC(287) Pause Young (Normal) (G1 Evacuation Pause) 724M->95M(1024M) 4.922ms
[105.272s][info][gc,cpu         ] GC(287) User=0.00s Sys=0.00s Real=0.00s
[105.450s][info][gc,task        ] GC(288) Using 6 workers of 6 for full compaction
[105.450s][info][gc,start       ] GC(288) Pause Full (System.gc())
[105.452s][info][gc,phases,start] GC(288) Phase 1: Mark live objects
[105.495s][info][gc,stringtable ] GC(288) Cleaned string and symbol table, strings: 44427 processed, 50 removed, symbols: 306871 processed, 20 removed
[105.495s][info][gc,phases      ] GC(288) Phase 1: Mark live objects 42.638ms
[105.495s][info][gc,phases,start] GC(288) Phase 2: Prepare for compaction
[105.499s][info][gc,phases      ] GC(288) Phase 2: Prepare for compaction 3.983ms
[105.499s][info][gc,phases,start] GC(288) Phase 3: Adjust pointers
[105.522s][info][gc,phases      ] GC(288) Phase 3: Adjust pointers 23.128ms
[105.522s][info][gc,phases,start] GC(288) Phase 4: Compact heap
[105.526s][info][gc,phases      ] GC(288) Phase 4: Compact heap 3.748ms
[105.548s][info][gc,heap        ] GC(288) Eden regions: 189->0(614)
[105.548s][info][gc,heap        ] GC(288) Survivor regions: 17->0(77)
[105.548s][info][gc,heap        ] GC(288) Old regions: 58->57
[105.548s][info][gc,heap        ] GC(288) Humongous regions: 69->25
[105.548s][info][gc,metaspace   ] GC(288) Metaspace: 155464K(168284K)->155433K(168284K) NonClass: 135015K(141452K)->134988K(141452K) Class: 20448K(26832K)->20444K(26832K)
[105.548s][info][gc             ] GC(288) Pause Full (System.gc()) 328M->78M(1024M) 97.887ms
[105.548s][info][gc,cpu         ] GC(288) User=0.05s Sys=0.00s Real=0.11s
[105.882s][info][gc,start       ] GC(289) Pause Young (Normal) (G1 Evacuation Pause)
[105.882s][info][gc,task        ] GC(289) Using 6 workers of 6 for evacuation
[105.885s][info][gc,phases      ] GC(289)   Pre Evacuate Collection Set: 0.0ms
[105.885s][info][gc,phases      ] GC(289)   Evacuate Collection Set: 1.9ms
[105.885s][info][gc,phases      ] GC(289)   Post Evacuate Collection Set: 0.8ms
[105.885s][info][gc,phases      ] GC(289)   Other: 0.4ms
[105.885s][info][gc,heap        ] GC(289) Eden regions: 614->0(609)
[105.885s][info][gc,heap        ] GC(289) Survivor regions: 0->5(77)
[105.885s][info][gc,heap        ] GC(289) Old regions: 57->57
[105.885s][info][gc,heap        ] GC(289) Humongous regions: 79->25
[105.885s][info][gc,metaspace   ] GC(289) Metaspace: 155464K(168284K)->155464K(168284K) NonClass: 135015K(141452K)->135015K(141452K) Class: 20448K(26832K)->20448K(26832K)
[105.885s][info][gc             ] GC(289) Pause Young (Normal) (G1 Evacuation Pause) 746M->83M(1024M) 3.237ms
[105.885s][info][gc,cpu         ] GC(289) User=0.00s Sys=0.00s Real=0.00s
[106.138s][info][gc,start       ] GC(290) Pause Young (Normal) (G1 Evacuation Pause)
[106.138s][info][gc,task        ] GC(290) Using 6 workers of 6 for evacuation
[106.144s][info][gc,phases      ] GC(290)   Pre Evacuate Collection Set: 0.0ms
[106.144s][info][gc,phases      ] GC(290)   Evacuate Collection Set: 3.8ms
[106.144s][info][gc,phases      ] GC(290)   Post Evacuate Collection Set: 1.0ms
[106.144s][info][gc,phases      ] GC(290)   Other: 0.5ms
[106.144s][info][gc,heap        ] GC(290) Eden regions: 609->0(597)
[106.144s][info][gc,heap        ] GC(290) Survivor regions: 5->17(77)
[106.144s][info][gc,heap        ] GC(290) Old regions: 57->57
[106.144s][info][gc,heap        ] GC(290) Humongous regions: 57->25
[106.144s][info][gc,metaspace   ] GC(290) Metaspace: 155464K(168284K)->155464K(168284K) NonClass: 135015K(141452K)->135015K(141452K) Class: 20448K(26832K)->20448K(26832K)
[106.144s][info][gc             ] GC(290) Pause Young (Normal) (G1 Evacuation Pause) 724M->95M(1024M) 5.437ms
[106.144s][info][gc,cpu         ] GC(290) User=0.00s Sys=0.00s Real=0.02s
[106.324s][info][gc,task        ] GC(291) Using 6 workers of 6 for full compaction
[106.324s][info][gc,start       ] GC(291) Pause Full (System.gc())
[106.326s][info][gc,phases,start] GC(291) Phase 1: Mark live objects
[106.370s][info][gc,stringtable ] GC(291) Cleaned string and symbol table, strings: 44427 processed, 50 removed, symbols: 306871 processed, 20 removed
[106.370s][info][gc,phases      ] GC(291) Phase 1: Mark live objects 43.776ms
[106.370s][info][gc,phases,start] GC(291) Phase 2: Prepare for compaction
[106.374s][info][gc,phases      ] GC(291) Phase 2: Prepare for compaction 3.657ms
[106.374s][info][gc,phases,start] GC(291) Phase 3: Adjust pointers
[106.397s][info][gc,phases      ] GC(291) Phase 3: Adjust pointers 22.944ms
[106.397s][info][gc,phases,start] GC(291) Phase 4: Compact heap
[106.400s][info][gc,phases      ] GC(291) Phase 4: Compact heap 3.355ms
[106.422s][info][gc,heap        ] GC(291) Eden regions: 189->0(614)
[106.422s][info][gc,heap        ] GC(291) Survivor regions: 17->0(77)
[106.422s][info][gc,heap        ] GC(291) Old regions: 57->58
[106.422s][info][gc,heap        ] GC(291) Humongous regions: 69->25
[106.422s][info][gc,metaspace   ] GC(291) Metaspace: 155464K(168284K)->155433K(168284K) NonClass: 135015K(141452K)->134989K(141452K) Class: 20448K(26832K)->20444K(26832K)
[106.422s][info][gc             ] GC(291) Pause Full (System.gc()) 327M->78M(1024M) 97.859ms
[106.422s][info][gc,cpu         ] GC(291) User=0.08s Sys=0.00s Real=0.10s
[106.764s][info][gc,start       ] GC(292) Pause Young (Normal) (G1 Evacuation Pause)
[106.764s][info][gc,task        ] GC(292) Using 6 workers of 6 for evacuation
[106.767s][info][gc,phases      ] GC(292)   Pre Evacuate Collection Set: 0.0ms
[106.767s][info][gc,phases      ] GC(292)   Evacuate Collection Set: 2.3ms
[106.767s][info][gc,phases      ] GC(292)   Post Evacuate Collection Set: 0.7ms
[106.767s][info][gc,phases      ] GC(292)   Other: 0.4ms
[106.767s][info][gc,heap        ] GC(292) Eden regions: 614->0(609)
[106.767s][info][gc,heap        ] GC(292) Survivor regions: 0->5(77)
[106.767s][info][gc,heap        ] GC(292) Old regions: 58->58
[106.767s][info][gc,heap        ] GC(292) Humongous regions: 79->25
[106.767s][info][gc,metaspace   ] GC(292) Metaspace: 155471K(168284K)->155471K(168284K) NonClass: 135022K(141452K)->135022K(141452K) Class: 20448K(26832K)->20448K(26832K)
[106.767s][info][gc             ] GC(292) Pause Young (Normal) (G1 Evacuation Pause) 746M->83M(1024M) 3.446ms
[106.767s][info][gc,cpu         ] GC(292) User=0.00s Sys=0.00s Real=0.00s
[107.019s][info][gc,start       ] GC(293) Pause Young (Normal) (G1 Evacuation Pause)
[107.020s][info][gc,task        ] GC(293) Using 6 workers of 6 for evacuation
[107.025s][info][gc,phases      ] GC(293)   Pre Evacuate Collection Set: 0.0ms
[107.025s][info][gc,phases      ] GC(293)   Evacuate Collection Set: 4.2ms
[107.025s][info][gc,phases      ] GC(293)   Post Evacuate Collection Set: 0.7ms
[107.025s][info][gc,phases      ] GC(293)   Other: 0.4ms
[107.025s][info][gc,heap        ] GC(293) Eden regions: 609->0(596)
[107.025s][info][gc,heap        ] GC(293) Survivor regions: 5->18(77)
[107.025s][info][gc,heap        ] GC(293) Old regions: 58->58
[107.025s][info][gc,heap        ] GC(293) Humongous regions: 57->25
[107.025s][info][gc,metaspace   ] GC(293) Metaspace: 155471K(168284K)->155471K(168284K) NonClass: 135022K(141452K)->135022K(141452K) Class: 20448K(26832K)->20448K(26832K)
[107.025s][info][gc             ] GC(293) Pause Young (Normal) (G1 Evacuation Pause) 724M->95M(1024M) 5.369ms
[107.025s][info][gc,cpu         ] GC(293) User=0.00s Sys=0.00s Real=0.02s
[107.197s][info][gc,task        ] GC(294) Using 6 workers of 6 for full compaction
[107.198s][info][gc,start       ] GC(294) Pause Full (System.gc())
[107.199s][info][gc,phases,start] GC(294) Phase 1: Mark live objects
[107.240s][info][gc,stringtable ] GC(294) Cleaned string and symbol table, strings: 44457 processed, 50 removed, symbols: 306871 processed, 20 removed
[107.240s][info][gc,phases      ] GC(294) Phase 1: Mark live objects 40.680ms
[107.240s][info][gc,phases,start] GC(294) Phase 2: Prepare for compaction
[107.244s][info][gc,phases      ] GC(294) Phase 2: Prepare for compaction 3.696ms
[107.244s][info][gc,phases,start] GC(294) Phase 3: Adjust pointers
[107.266s][info][gc,phases      ] GC(294) Phase 3: Adjust pointers 22.553ms
[107.266s][info][gc,phases,start] GC(294) Phase 4: Compact heap
[107.271s][info][gc,phases      ] GC(294) Phase 4: Compact heap 4.008ms
[107.292s][info][gc,heap        ] GC(294) Eden regions: 187->0(614)
[107.292s][info][gc,heap        ] GC(294) Survivor regions: 18->0(77)
[107.292s][info][gc,heap        ] GC(294) Old regions: 58->58
[107.292s][info][gc,heap        ] GC(294) Humongous regions: 69->25
[107.292s][info][gc,metaspace   ] GC(294) Metaspace: 155471K(168284K)->155441K(168284K) NonClass: 135023K(141452K)->134996K(141452K) Class: 20448K(26832K)->20444K(26832K)
[107.292s][info][gc             ] GC(294) Pause Full (System.gc()) 326M->78M(1024M) 94.925ms
[107.293s][info][gc,cpu         ] GC(294) User=0.05s Sys=0.00s Real=0.09s
[107.645s][info][gc,start       ] GC(295) Pause Young (Normal) (G1 Evacuation Pause)
[107.645s][info][gc,task        ] GC(295) Using 6 workers of 6 for evacuation
[107.649s][info][gc,phases      ] GC(295)   Pre Evacuate Collection Set: 0.0ms
[107.649s][info][gc,phases      ] GC(295)   Evacuate Collection Set: 2.8ms
[107.649s][info][gc,phases      ] GC(295)   Post Evacuate Collection Set: 1.2ms
[107.649s][info][gc,phases      ] GC(295)   Other: 0.4ms
[107.649s][info][gc,heap        ] GC(295) Eden regions: 614->0(609)
[107.649s][info][gc,heap        ] GC(295) Survivor regions: 0->5(77)
[107.649s][info][gc,heap        ] GC(295) Old regions: 58->58
[107.649s][info][gc,heap        ] GC(295) Humongous regions: 79->25
[107.649s][info][gc,metaspace   ] GC(295) Metaspace: 155472K(168284K)->155472K(168284K) NonClass: 135024K(141452K)->135024K(141452K) Class: 20448K(26832K)->20448K(26832K)
[107.649s][info][gc             ] GC(295) Pause Young (Normal) (G1 Evacuation Pause) 746M->83M(1024M) 4.457ms
[107.649s][info][gc,cpu         ] GC(295) User=0.00s Sys=0.00s Real=0.00s
[107.904s][info][gc,start       ] GC(296) Pause Young (Normal) (G1 Evacuation Pause)
[107.904s][info][gc,task        ] GC(296) Using 6 workers of 6 for evacuation
[107.909s][info][gc,phases      ] GC(296)   Pre Evacuate Collection Set: 0.0ms
[107.909s][info][gc,phases      ] GC(296)   Evacuate Collection Set: 4.1ms
[107.909s][info][gc,phases      ] GC(296)   Post Evacuate Collection Set: 0.8ms
[107.909s][info][gc,phases      ] GC(296)   Other: 0.3ms
[107.909s][info][gc,heap        ] GC(296) Eden regions: 609->0(596)
[107.909s][info][gc,heap        ] GC(296) Survivor regions: 5->18(77)
[107.909s][info][gc,heap        ] GC(296) Old regions: 58->58
[107.909s][info][gc,heap        ] GC(296) Humongous regions: 57->25
[107.909s][info][gc,metaspace   ] GC(296) Metaspace: 155472K(168284K)->155472K(168284K) NonClass: 135024K(141452K)->135024K(141452K) Class: 20448K(26832K)->20448K(26832K)
[107.909s][info][gc             ] GC(296) Pause Young (Normal) (G1 Evacuation Pause) 724M->95M(1024M) 5.360ms
[107.909s][info][gc,cpu         ] GC(296) User=0.00s Sys=0.00s Real=0.00s
[108.089s][info][gc,task        ] GC(297) Using 6 workers of 6 for full compaction
[108.090s][info][gc,start       ] GC(297) Pause Full (System.gc())
[108.092s][info][gc,phases,start] GC(297) Phase 1: Mark live objects
[108.131s][info][gc,stringtable ] GC(297) Cleaned string and symbol table, strings: 44466 processed, 50 removed, symbols: 306871 processed, 20 removed
[108.131s][info][gc,phases      ] GC(297) Phase 1: Mark live objects 39.180ms
[108.131s][info][gc,phases,start] GC(297) Phase 2: Prepare for compaction
[108.136s][info][gc,phases      ] GC(297) Phase 2: Prepare for compaction 4.773ms
[108.136s][info][gc,phases,start] GC(297) Phase 3: Adjust pointers
[108.159s][info][gc,phases      ] GC(297) Phase 3: Adjust pointers 22.806ms
[108.159s][info][gc,phases,start] GC(297) Phase 4: Compact heap
[108.164s][info][gc,phases      ] GC(297) Phase 4: Compact heap 5.350ms
[108.186s][info][gc,heap        ] GC(297) Eden regions: 188->0(614)
[108.186s][info][gc,heap        ] GC(297) Survivor regions: 18->0(77)
[108.186s][info][gc,heap        ] GC(297) Old regions: 58->68
[108.186s][info][gc,heap        ] GC(297) Humongous regions: 69->25
[108.186s][info][gc,metaspace   ] GC(297) Metaspace: 155472K(168284K)->155441K(168284K) NonClass: 135024K(141452K)->134997K(141452K) Class: 20448K(26832K)->20444K(26832K)
[108.186s][info][gc             ] GC(297) Pause Full (System.gc()) 327M->89M(1024M) 96.916ms
[108.187s][info][gc,cpu         ] GC(297) User=0.02s Sys=0.00s Real=0.09s
[108.530s][info][gc,start       ] GC(298) Pause Young (Normal) (G1 Evacuation Pause)
[108.530s][info][gc,task        ] GC(298) Using 6 workers of 6 for evacuation
[108.533s][info][gc,phases      ] GC(298)   Pre Evacuate Collection Set: 0.0ms
[108.533s][info][gc,phases      ] GC(298)   Evacuate Collection Set: 1.9ms
[108.533s][info][gc,phases      ] GC(298)   Post Evacuate Collection Set: 0.7ms
[108.533s][info][gc,phases      ] GC(298)   Other: 0.4ms
[108.533s][info][gc,heap        ] GC(298) Eden regions: 614->0(609)
[108.533s][info][gc,heap        ] GC(298) Survivor regions: 0->5(77)
[108.533s][info][gc,heap        ] GC(298) Old regions: 68->68
[108.533s][info][gc,heap        ] GC(298) Humongous regions: 79->25
[108.533s][info][gc,metaspace   ] GC(298) Metaspace: 155590K(168540K)->155590K(168540K) NonClass: 135141K(141708K)->135141K(141708K) Class: 20448K(26832K)->20448K(26832K)
[108.533s][info][gc             ] GC(298) Pause Young (Normal) (G1 Evacuation Pause) 757M->94M(1024M) 3.171ms
[108.533s][info][gc,cpu         ] GC(298) User=0.00s Sys=0.00s Real=0.00s
[108.783s][info][gc,start       ] GC(299) Pause Young (Normal) (G1 Evacuation Pause)
[108.783s][info][gc,task        ] GC(299) Using 6 workers of 6 for evacuation
[108.788s][info][gc,phases      ] GC(299)   Pre Evacuate Collection Set: 0.0ms
[108.788s][info][gc,phases      ] GC(299)   Evacuate Collection Set: 3.9ms
[108.788s][info][gc,phases      ] GC(299)   Post Evacuate Collection Set: 0.7ms
[108.788s][info][gc,phases      ] GC(299)   Other: 0.3ms
[108.788s][info][gc,heap        ] GC(299) Eden regions: 609->0(597)
[108.788s][info][gc,heap        ] GC(299) Survivor regions: 5->17(77)
[108.788s][info][gc,heap        ] GC(299) Old regions: 68->68
[108.788s][info][gc,heap        ] GC(299) Humongous regions: 57->25
[108.788s][info][gc,metaspace   ] GC(299) Metaspace: 155590K(168540K)->155590K(168540K) NonClass: 135141K(141708K)->135141K(141708K) Class: 20448K(26832K)->20448K(26832K)
[108.788s][info][gc             ] GC(299) Pause Young (Normal) (G1 Evacuation Pause) 735M->106M(1024M) 5.012ms
[108.788s][info][gc,cpu         ] GC(299) User=0.00s Sys=0.00s Real=0.00s
[108.968s][info][gc,task        ] GC(300) Using 6 workers of 6 for full compaction
[108.968s][info][gc,start       ] GC(300) Pause Full (System.gc())
[108.970s][info][gc,phases,start] GC(300) Phase 1: Mark live objects
[109.012s][info][gc,stringtable ] GC(300) Cleaned string and symbol table, strings: 44492 processed, 50 removed, symbols: 306871 processed, 20 removed
[109.012s][info][gc,phases      ] GC(300) Phase 1: Mark live objects 42.267ms
[109.012s][info][gc,phases,start] GC(300) Phase 2: Prepare for compaction
[109.016s][info][gc,phases      ] GC(300) Phase 2: Prepare for compaction 3.854ms
[109.016s][info][gc,phases,start] GC(300) Phase 3: Adjust pointers
[109.039s][info][gc,phases      ] GC(300) Phase 3: Adjust pointers 22.950ms
[109.039s][info][gc,phases,start] GC(300) Phase 4: Compact heap
[109.042s][info][gc,phases      ] GC(300) Phase 4: Compact heap 3.245ms
[109.066s][info][gc,heap        ] GC(300) Eden regions: 189->0(614)
[109.066s][info][gc,heap        ] GC(300) Survivor regions: 17->0(77)
[109.066s][info][gc,heap        ] GC(300) Old regions: 68->58
[109.066s][info][gc,heap        ] GC(300) Humongous regions: 69->25
[109.066s][info][gc,metaspace   ] GC(300) Metaspace: 155606K(168540K)->155576K(168540K) NonClass: 135158K(141708K)->135131K(141708K) Class: 20448K(26832K)->20444K(26832K)
[109.066s][info][gc             ] GC(300) Pause Full (System.gc()) 338M->78M(1024M) 98.084ms
[109.066s][info][gc,cpu         ] GC(300) User=0.05s Sys=0.00s Real=0.11s
[109.393s][info][gc,start       ] GC(301) Pause Young (Normal) (G1 Evacuation Pause)
[109.393s][info][gc,task        ] GC(301) Using 6 workers of 6 for evacuation
[109.396s][info][gc,phases      ] GC(301)   Pre Evacuate Collection Set: 0.0ms
[109.396s][info][gc,phases      ] GC(301)   Evacuate Collection Set: 1.9ms
[109.396s][info][gc,phases      ] GC(301)   Post Evacuate Collection Set: 0.8ms
[109.396s][info][gc,phases      ] GC(301)   Other: 0.3ms
[109.396s][info][gc,heap        ] GC(301) Eden regions: 614->0(609)
[109.396s][info][gc,heap        ] GC(301) Survivor regions: 0->5(77)
[109.396s][info][gc,heap        ] GC(301) Old regions: 58->58
[109.396s][info][gc,heap        ] GC(301) Humongous regions: 79->25
[109.396s][info][gc,metaspace   ] GC(301) Metaspace: 155614K(168540K)->155614K(168540K) NonClass: 135165K(141708K)->135165K(141708K) Class: 20448K(26832K)->20448K(26832K)
[109.396s][info][gc             ] GC(301) Pause Young (Normal) (G1 Evacuation Pause) 746M->83M(1024M) 3.048ms
[109.396s][info][gc,cpu         ] GC(301) User=0.00s Sys=0.00s Real=0.00s
[109.648s][info][gc,start       ] GC(302) Pause Young (Normal) (G1 Evacuation Pause)
[109.648s][info][gc,task        ] GC(302) Using 6 workers of 6 for evacuation
[109.652s][info][gc,phases      ] GC(302)   Pre Evacuate Collection Set: 0.0ms
[109.652s][info][gc,phases      ] GC(302)   Evacuate Collection Set: 3.7ms
[109.652s][info][gc,phases      ] GC(302)   Post Evacuate Collection Set: 0.7ms
[109.653s][info][gc,phases      ] GC(302)   Other: 0.5ms
[109.653s][info][gc,heap        ] GC(302) Eden regions: 609->0(596)
[109.653s][info][gc,heap        ] GC(302) Survivor regions: 5->18(77)
[109.653s][info][gc,heap        ] GC(302) Old regions: 58->58
[109.653s][info][gc,heap        ] GC(302) Humongous regions: 57->25
[109.653s][info][gc,metaspace   ] GC(302) Metaspace: 155614K(168540K)->155614K(168540K) NonClass: 135165K(141708K)->135165K(141708K) Class: 20448K(26832K)->20448K(26832K)
[109.653s][info][gc             ] GC(302) Pause Young (Normal) (G1 Evacuation Pause) 724M->96M(1024M) 4.979ms
[109.653s][info][gc,cpu         ] GC(302) User=0.00s Sys=0.00s Real=0.00s
[109.824s][info][gc,task        ] GC(303) Using 6 workers of 6 for full compaction
[109.824s][info][gc,start       ] GC(303) Pause Full (System.gc())
[109.826s][info][gc,phases,start] GC(303) Phase 1: Mark live objects
[109.869s][info][gc,stringtable ] GC(303) Cleaned string and symbol table, strings: 44503 processed, 50 removed, symbols: 306871 processed, 20 removed
[109.869s][info][gc,phases      ] GC(303) Phase 1: Mark live objects 43.297ms
[109.870s][info][gc,phases,start] GC(303) Phase 2: Prepare for compaction
[109.873s][info][gc,phases      ] GC(303) Phase 2: Prepare for compaction 3.712ms
[109.873s][info][gc,phases,start] GC(303) Phase 3: Adjust pointers
[109.896s][info][gc,phases      ] GC(303) Phase 3: Adjust pointers 23.028ms
[109.896s][info][gc,phases,start] GC(303) Phase 4: Compact heap
[109.900s][info][gc,phases      ] GC(303) Phase 4: Compact heap 3.819ms
[109.924s][info][gc,heap        ] GC(303) Eden regions: 189->0(614)
[109.924s][info][gc,heap        ] GC(303) Survivor regions: 18->0(77)
[109.924s][info][gc,heap        ] GC(303) Old regions: 58->59
[109.924s][info][gc,heap        ] GC(303) Humongous regions: 69->25
[109.924s][info][gc,metaspace   ] GC(303) Metaspace: 155614K(168540K)->155583K(168540K) NonClass: 135165K(141708K)->135138K(141708K) Class: 20448K(26832K)->20444K(26832K)
[109.924s][info][gc             ] GC(303) Pause Full (System.gc()) 328M->78M(1024M) 99.708ms
[109.924s][info][gc,cpu         ] GC(303) User=0.06s Sys=0.00s Real=0.09s
[110.256s][info][gc,start       ] GC(304) Pause Young (Normal) (G1 Evacuation Pause)
[110.256s][info][gc,task        ] GC(304) Using 6 workers of 6 for evacuation
[110.259s][info][gc,phases      ] GC(304)   Pre Evacuate Collection Set: 0.0ms
[110.259s][info][gc,phases      ] GC(304)   Evacuate Collection Set: 2.2ms
[110.259s][info][gc,phases      ] GC(304)   Post Evacuate Collection Set: 0.8ms
[110.259s][info][gc,phases      ] GC(304)   Other: 0.4ms
[110.259s][info][gc,heap        ] GC(304) Eden regions: 614->0(609)
[110.259s][info][gc,heap        ] GC(304) Survivor regions: 0->5(77)
[110.259s][info][gc,heap        ] GC(304) Old regions: 59->59
[110.259s][info][gc,heap        ] GC(304) Humongous regions: 79->25
[110.259s][info][gc,metaspace   ] GC(304) Metaspace: 155623K(168540K)->155623K(168540K) NonClass: 135174K(141708K)->135174K(141708K) Class: 20448K(26832K)->20448K(26832K)
[110.259s][info][gc             ] GC(304) Pause Young (Normal) (G1 Evacuation Pause) 746M->83M(1024M) 3.598ms
[110.259s][info][gc,cpu         ] GC(304) User=0.00s Sys=0.00s Real=0.00s
[110.512s][info][gc,start       ] GC(305) Pause Young (Normal) (G1 Evacuation Pause)
[110.512s][info][gc,task        ] GC(305) Using 6 workers of 6 for evacuation
[110.517s][info][gc,phases      ] GC(305)   Pre Evacuate Collection Set: 0.0ms
[110.517s][info][gc,phases      ] GC(305)   Evacuate Collection Set: 3.7ms
[110.517s][info][gc,phases      ] GC(305)   Post Evacuate Collection Set: 0.8ms
[110.517s][info][gc,phases      ] GC(305)   Other: 0.4ms
[110.517s][info][gc,heap        ] GC(305) Eden regions: 609->0(596)
[110.517s][info][gc,heap        ] GC(305) Survivor regions: 5->18(77)
[110.517s][info][gc,heap        ] GC(305) Old regions: 59->59
[110.517s][info][gc,heap        ] GC(305) Humongous regions: 57->25
[110.517s][info][gc,metaspace   ] GC(305) Metaspace: 155623K(168540K)->155623K(168540K) NonClass: 135174K(141708K)->135174K(141708K) Class: 20448K(26832K)->20448K(26832K)
[110.517s][info][gc             ] GC(305) Pause Young (Normal) (G1 Evacuation Pause) 724M->96M(1024M) 4.958ms
[110.517s][info][gc,cpu         ] GC(305) User=0.00s Sys=0.00s Real=0.00s
[110.692s][info][gc,task        ] GC(306) Using 6 workers of 6 for full compaction
[110.692s][info][gc,start       ] GC(306) Pause Full (System.gc())
[110.694s][info][gc,phases,start] GC(306) Phase 1: Mark live objects
[110.737s][info][gc,stringtable ] GC(306) Cleaned string and symbol table, strings: 44525 processed, 50 removed, symbols: 306871 processed, 20 removed
[110.737s][info][gc,phases      ] GC(306) Phase 1: Mark live objects 43.017ms
[110.737s][info][gc,phases,start] GC(306) Phase 2: Prepare for compaction
[110.740s][info][gc,phases      ] GC(306) Phase 2: Prepare for compaction 3.703ms
[110.740s][info][gc,phases,start] GC(306) Phase 3: Adjust pointers
[110.764s][info][gc,phases      ] GC(306) Phase 3: Adjust pointers 23.845ms
[110.764s][info][gc,phases,start] GC(306) Phase 4: Compact heap
[110.768s][info][gc,phases      ] GC(306) Phase 4: Compact heap 3.188ms
[110.790s][info][gc,heap        ] GC(306) Eden regions: 188->0(614)
[110.790s][info][gc,heap        ] GC(306) Survivor regions: 18->0(77)
[110.790s][info][gc,heap        ] GC(306) Old regions: 59->59
[110.790s][info][gc,heap        ] GC(306) Humongous regions: 69->25
[110.790s][info][gc,metaspace   ] GC(306) Metaspace: 155623K(168540K)->155592K(168540K) NonClass: 135174K(141708K)->135147K(141708K) Class: 20448K(26832K)->20444K(26832K)
[110.790s][info][gc             ] GC(306) Pause Full (System.gc()) 327M->79M(1024M) 98.662ms
[110.791s][info][gc,cpu         ] GC(306) User=0.05s Sys=0.00s Real=0.11s
[111.115s][info][gc,start       ] GC(307) Pause Young (Normal) (G1 Evacuation Pause)
[111.115s][info][gc,task        ] GC(307) Using 6 workers of 6 for evacuation
[111.117s][info][gc,phases      ] GC(307)   Pre Evacuate Collection Set: 0.0ms
[111.118s][info][gc,phases      ] GC(307)   Evacuate Collection Set: 2.0ms
[111.118s][info][gc,phases      ] GC(307)   Post Evacuate Collection Set: 0.7ms
[111.118s][info][gc,phases      ] GC(307)   Other: 0.3ms
[111.118s][info][gc,heap        ] GC(307) Eden regions: 614->0(609)
[111.118s][info][gc,heap        ] GC(307) Survivor regions: 0->5(77)
[111.118s][info][gc,heap        ] GC(307) Old regions: 59->59
[111.118s][info][gc,heap        ] GC(307) Humongous regions: 79->25
[111.118s][info][gc,metaspace   ] GC(307) Metaspace: 155627K(168540K)->155627K(168540K) NonClass: 135178K(141708K)->135178K(141708K) Class: 20448K(26832K)->20448K(26832K)
[111.118s][info][gc             ] GC(307) Pause Young (Normal) (G1 Evacuation Pause) 747M->83M(1024M) 3.083ms
[111.118s][info][gc,cpu         ] GC(307) User=0.00s Sys=0.00s Real=0.00s
[111.366s][info][gc,start       ] GC(308) Pause Young (Normal) (G1 Evacuation Pause)
[111.366s][info][gc,task        ] GC(308) Using 6 workers of 6 for evacuation
[111.371s][info][gc,phases      ] GC(308)   Pre Evacuate Collection Set: 0.0ms
[111.371s][info][gc,phases      ] GC(308)   Evacuate Collection Set: 3.7ms
[111.371s][info][gc,phases      ] GC(308)   Post Evacuate Collection Set: 0.7ms
[111.371s][info][gc,phases      ] GC(308)   Other: 0.3ms
[111.371s][info][gc,heap        ] GC(308) Eden regions: 609->0(597)
[111.371s][info][gc,heap        ] GC(308) Survivor regions: 5->17(77)
[111.371s][info][gc,heap        ] GC(308) Old regions: 59->59
[111.371s][info][gc,heap        ] GC(308) Humongous regions: 57->25
[111.371s][info][gc,metaspace   ] GC(308) Metaspace: 155629K(168540K)->155629K(168540K) NonClass: 135180K(141708K)->135180K(141708K) Class: 20448K(26832K)->20448K(26832K)
[111.371s][info][gc             ] GC(308) Pause Young (Normal) (G1 Evacuation Pause) 724M->96M(1024M) 4.852ms
[111.371s][info][gc,cpu         ] GC(308) User=0.00s Sys=0.02s Real=0.02s
[111.544s][info][gc,task        ] GC(309) Using 6 workers of 6 for full compaction
[111.545s][info][gc,start       ] GC(309) Pause Full (System.gc())
[111.546s][info][gc,phases,start] GC(309) Phase 1: Mark live objects
[111.590s][info][gc,stringtable ] GC(309) Cleaned string and symbol table, strings: 44533 processed, 50 removed, symbols: 306871 processed, 20 removed
[111.590s][info][gc,phases      ] GC(309) Phase 1: Mark live objects 43.333ms
[111.590s][info][gc,phases,start] GC(309) Phase 2: Prepare for compaction
[111.593s][info][gc,phases      ] GC(309) Phase 2: Prepare for compaction 3.647ms
[111.594s][info][gc,phases,start] GC(309) Phase 3: Adjust pointers
[111.617s][info][gc,phases      ] GC(309) Phase 3: Adjust pointers 23.123ms
[111.617s][info][gc,phases,start] GC(309) Phase 4: Compact heap
[111.620s][info][gc,phases      ] GC(309) Phase 4: Compact heap 3.406ms
[111.643s][info][gc,heap        ] GC(309) Eden regions: 189->0(614)
[111.643s][info][gc,heap        ] GC(309) Survivor regions: 17->0(77)
[111.643s][info][gc,heap        ] GC(309) Old regions: 59->59
[111.643s][info][gc,heap        ] GC(309) Humongous regions: 69->25
[111.643s][info][gc,metaspace   ] GC(309) Metaspace: 155629K(168540K)->155598K(168540K) NonClass: 135180K(141708K)->135153K(141708K) Class: 20448K(26832K)->20444K(26832K)
[111.643s][info][gc             ] GC(309) Pause Full (System.gc()) 328M->79M(1024M) 98.256ms
[111.643s][info][gc,cpu         ] GC(309) User=0.06s Sys=0.00s Real=0.09s
[111.972s][info][gc,start       ] GC(310) Pause Young (Normal) (G1 Evacuation Pause)
[111.972s][info][gc,task        ] GC(310) Using 6 workers of 6 for evacuation
[111.975s][info][gc,phases      ] GC(310)   Pre Evacuate Collection Set: 0.0ms
[111.975s][info][gc,phases      ] GC(310)   Evacuate Collection Set: 1.9ms
[111.975s][info][gc,phases      ] GC(310)   Post Evacuate Collection Set: 0.7ms
[111.975s][info][gc,phases      ] GC(310)   Other: 0.4ms
[111.975s][info][gc,heap        ] GC(310) Eden regions: 614->0(609)
[111.975s][info][gc,heap        ] GC(310) Survivor regions: 0->5(77)
[111.975s][info][gc,heap        ] GC(310) Old regions: 59->59
[111.975s][info][gc,heap        ] GC(310) Humongous regions: 79->25
[111.975s][info][gc,metaspace   ] GC(310) Metaspace: 155637K(168540K)->155637K(168540K) NonClass: 135188K(141708K)->135188K(141708K) Class: 20448K(26832K)->20448K(26832K)
[111.975s][info][gc             ] GC(310) Pause Young (Normal) (G1 Evacuation Pause) 747M->84M(1024M) 3.143ms
[111.975s][info][gc,cpu         ] GC(310) User=0.00s Sys=0.00s Real=0.00s
[112.223s][info][gc,start       ] GC(311) Pause Young (Normal) (G1 Evacuation Pause)
[112.223s][info][gc,task        ] GC(311) Using 6 workers of 6 for evacuation
[112.228s][info][gc,phases      ] GC(311)   Pre Evacuate Collection Set: 0.0ms
[112.228s][info][gc,phases      ] GC(311)   Evacuate Collection Set: 3.7ms
[112.228s][info][gc,phases      ] GC(311)   Post Evacuate Collection Set: 0.7ms
[112.228s][info][gc,phases      ] GC(311)   Other: 0.3ms
[112.228s][info][gc,heap        ] GC(311) Eden regions: 609->0(597)
[112.228s][info][gc,heap        ] GC(311) Survivor regions: 5->17(77)
[112.228s][info][gc,heap        ] GC(311) Old regions: 59->59
[112.228s][info][gc,heap        ] GC(311) Humongous regions: 57->25
[112.228s][info][gc,metaspace   ] GC(311) Metaspace: 155637K(168540K)->155637K(168540K) NonClass: 135188K(141708K)->135188K(141708K) Class: 20448K(26832K)->20448K(26832K)
[112.228s][info][gc             ] GC(311) Pause Young (Normal) (G1 Evacuation Pause) 725M->96M(1024M) 4.870ms
[112.228s][info][gc,cpu         ] GC(311) User=0.00s Sys=0.00s Real=0.00s
[112.502s][info][gc,heap,exit   ] Heap
[112.502s][info][gc,heap,exit   ]  garbage-first heap   total 1048576K, used 349350K [0x00000000c0000000, 0x0000000100000000)
[112.502s][info][gc,heap,exit   ]   region size 1024K, 220 young (225280K), 17 survivors (17408K)
[112.502s][info][gc,heap,exit   ]  Metaspace       used 156137K, capacity 166007K, committed 168796K, reserved 1191936K
[112.502s][info][gc,heap,exit   ]   class space    used 20562K, capacity 25066K, committed 26832K, reserved 1048576K
