[0.008s][info][gc] Using Parallel
[0.018s][info][gc,init] Version: 17.0.12+7-adhoc..jdk17u (release)
[0.018s][info][gc,init] CPUs: 6 total, 6 available
[0.018s][info][gc,init] Memory: 15591M
[0.018s][info][gc,init] Large Page Support: Disabled
[0.018s][info][gc,init] NUMA Support: Disabled
[0.018s][info][gc,init] Compressed Oops: Enabled (Zero based)
[0.018s][info][gc,init] Alignments: Space 512K, Generation 512K, Heap 2M
[0.018s][info][gc,init] Heap Min Capacity: 4G
[0.018s][info][gc,init] Heap Initial Capacity: 4G
[0.018s][info][gc,init] Heap Max Capacity: 4G
[0.018s][info][gc,init] Pre-touch: Disabled
[0.018s][info][gc,init] Parallel Workers: 6
[0.027s][info][gc,metaspace] CDS archive(s) mapped at: [0x00000244d8000000-0x00000244d8bc0000-0x00000244d8bc0000), size 12320768, SharedBaseAddress: 0x00000244d8000000, ArchiveRelocationMode: 1.
[0.027s][info][gc,metaspace] Compressed class space mapped at: 0x00000244d9000000-0x0000024519000000, reserved size: 1073741824
[0.027s][info][gc,metaspace] Narrow klass base: 0x00000244d8000000, Narrow klass shift: 0, Narrow klass range: 0x100000000
[0.580s][info][gc,start    ] GC(0) Pause Young (System.gc())
[0.583s][info][gc,heap     ] GC(0) PSYoungGen: 62914K(1223168K)->4554K(1223168K) Eden: 62914K(1048576K)->0K(1048576K) From: 0K(174592K)->4554K(174592K)
[0.583s][info][gc,heap     ] GC(0) ParOldGen: 0K(2796544K)->8K(2796544K)
[0.583s][info][gc,metaspace] GC(0) Metaspace: 3271K(3520K)->3271K(3520K) NonClass: 2950K(3072K)->2950K(3072K) Class: 320K(448K)->320K(448K)
[0.583s][info][gc          ] GC(0) Pause Young (System.gc()) 61M->4M(3925M) 2.809ms
[0.583s][info][gc,cpu      ] GC(0) User=0.00s Sys=0.00s Real=0.01s
[0.583s][info][gc,start    ] GC(1) Pause Full (System.gc())
[0.583s][info][gc,phases,start] GC(1) Marking Phase
[0.586s][info][gc,phases      ] GC(1) Marking Phase 2.463ms
[0.586s][info][gc,phases,start] GC(1) Summary Phase
[0.586s][info][gc,phases      ] GC(1) Summary Phase 0.018ms
[0.586s][info][gc,phases,start] GC(1) Adjust Roots
[0.586s][info][gc,phases      ] GC(1) Adjust Roots 0.609ms
[0.586s][info][gc,phases,start] GC(1) Compaction Phase
[0.589s][info][gc,phases      ] GC(1) Compaction Phase 2.925ms
[0.589s][info][gc,phases,start] GC(1) Post Compact
[0.591s][info][gc,phases      ] GC(1) Post Compact 1.046ms
[0.591s][info][gc,heap        ] GC(1) PSYoungGen: 4554K(1223168K)->0K(1223168K) Eden: 0K(1048576K)->0K(1048576K) From: 4554K(174592K)->0K(174592K)
[0.591s][info][gc,heap        ] GC(1) ParOldGen: 8K(2796544K)->4365K(2796544K)
[0.591s][info][gc,metaspace   ] GC(1) Metaspace: 3271K(3520K)->3271K(3520K) NonClass: 2950K(3072K)->2950K(3072K) Class: 320K(448K)->320K(448K)
[0.591s][info][gc             ] GC(1) Pause Full (System.gc()) 4M->4M(3925M) 7.389ms
[0.591s][info][gc,cpu         ] GC(1) User=0.00s Sys=0.00s Real=0.00s
[8.225s][info][gc,start       ] GC(2) Pause Young (System.gc())
[8.228s][info][gc,heap        ] GC(2) PSYoungGen: 189006K(1223168K)->3393K(1223168K) Eden: 189006K(1048576K)->0K(1048576K) From: 0K(174592K)->3393K(174592K)
[8.228s][info][gc,heap        ] GC(2) ParOldGen: 4365K(2796544K)->4373K(2796544K)
[8.228s][info][gc,metaspace   ] GC(2) Metaspace: 13967K(14144K)->13967K(14144K) NonClass: 12404K(12480K)->12404K(12480K) Class: 1563K(1664K)->1563K(1664K)
[8.228s][info][gc             ] GC(2) Pause Young (System.gc()) 188M->7M(3925M) 2.261ms
[8.228s][info][gc,cpu         ] GC(2) User=0.00s Sys=0.00s Real=0.00s
[8.228s][info][gc,start       ] GC(3) Pause Full (System.gc())
[8.228s][info][gc,phases,start] GC(3) Marking Phase
[8.231s][info][gc,phases      ] GC(3) Marking Phase 3.667ms
[8.231s][info][gc,phases,start] GC(3) Summary Phase
[8.231s][info][gc,phases      ] GC(3) Summary Phase 0.009ms
[8.231s][info][gc,phases,start] GC(3) Adjust Roots
[8.234s][info][gc,phases      ] GC(3) Adjust Roots 2.380ms
[8.234s][info][gc,phases,start] GC(3) Compaction Phase
[8.237s][info][gc,phases      ] GC(3) Compaction Phase 3.565ms
[8.238s][info][gc,phases,start] GC(3) Post Compact
[8.238s][info][gc,phases      ] GC(3) Post Compact 0.616ms
[8.238s][info][gc,heap        ] GC(3) PSYoungGen: 3393K(1223168K)->0K(1223168K) Eden: 0K(1048576K)->0K(1048576K) From: 3393K(174592K)->0K(174592K)
[8.238s][info][gc,heap        ] GC(3) ParOldGen: 4373K(2796544K)->7660K(2796544K)
[8.238s][info][gc,metaspace   ] GC(3) Metaspace: 13967K(14144K)->13967K(14144K) NonClass: 12404K(12480K)->12404K(12480K) Class: 1563K(1664K)->1563K(1664K)
[8.238s][info][gc             ] GC(3) Pause Full (System.gc()) 7M->7M(3925M) 10.572ms
[8.238s][info][gc,cpu         ] GC(3) User=0.05s Sys=0.05s Real=0.01s
[8.247s][info][gc,start       ] GC(4) Pause Young (System.gc())
[8.248s][info][gc,heap        ] GC(4) PSYoungGen: 62914K(1223168K)->160K(1223168K) Eden: 62914K(1048576K)->0K(1048576K) From: 0K(174592K)->160K(174592K)
[8.248s][info][gc,heap        ] GC(4) ParOldGen: 7660K(2796544K)->7668K(2796544K)
[8.248s][info][gc,metaspace   ] GC(4) Metaspace: 14022K(14208K)->14022K(14208K) NonClass: 12453K(12544K)->12453K(12544K) Class: 1568K(1664K)->1568K(1664K)
[8.248s][info][gc             ] GC(4) Pause Young (System.gc()) 68M->7M(3925M) 0.560ms
[8.248s][info][gc,cpu         ] GC(4) User=0.00s Sys=0.00s Real=0.00s
[8.248s][info][gc,start       ] GC(5) Pause Full (System.gc())
[8.248s][info][gc,phases,start] GC(5) Marking Phase
[8.252s][info][gc,phases      ] GC(5) Marking Phase 3.635ms
[8.252s][info][gc,phases,start] GC(5) Summary Phase
[8.252s][info][gc,phases      ] GC(5) Summary Phase 0.009ms
[8.252s][info][gc,phases,start] GC(5) Adjust Roots
[8.254s][info][gc,phases      ] GC(5) Adjust Roots 2.830ms
[8.254s][info][gc,phases,start] GC(5) Compaction Phase
[8.258s][info][gc,phases      ] GC(5) Compaction Phase 3.439ms
[8.258s][info][gc,phases,start] GC(5) Post Compact
[8.259s][info][gc,phases      ] GC(5) Post Compact 1.079ms
[8.259s][info][gc,heap        ] GC(5) PSYoungGen: 160K(1223168K)->0K(1223168K) Eden: 0K(1048576K)->0K(1048576K) From: 160K(174592K)->0K(174592K)
[8.259s][info][gc,heap        ] GC(5) ParOldGen: 7668K(2796544K)->7502K(2796544K)
[8.259s][info][gc,metaspace   ] GC(5) Metaspace: 14022K(14208K)->14022K(14208K) NonClass: 12453K(12544K)->12453K(12544K) Class: 1568K(1664K)->1568K(1664K)
[8.259s][info][gc             ] GC(5) Pause Full (System.gc()) 7M->7M(3925M) 11.335ms
[8.259s][info][gc,cpu         ] GC(5) User=0.00s Sys=0.02s Real=0.02s
[15.191s][info][gc,start       ] GC(6) Pause Young (System.gc())
[15.192s][info][gc,heap        ] GC(6) PSYoungGen: 86983K(1223168K)->1822K(1223168K) Eden: 86983K(1048576K)->0K(1048576K) From: 0K(174592K)->1822K(174592K)
[15.192s][info][gc,heap        ] GC(6) ParOldGen: 7502K(2796544K)->7510K(2796544K)
[15.192s][info][gc,metaspace   ] GC(6) Metaspace: 14112K(14336K)->14112K(14336K) NonClass: 12544K(12672K)->12544K(12672K) Class: 1568K(1664K)->1568K(1664K)
[15.192s][info][gc             ] GC(6) Pause Young (System.gc()) 92M->9M(3925M) 0.867ms
[15.192s][info][gc,cpu         ] GC(6) User=0.00s Sys=0.00s Real=0.00s
[15.192s][info][gc,start       ] GC(7) Pause Full (System.gc())
[15.192s][info][gc,phases,start] GC(7) Marking Phase
[15.196s][info][gc,phases      ] GC(7) Marking Phase 3.977ms
[15.196s][info][gc,phases,start] GC(7) Summary Phase
[15.196s][info][gc,phases      ] GC(7) Summary Phase 0.010ms
[15.196s][info][gc,phases,start] GC(7) Adjust Roots
[15.198s][info][gc,phases      ] GC(7) Adjust Roots 1.762ms
[15.198s][info][gc,phases,start] GC(7) Compaction Phase
[15.202s][info][gc,phases      ] GC(7) Compaction Phase 3.904ms
[15.202s][info][gc,phases,start] GC(7) Post Compact
[15.202s][info][gc,phases      ] GC(7) Post Compact 0.634ms
[15.202s][info][gc,heap        ] GC(7) PSYoungGen: 1822K(1223168K)->0K(1223168K) Eden: 0K(1048576K)->0K(1048576K) From: 1822K(174592K)->0K(174592K)
[15.202s][info][gc,heap        ] GC(7) ParOldGen: 7510K(2796544K)->7695K(2796544K)
[15.202s][info][gc,metaspace   ] GC(7) Metaspace: 14112K(14336K)->14112K(14336K) NonClass: 12544K(12672K)->12544K(12672K) Class: 1568K(1664K)->1568K(1664K)
[15.202s][info][gc             ] GC(7) Pause Full (System.gc()) 9M->7M(3925M) 10.566ms
[15.202s][info][gc,cpu         ] GC(7) User=0.00s Sys=0.00s Real=0.01s
[15.208s][info][gc,start       ] GC(8) Pause Young (System.gc())
[15.208s][info][gc,heap        ] GC(8) PSYoungGen: 34952K(1223168K)->96K(1223168K) Eden: 34952K(1048576K)->0K(1048576K) From: 0K(174592K)->96K(174592K)
[15.208s][info][gc,heap        ] GC(8) ParOldGen: 7695K(2796544K)->7695K(2796544K)
[15.208s][info][gc,metaspace   ] GC(8) Metaspace: 14114K(14336K)->14114K(14336K) NonClass: 12546K(12672K)->12546K(12672K) Class: 1568K(1664K)->1568K(1664K)
[15.208s][info][gc             ] GC(8) Pause Young (System.gc()) 41M->7M(3925M) 0.336ms
[15.208s][info][gc,cpu         ] GC(8) User=0.00s Sys=0.00s Real=0.01s
[15.208s][info][gc,start       ] GC(9) Pause Full (System.gc())
[15.208s][info][gc,phases,start] GC(9) Marking Phase
[15.212s][info][gc,phases      ] GC(9) Marking Phase 3.887ms
[15.212s][info][gc,phases,start] GC(9) Summary Phase
[15.212s][info][gc,phases      ] GC(9) Summary Phase 0.010ms
[15.212s][info][gc,phases,start] GC(9) Adjust Roots
[15.214s][info][gc,phases      ] GC(9) Adjust Roots 1.692ms
[15.214s][info][gc,phases,start] GC(9) Compaction Phase
[15.217s][info][gc,phases      ] GC(9) Compaction Phase 3.043ms
[15.217s][info][gc,phases,start] GC(9) Post Compact
[15.217s][info][gc,phases      ] GC(9) Post Compact 0.495ms
[15.217s][info][gc,heap        ] GC(9) PSYoungGen: 96K(1223168K)->0K(1223168K) Eden: 0K(1048576K)->0K(1048576K) From: 96K(174592K)->0K(174592K)
[15.217s][info][gc,heap        ] GC(9) ParOldGen: 7695K(2796544K)->7580K(2796544K)
[15.217s][info][gc,metaspace   ] GC(9) Metaspace: 14114K(14336K)->14114K(14336K) NonClass: 12546K(12672K)->12546K(12672K) Class: 1568K(1664K)->1568K(1664K)
[15.217s][info][gc             ] GC(9) Pause Full (System.gc()) 7M->7M(3925M) 9.387ms
[15.217s][info][gc,cpu         ] GC(9) User=0.00s Sys=0.00s Real=0.01s
[22.134s][info][gc,start       ] GC(10) Pause Young (System.gc())
[22.135s][info][gc,heap        ] GC(10) PSYoungGen: 104459K(1223168K)->1838K(1223168K) Eden: 104459K(1048576K)->0K(1048576K) From: 0K(174592K)->1838K(174592K)
[22.135s][info][gc,heap        ] GC(10) ParOldGen: 7580K(2796544K)->7588K(2796544K)
[22.135s][info][gc,metaspace   ] GC(10) Metaspace: 14173K(14336K)->14173K(14336K) NonClass: 12604K(12672K)->12604K(12672K) Class: 1568K(1664K)->1568K(1664K)
[22.135s][info][gc             ] GC(10) Pause Young (System.gc()) 109M->9M(3925M) 0.885ms
[22.135s][info][gc,cpu         ] GC(10) User=0.00s Sys=0.00s Real=0.00s
[22.135s][info][gc,start       ] GC(11) Pause Full (System.gc())
[22.135s][info][gc,phases,start] GC(11) Marking Phase
[22.139s][info][gc,phases      ] GC(11) Marking Phase 4.091ms
[22.139s][info][gc,phases,start] GC(11) Summary Phase
[22.139s][info][gc,phases      ] GC(11) Summary Phase 0.010ms
[22.139s][info][gc,phases,start] GC(11) Adjust Roots
[22.141s][info][gc,phases      ] GC(11) Adjust Roots 2.402ms
[22.141s][info][gc,phases,start] GC(11) Compaction Phase
[22.144s][info][gc,phases      ] GC(11) Compaction Phase 3.083ms
[22.144s][info][gc,phases,start] GC(11) Post Compact
[22.145s][info][gc,phases      ] GC(11) Post Compact 0.655ms
[22.145s][info][gc,heap        ] GC(11) PSYoungGen: 1838K(1223168K)->0K(1223168K) Eden: 0K(1048576K)->0K(1048576K) From: 1838K(174592K)->0K(174592K)
[22.145s][info][gc,heap        ] GC(11) ParOldGen: 7588K(2796544K)->7704K(2796544K)
[22.145s][info][gc,metaspace   ] GC(11) Metaspace: 14173K(14336K)->14173K(14336K) NonClass: 12604K(12672K)->12604K(12672K) Class: 1568K(1664K)->1568K(1664K)
[22.145s][info][gc             ] GC(11) Pause Full (System.gc()) 9M->7M(3925M) 10.495ms
[22.145s][info][gc,cpu         ] GC(11) User=0.02s Sys=0.00s Real=0.01s
[22.151s][info][gc,start       ] GC(12) Pause Young (System.gc())
[22.151s][info][gc,heap        ] GC(12) PSYoungGen: 34952K(1223168K)->64K(1223168K) Eden: 34952K(1048576K)->0K(1048576K) From: 0K(174592K)->64K(174592K)
[22.151s][info][gc,heap        ] GC(12) ParOldGen: 7704K(2796544K)->7704K(2796544K)
[22.151s][info][gc,metaspace   ] GC(12) Metaspace: 14174K(14336K)->14174K(14336K) NonClass: 12605K(12672K)->12605K(12672K) Class: 1568K(1664K)->1568K(1664K)
[22.151s][info][gc             ] GC(12) Pause Young (System.gc()) 41M->7M(3925M) 0.449ms
[22.151s][info][gc,cpu         ] GC(12) User=0.00s Sys=0.00s Real=0.00s
[22.151s][info][gc,start       ] GC(13) Pause Full (System.gc())
[22.151s][info][gc,phases,start] GC(13) Marking Phase
[22.155s][info][gc,phases      ] GC(13) Marking Phase 4.179ms
[22.155s][info][gc,phases,start] GC(13) Summary Phase
[22.155s][info][gc,phases      ] GC(13) Summary Phase 0.010ms
[22.155s][info][gc,phases,start] GC(13) Adjust Roots
[22.157s][info][gc,phases      ] GC(13) Adjust Roots 2.032ms
[22.157s][info][gc,phases,start] GC(13) Compaction Phase
[22.160s][info][gc,phases      ] GC(13) Compaction Phase 2.900ms
[22.160s][info][gc,phases,start] GC(13) Post Compact
[22.161s][info][gc,phases      ] GC(13) Post Compact 0.556ms
[22.161s][info][gc,heap        ] GC(13) PSYoungGen: 64K(1223168K)->0K(1223168K) Eden: 0K(1048576K)->0K(1048576K) From: 64K(174592K)->0K(174592K)
[22.161s][info][gc,heap        ] GC(13) ParOldGen: 7704K(2796544K)->7591K(2796544K)
[22.161s][info][gc,metaspace   ] GC(13) Metaspace: 14174K(14336K)->14174K(14336K) NonClass: 12605K(12672K)->12605K(12672K) Class: 1568K(1664K)->1568K(1664K)
[22.161s][info][gc             ] GC(13) Pause Full (System.gc()) 7M->7M(3925M) 9.939ms
[22.161s][info][gc,cpu         ] GC(13) User=0.00s Sys=0.00s Real=0.01s
[29.071s][info][gc,start       ] GC(14) Pause Young (System.gc())
[29.071s][info][gc,heap        ] GC(14) PSYoungGen: 65995K(1223168K)->1806K(1223168K) Eden: 65995K(1048576K)->0K(1048576K) From: 0K(174592K)->1806K(174592K)
[29.071s][info][gc,heap        ] GC(14) ParOldGen: 7591K(2796544K)->7591K(2796544K)
[29.071s][info][gc,metaspace   ] GC(14) Metaspace: 14236K(14464K)->14236K(14464K) NonClass: 12667K(12800K)->12667K(12800K) Class: 1568K(1664K)->1568K(1664K)
[29.071s][info][gc             ] GC(14) Pause Young (System.gc()) 71M->9M(3925M) 0.766ms
[29.071s][info][gc,cpu         ] GC(14) User=0.00s Sys=0.00s Real=0.00s
[29.071s][info][gc,start       ] GC(15) Pause Full (System.gc())
[29.071s][info][gc,phases,start] GC(15) Marking Phase
[29.076s][info][gc,phases      ] GC(15) Marking Phase 4.342ms
[29.076s][info][gc,phases,start] GC(15) Summary Phase
[29.076s][info][gc,phases      ] GC(15) Summary Phase 0.011ms
[29.076s][info][gc,phases,start] GC(15) Adjust Roots
[29.078s][info][gc,phases      ] GC(15) Adjust Roots 1.771ms
[29.078s][info][gc,phases,start] GC(15) Compaction Phase
[29.080s][info][gc,phases      ] GC(15) Compaction Phase 2.404ms
[29.080s][info][gc,phases,start] GC(15) Post Compact
[29.081s][info][gc,phases      ] GC(15) Post Compact 0.550ms
[29.081s][info][gc,heap        ] GC(15) PSYoungGen: 1806K(1223168K)->0K(1223168K) Eden: 0K(1048576K)->0K(1048576K) From: 1806K(174592K)->0K(174592K)
[29.081s][info][gc,heap        ] GC(15) ParOldGen: 7591K(2796544K)->7708K(2796544K)
[29.081s][info][gc,metaspace   ] GC(15) Metaspace: 14236K(14464K)->14236K(14464K) NonClass: 12667K(12800K)->12667K(12800K) Class: 1568K(1664K)->1568K(1664K)
[29.081s][info][gc             ] GC(15) Pause Full (System.gc()) 9M->7M(3925M) 9.364ms
[29.081s][info][gc,cpu         ] GC(15) User=0.05s Sys=0.00s Real=0.01s
[29.087s][info][gc,start       ] GC(16) Pause Young (System.gc())
[29.087s][info][gc,heap        ] GC(16) PSYoungGen: 34952K(1223168K)->64K(1223168K) Eden: 34952K(1048576K)->0K(1048576K) From: 0K(174592K)->64K(174592K)
[29.087s][info][gc,heap        ] GC(16) ParOldGen: 7708K(2796544K)->7708K(2796544K)
[29.087s][info][gc,metaspace   ] GC(16) Metaspace: 14237K(14464K)->14237K(14464K) NonClass: 12668K(12800K)->12668K(12800K) Class: 1568K(1664K)->1568K(1664K)
[29.087s][info][gc             ] GC(16) Pause Young (System.gc()) 41M->7M(3925M) 0.352ms
[29.087s][info][gc,cpu         ] GC(16) User=0.00s Sys=0.00s Real=0.00s
[29.087s][info][gc,start       ] GC(17) Pause Full (System.gc())
[29.087s][info][gc,phases,start] GC(17) Marking Phase
[29.091s][info][gc,phases      ] GC(17) Marking Phase 4.240ms
[29.093s][info][gc,phases,start] GC(17) Summary Phase
[29.093s][info][gc,phases      ] GC(17) Summary Phase 0.038ms
[29.093s][info][gc,phases,start] GC(17) Adjust Roots
[29.096s][info][gc,phases      ] GC(17) Adjust Roots 2.336ms
[29.096s][info][gc,phases,start] GC(17) Compaction Phase
[29.099s][info][gc,phases      ] GC(17) Compaction Phase 2.744ms
[29.099s][info][gc,phases,start] GC(17) Post Compact
[29.099s][info][gc,phases      ] GC(17) Post Compact 0.615ms
[29.099s][info][gc,heap        ] GC(17) PSYoungGen: 64K(1223168K)->0K(1223168K) Eden: 0K(1048576K)->0K(1048576K) From: 64K(174592K)->0K(174592K)
[29.099s][info][gc,heap        ] GC(17) ParOldGen: 7708K(2796544K)->7593K(2796544K)
[29.099s][info][gc,metaspace   ] GC(17) Metaspace: 14237K(14464K)->14237K(14464K) NonClass: 12668K(12800K)->12668K(12800K) Class: 1568K(1664K)->1568K(1664K)
[29.099s][info][gc             ] GC(17) Pause Full (System.gc()) 7M->7M(3925M) 12.426ms
[29.099s][info][gc,cpu         ] GC(17) User=0.00s Sys=0.02s Real=0.01s
[36.004s][info][gc,start       ] GC(18) Pause Young (System.gc())
[36.004s][info][gc,heap        ] GC(18) PSYoungGen: 86967K(1223168K)->1774K(1223168K) Eden: 86967K(1048576K)->0K(1048576K) From: 0K(174592K)->1774K(174592K)
[36.004s][info][gc,heap        ] GC(18) ParOldGen: 7593K(2796544K)->7601K(2796544K)
[36.004s][info][gc,metaspace   ] GC(18) Metaspace: 14267K(14464K)->14267K(14464K) NonClass: 12698K(12800K)->12698K(12800K) Class: 1568K(1664K)->1568K(1664K)
[36.004s][info][gc             ] GC(18) Pause Young (System.gc()) 92M->9M(3925M) 0.758ms
[36.004s][info][gc,cpu         ] GC(18) User=0.00s Sys=0.00s Real=0.00s
[36.004s][info][gc,start       ] GC(19) Pause Full (System.gc())
[36.004s][info][gc,phases,start] GC(19) Marking Phase
[36.009s][info][gc,phases      ] GC(19) Marking Phase 4.251ms
[36.009s][info][gc,phases,start] GC(19) Summary Phase
[36.009s][info][gc,phases      ] GC(19) Summary Phase 0.009ms
[36.009s][info][gc,phases,start] GC(19) Adjust Roots
[36.011s][info][gc,phases      ] GC(19) Adjust Roots 1.843ms
[36.011s][info][gc,phases,start] GC(19) Compaction Phase
[36.013s][info][gc,phases      ] GC(19) Compaction Phase 2.264ms
[36.013s][info][gc,phases,start] GC(19) Post Compact
[36.014s][info][gc,phases      ] GC(19) Post Compact 0.526ms
[36.014s][info][gc,heap        ] GC(19) PSYoungGen: 1774K(1223168K)->0K(1223168K) Eden: 0K(1048576K)->0K(1048576K) From: 1774K(174592K)->0K(174592K)
[36.014s][info][gc,heap        ] GC(19) ParOldGen: 7601K(2796544K)->7709K(2796544K)
[36.014s][info][gc,metaspace   ] GC(19) Metaspace: 14267K(14464K)->14267K(14464K) NonClass: 12698K(12800K)->12698K(12800K) Class: 1568K(1664K)->1568K(1664K)
[36.014s][info][gc             ] GC(19) Pause Full (System.gc()) 9M->7M(3925M) 9.126ms
[36.014s][info][gc,cpu         ] GC(19) User=0.00s Sys=0.00s Real=0.00s
[36.019s][info][gc,start       ] GC(20) Pause Young (System.gc())
[36.019s][info][gc,heap        ] GC(20) PSYoungGen: 34952K(1223168K)->64K(1223168K) Eden: 34952K(1048576K)->0K(1048576K) From: 0K(174592K)->64K(174592K)
[36.019s][info][gc,heap        ] GC(20) ParOldGen: 7709K(2796544K)->7709K(2796544K)
[36.019s][info][gc,metaspace   ] GC(20) Metaspace: 14273K(14464K)->14273K(14464K) NonClass: 12705K(12800K)->12705K(12800K) Class: 1568K(1664K)->1568K(1664K)
[36.019s][info][gc             ] GC(20) Pause Young (System.gc()) 41M->7M(3925M) 0.390ms
[36.019s][info][gc,cpu         ] GC(20) User=0.00s Sys=0.00s Real=0.00s
[36.019s][info][gc,start       ] GC(21) Pause Full (System.gc())
[36.019s][info][gc,phases,start] GC(21) Marking Phase
[36.024s][info][gc,phases      ] GC(21) Marking Phase 4.941ms
[36.024s][info][gc,phases,start] GC(21) Summary Phase
[36.024s][info][gc,phases      ] GC(21) Summary Phase 0.010ms
[36.024s][info][gc,phases,start] GC(21) Adjust Roots
[36.026s][info][gc,phases      ] GC(21) Adjust Roots 2.233ms
[36.026s][info][gc,phases,start] GC(21) Compaction Phase
[36.030s][info][gc,phases      ] GC(21) Compaction Phase 3.260ms
[36.030s][info][gc,phases,start] GC(21) Post Compact
[36.030s][info][gc,phases      ] GC(21) Post Compact 0.569ms
[36.030s][info][gc,heap        ] GC(21) PSYoungGen: 64K(1223168K)->0K(1223168K) Eden: 0K(1048576K)->0K(1048576K) From: 64K(174592K)->0K(174592K)
[36.030s][info][gc,heap        ] GC(21) ParOldGen: 7709K(2796544K)->7595K(2796544K)
[36.030s][info][gc,metaspace   ] GC(21) Metaspace: 14273K(14464K)->14273K(14464K) NonClass: 12705K(12800K)->12705K(12800K) Class: 1568K(1664K)->1568K(1664K)
[36.030s][info][gc             ] GC(21) Pause Full (System.gc()) 7M->7M(3925M) 11.292ms
[36.030s][info][gc,cpu         ] GC(21) User=0.00s Sys=0.00s Real=0.01s
[42.935s][info][gc,start       ] GC(22) Pause Young (System.gc())
[42.936s][info][gc,heap        ] GC(22) PSYoungGen: 86972K(1223168K)->1789K(1223168K) Eden: 86972K(1048576K)->0K(1048576K) From: 0K(174592K)->1789K(174592K)
[42.936s][info][gc,heap        ] GC(22) ParOldGen: 7595K(2796544K)->7603K(2796544K)
[42.936s][info][gc,metaspace   ] GC(22) Metaspace: 14311K(14528K)->14311K(14528K) NonClass: 12743K(12864K)->12743K(12864K) Class: 1568K(1664K)->1568K(1664K)
[42.936s][info][gc             ] GC(22) Pause Young (System.gc()) 92M->9M(3925M) 0.810ms
[42.936s][info][gc,cpu         ] GC(22) User=0.00s Sys=0.00s Real=0.00s
[42.936s][info][gc,start       ] GC(23) Pause Full (System.gc())
[42.936s][info][gc,phases,start] GC(23) Marking Phase
[42.940s][info][gc,phases      ] GC(23) Marking Phase 4.324ms
[42.940s][info][gc,phases,start] GC(23) Summary Phase
[42.940s][info][gc,phases      ] GC(23) Summary Phase 0.010ms
[42.940s][info][gc,phases,start] GC(23) Adjust Roots
[42.943s][info][gc,phases      ] GC(23) Adjust Roots 2.874ms
[42.943s][info][gc,phases,start] GC(23) Compaction Phase
[42.946s][info][gc,phases      ] GC(23) Compaction Phase 2.800ms
[42.946s][info][gc,phases,start] GC(23) Post Compact
[42.946s][info][gc,phases      ] GC(23) Post Compact 0.636ms
[42.947s][info][gc,heap        ] GC(23) PSYoungGen: 1789K(1223168K)->0K(1223168K) Eden: 0K(1048576K)->0K(1048576K) From: 1789K(174592K)->0K(174592K)
[42.947s][info][gc,heap        ] GC(23) ParOldGen: 7603K(2796544K)->7713K(2796544K)
[42.947s][info][gc,metaspace   ] GC(23) Metaspace: 14311K(14528K)->14311K(14528K) NonClass: 12743K(12864K)->12743K(12864K) Class: 1568K(1664K)->1568K(1664K)
[42.947s][info][gc             ] GC(23) Pause Full (System.gc()) 9M->7M(3925M) 10.924ms
[42.947s][info][gc,cpu         ] GC(23) User=0.02s Sys=0.00s Real=0.00s
[42.953s][info][gc,start       ] GC(24) Pause Young (System.gc())
[42.953s][info][gc,heap        ] GC(24) PSYoungGen: 34952K(1223168K)->160K(1223168K) Eden: 34952K(1048576K)->0K(1048576K) From: 0K(174592K)->160K(174592K)
[42.953s][info][gc,heap        ] GC(24) ParOldGen: 7713K(2796544K)->7713K(2796544K)
[42.953s][info][gc,metaspace   ] GC(24) Metaspace: 14313K(14528K)->14313K(14528K) NonClass: 12745K(12864K)->12745K(12864K) Class: 1568K(1664K)->1568K(1664K)
[42.953s][info][gc             ] GC(24) Pause Young (System.gc()) 41M->7M(3925M) 0.358ms
[42.953s][info][gc,cpu         ] GC(24) User=0.00s Sys=0.00s Real=0.00s
[42.953s][info][gc,start       ] GC(25) Pause Full (System.gc())
[42.953s][info][gc,phases,start] GC(25) Marking Phase
[42.958s][info][gc,phases      ] GC(25) Marking Phase 4.523ms
[42.958s][info][gc,phases,start] GC(25) Summary Phase
[42.958s][info][gc,phases      ] GC(25) Summary Phase 0.010ms
[42.958s][info][gc,phases,start] GC(25) Adjust Roots
[42.960s][info][gc,phases      ] GC(25) Adjust Roots 1.917ms
[42.960s][info][gc,phases,start] GC(25) Compaction Phase
[42.963s][info][gc,phases      ] GC(25) Compaction Phase 3.257ms
[42.963s][info][gc,phases,start] GC(25) Post Compact
[42.964s][info][gc,phases      ] GC(25) Post Compact 0.562ms
[42.964s][info][gc,heap        ] GC(25) PSYoungGen: 160K(1223168K)->0K(1223168K) Eden: 0K(1048576K)->0K(1048576K) From: 160K(174592K)->0K(174592K)
[42.964s][info][gc,heap        ] GC(25) ParOldGen: 7713K(2796544K)->7594K(2796544K)
[42.964s][info][gc,metaspace   ] GC(25) Metaspace: 14313K(14528K)->14313K(14528K) NonClass: 12745K(12864K)->12745K(12864K) Class: 1568K(1664K)->1568K(1664K)
[42.964s][info][gc             ] GC(25) Pause Full (System.gc()) 7M->7M(3925M) 10.639ms
[42.964s][info][gc,cpu         ] GC(25) User=0.06s Sys=0.02s Real=0.00s
[49.879s][info][gc,start       ] GC(26) Pause Young (System.gc())
[49.880s][info][gc,heap        ] GC(26) PSYoungGen: 86972K(1223168K)->1758K(1223168K) Eden: 86972K(1048576K)->0K(1048576K) From: 0K(174592K)->1758K(174592K)
[49.880s][info][gc,heap        ] GC(26) ParOldGen: 7594K(2796544K)->7602K(2796544K)
[49.880s][info][gc,metaspace   ] GC(26) Metaspace: 14339K(14528K)->14339K(14528K) NonClass: 12770K(12864K)->12770K(12864K) Class: 1568K(1664K)->1568K(1664K)
[49.880s][info][gc             ] GC(26) Pause Young (System.gc()) 92M->9M(3925M) 0.916ms
[49.880s][info][gc,cpu         ] GC(26) User=0.00s Sys=0.00s Real=0.00s
[49.880s][info][gc,start       ] GC(27) Pause Full (System.gc())
[49.880s][info][gc,phases,start] GC(27) Marking Phase
[49.884s][info][gc,phases      ] GC(27) Marking Phase 4.469ms
[49.884s][info][gc,phases,start] GC(27) Summary Phase
[49.884s][info][gc,phases      ] GC(27) Summary Phase 0.010ms
[49.884s][info][gc,phases,start] GC(27) Adjust Roots
[49.886s][info][gc,phases      ] GC(27) Adjust Roots 1.948ms
[49.886s][info][gc,phases,start] GC(27) Compaction Phase
[49.889s][info][gc,phases      ] GC(27) Compaction Phase 2.480ms
[49.889s][info][gc,phases,start] GC(27) Post Compact
[49.889s][info][gc,phases      ] GC(27) Post Compact 0.515ms
[49.889s][info][gc,heap        ] GC(27) PSYoungGen: 1758K(1223168K)->0K(1223168K) Eden: 0K(1048576K)->0K(1048576K) From: 1758K(174592K)->0K(174592K)
[49.889s][info][gc,heap        ] GC(27) ParOldGen: 7602K(2796544K)->7716K(2796544K)
[49.889s][info][gc,metaspace   ] GC(27) Metaspace: 14339K(14528K)->14339K(14528K) NonClass: 12770K(12864K)->12770K(12864K) Class: 1568K(1664K)->1568K(1664K)
[49.889s][info][gc             ] GC(27) Pause Full (System.gc()) 9M->7M(3925M) 9.744ms
[49.889s][info][gc,cpu         ] GC(27) User=0.00s Sys=0.00s Real=0.00s
[49.894s][info][gc,start       ] GC(28) Pause Young (System.gc())
[49.895s][info][gc,heap        ] GC(28) PSYoungGen: 34952K(1223168K)->96K(1223168K) Eden: 34952K(1048576K)->0K(1048576K) From: 0K(174592K)->96K(174592K)
[49.895s][info][gc,heap        ] GC(28) ParOldGen: 7716K(2796544K)->7716K(2796544K)
[49.895s][info][gc,metaspace   ] GC(28) Metaspace: 14339K(14528K)->14339K(14528K) NonClass: 12770K(12864K)->12770K(12864K) Class: 1568K(1664K)->1568K(1664K)
[49.895s][info][gc             ] GC(28) Pause Young (System.gc()) 41M->7M(3925M) 0.391ms
[49.895s][info][gc,cpu         ] GC(28) User=0.00s Sys=0.00s Real=0.00s
[49.895s][info][gc,start       ] GC(29) Pause Full (System.gc())
[49.895s][info][gc,phases,start] GC(29) Marking Phase
[49.899s][info][gc,phases      ] GC(29) Marking Phase 4.416ms
[49.899s][info][gc,phases,start] GC(29) Summary Phase
[49.899s][info][gc,phases      ] GC(29) Summary Phase 0.011ms
[49.899s][info][gc,phases,start] GC(29) Adjust Roots
[49.901s][info][gc,phases      ] GC(29) Adjust Roots 1.885ms
[49.901s][info][gc,phases,start] GC(29) Compaction Phase
[49.904s][info][gc,phases      ] GC(29) Compaction Phase 2.294ms
[49.904s][info][gc,phases,start] GC(29) Post Compact
[49.904s][info][gc,phases      ] GC(29) Post Compact 0.503ms
[49.904s][info][gc,heap        ] GC(29) PSYoungGen: 96K(1223168K)->0K(1223168K) Eden: 0K(1048576K)->0K(1048576K) From: 96K(174592K)->0K(174592K)
[49.904s][info][gc,heap        ] GC(29) ParOldGen: 7716K(2796544K)->7606K(2796544K)
[49.904s][info][gc,metaspace   ] GC(29) Metaspace: 14339K(14528K)->14339K(14528K) NonClass: 12770K(12864K)->12770K(12864K) Class: 1568K(1664K)->1568K(1664K)
[49.904s][info][gc             ] GC(29) Pause Full (System.gc()) 7M->7M(3925M) 9.386ms
[49.904s][info][gc,cpu         ] GC(29) User=0.00s Sys=0.00s Real=0.00s
[56.807s][info][gc,start       ] GC(30) Pause Young (System.gc())
[56.808s][info][gc,heap        ] GC(30) PSYoungGen: 86972K(1223168K)->1838K(1223168K) Eden: 86972K(1048576K)->0K(1048576K) From: 0K(174592K)->1838K(174592K)
[56.808s][info][gc,heap        ] GC(30) ParOldGen: 7606K(2796544K)->7614K(2796544K)
[56.808s][info][gc,metaspace   ] GC(30) Metaspace: 14355K(14528K)->14355K(14528K) NonClass: 12786K(12864K)->12786K(12864K) Class: 1568K(1664K)->1568K(1664K)
[56.808s][info][gc             ] GC(30) Pause Young (System.gc()) 92M->9M(3925M) 0.862ms
[56.808s][info][gc,cpu         ] GC(30) User=0.00s Sys=0.00s Real=0.00s
[56.808s][info][gc,start       ] GC(31) Pause Full (System.gc())
[56.808s][info][gc,phases,start] GC(31) Marking Phase
[56.813s][info][gc,phases      ] GC(31) Marking Phase 4.520ms
[56.813s][info][gc,phases,start] GC(31) Summary Phase
[56.813s][info][gc,phases      ] GC(31) Summary Phase 0.009ms
[56.813s][info][gc,phases,start] GC(31) Adjust Roots
[56.815s][info][gc,phases      ] GC(31) Adjust Roots 2.058ms
[56.815s][info][gc,phases,start] GC(31) Compaction Phase
[56.818s][info][gc,phases      ] GC(31) Compaction Phase 2.956ms
[56.818s][info][gc,phases,start] GC(31) Post Compact
[56.818s][info][gc,phases      ] GC(31) Post Compact 0.533ms
[56.818s][info][gc,heap        ] GC(31) PSYoungGen: 1838K(1223168K)->0K(1223168K) Eden: 0K(1048576K)->0K(1048576K) From: 1838K(174592K)->0K(174592K)
[56.818s][info][gc,heap        ] GC(31) ParOldGen: 7614K(2796544K)->7720K(2796544K)
[56.818s][info][gc,metaspace   ] GC(31) Metaspace: 14355K(14528K)->14355K(14528K) NonClass: 12786K(12864K)->12786K(12864K) Class: 1568K(1664K)->1568K(1664K)
[56.818s][info][gc             ] GC(31) Pause Full (System.gc()) 9M->7M(3925M) 10.342ms
[56.818s][info][gc,cpu         ] GC(31) User=0.02s Sys=0.00s Real=0.01s
[56.825s][info][gc,start       ] GC(32) Pause Young (System.gc())
[56.825s][info][gc,heap        ] GC(32) PSYoungGen: 34952K(1223168K)->128K(1223168K) Eden: 34952K(1048576K)->0K(1048576K) From: 0K(174592K)->128K(174592K)
[56.825s][info][gc,heap        ] GC(32) ParOldGen: 7720K(2796544K)->7720K(2796544K)
[56.825s][info][gc,metaspace   ] GC(32) Metaspace: 14361K(14592K)->14361K(14592K) NonClass: 12792K(12928K)->12792K(12928K) Class: 1569K(1664K)->1569K(1664K)
[56.825s][info][gc             ] GC(32) Pause Young (System.gc()) 41M->7M(3925M) 0.449ms
[56.825s][info][gc,cpu         ] GC(32) User=0.00s Sys=0.00s Real=0.00s
[56.825s][info][gc,start       ] GC(33) Pause Full (System.gc())
[56.825s][info][gc,phases,start] GC(33) Marking Phase
[56.830s][info][gc,phases      ] GC(33) Marking Phase 4.321ms
[56.830s][info][gc,phases,start] GC(33) Summary Phase
[56.830s][info][gc,phases      ] GC(33) Summary Phase 0.010ms
[56.830s][info][gc,phases,start] GC(33) Adjust Roots
[56.832s][info][gc,phases      ] GC(33) Adjust Roots 2.027ms
[56.832s][info][gc,phases,start] GC(33) Compaction Phase
[56.835s][info][gc,phases      ] GC(33) Compaction Phase 3.395ms
[56.835s][info][gc,phases,start] GC(33) Post Compact
[56.836s][info][gc,phases      ] GC(33) Post Compact 0.835ms
[56.836s][info][gc,heap        ] GC(33) PSYoungGen: 128K(1223168K)->0K(1223168K) Eden: 0K(1048576K)->0K(1048576K) From: 128K(174592K)->0K(174592K)
[56.836s][info][gc,heap        ] GC(33) ParOldGen: 7720K(2796544K)->7610K(2796544K)
[56.836s][info][gc,metaspace   ] GC(33) Metaspace: 14361K(14592K)->14361K(14592K) NonClass: 12792K(12928K)->12792K(12928K) Class: 1569K(1664K)->1569K(1664K)
[56.836s][info][gc             ] GC(33) Pause Full (System.gc()) 7M->7M(3925M) 10.933ms
[56.836s][info][gc,cpu         ] GC(33) User=0.02s Sys=0.00s Real=0.02s
[63.735s][info][gc,start       ] GC(34) Pause Young (System.gc())
[63.736s][info][gc,heap        ] GC(34) PSYoungGen: 86972K(1223168K)->1772K(1223168K) Eden: 86972K(1048576K)->0K(1048576K) From: 0K(174592K)->1772K(174592K)
[63.736s][info][gc,heap        ] GC(34) ParOldGen: 7610K(2796544K)->7618K(2796544K)
[63.736s][info][gc,metaspace   ] GC(34) Metaspace: 14407K(14656K)->14407K(14656K) NonClass: 12838K(12992K)->12838K(12992K) Class: 1569K(1664K)->1569K(1664K)
[63.736s][info][gc             ] GC(34) Pause Young (System.gc()) 92M->9M(3925M) 0.870ms
[63.736s][info][gc,cpu         ] GC(34) User=0.02s Sys=0.00s Real=0.00s
[63.736s][info][gc,start       ] GC(35) Pause Full (System.gc())
[63.736s][info][gc,phases,start] GC(35) Marking Phase
[63.741s][info][gc,phases      ] GC(35) Marking Phase 4.514ms
[63.741s][info][gc,phases,start] GC(35) Summary Phase
[63.741s][info][gc,phases      ] GC(35) Summary Phase 0.010ms
[63.741s][info][gc,phases,start] GC(35) Adjust Roots
[63.743s][info][gc,phases      ] GC(35) Adjust Roots 2.079ms
[63.743s][info][gc,phases,start] GC(35) Compaction Phase
[63.746s][info][gc,phases      ] GC(35) Compaction Phase 3.287ms
[63.747s][info][gc,phases,start] GC(35) Post Compact
[63.747s][info][gc,phases      ] GC(35) Post Compact 0.573ms
[63.747s][info][gc,heap        ] GC(35) PSYoungGen: 1772K(1223168K)->0K(1223168K) Eden: 0K(1048576K)->0K(1048576K) From: 1772K(174592K)->0K(174592K)
[63.747s][info][gc,heap        ] GC(35) ParOldGen: 7618K(2796544K)->7724K(2796544K)
[63.747s][info][gc,metaspace   ] GC(35) Metaspace: 14407K(14656K)->14407K(14656K) NonClass: 12838K(12992K)->12838K(12992K) Class: 1569K(1664K)->1569K(1664K)
[63.747s][info][gc             ] GC(35) Pause Full (System.gc()) 9M->7M(3925M) 10.808ms
[63.747s][info][gc,cpu         ] GC(35) User=0.00s Sys=0.00s Real=0.01s
[63.752s][info][gc,start       ] GC(36) Pause Young (System.gc())
[63.752s][info][gc,heap        ] GC(36) PSYoungGen: 34952K(1223168K)->96K(1223168K) Eden: 34952K(1048576K)->0K(1048576K) From: 0K(174592K)->96K(174592K)
[63.752s][info][gc,heap        ] GC(36) ParOldGen: 7724K(2796544K)->7724K(2796544K)
[63.752s][info][gc,metaspace   ] GC(36) Metaspace: 14407K(14656K)->14407K(14656K) NonClass: 12838K(12992K)->12838K(12992K) Class: 1569K(1664K)->1569K(1664K)
[63.752s][info][gc             ] GC(36) Pause Young (System.gc()) 41M->7M(3925M) 0.427ms
[63.752s][info][gc,cpu         ] GC(36) User=0.00s Sys=0.00s Real=0.00s
[63.752s][info][gc,start       ] GC(37) Pause Full (System.gc())
[63.752s][info][gc,phases,start] GC(37) Marking Phase
[63.757s][info][gc,phases      ] GC(37) Marking Phase 4.921ms
[63.757s][info][gc,phases,start] GC(37) Summary Phase
[63.757s][info][gc,phases      ] GC(37) Summary Phase 0.010ms
[63.757s][info][gc,phases,start] GC(37) Adjust Roots
[63.759s][info][gc,phases      ] GC(37) Adjust Roots 2.062ms
[63.759s][info][gc,phases,start] GC(37) Compaction Phase
[63.762s][info][gc,phases      ] GC(37) Compaction Phase 2.257ms
[63.762s][info][gc,phases,start] GC(37) Post Compact
[63.762s][info][gc,phases      ] GC(37) Post Compact 0.480ms
[63.762s][info][gc,heap        ] GC(37) PSYoungGen: 96K(1223168K)->0K(1223168K) Eden: 0K(1048576K)->0K(1048576K) From: 96K(174592K)->0K(174592K)
[63.762s][info][gc,heap        ] GC(37) ParOldGen: 7724K(2796544K)->7615K(2796544K)
[63.762s][info][gc,metaspace   ] GC(37) Metaspace: 14407K(14656K)->14407K(14656K) NonClass: 12838K(12992K)->12838K(12992K) Class: 1569K(1664K)->1569K(1664K)
[63.762s][info][gc             ] GC(37) Pause Full (System.gc()) 7M->7M(3925M) 10.010ms
[63.762s][info][gc,cpu         ] GC(37) User=0.00s Sys=0.00s Real=0.00s
[70.674s][info][gc,start       ] GC(38) Pause Young (System.gc())
[70.674s][info][gc,heap        ] GC(38) PSYoungGen: 86972K(1223168K)->1822K(1223168K) Eden: 86972K(1048576K)->0K(1048576K) From: 0K(174592K)->1822K(174592K)
[70.674s][info][gc,heap        ] GC(38) ParOldGen: 7615K(2796544K)->7623K(2796544K)
[70.675s][info][gc,metaspace   ] GC(38) Metaspace: 14436K(14656K)->14436K(14656K) NonClass: 12867K(12992K)->12867K(12992K) Class: 1569K(1664K)->1569K(1664K)
[70.675s][info][gc             ] GC(38) Pause Young (System.gc()) 92M->9M(3925M) 0.756ms
[70.675s][info][gc,cpu         ] GC(38) User=0.00s Sys=0.00s Real=0.00s
[70.675s][info][gc,start       ] GC(39) Pause Full (System.gc())
[70.675s][info][gc,phases,start] GC(39) Marking Phase
[70.679s][info][gc,phases      ] GC(39) Marking Phase 4.836ms
[70.679s][info][gc,phases,start] GC(39) Summary Phase
[70.679s][info][gc,phases      ] GC(39) Summary Phase 0.009ms
[70.679s][info][gc,phases,start] GC(39) Adjust Roots
[70.682s][info][gc,phases      ] GC(39) Adjust Roots 2.616ms
[70.682s][info][gc,phases,start] GC(39) Compaction Phase
[70.685s][info][gc,phases      ] GC(39) Compaction Phase 2.452ms
[70.685s][info][gc,phases,start] GC(39) Post Compact
[70.685s][info][gc,phases      ] GC(39) Post Compact 0.499ms
[70.685s][info][gc,heap        ] GC(39) PSYoungGen: 1822K(1223168K)->0K(1223168K) Eden: 0K(1048576K)->0K(1048576K) From: 1822K(174592K)->0K(174592K)
[70.685s][info][gc,heap        ] GC(39) ParOldGen: 7623K(2796544K)->7725K(2796544K)
[70.685s][info][gc,metaspace   ] GC(39) Metaspace: 14436K(14656K)->14436K(14656K) NonClass: 12867K(12992K)->12867K(12992K) Class: 1569K(1664K)->1569K(1664K)
[70.685s][info][gc             ] GC(39) Pause Full (System.gc()) 9M->7M(3925M) 10.705ms
[70.685s][info][gc,cpu         ] GC(39) User=0.00s Sys=0.00s Real=0.01s
[70.798s][info][gc,heap,exit   ] Heap
[70.798s][info][gc,heap,exit   ]  PSYoungGen      total 1223168K, used 59419K [0x00000007aab00000, 0x0000000800000000, 0x0000000800000000)
[70.798s][info][gc,heap,exit   ]   eden space 1048576K, 5% used [0x00000007aab00000,0x00000007ae506db0,0x00000007eab00000)
[70.798s][info][gc,heap,exit   ]   from space 174592K, 0% used [0x00000007f5580000,0x00000007f5580000,0x0000000800000000)
[70.798s][info][gc,heap,exit   ]   to   space 174592K, 0% used [0x00000007eab00000,0x00000007eab00000,0x00000007f5580000)
[70.799s][info][gc,heap,exit   ]  ParOldGen       total 2796544K, used 7725K [0x0000000700000000, 0x00000007aab00000, 0x00000007aab00000)
[70.799s][info][gc,heap,exit   ]   object space 2796544K, 0% used [0x0000000700000000,0x000000070078b7c0,0x00000007aab00000)
[70.799s][info][gc,heap,exit   ]  Metaspace       used 14443K, committed 14656K, reserved 1114112K
[70.799s][info][gc,heap,exit   ]   class space    used 1569K, committed 1664K, reserved 1048576K
