OpenJDK 64-Bit Server VM (25.422-b05) for windows-amd64 JRE (1.8.0_422-422-b05), built on Jul 18 2024 05:34:18 by "Administrator" with MS VC++ 16.10 / 16.11 (VS2019)
Memory: 4k page, physical 15965620k(10910224k free), swap 19635636k(12463060k free)
CommandLine flags: -XX:InitialHeapSize=4294967296 -XX:MaxHeapSize=4294967296 -XX:+PrintGC -XX:+PrintGCApplicationConcurrentTime -XX:+PrintGCApplicationStoppedTime -XX:+PrintGCDateStamps -XX:+PrintGCDetails -XX:+PrintGCTimeStamps -XX:+UnlockExperimentalVMOptions -XX:+UseCompressedClassPointers -XX:+UseCompressedOops -XX:-UseLargePagesIndividualAllocation -XX:+UseParallelGC -XX:+UseParallelOldGC 
2024-10-05T18:52:54.938+0300: 0.247: Application time: 0.1964354 seconds
2024-10-05T18:52:54.938+0300: 0.247: [GC (System.gc()) [PSYoungGen: 83886K->3861K(1223168K)] 83886K->3869K(4019712K), 0.0031335 secs] [Times: user=0.02 sys=0.00, real=0.02 secs] 
2024-10-05T18:52:54.953+0300: 0.250: [Full GC (System.gc()) [PSYoungGen: 3861K->0K(1223168K)] [ParOldGen: 8K->3705K(2796544K)] 3869K->3705K(4019712K), [Metaspace: 7074K->7074K(1056768K)], 0.0091797 secs] [Times: user=0.03 sys=0.00, real=0.00 secs] 
2024-10-05T18:52:54.953+0300: 0.260: Total time for which application threads were stopped: 0.0126285 seconds, Stopping threads took: 0.0000289 seconds
2024-10-05T18:52:54.953+0300: 0.260: Application time: 0.0001158 seconds
2024-10-05T18:52:54.953+0300: 0.260: [GC (System.gc()) [PSYoungGen: 0K->0K(1223168K)] 3705K->3705K(4019712K), 0.0005197 secs] [Times: user=0.00 sys=0.00, real=0.00 secs] 
2024-10-05T18:52:54.953+0300: 0.260: [Full GC (System.gc()) [PSYoungGen: 0K->0K(1223168K)] [ParOldGen: 3705K->3705K(2796544K)] 3705K->3705K(4019712K), [Metaspace: 7074K->7074K(1056768K)], 0.0054670 secs] [Times: user=0.00 sys=0.00, real=0.02 secs] 
2024-10-05T18:52:54.969+0300: 0.266: Total time for which application threads were stopped: 0.0061955 seconds, Stopping threads took: 0.0000447 seconds
2024-10-05T18:52:55.972+0300: 1.267: Application time: 1.0009777 seconds
2024-10-05T18:52:55.972+0300: 1.267: Total time for which application threads were stopped: 0.0005009 seconds, Stopping threads took: 0.0002610 seconds
2024-10-05T18:52:57.981+0300: 3.275: Application time: 2.0075892 seconds
2024-10-05T18:52:57.981+0300: 3.275: Total time for which application threads were stopped: 0.0003576 seconds, Stopping threads took: 0.0002844 seconds
2024-10-05T18:52:58.656+0300: 3.957: Application time: 0.6812882 seconds
2024-10-05T18:52:58.671+0300: 3.966: [GC (Allocation Failure) [PSYoungGen: 1048220K->4960K(1223168K)] 1051925K->8673K(4019712K), 0.0013498 secs] [Times: user=0.00 sys=0.00, real=0.00 secs] 
2024-10-05T18:52:58.671+0300: 3.968: Total time for which application threads were stopped: 0.0109432 seconds, Stopping threads took: 0.0093907 seconds
2024-10-05T18:52:58.812+0300: 4.107: Application time: 0.1393963 seconds
2024-10-05T18:52:58.812+0300: 4.108: Total time for which application threads were stopped: 0.0007225 seconds, Stopping threads took: 0.0006359 seconds
2024-10-05T18:53:00.823+0300: 6.118: Application time: 2.0098416 seconds
2024-10-05T18:53:00.823+0300: 6.118: Total time for which application threads were stopped: 0.0003718 seconds, Stopping threads took: 0.0002664 seconds
2024-10-05T18:53:02.078+0300: 7.373: Application time: 1.2551807 seconds
2024-10-05T18:53:02.078+0300: 7.373: [GC (Allocation Failure) [PSYoungGen: 1053415K->4432K(1223168K)] 1057128K->8153K(4019712K), 0.0015525 secs] [Times: user=0.00 sys=0.00, real=0.00 secs] 
2024-10-05T18:53:02.078+0300: 7.375: Total time for which application threads were stopped: 0.0019177 seconds, Stopping threads took: 0.0001935 seconds
2024-10-05T18:53:05.631+0300: 10.931: Application time: 3.5562216 seconds
2024-10-05T18:53:05.631+0300: 10.932: [GC (Allocation Failure) [PSYoungGen: 1052547K->4416K(1223168K)] 1056268K->8145K(4019712K), 0.0012314 secs] [Times: user=0.00 sys=0.00, real=0.00 secs] 
2024-10-05T18:53:05.631+0300: 10.933: Total time for which application threads were stopped: 0.0015356 seconds, Stopping threads took: 0.0001457 seconds
2024-10-05T18:53:08.651+0300: 13.946: Application time: 3.0128689 seconds
2024-10-05T18:53:08.651+0300: 13.946: Total time for which application threads were stopped: 0.0003595 seconds, Stopping threads took: 0.0003012 seconds
2024-10-05T18:53:09.059+0300: 14.355: Application time: 0.4085634 seconds
2024-10-05T18:53:09.059+0300: 14.355: [GC (Allocation Failure) [PSYoungGen: 1052535K->4944K(1223168K)] 1056264K->8681K(4019712K), 0.0011265 secs] [Times: user=0.00 sys=0.00, real=0.00 secs] 
2024-10-05T18:53:09.059+0300: 14.356: Total time for which application threads were stopped: 0.0014594 seconds, Stopping threads took: 0.0001788 seconds
2024-10-05T18:53:10.063+0300: 15.358: Application time: 1.0018331 seconds
2024-10-05T18:53:10.063+0300: 15.358: Total time for which application threads were stopped: 0.0003884 seconds, Stopping threads took: 0.0003303 seconds
2024-10-05T18:53:10.942+0300: 16.238: Application time: 0.8797077 seconds
2024-10-05T18:53:10.942+0300: 16.238: Total time for which application threads were stopped: 0.0002959 seconds, Stopping threads took: 0.0002661 seconds
2024-10-05T18:53:12.779+0300: 18.077: Application time: 1.8391196 seconds
2024-10-05T18:53:12.779+0300: 18.078: [GC (Allocation Failure) [PSYoungGen: 1053457K->4432K(1223168K)] 1057195K->8169K(4019712K), 0.0010708 secs] [Times: user=0.00 sys=0.00, real=0.00 secs] 
2024-10-05T18:53:12.779+0300: 18.079: Total time for which application threads were stopped: 0.0013978 seconds, Stopping threads took: 0.0001909 seconds
2024-10-05T18:53:16.215+0300: 21.516: Application time: 3.4370300 seconds
2024-10-05T18:53:16.215+0300: 21.516: [GC (Allocation Failure) [PSYoungGen: 1052601K->4944K(1390080K)] 1056338K->8689K(4186624K), 0.0015844 secs] [Times: user=0.00 sys=0.00, real=0.00 secs] 
2024-10-05T18:53:16.215+0300: 21.518: Total time for which application threads were stopped: 0.0018800 seconds, Stopping threads took: 0.0001081 seconds
2024-10-05T18:53:17.220+0300: 22.514: Application time: 0.9966916 seconds
2024-10-05T18:53:17.220+0300: 22.515: Total time for which application threads were stopped: 0.0004166 seconds, Stopping threads took: 0.0003231 seconds
2024-10-05T18:53:20.844+0300: 26.144: Application time: 3.6287808 seconds
2024-10-05T18:53:20.844+0300: 26.144: [GC (Allocation Failure) [PSYoungGen: 1387285K->4416K(1390080K)] 1391031K->8201K(4186624K), 0.0014177 secs] [Times: user=0.00 sys=0.00, real=0.00 secs] 
2024-10-05T18:53:20.844+0300: 26.145: Total time for which application threads were stopped: 0.0017572 seconds, Stopping threads took: 0.0001902 seconds
2024-10-05T18:53:22.852+0300: 28.147: Application time: 2.0012149 seconds
2024-10-05T18:53:22.852+0300: 28.147: Total time for which application threads were stopped: 0.0003821 seconds, Stopping threads took: 0.0003275 seconds
2024-10-05T18:53:23.857+0300: 29.151: Application time: 1.0041175 seconds
2024-10-05T18:53:23.857+0300: 29.152: Total time for which application threads were stopped: 0.0004060 seconds, Stopping threads took: 0.0002946 seconds
2024-10-05T18:53:24.861+0300: 30.155: Application time: 1.0035323 seconds
2024-10-05T18:53:24.861+0300: 30.155: Total time for which application threads were stopped: 0.0002747 seconds, Stopping threads took: 0.0002060 seconds
2024-10-05T18:53:25.504+0300: 30.800: Application time: 0.6450962 seconds
2024-10-05T18:53:25.504+0300: 30.801: [GC (Allocation Failure) [PSYoungGen: 1386804K->5408K(1389568K)] 1390590K->9209K(4186112K), 0.0013273 secs] [Times: user=0.02 sys=0.00, real=0.00 secs] 
2024-10-05T18:53:25.504+0300: 30.802: Total time for which application threads were stopped: 0.0016853 seconds, Stopping threads took: 0.0001989 seconds
2024-10-05T18:53:30.184+0300: 35.479: Application time: 4.6772658 seconds
2024-10-05T18:53:30.184+0300: 35.480: [GC (Allocation Failure) [PSYoungGen: 1387323K->1856K(1390080K)] 1391125K->8777K(4186624K), 0.0014271 secs] [Times: user=0.00 sys=0.00, real=0.00 secs] 
2024-10-05T18:53:30.186+0300: 35.481: Total time for which application threads were stopped: 0.0017337 seconds, Stopping threads took: 0.0001446 seconds
2024-10-05T18:53:35.453+0300: 40.757: Application time: 5.2761133 seconds
2024-10-05T18:53:35.453+0300: 40.758: [GC (Allocation Failure) [PSYoungGen: 1384205K->1360K(1390080K)] 1391126K->8305K(4186624K), 0.0007758 secs] [Times: user=0.00 sys=0.00, real=0.00 secs] 
2024-10-05T18:53:35.453+0300: 40.758: Total time for which application threads were stopped: 0.0010666 seconds, Stopping threads took: 0.0001447 seconds
2024-10-05T18:53:38.466+0300: 43.760: Application time: 3.0018177 seconds
2024-10-05T18:53:38.466+0300: 43.761: Total time for which application threads were stopped: 0.0003559 seconds, Stopping threads took: 0.0002402 seconds
2024-10-05T18:53:40.726+0300: 46.034: Application time: 2.2730198 seconds
2024-10-05T18:53:40.726+0300: 46.034: [GC (Allocation Failure) [PSYoungGen: 1383751K->1312K(1390080K)] 1390697K->8273K(4186624K), 0.0009614 secs] [Times: user=0.00 sys=0.00, real=0.00 secs] 
2024-10-05T18:53:40.726+0300: 46.035: Total time for which application threads were stopped: 0.0012549 seconds, Stopping threads took: 0.0001590 seconds
2024-10-05T18:53:46.013+0300: 51.309: Application time: 5.2743156 seconds
2024-10-05T18:53:46.013+0300: 51.309: [GC (Allocation Failure) [PSYoungGen: 1383541K->1344K(1390080K)] 1390503K->8313K(4186624K), 0.0008936 secs] [Times: user=0.00 sys=0.00, real=0.00 secs] 
2024-10-05T18:53:46.013+0300: 51.310: Total time for which application threads were stopped: 0.0011649 seconds, Stopping threads took: 0.0000915 seconds
2024-10-05T18:53:51.290+0300: 56.585: Application time: 5.2744154 seconds
2024-10-05T18:53:51.290+0300: 56.585: [GC (Allocation Failure) [PSYoungGen: 1383722K->2832K(1390080K)] 1390691K->9809K(4186624K), 0.0009734 secs] [Times: user=0.00 sys=0.00, real=0.00 secs] 
2024-10-05T18:53:51.291+0300: 56.586: Total time for which application threads were stopped: 0.0013486 seconds, Stopping threads took: 0.0002020 seconds
2024-10-05T18:53:56.605+0300: 61.911: Application time: 5.3253737 seconds
2024-10-05T18:53:56.605+0300: 61.912: [GC (Allocation Failure) [PSYoungGen: 1385155K->1344K(1390592K)] 1392133K->8329K(4187136K), 0.0007991 secs] [Times: user=0.00 sys=0.00, real=0.00 secs] 
2024-10-05T18:53:56.605+0300: 61.913: Total time for which application threads were stopped: 0.0010758 seconds, Stopping threads took: 0.0001279 seconds
2024-10-05T18:53:57.609+0300: 62.904: Application time: 0.9914885 seconds
2024-10-05T18:53:57.609+0300: 62.904: Total time for which application threads were stopped: 0.0002423 seconds, Stopping threads took: 0.0001773 seconds
2024-10-05T18:54:01.942+0300: 67.238: Application time: 4.3334557 seconds
2024-10-05T18:54:01.942+0300: 67.238: [GC (Allocation Failure) [PSYoungGen: 1384460K->1856K(1390592K)] 1391445K->8849K(4187136K), 0.0008264 secs] [Times: user=0.00 sys=0.02, real=0.00 secs] 
2024-10-05T18:54:01.942+0300: 67.239: Total time for which application threads were stopped: 0.0010966 seconds, Stopping threads took: 0.0001128 seconds
2024-10-05T18:54:07.211+0300: 72.519: Application time: 5.2804055 seconds
2024-10-05T18:54:07.211+0300: 72.520: [GC (Allocation Failure) [PSYoungGen: 1385145K->2400K(1391104K)] 1392138K->9401K(4187648K), 0.0009000 secs] [Times: user=0.00 sys=0.00, real=0.00 secs] 
2024-10-05T18:54:07.211+0300: 72.520: Total time for which application threads were stopped: 0.0012781 seconds, Stopping threads took: 0.0002189 seconds
2024-10-05T18:54:12.515+0300: 77.817: Application time: 5.2962418 seconds
2024-10-05T18:54:12.515+0300: 77.817: [GC (Allocation Failure) [PSYoungGen: 1386322K->1856K(1390592K)] 1393323K->8865K(4187136K), 0.0008217 secs] [Times: user=0.00 sys=0.00, real=0.00 secs] 
2024-10-05T18:54:12.515+0300: 77.818: Total time for which application threads were stopped: 0.0011194 seconds, Stopping threads took: 0.0001674 seconds
2024-10-05T18:54:17.803+0300: 83.098: Application time: 5.2796965 seconds
2024-10-05T18:54:17.803+0300: 83.098: [GC (Allocation Failure) [PSYoungGen: 1385481K->1344K(1391104K)] 1392491K->8361K(4187648K), 0.0007278 secs] [Times: user=0.00 sys=0.00, real=0.00 secs] 
2024-10-05T18:54:17.803+0300: 83.099: Total time for which application threads were stopped: 0.0010369 seconds, Stopping threads took: 0.0000854 seconds
2024-10-05T18:54:23.090+0300: 88.386: Application time: 5.2877668 seconds
2024-10-05T18:54:23.090+0300: 88.387: [GC (Allocation Failure) [PSYoungGen: 1385560K->1328K(1391104K)] 1392577K->8353K(4187648K), 0.0007169 secs] [Times: user=0.00 sys=0.00, real=0.00 secs] 
2024-10-05T18:54:23.090+0300: 88.387: Total time for which application threads were stopped: 0.0009704 seconds, Stopping threads took: 0.0001422 seconds
2024-10-05T18:54:28.113+0300: 93.407: Application time: 5.0201590 seconds
2024-10-05T18:54:28.113+0300: 93.408: Total time for which application threads were stopped: 0.0003186 seconds, Stopping threads took: 0.0002551 seconds
2024-10-05T18:54:28.385+0300: 93.683: Application time: 0.2754182 seconds
2024-10-05T18:54:28.385+0300: 93.684: [GC (Allocation Failure) [PSYoungGen: 1385752K->816K(1391616K)] 1392778K->7865K(4188160K), 0.0009769 secs] [Times: user=0.00 sys=0.00, real=0.00 secs] 
2024-10-05T18:54:28.385+0300: 93.685: Total time for which application threads were stopped: 0.0013003 seconds, Stopping threads took: 0.0001700 seconds
2024-10-05T18:54:33.683+0300: 98.978: Application time: 5.2931833 seconds
2024-10-05T18:54:33.683+0300: 98.978: [GC (Allocation Failure) [PSYoungGen: 1385968K->1872K(1391616K)] 1393018K->8929K(4188160K), 0.0007605 secs] [Times: user=0.00 sys=0.00, real=0.00 secs] 
2024-10-05T18:54:33.683+0300: 98.979: Total time for which application threads were stopped: 0.0010306 seconds, Stopping threads took: 0.0001572 seconds
2024-10-05T18:54:38.971+0300: 104.279: Application time: 5.3006317 seconds
2024-10-05T18:54:38.971+0300: 104.280: [GC (Allocation Failure) [PSYoungGen: 1387207K->800K(1392128K)] 1394264K->7865K(4188672K), 0.0007550 secs] [Times: user=0.00 sys=0.00, real=0.00 secs] 
2024-10-05T18:54:38.971+0300: 104.281: Total time for which application threads were stopped: 0.0011108 seconds, Stopping threads took: 0.0001700 seconds
2024-10-05T18:54:41.983+0300: 107.277: Application time: 2.9967857 seconds
2024-10-05T18:54:41.983+0300: 107.278: Total time for which application threads were stopped: 0.0003288 seconds, Stopping threads took: 0.0002606 seconds
2024-10-05T18:54:44.259+0300: 109.566: Application time: 2.2888738 seconds
2024-10-05T18:54:44.259+0300: 109.567: [GC (Allocation Failure) [PSYoungGen: 1386518K->304K(1391616K)] 1393583K->7401K(4188160K), 0.0005557 secs] [Times: user=0.00 sys=0.00, real=0.00 secs] 
2024-10-05T18:54:44.259+0300: 109.567: Total time for which application threads were stopped: 0.0008649 seconds, Stopping threads took: 0.0001811 seconds
2024-10-05T18:54:49.547+0300: 114.854: Application time: 5.2868023 seconds
2024-10-05T18:54:49.547+0300: 114.854: [GC (Allocation Failure) [PSYoungGen: 1386021K->1344K(1392128K)] 1393118K->8449K(4188672K), 0.0007107 secs] [Times: user=0.00 sys=0.00, real=0.00 secs] 
2024-10-05T18:54:49.547+0300: 114.855: Total time for which application threads were stopped: 0.0009100 seconds, Stopping threads took: 0.0000788 seconds
2024-10-05T18:54:54.836+0300: 120.144: Application time: 5.2888489 seconds
2024-10-05T18:54:54.836+0300: 120.144: [GC (Allocation Failure) [PSYoungGen: 1387746K->1872K(1392128K)] 1394852K->8985K(4188672K), 0.0009381 secs] [Times: user=0.00 sys=0.00, real=0.00 secs] 
2024-10-05T18:54:54.836+0300: 120.145: Total time for which application threads were stopped: 0.0013223 seconds, Stopping threads took: 0.0002153 seconds
2024-10-05T18:55:00.153+0300: 125.457: Application time: 5.3122406 seconds
2024-10-05T18:55:00.153+0300: 125.458: [GC (Allocation Failure) [PSYoungGen: 1388087K->1344K(1392640K)] 1395200K->8465K(4189184K), 0.0007508 secs] [Times: user=0.00 sys=0.00, real=0.00 secs] 
2024-10-05T18:55:00.153+0300: 125.459: Total time for which application threads were stopped: 0.0011598 seconds, Stopping threads took: 0.0002636 seconds
2024-10-05T18:55:05.471+0300: 130.772: Application time: 5.3129006 seconds
2024-10-05T18:55:05.471+0300: 130.772: [GC (Allocation Failure) [PSYoungGen: 1388544K->1824K(1392640K)] 1395665K->8953K(4189184K), 0.0010095 secs] [Times: user=0.02 sys=0.00, real=0.00 secs] 
2024-10-05T18:55:05.471+0300: 130.773: Total time for which application threads were stopped: 0.0013376 seconds, Stopping threads took: 0.0001834 seconds
2024-10-05T18:55:10.765+0300: 136.066: Application time: 5.2930154 seconds
2024-10-05T18:55:10.765+0300: 136.066: [GC (Allocation Failure) [PSYoungGen: 1388970K->1328K(1393152K)] 1396100K->8473K(4189696K), 0.0008448 secs] [Times: user=0.00 sys=0.00, real=0.00 secs] 
2024-10-05T18:55:10.765+0300: 136.067: Total time for which application threads were stopped: 0.0011942 seconds, Stopping threads took: 0.0001959 seconds
2024-10-05T18:55:16.076+0300: 141.377: Application time: 5.3100197 seconds
2024-10-05T18:55:16.076+0300: 141.377: [GC (Allocation Failure) [PSYoungGen: 1389818K->1824K(1393152K)] 1396964K->8977K(4189696K), 0.0010148 secs] [Times: user=0.00 sys=0.00, real=0.00 secs] 
2024-10-05T18:55:16.076+0300: 141.378: Total time for which application threads were stopped: 0.0012603 seconds, Stopping threads took: 0.0000964 seconds
2024-10-05T18:55:21.364+0300: 146.663: Application time: 5.2846585 seconds
2024-10-05T18:55:21.364+0300: 146.663: [GC (Allocation Failure) [PSYoungGen: 1390067K->1872K(1393664K)] 1397220K->9041K(4190208K), 0.0009124 secs] [Times: user=0.00 sys=0.00, real=0.00 secs] 
2024-10-05T18:55:21.364+0300: 146.664: Total time for which application threads were stopped: 0.0012135 seconds, Stopping threads took: 0.0001376 seconds
2024-10-05T18:55:26.716+0300: 152.017: Application time: 5.3532031 seconds
2024-10-05T18:55:26.716+0300: 152.018: [GC (Allocation Failure) [PSYoungGen: 1391062K->1328K(1393664K)] 1398231K->8505K(4190208K), 0.0010504 secs] [Times: user=0.00 sys=0.00, real=0.00 secs] 
2024-10-05T18:55:26.716+0300: 152.019: Total time for which application threads were stopped: 0.0014265 seconds, Stopping threads took: 0.0001473 seconds
2024-10-05T18:55:32.022+0300: 157.317: Application time: 5.2984335 seconds
2024-10-05T18:55:32.022+0300: 157.318: [GC (Allocation Failure) [PSYoungGen: 1390802K->816K(1393664K)] 1397979K->8009K(4190208K), 0.0006269 secs] [Times: user=0.00 sys=0.00, real=0.00 secs] 
2024-10-05T18:55:32.022+0300: 157.318: Total time for which application threads were stopped: 0.0008421 seconds, Stopping threads took: 0.0000861 seconds
2024-10-05T18:55:33.026+0300: 158.320: Application time: 1.0018816 seconds
2024-10-05T18:55:33.026+0300: 158.320: Total time for which application threads were stopped: 0.0003408 seconds, Stopping threads took: 0.0002844 seconds
2024-10-05T18:55:35.033+0300: 160.327: Application time: 2.0068315 seconds
2024-10-05T18:55:35.033+0300: 160.328: Total time for which application threads were stopped: 0.0003332 seconds, Stopping threads took: 0.0002658 seconds
2024-10-05T18:55:37.314+0300: 162.609: Application time: 2.2812037 seconds
2024-10-05T18:55:37.314+0300: 162.609: [GC (Allocation Failure) [PSYoungGen: 1390346K->1872K(1393664K)] 1397540K->9081K(4190208K), 0.0008921 secs] [Times: user=0.00 sys=0.00, real=0.00 secs] 
2024-10-05T18:55:37.314+0300: 162.610: Total time for which application threads were stopped: 0.0011977 seconds, Stopping threads took: 0.0001707 seconds
2024-10-05T18:55:42.612+0300: 167.913: Application time: 5.3030377 seconds
2024-10-05T18:55:42.612+0300: 167.913: [GC (Allocation Failure) [PSYoungGen: 1391176K->1840K(1394176K)] 1398385K->9057K(4190720K), 0.0008636 secs] [Times: user=0.00 sys=0.00, real=0.00 secs] 
2024-10-05T18:55:42.612+0300: 167.914: Total time for which application threads were stopped: 0.0011506 seconds, Stopping threads took: 0.0001450 seconds
2024-10-05T18:55:47.632+0300: 172.926: Application time: 5.0121468 seconds
2024-10-05T18:55:47.632+0300: 172.927: Total time for which application threads were stopped: 0.0002752 seconds, Stopping threads took: 0.0002160 seconds
2024-10-05T18:55:47.915+0300: 173.214: Application time: 0.2871477 seconds
2024-10-05T18:55:47.915+0300: 173.214: [GC (Allocation Failure) [PSYoungGen: 1392230K->816K(1394176K)] 1399448K->8049K(4190720K), 0.0006555 secs] [Times: user=0.00 sys=0.00, real=0.00 secs] 
2024-10-05T18:55:47.915+0300: 173.215: Total time for which application threads were stopped: 0.0009593 seconds, Stopping threads took: 0.0001657 seconds
2024-10-05T18:55:53.203+0300: 178.506: Application time: 5.2913524 seconds
2024-10-05T18:55:53.203+0300: 178.506: [GC (Allocation Failure) [PSYoungGen: 1391398K->1856K(1394176K)] 1398631K->9105K(4190720K), 0.0007886 secs] [Times: user=0.00 sys=0.00, real=0.00 secs] 
2024-10-05T18:55:53.203+0300: 178.507: Total time for which application threads were stopped: 0.0010323 seconds, Stopping threads took: 0.0000990 seconds
2024-10-05T18:55:56.215+0300: 181.510: Application time: 3.0025089 seconds
2024-10-05T18:55:56.215+0300: 181.510: Total time for which application threads were stopped: 0.0004474 seconds, Stopping threads took: 0.0003624 seconds
2024-10-05T18:55:58.506+0300: 183.810: Application time: 2.2994225 seconds
2024-10-05T18:55:58.506+0300: 183.810: [GC (Allocation Failure) [PSYoungGen: 1392386K->816K(1394176K)] 1399635K->8073K(4190720K), 0.0006672 secs] [Times: user=0.00 sys=0.00, real=0.00 secs] 
2024-10-05T18:55:58.506+0300: 183.810: Total time for which application threads were stopped: 0.0009426 seconds, Stopping threads took: 0.0001670 seconds
2024-10-05T18:56:03.825+0300: 189.123: Application time: 5.3122954 seconds
2024-10-05T18:56:03.825+0300: 189.123: [GC (Allocation Failure) [PSYoungGen: 1391343K->832K(1394176K)] 1398600K->8113K(4190720K), 0.0008200 secs] [Times: user=0.00 sys=0.00, real=0.00 secs] 
2024-10-05T18:56:03.825+0300: 189.124: Total time for which application threads were stopped: 0.0011941 seconds, Stopping threads took: 0.0002259 seconds
2024-10-05T18:56:09.114+0300: 194.418: Application time: 5.2941765 seconds
2024-10-05T18:56:09.114+0300: 194.418: [GC (Allocation Failure) [PSYoungGen: 1391165K->1872K(1394176K)] 1398446K->9169K(4190720K), 0.0007373 secs] [Times: user=0.00 sys=0.00, real=0.00 secs] 
2024-10-05T18:56:09.114+0300: 194.419: Total time for which application threads were stopped: 0.0010651 seconds, Stopping threads took: 0.0001788 seconds
2024-10-05T18:56:14.419+0300: 199.720: Application time: 5.3006638 seconds
2024-10-05T18:56:14.419+0300: 199.720: [GC (Allocation Failure) [PSYoungGen: 1392245K->800K(1394176K)] 1399542K->8129K(4190720K), 0.0007199 secs] [Times: user=0.00 sys=0.00, real=0.00 secs] 
2024-10-05T18:56:14.419+0300: 199.721: Total time for which application threads were stopped: 0.0009690 seconds, Stopping threads took: 0.0000849 seconds
2024-10-05T18:56:19.738+0300: 205.048: Application time: 5.3269920 seconds
2024-10-05T18:56:19.738+0300: 205.048: [GC (Allocation Failure) [PSYoungGen: 1391189K->1328K(1394176K)] 1398519K->8665K(4190720K), 0.0008762 secs] [Times: user=0.02 sys=0.00, real=0.02 secs] 
2024-10-05T18:56:19.754+0300: 205.049: Total time for which application threads were stopped: 0.0011840 seconds, Stopping threads took: 0.0001512 seconds
2024-10-05T18:56:25.056+0300: 210.355: Application time: 5.3064363 seconds
2024-10-05T18:56:25.056+0300: 210.356: [GC (Allocation Failure) [PSYoungGen: 1391622K->1872K(1394688K)] 1398959K->9217K(4191232K), 0.0007636 secs] [Times: user=0.00 sys=0.00, real=0.00 secs] 
2024-10-05T18:56:25.056+0300: 210.356: Total time for which application threads were stopped: 0.0010240 seconds, Stopping threads took: 0.0001314 seconds
2024-10-05T18:56:30.359+0300: 215.661: Application time: 5.3047387 seconds
2024-10-05T18:56:30.359+0300: 215.661: [GC (Allocation Failure) [PSYoungGen: 1393238K->1344K(1394688K)] 1400583K->8713K(4191232K), 0.0007932 secs] [Times: user=0.00 sys=0.00, real=0.00 secs] 
2024-10-05T18:56:30.359+0300: 215.662: Total time for which application threads were stopped: 0.0010278 seconds, Stopping threads took: 0.0000875 seconds
2024-10-05T18:56:35.678+0300: 220.979: Application time: 5.3163100 seconds
2024-10-05T18:56:35.678+0300: 220.979: [GC (Allocation Failure) [PSYoungGen: 1392868K->1856K(1394688K)] 1400238K->9233K(4191232K), 0.0007803 secs] [Times: user=0.00 sys=0.00, real=0.00 secs] 
2024-10-05T18:56:35.678+0300: 220.980: Total time for which application threads were stopped: 0.0010758 seconds, Stopping threads took: 0.0001641 seconds
2024-10-05T18:56:40.980+0300: 226.282: Application time: 5.3021806 seconds
2024-10-05T18:56:40.980+0300: 226.282: [GC (Allocation Failure) [PSYoungGen: 1393378K->1280K(1394688K)] 1400756K->8665K(4191232K), 0.0007513 secs] [Times: user=0.00 sys=0.00, real=0.00 secs] 
2024-10-05T18:56:40.980+0300: 226.283: Total time for which application threads were stopped: 0.0010609 seconds, Stopping threads took: 0.0001718 seconds
2024-10-05T18:56:46.283+0300: 231.583: Application time: 5.3004277 seconds
2024-10-05T18:56:46.283+0300: 231.584: [GC (Allocation Failure) [PSYoungGen: 1392763K->816K(1394688K)] 1400148K->8209K(4191232K), 0.0006623 secs] [Times: user=0.00 sys=0.00, real=0.00 secs] 
2024-10-05T18:56:46.283+0300: 231.584: Total time for which application threads were stopped: 0.0008991 seconds, Stopping threads took: 0.0001388 seconds
2024-10-05T18:56:51.586+0300: 236.888: Application time: 5.3042615 seconds
2024-10-05T18:56:51.586+0300: 236.889: [GC (Allocation Failure) [PSYoungGen: 1392041K->1312K(1394688K)] 1399434K->8729K(4191232K), 0.0009208 secs] [Times: user=0.00 sys=0.00, real=0.00 secs] 
2024-10-05T18:56:51.586+0300: 236.890: Total time for which application threads were stopped: 0.0011825 seconds, Stopping threads took: 0.0000918 seconds
2024-10-05T18:56:56.889+0300: 242.186: Application time: 5.2965771 seconds
2024-10-05T18:56:56.889+0300: 242.186: [GC (Allocation Failure) [PSYoungGen: 1392491K->1344K(1395200K)] 1399909K->8769K(4191744K), 0.0007009 secs] [Times: user=0.00 sys=0.00, real=0.00 secs] 
2024-10-05T18:56:56.889+0300: 242.187: Total time for which application threads were stopped: 0.0009718 seconds, Stopping threads took: 0.0001499 seconds
2024-10-05T18:57:02.192+0300: 247.496: Application time: 5.3089051 seconds
2024-10-05T18:57:02.192+0300: 247.497: [GC (Allocation Failure) [PSYoungGen: 1393041K->1888K(1394688K)] 1400467K->9321K(4191232K), 0.0010262 secs] [Times: user=0.00 sys=0.00, real=0.00 secs] 
2024-10-05T18:57:02.192+0300: 247.498: Total time for which application threads were stopped: 0.0014831 seconds, Stopping threads took: 0.0002577 seconds
2024-10-05T18:57:07.493+0300: 252.794: Application time: 5.2962734 seconds
2024-10-05T18:57:07.493+0300: 252.794: [GC (Allocation Failure) [PSYoungGen: 1393905K->832K(1394688K)] 1401338K->8273K(4191232K), 0.0006108 secs] [Times: user=0.00 sys=0.00, real=0.00 secs] 
2024-10-05T18:57:07.493+0300: 252.795: Total time for which application threads were stopped: 0.0008476 seconds, Stopping threads took: 0.0001303 seconds
2024-10-05T18:57:11.574+0300: 256.878: Application time: 4.0828444 seconds
2024-10-05T18:57:11.574+0300: 256.878: Total time for which application threads were stopped: 0.0002337 seconds, Stopping threads took: 0.0001578 seconds
2024-10-05T18:57:11.794+0300: 257.089: Application time: 0.2115026 seconds
2024-10-05T18:57:11.794+0300: 257.089: Total time for which application threads were stopped: 0.0001771 seconds, Stopping threads took: 0.0001178 seconds
2024-10-05T18:57:11.856+0300: 257.153: Application time: 0.0637884 seconds
2024-10-05T18:57:11.856+0300: 257.153: Total time for which application threads were stopped: 0.0001491 seconds, Stopping threads took: 0.0001149 seconds
2024-10-05T18:57:12.029+0300: 257.334: Application time: 0.1808132 seconds
2024-10-05T18:57:12.029+0300: 257.334: Total time for which application threads were stopped: 0.0000738 seconds, Stopping threads took: 0.0000479 seconds
2024-10-05T18:57:12.076+0300: 257.377: Application time: 0.0422902 seconds
2024-10-05T18:57:12.076+0300: 257.377: Total time for which application threads were stopped: 0.0004261 seconds, Stopping threads took: 0.0003925 seconds
2024-10-05T18:57:12.876+0300: 258.180: Application time: 0.8029535 seconds
2024-10-05T18:57:12.876+0300: 258.180: [GC (Allocation Failure) [PSYoungGen: 1392074K->2928K(1394688K)] 1399515K->12945K(4191232K), 0.0012680 secs] [Times: user=0.00 sys=0.00, real=0.00 secs] 
2024-10-05T18:57:12.876+0300: 258.182: Total time for which application threads were stopped: 0.0015885 seconds, Stopping threads took: 0.0001900 seconds
2024-10-05T18:57:17.646+0300: 262.949: Application time: 4.7669830 seconds
2024-10-05T18:57:17.646+0300: 262.949: [GC (Allocation Failure) [PSYoungGen: 1394199K->1312K(1394688K)] 1404216K->13937K(4191232K), 0.0012675 secs] [Times: user=0.00 sys=0.00, real=0.00 secs] 
2024-10-05T18:57:17.646+0300: 262.950: Total time for which application threads were stopped: 0.0015914 seconds, Stopping threads took: 0.0001726 seconds
2024-10-05T18:57:22.966+0300: 268.270: Application time: 5.3194773 seconds
2024-10-05T18:57:22.966+0300: 268.270: [GC (Allocation Failure) [PSYoungGen: 1392846K->832K(1394688K)] 1405471K->13473K(4191232K), 0.0007502 secs] [Times: user=0.00 sys=0.00, real=0.00 secs] 
2024-10-05T18:57:22.966+0300: 268.271: Total time for which application threads were stopped: 0.0010331 seconds, Stopping threads took: 0.0001562 seconds
2024-10-05T18:57:28.285+0300: 273.583: Application time: 5.3124974 seconds
2024-10-05T18:57:28.285+0300: 273.583: [GC (Allocation Failure) [PSYoungGen: 1392092K->832K(1394688K)] 1404733K->13489K(4191232K), 0.0006957 secs] [Times: user=0.00 sys=0.00, real=0.00 secs] 
2024-10-05T18:57:28.285+0300: 273.584: Total time for which application threads were stopped: 0.0010395 seconds, Stopping threads took: 0.0001837 seconds
2024-10-05T18:57:33.620+0300: 278.922: Application time: 5.3382051 seconds
2024-10-05T18:57:33.620+0300: 278.923: [GC (Allocation Failure) [PSYoungGen: 1392118K->1328K(1394688K)] 1404775K->13993K(4191232K), 0.0008402 secs] [Times: user=0.00 sys=0.00, real=0.00 secs] 
2024-10-05T18:57:33.620+0300: 278.924: Total time for which application threads were stopped: 0.0010735 seconds, Stopping threads took: 0.0001123 seconds
2024-10-05T18:57:39.032+0300: 284.331: Application time: 5.4075256 seconds
2024-10-05T18:57:39.032+0300: 284.331: [GC (Allocation Failure) [PSYoungGen: 1392804K->1280K(1394688K)] 1405470K->13953K(4191232K), 0.0009688 secs] [Times: user=0.02 sys=0.00, real=0.00 secs] 
2024-10-05T18:57:39.032+0300: 284.332: Total time for which application threads were stopped: 0.0012827 seconds, Stopping threads took: 0.0001722 seconds
2024-10-05T18:57:44.414+0300: 289.709: Application time: 5.3766111 seconds
2024-10-05T18:57:44.414+0300: 289.709: [GC (Allocation Failure) [PSYoungGen: 1392847K->1856K(1394688K)] 1405520K->14545K(4191232K), 0.0008207 secs] [Times: user=0.00 sys=0.00, real=0.00 secs] 
2024-10-05T18:57:44.414+0300: 289.710: Total time for which application threads were stopped: 0.0011133 seconds, Stopping threads took: 0.0001300 seconds
2024-10-05T18:57:49.732+0300: 295.037: Application time: 5.3265961 seconds
2024-10-05T18:57:49.732+0300: 295.037: [GC (Allocation Failure) [PSYoungGen: 1393231K->2400K(1394688K)] 1405920K->15113K(4191232K), 0.0010333 secs] [Times: user=0.00 sys=0.00, real=0.00 secs] 
2024-10-05T18:57:49.732+0300: 295.038: Total time for which application threads were stopped: 0.0013899 seconds, Stopping threads took: 0.0001563 seconds
2024-10-05T18:57:55.033+0300: 300.331: Application time: 5.2928002 seconds
2024-10-05T18:57:55.033+0300: 300.331: [GC (Allocation Failure) [PSYoungGen: 1393721K->1344K(1394688K)] 1406435K->14065K(4191232K), 0.0008359 secs] [Times: user=0.00 sys=0.00, real=0.00 secs] 
2024-10-05T18:57:55.033+0300: 300.332: Total time for which application threads were stopped: 0.0011576 seconds, Stopping threads took: 0.0001973 seconds
2024-10-05T18:58:00.354+0300: 305.661: Application time: 5.3284891 seconds
2024-10-05T18:58:00.354+0300: 305.661: [GC (Allocation Failure) [PSYoungGen: 1392633K->1328K(1394688K)] 1405354K->14065K(4191232K), 0.0007784 secs] [Times: user=0.00 sys=0.00, real=0.00 secs] 
2024-10-05T18:58:00.354+0300: 305.662: Total time for which application threads were stopped: 0.0010656 seconds, Stopping threads took: 0.0001573 seconds
2024-10-05T18:58:05.675+0300: 310.979: Application time: 5.3174101 seconds
2024-10-05T18:58:05.675+0300: 310.979: [GC (Allocation Failure) [PSYoungGen: 1392769K->2304K(1394688K)] 1405506K->15049K(4191232K), 0.0008803 secs] [Times: user=0.00 sys=0.00, real=0.00 secs] 
2024-10-05T18:58:05.675+0300: 310.980: Total time for which application threads were stopped: 0.0011605 seconds, Stopping threads took: 0.0001336 seconds
2024-10-05T18:58:11.008+0300: 316.303: Application time: 5.3224645 seconds
2024-10-05T18:58:11.008+0300: 316.303: [GC (Allocation Failure) [PSYoungGen: 1393768K->1312K(1394688K)] 1406513K->14065K(4191232K), 0.0007583 secs] [Times: user=0.00 sys=0.00, real=0.00 secs] 
2024-10-05T18:58:11.008+0300: 316.304: Total time for which application threads were stopped: 0.0010248 seconds, Stopping threads took: 0.0001459 seconds
2024-10-05T18:58:13.017+0300: 318.311: Application time: 2.0075092 seconds
2024-10-05T18:58:13.017+0300: 318.311: Total time for which application threads were stopped: 0.0002255 seconds, Stopping threads took: 0.0001745 seconds
2024-10-05T18:58:16.312+0300: 321.616: Application time: 3.3046507 seconds
2024-10-05T18:58:16.312+0300: 321.616: [GC (Allocation Failure) [PSYoungGen: 1392467K->1328K(1394688K)] 1405221K->14089K(4191232K), 0.0007443 secs] [Times: user=0.00 sys=0.00, real=0.00 secs] 
2024-10-05T18:58:16.312+0300: 321.617: Total time for which application threads were stopped: 0.0011060 seconds, Stopping threads took: 0.0002293 seconds
2024-10-05T18:58:21.646+0300: 326.941: Application time: 5.3240881 seconds
2024-10-05T18:58:21.646+0300: 326.941: [GC (Allocation Failure) [PSYoungGen: 1392759K->816K(1394688K)] 1405521K->13609K(4191232K), 0.0008007 secs] [Times: user=0.00 sys=0.00, real=0.00 secs] 
2024-10-05T18:58:21.646+0300: 326.942: Total time for which application threads were stopped: 0.0010483 seconds, Stopping threads took: 0.0001123 seconds
2024-10-05T18:58:26.950+0300: 332.257: Application time: 5.3146274 seconds
2024-10-05T18:58:26.950+0300: 332.257: [GC (Allocation Failure) [PSYoungGen: 1392075K->2368K(1394688K)] 1404869K->15169K(4191232K), 0.0009372 secs] [Times: user=0.00 sys=0.00, real=0.00 secs] 
2024-10-05T18:58:26.950+0300: 332.258: Total time for which application threads were stopped: 0.0011914 seconds, Stopping threads took: 0.0000911 seconds
2024-10-05T18:58:28.959+0300: 334.253: Application time: 1.9950393 seconds
2024-10-05T18:58:28.959+0300: 334.253: Total time for which application threads were stopped: 0.0003389 seconds, Stopping threads took: 0.0002834 seconds
2024-10-05T18:58:32.270+0300: 337.571: Application time: 3.3178123 seconds
2024-10-05T18:58:32.270+0300: 337.572: [GC (Allocation Failure) [PSYoungGen: 1393641K->1856K(1394688K)] 1406442K->14665K(4191232K), 0.0009372 secs] [Times: user=0.00 sys=0.00, real=0.00 secs] 
2024-10-05T18:58:32.270+0300: 337.573: Total time for which application threads were stopped: 0.0012583 seconds, Stopping threads took: 0.0001736 seconds
2024-10-05T18:58:37.592+0300: 342.889: Application time: 5.3161323 seconds
2024-10-05T18:58:37.592+0300: 342.889: [GC (Allocation Failure) [PSYoungGen: 1393268K->1344K(1394688K)] 1406077K->14161K(4191232K), 0.0007119 secs] [Times: user=0.00 sys=0.00, real=0.00 secs] 
2024-10-05T18:58:37.592+0300: 342.890: Total time for which application threads were stopped: 0.0009600 seconds, Stopping threads took: 0.0000971 seconds
2024-10-05T18:58:42.896+0300: 348.201: Application time: 5.3111820 seconds
2024-10-05T18:58:42.896+0300: 348.201: [GC (Allocation Failure) [PSYoungGen: 1392594K->864K(1394688K)] 1405412K->13689K(4191232K), 0.0006968 secs] [Times: user=0.00 sys=0.00, real=0.00 secs] 
2024-10-05T18:58:42.896+0300: 348.202: Total time for which application threads were stopped: 0.0009601 seconds, Stopping threads took: 0.0001257 seconds
2024-10-05T18:58:48.246+0300: 353.547: Application time: 5.3449271 seconds
2024-10-05T18:58:48.246+0300: 353.547: [GC (Allocation Failure) [PSYoungGen: 1392090K->1344K(1394688K)] 1404915K->14185K(4191232K), 0.0007663 secs] [Times: user=0.00 sys=0.00, real=0.00 secs] 
2024-10-05T18:58:48.246+0300: 353.548: Total time for which application threads were stopped: 0.0010195 seconds, Stopping threads took: 0.0000976 seconds
2024-10-05T18:58:53.566+0300: 358.870: Application time: 5.3224696 seconds
2024-10-05T18:58:53.566+0300: 358.870: [GC (Allocation Failure) [PSYoungGen: 1392774K->2368K(1394688K)] 1405615K->15217K(4191232K), 0.0008678 secs] [Times: user=0.00 sys=0.00, real=0.00 secs] 
2024-10-05T18:58:53.566+0300: 358.871: Total time for which application threads were stopped: 0.0011179 seconds, Stopping threads took: 0.0001190 seconds
2024-10-05T18:58:58.900+0300: 364.205: Application time: 5.3332880 seconds
2024-10-05T18:58:58.900+0300: 364.205: [GC (Allocation Failure) [PSYoungGen: 1393646K->1328K(1394688K)] 1406495K->14185K(4191232K), 0.0007313 secs] [Times: user=0.00 sys=0.00, real=0.00 secs] 
2024-10-05T18:58:58.900+0300: 364.206: Total time for which application threads were stopped: 0.0009869 seconds, Stopping threads took: 0.0001283 seconds
2024-10-05T18:59:04.219+0300: 369.521: Application time: 5.3154802 seconds
2024-10-05T18:59:04.219+0300: 369.521: [GC (Allocation Failure) [PSYoungGen: 1392608K->848K(1394688K)] 1405465K->13713K(4191232K), 0.0007090 secs] [Times: user=0.00 sys=0.00, real=0.00 secs] 
2024-10-05T18:59:04.219+0300: 369.522: Total time for which application threads were stopped: 0.0009838 seconds, Stopping threads took: 0.0001443 seconds
2024-10-05T18:59:09.522+0300: 374.831: Application time: 5.3092924 seconds
2024-10-05T18:59:09.522+0300: 374.832: [GC (Allocation Failure) [PSYoungGen: 1392432K->832K(1394688K)] 1405297K->13729K(4191232K), 0.0006910 secs] [Times: user=0.00 sys=0.00, real=0.02 secs] 
2024-10-05T18:59:09.538+0300: 374.832: Total time for which application threads were stopped: 0.0009576 seconds, Stopping threads took: 0.0001309 seconds
2024-10-05T18:59:14.841+0300: 380.142: Application time: 5.3097386 seconds
2024-10-05T18:59:14.841+0300: 380.142: [GC (Allocation Failure) [PSYoungGen: 1392210K->1888K(1394688K)] 1405107K->14793K(4191232K), 0.0008485 secs] [Times: user=0.00 sys=0.00, real=0.00 secs] 
2024-10-05T18:59:14.841+0300: 380.143: Total time for which application threads were stopped: 0.0012003 seconds, Stopping threads took: 0.0002009 seconds
2024-10-05T18:59:20.146+0300: 385.455: Application time: 5.3119665 seconds
2024-10-05T18:59:20.161+0300: 385.456: [GC (Allocation Failure) [PSYoungGen: 1393118K->2384K(1394688K)] 1406023K->15297K(4191232K), 0.0010845 secs] [Times: user=0.00 sys=0.00, real=0.00 secs] 
2024-10-05T18:59:20.161+0300: 385.457: Total time for which application threads were stopped: 0.0014669 seconds, Stopping threads took: 0.0002176 seconds
2024-10-05T18:59:25.466+0300: 390.764: Application time: 5.3074525 seconds
2024-10-05T18:59:25.466+0300: 390.764: [GC (Allocation Failure) [PSYoungGen: 1393624K->1344K(1394688K)] 1406537K->14281K(4191232K), 0.0007471 secs] [Times: user=0.00 sys=0.00, real=0.00 secs] 
2024-10-05T18:59:25.466+0300: 390.765: Total time for which application threads were stopped: 0.0010361 seconds, Stopping threads took: 0.0001600 seconds
2024-10-05T18:59:30.784+0300: 396.081: Application time: 5.3154443 seconds
2024-10-05T18:59:30.784+0300: 396.081: [GC (Allocation Failure) [PSYoungGen: 1392664K->1328K(1394688K)] 1405601K->14281K(4191232K), 0.0007534 secs] [Times: user=0.02 sys=0.00, real=0.00 secs] 
2024-10-05T18:59:30.784+0300: 396.082: Total time for which application threads were stopped: 0.0011820 seconds, Stopping threads took: 0.0002573 seconds
2024-10-05T18:59:36.089+0300: 401.396: Application time: 5.3138632 seconds
2024-10-05T18:59:36.089+0300: 401.396: [GC (Allocation Failure) [PSYoungGen: 1392622K->1328K(1394688K)] 1405575K->14297K(4191232K), 0.0011654 secs] [Times: user=0.00 sys=0.00, real=0.00 secs] 
2024-10-05T18:59:36.089+0300: 401.397: Total time for which application threads were stopped: 0.0015266 seconds, Stopping threads took: 0.0002141 seconds
2024-10-05T18:59:41.408+0300: 406.716: Application time: 5.3186193 seconds
2024-10-05T18:59:41.408+0300: 406.716: [GC (Allocation Failure) [PSYoungGen: 1392566K->1344K(1394688K)] 1405535K->14321K(4191232K), 0.0008137 secs] [Times: user=0.00 sys=0.00, real=0.00 secs] 
2024-10-05T18:59:41.408+0300: 406.717: Total time for which application threads were stopped: 0.0010981 seconds, Stopping threads took: 0.0001396 seconds
2024-10-05T18:59:46.727+0300: 412.031: Application time: 5.3143238 seconds
2024-10-05T18:59:46.727+0300: 412.032: [GC (Allocation Failure) [PSYoungGen: 1392467K->816K(1394688K)] 1405444K->13801K(4191232K), 0.0007204 secs] [Times: user=0.00 sys=0.00, real=0.00 secs] 
2024-10-05T18:59:46.727+0300: 412.032: Total time for which application threads were stopped: 0.0010081 seconds, Stopping threads took: 0.0001642 seconds
2024-10-05T18:59:52.046+0300: 417.352: Application time: 5.3201809 seconds
2024-10-05T18:59:52.046+0300: 417.353: [GC (Allocation Failure) [PSYoungGen: 1391993K->1344K(1394688K)] 1404979K->14337K(4191232K), 0.0008073 secs] [Times: user=0.00 sys=0.00, real=0.00 secs] 
2024-10-05T18:59:52.046+0300: 417.354: Total time for which application threads were stopped: 0.0010797 seconds, Stopping threads took: 0.0001333 seconds
2024-10-05T18:59:57.365+0300: 422.668: Application time: 5.3143219 seconds
2024-10-05T18:59:57.365+0300: 422.668: [GC (Allocation Failure) [PSYoungGen: 1392839K->1856K(1395200K)] 1405833K->14865K(4191744K), 0.0008447 secs] [Times: user=0.00 sys=0.00, real=0.00 secs] 
2024-10-05T18:59:57.365+0300: 422.669: Total time for which application threads were stopped: 0.0011512 seconds, Stopping threads took: 0.0001634 seconds
2024-10-05T19:00:02.716+0300: 428.026: Application time: 5.3566807 seconds
2024-10-05T19:00:02.716+0300: 428.026: [GC (Allocation Failure) [PSYoungGen: 1394139K->2400K(1395200K)] 1407148K->15417K(4191744K), 0.0011360 secs] [Times: user=0.02 sys=0.00, real=0.02 secs] 
2024-10-05T19:00:02.732+0300: 428.027: Total time for which application threads were stopped: 0.0014454 seconds, Stopping threads took: 0.0001727 seconds
2024-10-05T19:00:08.050+0300: 433.354: Application time: 5.3269599 seconds
2024-10-05T19:00:08.050+0300: 433.354: [GC (Allocation Failure) [PSYoungGen: 1394704K->848K(1394176K)] 1407721K->13873K(4190720K), 0.0006981 secs] [Times: user=0.00 sys=0.00, real=0.00 secs] 
2024-10-05T19:00:08.050+0300: 433.355: Total time for which application threads were stopped: 0.0009241 seconds, Stopping threads took: 0.0001072 seconds
2024-10-05T19:00:13.370+0300: 438.678: Application time: 5.3228400 seconds
2024-10-05T19:00:13.370+0300: 438.678: [GC (Allocation Failure) [PSYoungGen: 1392368K->1344K(1394688K)] 1405393K->14393K(4191232K), 0.0007874 secs] [Times: user=0.00 sys=0.00, real=0.00 secs] 
2024-10-05T19:00:13.370+0300: 438.679: Total time for which application threads were stopped: 0.0010609 seconds, Stopping threads took: 0.0001609 seconds
2024-10-05T19:00:18.672+0300: 443.977: Application time: 5.2984921 seconds
2024-10-05T19:00:18.672+0300: 443.978: [GC (Allocation Failure) [PSYoungGen: 1392550K->2384K(1394688K)] 1405599K->15457K(4191232K), 0.0008291 secs] [Times: user=0.00 sys=0.00, real=0.00 secs] 
2024-10-05T19:00:18.672+0300: 443.979: Total time for which application threads were stopped: 0.0011108 seconds, Stopping threads took: 0.0001536 seconds
2024-10-05T19:00:23.991+0300: 449.290: Application time: 5.3110300 seconds
2024-10-05T19:00:23.991+0300: 449.290: [GC (Allocation Failure) [PSYoungGen: 1393546K->304K(1394688K)] 1406620K->13393K(4191232K), 0.0005636 secs] [Times: user=0.00 sys=0.00, real=0.00 secs] 
2024-10-05T19:00:23.991+0300: 449.290: Total time for which application threads were stopped: 0.0008673 seconds, Stopping threads took: 0.0001679 seconds
2024-10-05T19:00:29.296+0300: 454.595: Application time: 5.3042477 seconds
2024-10-05T19:00:29.296+0300: 454.595: [GC (Allocation Failure) [PSYoungGen: 1391458K->784K(1394688K)] 1404547K->13905K(4191232K), 0.0006446 secs] [Times: user=0.00 sys=0.00, real=0.00 secs] 
2024-10-05T19:00:29.296+0300: 454.596: Total time for which application threads were stopped: 0.0009480 seconds, Stopping threads took: 0.0001826 seconds
2024-10-05T19:00:34.598+0300: 459.903: Application time: 5.3076772 seconds
2024-10-05T19:00:34.598+0300: 459.904: [GC (Allocation Failure) [PSYoungGen: 1391932K->2336K(1394176K)] 1405053K->15465K(4190720K), 0.0012553 secs] [Times: user=0.00 sys=0.00, real=0.00 secs] 
2024-10-05T19:00:34.598+0300: 459.905: Total time for which application threads were stopped: 0.0015434 seconds, Stopping threads took: 0.0001011 seconds
2024-10-05T19:00:39.917+0300: 465.218: Application time: 5.3129542 seconds
2024-10-05T19:00:39.917+0300: 465.218: [GC (Allocation Failure) [PSYoungGen: 1393856K->1888K(1394176K)] 1406985K->15025K(4190720K), 0.0009255 secs] [Times: user=0.00 sys=0.00, real=0.00 secs] 
2024-10-05T19:00:39.917+0300: 465.219: Total time for which application threads were stopped: 0.0012693 seconds, Stopping threads took: 0.0001422 seconds
2024-10-05T19:00:45.221+0300: 470.525: Application time: 5.3063011 seconds
2024-10-05T19:00:45.221+0300: 470.526: [GC (Allocation Failure) [PSYoungGen: 1392180K->1376K(1394176K)] 1405318K->14529K(4190720K), 0.0007650 secs] [Times: user=0.00 sys=0.00, real=0.00 secs] 
2024-10-05T19:00:45.221+0300: 470.527: Total time for which application threads were stopped: 0.0010597 seconds, Stopping threads took: 0.0001625 seconds
2024-10-05T19:00:50.541+0300: 475.838: Application time: 5.3110509 seconds
2024-10-05T19:00:50.541+0300: 475.838: [GC (Allocation Failure) [PSYoungGen: 1391943K->1328K(1394688K)] 1405096K->14489K(4191232K), 0.0008128 secs] [Times: user=0.00 sys=0.00, real=0.00 secs] 
2024-10-05T19:00:50.541+0300: 475.839: Total time for which application threads were stopped: 0.0010797 seconds, Stopping threads took: 0.0001381 seconds
2024-10-05T19:00:55.843+0300: 481.153: Application time: 5.3144077 seconds
2024-10-05T19:00:55.859+0300: 481.153: [GC (Allocation Failure) [PSYoungGen: 1392695K->768K(1394688K)] 1405857K->13937K(4191232K), 0.0007375 secs] [Times: user=0.00 sys=0.00, real=0.00 secs] 
2024-10-05T19:00:55.859+0300: 481.154: Total time for which application threads were stopped: 0.0011180 seconds, Stopping threads took: 0.0002394 seconds
2024-10-05T19:01:01.162+0300: 486.471: Application time: 5.3163970 seconds
2024-10-05T19:01:01.162+0300: 486.471: [GC (Allocation Failure) [PSYoungGen: 1392213K->2368K(1394688K)] 1405382K->15545K(4191232K), 0.0008899 secs] [Times: user=0.00 sys=0.00, real=0.00 secs] 
2024-10-05T19:01:01.162+0300: 486.472: Total time for which application threads were stopped: 0.0011729 seconds, Stopping threads took: 0.0001472 seconds
2024-10-05T19:01:06.481+0300: 491.783: Application time: 5.3114626 seconds
2024-10-05T19:01:06.481+0300: 491.783: [GC (Allocation Failure) [PSYoungGen: 1393964K->2352K(1394176K)] 1407141K->15537K(4190720K), 0.0008585 secs] [Times: user=0.00 sys=0.00, real=0.00 secs] 
2024-10-05T19:01:06.481+0300: 491.784: Total time for which application threads were stopped: 0.0011740 seconds, Stopping threads took: 0.0001898 seconds
2024-10-05T19:01:11.798+0300: 497.097: Application time: 5.3130722 seconds
2024-10-05T19:01:11.798+0300: 497.098: [GC (Allocation Failure) [PSYoungGen: 1393904K->1856K(1394176K)] 1407090K->15049K(4190720K), 0.0007327 secs] [Times: user=0.00 sys=0.00, real=0.00 secs] 
2024-10-05T19:01:11.798+0300: 497.099: Total time for which application threads were stopped: 0.0010574 seconds, Stopping threads took: 0.0001777 seconds
2024-10-05T19:01:12.787+0300: 498.090: Application time: 0.9912890 seconds
2024-10-05T19:01:12.787+0300: 498.090: Total time for which application threads were stopped: 0.0002458 seconds, Stopping threads took: 0.0001925 seconds
2024-10-05T19:01:13.054+0300: 498.350: Application time: 0.2599737 seconds
2024-10-05T19:01:13.054+0300: 498.350: Total time for which application threads were stopped: 0.0001502 seconds, Stopping threads took: 0.0000939 seconds
2024-10-05T19:01:13.477+0300: 498.776: Application time: 0.4255276 seconds
2024-10-05T19:01:13.477+0300: 498.776: Total time for which application threads were stopped: 0.0003183 seconds, Stopping threads took: 0.0002986 seconds
2024-10-05T19:01:17.006+0300: 502.301: Application time: 3.5248689 seconds
2024-10-05T19:01:17.006+0300: 502.301: [GC (Allocation Failure) [PSYoungGen: 1392428K->3360K(1394176K)] 1405622K->17073K(4190720K), 0.0011566 secs] [Times: user=0.02 sys=0.00, real=0.00 secs] 
2024-10-05T19:01:17.006+0300: 502.302: Total time for which application threads were stopped: 0.0015124 seconds, Stopping threads took: 0.0001313 seconds
2024-10-05T19:01:21.620+0300: 506.924: Application time: 4.6219898 seconds
2024-10-05T19:01:21.620+0300: 506.925: [GC (Allocation Failure) [PSYoungGen: 1393727K->1312K(1394176K)] 1407441K->19169K(4190720K), 0.0017082 secs] [Times: user=0.00 sys=0.00, real=0.00 secs] 
2024-10-05T19:01:21.620+0300: 506.926: Total time for which application threads were stopped: 0.0020292 seconds, Stopping threads took: 0.0001391 seconds
2024-10-05T19:01:26.891+0300: 512.195: Application time: 5.2682168 seconds
2024-10-05T19:01:26.891+0300: 512.195: [GC (Allocation Failure) [PSYoungGen: 1391624K->2368K(1393152K)] 1409482K->20233K(4189696K), 0.0009049 secs] [Times: user=0.00 sys=0.00, real=0.00 secs] 
2024-10-05T19:01:26.891+0300: 512.196: Total time for which application threads were stopped: 0.0011741 seconds, Stopping threads took: 0.0001205 seconds
2024-10-05T19:01:32.197+0300: 517.503: Application time: 5.3072014 seconds
2024-10-05T19:01:32.197+0300: 517.503: [GC (Allocation Failure) [PSYoungGen: 1392457K->1360K(1394176K)] 1410323K->19233K(4190720K), 0.0008838 secs] [Times: user=0.00 sys=0.00, real=0.00 secs] 
2024-10-05T19:01:32.197+0300: 517.504: Total time for which application threads were stopped: 0.0011701 seconds, Stopping threads took: 0.0001302 seconds
2024-10-05T19:01:37.486+0300: 522.790: Application time: 5.2860921 seconds
2024-10-05T19:01:37.486+0300: 522.791: [GC (Allocation Failure) [PSYoungGen: 1390974K->1312K(1393664K)] 1408847K->19209K(4190208K), 0.0008865 secs] [Times: user=0.00 sys=0.00, real=0.00 secs] 
2024-10-05T19:01:37.486+0300: 522.792: Total time for which application threads were stopped: 0.0011973 seconds, Stopping threads took: 0.0001727 seconds
2024-10-05T19:01:42.756+0300: 528.065: Application time: 5.2739506 seconds
2024-10-05T19:01:42.756+0300: 528.066: [GC (Allocation Failure) [PSYoungGen: 1391166K->1792K(1394176K)] 1409064K->19697K(4190720K), 0.0010694 secs] [Times: user=0.01 sys=0.00, real=0.02 secs] 
2024-10-05T19:01:42.772+0300: 528.067: Total time for which application threads were stopped: 0.0013949 seconds, Stopping threads took: 0.0001435 seconds
2024-10-05T19:01:48.044+0300: 533.351: Application time: 5.2838443 seconds
2024-10-05T19:01:48.044+0300: 533.351: [GC (Allocation Failure) [PSYoungGen: 1391895K->1312K(1394176K)] 1409801K->19225K(4190720K), 0.0009200 secs] [Times: user=0.00 sys=0.00, real=0.00 secs] 
2024-10-05T19:01:48.044+0300: 533.352: Total time for which application threads were stopped: 0.0013841 seconds, Stopping threads took: 0.0002494 seconds
2024-10-05T19:01:53.299+0300: 538.599: Application time: 5.2468819 seconds
2024-10-05T19:01:53.299+0300: 538.599: [GC (Allocation Failure) [PSYoungGen: 1391904K->2320K(1394176K)] 1409817K->20241K(4190720K), 0.0009048 secs] [Times: user=0.00 sys=0.00, real=0.00 secs] 
2024-10-05T19:01:53.299+0300: 538.600: Total time for which application threads were stopped: 0.0012813 seconds, Stopping threads took: 0.0002012 seconds
2024-10-05T19:01:58.570+0300: 543.866: Application time: 5.2662022 seconds
2024-10-05T19:01:58.570+0300: 543.867: [GC (Allocation Failure) [PSYoungGen: 1392905K->800K(1394176K)] 1410826K->18737K(4190720K), 0.0007494 secs] [Times: user=0.00 sys=0.00, real=0.00 secs] 
2024-10-05T19:01:58.570+0300: 543.867: Total time for which application threads were stopped: 0.0010153 seconds, Stopping threads took: 0.0001044 seconds
2024-10-05T19:01:59.574+0300: 544.869: Application time: 1.0013763 seconds
2024-10-05T19:01:59.574+0300: 544.869: Total time for which application threads were stopped: 0.0003301 seconds, Stopping threads took: 0.0002714 seconds
2024-10-05T19:02:03.842+0300: 549.141: Application time: 4.2718167 seconds
2024-10-05T19:02:03.842+0300: 549.141: [GC (Allocation Failure) [PSYoungGen: 1391385K->1344K(1394176K)] 1409322K->19289K(4190720K), 0.0008905 secs] [Times: user=0.00 sys=0.00, real=0.00 secs] 
2024-10-05T19:02:03.842+0300: 549.142: Total time for which application threads were stopped: 0.0011486 seconds, Stopping threads took: 0.0000923 seconds
2024-10-05T19:02:09.116+0300: 554.415: Application time: 5.2728246 seconds
2024-10-05T19:02:09.116+0300: 554.415: [GC (Allocation Failure) [PSYoungGen: 1391745K->1856K(1394176K)] 1409691K->19825K(4190720K), 0.0007775 secs] [Times: user=0.00 sys=0.00, real=0.00 secs] 
2024-10-05T19:02:09.116+0300: 554.416: Total time for which application threads were stopped: 0.0011227 seconds, Stopping threads took: 0.0002218 seconds
2024-10-05T19:02:14.404+0300: 559.708: Application time: 5.2923185 seconds
2024-10-05T19:02:14.404+0300: 559.709: [GC (Allocation Failure) [PSYoungGen: 1392356K->2368K(1394176K)] 1410325K->20345K(4190720K), 0.0007684 secs] [Times: user=0.00 sys=0.00, real=0.00 secs] 
2024-10-05T19:02:14.404+0300: 559.709: Total time for which application threads were stopped: 0.0010328 seconds, Stopping threads took: 0.0001403 seconds
2024-10-05T19:02:19.690+0300: 564.989: Application time: 5.2795691 seconds
2024-10-05T19:02:19.690+0300: 564.989: [GC (Allocation Failure) [PSYoungGen: 1392832K->2352K(1394176K)] 1410810K->20361K(4190720K), 0.0008857 secs] [Times: user=0.00 sys=0.00, real=0.00 secs] 
2024-10-05T19:02:19.690+0300: 564.990: Total time for which application threads were stopped: 0.0012219 seconds, Stopping threads took: 0.0001954 seconds
2024-10-05T19:02:24.979+0300: 570.284: Application time: 5.2937822 seconds
2024-10-05T19:02:24.979+0300: 570.284: [GC (Allocation Failure) [PSYoungGen: 1392888K->1376K(1394176K)] 1410897K->19393K(4190720K), 0.0007491 secs] [Times: user=0.00 sys=0.00, real=0.00 secs] 
2024-10-05T19:02:24.979+0300: 570.285: Total time for which application threads were stopped: 0.0010338 seconds, Stopping threads took: 0.0001511 seconds
2024-10-05T19:02:30.251+0300: 575.557: Application time: 5.2717037 seconds
2024-10-05T19:02:30.251+0300: 575.557: [GC (Allocation Failure) [PSYoungGen: 1391571K->1344K(1394176K)] 1409588K->19377K(4190720K), 0.0007773 secs] [Times: user=0.00 sys=0.00, real=0.00 secs] 
2024-10-05T19:02:30.251+0300: 575.558: Total time for which application threads were stopped: 0.0010596 seconds, Stopping threads took: 0.0001730 seconds
2024-10-05T19:02:35.524+0300: 580.819: Application time: 5.2612822 seconds
2024-10-05T19:02:35.524+0300: 580.819: [GC (Allocation Failure) [PSYoungGen: 1391592K->1872K(1394688K)] 1409626K->19913K(4191232K), 0.0007624 secs] [Times: user=0.00 sys=0.00, real=0.00 secs] 
2024-10-05T19:02:35.524+0300: 580.820: Total time for which application threads were stopped: 0.0010650 seconds, Stopping threads took: 0.0001874 seconds
2024-10-05T19:02:40.803+0300: 586.100: Application time: 5.2792865 seconds
2024-10-05T19:02:40.803+0300: 586.100: [GC (Allocation Failure) [PSYoungGen: 1392549K->1776K(1394176K)] 1410591K->19825K(4190720K), 0.0013127 secs] [Times: user=0.00 sys=0.00, real=0.00 secs] 
2024-10-05T19:02:40.803+0300: 586.101: Total time for which application threads were stopped: 0.0016748 seconds, Stopping threads took: 0.0001808 seconds
2024-10-05T19:02:46.067+0300: 591.372: Application time: 5.2706920 seconds
2024-10-05T19:02:46.067+0300: 591.372: [GC (Allocation Failure) [PSYoungGen: 1392868K->1872K(1394688K)] 1410918K->19929K(4191232K), 0.0009065 secs] [Times: user=0.00 sys=0.00, real=0.00 secs] 
2024-10-05T19:02:46.067+0300: 591.373: Total time for which application threads were stopped: 0.0011908 seconds, Stopping threads took: 0.0001286 seconds
2024-10-05T19:02:51.310+0300: 596.615: Application time: 5.2424036 seconds
2024-10-05T19:02:51.310+0300: 596.616: [GC (Allocation Failure) [PSYoungGen: 1393349K->2896K(1394688K)] 1411406K->20969K(4191232K), 0.0010137 secs] [Times: user=0.00 sys=0.00, real=0.00 secs] 
2024-10-05T19:02:51.310+0300: 596.617: Total time for which application threads were stopped: 0.0013521 seconds, Stopping threads took: 0.0001679 seconds
2024-10-05T19:02:56.598+0300: 601.897: Application time: 5.2806174 seconds
2024-10-05T19:02:56.598+0300: 601.898: [GC (Allocation Failure) [PSYoungGen: 1394256K->1344K(1393664K)] 1412329K->19425K(4190208K), 0.0007482 secs] [Times: user=0.00 sys=0.00, real=0.00 secs] 
2024-10-05T19:02:56.598+0300: 601.899: Total time for which application threads were stopped: 0.0010546 seconds, Stopping threads took: 0.0001556 seconds
2024-10-05T19:03:01.854+0300: 607.158: Application time: 5.2596824 seconds
2024-10-05T19:03:01.854+0300: 607.158: [GC (Allocation Failure) [PSYoungGen: 1391686K->1792K(1394176K)] 1409767K->19881K(4190720K), 0.0008791 secs] [Times: user=0.00 sys=0.00, real=0.00 secs] 
2024-10-05T19:03:01.854+0300: 607.159: Total time for which application threads were stopped: 0.0011587 seconds, Stopping threads took: 0.0001312 seconds
2024-10-05T19:03:08.257+0300: 613.560: Application time: 6.4009271 seconds
2024-10-05T19:03:08.257+0300: 613.561: [GC (Allocation Failure) [PSYoungGen: 1392084K->2384K(1393664K)] 1410173K->20481K(4190208K), 0.0028441 secs] [Times: user=0.00 sys=0.00, real=0.00 secs] 
2024-10-05T19:03:08.257+0300: 613.563: Total time for which application threads were stopped: 0.0032016 seconds, Stopping threads took: 0.0001892 seconds
2024-10-05T19:03:13.623+0300: 618.922: Application time: 5.3583047 seconds
2024-10-05T19:03:13.623+0300: 618.922: [GC (Allocation Failure) [PSYoungGen: 1392497K->1856K(1394176K)] 1410594K->19969K(4190720K), 0.0023531 secs] [Times: user=0.00 sys=0.00, real=0.00 secs] 
2024-10-05T19:03:13.623+0300: 618.925: Total time for which application threads were stopped: 0.0027508 seconds, Stopping threads took: 0.0001910 seconds
2024-10-05T19:03:18.896+0300: 624.196: Application time: 5.2713468 seconds
2024-10-05T19:03:18.896+0300: 624.196: [GC (Allocation Failure) [PSYoungGen: 1392345K->736K(1394688K)] 1410458K->18857K(4191232K), 0.0007725 secs] [Times: user=0.00 sys=0.00, real=0.00 secs] 
2024-10-05T19:03:18.896+0300: 624.197: Total time for which application threads were stopped: 0.0010589 seconds, Stopping threads took: 0.0001568 seconds
2024-10-05T19:03:24.168+0300: 629.466: Application time: 5.2695302 seconds
2024-10-05T19:03:24.168+0300: 629.467: [GC (Allocation Failure) [PSYoungGen: 1392069K->1344K(1394688K)] 1410190K->19473K(4191232K), 0.0016056 secs] [Times: user=0.00 sys=0.00, real=0.00 secs] 
2024-10-05T19:03:24.168+0300: 629.468: Total time for which application threads were stopped: 0.0018928 seconds, Stopping threads took: 0.0001446 seconds
2024-10-05T19:03:29.473+0300: 634.770: Application time: 5.3019551 seconds
2024-10-05T19:03:29.473+0300: 634.771: [GC (Allocation Failure) [PSYoungGen: 1392732K->2384K(1393664K)] 1410862K->20521K(4190208K), 0.0009458 secs] [Times: user=0.00 sys=0.00, real=0.00 secs] 
2024-10-05T19:03:29.473+0300: 634.772: Total time for which application threads were stopped: 0.0013417 seconds, Stopping threads took: 0.0002526 seconds
2024-10-05T19:03:34.728+0300: 640.038: Application time: 5.2660836 seconds
2024-10-05T19:03:34.728+0300: 640.038: [GC (Allocation Failure) [PSYoungGen: 1392976K->2368K(1394176K)] 1411113K->20513K(4190720K), 0.0010591 secs] [Times: user=0.01 sys=0.00, real=0.02 secs] 
2024-10-05T19:03:34.744+0300: 640.039: Total time for which application threads were stopped: 0.0014077 seconds, Stopping threads took: 0.0001857 seconds
2024-10-05T19:03:36.753+0300: 642.047: Application time: 2.0080660 seconds
2024-10-05T19:03:36.753+0300: 642.048: Total time for which application threads were stopped: 0.0003618 seconds, Stopping threads took: 0.0002793 seconds
2024-10-05T19:03:37.757+0300: 643.052: Application time: 1.0040894 seconds
2024-10-05T19:03:37.757+0300: 643.052: Total time for which application threads were stopped: 0.0003449 seconds, Stopping threads took: 0.0002580 seconds
2024-10-05T19:03:40.032+0300: 645.338: Application time: 2.2859685 seconds
2024-10-05T19:03:40.032+0300: 645.338: [GC (Allocation Failure) [PSYoungGen: 1392703K->1856K(1394176K)] 1410849K->20009K(4190720K), 0.0011186 secs] [Times: user=0.00 sys=0.00, real=0.00 secs] 
2024-10-05T19:03:40.032+0300: 645.339: Total time for which application threads were stopped: 0.0013587 seconds, Stopping threads took: 0.0001047 seconds
2024-10-05T19:03:45.304+0300: 650.600: Application time: 5.2602132 seconds
2024-10-05T19:03:45.304+0300: 650.600: [GC (Allocation Failure) [PSYoungGen: 1392320K->2864K(1394176K)] 1410473K->21033K(4190720K), 0.0017934 secs] [Times: user=0.00 sys=0.00, real=0.00 secs] 
2024-10-05T19:03:45.304+0300: 650.602: Total time for which application threads were stopped: 0.0022109 seconds, Stopping threads took: 0.0001829 seconds
2024-10-05T19:03:50.559+0300: 655.869: Application time: 5.2671529 seconds
2024-10-05T19:03:50.575+0300: 655.869: [GC (Allocation Failure) [PSYoungGen: 1393360K->2816K(1394176K)] 1411529K->20993K(4190720K), 0.0010330 secs] [Times: user=0.00 sys=0.00, real=0.00 secs] 
2024-10-05T19:03:50.575+0300: 655.870: Total time for which application threads were stopped: 0.0014447 seconds, Stopping threads took: 0.0001814 seconds
2024-10-05T19:03:55.844+0300: 661.140: Application time: 5.2698634 seconds
2024-10-05T19:03:55.844+0300: 661.141: [GC (Allocation Failure) [PSYoungGen: 1393321K->816K(1394176K)] 1411499K->19001K(4190720K), 0.0006499 secs] [Times: user=0.00 sys=0.00, real=0.00 secs] 
2024-10-05T19:03:55.844+0300: 661.141: Total time for which application threads were stopped: 0.0009160 seconds, Stopping threads took: 0.0001569 seconds
2024-10-05T19:04:01.134+0300: 666.430: Application time: 5.2889603 seconds
2024-10-05T19:04:01.134+0300: 666.430: [GC (Allocation Failure) [PSYoungGen: 1391380K->832K(1393152K)] 1409565K->19025K(4189696K), 0.0008339 secs] [Times: user=0.00 sys=0.00, real=0.00 secs] 
2024-10-05T19:04:01.134+0300: 666.431: Total time for which application threads were stopped: 0.0011116 seconds, Stopping threads took: 0.0000977 seconds
2024-10-05T19:04:06.155+0300: 671.449: Application time: 5.0179671 seconds
2024-10-05T19:04:06.155+0300: 671.450: Total time for which application threads were stopped: 0.0003395 seconds, Stopping threads took: 0.0002587 seconds
2024-10-05T19:04:06.406+0300: 671.714: Application time: 0.2641916 seconds
2024-10-05T19:04:06.406+0300: 671.714: [GC (Allocation Failure) [PSYoungGen: 1389983K->2368K(1393664K)] 1408177K->20569K(4190208K), 0.0009215 secs] [Times: user=0.00 sys=0.00, real=0.00 secs] 
2024-10-05T19:04:06.406+0300: 671.715: Total time for which application threads were stopped: 0.0012365 seconds, Stopping threads took: 0.0001953 seconds
2024-10-05T19:04:11.679+0300: 676.984: Application time: 5.2685412 seconds
2024-10-05T19:04:11.679+0300: 676.984: [GC (Allocation Failure) [PSYoungGen: 1391461K->2880K(1393664K)] 1409663K->21089K(4190208K), 0.0014987 secs] [Times: user=0.00 sys=0.00, real=0.00 secs] 
2024-10-05T19:04:11.679+0300: 676.985: Total time for which application threads were stopped: 0.0018373 seconds, Stopping threads took: 0.0001790 seconds
2024-10-05T19:04:16.951+0300: 682.260: Application time: 5.2743514 seconds
2024-10-05T19:04:16.951+0300: 682.260: [GC (Allocation Failure) [PSYoungGen: 1392423K->1312K(1393664K)] 1410633K->19529K(4190208K), 0.0007609 secs] [Times: user=0.00 sys=0.00, real=0.00 secs] 
2024-10-05T19:04:16.951+0300: 682.261: Total time for which application threads were stopped: 0.0010322 seconds, Stopping threads took: 0.0001525 seconds
2024-10-05T19:04:22.221+0300: 687.525: Application time: 5.2645886 seconds
2024-10-05T19:04:22.221+0300: 687.526: [GC (Allocation Failure) [PSYoungGen: 1390832K->1344K(1393664K)] 1409049K->19585K(4190208K), 0.0006835 secs] [Times: user=0.00 sys=0.00, real=0.00 secs] 
2024-10-05T19:04:22.221+0300: 687.526: Total time for which application threads were stopped: 0.0009287 seconds, Stopping threads took: 0.0001337 seconds
2024-10-05T19:04:27.480+0300: 692.783: Application time: 5.2567436 seconds
2024-10-05T19:04:27.480+0300: 692.783: [GC (Allocation Failure) [PSYoungGen: 1390633K->800K(1393664K)] 1408874K->19073K(4190208K), 0.0008262 secs] [Times: user=0.00 sys=0.00, real=0.00 secs] 
2024-10-05T19:04:27.480+0300: 692.784: Total time for which application threads were stopped: 0.0011034 seconds, Stopping threads took: 0.0001555 seconds
2024-10-05T19:04:32.736+0300: 698.034: Application time: 5.2498653 seconds
2024-10-05T19:04:32.736+0300: 698.034: [GC (Allocation Failure) [PSYoungGen: 1390002K->1344K(1394176K)] 1408276K->19625K(4190720K), 0.0008928 secs] [Times: user=0.00 sys=0.00, real=0.00 secs] 
2024-10-05T19:04:32.736+0300: 698.035: Total time for which application threads were stopped: 0.0012728 seconds, Stopping threads took: 0.0002173 seconds
2024-10-05T19:04:38.009+0300: 703.312: Application time: 5.2764904 seconds
2024-10-05T19:04:38.009+0300: 703.312: [GC (Allocation Failure) [PSYoungGen: 1391107K->1856K(1393664K)] 1409389K->20145K(4190208K), 0.0007289 secs] [Times: user=0.00 sys=0.00, real=0.00 secs] 
2024-10-05T19:04:38.009+0300: 703.313: Total time for which application threads were stopped: 0.0009699 seconds, Stopping threads took: 0.0001359 seconds
2024-10-05T19:04:43.314+0300: 708.616: Application time: 5.3029518 seconds
2024-10-05T19:04:43.314+0300: 708.616: [GC (Allocation Failure) [PSYoungGen: 1391448K->1312K(1394176K)] 1409737K->19609K(4190720K), 0.0009279 secs] [Times: user=0.00 sys=0.00, real=0.00 secs] 
2024-10-05T19:04:43.314+0300: 708.617: Total time for which application threads were stopped: 0.0014000 seconds, Stopping threads took: 0.0003231 seconds
2024-10-05T19:04:48.585+0300: 713.888: Application time: 5.2705404 seconds
2024-10-05T19:04:48.585+0300: 713.888: [GC (Allocation Failure) [PSYoungGen: 1391612K->1328K(1394176K)] 1409909K->19633K(4190720K), 0.0008765 secs] [Times: user=0.00 sys=0.00, real=0.00 secs] 
2024-10-05T19:04:48.585+0300: 713.889: Total time for which application threads were stopped: 0.0012052 seconds, Stopping threads took: 0.0001768 seconds
2024-10-05T19:04:53.873+0300: 719.169: Application time: 5.2797067 seconds
2024-10-05T19:04:53.873+0300: 719.169: [GC (Allocation Failure) [PSYoungGen: 1391893K->2848K(1394176K)] 1410198K->21161K(4190720K), 0.0011395 secs] [Times: user=0.00 sys=0.00, real=0.00 secs] 
2024-10-05T19:04:53.873+0300: 719.170: Total time for which application threads were stopped: 0.0015315 seconds, Stopping threads took: 0.0002026 seconds
2024-10-05T19:04:59.130+0300: 724.430: Application time: 5.2595825 seconds
2024-10-05T19:04:59.130+0300: 724.430: [GC (Allocation Failure) [PSYoungGen: 1393232K->272K(1394176K)] 1411545K->18593K(4190720K), 0.0006326 secs] [Times: user=0.00 sys=0.00, real=0.00 secs] 
2024-10-05T19:04:59.130+0300: 724.431: Total time for which application threads were stopped: 0.0009294 seconds, Stopping threads took: 0.0001716 seconds
2024-10-05T19:05:04.400+0300: 729.699: Application time: 5.2683259 seconds
2024-10-05T19:05:04.400+0300: 729.699: [GC (Allocation Failure) [PSYoungGen: 1390431K->816K(1394176K)] 1408753K->19145K(4190720K), 0.0008341 secs] [Times: user=0.00 sys=0.00, real=0.00 secs] 
2024-10-05T19:05:04.400+0300: 729.700: Total time for which application threads were stopped: 0.0011858 seconds, Stopping threads took: 0.0002143 seconds
2024-10-05T19:05:09.672+0300: 734.971: Application time: 5.2709108 seconds
2024-10-05T19:05:09.672+0300: 734.971: [GC (Allocation Failure) [PSYoungGen: 1391269K->304K(1394176K)] 1409599K->18641K(4190720K), 0.0008217 secs] [Times: user=0.00 sys=0.00, real=0.00 secs] 
2024-10-05T19:05:09.672+0300: 734.972: Total time for which application threads were stopped: 0.0010759 seconds, Stopping threads took: 0.0000949 seconds
2024-10-05T19:05:14.239+0300: 739.541: Application time: 4.5691364 seconds
2024-10-05T19:05:14.239+0300: 739.542: Total time for which application threads were stopped: 0.0003268 seconds, Stopping threads took: 0.0002570 seconds
2024-10-05T19:05:14.396+0300: 739.701: Application time: 0.1593044 seconds
2024-10-05T19:05:14.396+0300: 739.701: Total time for which application threads were stopped: 0.0002187 seconds, Stopping threads took: 0.0001554 seconds
2024-10-05T19:05:14.803+0300: 740.104: Application time: 0.4033229 seconds
2024-10-05T19:05:14.803+0300: 740.105: Total time for which application threads were stopped: 0.0001403 seconds, Stopping threads took: 0.0001099 seconds
2024-10-05T19:05:14.929+0300: 740.224: Application time: 0.1197344 seconds
2024-10-05T19:05:14.929+0300: 740.225: Total time for which application threads were stopped: 0.0002680 seconds, Stopping threads took: 0.0002261 seconds
2024-10-05T19:05:15.149+0300: 740.446: Application time: 0.2212021 seconds
2024-10-05T19:05:15.149+0300: 740.446: [GC (Allocation Failure) [PSYoungGen: 1390773K->3360K(1393152K)] 1409111K->22737K(4189696K), 0.0010797 secs] [Times: user=0.00 sys=0.00, real=0.00 secs] 
2024-10-05T19:05:15.149+0300: 740.447: Total time for which application threads were stopped: 0.0014143 seconds, Stopping threads took: 0.0001731 seconds
2024-10-05T19:05:19.763+0300: 745.064: Application time: 4.6171313 seconds
2024-10-05T19:05:19.763+0300: 745.065: [GC (Allocation Failure) [PSYoungGen: 1392453K->1344K(1393664K)] 1411830K->24353K(4190208K), 0.0014723 secs] [Times: user=0.00 sys=0.00, real=0.00 secs] 
2024-10-05T19:05:19.763+0300: 745.066: Total time for which application threads were stopped: 0.0017761 seconds, Stopping threads took: 0.0001763 seconds
2024-10-05T19:05:25.066+0300: 750.370: Application time: 5.3038108 seconds
2024-10-05T19:05:25.066+0300: 750.370: [GC (Allocation Failure) [PSYoungGen: 1390895K->1344K(1393664K)] 1413904K->24377K(4190208K), 0.0008378 secs] [Times: user=0.00 sys=0.00, real=0.00 secs] 
2024-10-05T19:05:25.066+0300: 750.371: Total time for which application threads were stopped: 0.0011024 seconds, Stopping threads took: 0.0000990 seconds
2024-10-05T19:05:30.338+0300: 755.645: Application time: 5.2737427 seconds
2024-10-05T19:05:30.338+0300: 755.645: [GC (Allocation Failure) [PSYoungGen: 1390588K->2304K(1393664K)] 1413622K->25353K(4190208K), 0.0008828 secs] [Times: user=0.00 sys=0.00, real=0.00 secs] 
2024-10-05T19:05:30.338+0300: 755.646: Total time for which application threads were stopped: 0.0011750 seconds, Stopping threads took: 0.0001428 seconds
2024-10-05T19:05:35.610+0300: 760.919: Application time: 5.2733968 seconds
2024-10-05T19:05:35.610+0300: 760.920: [GC (Allocation Failure) [PSYoungGen: 1391474K->2880K(1393664K)] 1414524K->25937K(4190208K), 0.0010546 secs] [Times: user=0.01 sys=0.00, real=0.02 secs] 
2024-10-05T19:05:35.626+0300: 760.921: Total time for which application threads were stopped: 0.0014092 seconds, Stopping threads took: 0.0001993 seconds
2024-10-05T19:05:40.914+0300: 766.223: Application time: 5.3021232 seconds
2024-10-05T19:05:40.914+0300: 766.223: [GC (Allocation Failure) [PSYoungGen: 1392038K->1792K(1393664K)] 1415096K->24857K(4190208K), 0.0016341 secs] [Times: user=0.00 sys=0.00, real=0.01 secs] 
2024-10-05T19:05:40.929+0300: 766.225: Total time for which application threads were stopped: 0.0019141 seconds, Stopping threads took: 0.0001368 seconds
2024-10-05T19:05:46.217+0300: 771.514: Application time: 5.2891931 seconds
2024-10-05T19:05:46.217+0300: 771.514: [GC (Allocation Failure) [PSYoungGen: 1391079K->800K(1393664K)] 1414144K->23873K(4190208K), 0.0007289 secs] [Times: user=0.00 sys=0.00, real=0.00 secs] 
2024-10-05T19:05:46.217+0300: 771.515: Total time for which application threads were stopped: 0.0011207 seconds, Stopping threads took: 0.0002540 seconds
2024-10-05T19:05:51.506+0300: 776.806: Application time: 5.2912855 seconds
2024-10-05T19:05:51.506+0300: 776.807: [GC (Allocation Failure) [PSYoungGen: 1390175K->2368K(1393664K)] 1413249K->25449K(4190208K), 0.0009700 secs] [Times: user=0.00 sys=0.00, real=0.00 secs] 
2024-10-05T19:05:51.506+0300: 776.808: Total time for which application threads were stopped: 0.0012989 seconds, Stopping threads took: 0.0001633 seconds
2024-10-05T19:05:56.904+0300: 782.204: Application time: 5.3962136 seconds
2024-10-05T19:05:56.904+0300: 782.204: [GC (Allocation Failure) [PSYoungGen: 1391813K->800K(1393664K)] 1414894K->23889K(4190208K), 0.0007378 secs] [Times: user=0.00 sys=0.00, real=0.00 secs] 
2024-10-05T19:05:56.904+0300: 782.205: Total time for which application threads were stopped: 0.0010361 seconds, Stopping threads took: 0.0001580 seconds
2024-10-05T19:06:02.223+0300: 787.518: Application time: 5.3126870 seconds
2024-10-05T19:06:02.223+0300: 787.518: [GC (Allocation Failure) [PSYoungGen: 1390170K->2384K(1393664K)] 1413259K->25481K(4190208K), 0.0009329 secs] [Times: user=0.00 sys=0.00, real=0.00 secs] 
2024-10-05T19:06:02.223+0300: 787.519: Total time for which application threads were stopped: 0.0012102 seconds, Stopping threads took: 0.0001169 seconds
2024-10-05T19:06:07.510+0300: 792.819: Application time: 5.3001738 seconds
2024-10-05T19:06:07.510+0300: 792.819: [GC (Allocation Failure) [PSYoungGen: 1391619K->1824K(1393664K)] 1414716K->24929K(4190208K), 0.0008313 secs] [Times: user=0.00 sys=0.00, real=0.00 secs] 
2024-10-05T19:06:07.526+0300: 792.820: Total time for which application threads were stopped: 0.0011540 seconds, Stopping threads took: 0.0001433 seconds
2024-10-05T19:06:12.830+0300: 798.130: Application time: 5.3098455 seconds
2024-10-05T19:06:12.830+0300: 798.130: [GC (Allocation Failure) [PSYoungGen: 1391392K->1888K(1393664K)] 1414497K->25001K(4190208K), 0.0008819 secs] [Times: user=0.00 sys=0.00, real=0.00 secs] 
2024-10-05T19:06:12.830+0300: 798.131: Total time for which application threads were stopped: 0.0012406 seconds, Stopping threads took: 0.0002030 seconds
2024-10-05T19:06:18.117+0300: 803.426: Application time: 5.2941821 seconds
2024-10-05T19:06:18.117+0300: 803.426: [GC (Allocation Failure) [PSYoungGen: 1391116K->1328K(1394176K)] 1414229K->24449K(4190720K), 0.0010615 secs] [Times: user=0.02 sys=0.00, real=0.00 secs] 
2024-10-05T19:06:18.117+0300: 803.427: Total time for which application threads were stopped: 0.0014319 seconds, Stopping threads took: 0.0001795 seconds
2024-10-05T19:06:23.420+0300: 808.720: Application time: 5.2931079 seconds
2024-10-05T19:06:23.420+0300: 808.720: [GC (Allocation Failure) [PSYoungGen: 1391804K->1344K(1394176K)] 1414926K->24473K(4190720K), 0.0010015 secs] [Times: user=0.00 sys=0.00, real=0.00 secs] 
2024-10-05T19:06:23.420+0300: 808.721: Total time for which application threads were stopped: 0.0012732 seconds, Stopping threads took: 0.0001348 seconds
2024-10-05T19:06:28.708+0300: 814.018: Application time: 5.2967282 seconds
2024-10-05T19:06:28.708+0300: 814.018: [GC (Allocation Failure) [PSYoungGen: 1391932K->2352K(1394176K)] 1415062K->25489K(4190720K), 0.0011259 secs] [Times: user=0.02 sys=0.00, real=0.02 secs] 
2024-10-05T19:06:28.724+0300: 814.019: Total time for which application threads were stopped: 0.0013667 seconds, Stopping threads took: 0.0000864 seconds
2024-10-05T19:06:34.012+0300: 819.318: Application time: 5.2984244 seconds
2024-10-05T19:06:34.012+0300: 819.318: [GC (Allocation Failure) [PSYoungGen: 1392626K->784K(1394176K)] 1415764K->23953K(4190720K), 0.0006179 secs] [Times: user=0.00 sys=0.00, real=0.00 secs] 
2024-10-05T19:06:34.012+0300: 819.319: Total time for which application threads were stopped: 0.0008453 seconds, Stopping threads took: 0.0001224 seconds
2024-10-05T19:06:39.314+0300: 824.610: Application time: 5.2913438 seconds
2024-10-05T19:06:39.314+0300: 824.610: [GC (Allocation Failure) [PSYoungGen: 1391363K->784K(1394176K)] 1414532K->23961K(4190720K), 0.0006873 secs] [Times: user=0.00 sys=0.00, real=0.00 secs] 
2024-10-05T19:06:39.314+0300: 824.611: Total time for which application threads were stopped: 0.0009990 seconds, Stopping threads took: 0.0002062 seconds
2024-10-05T19:06:44.601+0300: 829.901: Application time: 5.2895969 seconds
2024-10-05T19:06:44.601+0300: 829.901: [GC (Allocation Failure) [PSYoungGen: 1390951K->1856K(1394176K)] 1414129K->25049K(4190720K), 0.0009087 secs] [Times: user=0.00 sys=0.00, real=0.00 secs] 
2024-10-05T19:06:44.601+0300: 829.902: Total time for which application threads were stopped: 0.0012125 seconds, Stopping threads took: 0.0001598 seconds
2024-10-05T19:06:49.889+0300: 835.194: Application time: 5.2921225 seconds
2024-10-05T19:06:49.889+0300: 835.194: [GC (Allocation Failure) [PSYoungGen: 1392295K->1360K(1394176K)] 1415488K->24561K(4190720K), 0.0008752 secs] [Times: user=0.00 sys=0.00, real=0.00 secs] 
2024-10-05T19:06:49.889+0300: 835.195: Total time for which application threads were stopped: 0.0011456 seconds, Stopping threads took: 0.0001638 seconds
2024-10-05T19:06:55.179+0300: 840.485: Application time: 5.2896734 seconds
2024-10-05T19:06:55.179+0300: 840.485: [GC (Allocation Failure) [PSYoungGen: 1391568K->2848K(1394176K)] 1414770K->26065K(4190720K), 0.0011515 secs] [Times: user=0.00 sys=0.00, real=0.00 secs] 
2024-10-05T19:06:55.179+0300: 840.486: Total time for which application threads were stopped: 0.0014579 seconds, Stopping threads took: 0.0001308 seconds
2024-10-05T19:07:00.484+0300: 845.784: Application time: 5.2978426 seconds
2024-10-05T19:07:00.484+0300: 845.784: [GC (Allocation Failure) [PSYoungGen: 1392986K->1856K(1394176K)] 1416203K->25081K(4190720K), 0.0007681 secs] [Times: user=0.00 sys=0.00, real=0.00 secs] 
2024-10-05T19:07:00.484+0300: 845.785: Total time for which application threads were stopped: 0.0010215 seconds, Stopping threads took: 0.0001253 seconds
2024-10-05T19:07:05.786+0300: 851.086: Application time: 5.3010407 seconds
2024-10-05T19:07:05.786+0300: 851.086: [GC (Allocation Failure) [PSYoungGen: 1392312K->2864K(1393664K)] 1415538K->26097K(4190208K), 0.0010160 secs] [Times: user=0.00 sys=0.00, real=0.00 secs] 
2024-10-05T19:07:05.786+0300: 851.088: Total time for which application threads were stopped: 0.0013267 seconds, Stopping threads took: 0.0001440 seconds
2024-10-05T19:07:11.105+0300: 856.414: Application time: 5.3263358 seconds
2024-10-05T19:07:11.105+0300: 856.414: [GC (Allocation Failure) [PSYoungGen: 1393455K->864K(1393664K)] 1416689K->24113K(4190208K), 0.0007335 secs] [Times: user=0.00 sys=0.00, real=0.00 secs] 
2024-10-05T19:07:11.105+0300: 856.415: Total time for which application threads were stopped: 0.0010076 seconds, Stopping threads took: 0.0001220 seconds
2024-10-05T19:07:16.413+0300: 861.714: Application time: 5.2993495 seconds
2024-10-05T19:07:16.413+0300: 861.715: [GC (Allocation Failure) [PSYoungGen: 1389996K->2896K(1393664K)] 1413246K->26169K(4190208K), 0.0010637 secs] [Times: user=0.00 sys=0.00, real=0.00 secs] 
2024-10-05T19:07:16.413+0300: 861.716: Total time for which application threads were stopped: 0.0014443 seconds, Stopping threads took: 0.0001930 seconds
2024-10-05T19:07:21.727+0300: 867.026: Application time: 5.3107543 seconds
2024-10-05T19:07:21.727+0300: 867.027: [GC (Allocation Failure) [PSYoungGen: 1392431K->2336K(1393664K)] 1415705K->25617K(4190208K), 0.0008622 secs] [Times: user=0.00 sys=0.00, real=0.00 secs] 
2024-10-05T19:07:21.727+0300: 867.028: Total time for which application threads were stopped: 0.0011419 seconds, Stopping threads took: 0.0001548 seconds
2024-10-05T19:07:27.014+0300: 872.315: Application time: 5.2877837 seconds
2024-10-05T19:07:27.014+0300: 872.316: [GC (Allocation Failure) [PSYoungGen: 1391663K->1824K(1393664K)] 1414945K->25113K(4190208K), 0.0009872 secs] [Times: user=0.00 sys=0.00, real=0.00 secs] 
2024-10-05T19:07:27.014+0300: 872.317: Total time for which application threads were stopped: 0.0012575 seconds, Stopping threads took: 0.0001214 seconds
2024-10-05T19:07:32.302+0300: 877.606: Application time: 5.2894618 seconds
2024-10-05T19:07:32.302+0300: 877.606: [GC (Allocation Failure) [PSYoungGen: 1391111K->2896K(1393664K)] 1414400K->26201K(4190208K), 0.0009759 secs] [Times: user=0.00 sys=0.00, real=0.00 secs] 
2024-10-05T19:07:32.302+0300: 877.607: Total time for which application threads were stopped: 0.0012807 seconds, Stopping threads took: 0.0001302 seconds
2024-10-05T19:07:37.591+0300: 882.895: Application time: 5.2880637 seconds
2024-10-05T19:07:37.591+0300: 882.896: [GC (Allocation Failure) [PSYoungGen: 1392232K->1840K(1393664K)] 1415537K->25161K(4190208K), 0.0011792 secs] [Times: user=0.00 sys=0.00, real=0.00 secs] 
2024-10-05T19:07:37.591+0300: 882.897: Total time for which application threads were stopped: 0.0015036 seconds, Stopping threads took: 0.0001479 seconds
2024-10-05T19:07:42.894+0300: 888.189: Application time: 5.2917830 seconds
2024-10-05T19:07:42.894+0300: 888.189: [GC (Allocation Failure) [PSYoungGen: 1391155K->1360K(1393664K)] 1414476K->24689K(4190208K), 0.0007692 secs] [Times: user=0.00 sys=0.00, real=0.00 secs] 
2024-10-05T19:07:42.894+0300: 888.190: Total time for which application threads were stopped: 0.0011779 seconds, Stopping threads took: 0.0002927 seconds
2024-10-05T19:07:48.183+0300: 893.489: Application time: 5.2986273 seconds
2024-10-05T19:07:48.183+0300: 893.489: [GC (Allocation Failure) [PSYoungGen: 1390906K->1824K(1393664K)] 1414236K->25161K(4190208K), 0.0007974 secs] [Times: user=0.00 sys=0.00, real=0.00 secs] 
2024-10-05T19:07:48.183+0300: 893.490: Total time for which application threads were stopped: 0.0011095 seconds, Stopping threads took: 0.0001896 seconds
2024-10-05T19:07:53.470+0300: 898.770: Application time: 5.2802226 seconds
2024-10-05T19:07:53.470+0300: 898.770: [GC (Allocation Failure) [PSYoungGen: 1391327K->2352K(1394176K)] 1414664K->25697K(4190720K), 0.0009457 secs] [Times: user=0.00 sys=0.00, real=0.00 secs] 
2024-10-05T19:07:53.470+0300: 898.771: Total time for which application threads were stopped: 0.0012213 seconds, Stopping threads took: 0.0000981 seconds
2024-10-05T19:07:58.757+0300: 904.063: Application time: 5.2914264 seconds
2024-10-05T19:07:58.757+0300: 904.063: [GC (Allocation Failure) [PSYoungGen: 1392721K->1312K(1394176K)] 1416066K->24681K(4190720K), 0.0007205 secs] [Times: user=0.00 sys=0.00, real=0.00 secs] 
2024-10-05T19:07:58.757+0300: 904.064: Total time for which application threads were stopped: 0.0010055 seconds, Stopping threads took: 0.0001767 seconds
2024-10-05T19:08:04.061+0300: 909.364: Application time: 5.3004871 seconds
2024-10-05T19:08:04.061+0300: 909.364: [GC (Allocation Failure) [PSYoungGen: 1391641K->800K(1394176K)] 1415010K->24177K(4190720K), 0.0007470 secs] [Times: user=0.00 sys=0.00, real=0.00 secs] 
2024-10-05T19:08:04.061+0300: 909.365: Total time for which application threads were stopped: 0.0010749 seconds, Stopping threads took: 0.0001835 seconds
2024-10-05T19:08:09.350+0300: 914.655: Application time: 5.2899372 seconds
2024-10-05T19:08:09.350+0300: 914.655: [GC (Allocation Failure) [PSYoungGen: 1390999K->2384K(1394176K)] 1414377K->25777K(4190720K), 0.0009587 secs] [Times: user=0.00 sys=0.00, real=0.00 secs] 
2024-10-05T19:08:09.350+0300: 914.656: Total time for which application threads were stopped: 0.0012621 seconds, Stopping threads took: 0.0001722 seconds
2024-10-05T19:08:14.653+0300: 919.948: Application time: 5.2917847 seconds
2024-10-05T19:08:14.653+0300: 919.948: [GC (Allocation Failure) [PSYoungGen: 1392553K->320K(1393152K)] 1415947K->23721K(4189696K), 0.0007060 secs] [Times: user=0.00 sys=0.00, real=0.00 secs] 
2024-10-05T19:08:14.653+0300: 919.949: Total time for which application threads were stopped: 0.0010081 seconds, Stopping threads took: 0.0001693 seconds
2024-10-05T19:08:19.941+0300: 925.241: Application time: 5.2920018 seconds
2024-10-05T19:08:19.941+0300: 925.241: [GC (Allocation Failure) [PSYoungGen: 1389772K->2368K(1393664K)] 1413174K->25777K(4190208K), 0.0011874 secs] [Times: user=0.00 sys=0.00, real=0.00 secs] 
2024-10-05T19:08:19.941+0300: 925.243: Total time for which application threads were stopped: 0.0014614 seconds, Stopping threads took: 0.0001224 seconds
2024-10-05T19:08:25.246+0300: 930.554: Application time: 5.3113830 seconds
2024-10-05T19:08:25.246+0300: 930.554: [GC (Allocation Failure) [PSYoungGen: 1391825K->2384K(1393664K)] 1415234K->25801K(4190208K), 0.0009726 secs] [Times: user=0.00 sys=0.00, real=0.00 secs] 
2024-10-05T19:08:25.246+0300: 930.555: Total time for which application threads were stopped: 0.0012165 seconds, Stopping threads took: 0.0001021 seconds
2024-10-05T19:08:30.582+0300: 935.882: Application time: 5.3263925 seconds
2024-10-05T19:08:30.582+0300: 935.882: [GC (Allocation Failure) [PSYoungGen: 1391696K->1872K(1393664K)] 1415114K->25305K(4190208K), 0.0010567 secs] [Times: user=0.00 sys=0.00, real=0.00 secs] 
2024-10-05T19:08:30.582+0300: 935.883: Total time for which application threads were stopped: 0.0013107 seconds, Stopping threads took: 0.0001054 seconds
2024-10-05T19:08:35.933+0300: 941.240: Application time: 5.3569041 seconds
2024-10-05T19:08:35.933+0300: 941.240: [GC (Allocation Failure) [PSYoungGen: 1391292K->1856K(1394176K)] 1414726K->25297K(4190720K), 0.0007689 secs] [Times: user=0.00 sys=0.00, real=0.00 secs] 
2024-10-05T19:08:35.933+0300: 941.241: Total time for which application threads were stopped: 0.0009918 seconds, Stopping threads took: 0.0001132 seconds
2024-10-05T19:08:41.236+0300: 946.541: Application time: 5.3003200 seconds
2024-10-05T19:08:41.236+0300: 946.541: [GC (Allocation Failure) [PSYoungGen: 1392363K->1344K(1394176K)] 1415805K->24793K(4190720K), 0.0008273 secs] [Times: user=0.00 sys=0.00, real=0.00 secs] 
2024-10-05T19:08:41.236+0300: 946.542: Total time for which application threads were stopped: 0.0011067 seconds, Stopping threads took: 0.0001243 seconds
2024-10-05T19:08:46.540+0300: 951.840: Application time: 5.2976815 seconds
2024-10-05T19:08:46.540+0300: 951.840: [GC (Allocation Failure) [PSYoungGen: 1391751K->1344K(1394176K)] 1415201K->24809K(4190720K), 0.0008041 secs] [Times: user=0.00 sys=0.00, real=0.00 secs] 
2024-10-05T19:08:46.540+0300: 951.841: Total time for which application threads were stopped: 0.0011286 seconds, Stopping threads took: 0.0001465 seconds
2024-10-05T19:08:51.828+0300: 957.127: Application time: 5.2859207 seconds
2024-10-05T19:08:51.828+0300: 957.127: [GC (Allocation Failure) [PSYoungGen: 1391703K->2384K(1394176K)] 1415168K->25857K(4190720K), 0.0009812 secs] [Times: user=0.00 sys=0.00, real=0.00 secs] 
2024-10-05T19:08:51.828+0300: 957.128: Total time for which application threads were stopped: 0.0012236 seconds, Stopping threads took: 0.0000875 seconds
2024-10-05T19:08:57.114+0300: 962.424: Application time: 5.2959687 seconds
2024-10-05T19:08:57.114+0300: 962.424: [GC (Allocation Failure) [PSYoungGen: 1392976K->864K(1394176K)] 1416449K->24353K(4190720K), 0.0008195 secs] [Times: user=0.01 sys=0.00, real=0.02 secs] 
2024-10-05T19:08:57.130+0300: 962.425: Total time for which application threads were stopped: 0.0011037 seconds, Stopping threads took: 0.0001583 seconds
2024-10-05T19:09:02.417+0300: 967.720: Application time: 5.2945952 seconds
2024-10-05T19:09:02.417+0300: 967.720: [GC (Allocation Failure) [PSYoungGen: 1391297K->2400K(1394176K)] 1414787K->25897K(4190720K), 0.0008930 secs] [Times: user=0.00 sys=0.00, real=0.00 secs] 
2024-10-05T19:09:02.417+0300: 967.721: Total time for which application threads were stopped: 0.0012223 seconds, Stopping threads took: 0.0001768 seconds
2024-10-05T19:09:07.704+0300: 973.012: Application time: 5.2906120 seconds
2024-10-05T19:09:07.704+0300: 973.012: [GC (Allocation Failure) [PSYoungGen: 1392897K->2400K(1394176K)] 1416395K->25905K(4190720K), 0.0008908 secs] [Times: user=0.00 sys=0.00, real=0.00 secs] 
2024-10-05T19:09:07.704+0300: 973.013: Total time for which application threads were stopped: 0.0012036 seconds, Stopping threads took: 0.0001604 seconds
2024-10-05T19:09:12.991+0300: 978.298: Application time: 5.2848212 seconds
2024-10-05T19:09:12.991+0300: 978.298: [GC (Allocation Failure) [PSYoungGen: 1392686K->1872K(1394176K)] 1416192K->25385K(4190720K), 0.0008524 secs] [Times: user=0.00 sys=0.00, real=0.00 secs] 
2024-10-05T19:09:12.991+0300: 978.299: Total time for which application threads were stopped: 0.0012292 seconds, Stopping threads took: 0.0002317 seconds
2024-10-05T19:09:15.706+0300: 981.003: Application time: 2.7043700 seconds
2024-10-05T19:09:15.706+0300: 981.004: Total time for which application threads were stopped: 0.0003017 seconds, Stopping threads took: 0.0002108 seconds
2024-10-05T19:09:16.381+0300: 981.676: Application time: 0.6723689 seconds
2024-10-05T19:09:16.381+0300: 981.676: Total time for which application threads were stopped: 0.0004198 seconds, Stopping threads took: 0.0003987 seconds
2024-10-05T19:09:18.358+0300: 983.664: Application time: 1.9876292 seconds
2024-10-05T19:09:18.358+0300: 983.664: [GC (Allocation Failure) [PSYoungGen: 1392024K->3392K(1393152K)] 1415538K->27953K(4189696K), 0.0010919 secs] [Times: user=0.00 sys=0.00, real=0.00 secs] 
2024-10-05T19:09:18.358+0300: 983.665: Total time for which application threads were stopped: 0.0014103 seconds, Stopping threads took: 0.0001842 seconds
2024-10-05T19:09:23.000+0300: 988.297: Application time: 4.6320379 seconds
2024-10-05T19:09:23.000+0300: 988.298: [GC (Allocation Failure) [PSYoungGen: 1392921K->1328K(1393664K)] 1417482K->30025K(4190208K), 0.0015197 secs] [Times: user=0.00 sys=0.00, real=0.00 secs] 
2024-10-05T19:09:23.000+0300: 988.299: Total time for which application threads were stopped: 0.0018708 seconds, Stopping threads took: 0.0002060 seconds
2024-10-05T19:09:28.334+0300: 993.639: Application time: 5.3394729 seconds
2024-10-05T19:09:28.334+0300: 993.639: [GC (Allocation Failure) [PSYoungGen: 1390797K->2304K(1393664K)] 1419495K->31041K(4190208K), 0.0010274 secs] [Times: user=0.00 sys=0.00, real=0.00 secs] 
2024-10-05T19:09:28.334+0300: 993.640: Total time for which application threads were stopped: 0.0013683 seconds, Stopping threads took: 0.0001658 seconds
2024-10-05T19:09:33.686+0300: 998.983: Application time: 5.3423985 seconds
2024-10-05T19:09:33.686+0300: 998.983: [GC (Allocation Failure) [PSYoungGen: 1391464K->1840K(1393664K)] 1420202K->30585K(4190208K), 0.0007816 secs] [Times: user=0.00 sys=0.00, real=0.00 secs] 
2024-10-05T19:09:33.686+0300: 998.984: Total time for which application threads were stopped: 0.0010294 seconds, Stopping threads took: 0.0000712 seconds
2024-10-05T19:09:39.052+0300: 1004.361: Application time: 5.3770794 seconds
2024-10-05T19:09:39.052+0300: 1004.361: [GC (Allocation Failure) [PSYoungGen: 1391071K->1328K(1394176K)] 1419817K->30097K(4190720K), 0.0008988 secs] [Times: user=0.00 sys=0.00, real=0.01 secs] 
2024-10-05T19:09:39.067+0300: 1004.362: Total time for which application threads were stopped: 0.0012797 seconds, Stopping threads took: 0.0001873 seconds
2024-10-05T19:09:44.403+0300: 1009.700: Application time: 5.3379253 seconds
2024-10-05T19:09:44.403+0300: 1009.700: [GC (Allocation Failure) [PSYoungGen: 1391454K->1872K(1394176K)] 1420223K->30649K(4190720K), 0.0009667 secs] [Times: user=0.00 sys=0.00, real=0.00 secs] 
2024-10-05T19:09:44.403+0300: 1009.701: Total time for which application threads were stopped: 0.0013062 seconds, Stopping threads took: 0.0001913 seconds
2024-10-05T19:09:49.755+0300: 1015.061: Application time: 5.3600755 seconds
2024-10-05T19:09:49.755+0300: 1015.062: [GC (Allocation Failure) [PSYoungGen: 1392205K->1824K(1394176K)] 1420982K->30617K(4190720K), 0.0009058 secs] [Times: user=0.00 sys=0.00, real=0.00 secs] 
2024-10-05T19:09:49.755+0300: 1015.063: Total time for which application threads were stopped: 0.0012395 seconds, Stopping threads took: 0.0002070 seconds
2024-10-05T19:09:55.120+0300: 1020.415: Application time: 5.3527180 seconds
2024-10-05T19:09:55.120+0300: 1020.416: [GC (Allocation Failure) [PSYoungGen: 1392361K->1344K(1394176K)] 1421154K->30161K(4190720K), 0.0008761 secs] [Times: user=0.00 sys=0.00, real=0.00 secs] 
2024-10-05T19:09:55.120+0300: 1020.416: Total time for which application threads were stopped: 0.0011675 seconds, Stopping threads took: 0.0001707 seconds
2024-10-05T19:10:00.472+0300: 1025.767: Application time: 5.3505592 seconds
2024-10-05T19:10:00.472+0300: 1025.767: [GC (Allocation Failure) [PSYoungGen: 1391936K->1344K(1394176K)] 1420753K->30185K(4190720K), 0.0007051 secs] [Times: user=0.00 sys=0.00, real=0.00 secs] 
2024-10-05T19:10:00.472+0300: 1025.768: Total time for which application threads were stopped: 0.0009646 seconds, Stopping threads took: 0.0001486 seconds
2024-10-05T19:10:05.806+0300: 1031.111: Application time: 5.3427561 seconds
2024-10-05T19:10:05.806+0300: 1031.111: [GC (Allocation Failure) [PSYoungGen: 1391702K->1328K(1394176K)] 1420544K->30193K(4190720K), 0.0007487 secs] [Times: user=0.00 sys=0.00, real=0.00 secs] 
2024-10-05T19:10:05.806+0300: 1031.112: Total time for which application threads were stopped: 0.0010317 seconds, Stopping threads took: 0.0001663 seconds
2024-10-05T19:10:11.157+0300: 1036.461: Application time: 5.3493455 seconds
2024-10-05T19:10:11.157+0300: 1036.461: [GC (Allocation Failure) [PSYoungGen: 1391437K->1856K(1394688K)] 1420303K->30729K(4191232K), 0.0010503 secs] [Times: user=0.00 sys=0.00, real=0.00 secs] 
2024-10-05T19:10:11.157+0300: 1036.463: Total time for which application threads were stopped: 0.0014834 seconds, Stopping threads took: 0.0002132 seconds
2024-10-05T19:10:16.508+0300: 1041.808: Application time: 5.3451060 seconds
2024-10-05T19:10:16.508+0300: 1041.808: [GC (Allocation Failure) [PSYoungGen: 1393447K->832K(1394688K)] 1422321K->29713K(4191232K), 0.0007012 secs] [Times: user=0.00 sys=0.00, real=0.00 secs] 
2024-10-05T19:10:16.508+0300: 1041.809: Total time for which application threads were stopped: 0.0009668 seconds, Stopping threads took: 0.0001388 seconds
2024-10-05T19:10:21.857+0300: 1047.152: Application time: 5.3431257 seconds
2024-10-05T19:10:21.857+0300: 1047.152: [GC (Allocation Failure) [PSYoungGen: 1392173K->816K(1394688K)] 1421055K->29705K(4191232K), 0.0007521 secs] [Times: user=0.00 sys=0.00, real=0.00 secs] 
2024-10-05T19:10:21.857+0300: 1047.153: Total time for which application threads were stopped: 0.0010602 seconds, Stopping threads took: 0.0001950 seconds
2024-10-05T19:10:27.194+0300: 1052.496: Application time: 5.3432569 seconds
2024-10-05T19:10:27.194+0300: 1052.496: [GC (Allocation Failure) [PSYoungGen: 1391941K->272K(1392128K)] 1420831K->29169K(4188672K), 0.0005201 secs] [Times: user=0.00 sys=0.00, real=0.00 secs] 
2024-10-05T19:10:27.194+0300: 1052.497: Total time for which application threads were stopped: 0.0007515 seconds, Stopping threads took: 0.0001375 seconds
2024-10-05T19:10:32.531+0300: 1057.839: Application time: 5.3417264 seconds
2024-10-05T19:10:32.531+0300: 1057.839: [GC (Allocation Failure) [PSYoungGen: 1391560K->800K(1394688K)] 1420458K->29721K(4191232K), 0.0007220 secs] [Times: user=0.00 sys=0.00, real=0.00 secs] 
2024-10-05T19:10:32.531+0300: 1057.840: Total time for which application threads were stopped: 0.0009525 seconds, Stopping threads took: 0.0000911 seconds
2024-10-05T19:10:37.879+0300: 1063.181: Application time: 5.3416725 seconds
2024-10-05T19:10:37.887+0300: 1063.182: [GC (Allocation Failure) [PSYoungGen: 1391885K->1344K(1394176K)] 1420807K->30281K(4190720K), 0.0007396 secs] [Times: user=0.00 sys=0.00, real=0.00 secs] 
2024-10-05T19:10:37.887+0300: 1063.182: Total time for which application threads were stopped: 0.0011224 seconds, Stopping threads took: 0.0002304 seconds
2024-10-05T19:10:43.230+0300: 1068.539: Application time: 5.3567053 seconds
2024-10-05T19:10:43.230+0300: 1068.539: [GC (Allocation Failure) [PSYoungGen: 1392306K->1776K(1394688K)] 1421244K->30721K(4191232K), 0.0009760 secs] [Times: user=0.00 sys=0.00, real=0.02 secs] 
2024-10-05T19:10:43.246+0300: 1068.540: Total time for which application threads were stopped: 0.0012495 seconds, Stopping threads took: 0.0000933 seconds
2024-10-05T19:10:48.606+0300: 1073.903: Application time: 5.3630571 seconds
2024-10-05T19:10:48.606+0300: 1073.904: [GC (Allocation Failure) [PSYoungGen: 1392931K->1328K(1394688K)] 1421877K->30281K(4191232K), 0.0008024 secs] [Times: user=0.00 sys=0.00, real=0.00 secs] 
2024-10-05T19:10:48.606+0300: 1073.904: Total time for which application threads were stopped: 0.0010122 seconds, Stopping threads took: 0.0000792 seconds
2024-10-05T19:10:53.949+0300: 1079.257: Application time: 5.3521293 seconds
2024-10-05T19:10:53.949+0300: 1079.257: [GC (Allocation Failure) [PSYoungGen: 1392883K->2320K(1394688K)] 1421837K->31281K(4191232K), 0.0017236 secs] [Times: user=0.00 sys=0.00, real=0.00 secs] 
2024-10-05T19:10:53.949+0300: 1079.259: Total time for which application threads were stopped: 0.0020156 seconds, Stopping threads took: 0.0001354 seconds
2024-10-05T19:10:59.314+0300: 1084.615: Application time: 5.3560885 seconds
2024-10-05T19:10:59.314+0300: 1084.615: [GC (Allocation Failure) [PSYoungGen: 1393600K->1344K(1394688K)] 1422562K->30321K(4191232K), 0.0007758 secs] [Times: user=0.00 sys=0.00, real=0.00 secs] 
2024-10-05T19:10:59.314+0300: 1084.616: Total time for which application threads were stopped: 0.0010906 seconds, Stopping threads took: 0.0001864 seconds
2024-10-05T19:11:04.681+0300: 1089.982: Application time: 5.3660242 seconds
2024-10-05T19:11:04.681+0300: 1089.982: [GC (Allocation Failure) [PSYoungGen: 1392732K->1328K(1394688K)] 1421710K->30321K(4191232K), 0.0006940 secs] [Times: user=0.00 sys=0.00, real=0.00 secs] 
2024-10-05T19:11:04.681+0300: 1089.983: Total time for which application threads were stopped: 0.0009367 seconds, Stopping threads took: 0.0001345 seconds
2024-10-05T19:11:10.047+0300: 1095.347: Application time: 5.3643436 seconds
2024-10-05T19:11:10.047+0300: 1095.347: [GC (Allocation Failure) [PSYoungGen: 1392621K->1888K(1394688K)] 1421614K->30897K(4191232K), 0.0008317 secs] [Times: user=0.02 sys=0.00, real=0.00 secs] 
2024-10-05T19:11:10.047+0300: 1095.348: Total time for which application threads were stopped: 0.0011288 seconds, Stopping threads took: 0.0001496 seconds
2024-10-05T19:11:15.398+0300: 1100.693: Application time: 5.3444076 seconds
2024-10-05T19:11:15.398+0300: 1100.693: [GC (Allocation Failure) [PSYoungGen: 1393212K->1344K(1394688K)] 1422222K->30361K(4191232K), 0.0007182 secs] [Times: user=0.00 sys=0.00, real=0.00 secs] 
2024-10-05T19:11:15.398+0300: 1100.694: Total time for which application threads were stopped: 0.0009828 seconds, Stopping threads took: 0.0001439 seconds
2024-10-05T19:11:20.733+0300: 1106.035: Application time: 5.3410047 seconds
2024-10-05T19:11:20.733+0300: 1106.035: [GC (Allocation Failure) [PSYoungGen: 1392879K->1840K(1394688K)] 1421897K->30865K(4191232K), 0.0009175 secs] [Times: user=0.00 sys=0.00, real=0.00 secs] 
2024-10-05T19:11:20.733+0300: 1106.036: Total time for which application threads were stopped: 0.0012684 seconds, Stopping threads took: 0.0001575 seconds
2024-10-05T19:11:26.130+0300: 1111.429: Application time: 5.3931183 seconds
2024-10-05T19:11:26.130+0300: 1111.429: [GC (Allocation Failure) [PSYoungGen: 1393287K->1872K(1394688K)] 1422313K->30905K(4191232K), 0.0011942 secs] [Times: user=0.00 sys=0.00, real=0.00 secs] 
2024-10-05T19:11:26.130+0300: 1111.431: Total time for which application threads were stopped: 0.0015347 seconds, Stopping threads took: 0.0001977 seconds
2024-10-05T19:11:31.466+0300: 1116.767: Application time: 5.3366647 seconds
2024-10-05T19:11:31.466+0300: 1116.767: [GC (Allocation Failure) [PSYoungGen: 1393074K->1312K(1394688K)] 1422107K->30353K(4191232K), 0.0007316 secs] [Times: user=0.00 sys=0.00, real=0.00 secs] 
2024-10-05T19:11:31.466+0300: 1116.768: Total time for which application threads were stopped: 0.0010363 seconds, Stopping threads took: 0.0001773 seconds
2024-10-05T19:11:36.803+0300: 1122.107: Application time: 5.3390596 seconds
2024-10-05T19:11:36.803+0300: 1122.108: [GC (Allocation Failure) [PSYoungGen: 1392564K->1376K(1395200K)] 1421606K->30425K(4191744K), 0.0007425 secs] [Times: user=0.00 sys=0.00, real=0.00 secs] 
2024-10-05T19:11:36.803+0300: 1122.108: Total time for which application threads were stopped: 0.0010242 seconds, Stopping threads took: 0.0001390 seconds
2024-10-05T19:11:42.153+0300: 1127.462: Application time: 5.3535998 seconds
2024-10-05T19:11:42.153+0300: 1127.462: [GC (Allocation Failure) [PSYoungGen: 1393009K->1872K(1394688K)] 1422059K->30929K(4191232K), 0.0012059 secs] [Times: user=0.00 sys=0.00, real=0.02 secs] 
2024-10-05T19:11:42.169+0300: 1127.463: Total time for which application threads were stopped: 0.0015145 seconds, Stopping threads took: 0.0001589 seconds
2024-10-05T19:11:47.518+0300: 1132.814: Application time: 5.3500960 seconds
2024-10-05T19:11:47.518+0300: 1132.814: [GC (Allocation Failure) [PSYoungGen: 1393628K->2352K(1394176K)] 1422686K->31929K(4190720K), 0.0010098 secs] [Times: user=0.00 sys=0.00, real=0.00 secs] 
2024-10-05T19:11:47.518+0300: 1132.815: Total time for which application threads were stopped: 0.0013189 seconds, Stopping threads took: 0.0001705 seconds
2024-10-05T19:11:52.853+0300: 1138.158: Application time: 5.3432669 seconds
2024-10-05T19:11:52.853+0300: 1138.158: [GC (Allocation Failure) [PSYoungGen: 1393601K->800K(1394688K)] 1423179K->30385K(4191232K), 0.0006730 secs] [Times: user=0.00 sys=0.00, real=0.00 secs] 
2024-10-05T19:11:52.853+0300: 1138.159: Total time for which application threads were stopped: 0.0009281 seconds, Stopping threads took: 0.0001441 seconds
2024-10-05T19:11:58.203+0300: 1143.501: Application time: 5.3419146 seconds
2024-10-05T19:11:58.203+0300: 1143.501: [GC (Allocation Failure) [PSYoungGen: 1392416K->832K(1394688K)] 1422001K->30449K(4191232K), 0.0007226 secs] [Times: user=0.00 sys=0.00, real=0.00 secs] 
2024-10-05T19:11:58.203+0300: 1143.502: Total time for which application threads were stopped: 0.0009676 seconds, Stopping threads took: 0.0001228 seconds
2024-10-05T19:12:03.569+0300: 1148.870: Application time: 5.3683093 seconds
2024-10-05T19:12:03.569+0300: 1148.870: [GC (Allocation Failure) [PSYoungGen: 1392343K->1312K(1394688K)] 1421961K->30953K(4191232K), 0.0007393 secs] [Times: user=0.00 sys=0.00, real=0.00 secs] 
2024-10-05T19:12:03.569+0300: 1148.871: Total time for which application threads were stopped: 0.0009606 seconds, Stopping threads took: 0.0001079 seconds
2024-10-05T19:12:08.921+0300: 1154.221: Application time: 5.3499972 seconds
2024-10-05T19:12:08.921+0300: 1154.221: [GC (Allocation Failure) [PSYoungGen: 1392441K->784K(1394688K)] 1422082K->30433K(4191232K), 0.0007683 secs] [Times: user=0.00 sys=0.00, real=0.00 secs] 
2024-10-05T19:12:08.921+0300: 1154.222: Total time for which application threads were stopped: 0.0010186 seconds, Stopping threads took: 0.0001323 seconds
2024-10-05T19:12:14.271+0300: 1159.571: Application time: 5.3491813 seconds
2024-10-05T19:12:14.271+0300: 1159.572: [GC (Allocation Failure) [PSYoungGen: 1392086K->800K(1394688K)] 1421736K->30457K(4191232K), 0.0006485 secs] [Times: user=0.00 sys=0.00, real=0.00 secs] 
2024-10-05T19:12:14.271+0300: 1159.572: Total time for which application threads were stopped: 0.0008838 seconds, Stopping threads took: 0.0001185 seconds
2024-10-05T19:12:19.621+0300: 1164.922: Application time: 5.3494702 seconds
2024-10-05T19:12:19.621+0300: 1164.922: [GC (Allocation Failure) [PSYoungGen: 1392092K->784K(1394688K)] 1421750K->30449K(4191232K), 0.0007124 secs] [Times: user=0.00 sys=0.00, real=0.00 secs] 
2024-10-05T19:12:19.621+0300: 1164.923: Total time for which application threads were stopped: 0.0009728 seconds, Stopping threads took: 0.0001522 seconds
2024-10-05T19:12:24.958+0300: 1170.255: Application time: 5.3320969 seconds
2024-10-05T19:12:24.958+0300: 1170.255: [GC (Allocation Failure) [PSYoungGen: 1392396K->1344K(1394688K)] 1422062K->31033K(4191232K), 0.0007816 secs] [Times: user=0.02 sys=0.00, real=0.00 secs] 
2024-10-05T19:12:24.958+0300: 1170.256: Total time for which application threads were stopped: 0.0010647 seconds, Stopping threads took: 0.0001622 seconds
2024-10-05T19:12:30.309+0300: 1175.606: Application time: 5.3505777 seconds
2024-10-05T19:12:30.309+0300: 1175.607: [GC (Allocation Failure) [PSYoungGen: 1392881K->1872K(1394176K)] 1422570K->31569K(4190720K), 0.0009309 secs] [Times: user=0.00 sys=0.00, real=0.00 secs] 
2024-10-05T19:12:30.309+0300: 1175.608: Total time for which application threads were stopped: 0.0012759 seconds, Stopping threads took: 0.0001927 seconds
2024-10-05T19:12:35.627+0300: 1180.936: Application time: 5.3283528 seconds
2024-10-05T19:12:35.627+0300: 1180.936: [GC (Allocation Failure) [PSYoungGen: 1393377K->2368K(1394688K)] 1423075K->32073K(4191232K), 0.0009594 secs] [Times: user=0.02 sys=0.00, real=0.01 secs] 
2024-10-05T19:12:35.642+0300: 1180.937: Total time for which application threads were stopped: 0.0012533 seconds, Stopping threads took: 0.0001561 seconds
2024-10-05T19:12:41.024+0300: 1186.330: Application time: 5.3929395 seconds
2024-10-05T19:12:41.024+0300: 1186.331: [GC (Allocation Failure) [PSYoungGen: 1393950K->1808K(1394688K)] 1423656K->31521K(4191232K), 0.0011797 secs] [Times: user=0.00 sys=0.00, real=0.00 secs] 
2024-10-05T19:12:41.024+0300: 1186.332: Total time for which application threads were stopped: 0.0015972 seconds, Stopping threads took: 0.0002644 seconds
2024-10-05T19:12:46.405+0300: 1191.712: Application time: 5.3803528 seconds
2024-10-05T19:12:46.405+0300: 1191.713: [GC (Allocation Failure) [PSYoungGen: 1393035K->1824K(1394688K)] 1422749K->31545K(4191232K), 0.0009005 secs] [Times: user=0.00 sys=0.00, real=0.00 secs] 
2024-10-05T19:12:46.405+0300: 1191.714: Total time for which application threads were stopped: 0.0012667 seconds, Stopping threads took: 0.0001936 seconds
2024-10-05T19:12:51.789+0300: 1197.091: Application time: 5.3771843 seconds
2024-10-05T19:12:51.789+0300: 1197.091: [GC (Allocation Failure) [PSYoungGen: 1393395K->1888K(1394688K)] 1423117K->31625K(4191232K), 0.0008785 secs] [Times: user=0.00 sys=0.00, real=0.00 secs] 
2024-10-05T19:12:51.789+0300: 1197.092: Total time for which application threads were stopped: 0.0012149 seconds, Stopping threads took: 0.0001536 seconds
2024-10-05T19:12:57.126+0300: 1202.435: Application time: 5.3430619 seconds
2024-10-05T19:12:57.126+0300: 1202.435: [GC (Allocation Failure) [PSYoungGen: 1393008K->1824K(1394688K)] 1422745K->31577K(4191232K), 0.0009833 secs] [Times: user=0.00 sys=0.00, real=0.02 secs] 
2024-10-05T19:12:57.141+0300: 1202.436: Total time for which application threads were stopped: 0.0012900 seconds, Stopping threads took: 0.0001707 seconds
2024-10-05T19:13:02.492+0300: 1207.793: Application time: 5.3570877 seconds
2024-10-05T19:13:02.492+0300: 1207.794: [GC (Allocation Failure) [PSYoungGen: 1393179K->1344K(1394688K)] 1422933K->31113K(4191232K), 0.0012128 secs] [Times: user=0.00 sys=0.00, real=0.00 secs] 
2024-10-05T19:13:02.492+0300: 1207.795: Total time for which application threads were stopped: 0.0016108 seconds, Stopping threads took: 0.0002220 seconds
2024-10-05T19:13:07.826+0300: 1213.134: Application time: 5.3392167 seconds
2024-10-05T19:13:07.826+0300: 1213.135: [GC (Allocation Failure) [PSYoungGen: 1392525K->1856K(1394688K)] 1422295K->31633K(4191232K), 0.0011356 secs] [Times: user=0.00 sys=0.00, real=0.02 secs] 
2024-10-05T19:13:07.841+0300: 1213.136: Total time for which application threads were stopped: 0.0015505 seconds, Stopping threads took: 0.0001765 seconds
2024-10-05T19:13:13.191+0300: 1218.489: Application time: 5.3534003 seconds
2024-10-05T19:13:13.191+0300: 1218.489: [GC (Allocation Failure) [PSYoungGen: 1393281K->2384K(1394688K)] 1423059K->32169K(4191232K), 0.0008680 secs] [Times: user=0.00 sys=0.00, real=0.00 secs] 
2024-10-05T19:13:13.191+0300: 1218.490: Total time for which application threads were stopped: 0.0011652 seconds, Stopping threads took: 0.0001640 seconds
2024-10-05T19:13:16.924+0300: 1222.221: Application time: 3.7305059 seconds
2024-10-05T19:13:16.924+0300: 1222.221: Total time for which application threads were stopped: 0.0002496 seconds, Stopping threads took: 0.0002028 seconds
2024-10-05T19:13:17.444+0300: 1222.741: Application time: 0.5197871 seconds
2024-10-05T19:13:17.444+0300: 1222.741: Total time for which application threads were stopped: 0.0001971 seconds, Stopping threads took: 0.0001475 seconds
2024-10-05T19:13:17.646+0300: 1222.952: Application time: 0.2109750 seconds
2024-10-05T19:13:17.646+0300: 1222.952: Total time for which application threads were stopped: 0.0001356 seconds, Stopping threads took: 0.0000766 seconds
2024-10-05T19:13:17.661+0300: 1222.965: Application time: 0.0132285 seconds
2024-10-05T19:13:17.661+0300: 1222.966: Total time for which application threads were stopped: 0.0001699 seconds, Stopping threads took: 0.0000324 seconds
2024-10-05T19:13:17.709+0300: 1223.008: Application time: 0.0427667 seconds
2024-10-05T19:13:17.709+0300: 1223.008: Total time for which application threads were stopped: 0.0000513 seconds, Stopping threads took: 0.0000205 seconds
2024-10-05T19:13:17.771+0300: 1223.067: Application time: 0.0584460 seconds
2024-10-05T19:13:17.771+0300: 1223.067: Total time for which application threads were stopped: 0.0001862 seconds, Stopping threads took: 0.0000302 seconds
2024-10-05T19:13:17.819+0300: 1223.119: Application time: 0.0515030 seconds
2024-10-05T19:13:17.819+0300: 1223.119: Total time for which application threads were stopped: 0.0002668 seconds, Stopping threads took: 0.0000455 seconds
2024-10-05T19:13:17.835+0300: 1223.144: Application time: 0.0248055 seconds
2024-10-05T19:13:17.835+0300: 1223.144: Total time for which application threads were stopped: 0.0001283 seconds, Stopping threads took: 0.0000529 seconds
2024-10-05T19:13:17.866+0300: 1223.165: Application time: 0.0209854 seconds
2024-10-05T19:13:17.866+0300: 1223.165: Total time for which application threads were stopped: 0.0001036 seconds, Stopping threads took: 0.0000715 seconds
2024-10-05T19:13:17.976+0300: 1223.272: Application time: 0.1066691 seconds
2024-10-05T19:13:17.976+0300: 1223.272: Total time for which application threads were stopped: 0.0002832 seconds, Stopping threads took: 0.0000311 seconds
2024-10-05T19:13:17.982+0300: 1223.279: Application time: 0.0066736 seconds
2024-10-05T19:13:17.982+0300: 1223.279: Total time for which application threads were stopped: 0.0002388 seconds, Stopping threads took: 0.0000274 seconds
2024-10-05T19:13:17.982+0300: 1223.281: Application time: 0.0018253 seconds
2024-10-05T19:13:17.982+0300: 1223.281: Total time for which application threads were stopped: 0.0001710 seconds, Stopping threads took: 0.0000165 seconds
2024-10-05T19:13:18.274+0300: 1223.573: Application time: 0.2925038 seconds
2024-10-05T19:13:18.274+0300: 1223.573: Total time for which application threads were stopped: 0.0000727 seconds, Stopping threads took: 0.0000252 seconds
2024-10-05T19:13:18.964+0300: 1224.259: Application time: 0.6855344 seconds
2024-10-05T19:13:18.964+0300: 1224.259: Total time for which application threads were stopped: 0.0002068 seconds, Stopping threads took: 0.0000800 seconds
2024-10-05T19:13:18.964+0300: 1224.259: Application time: 0.0003794 seconds
2024-10-05T19:13:18.964+0300: 1224.260: Total time for which application threads were stopped: 0.0000729 seconds, Stopping threads took: 0.0000310 seconds
2024-10-05T19:13:18.964+0300: 1224.260: Application time: 0.0002419 seconds
2024-10-05T19:13:18.964+0300: 1224.260: Total time for which application threads were stopped: 0.0000987 seconds, Stopping threads took: 0.0000699 seconds
2024-10-05T19:13:19.043+0300: 1224.339: Application time: 0.0789218 seconds
2024-10-05T19:13:19.043+0300: 1224.339: [GC (Allocation Failure) [PSYoungGen: 1394000K->3061K(1394688K)] 1423785K->48635K(4191232K), 0.0097616 secs] [Times: user=0.00 sys=0.00, real=0.00 secs] 
2024-10-05T19:13:19.043+0300: 1224.349: Total time for which application threads were stopped: 0.0100565 seconds, Stopping threads took: 0.0000537 seconds
2024-10-05T19:13:19.043+0300: 1224.349: Application time: 0.0002628 seconds
2024-10-05T19:13:19.043+0300: 1224.349: Total time for which application threads were stopped: 0.0001112 seconds, Stopping threads took: 0.0000643 seconds
2024-10-05T19:13:19.043+0300: 1224.349: Application time: 0.0000844 seconds
2024-10-05T19:13:19.043+0300: 1224.349: Total time for which application threads were stopped: 0.0001129 seconds, Stopping threads took: 0.0000847 seconds
2024-10-05T19:13:19.043+0300: 1224.350: Application time: 0.0001745 seconds
2024-10-05T19:13:19.043+0300: 1224.350: Total time for which application threads were stopped: 0.0001050 seconds, Stopping threads took: 0.0000743 seconds
2024-10-05T19:13:19.043+0300: 1224.350: Application time: 0.0000592 seconds
2024-10-05T19:13:19.043+0300: 1224.350: Total time for which application threads were stopped: 0.0000528 seconds, Stopping threads took: 0.0000162 seconds
2024-10-05T19:13:19.043+0300: 1224.350: Application time: 0.0001168 seconds
2024-10-05T19:13:19.043+0300: 1224.350: Total time for which application threads were stopped: 0.0000785 seconds, Stopping threads took: 0.0000487 seconds
2024-10-05T19:13:19.043+0300: 1224.350: Application time: 0.0000489 seconds
2024-10-05T19:13:19.043+0300: 1224.350: Total time for which application threads were stopped: 0.0001002 seconds, Stopping threads took: 0.0000759 seconds
2024-10-05T19:13:19.043+0300: 1224.350: Application time: 0.0000467 seconds
2024-10-05T19:13:19.043+0300: 1224.350: Total time for which application threads were stopped: 0.0000755 seconds, Stopping threads took: 0.0000544 seconds
2024-10-05T19:13:19.043+0300: 1224.350: Application time: 0.0000831 seconds
2024-10-05T19:13:19.043+0300: 1224.350: Total time for which application threads were stopped: 0.0000469 seconds, Stopping threads took: 0.0000276 seconds
2024-10-05T19:13:19.043+0300: 1224.351: Application time: 0.0002422 seconds
2024-10-05T19:13:19.043+0300: 1224.351: Total time for which application threads were stopped: 0.0000628 seconds, Stopping threads took: 0.0000422 seconds
2024-10-05T19:13:19.043+0300: 1224.351: Application time: 0.0000413 seconds
2024-10-05T19:13:19.043+0300: 1224.351: Total time for which application threads were stopped: 0.0000597 seconds, Stopping threads took: 0.0000412 seconds
2024-10-05T19:13:19.200+0300: 1224.509: Application time: 0.1576236 seconds
2024-10-05T19:13:19.200+0300: 1224.509: Total time for which application threads were stopped: 0.0000846 seconds, Stopping threads took: 0.0000414 seconds
2024-10-05T19:13:19.278+0300: 1224.575: Application time: 0.0661271 seconds
2024-10-05T19:13:19.278+0300: 1224.575: Total time for which application threads were stopped: 0.0000746 seconds, Stopping threads took: 0.0000281 seconds
2024-10-05T19:13:19.278+0300: 1224.577: Application time: 0.0025142 seconds
2024-10-05T19:13:19.278+0300: 1224.577: Total time for which application threads were stopped: 0.0000865 seconds, Stopping threads took: 0.0000507 seconds
2024-10-05T19:13:19.278+0300: 1224.578: Application time: 0.0005428 seconds
2024-10-05T19:13:19.278+0300: 1224.578: Total time for which application threads were stopped: 0.0000699 seconds, Stopping threads took: 0.0000509 seconds
2024-10-05T19:13:19.285+0300: 1224.587: Application time: 0.0087988 seconds
2024-10-05T19:13:19.285+0300: 1224.587: Total time for which application threads were stopped: 0.0000483 seconds, Stopping threads took: 0.0000285 seconds
Heap
 PSYoungGen      total 1394688K, used 546514K [0x000000076ab00000, 0x00000007c0000000, 0x00000007c0000000)
  eden space 1391616K, 39% used [0x000000076ab00000,0x000000078bdb7688,0x00000007bfa00000)
  from space 3072K, 99% used [0x00000007bfa00000,0x00000007bfcfd4a0,0x00000007bfd00000)
  to   space 3072K, 0% used [0x00000007bfd00000,0x00000007bfd00000,0x00000007c0000000)
 ParOldGen       total 2796544K, used 45574K [0x00000006c0000000, 0x000000076ab00000, 0x000000076ab00000)
  object space 2796544K, 1% used [0x00000006c0000000,0x00000006c2c81ac8,0x000000076ab00000)
 Metaspace       used 15888K, capacity 16068K, committed 16384K, reserved 1064960K
  class space    used 1647K, capacity 1718K, committed 1792K, reserved 1048576K
2024-10-05T19:13:19.389+0300: 1224.684: Application time: 0.0971165 seconds
