OpenJDK 64-Bit Server VM (25.422-b05) for windows-amd64 JRE (1.8.0_422-422-b05), built on Jul 18 2024 05:34:18 by "Administrator" with MS VC++ 16.10 / 16.11 (VS2019)
Memory: 4k page, physical 15965620k(10904312k free), swap 19635636k(12445284k free)
CommandLine flags: -XX:InitialHeapSize=2147483648 -XX:MaxHeapSize=2147483648 -XX:+PrintGC -XX:+PrintGCApplicationConcurrentTime -XX:+PrintGCApplicationStoppedTime -XX:+PrintGCDateStamps -XX:+PrintGCDetails -XX:+PrintGCTimeStamps -XX:+UnlockExperimentalVMOptions -XX:+UseCompressedClassPointers -XX:+UseCompressedOops -XX:-UseLargePagesIndividualAllocation -XX:+UseParallelGC -XX:+UseParallelOldGC 
2024-10-05T18:32:29.269+0300: 0.068: Application time: 0.0177860 seconds
2024-10-05T18:32:29.269+0300: 0.068: Total time for which application threads were stopped: 0.0001069 seconds, Stopping threads took: 0.0000408 seconds
2024-10-05T18:32:29.284+0300: 0.077: Application time: 0.0083931 seconds
2024-10-05T18:32:29.284+0300: 0.077: Total time for which application threads were stopped: 0.0000664 seconds, Stopping threads took: 0.0000246 seconds
2024-10-05T18:32:29.441+0300: 0.241: Application time: 0.1647741 seconds
2024-10-05T18:32:29.441+0300: 0.242: [GC (System.gc()) [PSYoungGen: 41984K->3894K(611840K)] 41984K->3902K(2010112K), 0.0034153 secs] [Times: user=0.02 sys=0.00, real=0.02 secs] 
2024-10-05T18:32:29.456+0300: 0.245: [Full GC (System.gc()) [PSYoungGen: 3894K->0K(611840K)] [ParOldGen: 8K->3705K(1398272K)] 3902K->3705K(2010112K), [Metaspace: 7087K->7087K(1056768K)], 0.0105544 secs] [Times: user=0.00 sys=0.00, real=0.00 secs] 
2024-10-05T18:32:29.456+0300: 0.256: Total time for which application threads were stopped: 0.0143122 seconds, Stopping threads took: 0.0000311 seconds
2024-10-05T18:32:29.456+0300: 0.256: Application time: 0.0000897 seconds
2024-10-05T18:32:29.456+0300: 0.256: [GC (System.gc()) [PSYoungGen: 0K->0K(611840K)] 3705K->3705K(2010112K), 0.0004473 secs] [Times: user=0.00 sys=0.00, real=0.00 secs] 
2024-10-05T18:32:29.456+0300: 0.256: [Full GC (System.gc()) [PSYoungGen: 0K->0K(611840K)] [ParOldGen: 3705K->3705K(1398272K)] 3705K->3705K(2010112K), [Metaspace: 7087K->7087K(1056768K)], 0.0049167 secs] [Times: user=0.02 sys=0.00, real=0.02 secs] 
2024-10-05T18:32:29.472+0300: 0.262: Total time for which application threads were stopped: 0.0056294 seconds, Stopping threads took: 0.0000885 seconds
2024-10-05T18:32:30.476+0300: 1.265: Application time: 1.0036293 seconds
2024-10-05T18:32:30.476+0300: 1.266: Total time for which application threads were stopped: 0.0004064 seconds, Stopping threads took: 0.0002974 seconds
2024-10-05T18:32:31.246+0300: 2.036: Application time: 0.7700030 seconds
2024-10-05T18:32:31.246+0300: 2.036: [GC (Allocation Failure) [PSYoungGen: 524729K->4944K(611840K)] 528435K->8657K(2010112K), 0.0011335 secs] [Times: user=0.00 sys=0.00, real=0.00 secs] 
2024-10-05T18:32:31.246+0300: 2.037: Total time for which application threads were stopped: 0.0014239 seconds, Stopping threads took: 0.0001649 seconds
2024-10-05T18:32:32.249+0300: 3.038: Application time: 1.0010544 seconds
2024-10-05T18:32:32.249+0300: 3.038: Total time for which application threads were stopped: 0.0003573 seconds, Stopping threads took: 0.0002486 seconds
2024-10-05T18:32:33.050+0300: 3.840: Application time: 0.8016937 seconds
2024-10-05T18:32:33.050+0300: 3.840: [GC (Allocation Failure) [PSYoungGen: 529478K->4880K(611840K)] 533192K->8593K(2010112K), 0.0015732 secs] [Times: user=0.00 sys=0.00, real=0.00 secs] 
2024-10-05T18:32:33.050+0300: 3.842: Total time for which application threads were stopped: 0.0019094 seconds, Stopping threads took: 0.0001648 seconds
2024-10-05T18:32:33.317+0300: 4.106: Application time: 0.2636209 seconds
2024-10-05T18:32:33.333+0300: 4.122: Total time for which application threads were stopped: 0.0161811 seconds, Stopping threads took: 0.0160556 seconds
2024-10-05T18:32:35.059+0300: 5.851: Application time: 1.7292171 seconds
2024-10-05T18:32:35.059+0300: 5.851: [GC (Allocation Failure) [PSYoungGen: 529506K->5984K(611840K)] 533219K->9705K(2010112K), 0.0013286 secs] [Times: user=0.00 sys=0.00, real=0.00 secs] 
2024-10-05T18:32:35.059+0300: 5.853: Total time for which application threads were stopped: 0.0017266 seconds, Stopping threads took: 0.0001511 seconds
2024-10-05T18:32:36.769+0300: 7.566: Application time: 1.7130337 seconds
2024-10-05T18:32:36.769+0300: 7.566: [GC (Allocation Failure) [PSYoungGen: 530441K->4960K(611840K)] 534162K->8681K(2010112K), 0.0012648 secs] [Times: user=0.00 sys=0.00, real=0.00 secs] 
2024-10-05T18:32:36.769+0300: 7.567: Total time for which application threads were stopped: 0.0015213 seconds, Stopping threads took: 0.0000906 seconds
2024-10-05T18:32:38.527+0300: 9.322: Application time: 1.7546923 seconds
2024-10-05T18:32:38.527+0300: 9.322: [GC (Allocation Failure) [PSYoungGen: 529601K->4944K(611840K)] 533322K->8665K(2010112K), 0.0011666 secs] [Times: user=0.00 sys=0.00, real=0.00 secs] 
2024-10-05T18:32:38.527+0300: 9.324: Total time for which application threads were stopped: 0.0015173 seconds, Stopping threads took: 0.0002024 seconds
2024-10-05T18:32:40.268+0300: 11.064: Application time: 1.7407948 seconds
2024-10-05T18:32:40.268+0300: 11.065: [GC (Allocation Failure) [PSYoungGen: 529598K->4416K(690688K)] 533319K->8137K(2088960K), 0.0015603 secs] [Times: user=0.00 sys=0.00, real=0.00 secs] 
2024-10-05T18:32:40.268+0300: 11.066: Total time for which application threads were stopped: 0.0019052 seconds, Stopping threads took: 0.0001826 seconds
2024-10-05T18:32:42.527+0300: 13.317: Application time: 2.2505331 seconds
2024-10-05T18:32:42.527+0300: 13.317: [GC (Allocation Failure) [PSYoungGen: 686785K->1312K(690688K)] 690506K->9185K(2088960K), 0.0018797 secs] [Times: user=0.00 sys=0.00, real=0.00 secs] 
2024-10-05T18:32:42.527+0300: 13.319: Total time for which application threads were stopped: 0.0022367 seconds, Stopping threads took: 0.0001771 seconds
2024-10-05T18:32:44.535+0300: 15.323: Application time: 2.0044188 seconds
2024-10-05T18:32:44.535+0300: 15.324: Total time for which application threads were stopped: 0.0002143 seconds, Stopping threads took: 0.0001542 seconds
2024-10-05T18:32:45.131+0300: 15.933: Application time: 0.6097936 seconds
2024-10-05T18:32:45.131+0300: 15.934: [GC (Allocation Failure) [PSYoungGen: 683583K->1312K(690688K)] 691456K->9209K(2088960K), 0.0007830 secs] [Times: user=0.00 sys=0.00, real=0.00 secs] 
2024-10-05T18:32:45.131+0300: 15.934: Total time for which application threads were stopped: 0.0010138 seconds, Stopping threads took: 0.0001048 seconds
2024-10-05T18:32:45.885+0300: 16.674: Application time: 0.7394244 seconds
2024-10-05T18:32:45.885+0300: 16.674: Total time for which application threads were stopped: 0.0003256 seconds, Stopping threads took: 0.0002986 seconds
2024-10-05T18:32:46.889+0300: 17.678: Application time: 1.0032846 seconds
2024-10-05T18:32:46.889+0300: 17.678: Total time for which application threads were stopped: 0.0003672 seconds, Stopping threads took: 0.0002558 seconds
2024-10-05T18:32:47.735+0300: 18.538: Application time: 0.8606214 seconds
2024-10-05T18:32:47.735+0300: 18.539: [GC (Allocation Failure) [PSYoungGen: 683514K->5456K(690688K)] 691412K->13361K(2088960K), 0.0019864 secs] [Times: user=0.00 sys=0.02, real=0.02 secs] 
2024-10-05T18:32:47.751+0300: 18.541: Total time for which application threads were stopped: 0.0023790 seconds, Stopping threads took: 0.0002450 seconds
2024-10-05T18:32:50.012+0300: 20.810: Application time: 2.2689604 seconds
2024-10-05T18:32:50.012+0300: 20.810: [GC (Allocation Failure) [PSYoungGen: 687917K->5440K(689664K)] 695822K->13369K(2087936K), 0.0014291 secs] [Times: user=0.00 sys=0.03, real=0.00 secs] 
2024-10-05T18:32:50.012+0300: 20.812: Total time for which application threads were stopped: 0.0017232 seconds, Stopping threads took: 0.0001271 seconds
2024-10-05T18:32:51.017+0300: 21.805: Application time: 0.9937330 seconds
2024-10-05T18:32:51.017+0300: 21.806: Total time for which application threads were stopped: 0.0005312 seconds, Stopping threads took: 0.0004708 seconds
2024-10-05T18:32:52.021+0300: 22.809: Application time: 1.0035781 seconds
2024-10-05T18:32:52.021+0300: 22.810: Total time for which application threads were stopped: 0.0002313 seconds, Stopping threads took: 0.0001628 seconds
2024-10-05T18:32:52.272+0300: 23.076: Application time: 0.2659651 seconds
2024-10-05T18:32:52.272+0300: 23.076: [GC (Allocation Failure) [PSYoungGen: 686504K->2336K(690176K)] 694434K->13889K(2088448K), 0.0018009 secs] [Times: user=0.02 sys=0.00, real=0.02 secs] 
2024-10-05T18:32:52.288+0300: 23.078: Total time for which application threads were stopped: 0.0020951 seconds, Stopping threads took: 0.0001021 seconds
2024-10-05T18:32:54.877+0300: 25.675: Application time: 2.5969528 seconds
2024-10-05T18:32:54.877+0300: 25.675: [GC (Allocation Failure) [PSYoungGen: 683402K->1296K(690688K)] 694955K->12873K(2088960K), 0.0008286 secs] [Times: user=0.00 sys=0.00, real=0.00 secs] 
2024-10-05T18:32:54.877+0300: 25.676: Total time for which application threads were stopped: 0.0011851 seconds, Stopping threads took: 0.0001919 seconds
2024-10-05T18:32:57.477+0300: 28.269: Application time: 2.5931840 seconds
2024-10-05T18:32:57.477+0300: 28.269: [GC (Allocation Failure) [PSYoungGen: 683541K->2416K(690688K)] 695118K->14001K(2088960K), 0.0009388 secs] [Times: user=0.00 sys=0.00, real=0.00 secs] 
2024-10-05T18:32:57.477+0300: 28.270: Total time for which application threads were stopped: 0.0012678 seconds, Stopping threads took: 0.0002001 seconds
2024-10-05T18:32:59.493+0300: 30.281: Application time: 2.0109381 seconds
2024-10-05T18:32:59.493+0300: 30.282: Total time for which application threads were stopped: 0.0002789 seconds, Stopping threads took: 0.0002148 seconds
2024-10-05T18:33:00.088+0300: 30.887: Application time: 0.6057979 seconds
2024-10-05T18:33:00.088+0300: 30.888: [GC (Allocation Failure) [PSYoungGen: 684683K->1344K(690688K)] 696268K->12953K(2088960K), 0.0008125 secs] [Times: user=0.00 sys=0.00, real=0.00 secs] 
2024-10-05T18:33:00.088+0300: 30.888: Total time for which application threads were stopped: 0.0010970 seconds, Stopping threads took: 0.0001062 seconds
2024-10-05T18:33:02.693+0300: 33.486: Application time: 2.5975483 seconds
2024-10-05T18:33:02.693+0300: 33.486: [GC (Allocation Failure) [PSYoungGen: 683571K->1328K(690688K)] 695181K->12945K(2088960K), 0.0006848 secs] [Times: user=0.00 sys=0.00, real=0.00 secs] 
2024-10-05T18:33:02.693+0300: 33.487: Total time for which application threads were stopped: 0.0009767 seconds, Stopping threads took: 0.0001605 seconds
2024-10-05T18:33:05.296+0300: 36.085: Application time: 2.5983992 seconds
2024-10-05T18:33:05.296+0300: 36.086: [GC (Allocation Failure) [PSYoungGen: 683824K->1328K(691200K)] 695441K->12961K(2089472K), 0.0007461 secs] [Times: user=0.00 sys=0.00, real=0.00 secs] 
2024-10-05T18:33:05.296+0300: 36.086: Total time for which application threads were stopped: 0.0009980 seconds, Stopping threads took: 0.0001449 seconds
2024-10-05T18:33:07.896+0300: 38.689: Application time: 2.6026197 seconds
2024-10-05T18:33:07.896+0300: 38.689: [GC (Allocation Failure) [PSYoungGen: 683903K->1856K(690688K)] 695537K->13505K(2088960K), 0.0008692 secs] [Times: user=0.02 sys=0.00, real=0.01 secs] 
2024-10-05T18:33:07.901+0300: 38.690: Total time for which application threads were stopped: 0.0011361 seconds, Stopping threads took: 0.0001194 seconds
2024-10-05T18:33:10.488+0300: 41.289: Application time: 2.5984456 seconds
2024-10-05T18:33:10.488+0300: 41.289: [GC (Allocation Failure) [PSYoungGen: 684405K->1360K(691712K)] 696055K->13033K(2089984K), 0.0008933 secs] [Times: user=0.00 sys=0.00, real=0.01 secs] 
2024-10-05T18:33:10.500+0300: 41.290: Total time for which application threads were stopped: 0.0011774 seconds, Stopping threads took: 0.0001630 seconds
2024-10-05T18:33:13.093+0300: 43.892: Application time: 2.6020284 seconds
2024-10-05T18:33:13.093+0300: 43.892: [GC (Allocation Failure) [PSYoungGen: 685392K->1344K(691200K)] 697065K->13025K(2089472K), 0.0007466 secs] [Times: user=0.00 sys=0.00, real=0.00 secs] 
2024-10-05T18:33:13.093+0300: 43.893: Total time for which application threads were stopped: 0.0010406 seconds, Stopping threads took: 0.0001392 seconds
2024-10-05T18:33:14.098+0300: 44.886: Application time: 0.9934930 seconds
2024-10-05T18:33:14.098+0300: 44.887: Total time for which application threads were stopped: 0.0005229 seconds, Stopping threads took: 0.0004449 seconds
2024-10-05T18:33:15.102+0300: 45.891: Application time: 1.0037497 seconds
2024-10-05T18:33:15.102+0300: 45.891: Total time for which application threads were stopped: 0.0002878 seconds, Stopping threads took: 0.0002307 seconds
2024-10-05T18:33:15.710+0300: 46.499: Application time: 0.6077003 seconds
2024-10-05T18:33:15.710+0300: 46.499: [GC (Allocation Failure) [PSYoungGen: 685100K->800K(691712K)] 696781K->12497K(2089984K), 0.0006506 secs] [Times: user=0.02 sys=0.00, real=0.00 secs] 
2024-10-05T18:33:15.710+0300: 46.500: Total time for which application threads were stopped: 0.0009351 seconds, Stopping threads took: 0.0001542 seconds
2024-10-05T18:33:18.319+0300: 49.108: Application time: 2.6086680 seconds
2024-10-05T18:33:18.319+0300: 49.109: [GC (Allocation Failure) [PSYoungGen: 684847K->1360K(691712K)] 696544K->13073K(2089984K), 0.0007438 secs] [Times: user=0.00 sys=0.00, real=0.00 secs] 
2024-10-05T18:33:18.319+0300: 49.109: Total time for which application threads were stopped: 0.0011317 seconds, Stopping threads took: 0.0002162 seconds
2024-10-05T18:33:20.924+0300: 51.722: Application time: 2.6124708 seconds
2024-10-05T18:33:20.924+0300: 51.722: [GC (Allocation Failure) [PSYoungGen: 685529K->1888K(692736K)] 697243K->13609K(2091008K), 0.0008272 secs] [Times: user=0.00 sys=0.00, real=0.00 secs] 
2024-10-05T18:33:20.924+0300: 51.723: Total time for which application threads were stopped: 0.0010464 seconds, Stopping threads took: 0.0000772 seconds
2024-10-05T18:33:23.528+0300: 54.329: Application time: 2.6056457 seconds
2024-10-05T18:33:23.528+0300: 54.329: [GC (Allocation Failure) [PSYoungGen: 687604K->2400K(692224K)] 699325K->14129K(2090496K), 0.0008784 secs] [Times: user=0.00 sys=0.00, real=0.00 secs] 
2024-10-05T18:33:23.528+0300: 54.330: Total time for which application threads were stopped: 0.0011566 seconds, Stopping threads took: 0.0001571 seconds
2024-10-05T18:33:26.148+0300: 56.945: Application time: 2.6152330 seconds
2024-10-05T18:33:26.148+0300: 56.945: [GC (Allocation Failure) [PSYoungGen: 688175K->1888K(693248K)] 699904K->13633K(2091520K), 0.0008248 secs] [Times: user=0.00 sys=0.00, real=0.00 secs] 
2024-10-05T18:33:26.148+0300: 56.946: Total time for which application threads were stopped: 0.0010706 seconds, Stopping threads took: 0.0000973 seconds
2024-10-05T18:33:27.152+0300: 57.941: Application time: 0.9951868 seconds
2024-10-05T18:33:27.152+0300: 57.941: Total time for which application threads were stopped: 0.0002675 seconds, Stopping threads took: 0.0002001 seconds
2024-10-05T18:33:28.768+0300: 59.570: Application time: 1.6281456 seconds
2024-10-05T18:33:28.768+0300: 59.570: [GC (Allocation Failure) [PSYoungGen: 688980K->784K(692736K)] 700725K->12537K(2091008K), 0.0007779 secs] [Times: user=0.00 sys=0.00, real=0.00 secs] 
2024-10-05T18:33:28.768+0300: 59.571: Total time for which application threads were stopped: 0.0010647 seconds, Stopping threads took: 0.0001427 seconds
2024-10-05T18:33:31.389+0300: 62.185: Application time: 2.6145079 seconds
2024-10-05T18:33:31.389+0300: 62.185: [GC (Allocation Failure) [PSYoungGen: 687870K->1888K(693760K)] 699623K->13649K(2092032K), 0.0007731 secs] [Times: user=0.00 sys=0.00, real=0.00 secs] 
2024-10-05T18:33:31.389+0300: 62.186: Total time for which application threads were stopped: 0.0010389 seconds, Stopping threads took: 0.0001154 seconds
2024-10-05T18:33:34.026+0300: 64.815: Application time: 2.6287528 seconds
2024-10-05T18:33:34.026+0300: 64.815: [GC (Allocation Failure) [PSYoungGen: 689895K->752K(693248K)] 701656K->12529K(2091520K), 0.0006986 secs] [Times: user=0.00 sys=0.00, real=0.00 secs] 
2024-10-05T18:33:34.026+0300: 64.816: Total time for which application threads were stopped: 0.0009525 seconds, Stopping threads took: 0.0001208 seconds
2024-10-05T18:33:36.630+0300: 67.434: Application time: 2.6183550 seconds
2024-10-05T18:33:36.630+0300: 67.435: [GC (Allocation Failure) [PSYoungGen: 688407K->1888K(693760K)] 700185K->13673K(2092032K), 0.0010473 secs] [Times: user=0.00 sys=0.00, real=0.02 secs] 
2024-10-05T18:33:36.646+0300: 67.436: Total time for which application threads were stopped: 0.0014037 seconds, Stopping threads took: 0.0002200 seconds
2024-10-05T18:33:39.266+0300: 70.061: Application time: 2.6250496 seconds
2024-10-05T18:33:39.266+0300: 70.061: [GC (Allocation Failure) [PSYoungGen: 690098K->1888K(693760K)] 701884K->13681K(2092032K), 0.0008735 secs] [Times: user=0.00 sys=0.00, real=0.00 secs] 
2024-10-05T18:33:39.266+0300: 70.062: Total time for which application threads were stopped: 0.0011015 seconds, Stopping threads took: 0.0000680 seconds
2024-10-05T18:33:41.885+0300: 72.689: Application time: 2.6272795 seconds
2024-10-05T18:33:41.901+0300: 72.689: [GC (Allocation Failure) [PSYoungGen: 690081K->1312K(694272K)] 701874K->13113K(2092544K), 0.0009875 secs] [Times: user=0.00 sys=0.00, real=0.00 secs] 
2024-10-05T18:33:41.901+0300: 72.690: Total time for which application threads were stopped: 0.0013741 seconds, Stopping threads took: 0.0002440 seconds
2024-10-05T18:33:44.505+0300: 75.304: Application time: 2.6135695 seconds
2024-10-05T18:33:44.505+0300: 75.304: [GC (Allocation Failure) [PSYoungGen: 690602K->1808K(694272K)] 702404K->13617K(2092544K), 0.0009232 secs] [Times: user=0.00 sys=0.00, real=0.00 secs] 
2024-10-05T18:33:44.505+0300: 75.305: Total time for which application threads were stopped: 0.0012935 seconds, Stopping threads took: 0.0002247 seconds
2024-10-05T18:33:47.173+0300: 77.969: Application time: 2.6640196 seconds
2024-10-05T18:33:47.173+0300: 77.970: [GC (Allocation Failure) [PSYoungGen: 691082K->1296K(694784K)] 702891K->13129K(2093056K), 0.0007337 secs] [Times: user=0.00 sys=0.00, real=0.00 secs] 
2024-10-05T18:33:47.173+0300: 77.970: Total time for which application threads were stopped: 0.0009806 seconds, Stopping threads took: 0.0001304 seconds
2024-10-05T18:33:49.809+0300: 80.606: Application time: 2.6357388 seconds
2024-10-05T18:33:49.809+0300: 80.606: [GC (Allocation Failure) [PSYoungGen: 691631K->2400K(694784K)] 703464K->14241K(2093056K), 0.0009066 secs] [Times: user=0.00 sys=0.00, real=0.00 secs] 
2024-10-05T18:33:49.809+0300: 80.607: Total time for which application threads were stopped: 0.0011528 seconds, Stopping threads took: 0.0000931 seconds
2024-10-05T18:33:52.445+0300: 83.248: Application time: 2.6407553 seconds
2024-10-05T18:33:52.445+0300: 83.248: [GC (Allocation Failure) [PSYoungGen: 692730K->768K(694784K)] 704572K->12617K(2093056K), 0.0009338 secs] [Times: user=0.00 sys=0.00, real=0.00 secs] 
2024-10-05T18:33:52.445+0300: 83.249: Total time for which application threads were stopped: 0.0013525 seconds, Stopping threads took: 0.0002345 seconds
2024-10-05T18:33:55.083+0300: 85.877: Application time: 2.6275533 seconds
2024-10-05T18:33:55.083+0300: 85.877: [GC (Allocation Failure) [PSYoungGen: 691099K->1344K(694784K)] 702948K->13201K(2093056K), 0.0008589 secs] [Times: user=0.00 sys=0.00, real=0.00 secs] 
2024-10-05T18:33:55.083+0300: 85.878: Total time for which application threads were stopped: 0.0011224 seconds, Stopping threads took: 0.0001446 seconds
2024-10-05T18:33:57.720+0300: 88.517: Application time: 2.6390768 seconds
2024-10-05T18:33:57.720+0300: 88.517: [GC (Allocation Failure) [PSYoungGen: 691648K->2352K(694784K)] 703506K->14217K(2093056K), 0.0009906 secs] [Times: user=0.00 sys=0.00, real=0.00 secs] 
2024-10-05T18:33:57.720+0300: 88.518: Total time for which application threads were stopped: 0.0012871 seconds, Stopping threads took: 0.0001350 seconds
2024-10-05T18:34:00.370+0300: 91.163: Application time: 2.6447918 seconds
2024-10-05T18:34:00.370+0300: 91.164: [GC (Allocation Failure) [PSYoungGen: 692933K->2352K(694784K)] 704798K->14225K(2093056K), 0.0009572 secs] [Times: user=0.00 sys=0.00, real=0.00 secs] 
2024-10-05T18:34:00.370+0300: 91.165: Total time for which application threads were stopped: 0.0013301 seconds, Stopping threads took: 0.0001965 seconds
2024-10-05T18:34:02.997+0300: 93.793: Application time: 2.6284212 seconds
2024-10-05T18:34:02.997+0300: 93.793: [GC (Allocation Failure) [PSYoungGen: 692891K->832K(694784K)] 704764K->12713K(2093056K), 0.0008964 secs] [Times: user=0.00 sys=0.00, real=0.00 secs] 
2024-10-05T18:34:02.997+0300: 93.794: Total time for which application threads were stopped: 0.0012569 seconds, Stopping threads took: 0.0002022 seconds
2024-10-05T18:34:05.014+0300: 95.803: Application time: 2.0084954 seconds
2024-10-05T18:34:05.014+0300: 95.803: Total time for which application threads were stopped: 0.0003321 seconds, Stopping threads took: 0.0002514 seconds
2024-10-05T18:34:05.626+0300: 96.419: Application time: 0.6159807 seconds
2024-10-05T18:34:05.626+0300: 96.419: [GC (Allocation Failure) [PSYoungGen: 691431K->1824K(694784K)] 703313K->13713K(2093056K), 0.0008581 secs] [Times: user=0.00 sys=0.02, real=0.00 secs] 
2024-10-05T18:34:05.626+0300: 96.420: Total time for which application threads were stopped: 0.0011744 seconds, Stopping threads took: 0.0001750 seconds
2024-10-05T18:34:08.247+0300: 99.045: Application time: 2.6244256 seconds
2024-10-05T18:34:08.247+0300: 99.045: [GC (Allocation Failure) [PSYoungGen: 692370K->1344K(695296K)] 704260K->13241K(2093568K), 0.0008951 secs] [Times: user=0.00 sys=0.00, real=0.00 secs] 
2024-10-05T18:34:08.247+0300: 99.046: Total time for which application threads were stopped: 0.0012250 seconds, Stopping threads took: 0.0001729 seconds
2024-10-05T18:34:10.884+0300: 101.678: Application time: 2.6318430 seconds
2024-10-05T18:34:10.884+0300: 101.678: [GC (Allocation Failure) [PSYoungGen: 692451K->1888K(694784K)] 704349K->13793K(2093056K), 0.0010016 secs] [Times: user=0.00 sys=0.00, real=0.00 secs] 
2024-10-05T18:34:10.884+0300: 101.679: Total time for which application threads were stopped: 0.0013090 seconds, Stopping threads took: 0.0001403 seconds
2024-10-05T18:34:13.505+0300: 104.298: Application time: 2.6193506 seconds
2024-10-05T18:34:13.505+0300: 104.299: [GC (Allocation Failure) [PSYoungGen: 692691K->1840K(695296K)] 704597K->13753K(2093568K), 0.0008007 secs] [Times: user=0.00 sys=0.00, real=0.00 secs] 
2024-10-05T18:34:13.505+0300: 104.299: Total time for which application threads were stopped: 0.0011030 seconds, Stopping threads took: 0.0001930 seconds
2024-10-05T18:34:16.142+0300: 106.937: Application time: 2.6379087 seconds
2024-10-05T18:34:16.142+0300: 106.938: [GC (Allocation Failure) [PSYoungGen: 693266K->1856K(695296K)] 705180K->13777K(2093568K), 0.0008025 secs] [Times: user=0.00 sys=0.00, real=0.00 secs] 
2024-10-05T18:34:16.142+0300: 106.939: Total time for which application threads were stopped: 0.0011052 seconds, Stopping threads took: 0.0001619 seconds
2024-10-05T18:34:18.778+0300: 109.575: Application time: 2.6359945 seconds
2024-10-05T18:34:18.778+0300: 109.575: [GC (Allocation Failure) [PSYoungGen: 693211K->1904K(695808K)] 705132K->13833K(2094080K), 0.0007222 secs] [Times: user=0.00 sys=0.00, real=0.00 secs] 
2024-10-05T18:34:18.778+0300: 109.576: Total time for which application threads were stopped: 0.0009963 seconds, Stopping threads took: 0.0001262 seconds
2024-10-05T18:34:21.415+0300: 112.206: Application time: 2.6309502 seconds
2024-10-05T18:34:21.415+0300: 112.207: [GC (Allocation Failure) [PSYoungGen: 694062K->2848K(695296K)] 705992K->14801K(2093568K), 0.0010112 secs] [Times: user=0.00 sys=0.00, real=0.00 secs] 
2024-10-05T18:34:21.415+0300: 112.208: Total time for which application threads were stopped: 0.0013488 seconds, Stopping threads took: 0.0001708 seconds
2024-10-05T18:34:24.051+0300: 114.847: Application time: 2.6395519 seconds
2024-10-05T18:34:24.051+0300: 114.848: [GC (Allocation Failure) [PSYoungGen: 695042K->1328K(695296K)] 706995K->13289K(2093568K), 0.0008383 secs] [Times: user=0.00 sys=0.00, real=0.00 secs] 
2024-10-05T18:34:24.051+0300: 114.849: Total time for which application threads were stopped: 0.0011925 seconds, Stopping threads took: 0.0002153 seconds
2024-10-05T18:34:26.671+0300: 117.472: Application time: 2.6237557 seconds
2024-10-05T18:34:26.671+0300: 117.473: [GC (Allocation Failure) [PSYoungGen: 692730K->1296K(695296K)] 704691K->13265K(2093568K), 0.0009907 secs] [Times: user=0.00 sys=0.00, real=0.00 secs] 
2024-10-05T18:34:26.671+0300: 117.474: Total time for which application threads were stopped: 0.0013545 seconds, Stopping threads took: 0.0002097 seconds
2024-10-05T18:34:29.323+0300: 120.117: Application time: 2.6437102 seconds
2024-10-05T18:34:29.323+0300: 120.118: [GC (Allocation Failure) [PSYoungGen: 692970K->832K(695296K)] 704940K->12809K(2093568K), 0.0008624 secs] [Times: user=0.00 sys=0.00, real=0.00 secs] 
2024-10-05T18:34:29.323+0300: 120.118: Total time for which application threads were stopped: 0.0010946 seconds, Stopping threads took: 0.0000778 seconds
2024-10-05T18:34:31.968+0300: 122.757: Application time: 2.6385806 seconds
2024-10-05T18:34:31.968+0300: 122.757: [GC (Allocation Failure) [PSYoungGen: 692225K->1328K(695296K)] 704203K->13313K(2093568K), 0.0008111 secs] [Times: user=0.00 sys=0.00, real=0.00 secs] 
2024-10-05T18:34:31.970+0300: 122.758: Total time for which application threads were stopped: 0.0010754 seconds, Stopping threads took: 0.0001013 seconds
2024-10-05T18:34:34.594+0300: 125.388: Application time: 2.6294309 seconds
2024-10-05T18:34:34.594+0300: 125.388: [GC (Allocation Failure) [PSYoungGen: 693002K->1280K(695808K)] 704988K->13273K(2094080K), 0.0008466 secs] [Times: user=0.00 sys=0.00, real=0.00 secs] 
2024-10-05T18:34:34.594+0300: 125.389: Total time for which application threads were stopped: 0.0011612 seconds, Stopping threads took: 0.0001770 seconds
2024-10-05T18:34:37.293+0300: 128.083: Application time: 2.6946984 seconds
2024-10-05T18:34:37.293+0300: 128.084: [GC (Allocation Failure) [PSYoungGen: 693229K->1824K(695296K)] 705223K->13825K(2093568K), 0.0013236 secs] [Times: user=0.00 sys=0.00, real=0.00 secs] 
2024-10-05T18:34:37.293+0300: 128.085: Total time for which application threads were stopped: 0.0016706 seconds, Stopping threads took: 0.0001185 seconds
2024-10-05T18:34:39.944+0300: 130.743: Application time: 2.6583486 seconds
2024-10-05T18:34:39.944+0300: 130.744: [GC (Allocation Failure) [PSYoungGen: 693775K->800K(695808K)] 705776K->12809K(2094080K), 0.0007231 secs] [Times: user=0.00 sys=0.00, real=0.00 secs] 
2024-10-05T18:34:39.944+0300: 130.744: Total time for which application threads were stopped: 0.0009927 seconds, Stopping threads took: 0.0001444 seconds
2024-10-05T18:34:42.580+0300: 133.379: Application time: 2.6349494 seconds
2024-10-05T18:34:42.580+0300: 133.380: [GC (Allocation Failure) [PSYoungGen: 693045K->288K(695808K)] 705054K->12305K(2094080K), 0.0009652 secs] [Times: user=0.00 sys=0.00, real=0.00 secs] 
2024-10-05T18:34:42.580+0300: 133.381: Total time for which application threads were stopped: 0.0013602 seconds, Stopping threads took: 0.0002067 seconds
2024-10-05T18:34:45.217+0300: 136.017: Application time: 2.6357337 seconds
2024-10-05T18:34:45.217+0300: 136.017: [GC (Allocation Failure) [PSYoungGen: 692542K->1392K(695808K)] 704560K->13417K(2094080K), 0.0009005 secs] [Times: user=0.00 sys=0.00, real=0.00 secs] 
2024-10-05T18:34:45.217+0300: 136.018: Total time for which application threads were stopped: 0.0012691 seconds, Stopping threads took: 0.0002020 seconds
2024-10-05T18:34:47.852+0300: 138.654: Application time: 2.6362697 seconds
2024-10-05T18:34:47.852+0300: 138.654: [GC (Allocation Failure) [PSYoungGen: 693899K->1312K(695808K)] 705924K->13345K(2094080K), 0.0010746 secs] [Times: user=0.00 sys=0.00, real=0.00 secs] 
2024-10-05T18:34:47.852+0300: 138.655: Total time for which application threads were stopped: 0.0013694 seconds, Stopping threads took: 0.0001115 seconds
2024-10-05T18:34:50.488+0300: 141.284: Application time: 2.6287292 seconds
2024-10-05T18:34:50.488+0300: 141.284: [GC (Allocation Failure) [PSYoungGen: 693567K->1344K(695808K)] 705600K->13385K(2094080K), 0.0008318 secs] [Times: user=0.00 sys=0.00, real=0.00 secs] 
2024-10-05T18:34:50.488+0300: 141.285: Total time for which application threads were stopped: 0.0011432 seconds, Stopping threads took: 0.0001677 seconds
2024-10-05T18:34:53.124+0300: 143.919: Application time: 2.6338309 seconds
2024-10-05T18:34:53.124+0300: 143.919: [GC (Allocation Failure) [PSYoungGen: 693589K->1328K(695808K)] 705631K->13377K(2094080K), 0.0008164 secs] [Times: user=0.00 sys=0.00, real=0.00 secs] 
2024-10-05T18:34:53.124+0300: 143.920: Total time for which application threads were stopped: 0.0011901 seconds, Stopping threads took: 0.0002528 seconds
2024-10-05T18:34:55.759+0300: 146.554: Application time: 2.6332506 seconds
2024-10-05T18:34:55.759+0300: 146.554: [GC (Allocation Failure) [PSYoungGen: 693578K->2384K(695296K)] 705628K->14441K(2093568K), 0.0011281 secs] [Times: user=0.00 sys=0.00, real=0.00 secs] 
2024-10-05T18:34:55.759+0300: 146.555: Total time for which application threads were stopped: 0.0013990 seconds, Stopping threads took: 0.0001063 seconds
2024-10-05T18:34:58.400+0300: 149.198: Application time: 2.6426367 seconds
2024-10-05T18:34:58.400+0300: 149.198: [GC (Allocation Failure) [PSYoungGen: 694623K->784K(695808K)] 706680K->12865K(2094080K), 0.0008222 secs] [Times: user=0.00 sys=0.00, real=0.01 secs] 
2024-10-05T18:34:58.410+0300: 149.199: Total time for which application threads were stopped: 0.0010826 seconds, Stopping threads took: 0.0001194 seconds
2024-10-05T18:35:01.062+0300: 151.865: Application time: 2.6666716 seconds
2024-10-05T18:35:01.062+0300: 151.866: [GC (Allocation Failure) [PSYoungGen: 693282K->1856K(695808K)] 705363K->13945K(2094080K), 0.0009611 secs] [Times: user=0.02 sys=0.00, real=0.02 secs] 
2024-10-05T18:35:01.078+0300: 151.867: Total time for which application threads were stopped: 0.0012875 seconds, Stopping threads took: 0.0001727 seconds
2024-10-05T18:35:03.710+0300: 154.502: Application time: 2.6350835 seconds
2024-10-05T18:35:03.710+0300: 154.502: [GC (Allocation Failure) [PSYoungGen: 694339K->1360K(695808K)] 706429K->13457K(2094080K), 0.0008891 secs] [Times: user=0.00 sys=0.00, real=0.00 secs] 
2024-10-05T18:35:03.714+0300: 154.503: Total time for which application threads were stopped: 0.0011439 seconds, Stopping threads took: 0.0001248 seconds
2024-10-05T18:35:06.350+0300: 157.143: Application time: 2.6404291 seconds
2024-10-05T18:35:06.350+0300: 157.144: [GC (Allocation Failure) [PSYoungGen: 693846K->1328K(695808K)] 705943K->13433K(2094080K), 0.0007891 secs] [Times: user=0.00 sys=0.00, real=0.00 secs] 
2024-10-05T18:35:06.350+0300: 157.144: Total time for which application threads were stopped: 0.0010346 seconds, Stopping threads took: 0.0001199 seconds
2024-10-05T18:35:08.358+0300: 159.147: Application time: 2.0023103 seconds
2024-10-05T18:35:08.358+0300: 159.147: Total time for which application threads were stopped: 0.0003482 seconds, Stopping threads took: 0.0002804 seconds
2024-10-05T18:35:09.001+0300: 159.792: Application time: 0.6447541 seconds
2024-10-05T18:35:09.001+0300: 159.792: [GC (Allocation Failure) [PSYoungGen: 693817K->2832K(695808K)] 705923K->14961K(2094080K), 0.0011069 secs] [Times: user=0.00 sys=0.00, real=0.00 secs] 
2024-10-05T18:35:09.001+0300: 159.793: Total time for which application threads were stopped: 0.0014342 seconds, Stopping threads took: 0.0001728 seconds
2024-10-05T18:35:11.639+0300: 162.437: Application time: 2.6437192 seconds
2024-10-05T18:35:11.639+0300: 162.437: [GC (Allocation Failure) [PSYoungGen: 695329K->1312K(695808K)] 707458K->13449K(2094080K), 0.0007096 secs] [Times: user=0.00 sys=0.00, real=0.00 secs] 
2024-10-05T18:35:11.639+0300: 162.438: Total time for which application threads were stopped: 0.0009656 seconds, Stopping threads took: 0.0001080 seconds
2024-10-05T18:35:14.275+0300: 165.077: Application time: 2.6386856 seconds
2024-10-05T18:35:14.275+0300: 165.077: [GC (Allocation Failure) [PSYoungGen: 693556K->816K(695808K)] 705693K->12961K(2094080K), 0.0006486 secs] [Times: user=0.00 sys=0.00, real=0.00 secs] 
2024-10-05T18:35:14.275+0300: 165.078: Total time for which application threads were stopped: 0.0009397 seconds, Stopping threads took: 0.0001945 seconds
2024-10-05T18:35:16.928+0300: 167.717: Application time: 2.6392838 seconds
2024-10-05T18:35:16.928+0300: 167.717: [GC (Allocation Failure) [PSYoungGen: 693305K->288K(695808K)] 705450K->12441K(2094080K), 0.0009334 secs] [Times: user=0.03 sys=0.00, real=0.00 secs] 
2024-10-05T18:35:16.928+0300: 167.718: Total time for which application threads were stopped: 0.0012553 seconds, Stopping threads took: 0.0001737 seconds
2024-10-05T18:35:19.548+0300: 170.340: Application time: 2.6219404 seconds
2024-10-05T18:35:19.548+0300: 170.340: [GC (Allocation Failure) [PSYoungGen: 692789K->1888K(695808K)] 704942K->14057K(2094080K), 0.0009169 secs] [Times: user=0.00 sys=0.00, real=0.00 secs] 
2024-10-05T18:35:19.548+0300: 170.341: Total time for which application threads were stopped: 0.0012243 seconds, Stopping threads took: 0.0001715 seconds
2024-10-05T18:35:22.185+0300: 172.982: Application time: 2.6408550 seconds
2024-10-05T18:35:22.185+0300: 172.982: [GC (Allocation Failure) [PSYoungGen: 694624K->800K(695808K)] 706793K->12977K(2094080K), 0.0009434 secs] [Times: user=0.00 sys=0.00, real=0.00 secs] 
2024-10-05T18:35:22.185+0300: 172.983: Total time for which application threads were stopped: 0.0012872 seconds, Stopping threads took: 0.0001791 seconds
2024-10-05T18:35:24.194+0300: 174.982: Application time: 1.9989298 seconds
2024-10-05T18:35:24.194+0300: 174.983: Total time for which application threads were stopped: 0.0003741 seconds, Stopping threads took: 0.0003170 seconds
2024-10-05T18:35:24.821+0300: 175.612: Application time: 0.6293514 seconds
2024-10-05T18:35:24.821+0300: 175.612: [GC (Allocation Failure) [PSYoungGen: 693041K->2880K(695808K)] 705218K->15073K(2094080K), 0.0010678 secs] [Times: user=0.00 sys=0.00, real=0.00 secs] 
2024-10-05T18:35:24.821+0300: 175.613: Total time for which application threads were stopped: 0.0013727 seconds, Stopping threads took: 0.0001407 seconds
2024-10-05T18:35:27.454+0300: 178.244: Application time: 2.6309077 seconds
2024-10-05T18:35:27.456+0300: 178.245: [GC (Allocation Failure) [PSYoungGen: 695614K->1312K(694784K)] 707808K->13513K(2093056K), 0.0008931 secs] [Times: user=0.00 sys=0.00, real=0.00 secs] 
2024-10-05T18:35:27.456+0300: 178.246: Total time for which application threads were stopped: 0.0012540 seconds, Stopping threads took: 0.0002041 seconds
2024-10-05T18:35:30.061+0300: 180.860: Application time: 2.6143185 seconds
2024-10-05T18:35:30.061+0300: 180.860: [GC (Allocation Failure) [PSYoungGen: 692763K->1312K(695296K)] 704964K->13529K(2093568K), 0.0007164 secs] [Times: user=0.00 sys=0.00, real=0.00 secs] 
2024-10-05T18:35:30.061+0300: 180.861: Total time for which application threads were stopped: 0.0009781 seconds, Stopping threads took: 0.0001423 seconds
2024-10-05T18:35:32.682+0300: 183.486: Application time: 2.6246838 seconds
2024-10-05T18:35:32.682+0300: 183.486: [GC (Allocation Failure) [PSYoungGen: 692989K->2336K(694784K)] 705207K->14585K(2093056K), 0.0010003 secs] [Times: user=0.01 sys=0.00, real=0.02 secs] 
2024-10-05T18:35:32.698+0300: 183.487: Total time for which application threads were stopped: 0.0013622 seconds, Stopping threads took: 0.0001933 seconds
2024-10-05T18:35:33.702+0300: 184.491: Application time: 1.0040608 seconds
2024-10-05T18:35:33.702+0300: 184.491: Total time for which application threads were stopped: 0.0002782 seconds, Stopping threads took: 0.0001891 seconds
2024-10-05T18:35:35.319+0300: 186.116: Application time: 1.6243243 seconds
2024-10-05T18:35:35.319+0300: 186.116: [GC (Allocation Failure) [PSYoungGen: 693674K->1856K(695296K)] 705923K->14113K(2093568K), 0.0008805 secs] [Times: user=0.00 sys=0.00, real=0.00 secs] 
2024-10-05T18:35:35.319+0300: 186.117: Total time for which application threads were stopped: 0.0011308 seconds, Stopping threads took: 0.0001103 seconds
2024-10-05T18:35:37.955+0300: 188.751: Application time: 2.6346256 seconds
2024-10-05T18:35:37.955+0300: 188.752: [GC (Allocation Failure) [PSYoungGen: 693517K->1312K(695808K)] 705775K->13593K(2094080K), 0.0007630 secs] [Times: user=0.00 sys=0.00, real=0.00 secs] 
2024-10-05T18:35:37.955+0300: 188.753: Total time for which application threads were stopped: 0.0011533 seconds, Stopping threads took: 0.0001737 seconds
2024-10-05T18:35:40.591+0300: 191.381: Application time: 2.6286035 seconds
2024-10-05T18:35:40.591+0300: 191.381: [GC (Allocation Failure) [PSYoungGen: 693234K->800K(695296K)] 705515K->13089K(2093568K), 0.0006734 secs] [Times: user=0.00 sys=0.00, real=0.00 secs] 
2024-10-05T18:35:40.591+0300: 191.382: Total time for which application threads were stopped: 0.0009445 seconds, Stopping threads took: 0.0001635 seconds
2024-10-05T18:35:43.228+0300: 194.017: Application time: 2.6349293 seconds
2024-10-05T18:35:43.228+0300: 194.017: [GC (Allocation Failure) [PSYoungGen: 693014K->1328K(695808K)] 705304K->13633K(2094080K), 0.0007076 secs] [Times: user=0.00 sys=0.00, real=0.00 secs] 
2024-10-05T18:35:43.228+0300: 194.018: Total time for which application threads were stopped: 0.0009822 seconds, Stopping threads took: 0.0001495 seconds
2024-10-05T18:35:45.849+0300: 196.639: Application time: 2.6208899 seconds
2024-10-05T18:35:45.849+0300: 196.639: [GC (Allocation Failure) [PSYoungGen: 693562K->1280K(695808K)] 705868K->13601K(2094080K), 0.0007036 secs] [Times: user=0.00 sys=0.00, real=0.00 secs] 
2024-10-05T18:35:45.849+0300: 196.640: Total time for which application threads were stopped: 0.0010767 seconds, Stopping threads took: 0.0002397 seconds
2024-10-05T18:35:48.469+0300: 199.269: Application time: 2.6290892 seconds
2024-10-05T18:35:48.469+0300: 199.269: [GC (Allocation Failure) [PSYoungGen: 693525K->1888K(695808K)] 705847K->14225K(2094080K), 0.0007513 secs] [Times: user=0.00 sys=0.00, real=0.00 secs] 
2024-10-05T18:35:48.469+0300: 199.270: Total time for which application threads were stopped: 0.0010068 seconds, Stopping threads took: 0.0001401 seconds
2024-10-05T18:35:51.105+0300: 201.903: Application time: 2.6330222 seconds
2024-10-05T18:35:51.105+0300: 201.903: [GC (Allocation Failure) [PSYoungGen: 694350K->800K(695808K)] 706687K->13169K(2094080K), 0.0006324 secs] [Times: user=0.00 sys=0.00, real=0.00 secs] 
2024-10-05T18:35:51.105+0300: 201.904: Total time for which application threads were stopped: 0.0008832 seconds, Stopping threads took: 0.0001412 seconds
2024-10-05T18:35:53.741+0300: 204.532: Application time: 2.6283187 seconds
2024-10-05T18:35:53.741+0300: 204.533: [GC (Allocation Failure) [PSYoungGen: 693035K->1328K(695808K)] 705404K->13705K(2094080K), 0.0007299 secs] [Times: user=0.00 sys=0.00, real=0.00 secs] 
2024-10-05T18:35:53.741+0300: 204.533: Total time for which application threads were stopped: 0.0010013 seconds, Stopping threads took: 0.0001522 seconds
2024-10-05T18:35:56.360+0300: 207.157: Application time: 2.6231772 seconds
2024-10-05T18:35:56.360+0300: 207.157: [GC (Allocation Failure) [PSYoungGen: 694064K->2368K(695808K)] 706441K->14753K(2094080K), 0.0008975 secs] [Times: user=0.00 sys=0.00, real=0.00 secs] 
2024-10-05T18:35:56.360+0300: 207.158: Total time for which application threads were stopped: 0.0012366 seconds, Stopping threads took: 0.0001463 seconds
2024-10-05T18:35:58.995+0300: 209.797: Application time: 2.6397100 seconds
2024-10-05T18:35:58.995+0300: 209.798: [GC (Allocation Failure) [PSYoungGen: 694618K->800K(695808K)] 707004K->13217K(2094080K), 0.0006109 secs] [Times: user=0.00 sys=0.00, real=0.00 secs] 
2024-10-05T18:35:58.995+0300: 209.798: Total time for which application threads were stopped: 0.0008313 seconds, Stopping threads took: 0.0001203 seconds
2024-10-05T18:36:01.630+0300: 212.427: Application time: 2.6291530 seconds
2024-10-05T18:36:01.630+0300: 212.428: [GC (Allocation Failure) [PSYoungGen: 693256K->1824K(695808K)] 705673K->14249K(2094080K), 0.0008036 secs] [Times: user=0.00 sys=0.00, real=0.00 secs] 
2024-10-05T18:36:01.630+0300: 212.429: Total time for which application threads were stopped: 0.0011228 seconds, Stopping threads took: 0.0002086 seconds
2024-10-05T18:36:04.266+0300: 215.070: Application time: 2.6410777 seconds
2024-10-05T18:36:04.266+0300: 215.070: [GC (Allocation Failure) [PSYoungGen: 694059K->1360K(695808K)] 706484K->13793K(2094080K), 0.0008901 secs] [Times: user=0.01 sys=0.00, real=0.02 secs] 
2024-10-05T18:36:04.282+0300: 215.071: Total time for which application threads were stopped: 0.0012301 seconds, Stopping threads took: 0.0001763 seconds
2024-10-05T18:36:06.886+0300: 217.689: Application time: 2.6179357 seconds
2024-10-05T18:36:06.886+0300: 217.689: [GC (Allocation Failure) [PSYoungGen: 694096K->1872K(695808K)] 706529K->14313K(2094080K), 0.0009431 secs] [Times: user=0.00 sys=0.00, real=0.00 secs] 
2024-10-05T18:36:06.886+0300: 217.690: Total time for which application threads were stopped: 0.0012471 seconds, Stopping threads took: 0.0000877 seconds
2024-10-05T18:36:09.532+0300: 220.322: Application time: 2.6317612 seconds
2024-10-05T18:36:09.532+0300: 220.322: [GC (Allocation Failure) [PSYoungGen: 694120K->2384K(695808K)] 706562K->14833K(2094080K), 0.0008956 secs] [Times: user=0.00 sys=0.00, real=0.00 secs] 
2024-10-05T18:36:09.532+0300: 220.323: Total time for which application threads were stopped: 0.0011902 seconds, Stopping threads took: 0.0001729 seconds
2024-10-05T18:36:12.174+0300: 222.974: Application time: 2.6513358 seconds
2024-10-05T18:36:12.174+0300: 222.975: [GC (Allocation Failure) [PSYoungGen: 695076K->1312K(695808K)] 707526K->13769K(2094080K), 0.0007485 secs] [Times: user=0.00 sys=0.00, real=0.00 secs] 
2024-10-05T18:36:12.174+0300: 222.975: Total time for which application threads were stopped: 0.0009908 seconds, Stopping threads took: 0.0001178 seconds
2024-10-05T18:36:14.842+0300: 225.632: Application time: 2.6562121 seconds
2024-10-05T18:36:14.842+0300: 225.632: [GC (Allocation Failure) [PSYoungGen: 694044K->1312K(695808K)] 706502K->13777K(2094080K), 0.0007989 secs] [Times: user=0.00 sys=0.00, real=0.00 secs] 
2024-10-05T18:36:14.842+0300: 225.633: Total time for which application threads were stopped: 0.0010312 seconds, Stopping threads took: 0.0000951 seconds
2024-10-05T18:36:17.477+0300: 228.274: Application time: 2.6416206 seconds
2024-10-05T18:36:17.477+0300: 228.274: [GC (Allocation Failure) [PSYoungGen: 693788K->1344K(695808K)] 706253K->13817K(2094080K), 0.0007054 secs] [Times: user=0.00 sys=0.00, real=0.00 secs] 
2024-10-05T18:36:17.477+0300: 228.275: Total time for which application threads were stopped: 0.0009348 seconds, Stopping threads took: 0.0001037 seconds
2024-10-05T18:36:20.128+0300: 230.919: Application time: 2.6440383 seconds
2024-10-05T18:36:20.128+0300: 230.919: [GC (Allocation Failure) [PSYoungGen: 693833K->848K(695808K)] 706306K->13345K(2094080K), 0.0007747 secs] [Times: user=0.02 sys=0.02, real=0.00 secs] 
2024-10-05T18:36:20.128+0300: 230.920: Total time for which application threads were stopped: 0.0010503 seconds, Stopping threads took: 0.0001396 seconds
2024-10-05T18:36:22.755+0300: 233.554: Application time: 2.6340665 seconds
2024-10-05T18:36:22.766+0300: 233.555: [GC (Allocation Failure) [PSYoungGen: 693352K->2304K(695808K)] 705850K->14809K(2094080K), 0.0009196 secs] [Times: user=0.00 sys=0.00, real=0.00 secs] 
2024-10-05T18:36:22.766+0300: 233.556: Total time for which application threads were stopped: 0.0017403 seconds, Stopping threads took: 0.0006677 seconds
2024-10-05T18:36:25.418+0300: 236.208: Application time: 2.6519551 seconds
2024-10-05T18:36:25.418+0300: 236.208: [GC (Allocation Failure) [PSYoungGen: 695040K->1856K(695808K)] 707545K->14369K(2094080K), 0.0008397 secs] [Times: user=0.00 sys=0.00, real=0.00 secs] 
2024-10-05T18:36:25.418+0300: 236.209: Total time for which application threads were stopped: 0.0011060 seconds, Stopping threads took: 0.0001159 seconds
2024-10-05T18:36:28.054+0300: 238.851: Application time: 2.6418711 seconds
2024-10-05T18:36:28.054+0300: 238.851: [GC (Allocation Failure) [PSYoungGen: 694388K->1824K(695808K)] 706902K->14353K(2094080K), 0.0009791 secs] [Times: user=0.00 sys=0.00, real=0.00 secs] 
2024-10-05T18:36:28.054+0300: 238.852: Total time for which application threads were stopped: 0.0012506 seconds, Stopping threads took: 0.0001087 seconds
2024-10-05T18:36:30.690+0300: 241.485: Application time: 2.6327966 seconds
2024-10-05T18:36:30.690+0300: 241.485: [GC (Allocation Failure) [PSYoungGen: 694560K->1328K(695808K)] 707089K->13865K(2094080K), 0.0009524 secs] [Times: user=0.00 sys=0.00, real=0.00 secs] 
2024-10-05T18:36:30.690+0300: 241.486: Total time for which application threads were stopped: 0.0011981 seconds, Stopping threads took: 0.0000822 seconds
2024-10-05T18:36:33.325+0300: 244.122: Application time: 2.6356568 seconds
2024-10-05T18:36:33.325+0300: 244.122: [GC (Allocation Failure) [PSYoungGen: 693610K->1328K(695808K)] 706148K->13873K(2094080K), 0.0007796 secs] [Times: user=0.00 sys=0.00, real=0.00 secs] 
2024-10-05T18:36:33.325+0300: 244.123: Total time for which application threads were stopped: 0.0009833 seconds, Stopping threads took: 0.0000701 seconds
2024-10-05T18:36:35.976+0300: 246.766: Application time: 2.6434059 seconds
2024-10-05T18:36:35.976+0300: 246.767: [GC (Allocation Failure) [PSYoungGen: 693822K->272K(695808K)] 706367K->12825K(2094080K), 0.0006618 secs] [Times: user=0.00 sys=0.00, real=0.00 secs] 
2024-10-05T18:36:35.976+0300: 246.767: Total time for which application threads were stopped: 0.0009918 seconds, Stopping threads took: 0.0001817 seconds
2024-10-05T18:36:38.613+0300: 249.403: Application time: 2.6353429 seconds
2024-10-05T18:36:38.613+0300: 249.403: [GC (Allocation Failure) [PSYoungGen: 692824K->1856K(695808K)] 705378K->14417K(2094080K), 0.0008249 secs] [Times: user=0.00 sys=0.00, real=0.00 secs] 
2024-10-05T18:36:38.613+0300: 249.404: Total time for which application threads were stopped: 0.0011255 seconds, Stopping threads took: 0.0001814 seconds
2024-10-05T18:36:41.233+0300: 252.037: Application time: 2.6334403 seconds
2024-10-05T18:36:41.249+0300: 252.038: [GC (Allocation Failure) [PSYoungGen: 694592K->2368K(695808K)] 707153K->14945K(2094080K), 0.0008601 secs] [Times: user=0.00 sys=0.00, real=0.00 secs] 
2024-10-05T18:36:41.249+0300: 252.038: Total time for which application threads were stopped: 0.0012686 seconds, Stopping threads took: 0.0002778 seconds
2024-10-05T18:36:43.884+0300: 254.679: Application time: 2.6400953 seconds
2024-10-05T18:36:43.884+0300: 254.679: [GC (Allocation Failure) [PSYoungGen: 694884K->816K(695808K)] 707461K->13425K(2094080K), 0.0007876 secs] [Times: user=0.00 sys=0.00, real=0.00 secs] 
2024-10-05T18:36:43.884+0300: 254.680: Total time for which application threads were stopped: 0.0011304 seconds, Stopping threads took: 0.0001621 seconds
2024-10-05T18:36:46.504+0300: 257.302: Application time: 2.6224998 seconds
2024-10-05T18:36:46.504+0300: 257.302: [GC (Allocation Failure) [PSYoungGen: 693290K->1888K(695808K)] 705900K->14505K(2094080K), 0.0007580 secs] [Times: user=0.00 sys=0.00, real=0.00 secs] 
2024-10-05T18:36:46.504+0300: 257.303: Total time for which application threads were stopped: 0.0010064 seconds, Stopping threads took: 0.0001440 seconds
2024-10-05T18:36:46.582+0300: 257.376: Application time: 0.0732585 seconds
2024-10-05T18:36:46.582+0300: 257.377: Total time for which application threads were stopped: 0.0001636 seconds, Stopping threads took: 0.0001223 seconds
2024-10-05T18:36:46.990+0300: 257.787: Application time: 0.4101573 seconds
2024-10-05T18:36:46.990+0300: 257.787: Total time for which application threads were stopped: 0.0001595 seconds, Stopping threads took: 0.0001205 seconds
2024-10-05T18:36:47.116+0300: 257.913: Application time: 0.1256460 seconds
2024-10-05T18:36:47.116+0300: 257.913: Total time for which application threads were stopped: 0.0001479 seconds, Stopping threads took: 0.0001006 seconds
2024-10-05T18:36:47.241+0300: 258.045: Application time: 0.1324424 seconds
2024-10-05T18:36:47.241+0300: 258.046: Total time for which application threads were stopped: 0.0003323 seconds, Stopping threads took: 0.0002955 seconds
2024-10-05T18:36:49.171+0300: 259.964: Application time: 1.9187613 seconds
2024-10-05T18:36:49.171+0300: 259.965: [GC (Allocation Failure) [PSYoungGen: 694600K->2896K(695808K)] 707218K->18081K(2094080K), 0.0013783 secs] [Times: user=0.00 sys=0.00, real=0.00 secs] 
2024-10-05T18:36:49.171+0300: 259.966: Total time for which application threads were stopped: 0.0017799 seconds, Stopping threads took: 0.0002025 seconds
2024-10-05T18:36:51.526+0300: 262.320: Application time: 2.3543443 seconds
2024-10-05T18:36:51.526+0300: 262.321: [GC (Allocation Failure) [PSYoungGen: 695423K->1824K(694784K)] 710608K->20649K(2093056K), 0.0013313 secs] [Times: user=0.00 sys=0.00, real=0.00 secs] 
2024-10-05T18:36:51.526+0300: 262.322: Total time for which application threads were stopped: 0.0016695 seconds, Stopping threads took: 0.0001837 seconds
2024-10-05T18:36:54.161+0300: 264.952: Application time: 2.6303675 seconds
2024-10-05T18:36:54.161+0300: 264.953: [GC (Allocation Failure) [PSYoungGen: 693028K->816K(695296K)] 711854K->19657K(2093568K), 0.0006860 secs] [Times: user=0.00 sys=0.00, real=0.00 secs] 
2024-10-05T18:36:54.161+0300: 264.953: Total time for which application threads were stopped: 0.0009469 seconds, Stopping threads took: 0.0001013 seconds
2024-10-05T18:36:56.781+0300: 267.581: Application time: 2.6270588 seconds
2024-10-05T18:36:56.781+0300: 267.581: [GC (Allocation Failure) [PSYoungGen: 692460K->848K(695296K)] 711301K->19705K(2093568K), 0.0007896 secs] [Times: user=0.00 sys=0.00, real=0.00 secs] 
2024-10-05T18:36:56.781+0300: 267.582: Total time for which application threads were stopped: 0.0010491 seconds, Stopping threads took: 0.0001393 seconds
2024-10-05T18:36:59.417+0300: 270.208: Application time: 2.6263691 seconds
2024-10-05T18:36:59.417+0300: 270.208: [GC (Allocation Failure) [PSYoungGen: 692445K->1872K(695296K)] 711303K->20737K(2093568K), 0.0007811 secs] [Times: user=0.00 sys=0.00, real=0.00 secs] 
2024-10-05T18:36:59.417+0300: 270.209: Total time for which application threads were stopped: 0.0011234 seconds, Stopping threads took: 0.0001983 seconds
2024-10-05T18:37:02.053+0300: 272.854: Application time: 2.6447326 seconds
2024-10-05T18:37:02.053+0300: 272.854: [GC (Allocation Failure) [PSYoungGen: 693527K->2368K(695296K)] 712393K->21241K(2093568K), 0.0009344 secs] [Times: user=0.00 sys=0.00, real=0.00 secs] 
2024-10-05T18:37:02.053+0300: 272.855: Total time for which application threads were stopped: 0.0013675 seconds, Stopping threads took: 0.0002976 seconds
2024-10-05T18:37:04.674+0300: 275.476: Application time: 2.6213388 seconds
2024-10-05T18:37:04.674+0300: 275.477: [GC (Allocation Failure) [PSYoungGen: 693611K->1872K(695296K)] 712484K->20753K(2093568K), 0.0009257 secs] [Times: user=0.00 sys=0.00, real=0.00 secs] 
2024-10-05T18:37:04.674+0300: 275.478: Total time for which application threads were stopped: 0.0011986 seconds, Stopping threads took: 0.0001550 seconds
2024-10-05T18:37:07.310+0300: 278.112: Application time: 2.6341664 seconds
2024-10-05T18:37:07.310+0300: 278.112: [GC (Allocation Failure) [PSYoungGen: 693306K->2400K(695296K)] 712188K->21289K(2093568K), 0.0008013 secs] [Times: user=0.00 sys=0.00, real=0.00 secs] 
2024-10-05T18:37:07.310+0300: 278.113: Total time for which application threads were stopped: 0.0011116 seconds, Stopping threads took: 0.0001941 seconds
2024-10-05T18:37:09.947+0300: 280.749: Application time: 2.6360909 seconds
2024-10-05T18:37:09.947+0300: 280.749: [GC (Allocation Failure) [PSYoungGen: 694108K->800K(695296K)] 712998K->19705K(2093568K), 0.0008379 secs] [Times: user=0.00 sys=0.00, real=0.00 secs] 
2024-10-05T18:37:09.947+0300: 280.750: Total time for which application threads were stopped: 0.0011085 seconds, Stopping threads took: 0.0001456 seconds
2024-10-05T18:37:12.567+0300: 283.369: Application time: 2.6188110 seconds
2024-10-05T18:37:12.567+0300: 283.369: [GC (Allocation Failure) [PSYoungGen: 692365K->1872K(695296K)] 711270K->20785K(2093568K), 0.0007615 secs] [Times: user=0.00 sys=0.00, real=0.00 secs] 
2024-10-05T18:37:12.567+0300: 283.370: Total time for which application threads were stopped: 0.0010671 seconds, Stopping threads took: 0.0001932 seconds
2024-10-05T18:37:15.203+0300: 286.000: Application time: 2.6301123 seconds
2024-10-05T18:37:15.203+0300: 286.000: [GC (Allocation Failure) [PSYoungGen: 693178K->784K(695296K)] 712092K->19713K(2093568K), 0.0007050 secs] [Times: user=0.00 sys=0.00, real=0.00 secs] 
2024-10-05T18:37:15.203+0300: 286.001: Total time for which application threads were stopped: 0.0010400 seconds, Stopping threads took: 0.0002042 seconds
2024-10-05T18:37:17.838+0300: 288.628: Application time: 2.6264176 seconds
2024-10-05T18:37:17.838+0300: 288.628: [GC (Allocation Failure) [PSYoungGen: 692400K->1856K(695296K)] 711329K->20793K(2093568K), 0.0007697 secs] [Times: user=0.00 sys=0.00, real=0.00 secs] 
2024-10-05T18:37:17.838+0300: 288.629: Total time for which application threads were stopped: 0.0011618 seconds, Stopping threads took: 0.0002592 seconds
2024-10-05T18:37:20.463+0300: 291.252: Application time: 2.6228861 seconds
2024-10-05T18:37:20.463+0300: 291.252: [GC (Allocation Failure) [PSYoungGen: 693182K->1344K(695296K)] 712119K->20297K(2093568K), 0.0006226 secs] [Times: user=0.00 sys=0.00, real=0.00 secs] 
2024-10-05T18:37:20.463+0300: 291.253: Total time for which application threads were stopped: 0.0008418 seconds, Stopping threads took: 0.0001109 seconds
2024-10-05T18:37:23.094+0300: 293.883: Application time: 2.6304143 seconds
2024-10-05T18:37:23.094+0300: 293.883: [GC (Allocation Failure) [PSYoungGen: 692985K->1376K(695808K)] 711939K->20345K(2094080K), 0.0007459 secs] [Times: user=0.00 sys=0.00, real=0.00 secs] 
2024-10-05T18:37:23.094+0300: 293.884: Total time for which application threads were stopped: 0.0009847 seconds, Stopping threads took: 0.0001189 seconds
2024-10-05T18:37:25.714+0300: 296.507: Application time: 2.6231605 seconds
2024-10-05T18:37:25.714+0300: 296.507: [GC (Allocation Failure) [PSYoungGen: 694112K->784K(695808K)] 713081K->19761K(2094080K), 0.0006014 secs] [Times: user=0.00 sys=0.00, real=0.00 secs] 
2024-10-05T18:37:25.714+0300: 296.508: Total time for which application threads were stopped: 0.0008412 seconds, Stopping threads took: 0.0001371 seconds
2024-10-05T18:37:28.382+0300: 299.177: Application time: 2.6685838 seconds
2024-10-05T18:37:28.382+0300: 299.177: [GC (Allocation Failure) [PSYoungGen: 693242K->1344K(695808K)] 712219K->20337K(2094080K), 0.0007580 secs] [Times: user=0.00 sys=0.00, real=0.00 secs] 
2024-10-05T18:37:28.382+0300: 299.178: Total time for which application threads were stopped: 0.0012756 seconds, Stopping threads took: 0.0003839 seconds
2024-10-05T18:37:31.019+0300: 301.816: Application time: 2.6380421 seconds
2024-10-05T18:37:31.019+0300: 301.816: [GC (Allocation Failure) [PSYoungGen: 693750K->2336K(695808K)] 712744K->21337K(2094080K), 0.0008731 secs] [Times: user=0.00 sys=0.00, real=0.00 secs] 
2024-10-05T18:37:31.019+0300: 301.817: Total time for which application threads were stopped: 0.0012247 seconds, Stopping threads took: 0.0001916 seconds
2024-10-05T18:37:33.655+0300: 304.457: Application time: 2.6399728 seconds
2024-10-05T18:37:33.655+0300: 304.457: [GC (Allocation Failure) [PSYoungGen: 694835K->1312K(695808K)] 713837K->20321K(2094080K), 0.0008829 secs] [Times: user=0.00 sys=0.00, real=0.00 secs] 
2024-10-05T18:37:33.655+0300: 304.458: Total time for which application threads were stopped: 0.0011798 seconds, Stopping threads took: 0.0001537 seconds
2024-10-05T18:37:36.292+0300: 307.088: Application time: 2.6294120 seconds
2024-10-05T18:37:36.292+0300: 307.088: [GC (Allocation Failure) [PSYoungGen: 694004K->1824K(695808K)] 713013K->20849K(2094080K), 0.0008902 secs] [Times: user=0.00 sys=0.00, real=0.00 secs] 
2024-10-05T18:37:36.292+0300: 307.089: Total time for which application threads were stopped: 0.0011262 seconds, Stopping threads took: 0.0000889 seconds
2024-10-05T18:37:38.943+0300: 309.733: Application time: 2.6445602 seconds
2024-10-05T18:37:38.943+0300: 309.734: [GC (Allocation Failure) [PSYoungGen: 694300K->1856K(695808K)] 713325K->20889K(2094080K), 0.0007870 secs] [Times: user=0.00 sys=0.00, real=0.00 secs] 
2024-10-05T18:37:38.943+0300: 309.734: Total time for which application threads were stopped: 0.0010697 seconds, Stopping threads took: 0.0001304 seconds
2024-10-05T18:37:41.581+0300: 312.374: Application time: 2.6392724 seconds
2024-10-05T18:37:41.581+0300: 312.374: [GC (Allocation Failure) [PSYoungGen: 694283K->1360K(695808K)] 713316K->20401K(2094080K), 0.0008549 secs] [Times: user=0.00 sys=0.00, real=0.00 secs] 
2024-10-05T18:37:41.581+0300: 312.375: Total time for which application threads were stopped: 0.0011303 seconds, Stopping threads took: 0.0001245 seconds
2024-10-05T18:37:44.217+0300: 315.016: Application time: 2.6413122 seconds
2024-10-05T18:37:44.217+0300: 315.016: [GC (Allocation Failure) [PSYoungGen: 694076K->1856K(695808K)] 713118K->20905K(2094080K), 0.0007519 secs] [Times: user=0.00 sys=0.00, real=0.00 secs] 
2024-10-05T18:37:44.217+0300: 315.017: Total time for which application threads were stopped: 0.0010343 seconds, Stopping threads took: 0.0001798 seconds
2024-10-05T18:37:46.868+0300: 317.659: Application time: 2.6418439 seconds
2024-10-05T18:37:46.868+0300: 317.659: [GC (Allocation Failure) [PSYoungGen: 694570K->1360K(695808K)] 713619K->20417K(2094080K), 0.0010061 secs] [Times: user=0.00 sys=0.00, real=0.00 secs] 
2024-10-05T18:37:46.868+0300: 317.660: Total time for which application threads were stopped: 0.0013372 seconds, Stopping threads took: 0.0001322 seconds
2024-10-05T18:37:48.875+0300: 319.664: Application time: 2.0037730 seconds
2024-10-05T18:37:48.875+0300: 319.664: Total time for which application threads were stopped: 0.0003338 seconds, Stopping threads took: 0.0002610 seconds
2024-10-05T18:37:49.503+0300: 320.293: Application time: 0.6286179 seconds
2024-10-05T18:37:49.503+0300: 320.293: [GC (Allocation Failure) [PSYoungGen: 693816K->1312K(695808K)] 712873K->20393K(2094080K), 0.0007590 secs] [Times: user=0.00 sys=0.00, real=0.00 secs] 
2024-10-05T18:37:49.503+0300: 320.294: Total time for which application threads were stopped: 0.0010368 seconds, Stopping threads took: 0.0001645 seconds
2024-10-05T18:37:52.124+0300: 322.918: Application time: 2.6239081 seconds
2024-10-05T18:37:52.124+0300: 322.918: [GC (Allocation Failure) [PSYoungGen: 693794K->1856K(695808K)] 712876K->20953K(2094080K), 0.0008969 secs] [Times: user=0.00 sys=0.00, real=0.00 secs] 
2024-10-05T18:37:52.124+0300: 322.919: Total time for which application threads were stopped: 0.0011572 seconds, Stopping threads took: 0.0000803 seconds
2024-10-05T18:37:54.744+0300: 325.543: Application time: 2.6241233 seconds
2024-10-05T18:37:54.744+0300: 325.544: [GC (Allocation Failure) [PSYoungGen: 694562K->2880K(695808K)] 713660K->21985K(2094080K), 0.0009457 secs] [Times: user=0.00 sys=0.00, real=0.01 secs] 
2024-10-05T18:37:54.755+0300: 325.545: Total time for which application threads were stopped: 0.0012538 seconds, Stopping threads took: 0.0001739 seconds
2024-10-05T18:37:57.397+0300: 328.186: Application time: 2.6414019 seconds
2024-10-05T18:37:57.397+0300: 328.186: [GC (Allocation Failure) [PSYoungGen: 695616K->832K(695808K)] 714721K->19945K(2094080K), 0.0007073 secs] [Times: user=0.00 sys=0.00, real=0.00 secs] 
2024-10-05T18:37:57.397+0300: 328.187: Total time for which application threads were stopped: 0.0009982 seconds, Stopping threads took: 0.0001258 seconds
2024-10-05T18:38:00.032+0300: 330.823: Application time: 2.6362753 seconds
2024-10-05T18:38:00.032+0300: 330.823: [GC (Allocation Failure) [PSYoungGen: 693284K->1360K(695808K)] 712398K->20481K(2094080K), 0.0008147 secs] [Times: user=0.00 sys=0.00, real=0.00 secs] 
2024-10-05T18:38:00.032+0300: 330.824: Total time for which application threads were stopped: 0.0010578 seconds, Stopping threads took: 0.0000840 seconds
2024-10-05T18:38:02.652+0300: 333.450: Application time: 2.6261045 seconds
2024-10-05T18:38:02.652+0300: 333.451: [GC (Allocation Failure) [PSYoungGen: 693860K->1376K(695808K)] 712982K->20505K(2094080K), 0.0007479 secs] [Times: user=0.02 sys=0.00, real=0.01 secs] 
2024-10-05T18:38:02.662+0300: 333.451: Total time for which application threads were stopped: 0.0010038 seconds, Stopping threads took: 0.0001517 seconds
2024-10-05T18:38:04.676+0300: 335.465: Application time: 2.0134451 seconds
2024-10-05T18:38:04.676+0300: 335.465: Total time for which application threads were stopped: 0.0003699 seconds, Stopping threads took: 0.0002255 seconds
2024-10-05T18:38:05.304+0300: 336.094: Application time: 0.6286851 seconds
2024-10-05T18:38:05.304+0300: 336.094: [GC (Allocation Failure) [PSYoungGen: 693813K->2288K(695808K)] 712943K->21425K(2094080K), 0.0009092 secs] [Times: user=0.00 sys=0.00, real=0.00 secs] 
2024-10-05T18:38:05.306+0300: 336.095: Total time for which application threads were stopped: 0.0012374 seconds, Stopping threads took: 0.0001781 seconds
2024-10-05T18:38:07.926+0300: 338.729: Application time: 2.6339539 seconds
2024-10-05T18:38:07.926+0300: 338.729: [GC (Allocation Failure) [PSYoungGen: 694710K->1856K(695808K)] 713848K->21001K(2094080K), 0.0008572 secs] [Times: user=0.02 sys=0.00, real=0.01 secs] 
2024-10-05T18:38:07.941+0300: 338.730: Total time for which application threads were stopped: 0.0012599 seconds, Stopping threads took: 0.0002345 seconds
2024-10-05T18:38:10.562+0300: 341.363: Application time: 2.6322269 seconds
2024-10-05T18:38:10.562+0300: 341.363: [GC (Allocation Failure) [PSYoungGen: 694544K->1328K(695808K)] 713690K->20489K(2094080K), 0.0007767 secs] [Times: user=0.00 sys=0.00, real=0.00 secs] 
2024-10-05T18:38:10.562+0300: 341.364: Total time for which application threads were stopped: 0.0011100 seconds, Stopping threads took: 0.0002208 seconds
2024-10-05T18:38:13.199+0300: 344.001: Application time: 2.6370845 seconds
2024-10-05T18:38:13.199+0300: 344.001: [GC (Allocation Failure) [PSYoungGen: 693790K->768K(695808K)] 712951K->19937K(2094080K), 0.0007626 secs] [Times: user=0.00 sys=0.02, real=0.01 secs] 
2024-10-05T18:38:13.213+0300: 344.002: Total time for which application threads were stopped: 0.0010506 seconds, Stopping threads took: 0.0001547 seconds
2024-10-05T18:38:15.834+0300: 346.628: Application time: 2.6263829 seconds
2024-10-05T18:38:15.834+0300: 346.629: [GC (Allocation Failure) [PSYoungGen: 693504K->784K(695808K)] 712673K->19977K(2094080K), 0.0007914 secs] [Times: user=0.00 sys=0.00, real=0.00 secs] 
2024-10-05T18:38:15.834+0300: 346.629: Total time for which application threads were stopped: 0.0010793 seconds, Stopping threads took: 0.0001493 seconds
2024-10-05T18:38:18.454+0300: 349.256: Application time: 2.6262136 seconds
2024-10-05T18:38:18.454+0300: 349.256: [GC (Allocation Failure) [PSYoungGen: 693296K->1824K(695808K)] 712490K->21025K(2094080K), 0.0009427 secs] [Times: user=0.02 sys=0.00, real=0.01 secs] 
2024-10-05T18:38:18.468+0300: 349.257: Total time for which application threads were stopped: 0.0012651 seconds, Stopping threads took: 0.0001945 seconds
2024-10-05T18:38:21.122+0300: 351.918: Application time: 2.6610476 seconds
2024-10-05T18:38:21.122+0300: 351.918: [GC (Allocation Failure) [PSYoungGen: 694325K->1344K(695808K)] 713526K->20553K(2094080K), 0.0009643 secs] [Times: user=0.00 sys=0.00, real=0.00 secs] 
2024-10-05T18:38:21.122+0300: 351.919: Total time for which application threads were stopped: 0.0012652 seconds, Stopping threads took: 0.0001263 seconds
2024-10-05T18:38:23.791+0300: 354.589: Application time: 2.6698910 seconds
2024-10-05T18:38:23.791+0300: 354.589: [GC (Allocation Failure) [PSYoungGen: 694060K->1856K(695808K)] 713270K->21073K(2094080K), 0.0008267 secs] [Times: user=0.00 sys=0.00, real=0.00 secs] 
2024-10-05T18:38:23.791+0300: 354.590: Total time for which application threads were stopped: 0.0012282 seconds, Stopping threads took: 0.0002568 seconds
2024-10-05T18:38:26.427+0300: 357.225: Application time: 2.6344063 seconds
2024-10-05T18:38:26.427+0300: 357.225: [GC (Allocation Failure) [PSYoungGen: 694354K->1376K(695808K)] 713572K->20601K(2094080K), 0.0009452 secs] [Times: user=0.00 sys=0.00, real=0.01 secs] 
2024-10-05T18:38:26.437+0300: 357.226: Total time for which application threads were stopped: 0.0012010 seconds, Stopping threads took: 0.0001190 seconds
2024-10-05T18:38:29.064+0300: 359.862: Application time: 2.6364078 seconds
2024-10-05T18:38:29.064+0300: 359.863: [GC (Allocation Failure) [PSYoungGen: 694089K->1328K(695808K)] 713315K->20561K(2094080K), 0.0008568 secs] [Times: user=0.00 sys=0.00, real=0.00 secs] 
2024-10-05T18:38:29.064+0300: 359.864: Total time for which application threads were stopped: 0.0012446 seconds, Stopping threads took: 0.0002269 seconds
2024-10-05T18:38:31.699+0300: 362.492: Application time: 2.6286052 seconds
2024-10-05T18:38:31.699+0300: 362.492: [GC (Allocation Failure) [PSYoungGen: 693839K->1360K(696320K)] 713073K->20601K(2094592K), 0.0008207 secs] [Times: user=0.00 sys=0.00, real=0.01 secs] 
2024-10-05T18:38:31.704+0300: 362.493: Total time for which application threads were stopped: 0.0011486 seconds, Stopping threads took: 0.0002141 seconds
2024-10-05T18:38:34.334+0300: 365.129: Application time: 2.6361512 seconds
2024-10-05T18:38:34.334+0300: 365.130: [GC (Allocation Failure) [PSYoungGen: 694097K->1328K(695808K)] 713339K->20577K(2094080K), 0.0008575 secs] [Times: user=0.00 sys=0.00, real=0.00 secs] 
2024-10-05T18:38:34.334+0300: 365.131: Total time for which application threads were stopped: 0.0012003 seconds, Stopping threads took: 0.0001782 seconds
2024-10-05T18:38:36.970+0300: 367.769: Application time: 2.6381717 seconds
2024-10-05T18:38:36.970+0300: 367.769: [GC (Allocation Failure) [PSYoungGen: 694364K->1792K(696320K)] 713614K->21049K(2094592K), 0.0008609 secs] [Times: user=0.00 sys=0.01, real=0.01 secs] 
2024-10-05T18:38:36.981+0300: 367.770: Total time for which application threads were stopped: 0.0011527 seconds, Stopping threads took: 0.0001500 seconds
2024-10-05T18:38:39.609+0300: 370.402: Application time: 2.6317431 seconds
2024-10-05T18:38:39.609+0300: 370.402: [GC (Allocation Failure) [PSYoungGen: 695060K->2272K(696320K)] 714318K->21537K(2094592K), 0.0010252 secs] [Times: user=0.00 sys=0.00, real=0.01 secs] 
2024-10-05T18:38:39.614+0300: 370.403: Total time for which application threads were stopped: 0.0013240 seconds, Stopping threads took: 0.0001300 seconds
2024-10-05T18:38:42.273+0300: 373.066: Application time: 2.6628163 seconds
2024-10-05T18:38:42.273+0300: 373.066: [GC (Allocation Failure) [PSYoungGen: 695594K->1888K(695296K)] 714859K->21161K(2093568K), 0.0008464 secs] [Times: user=0.00 sys=0.00, real=0.00 secs] 
2024-10-05T18:38:42.273+0300: 373.067: Total time for which application threads were stopped: 0.0011112 seconds, Stopping threads took: 0.0001308 seconds
2024-10-05T18:38:44.925+0300: 375.720: Application time: 2.6529450 seconds
2024-10-05T18:38:44.925+0300: 375.720: [GC (Allocation Failure) [PSYoungGen: 694112K->768K(695808K)] 713386K->20057K(2094080K), 0.0009598 secs] [Times: user=0.00 sys=0.00, real=0.01 secs] 
2024-10-05T18:38:44.932+0300: 375.721: Total time for which application threads were stopped: 0.0012542 seconds, Stopping threads took: 0.0001578 seconds
2024-10-05T18:38:47.561+0300: 378.353: Application time: 2.6314877 seconds
2024-10-05T18:38:47.561+0300: 378.353: [GC (Allocation Failure) [PSYoungGen: 693296K->1872K(695808K)] 712586K->21169K(2094080K), 0.0015129 secs] [Times: user=0.00 sys=0.00, real=0.00 secs] 
2024-10-05T18:38:47.561+0300: 378.354: Total time for which application threads were stopped: 0.0017874 seconds, Stopping threads took: 0.0001081 seconds
2024-10-05T18:38:50.196+0300: 380.987: Application time: 2.6329397 seconds
2024-10-05T18:38:50.196+0300: 380.988: [GC (Allocation Failure) [PSYoungGen: 694594K->1872K(695808K)] 713892K->21177K(2094080K), 0.0007743 secs] [Times: user=0.00 sys=0.00, real=0.00 secs] 
2024-10-05T18:38:50.196+0300: 380.988: Total time for which application threads were stopped: 0.0010665 seconds, Stopping threads took: 0.0001315 seconds
2024-10-05T18:38:52.848+0300: 383.640: Application time: 2.6515071 seconds
2024-10-05T18:38:52.848+0300: 383.640: [GC (Allocation Failure) [PSYoungGen: 694382K->1888K(695808K)] 713687K->21201K(2094080K), 0.0009398 secs] [Times: user=0.01 sys=0.00, real=0.00 secs] 
2024-10-05T18:38:52.852+0300: 383.641: Total time for which application threads were stopped: 0.0011692 seconds, Stopping threads took: 0.0001030 seconds
2024-10-05T18:38:55.484+0300: 386.285: Application time: 2.6434671 seconds
2024-10-05T18:38:55.484+0300: 386.285: [GC (Allocation Failure) [PSYoungGen: 694337K->1344K(695808K)] 713651K->20665K(2094080K), 0.0010270 secs] [Times: user=0.00 sys=0.00, real=0.00 secs] 
2024-10-05T18:38:55.484+0300: 386.286: Total time for which application threads were stopped: 0.0013559 seconds, Stopping threads took: 0.0002027 seconds
2024-10-05T18:38:58.120+0300: 388.923: Application time: 2.6367416 seconds
2024-10-05T18:38:58.120+0300: 388.923: [GC (Allocation Failure) [PSYoungGen: 693840K->2368K(695808K)] 713161K->21697K(2094080K), 0.0009934 secs] [Times: user=0.02 sys=0.00, real=0.02 secs] 
2024-10-05T18:38:58.135+0300: 388.924: Total time for which application threads were stopped: 0.0014256 seconds, Stopping threads took: 0.0002634 seconds
2024-10-05T18:39:00.773+0300: 391.569: Application time: 2.6448198 seconds
2024-10-05T18:39:00.773+0300: 391.569: [GC (Allocation Failure) [PSYoungGen: 694834K->1872K(695808K)] 714164K->21209K(2094080K), 0.0007918 secs] [Times: user=0.00 sys=0.00, real=0.00 secs] 
2024-10-05T18:39:00.773+0300: 391.570: Total time for which application threads were stopped: 0.0010469 seconds, Stopping threads took: 0.0001164 seconds
2024-10-05T18:39:03.408+0300: 394.201: Application time: 2.6309455 seconds
2024-10-05T18:39:03.408+0300: 394.201: [GC (Allocation Failure) [PSYoungGen: 694371K->1328K(695808K)] 713709K->20681K(2094080K), 0.0008975 secs] [Times: user=0.00 sys=0.00, real=0.00 secs] 
2024-10-05T18:39:03.408+0300: 394.202: Total time for which application threads were stopped: 0.0012236 seconds, Stopping threads took: 0.0001783 seconds
2024-10-05T18:39:06.044+0300: 396.839: Application time: 2.6365597 seconds
2024-10-05T18:39:06.044+0300: 396.839: [GC (Allocation Failure) [PSYoungGen: 693830K->1856K(695808K)] 713184K->21217K(2094080K), 0.0009475 secs] [Times: user=0.00 sys=0.00, real=0.00 secs] 
2024-10-05T18:39:06.044+0300: 396.840: Total time for which application threads were stopped: 0.0012866 seconds, Stopping threads took: 0.0001941 seconds
2024-10-05T18:39:08.666+0300: 399.468: Application time: 2.6274476 seconds
2024-10-05T18:39:08.666+0300: 399.468: [GC (Allocation Failure) [PSYoungGen: 694096K->1856K(695808K)] 713458K->21225K(2094080K), 0.0008000 secs] [Times: user=0.00 sys=0.00, real=0.00 secs] 
2024-10-05T18:39:08.666+0300: 399.469: Total time for which application threads were stopped: 0.0010401 seconds, Stopping threads took: 0.0001290 seconds
2024-10-05T18:39:11.301+0300: 402.095: Application time: 2.6261590 seconds
2024-10-05T18:39:11.301+0300: 402.095: [GC (Allocation Failure) [PSYoungGen: 694081K->1312K(695808K)] 713451K->20689K(2094080K), 0.0006666 secs] [Times: user=0.00 sys=0.00, real=0.00 secs] 
2024-10-05T18:39:11.301+0300: 402.096: Total time for which application threads were stopped: 0.0009152 seconds, Stopping threads took: 0.0001461 seconds
2024-10-05T18:39:13.937+0300: 404.728: Application time: 2.6326082 seconds
2024-10-05T18:39:13.937+0300: 404.729: [GC (Allocation Failure) [PSYoungGen: 693782K->1840K(695808K)] 713159K->21225K(2094080K), 0.0008962 secs] [Times: user=0.00 sys=0.00, real=0.00 secs] 
2024-10-05T18:39:13.937+0300: 404.730: Total time for which application threads were stopped: 0.0013359 seconds, Stopping threads took: 0.0002826 seconds
2024-10-05T18:39:16.557+0300: 407.358: Application time: 2.6286002 seconds
2024-10-05T18:39:16.557+0300: 407.358: [GC (Allocation Failure) [PSYoungGen: 694312K->800K(695808K)] 713698K->20201K(2094080K), 0.0006420 secs] [Times: user=0.00 sys=0.00, real=0.00 secs] 
2024-10-05T18:39:16.557+0300: 407.359: Total time for which application threads were stopped: 0.0009656 seconds, Stopping threads took: 0.0002148 seconds
2024-10-05T18:39:19.193+0300: 409.996: Application time: 2.6372537 seconds
2024-10-05T18:39:19.193+0300: 409.997: [GC (Allocation Failure) [PSYoungGen: 693257K->1888K(695808K)] 712659K->21297K(2094080K), 0.0009891 secs] [Times: user=0.02 sys=0.00, real=0.01 secs] 
2024-10-05T18:39:19.208+0300: 409.998: Total time for which application threads were stopped: 0.0012698 seconds, Stopping threads took: 0.0001234 seconds
2024-10-05T18:39:21.844+0300: 412.634: Application time: 2.6359300 seconds
2024-10-05T18:39:21.844+0300: 412.634: [GC (Allocation Failure) [PSYoungGen: 694385K->1328K(695808K)] 713794K->20745K(2094080K), 0.0007252 secs] [Times: user=0.00 sys=0.00, real=0.00 secs] 
2024-10-05T18:39:21.844+0300: 412.635: Total time for which application threads were stopped: 0.0010061 seconds, Stopping threads took: 0.0001285 seconds
2024-10-05T18:39:24.464+0300: 415.261: Application time: 2.6265871 seconds
2024-10-05T18:39:24.464+0300: 415.261: [GC (Allocation Failure) [PSYoungGen: 694046K->1344K(696320K)] 713464K->20769K(2094592K), 0.0007075 secs] [Times: user=0.00 sys=0.00, real=0.00 secs] 
2024-10-05T18:39:24.464+0300: 415.262: Total time for which application threads were stopped: 0.0010124 seconds, Stopping threads took: 0.0001947 seconds
2024-10-05T18:39:27.116+0300: 417.909: Application time: 2.6462872 seconds
2024-10-05T18:39:27.116+0300: 417.909: [GC (Allocation Failure) [PSYoungGen: 694373K->1856K(695808K)] 713799K->21289K(2094080K), 0.0008321 secs] [Times: user=0.00 sys=0.00, real=0.00 secs] 
2024-10-05T18:39:27.116+0300: 417.910: Total time for which application threads were stopped: 0.0011861 seconds, Stopping threads took: 0.0002139 seconds
2024-10-05T18:39:29.736+0300: 420.532: Application time: 2.6225619 seconds
2024-10-05T18:39:29.736+0300: 420.533: [GC (Allocation Failure) [PSYoungGen: 694598K->784K(695296K)] 714032K->20225K(2093568K), 0.0006959 secs] [Times: user=0.00 sys=0.00, real=0.00 secs] 
2024-10-05T18:39:29.736+0300: 420.533: Total time for which application threads were stopped: 0.0010117 seconds, Stopping threads took: 0.0001974 seconds
2024-10-05T18:39:32.374+0300: 423.165: Application time: 2.6315375 seconds
2024-10-05T18:39:32.374+0300: 423.165: [GC (Allocation Failure) [PSYoungGen: 693304K->1344K(695808K)] 712745K->20793K(2094080K), 0.0007399 secs] [Times: user=0.00 sys=0.00, real=0.00 secs] 
2024-10-05T18:39:32.374+0300: 423.166: Total time for which application threads were stopped: 0.0010341 seconds, Stopping threads took: 0.0001767 seconds
2024-10-05T18:39:35.010+0300: 425.800: Application time: 2.6342743 seconds
2024-10-05T18:39:35.010+0300: 425.800: [GC (Allocation Failure) [PSYoungGen: 694054K->2336K(695296K)] 713504K->21801K(2093568K), 0.0010792 secs] [Times: user=0.00 sys=0.00, real=0.00 secs] 
2024-10-05T18:39:35.013+0300: 425.802: Total time for which application threads were stopped: 0.0014651 seconds, Stopping threads took: 0.0001811 seconds
2024-10-05T18:39:37.630+0300: 428.432: Application time: 2.6302272 seconds
2024-10-05T18:39:37.630+0300: 428.432: [GC (Allocation Failure) [PSYoungGen: 694822K->816K(695808K)] 714287K->20297K(2094080K), 0.0007597 secs] [Times: user=0.00 sys=0.00, real=0.00 secs] 
2024-10-05T18:39:37.630+0300: 428.433: Total time for which application threads were stopped: 0.0010427 seconds, Stopping threads took: 0.0001560 seconds
2024-10-05T18:39:40.266+0300: 431.068: Application time: 2.6354570 seconds
2024-10-05T18:39:40.266+0300: 431.069: [GC (Allocation Failure) [PSYoungGen: 693523K->1328K(695808K)] 713005K->20825K(2094080K), 0.0008363 secs] [Times: user=0.00 sys=0.00, real=0.00 secs] 
2024-10-05T18:39:40.266+0300: 431.070: Total time for which application threads were stopped: 0.0013088 seconds, Stopping threads took: 0.0003161 seconds
2024-10-05T18:39:42.901+0300: 433.703: Application time: 2.6331516 seconds
2024-10-05T18:39:42.901+0300: 433.703: [GC (Allocation Failure) [PSYoungGen: 693554K->1376K(695808K)] 713051K->20881K(2094080K), 0.0007857 secs] [Times: user=0.00 sys=0.00, real=0.00 secs] 
2024-10-05T18:39:42.901+0300: 433.704: Total time for which application threads were stopped: 0.0011043 seconds, Stopping threads took: 0.0001756 seconds
2024-10-05T18:39:45.536+0300: 436.327: Application time: 2.6226155 seconds
2024-10-05T18:39:45.536+0300: 436.327: [GC (Allocation Failure) [PSYoungGen: 693810K->1872K(695296K)] 713316K->21385K(2093568K), 0.0007230 secs] [Times: user=0.00 sys=0.00, real=0.00 secs] 
2024-10-05T18:39:45.536+0300: 436.328: Total time for which application threads were stopped: 0.0009782 seconds, Stopping threads took: 0.0001490 seconds
2024-10-05T18:39:48.173+0300: 438.964: Application time: 2.6366726 seconds
2024-10-05T18:39:48.173+0300: 438.964: [GC (Allocation Failure) [PSYoungGen: 694115K->800K(695808K)] 713628K->20321K(2094080K), 0.0006261 secs] [Times: user=0.00 sys=0.00, real=0.00 secs] 
2024-10-05T18:39:48.173+0300: 438.965: Total time for which application threads were stopped: 0.0008779 seconds, Stopping threads took: 0.0001489 seconds
2024-10-05T18:39:50.793+0300: 441.592: Application time: 2.6268445 seconds
2024-10-05T18:39:50.793+0300: 441.592: [GC (Allocation Failure) [PSYoungGen: 693264K->1344K(696320K)] 712786K->20873K(2094592K), 0.0008220 secs] [Times: user=0.00 sys=0.00, real=0.00 secs] 
2024-10-05T18:39:50.793+0300: 441.593: Total time for which application threads were stopped: 0.0010464 seconds, Stopping threads took: 0.0000651 seconds
2024-10-05T18:39:53.428+0300: 444.226: Application time: 2.6331009 seconds
2024-10-05T18:39:53.428+0300: 444.226: [GC (Allocation Failure) [PSYoungGen: 694128K->1824K(695808K)] 713657K->21361K(2094080K), 0.0008566 secs] [Times: user=0.00 sys=0.00, real=0.00 secs] 
2024-10-05T18:39:53.428+0300: 444.227: Total time for which application threads were stopped: 0.0011228 seconds, Stopping threads took: 0.0001527 seconds
2024-10-05T18:39:56.053+0300: 446.852: Application time: 2.6251379 seconds
2024-10-05T18:39:56.053+0300: 446.853: [GC (Allocation Failure) [PSYoungGen: 694825K->1856K(695296K)] 714363K->21401K(2093568K), 0.0008612 secs] [Times: user=0.02 sys=0.00, real=0.01 secs] 
2024-10-05T18:39:56.064+0300: 446.854: Total time for which application threads were stopped: 0.0011699 seconds, Stopping threads took: 0.0001401 seconds
2024-10-05T18:39:58.716+0300: 449.511: Application time: 2.6575929 seconds
2024-10-05T18:39:58.716+0300: 449.511: [GC (Allocation Failure) [PSYoungGen: 694110K->1888K(695808K)] 713655K->21449K(2094080K), 0.0009635 secs] [Times: user=0.00 sys=0.00, real=0.00 secs] 
2024-10-05T18:39:58.716+0300: 449.512: Total time for which application threads were stopped: 0.0012428 seconds, Stopping threads took: 0.0001552 seconds
2024-10-05T18:40:01.368+0300: 452.169: Application time: 2.6563771 seconds
2024-10-05T18:40:01.368+0300: 452.169: [GC (Allocation Failure) [PSYoungGen: 694584K->784K(695808K)] 714146K->20361K(2094080K), 0.0007275 secs] [Times: user=0.00 sys=0.00, real=0.00 secs] 
2024-10-05T18:40:01.368+0300: 452.170: Total time for which application threads were stopped: 0.0009851 seconds, Stopping threads took: 0.0001257 seconds
2024-10-05T18:40:04.004+0300: 454.804: Application time: 2.6343894 seconds
2024-10-05T18:40:04.004+0300: 454.804: [GC (Allocation Failure) [PSYoungGen: 693244K->1888K(695808K)] 712822K->21473K(2094080K), 0.0008521 secs] [Times: user=0.00 sys=0.00, real=0.00 secs] 
2024-10-05T18:40:04.004+0300: 454.805: Total time for which application threads were stopped: 0.0010858 seconds, Stopping threads took: 0.0001013 seconds
2024-10-05T18:40:06.655+0300: 457.455: Application time: 2.6499464 seconds
2024-10-05T18:40:06.655+0300: 457.455: [GC (Allocation Failure) [PSYoungGen: 694115K->768K(695808K)] 713700K->20361K(2094080K), 0.0008696 secs] [Times: user=0.00 sys=0.00, real=0.00 secs] 
2024-10-05T18:40:06.655+0300: 457.456: Total time for which application threads were stopped: 0.0011713 seconds, Stopping threads took: 0.0001702 seconds
2024-10-05T18:40:09.291+0300: 460.093: Application time: 2.6368182 seconds
2024-10-05T18:40:09.291+0300: 460.093: [GC (Allocation Failure) [PSYoungGen: 693218K->1888K(695808K)] 712812K->21489K(2094080K), 0.0008111 secs] [Times: user=0.00 sys=0.00, real=0.00 secs] 
2024-10-05T18:40:09.291+0300: 460.094: Total time for which application threads were stopped: 0.0010977 seconds, Stopping threads took: 0.0001692 seconds
2024-10-05T18:40:11.926+0300: 462.725: Application time: 2.6310901 seconds
2024-10-05T18:40:11.926+0300: 462.726: [GC (Allocation Failure) [PSYoungGen: 694122K->1344K(695808K)] 713723K->20961K(2094080K), 0.0007686 secs] [Times: user=0.00 sys=0.00, real=0.00 secs] 
2024-10-05T18:40:11.926+0300: 462.726: Total time for which application threads were stopped: 0.0010301 seconds, Stopping threads took: 0.0001356 seconds
2024-10-05T18:40:14.563+0300: 465.353: Application time: 2.6262838 seconds
2024-10-05T18:40:14.563+0300: 465.353: [GC (Allocation Failure) [PSYoungGen: 693822K->288K(695808K)] 713440K->19913K(2094080K), 0.0006200 secs] [Times: user=0.00 sys=0.00, real=0.00 secs] 
2024-10-05T18:40:14.563+0300: 465.354: Total time for which application threads were stopped: 0.0008820 seconds, Stopping threads took: 0.0001593 seconds
2024-10-05T18:40:17.194+0300: 467.984: Application time: 2.6305459 seconds
2024-10-05T18:40:17.194+0300: 467.984: [GC (Allocation Failure) [PSYoungGen: 693023K->1872K(695808K)] 712649K->21513K(2094080K), 0.0009730 secs] [Times: user=0.00 sys=0.00, real=0.00 secs] 
2024-10-05T18:40:17.194+0300: 467.985: Total time for which application threads were stopped: 0.0012283 seconds, Stopping threads took: 0.0000795 seconds
2024-10-05T18:40:19.835+0300: 470.627: Application time: 2.6415371 seconds
2024-10-05T18:40:19.835+0300: 470.627: [GC (Allocation Failure) [PSYoungGen: 694351K->800K(695808K)] 713993K->20465K(2094080K), 0.0006820 secs] [Times: user=0.00 sys=0.00, real=0.00 secs] 
2024-10-05T18:40:19.835+0300: 470.628: Total time for which application threads were stopped: 0.0009358 seconds, Stopping threads took: 0.0001364 seconds
2024-10-05T18:40:22.455+0300: 473.251: Application time: 2.6227341 seconds
2024-10-05T18:40:22.455+0300: 473.251: [GC (Allocation Failure) [PSYoungGen: 693529K->1344K(695808K)] 713194K->21017K(2094080K), 0.0006876 secs] [Times: user=0.00 sys=0.00, real=0.00 secs] 
2024-10-05T18:40:22.455+0300: 473.252: Total time for which application threads were stopped: 0.0009880 seconds, Stopping threads took: 0.0001975 seconds
2024-10-05T18:40:25.090+0300: 475.886: Application time: 2.6340290 seconds
2024-10-05T18:40:25.090+0300: 475.886: [GC (Allocation Failure) [PSYoungGen: 693824K->1856K(695808K)] 713497K->21537K(2094080K), 0.0008250 secs] [Times: user=0.00 sys=0.00, real=0.00 secs] 
2024-10-05T18:40:25.090+0300: 475.887: Total time for which application threads were stopped: 0.0010547 seconds, Stopping threads took: 0.0000796 seconds
2024-10-05T18:40:27.714+0300: 478.510: Application time: 2.6232780 seconds
2024-10-05T18:40:27.714+0300: 478.510: [GC (Allocation Failure) [PSYoungGen: 694581K->1328K(696320K)] 714262K->21025K(2094592K), 0.0007472 secs] [Times: user=0.00 sys=0.00, real=0.00 secs] 
2024-10-05T18:40:27.714+0300: 478.511: Total time for which application threads were stopped: 0.0009936 seconds, Stopping threads took: 0.0001313 seconds
2024-10-05T18:40:30.347+0300: 481.150: Application time: 2.6387647 seconds
2024-10-05T18:40:30.347+0300: 481.150: [GC (Allocation Failure) [PSYoungGen: 694094K->2400K(695808K)] 713791K->22105K(2094080K), 0.0009669 secs] [Times: user=0.00 sys=0.00, real=0.00 secs] 
2024-10-05T18:40:30.347+0300: 481.151: Total time for which application threads were stopped: 0.0012593 seconds, Stopping threads took: 0.0001563 seconds
2024-10-05T18:40:32.983+0300: 483.785: Application time: 2.6339582 seconds
2024-10-05T18:40:32.983+0300: 483.785: [GC (Allocation Failure) [PSYoungGen: 695628K->2288K(695808K)] 715334K->22001K(2094080K), 0.0009585 secs] [Times: user=0.00 sys=0.00, real=0.00 secs] 
2024-10-05T18:40:32.983+0300: 483.786: Total time for which application threads were stopped: 0.0012620 seconds, Stopping threads took: 0.0001458 seconds
2024-10-05T18:40:35.629+0300: 486.420: Application time: 2.6334268 seconds
2024-10-05T18:40:35.629+0300: 486.420: [GC (Allocation Failure) [PSYoungGen: 694536K->1312K(695808K)] 714249K->21033K(2094080K), 0.0007191 secs] [Times: user=0.02 sys=0.00, real=0.00 secs] 
2024-10-05T18:40:35.629+0300: 486.421: Total time for which application threads were stopped: 0.0010767 seconds, Stopping threads took: 0.0002194 seconds
2024-10-05T18:40:38.256+0300: 489.052: Application time: 2.6312666 seconds
2024-10-05T18:40:38.256+0300: 489.052: [GC (Allocation Failure) [PSYoungGen: 693769K->1344K(695808K)] 713491K->21089K(2094080K), 0.0006904 secs] [Times: user=0.00 sys=0.00, real=0.00 secs] 
2024-10-05T18:40:38.256+0300: 489.053: Total time for which application threads were stopped: 0.0009048 seconds, Stopping threads took: 0.0001146 seconds
2024-10-05T18:40:40.893+0300: 491.695: Application time: 2.6421148 seconds
2024-10-05T18:40:40.893+0300: 491.695: [GC (Allocation Failure) [PSYoungGen: 693598K->1360K(695808K)] 713344K->21113K(2094080K), 0.0008743 secs] [Times: user=0.00 sys=0.00, real=0.00 secs] 
2024-10-05T18:40:40.893+0300: 491.696: Total time for which application threads were stopped: 0.0011907 seconds, Stopping threads took: 0.0001821 seconds
2024-10-05T18:40:43.529+0300: 494.325: Application time: 2.6284854 seconds
2024-10-05T18:40:43.529+0300: 494.325: [GC (Allocation Failure) [PSYoungGen: 693819K->1872K(695808K)] 713573K->21633K(2094080K), 0.0008744 secs] [Times: user=0.00 sys=0.00, real=0.00 secs] 
2024-10-05T18:40:43.529+0300: 494.326: Total time for which application threads were stopped: 0.0011747 seconds, Stopping threads took: 0.0001766 seconds
2024-10-05T18:40:46.166+0300: 496.967: Application time: 2.6411891 seconds
2024-10-05T18:40:46.166+0300: 496.967: [GC (Allocation Failure) [PSYoungGen: 694127K->768K(695808K)] 713888K->20561K(2094080K), 0.0006905 secs] [Times: user=0.00 sys=0.00, real=0.00 secs] 
2024-10-05T18:40:46.166+0300: 496.968: Total time for which application threads were stopped: 0.0009175 seconds, Stopping threads took: 0.0001025 seconds
2024-10-05T18:40:48.253+0300: 499.050: Application time: 2.0824189 seconds
2024-10-05T18:40:48.253+0300: 499.050: Total time for which application threads were stopped: 0.0001771 seconds, Stopping threads took: 0.0001173 seconds
2024-10-05T18:40:48.520+0300: 499.323: Application time: 0.2729500 seconds
2024-10-05T18:40:48.520+0300: 499.324: Total time for which application threads were stopped: 0.0001654 seconds, Stopping threads took: 0.0001030 seconds
2024-10-05T18:40:48.583+0300: 499.376: Application time: 0.0525137 seconds
2024-10-05T18:40:48.583+0300: 499.376: Total time for which application threads were stopped: 0.0001164 seconds, Stopping threads took: 0.0000707 seconds
2024-10-05T18:40:48.598+0300: 499.391: Application time: 0.0142799 seconds
2024-10-05T18:40:48.598+0300: 499.391: Total time for which application threads were stopped: 0.0000888 seconds, Stopping threads took: 0.0000548 seconds
2024-10-05T18:40:48.677+0300: 499.468: Application time: 0.0769157 seconds
2024-10-05T18:40:48.677+0300: 499.468: Total time for which application threads were stopped: 0.0003261 seconds, Stopping threads took: 0.0003029 seconds
2024-10-05T18:40:48.960+0300: 499.749: Application time: 0.2811879 seconds
2024-10-05T18:40:48.960+0300: 499.749: [GC (Allocation Failure) [PSYoungGen: 693468K->2848K(694784K)] 713262K->23689K(2093056K), 0.0010857 secs] [Times: user=0.00 sys=0.00, real=0.00 secs] 
2024-10-05T18:40:48.960+0300: 499.751: Total time for which application threads were stopped: 0.0014407 seconds, Stopping threads took: 0.0002255 seconds
2024-10-05T18:40:51.392+0300: 502.196: Application time: 2.4452955 seconds
2024-10-05T18:40:51.392+0300: 502.196: [GC (Allocation Failure) [PSYoungGen: 694395K->1296K(695296K)] 715237K->25257K(2093568K), 0.0015505 secs] [Times: user=0.02 sys=0.00, real=0.02 secs] 
2024-10-05T18:40:51.408+0300: 502.198: Total time for which application threads were stopped: 0.0018929 seconds, Stopping threads took: 0.0001969 seconds
2024-10-05T18:40:54.043+0300: 504.847: Application time: 2.6494628 seconds
2024-10-05T18:40:54.043+0300: 504.847: [GC (Allocation Failure) [PSYoungGen: 692993K->1312K(695808K)] 716955K->25289K(2094080K), 0.0008114 secs] [Times: user=0.00 sys=0.00, real=0.02 secs] 
2024-10-05T18:40:54.059+0300: 504.848: Total time for which application threads were stopped: 0.0010937 seconds, Stopping threads took: 0.0001392 seconds
2024-10-05T18:40:56.696+0300: 507.493: Application time: 2.6449083 seconds
2024-10-05T18:40:56.696+0300: 507.493: [GC (Allocation Failure) [PSYoungGen: 693963K->1344K(695808K)] 717941K->25337K(2094080K), 0.0007580 secs] [Times: user=0.00 sys=0.00, real=0.00 secs] 
2024-10-05T18:40:56.696+0300: 507.494: Total time for which application threads were stopped: 0.0010103 seconds, Stopping threads took: 0.0001445 seconds
2024-10-05T18:40:59.347+0300: 510.150: Application time: 2.6559385 seconds
2024-10-05T18:40:59.347+0300: 510.150: [GC (Allocation Failure) [PSYoungGen: 693888K->816K(695808K)] 717882K->24825K(2094080K), 0.0007622 secs] [Times: user=0.00 sys=0.00, real=0.00 secs] 
2024-10-05T18:40:59.362+0300: 510.152: Total time for which application threads were stopped: 0.0015182 seconds, Stopping threads took: 0.0001327 seconds
2024-10-05T18:41:02.015+0300: 512.804: Application time: 2.6525256 seconds
2024-10-05T18:41:02.015+0300: 512.804: [GC (Allocation Failure) [PSYoungGen: 693358K->1840K(695808K)] 717368K->25857K(2094080K), 0.0009336 secs] [Times: user=0.00 sys=0.00, real=0.00 secs] 
2024-10-05T18:41:02.015+0300: 512.805: Total time for which application threads were stopped: 0.0012596 seconds, Stopping threads took: 0.0001551 seconds
2024-10-05T18:41:04.667+0300: 515.456: Application time: 2.6510168 seconds
2024-10-05T18:41:04.667+0300: 515.457: [GC (Allocation Failure) [PSYoungGen: 694237K->816K(695808K)] 718255K->24857K(2094080K), 0.0006393 secs] [Times: user=0.00 sys=0.00, real=0.00 secs] 
2024-10-05T18:41:04.667+0300: 515.457: Total time for which application threads were stopped: 0.0008642 seconds, Stopping threads took: 0.0001254 seconds
2024-10-05T18:41:07.319+0300: 518.118: Application time: 2.6607263 seconds
2024-10-05T18:41:07.319+0300: 518.118: [GC (Allocation Failure) [PSYoungGen: 693182K->2896K(695808K)] 717224K->26945K(2094080K), 0.0009828 secs] [Times: user=0.00 sys=0.00, real=0.00 secs] 
2024-10-05T18:41:07.319+0300: 518.119: Total time for which application threads were stopped: 0.0012194 seconds, Stopping threads took: 0.0000932 seconds
2024-10-05T18:41:10.002+0300: 520.796: Application time: 2.6765466 seconds
2024-10-05T18:41:10.002+0300: 520.796: [GC (Allocation Failure) [PSYoungGen: 695332K->2336K(694784K)] 719381K->26393K(2093056K), 0.0009365 secs] [Times: user=0.03 sys=0.00, real=0.00 secs] 
2024-10-05T18:41:10.002+0300: 520.797: Total time for which application threads were stopped: 0.0012850 seconds, Stopping threads took: 0.0002019 seconds
2024-10-05T18:41:12.655+0300: 523.444: Application time: 2.6467260 seconds
2024-10-05T18:41:12.655+0300: 523.444: [GC (Allocation Failure) [PSYoungGen: 693789K->2368K(695296K)] 717847K->26433K(2093568K), 0.0009928 secs] [Times: user=0.00 sys=0.00, real=0.00 secs] 
2024-10-05T18:41:12.656+0300: 523.445: Total time for which application threads were stopped: 0.0012509 seconds, Stopping threads took: 0.0001085 seconds
2024-10-05T18:41:15.304+0300: 526.101: Application time: 2.6556057 seconds
2024-10-05T18:41:15.304+0300: 526.101: [GC (Allocation Failure) [PSYoungGen: 693692K->1872K(695296K)] 717758K->25953K(2093568K), 0.0009008 secs] [Times: user=0.00 sys=0.00, real=0.00 secs] 
2024-10-05T18:41:15.304+0300: 526.102: Total time for which application threads were stopped: 0.0011299 seconds, Stopping threads took: 0.0001056 seconds
2024-10-05T18:41:17.955+0300: 528.756: Application time: 2.6538410 seconds
2024-10-05T18:41:17.955+0300: 528.756: [GC (Allocation Failure) [PSYoungGen: 693584K->1360K(695296K)] 717665K->25457K(2093568K), 0.0009646 secs] [Times: user=0.00 sys=0.00, real=0.00 secs] 
2024-10-05T18:41:17.955+0300: 528.757: Total time for which application threads were stopped: 0.0013298 seconds, Stopping threads took: 0.0002289 seconds
2024-10-05T18:41:20.613+0300: 531.404: Application time: 2.6471280 seconds
2024-10-05T18:41:20.613+0300: 531.404: [GC (Allocation Failure) [PSYoungGen: 692931K->1872K(695296K)] 717029K->25977K(2093568K), 0.0007746 secs] [Times: user=0.00 sys=0.00, real=0.00 secs] 
2024-10-05T18:41:20.613+0300: 531.405: Total time for which application threads were stopped: 0.0010758 seconds, Stopping threads took: 0.0001979 seconds
2024-10-05T18:41:23.258+0300: 534.056: Application time: 2.6511481 seconds
2024-10-05T18:41:23.258+0300: 534.057: [GC (Allocation Failure) [PSYoungGen: 693410K->1344K(695296K)] 717516K->25465K(2093568K), 0.0006665 secs] [Times: user=0.00 sys=0.00, real=0.00 secs] 
2024-10-05T18:41:23.258+0300: 534.057: Total time for which application threads were stopped: 0.0009235 seconds, Stopping threads took: 0.0001552 seconds
2024-10-05T18:41:25.909+0300: 536.707: Application time: 2.6498306 seconds
2024-10-05T18:41:25.909+0300: 536.707: [GC (Allocation Failure) [PSYoungGen: 692682K->784K(695808K)] 716803K->24921K(2094080K), 0.0007995 secs] [Times: user=0.00 sys=0.00, real=0.00 secs] 
2024-10-05T18:41:25.909+0300: 536.708: Total time for which application threads were stopped: 0.0011017 seconds, Stopping threads took: 0.0001352 seconds
2024-10-05T18:41:28.561+0300: 539.356: Application time: 2.6473766 seconds
2024-10-05T18:41:28.561+0300: 539.356: [GC (Allocation Failure) [PSYoungGen: 693476K->1296K(695808K)] 717614K->25457K(2094080K), 0.0007102 secs] [Times: user=0.00 sys=0.00, real=0.00 secs] 
2024-10-05T18:41:28.561+0300: 539.357: Total time for which application threads were stopped: 0.0009661 seconds, Stopping threads took: 0.0001459 seconds
2024-10-05T18:41:31.211+0300: 542.012: Application time: 2.6558523 seconds
2024-10-05T18:41:31.211+0300: 542.013: [GC (Allocation Failure) [PSYoungGen: 693787K->1328K(695808K)] 717949K->25513K(2094080K), 0.0008650 secs] [Times: user=0.00 sys=0.00, real=0.00 secs] 
2024-10-05T18:41:31.211+0300: 542.014: Total time for which application threads were stopped: 0.0011730 seconds, Stopping threads took: 0.0002000 seconds
2024-10-05T18:41:33.864+0300: 544.656: Application time: 2.6420036 seconds
2024-10-05T18:41:33.864+0300: 544.656: [GC (Allocation Failure) [PSYoungGen: 693789K->272K(695808K)] 717974K->24497K(2094080K), 0.0007663 secs] [Times: user=0.00 sys=0.00, real=0.00 secs] 
2024-10-05T18:41:33.864+0300: 544.657: Total time for which application threads were stopped: 0.0009955 seconds, Stopping threads took: 0.0000859 seconds
2024-10-05T18:41:35.872+0300: 546.661: Application time: 2.0041217 seconds
2024-10-05T18:41:35.872+0300: 546.661: Total time for which application threads were stopped: 0.0003112 seconds, Stopping threads took: 0.0002132 seconds
2024-10-05T18:41:36.499+0300: 547.302: Application time: 0.6411080 seconds
2024-10-05T18:41:36.499+0300: 547.302: [GC (Allocation Failure) [PSYoungGen: 692749K->256K(695808K)] 716974K->24521K(2094080K), 0.0006480 secs] [Times: user=0.00 sys=0.00, real=0.00 secs] 
2024-10-05T18:41:36.499+0300: 547.303: Total time for which application threads were stopped: 0.0009097 seconds, Stopping threads took: 0.0001559 seconds
2024-10-05T18:41:39.151+0300: 549.955: Application time: 2.6521040 seconds
2024-10-05T18:41:39.151+0300: 549.955: [GC (Allocation Failure) [PSYoungGen: 692977K->1360K(695808K)] 717243K->25633K(2094080K), 0.0008516 secs] [Times: user=0.00 sys=0.01, real=0.02 secs] 
2024-10-05T18:41:39.167+0300: 549.956: Total time for which application threads were stopped: 0.0010749 seconds, Stopping threads took: 0.0000826 seconds
2024-10-05T18:41:41.803+0300: 552.605: Application time: 2.6489644 seconds
2024-10-05T18:41:41.803+0300: 552.605: [GC (Allocation Failure) [PSYoungGen: 694096K->2880K(694784K)] 718369K->27161K(2093056K), 0.0010407 secs] [Times: user=0.00 sys=0.00, real=0.00 secs] 
2024-10-05T18:41:41.803+0300: 552.607: Total time for which application threads were stopped: 0.0013510 seconds, Stopping threads took: 0.0001318 seconds
2024-10-05T18:41:44.458+0300: 555.252: Application time: 2.6451942 seconds
2024-10-05T18:41:44.458+0300: 555.252: [GC (Allocation Failure) [PSYoungGen: 694566K->1888K(695296K)] 718847K->26177K(2093568K), 0.0008664 secs] [Times: user=0.00 sys=0.00, real=0.00 secs] 
2024-10-05T18:41:44.458+0300: 555.253: Total time for which application threads were stopped: 0.0012462 seconds, Stopping threads took: 0.0002341 seconds
2024-10-05T18:41:47.106+0300: 557.901: Application time: 2.6480842 seconds
2024-10-05T18:41:47.106+0300: 557.901: [GC (Allocation Failure) [PSYoungGen: 693299K->1840K(695296K)] 717588K->26145K(2093568K), 0.0009992 secs] [Times: user=0.00 sys=0.00, real=0.00 secs] 
2024-10-05T18:41:47.106+0300: 557.902: Total time for which application threads were stopped: 0.0013133 seconds, Stopping threads took: 0.0001732 seconds
2024-10-05T18:41:49.762+0300: 560.551: Application time: 2.6486743 seconds
2024-10-05T18:41:49.762+0300: 560.551: [GC (Allocation Failure) [PSYoungGen: 693240K->1328K(695296K)] 717545K->25649K(2093568K), 0.0007057 secs] [Times: user=0.00 sys=0.00, real=0.00 secs] 
2024-10-05T18:41:49.763+0300: 560.552: Total time for which application threads were stopped: 0.0009880 seconds, Stopping threads took: 0.0001692 seconds
2024-10-05T18:41:52.410+0300: 563.199: Application time: 2.6472351 seconds
2024-10-05T18:41:52.410+0300: 563.200: [GC (Allocation Failure) [PSYoungGen: 692763K->1856K(695808K)] 717085K->26185K(2094080K), 0.0007706 secs] [Times: user=0.00 sys=0.00, real=0.00 secs] 
2024-10-05T18:41:52.410+0300: 563.200: Total time for which application threads were stopped: 0.0010738 seconds, Stopping threads took: 0.0001893 seconds
2024-10-05T18:41:55.047+0300: 565.844: Application time: 2.6439586 seconds
2024-10-05T18:41:55.047+0300: 565.845: [GC (Allocation Failure) [PSYoungGen: 694319K->1328K(695808K)] 718649K->25673K(2094080K), 0.0008039 secs] [Times: user=0.00 sys=0.00, real=0.00 secs] 
2024-10-05T18:41:55.047+0300: 565.845: Total time for which application threads were stopped: 0.0011186 seconds, Stopping threads took: 0.0001598 seconds
2024-10-05T18:41:57.698+0300: 568.494: Application time: 2.6484584 seconds
2024-10-05T18:41:57.698+0300: 568.494: [GC (Allocation Failure) [PSYoungGen: 693829K->1344K(695808K)] 718174K->25705K(2094080K), 0.0008120 secs] [Times: user=0.00 sys=0.00, real=0.00 secs] 
2024-10-05T18:41:57.698+0300: 568.495: Total time for which application threads were stopped: 0.0010797 seconds, Stopping threads took: 0.0001437 seconds
2024-10-05T18:42:00.349+0300: 571.150: Application time: 2.6547279 seconds
2024-10-05T18:42:00.349+0300: 571.150: [GC (Allocation Failure) [PSYoungGen: 693786K->2368K(695808K)] 718148K->26737K(2094080K), 0.0008981 secs] [Times: user=0.00 sys=0.00, real=0.00 secs] 
2024-10-05T18:42:00.349+0300: 571.151: Total time for which application threads were stopped: 0.0011911 seconds, Stopping threads took: 0.0001785 seconds
2024-10-05T18:42:03.016+0300: 573.806: Application time: 2.6548945 seconds
2024-10-05T18:42:03.016+0300: 573.806: [GC (Allocation Failure) [PSYoungGen: 694864K->800K(695808K)] 719233K->25177K(2094080K), 0.0007992 secs] [Times: user=0.00 sys=0.00, real=0.00 secs] 
2024-10-05T18:42:03.016+0300: 573.807: Total time for which application threads were stopped: 0.0011482 seconds, Stopping threads took: 0.0002040 seconds
2024-10-05T18:42:05.652+0300: 576.444: Application time: 2.6367654 seconds
2024-10-05T18:42:05.652+0300: 576.444: [GC (Allocation Failure) [PSYoungGen: 693266K->1824K(695808K)] 717643K->26209K(2094080K), 0.0007837 secs] [Times: user=0.00 sys=0.00, real=0.00 secs] 
2024-10-05T18:42:05.652+0300: 576.445: Total time for which application threads were stopped: 0.0010621 seconds, Stopping threads took: 0.0001391 seconds
2024-10-05T18:42:08.303+0300: 579.102: Application time: 2.6569334 seconds
2024-10-05T18:42:08.303+0300: 579.102: [GC (Allocation Failure) [PSYoungGen: 694319K->832K(695808K)] 718705K->25233K(2094080K), 0.0007514 secs] [Times: user=0.00 sys=0.00, real=0.00 secs] 
2024-10-05T18:42:08.303+0300: 579.103: Total time for which application threads were stopped: 0.0010332 seconds, Stopping threads took: 0.0001326 seconds
2024-10-05T18:42:10.955+0300: 581.753: Application time: 2.6500830 seconds
2024-10-05T18:42:10.955+0300: 581.753: [GC (Allocation Failure) [PSYoungGen: 693568K->1312K(695808K)] 717969K->25729K(2094080K), 0.0008754 secs] [Times: user=0.00 sys=0.00, real=0.00 secs] 
2024-10-05T18:42:10.955+0300: 581.754: Total time for which application threads were stopped: 0.0011499 seconds, Stopping threads took: 0.0000979 seconds
2024-10-05T18:42:13.606+0300: 584.395: Application time: 2.6409273 seconds
2024-10-05T18:42:13.606+0300: 584.395: [GC (Allocation Failure) [PSYoungGen: 693854K->2896K(694784K)] 718272K->27321K(2093056K), 0.0009418 secs] [Times: user=0.00 sys=0.00, real=0.00 secs] 
2024-10-05T18:42:13.606+0300: 584.396: Total time for which application threads were stopped: 0.0012220 seconds, Stopping threads took: 0.0001653 seconds
2024-10-05T18:42:16.258+0300: 587.055: Application time: 2.6590660 seconds
2024-10-05T18:42:16.258+0300: 587.055: [GC (Allocation Failure) [PSYoungGen: 694573K->1344K(695296K)] 718999K->25777K(2093568K), 0.0008252 secs] [Times: user=0.00 sys=0.00, real=0.00 secs] 
2024-10-05T18:42:16.258+0300: 587.056: Total time for which application threads were stopped: 0.0011238 seconds, Stopping threads took: 0.0001369 seconds
2024-10-05T18:42:18.944+0300: 589.733: Application time: 2.6762107 seconds
2024-10-05T18:42:18.944+0300: 589.733: [GC (Allocation Failure) [PSYoungGen: 693004K->864K(695808K)] 717438K->25313K(2094080K), 0.0007146 secs] [Times: user=0.02 sys=0.00, real=0.00 secs] 
2024-10-05T18:42:18.944+0300: 589.734: Total time for which application threads were stopped: 0.0009371 seconds, Stopping threads took: 0.0001103 seconds
2024-10-05T18:42:21.610+0300: 592.399: Application time: 2.6657307 seconds
2024-10-05T18:42:21.610+0300: 592.400: [GC (Allocation Failure) [PSYoungGen: 693064K->1312K(695296K)] 717514K->25769K(2093568K), 0.0006997 secs] [Times: user=0.00 sys=0.00, real=0.00 secs] 
2024-10-05T18:42:21.610+0300: 592.400: Total time for which application threads were stopped: 0.0010145 seconds, Stopping threads took: 0.0001754 seconds
2024-10-05T18:42:24.262+0300: 595.056: Application time: 2.6560278 seconds
2024-10-05T18:42:24.262+0300: 595.057: [GC (Allocation Failure) [PSYoungGen: 693527K->2384K(694784K)] 717985K->26857K(2093056K), 0.0008495 secs] [Times: user=0.00 sys=0.00, real=0.00 secs] 
2024-10-05T18:42:24.262+0300: 595.057: Total time for which application threads were stopped: 0.0011492 seconds, Stopping threads took: 0.0001780 seconds
2024-10-05T18:42:26.913+0300: 597.712: Application time: 2.6541979 seconds
2024-10-05T18:42:26.913+0300: 597.712: [GC (Allocation Failure) [PSYoungGen: 694063K->784K(695296K)] 718536K->25281K(2093568K), 0.0008536 secs] [Times: user=0.00 sys=0.00, real=0.00 secs] 
2024-10-05T18:42:26.913+0300: 597.713: Total time for which application threads were stopped: 0.0011814 seconds, Stopping threads took: 0.0001963 seconds
2024-10-05T18:42:29.550+0300: 600.352: Application time: 2.6389054 seconds
2024-10-05T18:42:29.550+0300: 600.352: [GC (Allocation Failure) [PSYoungGen: 692465K->2384K(695296K)] 716963K->26897K(2093568K), 0.0009184 secs] [Times: user=0.00 sys=0.00, real=0.00 secs] 
2024-10-05T18:42:29.550+0300: 600.353: Total time for which application threads were stopped: 0.0012420 seconds, Stopping threads took: 0.0001901 seconds
2024-10-05T18:42:32.249+0300: 603.051: Application time: 2.6983845 seconds
2024-10-05T18:42:32.249+0300: 603.052: [GC (Allocation Failure) [PSYoungGen: 693826K->2368K(695296K)] 718339K->26889K(2093568K), 0.0009583 secs] [Times: user=0.00 sys=0.00, real=0.00 secs] 
2024-10-05T18:42:32.249+0300: 603.053: Total time for which application threads were stopped: 0.0012523 seconds, Stopping threads took: 0.0001496 seconds
2024-10-05T18:42:34.916+0300: 605.707: Application time: 2.6546314 seconds
2024-10-05T18:42:34.916+0300: 605.708: [GC (Allocation Failure) [PSYoungGen: 694020K->1312K(695296K)] 718542K->25849K(2093568K), 0.0007451 secs] [Times: user=0.00 sys=0.00, real=0.00 secs] 
2024-10-05T18:42:34.916+0300: 605.708: Total time for which application threads were stopped: 0.0010662 seconds, Stopping threads took: 0.0001902 seconds
2024-10-05T18:42:37.584+0300: 608.374: Application time: 2.6656083 seconds
2024-10-05T18:42:37.584+0300: 608.374: [GC (Allocation Failure) [PSYoungGen: 692733K->832K(695296K)] 717271K->25377K(2093568K), 0.0007652 secs] [Times: user=0.00 sys=0.00, real=0.00 secs] 
2024-10-05T18:42:37.584+0300: 608.375: Total time for which application threads were stopped: 0.0010414 seconds, Stopping threads took: 0.0001491 seconds
2024-10-05T18:42:40.251+0300: 611.042: Application time: 2.6668859 seconds
2024-10-05T18:42:40.251+0300: 611.042: [GC (Allocation Failure) [PSYoungGen: 692223K->800K(695296K)] 716768K->25353K(2093568K), 0.0007779 secs] [Times: user=0.00 sys=0.00, real=0.00 secs] 
2024-10-05T18:42:40.251+0300: 611.043: Total time for which application threads were stopped: 0.0010955 seconds, Stopping threads took: 0.0001798 seconds
2024-10-05T18:42:42.904+0300: 613.694: Application time: 2.6508740 seconds
2024-10-05T18:42:42.904+0300: 613.694: [GC (Allocation Failure) [PSYoungGen: 692231K->1888K(695296K)] 716785K->26449K(2093568K), 0.0008982 secs] [Times: user=0.00 sys=0.00, real=0.00 secs] 
2024-10-05T18:42:42.904+0300: 613.695: Total time for which application threads were stopped: 0.0012143 seconds, Stopping threads took: 0.0001510 seconds
2024-10-05T18:42:45.540+0300: 616.338: Application time: 2.6426692 seconds
2024-10-05T18:42:45.540+0300: 616.338: [GC (Allocation Failure) [PSYoungGen: 693266K->784K(695296K)] 717828K->25353K(2093568K), 0.0008082 secs] [Times: user=0.00 sys=0.00, real=0.00 secs] 
2024-10-05T18:42:45.540+0300: 616.339: Total time for which application threads were stopped: 0.0010989 seconds, Stopping threads took: 0.0001732 seconds
2024-10-05T18:42:47.548+0300: 618.336: Application time: 1.9976169 seconds
2024-10-05T18:42:47.548+0300: 618.337: Total time for which application threads were stopped: 0.0003574 seconds, Stopping threads took: 0.0002843 seconds
2024-10-05T18:42:48.192+0300: 618.992: Application time: 0.6551960 seconds
2024-10-05T18:42:48.192+0300: 618.992: [GC (Allocation Failure) [PSYoungGen: 692210K->1328K(695296K)] 716780K->25913K(2093568K), 0.0008347 secs] [Times: user=0.00 sys=0.00, real=0.00 secs] 
2024-10-05T18:42:48.192+0300: 618.993: Total time for which application threads were stopped: 0.0011083 seconds, Stopping threads took: 0.0000921 seconds
2024-10-05T18:42:50.842+0300: 621.638: Application time: 2.6444462 seconds
2024-10-05T18:42:50.842+0300: 621.638: [GC (Allocation Failure) [PSYoungGen: 692726K->1824K(695808K)] 717312K->26433K(2094080K), 0.0008567 secs] [Times: user=0.00 sys=0.00, real=0.00 secs] 
2024-10-05T18:42:50.842+0300: 621.639: Total time for which application threads were stopped: 0.0011443 seconds, Stopping threads took: 0.0001298 seconds
2024-10-05T18:42:53.495+0300: 624.288: Application time: 2.6494373 seconds
2024-10-05T18:42:53.495+0300: 624.288: [GC (Allocation Failure) [PSYoungGen: 694340K->1872K(695808K)] 718950K->26489K(2094080K), 0.0008465 secs] [Times: user=0.00 sys=0.00, real=0.00 secs] 
2024-10-05T18:42:53.495+0300: 624.289: Total time for which application threads were stopped: 0.0011312 seconds, Stopping threads took: 0.0001690 seconds
2024-10-05T18:42:56.148+0300: 626.944: Application time: 2.6542427 seconds
2024-10-05T18:42:56.148+0300: 626.944: [GC (Allocation Failure) [PSYoungGen: 694353K->1328K(695808K)] 718971K->25953K(2094080K), 0.0007540 secs] [Times: user=0.00 sys=0.00, real=0.00 secs] 
2024-10-05T18:42:56.148+0300: 626.945: Total time for which application threads were stopped: 0.0010610 seconds, Stopping threads took: 0.0001847 seconds
2024-10-05T18:42:58.798+0300: 629.588: Application time: 2.6432503 seconds
2024-10-05T18:42:58.798+0300: 629.588: [GC (Allocation Failure) [PSYoungGen: 693852K->1888K(695808K)] 718477K->26521K(2094080K), 0.0007193 secs] [Times: user=0.00 sys=0.00, real=0.00 secs] 
2024-10-05T18:42:58.798+0300: 629.589: Total time for which application threads were stopped: 0.0010713 seconds, Stopping threads took: 0.0002169 seconds
2024-10-05T18:43:01.450+0300: 632.253: Application time: 2.6638518 seconds
2024-10-05T18:43:01.450+0300: 632.253: [GC (Allocation Failure) [PSYoungGen: 694376K->1344K(695808K)] 719009K->25985K(2094080K), 0.0007641 secs] [Times: user=0.00 sys=0.00, real=0.00 secs] 
2024-10-05T18:43:01.450+0300: 632.254: Total time for which application threads were stopped: 0.0010661 seconds, Stopping threads took: 0.0002009 seconds
2024-10-05T18:43:04.118+0300: 634.908: Application time: 2.6536689 seconds
2024-10-05T18:43:04.118+0300: 634.908: [GC (Allocation Failure) [PSYoungGen: 693614K->2384K(695808K)] 718256K->27033K(2094080K), 0.0008030 secs] [Times: user=0.00 sys=0.00, real=0.00 secs] 
2024-10-05T18:43:04.118+0300: 634.909: Total time for which application threads were stopped: 0.0010856 seconds, Stopping threads took: 0.0001635 seconds
2024-10-05T18:43:06.753+0300: 637.551: Application time: 2.6423422 seconds
2024-10-05T18:43:06.753+0300: 637.551: [GC (Allocation Failure) [PSYoungGen: 694868K->1888K(695808K)] 719517K->26545K(2094080K), 0.0008454 secs] [Times: user=0.00 sys=0.00, real=0.00 secs] 
2024-10-05T18:43:06.753+0300: 637.552: Total time for which application threads were stopped: 0.0011103 seconds, Stopping threads took: 0.0001500 seconds
2024-10-05T18:43:09.415+0300: 640.207: Application time: 2.6547088 seconds
2024-10-05T18:43:09.415+0300: 640.207: [GC (Allocation Failure) [PSYoungGen: 694162K->1856K(695808K)] 718819K->26521K(2094080K), 0.0007824 secs] [Times: user=0.00 sys=0.00, real=0.00 secs] 
2024-10-05T18:43:09.415+0300: 640.208: Total time for which application threads were stopped: 0.0010596 seconds, Stopping threads took: 0.0001504 seconds
2024-10-05T18:43:12.071+0300: 642.862: Application time: 2.6537154 seconds
2024-10-05T18:43:12.071+0300: 642.862: [GC (Allocation Failure) [PSYoungGen: 694086K->1856K(695808K)] 718751K->26529K(2094080K), 0.0007619 secs] [Times: user=0.00 sys=0.00, real=0.00 secs] 
2024-10-05T18:43:12.071+0300: 642.863: Total time for which application threads were stopped: 0.0010498 seconds, Stopping threads took: 0.0001767 seconds
2024-10-05T18:43:14.080+0300: 644.869: Application time: 2.0059639 seconds
2024-10-05T18:43:14.080+0300: 644.869: Total time for which application threads were stopped: 0.0002901 seconds, Stopping threads took: 0.0002126 seconds
2024-10-05T18:43:14.707+0300: 645.507: Application time: 0.6378120 seconds
2024-10-05T18:43:14.707+0300: 645.507: [GC (Allocation Failure) [PSYoungGen: 694088K->2400K(695808K)] 718761K->27081K(2094080K), 0.0008028 secs] [Times: user=0.00 sys=0.00, real=0.00 secs] 
2024-10-05T18:43:14.707+0300: 645.508: Total time for which application threads were stopped: 0.0010629 seconds, Stopping threads took: 0.0001301 seconds
2024-10-05T18:43:17.357+0300: 648.159: Application time: 2.6515746 seconds
2024-10-05T18:43:17.357+0300: 648.160: [GC (Allocation Failure) [PSYoungGen: 694636K->2336K(694784K)] 719318K->27033K(2093056K), 0.0008707 secs] [Times: user=0.00 sys=0.00, real=0.00 secs] 
2024-10-05T18:43:17.357+0300: 648.161: Total time for which application threads were stopped: 0.0012055 seconds, Stopping threads took: 0.0001910 seconds
2024-10-05T18:43:20.009+0300: 650.809: Application time: 2.6481620 seconds
2024-10-05T18:43:20.009+0300: 650.809: [GC (Allocation Failure) [PSYoungGen: 694019K->1280K(695296K)] 718717K->26001K(2093568K), 0.0009856 secs] [Times: user=0.00 sys=0.00, real=0.00 secs] 
2024-10-05T18:43:20.009+0300: 650.810: Total time for which application threads were stopped: 0.0013689 seconds, Stopping threads took: 0.0002286 seconds
2024-10-05T18:43:22.661+0300: 653.464: Application time: 2.6539414 seconds
2024-10-05T18:43:22.661+0300: 653.464: [GC (Allocation Failure) [PSYoungGen: 692992K->1344K(695808K)] 717713K->26073K(2094080K), 0.0009692 secs] [Times: user=0.00 sys=0.00, real=0.00 secs] 
2024-10-05T18:43:22.661+0300: 653.465: Total time for which application threads were stopped: 0.0013075 seconds, Stopping threads took: 0.0001476 seconds
2024-10-05T18:43:25.345+0300: 656.142: Application time: 2.6766918 seconds
2024-10-05T18:43:25.345+0300: 656.142: [GC (Allocation Failure) [PSYoungGen: 693864K->1328K(695808K)] 718593K->26073K(2094080K), 0.0008161 secs] [Times: user=0.00 sys=0.00, real=0.00 secs] 
2024-10-05T18:43:25.345+0300: 656.143: Total time for which application threads were stopped: 0.0010795 seconds, Stopping threads took: 0.0001073 seconds
2024-10-05T18:43:28.013+0300: 658.804: Application time: 2.6607006 seconds
2024-10-05T18:43:28.013+0300: 658.804: [GC (Allocation Failure) [PSYoungGen: 693824K->1856K(695808K)] 718570K->26609K(2094080K), 0.0008645 secs] [Times: user=0.01 sys=0.00, real=0.00 secs] 
2024-10-05T18:43:28.013+0300: 658.805: Total time for which application threads were stopped: 0.0011557 seconds, Stopping threads took: 0.0001568 seconds
2024-10-05T18:43:30.664+0300: 661.454: Application time: 2.6487053 seconds
2024-10-05T18:43:30.664+0300: 661.454: [GC (Allocation Failure) [PSYoungGen: 694138K->1328K(695808K)] 718892K->26089K(2094080K), 0.0008119 secs] [Times: user=0.00 sys=0.00, real=0.00 secs] 
2024-10-05T18:43:30.664+0300: 661.455: Total time for which application threads were stopped: 0.0011257 seconds, Stopping threads took: 0.0001725 seconds
2024-10-05T18:43:33.331+0300: 664.123: Application time: 2.6684678 seconds
2024-10-05T18:43:33.331+0300: 664.123: [GC (Allocation Failure) [PSYoungGen: 693819K->800K(695808K)] 718581K->25569K(2094080K), 0.0007140 secs] [Times: user=0.01 sys=0.00, real=0.00 secs] 
2024-10-05T18:43:33.331+0300: 664.124: Total time for which application threads were stopped: 0.0009864 seconds, Stopping threads took: 0.0001385 seconds
2024-10-05T18:43:35.985+0300: 666.783: Application time: 2.6583185 seconds
2024-10-05T18:43:35.985+0300: 666.783: [GC (Allocation Failure) [PSYoungGen: 693529K->1888K(695808K)] 718299K->26673K(2094080K), 0.0009924 secs] [Times: user=0.00 sys=0.00, real=0.00 secs] 
2024-10-05T18:43:35.985+0300: 666.784: Total time for which application threads were stopped: 0.0013897 seconds, Stopping threads took: 0.0002642 seconds
2024-10-05T18:43:38.637+0300: 669.433: Application time: 2.6488658 seconds
2024-10-05T18:43:38.637+0300: 669.433: [GC (Allocation Failure) [PSYoungGen: 694404K->1888K(695808K)] 719190K->26689K(2094080K), 0.0008372 secs] [Times: user=0.00 sys=0.00, real=0.00 secs] 
2024-10-05T18:43:38.637+0300: 669.434: Total time for which application threads were stopped: 0.0012028 seconds, Stopping threads took: 0.0002072 seconds
2024-10-05T18:43:41.289+0300: 672.089: Application time: 2.6547984 seconds
2024-10-05T18:43:41.289+0300: 672.089: [GC (Allocation Failure) [PSYoungGen: 694118K->1760K(695808K)] 718920K->26577K(2094080K), 0.0009578 secs] [Times: user=0.00 sys=0.00, real=0.00 secs] 
2024-10-05T18:43:41.289+0300: 672.090: Total time for which application threads were stopped: 0.0012953 seconds, Stopping threads took: 0.0002012 seconds
2024-10-05T18:43:43.298+0300: 674.086: Application time: 1.9961156 seconds
2024-10-05T18:43:43.298+0300: 674.087: Total time for which application threads were stopped: 0.0003355 seconds, Stopping threads took: 0.0002691 seconds
2024-10-05T18:43:43.978+0300: 674.772: Application time: 0.6853846 seconds
2024-10-05T18:43:43.978+0300: 674.772: [GC (Allocation Failure) [PSYoungGen: 694323K->1280K(695808K)] 719140K->26113K(2094080K), 0.0007987 secs] [Times: user=0.00 sys=0.00, real=0.00 secs] 
2024-10-05T18:43:43.978+0300: 674.773: Total time for which application threads were stopped: 0.0010694 seconds, Stopping threads took: 0.0000972 seconds
2024-10-05T18:43:45.997+0300: 676.785: Application time: 2.0121606 seconds
2024-10-05T18:43:45.997+0300: 676.786: Total time for which application threads were stopped: 0.0003206 seconds, Stopping threads took: 0.0002656 seconds
2024-10-05T18:43:46.624+0300: 677.418: Application time: 0.6328669 seconds
2024-10-05T18:43:46.624+0300: 677.419: [GC (Allocation Failure) [PSYoungGen: 693755K->1344K(695808K)] 718588K->26201K(2094080K), 0.0007376 secs] [Times: user=0.00 sys=0.00, real=0.00 secs] 
2024-10-05T18:43:46.624+0300: 677.419: Total time for which application threads were stopped: 0.0010335 seconds, Stopping threads took: 0.0001422 seconds
2024-10-05T18:43:49.275+0300: 680.072: Application time: 2.6525150 seconds
2024-10-05T18:43:49.275+0300: 680.072: [GC (Allocation Failure) [PSYoungGen: 693846K->1328K(695808K)] 718703K->26209K(2094080K), 0.0008685 secs] [Times: user=0.00 sys=0.00, real=0.00 secs] 
2024-10-05T18:43:49.275+0300: 680.073: Total time for which application threads were stopped: 0.0011411 seconds, Stopping threads took: 0.0001283 seconds
2024-10-05T18:43:51.927+0300: 682.724: Application time: 2.6511401 seconds
2024-10-05T18:43:51.927+0300: 682.724: [GC (Allocation Failure) [PSYoungGen: 694061K->2336K(695808K)] 718943K->27225K(2094080K), 0.0008498 secs] [Times: user=0.00 sys=0.00, real=0.00 secs] 
2024-10-05T18:43:51.927+0300: 682.725: Total time for which application threads were stopped: 0.0011415 seconds, Stopping threads took: 0.0001676 seconds
2024-10-05T18:43:54.579+0300: 685.381: Application time: 2.6552541 seconds
2024-10-05T18:43:54.579+0300: 685.381: [GC (Allocation Failure) [PSYoungGen: 694835K->1328K(695808K)] 719724K->26225K(2094080K), 0.0007738 secs] [Times: user=0.00 sys=0.00, real=0.00 secs] 
2024-10-05T18:43:54.579+0300: 685.382: Total time for which application threads were stopped: 0.0010099 seconds, Stopping threads took: 0.0001256 seconds
2024-10-05T18:43:57.230+0300: 688.032: Application time: 2.6499217 seconds
2024-10-05T18:43:57.230+0300: 688.032: [GC (Allocation Failure) [PSYoungGen: 693568K->1376K(695808K)] 718466K->26297K(2094080K), 0.0007747 secs] [Times: user=0.00 sys=0.00, real=0.00 secs] 
2024-10-05T18:43:57.230+0300: 688.033: Total time for which application threads were stopped: 0.0010379 seconds, Stopping threads took: 0.0001520 seconds
2024-10-05T18:43:59.881+0300: 690.683: Application time: 2.6500294 seconds
2024-10-05T18:43:59.881+0300: 690.683: [GC (Allocation Failure) [PSYoungGen: 693895K->1328K(695808K)] 718817K->26257K(2094080K), 0.0009193 secs] [Times: user=0.00 sys=0.00, real=0.00 secs] 
2024-10-05T18:43:59.881+0300: 690.684: Total time for which application threads were stopped: 0.0012310 seconds, Stopping threads took: 0.0001452 seconds
2024-10-05T18:44:02.548+0300: 693.337: Application time: 2.6530147 seconds
2024-10-05T18:44:02.548+0300: 693.337: [GC (Allocation Failure) [PSYoungGen: 693573K->1840K(695808K)] 718503K->26777K(2094080K), 0.0008110 secs] [Times: user=0.00 sys=0.00, real=0.00 secs] 
2024-10-05T18:44:02.548+0300: 693.338: Total time for which application threads were stopped: 0.0010755 seconds, Stopping threads took: 0.0001498 seconds
2024-10-05T18:44:05.200+0300: 695.998: Application time: 2.6596124 seconds
2024-10-05T18:44:05.200+0300: 695.998: [GC (Allocation Failure) [PSYoungGen: 694364K->1872K(695808K)] 719301K->26825K(2094080K), 0.0009278 secs] [Times: user=0.01 sys=0.00, real=0.00 secs] 
2024-10-05T18:44:05.200+0300: 695.999: Total time for which application threads were stopped: 0.0012784 seconds, Stopping threads took: 0.0002272 seconds
2024-10-05T18:44:07.852+0300: 698.643: Application time: 2.6442892 seconds
2024-10-05T18:44:07.852+0300: 698.643: [GC (Allocation Failure) [PSYoungGen: 694354K->1888K(695808K)] 719308K->26857K(2094080K), 0.0007883 secs] [Times: user=0.00 sys=0.00, real=0.00 secs] 
2024-10-05T18:44:07.852+0300: 698.644: Total time for which application threads were stopped: 0.0011304 seconds, Stopping threads took: 0.0001978 seconds
2024-10-05T18:44:10.504+0300: 701.293: Application time: 2.6487286 seconds
2024-10-05T18:44:10.504+0300: 701.293: [GC (Allocation Failure) [PSYoungGen: 694396K->1360K(696320K)] 719365K->26345K(2094592K), 0.0006842 secs] [Times: user=0.00 sys=0.00, real=0.00 secs] 
2024-10-05T18:44:10.504+0300: 701.294: Total time for which application threads were stopped: 0.0009608 seconds, Stopping threads took: 0.0001584 seconds
2024-10-05T18:44:13.140+0300: 703.941: Application time: 2.6469307 seconds
2024-10-05T18:44:13.140+0300: 703.941: [GC (Allocation Failure) [PSYoungGen: 694146K->2368K(695808K)] 719132K->27361K(2094080K), 0.0008753 secs] [Times: user=0.00 sys=0.00, real=0.00 secs] 
2024-10-05T18:44:13.140+0300: 703.942: Total time for which application threads were stopped: 0.0011587 seconds, Stopping threads took: 0.0001590 seconds
2024-10-05T18:44:15.792+0300: 706.591: Application time: 2.6493515 seconds
2024-10-05T18:44:15.792+0300: 706.592: [GC (Allocation Failure) [PSYoungGen: 695415K->2304K(695808K)] 720409K->27305K(2094080K), 0.0008939 secs] [Times: user=0.00 sys=0.00, real=0.00 secs] 
2024-10-05T18:44:15.792+0300: 706.593: Total time for which application threads were stopped: 0.0012332 seconds, Stopping threads took: 0.0002117 seconds
2024-10-05T18:44:18.444+0300: 709.241: Application time: 2.6484389 seconds
2024-10-05T18:44:18.444+0300: 709.241: [GC (Allocation Failure) [PSYoungGen: 694821K->832K(695808K)] 719823K->25841K(2094080K), 0.0006339 secs] [Times: user=0.00 sys=0.00, real=0.00 secs] 
2024-10-05T18:44:18.444+0300: 709.242: Total time for which application threads were stopped: 0.0008487 seconds, Stopping threads took: 0.0000961 seconds
2024-10-05T18:44:21.095+0300: 711.893: Application time: 2.6509770 seconds
2024-10-05T18:44:21.095+0300: 711.893: [GC (Allocation Failure) [PSYoungGen: 693354K->1856K(695808K)] 718364K->26873K(2094080K), 0.0008202 secs] [Times: user=0.00 sys=0.00, real=0.00 secs] 
2024-10-05T18:44:21.095+0300: 711.894: Total time for which application threads were stopped: 0.0011195 seconds, Stopping threads took: 0.0001389 seconds
2024-10-05T18:44:23.716+0300: 714.514: Application time: 2.6201868 seconds
2024-10-05T18:44:23.716+0300: 714.515: [GC (Allocation Failure) [PSYoungGen: 694592K->2896K(695808K)] 719609K->27937K(2094080K), 0.0009802 secs] [Times: user=0.00 sys=0.00, real=0.00 secs] 
2024-10-05T18:44:23.716+0300: 714.516: Total time for which application threads were stopped: 0.0012682 seconds, Stopping threads took: 0.0001719 seconds
2024-10-05T18:44:26.368+0300: 717.167: Application time: 2.6518858 seconds
2024-10-05T18:44:26.368+0300: 717.168: [GC (Allocation Failure) [PSYoungGen: 695427K->1376K(694784K)] 720468K->26425K(2093056K), 0.0008953 secs] [Times: user=0.00 sys=0.00, real=0.00 secs] 
2024-10-05T18:44:26.368+0300: 717.169: Total time for which application threads were stopped: 0.0011786 seconds, Stopping threads took: 0.0001178 seconds
2024-10-05T18:44:29.019+0300: 719.817: Application time: 2.6484241 seconds
2024-10-05T18:44:29.019+0300: 719.817: [GC (Allocation Failure) [PSYoungGen: 692737K->1344K(695296K)] 717786K->26409K(2093568K), 0.0008995 secs] [Times: user=0.00 sys=0.00, real=0.00 secs] 
2024-10-05T18:44:29.019+0300: 719.818: Total time for which application threads were stopped: 0.0013900 seconds, Stopping threads took: 0.0003441 seconds
2024-10-05T18:44:31.655+0300: 722.455: Application time: 2.6370454 seconds
2024-10-05T18:44:31.655+0300: 722.456: [GC (Allocation Failure) [PSYoungGen: 692676K->2368K(694784K)] 717741K->27441K(2093056K), 0.0008814 secs] [Times: user=0.00 sys=0.00, real=0.00 secs] 
2024-10-05T18:44:31.655+0300: 722.457: Total time for which application threads were stopped: 0.0011401 seconds, Stopping threads took: 0.0001500 seconds
2024-10-05T18:44:34.307+0300: 725.106: Application time: 2.6498408 seconds
2024-10-05T18:44:34.307+0300: 725.107: [GC (Allocation Failure) [PSYoungGen: 694045K->2400K(695296K)] 719119K->27481K(2093568K), 0.0009061 secs] [Times: user=0.00 sys=0.00, real=0.00 secs] 
2024-10-05T18:44:34.307+0300: 725.108: Total time for which application threads were stopped: 0.0011873 seconds, Stopping threads took: 0.0001546 seconds
2024-10-05T18:44:36.990+0300: 727.786: Application time: 2.6786110 seconds
2024-10-05T18:44:36.990+0300: 727.786: [GC (Allocation Failure) [PSYoungGen: 693774K->1312K(695296K)] 718856K->26401K(2093568K), 0.0008876 secs] [Times: user=0.00 sys=0.00, real=0.00 secs] 
2024-10-05T18:44:36.990+0300: 727.787: Total time for which application threads were stopped: 0.0011584 seconds, Stopping threads took: 0.0001286 seconds
2024-10-05T18:44:39.657+0300: 730.454: Application time: 2.6664443 seconds
2024-10-05T18:44:39.657+0300: 730.454: [GC (Allocation Failure) [PSYoungGen: 692747K->1328K(695296K)] 717837K->26425K(2093568K), 0.0007635 secs] [Times: user=0.00 sys=0.00, real=0.00 secs] 
2024-10-05T18:44:39.657+0300: 730.455: Total time for which application threads were stopped: 0.0010202 seconds, Stopping threads took: 0.0001231 seconds
2024-10-05T18:44:42.308+0300: 733.107: Application time: 2.6517272 seconds
2024-10-05T18:44:42.308+0300: 733.107: [GC (Allocation Failure) [PSYoungGen: 692733K->800K(695296K)] 717830K->25905K(2093568K), 0.0006305 secs] [Times: user=0.00 sys=0.00, real=0.00 secs] 
2024-10-05T18:44:42.308+0300: 733.108: Total time for which application threads were stopped: 0.0008863 seconds, Stopping threads took: 0.0001646 seconds
2024-10-05T18:44:44.960+0300: 735.754: Application time: 2.6466341 seconds
2024-10-05T18:44:44.960+0300: 735.754: [GC (Allocation Failure) [PSYoungGen: 692241K->1872K(695296K)] 717347K->26985K(2093568K), 0.0009402 secs] [Times: user=0.00 sys=0.00, real=0.00 secs] 
2024-10-05T18:44:44.960+0300: 735.755: Total time for which application threads were stopped: 0.0012440 seconds, Stopping threads took: 0.0001313 seconds
2024-10-05T18:44:47.598+0300: 738.396: Application time: 2.6408368 seconds
2024-10-05T18:44:47.598+0300: 738.396: [GC (Allocation Failure) [PSYoungGen: 693296K->800K(695296K)] 718409K->25929K(2093568K), 0.0007925 secs] [Times: user=0.00 sys=0.00, real=0.00 secs] 
2024-10-05T18:44:47.598+0300: 738.397: Total time for which application threads were stopped: 0.0010707 seconds, Stopping threads took: 0.0001698 seconds
2024-10-05T18:44:49.212+0300: 740.011: Application time: 1.6137877 seconds
2024-10-05T18:44:49.212+0300: 740.011: Total time for which application threads were stopped: 0.0003033 seconds, Stopping threads took: 0.0002430 seconds
2024-10-05T18:44:49.619+0300: 740.420: Application time: 0.4089477 seconds
2024-10-05T18:44:49.619+0300: 740.421: Total time for which application threads were stopped: 0.0002255 seconds, Stopping threads took: 0.0001685 seconds
2024-10-05T18:44:49.651+0300: 740.447: Application time: 0.0263171 seconds
2024-10-05T18:44:49.651+0300: 740.447: Total time for which application threads were stopped: 0.0001530 seconds, Stopping threads took: 0.0001054 seconds
2024-10-05T18:44:49.682+0300: 740.480: Application time: 0.0331355 seconds
2024-10-05T18:44:49.682+0300: 740.480: Total time for which application threads were stopped: 0.0001305 seconds, Stopping threads took: 0.0000981 seconds
2024-10-05T18:44:49.776+0300: 740.580: Application time: 0.0998863 seconds
2024-10-05T18:44:49.792+0300: 740.581: Total time for which application threads were stopped: 0.0006720 seconds, Stopping threads took: 0.0006359 seconds
2024-10-05T18:44:50.372+0300: 741.173: Application time: 0.5923117 seconds
2024-10-05T18:44:50.372+0300: 741.173: [GC (Allocation Failure) [PSYoungGen: 692278K->3424K(695296K)] 717407K->30609K(2093568K), 0.0013662 secs] [Times: user=0.00 sys=0.00, real=0.00 secs] 
2024-10-05T18:44:50.372+0300: 741.175: Total time for which application threads were stopped: 0.0017011 seconds, Stopping threads took: 0.0001945 seconds
2024-10-05T18:44:52.678+0300: 743.472: Application time: 2.2973247 seconds
2024-10-05T18:44:52.678+0300: 743.473: [GC (Allocation Failure) [PSYoungGen: 695071K->1824K(695296K)] 722257K->32121K(2093568K), 0.0014915 secs] [Times: user=0.00 sys=0.00, real=0.00 secs] 
2024-10-05T18:44:52.678+0300: 743.474: Total time for which application threads were stopped: 0.0019059 seconds, Stopping threads took: 0.0002659 seconds
2024-10-05T18:44:55.313+0300: 746.105: Application time: 2.6313313 seconds
2024-10-05T18:44:55.317+0300: 746.106: [GC (Allocation Failure) [PSYoungGen: 693332K->1856K(695296K)] 723630K->32162K(2093568K), 0.0009959 secs] [Times: user=0.00 sys=0.00, real=0.00 secs] 
2024-10-05T18:44:55.317+0300: 746.107: Total time for which application threads were stopped: 0.0013417 seconds, Stopping threads took: 0.0001594 seconds
2024-10-05T18:44:57.937+0300: 748.737: Application time: 2.6297152 seconds
2024-10-05T18:44:57.937+0300: 748.737: [GC (Allocation Failure) [PSYoungGen: 693077K->288K(695296K)] 723382K->30609K(2093568K), 0.0007594 secs] [Times: user=0.00 sys=0.00, real=0.00 secs] 
2024-10-05T18:44:57.937+0300: 748.738: Total time for which application threads were stopped: 0.0009926 seconds, Stopping threads took: 0.0000939 seconds
2024-10-05T18:45:00.573+0300: 751.371: Application time: 2.6332107 seconds
2024-10-05T18:45:00.573+0300: 751.371: [GC (Allocation Failure) [PSYoungGen: 691850K->1888K(695296K)] 722172K->32217K(2093568K), 0.0008932 secs] [Times: user=0.00 sys=0.00, real=0.00 secs] 
2024-10-05T18:45:00.573+0300: 751.372: Total time for which application threads were stopped: 0.0012062 seconds, Stopping threads took: 0.0001846 seconds
2024-10-05T18:45:03.209+0300: 754.005: Application time: 2.6334384 seconds
2024-10-05T18:45:03.209+0300: 754.006: [GC (Allocation Failure) [PSYoungGen: 693530K->1344K(695296K)] 723859K->31689K(2093568K), 0.0007254 secs] [Times: user=0.00 sys=0.00, real=0.00 secs] 
2024-10-05T18:45:03.209+0300: 754.006: Total time for which application threads were stopped: 0.0010265 seconds, Stopping threads took: 0.0001900 seconds
2024-10-05T18:45:05.833+0300: 756.635: Application time: 2.6289765 seconds
2024-10-05T18:45:05.847+0300: 756.636: [GC (Allocation Failure) [PSYoungGen: 692737K->1888K(695296K)] 723083K->32241K(2093568K), 0.0008601 secs] [Times: user=0.00 sys=0.00, real=0.00 secs] 
2024-10-05T18:45:05.847+0300: 756.637: Total time for which application threads were stopped: 0.0011914 seconds, Stopping threads took: 0.0001816 seconds
2024-10-05T18:45:08.468+0300: 759.261: Application time: 2.6240426 seconds
2024-10-05T18:45:08.468+0300: 759.261: [GC (Allocation Failure) [PSYoungGen: 693395K->1856K(695296K)] 723749K->32217K(2093568K), 0.0007915 secs] [Times: user=0.00 sys=0.00, real=0.00 secs] 
2024-10-05T18:45:08.468+0300: 759.262: Total time for which application threads were stopped: 0.0010487 seconds, Stopping threads took: 0.0001337 seconds
2024-10-05T18:45:11.088+0300: 761.891: Application time: 2.6291384 seconds
2024-10-05T18:45:11.088+0300: 761.891: [GC (Allocation Failure) [PSYoungGen: 693499K->832K(695296K)] 723861K->31201K(2093568K), 0.0006841 secs] [Times: user=0.00 sys=0.00, real=0.00 secs] 
2024-10-05T18:45:11.088+0300: 761.892: Total time for which application threads were stopped: 0.0009231 seconds, Stopping threads took: 0.0001406 seconds
2024-10-05T18:45:13.723+0300: 764.514: Application time: 2.6223310 seconds
2024-10-05T18:45:13.723+0300: 764.514: [GC (Allocation Failure) [PSYoungGen: 692345K->1888K(695808K)] 722715K->32265K(2094080K), 0.0008311 secs] [Times: user=0.00 sys=0.00, real=0.00 secs] 
2024-10-05T18:45:13.723+0300: 764.515: Total time for which application threads were stopped: 0.0011367 seconds, Stopping threads took: 0.0001890 seconds
2024-10-05T18:45:16.353+0300: 767.146: Application time: 2.6306448 seconds
2024-10-05T18:45:16.353+0300: 767.146: [GC (Allocation Failure) [PSYoungGen: 693631K->1312K(695296K)] 724009K->31706K(2093568K), 0.0007545 secs] [Times: user=0.00 sys=0.00, real=0.00 secs] 
2024-10-05T18:45:16.353+0300: 767.147: Total time for which application threads were stopped: 0.0009986 seconds, Stopping threads took: 0.0001448 seconds
2024-10-05T18:45:18.980+0300: 769.779: Application time: 2.6316687 seconds
2024-10-05T18:45:18.980+0300: 769.779: [GC (Allocation Failure) [PSYoungGen: 693517K->800K(695808K)] 723911K->31201K(2094080K), 0.0007254 secs] [Times: user=0.00 sys=0.00, real=0.00 secs] 
2024-10-05T18:45:18.980+0300: 769.780: Total time for which application threads were stopped: 0.0010196 seconds, Stopping threads took: 0.0001992 seconds
2024-10-05T18:45:21.616+0300: 772.414: Application time: 2.6341864 seconds
2024-10-05T18:45:21.616+0300: 772.414: [GC (Allocation Failure) [PSYoungGen: 693444K->320K(695808K)] 723846K->30737K(2094080K), 0.0007260 secs] [Times: user=0.00 sys=0.00, real=0.00 secs] 
2024-10-05T18:45:21.616+0300: 772.415: Total time for which application threads were stopped: 0.0010069 seconds, Stopping threads took: 0.0001608 seconds
2024-10-05T18:45:24.237+0300: 775.038: Application time: 2.6236991 seconds
2024-10-05T18:45:24.237+0300: 775.039: [GC (Allocation Failure) [PSYoungGen: 693056K->2368K(694784K)] 723473K->32793K(2093056K), 0.0009900 secs] [Times: user=0.00 sys=0.00, real=0.00 secs] 
2024-10-05T18:45:24.237+0300: 775.040: Total time for which application threads were stopped: 0.0012866 seconds, Stopping threads took: 0.0001306 seconds
2024-10-05T18:45:26.873+0300: 777.665: Application time: 2.6256204 seconds
2024-10-05T18:45:26.873+0300: 777.666: [GC (Allocation Failure) [PSYoungGen: 694080K->864K(695296K)] 724505K->31297K(2093568K), 0.0007639 secs] [Times: user=0.00 sys=0.00, real=0.00 secs] 
2024-10-05T18:45:26.873+0300: 777.666: Total time for which application threads were stopped: 0.0010391 seconds, Stopping threads took: 0.0001440 seconds
2024-10-05T18:45:29.493+0300: 780.291: Application time: 2.6241363 seconds
2024-10-05T18:45:29.493+0300: 780.291: [GC (Allocation Failure) [PSYoungGen: 692485K->1344K(695808K)] 722919K->31801K(2094080K), 0.0008026 secs] [Times: user=0.00 sys=0.00, real=0.00 secs] 
2024-10-05T18:45:29.493+0300: 780.292: Total time for which application threads were stopped: 0.0010451 seconds, Stopping threads took: 0.0001334 seconds
2024-10-05T18:45:32.129+0300: 782.927: Application time: 2.6351914 seconds
2024-10-05T18:45:32.129+0300: 782.927: [GC (Allocation Failure) [PSYoungGen: 693568K->1312K(695296K)] 724025K->31778K(2093568K), 0.0007317 secs] [Times: user=0.00 sys=0.00, real=0.00 secs] 
2024-10-05T18:45:32.129+0300: 782.928: Total time for which application threads were stopped: 0.0009788 seconds, Stopping threads took: 0.0001473 seconds
2024-10-05T18:45:34.750+0300: 785.546: Application time: 2.6182439 seconds
2024-10-05T18:45:34.750+0300: 785.546: [GC (Allocation Failure) [PSYoungGen: 693514K->1328K(695808K)] 723980K->31817K(2094080K), 0.0008241 secs] [Times: user=0.00 sys=0.00, real=0.00 secs] 
2024-10-05T18:45:34.750+0300: 785.547: Total time for which application threads were stopped: 0.0010669 seconds, Stopping threads took: 0.0000934 seconds
2024-10-05T18:45:37.387+0300: 788.180: Application time: 2.6324890 seconds
2024-10-05T18:45:37.387+0300: 788.180: [GC (Allocation Failure) [PSYoungGen: 694064K->256K(695808K)] 724553K->30769K(2094080K), 0.0005844 secs] [Times: user=0.00 sys=0.00, real=0.00 secs] 
2024-10-05T18:45:37.387+0300: 788.180: Total time for which application threads were stopped: 0.0008458 seconds, Stopping threads took: 0.0001615 seconds
2024-10-05T18:45:40.007+0300: 790.810: Application time: 2.6290855 seconds
2024-10-05T18:45:40.007+0300: 790.810: [GC (Allocation Failure) [PSYoungGen: 692492K->1312K(695808K)] 723005K->31833K(2094080K), 0.0009489 secs] [Times: user=0.00 sys=0.00, real=0.00 secs] 
2024-10-05T18:45:40.007+0300: 790.811: Total time for which application threads were stopped: 0.0013262 seconds, Stopping threads took: 0.0002178 seconds
2024-10-05T18:45:42.674+0300: 793.464: Application time: 2.6529714 seconds
2024-10-05T18:45:42.674+0300: 793.464: [GC (Allocation Failure) [PSYoungGen: 693733K->1856K(695808K)] 724255K->32385K(2094080K), 0.0007639 secs] [Times: user=0.00 sys=0.00, real=0.00 secs] 
2024-10-05T18:45:42.674+0300: 793.465: Total time for which application threads were stopped: 0.0010241 seconds, Stopping threads took: 0.0001249 seconds
2024-10-05T18:45:45.325+0300: 796.126: Application time: 2.6612314 seconds
2024-10-05T18:45:45.325+0300: 796.126: [GC (Allocation Failure) [PSYoungGen: 694583K->1856K(695808K)] 725113K->32394K(2094080K), 0.0009720 secs] [Times: user=0.00 sys=0.00, real=0.00 secs] 
2024-10-05T18:45:45.325+0300: 796.127: Total time for which application threads were stopped: 0.0012091 seconds, Stopping threads took: 0.0000837 seconds
2024-10-05T18:45:47.961+0300: 798.763: Application time: 2.6361787 seconds
2024-10-05T18:45:47.961+0300: 798.764: [GC (Allocation Failure) [PSYoungGen: 694552K->2368K(695808K)] 725090K->32913K(2094080K), 0.0009281 secs] [Times: user=0.00 sys=0.00, real=0.00 secs] 
2024-10-05T18:45:47.961+0300: 798.765: Total time for which application threads were stopped: 0.0014139 seconds, Stopping threads took: 0.0003471 seconds
2024-10-05T18:45:50.596+0300: 801.389: Application time: 2.6240342 seconds
2024-10-05T18:45:50.596+0300: 801.389: [GC (Allocation Failure) [PSYoungGen: 694600K->2368K(694784K)] 725146K->32922K(2093056K), 0.0008120 secs] [Times: user=0.00 sys=0.00, real=0.00 secs] 
2024-10-05T18:45:50.596+0300: 801.390: Total time for which application threads were stopped: 0.0010775 seconds, Stopping threads took: 0.0001501 seconds
2024-10-05T18:45:53.232+0300: 804.025: Application time: 2.6350643 seconds
2024-10-05T18:45:53.232+0300: 804.025: [GC (Allocation Failure) [PSYoungGen: 693768K->1856K(695296K)] 724322K->32425K(2093568K), 0.0008775 secs] [Times: user=0.00 sys=0.00, real=0.00 secs] 
2024-10-05T18:45:53.232+0300: 804.026: Total time for which application threads were stopped: 0.0012616 seconds, Stopping threads took: 0.0002345 seconds
2024-10-05T18:45:55.852+0300: 806.654: Application time: 2.6279001 seconds
2024-10-05T18:45:55.852+0300: 806.654: [GC (Allocation Failure) [PSYoungGen: 693538K->1808K(695808K)] 724108K->32394K(2094080K), 0.0008530 secs] [Times: user=0.00 sys=0.00, real=0.00 secs] 
2024-10-05T18:45:55.852+0300: 806.655: Total time for which application threads were stopped: 0.0011226 seconds, Stopping threads took: 0.0000887 seconds
2024-10-05T18:45:58.489+0300: 809.284: Application time: 2.6282419 seconds
2024-10-05T18:45:58.489+0300: 809.284: [GC (Allocation Failure) [PSYoungGen: 694008K->1840K(695296K)] 724593K->32434K(2093568K), 0.0007786 secs] [Times: user=0.00 sys=0.00, real=0.00 secs] 
2024-10-05T18:45:58.489+0300: 809.285: Total time for which application threads were stopped: 0.0011017 seconds, Stopping threads took: 0.0001624 seconds
2024-10-05T18:46:01.136+0300: 811.926: Application time: 2.6413276 seconds
2024-10-05T18:46:01.136+0300: 811.926: [GC (Allocation Failure) [PSYoungGen: 694057K->2832K(694784K)] 724651K->33434K(2093056K), 0.0009860 secs] [Times: user=0.00 sys=0.00, real=0.00 secs] 
2024-10-05T18:46:01.136+0300: 811.927: Total time for which application threads were stopped: 0.0014045 seconds, Stopping threads took: 0.0002505 seconds
2024-10-05T18:46:03.761+0300: 814.556: Application time: 2.6287398 seconds
2024-10-05T18:46:03.761+0300: 814.556: [GC (Allocation Failure) [PSYoungGen: 694510K->784K(695296K)] 725112K->31393K(2093568K), 0.0007170 secs] [Times: user=0.02 sys=0.00, real=0.00 secs] 
2024-10-05T18:46:03.761+0300: 814.557: Total time for which application threads were stopped: 0.0009457 seconds, Stopping threads took: 0.0000943 seconds
2024-10-05T18:46:06.397+0300: 817.186: Application time: 2.6291207 seconds
2024-10-05T18:46:06.397+0300: 817.187: [GC (Allocation Failure) [PSYoungGen: 692478K->1344K(695296K)] 723088K->31962K(2093568K), 0.0007094 secs] [Times: user=0.00 sys=0.00, real=0.00 secs] 
2024-10-05T18:46:06.397+0300: 817.187: Total time for which application threads were stopped: 0.0010125 seconds, Stopping threads took: 0.0001946 seconds
2024-10-05T18:46:09.017+0300: 819.819: Application time: 2.6316791 seconds
2024-10-05T18:46:09.017+0300: 819.819: [GC (Allocation Failure) [PSYoungGen: 693023K->1344K(695296K)] 723641K->31969K(2093568K), 0.0007813 secs] [Times: user=0.00 sys=0.00, real=0.00 secs] 
2024-10-05T18:46:09.017+0300: 819.820: Total time for which application threads were stopped: 0.0010265 seconds, Stopping threads took: 0.0001377 seconds
2024-10-05T18:46:11.653+0300: 822.441: Application time: 2.6212641 seconds
2024-10-05T18:46:11.653+0300: 822.442: [GC (Allocation Failure) [PSYoungGen: 693040K->1360K(695808K)] 723666K->31993K(2094080K), 0.0007856 secs] [Times: user=0.00 sys=0.00, real=0.00 secs] 
2024-10-05T18:46:11.653+0300: 822.442: Total time for which application threads were stopped: 0.0011257 seconds, Stopping threads took: 0.0002179 seconds
2024-10-05T18:46:14.274+0300: 825.068: Application time: 2.6257092 seconds
2024-10-05T18:46:14.274+0300: 825.068: [GC (Allocation Failure) [PSYoungGen: 693555K->2400K(695296K)] 724189K->33058K(2093568K), 0.0008502 secs] [Times: user=0.00 sys=0.00, real=0.00 secs] 
2024-10-05T18:46:14.274+0300: 825.069: Total time for which application threads were stopped: 0.0011358 seconds, Stopping threads took: 0.0001657 seconds
2024-10-05T18:46:16.909+0300: 827.699: Application time: 2.6296429 seconds
2024-10-05T18:46:16.909+0300: 827.699: [GC (Allocation Failure) [PSYoungGen: 694115K->2384K(695296K)] 724773K->33049K(2093568K), 0.0009062 secs] [Times: user=0.00 sys=0.00, real=0.00 secs] 
2024-10-05T18:46:16.909+0300: 827.700: Total time for which application threads were stopped: 0.0011944 seconds, Stopping threads took: 0.0001446 seconds
2024-10-05T18:46:19.514+0300: 830.314: Application time: 2.6139601 seconds
2024-10-05T18:46:19.514+0300: 830.314: [GC (Allocation Failure) [PSYoungGen: 693781K->768K(695296K)] 724447K->31441K(2093568K), 0.0007349 secs] [Times: user=0.00 sys=0.00, real=0.00 secs] 
2024-10-05T18:46:19.514+0300: 830.315: Total time for which application threads were stopped: 0.0010291 seconds, Stopping threads took: 0.0001682 seconds
2024-10-05T18:46:22.149+0300: 832.949: Application time: 2.6336266 seconds
2024-10-05T18:46:22.149+0300: 832.949: [GC (Allocation Failure) [PSYoungGen: 692440K->752K(695296K)] 723114K->31441K(2093568K), 0.0006554 secs] [Times: user=0.00 sys=0.00, real=0.00 secs] 
2024-10-05T18:46:22.149+0300: 832.950: Total time for which application threads were stopped: 0.0009034 seconds, Stopping threads took: 0.0001482 seconds
2024-10-05T18:46:24.786+0300: 835.574: Application time: 2.6247953 seconds
2024-10-05T18:46:24.786+0300: 835.575: [GC (Allocation Failure) [PSYoungGen: 692172K->752K(695296K)] 722862K->31473K(2093568K), 0.0006680 secs] [Times: user=0.00 sys=0.00, real=0.00 secs] 
2024-10-05T18:46:24.786+0300: 835.575: Total time for which application threads were stopped: 0.0009557 seconds, Stopping threads took: 0.0001551 seconds
2024-10-05T18:46:27.454+0300: 838.256: Application time: 2.6803561 seconds
2024-10-05T18:46:27.454+0300: 838.256: [GC (Allocation Failure) [PSYoungGen: 692397K->2400K(695296K)] 723119K->33130K(2093568K), 0.0011589 secs] [Times: user=0.00 sys=0.00, real=0.00 secs] 
2024-10-05T18:46:27.454+0300: 838.257: Total time for which application threads were stopped: 0.0014347 seconds, Stopping threads took: 0.0000800 seconds
2024-10-05T18:46:30.106+0300: 840.902: Application time: 2.6445361 seconds
2024-10-05T18:46:30.106+0300: 840.902: [GC (Allocation Failure) [PSYoungGen: 694094K->2368K(695296K)] 724824K->33106K(2093568K), 0.0012218 secs] [Times: user=0.00 sys=0.00, real=0.00 secs] 
2024-10-05T18:46:30.106+0300: 840.903: Total time for which application threads were stopped: 0.0014608 seconds, Stopping threads took: 0.0000863 seconds
2024-10-05T18:46:32.742+0300: 843.532: Application time: 2.6289524 seconds
2024-10-05T18:46:32.742+0300: 843.532: [GC (Allocation Failure) [PSYoungGen: 694022K->1376K(695296K)] 724760K->32121K(2093568K), 0.0006930 secs] [Times: user=0.00 sys=0.00, real=0.00 secs] 
2024-10-05T18:46:32.742+0300: 843.533: Total time for which application threads were stopped: 0.0009944 seconds, Stopping threads took: 0.0001743 seconds
2024-10-05T18:46:35.363+0300: 846.167: Application time: 2.6340908 seconds
2024-10-05T18:46:35.379+0300: 846.168: [GC (Allocation Failure) [PSYoungGen: 692836K->1856K(695296K)] 723582K->32609K(2093568K), 0.0007464 secs] [Times: user=0.00 sys=0.00, real=0.00 secs] 
2024-10-05T18:46:35.379+0300: 846.168: Total time for which application threads were stopped: 0.0011439 seconds, Stopping threads took: 0.0002697 seconds
2024-10-05T18:46:38.004+0300: 848.794: Application time: 2.6252015 seconds
2024-10-05T18:46:38.004+0300: 848.794: [GC (Allocation Failure) [PSYoungGen: 693523K->1344K(695296K)] 724277K->32105K(2093568K), 0.0008991 secs] [Times: user=0.00 sys=0.00, real=0.00 secs] 
2024-10-05T18:46:38.004+0300: 848.795: Total time for which application threads were stopped: 0.0011886 seconds, Stopping threads took: 0.0001314 seconds
2024-10-05T18:46:40.634+0300: 851.423: Application time: 2.6281652 seconds
2024-10-05T18:46:40.634+0300: 851.423: [GC (Allocation Failure) [PSYoungGen: 693048K->1840K(695296K)] 723810K->32610K(2093568K), 0.0009149 secs] [Times: user=0.00 sys=0.00, real=0.00 secs] 
2024-10-05T18:46:40.634+0300: 851.424: Total time for which application threads were stopped: 0.0013547 seconds, Stopping threads took: 0.0002847 seconds
2024-10-05T18:46:43.255+0300: 854.054: Application time: 2.6300599 seconds
2024-10-05T18:46:43.255+0300: 854.055: [GC (Allocation Failure) [PSYoungGen: 693514K->2880K(695296K)] 724284K->33666K(2093568K), 0.0009636 secs] [Times: user=0.00 sys=0.00, real=0.00 secs] 
2024-10-05T18:46:43.255+0300: 854.056: Total time for which application threads were stopped: 0.0012230 seconds, Stopping threads took: 0.0000938 seconds
2024-10-05T18:46:45.905+0300: 856.695: Application time: 2.6392611 seconds
2024-10-05T18:46:45.905+0300: 856.695: [GC (Allocation Failure) [PSYoungGen: 694590K->1328K(695296K)] 725376K->32121K(2093568K), 0.0007794 secs] [Times: user=0.00 sys=0.00, real=0.00 secs] 
2024-10-05T18:46:45.905+0300: 856.696: Total time for which application threads were stopped: 0.0010164 seconds, Stopping threads took: 0.0001164 seconds
2024-10-05T18:46:48.543+0300: 859.338: Application time: 2.6425220 seconds
2024-10-05T18:46:48.543+0300: 859.339: [GC (Allocation Failure) [PSYoungGen: 692971K->752K(695296K)] 723765K->31553K(2093568K), 0.0008286 secs] [Times: user=0.00 sys=0.00, real=0.00 secs] 
2024-10-05T18:46:48.543+0300: 859.339: Total time for which application threads were stopped: 0.0010628 seconds, Stopping threads took: 0.0001066 seconds
2024-10-05T18:46:51.179+0300: 861.975: Application time: 2.6350786 seconds
2024-10-05T18:46:51.179+0300: 861.975: [GC (Allocation Failure) [PSYoungGen: 692452K->1856K(695296K)] 723254K->32673K(2093568K), 0.0008033 secs] [Times: user=0.00 sys=0.00, real=0.00 secs] 
2024-10-05T18:46:51.179+0300: 861.976: Total time for which application threads were stopped: 0.0010481 seconds, Stopping threads took: 0.0001172 seconds
2024-10-05T18:46:53.799+0300: 864.602: Application time: 2.6261588 seconds
2024-10-05T18:46:53.799+0300: 864.602: [GC (Allocation Failure) [PSYoungGen: 693250K->1840K(695296K)] 724068K->32665K(2093568K), 0.0009338 secs] [Times: user=0.00 sys=0.00, real=0.00 secs] 
2024-10-05T18:46:53.799+0300: 864.603: Total time for which application threads were stopped: 0.0011717 seconds, Stopping threads took: 0.0000979 seconds
2024-10-05T18:46:56.451+0300: 867.254: Application time: 2.6511771 seconds
2024-10-05T18:46:56.451+0300: 867.254: [GC (Allocation Failure) [PSYoungGen: 693266K->800K(695296K)] 724091K->31641K(2093568K), 0.0008221 secs] [Times: user=0.01 sys=0.00, real=0.02 secs] 
2024-10-05T18:46:56.466+0300: 867.255: Total time for which application threads were stopped: 0.0010609 seconds, Stopping threads took: 0.0001279 seconds
2024-10-05T18:46:59.087+0300: 869.883: Application time: 2.6276257 seconds
2024-10-05T18:46:59.087+0300: 869.883: [GC (Allocation Failure) [PSYoungGen: 692203K->1344K(695808K)] 723045K->32201K(2094080K), 0.0007494 secs] [Times: user=0.00 sys=0.00, real=0.00 secs] 
2024-10-05T18:46:59.087+0300: 869.884: Total time for which application threads were stopped: 0.0010560 seconds, Stopping threads took: 0.0001562 seconds
2024-10-05T18:47:01.707+0300: 872.511: Application time: 2.6273398 seconds
2024-10-05T18:47:01.723+0300: 872.511: [GC (Allocation Failure) [PSYoungGen: 693061K->1312K(695296K)] 723919K->32177K(2093568K), 0.0008200 secs] [Times: user=0.00 sys=0.00, real=0.00 secs] 
2024-10-05T18:47:01.723+0300: 872.512: Total time for which application threads were stopped: 0.0011271 seconds, Stopping threads took: 0.0001936 seconds
2024-10-05T18:47:04.344+0300: 875.140: Application time: 2.6271894 seconds
2024-10-05T18:47:04.344+0300: 875.140: [GC (Allocation Failure) [PSYoungGen: 693208K->816K(695808K)] 724074K->31697K(2094080K), 0.0010574 secs] [Times: user=0.00 sys=0.01, real=0.00 secs] 
2024-10-05T18:47:04.344+0300: 875.141: Total time for which application threads were stopped: 0.0014052 seconds, Stopping threads took: 0.0001545 seconds
2024-10-05T18:47:06.981+0300: 877.773: Application time: 2.6320772 seconds
2024-10-05T18:47:06.981+0300: 877.773: [GC (Allocation Failure) [PSYoungGen: 693271K->1856K(695808K)] 724152K->32753K(2094080K), 0.0007877 secs] [Times: user=0.00 sys=0.00, real=0.00 secs] 
2024-10-05T18:47:06.981+0300: 877.774: Total time for which application threads were stopped: 0.0011004 seconds, Stopping threads took: 0.0001962 seconds
2024-10-05T18:47:09.601+0300: 880.395: Application time: 2.6206788 seconds
2024-10-05T18:47:09.601+0300: 880.395: [GC (Allocation Failure) [PSYoungGen: 694569K->1360K(695808K)] 725467K->32281K(2094080K), 0.0007317 secs] [Times: user=0.00 sys=0.00, real=0.00 secs] 
2024-10-05T18:47:09.601+0300: 880.396: Total time for which application threads were stopped: 0.0009873 seconds, Stopping threads took: 0.0001580 seconds
2024-10-05T18:47:12.237+0300: 883.032: Application time: 2.6358079 seconds
2024-10-05T18:47:12.237+0300: 883.032: [GC (Allocation Failure) [PSYoungGen: 693791K->800K(695808K)] 724713K->31737K(2094080K), 0.0006165 secs] [Times: user=0.00 sys=0.00, real=0.00 secs] 
2024-10-05T18:47:12.237+0300: 883.032: Total time for which application threads were stopped: 0.0009061 seconds, Stopping threads took: 0.0001895 seconds
2024-10-05T18:47:14.858+0300: 885.655: Application time: 2.6225903 seconds
2024-10-05T18:47:14.858+0300: 885.655: [GC (Allocation Failure) [PSYoungGen: 693485K->2400K(695808K)] 724423K->33346K(2094080K), 0.0008851 secs] [Times: user=0.01 sys=0.00, real=0.00 secs] 
2024-10-05T18:47:14.858+0300: 885.656: Total time for which application threads were stopped: 0.0012108 seconds, Stopping threads took: 0.0001857 seconds
2024-10-05T18:47:17.494+0300: 888.287: Application time: 2.6305048 seconds
2024-10-05T18:47:17.494+0300: 888.287: [GC (Allocation Failure) [PSYoungGen: 694857K->2368K(695296K)] 725803K->33322K(2093568K), 0.0008578 secs] [Times: user=0.00 sys=0.00, real=0.00 secs] 
2024-10-05T18:47:17.494+0300: 888.288: Total time for which application threads were stopped: 0.0011334 seconds, Stopping threads took: 0.0001494 seconds
2024-10-05T18:47:20.115+0300: 890.917: Application time: 2.6287219 seconds
2024-10-05T18:47:20.115+0300: 890.917: [GC (Allocation Failure) [PSYoungGen: 694813K->1856K(695296K)] 725766K->32833K(2093568K), 0.0008950 secs] [Times: user=0.00 sys=0.00, real=0.00 secs] 
2024-10-05T18:47:20.115+0300: 890.918: Total time for which application threads were stopped: 0.0011817 seconds, Stopping threads took: 0.0001330 seconds
2024-10-05T18:47:22.737+0300: 893.537: Application time: 2.6192942 seconds
2024-10-05T18:47:22.737+0300: 893.537: [GC (Allocation Failure) [PSYoungGen: 693228K->2336K(695296K)] 724206K->33330K(2093568K), 0.0008672 secs] [Times: user=0.00 sys=0.00, real=0.00 secs] 
2024-10-05T18:47:22.737+0300: 893.538: Total time for which application threads were stopped: 0.0011633 seconds, Stopping threads took: 0.0001757 seconds
2024-10-05T18:47:25.373+0300: 896.176: Application time: 2.6377735 seconds
2024-10-05T18:47:25.373+0300: 896.176: [GC (Allocation Failure) [PSYoungGen: 693991K->1312K(695296K)] 724985K->32314K(2093568K), 0.0007139 secs] [Times: user=0.00 sys=0.00, real=0.00 secs] 
2024-10-05T18:47:25.373+0300: 896.177: Total time for which application threads were stopped: 0.0009355 seconds, Stopping threads took: 0.0001118 seconds
2024-10-05T18:47:28.009+0300: 898.804: Application time: 2.6266460 seconds
2024-10-05T18:47:28.009+0300: 898.804: [GC (Allocation Failure) [PSYoungGen: 692951K->1360K(695296K)] 723952K->32369K(2093568K), 0.0008227 secs] [Times: user=0.00 sys=0.00, real=0.00 secs] 
2024-10-05T18:47:28.009+0300: 898.805: Total time for which application threads were stopped: 0.0011491 seconds, Stopping threads took: 0.0002070 seconds
2024-10-05T18:47:30.630+0300: 901.434: Application time: 2.6289998 seconds
2024-10-05T18:47:30.630+0300: 901.434: [GC (Allocation Failure) [PSYoungGen: 693072K->1872K(695808K)] 724081K->32890K(2094080K), 0.0009148 secs] [Times: user=0.01 sys=0.00, real=0.02 secs] 
2024-10-05T18:47:30.646+0300: 901.435: Total time for which application threads were stopped: 0.0012185 seconds, Stopping threads took: 0.0001582 seconds
2024-10-05T18:47:33.266+0300: 904.062: Application time: 2.6273717 seconds
2024-10-05T18:47:33.266+0300: 904.063: [GC (Allocation Failure) [PSYoungGen: 694120K->1824K(695808K)] 725138K->32849K(2094080K), 0.0008572 secs] [Times: user=0.00 sys=0.00, real=0.00 secs] 
2024-10-05T18:47:33.266+0300: 904.064: Total time for which application threads were stopped: 0.0011594 seconds, Stopping threads took: 0.0001307 seconds
2024-10-05T18:47:35.901+0300: 906.695: Application time: 2.6312717 seconds
2024-10-05T18:47:35.901+0300: 906.695: [GC (Allocation Failure) [PSYoungGen: 694560K->2368K(695808K)] 725585K->33401K(2094080K), 0.0010400 secs] [Times: user=0.00 sys=0.00, real=0.00 secs] 
2024-10-05T18:47:35.901+0300: 906.696: Total time for which application threads were stopped: 0.0013025 seconds, Stopping threads took: 0.0000946 seconds
2024-10-05T18:47:38.538+0300: 909.328: Application time: 2.6319855 seconds
2024-10-05T18:47:38.538+0300: 909.328: [GC (Allocation Failure) [PSYoungGen: 694807K->800K(693760K)] 725841K->31841K(2092032K), 0.0006862 secs] [Times: user=0.00 sys=0.00, real=0.00 secs] 
2024-10-05T18:47:38.538+0300: 909.329: Total time for which application threads were stopped: 0.0009526 seconds, Stopping threads took: 0.0001256 seconds
2024-10-05T18:47:41.157+0300: 911.960: Application time: 2.6312307 seconds
2024-10-05T18:47:41.157+0300: 911.961: [GC (Allocation Failure) [PSYoungGen: 693536K->1872K(695808K)] 724577K->32922K(2094080K), 0.0008877 secs] [Times: user=0.00 sys=0.00, real=0.00 secs] 
2024-10-05T18:47:41.157+0300: 911.961: Total time for which application threads were stopped: 0.0011262 seconds, Stopping threads took: 0.0000810 seconds
2024-10-05T18:47:43.793+0300: 914.587: Application time: 2.6259409 seconds
2024-10-05T18:47:43.793+0300: 914.588: [GC (Allocation Failure) [PSYoungGen: 694068K->1328K(695296K)] 725117K->32386K(2093568K), 0.0007150 secs] [Times: user=0.00 sys=0.00, real=0.00 secs] 
2024-10-05T18:47:43.793+0300: 914.588: Total time for which application threads were stopped: 0.0010134 seconds, Stopping threads took: 0.0001855 seconds
2024-10-05T18:47:46.413+0300: 917.214: Application time: 2.6253902 seconds
2024-10-05T18:47:46.413+0300: 917.214: [GC (Allocation Failure) [PSYoungGen: 693552K->2320K(695808K)] 724610K->33394K(2094080K), 0.0008849 secs] [Times: user=0.00 sys=0.00, real=0.00 secs] 
2024-10-05T18:47:46.413+0300: 917.215: Total time for which application threads were stopped: 0.0011917 seconds, Stopping threads took: 0.0001785 seconds
2024-10-05T18:47:49.050+0300: 919.844: Application time: 2.6289322 seconds
2024-10-05T18:47:49.050+0300: 919.844: [GC (Allocation Failure) [PSYoungGen: 695015K->1312K(695808K)] 726089K->32393K(2094080K), 0.0008225 secs] [Times: user=0.00 sys=0.00, real=0.00 secs] 
2024-10-05T18:47:49.050+0300: 919.845: Total time for which application threads were stopped: 0.0010686 seconds, Stopping threads took: 0.0001012 seconds
2024-10-05T18:47:51.671+0300: 922.474: Application time: 2.6286650 seconds
2024-10-05T18:47:51.671+0300: 922.474: [GC (Allocation Failure) [PSYoungGen: 694034K->1376K(695808K)] 725116K->32465K(2094080K), 0.0010749 secs] [Times: user=0.02 sys=0.00, real=0.02 secs] 
2024-10-05T18:47:51.686+0300: 922.475: Total time for which application threads were stopped: 0.0015302 seconds, Stopping threads took: 0.0002198 seconds
2024-10-05T18:47:54.307+0300: 925.106: Application time: 2.6304443 seconds
2024-10-05T18:47:54.307+0300: 925.106: [GC (Allocation Failure) [PSYoungGen: 694080K->1856K(695808K)] 725170K->32953K(2094080K), 0.0010522 secs] [Times: user=0.00 sys=0.00, real=0.00 secs] 
2024-10-05T18:47:54.307+0300: 925.107: Total time for which application threads were stopped: 0.0014160 seconds, Stopping threads took: 0.0001996 seconds
2024-10-05T18:47:57.477+0300: 928.277: Application time: 3.1696420 seconds
2024-10-05T18:47:57.477+0300: 928.277: [GC (Allocation Failure) [PSYoungGen: 694084K->1328K(695808K)] 725182K->32433K(2094080K), 0.0016408 secs] [Times: user=0.00 sys=0.00, real=0.00 secs] 
2024-10-05T18:47:57.477+0300: 928.279: Total time for which application threads were stopped: 0.0019747 seconds, Stopping threads took: 0.0001763 seconds
2024-10-05T18:48:00.192+0300: 930.996: Application time: 2.7168888 seconds
2024-10-05T18:48:00.192+0300: 930.996: [GC (Allocation Failure) [PSYoungGen: 693872K->2384K(695808K)] 724978K->33506K(2094080K), 0.0032217 secs] [Times: user=0.01 sys=0.00, real=0.02 secs] 
2024-10-05T18:48:00.208+0300: 930.999: Total time for which application threads were stopped: 0.0034973 seconds, Stopping threads took: 0.0000919 seconds
2024-10-05T18:48:02.829+0300: 933.631: Application time: 2.6321313 seconds
2024-10-05T18:48:02.829+0300: 933.631: [GC (Allocation Failure) [PSYoungGen: 694868K->2368K(694784K)] 725990K->33497K(2093056K), 0.0023758 secs] [Times: user=0.00 sys=0.00, real=0.02 secs] 
2024-10-05T18:48:02.845+0300: 933.634: Total time for which application threads were stopped: 0.0026957 seconds, Stopping threads took: 0.0001445 seconds
2024-10-05T18:48:05.482+0300: 936.272: Application time: 2.6382778 seconds
2024-10-05T18:48:05.482+0300: 936.272: [GC (Allocation Failure) [PSYoungGen: 694055K->1888K(695296K)] 725185K->33025K(2093568K), 0.0010806 secs] [Times: user=0.00 sys=0.00, real=0.00 secs] 
2024-10-05T18:48:05.482+0300: 936.274: Total time for which application threads were stopped: 0.0013763 seconds, Stopping threads took: 0.0001487 seconds
2024-10-05T18:48:08.133+0300: 938.923: Application time: 2.6492393 seconds
2024-10-05T18:48:08.133+0300: 938.923: [GC (Allocation Failure) [PSYoungGen: 693339K->256K(694784K)] 724477K->31433K(2093056K), 0.0005922 secs] [Times: user=0.00 sys=0.00, real=0.00 secs] 
2024-10-05T18:48:08.133+0300: 938.924: Total time for which application threads were stopped: 0.0007899 seconds, Stopping threads took: 0.0000834 seconds
2024-10-05T18:48:10.763+0300: 941.552: Application time: 2.6285250 seconds
2024-10-05T18:48:10.763+0300: 941.552: [GC (Allocation Failure) [PSYoungGen: 691938K->768K(695296K)] 723116K->31961K(2093568K), 0.0009566 secs] [Times: user=0.00 sys=0.00, real=0.00 secs] 
2024-10-05T18:48:10.763+0300: 941.553: Total time for which application threads were stopped: 0.0011665 seconds, Stopping threads took: 0.0000694 seconds
2024-10-05T18:48:13.384+0300: 944.178: Application time: 2.6245355 seconds
2024-10-05T18:48:13.384+0300: 944.178: [GC (Allocation Failure) [PSYoungGen: 692480K->2384K(695296K)] 723673K->33585K(2093568K), 0.0013954 secs] [Times: user=0.00 sys=0.00, real=0.00 secs] 
2024-10-05T18:48:13.384+0300: 944.179: Total time for which application threads were stopped: 0.0016253 seconds, Stopping threads took: 0.0000861 seconds
2024-10-05T18:48:16.026+0300: 946.815: Application time: 2.6353633 seconds
2024-10-05T18:48:16.026+0300: 946.815: [GC (Allocation Failure) [PSYoungGen: 694087K->1328K(695296K)] 725289K->32545K(2093568K), 0.0006860 secs] [Times: user=0.00 sys=0.00, real=0.00 secs] 
2024-10-05T18:48:16.026+0300: 946.816: Total time for which application threads were stopped: 0.0009434 seconds, Stopping threads took: 0.0001424 seconds
2024-10-05T18:48:18.646+0300: 949.438: Application time: 2.6223228 seconds
2024-10-05T18:48:18.646+0300: 949.438: [GC (Allocation Failure) [PSYoungGen: 692715K->1888K(695296K)] 723933K->33113K(2093568K), 0.0007269 secs] [Times: user=0.00 sys=0.00, real=0.00 secs] 
2024-10-05T18:48:18.646+0300: 949.439: Total time for which application threads were stopped: 0.0009815 seconds, Stopping threads took: 0.0001471 seconds
2024-10-05T18:48:21.282+0300: 952.073: Application time: 2.6334941 seconds
2024-10-05T18:48:21.282+0300: 952.073: [GC (Allocation Failure) [PSYoungGen: 693562K->1328K(695296K)] 724788K->32561K(2093568K), 0.0006892 secs] [Times: user=0.00 sys=0.00, real=0.00 secs] 
2024-10-05T18:48:21.282+0300: 952.074: Total time for which application threads were stopped: 0.0009628 seconds, Stopping threads took: 0.0001707 seconds
2024-10-05T18:48:23.904+0300: 954.698: Application time: 2.6244873 seconds
2024-10-05T18:48:23.904+0300: 954.698: [GC (Allocation Failure) [PSYoungGen: 692733K->1856K(695808K)] 723967K->33097K(2094080K), 0.0008697 secs] [Times: user=0.00 sys=0.00, real=0.00 secs] 
2024-10-05T18:48:23.904+0300: 954.699: Total time for which application threads were stopped: 0.0011349 seconds, Stopping threads took: 0.0001170 seconds
2024-10-05T18:48:26.523+0300: 957.325: Application time: 2.6260063 seconds
2024-10-05T18:48:26.523+0300: 957.325: [GC (Allocation Failure) [PSYoungGen: 694100K->1824K(695808K)] 725342K->33073K(2094080K), 0.0007851 secs] [Times: user=0.00 sys=0.00, real=0.00 secs] 
2024-10-05T18:48:26.523+0300: 957.326: Total time for which application threads were stopped: 0.0010335 seconds, Stopping threads took: 0.0001357 seconds
2024-10-05T18:48:29.160+0300: 959.952: Application time: 2.6261774 seconds
2024-10-05T18:48:29.160+0300: 959.953: [GC (Allocation Failure) [PSYoungGen: 694560K->1856K(695808K)] 725809K->33113K(2094080K), 0.0007789 secs] [Times: user=0.00 sys=0.00, real=0.00 secs] 
2024-10-05T18:48:29.160+0300: 959.953: Total time for which application threads were stopped: 0.0010357 seconds, Stopping threads took: 0.0001413 seconds
2024-10-05T18:48:31.794+0300: 962.587: Application time: 2.6340482 seconds
2024-10-05T18:48:31.794+0300: 962.588: [GC (Allocation Failure) [PSYoungGen: 694109K->1856K(695808K)] 725367K->33121K(2094080K), 0.0008057 secs] [Times: user=0.00 sys=0.00, real=0.00 secs] 
2024-10-05T18:48:31.794+0300: 962.589: Total time for which application threads were stopped: 0.0011553 seconds, Stopping threads took: 0.0002237 seconds
2024-10-05T18:48:34.430+0300: 965.224: Application time: 2.6355882 seconds
2024-10-05T18:48:34.430+0300: 965.225: [GC (Allocation Failure) [PSYoungGen: 694584K->1840K(695808K)] 725850K->33114K(2094080K), 0.0007371 secs] [Times: user=0.00 sys=0.00, real=0.00 secs] 
2024-10-05T18:48:34.430+0300: 965.225: Total time for which application threads were stopped: 0.0010703 seconds, Stopping threads took: 0.0002074 seconds
2024-10-05T18:48:37.066+0300: 967.861: Application time: 2.6357351 seconds
2024-10-05T18:48:37.066+0300: 967.861: [GC (Allocation Failure) [PSYoungGen: 694575K->784K(695808K)] 725849K->32073K(2094080K), 0.0006344 secs] [Times: user=0.00 sys=0.00, real=0.00 secs] 
2024-10-05T18:48:37.066+0300: 967.862: Total time for which application threads were stopped: 0.0009272 seconds, Stopping threads took: 0.0002000 seconds
2024-10-05T18:48:39.686+0300: 970.484: Application time: 2.6218310 seconds
2024-10-05T18:48:39.686+0300: 970.484: [GC (Allocation Failure) [PSYoungGen: 693026K->1312K(695808K)] 724316K->32617K(2094080K), 0.0008750 secs] [Times: user=0.00 sys=0.00, real=0.00 secs] 
2024-10-05T18:48:39.686+0300: 970.485: Total time for which application threads were stopped: 0.0011331 seconds, Stopping threads took: 0.0001388 seconds
2024-10-05T18:48:42.322+0300: 973.119: Application time: 2.6340513 seconds
2024-10-05T18:48:42.322+0300: 973.119: [GC (Allocation Failure) [PSYoungGen: 693558K->1344K(695808K)] 724864K->32658K(2094080K), 0.0007980 secs] [Times: user=0.00 sys=0.00, real=0.00 secs] 
2024-10-05T18:48:42.322+0300: 973.120: Total time for which application threads were stopped: 0.0010710 seconds, Stopping threads took: 0.0001524 seconds
2024-10-05T18:48:44.958+0300: 975.755: Application time: 2.6346538 seconds
2024-10-05T18:48:44.958+0300: 975.755: [GC (Allocation Failure) [PSYoungGen: 693591K->1824K(695808K)] 724905K->33153K(2094080K), 0.0007872 secs] [Times: user=0.00 sys=0.00, real=0.00 secs] 
2024-10-05T18:48:44.958+0300: 975.756: Total time for which application threads were stopped: 0.0010154 seconds, Stopping threads took: 0.0000916 seconds
2024-10-05T18:48:47.579+0300: 978.379: Application time: 2.6233556 seconds
2024-10-05T18:48:47.579+0300: 978.379: [GC (Allocation Failure) [PSYoungGen: 694060K->1360K(695808K)] 725390K->32697K(2094080K), 0.0008701 secs] [Times: user=0.00 sys=0.00, real=0.00 secs] 
2024-10-05T18:48:47.579+0300: 978.380: Total time for which application threads were stopped: 0.0011578 seconds, Stopping threads took: 0.0001439 seconds
2024-10-05T18:48:50.214+0300: 981.016: Application time: 2.6358737 seconds
2024-10-05T18:48:50.214+0300: 981.016: [GC (Allocation Failure) [PSYoungGen: 693589K->752K(695808K)] 724926K->32097K(2094080K), 0.0006877 secs] [Times: user=0.00 sys=0.00, real=0.00 secs] 
2024-10-05T18:48:50.214+0300: 981.017: Total time for which application threads were stopped: 0.0009928 seconds, Stopping threads took: 0.0002095 seconds
2024-10-05T18:48:50.466+0300: 981.267: Application time: 0.2502696 seconds
2024-10-05T18:48:50.466+0300: 981.268: Total time for which application threads were stopped: 0.0002101 seconds, Stopping threads took: 0.0001348 seconds
2024-10-05T18:48:51.140+0300: 981.934: Application time: 0.6665500 seconds
2024-10-05T18:48:51.140+0300: 981.935: Total time for which application threads were stopped: 0.0003757 seconds, Stopping threads took: 0.0003573 seconds
2024-10-05T18:48:52.144+0300: 982.932: Application time: 0.9978807 seconds
2024-10-05T18:48:52.144+0300: 982.933: Total time for which application threads were stopped: 0.0003755 seconds, Stopping threads took: 0.0002639 seconds
2024-10-05T18:48:52.882+0300: 983.676: Application time: 0.7430514 seconds
2024-10-05T18:48:52.882+0300: 983.676: [GC (Allocation Failure) [PSYoungGen: 693158K->2880K(695808K)] 724503K->37818K(2094080K), 0.0016447 secs] [Times: user=0.00 sys=0.00, real=0.00 secs] 
2024-10-05T18:48:52.882+0300: 983.678: Total time for which application threads were stopped: 0.0019129 seconds, Stopping threads took: 0.0000932 seconds
2024-10-05T18:48:55.377+0300: 986.172: Application time: 2.4946222 seconds
2024-10-05T18:48:55.377+0300: 986.173: [GC (Allocation Failure) [PSYoungGen: 695210K->1856K(695808K)] 730148K->39394K(2094080K), 0.0013079 secs] [Times: user=0.00 sys=0.00, real=0.00 secs] 
2024-10-05T18:48:55.377+0300: 986.174: Total time for which application threads were stopped: 0.0016462 seconds, Stopping threads took: 0.0002111 seconds
2024-10-05T18:48:58.013+0300: 988.816: Application time: 2.6414447 seconds
2024-10-05T18:48:58.013+0300: 988.816: [GC (Allocation Failure) [PSYoungGen: 694538K->1856K(695808K)] 732076K->39410K(2094080K), 0.0007664 secs] [Times: user=0.00 sys=0.00, real=0.00 secs] 
2024-10-05T18:48:58.013+0300: 988.816: Total time for which application threads were stopped: 0.0009553 seconds, Stopping threads took: 0.0000721 seconds
2024-10-05T18:49:00.649+0300: 991.450: Application time: 2.6339270 seconds
2024-10-05T18:49:00.649+0300: 991.451: [GC (Allocation Failure) [PSYoungGen: 694592K->1344K(695808K)] 732146K->38906K(2094080K), 0.0008231 secs] [Times: user=0.00 sys=0.00, real=0.00 secs] 
2024-10-05T18:49:00.649+0300: 991.451: Total time for which application threads were stopped: 0.0010983 seconds, Stopping threads took: 0.0001716 seconds
2024-10-05T18:49:03.300+0300: 994.090: Application time: 2.6383328 seconds
2024-10-05T18:49:03.300+0300: 994.090: [GC (Allocation Failure) [PSYoungGen: 693973K->1344K(695808K)] 731535K->38914K(2094080K), 0.0007805 secs] [Times: user=0.00 sys=0.00, real=0.00 secs] 
2024-10-05T18:49:03.300+0300: 994.091: Total time for which application threads were stopped: 0.0010964 seconds, Stopping threads took: 0.0001540 seconds
2024-10-05T18:49:05.922+0300: 996.726: Application time: 2.6349890 seconds
2024-10-05T18:49:05.922+0300: 996.726: [GC (Allocation Failure) [PSYoungGen: 693609K->1856K(695808K)] 731179K->39434K(2094080K), 0.0008851 secs] [Times: user=0.02 sys=0.00, real=0.02 secs] 
2024-10-05T18:49:05.938+0300: 996.727: Total time for which application threads were stopped: 0.0012329 seconds, Stopping threads took: 0.0001917 seconds
2024-10-05T18:49:08.559+0300: 999.361: Application time: 2.6336182 seconds
2024-10-05T18:49:08.559+0300: 999.361: [GC (Allocation Failure) [PSYoungGen: 694306K->1888K(695808K)] 731884K->39474K(2094080K), 0.0007685 secs] [Times: user=0.00 sys=0.00, real=0.00 secs] 
2024-10-05T18:49:08.559+0300: 999.362: Total time for which application threads were stopped: 0.0010455 seconds, Stopping threads took: 0.0001679 seconds
2024-10-05T18:49:11.242+0300: 1002.033: Application time: 2.6711753 seconds
2024-10-05T18:49:11.242+0300: 1002.033: [GC (Allocation Failure) [PSYoungGen: 694541K->800K(695808K)] 732127K->38394K(2094080K), 0.0008023 secs] [Times: user=0.00 sys=0.00, real=0.00 secs] 
2024-10-05T18:49:11.242+0300: 1002.034: Total time for which application threads were stopped: 0.0010328 seconds, Stopping threads took: 0.0001091 seconds
2024-10-05T18:49:13.897+0300: 1004.693: Application time: 2.6585277 seconds
2024-10-05T18:49:13.897+0300: 1004.693: [GC (Allocation Failure) [PSYoungGen: 693030K->816K(695808K)] 730624K->38418K(2094080K), 0.0007490 secs] [Times: user=0.00 sys=0.00, real=0.00 secs] 
2024-10-05T18:49:13.897+0300: 1004.694: Total time for which application threads were stopped: 0.0010208 seconds, Stopping threads took: 0.0001635 seconds
2024-10-05T18:49:16.529+0300: 1007.324: Application time: 2.6307883 seconds
2024-10-05T18:49:16.529+0300: 1007.325: [GC (Allocation Failure) [PSYoungGen: 693438K->1360K(695808K)] 731040K->38970K(2094080K), 0.0008631 secs] [Times: user=0.00 sys=0.00, real=0.00 secs] 
2024-10-05T18:49:16.529+0300: 1007.326: Total time for which application threads were stopped: 0.0011873 seconds, Stopping threads took: 0.0002034 seconds
2024-10-05T18:49:19.165+0300: 1009.957: Application time: 2.6313238 seconds
2024-10-05T18:49:19.165+0300: 1009.957: [GC (Allocation Failure) [PSYoungGen: 693730K->1872K(695808K)] 731340K->39490K(2094080K), 0.0007950 secs] [Times: user=0.00 sys=0.00, real=0.00 secs] 
2024-10-05T18:49:19.165+0300: 1009.958: Total time for which application threads were stopped: 0.0010338 seconds, Stopping threads took: 0.0000724 seconds
2024-10-05T18:49:21.786+0300: 1012.587: Application time: 2.6294359 seconds
2024-10-05T18:49:21.786+0300: 1012.588: [GC (Allocation Failure) [PSYoungGen: 694573K->1344K(695808K)] 732191K->38978K(2094080K), 0.0008824 secs] [Times: user=0.00 sys=0.00, real=0.00 secs] 
2024-10-05T18:49:21.786+0300: 1012.589: Total time for which application threads were stopped: 0.0011655 seconds, Stopping threads took: 0.0001757 seconds
2024-10-05T18:49:24.422+0300: 1015.222: Application time: 2.6332734 seconds
2024-10-05T18:49:24.422+0300: 1015.222: [GC (Allocation Failure) [PSYoungGen: 694041K->1856K(695808K)] 731675K->39498K(2094080K), 0.0007618 secs] [Times: user=0.00 sys=0.00, real=0.00 secs] 
2024-10-05T18:49:24.422+0300: 1015.223: Total time for which application threads were stopped: 0.0010263 seconds, Stopping threads took: 0.0001193 seconds
2024-10-05T18:49:27.059+0300: 1017.857: Application time: 2.6341741 seconds
2024-10-05T18:49:27.059+0300: 1017.857: [GC (Allocation Failure) [PSYoungGen: 694301K->784K(695808K)] 731943K->38458K(2094080K), 0.0006825 secs] [Times: user=0.00 sys=0.00, real=0.00 secs] 
2024-10-05T18:49:27.059+0300: 1017.858: Total time for which application threads were stopped: 0.0009434 seconds, Stopping threads took: 0.0001731 seconds
2024-10-05T18:49:29.695+0300: 1020.487: Application time: 2.6294304 seconds
2024-10-05T18:49:29.695+0300: 1020.488: [GC (Allocation Failure) [PSYoungGen: 693259K->2352K(695808K)] 730934K->40034K(2094080K), 0.0008713 secs] [Times: user=0.00 sys=0.00, real=0.00 secs] 
2024-10-05T18:49:29.695+0300: 1020.489: Total time for which application threads were stopped: 0.0011974 seconds, Stopping threads took: 0.0001889 seconds
2024-10-05T18:49:32.331+0300: 1023.127: Application time: 2.6385359 seconds
2024-10-05T18:49:32.331+0300: 1023.127: [GC (Allocation Failure) [PSYoungGen: 694584K->768K(695808K)] 732266K->38466K(2094080K), 0.0007297 secs] [Times: user=0.00 sys=0.00, real=0.00 secs] 
2024-10-05T18:49:32.331+0300: 1023.128: Total time for which application threads were stopped: 0.0009880 seconds, Stopping threads took: 0.0001465 seconds
2024-10-05T18:49:34.968+0300: 1025.763: Application time: 2.6345352 seconds
2024-10-05T18:49:34.968+0300: 1025.763: [GC (Allocation Failure) [PSYoungGen: 693260K->2384K(695808K)] 730958K->40090K(2094080K), 0.0009449 secs] [Times: user=0.00 sys=0.00, real=0.00 secs] 
2024-10-05T18:49:34.968+0300: 1025.764: Total time for which application threads were stopped: 0.0013019 seconds, Stopping threads took: 0.0001898 seconds
2024-10-05T18:49:37.603+0300: 1028.396: Application time: 2.6319097 seconds
2024-10-05T18:49:37.603+0300: 1028.396: [GC (Allocation Failure) [PSYoungGen: 694879K->2352K(694784K)] 732585K->40074K(2093056K), 0.0008719 secs] [Times: user=0.00 sys=0.00, real=0.00 secs] 
2024-10-05T18:49:37.603+0300: 1028.397: Total time for which application threads were stopped: 0.0011149 seconds, Stopping threads took: 0.0001289 seconds
2024-10-05T18:49:40.246+0300: 1031.036: Application time: 2.6392910 seconds
2024-10-05T18:49:40.246+0300: 1031.036: [GC (Allocation Failure) [PSYoungGen: 693791K->1856K(695296K)] 731513K->39586K(2093568K), 0.0009283 secs] [Times: user=0.00 sys=0.00, real=0.00 secs] 
2024-10-05T18:49:40.246+0300: 1031.037: Total time for which application threads were stopped: 0.0011764 seconds, Stopping threads took: 0.0001029 seconds
2024-10-05T18:49:42.862+0300: 1033.665: Application time: 2.6270778 seconds
2024-10-05T18:49:42.862+0300: 1033.665: [GC (Allocation Failure) [PSYoungGen: 693284K->2304K(695296K)] 731014K->40042K(2093568K), 0.0010600 secs] [Times: user=0.00 sys=0.00, real=0.00 secs] 
2024-10-05T18:49:42.862+0300: 1033.666: Total time for which application threads were stopped: 0.0013511 seconds, Stopping threads took: 0.0001510 seconds
2024-10-05T18:49:45.498+0300: 1036.294: Application time: 2.6283323 seconds
2024-10-05T18:49:45.498+0300: 1036.294: [GC (Allocation Failure) [PSYoungGen: 693741K->1328K(695296K)] 731479K->39074K(2093568K), 0.0007547 secs] [Times: user=0.00 sys=0.00, real=0.00 secs] 
2024-10-05T18:49:45.498+0300: 1036.295: Total time for which application threads were stopped: 0.0010275 seconds, Stopping threads took: 0.0001608 seconds
2024-10-05T18:49:48.134+0300: 1038.926: Application time: 2.6310582 seconds
2024-10-05T18:49:48.134+0300: 1038.927: [GC (Allocation Failure) [PSYoungGen: 692756K->816K(695296K)] 730502K->38570K(2093568K), 0.0006598 secs] [Times: user=0.00 sys=0.00, real=0.00 secs] 
2024-10-05T18:49:48.134+0300: 1038.927: Total time for which application threads were stopped: 0.0008935 seconds, Stopping threads took: 0.0001376 seconds
2024-10-05T18:49:50.755+0300: 1041.549: Application time: 2.6218608 seconds
2024-10-05T18:49:50.755+0300: 1041.549: [GC (Allocation Failure) [PSYoungGen: 692252K->2384K(695296K)] 730006K->40146K(2093568K), 0.0008130 secs] [Times: user=0.00 sys=0.00, real=0.00 secs] 
2024-10-05T18:49:50.755+0300: 1041.550: Total time for which application threads were stopped: 0.0010325 seconds, Stopping threads took: 0.0000802 seconds
2024-10-05T18:49:53.376+0300: 1044.179: Application time: 2.6288571 seconds
2024-10-05T18:49:53.376+0300: 1044.179: [GC (Allocation Failure) [PSYoungGen: 693819K->2800K(695296K)] 731581K->40570K(2093568K), 0.0011042 secs] [Times: user=0.00 sys=0.00, real=0.02 secs] 
2024-10-05T18:49:53.391+0300: 1044.180: Total time for which application threads were stopped: 0.0014156 seconds, Stopping threads took: 0.0001676 seconds
2024-10-05T18:49:56.013+0300: 1046.814: Application time: 2.6331656 seconds
2024-10-05T18:49:56.013+0300: 1046.814: [GC (Allocation Failure) [PSYoungGen: 694226K->832K(695296K)] 731996K->38610K(2093568K), 0.0008446 secs] [Times: user=0.00 sys=0.00, real=0.00 secs] 
2024-10-05T18:49:56.013+0300: 1046.815: Total time for which application threads were stopped: 0.0011357 seconds, Stopping threads took: 0.0001628 seconds
2024-10-05T18:49:58.633+0300: 1049.431: Application time: 2.6165960 seconds
2024-10-05T18:49:58.633+0300: 1049.431: [GC (Allocation Failure) [PSYoungGen: 692262K->1888K(695296K)] 730041K->39682K(2093568K), 0.0008081 secs] [Times: user=0.00 sys=0.00, real=0.00 secs] 
2024-10-05T18:49:58.633+0300: 1049.432: Total time for which application threads were stopped: 0.0010329 seconds, Stopping threads took: 0.0001308 seconds
2024-10-05T18:50:01.270+0300: 1052.069: Application time: 2.6365487 seconds
2024-10-05T18:50:01.270+0300: 1052.069: [GC (Allocation Failure) [PSYoungGen: 693307K->1360K(695296K)] 731101K->39162K(2093568K), 0.0006998 secs] [Times: user=0.00 sys=0.00, real=0.00 secs] 
2024-10-05T18:50:01.270+0300: 1052.070: Total time for which application threads were stopped: 0.0009454 seconds, Stopping threads took: 0.0001337 seconds
2024-10-05T18:50:03.890+0300: 1054.687: Application time: 2.6176712 seconds
2024-10-05T18:50:03.890+0300: 1054.688: [GC (Allocation Failure) [PSYoungGen: 692761K->1888K(695296K)] 730563K->39698K(2093568K), 0.0007945 secs] [Times: user=0.00 sys=0.00, real=0.00 secs] 
2024-10-05T18:50:03.890+0300: 1054.689: Total time for which application threads were stopped: 0.0010176 seconds, Stopping threads took: 0.0000945 seconds
2024-10-05T18:50:06.526+0300: 1057.319: Application time: 2.6303275 seconds
2024-10-05T18:50:06.526+0300: 1057.319: [GC (Allocation Failure) [PSYoungGen: 693575K->1312K(695296K)] 731386K->39130K(2093568K), 0.0007613 secs] [Times: user=0.00 sys=0.00, real=0.00 secs] 
2024-10-05T18:50:06.526+0300: 1057.320: Total time for which application threads were stopped: 0.0010571 seconds, Stopping threads took: 0.0001678 seconds
2024-10-05T18:50:09.146+0300: 1059.948: Application time: 2.6284924 seconds
2024-10-05T18:50:09.146+0300: 1059.949: [GC (Allocation Failure) [PSYoungGen: 693024K->1856K(695808K)] 730842K->39682K(2094080K), 0.0008951 secs] [Times: user=0.00 sys=0.00, real=0.00 secs] 
2024-10-05T18:50:09.146+0300: 1059.950: Total time for which application threads were stopped: 0.0011937 seconds, Stopping threads took: 0.0001608 seconds
2024-10-05T18:50:11.783+0300: 1062.577: Application time: 2.6278133 seconds
2024-10-05T18:50:11.783+0300: 1062.578: [GC (Allocation Failure) [PSYoungGen: 693577K->1344K(695296K)] 731403K->39178K(2093568K), 0.0008023 secs] [Times: user=0.00 sys=0.00, real=0.00 secs] 
2024-10-05T18:50:11.783+0300: 1062.579: Total time for which application threads were stopped: 0.0011118 seconds, Stopping threads took: 0.0001785 seconds
2024-10-05T18:50:14.433+0300: 1065.224: Application time: 2.6452445 seconds
2024-10-05T18:50:14.433+0300: 1065.224: [GC (Allocation Failure) [PSYoungGen: 693265K->1312K(695808K)] 731099K->39154K(2094080K), 0.0009486 secs] [Times: user=0.00 sys=0.00, real=0.00 secs] 
2024-10-05T18:50:14.433+0300: 1065.225: Total time for which application threads were stopped: 0.0012739 seconds, Stopping threads took: 0.0001798 seconds
2024-10-05T18:50:17.085+0300: 1067.874: Application time: 2.6494300 seconds
2024-10-05T18:50:17.085+0300: 1067.875: [GC (Allocation Failure) [PSYoungGen: 693568K->800K(695808K)] 731410K->38658K(2094080K), 0.0009297 secs] [Times: user=0.00 sys=0.00, real=0.00 secs] 
2024-10-05T18:50:17.085+0300: 1067.876: Total time for which application threads were stopped: 0.0012060 seconds, Stopping threads took: 0.0001435 seconds
2024-10-05T18:50:19.720+0300: 1070.512: Application time: 2.6363034 seconds
2024-10-05T18:50:19.720+0300: 1070.512: [GC (Allocation Failure) [PSYoungGen: 693295K->1856K(695808K)] 731153K->39722K(2094080K), 0.0008777 secs] [Times: user=0.00 sys=0.00, real=0.00 secs] 
2024-10-05T18:50:19.720+0300: 1070.513: Total time for which application threads were stopped: 0.0011790 seconds, Stopping threads took: 0.0001430 seconds
2024-10-05T18:50:22.364+0300: 1073.155: Application time: 2.6415736 seconds
2024-10-05T18:50:22.364+0300: 1073.155: [GC (Allocation Failure) [PSYoungGen: 694351K->816K(695808K)] 732217K->38690K(2094080K), 0.0008361 secs] [Times: user=0.00 sys=0.00, real=0.00 secs] 
2024-10-05T18:50:22.364+0300: 1073.156: Total time for which application threads were stopped: 0.0010828 seconds, Stopping threads took: 0.0001130 seconds
2024-10-05T18:50:24.994+0300: 1075.791: Application time: 2.6355702 seconds
2024-10-05T18:50:24.994+0300: 1075.792: [GC (Allocation Failure) [PSYoungGen: 693314K->1856K(695808K)] 731188K->39738K(2094080K), 0.0008143 secs] [Times: user=0.00 sys=0.00, real=0.00 secs] 
2024-10-05T18:50:24.994+0300: 1075.793: Total time for which application threads were stopped: 0.0011147 seconds, Stopping threads took: 0.0001492 seconds
2024-10-05T18:50:27.646+0300: 1078.436: Application time: 2.6435211 seconds
2024-10-05T18:50:27.646+0300: 1078.436: [GC (Allocation Failure) [PSYoungGen: 694360K->272K(695808K)] 732242K->38162K(2094080K), 0.0005869 secs] [Times: user=0.00 sys=0.00, real=0.00 secs] 
2024-10-05T18:50:27.646+0300: 1078.437: Total time for which application threads were stopped: 0.0008051 seconds, Stopping threads took: 0.0001122 seconds
2024-10-05T18:50:30.282+0300: 1081.079: Application time: 2.6421369 seconds
2024-10-05T18:50:30.282+0300: 1081.079: [GC (Allocation Failure) [PSYoungGen: 692510K->1888K(695808K)] 730400K->39786K(2094080K), 0.0006767 secs] [Times: user=0.00 sys=0.00, real=0.00 secs] 
2024-10-05T18:50:30.282+0300: 1081.080: Total time for which application threads were stopped: 0.0009210 seconds, Stopping threads took: 0.0001490 seconds
2024-10-05T18:50:32.918+0300: 1083.714: Application time: 2.6344613 seconds
2024-10-05T18:50:32.918+0300: 1083.715: [GC (Allocation Failure) [PSYoungGen: 694399K->1360K(695808K)] 732297K->39266K(2094080K), 0.0007007 secs] [Times: user=0.00 sys=0.00, real=0.00 secs] 
2024-10-05T18:50:32.918+0300: 1083.715: Total time for which application threads were stopped: 0.0010041 seconds, Stopping threads took: 0.0001906 seconds
2024-10-05T18:50:35.555+0300: 1086.345: Application time: 2.6293690 seconds
2024-10-05T18:50:35.555+0300: 1086.345: [GC (Allocation Failure) [PSYoungGen: 694096K->1872K(695808K)] 732002K->39786K(2094080K), 0.0007967 secs] [Times: user=0.00 sys=0.00, real=0.00 secs] 
2024-10-05T18:50:35.555+0300: 1086.346: Total time for which application threads were stopped: 0.0010407 seconds, Stopping threads took: 0.0001178 seconds
2024-10-05T18:50:38.191+0300: 1088.987: Application time: 2.6408697 seconds
2024-10-05T18:50:38.191+0300: 1088.987: [GC (Allocation Failure) [PSYoungGen: 694403K->784K(695808K)] 732317K->38706K(2094080K), 0.0010571 secs] [Times: user=0.00 sys=0.00, real=0.00 secs] 
2024-10-05T18:50:38.191+0300: 1088.988: Total time for which application threads were stopped: 0.0013705 seconds, Stopping threads took: 0.0001398 seconds
2024-10-05T18:50:40.827+0300: 1091.618: Application time: 2.6295536 seconds
2024-10-05T18:50:40.827+0300: 1091.618: [GC (Allocation Failure) [PSYoungGen: 693012K->832K(695808K)] 730935K->38762K(2094080K), 0.0005588 secs] [Times: user=0.00 sys=0.00, real=0.00 secs] 
2024-10-05T18:50:40.827+0300: 1091.618: Total time for which application threads were stopped: 0.0008261 seconds, Stopping threads took: 0.0001727 seconds
2024-10-05T18:50:43.446+0300: 1094.249: Application time: 2.6306328 seconds
2024-10-05T18:50:43.446+0300: 1094.249: [GC (Allocation Failure) [PSYoungGen: 693336K->2880K(695808K)] 731266K->40818K(2094080K), 0.0012495 secs] [Times: user=0.00 sys=0.00, real=0.02 secs] 
2024-10-05T18:50:43.462+0300: 1094.251: Total time for which application threads were stopped: 0.0015575 seconds, Stopping threads took: 0.0001244 seconds
2024-10-05T18:50:46.082+0300: 1096.880: Application time: 2.6292638 seconds
2024-10-05T18:50:46.082+0300: 1096.880: [GC (Allocation Failure) [PSYoungGen: 695104K->1856K(694784K)] 733042K->39802K(2093056K), 0.0007766 secs] [Times: user=0.00 sys=0.00, real=0.00 secs] 
2024-10-05T18:50:46.082+0300: 1096.881: Total time for which application threads were stopped: 0.0009994 seconds, Stopping threads took: 0.0001186 seconds
2024-10-05T18:50:48.702+0300: 1099.502: Application time: 2.6210507 seconds
2024-10-05T18:50:48.702+0300: 1099.502: [GC (Allocation Failure) [PSYoungGen: 693262K->1856K(695296K)] 731208K->39818K(2093568K), 0.0007426 secs] [Times: user=0.00 sys=0.00, real=0.00 secs] 
2024-10-05T18:50:48.702+0300: 1099.503: Total time for which application threads were stopped: 0.0009408 seconds, Stopping threads took: 0.0000685 seconds
2024-10-05T18:50:51.338+0300: 1102.133: Application time: 2.6302637 seconds
2024-10-05T18:50:51.338+0300: 1102.133: [GC (Allocation Failure) [PSYoungGen: 693499K->1872K(695296K)] 731461K->39842K(2093568K), 0.0008161 secs] [Times: user=0.00 sys=0.00, real=0.00 secs] 
2024-10-05T18:50:51.338+0300: 1102.134: Total time for which application threads were stopped: 0.0011630 seconds, Stopping threads took: 0.0002256 seconds
2024-10-05T18:50:53.975+0300: 1104.767: Application time: 2.6324852 seconds
2024-10-05T18:50:53.975+0300: 1104.767: [GC (Allocation Failure) [PSYoungGen: 693292K->1840K(695296K)] 731262K->39818K(2093568K), 0.0008268 secs] [Times: user=0.00 sys=0.00, real=0.00 secs] 
2024-10-05T18:50:53.975+0300: 1104.768: Total time for which application threads were stopped: 0.0011345 seconds, Stopping threads took: 0.0001463 seconds
2024-10-05T18:50:56.595+0300: 1107.394: Application time: 2.6261574 seconds
2024-10-05T18:50:56.595+0300: 1107.394: [GC (Allocation Failure) [PSYoungGen: 693506K->768K(695808K)] 731484K->38770K(2094080K), 0.0007385 secs] [Times: user=0.00 sys=0.00, real=0.00 secs] 
2024-10-05T18:50:56.595+0300: 1107.395: Total time for which application threads were stopped: 0.0011038 seconds, Stopping threads took: 0.0002639 seconds
2024-10-05T18:50:59.247+0300: 1110.036: Application time: 2.6412533 seconds
2024-10-05T18:50:59.247+0300: 1110.037: [GC (Allocation Failure) [PSYoungGen: 693261K->304K(693248K)] 731263K->38314K(2091520K), 0.0006560 secs] [Times: user=0.00 sys=0.00, real=0.00 secs] 
2024-10-05T18:50:59.247+0300: 1110.037: Total time for which application threads were stopped: 0.0009101 seconds, Stopping threads took: 0.0001559 seconds
2024-10-05T18:51:01.883+0300: 1112.678: Application time: 2.6410170 seconds
2024-10-05T18:51:01.883+0300: 1112.679: [GC (Allocation Failure) [PSYoungGen: 692793K->800K(695808K)] 730803K->38818K(2094080K), 0.0006469 secs] [Times: user=0.00 sys=0.00, real=0.00 secs] 
2024-10-05T18:51:01.883+0300: 1112.679: Total time for which application threads were stopped: 0.0009944 seconds, Stopping threads took: 0.0002439 seconds
2024-10-05T18:51:04.504+0300: 1115.308: Application time: 2.6285723 seconds
2024-10-05T18:51:04.504+0300: 1115.308: [GC (Allocation Failure) [PSYoungGen: 692776K->848K(695296K)] 730794K->38874K(2093568K), 0.0007819 secs] [Times: user=0.02 sys=0.00, real=0.02 secs] 
2024-10-05T18:51:04.520+0300: 1115.309: Total time for which application threads were stopped: 0.0010798 seconds, Stopping threads took: 0.0001801 seconds
2024-10-05T18:51:07.141+0300: 1117.942: Application time: 2.6325153 seconds
2024-10-05T18:51:07.141+0300: 1117.942: [GC (Allocation Failure) [PSYoungGen: 693052K->1344K(695808K)] 731078K->39394K(2094080K), 0.0007165 secs] [Times: user=0.00 sys=0.00, real=0.00 secs] 
2024-10-05T18:51:07.141+0300: 1117.943: Total time for which application threads were stopped: 0.0010167 seconds, Stopping threads took: 0.0002074 seconds
2024-10-05T18:51:09.777+0300: 1120.570: Application time: 2.6278252 seconds
2024-10-05T18:51:09.777+0300: 1120.571: [GC (Allocation Failure) [PSYoungGen: 693602K->1856K(695808K)] 731652K->39914K(2094080K), 0.0007723 secs] [Times: user=0.00 sys=0.00, real=0.00 secs] 
2024-10-05T18:51:09.777+0300: 1120.571: Total time for which application threads were stopped: 0.0010718 seconds, Stopping threads took: 0.0001745 seconds
2024-10-05T18:51:12.397+0300: 1123.201: Application time: 2.6295237 seconds
2024-10-05T18:51:12.397+0300: 1123.201: [GC (Allocation Failure) [PSYoungGen: 694115K->2848K(694784K)] 732173K->40922K(2093056K), 0.0013961 secs] [Times: user=0.01 sys=0.00, real=0.02 secs] 
2024-10-05T18:51:12.413+0300: 1123.203: Total time for which application threads were stopped: 0.0017042 seconds, Stopping threads took: 0.0001600 seconds
2024-10-05T18:51:15.033+0300: 1125.837: Application time: 2.6343333 seconds
2024-10-05T18:51:15.049+0300: 1125.837: [GC (Allocation Failure) [PSYoungGen: 694306K->1856K(695296K)] 732380K->39938K(2093568K), 0.0007384 secs] [Times: user=0.00 sys=0.00, real=0.00 secs] 
2024-10-05T18:51:15.049+0300: 1125.838: Total time for which application threads were stopped: 0.0010198 seconds, Stopping threads took: 0.0001680 seconds
2024-10-05T18:51:17.669+0300: 1128.458: Application time: 2.6202040 seconds
2024-10-05T18:51:17.669+0300: 1128.458: [GC (Allocation Failure) [PSYoungGen: 693067K->1328K(695296K)] 731150K->39426K(2093568K), 0.0007900 secs] [Times: user=0.00 sys=0.00, real=0.00 secs] 
2024-10-05T18:51:17.669+0300: 1128.459: Total time for which application threads were stopped: 0.0010461 seconds, Stopping threads took: 0.0001232 seconds
2024-10-05T18:51:20.288+0300: 1131.090: Application time: 2.6306217 seconds
2024-10-05T18:51:20.288+0300: 1131.090: [GC (Allocation Failure) [PSYoungGen: 692764K->1856K(695296K)] 730862K->39962K(2093568K), 0.0008082 secs] [Times: user=0.00 sys=0.00, real=0.00 secs] 
2024-10-05T18:51:20.288+0300: 1131.091: Total time for which application threads were stopped: 0.0010632 seconds, Stopping threads took: 0.0001502 seconds
2024-10-05T18:51:22.925+0300: 1133.715: Application time: 2.6241600 seconds
2024-10-05T18:51:22.925+0300: 1133.715: [GC (Allocation Failure) [PSYoungGen: 693568K->272K(694784K)] 731674K->38386K(2093056K), 0.0006519 secs] [Times: user=0.00 sys=0.00, real=0.00 secs] 
2024-10-05T18:51:22.925+0300: 1133.716: Total time for which application threads were stopped: 0.0008721 seconds, Stopping threads took: 0.0000983 seconds
2024-10-05T18:51:25.546+0300: 1136.341: Application time: 2.6245228 seconds
2024-10-05T18:51:25.546+0300: 1136.341: [GC (Allocation Failure) [PSYoungGen: 691732K->1296K(695296K)] 729847K->39434K(2093568K), 0.0007467 secs] [Times: user=0.00 sys=0.00, real=0.00 secs] 
2024-10-05T18:51:25.546+0300: 1136.342: Total time for which application threads were stopped: 0.0010411 seconds, Stopping threads took: 0.0001967 seconds
2024-10-05T18:51:28.165+0300: 1138.968: Application time: 2.6259720 seconds
2024-10-05T18:51:28.165+0300: 1138.968: [GC (Allocation Failure) [PSYoungGen: 693008K->1328K(695808K)] 731146K->39474K(2094080K), 0.0007472 secs] [Times: user=0.00 sys=0.00, real=0.00 secs] 
2024-10-05T18:51:28.165+0300: 1138.969: Total time for which application threads were stopped: 0.0010083 seconds, Stopping threads took: 0.0001342 seconds
2024-10-05T18:51:30.803+0300: 1141.596: Application time: 2.6276596 seconds
2024-10-05T18:51:30.803+0300: 1141.597: [GC (Allocation Failure) [PSYoungGen: 694063K->1856K(695808K)] 732210K->40010K(2094080K), 0.0008746 secs] [Times: user=0.00 sys=0.00, real=0.00 secs] 
2024-10-05T18:51:30.803+0300: 1141.597: Total time for which application threads were stopped: 0.0011623 seconds, Stopping threads took: 0.0001469 seconds
2024-10-05T18:51:33.439+0300: 1144.234: Application time: 2.6369310 seconds
2024-10-05T18:51:33.439+0300: 1144.235: [GC (Allocation Failure) [PSYoungGen: 694329K->1856K(695808K)] 732483K->40018K(2094080K), 0.0008038 secs] [Times: user=0.00 sys=0.00, real=0.00 secs] 
2024-10-05T18:51:33.439+0300: 1144.235: Total time for which application threads were stopped: 0.0010633 seconds, Stopping threads took: 0.0001472 seconds
2024-10-05T18:51:36.091+0300: 1146.895: Application time: 2.6593627 seconds
2024-10-05T18:51:36.106+0300: 1146.895: [GC (Allocation Failure) [PSYoungGen: 694327K->1344K(695808K)] 732489K->39514K(2094080K), 0.0008479 secs] [Times: user=0.00 sys=0.00, real=0.00 secs] 
2024-10-05T18:51:36.106+0300: 1146.896: Total time for which application threads were stopped: 0.0011124 seconds, Stopping threads took: 0.0000753 seconds
2024-10-05T18:51:38.726+0300: 1149.528: Application time: 2.6319892 seconds
2024-10-05T18:51:38.726+0300: 1149.528: [GC (Allocation Failure) [PSYoungGen: 693844K->1888K(695808K)] 732014K->40074K(2094080K), 0.0011061 secs] [Times: user=0.00 sys=0.00, real=0.00 secs] 
2024-10-05T18:51:38.726+0300: 1149.529: Total time for which application threads were stopped: 0.0013988 seconds, Stopping threads took: 0.0001288 seconds
2024-10-05T18:51:41.378+0300: 1152.172: Application time: 2.6430786 seconds
2024-10-05T18:51:41.378+0300: 1152.173: [GC (Allocation Failure) [PSYoungGen: 694341K->1872K(695808K)] 732527K->40066K(2094080K), 0.0008568 secs] [Times: user=0.00 sys=0.00, real=0.00 secs] 
2024-10-05T18:51:41.378+0300: 1152.174: Total time for which application threads were stopped: 0.0012317 seconds, Stopping threads took: 0.0001565 seconds
2024-10-05T18:51:44.013+0300: 1154.815: Application time: 2.6412757 seconds
2024-10-05T18:51:44.013+0300: 1154.815: [GC (Allocation Failure) [PSYoungGen: 694116K->1872K(695808K)] 732310K->40074K(2094080K), 0.0008998 secs] [Times: user=0.00 sys=0.00, real=0.00 secs] 
2024-10-05T18:51:44.013+0300: 1154.816: Total time for which application threads were stopped: 0.0011575 seconds, Stopping threads took: 0.0001352 seconds
2024-10-05T18:51:46.665+0300: 1157.454: Application time: 2.6375268 seconds
2024-10-05T18:51:46.665+0300: 1157.454: [GC (Allocation Failure) [PSYoungGen: 694608K->320K(695808K)] 732810K->38538K(2094080K), 0.0006896 secs] [Times: user=0.00 sys=0.00, real=0.00 secs] 
2024-10-05T18:51:46.665+0300: 1157.455: Total time for which application threads were stopped: 0.0009463 seconds, Stopping threads took: 0.0001396 seconds
2024-10-05T18:51:49.301+0300: 1160.092: Application time: 2.6377425 seconds
2024-10-05T18:51:49.301+0300: 1160.092: [GC (Allocation Failure) [PSYoungGen: 692575K->1856K(695808K)] 730793K->40082K(2094080K), 0.0010055 secs] [Times: user=0.00 sys=0.00, real=0.00 secs] 
2024-10-05T18:51:49.301+0300: 1160.094: Total time for which application threads were stopped: 0.0012643 seconds, Stopping threads took: 0.0001199 seconds
2024-10-05T18:51:51.936+0300: 1162.730: Application time: 2.6368966 seconds
2024-10-05T18:51:51.936+0300: 1162.731: [GC (Allocation Failure) [PSYoungGen: 694565K->1872K(695808K)] 732791K->40114K(2094080K), 0.0008166 secs] [Times: user=0.00 sys=0.00, real=0.00 secs] 
2024-10-05T18:51:51.936+0300: 1162.732: Total time for which application threads were stopped: 0.0010525 seconds, Stopping threads took: 0.0000901 seconds
2024-10-05T18:51:54.557+0300: 1165.358: Application time: 2.6262009 seconds
2024-10-05T18:51:54.557+0300: 1165.358: [GC (Allocation Failure) [PSYoungGen: 694111K->2400K(695808K)] 732353K->40650K(2094080K), 0.0007966 secs] [Times: user=0.00 sys=0.00, real=0.00 secs] 
2024-10-05T18:51:54.557+0300: 1165.359: Total time for which application threads were stopped: 0.0010871 seconds, Stopping threads took: 0.0001922 seconds
2024-10-05T18:51:57.200+0300: 1167.993: Application time: 2.6340585 seconds
2024-10-05T18:51:57.200+0300: 1167.993: [GC (Allocation Failure) [PSYoungGen: 695136K->1328K(695808K)] 733386K->39594K(2094080K), 0.0010526 secs] [Times: user=0.00 sys=0.00, real=0.00 secs] 
2024-10-05T18:51:57.200+0300: 1167.994: Total time for which application threads were stopped: 0.0012749 seconds, Stopping threads took: 0.0000700 seconds
2024-10-05T18:51:59.829+0300: 1170.625: Application time: 2.6311412 seconds
2024-10-05T18:51:59.829+0300: 1170.625: [GC (Allocation Failure) [PSYoungGen: 693577K->832K(695808K)] 731843K->39106K(2094080K), 0.0007185 secs] [Times: user=0.00 sys=0.00, real=0.00 secs] 
2024-10-05T18:51:59.829+0300: 1170.626: Total time for which application threads were stopped: 0.0009722 seconds, Stopping threads took: 0.0001518 seconds
2024-10-05T18:52:02.464+0300: 1173.264: Application time: 2.6375850 seconds
2024-10-05T18:52:02.464+0300: 1173.264: [GC (Allocation Failure) [PSYoungGen: 693568K->800K(695808K)] 731842K->39082K(2094080K), 0.0006279 secs] [Times: user=0.02 sys=0.00, real=0.00 secs] 
2024-10-05T18:52:02.464+0300: 1173.265: Total time for which application threads were stopped: 0.0008838 seconds, Stopping threads took: 0.0001530 seconds
2024-10-05T18:52:05.114+0300: 1175.904: Application time: 2.6397366 seconds
2024-10-05T18:52:05.114+0300: 1175.905: [GC (Allocation Failure) [PSYoungGen: 693058K->2368K(694784K)] 731340K->40658K(2093056K), 0.0009407 secs] [Times: user=0.00 sys=0.00, real=0.00 secs] 
2024-10-05T18:52:05.114+0300: 1175.906: Total time for which application threads were stopped: 0.0012148 seconds, Stopping threads took: 0.0001426 seconds
2024-10-05T18:52:07.723+0300: 1178.523: Application time: 2.6171943 seconds
2024-10-05T18:52:07.723+0300: 1178.523: [GC (Allocation Failure) [PSYoungGen: 694080K->1328K(695296K)] 732370K->39626K(2093568K), 0.0007063 secs] [Times: user=0.00 sys=0.00, real=0.00 secs] 
2024-10-05T18:52:07.723+0300: 1178.524: Total time for which application threads were stopped: 0.0009914 seconds, Stopping threads took: 0.0001704 seconds
2024-10-05T18:52:10.358+0300: 1181.153: Application time: 2.6295406 seconds
2024-10-05T18:52:10.358+0300: 1181.154: [GC (Allocation Failure) [PSYoungGen: 692752K->1296K(695808K)] 731050K->39602K(2094080K), 0.0006811 secs] [Times: user=0.00 sys=0.00, real=0.00 secs] 
2024-10-05T18:52:10.358+0300: 1181.154: Total time for which application threads were stopped: 0.0009347 seconds, Stopping threads took: 0.0001545 seconds
2024-10-05T18:52:12.993+0300: 1183.791: Application time: 2.6367906 seconds
2024-10-05T18:52:12.993+0300: 1183.791: [GC (Allocation Failure) [PSYoungGen: 694032K->752K(695808K)] 732338K->39066K(2094080K), 0.0006359 secs] [Times: user=0.00 sys=0.00, real=0.00 secs] 
2024-10-05T18:52:12.993+0300: 1183.792: Total time for which application threads were stopped: 0.0008115 seconds, Stopping threads took: 0.0000707 seconds
2024-10-05T18:52:15.629+0300: 1186.421: Application time: 2.6294988 seconds
2024-10-05T18:52:15.629+0300: 1186.422: [GC (Allocation Failure) [PSYoungGen: 693020K->832K(695808K)] 731334K->39154K(2094080K), 0.0006417 secs] [Times: user=0.00 sys=0.00, real=0.00 secs] 
2024-10-05T18:52:15.629+0300: 1186.422: Total time for which application threads were stopped: 0.0009004 seconds, Stopping threads took: 0.0001560 seconds
2024-10-05T18:52:18.250+0300: 1189.053: Application time: 2.6308829 seconds
2024-10-05T18:52:18.250+0300: 1189.054: [GC (Allocation Failure) [PSYoungGen: 693568K->1328K(695808K)] 731890K->39658K(2094080K), 0.0007962 secs] [Times: user=0.00 sys=0.00, real=0.02 secs] 
2024-10-05T18:52:18.266+0300: 1189.054: Total time for which application threads were stopped: 0.0011530 seconds, Stopping threads took: 0.0001877 seconds
2024-10-05T18:52:20.901+0300: 1191.691: Application time: 2.6361169 seconds
2024-10-05T18:52:20.901+0300: 1191.691: [GC (Allocation Failure) [PSYoungGen: 693602K->1312K(695808K)] 731932K->39650K(2094080K), 0.0008108 secs] [Times: user=0.00 sys=0.00, real=0.00 secs] 
2024-10-05T18:52:20.901+0300: 1191.692: Total time for which application threads were stopped: 0.0010744 seconds, Stopping threads took: 0.0001309 seconds
2024-10-05T18:52:23.522+0300: 1194.314: Application time: 2.6228364 seconds
2024-10-05T18:52:23.522+0300: 1194.315: [GC (Allocation Failure) [PSYoungGen: 694024K->2336K(695808K)] 732362K->40690K(2094080K), 0.0009800 secs] [Times: user=0.00 sys=0.00, real=0.00 secs] 
2024-10-05T18:52:23.522+0300: 1194.316: Total time for which application threads were stopped: 0.0012371 seconds, Stopping threads took: 0.0001216 seconds
2024-10-05T18:52:26.158+0300: 1196.950: Application time: 2.6338972 seconds
2024-10-05T18:52:26.158+0300: 1196.950: [GC (Allocation Failure) [PSYoungGen: 694815K->1872K(695808K)] 733169K->40234K(2094080K), 0.0008820 secs] [Times: user=0.00 sys=0.00, real=0.00 secs] 
2024-10-05T18:52:26.158+0300: 1196.951: Total time for which application threads were stopped: 0.0011747 seconds, Stopping threads took: 0.0001544 seconds
2024-10-05T18:52:28.778+0300: 1199.578: Application time: 2.6269416 seconds
2024-10-05T18:52:28.778+0300: 1199.578: [GC (Allocation Failure) [PSYoungGen: 694096K->2384K(695808K)] 732459K->40754K(2094080K), 0.0008848 secs] [Times: user=0.00 sys=0.00, real=0.00 secs] 
2024-10-05T18:52:28.778+0300: 1199.579: Total time for which application threads were stopped: 0.0011595 seconds, Stopping threads took: 0.0001579 seconds
2024-10-05T18:52:31.414+0300: 1202.218: Application time: 2.6391007 seconds
2024-10-05T18:52:31.414+0300: 1202.218: [GC (Allocation Failure) [PSYoungGen: 694675K->768K(695808K)] 733045K->39146K(2094080K), 0.0008074 secs] [Times: user=0.02 sys=0.00, real=0.02 secs] 
2024-10-05T18:52:31.430+0300: 1202.219: Total time for which application threads were stopped: 0.0010716 seconds, Stopping threads took: 0.0001301 seconds
2024-10-05T18:52:34.051+0300: 1204.847: Application time: 2.6275118 seconds
2024-10-05T18:52:34.051+0300: 1204.847: [GC (Allocation Failure) [PSYoungGen: 693504K->1856K(695808K)] 731882K->40250K(2094080K), 0.0008267 secs] [Times: user=0.00 sys=0.00, real=0.00 secs] 
2024-10-05T18:52:34.051+0300: 1204.848: Total time for which application threads were stopped: 0.0010639 seconds, Stopping threads took: 0.0001121 seconds
2024-10-05T18:52:36.689+0300: 1207.478: Application time: 2.6302518 seconds
2024-10-05T18:52:36.689+0300: 1207.478: [GC (Allocation Failure) [PSYoungGen: 694136K->1888K(695808K)] 732530K->40290K(2094080K), 0.0008526 secs] [Times: user=0.00 sys=0.00, real=0.00 secs] 
2024-10-05T18:52:36.689+0300: 1207.479: Total time for which application threads were stopped: 0.0011575 seconds, Stopping threads took: 0.0001875 seconds
2024-10-05T18:52:39.309+0300: 1210.113: Application time: 2.6335981 seconds
2024-10-05T18:52:39.309+0300: 1210.113: [GC (Allocation Failure) [PSYoungGen: 694580K->1328K(695808K)] 732982K->39746K(2094080K), 0.0008811 secs] [Times: user=0.02 sys=0.00, real=0.01 secs] 
2024-10-05T18:52:39.324+0300: 1210.116: Total time for which application threads were stopped: 0.0029896 seconds, Stopping threads took: 0.0001889 seconds
2024-10-05T18:52:41.960+0300: 1212.751: Application time: 2.6349568 seconds
2024-10-05T18:52:41.960+0300: 1212.751: [GC (Allocation Failure) [PSYoungGen: 693559K->784K(695808K)] 731977K->39234K(2094080K), 0.0007974 secs] [Times: user=0.00 sys=0.00, real=0.00 secs] 
2024-10-05T18:52:41.960+0300: 1212.752: Total time for which application threads were stopped: 0.0010523 seconds, Stopping threads took: 0.0001136 seconds
2024-10-05T18:52:44.564+0300: 1215.362: Application time: 2.6102314 seconds
2024-10-05T18:52:44.564+0300: 1215.362: [GC (Allocation Failure) [PSYoungGen: 693482K->1344K(695808K)] 731933K->39810K(2094080K), 0.0007298 secs] [Times: user=0.00 sys=0.00, real=0.00 secs] 
2024-10-05T18:52:44.564+0300: 1215.363: Total time for which application threads were stopped: 0.0010218 seconds, Stopping threads took: 0.0001794 seconds
2024-10-05T18:52:47.201+0300: 1218.000: Application time: 2.6366947 seconds
2024-10-05T18:52:47.201+0300: 1218.000: [GC (Allocation Failure) [PSYoungGen: 693578K->1344K(695808K)] 732044K->39834K(2094080K), 0.0007296 secs] [Times: user=0.00 sys=0.00, real=0.00 secs] 
2024-10-05T18:52:47.201+0300: 1218.001: Total time for which application threads were stopped: 0.0009650 seconds, Stopping threads took: 0.0001344 seconds
2024-10-05T18:52:49.852+0300: 1220.653: Application time: 2.6524212 seconds
2024-10-05T18:52:49.852+0300: 1220.653: [GC (Allocation Failure) [PSYoungGen: 693757K->1872K(695808K)] 732247K->40370K(2094080K), 0.0007912 secs] [Times: user=0.00 sys=0.00, real=0.00 secs] 
2024-10-05T18:52:49.852+0300: 1220.654: Total time for which application threads were stopped: 0.0009943 seconds, Stopping threads took: 0.0000942 seconds
2024-10-05T18:52:51.907+0300: 1222.696: Application time: 2.0416487 seconds
2024-10-05T18:52:51.907+0300: 1222.696: Total time for which application threads were stopped: 0.0003904 seconds, Stopping threads took: 0.0003425 seconds
2024-10-05T18:52:52.126+0300: 1222.922: Application time: 0.2256232 seconds
2024-10-05T18:52:52.126+0300: 1222.922: Total time for which application threads were stopped: 0.0001520 seconds, Stopping threads took: 0.0001078 seconds
2024-10-05T18:52:52.596+0300: 1223.386: Application time: 0.4645449 seconds
2024-10-05T18:52:52.596+0300: 1223.387: Total time for which application threads were stopped: 0.0001605 seconds, Stopping threads took: 0.0000291 seconds
2024-10-05T18:52:52.628+0300: 1223.429: Application time: 0.0425245 seconds
2024-10-05T18:52:52.628+0300: 1223.429: Total time for which application threads were stopped: 0.0000563 seconds, Stopping threads took: 0.0000242 seconds
2024-10-05T18:52:52.690+0300: 1223.485: Application time: 0.0558454 seconds
2024-10-05T18:52:52.690+0300: 1223.485: Total time for which application threads were stopped: 0.0002222 seconds, Stopping threads took: 0.0000418 seconds
2024-10-05T18:52:52.738+0300: 1223.534: Application time: 0.0491728 seconds
2024-10-05T18:52:52.738+0300: 1223.535: Total time for which application threads were stopped: 0.0002174 seconds, Stopping threads took: 0.0000389 seconds
2024-10-05T18:52:52.769+0300: 1223.560: Application time: 0.0251137 seconds
2024-10-05T18:52:52.769+0300: 1223.560: Total time for which application threads were stopped: 0.0001148 seconds, Stopping threads took: 0.0000653 seconds
2024-10-05T18:52:52.785+0300: 1223.581: Application time: 0.0215540 seconds
2024-10-05T18:52:52.785+0300: 1223.581: Total time for which application threads were stopped: 0.0000895 seconds, Stopping threads took: 0.0000551 seconds
2024-10-05T18:52:52.894+0300: 1223.688: Application time: 0.1060622 seconds
2024-10-05T18:52:52.894+0300: 1223.688: Total time for which application threads were stopped: 0.0002675 seconds, Stopping threads took: 0.0000273 seconds
2024-10-05T18:52:52.906+0300: 1223.696: Application time: 0.0077876 seconds
2024-10-05T18:52:52.906+0300: 1223.696: Total time for which application threads were stopped: 0.0002971 seconds, Stopping threads took: 0.0000346 seconds
2024-10-05T18:52:52.906+0300: 1223.698: Application time: 0.0020036 seconds
2024-10-05T18:52:52.906+0300: 1223.698: Total time for which application threads were stopped: 0.0002320 seconds, Stopping threads took: 0.0000264 seconds
2024-10-05T18:52:53.193+0300: 1223.995: Application time: 0.2966282 seconds
2024-10-05T18:52:53.193+0300: 1223.995: Total time for which application threads were stopped: 0.0000923 seconds, Stopping threads took: 0.0000276 seconds
2024-10-05T18:52:53.899+0300: 1224.688: Application time: 0.6932597 seconds
2024-10-05T18:52:53.899+0300: 1224.688: Total time for which application threads were stopped: 0.0002546 seconds, Stopping threads took: 0.0001138 seconds
2024-10-05T18:52:53.899+0300: 1224.689: Application time: 0.0003543 seconds
2024-10-05T18:52:53.899+0300: 1224.689: Total time for which application threads were stopped: 0.0001031 seconds, Stopping threads took: 0.0000682 seconds
2024-10-05T18:52:53.899+0300: 1224.689: Application time: 0.0002601 seconds
2024-10-05T18:52:53.899+0300: 1224.689: Total time for which application threads were stopped: 0.0001272 seconds, Stopping threads took: 0.0001007 seconds
2024-10-05T18:52:54.136+0300: 1224.931: Application time: 0.2415743 seconds
2024-10-05T18:52:54.136+0300: 1224.931: [GC (Allocation Failure) [PSYoungGen: 694608K->3061K(683520K)] 733106K->57353K(2081792K), 0.0085623 secs] [Times: user=0.00 sys=0.00, real=0.00 secs] 
2024-10-05T18:52:54.136+0300: 1224.940: Total time for which application threads were stopped: 0.0087697 seconds, Stopping threads took: 0.0000353 seconds
2024-10-05T18:52:54.136+0300: 1224.940: Application time: 0.0003140 seconds
2024-10-05T18:52:54.136+0300: 1224.940: Total time for which application threads were stopped: 0.0001367 seconds, Stopping threads took: 0.0000989 seconds
2024-10-05T18:52:54.136+0300: 1224.940: Application time: 0.0000919 seconds
2024-10-05T18:52:54.152+0300: 1224.940: Total time for which application threads were stopped: 0.0000932 seconds, Stopping threads took: 0.0000693 seconds
2024-10-05T18:52:54.152+0300: 1224.940: Application time: 0.0001300 seconds
2024-10-05T18:52:54.152+0300: 1224.940: Total time for which application threads were stopped: 0.0000795 seconds, Stopping threads took: 0.0000504 seconds
2024-10-05T18:52:54.152+0300: 1224.941: Application time: 0.0000782 seconds
2024-10-05T18:52:54.152+0300: 1224.941: Total time for which application threads were stopped: 0.0001219 seconds, Stopping threads took: 0.0000983 seconds
2024-10-05T18:52:54.152+0300: 1224.941: Application time: 0.0002252 seconds
2024-10-05T18:52:54.152+0300: 1224.941: Total time for which application threads were stopped: 0.0001090 seconds, Stopping threads took: 0.0000641 seconds
2024-10-05T18:52:54.152+0300: 1224.941: Application time: 0.0001021 seconds
2024-10-05T18:52:54.152+0300: 1224.941: Total time for which application threads were stopped: 0.0000816 seconds, Stopping threads took: 0.0000561 seconds
2024-10-05T18:52:54.152+0300: 1224.941: Application time: 0.0000995 seconds
2024-10-05T18:52:54.152+0300: 1224.941: Total time for which application threads were stopped: 0.0000604 seconds, Stopping threads took: 0.0000396 seconds
2024-10-05T18:52:54.152+0300: 1224.941: Application time: 0.0000916 seconds
2024-10-05T18:52:54.152+0300: 1224.941: Total time for which application threads were stopped: 0.0000398 seconds, Stopping threads took: 0.0000198 seconds
2024-10-05T18:52:54.152+0300: 1224.942: Application time: 0.0001127 seconds
2024-10-05T18:52:54.152+0300: 1224.942: Total time for which application threads were stopped: 0.0000576 seconds, Stopping threads took: 0.0000387 seconds
2024-10-05T18:52:54.152+0300: 1224.942: Application time: 0.0001107 seconds
2024-10-05T18:52:54.152+0300: 1224.942: Total time for which application threads were stopped: 0.0000633 seconds, Stopping threads took: 0.0000433 seconds
2024-10-05T18:52:54.152+0300: 1224.942: Application time: 0.0001126 seconds
2024-10-05T18:52:54.152+0300: 1224.942: Total time for which application threads were stopped: 0.0000760 seconds, Stopping threads took: 0.0000519 seconds
2024-10-05T18:52:54.371+0300: 1225.161: Application time: 0.2189328 seconds
2024-10-05T18:52:54.371+0300: 1225.161: Total time for which application threads were stopped: 0.0001118 seconds, Stopping threads took: 0.0000342 seconds
2024-10-05T18:52:54.419+0300: 1225.222: Application time: 0.0609321 seconds
2024-10-05T18:52:54.419+0300: 1225.222: Total time for which application threads were stopped: 0.0000816 seconds, Stopping threads took: 0.0000330 seconds
2024-10-05T18:52:54.435+0300: 1225.225: Application time: 0.0029635 seconds
2024-10-05T18:52:54.435+0300: 1225.225: [GC (Allocation Failure) [PSYoungGen: 683509K->256K(689664K)] 737801K->56804K(2087936K), 0.0024241 secs] [Times: user=0.00 sys=0.00, real=0.00 secs] 
2024-10-05T18:52:54.435+0300: 1225.228: Total time for which application threads were stopped: 0.0025800 seconds, Stopping threads took: 0.0000304 seconds
2024-10-05T18:52:54.435+0300: 1225.228: Application time: 0.0001079 seconds
2024-10-05T18:52:54.435+0300: 1225.228: Total time for which application threads were stopped: 0.0001017 seconds, Stopping threads took: 0.0000791 seconds
2024-10-05T18:52:54.435+0300: 1225.228: Application time: 0.0002092 seconds
2024-10-05T18:52:54.435+0300: 1225.228: Total time for which application threads were stopped: 0.0003486 seconds, Stopping threads took: 0.0003312 seconds
2024-10-05T18:52:54.435+0300: 1225.228: Application time: 0.0000539 seconds
2024-10-05T18:52:54.435+0300: 1225.229: Total time for which application threads were stopped: 0.0000641 seconds, Stopping threads took: 0.0000479 seconds
2024-10-05T18:52:54.435+0300: 1225.229: Application time: 0.0000484 seconds
2024-10-05T18:52:54.435+0300: 1225.229: Total time for which application threads were stopped: 0.0000833 seconds, Stopping threads took: 0.0000622 seconds
2024-10-05T18:52:54.435+0300: 1225.229: Application time: 0.0000523 seconds
2024-10-05T18:52:54.435+0300: 1225.229: Total time for which application threads were stopped: 0.0000501 seconds, Stopping threads took: 0.0000334 seconds
2024-10-05T18:52:54.435+0300: 1225.239: Application time: 0.0098937 seconds
2024-10-05T18:52:54.435+0300: 1225.239: Total time for which application threads were stopped: 0.0000516 seconds, Stopping threads took: 0.0000298 seconds
Heap
 PSYoungGen      total 689664K, used 10917K [0x00000000d5580000, 0x0000000100000000, 0x0000000100000000)
  eden space 680448K, 1% used [0x00000000d5580000,0x00000000d5fe9520,0x00000000fee00000)
  from space 9216K, 2% used [0x00000000fee00000,0x00000000fee40000,0x00000000ff700000)
  to   space 9216K, 0% used [0x00000000ff700000,0x00000000ff700000,0x0000000100000000)
 ParOldGen       total 1398272K, used 56548K [0x0000000080000000, 0x00000000d5580000, 0x00000000d5580000)
  object space 1398272K, 4% used [0x0000000080000000,0x00000000837390e8,0x00000000d5580000)
 Metaspace       used 15888K, capacity 16068K, committed 16384K, reserved 1064960K
  class space    used 1647K, capacity 1718K, committed 1792K, reserved 1048576K
2024-10-05T18:52:54.544+0300: 1225.334: Application time: 0.0950167 seconds
