[0.031s][info][gc] Using Parallel
[0.031s][info][gc,heap,coops] Heap address: 0x0000000600000000, size: 8192 MB, Compressed Oops mode: Zero based, Oop shift amount: 3
[1.684s][info][gc,start     ] GC(0) Pause Young (Metadata GC Threshold)
[1.690s][info][gc,heap      ] GC(0) PSYoungGen: 209831K->7324K(2446848K)
[1.691s][info][gc,heap      ] GC(0) ParOldGen: 0K->88K(5592576K)
[1.691s][info][gc,metaspace ] GC(0) Metaspace: 20464K(21296K)->20464K(21296K) NonClass: 18448K(18944K)->18448K(18944K) Class: 2015K(2352K)->2015K(2352K)
[1.691s][info][gc           ] GC(0) Pause Young (Metadata GC Threshold) 204M->7M(7851M) 6.585ms
[1.691s][info][gc,cpu       ] GC(0) User=0.00s Sys=0.00s Real=0.01s
[1.693s][info][gc,start     ] GC(1) Pause Full (Metadata GC Threshold)
[1.693s][info][gc,phases,start] GC(1) Marking Phase
[1.699s][info][gc,phases      ] GC(1) Marking Phase 5.630ms
[1.699s][info][gc,phases,start] GC(1) Summary Phase
[1.699s][info][gc,phases      ] GC(1) Summary Phase 0.010ms
[1.699s][info][gc,phases,start] GC(1) Adjust Roots
[1.704s][info][gc,phases      ] GC(1) Adjust Roots 4.885ms
[1.704s][info][gc,phases,start] GC(1) Compaction Phase
[1.711s][info][gc,phases      ] GC(1) Compaction Phase 7.787ms
[1.711s][info][gc,phases,start] GC(1) Post Compact
[1.712s][info][gc,phases      ] GC(1) Post Compact 0.578ms
[1.712s][info][gc,heap        ] GC(1) PSYoungGen: 7324K->0K(2446848K)
[1.712s][info][gc,heap        ] GC(1) ParOldGen: 88K->7225K(5592576K)
[1.712s][info][gc,metaspace   ] GC(1) Metaspace: 20464K(21296K)->20464K(21296K) NonClass: 18448K(18944K)->18448K(18944K) Class: 2015K(2352K)->2015K(2352K)
[1.712s][info][gc             ] GC(1) Pause Full (Metadata GC Threshold) 7M->7M(7851M) 19.102ms
[1.712s][info][gc,cpu         ] GC(1) User=0.14s Sys=0.05s Real=0.02s
[2.952s][info][gc,start       ] GC(2) Pause Young (System.gc())
[2.956s][info][gc,heap        ] GC(2) PSYoungGen: 482463K->3168K(2446848K)
[2.956s][info][gc,heap        ] GC(2) ParOldGen: 7225K->7233K(5592576K)
[2.956s][info][gc,metaspace   ] GC(2) Metaspace: 24163K(25392K)->24163K(25392K) NonClass: 21731K(22528K)->21731K(22528K) Class: 2431K(2864K)->2431K(2864K)
[2.956s][info][gc             ] GC(2) Pause Young (System.gc()) 478M->10M(7851M) 3.254ms
[2.956s][info][gc,cpu         ] GC(2) User=0.00s Sys=0.00s Real=0.00s
[2.956s][info][gc,start       ] GC(3) Pause Full (System.gc())
[2.956s][info][gc,phases,start] GC(3) Marking Phase
[2.962s][info][gc,phases      ] GC(3) Marking Phase 6.673ms
[2.963s][info][gc,phases,start] GC(3) Summary Phase
[2.963s][info][gc,phases      ] GC(3) Summary Phase 0.009ms
[2.963s][info][gc,phases,start] GC(3) Adjust Roots
[2.970s][info][gc,phases      ] GC(3) Adjust Roots 7.515ms
[2.970s][info][gc,phases,start] GC(3) Compaction Phase
[3.007s][info][gc,phases      ] GC(3) Compaction Phase 37.227ms
[3.007s][info][gc,phases,start] GC(3) Post Compact
[3.008s][info][gc,phases      ] GC(3) Post Compact 0.741ms
[3.008s][info][gc,heap        ] GC(3) PSYoungGen: 3168K->0K(2446848K)
[3.008s][info][gc,heap        ] GC(3) ParOldGen: 7233K->9974K(5592576K)
[3.008s][info][gc,metaspace   ] GC(3) Metaspace: 24163K(25392K)->24163K(25392K) NonClass: 21731K(22528K)->21731K(22528K) Class: 2431K(2864K)->2431K(2864K)
[3.008s][info][gc             ] GC(3) Pause Full (System.gc()) 10M->9M(7851M) 52.404ms
[3.008s][info][gc,cpu         ] GC(3) User=0.12s Sys=0.05s Real=0.06s
[5.930s][info][gc,start       ] GC(4) Pause Young (Metadata GC Threshold)
[5.957s][info][gc,heap        ] GC(4) PSYoungGen: 629512K->19021K(2446848K)
[5.957s][info][gc,heap        ] GC(4) ParOldGen: 9974K->9982K(5592576K)
[5.957s][info][gc,metaspace   ] GC(4) Metaspace: 40464K(42320K)->40464K(42320K) NonClass: 36593K(37792K)->36593K(37792K) Class: 3871K(4528K)->3871K(4528K)
[5.957s][info][gc             ] GC(4) Pause Young (Metadata GC Threshold) 624M->28M(7851M) 26.777ms
[5.957s][info][gc,cpu         ] GC(4) User=0.05s Sys=0.02s Real=0.03s
[5.957s][info][gc,start       ] GC(5) Pause Full (Metadata GC Threshold)
[5.957s][info][gc,phases,start] GC(5) Marking Phase
[5.983s][info][gc,phases      ] GC(5) Marking Phase 26.075ms
[5.983s][info][gc,phases,start] GC(5) Summary Phase
[5.983s][info][gc,phases      ] GC(5) Summary Phase 0.010ms
[5.983s][info][gc,phases,start] GC(5) Adjust Roots
[5.994s][info][gc,phases      ] GC(5) Adjust Roots 11.123ms
[5.994s][info][gc,phases,start] GC(5) Compaction Phase
[6.034s][info][gc,phases      ] GC(5) Compaction Phase 40.011ms
[6.034s][info][gc,phases,start] GC(5) Post Compact
[6.036s][info][gc,phases      ] GC(5) Post Compact 1.162ms
[6.036s][info][gc,heap        ] GC(5) PSYoungGen: 19021K->0K(2446848K)
[6.036s][info][gc,heap        ] GC(5) ParOldGen: 9982K->28309K(5592576K)
[6.036s][info][gc,metaspace   ] GC(5) Metaspace: 40464K(42320K)->40460K(42320K) NonClass: 36593K(37792K)->36590K(37792K) Class: 3871K(4528K)->3870K(4528K)
[6.036s][info][gc             ] GC(5) Pause Full (Metadata GC Threshold) 28M->27M(7851M) 78.622ms
[6.036s][info][gc,cpu         ] GC(5) User=0.28s Sys=0.03s Real=0.08s
[78.753s][info][gc,start       ] GC(6) Pause Young (Allocation Failure)
[78.757s][info][gc,heap        ] GC(6) PSYoungGen: 2097664K->1664K(2446848K)
[78.757s][info][gc,heap        ] GC(6) ParOldGen: 28309K->28317K(5592576K)
[78.757s][info][gc,metaspace   ] GC(6) Metaspace: 44399K(47696K)->44399K(47696K) NonClass: 40390K(42912K)->40390K(42912K) Class: 4009K(4784K)->4009K(4784K)
[78.757s][info][gc             ] GC(6) Pause Young (Allocation Failure) 2076M->29M(7851M) 4.426ms
[78.757s][info][gc,cpu         ] GC(6) User=0.00s Sys=0.00s Real=0.00s
[160.080s][info][gc,start       ] GC(7) Pause Young (Allocation Failure)
[160.084s][info][gc,heap        ] GC(7) PSYoungGen: 2099328K->1376K(2446848K)
[160.084s][info][gc,heap        ] GC(7) ParOldGen: 28317K->28325K(5592576K)
[160.084s][info][gc,metaspace   ] GC(7) Metaspace: 44481K(47696K)->44481K(47696K) NonClass: 40471K(42912K)->40471K(42912K) Class: 4009K(4784K)->4009K(4784K)
[160.084s][info][gc             ] GC(7) Pause Young (Allocation Failure) 2077M->29M(7851M) 3.851ms
[160.084s][info][gc,cpu         ] GC(7) User=0.00s Sys=0.00s Real=0.00s
[244.647s][info][gc,start       ] GC(8) Pause Young (Allocation Failure)
[244.650s][info][gc,heap        ] GC(8) PSYoungGen: 2099040K->1424K(2776576K)
[244.650s][info][gc,heap        ] GC(8) ParOldGen: 28325K->28333K(5592576K)
[244.650s][info][gc,metaspace   ] GC(8) Metaspace: 44508K(47696K)->44508K(47696K) NonClass: 40498K(42912K)->40498K(42912K) Class: 4010K(4784K)->4010K(4784K)
[244.650s][info][gc             ] GC(8) Pause Young (Allocation Failure) 2077M->29M(8173M) 3.495ms
[244.650s][info][gc,cpu         ] GC(8) User=0.08s Sys=0.02s Real=0.00s
[248.814s][info][gc,start       ] GC(9) Pause Young (System.gc())
[248.817s][info][gc,heap        ] GC(9) PSYoungGen: 243145K->1072K(2446848K)
[248.818s][info][gc,heap        ] GC(9) ParOldGen: 28333K->28341K(5592576K)
[248.818s][info][gc,metaspace   ] GC(9) Metaspace: 44668K(47952K)->44668K(47952K) NonClass: 40644K(43168K)->40644K(43168K) Class: 4023K(4784K)->4023K(4784K)
[248.818s][info][gc             ] GC(9) Pause Young (System.gc()) 265M->28M(7851M) 3.363ms
[248.818s][info][gc,cpu         ] GC(9) User=0.00s Sys=0.00s Real=0.00s
[248.818s][info][gc,start       ] GC(10) Pause Full (System.gc())
[248.818s][info][gc,phases,start] GC(10) Marking Phase
[248.848s][info][gc,phases      ] GC(10) Marking Phase 30.090ms
[248.848s][info][gc,phases,start] GC(10) Summary Phase
[248.848s][info][gc,phases      ] GC(10) Summary Phase 0.010ms
[248.848s][info][gc,phases,start] GC(10) Adjust Roots
[248.862s][info][gc,phases      ] GC(10) Adjust Roots 14.671ms
[248.862s][info][gc,phases,start] GC(10) Compaction Phase
[248.901s][info][gc,phases      ] GC(10) Compaction Phase 38.253ms
[248.901s][info][gc,phases,start] GC(10) Post Compact
[248.903s][info][gc,phases      ] GC(10) Post Compact 1.883ms
[248.903s][info][gc,heap        ] GC(10) PSYoungGen: 1072K->0K(2446848K)
[248.903s][info][gc,heap        ] GC(10) ParOldGen: 28341K->14352K(5592576K)
[248.903s][info][gc,metaspace   ] GC(10) Metaspace: 44668K(47952K)->43230K(47952K) NonClass: 40644K(43168K)->39351K(43168K) Class: 4023K(4784K)->3878K(4784K)
[248.903s][info][gc             ] GC(10) Pause Full (System.gc()) 28M->14M(7851M) 85.221ms
[248.903s][info][gc,cpu         ] GC(10) User=0.39s Sys=0.02s Real=0.08s
[343.439s][info][gc,start       ] GC(11) Pause Young (Allocation Failure)
[343.443s][info][gc,heap        ] GC(11) PSYoungGen: 2427392K->2385K(2778624K)
[343.443s][info][gc,heap        ] GC(11) ParOldGen: 14352K->14360K(5592576K)
[343.443s][info][gc,metaspace   ] GC(11) Metaspace: 44498K(47952K)->44498K(47952K) NonClass: 40527K(43168K)->40527K(43168K) Class: 3970K(4784K)->3970K(4784K)
[343.443s][info][gc             ] GC(11) Pause Young (Allocation Failure) 2384M->16M(8175M) 3.756ms
[343.443s][info][gc,cpu         ] GC(11) User=0.00s Sys=0.00s Real=0.00s
[457.934s][info][gc,start       ] GC(12) Pause Young (Allocation Failure)
[457.938s][info][gc,heap        ] GC(12) PSYoungGen: 2762577K->2273K(2777600K)
[457.938s][info][gc,heap        ] GC(12) ParOldGen: 14360K->14368K(5592576K)
[457.938s][info][gc,metaspace   ] GC(12) Metaspace: 44500K(47952K)->44500K(47952K) NonClass: 40528K(43168K)->40528K(43168K) Class: 3971K(4784K)->3971K(4784K)
[457.938s][info][gc             ] GC(12) Pause Young (Allocation Failure) 2711M->16M(8174M) 3.596ms
[457.938s][info][gc,cpu         ] GC(12) User=0.00s Sys=0.00s Real=0.00s
[491.581s][info][gc,start       ] GC(13) Pause Young (System.gc())
[491.583s][info][gc,heap        ] GC(13) PSYoungGen: 848912K->1457K(2780160K)
[491.583s][info][gc,heap        ] GC(13) ParOldGen: 14368K->14376K(5592576K)
[491.583s][info][gc,metaspace   ] GC(13) Metaspace: 44523K(47952K)->44523K(47952K) NonClass: 40550K(43168K)->40550K(43168K) Class: 3972K(4784K)->3972K(4784K)
[491.583s][info][gc             ] GC(13) Pause Young (System.gc()) 843M->15M(8176M) 1.925ms
[491.583s][info][gc,cpu         ] GC(13) User=0.00s Sys=0.00s Real=0.00s
[491.583s][info][gc,start       ] GC(14) Pause Full (System.gc())
[491.583s][info][gc,phases,start] GC(14) Marking Phase
[491.614s][info][gc,phases      ] GC(14) Marking Phase 30.555ms
[491.614s][info][gc,phases,start] GC(14) Summary Phase
[491.614s][info][gc,phases      ] GC(14) Summary Phase 0.010ms
[491.614s][info][gc,phases,start] GC(14) Adjust Roots
[491.626s][info][gc,phases      ] GC(14) Adjust Roots 11.716ms
[491.626s][info][gc,phases,start] GC(14) Compaction Phase
[491.654s][info][gc,phases      ] GC(14) Compaction Phase 28.646ms
[491.654s][info][gc,phases,start] GC(14) Post Compact
[491.656s][info][gc,phases      ] GC(14) Post Compact 1.139ms
[491.656s][info][gc,heap        ] GC(14) PSYoungGen: 1457K->0K(2780160K)
[491.656s][info][gc,heap        ] GC(14) ParOldGen: 14376K->14241K(5592576K)
[491.656s][info][gc,metaspace   ] GC(14) Metaspace: 44523K(47952K)->43341K(47952K) NonClass: 40550K(43168K)->39458K(43168K) Class: 3972K(4784K)->3882K(4784K)
[491.656s][info][gc             ] GC(14) Pause Full (System.gc()) 15M->13M(8176M) 72.306ms
[491.656s][info][gc,cpu         ] GC(14) User=0.22s Sys=0.00s Real=0.08s
[601.887s][info][gc,start       ] GC(15) Pause Young (Allocation Failure)
[601.891s][info][gc,heap        ] GC(15) PSYoungGen: 2763776K->2465K(2779648K)
[601.891s][info][gc,heap        ] GC(15) ParOldGen: 14241K->14249K(5592576K)
[601.891s][info][gc,metaspace   ] GC(15) Metaspace: 44557K(47952K)->44557K(47952K) NonClass: 40584K(43168K)->40584K(43168K) Class: 3973K(4784K)->3973K(4784K)
[601.891s][info][gc             ] GC(15) Pause Young (Allocation Failure) 2712M->16M(8176M) 3.898ms
[601.891s][info][gc,cpu         ] GC(15) User=0.00s Sys=0.00s Real=0.00s
[716.925s][info][gc,start       ] GC(16) Pause Young (Allocation Failure)
[716.928s][info][gc,heap        ] GC(16) PSYoungGen: 2766241K->384K(2781696K)
[716.928s][info][gc,heap        ] GC(16) ParOldGen: 14249K->16234K(5592576K)
[716.928s][info][gc,metaspace   ] GC(16) Metaspace: 44559K(47952K)->44559K(47952K) NonClass: 40585K(43168K)->40585K(43168K) Class: 3973K(4784K)->3973K(4784K)
[716.928s][info][gc             ] GC(16) Pause Young (Allocation Failure) 2715M->16M(8178M) 3.102ms
[716.928s][info][gc,cpu         ] GC(16) User=0.00s Sys=0.00s Real=0.00s
[733.862s][info][gc,start       ] GC(17) Pause Young (System.gc())
[733.863s][info][gc,heap        ] GC(17) PSYoungGen: 477785K->224K(2781184K)
[733.863s][info][gc,heap        ] GC(17) ParOldGen: 16234K->16290K(5592576K)
[733.863s][info][gc,metaspace   ] GC(17) Metaspace: 44572K(47952K)->44572K(47952K) NonClass: 40598K(43168K)->40598K(43168K) Class: 3974K(4784K)->3974K(4784K)
[733.863s][info][gc             ] GC(17) Pause Young (System.gc()) 482M->16M(8177M) 0.959ms
[733.863s][info][gc,cpu         ] GC(17) User=0.00s Sys=0.00s Real=0.00s
[733.863s][info][gc,start       ] GC(18) Pause Full (System.gc())
[733.863s][info][gc,phases,start] GC(18) Marking Phase
[733.893s][info][gc,phases      ] GC(18) Marking Phase 30.078ms
[733.893s][info][gc,phases,start] GC(18) Summary Phase
[733.893s][info][gc,phases      ] GC(18) Summary Phase 0.009ms
[733.893s][info][gc,phases,start] GC(18) Adjust Roots
[733.904s][info][gc,phases      ] GC(18) Adjust Roots 10.605ms
[733.904s][info][gc,phases,start] GC(18) Compaction Phase
[733.919s][info][gc,phases      ] GC(18) Compaction Phase 15.310ms
[733.919s][info][gc,phases,start] GC(18) Post Compact
[733.920s][info][gc,phases      ] GC(18) Post Compact 0.942ms
[733.920s][info][gc,heap        ] GC(18) PSYoungGen: 224K->0K(2781184K)
[733.920s][info][gc,heap        ] GC(18) ParOldGen: 16290K->14222K(5592576K)
[733.920s][info][gc,metaspace   ] GC(18) Metaspace: 44572K(47952K)->43421K(47952K) NonClass: 40598K(43168K)->39535K(43168K) Class: 3974K(4784K)->3885K(4784K)
[733.920s][info][gc             ] GC(18) Pause Full (System.gc()) 16M->13M(8177M) 57.187ms
[733.920s][info][gc,cpu         ] GC(18) User=0.14s Sys=0.00s Real=0.06s
[846.075s][info][gc,start       ] GC(19) Pause Young (Allocation Failure)
[846.079s][info][gc,heap        ] GC(19) PSYoungGen: 2766848K->2497K(2782720K)
[846.079s][info][gc,heap        ] GC(19) ParOldGen: 14222K->14230K(5592576K)
[846.079s][info][gc,metaspace   ] GC(19) Metaspace: 44681K(47952K)->44681K(47952K) NonClass: 40703K(43168K)->40703K(43168K) Class: 3977K(4784K)->3977K(4784K)
[846.079s][info][gc             ] GC(19) Pause Young (Allocation Failure) 2715M->16M(8179M) 3.643ms
[846.079s][info][gc,cpu         ] GC(19) User=0.00s Sys=0.00s Real=0.00s
[961.725s][info][gc,start       ] GC(20) Pause Young (Allocation Failure)
[961.728s][info][gc,heap        ] GC(20) PSYoungGen: 2771393K->416K(2782208K)
[961.728s][info][gc,heap        ] GC(20) ParOldGen: 14230K->16200K(5592576K)
[961.728s][info][gc,metaspace   ] GC(20) Metaspace: 44681K(47952K)->44681K(47952K) NonClass: 40703K(43168K)->40703K(43168K) Class: 3978K(4784K)->3978K(4784K)
[961.729s][info][gc             ] GC(20) Pause Young (Allocation Failure) 2720M->16M(8178M) 3.187ms
[961.729s][info][gc,cpu         ] GC(20) User=0.09s Sys=0.00s Real=0.00s
[976.210s][info][gc,start       ] GC(21) Pause Young (System.gc())
[976.211s][info][gc,heap        ] GC(21) PSYoungGen: 369484K->192K(2783744K)
[976.211s][info][gc,heap        ] GC(21) ParOldGen: 16200K->16224K(5592576K)
[976.211s][info][gc,metaspace   ] GC(21) Metaspace: 44696K(47952K)->44696K(47952K) NonClass: 40717K(43168K)->40717K(43168K) Class: 3978K(4784K)->3978K(4784K)
[976.211s][info][gc             ] GC(21) Pause Young (System.gc()) 376M->16M(8180M) 1.110ms
[976.211s][info][gc,cpu         ] GC(21) User=0.05s Sys=0.00s Real=0.00s
[976.211s][info][gc,start       ] GC(22) Pause Full (System.gc())
[976.211s][info][gc,phases,start] GC(22) Marking Phase
[976.241s][info][gc,phases      ] GC(22) Marking Phase 29.342ms
[976.241s][info][gc,phases,start] GC(22) Summary Phase
[976.241s][info][gc,phases      ] GC(22) Summary Phase 0.010ms
[976.241s][info][gc,phases,start] GC(22) Adjust Roots
[976.250s][info][gc,phases      ] GC(22) Adjust Roots 9.421ms
[976.250s][info][gc,phases,start] GC(22) Compaction Phase
[976.268s][info][gc,phases      ] GC(22) Compaction Phase 17.887ms
[976.268s][info][gc,phases,start] GC(22) Post Compact
[976.274s][info][gc,phases      ] GC(22) Post Compact 6.184ms
[976.274s][info][gc,heap        ] GC(22) PSYoungGen: 192K->0K(2783744K)
[976.274s][info][gc,heap        ] GC(22) ParOldGen: 16224K->14235K(5592576K)
[976.274s][info][gc,metaspace   ] GC(22) Metaspace: 44696K(47952K)->43555K(47952K) NonClass: 40717K(43168K)->39662K(43168K) Class: 3978K(4784K)->3892K(4784K)
[976.274s][info][gc             ] GC(22) Pause Full (System.gc()) 16M->13M(8180M) 63.229ms
[976.274s][info][gc,cpu         ] GC(22) User=0.14s Sys=0.00s Real=0.06s
[1087.791s][info][gc,start       ] GC(23) Pause Young (Allocation Failure)
[1087.795s][info][gc,heap        ] GC(23) PSYoungGen: 2770944K->2433K(2783232K)
[1087.795s][info][gc,heap        ] GC(23) ParOldGen: 14235K->14251K(5592576K)
[1087.795s][info][gc,metaspace   ] GC(23) Metaspace: 44795K(48208K)->44795K(48208K) NonClass: 40815K(43424K)->40815K(43424K) Class: 3979K(4784K)->3979K(4784K)
[1087.795s][info][gc             ] GC(23) Pause Young (Allocation Failure) 2719M->16M(8179M) 3.317ms
[1087.795s][info][gc,cpu         ] GC(23) User=0.00s Sys=0.00s Real=0.00s
[1202.887s][info][gc,start       ] GC(24) Pause Young (Allocation Failure)
[1202.890s][info][gc,heap        ] GC(24) PSYoungGen: 2773377K->432K(2785280K)
[1202.890s][info][gc,heap        ] GC(24) ParOldGen: 14251K->16213K(5592576K)
[1202.890s][info][gc,metaspace   ] GC(24) Metaspace: 44805K(48208K)->44805K(48208K) NonClass: 40825K(43424K)->40825K(43424K) Class: 3979K(4784K)->3979K(4784K)
[1202.890s][info][gc             ] GC(24) Pause Young (Allocation Failure) 2722M->16M(8181M) 3.081ms
[1202.890s][info][gc,cpu         ] GC(24) User=0.00s Sys=0.00s Real=0.00s
[1218.628s][info][gc,start       ] GC(25) Pause Young (System.gc())
[1218.629s][info][gc,heap        ] GC(25) PSYoungGen: 405275K->128K(2784768K)
[1218.629s][info][gc,heap        ] GC(25) ParOldGen: 16213K->16237K(5592576K)
[1218.629s][info][gc,metaspace   ] GC(25) Metaspace: 44817K(48208K)->44817K(48208K) NonClass: 40837K(43424K)->40837K(43424K) Class: 3980K(4784K)->3980K(4784K)
[1218.629s][info][gc             ] GC(25) Pause Young (System.gc()) 411M->15M(8181M) 1.479ms
[1218.629s][info][gc,cpu         ] GC(25) User=0.00s Sys=0.00s Real=0.00s
[1218.629s][info][gc,start       ] GC(26) Pause Full (System.gc())
[1218.629s][info][gc,phases,start] GC(26) Marking Phase
[1218.658s][info][gc,phases      ] GC(26) Marking Phase 28.490ms
[1218.658s][info][gc,phases,start] GC(26) Summary Phase
[1218.658s][info][gc,phases      ] GC(26) Summary Phase 0.009ms
[1218.658s][info][gc,phases,start] GC(26) Adjust Roots
[1218.667s][info][gc,phases      ] GC(26) Adjust Roots 8.519ms
[1218.667s][info][gc,phases,start] GC(26) Compaction Phase
[1218.692s][info][gc,phases      ] GC(26) Compaction Phase 24.986ms
[1218.692s][info][gc,phases,start] GC(26) Post Compact
[1218.693s][info][gc,phases      ] GC(26) Post Compact 1.793ms
[1218.694s][info][gc,heap        ] GC(26) PSYoungGen: 128K->0K(2784768K)
[1218.694s][info][gc,heap        ] GC(26) ParOldGen: 16237K->14245K(5592576K)
[1218.694s][info][gc,metaspace   ] GC(26) Metaspace: 44817K(48208K)->43666K(48208K) NonClass: 40837K(43424K)->39773K(43424K) Class: 3980K(4784K)->3893K(4784K)
[1218.694s][info][gc             ] GC(26) Pause Full (System.gc()) 15M->13M(8181M) 64.115ms
[1218.694s][info][gc,cpu         ] GC(26) User=0.12s Sys=0.00s Real=0.06s
[1332.045s][info][gc,start       ] GC(27) Pause Young (Allocation Failure)
[1332.049s][info][gc,heap        ] GC(27) PSYoungGen: 2774016K->2417K(2786304K)
[1332.049s][info][gc,heap        ] GC(27) ParOldGen: 14245K->14261K(5592576K)
[1332.050s][info][gc,metaspace   ] GC(27) Metaspace: 44883K(48208K)->44883K(48208K) NonClass: 40900K(43424K)->40900K(43424K) Class: 3982K(4784K)->3982K(4784K)
[1332.050s][info][gc             ] GC(27) Pause Young (Allocation Failure) 2722M->16M(8182M) 4.059ms
[1332.050s][info][gc,cpu         ] GC(27) User=0.00s Sys=0.00s Real=0.00s
[1447.903s][info][gc,start       ] GC(28) Pause Young (Allocation Failure)
[1447.906s][info][gc,heap        ] GC(28) PSYoungGen: 2778481K->416K(2785792K)
[1447.906s][info][gc,heap        ] GC(28) ParOldGen: 14261K->16235K(5592576K)
[1447.906s][info][gc,metaspace   ] GC(28) Metaspace: 44886K(48208K)->44886K(48208K) NonClass: 40903K(43424K)->40903K(43424K) Class: 3983K(4784K)->3983K(4784K)
[1447.906s][info][gc             ] GC(28) Pause Young (Allocation Failure) 2727M->16M(8182M) 3.134ms
[1447.906s][info][gc,cpu         ] GC(28) User=0.00s Sys=0.00s Real=0.00s
[1461.234s][info][gc,start       ] GC(29) Pause Young (System.gc())
[1461.235s][info][gc,heap        ] GC(29) PSYoungGen: 354392K->224K(2787328K)
[1461.235s][info][gc,heap        ] GC(29) ParOldGen: 16235K->16275K(5592576K)
[1461.235s][info][gc,metaspace   ] GC(29) Metaspace: 44896K(48208K)->44896K(48208K) NonClass: 40913K(43424K)->40913K(43424K) Class: 3983K(4784K)->3983K(4784K)
[1461.235s][info][gc             ] GC(29) Pause Young (System.gc()) 361M->16M(8183M) 0.977ms
[1461.235s][info][gc,cpu         ] GC(29) User=0.00s Sys=0.00s Real=0.00s
[1461.235s][info][gc,start       ] GC(30) Pause Full (System.gc())
[1461.235s][info][gc,phases,start] GC(30) Marking Phase
[1461.264s][info][gc,phases      ] GC(30) Marking Phase 28.109ms
[1461.264s][info][gc,phases,start] GC(30) Summary Phase
[1461.264s][info][gc,phases      ] GC(30) Summary Phase 0.009ms
[1461.264s][info][gc,phases,start] GC(30) Adjust Roots
[1461.273s][info][gc,phases      ] GC(30) Adjust Roots 9.071ms
[1461.273s][info][gc,phases,start] GC(30) Compaction Phase
[1461.285s][info][gc,phases      ] GC(30) Compaction Phase 12.549ms
[1461.285s][info][gc,phases,start] GC(30) Post Compact
[1461.286s][info][gc,phases      ] GC(30) Post Compact 0.886ms
[1461.286s][info][gc,heap        ] GC(30) PSYoungGen: 224K->0K(2787328K)
[1461.286s][info][gc,heap        ] GC(30) ParOldGen: 16275K->14262K(5592576K)
[1461.286s][info][gc,metaspace   ] GC(30) Metaspace: 44896K(48208K)->43758K(48208K) NonClass: 40913K(43424K)->39860K(43424K) Class: 3983K(4784K)->3898K(4784K)
[1461.286s][info][gc             ] GC(30) Pause Full (System.gc()) 16M->13M(8183M) 50.862ms
[1461.286s][info][gc,cpu         ] GC(30) User=0.05s Sys=0.02s Real=0.05s
[1574.701s][info][gc,start       ] GC(31) Pause Young (Allocation Failure)
[1574.705s][info][gc,heap        ] GC(31) PSYoungGen: 2778112K->2385K(2786816K)
[1574.705s][info][gc,heap        ] GC(31) ParOldGen: 14262K->14270K(5592576K)
[1574.705s][info][gc,metaspace   ] GC(31) Metaspace: 45051K(48464K)->45051K(48464K) NonClass: 41062K(43680K)->41062K(43680K) Class: 3989K(4784K)->3989K(4784K)
[1574.705s][info][gc             ] GC(31) Pause Young (Allocation Failure) 2726M->16M(8183M) 3.510ms
[1574.705s][info][gc,cpu         ] GC(31) User=0.00s Sys=0.00s Real=0.00s
[1690.756s][info][gc,start       ] GC(32) Pause Young (Allocation Failure)
[1690.758s][info][gc,heap        ] GC(32) PSYoungGen: 2780497K->416K(2787840K)
[1690.759s][info][gc,heap        ] GC(32) ParOldGen: 14270K->16243K(5592576K)
[1690.759s][info][gc,metaspace   ] GC(32) Metaspace: 45052K(48464K)->45052K(48464K) NonClass: 41062K(43680K)->41062K(43680K) Class: 3989K(4784K)->3989K(4784K)
[1690.759s][info][gc             ] GC(32) Pause Young (Allocation Failure) 2729M->16M(8184M) 2.895ms
[1690.759s][info][gc,cpu         ] GC(32) User=0.09s Sys=0.00s Real=0.00s
[1703.607s][info][gc,start       ] GC(33) Pause Young (System.gc())
[1703.608s][info][gc,heap        ] GC(33) PSYoungGen: 318740K->192K(2787840K)
[1703.608s][info][gc,heap        ] GC(33) ParOldGen: 16243K->16275K(5592576K)
[1703.608s][info][gc,metaspace   ] GC(33) Metaspace: 45061K(48464K)->45061K(48464K) NonClass: 41070K(43680K)->41070K(43680K) Class: 3990K(4784K)->3990K(4784K)
[1703.608s][info][gc             ] GC(33) Pause Young (System.gc()) 327M->16M(8184M) 1.133ms
[1703.608s][info][gc,cpu         ] GC(33) User=0.00s Sys=0.00s Real=0.00s
[1703.608s][info][gc,start       ] GC(34) Pause Full (System.gc())
[1703.608s][info][gc,phases,start] GC(34) Marking Phase
[1703.636s][info][gc,phases      ] GC(34) Marking Phase 28.499ms
[1703.636s][info][gc,phases,start] GC(34) Summary Phase
[1703.636s][info][gc,phases      ] GC(34) Summary Phase 0.014ms
[1703.636s][info][gc,phases,start] GC(34) Adjust Roots
[1703.645s][info][gc,phases      ] GC(34) Adjust Roots 8.269ms
[1703.645s][info][gc,phases,start] GC(34) Compaction Phase
[1703.653s][info][gc,phases      ] GC(34) Compaction Phase 8.539ms
[1703.653s][info][gc,phases,start] GC(34) Post Compact
[1703.654s][info][gc,phases      ] GC(34) Post Compact 0.973ms
[1703.654s][info][gc,heap        ] GC(34) PSYoungGen: 192K->0K(2787840K)
[1703.654s][info][gc,heap        ] GC(34) ParOldGen: 16275K->14259K(5592576K)
[1703.654s][info][gc,metaspace   ] GC(34) Metaspace: 45061K(48464K)->43886K(48464K) NonClass: 41070K(43680K)->39986K(43680K) Class: 3990K(4784K)->3899K(4784K)
[1703.654s][info][gc             ] GC(34) Pause Full (System.gc()) 16M->13M(8184M) 46.545ms
[1703.654s][info][gc,cpu         ] GC(34) User=0.14s Sys=0.00s Real=0.05s
[1817.271s][info][gc,start       ] GC(35) Pause Young (Allocation Failure)
[1817.274s][info][gc,heap        ] GC(35) PSYoungGen: 2779648K->2763K(2788352K)
[1817.274s][info][gc,heap        ] GC(35) ParOldGen: 14259K->14275K(5592576K)
[1817.274s][info][gc,metaspace   ] GC(35) Metaspace: 45134K(48464K)->45134K(48464K) NonClass: 41142K(43680K)->41142K(43680K) Class: 3991K(4784K)->3991K(4784K)
[1817.275s][info][gc             ] GC(35) Pause Young (Allocation Failure) 2728M->16M(8184M) 3.499ms
[1817.275s][info][gc,cpu         ] GC(35) User=0.09s Sys=0.00s Real=0.00s
[1933.690s][info][gc,start       ] GC(36) Pause Young (Allocation Failure)
[1933.692s][info][gc,heap        ] GC(36) PSYoungGen: 2783435K->432K(2788352K)
[1933.692s][info][gc,heap        ] GC(36) ParOldGen: 14275K->16507K(5592576K)
[1933.692s][info][gc,metaspace   ] GC(36) Metaspace: 45148K(48464K)->45148K(48464K) NonClass: 41156K(43680K)->41156K(43680K) Class: 3992K(4784K)->3992K(4784K)
[1933.692s][info][gc             ] GC(36) Pause Young (Allocation Failure) 2732M->16M(8184M) 2.819ms
[1933.692s][info][gc,cpu         ] GC(36) User=0.00s Sys=0.00s Real=0.00s
[1946.147s][info][gc,start       ] GC(37) Pause Young (System.gc())
[1946.147s][info][gc,heap        ] GC(37) PSYoungGen: 317332K->192K(2789376K)
[1946.147s][info][gc,heap        ] GC(37) ParOldGen: 16507K->16547K(5592576K)
[1946.147s][info][gc,metaspace   ] GC(37) Metaspace: 45158K(48464K)->45158K(48464K) NonClass: 41165K(43680K)->41165K(43680K) Class: 3993K(4784K)->3993K(4784K)
[1946.147s][info][gc             ] GC(37) Pause Young (System.gc()) 326M->16M(8185M) 0.765ms
[1946.147s][info][gc,cpu         ] GC(37) User=0.00s Sys=0.00s Real=0.00s
[1946.147s][info][gc,start       ] GC(38) Pause Full (System.gc())
[1946.147s][info][gc,phases,start] GC(38) Marking Phase
[1946.175s][info][gc,phases      ] GC(38) Marking Phase 27.995ms
[1946.175s][info][gc,phases,start] GC(38) Summary Phase
[1946.175s][info][gc,phases      ] GC(38) Summary Phase 0.009ms
[1946.175s][info][gc,phases,start] GC(38) Adjust Roots
[1946.185s][info][gc,phases      ] GC(38) Adjust Roots 9.932ms
[1946.185s][info][gc,phases,start] GC(38) Compaction Phase
[1946.216s][info][gc,phases      ] GC(38) Compaction Phase 30.542ms
[1946.216s][info][gc,phases,start] GC(38) Post Compact
[1946.222s][info][gc,phases      ] GC(38) Post Compact 5.780ms
[1946.222s][info][gc,heap        ] GC(38) PSYoungGen: 192K->0K(2789376K)
[1946.222s][info][gc,heap        ] GC(38) ParOldGen: 16547K->14271K(5592576K)
[1946.222s][info][gc,metaspace   ] GC(38) Metaspace: 45158K(48464K)->43986K(48464K) NonClass: 41165K(43680K)->40082K(43680K) Class: 3993K(4784K)->3903K(4784K)
[1946.222s][info][gc             ] GC(38) Pause Full (System.gc()) 16M->13M(8185M) 74.516ms
[1946.222s][info][gc,cpu         ] GC(38) User=0.22s Sys=0.00s Real=0.09s
[2059.950s][info][gc,start       ] GC(39) Pause Young (Allocation Failure)
[2059.953s][info][gc,heap        ] GC(39) PSYoungGen: 2782208K->2465K(2788864K)
[2059.953s][info][gc,heap        ] GC(39) ParOldGen: 14271K->14279K(5592576K)
[2059.953s][info][gc,metaspace   ] GC(39) Metaspace: 45179K(48464K)->45179K(48464K) NonClass: 41188K(43680K)->41188K(43680K) Class: 3990K(4784K)->3990K(4784K)
[2059.953s][info][gc             ] GC(39) Pause Young (Allocation Failure) 2730M->16M(8185M) 3.554ms
[2059.953s][info][gc,cpu         ] GC(39) User=0.00s Sys=0.00s Real=0.00s
[2176.153s][info][gc,start       ] GC(40) Pause Young (Allocation Failure)
[2176.155s][info][gc,heap        ] GC(40) PSYoungGen: 2784673K->352K(2789376K)
[2176.155s][info][gc,heap        ] GC(40) ParOldGen: 14279K->16252K(5592576K)
[2176.155s][info][gc,metaspace   ] GC(40) Metaspace: 45180K(48464K)->45180K(48464K) NonClass: 41189K(43680K)->41189K(43680K) Class: 3991K(4784K)->3991K(4784K)
[2176.155s][info][gc             ] GC(40) Pause Young (Allocation Failure) 2733M->16M(8185M) 2.761ms
[2176.155s][info][gc,cpu         ] GC(40) User=0.00s Sys=0.00s Real=0.00s
[2188.406s][info][gc,start       ] GC(41) Pause Young (System.gc())
[2188.407s][info][gc,heap        ] GC(41) PSYoungGen: 317107K->192K(2789376K)
[2188.407s][info][gc,heap        ] GC(41) ParOldGen: 16252K->16292K(5592576K)
[2188.407s][info][gc,metaspace   ] GC(41) Metaspace: 45188K(48464K)->45188K(48464K) NonClass: 41196K(43680K)->41196K(43680K) Class: 3991K(4784K)->3991K(4784K)
[2188.407s][info][gc             ] GC(41) Pause Young (System.gc()) 325M->16M(8185M) 0.845ms
[2188.407s][info][gc,cpu         ] GC(41) User=0.00s Sys=0.00s Real=0.00s
[2188.407s][info][gc,start       ] GC(42) Pause Full (System.gc())
[2188.407s][info][gc,phases,start] GC(42) Marking Phase
[2188.435s][info][gc,phases      ] GC(42) Marking Phase 28.275ms
[2188.435s][info][gc,phases,start] GC(42) Summary Phase
[2188.435s][info][gc,phases      ] GC(42) Summary Phase 0.009ms
[2188.435s][info][gc,phases,start] GC(42) Adjust Roots
[2188.443s][info][gc,phases      ] GC(42) Adjust Roots 7.702ms
[2188.443s][info][gc,phases,start] GC(42) Compaction Phase
[2188.450s][info][gc,phases      ] GC(42) Compaction Phase 6.813ms
[2188.450s][info][gc,phases,start] GC(42) Post Compact
[2188.451s][info][gc,phases      ] GC(42) Post Compact 1.159ms
[2188.451s][info][gc,heap        ] GC(42) PSYoungGen: 192K->0K(2789376K)
[2188.451s][info][gc,heap        ] GC(42) ParOldGen: 16292K->14272K(5592576K)
[2188.451s][info][gc,metaspace   ] GC(42) Metaspace: 45188K(48464K)->44030K(48464K) NonClass: 41196K(43680K)->40126K(43680K) Class: 3991K(4784K)->3903K(4784K)
[2188.451s][info][gc             ] GC(42) Pause Full (System.gc()) 16M->13M(8185M) 44.182ms
[2188.451s][info][gc,cpu         ] GC(42) User=0.11s Sys=0.02s Real=0.05s
[2302.241s][info][gc,start       ] GC(43) Pause Young (Allocation Failure)
[2302.244s][info][gc,heap        ] GC(43) PSYoungGen: 2782720K->2449K(2789888K)
[2302.244s][info][gc,heap        ] GC(43) ParOldGen: 14272K->14288K(5592576K)
[2302.244s][info][gc,metaspace   ] GC(43) Metaspace: 45230K(48464K)->45230K(48464K) NonClass: 41240K(43680K)->41240K(43680K) Class: 3990K(4784K)->3990K(4784K)
[2302.244s][info][gc             ] GC(43) Pause Young (Allocation Failure) 2731M->16M(8186M) 3.297ms
[2302.244s][info][gc,cpu         ] GC(43) User=0.09s Sys=0.00s Real=0.00s
[2418.522s][info][gc,start       ] GC(44) Pause Young (Allocation Failure)
[2418.525s][info][gc,heap        ] GC(44) PSYoungGen: 2786193K->384K(2789888K)
[2418.525s][info][gc,heap        ] GC(44) ParOldGen: 14288K->16249K(5592576K)
[2418.525s][info][gc,metaspace   ] GC(44) Metaspace: 45233K(48464K)->45233K(48464K) NonClass: 41242K(43680K)->41242K(43680K) Class: 3990K(4784K)->3990K(4784K)
[2418.525s][info][gc             ] GC(44) Pause Young (Allocation Failure) 2734M->16M(8186M) 2.875ms
[2418.525s][info][gc,cpu         ] GC(44) User=0.09s Sys=0.00s Real=0.00s
[2430.949s][info][gc,heap,exit   ] Heap
[2430.949s][info][gc,heap,exit   ]  PSYoungGen      total 2789888K, used 320250K [0x0000000755580000, 0x0000000800000000, 0x0000000800000000)
[2430.950s][info][gc,heap,exit   ]   eden space 2783744K, 11% used [0x0000000755580000,0x0000000768ddea50,0x00000007ff400000)
[2430.950s][info][gc,heap,exit   ]   from space 6144K, 6% used [0x00000007ff400000,0x00000007ff460000,0x00000007ffa00000)
[2430.950s][info][gc,heap,exit   ]   to   space 5632K, 0% used [0x00000007ffa80000,0x00000007ffa80000,0x0000000800000000)
[2430.950s][info][gc,heap,exit   ]  ParOldGen       total 5592576K, used 16249K [0x0000000600000000, 0x0000000755580000, 0x0000000755580000)
[2430.950s][info][gc,heap,exit   ]   object space 5592576K, 0% used [0x0000000600000000,0x0000000600fde720,0x0000000755580000)
[2430.950s][info][gc,heap,exit   ]  Metaspace       used 45275K, capacity 48325K, committed 48720K, reserved 1093632K
[2430.950s][info][gc,heap,exit   ]   class space    used 3993K, capacity 4645K, committed 4784K, reserved 1048576K
