OpenJDK 64-Bit Server VM (25.422-b05) for windows-amd64 JRE (1.8.0_422-422-b05), built on Jul 18 2024 05:34:18 by "Administrator" with MS VC++ 16.10 / 16.11 (VS2019)
Memory: 4k page, physical 15965620k(11780732k free), swap 17866164k(12431008k free)
CommandLine flags: -XX:InitialHeapSize=1073741824 -XX:MaxHeapSize=1073741824 -XX:MaxNewSize=357916672 -XX:MaxTenuringThreshold=6 -XX:NewSize=357916672 -XX:OldPLABSize=16 -XX:OldSize=715825152 -XX:+PrintGC -XX:+PrintGCApplicationConcurrentTime -XX:+PrintGCApplicationStoppedTime -XX:+PrintGCDateStamps -XX:+PrintGCDetails -XX:+PrintGCTimeStamps -XX:+UnlockExperimentalVMOptions -XX:+UseCompressedClassPointers -XX:+UseCompressedOops -XX:+UseConcMarkSweepGC -XX:-UseLargePagesIndividualAllocation -XX:+UseParNewGC 
2024-10-08T20:14:32.604+0300: 0.062: Application time: 0.0175144 seconds
2024-10-08T20:14:32.604+0300: 0.062: Total time for which application threads were stopped: 0.0001282 seconds, Stopping threads took: 0.0000476 seconds
2024-10-08T20:14:32.620+0300: 0.071: Application time: 0.0085941 seconds
2024-10-08T20:14:32.620+0300: 0.071: Total time for which application threads were stopped: 0.0000946 seconds, Stopping threads took: 0.0000316 seconds
2024-10-08T20:14:32.793+0300: 0.243: Application time: 0.1725215 seconds
2024-10-08T20:14:32.793+0300: 0.244: [Full GC (System.gc()) 2024-10-08T20:14:32.793+0300: 0.244: [CMS: 0K->3742K(699072K), 0.0135257 secs] 22369K->3742K(1013632K), [Metaspace: 7078K->7078K(1056768K)], 0.0138244 secs] [Times: user=0.03 sys=0.00, real=0.02 secs] 
2024-10-08T20:14:32.809+0300: 0.257: Total time for which application threads were stopped: 0.0139770 seconds, Stopping threads took: 0.0000318 seconds
2024-10-08T20:14:32.809+0300: 0.258: Application time: 0.0001883 seconds
2024-10-08T20:14:32.809+0300: 0.258: [Full GC (System.gc()) 2024-10-08T20:14:32.809+0300: 0.258: [CMS: 3742K->3742K(699072K), 0.0078431 secs] 3742K->3742K(1013632K), [Metaspace: 7078K->7078K(1056768K)], 0.0080432 secs] [Times: user=0.00 sys=0.00, real=0.00 secs] 
2024-10-08T20:14:32.809+0300: 0.266: Total time for which application threads were stopped: 0.0082148 seconds, Stopping threads took: 0.0000905 seconds
2024-10-08T20:14:33.813+0300: 1.261: Application time: 0.9949930 seconds
2024-10-08T20:14:33.860+0300: 1.308: Total time for which application threads were stopped: 0.0471213 seconds, Stopping threads took: 0.0470135 seconds
2024-10-08T20:14:34.378+0300: 1.829: Application time: 0.5212466 seconds
2024-10-08T20:14:34.425+0300: 1.873: [GC (Allocation Failure) 2024-10-08T20:14:34.425+0300: 1.873: [ParNew: 279427K->237K(314560K), 0.0016504 secs] 283169K->3979K(1013632K), 0.0017602 secs] [Times: user=0.00 sys=0.00, real=0.00 secs] 
2024-10-08T20:14:34.425+0300: 1.874: Total time for which application threads were stopped: 0.0452344 seconds, Stopping threads took: 0.0433246 seconds
2024-10-08T20:14:35.429+0300: 2.877: Application time: 1.0020582 seconds
2024-10-08T20:14:35.445+0300: 2.892: Total time for which application threads were stopped: 0.0158528 seconds, Stopping threads took: 0.0157567 seconds
2024-10-08T20:14:35.996+0300: 3.452: Application time: 0.5600026 seconds
2024-10-08T20:14:36.041+0300: 3.489: [GC (Allocation Failure) 2024-10-08T20:14:36.041+0300: 3.489: [ParNew: 279853K->1958K(314560K), 0.0016416 secs] 283595K->5700K(1013632K), 0.0017458 secs] [Times: user=0.00 sys=0.00, real=0.00 secs] 
2024-10-08T20:14:36.041+0300: 3.490: Total time for which application threads were stopped: 0.0380033 seconds, Stopping threads took: 0.0361030 seconds
2024-10-08T20:14:36.653+0300: 4.101: Application time: 0.6103617 seconds
2024-10-08T20:14:36.685+0300: 4.132: Total time for which application threads were stopped: 0.0315424 seconds, Stopping threads took: 0.0313759 seconds
2024-10-08T20:14:37.627+0300: 5.083: Application time: 0.9503477 seconds
2024-10-08T20:14:37.658+0300: 5.106: [GC (Allocation Failure) 2024-10-08T20:14:37.658+0300: 5.106: [ParNew: 281274K->591K(314560K), 0.0020162 secs] 285016K->4333K(1013632K), 0.0022003 secs] [Times: user=0.00 sys=0.00, real=0.00 secs] 
2024-10-08T20:14:37.658+0300: 5.108: Total time for which application threads were stopped: 0.0257727 seconds, Stopping threads took: 0.0232616 seconds
2024-10-08T20:14:39.212+0300: 6.672: Application time: 1.5639796 seconds
2024-10-08T20:14:39.259+0300: 6.707: [GC (Allocation Failure) 2024-10-08T20:14:39.259+0300: 6.707: [ParNew: 279882K->595K(314560K), 0.0019768 secs] 283624K->4337K(1013632K), 0.0021145 secs] [Times: user=0.00 sys=0.00, real=0.00 secs] 
2024-10-08T20:14:39.259+0300: 6.709: Total time for which application threads were stopped: 0.0366840 seconds, Stopping threads took: 0.0344041 seconds
2024-10-08T20:14:40.812+0300: 8.264: Application time: 1.5548905 seconds
2024-10-08T20:14:40.859+0300: 8.307: [GC (Allocation Failure) 2024-10-08T20:14:40.859+0300: 8.307: [ParNew: 280116K->1176K(314560K), 0.0019267 secs] 283858K->4918K(1013632K), 0.0020636 secs] [Times: user=0.00 sys=0.00, real=0.00 secs] 
2024-10-08T20:14:40.859+0300: 8.309: Total time for which application threads were stopped: 0.0446843 seconds, Stopping threads took: 0.0424616 seconds
2024-10-08T20:14:42.460+0300: 9.919: Application time: 1.6102285 seconds
2024-10-08T20:14:42.507+0300: 9.955: [GC (Allocation Failure) 2024-10-08T20:14:42.507+0300: 9.955: [ParNew: 280763K->1181K(314560K), 0.0018414 secs] 284505K->4923K(1013632K), 0.0019762 secs] [Times: user=0.00 sys=0.00, real=0.00 secs] 
2024-10-08T20:14:42.507+0300: 9.957: Total time for which application threads were stopped: 0.0376863 seconds, Stopping threads took: 0.0355487 seconds
2024-10-08T20:14:44.108+0300: 11.556: Application time: 1.5997593 seconds
2024-10-08T20:14:44.139+0300: 11.587: [GC (Allocation Failure) 2024-10-08T20:14:44.139+0300: 11.587: [ParNew: 280725K->197K(314560K), 0.0018153 secs] 284467K->3968K(1013632K), 0.0019302 secs] [Times: user=0.00 sys=0.00, real=0.00 secs] 
2024-10-08T20:14:44.139+0300: 11.589: Total time for which application threads were stopped: 0.0327848 seconds, Stopping threads took: 0.0307003 seconds
2024-10-08T20:14:45.144+0300: 12.591: Application time: 1.0018799 seconds
2024-10-08T20:14:45.175+0300: 12.623: Total time for which application threads were stopped: 0.0314616 seconds, Stopping threads took: 0.0313738 seconds
2024-10-08T20:14:45.725+0300: 13.180: Application time: 0.5574149 seconds
2024-10-08T20:14:45.771+0300: 13.219: [GC (Allocation Failure) 2024-10-08T20:14:45.771+0300: 13.219: [ParNew: 279626K->575K(314560K), 0.0020784 secs] 283397K->4347K(1013632K), 0.0022380 secs] [Times: user=0.00 sys=0.00, real=0.00 secs] 
2024-10-08T20:14:45.771+0300: 13.221: Total time for which application threads were stopped: 0.0414729 seconds, Stopping threads took: 0.0390555 seconds
2024-10-08T20:14:46.775+0300: 14.222: Application time: 1.0008971 seconds
2024-10-08T20:14:46.806+0300: 14.254: Total time for which application threads were stopped: 0.0315119 seconds, Stopping threads took: 0.0314113 seconds
2024-10-08T20:14:47.387+0300: 14.844: Application time: 0.5905361 seconds
2024-10-08T20:14:47.434+0300: 14.882: [GC (Allocation Failure) 2024-10-08T20:14:47.434+0300: 14.882: [ParNew: 280102K->381K(314560K), 0.0019358 secs] 283874K->4154K(1013632K), 0.0020690 secs] [Times: user=0.00 sys=0.00, real=0.00 secs] 
2024-10-08T20:14:47.434+0300: 14.884: Total time for which application threads were stopped: 0.0394590 seconds, Stopping threads took: 0.0371931 seconds
2024-10-08T20:14:48.706+0300: 16.165: Application time: 1.2815916 seconds
2024-10-08T20:14:48.706+0300: 16.166: Total time for which application threads were stopped: 0.0001978 seconds, Stopping threads took: 0.0001551 seconds
2024-10-08T20:14:49.120+0300: 16.576: Application time: 0.4102034 seconds
2024-10-08T20:14:49.176+0300: 16.624: [GC (Allocation Failure) 2024-10-08T20:14:49.176+0300: 16.624: [ParNew: 279836K->391K(314560K), 0.0016294 secs] 283609K->4165K(1013632K), 0.0017511 secs] [Times: user=0.00 sys=0.00, real=0.00 secs] 
2024-10-08T20:14:49.176+0300: 16.626: Total time for which application threads were stopped: 0.0497458 seconds, Stopping threads took: 0.0478368 seconds
2024-10-08T20:14:50.776+0300: 18.228: Application time: 1.6021524 seconds
2024-10-08T20:14:50.807+0300: 18.255: [GC (Allocation Failure) 2024-10-08T20:14:50.807+0300: 18.255: [ParNew: 279693K->589K(314560K), 0.0014707 secs] 283467K->4364K(1013632K), 0.0015656 secs] [Times: user=0.00 sys=0.00, real=0.00 secs] 
2024-10-08T20:14:50.807+0300: 18.257: Total time for which application threads were stopped: 0.0289793 seconds, Stopping threads took: 0.0272762 seconds
2024-10-08T20:14:52.392+0300: 19.854: Application time: 1.5968419 seconds
2024-10-08T20:14:52.423+0300: 19.871: [GC (Allocation Failure) 2024-10-08T20:14:52.423+0300: 19.871: [ParNew: 280121K->1177K(314560K), 0.0016803 secs] 283897K->4954K(1013632K), 0.0017772 secs] [Times: user=0.00 sys=0.00, real=0.00 secs] 
2024-10-08T20:14:52.423+0300: 19.873: Total time for which application threads were stopped: 0.0192596 seconds, Stopping threads took: 0.0173444 seconds
2024-10-08T20:14:54.024+0300: 21.476: Application time: 1.6031877 seconds
2024-10-08T20:14:54.071+0300: 21.519: [GC (Allocation Failure) 2024-10-08T20:14:54.071+0300: 21.519: [ParNew: 280529K->588K(314560K), 0.0017850 secs] 284306K->4366K(1013632K), 0.0019073 secs] [Times: user=0.00 sys=0.00, real=0.00 secs] 
2024-10-08T20:14:54.071+0300: 21.521: Total time for which application threads were stopped: 0.0449454 seconds, Stopping threads took: 0.0428657 seconds
2024-10-08T20:14:55.657+0300: 23.112: Application time: 1.5908774 seconds
2024-10-08T20:14:55.688+0300: 23.135: [GC (Allocation Failure) 2024-10-08T20:14:55.688+0300: 23.136: [ParNew: 280079K->982K(314560K), 0.0015403 secs] 283857K->4762K(1013632K), 0.0016297 secs] [Times: user=0.00 sys=0.00, real=0.00 secs] 
2024-10-08T20:14:55.688+0300: 23.137: Total time for which application threads were stopped: 0.0252930 seconds, Stopping threads took: 0.0235418 seconds
2024-10-08T20:14:57.288+0300: 24.741: Application time: 1.6033563 seconds
2024-10-08T20:14:57.319+0300: 24.767: [GC (Allocation Failure) 2024-10-08T20:14:57.319+0300: 24.767: [ParNew: 280446K->586K(314560K), 0.0017115 secs] 284225K->4367K(1013632K), 0.0018497 secs] [Times: user=0.00 sys=0.00, real=0.00 secs] 
2024-10-08T20:14:57.319+0300: 24.769: Total time for which application threads were stopped: 0.0285133 seconds, Stopping threads took: 0.0265053 seconds
2024-10-08T20:14:58.920+0300: 26.370: Application time: 1.6013779 seconds
2024-10-08T20:14:58.952+0300: 26.399: [GC (Allocation Failure) 2024-10-08T20:14:58.952+0300: 26.399: [ParNew: 280133K->585K(314560K), 0.0019052 secs] 283914K->4375K(1013632K), 0.0020359 secs] [Times: user=0.00 sys=0.00, real=0.00 secs] 
2024-10-08T20:14:58.952+0300: 26.401: Total time for which application threads were stopped: 0.0310915 seconds, Stopping threads took: 0.0288772 seconds
2024-10-08T20:15:00.541+0300: 27.998: Application time: 1.5967289 seconds
2024-10-08T20:15:00.583+0300: 28.031: [GC (Allocation Failure) 2024-10-08T20:15:00.583+0300: 28.031: [ParNew: 280180K->1167K(314560K), 0.0016974 secs] 283971K->4959K(1013632K), 0.0018296 secs] [Times: user=0.00 sys=0.00, real=0.00 secs] 
2024-10-08T20:15:00.583+0300: 28.033: Total time for which application threads were stopped: 0.0344442 seconds, Stopping threads took: 0.0324506 seconds
2024-10-08T20:15:02.184+0300: 29.638: Application time: 1.6048918 seconds
2024-10-08T20:15:02.231+0300: 29.679: [GC (Allocation Failure) 2024-10-08T20:15:02.231+0300: 29.679: [ParNew: 280684K->381K(314560K), 0.0017097 secs] 284476K->4176K(1013632K), 0.0018195 secs] [Times: user=0.00 sys=0.00, real=0.00 secs] 
2024-10-08T20:15:02.231+0300: 29.681: Total time for which application threads were stopped: 0.0430861 seconds, Stopping threads took: 0.0411220 seconds
2024-10-08T20:15:03.830+0300: 31.285: Application time: 1.6040341 seconds
2024-10-08T20:15:03.877+0300: 31.325: [GC (Allocation Failure) 2024-10-08T20:15:03.877+0300: 31.325: [ParNew: 279977K->383K(314560K), 0.0015659 secs] 283772K->4179K(1013632K), 0.0016883 secs] [Times: user=0.00 sys=0.00, real=0.00 secs] 
2024-10-08T20:15:03.877+0300: 31.327: Total time for which application threads were stopped: 0.0419782 seconds, Stopping threads took: 0.0401143 seconds
2024-10-08T20:15:05.462+0300: 32.919: Application time: 1.5926009 seconds
2024-10-08T20:15:05.509+0300: 32.956: [GC (Allocation Failure) 2024-10-08T20:15:05.509+0300: 32.956: [ParNew: 279842K->577K(314560K), 0.0017460 secs] 283637K->4374K(1013632K), 0.0018668 secs] [Times: user=0.00 sys=0.00, real=0.00 secs] 
2024-10-08T20:15:05.509+0300: 32.958: Total time for which application threads were stopped: 0.0389465 seconds, Stopping threads took: 0.0369268 seconds
2024-10-08T20:15:06.513+0300: 33.960: Application time: 1.0021723 seconds
2024-10-08T20:15:06.560+0300: 34.008: Total time for which application threads were stopped: 0.0475131 seconds, Stopping threads took: 0.0474121 seconds
2024-10-08T20:15:07.125+0300: 34.577: Application time: 0.5686192 seconds
2024-10-08T20:15:07.172+0300: 34.620: [GC (Allocation Failure) 2024-10-08T20:15:07.172+0300: 34.620: [ParNew: 280153K->965K(314560K), 0.0017580 secs] 283950K->4764K(1013632K), 0.0019004 secs] [Times: user=0.00 sys=0.00, real=0.00 secs] 
2024-10-08T20:15:07.172+0300: 34.622: Total time for which application threads were stopped: 0.0452440 seconds, Stopping threads took: 0.0431698 seconds
2024-10-08T20:15:08.773+0300: 36.224: Application time: 1.6019197 seconds
2024-10-08T20:15:08.820+0300: 36.267: [GC (Allocation Failure) 2024-10-08T20:15:08.820+0300: 36.268: [ParNew: 280581K->579K(314560K), 0.0020126 secs] 284380K->4378K(1013632K), 0.0021480 secs] [Times: user=0.00 sys=0.00, real=0.00 secs] 
2024-10-08T20:15:08.820+0300: 36.270: Total time for which application threads were stopped: 0.0459369 seconds, Stopping threads took: 0.0436118 seconds
2024-10-08T20:15:10.405+0300: 37.861: Application time: 1.5917881 seconds
2024-10-08T20:15:10.452+0300: 37.899: [GC (Allocation Failure) 2024-10-08T20:15:10.452+0300: 37.899: [ParNew: 280152K->969K(314560K), 0.0020282 secs] 283951K->4770K(1013632K), 0.0021650 secs] [Times: user=0.00 sys=0.00, real=0.00 secs] 
2024-10-08T20:15:10.452+0300: 37.902: Total time for which application threads were stopped: 0.0401515 seconds, Stopping threads took: 0.0378108 seconds
2024-10-08T20:15:11.456+0300: 38.903: Application time: 1.0018759 seconds
2024-10-08T20:15:11.503+0300: 38.951: Total time for which application threads were stopped: 0.0475105 seconds, Stopping threads took: 0.0474121 seconds
2024-10-08T20:15:12.069+0300: 39.520: Application time: 0.5687369 seconds
2024-10-08T20:15:12.115+0300: 39.563: [GC (Allocation Failure) 2024-10-08T20:15:12.115+0300: 39.563: [ParNew: 280431K->186K(314560K), 0.0017557 secs] 284232K->3989K(1013632K), 0.0018853 secs] [Times: user=0.00 sys=0.00, real=0.00 secs] 
2024-10-08T20:15:12.115+0300: 39.565: Total time for which application threads were stopped: 0.0454325 seconds, Stopping threads took: 0.0433641 seconds
2024-10-08T20:15:13.120+0300: 40.567: Application time: 1.0022851 seconds
2024-10-08T20:15:13.167+0300: 40.615: Total time for which application threads were stopped: 0.0475173 seconds, Stopping threads took: 0.0474169 seconds
2024-10-08T20:15:13.716+0300: 41.167: Application time: 0.5523696 seconds
2024-10-08T20:15:13.763+0300: 41.211: [GC (Allocation Failure) 2024-10-08T20:15:13.763+0300: 41.211: [ParNew: 279802K->579K(314560K), 0.0022365 secs] 283605K->4382K(1013632K), 0.0023825 secs] [Times: user=0.00 sys=0.00, real=0.00 secs] 
2024-10-08T20:15:13.763+0300: 41.213: Total time for which application threads were stopped: 0.0458598 seconds, Stopping threads took: 0.0433279 seconds
2024-10-08T20:15:15.370+0300: 42.820: Application time: 1.6069159 seconds
2024-10-08T20:15:15.396+0300: 42.844: [GC (Allocation Failure) 2024-10-08T20:15:15.396+0300: 42.844: [ParNew: 280101K->1161K(314560K), 0.0016324 secs] 283904K->4966K(1013632K), 0.0017592 secs] [Times: user=0.00 sys=0.00, real=0.00 secs] 
2024-10-08T20:15:15.396+0300: 42.846: Total time for which application threads were stopped: 0.0254776 seconds, Stopping threads took: 0.0235591 seconds
2024-10-08T20:15:16.997+0300: 44.451: Application time: 1.6055561 seconds
2024-10-08T20:15:17.044+0300: 44.492: [GC (Allocation Failure) 2024-10-08T20:15:17.044+0300: 44.492: [ParNew: 280752K->573K(314560K), 0.0015415 secs] 284557K->4379K(1013632K), 0.0017802 secs] [Times: user=0.00 sys=0.00, real=0.00 secs] 
2024-10-08T20:15:17.044+0300: 44.494: Total time for which application threads were stopped: 0.0424394 seconds, Stopping threads took: 0.0404834 seconds
2024-10-08T20:15:18.048+0300: 45.496: Application time: 1.0021637 seconds
2024-10-08T20:15:18.096+0300: 45.543: Total time for which application threads were stopped: 0.0476022 seconds, Stopping threads took: 0.0475014 seconds
2024-10-08T20:15:18.645+0300: 46.097: Application time: 0.5537178 seconds
2024-10-08T20:15:18.692+0300: 46.139: [GC (Allocation Failure) 2024-10-08T20:15:18.692+0300: 46.139: [ParNew: 280099K->1161K(314560K), 0.0020202 secs] 283906K->4968K(1013632K), 0.0021384 secs] [Times: user=0.00 sys=0.00, real=0.00 secs] 
2024-10-08T20:15:18.692+0300: 46.142: Total time for which application threads were stopped: 0.0444794 seconds, Stopping threads took: 0.0421845 seconds
2024-10-08T20:15:20.292+0300: 47.743: Application time: 1.6016009 seconds
2024-10-08T20:15:20.339+0300: 47.787: [GC (Allocation Failure) 2024-10-08T20:15:20.339+0300: 47.787: [ParNew: 280456K->575K(314560K), 0.0018378 secs] 284264K->4383K(1013632K), 0.0019625 secs] [Times: user=0.00 sys=0.00, real=0.00 secs] 
2024-10-08T20:15:20.339+0300: 47.789: Total time for which application threads were stopped: 0.0457924 seconds, Stopping threads took: 0.0436635 seconds
2024-10-08T20:15:21.343+0300: 48.790: Application time: 1.0015094 seconds
2024-10-08T20:15:21.374+0300: 48.822: Total time for which application threads were stopped: 0.0313834 seconds, Stopping threads took: 0.0313303 seconds
2024-10-08T20:15:21.939+0300: 49.389: Application time: 0.5674355 seconds
2024-10-08T20:15:21.986+0300: 49.434: [GC (Allocation Failure) 2024-10-08T20:15:21.986+0300: 49.434: [ParNew: 280114K->967K(314560K), 0.0019220 secs] 283923K->4777K(1013632K), 0.0020404 secs] [Times: user=0.00 sys=0.00, real=0.00 secs] 
2024-10-08T20:15:21.986+0300: 49.436: Total time for which application threads were stopped: 0.0464994 seconds, Stopping threads took: 0.0442889 seconds
2024-10-08T20:15:23.587+0300: 51.034: Application time: 1.5986173 seconds
2024-10-08T20:15:23.634+0300: 51.082: [GC (Allocation Failure) 2024-10-08T20:15:23.634+0300: 51.082: [ParNew: 280524K->379K(314560K), 0.0018127 secs] 284334K->4190K(1013632K), 0.0019328 secs] [Times: user=0.00 sys=0.00, real=0.00 secs] 
2024-10-08T20:15:23.634+0300: 51.084: Total time for which application threads were stopped: 0.0490964 seconds, Stopping threads took: 0.0470110 seconds
2024-10-08T20:15:25.218+0300: 52.680: Application time: 1.5961926 seconds
2024-10-08T20:15:25.265+0300: 52.713: [GC (Allocation Failure) 2024-10-08T20:15:25.265+0300: 52.713: [ParNew: 279912K->965K(314560K), 0.0020117 secs] 283723K->4777K(1013632K), 0.0021303 secs] [Times: user=0.00 sys=0.00, real=0.00 secs] 
2024-10-08T20:15:25.265+0300: 52.715: Total time for which application threads were stopped: 0.0354396 seconds, Stopping threads took: 0.0331500 seconds
2024-10-08T20:15:26.865+0300: 54.318: Application time: 1.6024483 seconds
2024-10-08T20:15:26.913+0300: 54.360: [GC (Allocation Failure) 2024-10-08T20:15:26.913+0300: 54.360: [ParNew: 280420K->381K(314560K), 0.0019403 secs] 284232K->4195K(1013632K), 0.0020649 secs] [Times: user=0.00 sys=0.00, real=0.00 secs] 
2024-10-08T20:15:26.913+0300: 54.362: Total time for which application threads were stopped: 0.0448629 seconds, Stopping threads took: 0.0426411 seconds
2024-10-08T20:15:28.498+0300: 55.953: Application time: 1.5908781 seconds
2024-10-08T20:15:28.545+0300: 55.992: [GC (Allocation Failure) 2024-10-08T20:15:28.545+0300: 55.992: [ParNew: 279749K->577K(314560K), 0.0016507 secs] 283563K->4391K(1013632K), 0.0017805 secs] [Times: user=0.00 sys=0.00, real=0.00 secs] 
2024-10-08T20:15:28.545+0300: 55.994: Total time for which application threads were stopped: 0.0407030 seconds, Stopping threads took: 0.0387599 seconds
2024-10-08T20:15:30.144+0300: 57.595: Application time: 1.6011595 seconds
2024-10-08T20:15:30.176+0300: 57.623: [GC (Allocation Failure) 2024-10-08T20:15:30.176+0300: 57.623: [ParNew: 280103K->1159K(314560K), 0.0015822 secs] 283917K->4974K(1013632K), 0.0017122 secs] [Times: user=0.00 sys=0.00, real=0.00 secs] 
2024-10-08T20:15:30.176+0300: 57.625: Total time for which application threads were stopped: 0.0298718 seconds, Stopping threads took: 0.0280013 seconds
2024-10-08T20:15:31.776+0300: 59.223: Application time: 1.5979118 seconds
2024-10-08T20:15:31.807+0300: 59.254: [GC (Allocation Failure) 2024-10-08T20:15:31.807+0300: 59.254: [ParNew: 280753K->774K(314560K), 0.0014455 secs] 284568K->4591K(1013632K), 0.0015218 secs] [Times: user=0.00 sys=0.00, real=0.00 secs] 
2024-10-08T20:15:31.808+0300: 59.256: Total time for which application threads were stopped: 0.0326874 seconds, Stopping threads took: 0.0310579 seconds
2024-10-08T20:15:33.403+0300: 60.852: Application time: 1.5963613 seconds
2024-10-08T20:15:33.424+0300: 60.871: [GC (Allocation Failure) 2024-10-08T20:15:33.424+0300: 60.871: [ParNew: 280347K->1161K(314560K), 0.0012973 secs] 284164K->4979K(1013632K), 0.0013934 secs] [Times: user=0.00 sys=0.00, real=0.00 secs] 
2024-10-08T20:15:33.424+0300: 60.873: Total time for which application threads were stopped: 0.0207299 seconds, Stopping threads took: 0.0192102 seconds
2024-10-08T20:15:35.023+0300: 62.478: Application time: 1.6052108 seconds
2024-10-08T20:15:35.070+0300: 62.517: [GC (Allocation Failure) 2024-10-08T20:15:35.070+0300: 62.517: [ParNew: 280551K->575K(314560K), 0.0018268 secs] 284369K->4394K(1013632K), 0.0019561 secs] [Times: user=0.00 sys=0.00, real=0.00 secs] 
2024-10-08T20:15:35.070+0300: 62.519: Total time for which application threads were stopped: 0.0413516 seconds, Stopping threads took: 0.0392274 seconds
2024-10-08T20:15:36.656+0300: 64.118: Application time: 1.5984094 seconds
2024-10-08T20:15:36.718+0300: 64.166: [GC (Allocation Failure) 2024-10-08T20:15:36.718+0300: 64.166: [ParNew: 280142K->184K(314560K), 0.0018696 secs] 283962K->4004K(1013632K), 0.0020008 secs] [Times: user=0.00 sys=0.00, real=0.00 secs] 
2024-10-08T20:15:36.718+0300: 64.168: Total time for which application threads were stopped: 0.0503551 seconds, Stopping threads took: 0.0481959 seconds
2024-10-08T20:15:38.312+0300: 65.762: Application time: 1.5941845 seconds
2024-10-08T20:15:38.351+0300: 65.798: [GC (Allocation Failure) 2024-10-08T20:15:38.351+0300: 65.798: [ParNew: 279712K->577K(314560K), 0.0017615 secs] 283533K->4398K(1013632K), 0.0018967 secs] [Times: user=0.00 sys=0.00, real=0.00 secs] 
2024-10-08T20:15:38.351+0300: 65.800: Total time for which application threads were stopped: 0.0379040 seconds, Stopping threads took: 0.0358388 seconds
2024-10-08T20:15:39.936+0300: 67.398: Application time: 1.5978858 seconds
2024-10-08T20:15:39.983+0300: 67.431: [GC (Allocation Failure) 2024-10-08T20:15:39.983+0300: 67.431: [ParNew: 280065K->967K(314560K), 0.0018404 secs] 283887K->4790K(1013632K), 0.0019545 secs] [Times: user=0.00 sys=0.00, real=0.00 secs] 
2024-10-08T20:15:39.983+0300: 67.433: Total time for which application threads were stopped: 0.0345441 seconds, Stopping threads took: 0.0324287 seconds
2024-10-08T20:15:41.584+0300: 69.035: Application time: 1.6020687 seconds
2024-10-08T20:15:41.631+0300: 69.079: [GC (Allocation Failure) 2024-10-08T20:15:41.631+0300: 69.079: [ParNew: 280450K->573K(314560K), 0.0015641 secs] 284273K->4396K(1013632K), 0.0016962 secs] [Times: user=0.00 sys=0.00, real=0.00 secs] 
2024-10-08T20:15:41.631+0300: 69.080: Total time for which application threads were stopped: 0.0455495 seconds, Stopping threads took: 0.0436947 seconds
2024-10-08T20:15:43.222+0300: 70.677: Application time: 1.5970702 seconds
2024-10-08T20:15:43.262+0300: 70.710: [GC (Allocation Failure) 2024-10-08T20:15:43.262+0300: 70.710: [ParNew: 280030K->965K(314560K), 0.0018178 secs] 283854K->4790K(1013632K), 0.0019378 secs] [Times: user=0.00 sys=0.00, real=0.00 secs] 
2024-10-08T20:15:43.262+0300: 70.712: Total time for which application threads were stopped: 0.0348433 seconds, Stopping threads took: 0.0327379 seconds
2024-10-08T20:15:44.863+0300: 72.317: Application time: 1.6043021 seconds
2024-10-08T20:15:44.910+0300: 72.358: [GC (Allocation Failure) 2024-10-08T20:15:44.910+0300: 72.358: [ParNew: 280404K->186K(314560K), 0.0017978 secs] 284229K->4012K(1013632K), 0.0019173 secs] [Times: user=0.00 sys=0.00, real=0.00 secs] 
2024-10-08T20:15:44.910+0300: 72.359: Total time for which application threads were stopped: 0.0429455 seconds, Stopping threads took: 0.0408725 seconds
2024-10-08T20:15:46.495+0300: 73.953: Application time: 1.5937048 seconds
2024-10-08T20:15:46.526+0300: 73.974: [GC (Allocation Failure) 2024-10-08T20:15:46.526+0300: 73.974: [ParNew: 279802K->577K(314560K), 0.0015949 secs] 283628K->4404K(1013632K), 0.0016967 secs] [Times: user=0.00 sys=0.00, real=0.00 secs] 
2024-10-08T20:15:46.528+0300: 73.976: Total time for which application threads were stopped: 0.0225059 seconds, Stopping threads took: 0.0206695 seconds
2024-10-08T20:15:47.531+0300: 74.978: Application time: 1.0024420 seconds
2024-10-08T20:15:47.546+0300: 74.994: Total time for which application threads were stopped: 0.0158108 seconds, Stopping threads took: 0.0157611 seconds
2024-10-08T20:15:48.143+0300: 75.591: Application time: 0.5969185 seconds
2024-10-08T20:15:48.174+0300: 75.622: [GC (Allocation Failure) 2024-10-08T20:15:48.174+0300: 75.622: [ParNew: 280164K->188K(314560K), 0.0018429 secs] 283991K->4016K(1013632K), 0.0019508 secs] [Times: user=0.00 sys=0.00, real=0.00 secs] 
2024-10-08T20:15:48.174+0300: 75.624: Total time for which application threads were stopped: 0.0329787 seconds, Stopping threads took: 0.0308787 seconds
2024-10-08T20:15:49.791+0300: 77.240: Application time: 1.6158810 seconds
2024-10-08T20:15:49.838+0300: 77.286: [GC (Allocation Failure) 2024-10-08T20:15:49.838+0300: 77.286: [ParNew: 279754K->579K(314560K), 0.0016060 secs] 283582K->4408K(1013632K), 0.0017165 secs] [Times: user=0.00 sys=0.00, real=0.00 secs] 
2024-10-08T20:15:49.838+0300: 77.287: Total time for which application threads were stopped: 0.0477447 seconds, Stopping threads took: 0.0458520 seconds
2024-10-08T20:15:51.438+0300: 78.893: Application time: 1.6054463 seconds
2024-10-08T20:15:51.485+0300: 78.933: [GC (Allocation Failure) 2024-10-08T20:15:51.485+0300: 78.933: [ParNew: 280126K->1163K(314560K), 0.0017327 secs] 283955K->4993K(1013632K), 0.0018598 secs] [Times: user=0.00 sys=0.00, real=0.00 secs] 
2024-10-08T20:15:51.485+0300: 78.934: Total time for which application threads were stopped: 0.0414651 seconds, Stopping threads took: 0.0394363 seconds
2024-10-08T20:15:53.085+0300: 80.535: Application time: 1.6006722 seconds
2024-10-08T20:15:53.132+0300: 80.579: [GC (Allocation Failure) 2024-10-08T20:15:53.132+0300: 80.579: [ParNew: 280493K->577K(314560K), 0.0019242 secs] 284323K->4408K(1013632K), 0.0020404 secs] [Times: user=0.00 sys=0.00, real=0.00 secs] 
2024-10-08T20:15:53.132+0300: 80.581: Total time for which application threads were stopped: 0.0462600 seconds, Stopping threads took: 0.0440679 seconds
2024-10-08T20:15:54.716+0300: 82.174: Application time: 1.5930248 seconds
2024-10-08T20:15:54.747+0300: 82.195: [GC (Allocation Failure) 2024-10-08T20:15:54.747+0300: 82.195: [ParNew: 280093K->965K(314560K), 0.0014711 secs] 283925K->4798K(1013632K), 0.0015781 secs] [Times: user=0.00 sys=0.00, real=0.00 secs] 
2024-10-08T20:15:54.747+0300: 82.197: Total time for which application threads were stopped: 0.0221444 seconds, Stopping threads took: 0.0204285 seconds
2024-10-08T20:15:56.347+0300: 83.802: Application time: 1.6056124 seconds
2024-10-08T20:15:56.394+0300: 83.842: [GC (Allocation Failure) 2024-10-08T20:15:56.394+0300: 83.842: [ParNew: 280412K->379K(314560K), 0.0017996 secs] 284245K->4213K(1013632K), 0.0019133 secs] [Times: user=0.00 sys=0.00, real=0.00 secs] 
2024-10-08T20:15:56.394+0300: 83.844: Total time for which application threads were stopped: 0.0415039 seconds, Stopping threads took: 0.0394409 seconds
2024-10-08T20:15:57.994+0300: 85.444: Application time: 1.6006354 seconds
2024-10-08T20:15:58.025+0300: 85.473: [GC (Allocation Failure) 2024-10-08T20:15:58.025+0300: 85.473: [ParNew: 279859K->965K(314560K), 0.0018042 secs] 283694K->4800K(1013632K), 0.0019154 secs] [Times: user=0.00 sys=0.00, real=0.00 secs] 
2024-10-08T20:15:58.025+0300: 85.475: Total time for which application threads were stopped: 0.0306071 seconds, Stopping threads took: 0.0285559 seconds
2024-10-08T20:15:59.610+0300: 87.071: Application time: 1.5965029 seconds
2024-10-08T20:15:59.657+0300: 87.105: [GC (Allocation Failure) 2024-10-08T20:15:59.657+0300: 87.105: [ParNew: 280562K->383K(314560K), 0.0015121 secs] 284397K->4220K(1013632K), 0.0016093 secs] [Times: user=0.00 sys=0.00, real=0.00 secs] 
2024-10-08T20:15:59.657+0300: 87.107: Total time for which application threads were stopped: 0.0353478 seconds, Stopping threads took: 0.0335931 seconds
2024-10-08T20:16:01.259+0300: 88.710: Application time: 1.6033598 seconds
2024-10-08T20:16:01.290+0300: 88.738: [GC (Allocation Failure) 2024-10-08T20:16:01.290+0300: 88.738: [ParNew: 279930K->967K(314560K), 0.0016885 secs] 283767K->4805K(1013632K), 0.0018015 secs] [Times: user=0.00 sys=0.00, real=0.00 secs] 
2024-10-08T20:16:01.290+0300: 88.740: Total time for which application threads were stopped: 0.0294564 seconds, Stopping threads took: 0.0275063 seconds
2024-10-08T20:16:02.890+0300: 90.343: Application time: 1.6032032 seconds
2024-10-08T20:16:02.921+0300: 90.369: [GC (Allocation Failure) 2024-10-08T20:16:02.921+0300: 90.369: [ParNew: 280583K->1358K(314560K), 0.0019118 secs] 284421K->5196K(1013632K), 0.0020454 secs] [Times: user=0.00 sys=0.00, real=0.00 secs] 
2024-10-08T20:16:02.921+0300: 90.371: Total time for which application threads were stopped: 0.0284279 seconds, Stopping threads took: 0.0262178 seconds
2024-10-08T20:16:04.523+0300: 91.974: Application time: 1.6023742 seconds
2024-10-08T20:16:04.570+0300: 92.018: [GC (Allocation Failure) 2024-10-08T20:16:04.570+0300: 92.018: [ParNew: 280738K->575K(314560K), 0.0019478 secs] 284576K->4414K(1013632K), 0.0020664 secs] [Times: user=0.00 sys=0.00, real=0.00 secs] 
2024-10-08T20:16:04.570+0300: 92.020: Total time for which application threads were stopped: 0.0460416 seconds, Stopping threads took: 0.0438236 seconds
2024-10-08T20:16:06.171+0300: 93.624: Application time: 1.6046312 seconds
2024-10-08T20:16:06.202+0300: 93.650: [GC (Allocation Failure) 2024-10-08T20:16:06.202+0300: 93.650: [ParNew: 280040K->967K(314560K), 0.0016914 secs] 283880K->4808K(1013632K), 0.0018058 secs] [Times: user=0.00 sys=0.00, real=0.00 secs] 
2024-10-08T20:16:06.202+0300: 93.652: Total time for which application threads were stopped: 0.0275584 seconds, Stopping threads took: 0.0255992 seconds
2024-10-08T20:16:07.787+0300: 95.249: Application time: 1.5976719 seconds
2024-10-08T20:16:07.834+0300: 95.282: [GC (Allocation Failure) 2024-10-08T20:16:07.834+0300: 95.282: [ParNew: 280488K->1553K(314560K), 0.0018558 secs] 284329K->5395K(1013632K), 0.0019745 secs] [Times: user=0.00 sys=0.00, real=0.00 secs] 
2024-10-08T20:16:07.834+0300: 95.284: Total time for which application threads were stopped: 0.0342619 seconds, Stopping threads took: 0.0321116 seconds
2024-10-08T20:16:09.434+0300: 96.882: Application time: 1.5983599 seconds
2024-10-08T20:16:09.465+0300: 96.913: [GC (Allocation Failure) 2024-10-08T20:16:09.465+0300: 96.913: [ParNew: 281165K->1161K(314560K), 0.0014315 secs] 285007K->5004K(1013632K), 0.0015366 secs] [Times: user=0.00 sys=0.00, real=0.00 secs] 
2024-10-08T20:16:09.465+0300: 96.914: Total time for which application threads were stopped: 0.0320547 seconds, Stopping threads took: 0.0303817 seconds
2024-10-08T20:16:11.066+0300: 98.520: Application time: 1.6056541 seconds
2024-10-08T20:16:11.113+0300: 98.561: [GC (Allocation Failure) 2024-10-08T20:16:11.113+0300: 98.561: [ParNew: 280739K->577K(314560K), 0.0015960 secs] 284582K->4421K(1013632K), 0.0017389 secs] [Times: user=0.00 sys=0.00, real=0.00 secs] 
2024-10-08T20:16:11.113+0300: 98.562: Total time for which application threads were stopped: 0.0426391 seconds, Stopping threads took: 0.0406478 seconds
2024-10-08T20:16:12.698+0300: 100.159: Application time: 1.5964279 seconds
2024-10-08T20:16:12.745+0300: 100.192: [GC (Allocation Failure) 2024-10-08T20:16:12.745+0300: 100.193: [ParNew: 280169K->186K(314560K), 0.0017811 secs] 284014K->4032K(1013632K), 0.0019065 secs] [Times: user=0.00 sys=0.00, real=0.00 secs] 
2024-10-08T20:16:12.745+0300: 100.194: Total time for which application threads were stopped: 0.0355213 seconds, Stopping threads took: 0.0334574 seconds
2024-10-08T20:16:14.330+0300: 101.787: Application time: 1.5926906 seconds
2024-10-08T20:16:14.377+0300: 101.825: [GC (Allocation Failure) 2024-10-08T20:16:14.377+0300: 101.825: [ParNew: 279480K->575K(314560K), 0.0018224 secs] 283326K->4421K(1013632K), 0.0019529 secs] [Times: user=0.00 sys=0.00, real=0.00 secs] 
2024-10-08T20:16:14.377+0300: 101.827: Total time for which application threads were stopped: 0.0394992 seconds, Stopping threads took: 0.0373819 seconds
2024-10-08T20:16:15.977+0300: 103.430: Application time: 1.6033781 seconds
2024-10-08T20:16:15.993+0300: 103.441: [GC (Allocation Failure) 2024-10-08T20:16:15.993+0300: 103.441: [ParNew: 280085K->965K(314560K), 0.0015623 secs] 283932K->4813K(1013632K), 0.0016555 secs] [Times: user=0.00 sys=0.00, real=0.00 secs] 
2024-10-08T20:16:15.993+0300: 103.443: Total time for which application threads were stopped: 0.0126282 seconds, Stopping threads took: 0.0108521 seconds
2024-10-08T20:16:17.594+0300: 105.050: Application time: 1.6071043 seconds
2024-10-08T20:16:17.641+0300: 105.088: [GC (Allocation Failure) 2024-10-08T20:16:17.641+0300: 105.089: [ParNew: 280567K->577K(314560K), 0.0017360 secs] 284416K->4426K(1013632K), 0.0018601 secs] [Times: user=0.00 sys=0.00, real=0.00 secs] 
2024-10-08T20:16:17.641+0300: 105.090: Total time for which application threads were stopped: 0.0406251 seconds, Stopping threads took: 0.0386042 seconds
2024-10-08T20:16:19.241+0300: 106.689: Application time: 1.5985299 seconds
2024-10-08T20:16:19.272+0300: 106.720: [GC (Allocation Failure) 2024-10-08T20:16:19.272+0300: 106.720: [ParNew: 280116K->1161K(314560K), 0.0018172 secs] 283966K->5011K(1013632K), 0.0019539 secs] [Times: user=0.00 sys=0.00, real=0.00 secs] 
2024-10-08T20:16:19.272+0300: 106.722: Total time for which application threads were stopped: 0.0330641 seconds, Stopping threads took: 0.0309537 seconds
2024-10-08T20:16:20.873+0300: 108.323: Application time: 1.6006809 seconds
2024-10-08T20:16:20.920+0300: 108.368: [GC (Allocation Failure) 2024-10-08T20:16:20.920+0300: 108.368: [ParNew: 280612K->381K(314560K), 0.0016338 secs] 284462K->4233K(1013632K), 0.0017518 secs] [Times: user=0.00 sys=0.00, real=0.00 secs] 
2024-10-08T20:16:20.920+0300: 108.370: Total time for which application threads were stopped: 0.0470390 seconds, Stopping threads took: 0.0451322 seconds
2024-10-08T20:16:22.506+0300: 109.965: Application time: 1.5951901 seconds
2024-10-08T20:16:22.537+0300: 109.985: [GC (Allocation Failure) 2024-10-08T20:16:22.537+0300: 109.985: [ParNew: 279997K->965K(314560K), 0.0015496 secs] 283849K->4818K(1013632K), 0.0016442 secs] [Times: user=0.00 sys=0.00, real=0.00 secs] 
2024-10-08T20:16:22.537+0300: 109.987: Total time for which application threads were stopped: 0.0216908 seconds, Stopping threads took: 0.0198988 seconds
2024-10-08T20:16:24.139+0300: 111.601: Application time: 1.6144013 seconds
2024-10-08T20:16:24.186+0300: 111.634: [GC (Allocation Failure) 2024-10-08T20:16:24.186+0300: 111.634: [ParNew: 280563K->579K(314560K), 0.0017040 secs] 284416K->4432K(1013632K), 0.0018035 secs] [Times: user=0.00 sys=0.00, real=0.00 secs] 
2024-10-08T20:16:24.186+0300: 111.635: Total time for which application threads were stopped: 0.0344533 seconds, Stopping threads took: 0.0325020 seconds
2024-10-08T20:16:25.787+0300: 113.238: Application time: 1.6027194 seconds
2024-10-08T20:16:25.803+0300: 113.250: [GC (Allocation Failure) 2024-10-08T20:16:25.803+0300: 113.250: [ParNew: 280049K->963K(314560K), 0.0013706 secs] 283902K->4818K(1013632K), 0.0014705 secs] [Times: user=0.00 sys=0.00, real=0.00 secs] 
2024-10-08T20:16:25.803+0300: 113.252: Total time for which application threads were stopped: 0.0136945 seconds, Stopping threads took: 0.0120923 seconds
2024-10-08T20:16:27.402+0300: 114.852: Application time: 1.6005135 seconds
2024-10-08T20:16:27.449+0300: 114.897: [GC (Allocation Failure) 2024-10-08T20:16:27.449+0300: 114.897: [ParNew: 280494K->381K(314560K), 0.0018160 secs] 284349K->4237K(1013632K), 0.0019350 secs] [Times: user=0.00 sys=0.00, real=0.00 secs] 
2024-10-08T20:16:27.449+0300: 114.899: Total time for which application threads were stopped: 0.0465909 seconds, Stopping threads took: 0.0445015 seconds
2024-10-08T20:16:29.035+0300: 116.496: Application time: 1.5970289 seconds
2024-10-08T20:16:29.066+0300: 116.514: [GC (Allocation Failure) 2024-10-08T20:16:29.066+0300: 116.514: [ParNew: 279880K->967K(314560K), 0.0014439 secs] 283736K->4824K(1013632K), 0.0015372 secs] [Times: user=0.00 sys=0.00, real=0.00 secs] 
2024-10-08T20:16:29.066+0300: 116.516: Total time for which application threads were stopped: 0.0196846 seconds, Stopping threads took: 0.0180096 seconds
2024-10-08T20:16:30.667+0300: 118.118: Application time: 1.6022546 seconds
2024-10-08T20:16:30.714+0300: 118.162: [GC (Allocation Failure) 2024-10-08T20:16:30.714+0300: 118.162: [ParNew: 280465K->377K(314560K), 0.0018163 secs] 284322K->4236K(1013632K), 0.0019476 secs] [Times: user=0.00 sys=0.00, real=0.00 secs] 
2024-10-08T20:16:30.714+0300: 118.164: Total time for which application threads were stopped: 0.0461961 seconds, Stopping threads took: 0.0440947 seconds
2024-10-08T20:16:32.313+0300: 119.763: Application time: 1.5984735 seconds
2024-10-08T20:16:32.345+0300: 119.792: [GC (Allocation Failure) 2024-10-08T20:16:32.345+0300: 119.793: [ParNew: 279688K->577K(314560K), 0.0017360 secs] 283547K->4436K(1013632K), 0.0018668 secs] [Times: user=0.00 sys=0.00, real=0.00 secs] 
2024-10-08T20:16:32.345+0300: 119.794: Total time for which application threads were stopped: 0.0317616 seconds, Stopping threads took: 0.0297351 seconds
2024-10-08T20:16:33.945+0300: 121.393: Application time: 1.5983042 seconds
2024-10-08T20:16:33.992+0300: 121.440: [GC (Allocation Failure) 2024-10-08T20:16:33.992+0300: 121.440: [ParNew: 280183K->186K(314560K), 0.0017738 secs] 284042K->4046K(1013632K), 0.0018948 secs] [Times: user=0.00 sys=0.00, real=0.00 secs] 
2024-10-08T20:16:33.992+0300: 121.442: Total time for which application threads were stopped: 0.0489237 seconds, Stopping threads took: 0.0468724 seconds
2024-10-08T20:16:35.577+0300: 123.029: Application time: 1.5869198 seconds
2024-10-08T20:16:35.624+0300: 123.072: [GC (Allocation Failure) 2024-10-08T20:16:35.624+0300: 123.072: [ParNew: 279530K->575K(314560K), 0.0017313 secs] 283390K->4436K(1013632K), 0.0018539 secs] [Times: user=0.00 sys=0.00, real=0.00 secs] 
2024-10-08T20:16:35.624+0300: 123.074: Total time for which application threads were stopped: 0.0453465 seconds, Stopping threads took: 0.0433350 seconds
2024-10-08T20:16:37.225+0300: 124.673: Application time: 1.5994781 seconds
2024-10-08T20:16:37.257+0300: 124.704: [GC (Allocation Failure) 2024-10-08T20:16:37.257+0300: 124.704: [ParNew: 280131K->967K(314560K), 0.0015734 secs] 283992K->4830K(1013632K), 0.0016990 secs] [Times: user=0.00 sys=0.00, real=0.00 secs] 
2024-10-08T20:16:37.257+0300: 124.706: Total time for which application threads were stopped: 0.0327888 seconds, Stopping threads took: 0.0309386 seconds
2024-10-08T20:16:38.857+0300: 126.311: Application time: 1.6044759 seconds
2024-10-08T20:16:38.904+0300: 126.352: [GC (Allocation Failure) 2024-10-08T20:16:38.904+0300: 126.352: [ParNew: 280446K->381K(314560K), 0.0018967 secs] 284309K->4245K(1013632K), 0.0020264 secs] [Times: user=0.00 sys=0.00, real=0.00 secs] 
2024-10-08T20:16:38.904+0300: 126.354: Total time for which application threads were stopped: 0.0433629 seconds, Stopping threads took: 0.0411686 seconds
2024-10-08T20:16:40.489+0300: 127.949: Application time: 1.5946862 seconds
2024-10-08T20:16:40.521+0300: 127.968: [GC (Allocation Failure) 2024-10-08T20:16:40.521+0300: 127.968: [ParNew: 279997K->967K(314560K), 0.0018878 secs] 283861K->4832K(1013632K), 0.0020215 secs] [Times: user=0.00 sys=0.00, real=0.00 secs] 
2024-10-08T20:16:40.521+0300: 127.970: Total time for which application threads were stopped: 0.0216704 seconds, Stopping threads took: 0.0194952 seconds
2024-10-08T20:16:42.122+0300: 129.578: Application time: 1.6078744 seconds
2024-10-08T20:16:42.169+0300: 129.617: [GC (Allocation Failure) 2024-10-08T20:16:42.169+0300: 129.617: [ParNew: 280572K->381K(314560K), 0.0017388 secs] 284437K->4248K(1013632K), 0.0018687 secs] [Times: user=0.00 sys=0.00, real=0.00 secs] 
2024-10-08T20:16:42.169+0300: 129.619: Total time for which application threads were stopped: 0.0403589 seconds, Stopping threads took: 0.0383119 seconds
2024-10-08T20:16:43.754+0300: 131.213: Application time: 1.5940976 seconds
2024-10-08T20:16:43.801+0300: 131.249: [GC (Allocation Failure) 2024-10-08T20:16:43.801+0300: 131.249: [ParNew: 279879K->967K(314560K), 0.0011586 secs] 283746K->4835K(1013632K), 0.0012370 secs] [Times: user=0.00 sys=0.00, real=0.00 secs] 
2024-10-08T20:16:43.801+0300: 131.250: Total time for which application threads were stopped: 0.0374671 seconds, Stopping threads took: 0.0361128 seconds
2024-10-08T20:16:45.417+0300: 132.865: Application time: 1.6143460 seconds
2024-10-08T20:16:45.464+0300: 132.912: [GC (Allocation Failure) 2024-10-08T20:16:45.464+0300: 132.912: [ParNew: 280485K->379K(314560K), 0.0019910 secs] 284352K->4248K(1013632K), 0.0021230 secs] [Times: user=0.00 sys=0.00, real=0.00 secs] 
2024-10-08T20:16:45.464+0300: 132.914: Total time for which application threads were stopped: 0.0492617 seconds, Stopping threads took: 0.0469841 seconds
2024-10-08T20:16:47.065+0300: 134.515: Application time: 1.6015796 seconds
2024-10-08T20:16:47.081+0300: 134.528: [GC (Allocation Failure) 2024-10-08T20:16:47.081+0300: 134.528: [ParNew: 279983K->967K(314560K), 0.0015761 secs] 283852K->4837K(1013632K), 0.0016724 secs] [Times: user=0.00 sys=0.00, real=0.00 secs] 
2024-10-08T20:16:47.081+0300: 134.530: Total time for which application threads were stopped: 0.0145180 seconds, Stopping threads took: 0.0127186 seconds
2024-10-08T20:16:48.681+0300: 136.136: Application time: 1.6065447 seconds
2024-10-08T20:16:48.728+0300: 136.175: [GC (Allocation Failure) 2024-10-08T20:16:48.728+0300: 136.175: [ParNew: 280474K->379K(314560K), 0.0017407 secs] 284343K->4250K(1013632K), 0.0018652 secs] [Times: user=0.00 sys=0.00, real=0.00 secs] 
2024-10-08T20:16:48.728+0300: 136.177: Total time for which application threads were stopped: 0.0408187 seconds, Stopping threads took: 0.0387934 seconds
2024-10-08T20:16:49.732+0300: 137.179: Application time: 1.0019239 seconds
2024-10-08T20:16:49.763+0300: 137.211: Total time for which application threads were stopped: 0.0318704 seconds, Stopping threads took: 0.0317988 seconds
2024-10-08T20:16:50.329+0300: 137.782: Application time: 0.5714110 seconds
2024-10-08T20:16:50.376+0300: 137.824: [GC (Allocation Failure) 2024-10-08T20:16:50.376+0300: 137.824: [ParNew: 279880K->965K(314560K), 0.0014983 secs] 283751K->4837K(1013632K), 0.0016124 secs] [Times: user=0.00 sys=0.00, real=0.00 secs] 
2024-10-08T20:16:50.376+0300: 137.825: Total time for which application threads were stopped: 0.0429671 seconds, Stopping threads took: 0.0412099 seconds
2024-10-08T20:16:51.976+0300: 139.438: Application time: 1.6123844 seconds
2024-10-08T20:16:52.023+0300: 139.470: [GC (Allocation Failure) 2024-10-08T20:16:52.023+0300: 139.470: [ParNew: 280487K->377K(314560K), 0.0013616 secs] 284359K->4250K(1013632K), 0.0014609 secs] [Times: user=0.00 sys=0.00, real=0.00 secs] 
2024-10-08T20:16:52.023+0300: 139.472: Total time for which application threads were stopped: 0.0339920 seconds, Stopping threads took: 0.0324162 seconds
2024-10-08T20:16:53.623+0300: 141.076: Application time: 1.6040167 seconds
2024-10-08T20:16:53.654+0300: 141.102: [GC (Allocation Failure) 2024-10-08T20:16:53.654+0300: 141.102: [ParNew: 279622K->577K(314560K), 0.0009382 secs] 283495K->4451K(1013632K), 0.0010070 secs] [Times: user=0.00 sys=0.00, real=0.00 secs] 
2024-10-08T20:16:53.654+0300: 141.103: Total time for which application threads were stopped: 0.0271090 seconds, Stopping threads took: 0.0260025 seconds
2024-10-08T20:16:55.257+0300: 142.716: Application time: 1.6126440 seconds
2024-10-08T20:16:55.302+0300: 142.749: [GC (Allocation Failure) 2024-10-08T20:16:55.302+0300: 142.750: [ParNew: 280169K->1161K(314560K), 0.0009369 secs] 284043K->5036K(1013632K), 0.0010074 secs] [Times: user=0.00 sys=0.00, real=0.00 secs] 
2024-10-08T20:16:55.302+0300: 142.751: Total time for which application threads were stopped: 0.0349391 seconds, Stopping threads took: 0.0338301 seconds
2024-10-08T20:16:56.307+0300: 143.754: Application time: 1.0036386 seconds
2024-10-08T20:16:56.322+0300: 143.770: Total time for which application threads were stopped: 0.0159765 seconds, Stopping threads took: 0.0158730 seconds
2024-10-08T20:16:56.903+0300: 144.366: Application time: 0.5956924 seconds
2024-10-08T20:16:56.966+0300: 144.414: [GC (Allocation Failure) 2024-10-08T20:16:56.966+0300: 144.414: [ParNew: 280669K->577K(314560K), 0.0016246 secs] 284545K->4453K(1013632K), 0.0017394 secs] [Times: user=0.00 sys=0.00, real=0.00 secs] 
2024-10-08T20:16:56.966+0300: 144.416: Total time for which application threads were stopped: 0.0497722 seconds, Stopping threads took: 0.0478778 seconds
2024-10-08T20:16:58.563+0300: 146.012: Application time: 1.5966868 seconds
2024-10-08T20:16:58.582+0300: 146.030: [GC (Allocation Failure) 2024-10-08T20:16:58.582+0300: 146.030: [ParNew: 280111K->1163K(314560K), 0.0016369 secs] 283988K->5040K(1013632K), 0.0017189 secs] [Times: user=0.00 sys=0.00, real=0.00 secs] 
2024-10-08T20:16:58.582+0300: 146.031: Total time for which application threads were stopped: 0.0189689 seconds, Stopping threads took: 0.0171584 seconds
2024-10-08T20:17:00.199+0300: 147.656: Application time: 1.6242572 seconds
2024-10-08T20:17:00.246+0300: 147.693: [GC (Allocation Failure) 2024-10-08T20:17:00.246+0300: 147.693: [ParNew: 280649K->577K(314560K), 0.0019881 secs] 284526K->4455K(1013632K), 0.0020942 secs] [Times: user=0.00 sys=0.00, real=0.00 secs] 
2024-10-08T20:17:00.246+0300: 147.696: Total time for which application threads were stopped: 0.0400069 seconds, Stopping threads took: 0.0377358 seconds
2024-10-08T20:17:01.988+0300: 149.439: Application time: 1.7432956 seconds
2024-10-08T20:17:02.035+0300: 149.483: [GC (Allocation Failure) 2024-10-08T20:17:02.035+0300: 149.483: [ParNew: 280113K->965K(314560K), 0.0012061 secs] 283992K->4845K(1013632K), 0.0012938 secs] [Times: user=0.00 sys=0.00, real=0.00 secs] 
2024-10-08T20:17:02.035+0300: 149.484: Total time for which application threads were stopped: 0.0453485 seconds, Stopping threads took: 0.0439193 seconds
2024-10-08T20:17:03.672+0300: 151.121: Application time: 1.6368299 seconds
2024-10-08T20:17:03.715+0300: 151.162: [GC (Allocation Failure) 2024-10-08T20:17:03.715+0300: 151.162: [ParNew: 280519K->381K(314560K), 0.0017515 secs] 284399K->4262K(1013632K), 0.0018880 secs] [Times: user=0.00 sys=0.00, real=0.00 secs] 
2024-10-08T20:17:03.715+0300: 151.164: Total time for which application threads were stopped: 0.0431524 seconds, Stopping threads took: 0.0411020 seconds
2024-10-08T20:17:05.315+0300: 152.764: Application time: 1.5998643 seconds
2024-10-08T20:17:05.346+0300: 152.794: [GC (Allocation Failure) 2024-10-08T20:17:05.346+0300: 152.794: [ParNew: 279870K->963K(314560K), 0.0018220 secs] 283751K->4845K(1013632K), 0.0019358 secs] [Times: user=0.00 sys=0.00, real=0.00 secs] 
2024-10-08T20:17:05.346+0300: 152.796: Total time for which application threads were stopped: 0.0320851 seconds, Stopping threads took: 0.0300001 seconds
2024-10-08T20:17:06.947+0300: 154.403: Application time: 1.6069033 seconds
2024-10-08T20:17:06.994+0300: 154.442: [GC (Allocation Failure) 2024-10-08T20:17:06.994+0300: 154.442: [ParNew: 280508K->377K(314560K), 0.0016252 secs] 284390K->4261K(1013632K), 0.0017934 secs] [Times: user=0.00 sys=0.00, real=0.00 secs] 
2024-10-08T20:17:06.994+0300: 154.444: Total time for which application threads were stopped: 0.0409258 seconds, Stopping threads took: 0.0389507 seconds
2024-10-08T20:17:08.596+0300: 156.044: Application time: 1.5996038 seconds
2024-10-08T20:17:08.611+0300: 156.059: [GC (Allocation Failure) 2024-10-08T20:17:08.611+0300: 156.059: [ParNew: 279928K->965K(314560K), 0.0015120 secs] 283811K->4850K(1013632K), 0.0016197 secs] [Times: user=0.00 sys=0.00, real=0.00 secs] 
2024-10-08T20:17:08.611+0300: 156.061: Total time for which application threads were stopped: 0.0171698 seconds, Stopping threads took: 0.0154251 seconds
2024-10-08T20:17:10.212+0300: 157.668: Application time: 1.6076184 seconds
2024-10-08T20:17:10.259+0300: 157.707: [GC (Allocation Failure) 2024-10-08T20:17:10.259+0300: 157.707: [ParNew: 280451K->381K(314560K), 0.0017551 secs] 284336K->4267K(1013632K), 0.0018714 secs] [Times: user=0.00 sys=0.00, real=0.00 secs] 
2024-10-08T20:17:10.259+0300: 157.709: Total time for which application threads were stopped: 0.0406425 seconds, Stopping threads took: 0.0386158 seconds
2024-10-08T20:17:11.845+0300: 159.307: Application time: 1.5982833 seconds
2024-10-08T20:17:11.892+0300: 159.340: [GC (Allocation Failure) 2024-10-08T20:17:11.892+0300: 159.340: [ParNew: 279884K->965K(314560K), 0.0015596 secs] 283770K->4852K(1013632K), 0.0016697 secs] [Times: user=0.00 sys=0.00, real=0.00 secs] 
2024-10-08T20:17:11.892+0300: 159.341: Total time for which application threads were stopped: 0.0341195 seconds, Stopping threads took: 0.0323023 seconds
2024-10-08T20:17:13.492+0300: 160.945: Application time: 1.6034264 seconds
2024-10-08T20:17:13.539+0300: 160.987: [GC (Allocation Failure) 2024-10-08T20:17:13.539+0300: 160.987: [ParNew: 280469K->381K(314560K), 0.0018884 secs] 284355K->4269K(1013632K), 0.0020228 secs] [Times: user=0.00 sys=0.00, real=0.00 secs] 
2024-10-08T20:17:13.539+0300: 160.989: Total time for which application threads were stopped: 0.0442554 seconds, Stopping threads took: 0.0420519 seconds
2024-10-08T20:17:15.141+0300: 162.592: Application time: 1.6029266 seconds
2024-10-08T20:17:15.172+0300: 162.620: [GC (Allocation Failure) 2024-10-08T20:17:15.172+0300: 162.620: [ParNew: 279710K->575K(314560K), 0.0017822 secs] 283598K->4464K(1013632K), 0.0018910 secs] [Times: user=0.00 sys=0.00, real=0.00 secs] 
2024-10-08T20:17:15.172+0300: 162.622: Total time for which application threads were stopped: 0.0299358 seconds, Stopping threads took: 0.0279108 seconds
2024-10-08T20:17:16.758+0300: 164.220: Application time: 1.5983998 seconds
2024-10-08T20:17:16.805+0300: 164.253: [GC (Allocation Failure) 2024-10-08T20:17:16.805+0300: 164.253: [ParNew: 280094K->1161K(314560K), 0.0009355 secs] 283983K->5051K(1013632K), 0.0010080 secs] [Times: user=0.00 sys=0.00, real=0.00 secs] 
2024-10-08T20:17:16.805+0300: 164.254: Total time for which application threads were stopped: 0.0333736 seconds, Stopping threads took: 0.0322589 seconds
2024-10-08T20:17:18.405+0300: 165.856: Application time: 1.6018809 seconds
2024-10-08T20:17:18.451+0300: 165.899: [GC (Allocation Failure) 2024-10-08T20:17:18.451+0300: 165.899: [ParNew: 280707K->573K(314560K), 0.0016379 secs] 284597K->4464K(1013632K), 0.0017496 secs] [Times: user=0.00 sys=0.00, real=0.00 secs] 
2024-10-08T20:17:18.451+0300: 165.901: Total time for which application threads were stopped: 0.0452243 seconds, Stopping threads took: 0.0433248 seconds
2024-10-08T20:17:20.052+0300: 167.505: Application time: 1.6038317 seconds
2024-10-08T20:17:20.099+0300: 167.546: [GC (Allocation Failure) 2024-10-08T20:17:20.099+0300: 167.546: [ParNew: 280189K->162K(314560K), 0.0017823 secs] 284080K->4054K(1013632K), 0.0018921 secs] [Times: user=0.00 sys=0.00, real=0.00 secs] 
2024-10-08T20:17:20.099+0300: 167.548: Total time for which application threads were stopped: 0.0434337 seconds, Stopping threads took: 0.0413844 seconds
2024-10-08T20:17:21.683+0300: 169.143: Application time: 1.5946926 seconds
2024-10-08T20:17:21.715+0300: 169.163: [GC (Allocation Failure) 2024-10-08T20:17:21.715+0300: 169.163: [ParNew: 279778K->577K(314560K), 0.0017197 secs] 283670K->4470K(1013632K), 0.0018513 secs] [Times: user=0.00 sys=0.00, real=0.00 secs] 
2024-10-08T20:17:21.715+0300: 169.164: Total time for which application threads were stopped: 0.0215477 seconds, Stopping threads took: 0.0195502 seconds
2024-10-08T20:17:23.316+0300: 170.773: Application time: 1.6083636 seconds
2024-10-08T20:17:23.347+0300: 170.795: [GC (Allocation Failure) 2024-10-08T20:17:23.347+0300: 170.795: [ParNew: 280161K->1163K(314560K), 0.0015485 secs] 284055K->5057K(1013632K), 0.0016550 secs] [Times: user=0.00 sys=0.00, real=0.00 secs] 
2024-10-08T20:17:23.347+0300: 170.796: Total time for which application threads were stopped: 0.0236874 seconds, Stopping threads took: 0.0218780 seconds
2024-10-08T20:17:24.948+0300: 172.402: Application time: 1.6056505 seconds
2024-10-08T20:17:24.995+0300: 172.442: [GC (Allocation Failure) 2024-10-08T20:17:24.995+0300: 172.442: [ParNew: 280667K->579K(314560K), 0.0017842 secs] 284562K->4474K(1013632K), 0.0019007 secs] [Times: user=0.00 sys=0.00, real=0.00 secs] 
2024-10-08T20:17:24.995+0300: 172.444: Total time for which application threads were stopped: 0.0421992 seconds, Stopping threads took: 0.0401394 seconds
2024-10-08T20:17:26.594+0300: 174.045: Application time: 1.6009376 seconds
2024-10-08T20:17:26.626+0300: 174.073: [GC (Allocation Failure) 2024-10-08T20:17:26.626+0300: 174.073: [ParNew: 280188K->1159K(314560K), 0.0018751 secs] 284084K->5055K(1013632K), 0.0020061 secs] [Times: user=0.00 sys=0.00, real=0.00 secs] 
2024-10-08T20:17:26.626+0300: 174.075: Total time for which application threads were stopped: 0.0302324 seconds, Stopping threads took: 0.0280445 seconds
2024-10-08T20:17:28.226+0300: 175.682: Application time: 1.6066063 seconds
2024-10-08T20:17:28.273+0300: 175.721: [GC (Allocation Failure) 2024-10-08T20:17:28.273+0300: 175.721: [ParNew: 280674K->575K(314560K), 0.0018924 secs] 284571K->4473K(1013632K), 0.0020203 secs] [Times: user=0.00 sys=0.00, real=0.00 secs] 
2024-10-08T20:17:28.273+0300: 175.723: Total time for which application threads were stopped: 0.0405965 seconds, Stopping threads took: 0.0384006 seconds
2024-10-08T20:17:29.874+0300: 177.323: Application time: 1.6007905 seconds
2024-10-08T20:17:29.905+0300: 177.353: [GC (Allocation Failure) 2024-10-08T20:17:29.905+0300: 177.353: [ParNew: 280154K->1161K(314560K), 0.0015358 secs] 284052K->5060K(1013632K), 0.0016650 secs] [Times: user=0.00 sys=0.00, real=0.00 secs] 
2024-10-08T20:17:29.905+0300: 177.354: Total time for which application threads were stopped: 0.0307865 seconds, Stopping threads took: 0.0289625 seconds
2024-10-08T20:17:31.506+0300: 178.957: Application time: 1.6027547 seconds
2024-10-08T20:17:31.553+0300: 179.001: [GC (Allocation Failure) 2024-10-08T20:17:31.553+0300: 179.001: [ParNew: 280626K->575K(314560K), 0.0015372 secs] 284526K->4475K(1013632K), 0.0016504 secs] [Times: user=0.00 sys=0.00, real=0.00 secs] 
2024-10-08T20:17:31.553+0300: 179.003: Total time for which application threads were stopped: 0.0455066 seconds, Stopping threads took: 0.0437050 seconds
2024-10-08T20:17:33.153+0300: 180.601: Application time: 1.5986897 seconds
2024-10-08T20:17:33.184+0300: 180.632: [GC (Allocation Failure) 2024-10-08T20:17:33.184+0300: 180.632: [ParNew: 280130K->1161K(314560K), 0.0017387 secs] 284030K->5062K(1013632K), 0.0018744 secs] [Times: user=0.00 sys=0.00, real=0.00 secs] 
2024-10-08T20:17:33.184+0300: 180.634: Total time for which application threads were stopped: 0.0325868 seconds, Stopping threads took: 0.0305531 seconds
2024-10-08T20:17:34.188+0300: 181.636: Application time: 1.0018958 seconds
2024-10-08T20:17:34.204+0300: 181.652: Total time for which application threads were stopped: 0.0158117 seconds, Stopping threads took: 0.0157328 seconds
2024-10-08T20:17:34.785+0300: 182.245: Application time: 0.5932559 seconds
2024-10-08T20:17:34.816+0300: 182.264: [GC (Allocation Failure) 2024-10-08T20:17:34.816+0300: 182.264: [ParNew: 280755K->1749K(314560K), 0.0016119 secs] 284657K->5651K(1013632K), 0.0017366 secs] [Times: user=0.00 sys=0.00, real=0.00 secs] 
2024-10-08T20:17:34.816+0300: 182.266: Total time for which application threads were stopped: 0.0208429 seconds, Stopping threads took: 0.0189520 seconds
2024-10-08T20:17:36.417+0300: 183.868: Application time: 1.6019313 seconds
2024-10-08T20:17:36.464+0300: 183.912: [GC (Allocation Failure) 2024-10-08T20:17:36.464+0300: 183.912: [ParNew: 281332K->1163K(314560K), 0.0018690 secs] 285235K->5066K(1013632K), 0.0019958 secs] [Times: user=0.00 sys=0.00, real=0.00 secs] 
2024-10-08T20:17:36.464+0300: 183.914: Total time for which application threads were stopped: 0.0461512 seconds, Stopping threads took: 0.0439932 seconds
2024-10-08T20:17:38.064+0300: 185.512: Application time: 1.5982392 seconds
2024-10-08T20:17:38.111+0300: 185.558: [GC (Allocation Failure) 2024-10-08T20:17:38.111+0300: 185.559: [ParNew: 280547K->577K(314560K), 0.0013540 secs] 284451K->4482K(1013632K), 0.0014665 secs] [Times: user=0.00 sys=0.00, real=0.00 secs] 
2024-10-08T20:17:38.112+0300: 185.560: Total time for which application threads were stopped: 0.0479562 seconds, Stopping threads took: 0.0463417 seconds
2024-10-08T20:17:39.696+0300: 187.154: Application time: 1.5942270 seconds
2024-10-08T20:17:39.727+0300: 187.175: [GC (Allocation Failure) 2024-10-08T20:17:39.727+0300: 187.175: [ParNew: 280016K->967K(314560K), 0.0014186 secs] 283921K->4873K(1013632K), 0.0015546 secs] [Times: user=0.00 sys=0.00, real=0.00 secs] 
2024-10-08T20:17:39.727+0300: 187.176: Total time for which application threads were stopped: 0.0221951 seconds, Stopping threads took: 0.0204779 seconds
2024-10-08T20:17:41.328+0300: 188.783: Application time: 1.6064484 seconds
2024-10-08T20:17:41.375+0300: 188.823: [GC (Allocation Failure) 2024-10-08T20:17:41.375+0300: 188.823: [ParNew: 280437K->381K(314560K), 0.0016086 secs] 284343K->4289K(1013632K), 0.0017335 secs] [Times: user=0.00 sys=0.00, real=0.00 secs] 
2024-10-08T20:17:41.375+0300: 188.824: Total time for which application threads were stopped: 0.0415856 seconds, Stopping threads took: 0.0396992 seconds
2024-10-08T20:17:42.975+0300: 190.431: Application time: 1.6070736 seconds
2024-10-08T20:17:43.006+0300: 190.454: [GC (Allocation Failure) 2024-10-08T20:17:43.006+0300: 190.454: [ParNew: 279973K->965K(314560K), 0.0016808 secs] 283881K->4874K(1013632K), 0.0018399 secs] [Times: user=0.00 sys=0.00, real=0.00 secs] 
2024-10-08T20:17:43.006+0300: 190.456: Total time for which application threads were stopped: 0.0241045 seconds, Stopping threads took: 0.0220872 seconds
2024-10-08T20:17:44.606+0300: 192.058: Application time: 1.6021991 seconds
2024-10-08T20:17:44.654+0300: 192.101: [GC (Allocation Failure) 2024-10-08T20:17:44.654+0300: 192.101: [ParNew: 280581K->379K(314560K), 0.0018666 secs] 284490K->4289K(1013632K), 0.0019936 secs] [Times: user=0.00 sys=0.00, real=0.00 secs] 
2024-10-08T20:17:44.654+0300: 192.103: Total time for which application threads were stopped: 0.0456699 seconds, Stopping threads took: 0.0435265 seconds
2024-10-08T20:17:46.238+0300: 193.698: Application time: 1.5950251 seconds
2024-10-08T20:17:46.285+0300: 193.733: [GC (Allocation Failure) 2024-10-08T20:17:46.285+0300: 193.733: [ParNew: 279919K->967K(314560K), 0.0017099 secs] 283829K->4878K(1013632K), 0.0018389 secs] [Times: user=0.00 sys=0.00, real=0.00 secs] 
2024-10-08T20:17:46.285+0300: 193.735: Total time for which application threads were stopped: 0.0364703 seconds, Stopping threads took: 0.0344695 seconds
2024-10-08T20:17:47.885+0300: 195.337: Application time: 1.6022633 seconds
2024-10-08T20:17:47.932+0300: 195.380: [GC (Allocation Failure) 2024-10-08T20:17:47.932+0300: 195.380: [ParNew: 280579K->575K(314560K), 0.0018461 secs] 284490K->4486K(1013632K), 0.0019787 secs] [Times: user=0.00 sys=0.00, real=0.00 secs] 
2024-10-08T20:17:47.932+0300: 195.382: Total time for which application threads were stopped: 0.0447041 seconds, Stopping threads took: 0.0425675 seconds
2024-10-08T20:17:49.517+0300: 196.977: Application time: 1.5950916 seconds
2024-10-08T20:17:49.564+0300: 197.012: [GC (Allocation Failure) 2024-10-08T20:17:49.564+0300: 197.012: [ParNew: 280105K->1161K(314560K), 0.0015334 secs] 284017K->5073K(1013632K), 0.0016661 secs] [Times: user=0.00 sys=0.00, real=0.00 secs] 
2024-10-08T20:17:49.564+0300: 197.013: Total time for which application threads were stopped: 0.0364184 seconds, Stopping threads took: 0.0345984 seconds
2024-10-08T20:17:51.166+0300: 198.619: Application time: 1.6054027 seconds
2024-10-08T20:17:51.212+0300: 198.660: [GC (Allocation Failure) 2024-10-08T20:17:51.212+0300: 198.660: [ParNew: 280651K->579K(314560K), 0.0017815 secs] 284563K->4493K(1013632K), 0.0019102 secs] [Times: user=0.00 sys=0.00, real=0.00 secs] 
2024-10-08T20:17:51.212+0300: 198.662: Total time for which application threads were stopped: 0.0432467 seconds, Stopping threads took: 0.0411699 seconds
2024-10-08T20:17:52.796+0300: 200.256: Application time: 1.5935148 seconds
2024-10-08T20:17:52.827+0300: 200.275: [GC (Allocation Failure) 2024-10-08T20:17:52.827+0300: 200.275: [ParNew: 280027K->965K(314560K), 0.0012719 secs] 283941K->4880K(1013632K), 0.0013524 secs] [Times: user=0.00 sys=0.00, real=0.00 secs] 
2024-10-08T20:17:52.827+0300: 200.276: Total time for which application threads were stopped: 0.0203199 seconds, Stopping threads took: 0.0188553 seconds
2024-10-08T20:17:54.428+0300: 201.882: Application time: 1.6063066 seconds
2024-10-08T20:17:54.475+0300: 201.922: [GC (Allocation Failure) 2024-10-08T20:17:54.475+0300: 201.922: [ParNew: 280478K->379K(314560K), 0.0019173 secs] 284393K->4296K(1013632K), 0.0020038 secs] [Times: user=0.00 sys=0.00, real=0.00 secs] 
2024-10-08T20:17:54.475+0300: 201.925: Total time for which application threads were stopped: 0.0422634 seconds, Stopping threads took: 0.0401312 seconds
2024-10-08T20:17:56.076+0300: 203.531: Application time: 1.6065930 seconds
2024-10-08T20:17:56.123+0300: 203.570: [GC (Allocation Failure) 2024-10-08T20:17:56.123+0300: 203.570: [ParNew: 279992K->1163K(314560K), 0.0014242 secs] 283909K->5080K(1013632K), 0.0015255 secs] [Times: user=0.00 sys=0.00, real=0.00 secs] 
2024-10-08T20:17:56.123+0300: 203.572: Total time for which application threads were stopped: 0.0408481 seconds, Stopping threads took: 0.0391887 seconds
2024-10-08T20:17:57.724+0300: 205.186: Application time: 1.6138699 seconds
2024-10-08T20:17:57.771+0300: 205.219: [GC (Allocation Failure) 2024-10-08T20:17:57.771+0300: 205.219: [ParNew: 280721K->575K(314560K), 0.0009560 secs] 284639K->4493K(1013632K), 0.0010129 secs] [Times: user=0.00 sys=0.00, real=0.00 secs] 
2024-10-08T20:17:57.771+0300: 205.220: Total time for which application threads were stopped: 0.0338513 seconds, Stopping threads took: 0.0327516 seconds
2024-10-08T20:17:59.379+0300: 206.830: Application time: 1.6106673 seconds
2024-10-08T20:17:59.420+0300: 206.867: [GC (Allocation Failure) 2024-10-08T20:17:59.420+0300: 206.867: [ParNew: 280134K->1163K(314560K), 0.0016943 secs] 284052K->5082K(1013632K), 0.0018116 secs] [Times: user=0.00 sys=0.00, real=0.00 secs] 
2024-10-08T20:17:59.420+0300: 206.869: Total time for which application threads were stopped: 0.0389149 seconds, Stopping threads took: 0.0369455 seconds
2024-10-08T20:18:01.019+0300: 208.473: Application time: 1.6032760 seconds
2024-10-08T20:18:01.066+0300: 208.514: [GC (Allocation Failure) 2024-10-08T20:18:01.066+0300: 208.514: [ParNew: 280694K->577K(314560K), 0.0013849 secs] 284614K->4497K(1013632K), 0.0015085 secs] [Times: user=0.00 sys=0.00, real=0.00 secs] 
2024-10-08T20:18:01.066+0300: 208.516: Total time for which application threads were stopped: 0.0429810 seconds, Stopping threads took: 0.0413204 seconds
2024-10-08T20:18:02.666+0300: 210.115: Application time: 1.5999624 seconds
2024-10-08T20:18:02.682+0300: 210.130: [GC (Allocation Failure) 2024-10-08T20:18:02.682+0300: 210.130: [ParNew: 280071K->967K(314560K), 0.0016354 secs] 283992K->4889K(1013632K), 0.0017510 secs] [Times: user=0.00 sys=0.00, real=0.00 secs] 
2024-10-08T20:18:02.682+0300: 210.132: Total time for which application threads were stopped: 0.0160950 seconds, Stopping threads took: 0.0142055 seconds
2024-10-08T20:18:04.289+0300: 211.739: Application time: 1.6078661 seconds
2024-10-08T20:18:04.330+0300: 211.777: [GC (Allocation Failure) 2024-10-08T20:18:04.330+0300: 211.778: [ParNew: 280405K->377K(314560K), 0.0016734 secs] 284327K->4300K(1013632K), 0.0018993 secs] [Times: user=0.00 sys=0.00, real=0.00 secs] 
2024-10-08T20:18:04.330+0300: 211.779: Total time for which application threads were stopped: 0.0398517 seconds, Stopping threads took: 0.0378048 seconds
2024-10-08T20:18:05.930+0300: 213.381: Application time: 1.6014926 seconds
2024-10-08T20:18:05.961+0300: 213.409: [GC (Allocation Failure) 2024-10-08T20:18:05.961+0300: 213.409: [ParNew: 279969K->965K(314560K), 0.0020114 secs] 283892K->4889K(1013632K), 0.0021349 secs] [Times: user=0.00 sys=0.00, real=0.00 secs] 
2024-10-08T20:18:05.961+0300: 213.411: Total time for which application threads were stopped: 0.0303564 seconds, Stopping threads took: 0.0280654 seconds
2024-10-08T20:18:07.562+0300: 215.016: Application time: 1.6047271 seconds
2024-10-08T20:18:07.610+0300: 215.057: [GC (Allocation Failure) 2024-10-08T20:18:07.610+0300: 215.057: [ParNew: 280487K->379K(314560K), 0.0017512 secs] 284412K->4305K(1013632K), 0.0018729 secs] [Times: user=0.00 sys=0.00, real=0.00 secs] 
2024-10-08T20:18:07.610+0300: 215.059: Total time for which application threads were stopped: 0.0434184 seconds, Stopping threads took: 0.0413895 seconds
2024-10-08T20:18:09.210+0300: 216.660: Application time: 1.6008620 seconds
2024-10-08T20:18:09.241+0300: 216.689: [GC (Allocation Failure) 2024-10-08T20:18:09.241+0300: 216.689: [ParNew: 279995K->965K(314560K), 0.0021067 secs] 283921K->4892K(1013632K), 0.0022241 secs] [Times: user=0.00 sys=0.00, real=0.00 secs] 
2024-10-08T20:18:09.241+0300: 216.691: Total time for which application threads were stopped: 0.0311447 seconds, Stopping threads took: 0.0287661 seconds
2024-10-08T20:18:10.842+0300: 218.300: Application time: 1.6091319 seconds
2024-10-08T20:18:10.889+0300: 218.337: [GC (Allocation Failure) 2024-10-08T20:18:10.889+0300: 218.337: [ParNew: 280415K->383K(314560K), 0.0018537 secs] 284341K->4311K(1013632K), 0.0019701 secs] [Times: user=0.00 sys=0.00, real=0.00 secs] 
2024-10-08T20:18:10.889+0300: 218.339: Total time for which application threads were stopped: 0.0381364 seconds, Stopping threads took: 0.0360116 seconds
2024-10-08T20:18:12.475+0300: 219.929: Application time: 1.5907316 seconds
2024-10-08T20:18:12.506+0300: 219.954: [GC (Allocation Failure) 2024-10-08T20:18:12.506+0300: 219.954: [ParNew: 279999K->965K(314560K), 0.0016123 secs] 283927K->4894K(1013632K), 0.0017211 secs] [Times: user=0.00 sys=0.00, real=0.00 secs] 
2024-10-08T20:18:12.506+0300: 219.956: Total time for which application threads were stopped: 0.0262271 seconds, Stopping threads took: 0.0243617 seconds
2024-10-08T20:18:14.107+0300: 221.568: Application time: 1.6120812 seconds
2024-10-08T20:18:14.153+0300: 221.601: [GC (Allocation Failure) 2024-10-08T20:18:14.153+0300: 221.601: [ParNew: 280405K->381K(314560K), 0.0019431 secs] 284334K->4311K(1013632K), 0.0020644 secs] [Times: user=0.00 sys=0.00, real=0.00 secs] 
2024-10-08T20:18:14.153+0300: 221.603: Total time for which application threads were stopped: 0.0352499 seconds, Stopping threads took: 0.0330179 seconds
2024-10-08T20:18:15.738+0300: 223.197: Application time: 1.5942126 seconds
2024-10-08T20:18:15.785+0300: 223.232: [GC (Allocation Failure) 2024-10-08T20:18:15.785+0300: 223.232: [ParNew: 279946K->963K(314560K), 0.0021208 secs] 283875K->4894K(1013632K), 0.0022866 secs] [Times: user=0.00 sys=0.00, real=0.00 secs] 
2024-10-08T20:18:15.785+0300: 223.235: Total time for which application threads were stopped: 0.0375034 seconds, Stopping threads took: 0.0350331 seconds
2024-10-08T20:18:17.385+0300: 224.839: Application time: 1.6044873 seconds
2024-10-08T20:18:17.432+0300: 224.880: [GC (Allocation Failure) 2024-10-08T20:18:17.432+0300: 224.880: [ParNew: 280491K->377K(314560K), 0.0019235 secs] 284422K->4309K(1013632K), 0.0020872 secs] [Times: user=0.00 sys=0.00, real=0.00 secs] 
2024-10-08T20:18:17.432+0300: 224.882: Total time for which application threads were stopped: 0.0429517 seconds, Stopping threads took: 0.0406761 seconds
2024-10-08T20:18:19.017+0300: 226.479: Application time: 1.5967535 seconds
2024-10-08T20:18:19.064+0300: 226.511: [GC (Allocation Failure) 2024-10-08T20:18:19.064+0300: 226.511: [ParNew: 279881K->969K(314560K), 0.0017412 secs] 283813K->4903K(1013632K), 0.0018526 secs] [Times: user=0.00 sys=0.00, real=0.00 secs] 
2024-10-08T20:18:19.064+0300: 226.513: Total time for which application threads were stopped: 0.0344933 seconds, Stopping threads took: 0.0324969 seconds
2024-10-08T20:18:20.664+0300: 228.113: Application time: 1.6000140 seconds
2024-10-08T20:18:20.711+0300: 228.159: [GC (Allocation Failure) 2024-10-08T20:18:20.711+0300: 228.159: [ParNew: 280585K->379K(314560K), 0.0016270 secs] 284519K->4314K(1013632K), 0.0017485 secs] [Times: user=0.00 sys=0.00, real=0.00 secs] 
2024-10-08T20:18:20.711+0300: 228.161: Total time for which application threads were stopped: 0.0474855 seconds, Stopping threads took: 0.0455858 seconds
2024-10-08T20:18:22.311+0300: 229.766: Application time: 1.6049454 seconds
2024-10-08T20:18:22.342+0300: 229.790: [GC (Allocation Failure) 2024-10-08T20:18:22.342+0300: 229.790: [ParNew: 279995K->577K(314560K), 0.0016180 secs] 283930K->4512K(1013632K), 0.0017171 secs] [Times: user=0.00 sys=0.00, real=0.00 secs] 
2024-10-08T20:18:22.344+0300: 229.792: Total time for which application threads were stopped: 0.0257510 seconds, Stopping threads took: 0.0238797 seconds
2024-10-08T20:18:23.942+0300: 231.401: Application time: 1.6089992 seconds
2024-10-08T20:18:23.974+0300: 231.421: [GC (Allocation Failure) 2024-10-08T20:18:23.974+0300: 231.421: [ParNew: 280015K->965K(314560K), 0.0013702 secs] 283951K->4902K(1013632K), 0.0014675 secs] [Times: user=0.00 sys=0.00, real=0.00 secs] 
2024-10-08T20:18:23.974+0300: 231.423: Total time for which application threads were stopped: 0.0223742 seconds, Stopping threads took: 0.0207619 seconds
2024-10-08T20:18:25.573+0300: 233.029: Application time: 1.6059323 seconds
2024-10-08T20:18:25.620+0300: 233.068: [GC (Allocation Failure) 2024-10-08T20:18:25.620+0300: 233.068: [ParNew: 280560K->579K(314560K), 0.0018943 secs] 284496K->4516K(1013632K), 0.0020113 secs] [Times: user=0.00 sys=0.00, real=0.00 secs] 
2024-10-08T20:18:25.620+0300: 233.070: Total time for which application threads were stopped: 0.0411660 seconds, Stopping threads took: 0.0390033 seconds
2024-10-08T20:18:27.221+0300: 234.672: Application time: 1.6020400 seconds
2024-10-08T20:18:27.253+0300: 234.700: [GC (Allocation Failure) 2024-10-08T20:18:27.253+0300: 234.700: [ParNew: 280166K->1163K(314560K), 0.0018108 secs] 284104K->5102K(1013632K), 0.0019159 secs] [Times: user=0.00 sys=0.00, real=0.00 secs] 
2024-10-08T20:18:27.253+0300: 234.702: Total time for which application threads were stopped: 0.0302093 seconds, Stopping threads took: 0.0281519 seconds
2024-10-08T20:18:28.853+0300: 236.307: Application time: 1.6048982 seconds
2024-10-08T20:18:28.900+0300: 236.348: [GC (Allocation Failure) 2024-10-08T20:18:28.900+0300: 236.348: [ParNew: 280562K->575K(314560K), 0.0016289 secs] 284501K->4515K(1013632K), 0.0017430 secs] [Times: user=0.00 sys=0.00, real=0.00 secs] 
2024-10-08T20:18:28.900+0300: 236.350: Total time for which application threads were stopped: 0.0425663 seconds, Stopping threads took: 0.0406655 seconds
2024-10-08T20:18:30.501+0300: 237.951: Application time: 1.6010375 seconds
2024-10-08T20:18:30.548+0300: 237.996: [GC (Allocation Failure) 2024-10-08T20:18:30.548+0300: 237.996: [ParNew: 280184K->184K(314560K), 0.0017706 secs] 284124K->4125K(1013632K), 0.0018790 secs] [Times: user=0.00 sys=0.00, real=0.00 secs] 
2024-10-08T20:18:30.548+0300: 237.998: Total time for which application threads were stopped: 0.0470319 seconds, Stopping threads took: 0.0450027 seconds
2024-10-08T20:18:32.143+0300: 239.596: Application time: 1.5980902 seconds
2024-10-08T20:18:32.180+0300: 239.628: [GC (Allocation Failure) 2024-10-08T20:18:32.180+0300: 239.628: [ParNew: 279595K->577K(314560K), 0.0018870 secs] 283537K->4519K(1013632K), 0.0020179 secs] [Times: user=0.00 sys=0.00, real=0.00 secs] 
2024-10-08T20:18:32.180+0300: 239.630: Total time for which application threads were stopped: 0.0337594 seconds, Stopping threads took: 0.0315973 seconds
2024-10-08T20:18:33.765+0300: 241.227: Application time: 1.5972094 seconds
2024-10-08T20:18:33.812+0300: 241.259: [GC (Allocation Failure) 2024-10-08T20:18:33.812+0300: 241.260: [ParNew: 280045K->965K(314560K), 0.0015034 secs] 283987K->4909K(1013632K), 0.0015811 secs] [Times: user=0.00 sys=0.00, real=0.00 secs] 
2024-10-08T20:18:33.812+0300: 241.261: Total time for which application threads were stopped: 0.0342259 seconds, Stopping threads took: 0.0325327 seconds
2024-10-08T20:18:35.411+0300: 242.865: Application time: 1.6037380 seconds
2024-10-08T20:18:35.458+0300: 242.906: [GC (Allocation Failure) 2024-10-08T20:18:35.458+0300: 242.906: [ParNew: 280409K->381K(314560K), 0.0018160 secs] 284352K->4326K(1013632K), 0.0019335 secs] [Times: user=0.00 sys=0.00, real=0.00 secs] 
2024-10-08T20:18:35.458+0300: 242.908: Total time for which application threads were stopped: 0.0433049 seconds, Stopping threads took: 0.0412179 seconds
2024-10-08T20:18:37.052+0300: 244.504: Application time: 1.5956221 seconds
2024-10-08T20:18:37.089+0300: 244.537: [GC (Allocation Failure) 2024-10-08T20:18:37.089+0300: 244.537: [ParNew: 279924K->965K(314560K), 0.0011756 secs] 283869K->4911K(1013632K), 0.0012968 secs] [Times: user=0.00 sys=0.00, real=0.00 secs] 
2024-10-08T20:18:37.089+0300: 244.539: Total time for which application threads were stopped: 0.0347777 seconds, Stopping threads took: 0.0333117 seconds
2024-10-08T20:18:38.690+0300: 246.140: Application time: 1.6019061 seconds
2024-10-08T20:18:38.737+0300: 246.184: [GC (Allocation Failure) 2024-10-08T20:18:38.737+0300: 246.184: [ParNew: 280547K->381K(314560K), 0.0019295 secs] 284492K->4328K(1013632K), 0.0020508 secs] [Times: user=0.00 sys=0.00, real=0.00 secs] 
2024-10-08T20:18:38.737+0300: 246.186: Total time for which application threads were stopped: 0.0459511 seconds, Stopping threads took: 0.0437436 seconds
2024-10-08T20:18:40.321+0300: 247.784: Application time: 1.5972466 seconds
2024-10-08T20:18:40.368+0300: 247.816: [GC (Allocation Failure) 2024-10-08T20:18:40.368+0300: 247.816: [ParNew: 279997K->967K(314560K), 0.0016335 secs] 283944K->4915K(1013632K), 0.0017484 secs] [Times: user=0.00 sys=0.00, real=0.00 secs] 
2024-10-08T20:18:40.368+0300: 247.818: Total time for which application threads were stopped: 0.0342722 seconds, Stopping threads took: 0.0323617 seconds
2024-10-08T20:18:41.969+0300: 249.427: Application time: 1.6089412 seconds
2024-10-08T20:18:42.015+0300: 249.463: [GC (Allocation Failure) 2024-10-08T20:18:42.015+0300: 249.463: [ParNew: 280520K->577K(314560K), 0.0018314 secs] 284468K->4526K(1013632K), 0.0019552 secs] [Times: user=0.00 sys=0.00, real=0.00 secs] 
2024-10-08T20:18:42.015+0300: 249.465: Total time for which application threads were stopped: 0.0383446 seconds, Stopping threads took: 0.0362323 seconds
2024-10-08T20:18:43.616+0300: 251.065: Application time: 1.5996858 seconds
2024-10-08T20:18:43.631+0300: 251.079: [GC (Allocation Failure) 2024-10-08T20:18:43.631+0300: 251.079: [ParNew: 280003K->967K(314560K), 0.0019982 secs] 283952K->4918K(1013632K), 0.0020907 secs] [Times: user=0.00 sys=0.00, real=0.00 secs] 
2024-10-08T20:18:43.631+0300: 251.081: Total time for which application threads were stopped: 0.0160015 seconds, Stopping threads took: 0.0138172 seconds
2024-10-08T20:18:45.232+0300: 252.688: Application time: 1.6068663 seconds
2024-10-08T20:18:45.279+0300: 252.727: [GC (Allocation Failure) 2024-10-08T20:18:45.279+0300: 252.727: [ParNew: 280583K->379K(314560K), 0.0016389 secs] 284534K->4331K(1013632K), 0.0017621 secs] [Times: user=0.00 sys=0.00, real=0.00 secs] 
2024-10-08T20:18:45.279+0300: 252.728: Total time for which application threads were stopped: 0.0406760 seconds, Stopping threads took: 0.0387558 seconds
2024-10-08T20:18:46.872+0300: 254.321: Application time: 1.5930057 seconds
2024-10-08T20:18:46.911+0300: 254.359: [GC (Allocation Failure) 2024-10-08T20:18:46.911+0300: 254.359: [ParNew: 279967K->967K(314560K), 0.0020362 secs] 283919K->4920K(1013632K), 0.0021686 secs] [Times: user=0.00 sys=0.00, real=0.00 secs] 
2024-10-08T20:18:46.911+0300: 254.361: Total time for which application threads were stopped: 0.0398920 seconds, Stopping threads took: 0.0375696 seconds
2024-10-08T20:18:48.497+0300: 255.958: Application time: 1.5963816 seconds
2024-10-08T20:18:48.544+0300: 255.991: [GC (Allocation Failure) 2024-10-08T20:18:48.544+0300: 255.992: [ParNew: 280453K->379K(314560K), 0.0015040 secs] 284406K->4333K(1013632K), 0.0016193 secs] [Times: user=0.00 sys=0.00, real=0.00 secs] 
2024-10-08T20:18:48.544+0300: 255.993: Total time for which application threads were stopped: 0.0353217 seconds, Stopping threads took: 0.0335547 seconds
2024-10-08T20:18:49.296+0300: 256.745: Application time: 0.7522473 seconds
2024-10-08T20:18:49.343+0300: 256.791: Total time for which application threads were stopped: 0.0456642 seconds, Stopping threads took: 0.0455697 seconds
2024-10-08T20:18:49.532+0300: 256.995: Application time: 0.2035452 seconds
2024-10-08T20:18:49.563+0300: 257.011: Total time for which application threads were stopped: 0.0163901 seconds, Stopping threads took: 0.0162985 seconds
2024-10-08T20:18:49.677+0300: 257.133: Application time: 0.1220322 seconds
2024-10-08T20:18:49.689+0300: 257.137: Total time for which application threads were stopped: 0.0040160 seconds, Stopping threads took: 0.0039433 seconds
2024-10-08T20:18:49.831+0300: 257.290: Application time: 0.1527825 seconds
2024-10-08T20:18:49.831+0300: 257.290: Total time for which application threads were stopped: 0.0006493 seconds, Stopping threads took: 0.0005984 seconds
2024-10-08T20:18:50.347+0300: 257.801: Application time: 0.5106953 seconds
2024-10-08T20:18:50.394+0300: 257.842: [GC (Allocation Failure) 2024-10-08T20:18:50.394+0300: 257.842: [ParNew: 279848K->1567K(314560K), 0.0019113 secs] 283801K->5522K(1013632K), 0.0020199 secs] [Times: user=0.00 sys=0.00, real=0.00 secs] 
2024-10-08T20:18:50.394+0300: 257.844: Total time for which application threads were stopped: 0.0429181 seconds, Stopping threads took: 0.0407492 seconds
2024-10-08T20:18:51.963+0300: 259.420: Application time: 1.5755674 seconds
2024-10-08T20:18:52.010+0300: 259.458: [GC (Allocation Failure) 2024-10-08T20:18:52.010+0300: 259.458: [ParNew: 280896K->592K(314560K), 0.0013374 secs] 284851K->4548K(1013632K), 0.0014499 secs] [Times: user=0.00 sys=0.00, real=0.00 secs] 
2024-10-08T20:18:52.010+0300: 259.459: Total time for which application threads were stopped: 0.0397780 seconds, Stopping threads took: 0.0381735 seconds
2024-10-08T20:18:53.014+0300: 260.461: Application time: 1.0018682 seconds
2024-10-08T20:18:53.045+0300: 260.493: Total time for which application threads were stopped: 0.0314572 seconds, Stopping threads took: 0.0313794 seconds
2024-10-08T20:18:53.626+0300: 261.082: Application time: 0.5895555 seconds
2024-10-08T20:18:53.641+0300: 261.089: [GC (Allocation Failure) 2024-10-08T20:18:53.641+0300: 261.089: [ParNew: 280200K->985K(314560K), 0.0014419 secs] 284156K->4943K(1013632K), 0.0015172 secs] [Times: user=0.00 sys=0.00, real=0.00 secs] 
2024-10-08T20:18:53.641+0300: 261.090: Total time for which application threads were stopped: 0.0081157 seconds, Stopping threads took: 0.0065069 seconds
2024-10-08T20:18:55.242+0300: 262.698: Application time: 1.6078891 seconds
2024-10-08T20:18:55.289+0300: 262.736: [GC (Allocation Failure) 2024-10-08T20:18:55.289+0300: 262.736: [ParNew: 280481K->395K(314560K), 0.0019538 secs] 284438K->4354K(1013632K), 0.0020855 secs] [Times: user=0.00 sys=0.00, real=0.00 secs] 
2024-10-08T20:18:55.289+0300: 262.738: Total time for which application threads were stopped: 0.0401414 seconds, Stopping threads took: 0.0378917 seconds
2024-10-08T20:18:56.888+0300: 264.337: Application time: 1.5986026 seconds
2024-10-08T20:18:56.920+0300: 264.368: [GC (Allocation Failure) 2024-10-08T20:18:56.920+0300: 264.368: [ParNew: 279685K->595K(314560K), 0.0019917 secs] 283644K->4555K(1013632K), 0.0021320 secs] [Times: user=0.00 sys=0.00, real=0.00 secs] 
2024-10-08T20:18:56.920+0300: 264.370: Total time for which application threads were stopped: 0.0327228 seconds, Stopping threads took: 0.0304350 seconds
2024-10-08T20:18:58.520+0300: 265.970: Application time: 1.5999569 seconds
2024-10-08T20:18:58.535+0300: 265.983: [GC (Allocation Failure) 2024-10-08T20:18:58.535+0300: 265.983: [ParNew: 279952K->595K(314560K), 0.0019092 secs] 283912K->4555K(1013632K), 0.0020374 secs] [Times: user=0.00 sys=0.00, real=0.00 secs] 
2024-10-08T20:18:58.535+0300: 265.985: Total time for which application threads were stopped: 0.0152299 seconds, Stopping threads took: 0.0130635 seconds
2024-10-08T20:19:00.151+0300: 267.605: Application time: 1.6200798 seconds
2024-10-08T20:19:00.182+0300: 267.630: [GC (Allocation Failure) 2024-10-08T20:19:00.182+0300: 267.630: [ParNew: 280211K->576K(314560K), 0.0020311 secs] 284171K->4551K(1013632K), 0.0021210 secs] [Times: user=0.00 sys=0.00, real=0.00 secs] 
2024-10-08T20:19:00.182+0300: 267.632: Total time for which application threads were stopped: 0.0271396 seconds, Stopping threads took: 0.0248996 seconds
2024-10-08T20:19:01.783+0300: 269.239: Application time: 1.6067642 seconds
2024-10-08T20:19:01.830+0300: 269.278: [GC (Allocation Failure) 2024-10-08T20:19:01.830+0300: 269.278: [ParNew: 280083K->188K(314560K), 0.0012167 secs] 284057K->4164K(1013632K), 0.0012807 secs] [Times: user=0.00 sys=0.00, real=0.00 secs] 
2024-10-08T20:19:01.830+0300: 269.279: Total time for which application threads were stopped: 0.0402854 seconds, Stopping threads took: 0.0389071 seconds
2024-10-08T20:19:03.431+0300: 270.884: Application time: 1.6049233 seconds
2024-10-08T20:19:03.478+0300: 270.926: [GC (Allocation Failure) 2024-10-08T20:19:03.478+0300: 270.926: [ParNew: 279684K->381K(314560K), 0.0015684 secs] 283660K->4359K(1013632K), 0.0016760 secs] [Times: user=0.00 sys=0.00, real=0.00 secs] 
2024-10-08T20:19:03.478+0300: 270.928: Total time for which application threads were stopped: 0.0435243 seconds, Stopping threads took: 0.0416908 seconds
2024-10-08T20:19:05.078+0300: 272.529: Application time: 1.6009971 seconds
2024-10-08T20:19:05.110+0300: 272.558: [GC (Allocation Failure) 2024-10-08T20:19:05.110+0300: 272.558: [ParNew: 279904K->575K(314560K), 0.0018332 secs] 283882K->4553K(1013632K), 0.0020177 secs] [Times: user=0.00 sys=0.00, real=0.00 secs] 
2024-10-08T20:19:05.110+0300: 272.560: Total time for which application threads were stopped: 0.0308839 seconds, Stopping threads took: 0.0286903 seconds
2024-10-08T20:19:06.711+0300: 274.162: Application time: 1.6029086 seconds
2024-10-08T20:19:06.757+0300: 274.204: [GC (Allocation Failure) 2024-10-08T20:19:06.757+0300: 274.204: [ParNew: 280004K->381K(314560K), 0.0016695 secs] 283982K->4361K(1013632K), 0.0017916 secs] [Times: user=0.00 sys=0.00, real=0.00 secs] 
2024-10-08T20:19:06.757+0300: 274.206: Total time for which application threads were stopped: 0.0436364 seconds, Stopping threads took: 0.0416806 seconds
2024-10-08T20:19:08.358+0300: 275.810: Application time: 1.6036071 seconds
2024-10-08T20:19:08.374+0300: 275.821: [GC (Allocation Failure) 2024-10-08T20:19:08.374+0300: 275.821: [ParNew: 279858K->575K(314560K), 0.0014829 secs] 283838K->4555K(1013632K), 0.0015727 secs] [Times: user=0.00 sys=0.00, real=0.00 secs] 
2024-10-08T20:19:08.374+0300: 275.823: Total time for which application threads were stopped: 0.0131511 seconds, Stopping threads took: 0.0114812 seconds
2024-10-08T20:19:09.974+0300: 277.427: Application time: 1.6038508 seconds
2024-10-08T20:19:10.005+0300: 277.453: [GC (Allocation Failure) 2024-10-08T20:19:10.005+0300: 277.453: [ParNew: 280185K->967K(314560K), 0.0015315 secs] 284166K->4949K(1013632K), 0.0016691 secs] [Times: user=0.00 sys=0.00, real=0.00 secs] 
2024-10-08T20:19:10.005+0300: 277.454: Total time for which application threads were stopped: 0.0277043 seconds, Stopping threads took: 0.0258705 seconds
2024-10-08T20:19:11.605+0300: 279.056: Application time: 1.6010600 seconds
2024-10-08T20:19:11.636+0300: 279.084: [GC (Allocation Failure) 2024-10-08T20:19:11.636+0300: 279.084: [ParNew: 280272K->577K(314560K), 0.0018929 secs] 284253K->4559K(1013632K), 0.0020454 secs] [Times: user=0.00 sys=0.00, real=0.00 secs] 
2024-10-08T20:19:11.636+0300: 279.086: Total time for which application threads were stopped: 0.0307284 seconds, Stopping threads took: 0.0285013 seconds
2024-10-08T20:19:12.641+0300: 280.088: Application time: 1.0017287 seconds
2024-10-08T20:19:12.656+0300: 280.104: Total time for which application threads were stopped: 0.0158280 seconds, Stopping threads took: 0.0157476 seconds
2024-10-08T20:19:13.252+0300: 280.700: Application time: 0.5963833 seconds
2024-10-08T20:19:13.268+0300: 280.716: [GC (Allocation Failure) 2024-10-08T20:19:13.268+0300: 280.716: [ParNew: 280151K->967K(314560K), 0.0016507 secs] 284134K->4951K(1013632K), 0.0017701 secs] [Times: user=0.00 sys=0.00, real=0.00 secs] 
2024-10-08T20:19:13.268+0300: 280.718: Total time for which application threads were stopped: 0.0173216 seconds, Stopping threads took: 0.0153913 seconds
2024-10-08T20:19:14.868+0300: 282.329: Application time: 1.6116793 seconds
2024-10-08T20:19:14.915+0300: 282.363: [GC (Allocation Failure) 2024-10-08T20:19:14.915+0300: 282.363: [ParNew: 280579K->379K(314560K), 0.0017618 secs] 284563K->4365K(1013632K), 0.0018729 secs] [Times: user=0.00 sys=0.00, real=0.00 secs] 
2024-10-08T20:19:14.915+0300: 282.364: Total time for which application threads were stopped: 0.0352655 seconds, Stopping threads took: 0.0332268 seconds
2024-10-08T20:19:16.500+0300: 283.959: Application time: 1.5949385 seconds
2024-10-08T20:19:16.547+0300: 283.995: [GC (Allocation Failure) 2024-10-08T20:19:16.547+0300: 283.995: [ParNew: 279850K->967K(314560K), 0.0018818 secs] 283835K->4954K(1013632K), 0.0020143 secs] [Times: user=0.00 sys=0.00, real=0.00 secs] 
2024-10-08T20:19:16.547+0300: 283.997: Total time for which application threads were stopped: 0.0373240 seconds, Stopping threads took: 0.0351451 seconds
2024-10-08T20:19:18.146+0300: 285.598: Application time: 1.6013436 seconds
2024-10-08T20:19:18.193+0300: 285.641: [GC (Allocation Failure) 2024-10-08T20:19:18.193+0300: 285.641: [ParNew: 280426K->186K(314560K), 0.0017507 secs] 284412K->4173K(1013632K), 0.0018652 secs] [Times: user=0.00 sys=0.00, real=0.00 secs] 
2024-10-08T20:19:18.193+0300: 285.643: Total time for which application threads were stopped: 0.0448454 seconds, Stopping threads took: 0.0428273 seconds
2024-10-08T20:19:19.778+0300: 287.239: Application time: 1.5957419 seconds
2024-10-08T20:19:19.809+0300: 287.257: [GC (Allocation Failure) 2024-10-08T20:19:19.809+0300: 287.257: [ParNew: 279768K->577K(314560K), 0.0013297 secs] 283756K->4565K(1013632K), 0.0013992 secs] [Times: user=0.00 sys=0.00, real=0.00 secs] 
2024-10-08T20:19:19.809+0300: 287.258: Total time for which application threads were stopped: 0.0196401 seconds, Stopping threads took: 0.0181500 seconds
2024-10-08T20:19:21.410+0300: 288.865: Application time: 1.6069793 seconds
2024-10-08T20:19:21.457+0300: 288.905: [GC (Allocation Failure) 2024-10-08T20:19:21.457+0300: 288.905: [ParNew: 280193K->186K(314560K), 0.0017231 secs] 284181K->4176K(1013632K), 0.0018338 secs] [Times: user=0.00 sys=0.00, real=0.00 secs] 
2024-10-08T20:19:21.457+0300: 288.907: Total time for which application threads were stopped: 0.0414696 seconds, Stopping threads took: 0.0394853 seconds
2024-10-08T20:19:23.043+0300: 290.503: Application time: 1.5959224 seconds
2024-10-08T20:19:23.089+0300: 290.537: [GC (Allocation Failure) 2024-10-08T20:19:23.089+0300: 290.537: [ParNew: 279753K->184K(314560K), 0.0017736 secs] 283742K->4175K(1013632K), 0.0018805 secs] [Times: user=0.00 sys=0.00, real=0.00 secs] 
2024-10-08T20:19:23.089+0300: 290.539: Total time for which application threads were stopped: 0.0363513 seconds, Stopping threads took: 0.0343196 seconds
2024-10-08T20:19:24.673+0300: 292.129: Application time: 1.5902405 seconds
2024-10-08T20:19:24.720+0300: 292.168: [GC (Allocation Failure) 2024-10-08T20:19:24.720+0300: 292.168: [ParNew: 279545K->577K(314560K), 0.0017276 secs] 283536K->4569K(1013632K), 0.0018583 secs] [Times: user=0.00 sys=0.00, real=0.00 secs] 
2024-10-08T20:19:24.720+0300: 292.170: Total time for which application threads were stopped: 0.0405247 seconds, Stopping threads took: 0.0385100 seconds
2024-10-08T20:19:26.321+0300: 293.771: Application time: 1.6012984 seconds
2024-10-08T20:19:26.352+0300: 293.800: [GC (Allocation Failure) 2024-10-08T20:19:26.352+0300: 293.800: [ParNew: 280096K->967K(314560K), 0.0016352 secs] 284088K->4960K(1013632K), 0.0017536 secs] [Times: user=0.00 sys=0.00, real=0.00 secs] 
2024-10-08T20:19:26.352+0300: 293.802: Total time for which application threads were stopped: 0.0308629 seconds, Stopping threads took: 0.0289595 seconds
2024-10-08T20:19:27.953+0300: 295.406: Application time: 1.6036337 seconds
2024-10-08T20:19:28.000+0300: 295.448: [GC (Allocation Failure) 2024-10-08T20:19:28.000+0300: 295.448: [ParNew: 280583K->182K(314560K), 0.0014604 secs] 284576K->4176K(1013632K), 0.0015376 secs] [Times: user=0.00 sys=0.00, real=0.00 secs] 
2024-10-08T20:19:28.000+0300: 295.450: Total time for which application threads were stopped: 0.0439224 seconds, Stopping threads took: 0.0422821 seconds
2024-10-08T20:19:29.648+0300: 297.096: Application time: 1.6463506 seconds
2024-10-08T20:19:29.680+0300: 297.127: [GC (Allocation Failure) 2024-10-08T20:19:29.680+0300: 297.127: [ParNew: 279798K->575K(314560K), 0.0011093 secs] 283792K->4570K(1013632K), 0.0011777 secs] [Times: user=0.00 sys=0.00, real=0.00 secs] 
2024-10-08T20:19:29.680+0300: 297.128: Total time for which application threads were stopped: 0.0324553 seconds, Stopping threads took: 0.0311734 seconds
2024-10-08T20:19:31.280+0300: 298.729: Application time: 1.6007551 seconds
2024-10-08T20:19:31.312+0300: 298.759: [GC (Allocation Failure) 2024-10-08T20:19:31.312+0300: 298.759: [ParNew: 280071K->967K(314560K), 0.0017109 secs] 284066K->4964K(1013632K), 0.0018323 secs] [Times: user=0.00 sys=0.00, real=0.00 secs] 
2024-10-08T20:19:31.312+0300: 298.761: Total time for which application threads were stopped: 0.0321556 seconds, Stopping threads took: 0.0301527 seconds
2024-10-08T20:19:32.913+0300: 300.363: Application time: 1.6017345 seconds
2024-10-08T20:19:32.960+0300: 300.407: [GC (Allocation Failure) 2024-10-08T20:19:32.960+0300: 300.407: [ParNew: 280368K->575K(314560K), 0.0017166 secs] 284365K->4572K(1013632K), 0.0018390 secs] [Times: user=0.00 sys=0.00, real=0.00 secs] 
2024-10-08T20:19:32.961+0300: 300.409: Total time for which application threads were stopped: 0.0462359 seconds, Stopping threads took: 0.0442357 seconds
2024-10-08T20:19:34.545+0300: 302.004: Application time: 1.5946810 seconds
2024-10-08T20:19:34.592+0300: 302.040: [GC (Allocation Failure) 2024-10-08T20:19:34.592+0300: 302.040: [ParNew: 280112K->965K(314560K), 0.0016560 secs] 284110K->4964K(1013632K), 0.0017544 secs] [Times: user=0.00 sys=0.00, real=0.00 secs] 
2024-10-08T20:19:34.592+0300: 302.042: Total time for which application threads were stopped: 0.0378988 seconds, Stopping threads took: 0.0359971 seconds
2024-10-08T20:19:36.194+0300: 303.649: Application time: 1.6073036 seconds
2024-10-08T20:19:36.240+0300: 303.688: [GC (Allocation Failure) 2024-10-08T20:19:36.240+0300: 303.688: [ParNew: 280396K->184K(314560K), 0.0016480 secs] 284395K->4184K(1013632K), 0.0017864 secs] [Times: user=0.00 sys=0.00, real=0.00 secs] 
2024-10-08T20:19:36.240+0300: 303.690: Total time for which application threads were stopped: 0.0409774 seconds, Stopping threads took: 0.0390249 seconds
2024-10-08T20:19:37.841+0300: 305.291: Application time: 1.6003885 seconds
2024-10-08T20:19:37.872+0300: 305.320: [GC (Allocation Failure) 2024-10-08T20:19:37.872+0300: 305.320: [ParNew: 279632K->965K(314560K), 0.0018460 secs] 283632K->4966K(1013632K), 0.0019685 secs] [Times: user=0.00 sys=0.00, real=0.00 secs] 
2024-10-08T20:19:37.872+0300: 305.322: Total time for which application threads were stopped: 0.0314831 seconds, Stopping threads took: 0.0293389 seconds
2024-10-08T20:19:39.472+0300: 306.921: Application time: 1.5985409 seconds
2024-10-08T20:19:39.520+0300: 306.967: [GC (Allocation Failure) 2024-10-08T20:19:39.520+0300: 306.967: [ParNew: 280467K->379K(314560K), 0.0018740 secs] 284468K->4382K(1013632K), 0.0019925 secs] [Times: user=0.00 sys=0.00, real=0.00 secs] 
2024-10-08T20:19:39.520+0300: 306.969: Total time for which application threads were stopped: 0.0487738 seconds, Stopping threads took: 0.0466228 seconds
2024-10-08T20:19:41.104+0300: 308.562: Application time: 1.5924298 seconds
2024-10-08T20:19:41.151+0300: 308.599: [GC (Allocation Failure) 2024-10-08T20:19:41.151+0300: 308.599: [ParNew: 279664K->577K(314560K), 0.0017184 secs] 283666K->4580K(1013632K), 0.0018417 secs] [Times: user=0.00 sys=0.00, real=0.00 secs] 
2024-10-08T20:19:41.151+0300: 308.601: Total time for which application threads were stopped: 0.0390212 seconds, Stopping threads took: 0.0370104 seconds
2024-10-08T20:19:42.752+0300: 310.203: Application time: 1.6022876 seconds
2024-10-08T20:19:42.784+0300: 310.232: [GC (Allocation Failure) 2024-10-08T20:19:42.784+0300: 310.232: [ParNew: 280059K->182K(314560K), 0.0017666 secs] 284063K->4186K(1013632K), 0.0018863 secs] [Times: user=0.00 sys=0.00, real=0.00 secs] 
2024-10-08T20:19:42.784+0300: 310.233: Total time for which application threads were stopped: 0.0303944 seconds, Stopping threads took: 0.0283584 seconds
2024-10-08T20:19:44.384+0300: 311.835: Application time: 1.6011158 seconds
2024-10-08T20:19:44.415+0300: 311.863: [GC (Allocation Failure) 2024-10-08T20:19:44.415+0300: 311.863: [ParNew: 279798K->575K(314560K), 0.0017006 secs] 283802K->4580K(1013632K), 0.0018479 secs] [Times: user=0.00 sys=0.00, real=0.00 secs] 
2024-10-08T20:19:44.415+0300: 311.865: Total time for which application threads were stopped: 0.0303362 seconds, Stopping threads took: 0.0283030 seconds
2024-10-08T20:19:46.016+0300: 313.468: Application time: 1.6030160 seconds
2024-10-08T20:19:46.047+0300: 313.495: [GC (Allocation Failure) 2024-10-08T20:19:46.047+0300: 313.495: [ParNew: 280152K->967K(314560K), 0.0019558 secs] 284158K->4974K(1013632K), 0.0020836 secs] [Times: user=0.00 sys=0.00, real=0.00 secs] 
2024-10-08T20:19:46.047+0300: 313.497: Total time for which application threads were stopped: 0.0290622 seconds, Stopping threads took: 0.0268029 seconds
2024-10-08T20:19:47.648+0300: 315.099: Application time: 1.6023393 seconds
2024-10-08T20:19:47.695+0300: 315.143: [GC (Allocation Failure) 2024-10-08T20:19:47.695+0300: 315.143: [ParNew: 280464K->381K(314560K), 0.0016531 secs] 284471K->4389K(1013632K), 0.0017774 secs] [Times: user=0.00 sys=0.00, real=0.00 secs] 
2024-10-08T20:19:47.695+0300: 315.145: Total time for which application threads were stopped: 0.0453652 seconds, Stopping threads took: 0.0434314 seconds
2024-10-08T20:19:49.291+0300: 316.741: Application time: 1.5962188 seconds
2024-10-08T20:19:49.326+0300: 316.774: [GC (Allocation Failure) 2024-10-08T20:19:49.326+0300: 316.774: [ParNew: 279822K->965K(314560K), 0.0016660 secs] 283830K->4974K(1013632K), 0.0018033 secs] [Times: user=0.00 sys=0.00, real=0.00 secs] 
2024-10-08T20:19:49.326+0300: 316.776: Total time for which application threads were stopped: 0.0347851 seconds, Stopping threads took: 0.0328143 seconds
2024-10-08T20:19:50.927+0300: 318.380: Application time: 1.6046750 seconds
2024-10-08T20:19:50.959+0300: 318.406: [GC (Allocation Failure) 2024-10-08T20:19:50.959+0300: 318.406: [ParNew: 280371K->575K(314560K), 0.0018973 secs] 284380K->4585K(1013632K), 0.0020197 secs] [Times: user=0.00 sys=0.00, real=0.00 secs] 
2024-10-08T20:19:50.959+0300: 318.408: Total time for which application threads were stopped: 0.0279612 seconds, Stopping threads took: 0.0257740 seconds
2024-10-08T20:19:52.559+0300: 320.009: Application time: 1.6006452 seconds
2024-10-08T20:19:52.574+0300: 320.022: [GC (Allocation Failure) 2024-10-08T20:19:52.574+0300: 320.022: [ParNew: 280190K->965K(314560K), 0.0015809 secs] 284200K->4977K(1013632K), 0.0016746 secs] [Times: user=0.00 sys=0.00, real=0.00 secs] 
2024-10-08T20:19:52.574+0300: 320.024: Total time for which application threads were stopped: 0.0145010 seconds, Stopping threads took: 0.0127036 seconds
2024-10-08T20:19:54.175+0300: 321.632: Application time: 1.6083856 seconds
2024-10-08T20:19:54.222+0300: 321.670: [GC (Allocation Failure) 2024-10-08T20:19:54.222+0300: 321.670: [ParNew: 280466K->575K(314560K), 0.0018078 secs] 284478K->4587K(1013632K), 0.0019360 secs] [Times: user=0.00 sys=0.00, real=0.00 secs] 
2024-10-08T20:19:54.222+0300: 321.672: Total time for which application threads were stopped: 0.0399428 seconds, Stopping threads took: 0.0378430 seconds
2024-10-08T20:19:55.807+0300: 323.267: Application time: 1.5955120 seconds
2024-10-08T20:19:55.853+0300: 323.301: [GC (Allocation Failure) 2024-10-08T20:19:55.853+0300: 323.301: [ParNew: 279881K->577K(314560K), 0.0015494 secs] 283894K->4590K(1013632K), 0.0016697 secs] [Times: user=0.00 sys=0.00, real=0.00 secs] 
2024-10-08T20:19:55.853+0300: 323.303: Total time for which application threads were stopped: 0.0355821 seconds, Stopping threads took: 0.0337441 seconds
2024-10-08T20:19:57.439+0300: 324.900: Application time: 1.5972736 seconds
2024-10-08T20:19:57.470+0300: 324.918: [GC (Allocation Failure) 2024-10-08T20:19:57.470+0300: 324.918: [ParNew: 280151K->965K(314560K), 0.0018106 secs] 284165K->4980K(1013632K), 0.0019128 secs] [Times: user=0.00 sys=0.00, real=0.00 secs] 
2024-10-08T20:19:57.470+0300: 324.920: Total time for which application threads were stopped: 0.0196322 seconds, Stopping threads took: 0.0175821 seconds
2024-10-08T20:19:58.474+0300: 325.921: Application time: 1.0014173 seconds
2024-10-08T20:19:58.505+0300: 325.953: Total time for which application threads were stopped: 0.0315355 seconds, Stopping threads took: 0.0314257 seconds
2024-10-08T20:19:59.086+0300: 326.543: Application time: 0.5906106 seconds
2024-10-08T20:19:59.133+0300: 326.581: [GC (Allocation Failure) 2024-10-08T20:19:59.133+0300: 326.581: [ParNew: 280495K->575K(314560K), 0.0018656 secs] 284510K->4590K(1013632K), 0.0019945 secs] [Times: user=0.00 sys=0.00, real=0.00 secs] 
2024-10-08T20:19:59.133+0300: 326.583: Total time for which application threads were stopped: 0.0396932 seconds, Stopping threads took: 0.0375338 seconds
2024-10-08T20:20:00.734+0300: 328.183: Application time: 1.6000504 seconds
2024-10-08T20:20:00.765+0300: 328.213: [GC (Allocation Failure) 2024-10-08T20:20:00.765+0300: 328.213: [ParNew: 280167K->1161K(314560K), 0.0015541 secs] 284183K->5178K(1013632K), 0.0016682 secs] [Times: user=0.00 sys=0.00, real=0.00 secs] 
2024-10-08T20:20:00.765+0300: 328.215: Total time for which application threads were stopped: 0.0316706 seconds, Stopping threads took: 0.0298425 seconds
2024-10-08T20:20:02.366+0300: 329.821: Application time: 1.6058517 seconds
2024-10-08T20:20:02.412+0300: 329.860: [GC (Allocation Failure) 2024-10-08T20:20:02.412+0300: 329.860: [ParNew: 280776K->577K(314560K), 0.0017648 secs] 284793K->4595K(1013632K), 0.0018827 secs] [Times: user=0.00 sys=0.00, real=0.00 secs] 
2024-10-08T20:20:02.412+0300: 329.862: Total time for which application threads were stopped: 0.0413745 seconds, Stopping threads took: 0.0393362 seconds
2024-10-08T20:20:04.018+0300: 331.472: Application time: 1.6101821 seconds
2024-10-08T20:20:04.060+0300: 331.508: [GC (Allocation Failure) 2024-10-08T20:20:04.060+0300: 331.508: [ParNew: 280107K->184K(314560K), 0.0011953 secs] 284125K->4203K(1013632K), 0.0012865 secs] [Times: user=0.00 sys=0.00, real=0.00 secs] 
2024-10-08T20:20:04.060+0300: 331.509: Total time for which application threads were stopped: 0.0368103 seconds, Stopping threads took: 0.0353936 seconds
2024-10-08T20:20:05.645+0300: 333.104: Application time: 1.5944911 seconds
2024-10-08T20:20:05.692+0300: 333.140: [GC (Allocation Failure) 2024-10-08T20:20:05.692+0300: 333.140: [ParNew: 279436K->575K(314560K), 0.0012103 secs] 283455K->4595K(1013632K), 0.0012969 secs] [Times: user=0.00 sys=0.00, real=0.00 secs] 
2024-10-08T20:20:05.692+0300: 333.141: Total time for which application threads were stopped: 0.0375872 seconds, Stopping threads took: 0.0361543 seconds
2024-10-08T20:20:07.293+0300: 334.750: Application time: 1.6083882 seconds
2024-10-08T20:20:07.324+0300: 334.772: [GC (Allocation Failure) 2024-10-08T20:20:07.324+0300: 334.772: [ParNew: 280092K->965K(314560K), 0.0009410 secs] 284112K->4987K(1013632K), 0.0010222 secs] [Times: user=0.00 sys=0.00, real=0.00 secs] 
2024-10-08T20:20:07.324+0300: 334.773: Total time for which application threads were stopped: 0.0233551 seconds, Stopping threads took: 0.0222185 seconds
2024-10-08T20:20:08.927+0300: 336.386: Application time: 1.6126317 seconds
2024-10-08T20:20:08.972+0300: 336.420: [GC (Allocation Failure) 2024-10-08T20:20:08.972+0300: 336.420: [ParNew: 280581K->379K(314560K), 0.0017075 secs] 284603K->4402K(1013632K), 0.0018254 secs] [Times: user=0.00 sys=0.00, real=0.00 secs] 
2024-10-08T20:20:08.972+0300: 336.421: Total time for which application threads were stopped: 0.0358971 seconds, Stopping threads took: 0.0339277 seconds
2024-10-08T20:20:10.572+0300: 338.020: Application time: 1.5987959 seconds
2024-10-08T20:20:10.588+0300: 338.036: [GC (Allocation Failure) 2024-10-08T20:20:10.588+0300: 338.036: [ParNew: 279830K->965K(314560K), 0.0017033 secs] 283853K->4989K(1013632K), 0.0018018 secs] [Times: user=0.00 sys=0.00, real=0.00 secs] 
2024-10-08T20:20:10.588+0300: 338.038: Total time for which application threads were stopped: 0.0172622 seconds, Stopping threads took: 0.0153167 seconds
2024-10-08T20:20:12.197+0300: 339.645: Application time: 1.6078657 seconds
2024-10-08T20:20:12.236+0300: 339.684: [GC (Allocation Failure) 2024-10-08T20:20:12.236+0300: 339.684: [ParNew: 280391K->182K(314560K), 0.0015073 secs] 284415K->4207K(1013632K), 0.0016513 secs] [Times: user=0.00 sys=0.00, real=0.00 secs] 
2024-10-08T20:20:12.236+0300: 339.686: Total time for which application threads were stopped: 0.0405453 seconds, Stopping threads took: 0.0387095 seconds
2024-10-08T20:20:13.837+0300: 341.285: Application time: 1.5991677 seconds
2024-10-08T20:20:13.852+0300: 341.300: [GC (Allocation Failure) 2024-10-08T20:20:13.852+0300: 341.300: [ParNew: 279654K->573K(314560K), 0.0015046 secs] 283679K->4599K(1013632K), 0.0015980 secs] [Times: user=0.00 sys=0.00, real=0.00 secs] 
2024-10-08T20:20:13.852+0300: 341.302: Total time for which application threads were stopped: 0.0164099 seconds, Stopping threads took: 0.0146848 seconds
2024-10-08T20:20:15.453+0300: 342.909: Application time: 1.6078304 seconds
2024-10-08T20:20:15.500+0300: 342.948: [GC (Allocation Failure) 2024-10-08T20:20:15.500+0300: 342.948: [ParNew: 280052K->184K(314560K), 0.0015017 secs] 284078K->4211K(1013632K), 0.0016254 secs] [Times: user=0.00 sys=0.00, real=0.00 secs] 
2024-10-08T20:20:15.500+0300: 342.949: Total time for which application threads were stopped: 0.0399560 seconds, Stopping threads took: 0.0381648 seconds
2024-10-08T20:20:17.084+0300: 344.545: Application time: 1.5953936 seconds
2024-10-08T20:20:17.116+0300: 344.563: [GC (Allocation Failure) 2024-10-08T20:20:17.116+0300: 344.563: [ParNew: 279623K->577K(314560K), 0.0015425 secs] 283651K->4605K(1013632K), 0.0016657 secs] [Times: user=0.00 sys=0.00, real=0.00 secs] 
2024-10-08T20:20:17.116+0300: 344.565: Total time for which application threads were stopped: 0.0204060 seconds, Stopping threads took: 0.0185895 seconds
2024-10-08T20:20:18.701+0300: 346.163: Application time: 1.5979242 seconds
2024-10-08T20:20:18.732+0300: 346.180: [GC (Allocation Failure) 2024-10-08T20:20:18.732+0300: 346.180: [ParNew: 280114K->963K(314560K), 0.0015818 secs] 284142K->4993K(1013632K), 0.0016821 secs] [Times: user=0.00 sys=0.00, real=0.00 secs] 
2024-10-08T20:20:18.732+0300: 346.182: Total time for which application threads were stopped: 0.0184934 seconds, Stopping threads took: 0.0166795 seconds
2024-10-08T20:20:20.333+0300: 347.787: Application time: 1.6057324 seconds
2024-10-08T20:20:20.380+0300: 347.828: [GC (Allocation Failure) 2024-10-08T20:20:20.380+0300: 347.828: [ParNew: 280398K->577K(314560K), 0.0017650 secs] 284428K->4607K(1013632K), 0.0019038 secs] [Times: user=0.00 sys=0.00, real=0.00 secs] 
2024-10-08T20:20:20.380+0300: 347.830: Total time for which application threads were stopped: 0.0422567 seconds, Stopping threads took: 0.0401853 seconds
2024-10-08T20:20:21.965+0300: 349.427: Application time: 1.5970451 seconds
2024-10-08T20:20:22.012+0300: 349.460: [GC (Allocation Failure) 2024-10-08T20:20:22.012+0300: 349.460: [ParNew: 280054K->965K(314560K), 0.0017966 secs] 284085K->4997K(1013632K), 0.0019522 secs] [Times: user=0.00 sys=0.00, real=0.00 secs] 
2024-10-08T20:20:22.012+0300: 349.462: Total time for which application threads were stopped: 0.0353849 seconds, Stopping threads took: 0.0332422 seconds
2024-10-08T20:20:23.612+0300: 351.062: Application time: 1.6002156 seconds
2024-10-08T20:20:23.659+0300: 351.107: [GC (Allocation Failure) 2024-10-08T20:20:23.659+0300: 351.107: [ParNew: 280432K->184K(314560K), 0.0017934 secs] 284464K->4217K(1013632K), 0.0019095 secs] [Times: user=0.00 sys=0.00, real=0.00 secs] 
2024-10-08T20:20:23.659+0300: 351.109: Total time for which application threads were stopped: 0.0467965 seconds, Stopping threads took: 0.0447285 seconds
2024-10-08T20:20:25.261+0300: 352.714: Application time: 1.6052729 seconds
2024-10-08T20:20:25.292+0300: 352.740: [GC (Allocation Failure) 2024-10-08T20:20:25.292+0300: 352.740: [ParNew: 279800K->965K(314560K), 0.0019405 secs] 283833K->4999K(1013632K), 0.0020647 secs] [Times: user=0.00 sys=0.00, real=0.00 secs] 
2024-10-08T20:20:25.292+0300: 352.742: Total time for which application threads were stopped: 0.0277427 seconds, Stopping threads took: 0.0255199 seconds
2024-10-08T20:20:26.892+0300: 354.346: Application time: 1.6037569 seconds
2024-10-08T20:20:26.939+0300: 354.387: [GC (Allocation Failure) 2024-10-08T20:20:26.939+0300: 354.387: [ParNew: 280406K->377K(314560K), 0.0016795 secs] 284440K->4413K(1013632K), 0.0018020 secs] [Times: user=0.00 sys=0.00, real=0.00 secs] 
2024-10-08T20:20:26.939+0300: 354.388: Total time for which application threads were stopped: 0.0426381 seconds, Stopping threads took: 0.0406751 seconds
2024-10-08T20:20:28.524+0300: 355.977: Application time: 1.5881245 seconds
2024-10-08T20:20:28.571+0300: 356.019: [GC (Allocation Failure) 2024-10-08T20:20:28.571+0300: 356.019: [ParNew: 279816K->577K(314560K), 0.0016759 secs] 283851K->4613K(1013632K), 0.0017993 secs] [Times: user=0.00 sys=0.00, real=0.00 secs] 
2024-10-08T20:20:28.571+0300: 356.021: Total time for which application threads were stopped: 0.0441619 seconds, Stopping threads took: 0.0422049 seconds
2024-10-08T20:20:30.171+0300: 357.627: Application time: 1.6064087 seconds
2024-10-08T20:20:30.202+0300: 357.650: [GC (Allocation Failure) 2024-10-08T20:20:30.202+0300: 357.650: [ParNew: 280167K->963K(314560K), 0.0015830 secs] 284204K->5001K(1013632K), 0.0017111 secs] [Times: user=0.00 sys=0.00, real=0.00 secs] 
2024-10-08T20:20:30.202+0300: 357.652: Total time for which application threads were stopped: 0.0247684 seconds, Stopping threads took: 0.0228928 seconds
2024-10-08T20:20:31.803+0300: 359.253: Application time: 1.6009723 seconds
2024-10-08T20:20:31.850+0300: 359.298: [GC (Allocation Failure) 2024-10-08T20:20:31.850+0300: 359.298: [ParNew: 280537K->577K(314560K), 0.0012027 secs] 284574K->4615K(1013632K), 0.0012833 secs] [Times: user=0.00 sys=0.00, real=0.00 secs] 
2024-10-08T20:20:31.850+0300: 359.299: Total time for which application threads were stopped: 0.0463199 seconds, Stopping threads took: 0.0448928 seconds
2024-10-08T20:20:33.435+0300: 360.898: Application time: 1.5985887 seconds
2024-10-08T20:20:33.466+0300: 360.914: [GC (Allocation Failure) 2024-10-08T20:20:33.466+0300: 360.914: [ParNew: 280136K->965K(314560K), 0.0017780 secs] 284175K->5005K(1013632K), 0.0018860 secs] [Times: user=0.00 sys=0.00, real=0.00 secs] 
2024-10-08T20:20:33.466+0300: 360.916: Total time for which application threads were stopped: 0.0181739 seconds, Stopping threads took: 0.0161422 seconds
2024-10-08T20:20:35.067+0300: 362.523: Application time: 1.6074750 seconds
2024-10-08T20:20:35.114+0300: 362.562: [GC (Allocation Failure) 2024-10-08T20:20:35.114+0300: 362.562: [ParNew: 280538K->377K(314560K), 0.0018440 secs] 284577K->4418K(1013632K), 0.0019890 secs] [Times: user=0.00 sys=0.00, real=0.00 secs] 
2024-10-08T20:20:35.114+0300: 362.564: Total time for which application threads were stopped: 0.0406506 seconds, Stopping threads took: 0.0384952 seconds
2024-10-08T20:20:36.699+0300: 364.162: Application time: 1.5975201 seconds
2024-10-08T20:20:36.730+0300: 364.177: [GC (Allocation Failure) 2024-10-08T20:20:36.730+0300: 364.178: [ParNew: 279871K->965K(314560K), 0.0015105 secs] 283912K->5007K(1013632K), 0.0016123 secs] [Times: user=0.00 sys=0.00, real=0.00 secs] 
2024-10-08T20:20:36.730+0300: 364.179: Total time for which application threads were stopped: 0.0175370 seconds, Stopping threads took: 0.0157812 seconds
2024-10-08T20:20:38.330+0300: 365.786: Application time: 1.6065031 seconds
2024-10-08T20:20:38.361+0300: 365.809: [GC (Allocation Failure) 2024-10-08T20:20:38.361+0300: 365.809: [ParNew: 280392K->1161K(314560K), 0.0015367 secs] 284434K->5204K(1013632K), 0.0016388 secs] [Times: user=0.00 sys=0.00, real=0.00 secs] 
2024-10-08T20:20:38.361+0300: 365.811: Total time for which application threads were stopped: 0.0249761 seconds, Stopping threads took: 0.0231927 seconds
2024-10-08T20:20:39.961+0300: 367.418: Application time: 1.6076350 seconds
2024-10-08T20:20:40.008+0300: 367.456: [GC (Allocation Failure) 2024-10-08T20:20:40.008+0300: 367.456: [ParNew: 280745K->575K(314560K), 0.0016656 secs] 284788K->4619K(1013632K), 0.0017873 secs] [Times: user=0.00 sys=0.00, real=0.00 secs] 
2024-10-08T20:20:40.008+0300: 367.458: Total time for which application threads were stopped: 0.0392692 seconds, Stopping threads took: 0.0373116 seconds
2024-10-08T20:20:41.608+0300: 369.060: Application time: 1.6021952 seconds
2024-10-08T20:20:41.655+0300: 369.103: [GC (Allocation Failure) 2024-10-08T20:20:41.655+0300: 369.103: [ParNew: 280045K->182K(314560K), 0.0017562 secs] 284089K->4227K(1013632K), 0.0018711 secs] [Times: user=0.00 sys=0.00, real=0.00 secs] 
2024-10-08T20:20:41.655+0300: 369.105: Total time for which application threads were stopped: 0.0450770 seconds, Stopping threads took: 0.0430404 seconds
2024-10-08T20:20:43.240+0300: 370.700: Application time: 1.5953349 seconds
2024-10-08T20:20:43.287+0300: 370.734: [GC (Allocation Failure) 2024-10-08T20:20:43.287+0300: 370.734: [ParNew: 279520K->575K(314560K), 0.0017888 secs] 283566K->4621K(1013632K), 0.0019262 secs] [Times: user=0.00 sys=0.00, real=0.00 secs] 
2024-10-08T20:20:43.287+0300: 370.736: Total time for which application threads were stopped: 0.0360955 seconds, Stopping threads took: 0.0339882 seconds
2024-10-08T20:20:44.887+0300: 372.336: Application time: 1.6000224 seconds
2024-10-08T20:20:44.918+0300: 372.366: [GC (Allocation Failure) 2024-10-08T20:20:44.918+0300: 372.366: [ParNew: 280110K->963K(314560K), 0.0017549 secs] 284157K->5011K(1013632K), 0.0018770 secs] [Times: user=0.00 sys=0.00, real=0.00 secs] 
2024-10-08T20:20:44.918+0300: 372.368: Total time for which application threads were stopped: 0.0318669 seconds, Stopping threads took: 0.0298335 seconds
2024-10-08T20:20:46.518+0300: 373.968: Application time: 1.5999371 seconds
2024-10-08T20:20:46.565+0300: 374.013: [GC (Allocation Failure) 2024-10-08T20:20:46.565+0300: 374.013: [ParNew: 280416K->377K(314560K), 0.0017075 secs] 284464K->4426K(1013632K), 0.0018302 secs] [Times: user=0.00 sys=0.00, real=0.00 secs] 
2024-10-08T20:20:46.565+0300: 374.015: Total time for which application threads were stopped: 0.0465901 seconds, Stopping threads took: 0.0445992 seconds
2024-10-08T20:20:48.150+0300: 375.608: Application time: 1.5937484 seconds
2024-10-08T20:20:48.197+0300: 375.645: [GC (Allocation Failure) 2024-10-08T20:20:48.197+0300: 375.645: [ParNew: 279993K->967K(314560K), 0.0016108 secs] 284042K->5017K(1013632K), 0.0017340 secs] [Times: user=0.00 sys=0.00, real=0.00 secs] 
2024-10-08T20:20:48.197+0300: 375.647: Total time for which application threads were stopped: 0.0384080 seconds, Stopping threads took: 0.0365092 seconds
2024-10-08T20:20:49.798+0300: 377.252: Application time: 1.6053536 seconds
2024-10-08T20:20:49.845+0300: 377.293: [GC (Allocation Failure) 2024-10-08T20:20:49.845+0300: 377.293: [ParNew: 280410K->184K(314560K), 0.0017511 secs] 284460K->4235K(1013632K), 0.0018775 secs] [Times: user=0.00 sys=0.00, real=0.00 secs] 
2024-10-08T20:20:49.845+0300: 377.295: Total time for which application threads were stopped: 0.0427709 seconds, Stopping threads took: 0.0407244 seconds
2024-10-08T20:20:51.430+0300: 378.889: Application time: 1.5945573 seconds
2024-10-08T20:20:51.462+0300: 378.909: [GC (Allocation Failure) 2024-10-08T20:20:51.462+0300: 378.909: [ParNew: 279477K->575K(314560K), 0.0014746 secs] 283528K->4627K(1013632K), 0.0015989 secs] [Times: user=0.00 sys=0.00, real=0.00 secs] 
2024-10-08T20:20:51.462+0300: 378.911: Total time for which application threads were stopped: 0.0213800 seconds, Stopping threads took: 0.0196264 seconds
2024-10-08T20:20:53.062+0300: 380.516: Application time: 1.6051255 seconds
2024-10-08T20:20:53.109+0300: 380.557: [GC (Allocation Failure) 2024-10-08T20:20:53.109+0300: 380.557: [ParNew: 280113K->184K(314560K), 0.0016653 secs] 284165K->4237K(1013632K), 0.0017806 secs] [Times: user=0.00 sys=0.00, real=0.00 secs] 
2024-10-08T20:20:53.109+0300: 380.558: Total time for which application threads were stopped: 0.0423118 seconds, Stopping threads took: 0.0403664 seconds
2024-10-08T20:20:54.694+0300: 382.154: Application time: 1.5961426 seconds
2024-10-08T20:20:54.726+0300: 382.174: [GC (Allocation Failure) 2024-10-08T20:20:54.726+0300: 382.174: [ParNew: 279764K->575K(314560K), 0.0016519 secs] 283818K->4629K(1013632K), 0.0017668 secs] [Times: user=0.00 sys=0.00, real=0.00 secs] 
2024-10-08T20:20:54.726+0300: 382.175: Total time for which application threads were stopped: 0.0208771 seconds, Stopping threads took: 0.0189607 seconds
2024-10-08T20:20:56.327+0300: 383.780: Application time: 1.6046468 seconds
2024-10-08T20:20:56.359+0300: 383.806: [GC (Allocation Failure) 2024-10-08T20:20:56.359+0300: 383.806: [ParNew: 280187K->1161K(314560K), 0.0019740 secs] 284242K->5216K(1013632K), 0.0020944 secs] [Times: user=0.00 sys=0.00, real=0.00 secs] 
2024-10-08T20:20:56.359+0300: 383.808: Total time for which application threads were stopped: 0.0283728 seconds, Stopping threads took: 0.0261271 seconds
2024-10-08T20:20:57.958+0300: 385.413: Application time: 1.6043065 seconds
2024-10-08T20:20:58.005+0300: 385.453: [GC (Allocation Failure) 2024-10-08T20:20:58.005+0300: 385.453: [ParNew: 280556K->575K(314560K), 0.0018954 secs] 284612K->4631K(1013632K), 0.0020207 secs] [Times: user=0.00 sys=0.00, real=0.00 secs] 
2024-10-08T20:20:58.005+0300: 385.455: Total time for which application threads were stopped: 0.0423007 seconds, Stopping threads took: 0.0401124 seconds
2024-10-08T20:20:59.590+0300: 387.049: Application time: 1.5935652 seconds
2024-10-08T20:20:59.621+0300: 387.069: [GC (Allocation Failure) 2024-10-08T20:20:59.621+0300: 387.069: [ParNew: 279807K->577K(314560K), 0.0016813 secs] 283864K->4635K(1013632K), 0.0017957 secs] [Times: user=0.00 sys=0.00, real=0.00 secs] 
2024-10-08T20:20:59.621+0300: 387.071: Total time for which application threads were stopped: 0.0221299 seconds, Stopping threads took: 0.0201730 seconds
2024-10-08T20:21:01.221+0300: 388.674: Application time: 1.6034874 seconds
2024-10-08T20:21:01.253+0300: 388.700: [GC (Allocation Failure) 2024-10-08T20:21:01.253+0300: 388.701: [ParNew: 280085K->965K(314560K), 0.0015389 secs] 284143K->5024K(1013632K), 0.0016515 secs] [Times: user=0.00 sys=0.00, real=0.00 secs] 
2024-10-08T20:21:01.253+0300: 388.702: Total time for which application threads were stopped: 0.0279325 seconds, Stopping threads took: 0.0261325 seconds
2024-10-08T20:21:02.853+0300: 390.311: Application time: 1.6091651 seconds
2024-10-08T20:21:02.900+0300: 390.348: [GC (Allocation Failure) 2024-10-08T20:21:02.900+0300: 390.348: [ParNew: 280581K->549K(314560K), 0.0016313 secs] 284640K->4609K(1013632K), 0.0017576 secs] [Times: user=0.00 sys=0.00, real=0.00 secs] 
2024-10-08T20:21:02.900+0300: 390.350: Total time for which application threads were stopped: 0.0382498 seconds, Stopping threads took: 0.0363219 seconds
2024-10-08T20:21:04.486+0300: 391.948: Application time: 1.5982744 seconds
2024-10-08T20:21:04.549+0300: 391.996: [GC (Allocation Failure) 2024-10-08T20:21:04.549+0300: 391.997: [ParNew: 280117K->184K(314560K), 0.0017328 secs] 284177K->4245K(1013632K), 0.0018511 secs] [Times: user=0.00 sys=0.00, real=0.00 secs] 
2024-10-08T20:21:04.549+0300: 391.998: Total time for which application threads were stopped: 0.0505646 seconds, Stopping threads took: 0.0485553 seconds
2024-10-08T20:21:06.136+0300: 393.593: Application time: 1.5947977 seconds
2024-10-08T20:21:06.181+0300: 393.628: [GC (Allocation Failure) 2024-10-08T20:21:06.181+0300: 393.628: [ParNew: 279800K->573K(314560K), 0.0015373 secs] 283861K->4635K(1013632K), 0.0016320 secs] [Times: user=0.00 sys=0.00, real=0.00 secs] 
2024-10-08T20:21:06.181+0300: 393.630: Total time for which application threads were stopped: 0.0368754 seconds, Stopping threads took: 0.0350716 seconds
2024-10-08T20:21:07.781+0300: 395.230: Application time: 1.5999174 seconds
2024-10-08T20:21:07.812+0300: 395.260: [GC (Allocation Failure) 2024-10-08T20:21:07.812+0300: 395.260: [ParNew: 280129K->1161K(314560K), 0.0020353 secs] 284192K->5224K(1013632K), 0.0021925 secs] [Times: user=0.00 sys=0.00, real=0.00 secs] 
2024-10-08T20:21:07.812+0300: 395.262: Total time for which application threads were stopped: 0.0323529 seconds, Stopping threads took: 0.0299959 seconds
2024-10-08T20:21:09.428+0300: 396.888: Application time: 1.6258048 seconds
2024-10-08T20:21:09.475+0300: 396.923: [GC (Allocation Failure) 2024-10-08T20:21:09.475+0300: 396.923: [ParNew: 280593K->573K(314560K), 0.0015056 secs] 284656K->4637K(1013632K), 0.0015981 secs] [Times: user=0.00 sys=0.00, real=0.00 secs] 
2024-10-08T20:21:09.475+0300: 396.924: Total time for which application threads were stopped: 0.0360306 seconds, Stopping threads took: 0.0343059 seconds
2024-10-08T20:21:11.076+0300: 398.530: Application time: 1.6055241 seconds
2024-10-08T20:21:11.107+0300: 398.555: [GC (Allocation Failure) 2024-10-08T20:21:11.107+0300: 398.555: [ParNew: 280053K->967K(314560K), 0.0012449 secs] 284118K->5033K(1013632K), 0.0013319 secs] [Times: user=0.00 sys=0.00, real=0.00 secs] 
2024-10-08T20:21:11.107+0300: 398.556: Total time for which application threads were stopped: 0.0265532 seconds, Stopping threads took: 0.0250956 seconds
2024-10-08T20:21:12.709+0300: 400.168: Application time: 1.6114796 seconds
2024-10-08T20:21:12.756+0300: 400.204: [GC (Allocation Failure) 2024-10-08T20:21:12.756+0300: 400.204: [ParNew: 280400K->381K(314560K), 0.0016869 secs] 284466K->4448K(1013632K), 0.0017859 secs] [Times: user=0.00 sys=0.00, real=0.00 secs] 
2024-10-08T20:21:12.756+0300: 400.206: Total time for which application threads were stopped: 0.0382283 seconds, Stopping threads took: 0.0362834 seconds
2024-10-08T20:21:14.355+0300: 401.809: Application time: 1.6031503 seconds
2024-10-08T20:21:14.386+0300: 401.834: [GC (Allocation Failure) 2024-10-08T20:21:14.386+0300: 401.834: [ParNew: 279885K->967K(314560K), 0.0015910 secs] 283952K->5035K(1013632K), 0.0016851 secs] [Times: user=0.00 sys=0.00, real=0.00 secs] 
2024-10-08T20:21:14.386+0300: 401.836: Total time for which application threads were stopped: 0.0266786 seconds, Stopping threads took: 0.0248469 seconds
2024-10-08T20:21:15.987+0300: 403.443: Application time: 1.6069687 seconds
2024-10-08T20:21:16.034+0300: 403.482: [GC (Allocation Failure) 2024-10-08T20:21:16.034+0300: 403.482: [ParNew: 280570K->381K(314560K), 0.0016419 secs] 284638K->4451K(1013632K), 0.0017488 secs] [Times: user=0.00 sys=0.00, real=0.00 secs] 
2024-10-08T20:21:16.034+0300: 403.484: Total time for which application threads were stopped: 0.0407660 seconds, Stopping threads took: 0.0388703 seconds
2024-10-08T20:21:17.619+0300: 405.081: Application time: 1.5977664 seconds
2024-10-08T20:21:17.650+0300: 405.098: [GC (Allocation Failure) 2024-10-08T20:21:17.650+0300: 405.099: [ParNew: 279664K->575K(314560K), 0.0014210 secs] 283734K->4645K(1013632K), 0.0015454 secs] [Times: user=0.00 sys=0.00, real=0.00 secs] 
2024-10-08T20:21:17.650+0300: 405.100: Total time for which application threads were stopped: 0.0186959 seconds, Stopping threads took: 0.0170012 seconds
2024-10-08T20:21:19.261+0300: 406.709: Application time: 1.6086828 seconds
2024-10-08T20:21:19.299+0300: 406.746: [GC (Allocation Failure) 2024-10-08T20:21:19.299+0300: 406.746: [ParNew: 280170K->186K(314560K), 0.0015531 secs] 284240K->4257K(1013632K), 0.0016870 secs] [Times: user=0.00 sys=0.00, real=0.00 secs] 
2024-10-08T20:21:19.299+0300: 406.748: Total time for which application threads were stopped: 0.0394590 seconds, Stopping threads took: 0.0376033 seconds
2024-10-08T20:21:20.898+0300: 408.352: Application time: 1.6039454 seconds
2024-10-08T20:21:20.929+0300: 408.377: [GC (Allocation Failure) 2024-10-08T20:21:20.929+0300: 408.377: [ParNew: 279523K->575K(314560K), 0.0015141 secs] 283595K->4647K(1013632K), 0.0016253 secs] [Times: user=0.00 sys=0.00, real=0.00 secs] 
2024-10-08T20:21:20.929+0300: 408.378: Total time for which application threads were stopped: 0.0261334 seconds, Stopping threads took: 0.0243586 seconds
2024-10-08T20:21:22.514+0300: 409.974: Application time: 1.5962347 seconds
2024-10-08T20:21:22.560+0300: 410.008: [GC (Allocation Failure) 2024-10-08T20:21:22.560+0300: 410.008: [ParNew: 280129K->965K(314560K), 0.0017690 secs] 284202K->5039K(1013632K), 0.0018688 secs] [Times: user=0.00 sys=0.00, real=0.00 secs] 
2024-10-08T20:21:22.560+0300: 410.010: Total time for which application threads were stopped: 0.0355375 seconds, Stopping threads took: 0.0335314 seconds
2024-10-08T20:21:24.170+0300: 411.618: Application time: 1.6078848 seconds
2024-10-08T20:21:24.209+0300: 411.656: [GC (Allocation Failure) 2024-10-08T20:21:24.209+0300: 411.656: [ParNew: 280475K->575K(314560K), 0.0019412 secs] 284549K->4650K(1013632K), 0.0020611 secs] [Times: user=0.00 sys=0.00, real=0.00 secs] 
2024-10-08T20:21:24.209+0300: 411.658: Total time for which application threads were stopped: 0.0404761 seconds, Stopping threads took: 0.0382576 seconds
2024-10-08T20:21:25.793+0300: 413.255: Application time: 1.5970412 seconds
2024-10-08T20:21:25.824+0300: 413.272: [GC (Allocation Failure) 2024-10-08T20:21:25.824+0300: 413.272: [ParNew: 280076K->965K(314560K), 0.0012999 secs] 284151K->5041K(1013632K), 0.0013803 secs] [Times: user=0.00 sys=0.00, real=0.00 secs] 
2024-10-08T20:21:25.824+0300: 413.273: Total time for which application threads were stopped: 0.0178107 seconds, Stopping threads took: 0.0163042 seconds
2024-10-08T20:21:27.425+0300: 414.878: Application time: 1.6051174 seconds
2024-10-08T20:21:27.472+0300: 414.920: [GC (Allocation Failure) 2024-10-08T20:21:27.472+0300: 414.920: [ParNew: 280501K->379K(314560K), 0.0016664 secs] 284577K->4457K(1013632K), 0.0018096 secs] [Times: user=0.00 sys=0.00, real=0.00 secs] 
2024-10-08T20:21:27.472+0300: 414.922: Total time for which application threads were stopped: 0.0434246 seconds, Stopping threads took: 0.0414394 seconds
2024-10-08T20:21:29.073+0300: 416.522: Application time: 1.6003144 seconds
2024-10-08T20:21:29.105+0300: 416.553: [GC (Allocation Failure) 2024-10-08T20:21:29.105+0300: 416.553: [ParNew: 279995K->965K(314560K), 0.0019426 secs] 284073K->5044K(1013632K), 0.0020773 secs] [Times: user=0.00 sys=0.00, real=0.00 secs] 
2024-10-08T20:21:29.105+0300: 416.555: Total time for which application threads were stopped: 0.0326937 seconds, Stopping threads took: 0.0304522 seconds
2024-10-08T20:21:30.705+0300: 418.157: Application time: 1.6021168 seconds
2024-10-08T20:21:30.752+0300: 418.200: [GC (Allocation Failure) 2024-10-08T20:21:30.752+0300: 418.200: [ParNew: 280503K->577K(314560K), 0.0019177 secs] 284581K->4656K(1013632K), 0.0020388 secs] [Times: user=0.00 sys=0.00, real=0.00 secs] 
2024-10-08T20:21:30.752+0300: 418.202: Total time for which application threads were stopped: 0.0448936 seconds, Stopping threads took: 0.0426944 seconds
2024-10-08T20:21:32.336+0300: 419.794: Application time: 1.5920521 seconds
2024-10-08T20:21:32.383+0300: 419.831: [GC (Allocation Failure) 2024-10-08T20:21:32.383+0300: 419.831: [ParNew: 280162K->963K(314560K), 0.0016228 secs] 284242K->5044K(1013632K), 0.0017410 secs] [Times: user=0.00 sys=0.01, real=0.00 secs] 
2024-10-08T20:21:32.385+0300: 419.833: Total time for which application threads were stopped: 0.0386502 seconds, Stopping threads took: 0.0367322 seconds
2024-10-08T20:21:33.988+0300: 421.440: Application time: 1.6070174 seconds
2024-10-08T20:21:34.032+0300: 421.480: [GC (Allocation Failure) 2024-10-08T20:21:34.032+0300: 421.480: [ParNew: 280424K->379K(314560K), 0.0016834 secs] 284505K->4461K(1013632K), 0.0018097 secs] [Times: user=0.00 sys=0.00, real=0.00 secs] 
2024-10-08T20:21:34.032+0300: 421.481: Total time for which application threads were stopped: 0.0419506 seconds, Stopping threads took: 0.0399825 seconds
2024-10-08T20:21:35.617+0300: 423.076: Application time: 1.5948405 seconds
2024-10-08T20:21:35.664+0300: 423.111: [GC (Allocation Failure) 2024-10-08T20:21:35.664+0300: 423.112: [ParNew: 279844K->967K(314560K), 0.0019651 secs] 283925K->5050K(1013632K), 0.0020994 secs] [Times: user=0.00 sys=0.00, real=0.00 secs] 
2024-10-08T20:21:35.664+0300: 423.114: Total time for which application threads were stopped: 0.0372855 seconds, Stopping threads took: 0.0350217 seconds
2024-10-08T20:21:37.265+0300: 424.718: Application time: 1.6044123 seconds
2024-10-08T20:21:37.312+0300: 424.760: [GC (Allocation Failure) 2024-10-08T20:21:37.312+0300: 424.760: [ParNew: 280430K->186K(314560K), 0.0017735 secs] 284513K->4270K(1013632K), 0.0018886 secs] [Times: user=0.00 sys=0.00, real=0.00 secs] 
2024-10-08T20:21:37.312+0300: 424.762: Total time for which application threads were stopped: 0.0437966 seconds, Stopping threads took: 0.0417439 seconds
2024-10-08T20:21:38.897+0300: 426.354: Application time: 1.5918123 seconds
2024-10-08T20:21:38.944+0300: 426.391: [GC (Allocation Failure) 2024-10-08T20:21:38.944+0300: 426.391: [ParNew: 279659K->573K(314560K), 0.0017344 secs] 283743K->4658K(1013632K), 0.0018574 secs] [Times: user=0.00 sys=0.00, real=0.00 secs] 
2024-10-08T20:21:38.944+0300: 426.393: Total time for which application threads were stopped: 0.0396414 seconds, Stopping threads took: 0.0376231 seconds
2024-10-08T20:21:40.544+0300: 428.002: Application time: 1.6084164 seconds
2024-10-08T20:21:40.591+0300: 428.038: [GC (Allocation Failure) 2024-10-08T20:21:40.591+0300: 428.038: [ParNew: 280049K->184K(314560K), 0.0017313 secs] 284135K->4270K(1013632K), 0.0018555 secs] [Times: user=0.00 sys=0.00, real=0.00 secs] 
2024-10-08T20:21:40.591+0300: 428.040: Total time for which application threads were stopped: 0.0385323 seconds, Stopping threads took: 0.0365106 seconds
2024-10-08T20:21:42.175+0300: 429.636: Application time: 1.5960232 seconds
2024-10-08T20:21:42.207+0300: 429.654: [GC (Allocation Failure) 2024-10-08T20:21:42.207+0300: 429.654: [ParNew: 279584K->575K(314560K), 0.0016181 secs] 283670K->4662K(1013632K), 0.0017130 secs] [Times: user=0.00 sys=0.00, real=0.00 secs] 
2024-10-08T20:21:42.207+0300: 429.656: Total time for which application threads were stopped: 0.0198103 seconds, Stopping threads took: 0.0179635 seconds
2024-10-08T20:21:43.792+0300: 431.252: Application time: 1.5963908 seconds
2024-10-08T20:21:43.824+0300: 431.271: [GC (Allocation Failure) 2024-10-08T20:21:43.824+0300: 431.271: [ParNew: 280054K->965K(314560K), 0.0013590 secs] 284141K->5054K(1013632K), 0.0014408 secs] [Times: user=0.00 sys=0.00, real=0.00 secs] 
2024-10-08T20:21:43.824+0300: 431.273: Total time for which application threads were stopped: 0.0204505 seconds, Stopping threads took: 0.0189154 seconds
2024-10-08T20:21:45.425+0300: 432.875: Application time: 1.6018643 seconds
2024-10-08T20:21:45.472+0300: 432.920: [GC (Allocation Failure) 2024-10-08T20:21:45.472+0300: 432.920: [ParNew: 280543K->575K(314560K), 0.0019072 secs] 284632K->4664K(1013632K), 0.0020210 secs] [Times: user=0.00 sys=0.00, real=0.00 secs] 
2024-10-08T20:21:45.472+0300: 432.922: Total time for which application threads were stopped: 0.0469258 seconds, Stopping threads took: 0.0447489 seconds
2024-10-08T20:21:47.056+0300: 434.517: Application time: 1.5957303 seconds
2024-10-08T20:21:47.103+0300: 434.551: [GC (Allocation Failure) 2024-10-08T20:21:47.103+0300: 434.551: [ParNew: 280130K->965K(314560K), 0.0019359 secs] 284220K->5056K(1013632K), 0.0020575 secs] [Times: user=0.00 sys=0.00, real=0.00 secs] 
2024-10-08T20:21:47.103+0300: 434.553: Total time for which application threads were stopped: 0.0353563 seconds, Stopping threads took: 0.0331360 seconds
2024-10-08T20:21:48.703+0300: 436.156: Application time: 1.6031236 seconds
2024-10-08T20:21:48.750+0300: 436.198: [GC (Allocation Failure) 2024-10-08T20:21:48.750+0300: 436.198: [ParNew: 280536K->381K(314560K), 0.0019181 secs] 284627K->4473K(1013632K), 0.0020669 secs] [Times: user=0.00 sys=0.00, real=0.00 secs] 
2024-10-08T20:21:48.750+0300: 436.200: Total time for which application threads were stopped: 0.0439064 seconds, Stopping threads took: 0.0416600 seconds
2024-10-08T20:21:50.350+0300: 437.799: Application time: 1.5991036 seconds
2024-10-08T20:21:50.382+0300: 437.829: [GC (Allocation Failure) 2024-10-08T20:21:50.382+0300: 437.829: [ParNew: 279912K->967K(314560K), 0.0018583 secs] 284004K->5060K(1013632K), 0.0019867 secs] [Times: user=0.00 sys=0.00, real=0.00 secs] 
2024-10-08T20:21:50.383+0300: 437.831: Total time for which application threads were stopped: 0.0322898 seconds, Stopping threads took: 0.0301420 seconds
2024-10-08T20:21:51.981+0300: 439.437: Application time: 1.6060809 seconds
2024-10-08T20:21:52.029+0300: 439.477: [GC (Allocation Failure) 2024-10-08T20:21:52.029+0300: 439.477: [ParNew: 280458K->379K(314560K), 0.0018058 secs] 284551K->4474K(1013632K), 0.0019346 secs] [Times: user=0.00 sys=0.00, real=0.00 secs] 
2024-10-08T20:21:52.029+0300: 439.478: Total time for which application threads were stopped: 0.0411513 seconds, Stopping threads took: 0.0390607 seconds
2024-10-08T20:21:53.630+0300: 441.080: Application time: 1.6016208 seconds
2024-10-08T20:21:53.661+0300: 441.109: [GC (Allocation Failure) 2024-10-08T20:21:53.661+0300: 441.109: [ParNew: 279651K->575K(314560K), 0.0014198 secs] 283745K->4670K(1013632K), 0.0015545 secs] [Times: user=0.00 sys=0.00, real=0.00 secs] 
2024-10-08T20:21:53.661+0300: 441.111: Total time for which application threads were stopped: 0.0306171 seconds, Stopping threads took: 0.0288860 seconds
2024-10-08T20:21:55.262+0300: 442.710: Application time: 1.5990330 seconds
2024-10-08T20:21:55.293+0300: 442.741: [GC (Allocation Failure) 2024-10-08T20:21:55.293+0300: 442.741: [ParNew: 280061K->965K(314560K), 0.0015512 secs] 284156K->5062K(1013632K), 0.0016622 secs] [Times: user=0.00 sys=0.00, real=0.00 secs] 
2024-10-08T20:21:55.293+0300: 442.743: Total time for which application threads were stopped: 0.0329161 seconds, Stopping threads took: 0.0311046 seconds
2024-10-08T20:21:56.894+0300: 444.347: Application time: 1.6043733 seconds
2024-10-08T20:21:56.941+0300: 444.389: [GC (Allocation Failure) 2024-10-08T20:21:56.941+0300: 444.389: [ParNew: 280523K->577K(314560K), 0.0019697 secs] 284620K->4674K(1013632K), 0.0020747 secs] [Times: user=0.00 sys=0.00, real=0.00 secs] 
2024-10-08T20:21:56.941+0300: 444.391: Total time for which application threads were stopped: 0.0437799 seconds, Stopping threads took: 0.0415451 seconds
2024-10-08T20:21:58.542+0300: 446.001: Application time: 1.6101726 seconds
2024-10-08T20:21:58.589+0300: 446.037: [GC (Allocation Failure) 2024-10-08T20:21:58.589+0300: 446.037: [ParNew: 280101K->969K(314560K), 0.0013924 secs] 284199K->5068K(1013632K), 0.0014857 secs] [Times: user=0.00 sys=0.00, real=0.00 secs] 
2024-10-08T20:21:58.590+0300: 446.038: Total time for which application threads were stopped: 0.0372700 seconds, Stopping threads took: 0.0356277 seconds
2024-10-08T20:22:00.239+0300: 447.692: Application time: 1.6534962 seconds
2024-10-08T20:22:00.285+0300: 447.732: [GC (Allocation Failure) 2024-10-08T20:22:00.285+0300: 447.732: [ParNew: 280543K->381K(314560K), 0.0010316 secs] 284642K->4481K(1013632K), 0.0011179 secs] [Times: user=0.00 sys=0.00, real=0.00 secs] 
2024-10-08T20:22:00.285+0300: 447.734: Total time for which application threads were stopped: 0.0417571 seconds, Stopping threads took: 0.0405221 seconds
2024-10-08T20:22:01.885+0300: 449.341: Application time: 1.6077713 seconds
2024-10-08T20:22:01.932+0300: 449.380: [GC (Allocation Failure) 2024-10-08T20:22:01.932+0300: 449.380: [ParNew: 279963K->184K(314560K), 0.0015568 secs] 284063K->4285K(1013632K), 0.0016493 secs] [Times: user=0.00 sys=0.00, real=0.00 secs] 
2024-10-08T20:22:01.932+0300: 449.382: Total time for which application threads were stopped: 0.0402503 seconds, Stopping threads took: 0.0384456 seconds
2024-10-08T20:22:03.517+0300: 450.979: Application time: 1.5973830 seconds
2024-10-08T20:22:03.548+0300: 450.996: [GC (Allocation Failure) 2024-10-08T20:22:03.548+0300: 450.996: [ParNew: 279765K->575K(314560K), 0.0016089 secs] 283866K->4677K(1013632K), 0.0017343 secs] [Times: user=0.00 sys=0.00, real=0.00 secs] 
2024-10-08T20:22:03.548+0300: 450.998: Total time for which application threads were stopped: 0.0188760 seconds, Stopping threads took: 0.0169809 seconds
2024-10-08T20:22:05.148+0300: 452.601: Application time: 1.6029509 seconds
2024-10-08T20:22:05.180+0300: 452.627: [GC (Allocation Failure) 2024-10-08T20:22:05.180+0300: 452.627: [ParNew: 280043K->965K(314560K), 0.0016371 secs] 284146K->5069K(1013632K), 0.0017774 secs] [Times: user=0.00 sys=0.00, real=0.00 secs] 
2024-10-08T20:22:05.180+0300: 452.629: Total time for which application threads were stopped: 0.0284421 seconds, Stopping threads took: 0.0264952 seconds
2024-10-08T20:22:06.780+0300: 454.235: Application time: 1.6058899 seconds
2024-10-08T20:22:06.827+0300: 454.275: [GC (Allocation Failure) 2024-10-08T20:22:06.827+0300: 454.275: [ParNew: 280483K->577K(314560K), 0.0013730 secs] 284586K->4682K(1013632K), 0.0014626 secs] [Times: user=0.00 sys=0.00, real=0.00 secs] 
2024-10-08T20:22:06.827+0300: 454.276: Total time for which application threads were stopped: 0.0408918 seconds, Stopping threads took: 0.0392927 seconds
2024-10-08T20:22:08.413+0300: 455.867: Application time: 1.5910196 seconds
2024-10-08T20:22:08.444+0300: 455.893: [GC (Allocation Failure) 2024-10-08T20:22:08.444+0300: 455.893: [ParNew: 280084K->967K(314560K), 0.0015152 secs] 284189K->5073K(1013632K), 0.0016334 secs] [Times: user=0.00 sys=0.00, real=0.00 secs] 
2024-10-08T20:22:08.444+0300: 455.894: Total time for which application threads were stopped: 0.0271479 seconds, Stopping threads took: 0.0253629 seconds
2024-10-08T20:22:10.044+0300: 457.503: Application time: 1.6089043 seconds
2024-10-08T20:22:10.092+0300: 457.539: [GC (Allocation Failure) 2024-10-08T20:22:10.092+0300: 457.540: [ParNew: 280401K->184K(314560K), 0.0017802 secs] 284507K->4291K(1013632K), 0.0018873 secs] [Times: user=0.00 sys=0.00, real=0.00 secs] 
2024-10-08T20:22:10.092+0300: 457.541: Total time for which application threads were stopped: 0.0382954 seconds, Stopping threads took: 0.0362598 seconds
2024-10-08T20:22:11.677+0300: 459.139: Application time: 1.5974384 seconds
2024-10-08T20:22:11.708+0300: 459.156: [GC (Allocation Failure) 2024-10-08T20:22:11.708+0300: 459.156: [ParNew: 279767K->965K(314560K), 0.0017057 secs] 283875K->5074K(1013632K), 0.0018195 secs] [Times: user=0.00 sys=0.00, real=0.00 secs] 
2024-10-08T20:22:11.708+0300: 459.157: Total time for which application threads were stopped: 0.0186119 seconds, Stopping threads took: 0.0166403 seconds
2024-10-08T20:22:13.324+0300: 460.776: Application time: 1.6182452 seconds
2024-10-08T20:22:13.371+0300: 460.819: [GC (Allocation Failure) 2024-10-08T20:22:13.371+0300: 460.819: [ParNew: 280511K->379K(314560K), 0.0009510 secs] 284619K->4489K(1013632K), 0.0010275 secs] [Times: user=0.00 sys=0.00, real=0.00 secs] 
2024-10-08T20:22:13.371+0300: 460.820: Total time for which application threads were stopped: 0.0444040 seconds, Stopping threads took: 0.0432773 seconds
2024-10-08T20:22:14.972+0300: 462.425: Application time: 1.6046860 seconds
2024-10-08T20:22:15.003+0300: 462.451: [GC (Allocation Failure) 2024-10-08T20:22:15.003+0300: 462.451: [ParNew: 279781K->573K(314560K), 0.0012357 secs] 283890K->4683K(1013632K), 0.0013172 secs] [Times: user=0.00 sys=0.00, real=0.00 secs] 
2024-10-08T20:22:15.003+0300: 462.452: Total time for which application threads were stopped: 0.0273600 seconds, Stopping threads took: 0.0259292 seconds
2024-10-08T20:22:16.604+0300: 464.059: Application time: 1.6073044 seconds
2024-10-08T20:22:16.651+0300: 464.098: [GC (Allocation Failure) 2024-10-08T20:22:16.651+0300: 464.098: [ParNew: 280098K->184K(314560K), 0.0014408 secs] 284209K->4296K(1013632K), 0.0015153 secs] [Times: user=0.00 sys=0.00, real=0.00 secs] 
2024-10-08T20:22:16.651+0300: 464.100: Total time for which application threads were stopped: 0.0404506 seconds, Stopping threads took: 0.0388172 seconds
2024-10-08T20:22:18.251+0300: 465.699: Application time: 1.5993709 seconds
2024-10-08T20:22:18.282+0300: 465.730: [GC (Allocation Failure) 2024-10-08T20:22:18.282+0300: 465.730: [ParNew: 279628K->573K(314560K), 0.0019039 secs] 283739K->4686K(1013632K), 0.0020259 secs] [Times: user=0.00 sys=0.00, real=0.00 secs] 
2024-10-08T20:22:18.282+0300: 465.732: Total time for which application threads were stopped: 0.0329396 seconds, Stopping threads took: 0.0307654 seconds
2024-10-08T20:22:19.883+0300: 467.336: Application time: 1.6035233 seconds
2024-10-08T20:22:19.898+0300: 467.346: [GC (Allocation Failure) 2024-10-08T20:22:19.898+0300: 467.346: [ParNew: 280128K->963K(314560K), 0.0018548 secs] 284241K->5077K(1013632K), 0.0019624 secs] [Times: user=0.00 sys=0.00, real=0.00 secs] 
2024-10-08T20:22:19.898+0300: 467.348: Total time for which application threads were stopped: 0.0122451 seconds, Stopping threads took: 0.0101388 seconds
2024-10-08T20:22:21.499+0300: 468.955: Application time: 1.6072649 seconds
2024-10-08T20:22:21.546+0300: 468.993: [GC (Allocation Failure) 2024-10-08T20:22:21.546+0300: 468.993: [ParNew: 280579K->379K(314560K), 0.0019928 secs] 284693K->4494K(1013632K), 0.0021623 secs] [Times: user=0.00 sys=0.00, real=0.00 secs] 
2024-10-08T20:22:21.546+0300: 468.995: Total time for which application threads were stopped: 0.0402335 seconds, Stopping threads took: 0.0378782 seconds
2024-10-08T20:22:23.147+0300: 470.598: Application time: 1.6027671 seconds
2024-10-08T20:22:23.178+0300: 470.626: [GC (Allocation Failure) 2024-10-08T20:22:23.178+0300: 470.626: [ParNew: 279995K->1161K(314560K), 0.0019743 secs] 284110K->5277K(1013632K), 0.0020823 secs] [Times: user=0.00 sys=0.00, real=0.00 secs] 
2024-10-08T20:22:23.178+0300: 470.628: Total time for which application threads were stopped: 0.0294493 seconds, Stopping threads took: 0.0272150 seconds
2024-10-08T20:22:24.780+0300: 472.228: Application time: 1.6001531 seconds
2024-10-08T20:22:24.827+0300: 472.275: [GC (Allocation Failure) 2024-10-08T20:22:24.827+0300: 472.275: [ParNew: 280744K->577K(314560K), 0.0014693 secs] 284860K->4694K(1013632K), 0.0015665 secs] [Times: user=0.00 sys=0.00, real=0.00 secs] 
2024-10-08T20:22:24.827+0300: 472.277: Total time for which application threads were stopped: 0.0486893 seconds, Stopping threads took: 0.0469665 seconds
2024-10-08T20:22:26.428+0300: 473.881: Application time: 1.6046402 seconds
2024-10-08T20:22:26.459+0300: 473.907: [GC (Allocation Failure) 2024-10-08T20:22:26.459+0300: 473.907: [ParNew: 280077K->965K(314560K), 0.0015796 secs] 284195K->5084K(1013632K), 0.0016960 secs] [Times: user=0.00 sys=0.00, real=0.00 secs] 
2024-10-08T20:22:26.459+0300: 473.908: Total time for which application threads were stopped: 0.0272600 seconds, Stopping threads took: 0.0254098 seconds
2024-10-08T20:22:28.059+0300: 475.508: Application time: 1.5991776 seconds
2024-10-08T20:22:28.106+0300: 475.554: [GC (Allocation Failure) 2024-10-08T20:22:28.106+0300: 475.554: [ParNew: 280578K->573K(314560K), 0.0019678 secs] 284696K->4692K(1013632K), 0.0021025 secs] [Times: user=0.00 sys=0.00, real=0.00 secs] 
2024-10-08T20:22:28.106+0300: 475.556: Total time for which application threads were stopped: 0.0486728 seconds, Stopping threads took: 0.0464056 seconds
2024-10-08T20:22:29.695+0300: 477.151: Application time: 1.5948411 seconds
2024-10-08T20:22:29.723+0300: 477.171: [GC (Allocation Failure) 2024-10-08T20:22:29.723+0300: 477.171: [ParNew: 280055K->967K(314560K), 0.0016823 secs] 284175K->5088K(1013632K), 0.0017847 secs] [Times: user=0.00 sys=0.00, real=0.00 secs] 
2024-10-08T20:22:29.723+0300: 477.173: Total time for which application threads were stopped: 0.0215463 seconds, Stopping threads took: 0.0196343 seconds
2024-10-08T20:22:31.324+0300: 478.782: Application time: 1.6091040 seconds
2024-10-08T20:22:31.370+0300: 478.818: [GC (Allocation Failure) 2024-10-08T20:22:31.370+0300: 478.818: [ParNew: 280393K->182K(314560K), 0.0013921 secs] 284514K->4304K(1013632K), 0.0014980 secs] [Times: user=0.00 sys=0.00, real=0.00 secs] 
2024-10-08T20:22:31.370+0300: 478.820: Total time for which application threads were stopped: 0.0379749 seconds, Stopping threads took: 0.0363231 seconds
2024-10-08T20:22:32.972+0300: 480.422: Application time: 1.6020986 seconds
2024-10-08T20:22:33.003+0300: 480.451: [GC (Allocation Failure) 2024-10-08T20:22:33.003+0300: 480.451: [ParNew: 279798K->965K(314560K), 0.0017080 secs] 283920K->5088K(1013632K), 0.0018176 secs] [Times: user=0.00 sys=0.00, real=0.00 secs] 
2024-10-08T20:22:33.003+0300: 480.453: Total time for which application threads were stopped: 0.0309623 seconds, Stopping threads took: 0.0289881 seconds
2024-10-08T20:22:34.588+0300: 482.050: Application time: 1.5966489 seconds
2024-10-08T20:22:34.650+0300: 482.098: [GC (Allocation Failure) 2024-10-08T20:22:34.650+0300: 482.098: [ParNew: 280449K->379K(314560K), 0.0019194 secs] 284572K->4504K(1013632K), 0.0020445 secs] [Times: user=0.00 sys=0.00, real=0.00 secs] 
2024-10-08T20:22:34.650+0300: 482.100: Total time for which application threads were stopped: 0.0504739 seconds, Stopping threads took: 0.0482559 seconds
2024-10-08T20:22:36.251+0300: 483.702: Application time: 1.6023723 seconds
2024-10-08T20:22:36.282+0300: 483.730: [GC (Allocation Failure) 2024-10-08T20:22:36.282+0300: 483.730: [ParNew: 279773K->575K(314560K), 0.0014866 secs] 283897K->4700K(1013632K), 0.0015961 secs] [Times: user=0.00 sys=0.00, real=0.00 secs] 
2024-10-08T20:22:36.282+0300: 483.731: Total time for which application threads were stopped: 0.0288765 seconds, Stopping threads took: 0.0271271 seconds
2024-10-08T20:22:37.883+0300: 485.340: Application time: 1.6084480 seconds
2024-10-08T20:22:37.930+0300: 485.378: [GC (Allocation Failure) 2024-10-08T20:22:37.930+0300: 485.378: [ParNew: 280046K->184K(314560K), 0.0018985 secs] 284172K->4310K(1013632K), 0.0020173 secs] [Times: user=0.00 sys=0.00, real=0.00 secs] 
2024-10-08T20:22:37.930+0300: 485.380: Total time for which application threads were stopped: 0.0404914 seconds, Stopping threads took: 0.0382875 seconds
2024-10-08T20:22:39.515+0300: 486.974: Application time: 1.5934163 seconds
2024-10-08T20:22:39.546+0300: 486.994: [GC (Allocation Failure) 2024-10-08T20:22:39.546+0300: 486.994: [ParNew: 279470K->577K(314560K), 0.0015852 secs] 283597K->4704K(1013632K), 0.0017070 secs] [Times: user=0.00 sys=0.00, real=0.00 secs] 
2024-10-08T20:22:39.546+0300: 486.996: Total time for which application threads were stopped: 0.0220642 seconds, Stopping threads took: 0.0202013 seconds
2024-10-08T20:22:41.147+0300: 488.606: Application time: 1.6107960 seconds
2024-10-08T20:22:41.178+0300: 488.626: [GC (Allocation Failure) 2024-10-08T20:22:41.178+0300: 488.626: [ParNew: 280017K->965K(314560K), 0.0016608 secs] 284145K->5094K(1013632K), 0.0017585 secs] [Times: user=0.00 sys=0.00, real=0.00 secs] 
2024-10-08T20:22:41.178+0300: 488.628: Total time for which application threads were stopped: 0.0211528 seconds, Stopping threads took: 0.0192833 seconds
2024-10-08T20:22:42.778+0300: 490.232: Application time: 1.6043953 seconds
2024-10-08T20:22:42.825+0300: 490.273: [GC (Allocation Failure) 2024-10-08T20:22:42.825+0300: 490.273: [ParNew: 280440K->379K(314560K), 0.0015099 secs] 284569K->4509K(1013632K), 0.0016141 secs] [Times: user=0.00 sys=0.00, real=0.00 secs] 
2024-10-08T20:22:42.825+0300: 490.275: Total time for which application threads were stopped: 0.0427080 seconds, Stopping threads took: 0.0409301 seconds
2024-10-08T20:22:44.410+0300: 491.867: Application time: 1.5919551 seconds
2024-10-08T20:22:44.442+0300: 491.890: [GC (Allocation Failure) 2024-10-08T20:22:44.442+0300: 491.890: [ParNew: 279805K->967K(314560K), 0.0016038 secs] 283935K->5098K(1013632K), 0.0017161 secs] [Times: user=0.00 sys=0.00, real=0.00 secs] 
2024-10-08T20:22:44.442+0300: 491.891: Total time for which application threads were stopped: 0.0247405 seconds, Stopping threads took: 0.0228581 seconds
2024-10-08T20:22:46.043+0300: 493.496: Application time: 1.6045805 seconds
2024-10-08T20:22:46.090+0300: 493.538: [GC (Allocation Failure) 2024-10-08T20:22:46.090+0300: 493.538: [ParNew: 280489K->381K(314560K), 0.0015693 secs] 284620K->4514K(1013632K), 0.0016890 secs] [Times: user=0.00 sys=0.00, real=0.00 secs] 
2024-10-08T20:22:46.090+0300: 493.539: Total time for which application threads were stopped: 0.0432491 seconds, Stopping threads took: 0.0414051 seconds
2024-10-08T20:22:47.691+0300: 495.140: Application time: 1.6002626 seconds
2024-10-08T20:22:47.707+0300: 495.154: [GC (Allocation Failure) 2024-10-08T20:22:47.707+0300: 495.154: [ParNew: 279974K->967K(314560K), 0.0017387 secs] 284106K->5101K(1013632K), 0.0018482 secs] [Times: user=0.00 sys=0.00, real=0.00 secs] 
2024-10-08T20:22:47.707+0300: 495.156: Total time for which application threads were stopped: 0.0165981 seconds, Stopping threads took: 0.0146022 seconds
2024-10-08T20:22:49.307+0300: 496.764: Application time: 1.6076754 seconds
2024-10-08T20:22:49.355+0300: 496.802: [GC (Allocation Failure) 2024-10-08T20:22:49.355+0300: 496.802: [ParNew: 280531K->575K(314560K), 0.0018769 secs] 284664K->4709K(1013632K), 0.0019986 secs] [Times: user=0.00 sys=0.00, real=0.00 secs] 
2024-10-08T20:22:49.355+0300: 496.804: Total time for which application threads were stopped: 0.0405717 seconds, Stopping threads took: 0.0384135 seconds
2024-10-08T20:22:50.406+0300: 497.858: Application time: 1.0538520 seconds
2024-10-08T20:22:50.453+0300: 497.901: Total time for which application threads were stopped: 0.0423488 seconds, Stopping threads took: 0.0422420 seconds
2024-10-08T20:22:50.547+0300: 498.004: Application time: 0.1037470 seconds
2024-10-08T20:22:50.594+0300: 498.042: Total time for which application threads were stopped: 0.0372763 seconds, Stopping threads took: 0.0371585 seconds
2024-10-08T20:22:50.625+0300: 498.076: Application time: 0.0342380 seconds
2024-10-08T20:22:50.672+0300: 498.120: Total time for which application threads were stopped: 0.0446183 seconds, Stopping threads took: 0.0445254 seconds
2024-10-08T20:22:50.704+0300: 498.153: Application time: 0.0320209 seconds
2024-10-08T20:22:50.704+0300: 498.153: Total time for which application threads were stopped: 0.0004850 seconds, Stopping threads took: 0.0004490 seconds
2024-10-08T20:22:50.782+0300: 498.242: Application time: 0.0891574 seconds
2024-10-08T20:22:50.782+0300: 498.242: Total time for which application threads were stopped: 0.0003025 seconds, Stopping threads took: 0.0002644 seconds
2024-10-08T20:22:51.081+0300: 498.540: Application time: 0.2976806 seconds
2024-10-08T20:22:51.127+0300: 498.575: [GC (Allocation Failure) 2024-10-08T20:22:51.127+0300: 498.575: [ParNew: 279996K->191K(314560K), 0.0017520 secs] 284131K->4327K(1013632K), 0.0018855 secs] [Times: user=0.00 sys=0.00, real=0.00 secs] 
2024-10-08T20:22:51.127+0300: 498.577: Total time for which application threads were stopped: 0.0369514 seconds, Stopping threads took: 0.0348893 seconds
2024-10-08T20:22:52.696+0300: 500.155: Application time: 1.5774197 seconds
2024-10-08T20:22:52.728+0300: 500.175: [GC (Allocation Failure) 2024-10-08T20:22:52.728+0300: 500.175: [ParNew: 279672K->582K(314560K), 0.0016252 secs] 283808K->4719K(1013632K), 0.0017203 secs] [Times: user=0.00 sys=0.00, real=0.00 secs] 
2024-10-08T20:22:52.728+0300: 500.177: Total time for which application threads were stopped: 0.0225104 seconds, Stopping threads took: 0.0206535 seconds
2024-10-08T20:22:54.327+0300: 501.787: Application time: 1.6095480 seconds
2024-10-08T20:22:54.375+0300: 501.822: [GC (Allocation Failure) 2024-10-08T20:22:54.375+0300: 501.822: [ParNew: 280127K->194K(314560K), 0.0014792 secs] 284264K->4332K(1013632K), 0.0015697 secs] [Times: user=0.00 sys=0.00, real=0.00 secs] 
2024-10-08T20:22:54.375+0300: 501.824: Total time for which application threads were stopped: 0.0372867 seconds, Stopping threads took: 0.0355662 seconds
2024-10-08T20:22:55.975+0300: 503.428: Application time: 1.6039223 seconds
2024-10-08T20:22:56.007+0300: 503.454: [GC (Allocation Failure) 2024-10-08T20:22:56.007+0300: 503.454: [ParNew: 279777K->580K(314560K), 0.0019575 secs] 283915K->4719K(1013632K), 0.0020918 secs] [Times: user=0.00 sys=0.00, real=0.00 secs] 
2024-10-08T20:22:56.007+0300: 503.456: Total time for which application threads were stopped: 0.0285943 seconds, Stopping threads took: 0.0263310 seconds
2024-10-08T20:22:57.607+0300: 505.057: Application time: 1.6010056 seconds
2024-10-08T20:22:57.639+0300: 505.086: [GC (Allocation Failure) 2024-10-08T20:22:57.639+0300: 505.087: [ParNew: 280163K->971K(314560K), 0.0017309 secs] 284302K->5111K(1013632K), 0.0018414 secs] [Times: user=0.00 sys=0.00, real=0.00 secs] 
2024-10-08T20:22:57.639+0300: 505.088: Total time for which application threads were stopped: 0.0309212 seconds, Stopping threads took: 0.0289137 seconds
2024-10-08T20:22:59.238+0300: 506.693: Application time: 1.6042393 seconds
2024-10-08T20:22:59.286+0300: 506.733: [GC (Allocation Failure) 2024-10-08T20:22:59.286+0300: 506.734: [ParNew: 280348K->580K(314560K), 0.0018678 secs] 284488K->4722K(1013632K), 0.0020020 secs] [Times: user=0.00 sys=0.00, real=0.00 secs] 
2024-10-08T20:22:59.286+0300: 506.735: Total time for which application threads were stopped: 0.0429022 seconds, Stopping threads took: 0.0407175 seconds
2024-10-08T20:23:00.886+0300: 508.335: Application time: 1.5999699 seconds
2024-10-08T20:23:00.917+0300: 508.365: [GC (Allocation Failure) 2024-10-08T20:23:00.917+0300: 508.365: [ParNew: 279861K->577K(314560K), 0.0017700 secs] 284003K->4725K(1013632K), 0.0018872 secs] [Times: user=0.00 sys=0.00, real=0.00 secs] 
2024-10-08T20:23:00.917+0300: 508.367: Total time for which application threads were stopped: 0.0314672 seconds, Stopping threads took: 0.0294253 seconds
2024-10-08T20:23:02.502+0300: 509.963: Application time: 1.5959554 seconds
2024-10-08T20:23:02.533+0300: 509.981: [GC (Allocation Failure) 2024-10-08T20:23:02.533+0300: 509.981: [ParNew: 280173K->1161K(314560K), 0.0015206 secs] 284321K->5310K(1013632K), 0.0016164 secs] [Times: user=0.00 sys=0.00, real=0.00 secs] 
2024-10-08T20:23:02.533+0300: 509.983: Total time for which application threads were stopped: 0.0199209 seconds, Stopping threads took: 0.0181490 seconds
2024-10-08T20:23:04.134+0300: 511.597: Application time: 1.6137268 seconds
2024-10-08T20:23:04.182+0300: 511.629: [GC (Allocation Failure) 2024-10-08T20:23:04.182+0300: 511.630: [ParNew: 280777K->575K(314560K), 0.0017098 secs] 284926K->4725K(1013632K), 0.0018181 secs] [Times: user=0.00 sys=0.00, real=0.00 secs] 
2024-10-08T20:23:04.182+0300: 511.631: Total time for which application threads were stopped: 0.0347744 seconds, Stopping threads took: 0.0328054 seconds
2024-10-08T20:23:05.782+0300: 513.232: Application time: 1.6009840 seconds
2024-10-08T20:23:05.829+0300: 513.277: [GC (Allocation Failure) 2024-10-08T20:23:05.829+0300: 513.277: [ParNew: 280096K->184K(314560K), 0.0013903 secs] 284247K->4336K(1013632K), 0.0014844 secs] [Times: user=0.00 sys=0.00, real=0.00 secs] 
2024-10-08T20:23:05.829+0300: 513.279: Total time for which application threads were stopped: 0.0462396 seconds, Stopping threads took: 0.0446196 seconds
2024-10-08T20:23:07.430+0300: 514.882: Application time: 1.6038529 seconds
2024-10-08T20:23:07.461+0300: 514.909: [GC (Allocation Failure) 2024-10-08T20:23:07.461+0300: 514.909: [ParNew: 279780K->575K(314560K), 0.0015536 secs] 283931K->4728K(1013632K), 0.0016933 secs] [Times: user=0.00 sys=0.00, real=0.00 secs] 
2024-10-08T20:23:07.461+0300: 514.911: Total time for which application threads were stopped: 0.0283260 seconds, Stopping threads took: 0.0264574 seconds
2024-10-08T20:23:09.046+0300: 516.501: Application time: 1.5906126 seconds
2024-10-08T20:23:09.093+0300: 516.541: [GC (Allocation Failure) 2024-10-08T20:23:09.093+0300: 516.541: [ParNew: 280145K->965K(314560K), 0.0018138 secs] 284298K->5119K(1013632K), 0.0019452 secs] [Times: user=0.00 sys=0.00, real=0.00 secs] 
2024-10-08T20:23:09.093+0300: 516.543: Total time for which application threads were stopped: 0.0414163 seconds, Stopping threads took: 0.0393030 seconds
2024-10-08T20:23:10.694+0300: 518.143: Application time: 1.6002703 seconds
2024-10-08T20:23:10.725+0300: 518.173: [GC (Allocation Failure) 2024-10-08T20:23:10.725+0300: 518.173: [ParNew: 280447K->575K(314560K), 0.0016727 secs] 284600K->4730K(1013632K), 0.0017807 secs] [Times: user=0.00 sys=0.00, real=0.00 secs] 
2024-10-08T20:23:10.725+0300: 518.174: Total time for which application threads were stopped: 0.0313529 seconds, Stopping threads took: 0.0294273 seconds
2024-10-08T20:23:11.730+0300: 519.177: Application time: 1.0026328 seconds
2024-10-08T20:23:11.777+0300: 519.225: Total time for which application threads were stopped: 0.0475108 seconds, Stopping threads took: 0.0474054 seconds
2024-10-08T20:23:12.325+0300: 519.787: Application time: 0.5621580 seconds
2024-10-08T20:23:12.372+0300: 519.820: [GC (Allocation Failure) 2024-10-08T20:23:12.372+0300: 519.820: [ParNew: 280113K->969K(314560K), 0.0017794 secs] 284268K->5126K(1013632K), 0.0019033 secs] [Times: user=0.00 sys=0.00, real=0.00 secs] 
2024-10-08T20:23:12.372+0300: 519.822: Total time for which application threads were stopped: 0.0351259 seconds, Stopping threads took: 0.0330379 seconds
2024-10-08T20:23:13.378+0300: 520.825: Application time: 1.0032656 seconds
2024-10-08T20:23:13.409+0300: 520.857: Total time for which application threads were stopped: 0.0315605 seconds, Stopping threads took: 0.0314244 seconds
2024-10-08T20:23:13.989+0300: 521.452: Application time: 0.5951939 seconds
2024-10-08T20:23:14.052+0300: 521.499: [GC (Allocation Failure) 2024-10-08T20:23:14.052+0300: 521.499: [ParNew: 280399K->188K(314560K), 0.0014253 secs] 284555K->4345K(1013632K), 0.0015196 secs] [Times: user=0.00 sys=0.00, real=0.00 secs] 
2024-10-08T20:23:14.052+0300: 521.501: Total time for which application threads were stopped: 0.0490878 seconds, Stopping threads took: 0.0474293 seconds
2024-10-08T20:23:15.055+0300: 522.503: Application time: 1.0017694 seconds
2024-10-08T20:23:15.103+0300: 522.550: Total time for which application threads were stopped: 0.0475406 seconds, Stopping threads took: 0.0474583 seconds
2024-10-08T20:23:15.652+0300: 523.108: Application time: 0.5579872 seconds
2024-10-08T20:23:15.699+0300: 523.147: [GC (Allocation Failure) 2024-10-08T20:23:15.699+0300: 523.147: [ParNew: 279804K->967K(314560K), 0.0014939 secs] 283961K->5126K(1013632K), 0.0016053 secs] [Times: user=0.00 sys=0.00, real=0.00 secs] 
2024-10-08T20:23:15.699+0300: 523.149: Total time for which application threads were stopped: 0.0403111 seconds, Stopping threads took: 0.0385567 seconds
2024-10-08T20:23:17.315+0300: 524.769: Application time: 1.6202288 seconds
2024-10-08T20:23:17.362+0300: 524.810: [GC (Allocation Failure) 2024-10-08T20:23:17.362+0300: 524.810: [ParNew: 280393K->186K(314560K), 0.0012536 secs] 284552K->4346K(1013632K), 0.0013494 secs] [Times: user=0.00 sys=0.00, real=0.00 secs] 
2024-10-08T20:23:17.362+0300: 524.811: Total time for which application threads were stopped: 0.0422638 seconds, Stopping threads took: 0.0407883 seconds
2024-10-08T20:23:18.964+0300: 526.419: Application time: 1.6082477 seconds
2024-10-08T20:23:19.011+0300: 526.459: [GC (Allocation Failure) 2024-10-08T20:23:19.011+0300: 526.459: [ParNew: 279783K->577K(314560K), 0.0013981 secs] 283942K->4738K(1013632K), 0.0014854 secs] [Times: user=0.00 sys=0.00, real=0.00 secs] 
2024-10-08T20:23:19.011+0300: 526.461: Total time for which application threads were stopped: 0.0413432 seconds, Stopping threads took: 0.0397206 seconds
2024-10-08T20:23:20.613+0300: 528.065: Application time: 1.6046609 seconds
2024-10-08T20:23:20.660+0300: 528.108: [GC (Allocation Failure) 2024-10-08T20:23:20.660+0300: 528.108: [ParNew: 280192K->188K(314560K), 0.0015299 secs] 284353K->4350K(1013632K), 0.0016398 secs] [Times: user=0.00 sys=0.00, real=0.00 secs] 
2024-10-08T20:23:20.660+0300: 528.109: Total time for which application threads were stopped: 0.0440523 seconds, Stopping threads took: 0.0422550 seconds
2024-10-08T20:23:22.260+0300: 529.715: Application time: 1.6053793 seconds
2024-10-08T20:23:22.292+0300: 529.739: [GC (Allocation Failure) 2024-10-08T20:23:22.292+0300: 529.739: [ParNew: 279594K->577K(314560K), 0.0018800 secs] 283756K->4741K(1013632K), 0.0020003 secs] [Times: user=0.00 sys=0.00, real=0.00 secs] 
2024-10-08T20:23:22.294+0300: 529.741: Total time for which application threads were stopped: 0.0265160 seconds, Stopping threads took: 0.0243700 seconds
2024-10-08T20:23:23.897+0300: 531.348: Application time: 1.6071447 seconds
2024-10-08T20:23:23.923+0300: 531.371: [GC (Allocation Failure) 2024-10-08T20:23:23.923+0300: 531.371: [ParNew: 280174K->969K(314560K), 0.0018872 secs] 284338K->5135K(1013632K), 0.0020054 secs] [Times: user=0.00 sys=0.00, real=0.00 secs] 
2024-10-08T20:23:23.923+0300: 531.373: Total time for which application threads were stopped: 0.0243408 seconds, Stopping threads took: 0.0221657 seconds
2024-10-08T20:23:25.523+0300: 532.978: Application time: 1.6051670 seconds
2024-10-08T20:23:25.570+0300: 533.018: [GC (Allocation Failure) 2024-10-08T20:23:25.570+0300: 533.018: [ParNew: 280585K->379K(314560K), 0.0015467 secs] 284751K->4546K(1013632K), 0.0016669 secs] [Times: user=0.00 sys=0.00, real=0.00 secs] 
2024-10-08T20:23:25.570+0300: 533.020: Total time for which application threads were stopped: 0.0418093 seconds, Stopping threads took: 0.0399808 seconds
2024-10-08T20:23:27.171+0300: 534.624: Application time: 1.6040527 seconds
2024-10-08T20:23:27.202+0300: 534.650: [GC (Allocation Failure) 2024-10-08T20:23:27.202+0300: 534.650: [ParNew: 279916K->1163K(314560K), 0.0017337 secs] 284082K->5330K(1013632K), 0.0018404 secs] [Times: user=0.00 sys=0.00, real=0.00 secs] 
2024-10-08T20:23:27.203+0300: 534.652: Total time for which application threads were stopped: 0.0280360 seconds, Stopping threads took: 0.0260379 seconds
2024-10-08T20:23:28.803+0300: 536.251: Application time: 1.5992074 seconds
2024-10-08T20:23:28.834+0300: 536.282: [GC (Allocation Failure) 2024-10-08T20:23:28.834+0300: 536.282: [ParNew: 280601K->1163K(314560K), 0.0011034 secs] 284769K->5332K(1013632K), 0.0011897 secs] [Times: user=0.00 sys=0.00, real=0.00 secs] 
2024-10-08T20:23:28.834+0300: 536.283: Total time for which application threads were stopped: 0.0322759 seconds, Stopping threads took: 0.0309707 seconds
2024-10-08T20:23:30.435+0300: 537.883: Application time: 1.6000301 seconds
2024-10-08T20:23:30.466+0300: 537.914: [GC (Allocation Failure) 2024-10-08T20:23:30.466+0300: 537.914: [ParNew: 280636K->575K(314560K), 0.0017461 secs] 284805K->4745K(1013632K), 0.0018588 secs] [Times: user=0.00 sys=0.00, real=0.00 secs] 
2024-10-08T20:23:30.466+0300: 537.916: Total time for which application threads were stopped: 0.0325301 seconds, Stopping threads took: 0.0305098 seconds
2024-10-08T20:23:32.067+0300: 539.529: Application time: 1.6130019 seconds
2024-10-08T20:23:32.114+0300: 539.562: [GC (Allocation Failure) 2024-10-08T20:23:32.114+0300: 539.562: [ParNew: 280129K->184K(314560K), 0.0014294 secs] 284299K->4355K(1013632K), 0.0015592 secs] [Times: user=0.00 sys=0.00, real=0.00 secs] 
2024-10-08T20:23:32.114+0300: 539.563: Total time for which application threads were stopped: 0.0344268 seconds, Stopping threads took: 0.0327068 seconds
2024-10-08T20:23:33.715+0300: 541.163: Application time: 1.6000996 seconds
2024-10-08T20:23:33.730+0300: 541.178: [GC (Allocation Failure) 2024-10-08T20:23:33.730+0300: 541.178: [ParNew: 279708K->575K(314560K), 0.0015703 secs] 283879K->4747K(1013632K), 0.0016966 secs] [Times: user=0.00 sys=0.00, real=0.00 secs] 
2024-10-08T20:23:33.730+0300: 541.179: Total time for which application threads were stopped: 0.0159189 seconds, Stopping threads took: 0.0140695 seconds
2024-10-08T20:23:35.331+0300: 542.784: Application time: 1.6044443 seconds
2024-10-08T20:23:35.377+0300: 542.825: [GC (Allocation Failure) 2024-10-08T20:23:35.377+0300: 542.825: [ParNew: 280067K->967K(314560K), 0.0016240 secs] 284240K->5141K(1013632K), 0.0017490 secs] [Times: user=0.00 sys=0.00, real=0.00 secs] 
2024-10-08T20:23:35.377+0300: 542.827: Total time for which application threads were stopped: 0.0431369 seconds, Stopping threads took: 0.0412290 seconds
2024-10-08T20:23:36.977+0300: 544.427: Application time: 1.5999222 seconds
2024-10-08T20:23:37.009+0300: 544.456: [GC (Allocation Failure) 2024-10-08T20:23:37.009+0300: 544.456: [ParNew: 280414K->577K(314560K), 0.0018101 secs] 284588K->4751K(1013632K), 0.0019244 secs] [Times: user=0.00 sys=0.00, real=0.00 secs] 
2024-10-08T20:23:37.009+0300: 544.458: Total time for which application threads were stopped: 0.0313292 seconds, Stopping threads took: 0.0292594 seconds
2024-10-08T20:23:38.626+0300: 546.085: Application time: 1.6272452 seconds
2024-10-08T20:23:38.672+0300: 546.120: [GC (Allocation Failure) 2024-10-08T20:23:38.672+0300: 546.120: [ParNew: 280052K->965K(314560K), 0.0019226 secs] 284227K->5141K(1013632K), 0.0020349 secs] [Times: user=0.00 sys=0.00, real=0.00 secs] 
2024-10-08T20:23:38.672+0300: 546.122: Total time for which application threads were stopped: 0.0367901 seconds, Stopping threads took: 0.0346015 seconds
2024-10-08T20:23:40.272+0300: 547.734: Application time: 1.6115744 seconds
2024-10-08T20:23:40.319+0300: 547.767: [GC (Allocation Failure) 2024-10-08T20:23:40.319+0300: 547.767: [ParNew: 280581K->383K(314560K), 0.0019592 secs] 284757K->4560K(1013632K), 0.0020661 secs] [Times: user=0.00 sys=0.00, real=0.00 secs] 
2024-10-08T20:23:40.319+0300: 547.769: Total time for which application threads were stopped: 0.0352566 seconds, Stopping threads took: 0.0330329 seconds
2024-10-08T20:23:41.920+0300: 549.371: Application time: 1.6020481 seconds
2024-10-08T20:23:41.951+0300: 549.399: [GC (Allocation Failure) 2024-10-08T20:23:41.951+0300: 549.399: [ParNew: 279932K->1163K(314560K), 0.0016753 secs] 284109K->5340K(1013632K), 0.0018122 secs] [Times: user=0.00 sys=0.00, real=0.00 secs] 
2024-10-08T20:23:41.951+0300: 549.401: Total time for which application threads were stopped: 0.0297450 seconds, Stopping threads took: 0.0277728 seconds
2024-10-08T20:23:43.552+0300: 551.001: Application time: 1.6001748 seconds
2024-10-08T20:23:43.599+0300: 551.047: [GC (Allocation Failure) 2024-10-08T20:23:43.599+0300: 551.047: [ParNew: 280579K->577K(314560K), 0.0017944 secs] 284757K->4756K(1013632K), 0.0019430 secs] [Times: user=0.00 sys=0.00, real=0.00 secs] 
2024-10-08T20:23:43.599+0300: 551.049: Total time for which application threads were stopped: 0.0474969 seconds, Stopping threads took: 0.0453766 seconds
2024-10-08T20:23:45.183+0300: 552.644: Application time: 1.5951482 seconds
2024-10-08T20:23:45.230+0300: 552.678: [GC (Allocation Failure) 2024-10-08T20:23:45.230+0300: 552.678: [ParNew: 280040K->967K(314560K), 0.0019245 secs] 284219K->5148K(1013632K), 0.0020389 secs] [Times: user=0.00 sys=0.00, real=0.00 secs] 
2024-10-08T20:23:45.230+0300: 552.680: Total time for which application threads were stopped: 0.0359884 seconds, Stopping threads took: 0.0337959 seconds
2024-10-08T20:23:46.831+0300: 554.285: Application time: 1.6054975 seconds
2024-10-08T20:23:46.879+0300: 554.327: [GC (Allocation Failure) 2024-10-08T20:23:46.879+0300: 554.327: [ParNew: 280413K->381K(314560K), 0.0016545 secs] 284594K->4563K(1013632K), 0.0017547 secs] [Times: user=0.00 sys=0.00, real=0.00 secs] 
2024-10-08T20:23:46.879+0300: 554.328: Total time for which application threads were stopped: 0.0431546 seconds, Stopping threads took: 0.0412494 seconds
2024-10-08T20:23:48.463+0300: 555.923: Application time: 1.5950399 seconds
2024-10-08T20:23:48.494+0300: 555.942: [GC (Allocation Failure) 2024-10-08T20:23:48.494+0300: 555.942: [ParNew: 279997K->967K(314560K), 0.0019197 secs] 284178K->5150K(1013632K), 0.0021059 secs] [Times: user=0.00 sys=0.00, real=0.00 secs] 
2024-10-08T20:23:48.494+0300: 555.944: Total time for which application threads were stopped: 0.0207102 seconds, Stopping threads took: 0.0184411 seconds
2024-10-08T20:23:50.094+0300: 557.557: Application time: 1.6125805 seconds
2024-10-08T20:23:50.141+0300: 557.588: [GC (Allocation Failure) 2024-10-08T20:23:50.141+0300: 557.588: [ParNew: 280506K->381K(314560K), 0.0012485 secs] 284689K->4566K(1013632K), 0.0013254 secs] [Times: user=0.00 sys=0.00, real=0.00 secs] 
2024-10-08T20:23:50.141+0300: 557.590: Total time for which application threads were stopped: 0.0330779 seconds, Stopping threads took: 0.0316428 seconds
2024-10-08T20:23:51.742+0300: 559.191: Application time: 1.6012959 seconds
2024-10-08T20:23:51.758+0300: 559.206: [GC (Allocation Failure) 2024-10-08T20:23:51.758+0300: 559.206: [ParNew: 279623K->577K(314560K), 0.0013904 secs] 283807K->4762K(1013632K), 0.0015005 secs] [Times: user=0.00 sys=0.00, real=0.00 secs] 
2024-10-08T20:23:51.758+0300: 559.208: Total time for which application threads were stopped: 0.0165521 seconds, Stopping threads took: 0.0149089 seconds
2024-10-08T20:23:53.359+0300: 560.811: Application time: 1.6032248 seconds
2024-10-08T20:23:53.390+0300: 560.838: [GC (Allocation Failure) 2024-10-08T20:23:53.390+0300: 560.838: [ParNew: 280147K->1165K(314560K), 0.0016091 secs] 284333K->5351K(1013632K), 0.0017183 secs] [Times: user=0.00 sys=0.00, real=0.00 secs] 
2024-10-08T20:23:53.390+0300: 560.840: Total time for which application threads were stopped: 0.0289465 seconds, Stopping threads took: 0.0270764 seconds
2024-10-08T20:23:54.991+0300: 562.445: Application time: 1.6048418 seconds
2024-10-08T20:23:55.038+0300: 562.486: [GC (Allocation Failure) 2024-10-08T20:23:55.038+0300: 562.486: [ParNew: 280781K->575K(314560K), 0.0019660 secs] 284967K->4762K(1013632K), 0.0020830 secs] [Times: user=0.00 sys=0.00, real=0.00 secs] 
2024-10-08T20:23:55.038+0300: 562.488: Total time for which application threads were stopped: 0.0430611 seconds, Stopping threads took: 0.0408063 seconds
2024-10-08T20:23:56.639+0300: 564.087: Application time: 1.5997448 seconds
2024-10-08T20:23:56.654+0300: 564.102: [GC (Allocation Failure) 2024-10-08T20:23:56.654+0300: 564.102: [ParNew: 280029K->967K(314560K), 0.0018167 secs] 284217K->5156K(1013632K), 0.0019367 secs] [Times: user=0.00 sys=0.00, real=0.00 secs] 
2024-10-08T20:23:56.654+0300: 564.104: Total time for which application threads were stopped: 0.0165486 seconds, Stopping threads took: 0.0144659 seconds
2024-10-08T20:23:58.262+0300: 565.711: Application time: 1.6071886 seconds
2024-10-08T20:23:58.302+0300: 565.750: [GC (Allocation Failure) 2024-10-08T20:23:58.302+0300: 565.750: [ParNew: 280495K->575K(314560K), 0.0018435 secs] 284683K->4764K(1013632K), 0.0019584 secs] [Times: user=0.00 sys=0.00, real=0.00 secs] 
2024-10-08T20:23:58.302+0300: 565.752: Total time for which application threads were stopped: 0.0406755 seconds, Stopping threads took: 0.0385606 seconds
2024-10-08T20:23:59.903+0300: 567.356: Application time: 1.6039469 seconds
2024-10-08T20:23:59.934+0300: 567.382: [GC (Allocation Failure) 2024-10-08T20:23:59.934+0300: 567.382: [ParNew: 280057K->965K(314560K), 0.0016192 secs] 284247K->5156K(1013632K), 0.0017437 secs] [Times: user=0.00 sys=0.00, real=0.00 secs] 
2024-10-08T20:23:59.934+0300: 567.384: Total time for which application threads were stopped: 0.0277145 seconds, Stopping threads took: 0.0258139 seconds
2024-10-08T20:24:01.535+0300: 568.989: Application time: 1.6058989 seconds
2024-10-08T20:24:01.582+0300: 569.030: [GC (Allocation Failure) 2024-10-08T20:24:01.582+0300: 569.030: [ParNew: 280398K->184K(314560K), 0.0016834 secs] 284589K->4376K(1013632K), 0.0018070 secs] [Times: user=0.00 sys=0.00, real=0.00 secs] 
2024-10-08T20:24:01.582+0300: 569.032: Total time for which application threads were stopped: 0.0423855 seconds, Stopping threads took: 0.0404194 seconds
2024-10-08T20:24:03.172+0300: 570.626: Application time: 1.5946205 seconds
2024-10-08T20:24:03.214+0300: 570.662: [GC (Allocation Failure) 2024-10-08T20:24:03.214+0300: 570.662: [ParNew: 279800K->577K(314560K), 0.0019678 secs] 283992K->4770K(1013632K), 0.0021033 secs] [Times: user=0.00 sys=0.00, real=0.00 secs] 
2024-10-08T20:24:03.214+0300: 570.664: Total time for which application threads were stopped: 0.0372530 seconds, Stopping threads took: 0.0349801 seconds
2024-10-08T20:24:04.815+0300: 572.267: Application time: 1.6033470 seconds
2024-10-08T20:24:04.861+0300: 572.309: [GC (Allocation Failure) 2024-10-08T20:24:04.861+0300: 572.309: [ParNew: 280183K->184K(314560K), 0.0016301 secs] 284377K->4378K(1013632K), 0.0017385 secs] [Times: user=0.00 sys=0.00, real=0.00 secs] 
2024-10-08T20:24:04.861+0300: 572.311: Total time for which application threads were stopped: 0.0439000 seconds, Stopping threads took: 0.0420076 seconds
2024-10-08T20:24:06.446+0300: 573.904: Application time: 1.5932220 seconds
2024-10-08T20:24:06.477+0300: 573.925: [GC (Allocation Failure) 2024-10-08T20:24:06.477+0300: 573.925: [ParNew: 279607K->379K(314560K), 0.0017425 secs] 283802K->4575K(1013632K), 0.0018536 secs] [Times: user=0.02 sys=0.00, real=0.00 secs] 
2024-10-08T20:24:06.478+0300: 573.927: Total time for which application threads were stopped: 0.0226407 seconds, Stopping threads took: 0.0206318 seconds
2024-10-08T20:24:08.082+0300: 575.534: Application time: 1.6074512 seconds
2024-10-08T20:24:08.109+0300: 575.556: [GC (Allocation Failure) 2024-10-08T20:24:08.109+0300: 575.557: [ParNew: 279891K->967K(314560K), 0.0016410 secs] 284086K->5164K(1013632K), 0.0017609 secs] [Times: user=0.00 sys=0.00, real=0.00 secs] 
2024-10-08T20:24:08.109+0300: 575.558: Total time for which application threads were stopped: 0.0239915 seconds, Stopping threads took: 0.0220800 seconds
2024-10-08T20:24:09.709+0300: 577.159: Application time: 1.6006615 seconds
2024-10-08T20:24:09.756+0300: 577.204: [GC (Allocation Failure) 2024-10-08T20:24:09.756+0300: 577.204: [ParNew: 280405K->381K(314560K), 0.0016442 secs] 284601K->4579K(1013632K), 0.0017584 secs] [Times: user=0.00 sys=0.00, real=0.00 secs] 
2024-10-08T20:24:09.756+0300: 577.206: Total time for which application threads were stopped: 0.0466181 seconds, Stopping threads took: 0.0447095 seconds
2024-10-08T20:24:11.357+0300: 578.810: Application time: 1.6043848 seconds
2024-10-08T20:24:11.373+0300: 578.820: [GC (Allocation Failure) 2024-10-08T20:24:11.373+0300: 578.820: [ParNew: 279779K->577K(314560K), 0.0015447 secs] 283977K->4776K(1013632K), 0.0016246 secs] [Times: user=0.00 sys=0.00, real=0.00 secs] 
2024-10-08T20:24:11.373+0300: 578.822: Total time for which application threads were stopped: 0.0118860 seconds, Stopping threads took: 0.0101639 seconds
2024-10-08T20:24:12.972+0300: 580.424: Application time: 1.6024393 seconds
2024-10-08T20:24:13.004+0300: 580.452: [GC (Allocation Failure) 2024-10-08T20:24:13.004+0300: 580.452: [ParNew: 280150K->1163K(314560K), 0.0015633 secs] 284349K->5363K(1013632K), 0.0016622 secs] [Times: user=0.00 sys=0.00, real=0.00 secs] 
2024-10-08T20:24:13.004+0300: 580.453: Total time for which application threads were stopped: 0.0291105 seconds, Stopping threads took: 0.0272986 seconds
2024-10-08T20:24:14.605+0300: 582.056: Application time: 1.6029039 seconds
2024-10-08T20:24:14.652+0300: 582.100: [GC (Allocation Failure) 2024-10-08T20:24:14.652+0300: 582.100: [ParNew: 280492K->575K(314560K), 0.0019328 secs] 284692K->4776K(1013632K), 0.0020540 secs] [Times: user=0.00 sys=0.00, real=0.00 secs] 
2024-10-08T20:24:14.652+0300: 582.102: Total time for which application threads were stopped: 0.0455220 seconds, Stopping threads took: 0.0433056 seconds
2024-10-08T20:24:16.237+0300: 583.697: Application time: 1.5955618 seconds
2024-10-08T20:24:16.284+0300: 583.732: [GC (Allocation Failure) 2024-10-08T20:24:16.284+0300: 583.732: [ParNew: 280191K->963K(314560K), 0.0019899 secs] 284392K->5166K(1013632K), 0.0021145 secs] [Times: user=0.00 sys=0.00, real=0.00 secs] 
2024-10-08T20:24:16.284+0300: 583.734: Total time for which application threads were stopped: 0.0366687 seconds, Stopping threads took: 0.0344070 seconds
2024-10-08T20:24:17.885+0300: 585.338: Application time: 1.6034723 seconds
2024-10-08T20:24:17.916+0300: 585.363: [GC (Allocation Failure) 2024-10-08T20:24:17.916+0300: 585.364: [ParNew: 280215K->575K(314560K), 0.0017080 secs] 284417K->4778K(1013632K), 0.0018309 secs] [Times: user=0.00 sys=0.00, real=0.00 secs] 
2024-10-08T20:24:17.916+0300: 585.365: Total time for which application threads were stopped: 0.0277455 seconds, Stopping threads took: 0.0257585 seconds
2024-10-08T20:24:19.503+0300: 586.960: Application time: 1.5949569 seconds
2024-10-08T20:24:19.549+0300: 586.997: [GC (Allocation Failure) 2024-10-08T20:24:19.549+0300: 586.997: [ParNew: 280131K->184K(314560K), 0.0017763 secs] 284335K->4389K(1013632K), 0.0019020 secs] [Times: user=0.00 sys=0.00, real=0.00 secs] 
2024-10-08T20:24:19.549+0300: 586.998: Total time for which application threads were stopped: 0.0382008 seconds, Stopping threads took: 0.0361396 seconds
2024-10-08T20:24:21.149+0300: 588.611: Application time: 1.6129110 seconds
2024-10-08T20:24:21.212+0300: 588.660: [GC (Allocation Failure) 2024-10-08T20:24:21.212+0300: 588.660: [ParNew: 279746K->573K(314560K), 0.0010182 secs] 283951K->4779K(1013632K), 0.0010857 secs] [Times: user=0.00 sys=0.00, real=0.00 secs] 
2024-10-08T20:24:21.212+0300: 588.661: Total time for which application threads were stopped: 0.0493157 seconds, Stopping threads took: 0.0481305 seconds
2024-10-08T20:24:22.813+0300: 590.260: Application time: 1.5997677 seconds
2024-10-08T20:24:22.844+0300: 590.292: [GC (Allocation Failure) 2024-10-08T20:24:22.844+0300: 590.292: [ParNew: 280090K->965K(314560K), 0.0012635 secs] 284297K->5173K(1013632K), 0.0013463 secs] [Times: user=0.00 sys=0.00, real=0.00 secs] 
2024-10-08T20:24:22.844+0300: 590.293: Total time for which application threads were stopped: 0.0327851 seconds, Stopping threads took: 0.0313267 seconds
2024-10-08T20:24:24.445+0300: 591.903: Application time: 1.6096440 seconds
2024-10-08T20:24:24.492+0300: 591.940: [GC (Allocation Failure) 2024-10-08T20:24:24.492+0300: 591.940: [ParNew: 280477K->575K(314560K), 0.0012328 secs] 284684K->4783K(1013632K), 0.0013005 secs] [Times: user=0.00 sys=0.00, real=0.00 secs] 
2024-10-08T20:24:24.492+0300: 591.941: Total time for which application threads were stopped: 0.0380560 seconds, Stopping threads took: 0.0366609 seconds
2024-10-08T20:24:26.093+0300: 593.548: Application time: 1.6067459 seconds
2024-10-08T20:24:26.124+0300: 593.572: [GC (Allocation Failure) 2024-10-08T20:24:26.124+0300: 593.572: [ParNew: 280191K->967K(314560K), 0.0019962 secs] 284399K->5177K(1013632K), 0.0021385 secs] [Times: user=0.00 sys=0.00, real=0.00 secs] 
2024-10-08T20:24:26.124+0300: 593.574: Total time for which application threads were stopped: 0.0265155 seconds, Stopping threads took: 0.0242086 seconds
2024-10-08T20:24:27.725+0300: 595.180: Application time: 1.6056371 seconds
2024-10-08T20:24:27.772+0300: 595.220: [GC (Allocation Failure) 2024-10-08T20:24:27.772+0300: 595.220: [ParNew: 280567K->379K(314560K), 0.0017485 secs] 284777K->4590K(1013632K), 0.0018722 secs] [Times: user=0.00 sys=0.00, real=0.00 secs] 
2024-10-08T20:24:27.772+0300: 595.222: Total time for which application threads were stopped: 0.0419437 seconds, Stopping threads took: 0.0399114 seconds
2024-10-08T20:24:29.358+0300: 596.821: Application time: 1.5994834 seconds
2024-10-08T20:24:29.405+0300: 596.853: [GC (Allocation Failure) 2024-10-08T20:24:29.405+0300: 596.853: [ParNew: 279995K->967K(314560K), 0.0016340 secs] 284206K->5179K(1013632K), 0.0017710 secs] [Times: user=0.00 sys=0.00, real=0.00 secs] 
2024-10-08T20:24:29.405+0300: 596.855: Total time for which application threads were stopped: 0.0334545 seconds, Stopping threads took: 0.0315207 seconds
2024-10-08T20:24:31.005+0300: 598.461: Application time: 1.6064486 seconds
2024-10-08T20:24:31.053+0300: 598.500: [GC (Allocation Failure) 2024-10-08T20:24:31.053+0300: 598.501: [ParNew: 280453K->381K(314560K), 0.0018522 secs] 284665K->4594K(1013632K), 0.0019780 secs] [Times: user=0.00 sys=0.00, real=0.00 secs] 
2024-10-08T20:24:31.053+0300: 598.502: Total time for which application threads were stopped: 0.0412906 seconds, Stopping threads took: 0.0391588 seconds
2024-10-08T20:24:32.654+0300: 600.103: Application time: 1.6009601 seconds
2024-10-08T20:24:32.669+0300: 600.117: [GC (Allocation Failure) 2024-10-08T20:24:32.669+0300: 600.117: [ParNew: 279707K->577K(314560K), 0.0016063 secs] 283920K->4791K(1013632K), 0.0017023 secs] [Times: user=0.00 sys=0.00, real=0.00 secs] 
2024-10-08T20:24:32.669+0300: 600.119: Total time for which application threads were stopped: 0.0153999 seconds, Stopping threads took: 0.0135659 seconds
2024-10-08T20:24:34.271+0300: 601.729: Application time: 1.6102497 seconds
2024-10-08T20:24:34.302+0300: 601.750: [GC (Allocation Failure) 2024-10-08T20:24:34.302+0300: 601.750: [ParNew: 280178K->1161K(314560K), 0.0015620 secs] 284392K->5376K(1013632K), 0.0016884 secs] [Times: user=0.00 sys=0.00, real=0.00 secs] 
2024-10-08T20:24:34.302+0300: 601.751: Total time for which application threads were stopped: 0.0221746 seconds, Stopping threads took: 0.0203318 seconds
2024-10-08T20:24:35.903+0300: 603.363: Application time: 1.6117408 seconds
2024-10-08T20:24:35.950+0300: 603.398: [GC (Allocation Failure) 2024-10-08T20:24:35.950+0300: 603.398: [ParNew: 280547K->577K(314560K), 0.0017461 secs] 284762K->4793K(1013632K), 0.0018594 secs] [Times: user=0.00 sys=0.00, real=0.00 secs] 
2024-10-08T20:24:35.950+0300: 603.399: Total time for which application threads were stopped: 0.0363701 seconds, Stopping threads took: 0.0343626 seconds
2024-10-08T20:24:37.550+0300: 605.003: Application time: 1.6036200 seconds
2024-10-08T20:24:37.566+0300: 605.013: [GC (Allocation Failure) 2024-10-08T20:24:37.566+0300: 605.013: [ParNew: 280023K->965K(314560K), 0.0018259 secs] 284239K->5183K(1013632K), 0.0019467 secs] [Times: user=0.00 sys=0.00, real=0.00 secs] 
2024-10-08T20:24:37.566+0300: 605.015: Total time for which application threads were stopped: 0.0122336 seconds, Stopping threads took: 0.0101384 seconds
2024-10-08T20:24:39.166+0300: 606.624: Application time: 1.6088971 seconds
2024-10-08T20:24:39.213+0300: 606.660: [GC (Allocation Failure) 2024-10-08T20:24:39.213+0300: 606.660: [ParNew: 280421K->381K(314560K), 0.0017736 secs] 284638K->4600K(1013632K), 0.0018985 secs] [Times: user=0.00 sys=0.00, real=0.00 secs] 
2024-10-08T20:24:39.213+0300: 606.662: Total time for which application threads were stopped: 0.0381754 seconds, Stopping threads took: 0.0361183 seconds
2024-10-08T20:24:40.798+0300: 608.260: Application time: 1.5976939 seconds
2024-10-08T20:24:40.829+0300: 608.277: [GC (Allocation Failure) 2024-10-08T20:24:40.829+0300: 608.277: [ParNew: 279847K->963K(314560K), 0.0015130 secs] 284065K->5183K(1013632K), 0.0016273 secs] [Times: user=0.00 sys=0.00, real=0.00 secs] 
2024-10-08T20:24:40.829+0300: 608.279: Total time for which application threads were stopped: 0.0189337 seconds, Stopping threads took: 0.0171684 seconds
2024-10-08T20:24:42.429+0300: 609.886: Application time: 1.6065791 seconds
2024-10-08T20:24:42.460+0300: 609.908: [GC (Allocation Failure) 2024-10-08T20:24:42.460+0300: 609.908: [ParNew: 280447K->379K(314560K), 0.0015198 secs] 284667K->4600K(1013632K), 0.0016161 secs] [Times: user=0.00 sys=0.00, real=0.00 secs] 
2024-10-08T20:24:42.460+0300: 609.910: Total time for which application threads were stopped: 0.0240989 seconds, Stopping threads took: 0.0223511 seconds
2024-10-08T20:24:44.061+0300: 611.515: Application time: 1.6056047 seconds
2024-10-08T20:24:44.092+0300: 611.540: [GC (Allocation Failure) 2024-10-08T20:24:44.092+0300: 611.540: [ParNew: 279905K->967K(314560K), 0.0019960 secs] 284126K->5189K(1013632K), 0.0021254 secs] [Times: user=0.00 sys=0.00, real=0.00 secs] 
2024-10-08T20:24:44.092+0300: 611.542: Total time for which application threads were stopped: 0.0269851 seconds, Stopping threads took: 0.0246791 seconds
2024-10-08T20:24:45.693+0300: 613.149: Application time: 1.6068960 seconds
2024-10-08T20:24:45.740+0300: 613.188: [GC (Allocation Failure) 2024-10-08T20:24:45.740+0300: 613.188: [ParNew: 280510K->575K(314560K), 0.0017029 secs] 284732K->4798K(1013632K), 0.0018328 secs] [Times: user=0.00 sys=0.00, real=0.00 secs] 
2024-10-08T20:24:45.740+0300: 613.190: Total time for which application threads were stopped: 0.0404648 seconds, Stopping threads took: 0.0384682 seconds
2024-10-08T20:24:47.340+0300: 614.796: Application time: 1.6066615 seconds
2024-10-08T20:24:47.371+0300: 614.819: [GC (Allocation Failure) 2024-10-08T20:24:47.371+0300: 614.819: [ParNew: 280173K->967K(314560K), 0.0015991 secs] 284397K->5192K(1013632K), 0.0017149 secs] [Times: user=0.00 sys=0.00, real=0.00 secs] 
2024-10-08T20:24:47.371+0300: 614.821: Total time for which application threads were stopped: 0.0244315 seconds, Stopping threads took: 0.0225657 seconds
2024-10-08T20:24:48.972+0300: 616.428: Application time: 1.6074171 seconds
2024-10-08T20:24:49.019+0300: 616.467: [GC (Allocation Failure) 2024-10-08T20:24:49.019+0300: 616.467: [ParNew: 280551K->379K(314560K), 0.0015312 secs] 284775K->4605K(1013632K), 0.0016440 secs] [Times: user=0.00 sys=0.00, real=0.00 secs] 
2024-10-08T20:24:49.019+0300: 616.469: Total time for which application threads were stopped: 0.0405317 seconds, Stopping threads took: 0.0387277 seconds
2024-10-08T20:24:50.605+0300: 618.066: Application time: 1.5977525 seconds
2024-10-08T20:24:50.636+0300: 618.084: [GC (Allocation Failure) 2024-10-08T20:24:50.636+0300: 618.084: [ParNew: 279995K->965K(314560K), 0.0015791 secs] 284221K->5192K(1013632K), 0.0016988 secs] [Times: user=0.00 sys=0.00, real=0.00 secs] 
2024-10-08T20:24:50.636+0300: 618.086: Total time for which application threads were stopped: 0.0193359 seconds, Stopping threads took: 0.0174916 seconds
2024-10-08T20:24:52.237+0300: 619.697: Application time: 1.6115408 seconds
2024-10-08T20:24:52.285+0300: 619.732: [GC (Allocation Failure) 2024-10-08T20:24:52.285+0300: 619.733: [ParNew: 280425K->379K(314560K), 0.0019008 secs] 284651K->4607K(1013632K), 0.0020273 secs] [Times: user=0.00 sys=0.00, real=0.00 secs] 
2024-10-08T20:24:52.285+0300: 619.735: Total time for which application threads were stopped: 0.0372698 seconds, Stopping threads took: 0.0350799 seconds
2024-10-08T20:24:53.870+0300: 621.333: Application time: 1.5979872 seconds
2024-10-08T20:24:53.917+0300: 621.365: [GC (Allocation Failure) 2024-10-08T20:24:53.917+0300: 621.365: [ParNew: 279614K->577K(314560K), 0.0015675 secs] 283842K->4805K(1013632K), 0.0016981 secs] [Times: user=0.00 sys=0.00, real=0.00 secs] 
2024-10-08T20:24:53.917+0300: 621.366: Total time for which application threads were stopped: 0.0337526 seconds, Stopping threads took: 0.0318942 seconds
2024-10-08T20:24:55.517+0300: 622.970: Application time: 1.6037057 seconds
2024-10-08T20:24:55.564+0300: 623.012: [GC (Allocation Failure) 2024-10-08T20:24:55.564+0300: 623.012: [ParNew: 280060K->184K(314560K), 0.0016335 secs] 284288K->4414K(1013632K), 0.0017518 secs] [Times: user=0.00 sys=0.00, real=0.00 secs] 
2024-10-08T20:24:55.564+0300: 623.013: Total time for which application threads were stopped: 0.0432732 seconds, Stopping threads took: 0.0413652 seconds
2024-10-08T20:24:57.148+0300: 624.611: Application time: 1.5979251 seconds
2024-10-08T20:24:57.196+0300: 624.643: [GC (Allocation Failure) 2024-10-08T20:24:57.196+0300: 624.644: [ParNew: 279465K->573K(314560K), 0.0018281 secs] 283695K->4804K(1013632K), 0.0019463 secs] [Times: user=0.00 sys=0.00, real=0.00 secs] 
2024-10-08T20:24:57.196+0300: 624.645: Total time for which application threads were stopped: 0.0342285 seconds, Stopping threads took: 0.0321238 seconds
2024-10-08T20:24:58.780+0300: 626.239: Application time: 1.5930645 seconds
2024-10-08T20:24:58.811+0300: 626.259: [GC (Allocation Failure) 2024-10-08T20:24:58.811+0300: 626.259: [ParNew: 280172K->1161K(314560K), 0.0020900 secs] 284403K->5393K(1013632K), 0.0022280 secs] [Times: user=0.00 sys=0.00, real=0.00 secs] 
2024-10-08T20:24:58.811+0300: 626.261: Total time for which application threads were stopped: 0.0229538 seconds, Stopping threads took: 0.0205633 seconds
2024-10-08T20:25:00.412+0300: 627.872: Application time: 1.6104703 seconds
2024-10-08T20:25:00.459+0300: 627.906: [GC (Allocation Failure) 2024-10-08T20:25:00.459+0300: 627.906: [ParNew: 280571K->577K(314560K), 0.0013681 secs] 284803K->4810K(1013632K), 0.0014787 secs] [Times: user=0.00 sys=0.00, real=0.00 secs] 
2024-10-08T20:25:00.459+0300: 627.908: Total time for which application threads were stopped: 0.0358326 seconds, Stopping threads took: 0.0342036 seconds
2024-10-08T20:25:02.060+0300: 629.511: Application time: 1.6029178 seconds
2024-10-08T20:25:02.091+0300: 629.539: [GC (Allocation Failure) 2024-10-08T20:25:02.091+0300: 629.539: [ParNew: 280155K->1165K(314560K), 0.0016089 secs] 284389K->5399K(1013632K), 0.0017159 secs] [Times: user=0.00 sys=0.00, real=0.00 secs] 
2024-10-08T20:25:02.091+0300: 629.541: Total time for which application threads were stopped: 0.0301632 seconds, Stopping threads took: 0.0283061 seconds
2024-10-08T20:25:03.692+0300: 631.144: Application time: 1.6033400 seconds
2024-10-08T20:25:03.738+0300: 631.186: [GC (Allocation Failure) 2024-10-08T20:25:03.738+0300: 631.186: [ParNew: 280741K->575K(314560K), 0.0017347 secs] 284976K->4810K(1013632K), 0.0018744 secs] [Times: user=0.00 sys=0.00, real=0.00 secs] 
2024-10-08T20:25:03.738+0300: 631.188: Total time for which application threads were stopped: 0.0438675 seconds, Stopping threads took: 0.0418297 seconds
2024-10-08T20:25:05.339+0300: 632.788: Application time: 1.6003838 seconds
2024-10-08T20:25:05.370+0300: 632.818: [GC (Allocation Failure) 2024-10-08T20:25:05.370+0300: 632.818: [ParNew: 280105K->1165K(314560K), 0.0020020 secs] 284340K->5401K(1013632K), 0.0021366 secs] [Times: user=0.00 sys=0.00, real=0.00 secs] 
2024-10-08T20:25:05.370+0300: 632.820: Total time for which application threads were stopped: 0.0316266 seconds, Stopping threads took: 0.0293308 seconds
2024-10-08T20:25:06.971+0300: 634.431: Application time: 1.6104585 seconds
2024-10-08T20:25:07.018+0300: 634.466: [GC (Allocation Failure) 2024-10-08T20:25:07.018+0300: 634.466: [ParNew: 280538K->575K(314560K), 0.0017367 secs] 284774K->4812K(1013632K), 0.0018626 secs] [Times: user=0.00 sys=0.00, real=0.00 secs] 
2024-10-08T20:25:07.018+0300: 634.468: Total time for which application threads were stopped: 0.0376115 seconds, Stopping threads took: 0.0355782 seconds
2024-10-08T20:25:08.619+0300: 636.068: Application time: 1.5995405 seconds
2024-10-08T20:25:08.634+0300: 636.082: [GC (Allocation Failure) 2024-10-08T20:25:08.634+0300: 636.082: [ParNew: 280075K->965K(314560K), 0.0014758 secs] 284313K->5204K(1013632K), 0.0015675 secs] [Times: user=0.00 sys=0.00, real=0.00 secs] 
2024-10-08T20:25:08.634+0300: 636.084: Total time for which application threads were stopped: 0.0158564 seconds, Stopping threads took: 0.0141658 seconds
2024-10-08T20:25:10.234+0300: 637.693: Application time: 1.6092727 seconds
2024-10-08T20:25:10.281+0300: 637.729: [GC (Allocation Failure) 2024-10-08T20:25:10.281+0300: 637.729: [ParNew: 280491K->379K(314560K), 0.0017573 secs] 284730K->4619K(1013632K), 0.0018730 secs] [Times: user=0.00 sys=0.00, real=0.00 secs] 
2024-10-08T20:25:10.281+0300: 637.731: Total time for which application threads were stopped: 0.0377954 seconds, Stopping threads took: 0.0357708 seconds
2024-10-08T20:25:11.882+0300: 639.336: Application time: 1.6050066 seconds
2024-10-08T20:25:11.897+0300: 639.345: [GC (Allocation Failure) 2024-10-08T20:25:11.897+0300: 639.345: [ParNew: 279723K->577K(314560K), 0.0015650 secs] 283963K->4818K(1013632K), 0.0016502 secs] [Times: user=0.00 sys=0.00, real=0.00 secs] 
2024-10-08T20:25:11.897+0300: 639.347: Total time for which application threads were stopped: 0.0111552 seconds, Stopping threads took: 0.0093868 seconds
2024-10-08T20:25:13.505+0300: 640.953: Application time: 1.6063798 seconds
2024-10-08T20:25:13.545+0300: 640.993: [GC (Allocation Failure) 2024-10-08T20:25:13.545+0300: 640.993: [ParNew: 280188K->184K(314560K), 0.0019205 secs] 284429K->4426K(1013632K), 0.0020582 secs] [Times: user=0.00 sys=0.00, real=0.00 secs] 
2024-10-08T20:25:13.545+0300: 640.995: Total time for which application threads were stopped: 0.0416512 seconds, Stopping threads took: 0.0394322 seconds
2024-10-08T20:25:15.130+0300: 642.588: Application time: 1.5931144 seconds
2024-10-08T20:25:15.177+0300: 642.624: [GC (Allocation Failure) 2024-10-08T20:25:15.177+0300: 642.624: [ParNew: 279748K->571K(314560K), 0.0017651 secs] 283991K->4814K(1013632K), 0.0018806 secs] [Times: user=0.00 sys=0.00, real=0.00 secs] 
2024-10-08T20:25:15.177+0300: 642.626: Total time for which application threads were stopped: 0.0383744 seconds, Stopping threads took: 0.0363390 seconds
2024-10-08T20:25:16.761+0300: 644.223: Application time: 1.5968288 seconds
2024-10-08T20:25:16.808+0300: 644.256: [GC (Allocation Failure) 2024-10-08T20:25:16.808+0300: 644.256: [ParNew: 280131K->1163K(314560K), 0.0016542 secs] 284374K->5407K(1013632K), 0.0017843 secs] [Times: user=0.00 sys=0.00, real=0.00 secs] 
2024-10-08T20:25:16.808+0300: 644.258: Total time for which application threads were stopped: 0.0344679 seconds, Stopping threads took: 0.0325206 seconds
2024-10-08T20:25:18.408+0300: 645.857: Application time: 1.5989050 seconds
2024-10-08T20:25:18.456+0300: 645.903: [GC (Allocation Failure) 2024-10-08T20:25:18.456+0300: 645.903: [ParNew: 280691K->575K(314560K), 0.0017621 secs] 284935K->4820K(1013632K), 0.0018535 secs] [Times: user=0.00 sys=0.00, real=0.00 secs] 
2024-10-08T20:25:18.456+0300: 645.905: Total time for which application threads were stopped: 0.0485836 seconds, Stopping threads took: 0.0465777 seconds
2024-10-08T20:25:20.057+0300: 647.505: Application time: 1.6000529 seconds
2024-10-08T20:25:20.088+0300: 647.536: [GC (Allocation Failure) 2024-10-08T20:25:20.088+0300: 647.536: [ParNew: 280151K->967K(314560K), 0.0020300 secs] 284397K->5214K(1013632K), 0.0021598 secs] [Times: user=0.00 sys=0.00, real=0.00 secs] 
2024-10-08T20:25:20.088+0300: 647.538: Total time for which application threads were stopped: 0.0325280 seconds, Stopping threads took: 0.0302073 seconds
2024-10-08T20:25:21.688+0300: 649.139: Application time: 1.6010600 seconds
2024-10-08T20:25:21.736+0300: 649.183: [GC (Allocation Failure) 2024-10-08T20:25:21.736+0300: 649.183: [ParNew: 280496K->575K(314560K), 0.0016455 secs] 284743K->4823K(1013632K), 0.0017867 secs] [Times: user=0.00 sys=0.00, real=0.00 secs] 
2024-10-08T20:25:21.736+0300: 649.185: Total time for which application threads were stopped: 0.0464028 seconds, Stopping threads took: 0.0444419 seconds
2024-10-08T20:25:23.336+0300: 650.787: Application time: 1.6022525 seconds
2024-10-08T20:25:23.367+0300: 650.815: [GC (Allocation Failure) 2024-10-08T20:25:23.367+0300: 650.815: [ParNew: 280103K->1163K(314560K), 0.0018243 secs] 284351K->5412K(1013632K), 0.0019471 secs] [Times: user=0.00 sys=0.00, real=0.00 secs] 
2024-10-08T20:25:23.367+0300: 650.817: Total time for which application threads were stopped: 0.0297394 seconds, Stopping threads took: 0.0276395 seconds
2024-10-08T20:25:24.983+0300: 652.434: Application time: 1.6171794 seconds
2024-10-08T20:25:25.031+0300: 652.478: [GC (Allocation Failure) 2024-10-08T20:25:25.031+0300: 652.478: [ParNew: 280731K->573K(314560K), 0.0011900 secs] 284981K->4823K(1013632K), 0.0012688 secs] [Times: user=0.00 sys=0.00, real=0.00 secs] 
2024-10-08T20:25:25.031+0300: 652.480: Total time for which application threads were stopped: 0.0452584 seconds, Stopping threads took: 0.0438964 seconds
2024-10-08T20:25:26.615+0300: 654.074: Application time: 1.5942336 seconds
2024-10-08T20:25:26.662+0300: 654.110: [GC (Allocation Failure) 2024-10-08T20:25:26.662+0300: 654.110: [ParNew: 280034K->967K(314560K), 0.0014070 secs] 284284K->5219K(1013632K), 0.0014916 secs] [Times: user=0.00 sys=0.00, real=0.00 secs] 
2024-10-08T20:25:26.662+0300: 654.111: Total time for which application threads were stopped: 0.0372256 seconds, Stopping threads took: 0.0355393 seconds
2024-10-08T20:25:28.264+0300: 655.725: Application time: 1.6137702 seconds
2024-10-08T20:25:28.326+0300: 655.774: [GC (Allocation Failure) 2024-10-08T20:25:28.326+0300: 655.774: [ParNew: 280575K->577K(314560K), 0.0015952 secs] 284827K->4829K(1013632K), 0.0017033 secs] [Times: user=0.00 sys=0.00, real=0.00 secs] 
2024-10-08T20:25:28.326+0300: 655.776: Total time for which application threads were stopped: 0.0506863 seconds, Stopping threads took: 0.0488170 seconds
2024-10-08T20:25:29.926+0300: 657.376: Application time: 1.6007083 seconds
2024-10-08T20:25:29.942+0300: 657.390: [GC (Allocation Failure) 2024-10-08T20:25:29.942+0300: 657.390: [ParNew: 280059K->967K(314560K), 0.0015006 secs] 284312K->5221K(1013632K), 0.0016370 secs] [Times: user=0.00 sys=0.00, real=0.00 secs] 
2024-10-08T20:25:29.942+0300: 657.392: Total time for which application threads were stopped: 0.0153364 seconds, Stopping threads took: 0.0135128 seconds
2024-10-08T20:25:31.575+0300: 659.037: Application time: 1.6456049 seconds
2024-10-08T20:25:31.622+0300: 659.070: [GC (Allocation Failure) 2024-10-08T20:25:31.622+0300: 659.070: [ParNew: 280545K->381K(314560K), 0.0016667 secs] 284799K->4636K(1013632K), 0.0017585 secs] [Times: user=0.00 sys=0.00, real=0.00 secs] 
2024-10-08T20:25:31.622+0300: 659.072: Total time for which application threads were stopped: 0.0349508 seconds, Stopping threads took: 0.0330438 seconds
2024-10-08T20:25:33.222+0300: 660.675: Application time: 1.6029541 seconds
2024-10-08T20:25:33.254+0300: 660.702: [GC (Allocation Failure) 2024-10-08T20:25:33.254+0300: 660.702: [ParNew: 279932K->1163K(314560K), 0.0015350 secs] 284187K->5419K(1013632K), 0.0016350 secs] [Times: user=0.00 sys=0.00, real=0.00 secs] 
2024-10-08T20:25:33.254+0300: 660.704: Total time for which application threads were stopped: 0.0284027 seconds, Stopping threads took: 0.0266185 seconds
2024-10-08T20:25:34.854+0300: 662.303: Application time: 1.5998078 seconds
2024-10-08T20:25:34.901+0300: 662.349: [GC (Allocation Failure) 2024-10-08T20:25:34.901+0300: 662.349: [ParNew: 280604K->379K(314560K), 0.0015652 secs] 284860K->4637K(1013632K), 0.0017109 secs] [Times: user=0.00 sys=0.00, real=0.00 secs] 
2024-10-08T20:25:34.901+0300: 662.351: Total time for which application threads were stopped: 0.0474993 seconds, Stopping threads took: 0.0455084 seconds
2024-10-08T20:25:36.486+0300: 663.941: Application time: 1.5904332 seconds
2024-10-08T20:25:36.517+0300: 663.966: [GC (Allocation Failure) 2024-10-08T20:25:36.517+0300: 663.966: [ParNew: 279679K->575K(314560K), 0.0013977 secs] 283936K->4833K(1013632K), 0.0014983 secs] [Times: user=0.00 sys=0.00, real=0.00 secs] 
2024-10-08T20:25:36.517+0300: 663.967: Total time for which application threads were stopped: 0.0257991 seconds, Stopping threads took: 0.0241602 seconds
2024-10-08T20:25:38.119+0300: 665.573: Application time: 1.6060340 seconds
2024-10-08T20:25:38.151+0300: 665.598: [GC (Allocation Failure) 2024-10-08T20:25:38.151+0300: 665.598: [ParNew: 280129K->1163K(314560K), 0.0016165 secs] 284387K->5422K(1013632K), 0.0017362 secs] [Times: user=0.00 sys=0.00, real=0.00 secs] 
2024-10-08T20:25:38.152+0300: 665.600: Total time for which application threads were stopped: 0.0269612 seconds, Stopping threads took: 0.0250690 seconds
2024-10-08T20:25:39.751+0300: 667.199: Application time: 1.5986966 seconds
2024-10-08T20:25:39.783+0300: 667.231: [GC (Allocation Failure) 2024-10-08T20:25:39.783+0300: 667.231: [ParNew: 280635K->575K(314560K), 0.0017124 secs] 284895K->4835K(1013632K), 0.0018127 secs] [Times: user=0.00 sys=0.00, real=0.00 secs] 
2024-10-08T20:25:39.783+0300: 667.232: Total time for which application threads were stopped: 0.0336492 seconds, Stopping threads took: 0.0316992 seconds
2024-10-08T20:25:41.384+0300: 668.834: Application time: 1.6013250 seconds
2024-10-08T20:25:41.415+0300: 668.863: [GC (Allocation Failure) 2024-10-08T20:25:41.415+0300: 668.863: [ParNew: 280176K->967K(314560K), 0.0013479 secs] 284437K->5229K(1013632K), 0.0014762 secs] [Times: user=0.00 sys=0.00, real=0.00 secs] 
2024-10-08T20:25:41.415+0300: 668.864: Total time for which application threads were stopped: 0.0307228 seconds, Stopping threads took: 0.0290954 seconds
2024-10-08T20:25:43.015+0300: 670.470: Application time: 1.6051622 seconds
2024-10-08T20:25:43.063+0300: 670.510: [GC (Allocation Failure) 2024-10-08T20:25:43.063+0300: 670.510: [ParNew: 280427K->379K(314560K), 0.0016454 secs] 284689K->4642K(1013632K), 0.0017687 secs] [Times: user=0.00 sys=0.00, real=0.00 secs] 
2024-10-08T20:25:43.063+0300: 670.512: Total time for which application threads were stopped: 0.0424982 seconds, Stopping threads took: 0.0405698 seconds
2024-10-08T20:25:44.662+0300: 672.111: Application time: 1.5984080 seconds
2024-10-08T20:25:44.678+0300: 672.126: [GC (Allocation Failure) 2024-10-08T20:25:44.678+0300: 672.126: [ParNew: 279839K->965K(314560K), 0.0016472 secs] 284102K->5229K(1013632K), 0.0017629 secs] [Times: user=0.00 sys=0.00, real=0.00 secs] 
2024-10-08T20:25:44.678+0300: 672.128: Total time for which application threads were stopped: 0.0170686 seconds, Stopping threads took: 0.0151590 seconds
2024-10-08T20:25:46.280+0300: 673.736: Application time: 1.6083785 seconds
2024-10-08T20:25:46.327+0300: 673.774: [GC (Allocation Failure) 2024-10-08T20:25:46.327+0300: 673.774: [ParNew: 280452K->184K(314560K), 0.0011193 secs] 284716K->4449K(1013632K), 0.0011814 secs] [Times: user=0.00 sys=0.00, real=0.00 secs] 
2024-10-08T20:25:46.327+0300: 673.775: Total time for which application threads were stopped: 0.0394845 seconds, Stopping threads took: 0.0382051 seconds
2024-10-08T20:25:47.911+0300: 675.374: Application time: 1.5988661 seconds
2024-10-08T20:25:47.974+0300: 675.422: [GC (Allocation Failure) 2024-10-08T20:25:47.974+0300: 675.422: [ParNew: 279555K->577K(314560K), 0.0015123 secs] 283820K->4843K(1013632K), 0.0016053 secs] [Times: user=0.00 sys=0.00, real=0.00 secs] 
2024-10-08T20:25:47.974+0300: 675.424: Total time for which application threads were stopped: 0.0493018 seconds, Stopping threads took: 0.0475620 seconds
2024-10-08T20:25:49.575+0300: 677.026: Application time: 1.6025766 seconds
2024-10-08T20:25:49.622+0300: 677.070: [GC (Allocation Failure) 2024-10-08T20:25:49.622+0300: 677.070: [ParNew: 280163K->182K(314560K), 0.0011967 secs] 284429K->4449K(1013632K), 0.0012736 secs] [Times: user=0.00 sys=0.00, real=0.00 secs] 
2024-10-08T20:25:49.622+0300: 677.071: Total time for which application threads were stopped: 0.0446528 seconds, Stopping threads took: 0.0432720 seconds
2024-10-08T20:25:51.239+0300: 678.693: Application time: 1.6223982 seconds
2024-10-08T20:25:51.286+0300: 678.734: [GC (Allocation Failure) 2024-10-08T20:25:51.286+0300: 678.734: [ParNew: 279657K->575K(314560K), 0.0018732 secs] 283924K->4843K(1013632K), 0.0020056 secs] [Times: user=0.00 sys=0.00, real=0.00 secs] 
2024-10-08T20:25:51.286+0300: 678.736: Total time for which application threads were stopped: 0.0428074 seconds, Stopping threads took: 0.0406249 seconds
2024-10-08T20:25:52.886+0300: 680.339: Application time: 1.6029505 seconds
2024-10-08T20:25:52.918+0300: 680.365: [GC (Allocation Failure) 2024-10-08T20:25:52.918+0300: 680.365: [ParNew: 280140K->967K(314560K), 0.0018555 secs] 284408K->5237K(1013632K), 0.0019790 secs] [Times: user=0.00 sys=0.00, real=0.00 secs] 
2024-10-08T20:25:52.918+0300: 680.367: Total time for which application threads were stopped: 0.0282774 seconds, Stopping threads took: 0.0261227 seconds
2024-10-08T20:25:54.504+0300: 681.967: Application time: 1.5998057 seconds
2024-10-08T20:25:54.551+0300: 681.999: [GC (Allocation Failure) 2024-10-08T20:25:54.551+0300: 681.999: [ParNew: 280494K->577K(314560K), 0.0016155 secs] 284764K->4847K(1013632K), 0.0017181 secs] [Times: user=0.00 sys=0.00, real=0.00 secs] 
2024-10-08T20:25:54.551+0300: 682.001: Total time for which application threads were stopped: 0.0334882 seconds, Stopping threads took: 0.0316555 seconds
2024-10-08T20:25:56.152+0300: 683.610: Application time: 1.6089688 seconds
2024-10-08T20:25:56.183+0300: 683.631: [GC (Allocation Failure) 2024-10-08T20:25:56.183+0300: 683.631: [ParNew: 280151K->1163K(314560K), 0.0017501 secs] 284422K->5435K(1013632K), 0.0018747 secs] [Times: user=0.00 sys=0.00, real=0.00 secs] 
2024-10-08T20:25:56.183+0300: 683.633: Total time for which application threads were stopped: 0.0231513 seconds, Stopping threads took: 0.0211242 seconds
2024-10-08T20:25:57.789+0300: 685.238: Application time: 1.6052611 seconds
2024-10-08T20:25:57.831+0300: 685.278: [GC (Allocation Failure) 2024-10-08T20:25:57.831+0300: 685.278: [ParNew: 280615K->381K(314560K), 0.0018427 secs] 284888K->4654K(1013632K), 0.0019861 secs] [Times: user=0.00 sys=0.00, real=0.00 secs] 
2024-10-08T20:25:57.831+0300: 685.280: Total time for which application threads were stopped: 0.0423879 seconds, Stopping threads took: 0.0402385 seconds
2024-10-08T20:25:59.415+0300: 686.876: Application time: 1.5954532 seconds
2024-10-08T20:25:59.446+0300: 686.894: [GC (Allocation Failure) 2024-10-08T20:25:59.446+0300: 686.894: [ParNew: 279831K->963K(314560K), 0.0016746 secs] 284104K->5237K(1013632K), 0.0017739 secs] [Times: user=0.00 sys=0.00, real=0.00 secs] 
2024-10-08T20:25:59.446+0300: 686.896: Total time for which application threads were stopped: 0.0200895 seconds, Stopping threads took: 0.0181858 seconds
2024-10-08T20:26:01.048+0300: 688.509: Application time: 1.6134269 seconds
2024-10-08T20:26:01.110+0300: 688.558: [GC (Allocation Failure) 2024-10-08T20:26:01.110+0300: 688.558: [ParNew: 280464K->383K(314560K), 0.0018410 secs] 284738K->4659K(1013632K), 0.0019658 secs] [Times: user=0.00 sys=0.00, real=0.00 secs] 
2024-10-08T20:26:01.110+0300: 688.560: Total time for which application threads were stopped: 0.0507862 seconds, Stopping threads took: 0.0486658 seconds
2024-10-08T20:26:02.698+0300: 690.154: Application time: 1.5942439 seconds
2024-10-08T20:26:02.726+0300: 690.174: [GC (Allocation Failure) 2024-10-08T20:26:02.726+0300: 690.174: [ParNew: 279739K->577K(314560K), 0.0015702 secs] 284014K->4853K(1013632K), 0.0016760 secs] [Times: user=0.00 sys=0.00, real=0.00 secs] 
2024-10-08T20:26:02.726+0300: 690.175: Total time for which application threads were stopped: 0.0209963 seconds, Stopping threads took: 0.0191729 seconds
2024-10-08T20:26:04.311+0300: 691.774: Application time: 1.5983522 seconds
2024-10-08T20:26:04.358+0300: 691.806: [GC (Allocation Failure) 2024-10-08T20:26:04.358+0300: 691.806: [ParNew: 280020K->967K(314560K), 0.0015750 secs] 284297K->5245K(1013632K), 0.0016937 secs] [Times: user=0.00 sys=0.00, real=0.00 secs] 
2024-10-08T20:26:04.358+0300: 691.808: Total time for which application threads were stopped: 0.0339100 seconds, Stopping threads took: 0.0320615 seconds
2024-10-08T20:26:05.960+0300: 693.415: Application time: 1.6075950 seconds
2024-10-08T20:26:06.007+0300: 693.455: [GC (Allocation Failure) 2024-10-08T20:26:06.007+0300: 693.455: [ParNew: 280529K->577K(314560K), 0.0018908 secs] 284807K->4855K(1013632K), 0.0020234 secs] [Times: user=0.00 sys=0.00, real=0.00 secs] 
2024-10-08T20:26:06.007+0300: 693.457: Total time for which application threads were stopped: 0.0413027 seconds, Stopping threads took: 0.0391007 seconds
2024-10-08T20:26:07.607+0300: 695.056: Application time: 1.5993102 seconds
2024-10-08T20:26:07.622+0300: 695.070: [GC (Allocation Failure) 2024-10-08T20:26:07.622+0300: 695.070: [ParNew: 280175K->963K(314560K), 0.0015534 secs] 284453K->5243K(1013632K), 0.0016620 secs] [Times: user=0.00 sys=0.00, real=0.00 secs] 
2024-10-08T20:26:07.622+0300: 695.072: Total time for which application threads were stopped: 0.0158673 seconds, Stopping threads took: 0.0140718 seconds
2024-10-08T20:26:09.223+0300: 696.680: Application time: 1.6079539 seconds
2024-10-08T20:26:09.270+0300: 696.718: [GC (Allocation Failure) 2024-10-08T20:26:09.270+0300: 696.718: [ParNew: 280579K->383K(314560K), 0.0018849 secs] 284859K->4664K(1013632K), 0.0020035 secs] [Times: user=0.00 sys=0.00, real=0.00 secs] 
2024-10-08T20:26:09.270+0300: 696.720: Total time for which application threads were stopped: 0.0404317 seconds, Stopping threads took: 0.0382503 seconds
2024-10-08T20:26:10.871+0300: 698.323: Application time: 1.6032243 seconds
2024-10-08T20:26:10.887+0300: 698.335: [GC (Allocation Failure) 2024-10-08T20:26:10.887+0300: 698.335: [ParNew: 279974K->967K(314560K), 0.0016102 secs] 284255K->5249K(1013632K), 0.0017116 secs] [Times: user=0.00 sys=0.00, real=0.00 secs] 
2024-10-08T20:26:10.887+0300: 698.336: Total time for which application threads were stopped: 0.0129746 seconds, Stopping threads took: 0.0111317 seconds
2024-10-08T20:26:12.487+0300: 699.944: Application time: 1.6077755 seconds
2024-10-08T20:26:12.535+0300: 699.983: [GC (Allocation Failure) 2024-10-08T20:26:12.535+0300: 699.983: [ParNew: 280549K->377K(314560K), 0.0015229 secs] 284831K->4661K(1013632K), 0.0016220 secs] [Times: user=0.00 sys=0.00, real=0.00 secs] 
2024-10-08T20:26:12.535+0300: 699.984: Total time for which application threads were stopped: 0.0401843 seconds, Stopping threads took: 0.0384221 seconds
2024-10-08T20:26:14.135+0300: 701.585: Application time: 1.6010078 seconds
2024-10-08T20:26:14.166+0300: 701.614: [GC (Allocation Failure) 2024-10-08T20:26:14.166+0300: 701.614: [ParNew: 279958K->965K(314560K), 0.0018213 secs] 284241K->5250K(1013632K), 0.0019483 secs] [Times: user=0.00 sys=0.00, real=0.00 secs] 
2024-10-08T20:26:14.166+0300: 701.616: Total time for which application threads were stopped: 0.0303563 seconds, Stopping threads took: 0.0282472 seconds
2024-10-08T20:26:15.767+0300: 703.215: Application time: 1.5995574 seconds
2024-10-08T20:26:15.782+0300: 703.230: [GC (Allocation Failure) 2024-10-08T20:26:15.782+0300: 703.230: [ParNew: 280486K->1551K(314560K), 0.0017236 secs] 284771K->5837K(1013632K), 0.0018386 secs] [Times: user=0.00 sys=0.00, real=0.00 secs] 
2024-10-08T20:26:15.782+0300: 703.232: Total time for which application threads were stopped: 0.0165199 seconds, Stopping threads took: 0.0145438 seconds
2024-10-08T20:26:17.382+0300: 704.840: Application time: 1.6084240 seconds
2024-10-08T20:26:17.430+0300: 704.878: [GC (Allocation Failure) 2024-10-08T20:26:17.430+0300: 704.878: [ParNew: 281009K->967K(314560K), 0.0015905 secs] 285295K->5254K(1013632K), 0.0017030 secs] [Times: user=0.00 sys=0.00, real=0.00 secs] 
2024-10-08T20:26:17.430+0300: 704.880: Total time for which application threads were stopped: 0.0393107 seconds, Stopping threads took: 0.0374397 seconds
2024-10-08T20:26:19.030+0300: 706.483: Application time: 1.6031944 seconds
2024-10-08T20:26:19.077+0300: 706.525: [GC (Allocation Failure) 2024-10-08T20:26:19.077+0300: 706.525: [ParNew: 280497K->379K(314560K), 0.0019681 secs] 284784K->4667K(1013632K), 0.0020819 secs] [Times: user=0.00 sys=0.00, real=0.00 secs] 
2024-10-08T20:26:19.077+0300: 706.527: Total time for which application threads were stopped: 0.0443420 seconds, Stopping threads took: 0.0421110 seconds
2024-10-08T20:26:20.661+0300: 708.120: Application time: 1.5927088 seconds
2024-10-08T20:26:20.693+0300: 708.140: [GC (Allocation Failure) 2024-10-08T20:26:20.693+0300: 708.141: [ParNew: 279837K->965K(314560K), 0.0017073 secs] 284125K->5254K(1013632K), 0.0018471 secs] [Times: user=0.00 sys=0.00, real=0.00 secs] 
2024-10-08T20:26:20.693+0300: 708.142: Total time for which application threads were stopped: 0.0225249 seconds, Stopping threads took: 0.0205157 seconds
2024-10-08T20:26:22.294+0300: 709.755: Application time: 1.6128462 seconds
2024-10-08T20:26:22.341+0300: 709.789: [GC (Allocation Failure) 2024-10-08T20:26:22.341+0300: 709.789: [ParNew: 280538K->575K(314560K), 0.0017583 secs] 284827K->4865K(1013632K), 0.0018774 secs] [Times: user=0.00 sys=0.00, real=0.00 secs] 
2024-10-08T20:26:22.341+0300: 709.791: Total time for which application threads were stopped: 0.0358798 seconds, Stopping threads took: 0.0338478 seconds
2024-10-08T20:26:23.942+0300: 711.393: Application time: 1.6020089 seconds
2024-10-08T20:26:23.973+0300: 711.421: [GC (Allocation Failure) 2024-10-08T20:26:23.973+0300: 711.421: [ParNew: 280122K->967K(314560K), 0.0012979 secs] 284412K->5259K(1013632K), 0.0014162 secs] [Times: user=0.00 sys=0.00, real=0.00 secs] 
2024-10-08T20:26:23.973+0300: 711.423: Total time for which application threads were stopped: 0.0297098 seconds, Stopping threads took: 0.0281365 seconds
2024-10-08T20:26:25.572+0300: 713.024: Application time: 1.6007658 seconds
2024-10-08T20:26:25.619+0300: 713.067: [GC (Allocation Failure) 2024-10-08T20:26:25.619+0300: 713.067: [ParNew: 280388K->379K(314560K), 0.0016700 secs] 284679K->4672K(1013632K), 0.0017850 secs] [Times: user=0.00 sys=0.00, real=0.00 secs] 
2024-10-08T20:26:25.619+0300: 713.069: Total time for which application threads were stopped: 0.0453754 seconds, Stopping threads took: 0.0434394 seconds
2024-10-08T20:26:27.205+0300: 714.665: Application time: 1.5965195 seconds
2024-10-08T20:26:27.237+0300: 714.684: [GC (Allocation Failure) 2024-10-08T20:26:27.237+0300: 714.684: [ParNew: 279870K->965K(314560K), 0.0014797 secs] 284163K->5259K(1013632K), 0.0015815 secs] [Times: user=0.00 sys=0.00, real=0.00 secs] 
2024-10-08T20:26:27.237+0300: 714.686: Total time for which application threads were stopped: 0.0203802 seconds, Stopping threads took: 0.0186666 seconds
2024-10-08T20:26:29.088+0300: 716.547: Application time: 1.8614875 seconds
2024-10-08T20:26:29.135+0300: 716.583: [GC (Allocation Failure) 2024-10-08T20:26:29.135+0300: 716.583: [ParNew: 280535K->379K(314560K), 0.0014029 secs] 284828K->4674K(1013632K), 0.0015005 secs] [Times: user=0.00 sys=0.00, real=0.00 secs] 
2024-10-08T20:26:29.135+0300: 716.584: Total time for which application threads were stopped: 0.0368996 seconds, Stopping threads took: 0.0352476 seconds
2024-10-08T20:26:30.735+0300: 718.195: Application time: 1.6111239 seconds
2024-10-08T20:26:30.782+0300: 718.230: [GC (Allocation Failure) 2024-10-08T20:26:30.782+0300: 718.230: [ParNew: 279855K->577K(314560K), 0.0011796 secs] 284150K->4872K(1013632K), 0.0012582 secs] [Times: user=0.00 sys=0.00, real=0.00 secs] 
2024-10-08T20:26:30.782+0300: 718.231: Total time for which application threads were stopped: 0.0360839 seconds, Stopping threads took: 0.0346984 seconds
2024-10-08T20:26:32.383+0300: 719.842: Application time: 1.6108919 seconds
2024-10-08T20:26:32.429+0300: 719.877: [GC (Allocation Failure) 2024-10-08T20:26:32.429+0300: 719.877: [ParNew: 280154K->967K(314560K), 0.0011385 secs] 284450K->5264K(1013632K), 0.0012429 secs] [Times: user=0.00 sys=0.00, real=0.00 secs] 
2024-10-08T20:26:32.429+0300: 719.878: Total time for which application threads were stopped: 0.0359531 seconds, Stopping threads took: 0.0346008 seconds
2024-10-08T20:26:34.030+0300: 721.487: Application time: 1.6092376 seconds
2024-10-08T20:26:34.077+0300: 721.525: [GC (Allocation Failure) 2024-10-08T20:26:34.077+0300: 721.525: [ParNew: 280563K->379K(314560K), 0.0012879 secs] 284860K->4677K(1013632K), 0.0013979 secs] [Times: user=0.00 sys=0.00, real=0.00 secs] 
2024-10-08T20:26:34.077+0300: 721.526: Total time for which application threads were stopped: 0.0386205 seconds, Stopping threads took: 0.0370729 seconds
2024-10-08T20:26:35.662+0300: 723.120: Application time: 1.5938266 seconds
2024-10-08T20:26:35.692+0300: 723.140: [GC (Allocation Failure) 2024-10-08T20:26:35.692+0300: 723.140: [ParNew: 279926K->1161K(314560K), 0.0015649 secs] 284224K->5460K(1013632K), 0.0016775 secs] [Times: user=0.00 sys=0.00, real=0.00 secs] 
2024-10-08T20:26:35.692+0300: 723.142: Total time for which application threads were stopped: 0.0218984 seconds, Stopping threads took: 0.0200536 seconds
2024-10-08T20:26:37.292+0300: 724.752: Application time: 1.6098368 seconds
2024-10-08T20:26:37.339+0300: 724.787: [GC (Allocation Failure) 2024-10-08T20:26:37.339+0300: 724.787: [ParNew: 280691K->577K(314560K), 0.0013910 secs] 284990K->4877K(1013632K), 0.0015183 secs] [Times: user=0.00 sys=0.00, real=0.00 secs] 
2024-10-08T20:26:37.339+0300: 724.788: Total time for which application threads were stopped: 0.0367021 seconds, Stopping threads took: 0.0350157 seconds
2024-10-08T20:26:38.924+0300: 726.386: Application time: 1.5973934 seconds
2024-10-08T20:26:38.971+0300: 726.419: [GC (Allocation Failure) 2024-10-08T20:26:38.971+0300: 726.419: [ParNew: 280090K->965K(314560K), 0.0012042 secs] 284390K->5267K(1013632K), 0.0013147 secs] [Times: user=0.00 sys=0.00, real=0.00 secs] 
2024-10-08T20:26:38.971+0300: 726.420: Total time for which application threads were stopped: 0.0344082 seconds, Stopping threads took: 0.0329374 seconds
2024-10-08T20:26:40.571+0300: 728.022: Application time: 1.6018593 seconds
2024-10-08T20:26:40.618+0300: 728.066: [GC (Allocation Failure) 2024-10-08T20:26:40.618+0300: 728.066: [ParNew: 280413K->381K(314560K), 0.0012092 secs] 284714K->4684K(1013632K), 0.0013221 secs] [Times: user=0.00 sys=0.00, real=0.00 secs] 
2024-10-08T20:26:40.618+0300: 728.067: Total time for which application threads were stopped: 0.0448661 seconds, Stopping threads took: 0.0433908 seconds
2024-10-08T20:26:42.202+0300: 729.650: Application time: 1.5835200 seconds
2024-10-08T20:26:42.249+0300: 729.697: [GC (Allocation Failure) 2024-10-08T20:26:42.249+0300: 729.697: [ParNew: 279876K->967K(314560K), 0.0017586 secs] 284178K->5271K(1013632K), 0.0019121 secs] [Times: user=0.00 sys=0.00, real=0.00 secs] 
2024-10-08T20:26:42.249+0300: 729.699: Total time for which application threads were stopped: 0.0483489 seconds, Stopping threads took: 0.0462550 seconds
2024-10-08T20:26:43.850+0300: 731.298: Application time: 1.5991506 seconds
2024-10-08T20:26:43.898+0300: 731.345: [GC (Allocation Failure) 2024-10-08T20:26:43.898+0300: 731.345: [ParNew: 280487K->377K(314560K), 0.0017304 secs] 284791K->4682K(1013632K), 0.0018599 secs] [Times: user=0.00 sys=0.00, real=0.00 secs] 
2024-10-08T20:26:43.898+0300: 731.347: Total time for which application threads were stopped: 0.0492570 seconds, Stopping threads took: 0.0472270 seconds
2024-10-08T20:26:45.482+0300: 732.942: Application time: 1.5948426 seconds
2024-10-08T20:26:45.514+0300: 732.961: [GC (Allocation Failure) 2024-10-08T20:26:45.514+0300: 732.961: [ParNew: 279966K->965K(314560K), 0.0017128 secs] 284271K->5271K(1013632K), 0.0018041 secs] [Times: user=0.00 sys=0.00, real=0.00 secs] 
2024-10-08T20:26:45.514+0300: 732.963: Total time for which application threads were stopped: 0.0209920 seconds, Stopping threads took: 0.0190658 seconds
2024-10-08T20:26:47.114+0300: 734.566: Application time: 1.6032855 seconds
2024-10-08T20:26:47.161+0300: 734.609: [GC (Allocation Failure) 2024-10-08T20:26:47.161+0300: 734.609: [ParNew: 280551K->379K(314560K), 0.0015878 secs] 284857K->4686K(1013632K), 0.0017001 secs] [Times: user=0.00 sys=0.00, real=0.00 secs] 
2024-10-08T20:26:47.161+0300: 734.610: Total time for which application threads were stopped: 0.0440025 seconds, Stopping threads took: 0.0421332 seconds
2024-10-08T20:26:48.746+0300: 736.208: Application time: 1.5973454 seconds
2024-10-08T20:26:48.777+0300: 736.225: [GC (Allocation Failure) 2024-10-08T20:26:48.777+0300: 736.225: [ParNew: 279671K->575K(314560K), 0.0016645 secs] 283978K->4883K(1013632K), 0.0017771 secs] [Times: user=0.00 sys=0.00, real=0.00 secs] 
2024-10-08T20:26:48.777+0300: 736.226: Total time for which application threads were stopped: 0.0186256 seconds, Stopping threads took: 0.0166844 seconds
2024-10-08T20:26:50.377+0300: 737.829: Application time: 1.6031423 seconds
2024-10-08T20:26:50.409+0300: 737.856: [GC (Allocation Failure) 2024-10-08T20:26:50.409+0300: 737.856: [ParNew: 280036K->961K(314560K), 0.0014824 secs] 284344K->5271K(1013632K), 0.0015952 secs] [Times: user=0.00 sys=0.00, real=0.00 secs] 
2024-10-08T20:26:50.409+0300: 737.858: Total time for which application threads were stopped: 0.0284494 seconds, Stopping threads took: 0.0267096 seconds
2024-10-08T20:26:51.191+0300: 738.639: Application time: 0.7810021 seconds
2024-10-08T20:26:51.225+0300: 738.673: Total time for which application threads were stopped: 0.0338171 seconds, Stopping threads took: 0.0337155 seconds
2024-10-08T20:26:51.429+0300: 738.883: Application time: 0.2099057 seconds
2024-10-08T20:26:51.476+0300: 738.924: Total time for which application threads were stopped: 0.0409367 seconds, Stopping threads took: 0.0408276 seconds
2024-10-08T20:26:51.602+0300: 739.051: Application time: 0.1277135 seconds
2024-10-08T20:26:51.649+0300: 739.096: Total time for which application threads were stopped: 0.0448713 seconds, Stopping threads took: 0.0447905 seconds
2024-10-08T20:26:51.649+0300: 739.097: Application time: 0.0003375 seconds
2024-10-08T20:26:51.680+0300: 739.128: Total time for which application threads were stopped: 0.0310537 seconds, Stopping threads took: 0.0309976 seconds
2024-10-08T20:26:51.696+0300: 739.153: Application time: 0.0256709 seconds
2024-10-08T20:26:51.696+0300: 739.154: Total time for which application threads were stopped: 0.0003898 seconds, Stopping threads took: 0.0003514 seconds
2024-10-08T20:26:52.182+0300: 739.635: Application time: 0.4813565 seconds
2024-10-08T20:26:52.229+0300: 739.677: [GC (Allocation Failure) 2024-10-08T20:26:52.229+0300: 739.677: [ParNew: 280499K->582K(314560K), 0.0016750 secs] 284808K->4893K(1013632K), 0.0018152 secs] [Times: user=0.00 sys=0.00, real=0.00 secs] 
2024-10-08T20:26:52.229+0300: 739.679: Total time for which application threads were stopped: 0.0440714 seconds, Stopping threads took: 0.0420291 seconds
2024-10-08T20:26:53.815+0300: 741.265: Application time: 1.5856492 seconds
2024-10-08T20:26:53.846+0300: 741.294: [GC (Allocation Failure) 2024-10-08T20:26:53.846+0300: 741.294: [ParNew: 280153K->971K(314560K), 0.0016800 secs] 284463K->5283K(1013632K), 0.0018113 secs] [Times: user=0.00 sys=0.00, real=0.00 secs] 
2024-10-08T20:26:53.846+0300: 741.295: Total time for which application threads were stopped: 0.0307218 seconds, Stopping threads took: 0.0287639 seconds
2024-10-08T20:26:55.446+0300: 742.907: Application time: 1.6119047 seconds
2024-10-08T20:26:55.493+0300: 742.940: [GC (Allocation Failure) 2024-10-08T20:26:55.493+0300: 742.940: [ParNew: 280393K->191K(314560K), 0.0011068 secs] 284705K->4504K(1013632K), 0.0012220 secs] [Times: user=0.00 sys=0.00, real=0.00 secs] 
2024-10-08T20:26:55.493+0300: 742.942: Total time for which application threads were stopped: 0.0341962 seconds, Stopping threads took: 0.0328209 seconds
2024-10-08T20:26:57.094+0300: 744.546: Application time: 1.6041180 seconds
2024-10-08T20:26:57.125+0300: 744.573: [GC (Allocation Failure) 2024-10-08T20:26:57.125+0300: 744.573: [ParNew: 279750K->583K(314560K), 0.0016252 secs] 284063K->4897K(1013632K), 0.0017471 secs] [Times: user=0.00 sys=0.00, real=0.00 secs] 
2024-10-08T20:26:57.125+0300: 744.575: Total time for which application threads were stopped: 0.0291035 seconds, Stopping threads took: 0.0271998 seconds
2024-10-08T20:26:58.711+0300: 746.171: Application time: 1.5962075 seconds
2024-10-08T20:26:58.758+0300: 746.205: [GC (Allocation Failure) 2024-10-08T20:26:58.758+0300: 746.205: [ParNew: 280076K->972K(314560K), 0.0015502 secs] 284390K->5288K(1013632K), 0.0016709 secs] [Times: user=0.00 sys=0.00, real=0.00 secs] 
2024-10-08T20:26:58.758+0300: 746.207: Total time for which application threads were stopped: 0.0360074 seconds, Stopping threads took: 0.0341803 seconds
2024-10-08T20:27:00.373+0300: 747.826: Application time: 1.6186012 seconds
2024-10-08T20:27:00.404+0300: 747.852: [GC (Allocation Failure) 2024-10-08T20:27:00.404+0300: 747.852: [ParNew: 280580K->190K(314560K), 0.0015330 secs] 284895K->4506K(1013632K), 0.0016354 secs] [Times: user=0.00 sys=0.00, real=0.00 secs] 
2024-10-08T20:27:00.404+0300: 747.854: Total time for which application threads were stopped: 0.0279750 seconds, Stopping threads took: 0.0261870 seconds
2024-10-08T20:27:02.012+0300: 749.462: Application time: 1.6080698 seconds
2024-10-08T20:27:02.036+0300: 749.483: [GC (Allocation Failure) 2024-10-08T20:27:02.036+0300: 749.483: [ParNew: 279709K->381K(314560K), 0.0015049 secs] 284025K->4704K(1013632K), 0.0015986 secs] [Times: user=0.00 sys=0.00, real=0.00 secs] 
2024-10-08T20:27:02.036+0300: 749.485: Total time for which application threads were stopped: 0.0232739 seconds, Stopping threads took: 0.0215340 seconds
2024-10-08T20:27:03.637+0300: 751.087: Application time: 1.6024954 seconds
2024-10-08T20:27:03.669+0300: 751.117: [GC (Allocation Failure) 2024-10-08T20:27:03.669+0300: 751.117: [ParNew: 279953K->965K(314560K), 0.0015989 secs] 284276K->5290K(1013632K), 0.0017305 secs] [Times: user=0.00 sys=0.00, real=0.00 secs] 
2024-10-08T20:27:03.669+0300: 751.118: Total time for which application threads were stopped: 0.0309232 seconds, Stopping threads took: 0.0290391 seconds
2024-10-08T20:27:05.269+0300: 752.726: Application time: 1.6080612 seconds
2024-10-08T20:27:05.316+0300: 752.764: [GC (Allocation Failure) 2024-10-08T20:27:05.316+0300: 752.764: [ParNew: 280412K->184K(314560K), 0.0016510 secs] 284737K->4509K(1013632K), 0.0017629 secs] [Times: user=0.00 sys=0.00, real=0.00 secs] 
2024-10-08T20:27:05.318+0300: 752.766: Total time for which application threads were stopped: 0.0391902 seconds, Stopping threads took: 0.0372736 seconds
2024-10-08T20:27:06.902+0300: 754.364: Application time: 1.5982548 seconds
2024-10-08T20:27:06.949+0300: 754.397: [GC (Allocation Failure) 2024-10-08T20:27:06.949+0300: 754.397: [ParNew: 279425K->579K(314560K), 0.0015397 secs] 283751K->4905K(1013632K), 0.0016404 secs] [Times: user=0.00 sys=0.00, real=0.00 secs] 
2024-10-08T20:27:06.949+0300: 754.399: Total time for which application threads were stopped: 0.0347037 seconds, Stopping threads took: 0.0328893 seconds
2024-10-08T20:27:08.549+0300: 756.001: Application time: 1.6022551 seconds
2024-10-08T20:27:08.596+0300: 756.044: [GC (Allocation Failure) 2024-10-08T20:27:08.596+0300: 756.044: [ParNew: 280175K->184K(314560K), 0.0015845 secs] 284501K->4512K(1013632K), 0.0017051 secs] [Times: user=0.00 sys=0.00, real=0.00 secs] 
2024-10-08T20:27:08.596+0300: 756.046: Total time for which application threads were stopped: 0.0448256 seconds, Stopping threads took: 0.0429440 seconds
2024-10-08T20:27:10.181+0300: 757.635: Application time: 1.5897288 seconds
2024-10-08T20:27:10.229+0300: 757.676: [GC (Allocation Failure) 2024-10-08T20:27:10.229+0300: 757.676: [ParNew: 279800K->965K(314560K), 0.0014744 secs] 284128K->5294K(1013632K), 0.0016044 secs] [Times: user=0.00 sys=0.00, real=0.00 secs] 
2024-10-08T20:27:10.229+0300: 757.678: Total time for which application threads were stopped: 0.0425873 seconds, Stopping threads took: 0.0407929 seconds
2024-10-08T20:27:11.830+0300: 759.278: Application time: 1.5994960 seconds
2024-10-08T20:27:11.861+0300: 759.309: [GC (Allocation Failure) 2024-10-08T20:27:11.861+0300: 759.309: [ParNew: 280483K->383K(314560K), 0.0011498 secs] 284812K->4713K(1013632K), 0.0012243 secs] [Times: user=0.00 sys=0.00, real=0.00 secs] 
2024-10-08T20:27:11.861+0300: 759.310: Total time for which application threads were stopped: 0.0323156 seconds, Stopping threads took: 0.0309804 seconds
2024-10-08T20:27:13.459+0300: 760.906: Application time: 1.5965461 seconds
2024-10-08T20:27:13.492+0300: 760.939: [GC (Allocation Failure) 2024-10-08T20:27:13.492+0300: 760.939: [ParNew: 279804K->963K(314560K), 0.0012070 secs] 284134K->5294K(1013632K), 0.0013371 secs] [Times: user=0.00 sys=0.00, real=0.00 secs] 
2024-10-08T20:27:13.492+0300: 760.941: Total time for which application threads were stopped: 0.0342149 seconds, Stopping threads took: 0.0327075 seconds
2024-10-08T20:27:15.093+0300: 762.553: Application time: 1.6127788 seconds
2024-10-08T20:27:15.140+0300: 762.588: [GC (Allocation Failure) 2024-10-08T20:27:15.140+0300: 762.588: [ParNew: 280461K->184K(314560K), 0.0014530 secs] 284793K->4516K(1013632K), 0.0015687 secs] [Times: user=0.00 sys=0.00, real=0.00 secs] 
2024-10-08T20:27:15.140+0300: 762.589: Total time for which application threads were stopped: 0.0360807 seconds, Stopping threads took: 0.0343555 seconds
2024-10-08T20:27:16.725+0300: 764.184: Application time: 1.5942290 seconds
2024-10-08T20:27:16.772+0300: 764.220: [GC (Allocation Failure) 2024-10-08T20:27:16.772+0300: 764.220: [ParNew: 279730K->577K(314560K), 0.0015746 secs] 284062K->4910K(1013632K), 0.0016822 secs] [Times: user=0.00 sys=0.00, real=0.00 secs] 
2024-10-08T20:27:16.772+0300: 764.222: Total time for which application threads were stopped: 0.0378576 seconds, Stopping threads took: 0.0360253 seconds
2024-10-08T20:27:18.372+0300: 765.829: Application time: 1.6073313 seconds
2024-10-08T20:27:18.419+0300: 765.867: [GC (Allocation Failure) 2024-10-08T20:27:18.419+0300: 765.867: [ParNew: 280193K->184K(314560K), 0.0012730 secs] 284526K->4518K(1013632K), 0.0014039 secs] [Times: user=0.00 sys=0.00, real=0.00 secs] 
2024-10-08T20:27:18.419+0300: 765.868: Total time for which application threads were stopped: 0.0391128 seconds, Stopping threads took: 0.0375300 seconds
2024-10-08T20:27:20.019+0300: 767.469: Application time: 1.6009016 seconds
2024-10-08T20:27:20.051+0300: 767.499: [GC (Allocation Failure) 2024-10-08T20:27:20.051+0300: 767.499: [ParNew: 279677K->575K(314560K), 0.0013402 secs] 284011K->4910K(1013632K), 0.0014528 secs] [Times: user=0.00 sys=0.00, real=0.00 secs] 
2024-10-08T20:27:20.051+0300: 767.500: Total time for which application threads were stopped: 0.0311461 seconds, Stopping threads took: 0.0295284 seconds
2024-10-08T20:27:21.650+0300: 769.100: Application time: 1.5996573 seconds
2024-10-08T20:27:21.681+0300: 769.129: [GC (Allocation Failure) 2024-10-08T20:27:21.681+0300: 769.129: [ParNew: 280151K->967K(314560K), 0.0014895 secs] 284487K->5304K(1013632K), 0.0016059 secs] [Times: user=0.00 sys=0.00, real=0.00 secs] 
2024-10-08T20:27:21.681+0300: 769.131: Total time for which application threads were stopped: 0.0309017 seconds, Stopping threads took: 0.0291455 seconds
2024-10-08T20:27:23.293+0300: 770.741: Application time: 1.6101958 seconds
2024-10-08T20:27:23.329+0300: 770.777: [GC (Allocation Failure) 2024-10-08T20:27:23.329+0300: 770.777: [ParNew: 280575K->577K(314560K), 0.0016518 secs] 284912K->4914K(1013632K), 0.0017662 secs] [Times: user=0.00 sys=0.00, real=0.00 secs] 
2024-10-08T20:27:23.329+0300: 770.778: Total time for which application threads were stopped: 0.0376238 seconds, Stopping threads took: 0.0356859 seconds
2024-10-08T20:27:24.929+0300: 772.381: Application time: 1.6025133 seconds
2024-10-08T20:27:24.960+0300: 772.408: [GC (Allocation Failure) 2024-10-08T20:27:24.960+0300: 772.408: [ParNew: 280145K->1159K(314560K), 0.0013640 secs] 284482K->5498K(1013632K), 0.0014887 secs] [Times: user=0.00 sys=0.00, real=0.00 secs] 
2024-10-08T20:27:24.960+0300: 772.410: Total time for which application threads were stopped: 0.0287321 seconds, Stopping threads took: 0.0270751 seconds
2024-10-08T20:27:26.560+0300: 774.016: Application time: 1.6061144 seconds
2024-10-08T20:27:26.607+0300: 774.055: [GC (Allocation Failure) 2024-10-08T20:27:26.607+0300: 774.055: [ParNew: 280647K->381K(314560K), 0.0016385 secs] 284986K->4722K(1013632K), 0.0017514 secs] [Times: user=0.00 sys=0.00, real=0.00 secs] 
2024-10-08T20:27:26.607+0300: 774.057: Total time for which application threads were stopped: 0.0409193 seconds, Stopping threads took: 0.0389914 seconds
2024-10-08T20:27:28.209+0300: 775.662: Application time: 1.6048632 seconds
2024-10-08T20:27:28.240+0300: 775.688: [GC (Allocation Failure) 2024-10-08T20:27:28.240+0300: 775.688: [ParNew: 279922K->965K(314560K), 0.0014345 secs] 284263K->5306K(1013632K), 0.0015623 secs] [Times: user=0.00 sys=0.00, real=0.00 secs] 
2024-10-08T20:27:28.240+0300: 775.689: Total time for which application threads were stopped: 0.0275883 seconds, Stopping threads took: 0.0258648 seconds
2024-10-08T20:27:29.841+0300: 777.296: Application time: 1.6067072 seconds
2024-10-08T20:27:29.889+0300: 777.336: [GC (Allocation Failure) 2024-10-08T20:27:29.889+0300: 777.337: [ParNew: 280581K->575K(314560K), 0.0015391 secs] 284922K->4917K(1013632K), 0.0016531 secs] [Times: user=0.00 sys=0.00, real=0.00 secs] 
2024-10-08T20:27:29.889+0300: 777.338: Total time for which application threads were stopped: 0.0422653 seconds, Stopping threads took: 0.0404303 seconds
2024-10-08T20:27:31.474+0300: 778.931: Application time: 1.5923890 seconds
2024-10-08T20:27:31.505+0300: 778.953: [GC (Allocation Failure) 2024-10-08T20:27:31.505+0300: 778.953: [ParNew: 280087K->967K(314560K), 0.0014059 secs] 284430K->5311K(1013632K), 0.0015334 secs] [Times: user=0.00 sys=0.00, real=0.00 secs] 
2024-10-08T20:27:31.505+0300: 778.954: Total time for which application threads were stopped: 0.0235051 seconds, Stopping threads took: 0.0218243 seconds
2024-10-08T20:27:33.121+0300: 780.576: Application time: 1.6223687 seconds
2024-10-08T20:27:33.168+0300: 780.616: [GC (Allocation Failure) 2024-10-08T20:27:33.168+0300: 780.616: [ParNew: 280583K->184K(314560K), 0.0009768 secs] 284927K->4529K(1013632K), 0.0010545 secs] [Times: user=0.00 sys=0.00, real=0.00 secs] 
2024-10-08T20:27:33.168+0300: 780.617: Total time for which application threads were stopped: 0.0404385 seconds, Stopping threads took: 0.0392792 seconds
2024-10-08T20:27:34.754+0300: 782.210: Application time: 1.5933525 seconds
2024-10-08T20:27:34.801+0300: 782.248: [GC (Allocation Failure) 2024-10-08T20:27:34.801+0300: 782.249: [ParNew: 279780K->961K(314560K), 0.0008429 secs] 284125K->5307K(1013632K), 0.0009222 secs] [Times: user=0.00 sys=0.00, real=0.00 secs] 
2024-10-08T20:27:34.801+0300: 782.249: Total time for which application threads were stopped: 0.0392053 seconds, Stopping threads took: 0.0381651 seconds
2024-10-08T20:27:36.417+0300: 783.865: Application time: 1.6158815 seconds
2024-10-08T20:27:36.448+0300: 783.896: [GC (Allocation Failure) 2024-10-08T20:27:36.448+0300: 783.896: [ParNew: 280409K->184K(314560K), 0.0015969 secs] 284755K->4531K(1013632K), 0.0017061 secs] [Times: user=0.00 sys=0.00, real=0.00 secs] 
2024-10-08T20:27:36.448+0300: 783.898: Total time for which application threads were stopped: 0.0326418 seconds, Stopping threads took: 0.0307746 seconds
2024-10-08T20:27:38.049+0300: 785.502: Application time: 1.6039346 seconds
2024-10-08T20:27:38.080+0300: 785.528: [GC (Allocation Failure) 2024-10-08T20:27:38.080+0300: 785.528: [ParNew: 279663K->575K(314560K), 0.0016031 secs] 284010K->4923K(1013632K), 0.0017217 secs] [Times: user=0.00 sys=0.00, real=0.00 secs] 
2024-10-08T20:27:38.081+0300: 785.530: Total time for which application threads were stopped: 0.0280001 seconds, Stopping threads took: 0.0261035 seconds
2024-10-08T20:27:39.684+0300: 787.139: Application time: 1.6090460 seconds
2024-10-08T20:27:39.729+0300: 787.177: [GC (Allocation Failure) 2024-10-08T20:27:39.729+0300: 787.177: [ParNew: 280001K->184K(314560K), 0.0012807 secs] 284349K->4533K(1013632K), 0.0013875 secs] [Times: user=0.00 sys=0.00, real=0.00 secs] 
2024-10-08T20:27:39.729+0300: 787.179: Total time for which application threads were stopped: 0.0396449 seconds, Stopping threads took: 0.0380875 seconds
2024-10-08T20:27:41.330+0300: 788.779: Application time: 1.6004590 seconds
2024-10-08T20:27:41.361+0300: 788.809: [GC (Allocation Failure) 2024-10-08T20:27:41.361+0300: 788.809: [ParNew: 279592K->573K(314560K), 0.0012587 secs] 283942K->4923K(1013632K), 0.0013651 secs] [Times: user=0.00 sys=0.00, real=0.00 secs] 
2024-10-08T20:27:41.361+0300: 788.811: Total time for which application threads were stopped: 0.0314905 seconds, Stopping threads took: 0.0299759 seconds
2024-10-08T20:27:42.962+0300: 790.412: Application time: 1.6016863 seconds
2024-10-08T20:27:42.994+0300: 790.441: [GC (Allocation Failure) 2024-10-08T20:27:42.994+0300: 790.441: [ParNew: 280098K->965K(314560K), 0.0014099 secs] 284449K->5317K(1013632K), 0.0015341 secs] [Times: user=0.00 sys=0.00, real=0.00 secs] 
2024-10-08T20:27:42.994+0300: 790.443: Total time for which application threads were stopped: 0.0306080 seconds, Stopping threads took: 0.0289137 seconds
2024-10-08T20:27:44.594+0300: 792.049: Application time: 1.6062676 seconds
2024-10-08T20:27:44.641+0300: 792.088: [GC (Allocation Failure) 2024-10-08T20:27:44.641+0300: 792.088: [ParNew: 280581K->379K(314560K), 0.0013942 secs] 284933K->4732K(1013632K), 0.0015050 secs] [Times: user=0.00 sys=0.00, real=0.00 secs] 
2024-10-08T20:27:44.641+0300: 792.090: Total time for which application threads were stopped: 0.0406719 seconds, Stopping threads took: 0.0389974 seconds
2024-10-08T20:27:46.241+0300: 793.690: Application time: 1.6005514 seconds
2024-10-08T20:27:46.256+0300: 793.705: [GC (Allocation Failure) 2024-10-08T20:27:46.256+0300: 793.705: [ParNew: 279852K->965K(314560K), 0.0014518 secs] 284204K->5319K(1013632K), 0.0015716 secs] [Times: user=0.00 sys=0.00, real=0.00 secs] 
2024-10-08T20:27:46.256+0300: 793.706: Total time for which application threads were stopped: 0.0158390 seconds, Stopping threads took: 0.0141249 seconds
2024-10-08T20:27:47.858+0300: 795.311: Application time: 1.6048292 seconds
2024-10-08T20:27:47.905+0300: 795.353: [GC (Allocation Failure) 2024-10-08T20:27:47.905+0300: 795.353: [ParNew: 280471K->184K(314560K), 0.0014809 secs] 284825K->4539K(1013632K), 0.0015928 secs] [Times: user=0.00 sys=0.00, real=0.00 secs] 
2024-10-08T20:27:47.905+0300: 795.354: Total time for which application threads were stopped: 0.0433895 seconds, Stopping threads took: 0.0416346 seconds
2024-10-08T20:27:49.505+0300: 796.953: Application time: 1.5987809 seconds
2024-10-08T20:27:49.536+0300: 796.984: [GC (Allocation Failure) 2024-10-08T20:27:49.536+0300: 796.984: [ParNew: 279491K->575K(314560K), 0.0014553 secs] 283846K->4931K(1013632K), 0.0015527 secs] [Times: user=0.00 sys=0.00, real=0.00 secs] 
2024-10-08T20:27:49.536+0300: 796.985: Total time for which application threads were stopped: 0.0322647 seconds, Stopping threads took: 0.0305618 seconds
2024-10-08T20:27:51.137+0300: 798.588: Application time: 1.6022652 seconds
2024-10-08T20:27:51.184+0300: 798.631: [GC (Allocation Failure) 2024-10-08T20:27:51.184+0300: 798.631: [ParNew: 280019K->1161K(314560K), 0.0014487 secs] 284375K->5518K(1013632K), 0.0015513 secs] [Times: user=0.00 sys=0.00, real=0.00 secs] 
2024-10-08T20:27:51.184+0300: 798.633: Total time for which application threads were stopped: 0.0450522 seconds, Stopping threads took: 0.0433548 seconds
2024-10-08T20:27:52.769+0300: 800.231: Application time: 1.5977072 seconds
2024-10-08T20:27:52.816+0300: 800.264: [GC (Allocation Failure) 2024-10-08T20:27:52.816+0300: 800.264: [ParNew: 280604K->377K(314560K), 0.0013911 secs] 284961K->4736K(1013632K), 0.0015020 secs] [Times: user=0.00 sys=0.00, real=0.00 secs] 
2024-10-08T20:27:52.816+0300: 800.265: Total time for which application threads were stopped: 0.0349376 seconds, Stopping threads took: 0.0332638 seconds
2024-10-08T20:27:54.416+0300: 801.872: Application time: 1.6066671 seconds
2024-10-08T20:27:54.447+0300: 801.895: [GC (Allocation Failure) 2024-10-08T20:27:54.447+0300: 801.895: [ParNew: 279993K->577K(314560K), 0.0012727 secs] 284352K->4936K(1013632K), 0.0013930 secs] [Times: user=0.00 sys=0.00, real=0.00 secs] 
2024-10-08T20:27:54.447+0300: 801.897: Total time for which application threads were stopped: 0.0244231 seconds, Stopping threads took: 0.0228740 seconds
2024-10-08T20:27:56.048+0300: 803.506: Application time: 1.6094173 seconds
2024-10-08T20:27:56.094+0300: 803.542: [GC (Allocation Failure) 2024-10-08T20:27:56.094+0300: 803.542: [ParNew: 280064K->186K(314560K), 0.0014280 secs] 284423K->4547K(1013632K), 0.0015497 secs] [Times: user=0.00 sys=0.00, real=0.00 secs] 
2024-10-08T20:27:56.094+0300: 803.544: Total time for which application threads were stopped: 0.0377381 seconds, Stopping threads took: 0.0360124 seconds
2024-10-08T20:27:57.664+0300: 805.120: Application time: 1.5760787 seconds
2024-10-08T20:27:57.711+0300: 805.159: [GC (Allocation Failure) 2024-10-08T20:27:57.711+0300: 805.159: [ParNew: 279726K->965K(314560K), 0.0010796 secs] 284086K->5327K(1013632K), 0.0012020 secs] [Times: user=0.00 sys=0.00, real=0.00 secs] 
2024-10-08T20:27:57.711+0300: 805.160: Total time for which application threads were stopped: 0.0402821 seconds, Stopping threads took: 0.0389131 seconds
2024-10-08T20:27:59.320+0300: 806.768: Application time: 1.6078886 seconds
2024-10-08T20:27:59.359+0300: 806.806: [GC (Allocation Failure) 2024-10-08T20:27:59.359+0300: 806.806: [ParNew: 280393K->184K(314560K), 0.0014791 secs] 284755K->4547K(1013632K), 0.0015719 secs] [Times: user=0.00 sys=0.00, real=0.00 secs] 
2024-10-08T20:27:59.359+0300: 806.808: Total time for which application threads were stopped: 0.0398713 seconds, Stopping threads took: 0.0381866 seconds
2024-10-08T20:28:00.944+0300: 808.406: Application time: 1.5977596 seconds
2024-10-08T20:28:00.990+0300: 808.438: [GC (Allocation Failure) 2024-10-08T20:28:00.990+0300: 808.438: [ParNew: 279800K->575K(314560K), 0.0014098 secs] 284163K->4939K(1013632K), 0.0015325 secs] [Times: user=0.00 sys=0.00, real=0.00 secs] 
2024-10-08T20:28:00.990+0300: 808.440: Total time for which application threads were stopped: 0.0340492 seconds, Stopping threads took: 0.0323887 seconds
2024-10-08T20:28:02.591+0300: 810.041: Application time: 1.6012877 seconds
2024-10-08T20:28:02.622+0300: 810.070: [GC (Allocation Failure) 2024-10-08T20:28:02.622+0300: 810.070: [ParNew: 280135K->1163K(314560K), 0.0014617 secs] 284499K->5528K(1013632K), 0.0015840 secs] [Times: user=0.00 sys=0.00, real=0.00 secs] 
2024-10-08T20:28:02.622+0300: 810.072: Total time for which application threads were stopped: 0.0305578 seconds, Stopping threads took: 0.0288023 seconds
2024-10-08T20:28:04.230+0300: 811.683: Application time: 1.6117337 seconds
2024-10-08T20:28:04.268+0300: 811.716: [GC (Allocation Failure) 2024-10-08T20:28:04.268+0300: 811.716: [ParNew: 280767K->577K(314560K), 0.0014441 secs] 285132K->4943K(1013632K), 0.0015607 secs] [Times: user=0.00 sys=0.00, real=0.00 secs] 
2024-10-08T20:28:04.268+0300: 811.718: Total time for which application threads were stopped: 0.0343618 seconds, Stopping threads took: 0.0326248 seconds
2024-10-08T20:28:05.869+0300: 813.321: Application time: 1.6032539 seconds
2024-10-08T20:28:05.885+0300: 813.332: [GC (Allocation Failure) 2024-10-08T20:28:05.885+0300: 813.332: [ParNew: 280015K->963K(314560K), 0.0011795 secs] 284381K->5331K(1013632K), 0.0012624 secs] [Times: user=0.00 sys=0.00, real=0.00 secs] 
2024-10-08T20:28:05.885+0300: 813.334: Total time for which application threads were stopped: 0.0126781 seconds, Stopping threads took: 0.0112956 seconds
2024-10-08T20:28:07.486+0300: 814.940: Application time: 1.6065444 seconds
2024-10-08T20:28:07.533+0300: 814.981: [GC (Allocation Failure) 2024-10-08T20:28:07.533+0300: 814.981: [ParNew: 280542K->577K(314560K), 0.0012479 secs] 284909K->4945K(1013632K), 0.0013843 secs] [Times: user=0.00 sys=0.00, real=0.00 secs] 
2024-10-08T20:28:07.533+0300: 814.982: Total time for which application threads were stopped: 0.0420071 seconds, Stopping threads took: 0.0404354 seconds
2024-10-08T20:28:09.135+0300: 816.582: Application time: 1.6001174 seconds
2024-10-08T20:28:09.167+0300: 816.614: [GC (Allocation Failure) 2024-10-08T20:28:09.167+0300: 816.614: [ParNew: 280055K->965K(314560K), 0.0015685 secs] 284423K->5335K(1013632K), 0.0016777 secs] [Times: user=0.00 sys=0.00, real=0.00 secs] 
2024-10-08T20:28:09.167+0300: 816.616: Total time for which application threads were stopped: 0.0338000 seconds, Stopping threads took: 0.0319629 seconds
2024-10-08T20:28:10.768+0300: 818.218: Application time: 1.6018901 seconds
2024-10-08T20:28:10.799+0300: 818.246: [GC (Allocation Failure) 2024-10-08T20:28:10.799+0300: 818.247: [ParNew: 280417K->381K(314560K), 0.0016667 secs] 284786K->4752K(1013632K), 0.0017770 secs] [Times: user=0.00 sys=0.00, real=0.00 secs] 
2024-10-08T20:28:10.799+0300: 818.248: Total time for which application threads were stopped: 0.0303804 seconds, Stopping threads took: 0.0284349 seconds
2024-10-08T20:28:12.399+0300: 819.850: Application time: 1.6012163 seconds
2024-10-08T20:28:12.430+0300: 819.878: [GC (Allocation Failure) 2024-10-08T20:28:12.430+0300: 819.878: [ParNew: 279993K->1161K(314560K), 0.0015293 secs] 284364K->5533K(1013632K), 0.0016494 secs] [Times: user=0.00 sys=0.00, real=0.00 secs] 
2024-10-08T20:28:12.430+0300: 819.880: Total time for which application threads were stopped: 0.0302247 seconds, Stopping threads took: 0.0284090 seconds
2024-10-08T20:28:14.029+0300: 821.486: Application time: 1.6065151 seconds
2024-10-08T20:28:14.077+0300: 821.524: [GC (Allocation Failure) 2024-10-08T20:28:14.077+0300: 821.524: [ParNew: 280636K->381K(314560K), 0.0012300 secs] 285008K->4754K(1013632K), 0.0013473 secs] [Times: user=0.00 sys=0.00, real=0.00 secs] 
2024-10-08T20:28:14.077+0300: 821.526: Total time for which application threads were stopped: 0.0393431 seconds, Stopping threads took: 0.0378431 seconds
2024-10-08T20:28:15.661+0300: 823.123: Application time: 1.5972938 seconds
2024-10-08T20:28:15.692+0300: 823.140: [GC (Allocation Failure) 2024-10-08T20:28:15.692+0300: 823.140: [ParNew: 279622K->577K(314560K), 0.0010832 secs] 283996K->4951K(1013632K), 0.0011950 secs] [Times: user=0.00 sys=0.00, real=0.00 secs] 
2024-10-08T20:28:15.692+0300: 823.141: Total time for which application threads were stopped: 0.0181487 seconds, Stopping threads took: 0.0167987 seconds
2024-10-08T20:28:17.294+0300: 824.753: Application time: 1.6117826 seconds
2024-10-08T20:28:17.340+0300: 824.788: [GC (Allocation Failure) 2024-10-08T20:28:17.340+0300: 824.788: [ParNew: 280080K->186K(314560K), 0.0011466 secs] 284454K->4561K(1013632K), 0.0012467 secs] [Times: user=0.00 sys=0.00, real=0.00 secs] 
2024-10-08T20:28:17.340+0300: 824.789: Total time for which application threads were stopped: 0.0364392 seconds, Stopping threads took: 0.0350459 seconds
2024-10-08T20:28:18.940+0300: 826.392: Application time: 1.6028978 seconds
2024-10-08T20:28:18.972+0300: 826.419: [GC (Allocation Failure) 2024-10-08T20:28:18.972+0300: 826.419: [ParNew: 279722K->577K(314560K), 0.0016107 secs] 284097K->4953K(1013632K), 0.0017251 secs] [Times: user=0.00 sys=0.00, real=0.00 secs] 
2024-10-08T20:28:18.972+0300: 826.421: Total time for which application threads were stopped: 0.0289553 seconds, Stopping threads took: 0.0270582 seconds
2024-10-08T20:28:20.572+0300: 828.026: Application time: 1.6046779 seconds
2024-10-08T20:28:20.588+0300: 828.035: [GC (Allocation Failure) 2024-10-08T20:28:20.588+0300: 828.035: [ParNew: 280189K->1163K(314560K), 0.0013932 secs] 284565K->5540K(1013632K), 0.0014899 secs] [Times: user=0.00 sys=0.00, real=0.00 secs] 
2024-10-08T20:28:20.588+0300: 828.037: Total time for which application threads were stopped: 0.0109440 seconds, Stopping threads took: 0.0093170 seconds
2024-10-08T20:28:22.188+0300: 829.645: Application time: 1.6084599 seconds
2024-10-08T20:28:22.235+0300: 829.682: [GC (Allocation Failure) 2024-10-08T20:28:22.235+0300: 829.682: [ParNew: 280754K->967K(314560K), 0.0013412 secs] 285132K->5346K(1013632K), 0.0014894 secs] [Times: user=0.00 sys=0.00, real=0.00 secs] 
2024-10-08T20:28:22.235+0300: 829.684: Total time for which application threads were stopped: 0.0386475 seconds, Stopping threads took: 0.0369789 seconds
2024-10-08T20:28:23.835+0300: 831.286: Application time: 1.6022834 seconds
2024-10-08T20:28:23.883+0300: 831.330: [GC (Allocation Failure) 2024-10-08T20:28:23.883+0300: 831.330: [ParNew: 280583K->381K(314560K), 0.0013682 secs] 284962K->4761K(1013632K), 0.0014750 secs] [Times: user=0.00 sys=0.00, real=0.00 secs] 
2024-10-08T20:28:23.883+0300: 831.332: Total time for which application threads were stopped: 0.0456192 seconds, Stopping threads took: 0.0439756 seconds
2024-10-08T20:28:25.483+0300: 832.932: Application time: 1.6006058 seconds
2024-10-08T20:28:25.499+0300: 832.946: [GC (Allocation Failure) 2024-10-08T20:28:25.499+0300: 832.946: [ParNew: 279953K->965K(314560K), 0.0007641 secs] 284333K->5346K(1013632K), 0.0008453 secs] [Times: user=0.00 sys=0.00, real=0.00 secs] 
2024-10-08T20:28:25.499+0300: 832.947: Total time for which application threads were stopped: 0.0147648 seconds, Stopping threads took: 0.0138186 seconds
2024-10-08T20:28:27.100+0300: 834.554: Application time: 1.6070191 seconds
2024-10-08T20:28:27.146+0300: 834.594: [GC (Allocation Failure) 2024-10-08T20:28:27.146+0300: 834.594: [ParNew: 280560K->577K(314560K), 0.0015877 secs] 284941K->4959K(1013632K), 0.0017092 secs] [Times: user=0.00 sys=0.00, real=0.00 secs] 
2024-10-08T20:28:27.146+0300: 834.596: Total time for which application threads were stopped: 0.0416535 seconds, Stopping threads took: 0.0397861 seconds
2024-10-08T20:28:28.747+0300: 836.197: Application time: 1.6009052 seconds
2024-10-08T20:28:28.762+0300: 836.210: [GC (Allocation Failure) 2024-10-08T20:28:28.762+0300: 836.210: [ParNew: 280158K->1163K(314560K), 0.0013141 secs] 284540K->5546K(1013632K), 0.0014287 secs] [Times: user=0.00 sys=0.00, real=0.00 secs] 
2024-10-08T20:28:28.762+0300: 836.211: Total time for which application threads were stopped: 0.0145645 seconds, Stopping threads took: 0.0129841 seconds
2024-10-08T20:28:30.361+0300: 837.818: Application time: 1.6071097 seconds
2024-10-08T20:28:30.393+0300: 837.840: [GC (Allocation Failure) 2024-10-08T20:28:30.393+0300: 837.841: [ParNew: 280696K->1553K(314560K), 0.0015365 secs] 285079K->5938K(1013632K), 0.0016453 secs] [Times: user=0.00 sys=0.00, real=0.00 secs] 
2024-10-08T20:28:30.393+0300: 837.842: Total time for which application threads were stopped: 0.0236944 seconds, Stopping threads took: 0.0218898 seconds
2024-10-08T20:28:31.993+0300: 839.452: Application time: 1.6102090 seconds
2024-10-08T20:28:32.040+0300: 839.488: [GC (Allocation Failure) 2024-10-08T20:28:32.040+0300: 839.488: [ParNew: 281070K->967K(314560K), 0.0015070 secs] 285455K->5353K(1013632K), 0.0016313 secs] [Times: user=0.00 sys=0.00, real=0.00 secs] 
2024-10-08T20:28:32.040+0300: 839.490: Total time for which application threads were stopped: 0.0374693 seconds, Stopping threads took: 0.0356632 seconds
2024-10-08T20:28:33.626+0300: 841.088: Application time: 1.5977265 seconds
2024-10-08T20:28:33.673+0300: 841.120: [GC (Allocation Failure) 2024-10-08T20:28:33.673+0300: 841.120: [ParNew: 280499K->577K(314560K), 0.0015251 secs] 284885K->4963K(1013632K), 0.0016468 secs] [Times: user=0.00 sys=0.00, real=0.00 secs] 
2024-10-08T20:28:33.673+0300: 841.122: Total time for which application threads were stopped: 0.0344899 seconds, Stopping threads took: 0.0326828 seconds
2024-10-08T20:28:35.274+0300: 842.727: Application time: 1.6052134 seconds
2024-10-08T20:28:35.305+0300: 842.753: [GC (Allocation Failure) 2024-10-08T20:28:35.305+0300: 842.753: [ParNew: 280036K->967K(314560K), 0.0015058 secs] 284422K->5355K(1013632K), 0.0016208 secs] [Times: user=0.00 sys=0.00, real=0.00 secs] 
2024-10-08T20:28:35.305+0300: 842.755: Total time for which application threads were stopped: 0.0275615 seconds, Stopping threads took: 0.0257663 seconds
2024-10-08T20:28:36.920+0300: 844.370: Application time: 1.6151145 seconds
2024-10-08T20:28:36.967+0300: 844.414: [GC (Allocation Failure) 2024-10-08T20:28:36.967+0300: 844.415: [ParNew: 280559K->379K(314560K), 0.0006597 secs] 284947K->4768K(1013632K), 0.0007186 secs] [Times: user=0.00 sys=0.00, real=0.00 secs] 
2024-10-08T20:28:36.967+0300: 844.415: Total time for which application threads were stopped: 0.0452893 seconds, Stopping threads took: 0.0444764 seconds
2024-10-08T20:28:38.567+0300: 846.016: Application time: 1.6006274 seconds
2024-10-08T20:28:38.599+0300: 846.046: [GC (Allocation Failure) 2024-10-08T20:28:38.599+0300: 846.046: [ParNew: 279919K->1163K(314560K), 0.0013493 secs] 284308K->5553K(1013632K), 0.0014385 secs] [Times: user=0.00 sys=0.00, real=0.00 secs] 
2024-10-08T20:28:38.599+0300: 846.048: Total time for which application threads were stopped: 0.0319612 seconds, Stopping threads took: 0.0303827 seconds
2024-10-08T20:28:40.216+0300: 847.667: Application time: 1.6191275 seconds
2024-10-08T20:28:40.263+0300: 847.711: [GC (Allocation Failure) 2024-10-08T20:28:40.263+0300: 847.711: [ParNew: 280737K->579K(314560K), 0.0011869 secs] 285127K->4970K(1013632K), 0.0012967 secs] [Times: user=0.00 sys=0.00, real=0.00 secs] 
2024-10-08T20:28:40.263+0300: 847.712: Total time for which application threads were stopped: 0.0449170 seconds, Stopping threads took: 0.0434638 seconds
2024-10-08T20:28:41.849+0300: 849.311: Application time: 1.5992956 seconds
2024-10-08T20:28:41.880+0300: 849.327: [GC (Allocation Failure) 2024-10-08T20:28:41.880+0300: 849.327: [ParNew: 280089K->967K(314560K), 0.0011088 secs] 284481K->5360K(1013632K), 0.0011996 secs] [Times: user=0.00 sys=0.00, real=0.00 secs] 
2024-10-08T20:28:41.880+0300: 849.329: Total time for which application threads were stopped: 0.0175100 seconds, Stopping threads took: 0.0161562 seconds
2024-10-08T20:28:43.481+0300: 850.935: Application time: 1.6064238 seconds
2024-10-08T20:28:43.513+0300: 850.960: [GC (Allocation Failure) 2024-10-08T20:28:43.513+0300: 850.960: [ParNew: 280264K->1360K(314560K), 0.0015439 secs] 284657K->5753K(1013632K), 0.0016717 secs] [Times: user=0.00 sys=0.00, real=0.00 secs] 
2024-10-08T20:28:43.513+0300: 850.962: Total time for which application threads were stopped: 0.0268265 seconds, Stopping threads took: 0.0249796 seconds
2024-10-08T20:28:45.114+0300: 852.569: Application time: 1.6073740 seconds
2024-10-08T20:28:45.160+0300: 852.608: [GC (Allocation Failure) 2024-10-08T20:28:45.160+0300: 852.608: [ParNew: 280717K->575K(314560K), 0.0015968 secs] 285111K->4969K(1013632K), 0.0017216 secs] [Times: user=0.00 sys=0.00, real=0.00 secs] 
2024-10-08T20:28:45.160+0300: 852.610: Total time for which application threads were stopped: 0.0406090 seconds, Stopping threads took: 0.0387072 seconds
2024-10-08T20:28:46.745+0300: 854.204: Application time: 1.5939788 seconds
2024-10-08T20:28:46.776+0300: 854.224: [GC (Allocation Failure) 2024-10-08T20:28:46.776+0300: 854.224: [ParNew: 280047K->965K(314560K), 0.0012340 secs] 284442K->5361K(1013632K), 0.0013636 secs] [Times: user=0.00 sys=0.00, real=0.00 secs] 
2024-10-08T20:28:46.776+0300: 854.225: Total time for which application threads were stopped: 0.0212637 seconds, Stopping threads took: 0.0197301 seconds
2024-10-08T20:28:48.377+0300: 855.828: Application time: 1.6031731 seconds
2024-10-08T20:28:48.424+0300: 855.872: [GC (Allocation Failure) 2024-10-08T20:28:48.424+0300: 855.872: [ParNew: 280397K->381K(314560K), 0.0014693 secs] 284793K->4778K(1013632K), 0.0015822 secs] [Times: user=0.00 sys=0.00, real=0.00 secs] 
2024-10-08T20:28:48.424+0300: 855.873: Total time for which application threads were stopped: 0.0450138 seconds, Stopping threads took: 0.0432654 seconds
2024-10-08T20:28:50.024+0300: 857.476: Application time: 1.6027258 seconds
2024-10-08T20:28:50.055+0300: 857.503: [GC (Allocation Failure) 2024-10-08T20:28:50.055+0300: 857.503: [ParNew: 279626K->573K(314560K), 0.0015307 secs] 284023K->4971K(1013632K), 0.0016474 secs] [Times: user=0.00 sys=0.00, real=0.00 secs] 
2024-10-08T20:28:50.055+0300: 857.504: Total time for which application threads were stopped: 0.0283672 seconds, Stopping threads took: 0.0265488 seconds
2024-10-08T20:28:51.656+0300: 859.105: Application time: 1.6006998 seconds
2024-10-08T20:28:51.672+0300: 859.119: [GC (Allocation Failure) 2024-10-08T20:28:51.672+0300: 859.119: [ParNew: 280158K->965K(314560K), 0.0013493 secs] 284557K->5365K(1013632K), 0.0014565 secs] [Times: user=0.00 sys=0.00, real=0.00 secs] 
2024-10-08T20:28:51.672+0300: 859.121: Total time for which application threads were stopped: 0.0156491 seconds, Stopping threads took: 0.0140353 seconds
2024-10-08T20:28:53.272+0300: 860.725: Application time: 1.6039103 seconds
2024-10-08T20:28:53.319+0300: 860.767: [GC (Allocation Failure) 2024-10-08T20:28:53.319+0300: 860.767: [ParNew: 280517K->575K(314560K), 0.0014201 secs] 284916K->4975K(1013632K), 0.0015376 secs] [Times: user=0.00 sys=0.00, real=0.00 secs] 
2024-10-08T20:28:53.319+0300: 860.768: Total time for which application threads were stopped: 0.0433222 seconds, Stopping threads took: 0.0416286 seconds
2024-10-08T20:28:54.920+0300: 862.368: Application time: 1.5998431 seconds
2024-10-08T20:28:54.952+0300: 862.400: [GC (Allocation Failure) 2024-10-08T20:28:54.952+0300: 862.400: [ParNew: 280191K->1163K(314560K), 0.0012181 secs] 284591K->5564K(1013632K), 0.0013294 secs] [Times: user=0.00 sys=0.00, real=0.00 secs] 
2024-10-08T20:28:54.952+0300: 862.401: Total time for which application threads were stopped: 0.0332139 seconds, Stopping threads took: 0.0317311 seconds
2024-10-08T20:28:56.538+0300: 864.000: Application time: 1.5990974 seconds
2024-10-08T20:28:56.584+0300: 864.032: [GC (Allocation Failure) 2024-10-08T20:28:56.584+0300: 864.032: [ParNew: 280598K->379K(314560K), 0.0013353 secs] 285000K->4782K(1013632K), 0.0014588 secs] [Times: user=0.00 sys=0.00, real=0.00 secs] 
2024-10-08T20:28:56.584+0300: 864.034: Total time for which application threads were stopped: 0.0333436 seconds, Stopping threads took: 0.0317164 seconds
2024-10-08T20:28:58.170+0300: 865.633: Application time: 1.5991252 seconds
2024-10-08T20:28:58.217+0300: 865.665: [GC (Allocation Failure) 2024-10-08T20:28:58.217+0300: 865.665: [ParNew: 279606K->577K(314560K), 0.0014183 secs] 284009K->4980K(1013632K), 0.0015402 secs] [Times: user=0.00 sys=0.00, real=0.00 secs] 
2024-10-08T20:28:58.217+0300: 865.667: Total time for which application threads were stopped: 0.0339794 seconds, Stopping threads took: 0.0322821 seconds
2024-10-08T20:28:59.819+0300: 867.271: Application time: 1.6042021 seconds
2024-10-08T20:28:59.866+0300: 867.314: [GC (Allocation Failure) 2024-10-08T20:28:59.866+0300: 867.314: [ParNew: 280193K->182K(314560K), 0.0013148 secs] 284596K->4587K(1013632K), 0.0014600 secs] [Times: user=0.00 sys=0.00, real=0.00 secs] 
2024-10-08T20:28:59.866+0300: 867.315: Total time for which application threads were stopped: 0.0441020 seconds, Stopping threads took: 0.0424591 seconds
2024-10-08T20:29:01.466+0300: 868.916: Application time: 1.6009719 seconds
2024-10-08T20:29:01.513+0300: 868.960: [GC (Allocation Failure) 2024-10-08T20:29:01.513+0300: 868.960: [ParNew: 279578K->575K(314560K), 0.0012931 secs] 283983K->4981K(1013632K), 0.0014029 secs] [Times: user=0.00 sys=0.00, real=0.00 secs] 
2024-10-08T20:29:01.513+0300: 868.962: Total time for which application threads were stopped: 0.0457427 seconds, Stopping threads took: 0.0441730 seconds
2024-10-08T20:29:03.098+0300: 870.552: Application time: 1.5903160 seconds
2024-10-08T20:29:03.129+0300: 870.577: [GC (Allocation Failure) 2024-10-08T20:29:03.129+0300: 870.577: [ParNew: 280089K->967K(314560K), 0.0011474 secs] 284495K->5374K(1013632K), 0.0012580 secs] [Times: user=0.00 sys=0.00, real=0.00 secs] 
2024-10-08T20:29:03.129+0300: 870.578: Total time for which application threads were stopped: 0.0258100 seconds, Stopping threads took: 0.0243769 seconds
2024-10-08T20:29:04.730+0300: 872.182: Application time: 1.6038930 seconds
2024-10-08T20:29:04.777+0300: 872.225: [GC (Allocation Failure) 2024-10-08T20:29:04.777+0300: 872.225: [ParNew: 280573K->575K(314560K), 0.0014395 secs] 284981K->4983K(1013632K), 0.0015546 secs] [Times: user=0.00 sys=0.00, real=0.00 secs] 
2024-10-08T20:29:04.777+0300: 872.226: Total time for which application threads were stopped: 0.0444582 seconds, Stopping threads took: 0.0427314 seconds
2024-10-08T20:29:06.348+0300: 873.804: Application time: 1.5778950 seconds
2024-10-08T20:29:06.394+0300: 873.841: [GC (Allocation Failure) 2024-10-08T20:29:06.394+0300: 873.841: [ParNew: 280104K->1163K(314560K), 0.0016181 secs] 284512K->5572K(1013632K), 0.0017393 secs] [Times: user=0.00 sys=0.00, real=0.00 secs] 
2024-10-08T20:29:06.394+0300: 873.843: Total time for which application threads were stopped: 0.0389742 seconds, Stopping threads took: 0.0370601 seconds
2024-10-08T20:29:07.994+0300: 875.448: Application time: 1.6048998 seconds
2024-10-08T20:29:08.041+0300: 875.488: [GC (Allocation Failure) 2024-10-08T20:29:08.041+0300: 875.489: [ParNew: 280686K->577K(314560K), 0.0013400 secs] 285095K->4987K(1013632K), 0.0014395 secs] [Times: user=0.00 sys=0.00, real=0.00 secs] 
2024-10-08T20:29:08.041+0300: 875.490: Total time for which application threads were stopped: 0.0419166 seconds, Stopping threads took: 0.0403288 seconds
2024-10-08T20:29:09.626+0300: 877.088: Application time: 1.5981276 seconds
2024-10-08T20:29:09.673+0300: 877.121: [GC (Allocation Failure) 2024-10-08T20:29:09.673+0300: 877.121: [ParNew: 280193K->184K(314560K), 0.0016077 secs] 284603K->4596K(1013632K), 0.0017180 secs] [Times: user=0.00 sys=0.00, real=0.00 secs] 
2024-10-08T20:29:09.673+0300: 877.122: Total time for which application threads were stopped: 0.0343932 seconds, Stopping threads took: 0.0325062 seconds
2024-10-08T20:29:11.274+0300: 878.726: Application time: 1.6035037 seconds
2024-10-08T20:29:11.305+0300: 878.753: [GC (Allocation Failure) 2024-10-08T20:29:11.305+0300: 878.753: [ParNew: 279523K->577K(314560K), 0.0013188 secs] 283935K->4989K(1013632K), 0.0016348 secs] [Times: user=0.00 sys=0.00, real=0.00 secs] 
2024-10-08T20:29:11.305+0300: 878.754: Total time for which application threads were stopped: 0.0283415 seconds, Stopping threads took: 0.0265375 seconds
2024-10-08T20:29:12.906+0300: 880.354: Application time: 1.5995476 seconds
2024-10-08T20:29:12.921+0300: 880.369: [GC (Allocation Failure) 2024-10-08T20:29:12.921+0300: 880.369: [ParNew: 280058K->965K(314560K), 0.0009385 secs] 284471K->5379K(1013632K), 0.0010214 secs] [Times: user=0.00 sys=0.00, real=0.00 secs] 
2024-10-08T20:29:12.921+0300: 880.370: Total time for which application threads were stopped: 0.0161305 seconds, Stopping threads took: 0.0149936 seconds
2024-10-08T20:29:14.522+0300: 881.971: Application time: 1.6011893 seconds
2024-10-08T20:29:14.570+0300: 882.017: [GC (Allocation Failure) 2024-10-08T20:29:14.570+0300: 882.017: [ParNew: 280524K->575K(314560K), 0.0014596 secs] 284938K->4990K(1013632K), 0.0015878 secs] [Times: user=0.00 sys=0.00, real=0.00 secs] 
2024-10-08T20:29:14.571+0300: 882.019: Total time for which application threads were stopped: 0.0478505 seconds, Stopping threads took: 0.0460717 seconds
2024-10-08T20:29:16.166+0300: 883.616: Application time: 1.5974663 seconds
2024-10-08T20:29:16.201+0300: 883.649: [GC (Allocation Failure) 2024-10-08T20:29:16.201+0300: 883.649: [ParNew: 280115K->1163K(314560K), 0.0013355 secs] 284530K->5579K(1013632K), 0.0014489 secs] [Times: user=0.00 sys=0.00, real=0.00 secs] 
2024-10-08T20:29:16.201+0300: 883.650: Total time for which application threads were stopped: 0.0339497 seconds, Stopping threads took: 0.0323439 seconds
2024-10-08T20:29:17.786+0300: 885.248: Application time: 1.5977511 seconds
2024-10-08T20:29:17.817+0300: 885.265: [GC (Allocation Failure) 2024-10-08T20:29:17.817+0300: 885.265: [ParNew: 280744K->965K(314560K), 0.0012165 secs] 285161K->5383K(1013632K), 0.0013433 secs] [Times: user=0.00 sys=0.00, real=0.00 secs] 
2024-10-08T20:29:17.817+0300: 885.267: Total time for which application threads were stopped: 0.0183642 seconds, Stopping threads took: 0.0168633 seconds
2024-10-08T20:29:19.417+0300: 886.871: Application time: 1.6045319 seconds
2024-10-08T20:29:19.464+0300: 886.912: [GC (Allocation Failure) 2024-10-08T20:29:19.464+0300: 886.912: [ParNew: 280549K->377K(314560K), 0.0015384 secs] 284967K->4796K(1013632K), 0.0016519 secs] [Times: user=0.00 sys=0.00, real=0.00 secs] 
2024-10-08T20:29:19.464+0300: 886.913: Total time for which application threads were stopped: 0.0422467 seconds, Stopping threads took: 0.0404259 seconds
2024-10-08T20:29:21.048+0300: 888.510: Application time: 1.5966630 seconds
2024-10-08T20:29:21.096+0300: 888.543: [GC (Allocation Failure) 2024-10-08T20:29:21.096+0300: 888.543: [ParNew: 279931K->965K(314560K), 0.0013815 secs] 284350K->5385K(1013632K), 0.0015158 secs] [Times: user=0.00 sys=0.00, real=0.00 secs] 
2024-10-08T20:29:21.096+0300: 888.545: Total time for which application threads were stopped: 0.0349058 seconds, Stopping threads took: 0.0332199 seconds
2024-10-08T20:29:22.697+0300: 890.145: Application time: 1.5998036 seconds
2024-10-08T20:29:22.744+0300: 890.192: [GC (Allocation Failure) 2024-10-08T20:29:22.744+0300: 890.192: [ParNew: 280386K->184K(314560K), 0.0013442 secs] 284806K->4605K(1013632K), 0.0014424 secs] [Times: user=0.00 sys=0.00, real=0.00 secs] 
2024-10-08T20:29:22.744+0300: 890.193: Total time for which application threads were stopped: 0.0485391 seconds, Stopping threads took: 0.0469462 seconds
2024-10-08T20:29:24.344+0300: 891.792: Application time: 1.5990983 seconds
2024-10-08T20:29:24.360+0300: 891.808: [GC (Allocation Failure) 2024-10-08T20:29:24.360+0300: 891.808: [ParNew: 279675K->579K(314560K), 0.0012135 secs] 284096K->5001K(1013632K), 0.0013048 secs] [Times: user=0.00 sys=0.00, real=0.00 secs] 
2024-10-08T20:29:24.360+0300: 891.809: Total time for which application threads were stopped: 0.0164972 seconds, Stopping threads took: 0.0150505 seconds
2024-10-08T20:29:25.960+0300: 893.411: Application time: 1.6024953 seconds
2024-10-08T20:29:26.008+0300: 893.455: [GC (Allocation Failure) 2024-10-08T20:29:26.008+0300: 893.456: [ParNew: 280119K->182K(314560K), 0.0014940 secs] 284541K->4605K(1013632K), 0.0016302 secs] [Times: user=0.00 sys=0.00, real=0.00 secs] 
2024-10-08T20:29:26.008+0300: 893.457: Total time for which application threads were stopped: 0.0457459 seconds, Stopping threads took: 0.0439388 seconds
2024-10-08T20:29:27.593+0300: 895.050: Application time: 1.5931676 seconds
2024-10-08T20:29:27.624+0300: 895.072: [GC (Allocation Failure) 2024-10-08T20:29:27.624+0300: 895.072: [ParNew: 279581K->577K(314560K), 0.0014144 secs] 284004K->5001K(1013632K), 0.0015225 secs] [Times: user=0.00 sys=0.00, real=0.00 secs] 
2024-10-08T20:29:27.624+0300: 895.073: Total time for which application threads were stopped: 0.0228541 seconds, Stopping threads took: 0.0211664 seconds
2024-10-08T20:29:29.224+0300: 896.677: Application time: 1.6033716 seconds
2024-10-08T20:29:29.255+0300: 896.703: [GC (Allocation Failure) 2024-10-08T20:29:29.255+0300: 896.703: [ParNew: 280035K->965K(314560K), 0.0014757 secs] 284459K->5391K(1013632K), 0.0015784 secs] [Times: user=0.00 sys=0.00, real=0.00 secs] 
2024-10-08T20:29:29.255+0300: 896.704: Total time for which application threads were stopped: 0.0278836 seconds, Stopping threads took: 0.0261387 seconds
2024-10-08T20:29:30.856+0300: 898.304: Application time: 1.5998591 seconds
2024-10-08T20:29:30.903+0300: 898.351: [GC (Allocation Failure) 2024-10-08T20:29:30.903+0300: 898.352: [ParNew: 280533K->577K(314560K), 0.0008854 secs] 284959K->5003K(1013632K), 0.0009585 secs] [Times: user=0.00 sys=0.00, real=0.00 secs] 
2024-10-08T20:29:30.903+0300: 898.352: Total time for which application threads were stopped: 0.0482054 seconds, Stopping threads took: 0.0471453 seconds
2024-10-08T20:29:32.520+0300: 899.982: Application time: 1.6295468 seconds
2024-10-08T20:29:32.567+0300: 900.015: [GC (Allocation Failure) 2024-10-08T20:29:32.567+0300: 900.015: [ParNew: 280190K->184K(314560K), 0.0009815 secs] 284616K->4612K(1013632K), 0.0010686 secs] [Times: user=0.00 sys=0.00, real=0.00 secs] 
2024-10-08T20:29:32.567+0300: 900.016: Total time for which application threads were stopped: 0.0339054 seconds, Stopping threads took: 0.0326891 seconds
2024-10-08T20:29:34.183+0300: 901.634: Application time: 1.6179538 seconds
2024-10-08T20:29:34.199+0300: 901.646: [GC (Allocation Failure) 2024-10-08T20:29:34.199+0300: 901.646: [ParNew: 279689K->575K(314560K), 0.0011323 secs] 284117K->5003K(1013632K), 0.0012203 secs] [Times: user=0.00 sys=0.00, real=0.00 secs] 
2024-10-08T20:29:34.199+0300: 901.647: Total time for which application threads were stopped: 0.0136131 seconds, Stopping threads took: 0.0122911 seconds
2024-10-08T20:29:35.800+0300: 903.249: Application time: 1.6016403 seconds
2024-10-08T20:29:35.832+0300: 903.279: [GC (Allocation Failure) 2024-10-08T20:29:35.832+0300: 903.279: [ParNew: 280120K->182K(314560K), 0.0013291 secs] 284549K->4612K(1013632K), 0.0013924 secs] [Times: user=0.00 sys=0.00, real=0.00 secs] 
2024-10-08T20:29:35.832+0300: 903.281: Total time for which application threads were stopped: 0.0316932 seconds, Stopping threads took: 0.0302190 seconds
2024-10-08T20:29:37.432+0300: 904.887: Application time: 1.6061319 seconds
2024-10-08T20:29:37.463+0300: 904.911: [GC (Allocation Failure) 2024-10-08T20:29:37.463+0300: 904.911: [ParNew: 279571K->575K(314560K), 0.0012224 secs] 284001K->5006K(1013632K), 0.0013330 secs] [Times: user=0.00 sys=0.00, real=0.00 secs] 
2024-10-08T20:29:37.463+0300: 904.912: Total time for which application threads were stopped: 0.0253825 seconds, Stopping threads took: 0.0239283 seconds
2024-10-08T20:29:39.064+0300: 906.512: Application time: 1.5995441 seconds
2024-10-08T20:29:39.095+0300: 906.543: [GC (Allocation Failure) 2024-10-08T20:29:39.095+0300: 906.543: [ParNew: 280086K->965K(314560K), 0.0014216 secs] 284517K->5397K(1013632K), 0.0015331 secs] [Times: user=0.00 sys=0.00, real=0.00 secs] 
2024-10-08T20:29:39.095+0300: 906.545: Total time for which application threads were stopped: 0.0327274 seconds, Stopping threads took: 0.0310146 seconds
2024-10-08T20:29:40.696+0300: 908.156: Application time: 1.6112967 seconds
2024-10-08T20:29:40.743+0300: 908.190: [GC (Allocation Failure) 2024-10-08T20:29:40.743+0300: 908.191: [ParNew: 280394K->381K(314560K), 0.0009153 secs] 284826K->4815K(1013632K), 0.0010042 secs] [Times: user=0.00 sys=0.00, real=0.00 secs] 
2024-10-08T20:29:40.743+0300: 908.192: Total time for which application threads were stopped: 0.0355967 seconds, Stopping threads took: 0.0344484 seconds
2024-10-08T20:29:42.343+0300: 909.800: Application time: 1.6089687 seconds
2024-10-08T20:29:42.390+0300: 909.838: [GC (Allocation Failure) 2024-10-08T20:29:42.390+0300: 909.838: [ParNew: 279997K->963K(314560K), 0.0007220 secs] 284431K->5398K(1013632K), 0.0007858 secs] [Times: user=0.00 sys=0.00, real=0.00 secs] 
2024-10-08T20:29:42.390+0300: 909.838: Total time for which application threads were stopped: 0.0379497 seconds, Stopping threads took: 0.0370503 seconds
2024-10-08T20:29:43.991+0300: 911.452: Application time: 1.6130496 seconds
2024-10-08T20:29:44.038+0300: 911.486: [GC (Allocation Failure) 2024-10-08T20:29:44.038+0300: 911.486: [ParNew: 280404K->182K(314560K), 0.0008592 secs] 284838K->4618K(1013632K), 0.0009181 secs] [Times: user=0.00 sys=0.00, real=0.00 secs] 
2024-10-08T20:29:44.038+0300: 911.487: Total time for which application threads were stopped: 0.0353421 seconds, Stopping threads took: 0.0343296 seconds
2024-10-08T20:29:45.623+0300: 913.080: Application time: 1.5929004 seconds
2024-10-08T20:29:45.670+0300: 913.118: [GC (Allocation Failure) 2024-10-08T20:29:45.670+0300: 913.118: [ParNew: 279559K->575K(314560K), 0.0016002 secs] 283995K->5011K(1013632K), 0.0017217 secs] [Times: user=0.00 sys=0.00, real=0.00 secs] 
2024-10-08T20:29:45.670+0300: 913.119: Total time for which application threads were stopped: 0.0397003 seconds, Stopping threads took: 0.0377990 seconds
2024-10-08T20:29:47.271+0300: 914.723: Application time: 1.6031284 seconds
2024-10-08T20:29:47.317+0300: 914.765: [GC (Allocation Failure) 2024-10-08T20:29:47.317+0300: 914.765: [ParNew: 280191K->184K(314560K), 0.0015155 secs] 284627K->4622K(1013632K), 0.0016058 secs] [Times: user=0.00 sys=0.00, real=0.00 secs] 
2024-10-08T20:29:47.318+0300: 914.766: Total time for which application threads were stopped: 0.0438517 seconds, Stopping threads took: 0.0420994 seconds
2024-10-08T20:29:48.902+0300: 916.362: Application time: 1.5960196 seconds
2024-10-08T20:29:48.949+0300: 916.397: [GC (Allocation Failure) 2024-10-08T20:29:48.949+0300: 916.397: [ParNew: 279515K->577K(314560K), 0.0010506 secs] 283953K->5016K(1013632K), 0.0011687 secs] [Times: user=0.00 sys=0.00, real=0.00 secs] 
2024-10-08T20:29:48.949+0300: 916.398: Total time for which application threads were stopped: 0.0355733 seconds, Stopping threads took: 0.0342273 seconds
2024-10-08T20:29:50.549+0300: 917.999: Application time: 1.6006974 seconds
2024-10-08T20:29:50.580+0300: 918.028: [GC (Allocation Failure) 2024-10-08T20:29:50.580+0300: 918.028: [ParNew: 280193K->967K(314560K), 0.0012253 secs] 284632K->5407K(1013632K), 0.0013542 secs] [Times: user=0.00 sys=0.00, real=0.00 secs] 
2024-10-08T20:29:50.580+0300: 918.029: Total time for which application threads were stopped: 0.0305227 seconds, Stopping threads took: 0.0290153 seconds
2024-10-08T20:29:52.182+0300: 919.631: Application time: 1.6014247 seconds
2024-10-08T20:29:52.229+0300: 919.677: [GC (Allocation Failure) 2024-10-08T20:29:52.229+0300: 919.677: [ParNew: 280435K->379K(314560K), 0.0014111 secs] 284875K->4820K(1013632K), 0.0015328 secs] [Times: user=0.00 sys=0.00, real=0.00 secs] 
2024-10-08T20:29:52.229+0300: 919.678: Total time for which application threads were stopped: 0.0474460 seconds, Stopping threads took: 0.0457294 seconds
2024-10-08T20:29:53.814+0300: 921.268: Application time: 1.5903534 seconds
2024-10-08T20:29:53.846+0300: 921.294: [GC (Allocation Failure) 2024-10-08T20:29:53.846+0300: 921.294: [ParNew: 279907K->967K(314560K), 0.0013775 secs] 284348K->5410K(1013632K), 0.0014842 secs] [Times: user=0.00 sys=0.00, real=0.00 secs] 
2024-10-08T20:29:53.846+0300: 921.295: Total time for which application threads were stopped: 0.0265375 seconds, Stopping threads took: 0.0249117 seconds
2024-10-08T20:29:55.445+0300: 922.899: Application time: 1.6037634 seconds
2024-10-08T20:29:55.492+0300: 922.940: [GC (Allocation Failure) 2024-10-08T20:29:55.492+0300: 922.940: [ParNew: 280465K->186K(314560K), 0.0013942 secs] 284908K->4629K(1013632K), 0.0015024 secs] [Times: user=0.00 sys=0.00, real=0.00 secs] 
2024-10-08T20:29:55.492+0300: 922.942: Total time for which application threads were stopped: 0.0427657 seconds, Stopping threads took: 0.0410909 seconds
2024-10-08T20:29:57.077+0300: 924.537: Application time: 1.5958221 seconds
2024-10-08T20:29:57.124+0300: 924.572: [GC (Allocation Failure) 2024-10-08T20:29:57.124+0300: 924.572: [ParNew: 279607K->575K(314560K), 0.0016886 secs] 284050K->5019K(1013632K), 0.0018446 secs] [Times: user=0.00 sys=0.00, real=0.00 secs] 
2024-10-08T20:29:57.124+0300: 924.574: Total time for which application threads were stopped: 0.0364871 seconds, Stopping threads took: 0.0344620 seconds
2024-10-08T20:29:58.708+0300: 926.169: Application time: 1.5955289 seconds
2024-10-08T20:29:58.740+0300: 926.187: [GC (Allocation Failure) 2024-10-08T20:29:58.740+0300: 926.187: [ParNew: 280191K->1161K(314560K), 0.0014509 secs] 284635K->5606K(1013632K), 0.0015728 secs] [Times: user=0.00 sys=0.00, real=0.00 secs] 
2024-10-08T20:29:58.740+0300: 926.189: Total time for which application threads were stopped: 0.0195351 seconds, Stopping threads took: 0.0178075 seconds
2024-10-08T20:30:00.340+0300: 927.797: Application time: 1.6078393 seconds
2024-10-08T20:30:00.388+0300: 927.835: [GC (Allocation Failure) 2024-10-08T20:30:00.388+0300: 927.835: [ParNew: 280603K->379K(314560K), 0.0015107 secs] 285048K->4826K(1013632K), 0.0016604 secs] [Times: user=0.00 sys=0.00, real=0.00 secs] 
2024-10-08T20:30:00.388+0300: 927.837: Total time for which application threads were stopped: 0.0402104 seconds, Stopping threads took: 0.0383576 seconds
2024-10-08T20:30:01.989+0300: 929.440: Application time: 1.6029948 seconds
2024-10-08T20:30:02.004+0300: 929.452: [GC (Allocation Failure) 2024-10-08T20:30:02.004+0300: 929.452: [ParNew: 279995K->967K(314560K), 0.0013151 secs] 284442K->5415K(1013632K), 0.0014276 secs] [Times: user=0.00 sys=0.00, real=0.00 secs] 
2024-10-08T20:30:02.004+0300: 929.453: Total time for which application threads were stopped: 0.0133951 seconds, Stopping threads took: 0.0118129 seconds
2024-10-08T20:30:03.605+0300: 931.056: Application time: 1.6026684 seconds
2024-10-08T20:30:03.620+0300: 931.068: [GC (Allocation Failure) 2024-10-08T20:30:03.620+0300: 931.068: [ParNew: 280413K->1358K(314560K), 0.0012789 secs] 284861K->5807K(1013632K), 0.0013845 secs] [Times: user=0.00 sys=0.00, real=0.00 secs] 
2024-10-08T20:30:03.620+0300: 931.070: Total time for which application threads were stopped: 0.0135536 seconds, Stopping threads took: 0.0120299 seconds
2024-10-08T20:30:05.220+0300: 932.674: Application time: 1.6043777 seconds
2024-10-08T20:30:05.268+0300: 932.715: [GC (Allocation Failure) 2024-10-08T20:30:05.268+0300: 932.715: [ParNew: 280681K->577K(314560K), 0.0015650 secs] 285130K->5027K(1013632K), 0.0016879 secs] [Times: user=0.00 sys=0.00, real=0.00 secs] 
2024-10-08T20:30:05.268+0300: 932.717: Total time for which application threads were stopped: 0.0429449 seconds, Stopping threads took: 0.0411009 seconds
2024-10-08T20:30:06.852+0300: 934.309: Application time: 1.5924470 seconds
2024-10-08T20:30:06.884+0300: 934.331: [GC (Allocation Failure) 2024-10-08T20:30:06.884+0300: 934.331: [ParNew: 280156K->1165K(314560K), 0.0012825 secs] 284606K->5616K(1013632K), 0.0013685 secs] [Times: user=0.00 sys=0.00, real=0.00 secs] 
2024-10-08T20:30:06.884+0300: 934.333: Total time for which application threads were stopped: 0.0234112 seconds, Stopping threads took: 0.0219220 seconds
2024-10-08T20:30:08.484+0300: 935.933: Application time: 1.5997303 seconds
2024-10-08T20:30:08.516+0300: 935.963: [GC (Allocation Failure) 2024-10-08T20:30:08.516+0300: 935.963: [ParNew: 280748K->577K(314560K), 0.0015104 secs] 285200K->5029K(1013632K), 0.0016484 secs] [Times: user=0.00 sys=0.00, real=0.00 secs] 
2024-10-08T20:30:08.516+0300: 935.965: Total time for which application threads were stopped: 0.0325336 seconds, Stopping threads took: 0.0307025 seconds
2024-10-08T20:30:10.117+0300: 937.569: Application time: 1.6038446 seconds
2024-10-08T20:30:10.148+0300: 937.596: [GC (Allocation Failure) 2024-10-08T20:30:10.148+0300: 937.596: [ParNew: 280009K->967K(314560K), 0.0012026 secs] 284461K->5421K(1013632K), 0.0013232 secs] [Times: user=0.00 sys=0.00, real=0.00 secs] 
2024-10-08T20:30:10.148+0300: 937.597: Total time for which application threads were stopped: 0.0279259 seconds, Stopping threads took: 0.0264335 seconds
2024-10-08T20:30:11.748+0300: 939.196: Application time: 1.5991933 seconds
2024-10-08T20:30:11.795+0300: 939.243: [GC (Allocation Failure) 2024-10-08T20:30:11.795+0300: 939.243: [ParNew: 280522K->379K(314560K), 0.0012615 secs] 284976K->4834K(1013632K), 0.0013675 secs] [Times: user=0.00 sys=0.00, real=0.00 secs] 
2024-10-08T20:30:11.795+0300: 939.244: Total time for which application threads were stopped: 0.0483097 seconds, Stopping threads took: 0.0467985 seconds
2024-10-08T20:30:13.396+0300: 940.845: Application time: 1.6006390 seconds
2024-10-08T20:30:13.427+0300: 940.875: [GC (Allocation Failure) 2024-10-08T20:30:13.427+0300: 940.875: [ParNew: 279884K->965K(314560K), 0.0015178 secs] 284339K->5421K(1013632K), 0.0016300 secs] [Times: user=0.00 sys=0.00, real=0.00 secs] 
2024-10-08T20:30:13.427+0300: 940.876: Total time for which application threads were stopped: 0.0311856 seconds, Stopping threads took: 0.0293838 seconds
2024-10-08T20:30:15.026+0300: 942.482: Application time: 1.6061251 seconds
2024-10-08T20:30:15.072+0300: 942.520: [GC (Allocation Failure) 2024-10-08T20:30:15.072+0300: 942.520: [ParNew: 280428K->383K(314560K), 0.0013652 secs] 284884K->4840K(1013632K), 0.0014647 secs] [Times: user=0.00 sys=0.00, real=0.00 secs] 
2024-10-08T20:30:15.072+0300: 942.522: Total time for which application threads were stopped: 0.0393153 seconds, Stopping threads took: 0.0377061 seconds
2024-10-08T20:30:16.657+0300: 944.117: Application time: 1.5956721 seconds
2024-10-08T20:30:16.689+0300: 944.137: [GC (Allocation Failure) 2024-10-08T20:30:16.689+0300: 944.137: [ParNew: 279785K->577K(314560K), 0.0015050 secs] 284242K->5035K(1013632K), 0.0015798 secs] [Times: user=0.00 sys=0.00, real=0.00 secs] 
2024-10-08T20:30:16.689+0300: 944.138: Total time for which application threads were stopped: 0.0209139 seconds, Stopping threads took: 0.0192052 seconds
2024-10-08T20:30:18.290+0300: 945.743: Application time: 1.6049370 seconds
2024-10-08T20:30:18.305+0300: 945.753: [GC (Allocation Failure) 2024-10-08T20:30:18.305+0300: 945.753: [ParNew: 280110K->1161K(314560K), 0.0013839 secs] 284568K->5620K(1013632K), 0.0014577 secs] [Times: user=0.00 sys=0.00, real=0.00 secs] 
2024-10-08T20:30:18.305+0300: 945.754: Total time for which application threads were stopped: 0.0111434 seconds, Stopping threads took: 0.0095712 seconds
2024-10-08T20:30:19.906+0300: 947.358: Application time: 1.6040463 seconds
2024-10-08T20:30:19.953+0300: 947.401: [GC (Allocation Failure) 2024-10-08T20:30:19.953+0300: 947.401: [ParNew: 280582K->577K(314560K), 0.0012026 secs] 285042K->5037K(1013632K), 0.0013307 secs] [Times: user=0.00 sys=0.00, real=0.00 secs] 
2024-10-08T20:30:19.953+0300: 947.402: Total time for which application threads were stopped: 0.0435968 seconds, Stopping threads took: 0.0420792 seconds
2024-10-08T20:30:21.537+0300: 948.996: Application time: 1.5942703 seconds
2024-10-08T20:30:21.568+0300: 949.016: [GC (Allocation Failure) 2024-10-08T20:30:21.568+0300: 949.016: [ParNew: 280048K->965K(314560K), 0.0013259 secs] 284508K->5427K(1013632K), 0.0014533 secs] [Times: user=0.00 sys=0.00, real=0.00 secs] 
2024-10-08T20:30:21.568+0300: 949.017: Total time for which application threads were stopped: 0.0210925 seconds, Stopping threads took: 0.0195005 seconds
2024-10-08T20:30:23.168+0300: 950.623: Application time: 1.6052150 seconds
2024-10-08T20:30:23.216+0300: 950.664: [GC (Allocation Failure) 2024-10-08T20:30:23.216+0300: 950.664: [ParNew: 280581K->381K(314560K), 0.0015660 secs] 285043K->4844K(1013632K), 0.0016962 secs] [Times: user=0.00 sys=0.00, real=0.00 secs] 
2024-10-08T20:30:23.216+0300: 950.665: Total time for which application threads were stopped: 0.0426836 seconds, Stopping threads took: 0.0408154 seconds
2024-10-08T20:30:24.800+0300: 952.260: Application time: 1.5947482 seconds
2024-10-08T20:30:24.832+0300: 952.279: [GC (Allocation Failure) 2024-10-08T20:30:24.832+0300: 952.279: [ParNew: 279977K->965K(314560K), 0.0012936 secs] 284439K->5429K(1013632K), 0.0013913 secs] [Times: user=0.00 sys=0.00, real=0.00 secs] 
2024-10-08T20:30:24.832+0300: 952.281: Total time for which application threads were stopped: 0.0206704 seconds, Stopping threads took: 0.0191300 seconds
2024-10-08T20:30:26.433+0300: 953.889: Application time: 1.6081461 seconds
2024-10-08T20:30:26.480+0300: 953.927: [GC (Allocation Failure) 2024-10-08T20:30:26.480+0300: 953.927: [ParNew: 280572K->379K(314560K), 0.0011849 secs] 285036K->4844K(1013632K), 0.0012898 secs] [Times: user=0.00 sys=0.00, real=0.00 secs] 
2024-10-08T20:30:26.480+0300: 953.929: Total time for which application threads were stopped: 0.0398750 seconds, Stopping threads took: 0.0384403 seconds
2024-10-08T20:30:28.081+0300: 955.529: Application time: 1.6004040 seconds
2024-10-08T20:30:28.112+0300: 955.560: [GC (Allocation Failure) 2024-10-08T20:30:28.112+0300: 955.560: [ParNew: 279620K->575K(314560K), 0.0015882 secs] 284085K->5041K(1013632K), 0.0017042 secs] [Times: user=0.00 sys=0.00, real=0.00 secs] 
2024-10-08T20:30:28.112+0300: 955.562: Total time for which application threads were stopped: 0.0327106 seconds, Stopping threads took: 0.0308539 seconds
2024-10-08T20:30:29.708+0300: 957.159: Application time: 1.5974124 seconds
2024-10-08T20:30:29.730+0300: 957.177: [GC (Allocation Failure) 2024-10-08T20:30:29.730+0300: 957.178: [ParNew: 280150K->967K(314560K), 0.0014644 secs] 284616K->5435K(1013632K), 0.0015901 secs] [Times: user=0.00 sys=0.00, real=0.00 secs] 
2024-10-08T20:30:29.730+0300: 957.179: Total time for which application threads were stopped: 0.0198489 seconds, Stopping threads took: 0.0180989 seconds
2024-10-08T20:30:31.330+0300: 958.784: Application time: 1.6051573 seconds
2024-10-08T20:30:31.377+0300: 958.825: [GC (Allocation Failure) 2024-10-08T20:30:31.377+0300: 958.825: [ParNew: 280413K->379K(314560K), 0.0013635 secs] 284880K->4848K(1013632K), 0.0014727 secs] [Times: user=0.00 sys=0.00, real=0.00 secs] 
2024-10-08T20:30:31.377+0300: 958.826: Total time for which application threads were stopped: 0.0418197 seconds, Stopping threads took: 0.0401814 seconds
2024-10-08T20:30:32.961+0300: 960.421: Application time: 1.5949197 seconds
2024-10-08T20:30:33.008+0300: 960.456: [GC (Allocation Failure) 2024-10-08T20:30:33.008+0300: 960.456: [ParNew: 279967K->967K(314560K), 0.0013993 secs] 284436K->5437K(1013632K), 0.0015321 secs] [Times: user=0.00 sys=0.00, real=0.00 secs] 
2024-10-08T20:30:33.008+0300: 960.457: Total time for which application threads were stopped: 0.0361756 seconds, Stopping threads took: 0.0344612 seconds
2024-10-08T20:30:34.593+0300: 962.054: Application time: 1.5966192 seconds
2024-10-08T20:30:34.641+0300: 962.088: [GC (Allocation Failure) 2024-10-08T20:30:34.641+0300: 962.088: [ParNew: 280478K->377K(314560K), 0.0012905 secs] 284947K->4848K(1013632K), 0.0014039 secs] [Times: user=0.00 sys=0.00, real=0.00 secs] 
2024-10-08T20:30:34.641+0300: 962.090: Total time for which application threads were stopped: 0.0360188 seconds, Stopping threads took: 0.0344654 seconds
2024-10-08T20:30:36.226+0300: 963.689: Application time: 1.5995075 seconds
2024-10-08T20:30:36.273+0300: 963.721: [GC (Allocation Failure) 2024-10-08T20:30:36.273+0300: 963.721: [ParNew: 279937K->965K(314560K), 0.0015166 secs] 284408K->5437K(1013632K), 0.0016405 secs] [Times: user=0.00 sys=0.00, real=0.00 secs] 
2024-10-08T20:30:36.273+0300: 963.723: Total time for which application threads were stopped: 0.0333334 seconds, Stopping threads took: 0.0315215 seconds
2024-10-08T20:30:37.858+0300: 965.318: Application time: 1.5957795 seconds
2024-10-08T20:30:37.920+0300: 965.368: [GC (Allocation Failure) 2024-10-08T20:30:37.920+0300: 965.368: [ParNew: 280531K->381K(314560K), 0.0014861 secs] 285003K->4854K(1013632K), 0.0015996 secs] [Times: user=0.00 sys=0.00, real=0.00 secs] 
2024-10-08T20:30:37.920+0300: 965.370: Total time for which application threads were stopped: 0.0513402 seconds, Stopping threads took: 0.0495584 seconds
2024-10-08T20:30:39.505+0300: 966.959: Application time: 1.5895614 seconds
2024-10-08T20:30:39.536+0300: 966.984: [GC (Allocation Failure) 2024-10-08T20:30:39.536+0300: 966.984: [ParNew: 279997K->967K(314560K), 0.0015742 secs] 284470K->5441K(1013632K), 0.0016842 secs] [Times: user=0.00 sys=0.00, real=0.00 secs] 
2024-10-08T20:30:39.536+0300: 966.986: Total time for which application threads were stopped: 0.0265611 seconds, Stopping threads took: 0.0246986 seconds
2024-10-08T20:30:41.137+0300: 968.592: Application time: 1.6063983 seconds
2024-10-08T20:30:41.184+0300: 968.632: [GC (Allocation Failure) 2024-10-08T20:30:41.184+0300: 968.632: [ParNew: 280571K->575K(314560K), 0.0014764 secs] 285045K->5050K(1013632K), 0.0015902 secs] [Times: user=0.00 sys=0.00, real=0.00 secs] 
2024-10-08T20:30:41.184+0300: 968.633: Total time for which application threads were stopped: 0.0410485 seconds, Stopping threads took: 0.0393006 seconds
2024-10-08T20:30:42.785+0300: 970.233: Application time: 1.5999992 seconds
2024-10-08T20:30:42.800+0300: 970.248: [GC (Allocation Failure) 2024-10-08T20:30:42.800+0300: 970.248: [ParNew: 279937K->575K(314560K), 0.0014037 secs] 284412K->5051K(1013632K), 0.0015163 secs] [Times: user=0.00 sys=0.00, real=0.00 secs] 
2024-10-08T20:30:42.800+0300: 970.250: Total time for which application threads were stopped: 0.0161404 seconds, Stopping threads took: 0.0144758 seconds
2024-10-08T20:30:44.401+0300: 971.862: Application time: 1.6123718 seconds
2024-10-08T20:30:44.433+0300: 971.880: [GC (Allocation Failure) 2024-10-08T20:30:44.433+0300: 971.880: [ParNew: 280103K->1161K(314560K), 0.0009285 secs] 284579K->5638K(1013632K), 0.0010046 secs] [Times: user=0.00 sys=0.00, real=0.00 secs] 
2024-10-08T20:30:44.433+0300: 971.881: Total time for which application threads were stopped: 0.0193911 seconds, Stopping threads took: 0.0182754 seconds
2024-10-08T20:30:46.048+0300: 973.499: Application time: 1.6179493 seconds
2024-10-08T20:30:46.094+0300: 973.542: [GC (Allocation Failure) 2024-10-08T20:30:46.094+0300: 973.542: [ParNew: 280580K->577K(314560K), 0.0006313 secs] 285058K->5055K(1013632K), 0.0006798 secs] [Times: user=0.00 sys=0.00, real=0.00 secs] 
2024-10-08T20:30:46.094+0300: 973.543: Total time for which application threads were stopped: 0.0434282 seconds, Stopping threads took: 0.0426634 seconds
2024-10-08T20:30:47.696+0300: 975.144: Application time: 1.6009073 seconds
2024-10-08T20:30:47.727+0300: 975.175: [GC (Allocation Failure) 2024-10-08T20:30:47.727+0300: 975.175: [ParNew: 280006K->965K(314560K), 0.0011534 secs] 284484K->5445K(1013632K), 0.0012432 secs] [Times: user=0.00 sys=0.00, real=0.00 secs] 
2024-10-08T20:30:47.727+0300: 975.176: Total time for which application threads were stopped: 0.0322476 seconds, Stopping threads took: 0.0308784 seconds
2024-10-08T20:30:49.327+0300: 976.780: Application time: 1.6036863 seconds
2024-10-08T20:30:49.374+0300: 976.822: [GC (Allocation Failure) 2024-10-08T20:30:49.374+0300: 976.822: [ParNew: 280570K->573K(314560K), 0.0014873 secs] 285050K->5054K(1013632K), 0.0015986 secs] [Times: user=0.00 sys=0.00, real=0.00 secs] 
2024-10-08T20:30:49.374+0300: 976.824: Total time for which application threads were stopped: 0.0441273 seconds, Stopping threads took: 0.0423577 seconds
2024-10-08T20:30:50.974+0300: 978.423: Application time: 1.5995189 seconds
2024-10-08T20:30:51.021+0300: 978.469: [GC (Allocation Failure) 2024-10-08T20:30:51.021+0300: 978.469: [ParNew: 280154K->186K(314560K), 0.0009612 secs] 284635K->4668K(1013632K), 0.0010298 secs] [Times: user=0.00 sys=0.00, real=0.00 secs] 
2024-10-08T20:30:51.021+0300: 978.470: Total time for which application threads were stopped: 0.0465015 seconds, Stopping threads took: 0.0453838 seconds
2024-10-08T20:30:52.229+0300: 979.691: Application time: 1.2217336 seconds
2024-10-08T20:30:52.292+0300: 979.740: Total time for which application threads were stopped: 0.0489908 seconds, Stopping threads took: 0.0488144 seconds
2024-10-08T20:30:52.795+0300: 980.247: Application time: 0.5065062 seconds
2024-10-08T20:30:52.795+0300: 980.247: Total time for which application threads were stopped: 0.0005774 seconds, Stopping threads took: 0.0005433 seconds
2024-10-08T20:30:52.857+0300: 980.319: Application time: 0.0710671 seconds
2024-10-08T20:30:52.888+0300: 980.336: [GC (Allocation Failure) 2024-10-08T20:30:52.888+0300: 980.336: [ParNew: 279543K->582K(314560K), 0.0013862 secs] 284025K->5065K(1013632K), 0.0014968 secs] [Times: user=0.00 sys=0.00, real=0.00 secs] 
2024-10-08T20:30:52.888+0300: 980.338: Total time for which application threads were stopped: 0.0191537 seconds, Stopping threads took: 0.0174828 seconds
2024-10-08T20:30:54.458+0300: 981.907: Application time: 1.5693650 seconds
2024-10-08T20:30:54.505+0300: 981.952: [GC (Allocation Failure) 2024-10-08T20:30:54.505+0300: 981.952: [ParNew: 280034K->187K(314560K), 0.0012904 secs] 284517K->4672K(1013632K), 0.0014061 secs] [Times: user=0.00 sys=0.00, real=0.00 secs] 
2024-10-08T20:30:54.505+0300: 981.954: Total time for which application threads were stopped: 0.0466944 seconds, Stopping threads took: 0.0451116 seconds
2024-10-08T20:30:56.090+0300: 983.549: Application time: 1.5955103 seconds
2024-10-08T20:30:56.121+0300: 983.569: [GC (Allocation Failure) 2024-10-08T20:30:56.121+0300: 983.569: [ParNew: 279676K->582K(314560K), 0.0015078 secs] 284160K->5067K(1013632K), 0.0016405 secs] [Times: user=0.00 sys=0.00, real=0.00 secs] 
2024-10-08T20:30:56.121+0300: 983.570: Total time for which application threads were stopped: 0.0209342 seconds, Stopping threads took: 0.0191384 seconds
2024-10-08T20:30:57.721+0300: 985.173: Application time: 1.6026032 seconds
2024-10-08T20:30:57.753+0300: 985.200: [GC (Allocation Failure) 2024-10-08T20:30:57.753+0300: 985.200: [ParNew: 280058K->975K(314560K), 0.0016275 secs] 284543K->5462K(1013632K), 0.0017486 secs] [Times: user=0.00 sys=0.00, real=0.00 secs] 
2024-10-08T20:30:57.753+0300: 985.202: Total time for which application threads were stopped: 0.0293575 seconds, Stopping threads took: 0.0274315 seconds
2024-10-08T20:30:59.354+0300: 986.804: Application time: 1.6015290 seconds
2024-10-08T20:30:59.401+0300: 986.849: [GC (Allocation Failure) 2024-10-08T20:30:59.401+0300: 986.849: [ParNew: 280507K->971K(314560K), 0.0015175 secs] 284994K->5459K(1013632K), 0.0016397 secs] [Times: user=0.00 sys=0.00, real=0.00 secs] 
2024-10-08T20:30:59.401+0300: 986.850: Total time for which application threads were stopped: 0.0466608 seconds, Stopping threads took: 0.0448464 seconds
2024-10-08T20:31:01.001+0300: 988.456: Application time: 1.6055870 seconds
2024-10-08T20:31:01.048+0300: 988.496: [GC (Allocation Failure) 2024-10-08T20:31:01.048+0300: 988.496: [ParNew: 280508K->385K(314560K), 0.0014628 secs] 284995K->4874K(1013632K), 0.0015822 secs] [Times: user=0.00 sys=0.00, real=0.00 secs] 
2024-10-08T20:31:01.048+0300: 988.497: Total time for which application threads were stopped: 0.0414845 seconds, Stopping threads took: 0.0397448 seconds
2024-10-08T20:31:02.633+0300: 990.087: Application time: 1.5897860 seconds
2024-10-08T20:31:02.680+0300: 990.128: [GC (Allocation Failure) 2024-10-08T20:31:02.680+0300: 990.128: [ParNew: 279972K->578K(314560K), 0.0013002 secs] 284461K->5074K(1013632K), 0.0014046 secs] [Times: user=0.00 sys=0.00, real=0.00 secs] 
2024-10-08T20:31:02.680+0300: 990.129: Total time for which application threads were stopped: 0.0418552 seconds, Stopping threads took: 0.0403015 seconds
2024-10-08T20:31:04.264+0300: 991.721: Application time: 1.5923571 seconds
2024-10-08T20:31:04.295+0300: 991.743: [GC (Allocation Failure) 2024-10-08T20:31:04.295+0300: 991.743: [ParNew: 280040K->965K(314560K), 0.0014347 secs] 284536K->5462K(1013632K), 0.0015410 secs] [Times: user=0.00 sys=0.00, real=0.00 secs] 
2024-10-08T20:31:04.297+0300: 991.745: Total time for which application threads were stopped: 0.0232880 seconds, Stopping threads took: 0.0215899 seconds
2024-10-08T20:31:05.896+0300: 993.350: Application time: 1.6056003 seconds
2024-10-08T20:31:05.927+0300: 993.375: [GC (Allocation Failure) 2024-10-08T20:31:05.927+0300: 993.375: [ParNew: 280477K->1358K(314560K), 0.0015674 secs] 284974K->5856K(1013632K), 0.0016792 secs] [Times: user=0.00 sys=0.00, real=0.00 secs] 
2024-10-08T20:31:05.927+0300: 993.377: Total time for which application threads were stopped: 0.0264883 seconds, Stopping threads took: 0.0246409 seconds
2024-10-08T20:31:07.513+0300: 994.976: Application time: 1.5986592 seconds
2024-10-08T20:31:07.575+0300: 995.023: [GC (Allocation Failure) 2024-10-08T20:31:07.575+0300: 995.023: [ParNew: 280836K->575K(314560K), 0.0014503 secs] 285334K->5074K(1013632K), 0.0015544 secs] [Times: user=0.00 sys=0.00, real=0.00 secs] 
2024-10-08T20:31:07.575+0300: 995.024: Total time for which application threads were stopped: 0.0489004 seconds, Stopping threads took: 0.0471898 seconds
2024-10-08T20:31:09.176+0300: 996.626: Application time: 1.6012963 seconds
2024-10-08T20:31:09.223+0300: 996.671: [GC (Allocation Failure) 2024-10-08T20:31:09.223+0300: 996.671: [ParNew: 280180K->194K(314560K), 0.0014235 secs] 284679K->4694K(1013632K), 0.0015404 secs] [Times: user=0.00 sys=0.00, real=0.00 secs] 
2024-10-08T20:31:09.223+0300: 996.673: Total time for which application threads were stopped: 0.0468614 seconds, Stopping threads took: 0.0451604 seconds
2024-10-08T20:31:10.807+0300: 998.268: Application time: 1.5950383 seconds
2024-10-08T20:31:10.839+0300: 998.286: [GC (Allocation Failure) 2024-10-08T20:31:10.839+0300: 998.287: [ParNew: 279455K->573K(314560K), 0.0013350 secs] 283955K->5074K(1013632K), 0.0014414 secs] [Times: user=0.00 sys=0.00, real=0.00 secs] 
2024-10-08T20:31:10.839+0300: 998.288: Total time for which application threads were stopped: 0.0202478 seconds, Stopping threads took: 0.0186628 seconds
2024-10-08T20:31:12.439+0300: 999.893: Application time: 1.6046785 seconds
2024-10-08T20:31:12.471+0300: 999.919: [GC (Allocation Failure) 2024-10-08T20:31:12.471+0300: 999.919: [ParNew: 279836K->577K(314560K), 0.0012019 secs] 284338K->5079K(1013632K), 0.0013065 secs] [Times: user=0.00 sys=0.00, real=0.00 secs] 
2024-10-08T20:31:12.471+0300: 999.920: Total time for which application threads were stopped: 0.0272843 seconds, Stopping threads took: 0.0258252 seconds
2024-10-08T20:31:14.072+0300: 1001.520: Application time: 1.6001828 seconds
2024-10-08T20:31:14.103+0300: 1001.551: [GC (Allocation Failure) 2024-10-08T20:31:14.103+0300: 1001.551: [ParNew: 280134K->967K(314560K), 0.0014806 secs] 284637K->5471K(1013632K), 0.0015919 secs] [Times: user=0.00 sys=0.00, real=0.00 secs] 
2024-10-08T20:31:14.103+0300: 1001.552: Total time for which application threads were stopped: 0.0324598 seconds, Stopping threads took: 0.0307124 seconds
2024-10-08T20:31:15.704+0300: 1003.156: Application time: 1.6036296 seconds
2024-10-08T20:31:15.751+0300: 1003.198: [GC (Allocation Failure) 2024-10-08T20:31:15.751+0300: 1003.198: [ParNew: 280470K->577K(314560K), 0.0014789 secs] 284973K->5081K(1013632K), 0.0015840 secs] [Times: user=0.00 sys=0.00, real=0.00 secs] 
2024-10-08T20:31:15.751+0300: 1003.200: Total time for which application threads were stopped: 0.0438565 seconds, Stopping threads took: 0.0421118 seconds
2024-10-08T20:31:17.335+0300: 1004.795: Application time: 1.5948461 seconds
2024-10-08T20:31:17.367+0300: 1004.814: [GC (Allocation Failure) 2024-10-08T20:31:17.367+0300: 1004.814: [ParNew: 280193K->965K(314560K), 0.0011997 secs] 284697K->5471K(1013632K), 0.0012673 secs] [Times: user=0.00 sys=0.00, real=0.00 secs] 
2024-10-08T20:31:17.367+0300: 1004.815: Total time for which application threads were stopped: 0.0206399 seconds, Stopping threads took: 0.0192839 seconds
2024-10-08T20:31:18.967+0300: 1006.422: Application time: 1.6070199 seconds
2024-10-08T20:31:19.014+0300: 1006.462: [GC (Allocation Failure) 2024-10-08T20:31:19.014+0300: 1006.462: [ParNew: 280504K->186K(314560K), 0.0015388 secs] 285011K->4693K(1013632K), 0.0016585 secs] [Times: user=0.00 sys=0.00, real=0.00 secs] 
2024-10-08T20:31:19.014+0300: 1006.463: Total time for which application threads were stopped: 0.0409193 seconds, Stopping threads took: 0.0390865 seconds
2024-10-08T20:31:20.605+0300: 1008.060: Application time: 1.5964222 seconds
2024-10-08T20:31:20.630+0300: 1008.078: [GC (Allocation Failure) 2024-10-08T20:31:20.630+0300: 1008.078: [ParNew: 279695K->965K(314560K), 0.0015365 secs] 284202K->5473K(1013632K), 0.0016571 secs] [Times: user=0.00 sys=0.00, real=0.00 secs] 
2024-10-08T20:31:20.630+0300: 1008.080: Total time for which application threads were stopped: 0.0198247 seconds, Stopping threads took: 0.0180171 seconds
2024-10-08T20:31:22.231+0300: 1009.687: Application time: 1.6073185 seconds
2024-10-08T20:31:22.278+0300: 1009.726: [GC (Allocation Failure) 2024-10-08T20:31:22.278+0300: 1009.726: [ParNew: 280426K->186K(314560K), 0.0011817 secs] 284934K->4695K(1013632K), 0.0012966 secs] [Times: user=0.00 sys=0.00, real=0.00 secs] 
2024-10-08T20:31:22.278+0300: 1009.727: Total time for which application threads were stopped: 0.0401916 seconds, Stopping threads took: 0.0387386 seconds
2024-10-08T20:31:23.863+0300: 1011.320: Application time: 1.5930995 seconds
2024-10-08T20:31:23.910+0300: 1011.358: [GC (Allocation Failure) 2024-10-08T20:31:23.910+0300: 1011.358: [ParNew: 279733K->575K(314560K), 0.0009316 secs] 284242K->5085K(1013632K), 0.0010106 secs] [Times: user=0.00 sys=0.00, real=0.00 secs] 
2024-10-08T20:31:23.910+0300: 1011.359: Total time for which application threads were stopped: 0.0384132 seconds, Stopping threads took: 0.0372733 seconds
2024-10-08T20:31:25.510+0300: 1012.960: Application time: 1.6017097 seconds
2024-10-08T20:31:25.557+0300: 1013.005: [GC (Allocation Failure) 2024-10-08T20:31:25.557+0300: 1013.005: [ParNew: 280076K->186K(314560K), 0.0014379 secs] 284586K->4698K(1013632K), 0.0015441 secs] [Times: user=0.00 sys=0.00, real=0.00 secs] 
2024-10-08T20:31:25.557+0300: 1013.006: Total time for which application threads were stopped: 0.0460659 seconds, Stopping threads took: 0.0443672 seconds
2024-10-08T20:31:27.159+0300: 1014.610: Application time: 1.6031899 seconds
2024-10-08T20:31:27.175+0300: 1014.623: [GC (Allocation Failure) 2024-10-08T20:31:27.175+0300: 1014.623: [ParNew: 279559K->579K(314560K), 0.0013117 secs] 284071K->5091K(1013632K), 0.0014004 secs] [Times: user=0.00 sys=0.00, real=0.00 secs] 
2024-10-08T20:31:27.175+0300: 1014.624: Total time for which application threads were stopped: 0.0145883 seconds, Stopping threads took: 0.0130407 seconds
2024-10-08T20:31:28.776+0300: 1016.226: Application time: 1.6018177 seconds
2024-10-08T20:31:28.792+0300: 1016.239: [GC (Allocation Failure) 2024-10-08T20:31:28.792+0300: 1016.240: [ParNew: 280072K->965K(314560K), 0.0015666 secs] 284585K->5479K(1013632K), 0.0016854 secs] [Times: user=0.00 sys=0.00, real=0.00 secs] 
2024-10-08T20:31:28.792+0300: 1016.241: Total time for which application threads were stopped: 0.0151285 seconds, Stopping threads took: 0.0132720 seconds
2024-10-08T20:31:30.392+0300: 1017.849: Application time: 1.6081765 seconds
2024-10-08T20:31:30.439+0300: 1017.887: [GC (Allocation Failure) 2024-10-08T20:31:30.439+0300: 1017.887: [ParNew: 280581K->377K(314560K), 0.0007341 secs] 285095K->4892K(1013632K), 0.0008029 secs] [Times: user=0.00 sys=0.00, real=0.00 secs] 
2024-10-08T20:31:30.439+0300: 1017.888: Total time for which application threads were stopped: 0.0382618 seconds, Stopping threads took: 0.0373629 seconds
2024-10-08T20:31:32.040+0300: 1019.491: Application time: 1.6033894 seconds
2024-10-08T20:31:32.071+0300: 1019.519: [GC (Allocation Failure) 2024-10-08T20:31:32.071+0300: 1019.519: [ParNew: 279955K->575K(314560K), 0.0014742 secs] 284470K->5091K(1013632K), 0.0015995 secs] [Times: user=0.00 sys=0.00, real=0.00 secs] 
2024-10-08T20:31:32.071+0300: 1019.521: Total time for which application threads were stopped: 0.0295874 seconds, Stopping threads took: 0.0278180 seconds
2024-10-08T20:31:33.656+0300: 1021.118: Application time: 1.5975372 seconds
2024-10-08T20:31:33.687+0300: 1021.135: [GC (Allocation Failure) 2024-10-08T20:31:33.687+0300: 1021.135: [ParNew: 279805K->579K(314560K), 0.0013565 secs] 284321K->5096K(1013632K), 0.0014374 secs] [Times: user=0.00 sys=0.00, real=0.00 secs] 
2024-10-08T20:31:33.687+0300: 1021.136: Total time for which application threads were stopped: 0.0180144 seconds, Stopping threads took: 0.0164516 seconds
2024-10-08T20:31:35.287+0300: 1022.742: Application time: 1.6054634 seconds
2024-10-08T20:31:35.319+0300: 1022.766: [GC (Allocation Failure) 2024-10-08T20:31:35.319+0300: 1022.766: [ParNew: 280084K->969K(314560K), 0.0015058 secs] 284602K->5488K(1013632K), 0.0016153 secs] [Times: user=0.00 sys=0.00, real=0.00 secs] 
2024-10-08T20:31:35.319+0300: 1022.768: Total time for which application threads were stopped: 0.0263002 seconds, Stopping threads took: 0.0245037 seconds
2024-10-08T20:31:36.919+0300: 1024.372: Application time: 1.6037406 seconds
2024-10-08T20:31:36.966+0300: 1024.414: [GC (Allocation Failure) 2024-10-08T20:31:36.966+0300: 1024.414: [ParNew: 280364K->577K(314560K), 0.0012301 secs] 284882K->5096K(1013632K), 0.0013460 secs] [Times: user=0.00 sys=0.00, real=0.00 secs] 
2024-10-08T20:31:36.966+0300: 1024.416: Total time for which application threads were stopped: 0.0438012 seconds, Stopping threads took: 0.0422905 seconds
2024-10-08T20:31:38.551+0300: 1026.010: Application time: 1.5946468 seconds
2024-10-08T20:31:38.582+0300: 1026.030: [GC (Allocation Failure) 2024-10-08T20:31:38.582+0300: 1026.030: [ParNew: 280046K->969K(314560K), 0.0013102 secs] 284565K->5490K(1013632K), 0.0014289 secs] [Times: user=0.00 sys=0.00, real=0.00 secs] 
2024-10-08T20:31:38.582+0300: 1026.032: Total time for which application threads were stopped: 0.0214424 seconds, Stopping threads took: 0.0198694 seconds
2024-10-08T20:31:40.183+0300: 1027.637: Application time: 1.6054401 seconds
2024-10-08T20:31:40.230+0300: 1027.678: [GC (Allocation Failure) 2024-10-08T20:31:40.230+0300: 1027.678: [ParNew: 280408K->186K(314560K), 0.0013967 secs] 284929K->4708K(1013632K), 0.0015130 secs] [Times: user=0.00 sys=0.00, real=0.00 secs] 
2024-10-08T20:31:40.230+0300: 1027.679: Total time for which application threads were stopped: 0.0422277 seconds, Stopping threads took: 0.0405387 seconds
2024-10-08T20:31:41.815+0300: 1029.274: Application time: 1.5948852 seconds
2024-10-08T20:31:41.847+0300: 1029.294: [GC (Allocation Failure) 2024-10-08T20:31:41.847+0300: 1029.294: [ParNew: 279617K->965K(314560K), 0.0013830 secs] 284139K->5488K(1013632K), 0.0014910 secs] [Times: user=0.00 sys=0.00, real=0.00 secs] 
2024-10-08T20:31:41.847+0300: 1029.296: Total time for which application threads were stopped: 0.0217327 seconds, Stopping threads took: 0.0200930 seconds
2024-10-08T20:31:43.448+0300: 1030.899: Application time: 1.6032757 seconds
2024-10-08T20:31:43.495+0300: 1030.943: [GC (Allocation Failure) 2024-10-08T20:31:43.495+0300: 1030.943: [ParNew: 280487K->381K(314560K), 0.0014449 secs] 285010K->4906K(1013632K), 0.0015656 secs] [Times: user=0.00 sys=0.00, real=0.00 secs] 
2024-10-08T20:31:43.495+0300: 1030.944: Total time for which application threads were stopped: 0.0449042 seconds, Stopping threads took: 0.0431781 seconds
2024-10-08T20:31:45.096+0300: 1032.543: Application time: 1.5991477 seconds
2024-10-08T20:31:45.112+0300: 1032.559: [GC (Allocation Failure) 2024-10-08T20:31:45.112+0300: 1032.559: [ParNew: 279795K->575K(314560K), 0.0012512 secs] 284319K->5100K(1013632K), 0.0013409 secs] [Times: user=0.00 sys=0.00, real=0.00 secs] 
2024-10-08T20:31:45.112+0300: 1032.561: Total time for which application threads were stopped: 0.0174534 seconds, Stopping threads took: 0.0159738 seconds
2024-10-08T20:31:46.712+0300: 1034.163: Application time: 1.6025931 seconds
2024-10-08T20:31:46.759+0300: 1034.208: [GC (Allocation Failure) 2024-10-08T20:31:46.759+0300: 1034.208: [ParNew: 280010K->182K(314560K), 0.0010923 secs] 284535K->4708K(1013632K), 0.0011979 secs] [Times: user=0.00 sys=0.00, real=0.00 secs] 
2024-10-08T20:31:46.759+0300: 1034.209: Total time for which application threads were stopped: 0.0454231 seconds, Stopping threads took: 0.0440910 seconds
2024-10-08T20:31:48.361+0300: 1035.808: Application time: 1.5994673 seconds
2024-10-08T20:31:48.407+0300: 1035.855: [GC (Allocation Failure) 2024-10-08T20:31:48.407+0300: 1035.855: [ParNew: 279456K->575K(314560K), 0.0007949 secs] 283982K->5102K(1013632K), 0.0008562 secs] [Times: user=0.00 sys=0.00, real=0.00 secs] 
2024-10-08T20:31:48.407+0300: 1035.856: Total time for which application threads were stopped: 0.0476350 seconds, Stopping threads took: 0.0466903 seconds
2024-10-08T20:31:50.007+0300: 1037.464: Application time: 1.6078675 seconds
2024-10-08T20:31:50.054+0300: 1037.502: [GC (Allocation Failure) 2024-10-08T20:31:50.054+0300: 1037.502: [ParNew: 280067K->967K(314560K), 0.0008132 secs] 284595K->5496K(1013632K), 0.0008942 secs] [Times: user=0.00 sys=0.00, real=0.00 secs] 
2024-10-08T20:31:50.054+0300: 1037.503: Total time for which application threads were stopped: 0.0389613 seconds, Stopping threads took: 0.0379504 seconds
2024-10-08T20:31:51.655+0300: 1039.106: Application time: 1.6028584 seconds
2024-10-08T20:31:51.703+0300: 1039.150: [GC (Allocation Failure) 2024-10-08T20:31:51.703+0300: 1039.151: [ParNew: 280489K->577K(314560K), 0.0013726 secs] 285018K->5106K(1013632K), 0.0014920 secs] [Times: user=0.00 sys=0.00, real=0.00 secs] 
2024-10-08T20:31:51.703+0300: 1039.152: Total time for which application threads were stopped: 0.0464228 seconds, Stopping threads took: 0.0447692 seconds
2024-10-08T20:31:53.288+0300: 1040.750: Application time: 1.5982029 seconds
2024-10-08T20:31:53.350+0300: 1040.798: [GC (Allocation Failure) 2024-10-08T20:31:53.350+0300: 1040.798: [ParNew: 280143K->184K(314560K), 0.0014219 secs] 284673K->4715K(1013632K), 0.0015352 secs] [Times: user=0.00 sys=0.00, real=0.00 secs] 
2024-10-08T20:31:53.350+0300: 1040.799: Total time for which application threads were stopped: 0.0491986 seconds, Stopping threads took: 0.0475088 seconds
2024-10-08T20:31:54.935+0300: 1042.392: Application time: 1.5922129 seconds
2024-10-08T20:31:54.966+0300: 1042.414: [GC (Allocation Failure) 2024-10-08T20:31:54.966+0300: 1042.414: [ParNew: 279728K->575K(314560K), 0.0014562 secs] 284259K->5107K(1013632K), 0.0015761 secs] [Times: user=0.00 sys=0.00, real=0.00 secs] 
2024-10-08T20:31:54.966+0300: 1042.416: Total time for which application threads were stopped: 0.0241779 seconds, Stopping threads took: 0.0224292 seconds
2024-10-08T20:31:56.551+0300: 1044.014: Application time: 1.5981556 seconds
2024-10-08T20:31:56.583+0300: 1044.030: [GC (Allocation Failure) 2024-10-08T20:31:56.583+0300: 1044.030: [ParNew: 280094K->967K(314560K), 0.0014406 secs] 284627K->5500K(1013632K), 0.0015576 secs] [Times: user=0.00 sys=0.00, real=0.00 secs] 
2024-10-08T20:31:56.583+0300: 1044.032: Total time for which application threads were stopped: 0.0179590 seconds, Stopping threads took: 0.0162332 seconds
2024-10-08T20:31:58.183+0300: 1045.641: Application time: 1.6095352 seconds
2024-10-08T20:31:58.230+0300: 1045.677: [GC (Allocation Failure) 2024-10-08T20:31:58.230+0300: 1045.678: [ParNew: 280379K->575K(314560K), 0.0016344 secs] 284912K->5109K(1013632K), 0.0017527 secs] [Times: user=0.00 sys=0.00, real=0.00 secs] 
2024-10-08T20:31:58.230+0300: 1045.679: Total time for which application threads were stopped: 0.0378728 seconds, Stopping threads took: 0.0359438 seconds
2024-10-08T20:31:59.814+0300: 1047.271: Application time: 1.5917661 seconds
2024-10-08T20:31:59.861+0300: 1047.308: [GC (Allocation Failure) 2024-10-08T20:31:59.861+0300: 1047.309: [ParNew: 280143K->965K(314560K), 0.0013323 secs] 284677K->5501K(1013632K), 0.0014489 secs] [Times: user=0.00 sys=0.00, real=0.00 secs] 
2024-10-08T20:31:59.861+0300: 1047.310: Total time for which application threads were stopped: 0.0388770 seconds, Stopping threads took: 0.0372709 seconds
2024-10-08T20:32:01.462+0300: 1048.919: Application time: 1.6087940 seconds
2024-10-08T20:32:01.509+0300: 1048.957: [GC (Allocation Failure) 2024-10-08T20:32:01.509+0300: 1048.957: [ParNew: 280581K->381K(314560K), 0.0014302 secs] 285117K->4918K(1013632K), 0.0015426 secs] [Times: user=0.00 sys=0.00, real=0.00 secs] 
2024-10-08T20:32:01.509+0300: 1048.959: Total time for which application threads were stopped: 0.0399883 seconds, Stopping threads took: 0.0382704 seconds
2024-10-08T20:32:03.110+0300: 1050.561: Application time: 1.6023197 seconds
2024-10-08T20:32:03.157+0300: 1050.605: [GC (Allocation Failure) 2024-10-08T20:32:03.157+0300: 1050.605: [ParNew: 279994K->186K(314560K), 0.0013467 secs] 284531K->4724K(1013632K), 0.0014712 secs] [Times: user=0.00 sys=0.00, real=0.00 secs] 
2024-10-08T20:32:03.157+0300: 1050.606: Total time for which application threads were stopped: 0.0450635 seconds, Stopping threads took: 0.0434171 seconds
2024-10-08T20:32:04.742+0300: 1052.196: Application time: 1.5900023 seconds
2024-10-08T20:32:04.774+0300: 1052.221: [GC (Allocation Failure) 2024-10-08T20:32:04.774+0300: 1052.222: [ParNew: 279596K->575K(314560K), 0.0013828 secs] 284134K->5114K(1013632K), 0.0014995 secs] [Times: user=0.00 sys=0.00, real=0.00 secs] 
2024-10-08T20:32:04.774+0300: 1052.223: Total time for which application threads were stopped: 0.0268897 seconds, Stopping threads took: 0.0252345 seconds
2024-10-08T20:32:06.358+0300: 1053.821: Application time: 1.5981416 seconds
2024-10-08T20:32:06.406+0300: 1053.853: [GC (Allocation Failure) 2024-10-08T20:32:06.406+0300: 1053.854: [ParNew: 280115K->967K(314560K), 0.0015769 secs] 284654K->5507K(1013632K), 0.0016809 secs] [Times: user=0.00 sys=0.00, real=0.00 secs] 
2024-10-08T20:32:06.406+0300: 1053.855: Total time for which application threads were stopped: 0.0340278 seconds, Stopping threads took: 0.0321976 seconds
2024-10-08T20:32:08.006+0300: 1055.461: Application time: 1.6061188 seconds
2024-10-08T20:32:08.053+0300: 1055.501: [GC (Allocation Failure) 2024-10-08T20:32:08.053+0300: 1055.501: [ParNew: 280562K->573K(314560K), 0.0015367 secs] 285102K->5114K(1013632K), 0.0016550 secs] [Times: user=0.00 sys=0.00, real=0.00 secs] 
2024-10-08T20:32:08.053+0300: 1055.502: Total time for which application threads were stopped: 0.0409710 seconds, Stopping threads took: 0.0391315 seconds
2024-10-08T20:32:09.638+0300: 1057.097: Application time: 1.5950417 seconds
2024-10-08T20:32:09.669+0300: 1057.117: [GC (Allocation Failure) 2024-10-08T20:32:09.669+0300: 1057.117: [ParNew: 280121K->1161K(314560K), 0.0014371 secs] 284662K->5703K(1013632K), 0.0015516 secs] [Times: user=0.00 sys=0.00, real=0.00 secs] 
2024-10-08T20:32:09.669+0300: 1057.119: Total time for which application threads were stopped: 0.0214454 seconds, Stopping threads took: 0.0197482 seconds
2024-10-08T20:32:11.270+0300: 1058.730: Application time: 1.6109512 seconds
2024-10-08T20:32:11.317+0300: 1058.765: [GC (Allocation Failure) 2024-10-08T20:32:11.317+0300: 1058.765: [ParNew: 280626K->381K(314560K), 0.0013076 secs] 285168K->4925K(1013632K), 0.0014056 secs] [Times: user=0.00 sys=0.00, real=0.00 secs] 
2024-10-08T20:32:11.317+0300: 1058.766: Total time for which application threads were stopped: 0.0363481 seconds, Stopping threads took: 0.0347994 seconds
2024-10-08T20:32:12.905+0300: 1060.360: Application time: 1.5943631 seconds
2024-10-08T20:32:12.933+0300: 1060.381: [GC (Allocation Failure) 2024-10-08T20:32:12.933+0300: 1060.381: [ParNew: 279941K->963K(314560K), 0.0013689 secs] 284485K->5508K(1013632K), 0.0014834 secs] [Times: user=0.00 sys=0.00, real=0.00 secs] 
2024-10-08T20:32:12.933+0300: 1060.382: Total time for which application threads were stopped: 0.0219648 seconds, Stopping threads took: 0.0203317 seconds
2024-10-08T20:32:14.534+0300: 1061.987: Application time: 1.6045899 seconds
2024-10-08T20:32:14.581+0300: 1062.028: [GC (Allocation Failure) 2024-10-08T20:32:14.581+0300: 1062.028: [ParNew: 280403K->381K(314560K), 0.0015010 secs] 284947K->4927K(1013632K), 0.0016274 secs] [Times: user=0.00 sys=0.00, real=0.00 secs] 
2024-10-08T20:32:14.581+0300: 1062.030: Total time for which application threads were stopped: 0.0429462 seconds, Stopping threads took: 0.0411419 seconds
2024-10-08T20:32:16.181+0300: 1063.629: Application time: 1.5989162 seconds
2024-10-08T20:32:16.196+0300: 1063.644: [GC (Allocation Failure) 2024-10-08T20:32:16.196+0300: 1063.644: [ParNew: 279760K->577K(314560K), 0.0012464 secs] 284306K->5124K(1013632K), 0.0013672 secs] [Times: user=0.00 sys=0.00, real=0.00 secs] 
2024-10-08T20:32:16.196+0300: 1063.646: Total time for which application threads were stopped: 0.0166384 seconds, Stopping threads took: 0.0151154 seconds
2024-10-08T20:32:17.796+0300: 1065.246: Application time: 1.6000941 seconds
2024-10-08T20:32:17.828+0300: 1065.276: [GC (Allocation Failure) 2024-10-08T20:32:17.828+0300: 1065.276: [ParNew: 280170K->967K(314560K), 0.0015242 secs] 284717K->5515K(1013632K), 0.0016391 secs] [Times: user=0.00 sys=0.00, real=0.00 secs] 
2024-10-08T20:32:17.828+0300: 1065.278: Total time for which application threads were stopped: 0.0319669 seconds, Stopping threads took: 0.0301589 seconds
2024-10-08T20:32:19.429+0300: 1066.879: Application time: 1.6017323 seconds
2024-10-08T20:32:19.460+0300: 1066.908: [GC (Allocation Failure) 2024-10-08T20:32:19.460+0300: 1066.908: [ParNew: 280456K->965K(314560K), 0.0014296 secs] 285004K->5514K(1013632K), 0.0015494 secs] [Times: user=0.00 sys=0.00, real=0.00 secs] 
2024-10-08T20:32:19.460+0300: 1066.910: Total time for which application threads were stopped: 0.0303888 seconds, Stopping threads took: 0.0286608 seconds
2024-10-08T20:32:21.062+0300: 1068.514: Application time: 1.6043119 seconds
2024-10-08T20:32:21.109+0300: 1068.557: [GC (Allocation Failure) 2024-10-08T20:32:21.109+0300: 1068.557: [ParNew: 280431K->184K(314560K), 0.0012566 secs] 284980K->4734K(1013632K), 0.0013570 secs] [Times: user=0.00 sys=0.00, real=0.00 secs] 
2024-10-08T20:32:21.109+0300: 1068.558: Total time for which application threads were stopped: 0.0441420 seconds, Stopping threads took: 0.0426333 seconds
2024-10-08T20:32:22.694+0300: 1070.156: Application time: 1.5982998 seconds
2024-10-08T20:32:22.726+0300: 1070.174: [GC (Allocation Failure) 2024-10-08T20:32:22.726+0300: 1070.174: [ParNew: 279667K->577K(314560K), 0.0013239 secs] 284218K->5128K(1013632K), 0.0014231 secs] [Times: user=0.00 sys=0.00, real=0.00 secs] 
2024-10-08T20:32:22.728+0300: 1070.175: Total time for which application threads were stopped: 0.0188429 seconds, Stopping threads took: 0.0172605 seconds
2024-10-08T20:32:24.327+0300: 1071.781: Application time: 1.6058975 seconds
2024-10-08T20:32:24.374+0300: 1071.822: [GC (Allocation Failure) 2024-10-08T20:32:24.374+0300: 1071.822: [ParNew: 280133K->379K(314560K), 0.0012442 secs] 284685K->4932K(1013632K), 0.0013453 secs] [Times: user=0.00 sys=0.00, real=0.00 secs] 
2024-10-08T20:32:24.374+0300: 1071.823: Total time for which application threads were stopped: 0.0417727 seconds, Stopping threads took: 0.0402786 seconds
2024-10-08T20:32:25.974+0300: 1073.422: Application time: 1.5991484 seconds
2024-10-08T20:32:26.006+0300: 1073.453: [GC (Allocation Failure) 2024-10-08T20:32:26.006+0300: 1073.453: [ParNew: 279677K->575K(314560K), 0.0011932 secs] 284229K->5128K(1013632K), 0.0012875 secs] [Times: user=0.00 sys=0.00, real=0.00 secs] 
2024-10-08T20:32:26.006+0300: 1073.455: Total time for which application threads were stopped: 0.0324202 seconds, Stopping threads took: 0.0309864 seconds
2024-10-08T20:32:27.591+0300: 1075.051: Application time: 1.5960188 seconds
2024-10-08T20:32:27.622+0300: 1075.070: [GC (Allocation Failure) 2024-10-08T20:32:27.622+0300: 1075.070: [ParNew: 280087K->963K(314560K), 0.0013910 secs] 284641K->5518K(1013632K), 0.0015123 secs] [Times: user=0.00 sys=0.00, real=0.00 secs] 
2024-10-08T20:32:27.622+0300: 1075.072: Total time for which application threads were stopped: 0.0209741 seconds, Stopping threads took: 0.0192769 seconds
2024-10-08T20:32:29.223+0300: 1076.675: Application time: 1.6032249 seconds
2024-10-08T20:32:29.270+0300: 1076.718: [GC (Allocation Failure) 2024-10-08T20:32:29.270+0300: 1076.718: [ParNew: 280395K->575K(314560K), 0.0015413 secs] 284950K->5130K(1013632K), 0.0016717 secs] [Times: user=0.00 sys=0.00, real=0.00 secs] 
2024-10-08T20:32:29.270+0300: 1076.720: Total time for which application threads were stopped: 0.0448735 seconds, Stopping threads took: 0.0430279 seconds
2024-10-08T20:32:30.870+0300: 1078.320: Application time: 1.6005956 seconds
2024-10-08T20:32:30.917+0300: 1078.365: [GC (Allocation Failure) 2024-10-08T20:32:30.917+0300: 1078.365: [ParNew: 280136K->186K(314560K), 0.0010749 secs] 284691K->4743K(1013632K), 0.0012217 secs] [Times: user=0.00 sys=0.00, real=0.00 secs] 
2024-10-08T20:32:30.917+0300: 1078.366: Total time for which application threads were stopped: 0.0457703 seconds, Stopping threads took: 0.0443625 seconds
2024-10-08T20:32:32.501+0300: 1079.956: Application time: 1.5898184 seconds
2024-10-08T20:32:32.532+0300: 1079.980: [GC (Allocation Failure) 2024-10-08T20:32:32.532+0300: 1079.980: [ParNew: 279723K->575K(314560K), 0.0014797 secs] 284280K->5133K(1013632K), 0.0015888 secs] [Times: user=0.00 sys=0.00, real=0.00 secs] 
2024-10-08T20:32:32.532+0300: 1079.982: Total time for which application threads were stopped: 0.0258432 seconds, Stopping threads took: 0.0240904 seconds
2024-10-08T20:32:34.134+0300: 1081.583: Application time: 1.6015169 seconds
2024-10-08T20:32:34.166+0300: 1081.613: [GC (Allocation Failure) 2024-10-08T20:32:34.166+0300: 1081.613: [ParNew: 280037K->965K(314560K), 0.0014255 secs] 284595K->5524K(1013632K), 0.0015451 secs] [Times: user=0.00 sys=0.00, real=0.00 secs] 
2024-10-08T20:32:34.166+0300: 1081.615: Total time for which application threads were stopped: 0.0317402 seconds, Stopping threads took: 0.0300212 seconds
2024-10-08T20:32:35.766+0300: 1083.219: Application time: 1.6038399 seconds
2024-10-08T20:32:35.813+0300: 1083.261: [GC (Allocation Failure) 2024-10-08T20:32:35.813+0300: 1083.261: [ParNew: 280581K->377K(314560K), 0.0014384 secs] 285140K->4938K(1013632K), 0.0015544 secs] [Times: user=0.00 sys=0.00, real=0.00 secs] 
2024-10-08T20:32:35.813+0300: 1083.262: Total time for which application threads were stopped: 0.0433163 seconds, Stopping threads took: 0.0415754 seconds
2024-10-08T20:32:37.398+0300: 1084.857: Application time: 1.5944966 seconds
2024-10-08T20:32:37.429+0300: 1084.877: [GC (Allocation Failure) 2024-10-08T20:32:37.429+0300: 1084.877: [ParNew: 279658K->577K(314560K), 0.0012524 secs] 284218K->5138K(1013632K), 0.0013657 secs] [Times: user=0.00 sys=0.00, real=0.00 secs] 
2024-10-08T20:32:37.429+0300: 1084.878: Total time for which application threads were stopped: 0.0217153 seconds, Stopping threads took: 0.0201854 seconds
2024-10-08T20:32:39.030+0300: 1086.480: Application time: 1.6011823 seconds
2024-10-08T20:32:39.061+0300: 1086.509: [GC (Allocation Failure) 2024-10-08T20:32:39.061+0300: 1086.509: [ParNew: 280032K->965K(314560K), 0.0013674 secs] 284593K->5528K(1013632K), 0.0014873 secs] [Times: user=0.00 sys=0.00, real=0.00 secs] 
2024-10-08T20:32:39.061+0300: 1086.511: Total time for which application threads were stopped: 0.0313081 seconds, Stopping threads took: 0.0296362 seconds
2024-10-08T20:32:40.662+0300: 1088.114: Application time: 1.6035968 seconds
2024-10-08T20:32:40.708+0300: 1088.156: [GC (Allocation Failure) 2024-10-08T20:32:40.708+0300: 1088.156: [ParNew: 280439K->577K(314560K), 0.0014087 secs] 285002K->5141K(1013632K), 0.0015348 secs] [Times: user=0.00 sys=0.00, real=0.00 secs] 
2024-10-08T20:32:40.708+0300: 1088.158: Total time for which application threads were stopped: 0.0433618 seconds, Stopping threads took: 0.0416378 seconds
2024-10-08T20:32:42.301+0300: 1089.749: Application time: 1.5911849 seconds
2024-10-08T20:32:42.325+0300: 1089.773: [GC (Allocation Failure) 2024-10-08T20:32:42.325+0300: 1089.773: [ParNew: 280114K->963K(314560K), 0.0016968 secs] 284678K->5528K(1013632K), 0.0018148 secs] [Times: user=0.00 sys=0.00, real=0.00 secs] 
2024-10-08T20:32:42.325+0300: 1089.775: Total time for which application threads were stopped: 0.0258052 seconds, Stopping threads took: 0.0238400 seconds
2024-10-08T20:32:43.926+0300: 1091.378: Application time: 1.6030476 seconds
2024-10-08T20:32:43.973+0300: 1091.421: [GC (Allocation Failure) 2024-10-08T20:32:43.973+0300: 1091.421: [ParNew: 280485K->381K(314560K), 0.0015611 secs] 285050K->4947K(1013632K), 0.0016669 secs] [Times: user=0.00 sys=0.00, real=0.00 secs] 
2024-10-08T20:32:43.973+0300: 1091.423: Total time for which application threads were stopped: 0.0450956 seconds, Stopping threads took: 0.0432732 seconds
2024-10-08T20:32:45.566+0300: 1093.018: Application time: 1.5951634 seconds
2024-10-08T20:32:45.590+0300: 1093.038: [GC (Allocation Failure) 2024-10-08T20:32:45.590+0300: 1093.038: [ParNew: 279997K->1163K(314560K), 0.0016624 secs] 284563K->5730K(1013632K), 0.0017811 secs] [Times: user=0.00 sys=0.00, real=0.00 secs] 
2024-10-08T20:32:45.590+0300: 1093.039: Total time for which application threads were stopped: 0.0212299 seconds, Stopping threads took: 0.0192773 seconds
2024-10-08T20:32:47.190+0300: 1094.649: Application time: 1.6097435 seconds
2024-10-08T20:32:47.237+0300: 1094.685: [GC (Allocation Failure) 2024-10-08T20:32:47.237+0300: 1094.685: [ParNew: 280588K->379K(314560K), 0.0015979 secs] 285155K->4948K(1013632K), 0.0017078 secs] [Times: user=0.00 sys=0.00, real=0.00 secs] 
2024-10-08T20:32:47.237+0300: 1094.686: Total time for which application threads were stopped: 0.0372114 seconds, Stopping threads took: 0.0353441 seconds
2024-10-08T20:32:48.822+0300: 1096.281: Application time: 1.5947028 seconds
2024-10-08T20:32:48.854+0300: 1096.301: [GC (Allocation Failure) 2024-10-08T20:32:48.854+0300: 1096.301: [ParNew: 279763K->575K(314560K), 0.0014852 secs] 284332K->5144K(1013632K), 0.0016034 secs] [Times: user=0.00 sys=0.00, real=0.00 secs] 
2024-10-08T20:32:48.854+0300: 1096.303: Total time for which application threads were stopped: 0.0218790 seconds, Stopping threads took: 0.0201269 seconds
2024-10-08T20:32:50.454+0300: 1097.909: Application time: 1.6058734 seconds
2024-10-08T20:32:50.502+0300: 1097.949: [GC (Allocation Failure) 2024-10-08T20:32:50.502+0300: 1097.949: [ParNew: 280191K->182K(314560K), 0.0015004 secs] 284760K->4753K(1013632K), 0.0016083 secs] [Times: user=0.00 sys=0.00, real=0.00 secs] 
2024-10-08T20:32:50.502+0300: 1097.951: Total time for which application threads were stopped: 0.0421723 seconds, Stopping threads took: 0.0404089 seconds
2024-10-08T20:32:52.100+0300: 1099.556: Application time: 1.6045517 seconds
2024-10-08T20:32:52.147+0300: 1099.595: [GC (Allocation Failure) 2024-10-08T20:32:52.147+0300: 1099.595: [ParNew: 279450K->571K(314560K), 0.0011944 secs] 284021K->5142K(1013632K), 0.0012932 secs] [Times: user=0.00 sys=0.00, real=0.00 secs] 
2024-10-08T20:32:52.147+0300: 1099.596: Total time for which application threads were stopped: 0.0407682 seconds, Stopping threads took: 0.0393417 seconds
2024-10-08T20:32:53.749+0300: 1101.204: Application time: 1.6076640 seconds
2024-10-08T20:32:53.781+0300: 1101.228: [GC (Allocation Failure) 2024-10-08T20:32:53.781+0300: 1101.228: [ParNew: 280119K->967K(314560K), 0.0009345 secs] 284691K->5540K(1013632K), 0.0010161 secs] [Times: user=0.00 sys=0.00, real=0.00 secs] 
2024-10-08T20:32:53.781+0300: 1101.229: Total time for which application threads were stopped: 0.0253095 seconds, Stopping threads took: 0.0241760 seconds
2024-10-08T20:32:55.384+0300: 1102.838: Application time: 1.6089742 seconds
2024-10-08T20:32:55.429+0300: 1102.876: [GC (Allocation Failure) 2024-10-08T20:32:55.429+0300: 1102.877: [ParNew: 280579K->577K(314560K), 0.0007492 secs] 285153K->5151K(1013632K), 0.0008223 secs] [Times: user=0.00 sys=0.00, real=0.00 secs] 
2024-10-08T20:32:55.429+0300: 1102.877: Total time for which application threads were stopped: 0.0390931 seconds, Stopping threads took: 0.0381681 seconds
2024-10-08T20:32:57.029+0300: 1104.486: Application time: 1.6089015 seconds
2024-10-08T20:32:57.076+0300: 1104.524: [GC (Allocation Failure) 2024-10-08T20:32:57.076+0300: 1104.524: [ParNew: 280102K->184K(314560K), 0.0015367 secs] 284676K->4759K(1013632K), 0.0017549 secs] [Times: user=0.00 sys=0.00, real=0.00 secs] 
2024-10-08T20:32:57.076+0300: 1104.525: Total time for which application threads were stopped: 0.0392030 seconds, Stopping threads took: 0.0372793 seconds
2024-10-08T20:32:58.662+0300: 1106.125: Application time: 1.5992345 seconds
2024-10-08T20:32:58.693+0300: 1106.141: [GC (Allocation Failure) 2024-10-08T20:32:58.693+0300: 1106.141: [ParNew: 279777K->575K(314560K), 0.0014141 secs] 284353K->5151K(1013632K), 0.0015304 secs] [Times: user=0.00 sys=0.00, real=0.00 secs] 
2024-10-08T20:32:58.693+0300: 1106.143: Total time for which application threads were stopped: 0.0179383 seconds, Stopping threads took: 0.0162331 seconds
2024-10-08T20:33:00.295+0300: 1107.754: Application time: 1.6110981 seconds
2024-10-08T20:33:00.341+0300: 1107.789: [GC (Allocation Failure) 2024-10-08T20:33:00.341+0300: 1107.789: [ParNew: 280142K->967K(314560K), 0.0015570 secs] 284718K->5545K(1013632K), 0.0016914 secs] [Times: user=0.00 sys=0.00, real=0.00 secs] 
2024-10-08T20:33:00.341+0300: 1107.791: Total time for which application threads were stopped: 0.0371801 seconds, Stopping threads took: 0.0353024 seconds
2024-10-08T20:33:01.942+0300: 1109.393: Application time: 1.6020840 seconds
2024-10-08T20:33:01.989+0300: 1109.436: [GC (Allocation Failure) 2024-10-08T20:33:01.989+0300: 1109.436: [ParNew: 280390K->381K(314560K), 0.0015092 secs] 284968K->4960K(1013632K), 0.0016148 secs] [Times: user=0.00 sys=0.00, real=0.00 secs] 
2024-10-08T20:33:01.989+0300: 1109.438: Total time for which application threads were stopped: 0.0449923 seconds, Stopping threads took: 0.0432071 seconds
2024-10-08T20:33:03.589+0300: 1111.036: Application time: 1.5983238 seconds
2024-10-08T20:33:03.605+0300: 1111.052: [GC (Allocation Failure) 2024-10-08T20:33:03.605+0300: 1111.053: [ParNew: 279713K->575K(314560K), 0.0016722 secs] 284292K->5155K(1013632K), 0.0017907 secs] [Times: user=0.00 sys=0.00, real=0.00 secs] 
2024-10-08T20:33:03.605+0300: 1111.054: Total time for which application threads were stopped: 0.0179622 seconds, Stopping threads took: 0.0159944 seconds
2024-10-08T20:33:05.204+0300: 1112.660: Application time: 1.6052696 seconds
2024-10-08T20:33:05.235+0300: 1112.683: [GC (Allocation Failure) 2024-10-08T20:33:05.235+0300: 1112.683: [ParNew: 280095K->1161K(314560K), 0.0014437 secs] 284675K->5742K(1013632K), 0.0015627 secs] [Times: user=0.00 sys=0.00, real=0.00 secs] 
2024-10-08T20:33:05.235+0300: 1112.685: Total time for which application threads were stopped: 0.0251204 seconds, Stopping threads took: 0.0234074 seconds
2024-10-08T20:33:06.836+0300: 1114.285: Application time: 1.6006538 seconds
2024-10-08T20:33:06.867+0300: 1114.315: [GC (Allocation Failure) 2024-10-08T20:33:06.867+0300: 1114.315: [ParNew: 280440K->577K(314560K), 0.0014722 secs] 285021K->5159K(1013632K), 0.0015630 secs] [Times: user=0.00 sys=0.00, real=0.00 secs] 
2024-10-08T20:33:06.867+0300: 1114.317: Total time for which application threads were stopped: 0.0312288 seconds, Stopping threads took: 0.0295169 seconds
2024-10-08T20:33:08.468+0300: 1115.921: Application time: 1.6042819 seconds
2024-10-08T20:33:08.499+0300: 1115.947: [GC (Allocation Failure) 2024-10-08T20:33:08.499+0300: 1115.947: [ParNew: 280056K->967K(314560K), 0.0014134 secs] 284638K->5551K(1013632K), 0.0015379 secs] [Times: user=0.00 sys=0.00, real=0.00 secs] 
2024-10-08T20:33:08.499+0300: 1115.948: Total time for which application threads were stopped: 0.0272316 seconds, Stopping threads took: 0.0255325 seconds
2024-10-08T20:33:10.099+0300: 1117.556: Application time: 1.6078297 seconds
2024-10-08T20:33:10.131+0300: 1117.578: [GC (Allocation Failure) 2024-10-08T20:33:10.131+0300: 1117.578: [ParNew: 280425K->1356K(314560K), 0.0015971 secs] 285008K->5940K(1013632K), 0.0017231 secs] [Times: user=0.00 sys=0.00, real=0.00 secs] 
2024-10-08T20:33:10.131+0300: 1117.580: Total time for which application threads were stopped: 0.0241714 seconds, Stopping threads took: 0.0222938 seconds
2024-10-08T20:33:11.731+0300: 1119.185: Application time: 1.6046424 seconds
2024-10-08T20:33:11.778+0300: 1119.226: [GC (Allocation Failure) 2024-10-08T20:33:11.778+0300: 1119.226: [ParNew: 280871K->965K(314560K), 0.0013131 secs] 285456K->5551K(1013632K), 0.0014468 secs] [Times: user=0.00 sys=0.00, real=0.00 secs] 
2024-10-08T20:33:11.778+0300: 1119.227: Total time for which application threads were stopped: 0.0426966 seconds, Stopping threads took: 0.0410861 seconds
2024-10-08T20:33:13.378+0300: 1120.826: Application time: 1.5985740 seconds
2024-10-08T20:33:13.410+0300: 1120.857: [GC (Allocation Failure) 2024-10-08T20:33:13.410+0300: 1120.857: [ParNew: 280459K->383K(314560K), 0.0015783 secs] 285044K->4970K(1013632K), 0.0016934 secs] [Times: user=0.00 sys=0.00, real=0.00 secs] 
2024-10-08T20:33:13.411+0300: 1120.859: Total time for which application threads were stopped: 0.0331385 seconds, Stopping threads took: 0.0312951 seconds
2024-10-08T20:33:15.009+0300: 1122.462: Application time: 1.6024969 seconds
2024-10-08T20:33:15.041+0300: 1122.489: [GC (Allocation Failure) 2024-10-08T20:33:15.041+0300: 1122.489: [ParNew: 279727K->575K(314560K), 0.0015017 secs] 284314K->5162K(1013632K), 0.0016005 secs] [Times: user=0.00 sys=0.00, real=0.00 secs] 
2024-10-08T20:33:15.041+0300: 1122.490: Total time for which application threads were stopped: 0.0286532 seconds, Stopping threads took: 0.0269097 seconds
2024-10-08T20:33:16.642+0300: 1124.096: Application time: 1.6053809 seconds
2024-10-08T20:33:16.673+0300: 1124.121: [GC (Allocation Failure) 2024-10-08T20:33:16.673+0300: 1124.121: [ParNew: 280050K->965K(314560K), 0.0016374 secs] 284638K->5554K(1013632K), 0.0017522 secs] [Times: user=0.00 sys=0.00, real=0.00 secs] 
2024-10-08T20:33:16.673+0300: 1124.122: Total time for which application threads were stopped: 0.0267746 seconds, Stopping threads took: 0.0248684 seconds
2024-10-08T20:33:18.273+0300: 1125.728: Application time: 1.6056112 seconds
2024-10-08T20:33:18.320+0300: 1125.768: [GC (Allocation Failure) 2024-10-08T20:33:18.320+0300: 1125.768: [ParNew: 280538K->575K(314560K), 0.0015955 secs] 285127K->5165K(1013632K), 0.0017032 secs] [Times: user=0.00 sys=0.00, real=0.00 secs] 
2024-10-08T20:33:18.320+0300: 1125.770: Total time for which application threads were stopped: 0.0416619 seconds, Stopping threads took: 0.0397901 seconds
2024-10-08T20:33:19.919+0300: 1127.374: Application time: 1.6042677 seconds
2024-10-08T20:33:19.951+0300: 1127.399: [GC (Allocation Failure) 2024-10-08T20:33:19.951+0300: 1127.399: [ParNew: 280175K->967K(314560K), 0.0013877 secs] 284765K->5558K(1013632K), 0.0014982 secs] [Times: user=0.00 sys=0.00, real=0.00 secs] 
2024-10-08T20:33:19.951+0300: 1127.400: Total time for which application threads were stopped: 0.0260314 seconds, Stopping threads took: 0.0243981 seconds
2024-10-08T20:33:21.551+0300: 1129.004: Application time: 1.6040302 seconds
2024-10-08T20:33:21.582+0300: 1129.030: [GC (Allocation Failure) 2024-10-08T20:33:21.582+0300: 1129.030: [ParNew: 280502K->377K(314560K), 0.0014958 secs] 285093K->4970K(1013632K), 0.0015819 secs] [Times: user=0.00 sys=0.00, real=0.00 secs] 
2024-10-08T20:33:21.582+0300: 1129.032: Total time for which application threads were stopped: 0.0276187 seconds, Stopping threads took: 0.0258890 seconds
2024-10-08T20:33:23.184+0300: 1130.639: Application time: 1.6072486 seconds
2024-10-08T20:33:23.215+0300: 1130.663: [GC (Allocation Failure) 2024-10-08T20:33:23.215+0300: 1130.663: [ParNew: 279993K->965K(314560K), 0.0013101 secs] 284586K->5559K(1013632K), 0.0013997 secs] [Times: user=0.00 sys=0.00, real=0.00 secs] 
2024-10-08T20:33:23.215+0300: 1130.664: Total time for which application threads were stopped: 0.0254771 seconds, Stopping threads took: 0.0239340 seconds
2024-10-08T20:33:24.816+0300: 1132.266: Application time: 1.6018357 seconds
2024-10-08T20:33:24.864+0300: 1132.311: [GC (Allocation Failure) 2024-10-08T20:33:24.864+0300: 1132.311: [ParNew: 280425K->184K(314560K), 0.0012813 secs] 285019K->4779K(1013632K), 0.0013938 secs] [Times: user=0.00 sys=0.00, real=0.00 secs] 
2024-10-08T20:33:24.864+0300: 1132.313: Total time for which application threads were stopped: 0.0464971 seconds, Stopping threads took: 0.0449604 seconds
2024-10-08T20:33:26.464+0300: 1133.917: Application time: 1.6039203 seconds
2024-10-08T20:33:26.495+0300: 1133.943: [GC (Allocation Failure) 2024-10-08T20:33:26.495+0300: 1133.943: [ParNew: 279575K->577K(314560K), 0.0011074 secs] 284170K->5172K(1013632K), 0.0012224 secs] [Times: user=0.00 sys=0.00, real=0.00 secs] 
2024-10-08T20:33:26.495+0300: 1133.944: Total time for which application threads were stopped: 0.0270958 seconds, Stopping threads took: 0.0256942 seconds
2024-10-08T20:33:28.096+0300: 1135.554: Application time: 1.6104030 seconds
2024-10-08T20:33:28.143+0300: 1135.590: [GC (Allocation Failure) 2024-10-08T20:33:28.143+0300: 1135.591: [ParNew: 280103K->184K(314560K), 0.0012108 secs] 284698K->4781K(1013632K), 0.0013167 secs] [Times: user=0.00 sys=0.00, real=0.00 secs] 
2024-10-08T20:33:28.143+0300: 1135.592: Total time for which application threads were stopped: 0.0376197 seconds, Stopping threads took: 0.0361367 seconds
2024-10-08T20:33:29.743+0300: 1137.195: Application time: 1.6026815 seconds
2024-10-08T20:33:29.759+0300: 1137.206: [GC (Allocation Failure) 2024-10-08T20:33:29.759+0300: 1137.207: [ParNew: 279545K->577K(314560K), 0.0015000 secs] 284142K->5175K(1013632K), 0.0016108 secs] [Times: user=0.00 sys=0.00, real=0.00 secs] 
2024-10-08T20:33:29.759+0300: 1137.208: Total time for which application threads were stopped: 0.0135770 seconds, Stopping threads took: 0.0118245 seconds
2024-10-08T20:33:31.359+0300: 1138.814: Application time: 1.6055454 seconds
2024-10-08T20:33:31.406+0300: 1138.854: [GC (Allocation Failure) 2024-10-08T20:33:31.406+0300: 1138.854: [ParNew: 280131K->1161K(314560K), 0.0011949 secs] 284729K->5760K(1013632K), 0.0012931 secs] [Times: user=0.00 sys=0.00, real=0.00 secs] 
2024-10-08T20:33:31.406+0300: 1138.856: Total time for which application threads were stopped: 0.0420475 seconds, Stopping threads took: 0.0406108 seconds
2024-10-08T20:33:33.007+0300: 1140.459: Application time: 1.6033907 seconds
2024-10-08T20:33:33.054+0300: 1140.502: [GC (Allocation Failure) 2024-10-08T20:33:33.054+0300: 1140.502: [ParNew: 280777K->577K(314560K), 0.0012786 secs] 285376K->5177K(1013632K), 0.0013903 secs] [Times: user=0.00 sys=0.00, real=0.00 secs] 
2024-10-08T20:33:33.056+0300: 1140.503: Total time for which application threads were stopped: 0.0443607 seconds, Stopping threads took: 0.0427882 seconds
2024-10-08T20:33:34.655+0300: 1142.105: Application time: 1.6012111 seconds
2024-10-08T20:33:34.671+0300: 1142.119: [GC (Allocation Failure) 2024-10-08T20:33:34.671+0300: 1142.119: [ParNew: 280168K->965K(314560K), 0.0015838 secs] 284768K->5567K(1013632K), 0.0017044 secs] [Times: user=0.00 sys=0.00, real=0.00 secs] 
2024-10-08T20:33:34.671+0300: 1142.120: Total time for which application threads were stopped: 0.0157648 seconds, Stopping threads took: 0.0138963 seconds
2024-10-08T20:33:36.271+0300: 1143.724: Application time: 1.6037131 seconds
2024-10-08T20:33:36.318+0300: 1143.766: [GC (Allocation Failure) 2024-10-08T20:33:36.318+0300: 1143.766: [ParNew: 280507K->379K(314560K), 0.0015229 secs] 285109K->4982K(1013632K), 0.0016378 secs] [Times: user=0.00 sys=0.00, real=0.00 secs] 
2024-10-08T20:33:36.318+0300: 1143.768: Total time for which application threads were stopped: 0.0433800 seconds, Stopping threads took: 0.0415691 seconds
2024-10-08T20:33:37.903+0300: 1145.357: Application time: 1.5899175 seconds
2024-10-08T20:33:37.934+0300: 1145.382: [GC (Allocation Failure) 2024-10-08T20:33:37.934+0300: 1145.382: [ParNew: 279702K->575K(314560K), 0.0012764 secs] 284305K->5178K(1013632K), 0.0013889 secs] [Times: user=0.00 sys=0.00, real=0.00 secs] 
2024-10-08T20:33:37.934+0300: 1145.383: Total time for which application threads were stopped: 0.0254980 seconds, Stopping threads took: 0.0239573 seconds
2024-10-08T20:33:39.534+0300: 1146.982: Application time: 1.5989772 seconds
2024-10-08T20:33:39.550+0300: 1146.998: [GC (Allocation Failure) 2024-10-08T20:33:39.550+0300: 1146.998: [ParNew: 280033K->963K(314560K), 0.0011767 secs] 284637K->5568K(1013632K), 0.0012898 secs] [Times: user=0.00 sys=0.00, real=0.00 secs] 
2024-10-08T20:33:39.550+0300: 1146.999: Total time for which application threads were stopped: 0.0171780 seconds, Stopping threads took: 0.0157471 seconds
2024-10-08T20:33:41.151+0300: 1148.607: Application time: 1.6083448 seconds
2024-10-08T20:33:41.198+0300: 1148.646: [GC (Allocation Failure) 2024-10-08T20:33:41.198+0300: 1148.646: [ParNew: 280526K->379K(314560K), 0.0011149 secs] 285131K->4985K(1013632K), 0.0012148 secs] [Times: user=0.00 sys=0.00, real=0.00 secs] 
2024-10-08T20:33:41.198+0300: 1148.648: Total time for which application threads were stopped: 0.0401406 seconds, Stopping threads took: 0.0387720 seconds
2024-10-08T20:33:42.783+0300: 1150.240: Application time: 1.5921753 seconds
2024-10-08T20:33:42.814+0300: 1150.262: [GC (Allocation Failure) 2024-10-08T20:33:42.814+0300: 1150.262: [ParNew: 279978K->965K(314560K), 0.0013832 secs] 284584K->5572K(1013632K), 0.0014921 secs] [Times: user=0.00 sys=0.00, real=0.00 secs] 
2024-10-08T20:33:42.814+0300: 1150.264: Total time for which application threads were stopped: 0.0237336 seconds, Stopping threads took: 0.0220946 seconds
2024-10-08T20:33:44.415+0300: 1151.874: Application time: 1.6104397 seconds
2024-10-08T20:33:44.462+0300: 1151.910: [GC (Allocation Failure) 2024-10-08T20:33:44.462+0300: 1151.910: [ParNew: 280559K->577K(314560K), 0.0015036 secs] 285166K->5185K(1013632K), 0.0016173 secs] [Times: user=0.00 sys=0.00, real=0.00 secs] 
2024-10-08T20:33:44.462+0300: 1151.911: Total time for which application threads were stopped: 0.0372888 seconds, Stopping threads took: 0.0355121 seconds
2024-10-08T20:33:46.062+0300: 1153.513: Application time: 1.6018287 seconds
2024-10-08T20:33:46.094+0300: 1153.542: [GC (Allocation Failure) 2024-10-08T20:33:46.094+0300: 1153.542: [ParNew: 280017K->965K(314560K), 0.0010994 secs] 284625K->5575K(1013632K), 0.0012148 secs] [Times: user=0.00 sys=0.00, real=0.00 secs] 
2024-10-08T20:33:46.094+0300: 1153.543: Total time for which application threads were stopped: 0.0299562 seconds, Stopping threads took: 0.0285889 seconds
2024-10-08T20:33:47.694+0300: 1155.145: Application time: 1.6022860 seconds
2024-10-08T20:33:47.741+0300: 1155.189: [GC (Allocation Failure) 2024-10-08T20:33:47.741+0300: 1155.189: [ParNew: 280462K->379K(314560K), 0.0016835 secs] 285071K->4990K(1013632K), 0.0017993 secs] [Times: user=0.00 sys=0.00, real=0.00 secs] 
2024-10-08T20:33:47.741+0300: 1155.191: Total time for which application threads were stopped: 0.0453772 seconds, Stopping threads took: 0.0434038 seconds
2024-10-08T20:33:49.342+0300: 1156.789: Application time: 1.5985750 seconds
2024-10-08T20:33:49.373+0300: 1156.821: [GC (Allocation Failure) 2024-10-08T20:33:49.373+0300: 1156.821: [ParNew: 279947K->965K(314560K), 0.0012763 secs] 284558K->5577K(1013632K), 0.0014122 secs] [Times: user=0.00 sys=0.00, real=0.00 secs] 
2024-10-08T20:33:49.373+0300: 1156.822: Total time for which application threads were stopped: 0.0328531 seconds, Stopping threads took: 0.0312683 seconds
2024-10-08T20:33:50.973+0300: 1158.422: Application time: 1.5994772 seconds
2024-10-08T20:33:51.020+0300: 1158.468: [GC (Allocation Failure) 2024-10-08T20:33:51.020+0300: 1158.468: [ParNew: 280458K->379K(314560K), 0.0014478 secs] 285069K->4992K(1013632K), 0.0015580 secs] [Times: user=0.00 sys=0.00, real=0.00 secs] 
2024-10-08T20:33:51.020+0300: 1158.469: Total time for which application threads were stopped: 0.0478105 seconds, Stopping threads took: 0.0460999 seconds
2024-10-08T20:33:52.605+0300: 1160.060: Application time: 1.5900762 seconds
2024-10-08T20:33:52.636+0300: 1160.084: [GC (Allocation Failure) 2024-10-08T20:33:52.636+0300: 1160.084: [ParNew: 279992K->967K(314560K), 0.0011957 secs] 284605K->5581K(1013632K), 0.0013169 secs] [Times: user=0.00 sys=0.00, real=0.00 secs] 
2024-10-08T20:33:52.636+0300: 1160.085: Total time for which application threads were stopped: 0.0259068 seconds, Stopping threads took: 0.0244284 seconds
2024-10-08T20:33:54.237+0300: 1161.688: Application time: 1.6028605 seconds
2024-10-08T20:33:54.284+0300: 1161.731: [GC (Allocation Failure) 2024-10-08T20:33:54.284+0300: 1161.732: [ParNew: 280400K->381K(314560K), 0.0013305 secs] 285014K->4996K(1013632K), 0.0014465 secs] [Times: user=0.00 sys=0.00, real=0.00 secs] 
2024-10-08T20:33:54.284+0300: 1161.733: Total time for which application threads were stopped: 0.0446484 seconds, Stopping threads took: 0.0430486 seconds
2024-10-08T20:33:55.885+0300: 1163.339: Application time: 1.6064155 seconds
2024-10-08T20:33:55.932+0300: 1163.380: [GC (Allocation Failure) 2024-10-08T20:33:55.932+0300: 1163.380: [ParNew: 279891K->965K(314560K), 0.0011453 secs] 284506K->5581K(1013632K), 0.0012396 secs] [Times: user=0.00 sys=0.00, real=0.00 secs] 
2024-10-08T20:33:55.932+0300: 1163.381: Total time for which application threads were stopped: 0.0416105 seconds, Stopping threads took: 0.0402423 seconds
2024-10-08T20:33:57.533+0300: 1164.993: Application time: 1.6115840 seconds
2024-10-08T20:33:57.580+0300: 1165.028: [GC (Allocation Failure) 2024-10-08T20:33:57.580+0300: 1165.028: [ParNew: 280559K->379K(314560K), 0.0007383 secs] 285175K->4997K(1013632K), 0.0007946 secs] [Times: user=0.00 sys=0.00, real=0.00 secs] 
2024-10-08T20:33:57.580+0300: 1165.028: Total time for which application threads were stopped: 0.0358872 seconds, Stopping threads took: 0.0350029 seconds
2024-10-08T20:33:59.165+0300: 1166.625: Application time: 1.5970127 seconds
2024-10-08T20:33:59.228+0300: 1166.675: [GC (Allocation Failure) 2024-10-08T20:33:59.228+0300: 1166.676: [ParNew: 279700K->575K(314560K), 0.0013164 secs] 284318K->5193K(1013632K), 0.0014340 secs] [Times: user=0.00 sys=0.00, real=0.00 secs] 
2024-10-08T20:33:59.228+0300: 1166.677: Total time for which application threads were stopped: 0.0514923 seconds, Stopping threads took: 0.0498769 seconds
2024-10-08T20:34:00.829+0300: 1168.281: Application time: 1.6035615 seconds
2024-10-08T20:34:00.876+0300: 1168.324: [GC (Allocation Failure) 2024-10-08T20:34:00.876+0300: 1168.324: [ParNew: 280156K->186K(314560K), 0.0013074 secs] 284775K->4806K(1013632K), 0.0014191 secs] [Times: user=0.00 sys=0.00, real=0.00 secs] 
2024-10-08T20:34:00.876+0300: 1168.325: Total time for which application threads were stopped: 0.0446356 seconds, Stopping threads took: 0.0430445 seconds
2024-10-08T20:34:02.461+0300: 1169.922: Application time: 1.5972661 seconds
2024-10-08T20:34:02.508+0300: 1169.956: [GC (Allocation Failure) 2024-10-08T20:34:02.508+0300: 1169.956: [ParNew: 279599K->575K(314560K), 0.0016221 secs] 284219K->5195K(1013632K), 0.0017426 secs] [Times: user=0.00 sys=0.00, real=0.00 secs] 
2024-10-08T20:34:02.508+0300: 1169.957: Total time for which application threads were stopped: 0.0350005 seconds, Stopping threads took: 0.0330789 seconds
2024-10-08T20:34:04.115+0300: 1171.566: Application time: 1.6082441 seconds
2024-10-08T20:34:04.140+0300: 1171.587: [GC (Allocation Failure) 2024-10-08T20:34:04.140+0300: 1171.588: [ParNew: 280119K->1163K(314560K), 0.0014863 secs] 284740K->5784K(1013632K), 0.0016064 secs] [Times: user=0.00 sys=0.00, real=0.00 secs] 
2024-10-08T20:34:04.140+0300: 1171.589: Total time for which application threads were stopped: 0.0234215 seconds, Stopping threads took: 0.0216663 seconds
2024-10-08T20:34:05.725+0300: 1173.186: Application time: 1.5974079 seconds
2024-10-08T20:34:05.772+0300: 1173.220: [GC (Allocation Failure) 2024-10-08T20:34:05.772+0300: 1173.220: [ParNew: 280720K->575K(314560K), 0.0015106 secs] 285342K->5198K(1013632K), 0.0015938 secs] [Times: user=0.00 sys=0.00, real=0.00 secs] 
2024-10-08T20:34:05.772+0300: 1173.221: Total time for which application threads were stopped: 0.0348450 seconds, Stopping threads took: 0.0331240 seconds
2024-10-08T20:34:07.372+0300: 1174.828: Application time: 1.6068763 seconds
2024-10-08T20:34:07.403+0300: 1174.851: [GC (Allocation Failure) 2024-10-08T20:34:07.403+0300: 1174.851: [ParNew: 280009K->967K(314560K), 0.0013472 secs] 284632K->5591K(1013632K), 0.0014908 secs] [Times: user=0.00 sys=0.00, real=0.00 secs] 
2024-10-08T20:34:07.403+0300: 1174.852: Total time for which application threads were stopped: 0.0238666 seconds, Stopping threads took: 0.0222153 seconds
2024-10-08T20:34:09.003+0300: 1176.455: Application time: 1.6024247 seconds
2024-10-08T20:34:09.050+0300: 1176.498: [GC (Allocation Failure) 2024-10-08T20:34:09.050+0300: 1176.498: [ParNew: 280456K->379K(314560K), 0.0013990 secs] 285080K->5005K(1013632K), 0.0015140 secs] [Times: user=0.00 sys=0.00, real=0.00 secs] 
2024-10-08T20:34:09.050+0300: 1176.499: Total time for which application threads were stopped: 0.0448012 seconds, Stopping threads took: 0.0431145 seconds
2024-10-08T20:34:10.636+0300: 1178.094: Application time: 1.5949884 seconds
2024-10-08T20:34:10.667+0300: 1178.115: [GC (Allocation Failure) 2024-10-08T20:34:10.667+0300: 1178.115: [ParNew: 279995K->967K(314560K), 0.0016089 secs] 284621K->5594K(1013632K), 0.0017171 secs] [Times: user=0.00 sys=0.00, real=0.00 secs] 
2024-10-08T20:34:10.667+0300: 1178.116: Total time for which application threads were stopped: 0.0219452 seconds, Stopping threads took: 0.0200623 seconds
2024-10-08T20:34:12.267+0300: 1179.722: Application time: 1.6059375 seconds
2024-10-08T20:34:12.314+0300: 1179.762: [GC (Allocation Failure) 2024-10-08T20:34:12.314+0300: 1179.762: [ParNew: 280483K->379K(314560K), 0.0015751 secs] 285110K->5007K(1013632K), 0.0016818 secs] [Times: user=0.00 sys=0.00, real=0.00 secs] 
2024-10-08T20:34:12.314+0300: 1179.763: Total time for which application threads were stopped: 0.0410628 seconds, Stopping threads took: 0.0392115 seconds
2024-10-08T20:34:13.899+0300: 1181.360: Application time: 1.5970192 seconds
2024-10-08T20:34:13.947+0300: 1181.395: [GC (Allocation Failure) 2024-10-08T20:34:13.947+0300: 1181.395: [ParNew: 279606K->577K(314560K), 0.0010931 secs] 284233K->5205K(1013632K), 0.0012003 secs] [Times: user=0.00 sys=0.00, real=0.00 secs] 
2024-10-08T20:34:13.947+0300: 1181.396: Total time for which application threads were stopped: 0.0354811 seconds, Stopping threads took: 0.0341126 seconds
2024-10-08T20:34:15.548+0300: 1182.996: Application time: 1.6004826 seconds
2024-10-08T20:34:15.579+0300: 1183.027: [GC (Allocation Failure) 2024-10-08T20:34:15.579+0300: 1183.027: [ParNew: 280193K->184K(314560K), 0.0012939 secs] 284821K->4814K(1013632K), 0.0013738 secs] [Times: user=0.00 sys=0.00, real=0.00 secs] 
2024-10-08T20:34:15.579+0300: 1183.028: Total time for which application threads were stopped: 0.0317401 seconds, Stopping threads took: 0.0302560 seconds
2024-10-08T20:34:17.163+0300: 1184.626: Application time: 1.5980940 seconds
2024-10-08T20:34:17.210+0300: 1184.658: [GC (Allocation Failure) 2024-10-08T20:34:17.210+0300: 1184.658: [ParNew: 279435K->575K(314560K), 0.0011916 secs] 284065K->5206K(1013632K), 0.0013044 secs] [Times: user=0.00 sys=0.00, real=0.00 secs] 
2024-10-08T20:34:17.210+0300: 1184.659: Total time for which application threads were stopped: 0.0329439 seconds, Stopping threads took: 0.0314821 seconds
2024-10-08T20:34:18.795+0300: 1186.257: Application time: 1.5982553 seconds
2024-10-08T20:34:18.842+0300: 1186.290: [GC (Allocation Failure) 2024-10-08T20:34:18.842+0300: 1186.290: [ParNew: 280103K->965K(314560K), 0.0013782 secs] 284734K->5597K(1013632K), 0.0014979 secs] [Times: user=0.00 sys=0.00, real=0.00 secs] 
2024-10-08T20:34:18.843+0300: 1186.291: Total time for which application threads were stopped: 0.0341613 seconds, Stopping threads took: 0.0325106 seconds
2024-10-08T20:34:20.446+0300: 1187.898: Application time: 1.6070244 seconds
2024-10-08T20:34:20.490+0300: 1187.938: [GC (Allocation Failure) 2024-10-08T20:34:20.490+0300: 1187.938: [ParNew: 280573K->379K(314560K), 0.0014093 secs] 285205K->5012K(1013632K), 0.0015488 secs] [Times: user=0.00 sys=0.00, real=0.00 secs] 
2024-10-08T20:34:20.490+0300: 1187.939: Total time for which application threads were stopped: 0.0407633 seconds, Stopping threads took: 0.0390155 seconds
2024-10-08T20:34:22.090+0300: 1189.541: Application time: 1.6015647 seconds
2024-10-08T20:34:22.121+0300: 1189.569: [GC (Allocation Failure) 2024-10-08T20:34:22.121+0300: 1189.569: [ParNew: 279818K->967K(314560K), 0.0013954 secs] 284452K->5602K(1013632K), 0.0015303 secs] [Times: user=0.00 sys=0.00, real=0.00 secs] 
2024-10-08T20:34:22.121+0300: 1189.571: Total time for which application threads were stopped: 0.0299354 seconds, Stopping threads took: 0.0282372 seconds
2024-10-08T20:34:23.722+0300: 1191.170: Application time: 1.5996697 seconds
2024-10-08T20:34:23.754+0300: 1191.201: [GC (Allocation Failure) 2024-10-08T20:34:23.754+0300: 1191.201: [ParNew: 280531K->381K(314560K), 0.0012652 secs] 285166K->5017K(1013632K), 0.0013648 secs] [Times: user=0.00 sys=0.00, real=0.00 secs] 
2024-10-08T20:34:23.754+0300: 1191.203: Total time for which application threads were stopped: 0.0322354 seconds, Stopping threads took: 0.0307239 seconds
2024-10-08T20:34:25.355+0300: 1192.808: Application time: 1.6053858 seconds
2024-10-08T20:34:25.369+0300: 1192.817: [GC (Allocation Failure) 2024-10-08T20:34:25.369+0300: 1192.817: [ParNew: 279982K->965K(314560K), 0.0014647 secs] 284617K->5602K(1013632K), 0.0015804 secs] [Times: user=0.00 sys=0.00, real=0.00 secs] 
2024-10-08T20:34:25.369+0300: 1192.819: Total time for which application threads were stopped: 0.0106573 seconds, Stopping threads took: 0.0089132 seconds
2024-10-08T20:34:26.970+0300: 1194.427: Application time: 1.6083144 seconds
2024-10-08T20:34:27.017+0300: 1194.465: [GC (Allocation Failure) 2024-10-08T20:34:27.017+0300: 1194.465: [ParNew: 280477K->381K(314560K), 0.0011595 secs] 285114K->5019K(1013632K), 0.0012667 secs] [Times: user=0.00 sys=0.00, real=0.00 secs] 
2024-10-08T20:34:27.017+0300: 1194.466: Total time for which application threads were stopped: 0.0390113 seconds, Stopping threads took: 0.0375772 seconds
2024-10-08T20:34:28.603+0300: 1196.055: Application time: 1.5892067 seconds
2024-10-08T20:34:28.634+0300: 1196.082: [GC (Allocation Failure) 2024-10-08T20:34:28.634+0300: 1196.082: [ParNew: 279651K->577K(314560K), 0.0014381 secs] 284289K->5216K(1013632K), 0.0015552 secs] [Times: user=0.00 sys=0.00, real=0.00 secs] 
2024-10-08T20:34:28.634+0300: 1196.083: Total time for which application threads were stopped: 0.0280642 seconds, Stopping threads took: 0.0263501 seconds
2024-10-08T20:34:30.234+0300: 1197.685: Application time: 1.6018873 seconds
2024-10-08T20:34:30.266+0300: 1197.714: [GC (Allocation Failure) 2024-10-08T20:34:30.266+0300: 1197.714: [ParNew: 280171K->1163K(314560K), 0.0014015 secs] 284810K->5803K(1013632K), 0.0014892 secs] [Times: user=0.00 sys=0.00, real=0.00 secs] 
2024-10-08T20:34:30.266+0300: 1197.715: Total time for which application threads were stopped: 0.0298575 seconds, Stopping threads took: 0.0282297 seconds
2024-10-08T20:34:31.850+0300: 1199.310: Application time: 1.5946683 seconds
2024-10-08T20:34:31.897+0300: 1199.345: [GC (Allocation Failure) 2024-10-08T20:34:31.897+0300: 1199.345: [ParNew: 280539K->571K(314560K), 0.0015565 secs] 285179K->5212K(1013632K), 0.0016984 secs] [Times: user=0.00 sys=0.00, real=0.00 secs] 
2024-10-08T20:34:31.897+0300: 1199.347: Total time for which application threads were stopped: 0.0371264 seconds, Stopping threads took: 0.0352606 seconds
2024-10-08T20:34:33.498+0300: 1200.948: Application time: 1.6012855 seconds
2024-10-08T20:34:33.530+0300: 1200.977: [GC (Allocation Failure) 2024-10-08T20:34:33.530+0300: 1200.977: [ParNew: 280052K->965K(314560K), 0.0010438 secs] 284693K->5608K(1013632K), 0.0011206 secs] [Times: user=0.00 sys=0.00, real=0.00 secs] 
2024-10-08T20:34:33.530+0300: 1200.978: Total time for which application threads were stopped: 0.0301909 seconds, Stopping threads took: 0.0289580 seconds
2024-10-08T20:34:35.129+0300: 1202.589: Application time: 1.6106202 seconds
2024-10-08T20:34:35.176+0300: 1202.624: [GC (Allocation Failure) 2024-10-08T20:34:35.176+0300: 1202.624: [ParNew: 280424K->381K(314560K), 0.0015256 secs] 285067K->5025K(1013632K), 0.0016403 secs] [Times: user=0.00 sys=0.00, real=0.00 secs] 
2024-10-08T20:34:35.176+0300: 1202.625: Total time for which application threads were stopped: 0.0363862 seconds, Stopping threads took: 0.0345977 seconds
2024-10-08T20:34:36.761+0300: 1204.222: Application time: 1.5968693 seconds
2024-10-08T20:34:36.792+0300: 1204.240: [GC (Allocation Failure) 2024-10-08T20:34:36.792+0300: 1204.240: [ParNew: 279997K->965K(314560K), 0.0013198 secs] 284641K->5610K(1013632K), 0.0014351 secs] [Times: user=0.00 sys=0.00, real=0.00 secs] 
2024-10-08T20:34:36.792+0300: 1204.241: Total time for which application threads were stopped: 0.0190585 seconds, Stopping threads took: 0.0174696 seconds
2024-10-08T20:34:38.393+0300: 1205.847: Application time: 1.6052085 seconds
2024-10-08T20:34:38.440+0300: 1205.887: [GC (Allocation Failure) 2024-10-08T20:34:38.440+0300: 1205.887: [ParNew: 280426K->381K(314560K), 0.0014955 secs] 285071K->5027K(1013632K), 0.0016061 secs] [Times: user=0.00 sys=0.00, real=0.00 secs] 
2024-10-08T20:34:38.440+0300: 1205.889: Total time for which application threads were stopped: 0.0424042 seconds, Stopping threads took: 0.0406247 seconds
2024-10-08T20:34:40.040+0300: 1207.488: Application time: 1.5993682 seconds
2024-10-08T20:34:40.056+0300: 1207.504: [GC (Allocation Failure) 2024-10-08T20:34:40.056+0300: 1207.504: [ParNew: 279948K->965K(314560K), 0.0012972 secs] 284594K->5612K(1013632K), 0.0014103 secs] [Times: user=0.00 sys=0.00, real=0.00 secs] 
2024-10-08T20:34:40.056+0300: 1207.505: Total time for which application threads were stopped: 0.0170063 seconds, Stopping threads took: 0.0154304 seconds
2024-10-08T20:34:41.656+0300: 1209.110: Application time: 1.6043792 seconds
2024-10-08T20:34:41.704+0300: 1209.151: [GC (Allocation Failure) 2024-10-08T20:34:41.704+0300: 1209.151: [ParNew: 280494K->381K(314560K), 0.0013152 secs] 285141K->5029K(1013632K), 0.0014252 secs] [Times: user=0.00 sys=0.00, real=0.00 secs] 
2024-10-08T20:34:41.704+0300: 1209.153: Total time for which application threads were stopped: 0.0429783 seconds, Stopping threads took: 0.0414038 seconds
2024-10-08T20:34:43.289+0300: 1210.751: Application time: 1.5980493 seconds
2024-10-08T20:34:43.335+0300: 1210.783: [GC (Allocation Failure) 2024-10-08T20:34:43.335+0300: 1210.783: [ParNew: 279886K->965K(314560K), 0.0014393 secs] 284534K->5614K(1013632K), 0.0015492 secs] [Times: user=0.00 sys=0.00, real=0.00 secs] 
2024-10-08T20:34:43.335+0300: 1210.784: Total time for which application threads were stopped: 0.0337193 seconds, Stopping threads took: 0.0320212 seconds
2024-10-08T20:34:44.936+0300: 1212.384: Application time: 1.5997763 seconds
2024-10-08T20:34:44.983+0300: 1212.430: [GC (Allocation Failure) 2024-10-08T20:34:44.983+0300: 1212.430: [ParNew: 280500K->379K(314560K), 0.0013058 secs] 285149K->5030K(1013632K), 0.0014190 secs] [Times: user=0.00 sys=0.00, real=0.00 secs] 
2024-10-08T20:34:44.983+0300: 1212.432: Total time for which application threads were stopped: 0.0475468 seconds, Stopping threads took: 0.0459721 seconds
2024-10-08T20:34:46.583+0300: 1214.031: Application time: 1.5996202 seconds
2024-10-08T20:34:46.599+0300: 1214.046: [GC (Allocation Failure) 2024-10-08T20:34:46.599+0300: 1214.046: [ParNew: 279905K->965K(314560K), 0.0012885 secs] 284556K->5617K(1013632K), 0.0014102 secs] [Times: user=0.00 sys=0.00, real=0.00 secs] 
2024-10-08T20:34:46.599+0300: 1214.048: Total time for which application threads were stopped: 0.0163848 seconds, Stopping threads took: 0.0148098 seconds
2024-10-08T20:34:48.198+0300: 1215.654: Application time: 1.6064429 seconds
2024-10-08T20:34:48.245+0300: 1215.693: [GC (Allocation Failure) 2024-10-08T20:34:48.245+0300: 1215.693: [ParNew: 280489K->377K(314560K), 0.0011990 secs] 285141K->5030K(1013632K), 0.0013060 secs] [Times: user=0.00 sys=0.00, real=0.00 secs] 
2024-10-08T20:34:48.245+0300: 1215.694: Total time for which application threads were stopped: 0.0401196 seconds, Stopping threads took: 0.0386618 seconds
2024-10-08T20:34:49.830+0300: 1217.291: Application time: 1.5962592 seconds
2024-10-08T20:34:49.862+0300: 1217.309: [GC (Allocation Failure) 2024-10-08T20:34:49.862+0300: 1217.309: [ParNew: 279612K->577K(314560K), 0.0015921 secs] 284264K->5230K(1013632K), 0.0016998 secs] [Times: user=0.00 sys=0.00, real=0.00 secs] 
2024-10-08T20:34:49.862+0300: 1217.311: Total time for which application threads were stopped: 0.0204663 seconds, Stopping threads took: 0.0186231 seconds
2024-10-08T20:34:51.462+0300: 1218.915: Application time: 1.6039767 seconds
2024-10-08T20:34:51.493+0300: 1218.941: [GC (Allocation Failure) 2024-10-08T20:34:51.493+0300: 1218.941: [ParNew: 280129K->1161K(314560K), 0.0014116 secs] 284783K->5815K(1013632K), 0.0015332 secs] [Times: user=0.00 sys=0.00, real=0.00 secs] 
2024-10-08T20:34:51.493+0300: 1218.942: Total time for which application threads were stopped: 0.0272630 seconds, Stopping threads took: 0.0255604 seconds
2024-10-08T20:34:53.094+0300: 1220.546: Application time: 1.6039921 seconds
2024-10-08T20:34:53.142+0300: 1220.590: [GC (Allocation Failure) 2024-10-08T20:34:53.142+0300: 1220.590: [ParNew: 280777K->577K(314560K), 0.0013727 secs] 285431K->5233K(1013632K), 0.0014798 secs] [Times: user=0.00 sys=0.00, real=0.00 secs] 
2024-10-08T20:34:53.142+0300: 1220.591: Total time for which application threads were stopped: 0.0447085 seconds, Stopping threads took: 0.0430757 seconds
2024-10-08T20:34:53.612+0300: 1221.059: Application time: 0.4680963 seconds
2024-10-08T20:34:53.643+0300: 1221.091: Total time for which application threads were stopped: 0.0314044 seconds, Stopping threads took: 0.0313254 seconds
2024-10-08T20:34:53.708+0300: 1221.156: Application time: 0.0654704 seconds
2024-10-08T20:34:53.708+0300: 1221.156: Total time for which application threads were stopped: 0.0003850 seconds, Stopping threads took: 0.0003382 seconds
2024-10-08T20:34:53.737+0300: 1221.188: Application time: 0.0320476 seconds
2024-10-08T20:34:53.737+0300: 1221.189: Total time for which application threads were stopped: 0.0001306 seconds, Stopping threads took: 0.0000922 seconds
2024-10-08T20:34:53.800+0300: 1221.253: Application time: 0.0647882 seconds
2024-10-08T20:34:53.800+0300: 1221.253: Total time for which application threads were stopped: 0.0000932 seconds, Stopping threads took: 0.0000500 seconds
2024-10-08T20:34:53.973+0300: 1221.427: Application time: 0.1733827 seconds
2024-10-08T20:34:53.973+0300: 1221.427: Total time for which application threads were stopped: 0.0001561 seconds, Stopping threads took: 0.0000281 seconds
2024-10-08T20:34:54.020+0300: 1221.474: Application time: 0.0471854 seconds
2024-10-08T20:34:54.020+0300: 1221.474: Total time for which application threads were stopped: 0.0000464 seconds, Stopping threads took: 0.0000172 seconds
2024-10-08T20:34:54.083+0300: 1221.532: Application time: 0.0581080 seconds
2024-10-08T20:34:54.083+0300: 1221.533: Total time for which application threads were stopped: 0.0002081 seconds, Stopping threads took: 0.0000426 seconds
2024-10-08T20:34:54.130+0300: 1221.585: Application time: 0.0528605 seconds
2024-10-08T20:34:54.130+0300: 1221.586: Total time for which application threads were stopped: 0.0002673 seconds, Stopping threads took: 0.0000548 seconds
2024-10-08T20:34:54.161+0300: 1221.613: Application time: 0.0271085 seconds
2024-10-08T20:34:54.161+0300: 1221.613: Total time for which application threads were stopped: 0.0001079 seconds, Stopping threads took: 0.0000416 seconds
2024-10-08T20:34:54.177+0300: 1221.631: Application time: 0.0178691 seconds
2024-10-08T20:34:54.177+0300: 1221.631: Total time for which application threads were stopped: 0.0000708 seconds, Stopping threads took: 0.0000357 seconds
2024-10-08T20:34:54.287+0300: 1221.740: Application time: 0.1086459 seconds
2024-10-08T20:34:54.287+0300: 1221.740: Total time for which application threads were stopped: 0.0002401 seconds, Stopping threads took: 0.0000245 seconds
2024-10-08T20:34:54.287+0300: 1221.746: Application time: 0.0063737 seconds
2024-10-08T20:34:54.287+0300: 1221.746: Total time for which application threads were stopped: 0.0002032 seconds, Stopping threads took: 0.0000234 seconds
2024-10-08T20:34:54.287+0300: 1221.748: Application time: 0.0019427 seconds
2024-10-08T20:34:54.287+0300: 1221.749: Total time for which application threads were stopped: 0.0001879 seconds, Stopping threads took: 0.0000191 seconds
2024-10-08T20:34:54.569+0300: 1222.031: Application time: 0.2829514 seconds
2024-10-08T20:34:54.569+0300: 1222.032: Total time for which application threads were stopped: 0.0001605 seconds, Stopping threads took: 0.0001216 seconds
2024-10-08T20:34:55.290+0300: 1222.738: Application time: 0.7066227 seconds
2024-10-08T20:34:55.290+0300: 1222.739: Total time for which application threads were stopped: 0.0002572 seconds, Stopping threads took: 0.0001058 seconds
2024-10-08T20:34:55.290+0300: 1222.739: Application time: 0.0002874 seconds
2024-10-08T20:34:55.290+0300: 1222.739: Total time for which application threads were stopped: 0.0002166 seconds, Stopping threads took: 0.0001784 seconds
2024-10-08T20:34:55.290+0300: 1222.739: Application time: 0.0002269 seconds
2024-10-08T20:34:55.290+0300: 1222.739: Total time for which application threads were stopped: 0.0001356 seconds, Stopping threads took: 0.0000954 seconds
2024-10-08T20:34:55.637+0300: 1223.094: Application time: 0.3547568 seconds
2024-10-08T20:34:55.637+0300: 1223.094: [GC (Allocation Failure) 2024-10-08T20:34:55.637+0300: 1223.094: [ParNew: 280193K->18605K(314560K), 0.0100439 secs] 284849K->23262K(1013632K), 0.0101117 secs] [Times: user=0.02 sys=0.00, real=0.01 secs] 
2024-10-08T20:34:55.652+0300: 1223.104: Total time for which application threads were stopped: 0.0103413 seconds, Stopping threads took: 0.0000474 seconds
2024-10-08T20:34:55.652+0300: 1223.105: Application time: 0.0003151 seconds
2024-10-08T20:34:55.652+0300: 1223.105: Total time for which application threads were stopped: 0.0001363 seconds, Stopping threads took: 0.0000785 seconds
2024-10-08T20:34:55.652+0300: 1223.105: Application time: 0.0001012 seconds
2024-10-08T20:34:55.652+0300: 1223.105: Total time for which application threads were stopped: 0.0000619 seconds, Stopping threads took: 0.0000405 seconds
2024-10-08T20:34:55.652+0300: 1223.105: Application time: 0.0000478 seconds
2024-10-08T20:34:55.652+0300: 1223.105: Total time for which application threads were stopped: 0.0000644 seconds, Stopping threads took: 0.0000450 seconds
2024-10-08T20:34:55.652+0300: 1223.105: Application time: 0.0000294 seconds
2024-10-08T20:34:55.652+0300: 1223.105: Total time for which application threads were stopped: 0.0000512 seconds, Stopping threads took: 0.0000318 seconds
2024-10-08T20:34:55.652+0300: 1223.105: Application time: 0.0001352 seconds
2024-10-08T20:34:55.652+0300: 1223.106: Total time for which application threads were stopped: 0.0000588 seconds, Stopping threads took: 0.0000328 seconds
2024-10-08T20:34:55.652+0300: 1223.106: Application time: 0.0000535 seconds
2024-10-08T20:34:55.652+0300: 1223.106: Total time for which application threads were stopped: 0.0000820 seconds, Stopping threads took: 0.0000473 seconds
2024-10-08T20:34:55.652+0300: 1223.106: Application time: 0.0000756 seconds
2024-10-08T20:34:55.652+0300: 1223.106: Total time for which application threads were stopped: 0.0000400 seconds, Stopping threads took: 0.0000177 seconds
2024-10-08T20:34:55.652+0300: 1223.106: Application time: 0.0001101 seconds
2024-10-08T20:34:55.652+0300: 1223.106: Total time for which application threads were stopped: 0.0000353 seconds, Stopping threads took: 0.0000159 seconds
2024-10-08T20:34:55.652+0300: 1223.106: Application time: 0.0000508 seconds
2024-10-08T20:34:55.652+0300: 1223.106: Total time for which application threads were stopped: 0.0000353 seconds, Stopping threads took: 0.0000165 seconds
2024-10-08T20:34:55.652+0300: 1223.106: Application time: 0.0000601 seconds
2024-10-08T20:34:55.652+0300: 1223.106: Total time for which application threads were stopped: 0.0000354 seconds, Stopping threads took: 0.0000138 seconds
2024-10-08T20:34:55.652+0300: 1223.106: Application time: 0.0000232 seconds
2024-10-08T20:34:55.652+0300: 1223.106: Total time for which application threads were stopped: 0.0000733 seconds, Stopping threads took: 0.0000448 seconds
2024-10-08T20:34:55.731+0300: 1223.185: Application time: 0.0792186 seconds
2024-10-08T20:34:55.731+0300: 1223.186: [GC (Allocation Failure) 2024-10-08T20:34:55.731+0300: 1223.186: [ParNew: 298221K->6286K(314560K), 0.0487812 secs] 302878K->27283K(1013632K), 0.0488936 secs] [Times: user=0.03 sys=0.01, real=0.05 secs] 
2024-10-08T20:34:55.778+0300: 1223.235: Total time for which application threads were stopped: 0.0491045 seconds, Stopping threads took: 0.0000600 seconds
2024-10-08T20:34:55.872+0300: 1223.333: Application time: 0.0981972 seconds
2024-10-08T20:34:55.872+0300: 1223.333: [GC (Allocation Failure) 2024-10-08T20:34:55.872+0300: 1223.333: [ParNew: 285902K->1886K(314560K), 0.0009429 secs] 306899K->22883K(1013632K), 0.0009983 secs] [Times: user=0.00 sys=0.00, real=0.00 secs] 
2024-10-08T20:34:55.872+0300: 1223.334: Total time for which application threads were stopped: 0.0011505 seconds, Stopping threads took: 0.0000525 seconds
2024-10-08T20:34:55.935+0300: 1223.386: Application time: 0.0516511 seconds
2024-10-08T20:34:55.935+0300: 1223.386: Total time for which application threads were stopped: 0.0000997 seconds, Stopping threads took: 0.0000375 seconds
2024-10-08T20:34:55.998+0300: 1223.451: Application time: 0.0657176 seconds
2024-10-08T20:34:55.998+0300: 1223.451: Total time for which application threads were stopped: 0.0000992 seconds, Stopping threads took: 0.0000471 seconds
2024-10-08T20:34:55.998+0300: 1223.455: Application time: 0.0030759 seconds
2024-10-08T20:34:55.998+0300: 1223.455: Total time for which application threads were stopped: 0.0000398 seconds, Stopping threads took: 0.0000198 seconds
2024-10-08T20:34:55.998+0300: 1223.455: Application time: 0.0004254 seconds
2024-10-08T20:34:55.998+0300: 1223.455: Total time for which application threads were stopped: 0.0000340 seconds, Stopping threads took: 0.0000214 seconds
2024-10-08T20:34:56.014+0300: 1223.463: Application time: 0.0079392 seconds
2024-10-08T20:34:56.014+0300: 1223.463: Total time for which application threads were stopped: 0.0000392 seconds, Stopping threads took: 0.0000193 seconds
Heap
 par new generation   total 314560K, used 188390K [0x00000000c0000000, 0x00000000d5550000, 0x00000000d5550000)
  eden space 279616K,  66% used [0x00000000c0000000, 0x00000000cb621fb0, 0x00000000d1110000)
  from space 34944K,   5% used [0x00000000d1110000, 0x00000000d12e7930, 0x00000000d3330000)
  to   space 34944K,   0% used [0x00000000d3330000, 0x00000000d3330000, 0x00000000d5550000)
 concurrent mark-sweep generation total 699072K, used 20996K [0x00000000d5550000, 0x0000000100000000, 0x0000000100000000)
 Metaspace       used 15898K, capacity 16072K, committed 16384K, reserved 1064960K
  class space    used 1645K, capacity 1718K, committed 1792K, reserved 1048576K
2024-10-08T20:34:56.124+0300: 1223.572: Application time: 0.1094187 seconds
