[0.018s][info][gc] Using Serial
[0.018s][info][gc,heap,coops] Heap address: 0x0000000080000000, size: 2048 MB, Compressed Oops mode: 32-bit
[0.595s][info][gc,start     ] GC(0) Pause Full (System.gc())
[0.595s][info][gc,phases,start] GC(0) Phase 1: Mark live objects
[0.599s][info][gc,phases      ] GC(0) Phase 1: Mark live objects 4.170ms
[0.599s][info][gc,phases,start] GC(0) Phase 2: Compute new object addresses
[0.601s][info][gc,phases      ] GC(0) Phase 2: Compute new object addresses 2.033ms
[0.601s][info][gc,phases,start] GC(0) Phase 3: Adjust pointers
[0.604s][info][gc,phases      ] GC(0) Phase 3: Adjust pointers 2.598ms
[0.610s][info][gc,phases,start] GC(0) Phase 4: Move objects
[0.612s][info][gc,phases      ] GC(0) Phase 4: Move objects 1.893ms
[0.613s][info][gc,heap        ] GC(0) DefNew: 78548K->0K(629120K)
[0.613s][info][gc,heap        ] GC(0) Tenured: 0K->2645K(1398144K)
[0.613s][info][gc,metaspace   ] GC(0) Metaspace: 9993K(10496K)->9993K(10496K) NonClass: 9114K(9472K)->9114K(9472K) Class: 879K(1024K)->879K(1024K)
[0.613s][info][gc             ] GC(0) Pause Full (System.gc()) 76M->2M(1979M) 18.030ms
[0.613s][info][gc,cpu         ] GC(0) User=0.00s Sys=0.02s Real=0.02s
[12.341s][info][gc,start       ] GC(1) Pause Full (System.gc())
[12.341s][info][gc,phases,start] GC(1) Phase 1: Mark live objects
[12.345s][info][gc,phases      ] GC(1) Phase 1: Mark live objects 4.540ms
[12.345s][info][gc,phases,start] GC(1) Phase 2: Compute new object addresses
[12.364s][info][gc,phases      ] GC(1) Phase 2: Compute new object addresses 19.000ms
[12.364s][info][gc,phases,start] GC(1) Phase 3: Adjust pointers
[12.368s][info][gc,phases      ] GC(1) Phase 3: Adjust pointers 3.865ms
[12.368s][info][gc,phases,start] GC(1) Phase 4: Move objects
[12.369s][info][gc,phases      ] GC(1) Phase 4: Move objects 0.206ms
[12.369s][info][gc,heap        ] GC(1) DefNew: 134216K->0K(629120K)
[12.369s][info][gc,heap        ] GC(1) Tenured: 2645K->3008K(1398144K)
[12.369s][info][gc,metaspace   ] GC(1) Metaspace: 12606K(13184K)->12606K(13184K) NonClass: 11390K(11776K)->11390K(11776K) Class: 1216K(1408K)->1216K(1408K)
[12.369s][info][gc             ] GC(1) Pause Full (System.gc()) 133M->2M(1979M) 28.149ms
[12.369s][info][gc,cpu         ] GC(1) User=0.02s Sys=0.02s Real=0.03s
[23.853s][info][gc,start       ] GC(2) Pause Full (System.gc())
[23.853s][info][gc,phases,start] GC(2) Phase 1: Mark live objects
[23.858s][info][gc,phases      ] GC(2) Phase 1: Mark live objects 4.962ms
[23.858s][info][gc,phases,start] GC(2) Phase 2: Compute new object addresses
[23.874s][info][gc,phases      ] GC(2) Phase 2: Compute new object addresses 16.749ms
[23.875s][info][gc,phases,start] GC(2) Phase 3: Adjust pointers
[23.878s][info][gc,phases      ] GC(2) Phase 3: Adjust pointers 3.722ms
[23.878s][info][gc,phases,start] GC(2) Phase 4: Move objects
[23.878s][info][gc,phases      ] GC(2) Phase 4: Move objects 0.013ms
[23.878s][info][gc,heap        ] GC(2) DefNew: 134216K->0K(629120K)
[23.878s][info][gc,heap        ] GC(2) Tenured: 3008K->3009K(1398144K)
[23.878s][info][gc,metaspace   ] GC(2) Metaspace: 12640K(13184K)->12640K(13184K) NonClass: 11423K(11776K)->11423K(11776K) Class: 1216K(1408K)->1216K(1408K)
[23.878s][info][gc             ] GC(2) Pause Full (System.gc()) 134M->2M(1979M) 25.779ms
[23.878s][info][gc,cpu         ] GC(2) User=0.02s Sys=0.00s Real=0.01s
[35.326s][info][gc,start       ] GC(3) Pause Full (System.gc())
[35.326s][info][gc,phases,start] GC(3) Phase 1: Mark live objects
[35.331s][info][gc,phases      ] GC(3) Phase 1: Mark live objects 4.941ms
[35.331s][info][gc,phases,start] GC(3) Phase 2: Compute new object addresses
[35.348s][info][gc,phases      ] GC(3) Phase 2: Compute new object addresses 16.954ms
[35.348s][info][gc,phases,start] GC(3) Phase 3: Adjust pointers
[35.352s][info][gc,phases      ] GC(3) Phase 3: Adjust pointers 3.865ms
[35.352s][info][gc,phases,start] GC(3) Phase 4: Move objects
[35.353s][info][gc,phases      ] GC(3) Phase 4: Move objects 0.859ms
[35.353s][info][gc,heap        ] GC(3) DefNew: 123031K->0K(629120K)
[35.353s][info][gc,heap        ] GC(3) Tenured: 3009K->3003K(1398144K)
[35.353s][info][gc,metaspace   ] GC(3) Metaspace: 12670K(13184K)->12670K(13184K) NonClass: 11453K(11776K)->11453K(11776K) Class: 1216K(1408K)->1216K(1408K)
[35.353s][info][gc             ] GC(3) Pause Full (System.gc()) 123M->2M(1979M) 27.037ms
[35.353s][info][gc,cpu         ] GC(3) User=0.03s Sys=0.00s Real=0.03s
[46.718s][info][gc,start       ] GC(4) Pause Full (System.gc())
[46.718s][info][gc,phases,start] GC(4) Phase 1: Mark live objects
[46.723s][info][gc,phases      ] GC(4) Phase 1: Mark live objects 5.087ms
[46.723s][info][gc,phases,start] GC(4) Phase 2: Compute new object addresses
[46.740s][info][gc,phases      ] GC(4) Phase 2: Compute new object addresses 16.972ms
[46.740s][info][gc,phases,start] GC(4) Phase 3: Adjust pointers
[46.744s][info][gc,phases      ] GC(4) Phase 3: Adjust pointers 3.848ms
[46.744s][info][gc,phases,start] GC(4) Phase 4: Move objects
[46.744s][info][gc,phases      ] GC(4) Phase 4: Move objects 0.013ms
[46.744s][info][gc,heap        ] GC(4) DefNew: 111846K->0K(629120K)
[46.744s][info][gc,heap        ] GC(4) Tenured: 3003K->3004K(1398144K)
[46.744s][info][gc,metaspace   ] GC(4) Metaspace: 12679K(13184K)->12679K(13184K) NonClass: 11462K(11776K)->11462K(11776K) Class: 1216K(1408K)->1216K(1408K)
[46.744s][info][gc             ] GC(4) Pause Full (System.gc()) 112M->2M(1979M) 26.288ms
[46.744s][info][gc,cpu         ] GC(4) User=0.03s Sys=0.00s Real=0.04s
[57.952s][info][gc,start       ] GC(5) Pause Full (System.gc())
[57.952s][info][gc,phases,start] GC(5) Phase 1: Mark live objects
[57.957s][info][gc,phases      ] GC(5) Phase 1: Mark live objects 5.077ms
[57.957s][info][gc,phases,start] GC(5) Phase 2: Compute new object addresses
[57.975s][info][gc,phases      ] GC(5) Phase 2: Compute new object addresses 17.261ms
[57.975s][info][gc,phases,start] GC(5) Phase 3: Adjust pointers
[57.980s][info][gc,phases      ] GC(5) Phase 3: Adjust pointers 5.793ms
[57.981s][info][gc,phases,start] GC(5) Phase 4: Move objects
[57.981s][info][gc,phases      ] GC(5) Phase 4: Move objects 0.016ms
[57.981s][info][gc,heap        ] GC(5) DefNew: 111846K->0K(629120K)
[57.981s][info][gc,heap        ] GC(5) Tenured: 3004K->3004K(1398144K)
[57.981s][info][gc,metaspace   ] GC(5) Metaspace: 12689K(13184K)->12689K(13184K) NonClass: 11473K(11776K)->11473K(11776K) Class: 1216K(1408K)->1216K(1408K)
[57.981s][info][gc             ] GC(5) Pause Full (System.gc()) 112M->2M(1979M) 28.563ms
[57.981s][info][gc,cpu         ] GC(5) User=0.03s Sys=0.00s Real=0.03s
[66.577s][info][gc,start       ] GC(6) Pause Full (System.gc())
[66.577s][info][gc,phases,start] GC(6) Phase 1: Mark live objects
[66.581s][info][gc,phases      ] GC(6) Phase 1: Mark live objects 3.579ms
[66.581s][info][gc,phases,start] GC(6) Phase 2: Compute new object addresses
[66.592s][info][gc,phases      ] GC(6) Phase 2: Compute new object addresses 10.952ms
[66.592s][info][gc,phases,start] GC(6) Phase 3: Adjust pointers
[66.595s][info][gc,phases      ] GC(6) Phase 3: Adjust pointers 2.790ms
[66.595s][info][gc,phases,start] GC(6) Phase 4: Move objects
[66.595s][info][gc,phases      ] GC(6) Phase 4: Move objects 0.009ms
[66.595s][info][gc,heap        ] GC(6) DefNew: 111846K->0K(629120K)
[66.595s][info][gc,heap        ] GC(6) Tenured: 3004K->3005K(1398144K)
[66.595s][info][gc,metaspace   ] GC(6) Metaspace: 12697K(13184K)->12697K(13184K) NonClass: 11480K(11776K)->11480K(11776K) Class: 1216K(1408K)->1216K(1408K)
[66.595s][info][gc             ] GC(6) Pause Full (System.gc()) 112M->2M(1979M) 17.602ms
[66.595s][info][gc,cpu         ] GC(6) User=0.02s Sys=0.00s Real=0.02s
[73.874s][info][gc,start       ] GC(7) Pause Full (System.gc())
[73.874s][info][gc,phases,start] GC(7) Phase 1: Mark live objects
[73.878s][info][gc,phases      ] GC(7) Phase 1: Mark live objects 3.965ms
[73.878s][info][gc,phases,start] GC(7) Phase 2: Compute new object addresses
[73.889s][info][gc,phases      ] GC(7) Phase 2: Compute new object addresses 10.859ms
[73.889s][info][gc,phases,start] GC(7) Phase 3: Adjust pointers
[73.892s][info][gc,phases      ] GC(7) Phase 3: Adjust pointers 2.721ms
[73.892s][info][gc,phases,start] GC(7) Phase 4: Move objects
[73.892s][info][gc,phases      ] GC(7) Phase 4: Move objects 0.010ms
[73.892s][info][gc,heap        ] GC(7) DefNew: 111846K->0K(629120K)
[73.892s][info][gc,heap        ] GC(7) Tenured: 3005K->3004K(1398144K)
[73.892s][info][gc,metaspace   ] GC(7) Metaspace: 12699K(13184K)->12699K(13184K) NonClass: 11482K(11776K)->11482K(11776K) Class: 1216K(1408K)->1216K(1408K)
[73.892s][info][gc             ] GC(7) Pause Full (System.gc()) 112M->2M(1979M) 17.903ms
[73.892s][info][gc,cpu         ] GC(7) User=0.02s Sys=0.00s Real=0.03s
[81.185s][info][gc,start       ] GC(8) Pause Full (System.gc())
[81.185s][info][gc,phases,start] GC(8) Phase 1: Mark live objects
[81.189s][info][gc,phases      ] GC(8) Phase 1: Mark live objects 3.713ms
[81.189s][info][gc,phases,start] GC(8) Phase 2: Compute new object addresses
[81.200s][info][gc,phases      ] GC(8) Phase 2: Compute new object addresses 11.248ms
[81.200s][info][gc,phases,start] GC(8) Phase 3: Adjust pointers
[81.203s][info][gc,phases      ] GC(8) Phase 3: Adjust pointers 2.720ms
[81.203s][info][gc,phases,start] GC(8) Phase 4: Move objects
[81.203s][info][gc,phases      ] GC(8) Phase 4: Move objects 0.010ms
[81.203s][info][gc,heap        ] GC(8) DefNew: 123031K->0K(629120K)
[81.203s][info][gc,heap        ] GC(8) Tenured: 3004K->3006K(1398144K)
[81.203s][info][gc,metaspace   ] GC(8) Metaspace: 12709K(13184K)->12709K(13184K) NonClass: 11492K(11776K)->11492K(11776K) Class: 1217K(1408K)->1217K(1408K)
[81.203s][info][gc             ] GC(8) Pause Full (System.gc()) 123M->2M(1979M) 17.977ms
[81.203s][info][gc,cpu         ] GC(8) User=0.02s Sys=0.00s Real=0.02s
[88.458s][info][gc,start       ] GC(9) Pause Full (System.gc())
[88.458s][info][gc,phases,start] GC(9) Phase 1: Mark live objects
[88.462s][info][gc,phases      ] GC(9) Phase 1: Mark live objects 4.064ms
[88.462s][info][gc,phases,start] GC(9) Phase 2: Compute new object addresses
[88.473s][info][gc,phases      ] GC(9) Phase 2: Compute new object addresses 11.169ms
[88.473s][info][gc,phases,start] GC(9) Phase 3: Adjust pointers
[88.476s][info][gc,phases      ] GC(9) Phase 3: Adjust pointers 2.975ms
[88.476s][info][gc,phases,start] GC(9) Phase 4: Move objects
[88.476s][info][gc,phases      ] GC(9) Phase 4: Move objects 0.009ms
[88.476s][info][gc,heap        ] GC(9) DefNew: 111846K->0K(629120K)
[88.476s][info][gc,heap        ] GC(9) Tenured: 3006K->3006K(1398144K)
[88.476s][info][gc,metaspace   ] GC(9) Metaspace: 12718K(13184K)->12718K(13184K) NonClass: 11501K(11776K)->11501K(11776K) Class: 1217K(1408K)->1217K(1408K)
[88.476s][info][gc             ] GC(9) Pause Full (System.gc()) 112M->2M(1979M) 18.499ms
[88.476s][info][gc,cpu         ] GC(9) User=0.02s Sys=0.00s Real=0.01s
[95.707s][info][gc,heap,exit   ] Heap
[95.707s][info][gc,heap,exit   ]  def new generation   total 629120K, used 111846K [0x0000000080000000, 0x00000000aaaa0000, 0x00000000aaaa0000)
[95.707s][info][gc,heap,exit   ]   eden space 559232K,  20% used [0x0000000080000000, 0x0000000086d39a80, 0x00000000a2220000)
[95.707s][info][gc,heap,exit   ]   from space 69888K,   0% used [0x00000000a2220000, 0x00000000a2220000, 0x00000000a6660000)
[95.707s][info][gc,heap,exit   ]   to   space 69888K,   0% used [0x00000000a6660000, 0x00000000a6660000, 0x00000000aaaa0000)
[95.707s][info][gc,heap,exit   ]  tenured generation   total 1398144K, used 3006K [0x00000000aaaa0000, 0x0000000100000000, 0x0000000100000000)
[95.707s][info][gc,heap,exit   ]    the space 1398144K,   0% used [0x00000000aaaa0000, 0x00000000aad8faa8, 0x00000000aad8fc00, 0x0000000100000000)
[95.707s][info][gc,heap,exit   ]  Metaspace       used 12734K, capacity 12978K, committed 13184K, reserved 1060864K
[95.707s][info][gc,heap,exit   ]   class space    used 1218K, capacity 1288K, committed 1408K, reserved 1048576K
