OpenJDK 64-Bit Server VM (25.422-b05) for windows-amd64 JRE (1.8.0_422-422-b05), built on Jul 18 2024 05:34:18 by "Administrator" with MS VC++ 16.10 / 16.11 (VS2019)
Memory: 4k page, physical 15965620k(10906512k free), swap 19635636k(12328384k free)
CommandLine flags: -XX:InitialHeapSize=1073741824 -XX:MaxHeapSize=1073741824 -XX:+PrintGC -XX:+PrintGCApplicationConcurrentTime -XX:+PrintGCApplicationStoppedTime -XX:+PrintGCDateStamps -XX:+PrintGCDetails -XX:+PrintGCTimeStamps -XX:+UnlockExperimentalVMOptions -XX:+UseCompressedClassPointers -XX:+UseCompressedOops -XX:-UseLargePagesIndividualAllocation -XX:+UseParallelGC -XX:+UseParallelOldGC 
2024-10-04T19:32:14.992+0300: 0.084: Application time: 0.0250585 seconds
2024-10-04T19:32:14.992+0300: 0.084: Total time for which application threads were stopped: 0.0000912 seconds, Stopping threads took: 0.0000252 seconds
2024-10-04T19:32:15.008+0300: 0.095: Application time: 0.0108671 seconds
2024-10-04T19:32:15.008+0300: 0.095: Total time for which application threads were stopped: 0.0001196 seconds, Stopping threads took: 0.0000363 seconds
2024-10-04T19:32:15.211+0300: 0.305: Application time: 0.2107066 seconds
2024-10-04T19:32:15.211+0300: 0.306: [GC (System.gc()) [PSYoungGen: 31457K->3854K(305664K)] 31457K->3862K(1005056K), 0.0044713 secs] [Times: user=0.01 sys=0.00, real=0.00 secs] 
2024-10-04T19:32:15.211+0300: 0.310: [Full GC (System.gc()) [PSYoungGen: 3854K->0K(305664K)] [ParOldGen: 8K->3704K(699392K)] 3862K->3704K(1005056K), [Metaspace: 7064K->7064K(1056768K)], 0.0128588 secs] [Times: user=0.03 sys=0.00, real=0.02 secs] 
2024-10-04T19:32:15.227+0300: 0.323: Total time for which application threads were stopped: 0.0178414 seconds, Stopping threads took: 0.0000615 seconds
2024-10-04T19:32:15.227+0300: 0.323: Application time: 0.0001279 seconds
2024-10-04T19:32:15.227+0300: 0.323: [GC (System.gc()) [PSYoungGen: 0K->0K(305664K)] 3704K->3704K(1005056K), 0.0006061 secs] [Times: user=0.00 sys=0.00, real=0.00 secs] 
2024-10-04T19:32:15.227+0300: 0.324: [Full GC (System.gc()) [PSYoungGen: 0K->0K(305664K)] [ParOldGen: 3704K->3704K(699392K)] 3704K->3704K(1005056K), [Metaspace: 7064K->7064K(1056768K)], 0.0068058 secs] [Times: user=0.02 sys=0.00, real=0.02 secs] 
2024-10-04T19:32:15.243+0300: 0.331: Total time for which application threads were stopped: 0.0078335 seconds, Stopping threads took: 0.0000593 seconds
2024-10-04T19:32:16.247+0300: 1.331: Application time: 0.9999116 seconds
2024-10-04T19:32:16.247+0300: 1.331: Total time for which application threads were stopped: 0.0002946 seconds, Stopping threads took: 0.0001861 seconds
2024-10-04T19:32:16.828+0300: 1.913: Application time: 0.5814145 seconds
2024-10-04T19:32:16.828+0300: 1.913: [GC (Allocation Failure) [PSYoungGen: 262144K->779K(305664K)] 265848K->4491K(1005056K), 0.0010780 secs] [Times: user=0.02 sys=0.00, real=0.00 secs] 
2024-10-04T19:32:16.828+0300: 1.914: Total time for which application threads were stopped: 0.0014011 seconds, Stopping threads took: 0.0001578 seconds
2024-10-04T19:32:17.802+0300: 2.889: Application time: 0.9750611 seconds
2024-10-04T19:32:17.802+0300: 2.889: [GC (Allocation Failure) [PSYoungGen: 262923K->736K(305664K)] 266635K->4456K(1005056K), 0.0008489 secs] [Times: user=0.00 sys=0.00, real=0.00 secs] 
2024-10-04T19:32:17.802+0300: 2.890: Total time for which application threads were stopped: 0.0011109 seconds, Stopping threads took: 0.0001233 seconds
2024-10-04T19:32:18.682+0300: 3.768: Application time: 0.8775387 seconds
2024-10-04T19:32:18.682+0300: 3.768: [GC (Allocation Failure) [PSYoungGen: 262880K->736K(305664K)] 266600K->4464K(1005056K), 0.0009149 secs] [Times: user=0.00 sys=0.00, real=0.00 secs] 
2024-10-04T19:32:18.682+0300: 3.769: Total time for which application threads were stopped: 0.0011652 seconds, Stopping threads took: 0.0001374 seconds
2024-10-04T19:32:19.027+0300: 4.111: Application time: 0.3419490 seconds
2024-10-04T19:32:19.027+0300: 4.111: Total time for which application threads were stopped: 0.0002960 seconds, Stopping threads took: 0.0001976 seconds
2024-10-04T19:32:19.560+0300: 4.654: Application time: 0.5424974 seconds
2024-10-04T19:32:19.560+0300: 4.654: [GC (Allocation Failure) [PSYoungGen: 262880K->752K(305664K)] 266608K->4480K(1005056K), 0.0008509 secs] [Times: user=0.00 sys=0.00, real=0.00 secs] 
2024-10-04T19:32:19.560+0300: 4.655: Total time for which application threads were stopped: 0.0011317 seconds, Stopping threads took: 0.0001288 seconds
2024-10-04T19:32:20.471+0300: 5.557: Application time: 0.9022233 seconds
2024-10-04T19:32:20.471+0300: 5.557: [GC (Allocation Failure) [PSYoungGen: 262896K->736K(305664K)] 266624K->4472K(1005056K), 0.0008607 secs] [Times: user=0.00 sys=0.00, real=0.00 secs] 
2024-10-04T19:32:20.471+0300: 5.558: Total time for which application threads were stopped: 0.0011814 seconds, Stopping threads took: 0.0001734 seconds
2024-10-04T19:32:21.350+0300: 6.435: Application time: 0.8770098 seconds
2024-10-04T19:32:21.350+0300: 6.436: [GC (Allocation Failure) [PSYoungGen: 262880K->720K(346112K)] 266616K->4456K(1045504K), 0.0007795 secs] [Times: user=0.00 sys=0.00, real=0.00 secs] 
2024-10-04T19:32:21.350+0300: 6.436: Total time for which application threads were stopped: 0.0010541 seconds, Stopping threads took: 0.0001651 seconds
2024-10-04T19:32:22.495+0300: 7.591: Application time: 1.1543803 seconds
2024-10-04T19:32:22.495+0300: 7.591: [GC (Allocation Failure) [PSYoungGen: 343760K->416K(346112K)] 347496K->4520K(1045504K), 0.0009416 secs] [Times: user=0.00 sys=0.00, real=0.00 secs] 
2024-10-04T19:32:22.495+0300: 7.592: Total time for which application threads were stopped: 0.0012026 seconds, Stopping threads took: 0.0001475 seconds
2024-10-04T19:32:23.641+0300: 8.739: Application time: 1.1473121 seconds
2024-10-04T19:32:23.641+0300: 8.740: [GC (Allocation Failure) [PSYoungGen: 343456K->352K(346112K)] 347560K->4488K(1045504K), 0.0007591 secs] [Times: user=0.00 sys=0.00, real=0.01 secs] 
2024-10-04T19:32:23.656+0300: 8.740: Total time for which application threads were stopped: 0.0010609 seconds, Stopping threads took: 0.0001732 seconds
2024-10-04T19:32:24.660+0300: 9.744: Application time: 1.0034777 seconds
2024-10-04T19:32:24.660+0300: 9.744: Total time for which application threads were stopped: 0.0002438 seconds, Stopping threads took: 0.0001818 seconds
2024-10-04T19:32:24.817+0300: 9.910: Application time: 0.1659780 seconds
2024-10-04T19:32:24.817+0300: 9.910: [GC (Allocation Failure) [PSYoungGen: 343392K->368K(346112K)] 347528K->4520K(1045504K), 0.0006042 secs] [Times: user=0.00 sys=0.00, real=0.00 secs] 
2024-10-04T19:32:24.817+0300: 9.911: Total time for which application threads were stopped: 0.0008865 seconds, Stopping threads took: 0.0001569 seconds
2024-10-04T19:32:25.822+0300: 10.906: Application time: 0.9948966 seconds
2024-10-04T19:32:25.822+0300: 10.906: Total time for which application threads were stopped: 0.0002328 seconds, Stopping threads took: 0.0001827 seconds
2024-10-04T19:32:26.042+0300: 11.128: Application time: 0.2219188 seconds
2024-10-04T19:32:26.042+0300: 11.128: [GC (Allocation Failure) [PSYoungGen: 343408K->400K(346624K)] 347560K->4584K(1046016K), 0.0006335 secs] [Times: user=0.00 sys=0.00, real=0.00 secs] 
2024-10-04T19:32:26.042+0300: 11.129: Total time for which application threads were stopped: 0.0010698 seconds, Stopping threads took: 0.0002938 seconds
2024-10-04T19:32:27.046+0300: 12.130: Application time: 1.0007596 seconds
2024-10-04T19:32:27.046+0300: 12.130: Total time for which application threads were stopped: 0.0002393 seconds, Stopping threads took: 0.0001755 seconds
2024-10-04T19:32:27.203+0300: 12.288: Application time: 0.1581136 seconds
2024-10-04T19:32:27.203+0300: 12.289: [GC (Allocation Failure) [PSYoungGen: 343952K->384K(346112K)] 348136K->4592K(1045504K), 0.0006378 secs] [Times: user=0.00 sys=0.00, real=0.00 secs] 
2024-10-04T19:32:27.203+0300: 12.289: Total time for which application threads were stopped: 0.0010076 seconds, Stopping threads took: 0.0002448 seconds
2024-10-04T19:32:28.207+0300: 13.291: Application time: 1.0019696 seconds
2024-10-04T19:32:28.207+0300: 13.292: Total time for which application threads were stopped: 0.0002975 seconds, Stopping threads took: 0.0002059 seconds
2024-10-04T19:32:28.349+0300: 13.444: Application time: 0.1527026 seconds
2024-10-04T19:32:28.349+0300: 13.445: [GC (Allocation Failure) [PSYoungGen: 343936K->384K(346624K)] 348144K->4608K(1046016K), 0.0008104 secs] [Times: user=0.00 sys=0.00, real=0.00 secs] 
2024-10-04T19:32:28.349+0300: 13.445: Total time for which application threads were stopped: 0.0011557 seconds, Stopping threads took: 0.0002065 seconds
2024-10-04T19:32:29.525+0300: 14.610: Application time: 1.1642457 seconds
2024-10-04T19:32:29.525+0300: 14.610: [GC (Allocation Failure) [PSYoungGen: 344448K->368K(346624K)] 348672K->4600K(1046016K), 0.0006269 secs] [Times: user=0.00 sys=0.00, real=0.00 secs] 
2024-10-04T19:32:29.525+0300: 14.611: Total time for which application threads were stopped: 0.0009211 seconds, Stopping threads took: 0.0001482 seconds
2024-10-04T19:32:30.670+0300: 15.763: Application time: 1.1525475 seconds
2024-10-04T19:32:30.670+0300: 15.763: [GC (Allocation Failure) [PSYoungGen: 344432K->384K(346624K)] 348664K->4640K(1046016K), 0.0006814 secs] [Times: user=0.00 sys=0.00, real=0.00 secs] 
2024-10-04T19:32:30.670+0300: 15.764: Total time for which application threads were stopped: 0.0009485 seconds, Stopping threads took: 0.0001492 seconds
2024-10-04T19:32:31.220+0300: 16.310: Application time: 0.5457438 seconds
2024-10-04T19:32:31.220+0300: 16.310: Total time for which application threads were stopped: 0.0003577 seconds, Stopping threads took: 0.0003150 seconds
2024-10-04T19:32:31.909+0300: 17.003: Application time: 0.6924598 seconds
2024-10-04T19:32:31.909+0300: 17.003: [GC (Allocation Failure) [PSYoungGen: 344448K->384K(346624K)] 348704K->4672K(1046016K), 0.0007421 secs] [Times: user=0.00 sys=0.00, real=0.00 secs] 
2024-10-04T19:32:31.909+0300: 17.004: Total time for which application threads were stopped: 0.0010566 seconds, Stopping threads took: 0.0001648 seconds
2024-10-04T19:32:32.914+0300: 17.998: Application time: 0.9941019 seconds
2024-10-04T19:32:32.914+0300: 17.998: Total time for which application threads were stopped: 0.0002425 seconds, Stopping threads took: 0.0001902 seconds
2024-10-04T19:32:33.071+0300: 18.162: Application time: 0.1643228 seconds
2024-10-04T19:32:33.071+0300: 18.163: [GC (Allocation Failure) [PSYoungGen: 344448K->384K(347136K)] 348736K->4720K(1046528K), 0.0006908 secs] [Times: user=0.00 sys=0.00, real=0.00 secs] 
2024-10-04T19:32:33.071+0300: 18.163: Total time for which application threads were stopped: 0.0010103 seconds, Stopping threads took: 0.0001819 seconds
2024-10-04T19:32:34.233+0300: 19.322: Application time: 1.1589300 seconds
2024-10-04T19:32:34.233+0300: 19.323: [GC (Allocation Failure) [PSYoungGen: 345472K->384K(347136K)] 349808K->4736K(1046528K), 0.0006297 secs] [Times: user=0.00 sys=0.00, real=0.00 secs] 
2024-10-04T19:32:34.233+0300: 19.323: Total time for which application threads were stopped: 0.0009286 seconds, Stopping threads took: 0.0001724 seconds
2024-10-04T19:32:35.395+0300: 20.480: Application time: 1.1569351 seconds
2024-10-04T19:32:35.395+0300: 20.480: [GC (Allocation Failure) [PSYoungGen: 345472K->416K(347136K)] 349824K->4776K(1046528K), 0.0006676 secs] [Times: user=0.00 sys=0.00, real=0.00 secs] 
2024-10-04T19:32:35.395+0300: 20.481: Total time for which application threads were stopped: 0.0009111 seconds, Stopping threads took: 0.0001337 seconds
2024-10-04T19:32:36.557+0300: 21.654: Application time: 1.1725851 seconds
2024-10-04T19:32:36.557+0300: 21.654: [GC (Allocation Failure) [PSYoungGen: 345504K->416K(347136K)] 349864K->4792K(1046528K), 0.0006604 secs] [Times: user=0.00 sys=0.00, real=0.00 secs] 
2024-10-04T19:32:36.557+0300: 21.655: Total time for which application threads were stopped: 0.0009686 seconds, Stopping threads took: 0.0001689 seconds
2024-10-04T19:32:37.718+0300: 22.815: Application time: 1.1600917 seconds
2024-10-04T19:32:37.718+0300: 22.815: [GC (Allocation Failure) [PSYoungGen: 345504K->384K(347136K)] 349880K->4776K(1046528K), 0.0006847 secs] [Times: user=0.00 sys=0.00, real=0.00 secs] 
2024-10-04T19:32:37.718+0300: 22.816: Total time for which application threads were stopped: 0.0009347 seconds, Stopping threads took: 0.0001110 seconds
2024-10-04T19:32:38.722+0300: 23.806: Application time: 0.9905465 seconds
2024-10-04T19:32:38.722+0300: 23.807: Total time for which application threads were stopped: 0.0002358 seconds, Stopping threads took: 0.0001898 seconds
2024-10-04T19:32:38.879+0300: 23.975: Application time: 0.1684500 seconds
2024-10-04T19:32:38.879+0300: 23.975: [GC (Allocation Failure) [PSYoungGen: 345472K->384K(347136K)] 349864K->4792K(1046528K), 0.0006465 secs] [Times: user=0.00 sys=0.00, real=0.00 secs] 
2024-10-04T19:32:38.879+0300: 23.976: Total time for which application threads were stopped: 0.0009492 seconds, Stopping threads took: 0.0001960 seconds
2024-10-04T19:32:39.883+0300: 24.967: Application time: 0.9909219 seconds
2024-10-04T19:32:39.883+0300: 24.967: Total time for which application threads were stopped: 0.0002573 seconds, Stopping threads took: 0.0001951 seconds
2024-10-04T19:32:40.040+0300: 25.136: Application time: 0.1691153 seconds
2024-10-04T19:32:40.040+0300: 25.136: [GC (Allocation Failure) [PSYoungGen: 345472K->368K(347648K)] 349880K->4792K(1047040K), 0.0006704 secs] [Times: user=0.00 sys=0.00, real=0.00 secs] 
2024-10-04T19:32:40.040+0300: 25.137: Total time for which application threads were stopped: 0.0009462 seconds, Stopping threads took: 0.0001629 seconds
2024-10-04T19:32:41.045+0300: 26.129: Application time: 0.9914930 seconds
2024-10-04T19:32:41.045+0300: 26.129: Total time for which application threads were stopped: 0.0002453 seconds, Stopping threads took: 0.0001898 seconds
2024-10-04T19:32:41.214+0300: 26.299: Application time: 0.1705329 seconds
2024-10-04T19:32:41.214+0300: 26.300: [GC (Allocation Failure) [PSYoungGen: 346480K->368K(347648K)] 350904K->4808K(1047040K), 0.0006530 secs] [Times: user=0.00 sys=0.00, real=0.00 secs] 
2024-10-04T19:32:41.214+0300: 26.300: Total time for which application threads were stopped: 0.0009183 seconds, Stopping threads took: 0.0001491 seconds
2024-10-04T19:32:42.364+0300: 27.453: Application time: 1.1529739 seconds
2024-10-04T19:32:42.364+0300: 27.454: [GC (Allocation Failure) [PSYoungGen: 346480K->384K(347648K)] 350920K->4840K(1047040K), 0.0006197 secs] [Times: user=0.00 sys=0.00, real=0.00 secs] 
2024-10-04T19:32:42.364+0300: 27.454: Total time for which application threads were stopped: 0.0008697 seconds, Stopping threads took: 0.0001415 seconds
2024-10-04T19:32:43.525+0300: 28.624: Application time: 1.1701526 seconds
2024-10-04T19:32:43.525+0300: 28.625: [GC (Allocation Failure) [PSYoungGen: 346496K->400K(347648K)] 350952K->4864K(1047040K), 0.0006089 secs] [Times: user=0.00 sys=0.00, real=0.02 secs] 
2024-10-04T19:32:43.541+0300: 28.625: Total time for which application threads were stopped: 0.0009055 seconds, Stopping threads took: 0.0001810 seconds
2024-10-04T19:32:44.702+0300: 29.787: Application time: 1.1617908 seconds
2024-10-04T19:32:44.702+0300: 29.787: [GC (Allocation Failure) [PSYoungGen: 346512K->368K(347648K)] 350976K->4848K(1047040K), 0.0006768 secs] [Times: user=0.00 sys=0.00, real=0.00 secs] 
2024-10-04T19:32:44.702+0300: 29.788: Total time for which application threads were stopped: 0.0009853 seconds, Stopping threads took: 0.0001588 seconds
2024-10-04T19:32:45.706+0300: 30.790: Application time: 1.0020518 seconds
2024-10-04T19:32:45.706+0300: 30.790: Total time for which application threads were stopped: 0.0002782 seconds, Stopping threads took: 0.0002143 seconds
2024-10-04T19:32:45.848+0300: 30.945: Application time: 0.1545856 seconds
2024-10-04T19:32:45.848+0300: 30.945: [GC (Allocation Failure) [PSYoungGen: 346480K->384K(347648K)] 350960K->4880K(1047040K), 0.0006211 secs] [Times: user=0.00 sys=0.00, real=0.00 secs] 
2024-10-04T19:32:45.848+0300: 30.946: Total time for which application threads were stopped: 0.0009336 seconds, Stopping threads took: 0.0001830 seconds
2024-10-04T19:32:47.013+0300: 32.106: Application time: 1.1605017 seconds
2024-10-04T19:32:47.013+0300: 32.107: [GC (Allocation Failure) [PSYoungGen: 346496K->400K(347648K)] 350992K->4912K(1047040K), 0.0006670 secs] [Times: user=0.00 sys=0.00, real=0.00 secs] 
2024-10-04T19:32:47.013+0300: 32.107: Total time for which application threads were stopped: 0.0009639 seconds, Stopping threads took: 0.0001688 seconds
2024-10-04T19:32:48.170+0300: 33.267: Application time: 1.1598208 seconds
2024-10-04T19:32:48.170+0300: 33.267: [GC (Allocation Failure) [PSYoungGen: 346512K->384K(347648K)] 351024K->4928K(1047040K), 0.0006764 secs] [Times: user=0.00 sys=0.00, real=0.00 secs] 
2024-10-04T19:32:48.170+0300: 33.268: Total time for which application threads were stopped: 0.0009475 seconds, Stopping threads took: 0.0001283 seconds
2024-10-04T19:32:49.332+0300: 34.426: Application time: 1.1581666 seconds
2024-10-04T19:32:49.332+0300: 34.427: [GC (Allocation Failure) [PSYoungGen: 346496K->368K(348160K)] 351040K->4920K(1047552K), 0.0006337 secs] [Times: user=0.00 sys=0.00, real=0.00 secs] 
2024-10-04T19:32:49.332+0300: 34.427: Total time for which application threads were stopped: 0.0008991 seconds, Stopping threads took: 0.0001581 seconds
2024-10-04T19:32:50.510+0300: 35.596: Application time: 1.1684384 seconds
2024-10-04T19:32:50.510+0300: 35.596: [GC (Allocation Failure) [PSYoungGen: 347504K->384K(348160K)] 352056K->4960K(1047552K), 0.0006193 secs] [Times: user=0.00 sys=0.00, real=0.00 secs] 
2024-10-04T19:32:50.510+0300: 35.597: Total time for which application threads were stopped: 0.0009025 seconds, Stopping threads took: 0.0001488 seconds
2024-10-04T19:32:51.655+0300: 36.754: Application time: 1.1576221 seconds
2024-10-04T19:32:51.655+0300: 36.754: [GC (Allocation Failure) [PSYoungGen: 347520K->368K(348160K)] 352096K->4952K(1047552K), 0.0005991 secs] [Times: user=0.00 sys=0.00, real=0.02 secs] 
2024-10-04T19:32:51.671+0300: 36.755: Total time for which application threads were stopped: 0.0009297 seconds, Stopping threads took: 0.0001988 seconds
2024-10-04T19:32:52.817+0300: 37.914: Application time: 1.1592485 seconds
2024-10-04T19:32:52.817+0300: 37.915: [GC (Allocation Failure) [PSYoungGen: 347504K->384K(348160K)] 352088K->4984K(1047552K), 0.0006440 secs] [Times: user=0.00 sys=0.00, real=0.00 secs] 
2024-10-04T19:32:52.817+0300: 37.915: Total time for which application threads were stopped: 0.0009722 seconds, Stopping threads took: 0.0002142 seconds
2024-10-04T19:32:54.058+0300: 39.146: Application time: 1.2309659 seconds
2024-10-04T19:32:54.058+0300: 39.147: [GC (Allocation Failure) [PSYoungGen: 347520K->368K(348160K)] 352120K->4984K(1047552K), 0.0006759 secs] [Times: user=0.00 sys=0.00, real=0.00 secs] 
2024-10-04T19:32:54.058+0300: 39.147: Total time for which application threads were stopped: 0.0009598 seconds, Stopping threads took: 0.0001429 seconds
2024-10-04T19:32:55.313+0300: 40.403: Application time: 1.2559136 seconds
2024-10-04T19:32:55.313+0300: 40.403: [GC (Allocation Failure) [PSYoungGen: 347504K->352K(348160K)] 352120K->4976K(1047552K), 0.0006324 secs] [Times: user=0.00 sys=0.00, real=0.00 secs] 
2024-10-04T19:32:55.313+0300: 40.404: Total time for which application threads were stopped: 0.0008756 seconds, Stopping threads took: 0.0001265 seconds
2024-10-04T19:32:56.618+0300: 41.702: Application time: 1.2982508 seconds
2024-10-04T19:32:56.618+0300: 41.703: [GC (Allocation Failure) [PSYoungGen: 347488K->400K(348160K)] 352112K->5032K(1047552K), 0.0024437 secs] [Times: user=0.00 sys=0.00, real=0.00 secs] 
2024-10-04T19:32:56.620+0300: 41.705: Total time for which application threads were stopped: 0.0028088 seconds, Stopping threads took: 0.0002297 seconds
2024-10-04T19:32:57.916+0300: 43.007: Application time: 1.3018595 seconds
2024-10-04T19:32:57.916+0300: 43.007: [GC (Allocation Failure) [PSYoungGen: 347536K->368K(348160K)] 352168K->5016K(1047552K), 0.0007114 secs] [Times: user=0.00 sys=0.00, real=0.00 secs] 
2024-10-04T19:32:57.916+0300: 43.008: Total time for which application threads were stopped: 0.0010875 seconds, Stopping threads took: 0.0002239 seconds
2024-10-04T19:32:59.172+0300: 44.257: Application time: 1.2486128 seconds
2024-10-04T19:32:59.172+0300: 44.257: [GC (Allocation Failure) [PSYoungGen: 347504K->352K(348160K)] 352152K->5016K(1047552K), 0.0006581 secs] [Times: user=0.00 sys=0.00, real=0.00 secs] 
2024-10-04T19:32:59.172+0300: 44.258: Total time for which application threads were stopped: 0.0009386 seconds, Stopping threads took: 0.0001408 seconds
2024-10-04T19:33:00.445+0300: 45.540: Application time: 1.2820909 seconds
2024-10-04T19:33:00.445+0300: 45.540: [GC (Allocation Failure) [PSYoungGen: 347488K->384K(348160K)] 352152K->5064K(1047552K), 0.0007691 secs] [Times: user=0.00 sys=0.00, real=0.00 secs] 
2024-10-04T19:33:00.445+0300: 45.541: Total time for which application threads were stopped: 0.0010353 seconds, Stopping threads took: 0.0001425 seconds
2024-10-04T19:33:01.449+0300: 46.533: Application time: 0.9920151 seconds
2024-10-04T19:33:01.449+0300: 46.533: Total time for which application threads were stopped: 0.0002343 seconds, Stopping threads took: 0.0001750 seconds
2024-10-04T19:33:01.699+0300: 46.798: Application time: 0.2650905 seconds
2024-10-04T19:33:01.699+0300: 46.798: [GC (Allocation Failure) [PSYoungGen: 347520K->352K(348160K)] 352200K->5064K(1047552K), 0.0010202 secs] [Times: user=0.02 sys=0.00, real=0.02 secs] 
2024-10-04T19:33:01.715+0300: 46.799: Total time for which application threads were stopped: 0.0013284 seconds, Stopping threads took: 0.0001786 seconds
2024-10-04T19:33:02.956+0300: 48.042: Application time: 1.2426767 seconds
2024-10-04T19:33:02.956+0300: 48.042: [GC (Allocation Failure) [PSYoungGen: 347488K->384K(348160K)] 352200K->5104K(1047552K), 0.0006548 secs] [Times: user=0.00 sys=0.00, real=0.00 secs] 
2024-10-04T19:33:02.956+0300: 48.043: Total time for which application threads were stopped: 0.0009484 seconds, Stopping threads took: 0.0001583 seconds
2024-10-04T19:33:04.211+0300: 49.296: Application time: 1.2525355 seconds
2024-10-04T19:33:04.211+0300: 49.296: [GC (Allocation Failure) [PSYoungGen: 347520K->384K(348160K)] 352240K->5120K(1047552K), 0.0006514 secs] [Times: user=0.00 sys=0.00, real=0.00 secs] 
2024-10-04T19:33:04.211+0300: 49.297: Total time for which application threads were stopped: 0.0008939 seconds, Stopping threads took: 0.0001394 seconds
2024-10-04T19:33:05.452+0300: 50.548: Application time: 1.2513063 seconds
2024-10-04T19:33:05.452+0300: 50.548: [GC (Allocation Failure) [PSYoungGen: 347520K->432K(348160K)] 352256K->5176K(1047552K), 0.0006990 secs] [Times: user=0.00 sys=0.00, real=0.00 secs] 
2024-10-04T19:33:05.452+0300: 50.549: Total time for which application threads were stopped: 0.0010014 seconds, Stopping threads took: 0.0001542 seconds
2024-10-04T19:33:06.708+0300: 51.794: Application time: 1.2455645 seconds
2024-10-04T19:33:06.708+0300: 51.795: [GC (Allocation Failure) [PSYoungGen: 347568K->416K(348160K)] 352312K->5168K(1047552K), 0.0009975 secs] [Times: user=0.00 sys=0.00, real=0.00 secs] 
2024-10-04T19:33:06.708+0300: 51.796: Total time for which application threads were stopped: 0.0013023 seconds, Stopping threads took: 0.0001642 seconds
2024-10-04T19:33:07.949+0300: 53.032: Application time: 1.2366642 seconds
2024-10-04T19:33:07.949+0300: 53.033: [GC (Allocation Failure) [PSYoungGen: 347552K->368K(348160K)] 352304K->5128K(1047552K), 0.0007397 secs] [Times: user=0.00 sys=0.00, real=0.00 secs] 
2024-10-04T19:33:07.949+0300: 53.033: Total time for which application threads were stopped: 0.0010320 seconds, Stopping threads took: 0.0001344 seconds
2024-10-04T19:33:09.189+0300: 54.279: Application time: 1.2457608 seconds
2024-10-04T19:33:09.189+0300: 54.279: [GC (Allocation Failure) [PSYoungGen: 347504K->368K(348160K)] 352264K->5152K(1047552K), 0.0006924 secs] [Times: user=0.00 sys=0.00, real=0.00 secs] 
2024-10-04T19:33:09.189+0300: 54.280: Total time for which application threads were stopped: 0.0009896 seconds, Stopping threads took: 0.0001533 seconds
2024-10-04T19:33:10.429+0300: 55.524: Application time: 1.2437988 seconds
2024-10-04T19:33:10.429+0300: 55.524: [GC (Allocation Failure) [PSYoungGen: 347504K->368K(348160K)] 352288K->5160K(1047552K), 0.0007127 secs] [Times: user=0.00 sys=0.00, real=0.00 secs] 
2024-10-04T19:33:10.429+0300: 55.525: Total time for which application threads were stopped: 0.0012718 seconds, Stopping threads took: 0.0004232 seconds
2024-10-04T19:33:11.684+0300: 56.775: Application time: 1.2500041 seconds
2024-10-04T19:33:11.684+0300: 56.776: [GC (Allocation Failure) [PSYoungGen: 347504K->352K(348160K)] 352296K->5168K(1047552K), 0.0006774 secs] [Times: user=0.00 sys=0.00, real=0.00 secs] 
2024-10-04T19:33:11.684+0300: 56.776: Total time for which application threads were stopped: 0.0009848 seconds, Stopping threads took: 0.0001899 seconds
2024-10-04T19:33:12.923+0300: 58.012: Application time: 1.2356336 seconds
2024-10-04T19:33:12.923+0300: 58.012: [GC (Allocation Failure) [PSYoungGen: 347488K->384K(348160K)] 352304K->5216K(1047552K), 0.0006604 secs] [Times: user=0.00 sys=0.00, real=0.00 secs] 
2024-10-04T19:33:12.923+0300: 58.013: Total time for which application threads were stopped: 0.0009667 seconds, Stopping threads took: 0.0001617 seconds
2024-10-04T19:33:14.166+0300: 59.250: Application time: 1.2369012 seconds
2024-10-04T19:33:14.166+0300: 59.250: [GC (Allocation Failure) [PSYoungGen: 347520K->384K(348672K)] 352352K->5224K(1048064K), 0.0006719 secs] [Times: user=0.00 sys=0.00, real=0.00 secs] 
2024-10-04T19:33:14.166+0300: 59.251: Total time for which application threads were stopped: 0.0009960 seconds, Stopping threads took: 0.0001982 seconds
2024-10-04T19:33:15.404+0300: 60.496: Application time: 1.2447774 seconds
2024-10-04T19:33:15.404+0300: 60.496: [GC (Allocation Failure) [PSYoungGen: 348032K->384K(348160K)] 352872K->5240K(1047552K), 0.0007819 secs] [Times: user=0.00 sys=0.00, real=0.00 secs] 
2024-10-04T19:33:15.404+0300: 60.497: Total time for which application threads were stopped: 0.0010829 seconds, Stopping threads took: 0.0001813 seconds
2024-10-04T19:33:16.661+0300: 61.750: Application time: 1.2535339 seconds
2024-10-04T19:33:16.661+0300: 61.750: [GC (Allocation Failure) [PSYoungGen: 348032K->368K(348672K)] 352888K->5240K(1048064K), 0.0006750 secs] [Times: user=0.00 sys=0.00, real=0.00 secs] 
2024-10-04T19:33:16.661+0300: 61.751: Total time for which application threads were stopped: 0.0009806 seconds, Stopping threads took: 0.0001763 seconds
2024-10-04T19:33:17.902+0300: 62.994: Application time: 1.2427024 seconds
2024-10-04T19:33:17.902+0300: 62.994: [GC (Allocation Failure) [PSYoungGen: 348528K->384K(348672K)] 353400K->5272K(1048064K), 0.0006604 secs] [Times: user=0.00 sys=0.00, real=0.00 secs] 
2024-10-04T19:33:17.902+0300: 62.995: Total time for which application threads were stopped: 0.0009487 seconds, Stopping threads took: 0.0001803 seconds
2024-10-04T19:33:19.156+0300: 64.240: Application time: 1.2450561 seconds
2024-10-04T19:33:19.156+0300: 64.240: [GC (Allocation Failure) [PSYoungGen: 348544K->368K(348672K)] 353432K->5272K(1048064K), 0.0006444 secs] [Times: user=0.00 sys=0.00, real=0.00 secs] 
2024-10-04T19:33:19.156+0300: 64.241: Total time for which application threads were stopped: 0.0009145 seconds, Stopping threads took: 0.0001528 seconds
2024-10-04T19:33:20.411+0300: 65.497: Application time: 1.2565682 seconds
2024-10-04T19:33:20.411+0300: 65.498: [GC (Allocation Failure) [PSYoungGen: 348528K->368K(348672K)] 353432K->5280K(1048064K), 0.0006343 secs] [Times: user=0.00 sys=0.00, real=0.00 secs] 
2024-10-04T19:33:20.411+0300: 65.498: Total time for which application threads were stopped: 0.0009210 seconds, Stopping threads took: 0.0001445 seconds
2024-10-04T19:33:21.666+0300: 66.751: Application time: 1.2528877 seconds
2024-10-04T19:33:21.666+0300: 66.751: [GC (Allocation Failure) [PSYoungGen: 348528K->384K(348672K)] 353440K->5312K(1048064K), 0.0006908 secs] [Times: user=0.00 sys=0.00, real=0.00 secs] 
2024-10-04T19:33:21.666+0300: 66.752: Total time for which application threads were stopped: 0.0009722 seconds, Stopping threads took: 0.0001563 seconds
2024-10-04T19:33:22.906+0300: 67.994: Application time: 1.2414064 seconds
2024-10-04T19:33:22.906+0300: 67.994: [GC (Allocation Failure) [PSYoungGen: 348544K->384K(348672K)] 353472K->5328K(1048064K), 0.0007225 secs] [Times: user=0.00 sys=0.00, real=0.00 secs] 
2024-10-04T19:33:22.906+0300: 67.995: Total time for which application threads were stopped: 0.0010111 seconds, Stopping threads took: 0.0001748 seconds
2024-10-04T19:33:24.145+0300: 69.235: Application time: 1.2406114 seconds
2024-10-04T19:33:24.145+0300: 69.235: [GC (Allocation Failure) [PSYoungGen: 348544K->384K(348672K)] 353488K->5344K(1048064K), 0.0006512 secs] [Times: user=0.00 sys=0.00, real=0.00 secs] 
2024-10-04T19:33:24.145+0300: 69.236: Total time for which application threads were stopped: 0.0009693 seconds, Stopping threads took: 0.0002155 seconds
2024-10-04T19:33:25.385+0300: 70.477: Application time: 1.2410908 seconds
2024-10-04T19:33:25.385+0300: 70.477: [GC (Allocation Failure) [PSYoungGen: 348544K->400K(348672K)] 353504K->5376K(1048064K), 0.0007290 secs] [Times: user=0.00 sys=0.00, real=0.00 secs] 
2024-10-04T19:33:25.385+0300: 70.478: Total time for which application threads were stopped: 0.0010199 seconds, Stopping threads took: 0.0001788 seconds
2024-10-04T19:33:26.641+0300: 71.728: Application time: 1.2496007 seconds
2024-10-04T19:33:26.641+0300: 71.728: [GC (Allocation Failure) [PSYoungGen: 348560K->400K(348672K)] 353536K->5392K(1048064K), 0.0052981 secs] [Times: user=0.00 sys=0.00, real=0.01 secs] 
2024-10-04T19:33:26.649+0300: 71.733: Total time for which application threads were stopped: 0.0056123 seconds, Stopping threads took: 0.0001365 seconds
2024-10-04T19:33:27.889+0300: 72.979: Application time: 1.2454496 seconds
2024-10-04T19:33:27.889+0300: 72.979: [GC (Allocation Failure) [PSYoungGen: 348560K->368K(348672K)] 353552K->5392K(1048064K), 0.0007265 secs] [Times: user=0.03 sys=0.00, real=0.01 secs] 
2024-10-04T19:33:27.896+0300: 72.980: Total time for which application threads were stopped: 0.0010902 seconds, Stopping threads took: 0.0002134 seconds
2024-10-04T19:33:29.137+0300: 74.227: Application time: 1.2472697 seconds
2024-10-04T19:33:29.137+0300: 74.228: [GC (Allocation Failure) [PSYoungGen: 348528K->400K(348672K)] 353552K->5432K(1048064K), 0.0006265 secs] [Times: user=0.00 sys=0.00, real=0.00 secs] 
2024-10-04T19:33:29.137+0300: 74.228: Total time for which application threads were stopped: 0.0008671 seconds, Stopping threads took: 0.0001348 seconds
2024-10-04T19:33:30.378+0300: 75.470: Application time: 1.2419444 seconds
2024-10-04T19:33:30.378+0300: 75.470: [GC (Allocation Failure) [PSYoungGen: 348560K->384K(348672K)] 353592K->5440K(1048064K), 0.0007066 secs] [Times: user=0.00 sys=0.00, real=0.00 secs] 
2024-10-04T19:33:30.378+0300: 75.471: Total time for which application threads were stopped: 0.0009999 seconds, Stopping threads took: 0.0001723 seconds
2024-10-04T19:33:31.633+0300: 76.732: Application time: 1.2604704 seconds
2024-10-04T19:33:31.633+0300: 76.732: [GC (Allocation Failure) [PSYoungGen: 348544K->432K(348672K)] 353600K->5512K(1048064K), 0.0007203 secs] [Times: user=0.00 sys=0.00, real=0.00 secs] 
2024-10-04T19:33:31.649+0300: 76.733: Total time for which application threads were stopped: 0.0010381 seconds, Stopping threads took: 0.0001929 seconds
2024-10-04T19:33:32.896+0300: 77.985: Application time: 1.2519597 seconds
2024-10-04T19:33:32.896+0300: 77.985: [GC (Allocation Failure) [PSYoungGen: 348592K->368K(348672K)] 353672K->5456K(1048064K), 0.0006887 secs] [Times: user=0.00 sys=0.00, real=0.00 secs] 
2024-10-04T19:33:32.896+0300: 77.986: Total time for which application threads were stopped: 0.0010030 seconds, Stopping threads took: 0.0001979 seconds
2024-10-04T19:33:34.144+0300: 79.230: Application time: 1.2444051 seconds
2024-10-04T19:33:34.144+0300: 79.230: [GC (Allocation Failure) [PSYoungGen: 348528K->416K(348672K)] 353616K->5520K(1048064K), 0.0006604 secs] [Times: user=0.00 sys=0.00, real=0.00 secs] 
2024-10-04T19:33:34.144+0300: 79.231: Total time for which application threads were stopped: 0.0009510 seconds, Stopping threads took: 0.0001810 seconds
2024-10-04T19:33:35.384+0300: 80.473: Application time: 1.2420152 seconds
2024-10-04T19:33:35.384+0300: 80.473: [GC (Allocation Failure) [PSYoungGen: 348576K->368K(348672K)] 353680K->5480K(1048064K), 0.0007793 secs] [Times: user=0.00 sys=0.00, real=0.00 secs] 
2024-10-04T19:33:35.384+0300: 80.474: Total time for which application threads were stopped: 0.0010410 seconds, Stopping threads took: 0.0001367 seconds
2024-10-04T19:33:36.639+0300: 81.724: Application time: 1.2503357 seconds
2024-10-04T19:33:36.639+0300: 81.725: [GC (Allocation Failure) [PSYoungGen: 348528K->384K(348672K)] 353640K->5528K(1048064K), 0.0006473 secs] [Times: user=0.00 sys=0.00, real=0.00 secs] 
2024-10-04T19:33:36.639+0300: 81.725: Total time for which application threads were stopped: 0.0008882 seconds, Stopping threads took: 0.0001331 seconds
2024-10-04T19:33:37.878+0300: 82.970: Application time: 1.2443044 seconds
2024-10-04T19:33:37.878+0300: 82.970: [GC (Allocation Failure) [PSYoungGen: 348544K->368K(348672K)] 353688K->5528K(1048064K), 0.0007475 secs] [Times: user=0.00 sys=0.00, real=0.00 secs] 
2024-10-04T19:33:37.878+0300: 82.971: Total time for which application threads were stopped: 0.0010148 seconds, Stopping threads took: 0.0001584 seconds
2024-10-04T19:33:39.134+0300: 84.231: Application time: 1.2606276 seconds
2024-10-04T19:33:39.134+0300: 84.231: [GC (Allocation Failure) [PSYoungGen: 348528K->368K(348672K)] 353688K->5544K(1048064K), 0.0006856 secs] [Times: user=0.00 sys=0.00, real=0.00 secs] 
2024-10-04T19:33:39.134+0300: 84.232: Total time for which application threads were stopped: 0.0010069 seconds, Stopping threads took: 0.0001736 seconds
2024-10-04T19:33:40.390+0300: 85.474: Application time: 1.2417866 seconds
2024-10-04T19:33:40.390+0300: 85.474: [GC (Allocation Failure) [PSYoungGen: 348528K->384K(348672K)] 353704K->5568K(1048064K), 0.0007638 secs] [Times: user=0.00 sys=0.00, real=0.00 secs] 
2024-10-04T19:33:40.390+0300: 85.475: Total time for which application threads were stopped: 0.0010628 seconds, Stopping threads took: 0.0001613 seconds
2024-10-04T19:33:41.631+0300: 86.726: Application time: 1.2512220 seconds
2024-10-04T19:33:41.631+0300: 86.727: [GC (Allocation Failure) [PSYoungGen: 348544K->400K(348672K)] 353728K->5600K(1048064K), 0.0006585 secs] [Times: user=0.00 sys=0.00, real=0.00 secs] 
2024-10-04T19:33:41.631+0300: 86.727: Total time for which application threads were stopped: 0.0010132 seconds, Stopping threads took: 0.0002118 seconds
2024-10-04T19:33:42.886+0300: 87.973: Application time: 1.2453915 seconds
2024-10-04T19:33:42.886+0300: 87.973: [GC (Allocation Failure) [PSYoungGen: 348560K->352K(348672K)] 353760K->5568K(1048064K), 0.0007997 secs] [Times: user=0.00 sys=0.00, real=0.00 secs] 
2024-10-04T19:33:42.886+0300: 87.974: Total time for which application threads were stopped: 0.0010757 seconds, Stopping threads took: 0.0001406 seconds
2024-10-04T19:33:44.127+0300: 89.220: Application time: 1.2465667 seconds
2024-10-04T19:33:44.127+0300: 89.221: [GC (Allocation Failure) [PSYoungGen: 348512K->416K(348672K)] 353728K->5648K(1048064K), 0.0006650 secs] [Times: user=0.00 sys=0.00, real=0.00 secs] 
2024-10-04T19:33:44.127+0300: 89.221: Total time for which application threads were stopped: 0.0009393 seconds, Stopping threads took: 0.0001507 seconds
2024-10-04T19:33:45.367+0300: 90.459: Application time: 1.2379096 seconds
2024-10-04T19:33:45.367+0300: 90.460: [GC (Allocation Failure) [PSYoungGen: 348576K->384K(348672K)] 353808K->5632K(1048064K), 0.0007233 secs] [Times: user=0.01 sys=0.00, real=0.00 secs] 
2024-10-04T19:33:45.367+0300: 90.460: Total time for which application threads were stopped: 0.0010831 seconds, Stopping threads took: 0.0002154 seconds
2024-10-04T19:33:46.622+0300: 91.711: Application time: 1.2511957 seconds
2024-10-04T19:33:46.622+0300: 91.712: [GC (Allocation Failure) [PSYoungGen: 348544K->384K(348672K)] 353792K->5648K(1048064K), 0.0006783 secs] [Times: user=0.00 sys=0.00, real=0.00 secs] 
2024-10-04T19:33:46.622+0300: 91.712: Total time for which application threads were stopped: 0.0009400 seconds, Stopping threads took: 0.0001272 seconds
2024-10-04T19:33:47.627+0300: 92.710: Application time: 0.9979768 seconds
2024-10-04T19:33:47.627+0300: 92.711: Total time for which application threads were stopped: 0.0006130 seconds, Stopping threads took: 0.0005684 seconds
2024-10-04T19:33:47.861+0300: 92.954: Application time: 0.2431832 seconds
2024-10-04T19:33:47.861+0300: 92.954: [GC (Allocation Failure) [PSYoungGen: 348544K->368K(348672K)] 353808K->5648K(1048064K), 0.0006666 secs] [Times: user=0.00 sys=0.00, real=0.00 secs] 
2024-10-04T19:33:47.861+0300: 92.955: Total time for which application threads were stopped: 0.0009174 seconds, Stopping threads took: 0.0001351 seconds
2024-10-04T19:33:49.117+0300: 94.205: Application time: 1.2501892 seconds
2024-10-04T19:33:49.117+0300: 94.206: [GC (Allocation Failure) [PSYoungGen: 348528K->400K(348672K)] 353808K->5704K(1048064K), 0.0006892 secs] [Times: user=0.00 sys=0.00, real=0.00 secs] 
2024-10-04T19:33:49.123+0300: 94.206: Total time for which application threads were stopped: 0.0009830 seconds, Stopping threads took: 0.0001641 seconds
2024-10-04T19:33:50.357+0300: 95.451: Application time: 1.2447470 seconds
2024-10-04T19:33:50.357+0300: 95.451: [GC (Allocation Failure) [PSYoungGen: 348560K->400K(348672K)] 353864K->5720K(1048064K), 0.0006601 secs] [Times: user=0.00 sys=0.00, real=0.00 secs] 
2024-10-04T19:33:50.357+0300: 95.452: Total time for which application threads were stopped: 0.0009412 seconds, Stopping threads took: 0.0001575 seconds
2024-10-04T19:33:51.613+0300: 96.700: Application time: 1.2484550 seconds
2024-10-04T19:33:51.613+0300: 96.701: [GC (Allocation Failure) [PSYoungGen: 348560K->400K(348672K)] 353880K->5736K(1048064K), 0.0006766 secs] [Times: user=0.00 sys=0.00, real=0.00 secs] 
2024-10-04T19:33:51.613+0300: 96.701: Total time for which application threads were stopped: 0.0009322 seconds, Stopping threads took: 0.0001285 seconds
2024-10-04T19:33:52.852+0300: 97.944: Application time: 1.2425187 seconds
2024-10-04T19:33:52.852+0300: 97.944: [GC (Allocation Failure) [PSYoungGen: 348560K->368K(348672K)] 353896K->5720K(1048064K), 0.0007082 secs] [Times: user=0.00 sys=0.00, real=0.00 secs] 
2024-10-04T19:33:52.852+0300: 97.945: Total time for which application threads were stopped: 0.0009949 seconds, Stopping threads took: 0.0001423 seconds
2024-10-04T19:33:54.091+0300: 99.186: Application time: 1.2411669 seconds
2024-10-04T19:33:54.091+0300: 99.186: [GC (Allocation Failure) [PSYoungGen: 348528K->368K(348672K)] 353880K->5744K(1048064K), 0.0007184 secs] [Times: user=0.00 sys=0.00, real=0.00 secs] 
2024-10-04T19:33:54.091+0300: 99.187: Total time for which application threads were stopped: 0.0010323 seconds, Stopping threads took: 0.0001771 seconds
2024-10-04T19:33:55.336+0300: 100.429: Application time: 1.2415199 seconds
2024-10-04T19:33:55.336+0300: 100.429: [GC (Allocation Failure) [PSYoungGen: 348528K->400K(348672K)] 353904K->5800K(1048064K), 0.0007412 secs] [Times: user=0.00 sys=0.00, real=0.00 secs] 
2024-10-04T19:33:55.336+0300: 100.430: Total time for which application threads were stopped: 0.0009925 seconds, Stopping threads took: 0.0001408 seconds
2024-10-04T19:33:56.587+0300: 101.675: Application time: 1.2457395 seconds
2024-10-04T19:33:56.587+0300: 101.676: [GC (Allocation Failure) [PSYoungGen: 348560K->352K(348672K)] 353960K->5768K(1048064K), 0.0006452 secs] [Times: user=0.00 sys=0.00, real=0.00 secs] 
2024-10-04T19:33:56.587+0300: 101.676: Total time for which application threads were stopped: 0.0009532 seconds, Stopping threads took: 0.0001681 seconds
2024-10-04T19:33:57.827+0300: 102.920: Application time: 1.2435816 seconds
2024-10-04T19:33:57.827+0300: 102.920: [GC (Allocation Failure) [PSYoungGen: 348512K->400K(348672K)] 353928K->5832K(1048064K), 0.0006754 secs] [Times: user=0.00 sys=0.00, real=0.00 secs] 
2024-10-04T19:33:57.827+0300: 102.921: Total time for which application threads were stopped: 0.0009617 seconds, Stopping threads took: 0.0001674 seconds
2024-10-04T19:33:59.069+0300: 104.165: Application time: 1.2444894 seconds
2024-10-04T19:33:59.069+0300: 104.166: [GC (Allocation Failure) [PSYoungGen: 348560K->352K(348672K)] 353992K->5808K(1048064K), 0.0007008 secs] [Times: user=0.00 sys=0.00, real=0.00 secs] 
2024-10-04T19:33:59.069+0300: 104.166: Total time for which application threads were stopped: 0.0009974 seconds, Stopping threads took: 0.0001857 seconds
2024-10-04T19:34:00.325+0300: 105.413: Application time: 1.2465483 seconds
2024-10-04T19:34:00.329+0300: 105.413: [GC (Allocation Failure) [PSYoungGen: 348512K->384K(348672K)] 353968K->5856K(1048064K), 0.0006927 secs] [Times: user=0.00 sys=0.00, real=0.00 secs] 
2024-10-04T19:34:00.329+0300: 105.414: Total time for which application threads were stopped: 0.0009642 seconds, Stopping threads took: 0.0001618 seconds
2024-10-04T19:34:01.581+0300: 106.666: Application time: 1.2525706 seconds
2024-10-04T19:34:01.581+0300: 106.667: [GC (Allocation Failure) [PSYoungGen: 348544K->368K(348672K)] 354016K->5880K(1048064K), 0.0006114 secs] [Times: user=0.02 sys=0.00, real=0.00 secs] 
2024-10-04T19:34:01.581+0300: 106.667: Total time for which application threads were stopped: 0.0008232 seconds, Stopping threads took: 0.0000862 seconds
2024-10-04T19:34:02.853+0300: 107.943: Application time: 1.2761627 seconds
2024-10-04T19:34:02.853+0300: 107.944: [GC (Allocation Failure) [PSYoungGen: 348528K->416K(348672K)] 354040K->5944K(1048064K), 0.0010481 secs] [Times: user=0.00 sys=0.00, real=0.00 secs] 
2024-10-04T19:34:02.853+0300: 107.945: Total time for which application threads were stopped: 0.0014426 seconds, Stopping threads took: 0.0002650 seconds
2024-10-04T19:34:04.109+0300: 109.202: Application time: 1.2572544 seconds
2024-10-04T19:34:04.109+0300: 109.202: [GC (Allocation Failure) [PSYoungGen: 348576K->368K(348672K)] 354104K->5928K(1048064K), 0.0006990 secs] [Times: user=0.00 sys=0.00, real=0.00 secs] 
2024-10-04T19:34:04.109+0300: 109.203: Total time for which application threads were stopped: 0.0009767 seconds, Stopping threads took: 0.0001615 seconds
2024-10-04T19:34:05.365+0300: 110.449: Application time: 1.2457525 seconds
2024-10-04T19:34:05.365+0300: 110.449: [GC (Allocation Failure) [PSYoungGen: 348528K->368K(348672K)] 354088K->5952K(1048064K), 0.0006608 secs] [Times: user=0.00 sys=0.00, real=0.00 secs] 
2024-10-04T19:34:05.365+0300: 110.450: Total time for which application threads were stopped: 0.0009202 seconds, Stopping threads took: 0.0001227 seconds
2024-10-04T19:34:06.621+0300: 111.716: Application time: 1.2657033 seconds
2024-10-04T19:34:06.621+0300: 111.716: [GC (Allocation Failure) [PSYoungGen: 348528K->384K(348672K)] 354112K->5984K(1048064K), 0.0006368 secs] [Times: user=0.00 sys=0.00, real=0.00 secs] 
2024-10-04T19:34:06.621+0300: 111.716: Total time for which application threads were stopped: 0.0009164 seconds, Stopping threads took: 0.0001645 seconds
2024-10-04T19:34:07.624+0300: 112.708: Application time: 0.9917979 seconds
2024-10-04T19:34:07.624+0300: 112.708: Total time for which application threads were stopped: 0.0002349 seconds, Stopping threads took: 0.0001840 seconds
2024-10-04T19:34:07.876+0300: 112.970: Application time: 0.2619578 seconds
2024-10-04T19:34:07.876+0300: 112.971: [GC (Allocation Failure) [PSYoungGen: 348544K->384K(348672K)] 354144K->5992K(1048064K), 0.0006960 secs] [Times: user=0.00 sys=0.00, real=0.00 secs] 
2024-10-04T19:34:07.876+0300: 112.971: Total time for which application threads were stopped: 0.0009493 seconds, Stopping threads took: 0.0001256 seconds
2024-10-04T19:34:09.133+0300: 114.229: Application time: 1.2574866 seconds
2024-10-04T19:34:09.133+0300: 114.229: [GC (Allocation Failure) [PSYoungGen: 348544K->400K(348672K)] 354152K->6040K(1048064K), 0.0006469 secs] [Times: user=0.00 sys=0.00, real=0.00 secs] 
2024-10-04T19:34:09.133+0300: 114.230: Total time for which application threads were stopped: 0.0009305 seconds, Stopping threads took: 0.0001746 seconds
2024-10-04T19:34:10.372+0300: 115.467: Application time: 1.2374520 seconds
2024-10-04T19:34:10.372+0300: 115.468: [GC (Allocation Failure) [PSYoungGen: 348560K->352K(348672K)] 354200K->6008K(1048064K), 0.0007071 secs] [Times: user=0.00 sys=0.00, real=0.00 secs] 
2024-10-04T19:34:10.372+0300: 115.468: Total time for which application threads were stopped: 0.0009828 seconds, Stopping threads took: 0.0001439 seconds
2024-10-04T19:34:11.628+0300: 116.719: Application time: 1.2510453 seconds
2024-10-04T19:34:11.628+0300: 116.720: [GC (Allocation Failure) [PSYoungGen: 348512K->368K(348672K)] 354168K->6048K(1048064K), 0.0007043 secs] [Times: user=0.00 sys=0.00, real=0.00 secs] 
2024-10-04T19:34:11.628+0300: 116.720: Total time for which application threads were stopped: 0.0009852 seconds, Stopping threads took: 0.0001090 seconds
2024-10-04T19:34:12.899+0300: 117.988: Application time: 1.2679995 seconds
2024-10-04T19:34:12.899+0300: 117.989: [GC (Allocation Failure) [PSYoungGen: 348528K->400K(348672K)] 354208K->6096K(1048064K), 0.0007273 secs] [Times: user=0.00 sys=0.00, real=0.00 secs] 
2024-10-04T19:34:12.899+0300: 117.989: Total time for which application threads were stopped: 0.0010481 seconds, Stopping threads took: 0.0001800 seconds
2024-10-04T19:34:14.153+0300: 119.237: Application time: 1.2481433 seconds
2024-10-04T19:34:14.153+0300: 119.238: [GC (Allocation Failure) [PSYoungGen: 348560K->368K(348672K)] 354256K->6080K(1048064K), 0.0006991 secs] [Times: user=0.00 sys=0.00, real=0.00 secs] 
2024-10-04T19:34:14.153+0300: 119.238: Total time for which application threads were stopped: 0.0009716 seconds, Stopping threads took: 0.0001335 seconds
2024-10-04T19:34:15.394+0300: 120.483: Application time: 1.2444482 seconds
2024-10-04T19:34:15.394+0300: 120.483: [GC (Allocation Failure) [PSYoungGen: 348528K->352K(348672K)] 354240K->6080K(1048064K), 0.0007035 secs] [Times: user=0.00 sys=0.00, real=0.00 secs] 
2024-10-04T19:34:15.394+0300: 120.484: Total time for which application threads were stopped: 0.0010107 seconds, Stopping threads took: 0.0001885 seconds
2024-10-04T19:34:16.665+0300: 121.750: Application time: 1.2659647 seconds
2024-10-04T19:34:16.665+0300: 121.750: [GC (Allocation Failure) [PSYoungGen: 348512K->368K(348672K)] 354240K->6112K(1048064K), 0.0006033 secs] [Times: user=0.00 sys=0.00, real=0.00 secs] 
2024-10-04T19:34:16.665+0300: 121.751: Total time for which application threads were stopped: 0.0009004 seconds, Stopping threads took: 0.0001559 seconds
2024-10-04T19:34:17.904+0300: 122.994: Application time: 1.2429509 seconds
2024-10-04T19:34:17.904+0300: 122.994: [GC (Allocation Failure) [PSYoungGen: 348528K->368K(348672K)] 354272K->6128K(1048064K), 0.0006651 secs] [Times: user=0.00 sys=0.00, real=0.00 secs] 
2024-10-04T19:34:17.904+0300: 122.995: Total time for which application threads were stopped: 0.0009337 seconds, Stopping threads took: 0.0001450 seconds
2024-10-04T19:34:19.160+0300: 124.245: Application time: 1.2505851 seconds
2024-10-04T19:34:19.160+0300: 124.246: [GC (Allocation Failure) [PSYoungGen: 348528K->384K(348672K)] 354288K->6160K(1048064K), 0.0006534 secs] [Times: user=0.00 sys=0.00, real=0.00 secs] 
2024-10-04T19:34:19.160+0300: 124.246: Total time for which application threads were stopped: 0.0009144 seconds, Stopping threads took: 0.0001523 seconds
2024-10-04T19:34:20.384+0300: 125.481: Application time: 1.2343118 seconds
2024-10-04T19:34:20.384+0300: 125.481: [GC (Allocation Failure) [PSYoungGen: 348544K->384K(348672K)] 354320K->6184K(1048064K), 0.0006835 secs] [Times: user=0.00 sys=0.00, real=0.00 secs] 
2024-10-04T19:34:20.384+0300: 125.482: Total time for which application threads were stopped: 0.0010249 seconds, Stopping threads took: 0.0002196 seconds
2024-10-04T19:34:21.640+0300: 126.727: Application time: 1.2454704 seconds
2024-10-04T19:34:21.640+0300: 126.727: [GC (Allocation Failure) [PSYoungGen: 348544K->416K(348672K)] 354344K->6232K(1048064K), 0.0006308 secs] [Times: user=0.00 sys=0.00, real=0.00 secs] 
2024-10-04T19:34:21.640+0300: 126.728: Total time for which application threads were stopped: 0.0009303 seconds, Stopping threads took: 0.0001745 seconds
2024-10-04T19:34:22.880+0300: 127.969: Application time: 1.2415145 seconds
2024-10-04T19:34:22.880+0300: 127.970: [GC (Allocation Failure) [PSYoungGen: 348576K->416K(348672K)] 354392K->6240K(1048064K), 0.0006585 secs] [Times: user=0.00 sys=0.00, real=0.00 secs] 
2024-10-04T19:34:22.880+0300: 127.970: Total time for which application threads were stopped: 0.0009474 seconds, Stopping threads took: 0.0001681 seconds
2024-10-04T19:34:24.119+0300: 129.213: Application time: 1.2423912 seconds
2024-10-04T19:34:24.119+0300: 129.213: [GC (Allocation Failure) [PSYoungGen: 348576K->400K(348672K)] 354400K->6240K(1048064K), 0.0006871 secs] [Times: user=0.00 sys=0.00, real=0.00 secs] 
2024-10-04T19:34:24.119+0300: 129.214: Total time for which application threads were stopped: 0.0009738 seconds, Stopping threads took: 0.0001780 seconds
2024-10-04T19:34:25.359+0300: 130.457: Application time: 1.2436223 seconds
2024-10-04T19:34:25.359+0300: 130.458: [GC (Allocation Failure) [PSYoungGen: 348560K->400K(348672K)] 354400K->6264K(1048064K), 0.0006955 secs] [Times: user=0.00 sys=0.00, real=0.02 secs] 
2024-10-04T19:34:25.374+0300: 130.458: Total time for which application threads were stopped: 0.0009825 seconds, Stopping threads took: 0.0001716 seconds
2024-10-04T19:34:26.614+0300: 131.710: Application time: 1.2512660 seconds
2024-10-04T19:34:26.614+0300: 131.710: [GC (Allocation Failure) [PSYoungGen: 348560K->352K(348672K)] 354424K->6232K(1048064K), 0.0006589 secs] [Times: user=0.00 sys=0.00, real=0.00 secs] 
2024-10-04T19:34:26.614+0300: 131.711: Total time for which application threads were stopped: 0.0009781 seconds, Stopping threads took: 0.0001714 seconds
2024-10-04T19:34:27.855+0300: 132.949: Application time: 1.2383055 seconds
2024-10-04T19:34:27.855+0300: 132.949: [GC (Allocation Failure) [PSYoungGen: 348512K->368K(348672K)] 354392K->6264K(1048064K), 0.0007396 secs] [Times: user=0.00 sys=0.00, real=0.00 secs] 
2024-10-04T19:34:27.855+0300: 132.950: Total time for which application threads were stopped: 0.0010759 seconds, Stopping threads took: 0.0001947 seconds
2024-10-04T19:34:29.110+0300: 134.196: Application time: 1.2456480 seconds
2024-10-04T19:34:29.110+0300: 134.196: [GC (Allocation Failure) [PSYoungGen: 348528K->384K(348672K)] 354424K->6312K(1048064K), 0.0006973 secs] [Times: user=0.00 sys=0.00, real=0.00 secs] 
2024-10-04T19:34:29.110+0300: 134.197: Total time for which application threads were stopped: 0.0009528 seconds, Stopping threads took: 0.0001264 seconds
2024-10-04T19:34:30.350+0300: 135.436: Application time: 1.2392250 seconds
2024-10-04T19:34:30.350+0300: 135.436: [GC (Allocation Failure) [PSYoungGen: 348544K->384K(348672K)] 354472K->6328K(1048064K), 0.0007959 secs] [Times: user=0.00 sys=0.00, real=0.00 secs] 
2024-10-04T19:34:30.350+0300: 135.437: Total time for which application threads were stopped: 0.0010609 seconds, Stopping threads took: 0.0001539 seconds
2024-10-04T19:34:31.607+0300: 136.697: Application time: 1.2597863 seconds
2024-10-04T19:34:31.607+0300: 136.697: [GC (Allocation Failure) [PSYoungGen: 348544K->384K(348672K)] 354488K->6336K(1048064K), 0.0006375 secs] [Times: user=0.00 sys=0.00, real=0.00 secs] 
2024-10-04T19:34:31.607+0300: 136.698: Total time for which application threads were stopped: 0.0009432 seconds, Stopping threads took: 0.0001806 seconds
2024-10-04T19:34:32.846+0300: 137.943: Application time: 1.2450363 seconds
2024-10-04T19:34:32.846+0300: 137.943: [GC (Allocation Failure) [PSYoungGen: 348544K->368K(348672K)] 354496K->6336K(1048064K), 0.0006996 secs] [Times: user=0.00 sys=0.00, real=0.00 secs] 
2024-10-04T19:34:32.846+0300: 137.944: Total time for which application threads were stopped: 0.0009813 seconds, Stopping threads took: 0.0001653 seconds
2024-10-04T19:34:34.103+0300: 139.193: Application time: 1.2493247 seconds
2024-10-04T19:34:34.103+0300: 139.193: [GC (Allocation Failure) [PSYoungGen: 348528K->400K(348672K)] 354496K->6376K(1048064K), 0.0007067 secs] [Times: user=0.00 sys=0.00, real=0.00 secs] 
2024-10-04T19:34:34.103+0300: 139.194: Total time for which application threads were stopped: 0.0009949 seconds, Stopping threads took: 0.0001684 seconds
2024-10-04T19:34:35.342+0300: 140.437: Application time: 1.2432502 seconds
2024-10-04T19:34:35.342+0300: 140.437: [GC (Allocation Failure) [PSYoungGen: 348560K->384K(348672K)] 354536K->6376K(1048064K), 0.0006895 secs] [Times: user=0.00 sys=0.00, real=0.00 secs] 
2024-10-04T19:34:35.342+0300: 140.438: Total time for which application threads were stopped: 0.0009364 seconds, Stopping threads took: 0.0001283 seconds
2024-10-04T19:34:36.600+0300: 141.692: Application time: 1.2542992 seconds
2024-10-04T19:34:36.600+0300: 141.693: [GC (Allocation Failure) [PSYoungGen: 348544K->400K(348672K)] 354536K->6408K(1048064K), 0.0006917 secs] [Times: user=0.00 sys=0.00, real=0.00 secs] 
2024-10-04T19:34:36.600+0300: 141.694: Total time for which application threads were stopped: 0.0009916 seconds, Stopping threads took: 0.0001740 seconds
2024-10-04T19:34:37.837+0300: 142.935: Application time: 1.2416655 seconds
2024-10-04T19:34:37.837+0300: 142.935: [GC (Allocation Failure) [PSYoungGen: 348560K->368K(348672K)] 354568K->6392K(1048064K), 0.0006598 secs] [Times: user=0.00 sys=0.00, real=0.00 secs] 
2024-10-04T19:34:37.837+0300: 142.936: Total time for which application threads were stopped: 0.0009491 seconds, Stopping threads took: 0.0001798 seconds
2024-10-04T19:34:39.093+0300: 144.181: Application time: 1.2450247 seconds
2024-10-04T19:34:39.093+0300: 144.181: [GC (Allocation Failure) [PSYoungGen: 348528K->400K(348672K)] 354552K->6440K(1048064K), 0.0007064 secs] [Times: user=0.00 sys=0.00, real=0.00 secs] 
2024-10-04T19:34:39.093+0300: 144.182: Total time for which application threads were stopped: 0.0009741 seconds, Stopping threads took: 0.0001499 seconds
2024-10-04T19:34:40.332+0300: 145.427: Application time: 1.2446966 seconds
2024-10-04T19:34:40.332+0300: 145.427: [GC (Allocation Failure) [PSYoungGen: 348560K->368K(348672K)] 354600K->6424K(1048064K), 0.0006600 secs] [Times: user=0.00 sys=0.00, real=0.00 secs] 
2024-10-04T19:34:40.332+0300: 145.428: Total time for which application threads were stopped: 0.0009584 seconds, Stopping threads took: 0.0001739 seconds
2024-10-04T19:34:41.588+0300: 146.677: Application time: 1.2496526 seconds
2024-10-04T19:34:41.588+0300: 146.678: [GC (Allocation Failure) [PSYoungGen: 348528K->384K(348672K)] 354584K->6456K(1048064K), 0.0006375 secs] [Times: user=0.00 sys=0.00, real=0.00 secs] 
2024-10-04T19:34:41.588+0300: 146.678: Total time for which application threads were stopped: 0.0009421 seconds, Stopping threads took: 0.0001653 seconds
2024-10-04T19:34:42.828+0300: 147.920: Application time: 1.2411807 seconds
2024-10-04T19:34:42.828+0300: 147.920: [GC (Allocation Failure) [PSYoungGen: 348544K->384K(348672K)] 354616K->6472K(1048064K), 0.0006368 secs] [Times: user=0.00 sys=0.00, real=0.00 secs] 
2024-10-04T19:34:42.828+0300: 147.920: Total time for which application threads were stopped: 0.0009050 seconds, Stopping threads took: 0.0001580 seconds
2024-10-04T19:34:44.079+0300: 149.163: Application time: 1.2420601 seconds
2024-10-04T19:34:44.079+0300: 149.163: [GC (Allocation Failure) [PSYoungGen: 348544K->352K(348672K)] 354632K->6464K(1048064K), 0.0006767 secs] [Times: user=0.00 sys=0.00, real=0.00 secs] 
2024-10-04T19:34:44.080+0300: 149.163: Total time for which application threads were stopped: 0.0009477 seconds, Stopping threads took: 0.0001614 seconds
2024-10-04T19:34:45.313+0300: 150.408: Application time: 1.2444559 seconds
2024-10-04T19:34:45.313+0300: 150.408: [GC (Allocation Failure) [PSYoungGen: 348512K->384K(348672K)] 354624K->6536K(1048064K), 0.0006717 secs] [Times: user=0.00 sys=0.00, real=0.01 secs] 
2024-10-04T19:34:45.325+0300: 150.409: Total time for which application threads were stopped: 0.0009484 seconds, Stopping threads took: 0.0001420 seconds
2024-10-04T19:34:46.565+0300: 151.662: Application time: 1.2528954 seconds
2024-10-04T19:34:46.565+0300: 151.662: [GC (Allocation Failure) [PSYoungGen: 348544K->416K(348672K)] 354696K->6584K(1048064K), 0.0006806 secs] [Times: user=0.00 sys=0.00, real=0.00 secs] 
2024-10-04T19:34:46.565+0300: 151.663: Total time for which application threads were stopped: 0.0010220 seconds, Stopping threads took: 0.0002063 seconds
2024-10-04T19:34:47.821+0300: 152.911: Application time: 1.2480841 seconds
2024-10-04T19:34:47.821+0300: 152.911: [GC (Allocation Failure) [PSYoungGen: 348576K->368K(348672K)] 354744K->6552K(1048064K), 0.0006168 secs] [Times: user=0.00 sys=0.00, real=0.00 secs] 
2024-10-04T19:34:47.821+0300: 152.912: Total time for which application threads were stopped: 0.0009439 seconds, Stopping threads took: 0.0002031 seconds
2024-10-04T19:34:49.062+0300: 154.155: Application time: 1.2434829 seconds
2024-10-04T19:34:49.062+0300: 154.156: [GC (Allocation Failure) [PSYoungGen: 348528K->400K(348672K)] 354712K->6600K(1048064K), 0.0006942 secs] [Times: user=0.00 sys=0.00, real=0.00 secs] 
2024-10-04T19:34:49.062+0300: 154.156: Total time for which application threads were stopped: 0.0009695 seconds, Stopping threads took: 0.0001691 seconds
2024-10-04T19:34:50.302+0300: 155.396: Application time: 1.2394211 seconds
2024-10-04T19:34:50.302+0300: 155.396: [GC (Allocation Failure) [PSYoungGen: 348560K->384K(348672K)] 354760K->6616K(1048064K), 0.0006878 secs] [Times: user=0.00 sys=0.00, real=0.00 secs] 
2024-10-04T19:34:50.302+0300: 155.397: Total time for which application threads were stopped: 0.0009943 seconds, Stopping threads took: 0.0001687 seconds
2024-10-04T19:34:51.557+0300: 156.645: Application time: 1.2482711 seconds
2024-10-04T19:34:51.557+0300: 156.645: [GC (Allocation Failure) [PSYoungGen: 348544K->384K(348672K)] 354776K->6632K(1048064K), 0.0006851 secs] [Times: user=0.00 sys=0.00, real=0.00 secs] 
2024-10-04T19:34:51.557+0300: 156.646: Total time for which application threads were stopped: 0.0009879 seconds, Stopping threads took: 0.0001698 seconds
2024-10-04T19:34:52.796+0300: 157.888: Application time: 1.2425068 seconds
2024-10-04T19:34:52.796+0300: 157.889: [GC (Allocation Failure) [PSYoungGen: 348544K->368K(348672K)] 354792K->6656K(1048064K), 0.0006957 secs] [Times: user=0.00 sys=0.00, real=0.00 secs] 
2024-10-04T19:34:52.796+0300: 157.889: Total time for which application threads were stopped: 0.0009685 seconds, Stopping threads took: 0.0001626 seconds
2024-10-04T19:34:54.036+0300: 159.134: Application time: 1.2442705 seconds
2024-10-04T19:34:54.036+0300: 159.134: [GC (Allocation Failure) [PSYoungGen: 348528K->400K(348672K)] 354816K->6704K(1048064K), 0.0006152 secs] [Times: user=0.00 sys=0.00, real=0.00 secs] 
2024-10-04T19:34:54.036+0300: 159.135: Total time for which application threads were stopped: 0.0009254 seconds, Stopping threads took: 0.0002037 seconds
2024-10-04T19:34:55.261+0300: 160.353: Application time: 1.2182807 seconds
2024-10-04T19:34:55.261+0300: 160.353: [GC (Allocation Failure) [PSYoungGen: 348560K->368K(348672K)] 354864K->6688K(1048064K), 0.0006473 secs] [Times: user=0.00 sys=0.00, real=0.00 secs] 
2024-10-04T19:34:55.261+0300: 160.354: Total time for which application threads were stopped: 0.0009750 seconds, Stopping threads took: 0.0001806 seconds
2024-10-04T19:34:56.454+0300: 161.549: Application time: 1.1953988 seconds
2024-10-04T19:34:56.454+0300: 161.550: [GC (Allocation Failure) [PSYoungGen: 348528K->400K(348672K)] 354848K->6728K(1048064K), 0.0006425 secs] [Times: user=0.00 sys=0.00, real=0.00 secs] 
2024-10-04T19:34:56.454+0300: 161.550: Total time for which application threads were stopped: 0.0009592 seconds, Stopping threads took: 0.0001859 seconds
2024-10-04T19:34:57.646+0300: 162.743: Application time: 1.1931691 seconds
2024-10-04T19:34:57.646+0300: 162.744: [GC (Allocation Failure) [PSYoungGen: 348560K->352K(348672K)] 354888K->6696K(1048064K), 0.0006727 secs] [Times: user=0.00 sys=0.00, real=0.00 secs] 
2024-10-04T19:34:57.646+0300: 162.744: Total time for which application threads were stopped: 0.0009733 seconds, Stopping threads took: 0.0001745 seconds
2024-10-04T19:34:58.839+0300: 163.931: Application time: 1.1869773 seconds
2024-10-04T19:34:58.839+0300: 163.932: [GC (Allocation Failure) [PSYoungGen: 348512K->352K(348672K)] 354856K->6712K(1048064K), 0.0007300 secs] [Times: user=0.00 sys=0.00, real=0.00 secs] 
2024-10-04T19:34:58.839+0300: 163.932: Total time for which application threads were stopped: 0.0010528 seconds, Stopping threads took: 0.0001879 seconds
2024-10-04T19:35:00.037+0300: 165.128: Application time: 1.1951767 seconds
2024-10-04T19:35:00.037+0300: 165.128: [GC (Allocation Failure) [PSYoungGen: 348512K->384K(348672K)] 354872K->6752K(1048064K), 0.0007087 secs] [Times: user=0.00 sys=0.00, real=0.00 secs] 
2024-10-04T19:35:00.037+0300: 165.129: Total time for which application threads were stopped: 0.0011383 seconds, Stopping threads took: 0.0002802 seconds
2024-10-04T19:35:01.225+0300: 166.314: Application time: 1.1854878 seconds
2024-10-04T19:35:01.225+0300: 166.315: [GC (Allocation Failure) [PSYoungGen: 348544K->400K(348672K)] 354912K->6776K(1048064K), 0.0008613 secs] [Times: user=0.00 sys=0.00, real=0.00 secs] 
2024-10-04T19:35:01.225+0300: 166.315: Total time for which application threads were stopped: 0.0011628 seconds, Stopping threads took: 0.0001733 seconds
2024-10-04T19:35:02.417+0300: 167.510: Application time: 1.1947992 seconds
2024-10-04T19:35:02.417+0300: 167.510: [GC (Allocation Failure) [PSYoungGen: 348560K->352K(348672K)] 354936K->6744K(1048064K), 0.0006964 secs] [Times: user=0.00 sys=0.00, real=0.00 secs] 
2024-10-04T19:35:02.417+0300: 167.511: Total time for which application threads were stopped: 0.0009887 seconds, Stopping threads took: 0.0001591 seconds
2024-10-04T19:35:03.422+0300: 168.506: Application time: 0.9943107 seconds
2024-10-04T19:35:03.422+0300: 168.506: Total time for which application threads were stopped: 0.0002858 seconds, Stopping threads took: 0.0002346 seconds
2024-10-04T19:35:03.610+0300: 168.707: Application time: 0.2012736 seconds
2024-10-04T19:35:03.610+0300: 168.707: [GC (Allocation Failure) [PSYoungGen: 348512K->368K(348672K)] 354904K->6768K(1048064K), 0.0006313 secs] [Times: user=0.00 sys=0.00, real=0.00 secs] 
2024-10-04T19:35:03.610+0300: 168.708: Total time for which application threads were stopped: 0.0008963 seconds, Stopping threads took: 0.0001595 seconds
2024-10-04T19:35:04.804+0300: 169.903: Application time: 1.1945979 seconds
2024-10-04T19:35:04.804+0300: 169.903: [GC (Allocation Failure) [PSYoungGen: 348528K->416K(348672K)] 354928K->6840K(1048064K), 0.0006535 secs] [Times: user=0.00 sys=0.00, real=0.00 secs] 
2024-10-04T19:35:04.804+0300: 169.904: Total time for which application threads were stopped: 0.0009199 seconds, Stopping threads took: 0.0001577 seconds
2024-10-04T19:35:05.996+0300: 171.087: Application time: 1.1835877 seconds
2024-10-04T19:35:05.996+0300: 171.087: [GC (Allocation Failure) [PSYoungGen: 348576K->384K(348672K)] 355000K->6832K(1048064K), 0.0007047 secs] [Times: user=0.00 sys=0.00, real=0.00 secs] 
2024-10-04T19:35:05.996+0300: 171.088: Total time for which application threads were stopped: 0.0010047 seconds, Stopping threads took: 0.0001881 seconds
2024-10-04T19:35:07.189+0300: 172.274: Application time: 1.1854492 seconds
2024-10-04T19:35:07.189+0300: 172.274: [GC (Allocation Failure) [PSYoungGen: 348544K->384K(348672K)] 354992K->6856K(1048064K), 0.0006399 secs] [Times: user=0.00 sys=0.00, real=0.00 secs] 
2024-10-04T19:35:07.189+0300: 172.275: Total time for which application threads were stopped: 0.0008945 seconds, Stopping threads took: 0.0001410 seconds
2024-10-04T19:35:08.366+0300: 173.460: Application time: 1.1854925 seconds
2024-10-04T19:35:08.366+0300: 173.460: [GC (Allocation Failure) [PSYoungGen: 348544K->384K(348672K)] 355016K->6872K(1048064K), 0.0006312 secs] [Times: user=0.00 sys=0.00, real=0.00 secs] 
2024-10-04T19:35:08.366+0300: 173.461: Total time for which application threads were stopped: 0.0009546 seconds, Stopping threads took: 0.0002104 seconds
2024-10-04T19:35:09.590+0300: 174.683: Application time: 1.2216540 seconds
2024-10-04T19:35:09.590+0300: 174.683: [GC (Allocation Failure) [PSYoungGen: 348544K->384K(348672K)] 355032K->6896K(1048064K), 0.0009099 secs] [Times: user=0.00 sys=0.00, real=0.00 secs] 
2024-10-04T19:35:09.590+0300: 174.684: Total time for which application threads were stopped: 0.0011932 seconds, Stopping threads took: 0.0001478 seconds
2024-10-04T19:35:10.797+0300: 175.891: Application time: 1.2071800 seconds
2024-10-04T19:35:10.797+0300: 175.891: [GC (Allocation Failure) [PSYoungGen: 348544K->384K(348672K)] 355056K->6928K(1048064K), 0.0006494 secs] [Times: user=0.00 sys=0.00, real=0.00 secs] 
2024-10-04T19:35:10.797+0300: 175.892: Total time for which application threads were stopped: 0.0008662 seconds, Stopping threads took: 0.0001000 seconds
2024-10-04T19:35:12.006+0300: 177.092: Application time: 1.2001317 seconds
2024-10-04T19:35:12.006+0300: 177.092: [GC (Allocation Failure) [PSYoungGen: 348544K->400K(348672K)] 355088K->6968K(1048064K), 0.0007698 secs] [Times: user=0.00 sys=0.00, real=0.00 secs] 
2024-10-04T19:35:12.006+0300: 177.093: Total time for which application threads were stopped: 0.0010942 seconds, Stopping threads took: 0.0001658 seconds
2024-10-04T19:35:13.198+0300: 178.288: Application time: 1.1946618 seconds
2024-10-04T19:35:13.198+0300: 178.288: [GC (Allocation Failure) [PSYoungGen: 348560K->416K(348672K)] 355128K->6992K(1048064K), 0.0050128 secs] [Times: user=0.00 sys=0.00, real=0.01 secs] 
2024-10-04T19:35:13.208+0300: 178.293: Total time for which application threads were stopped: 0.0053186 seconds, Stopping threads took: 0.0001496 seconds
2024-10-04T19:35:14.392+0300: 179.479: Application time: 1.1855354 seconds
2024-10-04T19:35:14.392+0300: 179.479: [GC (Allocation Failure) [PSYoungGen: 348576K->400K(348672K)] 355152K->6984K(1048064K), 0.0006997 secs] [Times: user=0.00 sys=0.00, real=0.00 secs] 
2024-10-04T19:35:14.392+0300: 179.480: Total time for which application threads were stopped: 0.0009590 seconds, Stopping threads took: 0.0001455 seconds
2024-10-04T19:35:15.585+0300: 180.680: Application time: 1.2006229 seconds
2024-10-04T19:35:15.585+0300: 180.680: [GC (Allocation Failure) [PSYoungGen: 348560K->384K(348672K)] 355144K->6984K(1048064K), 0.0008197 secs] [Times: user=0.00 sys=0.00, real=0.00 secs] 
2024-10-04T19:35:15.585+0300: 180.681: Total time for which application threads were stopped: 0.0011540 seconds, Stopping threads took: 0.0001908 seconds
2024-10-04T19:35:16.777+0300: 181.866: Application time: 1.1849468 seconds
2024-10-04T19:35:16.777+0300: 181.867: [GC (Allocation Failure) [PSYoungGen: 348544K->352K(348672K)] 355144K->6968K(1048064K), 0.0006690 secs] [Times: user=0.00 sys=0.00, real=0.00 secs] 
2024-10-04T19:35:16.777+0300: 181.867: Total time for which application threads were stopped: 0.0009809 seconds, Stopping threads took: 0.0001746 seconds
2024-10-04T19:35:17.969+0300: 183.055: Application time: 1.1872697 seconds
2024-10-04T19:35:17.969+0300: 183.055: [GC (Allocation Failure) [PSYoungGen: 348512K->400K(348672K)] 355128K->7056K(1048064K), 0.0006802 secs] [Times: user=0.00 sys=0.00, real=0.00 secs] 
2024-10-04T19:35:17.969+0300: 183.056: Total time for which application threads were stopped: 0.0010692 seconds, Stopping threads took: 0.0002435 seconds
2024-10-04T19:35:19.146+0300: 184.243: Application time: 1.1871686 seconds
2024-10-04T19:35:19.146+0300: 184.243: [GC (Allocation Failure) [PSYoungGen: 348560K->352K(348672K)] 355216K->7040K(1048064K), 0.0006150 secs] [Times: user=0.00 sys=0.00, real=0.00 secs] 
2024-10-04T19:35:19.146+0300: 184.244: Total time for which application threads were stopped: 0.0009182 seconds, Stopping threads took: 0.0001765 seconds
2024-10-04T19:35:20.339+0300: 185.437: Application time: 1.1937064 seconds
2024-10-04T19:35:20.339+0300: 185.438: [GC (Allocation Failure) [PSYoungGen: 348512K->368K(348672K)] 355200K->7072K(1048064K), 0.0006328 secs] [Times: user=0.00 sys=0.00, real=0.00 secs] 
2024-10-04T19:35:20.339+0300: 185.438: Total time for which application threads were stopped: 0.0009184 seconds, Stopping threads took: 0.0001678 seconds
2024-10-04T19:35:21.532+0300: 186.628: Application time: 1.1897550 seconds
2024-10-04T19:35:21.532+0300: 186.628: [GC (Allocation Failure) [PSYoungGen: 348528K->368K(348672K)] 355232K->7088K(1048064K), 0.0007141 secs] [Times: user=0.00 sys=0.00, real=0.00 secs] 
2024-10-04T19:35:21.532+0300: 186.629: Total time for which application threads were stopped: 0.0009826 seconds, Stopping threads took: 0.0001364 seconds
2024-10-04T19:35:22.725+0300: 187.819: Application time: 1.1898347 seconds
2024-10-04T19:35:22.725+0300: 187.819: [GC (Allocation Failure) [PSYoungGen: 348528K->384K(348672K)] 355248K->7120K(1048064K), 0.0006685 secs] [Times: user=0.00 sys=0.00, real=0.00 secs] 
2024-10-04T19:35:22.725+0300: 187.820: Total time for which application threads were stopped: 0.0009006 seconds, Stopping threads took: 0.0001237 seconds
2024-10-04T19:35:23.918+0300: 189.003: Application time: 1.1835562 seconds
2024-10-04T19:35:23.918+0300: 189.004: [GC (Allocation Failure) [PSYoungGen: 348544K->384K(348672K)] 355280K->7128K(1048064K), 0.0006862 secs] [Times: user=0.00 sys=0.00, real=0.00 secs] 
2024-10-04T19:35:23.918+0300: 189.004: Total time for which application threads were stopped: 0.0009637 seconds, Stopping threads took: 0.0001705 seconds
2024-10-04T19:35:25.097+0300: 190.194: Application time: 1.1896794 seconds
2024-10-04T19:35:25.097+0300: 190.194: [GC (Allocation Failure) [PSYoungGen: 348544K->384K(348672K)] 355288K->7144K(1048064K), 0.0006372 secs] [Times: user=0.00 sys=0.00, real=0.00 secs] 
2024-10-04T19:35:25.097+0300: 190.195: Total time for which application threads were stopped: 0.0009563 seconds, Stopping threads took: 0.0002068 seconds
2024-10-04T19:35:26.290+0300: 191.375: Application time: 1.1796731 seconds
2024-10-04T19:35:26.290+0300: 191.375: [GC (Allocation Failure) [PSYoungGen: 348544K->368K(348672K)] 355304K->7144K(1048064K), 0.0006401 secs] [Times: user=0.00 sys=0.00, real=0.00 secs] 
2024-10-04T19:35:26.290+0300: 191.376: Total time for which application threads were stopped: 0.0009211 seconds, Stopping threads took: 0.0001530 seconds
2024-10-04T19:35:27.467+0300: 192.562: Application time: 1.1861489 seconds
2024-10-04T19:35:27.467+0300: 192.562: [GC (Allocation Failure) [PSYoungGen: 348528K->352K(348672K)] 355304K->7152K(1048064K), 0.0006590 secs] [Times: user=0.00 sys=0.00, real=0.00 secs] 
2024-10-04T19:35:27.467+0300: 192.563: Total time for which application threads were stopped: 0.0009989 seconds, Stopping threads took: 0.0001933 seconds
2024-10-04T19:35:28.659+0300: 193.753: Application time: 1.1906696 seconds
2024-10-04T19:35:28.659+0300: 193.754: [GC (Allocation Failure) [PSYoungGen: 348512K->400K(348672K)] 355312K->7216K(1048064K), 0.0006619 secs] [Times: user=0.00 sys=0.00, real=0.00 secs] 
2024-10-04T19:35:28.659+0300: 193.754: Total time for which application threads were stopped: 0.0009992 seconds, Stopping threads took: 0.0001908 seconds
2024-10-04T19:35:29.851+0300: 194.941: Application time: 1.1869474 seconds
2024-10-04T19:35:29.851+0300: 194.942: [GC (Allocation Failure) [PSYoungGen: 348560K->368K(348672K)] 355376K->7200K(1048064K), 0.0007385 secs] [Times: user=0.00 sys=0.00, real=0.00 secs] 
2024-10-04T19:35:29.851+0300: 194.942: Total time for which application threads were stopped: 0.0010150 seconds, Stopping threads took: 0.0001616 seconds
2024-10-04T19:35:31.029+0300: 196.126: Application time: 1.1840346 seconds
2024-10-04T19:35:31.029+0300: 196.127: [GC (Allocation Failure) [PSYoungGen: 348528K->384K(348672K)] 355360K->7232K(1048064K), 0.0045812 secs] [Times: user=0.00 sys=0.00, real=0.02 secs] 
2024-10-04T19:35:31.046+0300: 196.131: Total time for which application threads were stopped: 0.0049498 seconds, Stopping threads took: 0.0002064 seconds
2024-10-04T19:35:32.221+0300: 197.315: Application time: 1.1833934 seconds
2024-10-04T19:35:32.221+0300: 197.315: [GC (Allocation Failure) [PSYoungGen: 348544K->416K(348672K)] 355392K->7280K(1048064K), 0.0007002 secs] [Times: user=0.00 sys=0.00, real=0.00 secs] 
2024-10-04T19:35:32.221+0300: 197.316: Total time for which application threads were stopped: 0.0009996 seconds, Stopping threads took: 0.0001607 seconds
2024-10-04T19:35:33.413+0300: 198.507: Application time: 1.1913377 seconds
2024-10-04T19:35:33.413+0300: 198.507: [GC (Allocation Failure) [PSYoungGen: 348576K->368K(348672K)] 355440K->7248K(1048064K), 0.0006991 secs] [Times: user=0.00 sys=0.00, real=0.00 secs] 
2024-10-04T19:35:33.413+0300: 198.508: Total time for which application threads were stopped: 0.0010214 seconds, Stopping threads took: 0.0001834 seconds
2024-10-04T19:35:34.606+0300: 199.699: Application time: 1.1907765 seconds
2024-10-04T19:35:34.606+0300: 199.699: [GC (Allocation Failure) [PSYoungGen: 348528K->352K(348672K)] 355408K->7240K(1048064K), 0.0007283 secs] [Times: user=0.03 sys=0.00, real=0.00 secs] 
2024-10-04T19:35:34.606+0300: 199.700: Total time for which application threads were stopped: 0.0010530 seconds, Stopping threads took: 0.0001801 seconds
2024-10-04T19:35:35.800+0300: 200.890: Application time: 1.1902986 seconds
2024-10-04T19:35:35.800+0300: 200.891: [GC (Allocation Failure) [PSYoungGen: 348512K->384K(348672K)] 355400K->7296K(1048064K), 0.0007415 secs] [Times: user=0.00 sys=0.00, real=0.00 secs] 
2024-10-04T19:35:35.800+0300: 200.891: Total time for which application threads were stopped: 0.0010110 seconds, Stopping threads took: 0.0001589 seconds
2024-10-04T19:35:36.993+0300: 202.081: Application time: 1.1895475 seconds
2024-10-04T19:35:36.993+0300: 202.081: [GC (Allocation Failure) [PSYoungGen: 348544K->384K(348672K)] 355456K->7328K(1048064K), 0.0007080 secs] [Times: user=0.00 sys=0.00, real=0.00 secs] 
2024-10-04T19:35:36.998+0300: 202.082: Total time for which application threads were stopped: 0.0009970 seconds, Stopping threads took: 0.0001785 seconds
2024-10-04T19:35:38.170+0300: 203.267: Application time: 1.1846505 seconds
2024-10-04T19:35:38.170+0300: 203.267: [GC (Allocation Failure) [PSYoungGen: 348544K->352K(348672K)] 355488K->7312K(1048064K), 0.0007076 secs] [Times: user=0.00 sys=0.00, real=0.00 secs] 
2024-10-04T19:35:38.170+0300: 203.268: Total time for which application threads were stopped: 0.0010258 seconds, Stopping threads took: 0.0002010 seconds
2024-10-04T19:35:39.363+0300: 204.453: Application time: 1.1852982 seconds
2024-10-04T19:35:39.363+0300: 204.453: [GC (Allocation Failure) [PSYoungGen: 348512K->416K(348672K)] 355472K->7392K(1048064K), 0.0007500 secs] [Times: user=0.00 sys=0.00, real=0.00 secs] 
2024-10-04T19:35:39.363+0300: 204.454: Total time for which application threads were stopped: 0.0011050 seconds, Stopping threads took: 0.0002013 seconds
2024-10-04T19:35:40.573+0300: 205.657: Application time: 1.2030097 seconds
2024-10-04T19:35:40.573+0300: 205.657: [GC (Allocation Failure) [PSYoungGen: 348576K->384K(348672K)] 355552K->7376K(1048064K), 0.0037843 secs] [Times: user=0.00 sys=0.00, real=0.00 secs] 
2024-10-04T19:35:40.576+0300: 205.661: Total time for which application threads were stopped: 0.0040843 seconds, Stopping threads took: 0.0001443 seconds
2024-10-04T19:35:41.749+0300: 206.842: Application time: 1.1814133 seconds
2024-10-04T19:35:41.749+0300: 206.843: [GC (Allocation Failure) [PSYoungGen: 348544K->368K(348672K)] 355536K->7400K(1048064K), 0.0006336 secs] [Times: user=0.00 sys=0.00, real=0.00 secs] 
2024-10-04T19:35:41.749+0300: 206.843: Total time for which application threads were stopped: 0.0008878 seconds, Stopping threads took: 0.0001440 seconds
2024-10-04T19:35:42.942+0300: 208.031: Application time: 1.1875308 seconds
2024-10-04T19:35:42.942+0300: 208.031: [GC (Allocation Failure) [PSYoungGen: 348528K->416K(348672K)] 355560K->7456K(1048064K), 0.0007317 secs] [Times: user=0.00 sys=0.00, real=0.00 secs] 
2024-10-04T19:35:42.942+0300: 208.032: Total time for which application threads were stopped: 0.0010324 seconds, Stopping threads took: 0.0001595 seconds
2024-10-04T19:35:44.119+0300: 209.217: Application time: 1.1853709 seconds
2024-10-04T19:35:44.119+0300: 209.218: [GC (Allocation Failure) [PSYoungGen: 348576K->368K(348672K)] 355616K->7448K(1048064K), 0.0006433 secs] [Times: user=0.00 sys=0.00, real=0.00 secs] 
2024-10-04T19:35:44.119+0300: 209.218: Total time for which application threads were stopped: 0.0009331 seconds, Stopping threads took: 0.0001653 seconds
2024-10-04T19:35:45.313+0300: 210.407: Application time: 1.1887755 seconds
2024-10-04T19:35:45.313+0300: 210.407: [GC (Allocation Failure) [PSYoungGen: 348528K->368K(348672K)] 355608K->7456K(1048064K), 0.0006905 secs] [Times: user=0.00 sys=0.00, real=0.00 secs] 
2024-10-04T19:35:45.313+0300: 210.408: Total time for which application threads were stopped: 0.0010302 seconds, Stopping threads took: 0.0001923 seconds
2024-10-04T19:35:46.511+0300: 211.602: Application time: 1.1940832 seconds
2024-10-04T19:35:46.511+0300: 211.602: [GC (Allocation Failure) [PSYoungGen: 348528K->400K(348672K)] 355616K->7512K(1048064K), 0.0006842 secs] [Times: user=0.00 sys=0.00, real=0.00 secs] 
2024-10-04T19:35:46.511+0300: 211.603: Total time for which application threads were stopped: 0.0009372 seconds, Stopping threads took: 0.0001385 seconds
2024-10-04T19:35:47.699+0300: 212.788: Application time: 1.1853559 seconds
2024-10-04T19:35:47.699+0300: 212.789: [GC (Allocation Failure) [PSYoungGen: 348560K->384K(348672K)] 355672K->7504K(1048064K), 0.0006935 secs] [Times: user=0.00 sys=0.00, real=0.00 secs] 
2024-10-04T19:35:47.699+0300: 212.789: Total time for which application threads were stopped: 0.0009602 seconds, Stopping threads took: 0.0001549 seconds
2024-10-04T19:35:48.892+0300: 213.976: Application time: 1.1862043 seconds
2024-10-04T19:35:48.892+0300: 213.976: [GC (Allocation Failure) [PSYoungGen: 348544K->368K(348672K)] 355664K->7512K(1048064K), 0.0006704 secs] [Times: user=0.00 sys=0.00, real=0.00 secs] 
2024-10-04T19:35:48.892+0300: 213.977: Total time for which application threads were stopped: 0.0009324 seconds, Stopping threads took: 0.0001280 seconds
2024-10-04T19:35:50.068+0300: 215.161: Application time: 1.1849010 seconds
2024-10-04T19:35:50.068+0300: 215.162: [GC (Allocation Failure) [PSYoungGen: 348528K->352K(348672K)] 355672K->7512K(1048064K), 0.0006435 secs] [Times: user=0.00 sys=0.00, real=0.00 secs] 
2024-10-04T19:35:50.068+0300: 215.162: Total time for which application threads were stopped: 0.0009268 seconds, Stopping threads took: 0.0001736 seconds
2024-10-04T19:35:51.262+0300: 216.354: Application time: 1.1919041 seconds
2024-10-04T19:35:51.262+0300: 216.355: [GC (Allocation Failure) [PSYoungGen: 348512K->416K(348672K)] 355672K->7600K(1048064K), 0.0006582 secs] [Times: user=0.00 sys=0.00, real=0.00 secs] 
2024-10-04T19:35:51.262+0300: 216.355: Total time for which application threads were stopped: 0.0009490 seconds, Stopping threads took: 0.0001746 seconds
2024-10-04T19:35:52.455+0300: 217.546: Application time: 1.1912323 seconds
2024-10-04T19:35:52.455+0300: 217.547: [GC (Allocation Failure) [PSYoungGen: 348576K->400K(348672K)] 355760K->7616K(1048064K), 0.0006640 secs] [Times: user=0.00 sys=0.00, real=0.00 secs] 
2024-10-04T19:35:52.455+0300: 217.547: Total time for which application threads were stopped: 0.0009441 seconds, Stopping threads took: 0.0001469 seconds
2024-10-04T19:35:53.648+0300: 218.737: Application time: 1.1896775 seconds
2024-10-04T19:35:53.648+0300: 218.737: [GC (Allocation Failure) [PSYoungGen: 348560K->368K(348672K)] 355776K->7600K(1048064K), 0.0007222 secs] [Times: user=0.00 sys=0.00, real=0.00 secs] 
2024-10-04T19:35:53.648+0300: 218.738: Total time for which application threads were stopped: 0.0010088 seconds, Stopping threads took: 0.0001623 seconds
2024-10-04T19:35:54.840+0300: 219.925: Application time: 1.1867652 seconds
2024-10-04T19:35:54.840+0300: 219.925: [GC (Allocation Failure) [PSYoungGen: 348528K->352K(348672K)] 355760K->7624K(1048064K), 0.0006617 secs] [Times: user=0.00 sys=0.00, real=0.00 secs] 
2024-10-04T19:35:54.840+0300: 219.926: Total time for which application threads were stopped: 0.0009322 seconds, Stopping threads took: 0.0001350 seconds
2024-10-04T19:35:56.027+0300: 221.115: Application time: 1.1891644 seconds
2024-10-04T19:35:56.027+0300: 221.115: [GC (Allocation Failure) [PSYoungGen: 348512K->384K(348672K)] 355784K->7696K(1048064K), 0.0006752 secs] [Times: user=0.00 sys=0.00, real=0.00 secs] 
2024-10-04T19:35:56.027+0300: 221.116: Total time for which application threads were stopped: 0.0009963 seconds, Stopping threads took: 0.0001970 seconds
2024-10-04T19:35:57.210+0300: 222.308: Application time: 1.1917456 seconds
2024-10-04T19:35:57.210+0300: 222.308: [GC (Allocation Failure) [PSYoungGen: 348544K->368K(348672K)] 355856K->7696K(1048064K), 0.0005904 secs] [Times: user=0.00 sys=0.00, real=0.01 secs] 
2024-10-04T19:35:57.224+0300: 222.309: Total time for which application threads were stopped: 0.0008835 seconds, Stopping threads took: 0.0001757 seconds
2024-10-04T19:35:58.403+0300: 223.501: Application time: 1.1927586 seconds
2024-10-04T19:35:58.403+0300: 223.502: [GC (Allocation Failure) [PSYoungGen: 348528K->368K(348672K)] 355856K->7712K(1048064K), 0.0006853 secs] [Times: user=0.00 sys=0.00, real=0.01 secs] 
2024-10-04T19:35:58.418+0300: 223.502: Total time for which application threads were stopped: 0.0009778 seconds, Stopping threads took: 0.0001663 seconds
2024-10-04T19:35:59.611+0300: 224.700: Application time: 1.1972477 seconds
2024-10-04T19:35:59.611+0300: 224.700: [GC (Allocation Failure) [PSYoungGen: 348528K->368K(348672K)] 355872K->7728K(1048064K), 0.0006522 secs] [Times: user=0.02 sys=0.00, real=0.00 secs] 
2024-10-04T19:35:59.616+0300: 224.701: Total time for which application threads were stopped: 0.0009641 seconds, Stopping threads took: 0.0001763 seconds
2024-10-04T19:36:00.819+0300: 225.910: Application time: 1.2095526 seconds
2024-10-04T19:36:00.819+0300: 225.910: [GC (Allocation Failure) [PSYoungGen: 348528K->384K(348672K)] 355888K->7760K(1048064K), 0.0006997 secs] [Times: user=0.00 sys=0.00, real=0.01 secs] 
2024-10-04T19:36:00.827+0300: 225.911: Total time for which application threads were stopped: 0.0009886 seconds, Stopping threads took: 0.0001784 seconds
2024-10-04T19:36:02.013+0300: 227.109: Application time: 1.1978514 seconds
2024-10-04T19:36:02.013+0300: 227.109: [GC (Allocation Failure) [PSYoungGen: 348544K->384K(348672K)] 355920K->7776K(1048064K), 0.0006672 secs] [Times: user=0.00 sys=0.00, real=0.00 secs] 
2024-10-04T19:36:02.013+0300: 227.110: Total time for which application threads were stopped: 0.0009655 seconds, Stopping threads took: 0.0001637 seconds
2024-10-04T19:36:03.222+0300: 228.306: Application time: 1.1965130 seconds
2024-10-04T19:36:03.222+0300: 228.307: [GC (Allocation Failure) [PSYoungGen: 348544K->352K(348672K)] 355936K->7768K(1048064K), 0.0006895 secs] [Times: user=0.00 sys=0.00, real=0.00 secs] 
2024-10-04T19:36:03.222+0300: 228.307: Total time for which application threads were stopped: 0.0009761 seconds, Stopping threads took: 0.0001718 seconds
2024-10-04T19:36:04.415+0300: 229.503: Application time: 1.1960341 seconds
2024-10-04T19:36:04.415+0300: 229.504: [GC (Allocation Failure) [PSYoungGen: 348512K->368K(348672K)] 355928K->7800K(1048064K), 0.0007035 secs] [Times: user=0.00 sys=0.00, real=0.00 secs] 
2024-10-04T19:36:04.415+0300: 229.504: Total time for which application threads were stopped: 0.0010269 seconds, Stopping threads took: 0.0001867 seconds
2024-10-04T19:36:05.622+0300: 230.708: Application time: 1.2034410 seconds
2024-10-04T19:36:05.622+0300: 230.708: [GC (Allocation Failure) [PSYoungGen: 348528K->384K(348672K)] 355960K->7832K(1048064K), 0.0006567 secs] [Times: user=0.00 sys=0.00, real=0.00 secs] 
2024-10-04T19:36:05.622+0300: 230.709: Total time for which application threads were stopped: 0.0008878 seconds, Stopping threads took: 0.0001013 seconds
2024-10-04T19:36:06.815+0300: 231.908: Application time: 1.1995459 seconds
2024-10-04T19:36:06.815+0300: 231.909: [GC (Allocation Failure) [PSYoungGen: 348544K->368K(348672K)] 355992K->7824K(1048064K), 0.0007012 secs] [Times: user=0.00 sys=0.00, real=0.00 secs] 
2024-10-04T19:36:06.815+0300: 231.909: Total time for which application threads were stopped: 0.0010001 seconds, Stopping threads took: 0.0001620 seconds
2024-10-04T19:36:08.008+0300: 233.096: Application time: 1.1870778 seconds
2024-10-04T19:36:08.008+0300: 233.097: [GC (Allocation Failure) [PSYoungGen: 348528K->352K(348672K)] 355984K->7824K(1048064K), 0.0007124 secs] [Times: user=0.00 sys=0.00, real=0.00 secs] 
2024-10-04T19:36:08.008+0300: 233.097: Total time for which application threads were stopped: 0.0010301 seconds, Stopping threads took: 0.0001681 seconds
2024-10-04T19:36:09.200+0300: 234.296: Application time: 1.1980496 seconds
2024-10-04T19:36:09.200+0300: 234.296: [GC (Allocation Failure) [PSYoungGen: 348512K->352K(348672K)] 355984K->7840K(1048064K), 0.0007814 secs] [Times: user=0.00 sys=0.00, real=0.00 secs] 
2024-10-04T19:36:09.200+0300: 234.297: Total time for which application threads were stopped: 0.0010783 seconds, Stopping threads took: 0.0001815 seconds
2024-10-04T19:36:10.409+0300: 235.495: Application time: 1.1979696 seconds
2024-10-04T19:36:10.409+0300: 235.495: [GC (Allocation Failure) [PSYoungGen: 348512K->416K(348672K)] 356000K->7920K(1048064K), 0.0006709 secs] [Times: user=0.00 sys=0.00, real=0.00 secs] 
2024-10-04T19:36:10.411+0300: 235.496: Total time for which application threads were stopped: 0.0010053 seconds, Stopping threads took: 0.0002112 seconds
2024-10-04T19:36:11.601+0300: 236.697: Application time: 1.2017585 seconds
2024-10-04T19:36:11.601+0300: 236.698: [GC (Allocation Failure) [PSYoungGen: 348576K->384K(348672K)] 356080K->7904K(1048064K), 0.0007159 secs] [Times: user=0.00 sys=0.00, real=0.00 secs] 
2024-10-04T19:36:11.601+0300: 236.698: Total time for which application threads were stopped: 0.0010454 seconds, Stopping threads took: 0.0001999 seconds
2024-10-04T19:36:12.794+0300: 237.888: Application time: 1.1900368 seconds
2024-10-04T19:36:12.794+0300: 237.889: [GC (Allocation Failure) [PSYoungGen: 348544K->368K(348672K)] 356064K->7904K(1048064K), 0.0006331 secs] [Times: user=0.00 sys=0.00, real=0.01 secs] 
2024-10-04T19:36:12.805+0300: 237.889: Total time for which application threads were stopped: 0.0009507 seconds, Stopping threads took: 0.0001932 seconds
2024-10-04T19:36:14.003+0300: 239.089: Application time: 1.1998427 seconds
2024-10-04T19:36:14.003+0300: 239.089: [GC (Allocation Failure) [PSYoungGen: 348528K->368K(348672K)] 356064K->7912K(1048064K), 0.0007825 secs] [Times: user=0.00 sys=0.00, real=0.00 secs] 
2024-10-04T19:36:14.006+0300: 239.090: Total time for which application threads were stopped: 0.0010676 seconds, Stopping threads took: 0.0001214 seconds
2024-10-04T19:36:15.228+0300: 240.323: Application time: 1.2322734 seconds
2024-10-04T19:36:15.228+0300: 240.323: [GC (Allocation Failure) [PSYoungGen: 348528K->384K(348672K)] 356072K->7936K(1048064K), 0.0007675 secs] [Times: user=0.00 sys=0.00, real=0.00 secs] 
2024-10-04T19:36:15.228+0300: 240.324: Total time for which application threads were stopped: 0.0010597 seconds, Stopping threads took: 0.0001629 seconds
2024-10-04T19:36:16.437+0300: 241.531: Application time: 1.2069779 seconds
2024-10-04T19:36:16.437+0300: 241.531: [GC (Allocation Failure) [PSYoungGen: 348544K->464K(348672K)] 356096K->8040K(1048064K), 0.0009565 secs] [Times: user=0.00 sys=0.00, real=0.00 secs] 
2024-10-04T19:36:16.437+0300: 241.532: Total time for which application threads were stopped: 0.0016419 seconds, Stopping threads took: 0.0005545 seconds
2024-10-04T19:36:17.646+0300: 242.738: Application time: 1.2055416 seconds
2024-10-04T19:36:17.646+0300: 242.738: [GC (Allocation Failure) [PSYoungGen: 348624K->384K(348672K)] 356200K->7968K(1048064K), 0.0007655 secs] [Times: user=0.00 sys=0.00, real=0.00 secs] 
2024-10-04T19:36:17.646+0300: 242.739: Total time for which application threads were stopped: 0.0010596 seconds, Stopping threads took: 0.0001555 seconds
2024-10-04T19:36:18.839+0300: 243.930: Application time: 1.1910271 seconds
2024-10-04T19:36:18.839+0300: 243.930: [GC (Allocation Failure) [PSYoungGen: 348544K->336K(348672K)] 356128K->7928K(1048064K), 0.0006672 secs] [Times: user=0.00 sys=0.00, real=0.00 secs] 
2024-10-04T19:36:18.839+0300: 243.931: Total time for which application threads were stopped: 0.0010592 seconds, Stopping threads took: 0.0002668 seconds
2024-10-04T19:36:20.032+0300: 245.116: Application time: 1.1846967 seconds
2024-10-04T19:36:20.032+0300: 245.116: [GC (Allocation Failure) [PSYoungGen: 348496K->368K(348672K)] 356088K->7968K(1048064K), 0.0006780 secs] [Times: user=0.00 sys=0.00, real=0.00 secs] 
2024-10-04T19:36:20.032+0300: 245.117: Total time for which application threads were stopped: 0.0011801 seconds, Stopping threads took: 0.0003845 seconds
2024-10-04T19:36:21.208+0300: 246.306: Application time: 1.1889687 seconds
2024-10-04T19:36:21.208+0300: 246.306: [GC (Allocation Failure) [PSYoungGen: 348528K->400K(348672K)] 356128K->8024K(1048064K), 0.0006802 secs] [Times: user=0.00 sys=0.00, real=0.00 secs] 
2024-10-04T19:36:21.208+0300: 246.307: Total time for which application threads were stopped: 0.0009896 seconds, Stopping threads took: 0.0001721 seconds
2024-10-04T19:36:22.401+0300: 247.500: Application time: 1.1928248 seconds
2024-10-04T19:36:22.416+0300: 247.500: [GC (Allocation Failure) [PSYoungGen: 348560K->336K(348672K)] 356184K->7976K(1048064K), 0.0006546 secs] [Times: user=0.00 sys=0.00, real=0.00 secs] 
2024-10-04T19:36:22.417+0300: 247.501: Total time for which application threads were stopped: 0.0010016 seconds, Stopping threads took: 0.0002140 seconds
2024-10-04T19:36:23.638+0300: 248.723: Application time: 1.2222800 seconds
2024-10-04T19:36:23.638+0300: 248.723: [GC (Allocation Failure) [PSYoungGen: 348496K->368K(348672K)] 356136K->8024K(1048064K), 0.0006554 secs] [Times: user=0.00 sys=0.00, real=0.00 secs] 
2024-10-04T19:36:23.638+0300: 248.724: Total time for which application threads were stopped: 0.0009175 seconds, Stopping threads took: 0.0001420 seconds
2024-10-04T19:36:24.847+0300: 249.932: Application time: 1.2081947 seconds
2024-10-04T19:36:24.847+0300: 249.932: [GC (Allocation Failure) [PSYoungGen: 348528K->384K(348672K)] 356184K->8056K(1048064K), 0.0006180 secs] [Times: user=0.00 sys=0.00, real=0.00 secs] 
2024-10-04T19:36:24.847+0300: 249.933: Total time for which application threads were stopped: 0.0009627 seconds, Stopping threads took: 0.0002134 seconds
2024-10-04T19:36:26.039+0300: 251.134: Application time: 1.2010640 seconds
2024-10-04T19:36:26.039+0300: 251.134: [GC (Allocation Failure) [PSYoungGen: 348544K->384K(348672K)] 356216K->8064K(1048064K), 0.0006451 secs] [Times: user=0.00 sys=0.00, real=0.01 secs] 
2024-10-04T19:36:26.051+0300: 251.135: Total time for which application threads were stopped: 0.0009326 seconds, Stopping threads took: 0.0001704 seconds
2024-10-04T19:36:27.234+0300: 252.331: Application time: 1.1961203 seconds
2024-10-04T19:36:27.234+0300: 252.331: [GC (Allocation Failure) [PSYoungGen: 348544K->416K(348672K)] 356224K->8104K(1048064K), 0.0007036 secs] [Times: user=0.00 sys=0.00, real=0.01 secs] 
2024-10-04T19:36:27.248+0300: 252.332: Total time for which application threads were stopped: 0.0009901 seconds, Stopping threads took: 0.0001645 seconds
2024-10-04T19:36:28.442+0300: 253.532: Application time: 1.2001872 seconds
2024-10-04T19:36:28.442+0300: 253.533: [GC (Allocation Failure) [PSYoungGen: 348576K->400K(348672K)] 356264K->8104K(1048064K), 0.0006548 secs] [Times: user=0.00 sys=0.00, real=0.00 secs] 
2024-10-04T19:36:28.442+0300: 253.533: Total time for which application threads were stopped: 0.0009507 seconds, Stopping threads took: 0.0001645 seconds
2024-10-04T19:36:29.634+0300: 254.725: Application time: 1.1912661 seconds
2024-10-04T19:36:29.634+0300: 254.725: [GC (Allocation Failure) [PSYoungGen: 348560K->384K(348672K)] 356264K->8104K(1048064K), 0.0006785 secs] [Times: user=0.00 sys=0.00, real=0.00 secs] 
2024-10-04T19:36:29.634+0300: 254.726: Total time for which application threads were stopped: 0.0009661 seconds, Stopping threads took: 0.0001758 seconds
2024-10-04T19:36:30.827+0300: 255.911: Application time: 1.1856756 seconds
2024-10-04T19:36:30.827+0300: 255.911: [GC (Allocation Failure) [PSYoungGen: 348544K->400K(348672K)] 356264K->8136K(1048064K), 0.0006618 secs] [Times: user=0.00 sys=0.00, real=0.00 secs] 
2024-10-04T19:36:30.827+0300: 255.912: Total time for which application threads were stopped: 0.0009290 seconds, Stopping threads took: 0.0001381 seconds
2024-10-04T19:36:31.597+0300: 256.688: Application time: 0.7760862 seconds
2024-10-04T19:36:31.597+0300: 256.688: Total time for which application threads were stopped: 0.0002406 seconds, Stopping threads took: 0.0001845 seconds
2024-10-04T19:36:31.769+0300: 256.860: Application time: 0.1711318 seconds
2024-10-04T19:36:31.769+0300: 256.860: Total time for which application threads were stopped: 0.0002423 seconds, Stopping threads took: 0.0001866 seconds
2024-10-04T19:36:31.785+0300: 256.870: Application time: 0.0099321 seconds
2024-10-04T19:36:31.785+0300: 256.870: Total time for which application threads were stopped: 0.0001187 seconds, Stopping threads took: 0.0000864 seconds
2024-10-04T19:36:31.973+0300: 257.065: Application time: 0.1955556 seconds
2024-10-04T19:36:31.982+0300: 257.066: Total time for which application threads were stopped: 0.0003614 seconds, Stopping threads took: 0.0003033 seconds
2024-10-04T19:36:32.146+0300: 257.232: Application time: 0.1659939 seconds
2024-10-04T19:36:32.146+0300: 257.232: [GC (Allocation Failure) [PSYoungGen: 348560K->384K(348672K)] 356296K->8160K(1048064K), 0.0007195 secs] [Times: user=0.00 sys=0.00, real=0.00 secs] 
2024-10-04T19:36:32.146+0300: 257.233: Total time for which application threads were stopped: 0.0010086 seconds, Stopping threads took: 0.0001681 seconds
2024-10-04T19:36:33.338+0300: 258.427: Application time: 1.1946392 seconds
2024-10-04T19:36:33.338+0300: 258.428: [GC (Allocation Failure) [PSYoungGen: 348544K->384K(348672K)] 356320K->8208K(1048064K), 0.0006755 secs] [Times: user=0.00 sys=0.00, real=0.00 secs] 
2024-10-04T19:36:33.338+0300: 258.428: Total time for which application threads were stopped: 0.0009365 seconds, Stopping threads took: 0.0001410 seconds
2024-10-04T19:36:34.532+0300: 259.623: Application time: 1.1947268 seconds
2024-10-04T19:36:34.532+0300: 259.623: [GC (Allocation Failure) [PSYoungGen: 348544K->368K(348672K)] 356368K->8200K(1048064K), 0.0006427 secs] [Times: user=0.00 sys=0.00, real=0.00 secs] 
2024-10-04T19:36:34.532+0300: 259.624: Total time for which application threads were stopped: 0.0009491 seconds, Stopping threads took: 0.0001607 seconds
2024-10-04T19:36:35.709+0300: 260.809: Application time: 1.1845557 seconds
2024-10-04T19:36:35.725+0300: 260.809: [GC (Allocation Failure) [PSYoungGen: 348528K->384K(348672K)] 356360K->8248K(1048064K), 0.0006991 secs] [Times: user=0.00 sys=0.00, real=0.00 secs] 
2024-10-04T19:36:35.725+0300: 260.810: Total time for which application threads were stopped: 0.0010023 seconds, Stopping threads took: 0.0001720 seconds
2024-10-04T19:36:36.909+0300: 261.993: Application time: 1.1831703 seconds
2024-10-04T19:36:36.909+0300: 261.993: [GC (Allocation Failure) [PSYoungGen: 348544K->384K(348672K)] 356408K->8256K(1048064K), 0.0006954 secs] [Times: user=0.00 sys=0.00, real=0.00 secs] 
2024-10-04T19:36:36.910+0300: 261.994: Total time for which application threads were stopped: 0.0010059 seconds, Stopping threads took: 0.0001711 seconds
2024-10-04T19:36:38.095+0300: 263.184: Application time: 1.1899043 seconds
2024-10-04T19:36:38.095+0300: 263.184: [GC (Allocation Failure) [PSYoungGen: 348544K->352K(348672K)] 356416K->8264K(1048064K), 0.0006758 secs] [Times: user=0.00 sys=0.00, real=0.00 secs] 
2024-10-04T19:36:38.095+0300: 263.185: Total time for which application threads were stopped: 0.0009368 seconds, Stopping threads took: 0.0001383 seconds
2024-10-04T19:36:39.288+0300: 264.372: Application time: 1.1873358 seconds
2024-10-04T19:36:39.288+0300: 264.372: [GC (Allocation Failure) [PSYoungGen: 348512K->400K(348672K)] 356424K->8320K(1048064K), 0.0006374 secs] [Times: user=0.00 sys=0.00, real=0.00 secs] 
2024-10-04T19:36:39.288+0300: 264.373: Total time for which application threads were stopped: 0.0008894 seconds, Stopping threads took: 0.0001357 seconds
2024-10-04T19:36:40.481+0300: 265.567: Application time: 1.1938561 seconds
2024-10-04T19:36:40.481+0300: 265.567: [GC (Allocation Failure) [PSYoungGen: 348560K->400K(348672K)] 356480K->8360K(1048064K), 0.0006826 secs] [Times: user=0.00 sys=0.00, real=0.00 secs] 
2024-10-04T19:36:40.481+0300: 265.568: Total time for which application threads were stopped: 0.0009734 seconds, Stopping threads took: 0.0001473 seconds
2024-10-04T19:36:41.658+0300: 266.755: Application time: 1.1872619 seconds
2024-10-04T19:36:41.658+0300: 266.755: [GC (Allocation Failure) [PSYoungGen: 348560K->384K(348672K)] 356520K->8368K(1048064K), 0.0006167 secs] [Times: user=0.00 sys=0.00, real=0.00 secs] 
2024-10-04T19:36:41.658+0300: 266.756: Total time for which application threads were stopped: 0.0008840 seconds, Stopping threads took: 0.0001593 seconds
2024-10-04T19:36:42.850+0300: 267.949: Application time: 1.1930460 seconds
2024-10-04T19:36:42.865+0300: 267.949: [GC (Allocation Failure) [PSYoungGen: 348544K->368K(348672K)] 356528K->8368K(1048064K), 0.0006798 secs] [Times: user=0.00 sys=0.00, real=0.00 secs] 
2024-10-04T19:36:42.865+0300: 267.950: Total time for which application threads were stopped: 0.0010457 seconds, Stopping threads took: 0.0002314 seconds
2024-10-04T19:36:44.042+0300: 269.137: Application time: 1.1873151 seconds
2024-10-04T19:36:44.042+0300: 269.138: [GC (Allocation Failure) [PSYoungGen: 348528K->384K(348672K)] 356528K->8400K(1048064K), 0.0006116 secs] [Times: user=0.00 sys=0.00, real=0.00 secs] 
2024-10-04T19:36:44.042+0300: 269.138: Total time for which application threads were stopped: 0.0008584 seconds, Stopping threads took: 0.0001369 seconds
2024-10-04T19:36:45.235+0300: 270.324: Application time: 1.1854209 seconds
2024-10-04T19:36:45.235+0300: 270.324: [GC (Allocation Failure) [PSYoungGen: 348544K->368K(348672K)] 356560K->8400K(1048064K), 0.0006519 secs] [Times: user=0.00 sys=0.00, real=0.00 secs] 
2024-10-04T19:36:45.235+0300: 270.325: Total time for which application threads were stopped: 0.0009297 seconds, Stopping threads took: 0.0001666 seconds
2024-10-04T19:36:46.428+0300: 271.515: Application time: 1.1902046 seconds
2024-10-04T19:36:46.428+0300: 271.515: [GC (Allocation Failure) [PSYoungGen: 348528K->368K(348672K)] 356560K->8408K(1048064K), 0.0006894 secs] [Times: user=0.00 sys=0.00, real=0.00 secs] 
2024-10-04T19:36:46.428+0300: 271.516: Total time for which application threads were stopped: 0.0009709 seconds, Stopping threads took: 0.0001441 seconds
2024-10-04T19:36:47.621+0300: 272.716: Application time: 1.2003493 seconds
2024-10-04T19:36:47.621+0300: 272.716: [GC (Allocation Failure) [PSYoungGen: 348528K->352K(348672K)] 356568K->8432K(1048064K), 0.0006803 secs] [Times: user=0.00 sys=0.00, real=0.00 secs] 
2024-10-04T19:36:47.621+0300: 272.717: Total time for which application threads were stopped: 0.0009679 seconds, Stopping threads took: 0.0001783 seconds
2024-10-04T19:36:48.814+0300: 273.904: Application time: 1.1871677 seconds
2024-10-04T19:36:48.814+0300: 273.904: [GC (Allocation Failure) [PSYoungGen: 348512K->368K(348672K)] 356592K->8472K(1048064K), 0.0007547 secs] [Times: user=0.00 sys=0.00, real=0.00 secs] 
2024-10-04T19:36:48.814+0300: 273.905: Total time for which application threads were stopped: 0.0010441 seconds, Stopping threads took: 0.0001720 seconds
2024-10-04T19:36:50.007+0300: 275.093: Application time: 1.1879874 seconds
2024-10-04T19:36:50.007+0300: 275.093: [GC (Allocation Failure) [PSYoungGen: 348528K->368K(348672K)] 356632K->8488K(1048064K), 0.0006588 secs] [Times: user=0.00 sys=0.00, real=0.00 secs] 
2024-10-04T19:36:50.007+0300: 275.094: Total time for which application threads were stopped: 0.0008963 seconds, Stopping threads took: 0.0001263 seconds
2024-10-04T19:36:51.199+0300: 276.286: Application time: 1.1914783 seconds
2024-10-04T19:36:51.199+0300: 276.286: [GC (Allocation Failure) [PSYoungGen: 348528K->400K(348672K)] 356648K->8528K(1048064K), 0.0006779 secs] [Times: user=0.00 sys=0.00, real=0.00 secs] 
2024-10-04T19:36:51.199+0300: 276.287: Total time for which application threads were stopped: 0.0009387 seconds, Stopping threads took: 0.0001415 seconds
2024-10-04T19:36:52.376+0300: 277.474: Application time: 1.1875512 seconds
2024-10-04T19:36:52.376+0300: 277.474: [GC (Allocation Failure) [PSYoungGen: 348560K->400K(348672K)] 356688K->8568K(1048064K), 0.0006844 secs] [Times: user=0.00 sys=0.00, real=0.00 secs] 
2024-10-04T19:36:52.376+0300: 277.475: Total time for which application threads were stopped: 0.0010021 seconds, Stopping threads took: 0.0002003 seconds
2024-10-04T19:36:53.569+0300: 278.668: Application time: 1.1932553 seconds
2024-10-04T19:36:53.569+0300: 278.669: [GC (Allocation Failure) [PSYoungGen: 348560K->368K(348672K)] 356728K->8576K(1048064K), 0.0006456 secs] [Times: user=0.02 sys=0.00, real=0.02 secs] 
2024-10-04T19:36:53.585+0300: 278.669: Total time for which application threads were stopped: 0.0009288 seconds, Stopping threads took: 0.0001618 seconds
2024-10-04T19:36:54.778+0300: 279.863: Application time: 1.1938878 seconds
2024-10-04T19:36:54.778+0300: 279.863: [GC (Allocation Failure) [PSYoungGen: 348528K->384K(348672K)] 356736K->8632K(1048064K), 0.0007079 secs] [Times: user=0.00 sys=0.00, real=0.00 secs] 
2024-10-04T19:36:54.778+0300: 279.864: Total time for which application threads were stopped: 0.0009863 seconds, Stopping threads took: 0.0001410 seconds
2024-10-04T19:36:55.955+0300: 281.052: Application time: 1.1880175 seconds
2024-10-04T19:36:55.955+0300: 281.052: [GC (Allocation Failure) [PSYoungGen: 348544K->416K(348672K)] 356792K->8696K(1048064K), 0.0006078 secs] [Times: user=0.00 sys=0.00, real=0.00 secs] 
2024-10-04T19:36:55.955+0300: 281.053: Total time for which application threads were stopped: 0.0009330 seconds, Stopping threads took: 0.0002092 seconds
2024-10-04T19:36:57.148+0300: 282.240: Application time: 1.1873134 seconds
2024-10-04T19:36:57.148+0300: 282.241: [GC (Allocation Failure) [PSYoungGen: 348576K->352K(348672K)] 356856K->8648K(1048064K), 0.0006790 secs] [Times: user=0.00 sys=0.00, real=0.00 secs] 
2024-10-04T19:36:57.148+0300: 282.241: Total time for which application threads were stopped: 0.0009937 seconds, Stopping threads took: 0.0002045 seconds
2024-10-04T19:36:58.341+0300: 283.431: Application time: 1.1892012 seconds
2024-10-04T19:36:58.341+0300: 283.431: [GC (Allocation Failure) [PSYoungGen: 348512K->368K(348672K)] 356808K->8704K(1048064K), 0.0006995 secs] [Times: user=0.00 sys=0.00, real=0.00 secs] 
2024-10-04T19:36:58.341+0300: 283.432: Total time for which application threads were stopped: 0.0009810 seconds, Stopping threads took: 0.0001627 seconds
2024-10-04T19:36:59.346+0300: 284.430: Application time: 0.9978851 seconds
2024-10-04T19:36:59.346+0300: 284.430: Total time for which application threads were stopped: 0.0002571 seconds, Stopping threads took: 0.0002078 seconds
2024-10-04T19:36:59.535+0300: 284.630: Application time: 0.2006026 seconds
2024-10-04T19:36:59.535+0300: 284.631: [GC (Allocation Failure) [PSYoungGen: 348528K->384K(348672K)] 356864K->8744K(1048064K), 0.0006621 secs] [Times: user=0.00 sys=0.00, real=0.00 secs] 
2024-10-04T19:36:59.535+0300: 284.631: Total time for which application threads were stopped: 0.0009461 seconds, Stopping threads took: 0.0001775 seconds
2024-10-04T19:37:00.743+0300: 285.834: Application time: 1.2030757 seconds
2024-10-04T19:37:00.743+0300: 285.835: [GC (Allocation Failure) [PSYoungGen: 348544K->352K(348672K)] 356904K->8736K(1048064K), 0.0006717 secs] [Times: user=0.00 sys=0.00, real=0.00 secs] 
2024-10-04T19:37:00.743+0300: 285.835: Total time for which application threads were stopped: 0.0009588 seconds, Stopping threads took: 0.0001763 seconds
2024-10-04T19:37:01.951+0300: 287.044: Application time: 1.2088596 seconds
2024-10-04T19:37:01.951+0300: 287.044: [GC (Allocation Failure) [PSYoungGen: 348512K->368K(348672K)] 356896K->8768K(1048064K), 0.0006659 secs] [Times: user=0.00 sys=0.00, real=0.00 secs] 
2024-10-04T19:37:01.951+0300: 287.045: Total time for which application threads were stopped: 0.0009358 seconds, Stopping threads took: 0.0001202 seconds
2024-10-04T19:37:03.191+0300: 288.282: Application time: 1.2369964 seconds
2024-10-04T19:37:03.191+0300: 288.282: [GC (Allocation Failure) [PSYoungGen: 348528K->416K(348672K)] 356928K->8832K(1048064K), 0.0007217 secs] [Times: user=0.00 sys=0.00, real=0.00 secs] 
2024-10-04T19:37:03.191+0300: 288.283: Total time for which application threads were stopped: 0.0010236 seconds, Stopping threads took: 0.0001507 seconds
2024-10-04T19:37:04.400+0300: 289.488: Application time: 1.2052383 seconds
2024-10-04T19:37:04.400+0300: 289.489: [GC (Allocation Failure) [PSYoungGen: 348576K->368K(348672K)] 356992K->8792K(1048064K), 0.0007059 secs] [Times: user=0.00 sys=0.00, real=0.00 secs] 
2024-10-04T19:37:04.400+0300: 289.489: Total time for which application threads were stopped: 0.0010165 seconds, Stopping threads took: 0.0001734 seconds
2024-10-04T19:37:05.592+0300: 290.691: Application time: 1.2015085 seconds
2024-10-04T19:37:05.607+0300: 290.691: [GC (Allocation Failure) [PSYoungGen: 348528K->400K(348672K)] 356952K->8832K(1048064K), 0.0006714 secs] [Times: user=0.00 sys=0.00, real=0.00 secs] 
2024-10-04T19:37:05.607+0300: 290.692: Total time for which application threads were stopped: 0.0010354 seconds, Stopping threads took: 0.0002204 seconds
2024-10-04T19:37:06.815+0300: 291.900: Application time: 1.2081686 seconds
2024-10-04T19:37:06.815+0300: 291.900: [GC (Allocation Failure) [PSYoungGen: 348560K->384K(348672K)] 356992K->8848K(1048064K), 0.0006809 secs] [Times: user=0.00 sys=0.00, real=0.00 secs] 
2024-10-04T19:37:06.815+0300: 291.901: Total time for which application threads were stopped: 0.0010048 seconds, Stopping threads took: 0.0001890 seconds
2024-10-04T19:37:08.007+0300: 293.102: Application time: 1.2004338 seconds
2024-10-04T19:37:08.007+0300: 293.102: [GC (Allocation Failure) [PSYoungGen: 348544K->384K(348672K)] 357008K->8856K(1048064K), 0.0007019 secs] [Times: user=0.00 sys=0.00, real=0.00 secs] 
2024-10-04T19:37:08.007+0300: 293.103: Total time for which application threads were stopped: 0.0010352 seconds, Stopping threads took: 0.0001899 seconds
2024-10-04T19:37:09.200+0300: 294.298: Application time: 1.1953523 seconds
2024-10-04T19:37:09.200+0300: 294.298: [GC (Allocation Failure) [PSYoungGen: 348544K->368K(348672K)] 357016K->8848K(1048064K), 0.0006718 secs] [Times: user=0.00 sys=0.00, real=0.00 secs] 
2024-10-04T19:37:09.200+0300: 294.299: Total time for which application threads were stopped: 0.0010204 seconds, Stopping threads took: 0.0002180 seconds
2024-10-04T19:37:10.392+0300: 295.489: Application time: 1.1897211 seconds
2024-10-04T19:37:10.392+0300: 295.489: [GC (Allocation Failure) [PSYoungGen: 348528K->384K(348672K)] 357008K->8904K(1048064K), 0.0006281 secs] [Times: user=0.00 sys=0.00, real=0.00 secs] 
2024-10-04T19:37:10.392+0300: 295.490: Total time for which application threads were stopped: 0.0009141 seconds, Stopping threads took: 0.0001699 seconds
2024-10-04T19:37:11.585+0300: 296.682: Application time: 1.1926535 seconds
2024-10-04T19:37:11.585+0300: 296.683: [GC (Allocation Failure) [PSYoungGen: 348544K->384K(348672K)] 357064K->8944K(1048064K), 0.0006712 secs] [Times: user=0.00 sys=0.00, real=0.00 secs] 
2024-10-04T19:37:11.585+0300: 296.683: Total time for which application threads were stopped: 0.0009844 seconds, Stopping threads took: 0.0001913 seconds
2024-10-04T19:37:12.778+0300: 297.876: Application time: 1.1926345 seconds
2024-10-04T19:37:12.778+0300: 297.876: [GC (Allocation Failure) [PSYoungGen: 348544K->352K(348672K)] 357104K->8952K(1048064K), 0.0006386 secs] [Times: user=0.00 sys=0.00, real=0.00 secs] 
2024-10-04T19:37:12.778+0300: 297.877: Total time for which application threads were stopped: 0.0009443 seconds, Stopping threads took: 0.0001807 seconds
2024-10-04T19:37:13.971+0300: 299.069: Application time: 1.1920914 seconds
2024-10-04T19:37:13.971+0300: 299.069: [GC (Allocation Failure) [PSYoungGen: 348512K->368K(348672K)] 357112K->8976K(1048064K), 0.0006821 secs] [Times: user=0.00 sys=0.00, real=0.00 secs] 
2024-10-04T19:37:13.971+0300: 299.070: Total time for which application threads were stopped: 0.0009661 seconds, Stopping threads took: 0.0001749 seconds
2024-10-04T19:37:15.179+0300: 300.264: Application time: 1.1937922 seconds
2024-10-04T19:37:15.179+0300: 300.264: [GC (Allocation Failure) [PSYoungGen: 348528K->336K(348672K)] 357136K->8984K(1048064K), 0.0006040 secs] [Times: user=0.00 sys=0.00, real=0.00 secs] 
2024-10-04T19:37:15.179+0300: 300.265: Total time for which application threads were stopped: 0.0008604 seconds, Stopping threads took: 0.0001495 seconds
2024-10-04T19:37:16.356+0300: 301.451: Application time: 1.1864903 seconds
2024-10-04T19:37:16.356+0300: 301.451: [GC (Allocation Failure) [PSYoungGen: 348496K->368K(348672K)] 357144K->9056K(1048064K), 0.0006573 secs] [Times: user=0.00 sys=0.00, real=0.00 secs] 
2024-10-04T19:37:16.356+0300: 301.452: Total time for which application threads were stopped: 0.0009461 seconds, Stopping threads took: 0.0001835 seconds
2024-10-04T19:37:17.563+0300: 302.651: Application time: 1.1991169 seconds
2024-10-04T19:37:17.563+0300: 302.651: [GC (Allocation Failure) [PSYoungGen: 348528K->352K(348672K)] 357216K->9048K(1048064K), 0.0008492 secs] [Times: user=0.00 sys=0.00, real=0.00 secs] 
2024-10-04T19:37:17.563+0300: 302.652: Total time for which application threads were stopped: 0.0011629 seconds, Stopping threads took: 0.0001831 seconds
2024-10-04T19:37:18.756+0300: 303.842: Application time: 1.1895488 seconds
2024-10-04T19:37:18.756+0300: 303.842: [GC (Allocation Failure) [PSYoungGen: 348512K->368K(348672K)] 357208K->9104K(1048064K), 0.0006929 secs] [Times: user=0.02 sys=0.00, real=0.00 secs] 
2024-10-04T19:37:18.759+0300: 303.843: Total time for which application threads were stopped: 0.0009364 seconds, Stopping threads took: 0.0001187 seconds
2024-10-04T19:37:19.933+0300: 305.030: Application time: 1.1874627 seconds
2024-10-04T19:37:19.933+0300: 305.031: [GC (Allocation Failure) [PSYoungGen: 348528K->432K(348672K)] 357264K->9184K(1048064K), 0.0007509 secs] [Times: user=0.00 sys=0.00, real=0.00 secs] 
2024-10-04T19:37:19.933+0300: 305.031: Total time for which application threads were stopped: 0.0010499 seconds, Stopping threads took: 0.0001673 seconds
2024-10-04T19:37:21.127+0300: 306.221: Application time: 1.1900880 seconds
2024-10-04T19:37:21.127+0300: 306.222: [GC (Allocation Failure) [PSYoungGen: 348592K->368K(348672K)] 357344K->9136K(1048064K), 0.0006406 secs] [Times: user=0.00 sys=0.00, real=0.00 secs] 
2024-10-04T19:37:21.127+0300: 306.222: Total time for which application threads were stopped: 0.0009250 seconds, Stopping threads took: 0.0001462 seconds
2024-10-04T19:37:22.320+0300: 307.408: Application time: 1.1860046 seconds
2024-10-04T19:37:22.320+0300: 307.409: [GC (Allocation Failure) [PSYoungGen: 348528K->368K(348672K)] 357296K->9144K(1048064K), 0.0007092 secs] [Times: user=0.00 sys=0.00, real=0.00 secs] 
2024-10-04T19:37:22.320+0300: 307.409: Total time for which application threads were stopped: 0.0009637 seconds, Stopping threads took: 0.0001361 seconds
2024-10-04T19:37:23.513+0300: 308.608: Application time: 1.1989494 seconds
2024-10-04T19:37:23.513+0300: 308.609: [GC (Allocation Failure) [PSYoungGen: 348528K->400K(348672K)] 357304K->9184K(1048064K), 0.0006460 secs] [Times: user=0.00 sys=0.00, real=0.00 secs] 
2024-10-04T19:37:23.513+0300: 308.609: Total time for which application threads were stopped: 0.0009363 seconds, Stopping threads took: 0.0001651 seconds
2024-10-04T19:37:24.690+0300: 309.788: Application time: 1.1790677 seconds
2024-10-04T19:37:24.690+0300: 309.789: [GC (Allocation Failure) [PSYoungGen: 348560K->400K(348672K)] 357344K->9216K(1048064K), 0.0005975 secs] [Times: user=0.01 sys=0.00, real=0.00 secs] 
2024-10-04T19:37:24.690+0300: 309.789: Total time for which application threads were stopped: 0.0008923 seconds, Stopping threads took: 0.0001510 seconds
2024-10-04T19:37:25.882+0300: 310.980: Application time: 1.1910261 seconds
2024-10-04T19:37:25.882+0300: 310.981: [GC (Allocation Failure) [PSYoungGen: 348560K->400K(348672K)] 357376K->9224K(1048064K), 0.0007805 secs] [Times: user=0.00 sys=0.00, real=0.00 secs] 
2024-10-04T19:37:25.882+0300: 310.981: Total time for which application threads were stopped: 0.0011756 seconds, Stopping threads took: 0.0002443 seconds
2024-10-04T19:37:27.106+0300: 312.193: Application time: 1.2117585 seconds
2024-10-04T19:37:27.106+0300: 312.193: [GC (Allocation Failure) [PSYoungGen: 348560K->416K(348672K)] 357384K->9256K(1048064K), 0.0006699 secs] [Times: user=0.00 sys=0.00, real=0.00 secs] 
2024-10-04T19:37:27.106+0300: 312.194: Total time for which application threads were stopped: 0.0009155 seconds, Stopping threads took: 0.0001150 seconds
2024-10-04T19:37:28.299+0300: 313.392: Application time: 1.1982997 seconds
2024-10-04T19:37:28.299+0300: 313.393: [GC (Allocation Failure) [PSYoungGen: 348576K->352K(348672K)] 357416K->9200K(1048064K), 0.0007036 secs] [Times: user=0.00 sys=0.00, real=0.00 secs] 
2024-10-04T19:37:28.299+0300: 313.393: Total time for which application threads were stopped: 0.0009533 seconds, Stopping threads took: 0.0001067 seconds
2024-10-04T19:37:29.524+0300: 314.610: Application time: 1.2161507 seconds
2024-10-04T19:37:29.524+0300: 314.610: [GC (Allocation Failure) [PSYoungGen: 348512K->384K(348672K)] 357360K->9240K(1048064K), 0.0005998 secs] [Times: user=0.00 sys=0.00, real=0.00 secs] 
2024-10-04T19:37:29.524+0300: 314.610: Total time for which application threads were stopped: 0.0008481 seconds, Stopping threads took: 0.0001323 seconds
2024-10-04T19:37:30.717+0300: 315.811: Application time: 1.2003175 seconds
2024-10-04T19:37:30.717+0300: 315.811: [GC (Allocation Failure) [PSYoungGen: 348544K->384K(348672K)] 357400K->9248K(1048064K), 0.0008670 secs] [Times: user=0.00 sys=0.00, real=0.00 secs] 
2024-10-04T19:37:30.717+0300: 315.812: Total time for which application threads were stopped: 0.0011889 seconds, Stopping threads took: 0.0001799 seconds
2024-10-04T19:37:31.909+0300: 316.999: Application time: 1.1874525 seconds
2024-10-04T19:37:31.909+0300: 317.000: [GC (Allocation Failure) [PSYoungGen: 348544K->384K(348672K)] 357408K->9256K(1048064K), 0.0006049 secs] [Times: user=0.00 sys=0.00, real=0.00 secs] 
2024-10-04T19:37:31.909+0300: 317.000: Total time for which application threads were stopped: 0.0009198 seconds, Stopping threads took: 0.0001802 seconds
2024-10-04T19:37:33.103+0300: 318.192: Application time: 1.1917576 seconds
2024-10-04T19:37:33.103+0300: 318.192: [GC (Allocation Failure) [PSYoungGen: 348544K->384K(348672K)] 357416K->9264K(1048064K), 0.0006416 secs] [Times: user=0.00 sys=0.00, real=0.00 secs] 
2024-10-04T19:37:33.103+0300: 318.193: Total time for which application threads were stopped: 0.0009307 seconds, Stopping threads took: 0.0001803 seconds
2024-10-04T19:37:34.285+0300: 319.377: Application time: 1.1845416 seconds
2024-10-04T19:37:34.285+0300: 319.378: [GC (Allocation Failure) [PSYoungGen: 348544K->416K(348672K)] 357424K->9336K(1048064K), 0.0006848 secs] [Times: user=0.00 sys=0.00, real=0.01 secs] 
2024-10-04T19:37:34.294+0300: 319.378: Total time for which application threads were stopped: 0.0009840 seconds, Stopping threads took: 0.0001825 seconds
2024-10-04T19:37:35.471+0300: 320.569: Application time: 1.1905348 seconds
2024-10-04T19:37:35.471+0300: 320.569: [GC (Allocation Failure) [PSYoungGen: 348576K->352K(348672K)] 357496K->9288K(1048064K), 0.0006407 secs] [Times: user=0.00 sys=0.00, real=0.00 secs] 
2024-10-04T19:37:35.471+0300: 320.570: Total time for which application threads were stopped: 0.0009344 seconds, Stopping threads took: 0.0001525 seconds
2024-10-04T19:37:36.663+0300: 321.756: Application time: 1.1855889 seconds
2024-10-04T19:37:36.663+0300: 321.756: [GC (Allocation Failure) [PSYoungGen: 348512K->384K(348672K)] 357448K->9336K(1048064K), 0.0006669 secs] [Times: user=0.00 sys=0.00, real=0.00 secs] 
2024-10-04T19:37:36.663+0300: 321.757: Total time for which application threads were stopped: 0.0009807 seconds, Stopping threads took: 0.0001751 seconds
2024-10-04T19:37:37.857+0300: 322.950: Application time: 1.1938198 seconds
2024-10-04T19:37:37.857+0300: 322.951: [GC (Allocation Failure) [PSYoungGen: 348544K->384K(348672K)] 357496K->9376K(1048064K), 0.0006579 secs] [Times: user=0.00 sys=0.00, real=0.00 secs] 
2024-10-04T19:37:37.857+0300: 322.951: Total time for which application threads were stopped: 0.0009802 seconds, Stopping threads took: 0.0001650 seconds
2024-10-04T19:37:39.049+0300: 324.140: Application time: 1.1891028 seconds
2024-10-04T19:37:39.049+0300: 324.141: [GC (Allocation Failure) [PSYoungGen: 348544K->400K(348672K)] 357536K->9424K(1048064K), 0.0007616 secs] [Times: user=0.00 sys=0.00, real=0.00 secs] 
2024-10-04T19:37:39.049+0300: 324.141: Total time for which application threads were stopped: 0.0010645 seconds, Stopping threads took: 0.0001545 seconds
2024-10-04T19:37:40.243+0300: 325.334: Application time: 1.1929236 seconds
2024-10-04T19:37:40.243+0300: 325.335: [GC (Allocation Failure) [PSYoungGen: 348560K->368K(348672K)] 357584K->9400K(1048064K), 0.0006829 secs] [Times: user=0.00 sys=0.00, real=0.00 secs] 
2024-10-04T19:37:40.243+0300: 325.335: Total time for which application threads were stopped: 0.0009625 seconds, Stopping threads took: 0.0001377 seconds
2024-10-04T19:37:41.436+0300: 326.520: Application time: 1.1849303 seconds
2024-10-04T19:37:41.436+0300: 326.521: [GC (Allocation Failure) [PSYoungGen: 348528K->384K(348672K)] 357560K->9424K(1048064K), 0.0006168 secs] [Times: user=0.00 sys=0.00, real=0.00 secs] 
2024-10-04T19:37:41.436+0300: 326.521: Total time for which application threads were stopped: 0.0009081 seconds, Stopping threads took: 0.0001452 seconds
2024-10-04T19:37:42.613+0300: 327.711: Application time: 1.1899498 seconds
2024-10-04T19:37:42.613+0300: 327.711: [GC (Allocation Failure) [PSYoungGen: 348544K->384K(348672K)] 357584K->9440K(1048064K), 0.0007040 secs] [Times: user=0.00 sys=0.00, real=0.00 secs] 
2024-10-04T19:37:42.613+0300: 327.712: Total time for which application threads were stopped: 0.0009626 seconds, Stopping threads took: 0.0001164 seconds
2024-10-04T19:37:43.806+0300: 328.903: Application time: 1.1904211 seconds
2024-10-04T19:37:43.806+0300: 328.903: [GC (Allocation Failure) [PSYoungGen: 348544K->384K(348672K)] 357600K->9448K(1048064K), 0.0007634 secs] [Times: user=0.00 sys=0.00, real=0.00 secs] 
2024-10-04T19:37:43.806+0300: 328.904: Total time for which application threads were stopped: 0.0011062 seconds, Stopping threads took: 0.0002214 seconds
2024-10-04T19:37:45.003+0300: 330.095: Application time: 1.1913419 seconds
2024-10-04T19:37:45.003+0300: 330.095: [GC (Allocation Failure) [PSYoungGen: 348544K->384K(348672K)] 357608K->9456K(1048064K), 0.0006968 secs] [Times: user=0.00 sys=0.00, real=0.00 secs] 
2024-10-04T19:37:45.003+0300: 330.096: Total time for which application threads were stopped: 0.0010239 seconds, Stopping threads took: 0.0002051 seconds
2024-10-04T19:37:46.003+0300: 331.086: Application time: 0.9904078 seconds
2024-10-04T19:37:46.003+0300: 331.087: Total time for which application threads were stopped: 0.0002855 seconds, Stopping threads took: 0.0002139 seconds
2024-10-04T19:37:46.191+0300: 331.283: Application time: 0.1964292 seconds
2024-10-04T19:37:46.191+0300: 331.283: [GC (Allocation Failure) [PSYoungGen: 348544K->400K(348672K)] 357616K->9488K(1048064K), 0.0006767 secs] [Times: user=0.00 sys=0.00, real=0.00 secs] 
2024-10-04T19:37:46.191+0300: 331.284: Total time for which application threads were stopped: 0.0009490 seconds, Stopping threads took: 0.0001595 seconds
2024-10-04T19:37:47.368+0300: 332.466: Application time: 1.1819845 seconds
2024-10-04T19:37:47.368+0300: 332.466: [GC (Allocation Failure) [PSYoungGen: 348560K->384K(348672K)] 357648K->9512K(1048064K), 0.0006552 secs] [Times: user=0.00 sys=0.00, real=0.00 secs] 
2024-10-04T19:37:47.368+0300: 332.467: Total time for which application threads were stopped: 0.0009759 seconds, Stopping threads took: 0.0001822 seconds
2024-10-04T19:37:48.578+0300: 333.663: Application time: 1.1960866 seconds
2024-10-04T19:37:48.578+0300: 333.663: [GC (Allocation Failure) [PSYoungGen: 348544K->384K(348672K)] 357672K->9528K(1048064K), 0.0006428 secs] [Times: user=0.00 sys=0.00, real=0.00 secs] 
2024-10-04T19:37:48.578+0300: 333.664: Total time for which application threads were stopped: 0.0009247 seconds, Stopping threads took: 0.0001510 seconds
2024-10-04T19:37:49.755+0300: 334.848: Application time: 1.1837280 seconds
2024-10-04T19:37:49.755+0300: 334.848: [GC (Allocation Failure) [PSYoungGen: 348544K->400K(348672K)] 357688K->9584K(1048064K), 0.0006412 secs] [Times: user=0.00 sys=0.00, real=0.00 secs] 
2024-10-04T19:37:49.755+0300: 334.849: Total time for which application threads were stopped: 0.0009617 seconds, Stopping threads took: 0.0002043 seconds
2024-10-04T19:37:50.951+0300: 336.036: Application time: 1.1869620 seconds
2024-10-04T19:37:50.952+0300: 336.036: [GC (Allocation Failure) [PSYoungGen: 348560K->416K(348672K)] 357744K->9608K(1048064K), 0.0006323 secs] [Times: user=0.00 sys=0.00, real=0.00 secs] 
2024-10-04T19:37:50.952+0300: 336.037: Total time for which application threads were stopped: 0.0009316 seconds, Stopping threads took: 0.0001621 seconds
2024-10-04T19:37:52.141+0300: 337.230: Application time: 1.1932064 seconds
2024-10-04T19:37:52.141+0300: 337.230: [GC (Allocation Failure) [PSYoungGen: 348576K->400K(348672K)] 357768K->9600K(1048064K), 0.0006710 secs] [Times: user=0.00 sys=0.00, real=0.00 secs] 
2024-10-04T19:37:52.141+0300: 337.231: Total time for which application threads were stopped: 0.0009183 seconds, Stopping threads took: 0.0001218 seconds
2024-10-04T19:37:53.318+0300: 338.413: Application time: 1.1822356 seconds
2024-10-04T19:37:53.318+0300: 338.413: [GC (Allocation Failure) [PSYoungGen: 348560K->416K(348672K)] 357760K->9640K(1048064K), 0.0007055 secs] [Times: user=0.00 sys=0.00, real=0.00 secs] 
2024-10-04T19:37:53.318+0300: 338.414: Total time for which application threads were stopped: 0.0009860 seconds, Stopping threads took: 0.0001597 seconds
2024-10-04T19:37:54.519+0300: 339.608: Application time: 1.1937414 seconds
2024-10-04T19:37:54.519+0300: 339.608: [GC (Allocation Failure) [PSYoungGen: 348576K->384K(348672K)] 357800K->9616K(1048064K), 0.0007298 secs] [Times: user=0.00 sys=0.00, real=0.00 secs] 
2024-10-04T19:37:54.519+0300: 339.609: Total time for which application threads were stopped: 0.0009992 seconds, Stopping threads took: 0.0001373 seconds
2024-10-04T19:37:55.702+0300: 340.796: Application time: 1.1871669 seconds
2024-10-04T19:37:55.702+0300: 340.796: [GC (Allocation Failure) [PSYoungGen: 348544K->352K(348672K)] 357776K->9624K(1048064K), 0.0006674 secs] [Times: user=0.00 sys=0.00, real=0.00 secs] 
2024-10-04T19:37:55.702+0300: 340.797: Total time for which application threads were stopped: 0.0009299 seconds, Stopping threads took: 0.0001428 seconds
2024-10-04T19:37:56.896+0300: 341.981: Application time: 1.1845399 seconds
2024-10-04T19:37:56.896+0300: 341.982: [GC (Allocation Failure) [PSYoungGen: 348512K->384K(348672K)] 357784K->9664K(1048064K), 0.0006593 secs] [Times: user=0.00 sys=0.00, real=0.00 secs] 
2024-10-04T19:37:56.896+0300: 341.982: Total time for which application threads were stopped: 0.0009298 seconds, Stopping threads took: 0.0001282 seconds
2024-10-04T19:37:58.072+0300: 343.171: Application time: 1.1887377 seconds
2024-10-04T19:37:58.072+0300: 343.171: [GC (Allocation Failure) [PSYoungGen: 348544K->384K(348672K)] 357824K->9688K(1048064K), 0.0007135 secs] [Times: user=0.02 sys=0.00, real=0.02 secs] 
2024-10-04T19:37:58.088+0300: 343.172: Total time for which application threads were stopped: 0.0010387 seconds, Stopping threads took: 0.0001825 seconds
2024-10-04T19:37:59.266+0300: 344.363: Application time: 1.1908291 seconds
2024-10-04T19:37:59.266+0300: 344.363: [GC (Allocation Failure) [PSYoungGen: 348544K->368K(348672K)] 357848K->9712K(1048064K), 0.0007125 secs] [Times: user=0.00 sys=0.00, real=0.00 secs] 
2024-10-04T19:37:59.266+0300: 344.364: Total time for which application threads were stopped: 0.0010226 seconds, Stopping threads took: 0.0001811 seconds
2024-10-04T19:38:00.474+0300: 345.566: Application time: 1.2019105 seconds
2024-10-04T19:38:00.474+0300: 345.566: [GC (Allocation Failure) [PSYoungGen: 348528K->352K(348672K)] 357872K->9704K(1048064K), 0.0007544 secs] [Times: user=0.00 sys=0.00, real=0.00 secs] 
2024-10-04T19:38:00.474+0300: 345.567: Total time for which application threads were stopped: 0.0012006 seconds, Stopping threads took: 0.0002965 seconds
2024-10-04T19:38:01.683+0300: 346.767: Application time: 1.1998031 seconds
2024-10-04T19:38:01.683+0300: 346.767: [GC (Allocation Failure) [PSYoungGen: 348512K->368K(348672K)] 357864K->9760K(1048064K), 0.0006831 secs] [Times: user=0.00 sys=0.00, real=0.00 secs] 
2024-10-04T19:38:01.683+0300: 346.768: Total time for which application threads were stopped: 0.0009529 seconds, Stopping threads took: 0.0001292 seconds
2024-10-04T19:38:02.687+0300: 347.771: Application time: 1.0027543 seconds
2024-10-04T19:38:02.687+0300: 347.771: Total time for which application threads were stopped: 0.0002958 seconds, Stopping threads took: 0.0002171 seconds
2024-10-04T19:38:02.860+0300: 347.951: Application time: 0.1805066 seconds
2024-10-04T19:38:02.860+0300: 347.952: [GC (Allocation Failure) [PSYoungGen: 348528K->368K(348672K)] 357920K->9800K(1048064K), 0.0006920 secs] [Times: user=0.00 sys=0.00, real=0.00 secs] 
2024-10-04T19:38:02.860+0300: 347.952: Total time for which application threads were stopped: 0.0009970 seconds, Stopping threads took: 0.0001602 seconds
2024-10-04T19:38:04.052+0300: 349.145: Application time: 1.1921666 seconds
2024-10-04T19:38:04.052+0300: 349.145: [GC (Allocation Failure) [PSYoungGen: 348528K->400K(348672K)] 357960K->9864K(1048064K), 0.0007061 secs] [Times: user=0.00 sys=0.00, real=0.00 secs] 
2024-10-04T19:38:04.052+0300: 349.146: Total time for which application threads were stopped: 0.0010033 seconds, Stopping threads took: 0.0001618 seconds
2024-10-04T19:38:05.245+0300: 350.334: Application time: 1.1884911 seconds
2024-10-04T19:38:05.245+0300: 350.334: [GC (Allocation Failure) [PSYoungGen: 348560K->400K(348672K)] 358024K->9872K(1048064K), 0.0007085 secs] [Times: user=0.00 sys=0.00, real=0.00 secs] 
2024-10-04T19:38:05.245+0300: 350.335: Total time for which application threads were stopped: 0.0010111 seconds, Stopping threads took: 0.0001843 seconds
2024-10-04T19:38:06.438+0300: 351.536: Application time: 1.2009364 seconds
2024-10-04T19:38:06.438+0300: 351.536: [GC (Allocation Failure) [PSYoungGen: 348560K->400K(348672K)] 358032K->9880K(1048064K), 0.0007841 secs] [Times: user=0.00 sys=0.00, real=0.00 secs] 
2024-10-04T19:38:06.438+0300: 351.537: Total time for which application threads were stopped: 0.0011014 seconds, Stopping threads took: 0.0001755 seconds
2024-10-04T19:38:07.647+0300: 352.731: Application time: 1.1935865 seconds
2024-10-04T19:38:07.647+0300: 352.731: [GC (Allocation Failure) [PSYoungGen: 348560K->384K(348672K)] 358040K->9904K(1048064K), 0.0006941 secs] [Times: user=0.00 sys=0.00, real=0.00 secs] 
2024-10-04T19:38:07.647+0300: 352.732: Total time for which application threads were stopped: 0.0009423 seconds, Stopping threads took: 0.0001166 seconds
2024-10-04T19:38:08.823+0300: 353.920: Application time: 1.1883621 seconds
2024-10-04T19:38:08.823+0300: 353.920: [GC (Allocation Failure) [PSYoungGen: 348544K->368K(348672K)] 358064K->9896K(1048064K), 0.0006188 secs] [Times: user=0.00 sys=0.00, real=0.00 secs] 
2024-10-04T19:38:08.823+0300: 353.921: Total time for which application threads were stopped: 0.0008754 seconds, Stopping threads took: 0.0001370 seconds
2024-10-04T19:38:10.016+0300: 355.112: Application time: 1.1905686 seconds
2024-10-04T19:38:10.016+0300: 355.112: [GC (Allocation Failure) [PSYoungGen: 348528K->384K(348672K)] 358056K->9952K(1048064K), 0.0006857 secs] [Times: user=0.00 sys=0.00, real=0.00 secs] 
2024-10-04T19:38:10.016+0300: 355.113: Total time for which application threads were stopped: 0.0009745 seconds, Stopping threads took: 0.0001730 seconds
2024-10-04T19:38:11.209+0300: 356.298: Application time: 1.1850319 seconds
2024-10-04T19:38:11.209+0300: 356.298: [GC (Allocation Failure) [PSYoungGen: 348544K->368K(348672K)] 358112K->9944K(1048064K), 0.0007151 secs] [Times: user=0.00 sys=0.00, real=0.00 secs] 
2024-10-04T19:38:11.209+0300: 356.299: Total time for which application threads were stopped: 0.0010846 seconds, Stopping threads took: 0.0001668 seconds
2024-10-04T19:38:12.401+0300: 357.486: Application time: 1.1870830 seconds
2024-10-04T19:38:12.401+0300: 357.486: [GC (Allocation Failure) [PSYoungGen: 348528K->400K(348672K)] 358104K->10016K(1048064K), 0.0006365 secs] [Times: user=0.00 sys=0.00, real=0.00 secs] 
2024-10-04T19:38:12.401+0300: 357.487: Total time for which application threads were stopped: 0.0009005 seconds, Stopping threads took: 0.0001493 seconds
2024-10-04T19:38:13.595+0300: 358.685: Application time: 1.1987623 seconds
2024-10-04T19:38:13.595+0300: 358.686: [GC (Allocation Failure) [PSYoungGen: 348560K->368K(348672K)] 358176K->10008K(1048064K), 0.0007055 secs] [Times: user=0.00 sys=0.00, real=0.00 secs] 
2024-10-04T19:38:13.595+0300: 358.686: Total time for which application threads were stopped: 0.0010772 seconds, Stopping threads took: 0.0002469 seconds
2024-10-04T19:38:14.772+0300: 359.869: Application time: 1.1828316 seconds
2024-10-04T19:38:14.772+0300: 359.870: [GC (Allocation Failure) [PSYoungGen: 348528K->368K(348672K)] 358168K->10016K(1048064K), 0.0007347 secs] [Times: user=0.00 sys=0.00, real=0.00 secs] 
2024-10-04T19:38:14.772+0300: 359.870: Total time for which application threads were stopped: 0.0010403 seconds, Stopping threads took: 0.0001758 seconds
2024-10-04T19:38:15.964+0300: 361.060: Application time: 1.1893414 seconds
2024-10-04T19:38:15.964+0300: 361.060: [GC (Allocation Failure) [PSYoungGen: 348528K->400K(348672K)] 358176K->10072K(1048064K), 0.0006913 secs] [Times: user=0.00 sys=0.00, real=0.00 secs] 
2024-10-04T19:38:15.964+0300: 361.061: Total time for which application threads were stopped: 0.0010182 seconds, Stopping threads took: 0.0002059 seconds
2024-10-04T19:38:17.157+0300: 362.249: Application time: 1.1884718 seconds
2024-10-04T19:38:17.157+0300: 362.249: [GC (Allocation Failure) [PSYoungGen: 348560K->368K(348672K)] 358232K->10056K(1048064K), 0.0007053 secs] [Times: user=0.00 sys=0.00, real=0.00 secs] 
2024-10-04T19:38:17.157+0300: 362.250: Total time for which application threads were stopped: 0.0010101 seconds, Stopping threads took: 0.0001729 seconds
2024-10-04T19:38:18.349+0300: 363.434: Application time: 1.1834636 seconds
2024-10-04T19:38:18.349+0300: 363.434: [GC (Allocation Failure) [PSYoungGen: 348528K->384K(348672K)] 358216K->10080K(1048064K), 0.0007085 secs] [Times: user=0.00 sys=0.00, real=0.00 secs] 
2024-10-04T19:38:18.349+0300: 363.435: Total time for which application threads were stopped: 0.0009885 seconds, Stopping threads took: 0.0001601 seconds
2024-10-04T19:38:19.542+0300: 364.630: Application time: 1.1954977 seconds
2024-10-04T19:38:19.542+0300: 364.630: [GC (Allocation Failure) [PSYoungGen: 348544K->400K(348672K)] 358240K->10104K(1048064K), 0.0006769 secs] [Times: user=0.00 sys=0.00, real=0.00 secs] 
2024-10-04T19:38:19.542+0300: 364.631: Total time for which application threads were stopped: 0.0009929 seconds, Stopping threads took: 0.0001703 seconds
2024-10-04T19:38:20.736+0300: 365.828: Application time: 1.1971439 seconds
2024-10-04T19:38:20.736+0300: 365.829: [GC (Allocation Failure) [PSYoungGen: 348560K->336K(348672K)] 358264K->10064K(1048064K), 0.0006696 secs] [Times: user=0.00 sys=0.00, real=0.00 secs] 
2024-10-04T19:38:20.736+0300: 365.829: Total time for which application threads were stopped: 0.0009320 seconds, Stopping threads took: 0.0001490 seconds
2024-10-04T19:38:21.913+0300: 367.009: Application time: 1.1793486 seconds
2024-10-04T19:38:21.913+0300: 367.009: [GC (Allocation Failure) [PSYoungGen: 348496K->416K(348672K)] 358224K->10152K(1048064K), 0.0006422 secs] [Times: user=0.00 sys=0.00, real=0.00 secs] 
2024-10-04T19:38:21.913+0300: 367.010: Total time for which application threads were stopped: 0.0009385 seconds, Stopping threads took: 0.0001587 seconds
2024-10-04T19:38:23.105+0300: 368.199: Application time: 1.1889760 seconds
2024-10-04T19:38:23.105+0300: 368.199: [GC (Allocation Failure) [PSYoungGen: 348576K->384K(348672K)] 358312K->10136K(1048064K), 0.0006848 secs] [Times: user=0.00 sys=0.00, real=0.00 secs] 
2024-10-04T19:38:23.105+0300: 368.200: Total time for which application threads were stopped: 0.0009962 seconds, Stopping threads took: 0.0002012 seconds
2024-10-04T19:38:24.298+0300: 369.390: Application time: 1.1903346 seconds
2024-10-04T19:38:24.298+0300: 369.390: [GC (Allocation Failure) [PSYoungGen: 348544K->352K(348672K)] 358296K->10144K(1048064K), 0.0006593 secs] [Times: user=0.00 sys=0.00, real=0.00 secs] 
2024-10-04T19:38:24.298+0300: 369.391: Total time for which application threads were stopped: 0.0009514 seconds, Stopping threads took: 0.0001736 seconds
2024-10-04T19:38:25.490+0300: 370.585: Application time: 1.1946812 seconds
2024-10-04T19:38:25.490+0300: 370.586: [GC (Allocation Failure) [PSYoungGen: 348512K->384K(348672K)] 358304K->10216K(1048064K), 0.0006525 secs] [Times: user=0.00 sys=0.00, real=0.00 secs] 
2024-10-04T19:38:25.490+0300: 370.586: Total time for which application threads were stopped: 0.0009235 seconds, Stopping threads took: 0.0001656 seconds
2024-10-04T19:38:26.683+0300: 371.775: Application time: 1.1883245 seconds
2024-10-04T19:38:26.683+0300: 371.775: [GC (Allocation Failure) [PSYoungGen: 348544K->352K(348672K)] 358376K->10192K(1048064K), 0.0007921 secs] [Times: user=0.00 sys=0.00, real=0.00 secs] 
2024-10-04T19:38:26.683+0300: 371.776: Total time for which application threads were stopped: 0.0011463 seconds, Stopping threads took: 0.0002222 seconds
2024-10-04T19:38:27.873+0300: 372.960: Application time: 1.1840505 seconds
2024-10-04T19:38:27.873+0300: 372.960: [GC (Allocation Failure) [PSYoungGen: 348512K->384K(348672K)] 358352K->10256K(1048064K), 0.0006645 secs] [Times: user=0.00 sys=0.00, real=0.00 secs] 
2024-10-04T19:38:27.877+0300: 372.961: Total time for which application threads were stopped: 0.0009491 seconds, Stopping threads took: 0.0001437 seconds
2024-10-04T19:38:29.055+0300: 374.149: Application time: 1.1882284 seconds
2024-10-04T19:38:29.055+0300: 374.149: [GC (Allocation Failure) [PSYoungGen: 348544K->400K(348672K)] 358416K->10312K(1048064K), 0.0006947 secs] [Times: user=0.00 sys=0.00, real=0.00 secs] 
2024-10-04T19:38:29.055+0300: 374.150: Total time for which application threads were stopped: 0.0010527 seconds, Stopping threads took: 0.0002245 seconds
2024-10-04T19:38:30.247+0300: 375.335: Application time: 1.1847142 seconds
2024-10-04T19:38:30.247+0300: 375.335: [GC (Allocation Failure) [PSYoungGen: 348560K->384K(348672K)] 358472K->10312K(1048064K), 0.0006311 secs] [Times: user=0.00 sys=0.00, real=0.00 secs] 
2024-10-04T19:38:30.247+0300: 375.336: Total time for which application threads were stopped: 0.0008930 seconds, Stopping threads took: 0.0001506 seconds
2024-10-04T19:38:31.440+0300: 376.537: Application time: 1.2011660 seconds
2024-10-04T19:38:31.440+0300: 376.537: [GC (Allocation Failure) [PSYoungGen: 348544K->368K(348672K)] 358472K->10304K(1048064K), 0.0018332 secs] [Times: user=0.00 sys=0.00, real=0.00 secs] 
2024-10-04T19:38:31.440+0300: 376.539: Total time for which application threads were stopped: 0.0022517 seconds, Stopping threads took: 0.0002866 seconds
2024-10-04T19:38:32.648+0300: 377.746: Application time: 1.2066612 seconds
2024-10-04T19:38:32.648+0300: 377.746: [GC (Allocation Failure) [PSYoungGen: 348528K->384K(348672K)] 358464K->10344K(1048064K), 0.0006920 secs] [Times: user=0.02 sys=0.00, real=0.00 secs] 
2024-10-04T19:38:32.648+0300: 377.747: Total time for which application threads were stopped: 0.0009592 seconds, Stopping threads took: 0.0001454 seconds
2024-10-04T19:38:33.857+0300: 378.944: Application time: 1.1969798 seconds
2024-10-04T19:38:33.857+0300: 378.944: [GC (Allocation Failure) [PSYoungGen: 348544K->400K(348672K)] 358504K->10368K(1048064K), 0.0007237 secs] [Times: user=0.00 sys=0.00, real=0.00 secs] 
2024-10-04T19:38:33.857+0300: 378.945: Total time for which application threads were stopped: 0.0009760 seconds, Stopping threads took: 0.0001295 seconds
2024-10-04T19:38:35.050+0300: 380.134: Application time: 1.1896101 seconds
2024-10-04T19:38:35.050+0300: 380.135: [GC (Allocation Failure) [PSYoungGen: 348560K->368K(348672K)] 358528K->10344K(1048064K), 0.0006633 secs] [Times: user=0.00 sys=0.00, real=0.00 secs] 
2024-10-04T19:38:35.050+0300: 380.135: Total time for which application threads were stopped: 0.0008856 seconds, Stopping threads took: 0.0000812 seconds
2024-10-04T19:38:36.227+0300: 381.326: Application time: 1.1903827 seconds
2024-10-04T19:38:36.227+0300: 381.326: [GC (Allocation Failure) [PSYoungGen: 348528K->384K(348672K)] 358504K->10400K(1048064K), 0.0007547 secs] [Times: user=0.00 sys=0.00, real=0.02 secs] 
2024-10-04T19:38:36.243+0300: 381.327: Total time for which application threads were stopped: 0.0010527 seconds, Stopping threads took: 0.0001654 seconds
2024-10-04T19:38:37.435+0300: 382.527: Application time: 1.2000427 seconds
2024-10-04T19:38:37.435+0300: 382.527: [GC (Allocation Failure) [PSYoungGen: 348544K->352K(348672K)] 358560K->10376K(1048064K), 0.0009077 secs] [Times: user=0.00 sys=0.00, real=0.00 secs] 
2024-10-04T19:38:37.435+0300: 382.528: Total time for which application threads were stopped: 0.0012019 seconds, Stopping threads took: 0.0001673 seconds
2024-10-04T19:38:38.643+0300: 383.735: Application time: 1.2065116 seconds
2024-10-04T19:38:38.643+0300: 383.735: [GC (Allocation Failure) [PSYoungGen: 348512K->368K(348672K)] 358536K->10400K(1048064K), 0.0006645 secs] [Times: user=0.00 sys=0.00, real=0.00 secs] 
2024-10-04T19:38:38.643+0300: 383.736: Total time for which application threads were stopped: 0.0010309 seconds, Stopping threads took: 0.0001658 seconds
2024-10-04T19:38:39.836+0300: 384.921: Application time: 1.1857338 seconds
2024-10-04T19:38:39.836+0300: 384.922: [GC (Allocation Failure) [PSYoungGen: 348528K->368K(348672K)] 358560K->10440K(1048064K), 0.0006574 secs] [Times: user=0.00 sys=0.00, real=0.00 secs] 
2024-10-04T19:38:39.836+0300: 384.922: Total time for which application threads were stopped: 0.0009279 seconds, Stopping threads took: 0.0001511 seconds
2024-10-04T19:38:41.013+0300: 386.106: Application time: 1.1835447 seconds
2024-10-04T19:38:41.013+0300: 386.106: [GC (Allocation Failure) [PSYoungGen: 348528K->400K(348672K)] 358600K->10488K(1048064K), 0.0006861 secs] [Times: user=0.00 sys=0.00, real=0.00 secs] 
2024-10-04T19:38:41.013+0300: 386.107: Total time for which application threads were stopped: 0.0010213 seconds, Stopping threads took: 0.0001941 seconds
2024-10-04T19:38:42.206+0300: 387.302: Application time: 1.1951124 seconds
2024-10-04T19:38:42.206+0300: 387.302: [GC (Allocation Failure) [PSYoungGen: 348560K->384K(348672K)] 358648K->10480K(1048064K), 0.0008627 secs] [Times: user=0.00 sys=0.00, real=0.00 secs] 
2024-10-04T19:38:42.206+0300: 387.303: Total time for which application threads were stopped: 0.0012368 seconds, Stopping threads took: 0.0002353 seconds
2024-10-04T19:38:43.399+0300: 388.487: Application time: 1.1838074 seconds
2024-10-04T19:38:43.399+0300: 388.487: [GC (Allocation Failure) [PSYoungGen: 348544K->384K(348672K)] 358640K->10488K(1048064K), 0.0006921 secs] [Times: user=0.00 sys=0.00, real=0.00 secs] 
2024-10-04T19:38:43.399+0300: 388.488: Total time for which application threads were stopped: 0.0009762 seconds, Stopping threads took: 0.0001653 seconds
2024-10-04T19:38:44.600+0300: 389.684: Application time: 1.1962938 seconds
2024-10-04T19:38:44.600+0300: 389.684: [GC (Allocation Failure) [PSYoungGen: 348544K->368K(348672K)] 358648K->10480K(1048064K), 0.0006395 secs] [Times: user=0.00 sys=0.00, real=0.00 secs] 
2024-10-04T19:38:44.600+0300: 389.685: Total time for which application threads were stopped: 0.0009207 seconds, Stopping threads took: 0.0001671 seconds
2024-10-04T19:38:45.768+0300: 390.865: Application time: 1.1799192 seconds
2024-10-04T19:38:45.768+0300: 390.865: [GC (Allocation Failure) [PSYoungGen: 348528K->416K(348672K)] 358640K->10560K(1048064K), 0.0006918 secs] [Times: user=0.00 sys=0.00, real=0.00 secs] 
2024-10-04T19:38:45.768+0300: 390.866: Total time for which application threads were stopped: 0.0009797 seconds, Stopping threads took: 0.0001757 seconds
2024-10-04T19:38:46.962+0300: 392.048: Application time: 1.1818229 seconds
2024-10-04T19:38:46.962+0300: 392.048: [GC (Allocation Failure) [PSYoungGen: 348576K->400K(348672K)] 358720K->10552K(1048064K), 0.0006274 secs] [Times: user=0.00 sys=0.00, real=0.00 secs] 
2024-10-04T19:38:46.962+0300: 392.049: Total time for which application threads were stopped: 0.0008917 seconds, Stopping threads took: 0.0001436 seconds
2024-10-04T19:38:48.139+0300: 393.236: Application time: 1.1870887 seconds
2024-10-04T19:38:48.139+0300: 393.236: [GC (Allocation Failure) [PSYoungGen: 348560K->352K(348672K)] 358712K->10536K(1048064K), 0.0006853 secs] [Times: user=0.00 sys=0.00, real=0.00 secs] 
2024-10-04T19:38:48.139+0300: 393.237: Total time for which application threads were stopped: 0.0009381 seconds, Stopping threads took: 0.0001454 seconds
2024-10-04T19:38:49.331+0300: 394.431: Application time: 1.1937923 seconds
2024-10-04T19:38:49.347+0300: 394.431: [GC (Allocation Failure) [PSYoungGen: 348512K->400K(348672K)] 358696K->10624K(1048064K), 0.0006584 secs] [Times: user=0.00 sys=0.00, real=0.00 secs] 
2024-10-04T19:38:49.347+0300: 394.432: Total time for which application threads were stopped: 0.0009666 seconds, Stopping threads took: 0.0001965 seconds
2024-10-04T19:38:50.539+0300: 395.625: Application time: 1.1938145 seconds
2024-10-04T19:38:50.539+0300: 395.626: [GC (Allocation Failure) [PSYoungGen: 348560K->416K(348672K)] 358784K->10656K(1048064K), 0.0006859 secs] [Times: user=0.00 sys=0.00, real=0.00 secs] 
2024-10-04T19:38:50.539+0300: 395.626: Total time for which application threads were stopped: 0.0009655 seconds, Stopping threads took: 0.0001355 seconds
2024-10-04T19:38:51.716+0300: 396.813: Application time: 1.1870753 seconds
2024-10-04T19:38:51.716+0300: 396.814: [GC (Allocation Failure) [PSYoungGen: 348576K->368K(348672K)] 358816K->10616K(1048064K), 0.0006886 secs] [Times: user=0.00 sys=0.00, real=0.00 secs] 
2024-10-04T19:38:51.716+0300: 396.814: Total time for which application threads were stopped: 0.0009930 seconds, Stopping threads took: 0.0001911 seconds
2024-10-04T19:38:52.914+0300: 398.000: Application time: 1.1854640 seconds
2024-10-04T19:38:52.914+0300: 398.000: [GC (Allocation Failure) [PSYoungGen: 348528K->384K(348672K)] 358776K->10648K(1048064K), 0.0006975 secs] [Times: user=0.00 sys=0.00, real=0.00 secs] 
2024-10-04T19:38:52.914+0300: 398.001: Total time for which application threads were stopped: 0.0009803 seconds, Stopping threads took: 0.0001665 seconds
2024-10-04T19:38:54.102+0300: 399.189: Application time: 1.1883894 seconds
2024-10-04T19:38:54.102+0300: 399.189: [GC (Allocation Failure) [PSYoungGen: 348544K->384K(348672K)] 358808K->10664K(1048064K), 0.0007195 secs] [Times: user=0.00 sys=0.00, real=0.00 secs] 
2024-10-04T19:38:54.102+0300: 399.190: Total time for which application threads were stopped: 0.0010167 seconds, Stopping threads took: 0.0001611 seconds
2024-10-04T19:38:55.295+0300: 400.379: Application time: 1.1888305 seconds
2024-10-04T19:38:55.295+0300: 400.379: [GC (Allocation Failure) [PSYoungGen: 348544K->384K(348672K)] 358824K->10704K(1048064K), 0.0006516 secs] [Times: user=0.00 sys=0.00, real=0.00 secs] 
2024-10-04T19:38:55.295+0300: 400.380: Total time for which application threads were stopped: 0.0009101 seconds, Stopping threads took: 0.0001368 seconds
2024-10-04T19:38:56.473+0300: 401.571: Application time: 1.1905284 seconds
2024-10-04T19:38:56.473+0300: 401.571: [GC (Allocation Failure) [PSYoungGen: 348544K->384K(348672K)] 358864K->10744K(1048064K), 0.0007016 secs] [Times: user=0.00 sys=0.00, real=0.00 secs] 
2024-10-04T19:38:56.473+0300: 401.572: Total time for which application threads were stopped: 0.0010160 seconds, Stopping threads took: 0.0001793 seconds
2024-10-04T19:38:57.665+0300: 402.755: Application time: 1.1836894 seconds
2024-10-04T19:38:57.665+0300: 402.756: [GC (Allocation Failure) [PSYoungGen: 348544K->400K(348672K)] 358904K->10768K(1048064K), 0.0007002 secs] [Times: user=0.00 sys=0.00, real=0.00 secs] 
2024-10-04T19:38:57.665+0300: 402.756: Total time for which application threads were stopped: 0.0010037 seconds, Stopping threads took: 0.0001425 seconds
2024-10-04T19:38:58.859+0300: 403.943: Application time: 1.1868521 seconds
2024-10-04T19:38:58.859+0300: 403.943: [GC (Allocation Failure) [PSYoungGen: 348560K->384K(348672K)] 358928K->10760K(1048064K), 0.0007337 secs] [Times: user=0.00 sys=0.00, real=0.00 secs] 
2024-10-04T19:38:58.859+0300: 403.944: Total time for which application threads were stopped: 0.0010110 seconds, Stopping threads took: 0.0001673 seconds
2024-10-04T19:39:00.052+0300: 405.141: Application time: 1.1972118 seconds
2024-10-04T19:39:00.052+0300: 405.142: [GC (Allocation Failure) [PSYoungGen: 348544K->416K(348672K)] 358920K->10808K(1048064K), 0.0007184 secs] [Times: user=0.00 sys=0.00, real=0.00 secs] 
2024-10-04T19:39:00.052+0300: 405.142: Total time for which application threads were stopped: 0.0010581 seconds, Stopping threads took: 0.0001928 seconds
2024-10-04T19:39:01.230+0300: 406.322: Application time: 1.1796348 seconds
2024-10-04T19:39:01.230+0300: 406.322: [GC (Allocation Failure) [PSYoungGen: 348576K->384K(348672K)] 358968K->10784K(1048064K), 0.0006573 secs] [Times: user=0.00 sys=0.00, real=0.00 secs] 
2024-10-04T19:39:01.230+0300: 406.323: Total time for which application threads were stopped: 0.0009829 seconds, Stopping threads took: 0.0001858 seconds
2024-10-04T19:39:02.421+0300: 407.509: Application time: 1.1862747 seconds
2024-10-04T19:39:02.421+0300: 407.510: [GC (Allocation Failure) [PSYoungGen: 348544K->384K(348672K)] 358944K->10800K(1048064K), 0.0006768 secs] [Times: user=0.00 sys=0.00, real=0.00 secs] 
2024-10-04T19:39:02.421+0300: 407.510: Total time for which application threads were stopped: 0.0009406 seconds, Stopping threads took: 0.0001410 seconds
2024-10-04T19:39:03.623+0300: 408.708: Application time: 1.1977198 seconds
2024-10-04T19:39:03.624+0300: 408.708: [GC (Allocation Failure) [PSYoungGen: 348544K->368K(348672K)] 358960K->10808K(1048064K), 0.0007244 secs] [Times: user=0.00 sys=0.00, real=0.00 secs] 
2024-10-04T19:39:03.625+0300: 408.709: Total time for which application threads were stopped: 0.0010483 seconds, Stopping threads took: 0.0001776 seconds
2024-10-04T19:39:04.823+0300: 409.907: Application time: 1.1982533 seconds
2024-10-04T19:39:04.823+0300: 409.907: [GC (Allocation Failure) [PSYoungGen: 348528K->352K(348672K)] 358968K->10832K(1048064K), 0.0006739 secs] [Times: user=0.00 sys=0.00, real=0.00 secs] 
2024-10-04T19:39:04.823+0300: 409.908: Total time for which application threads were stopped: 0.0008949 seconds, Stopping threads took: 0.0001117 seconds
2024-10-04T19:39:06.000+0300: 411.094: Application time: 1.1855890 seconds
2024-10-04T19:39:06.000+0300: 411.094: [GC (Allocation Failure) [PSYoungGen: 348512K->368K(348672K)] 358992K->10888K(1048064K), 0.0007226 secs] [Times: user=0.00 sys=0.00, real=0.00 secs] 
2024-10-04T19:39:06.000+0300: 411.095: Total time for which application threads were stopped: 0.0010405 seconds, Stopping threads took: 0.0001808 seconds
2024-10-04T19:39:07.177+0300: 412.276: Application time: 1.1806962 seconds
2024-10-04T19:39:07.177+0300: 412.276: [GC (Allocation Failure) [PSYoungGen: 348528K->384K(348672K)] 359048K->10912K(1048064K), 0.0007016 secs] [Times: user=0.02 sys=0.00, real=0.02 secs] 
2024-10-04T19:39:07.193+0300: 412.277: Total time for which application threads were stopped: 0.0009956 seconds, Stopping threads took: 0.0001715 seconds
2024-10-04T19:39:08.369+0300: 413.453: Application time: 1.1769500 seconds
2024-10-04T19:39:08.369+0300: 413.454: [GC (Allocation Failure) [PSYoungGen: 348544K->384K(348672K)] 359072K->10952K(1048064K), 0.0054108 secs] [Times: user=0.00 sys=0.00, real=0.01 secs] 
2024-10-04T19:39:08.374+0300: 413.459: Total time for which application threads were stopped: 0.0057141 seconds, Stopping threads took: 0.0001156 seconds
2024-10-04T19:39:09.563+0300: 414.655: Application time: 1.1956161 seconds
2024-10-04T19:39:09.563+0300: 414.655: [GC (Allocation Failure) [PSYoungGen: 348544K->400K(348672K)] 359112K->10976K(1048064K), 0.0006234 secs] [Times: user=0.00 sys=0.00, real=0.00 secs] 
2024-10-04T19:39:09.563+0300: 414.656: Total time for which application threads were stopped: 0.0009129 seconds, Stopping threads took: 0.0001572 seconds
2024-10-04T19:39:10.757+0300: 415.845: Application time: 1.1889875 seconds
2024-10-04T19:39:10.757+0300: 415.845: [GC (Allocation Failure) [PSYoungGen: 348560K->400K(348672K)] 359136K->10984K(1048064K), 0.0007055 secs] [Times: user=0.00 sys=0.00, real=0.00 secs] 
2024-10-04T19:39:10.757+0300: 415.846: Total time for which application threads were stopped: 0.0009733 seconds, Stopping threads took: 0.0001564 seconds
2024-10-04T19:39:11.945+0300: 417.030: Application time: 1.1842694 seconds
2024-10-04T19:39:11.945+0300: 417.030: [GC (Allocation Failure) [PSYoungGen: 348560K->368K(348672K)] 359144K->10960K(1048064K), 0.0006533 secs] [Times: user=0.00 sys=0.00, real=0.00 secs] 
2024-10-04T19:39:11.945+0300: 417.031: Total time for which application threads were stopped: 0.0009512 seconds, Stopping threads took: 0.0001695 seconds
2024-10-04T19:39:13.126+0300: 418.222: Application time: 1.1912589 seconds
2024-10-04T19:39:13.126+0300: 418.222: [GC (Allocation Failure) [PSYoungGen: 348528K->368K(348672K)] 359120K->11000K(1048064K), 0.0006597 secs] [Times: user=0.00 sys=0.00, real=0.00 secs] 
2024-10-04T19:39:13.126+0300: 418.223: Total time for which application threads were stopped: 0.0009481 seconds, Stopping threads took: 0.0001621 seconds
2024-10-04T19:39:14.320+0300: 419.414: Application time: 1.1908693 seconds
2024-10-04T19:39:14.320+0300: 419.414: [GC (Allocation Failure) [PSYoungGen: 348528K->368K(348672K)] 359160K->11016K(1048064K), 0.0006724 secs] [Times: user=0.00 sys=0.00, real=0.00 secs] 
2024-10-04T19:39:14.320+0300: 419.415: Total time for which application threads were stopped: 0.0009775 seconds, Stopping threads took: 0.0001988 seconds
2024-10-04T19:39:15.512+0300: 420.605: Application time: 1.1899634 seconds
2024-10-04T19:39:15.512+0300: 420.605: [GC (Allocation Failure) [PSYoungGen: 348528K->384K(348672K)] 359176K->11072K(1048064K), 0.0006919 secs] [Times: user=0.00 sys=0.00, real=0.00 secs] 
2024-10-04T19:39:15.512+0300: 420.606: Total time for which application threads were stopped: 0.0010191 seconds, Stopping threads took: 0.0002163 seconds
2024-10-04T19:39:16.706+0300: 421.795: Application time: 1.1890625 seconds
2024-10-04T19:39:16.706+0300: 421.795: [GC (Allocation Failure) [PSYoungGen: 348544K->400K(348672K)] 359232K->11096K(1048064K), 0.0006430 secs] [Times: user=0.00 sys=0.00, real=0.00 secs] 
2024-10-04T19:39:16.706+0300: 421.796: Total time for which application threads were stopped: 0.0009060 seconds, Stopping threads took: 0.0001532 seconds
2024-10-04T19:39:17.882+0300: 422.978: Application time: 1.1819838 seconds
2024-10-04T19:39:17.882+0300: 422.978: [GC (Allocation Failure) [PSYoungGen: 348560K->368K(348672K)] 359256K->11080K(1048064K), 0.0006938 secs] [Times: user=0.00 sys=0.00, real=0.00 secs] 
2024-10-04T19:39:17.882+0300: 422.979: Total time for which application threads were stopped: 0.0009776 seconds, Stopping threads took: 0.0001744 seconds
2024-10-04T19:39:19.091+0300: 424.176: Application time: 1.1972896 seconds
2024-10-04T19:39:19.091+0300: 424.176: [GC (Allocation Failure) [PSYoungGen: 348528K->416K(348672K)] 359240K->11152K(1048064K), 0.0006704 secs] [Times: user=0.00 sys=0.00, real=0.00 secs] 
2024-10-04T19:39:19.091+0300: 424.177: Total time for which application threads were stopped: 0.0009939 seconds, Stopping threads took: 0.0001797 seconds
2024-10-04T19:39:20.284+0300: 425.369: Application time: 1.1914003 seconds
2024-10-04T19:39:20.284+0300: 425.369: [GC (Allocation Failure) [PSYoungGen: 348576K->368K(348672K)] 359312K->11144K(1048064K), 0.0006636 secs] [Times: user=0.00 sys=0.00, real=0.00 secs] 
2024-10-04T19:39:20.284+0300: 425.370: Total time for which application threads were stopped: 0.0009263 seconds, Stopping threads took: 0.0001440 seconds
2024-10-04T19:39:21.462+0300: 426.561: Application time: 1.1912555 seconds
2024-10-04T19:39:21.462+0300: 426.561: [GC (Allocation Failure) [PSYoungGen: 348528K->368K(348672K)] 359304K->11152K(1048064K), 0.0007334 secs] [Times: user=0.00 sys=0.00, real=0.02 secs] 
2024-10-04T19:39:21.478+0300: 426.562: Total time for which application threads were stopped: 0.0010331 seconds, Stopping threads took: 0.0001491 seconds
2024-10-04T19:39:22.661+0300: 427.751: Application time: 1.1892437 seconds
2024-10-04T19:39:22.661+0300: 427.751: [GC (Allocation Failure) [PSYoungGen: 348528K->416K(348672K)] 359312K->11208K(1048064K), 0.0006649 secs] [Times: user=0.00 sys=0.00, real=0.00 secs] 
2024-10-04T19:39:22.661+0300: 427.752: Total time for which application threads were stopped: 0.0009511 seconds, Stopping threads took: 0.0001758 seconds
2024-10-04T19:39:23.849+0300: 428.942: Application time: 1.1896978 seconds
2024-10-04T19:39:23.849+0300: 428.942: [GC (Allocation Failure) [PSYoungGen: 348576K->384K(348672K)] 359368K->11184K(1048064K), 0.0006945 secs] [Times: user=0.00 sys=0.00, real=0.00 secs] 
2024-10-04T19:39:23.849+0300: 428.943: Total time for which application threads were stopped: 0.0009968 seconds, Stopping threads took: 0.0001949 seconds
2024-10-04T19:39:25.040+0300: 430.127: Application time: 1.1845581 seconds
2024-10-04T19:39:25.040+0300: 430.128: [GC (Allocation Failure) [PSYoungGen: 348544K->384K(348672K)] 359344K->11200K(1048064K), 0.0006975 secs] [Times: user=0.00 sys=0.00, real=0.00 secs] 
2024-10-04T19:39:25.040+0300: 430.128: Total time for which application threads were stopped: 0.0010136 seconds, Stopping threads took: 0.0001779 seconds
2024-10-04T19:39:26.217+0300: 431.315: Application time: 1.1862050 seconds
2024-10-04T19:39:26.217+0300: 431.315: [GC (Allocation Failure) [PSYoungGen: 348544K->400K(348672K)] 359360K->11224K(1048064K), 0.0007222 secs] [Times: user=0.00 sys=0.00, real=0.00 secs] 
2024-10-04T19:39:26.217+0300: 431.316: Total time for which application threads were stopped: 0.0010517 seconds, Stopping threads took: 0.0001910 seconds
2024-10-04T19:39:27.411+0300: 432.506: Application time: 1.1903707 seconds
2024-10-04T19:39:27.411+0300: 432.506: [GC (Allocation Failure) [PSYoungGen: 348560K->400K(348672K)] 359384K->11232K(1048064K), 0.0007211 secs] [Times: user=0.00 sys=0.00, real=0.00 secs] 
2024-10-04T19:39:27.411+0300: 432.507: Total time for which application threads were stopped: 0.0010346 seconds, Stopping threads took: 0.0001609 seconds
2024-10-04T19:39:28.604+0300: 433.700: Application time: 1.1928797 seconds
2024-10-04T19:39:28.604+0300: 433.700: [GC (Allocation Failure) [PSYoungGen: 348560K->368K(348672K)] 359392K->11208K(1048064K), 0.0006445 secs] [Times: user=0.00 sys=0.00, real=0.00 secs] 
2024-10-04T19:39:28.604+0300: 433.701: Total time for which application threads were stopped: 0.0009406 seconds, Stopping threads took: 0.0001721 seconds
2024-10-04T19:39:29.798+0300: 434.890: Application time: 1.1888905 seconds
2024-10-04T19:39:29.798+0300: 434.890: [GC (Allocation Failure) [PSYoungGen: 348528K->400K(348672K)] 359368K->11248K(1048064K), 0.0006746 secs] [Times: user=0.00 sys=0.00, real=0.00 secs] 
2024-10-04T19:39:29.798+0300: 434.891: Total time for which application threads were stopped: 0.0009380 seconds, Stopping threads took: 0.0001379 seconds
2024-10-04T19:39:30.990+0300: 436.074: Application time: 1.1835466 seconds
2024-10-04T19:39:30.990+0300: 436.074: [GC (Allocation Failure) [PSYoungGen: 348560K->352K(348672K)] 359408K->11208K(1048064K), 0.0006823 secs] [Times: user=0.00 sys=0.00, real=0.00 secs] 
2024-10-04T19:39:30.990+0300: 436.075: Total time for which application threads were stopped: 0.0009951 seconds, Stopping threads took: 0.0001877 seconds
2024-10-04T19:39:32.177+0300: 437.261: Application time: 1.1860473 seconds
2024-10-04T19:39:32.177+0300: 437.261: [GC (Allocation Failure) [PSYoungGen: 348512K->384K(348672K)] 359368K->11272K(1048064K), 0.0006805 secs] [Times: user=0.00 sys=0.00, real=0.00 secs] 
2024-10-04T19:39:32.177+0300: 437.262: Total time for which application threads were stopped: 0.0010176 seconds, Stopping threads took: 0.0001919 seconds
2024-10-04T19:39:33.359+0300: 438.447: Application time: 1.1851473 seconds
2024-10-04T19:39:33.359+0300: 438.448: [GC (Allocation Failure) [PSYoungGen: 348544K->384K(348672K)] 359432K->11280K(1048064K), 0.0007184 secs] [Times: user=0.00 sys=0.00, real=0.00 secs] 
2024-10-04T19:39:33.359+0300: 438.448: Total time for which application threads were stopped: 0.0010023 seconds, Stopping threads took: 0.0001754 seconds
2024-10-04T19:39:34.553+0300: 439.648: Application time: 1.1992202 seconds
2024-10-04T19:39:34.553+0300: 439.648: [GC (Allocation Failure) [PSYoungGen: 348544K->368K(348672K)] 359440K->11272K(1048064K), 0.0006705 secs] [Times: user=0.00 sys=0.00, real=0.00 secs] 
2024-10-04T19:39:34.553+0300: 439.649: Total time for which application threads were stopped: 0.0009961 seconds, Stopping threads took: 0.0002066 seconds
2024-10-04T19:39:35.745+0300: 440.835: Application time: 1.1866187 seconds
2024-10-04T19:39:35.745+0300: 440.835: [GC (Allocation Failure) [PSYoungGen: 348528K->400K(348672K)] 359432K->11336K(1048064K), 0.0007122 secs] [Times: user=0.00 sys=0.00, real=0.00 secs] 
2024-10-04T19:39:35.745+0300: 440.836: Total time for which application threads were stopped: 0.0009634 seconds, Stopping threads took: 0.0001378 seconds
2024-10-04T19:39:36.923+0300: 442.020: Application time: 1.1842376 seconds
2024-10-04T19:39:36.923+0300: 442.021: [GC (Allocation Failure) [PSYoungGen: 348560K->400K(348672K)] 359496K->11352K(1048064K), 0.0007098 secs] [Times: user=0.00 sys=0.00, real=0.00 secs] 
2024-10-04T19:39:36.923+0300: 442.021: Total time for which application threads were stopped: 0.0010266 seconds, Stopping threads took: 0.0002065 seconds
2024-10-04T19:39:38.115+0300: 443.206: Application time: 1.1842455 seconds
2024-10-04T19:39:38.115+0300: 443.206: [GC (Allocation Failure) [PSYoungGen: 348560K->400K(348672K)] 359512K->11360K(1048064K), 0.0006367 secs] [Times: user=0.00 sys=0.00, real=0.00 secs] 
2024-10-04T19:39:38.115+0300: 443.207: Total time for which application threads were stopped: 0.0009420 seconds, Stopping threads took: 0.0001827 seconds
2024-10-04T19:39:39.308+0300: 444.405: Application time: 1.1985998 seconds
2024-10-04T19:39:39.308+0300: 444.406: [GC (Allocation Failure) [PSYoungGen: 348560K->368K(348672K)] 359520K->11336K(1048064K), 0.0006658 secs] [Times: user=0.00 sys=0.00, real=0.00 secs] 
2024-10-04T19:39:39.308+0300: 444.406: Total time for which application threads were stopped: 0.0009690 seconds, Stopping threads took: 0.0001744 seconds
2024-10-04T19:39:40.532+0300: 445.622: Application time: 1.2156820 seconds
2024-10-04T19:39:40.532+0300: 445.622: [GC (Allocation Failure) [PSYoungGen: 348528K->384K(348672K)] 359496K->11360K(1048064K), 0.0006620 secs] [Times: user=0.00 sys=0.00, real=0.00 secs] 
2024-10-04T19:39:40.532+0300: 445.623: Total time for which application threads were stopped: 0.0009623 seconds, Stopping threads took: 0.0001753 seconds
2024-10-04T19:39:41.724+0300: 446.813: Application time: 1.1901207 seconds
2024-10-04T19:39:41.724+0300: 446.813: [GC (Allocation Failure) [PSYoungGen: 348544K->400K(348672K)] 359520K->11400K(1048064K), 0.0006510 secs] [Times: user=0.00 sys=0.00, real=0.00 secs] 
2024-10-04T19:39:41.724+0300: 446.814: Total time for which application threads were stopped: 0.0010034 seconds, Stopping threads took: 0.0002248 seconds
2024-10-04T19:39:42.917+0300: 448.008: Application time: 1.1939088 seconds
2024-10-04T19:39:42.917+0300: 448.008: [GC (Allocation Failure) [PSYoungGen: 348560K->384K(348672K)] 359560K->11392K(1048064K), 0.0006913 secs] [Times: user=0.00 sys=0.00, real=0.00 secs] 
2024-10-04T19:39:42.917+0300: 448.009: Total time for which application threads were stopped: 0.0009826 seconds, Stopping threads took: 0.0001444 seconds
2024-10-04T19:39:44.110+0300: 449.203: Application time: 1.1935911 seconds
2024-10-04T19:39:44.110+0300: 449.203: [GC (Allocation Failure) [PSYoungGen: 348544K->368K(348672K)] 359552K->11384K(1048064K), 0.0006526 secs] [Times: user=0.00 sys=0.00, real=0.00 secs] 
2024-10-04T19:39:44.110+0300: 449.203: Total time for which application threads were stopped: 0.0009391 seconds, Stopping threads took: 0.0001621 seconds
2024-10-04T19:39:45.298+0300: 450.386: Application time: 1.1822568 seconds
2024-10-04T19:39:45.302+0300: 450.386: [GC (Allocation Failure) [PSYoungGen: 348528K->352K(348672K)] 359544K->11384K(1048064K), 0.0051208 secs] [Times: user=0.00 sys=0.00, real=0.00 secs] 
2024-10-04T19:39:45.306+0300: 450.391: Total time for which application threads were stopped: 0.0055515 seconds, Stopping threads took: 0.0002568 seconds
2024-10-04T19:39:46.510+0300: 451.594: Application time: 1.2026399 seconds
2024-10-04T19:39:46.510+0300: 451.594: [GC (Allocation Failure) [PSYoungGen: 348512K->384K(348672K)] 359544K->11424K(1048064K), 0.0006721 secs] [Times: user=0.00 sys=0.00, real=0.00 secs] 
2024-10-04T19:39:46.510+0300: 451.595: Total time for which application threads were stopped: 0.0010519 seconds, Stopping threads took: 0.0002479 seconds
2024-10-04T19:39:47.703+0300: 452.789: Application time: 1.1943937 seconds
2024-10-04T19:39:47.703+0300: 452.790: [GC (Allocation Failure) [PSYoungGen: 348544K->384K(348672K)] 359584K->11432K(1048064K), 0.0006704 secs] [Times: user=0.00 sys=0.00, real=0.00 secs] 
2024-10-04T19:39:47.703+0300: 452.790: Total time for which application threads were stopped: 0.0010336 seconds, Stopping threads took: 0.0002367 seconds
2024-10-04T19:39:48.892+0300: 453.976: Application time: 1.1858695 seconds
2024-10-04T19:39:48.892+0300: 453.977: [GC (Allocation Failure) [PSYoungGen: 348544K->384K(348672K)] 359592K->11440K(1048064K), 0.0007815 secs] [Times: user=0.00 sys=0.00, real=0.00 secs] 
2024-10-04T19:39:48.893+0300: 453.977: Total time for which application threads were stopped: 0.0010829 seconds, Stopping threads took: 0.0001809 seconds
2024-10-04T19:39:50.073+0300: 455.166: Application time: 1.1884424 seconds
2024-10-04T19:39:50.073+0300: 455.166: [GC (Allocation Failure) [PSYoungGen: 348544K->400K(348672K)] 359600K->11488K(1048064K), 0.0007892 secs] [Times: user=0.00 sys=0.00, real=0.00 secs] 
2024-10-04T19:39:50.073+0300: 455.167: Total time for which application threads were stopped: 0.0010980 seconds, Stopping threads took: 0.0001900 seconds
2024-10-04T19:39:51.266+0300: 456.352: Application time: 1.1849861 seconds
2024-10-04T19:39:51.266+0300: 456.352: [GC (Allocation Failure) [PSYoungGen: 348560K->384K(348672K)] 359648K->11512K(1048064K), 0.0006825 secs] [Times: user=0.00 sys=0.00, real=0.00 secs] 
2024-10-04T19:39:51.266+0300: 456.353: Total time for which application threads were stopped: 0.0009508 seconds, Stopping threads took: 0.0001326 seconds
2024-10-04T19:39:52.459+0300: 457.545: Application time: 1.1924263 seconds
2024-10-04T19:39:52.459+0300: 457.546: [GC (Allocation Failure) [PSYoungGen: 348544K->384K(348672K)] 359672K->11520K(1048064K), 0.0007235 secs] [Times: user=0.00 sys=0.00, real=0.00 secs] 
2024-10-04T19:39:52.459+0300: 457.546: Total time for which application threads were stopped: 0.0011411 seconds, Stopping threads took: 0.0002860 seconds
2024-10-04T19:39:53.637+0300: 458.735: Application time: 1.1885103 seconds
2024-10-04T19:39:53.637+0300: 458.735: [GC (Allocation Failure) [PSYoungGen: 348544K->384K(348672K)] 359680K->11528K(1048064K), 0.0008471 secs] [Times: user=0.00 sys=0.00, real=0.01 secs] 
2024-10-04T19:39:53.652+0300: 458.736: Total time for which application threads were stopped: 0.0011693 seconds, Stopping threads took: 0.0001461 seconds
2024-10-04T19:39:54.829+0300: 459.923: Application time: 1.1870376 seconds
2024-10-04T19:39:54.829+0300: 459.923: [GC (Allocation Failure) [PSYoungGen: 348544K->384K(348672K)] 359688K->11552K(1048064K), 0.0007529 secs] [Times: user=0.00 sys=0.00, real=0.00 secs] 
2024-10-04T19:39:54.829+0300: 459.924: Total time for which application threads were stopped: 0.0010910 seconds, Stopping threads took: 0.0001983 seconds
2024-10-04T19:39:56.022+0300: 461.112: Application time: 1.1881157 seconds
2024-10-04T19:39:56.022+0300: 461.113: [GC (Allocation Failure) [PSYoungGen: 348544K->336K(348672K)] 359712K->11528K(1048064K), 0.0006866 secs] [Times: user=0.00 sys=0.00, real=0.00 secs] 
2024-10-04T19:39:56.022+0300: 461.113: Total time for which application threads were stopped: 0.0009912 seconds, Stopping threads took: 0.0001923 seconds
2024-10-04T19:39:57.215+0300: 462.300: Application time: 1.1865479 seconds
2024-10-04T19:39:57.215+0300: 462.300: [GC (Allocation Failure) [PSYoungGen: 348496K->400K(348672K)] 359688K->11608K(1048064K), 0.0006724 secs] [Times: user=0.00 sys=0.00, real=0.00 secs] 
2024-10-04T19:39:57.215+0300: 462.301: Total time for which application threads were stopped: 0.0009442 seconds, Stopping threads took: 0.0001344 seconds
2024-10-04T19:39:58.393+0300: 463.491: Application time: 1.1906152 seconds
2024-10-04T19:39:58.393+0300: 463.492: [GC (Allocation Failure) [PSYoungGen: 348560K->400K(348672K)] 359768K->11624K(1048064K), 0.0007251 secs] [Times: user=0.00 sys=0.00, real=0.02 secs] 
2024-10-04T19:39:58.408+0300: 463.493: Total time for which application threads were stopped: 0.0010373 seconds, Stopping threads took: 0.0001827 seconds
2024-10-04T19:39:59.601+0300: 464.692: Application time: 1.1993365 seconds
2024-10-04T19:39:59.601+0300: 464.692: [GC (Allocation Failure) [PSYoungGen: 348560K->416K(348672K)] 359784K->11648K(1048064K), 0.0007149 secs] [Times: user=0.00 sys=0.00, real=0.00 secs] 
2024-10-04T19:39:59.601+0300: 464.693: Total time for which application threads were stopped: 0.0009783 seconds, Stopping threads took: 0.0001500 seconds
2024-10-04T19:40:00.794+0300: 465.885: Application time: 1.1919759 seconds
2024-10-04T19:40:00.794+0300: 465.885: [GC (Allocation Failure) [PSYoungGen: 348576K->384K(348672K)] 359808K->11624K(1048064K), 0.0006796 secs] [Times: user=0.00 sys=0.00, real=0.00 secs] 
2024-10-04T19:40:00.794+0300: 465.886: Total time for which application threads were stopped: 0.0009509 seconds, Stopping threads took: 0.0001520 seconds
2024-10-04T19:40:01.995+0300: 467.079: Application time: 1.1934997 seconds
2024-10-04T19:40:01.995+0300: 467.079: [GC (Allocation Failure) [PSYoungGen: 348544K->352K(348672K)] 359784K->11616K(1048064K), 0.0006803 secs] [Times: user=0.00 sys=0.00, real=0.00 secs] 
2024-10-04T19:40:01.996+0300: 467.080: Total time for which application threads were stopped: 0.0009487 seconds, Stopping threads took: 0.0001475 seconds
2024-10-04T19:40:03.179+0300: 468.270: Application time: 1.1893464 seconds
2024-10-04T19:40:03.179+0300: 468.270: [GC (Allocation Failure) [PSYoungGen: 348512K->368K(348672K)] 359776K->11672K(1048064K), 0.0007282 secs] [Times: user=0.00 sys=0.00, real=0.00 secs] 
2024-10-04T19:40:03.179+0300: 468.271: Total time for which application threads were stopped: 0.0010262 seconds, Stopping threads took: 0.0001902 seconds
2024-10-04T19:40:04.377+0300: 469.461: Application time: 1.1902421 seconds
2024-10-04T19:40:04.377+0300: 469.461: [GC (Allocation Failure) [PSYoungGen: 348528K->352K(348672K)] 359832K->11672K(1048064K), 0.0006149 secs] [Times: user=0.00 sys=0.00, real=0.00 secs] 
2024-10-04T19:40:04.378+0300: 469.462: Total time for which application threads were stopped: 0.0009422 seconds, Stopping threads took: 0.0001994 seconds
2024-10-04T19:40:05.564+0300: 470.657: Application time: 1.1948642 seconds
2024-10-04T19:40:05.564+0300: 470.657: [GC (Allocation Failure) [PSYoungGen: 348512K->368K(348672K)] 359832K->11696K(1048064K), 0.0006997 secs] [Times: user=0.00 sys=0.00, real=0.00 secs] 
2024-10-04T19:40:05.564+0300: 470.658: Total time for which application threads were stopped: 0.0009926 seconds, Stopping threads took: 0.0001570 seconds
2024-10-04T19:40:06.756+0300: 471.852: Application time: 1.1939985 seconds
2024-10-04T19:40:06.756+0300: 471.852: [GC (Allocation Failure) [PSYoungGen: 348528K->400K(348672K)] 359856K->11744K(1048064K), 0.0007538 secs] [Times: user=0.00 sys=0.00, real=0.00 secs] 
2024-10-04T19:40:06.756+0300: 471.853: Total time for which application threads were stopped: 0.0010883 seconds, Stopping threads took: 0.0001873 seconds
2024-10-04T19:40:07.949+0300: 473.038: Application time: 1.1851823 seconds
2024-10-04T19:40:07.949+0300: 473.038: [GC (Allocation Failure) [PSYoungGen: 348560K->368K(348672K)] 359904K->11728K(1048064K), 0.0006681 secs] [Times: user=0.00 sys=0.00, real=0.00 secs] 
2024-10-04T19:40:07.949+0300: 473.039: Total time for which application threads were stopped: 0.0010027 seconds, Stopping threads took: 0.0001852 seconds
2024-10-04T19:40:09.145+0300: 474.229: Application time: 1.1899193 seconds
2024-10-04T19:40:09.145+0300: 474.229: [GC (Allocation Failure) [PSYoungGen: 348528K->368K(348672K)] 359888K->11736K(1048064K), 0.0006302 secs] [Times: user=0.00 sys=0.00, real=0.00 secs] 
2024-10-04T19:40:09.145+0300: 474.230: Total time for which application threads were stopped: 0.0009456 seconds, Stopping threads took: 0.0001790 seconds
2024-10-04T19:40:10.321+0300: 475.416: Application time: 1.1861267 seconds
2024-10-04T19:40:10.321+0300: 475.416: [GC (Allocation Failure) [PSYoungGen: 348528K->368K(348672K)] 359896K->11744K(1048064K), 0.0007060 secs] [Times: user=0.00 sys=0.00, real=0.00 secs] 
2024-10-04T19:40:10.321+0300: 475.417: Total time for which application threads were stopped: 0.0010484 seconds, Stopping threads took: 0.0001978 seconds
2024-10-04T19:40:11.529+0300: 476.613: Application time: 1.1963007 seconds
2024-10-04T19:40:11.529+0300: 476.613: [GC (Allocation Failure) [PSYoungGen: 348528K->400K(348672K)] 359904K->11784K(1048064K), 0.0006664 secs] [Times: user=0.00 sys=0.00, real=0.00 secs] 
2024-10-04T19:40:11.529+0300: 476.614: Total time for which application threads were stopped: 0.0009029 seconds, Stopping threads took: 0.0001083 seconds
2024-10-04T19:40:12.706+0300: 477.802: Application time: 1.1875040 seconds
2024-10-04T19:40:12.706+0300: 477.802: [GC (Allocation Failure) [PSYoungGen: 348560K->352K(348672K)] 359944K->11760K(1048064K), 0.0006566 secs] [Times: user=0.00 sys=0.00, real=0.00 secs] 
2024-10-04T19:40:12.706+0300: 477.803: Total time for which application threads were stopped: 0.0009840 seconds, Stopping threads took: 0.0001926 seconds
2024-10-04T19:40:13.899+0300: 478.993: Application time: 1.1907463 seconds
2024-10-04T19:40:13.899+0300: 478.994: [GC (Allocation Failure) [PSYoungGen: 348512K->352K(348672K)] 359920K->11768K(1048064K), 0.0007145 secs] [Times: user=0.00 sys=0.00, real=0.00 secs] 
2024-10-04T19:40:13.899+0300: 478.994: Total time for which application threads were stopped: 0.0010368 seconds, Stopping threads took: 0.0001701 seconds
2024-10-04T19:40:15.123+0300: 480.217: Application time: 1.2227093 seconds
2024-10-04T19:40:15.123+0300: 480.218: [GC (Allocation Failure) [PSYoungGen: 348512K->384K(348672K)] 359928K->11808K(1048064K), 0.0007299 secs] [Times: user=0.00 sys=0.00, real=0.00 secs] 
2024-10-04T19:40:15.123+0300: 480.218: Total time for which application threads were stopped: 0.0011120 seconds, Stopping threads took: 0.0002103 seconds
2024-10-04T19:40:16.349+0300: 481.441: Application time: 1.2224652 seconds
2024-10-04T19:40:16.349+0300: 481.441: [GC (Allocation Failure) [PSYoungGen: 348544K->368K(348672K)] 359968K->11816K(1048064K), 0.0007234 secs] [Times: user=0.00 sys=0.00, real=0.00 secs] 
2024-10-04T19:40:16.349+0300: 481.442: Total time for which application threads were stopped: 0.0009776 seconds, Stopping threads took: 0.0001329 seconds
2024-10-04T19:40:17.553+0300: 482.647: Application time: 1.2051056 seconds
2024-10-04T19:40:17.553+0300: 482.647: [GC (Allocation Failure) [PSYoungGen: 348528K->384K(348672K)] 359976K->11840K(1048064K), 0.0007262 secs] [Times: user=0.00 sys=0.00, real=0.00 secs] 
2024-10-04T19:40:17.553+0300: 482.648: Total time for which application threads were stopped: 0.0010486 seconds, Stopping threads took: 0.0001875 seconds
2024-10-04T19:40:18.745+0300: 483.834: Application time: 1.1859283 seconds
2024-10-04T19:40:18.745+0300: 483.834: [GC (Allocation Failure) [PSYoungGen: 348544K->352K(348672K)] 360000K->11816K(1048064K), 0.0006652 secs] [Times: user=0.00 sys=0.00, real=0.00 secs] 
2024-10-04T19:40:18.745+0300: 483.835: Total time for which application threads were stopped: 0.0009645 seconds, Stopping threads took: 0.0001786 seconds
2024-10-04T19:40:19.944+0300: 485.028: Application time: 1.1933149 seconds
2024-10-04T19:40:19.944+0300: 485.028: [GC (Allocation Failure) [PSYoungGen: 348512K->384K(348672K)] 359976K->11856K(1048064K), 0.0006938 secs] [Times: user=0.00 sys=0.00, real=0.00 secs] 
2024-10-04T19:40:19.945+0300: 485.029: Total time for which application threads were stopped: 0.0009609 seconds, Stopping threads took: 0.0001544 seconds
2024-10-04T19:40:21.131+0300: 486.218: Application time: 1.1889174 seconds
2024-10-04T19:40:21.131+0300: 486.218: [GC (Allocation Failure) [PSYoungGen: 348544K->368K(348672K)] 360016K->11856K(1048064K), 0.0006956 secs] [Times: user=0.00 sys=0.00, real=0.00 secs] 
2024-10-04T19:40:21.131+0300: 486.219: Total time for which application threads were stopped: 0.0009560 seconds, Stopping threads took: 0.0001478 seconds
2024-10-04T19:40:22.308+0300: 487.400: Application time: 1.1805505 seconds
2024-10-04T19:40:22.308+0300: 487.400: [GC (Allocation Failure) [PSYoungGen: 348528K->384K(348672K)] 360016K->11904K(1048064K), 0.0007366 secs] [Times: user=0.00 sys=0.00, real=0.00 secs] 
2024-10-04T19:40:22.308+0300: 487.401: Total time for which application threads were stopped: 0.0010049 seconds, Stopping threads took: 0.0001481 seconds
2024-10-04T19:40:23.501+0300: 488.594: Application time: 1.1931800 seconds
2024-10-04T19:40:23.501+0300: 488.594: [GC (Allocation Failure) [PSYoungGen: 348544K->416K(348672K)] 360064K->11952K(1048064K), 0.0007175 secs] [Times: user=0.00 sys=0.00, real=0.00 secs] 
2024-10-04T19:40:23.501+0300: 488.595: Total time for which application threads were stopped: 0.0010648 seconds, Stopping threads took: 0.0002013 seconds
2024-10-04T19:40:24.694+0300: 489.783: Application time: 1.1878662 seconds
2024-10-04T19:40:24.694+0300: 489.783: [GC (Allocation Failure) [PSYoungGen: 348576K->384K(348672K)] 360112K->11928K(1048064K), 0.0007047 secs] [Times: user=0.00 sys=0.00, real=0.00 secs] 
2024-10-04T19:40:24.694+0300: 489.784: Total time for which application threads were stopped: 0.0009924 seconds, Stopping threads took: 0.0001486 seconds
2024-10-04T19:40:25.887+0300: 490.975: Application time: 1.1911240 seconds
2024-10-04T19:40:25.887+0300: 490.975: [GC (Allocation Failure) [PSYoungGen: 348544K->368K(348672K)] 360088K->11920K(1048064K), 0.0006943 secs] [Times: user=0.00 sys=0.00, real=0.00 secs] 
2024-10-04T19:40:25.887+0300: 490.976: Total time for which application threads were stopped: 0.0009799 seconds, Stopping threads took: 0.0001512 seconds
2024-10-04T19:40:27.067+0300: 492.165: Application time: 1.1888090 seconds
2024-10-04T19:40:27.081+0300: 492.165: [GC (Allocation Failure) [PSYoungGen: 348528K->384K(348672K)] 360080K->11952K(1048064K), 0.0007268 secs] [Times: user=0.00 sys=0.00, real=0.00 secs] 
2024-10-04T19:40:27.081+0300: 492.166: Total time for which application threads were stopped: 0.0010832 seconds, Stopping threads took: 0.0002078 seconds
2024-10-04T19:40:28.268+0300: 493.355: Application time: 1.1894014 seconds
2024-10-04T19:40:28.268+0300: 493.355: [GC (Allocation Failure) [PSYoungGen: 348544K->368K(348672K)] 360112K->11952K(1048064K), 0.0007724 secs] [Times: user=0.00 sys=0.00, real=0.00 secs] 
2024-10-04T19:40:28.268+0300: 493.356: Total time for which application threads were stopped: 0.0010416 seconds, Stopping threads took: 0.0001589 seconds
2024-10-04T19:40:29.465+0300: 494.552: Application time: 1.1958992 seconds
2024-10-04T19:40:29.465+0300: 494.552: [GC (Allocation Failure) [PSYoungGen: 348528K->384K(348672K)] 360112K->11976K(1048064K), 0.0008164 secs] [Times: user=0.00 sys=0.00, real=0.00 secs] 
2024-10-04T19:40:29.465+0300: 494.553: Total time for which application threads were stopped: 0.0010822 seconds, Stopping threads took: 0.0001304 seconds
2024-10-04T19:40:30.658+0300: 495.743: Application time: 1.1895670 seconds
2024-10-04T19:40:30.658+0300: 495.743: [GC (Allocation Failure) [PSYoungGen: 348544K->352K(348672K)] 360136K->11976K(1048064K), 0.0006586 secs] [Times: user=0.00 sys=0.00, real=0.00 secs] 
2024-10-04T19:40:30.658+0300: 495.744: Total time for which application threads were stopped: 0.0008796 seconds, Stopping threads took: 0.0000861 seconds
2024-10-04T19:40:31.836+0300: 496.928: Application time: 1.1842411 seconds
2024-10-04T19:40:31.836+0300: 496.928: [GC (Allocation Failure) [PSYoungGen: 348512K->368K(348672K)] 360136K->12000K(1048064K), 0.0006614 secs] [Times: user=0.00 sys=0.00, real=0.00 secs] 
2024-10-04T19:40:31.836+0300: 496.929: Total time for which application threads were stopped: 0.0009792 seconds, Stopping threads took: 0.0001933 seconds
2024-10-04T19:40:32.375+0300: 497.462: Application time: 0.5328445 seconds
2024-10-04T19:40:32.375+0300: 497.462: Total time for which application threads were stopped: 0.0002042 seconds, Stopping threads took: 0.0001536 seconds
2024-10-04T19:40:32.495+0300: 497.586: Application time: 0.1240304 seconds
2024-10-04T19:40:32.495+0300: 497.586: Total time for which application threads were stopped: 0.0001790 seconds, Stopping threads took: 0.0001255 seconds
2024-10-04T19:40:32.700+0300: 497.790: Application time: 0.2038889 seconds
2024-10-04T19:40:32.700+0300: 497.790: Total time for which application threads were stopped: 0.0004144 seconds, Stopping threads took: 0.0003813 seconds
2024-10-04T19:40:33.155+0300: 498.239: Application time: 0.4487363 seconds
2024-10-04T19:40:33.155+0300: 498.239: [GC (Allocation Failure) [PSYoungGen: 348528K->384K(348672K)] 360160K->12040K(1048064K), 0.0006179 secs] [Times: user=0.00 sys=0.00, real=0.00 secs] 
2024-10-04T19:40:33.155+0300: 498.240: Total time for which application threads were stopped: 0.0008583 seconds, Stopping threads took: 0.0001244 seconds
2024-10-04T19:40:34.332+0300: 499.427: Application time: 1.1869108 seconds
2024-10-04T19:40:34.332+0300: 499.427: [GC (Allocation Failure) [PSYoungGen: 348544K->352K(348672K)] 360200K->12056K(1048064K), 0.0006810 secs] [Times: user=0.00 sys=0.00, real=0.00 secs] 
2024-10-04T19:40:34.332+0300: 499.428: Total time for which application threads were stopped: 0.0009418 seconds, Stopping threads took: 0.0001480 seconds
2024-10-04T19:40:35.539+0300: 500.627: Application time: 1.1991740 seconds
2024-10-04T19:40:35.539+0300: 500.627: [GC (Allocation Failure) [PSYoungGen: 348512K->368K(348672K)] 360216K->12112K(1048064K), 0.0006727 secs] [Times: user=0.00 sys=0.00, real=0.00 secs] 
2024-10-04T19:40:35.539+0300: 500.628: Total time for which application threads were stopped: 0.0009319 seconds, Stopping threads took: 0.0001527 seconds
2024-10-04T19:40:36.716+0300: 501.811: Application time: 1.1834609 seconds
2024-10-04T19:40:36.716+0300: 501.812: [GC (Allocation Failure) [PSYoungGen: 348528K->400K(348672K)] 360272K->12152K(1048064K), 0.0006731 secs] [Times: user=0.00 sys=0.00, real=0.00 secs] 
2024-10-04T19:40:36.716+0300: 501.812: Total time for which application threads were stopped: 0.0009799 seconds, Stopping threads took: 0.0001910 seconds
2024-10-04T19:40:37.909+0300: 502.998: Application time: 1.1852523 seconds
2024-10-04T19:40:37.909+0300: 502.998: [GC (Allocation Failure) [PSYoungGen: 348560K->384K(348672K)] 360312K->12152K(1048064K), 0.0007045 secs] [Times: user=0.00 sys=0.00, real=0.00 secs] 
2024-10-04T19:40:37.909+0300: 502.999: Total time for which application threads were stopped: 0.0009918 seconds, Stopping threads took: 0.0001695 seconds
2024-10-04T19:40:39.103+0300: 504.188: Application time: 1.1898868 seconds
2024-10-04T19:40:39.103+0300: 504.189: [GC (Allocation Failure) [PSYoungGen: 348544K->416K(348672K)] 360312K->12192K(1048064K), 0.0006191 secs] [Times: user=0.00 sys=0.00, real=0.00 secs] 
2024-10-04T19:40:39.103+0300: 504.189: Total time for which application threads were stopped: 0.0008710 seconds, Stopping threads took: 0.0001433 seconds
2024-10-04T19:40:40.296+0300: 505.393: Application time: 1.2034864 seconds
2024-10-04T19:40:40.296+0300: 505.393: [GC (Allocation Failure) [PSYoungGen: 348576K->384K(348672K)] 360352K->12176K(1048064K), 0.0006277 secs] [Times: user=0.00 sys=0.00, real=0.00 secs] 
2024-10-04T19:40:40.296+0300: 505.394: Total time for which application threads were stopped: 0.0008938 seconds, Stopping threads took: 0.0001618 seconds
2024-10-04T19:40:41.504+0300: 506.589: Application time: 1.1957116 seconds
2024-10-04T19:40:41.504+0300: 506.590: [GC (Allocation Failure) [PSYoungGen: 348544K->368K(348672K)] 360336K->12176K(1048064K), 0.0007132 secs] [Times: user=0.00 sys=0.00, real=0.00 secs] 
2024-10-04T19:40:41.504+0300: 506.591: Total time for which application threads were stopped: 0.0010543 seconds, Stopping threads took: 0.0001980 seconds
2024-10-04T19:40:42.681+0300: 507.774: Application time: 1.1837009 seconds
2024-10-04T19:40:42.681+0300: 507.774: [GC (Allocation Failure) [PSYoungGen: 348528K->384K(348672K)] 360336K->12208K(1048064K), 0.0006725 secs] [Times: user=0.00 sys=0.00, real=0.01 secs] 
2024-10-04T19:40:42.691+0300: 507.775: Total time for which application threads were stopped: 0.0009448 seconds, Stopping threads took: 0.0001402 seconds
2024-10-04T19:40:43.874+0300: 508.959: Application time: 1.1841341 seconds
2024-10-04T19:40:43.874+0300: 508.960: [GC (Allocation Failure) [PSYoungGen: 348544K->400K(348672K)] 360368K->12240K(1048064K), 0.0006703 secs] [Times: user=0.00 sys=0.00, real=0.00 secs] 
2024-10-04T19:40:43.874+0300: 508.960: Total time for which application threads were stopped: 0.0009390 seconds, Stopping threads took: 0.0001433 seconds
2024-10-04T19:40:45.052+0300: 510.150: Application time: 1.1896738 seconds
2024-10-04T19:40:45.052+0300: 510.150: [GC (Allocation Failure) [PSYoungGen: 348560K->368K(348672K)] 360400K->12224K(1048064K), 0.0006918 secs] [Times: user=0.00 sys=0.01, real=0.01 secs] 
2024-10-04T19:40:45.067+0300: 510.151: Total time for which application threads were stopped: 0.0009878 seconds, Stopping threads took: 0.0001495 seconds
2024-10-04T19:40:46.244+0300: 511.337: Application time: 1.1860968 seconds
2024-10-04T19:40:46.244+0300: 511.337: [GC (Allocation Failure) [PSYoungGen: 348528K->400K(348672K)] 360384K->12280K(1048064K), 0.0006702 secs] [Times: user=0.00 sys=0.00, real=0.00 secs] 
2024-10-04T19:40:46.244+0300: 511.338: Total time for which application threads were stopped: 0.0009552 seconds, Stopping threads took: 0.0001681 seconds
2024-10-04T19:40:47.422+0300: 512.521: Application time: 1.1825342 seconds
2024-10-04T19:40:47.422+0300: 512.521: [GC (Allocation Failure) [PSYoungGen: 348560K->352K(348672K)] 360440K->12248K(1048064K), 0.0007786 secs] [Times: user=0.00 sys=0.00, real=0.02 secs] 
2024-10-04T19:40:47.437+0300: 512.522: Total time for which application threads were stopped: 0.0011056 seconds, Stopping threads took: 0.0001900 seconds
2024-10-04T19:40:48.630+0300: 513.727: Application time: 1.2056027 seconds
2024-10-04T19:40:48.630+0300: 513.727: [GC (Allocation Failure) [PSYoungGen: 348512K->400K(348672K)] 360408K->12304K(1048064K), 0.0008605 secs] [Times: user=0.00 sys=0.00, real=0.00 secs] 
2024-10-04T19:40:48.630+0300: 513.728: Total time for which application threads were stopped: 0.0011460 seconds, Stopping threads took: 0.0001663 seconds
2024-10-04T19:40:49.838+0300: 514.933: Application time: 1.2047720 seconds
2024-10-04T19:40:49.838+0300: 514.933: [GC (Allocation Failure) [PSYoungGen: 348560K->336K(348672K)] 360464K->12248K(1048064K), 0.0006173 secs] [Times: user=0.03 sys=0.00, real=0.00 secs] 
2024-10-04T19:40:49.838+0300: 514.934: Total time for which application threads were stopped: 0.0008685 seconds, Stopping threads took: 0.0001369 seconds
2024-10-04T19:40:51.046+0300: 516.145: Application time: 1.2104811 seconds
2024-10-04T19:40:51.046+0300: 516.145: [GC (Allocation Failure) [PSYoungGen: 348496K->384K(348672K)] 360408K->12304K(1048064K), 0.0052871 secs] [Times: user=0.00 sys=0.00, real=0.02 secs] 
2024-10-04T19:40:51.065+0300: 516.150: Total time for which application threads were stopped: 0.0056098 seconds, Stopping threads took: 0.0001619 seconds
2024-10-04T19:40:52.254+0300: 517.346: Application time: 1.1962360 seconds
2024-10-04T19:40:52.254+0300: 517.347: [GC (Allocation Failure) [PSYoungGen: 348544K->416K(348672K)] 360464K->12360K(1048064K), 0.0006324 secs] [Times: user=0.00 sys=0.00, real=0.00 secs] 
2024-10-04T19:40:52.254+0300: 517.347: Total time for which application threads were stopped: 0.0009346 seconds, Stopping threads took: 0.0001700 seconds
2024-10-04T19:40:53.446+0300: 518.540: Application time: 1.1930297 seconds
2024-10-04T19:40:53.446+0300: 518.541: [GC (Allocation Failure) [PSYoungGen: 348576K->352K(348672K)] 360520K->12320K(1048064K), 0.0006438 secs] [Times: user=0.00 sys=0.00, real=0.00 secs] 
2024-10-04T19:40:53.446+0300: 518.541: Total time for which application threads were stopped: 0.0010788 seconds, Stopping threads took: 0.0003060 seconds
2024-10-04T19:40:54.639+0300: 519.729: Application time: 1.1876749 seconds
2024-10-04T19:40:54.639+0300: 519.729: [GC (Allocation Failure) [PSYoungGen: 348512K->384K(348672K)] 360480K->12368K(1048064K), 0.0006816 secs] [Times: user=0.00 sys=0.00, real=0.00 secs] 
2024-10-04T19:40:54.639+0300: 519.730: Total time for which application threads were stopped: 0.0009963 seconds, Stopping threads took: 0.0001732 seconds
2024-10-04T19:40:55.816+0300: 520.912: Application time: 1.1815501 seconds
2024-10-04T19:40:55.816+0300: 520.912: [GC (Allocation Failure) [PSYoungGen: 348544K->384K(348672K)] 360528K->12376K(1048064K), 0.0006975 secs] [Times: user=0.00 sys=0.00, real=0.00 secs] 
2024-10-04T19:40:55.816+0300: 520.913: Total time for which application threads were stopped: 0.0009674 seconds, Stopping threads took: 0.0001635 seconds
2024-10-04T19:40:57.014+0300: 522.107: Application time: 1.1944682 seconds
2024-10-04T19:40:57.014+0300: 522.107: [GC (Allocation Failure) [PSYoungGen: 348544K->400K(348672K)] 360536K->12408K(1048064K), 0.0006409 secs] [Times: user=0.00 sys=0.00, real=0.00 secs] 
2024-10-04T19:40:57.014+0300: 522.108: Total time for which application threads were stopped: 0.0009515 seconds, Stopping threads took: 0.0001888 seconds
2024-10-04T19:40:58.202+0300: 523.295: Application time: 1.1867639 seconds
2024-10-04T19:40:58.202+0300: 523.295: [GC (Allocation Failure) [PSYoungGen: 348560K->416K(348672K)] 360568K->12448K(1048064K), 0.0007040 secs] [Times: user=0.00 sys=0.00, real=0.00 secs] 
2024-10-04T19:40:58.202+0300: 523.296: Total time for which application threads were stopped: 0.0009570 seconds, Stopping threads took: 0.0001417 seconds
2024-10-04T19:40:59.395+0300: 524.484: Application time: 1.1882652 seconds
2024-10-04T19:40:59.395+0300: 524.484: [GC (Allocation Failure) [PSYoungGen: 348576K->352K(348672K)] 360608K->12392K(1048064K), 0.0006389 secs] [Times: user=0.00 sys=0.00, real=0.00 secs] 
2024-10-04T19:40:59.395+0300: 524.485: Total time for which application threads were stopped: 0.0009379 seconds, Stopping threads took: 0.0001843 seconds
2024-10-04T19:41:00.604+0300: 525.693: Application time: 1.2079134 seconds
2024-10-04T19:41:00.604+0300: 525.693: [GC (Allocation Failure) [PSYoungGen: 348512K->400K(348672K)] 360552K->12464K(1048064K), 0.0006734 secs] [Times: user=0.00 sys=0.00, real=0.00 secs] 
2024-10-04T19:41:00.604+0300: 525.694: Total time for which application threads were stopped: 0.0009337 seconds, Stopping threads took: 0.0001362 seconds
2024-10-04T19:41:01.797+0300: 526.881: Application time: 1.1872201 seconds
2024-10-04T19:41:01.797+0300: 526.881: [GC (Allocation Failure) [PSYoungGen: 348560K->368K(348672K)] 360624K->12472K(1048064K), 0.0006559 secs] [Times: user=0.00 sys=0.00, real=0.00 secs] 
2024-10-04T19:41:01.797+0300: 526.882: Total time for which application threads were stopped: 0.0009402 seconds, Stopping threads took: 0.0001620 seconds
2024-10-04T19:41:02.974+0300: 528.070: Application time: 1.1881907 seconds
2024-10-04T19:41:02.974+0300: 528.070: [GC (Allocation Failure) [PSYoungGen: 348528K->400K(348672K)] 360632K->12520K(1048064K), 0.0007926 secs] [Times: user=0.00 sys=0.00, real=0.00 secs] 
2024-10-04T19:41:02.974+0300: 528.071: Total time for which application threads were stopped: 0.0010964 seconds, Stopping threads took: 0.0001828 seconds
2024-10-04T19:41:04.166+0300: 529.258: Application time: 1.1870850 seconds
2024-10-04T19:41:04.166+0300: 529.259: [GC (Allocation Failure) [PSYoungGen: 348560K->384K(348672K)] 360680K->12520K(1048064K), 0.0006003 secs] [Times: user=0.00 sys=0.00, real=0.00 secs] 
2024-10-04T19:41:04.166+0300: 529.259: Total time for which application threads were stopped: 0.0009176 seconds, Stopping threads took: 0.0002067 seconds
2024-10-04T19:41:05.360+0300: 530.452: Application time: 1.1928600 seconds
2024-10-04T19:41:05.360+0300: 530.452: [GC (Allocation Failure) [PSYoungGen: 348544K->368K(348672K)] 360680K->12512K(1048064K), 0.0006835 secs] [Times: user=0.00 sys=0.00, real=0.00 secs] 
2024-10-04T19:41:05.360+0300: 530.453: Total time for which application threads were stopped: 0.0009623 seconds, Stopping threads took: 0.0001652 seconds
2024-10-04T19:41:06.554+0300: 531.645: Application time: 1.1923546 seconds
2024-10-04T19:41:06.554+0300: 531.646: [GC (Allocation Failure) [PSYoungGen: 348528K->368K(348672K)] 360672K->12528K(1048064K), 0.0007130 secs] [Times: user=0.00 sys=0.00, real=0.00 secs] 
2024-10-04T19:41:06.554+0300: 531.646: Total time for which application threads were stopped: 0.0009879 seconds, Stopping threads took: 0.0001583 seconds
2024-10-04T19:41:07.732+0300: 532.830: Application time: 1.1832696 seconds
2024-10-04T19:41:07.732+0300: 532.830: [GC (Allocation Failure) [PSYoungGen: 348528K->384K(348672K)] 360688K->12560K(1048064K), 0.0006795 secs] [Times: user=0.00 sys=0.00, real=0.00 secs] 
2024-10-04T19:41:07.732+0300: 532.831: Total time for which application threads were stopped: 0.0009469 seconds, Stopping threads took: 0.0001536 seconds
2024-10-04T19:41:08.931+0300: 534.020: Application time: 1.1896908 seconds
2024-10-04T19:41:08.931+0300: 534.021: [GC (Allocation Failure) [PSYoungGen: 348544K->384K(348672K)] 360720K->12568K(1048064K), 0.0006241 secs] [Times: user=0.00 sys=0.00, real=0.00 secs] 
2024-10-04T19:41:08.931+0300: 534.021: Total time for which application threads were stopped: 0.0009640 seconds, Stopping threads took: 0.0002178 seconds
2024-10-04T19:41:10.147+0300: 535.232: Application time: 1.2111028 seconds
2024-10-04T19:41:10.147+0300: 535.233: [GC (Allocation Failure) [PSYoungGen: 348544K->400K(348672K)] 360728K->12592K(1048064K), 0.0051304 secs] [Times: user=0.00 sys=0.00, real=0.01 secs] 
2024-10-04T19:41:10.153+0300: 535.238: Total time for which application threads were stopped: 0.0054539 seconds, Stopping threads took: 0.0001679 seconds
2024-10-04T19:41:11.370+0300: 536.464: Application time: 1.2260967 seconds
2024-10-04T19:41:11.370+0300: 536.464: [GC (Allocation Failure) [PSYoungGen: 348560K->416K(348672K)] 360752K->12616K(1048064K), 0.0006560 secs] [Times: user=0.00 sys=0.00, real=0.00 secs] 
2024-10-04T19:41:11.370+0300: 536.465: Total time for which application threads were stopped: 0.0010096 seconds, Stopping threads took: 0.0002130 seconds
2024-10-04T19:41:12.562+0300: 537.660: Application time: 1.1946396 seconds
2024-10-04T19:41:12.562+0300: 537.660: [GC (Allocation Failure) [PSYoungGen: 348576K->368K(348672K)] 360776K->12576K(1048064K), 0.0006382 secs] [Times: user=0.00 sys=0.00, real=0.00 secs] 
2024-10-04T19:41:12.562+0300: 537.661: Total time for which application threads were stopped: 0.0009530 seconds, Stopping threads took: 0.0001709 seconds
2024-10-04T19:41:13.770+0300: 538.858: Application time: 1.1978672 seconds
2024-10-04T19:41:13.770+0300: 538.859: [GC (Allocation Failure) [PSYoungGen: 348528K->400K(348672K)] 360736K->12640K(1048064K), 0.0006764 secs] [Times: user=0.00 sys=0.00, real=0.00 secs] 
2024-10-04T19:41:13.770+0300: 538.859: Total time for which application threads were stopped: 0.0009577 seconds, Stopping threads took: 0.0001590 seconds
2024-10-04T19:41:14.962+0300: 540.049: Application time: 1.1891974 seconds
2024-10-04T19:41:14.962+0300: 540.049: [GC (Allocation Failure) [PSYoungGen: 348560K->384K(348672K)] 360800K->12640K(1048064K), 0.0007778 secs] [Times: user=0.00 sys=0.00, real=0.00 secs] 
2024-10-04T19:41:14.962+0300: 540.050: Total time for which application threads were stopped: 0.0012319 seconds, Stopping threads took: 0.0001528 seconds
2024-10-04T19:41:16.155+0300: 541.243: Application time: 1.1927040 seconds
2024-10-04T19:41:16.155+0300: 541.243: [GC (Allocation Failure) [PSYoungGen: 348544K->384K(348672K)] 360800K->12656K(1048064K), 0.0006459 secs] [Times: user=0.00 sys=0.00, real=0.00 secs] 
2024-10-04T19:41:16.155+0300: 541.244: Total time for which application threads were stopped: 0.0009191 seconds, Stopping threads took: 0.0001674 seconds
2024-10-04T19:41:17.344+0300: 542.431: Application time: 1.1876588 seconds
2024-10-04T19:41:17.344+0300: 542.431: [GC (Allocation Failure) [PSYoungGen: 348544K->368K(348672K)] 360816K->12648K(1048064K), 0.0007169 secs] [Times: user=0.00 sys=0.00, real=0.00 secs] 
2024-10-04T19:41:17.348+0300: 542.432: Total time for which application threads were stopped: 0.0009764 seconds, Stopping threads took: 0.0001391 seconds
2024-10-04T19:41:18.525+0300: 543.621: Application time: 1.1889689 seconds
2024-10-04T19:41:18.525+0300: 543.621: [GC (Allocation Failure) [PSYoungGen: 348528K->368K(348672K)] 360808K->12656K(1048064K), 0.0006705 secs] [Times: user=0.00 sys=0.00, real=0.00 secs] 
2024-10-04T19:41:18.525+0300: 543.622: Total time for which application threads were stopped: 0.0009791 seconds, Stopping threads took: 0.0001982 seconds
2024-10-04T19:41:19.717+0300: 544.805: Application time: 1.1829947 seconds
2024-10-04T19:41:19.717+0300: 544.805: [GC (Allocation Failure) [PSYoungGen: 348528K->352K(348672K)] 360816K->12680K(1048064K), 0.0006141 secs] [Times: user=0.00 sys=0.00, real=0.00 secs] 
2024-10-04T19:41:19.717+0300: 544.806: Total time for which application threads were stopped: 0.0008789 seconds, Stopping threads took: 0.0001540 seconds
2024-10-04T19:41:20.910+0300: 545.997: Application time: 1.1905918 seconds
2024-10-04T19:41:20.910+0300: 545.997: [GC (Allocation Failure) [PSYoungGen: 348512K->384K(348672K)] 360840K->12728K(1048064K), 0.0006575 secs] [Times: user=0.00 sys=0.00, real=0.00 secs] 
2024-10-04T19:41:20.910+0300: 545.997: Total time for which application threads were stopped: 0.0009108 seconds, Stopping threads took: 0.0001474 seconds
2024-10-04T19:41:22.088+0300: 547.184: Application time: 1.1865228 seconds
2024-10-04T19:41:22.088+0300: 547.184: [GC (Allocation Failure) [PSYoungGen: 348544K->384K(348672K)] 360888K->12752K(1048064K), 0.0006158 secs] [Times: user=0.00 sys=0.00, real=0.00 secs] 
2024-10-04T19:41:22.088+0300: 547.185: Total time for which application threads were stopped: 0.0009071 seconds, Stopping threads took: 0.0001794 seconds
2024-10-04T19:41:23.281+0300: 548.370: Application time: 1.1850996 seconds
2024-10-04T19:41:23.281+0300: 548.370: [GC (Allocation Failure) [PSYoungGen: 348544K->400K(348672K)] 360912K->12784K(1048064K), 0.0006817 secs] [Times: user=0.00 sys=0.00, real=0.00 secs] 
2024-10-04T19:41:23.281+0300: 548.371: Total time for which application threads were stopped: 0.0009648 seconds, Stopping threads took: 0.0001780 seconds
2024-10-04T19:41:24.474+0300: 549.565: Application time: 1.1937699 seconds
2024-10-04T19:41:24.474+0300: 549.565: [GC (Allocation Failure) [PSYoungGen: 348560K->368K(348672K)] 360944K->12768K(1048064K), 0.0006476 secs] [Times: user=0.00 sys=0.00, real=0.00 secs] 
2024-10-04T19:41:24.474+0300: 549.566: Total time for which application threads were stopped: 0.0009068 seconds, Stopping threads took: 0.0001407 seconds
2024-10-04T19:41:25.666+0300: 550.761: Application time: 1.1956813 seconds
2024-10-04T19:41:25.666+0300: 550.762: [GC (Allocation Failure) [PSYoungGen: 348528K->400K(348672K)] 360928K->12816K(1048064K), 0.0007201 secs] [Times: user=0.00 sys=0.00, real=0.00 secs] 
2024-10-04T19:41:25.666+0300: 550.762: Total time for which application threads were stopped: 0.0010651 seconds, Stopping threads took: 0.0002214 seconds
2024-10-04T19:41:26.860+0300: 551.950: Application time: 1.1875433 seconds
2024-10-04T19:41:26.860+0300: 551.950: [GC (Allocation Failure) [PSYoungGen: 348560K->368K(348672K)] 360976K->12792K(1048064K), 0.0007173 secs] [Times: user=0.00 sys=0.00, real=0.00 secs] 
2024-10-04T19:41:26.860+0300: 551.951: Total time for which application threads were stopped: 0.0010344 seconds, Stopping threads took: 0.0001829 seconds
2024-10-04T19:41:28.051+0300: 553.136: Application time: 1.1852208 seconds
2024-10-04T19:41:28.051+0300: 553.136: [GC (Allocation Failure) [PSYoungGen: 348528K->384K(348672K)] 360952K->12824K(1048064K), 0.0006931 secs] [Times: user=0.00 sys=0.00, real=0.00 secs] 
2024-10-04T19:41:28.051+0300: 553.137: Total time for which application threads were stopped: 0.0009462 seconds, Stopping threads took: 0.0001435 seconds
2024-10-04T19:41:29.228+0300: 554.320: Application time: 1.1825880 seconds
2024-10-04T19:41:29.228+0300: 554.320: [GC (Allocation Failure) [PSYoungGen: 348544K->368K(348672K)] 360984K->12824K(1048064K), 0.0006264 secs] [Times: user=0.00 sys=0.00, real=0.00 secs] 
2024-10-04T19:41:29.228+0300: 554.321: Total time for which application threads were stopped: 0.0009244 seconds, Stopping threads took: 0.0001915 seconds
2024-10-04T19:41:30.422+0300: 555.508: Application time: 1.1870630 seconds
2024-10-04T19:41:30.422+0300: 555.508: [GC (Allocation Failure) [PSYoungGen: 348528K->368K(348672K)] 360984K->12840K(1048064K), 0.0006802 secs] [Times: user=0.00 sys=0.00, real=0.00 secs] 
2024-10-04T19:41:30.422+0300: 555.509: Total time for which application threads were stopped: 0.0009228 seconds, Stopping threads took: 0.0001249 seconds
2024-10-04T19:41:31.616+0300: 556.710: Application time: 1.2009730 seconds
2024-10-04T19:41:31.616+0300: 556.710: [GC (Allocation Failure) [PSYoungGen: 348528K->368K(348672K)] 361000K->12856K(1048064K), 0.0007929 secs] [Times: user=0.00 sys=0.00, real=0.00 secs] 
2024-10-04T19:41:31.616+0300: 556.711: Total time for which application threads were stopped: 0.0010975 seconds, Stopping threads took: 0.0001655 seconds
2024-10-04T19:41:32.793+0300: 557.890: Application time: 1.1794652 seconds
2024-10-04T19:41:32.793+0300: 557.890: [GC (Allocation Failure) [PSYoungGen: 348528K->352K(348672K)] 361016K->12856K(1048064K), 0.0007176 secs] [Times: user=0.00 sys=0.00, real=0.00 secs] 
2024-10-04T19:41:32.793+0300: 557.891: Total time for which application threads were stopped: 0.0010161 seconds, Stopping threads took: 0.0001813 seconds
2024-10-04T19:41:33.986+0300: 559.074: Application time: 1.1826474 seconds
2024-10-04T19:41:33.986+0300: 559.074: [GC (Allocation Failure) [PSYoungGen: 348512K->352K(348672K)] 361016K->12872K(1048064K), 0.0006808 secs] [Times: user=0.00 sys=0.00, real=0.00 secs] 
2024-10-04T19:41:33.986+0300: 559.075: Total time for which application threads were stopped: 0.0009528 seconds, Stopping threads took: 0.0001600 seconds
2024-10-04T19:41:35.178+0300: 560.264: Application time: 1.1891869 seconds
2024-10-04T19:41:35.178+0300: 560.264: [GC (Allocation Failure) [PSYoungGen: 348512K->384K(348672K)] 361032K->12936K(1048064K), 0.0006747 secs] [Times: user=0.00 sys=0.00, real=0.00 secs] 
2024-10-04T19:41:35.178+0300: 560.265: Total time for which application threads were stopped: 0.0009550 seconds, Stopping threads took: 0.0001671 seconds
2024-10-04T19:41:36.355+0300: 561.450: Application time: 1.1846383 seconds
2024-10-04T19:41:36.355+0300: 561.450: [GC (Allocation Failure) [PSYoungGen: 348544K->368K(348672K)] 361096K->12928K(1048064K), 0.0006507 secs] [Times: user=0.00 sys=0.00, real=0.00 secs] 
2024-10-04T19:41:36.355+0300: 561.451: Total time for which application threads were stopped: 0.0009225 seconds, Stopping threads took: 0.0001597 seconds
2024-10-04T19:41:37.551+0300: 562.641: Application time: 1.1902309 seconds
2024-10-04T19:41:37.551+0300: 562.641: [GC (Allocation Failure) [PSYoungGen: 348528K->352K(348672K)] 361088K->12928K(1048064K), 0.0006486 secs] [Times: user=0.00 sys=0.00, real=0.00 secs] 
2024-10-04T19:41:37.551+0300: 562.642: Total time for which application threads were stopped: 0.0009346 seconds, Stopping threads took: 0.0001472 seconds
2024-10-04T19:41:38.740+0300: 563.830: Application time: 1.1879886 seconds
2024-10-04T19:41:38.740+0300: 563.830: [GC (Allocation Failure) [PSYoungGen: 348512K->400K(348672K)] 361088K->12984K(1048064K), 0.0007273 secs] [Times: user=0.00 sys=0.00, real=0.00 secs] 
2024-10-04T19:41:38.740+0300: 563.831: Total time for which application threads were stopped: 0.0010538 seconds, Stopping threads took: 0.0001770 seconds
2024-10-04T19:41:39.934+0300: 565.019: Application time: 1.1880658 seconds
2024-10-04T19:41:39.934+0300: 565.019: [GC (Allocation Failure) [PSYoungGen: 348560K->352K(348672K)] 361144K->12952K(1048064K), 0.0006206 secs] [Times: user=0.00 sys=0.00, real=0.00 secs] 
2024-10-04T19:41:39.934+0300: 565.020: Total time for which application threads were stopped: 0.0008713 seconds, Stopping threads took: 0.0001352 seconds
2024-10-04T19:41:41.111+0300: 566.209: Application time: 1.1891506 seconds
2024-10-04T19:41:41.111+0300: 566.209: [GC (Allocation Failure) [PSYoungGen: 348512K->384K(348672K)] 361112K->13000K(1048064K), 0.0006599 secs] [Times: user=0.00 sys=0.00, real=0.00 secs] 
2024-10-04T19:41:41.111+0300: 566.210: Total time for which application threads were stopped: 0.0009688 seconds, Stopping threads took: 0.0001713 seconds
2024-10-04T19:41:42.303+0300: 567.394: Application time: 1.1845957 seconds
2024-10-04T19:41:42.303+0300: 567.395: [GC (Allocation Failure) [PSYoungGen: 348544K->416K(348672K)] 361160K->13048K(1048064K), 0.0007103 secs] [Times: user=0.00 sys=0.00, real=0.00 secs] 
2024-10-04T19:41:42.303+0300: 567.395: Total time for which application threads were stopped: 0.0010459 seconds, Stopping threads took: 0.0001987 seconds
2024-10-04T19:41:43.496+0300: 568.587: Application time: 1.1911828 seconds
2024-10-04T19:41:43.496+0300: 568.587: [GC (Allocation Failure) [PSYoungGen: 348576K->384K(348672K)] 361208K->13024K(1048064K), 0.0006178 secs] [Times: user=0.00 sys=0.00, real=0.00 secs] 
2024-10-04T19:41:43.496+0300: 568.588: Total time for which application threads were stopped: 0.0009416 seconds, Stopping threads took: 0.0001912 seconds
2024-10-04T19:41:44.687+0300: 569.773: Application time: 1.1854978 seconds
2024-10-04T19:41:44.687+0300: 569.773: [GC (Allocation Failure) [PSYoungGen: 348544K->384K(348672K)] 361184K->13032K(1048064K), 0.0007438 secs] [Times: user=0.00 sys=0.00, real=0.00 secs] 
2024-10-04T19:41:44.690+0300: 569.774: Total time for which application threads were stopped: 0.0010709 seconds, Stopping threads took: 0.0002004 seconds
2024-10-04T19:41:45.882+0300: 570.970: Application time: 1.1954929 seconds
2024-10-04T19:41:45.882+0300: 570.970: [GC (Allocation Failure) [PSYoungGen: 348544K->368K(348672K)] 361192K->13032K(1048064K), 0.0007490 secs] [Times: user=0.00 sys=0.00, real=0.00 secs] 
2024-10-04T19:41:45.882+0300: 570.971: Total time for which application threads were stopped: 0.0010088 seconds, Stopping threads took: 0.0001109 seconds
2024-10-04T19:41:47.060+0300: 572.158: Application time: 1.1874487 seconds
2024-10-04T19:41:47.060+0300: 572.158: [GC (Allocation Failure) [PSYoungGen: 348528K->400K(348672K)] 361192K->13080K(1048064K), 0.0006864 secs] [Times: user=0.00 sys=0.00, real=0.02 secs] 
2024-10-04T19:41:47.075+0300: 572.159: Total time for which application threads were stopped: 0.0010001 seconds, Stopping threads took: 0.0001919 seconds
2024-10-04T19:41:48.252+0300: 573.347: Application time: 1.1874028 seconds
2024-10-04T19:41:48.252+0300: 573.347: [GC (Allocation Failure) [PSYoungGen: 348560K->368K(348672K)] 361240K->13064K(1048064K), 0.0007071 secs] [Times: user=0.00 sys=0.00, real=0.00 secs] 
2024-10-04T19:41:48.252+0300: 573.348: Total time for which application threads were stopped: 0.0010522 seconds, Stopping threads took: 0.0002075 seconds
2024-10-04T19:41:49.445+0300: 574.535: Application time: 1.1871200 seconds
2024-10-04T19:41:49.445+0300: 574.535: [GC (Allocation Failure) [PSYoungGen: 348528K->400K(348672K)] 361224K->13128K(1048064K), 0.0007139 secs] [Times: user=0.00 sys=0.00, real=0.00 secs] 
2024-10-04T19:41:49.445+0300: 574.536: Total time for which application threads were stopped: 0.0009868 seconds, Stopping threads took: 0.0001379 seconds
2024-10-04T19:41:50.638+0300: 575.730: Application time: 1.1945278 seconds
2024-10-04T19:41:50.638+0300: 575.730: [GC (Allocation Failure) [PSYoungGen: 348560K->384K(348672K)] 361288K->13128K(1048064K), 0.0007331 secs] [Times: user=0.00 sys=0.00, real=0.00 secs] 
2024-10-04T19:41:50.638+0300: 575.731: Total time for which application threads were stopped: 0.0009920 seconds, Stopping threads took: 0.0001431 seconds
2024-10-04T19:41:51.830+0300: 576.919: Application time: 1.1877273 seconds
2024-10-04T19:41:51.830+0300: 576.919: [GC (Allocation Failure) [PSYoungGen: 348544K->368K(348672K)] 361288K->13128K(1048064K), 0.0006515 secs] [Times: user=0.00 sys=0.00, real=0.00 secs] 
2024-10-04T19:41:51.830+0300: 576.920: Total time for which application threads were stopped: 0.0009701 seconds, Stopping threads took: 0.0001840 seconds
2024-10-04T19:41:53.023+0300: 578.109: Application time: 1.1894702 seconds
2024-10-04T19:41:53.023+0300: 578.110: [GC (Allocation Failure) [PSYoungGen: 348528K->400K(348672K)] 361288K->13176K(1048064K), 0.0006447 secs] [Times: user=0.00 sys=0.00, real=0.00 secs] 
2024-10-04T19:41:53.023+0300: 578.110: Total time for which application threads were stopped: 0.0009494 seconds, Stopping threads took: 0.0001804 seconds
2024-10-04T19:41:54.217+0300: 579.315: Application time: 1.2048646 seconds
2024-10-04T19:41:54.217+0300: 579.315: [GC (Allocation Failure) [PSYoungGen: 348560K->416K(348672K)] 361336K->13200K(1048064K), 0.0006562 secs] [Times: user=0.00 sys=0.00, real=0.02 secs] 
2024-10-04T19:41:54.232+0300: 579.316: Total time for which application threads were stopped: 0.0009638 seconds, Stopping threads took: 0.0001741 seconds
2024-10-04T19:41:55.441+0300: 580.527: Application time: 1.2110028 seconds
2024-10-04T19:41:55.441+0300: 580.527: [GC (Allocation Failure) [PSYoungGen: 348576K->384K(348672K)] 361360K->13176K(1048064K), 0.0007224 secs] [Times: user=0.02 sys=0.00, real=0.00 secs] 
2024-10-04T19:41:55.441+0300: 580.528: Total time for which application threads were stopped: 0.0010501 seconds, Stopping threads took: 0.0001700 seconds
2024-10-04T19:41:56.653+0300: 581.746: Application time: 1.2176382 seconds
2024-10-04T19:41:56.653+0300: 581.746: [GC (Allocation Failure) [PSYoungGen: 348544K->384K(348672K)] 361336K->13192K(1048064K), 0.0007611 secs] [Times: user=0.01 sys=0.00, real=0.00 secs] 
2024-10-04T19:41:56.653+0300: 581.747: Total time for which application threads were stopped: 0.0010631 seconds, Stopping threads took: 0.0001584 seconds
2024-10-04T19:41:57.842+0300: 582.940: Application time: 1.1933806 seconds
2024-10-04T19:41:57.842+0300: 582.941: [GC (Allocation Failure) [PSYoungGen: 348544K->368K(348672K)] 361352K->13192K(1048064K), 0.0006098 secs] [Times: user=0.00 sys=0.00, real=0.00 secs] 
2024-10-04T19:41:57.842+0300: 582.941: Total time for which application threads were stopped: 0.0008837 seconds, Stopping threads took: 0.0001385 seconds
2024-10-04T19:41:59.053+0300: 584.137: Application time: 1.1954526 seconds
2024-10-04T19:41:59.053+0300: 584.137: [GC (Allocation Failure) [PSYoungGen: 348528K->336K(348672K)] 361352K->13192K(1048064K), 0.0007877 secs] [Times: user=0.01 sys=0.00, real=0.00 secs] 
2024-10-04T19:41:59.054+0300: 584.138: Total time for which application threads were stopped: 0.0011005 seconds, Stopping threads took: 0.0001689 seconds
2024-10-04T19:42:00.243+0300: 585.339: Application time: 1.2016062 seconds
2024-10-04T19:42:00.243+0300: 585.340: [GC (Allocation Failure) [PSYoungGen: 348496K->384K(348672K)] 361352K->13248K(1048064K), 0.0007062 secs] [Times: user=0.00 sys=0.00, real=0.00 secs] 
2024-10-04T19:42:00.243+0300: 585.340: Total time for which application threads were stopped: 0.0010618 seconds, Stopping threads took: 0.0002159 seconds
2024-10-04T19:42:01.436+0300: 586.535: Application time: 1.1942476 seconds
2024-10-04T19:42:01.436+0300: 586.535: [GC (Allocation Failure) [PSYoungGen: 348544K->400K(348672K)] 361408K->13272K(1048064K), 0.0008127 secs] [Times: user=0.01 sys=0.00, real=0.02 secs] 
2024-10-04T19:42:01.452+0300: 586.536: Total time for which application threads were stopped: 0.0011534 seconds, Stopping threads took: 0.0001390 seconds
2024-10-04T19:42:02.645+0300: 587.732: Application time: 1.1959067 seconds
2024-10-04T19:42:02.645+0300: 587.732: [GC (Allocation Failure) [PSYoungGen: 348560K->368K(348672K)] 361432K->13256K(1048064K), 0.0006969 secs] [Times: user=0.00 sys=0.00, real=0.00 secs] 
2024-10-04T19:42:02.645+0300: 587.733: Total time for which application threads were stopped: 0.0009809 seconds, Stopping threads took: 0.0001270 seconds
2024-10-04T19:42:03.822+0300: 588.912: Application time: 1.1794336 seconds
2024-10-04T19:42:03.822+0300: 588.912: [GC (Allocation Failure) [PSYoungGen: 348528K->384K(348672K)] 361416K->13288K(1048064K), 0.0006620 secs] [Times: user=0.00 sys=0.00, real=0.00 secs] 
2024-10-04T19:42:03.822+0300: 588.913: Total time for which application threads were stopped: 0.0009590 seconds, Stopping threads took: 0.0001754 seconds
2024-10-04T19:42:04.999+0300: 590.093: Application time: 1.1793430 seconds
2024-10-04T19:42:04.999+0300: 590.093: [GC (Allocation Failure) [PSYoungGen: 348544K->416K(348672K)] 361448K->13328K(1048064K), 0.0007154 secs] [Times: user=0.00 sys=0.00, real=0.00 secs] 
2024-10-04T19:42:04.999+0300: 590.094: Total time for which application threads were stopped: 0.0009792 seconds, Stopping threads took: 0.0001494 seconds
2024-10-04T19:42:06.192+0300: 591.281: Application time: 1.1876298 seconds
2024-10-04T19:42:06.192+0300: 591.281: [GC (Allocation Failure) [PSYoungGen: 348576K->368K(348672K)] 361488K->13304K(1048064K), 0.0006388 secs] [Times: user=0.00 sys=0.00, real=0.00 secs] 
2024-10-04T19:42:06.192+0300: 591.282: Total time for which application threads were stopped: 0.0009029 seconds, Stopping threads took: 0.0001507 seconds
2024-10-04T19:42:07.384+0300: 592.469: Application time: 1.1871909 seconds
2024-10-04T19:42:07.384+0300: 592.469: [GC (Allocation Failure) [PSYoungGen: 348528K->384K(348672K)] 361464K->13336K(1048064K), 0.0006825 secs] [Times: user=0.00 sys=0.00, real=0.00 secs] 
2024-10-04T19:42:07.384+0300: 592.470: Total time for which application threads were stopped: 0.0009266 seconds, Stopping threads took: 0.0001114 seconds
2024-10-04T19:42:08.578+0300: 593.665: Application time: 1.1951098 seconds
2024-10-04T19:42:08.578+0300: 593.665: [GC (Allocation Failure) [PSYoungGen: 348544K->400K(348672K)] 361496K->13368K(1048064K), 0.0006611 secs] [Times: user=0.00 sys=0.00, real=0.00 secs] 
2024-10-04T19:42:08.578+0300: 593.666: Total time for which application threads were stopped: 0.0009232 seconds, Stopping threads took: 0.0001458 seconds
2024-10-04T19:42:09.755+0300: 594.854: Application time: 1.1880693 seconds
2024-10-04T19:42:09.755+0300: 594.855: [GC (Allocation Failure) [PSYoungGen: 348560K->368K(348672K)] 361528K->13344K(1048064K), 0.0007262 secs] [Times: user=0.00 sys=0.00, real=0.02 secs] 
2024-10-04T19:42:09.771+0300: 594.855: Total time for which application threads were stopped: 0.0009919 seconds, Stopping threads took: 0.0001570 seconds
2024-10-04T19:42:10.949+0300: 596.046: Application time: 1.1907608 seconds
2024-10-04T19:42:10.949+0300: 596.046: [GC (Allocation Failure) [PSYoungGen: 348528K->384K(348672K)] 361504K->13376K(1048064K), 0.0006629 secs] [Times: user=0.00 sys=0.00, real=0.00 secs] 
2024-10-04T19:42:10.949+0300: 596.047: Total time for which application threads were stopped: 0.0009509 seconds, Stopping threads took: 0.0001664 seconds
2024-10-04T19:42:12.142+0300: 597.234: Application time: 1.1874482 seconds
2024-10-04T19:42:12.142+0300: 597.235: [GC (Allocation Failure) [PSYoungGen: 348544K->384K(348672K)] 361536K->13392K(1048064K), 0.0007437 secs] [Times: user=0.00 sys=0.00, real=0.00 secs] 
2024-10-04T19:42:12.142+0300: 597.235: Total time for which application threads were stopped: 0.0010444 seconds, Stopping threads took: 0.0001746 seconds
2024-10-04T19:42:13.349+0300: 598.433: Application time: 1.1978024 seconds
2024-10-04T19:42:13.349+0300: 598.433: [GC (Allocation Failure) [PSYoungGen: 348544K->384K(348672K)] 361552K->13408K(1048064K), 0.0006881 secs] [Times: user=0.00 sys=0.00, real=0.00 secs] 
2024-10-04T19:42:13.349+0300: 598.434: Total time for which application threads were stopped: 0.0009437 seconds, Stopping threads took: 0.0001366 seconds
2024-10-04T19:42:14.543+0300: 599.629: Application time: 1.1946674 seconds
2024-10-04T19:42:14.543+0300: 599.629: [GC (Allocation Failure) [PSYoungGen: 348544K->400K(348672K)] 361568K->13448K(1048064K), 0.0006848 secs] [Times: user=0.00 sys=0.00, real=0.00 secs] 
2024-10-04T19:42:14.543+0300: 599.630: Total time for which application threads were stopped: 0.0009497 seconds, Stopping threads took: 0.0001315 seconds
2024-10-04T19:42:15.719+0300: 600.816: Application time: 1.1865674 seconds
2024-10-04T19:42:15.719+0300: 600.817: [GC (Allocation Failure) [PSYoungGen: 348560K->384K(348672K)] 361608K->13448K(1048064K), 0.0006941 secs] [Times: user=0.00 sys=0.00, real=0.00 secs] 
2024-10-04T19:42:15.719+0300: 600.817: Total time for which application threads were stopped: 0.0009587 seconds, Stopping threads took: 0.0001529 seconds
2024-10-04T19:42:16.912+0300: 602.008: Application time: 1.1904453 seconds
2024-10-04T19:42:16.912+0300: 602.008: [GC (Allocation Failure) [PSYoungGen: 348544K->400K(348672K)] 361608K->13480K(1048064K), 0.0007173 secs] [Times: user=0.00 sys=0.00, real=0.00 secs] 
2024-10-04T19:42:16.912+0300: 602.009: Total time for which application threads were stopped: 0.0009928 seconds, Stopping threads took: 0.0001584 seconds
2024-10-04T19:42:18.104+0300: 603.194: Application time: 1.1850774 seconds
2024-10-04T19:42:18.104+0300: 603.194: [GC (Allocation Failure) [PSYoungGen: 348560K->368K(348672K)] 361640K->13480K(1048064K), 0.0006994 secs] [Times: user=0.00 sys=0.00, real=0.00 secs] 
2024-10-04T19:42:18.104+0300: 603.195: Total time for which application threads were stopped: 0.0009894 seconds, Stopping threads took: 0.0001750 seconds
2024-10-04T19:42:19.282+0300: 604.379: Application time: 1.1836342 seconds
2024-10-04T19:42:19.282+0300: 604.379: [GC (Allocation Failure) [PSYoungGen: 348528K->352K(348672K)] 361640K->13504K(1048064K), 0.0006497 secs] [Times: user=0.00 sys=0.00, real=0.00 secs] 
2024-10-04T19:42:19.282+0300: 604.379: Total time for which application threads were stopped: 0.0009439 seconds, Stopping threads took: 0.0001893 seconds
2024-10-04T19:42:20.475+0300: 605.570: Application time: 1.1903342 seconds
2024-10-04T19:42:20.475+0300: 605.570: [GC (Allocation Failure) [PSYoungGen: 348512K->416K(348672K)] 361664K->13576K(1048064K), 0.0007408 secs] [Times: user=0.00 sys=0.00, real=0.00 secs] 
2024-10-04T19:42:20.475+0300: 605.571: Total time for which application threads were stopped: 0.0010316 seconds, Stopping threads took: 0.0001432 seconds
2024-10-04T19:42:21.668+0300: 606.759: Application time: 1.1884837 seconds
2024-10-04T19:42:21.668+0300: 606.760: [GC (Allocation Failure) [PSYoungGen: 348576K->432K(348672K)] 361736K->13616K(1048064K), 0.0007306 secs] [Times: user=0.00 sys=0.00, real=0.00 secs] 
2024-10-04T19:42:21.668+0300: 606.760: Total time for which application threads were stopped: 0.0010171 seconds, Stopping threads took: 0.0001435 seconds
2024-10-04T19:42:22.861+0300: 607.946: Application time: 1.1851951 seconds
2024-10-04T19:42:22.861+0300: 607.946: [GC (Allocation Failure) [PSYoungGen: 348592K->432K(348672K)] 361776K->13624K(1048064K), 0.0007125 secs] [Times: user=0.00 sys=0.00, real=0.00 secs] 
2024-10-04T19:42:22.861+0300: 607.947: Total time for which application threads were stopped: 0.0010011 seconds, Stopping threads took: 0.0001436 seconds
2024-10-04T19:42:24.038+0300: 609.130: Application time: 1.1834598 seconds
2024-10-04T19:42:24.038+0300: 609.130: [GC (Allocation Failure) [PSYoungGen: 348592K->400K(348672K)] 361784K->13608K(1048064K), 0.0006598 secs] [Times: user=0.00 sys=0.00, real=0.00 secs] 
2024-10-04T19:42:24.038+0300: 609.131: Total time for which application threads were stopped: 0.0009631 seconds, Stopping threads took: 0.0001863 seconds
2024-10-04T19:42:25.231+0300: 610.317: Application time: 1.1863408 seconds
2024-10-04T19:42:25.231+0300: 610.318: [GC (Allocation Failure) [PSYoungGen: 348560K->400K(348672K)] 361768K->13648K(1048064K), 0.0007296 secs] [Times: user=0.00 sys=0.00, real=0.00 secs] 
2024-10-04T19:42:25.231+0300: 610.318: Total time for which application threads were stopped: 0.0010044 seconds, Stopping threads took: 0.0001565 seconds
2024-10-04T19:42:26.409+0300: 611.507: Application time: 1.1883052 seconds
2024-10-04T19:42:26.409+0300: 611.507: [GC (Allocation Failure) [PSYoungGen: 348560K->336K(348672K)] 361808K->13608K(1048064K), 0.0006630 secs] [Times: user=0.00 sys=0.00, real=0.00 secs] 
2024-10-04T19:42:26.409+0300: 611.508: Total time for which application threads were stopped: 0.0009997 seconds, Stopping threads took: 0.0002199 seconds
2024-10-04T19:42:27.602+0300: 612.701: Application time: 1.1934085 seconds
2024-10-04T19:42:27.618+0300: 612.701: [GC (Allocation Failure) [PSYoungGen: 348496K->384K(348672K)] 361768K->13680K(1048064K), 0.0007296 secs] [Times: user=0.00 sys=0.00, real=0.02 secs] 
2024-10-04T19:42:27.618+0300: 612.702: Total time for which application threads were stopped: 0.0010356 seconds, Stopping threads took: 0.0001737 seconds
2024-10-04T19:42:28.795+0300: 613.885: Application time: 1.1826226 seconds
2024-10-04T19:42:28.795+0300: 613.885: [GC (Allocation Failure) [PSYoungGen: 348544K->400K(348672K)] 361840K->13712K(1048064K), 0.0006814 secs] [Times: user=0.00 sys=0.00, real=0.00 secs] 
2024-10-04T19:42:28.795+0300: 613.886: Total time for which application threads were stopped: 0.0009574 seconds, Stopping threads took: 0.0001696 seconds
2024-10-04T19:42:29.988+0300: 615.074: Application time: 1.1879238 seconds
2024-10-04T19:42:29.988+0300: 615.074: [GC (Allocation Failure) [PSYoungGen: 348560K->352K(348672K)] 361872K->13672K(1048064K), 0.0006568 secs] [Times: user=0.00 sys=0.00, real=0.00 secs] 
2024-10-04T19:42:29.988+0300: 615.075: Total time for which application threads were stopped: 0.0009795 seconds, Stopping threads took: 0.0001829 seconds
2024-10-04T19:42:31.181+0300: 616.265: Application time: 1.1908187 seconds
2024-10-04T19:42:31.181+0300: 616.266: [GC (Allocation Failure) [PSYoungGen: 348512K->352K(348672K)] 361832K->13712K(1048064K), 0.0007294 secs] [Times: user=0.00 sys=0.00, real=0.00 secs] 
2024-10-04T19:42:31.181+0300: 616.266: Total time for which application threads were stopped: 0.0009818 seconds, Stopping threads took: 0.0001409 seconds
2024-10-04T19:42:32.373+0300: 617.460: Application time: 1.1937619 seconds
2024-10-04T19:42:32.373+0300: 617.460: [GC (Allocation Failure) [PSYoungGen: 348512K->384K(348672K)] 361872K->13760K(1048064K), 0.0007373 secs] [Times: user=0.00 sys=0.00, real=0.00 secs] 
2024-10-04T19:42:32.373+0300: 617.461: Total time for which application threads were stopped: 0.0010387 seconds, Stopping threads took: 0.0001639 seconds
2024-10-04T19:42:33.566+0300: 618.658: Application time: 1.1967937 seconds
2024-10-04T19:42:33.566+0300: 618.658: [GC (Allocation Failure) [PSYoungGen: 348544K->416K(348672K)] 361920K->13800K(1048064K), 0.0007236 secs] [Times: user=0.00 sys=0.00, real=0.00 secs] 
2024-10-04T19:42:33.566+0300: 618.659: Total time for which application threads were stopped: 0.0009889 seconds, Stopping threads took: 0.0001374 seconds
2024-10-04T19:42:34.743+0300: 619.839: Application time: 1.1798744 seconds
2024-10-04T19:42:34.743+0300: 619.839: [GC (Allocation Failure) [PSYoungGen: 348576K->368K(348672K)] 361960K->13776K(1048064K), 0.0007037 secs] [Times: user=0.00 sys=0.00, real=0.00 secs] 
2024-10-04T19:42:34.743+0300: 619.840: Total time for which application threads were stopped: 0.0009846 seconds, Stopping threads took: 0.0001742 seconds
2024-10-04T19:42:35.936+0300: 621.028: Application time: 1.1882781 seconds
2024-10-04T19:42:35.936+0300: 621.028: [GC (Allocation Failure) [PSYoungGen: 348528K->416K(348672K)] 361936K->13840K(1048064K), 0.0006744 secs] [Times: user=0.00 sys=0.00, real=0.00 secs] 
2024-10-04T19:42:35.936+0300: 621.029: Total time for which application threads were stopped: 0.0010127 seconds, Stopping threads took: 0.0001973 seconds
2024-10-04T19:42:37.129+0300: 622.222: Application time: 1.1932618 seconds
2024-10-04T19:42:37.129+0300: 622.223: [GC (Allocation Failure) [PSYoungGen: 348576K->368K(348672K)] 362000K->13808K(1048064K), 0.0006591 secs] [Times: user=0.00 sys=0.00, real=0.00 secs] 
2024-10-04T19:42:37.129+0300: 622.223: Total time for which application threads were stopped: 0.0009635 seconds, Stopping threads took: 0.0001850 seconds
2024-10-04T19:42:38.323+0300: 623.412: Application time: 1.1890097 seconds
2024-10-04T19:42:38.323+0300: 623.413: [GC (Allocation Failure) [PSYoungGen: 348528K->400K(348672K)] 361968K->13864K(1048064K), 0.0006972 secs] [Times: user=0.00 sys=0.00, real=0.00 secs] 
2024-10-04T19:42:38.323+0300: 623.413: Total time for which application threads were stopped: 0.0009852 seconds, Stopping threads took: 0.0001537 seconds
2024-10-04T19:42:39.515+0300: 624.609: Application time: 1.1960038 seconds
2024-10-04T19:42:39.515+0300: 624.610: [GC (Allocation Failure) [PSYoungGen: 348560K->368K(348672K)] 362024K->13848K(1048064K), 0.0006392 secs] [Times: user=0.00 sys=0.00, real=0.00 secs] 
2024-10-04T19:42:39.515+0300: 624.610: Total time for which application threads were stopped: 0.0008853 seconds, Stopping threads took: 0.0001366 seconds
2024-10-04T19:42:40.706+0300: 625.801: Application time: 1.1907668 seconds
2024-10-04T19:42:40.706+0300: 625.801: [GC (Allocation Failure) [PSYoungGen: 348528K->384K(348672K)] 362008K->13872K(1048064K), 0.0007563 secs] [Times: user=0.00 sys=0.00, real=0.00 secs] 
2024-10-04T19:42:40.706+0300: 625.802: Total time for which application threads were stopped: 0.0010759 seconds, Stopping threads took: 0.0001768 seconds
2024-10-04T19:42:41.900+0300: 626.998: Application time: 1.1963438 seconds
2024-10-04T19:42:41.900+0300: 626.999: [GC (Allocation Failure) [PSYoungGen: 348544K->368K(348672K)] 362032K->13888K(1048064K), 0.0007269 secs] [Times: user=0.00 sys=0.00, real=0.02 secs] 
2024-10-04T19:42:41.916+0300: 627.000: Total time for which application threads were stopped: 0.0010208 seconds, Stopping threads took: 0.0001774 seconds
2024-10-04T19:42:43.093+0300: 628.180: Application time: 1.1804700 seconds
2024-10-04T19:42:43.093+0300: 628.180: [GC (Allocation Failure) [PSYoungGen: 348528K->384K(348672K)] 362048K->13920K(1048064K), 0.0006451 secs] [Times: user=0.00 sys=0.00, real=0.00 secs] 
2024-10-04T19:42:43.093+0300: 628.181: Total time for which application threads were stopped: 0.0009266 seconds, Stopping threads took: 0.0001736 seconds
2024-10-04T19:42:44.269+0300: 629.366: Application time: 1.1852110 seconds
2024-10-04T19:42:44.282+0300: 629.366: [GC (Allocation Failure) [PSYoungGen: 348544K->368K(348672K)] 362080K->13920K(1048064K), 0.0007372 secs] [Times: user=0.00 sys=0.00, real=0.00 secs] 
2024-10-04T19:42:44.282+0300: 629.367: Total time for which application threads were stopped: 0.0010845 seconds, Stopping threads took: 0.0002326 seconds
2024-10-04T19:42:45.463+0300: 630.559: Application time: 1.1922129 seconds
2024-10-04T19:42:45.463+0300: 630.560: [GC (Allocation Failure) [PSYoungGen: 348528K->416K(348672K)] 362080K->13984K(1048064K), 0.0006616 secs] [Times: user=0.00 sys=0.00, real=0.00 secs] 
2024-10-04T19:42:45.463+0300: 630.560: Total time for which application threads were stopped: 0.0009800 seconds, Stopping threads took: 0.0001827 seconds
2024-10-04T19:42:46.655+0300: 631.748: Application time: 1.1878313 seconds
2024-10-04T19:42:46.655+0300: 631.748: [GC (Allocation Failure) [PSYoungGen: 348576K->400K(348672K)] 362144K->13976K(1048064K), 0.0006922 secs] [Times: user=0.00 sys=0.00, real=0.00 secs] 
2024-10-04T19:42:46.655+0300: 631.749: Total time for which application threads were stopped: 0.0009973 seconds, Stopping threads took: 0.0001788 seconds
2024-10-04T19:42:47.848+0300: 632.941: Application time: 1.1915629 seconds
2024-10-04T19:42:47.848+0300: 632.941: [GC (Allocation Failure) [PSYoungGen: 348560K->368K(348672K)] 362136K->13952K(1048064K), 0.0006245 secs] [Times: user=0.00 sys=0.00, real=0.00 secs] 
2024-10-04T19:42:47.848+0300: 632.942: Total time for which application threads were stopped: 0.0009617 seconds, Stopping threads took: 0.0002198 seconds
2024-10-04T19:42:49.025+0300: 634.123: Application time: 1.1811663 seconds
2024-10-04T19:42:49.025+0300: 634.123: [GC (Allocation Failure) [PSYoungGen: 348528K->384K(348672K)] 362112K->13976K(1048064K), 0.0007010 secs] [Times: user=0.00 sys=0.00, real=0.00 secs] 
2024-10-04T19:42:49.025+0300: 634.124: Total time for which application threads were stopped: 0.0009967 seconds, Stopping threads took: 0.0001589 seconds
2024-10-04T19:42:50.218+0300: 635.312: Application time: 1.1882062 seconds
2024-10-04T19:42:50.218+0300: 635.312: [GC (Allocation Failure) [PSYoungGen: 348544K->352K(348672K)] 362136K->13960K(1048064K), 0.0006860 secs] [Times: user=0.00 sys=0.00, real=0.00 secs] 
2024-10-04T19:42:50.218+0300: 635.313: Total time for which application threads were stopped: 0.0009298 seconds, Stopping threads took: 0.0001248 seconds
2024-10-04T19:42:51.411+0300: 636.498: Application time: 1.1850627 seconds
2024-10-04T19:42:51.411+0300: 636.498: [GC (Allocation Failure) [PSYoungGen: 348512K->384K(348672K)] 362120K->14032K(1048064K), 0.0006878 secs] [Times: user=0.00 sys=0.00, real=0.00 secs] 
2024-10-04T19:42:51.411+0300: 636.499: Total time for which application threads were stopped: 0.0009759 seconds, Stopping threads took: 0.0001793 seconds
2024-10-04T19:42:52.597+0300: 637.687: Application time: 1.1878885 seconds
2024-10-04T19:42:52.603+0300: 637.687: [GC (Allocation Failure) [PSYoungGen: 348544K->368K(348672K)] 362192K->14040K(1048064K), 0.0006785 secs] [Times: user=0.00 sys=0.00, real=0.00 secs] 
2024-10-04T19:42:52.603+0300: 637.688: Total time for which application threads were stopped: 0.0011127 seconds, Stopping threads took: 0.0003030 seconds
2024-10-04T19:42:53.779+0300: 638.873: Application time: 1.1850659 seconds
2024-10-04T19:42:53.779+0300: 638.873: [GC (Allocation Failure) [PSYoungGen: 348528K->352K(348672K)] 362200K->14032K(1048064K), 0.0006921 secs] [Times: user=0.00 sys=0.00, real=0.00 secs] 
2024-10-04T19:42:53.779+0300: 638.874: Total time for which application threads were stopped: 0.0009971 seconds, Stopping threads took: 0.0001697 seconds
2024-10-04T19:42:54.972+0300: 640.063: Application time: 1.1887203 seconds
2024-10-04T19:42:54.972+0300: 640.063: [GC (Allocation Failure) [PSYoungGen: 348512K->352K(348672K)] 362192K->14048K(1048064K), 0.0006646 secs] [Times: user=0.00 sys=0.00, real=0.00 secs] 
2024-10-04T19:42:54.972+0300: 640.064: Total time for which application threads were stopped: 0.0010033 seconds, Stopping threads took: 0.0001965 seconds
2024-10-04T19:42:56.165+0300: 641.253: Application time: 1.1893538 seconds
2024-10-04T19:42:56.165+0300: 641.254: [GC (Allocation Failure) [PSYoungGen: 348512K->368K(348672K)] 362208K->14080K(1048064K), 0.0007198 secs] [Times: user=0.00 sys=0.00, real=0.00 secs] 
2024-10-04T19:42:56.165+0300: 641.254: Total time for which application threads were stopped: 0.0009925 seconds, Stopping threads took: 0.0001566 seconds
2024-10-04T19:42:57.342+0300: 642.440: Application time: 1.1859188 seconds
2024-10-04T19:42:57.342+0300: 642.440: [GC (Allocation Failure) [PSYoungGen: 348528K->384K(348672K)] 362240K->14104K(1048064K), 0.0007154 secs] [Times: user=0.00 sys=0.00, real=0.00 secs] 
2024-10-04T19:42:57.342+0300: 642.441: Total time for which application threads were stopped: 0.0010192 seconds, Stopping threads took: 0.0001861 seconds
2024-10-04T19:42:58.535+0300: 643.630: Application time: 1.1887705 seconds
2024-10-04T19:42:58.535+0300: 643.630: [GC (Allocation Failure) [PSYoungGen: 348544K->352K(348672K)] 362264K->14112K(1048064K), 0.0006584 secs] [Times: user=0.00 sys=0.00, real=0.00 secs] 
2024-10-04T19:42:58.535+0300: 643.631: Total time for which application threads were stopped: 0.0009831 seconds, Stopping threads took: 0.0001819 seconds
2024-10-04T19:42:59.744+0300: 644.831: Application time: 1.1998103 seconds
2024-10-04T19:42:59.744+0300: 644.831: [GC (Allocation Failure) [PSYoungGen: 348512K->352K(348672K)] 362272K->14128K(1048064K), 0.0007366 secs] [Times: user=0.00 sys=0.00, real=0.00 secs] 
2024-10-04T19:42:59.744+0300: 644.832: Total time for which application threads were stopped: 0.0010514 seconds, Stopping threads took: 0.0001770 seconds
2024-10-04T19:43:00.952+0300: 646.044: Application time: 1.2117473 seconds
2024-10-04T19:43:00.952+0300: 646.044: [GC (Allocation Failure) [PSYoungGen: 348512K->368K(348672K)] 362288K->14152K(1048064K), 0.0006644 secs] [Times: user=0.00 sys=0.00, real=0.00 secs] 
2024-10-04T19:43:00.952+0300: 646.045: Total time for which application threads were stopped: 0.0009368 seconds, Stopping threads took: 0.0001520 seconds
2024-10-04T19:43:02.145+0300: 647.241: Application time: 1.1963503 seconds
2024-10-04T19:43:02.145+0300: 647.241: [GC (Allocation Failure) [PSYoungGen: 348528K->352K(348672K)] 362312K->14152K(1048064K), 0.0007337 secs] [Times: user=0.00 sys=0.00, real=0.00 secs] 
2024-10-04T19:43:02.145+0300: 647.242: Total time for which application threads were stopped: 0.0010511 seconds, Stopping threads took: 0.0001811 seconds
2024-10-04T19:43:03.338+0300: 648.434: Application time: 1.1923631 seconds
2024-10-04T19:43:03.338+0300: 648.434: [GC (Allocation Failure) [PSYoungGen: 348512K->320K(348672K)] 362312K->14160K(1048064K), 0.0007097 secs] [Times: user=0.00 sys=0.00, real=0.00 secs] 
2024-10-04T19:43:03.338+0300: 648.435: Total time for which application threads were stopped: 0.0009336 seconds, Stopping threads took: 0.0001063 seconds
2024-10-04T19:43:04.546+0300: 649.631: Application time: 1.1956063 seconds
2024-10-04T19:43:04.546+0300: 649.631: [GC (Allocation Failure) [PSYoungGen: 348480K->368K(348672K)] 362320K->14224K(1048064K), 0.0006519 secs] [Times: user=0.00 sys=0.00, real=0.00 secs] 
2024-10-04T19:43:04.546+0300: 649.632: Total time for which application threads were stopped: 0.0009150 seconds, Stopping threads took: 0.0001363 seconds
2024-10-04T19:43:05.724+0300: 650.820: Application time: 1.1881054 seconds
2024-10-04T19:43:05.724+0300: 650.820: [GC (Allocation Failure) [PSYoungGen: 348528K->368K(348672K)] 362384K->14248K(1048064K), 0.0006412 secs] [Times: user=0.00 sys=0.00, real=0.00 secs] 
2024-10-04T19:43:05.724+0300: 650.821: Total time for which application threads were stopped: 0.0009366 seconds, Stopping threads took: 0.0001702 seconds
2024-10-04T19:43:06.921+0300: 652.015: Application time: 1.1944878 seconds
2024-10-04T19:43:06.921+0300: 652.016: [GC (Allocation Failure) [PSYoungGen: 348528K->368K(348672K)] 362408K->14264K(1048064K), 0.0007756 secs] [Times: user=0.00 sys=0.00, real=0.01 secs] 
2024-10-04T19:43:06.932+0300: 652.016: Total time for which application threads were stopped: 0.0011197 seconds, Stopping threads took: 0.0002030 seconds
2024-10-04T19:43:08.125+0300: 653.219: Application time: 1.2029671 seconds
2024-10-04T19:43:08.125+0300: 653.220: [GC (Allocation Failure) [PSYoungGen: 348528K->368K(348672K)] 362424K->14272K(1048064K), 0.0006634 secs] [Times: user=0.00 sys=0.00, real=0.00 secs] 
2024-10-04T19:43:08.125+0300: 653.220: Total time for which application threads were stopped: 0.0009536 seconds, Stopping threads took: 0.0001605 seconds
2024-10-04T19:43:09.334+0300: 654.421: Application time: 1.2003724 seconds
2024-10-04T19:43:09.334+0300: 654.421: [GC (Allocation Failure) [PSYoungGen: 348528K->384K(348672K)] 362432K->14296K(1048064K), 0.0006763 secs] [Times: user=0.00 sys=0.00, real=0.00 secs] 
2024-10-04T19:43:09.334+0300: 654.422: Total time for which application threads were stopped: 0.0009471 seconds, Stopping threads took: 0.0001401 seconds
2024-10-04T19:43:10.528+0300: 655.623: Application time: 1.2017416 seconds
2024-10-04T19:43:10.528+0300: 655.624: [GC (Allocation Failure) [PSYoungGen: 348544K->384K(348672K)] 362456K->14312K(1048064K), 0.0006627 secs] [Times: user=0.00 sys=0.00, real=0.00 secs] 
2024-10-04T19:43:10.528+0300: 655.624: Total time for which application threads were stopped: 0.0009478 seconds, Stopping threads took: 0.0001524 seconds
2024-10-04T19:43:11.730+0300: 656.814: Application time: 1.1900768 seconds
2024-10-04T19:43:11.730+0300: 656.815: [GC (Allocation Failure) [PSYoungGen: 348544K->400K(348672K)] 362472K->14336K(1048064K), 0.0006319 secs] [Times: user=0.00 sys=0.00, real=0.00 secs] 
2024-10-04T19:43:11.730+0300: 656.815: Total time for which application threads were stopped: 0.0008923 seconds, Stopping threads took: 0.0001471 seconds
2024-10-04T19:43:12.912+0300: 658.001: Application time: 1.1859652 seconds
2024-10-04T19:43:12.912+0300: 658.002: [GC (Allocation Failure) [PSYoungGen: 348560K->384K(348672K)] 362496K->14336K(1048064K), 0.0008220 secs] [Times: user=0.00 sys=0.00, real=0.00 secs] 
2024-10-04T19:43:12.912+0300: 658.002: Total time for which application threads were stopped: 0.0011471 seconds, Stopping threads took: 0.0001649 seconds
2024-10-04T19:43:14.106+0300: 659.194: Application time: 1.1916458 seconds
2024-10-04T19:43:14.106+0300: 659.194: [GC (Allocation Failure) [PSYoungGen: 348544K->400K(348672K)] 362496K->14368K(1048064K), 0.0006871 secs] [Times: user=0.00 sys=0.00, real=0.00 secs] 
2024-10-04T19:43:14.106+0300: 659.195: Total time for which application threads were stopped: 0.0009635 seconds, Stopping threads took: 0.0001582 seconds
2024-10-04T19:43:15.283+0300: 660.382: Application time: 1.1874027 seconds
2024-10-04T19:43:15.283+0300: 660.383: [GC (Allocation Failure) [PSYoungGen: 348560K->368K(348672K)] 362528K->14344K(1048064K), 0.0006764 secs] [Times: user=0.02 sys=0.00, real=0.02 secs] 
2024-10-04T19:43:15.299+0300: 660.383: Total time for which application threads were stopped: 0.0009859 seconds, Stopping threads took: 0.0001891 seconds
2024-10-04T19:43:16.493+0300: 661.580: Application time: 1.1966031 seconds
2024-10-04T19:43:16.493+0300: 661.580: [GC (Allocation Failure) [PSYoungGen: 348528K->400K(348672K)] 362504K->14392K(1048064K), 0.0007194 secs] [Times: user=0.00 sys=0.00, real=0.00 secs] 
2024-10-04T19:43:16.493+0300: 661.581: Total time for which application threads were stopped: 0.0010327 seconds, Stopping threads took: 0.0001465 seconds
2024-10-04T19:43:17.686+0300: 662.774: Application time: 1.1927180 seconds
2024-10-04T19:43:17.686+0300: 662.774: [GC (Allocation Failure) [PSYoungGen: 348560K->368K(348672K)] 362552K->14368K(1048064K), 0.0007213 secs] [Times: user=0.00 sys=0.00, real=0.00 secs] 
2024-10-04T19:43:17.686+0300: 662.775: Total time for which application threads were stopped: 0.0009648 seconds, Stopping threads took: 0.0001195 seconds
2024-10-04T19:43:18.879+0300: 663.965: Application time: 1.1902857 seconds
2024-10-04T19:43:18.879+0300: 663.965: [GC (Allocation Failure) [PSYoungGen: 348528K->384K(348672K)] 362528K->14400K(1048064K), 0.0006784 secs] [Times: user=0.00 sys=0.00, real=0.00 secs] 
2024-10-04T19:43:18.879+0300: 663.966: Total time for which application threads were stopped: 0.0009455 seconds, Stopping threads took: 0.0001373 seconds
2024-10-04T19:43:20.071+0300: 665.156: Application time: 1.1897119 seconds
2024-10-04T19:43:20.071+0300: 665.156: [GC (Allocation Failure) [PSYoungGen: 348544K->336K(348672K)] 362560K->14384K(1048064K), 0.0006698 secs] [Times: user=0.00 sys=0.00, real=0.00 secs] 
2024-10-04T19:43:20.071+0300: 665.157: Total time for which application threads were stopped: 0.0009267 seconds, Stopping threads took: 0.0001466 seconds
2024-10-04T19:43:21.264+0300: 666.362: Application time: 1.2052870 seconds
2024-10-04T19:43:21.264+0300: 666.362: [GC (Allocation Failure) [PSYoungGen: 348496K->368K(348672K)] 362544K->14432K(1048064K), 0.0006545 secs] [Times: user=0.00 sys=0.00, real=0.00 secs] 
2024-10-04T19:43:21.264+0300: 666.363: Total time for which application threads were stopped: 0.0009832 seconds, Stopping threads took: 0.0002169 seconds
2024-10-04T19:43:22.457+0300: 667.556: Application time: 1.1930775 seconds
2024-10-04T19:43:22.457+0300: 667.556: [GC (Allocation Failure) [PSYoungGen: 348528K->416K(348672K)] 362592K->14488K(1048064K), 0.0007925 secs] [Times: user=0.00 sys=0.00, real=0.02 secs] 
2024-10-04T19:43:22.473+0300: 667.557: Total time for which application threads were stopped: 0.0011369 seconds, Stopping threads took: 0.0001846 seconds
2024-10-04T19:43:23.667+0300: 668.753: Application time: 1.1960455 seconds
2024-10-04T19:43:23.667+0300: 668.753: [GC (Allocation Failure) [PSYoungGen: 348576K->400K(348672K)] 362648K->14488K(1048064K), 0.0006901 secs] [Times: user=0.00 sys=0.00, real=0.00 secs] 
2024-10-04T19:43:23.667+0300: 668.754: Total time for which application threads were stopped: 0.0010218 seconds, Stopping threads took: 0.0001904 seconds
2024-10-04T19:43:24.860+0300: 669.945: Application time: 1.1909176 seconds
2024-10-04T19:43:24.860+0300: 669.945: [GC (Allocation Failure) [PSYoungGen: 348560K->336K(348672K)] 362648K->14464K(1048064K), 0.0007972 secs] [Times: user=0.00 sys=0.00, real=0.00 secs] 
2024-10-04T19:43:24.860+0300: 669.946: Total time for which application threads were stopped: 0.0010589 seconds, Stopping threads took: 0.0001517 seconds
2024-10-04T19:43:26.036+0300: 671.134: Application time: 1.1874340 seconds
2024-10-04T19:43:26.036+0300: 671.134: [GC (Allocation Failure) [PSYoungGen: 348496K->368K(348672K)] 362624K->14512K(1048064K), 0.0006795 secs] [Times: user=0.00 sys=0.00, real=0.00 secs] 
2024-10-04T19:43:26.036+0300: 671.135: Total time for which application threads were stopped: 0.0009792 seconds, Stopping threads took: 0.0001824 seconds
2024-10-04T19:43:27.230+0300: 672.326: Application time: 1.1915893 seconds
2024-10-04T19:43:27.230+0300: 672.326: [GC (Allocation Failure) [PSYoungGen: 348528K->400K(348672K)] 362672K->14584K(1048064K), 0.0006562 secs] [Times: user=0.00 sys=0.00, real=0.00 secs] 
2024-10-04T19:43:27.230+0300: 672.327: Total time for which application threads were stopped: 0.0009331 seconds, Stopping threads took: 0.0001590 seconds
2024-10-04T19:43:28.422+0300: 673.513: Application time: 1.1855755 seconds
2024-10-04T19:43:28.422+0300: 673.513: [GC (Allocation Failure) [PSYoungGen: 348560K->352K(348672K)] 362744K->14552K(1048064K), 0.0006390 secs] [Times: user=0.00 sys=0.00, real=0.00 secs] 
2024-10-04T19:43:28.422+0300: 673.514: Total time for which application threads were stopped: 0.0009371 seconds, Stopping threads took: 0.0001853 seconds
2024-10-04T19:43:29.615+0300: 674.707: Application time: 1.1930686 seconds
2024-10-04T19:43:29.615+0300: 674.707: [GC (Allocation Failure) [PSYoungGen: 348512K->368K(348672K)] 362712K->14584K(1048064K), 0.0006820 secs] [Times: user=0.00 sys=0.00, real=0.00 secs] 
2024-10-04T19:43:29.615+0300: 674.708: Total time for which application threads were stopped: 0.0009937 seconds, Stopping threads took: 0.0001878 seconds
2024-10-04T19:43:30.807+0300: 675.897: Application time: 1.1894145 seconds
2024-10-04T19:43:30.807+0300: 675.897: [GC (Allocation Failure) [PSYoungGen: 348528K->384K(348672K)] 362744K->14608K(1048064K), 0.0008027 secs] [Times: user=0.00 sys=0.00, real=0.00 secs] 
2024-10-04T19:43:30.807+0300: 675.898: Total time for which application threads were stopped: 0.0011096 seconds, Stopping threads took: 0.0001903 seconds
2024-10-04T19:43:32.001+0300: 677.094: Application time: 1.1956527 seconds
2024-10-04T19:43:32.001+0300: 677.094: [GC (Allocation Failure) [PSYoungGen: 348544K->352K(348672K)] 362768K->14584K(1048064K), 0.0007179 secs] [Times: user=0.00 sys=0.00, real=0.00 secs] 
2024-10-04T19:43:32.001+0300: 677.095: Total time for which application threads were stopped: 0.0010631 seconds, Stopping threads took: 0.0001938 seconds
2024-10-04T19:43:33.193+0300: 678.291: Application time: 1.1963497 seconds
2024-10-04T19:43:33.193+0300: 678.292: [GC (Allocation Failure) [PSYoungGen: 348512K->368K(348672K)] 362744K->14616K(1048064K), 0.0006238 secs] [Times: user=0.00 sys=0.00, real=0.00 secs] 
2024-10-04T19:43:33.193+0300: 678.292: Total time for which application threads were stopped: 0.0009159 seconds, Stopping threads took: 0.0001771 seconds
2024-10-04T19:43:34.387+0300: 679.478: Application time: 1.1861928 seconds
2024-10-04T19:43:34.387+0300: 679.479: [GC (Allocation Failure) [PSYoungGen: 348528K->368K(348672K)] 362776K->14632K(1048064K), 0.0007158 secs] [Times: user=0.00 sys=0.00, real=0.00 secs] 
2024-10-04T19:43:34.387+0300: 679.480: Total time for which application threads were stopped: 0.0010403 seconds, Stopping threads took: 0.0001832 seconds
2024-10-04T19:43:35.579+0300: 680.673: Application time: 1.1931717 seconds
2024-10-04T19:43:35.579+0300: 680.673: [GC (Allocation Failure) [PSYoungGen: 348528K->416K(348672K)] 362792K->14688K(1048064K), 0.0006504 secs] [Times: user=0.00 sys=0.00, real=0.00 secs] 
2024-10-04T19:43:35.579+0300: 680.674: Total time for which application threads were stopped: 0.0009526 seconds, Stopping threads took: 0.0001638 seconds
2024-10-04T19:43:36.771+0300: 681.866: Application time: 1.1921330 seconds
2024-10-04T19:43:36.771+0300: 681.866: [GC (Allocation Failure) [PSYoungGen: 348576K->384K(348672K)] 362848K->14672K(1048064K), 0.0007378 secs] [Times: user=0.00 sys=0.00, real=0.00 secs] 
2024-10-04T19:43:36.771+0300: 681.867: Total time for which application threads were stopped: 0.0010437 seconds, Stopping threads took: 0.0001557 seconds
2024-10-04T19:43:37.972+0300: 683.057: Application time: 1.1898901 seconds
2024-10-04T19:43:37.972+0300: 683.057: [GC (Allocation Failure) [PSYoungGen: 348544K->384K(348672K)] 362832K->14696K(1048064K), 0.0006744 secs] [Times: user=0.00 sys=0.00, real=0.00 secs] 
2024-10-04T19:43:37.972+0300: 683.058: Total time for which application threads were stopped: 0.0009494 seconds, Stopping threads took: 0.0001383 seconds
2024-10-04T19:43:39.156+0300: 684.249: Application time: 1.1915717 seconds
2024-10-04T19:43:39.156+0300: 684.249: [GC (Allocation Failure) [PSYoungGen: 348544K->352K(348672K)] 362856K->14680K(1048064K), 0.0007068 secs] [Times: user=0.00 sys=0.00, real=0.00 secs] 
2024-10-04T19:43:39.156+0300: 684.250: Total time for which application threads were stopped: 0.0009589 seconds, Stopping threads took: 0.0001115 seconds
2024-10-04T19:43:40.349+0300: 685.439: Application time: 1.1892490 seconds
2024-10-04T19:43:40.349+0300: 685.440: [GC (Allocation Failure) [PSYoungGen: 348512K->352K(348672K)] 362840K->14696K(1048064K), 0.0006323 secs] [Times: user=0.00 sys=0.00, real=0.00 secs] 
2024-10-04T19:43:40.349+0300: 685.440: Total time for which application threads were stopped: 0.0009281 seconds, Stopping threads took: 0.0001537 seconds
2024-10-04T19:43:41.558+0300: 686.644: Application time: 1.2032103 seconds
2024-10-04T19:43:41.558+0300: 686.644: [GC (Allocation Failure) [PSYoungGen: 348512K->368K(348672K)] 362856K->14728K(1048064K), 0.0007070 secs] [Times: user=0.00 sys=0.00, real=0.00 secs] 
2024-10-04T19:43:41.558+0300: 686.645: Total time for which application threads were stopped: 0.0009240 seconds, Stopping threads took: 0.0001116 seconds
2024-10-04T19:43:42.736+0300: 687.828: Application time: 1.1831790 seconds
2024-10-04T19:43:42.736+0300: 687.828: [GC (Allocation Failure) [PSYoungGen: 348528K->400K(348672K)] 362888K->14792K(1048064K), 0.0006791 secs] [Times: user=0.00 sys=0.00, real=0.00 secs] 
2024-10-04T19:43:42.736+0300: 687.829: Total time for which application threads were stopped: 0.0009801 seconds, Stopping threads took: 0.0001852 seconds
2024-10-04T19:43:43.928+0300: 689.018: Application time: 1.1890134 seconds
2024-10-04T19:43:43.928+0300: 689.018: [GC (Allocation Failure) [PSYoungGen: 348560K->368K(348672K)] 362952K->14784K(1048064K), 0.0006953 secs] [Times: user=0.00 sys=0.00, real=0.00 secs] 
2024-10-04T19:43:43.928+0300: 689.019: Total time for which application threads were stopped: 0.0009891 seconds, Stopping threads took: 0.0001819 seconds
2024-10-04T19:43:45.122+0300: 690.208: Application time: 1.1895695 seconds
2024-10-04T19:43:45.122+0300: 690.208: [GC (Allocation Failure) [PSYoungGen: 348528K->368K(348672K)] 362944K->14824K(1048064K), 0.0006615 secs] [Times: user=0.00 sys=0.00, real=0.00 secs] 
2024-10-04T19:43:45.122+0300: 690.209: Total time for which application threads were stopped: 0.0009233 seconds, Stopping threads took: 0.0001514 seconds
2024-10-04T19:43:46.298+0300: 691.396: Application time: 1.1865448 seconds
2024-10-04T19:43:46.298+0300: 691.396: [GC (Allocation Failure) [PSYoungGen: 348528K->384K(348672K)] 362984K->14848K(1048064K), 0.0006661 secs] [Times: user=0.00 sys=0.00, real=0.00 secs] 
2024-10-04T19:43:46.298+0300: 691.397: Total time for which application threads were stopped: 0.0009526 seconds, Stopping threads took: 0.0001730 seconds
2024-10-04T19:43:47.492+0300: 692.590: Application time: 1.1934086 seconds
2024-10-04T19:43:47.492+0300: 692.590: [GC (Allocation Failure) [PSYoungGen: 348544K->384K(348672K)] 363008K->14856K(1048064K), 0.0007975 secs] [Times: user=0.00 sys=0.00, real=0.01 secs] 
2024-10-04T19:43:47.507+0300: 692.591: Total time for which application threads were stopped: 0.0011452 seconds, Stopping threads took: 0.0001729 seconds
2024-10-04T19:43:48.690+0300: 693.779: Application time: 1.1874482 seconds
2024-10-04T19:43:48.690+0300: 693.779: [GC (Allocation Failure) [PSYoungGen: 348544K->400K(348672K)] 363016K->14880K(1048064K), 0.0006652 secs] [Times: user=0.00 sys=0.00, real=0.00 secs] 
2024-10-04T19:43:48.690+0300: 693.780: Total time for which application threads were stopped: 0.0009599 seconds, Stopping threads took: 0.0001541 seconds
2024-10-04T19:43:49.876+0300: 694.969: Application time: 1.1897995 seconds
2024-10-04T19:43:49.876+0300: 694.970: [GC (Allocation Failure) [PSYoungGen: 348560K->400K(348672K)] 363040K->14888K(1048064K), 0.0006581 secs] [Times: user=0.00 sys=0.00, real=0.00 secs] 
2024-10-04T19:43:49.876+0300: 694.970: Total time for which application threads were stopped: 0.0009428 seconds, Stopping threads took: 0.0001726 seconds
2024-10-04T19:43:51.070+0300: 696.157: Application time: 1.1868924 seconds
2024-10-04T19:43:51.070+0300: 696.158: [GC (Allocation Failure) [PSYoungGen: 348560K->368K(348672K)] 363048K->14872K(1048064K), 0.0006896 secs] [Times: user=0.00 sys=0.00, real=0.00 secs] 
2024-10-04T19:43:51.070+0300: 696.158: Total time for which application threads were stopped: 0.0010127 seconds, Stopping threads took: 0.0002064 seconds
2024-10-04T19:43:52.247+0300: 697.342: Application time: 1.1841301 seconds
2024-10-04T19:43:52.247+0300: 697.343: [GC (Allocation Failure) [PSYoungGen: 348528K->384K(348672K)] 363032K->14904K(1048064K), 0.0006300 secs] [Times: user=0.00 sys=0.00, real=0.00 secs] 
2024-10-04T19:43:52.247+0300: 697.343: Total time for which application threads were stopped: 0.0009482 seconds, Stopping threads took: 0.0002065 seconds
2024-10-04T19:43:53.454+0300: 698.550: Application time: 1.2065569 seconds
2024-10-04T19:43:53.454+0300: 698.550: [GC (Allocation Failure) [PSYoungGen: 348544K->400K(348672K)] 363064K->14936K(1048064K), 0.0006847 secs] [Times: user=0.00 sys=0.00, real=0.00 secs] 
2024-10-04T19:43:53.454+0300: 698.551: Total time for which application threads were stopped: 0.0009952 seconds, Stopping threads took: 0.0001753 seconds
2024-10-04T19:43:54.648+0300: 699.742: Application time: 1.1906608 seconds
2024-10-04T19:43:54.648+0300: 699.742: [GC (Allocation Failure) [PSYoungGen: 348560K->400K(348672K)] 363096K->14952K(1048064K), 0.0006897 secs] [Times: user=0.00 sys=0.00, real=0.00 secs] 
2024-10-04T19:43:54.648+0300: 699.743: Total time for which application threads were stopped: 0.0010323 seconds, Stopping threads took: 0.0002201 seconds
2024-10-04T19:43:55.841+0300: 700.931: Application time: 1.1888100 seconds
2024-10-04T19:43:55.841+0300: 700.932: [GC (Allocation Failure) [PSYoungGen: 348560K->400K(348672K)] 363112K->14968K(1048064K), 0.0007106 secs] [Times: user=0.00 sys=0.00, real=0.00 secs] 
2024-10-04T19:43:55.841+0300: 700.933: Total time for which application threads were stopped: 0.0010217 seconds, Stopping threads took: 0.0001824 seconds
2024-10-04T19:43:57.033+0300: 702.124: Application time: 1.1916982 seconds
2024-10-04T19:43:57.033+0300: 702.124: [GC (Allocation Failure) [PSYoungGen: 348560K->384K(348672K)] 363128K->14968K(1048064K), 0.0006953 secs] [Times: user=0.00 sys=0.00, real=0.00 secs] 
2024-10-04T19:43:57.033+0300: 702.125: Total time for which application threads were stopped: 0.0009980 seconds, Stopping threads took: 0.0001610 seconds
2024-10-04T19:43:58.225+0300: 703.310: Application time: 1.1844233 seconds
2024-10-04T19:43:58.225+0300: 703.310: [GC (Allocation Failure) [PSYoungGen: 348544K->384K(348672K)] 363128K->14984K(1048064K), 0.0041533 secs] [Times: user=0.00 sys=0.00, real=0.00 secs] 
2024-10-04T19:43:58.229+0300: 703.314: Total time for which application threads were stopped: 0.0044807 seconds, Stopping threads took: 0.0001670 seconds
2024-10-04T19:43:59.408+0300: 704.494: Application time: 1.1794651 seconds
2024-10-04T19:43:59.408+0300: 704.494: [GC (Allocation Failure) [PSYoungGen: 348544K->416K(348672K)] 363144K->15024K(1048064K), 0.0006641 secs] [Times: user=0.00 sys=0.00, real=0.00 secs] 
2024-10-04T19:43:59.408+0300: 704.495: Total time for which application threads were stopped: 0.0009708 seconds, Stopping threads took: 0.0001713 seconds
2024-10-04T19:44:00.611+0300: 705.696: Application time: 1.2010830 seconds
2024-10-04T19:44:00.611+0300: 705.696: [GC (Allocation Failure) [PSYoungGen: 348576K->368K(348672K)] 363184K->14992K(1048064K), 0.0007405 secs] [Times: user=0.00 sys=0.00, real=0.00 secs] 
2024-10-04T19:44:00.611+0300: 705.697: Total time for which application threads were stopped: 0.0010054 seconds, Stopping threads took: 0.0001553 seconds
2024-10-04T19:44:01.804+0300: 706.888: Application time: 1.1915490 seconds
2024-10-04T19:44:01.804+0300: 706.888: [GC (Allocation Failure) [PSYoungGen: 348528K->368K(348672K)] 363152K->15008K(1048064K), 0.0007109 secs] [Times: user=0.00 sys=0.00, real=0.00 secs] 
2024-10-04T19:44:01.804+0300: 706.889: Total time for which application threads were stopped: 0.0009280 seconds, Stopping threads took: 0.0001117 seconds
2024-10-04T19:44:02.981+0300: 708.074: Application time: 1.1843957 seconds
2024-10-04T19:44:02.981+0300: 708.074: [GC (Allocation Failure) [PSYoungGen: 348528K->368K(348672K)] 363168K->15016K(1048064K), 0.0006625 secs] [Times: user=0.00 sys=0.00, real=0.00 secs] 
2024-10-04T19:44:02.981+0300: 708.075: Total time for which application threads were stopped: 0.0009755 seconds, Stopping threads took: 0.0002011 seconds
2024-10-04T19:44:04.174+0300: 709.263: Application time: 1.1886891 seconds
2024-10-04T19:44:04.174+0300: 709.263: [GC (Allocation Failure) [PSYoungGen: 348528K->416K(348672K)] 363176K->15072K(1048064K), 0.0006525 secs] [Times: user=0.00 sys=0.00, real=0.00 secs] 
2024-10-04T19:44:04.174+0300: 709.264: Total time for which application threads were stopped: 0.0009568 seconds, Stopping threads took: 0.0001659 seconds
2024-10-04T19:44:05.366+0300: 710.453: Application time: 1.1884490 seconds
2024-10-04T19:44:05.366+0300: 710.453: [GC (Allocation Failure) [PSYoungGen: 348576K->368K(348672K)] 363232K->15040K(1048064K), 0.0006449 secs] [Times: user=0.00 sys=0.00, real=0.00 secs] 
2024-10-04T19:44:05.366+0300: 710.454: Total time for which application threads were stopped: 0.0009048 seconds, Stopping threads took: 0.0001532 seconds
2024-10-04T19:44:06.558+0300: 711.645: Application time: 1.1915095 seconds
2024-10-04T19:44:06.558+0300: 711.645: [GC (Allocation Failure) [PSYoungGen: 348528K->400K(348672K)] 363200K->15088K(1048064K), 0.0006272 secs] [Times: user=0.00 sys=0.00, real=0.00 secs] 
2024-10-04T19:44:06.558+0300: 711.646: Total time for which application threads were stopped: 0.0009197 seconds, Stopping threads took: 0.0001472 seconds
2024-10-04T19:44:07.751+0300: 712.836: Application time: 1.1897932 seconds
2024-10-04T19:44:07.751+0300: 712.836: [GC (Allocation Failure) [PSYoungGen: 348560K->384K(348672K)] 363248K->15088K(1048064K), 0.0007378 secs] [Times: user=0.00 sys=0.00, real=0.00 secs] 
2024-10-04T19:44:07.751+0300: 712.837: Total time for which application threads were stopped: 0.0010337 seconds, Stopping threads took: 0.0001437 seconds
2024-10-04T19:44:08.928+0300: 714.027: Application time: 1.1900932 seconds
2024-10-04T19:44:08.928+0300: 714.027: [GC (Allocation Failure) [PSYoungGen: 348544K->368K(348672K)] 363248K->15088K(1048064K), 0.0007172 secs] [Times: user=0.02 sys=0.00, real=0.02 secs] 
2024-10-04T19:44:08.944+0300: 714.028: Total time for which application threads were stopped: 0.0010443 seconds, Stopping threads took: 0.0002067 seconds
2024-10-04T19:44:10.136+0300: 715.224: Application time: 1.1962182 seconds
2024-10-04T19:44:10.136+0300: 715.224: [GC (Allocation Failure) [PSYoungGen: 348528K->384K(348672K)] 363248K->15112K(1048064K), 0.0006295 secs] [Times: user=0.00 sys=0.00, real=0.00 secs] 
2024-10-04T19:44:10.136+0300: 715.225: Total time for which application threads were stopped: 0.0008990 seconds, Stopping threads took: 0.0001483 seconds
2024-10-04T19:44:11.346+0300: 716.430: Application time: 1.2048742 seconds
2024-10-04T19:44:11.346+0300: 716.430: [GC (Allocation Failure) [PSYoungGen: 348544K->368K(348672K)] 363272K->15104K(1048064K), 0.0006324 secs] [Times: user=0.00 sys=0.00, real=0.00 secs] 
2024-10-04T19:44:11.346+0300: 716.431: Total time for which application threads were stopped: 0.0008934 seconds, Stopping threads took: 0.0001381 seconds
2024-10-04T19:44:12.540+0300: 717.628: Application time: 1.1970315 seconds
2024-10-04T19:44:12.540+0300: 717.628: [GC (Allocation Failure) [PSYoungGen: 348528K->352K(348672K)] 363264K->15096K(1048064K), 0.0007564 secs] [Times: user=0.00 sys=0.00, real=0.00 secs] 
2024-10-04T19:44:12.540+0300: 717.629: Total time for which application threads were stopped: 0.0010833 seconds, Stopping threads took: 0.0001738 seconds
2024-10-04T19:44:13.732+0300: 718.824: Application time: 1.1950081 seconds
2024-10-04T19:44:13.732+0300: 718.824: [GC (Allocation Failure) [PSYoungGen: 348512K->384K(348672K)] 363256K->15144K(1048064K), 0.0008925 secs] [Times: user=0.00 sys=0.00, real=0.00 secs] 
2024-10-04T19:44:13.732+0300: 718.825: Total time for which application threads were stopped: 0.0011945 seconds, Stopping threads took: 0.0001684 seconds
2024-10-04T19:44:14.941+0300: 720.027: Application time: 1.2020197 seconds
2024-10-04T19:44:14.941+0300: 720.027: [GC (Allocation Failure) [PSYoungGen: 348544K->368K(348672K)] 363304K->15168K(1048064K), 0.0006909 secs] [Times: user=0.01 sys=0.00, real=0.00 secs] 
2024-10-04T19:44:14.941+0300: 720.028: Total time for which application threads were stopped: 0.0009773 seconds, Stopping threads took: 0.0001620 seconds
2024-10-04T19:44:16.135+0300: 721.226: Application time: 1.1983284 seconds
2024-10-04T19:44:16.135+0300: 721.227: [GC (Allocation Failure) [PSYoungGen: 348528K->368K(348672K)] 363328K->15176K(1048064K), 0.0006271 secs] [Times: user=0.00 sys=0.00, real=0.00 secs] 
2024-10-04T19:44:16.135+0300: 721.227: Total time for which application threads were stopped: 0.0009092 seconds, Stopping threads took: 0.0001605 seconds
2024-10-04T19:44:17.337+0300: 722.421: Application time: 1.1932976 seconds
2024-10-04T19:44:17.337+0300: 722.421: [GC (Allocation Failure) [PSYoungGen: 348528K->352K(348672K)] 363336K->15168K(1048064K), 0.0007309 secs] [Times: user=0.00 sys=0.00, real=0.00 secs] 
2024-10-04T19:44:17.337+0300: 722.422: Total time for which application threads were stopped: 0.0010191 seconds, Stopping threads took: 0.0001425 seconds
2024-10-04T19:44:18.519+0300: 723.617: Application time: 1.1956597 seconds
2024-10-04T19:44:18.519+0300: 723.618: [GC (Allocation Failure) [PSYoungGen: 348512K->352K(348672K)] 363328K->15208K(1048064K), 0.0007712 secs] [Times: user=0.00 sys=0.00, real=0.02 secs] 
2024-10-04T19:44:18.535+0300: 723.619: Total time for which application threads were stopped: 0.0011445 seconds, Stopping threads took: 0.0002333 seconds
2024-10-04T19:44:19.712+0300: 724.807: Application time: 1.1889618 seconds
2024-10-04T19:44:19.712+0300: 724.808: [GC (Allocation Failure) [PSYoungGen: 348512K->384K(348672K)] 363368K->15272K(1048064K), 0.0007140 secs] [Times: user=0.00 sys=0.00, real=0.00 secs] 
2024-10-04T19:44:19.712+0300: 724.809: Total time for which application threads were stopped: 0.0010806 seconds, Stopping threads took: 0.0002268 seconds
2024-10-04T19:44:20.905+0300: 725.994: Application time: 1.1855944 seconds
2024-10-04T19:44:20.905+0300: 725.994: [GC (Allocation Failure) [PSYoungGen: 348544K->384K(348672K)] 363432K->15288K(1048064K), 0.0007954 secs] [Times: user=0.00 sys=0.00, real=0.00 secs] 
2024-10-04T19:44:20.905+0300: 725.995: Total time for which application threads were stopped: 0.0010551 seconds, Stopping threads took: 0.0001430 seconds
2024-10-04T19:44:22.097+0300: 727.184: Application time: 1.1884134 seconds
2024-10-04T19:44:22.097+0300: 727.184: [GC (Allocation Failure) [PSYoungGen: 348544K->384K(348672K)] 363448K->15304K(1048064K), 0.0009509 secs] [Times: user=0.00 sys=0.00, real=0.00 secs] 
2024-10-04T19:44:22.097+0300: 727.185: Total time for which application threads were stopped: 0.0012743 seconds, Stopping threads took: 0.0001798 seconds
2024-10-04T19:44:23.274+0300: 728.371: Application time: 1.1860035 seconds
2024-10-04T19:44:23.274+0300: 728.371: [GC (Allocation Failure) [PSYoungGen: 348544K->400K(348672K)] 363464K->15328K(1048064K), 0.0006885 secs] [Times: user=0.00 sys=0.00, real=0.00 secs] 
2024-10-04T19:44:23.274+0300: 728.372: Total time for which application threads were stopped: 0.0010192 seconds, Stopping threads took: 0.0002139 seconds
2024-10-04T19:44:24.467+0300: 729.557: Application time: 1.1847931 seconds
2024-10-04T19:44:24.467+0300: 729.557: [GC (Allocation Failure) [PSYoungGen: 348560K->416K(348672K)] 363488K->15360K(1048064K), 0.0007698 secs] [Times: user=0.00 sys=0.00, real=0.00 secs] 
2024-10-04T19:44:24.467+0300: 729.558: Total time for which application threads were stopped: 0.0010649 seconds, Stopping threads took: 0.0001585 seconds
2024-10-04T19:44:25.660+0300: 730.749: Application time: 1.1910632 seconds
2024-10-04T19:44:25.660+0300: 730.749: [GC (Allocation Failure) [PSYoungGen: 348576K->336K(348672K)] 363520K->15304K(1048064K), 0.0007708 secs] [Times: user=0.00 sys=0.00, real=0.00 secs] 
2024-10-04T19:44:25.660+0300: 730.750: Total time for which application threads were stopped: 0.0010353 seconds, Stopping threads took: 0.0001287 seconds
2024-10-04T19:44:26.837+0300: 731.934: Application time: 1.1839759 seconds
2024-10-04T19:44:26.837+0300: 731.934: [GC (Allocation Failure) [PSYoungGen: 348496K->384K(348672K)] 363464K->15368K(1048064K), 0.0006722 secs] [Times: user=0.00 sys=0.00, real=0.00 secs] 
2024-10-04T19:44:26.837+0300: 731.935: Total time for which application threads were stopped: 0.0009790 seconds, Stopping threads took: 0.0001916 seconds
2024-10-04T19:44:28.029+0300: 733.124: Application time: 1.1888073 seconds
2024-10-04T19:44:28.029+0300: 733.124: [GC (Allocation Failure) [PSYoungGen: 348544K->352K(348672K)] 363528K->15352K(1048064K), 0.0006704 secs] [Times: user=0.00 sys=0.00, real=0.00 secs] 
2024-10-04T19:44:28.029+0300: 733.125: Total time for which application threads were stopped: 0.0010197 seconds, Stopping threads took: 0.0002049 seconds
2024-10-04T19:44:29.222+0300: 734.312: Application time: 1.1875737 seconds
2024-10-04T19:44:29.222+0300: 734.313: [GC (Allocation Failure) [PSYoungGen: 348512K->400K(348672K)] 363512K->15408K(1048064K), 0.0008035 secs] [Times: user=0.00 sys=0.00, real=0.00 secs] 
2024-10-04T19:44:29.222+0300: 734.313: Total time for which application threads were stopped: 0.0010855 seconds, Stopping threads took: 0.0001700 seconds
2024-10-04T19:44:30.415+0300: 735.501: Application time: 1.1871809 seconds
2024-10-04T19:44:30.415+0300: 735.501: [GC (Allocation Failure) [PSYoungGen: 348560K->400K(348672K)] 363568K->15424K(1048064K), 0.0006439 secs] [Times: user=0.00 sys=0.00, real=0.00 secs] 
2024-10-04T19:44:30.415+0300: 735.501: Total time for which application threads were stopped: 0.0009057 seconds, Stopping threads took: 0.0001470 seconds
2024-10-04T19:44:31.610+0300: 736.700: Application time: 1.1989508 seconds
2024-10-04T19:44:31.610+0300: 736.701: [GC (Allocation Failure) [PSYoungGen: 348560K->416K(348672K)] 363584K->15456K(1048064K), 0.0006451 secs] [Times: user=0.00 sys=0.00, real=0.00 secs] 
2024-10-04T19:44:31.610+0300: 736.701: Total time for which application threads were stopped: 0.0009335 seconds, Stopping threads took: 0.0001601 seconds
2024-10-04T19:44:32.803+0300: 737.892: Application time: 1.1902457 seconds
2024-10-04T19:44:32.803+0300: 737.892: [GC (Allocation Failure) [PSYoungGen: 348576K->400K(348672K)] 363616K->15448K(1048064K), 0.0007473 secs] [Times: user=0.00 sys=0.00, real=0.00 secs] 
2024-10-04T19:44:32.803+0300: 737.893: Total time for which application threads were stopped: 0.0009983 seconds, Stopping threads took: 0.0001438 seconds
2024-10-04T19:44:33.062+0300: 738.151: Application time: 0.2584220 seconds
2024-10-04T19:44:33.062+0300: 738.151: Total time for which application threads were stopped: 0.0002100 seconds, Stopping threads took: 0.0001636 seconds
2024-10-04T19:44:33.116+0300: 738.210: Application time: 0.0591730 seconds
2024-10-04T19:44:33.116+0300: 738.211: Total time for which application threads were stopped: 0.0001985 seconds, Stopping threads took: 0.0001460 seconds
2024-10-04T19:44:33.116+0300: 738.212: Application time: 0.0018264 seconds
2024-10-04T19:44:33.116+0300: 738.213: Total time for which application threads were stopped: 0.0001070 seconds, Stopping threads took: 0.0000799 seconds
2024-10-04T19:44:33.241+0300: 738.338: Application time: 0.1250763 seconds
2024-10-04T19:44:33.241+0300: 738.338: Total time for which application threads were stopped: 0.0001719 seconds, Stopping threads took: 0.0001166 seconds
2024-10-04T19:44:33.273+0300: 738.361: Application time: 0.0232052 seconds
2024-10-04T19:44:33.273+0300: 738.361: Total time for which application threads were stopped: 0.0002184 seconds, Stopping threads took: 0.0001632 seconds
2024-10-04T19:44:33.368+0300: 738.462: Application time: 0.1004059 seconds
2024-10-04T19:44:33.368+0300: 738.462: Total time for which application threads were stopped: 0.0003603 seconds, Stopping threads took: 0.0003125 seconds
2024-10-04T19:44:34.137+0300: 739.225: Application time: 0.7634389 seconds
2024-10-04T19:44:34.137+0300: 739.226: [GC (Allocation Failure) [PSYoungGen: 348560K->400K(348672K)] 363608K->15464K(1048064K), 0.0006239 secs] [Times: user=0.00 sys=0.00, real=0.00 secs] 
2024-10-04T19:44:34.137+0300: 739.226: Total time for which application threads were stopped: 0.0009073 seconds, Stopping threads took: 0.0001624 seconds
2024-10-04T19:44:35.330+0300: 740.416: Application time: 1.1897534 seconds
2024-10-04T19:44:35.330+0300: 740.416: [GC (Allocation Failure) [PSYoungGen: 348560K->384K(348672K)] 363624K->15496K(1048064K), 0.0006618 secs] [Times: user=0.00 sys=0.00, real=0.00 secs] 
2024-10-04T19:44:35.330+0300: 740.417: Total time for which application threads were stopped: 0.0009317 seconds, Stopping threads took: 0.0001349 seconds
2024-10-04T19:44:36.522+0300: 741.611: Application time: 1.1937404 seconds
2024-10-04T19:44:36.522+0300: 741.611: [GC (Allocation Failure) [PSYoungGen: 348544K->352K(348672K)] 363656K->15480K(1048064K), 0.0006823 secs] [Times: user=0.00 sys=0.00, real=0.00 secs] 
2024-10-04T19:44:36.522+0300: 741.612: Total time for which application threads were stopped: 0.0009546 seconds, Stopping threads took: 0.0001395 seconds
2024-10-04T19:44:37.715+0300: 742.802: Application time: 1.1906726 seconds
2024-10-04T19:44:37.715+0300: 742.803: [GC (Allocation Failure) [PSYoungGen: 348512K->368K(348672K)] 363640K->15512K(1048064K), 0.0007056 secs] [Times: user=0.00 sys=0.00, real=0.00 secs] 
2024-10-04T19:44:37.715+0300: 742.803: Total time for which application threads were stopped: 0.0009797 seconds, Stopping threads took: 0.0001566 seconds
2024-10-04T19:44:38.908+0300: 743.993: Application time: 1.1891357 seconds
2024-10-04T19:44:38.908+0300: 743.993: [GC (Allocation Failure) [PSYoungGen: 348528K->400K(348672K)] 363672K->15560K(1048064K), 0.0007058 secs] [Times: user=0.00 sys=0.00, real=0.00 secs] 
2024-10-04T19:44:38.908+0300: 743.994: Total time for which application threads were stopped: 0.0009708 seconds, Stopping threads took: 0.0001372 seconds
2024-10-04T19:44:40.100+0300: 745.188: Application time: 1.1940806 seconds
2024-10-04T19:44:40.100+0300: 745.188: [GC (Allocation Failure) [PSYoungGen: 348560K->416K(348672K)] 363720K->15592K(1048064K), 0.0006849 secs] [Times: user=0.00 sys=0.00, real=0.00 secs] 
2024-10-04T19:44:40.100+0300: 745.189: Total time for which application threads were stopped: 0.0009644 seconds, Stopping threads took: 0.0001709 seconds
2024-10-04T19:44:41.293+0300: 746.377: Application time: 1.1881171 seconds
2024-10-04T19:44:41.293+0300: 746.377: [GC (Allocation Failure) [PSYoungGen: 348576K->416K(348672K)] 363752K->15632K(1048064K), 0.0006068 secs] [Times: user=0.00 sys=0.00, real=0.00 secs] 
2024-10-04T19:44:41.293+0300: 746.378: Total time for which application threads were stopped: 0.0008464 seconds, Stopping threads took: 0.0001292 seconds
2024-10-04T19:44:42.485+0300: 747.578: Application time: 1.2007006 seconds
2024-10-04T19:44:42.485+0300: 747.579: [GC (Allocation Failure) [PSYoungGen: 348576K->384K(348672K)] 363792K->15616K(1048064K), 0.0006721 secs] [Times: user=0.00 sys=0.00, real=0.00 secs] 
2024-10-04T19:44:42.485+0300: 747.579: Total time for which application threads were stopped: 0.0010268 seconds, Stopping threads took: 0.0002125 seconds
2024-10-04T19:44:43.679+0300: 748.767: Application time: 1.1876373 seconds
2024-10-04T19:44:43.679+0300: 748.767: [GC (Allocation Failure) [PSYoungGen: 348544K->352K(348672K)] 363776K->15592K(1048064K), 0.0007286 secs] [Times: user=0.00 sys=0.00, real=0.00 secs] 
2024-10-04T19:44:43.679+0300: 748.768: Total time for which application threads were stopped: 0.0009655 seconds, Stopping threads took: 0.0001264 seconds
2024-10-04T19:44:44.871+0300: 749.960: Application time: 1.1921176 seconds
2024-10-04T19:44:44.871+0300: 749.960: [GC (Allocation Failure) [PSYoungGen: 348512K->400K(348672K)] 363752K->15648K(1048064K), 0.0006978 secs] [Times: user=0.00 sys=0.00, real=0.00 secs] 
2024-10-04T19:44:44.871+0300: 749.961: Total time for which application threads were stopped: 0.0009676 seconds, Stopping threads took: 0.0001497 seconds
2024-10-04T19:44:46.063+0300: 751.147: Application time: 1.1860167 seconds
2024-10-04T19:44:46.063+0300: 751.147: [GC (Allocation Failure) [PSYoungGen: 348560K->400K(348672K)] 363808K->15672K(1048064K), 0.0007214 secs] [Times: user=0.00 sys=0.00, real=0.00 secs] 
2024-10-04T19:44:46.063+0300: 751.148: Total time for which application threads were stopped: 0.0009759 seconds, Stopping threads took: 0.0001395 seconds
2024-10-04T19:44:47.256+0300: 752.340: Application time: 1.1920977 seconds
2024-10-04T19:44:47.256+0300: 752.340: [GC (Allocation Failure) [PSYoungGen: 348560K->368K(348672K)] 363832K->15656K(1048064K), 0.0006499 secs] [Times: user=0.00 sys=0.00, real=0.00 secs] 
2024-10-04T19:44:47.256+0300: 752.341: Total time for which application threads were stopped: 0.0009168 seconds, Stopping threads took: 0.0001507 seconds
2024-10-04T19:44:48.434+0300: 753.526: Application time: 1.1848203 seconds
2024-10-04T19:44:48.434+0300: 753.526: [GC (Allocation Failure) [PSYoungGen: 348528K->352K(348672K)] 363816K->15648K(1048064K), 0.0007193 secs] [Times: user=0.00 sys=0.00, real=0.00 secs] 
2024-10-04T19:44:48.434+0300: 753.527: Total time for which application threads were stopped: 0.0009955 seconds, Stopping threads took: 0.0001542 seconds
2024-10-04T19:44:49.626+0300: 754.718: Application time: 1.1910317 seconds
2024-10-04T19:44:49.626+0300: 754.718: [GC (Allocation Failure) [PSYoungGen: 348512K->384K(348672K)] 363808K->15688K(1048064K), 0.0006493 secs] [Times: user=0.00 sys=0.00, real=0.00 secs] 
2024-10-04T19:44:49.626+0300: 754.719: Total time for which application threads were stopped: 0.0009322 seconds, Stopping threads took: 0.0001753 seconds
2024-10-04T19:44:50.825+0300: 755.910: Application time: 1.1910845 seconds
2024-10-04T19:44:50.826+0300: 755.910: [GC (Allocation Failure) [PSYoungGen: 348544K->368K(348672K)] 363848K->15680K(1048064K), 0.0006732 secs] [Times: user=0.02 sys=0.00, real=0.00 secs] 
2024-10-04T19:44:50.826+0300: 755.911: Total time for which application threads were stopped: 0.0010080 seconds, Stopping threads took: 0.0001936 seconds
2024-10-04T19:44:52.012+0300: 757.099: Application time: 1.1879034 seconds
2024-10-04T19:44:52.012+0300: 757.099: [GC (Allocation Failure) [PSYoungGen: 348528K->352K(348672K)] 363840K->15680K(1048064K), 0.0007197 secs] [Times: user=0.00 sys=0.00, real=0.00 secs] 
2024-10-04T19:44:52.012+0300: 757.100: Total time for which application threads were stopped: 0.0010284 seconds, Stopping threads took: 0.0001622 seconds
2024-10-04T19:44:53.195+0300: 758.283: Application time: 1.1831022 seconds
2024-10-04T19:44:53.195+0300: 758.283: [GC (Allocation Failure) [PSYoungGen: 348512K->368K(348672K)] 363840K->15704K(1048064K), 0.0006899 secs] [Times: user=0.00 sys=0.00, real=0.00 secs] 
2024-10-04T19:44:53.195+0300: 758.284: Total time for which application threads were stopped: 0.0010220 seconds, Stopping threads took: 0.0001992 seconds
2024-10-04T19:44:54.380+0300: 759.472: Application time: 1.1875860 seconds
2024-10-04T19:44:54.380+0300: 759.472: [GC (Allocation Failure) [PSYoungGen: 348528K->400K(348672K)] 363864K->15752K(1048064K), 0.0006204 secs] [Times: user=0.00 sys=0.00, real=0.00 secs] 
2024-10-04T19:44:54.380+0300: 759.472: Total time for which application threads were stopped: 0.0009233 seconds, Stopping threads took: 0.0001799 seconds
2024-10-04T19:44:55.573+0300: 760.663: Application time: 1.1904044 seconds
2024-10-04T19:44:55.573+0300: 760.663: [GC (Allocation Failure) [PSYoungGen: 348560K->384K(348672K)] 363912K->15752K(1048064K), 0.0007044 secs] [Times: user=0.00 sys=0.00, real=0.00 secs] 
2024-10-04T19:44:55.573+0300: 760.664: Total time for which application threads were stopped: 0.0009779 seconds, Stopping threads took: 0.0001347 seconds
2024-10-04T19:44:56.755+0300: 761.848: Application time: 1.1837591 seconds
2024-10-04T19:44:56.755+0300: 761.848: [GC (Allocation Failure) [PSYoungGen: 348544K->368K(348672K)] 363912K->15760K(1048064K), 0.0006769 secs] [Times: user=0.00 sys=0.00, real=0.00 secs] 
2024-10-04T19:44:56.755+0300: 761.849: Total time for which application threads were stopped: 0.0010101 seconds, Stopping threads took: 0.0001910 seconds
2024-10-04T19:44:57.944+0300: 763.039: Application time: 1.1905413 seconds
2024-10-04T19:44:57.944+0300: 763.039: [GC (Allocation Failure) [PSYoungGen: 348528K->368K(348672K)] 363920K->15776K(1048064K), 0.0006891 secs] [Times: user=0.00 sys=0.00, real=0.00 secs] 
2024-10-04T19:44:57.944+0300: 763.040: Total time for which application threads were stopped: 0.0009692 seconds, Stopping threads took: 0.0001651 seconds
2024-10-04T19:44:59.136+0300: 764.230: Application time: 1.1901154 seconds
2024-10-04T19:44:59.136+0300: 764.231: [GC (Allocation Failure) [PSYoungGen: 348528K->384K(348672K)] 363936K->15800K(1048064K), 0.0005990 secs] [Times: user=0.00 sys=0.00, real=0.00 secs] 
2024-10-04T19:44:59.136+0300: 764.231: Total time for which application threads were stopped: 0.0008727 seconds, Stopping threads took: 0.0001706 seconds
2024-10-04T19:45:00.344+0300: 765.434: Application time: 1.2025647 seconds
2024-10-04T19:45:00.344+0300: 765.434: [GC (Allocation Failure) [PSYoungGen: 348544K->384K(348672K)] 363960K->15816K(1048064K), 0.0006563 secs] [Times: user=0.00 sys=0.00, real=0.00 secs] 
2024-10-04T19:45:00.344+0300: 765.435: Total time for which application threads were stopped: 0.0009424 seconds, Stopping threads took: 0.0001587 seconds
2024-10-04T19:45:01.623+0300: 766.709: Application time: 1.2747884 seconds
2024-10-04T19:45:01.623+0300: 766.710: [GC (Allocation Failure) [PSYoungGen: 348544K->384K(348672K)] 363976K->15824K(1048064K), 0.0007681 secs] [Times: user=0.00 sys=0.00, real=0.00 secs] 
2024-10-04T19:45:01.623+0300: 766.710: Total time for which application threads were stopped: 0.0010027 seconds, Stopping threads took: 0.0000936 seconds
2024-10-04T19:45:02.611+0300: 767.695: Application time: 0.9848057 seconds
2024-10-04T19:45:02.611+0300: 767.695: [GC (Allocation Failure) [PSYoungGen: 348544K->400K(348672K)] 363984K->15856K(1048064K), 0.0006972 secs] [Times: user=0.00 sys=0.00, real=0.00 secs] 
2024-10-04T19:45:02.611+0300: 767.696: Total time for which application threads were stopped: 0.0009147 seconds, Stopping threads took: 0.0001004 seconds
2024-10-04T19:45:03.444+0300: 768.538: Application time: 0.8415016 seconds
2024-10-04T19:45:03.444+0300: 768.538: [GC (Allocation Failure) [PSYoungGen: 348560K->400K(348672K)] 364016K->15872K(1048064K), 0.0006459 secs] [Times: user=0.00 sys=0.00, real=0.00 secs] 
2024-10-04T19:45:03.444+0300: 768.539: Total time for which application threads were stopped: 0.0009670 seconds, Stopping threads took: 0.0001948 seconds
2024-10-04T19:45:04.291+0300: 769.380: Application time: 0.8412401 seconds
2024-10-04T19:45:04.291+0300: 769.380: [GC (Allocation Failure) [PSYoungGen: 348560K->400K(348672K)] 364032K->15880K(1048064K), 0.0006859 secs] [Times: user=0.00 sys=0.00, real=0.00 secs] 
2024-10-04T19:45:04.291+0300: 769.381: Total time for which application threads were stopped: 0.0009632 seconds, Stopping threads took: 0.0001434 seconds
2024-10-04T19:45:05.123+0300: 770.222: Application time: 0.8415381 seconds
2024-10-04T19:45:05.123+0300: 770.223: [GC (Allocation Failure) [PSYoungGen: 348560K->368K(348672K)] 364040K->15864K(1048064K), 0.0006118 secs] [Times: user=0.02 sys=0.00, real=0.02 secs] 
2024-10-04T19:45:05.139+0300: 770.223: Total time for which application threads were stopped: 0.0009023 seconds, Stopping threads took: 0.0001593 seconds
2024-10-04T19:45:05.971+0300: 771.067: Application time: 0.8433936 seconds
2024-10-04T19:45:05.971+0300: 771.067: [GC (Allocation Failure) [PSYoungGen: 348528K->368K(348672K)] 364024K->15872K(1048064K), 0.0007592 secs] [Times: user=0.00 sys=0.00, real=0.00 secs] 
2024-10-04T19:45:05.971+0300: 771.068: Total time for which application threads were stopped: 0.0010905 seconds, Stopping threads took: 0.0001859 seconds
2024-10-04T19:45:06.817+0300: 771.913: Application time: 0.8456475 seconds
2024-10-04T19:45:06.817+0300: 771.914: [GC (Allocation Failure) [PSYoungGen: 348528K->400K(348672K)] 364032K->15912K(1048064K), 0.0005669 secs] [Times: user=0.00 sys=0.00, real=0.00 secs] 
2024-10-04T19:45:06.817+0300: 771.914: Total time for which application threads were stopped: 0.0008511 seconds, Stopping threads took: 0.0001572 seconds
2024-10-04T19:45:07.664+0300: 772.758: Application time: 0.8433222 seconds
2024-10-04T19:45:07.664+0300: 772.758: [GC (Allocation Failure) [PSYoungGen: 348560K->416K(348672K)] 364072K->15936K(1048064K), 0.0006264 secs] [Times: user=0.00 sys=0.00, real=0.00 secs] 
2024-10-04T19:45:07.664+0300: 772.759: Total time for which application threads were stopped: 0.0009263 seconds, Stopping threads took: 0.0001620 seconds
2024-10-04T19:45:08.512+0300: 773.603: Application time: 0.8448326 seconds
2024-10-04T19:45:08.520+0300: 773.604: [GC (Allocation Failure) [PSYoungGen: 348576K->352K(348672K)] 364096K->15888K(1048064K), 0.0005949 secs] [Times: user=0.00 sys=0.00, real=0.00 secs] 
2024-10-04T19:45:08.520+0300: 773.604: Total time for which application threads were stopped: 0.0009125 seconds, Stopping threads took: 0.0001581 seconds
2024-10-04T19:45:09.360+0300: 774.445: Application time: 0.8404350 seconds
2024-10-04T19:45:09.360+0300: 774.445: [GC (Allocation Failure) [PSYoungGen: 348512K->416K(348672K)] 364048K->15960K(1048064K), 0.0028196 secs] [Times: user=0.00 sys=0.00, real=0.00 secs] 
2024-10-04T19:45:09.360+0300: 774.448: Total time for which application threads were stopped: 0.0030939 seconds, Stopping threads took: 0.0001296 seconds
2024-10-04T19:45:10.240+0300: 775.329: Application time: 0.8809697 seconds
2024-10-04T19:45:10.240+0300: 775.329: [GC (Allocation Failure) [PSYoungGen: 348576K->400K(348672K)] 364120K->15960K(1048064K), 0.0006183 secs] [Times: user=0.00 sys=0.00, real=0.00 secs] 
2024-10-04T19:45:10.240+0300: 775.330: Total time for which application threads were stopped: 0.0008764 seconds, Stopping threads took: 0.0001335 seconds
2024-10-04T19:45:11.103+0300: 776.187: Application time: 0.8573399 seconds
2024-10-04T19:45:11.103+0300: 776.187: [GC (Allocation Failure) [PSYoungGen: 348560K->368K(348672K)] 364120K->15944K(1048064K), 0.0005570 secs] [Times: user=0.00 sys=0.00, real=0.00 secs] 
2024-10-04T19:45:11.103+0300: 776.188: Total time for which application threads were stopped: 0.0008026 seconds, Stopping threads took: 0.0001396 seconds
2024-10-04T19:45:11.951+0300: 777.038: Application time: 0.8503666 seconds
2024-10-04T19:45:11.951+0300: 777.038: [GC (Allocation Failure) [PSYoungGen: 348528K->400K(348672K)] 364104K->16000K(1048064K), 0.0005995 secs] [Times: user=0.00 sys=0.00, real=0.00 secs] 
2024-10-04T19:45:11.951+0300: 777.039: Total time for which application threads were stopped: 0.0008677 seconds, Stopping threads took: 0.0001685 seconds
2024-10-04T19:45:12.798+0300: 777.891: Application time: 0.8522436 seconds
2024-10-04T19:45:12.798+0300: 777.892: [GC (Allocation Failure) [PSYoungGen: 348560K->352K(348672K)] 364160K->15968K(1048064K), 0.0006245 secs] [Times: user=0.00 sys=0.00, real=0.00 secs] 
2024-10-04T19:45:12.798+0300: 777.892: Total time for which application threads were stopped: 0.0008626 seconds, Stopping threads took: 0.0001160 seconds
2024-10-04T19:45:13.646+0300: 778.742: Application time: 0.8498795 seconds
2024-10-04T19:45:13.646+0300: 778.742: [GC (Allocation Failure) [PSYoungGen: 348512K->352K(348672K)] 364128K->16000K(1048064K), 0.0005589 secs] [Times: user=0.00 sys=0.00, real=0.00 secs] 
2024-10-04T19:45:13.646+0300: 778.743: Total time for which application threads were stopped: 0.0008061 seconds, Stopping threads took: 0.0001375 seconds
2024-10-04T19:45:14.523+0300: 779.608: Application time: 0.8650971 seconds
2024-10-04T19:45:14.523+0300: 779.608: [GC (Allocation Failure) [PSYoungGen: 348512K->416K(348672K)] 364160K->16072K(1048064K), 0.0005624 secs] [Times: user=0.00 sys=0.00, real=0.00 secs] 
2024-10-04T19:45:14.523+0300: 779.609: Total time for which application threads were stopped: 0.0008318 seconds, Stopping threads took: 0.0001657 seconds
2024-10-04T19:45:15.370+0300: 780.469: Application time: 0.8602930 seconds
2024-10-04T19:45:15.370+0300: 780.469: [GC (Allocation Failure) [PSYoungGen: 348576K->400K(348672K)] 364232K->16088K(1048064K), 0.0007226 secs] [Times: user=0.02 sys=0.00, real=0.02 secs] 
2024-10-04T19:45:15.386+0300: 780.470: Total time for which application threads were stopped: 0.0010026 seconds, Stopping threads took: 0.0001831 seconds
2024-10-04T19:45:16.249+0300: 781.333: Application time: 0.8628020 seconds
2024-10-04T19:45:16.249+0300: 781.333: [GC (Allocation Failure) [PSYoungGen: 348560K->368K(348672K)] 364248K->16096K(1048064K), 0.0005855 secs] [Times: user=0.00 sys=0.00, real=0.00 secs] 
2024-10-04T19:45:16.249+0300: 781.334: Total time for which application threads were stopped: 0.0007999 seconds, Stopping threads took: 0.0001245 seconds
2024-10-04T19:45:17.111+0300: 782.210: Application time: 0.8765135 seconds
2024-10-04T19:45:17.127+0300: 782.210: [GC (Allocation Failure) [PSYoungGen: 348528K->432K(348672K)] 364256K->16176K(1048064K), 0.0007179 secs] [Times: user=0.00 sys=0.00, real=0.00 secs] 
2024-10-04T19:45:17.127+0300: 782.211: Total time for which application threads were stopped: 0.0010240 seconds, Stopping threads took: 0.0001779 seconds
2024-10-04T19:45:17.990+0300: 783.085: Application time: 0.8738502 seconds
2024-10-04T19:45:17.990+0300: 783.085: [GC (Allocation Failure) [PSYoungGen: 348592K->400K(348672K)] 364336K->16160K(1048064K), 0.0006060 secs] [Times: user=0.00 sys=0.00, real=0.00 secs] 
2024-10-04T19:45:17.990+0300: 783.086: Total time for which application threads were stopped: 0.0008634 seconds, Stopping threads took: 0.0001479 seconds
2024-10-04T19:45:18.869+0300: 783.965: Application time: 0.8785464 seconds
2024-10-04T19:45:18.869+0300: 783.965: [GC (Allocation Failure) [PSYoungGen: 348560K->400K(348672K)] 364320K->16176K(1048064K), 0.0006677 secs] [Times: user=0.00 sys=0.00, real=0.00 secs] 
2024-10-04T19:45:18.869+0300: 783.965: Total time for which application threads were stopped: 0.0009010 seconds, Stopping threads took: 0.0001338 seconds
2024-10-04T19:45:19.748+0300: 784.832: Application time: 0.8667954 seconds
2024-10-04T19:45:19.748+0300: 784.832: [GC (Allocation Failure) [PSYoungGen: 348560K->400K(348672K)] 364336K->16192K(1048064K), 0.0006194 secs] [Times: user=0.00 sys=0.00, real=0.00 secs] 
2024-10-04T19:45:19.748+0300: 784.833: Total time for which application threads were stopped: 0.0008818 seconds, Stopping threads took: 0.0001405 seconds
2024-10-04T19:45:20.611+0300: 785.704: Application time: 0.8711564 seconds
2024-10-04T19:45:20.611+0300: 785.704: [GC (Allocation Failure) [PSYoungGen: 348560K->400K(348672K)] 364352K->16208K(1048064K), 0.0006957 secs] [Times: user=0.00 sys=0.00, real=0.00 secs] 
2024-10-04T19:45:20.611+0300: 785.705: Total time for which application threads were stopped: 0.0009356 seconds, Stopping threads took: 0.0001269 seconds
2024-10-04T19:45:21.474+0300: 786.571: Application time: 0.8654683 seconds
2024-10-04T19:45:21.474+0300: 786.571: [GC (Allocation Failure) [PSYoungGen: 348560K->384K(348672K)] 364368K->16200K(1048064K), 0.0006419 secs] [Times: user=0.00 sys=0.00, real=0.00 secs] 
2024-10-04T19:45:21.474+0300: 786.572: Total time for which application threads were stopped: 0.0009677 seconds, Stopping threads took: 0.0002083 seconds
2024-10-04T19:45:22.353+0300: 787.441: Application time: 0.8691388 seconds
2024-10-04T19:45:22.353+0300: 787.441: [GC (Allocation Failure) [PSYoungGen: 348544K->352K(348672K)] 364360K->16176K(1048064K), 0.0006260 secs] [Times: user=0.00 sys=0.00, real=0.00 secs] 
2024-10-04T19:45:22.353+0300: 787.442: Total time for which application threads were stopped: 0.0008263 seconds, Stopping threads took: 0.0000845 seconds
2024-10-04T19:45:23.216+0300: 788.310: Application time: 0.8687671 seconds
2024-10-04T19:45:23.216+0300: 788.311: [GC (Allocation Failure) [PSYoungGen: 348512K->368K(348672K)] 364336K->16216K(1048064K), 0.0006226 secs] [Times: user=0.00 sys=0.00, real=0.00 secs] 
2024-10-04T19:45:23.216+0300: 788.311: Total time for which application threads were stopped: 0.0009056 seconds, Stopping threads took: 0.0001644 seconds
2024-10-04T19:45:24.094+0300: 789.185: Application time: 0.8738788 seconds
2024-10-04T19:45:24.094+0300: 789.185: [GC (Allocation Failure) [PSYoungGen: 348528K->368K(348672K)] 364376K->16232K(1048064K), 0.0005918 secs] [Times: user=0.00 sys=0.00, real=0.00 secs] 
2024-10-04T19:45:24.094+0300: 789.186: Total time for which application threads were stopped: 0.0008395 seconds, Stopping threads took: 0.0001454 seconds
2024-10-04T19:45:24.973+0300: 790.065: Application time: 0.8794734 seconds
2024-10-04T19:45:24.973+0300: 790.066: [GC (Allocation Failure) [PSYoungGen: 348528K->384K(348672K)] 364392K->16272K(1048064K), 0.0006077 secs] [Times: user=0.00 sys=0.00, real=0.00 secs] 
2024-10-04T19:45:24.973+0300: 790.066: Total time for which application threads were stopped: 0.0008578 seconds, Stopping threads took: 0.0001538 seconds
2024-10-04T19:45:25.852+0300: 790.945: Application time: 0.8789321 seconds
2024-10-04T19:45:25.852+0300: 790.946: [GC (Allocation Failure) [PSYoungGen: 348544K->384K(348672K)] 364432K->16288K(1048064K), 0.0006327 secs] [Times: user=0.00 sys=0.00, real=0.00 secs] 
2024-10-04T19:45:25.852+0300: 790.946: Total time for which application threads were stopped: 0.0009546 seconds, Stopping threads took: 0.0002202 seconds
2024-10-04T19:45:26.730+0300: 791.817: Application time: 0.8706604 seconds
2024-10-04T19:45:26.730+0300: 791.817: [GC (Allocation Failure) [PSYoungGen: 348544K->384K(348672K)] 364448K->16304K(1048064K), 0.0007006 secs] [Times: user=0.00 sys=0.00, real=0.00 secs] 
2024-10-04T19:45:26.730+0300: 791.818: Total time for which application threads were stopped: 0.0009821 seconds, Stopping threads took: 0.0001698 seconds
2024-10-04T19:45:27.600+0300: 792.692: Application time: 0.8744347 seconds
2024-10-04T19:45:27.600+0300: 792.693: [GC (Allocation Failure) [PSYoungGen: 348544K->352K(348672K)] 364464K->16288K(1048064K), 0.0007728 secs] [Times: user=0.00 sys=0.00, real=0.00 secs] 
2024-10-04T19:45:27.600+0300: 792.693: Total time for which application threads were stopped: 0.0010853 seconds, Stopping threads took: 0.0001865 seconds
2024-10-04T19:45:28.458+0300: 793.557: Application time: 0.8632024 seconds
2024-10-04T19:45:28.458+0300: 793.557: [GC (Allocation Failure) [PSYoungGen: 348512K->352K(348672K)] 364448K->16296K(1048064K), 0.0013432 secs] [Times: user=0.00 sys=0.00, real=0.02 secs] 
2024-10-04T19:45:28.473+0300: 793.560: Total time for which application threads were stopped: 0.0033402 seconds, Stopping threads took: 0.0001304 seconds
2024-10-04T19:45:29.337+0300: 794.430: Application time: 0.8697741 seconds
2024-10-04T19:45:29.337+0300: 794.430: [GC (Allocation Failure) [PSYoungGen: 348512K->384K(348672K)] 364456K->16344K(1048064K), 0.0006398 secs] [Times: user=0.00 sys=0.00, real=0.00 secs] 
2024-10-04T19:45:29.337+0300: 794.431: Total time for which application threads were stopped: 0.0009308 seconds, Stopping threads took: 0.0001915 seconds
2024-10-04T19:45:30.216+0300: 795.305: Application time: 0.8739348 seconds
2024-10-04T19:45:30.216+0300: 795.305: [GC (Allocation Failure) [PSYoungGen: 348544K->336K(348672K)] 364504K->16336K(1048064K), 0.0006137 secs] [Times: user=0.00 sys=0.00, real=0.00 secs] 
2024-10-04T19:45:30.216+0300: 795.305: Total time for which application threads were stopped: 0.0008865 seconds, Stopping threads took: 0.0001583 seconds
2024-10-04T19:45:31.094+0300: 796.184: Application time: 0.8785458 seconds
2024-10-04T19:45:31.094+0300: 796.184: [GC (Allocation Failure) [PSYoungGen: 348496K->400K(348672K)] 364496K->16416K(1048064K), 0.0007069 secs] [Times: user=0.00 sys=0.00, real=0.00 secs] 
2024-10-04T19:45:31.094+0300: 796.185: Total time for which application threads were stopped: 0.0009495 seconds, Stopping threads took: 0.0001355 seconds
2024-10-04T19:45:31.973+0300: 797.057: Application time: 0.8725147 seconds
2024-10-04T19:45:31.973+0300: 797.058: [GC (Allocation Failure) [PSYoungGen: 348560K->368K(348672K)] 364576K->16408K(1048064K), 0.0005644 secs] [Times: user=0.00 sys=0.00, real=0.00 secs] 
2024-10-04T19:45:31.973+0300: 797.058: Total time for which application threads were stopped: 0.0007921 seconds, Stopping threads took: 0.0001332 seconds
2024-10-04T19:45:32.836+0300: 797.927: Application time: 0.8689381 seconds
2024-10-04T19:45:32.836+0300: 797.927: [GC (Allocation Failure) [PSYoungGen: 348528K->352K(348672K)] 364568K->16432K(1048064K), 0.0006617 secs] [Times: user=0.00 sys=0.00, real=0.00 secs] 
2024-10-04T19:45:32.836+0300: 797.928: Total time for which application threads were stopped: 0.0009647 seconds, Stopping threads took: 0.0001700 seconds
2024-10-04T19:45:33.715+0300: 798.801: Application time: 0.8728000 seconds
2024-10-04T19:45:33.715+0300: 798.801: [GC (Allocation Failure) [PSYoungGen: 348512K->400K(348672K)] 364592K->16504K(1048064K), 0.0006627 secs] [Times: user=0.00 sys=0.00, real=0.00 secs] 
2024-10-04T19:45:33.715+0300: 798.802: Total time for which application threads were stopped: 0.0009118 seconds, Stopping threads took: 0.0001369 seconds
2024-10-04T19:45:34.579+0300: 799.676: Application time: 0.8741096 seconds
2024-10-04T19:45:34.579+0300: 799.676: [GC (Allocation Failure) [PSYoungGen: 348560K->368K(348672K)] 364664K->16496K(1048064K), 0.0005432 secs] [Times: user=0.00 sys=0.00, real=0.00 secs] 
2024-10-04T19:45:34.579+0300: 799.677: Total time for which application threads were stopped: 0.0008026 seconds, Stopping threads took: 0.0001593 seconds
2024-10-04T19:45:35.458+0300: 800.545: Application time: 0.8682001 seconds
2024-10-04T19:45:35.458+0300: 800.545: [GC (Allocation Failure) [PSYoungGen: 348528K->384K(348672K)] 364656K->16520K(1048064K), 0.0006007 secs] [Times: user=0.00 sys=0.00, real=0.00 secs] 
2024-10-04T19:45:35.458+0300: 800.546: Total time for which application threads were stopped: 0.0009290 seconds, Stopping threads took: 0.0002173 seconds
2024-10-04T19:45:36.320+0300: 801.418: Application time: 0.8722774 seconds
2024-10-04T19:45:36.320+0300: 801.419: [GC (Allocation Failure) [PSYoungGen: 348544K->384K(348672K)] 364680K->16536K(1048064K), 0.0006266 secs] [Times: user=0.00 sys=0.00, real=0.00 secs] 
2024-10-04T19:45:36.320+0300: 801.419: Total time for which application threads were stopped: 0.0009223 seconds, Stopping threads took: 0.0001999 seconds
2024-10-04T19:45:37.199+0300: 802.296: Application time: 0.8773130 seconds
2024-10-04T19:45:37.199+0300: 802.297: [GC (Allocation Failure) [PSYoungGen: 348544K->384K(348672K)] 364696K->16552K(1048064K), 0.0006094 secs] [Times: user=0.00 sys=0.00, real=0.00 secs] 
2024-10-04T19:45:37.199+0300: 802.297: Total time for which application threads were stopped: 0.0009200 seconds, Stopping threads took: 0.0002036 seconds
2024-10-04T19:45:38.078+0300: 803.173: Application time: 0.8759682 seconds
2024-10-04T19:45:38.078+0300: 803.174: [GC (Allocation Failure) [PSYoungGen: 348544K->432K(348672K)] 364712K->16616K(1048064K), 0.0006748 secs] [Times: user=0.00 sys=0.00, real=0.00 secs] 
2024-10-04T19:45:38.078+0300: 803.174: Total time for which application threads were stopped: 0.0009652 seconds, Stopping threads took: 0.0001799 seconds
2024-10-04T19:45:38.956+0300: 804.049: Application time: 0.8747654 seconds
2024-10-04T19:45:38.956+0300: 804.049: [GC (Allocation Failure) [PSYoungGen: 348592K->400K(348672K)] 364776K->16600K(1048064K), 0.0006227 secs] [Times: user=0.00 sys=0.00, real=0.00 secs] 
2024-10-04T19:45:38.956+0300: 804.050: Total time for which application threads were stopped: 0.0009374 seconds, Stopping threads took: 0.0001931 seconds
2024-10-04T19:45:39.835+0300: 804.927: Application time: 0.8773653 seconds
2024-10-04T19:45:39.835+0300: 804.928: [GC (Allocation Failure) [PSYoungGen: 348560K->400K(348672K)] 364760K->16616K(1048064K), 0.0005887 secs] [Times: user=0.00 sys=0.00, real=0.00 secs] 
2024-10-04T19:45:39.835+0300: 804.928: Total time for which application threads were stopped: 0.0008741 seconds, Stopping threads took: 0.0001849 seconds
2024-10-04T19:45:40.714+0300: 805.803: Application time: 0.8747692 seconds
2024-10-04T19:45:40.714+0300: 805.803: [GC (Allocation Failure) [PSYoungGen: 348560K->352K(348672K)] 364776K->16608K(1048064K), 0.0005569 secs] [Times: user=0.00 sys=0.00, real=0.00 secs] 
2024-10-04T19:45:40.714+0300: 805.804: Total time for which application threads were stopped: 0.0008226 seconds, Stopping threads took: 0.0001757 seconds
2024-10-04T19:45:41.593+0300: 806.681: Application time: 0.8770701 seconds
2024-10-04T19:45:41.593+0300: 806.681: [GC (Allocation Failure) [PSYoungGen: 348512K->352K(348672K)] 364768K->16632K(1048064K), 0.0005902 secs] [Times: user=0.00 sys=0.00, real=0.00 secs] 
2024-10-04T19:45:41.593+0300: 806.682: Total time for which application threads were stopped: 0.0008355 seconds, Stopping threads took: 0.0001372 seconds
2024-10-04T19:45:42.457+0300: 807.555: Application time: 0.8729569 seconds
2024-10-04T19:45:42.457+0300: 807.555: [GC (Allocation Failure) [PSYoungGen: 348512K->384K(348672K)] 364792K->16672K(1048064K), 0.0006283 secs] [Times: user=0.00 sys=0.00, real=0.00 secs] 
2024-10-04T19:45:42.457+0300: 807.556: Total time for which application threads were stopped: 0.0009656 seconds, Stopping threads took: 0.0002209 seconds
2024-10-04T19:45:43.335+0300: 808.430: Application time: 0.8744485 seconds
2024-10-04T19:45:43.335+0300: 808.430: [GC (Allocation Failure) [PSYoungGen: 348544K->368K(348672K)] 364832K->16672K(1048064K), 0.0006264 secs] [Times: user=0.00 sys=0.00, real=0.00 secs] 
2024-10-04T19:45:43.335+0300: 808.431: Total time for which application threads were stopped: 0.0008878 seconds, Stopping threads took: 0.0001627 seconds
2024-10-04T19:45:44.225+0300: 809.310: Application time: 0.8785273 seconds
2024-10-04T19:45:44.225+0300: 809.310: [GC (Allocation Failure) [PSYoungGen: 348528K->368K(348672K)] 364832K->16704K(1048064K), 0.0006746 secs] [Times: user=0.00 sys=0.00, real=0.00 secs] 
2024-10-04T19:45:44.225+0300: 809.311: Total time for which application threads were stopped: 0.0009442 seconds, Stopping threads took: 0.0001761 seconds
2024-10-04T19:45:45.093+0300: 810.184: Application time: 0.8734519 seconds
2024-10-04T19:45:45.093+0300: 810.184: [GC (Allocation Failure) [PSYoungGen: 348528K->368K(348672K)] 364864K->16720K(1048064K), 0.0006319 secs] [Times: user=0.00 sys=0.00, real=0.00 secs] 
2024-10-04T19:45:45.093+0300: 810.185: Total time for which application threads were stopped: 0.0008903 seconds, Stopping threads took: 0.0001383 seconds
2024-10-04T19:45:45.971+0300: 811.059: Application time: 0.8742989 seconds
2024-10-04T19:45:45.971+0300: 811.059: [GC (Allocation Failure) [PSYoungGen: 348528K->352K(348672K)] 364880K->16720K(1048064K), 0.0006811 secs] [Times: user=0.00 sys=0.00, real=0.00 secs] 
2024-10-04T19:45:45.971+0300: 811.060: Total time for which application threads were stopped: 0.0009350 seconds, Stopping threads took: 0.0001558 seconds
2024-10-04T19:45:46.850+0300: 811.936: Application time: 0.8761384 seconds
2024-10-04T19:45:46.850+0300: 811.936: [GC (Allocation Failure) [PSYoungGen: 348512K->384K(348672K)] 364880K->16768K(1048064K), 0.0006052 secs] [Times: user=0.00 sys=0.00, real=0.00 secs] 
2024-10-04T19:45:46.850+0300: 811.937: Total time for which application threads were stopped: 0.0008706 seconds, Stopping threads took: 0.0001515 seconds
2024-10-04T19:45:47.728+0300: 812.818: Application time: 0.8805673 seconds
2024-10-04T19:45:47.728+0300: 812.818: [GC (Allocation Failure) [PSYoungGen: 348544K->352K(348672K)] 364928K->16768K(1048064K), 0.0005832 secs] [Times: user=0.00 sys=0.00, real=0.00 secs] 
2024-10-04T19:45:47.728+0300: 812.819: Total time for which application threads were stopped: 0.0008251 seconds, Stopping threads took: 0.0001299 seconds
2024-10-04T19:45:48.607+0300: 813.693: Application time: 0.8743661 seconds
2024-10-04T19:45:48.607+0300: 813.693: [GC (Allocation Failure) [PSYoungGen: 348512K->384K(348672K)] 364928K->16824K(1048064K), 0.0006278 secs] [Times: user=0.00 sys=0.00, real=0.00 secs] 
2024-10-04T19:45:48.607+0300: 813.694: Total time for which application threads were stopped: 0.0008414 seconds, Stopping threads took: 0.0001016 seconds
2024-10-04T19:45:49.470+0300: 814.566: Application time: 0.8723644 seconds
2024-10-04T19:45:49.470+0300: 814.566: [GC (Allocation Failure) [PSYoungGen: 348544K->384K(348672K)] 364984K->16840K(1048064K), 0.0005718 secs] [Times: user=0.00 sys=0.00, real=0.00 secs] 
2024-10-04T19:45:49.470+0300: 814.567: Total time for which application threads were stopped: 0.0008503 seconds, Stopping threads took: 0.0001590 seconds
2024-10-04T19:45:50.348+0300: 815.436: Application time: 0.8691546 seconds
2024-10-04T19:45:50.348+0300: 815.436: [GC (Allocation Failure) [PSYoungGen: 348544K->400K(348672K)] 365000K->16872K(1048064K), 0.0006322 secs] [Times: user=0.00 sys=0.00, real=0.00 secs] 
2024-10-04T19:45:50.348+0300: 815.437: Total time for which application threads were stopped: 0.0009126 seconds, Stopping threads took: 0.0001587 seconds
2024-10-04T19:45:51.226+0300: 816.316: Application time: 0.8785748 seconds
2024-10-04T19:45:51.226+0300: 816.316: [GC (Allocation Failure) [PSYoungGen: 348560K->368K(348672K)] 365032K->16856K(1048064K), 0.0005482 secs] [Times: user=0.00 sys=0.00, real=0.00 secs] 
2024-10-04T19:45:51.226+0300: 816.316: Total time for which application threads were stopped: 0.0008035 seconds, Stopping threads took: 0.0001496 seconds
2024-10-04T19:45:52.105+0300: 817.193: Application time: 0.8769079 seconds
2024-10-04T19:45:52.105+0300: 817.194: [GC (Allocation Failure) [PSYoungGen: 348528K->368K(348672K)] 365016K->16880K(1048064K), 0.0006158 secs] [Times: user=0.00 sys=0.00, real=0.00 secs] 
2024-10-04T19:45:52.105+0300: 817.194: Total time for which application threads were stopped: 0.0008819 seconds, Stopping threads took: 0.0001747 seconds
2024-10-04T19:45:52.983+0300: 818.071: Application time: 0.8762963 seconds
2024-10-04T19:45:52.983+0300: 818.071: [GC (Allocation Failure) [PSYoungGen: 348528K->400K(348672K)] 365040K->16920K(1048064K), 0.0006373 secs] [Times: user=0.00 sys=0.00, real=0.00 secs] 
2024-10-04T19:45:52.983+0300: 818.071: Total time for which application threads were stopped: 0.0009065 seconds, Stopping threads took: 0.0001391 seconds
2024-10-04T19:45:53.846+0300: 818.945: Application time: 0.8737728 seconds
2024-10-04T19:45:53.846+0300: 818.945: [GC (Allocation Failure) [PSYoungGen: 348560K->368K(348672K)] 365080K->16920K(1048064K), 0.0007008 secs] [Times: user=0.02 sys=0.00, real=0.02 secs] 
2024-10-04T19:45:53.862+0300: 818.946: Total time for which application threads were stopped: 0.0009684 seconds, Stopping threads took: 0.0001682 seconds
2024-10-04T19:45:54.741+0300: 819.827: Application time: 0.8804320 seconds
2024-10-04T19:45:54.741+0300: 819.827: [GC (Allocation Failure) [PSYoungGen: 348528K->352K(348672K)] 365080K->16920K(1048064K), 0.0005882 secs] [Times: user=0.00 sys=0.00, real=0.00 secs] 
2024-10-04T19:45:54.741+0300: 819.827: Total time for which application threads were stopped: 0.0007888 seconds, Stopping threads took: 0.0001109 seconds
2024-10-04T19:45:55.604+0300: 820.703: Application time: 0.8751908 seconds
2024-10-04T19:45:55.604+0300: 820.703: [GC (Allocation Failure) [PSYoungGen: 348512K->368K(348672K)] 365080K->16952K(1048064K), 0.0006041 secs] [Times: user=0.00 sys=0.00, real=0.00 secs] 
2024-10-04T19:45:55.604+0300: 820.703: Total time for which application threads were stopped: 0.0009076 seconds, Stopping threads took: 0.0001919 seconds
2024-10-04T19:45:56.482+0300: 821.578: Application time: 0.8742599 seconds
2024-10-04T19:45:56.482+0300: 821.578: [GC (Allocation Failure) [PSYoungGen: 348528K->400K(348672K)] 365112K->17000K(1048064K), 0.0006341 secs] [Times: user=0.00 sys=0.00, real=0.00 secs] 
2024-10-04T19:45:56.482+0300: 821.579: Total time for which application threads were stopped: 0.0009648 seconds, Stopping threads took: 0.0002013 seconds
2024-10-04T19:45:57.361+0300: 822.449: Application time: 0.8700064 seconds
2024-10-04T19:45:57.361+0300: 822.449: [GC (Allocation Failure) [PSYoungGen: 348560K->336K(348672K)] 365160K->16976K(1048064K), 0.0006541 secs] [Times: user=0.00 sys=0.00, real=0.00 secs] 
2024-10-04T19:45:57.361+0300: 822.450: Total time for which application threads were stopped: 0.0008931 seconds, Stopping threads took: 0.0001467 seconds
2024-10-04T19:45:58.240+0300: 823.326: Application time: 0.8763226 seconds
2024-10-04T19:45:58.240+0300: 823.326: [GC (Allocation Failure) [PSYoungGen: 348496K->384K(348672K)] 365136K->17064K(1048064K), 0.0006752 secs] [Times: user=0.00 sys=0.00, real=0.00 secs] 
2024-10-04T19:45:58.240+0300: 823.327: Total time for which application threads were stopped: 0.0009150 seconds, Stopping threads took: 0.0001413 seconds
2024-10-04T19:45:59.111+0300: 824.201: Application time: 0.8743720 seconds
2024-10-04T19:45:59.111+0300: 824.201: [GC (Allocation Failure) [PSYoungGen: 348544K->384K(348672K)] 365224K->17080K(1048064K), 0.0006621 secs] [Times: user=0.00 sys=0.00, real=0.00 secs] 
2024-10-04T19:45:59.111+0300: 824.202: Total time for which application threads were stopped: 0.0009095 seconds, Stopping threads took: 0.0001555 seconds
2024-10-04T19:45:59.982+0300: 825.077: Application time: 0.8751276 seconds
2024-10-04T19:45:59.982+0300: 825.078: [GC (Allocation Failure) [PSYoungGen: 348544K->400K(348672K)] 365240K->17112K(1048064K), 0.0006140 secs] [Times: user=0.00 sys=0.00, real=0.00 secs] 
2024-10-04T19:45:59.982+0300: 825.078: Total time for which application threads were stopped: 0.0008979 seconds, Stopping threads took: 0.0001866 seconds
2024-10-04T19:46:00.876+0300: 825.966: Application time: 0.8875732 seconds
2024-10-04T19:46:00.876+0300: 825.966: [GC (Allocation Failure) [PSYoungGen: 348560K->384K(348672K)] 365272K->17112K(1048064K), 0.0006417 secs] [Times: user=0.00 sys=0.00, real=0.00 secs] 
2024-10-04T19:46:00.876+0300: 825.967: Total time for which application threads were stopped: 0.0009207 seconds, Stopping threads took: 0.0001640 seconds
2024-10-04T19:46:01.754+0300: 826.844: Application time: 0.8771790 seconds
2024-10-04T19:46:01.754+0300: 826.844: [GC (Allocation Failure) [PSYoungGen: 348544K->352K(348672K)] 365272K->17096K(1048064K), 0.0006757 secs] [Times: user=0.00 sys=0.00, real=0.00 secs] 
2024-10-04T19:46:01.754+0300: 826.845: Total time for which application threads were stopped: 0.0009491 seconds, Stopping threads took: 0.0001788 seconds
2024-10-04T19:46:02.634+0300: 827.723: Application time: 0.8777633 seconds
2024-10-04T19:46:02.634+0300: 827.723: [GC (Allocation Failure) [PSYoungGen: 348512K->384K(348672K)] 365256K->17144K(1048064K), 0.0005796 secs] [Times: user=0.00 sys=0.00, real=0.00 secs] 
2024-10-04T19:46:02.634+0300: 827.723: Total time for which application threads were stopped: 0.0008801 seconds, Stopping threads took: 0.0001953 seconds
2024-10-04T19:46:03.512+0300: 828.599: Application time: 0.8753581 seconds
2024-10-04T19:46:03.512+0300: 828.599: [GC (Allocation Failure) [PSYoungGen: 348544K->368K(348672K)] 365304K->17144K(1048064K), 0.0005784 secs] [Times: user=0.00 sys=0.00, real=0.00 secs] 
2024-10-04T19:46:03.512+0300: 828.600: Total time for which application threads were stopped: 0.0008252 seconds, Stopping threads took: 0.0001568 seconds
2024-10-04T19:46:04.375+0300: 829.471: Application time: 0.8715276 seconds
2024-10-04T19:46:04.375+0300: 829.471: [GC (Allocation Failure) [PSYoungGen: 348528K->384K(348672K)] 365304K->17176K(1048064K), 0.0006660 secs] [Times: user=0.00 sys=0.00, real=0.00 secs] 
2024-10-04T19:46:04.375+0300: 829.472: Total time for which application threads were stopped: 0.0009664 seconds, Stopping threads took: 0.0002003 seconds
2024-10-04T19:46:05.254+0300: 830.348: Application time: 0.8758263 seconds
2024-10-04T19:46:05.254+0300: 830.348: [GC (Allocation Failure) [PSYoungGen: 348544K->368K(348672K)] 365336K->17192K(1048064K), 0.0006311 secs] [Times: user=0.00 sys=0.00, real=0.00 secs] 
2024-10-04T19:46:05.254+0300: 830.349: Total time for which application threads were stopped: 0.0009135 seconds, Stopping threads took: 0.0001886 seconds
2024-10-04T19:46:06.132+0300: 831.226: Application time: 0.8772223 seconds
2024-10-04T19:46:06.132+0300: 831.226: [GC (Allocation Failure) [PSYoungGen: 348528K->384K(348672K)] 365352K->17224K(1048064K), 0.0005817 secs] [Times: user=0.00 sys=0.00, real=0.00 secs] 
2024-10-04T19:46:06.132+0300: 831.227: Total time for which application threads were stopped: 0.0008760 seconds, Stopping threads took: 0.0001985 seconds
2024-10-04T19:46:07.011+0300: 832.104: Application time: 0.8770327 seconds
2024-10-04T19:46:07.011+0300: 832.104: [GC (Allocation Failure) [PSYoungGen: 348544K->400K(348672K)] 365384K->17272K(1048064K), 0.0006780 secs] [Times: user=0.00 sys=0.00, real=0.00 secs] 
2024-10-04T19:46:07.011+0300: 832.105: Total time for which application threads were stopped: 0.0009699 seconds, Stopping threads took: 0.0001559 seconds
2024-10-04T19:46:07.890+0300: 832.982: Application time: 0.8766367 seconds
2024-10-04T19:46:07.890+0300: 832.982: [GC (Allocation Failure) [PSYoungGen: 348560K->368K(348672K)] 365432K->17248K(1048064K), 0.0008086 secs] [Times: user=0.00 sys=0.00, real=0.00 secs] 
2024-10-04T19:46:07.890+0300: 832.983: Total time for which application threads were stopped: 0.0011900 seconds, Stopping threads took: 0.0001881 seconds
2024-10-04T19:46:08.832+0300: 833.919: Application time: 0.9361959 seconds
2024-10-04T19:46:08.832+0300: 833.919: [GC (Allocation Failure) [PSYoungGen: 348528K->368K(348672K)] 365408K->17264K(1048064K), 0.0006678 secs] [Times: user=0.00 sys=0.00, real=0.00 secs] 
2024-10-04T19:46:08.832+0300: 833.920: Total time for which application threads were stopped: 0.0009534 seconds, Stopping threads took: 0.0001462 seconds
2024-10-04T19:46:09.711+0300: 834.798: Application time: 0.8776508 seconds
2024-10-04T19:46:09.711+0300: 834.798: [GC (Allocation Failure) [PSYoungGen: 348528K->400K(348672K)] 365424K->17328K(1048064K), 0.0005582 secs] [Times: user=0.00 sys=0.00, real=0.00 secs] 
2024-10-04T19:46:09.711+0300: 834.798: Total time for which application threads were stopped: 0.0008095 seconds, Stopping threads took: 0.0001336 seconds
2024-10-04T19:46:10.590+0300: 835.675: Application time: 0.8761431 seconds
2024-10-04T19:46:10.590+0300: 835.675: [GC (Allocation Failure) [PSYoungGen: 348560K->352K(348672K)] 365488K->17320K(1048064K), 0.0006157 secs] [Times: user=0.00 sys=0.00, real=0.00 secs] 
2024-10-04T19:46:10.590+0300: 835.675: Total time for which application threads were stopped: 0.0008404 seconds, Stopping threads took: 0.0000945 seconds
2024-10-04T19:46:11.469+0300: 836.555: Application time: 0.8799488 seconds
2024-10-04T19:46:11.469+0300: 836.556: [GC (Allocation Failure) [PSYoungGen: 348512K->400K(348672K)] 365480K->17376K(1048064K), 0.0007135 secs] [Times: user=0.00 sys=0.00, real=0.00 secs] 
2024-10-04T19:46:11.469+0300: 836.556: Total time for which application threads were stopped: 0.0009334 seconds, Stopping threads took: 0.0000971 seconds
2024-10-04T19:46:12.334+0300: 837.430: Application time: 0.8735223 seconds
2024-10-04T19:46:12.334+0300: 837.430: [GC (Allocation Failure) [PSYoungGen: 348560K->368K(348672K)] 365536K->17360K(1048064K), 0.0006374 secs] [Times: user=0.00 sys=0.00, real=0.00 secs] 
2024-10-04T19:46:12.334+0300: 837.431: Total time for which application threads were stopped: 0.0009282 seconds, Stopping threads took: 0.0001708 seconds
2024-10-04T19:46:13.241+0300: 838.332: Application time: 0.9015066 seconds
2024-10-04T19:46:13.241+0300: 838.332: [GC (Allocation Failure) [PSYoungGen: 348528K->368K(348672K)] 365520K->17368K(1048064K), 0.0006666 secs] [Times: user=0.00 sys=0.00, real=0.00 secs] 
2024-10-04T19:46:13.241+0300: 838.333: Total time for which application threads were stopped: 0.0009160 seconds, Stopping threads took: 0.0001329 seconds
2024-10-04T19:46:14.137+0300: 839.229: Application time: 0.8954769 seconds
2024-10-04T19:46:14.137+0300: 839.229: [GC (Allocation Failure) [PSYoungGen: 348528K->400K(348672K)] 365528K->17408K(1048064K), 0.0006689 secs] [Times: user=0.00 sys=0.00, real=0.00 secs] 
2024-10-04T19:46:14.137+0300: 839.230: Total time for which application threads were stopped: 0.0009366 seconds, Stopping threads took: 0.0001681 seconds
2024-10-04T19:46:15.124+0300: 840.219: Application time: 0.9894028 seconds
2024-10-04T19:46:15.124+0300: 840.219: [GC (Allocation Failure) [PSYoungGen: 348560K->368K(348672K)] 365568K->17392K(1048064K), 0.0005883 secs] [Times: user=0.00 sys=0.00, real=0.00 secs] 
2024-10-04T19:46:15.124+0300: 840.220: Total time for which application threads were stopped: 0.0008689 seconds, Stopping threads took: 0.0001538 seconds
2024-10-04T19:46:16.018+0300: 841.108: Application time: 0.8879586 seconds
2024-10-04T19:46:16.018+0300: 841.108: [GC (Allocation Failure) [PSYoungGen: 348528K->352K(348672K)] 365552K->17392K(1048064K), 0.0006063 secs] [Times: user=0.00 sys=0.00, real=0.00 secs] 
2024-10-04T19:46:16.018+0300: 841.109: Total time for which application threads were stopped: 0.0008926 seconds, Stopping threads took: 0.0001736 seconds
2024-10-04T19:46:16.945+0300: 842.031: Application time: 0.9223154 seconds
2024-10-04T19:46:16.945+0300: 842.031: [GC (Allocation Failure) [PSYoungGen: 348512K->368K(348672K)] 365552K->17416K(1048064K), 0.0011775 secs] [Times: user=0.00 sys=0.00, real=0.00 secs] 
2024-10-04T19:46:16.945+0300: 842.033: Total time for which application threads were stopped: 0.0015368 seconds, Stopping threads took: 0.0001773 seconds
2024-10-04T19:46:17.823+0300: 842.913: Application time: 0.8801522 seconds
2024-10-04T19:46:17.823+0300: 842.913: [GC (Allocation Failure) [PSYoungGen: 348528K->384K(348672K)] 365576K->17456K(1048064K), 0.0009100 secs] [Times: user=0.00 sys=0.00, real=0.00 secs] 
2024-10-04T19:46:17.823+0300: 842.914: Total time for which application threads were stopped: 0.0012868 seconds, Stopping threads took: 0.0002042 seconds
2024-10-04T19:46:18.702+0300: 843.793: Application time: 0.8790530 seconds
2024-10-04T19:46:18.702+0300: 843.793: [GC (Allocation Failure) [PSYoungGen: 348544K->384K(348672K)] 365616K->17472K(1048064K), 0.0005732 secs] [Times: user=0.00 sys=0.00, real=0.00 secs] 
2024-10-04T19:46:18.702+0300: 843.794: Total time for which application threads were stopped: 0.0008357 seconds, Stopping threads took: 0.0001604 seconds
2024-10-04T19:46:19.581+0300: 844.671: Application time: 0.8770191 seconds
2024-10-04T19:46:19.581+0300: 844.671: [GC (Allocation Failure) [PSYoungGen: 348544K->384K(348672K)] 365632K->17496K(1048064K), 0.0006441 secs] [Times: user=0.00 sys=0.00, real=0.00 secs] 
2024-10-04T19:46:19.581+0300: 844.672: Total time for which application threads were stopped: 0.0009391 seconds, Stopping threads took: 0.0001826 seconds
2024-10-04T19:46:20.449+0300: 845.541: Application time: 0.8692104 seconds
2024-10-04T19:46:20.449+0300: 845.541: [GC (Allocation Failure) [PSYoungGen: 348544K->400K(348672K)] 365656K->17528K(1048064K), 0.0006336 secs] [Times: user=0.00 sys=0.00, real=0.00 secs] 
2024-10-04T19:46:20.449+0300: 845.542: Total time for which application threads were stopped: 0.0009287 seconds, Stopping threads took: 0.0001959 seconds
2024-10-04T19:46:21.322+0300: 846.420: Application time: 0.8782481 seconds
2024-10-04T19:46:21.322+0300: 846.421: [GC (Allocation Failure) [PSYoungGen: 348560K->416K(348672K)] 365688K->17552K(1048064K), 0.0005729 secs] [Times: user=0.00 sys=0.00, real=0.00 secs] 
2024-10-04T19:46:21.322+0300: 846.421: Total time for which application threads were stopped: 0.0008332 seconds, Stopping threads took: 0.0001536 seconds
2024-10-04T19:46:22.201+0300: 847.300: Application time: 0.8788820 seconds
2024-10-04T19:46:22.201+0300: 847.300: [GC (Allocation Failure) [PSYoungGen: 348576K->384K(348672K)] 365712K->17544K(1048064K), 0.0006180 secs] [Times: user=0.00 sys=0.00, real=0.02 secs] 
2024-10-04T19:46:22.217+0300: 847.301: Total time for which application threads were stopped: 0.0008834 seconds, Stopping threads took: 0.0001506 seconds
2024-10-04T19:46:23.080+0300: 848.177: Application time: 0.8764491 seconds
2024-10-04T19:46:23.080+0300: 848.178: [GC (Allocation Failure) [PSYoungGen: 348544K->400K(348672K)] 365704K->17576K(1048064K), 0.0006159 secs] [Times: user=0.00 sys=0.00, real=0.00 secs] 
2024-10-04T19:46:23.080+0300: 848.178: Total time for which application threads were stopped: 0.0009178 seconds, Stopping threads took: 0.0001891 seconds
2024-10-04T19:46:23.959+0300: 849.053: Application time: 0.8744830 seconds
2024-10-04T19:46:23.959+0300: 849.053: [GC (Allocation Failure) [PSYoungGen: 348560K->368K(348672K)] 365736K->17560K(1048064K), 0.0006314 secs] [Times: user=0.00 sys=0.00, real=0.00 secs] 
2024-10-04T19:46:23.959+0300: 849.054: Total time for which application threads were stopped: 0.0009284 seconds, Stopping threads took: 0.0002036 seconds
2024-10-04T19:46:24.838+0300: 849.932: Application time: 0.8783588 seconds
2024-10-04T19:46:24.838+0300: 849.932: [GC (Allocation Failure) [PSYoungGen: 348528K->384K(348672K)] 365720K->17592K(1048064K), 0.0005596 secs] [Times: user=0.00 sys=0.00, real=0.00 secs] 
2024-10-04T19:46:24.838+0300: 849.933: Total time for which application threads were stopped: 0.0008196 seconds, Stopping threads took: 0.0001524 seconds
2024-10-04T19:46:25.716+0300: 850.806: Application time: 0.8731789 seconds
2024-10-04T19:46:25.716+0300: 850.806: [GC (Allocation Failure) [PSYoungGen: 348544K->368K(348672K)] 365752K->17592K(1048064K), 0.0005441 secs] [Times: user=0.00 sys=0.00, real=0.00 secs] 
2024-10-04T19:46:25.716+0300: 850.807: Total time for which application threads were stopped: 0.0008232 seconds, Stopping threads took: 0.0001787 seconds
2024-10-04T19:46:26.611+0300: 851.700: Application time: 0.8931922 seconds
2024-10-04T19:46:26.611+0300: 851.700: [GC (Allocation Failure) [PSYoungGen: 348528K->352K(348672K)] 365752K->17584K(1048064K), 0.0006073 secs] [Times: user=0.02 sys=0.00, real=0.00 secs] 
2024-10-04T19:46:26.611+0300: 851.701: Total time for which application threads were stopped: 0.0008406 seconds, Stopping threads took: 0.0001269 seconds
2024-10-04T19:46:27.505+0300: 852.598: Application time: 0.8971009 seconds
2024-10-04T19:46:27.505+0300: 852.598: [GC (Allocation Failure) [PSYoungGen: 348512K->352K(348672K)] 365744K->17592K(1048064K), 0.0005469 secs] [Times: user=0.00 sys=0.00, real=0.00 secs] 
2024-10-04T19:46:27.505+0300: 852.599: Total time for which application threads were stopped: 0.0008111 seconds, Stopping threads took: 0.0001672 seconds
2024-10-04T19:46:28.384+0300: 853.472: Application time: 0.8736586 seconds
2024-10-04T19:46:28.384+0300: 853.473: [GC (Allocation Failure) [PSYoungGen: 348512K->384K(348672K)] 365752K->17640K(1048064K), 0.0006324 secs] [Times: user=0.00 sys=0.00, real=0.00 secs] 
2024-10-04T19:46:28.384+0300: 853.473: Total time for which application threads were stopped: 0.0009369 seconds, Stopping threads took: 0.0001835 seconds
2024-10-04T19:46:29.264+0300: 854.356: Application time: 0.8824092 seconds
2024-10-04T19:46:29.264+0300: 854.356: [GC (Allocation Failure) [PSYoungGen: 348544K->384K(348672K)] 365800K->17664K(1048064K), 0.0005827 secs] [Times: user=0.00 sys=0.00, real=0.00 secs] 
2024-10-04T19:46:29.264+0300: 854.357: Total time for which application threads were stopped: 0.0008523 seconds, Stopping threads took: 0.0001672 seconds
2024-10-04T19:46:30.156+0300: 855.246: Application time: 0.8895202 seconds
2024-10-04T19:46:30.156+0300: 855.246: [GC (Allocation Failure) [PSYoungGen: 348544K->352K(348672K)] 365824K->17656K(1048064K), 0.0006074 secs] [Times: user=0.00 sys=0.00, real=0.00 secs] 
2024-10-04T19:46:30.156+0300: 855.247: Total time for which application threads were stopped: 0.0008542 seconds, Stopping threads took: 0.0001391 seconds
2024-10-04T19:46:31.036+0300: 856.128: Application time: 0.8813491 seconds
2024-10-04T19:46:31.036+0300: 856.129: [GC (Allocation Failure) [PSYoungGen: 348512K->352K(348672K)] 365816K->17672K(1048064K), 0.0005744 secs] [Times: user=0.00 sys=0.00, real=0.00 secs] 
2024-10-04T19:46:31.036+0300: 856.129: Total time for which application threads were stopped: 0.0008294 seconds, Stopping threads took: 0.0001478 seconds
2024-10-04T19:46:31.915+0300: 857.008: Application time: 0.8791123 seconds
2024-10-04T19:46:31.915+0300: 857.009: [GC (Allocation Failure) [PSYoungGen: 348512K->416K(348672K)] 365832K->17752K(1048064K), 0.0007566 secs] [Times: user=0.00 sys=0.00, real=0.00 secs] 
2024-10-04T19:46:31.915+0300: 857.009: Total time for which application threads were stopped: 0.0010778 seconds, Stopping threads took: 0.0001776 seconds
2024-10-04T19:46:32.793+0300: 857.887: Application time: 0.8777560 seconds
2024-10-04T19:46:32.793+0300: 857.887: [GC (Allocation Failure) [PSYoungGen: 348576K->400K(348672K)] 365912K->17744K(1048064K), 0.0006582 secs] [Times: user=0.00 sys=0.00, real=0.00 secs] 
2024-10-04T19:46:32.793+0300: 857.888: Total time for which application threads were stopped: 0.0009373 seconds, Stopping threads took: 0.0001864 seconds
2024-10-04T19:46:33.672+0300: 858.766: Application time: 0.8780858 seconds
2024-10-04T19:46:33.672+0300: 858.766: [GC (Allocation Failure) [PSYoungGen: 348560K->384K(348672K)] 365904K->17752K(1048064K), 0.0006948 secs] [Times: user=0.00 sys=0.00, real=0.00 secs] 
2024-10-04T19:46:33.672+0300: 858.767: Total time for which application threads were stopped: 0.0009513 seconds, Stopping threads took: 0.0001568 seconds
2024-10-04T19:46:34.551+0300: 859.641: Application time: 0.8741628 seconds
2024-10-04T19:46:34.551+0300: 859.642: [GC (Allocation Failure) [PSYoungGen: 348544K->416K(348672K)] 365912K->17800K(1048064K), 0.0005542 secs] [Times: user=0.00 sys=0.00, real=0.00 secs] 
2024-10-04T19:46:34.551+0300: 859.642: Total time for which application threads were stopped: 0.0008124 seconds, Stopping threads took: 0.0001482 seconds
2024-10-04T19:46:35.414+0300: 860.511: Application time: 0.8688248 seconds
2024-10-04T19:46:35.414+0300: 860.511: [GC (Allocation Failure) [PSYoungGen: 348576K->400K(348672K)] 365960K->17824K(1048064K), 0.0006074 secs] [Times: user=0.00 sys=0.00, real=0.00 secs] 
2024-10-04T19:46:35.414+0300: 860.512: Total time for which application threads were stopped: 0.0008743 seconds, Stopping threads took: 0.0001648 seconds
2024-10-04T19:46:36.293+0300: 861.391: Application time: 0.8793975 seconds
2024-10-04T19:46:36.293+0300: 861.392: [GC (Allocation Failure) [PSYoungGen: 348560K->384K(348672K)] 365984K->17832K(1048064K), 0.0006098 secs] [Times: user=0.00 sys=0.00, real=0.02 secs] 
2024-10-04T19:46:36.308+0300: 861.392: Total time for which application threads were stopped: 0.0008847 seconds, Stopping threads took: 0.0001744 seconds
2024-10-04T19:46:37.179+0300: 862.269: Application time: 0.8771157 seconds
2024-10-04T19:46:37.179+0300: 862.270: [GC (Allocation Failure) [PSYoungGen: 348544K->400K(348672K)] 365992K->17856K(1048064K), 0.0006530 secs] [Times: user=0.00 sys=0.00, real=0.00 secs] 
2024-10-04T19:46:37.179+0300: 862.270: Total time for which application threads were stopped: 0.0009409 seconds, Stopping threads took: 0.0001861 seconds
2024-10-04T19:46:38.049+0300: 863.147: Application time: 0.8766041 seconds
2024-10-04T19:46:38.049+0300: 863.147: [GC (Allocation Failure) [PSYoungGen: 348560K->352K(348672K)] 366016K->17848K(1048064K), 0.0005691 secs] [Times: user=0.00 sys=0.00, real=0.00 secs] 
2024-10-04T19:46:38.049+0300: 863.148: Total time for which application threads were stopped: 0.0008755 seconds, Stopping threads took: 0.0002163 seconds
2024-10-04T19:46:38.928+0300: 864.024: Application time: 0.8762160 seconds
2024-10-04T19:46:38.928+0300: 864.024: [GC (Allocation Failure) [PSYoungGen: 348512K->416K(348672K)] 366008K->17928K(1048064K), 0.0005837 secs] [Times: user=0.00 sys=0.00, real=0.00 secs] 
2024-10-04T19:46:38.928+0300: 864.025: Total time for which application threads were stopped: 0.0009067 seconds, Stopping threads took: 0.0002188 seconds
2024-10-04T19:46:39.807+0300: 864.900: Application time: 0.8753553 seconds
2024-10-04T19:46:39.807+0300: 864.900: [GC (Allocation Failure) [PSYoungGen: 348576K->400K(348672K)] 366088K->17944K(1048064K), 0.0006282 secs] [Times: user=0.00 sys=0.00, real=0.00 secs] 
2024-10-04T19:46:39.807+0300: 864.901: Total time for which application threads were stopped: 0.0009338 seconds, Stopping threads took: 0.0001852 seconds
2024-10-04T19:46:40.685+0300: 865.781: Application time: 0.8800647 seconds
2024-10-04T19:46:40.685+0300: 865.781: [GC (Allocation Failure) [PSYoungGen: 348560K->416K(348672K)] 366104K->17976K(1048064K), 0.0005857 secs] [Times: user=0.00 sys=0.00, real=0.00 secs] 
2024-10-04T19:46:40.685+0300: 865.782: Total time for which application threads were stopped: 0.0008402 seconds, Stopping threads took: 0.0001641 seconds
2024-10-04T19:46:41.563+0300: 866.659: Application time: 0.8765430 seconds
2024-10-04T19:46:41.563+0300: 866.659: [GC (Allocation Failure) [PSYoungGen: 348576K->352K(348672K)] 366136K->17928K(1048064K), 0.0005955 secs] [Times: user=0.00 sys=0.00, real=0.00 secs] 
2024-10-04T19:46:41.563+0300: 866.659: Total time for which application threads were stopped: 0.0008457 seconds, Stopping threads took: 0.0001264 seconds
2024-10-04T19:46:42.442+0300: 867.530: Application time: 0.8709820 seconds
2024-10-04T19:46:42.442+0300: 867.531: [GC (Allocation Failure) [PSYoungGen: 348512K->368K(348672K)] 366088K->17984K(1048064K), 0.0006601 secs] [Times: user=0.00 sys=0.00, real=0.00 secs] 
2024-10-04T19:46:42.442+0300: 867.531: Total time for which application threads were stopped: 0.0009288 seconds, Stopping threads took: 0.0001544 seconds
2024-10-04T19:46:43.321+0300: 868.408: Application time: 0.8761891 seconds
2024-10-04T19:46:43.321+0300: 868.408: [GC (Allocation Failure) [PSYoungGen: 348528K->368K(348672K)] 366144K->18008K(1048064K), 0.0005728 secs] [Times: user=0.00 sys=0.00, real=0.00 secs] 
2024-10-04T19:46:43.321+0300: 868.408: Total time for which application threads were stopped: 0.0008248 seconds, Stopping threads took: 0.0001404 seconds
2024-10-04T19:46:44.200+0300: 869.284: Application time: 0.8757868 seconds
2024-10-04T19:46:44.200+0300: 869.284: [GC (Allocation Failure) [PSYoungGen: 348528K->384K(348672K)] 366168K->18040K(1048064K), 0.0006874 secs] [Times: user=0.00 sys=0.00, real=0.00 secs] 
2024-10-04T19:46:44.200+0300: 869.285: Total time for which application threads were stopped: 0.0009242 seconds, Stopping threads took: 0.0001239 seconds
2024-10-04T19:46:45.078+0300: 870.164: Application time: 0.8789804 seconds
2024-10-04T19:46:45.078+0300: 870.164: [GC (Allocation Failure) [PSYoungGen: 348544K->368K(348672K)] 366200K->18040K(1048064K), 0.0030382 secs] [Times: user=0.00 sys=0.00, real=0.00 secs] 
2024-10-04T19:46:45.078+0300: 870.167: Total time for which application threads were stopped: 0.0033941 seconds, Stopping threads took: 0.0001496 seconds
2024-10-04T19:46:45.957+0300: 871.045: Application time: 0.8774899 seconds
2024-10-04T19:46:45.957+0300: 871.045: [GC (Allocation Failure) [PSYoungGen: 348528K->352K(348672K)] 366200K->18040K(1048064K), 0.0005970 secs] [Times: user=0.00 sys=0.00, real=0.00 secs] 
2024-10-04T19:46:45.957+0300: 871.046: Total time for which application threads were stopped: 0.0008673 seconds, Stopping threads took: 0.0001680 seconds
2024-10-04T19:46:46.820+0300: 871.919: Application time: 0.8729578 seconds
2024-10-04T19:46:46.835+0300: 871.919: [GC (Allocation Failure) [PSYoungGen: 348512K->384K(348672K)] 366200K->18088K(1048064K), 0.0006668 secs] [Times: user=0.00 sys=0.00, real=0.00 secs] 
2024-10-04T19:46:46.835+0300: 871.920: Total time for which application threads were stopped: 0.0009643 seconds, Stopping threads took: 0.0001633 seconds
2024-10-04T19:46:47.699+0300: 872.795: Application time: 0.8752422 seconds
2024-10-04T19:46:47.699+0300: 872.795: [GC (Allocation Failure) [PSYoungGen: 348544K->384K(348672K)] 366248K->18104K(1048064K), 0.0006138 secs] [Times: user=0.00 sys=0.00, real=0.00 secs] 
2024-10-04T19:46:47.699+0300: 872.796: Total time for which application threads were stopped: 0.0009433 seconds, Stopping threads took: 0.0002060 seconds
2024-10-04T19:46:48.577+0300: 873.671: Application time: 0.8752512 seconds
2024-10-04T19:46:48.577+0300: 873.671: [GC (Allocation Failure) [PSYoungGen: 348544K->336K(348672K)] 366264K->18080K(1048064K), 0.0005993 secs] [Times: user=0.00 sys=0.00, real=0.00 secs] 
2024-10-04T19:46:48.577+0300: 873.672: Total time for which application threads were stopped: 0.0009152 seconds, Stopping threads took: 0.0001938 seconds
2024-10-04T19:46:49.455+0300: 874.544: Application time: 0.8718432 seconds
2024-10-04T19:46:49.455+0300: 874.544: [GC (Allocation Failure) [PSYoungGen: 348496K->352K(348672K)] 366240K->18112K(1048064K), 0.0006456 secs] [Times: user=0.00 sys=0.00, real=0.00 secs] 
2024-10-04T19:46:49.455+0300: 874.545: Total time for which application threads were stopped: 0.0009368 seconds, Stopping threads took: 0.0001724 seconds
2024-10-04T19:46:50.334+0300: 875.420: Application time: 0.8748484 seconds
2024-10-04T19:46:50.334+0300: 875.420: [GC (Allocation Failure) [PSYoungGen: 348512K->384K(348672K)] 366272K->18168K(1048064K), 0.0006282 secs] [Times: user=0.00 sys=0.00, real=0.00 secs] 
2024-10-04T19:46:50.334+0300: 875.421: Total time for which application threads were stopped: 0.0008919 seconds, Stopping threads took: 0.0001550 seconds
2024-10-04T19:46:51.213+0300: 876.298: Application time: 0.8775773 seconds
2024-10-04T19:46:51.213+0300: 876.298: [GC (Allocation Failure) [PSYoungGen: 348544K->384K(348672K)] 366328K->18200K(1048064K), 0.0006310 secs] [Times: user=0.00 sys=0.00, real=0.00 secs] 
2024-10-04T19:46:51.213+0300: 876.299: Total time for which application threads were stopped: 0.0008903 seconds, Stopping threads took: 0.0001530 seconds
2024-10-04T19:46:52.075+0300: 877.172: Application time: 0.8728908 seconds
2024-10-04T19:46:52.075+0300: 877.172: [GC (Allocation Failure) [PSYoungGen: 348544K->368K(348672K)] 366360K->18200K(1048064K), 0.0006186 secs] [Times: user=0.00 sys=0.00, real=0.00 secs] 
2024-10-04T19:46:52.075+0300: 877.173: Total time for which application threads were stopped: 0.0008852 seconds, Stopping threads took: 0.0001680 seconds
2024-10-04T19:46:52.953+0300: 878.050: Application time: 0.8770057 seconds
2024-10-04T19:46:52.953+0300: 878.050: [GC (Allocation Failure) [PSYoungGen: 348528K->384K(348672K)] 366360K->18240K(1048064K), 0.0006640 secs] [Times: user=0.00 sys=0.00, real=0.00 secs] 
2024-10-04T19:46:52.953+0300: 878.051: Total time for which application threads were stopped: 0.0009869 seconds, Stopping threads took: 0.0002211 seconds
2024-10-04T19:46:53.832+0300: 878.931: Application time: 0.8799403 seconds
2024-10-04T19:46:53.832+0300: 878.931: [GC (Allocation Failure) [PSYoungGen: 348544K->400K(348672K)] 366400K->18272K(1048064K), 0.0006528 secs] [Times: user=0.00 sys=0.00, real=0.01 secs] 
2024-10-04T19:46:53.847+0300: 878.932: Total time for which application threads were stopped: 0.0009716 seconds, Stopping threads took: 0.0001899 seconds
2024-10-04T19:46:54.711+0300: 879.808: Application time: 0.8761121 seconds
2024-10-04T19:46:54.711+0300: 879.808: [GC (Allocation Failure) [PSYoungGen: 348560K->384K(348672K)] 366432K->18272K(1048064K), 0.0006078 secs] [Times: user=0.00 sys=0.00, real=0.00 secs] 
2024-10-04T19:46:54.711+0300: 879.809: Total time for which application threads were stopped: 0.0009091 seconds, Stopping threads took: 0.0001945 seconds
2024-10-04T19:46:55.588+0300: 880.683: Application time: 0.8739449 seconds
2024-10-04T19:46:55.588+0300: 880.683: [GC (Allocation Failure) [PSYoungGen: 348544K->384K(348672K)] 366432K->18280K(1048064K), 0.0005604 secs] [Times: user=0.00 sys=0.00, real=0.00 secs] 
2024-10-04T19:46:55.588+0300: 880.684: Total time for which application threads were stopped: 0.0008263 seconds, Stopping threads took: 0.0001533 seconds
2024-10-04T19:46:56.467+0300: 881.556: Application time: 0.8727278 seconds
2024-10-04T19:46:56.467+0300: 881.557: [GC (Allocation Failure) [PSYoungGen: 348544K->416K(348672K)] 366440K->18336K(1048064K), 0.0006412 secs] [Times: user=0.00 sys=0.00, real=0.00 secs] 
2024-10-04T19:46:56.467+0300: 881.557: Total time for which application threads were stopped: 0.0009870 seconds, Stopping threads took: 0.0002143 seconds
2024-10-04T19:46:57.345+0300: 882.431: Application time: 0.8733339 seconds
2024-10-04T19:46:57.345+0300: 882.431: [GC (Allocation Failure) [PSYoungGen: 348576K->384K(348672K)] 366496K->18320K(1048064K), 0.0011350 secs] [Times: user=0.00 sys=0.00, real=0.00 secs] 
2024-10-04T19:46:57.345+0300: 882.432: Total time for which application threads were stopped: 0.0013756 seconds, Stopping threads took: 0.0001322 seconds
2024-10-04T19:46:58.224+0300: 883.310: Application time: 0.8783664 seconds
2024-10-04T19:46:58.224+0300: 883.311: [GC (Allocation Failure) [PSYoungGen: 348544K->368K(348672K)] 366480K->18320K(1048064K), 0.0006489 secs] [Times: user=0.00 sys=0.00, real=0.00 secs] 
2024-10-04T19:46:58.224+0300: 883.311: Total time for which application threads were stopped: 0.0008023 seconds, Stopping threads took: 0.0000561 seconds
2024-10-04T19:46:59.102+0300: 884.188: Application time: 0.8763669 seconds
2024-10-04T19:46:59.102+0300: 884.188: [GC (Allocation Failure) [PSYoungGen: 348528K->400K(348672K)] 366480K->18368K(1048064K), 0.0006261 secs] [Times: user=0.00 sys=0.00, real=0.00 secs] 
2024-10-04T19:46:59.102+0300: 884.188: Total time for which application threads were stopped: 0.0008816 seconds, Stopping threads took: 0.0001050 seconds
2024-10-04T19:46:59.965+0300: 885.064: Application time: 0.8758555 seconds
2024-10-04T19:46:59.965+0300: 885.065: [GC (Allocation Failure) [PSYoungGen: 348560K->352K(348672K)] 366528K->18344K(1048064K), 0.0006117 secs] [Times: user=0.00 sys=0.00, real=0.02 secs] 
2024-10-04T19:46:59.981+0300: 885.065: Total time for which application threads were stopped: 0.0009111 seconds, Stopping threads took: 0.0001812 seconds
2024-10-04T19:47:00.860+0300: 885.953: Application time: 0.8881666 seconds
2024-10-04T19:47:00.860+0300: 885.954: [GC (Allocation Failure) [PSYoungGen: 348512K->384K(348672K)] 366504K->18392K(1048064K), 0.0006287 secs] [Times: user=0.00 sys=0.00, real=0.00 secs] 
2024-10-04T19:47:00.860+0300: 885.954: Total time for which application threads were stopped: 0.0008998 seconds, Stopping threads took: 0.0001685 seconds
2024-10-04T19:47:01.739+0300: 886.836: Application time: 0.8819273 seconds
2024-10-04T19:47:01.739+0300: 886.836: [GC (Allocation Failure) [PSYoungGen: 348544K->368K(348672K)] 366552K->18400K(1048064K), 0.0006500 secs] [Times: user=0.00 sys=0.00, real=0.00 secs] 
2024-10-04T19:47:01.739+0300: 886.837: Total time for which application threads were stopped: 0.0009123 seconds, Stopping threads took: 0.0001656 seconds
2024-10-04T19:47:02.626+0300: 887.715: Application time: 0.8776640 seconds
2024-10-04T19:47:02.626+0300: 887.715: [GC (Allocation Failure) [PSYoungGen: 348528K->384K(348672K)] 366560K->18432K(1048064K), 0.0006809 secs] [Times: user=0.00 sys=0.00, real=0.00 secs] 
2024-10-04T19:47:02.626+0300: 887.716: Total time for which application threads were stopped: 0.0010291 seconds, Stopping threads took: 0.0002141 seconds
2024-10-04T19:47:03.496+0300: 888.593: Application time: 0.8774118 seconds
2024-10-04T19:47:03.496+0300: 888.593: [GC (Allocation Failure) [PSYoungGen: 348544K->400K(348672K)] 366592K->18464K(1048064K), 0.0005667 secs] [Times: user=0.00 sys=0.00, real=0.00 secs] 
2024-10-04T19:47:03.496+0300: 888.594: Total time for which application threads were stopped: 0.0008141 seconds, Stopping threads took: 0.0001348 seconds
2024-10-04T19:47:04.374+0300: 889.466: Application time: 0.8717481 seconds
2024-10-04T19:47:04.374+0300: 889.466: [GC (Allocation Failure) [PSYoungGen: 348560K->384K(348672K)] 366624K->18464K(1048064K), 0.0006133 secs] [Times: user=0.00 sys=0.00, real=0.00 secs] 
2024-10-04T19:47:04.374+0300: 889.467: Total time for which application threads were stopped: 0.0008821 seconds, Stopping threads took: 0.0001724 seconds
2024-10-04T19:47:05.261+0300: 890.345: Application time: 0.8784520 seconds
2024-10-04T19:47:05.261+0300: 890.345: [GC (Allocation Failure) [PSYoungGen: 348544K->416K(348672K)] 366624K->18512K(1048064K), 0.0005935 secs] [Times: user=0.00 sys=0.00, real=0.00 secs] 
2024-10-04T19:47:05.262+0300: 890.346: Total time for which application threads were stopped: 0.0008855 seconds, Stopping threads took: 0.0001710 seconds
2024-10-04T19:47:06.133+0300: 891.224: Application time: 0.8780126 seconds
2024-10-04T19:47:06.133+0300: 891.224: [GC (Allocation Failure) [PSYoungGen: 348576K->352K(348672K)] 366672K->18472K(1048064K), 0.0005516 secs] [Times: user=0.00 sys=0.00, real=0.00 secs] 
2024-10-04T19:47:06.133+0300: 891.225: Total time for which application threads were stopped: 0.0008115 seconds, Stopping threads took: 0.0001538 seconds
2024-10-04T19:47:07.009+0300: 892.100: Application time: 0.8751588 seconds
2024-10-04T19:47:07.009+0300: 892.100: [GC (Allocation Failure) [PSYoungGen: 348512K->400K(348672K)] 366632K->18536K(1048064K), 0.0006640 secs] [Times: user=0.00 sys=0.00, real=0.00 secs] 
2024-10-04T19:47:07.009+0300: 892.101: Total time for which application threads were stopped: 0.0010086 seconds, Stopping threads took: 0.0002118 seconds
2024-10-04T19:47:07.888+0300: 892.980: Application time: 0.8791977 seconds
2024-10-04T19:47:07.888+0300: 892.980: [GC (Allocation Failure) [PSYoungGen: 348560K->368K(348672K)] 366696K->18544K(1048064K), 0.0006153 secs] [Times: user=0.00 sys=0.00, real=0.00 secs] 
2024-10-04T19:47:07.888+0300: 892.981: Total time for which application threads were stopped: 0.0008882 seconds, Stopping threads took: 0.0001767 seconds
2024-10-04T19:47:08.767+0300: 893.863: Application time: 0.8817065 seconds
2024-10-04T19:47:08.767+0300: 893.863: [GC (Allocation Failure) [PSYoungGen: 348528K->352K(348672K)] 366704K->18568K(1048064K), 0.0006402 secs] [Times: user=0.00 sys=0.00, real=0.00 secs] 
2024-10-04T19:47:08.767+0300: 893.864: Total time for which application threads were stopped: 0.0009373 seconds, Stopping threads took: 0.0001785 seconds
2024-10-04T19:47:09.645+0300: 894.742: Application time: 0.8782927 seconds
2024-10-04T19:47:09.645+0300: 894.742: [GC (Allocation Failure) [PSYoungGen: 348512K->384K(348672K)] 366728K->18616K(1048064K), 0.0007454 secs] [Times: user=0.00 sys=0.00, real=0.00 secs] 
2024-10-04T19:47:09.645+0300: 894.743: Total time for which application threads were stopped: 0.0010613 seconds, Stopping threads took: 0.0001898 seconds
2024-10-04T19:47:10.522+0300: 895.621: Application time: 0.8782313 seconds
2024-10-04T19:47:10.522+0300: 895.622: [GC (Allocation Failure) [PSYoungGen: 348544K->352K(348672K)] 366776K->18624K(1048064K), 0.0005858 secs] [Times: user=0.01 sys=0.00, real=0.02 secs] 
2024-10-04T19:47:10.538+0300: 895.622: Total time for which application threads were stopped: 0.0008492 seconds, Stopping threads took: 0.0001494 seconds
2024-10-04T19:47:11.400+0300: 896.494: Application time: 0.8715004 seconds
2024-10-04T19:47:11.400+0300: 896.494: [GC (Allocation Failure) [PSYoungGen: 348512K->368K(348672K)] 366784K->18656K(1048064K), 0.0006541 secs] [Times: user=0.00 sys=0.00, real=0.00 secs] 
2024-10-04T19:47:11.400+0300: 896.495: Total time for which application threads were stopped: 0.0009630 seconds, Stopping threads took: 0.0002060 seconds
2024-10-04T19:47:12.279+0300: 897.370: Application time: 0.8752834 seconds
2024-10-04T19:47:12.279+0300: 897.370: [GC (Allocation Failure) [PSYoungGen: 348528K->400K(348672K)] 366816K->18704K(1048064K), 0.0005974 secs] [Times: user=0.00 sys=0.00, real=0.00 secs] 
2024-10-04T19:47:12.279+0300: 897.371: Total time for which application threads were stopped: 0.0008793 seconds, Stopping threads took: 0.0001868 seconds
2024-10-04T19:47:13.158+0300: 898.248: Application time: 0.8770245 seconds
2024-10-04T19:47:13.158+0300: 898.248: [GC (Allocation Failure) [PSYoungGen: 348560K->352K(348672K)] 366864K->18696K(1048064K), 0.0005774 secs] [Times: user=0.00 sys=0.00, real=0.00 secs] 
2024-10-04T19:47:13.158+0300: 898.249: Total time for which application threads were stopped: 0.0008174 seconds, Stopping threads took: 0.0001448 seconds
2024-10-04T19:47:14.036+0300: 899.127: Application time: 0.8778841 seconds
2024-10-04T19:47:14.036+0300: 899.127: [GC (Allocation Failure) [PSYoungGen: 348512K->352K(348672K)] 366856K->18712K(1048064K), 0.0005617 secs] [Times: user=0.00 sys=0.00, real=0.00 secs] 
2024-10-04T19:47:14.036+0300: 899.127: Total time for which application threads were stopped: 0.0007954 seconds, Stopping threads took: 0.0001432 seconds
2024-10-04T19:47:14.914+0300: 900.002: Application time: 0.8748824 seconds
2024-10-04T19:47:14.914+0300: 900.002: [GC (Allocation Failure) [PSYoungGen: 348512K->384K(348672K)] 366872K->18752K(1048064K), 0.0006440 secs] [Times: user=0.00 sys=0.00, real=0.00 secs] 
2024-10-04T19:47:14.914+0300: 900.003: Total time for which application threads were stopped: 0.0008940 seconds, Stopping threads took: 0.0001445 seconds
2024-10-04T19:47:15.794+0300: 900.887: Application time: 0.8836510 seconds
2024-10-04T19:47:15.794+0300: 900.887: [GC (Allocation Failure) [PSYoungGen: 348544K->336K(348672K)] 366912K->18720K(1048064K), 0.0005855 secs] [Times: user=0.00 sys=0.00, real=0.00 secs] 
2024-10-04T19:47:15.794+0300: 900.888: Total time for which application threads were stopped: 0.0008416 seconds, Stopping threads took: 0.0001664 seconds
2024-10-04T19:47:16.672+0300: 901.768: Application time: 0.8798948 seconds
2024-10-04T19:47:16.672+0300: 901.768: [GC (Allocation Failure) [PSYoungGen: 348496K->352K(348672K)] 366880K->18752K(1048064K), 0.0006099 secs] [Times: user=0.00 sys=0.00, real=0.00 secs] 
2024-10-04T19:47:16.672+0300: 901.768: Total time for which application threads were stopped: 0.0008864 seconds, Stopping threads took: 0.0001855 seconds
2024-10-04T19:47:17.555+0300: 902.644: Application time: 0.8752400 seconds
2024-10-04T19:47:17.555+0300: 902.644: [GC (Allocation Failure) [PSYoungGen: 348512K->368K(348672K)] 366912K->18776K(1048064K), 0.0005776 secs] [Times: user=0.00 sys=0.00, real=0.00 secs] 
2024-10-04T19:47:17.555+0300: 902.645: Total time for which application threads were stopped: 0.0008416 seconds, Stopping threads took: 0.0001539 seconds
2024-10-04T19:47:18.428+0300: 903.516: Application time: 0.8718625 seconds
2024-10-04T19:47:18.428+0300: 903.517: [GC (Allocation Failure) [PSYoungGen: 348528K->368K(348672K)] 366936K->18784K(1048064K), 0.0006926 secs] [Times: user=0.00 sys=0.00, real=0.00 secs] 
2024-10-04T19:47:18.428+0300: 903.517: Total time for which application threads were stopped: 0.0009729 seconds, Stopping threads took: 0.0001514 seconds
2024-10-04T19:47:19.307+0300: 904.396: Application time: 0.8791387 seconds
2024-10-04T19:47:19.307+0300: 904.397: [GC (Allocation Failure) [PSYoungGen: 348528K->368K(348672K)] 366944K->18800K(1048064K), 0.0006356 secs] [Times: user=0.00 sys=0.00, real=0.00 secs] 
2024-10-04T19:47:19.307+0300: 904.397: Total time for which application threads were stopped: 0.0009301 seconds, Stopping threads took: 0.0001857 seconds
2024-10-04T19:47:20.186+0300: 905.277: Application time: 0.8791064 seconds
2024-10-04T19:47:20.186+0300: 905.277: [GC (Allocation Failure) [PSYoungGen: 348528K->368K(348672K)] 366960K->18840K(1048064K), 0.0005950 secs] [Times: user=0.00 sys=0.00, real=0.00 secs] 
2024-10-04T19:47:20.186+0300: 905.277: Total time for which application threads were stopped: 0.0008661 seconds, Stopping threads took: 0.0001727 seconds
2024-10-04T19:47:21.064+0300: 906.153: Application time: 0.8757729 seconds
2024-10-04T19:47:21.064+0300: 906.153: [GC (Allocation Failure) [PSYoungGen: 348528K->400K(348672K)] 367000K->18888K(1048064K), 0.0005974 secs] [Times: user=0.00 sys=0.00, real=0.00 secs] 
2024-10-04T19:47:21.064+0300: 906.154: Total time for which application threads were stopped: 0.0008763 seconds, Stopping threads took: 0.0001802 seconds
2024-10-04T19:47:21.943+0300: 907.032: Application time: 0.8779575 seconds
2024-10-04T19:47:21.943+0300: 907.032: [GC (Allocation Failure) [PSYoungGen: 348560K->400K(348672K)] 367048K->18912K(1048064K), 0.0006922 secs] [Times: user=0.00 sys=0.00, real=0.00 secs] 
2024-10-04T19:47:21.943+0300: 907.033: Total time for which application threads were stopped: 0.0009416 seconds, Stopping threads took: 0.0001521 seconds
2024-10-04T19:47:22.822+0300: 907.910: Application time: 0.8768692 seconds
2024-10-04T19:47:22.822+0300: 907.910: [GC (Allocation Failure) [PSYoungGen: 348560K->400K(348672K)] 367072K->18936K(1048064K), 0.0005572 secs] [Times: user=0.00 sys=0.00, real=0.00 secs] 
2024-10-04T19:47:22.822+0300: 907.911: Total time for which application threads were stopped: 0.0008248 seconds, Stopping threads took: 0.0001367 seconds
2024-10-04T19:47:23.700+0300: 908.790: Application time: 0.8791060 seconds
2024-10-04T19:47:23.700+0300: 908.790: [GC (Allocation Failure) [PSYoungGen: 348560K->352K(348672K)] 367096K->18904K(1048064K), 0.0006353 secs] [Times: user=0.00 sys=0.00, real=0.00 secs] 
2024-10-04T19:47:23.700+0300: 908.791: Total time for which application threads were stopped: 0.0009304 seconds, Stopping threads took: 0.0001371 seconds
2024-10-04T19:47:24.579+0300: 909.671: Application time: 0.8807877 seconds
2024-10-04T19:47:24.579+0300: 909.672: [GC (Allocation Failure) [PSYoungGen: 348512K->384K(348672K)] 367064K->18952K(1048064K), 0.0005825 secs] [Times: user=0.00 sys=0.00, real=0.00 secs] 
2024-10-04T19:47:24.579+0300: 909.672: Total time for which application threads were stopped: 0.0008143 seconds, Stopping threads took: 0.0001138 seconds
2024-10-04T19:47:25.456+0300: 910.545: Application time: 0.8722445 seconds
2024-10-04T19:47:25.456+0300: 910.545: [GC (Allocation Failure) [PSYoungGen: 348544K->416K(348672K)] 367112K->19008K(1048064K), 0.0006533 secs] [Times: user=0.00 sys=0.00, real=0.00 secs] 
2024-10-04T19:47:25.456+0300: 910.545: Total time for which application threads were stopped: 0.0009178 seconds, Stopping threads took: 0.0001617 seconds
2024-10-04T19:47:26.335+0300: 911.426: Application time: 0.8803138 seconds
2024-10-04T19:47:26.335+0300: 911.426: [GC (Allocation Failure) [PSYoungGen: 348576K->384K(348672K)] 367168K->19016K(1048064K), 0.0006437 secs] [Times: user=0.00 sys=0.00, real=0.00 secs] 
2024-10-04T19:47:26.335+0300: 911.427: Total time for which application threads were stopped: 0.0008915 seconds, Stopping threads took: 0.0001521 seconds
2024-10-04T19:47:27.214+0300: 912.304: Application time: 0.8772895 seconds
2024-10-04T19:47:27.214+0300: 912.304: [GC (Allocation Failure) [PSYoungGen: 348544K->400K(348672K)] 367176K->19048K(1048064K), 0.0006177 secs] [Times: user=0.00 sys=0.00, real=0.00 secs] 
2024-10-04T19:47:27.214+0300: 912.305: Total time for which application threads were stopped: 0.0008914 seconds, Stopping threads took: 0.0001714 seconds
2024-10-04T19:47:28.093+0300: 913.184: Application time: 0.8788669 seconds
2024-10-04T19:47:28.093+0300: 913.184: [GC (Allocation Failure) [PSYoungGen: 348560K->368K(348672K)] 367208K->19032K(1048064K), 0.0006639 secs] [Times: user=0.00 sys=0.00, real=0.00 secs] 
2024-10-04T19:47:28.093+0300: 913.185: Total time for which application threads were stopped: 0.0009249 seconds, Stopping threads took: 0.0001634 seconds
2024-10-04T19:47:28.976+0300: 914.063: Application time: 0.8779983 seconds
2024-10-04T19:47:28.976+0300: 914.063: [GC (Allocation Failure) [PSYoungGen: 348528K->368K(348672K)] 367192K->19056K(1048064K), 0.0006258 secs] [Times: user=0.00 sys=0.00, real=0.00 secs] 
2024-10-04T19:47:28.976+0300: 914.064: Total time for which application threads were stopped: 0.0009048 seconds, Stopping threads took: 0.0001597 seconds
2024-10-04T19:47:29.850+0300: 914.939: Application time: 0.8758572 seconds
2024-10-04T19:47:29.850+0300: 914.940: [GC (Allocation Failure) [PSYoungGen: 348528K->400K(348672K)] 367216K->19104K(1048064K), 0.0006082 secs] [Times: user=0.00 sys=0.00, real=0.00 secs] 
2024-10-04T19:47:29.850+0300: 914.940: Total time for which application threads were stopped: 0.0009007 seconds, Stopping threads took: 0.0001734 seconds
2024-10-04T19:47:30.729+0300: 915.818: Application time: 0.8774159 seconds
2024-10-04T19:47:30.729+0300: 915.818: [GC (Allocation Failure) [PSYoungGen: 348560K->352K(348672K)] 367264K->19080K(1048064K), 0.0005965 secs] [Times: user=0.00 sys=0.00, real=0.00 secs] 
2024-10-04T19:47:30.729+0300: 915.819: Total time for which application threads were stopped: 0.0008587 seconds, Stopping threads took: 0.0001607 seconds
2024-10-04T19:47:31.607+0300: 916.696: Application time: 0.8776701 seconds
2024-10-04T19:47:31.607+0300: 916.696: [GC (Allocation Failure) [PSYoungGen: 348512K->384K(348672K)] 367240K->19128K(1048064K), 0.0006084 secs] [Times: user=0.00 sys=0.00, real=0.00 secs] 
2024-10-04T19:47:31.607+0300: 916.697: Total time for which application threads were stopped: 0.0008642 seconds, Stopping threads took: 0.0001409 seconds
2024-10-04T19:47:32.501+0300: 917.589: Application time: 0.8921628 seconds
2024-10-04T19:47:32.501+0300: 917.590: [GC (Allocation Failure) [PSYoungGen: 348544K->384K(348672K)] 367288K->19136K(1048064K), 0.0005955 secs] [Times: user=0.00 sys=0.00, real=0.00 secs] 
2024-10-04T19:47:32.501+0300: 917.590: Total time for which application threads were stopped: 0.0008461 seconds, Stopping threads took: 0.0001335 seconds
2024-10-04T19:47:33.383+0300: 918.479: Application time: 0.8891512 seconds
2024-10-04T19:47:33.383+0300: 918.480: [GC (Allocation Failure) [PSYoungGen: 348544K->352K(348672K)] 367296K->19144K(1048064K), 0.0006421 secs] [Times: user=0.00 sys=0.00, real=0.01 secs] 
2024-10-04T19:47:33.396+0300: 918.480: Total time for which application threads were stopped: 0.0009733 seconds, Stopping threads took: 0.0002182 seconds
2024-10-04T19:47:34.274+0300: 919.360: Application time: 0.8800990 seconds
2024-10-04T19:47:34.274+0300: 919.361: [GC (Allocation Failure) [PSYoungGen: 348512K->368K(348672K)] 367304K->19176K(1048064K), 0.0028294 secs] [Times: user=0.00 sys=0.00, real=0.00 secs] 
2024-10-04T19:47:34.274+0300: 919.363: Total time for which application threads were stopped: 0.0030790 seconds, Stopping threads took: 0.0001207 seconds
2024-10-04T19:47:35.168+0300: 920.252: Application time: 0.8889020 seconds
2024-10-04T19:47:35.168+0300: 920.253: [GC (Allocation Failure) [PSYoungGen: 348528K->400K(348672K)] 367336K->19216K(1048064K), 0.0007125 secs] [Times: user=0.00 sys=0.00, real=0.00 secs] 
2024-10-04T19:47:35.168+0300: 920.253: Total time for which application threads were stopped: 0.0009110 seconds, Stopping threads took: 0.0000945 seconds
2024-10-04T19:47:36.047+0300: 921.138: Application time: 0.8846255 seconds
2024-10-04T19:47:36.047+0300: 921.138: [GC (Allocation Failure) [PSYoungGen: 348560K->352K(348672K)] 367376K->19184K(1048064K), 0.0006914 secs] [Times: user=0.00 sys=0.00, real=0.00 secs] 
2024-10-04T19:47:36.047+0300: 921.139: Total time for which application threads were stopped: 0.0008833 seconds, Stopping threads took: 0.0000984 seconds
2024-10-04T19:47:36.926+0300: 922.022: Application time: 0.8829053 seconds
2024-10-04T19:47:36.926+0300: 922.022: [GC (Allocation Failure) [PSYoungGen: 348512K->368K(348672K)] 367344K->19216K(1048064K), 0.0006062 secs] [Times: user=0.03 sys=0.00, real=0.00 secs] 
2024-10-04T19:47:36.926+0300: 922.023: Total time for which application threads were stopped: 0.0008616 seconds, Stopping threads took: 0.0001151 seconds
2024-10-04T19:47:37.805+0300: 922.896: Application time: 0.8737194 seconds
2024-10-04T19:47:37.805+0300: 922.897: [GC (Allocation Failure) [PSYoungGen: 348528K->368K(348672K)] 367376K->19232K(1048064K), 0.0005862 secs] [Times: user=0.00 sys=0.00, real=0.00 secs] 
2024-10-04T19:47:37.805+0300: 922.897: Total time for which application threads were stopped: 0.0008304 seconds, Stopping threads took: 0.0001492 seconds
2024-10-04T19:47:38.693+0300: 923.777: Application time: 0.8802098 seconds
2024-10-04T19:47:38.693+0300: 923.778: [GC (Allocation Failure) [PSYoungGen: 348528K->400K(348672K)] 367392K->19272K(1048064K), 0.0006159 secs] [Times: user=0.00 sys=0.00, real=0.00 secs] 
2024-10-04T19:47:38.693+0300: 923.778: Total time for which application threads were stopped: 0.0008488 seconds, Stopping threads took: 0.0001316 seconds
2024-10-04T19:47:39.562+0300: 924.655: Application time: 0.8770321 seconds
2024-10-04T19:47:39.562+0300: 924.655: [GC (Allocation Failure) [PSYoungGen: 348560K->384K(348672K)] 367432K->19272K(1048064K), 0.0006120 secs] [Times: user=0.00 sys=0.00, real=0.00 secs] 
2024-10-04T19:47:39.562+0300: 924.656: Total time for which application threads were stopped: 0.0008807 seconds, Stopping threads took: 0.0001738 seconds
2024-10-04T19:47:40.441+0300: 925.530: Application time: 0.8741628 seconds
2024-10-04T19:47:40.441+0300: 925.531: [GC (Allocation Failure) [PSYoungGen: 348544K->352K(348672K)] 367432K->19264K(1048064K), 0.0006330 secs] [Times: user=0.00 sys=0.00, real=0.00 secs] 
2024-10-04T19:47:40.441+0300: 925.531: Total time for which application threads were stopped: 0.0009145 seconds, Stopping threads took: 0.0001736 seconds
2024-10-04T19:47:41.320+0300: 926.410: Application time: 0.8787286 seconds
2024-10-04T19:47:41.320+0300: 926.410: [GC (Allocation Failure) [PSYoungGen: 348512K->400K(348672K)] 367424K->19336K(1048064K), 0.0006143 secs] [Times: user=0.00 sys=0.00, real=0.00 secs] 
2024-10-04T19:47:41.320+0300: 926.411: Total time for which application threads were stopped: 0.0008947 seconds, Stopping threads took: 0.0001608 seconds
2024-10-04T19:47:42.199+0300: 927.286: Application time: 0.8755933 seconds
2024-10-04T19:47:42.199+0300: 927.287: [GC (Allocation Failure) [PSYoungGen: 348560K->368K(348672K)] 367496K->19328K(1048064K), 0.0006241 secs] [Times: user=0.00 sys=0.00, real=0.00 secs] 
2024-10-04T19:47:42.199+0300: 927.287: Total time for which application threads were stopped: 0.0008989 seconds, Stopping threads took: 0.0001709 seconds
2024-10-04T19:47:43.076+0300: 928.164: Application time: 0.8764545 seconds
2024-10-04T19:47:43.076+0300: 928.164: [GC (Allocation Failure) [PSYoungGen: 348528K->384K(348672K)] 367488K->19368K(1048064K), 0.0007957 secs] [Times: user=0.00 sys=0.00, real=0.00 secs] 
2024-10-04T19:47:43.076+0300: 928.165: Total time for which application threads were stopped: 0.0010904 seconds, Stopping threads took: 0.0001494 seconds
2024-10-04T19:47:43.954+0300: 929.042: Application time: 0.8769812 seconds
2024-10-04T19:47:43.954+0300: 929.042: [GC (Allocation Failure) [PSYoungGen: 348544K->336K(348672K)] 367528K->19336K(1048064K), 0.0006514 secs] [Times: user=0.00 sys=0.00, real=0.00 secs] 
2024-10-04T19:47:43.954+0300: 929.043: Total time for which application threads were stopped: 0.0009136 seconds, Stopping threads took: 0.0001610 seconds
2024-10-04T19:47:44.833+0300: 929.920: Application time: 0.8772832 seconds
2024-10-04T19:47:44.833+0300: 929.920: [GC (Allocation Failure) [PSYoungGen: 348496K->400K(348672K)] 367496K->19408K(1048064K), 0.0006127 secs] [Times: user=0.00 sys=0.00, real=0.00 secs] 
2024-10-04T19:47:44.833+0300: 929.921: Total time for which application threads were stopped: 0.0008843 seconds, Stopping threads took: 0.0001729 seconds
2024-10-04T19:47:45.712+0300: 930.801: Application time: 0.8795765 seconds
2024-10-04T19:47:45.712+0300: 930.801: [GC (Allocation Failure) [PSYoungGen: 348560K->384K(348672K)] 367568K->19408K(1048064K), 0.0005949 secs] [Times: user=0.00 sys=0.00, real=0.00 secs] 
2024-10-04T19:47:45.712+0300: 930.801: Total time for which application threads were stopped: 0.0008558 seconds, Stopping threads took: 0.0001519 seconds
2024-10-04T19:47:46.590+0300: 931.680: Application time: 0.8786350 seconds
2024-10-04T19:47:46.590+0300: 931.680: [GC (Allocation Failure) [PSYoungGen: 348544K->400K(348672K)] 367568K->19440K(1048064K), 0.0005761 secs] [Times: user=0.00 sys=0.00, real=0.00 secs] 
2024-10-04T19:47:46.590+0300: 931.681: Total time for which application threads were stopped: 0.0008150 seconds, Stopping threads took: 0.0001259 seconds
2024-10-04T19:47:47.469+0300: 932.555: Application time: 0.8737420 seconds
2024-10-04T19:47:47.469+0300: 932.555: [GC (Allocation Failure) [PSYoungGen: 348560K->400K(348672K)] 367600K->19448K(1048064K), 0.0006241 secs] [Times: user=0.00 sys=0.00, real=0.00 secs] 
2024-10-04T19:47:47.469+0300: 932.555: Total time for which application threads were stopped: 0.0008605 seconds, Stopping threads took: 0.0001229 seconds
2024-10-04T19:47:48.332+0300: 933.430: Application time: 0.8748162 seconds
2024-10-04T19:47:48.332+0300: 933.431: [GC (Allocation Failure) [PSYoungGen: 348560K->384K(348672K)] 367608K->19448K(1048064K), 0.0006411 secs] [Times: user=0.00 sys=0.00, real=0.00 secs] 
2024-10-04T19:47:48.332+0300: 933.431: Total time for which application threads were stopped: 0.0009282 seconds, Stopping threads took: 0.0001968 seconds
2024-10-04T19:47:49.212+0300: 934.309: Application time: 0.8773623 seconds
2024-10-04T19:47:49.212+0300: 934.309: [GC (Allocation Failure) [PSYoungGen: 348544K->368K(348672K)] 367608K->19456K(1048064K), 0.0006571 secs] [Times: user=0.00 sys=0.00, real=0.00 secs] 
2024-10-04T19:47:49.212+0300: 934.310: Total time for which application threads were stopped: 0.0009700 seconds, Stopping threads took: 0.0001938 seconds
2024-10-04T19:47:50.089+0300: 935.187: Application time: 0.8777627 seconds
2024-10-04T19:47:50.089+0300: 935.188: [GC (Allocation Failure) [PSYoungGen: 348528K->384K(348672K)] 367616K->19512K(1048064K), 0.0006549 secs] [Times: user=0.00 sys=0.00, real=0.02 secs] 
2024-10-04T19:47:50.104+0300: 935.188: Total time for which application threads were stopped: 0.0009904 seconds, Stopping threads took: 0.0002044 seconds
2024-10-04T19:47:50.967+0300: 936.062: Application time: 0.8739956 seconds
2024-10-04T19:47:50.967+0300: 936.063: [GC (Allocation Failure) [PSYoungGen: 348544K->352K(348672K)] 367672K->19496K(1048064K), 0.0006544 secs] [Times: user=0.00 sys=0.00, real=0.00 secs] 
2024-10-04T19:47:50.967+0300: 936.063: Total time for which application threads were stopped: 0.0009297 seconds, Stopping threads took: 0.0001824 seconds
2024-10-04T19:47:51.845+0300: 936.941: Application time: 0.8776788 seconds
2024-10-04T19:47:51.845+0300: 936.941: [GC (Allocation Failure) [PSYoungGen: 348512K->368K(348672K)] 367656K->19520K(1048064K), 0.0006511 secs] [Times: user=0.02 sys=0.00, real=0.00 secs] 
2024-10-04T19:47:51.845+0300: 936.942: Total time for which application threads were stopped: 0.0009532 seconds, Stopping threads took: 0.0001850 seconds
2024-10-04T19:47:52.725+0300: 937.822: Application time: 0.8800365 seconds
2024-10-04T19:47:52.725+0300: 937.822: [GC (Allocation Failure) [PSYoungGen: 348528K->336K(348672K)] 367680K->19504K(1048064K), 0.0005804 secs] [Times: user=0.00 sys=0.00, real=0.00 secs] 
2024-10-04T19:47:52.725+0300: 937.823: Total time for which application threads were stopped: 0.0008807 seconds, Stopping threads took: 0.0001730 seconds
2024-10-04T19:47:53.603+0300: 938.702: Application time: 0.8790564 seconds
2024-10-04T19:47:53.603+0300: 938.702: [GC (Allocation Failure) [PSYoungGen: 348496K->384K(348672K)] 367664K->19568K(1048064K), 0.0006482 secs] [Times: user=0.00 sys=0.00, real=0.02 secs] 
2024-10-04T19:47:53.619+0300: 938.703: Total time for which application threads were stopped: 0.0009195 seconds, Stopping threads took: 0.0001204 seconds
2024-10-04T19:47:54.481+0300: 939.577: Application time: 0.8738045 seconds
2024-10-04T19:47:54.481+0300: 939.577: [GC (Allocation Failure) [PSYoungGen: 348544K->368K(348672K)] 367728K->19568K(1048064K), 0.0006668 secs] [Times: user=0.00 sys=0.00, real=0.00 secs] 
2024-10-04T19:47:54.481+0300: 939.578: Total time for which application threads were stopped: 0.0009773 seconds, Stopping threads took: 0.0001676 seconds
2024-10-04T19:47:55.360+0300: 940.453: Application time: 0.8749999 seconds
2024-10-04T19:47:55.360+0300: 940.453: [GC (Allocation Failure) [PSYoungGen: 348528K->416K(348672K)] 367728K->19632K(1048064K), 0.0006411 secs] [Times: user=0.00 sys=0.00, real=0.00 secs] 
2024-10-04T19:47:55.360+0300: 940.453: Total time for which application threads were stopped: 0.0009050 seconds, Stopping threads took: 0.0001606 seconds
2024-10-04T19:47:56.239+0300: 941.330: Application time: 0.8765249 seconds
2024-10-04T19:47:56.239+0300: 941.330: [GC (Allocation Failure) [PSYoungGen: 348576K->384K(348672K)] 367792K->19624K(1048064K), 0.0006549 secs] [Times: user=0.00 sys=0.00, real=0.00 secs] 
2024-10-04T19:47:56.239+0300: 941.331: Total time for which application threads were stopped: 0.0009462 seconds, Stopping threads took: 0.0001911 seconds
2024-10-04T19:47:57.117+0300: 942.209: Application time: 0.8778087 seconds
2024-10-04T19:47:57.117+0300: 942.209: [GC (Allocation Failure) [PSYoungGen: 348544K->368K(348672K)] 367784K->19616K(1048064K), 0.0005863 secs] [Times: user=0.00 sys=0.00, real=0.00 secs] 
2024-10-04T19:47:57.117+0300: 942.210: Total time for which application threads were stopped: 0.0008746 seconds, Stopping threads took: 0.0001895 seconds
2024-10-04T19:47:57.996+0300: 943.091: Application time: 0.8811895 seconds
2024-10-04T19:47:57.996+0300: 943.091: [GC (Allocation Failure) [PSYoungGen: 348528K->384K(348672K)] 367776K->19672K(1048064K), 0.0005967 secs] [Times: user=0.00 sys=0.00, real=0.00 secs] 
2024-10-04T19:47:57.996+0300: 943.092: Total time for which application threads were stopped: 0.0008232 seconds, Stopping threads took: 0.0001259 seconds
2024-10-04T19:47:58.875+0300: 943.970: Application time: 0.8784326 seconds
2024-10-04T19:47:58.875+0300: 943.970: [GC (Allocation Failure) [PSYoungGen: 348544K->384K(348672K)] 367832K->19688K(1048064K), 0.0007090 secs] [Times: user=0.00 sys=0.00, real=0.00 secs] 
2024-10-04T19:47:58.875+0300: 943.971: Total time for which application threads were stopped: 0.0009586 seconds, Stopping threads took: 0.0001219 seconds
2024-10-04T19:47:59.754+0300: 944.847: Application time: 0.8756428 seconds
2024-10-04T19:47:59.754+0300: 944.847: [GC (Allocation Failure) [PSYoungGen: 348544K->368K(348672K)] 367848K->19688K(1048064K), 0.0006176 secs] [Times: user=0.00 sys=0.00, real=0.00 secs] 
2024-10-04T19:47:59.754+0300: 944.848: Total time for which application threads were stopped: 0.0008678 seconds, Stopping threads took: 0.0001544 seconds
2024-10-04T19:48:00.664+0300: 945.752: Application time: 0.9040625 seconds
2024-10-04T19:48:00.664+0300: 945.752: [GC (Allocation Failure) [PSYoungGen: 348528K->384K(348672K)] 367848K->19720K(1048064K), 0.0006044 secs] [Times: user=0.00 sys=0.00, real=0.00 secs] 
2024-10-04T19:48:00.664+0300: 945.752: Total time for which application threads were stopped: 0.0008968 seconds, Stopping threads took: 0.0001689 seconds
2024-10-04T19:48:01.573+0300: 946.666: Application time: 0.9135976 seconds
2024-10-04T19:48:01.573+0300: 946.666: [GC (Allocation Failure) [PSYoungGen: 348544K->400K(348672K)] 367880K->19744K(1048064K), 0.0006227 secs] [Times: user=0.00 sys=0.00, real=0.00 secs] 
2024-10-04T19:48:01.573+0300: 946.667: Total time for which application threads were stopped: 0.0009576 seconds, Stopping threads took: 0.0002028 seconds
2024-10-04T19:48:02.452+0300: 947.551: Application time: 0.8839139 seconds
2024-10-04T19:48:02.452+0300: 947.551: [GC (Allocation Failure) [PSYoungGen: 348560K->400K(348672K)] 367904K->19752K(1048064K), 0.0006651 secs] [Times: user=0.00 sys=0.00, real=0.02 secs] 
2024-10-04T19:48:02.468+0300: 947.552: Total time for which application threads were stopped: 0.0010238 seconds, Stopping threads took: 0.0002043 seconds
2024-10-04T19:48:03.361+0300: 948.453: Application time: 0.9012456 seconds
2024-10-04T19:48:03.361+0300: 948.453: [GC (Allocation Failure) [PSYoungGen: 348560K->384K(348672K)] 367912K->19752K(1048064K), 0.0007097 secs] [Times: user=0.00 sys=0.00, real=0.00 secs] 
2024-10-04T19:48:03.361+0300: 948.454: Total time for which application threads were stopped: 0.0009679 seconds, Stopping threads took: 0.0001247 seconds
2024-10-04T19:48:04.240+0300: 949.333: Application time: 0.8790327 seconds
2024-10-04T19:48:04.240+0300: 949.333: [GC (Allocation Failure) [PSYoungGen: 348544K->384K(348672K)] 367912K->19768K(1048064K), 0.0006384 secs] [Times: user=0.00 sys=0.00, real=0.00 secs] 
2024-10-04T19:48:04.240+0300: 949.334: Total time for which application threads were stopped: 0.0009173 seconds, Stopping threads took: 0.0001604 seconds
2024-10-04T19:48:05.119+0300: 950.215: Application time: 0.8807125 seconds
2024-10-04T19:48:05.119+0300: 950.215: [GC (Allocation Failure) [PSYoungGen: 348544K->368K(348672K)] 367928K->19760K(1048064K), 0.0007210 secs] [Times: user=0.00 sys=0.00, real=0.01 secs] 
2024-10-04T19:48:05.132+0300: 950.216: Total time for which application threads were stopped: 0.0010020 seconds, Stopping threads took: 0.0001634 seconds
2024-10-04T19:48:06.012+0300: 951.097: Application time: 0.8812547 seconds
2024-10-04T19:48:06.012+0300: 951.097: [GC (Allocation Failure) [PSYoungGen: 348528K->368K(348672K)] 367920K->19776K(1048064K), 0.0007984 secs] [Times: user=0.00 sys=0.00, real=0.00 secs] 
2024-10-04T19:48:06.012+0300: 951.098: Total time for which application threads were stopped: 0.0011002 seconds, Stopping threads took: 0.0001487 seconds
2024-10-04T19:48:06.891+0300: 951.979: Application time: 0.8811584 seconds
2024-10-04T19:48:06.891+0300: 951.980: [GC (Allocation Failure) [PSYoungGen: 348528K->368K(348672K)] 367936K->19784K(1048064K), 0.0006312 secs] [Times: user=0.00 sys=0.00, real=0.00 secs] 
2024-10-04T19:48:06.896+0300: 951.980: Total time for which application threads were stopped: 0.0008889 seconds, Stopping threads took: 0.0001246 seconds
2024-10-04T19:48:07.770+0300: 952.867: Application time: 0.8868020 seconds
2024-10-04T19:48:07.770+0300: 952.867: [GC (Allocation Failure) [PSYoungGen: 348528K->416K(348672K)] 367944K->19848K(1048064K), 0.0007083 secs] [Times: user=0.00 sys=0.00, real=0.00 secs] 
2024-10-04T19:48:07.770+0300: 952.868: Total time for which application threads were stopped: 0.0009682 seconds, Stopping threads took: 0.0001541 seconds
2024-10-04T19:48:08.649+0300: 953.746: Application time: 0.8774907 seconds
2024-10-04T19:48:08.649+0300: 953.746: [GC (Allocation Failure) [PSYoungGen: 348576K->416K(348672K)] 368008K->19864K(1048064K), 0.0006132 secs] [Times: user=0.00 sys=0.00, real=0.01 secs] 
2024-10-04T19:48:08.663+0300: 953.747: Total time for which application threads were stopped: 0.0009905 seconds, Stopping threads took: 0.0002244 seconds
2024-10-04T19:48:09.543+0300: 954.629: Application time: 0.8820232 seconds
2024-10-04T19:48:09.543+0300: 954.629: [GC (Allocation Failure) [PSYoungGen: 348576K->384K(348672K)] 368024K->19856K(1048064K), 0.0005890 secs] [Times: user=0.00 sys=0.00, real=0.00 secs] 
2024-10-04T19:48:09.543+0300: 954.629: Total time for which application threads were stopped: 0.0008187 seconds, Stopping threads took: 0.0001289 seconds
2024-10-04T19:48:10.407+0300: 955.504: Application time: 0.8748473 seconds
2024-10-04T19:48:10.407+0300: 955.505: [GC (Allocation Failure) [PSYoungGen: 348544K->400K(348672K)] 368016K->19888K(1048064K), 0.0005994 secs] [Times: user=0.02 sys=0.00, real=0.01 secs] 
2024-10-04T19:48:10.421+0300: 955.505: Total time for which application threads were stopped: 0.0008833 seconds, Stopping threads took: 0.0001805 seconds
2024-10-04T19:48:11.301+0300: 956.386: Application time: 0.8806172 seconds
2024-10-04T19:48:11.301+0300: 956.386: [GC (Allocation Failure) [PSYoungGen: 348560K->400K(348672K)] 368048K->19904K(1048064K), 0.0007402 secs] [Times: user=0.00 sys=0.00, real=0.00 secs] 
2024-10-04T19:48:11.301+0300: 956.387: Total time for which application threads were stopped: 0.0010223 seconds, Stopping threads took: 0.0001542 seconds
2024-10-04T19:48:12.180+0300: 957.270: Application time: 0.8836364 seconds
2024-10-04T19:48:12.180+0300: 957.271: [GC (Allocation Failure) [PSYoungGen: 348560K->368K(348672K)] 368064K->19888K(1048064K), 0.0006635 secs] [Times: user=0.00 sys=0.00, real=0.01 secs] 
2024-10-04T19:48:12.187+0300: 957.271: Total time for which application threads were stopped: 0.0009262 seconds, Stopping threads took: 0.0001627 seconds
2024-10-04T19:48:13.058+0300: 958.152: Application time: 0.8802159 seconds
2024-10-04T19:48:13.058+0300: 958.152: [GC (Allocation Failure) [PSYoungGen: 348528K->384K(348672K)] 368048K->19912K(1048064K), 0.0006516 secs] [Times: user=0.00 sys=0.00, real=0.00 secs] 
2024-10-04T19:48:13.058+0300: 958.153: Total time for which application threads were stopped: 0.0009577 seconds, Stopping threads took: 0.0001764 seconds
2024-10-04T19:48:13.936+0300: 959.033: Application time: 0.8809037 seconds
2024-10-04T19:48:13.936+0300: 959.034: [GC (Allocation Failure) [PSYoungGen: 348544K->384K(348672K)] 368072K->19928K(1048064K), 0.0005936 secs] [Times: user=0.00 sys=0.00, real=0.00 secs] 
2024-10-04T19:48:13.936+0300: 959.034: Total time for which application threads were stopped: 0.0008391 seconds, Stopping threads took: 0.0001500 seconds
2024-10-04T19:48:14.815+0300: 959.912: Application time: 0.8772206 seconds
2024-10-04T19:48:14.815+0300: 959.912: [GC (Allocation Failure) [PSYoungGen: 348544K->352K(348672K)] 368088K->19912K(1048064K), 0.0005861 secs] [Times: user=0.00 sys=0.00, real=0.00 secs] 
2024-10-04T19:48:14.815+0300: 959.912: Total time for which application threads were stopped: 0.0008582 seconds, Stopping threads took: 0.0001644 seconds
2024-10-04T19:48:15.693+0300: 960.790: Application time: 0.8779982 seconds
2024-10-04T19:48:15.693+0300: 960.791: [GC (Allocation Failure) [PSYoungGen: 348512K->400K(348672K)] 368072K->19976K(1048064K), 0.0006188 secs] [Times: user=0.00 sys=0.00, real=0.00 secs] 
2024-10-04T19:48:15.693+0300: 960.791: Total time for which application threads were stopped: 0.0009256 seconds, Stopping threads took: 0.0001777 seconds
2024-10-04T19:48:16.572+0300: 961.665: Application time: 0.8731926 seconds
2024-10-04T19:48:16.572+0300: 961.665: [GC (Allocation Failure) [PSYoungGen: 348560K->400K(348672K)] 368136K->19984K(1048064K), 0.0005778 secs] [Times: user=0.00 sys=0.00, real=0.00 secs] 
2024-10-04T19:48:16.572+0300: 961.665: Total time for which application threads were stopped: 0.0008740 seconds, Stopping threads took: 0.0001411 seconds
2024-10-04T19:48:17.451+0300: 962.540: Application time: 0.8745606 seconds
2024-10-04T19:48:17.451+0300: 962.540: [GC (Allocation Failure) [PSYoungGen: 348560K->384K(348672K)] 368144K->19984K(1048064K), 0.0006390 secs] [Times: user=0.00 sys=0.00, real=0.00 secs] 
2024-10-04T19:48:17.451+0300: 962.541: Total time for which application threads were stopped: 0.0009061 seconds, Stopping threads took: 0.0001688 seconds
2024-10-04T19:48:18.329+0300: 963.419: Application time: 0.8783497 seconds
2024-10-04T19:48:18.329+0300: 963.419: [GC (Allocation Failure) [PSYoungGen: 348544K->368K(348672K)] 368144K->19984K(1048064K), 0.0005877 secs] [Times: user=0.00 sys=0.00, real=0.00 secs] 
2024-10-04T19:48:18.329+0300: 963.420: Total time for which application threads were stopped: 0.0008377 seconds, Stopping threads took: 0.0001370 seconds
2024-10-04T19:48:19.208+0300: 964.302: Application time: 0.8819380 seconds
2024-10-04T19:48:19.208+0300: 964.302: [GC (Allocation Failure) [PSYoungGen: 348528K->400K(348672K)] 368144K->20056K(1048064K), 0.0006233 secs] [Times: user=0.00 sys=0.00, real=0.00 secs] 
2024-10-04T19:48:19.208+0300: 964.303: Total time for which application threads were stopped: 0.0009110 seconds, Stopping threads took: 0.0001479 seconds
2024-10-04T19:48:20.087+0300: 965.183: Application time: 0.8797623 seconds
2024-10-04T19:48:20.087+0300: 965.183: [GC (Allocation Failure) [PSYoungGen: 348560K->368K(348672K)] 368216K->20056K(1048064K), 0.0006241 secs] [Times: user=0.00 sys=0.00, real=0.00 secs] 
2024-10-04T19:48:20.087+0300: 965.184: Total time for which application threads were stopped: 0.0008692 seconds, Stopping threads took: 0.0001490 seconds
2024-10-04T19:48:20.981+0300: 966.075: Application time: 0.8909949 seconds
2024-10-04T19:48:20.981+0300: 966.075: [GC (Allocation Failure) [PSYoungGen: 348528K->384K(348672K)] 368216K->20088K(1048064K), 0.0006032 secs] [Times: user=0.00 sys=0.00, real=0.00 secs] 
2024-10-04T19:48:20.981+0300: 966.075: Total time for which application threads were stopped: 0.0008633 seconds, Stopping threads took: 0.0001584 seconds
2024-10-04T19:48:21.859+0300: 966.955: Application time: 0.8798871 seconds
2024-10-04T19:48:21.859+0300: 966.956: [GC (Allocation Failure) [PSYoungGen: 348544K->368K(348672K)] 368248K->20112K(1048064K), 0.0006099 secs] [Times: user=0.00 sys=0.00, real=0.00 secs] 
2024-10-04T19:48:21.859+0300: 966.956: Total time for which application threads were stopped: 0.0008681 seconds, Stopping threads took: 0.0001182 seconds
2024-10-04T19:48:22.738+0300: 967.836: Application time: 0.8796124 seconds
2024-10-04T19:48:22.738+0300: 967.836: [GC (Allocation Failure) [PSYoungGen: 348528K->384K(348672K)] 368272K->20136K(1048064K), 0.0006183 secs] [Times: user=0.00 sys=0.00, real=0.00 secs] 
2024-10-04T19:48:22.738+0300: 967.837: Total time for which application threads were stopped: 0.0008634 seconds, Stopping threads took: 0.0001550 seconds
2024-10-04T19:48:23.615+0300: 968.713: Application time: 0.8768221 seconds
2024-10-04T19:48:23.615+0300: 968.714: [GC (Allocation Failure) [PSYoungGen: 348544K->416K(348672K)] 368296K->20184K(1048064K), 0.0006312 secs] [Times: user=0.00 sys=0.00, real=0.00 secs] 
2024-10-04T19:48:23.615+0300: 968.714: Total time for which application threads were stopped: 0.0009272 seconds, Stopping threads took: 0.0001772 seconds
2024-10-04T19:48:24.494+0300: 969.589: Application time: 0.8750661 seconds
2024-10-04T19:48:24.494+0300: 969.590: [GC (Allocation Failure) [PSYoungGen: 348576K->352K(348672K)] 368344K->20136K(1048064K), 0.0005656 secs] [Times: user=0.02 sys=0.00, real=0.00 secs] 
2024-10-04T19:48:24.494+0300: 969.590: Total time for which application threads were stopped: 0.0008640 seconds, Stopping threads took: 0.0001699 seconds
2024-10-04T19:48:25.372+0300: 970.461: Application time: 0.8702679 seconds
2024-10-04T19:48:25.372+0300: 970.461: [GC (Allocation Failure) [PSYoungGen: 348512K->384K(348672K)] 368296K->20184K(1048064K), 0.0006047 secs] [Times: user=0.00 sys=0.00, real=0.00 secs] 
2024-10-04T19:48:25.372+0300: 970.461: Total time for which application threads were stopped: 0.0008075 seconds, Stopping threads took: 0.0001005 seconds
2024-10-04T19:48:26.250+0300: 971.340: Application time: 0.8787752 seconds
2024-10-04T19:48:26.250+0300: 971.340: [GC (Allocation Failure) [PSYoungGen: 348544K->400K(348672K)] 368344K->20216K(1048064K), 0.0006180 secs] [Times: user=0.00 sys=0.00, real=0.00 secs] 
2024-10-04T19:48:26.250+0300: 971.341: Total time for which application threads were stopped: 0.0008911 seconds, Stopping threads took: 0.0001604 seconds
2024-10-04T19:48:27.129+0300: 972.218: Application time: 0.8769591 seconds
2024-10-04T19:48:27.129+0300: 972.218: [GC (Allocation Failure) [PSYoungGen: 348560K->368K(348672K)] 368376K->20200K(1048064K), 0.0006881 secs] [Times: user=0.00 sys=0.00, real=0.00 secs] 
2024-10-04T19:48:27.129+0300: 972.219: Total time for which application threads were stopped: 0.0009500 seconds, Stopping threads took: 0.0001645 seconds
2024-10-04T19:48:28.008+0300: 973.095: Application time: 0.8759785 seconds
2024-10-04T19:48:28.008+0300: 973.095: [GC (Allocation Failure) [PSYoungGen: 348528K->384K(348672K)] 368360K->20232K(1048064K), 0.0006043 secs] [Times: user=0.00 sys=0.00, real=0.00 secs] 
2024-10-04T19:48:28.008+0300: 973.096: Total time for which application threads were stopped: 0.0009146 seconds, Stopping threads took: 0.0001732 seconds
2024-10-04T19:48:28.886+0300: 973.976: Application time: 0.8804062 seconds
2024-10-04T19:48:28.886+0300: 973.977: [GC (Allocation Failure) [PSYoungGen: 348544K->352K(348672K)] 368392K->20216K(1048064K), 0.0006183 secs] [Times: user=0.00 sys=0.00, real=0.00 secs] 
2024-10-04T19:48:28.886+0300: 973.977: Total time for which application threads were stopped: 0.0008922 seconds, Stopping threads took: 0.0001639 seconds
2024-10-04T19:48:29.764+0300: 974.854: Application time: 0.8766677 seconds
2024-10-04T19:48:29.764+0300: 974.854: [GC (Allocation Failure) [PSYoungGen: 348512K->384K(348672K)] 368376K->20272K(1048064K), 0.0006070 secs] [Times: user=0.00 sys=0.00, real=0.00 secs] 
2024-10-04T19:48:29.764+0300: 974.855: Total time for which application threads were stopped: 0.0008634 seconds, Stopping threads took: 0.0001636 seconds
2024-10-04T19:48:30.643+0300: 975.733: Application time: 0.8784656 seconds
2024-10-04T19:48:30.643+0300: 975.733: [GC (Allocation Failure) [PSYoungGen: 348544K->352K(348672K)] 368432K->20272K(1048064K), 0.0006180 secs] [Times: user=0.00 sys=0.00, real=0.00 secs] 
2024-10-04T19:48:30.643+0300: 975.734: Total time for which application threads were stopped: 0.0008728 seconds, Stopping threads took: 0.0001494 seconds
2024-10-04T19:48:31.520+0300: 976.612: Application time: 0.8782309 seconds
2024-10-04T19:48:31.520+0300: 976.613: [GC (Allocation Failure) [PSYoungGen: 348512K->368K(348672K)] 368432K->20304K(1048064K), 0.0006087 secs] [Times: user=0.00 sys=0.00, real=0.00 secs] 
2024-10-04T19:48:31.520+0300: 976.613: Total time for which application threads were stopped: 0.0008986 seconds, Stopping threads took: 0.0001882 seconds
2024-10-04T19:48:32.400+0300: 977.485: Application time: 0.8721920 seconds
2024-10-04T19:48:32.400+0300: 977.486: [GC (Allocation Failure) [PSYoungGen: 348528K->368K(348672K)] 368464K->20344K(1048064K), 0.0006339 secs] [Times: user=0.00 sys=0.00, real=0.00 secs] 
2024-10-04T19:48:32.400+0300: 977.486: Total time for which application threads were stopped: 0.0008622 seconds, Stopping threads took: 0.0001030 seconds
2024-10-04T19:48:33.278+0300: 978.363: Application time: 0.8763272 seconds
2024-10-04T19:48:33.278+0300: 978.363: [GC (Allocation Failure) [PSYoungGen: 348528K->384K(348672K)] 368504K->20392K(1048064K), 0.0005616 secs] [Times: user=0.00 sys=0.00, real=0.00 secs] 
2024-10-04T19:48:33.278+0300: 978.363: Total time for which application threads were stopped: 0.0007963 seconds, Stopping threads took: 0.0001230 seconds
2024-10-04T19:48:33.576+0300: 978.674: Application time: 0.3108276 seconds
2024-10-04T19:48:33.576+0300: 978.675: Total time for which application threads were stopped: 0.0002848 seconds, Stopping threads took: 0.0001889 seconds
2024-10-04T19:48:33.893+0300: 978.979: Application time: 0.3042475 seconds
2024-10-04T19:48:33.893+0300: 978.979: Total time for which application threads were stopped: 0.0003782 seconds, Stopping threads took: 0.0003517 seconds
2024-10-04T19:48:34.266+0300: 979.361: Application time: 0.3815644 seconds
2024-10-04T19:48:34.266+0300: 979.361: [GC (Allocation Failure) [PSYoungGen: 348544K->368K(348672K)] 368552K->20416K(1048064K), 0.0005588 secs] [Times: user=0.00 sys=0.00, real=0.00 secs] 
2024-10-04T19:48:34.266+0300: 979.362: Total time for which application threads were stopped: 0.0008339 seconds, Stopping threads took: 0.0001796 seconds
2024-10-04T19:48:35.161+0300: 980.245: Application time: 0.8837552 seconds
2024-10-04T19:48:35.161+0300: 980.245: [GC (Allocation Failure) [PSYoungGen: 348528K->400K(348672K)] 368576K->20496K(1048064K), 0.0006616 secs] [Times: user=0.00 sys=0.00, real=0.00 secs] 
2024-10-04T19:48:35.161+0300: 980.246: Total time for which application threads were stopped: 0.0008771 seconds, Stopping threads took: 0.0001016 seconds
2024-10-04T19:48:36.024+0300: 981.123: Application time: 0.8769690 seconds
2024-10-04T19:48:36.024+0300: 981.123: [GC (Allocation Failure) [PSYoungGen: 348560K->368K(348672K)] 368656K->20480K(1048064K), 0.0006246 secs] [Times: user=0.02 sys=0.00, real=0.02 secs] 
2024-10-04T19:48:36.040+0300: 981.124: Total time for which application threads were stopped: 0.0009000 seconds, Stopping threads took: 0.0001684 seconds
2024-10-04T19:48:36.904+0300: 982.003: Application time: 0.8788273 seconds
2024-10-04T19:48:36.919+0300: 982.003: [GC (Allocation Failure) [PSYoungGen: 348528K->384K(348672K)] 368640K->20520K(1048064K), 0.0007412 secs] [Times: user=0.00 sys=0.00, real=0.00 secs] 
2024-10-04T19:48:36.919+0300: 982.004: Total time for which application threads were stopped: 0.0010334 seconds, Stopping threads took: 0.0001525 seconds
2024-10-04T19:48:37.800+0300: 982.897: Application time: 0.8929751 seconds
2024-10-04T19:48:37.800+0300: 982.897: [GC (Allocation Failure) [PSYoungGen: 348544K->368K(348672K)] 368680K->20520K(1048064K), 0.0007511 secs] [Times: user=0.00 sys=0.00, real=0.01 secs] 
2024-10-04T19:48:37.813+0300: 982.898: Total time for which application threads were stopped: 0.0010297 seconds, Stopping threads took: 0.0001711 seconds
2024-10-04T19:48:38.708+0300: 983.793: Application time: 0.8951233 seconds
2024-10-04T19:48:38.708+0300: 983.793: [GC (Allocation Failure) [PSYoungGen: 348528K->368K(348672K)] 368680K->20528K(1048064K), 0.0005955 secs] [Times: user=0.02 sys=0.00, real=0.00 secs] 
2024-10-04T19:48:38.708+0300: 983.794: Total time for which application threads were stopped: 0.0008097 seconds, Stopping threads took: 0.0001105 seconds
2024-10-04T19:48:39.586+0300: 984.677: Application time: 0.8836259 seconds
2024-10-04T19:48:39.586+0300: 984.678: [GC (Allocation Failure) [PSYoungGen: 348528K->368K(348672K)] 368688K->20544K(1048064K), 0.0006367 secs] [Times: user=0.00 sys=0.00, real=0.00 secs] 
2024-10-04T19:48:39.586+0300: 984.678: Total time for which application threads were stopped: 0.0009814 seconds, Stopping threads took: 0.0002240 seconds
2024-10-04T19:48:40.465+0300: 985.561: Application time: 0.8821533 seconds
2024-10-04T19:48:40.465+0300: 985.561: [GC (Allocation Failure) [PSYoungGen: 348528K->368K(348672K)] 368704K->20552K(1048064K), 0.0008678 secs] [Times: user=0.00 sys=0.00, real=0.00 secs] 
2024-10-04T19:48:40.465+0300: 985.562: Total time for which application threads were stopped: 0.0011231 seconds, Stopping threads took: 0.0001303 seconds
2024-10-04T19:48:41.360+0300: 986.452: Application time: 0.8899430 seconds
2024-10-04T19:48:41.360+0300: 986.452: [GC (Allocation Failure) [PSYoungGen: 348528K->368K(348672K)] 368712K->20568K(1048064K), 0.0007130 secs] [Times: user=0.00 sys=0.00, real=0.00 secs] 
2024-10-04T19:48:41.360+0300: 986.453: Total time for which application threads were stopped: 0.0009204 seconds, Stopping threads took: 0.0000983 seconds
2024-10-04T19:48:42.253+0300: 987.343: Application time: 0.8901048 seconds
2024-10-04T19:48:42.253+0300: 987.343: [GC (Allocation Failure) [PSYoungGen: 348528K->368K(348672K)] 368728K->20584K(1048064K), 0.0006483 secs] [Times: user=0.00 sys=0.00, real=0.00 secs] 
2024-10-04T19:48:42.253+0300: 987.344: Total time for which application threads were stopped: 0.0008854 seconds, Stopping threads took: 0.0001330 seconds
2024-10-04T19:48:43.132+0300: 988.226: Application time: 0.8819214 seconds
2024-10-04T19:48:43.132+0300: 988.226: [GC (Allocation Failure) [PSYoungGen: 348528K->384K(348672K)] 368744K->20616K(1048064K), 0.0007902 secs] [Times: user=0.00 sys=0.00, real=0.00 secs] 
2024-10-04T19:48:43.132+0300: 988.227: Total time for which application threads were stopped: 0.0011246 seconds, Stopping threads took: 0.0002072 seconds
2024-10-04T19:48:44.012+0300: 989.104: Application time: 0.8777169 seconds
2024-10-04T19:48:44.012+0300: 989.105: [GC (Allocation Failure) [PSYoungGen: 348544K->384K(348672K)] 368776K->20640K(1048064K), 0.0006417 secs] [Times: user=0.00 sys=0.00, real=0.00 secs] 
2024-10-04T19:48:44.012+0300: 989.105: Total time for which application threads were stopped: 0.0009520 seconds, Stopping threads took: 0.0001766 seconds
2024-10-04T19:48:44.889+0300: 989.988: Application time: 0.8827748 seconds
2024-10-04T19:48:44.904+0300: 989.988: [GC (Allocation Failure) [PSYoungGen: 348544K->384K(348672K)] 368800K->20656K(1048064K), 0.0006814 secs] [Times: user=0.00 sys=0.00, real=0.00 secs] 
2024-10-04T19:48:44.904+0300: 989.989: Total time for which application threads were stopped: 0.0009769 seconds, Stopping threads took: 0.0001846 seconds
2024-10-04T19:48:45.767+0300: 990.865: Application time: 0.8762384 seconds
2024-10-04T19:48:45.767+0300: 990.866: [GC (Allocation Failure) [PSYoungGen: 348544K->400K(348672K)] 368816K->20688K(1048064K), 0.0006588 secs] [Times: user=0.00 sys=0.00, real=0.00 secs] 
2024-10-04T19:48:45.767+0300: 990.866: Total time for which application threads were stopped: 0.0009214 seconds, Stopping threads took: 0.0001647 seconds
2024-10-04T19:48:46.647+0300: 991.745: Application time: 0.8790318 seconds
2024-10-04T19:48:46.647+0300: 991.745: [GC (Allocation Failure) [PSYoungGen: 348560K->384K(348672K)] 368848K->20688K(1048064K), 0.0006800 secs] [Times: user=0.00 sys=0.00, real=0.01 secs] 
2024-10-04T19:48:46.662+0300: 991.746: Total time for which application threads were stopped: 0.0009180 seconds, Stopping threads took: 0.0001183 seconds
2024-10-04T19:48:47.541+0300: 992.627: Application time: 0.8811183 seconds
2024-10-04T19:48:47.541+0300: 992.628: [GC (Allocation Failure) [PSYoungGen: 348544K->384K(348672K)] 368848K->20696K(1048064K), 0.0007856 secs] [Times: user=0.00 sys=0.00, real=0.00 secs] 
2024-10-04T19:48:47.541+0300: 992.628: Total time for which application threads were stopped: 0.0010265 seconds, Stopping threads took: 0.0001062 seconds
2024-10-04T19:48:48.403+0300: 993.502: Application time: 0.8741218 seconds
2024-10-04T19:48:48.419+0300: 993.503: [GC (Allocation Failure) [PSYoungGen: 348544K->384K(348672K)] 368856K->20720K(1048064K), 0.0007189 secs] [Times: user=0.00 sys=0.00, real=0.00 secs] 
2024-10-04T19:48:48.419+0300: 993.504: Total time for which application threads were stopped: 0.0010225 seconds, Stopping threads took: 0.0002038 seconds
2024-10-04T19:48:49.297+0300: 994.382: Application time: 0.8782733 seconds
2024-10-04T19:48:49.297+0300: 994.382: [GC (Allocation Failure) [PSYoungGen: 348544K->352K(348672K)] 368880K->20704K(1048064K), 0.0006751 secs] [Times: user=0.00 sys=0.00, real=0.00 secs] 
2024-10-04T19:48:49.297+0300: 994.383: Total time for which application threads were stopped: 0.0009218 seconds, Stopping threads took: 0.0001350 seconds
2024-10-04T19:48:50.177+0300: 995.262: Application time: 0.8791940 seconds
2024-10-04T19:48:50.177+0300: 995.262: [GC (Allocation Failure) [PSYoungGen: 348512K->384K(348672K)] 368864K->20760K(1048064K), 0.0006444 secs] [Times: user=0.00 sys=0.00, real=0.00 secs] 
2024-10-04T19:48:50.177+0300: 995.263: Total time for which application threads were stopped: 0.0008760 seconds, Stopping threads took: 0.0001201 seconds
2024-10-04T19:48:51.054+0300: 996.144: Application time: 0.8807622 seconds
2024-10-04T19:48:51.054+0300: 996.144: [GC (Allocation Failure) [PSYoungGen: 348544K->400K(348672K)] 368920K->20800K(1048064K), 0.0005808 secs] [Times: user=0.00 sys=0.00, real=0.00 secs] 
2024-10-04T19:48:51.054+0300: 996.144: Total time for which application threads were stopped: 0.0008051 seconds, Stopping threads took: 0.0001315 seconds
2024-10-04T19:48:51.933+0300: 997.025: Application time: 0.8807120 seconds
2024-10-04T19:48:51.933+0300: 997.025: [GC (Allocation Failure) [PSYoungGen: 348560K->400K(348672K)] 368960K->20816K(1048064K), 0.0012945 secs] [Times: user=0.00 sys=0.00, real=0.00 secs] 
2024-10-04T19:48:51.933+0300: 997.027: Total time for which application threads were stopped: 0.0016508 seconds, Stopping threads took: 0.0001873 seconds
2024-10-04T19:48:52.812+0300: 997.908: Application time: 0.8810821 seconds
2024-10-04T19:48:52.812+0300: 997.908: [GC (Allocation Failure) [PSYoungGen: 348560K->352K(348672K)] 368976K->20784K(1048064K), 0.0006328 secs] [Times: user=0.00 sys=0.00, real=0.00 secs] 
2024-10-04T19:48:52.812+0300: 997.909: Total time for which application threads were stopped: 0.0009245 seconds, Stopping threads took: 0.0001903 seconds
2024-10-04T19:48:53.691+0300: 998.784: Application time: 0.8752600 seconds
2024-10-04T19:48:53.691+0300: 998.784: [GC (Allocation Failure) [PSYoungGen: 348512K->400K(348672K)] 368944K->20848K(1048064K), 0.0006788 secs] [Times: user=0.00 sys=0.00, real=0.00 secs] 
2024-10-04T19:48:53.691+0300: 998.785: Total time for which application threads were stopped: 0.0009382 seconds, Stopping threads took: 0.0001614 seconds
2024-10-04T19:48:54.570+0300: 999.663: Application time: 0.8785037 seconds
2024-10-04T19:48:54.570+0300: 999.664: [GC (Allocation Failure) [PSYoungGen: 348560K->384K(348672K)] 369008K->20848K(1048064K), 0.0005581 secs] [Times: user=0.00 sys=0.00, real=0.00 secs] 
2024-10-04T19:48:54.570+0300: 999.664: Total time for which application threads were stopped: 0.0008156 seconds, Stopping threads took: 0.0001580 seconds
2024-10-04T19:48:55.448+0300: 1000.535: Application time: 0.8711378 seconds
2024-10-04T19:48:55.448+0300: 1000.536: [GC (Allocation Failure) [PSYoungGen: 348544K->384K(348672K)] 369008K->20872K(1048064K), 0.0005586 secs] [Times: user=0.00 sys=0.00, real=0.00 secs] 
2024-10-04T19:48:55.448+0300: 1000.536: Total time for which application threads were stopped: 0.0008382 seconds, Stopping threads took: 0.0001866 seconds
2024-10-04T19:48:56.327+0300: 1001.415: Application time: 0.8784579 seconds
2024-10-04T19:48:56.327+0300: 1001.415: [GC (Allocation Failure) [PSYoungGen: 348544K->384K(348672K)] 369032K->20888K(1048064K), 0.0006384 secs] [Times: user=0.00 sys=0.00, real=0.00 secs] 
2024-10-04T19:48:56.327+0300: 1001.416: Total time for which application threads were stopped: 0.0009062 seconds, Stopping threads took: 0.0001682 seconds
2024-10-04T19:48:57.205+0300: 1002.296: Application time: 0.8801420 seconds
2024-10-04T19:48:57.205+0300: 1002.296: [GC (Allocation Failure) [PSYoungGen: 348544K->336K(348672K)] 369048K->20880K(1048064K), 0.0006385 secs] [Times: user=0.00 sys=0.00, real=0.00 secs] 
2024-10-04T19:48:57.205+0300: 1002.297: Total time for which application threads were stopped: 0.0008785 seconds, Stopping threads took: 0.0001198 seconds
2024-10-04T19:48:58.084+0300: 1003.173: Application time: 0.8759252 seconds
2024-10-04T19:48:58.084+0300: 1003.173: [GC (Allocation Failure) [PSYoungGen: 348496K->368K(348672K)] 369040K->20928K(1048064K), 0.0006075 secs] [Times: user=0.00 sys=0.00, real=0.00 secs] 
2024-10-04T19:48:58.084+0300: 1003.174: Total time for which application threads were stopped: 0.0009032 seconds, Stopping threads took: 0.0001752 seconds
2024-10-04T19:48:58.962+0300: 1004.050: Application time: 0.8761390 seconds
2024-10-04T19:48:58.962+0300: 1004.050: [GC (Allocation Failure) [PSYoungGen: 348528K->368K(348672K)] 369088K->20952K(1048064K), 0.0006314 secs] [Times: user=0.00 sys=0.00, real=0.00 secs] 
2024-10-04T19:48:58.962+0300: 1004.051: Total time for which application threads were stopped: 0.0008942 seconds, Stopping threads took: 0.0001430 seconds
2024-10-04T19:48:59.842+0300: 1004.930: Application time: 0.8791710 seconds
2024-10-04T19:48:59.842+0300: 1004.930: [GC (Allocation Failure) [PSYoungGen: 348528K->368K(348672K)] 369112K->20968K(1048064K), 0.0005903 secs] [Times: user=0.00 sys=0.00, real=0.00 secs] 
2024-10-04T19:48:59.842+0300: 1004.931: Total time for which application threads were stopped: 0.0008957 seconds, Stopping threads took: 0.0001870 seconds
2024-10-04T19:49:00.734+0300: 1005.822: Application time: 0.8909207 seconds
2024-10-04T19:49:00.734+0300: 1005.822: [GC (Allocation Failure) [PSYoungGen: 348528K->400K(348672K)] 369128K->21032K(1048064K), 0.0006169 secs] [Times: user=0.00 sys=0.00, real=0.00 secs] 
2024-10-04T19:49:00.734+0300: 1005.822: Total time for which application threads were stopped: 0.0008727 seconds, Stopping threads took: 0.0001568 seconds
2024-10-04T19:49:01.614+0300: 1006.706: Application time: 0.8837069 seconds
2024-10-04T19:49:01.614+0300: 1006.706: [GC (Allocation Failure) [PSYoungGen: 348560K->368K(348672K)] 369192K->21008K(1048064K), 0.0006498 secs] [Times: user=0.00 sys=0.00, real=0.00 secs] 
2024-10-04T19:49:01.614+0300: 1006.707: Total time for which application threads were stopped: 0.0009226 seconds, Stopping threads took: 0.0001815 seconds
2024-10-04T19:49:02.493+0300: 1007.582: Application time: 0.8753517 seconds
2024-10-04T19:49:02.493+0300: 1007.583: [GC (Allocation Failure) [PSYoungGen: 348528K->400K(348672K)] 369168K->21056K(1048064K), 0.0005860 secs] [Times: user=0.00 sys=0.00, real=0.00 secs] 
2024-10-04T19:49:02.493+0300: 1007.583: Total time for which application threads were stopped: 0.0008551 seconds, Stopping threads took: 0.0001487 seconds
2024-10-04T19:49:03.372+0300: 1008.456: Application time: 0.8730527 seconds
2024-10-04T19:49:03.372+0300: 1008.457: [GC (Allocation Failure) [PSYoungGen: 348560K->368K(348672K)] 369216K->21040K(1048064K), 0.0006491 secs] [Times: user=0.00 sys=0.00, real=0.00 secs] 
2024-10-04T19:49:03.372+0300: 1008.457: Total time for which application threads were stopped: 0.0008918 seconds, Stopping threads took: 0.0001419 seconds
2024-10-04T19:49:04.250+0300: 1009.337: Application time: 0.8798258 seconds
2024-10-04T19:49:04.250+0300: 1009.337: [GC (Allocation Failure) [PSYoungGen: 348528K->384K(348672K)] 369200K->21072K(1048064K), 0.0005958 secs] [Times: user=0.00 sys=0.00, real=0.00 secs] 
2024-10-04T19:49:04.250+0300: 1009.338: Total time for which application threads were stopped: 0.0008368 seconds, Stopping threads took: 0.0001437 seconds
2024-10-04T19:49:05.128+0300: 1010.215: Application time: 0.8767693 seconds
2024-10-04T19:49:05.128+0300: 1010.215: [GC (Allocation Failure) [PSYoungGen: 348544K->384K(348672K)] 369232K->21088K(1048064K), 0.0006373 secs] [Times: user=0.00 sys=0.00, real=0.00 secs] 
2024-10-04T19:49:05.128+0300: 1010.216: Total time for which application threads were stopped: 0.0008721 seconds, Stopping threads took: 0.0001357 seconds
2024-10-04T19:49:06.007+0300: 1011.093: Application time: 0.8772075 seconds
2024-10-04T19:49:06.007+0300: 1011.093: [GC (Allocation Failure) [PSYoungGen: 348544K->368K(348672K)] 369248K->21088K(1048064K), 0.0006191 secs] [Times: user=0.00 sys=0.00, real=0.00 secs] 
2024-10-04T19:49:06.007+0300: 1011.094: Total time for which application threads were stopped: 0.0008865 seconds, Stopping threads took: 0.0001513 seconds
2024-10-04T19:49:06.886+0300: 1011.970: Application time: 0.8759002 seconds
2024-10-04T19:49:06.886+0300: 1011.970: [GC (Allocation Failure) [PSYoungGen: 348528K->384K(348672K)] 369248K->21120K(1048064K), 0.0006662 secs] [Times: user=0.00 sys=0.00, real=0.00 secs] 
2024-10-04T19:49:06.886+0300: 1011.970: Total time for which application threads were stopped: 0.0009036 seconds, Stopping threads took: 0.0001385 seconds
2024-10-04T19:49:07.764+0300: 1012.852: Application time: 0.8813237 seconds
2024-10-04T19:49:07.764+0300: 1012.852: [GC (Allocation Failure) [PSYoungGen: 348544K->368K(348672K)] 369280K->21144K(1048064K), 0.0005760 secs] [Times: user=0.00 sys=0.00, real=0.00 secs] 
2024-10-04T19:49:07.764+0300: 1012.853: Total time for which application threads were stopped: 0.0007733 seconds, Stopping threads took: 0.0001048 seconds
2024-10-04T19:49:08.643+0300: 1013.730: Application time: 0.8779638 seconds
2024-10-04T19:49:08.643+0300: 1013.731: [GC (Allocation Failure) [PSYoungGen: 348528K->400K(348672K)] 369304K->21192K(1048064K), 0.0005820 secs] [Times: user=0.00 sys=0.00, real=0.00 secs] 
2024-10-04T19:49:08.643+0300: 1013.731: Total time for which application threads were stopped: 0.0008303 seconds, Stopping threads took: 0.0001536 seconds
2024-10-04T19:49:09.522+0300: 1014.611: Application time: 0.8799387 seconds
2024-10-04T19:49:09.522+0300: 1014.611: [GC (Allocation Failure) [PSYoungGen: 348560K->400K(348672K)] 369352K->21208K(1048064K), 0.0005680 secs] [Times: user=0.00 sys=0.00, real=0.00 secs] 
2024-10-04T19:49:09.522+0300: 1014.612: Total time for which application threads were stopped: 0.0007886 seconds, Stopping threads took: 0.0001302 seconds
2024-10-04T19:49:10.401+0300: 1015.486: Application time: 0.8736962 seconds
2024-10-04T19:49:10.401+0300: 1015.486: [GC (Allocation Failure) [PSYoungGen: 348560K->336K(348672K)] 369368K->21168K(1048064K), 0.0006902 secs] [Times: user=0.00 sys=0.00, real=0.00 secs] 
2024-10-04T19:49:10.401+0300: 1015.487: Total time for which application threads were stopped: 0.0009263 seconds, Stopping threads took: 0.0001224 seconds
2024-10-04T19:49:11.282+0300: 1016.367: Application time: 0.8801095 seconds
2024-10-04T19:49:11.283+0300: 1016.367: [GC (Allocation Failure) [PSYoungGen: 348496K->384K(348672K)] 369328K->21232K(1048064K), 0.0006152 secs] [Times: user=0.00 sys=0.00, real=0.00 secs] 
2024-10-04T19:49:11.283+0300: 1016.368: Total time for which application threads were stopped: 0.0008453 seconds, Stopping threads took: 0.0001207 seconds
2024-10-04T19:49:12.158+0300: 1017.245: Application time: 0.8777223 seconds
2024-10-04T19:49:12.158+0300: 1017.246: [GC (Allocation Failure) [PSYoungGen: 348544K->368K(348672K)] 369392K->21232K(1048064K), 0.0005838 secs] [Times: user=0.00 sys=0.00, real=0.00 secs] 
2024-10-04T19:49:12.158+0300: 1017.246: Total time for which application threads were stopped: 0.0008369 seconds, Stopping threads took: 0.0001551 seconds
2024-10-04T19:49:13.037+0300: 1018.126: Application time: 0.8795093 seconds
2024-10-04T19:49:13.037+0300: 1018.126: [GC (Allocation Failure) [PSYoungGen: 348528K->368K(348672K)] 369392K->21240K(1048064K), 0.0005587 secs] [Times: user=0.00 sys=0.00, real=0.00 secs] 
2024-10-04T19:49:13.037+0300: 1018.127: Total time for which application threads were stopped: 0.0007973 seconds, Stopping threads took: 0.0001465 seconds
2024-10-04T19:49:13.916+0300: 1019.004: Application time: 0.8771058 seconds
2024-10-04T19:49:13.916+0300: 1019.004: [GC (Allocation Failure) [PSYoungGen: 348528K->416K(348672K)] 369400K->21304K(1048064K), 0.0007157 secs] [Times: user=0.00 sys=0.00, real=0.00 secs] 
2024-10-04T19:49:13.916+0300: 1019.005: Total time for which application threads were stopped: 0.0009711 seconds, Stopping threads took: 0.0001470 seconds
2024-10-04T19:49:14.795+0300: 1019.882: Application time: 0.8773767 seconds
2024-10-04T19:49:14.795+0300: 1019.882: [GC (Allocation Failure) [PSYoungGen: 348576K->384K(348672K)] 369464K->21288K(1048064K), 0.0006684 secs] [Times: user=0.00 sys=0.00, real=0.00 secs] 
2024-10-04T19:49:14.795+0300: 1019.883: Total time for which application threads were stopped: 0.0009414 seconds, Stopping threads took: 0.0001358 seconds
2024-10-04T19:49:15.673+0300: 1020.763: Application time: 0.8804520 seconds
2024-10-04T19:49:15.673+0300: 1020.764: [GC (Allocation Failure) [PSYoungGen: 348544K->368K(348672K)] 369448K->21288K(1048064K), 0.0006097 secs] [Times: user=0.00 sys=0.00, real=0.00 secs] 
2024-10-04T19:49:15.673+0300: 1020.764: Total time for which application threads were stopped: 0.0009008 seconds, Stopping threads took: 0.0001793 seconds
2024-10-04T19:49:16.551+0300: 1021.641: Application time: 0.8768578 seconds
2024-10-04T19:49:16.551+0300: 1021.641: [GC (Allocation Failure) [PSYoungGen: 348528K->352K(348672K)] 369448K->21288K(1048064K), 0.0006104 secs] [Times: user=0.00 sys=0.00, real=0.00 secs] 
2024-10-04T19:49:16.551+0300: 1021.642: Total time for which application threads were stopped: 0.0008905 seconds, Stopping threads took: 0.0001553 seconds
2024-10-04T19:49:17.414+0300: 1022.513: Application time: 0.8714385 seconds
2024-10-04T19:49:17.430+0300: 1022.514: [GC (Allocation Failure) [PSYoungGen: 348512K->400K(348672K)] 369448K->21352K(1048064K), 0.0006221 secs] [Times: user=0.00 sys=0.00, real=0.00 secs] 
2024-10-04T19:49:17.430+0300: 1022.514: Total time for which application threads were stopped: 0.0009149 seconds, Stopping threads took: 0.0001831 seconds
2024-10-04T19:49:18.292+0300: 1023.391: Application time: 0.8766147 seconds
2024-10-04T19:49:18.308+0300: 1023.391: [GC (Allocation Failure) [PSYoungGen: 348560K->368K(348672K)] 369512K->21328K(1048064K), 0.0007751 secs] [Times: user=0.00 sys=0.00, real=0.00 secs] 
2024-10-04T19:49:18.308+0300: 1023.392: Total time for which application threads were stopped: 0.0011628 seconds, Stopping threads took: 0.0002022 seconds
2024-10-04T19:49:19.186+0300: 1024.270: Application time: 0.8781314 seconds
2024-10-04T19:49:19.186+0300: 1024.271: [GC (Allocation Failure) [PSYoungGen: 348528K->384K(348672K)] 369488K->21360K(1048064K), 0.0005511 secs] [Times: user=0.00 sys=0.00, real=0.00 secs] 
2024-10-04T19:49:19.186+0300: 1024.271: Total time for which application threads were stopped: 0.0008107 seconds, Stopping threads took: 0.0001621 seconds
2024-10-04T19:49:20.049+0300: 1025.148: Application time: 0.8764391 seconds
2024-10-04T19:49:20.049+0300: 1025.148: [GC (Allocation Failure) [PSYoungGen: 348544K->384K(348672K)] 369520K->21376K(1048064K), 0.0006141 secs] [Times: user=0.02 sys=0.00, real=0.01 secs] 
2024-10-04T19:49:20.064+0300: 1025.148: Total time for which application threads were stopped: 0.0008794 seconds, Stopping threads took: 0.0001676 seconds
2024-10-04T19:49:20.927+0300: 1026.023: Application time: 0.8750429 seconds
2024-10-04T19:49:20.927+0300: 1026.024: [GC (Allocation Failure) [PSYoungGen: 348544K->384K(348672K)] 369536K->21392K(1048064K), 0.0006674 secs] [Times: user=0.00 sys=0.00, real=0.00 secs] 
2024-10-04T19:49:20.927+0300: 1026.024: Total time for which application threads were stopped: 0.0009424 seconds, Stopping threads took: 0.0001740 seconds
2024-10-04T19:49:21.807+0300: 1026.905: Application time: 0.8806602 seconds
2024-10-04T19:49:21.807+0300: 1026.905: [GC (Allocation Failure) [PSYoungGen: 348544K->368K(348672K)] 369552K->21392K(1048064K), 0.0006487 secs] [Times: user=0.00 sys=0.00, real=0.00 secs] 
2024-10-04T19:49:21.822+0300: 1026.906: Total time for which application threads were stopped: 0.0008863 seconds, Stopping threads took: 0.0001358 seconds
2024-10-04T19:49:22.685+0300: 1027.780: Application time: 0.8735918 seconds
2024-10-04T19:49:22.685+0300: 1027.780: [GC (Allocation Failure) [PSYoungGen: 348528K->384K(348672K)] 369552K->21416K(1048064K), 0.0005971 secs] [Times: user=0.00 sys=0.00, real=0.00 secs] 
2024-10-04T19:49:22.685+0300: 1027.780: Total time for which application threads were stopped: 0.0008545 seconds, Stopping threads took: 0.0001578 seconds
2024-10-04T19:49:23.563+0300: 1028.660: Application time: 0.8797707 seconds
2024-10-04T19:49:23.563+0300: 1028.660: [GC (Allocation Failure) [PSYoungGen: 348544K->384K(348672K)] 369576K->21432K(1048064K), 0.0006280 secs] [Times: user=0.00 sys=0.00, real=0.00 secs] 
2024-10-04T19:49:23.563+0300: 1028.661: Total time for which application threads were stopped: 0.0009079 seconds, Stopping threads took: 0.0001698 seconds
2024-10-04T19:49:24.442+0300: 1029.533: Application time: 0.8722925 seconds
2024-10-04T19:49:24.442+0300: 1029.534: [GC (Allocation Failure) [PSYoungGen: 348544K->352K(348672K)] 369592K->21416K(1048064K), 0.0006137 secs] [Times: user=0.00 sys=0.00, real=0.00 secs] 
2024-10-04T19:49:24.442+0300: 1029.534: Total time for which application threads were stopped: 0.0009035 seconds, Stopping threads took: 0.0001938 seconds
2024-10-04T19:49:25.320+0300: 1030.413: Application time: 0.8788675 seconds
2024-10-04T19:49:25.320+0300: 1030.413: [GC (Allocation Failure) [PSYoungGen: 348512K->368K(348672K)] 369576K->21448K(1048064K), 0.0006163 secs] [Times: user=0.00 sys=0.00, real=0.00 secs] 
2024-10-04T19:49:25.320+0300: 1030.414: Total time for which application threads were stopped: 0.0009256 seconds, Stopping threads took: 0.0001917 seconds
2024-10-04T19:49:26.198+0300: 1031.292: Application time: 0.8774919 seconds
2024-10-04T19:49:26.198+0300: 1031.292: [GC (Allocation Failure) [PSYoungGen: 348528K->368K(348672K)] 369608K->21464K(1048064K), 0.0006047 secs] [Times: user=0.00 sys=0.00, real=0.00 secs] 
2024-10-04T19:49:26.198+0300: 1031.292: Total time for which application threads were stopped: 0.0008845 seconds, Stopping threads took: 0.0001830 seconds
2024-10-04T19:49:27.077+0300: 1032.171: Application time: 0.8787855 seconds
2024-10-04T19:49:27.077+0300: 1032.171: [GC (Allocation Failure) [PSYoungGen: 348528K->368K(348672K)] 369624K->21480K(1048064K), 0.0006556 secs] [Times: user=0.00 sys=0.00, real=0.00 secs] 
2024-10-04T19:49:27.077+0300: 1032.172: Total time for which application threads were stopped: 0.0009206 seconds, Stopping threads took: 0.0001479 seconds
2024-10-04T19:49:27.956+0300: 1033.049: Application time: 0.8768628 seconds
2024-10-04T19:49:27.956+0300: 1033.049: [GC (Allocation Failure) [PSYoungGen: 348528K->352K(348672K)] 369640K->21480K(1048064K), 0.0007049 secs] [Times: user=0.00 sys=0.00, real=0.00 secs] 
2024-10-04T19:49:27.956+0300: 1033.050: Total time for which application threads were stopped: 0.0009837 seconds, Stopping threads took: 0.0001809 seconds
2024-10-04T19:49:28.835+0300: 1033.930: Application time: 0.8801869 seconds
2024-10-04T19:49:28.835+0300: 1033.930: [GC (Allocation Failure) [PSYoungGen: 348512K->400K(348672K)] 369640K->21560K(1048064K), 0.0006314 secs] [Times: user=0.00 sys=0.00, real=0.00 secs] 
2024-10-04T19:49:28.835+0300: 1033.931: Total time for which application threads were stopped: 0.0009145 seconds, Stopping threads took: 0.0001895 seconds
2024-10-04T19:49:29.712+0300: 1034.811: Application time: 0.8795412 seconds
2024-10-04T19:49:29.712+0300: 1034.811: [GC (Allocation Failure) [PSYoungGen: 348560K->352K(348672K)] 369720K->21536K(1048064K), 0.0005668 secs] [Times: user=0.00 sys=0.00, real=0.00 secs] 
2024-10-04T19:49:29.712+0300: 1034.811: Total time for which application threads were stopped: 0.0007969 seconds, Stopping threads took: 0.0001362 seconds
2024-10-04T19:49:30.599+0300: 1035.688: Application time: 0.8769757 seconds
2024-10-04T19:49:30.599+0300: 1035.689: [GC (Allocation Failure) [PSYoungGen: 348512K->336K(348672K)] 369696K->21552K(1048064K), 0.0006064 secs] [Times: user=0.00 sys=0.00, real=0.00 secs] 
2024-10-04T19:49:30.599+0300: 1035.689: Total time for which application threads were stopped: 0.0008952 seconds, Stopping threads took: 0.0001644 seconds
2024-10-04T19:49:31.479+0300: 1036.563: Application time: 0.8737720 seconds
2024-10-04T19:49:31.479+0300: 1036.563: [GC (Allocation Failure) [PSYoungGen: 348496K->400K(348672K)] 369712K->21656K(1048064K), 0.0005912 secs] [Times: user=0.00 sys=0.00, real=0.00 secs] 
2024-10-04T19:49:31.480+0300: 1036.564: Total time for which application threads were stopped: 0.0008363 seconds, Stopping threads took: 0.0001430 seconds
2024-10-04T19:49:32.350+0300: 1037.444: Application time: 0.8797860 seconds
2024-10-04T19:49:32.350+0300: 1037.444: [GC (Allocation Failure) [PSYoungGen: 348560K->400K(348672K)] 369816K->21696K(1048064K), 0.0006364 secs] [Times: user=0.00 sys=0.00, real=0.00 secs] 
2024-10-04T19:49:32.350+0300: 1037.445: Total time for which application threads were stopped: 0.0008936 seconds, Stopping threads took: 0.0001654 seconds
2024-10-04T19:49:33.229+0300: 1038.324: Application time: 0.8797179 seconds
2024-10-04T19:49:33.229+0300: 1038.325: [GC (Allocation Failure) [PSYoungGen: 348560K->384K(348672K)] 369856K->21704K(1048064K), 0.0006329 secs] [Times: user=0.00 sys=0.00, real=0.00 secs] 
2024-10-04T19:49:33.229+0300: 1038.325: Total time for which application threads were stopped: 0.0008889 seconds, Stopping threads took: 0.0001422 seconds
2024-10-04T19:49:34.108+0300: 1039.207: Application time: 0.8813779 seconds
2024-10-04T19:49:34.108+0300: 1039.207: [GC (Allocation Failure) [PSYoungGen: 348544K->352K(348672K)] 369864K->21696K(1048064K), 0.0005728 secs] [Times: user=0.00 sys=0.00, real=0.01 secs] 
2024-10-04T19:49:34.123+0300: 1039.207: Total time for which application threads were stopped: 0.0007753 seconds, Stopping threads took: 0.0000995 seconds
2024-10-04T19:49:34.986+0300: 1040.083: Application time: 0.8752617 seconds
2024-10-04T19:49:34.986+0300: 1040.083: [GC (Allocation Failure) [PSYoungGen: 348512K->384K(348672K)] 369856K->21744K(1048064K), 0.0006655 secs] [Times: user=0.00 sys=0.00, real=0.00 secs] 
2024-10-04T19:49:34.986+0300: 1040.084: Total time for which application threads were stopped: 0.0009823 seconds, Stopping threads took: 0.0002149 seconds
2024-10-04T19:49:35.865+0300: 1040.959: Application time: 0.8755915 seconds
2024-10-04T19:49:35.865+0300: 1040.960: [GC (Allocation Failure) [PSYoungGen: 348544K->384K(348672K)] 369904K->21760K(1048064K), 0.0006678 secs] [Times: user=0.00 sys=0.00, real=0.00 secs] 
2024-10-04T19:49:35.865+0300: 1040.960: Total time for which application threads were stopped: 0.0009719 seconds, Stopping threads took: 0.0001728 seconds
2024-10-04T19:49:36.744+0300: 1041.840: Application time: 0.8793278 seconds
2024-10-04T19:49:36.744+0300: 1041.840: [GC (Allocation Failure) [PSYoungGen: 348544K->352K(348672K)] 369920K->21744K(1048064K), 0.0006136 secs] [Times: user=0.00 sys=0.00, real=0.00 secs] 
2024-10-04T19:49:36.744+0300: 1041.840: Total time for which application threads were stopped: 0.0008667 seconds, Stopping threads took: 0.0001570 seconds
2024-10-04T19:49:37.623+0300: 1042.721: Application time: 0.8802630 seconds
2024-10-04T19:49:37.623+0300: 1042.721: [GC (Allocation Failure) [PSYoungGen: 348512K->384K(348672K)] 369904K->21800K(1048064K), 0.0005972 secs] [Times: user=0.00 sys=0.00, real=0.00 secs] 
2024-10-04T19:49:37.623+0300: 1042.722: Total time for which application threads were stopped: 0.0008188 seconds, Stopping threads took: 0.0000849 seconds
2024-10-04T19:49:38.513+0300: 1043.599: Application time: 0.8775750 seconds
2024-10-04T19:49:38.513+0300: 1043.599: [GC (Allocation Failure) [PSYoungGen: 348544K->432K(348672K)] 369960K->21864K(1048064K), 0.0005714 secs] [Times: user=0.00 sys=0.00, real=0.00 secs] 
2024-10-04T19:49:38.513+0300: 1043.600: Total time for which application threads were stopped: 0.0008494 seconds, Stopping threads took: 0.0001518 seconds
2024-10-04T19:49:39.380+0300: 1044.476: Application time: 0.8764647 seconds
2024-10-04T19:49:39.380+0300: 1044.477: [GC (Allocation Failure) [PSYoungGen: 348592K->352K(348672K)] 370024K->21808K(1048064K), 0.0007019 secs] [Times: user=0.00 sys=0.00, real=0.00 secs] 
2024-10-04T19:49:39.380+0300: 1044.477: Total time for which application threads were stopped: 0.0009556 seconds, Stopping threads took: 0.0001557 seconds
2024-10-04T19:49:40.274+0300: 1045.358: Application time: 0.8809715 seconds
2024-10-04T19:49:40.274+0300: 1045.359: [GC (Allocation Failure) [PSYoungGen: 348512K->416K(348672K)] 369968K->21888K(1048064K), 0.0006234 secs] [Times: user=0.00 sys=0.00, real=0.00 secs] 
2024-10-04T19:49:40.274+0300: 1045.359: Total time for which application threads were stopped: 0.0008772 seconds, Stopping threads took: 0.0001366 seconds
2024-10-04T19:49:41.153+0300: 1046.237: Application time: 0.8776986 seconds
2024-10-04T19:49:41.153+0300: 1046.237: [GC (Allocation Failure) [PSYoungGen: 348576K->400K(348672K)] 370048K->21880K(1048064K), 0.0006159 secs] [Times: user=0.00 sys=0.00, real=0.00 secs] 
2024-10-04T19:49:41.153+0300: 1046.238: Total time for which application threads were stopped: 0.0008311 seconds, Stopping threads took: 0.0001163 seconds
2024-10-04T19:49:42.020+0300: 1047.114: Application time: 0.8764441 seconds
2024-10-04T19:49:42.020+0300: 1047.114: [GC (Allocation Failure) [PSYoungGen: 348560K->384K(348672K)] 370040K->21888K(1048064K), 0.0006202 secs] [Times: user=0.00 sys=0.00, real=0.00 secs] 
2024-10-04T19:49:42.020+0300: 1047.115: Total time for which application threads were stopped: 0.0008825 seconds, Stopping threads took: 0.0001662 seconds
2024-10-04T19:49:42.921+0300: 1048.005: Application time: 0.8901067 seconds
2024-10-04T19:49:42.921+0300: 1048.005: [GC (Allocation Failure) [PSYoungGen: 348544K->352K(348672K)] 370048K->21864K(1048064K), 0.0006408 secs] [Times: user=0.00 sys=0.00, real=0.00 secs] 
2024-10-04T19:49:42.921+0300: 1048.006: Total time for which application threads were stopped: 0.0009072 seconds, Stopping threads took: 0.0001480 seconds
2024-10-04T19:49:43.803+0300: 1048.898: Application time: 0.8920762 seconds
2024-10-04T19:49:43.803+0300: 1048.898: [GC (Allocation Failure) [PSYoungGen: 348512K->416K(348672K)] 370024K->21944K(1048064K), 0.0006744 secs] [Times: user=0.00 sys=0.00, real=0.00 secs] 
2024-10-04T19:49:43.803+0300: 1048.899: Total time for which application threads were stopped: 0.0009446 seconds, Stopping threads took: 0.0001618 seconds
2024-10-04T19:49:44.698+0300: 1049.785: Application time: 0.8856636 seconds
2024-10-04T19:49:44.698+0300: 1049.785: [GC (Allocation Failure) [PSYoungGen: 348576K->336K(348672K)] 370104K->21880K(1048064K), 0.0006171 secs] [Times: user=0.00 sys=0.00, real=0.00 secs] 
2024-10-04T19:49:44.698+0300: 1049.786: Total time for which application threads were stopped: 0.0008510 seconds, Stopping threads took: 0.0001240 seconds
2024-10-04T19:49:45.577+0300: 1050.663: Application time: 0.8769215 seconds
2024-10-04T19:49:45.577+0300: 1050.663: [GC (Allocation Failure) [PSYoungGen: 348496K->368K(348672K)] 370040K->21928K(1048064K), 0.0006034 secs] [Times: user=0.00 sys=0.00, real=0.00 secs] 
2024-10-04T19:49:45.577+0300: 1050.663: Total time for which application threads were stopped: 0.0008169 seconds, Stopping threads took: 0.0000974 seconds
2024-10-04T19:49:46.440+0300: 1051.539: Application time: 0.8751144 seconds
2024-10-04T19:49:46.440+0300: 1051.539: [GC (Allocation Failure) [PSYoungGen: 348528K->384K(348672K)] 370088K->21960K(1048064K), 0.0006773 secs] [Times: user=0.00 sys=0.00, real=0.02 secs] 
2024-10-04T19:49:46.456+0300: 1051.540: Total time for which application threads were stopped: 0.0010238 seconds, Stopping threads took: 0.0002108 seconds
2024-10-04T19:49:47.334+0300: 1052.431: Application time: 0.8913132 seconds
2024-10-04T19:49:47.334+0300: 1052.431: [GC (Allocation Failure) [PSYoungGen: 348544K->384K(348672K)] 370120K->21976K(1048064K), 0.0006416 secs] [Times: user=0.00 sys=0.00, real=0.00 secs] 
2024-10-04T19:49:47.334+0300: 1052.432: Total time for which application threads were stopped: 0.0008624 seconds, Stopping threads took: 0.0001204 seconds
2024-10-04T19:49:48.228+0300: 1053.314: Application time: 0.8818179 seconds
2024-10-04T19:49:48.228+0300: 1053.314: [GC (Allocation Failure) [PSYoungGen: 348544K->400K(348672K)] 370136K->22008K(1048064K), 0.0006185 secs] [Times: user=0.00 sys=0.00, real=0.00 secs] 
2024-10-04T19:49:48.228+0300: 1053.314: Total time for which application threads were stopped: 0.0008471 seconds, Stopping threads took: 0.0001097 seconds
2024-10-04T19:49:49.107+0300: 1054.199: Application time: 0.8842808 seconds
2024-10-04T19:49:49.107+0300: 1054.199: [GC (Allocation Failure) [PSYoungGen: 348560K->416K(348672K)] 370168K->22032K(1048064K), 0.0006577 secs] [Times: user=0.00 sys=0.00, real=0.00 secs] 
2024-10-04T19:49:49.107+0300: 1054.200: Total time for which application threads were stopped: 0.0008985 seconds, Stopping threads took: 0.0001392 seconds
2024-10-04T19:49:49.986+0300: 1055.084: Application time: 0.8843131 seconds
2024-10-04T19:49:49.986+0300: 1055.084: [GC (Allocation Failure) [PSYoungGen: 348576K->368K(348672K)] 370192K->22024K(1048064K), 0.0006412 secs] [Times: user=0.00 sys=0.00, real=0.00 secs] 
2024-10-04T19:49:49.986+0300: 1055.085: Total time for which application threads were stopped: 0.0009016 seconds, Stopping threads took: 0.0001472 seconds
2024-10-04T19:49:50.865+0300: 1055.960: Application time: 0.8752199 seconds
2024-10-04T19:49:50.865+0300: 1055.960: [GC (Allocation Failure) [PSYoungGen: 348528K->384K(348672K)] 370184K->22072K(1048064K), 0.0006293 secs] [Times: user=0.00 sys=0.00, real=0.00 secs] 
2024-10-04T19:49:50.865+0300: 1055.961: Total time for which application threads were stopped: 0.0008973 seconds, Stopping threads took: 0.0001717 seconds
2024-10-04T19:49:51.760+0300: 1056.844: Application time: 0.8830014 seconds
2024-10-04T19:49:51.760+0300: 1056.844: [GC (Allocation Failure) [PSYoungGen: 348544K->400K(348672K)] 370232K->22104K(1048064K), 0.0008188 secs] [Times: user=0.00 sys=0.00, real=0.00 secs] 
2024-10-04T19:49:51.760+0300: 1056.845: Total time for which application threads were stopped: 0.0010782 seconds, Stopping threads took: 0.0001238 seconds
2024-10-04T19:49:52.640+0300: 1057.724: Application time: 0.8788902 seconds
2024-10-04T19:49:52.640+0300: 1057.724: [GC (Allocation Failure) [PSYoungGen: 348560K->400K(348672K)] 370264K->22120K(1048064K), 0.0006582 secs] [Times: user=0.00 sys=0.00, real=0.00 secs] 
2024-10-04T19:49:52.640+0300: 1057.725: Total time for which application threads were stopped: 0.0008855 seconds, Stopping threads took: 0.0001256 seconds
2024-10-04T19:49:53.517+0300: 1058.605: Application time: 0.8804105 seconds
2024-10-04T19:49:53.517+0300: 1058.605: [GC (Allocation Failure) [PSYoungGen: 348560K->384K(348672K)] 370280K->22120K(1048064K), 0.0006360 secs] [Times: user=0.00 sys=0.00, real=0.00 secs] 
2024-10-04T19:49:53.517+0300: 1058.606: Total time for which application threads were stopped: 0.0009400 seconds, Stopping threads took: 0.0001645 seconds
2024-10-04T19:49:54.380+0300: 1059.479: Application time: 0.8730308 seconds
2024-10-04T19:49:54.396+0300: 1059.479: [GC (Allocation Failure) [PSYoungGen: 348544K->416K(348672K)] 370280K->22168K(1048064K), 0.0005639 secs] [Times: user=0.00 sys=0.00, real=0.00 secs] 
2024-10-04T19:49:54.396+0300: 1059.480: Total time for which application threads were stopped: 0.0008952 seconds, Stopping threads took: 0.0002280 seconds
2024-10-04T19:49:55.258+0300: 1060.357: Application time: 0.8766219 seconds
2024-10-04T19:49:55.258+0300: 1060.357: [GC (Allocation Failure) [PSYoungGen: 348576K->384K(348672K)] 370328K->22152K(1048064K), 0.0006200 secs] [Times: user=0.00 sys=0.00, real=0.00 secs] 
2024-10-04T19:49:55.258+0300: 1060.358: Total time for which application threads were stopped: 0.0009140 seconds, Stopping threads took: 0.0001866 seconds
2024-10-04T19:49:56.153+0300: 1061.237: Application time: 0.8791692 seconds
2024-10-04T19:49:56.153+0300: 1061.237: [GC (Allocation Failure) [PSYoungGen: 348544K->416K(348672K)] 370312K->22200K(1048064K), 0.0006233 secs] [Times: user=0.00 sys=0.00, real=0.00 secs] 
2024-10-04T19:49:56.153+0300: 1061.238: Total time for which application threads were stopped: 0.0009126 seconds, Stopping threads took: 0.0001644 seconds
2024-10-04T19:49:57.031+0300: 1062.116: Application time: 0.8783699 seconds
2024-10-04T19:49:57.031+0300: 1062.116: [GC (Allocation Failure) [PSYoungGen: 348576K->384K(348672K)] 370360K->22184K(1048064K), 0.0005782 secs] [Times: user=0.00 sys=0.00, real=0.00 secs] 
2024-10-04T19:49:57.031+0300: 1062.117: Total time for which application threads were stopped: 0.0008065 seconds, Stopping threads took: 0.0001261 seconds
2024-10-04T19:49:57.910+0300: 1062.996: Application time: 0.8795697 seconds
2024-10-04T19:49:57.910+0300: 1062.997: [GC (Allocation Failure) [PSYoungGen: 348544K->384K(348672K)] 370344K->22200K(1048064K), 0.0006860 secs] [Times: user=0.00 sys=0.00, real=0.00 secs] 
2024-10-04T19:49:57.910+0300: 1062.997: Total time for which application threads were stopped: 0.0009405 seconds, Stopping threads took: 0.0001505 seconds
2024-10-04T19:49:58.788+0300: 1063.880: Application time: 0.8825679 seconds
2024-10-04T19:49:58.788+0300: 1063.880: [GC (Allocation Failure) [PSYoungGen: 348544K->400K(348672K)] 370360K->22232K(1048064K), 0.0006423 secs] [Times: user=0.00 sys=0.00, real=0.00 secs] 
2024-10-04T19:49:58.788+0300: 1063.881: Total time for which application threads were stopped: 0.0009064 seconds, Stopping threads took: 0.0001525 seconds
2024-10-04T19:49:59.667+0300: 1064.760: Application time: 0.8788130 seconds
2024-10-04T19:49:59.667+0300: 1064.760: [GC (Allocation Failure) [PSYoungGen: 348560K->368K(348672K)] 370392K->22208K(1048064K), 0.0005919 secs] [Times: user=0.00 sys=0.00, real=0.00 secs] 
2024-10-04T19:49:59.667+0300: 1064.761: Total time for which application threads were stopped: 0.0008544 seconds, Stopping threads took: 0.0001597 seconds
2024-10-04T19:50:00.561+0300: 1065.648: Application time: 0.8875711 seconds
2024-10-04T19:50:00.561+0300: 1065.648: [GC (Allocation Failure) [PSYoungGen: 348528K->352K(348672K)] 370368K->22216K(1048064K), 0.0006571 secs] [Times: user=0.00 sys=0.00, real=0.00 secs] 
2024-10-04T19:50:00.561+0300: 1065.649: Total time for which application threads were stopped: 0.0009158 seconds, Stopping threads took: 0.0001184 seconds
2024-10-04T19:50:01.467+0300: 1066.550: Application time: 0.9014513 seconds
2024-10-04T19:50:01.467+0300: 1066.551: [GC (Allocation Failure) [PSYoungGen: 348512K->352K(348672K)] 370376K->22224K(1048064K), 0.0007234 secs] [Times: user=0.00 sys=0.00, real=0.00 secs] 
2024-10-04T19:50:01.467+0300: 1066.551: Total time for which application threads were stopped: 0.0010086 seconds, Stopping threads took: 0.0001585 seconds
2024-10-04T19:50:02.358+0300: 1067.442: Application time: 0.8901506 seconds
2024-10-04T19:50:02.358+0300: 1067.442: [GC (Allocation Failure) [PSYoungGen: 348512K->352K(348672K)] 370384K->22240K(1048064K), 0.0006279 secs] [Times: user=0.00 sys=0.00, real=0.00 secs] 
2024-10-04T19:50:02.358+0300: 1067.443: Total time for which application threads were stopped: 0.0009386 seconds, Stopping threads took: 0.0002170 seconds
2024-10-04T19:50:03.229+0300: 1068.319: Application time: 0.8766948 seconds
2024-10-04T19:50:03.229+0300: 1068.320: [GC (Allocation Failure) [PSYoungGen: 348512K->400K(348672K)] 370400K->22312K(1048064K), 0.0006052 secs] [Times: user=0.00 sys=0.00, real=0.00 secs] 
2024-10-04T19:50:03.229+0300: 1068.320: Total time for which application threads were stopped: 0.0009048 seconds, Stopping threads took: 0.0001687 seconds
2024-10-04T19:50:04.108+0300: 1069.197: Application time: 0.8765303 seconds
2024-10-04T19:50:04.108+0300: 1069.197: [GC (Allocation Failure) [PSYoungGen: 348560K->400K(348672K)] 370472K->22328K(1048064K), 0.0006403 secs] [Times: user=0.00 sys=0.00, real=0.00 secs] 
2024-10-04T19:50:04.108+0300: 1069.198: Total time for which application threads were stopped: 0.0009286 seconds, Stopping threads took: 0.0001944 seconds
2024-10-04T19:50:04.986+0300: 1070.077: Application time: 0.8794002 seconds
2024-10-04T19:50:04.986+0300: 1070.077: [GC (Allocation Failure) [PSYoungGen: 348560K->352K(348672K)] 370488K->22304K(1048064K), 0.0006101 secs] [Times: user=0.00 sys=0.00, real=0.00 secs] 
2024-10-04T19:50:04.986+0300: 1070.078: Total time for which application threads were stopped: 0.0008889 seconds, Stopping threads took: 0.0001573 seconds
2024-10-04T19:50:05.865+0300: 1070.957: Application time: 0.8791863 seconds
2024-10-04T19:50:05.865+0300: 1070.957: [GC (Allocation Failure) [PSYoungGen: 348512K->400K(348672K)] 370464K->22368K(1048064K), 0.0006068 secs] [Times: user=0.00 sys=0.00, real=0.00 secs] 
2024-10-04T19:50:05.865+0300: 1070.958: Total time for which application threads were stopped: 0.0008667 seconds, Stopping threads took: 0.0001654 seconds
2024-10-04T19:50:06.743+0300: 1071.833: Application time: 0.8754247 seconds
2024-10-04T19:50:06.743+0300: 1071.834: [GC (Allocation Failure) [PSYoungGen: 348560K->384K(348672K)] 370528K->22376K(1048064K), 0.0005856 secs] [Times: user=0.00 sys=0.00, real=0.00 secs] 
2024-10-04T19:50:06.743+0300: 1071.834: Total time for which application threads were stopped: 0.0008622 seconds, Stopping threads took: 0.0001872 seconds
2024-10-04T19:50:07.622+0300: 1072.717: Application time: 0.8832066 seconds
2024-10-04T19:50:07.622+0300: 1072.718: [GC (Allocation Failure) [PSYoungGen: 348544K->400K(348672K)] 370536K->22408K(1048064K), 0.0006206 secs] [Times: user=0.00 sys=0.00, real=0.00 secs] 
2024-10-04T19:50:07.622+0300: 1072.718: Total time for which application threads were stopped: 0.0009126 seconds, Stopping threads took: 0.0001844 seconds
2024-10-04T19:50:08.500+0300: 1073.593: Application time: 0.8744241 seconds
2024-10-04T19:50:08.500+0300: 1073.593: [GC (Allocation Failure) [PSYoungGen: 348560K->384K(348672K)] 370568K->22416K(1048064K), 0.0006178 secs] [Times: user=0.00 sys=0.00, real=0.00 secs] 
2024-10-04T19:50:08.500+0300: 1073.594: Total time for which application threads were stopped: 0.0009196 seconds, Stopping threads took: 0.0001675 seconds
2024-10-04T19:50:09.378+0300: 1074.475: Application time: 0.8811100 seconds
2024-10-04T19:50:09.378+0300: 1074.475: [GC (Allocation Failure) [PSYoungGen: 348544K->336K(348672K)] 370576K->22400K(1048064K), 0.0006303 secs] [Times: user=0.00 sys=0.00, real=0.00 secs] 
2024-10-04T19:50:09.378+0300: 1074.476: Total time for which application threads were stopped: 0.0008828 seconds, Stopping threads took: 0.0001507 seconds
2024-10-04T19:50:10.272+0300: 1075.356: Application time: 0.8804320 seconds
2024-10-04T19:50:10.272+0300: 1075.356: [GC (Allocation Failure) [PSYoungGen: 348496K->384K(348672K)] 370560K->22472K(1048064K), 0.0006475 secs] [Times: user=0.00 sys=0.00, real=0.00 secs] 
2024-10-04T19:50:10.272+0300: 1075.357: Total time for which application threads were stopped: 0.0008898 seconds, Stopping threads took: 0.0001179 seconds
2024-10-04T19:50:11.151+0300: 1076.237: Application time: 0.8800229 seconds
2024-10-04T19:50:11.151+0300: 1076.237: [GC (Allocation Failure) [PSYoungGen: 348544K->352K(348672K)] 370632K->22480K(1048064K), 0.0006391 secs] [Times: user=0.00 sys=0.00, real=0.00 secs] 
2024-10-04T19:50:11.151+0300: 1076.238: Total time for which application threads were stopped: 0.0008492 seconds, Stopping threads took: 0.0001138 seconds
2024-10-04T19:50:12.030+0300: 1077.118: Application time: 0.8797358 seconds
2024-10-04T19:50:12.030+0300: 1077.118: [GC (Allocation Failure) [PSYoungGen: 348512K->368K(348672K)] 370640K->22512K(1048064K), 0.0005828 secs] [Times: user=0.00 sys=0.00, real=0.00 secs] 
2024-10-04T19:50:12.030+0300: 1077.119: Total time for which application threads were stopped: 0.0008441 seconds, Stopping threads took: 0.0001663 seconds
2024-10-04T19:50:12.909+0300: 1077.997: Application time: 0.8782632 seconds
2024-10-04T19:50:12.909+0300: 1077.997: [GC (Allocation Failure) [PSYoungGen: 348528K->368K(348672K)] 370672K->22528K(1048064K), 0.0006187 secs] [Times: user=0.00 sys=0.00, real=0.00 secs] 
2024-10-04T19:50:12.909+0300: 1077.998: Total time for which application threads were stopped: 0.0008753 seconds, Stopping threads took: 0.0001361 seconds
2024-10-04T19:50:13.794+0300: 1078.878: Application time: 0.8805726 seconds
2024-10-04T19:50:13.794+0300: 1078.878: [GC (Allocation Failure) [PSYoungGen: 348528K->352K(348672K)] 370688K->22536K(1048064K), 0.0006160 secs] [Times: user=0.00 sys=0.00, real=0.00 secs] 
2024-10-04T19:50:13.794+0300: 1078.879: Total time for which application threads were stopped: 0.0008559 seconds, Stopping threads took: 0.0001462 seconds
2024-10-04T19:50:14.667+0300: 1079.762: Application time: 0.8825813 seconds
2024-10-04T19:50:14.667+0300: 1079.762: [GC (Allocation Failure) [PSYoungGen: 348512K->336K(348672K)] 370696K->22536K(1048064K), 0.0005433 secs] [Times: user=0.00 sys=0.00, real=0.00 secs] 
2024-10-04T19:50:14.667+0300: 1079.763: Total time for which application threads were stopped: 0.0008159 seconds, Stopping threads took: 0.0001706 seconds
2024-10-04T19:50:15.546+0300: 1080.644: Application time: 0.8811134 seconds
2024-10-04T19:50:15.546+0300: 1080.644: [GC (Allocation Failure) [PSYoungGen: 348496K->384K(348672K)] 370696K->22592K(1048064K), 0.0005752 secs] [Times: user=0.00 sys=0.00, real=0.00 secs] 
2024-10-04T19:50:15.546+0300: 1080.644: Total time for which application threads were stopped: 0.0008615 seconds, Stopping threads took: 0.0001680 seconds
2024-10-04T19:50:16.424+0300: 1081.518: Application time: 0.8737969 seconds
2024-10-04T19:50:16.424+0300: 1081.519: [GC (Allocation Failure) [PSYoungGen: 348544K->416K(348672K)] 370752K->22640K(1048064K), 0.0006553 secs] [Times: user=0.00 sys=0.00, real=0.00 secs] 
2024-10-04T19:50:16.424+0300: 1081.519: Total time for which application threads were stopped: 0.0009812 seconds, Stopping threads took: 0.0002248 seconds
2024-10-04T19:50:17.317+0300: 1082.403: Application time: 0.8838370 seconds
2024-10-04T19:50:17.317+0300: 1082.403: [GC (Allocation Failure) [PSYoungGen: 348576K->368K(348672K)] 370800K->22600K(1048064K), 0.0006550 secs] [Times: user=0.00 sys=0.00, real=0.00 secs] 
2024-10-04T19:50:17.317+0300: 1082.404: Total time for which application threads were stopped: 0.0009201 seconds, Stopping threads took: 0.0001563 seconds
2024-10-04T19:50:18.197+0300: 1083.284: Application time: 0.8801194 seconds
2024-10-04T19:50:18.197+0300: 1083.284: [GC (Allocation Failure) [PSYoungGen: 348528K->400K(348672K)] 370760K->22648K(1048064K), 0.0006506 secs] [Times: user=0.00 sys=0.00, real=0.00 secs] 
2024-10-04T19:50:18.197+0300: 1083.285: Total time for which application threads were stopped: 0.0009174 seconds, Stopping threads took: 0.0001502 seconds
2024-10-04T19:50:19.087+0300: 1084.172: Application time: 0.8867717 seconds
2024-10-04T19:50:19.087+0300: 1084.172: [GC (Allocation Failure) [PSYoungGen: 348560K->400K(348672K)] 370808K->22664K(1048064K), 0.0006156 secs] [Times: user=0.00 sys=0.00, real=0.00 secs] 
2024-10-04T19:50:19.087+0300: 1084.173: Total time for which application threads were stopped: 0.0008969 seconds, Stopping threads took: 0.0001542 seconds
2024-10-04T19:50:19.970+0300: 1085.055: Application time: 0.8823679 seconds
2024-10-04T19:50:19.970+0300: 1085.055: [GC (Allocation Failure) [PSYoungGen: 348560K->368K(348672K)] 370824K->22648K(1048064K), 0.0006002 secs] [Times: user=0.00 sys=0.00, real=0.00 secs] 
2024-10-04T19:50:19.970+0300: 1085.056: Total time for which application threads were stopped: 0.0008426 seconds, Stopping threads took: 0.0001082 seconds
2024-10-04T19:50:20.849+0300: 1085.935: Application time: 0.8788877 seconds
2024-10-04T19:50:20.849+0300: 1085.935: [GC (Allocation Failure) [PSYoungGen: 348528K->384K(348672K)] 370808K->22680K(1048064K), 0.0006052 secs] [Times: user=0.00 sys=0.00, real=0.00 secs] 
2024-10-04T19:50:20.849+0300: 1085.936: Total time for which application threads were stopped: 0.0008430 seconds, Stopping threads took: 0.0001178 seconds
2024-10-04T19:50:21.728+0300: 1086.818: Application time: 0.8823669 seconds
2024-10-04T19:50:21.728+0300: 1086.818: [GC (Allocation Failure) [PSYoungGen: 348544K->336K(348672K)] 370840K->22648K(1048064K), 0.0006576 secs] [Times: user=0.00 sys=0.00, real=0.00 secs] 
2024-10-04T19:50:21.728+0300: 1086.819: Total time for which application threads were stopped: 0.0009416 seconds, Stopping threads took: 0.0001551 seconds
2024-10-04T19:50:22.606+0300: 1087.698: Application time: 0.8793403 seconds
2024-10-04T19:50:22.606+0300: 1087.699: [GC (Allocation Failure) [PSYoungGen: 348496K->384K(348672K)] 370808K->22712K(1048064K), 0.0006169 secs] [Times: user=0.00 sys=0.00, real=0.00 secs] 
2024-10-04T19:50:22.606+0300: 1087.699: Total time for which application threads were stopped: 0.0009234 seconds, Stopping threads took: 0.0001493 seconds
2024-10-04T19:50:23.484+0300: 1088.572: Application time: 0.8725274 seconds
2024-10-04T19:50:23.484+0300: 1088.572: [GC (Allocation Failure) [PSYoungGen: 348544K->368K(348672K)] 370872K->22712K(1048064K), 0.0006087 secs] [Times: user=0.00 sys=0.00, real=0.00 secs] 
2024-10-04T19:50:23.484+0300: 1088.573: Total time for which application threads were stopped: 0.0008539 seconds, Stopping threads took: 0.0001211 seconds
2024-10-04T19:50:24.367+0300: 1089.452: Application time: 0.8793664 seconds
2024-10-04T19:50:24.368+0300: 1089.452: [GC (Allocation Failure) [PSYoungGen: 348528K->336K(348672K)] 370872K->22696K(1048064K), 0.0006199 secs] [Times: user=0.00 sys=0.00, real=0.00 secs] 
2024-10-04T19:50:24.368+0300: 1089.453: Total time for which application threads were stopped: 0.0008957 seconds, Stopping threads took: 0.0001506 seconds
2024-10-04T19:50:25.257+0300: 1090.351: Application time: 0.8976837 seconds
2024-10-04T19:50:25.257+0300: 1090.351: [GC (Allocation Failure) [PSYoungGen: 348496K->368K(348672K)] 370856K->22744K(1048064K), 0.0005825 secs] [Times: user=0.00 sys=0.00, real=0.00 secs] 
2024-10-04T19:50:25.257+0300: 1090.352: Total time for which application threads were stopped: 0.0009354 seconds, Stopping threads took: 0.0002281 seconds
2024-10-04T19:50:26.152+0300: 1091.248: Application time: 0.8963596 seconds
2024-10-04T19:50:26.152+0300: 1091.248: [GC (Allocation Failure) [PSYoungGen: 348528K->416K(348672K)] 370904K->22800K(1048064K), 0.0006324 secs] [Times: user=0.00 sys=0.00, real=0.00 secs] 
2024-10-04T19:50:26.152+0300: 1091.249: Total time for which application threads were stopped: 0.0009067 seconds, Stopping threads took: 0.0001434 seconds
2024-10-04T19:50:27.062+0300: 1092.148: Application time: 0.8995286 seconds
2024-10-04T19:50:27.062+0300: 1092.149: [GC (Allocation Failure) [PSYoungGen: 348576K->352K(348672K)] 370960K->22744K(1048064K), 0.0006803 secs] [Times: user=0.00 sys=0.00, real=0.00 secs] 
2024-10-04T19:50:27.062+0300: 1092.149: Total time for which application threads were stopped: 0.0009549 seconds, Stopping threads took: 0.0001308 seconds
2024-10-04T19:50:27.941+0300: 1093.036: Application time: 0.8864829 seconds
2024-10-04T19:50:27.941+0300: 1093.036: [GC (Allocation Failure) [PSYoungGen: 348512K->384K(348672K)] 370904K->22784K(1048064K), 0.0006593 secs] [Times: user=0.00 sys=0.00, real=0.00 secs] 
2024-10-04T19:50:27.941+0300: 1093.037: Total time for which application threads were stopped: 0.0009809 seconds, Stopping threads took: 0.0002087 seconds
2024-10-04T19:50:28.820+0300: 1093.918: Application time: 0.8808705 seconds
2024-10-04T19:50:28.820+0300: 1093.918: [GC (Allocation Failure) [PSYoungGen: 348544K->368K(348672K)] 370944K->22784K(1048064K), 0.0006152 secs] [Times: user=0.00 sys=0.00, real=0.00 secs] 
2024-10-04T19:50:28.820+0300: 1093.919: Total time for which application threads were stopped: 0.0008980 seconds, Stopping threads took: 0.0001642 seconds
2024-10-04T19:50:29.714+0300: 1094.803: Application time: 0.8847155 seconds
2024-10-04T19:50:29.714+0300: 1094.804: [GC (Allocation Failure) [PSYoungGen: 348528K->368K(348672K)] 370944K->22800K(1048064K), 0.0006014 secs] [Times: user=0.00 sys=0.00, real=0.00 secs] 
2024-10-04T19:50:29.714+0300: 1094.804: Total time for which application threads were stopped: 0.0008778 seconds, Stopping threads took: 0.0001819 seconds
2024-10-04T19:50:30.592+0300: 1095.682: Application time: 0.8780227 seconds
2024-10-04T19:50:30.592+0300: 1095.682: [GC (Allocation Failure) [PSYoungGen: 348528K->368K(348672K)] 370960K->22808K(1048064K), 0.0006410 secs] [Times: user=0.00 sys=0.00, real=0.00 secs] 
2024-10-04T19:50:30.592+0300: 1095.683: Total time for which application threads were stopped: 0.0009370 seconds, Stopping threads took: 0.0001640 seconds
2024-10-04T19:50:31.470+0300: 1096.558: Application time: 0.8744835 seconds
2024-10-04T19:50:31.470+0300: 1096.558: [GC (Allocation Failure) [PSYoungGen: 348528K->368K(348672K)] 370968K->22824K(1048064K), 0.0006479 secs] [Times: user=0.00 sys=0.00, real=0.00 secs] 
2024-10-04T19:50:31.470+0300: 1096.559: Total time for which application threads were stopped: 0.0009118 seconds, Stopping threads took: 0.0001613 seconds
2024-10-04T19:50:32.349+0300: 1097.438: Application time: 0.8793008 seconds
2024-10-04T19:50:32.349+0300: 1097.438: [GC (Allocation Failure) [PSYoungGen: 348528K->352K(348672K)] 370984K->22848K(1048064K), 0.0005957 secs] [Times: user=0.00 sys=0.00, real=0.00 secs] 
2024-10-04T19:50:32.349+0300: 1097.439: Total time for which application threads were stopped: 0.0008305 seconds, Stopping threads took: 0.0001350 seconds
2024-10-04T19:50:33.227+0300: 1098.318: Application time: 0.8792406 seconds
2024-10-04T19:50:33.227+0300: 1098.318: [GC (Allocation Failure) [PSYoungGen: 348512K->384K(348672K)] 371008K->22896K(1048064K), 0.0007207 secs] [Times: user=0.00 sys=0.00, real=0.00 secs] 
2024-10-04T19:50:33.227+0300: 1098.319: Total time for which application threads were stopped: 0.0009841 seconds, Stopping threads took: 0.0001672 seconds
2024-10-04T19:50:34.114+0300: 1099.203: Application time: 0.8839211 seconds
2024-10-04T19:50:34.114+0300: 1099.203: [GC (Allocation Failure) [PSYoungGen: 348544K->368K(348672K)] 371056K->22896K(1048064K), 0.0006003 secs] [Times: user=0.00 sys=0.00, real=0.00 secs] 
2024-10-04T19:50:34.114+0300: 1099.204: Total time for which application threads were stopped: 0.0008898 seconds, Stopping threads took: 0.0001444 seconds
2024-10-04T19:50:34.999+0300: 1100.088: Application time: 0.8844214 seconds
2024-10-04T19:50:34.999+0300: 1100.088: [GC (Allocation Failure) [PSYoungGen: 348528K->352K(348672K)] 371056K->22904K(1048064K), 0.0005898 secs] [Times: user=0.00 sys=0.00, real=0.00 secs] 
2024-10-04T19:50:34.999+0300: 1100.089: Total time for which application threads were stopped: 0.0008699 seconds, Stopping threads took: 0.0001670 seconds
2024-10-04T19:50:35.878+0300: 1100.970: Application time: 0.8811357 seconds
2024-10-04T19:50:35.878+0300: 1100.970: [GC (Allocation Failure) [PSYoungGen: 348512K->368K(348672K)] 371064K->22936K(1048064K), 0.0006927 secs] [Times: user=0.00 sys=0.00, real=0.00 secs] 
2024-10-04T19:50:35.878+0300: 1100.971: Total time for which application threads were stopped: 0.0009902 seconds, Stopping threads took: 0.0001802 seconds
2024-10-04T19:50:36.757+0300: 1101.850: Application time: 0.8790422 seconds
2024-10-04T19:50:36.757+0300: 1101.850: [GC (Allocation Failure) [PSYoungGen: 348528K->400K(348672K)] 371096K->22992K(1048064K), 0.0005758 secs] [Times: user=0.00 sys=0.00, real=0.00 secs] 
2024-10-04T19:50:36.757+0300: 1101.851: Total time for which application threads were stopped: 0.0008335 seconds, Stopping threads took: 0.0001266 seconds
2024-10-04T19:50:37.636+0300: 1102.730: Application time: 0.8794578 seconds
2024-10-04T19:50:37.636+0300: 1102.731: [GC (Allocation Failure) [PSYoungGen: 348560K->432K(348672K)] 371152K->23040K(1048064K), 0.0006130 secs] [Times: user=0.00 sys=0.00, real=0.00 secs] 
2024-10-04T19:50:37.636+0300: 1102.731: Total time for which application threads were stopped: 0.0008590 seconds, Stopping threads took: 0.0001282 seconds
2024-10-04T19:50:38.522+0300: 1103.607: Application time: 0.8758533 seconds
2024-10-04T19:50:38.522+0300: 1103.607: [GC (Allocation Failure) [PSYoungGen: 348592K->384K(348672K)] 371200K->23000K(1048064K), 0.0006318 secs] [Times: user=0.00 sys=0.00, real=0.00 secs] 
2024-10-04T19:50:38.522+0300: 1103.608: Total time for which application threads were stopped: 0.0009259 seconds, Stopping threads took: 0.0001810 seconds
2024-10-04T19:50:39.394+0300: 1104.484: Application time: 0.8759483 seconds
2024-10-04T19:50:39.394+0300: 1104.484: [GC (Allocation Failure) [PSYoungGen: 348544K->368K(348672K)] 371160K->22992K(1048064K), 0.0005722 secs] [Times: user=0.00 sys=0.00, real=0.00 secs] 
2024-10-04T19:50:39.394+0300: 1104.485: Total time for which application threads were stopped: 0.0008523 seconds, Stopping threads took: 0.0001753 seconds
2024-10-04T19:50:40.272+0300: 1105.370: Application time: 0.8853143 seconds
2024-10-04T19:50:40.272+0300: 1105.370: [GC (Allocation Failure) [PSYoungGen: 348528K->384K(348672K)] 371152K->23024K(1048064K), 0.0006452 secs] [Times: user=0.00 sys=0.00, real=0.00 secs] 
2024-10-04T19:50:40.272+0300: 1105.371: Total time for which application threads were stopped: 0.0009391 seconds, Stopping threads took: 0.0001801 seconds
2024-10-04T19:50:41.166+0300: 1106.257: Application time: 0.8856182 seconds
2024-10-04T19:50:41.166+0300: 1106.257: [GC (Allocation Failure) [PSYoungGen: 348544K->416K(348672K)] 371184K->23072K(1048064K), 0.0006148 secs] [Times: user=0.00 sys=0.00, real=0.00 secs] 
2024-10-04T19:50:41.166+0300: 1106.258: Total time for which application threads were stopped: 0.0009104 seconds, Stopping threads took: 0.0001786 seconds
2024-10-04T19:50:42.046+0300: 1107.139: Application time: 0.8814668 seconds
2024-10-04T19:50:42.046+0300: 1107.139: [GC (Allocation Failure) [PSYoungGen: 348576K->400K(348672K)] 371232K->23072K(1048064K), 0.0006085 secs] [Times: user=0.00 sys=0.00, real=0.00 secs] 
2024-10-04T19:50:42.046+0300: 1107.140: Total time for which application threads were stopped: 0.0008426 seconds, Stopping threads took: 0.0001361 seconds
2024-10-04T19:50:42.930+0300: 1108.018: Application time: 0.8779492 seconds
2024-10-04T19:50:42.930+0300: 1108.018: [GC (Allocation Failure) [PSYoungGen: 348560K->384K(348672K)] 371232K->23072K(1048064K), 0.0005713 secs] [Times: user=0.00 sys=0.00, real=0.00 secs] 
2024-10-04T19:50:42.930+0300: 1108.019: Total time for which application threads were stopped: 0.0008046 seconds, Stopping threads took: 0.0001324 seconds
2024-10-04T19:50:43.803+0300: 1108.896: Application time: 0.8774148 seconds
2024-10-04T19:50:43.803+0300: 1108.896: [GC (Allocation Failure) [PSYoungGen: 348544K->384K(348672K)] 371232K->23088K(1048064K), 0.0005793 secs] [Times: user=0.00 sys=0.00, real=0.00 secs] 
2024-10-04T19:50:43.803+0300: 1108.897: Total time for which application threads were stopped: 0.0008293 seconds, Stopping threads took: 0.0001485 seconds
2024-10-04T19:50:44.697+0300: 1109.781: Application time: 0.8835430 seconds
2024-10-04T19:50:44.697+0300: 1109.781: [GC (Allocation Failure) [PSYoungGen: 348544K->352K(348672K)] 371248K->23072K(1048064K), 0.0006098 secs] [Times: user=0.00 sys=0.00, real=0.00 secs] 
2024-10-04T19:50:44.697+0300: 1109.781: Total time for which application threads were stopped: 0.0008794 seconds, Stopping threads took: 0.0001386 seconds
2024-10-04T19:50:45.560+0300: 1110.658: Application time: 0.8769698 seconds
2024-10-04T19:50:45.560+0300: 1110.659: [GC (Allocation Failure) [PSYoungGen: 348512K->336K(348672K)] 371232K->23072K(1048064K), 0.0006021 secs] [Times: user=0.00 sys=0.00, real=0.00 secs] 
2024-10-04T19:50:45.560+0300: 1110.659: Total time for which application threads were stopped: 0.0008287 seconds, Stopping threads took: 0.0001103 seconds
2024-10-04T19:50:46.439+0300: 1111.534: Application time: 0.8752165 seconds
2024-10-04T19:50:46.439+0300: 1111.535: [GC (Allocation Failure) [PSYoungGen: 348496K->384K(348672K)] 371232K->23136K(1048064K), 0.0005891 secs] [Times: user=0.00 sys=0.00, real=0.00 secs] 
2024-10-04T19:50:46.439+0300: 1111.535: Total time for which application threads were stopped: 0.0008890 seconds, Stopping threads took: 0.0001989 seconds
2024-10-04T19:50:47.317+0300: 1112.414: Application time: 0.8787230 seconds
2024-10-04T19:50:47.317+0300: 1112.414: [GC (Allocation Failure) [PSYoungGen: 348544K->416K(348672K)] 371296K->23192K(1048064K), 0.0006701 secs] [Times: user=0.00 sys=0.00, real=0.00 secs] 
2024-10-04T19:50:47.317+0300: 1112.415: Total time for which application threads were stopped: 0.0009178 seconds, Stopping threads took: 0.0001576 seconds
2024-10-04T19:50:48.196+0300: 1113.292: Application time: 0.8766465 seconds
2024-10-04T19:50:48.196+0300: 1113.292: [GC (Allocation Failure) [PSYoungGen: 348576K->368K(348672K)] 371352K->23160K(1048064K), 0.0006707 secs] [Times: user=0.00 sys=0.00, real=0.00 secs] 
2024-10-04T19:50:48.196+0300: 1113.293: Total time for which application threads were stopped: 0.0009990 seconds, Stopping threads took: 0.0002281 seconds
2024-10-04T19:50:49.074+0300: 1114.172: Application time: 0.8797777 seconds
2024-10-04T19:50:49.074+0300: 1114.173: [GC (Allocation Failure) [PSYoungGen: 348528K->384K(348672K)] 371320K->23192K(1048064K), 0.0005893 secs] [Times: user=0.00 sys=0.00, real=0.00 secs] 
2024-10-04T19:50:49.074+0300: 1114.173: Total time for which application threads were stopped: 0.0008343 seconds, Stopping threads took: 0.0001488 seconds
2024-10-04T19:50:49.968+0300: 1115.055: Application time: 0.8813109 seconds
2024-10-04T19:50:49.968+0300: 1115.055: [GC (Allocation Failure) [PSYoungGen: 348544K->384K(348672K)] 371352K->23208K(1048064K), 0.0006415 secs] [Times: user=0.00 sys=0.00, real=0.00 secs] 
2024-10-04T19:50:49.968+0300: 1115.055: Total time for which application threads were stopped: 0.0008893 seconds, Stopping threads took: 0.0001128 seconds
2024-10-04T19:50:50.863+0300: 1115.952: Application time: 0.8968072 seconds
2024-10-04T19:50:50.863+0300: 1115.952: [GC (Allocation Failure) [PSYoungGen: 348544K->352K(348672K)] 371368K->23192K(1048064K), 0.0006156 secs] [Times: user=0.00 sys=0.00, real=0.00 secs] 
2024-10-04T19:50:50.863+0300: 1115.953: Total time for which application threads were stopped: 0.0008314 seconds, Stopping threads took: 0.0001093 seconds
2024-10-04T19:50:51.757+0300: 1116.851: Application time: 0.8978312 seconds
2024-10-04T19:50:51.757+0300: 1116.851: [GC (Allocation Failure) [PSYoungGen: 348512K->384K(348672K)] 371352K->23264K(1048064K), 0.0005373 secs] [Times: user=0.00 sys=0.00, real=0.00 secs] 
2024-10-04T19:50:51.757+0300: 1116.852: Total time for which application threads were stopped: 0.0008114 seconds, Stopping threads took: 0.0001605 seconds
2024-10-04T19:50:52.652+0300: 1117.737: Application time: 0.8853909 seconds
2024-10-04T19:50:52.652+0300: 1117.737: [GC (Allocation Failure) [PSYoungGen: 348544K->384K(348672K)] 371424K->23280K(1048064K), 0.0005754 secs] [Times: user=0.00 sys=0.00, real=0.00 secs] 
2024-10-04T19:50:52.652+0300: 1117.738: Total time for which application threads were stopped: 0.0007728 seconds, Stopping threads took: 0.0000968 seconds
2024-10-04T19:50:53.531+0300: 1118.621: Application time: 0.8827030 seconds
2024-10-04T19:50:53.531+0300: 1118.621: [GC (Allocation Failure) [PSYoungGen: 348544K->384K(348672K)] 371440K->23304K(1048064K), 0.0006772 secs] [Times: user=0.00 sys=0.00, real=0.00 secs] 
2024-10-04T19:50:53.531+0300: 1118.622: Total time for which application threads were stopped: 0.0009763 seconds, Stopping threads took: 0.0001806 seconds
2024-10-04T19:50:54.410+0300: 1119.508: Application time: 0.8860216 seconds
2024-10-04T19:50:54.410+0300: 1119.508: [GC (Allocation Failure) [PSYoungGen: 348544K->384K(348672K)] 371464K->23320K(1048064K), 0.0006592 secs] [Times: user=0.00 sys=0.00, real=0.00 secs] 
2024-10-04T19:50:54.410+0300: 1119.509: Total time for which application threads were stopped: 0.0008647 seconds, Stopping threads took: 0.0000996 seconds
2024-10-04T19:50:55.304+0300: 1120.399: Application time: 0.8901125 seconds
2024-10-04T19:50:55.304+0300: 1120.399: [GC (Allocation Failure) [PSYoungGen: 348544K->368K(348672K)] 371480K->23320K(1048064K), 0.0006241 secs] [Times: user=0.00 sys=0.00, real=0.00 secs] 
2024-10-04T19:50:55.304+0300: 1120.399: Total time for which application threads were stopped: 0.0008600 seconds, Stopping threads took: 0.0001338 seconds
2024-10-04T19:50:56.199+0300: 1121.287: Application time: 0.8870597 seconds
2024-10-04T19:50:56.199+0300: 1121.287: [GC (Allocation Failure) [PSYoungGen: 348528K->400K(348672K)] 371480K->23368K(1048064K), 0.0006645 secs] [Times: user=0.00 sys=0.00, real=0.00 secs] 
2024-10-04T19:50:56.199+0300: 1121.287: Total time for which application threads were stopped: 0.0008806 seconds, Stopping threads took: 0.0001121 seconds
2024-10-04T19:50:57.078+0300: 1122.170: Application time: 0.8825567 seconds
2024-10-04T19:50:57.078+0300: 1122.170: [GC (Allocation Failure) [PSYoungGen: 348560K->384K(348672K)] 371528K->23368K(1048064K), 0.0005517 secs] [Times: user=0.00 sys=0.00, real=0.00 secs] 
2024-10-04T19:50:57.078+0300: 1122.171: Total time for which application threads were stopped: 0.0007833 seconds, Stopping threads took: 0.0001336 seconds
2024-10-04T19:50:57.957+0300: 1123.052: Application time: 0.8816608 seconds
2024-10-04T19:50:57.957+0300: 1123.053: [GC (Allocation Failure) [PSYoungGen: 348544K->400K(348672K)] 371528K->23416K(1048064K), 0.0006176 secs] [Times: user=0.00 sys=0.00, real=0.00 secs] 
2024-10-04T19:50:57.957+0300: 1123.053: Total time for which application threads were stopped: 0.0009179 seconds, Stopping threads took: 0.0001920 seconds
2024-10-04T19:50:58.851+0300: 1123.936: Application time: 0.8829048 seconds
2024-10-04T19:50:58.851+0300: 1123.936: [GC (Allocation Failure) [PSYoungGen: 348560K->336K(348672K)] 371576K->23368K(1048064K), 0.0006960 secs] [Times: user=0.00 sys=0.00, real=0.00 secs] 
2024-10-04T19:50:58.851+0300: 1123.937: Total time for which application threads were stopped: 0.0009421 seconds, Stopping threads took: 0.0000951 seconds
2024-10-04T19:50:59.730+0300: 1124.820: Application time: 0.8827287 seconds
2024-10-04T19:50:59.730+0300: 1124.820: [GC (Allocation Failure) [PSYoungGen: 348496K->416K(348672K)] 371528K->23464K(1048064K), 0.0006305 secs] [Times: user=0.00 sys=0.00, real=0.00 secs] 
2024-10-04T19:50:59.730+0300: 1124.821: Total time for which application threads were stopped: 0.0008972 seconds, Stopping threads took: 0.0001567 seconds
2024-10-04T19:51:00.624+0300: 1125.711: Application time: 0.8905789 seconds
2024-10-04T19:51:00.624+0300: 1125.712: [GC (Allocation Failure) [PSYoungGen: 348576K->352K(348672K)] 371624K->23424K(1048064K), 0.0005667 secs] [Times: user=0.00 sys=0.00, real=0.00 secs] 
2024-10-04T19:51:00.624+0300: 1125.712: Total time for which application threads were stopped: 0.0008552 seconds, Stopping threads took: 0.0001607 seconds
2024-10-04T19:51:01.503+0300: 1126.591: Application time: 0.8790076 seconds
2024-10-04T19:51:01.503+0300: 1126.591: [GC (Allocation Failure) [PSYoungGen: 348512K->400K(348672K)] 371584K->23488K(1048064K), 0.0006433 secs] [Times: user=0.00 sys=0.00, real=0.00 secs] 
2024-10-04T19:51:01.503+0300: 1126.592: Total time for which application threads were stopped: 0.0008650 seconds, Stopping threads took: 0.0001108 seconds
2024-10-04T19:51:02.382+0300: 1127.473: Application time: 0.8805065 seconds
2024-10-04T19:51:02.382+0300: 1127.473: [GC (Allocation Failure) [PSYoungGen: 348560K->384K(348672K)] 371648K->23488K(1048064K), 0.0006068 secs] [Times: user=0.00 sys=0.00, real=0.00 secs] 
2024-10-04T19:51:02.382+0300: 1127.474: Total time for which application threads were stopped: 0.0008477 seconds, Stopping threads took: 0.0001481 seconds
2024-10-04T19:51:03.267+0300: 1128.357: Application time: 0.8839182 seconds
2024-10-04T19:51:03.267+0300: 1128.358: [GC (Allocation Failure) [PSYoungGen: 348544K->384K(348672K)] 371648K->23504K(1048064K), 0.0006358 secs] [Times: user=0.00 sys=0.00, real=0.00 secs] 
2024-10-04T19:51:03.267+0300: 1128.358: Total time for which application threads were stopped: 0.0009240 seconds, Stopping threads took: 0.0001851 seconds
2024-10-04T19:51:04.155+0300: 1129.239: Application time: 0.8807469 seconds
2024-10-04T19:51:04.155+0300: 1129.239: [GC (Allocation Failure) [PSYoungGen: 348544K->384K(348672K)] 371664K->23528K(1048064K), 0.0006173 secs] [Times: user=0.00 sys=0.00, real=0.00 secs] 
2024-10-04T19:51:04.155+0300: 1129.240: Total time for which application threads were stopped: 0.0008383 seconds, Stopping threads took: 0.0001127 seconds
2024-10-04T19:51:05.034+0300: 1130.123: Application time: 0.8829538 seconds
2024-10-04T19:51:05.034+0300: 1130.123: [GC (Allocation Failure) [PSYoungGen: 348544K->384K(348672K)] 371688K->23544K(1048064K), 0.0006101 secs] [Times: user=0.00 sys=0.00, real=0.00 secs] 
2024-10-04T19:51:05.034+0300: 1130.124: Total time for which application threads were stopped: 0.0008527 seconds, Stopping threads took: 0.0001161 seconds
2024-10-04T19:51:05.912+0300: 1131.007: Application time: 0.8833300 seconds
2024-10-04T19:51:05.912+0300: 1131.007: [GC (Allocation Failure) [PSYoungGen: 348544K->400K(348672K)] 371704K->23576K(1048064K), 0.0006051 secs] [Times: user=0.00 sys=0.00, real=0.00 secs] 
2024-10-04T19:51:05.912+0300: 1131.008: Total time for which application threads were stopped: 0.0009159 seconds, Stopping threads took: 0.0001932 seconds
2024-10-04T19:51:06.791+0300: 1131.887: Application time: 0.8787784 seconds
2024-10-04T19:51:06.791+0300: 1131.887: [GC (Allocation Failure) [PSYoungGen: 348560K->416K(348672K)] 371736K->23608K(1048064K), 0.0005679 secs] [Times: user=0.00 sys=0.00, real=0.00 secs] 
2024-10-04T19:51:06.791+0300: 1131.888: Total time for which application threads were stopped: 0.0008162 seconds, Stopping threads took: 0.0001619 seconds
2024-10-04T19:51:07.684+0300: 1132.768: Application time: 0.8804678 seconds
2024-10-04T19:51:07.684+0300: 1132.768: [GC (Allocation Failure) [PSYoungGen: 348576K->368K(348672K)] 371768K->23576K(1048064K), 0.0005912 secs] [Times: user=0.00 sys=0.00, real=0.00 secs] 
2024-10-04T19:51:07.684+0300: 1132.769: Total time for which application threads were stopped: 0.0008701 seconds, Stopping threads took: 0.0001528 seconds
2024-10-04T19:51:08.563+0300: 1133.651: Application time: 0.8824888 seconds
2024-10-04T19:51:08.563+0300: 1133.652: [GC (Allocation Failure) [PSYoungGen: 348528K->384K(348672K)] 371736K->23608K(1048064K), 0.0005089 secs] [Times: user=0.00 sys=0.00, real=0.00 secs] 
2024-10-04T19:51:08.563+0300: 1133.652: Total time for which application threads were stopped: 0.0007386 seconds, Stopping threads took: 0.0001389 seconds
2024-10-04T19:51:09.441+0300: 1134.529: Application time: 0.8772938 seconds
2024-10-04T19:51:09.441+0300: 1134.530: [GC (Allocation Failure) [PSYoungGen: 348544K->384K(348672K)] 371768K->23624K(1048064K), 0.0007319 secs] [Times: user=0.00 sys=0.00, real=0.00 secs] 
2024-10-04T19:51:09.441+0300: 1134.530: Total time for which application threads were stopped: 0.0010055 seconds, Stopping threads took: 0.0001691 seconds
2024-10-04T19:51:10.320+0300: 1135.412: Application time: 0.8816645 seconds
2024-10-04T19:51:10.320+0300: 1135.412: [GC (Allocation Failure) [PSYoungGen: 348544K->368K(348672K)] 371784K->23624K(1048064K), 0.0006290 secs] [Times: user=0.00 sys=0.00, real=0.00 secs] 
2024-10-04T19:51:10.320+0300: 1135.413: Total time for which application threads were stopped: 0.0008629 seconds, Stopping threads took: 0.0001347 seconds
2024-10-04T19:51:11.199+0300: 1136.292: Application time: 0.8791581 seconds
2024-10-04T19:51:11.199+0300: 1136.292: [GC (Allocation Failure) [PSYoungGen: 348528K->400K(348672K)] 371784K->23688K(1048064K), 0.0006654 secs] [Times: user=0.00 sys=0.00, real=0.00 secs] 
2024-10-04T19:51:11.199+0300: 1136.293: Total time for which application threads were stopped: 0.0009182 seconds, Stopping threads took: 0.0001480 seconds
2024-10-04T19:51:12.094+0300: 1137.178: Application time: 0.8845274 seconds
2024-10-04T19:51:12.094+0300: 1137.178: [GC (Allocation Failure) [PSYoungGen: 348560K->368K(348672K)] 371848K->23672K(1048064K), 0.0006350 secs] [Times: user=0.00 sys=0.00, real=0.00 secs] 
2024-10-04T19:51:12.094+0300: 1137.178: Total time for which application threads were stopped: 0.0008737 seconds, Stopping threads took: 0.0001184 seconds
2024-10-04T19:51:12.972+0300: 1138.060: Application time: 0.8813740 seconds
2024-10-04T19:51:12.972+0300: 1138.060: [GC (Allocation Failure) [PSYoungGen: 348528K->384K(348672K)] 371832K->23704K(1048064K), 0.0006345 secs] [Times: user=0.00 sys=0.00, real=0.00 secs] 
2024-10-04T19:51:12.972+0300: 1138.061: Total time for which application threads were stopped: 0.0009107 seconds, Stopping threads took: 0.0001596 seconds
2024-10-04T19:51:13.850+0300: 1138.944: Application time: 0.8833804 seconds
2024-10-04T19:51:13.850+0300: 1138.944: [GC (Allocation Failure) [PSYoungGen: 348544K->368K(348672K)] 371864K->23704K(1048064K), 0.0006193 secs] [Times: user=0.00 sys=0.00, real=0.00 secs] 
2024-10-04T19:51:13.850+0300: 1138.945: Total time for which application threads were stopped: 0.0008714 seconds, Stopping threads took: 0.0001583 seconds
2024-10-04T19:51:14.729+0300: 1139.827: Application time: 0.8822870 seconds
2024-10-04T19:51:14.729+0300: 1139.828: [GC (Allocation Failure) [PSYoungGen: 348528K->368K(348672K)] 371864K->23720K(1048064K), 0.0006291 secs] [Times: user=0.00 sys=0.00, real=0.00 secs] 
2024-10-04T19:51:14.729+0300: 1139.828: Total time for which application threads were stopped: 0.0008892 seconds, Stopping threads took: 0.0001648 seconds
2024-10-04T19:51:15.623+0300: 1140.710: Application time: 0.8821810 seconds
2024-10-04T19:51:15.623+0300: 1140.711: [GC (Allocation Failure) [PSYoungGen: 348528K->352K(348672K)] 371880K->23720K(1048064K), 0.0007258 secs] [Times: user=0.00 sys=0.00, real=0.00 secs] 
2024-10-04T19:51:15.623+0300: 1140.711: Total time for which application threads were stopped: 0.0009806 seconds, Stopping threads took: 0.0001071 seconds
2024-10-04T19:51:16.502+0300: 1141.595: Application time: 0.8832811 seconds
2024-10-04T19:51:16.502+0300: 1141.595: [GC (Allocation Failure) [PSYoungGen: 348512K->384K(348672K)] 371880K->23768K(1048064K), 0.0006272 secs] [Times: user=0.00 sys=0.00, real=0.00 secs] 
2024-10-04T19:51:16.502+0300: 1141.596: Total time for which application threads were stopped: 0.0008893 seconds, Stopping threads took: 0.0001491 seconds
2024-10-04T19:51:17.380+0300: 1142.471: Application time: 0.8758494 seconds
2024-10-04T19:51:17.380+0300: 1142.472: [GC (Allocation Failure) [PSYoungGen: 348544K->400K(348672K)] 371928K->23808K(1048064K), 0.0006061 secs] [Times: user=0.00 sys=0.00, real=0.00 secs] 
2024-10-04T19:51:17.380+0300: 1142.472: Total time for which application threads were stopped: 0.0009121 seconds, Stopping threads took: 0.0001740 seconds
2024-10-04T19:51:18.258+0300: 1143.357: Application time: 0.8842629 seconds
2024-10-04T19:51:18.258+0300: 1143.357: [GC (Allocation Failure) [PSYoungGen: 348560K->336K(348672K)] 371968K->23760K(1048064K), 0.0007557 secs] [Times: user=0.02 sys=0.00, real=0.02 secs] 
2024-10-04T19:51:18.273+0300: 1143.358: Total time for which application threads were stopped: 0.0010490 seconds, Stopping threads took: 0.0001700 seconds
2024-10-04T19:51:19.152+0300: 1144.240: Application time: 0.8827989 seconds
2024-10-04T19:51:19.152+0300: 1144.241: [GC (Allocation Failure) [PSYoungGen: 348496K->368K(348672K)] 371920K->23808K(1048064K), 0.0006388 secs] [Times: user=0.00 sys=0.00, real=0.00 secs] 
2024-10-04T19:51:19.152+0300: 1144.241: Total time for which application threads were stopped: 0.0009190 seconds, Stopping threads took: 0.0001787 seconds
2024-10-04T19:51:20.030+0300: 1145.129: Application time: 0.8878611 seconds
2024-10-04T19:51:20.046+0300: 1145.129: [GC (Allocation Failure) [PSYoungGen: 348528K->368K(348672K)] 371968K->23824K(1048064K), 0.0005861 secs] [Times: user=0.00 sys=0.00, real=0.00 secs] 
2024-10-04T19:51:20.046+0300: 1145.130: Total time for which application threads were stopped: 0.0008687 seconds, Stopping threads took: 0.0001842 seconds
2024-10-04T19:51:20.924+0300: 1146.010: Application time: 0.8801899 seconds
2024-10-04T19:51:20.924+0300: 1146.011: [GC (Allocation Failure) [PSYoungGen: 348528K->368K(348672K)] 371984K->23840K(1048064K), 0.0005913 secs] [Times: user=0.00 sys=0.00, real=0.00 secs] 
2024-10-04T19:51:20.924+0300: 1146.011: Total time for which application threads were stopped: 0.0008534 seconds, Stopping threads took: 0.0001583 seconds
2024-10-04T19:51:21.803+0300: 1146.896: Application time: 0.8850726 seconds
2024-10-04T19:51:21.803+0300: 1146.896: [GC (Allocation Failure) [PSYoungGen: 348528K->384K(348672K)] 372000K->23872K(1048064K), 0.0005732 secs] [Times: user=0.00 sys=0.00, real=0.00 secs] 
2024-10-04T19:51:21.803+0300: 1146.897: Total time for which application threads were stopped: 0.0008630 seconds, Stopping threads took: 0.0001778 seconds
2024-10-04T19:51:22.681+0300: 1147.775: Application time: 0.8780356 seconds
2024-10-04T19:51:22.681+0300: 1147.775: [GC (Allocation Failure) [PSYoungGen: 348544K->368K(348672K)] 372032K->23864K(1048064K), 0.0006317 secs] [Times: user=0.00 sys=0.00, real=0.00 secs] 
2024-10-04T19:51:22.681+0300: 1147.776: Total time for which application threads were stopped: 0.0009870 seconds, Stopping threads took: 0.0002117 seconds
2024-10-04T19:51:23.560+0300: 1148.656: Application time: 0.8797222 seconds
2024-10-04T19:51:23.560+0300: 1148.656: [GC (Allocation Failure) [PSYoungGen: 348528K->416K(348672K)] 372024K->23928K(1048064K), 0.0005609 secs] [Times: user=0.00 sys=0.00, real=0.00 secs] 
2024-10-04T19:51:23.560+0300: 1148.657: Total time for which application threads were stopped: 0.0007981 seconds, Stopping threads took: 0.0001320 seconds
2024-10-04T19:51:24.438+0300: 1149.536: Application time: 0.8790567 seconds
2024-10-04T19:51:24.438+0300: 1149.536: [GC (Allocation Failure) [PSYoungGen: 348576K->368K(348672K)] 372088K->23920K(1048064K), 0.0006191 secs] [Times: user=0.00 sys=0.00, real=0.00 secs] 
2024-10-04T19:51:24.438+0300: 1149.537: Total time for which application threads were stopped: 0.0009091 seconds, Stopping threads took: 0.0001840 seconds
2024-10-04T19:51:25.332+0300: 1150.421: Application time: 0.8844610 seconds
2024-10-04T19:51:25.332+0300: 1150.421: [GC (Allocation Failure) [PSYoungGen: 348528K->384K(348672K)] 372080K->23960K(1048064K), 0.0006465 secs] [Times: user=0.00 sys=0.00, real=0.00 secs] 
2024-10-04T19:51:25.332+0300: 1150.422: Total time for which application threads were stopped: 0.0009541 seconds, Stopping threads took: 0.0002032 seconds
2024-10-04T19:51:26.212+0300: 1151.305: Application time: 0.8832415 seconds
2024-10-04T19:51:26.212+0300: 1151.306: [GC (Allocation Failure) [PSYoungGen: 348544K->368K(348672K)] 372120K->23960K(1048064K), 0.0006496 secs] [Times: user=0.00 sys=0.00, real=0.00 secs] 
2024-10-04T19:51:26.212+0300: 1151.306: Total time for which application threads were stopped: 0.0009492 seconds, Stopping threads took: 0.0001967 seconds
2024-10-04T19:51:27.090+0300: 1152.185: Application time: 0.8788538 seconds
2024-10-04T19:51:27.090+0300: 1152.185: [GC (Allocation Failure) [PSYoungGen: 348528K->352K(348672K)] 372120K->23976K(1048064K), 0.0006130 secs] [Times: user=0.00 sys=0.00, real=0.00 secs] 
2024-10-04T19:51:27.090+0300: 1152.186: Total time for which application threads were stopped: 0.0008693 seconds, Stopping threads took: 0.0001356 seconds
2024-10-04T19:51:27.969+0300: 1153.064: Application time: 0.8784654 seconds
2024-10-04T19:51:27.969+0300: 1153.065: [GC (Allocation Failure) [PSYoungGen: 348512K->400K(348672K)] 372136K->24040K(1048064K), 0.0005937 secs] [Times: user=0.00 sys=0.00, real=0.00 secs] 
2024-10-04T19:51:27.969+0300: 1153.065: Total time for which application threads were stopped: 0.0008579 seconds, Stopping threads took: 0.0001654 seconds
2024-10-04T19:51:28.848+0300: 1153.946: Application time: 0.8804010 seconds
2024-10-04T19:51:28.862+0300: 1153.946: [GC (Allocation Failure) [PSYoungGen: 348560K->384K(348672K)] 372200K->24048K(1048064K), 0.0006236 secs] [Times: user=0.00 sys=0.00, real=0.00 secs] 
2024-10-04T19:51:28.862+0300: 1153.947: Total time for which application threads were stopped: 0.0008917 seconds, Stopping threads took: 0.0001166 seconds
2024-10-04T19:51:29.742+0300: 1154.826: Application time: 0.8797268 seconds
2024-10-04T19:51:29.742+0300: 1154.826: [GC (Allocation Failure) [PSYoungGen: 348544K->384K(348672K)] 372208K->24064K(1048064K), 0.0006142 secs] [Times: user=0.00 sys=0.00, real=0.00 secs] 
2024-10-04T19:51:29.742+0300: 1154.827: Total time for which application threads were stopped: 0.0007981 seconds, Stopping threads took: 0.0000903 seconds
2024-10-04T19:51:30.621+0300: 1155.709: Application time: 0.8820675 seconds
2024-10-04T19:51:30.621+0300: 1155.709: [GC (Allocation Failure) [PSYoungGen: 348544K->368K(348672K)] 372224K->24064K(1048064K), 0.0005940 secs] [Times: user=0.00 sys=0.00, real=0.00 secs] 
2024-10-04T19:51:30.621+0300: 1155.710: Total time for which application threads were stopped: 0.0008366 seconds, Stopping threads took: 0.0001465 seconds
2024-10-04T19:51:31.499+0300: 1156.588: Application time: 0.8776846 seconds
2024-10-04T19:51:31.499+0300: 1156.588: [GC (Allocation Failure) [PSYoungGen: 348528K->448K(348672K)] 372224K->24160K(1048064K), 0.0006760 secs] [Times: user=0.03 sys=0.02, real=0.00 secs] 
2024-10-04T19:51:31.499+0300: 1156.589: Total time for which application threads were stopped: 0.0009824 seconds, Stopping threads took: 0.0001678 seconds
2024-10-04T19:51:32.378+0300: 1157.469: Application time: 0.8802831 seconds
2024-10-04T19:51:32.378+0300: 1157.469: [GC (Allocation Failure) [PSYoungGen: 348608K->368K(348672K)] 372320K->24096K(1048064K), 0.0006009 secs] [Times: user=0.00 sys=0.00, real=0.00 secs] 
2024-10-04T19:51:32.378+0300: 1157.470: Total time for which application threads were stopped: 0.0008704 seconds, Stopping threads took: 0.0001672 seconds
2024-10-04T19:51:33.257+0300: 1158.354: Application time: 0.8836867 seconds
2024-10-04T19:51:33.257+0300: 1158.354: [GC (Allocation Failure) [PSYoungGen: 348528K->368K(348672K)] 372256K->24112K(1048064K), 0.0006946 secs] [Times: user=0.00 sys=0.00, real=0.00 secs] 
2024-10-04T19:51:33.257+0300: 1158.355: Total time for which application threads were stopped: 0.0010178 seconds, Stopping threads took: 0.0001949 seconds
2024-10-04T19:51:34.137+0300: 1159.236: Application time: 0.8811478 seconds
2024-10-04T19:51:34.137+0300: 1159.236: [GC (Allocation Failure) [PSYoungGen: 348528K->384K(348672K)] 372272K->24152K(1048064K), 0.0007175 secs] [Times: user=0.00 sys=0.00, real=0.01 secs] 
2024-10-04T19:51:34.152+0300: 1159.237: Total time for which application threads were stopped: 0.0009671 seconds, Stopping threads took: 0.0001442 seconds
2024-10-04T19:51:35.031+0300: 1160.120: Application time: 0.8832257 seconds
2024-10-04T19:51:35.031+0300: 1160.120: [GC (Allocation Failure) [PSYoungGen: 348544K->352K(348672K)] 372312K->24144K(1048064K), 0.0006032 secs] [Times: user=0.00 sys=0.00, real=0.00 secs] 
2024-10-04T19:51:35.031+0300: 1160.121: Total time for which application threads were stopped: 0.0008683 seconds, Stopping threads took: 0.0001528 seconds
2024-10-04T19:51:35.909+0300: 1161.004: Application time: 0.8836107 seconds
2024-10-04T19:51:35.909+0300: 1161.005: [GC (Allocation Failure) [PSYoungGen: 348512K->400K(348672K)] 372304K->24200K(1048064K), 0.0006417 secs] [Times: user=0.00 sys=0.00, real=0.00 secs] 
2024-10-04T19:51:35.909+0300: 1161.005: Total time for which application threads were stopped: 0.0009802 seconds, Stopping threads took: 0.0002110 seconds
2024-10-04T19:51:36.803+0300: 1161.889: Application time: 0.8834122 seconds
2024-10-04T19:51:36.803+0300: 1161.889: [GC (Allocation Failure) [PSYoungGen: 348560K->400K(348672K)] 372360K->24216K(1048064K), 0.0005698 secs] [Times: user=0.00 sys=0.00, real=0.00 secs] 
2024-10-04T19:51:36.803+0300: 1161.890: Total time for which application threads were stopped: 0.0007946 seconds, Stopping threads took: 0.0001381 seconds
2024-10-04T19:51:37.683+0300: 1162.772: Application time: 0.8819320 seconds
2024-10-04T19:51:37.683+0300: 1162.772: [GC (Allocation Failure) [PSYoungGen: 348560K->352K(348672K)] 372376K->24208K(1048064K), 0.0007105 secs] [Times: user=0.00 sys=0.00, real=0.00 secs] 
2024-10-04T19:51:37.683+0300: 1162.773: Total time for which application threads were stopped: 0.0009816 seconds, Stopping threads took: 0.0001624 seconds
2024-10-04T19:51:38.561+0300: 1163.655: Application time: 0.8828374 seconds
2024-10-04T19:51:38.561+0300: 1163.656: [GC (Allocation Failure) [PSYoungGen: 348512K->384K(348672K)] 372368K->24256K(1048064K), 0.0006222 secs] [Times: user=0.00 sys=0.00, real=0.00 secs] 
2024-10-04T19:51:38.561+0300: 1163.656: Total time for which application threads were stopped: 0.0008768 seconds, Stopping threads took: 0.0001561 seconds
2024-10-04T19:51:39.440+0300: 1164.532: Application time: 0.8756143 seconds
2024-10-04T19:51:39.440+0300: 1164.532: [GC (Allocation Failure) [PSYoungGen: 348544K->384K(348672K)] 372416K->24272K(1048064K), 0.0006648 secs] [Times: user=0.00 sys=0.00, real=0.00 secs] 
2024-10-04T19:51:39.440+0300: 1164.533: Total time for which application threads were stopped: 0.0009424 seconds, Stopping threads took: 0.0001778 seconds
2024-10-04T19:51:40.318+0300: 1165.417: Application time: 0.8842638 seconds
2024-10-04T19:51:40.318+0300: 1165.417: [GC (Allocation Failure) [PSYoungGen: 348544K->368K(348672K)] 372432K->24296K(1048064K), 0.0007636 secs] [Times: user=0.00 sys=0.00, real=0.02 secs] 
2024-10-04T19:51:40.334+0300: 1165.418: Total time for which application threads were stopped: 0.0011300 seconds, Stopping threads took: 0.0002394 seconds
2024-10-04T19:51:41.213+0300: 1166.303: Application time: 0.8850829 seconds
2024-10-04T19:51:41.213+0300: 1166.304: [GC (Allocation Failure) [PSYoungGen: 348528K->400K(348672K)] 372456K->24368K(1048064K), 0.0006928 secs] [Times: user=0.00 sys=0.00, real=0.00 secs] 
2024-10-04T19:51:41.213+0300: 1166.304: Total time for which application threads were stopped: 0.0009411 seconds, Stopping threads took: 0.0001550 seconds
2024-10-04T19:51:42.092+0300: 1167.187: Application time: 0.8823426 seconds
2024-10-04T19:51:42.092+0300: 1167.187: [GC (Allocation Failure) [PSYoungGen: 348560K->432K(348672K)] 372528K->24416K(1048064K), 0.0005766 secs] [Times: user=0.00 sys=0.00, real=0.00 secs] 
2024-10-04T19:51:42.092+0300: 1167.187: Total time for which application threads were stopped: 0.0008870 seconds, Stopping threads took: 0.0002053 seconds
2024-10-04T19:51:42.986+0300: 1168.073: Application time: 0.8860233 seconds
2024-10-04T19:51:42.986+0300: 1168.074: [GC (Allocation Failure) [PSYoungGen: 348592K->352K(348672K)] 372576K->24352K(1048064K), 0.0006325 secs] [Times: user=0.00 sys=0.00, real=0.00 secs] 
2024-10-04T19:51:42.986+0300: 1168.074: Total time for which application threads were stopped: 0.0009035 seconds, Stopping threads took: 0.0001605 seconds
2024-10-04T19:51:43.865+0300: 1168.958: Application time: 0.8833822 seconds
2024-10-04T19:51:43.865+0300: 1168.958: [GC (Allocation Failure) [PSYoungGen: 348512K->384K(348672K)] 372512K->24400K(1048064K), 0.0006290 secs] [Times: user=0.00 sys=0.00, real=0.00 secs] 
2024-10-04T19:51:43.865+0300: 1168.959: Total time for which application threads were stopped: 0.0009102 seconds, Stopping threads took: 0.0001716 seconds
2024-10-04T19:51:44.759+0300: 1169.844: Application time: 0.8852164 seconds
2024-10-04T19:51:44.759+0300: 1169.844: [GC (Allocation Failure) [PSYoungGen: 348544K->368K(348672K)] 372560K->24416K(1048064K), 0.0005731 secs] [Times: user=0.00 sys=0.00, real=0.00 secs] 
2024-10-04T19:51:44.759+0300: 1169.845: Total time for which application threads were stopped: 0.0008102 seconds, Stopping threads took: 0.0001270 seconds
2024-10-04T19:51:45.637+0300: 1170.727: Application time: 0.8823615 seconds
2024-10-04T19:51:45.637+0300: 1170.727: [GC (Allocation Failure) [PSYoungGen: 348528K->352K(348672K)] 372576K->24416K(1048064K), 0.0006352 secs] [Times: user=0.00 sys=0.00, real=0.00 secs] 
2024-10-04T19:51:45.637+0300: 1170.728: Total time for which application threads were stopped: 0.0008808 seconds, Stopping threads took: 0.0001267 seconds
2024-10-04T19:51:46.516+0300: 1171.610: Application time: 0.8821770 seconds
2024-10-04T19:51:46.516+0300: 1171.610: [GC (Allocation Failure) [PSYoungGen: 348512K->384K(348672K)] 372576K->24456K(1048064K), 0.0005653 secs] [Times: user=0.00 sys=0.00, real=0.00 secs] 
2024-10-04T19:51:46.516+0300: 1171.611: Total time for which application threads were stopped: 0.0008475 seconds, Stopping threads took: 0.0001689 seconds
2024-10-04T19:51:47.394+0300: 1172.491: Application time: 0.8802613 seconds
2024-10-04T19:51:47.394+0300: 1172.491: [GC (Allocation Failure) [PSYoungGen: 348544K->352K(348672K)] 372616K->24440K(1048064K), 0.0006642 secs] [Times: user=0.00 sys=0.00, real=0.00 secs] 
2024-10-04T19:51:47.394+0300: 1172.492: Total time for which application threads were stopped: 0.0009285 seconds, Stopping threads took: 0.0001248 seconds
2024-10-04T19:51:48.289+0300: 1173.374: Application time: 0.8818000 seconds
2024-10-04T19:51:48.289+0300: 1173.374: [GC (Allocation Failure) [PSYoungGen: 348512K->384K(348672K)] 372600K->24488K(1048064K), 0.0006420 secs] [Times: user=0.00 sys=0.00, real=0.00 secs] 
2024-10-04T19:51:48.289+0300: 1173.375: Total time for which application threads were stopped: 0.0008582 seconds, Stopping threads took: 0.0001164 seconds
2024-10-04T19:51:49.168+0300: 1174.255: Application time: 0.8803270 seconds
2024-10-04T19:51:49.168+0300: 1174.255: [GC (Allocation Failure) [PSYoungGen: 348544K->400K(348672K)] 372648K->24528K(1048064K), 0.0006615 secs] [Times: user=0.00 sys=0.00, real=0.00 secs] 
2024-10-04T19:51:49.168+0300: 1174.256: Total time for which application threads were stopped: 0.0009170 seconds, Stopping threads took: 0.0001570 seconds
2024-10-04T19:51:50.052+0300: 1175.139: Application time: 0.8828698 seconds
2024-10-04T19:51:50.052+0300: 1175.139: [GC (Allocation Failure) [PSYoungGen: 348560K->400K(348672K)] 372688K->24544K(1048064K), 0.0006020 secs] [Times: user=0.00 sys=0.00, real=0.00 secs] 
2024-10-04T19:51:50.052+0300: 1175.140: Total time for which application threads were stopped: 0.0008630 seconds, Stopping threads took: 0.0001579 seconds
2024-10-04T19:51:50.924+0300: 1176.023: Application time: 0.8830620 seconds
2024-10-04T19:51:50.924+0300: 1176.023: [GC (Allocation Failure) [PSYoungGen: 348560K->352K(348672K)] 372704K->24512K(1048064K), 0.0005874 secs] [Times: user=0.00 sys=0.00, real=0.00 secs] 
2024-10-04T19:51:50.924+0300: 1176.024: Total time for which application threads were stopped: 0.0008719 seconds, Stopping threads took: 0.0001904 seconds
2024-10-04T19:51:51.818+0300: 1176.907: Application time: 0.8832655 seconds
2024-10-04T19:51:51.818+0300: 1176.907: [GC (Allocation Failure) [PSYoungGen: 348512K->352K(348672K)] 372672K->24528K(1048064K), 0.0005783 secs] [Times: user=0.00 sys=0.00, real=0.00 secs] 
2024-10-04T19:51:51.818+0300: 1176.908: Total time for which application threads were stopped: 0.0008041 seconds, Stopping threads took: 0.0001312 seconds
2024-10-04T19:51:52.697+0300: 1177.790: Application time: 0.8824614 seconds
2024-10-04T19:51:52.697+0300: 1177.791: [GC (Allocation Failure) [PSYoungGen: 348512K->352K(348672K)] 372688K->24552K(1048064K), 0.0006728 secs] [Times: user=0.00 sys=0.00, real=0.00 secs] 
2024-10-04T19:51:52.697+0300: 1177.791: Total time for which application threads were stopped: 0.0009553 seconds, Stopping threads took: 0.0001826 seconds
2024-10-04T19:51:53.575+0300: 1178.672: Application time: 0.8807600 seconds
2024-10-04T19:51:53.575+0300: 1178.672: [GC (Allocation Failure) [PSYoungGen: 348512K->336K(348672K)] 372712K->24552K(1048064K), 0.0006077 secs] [Times: user=0.00 sys=0.00, real=0.00 secs] 
2024-10-04T19:51:53.575+0300: 1178.673: Total time for which application threads were stopped: 0.0008749 seconds, Stopping threads took: 0.0001728 seconds
2024-10-04T19:51:54.461+0300: 1179.551: Application time: 0.8777159 seconds
2024-10-04T19:51:54.461+0300: 1179.551: [GC (Allocation Failure) [PSYoungGen: 348496K->368K(348672K)] 372712K->24600K(1048064K), 0.0006658 secs] [Times: user=0.00 sys=0.00, real=0.00 secs] 
2024-10-04T19:51:54.461+0300: 1179.552: Total time for which application threads were stopped: 0.0009681 seconds, Stopping threads took: 0.0001765 seconds
2024-10-04T19:51:55.348+0300: 1180.437: Application time: 0.8851980 seconds
2024-10-04T19:51:55.348+0300: 1180.437: [GC (Allocation Failure) [PSYoungGen: 348528K->368K(348672K)] 372760K->24624K(1048064K), 0.0005986 secs] [Times: user=0.00 sys=0.00, real=0.00 secs] 
2024-10-04T19:51:55.348+0300: 1180.438: Total time for which application threads were stopped: 0.0008867 seconds, Stopping threads took: 0.0001850 seconds
2024-10-04T19:51:56.226+0300: 1181.320: Application time: 0.8821381 seconds
2024-10-04T19:51:56.226+0300: 1181.320: [GC (Allocation Failure) [PSYoungGen: 348528K->352K(348672K)] 372784K->24648K(1048064K), 0.0005726 secs] [Times: user=0.00 sys=0.00, real=0.00 secs] 
2024-10-04T19:51:56.226+0300: 1181.321: Total time for which application threads were stopped: 0.0008204 seconds, Stopping threads took: 0.0001503 seconds
2024-10-04T19:51:57.105+0300: 1182.204: Application time: 0.8835514 seconds
2024-10-04T19:51:57.105+0300: 1182.204: [GC (Allocation Failure) [PSYoungGen: 348512K->384K(348672K)] 372808K->24720K(1048064K), 0.0006489 secs] [Times: user=0.02 sys=0.00, real=0.02 secs] 
2024-10-04T19:51:57.121+0300: 1182.205: Total time for which application threads were stopped: 0.0009317 seconds, Stopping threads took: 0.0001757 seconds
2024-10-04T19:51:58.015+0300: 1183.100: Application time: 0.8948895 seconds
2024-10-04T19:51:58.015+0300: 1183.100: [GC (Allocation Failure) [PSYoungGen: 348544K->352K(348672K)] 372880K->24704K(1048064K), 0.0006202 secs] [Times: user=0.00 sys=0.00, real=0.00 secs] 
2024-10-04T19:51:58.015+0300: 1183.101: Total time for which application threads were stopped: 0.0008843 seconds, Stopping threads took: 0.0001384 seconds
2024-10-04T19:51:58.910+0300: 1183.999: Application time: 0.8982922 seconds
2024-10-04T19:51:58.910+0300: 1183.999: [GC (Allocation Failure) [PSYoungGen: 348512K->352K(348672K)] 372864K->24712K(1048064K), 0.0006920 secs] [Times: user=0.00 sys=0.00, real=0.00 secs] 
2024-10-04T19:51:58.910+0300: 1184.000: Total time for which application threads were stopped: 0.0009177 seconds, Stopping threads took: 0.0001277 seconds
2024-10-04T19:51:59.804+0300: 1184.892: Application time: 0.8917662 seconds
2024-10-04T19:51:59.804+0300: 1184.892: [GC (Allocation Failure) [PSYoungGen: 348512K->368K(348672K)] 372872K->24744K(1048064K), 0.0006638 secs] [Times: user=0.00 sys=0.00, real=0.00 secs] 
2024-10-04T19:51:59.804+0300: 1184.893: Total time for which application threads were stopped: 0.0009687 seconds, Stopping threads took: 0.0001656 seconds
2024-10-04T19:52:00.698+0300: 1185.797: Application time: 0.9039971 seconds
2024-10-04T19:52:00.698+0300: 1185.797: [GC (Allocation Failure) [PSYoungGen: 348528K->352K(348672K)] 372904K->24760K(1048064K), 0.0006025 secs] [Times: user=0.02 sys=0.00, real=0.02 secs] 
2024-10-04T19:52:00.714+0300: 1185.798: Total time for which application threads were stopped: 0.0008494 seconds, Stopping threads took: 0.0001309 seconds
2024-10-04T19:52:01.593+0300: 1186.685: Application time: 0.8876279 seconds
2024-10-04T19:52:01.593+0300: 1186.686: [GC (Allocation Failure) [PSYoungGen: 348512K->400K(348672K)] 372920K->24824K(1048064K), 0.0006941 secs] [Times: user=0.00 sys=0.00, real=0.00 secs] 
2024-10-04T19:52:01.593+0300: 1186.686: Total time for which application threads were stopped: 0.0009085 seconds, Stopping threads took: 0.0001102 seconds
2024-10-04T19:52:02.475+0300: 1187.567: Application time: 0.8811327 seconds
2024-10-04T19:52:02.475+0300: 1187.568: [GC (Allocation Failure) [PSYoungGen: 348560K->384K(348672K)] 372984K->24824K(1048064K), 0.0006082 secs] [Times: user=0.00 sys=0.00, real=0.00 secs] 
2024-10-04T19:52:02.475+0300: 1187.568: Total time for which application threads were stopped: 0.0009126 seconds, Stopping threads took: 0.0001900 seconds
2024-10-04T19:52:03.367+0300: 1188.454: Application time: 0.8861270 seconds
2024-10-04T19:52:03.367+0300: 1188.455: [GC (Allocation Failure) [PSYoungGen: 348544K->384K(348672K)] 372984K->24840K(1048064K), 0.0007974 secs] [Times: user=0.00 sys=0.00, real=0.00 secs] 
2024-10-04T19:52:03.367+0300: 1188.456: Total time for which application threads were stopped: 0.0011198 seconds, Stopping threads took: 0.0001835 seconds
2024-10-04T19:52:04.246+0300: 1189.341: Application time: 0.8858155 seconds
2024-10-04T19:52:04.246+0300: 1189.342: [GC (Allocation Failure) [PSYoungGen: 348544K->384K(348672K)] 373000K->24856K(1048064K), 0.0006640 secs] [Times: user=0.00 sys=0.00, real=0.00 secs] 
2024-10-04T19:52:04.246+0300: 1189.342: Total time for which application threads were stopped: 0.0009445 seconds, Stopping threads took: 0.0001825 seconds
2024-10-04T19:52:05.140+0300: 1190.227: Application time: 0.8845690 seconds
2024-10-04T19:52:05.140+0300: 1190.227: [GC (Allocation Failure) [PSYoungGen: 348544K->384K(348672K)] 373016K->24880K(1048064K), 0.0006131 secs] [Times: user=0.00 sys=0.00, real=0.00 secs] 
2024-10-04T19:52:05.140+0300: 1190.228: Total time for which application threads were stopped: 0.0008579 seconds, Stopping threads took: 0.0001502 seconds
2024-10-04T19:52:06.019+0300: 1191.109: Application time: 0.8811982 seconds
2024-10-04T19:52:06.019+0300: 1191.109: [GC (Allocation Failure) [PSYoungGen: 348544K->368K(348672K)] 373040K->24888K(1048064K), 0.0005995 secs] [Times: user=0.00 sys=0.00, real=0.00 secs] 
2024-10-04T19:52:06.019+0300: 1191.110: Total time for which application threads were stopped: 0.0008188 seconds, Stopping threads took: 0.0001209 seconds
2024-10-04T19:52:06.913+0300: 1192.008: Application time: 0.8983406 seconds
2024-10-04T19:52:06.913+0300: 1192.008: [GC (Allocation Failure) [PSYoungGen: 348528K->384K(348672K)] 373048K->24920K(1048064K), 0.0006957 secs] [Times: user=0.00 sys=0.00, real=0.00 secs] 
2024-10-04T19:52:06.913+0300: 1192.009: Total time for which application threads were stopped: 0.0009927 seconds, Stopping threads took: 0.0001811 seconds
2024-10-04T19:52:07.838+0300: 1192.922: Application time: 0.9129443 seconds
2024-10-04T19:52:07.838+0300: 1192.922: [GC (Allocation Failure) [PSYoungGen: 348544K->368K(348672K)] 373080K->24920K(1048064K), 0.0006128 secs] [Times: user=0.00 sys=0.00, real=0.00 secs] 
2024-10-04T19:52:07.838+0300: 1192.923: Total time for which application threads were stopped: 0.0008564 seconds, Stopping threads took: 0.0001293 seconds
2024-10-04T19:52:08.733+0300: 1193.824: Application time: 0.9014523 seconds
2024-10-04T19:52:08.733+0300: 1193.825: [GC (Allocation Failure) [PSYoungGen: 348528K->400K(348672K)] 373080K->24960K(1048064K), 0.0006246 secs] [Times: user=0.00 sys=0.00, real=0.00 secs] 
2024-10-04T19:52:08.733+0300: 1193.825: Total time for which application threads were stopped: 0.0009524 seconds, Stopping threads took: 0.0002083 seconds
2024-10-04T19:52:09.627+0300: 1194.712: Application time: 0.8868153 seconds
2024-10-04T19:52:09.627+0300: 1194.712: [GC (Allocation Failure) [PSYoungGen: 348560K->384K(348672K)] 373120K->24960K(1048064K), 0.0006211 secs] [Times: user=0.00 sys=0.00, real=0.00 secs] 
2024-10-04T19:52:09.627+0300: 1194.713: Total time for which application threads were stopped: 0.0008615 seconds, Stopping threads took: 0.0001386 seconds
2024-10-04T19:52:10.506+0300: 1195.595: Application time: 0.8819100 seconds
2024-10-04T19:52:10.506+0300: 1195.595: [GC (Allocation Failure) [PSYoungGen: 348544K->368K(348672K)] 373120K->24960K(1048064K), 0.0006652 secs] [Times: user=0.00 sys=0.00, real=0.00 secs] 
2024-10-04T19:52:10.506+0300: 1195.596: Total time for which application threads were stopped: 0.0009841 seconds, Stopping threads took: 0.0001960 seconds
2024-10-04T19:52:11.401+0300: 1196.500: Application time: 0.9036728 seconds
2024-10-04T19:52:11.401+0300: 1196.500: [GC (Allocation Failure) [PSYoungGen: 348528K->384K(348672K)] 373120K->24984K(1048064K), 0.0006803 secs] [Times: user=0.00 sys=0.00, real=0.01 secs] 
2024-10-04T19:52:11.416+0300: 1196.501: Total time for which application threads were stopped: 0.0009878 seconds, Stopping threads took: 0.0001927 seconds
2024-10-04T19:52:12.295+0300: 1197.393: Application time: 0.8923118 seconds
2024-10-04T19:52:12.295+0300: 1197.393: [GC (Allocation Failure) [PSYoungGen: 348544K->368K(348672K)] 373144K->24984K(1048064K), 0.0005785 secs] [Times: user=0.00 sys=0.00, real=0.00 secs] 
2024-10-04T19:52:12.295+0300: 1197.394: Total time for which application threads were stopped: 0.0008334 seconds, Stopping threads took: 0.0001524 seconds
2024-10-04T19:52:13.205+0300: 1198.293: Application time: 0.8996517 seconds
2024-10-04T19:52:13.205+0300: 1198.294: [GC (Allocation Failure) [PSYoungGen: 348528K->384K(348672K)] 373144K->25008K(1048064K), 0.0005873 secs] [Times: user=0.00 sys=0.00, real=0.00 secs] 
2024-10-04T19:52:13.205+0300: 1198.294: Total time for which application threads were stopped: 0.0007995 seconds, Stopping threads took: 0.0000880 seconds
2024-10-04T19:52:14.099+0300: 1199.186: Application time: 0.8916657 seconds
2024-10-04T19:52:14.099+0300: 1199.186: [GC (Allocation Failure) [PSYoungGen: 348544K->384K(348672K)] 373168K->25024K(1048064K), 0.0006208 secs] [Times: user=0.00 sys=0.00, real=0.00 secs] 
2024-10-04T19:52:14.099+0300: 1199.187: Total time for which application threads were stopped: 0.0008857 seconds, Stopping threads took: 0.0001468 seconds
2024-10-04T19:52:14.978+0300: 1200.075: Application time: 0.8884028 seconds
2024-10-04T19:52:14.978+0300: 1200.075: [GC (Allocation Failure) [PSYoungGen: 348544K->416K(348672K)] 373184K->25072K(1048064K), 0.0006817 secs] [Times: user=0.00 sys=0.00, real=0.00 secs] 
2024-10-04T19:52:14.978+0300: 1200.076: Total time for which application threads were stopped: 0.0009797 seconds, Stopping threads took: 0.0001929 seconds
2024-10-04T19:52:15.873+0300: 1200.962: Application time: 0.8858526 seconds
2024-10-04T19:52:15.873+0300: 1200.962: [GC (Allocation Failure) [PSYoungGen: 348576K->368K(348672K)] 373232K->25048K(1048064K), 0.0005933 secs] [Times: user=0.00 sys=0.00, real=0.00 secs] 
2024-10-04T19:52:15.873+0300: 1200.963: Total time for which application threads were stopped: 0.0008300 seconds, Stopping threads took: 0.0001356 seconds
2024-10-04T19:52:16.751+0300: 1201.847: Application time: 0.8840295 seconds
2024-10-04T19:52:16.751+0300: 1201.847: [GC (Allocation Failure) [PSYoungGen: 348528K->352K(348672K)] 373208K->25040K(1048064K), 0.0005950 secs] [Times: user=0.00 sys=0.00, real=0.00 secs] 
2024-10-04T19:52:16.751+0300: 1201.848: Total time for which application threads were stopped: 0.0008683 seconds, Stopping threads took: 0.0001781 seconds
2024-10-04T19:52:17.645+0300: 1202.732: Application time: 0.8839394 seconds
2024-10-04T19:52:17.645+0300: 1202.732: [GC (Allocation Failure) [PSYoungGen: 348512K->368K(348672K)] 373200K->25096K(1048064K), 0.0006524 secs] [Times: user=0.00 sys=0.00, real=0.00 secs] 
2024-10-04T19:52:17.645+0300: 1202.733: Total time for which application threads were stopped: 0.0009077 seconds, Stopping threads took: 0.0001471 seconds
2024-10-04T19:52:18.524+0300: 1203.613: Application time: 0.8801630 seconds
2024-10-04T19:52:18.524+0300: 1203.613: [GC (Allocation Failure) [PSYoungGen: 348528K->384K(348672K)] 373256K->25128K(1048064K), 0.0006245 secs] [Times: user=0.00 sys=0.00, real=0.00 secs] 
2024-10-04T19:52:18.524+0300: 1203.614: Total time for which application threads were stopped: 0.0008787 seconds, Stopping threads took: 0.0001310 seconds
2024-10-04T19:52:19.405+0300: 1204.493: Application time: 0.8792566 seconds
2024-10-04T19:52:19.405+0300: 1204.493: [GC (Allocation Failure) [PSYoungGen: 348544K->368K(348672K)] 373288K->25128K(1048064K), 0.0006243 secs] [Times: user=0.00 sys=0.00, real=0.00 secs] 
2024-10-04T19:52:19.405+0300: 1204.494: Total time for which application threads were stopped: 0.0008695 seconds, Stopping threads took: 0.0001459 seconds
2024-10-04T19:52:20.282+0300: 1205.377: Application time: 0.8830308 seconds
2024-10-04T19:52:20.282+0300: 1205.377: [GC (Allocation Failure) [PSYoungGen: 348528K->416K(348672K)] 373288K->25192K(1048064K), 0.0006021 secs] [Times: user=0.00 sys=0.00, real=0.00 secs] 
2024-10-04T19:52:20.282+0300: 1205.378: Total time for which application threads were stopped: 0.0008470 seconds, Stopping threads took: 0.0001550 seconds
2024-10-04T19:52:21.161+0300: 1206.259: Application time: 0.8815125 seconds
2024-10-04T19:52:21.161+0300: 1206.259: [GC (Allocation Failure) [PSYoungGen: 348576K->368K(348672K)] 373352K->25176K(1048064K), 0.0006301 secs] [Times: user=0.00 sys=0.00, real=0.00 secs] 
2024-10-04T19:52:21.161+0300: 1206.260: Total time for which application threads were stopped: 0.0008861 seconds, Stopping threads took: 0.0001469 seconds
2024-10-04T19:52:22.055+0300: 1207.144: Application time: 0.8841405 seconds
2024-10-04T19:52:22.055+0300: 1207.144: [GC (Allocation Failure) [PSYoungGen: 348528K->400K(348672K)] 373336K->25224K(1048064K), 0.0006117 secs] [Times: user=0.00 sys=0.00, real=0.00 secs] 
2024-10-04T19:52:22.055+0300: 1207.145: Total time for which application threads were stopped: 0.0009143 seconds, Stopping threads took: 0.0001868 seconds
2024-10-04T19:52:22.934+0300: 1208.028: Application time: 0.8827228 seconds
2024-10-04T19:52:22.934+0300: 1208.028: [GC (Allocation Failure) [PSYoungGen: 348560K->368K(348672K)] 373384K->25232K(1048064K), 0.0006375 secs] [Times: user=0.00 sys=0.00, real=0.00 secs] 
2024-10-04T19:52:22.934+0300: 1208.029: Total time for which application threads were stopped: 0.0008998 seconds, Stopping threads took: 0.0001626 seconds
2024-10-04T19:52:23.813+0300: 1208.911: Application time: 0.8827765 seconds
2024-10-04T19:52:23.828+0300: 1208.912: [GC (Allocation Failure) [PSYoungGen: 348528K->384K(348672K)] 373392K->25264K(1048064K), 0.0006715 secs] [Times: user=0.00 sys=0.00, real=0.00 secs] 
2024-10-04T19:52:23.828+0300: 1208.912: Total time for which application threads were stopped: 0.0009712 seconds, Stopping threads took: 0.0001976 seconds
2024-10-04T19:52:24.715+0300: 1209.800: Application time: 0.8875168 seconds
2024-10-04T19:52:24.715+0300: 1209.800: [GC (Allocation Failure) [PSYoungGen: 348544K->352K(348672K)] 373424K->25248K(1048064K), 0.0006674 secs] [Times: user=0.00 sys=0.00, real=0.00 secs] 
2024-10-04T19:52:24.715+0300: 1209.801: Total time for which application threads were stopped: 0.0009620 seconds, Stopping threads took: 0.0001963 seconds
2024-10-04T19:52:25.600+0300: 1210.685: Application time: 0.8843467 seconds
2024-10-04T19:52:25.600+0300: 1210.685: [GC (Allocation Failure) [PSYoungGen: 348512K->400K(348672K)] 373408K->25312K(1048064K), 0.0005367 secs] [Times: user=0.00 sys=0.00, real=0.00 secs] 
2024-10-04T19:52:25.600+0300: 1210.686: Total time for which application threads were stopped: 0.0007848 seconds, Stopping threads took: 0.0001376 seconds
2024-10-04T19:52:26.479+0300: 1211.567: Application time: 0.8806032 seconds
2024-10-04T19:52:26.479+0300: 1211.567: [GC (Allocation Failure) [PSYoungGen: 348560K->384K(348672K)] 373472K->25312K(1048064K), 0.0006028 secs] [Times: user=0.00 sys=0.00, real=0.00 secs] 
2024-10-04T19:52:26.479+0300: 1211.568: Total time for which application threads were stopped: 0.0008616 seconds, Stopping threads took: 0.0001317 seconds
2024-10-04T19:52:27.358+0300: 1212.452: Application time: 0.8849546 seconds
2024-10-04T19:52:27.358+0300: 1212.453: [GC (Allocation Failure) [PSYoungGen: 348544K->384K(348672K)] 373472K->25328K(1048064K), 0.0006442 secs] [Times: user=0.00 sys=0.00, real=0.00 secs] 
2024-10-04T19:52:27.358+0300: 1212.453: Total time for which application threads were stopped: 0.0009161 seconds, Stopping threads took: 0.0001782 seconds
2024-10-04T19:52:28.237+0300: 1213.332: Application time: 0.8786879 seconds
2024-10-04T19:52:28.237+0300: 1213.332: [GC (Allocation Failure) [PSYoungGen: 348544K->368K(348672K)] 373488K->25328K(1048064K), 0.0006128 secs] [Times: user=0.00 sys=0.00, real=0.00 secs] 
2024-10-04T19:52:28.237+0300: 1213.333: Total time for which application threads were stopped: 0.0008517 seconds, Stopping threads took: 0.0001402 seconds
2024-10-04T19:52:29.131+0300: 1214.217: Application time: 0.8842238 seconds
2024-10-04T19:52:29.131+0300: 1214.217: [GC (Allocation Failure) [PSYoungGen: 348528K->416K(348672K)] 373488K->25392K(1048064K), 0.0006103 secs] [Times: user=0.00 sys=0.00, real=0.00 secs] 
2024-10-04T19:52:29.131+0300: 1214.218: Total time for which application threads were stopped: 0.0008730 seconds, Stopping threads took: 0.0001318 seconds
2024-10-04T19:52:30.009+0300: 1215.100: Application time: 0.8822628 seconds
2024-10-04T19:52:30.009+0300: 1215.101: [GC (Allocation Failure) [PSYoungGen: 348576K->384K(348672K)] 373552K->25376K(1048064K), 0.0007118 secs] [Times: user=0.00 sys=0.00, real=0.00 secs] 
2024-10-04T19:52:30.009+0300: 1215.101: Total time for which application threads were stopped: 0.0010007 seconds, Stopping threads took: 0.0001732 seconds
2024-10-04T19:52:30.888+0300: 1215.985: Application time: 0.8832882 seconds
2024-10-04T19:52:30.888+0300: 1215.985: [GC (Allocation Failure) [PSYoungGen: 348544K->352K(348672K)] 373536K->25368K(1048064K), 0.0006826 secs] [Times: user=0.00 sys=0.00, real=0.00 secs] 
2024-10-04T19:52:30.888+0300: 1215.986: Total time for which application threads were stopped: 0.0009377 seconds, Stopping threads took: 0.0001239 seconds
2024-10-04T19:52:31.783+0300: 1216.874: Application time: 0.8884064 seconds
2024-10-04T19:52:31.783+0300: 1216.874: [GC (Allocation Failure) [PSYoungGen: 348512K->384K(348672K)] 373528K->25408K(1048064K), 0.0006873 secs] [Times: user=0.00 sys=0.00, real=0.00 secs] 
2024-10-04T19:52:31.783+0300: 1216.875: Total time for which application threads were stopped: 0.0009603 seconds, Stopping threads took: 0.0001751 seconds
2024-10-04T19:52:32.661+0300: 1217.758: Application time: 0.8831087 seconds
2024-10-04T19:52:32.661+0300: 1217.758: [GC (Allocation Failure) [PSYoungGen: 348544K->352K(348672K)] 373568K->25400K(1048064K), 0.0006239 secs] [Times: user=0.00 sys=0.00, real=0.00 secs] 
2024-10-04T19:52:32.661+0300: 1217.759: Total time for which application threads were stopped: 0.0008760 seconds, Stopping threads took: 0.0001536 seconds
2024-10-04T19:52:33.540+0300: 1218.638: Application time: 0.8794228 seconds
2024-10-04T19:52:33.540+0300: 1218.639: [GC (Allocation Failure) [PSYoungGen: 348512K->384K(348672K)] 373560K->25456K(1048064K), 0.0005811 secs] [Times: user=0.00 sys=0.00, real=0.00 secs] 
2024-10-04T19:52:33.540+0300: 1218.639: Total time for which application threads were stopped: 0.0008178 seconds, Stopping threads took: 0.0001230 seconds
2024-10-04T19:52:34.105+0300: 1219.204: Application time: 0.5647505 seconds
2024-10-04T19:52:34.105+0300: 1219.204: Total time for which application threads were stopped: 0.0002159 seconds, Stopping threads took: 0.0001684 seconds
2024-10-04T19:52:34.215+0300: 1219.314: Application time: 0.1097236 seconds
2024-10-04T19:52:34.215+0300: 1219.314: Total time for which application threads were stopped: 0.0001874 seconds, Stopping threads took: 0.0001370 seconds
2024-10-04T19:52:34.278+0300: 1219.372: Application time: 0.0583884 seconds
2024-10-04T19:52:34.278+0300: 1219.373: Total time for which application threads were stopped: 0.0001618 seconds, Stopping threads took: 0.0001193 seconds
2024-10-04T19:52:34.435+0300: 1219.522: Application time: 0.1490031 seconds
2024-10-04T19:52:34.435+0300: 1219.522: Total time for which application threads were stopped: 0.0001789 seconds, Stopping threads took: 0.0000183 seconds
2024-10-04T19:52:34.560+0300: 1219.657: Application time: 0.1354323 seconds
2024-10-04T19:52:34.560+0300: 1219.657: Total time for which application threads were stopped: 0.0002320 seconds, Stopping threads took: 0.0000363 seconds
2024-10-04T19:52:34.623+0300: 1219.709: Application time: 0.0520281 seconds
2024-10-04T19:52:34.623+0300: 1219.710: Total time for which application threads were stopped: 0.0002583 seconds, Stopping threads took: 0.0000362 seconds
2024-10-04T19:52:34.639+0300: 1219.736: Application time: 0.0257964 seconds
2024-10-04T19:52:34.639+0300: 1219.736: Total time for which application threads were stopped: 0.0000978 seconds, Stopping threads took: 0.0000260 seconds
2024-10-04T19:52:34.670+0300: 1219.757: Application time: 0.0215756 seconds
2024-10-04T19:52:34.670+0300: 1219.757: Total time for which application threads were stopped: 0.0000683 seconds, Stopping threads took: 0.0000339 seconds
2024-10-04T19:52:34.780+0300: 1219.868: Application time: 0.1104221 seconds
2024-10-04T19:52:34.780+0300: 1219.868: Total time for which application threads were stopped: 0.0002420 seconds, Stopping threads took: 0.0000210 seconds
2024-10-04T19:52:34.780+0300: 1219.871: Application time: 0.0028794 seconds
2024-10-04T19:52:34.780+0300: 1219.871: Total time for which application threads were stopped: 0.0002605 seconds, Stopping threads took: 0.0000323 seconds
2024-10-04T19:52:34.780+0300: 1219.873: Application time: 0.0021940 seconds
2024-10-04T19:52:34.780+0300: 1219.873: Total time for which application threads were stopped: 0.0001932 seconds, Stopping threads took: 0.0000196 seconds
2024-10-04T19:52:34.811+0300: 1219.904: Application time: 0.0300849 seconds
2024-10-04T19:52:34.811+0300: 1219.904: Total time for which application threads were stopped: 0.0000720 seconds, Stopping threads took: 0.0000315 seconds
2024-10-04T19:52:34.811+0300: 1219.906: Application time: 0.0020679 seconds
2024-10-04T19:52:34.811+0300: 1219.906: Total time for which application threads were stopped: 0.0000493 seconds, Stopping threads took: 0.0000259 seconds
2024-10-04T19:52:35.518+0300: 1220.613: Application time: 0.7068722 seconds
2024-10-04T19:52:35.518+0300: 1220.613: [GC (Allocation Failure) [PSYoungGen: 348544K->501K(338944K)] 373616K->44019K(1038336K), 0.0093350 secs] [Times: user=0.02 sys=0.00, real=0.02 secs] 
2024-10-04T19:52:35.534+0300: 1220.622: Total time for which application threads were stopped: 0.0095409 seconds, Stopping threads took: 0.0000254 seconds
2024-10-04T19:52:35.534+0300: 1220.622: Application time: 0.0002248 seconds
2024-10-04T19:52:35.534+0300: 1220.623: Total time for which application threads were stopped: 0.0001296 seconds, Stopping threads took: 0.0000882 seconds
2024-10-04T19:52:35.785+0300: 1220.870: Application time: 0.2470143 seconds
2024-10-04T19:52:35.785+0300: 1220.870: Total time for which application threads were stopped: 0.0002437 seconds, Stopping threads took: 0.0001472 seconds
2024-10-04T19:52:35.785+0300: 1220.870: Application time: 0.0004325 seconds
2024-10-04T19:52:35.785+0300: 1220.870: Total time for which application threads were stopped: 0.0001687 seconds, Stopping threads took: 0.0001155 seconds
2024-10-04T19:52:35.785+0300: 1220.871: Application time: 0.0003118 seconds
2024-10-04T19:52:35.785+0300: 1220.871: Total time for which application threads were stopped: 0.0001161 seconds, Stopping threads took: 0.0000637 seconds
2024-10-04T19:52:37.215+0300: 1222.312: Application time: 1.4407153 seconds
2024-10-04T19:52:37.215+0300: 1222.312: [GC (Allocation Failure) [PSYoungGen: 338933K->512K(332288K)] 382451K->50842K(1031680K), 0.0050489 secs] [Times: user=0.00 sys=0.02, real=0.02 secs] 
2024-10-04T19:52:37.231+0300: 1222.317: Total time for which application threads were stopped: 0.0053319 seconds, Stopping threads took: 0.0000396 seconds
2024-10-04T19:52:37.231+0300: 1222.317: Application time: 0.0001957 seconds
2024-10-04T19:52:37.231+0300: 1222.317: Total time for which application threads were stopped: 0.0000767 seconds, Stopping threads took: 0.0000384 seconds
2024-10-04T19:52:37.325+0300: 1222.409: Application time: 0.0922652 seconds
2024-10-04T19:52:37.325+0300: 1222.410: [GC (Allocation Failure) [PSYoungGen: 332288K->160K(340480K)] 382618K->51027K(1039872K), 0.0012750 secs] [Times: user=0.00 sys=0.00, real=0.00 secs] 
2024-10-04T19:52:37.325+0300: 1222.411: Total time for which application threads were stopped: 0.0014879 seconds, Stopping threads took: 0.0000498 seconds
2024-10-04T19:52:37.404+0300: 1222.490: Application time: 0.0795545 seconds
2024-10-04T19:52:37.404+0300: 1222.491: [GC (Allocation Failure) [PSYoungGen: 331936K->128K(340480K)] 382803K->51067K(1039872K), 0.0013413 secs] [Times: user=0.00 sys=0.00, real=0.00 secs] 
2024-10-04T19:52:37.404+0300: 1222.492: Total time for which application threads were stopped: 0.0015585 seconds, Stopping threads took: 0.0000619 seconds
2024-10-04T19:52:37.498+0300: 1222.590: Application time: 0.0974429 seconds
2024-10-04T19:52:37.498+0300: 1222.590: [GC (Allocation Failure) [PSYoungGen: 331904K->128K(340480K)] 382843K->51091K(1039872K), 0.0011183 secs] [Times: user=0.00 sys=0.00, real=0.00 secs] 
2024-10-04T19:52:37.498+0300: 1222.591: Total time for which application threads were stopped: 0.0013884 seconds, Stopping threads took: 0.0000511 seconds
2024-10-04T19:52:37.608+0300: 1222.701: Application time: 0.1096394 seconds
2024-10-04T19:52:37.608+0300: 1222.701: Total time for which application threads were stopped: 0.0001565 seconds, Stopping threads took: 0.0000324 seconds
2024-10-04T19:52:37.608+0300: 1222.703: Application time: 0.0024000 seconds
2024-10-04T19:52:37.608+0300: 1222.703: Total time for which application threads were stopped: 0.0000585 seconds, Stopping threads took: 0.0000312 seconds
2024-10-04T19:52:37.608+0300: 1222.704: Application time: 0.0004129 seconds
2024-10-04T19:52:37.608+0300: 1222.704: Total time for which application threads were stopped: 0.0000980 seconds, Stopping threads took: 0.0000759 seconds
2024-10-04T19:52:37.624+0300: 1222.713: Application time: 0.0097041 seconds
2024-10-04T19:52:37.624+0300: 1222.713: Total time for which application threads were stopped: 0.0000544 seconds, Stopping threads took: 0.0000239 seconds
Heap
 PSYoungGen      total 340480K, used 229069K [0x00000000eab00000, 0x0000000100000000, 0x0000000100000000)
  eden space 331776K, 69% used [0x00000000eab00000,0x00000000f8a93438,0x00000000fef00000)
  from space 8704K, 1% used [0x00000000fef00000,0x00000000fef20000,0x00000000ff780000)
  to   space 8192K, 0% used [0x00000000ff800000,0x00000000ff800000,0x0000000100000000)
 ParOldGen       total 699392K, used 50963K [0x00000000c0000000, 0x00000000eab00000, 0x00000000eab00000)
  object space 699392K, 7% used [0x00000000c0000000,0x00000000c31c4dd8,0x00000000eab00000)
 Metaspace       used 16423K, capacity 16666K, committed 16896K, reserved 1064960K
  class space    used 1693K, capacity 1762K, committed 1792K, reserved 1048576K
2024-10-04T19:52:37.735+0300: 1222.819: Application time: 0.1059429 seconds
