[0.008s][info][gc] Using Serial
[0.010s][info][gc,init] Version: 17.0.12+7-adhoc..jdk17u (release)
[0.010s][info][gc,init] CPUs: 6 total, 6 available
[0.010s][info][gc,init] Memory: 15591M
[0.010s][info][gc,init] Large Page Support: Disabled
[0.010s][info][gc,init] NUMA Support: Disabled
[0.010s][info][gc,init] Compressed Oops: Enabled (32-bit)
[0.010s][info][gc,init] Heap Min Capacity: 1G
[0.010s][info][gc,init] Heap Initial Capacity: 1G
[0.010s][info][gc,init] Heap Max Capacity: 1G
[0.010s][info][gc,init] Pre-touch: Disabled
[0.017s][info][gc,metaspace] CDS archive(s) mapped at: [0x0000023a80000000-0x0000023a80bc0000-0x0000023a80bc0000), size 12320768, SharedBaseAddress: 0x0000023a80000000, ArchiveRelocationMode: 1.
[0.019s][info][gc,metaspace] Compressed class space mapped at: 0x0000023a81000000-0x0000023ac1000000, reserved size: 1073741824
[0.019s][info][gc,metaspace] Narrow klass base: 0x0000023a80000000, Narrow klass shift: 0, Narrow klass range: 0x100000000
[1.120s][info][gc,start    ] GC(0) Pause Young (Allocation Failure)
[1.171s][info][gc,heap     ] GC(0) DefNew: 279616K(314560K)->21562K(314560K) Eden: 279616K(279616K)->0K(279616K) From: 0K(34944K)->21562K(34944K)
[1.171s][info][gc,heap     ] GC(0) Tenured: 0K(699072K)->0K(699072K)
[1.171s][info][gc,metaspace] GC(0) Metaspace: 8382K(8576K)->8382K(8576K) NonClass: 7565K(7680K)->7565K(7680K) Class: 816K(896K)->816K(896K)
[1.172s][info][gc          ] GC(0) Pause Young (Allocation Failure) 273M->21M(989M) 51.047ms
[1.172s][info][gc,cpu      ] GC(0) User=0.05s Sys=0.02s Real=0.05s
[1.524s][info][gc,start    ] GC(1) Pause Young (Allocation Failure)
[1.600s][info][gc,heap     ] GC(1) DefNew: 301178K(314560K)->19833K(314560K) Eden: 279616K(279616K)->0K(279616K) From: 21562K(34944K)->19833K(34944K)
[1.600s][info][gc,heap     ] GC(1) Tenured: 0K(699072K)->21498K(699072K)
[1.600s][info][gc,metaspace] GC(1) Metaspace: 8412K(8640K)->8412K(8640K) NonClass: 7595K(7744K)->7595K(7744K) Class: 816K(896K)->816K(896K)
[1.600s][info][gc          ] GC(1) Pause Young (Allocation Failure) 294M->40M(989M) 76.400ms
[1.600s][info][gc,cpu      ] GC(1) User=0.14s Sys=0.00s Real=0.07s
[1.892s][info][gc,start    ] GC(2) Pause Young (Allocation Failure)
[1.962s][info][gc,heap     ] GC(2) DefNew: 299449K(314560K)->18890K(314560K) Eden: 279616K(279616K)->0K(279616K) From: 19833K(34944K)->18890K(34944K)
[1.962s][info][gc,heap     ] GC(2) Tenured: 21498K(699072K)->40481K(699072K)
[1.962s][info][gc,metaspace] GC(2) Metaspace: 8419K(8640K)->8419K(8640K) NonClass: 7603K(7744K)->7603K(7744K) Class: 816K(896K)->816K(896K)
[1.962s][info][gc          ] GC(2) Pause Young (Allocation Failure) 313M->57M(989M) 70.126ms
[1.962s][info][gc,cpu      ] GC(2) User=0.16s Sys=0.00s Real=0.07s
[2.191s][info][gc,start    ] GC(3) Pause Young (Allocation Failure)
[2.259s][info][gc,heap     ] GC(3) DefNew: 298506K(314560K)->18883K(314560K) Eden: 279616K(279616K)->0K(279616K) From: 18890K(34944K)->18883K(34944K)
[2.259s][info][gc,heap     ] GC(3) Tenured: 40481K(699072K)->59232K(699072K)
[2.259s][info][gc,metaspace] GC(3) Metaspace: 8421K(8640K)->8421K(8640K) NonClass: 7605K(7744K)->7605K(7744K) Class: 816K(896K)->816K(896K)
[2.259s][info][gc          ] GC(3) Pause Young (Allocation Failure) 331M->76M(989M) 68.182ms
[2.259s][info][gc,cpu      ] GC(3) User=0.08s Sys=0.02s Real=0.07s
[2.476s][info][gc,start    ] GC(4) Pause Young (Allocation Failure)
[2.545s][info][gc,heap     ] GC(4) DefNew: 298499K(314560K)->18796K(314560K) Eden: 279616K(279616K)->0K(279616K) From: 18883K(34944K)->18796K(34944K)
[2.545s][info][gc,heap     ] GC(4) Tenured: 59232K(699072K)->77930K(699072K)
[2.545s][info][gc,metaspace] GC(4) Metaspace: 8451K(8640K)->8451K(8640K) NonClass: 7634K(7744K)->7634K(7744K) Class: 816K(896K)->816K(896K)
[2.545s][info][gc          ] GC(4) Pause Young (Allocation Failure) 349M->94M(989M) 68.927ms
[2.545s][info][gc,cpu      ] GC(4) User=0.12s Sys=0.00s Real=0.07s
[2.750s][info][gc,start    ] GC(5) Pause Young (Allocation Failure)
[2.819s][info][gc,heap     ] GC(5) DefNew: 298412K(314560K)->18439K(314560K) Eden: 279616K(279616K)->0K(279616K) From: 18796K(34944K)->18439K(34944K)
[2.819s][info][gc,heap     ] GC(5) Tenured: 77930K(699072K)->96534K(699072K)
[2.819s][info][gc,metaspace] GC(5) Metaspace: 8478K(8640K)->8478K(8640K) NonClass: 7661K(7744K)->7661K(7744K) Class: 816K(896K)->816K(896K)
[2.819s][info][gc          ] GC(5) Pause Young (Allocation Failure) 367M->112M(989M) 69.243ms
[2.819s][info][gc,cpu      ] GC(5) User=0.17s Sys=0.00s Real=0.08s
[3.016s][info][gc,start    ] GC(6) Pause Young (Allocation Failure)
[3.084s][info][gc,heap     ] GC(6) DefNew: 298055K(314560K)->18327K(314560K) Eden: 279616K(279616K)->0K(279616K) From: 18439K(34944K)->18327K(34944K)
[3.084s][info][gc,heap     ] GC(6) Tenured: 96534K(699072K)->114522K(699072K)
[3.084s][info][gc,metaspace] GC(6) Metaspace: 8495K(8704K)->8495K(8704K) NonClass: 7678K(7808K)->7678K(7808K) Class: 816K(896K)->816K(896K)
[3.084s][info][gc          ] GC(6) Pause Young (Allocation Failure) 385M->129M(989M) 67.922ms
[3.084s][info][gc,cpu      ] GC(6) User=0.14s Sys=0.00s Real=0.07s
[3.274s][info][gc,start    ] GC(7) Pause Young (Allocation Failure)
[3.338s][info][gc,heap     ] GC(7) DefNew: 297943K(314560K)->17582K(314560K) Eden: 279616K(279616K)->0K(279616K) From: 18327K(34944K)->17582K(34944K)
[3.338s][info][gc,heap     ] GC(7) Tenured: 114522K(699072K)->132666K(699072K)
[3.338s][info][gc,metaspace] GC(7) Metaspace: 8498K(8704K)->8498K(8704K) NonClass: 7682K(7808K)->7682K(7808K) Class: 816K(896K)->816K(896K)
[3.338s][info][gc          ] GC(7) Pause Young (Allocation Failure) 402M->146M(989M) 63.656ms
[3.338s][info][gc,cpu      ] GC(7) User=0.08s Sys=0.00s Real=0.08s
[3.532s][info][gc,start    ] GC(8) Pause Young (Allocation Failure)
[3.597s][info][gc,heap     ] GC(8) DefNew: 297198K(314560K)->17634K(314560K) Eden: 279616K(279616K)->0K(279616K) From: 17582K(34944K)->17634K(34944K)
[3.597s][info][gc,heap     ] GC(8) Tenured: 132666K(699072K)->150133K(699072K)
[3.597s][info][gc,metaspace] GC(8) Metaspace: 8505K(8704K)->8505K(8704K) NonClass: 7689K(7808K)->7689K(7808K) Class: 816K(896K)->816K(896K)
[3.597s][info][gc          ] GC(8) Pause Young (Allocation Failure) 419M->163M(989M) 65.155ms
[3.597s][info][gc,cpu      ] GC(8) User=0.12s Sys=0.00s Real=0.07s
[3.795s][info][gc,start    ] GC(9) Pause Young (Allocation Failure)
[3.861s][info][gc,heap     ] GC(9) DefNew: 297250K(314560K)->19373K(314560K) Eden: 279616K(279616K)->0K(279616K) From: 17634K(34944K)->19373K(34944K)
[3.861s][info][gc,heap     ] GC(9) Tenured: 150133K(699072K)->167700K(699072K)
[3.861s][info][gc,metaspace] GC(9) Metaspace: 8505K(8704K)->8505K(8704K) NonClass: 7689K(7808K)->7689K(7808K) Class: 816K(896K)->816K(896K)
[3.861s][info][gc          ] GC(9) Pause Young (Allocation Failure) 436M->182M(989M) 65.869ms
[3.861s][info][gc,cpu      ] GC(9) User=0.06s Sys=0.00s Real=0.07s
[4.041s][info][gc,start    ] GC(10) Pause Young (Allocation Failure)
[4.101s][info][gc,heap     ] GC(10) DefNew: 298989K(314560K)->16907K(314560K) Eden: 279616K(279616K)->0K(279616K) From: 19373K(34944K)->16907K(34944K)
[4.101s][info][gc,heap     ] GC(10) Tenured: 167700K(699072K)->185983K(699072K)
[4.101s][info][gc,metaspace] GC(10) Metaspace: 8505K(8704K)->8505K(8704K) NonClass: 7689K(7808K)->7689K(7808K) Class: 816K(896K)->816K(896K)
[4.101s][info][gc          ] GC(10) Pause Young (Allocation Failure) 455M->198M(989M) 60.442ms
[4.101s][info][gc,cpu      ] GC(10) User=0.06s Sys=0.00s Real=0.05s
[4.355s][info][gc,start    ] GC(11) Pause Young (Allocation Failure)
[4.417s][info][gc,heap     ] GC(11) DefNew: 296523K(314560K)->34943K(314560K) Eden: 279616K(279616K)->0K(279616K) From: 16907K(34944K)->34943K(34944K)
[4.417s][info][gc,heap     ] GC(11) Tenured: 185983K(699072K)->186672K(699072K)
[4.417s][info][gc,metaspace] GC(11) Metaspace: 8554K(8768K)->8554K(8768K) NonClass: 7737K(7872K)->7737K(7872K) Class: 816K(896K)->816K(896K)
[4.417s][info][gc          ] GC(11) Pause Young (Allocation Failure) 471M->216M(989M) 62.263ms
[4.417s][info][gc,cpu      ] GC(11) User=0.09s Sys=0.00s Real=0.05s
[4.645s][info][gc,start    ] GC(12) Pause Young (Allocation Failure)
[4.707s][info][gc,heap     ] GC(12) DefNew: 314559K(314560K)->12666K(314560K) Eden: 279616K(279616K)->0K(279616K) From: 34943K(34944K)->12666K(34944K)
[4.707s][info][gc,heap     ] GC(12) Tenured: 186672K(699072K)->217876K(699072K)
[4.707s][info][gc,metaspace] GC(12) Metaspace: 8563K(8768K)->8563K(8768K) NonClass: 7746K(7872K)->7746K(7872K) Class: 816K(896K)->816K(896K)
[4.707s][info][gc          ] GC(12) Pause Young (Allocation Failure) 489M->225M(989M) 61.429ms
[4.707s][info][gc,cpu      ] GC(12) User=0.05s Sys=0.00s Real=0.06s
[4.836s][info][gc,start    ] GC(13) Pause Young (Allocation Failure)
[4.887s][info][gc,heap     ] GC(13) DefNew: 292282K(314560K)->27708K(314560K) Eden: 279616K(279616K)->0K(279616K) From: 12666K(34944K)->27708K(34944K)
[4.887s][info][gc,heap     ] GC(13) Tenured: 217876K(699072K)->217876K(699072K)
[4.887s][info][gc,metaspace] GC(13) Metaspace: 8563K(8768K)->8563K(8768K) NonClass: 7746K(7872K)->7746K(7872K) Class: 816K(896K)->816K(896K)
[4.887s][info][gc          ] GC(13) Pause Young (Allocation Failure) 498M->239M(989M) 50.176ms
[4.887s][info][gc,cpu      ] GC(13) User=0.03s Sys=0.00s Real=0.06s
[5.033s][info][gc,start    ] GC(14) Pause Young (Allocation Failure)
[5.071s][info][gc,heap     ] GC(14) DefNew: 307324K(314560K)->17599K(314560K) Eden: 279616K(279616K)->0K(279616K) From: 27708K(34944K)->17599K(34944K)
[5.071s][info][gc,heap     ] GC(14) Tenured: 217876K(699072K)->224771K(699072K)
[5.071s][info][gc,metaspace] GC(14) Metaspace: 8565K(8768K)->8565K(8768K) NonClass: 7748K(7872K)->7748K(7872K) Class: 816K(896K)->816K(896K)
[5.071s][info][gc          ] GC(14) Pause Young (Allocation Failure) 512M->236M(989M) 38.074ms
[5.071s][info][gc,cpu      ] GC(14) User=0.05s Sys=0.00s Real=0.05s
[5.292s][info][gc,start    ] GC(15) Pause Young (Allocation Failure)
[5.346s][info][gc,heap     ] GC(15) DefNew: 297215K(314560K)->23813K(314560K) Eden: 279616K(279616K)->0K(279616K) From: 17599K(34944K)->23813K(34944K)
[5.346s][info][gc,heap     ] GC(15) Tenured: 224771K(699072K)->232020K(699072K)
[5.346s][info][gc,metaspace] GC(15) Metaspace: 8565K(8768K)->8565K(8768K) NonClass: 7748K(7872K)->7748K(7872K) Class: 816K(896K)->816K(896K)
[5.346s][info][gc          ] GC(15) Pause Young (Allocation Failure) 509M->249M(989M) 53.836ms
[5.346s][info][gc,cpu      ] GC(15) User=0.05s Sys=0.00s Real=0.05s
[5.483s][info][gc,start    ] GC(16) Pause Young (Allocation Failure)
[5.552s][info][gc,heap     ] GC(16) DefNew: 303429K(314560K)->19947K(314560K) Eden: 279616K(279616K)->0K(279616K) From: 23813K(34944K)->19947K(34944K)
[5.552s][info][gc,heap     ] GC(16) Tenured: 232020K(699072K)->255832K(699072K)
[5.552s][info][gc,metaspace] GC(16) Metaspace: 8565K(8768K)->8565K(8768K) NonClass: 7748K(7872K)->7748K(7872K) Class: 816K(896K)->816K(896K)
[5.552s][info][gc          ] GC(16) Pause Young (Allocation Failure) 522M->269M(989M) 68.552ms
[5.552s][info][gc,cpu      ] GC(16) User=0.06s Sys=0.00s Real=0.06s
[5.690s][info][gc,start    ] GC(17) Pause Young (Allocation Failure)
[5.756s][info][gc,heap     ] GC(17) DefNew: 299563K(314560K)->19703K(314560K) Eden: 279616K(279616K)->0K(279616K) From: 19947K(34944K)->19703K(34944K)
[5.756s][info][gc,heap     ] GC(17) Tenured: 255832K(699072K)->275777K(699072K)
[5.756s][info][gc,metaspace] GC(17) Metaspace: 8565K(8768K)->8565K(8768K) NonClass: 7748K(7872K)->7748K(7872K) Class: 816K(896K)->816K(896K)
[5.756s][info][gc          ] GC(17) Pause Young (Allocation Failure) 542M->288M(989M) 65.726ms
[5.756s][info][gc,cpu      ] GC(17) User=0.06s Sys=0.00s Real=0.06s
[5.892s][info][gc,start    ] GC(18) Pause Young (Allocation Failure)
[5.956s][info][gc,heap     ] GC(18) DefNew: 299319K(314560K)->19448K(314560K) Eden: 279616K(279616K)->0K(279616K) From: 19703K(34944K)->19448K(34944K)
[5.956s][info][gc,heap     ] GC(18) Tenured: 275777K(699072K)->295478K(699072K)
[5.956s][info][gc,metaspace] GC(18) Metaspace: 8565K(8768K)->8565K(8768K) NonClass: 7748K(7872K)->7748K(7872K) Class: 816K(896K)->816K(896K)
[5.956s][info][gc          ] GC(18) Pause Young (Allocation Failure) 561M->307M(989M) 64.400ms
[5.956s][info][gc,cpu      ] GC(18) User=0.06s Sys=0.00s Real=0.06s
[6.089s][info][gc,start    ] GC(19) Pause Young (Allocation Failure)
[6.152s][info][gc,heap     ] GC(19) DefNew: 299064K(314560K)->19230K(314560K) Eden: 279616K(279616K)->0K(279616K) From: 19448K(34944K)->19230K(34944K)
[6.152s][info][gc,heap     ] GC(19) Tenured: 295478K(699072K)->314923K(699072K)
[6.152s][info][gc,metaspace] GC(19) Metaspace: 8565K(8768K)->8565K(8768K) NonClass: 7748K(7872K)->7748K(7872K) Class: 816K(896K)->816K(896K)
[6.152s][info][gc          ] GC(19) Pause Young (Allocation Failure) 580M->326M(989M) 63.342ms
[6.152s][info][gc,cpu      ] GC(19) User=0.06s Sys=0.00s Real=0.07s
[6.286s][info][gc,start    ] GC(20) Pause Young (Allocation Failure)
[6.341s][info][gc,heap     ] GC(20) DefNew: 298846K(314560K)->16082K(314560K) Eden: 279616K(279616K)->0K(279616K) From: 19230K(34944K)->16082K(34944K)
[6.341s][info][gc,heap     ] GC(20) Tenured: 314923K(699072K)->334151K(699072K)
[6.342s][info][gc,metaspace] GC(20) Metaspace: 8565K(8768K)->8565K(8768K) NonClass: 7748K(7872K)->7748K(7872K) Class: 816K(896K)->816K(896K)
[6.342s][info][gc          ] GC(20) Pause Young (Allocation Failure) 599M->342M(989M) 55.977ms
[6.342s][info][gc,cpu      ] GC(20) User=0.05s Sys=0.00s Real=0.05s
[6.485s][info][gc,start    ] GC(21) Pause Young (Allocation Failure)
[6.501s][info][gc,heap     ] GC(21) DefNew: 295698K(314560K)->18477K(314560K) Eden: 279616K(279616K)->0K(279616K) From: 16082K(34944K)->18477K(34944K)
[6.501s][info][gc,heap     ] GC(21) Tenured: 334151K(699072K)->334151K(699072K)
[6.501s][info][gc,metaspace] GC(21) Metaspace: 8565K(8768K)->8565K(8768K) NonClass: 7748K(7872K)->7748K(7872K) Class: 816K(896K)->816K(896K)
[6.501s][info][gc          ] GC(21) Pause Young (Allocation Failure) 615M->344M(989M) 15.584ms
[6.501s][info][gc,cpu      ] GC(21) User=0.02s Sys=0.00s Real=0.02s
[6.639s][info][gc,start    ] GC(22) Pause Young (Allocation Failure)
[6.659s][info][gc,heap     ] GC(22) DefNew: 298093K(314560K)->4780K(314560K) Eden: 279616K(279616K)->0K(279616K) From: 18477K(34944K)->4780K(34944K)
[6.659s][info][gc,heap     ] GC(22) Tenured: 334151K(699072K)->346687K(699072K)
[6.659s][info][gc,metaspace] GC(22) Metaspace: 8565K(8768K)->8565K(8768K) NonClass: 7748K(7872K)->7748K(7872K) Class: 816K(896K)->816K(896K)
[6.659s][info][gc          ] GC(22) Pause Young (Allocation Failure) 617M->343M(989M) 19.927ms
[6.659s][info][gc,cpu      ] GC(22) User=0.02s Sys=0.00s Real=0.02s
[6.984s][info][gc,start    ] GC(23) Pause Young (Allocation Failure)
[7.028s][info][gc,heap     ] GC(23) DefNew: 284396K(314560K)->22534K(314560K) Eden: 279616K(279616K)->0K(279616K) From: 4780K(34944K)->22534K(34944K)
[7.028s][info][gc,heap     ] GC(23) Tenured: 346687K(699072K)->346687K(699072K)
[7.028s][info][gc,metaspace] GC(23) Metaspace: 8718K(8960K)->8718K(8960K) NonClass: 7898K(8064K)->7898K(8064K) Class: 820K(896K)->820K(896K)
[7.028s][info][gc          ] GC(23) Pause Young (Allocation Failure) 616M->360M(989M) 43.950ms
[7.028s][info][gc,cpu      ] GC(23) User=0.06s Sys=0.00s Real=0.04s
[7.131s][info][gc,start    ] GC(24) Pause Young (Allocation Failure)
[7.184s][info][gc,heap     ] GC(24) DefNew: 302150K(314560K)->21713K(314560K) Eden: 279616K(279616K)->0K(279616K) From: 22534K(34944K)->21713K(34944K)
[7.184s][info][gc,heap     ] GC(24) Tenured: 346687K(699072K)->361151K(699072K)
[7.184s][info][gc,metaspace] GC(24) Metaspace: 8719K(8960K)->8719K(8960K) NonClass: 7898K(8064K)->7898K(8064K) Class: 820K(896K)->820K(896K)
[7.184s][info][gc          ] GC(24) Pause Young (Allocation Failure) 633M->373M(989M) 53.615ms
[7.184s][info][gc,cpu      ] GC(24) User=0.05s Sys=0.00s Real=0.06s
[7.364s][info][gc,start    ] GC(25) Pause Young (Allocation Failure)
[7.379s][info][gc,heap     ] GC(25) DefNew: 301329K(314560K)->4306K(314560K) Eden: 279616K(279616K)->0K(279616K) From: 21713K(34944K)->4306K(34944K)
[7.379s][info][gc,heap     ] GC(25) Tenured: 361151K(699072K)->367384K(699072K)
[7.379s][info][gc,metaspace] GC(25) Metaspace: 8720K(8960K)->8720K(8960K) NonClass: 7899K(8064K)->7899K(8064K) Class: 820K(896K)->820K(896K)
[7.379s][info][gc          ] GC(25) Pause Young (Allocation Failure) 646M->362M(989M) 14.657ms
[7.379s][info][gc,cpu      ] GC(25) User=0.00s Sys=0.00s Real=0.02s
[7.616s][info][gc,start    ] GC(26) Pause Young (Allocation Failure)
[7.662s][info][gc,heap     ] GC(26) DefNew: 283922K(314560K)->26975K(314560K) Eden: 279616K(279616K)->0K(279616K) From: 4306K(34944K)->26975K(34944K)
[7.662s][info][gc,heap     ] GC(26) Tenured: 367384K(699072K)->367384K(699072K)
[7.662s][info][gc,metaspace] GC(26) Metaspace: 8720K(8960K)->8720K(8960K) NonClass: 7900K(8064K)->7900K(8064K) Class: 820K(896K)->820K(896K)
[7.662s][info][gc          ] GC(26) Pause Young (Allocation Failure) 636M->385M(989M) 46.285ms
[7.662s][info][gc,cpu      ] GC(26) User=0.03s Sys=0.02s Real=0.05s
[7.841s][info][gc,start    ] GC(27) Pause Young (Allocation Failure)
[7.876s][info][gc,heap     ] GC(27) DefNew: 306591K(314560K)->14523K(314560K) Eden: 279616K(279616K)->0K(279616K) From: 26975K(34944K)->14523K(34944K)
[7.876s][info][gc,heap     ] GC(27) Tenured: 367384K(699072K)->374483K(699072K)
[7.876s][info][gc,metaspace] GC(27) Metaspace: 8733K(8960K)->8733K(8960K) NonClass: 7912K(8064K)->7912K(8064K) Class: 821K(896K)->821K(896K)
[7.876s][info][gc          ] GC(27) Pause Young (Allocation Failure) 658M->379M(989M) 35.257ms
[7.876s][info][gc,cpu      ] GC(27) User=0.03s Sys=0.00s Real=0.03s
[8.046s][info][gc,start    ] GC(28) Pause Young (Allocation Failure)
[8.076s][info][gc,heap     ] GC(28) DefNew: 294139K(314560K)->17029K(314560K) Eden: 279616K(279616K)->0K(279616K) From: 14523K(34944K)->17029K(34944K)
[8.076s][info][gc,heap     ] GC(28) Tenured: 374483K(699072K)->374483K(699072K)
[8.076s][info][gc,metaspace] GC(28) Metaspace: 8741K(8960K)->8741K(8960K) NonClass: 7920K(8064K)->7920K(8064K) Class: 821K(896K)->821K(896K)
[8.076s][info][gc          ] GC(28) Pause Young (Allocation Failure) 652M->382M(989M) 29.890ms
[8.076s][info][gc,cpu      ] GC(28) User=0.03s Sys=0.00s Real=0.03s
[8.308s][info][gc,start    ] GC(29) Pause Young (Allocation Failure)
[8.346s][info][gc,heap     ] GC(29) DefNew: 296645K(314560K)->24012K(314560K) Eden: 279616K(279616K)->0K(279616K) From: 17029K(34944K)->24012K(34944K)
[8.346s][info][gc,heap     ] GC(29) Tenured: 374483K(699072K)->374483K(699072K)
[8.346s][info][gc,metaspace] GC(29) Metaspace: 8750K(8960K)->8750K(8960K) NonClass: 7929K(8064K)->7929K(8064K) Class: 821K(896K)->821K(896K)
[8.346s][info][gc          ] GC(29) Pause Young (Allocation Failure) 655M->389M(989M) 37.297ms
[8.346s][info][gc,cpu      ] GC(29) User=0.03s Sys=0.00s Real=0.03s
[8.444s][info][gc,start    ] GC(30) Pause Young (Allocation Failure)
[8.537s][info][gc,heap     ] GC(30) DefNew: 303628K(314560K)->34943K(314560K) Eden: 279616K(279616K)->0K(279616K) From: 24012K(34944K)->34943K(34944K)
[8.537s][info][gc,heap     ] GC(30) Tenured: 374483K(699072K)->396073K(699072K)
[8.537s][info][gc,metaspace] GC(30) Metaspace: 8750K(8960K)->8750K(8960K) NonClass: 7929K(8064K)->7929K(8064K) Class: 821K(896K)->821K(896K)
[8.537s][info][gc          ] GC(30) Pause Young (Allocation Failure) 662M->420M(989M) 93.186ms
[8.537s][info][gc,cpu      ] GC(30) User=0.06s Sys=0.02s Real=0.10s
[8.633s][info][gc,start    ] GC(31) Pause Young (Allocation Failure)
[8.735s][info][gc,heap     ] GC(31) DefNew: 314559K(314560K)->31347K(314560K) Eden: 279616K(279616K)->0K(279616K) From: 34943K(34944K)->31347K(34944K)
[8.735s][info][gc,heap     ] GC(31) Tenured: 396073K(699072K)->431014K(699072K)
[8.735s][info][gc,metaspace] GC(31) Metaspace: 8750K(8960K)->8750K(8960K) NonClass: 7929K(8064K)->7929K(8064K) Class: 821K(896K)->821K(896K)
[8.735s][info][gc          ] GC(31) Pause Young (Allocation Failure) 693M->451M(989M) 102.308ms
[8.735s][info][gc,cpu      ] GC(31) User=0.09s Sys=0.00s Real=0.10s
[8.828s][info][gc,start    ] GC(32) Pause Young (Allocation Failure)
[8.919s][info][gc,heap     ] GC(32) DefNew: 310963K(314560K)->30400K(314560K) Eden: 279616K(279616K)->0K(279616K) From: 31347K(34944K)->30400K(34944K)
[8.919s][info][gc,heap     ] GC(32) Tenured: 431014K(699072K)->462359K(699072K)
[8.919s][info][gc,metaspace] GC(32) Metaspace: 8750K(8960K)->8750K(8960K) NonClass: 7929K(8064K)->7929K(8064K) Class: 821K(896K)->821K(896K)
[8.919s][info][gc          ] GC(32) Pause Young (Allocation Failure) 724M->481M(989M) 90.997ms
[8.919s][info][gc,cpu      ] GC(32) User=0.09s Sys=0.00s Real=0.09s
[9.161s][info][gc,start    ] GC(33) Pause Young (Allocation Failure)
[9.219s][info][gc,heap     ] GC(33) DefNew: 310016K(314560K)->31053K(314560K) Eden: 279616K(279616K)->0K(279616K) From: 30400K(34944K)->31053K(34944K)
[9.219s][info][gc,heap     ] GC(33) Tenured: 462359K(699072K)->492756K(699072K)
[9.219s][info][gc,metaspace] GC(33) Metaspace: 8775K(9024K)->8775K(9024K) NonClass: 7954K(8128K)->7954K(8128K) Class: 821K(896K)->821K(896K)
[9.219s][info][gc          ] GC(33) Pause Young (Allocation Failure) 754M->511M(989M) 58.771ms
[9.219s][info][gc,cpu      ] GC(33) User=0.06s Sys=0.00s Real=0.06s
[9.471s][info][gc,start    ] GC(34) Pause Young (Allocation Failure)
[9.499s][info][gc,heap     ] GC(34) DefNew: 310669K(314560K)->0K(314560K) Eden: 279616K(279616K)->0K(279616K) From: 31053K(34944K)->0K(34944K)
[9.499s][info][gc,heap     ] GC(34) Tenured: 492756K(699072K)->523809K(699072K)
[9.499s][info][gc,metaspace] GC(34) Metaspace: 8775K(9024K)->8775K(9024K) NonClass: 7954K(8128K)->7954K(8128K) Class: 821K(896K)->821K(896K)
[9.499s][info][gc          ] GC(34) Pause Young (Allocation Failure) 784M->511M(989M) 28.036ms
[9.499s][info][gc,cpu      ] GC(34) User=0.03s Sys=0.00s Real=0.02s
[9.701s][info][gc,start    ] GC(35) Pause Young (Allocation Failure)
[9.706s][info][gc,heap     ] GC(35) DefNew: 279616K(314560K)->1749K(314560K) Eden: 279616K(279616K)->0K(279616K) From: 0K(34944K)->1749K(34944K)
[9.706s][info][gc,heap     ] GC(35) Tenured: 523809K(699072K)->523809K(699072K)
[9.706s][info][gc,metaspace] GC(35) Metaspace: 8775K(9024K)->8775K(9024K) NonClass: 7954K(8128K)->7954K(8128K) Class: 821K(896K)->821K(896K)
[9.706s][info][gc          ] GC(35) Pause Young (Allocation Failure) 784M->513M(989M) 4.524ms
[9.706s][info][gc,cpu      ] GC(35) User=0.00s Sys=0.00s Real=0.00s
[9.884s][info][gc,start    ] GC(36) Pause Young (Allocation Failure)
[9.891s][info][gc,heap     ] GC(36) DefNew: 281365K(314560K)->4144K(314560K) Eden: 279616K(279616K)->0K(279616K) From: 1749K(34944K)->4144K(34944K)
[9.891s][info][gc,heap     ] GC(36) Tenured: 523809K(699072K)->523809K(699072K)
[9.891s][info][gc,metaspace] GC(36) Metaspace: 8775K(9024K)->8775K(9024K) NonClass: 7954K(8128K)->7954K(8128K) Class: 821K(896K)->821K(896K)
[9.891s][info][gc          ] GC(36) Pause Young (Allocation Failure) 786M->515M(989M) 6.920ms
[9.891s][info][gc,cpu      ] GC(36) User=0.00s Sys=0.00s Real=0.00s
[10.139s][info][gc,start    ] GC(37) Pause Young (Allocation Failure)
[10.186s][info][gc,heap     ] GC(37) DefNew: 283760K(314560K)->23192K(314560K) Eden: 279616K(279616K)->0K(279616K) From: 4144K(34944K)->23192K(34944K)
[10.186s][info][gc,heap     ] GC(37) Tenured: 523809K(699072K)->523809K(699072K)
[10.186s][info][gc,metaspace] GC(37) Metaspace: 8778K(9024K)->8778K(9024K) NonClass: 7957K(8128K)->7957K(8128K) Class: 821K(896K)->821K(896K)
[10.186s][info][gc          ] GC(37) Pause Young (Allocation Failure) 788M->534M(989M) 47.268ms
[10.186s][info][gc,cpu      ] GC(37) User=0.05s Sys=0.00s Real=0.05s
[10.434s][info][gc,start    ] GC(38) Pause Young (Allocation Failure)
[10.524s][info][gc,heap     ] GC(38) DefNew: 302808K(314560K)->31603K(314560K) Eden: 279616K(279616K)->0K(279616K) From: 23192K(34944K)->31603K(34944K)
[10.524s][info][gc,heap     ] GC(38) Tenured: 523809K(699072K)->546667K(699072K)
[10.524s][info][gc,metaspace] GC(38) Metaspace: 8778K(9024K)->8778K(9024K) NonClass: 7957K(8128K)->7957K(8128K) Class: 821K(896K)->821K(896K)
[10.524s][info][gc          ] GC(38) Pause Young (Allocation Failure) 807M->564M(989M) 90.466ms
[10.524s][info][gc,cpu      ] GC(38) User=0.09s Sys=0.00s Real=0.09s
[10.778s][info][gc,start    ] GC(39) Pause Young (Allocation Failure)
[10.876s][info][gc,heap     ] GC(39) DefNew: 311219K(314560K)->30841K(314560K) Eden: 279616K(279616K)->0K(279616K) From: 31603K(34944K)->30841K(34944K)
[10.876s][info][gc,heap     ] GC(39) Tenured: 546667K(699072K)->578006K(699072K)
[10.876s][info][gc,metaspace] GC(39) Metaspace: 8778K(9024K)->8778K(9024K) NonClass: 7957K(8128K)->7957K(8128K) Class: 821K(896K)->821K(896K)
[10.876s][info][gc          ] GC(39) Pause Young (Allocation Failure) 837M->594M(989M) 97.526ms
[10.876s][info][gc,cpu      ] GC(39) User=0.09s Sys=0.00s Real=0.09s
[11.190s][info][gc,start    ] GC(40) Pause Young (Allocation Failure)
[11.290s][info][gc,heap     ] GC(40) DefNew: 310457K(314560K)->34944K(314560K) Eden: 279616K(279616K)->0K(279616K) From: 30841K(34944K)->34944K(34944K)
[11.290s][info][gc,heap     ] GC(40) Tenured: 578006K(699072K)->616087K(699072K)
[11.290s][info][gc,metaspace] GC(40) Metaspace: 8778K(9024K)->8778K(9024K) NonClass: 7957K(8128K)->7957K(8128K) Class: 821K(896K)->821K(896K)
[11.290s][info][gc          ] GC(40) Pause Young (Allocation Failure) 867M->635M(989M) 99.455ms
[11.290s][info][gc,cpu      ] GC(40) User=0.11s Sys=0.00s Real=0.10s
[11.564s][info][gc,start    ] GC(41) Pause Young (Allocation Failure)
[11.601s][info][gc,heap     ] GC(41) DefNew: 314560K(314560K)->0K(314560K) Eden: 279616K(279616K)->0K(279616K) From: 34944K(34944K)->0K(34944K)
[11.601s][info][gc,heap     ] GC(41) Tenured: 616087K(699072K)->651030K(699072K)
[11.601s][info][gc,metaspace] GC(41) Metaspace: 8778K(9024K)->8778K(9024K) NonClass: 7957K(8128K)->7957K(8128K) Class: 821K(896K)->821K(896K)
[11.601s][info][gc          ] GC(41) Pause Young (Allocation Failure) 908M->635M(989M) 37.038ms
[11.601s][info][gc,cpu      ] GC(41) User=0.05s Sys=0.00s Real=0.03s
[11.862s][info][gc,start    ] GC(42) Pause Young (Allocation Failure)
[11.862s][info][gc          ] GC(42) Pause Young (Allocation Failure) 908M->908M(989M) 0.124ms
[11.862s][info][gc,cpu      ] GC(42) User=0.00s Sys=0.00s Real=0.00s
[11.862s][info][gc,start    ] GC(43) Pause Full (Allocation Failure)
[11.862s][info][gc,phases,start] GC(43) Phase 1: Mark live objects
[12.176s][info][gc,phases      ] GC(43) Phase 1: Mark live objects 313.975ms
[12.177s][info][gc,phases,start] GC(43) Phase 2: Compute new object addresses
[12.346s][info][gc,phases      ] GC(43) Phase 2: Compute new object addresses 169.619ms
[12.346s][info][gc,phases,start] GC(43) Phase 3: Adjust pointers
[12.521s][info][gc,phases      ] GC(43) Phase 3: Adjust pointers 174.726ms
[12.521s][info][gc,phases,start] GC(43) Phase 4: Move objects
[12.575s][info][gc,phases      ] GC(43) Phase 4: Move objects 54.389ms
[12.576s][info][gc,heap        ] GC(43) DefNew: 279616K(314560K)->0K(314560K) Eden: 279616K(279616K)->0K(279616K) From: 0K(34944K)->0K(34944K)
[12.576s][info][gc,heap        ] GC(43) Tenured: 651030K(699072K)->540025K(699072K)
[12.576s][info][gc,metaspace   ] GC(43) Metaspace: 8778K(9024K)->8778K(9024K) NonClass: 7957K(8128K)->7957K(8128K) Class: 821K(896K)->821K(896K)
[12.576s][info][gc             ] GC(43) Pause Full (Allocation Failure) 908M->527M(989M) 713.378ms
[12.576s][info][gc,cpu         ] GC(43) User=0.70s Sys=0.02s Real=0.71s
[12.809s][info][gc,start       ] GC(44) Pause Young (Allocation Failure)
[12.814s][info][gc,heap        ] GC(44) DefNew: 279616K(314560K)->2467K(314560K) Eden: 279616K(279616K)->0K(279616K) From: 0K(34944K)->2467K(34944K)
[12.814s][info][gc,heap        ] GC(44) Tenured: 540025K(699072K)->540025K(699072K)
[12.814s][info][gc,metaspace   ] GC(44) Metaspace: 8778K(9024K)->8778K(9024K) NonClass: 7957K(8128K)->7957K(8128K) Class: 821K(896K)->821K(896K)
[12.814s][info][gc             ] GC(44) Pause Young (Allocation Failure) 800M->529M(989M) 4.749ms
[12.814s][info][gc,cpu         ] GC(44) User=0.00s Sys=0.00s Real=0.01s
[13.029s][info][gc,start       ] GC(45) Pause Young (Allocation Failure)
[13.036s][info][gc,heap        ] GC(45) DefNew: 282083K(314560K)->4507K(314560K) Eden: 279616K(279616K)->0K(279616K) From: 2467K(34944K)->4507K(34944K)
[13.036s][info][gc,heap        ] GC(45) Tenured: 540025K(699072K)->540025K(699072K)
[13.036s][info][gc,metaspace   ] GC(45) Metaspace: 8778K(9024K)->8778K(9024K) NonClass: 7957K(8128K)->7957K(8128K) Class: 821K(896K)->821K(896K)
[13.036s][info][gc             ] GC(45) Pause Young (Allocation Failure) 802M->531M(989M) 6.696ms
[13.036s][info][gc,cpu         ] GC(45) User=0.00s Sys=0.00s Real=0.00s
[13.055s][info][gc,start       ] GC(46) Pause Full (System.gc())
[13.055s][info][gc,phases,start] GC(46) Phase 1: Mark live objects
[13.335s][info][gc,phases      ] GC(46) Phase 1: Mark live objects 280.047ms
[13.335s][info][gc,phases,start] GC(46) Phase 2: Compute new object addresses
[13.447s][info][gc,phases      ] GC(46) Phase 2: Compute new object addresses 111.394ms
[13.447s][info][gc,phases,start] GC(46) Phase 3: Adjust pointers
[13.599s][info][gc,phases      ] GC(46) Phase 3: Adjust pointers 151.849ms
[13.599s][info][gc,phases,start] GC(46) Phase 4: Move objects
[13.617s][info][gc,phases      ] GC(46) Phase 4: Move objects 18.664ms
[13.618s][info][gc,heap        ] GC(46) DefNew: 27374K(314560K)->0K(314560K) Eden: 22866K(279616K)->0K(279616K) From: 4507K(34944K)->0K(34944K)
[13.618s][info][gc,heap        ] GC(46) Tenured: 540025K(699072K)->485848K(699072K)
[13.618s][info][gc,metaspace   ] GC(46) Metaspace: 8799K(9024K)->8799K(9024K) NonClass: 7974K(8128K)->7974K(8128K) Class: 824K(896K)->824K(896K)
[13.618s][info][gc             ] GC(46) Pause Full (System.gc()) 554M->474M(989M) 562.417ms
[13.618s][info][gc,cpu         ] GC(46) User=0.56s Sys=0.00s Real=0.56s
[14.132s][info][gc,start       ] GC(47) Pause Young (Allocation Failure)
[14.150s][info][gc,heap        ] GC(47) DefNew: 279616K(314560K)->6941K(314560K) Eden: 279616K(279616K)->0K(279616K) From: 0K(34944K)->6941K(34944K)
[14.150s][info][gc,heap        ] GC(47) Tenured: 485848K(699072K)->485848K(699072K)
[14.150s][info][gc,metaspace   ] GC(47) Metaspace: 9724K(9920K)->9724K(9920K) NonClass: 8865K(8960K)->8865K(8960K) Class: 859K(960K)->859K(960K)
[14.150s][info][gc             ] GC(47) Pause Young (Allocation Failure) 747M->481M(989M) 17.827ms
[14.150s][info][gc,cpu         ] GC(47) User=0.02s Sys=0.00s Real=0.02s
[14.468s][info][gc,start       ] GC(48) Pause Young (Allocation Failure)
[14.493s][info][gc,heap        ] GC(48) DefNew: 286557K(314560K)->11528K(314560K) Eden: 279616K(279616K)->0K(279616K) From: 6941K(34944K)->11528K(34944K)
[14.493s][info][gc,heap        ] GC(48) Tenured: 485848K(699072K)->485848K(699072K)
[14.493s][info][gc,metaspace   ] GC(48) Metaspace: 9766K(9984K)->9766K(9984K) NonClass: 8906K(9024K)->8906K(9024K) Class: 859K(960K)->859K(960K)
[14.493s][info][gc             ] GC(48) Pause Young (Allocation Failure) 754M->485M(989M) 25.239ms
[14.493s][info][gc,cpu         ] GC(48) User=0.09s Sys=0.00s Real=0.02s
[14.815s][info][gc,start       ] GC(49) Pause Young (Allocation Failure)
[14.843s][info][gc,heap        ] GC(49) DefNew: 291144K(314560K)->15351K(314560K) Eden: 279616K(279616K)->0K(279616K) From: 11528K(34944K)->15351K(34944K)
[14.844s][info][gc,heap        ] GC(49) Tenured: 485848K(699072K)->485848K(699072K)
[14.844s][info][gc,metaspace   ] GC(49) Metaspace: 9774K(9984K)->9774K(9984K) NonClass: 8915K(9024K)->8915K(9024K) Class: 859K(960K)->859K(960K)
[14.844s][info][gc             ] GC(49) Pause Young (Allocation Failure) 758M->489M(989M) 28.529ms
[14.844s][info][gc,cpu         ] GC(49) User=0.05s Sys=0.02s Real=0.02s
[15.129s][info][gc,start       ] GC(50) Pause Young (Allocation Failure)
[15.156s][info][gc,heap        ] GC(50) DefNew: 294967K(314560K)->18264K(314560K) Eden: 279616K(279616K)->0K(279616K) From: 15351K(34944K)->18264K(34944K)
[15.156s][info][gc,heap        ] GC(50) Tenured: 485848K(699072K)->485848K(699072K)
[15.156s][info][gc,metaspace   ] GC(50) Metaspace: 9780K(9984K)->9780K(9984K) NonClass: 8921K(9024K)->8921K(9024K) Class: 859K(960K)->859K(960K)
[15.156s][info][gc             ] GC(50) Pause Young (Allocation Failure) 762M->492M(989M) 27.301ms
[15.156s][info][gc,cpu         ] GC(50) User=0.05s Sys=0.00s Real=0.02s
[15.400s][info][gc,start       ] GC(51) Pause Young (Allocation Failure)
[15.433s][info][gc,heap        ] GC(51) DefNew: 297880K(314560K)->18271K(314560K) Eden: 279616K(279616K)->0K(279616K) From: 18264K(34944K)->18271K(34944K)
[15.433s][info][gc,heap        ] GC(51) Tenured: 485848K(699072K)->489131K(699072K)
[15.433s][info][gc,metaspace   ] GC(51) Metaspace: 9785K(9984K)->9785K(9984K) NonClass: 8925K(9024K)->8925K(9024K) Class: 860K(960K)->860K(960K)
[15.433s][info][gc             ] GC(51) Pause Young (Allocation Failure) 765M->495M(989M) 33.047ms
[15.433s][info][gc,cpu         ] GC(51) User=0.06s Sys=0.00s Real=0.03s
[15.663s][info][gc,start       ] GC(52) Pause Young (Allocation Failure)
[15.692s][info][gc,heap        ] GC(52) DefNew: 297887K(314560K)->18029K(314560K) Eden: 279616K(279616K)->0K(279616K) From: 18271K(34944K)->18029K(34944K)
[15.692s][info][gc,heap        ] GC(52) Tenured: 489131K(699072K)->492028K(699072K)
[15.692s][info][gc,metaspace   ] GC(52) Metaspace: 9786K(9984K)->9786K(9984K) NonClass: 8926K(9024K)->8926K(9024K) Class: 860K(960K)->860K(960K)
[15.692s][info][gc             ] GC(52) Pause Young (Allocation Failure) 768M->498M(989M) 28.699ms
[15.692s][info][gc,cpu         ] GC(52) User=0.02s Sys=0.00s Real=0.01s
[15.921s][info][gc,start       ] GC(53) Pause Young (Allocation Failure)
[15.952s][info][gc,heap        ] GC(53) DefNew: 297645K(314560K)->18411K(314560K) Eden: 279616K(279616K)->0K(279616K) From: 18029K(34944K)->18411K(34944K)
[15.952s][info][gc,heap        ] GC(53) Tenured: 492028K(699072K)->494846K(699072K)
[15.952s][info][gc,metaspace   ] GC(53) Metaspace: 9786K(9984K)->9786K(9984K) NonClass: 8926K(9024K)->8926K(9024K) Class: 860K(960K)->860K(960K)
[15.952s][info][gc             ] GC(53) Pause Young (Allocation Failure) 771M->501M(989M) 31.677ms
[15.952s][info][gc,cpu         ] GC(53) User=0.06s Sys=0.00s Real=0.02s
[16.148s][info][gc,start       ] GC(54) Pause Young (Allocation Failure)
[16.181s][info][gc,heap        ] GC(54) DefNew: 298027K(314560K)->18924K(314560K) Eden: 279616K(279616K)->0K(279616K) From: 18411K(34944K)->18924K(34944K)
[16.181s][info][gc,heap        ] GC(54) Tenured: 494846K(699072K)->497823K(699072K)
[16.181s][info][gc,metaspace   ] GC(54) Metaspace: 9791K(9984K)->9791K(9984K) NonClass: 8930K(9024K)->8930K(9024K) Class: 860K(960K)->860K(960K)
[16.181s][info][gc             ] GC(54) Pause Young (Allocation Failure) 774M->504M(989M) 32.333ms
[16.181s][info][gc,cpu         ] GC(54) User=0.03s Sys=0.00s Real=0.03s
[16.366s][info][gc,start       ] GC(55) Pause Young (Allocation Failure)
[16.399s][info][gc,heap        ] GC(55) DefNew: 298540K(314560K)->18614K(314560K) Eden: 279616K(279616K)->0K(279616K) From: 18924K(34944K)->18614K(34944K)
[16.399s][info][gc,heap        ] GC(55) Tenured: 497823K(699072K)->500776K(699072K)
[16.399s][info][gc,metaspace   ] GC(55) Metaspace: 9792K(9984K)->9792K(9984K) NonClass: 8932K(9024K)->8932K(9024K) Class: 860K(960K)->860K(960K)
[16.399s][info][gc             ] GC(55) Pause Young (Allocation Failure) 777M->507M(989M) 33.006ms
[16.399s][info][gc,cpu         ] GC(55) User=0.08s Sys=0.00s Real=0.03s
[16.580s][info][gc,start       ] GC(56) Pause Young (Allocation Failure)
[16.611s][info][gc,heap        ] GC(56) DefNew: 298230K(314560K)->19198K(314560K) Eden: 279616K(279616K)->0K(279616K) From: 18614K(34944K)->19198K(34944K)
[16.611s][info][gc,heap        ] GC(56) Tenured: 500776K(699072K)->503576K(699072K)
[16.611s][info][gc,metaspace   ] GC(56) Metaspace: 9793K(9984K)->9793K(9984K) NonClass: 8933K(9024K)->8933K(9024K) Class: 860K(960K)->860K(960K)
[16.611s][info][gc             ] GC(56) Pause Young (Allocation Failure) 780M->510M(989M) 31.486ms
[16.611s][info][gc,cpu         ] GC(56) User=0.03s Sys=0.00s Real=0.02s
[16.806s][info][gc,start       ] GC(57) Pause Young (Allocation Failure)
[16.837s][info][gc,heap        ] GC(57) DefNew: 298814K(314560K)->18917K(314560K) Eden: 279616K(279616K)->0K(279616K) From: 19198K(34944K)->18917K(34944K)
[16.837s][info][gc,heap        ] GC(57) Tenured: 503576K(699072K)->506603K(699072K)
[16.837s][info][gc,metaspace   ] GC(57) Metaspace: 9793K(9984K)->9793K(9984K) NonClass: 8933K(9024K)->8933K(9024K) Class: 860K(960K)->860K(960K)
[16.837s][info][gc             ] GC(57) Pause Young (Allocation Failure) 783M->513M(989M) 31.379ms
[16.837s][info][gc,cpu         ] GC(57) User=0.03s Sys=0.00s Real=0.03s
[17.018s][info][gc,start       ] GC(58) Pause Young (Allocation Failure)
[17.051s][info][gc,heap        ] GC(58) DefNew: 298533K(314560K)->19399K(314560K) Eden: 279616K(279616K)->0K(279616K) From: 18917K(34944K)->19399K(34944K)
[17.051s][info][gc,heap        ] GC(58) Tenured: 506603K(699072K)->509728K(699072K)
[17.051s][info][gc,metaspace   ] GC(58) Metaspace: 9793K(9984K)->9793K(9984K) NonClass: 8933K(9024K)->8933K(9024K) Class: 860K(960K)->860K(960K)
[17.051s][info][gc             ] GC(58) Pause Young (Allocation Failure) 786M->516M(989M) 32.240ms
[17.051s][info][gc,cpu         ] GC(58) User=0.05s Sys=0.00s Real=0.02s
[17.214s][info][gc,start       ] GC(59) Pause Young (Allocation Failure)
[17.244s][info][gc,heap        ] GC(59) DefNew: 299015K(314560K)->19055K(314560K) Eden: 279616K(279616K)->0K(279616K) From: 19399K(34944K)->19055K(34944K)
[17.244s][info][gc,heap        ] GC(59) Tenured: 509728K(699072K)->512732K(699072K)
[17.244s][info][gc,metaspace   ] GC(59) Metaspace: 9793K(9984K)->9793K(9984K) NonClass: 8933K(9024K)->8933K(9024K) Class: 860K(960K)->860K(960K)
[17.244s][info][gc             ] GC(59) Pause Young (Allocation Failure) 789M->519M(989M) 30.469ms
[17.244s][info][gc,cpu         ] GC(59) User=0.03s Sys=0.00s Real=0.02s
[17.402s][info][gc,start       ] GC(60) Pause Young (Allocation Failure)
[17.434s][info][gc,heap        ] GC(60) DefNew: 298671K(314560K)->19072K(314560K) Eden: 279616K(279616K)->0K(279616K) From: 19055K(34944K)->19072K(34944K)
[17.434s][info][gc,heap        ] GC(60) Tenured: 512732K(699072K)->515850K(699072K)
[17.434s][info][gc,metaspace   ] GC(60) Metaspace: 9795K(9984K)->9795K(9984K) NonClass: 8934K(9024K)->8934K(9024K) Class: 860K(960K)->860K(960K)
[17.434s][info][gc             ] GC(60) Pause Young (Allocation Failure) 792M->522M(989M) 31.288ms
[17.434s][info][gc,cpu         ] GC(60) User=0.03s Sys=0.00s Real=0.02s
[17.592s][info][gc,start       ] GC(61) Pause Young (Allocation Failure)
[17.624s][info][gc,heap        ] GC(61) DefNew: 298688K(314560K)->19589K(314560K) Eden: 279616K(279616K)->0K(279616K) From: 19072K(34944K)->19589K(34944K)
[17.624s][info][gc,heap        ] GC(61) Tenured: 515850K(699072K)->518833K(699072K)
[17.624s][info][gc,metaspace   ] GC(61) Metaspace: 9795K(9984K)->9795K(9984K) NonClass: 8934K(9024K)->8934K(9024K) Class: 860K(960K)->860K(960K)
[17.624s][info][gc             ] GC(61) Pause Young (Allocation Failure) 795M->525M(989M) 32.300ms
[17.624s][info][gc,cpu         ] GC(61) User=0.06s Sys=0.00s Real=0.03s
[17.793s][info][gc,start       ] GC(62) Pause Young (Allocation Failure)
[17.827s][info][gc,heap        ] GC(62) DefNew: 299205K(314560K)->19379K(314560K) Eden: 279616K(279616K)->0K(279616K) From: 19589K(34944K)->19379K(34944K)
[17.827s][info][gc,heap        ] GC(62) Tenured: 518833K(699072K)->521867K(699072K)
[17.827s][info][gc,metaspace   ] GC(62) Metaspace: 9795K(9984K)->9795K(9984K) NonClass: 8934K(9024K)->8934K(9024K) Class: 860K(960K)->860K(960K)
[17.827s][info][gc             ] GC(62) Pause Young (Allocation Failure) 798M->528M(989M) 34.486ms
[17.827s][info][gc,cpu         ] GC(62) User=0.08s Sys=0.02s Real=0.03s
[17.989s][info][gc,start       ] GC(63) Pause Young (Allocation Failure)
[18.023s][info][gc,heap        ] GC(63) DefNew: 298375K(314560K)->19452K(314560K) Eden: 278996K(279616K)->0K(279616K) From: 19379K(34944K)->19452K(34944K)
[18.023s][info][gc,heap        ] GC(63) Tenured: 521867K(699072K)->524963K(699072K)
[18.023s][info][gc,metaspace   ] GC(63) Metaspace: 9795K(9984K)->9795K(9984K) NonClass: 8934K(9024K)->8934K(9024K) Class: 860K(960K)->860K(960K)
[18.023s][info][gc             ] GC(63) Pause Young (Allocation Failure) 801M->531M(989M) 34.328ms
[18.023s][info][gc,cpu         ] GC(63) User=0.08s Sys=0.00s Real=0.03s
[18.165s][info][gc,start       ] GC(64) Pause Young (Allocation Failure)
[18.197s][info][gc,heap        ] GC(64) DefNew: 299068K(314560K)->19466K(314560K) Eden: 279616K(279616K)->0K(279616K) From: 19452K(34944K)->19466K(34944K)
[18.197s][info][gc,heap        ] GC(64) Tenured: 524963K(699072K)->528169K(699072K)
[18.197s][info][gc,metaspace   ] GC(64) Metaspace: 9795K(9984K)->9795K(9984K) NonClass: 8934K(9024K)->8934K(9024K) Class: 860K(960K)->860K(960K)
[18.197s][info][gc             ] GC(64) Pause Young (Allocation Failure) 804M->534M(989M) 31.853ms
[18.197s][info][gc,cpu         ] GC(64) User=0.03s Sys=0.00s Real=0.02s
[18.339s][info][gc,start       ] GC(65) Pause Young (Allocation Failure)
[18.372s][info][gc,heap        ] GC(65) DefNew: 299082K(314560K)->19341K(314560K) Eden: 279616K(279616K)->0K(279616K) From: 19466K(34944K)->19341K(34944K)
[18.372s][info][gc,heap        ] GC(65) Tenured: 528169K(699072K)->531335K(699072K)
[18.372s][info][gc,metaspace   ] GC(65) Metaspace: 9795K(9984K)->9795K(9984K) NonClass: 8934K(9024K)->8934K(9024K) Class: 860K(960K)->860K(960K)
[18.372s][info][gc             ] GC(65) Pause Young (Allocation Failure) 807M->537M(989M) 33.177ms
[18.372s][info][gc,cpu         ] GC(65) User=0.06s Sys=0.00s Real=0.02s
[18.492s][info][gc,start       ] GC(66) Pause Young (Allocation Failure)
[18.522s][info][gc,heap        ] GC(66) DefNew: 298957K(314560K)->19205K(314560K) Eden: 279616K(279616K)->0K(279616K) From: 19341K(34944K)->19205K(34944K)
[18.522s][info][gc,heap        ] GC(66) Tenured: 531335K(699072K)->534355K(699072K)
[18.522s][info][gc,metaspace   ] GC(66) Metaspace: 9795K(9984K)->9795K(9984K) NonClass: 8934K(9024K)->8934K(9024K) Class: 860K(960K)->860K(960K)
[18.522s][info][gc             ] GC(66) Pause Young (Allocation Failure) 810M->540M(989M) 30.538ms
[18.522s][info][gc,cpu         ] GC(66) User=0.03s Sys=0.00s Real=0.02s
[18.620s][info][gc,start       ] GC(67) Pause Young (Allocation Failure)
[18.651s][info][gc,heap        ] GC(67) DefNew: 298821K(314560K)->19064K(314560K) Eden: 279616K(279616K)->0K(279616K) From: 19205K(34944K)->19064K(34944K)
[18.651s][info][gc,heap        ] GC(67) Tenured: 534355K(699072K)->537515K(699072K)
[18.651s][info][gc,metaspace   ] GC(67) Metaspace: 9795K(9984K)->9795K(9984K) NonClass: 8934K(9024K)->8934K(9024K) Class: 860K(960K)->860K(960K)
[18.651s][info][gc             ] GC(67) Pause Young (Allocation Failure) 813M->543M(989M) 31.001ms
[18.651s][info][gc,cpu         ] GC(67) User=0.03s Sys=0.00s Real=0.03s
[18.751s][info][gc,start       ] GC(68) Pause Young (Allocation Failure)
[18.782s][info][gc,heap        ] GC(68) DefNew: 298680K(314560K)->18987K(314560K) Eden: 279616K(279616K)->0K(279616K) From: 19064K(34944K)->18987K(34944K)
[18.782s][info][gc,heap        ] GC(68) Tenured: 537515K(699072K)->540681K(699072K)
[18.782s][info][gc,metaspace   ] GC(68) Metaspace: 9795K(9984K)->9795K(9984K) NonClass: 8934K(9024K)->8934K(9024K) Class: 860K(960K)->860K(960K)
[18.782s][info][gc             ] GC(68) Pause Young (Allocation Failure) 816M->546M(989M) 30.971ms
[18.782s][info][gc,cpu         ] GC(68) User=0.03s Sys=0.00s Real=0.03s
[18.879s][info][gc,start       ] GC(69) Pause Young (Allocation Failure)
[18.909s][info][gc,heap        ] GC(69) DefNew: 298603K(314560K)->18959K(314560K) Eden: 279616K(279616K)->0K(279616K) From: 18987K(34944K)->18959K(34944K)
[18.909s][info][gc,heap        ] GC(69) Tenured: 540681K(699072K)->543686K(699072K)
[18.909s][info][gc,metaspace   ] GC(69) Metaspace: 9795K(9984K)->9795K(9984K) NonClass: 8934K(9024K)->8934K(9024K) Class: 860K(960K)->860K(960K)
[18.909s][info][gc             ] GC(69) Pause Young (Allocation Failure) 819M->549M(989M) 29.932ms
[18.909s][info][gc,cpu         ] GC(69) User=0.02s Sys=0.00s Real=0.02s
[19.007s][info][gc,start       ] GC(70) Pause Young (Allocation Failure)
[19.038s][info][gc,heap        ] GC(70) DefNew: 298575K(314560K)->19053K(314560K) Eden: 279616K(279616K)->0K(279616K) From: 18959K(34944K)->19053K(34944K)
[19.038s][info][gc,heap        ] GC(70) Tenured: 543686K(699072K)->546761K(699072K)
[19.038s][info][gc,metaspace   ] GC(70) Metaspace: 9795K(9984K)->9795K(9984K) NonClass: 8934K(9024K)->8934K(9024K) Class: 860K(960K)->860K(960K)
[19.038s][info][gc             ] GC(70) Pause Young (Allocation Failure) 822M->552M(989M) 31.241ms
[19.038s][info][gc,cpu         ] GC(70) User=0.03s Sys=0.00s Real=0.03s
[19.135s][info][gc,start       ] GC(71) Pause Young (Allocation Failure)
[19.165s][info][gc,heap        ] GC(71) DefNew: 298669K(314560K)->18853K(314560K) Eden: 279616K(279616K)->0K(279616K) From: 19053K(34944K)->18853K(34944K)
[19.165s][info][gc,heap        ] GC(71) Tenured: 546761K(699072K)->549859K(699072K)
[19.165s][info][gc,metaspace   ] GC(71) Metaspace: 9795K(9984K)->9795K(9984K) NonClass: 8934K(9024K)->8934K(9024K) Class: 860K(960K)->860K(960K)
[19.165s][info][gc             ] GC(71) Pause Young (Allocation Failure) 825M->555M(989M) 30.002ms
[19.165s][info][gc,cpu         ] GC(71) User=0.03s Sys=0.00s Real=0.03s
[19.265s][info][gc,start       ] GC(72) Pause Young (Allocation Failure)
[19.296s][info][gc,heap        ] GC(72) DefNew: 298469K(314560K)->19138K(314560K) Eden: 279616K(279616K)->0K(279616K) From: 18853K(34944K)->19138K(34944K)
[19.296s][info][gc,heap        ] GC(72) Tenured: 549859K(699072K)->552924K(699072K)
[19.296s][info][gc,metaspace   ] GC(72) Metaspace: 9795K(9984K)->9795K(9984K) NonClass: 8934K(9024K)->8934K(9024K) Class: 860K(960K)->860K(960K)
[19.296s][info][gc             ] GC(72) Pause Young (Allocation Failure) 828M->558M(989M) 31.215ms
[19.296s][info][gc,cpu         ] GC(72) User=0.03s Sys=0.00s Real=0.02s
[19.397s][info][gc,start       ] GC(73) Pause Young (Allocation Failure)
[19.428s][info][gc,heap        ] GC(73) DefNew: 298754K(314560K)->19138K(314560K) Eden: 279616K(279616K)->0K(279616K) From: 19138K(34944K)->19138K(34944K)
[19.428s][info][gc,heap        ] GC(73) Tenured: 552924K(699072K)->555813K(699072K)
[19.428s][info][gc,metaspace   ] GC(73) Metaspace: 9795K(9984K)->9795K(9984K) NonClass: 8934K(9024K)->8934K(9024K) Class: 860K(960K)->860K(960K)
[19.428s][info][gc             ] GC(73) Pause Young (Allocation Failure) 831M->561M(989M) 30.497ms
[19.428s][info][gc,cpu         ] GC(73) User=0.03s Sys=0.00s Real=0.03s
[19.528s][info][gc,start       ] GC(74) Pause Young (Allocation Failure)
[19.559s][info][gc,heap        ] GC(74) DefNew: 298754K(314560K)->19217K(314560K) Eden: 279616K(279616K)->0K(279616K) From: 19138K(34944K)->19217K(34944K)
[19.560s][info][gc,heap        ] GC(74) Tenured: 555813K(699072K)->558968K(699072K)
[19.560s][info][gc,metaspace   ] GC(74) Metaspace: 9795K(9984K)->9795K(9984K) NonClass: 8934K(9024K)->8934K(9024K) Class: 860K(960K)->860K(960K)
[19.560s][info][gc             ] GC(74) Pause Young (Allocation Failure) 834M->564M(989M) 31.124ms
[19.560s][info][gc,cpu         ] GC(74) User=0.03s Sys=0.00s Real=0.02s
[19.658s][info][gc,start       ] GC(75) Pause Young (Allocation Failure)
[19.689s][info][gc,heap        ] GC(75) DefNew: 298833K(314560K)->19307K(314560K) Eden: 279616K(279616K)->0K(279616K) From: 19217K(34944K)->19307K(34944K)
[19.689s][info][gc,heap        ] GC(75) Tenured: 558968K(699072K)->562045K(699072K)
[19.689s][info][gc,metaspace   ] GC(75) Metaspace: 9795K(9984K)->9795K(9984K) NonClass: 8934K(9024K)->8934K(9024K) Class: 860K(960K)->860K(960K)
[19.689s][info][gc             ] GC(75) Pause Young (Allocation Failure) 837M->567M(989M) 30.654ms
[19.689s][info][gc,cpu         ] GC(75) User=0.03s Sys=0.00s Real=0.03s
[19.793s][info][gc,start       ] GC(76) Pause Young (Allocation Failure)
[19.824s][info][gc,heap        ] GC(76) DefNew: 298923K(314560K)->19230K(314560K) Eden: 279616K(279616K)->0K(279616K) From: 19307K(34944K)->19230K(34944K)
[19.824s][info][gc,heap        ] GC(76) Tenured: 562045K(699072K)->565181K(699072K)
[19.824s][info][gc,metaspace   ] GC(76) Metaspace: 9795K(9984K)->9795K(9984K) NonClass: 8934K(9024K)->8934K(9024K) Class: 860K(960K)->860K(960K)
[19.824s][info][gc             ] GC(76) Pause Young (Allocation Failure) 840M->570M(989M) 30.855ms
[19.824s][info][gc,cpu         ] GC(76) User=0.03s Sys=0.00s Real=0.03s
[19.921s][info][gc,start       ] GC(77) Pause Young (Allocation Failure)
[19.952s][info][gc,heap        ] GC(77) DefNew: 298846K(314560K)->19037K(314560K) Eden: 279616K(279616K)->0K(279616K) From: 19230K(34944K)->19037K(34944K)
[19.952s][info][gc,heap        ] GC(77) Tenured: 565181K(699072K)->568308K(699072K)
[19.952s][info][gc,metaspace   ] GC(77) Metaspace: 9795K(9984K)->9795K(9984K) NonClass: 8934K(9024K)->8934K(9024K) Class: 860K(960K)->860K(960K)
[19.952s][info][gc             ] GC(77) Pause Young (Allocation Failure) 843M->573M(989M) 30.579ms
[19.952s][info][gc,cpu         ] GC(77) User=0.03s Sys=0.00s Real=0.03s
[20.052s][info][gc,start       ] GC(78) Pause Young (Allocation Failure)
[20.082s][info][gc,heap        ] GC(78) DefNew: 298653K(314560K)->19050K(314560K) Eden: 279616K(279616K)->0K(279616K) From: 19037K(34944K)->19050K(34944K)
[20.082s][info][gc,heap        ] GC(78) Tenured: 568308K(699072K)->571470K(699072K)
[20.082s][info][gc,metaspace   ] GC(78) Metaspace: 9796K(9984K)->9796K(9984K) NonClass: 8935K(9024K)->8935K(9024K) Class: 860K(960K)->860K(960K)
[20.082s][info][gc             ] GC(78) Pause Young (Allocation Failure) 846M->576M(989M) 30.783ms
[20.082s][info][gc,cpu         ] GC(78) User=0.03s Sys=0.00s Real=0.03s
[20.181s][info][gc,start       ] GC(79) Pause Young (Allocation Failure)
[20.211s][info][gc,heap        ] GC(79) DefNew: 298666K(314560K)->19045K(314560K) Eden: 279616K(279616K)->0K(279616K) From: 19050K(34944K)->19045K(34944K)
[20.211s][info][gc,heap        ] GC(79) Tenured: 571470K(699072K)->574562K(699072K)
[20.211s][info][gc,metaspace   ] GC(79) Metaspace: 9796K(9984K)->9796K(9984K) NonClass: 8935K(9024K)->8935K(9024K) Class: 860K(960K)->860K(960K)
[20.211s][info][gc             ] GC(79) Pause Young (Allocation Failure) 849M->579M(989M) 30.305ms
[20.211s][info][gc,cpu         ] GC(79) User=0.03s Sys=0.00s Real=0.02s
[20.313s][info][gc,start       ] GC(80) Pause Young (Allocation Failure)
[20.344s][info][gc,heap        ] GC(80) DefNew: 298661K(314560K)->19080K(314560K) Eden: 279616K(279616K)->0K(279616K) From: 19045K(34944K)->19080K(34944K)
[20.344s][info][gc,heap        ] GC(80) Tenured: 574562K(699072K)->577568K(699072K)
[20.344s][info][gc,metaspace   ] GC(80) Metaspace: 9796K(9984K)->9796K(9984K) NonClass: 8935K(9024K)->8935K(9024K) Class: 860K(960K)->860K(960K)
[20.344s][info][gc             ] GC(80) Pause Young (Allocation Failure) 852M->582M(989M) 30.828ms
[20.344s][info][gc,cpu         ] GC(80) User=0.03s Sys=0.00s Real=0.03s
[20.442s][info][gc,start       ] GC(81) Pause Young (Allocation Failure)
[20.472s][info][gc,heap        ] GC(81) DefNew: 298696K(314560K)->18975K(314560K) Eden: 279616K(279616K)->0K(279616K) From: 19080K(34944K)->18975K(34944K)
[20.472s][info][gc,heap        ] GC(81) Tenured: 577568K(699072K)->580727K(699072K)
[20.472s][info][gc,metaspace   ] GC(81) Metaspace: 9796K(9984K)->9796K(9984K) NonClass: 8935K(9024K)->8935K(9024K) Class: 860K(960K)->860K(960K)
[20.472s][info][gc             ] GC(81) Pause Young (Allocation Failure) 855M->585M(989M) 30.543ms
[20.472s][info][gc,cpu         ] GC(81) User=0.03s Sys=0.00s Real=0.03s
[20.572s][info][gc,start       ] GC(82) Pause Young (Allocation Failure)
[20.602s][info][gc,heap        ] GC(82) DefNew: 298591K(314560K)->19122K(314560K) Eden: 279616K(279616K)->0K(279616K) From: 18975K(34944K)->19122K(34944K)
[20.602s][info][gc,heap        ] GC(82) Tenured: 580727K(699072K)->583831K(699072K)
[20.602s][info][gc,metaspace   ] GC(82) Metaspace: 9796K(9984K)->9796K(9984K) NonClass: 8935K(9024K)->8935K(9024K) Class: 860K(960K)->860K(960K)
[20.602s][info][gc             ] GC(82) Pause Young (Allocation Failure) 858M->588M(989M) 30.967ms
[20.603s][info][gc,cpu         ] GC(82) User=0.03s Sys=0.00s Real=0.03s
[20.698s][info][gc,start       ] GC(83) Pause Young (Allocation Failure)
[20.727s][info][gc,heap        ] GC(83) DefNew: 298738K(314560K)->18877K(314560K) Eden: 279616K(279616K)->0K(279616K) From: 19122K(34944K)->18877K(34944K)
[20.727s][info][gc,heap        ] GC(83) Tenured: 583831K(699072K)->586947K(699072K)
[20.727s][info][gc,metaspace   ] GC(83) Metaspace: 9796K(9984K)->9796K(9984K) NonClass: 8935K(9024K)->8935K(9024K) Class: 860K(960K)->860K(960K)
[20.728s][info][gc             ] GC(83) Pause Young (Allocation Failure) 861M->591M(989M) 30.000ms
[20.728s][info][gc,cpu         ] GC(83) User=0.03s Sys=0.00s Real=0.02s
[20.830s][info][gc,start       ] GC(84) Pause Young (Allocation Failure)
[20.861s][info][gc,heap        ] GC(84) DefNew: 298493K(314560K)->18914K(314560K) Eden: 279616K(279616K)->0K(279616K) From: 18877K(34944K)->18914K(34944K)
[20.861s][info][gc,heap        ] GC(84) Tenured: 586947K(699072K)->589985K(699072K)
[20.861s][info][gc,metaspace   ] GC(84) Metaspace: 9796K(9984K)->9796K(9984K) NonClass: 8935K(9024K)->8935K(9024K) Class: 860K(960K)->860K(960K)
[20.861s][info][gc             ] GC(84) Pause Young (Allocation Failure) 864M->594M(989M) 30.666ms
[20.861s][info][gc,cpu         ] GC(84) User=0.03s Sys=0.00s Real=0.03s
[20.962s][info][gc,start       ] GC(85) Pause Young (Allocation Failure)
[20.992s][info][gc,heap        ] GC(85) DefNew: 298530K(314560K)->18739K(314560K) Eden: 279616K(279616K)->0K(279616K) From: 18914K(34944K)->18739K(34944K)
[20.992s][info][gc,heap        ] GC(85) Tenured: 589985K(699072K)->593034K(699072K)
[20.992s][info][gc,metaspace   ] GC(85) Metaspace: 9796K(9984K)->9796K(9984K) NonClass: 8935K(9024K)->8935K(9024K) Class: 860K(960K)->860K(960K)
[20.992s][info][gc             ] GC(85) Pause Young (Allocation Failure) 867M->597M(989M) 30.283ms
[20.992s][info][gc,cpu         ] GC(85) User=0.05s Sys=0.00s Real=0.03s
[21.093s][info][gc,start       ] GC(86) Pause Young (Allocation Failure)
[21.122s][info][gc,heap        ] GC(86) DefNew: 298355K(314560K)->18690K(314560K) Eden: 279616K(279616K)->0K(279616K) From: 18739K(34944K)->18690K(34944K)
[21.122s][info][gc,heap        ] GC(86) Tenured: 593034K(699072K)->596186K(699072K)
[21.122s][info][gc,metaspace   ] GC(86) Metaspace: 9796K(9984K)->9796K(9984K) NonClass: 8935K(9024K)->8935K(9024K) Class: 860K(960K)->860K(960K)
[21.122s][info][gc             ] GC(86) Pause Young (Allocation Failure) 870M->600M(989M) 29.706ms
[21.122s][info][gc,cpu         ] GC(86) User=0.03s Sys=0.00s Real=0.02s
[21.218s][info][gc,start       ] GC(87) Pause Young (Allocation Failure)
[21.247s][info][gc,heap        ] GC(87) DefNew: 298306K(314560K)->18802K(314560K) Eden: 279616K(279616K)->0K(279616K) From: 18690K(34944K)->18802K(34944K)
[21.247s][info][gc,heap        ] GC(87) Tenured: 596186K(699072K)->599091K(699072K)
[21.247s][info][gc,metaspace   ] GC(87) Metaspace: 9796K(9984K)->9796K(9984K) NonClass: 8935K(9024K)->8935K(9024K) Class: 860K(960K)->860K(960K)
[21.247s][info][gc             ] GC(87) Pause Young (Allocation Failure) 873M->603M(989M) 29.595ms
[21.247s][info][gc,cpu         ] GC(87) User=0.03s Sys=0.00s Real=0.03s
[21.346s][info][gc,start       ] GC(88) Pause Young (Allocation Failure)
[21.377s][info][gc,heap        ] GC(88) DefNew: 298418K(314560K)->18821K(314560K) Eden: 279616K(279616K)->0K(279616K) From: 18802K(34944K)->18821K(34944K)
[21.377s][info][gc,heap        ] GC(88) Tenured: 599091K(699072K)->602265K(699072K)
[21.377s][info][gc,metaspace   ] GC(88) Metaspace: 9796K(9984K)->9796K(9984K) NonClass: 8935K(9024K)->8935K(9024K) Class: 860K(960K)->860K(960K)
[21.377s][info][gc             ] GC(88) Pause Young (Allocation Failure) 876M->606M(989M) 30.812ms
[21.377s][info][gc,cpu         ] GC(88) User=0.03s Sys=0.00s Real=0.02s
[21.474s][info][gc,start       ] GC(89) Pause Young (Allocation Failure)
[21.504s][info][gc,heap        ] GC(89) DefNew: 298437K(314560K)->18957K(314560K) Eden: 279616K(279616K)->0K(279616K) From: 18821K(34944K)->18957K(34944K)
[21.504s][info][gc,heap        ] GC(89) Tenured: 602265K(699072K)->605218K(699072K)
[21.504s][info][gc,metaspace   ] GC(89) Metaspace: 9796K(9984K)->9796K(9984K) NonClass: 8935K(9024K)->8935K(9024K) Class: 860K(960K)->860K(960K)
[21.504s][info][gc             ] GC(89) Pause Young (Allocation Failure) 879M->609M(989M) 29.979ms
[21.504s][info][gc,cpu         ] GC(89) User=0.02s Sys=0.00s Real=0.02s
[21.604s][info][gc,start       ] GC(90) Pause Young (Allocation Failure)
[21.634s][info][gc,heap        ] GC(90) DefNew: 298573K(314560K)->19167K(314560K) Eden: 279616K(279616K)->0K(279616K) From: 18957K(34944K)->19167K(34944K)
[21.634s][info][gc,heap        ] GC(90) Tenured: 605218K(699072K)->608321K(699072K)
[21.634s][info][gc,metaspace   ] GC(90) Metaspace: 9796K(9984K)->9796K(9984K) NonClass: 8935K(9024K)->8935K(9024K) Class: 860K(960K)->860K(960K)
[21.634s][info][gc             ] GC(90) Pause Young (Allocation Failure) 882M->612M(989M) 30.810ms
[21.634s][info][gc,cpu         ] GC(90) User=0.03s Sys=0.00s Real=0.02s
[21.741s][info][gc,start       ] GC(91) Pause Young (Allocation Failure)
[21.773s][info][gc,heap        ] GC(91) DefNew: 298783K(314560K)->19639K(314560K) Eden: 279616K(279616K)->0K(279616K) From: 19167K(34944K)->19639K(34944K)
[21.773s][info][gc,heap        ] GC(91) Tenured: 608321K(699072K)->611245K(699072K)
[21.773s][info][gc,metaspace   ] GC(91) Metaspace: 9796K(9984K)->9796K(9984K) NonClass: 8935K(9024K)->8935K(9024K) Class: 860K(960K)->860K(960K)
[21.773s][info][gc             ] GC(91) Pause Young (Allocation Failure) 885M->616M(989M) 32.324ms
[21.773s][info][gc,cpu         ] GC(91) User=0.03s Sys=0.00s Real=0.03s
[21.890s][info][gc,start       ] GC(92) Pause Young (Allocation Failure)
[21.922s][info][gc,heap        ] GC(92) DefNew: 299255K(314560K)->19420K(314560K) Eden: 279616K(279616K)->0K(279616K) From: 19639K(34944K)->19420K(34944K)
[21.922s][info][gc,heap        ] GC(92) Tenured: 611245K(699072K)->614352K(699072K)
[21.922s][info][gc,metaspace   ] GC(92) Metaspace: 9796K(9984K)->9796K(9984K) NonClass: 8935K(9024K)->8935K(9024K) Class: 860K(960K)->860K(960K)
[21.922s][info][gc             ] GC(92) Pause Young (Allocation Failure) 889M->618M(989M) 32.081ms
[21.922s][info][gc,cpu         ] GC(92) User=0.06s Sys=0.00s Real=0.02s
[22.040s][info][gc,start       ] GC(93) Pause Young (Allocation Failure)
[22.071s][info][gc,heap        ] GC(93) DefNew: 299036K(314560K)->19725K(314560K) Eden: 279616K(279616K)->0K(279616K) From: 19420K(34944K)->19725K(34944K)
[22.071s][info][gc,heap        ] GC(93) Tenured: 614352K(699072K)->617428K(699072K)
[22.071s][info][gc,metaspace   ] GC(93) Metaspace: 9796K(9984K)->9796K(9984K) NonClass: 8935K(9024K)->8935K(9024K) Class: 860K(960K)->860K(960K)
[22.071s][info][gc             ] GC(93) Pause Young (Allocation Failure) 891M->622M(989M) 31.119ms
[22.071s][info][gc,cpu         ] GC(93) User=0.03s Sys=0.00s Real=0.02s
[22.187s][info][gc,start       ] GC(94) Pause Young (Allocation Failure)
[22.223s][info][gc,heap        ] GC(94) DefNew: 299341K(314560K)->19802K(314560K) Eden: 279616K(279616K)->0K(279616K) From: 19725K(34944K)->19802K(34944K)
[22.223s][info][gc,heap        ] GC(94) Tenured: 617428K(699072K)->620568K(699072K)
[22.223s][info][gc,metaspace   ] GC(94) Metaspace: 9796K(9984K)->9796K(9984K) NonClass: 8935K(9024K)->8935K(9024K) Class: 860K(960K)->860K(960K)
[22.223s][info][gc             ] GC(94) Pause Young (Allocation Failure) 895M->625M(989M) 35.469ms
[22.223s][info][gc,cpu         ] GC(94) User=0.06s Sys=0.00s Real=0.04s
[22.329s][info][gc,start       ] GC(95) Pause Young (Allocation Failure)
[22.359s][info][gc,heap        ] GC(95) DefNew: 299418K(314560K)->19523K(314560K) Eden: 279616K(279616K)->0K(279616K) From: 19802K(34944K)->19523K(34944K)
[22.360s][info][gc,heap        ] GC(95) Tenured: 620568K(699072K)->623769K(699072K)
[22.360s][info][gc,metaspace   ] GC(95) Metaspace: 9796K(9984K)->9796K(9984K) NonClass: 8935K(9024K)->8935K(9024K) Class: 860K(960K)->860K(960K)
[22.360s][info][gc             ] GC(95) Pause Young (Allocation Failure) 898M->628M(989M) 30.229ms
[22.360s][info][gc,cpu         ] GC(95) User=0.03s Sys=0.00s Real=0.02s
[22.460s][info][gc,start       ] GC(96) Pause Young (Allocation Failure)
[22.492s][info][gc,heap        ] GC(96) DefNew: 299139K(314560K)->19765K(314560K) Eden: 279616K(279616K)->0K(279616K) From: 19523K(34944K)->19765K(34944K)
[22.492s][info][gc,heap        ] GC(96) Tenured: 623769K(699072K)->627004K(699072K)
[22.492s][info][gc,metaspace   ] GC(96) Metaspace: 9796K(9984K)->9796K(9984K) NonClass: 8935K(9024K)->8935K(9024K) Class: 860K(960K)->860K(960K)
[22.492s][info][gc             ] GC(96) Pause Young (Allocation Failure) 901M->631M(989M) 31.767ms
[22.492s][info][gc,cpu         ] GC(96) User=0.03s Sys=0.00s Real=0.03s
[22.590s][info][gc,start       ] GC(97) Pause Young (Allocation Failure)
[22.621s][info][gc,heap        ] GC(97) DefNew: 299381K(314560K)->19695K(314560K) Eden: 279616K(279616K)->0K(279616K) From: 19765K(34944K)->19695K(34944K)
[22.621s][info][gc,heap        ] GC(97) Tenured: 627004K(699072K)->630241K(699072K)
[22.621s][info][gc,metaspace   ] GC(97) Metaspace: 9796K(9984K)->9796K(9984K) NonClass: 8935K(9024K)->8935K(9024K) Class: 860K(960K)->860K(960K)
[22.621s][info][gc             ] GC(97) Pause Young (Allocation Failure) 904M->634M(989M) 31.320ms
[22.621s][info][gc,cpu         ] GC(97) User=0.03s Sys=0.00s Real=0.02s
[22.722s][info][gc,start       ] GC(98) Pause Young (Allocation Failure)
[22.755s][info][gc,heap        ] GC(98) DefNew: 299311K(314560K)->19529K(314560K) Eden: 279616K(279616K)->0K(279616K) From: 19695K(34944K)->19529K(34944K)
[22.755s][info][gc,heap        ] GC(98) Tenured: 630241K(699072K)->633503K(699072K)
[22.755s][info][gc,metaspace   ] GC(98) Metaspace: 9796K(9984K)->9796K(9984K) NonClass: 8935K(9024K)->8935K(9024K) Class: 860K(960K)->860K(960K)
[22.755s][info][gc             ] GC(98) Pause Young (Allocation Failure) 907M->637M(989M) 32.822ms
[22.755s][info][gc,cpu         ] GC(98) User=0.03s Sys=0.00s Real=0.02s
[22.852s][info][gc,start       ] GC(99) Pause Young (Allocation Failure)
[22.884s][info][gc,heap        ] GC(99) DefNew: 299145K(314560K)->19826K(314560K) Eden: 279616K(279616K)->0K(279616K) From: 19529K(34944K)->19826K(34944K)
[22.884s][info][gc,heap        ] GC(99) Tenured: 633503K(699072K)->636524K(699072K)
[22.884s][info][gc,metaspace   ] GC(99) Metaspace: 9796K(9984K)->9796K(9984K) NonClass: 8935K(9024K)->8935K(9024K) Class: 860K(960K)->860K(960K)
[22.884s][info][gc             ] GC(99) Pause Young (Allocation Failure) 910M->640M(989M) 31.330ms
[22.884s][info][gc,cpu         ] GC(99) User=0.03s Sys=0.00s Real=0.03s
[22.981s][info][gc,start       ] GC(100) Pause Young (Allocation Failure)
[23.012s][info][gc,heap        ] GC(100) DefNew: 299442K(314560K)->19506K(314560K) Eden: 279616K(279616K)->0K(279616K) From: 19826K(34944K)->19506K(34944K)
[23.012s][info][gc,heap        ] GC(100) Tenured: 636524K(699072K)->639806K(699072K)
[23.012s][info][gc,metaspace   ] GC(100) Metaspace: 9796K(9984K)->9796K(9984K) NonClass: 8935K(9024K)->8935K(9024K) Class: 860K(960K)->860K(960K)
[23.012s][info][gc             ] GC(100) Pause Young (Allocation Failure) 914M->643M(989M) 30.807ms
[23.012s][info][gc,cpu         ] GC(100) User=0.03s Sys=0.00s Real=0.03s
[23.111s][info][gc,start       ] GC(101) Pause Young (Allocation Failure)
[23.142s][info][gc,heap        ] GC(101) DefNew: 299122K(314560K)->19621K(314560K) Eden: 279616K(279616K)->0K(279616K) From: 19506K(34944K)->19621K(34944K)
[23.142s][info][gc,heap        ] GC(101) Tenured: 639806K(699072K)->642925K(699072K)
[23.142s][info][gc,metaspace   ] GC(101) Metaspace: 9796K(9984K)->9796K(9984K) NonClass: 8935K(9024K)->8935K(9024K) Class: 860K(960K)->860K(960K)
[23.142s][info][gc             ] GC(101) Pause Young (Allocation Failure) 916M->647M(989M) 31.233ms
[23.142s][info][gc,cpu         ] GC(101) User=0.03s Sys=0.00s Real=0.03s
[23.239s][info][gc,start       ] GC(102) Pause Young (Allocation Failure)
[23.269s][info][gc,heap        ] GC(102) DefNew: 299237K(314560K)->19387K(314560K) Eden: 279616K(279616K)->0K(279616K) From: 19621K(34944K)->19387K(34944K)
[23.269s][info][gc,heap        ] GC(102) Tenured: 642925K(699072K)->646179K(699072K)
[23.269s][info][gc,metaspace   ] GC(102) Metaspace: 9796K(9984K)->9796K(9984K) NonClass: 8935K(9024K)->8935K(9024K) Class: 860K(960K)->860K(960K)
[23.269s][info][gc             ] GC(102) Pause Young (Allocation Failure) 920M->649M(989M) 30.426ms
[23.269s][info][gc,cpu         ] GC(102) User=0.00s Sys=0.02s Real=0.02s
[23.368s][info][gc,start       ] GC(103) Pause Young (Allocation Failure)
[23.399s][info][gc,heap        ] GC(103) DefNew: 299003K(314560K)->19336K(314560K) Eden: 279616K(279616K)->0K(279616K) From: 19387K(34944K)->19336K(34944K)
[23.399s][info][gc,heap        ] GC(103) Tenured: 646179K(699072K)->649375K(699072K)
[23.399s][info][gc,metaspace   ] GC(103) Metaspace: 9796K(9984K)->9796K(9984K) NonClass: 8935K(9024K)->8935K(9024K) Class: 860K(960K)->860K(960K)
[23.399s][info][gc             ] GC(103) Pause Young (Allocation Failure) 923M->653M(989M) 30.758ms
[23.399s][info][gc,cpu         ] GC(103) User=0.03s Sys=0.00s Real=0.03s
[23.497s][info][gc,start       ] GC(104) Pause Young (Allocation Failure)
[23.527s][info][gc,heap        ] GC(104) DefNew: 298952K(314560K)->19332K(314560K) Eden: 279616K(279616K)->0K(279616K) From: 19336K(34944K)->19332K(34944K)
[23.527s][info][gc,heap        ] GC(104) Tenured: 649375K(699072K)->652496K(699072K)
[23.527s][info][gc,metaspace   ] GC(104) Metaspace: 9796K(9984K)->9796K(9984K) NonClass: 8935K(9024K)->8935K(9024K) Class: 860K(960K)->860K(960K)
[23.527s][info][gc             ] GC(104) Pause Young (Allocation Failure) 926M->656M(989M) 30.648ms
[23.527s][info][gc,cpu         ] GC(104) User=0.03s Sys=0.00s Real=0.03s
[23.626s][info][gc,start       ] GC(105) Pause Young (Allocation Failure)
[23.658s][info][gc,heap        ] GC(105) DefNew: 298948K(314560K)->19435K(314560K) Eden: 279616K(279616K)->0K(279616K) From: 19332K(34944K)->19435K(34944K)
[23.658s][info][gc,heap        ] GC(105) Tenured: 652496K(699072K)->655718K(699072K)
[23.658s][info][gc,metaspace   ] GC(105) Metaspace: 9796K(9984K)->9796K(9984K) NonClass: 8935K(9024K)->8935K(9024K) Class: 860K(960K)->860K(960K)
[23.658s][info][gc             ] GC(105) Pause Young (Allocation Failure) 929M->659M(989M) 31.507ms
[23.658s][info][gc,cpu         ] GC(105) User=0.03s Sys=0.00s Real=0.02s
[23.768s][info][gc,start       ] GC(106) Pause Young (Allocation Failure)
[23.800s][info][gc,heap        ] GC(106) DefNew: 299051K(314560K)->19480K(314560K) Eden: 279616K(279616K)->0K(279616K) From: 19435K(34944K)->19480K(34944K)
[23.800s][info][gc,heap        ] GC(106) Tenured: 655718K(699072K)->658752K(699072K)
[23.800s][info][gc,metaspace   ] GC(106) Metaspace: 9796K(9984K)->9796K(9984K) NonClass: 8935K(9024K)->8935K(9024K) Class: 860K(960K)->860K(960K)
[23.800s][info][gc             ] GC(106) Pause Young (Allocation Failure) 932M->662M(989M) 32.005ms
[23.800s][info][gc,cpu         ] GC(106) User=0.03s Sys=0.00s Real=0.02s
[23.918s][info][gc,start       ] GC(107) Pause Young (Allocation Failure)
[23.954s][info][gc,heap        ] GC(107) DefNew: 299096K(314560K)->19345K(314560K) Eden: 279616K(279616K)->0K(279616K) From: 19480K(34944K)->19345K(34944K)
[23.954s][info][gc,heap        ] GC(107) Tenured: 658752K(699072K)->661968K(699072K)
[23.954s][info][gc,metaspace   ] GC(107) Metaspace: 9796K(9984K)->9796K(9984K) NonClass: 8936K(9024K)->8936K(9024K) Class: 860K(960K)->860K(960K)
[23.954s][info][gc             ] GC(107) Pause Young (Allocation Failure) 935M->665M(989M) 36.038ms
[23.954s][info][gc,cpu         ] GC(107) User=0.06s Sys=0.00s Real=0.04s
[24.070s][info][gc,start       ] GC(108) Pause Young (Allocation Failure)
[24.101s][info][gc,heap        ] GC(108) DefNew: 298961K(314560K)->19561K(314560K) Eden: 279616K(279616K)->0K(279616K) From: 19345K(34944K)->19561K(34944K)
[24.101s][info][gc,heap        ] GC(108) Tenured: 661968K(699072K)->665040K(699072K)
[24.101s][info][gc,metaspace   ] GC(108) Metaspace: 9796K(9984K)->9796K(9984K) NonClass: 8936K(9024K)->8936K(9024K) Class: 860K(960K)->860K(960K)
[24.101s][info][gc             ] GC(108) Pause Young (Allocation Failure) 938M->668M(989M) 31.285ms
[24.102s][info][gc,cpu         ] GC(108) User=0.03s Sys=0.00s Real=0.03s
[24.202s][info][gc,start       ] GC(109) Pause Young (Allocation Failure)
[24.233s][info][gc,heap        ] GC(109) DefNew: 299177K(314560K)->19549K(314560K) Eden: 279616K(279616K)->0K(279616K) From: 19561K(34944K)->19549K(34944K)
[24.233s][info][gc,heap        ] GC(109) Tenured: 665040K(699072K)->668253K(699072K)
[24.233s][info][gc,metaspace   ] GC(109) Metaspace: 9796K(9984K)->9796K(9984K) NonClass: 8936K(9024K)->8936K(9024K) Class: 860K(960K)->860K(960K)
[24.233s][info][gc             ] GC(109) Pause Young (Allocation Failure) 941M->671M(989M) 31.565ms
[24.233s][info][gc,cpu         ] GC(109) User=0.03s Sys=0.00s Real=0.03s
[24.432s][info][gc,start       ] GC(110) Pause Young (Allocation Failure)
[24.467s][info][gc,heap        ] GC(110) DefNew: 299165K(314560K)->20903K(314560K) Eden: 279616K(279616K)->0K(279616K) From: 19549K(34944K)->20903K(34944K)
[24.467s][info][gc,heap        ] GC(110) Tenured: 668253K(699072K)->671332K(699072K)
[24.467s][info][gc,metaspace   ] GC(110) Metaspace: 9911K(10176K)->9911K(10176K) NonClass: 9037K(9152K)->9037K(9152K) Class: 873K(1024K)->873K(1024K)
[24.467s][info][gc             ] GC(110) Pause Young (Allocation Failure) 944M->676M(989M) 35.020ms
[24.467s][info][gc,cpu         ] GC(110) User=0.03s Sys=0.00s Real=0.02s
[24.864s][info][gc,start       ] GC(111) Pause Young (Allocation Failure)
[24.963s][info][gc,heap        ] GC(111) DefNew: 300519K(314560K)->34944K(314560K) Eden: 279616K(279616K)->0K(279616K) From: 20903K(34944K)->34944K(34944K)
[24.963s][info][gc,heap        ] GC(111) Tenured: 671332K(699072K)->690631K(699072K)
[24.963s][info][gc,metaspace   ] GC(111) Metaspace: 9914K(10176K)->9914K(10176K) NonClass: 9040K(9152K)->9040K(9152K) Class: 873K(1024K)->873K(1024K)
[24.963s][info][gc             ] GC(111) Pause Young (Allocation Failure) 949M->708M(989M) 98.718ms
[24.963s][info][gc,cpu         ] GC(111) User=0.11s Sys=0.00s Real=0.10s
[25.640s][info][gc,start       ] GC(112) Pause Young (Allocation Failure)
[25.640s][info][gc             ] GC(112) Pause Young (Allocation Failure) 981M->981M(989M) 0.125ms
[25.640s][info][gc,cpu         ] GC(112) User=0.00s Sys=0.00s Real=0.00s
[25.640s][info][gc,start       ] GC(113) Pause Full (Allocation Failure)
[25.640s][info][gc,phases,start] GC(113) Phase 1: Mark live objects
[26.093s][info][gc,phases      ] GC(113) Phase 1: Mark live objects 453.699ms
[26.094s][info][gc,phases,start] GC(113) Phase 2: Compute new object addresses
[26.274s][info][gc,phases      ] GC(113) Phase 2: Compute new object addresses 180.180ms
[26.274s][info][gc,phases,start] GC(113) Phase 3: Adjust pointers
[26.564s][info][gc,phases      ] GC(113) Phase 3: Adjust pointers 290.558ms
[26.564s][info][gc,phases,start] GC(113) Phase 4: Move objects
[26.688s][info][gc,phases      ] GC(113) Phase 4: Move objects 123.464ms
[26.688s][info][gc,heap        ] GC(113) DefNew: 314560K(314560K)->0K(314560K) Eden: 279616K(279616K)->0K(279616K) From: 34944K(34944K)->0K(34944K)
[26.688s][info][gc,heap        ] GC(113) Tenured: 690631K(699072K)->645093K(699072K)
[26.688s][info][gc,metaspace   ] GC(113) Metaspace: 9914K(10176K)->9914K(10176K) NonClass: 9040K(9152K)->9040K(9152K) Class: 873K(1024K)->873K(1024K)
[26.688s][info][gc             ] GC(113) Pause Full (Allocation Failure) 981M->629M(989M) 1048.432ms
[26.688s][info][gc,cpu         ] GC(113) User=1.03s Sys=0.00s Real=1.06s
[27.033s][info][gc,start       ] GC(114) Pause Young (Allocation Failure)
[27.125s][info][gc,heap        ] GC(114) DefNew: 279616K(314560K)->34944K(314560K) Eden: 279616K(279616K)->0K(279616K) From: 0K(34944K)->34944K(34944K)
[27.125s][info][gc,heap        ] GC(114) Tenured: 645093K(699072K)->645636K(699072K)
[27.125s][info][gc,metaspace   ] GC(114) Metaspace: 9914K(10176K)->9914K(10176K) NonClass: 9041K(9152K)->9041K(9152K) Class: 873K(1024K)->873K(1024K)
[27.125s][info][gc             ] GC(114) Pause Young (Allocation Failure) 903M->664M(989M) 91.583ms
[27.125s][info][gc,cpu         ] GC(114) User=0.09s Sys=0.00s Real=0.10s
[27.463s][info][gc,start       ] GC(115) Pause Young (Allocation Failure)
[27.585s][info][gc,heap        ] GC(115) DefNew: 314560K(314560K)->34943K(314560K) Eden: 279616K(279616K)->0K(279616K) From: 34944K(34944K)->34943K(34944K)
[27.585s][info][gc,heap        ] GC(115) Tenured: 645636K(699072K)->679603K(699072K)
[27.585s][info][gc,metaspace   ] GC(115) Metaspace: 9914K(10176K)->9914K(10176K) NonClass: 9041K(9152K)->9041K(9152K) Class: 873K(1024K)->873K(1024K)
[27.585s][info][gc             ] GC(115) Pause Young (Allocation Failure) 937M->697M(989M) 121.571ms
[27.585s][info][gc,cpu         ] GC(115) User=0.12s Sys=0.00s Real=0.13s
[27.911s][info][gc,start       ] GC(116) Pause Young (Allocation Failure)
[27.911s][info][gc             ] GC(116) Pause Young (Allocation Failure) 970M->970M(989M) 0.117ms
[27.911s][info][gc,cpu         ] GC(116) User=0.00s Sys=0.00s Real=0.00s
[27.911s][info][gc,start       ] GC(117) Pause Full (Allocation Failure)
[27.911s][info][gc,phases,start] GC(117) Phase 1: Mark live objects
[28.431s][info][gc,phases      ] GC(117) Phase 1: Mark live objects 519.501ms
[28.431s][info][gc,phases,start] GC(117) Phase 2: Compute new object addresses
[28.614s][info][gc,phases      ] GC(117) Phase 2: Compute new object addresses 183.141ms
[28.614s][info][gc,phases,start] GC(117) Phase 3: Adjust pointers
[28.930s][info][gc,phases      ] GC(117) Phase 3: Adjust pointers 315.875ms
[28.930s][info][gc,phases,start] GC(117) Phase 4: Move objects
[29.110s][info][gc,phases      ] GC(117) Phase 4: Move objects 179.345ms
[29.110s][info][gc,heap        ] GC(117) DefNew: 314559K(314560K)->0K(314560K) Eden: 279616K(279616K)->0K(279616K) From: 34943K(34944K)->0K(34944K)
[29.110s][info][gc,heap        ] GC(117) Tenured: 679603K(699072K)->697451K(699072K)
[29.110s][info][gc,metaspace   ] GC(117) Metaspace: 9914K(10176K)->9914K(10176K) NonClass: 9041K(9152K)->9041K(9152K) Class: 873K(1024K)->873K(1024K)
[29.110s][info][gc             ] GC(117) Pause Full (Allocation Failure) 970M->681M(989M) 1198.351ms
[29.110s][info][gc,cpu         ] GC(117) User=1.17s Sys=0.00s Real=1.19s
[29.566s][info][gc,start       ] GC(118) Pause Young (Allocation Failure)
[29.566s][info][gc             ] GC(118) Pause Young (Allocation Failure) 954M->954M(989M) 0.146ms
[29.566s][info][gc,cpu         ] GC(118) User=0.00s Sys=0.00s Real=0.00s
[29.566s][info][gc,start       ] GC(119) Pause Full (Allocation Failure)
[29.566s][info][gc,phases,start] GC(119) Phase 1: Mark live objects
[30.062s][info][gc,phases      ] GC(119) Phase 1: Mark live objects 495.653ms
[30.062s][info][gc,phases,start] GC(119) Phase 2: Compute new object addresses
[30.243s][info][gc,phases      ] GC(119) Phase 2: Compute new object addresses 181.072ms
[30.243s][info][gc,phases,start] GC(119) Phase 3: Adjust pointers
[30.503s][info][gc,phases      ] GC(119) Phase 3: Adjust pointers 260.558ms
[30.503s][info][gc,phases,start] GC(119) Phase 4: Move objects
[30.516s][info][gc,phases      ] GC(119) Phase 4: Move objects 12.737ms
[30.516s][info][gc,heap        ] GC(119) DefNew: 279616K(314560K)->9550K(314560K) Eden: 279616K(279616K)->9550K(279616K) From: 0K(34944K)->0K(34944K)
[30.516s][info][gc,heap        ] GC(119) Tenured: 697451K(699072K)->699072K(699072K)
[30.516s][info][gc,metaspace   ] GC(119) Metaspace: 9915K(10176K)->9915K(10176K) NonClass: 9041K(9152K)->9041K(9152K) Class: 873K(1024K)->873K(1024K)
[30.516s][info][gc             ] GC(119) Pause Full (Allocation Failure) 954M->692M(989M) 950.464ms
[30.516s][info][gc,cpu         ] GC(119) User=0.91s Sys=0.03s Real=0.96s
[31.049s][info][gc,start       ] GC(120) Pause Full (Allocation Failure)
[31.049s][info][gc,phases,start] GC(120) Phase 1: Mark live objects
[31.535s][info][gc,phases      ] GC(120) Phase 1: Mark live objects 485.389ms
[31.535s][info][gc,phases,start] GC(120) Phase 2: Compute new object addresses
[31.714s][info][gc,phases      ] GC(120) Phase 2: Compute new object addresses 179.658ms
[31.714s][info][gc,phases,start] GC(120) Phase 3: Adjust pointers
[31.963s][info][gc,phases      ] GC(120) Phase 3: Adjust pointers 247.999ms
[31.963s][info][gc,phases,start] GC(120) Phase 4: Move objects
[32.001s][info][gc,phases      ] GC(120) Phase 4: Move objects 38.697ms
[32.001s][info][gc,heap        ] GC(120) DefNew: 314559K(314560K)->0K(314560K) Eden: 279616K(279616K)->0K(279616K) From: 34943K(34944K)->0K(34944K)
[32.001s][info][gc,heap        ] GC(120) Tenured: 699072K(699072K)->681709K(699072K)
[32.001s][info][gc,metaspace   ] GC(120) Metaspace: 9915K(10176K)->9915K(10176K) NonClass: 9041K(9152K)->9041K(9152K) Class: 873K(1024K)->873K(1024K)
[32.001s][info][gc             ] GC(120) Pause Full (Allocation Failure) 989M->665M(989M) 952.229ms
[32.001s][info][gc,cpu         ] GC(120) User=0.92s Sys=0.02s Real=0.95s
[32.402s][info][gc,start       ] GC(121) Pause Young (Allocation Failure)
[32.402s][info][gc             ] GC(121) Pause Young (Allocation Failure) 938M->938M(989M) 0.146ms
[32.402s][info][gc,cpu         ] GC(121) User=0.00s Sys=0.00s Real=0.00s
[32.402s][info][gc,start       ] GC(122) Pause Full (Allocation Failure)
[32.402s][info][gc,phases,start] GC(122) Phase 1: Mark live objects
[32.874s][info][gc,phases      ] GC(122) Phase 1: Mark live objects 472.258ms
[32.874s][info][gc,phases,start] GC(122) Phase 2: Compute new object addresses
[33.042s][info][gc,phases      ] GC(122) Phase 2: Compute new object addresses 167.251ms
[33.042s][info][gc,phases,start] GC(122) Phase 3: Adjust pointers
[33.273s][info][gc,phases      ] GC(122) Phase 3: Adjust pointers 231.738ms
[33.273s][info][gc,phases,start] GC(122) Phase 4: Move objects
[33.313s][info][gc,phases      ] GC(122) Phase 4: Move objects 39.644ms
[33.313s][info][gc,heap        ] GC(122) DefNew: 279616K(314560K)->0K(314560K) Eden: 279616K(279616K)->0K(279616K) From: 0K(34944K)->0K(34944K)
[33.313s][info][gc,heap        ] GC(122) Tenured: 681709K(699072K)->654677K(699072K)
[33.313s][info][gc,metaspace   ] GC(122) Metaspace: 9915K(10176K)->9915K(10176K) NonClass: 9041K(9152K)->9041K(9152K) Class: 873K(1024K)->873K(1024K)
[33.313s][info][gc             ] GC(122) Pause Full (Allocation Failure) 938M->639M(989M) 911.318ms
[33.313s][info][gc,cpu         ] GC(122) User=0.91s Sys=0.00s Real=0.90s
[33.619s][info][gc,start       ] GC(123) Pause Young (Allocation Failure)
[33.680s][info][gc,heap        ] GC(123) DefNew: 279616K(314560K)->28897K(314560K) Eden: 279616K(279616K)->0K(279616K) From: 0K(34944K)->28897K(34944K)
[33.680s][info][gc,heap        ] GC(123) Tenured: 654677K(699072K)->654677K(699072K)
[33.680s][info][gc,metaspace   ] GC(123) Metaspace: 9915K(10176K)->9915K(10176K) NonClass: 9042K(9152K)->9042K(9152K) Class: 873K(1024K)->873K(1024K)
[33.680s][info][gc             ] GC(123) Pause Young (Allocation Failure) 912M->667M(989M) 60.927ms
[33.680s][info][gc,cpu         ] GC(123) User=0.06s Sys=0.00s Real=0.06s
[34.006s][info][gc,start       ] GC(124) Pause Young (Allocation Failure)
[34.080s][info][gc,heap        ] GC(124) DefNew: 308513K(314560K)->24748K(314560K) Eden: 279616K(279616K)->0K(279616K) From: 28897K(34944K)->24748K(34944K)
[34.080s][info][gc,heap        ] GC(124) Tenured: 654677K(699072K)->674201K(699072K)
[34.080s][info][gc,metaspace   ] GC(124) Metaspace: 9915K(10176K)->9915K(10176K) NonClass: 9042K(9152K)->9042K(9152K) Class: 873K(1024K)->873K(1024K)
[34.080s][info][gc             ] GC(124) Pause Young (Allocation Failure) 940M->682M(989M) 74.408ms
[34.080s][info][gc,cpu         ] GC(124) User=0.06s Sys=0.00s Real=0.07s
[34.314s][info][gc,start       ] GC(125) Pause Young (Allocation Failure)
[34.410s][info][gc,heap        ] GC(125) DefNew: 304364K(314560K)->34944K(314560K) Eden: 279616K(279616K)->0K(279616K) From: 24748K(34944K)->34944K(34944K)
[34.410s][info][gc,heap        ] GC(125) Tenured: 674201K(699072K)->692871K(699072K)
[34.410s][info][gc,metaspace   ] GC(125) Metaspace: 9916K(10176K)->9916K(10176K) NonClass: 9042K(9152K)->9042K(9152K) Class: 873K(1024K)->873K(1024K)
[34.410s][info][gc             ] GC(125) Pause Young (Allocation Failure) 955M->710M(989M) 96.419ms
[34.410s][info][gc,cpu         ] GC(125) User=0.09s Sys=0.00s Real=0.10s
[34.559s][info][gc,start       ] GC(126) Pause Young (Allocation Failure)
[34.559s][info][gc             ] GC(126) Pause Young (Allocation Failure) 983M->983M(989M) 0.083ms
[34.559s][info][gc,cpu         ] GC(126) User=0.00s Sys=0.00s Real=0.00s
[34.559s][info][gc,start       ] GC(127) Pause Full (Allocation Failure)
[34.559s][info][gc,phases,start] GC(127) Phase 1: Mark live objects
[34.896s][info][gc,phases      ] GC(127) Phase 1: Mark live objects 336.276ms
[34.896s][info][gc,phases,start] GC(127) Phase 2: Compute new object addresses
[35.061s][info][gc,phases      ] GC(127) Phase 2: Compute new object addresses 165.019ms
[35.061s][info][gc,phases,start] GC(127) Phase 3: Adjust pointers
[35.281s][info][gc,phases      ] GC(127) Phase 3: Adjust pointers 220.143ms
[35.281s][info][gc,phases,start] GC(127) Phase 4: Move objects
[35.420s][info][gc,phases      ] GC(127) Phase 4: Move objects 138.820ms
[35.420s][info][gc,heap        ] GC(127) DefNew: 314560K(314560K)->0K(314560K) Eden: 279616K(279616K)->0K(279616K) From: 34944K(34944K)->0K(34944K)
[35.420s][info][gc,heap        ] GC(127) Tenured: 692871K(699072K)->516037K(699072K)
[35.420s][info][gc,metaspace   ] GC(127) Metaspace: 9916K(10176K)->9916K(10176K) NonClass: 9042K(9152K)->9042K(9152K) Class: 873K(1024K)->873K(1024K)
[35.420s][info][gc             ] GC(127) Pause Full (Allocation Failure) 983M->503M(989M) 860.742ms
[35.420s][info][gc,cpu         ] GC(127) User=0.86s Sys=0.00s Real=0.85s
[35.631s][info][gc,start       ] GC(128) Pause Young (Allocation Failure)
[35.716s][info][gc,heap        ] GC(128) DefNew: 279616K(314560K)->34773K(314560K) Eden: 279616K(279616K)->0K(279616K) From: 0K(34944K)->34773K(34944K)
[35.716s][info][gc,heap        ] GC(128) Tenured: 516037K(699072K)->516037K(699072K)
[35.716s][info][gc,metaspace   ] GC(128) Metaspace: 9916K(10176K)->9916K(10176K) NonClass: 9042K(9152K)->9042K(9152K) Class: 873K(1024K)->873K(1024K)
[35.716s][info][gc             ] GC(128) Pause Young (Allocation Failure) 777M->537M(989M) 85.888ms
[35.716s][info][gc,cpu         ] GC(128) User=0.08s Sys=0.00s Real=0.08s
[35.955s][info][gc,start       ] GC(129) Pause Young (Allocation Failure)
[36.067s][info][gc,heap        ] GC(129) DefNew: 314389K(314560K)->34943K(314560K) Eden: 279616K(279616K)->0K(279616K) From: 34773K(34944K)->34943K(34944K)
[36.067s][info][gc,heap        ] GC(129) Tenured: 516037K(699072K)->549724K(699072K)
[36.067s][info][gc,metaspace   ] GC(129) Metaspace: 9916K(10176K)->9916K(10176K) NonClass: 9042K(9152K)->9042K(9152K) Class: 873K(1024K)->873K(1024K)
[36.067s][info][gc             ] GC(129) Pause Young (Allocation Failure) 810M->570M(989M) 112.476ms
[36.067s][info][gc,cpu         ] GC(129) User=0.11s Sys=0.00s Real=0.11s
[36.400s][info][gc,start       ] GC(130) Pause Young (Allocation Failure)
[36.454s][info][gc,heap        ] GC(130) DefNew: 314559K(314560K)->11831K(314560K) Eden: 279616K(279616K)->0K(279616K) From: 34943K(34944K)->11831K(34944K)
[36.454s][info][gc,heap        ] GC(130) Tenured: 549724K(699072K)->582488K(699072K)
[36.454s][info][gc,metaspace   ] GC(130) Metaspace: 9916K(10176K)->9916K(10176K) NonClass: 9042K(9152K)->9042K(9152K) Class: 873K(1024K)->873K(1024K)
[36.454s][info][gc             ] GC(130) Pause Young (Allocation Failure) 844M->580M(989M) 54.271ms
[36.454s][info][gc,cpu         ] GC(130) User=0.03s Sys=0.00s Real=0.05s
[36.928s][info][gc,start       ] GC(131) Pause Full (System.gc())
[36.928s][info][gc,phases,start] GC(131) Phase 1: Mark live objects
[37.193s][info][gc,phases      ] GC(131) Phase 1: Mark live objects 265.466ms
[37.193s][info][gc,phases,start] GC(131) Phase 2: Compute new object addresses
[37.329s][info][gc,phases      ] GC(131) Phase 2: Compute new object addresses 135.574ms
[37.329s][info][gc,phases,start] GC(131) Phase 3: Adjust pointers
[37.468s][info][gc,phases      ] GC(131) Phase 3: Adjust pointers 138.421ms
[37.468s][info][gc,phases,start] GC(131) Phase 4: Move objects
[37.473s][info][gc,phases      ] GC(131) Phase 4: Move objects 5.385ms
[37.473s][info][gc,heap        ] GC(131) DefNew: 235303K(314560K)->0K(314560K) Eden: 223471K(279616K)->0K(279616K) From: 11831K(34944K)->0K(34944K)
[37.473s][info][gc,heap        ] GC(131) Tenured: 582488K(699072K)->466973K(699072K)
[37.473s][info][gc,metaspace   ] GC(131) Metaspace: 10069K(10304K)->10069K(10304K) NonClass: 9185K(9280K)->9185K(9280K) Class: 883K(1024K)->883K(1024K)
[37.473s][info][gc             ] GC(131) Pause Full (System.gc()) 798M->456M(989M) 545.332ms
[37.473s][info][gc,cpu         ] GC(131) User=0.53s Sys=0.00s Real=0.54s
[37.636s][info][gc,start       ] GC(132) Pause Young (Allocation Failure)
[37.653s][info][gc,heap        ] GC(132) DefNew: 279616K(314560K)->7112K(314560K) Eden: 279616K(279616K)->0K(279616K) From: 0K(34944K)->7112K(34944K)
[37.653s][info][gc,heap        ] GC(132) Tenured: 466973K(699072K)->466973K(699072K)
[37.653s][info][gc,metaspace   ] GC(132) Metaspace: 10166K(10368K)->10166K(10368K) NonClass: 9282K(9344K)->9282K(9344K) Class: 883K(1024K)->883K(1024K)
[37.653s][info][gc             ] GC(132) Pause Young (Allocation Failure) 729M->462M(989M) 16.992ms
[37.653s][info][gc,cpu         ] GC(132) User=0.03s Sys=0.00s Real=0.01s
[37.747s][info][gc,start       ] GC(133) Pause Young (Allocation Failure)
[37.768s][info][gc,heap        ] GC(133) DefNew: 286728K(314560K)->11756K(314560K) Eden: 279616K(279616K)->0K(279616K) From: 7112K(34944K)->11756K(34944K)
[37.769s][info][gc,heap        ] GC(133) Tenured: 466973K(699072K)->466973K(699072K)
[37.769s][info][gc,metaspace   ] GC(133) Metaspace: 10166K(10368K)->10166K(10368K) NonClass: 9282K(9344K)->9282K(9344K) Class: 883K(1024K)->883K(1024K)
[37.769s][info][gc             ] GC(133) Pause Young (Allocation Failure) 736M->467M(989M) 22.010ms
[37.769s][info][gc,cpu         ] GC(133) User=0.02s Sys=0.00s Real=0.02s
[37.862s][info][gc,start       ] GC(134) Pause Young (Allocation Failure)
[37.885s][info][gc,heap        ] GC(134) DefNew: 291372K(314560K)->15527K(314560K) Eden: 279616K(279616K)->0K(279616K) From: 11756K(34944K)->15527K(34944K)
[37.885s][info][gc,heap        ] GC(134) Tenured: 466973K(699072K)->466973K(699072K)
[37.885s][info][gc,metaspace   ] GC(134) Metaspace: 10166K(10368K)->10166K(10368K) NonClass: 9282K(9344K)->9282K(9344K) Class: 883K(1024K)->883K(1024K)
[37.885s][info][gc             ] GC(134) Pause Young (Allocation Failure) 740M->471M(989M) 23.338ms
[37.885s][info][gc,cpu         ] GC(134) User=0.03s Sys=0.00s Real=0.02s
[37.979s][info][gc,start       ] GC(135) Pause Young (Allocation Failure)
[38.005s][info][gc,heap        ] GC(135) DefNew: 295143K(314560K)->18683K(314560K) Eden: 279616K(279616K)->0K(279616K) From: 15527K(34944K)->18683K(34944K)
[38.005s][info][gc,heap        ] GC(135) Tenured: 466973K(699072K)->466973K(699072K)
[38.005s][info][gc,metaspace   ] GC(135) Metaspace: 10166K(10368K)->10166K(10368K) NonClass: 9282K(9344K)->9282K(9344K) Class: 883K(1024K)->883K(1024K)
[38.005s][info][gc             ] GC(135) Pause Young (Allocation Failure) 744M->474M(989M) 25.746ms
[38.005s][info][gc,cpu         ] GC(135) User=0.02s Sys=0.00s Real=0.01s
[38.100s][info][gc,start       ] GC(136) Pause Young (Allocation Failure)
[38.130s][info][gc,heap        ] GC(136) DefNew: 298299K(314560K)->18427K(314560K) Eden: 279616K(279616K)->0K(279616K) From: 18683K(34944K)->18427K(34944K)
[38.130s][info][gc,heap        ] GC(136) Tenured: 466973K(699072K)->470312K(699072K)
[38.130s][info][gc,metaspace   ] GC(136) Metaspace: 10167K(10368K)->10167K(10368K) NonClass: 9283K(9344K)->9283K(9344K) Class: 883K(1024K)->883K(1024K)
[38.130s][info][gc             ] GC(136) Pause Young (Allocation Failure) 747M->477M(989M) 29.791ms
[38.130s][info][gc,cpu         ] GC(136) User=0.03s Sys=0.00s Real=0.03s
[38.225s][info][gc,start       ] GC(137) Pause Young (Allocation Failure)
[38.254s][info][gc,heap        ] GC(137) DefNew: 298043K(314560K)->18392K(314560K) Eden: 279616K(279616K)->0K(279616K) From: 18427K(34944K)->18392K(34944K)
[38.254s][info][gc,heap        ] GC(137) Tenured: 470312K(699072K)->473382K(699072K)
[38.254s][info][gc,metaspace   ] GC(137) Metaspace: 10167K(10368K)->10167K(10368K) NonClass: 9283K(9344K)->9283K(9344K) Class: 883K(1024K)->883K(1024K)
[38.254s][info][gc             ] GC(137) Pause Young (Allocation Failure) 750M->480M(989M) 29.580ms
[38.254s][info][gc,cpu         ] GC(137) User=0.02s Sys=0.00s Real=0.03s
[38.354s][info][gc,start       ] GC(138) Pause Young (Allocation Failure)
[38.384s][info][gc,heap        ] GC(138) DefNew: 298008K(314560K)->18413K(314560K) Eden: 279616K(279616K)->0K(279616K) From: 18392K(34944K)->18413K(34944K)
[38.384s][info][gc,heap        ] GC(138) Tenured: 473382K(699072K)->476376K(699072K)
[38.384s][info][gc,metaspace   ] GC(138) Metaspace: 10167K(10368K)->10167K(10368K) NonClass: 9283K(9344K)->9283K(9344K) Class: 883K(1024K)->883K(1024K)
[38.384s][info][gc             ] GC(138) Pause Young (Allocation Failure) 753M->483M(989M) 29.781ms
[38.384s][info][gc,cpu         ] GC(138) User=0.03s Sys=0.00s Real=0.03s
[38.484s][info][gc,start       ] GC(139) Pause Young (Allocation Failure)
[38.513s][info][gc,heap        ] GC(139) DefNew: 298029K(314560K)->18545K(314560K) Eden: 279616K(279616K)->0K(279616K) From: 18413K(34944K)->18545K(34944K)
[38.513s][info][gc,heap        ] GC(139) Tenured: 476376K(699072K)->479328K(699072K)
[38.513s][info][gc,metaspace   ] GC(139) Metaspace: 10167K(10368K)->10167K(10368K) NonClass: 9283K(9344K)->9283K(9344K) Class: 883K(1024K)->883K(1024K)
[38.513s][info][gc             ] GC(139) Pause Young (Allocation Failure) 756M->486M(989M) 29.820ms
[38.513s][info][gc,cpu         ] GC(139) User=0.03s Sys=0.00s Real=0.03s
[38.611s][info][gc,start       ] GC(140) Pause Young (Allocation Failure)
[38.640s][info][gc,heap        ] GC(140) DefNew: 298161K(314560K)->18441K(314560K) Eden: 279616K(279616K)->0K(279616K) From: 18545K(34944K)->18441K(34944K)
[38.641s][info][gc,heap        ] GC(140) Tenured: 479328K(699072K)->482389K(699072K)
[38.641s][info][gc,metaspace   ] GC(140) Metaspace: 10167K(10368K)->10167K(10368K) NonClass: 9283K(9344K)->9283K(9344K) Class: 883K(1024K)->883K(1024K)
[38.641s][info][gc             ] GC(140) Pause Young (Allocation Failure) 759M->489M(989M) 29.691ms
[38.641s][info][gc,cpu         ] GC(140) User=0.03s Sys=0.00s Real=0.03s
[38.739s][info][gc,start       ] GC(141) Pause Young (Allocation Failure)
[38.771s][info][gc,heap        ] GC(141) DefNew: 298057K(314560K)->18749K(314560K) Eden: 279616K(279616K)->0K(279616K) From: 18441K(34944K)->18749K(34944K)
[38.771s][info][gc,heap        ] GC(141) Tenured: 482389K(699072K)->485297K(699072K)
[38.771s][info][gc,metaspace   ] GC(141) Metaspace: 10167K(10368K)->10167K(10368K) NonClass: 9283K(9344K)->9283K(9344K) Class: 883K(1024K)->883K(1024K)
[38.771s][info][gc             ] GC(141) Pause Young (Allocation Failure) 762M->492M(989M) 31.523ms
[38.771s][info][gc,cpu         ] GC(141) User=0.03s Sys=0.00s Real=0.03s
[38.870s][info][gc,start       ] GC(142) Pause Young (Allocation Failure)
[38.901s][info][gc,heap        ] GC(142) DefNew: 298365K(314560K)->18740K(314560K) Eden: 279616K(279616K)->0K(279616K) From: 18749K(34944K)->18740K(34944K)
[38.901s][info][gc,heap        ] GC(142) Tenured: 485297K(699072K)->488286K(699072K)
[38.901s][info][gc,metaspace   ] GC(142) Metaspace: 10167K(10368K)->10167K(10368K) NonClass: 9283K(9344K)->9283K(9344K) Class: 883K(1024K)->883K(1024K)
[38.901s][info][gc             ] GC(142) Pause Young (Allocation Failure) 765M->495M(989M) 30.407ms
[38.901s][info][gc,cpu         ] GC(142) User=0.03s Sys=0.00s Real=0.02s
[38.998s][info][gc,start       ] GC(143) Pause Young (Allocation Failure)
[39.028s][info][gc,heap        ] GC(143) DefNew: 298356K(314560K)->18688K(314560K) Eden: 279616K(279616K)->0K(279616K) From: 18740K(34944K)->18688K(34944K)
[39.028s][info][gc,heap        ] GC(143) Tenured: 488286K(699072K)->491413K(699072K)
[39.028s][info][gc,metaspace   ] GC(143) Metaspace: 10167K(10368K)->10167K(10368K) NonClass: 9283K(9344K)->9283K(9344K) Class: 883K(1024K)->883K(1024K)
[39.029s][info][gc             ] GC(143) Pause Young (Allocation Failure) 768M->498M(989M) 30.247ms
[39.029s][info][gc,cpu         ] GC(143) User=0.02s Sys=0.02s Real=0.02s
[39.126s][info][gc,start       ] GC(144) Pause Young (Allocation Failure)
[39.157s][info][gc,heap        ] GC(144) DefNew: 298304K(314560K)->18979K(314560K) Eden: 279616K(279616K)->0K(279616K) From: 18688K(34944K)->18979K(34944K)
[39.157s][info][gc,heap        ] GC(144) Tenured: 491413K(699072K)->494351K(699072K)
[39.157s][info][gc,metaspace   ] GC(144) Metaspace: 10167K(10368K)->10167K(10368K) NonClass: 9283K(9344K)->9283K(9344K) Class: 883K(1024K)->883K(1024K)
[39.157s][info][gc             ] GC(144) Pause Young (Allocation Failure) 771M->501M(989M) 30.860ms
[39.157s][info][gc,cpu         ] GC(144) User=0.02s Sys=0.02s Real=0.02s
[39.254s][info][gc,start       ] GC(145) Pause Young (Allocation Failure)
[39.283s][info][gc,heap        ] GC(145) DefNew: 298595K(314560K)->18763K(314560K) Eden: 279616K(279616K)->0K(279616K) From: 18979K(34944K)->18763K(34944K)
[39.283s][info][gc,heap        ] GC(145) Tenured: 494351K(699072K)->497487K(699072K)
[39.283s][info][gc,metaspace   ] GC(145) Metaspace: 10167K(10368K)->10167K(10368K) NonClass: 9283K(9344K)->9283K(9344K) Class: 883K(1024K)->883K(1024K)
[39.283s][info][gc             ] GC(145) Pause Young (Allocation Failure) 774M->504M(989M) 29.825ms
[39.283s][info][gc,cpu         ] GC(145) User=0.03s Sys=0.00s Real=0.02s
[39.380s][info][gc,start       ] GC(146) Pause Young (Allocation Failure)
[39.411s][info][gc,heap        ] GC(146) DefNew: 298379K(314560K)->18967K(314560K) Eden: 279616K(279616K)->0K(279616K) From: 18763K(34944K)->18967K(34944K)
[39.411s][info][gc,heap        ] GC(146) Tenured: 497487K(699072K)->500501K(699072K)
[39.411s][info][gc,metaspace   ] GC(146) Metaspace: 10167K(10368K)->10167K(10368K) NonClass: 9283K(9344K)->9283K(9344K) Class: 883K(1024K)->883K(1024K)
[39.411s][info][gc             ] GC(146) Pause Young (Allocation Failure) 777M->507M(989M) 30.512ms
[39.411s][info][gc,cpu         ] GC(146) User=0.00s Sys=0.00s Real=0.02s
[39.506s][info][gc,start       ] GC(147) Pause Young (Allocation Failure)
[39.537s][info][gc,heap        ] GC(147) DefNew: 298583K(314560K)->19076K(314560K) Eden: 279616K(279616K)->0K(279616K) From: 18967K(34944K)->19076K(34944K)
[39.537s][info][gc,heap        ] GC(147) Tenured: 500501K(699072K)->503548K(699072K)
[39.537s][info][gc,metaspace   ] GC(147) Metaspace: 10167K(10368K)->10167K(10368K) NonClass: 9283K(9344K)->9283K(9344K) Class: 883K(1024K)->883K(1024K)
[39.537s][info][gc             ] GC(147) Pause Young (Allocation Failure) 780M->510M(989M) 31.191ms
[39.537s][info][gc,cpu         ] GC(147) User=0.03s Sys=0.00s Real=0.03s
[39.635s][info][gc,start       ] GC(148) Pause Young (Allocation Failure)
[39.666s][info][gc,heap        ] GC(148) DefNew: 298692K(314560K)->18956K(314560K) Eden: 279616K(279616K)->0K(279616K) From: 19076K(34944K)->18956K(34944K)
[39.666s][info][gc,heap        ] GC(148) Tenured: 503548K(699072K)->506766K(699072K)
[39.666s][info][gc,metaspace   ] GC(148) Metaspace: 10167K(10368K)->10167K(10368K) NonClass: 9283K(9344K)->9283K(9344K) Class: 883K(1024K)->883K(1024K)
[39.666s][info][gc             ] GC(148) Pause Young (Allocation Failure) 783M->513M(989M) 31.186ms
[39.666s][info][gc,cpu         ] GC(148) User=0.03s Sys=0.00s Real=0.03s
[39.768s][info][gc,start       ] GC(149) Pause Young (Allocation Failure)
[39.799s][info][gc,heap        ] GC(149) DefNew: 298572K(314560K)->19149K(314560K) Eden: 279616K(279616K)->0K(279616K) From: 18956K(34944K)->19149K(34944K)
[39.799s][info][gc,heap        ] GC(149) Tenured: 506766K(699072K)->509759K(699072K)
[39.799s][info][gc,metaspace   ] GC(149) Metaspace: 10167K(10368K)->10167K(10368K) NonClass: 9283K(9344K)->9283K(9344K) Class: 883K(1024K)->883K(1024K)
[39.799s][info][gc             ] GC(149) Pause Young (Allocation Failure) 786M->516M(989M) 31.375ms
[39.799s][info][gc,cpu         ] GC(149) User=0.03s Sys=0.00s Real=0.02s
[39.895s][info][gc,start       ] GC(150) Pause Young (Allocation Failure)
[39.925s][info][gc,heap        ] GC(150) DefNew: 298765K(314560K)->18952K(314560K) Eden: 279616K(279616K)->0K(279616K) From: 19149K(34944K)->18952K(34944K)
[39.925s][info][gc,heap        ] GC(150) Tenured: 509759K(699072K)->512885K(699072K)
[39.925s][info][gc,metaspace   ] GC(150) Metaspace: 10167K(10368K)->10167K(10368K) NonClass: 9283K(9344K)->9283K(9344K) Class: 883K(1024K)->883K(1024K)
[39.925s][info][gc             ] GC(150) Pause Young (Allocation Failure) 789M->519M(989M) 30.060ms
[39.925s][info][gc,cpu         ] GC(150) User=0.03s Sys=0.00s Real=0.03s
[40.024s][info][gc,start       ] GC(151) Pause Young (Allocation Failure)
[40.054s][info][gc,heap        ] GC(151) DefNew: 298568K(314560K)->18801K(314560K) Eden: 279616K(279616K)->0K(279616K) From: 18952K(34944K)->18801K(34944K)
[40.054s][info][gc,heap        ] GC(151) Tenured: 512885K(699072K)->515988K(699072K)
[40.054s][info][gc,metaspace   ] GC(151) Metaspace: 10167K(10368K)->10167K(10368K) NonClass: 9283K(9344K)->9283K(9344K) Class: 883K(1024K)->883K(1024K)
[40.054s][info][gc             ] GC(151) Pause Young (Allocation Failure) 792M->522M(989M) 30.191ms
[40.054s][info][gc,cpu         ] GC(151) User=0.03s Sys=0.00s Real=0.02s
[40.148s][info][gc,start       ] GC(152) Pause Young (Allocation Failure)
[40.178s][info][gc,heap        ] GC(152) DefNew: 298417K(314560K)->18789K(314560K) Eden: 279616K(279616K)->0K(279616K) From: 18801K(34944K)->18789K(34944K)
[40.178s][info][gc,heap        ] GC(152) Tenured: 515988K(699072K)->519127K(699072K)
[40.178s][info][gc,metaspace   ] GC(152) Metaspace: 10167K(10368K)->10167K(10368K) NonClass: 9283K(9344K)->9283K(9344K) Class: 883K(1024K)->883K(1024K)
[40.178s][info][gc             ] GC(152) Pause Young (Allocation Failure) 795M->525M(989M) 30.595ms
[40.178s][info][gc,cpu         ] GC(152) User=0.03s Sys=0.00s Real=0.02s
[40.273s][info][gc,start       ] GC(153) Pause Young (Allocation Failure)
[40.303s][info][gc,heap        ] GC(153) DefNew: 298405K(314560K)->18493K(314560K) Eden: 279616K(279616K)->0K(279616K) From: 18789K(34944K)->18493K(34944K)
[40.303s][info][gc,heap        ] GC(153) Tenured: 519127K(699072K)->522279K(699072K)
[40.303s][info][gc,metaspace   ] GC(153) Metaspace: 10167K(10368K)->10167K(10368K) NonClass: 9283K(9344K)->9283K(9344K) Class: 883K(1024K)->883K(1024K)
[40.303s][info][gc             ] GC(153) Pause Young (Allocation Failure) 798M->528M(989M) 29.901ms
[40.303s][info][gc,cpu         ] GC(153) User=0.03s Sys=0.00s Real=0.02s
[40.400s][info][gc,start       ] GC(154) Pause Young (Allocation Failure)
[40.431s][info][gc,heap        ] GC(154) DefNew: 298109K(314560K)->18814K(314560K) Eden: 279616K(279616K)->0K(279616K) From: 18493K(34944K)->18814K(34944K)
[40.431s][info][gc,heap        ] GC(154) Tenured: 522279K(699072K)->525178K(699072K)
[40.431s][info][gc,metaspace   ] GC(154) Metaspace: 10167K(10368K)->10167K(10368K) NonClass: 9283K(9344K)->9283K(9344K) Class: 883K(1024K)->883K(1024K)
[40.431s][info][gc             ] GC(154) Pause Young (Allocation Failure) 801M->531M(989M) 30.441ms
[40.431s][info][gc,cpu         ] GC(154) User=0.03s Sys=0.00s Real=0.03s
[40.527s][info][gc,start       ] GC(155) Pause Young (Allocation Failure)
[40.558s][info][gc,heap        ] GC(155) DefNew: 298430K(314560K)->18783K(314560K) Eden: 279616K(279616K)->0K(279616K) From: 18814K(34944K)->18783K(34944K)
[40.558s][info][gc,heap        ] GC(155) Tenured: 525178K(699072K)->528274K(699072K)
[40.558s][info][gc,metaspace   ] GC(155) Metaspace: 10167K(10368K)->10167K(10368K) NonClass: 9283K(9344K)->9283K(9344K) Class: 883K(1024K)->883K(1024K)
[40.558s][info][gc             ] GC(155) Pause Young (Allocation Failure) 804M->534M(989M) 30.639ms
[40.558s][info][gc,cpu         ] GC(155) User=0.03s Sys=0.00s Real=0.02s
[40.655s][info][gc,start       ] GC(156) Pause Young (Allocation Failure)
[40.685s][info][gc,heap        ] GC(156) DefNew: 298399K(314560K)->18811K(314560K) Eden: 279616K(279616K)->0K(279616K) From: 18783K(34944K)->18811K(34944K)
[40.685s][info][gc,heap        ] GC(156) Tenured: 528274K(699072K)->531365K(699072K)
[40.685s][info][gc,metaspace   ] GC(156) Metaspace: 10167K(10368K)->10167K(10368K) NonClass: 9283K(9344K)->9283K(9344K) Class: 883K(1024K)->883K(1024K)
[40.685s][info][gc             ] GC(156) Pause Young (Allocation Failure) 807M->537M(989M) 30.487ms
[40.685s][info][gc,cpu         ] GC(156) User=0.03s Sys=0.00s Real=0.03s
[40.791s][info][gc,start       ] GC(157) Pause Young (Allocation Failure)
[40.823s][info][gc,heap        ] GC(157) DefNew: 298427K(314560K)->19362K(314560K) Eden: 279616K(279616K)->0K(279616K) From: 18811K(34944K)->19362K(34944K)
[40.823s][info][gc,heap        ] GC(157) Tenured: 531365K(699072K)->534280K(699072K)
[40.823s][info][gc,metaspace   ] GC(157) Metaspace: 10167K(10368K)->10167K(10368K) NonClass: 9283K(9344K)->9283K(9344K) Class: 883K(1024K)->883K(1024K)
[40.823s][info][gc             ] GC(157) Pause Young (Allocation Failure) 810M->540M(989M) 31.766ms
[40.823s][info][gc,cpu         ] GC(157) User=0.02s Sys=0.02s Real=0.03s
[40.918s][info][gc,start       ] GC(158) Pause Young (Allocation Failure)
[40.948s][info][gc,heap        ] GC(158) DefNew: 298978K(314560K)->19032K(314560K) Eden: 279616K(279616K)->0K(279616K) From: 19362K(34944K)->19032K(34944K)
[40.948s][info][gc,heap        ] GC(158) Tenured: 534280K(699072K)->537290K(699072K)
[40.948s][info][gc,metaspace   ] GC(158) Metaspace: 10167K(10368K)->10167K(10368K) NonClass: 9283K(9344K)->9283K(9344K) Class: 883K(1024K)->883K(1024K)
[40.948s][info][gc             ] GC(158) Pause Young (Allocation Failure) 813M->543M(989M) 30.069ms
[40.948s][info][gc,cpu         ] GC(158) User=0.03s Sys=0.00s Real=0.03s
[41.044s][info][gc,start       ] GC(159) Pause Young (Allocation Failure)
[41.075s][info][gc,heap        ] GC(159) DefNew: 298648K(314560K)->18935K(314560K) Eden: 279616K(279616K)->0K(279616K) From: 19032K(34944K)->18935K(34944K)
[41.075s][info][gc,heap        ] GC(159) Tenured: 537290K(699072K)->540482K(699072K)
[41.075s][info][gc,metaspace   ] GC(159) Metaspace: 10167K(10368K)->10167K(10368K) NonClass: 9283K(9344K)->9283K(9344K) Class: 883K(1024K)->883K(1024K)
[41.075s][info][gc             ] GC(159) Pause Young (Allocation Failure) 816M->546M(989M) 30.665ms
[41.075s][info][gc,cpu         ] GC(159) User=0.03s Sys=0.00s Real=0.02s
[41.170s][info][gc,start       ] GC(160) Pause Young (Allocation Failure)
[41.200s][info][gc,heap        ] GC(160) DefNew: 298551K(314560K)->18914K(314560K) Eden: 279616K(279616K)->0K(279616K) From: 18935K(34944K)->18914K(34944K)
[41.200s][info][gc,heap        ] GC(160) Tenured: 540482K(699072K)->543519K(699072K)
[41.200s][info][gc,metaspace   ] GC(160) Metaspace: 10167K(10368K)->10167K(10368K) NonClass: 9283K(9344K)->9283K(9344K) Class: 883K(1024K)->883K(1024K)
[41.200s][info][gc             ] GC(160) Pause Young (Allocation Failure) 819M->549M(989M) 29.947ms
[41.200s][info][gc,cpu         ] GC(160) User=0.03s Sys=0.00s Real=0.02s
[41.297s][info][gc,start       ] GC(161) Pause Young (Allocation Failure)
[41.327s][info][gc,heap        ] GC(161) DefNew: 298530K(314560K)->18983K(314560K) Eden: 279616K(279616K)->0K(279616K) From: 18914K(34944K)->18983K(34944K)
[41.327s][info][gc,heap        ] GC(161) Tenured: 543519K(699072K)->546668K(699072K)
[41.327s][info][gc,metaspace   ] GC(161) Metaspace: 10167K(10368K)->10167K(10368K) NonClass: 9283K(9344K)->9283K(9344K) Class: 883K(1024K)->883K(1024K)
[41.327s][info][gc             ] GC(161) Pause Young (Allocation Failure) 822M->552M(989M) 30.621ms
[41.327s][info][gc,cpu         ] GC(161) User=0.02s Sys=0.02s Real=0.03s
[41.426s][info][gc,start       ] GC(162) Pause Young (Allocation Failure)
[41.456s][info][gc,heap        ] GC(162) DefNew: 298599K(314560K)->18918K(314560K) Eden: 279616K(279616K)->0K(279616K) From: 18983K(34944K)->18918K(34944K)
[41.456s][info][gc,heap        ] GC(162) Tenured: 546668K(699072K)->549768K(699072K)
[41.456s][info][gc,metaspace   ] GC(162) Metaspace: 10167K(10368K)->10167K(10368K) NonClass: 9283K(9344K)->9283K(9344K) Class: 883K(1024K)->883K(1024K)
[41.457s][info][gc             ] GC(162) Pause Young (Allocation Failure) 825M->555M(989M) 30.614ms
[41.457s][info][gc,cpu         ] GC(162) User=0.03s Sys=0.00s Real=0.03s
[41.554s][info][gc,start       ] GC(163) Pause Young (Allocation Failure)
[41.584s][info][gc,heap        ] GC(163) DefNew: 298534K(314560K)->18820K(314560K) Eden: 279616K(279616K)->0K(279616K) From: 18918K(34944K)->18820K(34944K)
[41.584s][info][gc,heap        ] GC(163) Tenured: 549768K(699072K)->552874K(699072K)
[41.584s][info][gc,metaspace   ] GC(163) Metaspace: 10167K(10368K)->10167K(10368K) NonClass: 9283K(9344K)->9283K(9344K) Class: 883K(1024K)->883K(1024K)
[41.584s][info][gc             ] GC(163) Pause Young (Allocation Failure) 828M->558M(989M) 30.191ms
[41.584s][info][gc,cpu         ] GC(163) User=0.03s Sys=0.00s Real=0.02s
[41.682s][info][gc,start       ] GC(164) Pause Young (Allocation Failure)
[41.712s][info][gc,heap        ] GC(164) DefNew: 298436K(314560K)->18864K(314560K) Eden: 279616K(279616K)->0K(279616K) From: 18820K(34944K)->18864K(34944K)
[41.712s][info][gc,heap        ] GC(164) Tenured: 552874K(699072K)->555915K(699072K)
[41.712s][info][gc,metaspace   ] GC(164) Metaspace: 10167K(10368K)->10167K(10368K) NonClass: 9283K(9344K)->9283K(9344K) Class: 883K(1024K)->883K(1024K)
[41.712s][info][gc             ] GC(164) Pause Young (Allocation Failure) 831M->561M(989M) 30.107ms
[41.712s][info][gc,cpu         ] GC(164) User=0.03s Sys=0.00s Real=0.03s
[41.816s][info][gc,start       ] GC(165) Pause Young (Allocation Failure)
[41.846s][info][gc,heap        ] GC(165) DefNew: 298480K(314560K)->18915K(314560K) Eden: 279616K(279616K)->0K(279616K) From: 18864K(34944K)->18915K(34944K)
[41.846s][info][gc,heap        ] GC(165) Tenured: 555915K(699072K)->558892K(699072K)
[41.846s][info][gc,metaspace   ] GC(165) Metaspace: 10167K(10368K)->10167K(10368K) NonClass: 9283K(9344K)->9283K(9344K) Class: 883K(1024K)->883K(1024K)
[41.846s][info][gc             ] GC(165) Pause Young (Allocation Failure) 834M->564M(989M) 29.829ms
[41.846s][info][gc,cpu         ] GC(165) User=0.03s Sys=0.00s Real=0.02s
[41.940s][info][gc,start       ] GC(166) Pause Young (Allocation Failure)
[41.971s][info][gc,heap        ] GC(166) DefNew: 298531K(314560K)->18744K(314560K) Eden: 279616K(279616K)->0K(279616K) From: 18915K(34944K)->18744K(34944K)
[41.971s][info][gc,heap        ] GC(166) Tenured: 558892K(699072K)->562097K(699072K)
[41.971s][info][gc,metaspace   ] GC(166) Metaspace: 10167K(10368K)->10167K(10368K) NonClass: 9283K(9344K)->9283K(9344K) Class: 883K(1024K)->883K(1024K)
[41.971s][info][gc             ] GC(166) Pause Young (Allocation Failure) 837M->567M(989M) 31.240ms
[41.971s][info][gc,cpu         ] GC(166) User=0.03s Sys=0.00s Real=0.03s
[42.066s][info][gc,start       ] GC(167) Pause Young (Allocation Failure)
[42.097s][info][gc,heap        ] GC(167) DefNew: 298360K(314560K)->18824K(314560K) Eden: 279616K(279616K)->0K(279616K) From: 18744K(34944K)->18824K(34944K)
[42.097s][info][gc,heap        ] GC(167) Tenured: 562097K(699072K)->565118K(699072K)
[42.097s][info][gc,metaspace   ] GC(167) Metaspace: 10167K(10368K)->10167K(10368K) NonClass: 9283K(9344K)->9283K(9344K) Class: 883K(1024K)->883K(1024K)
[42.097s][info][gc             ] GC(167) Pause Young (Allocation Failure) 840M->570M(989M) 30.447ms
[42.097s][info][gc,cpu         ] GC(167) User=0.03s Sys=0.00s Real=0.03s
[42.191s][info][gc,start       ] GC(168) Pause Young (Allocation Failure)
[42.221s][info][gc,heap        ] GC(168) DefNew: 298440K(314560K)->18673K(314560K) Eden: 279616K(279616K)->0K(279616K) From: 18824K(34944K)->18673K(34944K)
[42.221s][info][gc,heap        ] GC(168) Tenured: 565118K(699072K)->568240K(699072K)
[42.221s][info][gc,metaspace   ] GC(168) Metaspace: 10167K(10368K)->10167K(10368K) NonClass: 9283K(9344K)->9283K(9344K) Class: 883K(1024K)->883K(1024K)
[42.221s][info][gc             ] GC(168) Pause Young (Allocation Failure) 843M->573M(989M) 30.102ms
[42.221s][info][gc,cpu         ] GC(168) User=0.03s Sys=0.00s Real=0.03s
[42.316s][info][gc,start       ] GC(169) Pause Young (Allocation Failure)
[42.346s][info][gc,heap        ] GC(169) DefNew: 298289K(314560K)->18595K(314560K) Eden: 279616K(279616K)->0K(279616K) From: 18673K(34944K)->18595K(34944K)
[42.346s][info][gc,heap        ] GC(169) Tenured: 568240K(699072K)->571291K(699072K)
[42.346s][info][gc,metaspace   ] GC(169) Metaspace: 10167K(10368K)->10167K(10368K) NonClass: 9283K(9344K)->9283K(9344K) Class: 883K(1024K)->883K(1024K)
[42.346s][info][gc             ] GC(169) Pause Young (Allocation Failure) 846M->576M(989M) 29.773ms
[42.346s][info][gc,cpu         ] GC(169) User=0.03s Sys=0.00s Real=0.02s
[42.441s][info][gc,start       ] GC(170) Pause Young (Allocation Failure)
[42.470s][info][gc,heap        ] GC(170) DefNew: 298211K(314560K)->18271K(314560K) Eden: 279616K(279616K)->0K(279616K) From: 18595K(34944K)->18271K(34944K)
[42.470s][info][gc,heap        ] GC(170) Tenured: 571291K(699072K)->574377K(699072K)
[42.470s][info][gc,metaspace   ] GC(170) Metaspace: 10167K(10368K)->10167K(10368K) NonClass: 9283K(9344K)->9283K(9344K) Class: 883K(1024K)->883K(1024K)
[42.470s][info][gc             ] GC(170) Pause Young (Allocation Failure) 849M->578M(989M) 28.971ms
[42.470s][info][gc,cpu         ] GC(170) User=0.03s Sys=0.00s Real=0.02s
[42.567s][info][gc,start       ] GC(171) Pause Young (Allocation Failure)
[42.597s][info][gc,heap        ] GC(171) DefNew: 297887K(314560K)->18353K(314560K) Eden: 279616K(279616K)->0K(279616K) From: 18271K(34944K)->18353K(34944K)
[42.597s][info][gc,heap        ] GC(171) Tenured: 574377K(699072K)->577450K(699072K)
[42.597s][info][gc,metaspace   ] GC(171) Metaspace: 10167K(10368K)->10167K(10368K) NonClass: 9283K(9344K)->9283K(9344K) Class: 883K(1024K)->883K(1024K)
[42.597s][info][gc             ] GC(171) Pause Young (Allocation Failure) 851M->581M(989M) 29.589ms
[42.597s][info][gc,cpu         ] GC(171) User=0.02s Sys=0.00s Real=0.02s
[42.693s][info][gc,start       ] GC(172) Pause Young (Allocation Failure)
[42.723s][info][gc,heap        ] GC(172) DefNew: 297969K(314560K)->18585K(314560K) Eden: 279616K(279616K)->0K(279616K) From: 18353K(34944K)->18585K(34944K)
[42.723s][info][gc,heap        ] GC(172) Tenured: 577450K(699072K)->580452K(699072K)
[42.723s][info][gc,metaspace   ] GC(172) Metaspace: 10167K(10368K)->10167K(10368K) NonClass: 9283K(9344K)->9283K(9344K) Class: 883K(1024K)->883K(1024K)
[42.723s][info][gc             ] GC(172) Pause Young (Allocation Failure) 854M->584M(989M) 29.962ms
[42.723s][info][gc,cpu         ] GC(172) User=0.02s Sys=0.00s Real=0.03s
[42.828s][info][gc,start       ] GC(173) Pause Young (Allocation Failure)
[42.858s][info][gc,heap        ] GC(173) DefNew: 298201K(314560K)->18530K(314560K) Eden: 279616K(279616K)->0K(279616K) From: 18585K(34944K)->18530K(34944K)
[42.858s][info][gc,heap        ] GC(173) Tenured: 580452K(699072K)->583420K(699072K)
[42.858s][info][gc,metaspace   ] GC(173) Metaspace: 10167K(10368K)->10167K(10368K) NonClass: 9283K(9344K)->9283K(9344K) Class: 883K(1024K)->883K(1024K)
[42.858s][info][gc             ] GC(173) Pause Young (Allocation Failure) 858M->587M(989M) 29.690ms
[42.858s][info][gc,cpu         ] GC(173) User=0.03s Sys=0.00s Real=0.03s
[42.954s][info][gc,start       ] GC(174) Pause Young (Allocation Failure)
[42.985s][info][gc,heap        ] GC(174) DefNew: 298146K(314560K)->19030K(314560K) Eden: 279616K(279616K)->0K(279616K) From: 18530K(34944K)->19030K(34944K)
[42.985s][info][gc,heap        ] GC(174) Tenured: 583420K(699072K)->586303K(699072K)
[42.985s][info][gc,metaspace   ] GC(174) Metaspace: 10167K(10368K)->10167K(10368K) NonClass: 9283K(9344K)->9283K(9344K) Class: 883K(1024K)->883K(1024K)
[42.985s][info][gc             ] GC(174) Pause Young (Allocation Failure) 860M->591M(989M) 30.882ms
[42.985s][info][gc,cpu         ] GC(174) User=0.03s Sys=0.00s Real=0.03s
[43.082s][info][gc,start       ] GC(175) Pause Young (Allocation Failure)
[43.113s][info][gc,heap        ] GC(175) DefNew: 298646K(314560K)->19101K(314560K) Eden: 279616K(279616K)->0K(279616K) From: 19030K(34944K)->19101K(34944K)
[43.113s][info][gc,heap        ] GC(175) Tenured: 586303K(699072K)->589420K(699072K)
[43.113s][info][gc,metaspace   ] GC(175) Metaspace: 10167K(10368K)->10167K(10368K) NonClass: 9283K(9344K)->9283K(9344K) Class: 883K(1024K)->883K(1024K)
[43.113s][info][gc             ] GC(175) Pause Young (Allocation Failure) 864M->594M(989M) 30.826ms
[43.113s][info][gc,cpu         ] GC(175) User=0.03s Sys=0.00s Real=0.03s
[43.211s][info][gc,start       ] GC(176) Pause Young (Allocation Failure)
[43.242s][info][gc,heap        ] GC(176) DefNew: 298717K(314560K)->19305K(314560K) Eden: 279616K(279616K)->0K(279616K) From: 19101K(34944K)->19305K(34944K)
[43.242s][info][gc,heap        ] GC(176) Tenured: 589420K(699072K)->592410K(699072K)
[43.242s][info][gc,metaspace   ] GC(176) Metaspace: 10167K(10368K)->10167K(10368K) NonClass: 9283K(9344K)->9283K(9344K) Class: 883K(1024K)->883K(1024K)
[43.242s][info][gc             ] GC(176) Pause Young (Allocation Failure) 867M->597M(989M) 30.912ms
[43.242s][info][gc,cpu         ] GC(176) User=0.03s Sys=0.00s Real=0.03s
[43.340s][info][gc,start       ] GC(177) Pause Young (Allocation Failure)
[43.371s][info][gc,heap        ] GC(177) DefNew: 298921K(314560K)->19422K(314560K) Eden: 279616K(279616K)->0K(279616K) From: 19305K(34944K)->19422K(34944K)
[43.371s][info][gc,heap        ] GC(177) Tenured: 592410K(699072K)->595498K(699072K)
[43.371s][info][gc,metaspace   ] GC(177) Metaspace: 10167K(10368K)->10167K(10368K) NonClass: 9283K(9344K)->9283K(9344K) Class: 883K(1024K)->883K(1024K)
[43.371s][info][gc             ] GC(177) Pause Young (Allocation Failure) 870M->600M(989M) 30.970ms
[43.371s][info][gc,cpu         ] GC(177) User=0.03s Sys=0.00s Real=0.03s
[43.468s][info][gc,start       ] GC(178) Pause Young (Allocation Failure)
[43.499s][info][gc,heap        ] GC(178) DefNew: 299038K(314560K)->19456K(314560K) Eden: 279616K(279616K)->0K(279616K) From: 19422K(34944K)->19456K(34944K)
[43.499s][info][gc,heap        ] GC(178) Tenured: 595498K(699072K)->598629K(699072K)
[43.499s][info][gc,metaspace   ] GC(178) Metaspace: 10167K(10368K)->10167K(10368K) NonClass: 9283K(9344K)->9283K(9344K) Class: 883K(1024K)->883K(1024K)
[43.499s][info][gc             ] GC(178) Pause Young (Allocation Failure) 873M->603M(989M) 30.882ms
[43.499s][info][gc,cpu         ] GC(178) User=0.03s Sys=0.00s Real=0.02s
[43.598s][info][gc,start       ] GC(179) Pause Young (Allocation Failure)
[43.628s][info][gc,heap        ] GC(179) DefNew: 299072K(314560K)->19311K(314560K) Eden: 279616K(279616K)->0K(279616K) From: 19456K(34944K)->19311K(34944K)
[43.628s][info][gc,heap        ] GC(179) Tenured: 598629K(699072K)->601791K(699072K)
[43.628s][info][gc,metaspace   ] GC(179) Metaspace: 10167K(10368K)->10167K(10368K) NonClass: 9283K(9344K)->9283K(9344K) Class: 883K(1024K)->883K(1024K)
[43.628s][info][gc             ] GC(179) Pause Young (Allocation Failure) 876M->606M(989M) 30.771ms
[43.628s][info][gc,cpu         ] GC(179) User=0.03s Sys=0.00s Real=0.03s
[43.738s][info][gc,start       ] GC(180) Pause Young (Allocation Failure)
[43.773s][info][gc,heap        ] GC(180) DefNew: 298927K(314560K)->19514K(314560K) Eden: 279616K(279616K)->0K(279616K) From: 19311K(34944K)->19514K(34944K)
[43.773s][info][gc,heap        ] GC(180) Tenured: 601791K(699072K)->604908K(699072K)
[43.773s][info][gc,metaspace   ] GC(180) Metaspace: 10167K(10368K)->10167K(10368K) NonClass: 9283K(9344K)->9283K(9344K) Class: 883K(1024K)->883K(1024K)
[43.773s][info][gc             ] GC(180) Pause Young (Allocation Failure) 879M->609M(989M) 35.141ms
[43.773s][info][gc,cpu         ] GC(180) User=0.09s Sys=0.00s Real=0.03s
[43.884s][info][gc,start       ] GC(181) Pause Young (Allocation Failure)
[43.916s][info][gc,heap        ] GC(181) DefNew: 299130K(314560K)->19632K(314560K) Eden: 279616K(279616K)->0K(279616K) From: 19514K(34944K)->19632K(34944K)
[43.916s][info][gc,heap        ] GC(181) Tenured: 604908K(699072K)->608181K(699072K)
[43.916s][info][gc,metaspace   ] GC(181) Metaspace: 10167K(10368K)->10167K(10368K) NonClass: 9283K(9344K)->9283K(9344K) Class: 883K(1024K)->883K(1024K)
[43.916s][info][gc             ] GC(181) Pause Young (Allocation Failure) 882M->613M(989M) 32.114ms
[43.916s][info][gc,cpu         ] GC(181) User=0.03s Sys=0.00s Real=0.03s
[44.012s][info][gc,start       ] GC(182) Pause Young (Allocation Failure)
[44.043s][info][gc,heap        ] GC(182) DefNew: 299248K(314560K)->19397K(314560K) Eden: 279616K(279616K)->0K(279616K) From: 19632K(34944K)->19397K(34944K)
[44.043s][info][gc,heap        ] GC(182) Tenured: 608181K(699072K)->611328K(699072K)
[44.043s][info][gc,metaspace   ] GC(182) Metaspace: 10167K(10368K)->10167K(10368K) NonClass: 9283K(9344K)->9283K(9344K) Class: 883K(1024K)->883K(1024K)
[44.043s][info][gc             ] GC(182) Pause Young (Allocation Failure) 886M->615M(989M) 30.928ms
[44.043s][info][gc,cpu         ] GC(182) User=0.02s Sys=0.02s Real=0.03s
[44.141s][info][gc,start       ] GC(183) Pause Young (Allocation Failure)
[44.172s][info][gc,heap        ] GC(183) DefNew: 299013K(314560K)->19419K(314560K) Eden: 279616K(279616K)->0K(279616K) From: 19397K(34944K)->19419K(34944K)
[44.172s][info][gc,heap        ] GC(183) Tenured: 611328K(699072K)->614494K(699072K)
[44.172s][info][gc,metaspace   ] GC(183) Metaspace: 10167K(10368K)->10167K(10368K) NonClass: 9283K(9344K)->9283K(9344K) Class: 883K(1024K)->883K(1024K)
[44.172s][info][gc             ] GC(183) Pause Young (Allocation Failure) 889M->619M(989M) 31.018ms
[44.172s][info][gc,cpu         ] GC(183) User=0.03s Sys=0.00s Real=0.03s
[44.277s][info][gc,start       ] GC(184) Pause Young (Allocation Failure)
[44.308s][info][gc,heap        ] GC(184) DefNew: 299035K(314560K)->19625K(314560K) Eden: 279616K(279616K)->0K(279616K) From: 19419K(34944K)->19625K(34944K)
[44.308s][info][gc,heap        ] GC(184) Tenured: 614494K(699072K)->617629K(699072K)
[44.308s][info][gc,metaspace   ] GC(184) Metaspace: 10167K(10368K)->10167K(10368K) NonClass: 9283K(9344K)->9283K(9344K) Class: 883K(1024K)->883K(1024K)
[44.308s][info][gc             ] GC(184) Pause Young (Allocation Failure) 892M->622M(989M) 31.793ms
[44.308s][info][gc,cpu         ] GC(184) User=0.03s Sys=0.00s Real=0.03s
[44.406s][info][gc,start       ] GC(185) Pause Young (Allocation Failure)
[44.437s][info][gc,heap        ] GC(185) DefNew: 299241K(314560K)->19231K(314560K) Eden: 279616K(279616K)->0K(279616K) From: 19625K(34944K)->19231K(34944K)
[44.437s][info][gc,heap        ] GC(185) Tenured: 617629K(699072K)->620902K(699072K)
[44.437s][info][gc,metaspace   ] GC(185) Metaspace: 10167K(10368K)->10167K(10368K) NonClass: 9283K(9344K)->9283K(9344K) Class: 883K(1024K)->883K(1024K)
[44.437s][info][gc             ] GC(185) Pause Young (Allocation Failure) 895M->625M(989M) 30.858ms
[44.437s][info][gc,cpu         ] GC(185) User=0.03s Sys=0.00s Real=0.03s
[44.535s][info][gc,start       ] GC(186) Pause Young (Allocation Failure)
[44.565s][info][gc,heap        ] GC(186) DefNew: 298847K(314560K)->19301K(314560K) Eden: 279616K(279616K)->0K(279616K) From: 19231K(34944K)->19301K(34944K)
[44.565s][info][gc,heap        ] GC(186) Tenured: 620902K(699072K)->623961K(699072K)
[44.565s][info][gc,metaspace   ] GC(186) Metaspace: 10167K(10368K)->10167K(10368K) NonClass: 9283K(9344K)->9283K(9344K) Class: 883K(1024K)->883K(1024K)
[44.565s][info][gc             ] GC(186) Pause Young (Allocation Failure) 898M->628M(989M) 30.714ms
[44.565s][info][gc,cpu         ] GC(186) User=0.03s Sys=0.00s Real=0.03s
[44.662s][info][gc,start       ] GC(187) Pause Young (Allocation Failure)
[44.693s][info][gc,heap        ] GC(187) DefNew: 298917K(314560K)->19206K(314560K) Eden: 279616K(279616K)->0K(279616K) From: 19301K(34944K)->19206K(34944K)
[44.693s][info][gc,heap        ] GC(187) Tenured: 623961K(699072K)->627194K(699072K)
[44.693s][info][gc,metaspace   ] GC(187) Metaspace: 10167K(10368K)->10167K(10368K) NonClass: 9283K(9344K)->9283K(9344K) Class: 883K(1024K)->883K(1024K)
[44.693s][info][gc             ] GC(187) Pause Young (Allocation Failure) 901M->631M(989M) 30.927ms
[44.693s][info][gc,cpu         ] GC(187) User=0.02s Sys=0.00s Real=0.03s
[44.795s][info][gc,start       ] GC(188) Pause Young (Allocation Failure)
[44.826s][info][gc,heap        ] GC(188) DefNew: 298822K(314560K)->19293K(314560K) Eden: 279616K(279616K)->0K(279616K) From: 19206K(34944K)->19293K(34944K)
[44.826s][info][gc,heap        ] GC(188) Tenured: 627194K(699072K)->630307K(699072K)
[44.826s][info][gc,metaspace   ] GC(188) Metaspace: 10167K(10368K)->10167K(10368K) NonClass: 9283K(9344K)->9283K(9344K) Class: 883K(1024K)->883K(1024K)
[44.827s][info][gc             ] GC(188) Pause Young (Allocation Failure) 904M->634M(989M) 31.711ms
[44.827s][info][gc,cpu         ] GC(188) User=0.03s Sys=0.00s Real=0.02s
[44.925s][info][gc,start       ] GC(189) Pause Young (Allocation Failure)
[44.955s][info][gc,heap        ] GC(189) DefNew: 298909K(314560K)->19175K(314560K) Eden: 279616K(279616K)->0K(279616K) From: 19293K(34944K)->19175K(34944K)
[44.956s][info][gc,heap        ] GC(189) Tenured: 630307K(699072K)->633461K(699072K)
[44.956s][info][gc,metaspace   ] GC(189) Metaspace: 10167K(10368K)->10167K(10368K) NonClass: 9283K(9344K)->9283K(9344K) Class: 883K(1024K)->883K(1024K)
[44.956s][info][gc             ] GC(189) Pause Young (Allocation Failure) 907M->637M(989M) 30.524ms
[44.956s][info][gc,cpu         ] GC(189) User=0.03s Sys=0.00s Real=0.03s
[45.053s][info][gc,start       ] GC(190) Pause Young (Allocation Failure)
[45.084s][info][gc,heap        ] GC(190) DefNew: 298791K(314560K)->19179K(314560K) Eden: 279616K(279616K)->0K(279616K) From: 19175K(34944K)->19179K(34944K)
[45.084s][info][gc,heap        ] GC(190) Tenured: 633461K(699072K)->636591K(699072K)
[45.084s][info][gc,metaspace   ] GC(190) Metaspace: 10167K(10368K)->10167K(10368K) NonClass: 9283K(9344K)->9283K(9344K) Class: 883K(1024K)->883K(1024K)
[45.084s][info][gc             ] GC(190) Pause Young (Allocation Failure) 910M->640M(989M) 30.679ms
[45.084s][info][gc,cpu         ] GC(190) User=0.02s Sys=0.00s Real=0.03s
[45.181s][info][gc,start       ] GC(191) Pause Young (Allocation Failure)
[45.211s][info][gc,heap        ] GC(191) DefNew: 298795K(314560K)->19202K(314560K) Eden: 279616K(279616K)->0K(279616K) From: 19179K(34944K)->19202K(34944K)
[45.211s][info][gc,heap        ] GC(191) Tenured: 636591K(699072K)->639704K(699072K)
[45.211s][info][gc,metaspace   ] GC(191) Metaspace: 10167K(10368K)->10167K(10368K) NonClass: 9283K(9344K)->9283K(9344K) Class: 883K(1024K)->883K(1024K)
[45.211s][info][gc             ] GC(191) Pause Young (Allocation Failure) 913M->643M(989M) 30.556ms
[45.211s][info][gc,cpu         ] GC(191) User=0.03s Sys=0.00s Real=0.03s
[45.308s][info][gc,start       ] GC(192) Pause Young (Allocation Failure)
[45.339s][info][gc,heap        ] GC(192) DefNew: 298818K(314560K)->19240K(314560K) Eden: 279616K(279616K)->0K(279616K) From: 19202K(34944K)->19240K(34944K)
[45.339s][info][gc,heap        ] GC(192) Tenured: 639704K(699072K)->642861K(699072K)
[45.339s][info][gc,metaspace   ] GC(192) Metaspace: 10167K(10368K)->10167K(10368K) NonClass: 9283K(9344K)->9283K(9344K) Class: 883K(1024K)->883K(1024K)
[45.339s][info][gc             ] GC(192) Pause Young (Allocation Failure) 916M->646M(989M) 31.105ms
[45.339s][info][gc,cpu         ] GC(192) User=0.03s Sys=0.00s Real=0.02s
[45.436s][info][gc,start       ] GC(193) Pause Young (Allocation Failure)
[45.467s][info][gc,heap        ] GC(193) DefNew: 298856K(314560K)->19320K(314560K) Eden: 279616K(279616K)->0K(279616K) From: 19240K(34944K)->19320K(34944K)
[45.467s][info][gc,heap        ] GC(193) Tenured: 642861K(699072K)->645934K(699072K)
[45.467s][info][gc,metaspace   ] GC(193) Metaspace: 10167K(10368K)->10167K(10368K) NonClass: 9283K(9344K)->9283K(9344K) Class: 883K(1024K)->883K(1024K)
[45.467s][info][gc             ] GC(193) Pause Young (Allocation Failure) 919M->649M(989M) 30.545ms
[45.467s][info][gc,cpu         ] GC(193) User=0.03s Sys=0.00s Real=0.02s
[45.565s][info][gc,start       ] GC(194) Pause Young (Allocation Failure)
[45.596s][info][gc,heap        ] GC(194) DefNew: 298936K(314560K)->19445K(314560K) Eden: 279616K(279616K)->0K(279616K) From: 19320K(34944K)->19445K(34944K)
[45.596s][info][gc,heap        ] GC(194) Tenured: 645934K(699072K)->649030K(699072K)
[45.596s][info][gc,metaspace   ] GC(194) Metaspace: 10167K(10368K)->10167K(10368K) NonClass: 9283K(9344K)->9283K(9344K) Class: 883K(1024K)->883K(1024K)
[45.596s][info][gc             ] GC(194) Pause Young (Allocation Failure) 922M->652M(989M) 30.943ms
[45.596s][info][gc,cpu         ] GC(194) User=0.03s Sys=0.00s Real=0.02s
[45.826s][info][gc,start       ] GC(195) Pause Young (Allocation Failure)
[45.875s][info][gc,heap        ] GC(195) DefNew: 299061K(314560K)->29991K(314560K) Eden: 279616K(279616K)->0K(279616K) From: 19445K(34944K)->29991K(34944K)
[45.875s][info][gc,heap        ] GC(195) Tenured: 649030K(699072K)->652228K(699072K)
[45.875s][info][gc,metaspace   ] GC(195) Metaspace: 10185K(10432K)->10185K(10432K) NonClass: 9301K(9408K)->9301K(9408K) Class: 883K(1024K)->883K(1024K)
[45.875s][info][gc             ] GC(195) Pause Young (Allocation Failure) 925M->666M(989M) 48.767ms
[45.875s][info][gc,cpu         ] GC(195) User=0.05s Sys=0.00s Real=0.05s
[46.334s][info][gc,start       ] GC(196) Pause Young (Allocation Failure)
[46.448s][info][gc,heap        ] GC(196) DefNew: 309607K(314560K)->34944K(314560K) Eden: 279616K(279616K)->0K(279616K) From: 29991K(34944K)->34944K(34944K)
[46.448s][info][gc,heap        ] GC(196) Tenured: 652228K(699072K)->679845K(699072K)
[46.448s][info][gc,metaspace   ] GC(196) Metaspace: 10185K(10432K)->10185K(10432K) NonClass: 9301K(9408K)->9301K(9408K) Class: 883K(1024K)->883K(1024K)
[46.448s][info][gc             ] GC(196) Pause Young (Allocation Failure) 939M->698M(989M) 113.370ms
[46.448s][info][gc,cpu         ] GC(196) User=0.11s Sys=0.00s Real=0.11s
[47.038s][info][gc,start       ] GC(197) Pause Young (Allocation Failure)
[47.214s][info][gc,promotion   ] GC(197) Promotion failed
[47.214s][info][gc             ] GC(197) Pause Young (Allocation Failure) 971M->989M(989M) 175.831ms
[47.214s][info][gc,cpu         ] GC(197) User=0.17s Sys=0.00s Real=0.17s
[47.214s][info][gc,start       ] GC(198) Pause Full (Allocation Failure)
[47.214s][info][gc,phases,start] GC(198) Phase 1: Mark live objects
[47.649s][info][gc,phases      ] GC(198) Phase 1: Mark live objects 434.898ms
[47.649s][info][gc,phases,start] GC(198) Phase 2: Compute new object addresses
[47.828s][info][gc,phases      ] GC(198) Phase 2: Compute new object addresses 178.582ms
[47.828s][info][gc,phases,start] GC(198) Phase 3: Adjust pointers
[48.086s][info][gc,phases      ] GC(198) Phase 3: Adjust pointers 258.402ms
[48.086s][info][gc,phases,start] GC(198) Phase 4: Move objects
[48.145s][info][gc,phases      ] GC(198) Phase 4: Move objects 58.782ms
[48.145s][info][gc,heap        ] GC(198) DefNew: 314560K(314560K)->0K(314560K) Eden: 279616K(279616K)->0K(279616K) From: 34944K(34944K)->0K(34944K)
[48.145s][info][gc,heap        ] GC(198) Tenured: 679845K(699072K)->650638K(699072K)
[48.145s][info][gc,metaspace   ] GC(198) Metaspace: 10185K(10432K)->10185K(10432K) NonClass: 9301K(9408K)->9301K(9408K) Class: 883K(1024K)->883K(1024K)
[48.145s][info][gc             ] GC(198) Pause Full (Allocation Failure) 989M->635M(989M) 931.142ms
[48.145s][info][gc,cpu         ] GC(198) User=0.91s Sys=0.00s Real=0.93s
[48.496s][info][gc,start       ] GC(199) Pause Young (Allocation Failure)
[48.585s][info][gc,heap        ] GC(199) DefNew: 279616K(314560K)->34710K(314560K) Eden: 279616K(279616K)->0K(279616K) From: 0K(34944K)->34710K(34944K)
[48.585s][info][gc,heap        ] GC(199) Tenured: 650638K(699072K)->650638K(699072K)
[48.585s][info][gc,metaspace   ] GC(199) Metaspace: 10185K(10432K)->10185K(10432K) NonClass: 9301K(9408K)->9301K(9408K) Class: 883K(1024K)->883K(1024K)
[48.585s][info][gc             ] GC(199) Pause Young (Allocation Failure) 908M->669M(989M) 88.835ms
[48.585s][info][gc,cpu         ] GC(199) User=0.09s Sys=0.00s Real=0.10s
[48.929s][info][gc,start       ] GC(200) Pause Young (Allocation Failure)
[49.045s][info][gc,heap        ] GC(200) DefNew: 314326K(314560K)->34218K(314560K) Eden: 279616K(279616K)->0K(279616K) From: 34710K(34944K)->34218K(34944K)
[49.045s][info][gc,heap        ] GC(200) Tenured: 650638K(699072K)->683992K(699072K)
[49.045s][info][gc,metaspace   ] GC(200) Metaspace: 10185K(10432K)->10185K(10432K) NonClass: 9301K(9408K)->9301K(9408K) Class: 883K(1024K)->883K(1024K)
[49.045s][info][gc             ] GC(200) Pause Young (Allocation Failure) 942M->701M(989M) 115.578ms
[49.045s][info][gc,cpu         ] GC(200) User=0.11s Sys=0.00s Real=0.12s
[49.363s][info][gc,start       ] GC(201) Pause Young (Allocation Failure)
[49.363s][info][gc             ] GC(201) Pause Young (Allocation Failure) 974M->974M(989M) 0.149ms
[49.363s][info][gc,cpu         ] GC(201) User=0.00s Sys=0.00s Real=0.00s
[49.363s][info][gc,start       ] GC(202) Pause Full (Allocation Failure)
[49.363s][info][gc,phases,start] GC(202) Phase 1: Mark live objects
[49.887s][info][gc,phases      ] GC(202) Phase 1: Mark live objects 523.486ms
[49.887s][info][gc,phases,start] GC(202) Phase 2: Compute new object addresses
[50.068s][info][gc,phases      ] GC(202) Phase 2: Compute new object addresses 181.554ms
[50.068s][info][gc,phases,start] GC(202) Phase 3: Adjust pointers
[50.360s][info][gc,phases      ] GC(202) Phase 3: Adjust pointers 291.964ms
[50.360s][info][gc,phases,start] GC(202) Phase 4: Move objects
[50.416s][info][gc,phases      ] GC(202) Phase 4: Move objects 55.567ms
[50.416s][info][gc,heap        ] GC(202) DefNew: 313834K(314560K)->39047K(314560K) Eden: 279616K(279616K)->39047K(279616K) From: 34218K(34944K)->0K(34944K)
[50.416s][info][gc,heap        ] GC(202) Tenured: 683992K(699072K)->699071K(699072K)
[50.416s][info][gc,metaspace   ] GC(202) Metaspace: 10185K(10432K)->10185K(10432K) NonClass: 9301K(9408K)->9301K(9408K) Class: 883K(1024K)->883K(1024K)
[50.416s][info][gc             ] GC(202) Pause Full (Allocation Failure) 974M->720M(989M) 1053.049ms
[50.416s][info][gc,cpu         ] GC(202) User=1.05s Sys=0.00s Real=1.06s
[50.962s][info][gc,start       ] GC(203) Pause Full (Allocation Failure)
[50.963s][info][gc,phases,start] GC(203) Phase 1: Mark live objects
[51.457s][info][gc,phases      ] GC(203) Phase 1: Mark live objects 494.203ms
[51.457s][info][gc,phases,start] GC(203) Phase 2: Compute new object addresses
[51.636s][info][gc,phases      ] GC(203) Phase 2: Compute new object addresses 179.272ms
[51.636s][info][gc,phases,start] GC(203) Phase 3: Adjust pointers
[51.913s][info][gc,phases      ] GC(203) Phase 3: Adjust pointers 276.627ms
[51.913s][info][gc,phases,start] GC(203) Phase 4: Move objects
[52.058s][info][gc,phases      ] GC(203) Phase 4: Move objects 145.266ms
[52.058s][info][gc,heap        ] GC(203) DefNew: 314559K(314560K)->0K(314560K) Eden: 279616K(279616K)->0K(279616K) From: 34943K(34944K)->0K(34944K)
[52.058s][info][gc,heap        ] GC(203) Tenured: 699071K(699072K)->671617K(699072K)
[52.058s][info][gc,metaspace   ] GC(203) Metaspace: 10185K(10432K)->10185K(10432K) NonClass: 9301K(9408K)->9301K(9408K) Class: 883K(1024K)->883K(1024K)
[52.058s][info][gc             ] GC(203) Pause Full (Allocation Failure) 989M->655M(989M) 1095.855ms
[52.058s][info][gc,cpu         ] GC(203) User=1.08s Sys=0.00s Real=1.10s
[52.449s][info][gc,start       ] GC(204) Pause Young (Allocation Failure)
[52.458s][info][gc,heap        ] GC(204) DefNew: 279616K(314560K)->4646K(314560K) Eden: 279616K(279616K)->0K(279616K) From: 0K(34944K)->4646K(34944K)
[52.458s][info][gc,heap        ] GC(204) Tenured: 671617K(699072K)->671617K(699072K)
[52.458s][info][gc,metaspace   ] GC(204) Metaspace: 10185K(10432K)->10185K(10432K) NonClass: 9301K(9408K)->9301K(9408K) Class: 883K(1024K)->883K(1024K)
[52.458s][info][gc             ] GC(204) Pause Young (Allocation Failure) 928M->660M(989M) 8.849ms
[52.458s][info][gc,cpu         ] GC(204) User=0.02s Sys=0.00s Real=0.02s
[52.850s][info][gc,start       ] GC(205) Pause Young (Allocation Failure)
[52.860s][info][gc,heap        ] GC(205) DefNew: 284262K(314560K)->6806K(314560K) Eden: 279616K(279616K)->0K(279616K) From: 4646K(34944K)->6806K(34944K)
[52.860s][info][gc,heap        ] GC(205) Tenured: 671617K(699072K)->671617K(699072K)
[52.860s][info][gc,metaspace   ] GC(205) Metaspace: 10185K(10432K)->10185K(10432K) NonClass: 9301K(9408K)->9301K(9408K) Class: 883K(1024K)->883K(1024K)
[52.860s][info][gc             ] GC(205) Pause Young (Allocation Failure) 933M->662M(989M) 10.317ms
[52.860s][info][gc,cpu         ] GC(205) User=0.00s Sys=0.00s Real=0.02s
[53.150s][info][gc,start       ] GC(206) Pause Young (Allocation Failure)
[53.213s][info][gc,heap        ] GC(206) DefNew: 286422K(314560K)->34009K(314560K) Eden: 279616K(279616K)->0K(279616K) From: 6806K(34944K)->34009K(34944K)
[53.213s][info][gc,heap        ] GC(206) Tenured: 671617K(699072K)->671617K(699072K)
[53.213s][info][gc,metaspace   ] GC(206) Metaspace: 10186K(10432K)->10186K(10432K) NonClass: 9303K(9408K)->9303K(9408K) Class: 883K(1024K)->883K(1024K)
[53.213s][info][gc             ] GC(206) Pause Young (Allocation Failure) 935M->689M(989M) 63.480ms
[53.213s][info][gc,cpu         ] GC(206) User=0.06s Sys=0.00s Real=0.06s
[53.535s][info][gc,start       ] GC(207) Pause Young (Allocation Failure)
[53.615s][info][gc,heap        ] GC(207) DefNew: 313625K(314560K)->25755K(314560K) Eden: 279616K(279616K)->0K(279616K) From: 34009K(34944K)->25755K(34944K)
[53.615s][info][gc,heap        ] GC(207) Tenured: 671617K(699072K)->696319K(699072K)
[53.615s][info][gc,metaspace   ] GC(207) Metaspace: 10186K(10432K)->10186K(10432K) NonClass: 9303K(9408K)->9303K(9408K) Class: 883K(1024K)->883K(1024K)
[53.615s][info][gc             ] GC(207) Pause Young (Allocation Failure) 962M->705M(989M) 79.863ms
[53.615s][info][gc,cpu         ] GC(207) User=0.08s Sys=0.00s Real=0.07s
[53.841s][info][gc,start       ] GC(208) Pause Young (Allocation Failure)
[53.841s][info][gc             ] GC(208) Pause Young (Allocation Failure) 978M->978M(989M) 0.122ms
[53.841s][info][gc,cpu         ] GC(208) User=0.00s Sys=0.00s Real=0.00s
[53.841s][info][gc,start       ] GC(209) Pause Full (Allocation Failure)
[53.841s][info][gc,phases,start] GC(209) Phase 1: Mark live objects
[54.157s][info][gc,phases      ] GC(209) Phase 1: Mark live objects 315.786ms
[54.157s][info][gc,phases,start] GC(209) Phase 2: Compute new object addresses
[54.321s][info][gc,phases      ] GC(209) Phase 2: Compute new object addresses 164.227ms
[54.321s][info][gc,phases,start] GC(209) Phase 3: Adjust pointers
[54.521s][info][gc,phases      ] GC(209) Phase 3: Adjust pointers 199.933ms
[54.521s][info][gc,phases,start] GC(209) Phase 4: Move objects
[54.571s][info][gc,phases      ] GC(209) Phase 4: Move objects 49.863ms
[54.571s][info][gc,heap        ] GC(209) DefNew: 305371K(314560K)->0K(314560K) Eden: 279616K(279616K)->0K(279616K) From: 25755K(34944K)->0K(34944K)
[54.571s][info][gc,heap        ] GC(209) Tenured: 696319K(699072K)->517622K(699072K)
[54.571s][info][gc,metaspace   ] GC(209) Metaspace: 10188K(10432K)->10188K(10432K) NonClass: 9305K(9408K)->9305K(9408K) Class: 883K(1024K)->883K(1024K)
[54.571s][info][gc             ] GC(209) Pause Full (Allocation Failure) 978M->505M(989M) 730.300ms
[54.571s][info][gc,cpu         ] GC(209) User=0.73s Sys=0.00s Real=0.73s
[54.719s][info][gc,start       ] GC(210) Pause Young (Allocation Failure)
[54.805s][info][gc,heap        ] GC(210) DefNew: 279616K(314560K)->34465K(314560K) Eden: 279616K(279616K)->0K(279616K) From: 0K(34944K)->34465K(34944K)
[54.805s][info][gc,heap        ] GC(210) Tenured: 517622K(699072K)->517622K(699072K)
[54.805s][info][gc,metaspace   ] GC(210) Metaspace: 10188K(10432K)->10188K(10432K) NonClass: 9305K(9408K)->9305K(9408K) Class: 883K(1024K)->883K(1024K)
[54.805s][info][gc             ] GC(210) Pause Young (Allocation Failure) 778M->539M(989M) 86.095ms
[54.805s][info][gc,cpu         ] GC(210) User=0.09s Sys=0.00s Real=0.09s
[55.013s][info][gc,start       ] GC(211) Pause Young (Allocation Failure)
[55.126s][info][gc,heap        ] GC(211) DefNew: 314081K(314560K)->34758K(314560K) Eden: 279616K(279616K)->0K(279616K) From: 34465K(34944K)->34758K(34944K)
[55.126s][info][gc,heap        ] GC(211) Tenured: 517622K(699072K)->550391K(699072K)
[55.126s][info][gc,metaspace   ] GC(211) Metaspace: 10188K(10432K)->10188K(10432K) NonClass: 9305K(9408K)->9305K(9408K) Class: 883K(1024K)->883K(1024K)
[55.126s][info][gc             ] GC(211) Pause Young (Allocation Failure) 812M->571M(989M) 112.538ms
[55.126s][info][gc,cpu         ] GC(211) User=0.11s Sys=0.00s Real=0.12s
[55.357s][info][gc,start       ] GC(212) Pause Young (Allocation Failure)
[55.470s][info][gc,heap        ] GC(212) DefNew: 314374K(314560K)->34943K(314560K) Eden: 279616K(279616K)->0K(279616K) From: 34758K(34944K)->34943K(34944K)
[55.470s][info][gc,heap        ] GC(212) Tenured: 550391K(699072K)->584077K(699072K)
[55.470s][info][gc,metaspace   ] GC(212) Metaspace: 10188K(10432K)->10188K(10432K) NonClass: 9305K(9408K)->9305K(9408K) Class: 883K(1024K)->883K(1024K)
[55.470s][info][gc             ] GC(212) Pause Young (Allocation Failure) 844M->604M(989M) 113.188ms
[55.470s][info][gc,cpu         ] GC(212) User=0.11s Sys=0.00s Real=0.11s
[55.806s][info][gc,start       ] GC(213) Pause Young (Allocation Failure)
[55.861s][info][gc,heap        ] GC(213) DefNew: 314559K(314560K)->12381K(314560K) Eden: 279616K(279616K)->0K(279616K) From: 34943K(34944K)->12381K(34944K)
[55.861s][info][gc,heap        ] GC(213) Tenured: 584077K(699072K)->616923K(699072K)
[55.861s][info][gc,metaspace   ] GC(213) Metaspace: 10188K(10432K)->10188K(10432K) NonClass: 9305K(9408K)->9305K(9408K) Class: 883K(1024K)->883K(1024K)
[55.861s][info][gc             ] GC(213) Pause Young (Allocation Failure) 877M->614M(989M) 54.698ms
[55.861s][info][gc,cpu         ] GC(213) User=0.05s Sys=0.00s Real=0.05s
[56.275s][info][gc,start       ] GC(214) Pause Full (System.gc())
[56.275s][info][gc,phases,start] GC(214) Phase 1: Mark live objects
[56.537s][info][gc,phases      ] GC(214) Phase 1: Mark live objects 262.306ms
[56.537s][info][gc,phases,start] GC(214) Phase 2: Compute new object addresses
[56.674s][info][gc,phases      ] GC(214) Phase 2: Compute new object addresses 136.845ms
[56.674s][info][gc,phases,start] GC(214) Phase 3: Adjust pointers
[56.815s][info][gc,phases      ] GC(214) Phase 3: Adjust pointers 140.972ms
[56.815s][info][gc,phases,start] GC(214) Phase 4: Move objects
[56.824s][info][gc,phases      ] GC(214) Phase 4: Move objects 8.515ms
[56.824s][info][gc,heap        ] GC(214) DefNew: 241444K(314560K)->0K(314560K) Eden: 229063K(279616K)->0K(279616K) From: 12381K(34944K)->0K(34944K)
[56.824s][info][gc,heap        ] GC(214) Tenured: 616923K(699072K)->469434K(699072K)
[56.824s][info][gc,metaspace   ] GC(214) Metaspace: 10197K(10432K)->10197K(10432K) NonClass: 9314K(9408K)->9314K(9408K) Class: 883K(1024K)->883K(1024K)
[56.824s][info][gc             ] GC(214) Pause Full (System.gc()) 838M->458M(989M) 549.129ms
[56.824s][info][gc,cpu         ] GC(214) User=0.55s Sys=0.00s Real=0.55s
[56.926s][info][gc,start       ] GC(215) Pause Young (Allocation Failure)
[56.941s][info][gc,heap        ] GC(215) DefNew: 279616K(314560K)->6898K(314560K) Eden: 279616K(279616K)->0K(279616K) From: 0K(34944K)->6898K(34944K)
[56.941s][info][gc,heap        ] GC(215) Tenured: 469434K(699072K)->469434K(699072K)
[56.941s][info][gc,metaspace   ] GC(215) Metaspace: 10256K(10496K)->10256K(10496K) NonClass: 9372K(9472K)->9372K(9472K) Class: 883K(1024K)->883K(1024K)
[56.941s][info][gc             ] GC(215) Pause Young (Allocation Failure) 731M->465M(989M) 14.876ms
[56.941s][info][gc,cpu         ] GC(215) User=0.00s Sys=0.00s Real=0.01s
[57.033s][info][gc,start       ] GC(216) Pause Young (Allocation Failure)
[57.053s][info][gc,heap        ] GC(216) DefNew: 286514K(314560K)->11642K(314560K) Eden: 279616K(279616K)->0K(279616K) From: 6898K(34944K)->11642K(34944K)
[57.053s][info][gc,heap        ] GC(216) Tenured: 469434K(699072K)->469434K(699072K)
[57.053s][info][gc,metaspace   ] GC(216) Metaspace: 10256K(10496K)->10256K(10496K) NonClass: 9372K(9472K)->9372K(9472K) Class: 883K(1024K)->883K(1024K)
[57.053s][info][gc             ] GC(216) Pause Young (Allocation Failure) 738M->469M(989M) 20.426ms
[57.053s][info][gc,cpu         ] GC(216) User=0.03s Sys=0.00s Real=0.01s
[57.145s][info][gc,start       ] GC(217) Pause Young (Allocation Failure)
[57.169s][info][gc,heap        ] GC(217) DefNew: 291258K(314560K)->15546K(314560K) Eden: 279616K(279616K)->0K(279616K) From: 11642K(34944K)->15546K(34944K)
[57.169s][info][gc,heap        ] GC(217) Tenured: 469434K(699072K)->469434K(699072K)
[57.169s][info][gc,metaspace   ] GC(217) Metaspace: 10256K(10496K)->10256K(10496K) NonClass: 9372K(9472K)->9372K(9472K) Class: 883K(1024K)->883K(1024K)
[57.169s][info][gc             ] GC(217) Pause Young (Allocation Failure) 742M->473M(989M) 24.217ms
[57.169s][info][gc,cpu         ] GC(217) User=0.02s Sys=0.02s Real=0.02s
[57.263s][info][gc,start       ] GC(218) Pause Young (Allocation Failure)
[57.289s][info][gc,heap        ] GC(218) DefNew: 295162K(314560K)->18594K(314560K) Eden: 279616K(279616K)->0K(279616K) From: 15546K(34944K)->18594K(34944K)
[57.289s][info][gc,heap        ] GC(218) Tenured: 469434K(699072K)->469434K(699072K)
[57.289s][info][gc,metaspace   ] GC(218) Metaspace: 10256K(10496K)->10256K(10496K) NonClass: 9372K(9472K)->9372K(9472K) Class: 883K(1024K)->883K(1024K)
[57.289s][info][gc             ] GC(218) Pause Young (Allocation Failure) 746M->476M(989M) 26.271ms
[57.289s][info][gc,cpu         ] GC(218) User=0.03s Sys=0.00s Real=0.02s
[57.382s][info][gc,start       ] GC(219) Pause Young (Allocation Failure)
[57.412s][info][gc,heap        ] GC(219) DefNew: 298210K(314560K)->18421K(314560K) Eden: 279616K(279616K)->0K(279616K) From: 18594K(34944K)->18421K(34944K)
[57.412s][info][gc,heap        ] GC(219) Tenured: 469434K(699072K)->472720K(699072K)
[57.412s][info][gc,metaspace   ] GC(219) Metaspace: 10256K(10496K)->10256K(10496K) NonClass: 9372K(9472K)->9372K(9472K) Class: 883K(1024K)->883K(1024K)
[57.412s][info][gc             ] GC(219) Pause Young (Allocation Failure) 749M->479M(989M) 30.004ms
[57.412s][info][gc,cpu         ] GC(219) User=0.03s Sys=0.00s Real=0.02s
[57.506s][info][gc,start       ] GC(220) Pause Young (Allocation Failure)
[57.536s][info][gc,heap        ] GC(220) DefNew: 298037K(314560K)->18528K(314560K) Eden: 279616K(279616K)->0K(279616K) From: 18421K(34944K)->18528K(34944K)
[57.536s][info][gc,heap        ] GC(220) Tenured: 472720K(699072K)->475776K(699072K)
[57.536s][info][gc,metaspace   ] GC(220) Metaspace: 10256K(10496K)->10256K(10496K) NonClass: 9372K(9472K)->9372K(9472K) Class: 883K(1024K)->883K(1024K)
[57.536s][info][gc             ] GC(220) Pause Young (Allocation Failure) 752M->482M(989M) 29.924ms
[57.536s][info][gc,cpu         ] GC(220) User=0.02s Sys=0.00s Real=0.02s
[57.631s][info][gc,start       ] GC(221) Pause Young (Allocation Failure)
[57.661s][info][gc,heap        ] GC(221) DefNew: 298144K(314560K)->18373K(314560K) Eden: 279616K(279616K)->0K(279616K) From: 18528K(34944K)->18373K(34944K)
[57.661s][info][gc,heap        ] GC(221) Tenured: 475776K(699072K)->478806K(699072K)
[57.661s][info][gc,metaspace   ] GC(221) Metaspace: 10256K(10496K)->10256K(10496K) NonClass: 9372K(9472K)->9372K(9472K) Class: 883K(1024K)->883K(1024K)
[57.661s][info][gc             ] GC(221) Pause Young (Allocation Failure) 755M->485M(989M) 30.173ms
[57.661s][info][gc,cpu         ] GC(221) User=0.03s Sys=0.00s Real=0.02s
[57.759s][info][gc,start       ] GC(222) Pause Young (Allocation Failure)
[57.790s][info][gc,heap        ] GC(222) DefNew: 297989K(314560K)->18515K(314560K) Eden: 279616K(279616K)->0K(279616K) From: 18373K(34944K)->18515K(34944K)
[57.790s][info][gc,heap        ] GC(222) Tenured: 478806K(699072K)->481751K(699072K)
[57.790s][info][gc,metaspace   ] GC(222) Metaspace: 10256K(10496K)->10256K(10496K) NonClass: 9372K(9472K)->9372K(9472K) Class: 883K(1024K)->883K(1024K)
[57.790s][info][gc             ] GC(222) Pause Young (Allocation Failure) 758M->488M(989M) 31.666ms
[57.790s][info][gc,cpu         ] GC(222) User=0.03s Sys=0.00s Real=0.03s
[57.889s][info][gc,start       ] GC(223) Pause Young (Allocation Failure)
[57.919s][info][gc,heap        ] GC(223) DefNew: 298131K(314560K)->18504K(314560K) Eden: 279616K(279616K)->0K(279616K) From: 18515K(34944K)->18504K(34944K)
[57.919s][info][gc,heap        ] GC(223) Tenured: 481751K(699072K)->484787K(699072K)
[57.919s][info][gc,metaspace   ] GC(223) Metaspace: 10256K(10496K)->10256K(10496K) NonClass: 9372K(9472K)->9372K(9472K) Class: 883K(1024K)->883K(1024K)
[57.919s][info][gc             ] GC(223) Pause Young (Allocation Failure) 761M->491M(989M) 30.214ms
[57.919s][info][gc,cpu         ] GC(223) User=0.03s Sys=0.00s Real=0.02s
[58.018s][info][gc,start       ] GC(224) Pause Young (Allocation Failure)
[58.048s][info][gc,heap        ] GC(224) DefNew: 298120K(314560K)->18654K(314560K) Eden: 279616K(279616K)->0K(279616K) From: 18504K(34944K)->18654K(34944K)
[58.048s][info][gc,heap        ] GC(224) Tenured: 484787K(699072K)->487699K(699072K)
[58.048s][info][gc,metaspace   ] GC(224) Metaspace: 10256K(10496K)->10256K(10496K) NonClass: 9372K(9472K)->9372K(9472K) Class: 883K(1024K)->883K(1024K)
[58.048s][info][gc             ] GC(224) Pause Young (Allocation Failure) 764M->494M(989M) 30.193ms
[58.048s][info][gc,cpu         ] GC(224) User=0.03s Sys=0.00s Real=0.02s
[58.144s][info][gc,start       ] GC(225) Pause Young (Allocation Failure)
[58.174s][info][gc,heap        ] GC(225) DefNew: 298270K(314560K)->18673K(314560K) Eden: 279616K(279616K)->0K(279616K) From: 18654K(34944K)->18673K(34944K)
[58.174s][info][gc,heap        ] GC(225) Tenured: 487699K(699072K)->490658K(699072K)
[58.174s][info][gc,metaspace   ] GC(225) Metaspace: 10256K(10496K)->10256K(10496K) NonClass: 9372K(9472K)->9372K(9472K) Class: 883K(1024K)->883K(1024K)
[58.174s][info][gc             ] GC(225) Pause Young (Allocation Failure) 767M->497M(989M) 30.012ms
[58.174s][info][gc,cpu         ] GC(225) User=0.03s Sys=0.00s Real=0.03s
[58.270s][info][gc,start       ] GC(226) Pause Young (Allocation Failure)
[58.300s][info][gc,heap        ] GC(226) DefNew: 298289K(314560K)->18674K(314560K) Eden: 279616K(279616K)->0K(279616K) From: 18673K(34944K)->18674K(34944K)
[58.300s][info][gc,heap        ] GC(226) Tenured: 490658K(699072K)->493799K(699072K)
[58.300s][info][gc,metaspace   ] GC(226) Metaspace: 10256K(10496K)->10256K(10496K) NonClass: 9372K(9472K)->9372K(9472K) Class: 883K(1024K)->883K(1024K)
[58.300s][info][gc             ] GC(226) Pause Young (Allocation Failure) 770M->500M(989M) 30.231ms
[58.300s][info][gc,cpu         ] GC(226) User=0.02s Sys=0.00s Real=0.03s
[58.396s][info][gc,start       ] GC(227) Pause Young (Allocation Failure)
[58.428s][info][gc,heap        ] GC(227) DefNew: 298290K(314560K)->18867K(314560K) Eden: 279616K(279616K)->0K(279616K) From: 18674K(34944K)->18867K(34944K)
[58.428s][info][gc,heap        ] GC(227) Tenured: 493799K(699072K)->496787K(699072K)
[58.428s][info][gc,metaspace   ] GC(227) Metaspace: 10256K(10496K)->10256K(10496K) NonClass: 9372K(9472K)->9372K(9472K) Class: 883K(1024K)->883K(1024K)
[58.428s][info][gc             ] GC(227) Pause Young (Allocation Failure) 773M->503M(989M) 31.376ms
[58.428s][info][gc,cpu         ] GC(227) User=0.03s Sys=0.00s Real=0.03s
[58.524s][info][gc,start       ] GC(228) Pause Young (Allocation Failure)
[58.554s][info][gc,heap        ] GC(228) DefNew: 298483K(314560K)->18843K(314560K) Eden: 279616K(279616K)->0K(279616K) From: 18867K(34944K)->18843K(34944K)
[58.554s][info][gc,heap        ] GC(228) Tenured: 496787K(699072K)->499904K(699072K)
[58.554s][info][gc,metaspace   ] GC(228) Metaspace: 10256K(10496K)->10256K(10496K) NonClass: 9372K(9472K)->9372K(9472K) Class: 883K(1024K)->883K(1024K)
[58.554s][info][gc             ] GC(228) Pause Young (Allocation Failure) 776M->506M(989M) 30.524ms
[58.554s][info][gc,cpu         ] GC(228) User=0.03s Sys=0.00s Real=0.02s
[58.651s][info][gc,start       ] GC(229) Pause Young (Allocation Failure)
[58.682s][info][gc,heap        ] GC(229) DefNew: 298459K(314560K)->19035K(314560K) Eden: 279616K(279616K)->0K(279616K) From: 18843K(34944K)->19035K(34944K)
[58.682s][info][gc,heap        ] GC(229) Tenured: 499904K(699072K)->502864K(699072K)
[58.682s][info][gc,metaspace   ] GC(229) Metaspace: 10256K(10496K)->10256K(10496K) NonClass: 9372K(9472K)->9372K(9472K) Class: 883K(1024K)->883K(1024K)
[58.682s][info][gc             ] GC(229) Pause Young (Allocation Failure) 779M->509M(989M) 30.790ms
[58.682s][info][gc,cpu         ] GC(229) User=0.03s Sys=0.00s Real=0.02s
[58.777s][info][gc,start       ] GC(230) Pause Young (Allocation Failure)
[58.809s][info][gc,heap        ] GC(230) DefNew: 298651K(314560K)->19123K(314560K) Eden: 279616K(279616K)->0K(279616K) From: 19035K(34944K)->19123K(34944K)
[58.809s][info][gc,heap        ] GC(230) Tenured: 502864K(699072K)->505930K(699072K)
[58.809s][info][gc,metaspace   ] GC(230) Metaspace: 10256K(10496K)->10256K(10496K) NonClass: 9372K(9472K)->9372K(9472K) Class: 883K(1024K)->883K(1024K)
[58.809s][info][gc             ] GC(230) Pause Young (Allocation Failure) 782M->512M(989M) 32.219ms
[58.809s][info][gc,cpu         ] GC(230) User=0.03s Sys=0.00s Real=0.02s
[58.907s][info][gc,start       ] GC(231) Pause Young (Allocation Failure)
[58.938s][info][gc,heap        ] GC(231) DefNew: 298739K(314560K)->18844K(314560K) Eden: 279616K(279616K)->0K(279616K) From: 19123K(34944K)->18844K(34944K)
[58.938s][info][gc,heap        ] GC(231) Tenured: 505930K(699072K)->509112K(699072K)
[58.938s][info][gc,metaspace   ] GC(231) Metaspace: 10256K(10496K)->10256K(10496K) NonClass: 9372K(9472K)->9372K(9472K) Class: 883K(1024K)->883K(1024K)
[58.938s][info][gc             ] GC(231) Pause Young (Allocation Failure) 785M->515M(989M) 30.481ms
[58.938s][info][gc,cpu         ] GC(231) User=0.03s Sys=0.00s Real=0.03s
[59.036s][info][gc,start       ] GC(232) Pause Young (Allocation Failure)
[59.067s][info][gc,heap        ] GC(232) DefNew: 298460K(314560K)->19172K(314560K) Eden: 279616K(279616K)->0K(279616K) From: 18844K(34944K)->19172K(34944K)
[59.067s][info][gc,heap        ] GC(232) Tenured: 509112K(699072K)->512124K(699072K)
[59.067s][info][gc,metaspace   ] GC(232) Metaspace: 10256K(10496K)->10256K(10496K) NonClass: 9372K(9472K)->9372K(9472K) Class: 883K(1024K)->883K(1024K)
[59.067s][info][gc             ] GC(232) Pause Young (Allocation Failure) 788M->518M(989M) 30.972ms
[59.067s][info][gc,cpu         ] GC(232) User=0.02s Sys=0.00s Real=0.02s
[59.163s][info][gc,start       ] GC(233) Pause Young (Allocation Failure)
[59.192s][info][gc,heap        ] GC(233) DefNew: 298788K(314560K)->18666K(314560K) Eden: 279616K(279616K)->0K(279616K) From: 19172K(34944K)->18666K(34944K)
[59.192s][info][gc,heap        ] GC(233) Tenured: 512124K(699072K)->515276K(699072K)
[59.192s][info][gc,metaspace   ] GC(233) Metaspace: 10256K(10496K)->10256K(10496K) NonClass: 9372K(9472K)->9372K(9472K) Class: 883K(1024K)->883K(1024K)
[59.192s][info][gc             ] GC(233) Pause Young (Allocation Failure) 791M->521M(989M) 29.624ms
[59.192s][info][gc,cpu         ] GC(233) User=0.02s Sys=0.00s Real=0.03s
[59.291s][info][gc,start       ] GC(234) Pause Young (Allocation Failure)
[59.321s][info][gc,heap        ] GC(234) DefNew: 298282K(314560K)->18789K(314560K) Eden: 279616K(279616K)->0K(279616K) From: 18666K(34944K)->18789K(34944K)
[59.321s][info][gc,heap        ] GC(234) Tenured: 515276K(699072K)->518331K(699072K)
[59.321s][info][gc,metaspace   ] GC(234) Metaspace: 10256K(10496K)->10256K(10496K) NonClass: 9372K(9472K)->9372K(9472K) Class: 883K(1024K)->883K(1024K)
[59.321s][info][gc             ] GC(234) Pause Young (Allocation Failure) 794M->524M(989M) 30.402ms
[59.321s][info][gc,cpu         ] GC(234) User=0.03s Sys=0.00s Real=0.02s
[59.415s][info][gc,start       ] GC(235) Pause Young (Allocation Failure)
[59.445s][info][gc,heap        ] GC(235) DefNew: 298405K(314560K)->18842K(314560K) Eden: 279616K(279616K)->0K(279616K) From: 18789K(34944K)->18842K(34944K)
[59.445s][info][gc,heap        ] GC(235) Tenured: 518331K(699072K)->521438K(699072K)
[59.446s][info][gc,metaspace   ] GC(235) Metaspace: 10256K(10496K)->10256K(10496K) NonClass: 9372K(9472K)->9372K(9472K) Class: 883K(1024K)->883K(1024K)
[59.446s][info][gc             ] GC(235) Pause Young (Allocation Failure) 797M->527M(989M) 30.597ms
[59.446s][info][gc,cpu         ] GC(235) User=0.03s Sys=0.00s Real=0.03s
[59.541s][info][gc,start       ] GC(236) Pause Young (Allocation Failure)
[59.570s][info][gc,heap        ] GC(236) DefNew: 298458K(314560K)->18491K(314560K) Eden: 279616K(279616K)->0K(279616K) From: 18842K(34944K)->18491K(34944K)
[59.570s][info][gc,heap        ] GC(236) Tenured: 521438K(699072K)->524562K(699072K)
[59.570s][info][gc,metaspace   ] GC(236) Metaspace: 10256K(10496K)->10256K(10496K) NonClass: 9372K(9472K)->9372K(9472K) Class: 883K(1024K)->883K(1024K)
[59.570s][info][gc             ] GC(236) Pause Young (Allocation Failure) 800M->530M(989M) 29.581ms
[59.570s][info][gc,cpu         ] GC(236) User=0.03s Sys=0.00s Real=0.03s
[59.667s][info][gc,start       ] GC(237) Pause Young (Allocation Failure)
[59.697s][info][gc,heap        ] GC(237) DefNew: 298107K(314560K)->18734K(314560K) Eden: 279616K(279616K)->0K(279616K) From: 18491K(34944K)->18734K(34944K)
[59.697s][info][gc,heap        ] GC(237) Tenured: 524562K(699072K)->527488K(699072K)
[59.697s][info][gc,metaspace   ] GC(237) Metaspace: 10256K(10496K)->10256K(10496K) NonClass: 9372K(9472K)->9372K(9472K) Class: 883K(1024K)->883K(1024K)
[59.697s][info][gc             ] GC(237) Pause Young (Allocation Failure) 803M->533M(989M) 30.221ms
[59.697s][info][gc,cpu         ] GC(237) User=0.03s Sys=0.00s Real=0.03s
[59.795s][info][gc,start       ] GC(238) Pause Young (Allocation Failure)
[59.827s][info][gc,heap        ] GC(238) DefNew: 298350K(314560K)->19017K(314560K) Eden: 279616K(279616K)->0K(279616K) From: 18734K(34944K)->19017K(34944K)
[59.827s][info][gc,heap        ] GC(238) Tenured: 527488K(699072K)->530596K(699072K)
[59.827s][info][gc,metaspace   ] GC(238) Metaspace: 10256K(10496K)->10256K(10496K) NonClass: 9372K(9472K)->9372K(9472K) Class: 883K(1024K)->883K(1024K)
[59.827s][info][gc             ] GC(238) Pause Young (Allocation Failure) 806M->536M(989M) 32.155ms
[59.827s][info][gc,cpu         ] GC(238) User=0.03s Sys=0.00s Real=0.03s
[59.924s][info][gc,start       ] GC(239) Pause Young (Allocation Failure)
[59.954s][info][gc,heap        ] GC(239) DefNew: 298633K(314560K)->18666K(314560K) Eden: 279616K(279616K)->0K(279616K) From: 19017K(34944K)->18666K(34944K)
[59.954s][info][gc,heap        ] GC(239) Tenured: 530596K(699072K)->533705K(699072K)
[59.954s][info][gc,metaspace   ] GC(239) Metaspace: 10256K(10496K)->10256K(10496K) NonClass: 9372K(9472K)->9372K(9472K) Class: 883K(1024K)->883K(1024K)
[59.954s][info][gc             ] GC(239) Pause Young (Allocation Failure) 809M->539M(989M) 29.968ms
[59.954s][info][gc,cpu         ] GC(239) User=0.03s Sys=0.00s Real=0.03s
[60.053s][info][gc,start       ] GC(240) Pause Young (Allocation Failure)
[60.083s][info][gc,heap        ] GC(240) DefNew: 298282K(314560K)->18829K(314560K) Eden: 279616K(279616K)->0K(279616K) From: 18666K(34944K)->18829K(34944K)
[60.083s][info][gc,heap        ] GC(240) Tenured: 533705K(699072K)->536635K(699072K)
[60.083s][info][gc,metaspace   ] GC(240) Metaspace: 10256K(10496K)->10256K(10496K) NonClass: 9372K(9472K)->9372K(9472K) Class: 883K(1024K)->883K(1024K)
[60.083s][info][gc             ] GC(240) Pause Young (Allocation Failure) 812M->542M(989M) 30.070ms
[60.083s][info][gc,cpu         ] GC(240) User=0.03s Sys=0.00s Real=0.03s
[60.178s][info][gc,start       ] GC(241) Pause Young (Allocation Failure)
[60.208s][info][gc,heap        ] GC(241) DefNew: 298445K(314560K)->19030K(314560K) Eden: 279616K(279616K)->0K(279616K) From: 18829K(34944K)->19030K(34944K)
[60.208s][info][gc,heap        ] GC(241) Tenured: 536635K(699072K)->539603K(699072K)
[60.208s][info][gc,metaspace   ] GC(241) Metaspace: 10256K(10496K)->10256K(10496K) NonClass: 9372K(9472K)->9372K(9472K) Class: 883K(1024K)->883K(1024K)
[60.208s][info][gc             ] GC(241) Pause Young (Allocation Failure) 815M->545M(989M) 30.292ms
[60.208s][info][gc,cpu         ] GC(241) User=0.02s Sys=0.00s Real=0.02s
[60.304s][info][gc,start       ] GC(242) Pause Young (Allocation Failure)
[60.334s][info][gc,heap        ] GC(242) DefNew: 298646K(314560K)->18850K(314560K) Eden: 279616K(279616K)->0K(279616K) From: 19030K(34944K)->18850K(34944K)
[60.334s][info][gc,heap        ] GC(242) Tenured: 539603K(699072K)->542773K(699072K)
[60.334s][info][gc,metaspace   ] GC(242) Metaspace: 10256K(10496K)->10256K(10496K) NonClass: 9372K(9472K)->9372K(9472K) Class: 883K(1024K)->883K(1024K)
[60.334s][info][gc             ] GC(242) Pause Young (Allocation Failure) 818M->548M(989M) 30.245ms
[60.334s][info][gc,cpu         ] GC(242) User=0.03s Sys=0.00s Real=0.02s
[60.430s][info][gc,start       ] GC(243) Pause Young (Allocation Failure)
[60.460s][info][gc,heap        ] GC(243) DefNew: 298466K(314560K)->18986K(314560K) Eden: 279616K(279616K)->0K(279616K) From: 18850K(34944K)->18986K(34944K)
[60.460s][info][gc,heap        ] GC(243) Tenured: 542773K(699072K)->545825K(699072K)
[60.460s][info][gc,metaspace   ] GC(243) Metaspace: 10256K(10496K)->10256K(10496K) NonClass: 9372K(9472K)->9372K(9472K) Class: 883K(1024K)->883K(1024K)
[60.460s][info][gc             ] GC(243) Pause Young (Allocation Failure) 821M->551M(989M) 30.532ms
[60.460s][info][gc,cpu         ] GC(243) User=0.03s Sys=0.00s Real=0.03s
[60.556s][info][gc,start       ] GC(244) Pause Young (Allocation Failure)
[60.585s][info][gc,heap        ] GC(244) DefNew: 298602K(314560K)->18686K(314560K) Eden: 279616K(279616K)->0K(279616K) From: 18986K(34944K)->18686K(34944K)
[60.585s][info][gc,heap        ] GC(244) Tenured: 545825K(699072K)->548961K(699072K)
[60.585s][info][gc,metaspace   ] GC(244) Metaspace: 10256K(10496K)->10256K(10496K) NonClass: 9372K(9472K)->9372K(9472K) Class: 883K(1024K)->883K(1024K)
[60.585s][info][gc             ] GC(244) Pause Young (Allocation Failure) 824M->554M(989M) 29.570ms
[60.585s][info][gc,cpu         ] GC(244) User=0.03s Sys=0.00s Real=0.02s
[60.684s][info][gc,start       ] GC(245) Pause Young (Allocation Failure)
[60.715s][info][gc,heap        ] GC(245) DefNew: 298302K(314560K)->18884K(314560K) Eden: 279616K(279616K)->0K(279616K) From: 18686K(34944K)->18884K(34944K)
[60.715s][info][gc,heap        ] GC(245) Tenured: 548961K(699072K)->552040K(699072K)
[60.715s][info][gc,metaspace   ] GC(245) Metaspace: 10256K(10496K)->10256K(10496K) NonClass: 9372K(9472K)->9372K(9472K) Class: 883K(1024K)->883K(1024K)
[60.715s][info][gc             ] GC(245) Pause Young (Allocation Failure) 827M->557M(989M) 31.245ms
[60.715s][info][gc,cpu         ] GC(245) User=0.03s Sys=0.00s Real=0.03s
[60.819s][info][gc,start       ] GC(246) Pause Young (Allocation Failure)
[60.849s][info][gc,heap        ] GC(246) DefNew: 298500K(314560K)->18737K(314560K) Eden: 279616K(279616K)->0K(279616K) From: 18884K(34944K)->18737K(34944K)
[60.849s][info][gc,heap        ] GC(246) Tenured: 552040K(699072K)->555182K(699072K)
[60.849s][info][gc,metaspace   ] GC(246) Metaspace: 10256K(10496K)->10256K(10496K) NonClass: 9372K(9472K)->9372K(9472K) Class: 883K(1024K)->883K(1024K)
[60.849s][info][gc             ] GC(246) Pause Young (Allocation Failure) 830M->560M(989M) 30.113ms
[60.849s][info][gc,cpu         ] GC(246) User=0.03s Sys=0.00s Real=0.03s
[60.944s][info][gc,start       ] GC(247) Pause Young (Allocation Failure)
[60.974s][info][gc,heap        ] GC(247) DefNew: 298353K(314560K)->18897K(314560K) Eden: 279616K(279616K)->0K(279616K) From: 18737K(34944K)->18897K(34944K)
[60.974s][info][gc,heap        ] GC(247) Tenured: 555182K(699072K)->558219K(699072K)
[60.974s][info][gc,metaspace   ] GC(247) Metaspace: 10256K(10496K)->10256K(10496K) NonClass: 9372K(9472K)->9372K(9472K) Class: 883K(1024K)->883K(1024K)
[60.974s][info][gc             ] GC(247) Pause Young (Allocation Failure) 833M->563M(989M) 30.258ms
[60.974s][info][gc,cpu         ] GC(247) User=0.03s Sys=0.00s Real=0.02s
[61.071s][info][gc,start       ] GC(248) Pause Young (Allocation Failure)
[61.102s][info][gc,heap        ] GC(248) DefNew: 298513K(314560K)->18965K(314560K) Eden: 279616K(279616K)->0K(279616K) From: 18897K(34944K)->18965K(34944K)
[61.102s][info][gc,heap        ] GC(248) Tenured: 558219K(699072K)->561191K(699072K)
[61.102s][info][gc,metaspace   ] GC(248) Metaspace: 10256K(10496K)->10256K(10496K) NonClass: 9372K(9472K)->9372K(9472K) Class: 883K(1024K)->883K(1024K)
[61.102s][info][gc             ] GC(248) Pause Young (Allocation Failure) 836M->566M(989M) 30.714ms
[61.102s][info][gc,cpu         ] GC(248) User=0.03s Sys=0.00s Real=0.03s
[61.196s][info][gc,start       ] GC(249) Pause Young (Allocation Failure)
[61.227s][info][gc,heap        ] GC(249) DefNew: 298581K(314560K)->18643K(314560K) Eden: 279616K(279616K)->0K(279616K) From: 18965K(34944K)->18643K(34944K)
[61.227s][info][gc,heap        ] GC(249) Tenured: 561191K(699072K)->564435K(699072K)
[61.227s][info][gc,metaspace   ] GC(249) Metaspace: 10256K(10496K)->10256K(10496K) NonClass: 9372K(9472K)->9372K(9472K) Class: 883K(1024K)->883K(1024K)
[61.227s][info][gc             ] GC(249) Pause Young (Allocation Failure) 839M->569M(989M) 30.649ms
[61.227s][info][gc,cpu         ] GC(249) User=0.03s Sys=0.00s Real=0.03s
[61.323s][info][gc,start       ] GC(250) Pause Young (Allocation Failure)
[61.354s][info][gc,heap        ] GC(250) DefNew: 298259K(314560K)->18766K(314560K) Eden: 279616K(279616K)->0K(279616K) From: 18643K(34944K)->18766K(34944K)
[61.354s][info][gc,heap        ] GC(250) Tenured: 564435K(699072K)->567434K(699072K)
[61.354s][info][gc,metaspace   ] GC(250) Metaspace: 10256K(10496K)->10256K(10496K) NonClass: 9372K(9472K)->9372K(9472K) Class: 883K(1024K)->883K(1024K)
[61.354s][info][gc             ] GC(250) Pause Young (Allocation Failure) 842M->572M(989M) 30.244ms
[61.354s][info][gc,cpu         ] GC(250) User=0.03s Sys=0.00s Real=0.03s
[61.447s][info][gc,start       ] GC(251) Pause Young (Allocation Failure)
[61.477s][info][gc,heap        ] GC(251) DefNew: 298382K(314560K)->18582K(314560K) Eden: 279616K(279616K)->0K(279616K) From: 18766K(34944K)->18582K(34944K)
[61.477s][info][gc,heap        ] GC(251) Tenured: 567434K(699072K)->570510K(699072K)
[61.477s][info][gc,metaspace   ] GC(251) Metaspace: 10256K(10496K)->10256K(10496K) NonClass: 9372K(9472K)->9372K(9472K) Class: 883K(1024K)->883K(1024K)
[61.477s][info][gc             ] GC(251) Pause Young (Allocation Failure) 845M->575M(989M) 29.547ms
[61.477s][info][gc,cpu         ] GC(251) User=0.03s Sys=0.00s Real=0.03s
[61.571s][info][gc,start       ] GC(252) Pause Young (Allocation Failure)
[61.601s][info][gc,heap        ] GC(252) DefNew: 298198K(314560K)->18524K(314560K) Eden: 279616K(279616K)->0K(279616K) From: 18582K(34944K)->18524K(34944K)
[61.601s][info][gc,heap        ] GC(252) Tenured: 570510K(699072K)->573526K(699072K)
[61.601s][info][gc,metaspace   ] GC(252) Metaspace: 10256K(10496K)->10256K(10496K) NonClass: 9372K(9472K)->9372K(9472K) Class: 883K(1024K)->883K(1024K)
[61.601s][info][gc             ] GC(252) Pause Young (Allocation Failure) 848M->578M(989M) 29.721ms
[61.601s][info][gc,cpu         ] GC(252) User=0.03s Sys=0.00s Real=0.03s
[61.698s][info][gc,start       ] GC(253) Pause Young (Allocation Failure)
[61.727s][info][gc,heap        ] GC(253) DefNew: 298140K(314560K)->18421K(314560K) Eden: 279616K(279616K)->0K(279616K) From: 18524K(34944K)->18421K(34944K)
[61.727s][info][gc,heap        ] GC(253) Tenured: 573526K(699072K)->576655K(699072K)
[61.727s][info][gc,metaspace   ] GC(253) Metaspace: 10257K(10496K)->10257K(10496K) NonClass: 9373K(9472K)->9373K(9472K) Class: 883K(1024K)->883K(1024K)
[61.727s][info][gc             ] GC(253) Pause Young (Allocation Failure) 851M->581M(989M) 29.531ms
[61.727s][info][gc,cpu         ] GC(253) User=0.03s Sys=0.00s Real=0.02s
[61.830s][info][gc,start       ] GC(254) Pause Young (Allocation Failure)
[61.860s][info][gc,heap        ] GC(254) DefNew: 298037K(314560K)->18522K(314560K) Eden: 279616K(279616K)->0K(279616K) From: 18421K(34944K)->18522K(34944K)
[61.860s][info][gc,heap        ] GC(254) Tenured: 576655K(699072K)->579726K(699072K)
[61.860s][info][gc,metaspace   ] GC(254) Metaspace: 10257K(10496K)->10257K(10496K) NonClass: 9373K(9472K)->9373K(9472K) Class: 883K(1024K)->883K(1024K)
[61.860s][info][gc             ] GC(254) Pause Young (Allocation Failure) 854M->584M(989M) 30.004ms
[61.860s][info][gc,cpu         ] GC(254) User=0.03s Sys=0.00s Real=0.03s
[61.954s][info][gc,start       ] GC(255) Pause Young (Allocation Failure)
[61.983s][info][gc,heap        ] GC(255) DefNew: 298138K(314560K)->18533K(314560K) Eden: 279616K(279616K)->0K(279616K) From: 18522K(34944K)->18533K(34944K)
[61.983s][info][gc,heap        ] GC(255) Tenured: 579726K(699072K)->582701K(699072K)
[61.983s][info][gc,metaspace   ] GC(255) Metaspace: 10257K(10496K)->10257K(10496K) NonClass: 9373K(9472K)->9373K(9472K) Class: 883K(1024K)->883K(1024K)
[61.983s][info][gc             ] GC(255) Pause Young (Allocation Failure) 857M->587M(989M) 29.540ms
[61.983s][info][gc,cpu         ] GC(255) User=0.03s Sys=0.00s Real=0.02s
[62.082s][info][gc,start       ] GC(256) Pause Young (Allocation Failure)
[62.111s][info][gc,heap        ] GC(256) DefNew: 298149K(314560K)->18606K(314560K) Eden: 279616K(279616K)->0K(279616K) From: 18533K(34944K)->18606K(34944K)
[62.111s][info][gc,heap        ] GC(256) Tenured: 582701K(699072K)->585711K(699072K)
[62.111s][info][gc,metaspace   ] GC(256) Metaspace: 10257K(10496K)->10257K(10496K) NonClass: 9373K(9472K)->9373K(9472K) Class: 883K(1024K)->883K(1024K)
[62.111s][info][gc             ] GC(256) Pause Young (Allocation Failure) 860M->590M(989M) 29.930ms
[62.111s][info][gc,cpu         ] GC(256) User=0.03s Sys=0.00s Real=0.02s
[62.207s][info][gc,start       ] GC(257) Pause Young (Allocation Failure)
[62.238s][info][gc,heap        ] GC(257) DefNew: 298222K(314560K)->18992K(314560K) Eden: 279616K(279616K)->0K(279616K) From: 18606K(34944K)->18992K(34944K)
[62.238s][info][gc,heap        ] GC(257) Tenured: 585711K(699072K)->588645K(699072K)
[62.238s][info][gc,metaspace   ] GC(257) Metaspace: 10257K(10496K)->10257K(10496K) NonClass: 9373K(9472K)->9373K(9472K) Class: 883K(1024K)->883K(1024K)
[62.238s][info][gc             ] GC(257) Pause Young (Allocation Failure) 863M->593M(989M) 30.479ms
[62.238s][info][gc,cpu         ] GC(257) User=0.02s Sys=0.00s Real=0.03s
[62.335s][info][gc,start       ] GC(258) Pause Young (Allocation Failure)
[62.365s][info][gc,heap        ] GC(258) DefNew: 298608K(314560K)->18963K(314560K) Eden: 279616K(279616K)->0K(279616K) From: 18992K(34944K)->18963K(34944K)
[62.365s][info][gc,heap        ] GC(258) Tenured: 588645K(699072K)->591727K(699072K)
[62.366s][info][gc,metaspace   ] GC(258) Metaspace: 10257K(10496K)->10257K(10496K) NonClass: 9373K(9472K)->9373K(9472K) Class: 883K(1024K)->883K(1024K)
[62.366s][info][gc             ] GC(258) Pause Young (Allocation Failure) 866M->596M(989M) 30.310ms
[62.366s][info][gc,cpu         ] GC(258) User=0.03s Sys=0.00s Real=0.02s
[62.465s][info][gc,start       ] GC(259) Pause Young (Allocation Failure)
[62.495s][info][gc,heap        ] GC(259) DefNew: 298579K(314560K)->19120K(314560K) Eden: 279616K(279616K)->0K(279616K) From: 18963K(34944K)->19120K(34944K)
[62.495s][info][gc,heap        ] GC(259) Tenured: 591727K(699072K)->594678K(699072K)
[62.495s][info][gc,metaspace   ] GC(259) Metaspace: 10257K(10496K)->10257K(10496K) NonClass: 9373K(9472K)->9373K(9472K) Class: 883K(1024K)->883K(1024K)
[62.495s][info][gc             ] GC(259) Pause Young (Allocation Failure) 869M->599M(989M) 30.204ms
[62.495s][info][gc,cpu         ] GC(259) User=0.03s Sys=0.00s Real=0.03s
[62.593s][info][gc,start       ] GC(260) Pause Young (Allocation Failure)
[62.624s][info][gc,heap        ] GC(260) DefNew: 298736K(314560K)->19363K(314560K) Eden: 279616K(279616K)->0K(279616K) From: 19120K(34944K)->19363K(34944K)
[62.624s][info][gc,heap        ] GC(260) Tenured: 594678K(699072K)->597782K(699072K)
[62.624s][info][gc,metaspace   ] GC(260) Metaspace: 10257K(10496K)->10257K(10496K) NonClass: 9373K(9472K)->9373K(9472K) Class: 883K(1024K)->883K(1024K)
[62.624s][info][gc             ] GC(260) Pause Young (Allocation Failure) 872M->602M(989M) 31.433ms
[62.624s][info][gc,cpu         ] GC(260) User=0.03s Sys=0.00s Real=0.02s
[62.722s][info][gc,start       ] GC(261) Pause Young (Allocation Failure)
[62.753s][info][gc,heap        ] GC(261) DefNew: 298979K(314560K)->19309K(314560K) Eden: 279616K(279616K)->0K(279616K) From: 19363K(34944K)->19309K(34944K)
[62.753s][info][gc,heap        ] GC(261) Tenured: 597782K(699072K)->600886K(699072K)
[62.753s][info][gc,metaspace   ] GC(261) Metaspace: 10257K(10496K)->10257K(10496K) NonClass: 9373K(9472K)->9373K(9472K) Class: 883K(1024K)->883K(1024K)
[62.753s][info][gc             ] GC(261) Pause Young (Allocation Failure) 875M->605M(989M) 30.541ms
[62.753s][info][gc,cpu         ] GC(261) User=0.03s Sys=0.00s Real=0.02s
[62.856s][info][gc,start       ] GC(262) Pause Young (Allocation Failure)
[62.887s][info][gc,heap        ] GC(262) DefNew: 298925K(314560K)->19408K(314560K) Eden: 279616K(279616K)->0K(279616K) From: 19309K(34944K)->19408K(34944K)
[62.887s][info][gc,heap        ] GC(262) Tenured: 600886K(699072K)->604058K(699072K)
[62.887s][info][gc,metaspace   ] GC(262) Metaspace: 10257K(10496K)->10257K(10496K) NonClass: 9373K(9472K)->9373K(9472K) Class: 883K(1024K)->883K(1024K)
[62.887s][info][gc             ] GC(262) Pause Young (Allocation Failure) 878M->608M(989M) 31.227ms
[62.887s][info][gc,cpu         ] GC(262) User=0.03s Sys=0.00s Real=0.02s
[62.983s][info][gc,start       ] GC(263) Pause Young (Allocation Failure)
[63.014s][info][gc,heap        ] GC(263) DefNew: 299024K(314560K)->19497K(314560K) Eden: 279616K(279616K)->0K(279616K) From: 19408K(34944K)->19497K(34944K)
[63.014s][info][gc,heap        ] GC(263) Tenured: 604058K(699072K)->607106K(699072K)
[63.014s][info][gc,metaspace   ] GC(263) Metaspace: 10257K(10496K)->10257K(10496K) NonClass: 9373K(9472K)->9373K(9472K) Class: 883K(1024K)->883K(1024K)
[63.014s][info][gc             ] GC(263) Pause Young (Allocation Failure) 881M->611M(989M) 31.064ms
[63.014s][info][gc,cpu         ] GC(263) User=0.03s Sys=0.00s Real=0.02s
[63.114s][info][gc,start       ] GC(264) Pause Young (Allocation Failure)
[63.145s][info][gc,heap        ] GC(264) DefNew: 299113K(314560K)->19364K(314560K) Eden: 279616K(279616K)->0K(279616K) From: 19497K(34944K)->19364K(34944K)
[63.146s][info][gc,heap        ] GC(264) Tenured: 607106K(699072K)->610398K(699072K)
[63.146s][info][gc,metaspace   ] GC(264) Metaspace: 10257K(10496K)->10257K(10496K) NonClass: 9373K(9472K)->9373K(9472K) Class: 883K(1024K)->883K(1024K)
[63.146s][info][gc             ] GC(264) Pause Young (Allocation Failure) 884M->615M(989M) 31.126ms
[63.146s][info][gc,cpu         ] GC(264) User=0.02s Sys=0.00s Real=0.03s
[63.241s][info][gc,start       ] GC(265) Pause Young (Allocation Failure)
[63.271s][info][gc,heap        ] GC(265) DefNew: 298980K(314560K)->19293K(314560K) Eden: 279616K(279616K)->0K(279616K) From: 19364K(34944K)->19293K(34944K)
[63.272s][info][gc,heap        ] GC(265) Tenured: 610398K(699072K)->613573K(699072K)
[63.272s][info][gc,metaspace   ] GC(265) Metaspace: 10257K(10496K)->10257K(10496K) NonClass: 9373K(9472K)->9373K(9472K) Class: 883K(1024K)->883K(1024K)
[63.272s][info][gc             ] GC(265) Pause Young (Allocation Failure) 888M->618M(989M) 30.690ms
[63.272s][info][gc,cpu         ] GC(265) User=0.03s Sys=0.00s Real=0.02s
[63.369s][info][gc,start       ] GC(266) Pause Young (Allocation Failure)
[63.401s][info][gc,heap        ] GC(266) DefNew: 298909K(314560K)->19457K(314560K) Eden: 279616K(279616K)->0K(279616K) From: 19293K(34944K)->19457K(34944K)
[63.401s][info][gc,heap        ] GC(266) Tenured: 613573K(699072K)->616783K(699072K)
[63.401s][info][gc,metaspace   ] GC(266) Metaspace: 10257K(10496K)->10257K(10496K) NonClass: 9373K(9472K)->9373K(9472K) Class: 883K(1024K)->883K(1024K)
[63.401s][info][gc             ] GC(266) Pause Young (Allocation Failure) 891M->621M(989M) 31.635ms
[63.401s][info][gc,cpu         ] GC(266) User=0.03s Sys=0.00s Real=0.02s
[63.496s][info][gc,start       ] GC(267) Pause Young (Allocation Failure)
[63.527s][info][gc,heap        ] GC(267) DefNew: 299073K(314560K)->19411K(314560K) Eden: 279616K(279616K)->0K(279616K) From: 19457K(34944K)->19411K(34944K)
[63.527s][info][gc,heap        ] GC(267) Tenured: 616783K(699072K)->619872K(699072K)
[63.527s][info][gc,metaspace   ] GC(267) Metaspace: 10257K(10496K)->10257K(10496K) NonClass: 9373K(9472K)->9373K(9472K) Class: 883K(1024K)->883K(1024K)
[63.527s][info][gc             ] GC(267) Pause Young (Allocation Failure) 894M->624M(989M) 30.973ms
[63.527s][info][gc,cpu         ] GC(267) User=0.03s Sys=0.00s Real=0.02s
[63.622s][info][gc,start       ] GC(268) Pause Young (Allocation Failure)
[63.654s][info][gc,heap        ] GC(268) DefNew: 299027K(314560K)->19459K(314560K) Eden: 279616K(279616K)->0K(279616K) From: 19411K(34944K)->19459K(34944K)
[63.654s][info][gc,heap        ] GC(268) Tenured: 619872K(699072K)->623081K(699072K)
[63.654s][info][gc,metaspace   ] GC(268) Metaspace: 10257K(10496K)->10257K(10496K) NonClass: 9373K(9472K)->9373K(9472K) Class: 883K(1024K)->883K(1024K)
[63.654s][info][gc             ] GC(268) Pause Young (Allocation Failure) 897M->627M(989M) 31.993ms
[63.654s][info][gc,cpu         ] GC(268) User=0.03s Sys=0.00s Real=0.02s
[63.752s][info][gc,start       ] GC(269) Pause Young (Allocation Failure)
[63.784s][info][gc,heap        ] GC(269) DefNew: 299075K(314560K)->19445K(314560K) Eden: 279616K(279616K)->0K(279616K) From: 19459K(34944K)->19445K(34944K)
[63.784s][info][gc,heap        ] GC(269) Tenured: 623081K(699072K)->626157K(699072K)
[63.784s][info][gc,metaspace   ] GC(269) Metaspace: 10257K(10496K)->10257K(10496K) NonClass: 9373K(9472K)->9373K(9472K) Class: 883K(1024K)->883K(1024K)
[63.784s][info][gc             ] GC(269) Pause Young (Allocation Failure) 900M->630M(989M) 31.318ms
[63.784s][info][gc,cpu         ] GC(269) User=0.03s Sys=0.00s Real=0.03s
[63.886s][info][gc,start       ] GC(270) Pause Young (Allocation Failure)
[63.916s][info][gc,heap        ] GC(270) DefNew: 299061K(314560K)->19179K(314560K) Eden: 279616K(279616K)->0K(279616K) From: 19445K(34944K)->19179K(34944K)
[63.916s][info][gc,heap        ] GC(270) Tenured: 626157K(699072K)->629410K(699072K)
[63.916s][info][gc,metaspace   ] GC(270) Metaspace: 10257K(10496K)->10257K(10496K) NonClass: 9373K(9472K)->9373K(9472K) Class: 883K(1024K)->883K(1024K)
[63.916s][info][gc             ] GC(270) Pause Young (Allocation Failure) 903M->633M(989M) 30.247ms
[63.916s][info][gc,cpu         ] GC(270) User=0.03s Sys=0.00s Real=0.03s
[64.013s][info][gc,start       ] GC(271) Pause Young (Allocation Failure)
[64.045s][info][gc,heap        ] GC(271) DefNew: 298795K(314560K)->19269K(314560K) Eden: 279616K(279616K)->0K(279616K) From: 19179K(34944K)->19269K(34944K)
[64.045s][info][gc,heap        ] GC(271) Tenured: 629410K(699072K)->632543K(699072K)
[64.045s][info][gc,metaspace   ] GC(271) Metaspace: 10257K(10496K)->10257K(10496K) NonClass: 9373K(9472K)->9373K(9472K) Class: 883K(1024K)->883K(1024K)
[64.045s][info][gc             ] GC(271) Pause Young (Allocation Failure) 906M->636M(989M) 31.537ms
[64.045s][info][gc,cpu         ] GC(271) User=0.03s Sys=0.00s Real=0.02s
[64.143s][info][gc,start       ] GC(272) Pause Young (Allocation Failure)
[64.174s][info][gc,heap        ] GC(272) DefNew: 298885K(314560K)->19205K(314560K) Eden: 279616K(279616K)->0K(279616K) From: 19269K(34944K)->19205K(34944K)
[64.174s][info][gc,heap        ] GC(272) Tenured: 632543K(699072K)->635745K(699072K)
[64.174s][info][gc,metaspace   ] GC(272) Metaspace: 10257K(10496K)->10257K(10496K) NonClass: 9373K(9472K)->9373K(9472K) Class: 883K(1024K)->883K(1024K)
[64.174s][info][gc             ] GC(272) Pause Young (Allocation Failure) 909M->639M(989M) 30.811ms
[64.174s][info][gc,cpu         ] GC(272) User=0.03s Sys=0.00s Real=0.02s
[64.271s][info][gc,start       ] GC(273) Pause Young (Allocation Failure)
[64.302s][info][gc,heap        ] GC(273) DefNew: 298821K(314560K)->19098K(314560K) Eden: 279616K(279616K)->0K(279616K) From: 19205K(34944K)->19098K(34944K)
[64.302s][info][gc,heap        ] GC(273) Tenured: 635745K(699072K)->638946K(699072K)
[64.302s][info][gc,metaspace   ] GC(273) Metaspace: 10257K(10496K)->10257K(10496K) NonClass: 9373K(9472K)->9373K(9472K) Class: 883K(1024K)->883K(1024K)
[64.302s][info][gc             ] GC(273) Pause Young (Allocation Failure) 912M->642M(989M) 30.797ms
[64.302s][info][gc,cpu         ] GC(273) User=0.02s Sys=0.00s Real=0.02s
[64.399s][info][gc,start       ] GC(274) Pause Young (Allocation Failure)
[64.429s][info][gc,heap        ] GC(274) DefNew: 298714K(314560K)->19104K(314560K) Eden: 279616K(279616K)->0K(279616K) From: 19098K(34944K)->19104K(34944K)
[64.429s][info][gc,heap        ] GC(274) Tenured: 638946K(699072K)->642000K(699072K)
[64.429s][info][gc,metaspace   ] GC(274) Metaspace: 10257K(10496K)->10257K(10496K) NonClass: 9373K(9472K)->9373K(9472K) Class: 883K(1024K)->883K(1024K)
[64.430s][info][gc             ] GC(274) Pause Young (Allocation Failure) 915M->645M(989M) 30.928ms
[64.430s][info][gc,cpu         ] GC(274) User=0.03s Sys=0.00s Real=0.03s
[64.526s][info][gc,start       ] GC(275) Pause Young (Allocation Failure)
[64.557s][info][gc,heap        ] GC(275) DefNew: 298720K(314560K)->19216K(314560K) Eden: 279616K(279616K)->0K(279616K) From: 19104K(34944K)->19216K(34944K)
[64.557s][info][gc,heap        ] GC(275) Tenured: 642000K(699072K)->645139K(699072K)
[64.557s][info][gc,metaspace   ] GC(275) Metaspace: 10257K(10496K)->10257K(10496K) NonClass: 9373K(9472K)->9373K(9472K) Class: 883K(1024K)->883K(1024K)
[64.557s][info][gc             ] GC(275) Pause Young (Allocation Failure) 918M->648M(989M) 31.043ms
[64.557s][info][gc,cpu         ] GC(275) User=0.03s Sys=0.00s Real=0.03s
[64.655s][info][gc,start       ] GC(276) Pause Young (Allocation Failure)
[64.686s][info][gc,heap        ] GC(276) DefNew: 298832K(314560K)->19204K(314560K) Eden: 279616K(279616K)->0K(279616K) From: 19216K(34944K)->19204K(34944K)
[64.686s][info][gc,heap        ] GC(276) Tenured: 645139K(699072K)->648234K(699072K)
[64.686s][info][gc,metaspace   ] GC(276) Metaspace: 10257K(10496K)->10257K(10496K) NonClass: 9373K(9472K)->9373K(9472K) Class: 883K(1024K)->883K(1024K)
[64.686s][info][gc             ] GC(276) Pause Young (Allocation Failure) 921M->651M(989M) 30.673ms
[64.686s][info][gc,cpu         ] GC(276) User=0.03s Sys=0.00s Real=0.02s
[64.785s][info][gc,start       ] GC(277) Pause Young (Allocation Failure)
[64.819s][info][gc,heap        ] GC(277) DefNew: 298820K(314560K)->19361K(314560K) Eden: 279616K(279616K)->0K(279616K) From: 19204K(34944K)->19361K(34944K)
[64.819s][info][gc,heap        ] GC(277) Tenured: 648234K(699072K)->651326K(699072K)
[64.819s][info][gc,metaspace   ] GC(277) Metaspace: 10257K(10496K)->10257K(10496K) NonClass: 9373K(9472K)->9373K(9472K) Class: 883K(1024K)->883K(1024K)
[64.819s][info][gc             ] GC(277) Pause Young (Allocation Failure) 924M->654M(989M) 33.477ms
[64.819s][info][gc,cpu         ] GC(277) User=0.05s Sys=0.00s Real=0.05s
[65.056s][info][gc,start       ] GC(278) Pause Young (Allocation Failure)
[65.100s][info][gc,heap        ] GC(278) DefNew: 298977K(314560K)->27854K(314560K) Eden: 279616K(279616K)->0K(279616K) From: 19361K(34944K)->27854K(34944K)
[65.100s][info][gc,heap        ] GC(278) Tenured: 651326K(699072K)->654464K(699072K)
[65.100s][info][gc,metaspace   ] GC(278) Metaspace: 10271K(10496K)->10271K(10496K) NonClass: 9387K(9472K)->9387K(9472K) Class: 883K(1024K)->883K(1024K)
[65.100s][info][gc             ] GC(278) Pause Young (Allocation Failure) 928M->666M(989M) 43.933ms
[65.100s][info][gc,cpu         ] GC(278) User=0.05s Sys=0.00s Real=0.04s
[65.538s][info][gc,start       ] GC(279) Pause Young (Allocation Failure)
[65.648s][info][gc,heap        ] GC(279) DefNew: 307470K(314560K)->34944K(314560K) Eden: 279616K(279616K)->0K(279616K) From: 27854K(34944K)->34944K(34944K)
[65.648s][info][gc,heap        ] GC(279) Tenured: 654464K(699072K)->680067K(699072K)
[65.648s][info][gc,metaspace   ] GC(279) Metaspace: 10271K(10496K)->10271K(10496K) NonClass: 9387K(9472K)->9387K(9472K) Class: 883K(1024K)->883K(1024K)
[65.648s][info][gc             ] GC(279) Pause Young (Allocation Failure) 939M->698M(989M) 109.632ms
[65.648s][info][gc,cpu         ] GC(279) User=0.11s Sys=0.00s Real=0.11s
[66.257s][info][gc,start       ] GC(280) Pause Young (Allocation Failure)
[66.437s][info][gc,promotion   ] GC(280) Promotion failed
[66.437s][info][gc             ] GC(280) Pause Young (Allocation Failure) 971M->989M(989M) 179.880ms
[66.437s][info][gc,cpu         ] GC(280) User=0.17s Sys=0.00s Real=0.17s
[66.437s][info][gc,start       ] GC(281) Pause Full (Allocation Failure)
[66.437s][info][gc,phases,start] GC(281) Phase 1: Mark live objects
[66.870s][info][gc,phases      ] GC(281) Phase 1: Mark live objects 432.784ms
[66.870s][info][gc,phases,start] GC(281) Phase 2: Compute new object addresses
[67.046s][info][gc,phases      ] GC(281) Phase 2: Compute new object addresses 175.979ms
[67.046s][info][gc,phases,start] GC(281) Phase 3: Adjust pointers
[67.303s][info][gc,phases      ] GC(281) Phase 3: Adjust pointers 256.935ms
[67.303s][info][gc,phases,start] GC(281) Phase 4: Move objects
[67.363s][info][gc,phases      ] GC(281) Phase 4: Move objects 59.350ms
[67.363s][info][gc,heap        ] GC(281) DefNew: 314560K(314560K)->0K(314560K) Eden: 279616K(279616K)->0K(279616K) From: 34944K(34944K)->0K(34944K)
[67.363s][info][gc,heap        ] GC(281) Tenured: 680067K(699072K)->650629K(699072K)
[67.363s][info][gc,metaspace   ] GC(281) Metaspace: 10271K(10496K)->10271K(10496K) NonClass: 9387K(9472K)->9387K(9472K) Class: 883K(1024K)->883K(1024K)
[67.363s][info][gc             ] GC(281) Pause Full (Allocation Failure) 989M->635M(989M) 925.497ms
[67.363s][info][gc,cpu         ] GC(281) User=0.89s Sys=0.00s Real=0.93s
[67.714s][info][gc,start       ] GC(282) Pause Young (Allocation Failure)
[67.803s][info][gc,heap        ] GC(282) DefNew: 279616K(314560K)->34565K(314560K) Eden: 279616K(279616K)->0K(279616K) From: 0K(34944K)->34565K(34944K)
[67.803s][info][gc,heap        ] GC(282) Tenured: 650629K(699072K)->650629K(699072K)
[67.803s][info][gc,metaspace   ] GC(282) Metaspace: 10271K(10496K)->10271K(10496K) NonClass: 9387K(9472K)->9387K(9472K) Class: 883K(1024K)->883K(1024K)
[67.803s][info][gc             ] GC(282) Pause Young (Allocation Failure) 908M->669M(989M) 89.264ms
[67.803s][info][gc,cpu         ] GC(282) User=0.09s Sys=0.00s Real=0.10s
[68.145s][info][gc,start       ] GC(283) Pause Young (Allocation Failure)
[68.259s][info][gc,heap        ] GC(283) DefNew: 314181K(314560K)->34121K(314560K) Eden: 279616K(279616K)->0K(279616K) From: 34565K(34944K)->34121K(34944K)
[68.259s][info][gc,heap        ] GC(283) Tenured: 650629K(699072K)->683954K(699072K)
[68.259s][info][gc,metaspace   ] GC(283) Metaspace: 10271K(10496K)->10271K(10496K) NonClass: 9387K(9472K)->9387K(9472K) Class: 883K(1024K)->883K(1024K)
[68.259s][info][gc             ] GC(283) Pause Young (Allocation Failure) 942M->701M(989M) 114.880ms
[68.259s][info][gc,cpu         ] GC(283) User=0.12s Sys=0.00s Real=0.12s
[68.585s][info][gc,start       ] GC(284) Pause Young (Allocation Failure)
[68.585s][info][gc             ] GC(284) Pause Young (Allocation Failure) 974M->974M(989M) 0.150ms
[68.585s][info][gc,cpu         ] GC(284) User=0.00s Sys=0.00s Real=0.00s
[68.585s][info][gc,start       ] GC(285) Pause Full (Allocation Failure)
[68.585s][info][gc,phases,start] GC(285) Phase 1: Mark live objects
[69.103s][info][gc,phases      ] GC(285) Phase 1: Mark live objects 517.581ms
[69.103s][info][gc,phases,start] GC(285) Phase 2: Compute new object addresses
[69.281s][info][gc,phases      ] GC(285) Phase 2: Compute new object addresses 178.685ms
[69.281s][info][gc,phases,start] GC(285) Phase 3: Adjust pointers
[69.590s][info][gc,phases      ] GC(285) Phase 3: Adjust pointers 308.922ms
[69.590s][info][gc,phases,start] GC(285) Phase 4: Move objects
[69.761s][info][gc,phases      ] GC(285) Phase 4: Move objects 171.010ms
[69.762s][info][gc,heap        ] GC(285) DefNew: 313737K(314560K)->1896K(314560K) Eden: 279616K(279616K)->1896K(279616K) From: 34121K(34944K)->0K(34944K)
[69.762s][info][gc,heap        ] GC(285) Tenured: 683954K(699072K)->699071K(699072K)
[69.762s][info][gc,metaspace   ] GC(285) Metaspace: 10271K(10496K)->10271K(10496K) NonClass: 9387K(9472K)->9387K(9472K) Class: 883K(1024K)->883K(1024K)
[69.762s][info][gc             ] GC(285) Pause Full (Allocation Failure) 974M->684M(989M) 1176.686ms
[69.762s][info][gc,cpu         ] GC(285) User=1.16s Sys=0.00s Real=1.17s
[70.374s][info][gc,start       ] GC(286) Pause Full (Allocation Failure)
[70.375s][info][gc,phases,start] GC(286) Phase 1: Mark live objects
[70.870s][info][gc,phases      ] GC(286) Phase 1: Mark live objects 495.690ms
[70.870s][info][gc,phases,start] GC(286) Phase 2: Compute new object addresses
[71.057s][info][gc,phases      ] GC(286) Phase 2: Compute new object addresses 186.314ms
[71.057s][info][gc,phases,start] GC(286) Phase 3: Adjust pointers
[71.315s][info][gc,phases      ] GC(286) Phase 3: Adjust pointers 257.952ms
[71.315s][info][gc,phases,start] GC(286) Phase 4: Move objects
[71.344s][info][gc,phases      ] GC(286) Phase 4: Move objects 29.474ms
[71.344s][info][gc,heap        ] GC(286) DefNew: 314559K(314560K)->3337K(314560K) Eden: 279616K(279616K)->3337K(279616K) From: 34943K(34944K)->0K(34944K)
[71.344s][info][gc,heap        ] GC(286) Tenured: 699071K(699072K)->699071K(699072K)
[71.344s][info][gc,metaspace   ] GC(286) Metaspace: 10271K(10496K)->10271K(10496K) NonClass: 9387K(9472K)->9387K(9472K) Class: 883K(1024K)->883K(1024K)
[71.344s][info][gc             ] GC(286) Pause Full (Allocation Failure) 989M->685M(989M) 969.960ms
[71.344s][info][gc,cpu         ] GC(286) User=0.97s Sys=0.00s Real=0.97s
[71.878s][info][gc,start       ] GC(287) Pause Full (Allocation Failure)
[71.878s][info][gc,phases,start] GC(287) Phase 1: Mark live objects
[72.364s][info][gc,phases      ] GC(287) Phase 1: Mark live objects 485.775ms
[72.364s][info][gc,phases,start] GC(287) Phase 2: Compute new object addresses
[72.541s][info][gc,phases      ] GC(287) Phase 2: Compute new object addresses 177.183ms
[72.541s][info][gc,phases,start] GC(287) Phase 3: Adjust pointers
[72.785s][info][gc,phases      ] GC(287) Phase 3: Adjust pointers 243.778ms
[72.785s][info][gc,phases,start] GC(287) Phase 4: Move objects
[72.826s][info][gc,phases      ] GC(287) Phase 4: Move objects 41.191ms
[72.827s][info][gc,heap        ] GC(287) DefNew: 314559K(314560K)->0K(314560K) Eden: 279616K(279616K)->0K(279616K) From: 34943K(34944K)->0K(34944K)
[72.827s][info][gc,heap        ] GC(287) Tenured: 699071K(699072K)->676064K(699072K)
[72.827s][info][gc,metaspace   ] GC(287) Metaspace: 10271K(10496K)->10271K(10496K) NonClass: 9387K(9472K)->9387K(9472K) Class: 883K(1024K)->883K(1024K)
[72.827s][info][gc             ] GC(287) Pause Full (Allocation Failure) 989M->660M(989M) 948.441ms
[72.827s][info][gc,cpu         ] GC(287) User=0.95s Sys=0.00s Real=0.95s
[73.216s][info][gc,start       ] GC(288) Pause Young (Allocation Failure)
[73.216s][info][gc             ] GC(288) Pause Young (Allocation Failure) 933M->933M(989M) 0.124ms
[73.216s][info][gc,cpu         ] GC(288) User=0.00s Sys=0.00s Real=0.00s
[73.216s][info][gc,start       ] GC(289) Pause Full (Allocation Failure)
[73.216s][info][gc,phases,start] GC(289) Phase 1: Mark live objects
[73.685s][info][gc,phases      ] GC(289) Phase 1: Mark live objects 468.959ms
[73.685s][info][gc,phases,start] GC(289) Phase 2: Compute new object addresses
[73.853s][info][gc,phases      ] GC(289) Phase 2: Compute new object addresses 168.263ms
[73.854s][info][gc,phases,start] GC(289) Phase 3: Adjust pointers
[74.083s][info][gc,phases      ] GC(289) Phase 3: Adjust pointers 229.440ms
[74.083s][info][gc,phases,start] GC(289) Phase 4: Move objects
[74.123s][info][gc,phases      ] GC(289) Phase 4: Move objects 39.583ms
[74.123s][info][gc,heap        ] GC(289) DefNew: 279616K(314560K)->0K(314560K) Eden: 279616K(279616K)->0K(279616K) From: 0K(34944K)->0K(34944K)
[74.123s][info][gc,heap        ] GC(289) Tenured: 676064K(699072K)->649431K(699072K)
[74.123s][info][gc,metaspace   ] GC(289) Metaspace: 10271K(10496K)->10271K(10496K) NonClass: 9387K(9472K)->9387K(9472K) Class: 883K(1024K)->883K(1024K)
[74.123s][info][gc             ] GC(289) Pause Full (Allocation Failure) 933M->634M(989M) 906.662ms
[74.123s][info][gc,cpu         ] GC(289) User=0.91s Sys=0.00s Real=0.92s
[74.383s][info][gc,start       ] GC(290) Pause Young (Allocation Failure)
[74.457s][info][gc,heap        ] GC(290) DefNew: 279616K(314560K)->34914K(314560K) Eden: 279616K(279616K)->0K(279616K) From: 0K(34944K)->34914K(34944K)
[74.458s][info][gc,heap        ] GC(290) Tenured: 649431K(699072K)->649431K(699072K)
[74.458s][info][gc,metaspace   ] GC(290) Metaspace: 10271K(10496K)->10271K(10496K) NonClass: 9387K(9472K)->9387K(9472K) Class: 883K(1024K)->883K(1024K)
[74.458s][info][gc             ] GC(290) Pause Young (Allocation Failure) 907M->668M(989M) 74.718ms
[74.458s][info][gc,cpu         ] GC(290) User=0.08s Sys=0.00s Real=0.07s
[74.784s][info][gc,start       ] GC(291) Pause Young (Allocation Failure)
[74.804s][info][gc,heap        ] GC(291) DefNew: 314530K(314560K)->9673K(314560K) Eden: 279616K(279616K)->0K(279616K) From: 34914K(34944K)->9673K(34944K)
[74.804s][info][gc,heap        ] GC(291) Tenured: 649431K(699072K)->651323K(699072K)
[74.804s][info][gc,metaspace   ] GC(291) Metaspace: 10271K(10496K)->10271K(10496K) NonClass: 9387K(9472K)->9387K(9472K) Class: 883K(1024K)->883K(1024K)
[74.804s][info][gc             ] GC(291) Pause Young (Allocation Failure) 941M->645M(989M) 19.334ms
[74.804s][info][gc,cpu         ] GC(291) User=0.03s Sys=0.00s Real=0.02s
[75.012s][info][gc,start       ] GC(292) Pause Young (Allocation Failure)
[75.118s][info][gc,heap        ] GC(292) DefNew: 289289K(314560K)->34944K(314560K) Eden: 279616K(279616K)->0K(279616K) From: 9673K(34944K)->34944K(34944K)
[75.118s][info][gc,heap        ] GC(292) Tenured: 651323K(699072K)->675086K(699072K)
[75.118s][info][gc,metaspace   ] GC(292) Metaspace: 10271K(10496K)->10271K(10496K) NonClass: 9387K(9472K)->9387K(9472K) Class: 883K(1024K)->883K(1024K)
[75.118s][info][gc             ] GC(292) Pause Young (Allocation Failure) 918M->693M(989M) 105.732ms
[75.118s][info][gc,cpu         ] GC(292) User=0.11s Sys=0.00s Real=0.11s
[75.265s][info][gc,start       ] GC(293) Pause Young (Allocation Failure)
[75.265s][info][gc             ] GC(293) Pause Young (Allocation Failure) 966M->966M(989M) 0.150ms
[75.265s][info][gc,cpu         ] GC(293) User=0.00s Sys=0.00s Real=0.00s
[75.265s][info][gc,start       ] GC(294) Pause Full (Allocation Failure)
[75.265s][info][gc,phases,start] GC(294) Phase 1: Mark live objects
[75.605s][info][gc,phases      ] GC(294) Phase 1: Mark live objects 340.269ms
[75.605s][info][gc,phases,start] GC(294) Phase 2: Compute new object addresses
[75.769s][info][gc,phases      ] GC(294) Phase 2: Compute new object addresses 163.301ms
[75.769s][info][gc,phases,start] GC(294) Phase 3: Adjust pointers
[75.979s][info][gc,phases      ] GC(294) Phase 3: Adjust pointers 210.606ms
[75.979s][info][gc,phases,start] GC(294) Phase 4: Move objects
[76.039s][info][gc,phases      ] GC(294) Phase 4: Move objects 59.707ms
[76.039s][info][gc,heap        ] GC(294) DefNew: 314560K(314560K)->0K(314560K) Eden: 279616K(279616K)->0K(279616K) From: 34944K(34944K)->0K(34944K)
[76.039s][info][gc,heap        ] GC(294) Tenured: 675086K(699072K)->521517K(699072K)
[76.039s][info][gc,metaspace   ] GC(294) Metaspace: 10271K(10496K)->10271K(10496K) NonClass: 9387K(9472K)->9387K(9472K) Class: 883K(1024K)->883K(1024K)
[76.039s][info][gc             ] GC(294) Pause Full (Allocation Failure) 966M->509M(989M) 774.367ms
[76.039s][info][gc,cpu         ] GC(294) User=0.77s Sys=0.02s Real=0.77s
[76.264s][info][gc,start       ] GC(295) Pause Young (Allocation Failure)
[76.350s][info][gc,heap        ] GC(295) DefNew: 279616K(314560K)->34943K(314560K) Eden: 279616K(279616K)->0K(279616K) From: 0K(34944K)->34943K(34944K)
[76.350s][info][gc,heap        ] GC(295) Tenured: 521517K(699072K)->521631K(699072K)
[76.350s][info][gc,metaspace   ] GC(295) Metaspace: 10271K(10496K)->10271K(10496K) NonClass: 9387K(9472K)->9387K(9472K) Class: 883K(1024K)->883K(1024K)
[76.350s][info][gc             ] GC(295) Pause Young (Allocation Failure) 782M->543M(989M) 86.098ms
[76.350s][info][gc,cpu         ] GC(295) User=0.08s Sys=0.00s Real=0.08s
[76.581s][info][gc,start       ] GC(296) Pause Young (Allocation Failure)
[76.693s][info][gc,heap        ] GC(296) DefNew: 314559K(314560K)->34944K(314560K) Eden: 279616K(279616K)->0K(279616K) From: 34943K(34944K)->34944K(34944K)
[76.694s][info][gc,heap        ] GC(296) Tenured: 521631K(699072K)->555331K(699072K)
[76.694s][info][gc,metaspace   ] GC(296) Metaspace: 10271K(10496K)->10271K(10496K) NonClass: 9387K(9472K)->9387K(9472K) Class: 883K(1024K)->883K(1024K)
[76.694s][info][gc             ] GC(296) Pause Young (Allocation Failure) 816M->576M(989M) 112.987ms
[76.694s][info][gc,cpu         ] GC(296) User=0.12s Sys=0.00s Real=0.11s
[77.013s][info][gc,start       ] GC(297) Pause Young (Allocation Failure)
[77.052s][info][gc,heap        ] GC(297) DefNew: 314560K(314560K)->6582K(314560K) Eden: 279616K(279616K)->0K(279616K) From: 34944K(34944K)->6582K(34944K)
[77.052s][info][gc,heap        ] GC(297) Tenured: 555331K(699072K)->587211K(699072K)
[77.052s][info][gc,metaspace   ] GC(297) Metaspace: 10271K(10496K)->10271K(10496K) NonClass: 9387K(9472K)->9387K(9472K) Class: 883K(1024K)->883K(1024K)
[77.052s][info][gc             ] GC(297) Pause Young (Allocation Failure) 849M->579M(989M) 39.116ms
[77.052s][info][gc,cpu         ] GC(297) User=0.03s Sys=0.00s Real=0.05s
[77.430s][info][gc,start       ] GC(298) Pause Full (System.gc())
[77.430s][info][gc,phases,start] GC(298) Phase 1: Mark live objects
[77.699s][info][gc,phases      ] GC(298) Phase 1: Mark live objects 269.346ms
[77.699s][info][gc,phases,start] GC(298) Phase 2: Compute new object addresses
[77.831s][info][gc,phases      ] GC(298) Phase 2: Compute new object addresses 132.060ms
[77.831s][info][gc,phases,start] GC(298) Phase 3: Adjust pointers
[77.971s][info][gc,phases      ] GC(298) Phase 3: Adjust pointers 139.162ms
[77.971s][info][gc,phases,start] GC(298) Phase 4: Move objects
[77.976s][info][gc,phases      ] GC(298) Phase 4: Move objects 5.291ms
[77.976s][info][gc,heap        ] GC(298) DefNew: 179789K(314560K)->0K(314560K) Eden: 173207K(279616K)->0K(279616K) From: 6582K(34944K)->0K(34944K)
[77.976s][info][gc,heap        ] GC(298) Tenured: 587211K(699072K)->465866K(699072K)
[77.976s][info][gc,metaspace   ] GC(298) Metaspace: 10272K(10496K)->10272K(10496K) NonClass: 9388K(9472K)->9388K(9472K) Class: 883K(1024K)->883K(1024K)
[77.976s][info][gc             ] GC(298) Pause Full (System.gc()) 749M->454M(989M) 546.342ms
[77.976s][info][gc,cpu         ] GC(298) User=0.55s Sys=0.00s Real=0.55s
[78.122s][info][gc,start       ] GC(299) Pause Young (Allocation Failure)
[78.141s][info][gc,heap        ] GC(299) DefNew: 279616K(314560K)->7144K(314560K) Eden: 279616K(279616K)->0K(279616K) From: 0K(34944K)->7144K(34944K)
[78.141s][info][gc,heap        ] GC(299) Tenured: 465866K(699072K)->465866K(699072K)
[78.141s][info][gc,metaspace   ] GC(299) Metaspace: 10311K(10560K)->10311K(10560K) NonClass: 9428K(9536K)->9428K(9536K) Class: 883K(1024K)->883K(1024K)
[78.141s][info][gc             ] GC(299) Pause Young (Allocation Failure) 728M->461M(989M) 19.070ms
[78.141s][info][gc,cpu         ] GC(299) User=0.05s Sys=0.00s Real=0.02s
[78.269s][info][gc,start       ] GC(300) Pause Young (Allocation Failure)
[78.290s][info][gc,heap        ] GC(300) DefNew: 286760K(314560K)->11829K(314560K) Eden: 279616K(279616K)->0K(279616K) From: 7144K(34944K)->11829K(34944K)
[78.290s][info][gc,heap        ] GC(300) Tenured: 465866K(699072K)->465866K(699072K)
[78.290s][info][gc,metaspace   ] GC(300) Metaspace: 10311K(10560K)->10311K(10560K) NonClass: 9428K(9536K)->9428K(9536K) Class: 883K(1024K)->883K(1024K)
[78.290s][info][gc             ] GC(300) Pause Young (Allocation Failure) 734M->466M(989M) 21.009ms
[78.290s][info][gc,cpu         ] GC(300) User=0.06s Sys=0.00s Real=0.01s
[78.388s][info][gc,start       ] GC(301) Pause Young (Allocation Failure)
[78.412s][info][gc,heap        ] GC(301) DefNew: 291445K(314560K)->15623K(314560K) Eden: 279616K(279616K)->0K(279616K) From: 11829K(34944K)->15623K(34944K)
[78.412s][info][gc,heap        ] GC(301) Tenured: 465866K(699072K)->465866K(699072K)
[78.412s][info][gc,metaspace   ] GC(301) Metaspace: 10311K(10560K)->10311K(10560K) NonClass: 9428K(9536K)->9428K(9536K) Class: 883K(1024K)->883K(1024K)
[78.412s][info][gc             ] GC(301) Pause Young (Allocation Failure) 739M->470M(989M) 23.658ms
[78.412s][info][gc,cpu         ] GC(301) User=0.03s Sys=0.00s Real=0.03s
[78.505s][info][gc,start       ] GC(302) Pause Young (Allocation Failure)
[78.531s][info][gc,heap        ] GC(302) DefNew: 295239K(314560K)->18802K(314560K) Eden: 279616K(279616K)->0K(279616K) From: 15623K(34944K)->18802K(34944K)
[78.531s][info][gc,heap        ] GC(302) Tenured: 465866K(699072K)->465866K(699072K)
[78.531s][info][gc,metaspace   ] GC(302) Metaspace: 10311K(10560K)->10311K(10560K) NonClass: 9428K(9536K)->9428K(9536K) Class: 883K(1024K)->883K(1024K)
[78.531s][info][gc             ] GC(302) Pause Young (Allocation Failure) 743M->473M(989M) 26.023ms
[78.531s][info][gc,cpu         ] GC(302) User=0.02s Sys=0.00s Real=0.03s
[78.625s][info][gc,start       ] GC(303) Pause Young (Allocation Failure)
[78.655s][info][gc,heap        ] GC(303) DefNew: 298418K(314560K)->18428K(314560K) Eden: 279616K(279616K)->0K(279616K) From: 18802K(34944K)->18428K(34944K)
[78.655s][info][gc,heap        ] GC(303) Tenured: 465866K(699072K)->469289K(699072K)
[78.655s][info][gc,metaspace   ] GC(303) Metaspace: 10311K(10560K)->10311K(10560K) NonClass: 9428K(9536K)->9428K(9536K) Class: 883K(1024K)->883K(1024K)
[78.655s][info][gc             ] GC(303) Pause Young (Allocation Failure) 746M->476M(989M) 30.593ms
[78.655s][info][gc,cpu         ] GC(303) User=0.03s Sys=0.00s Real=0.03s
[78.749s][info][gc,start       ] GC(304) Pause Young (Allocation Failure)
[78.778s][info][gc,heap        ] GC(304) DefNew: 298044K(314560K)->18324K(314560K) Eden: 279616K(279616K)->0K(279616K) From: 18428K(34944K)->18324K(34944K)
[78.778s][info][gc,heap        ] GC(304) Tenured: 469289K(699072K)->472342K(699072K)
[78.778s][info][gc,metaspace   ] GC(304) Metaspace: 10311K(10560K)->10311K(10560K) NonClass: 9428K(9536K)->9428K(9536K) Class: 883K(1024K)->883K(1024K)
[78.778s][info][gc             ] GC(304) Pause Young (Allocation Failure) 749M->479M(989M) 29.559ms
[78.778s][info][gc,cpu         ] GC(304) User=0.03s Sys=0.00s Real=0.03s
[78.880s][info][gc,start       ] GC(305) Pause Young (Allocation Failure)
[78.909s][info][gc,heap        ] GC(305) DefNew: 297940K(314560K)->18211K(314560K) Eden: 279616K(279616K)->0K(279616K) From: 18324K(34944K)->18211K(34944K)
[78.909s][info][gc,heap        ] GC(305) Tenured: 472342K(699072K)->475374K(699072K)
[78.909s][info][gc,metaspace   ] GC(305) Metaspace: 10311K(10560K)->10311K(10560K) NonClass: 9428K(9536K)->9428K(9536K) Class: 883K(1024K)->883K(1024K)
[78.909s][info][gc             ] GC(305) Pause Young (Allocation Failure) 752M->482M(989M) 29.470ms
[78.909s][info][gc,cpu         ] GC(305) User=0.02s Sys=0.00s Real=0.02s
[79.006s][info][gc,start       ] GC(306) Pause Young (Allocation Failure)
[79.037s][info][gc,heap        ] GC(306) DefNew: 297827K(314560K)->18819K(314560K) Eden: 279616K(279616K)->0K(279616K) From: 18211K(34944K)->18819K(34944K)
[79.037s][info][gc,heap        ] GC(306) Tenured: 475374K(699072K)->478293K(699072K)
[79.037s][info][gc,metaspace   ] GC(306) Metaspace: 10311K(10560K)->10311K(10560K) NonClass: 9428K(9536K)->9428K(9536K) Class: 883K(1024K)->883K(1024K)
[79.037s][info][gc             ] GC(306) Pause Young (Allocation Failure) 755M->485M(989M) 30.764ms
[79.037s][info][gc,cpu         ] GC(306) User=0.03s Sys=0.00s Real=0.02s
[79.130s][info][gc,start       ] GC(307) Pause Young (Allocation Failure)
[79.160s][info][gc,heap        ] GC(307) DefNew: 298435K(314560K)->18362K(314560K) Eden: 279616K(279616K)->0K(279616K) From: 18819K(34944K)->18362K(34944K)
[79.160s][info][gc,heap        ] GC(307) Tenured: 478293K(699072K)->481339K(699072K)
[79.160s][info][gc,metaspace   ] GC(307) Metaspace: 10311K(10560K)->10311K(10560K) NonClass: 9428K(9536K)->9428K(9536K) Class: 883K(1024K)->883K(1024K)
[79.160s][info][gc             ] GC(307) Pause Young (Allocation Failure) 758M->487M(989M) 29.437ms
[79.160s][info][gc,cpu         ] GC(307) User=0.02s Sys=0.00s Real=0.02s
[79.257s][info][gc,start       ] GC(308) Pause Young (Allocation Failure)
[79.287s][info][gc,heap        ] GC(308) DefNew: 297978K(314560K)->18740K(314560K) Eden: 279616K(279616K)->0K(279616K) From: 18362K(34944K)->18740K(34944K)
[79.288s][info][gc,heap        ] GC(308) Tenured: 481339K(699072K)->484257K(699072K)
[79.288s][info][gc,metaspace   ] GC(308) Metaspace: 10311K(10560K)->10311K(10560K) NonClass: 9428K(9536K)->9428K(9536K) Class: 883K(1024K)->883K(1024K)
[79.288s][info][gc             ] GC(308) Pause Young (Allocation Failure) 761M->491M(989M) 30.308ms
[79.288s][info][gc,cpu         ] GC(308) User=0.03s Sys=0.00s Real=0.02s
[79.383s][info][gc,start       ] GC(309) Pause Young (Allocation Failure)
[79.414s][info][gc,heap        ] GC(309) DefNew: 298356K(314560K)->18779K(314560K) Eden: 279616K(279616K)->0K(279616K) From: 18740K(34944K)->18779K(34944K)
[79.414s][info][gc,heap        ] GC(309) Tenured: 484257K(699072K)->487217K(699072K)
[79.414s][info][gc,metaspace   ] GC(309) Metaspace: 10311K(10560K)->10311K(10560K) NonClass: 9428K(9536K)->9428K(9536K) Class: 883K(1024K)->883K(1024K)
[79.414s][info][gc             ] GC(309) Pause Young (Allocation Failure) 764M->494M(989M) 30.628ms
[79.414s][info][gc,cpu         ] GC(309) User=0.03s Sys=0.00s Real=0.03s
[79.511s][info][gc,start       ] GC(310) Pause Young (Allocation Failure)
[79.541s][info][gc,heap        ] GC(310) DefNew: 298395K(314560K)->18811K(314560K) Eden: 279616K(279616K)->0K(279616K) From: 18779K(34944K)->18811K(34944K)
[79.542s][info][gc,heap        ] GC(310) Tenured: 487217K(699072K)->490387K(699072K)
[79.542s][info][gc,metaspace   ] GC(310) Metaspace: 10311K(10560K)->10311K(10560K) NonClass: 9428K(9536K)->9428K(9536K) Class: 883K(1024K)->883K(1024K)
[79.542s][info][gc             ] GC(310) Pause Young (Allocation Failure) 767M->497M(989M) 30.911ms
[79.542s][info][gc,cpu         ] GC(310) User=0.03s Sys=0.00s Real=0.03s
[79.639s][info][gc,start       ] GC(311) Pause Young (Allocation Failure)
[79.669s][info][gc,heap        ] GC(311) DefNew: 298427K(314560K)->18831K(314560K) Eden: 279616K(279616K)->0K(279616K) From: 18811K(34944K)->18831K(34944K)
[79.669s][info][gc,heap        ] GC(311) Tenured: 490387K(699072K)->493332K(699072K)
[79.669s][info][gc,metaspace   ] GC(311) Metaspace: 10311K(10560K)->10311K(10560K) NonClass: 9428K(9536K)->9428K(9536K) Class: 883K(1024K)->883K(1024K)
[79.669s][info][gc             ] GC(311) Pause Young (Allocation Failure) 770M->500M(989M) 30.377ms
[79.669s][info][gc,cpu         ] GC(311) User=0.03s Sys=0.00s Real=0.02s
[79.763s][info][gc,start       ] GC(312) Pause Young (Allocation Failure)
[79.794s][info][gc,heap        ] GC(312) DefNew: 298447K(314560K)->18823K(314560K) Eden: 279616K(279616K)->0K(279616K) From: 18831K(34944K)->18823K(34944K)
[79.794s][info][gc,heap        ] GC(312) Tenured: 493332K(699072K)->496422K(699072K)
[79.794s][info][gc,metaspace   ] GC(312) Metaspace: 10311K(10560K)->10311K(10560K) NonClass: 9428K(9536K)->9428K(9536K) Class: 883K(1024K)->883K(1024K)
[79.794s][info][gc             ] GC(312) Pause Young (Allocation Failure) 773M->503M(989M) 30.593ms
[79.794s][info][gc,cpu         ] GC(312) User=0.03s Sys=0.00s Real=0.03s
[79.893s][info][gc,start       ] GC(313) Pause Young (Allocation Failure)
[79.923s][info][gc,heap        ] GC(313) DefNew: 298439K(314560K)->18945K(314560K) Eden: 279616K(279616K)->0K(279616K) From: 18823K(34944K)->18945K(34944K)
[79.923s][info][gc,heap        ] GC(313) Tenured: 496422K(699072K)->499443K(699072K)
[79.923s][info][gc,metaspace   ] GC(313) Metaspace: 10311K(10560K)->10311K(10560K) NonClass: 9428K(9536K)->9428K(9536K) Class: 883K(1024K)->883K(1024K)
[79.923s][info][gc             ] GC(313) Pause Young (Allocation Failure) 776M->506M(989M) 30.533ms
[79.923s][info][gc,cpu         ] GC(313) User=0.03s Sys=0.00s Real=0.02s
[80.019s][info][gc,start       ] GC(314) Pause Young (Allocation Failure)
[80.050s][info][gc,heap        ] GC(314) DefNew: 298561K(314560K)->18989K(314560K) Eden: 279616K(279616K)->0K(279616K) From: 18945K(34944K)->18989K(34944K)
[80.050s][info][gc,heap        ] GC(314) Tenured: 499443K(699072K)->502489K(699072K)
[80.050s][info][gc,metaspace   ] GC(314) Metaspace: 10311K(10560K)->10311K(10560K) NonClass: 9428K(9536K)->9428K(9536K) Class: 883K(1024K)->883K(1024K)
[80.050s][info][gc             ] GC(314) Pause Young (Allocation Failure) 779M->509M(989M) 30.911ms
[80.050s][info][gc,cpu         ] GC(314) User=0.03s Sys=0.00s Real=0.03s
[80.145s][info][gc,start       ] GC(315) Pause Young (Allocation Failure)
[80.176s][info][gc,heap        ] GC(315) DefNew: 298605K(314560K)->18882K(314560K) Eden: 279616K(279616K)->0K(279616K) From: 18989K(34944K)->18882K(34944K)
[80.176s][info][gc,heap        ] GC(315) Tenured: 502489K(699072K)->505656K(699072K)
[80.176s][info][gc,metaspace   ] GC(315) Metaspace: 10311K(10560K)->10311K(10560K) NonClass: 9428K(9536K)->9428K(9536K) Class: 883K(1024K)->883K(1024K)
[80.176s][info][gc             ] GC(315) Pause Young (Allocation Failure) 782M->512M(989M) 30.922ms
[80.176s][info][gc,cpu         ] GC(315) User=0.02s Sys=0.00s Real=0.03s
[80.273s][info][gc,start       ] GC(316) Pause Young (Allocation Failure)
[80.303s][info][gc,heap        ] GC(316) DefNew: 298498K(314560K)->18967K(314560K) Eden: 279616K(279616K)->0K(279616K) From: 18882K(34944K)->18967K(34944K)
[80.303s][info][gc,heap        ] GC(316) Tenured: 505656K(699072K)->508653K(699072K)
[80.303s][info][gc,metaspace   ] GC(316) Metaspace: 10311K(10560K)->10311K(10560K) NonClass: 9428K(9536K)->9428K(9536K) Class: 883K(1024K)->883K(1024K)
[80.303s][info][gc             ] GC(316) Pause Young (Allocation Failure) 785M->515M(989M) 30.510ms
[80.303s][info][gc,cpu         ] GC(316) User=0.03s Sys=0.00s Real=0.03s
[80.398s][info][gc,start       ] GC(317) Pause Young (Allocation Failure)
[80.428s][info][gc,heap        ] GC(317) DefNew: 298583K(314560K)->18751K(314560K) Eden: 279616K(279616K)->0K(279616K) From: 18967K(34944K)->18751K(34944K)
[80.428s][info][gc,heap        ] GC(317) Tenured: 508653K(699072K)->511774K(699072K)
[80.428s][info][gc,metaspace   ] GC(317) Metaspace: 10311K(10560K)->10311K(10560K) NonClass: 9428K(9536K)->9428K(9536K) Class: 883K(1024K)->883K(1024K)
[80.428s][info][gc             ] GC(317) Pause Young (Allocation Failure) 788M->518M(989M) 29.792ms
[80.428s][info][gc,cpu         ] GC(317) User=0.03s Sys=0.00s Real=0.03s
[80.525s][info][gc,start       ] GC(318) Pause Young (Allocation Failure)
[80.556s][info][gc,heap        ] GC(318) DefNew: 298367K(314560K)->18798K(314560K) Eden: 279616K(279616K)->0K(279616K) From: 18751K(34944K)->18798K(34944K)
[80.556s][info][gc,heap        ] GC(318) Tenured: 511774K(699072K)->514875K(699072K)
[80.556s][info][gc,metaspace   ] GC(318) Metaspace: 10311K(10560K)->10311K(10560K) NonClass: 9428K(9536K)->9428K(9536K) Class: 883K(1024K)->883K(1024K)
[80.556s][info][gc             ] GC(318) Pause Young (Allocation Failure) 791M->521M(989M) 31.175ms
[80.556s][info][gc,cpu         ] GC(318) User=0.03s Sys=0.00s Real=0.02s
[80.652s][info][gc,start       ] GC(319) Pause Young (Allocation Failure)
[80.681s][info][gc,heap        ] GC(319) DefNew: 298414K(314560K)->18597K(314560K) Eden: 279616K(279616K)->0K(279616K) From: 18798K(34944K)->18597K(34944K)
[80.681s][info][gc,heap        ] GC(319) Tenured: 514875K(699072K)->518002K(699072K)
[80.681s][info][gc,metaspace   ] GC(319) Metaspace: 10311K(10560K)->10311K(10560K) NonClass: 9428K(9536K)->9428K(9536K) Class: 883K(1024K)->883K(1024K)
[80.681s][info][gc             ] GC(319) Pause Young (Allocation Failure) 794M->524M(989M) 29.910ms
[80.681s][info][gc,cpu         ] GC(319) User=0.03s Sys=0.00s Real=0.02s
[80.776s][info][gc,start       ] GC(320) Pause Young (Allocation Failure)
[80.807s][info][gc,heap        ] GC(320) DefNew: 298213K(314560K)->18606K(314560K) Eden: 279616K(279616K)->0K(279616K) From: 18597K(34944K)->18606K(34944K)
[80.807s][info][gc,heap        ] GC(320) Tenured: 518002K(699072K)->521128K(699072K)
[80.807s][info][gc,metaspace   ] GC(320) Metaspace: 10311K(10560K)->10311K(10560K) NonClass: 9428K(9536K)->9428K(9536K) Class: 883K(1024K)->883K(1024K)
[80.807s][info][gc             ] GC(320) Pause Young (Allocation Failure) 797M->527M(989M) 31.003ms
[80.807s][info][gc,cpu         ] GC(320) User=0.03s Sys=0.00s Real=0.03s
[80.908s][info][gc,start       ] GC(321) Pause Young (Allocation Failure)
[80.937s][info][gc,heap        ] GC(321) DefNew: 298222K(314560K)->18725K(314560K) Eden: 279616K(279616K)->0K(279616K) From: 18606K(34944K)->18725K(34944K)
[80.938s][info][gc,heap        ] GC(321) Tenured: 521128K(699072K)->524016K(699072K)
[80.938s][info][gc,metaspace   ] GC(321) Metaspace: 10311K(10560K)->10311K(10560K) NonClass: 9428K(9536K)->9428K(9536K) Class: 883K(1024K)->883K(1024K)
[80.938s][info][gc             ] GC(321) Pause Young (Allocation Failure) 800M->530M(989M) 29.899ms
[80.938s][info][gc,cpu         ] GC(321) User=0.03s Sys=0.00s Real=0.02s
[81.034s][info][gc,start       ] GC(322) Pause Young (Allocation Failure)
[81.064s][info][gc,heap        ] GC(322) DefNew: 298341K(314560K)->18846K(314560K) Eden: 279616K(279616K)->0K(279616K) From: 18725K(34944K)->18846K(34944K)
[81.064s][info][gc,heap        ] GC(322) Tenured: 524016K(699072K)->527118K(699072K)
[81.064s][info][gc,metaspace   ] GC(322) Metaspace: 10311K(10560K)->10311K(10560K) NonClass: 9428K(9536K)->9428K(9536K) Class: 883K(1024K)->883K(1024K)
[81.064s][info][gc             ] GC(322) Pause Young (Allocation Failure) 803M->533M(989M) 30.577ms
[81.064s][info][gc,cpu         ] GC(322) User=0.03s Sys=0.00s Real=0.02s
[81.160s][info][gc,start       ] GC(323) Pause Young (Allocation Failure)
[81.190s][info][gc,heap        ] GC(323) DefNew: 298462K(314560K)->18692K(314560K) Eden: 279616K(279616K)->0K(279616K) From: 18846K(34944K)->18692K(34944K)
[81.190s][info][gc,heap        ] GC(323) Tenured: 527118K(699072K)->530200K(699072K)
[81.190s][info][gc,metaspace   ] GC(323) Metaspace: 10311K(10560K)->10311K(10560K) NonClass: 9428K(9536K)->9428K(9536K) Class: 883K(1024K)->883K(1024K)
[81.190s][info][gc             ] GC(323) Pause Young (Allocation Failure) 806M->536M(989M) 30.022ms
[81.190s][info][gc,cpu         ] GC(323) User=0.03s Sys=0.00s Real=0.02s
[81.288s][info][gc,start       ] GC(324) Pause Young (Allocation Failure)
[81.318s][info][gc,heap        ] GC(324) DefNew: 298308K(314560K)->18981K(314560K) Eden: 279616K(279616K)->0K(279616K) From: 18692K(34944K)->18981K(34944K)
[81.318s][info][gc,heap        ] GC(324) Tenured: 530200K(699072K)->533135K(699072K)
[81.318s][info][gc,metaspace   ] GC(324) Metaspace: 10311K(10560K)->10311K(10560K) NonClass: 9428K(9536K)->9428K(9536K) Class: 883K(1024K)->883K(1024K)
[81.318s][info][gc             ] GC(324) Pause Young (Allocation Failure) 809M->539M(989M) 30.681ms
[81.318s][info][gc,cpu         ] GC(324) User=0.03s Sys=0.00s Real=0.03s
[81.412s][info][gc,start       ] GC(325) Pause Young (Allocation Failure)
[81.443s][info][gc,heap        ] GC(325) DefNew: 298597K(314560K)->19028K(314560K) Eden: 279616K(279616K)->0K(279616K) From: 18981K(34944K)->19028K(34944K)
[81.443s][info][gc,heap        ] GC(325) Tenured: 533135K(699072K)->536128K(699072K)
[81.443s][info][gc,metaspace   ] GC(325) Metaspace: 10311K(10560K)->10311K(10560K) NonClass: 9428K(9536K)->9428K(9536K) Class: 883K(1024K)->883K(1024K)
[81.443s][info][gc             ] GC(325) Pause Young (Allocation Failure) 812M->542M(989M) 30.503ms
[81.443s][info][gc,cpu         ] GC(325) User=0.03s Sys=0.00s Real=0.03s
[81.538s][info][gc,start       ] GC(326) Pause Young (Allocation Failure)
[81.569s][info][gc,heap        ] GC(326) DefNew: 298644K(314560K)->18953K(314560K) Eden: 279616K(279616K)->0K(279616K) From: 19028K(34944K)->18953K(34944K)
[81.569s][info][gc,heap        ] GC(326) Tenured: 536128K(699072K)->539313K(699072K)
[81.569s][info][gc,metaspace   ] GC(326) Metaspace: 10311K(10560K)->10311K(10560K) NonClass: 9428K(9536K)->9428K(9536K) Class: 883K(1024K)->883K(1024K)
[81.569s][info][gc             ] GC(326) Pause Young (Allocation Failure) 815M->545M(989M) 30.961ms
[81.569s][info][gc,cpu         ] GC(326) User=0.03s Sys=0.00s Real=0.03s
[81.666s][info][gc,start       ] GC(327) Pause Young (Allocation Failure)
[81.697s][info][gc,heap        ] GC(327) DefNew: 298569K(314560K)->18976K(314560K) Eden: 279616K(279616K)->0K(279616K) From: 18953K(34944K)->18976K(34944K)
[81.697s][info][gc,heap        ] GC(327) Tenured: 539313K(699072K)->542367K(699072K)
[81.697s][info][gc,metaspace   ] GC(327) Metaspace: 10311K(10560K)->10311K(10560K) NonClass: 9428K(9536K)->9428K(9536K) Class: 883K(1024K)->883K(1024K)
[81.697s][info][gc             ] GC(327) Pause Young (Allocation Failure) 818M->548M(989M) 30.893ms
[81.697s][info][gc,cpu         ] GC(327) User=0.03s Sys=0.00s Real=0.03s
[81.795s][info][gc,start       ] GC(328) Pause Young (Allocation Failure)
[81.826s][info][gc,heap        ] GC(328) DefNew: 298592K(314560K)->18660K(314560K) Eden: 279616K(279616K)->0K(279616K) From: 18976K(34944K)->18660K(34944K)
[81.826s][info][gc,heap        ] GC(328) Tenured: 542367K(699072K)->545543K(699072K)
[81.826s][info][gc,metaspace   ] GC(328) Metaspace: 10311K(10560K)->10311K(10560K) NonClass: 9428K(9536K)->9428K(9536K) Class: 883K(1024K)->883K(1024K)
[81.826s][info][gc             ] GC(328) Pause Young (Allocation Failure) 821M->550M(989M) 30.541ms
[81.826s][info][gc,cpu         ] GC(328) User=0.03s Sys=0.00s Real=0.03s
[81.923s][info][gc,start       ] GC(329) Pause Young (Allocation Failure)
[81.954s][info][gc,heap        ] GC(329) DefNew: 298276K(314560K)->18895K(314560K) Eden: 279616K(279616K)->0K(279616K) From: 18660K(34944K)->18895K(34944K)
[81.954s][info][gc,heap        ] GC(329) Tenured: 545543K(699072K)->548603K(699072K)
[81.954s][info][gc,metaspace   ] GC(329) Metaspace: 10311K(10560K)->10311K(10560K) NonClass: 9428K(9536K)->9428K(9536K) Class: 883K(1024K)->883K(1024K)
[81.954s][info][gc             ] GC(329) Pause Young (Allocation Failure) 824M->554M(989M) 30.913ms
[81.954s][info][gc,cpu         ] GC(329) User=0.03s Sys=0.00s Real=0.02s
[82.050s][info][gc,start       ] GC(330) Pause Young (Allocation Failure)
[82.080s][info][gc,heap        ] GC(330) DefNew: 298511K(314560K)->18733K(314560K) Eden: 279616K(279616K)->0K(279616K) From: 18895K(34944K)->18733K(34944K)
[82.080s][info][gc,heap        ] GC(330) Tenured: 548603K(699072K)->551711K(699072K)
[82.080s][info][gc,metaspace   ] GC(330) Metaspace: 10311K(10560K)->10311K(10560K) NonClass: 9428K(9536K)->9428K(9536K) Class: 883K(1024K)->883K(1024K)
[82.080s][info][gc             ] GC(330) Pause Young (Allocation Failure) 827M->557M(989M) 30.046ms
[82.080s][info][gc,cpu         ] GC(330) User=0.03s Sys=0.00s Real=0.03s
[82.175s][info][gc,start       ] GC(331) Pause Young (Allocation Failure)
[82.205s][info][gc,heap        ] GC(331) DefNew: 298349K(314560K)->18763K(314560K) Eden: 279616K(279616K)->0K(279616K) From: 18733K(34944K)->18763K(34944K)
[82.205s][info][gc,heap        ] GC(331) Tenured: 551711K(699072K)->554770K(699072K)
[82.205s][info][gc,metaspace   ] GC(331) Metaspace: 10311K(10560K)->10311K(10560K) NonClass: 9428K(9536K)->9428K(9536K) Class: 883K(1024K)->883K(1024K)
[82.205s][info][gc             ] GC(331) Pause Young (Allocation Failure) 830M->560M(989M) 29.926ms
[82.205s][info][gc,cpu         ] GC(331) User=0.03s Sys=0.00s Real=0.02s
[82.300s][info][gc,start       ] GC(332) Pause Young (Allocation Failure)
[82.329s][info][gc,heap        ] GC(332) DefNew: 298379K(314560K)->18782K(314560K) Eden: 279616K(279616K)->0K(279616K) From: 18763K(34944K)->18782K(34944K)
[82.329s][info][gc,heap        ] GC(332) Tenured: 554770K(699072K)->557727K(699072K)
[82.329s][info][gc,metaspace   ] GC(332) Metaspace: 10311K(10560K)->10311K(10560K) NonClass: 9428K(9536K)->9428K(9536K) Class: 883K(1024K)->883K(1024K)
[82.329s][info][gc             ] GC(332) Pause Young (Allocation Failure) 833M->562M(989M) 29.587ms
[82.329s][info][gc,cpu         ] GC(332) User=0.03s Sys=0.00s Real=0.02s
[82.424s][info][gc,start       ] GC(333) Pause Young (Allocation Failure)
[82.454s][info][gc,heap        ] GC(333) DefNew: 298398K(314560K)->18649K(314560K) Eden: 279616K(279616K)->0K(279616K) From: 18782K(34944K)->18649K(34944K)
[82.454s][info][gc,heap        ] GC(333) Tenured: 557727K(699072K)->560954K(699072K)
[82.454s][info][gc,metaspace   ] GC(333) Metaspace: 10311K(10560K)->10311K(10560K) NonClass: 9428K(9536K)->9428K(9536K) Class: 883K(1024K)->883K(1024K)
[82.454s][info][gc             ] GC(333) Pause Young (Allocation Failure) 836M->566M(989M) 30.314ms
[82.454s][info][gc,cpu         ] GC(333) User=0.03s Sys=0.00s Real=0.02s
[82.551s][info][gc,start       ] GC(334) Pause Young (Allocation Failure)
[82.583s][info][gc,heap        ] GC(334) DefNew: 298265K(314560K)->18875K(314560K) Eden: 279616K(279616K)->0K(279616K) From: 18649K(34944K)->18875K(34944K)
[82.583s][info][gc,heap        ] GC(334) Tenured: 560954K(699072K)->563931K(699072K)
[82.583s][info][gc,metaspace   ] GC(334) Metaspace: 10311K(10560K)->10311K(10560K) NonClass: 9428K(9536K)->9428K(9536K) Class: 883K(1024K)->883K(1024K)
[82.583s][info][gc             ] GC(334) Pause Young (Allocation Failure) 839M->569M(989M) 32.655ms
[82.583s][info][gc,cpu         ] GC(334) User=0.03s Sys=0.00s Real=0.03s
[82.678s][info][gc,start       ] GC(335) Pause Young (Allocation Failure)
[82.708s][info][gc,heap        ] GC(335) DefNew: 298491K(314560K)->18666K(314560K) Eden: 279616K(279616K)->0K(279616K) From: 18875K(34944K)->18666K(34944K)
[82.708s][info][gc,heap        ] GC(335) Tenured: 563931K(699072K)->567047K(699072K)
[82.708s][info][gc,metaspace   ] GC(335) Metaspace: 10311K(10560K)->10311K(10560K) NonClass: 9428K(9536K)->9428K(9536K) Class: 883K(1024K)->883K(1024K)
[82.708s][info][gc             ] GC(335) Pause Young (Allocation Failure) 842M->571M(989M) 30.173ms
[82.708s][info][gc,cpu         ] GC(335) User=0.03s Sys=0.00s Real=0.02s
[82.809s][info][gc,start       ] GC(336) Pause Young (Allocation Failure)
[82.839s][info][gc,heap        ] GC(336) DefNew: 298282K(314560K)->18700K(314560K) Eden: 279616K(279616K)->0K(279616K) From: 18666K(34944K)->18700K(34944K)
[82.839s][info][gc,heap        ] GC(336) Tenured: 567047K(699072K)->570032K(699072K)
[82.839s][info][gc,metaspace   ] GC(336) Metaspace: 10311K(10560K)->10311K(10560K) NonClass: 9428K(9536K)->9428K(9536K) Class: 883K(1024K)->883K(1024K)
[82.839s][info][gc             ] GC(336) Pause Young (Allocation Failure) 845M->574M(989M) 30.070ms
[82.839s][info][gc,cpu         ] GC(336) User=0.03s Sys=0.00s Real=0.02s
[82.933s][info][gc,start       ] GC(337) Pause Young (Allocation Failure)
[82.963s][info][gc,heap        ] GC(337) DefNew: 298316K(314560K)->18402K(314560K) Eden: 279616K(279616K)->0K(279616K) From: 18700K(34944K)->18402K(34944K)
[82.963s][info][gc,heap        ] GC(337) Tenured: 570032K(699072K)->573160K(699072K)
[82.963s][info][gc,metaspace   ] GC(337) Metaspace: 10311K(10560K)->10311K(10560K) NonClass: 9428K(9536K)->9428K(9536K) Class: 883K(1024K)->883K(1024K)
[82.963s][info][gc             ] GC(337) Pause Young (Allocation Failure) 847M->577M(989M) 29.754ms
[82.963s][info][gc,cpu         ] GC(337) User=0.03s Sys=0.00s Real=0.02s
[83.060s][info][gc,start       ] GC(338) Pause Young (Allocation Failure)
[83.090s][info][gc,heap        ] GC(338) DefNew: 298018K(314560K)->18543K(314560K) Eden: 279616K(279616K)->0K(279616K) From: 18402K(34944K)->18543K(34944K)
[83.090s][info][gc,heap        ] GC(338) Tenured: 573160K(699072K)->576239K(699072K)
[83.090s][info][gc,metaspace   ] GC(338) Metaspace: 10311K(10560K)->10311K(10560K) NonClass: 9428K(9536K)->9428K(9536K) Class: 883K(1024K)->883K(1024K)
[83.090s][info][gc             ] GC(338) Pause Young (Allocation Failure) 850M->580M(989M) 30.264ms
[83.090s][info][gc,cpu         ] GC(338) User=0.03s Sys=0.00s Real=0.03s
[83.184s][info][gc,start       ] GC(339) Pause Young (Allocation Failure)
[83.214s][info][gc,heap        ] GC(339) DefNew: 298159K(314560K)->18615K(314560K) Eden: 279616K(279616K)->0K(279616K) From: 18543K(34944K)->18615K(34944K)
[83.214s][info][gc,heap        ] GC(339) Tenured: 576239K(699072K)->579228K(699072K)
[83.214s][info][gc,metaspace   ] GC(339) Metaspace: 10311K(10560K)->10311K(10560K) NonClass: 9428K(9536K)->9428K(9536K) Class: 883K(1024K)->883K(1024K)
[83.214s][info][gc             ] GC(339) Pause Young (Allocation Failure) 853M->583M(989M) 30.106ms
[83.214s][info][gc,cpu         ] GC(339) User=0.03s Sys=0.00s Real=0.03s
[83.311s][info][gc,start       ] GC(340) Pause Young (Allocation Failure)
[83.341s][info][gc,heap        ] GC(340) DefNew: 298231K(314560K)->18686K(314560K) Eden: 279616K(279616K)->0K(279616K) From: 18615K(34944K)->18686K(34944K)
[83.341s][info][gc,heap        ] GC(340) Tenured: 579228K(699072K)->582247K(699072K)
[83.341s][info][gc,metaspace   ] GC(340) Metaspace: 10311K(10560K)->10311K(10560K) NonClass: 9428K(9536K)->9428K(9536K) Class: 883K(1024K)->883K(1024K)
[83.341s][info][gc             ] GC(340) Pause Young (Allocation Failure) 856M->586M(989M) 30.267ms
[83.341s][info][gc,cpu         ] GC(340) User=0.03s Sys=0.00s Real=0.03s
[83.437s][info][gc,start       ] GC(341) Pause Young (Allocation Failure)
[83.467s][info][gc,heap        ] GC(341) DefNew: 298302K(314560K)->18943K(314560K) Eden: 279616K(279616K)->0K(279616K) From: 18686K(34944K)->18943K(34944K)
[83.467s][info][gc,heap        ] GC(341) Tenured: 582247K(699072K)->585144K(699072K)
[83.467s][info][gc,metaspace   ] GC(341) Metaspace: 10311K(10560K)->10311K(10560K) NonClass: 9428K(9536K)->9428K(9536K) Class: 883K(1024K)->883K(1024K)
[83.467s][info][gc             ] GC(341) Pause Young (Allocation Failure) 859M->589M(989M) 30.350ms
[83.467s][info][gc,cpu         ] GC(341) User=0.03s Sys=0.00s Real=0.03s
[83.564s][info][gc,start       ] GC(342) Pause Young (Allocation Failure)
[83.594s][info][gc,heap        ] GC(342) DefNew: 298559K(314560K)->18910K(314560K) Eden: 279616K(279616K)->0K(279616K) From: 18943K(34944K)->18910K(34944K)
[83.594s][info][gc,heap        ] GC(342) Tenured: 585144K(699072K)->588260K(699072K)
[83.594s][info][gc,metaspace   ] GC(342) Metaspace: 10311K(10560K)->10311K(10560K) NonClass: 9428K(9536K)->9428K(9536K) Class: 883K(1024K)->883K(1024K)
[83.594s][info][gc             ] GC(342) Pause Young (Allocation Failure) 862M->592M(989M) 30.336ms
[83.594s][info][gc,cpu         ] GC(342) User=0.03s Sys=0.00s Real=0.03s
[83.691s][info][gc,start       ] GC(343) Pause Young (Allocation Failure)
[83.722s][info][gc,heap        ] GC(343) DefNew: 298526K(314560K)->19289K(314560K) Eden: 279616K(279616K)->0K(279616K) From: 18910K(34944K)->19289K(34944K)
[83.722s][info][gc,heap        ] GC(343) Tenured: 588260K(699072K)->591186K(699072K)
[83.722s][info][gc,metaspace   ] GC(343) Metaspace: 10311K(10560K)->10311K(10560K) NonClass: 9428K(9536K)->9428K(9536K) Class: 883K(1024K)->883K(1024K)
[83.722s][info][gc             ] GC(343) Pause Young (Allocation Failure) 866M->596M(989M) 30.800ms
[83.722s][info][gc,cpu         ] GC(343) User=0.03s Sys=0.00s Real=0.03s
[83.827s][info][gc,start       ] GC(344) Pause Young (Allocation Failure)
[83.859s][info][gc,heap        ] GC(344) DefNew: 298905K(314560K)->19248K(314560K) Eden: 279616K(279616K)->0K(279616K) From: 19289K(34944K)->19248K(34944K)
[83.859s][info][gc,heap        ] GC(344) Tenured: 591186K(699072K)->594323K(699072K)
[83.859s][info][gc,metaspace   ] GC(344) Metaspace: 10311K(10560K)->10311K(10560K) NonClass: 9428K(9536K)->9428K(9536K) Class: 883K(1024K)->883K(1024K)
[83.859s][info][gc             ] GC(344) Pause Young (Allocation Failure) 869M->599M(989M) 31.384ms
[83.859s][info][gc,cpu         ] GC(344) User=0.03s Sys=0.00s Real=0.03s
[83.956s][info][gc,start       ] GC(345) Pause Young (Allocation Failure)
[83.987s][info][gc,heap        ] GC(345) DefNew: 298864K(314560K)->19387K(314560K) Eden: 279616K(279616K)->0K(279616K) From: 19248K(34944K)->19387K(34944K)
[83.987s][info][gc,heap        ] GC(345) Tenured: 594323K(699072K)->597415K(699072K)
[83.987s][info][gc,metaspace   ] GC(345) Metaspace: 10311K(10560K)->10311K(10560K) NonClass: 9428K(9536K)->9428K(9536K) Class: 883K(1024K)->883K(1024K)
[83.987s][info][gc             ] GC(345) Pause Young (Allocation Failure) 872M->602M(989M) 30.989ms
[83.987s][info][gc,cpu         ] GC(345) User=0.03s Sys=0.00s Real=0.03s
[84.084s][info][gc,start       ] GC(346) Pause Young (Allocation Failure)
[84.115s][info][gc,heap        ] GC(346) DefNew: 299003K(314560K)->19315K(314560K) Eden: 279616K(279616K)->0K(279616K) From: 19387K(34944K)->19315K(34944K)
[84.115s][info][gc,heap        ] GC(346) Tenured: 597415K(699072K)->600582K(699072K)
[84.115s][info][gc,metaspace   ] GC(346) Metaspace: 10311K(10560K)->10311K(10560K) NonClass: 9428K(9536K)->9428K(9536K) Class: 883K(1024K)->883K(1024K)
[84.115s][info][gc             ] GC(346) Pause Young (Allocation Failure) 875M->605M(989M) 30.926ms
[84.115s][info][gc,cpu         ] GC(346) User=0.03s Sys=0.00s Real=0.02s
[84.212s][info][gc,start       ] GC(347) Pause Young (Allocation Failure)
[84.243s][info][gc,heap        ] GC(347) DefNew: 298931K(314560K)->19444K(314560K) Eden: 279616K(279616K)->0K(279616K) From: 19315K(34944K)->19444K(34944K)
[84.243s][info][gc,heap        ] GC(347) Tenured: 600582K(699072K)->603623K(699072K)
[84.243s][info][gc,metaspace   ] GC(347) Metaspace: 10311K(10560K)->10311K(10560K) NonClass: 9428K(9536K)->9428K(9536K) Class: 883K(1024K)->883K(1024K)
[84.243s][info][gc             ] GC(347) Pause Young (Allocation Failure) 878M->608M(989M) 31.107ms
[84.243s][info][gc,cpu         ] GC(347) User=0.03s Sys=0.00s Real=0.03s
[84.342s][info][gc,start       ] GC(348) Pause Young (Allocation Failure)
[84.374s][info][gc,heap        ] GC(348) DefNew: 299060K(314560K)->19535K(314560K) Eden: 279616K(279616K)->0K(279616K) From: 19444K(34944K)->19535K(34944K)
[84.374s][info][gc,heap        ] GC(348) Tenured: 603623K(699072K)->606897K(699072K)
[84.374s][info][gc,metaspace   ] GC(348) Metaspace: 10311K(10560K)->10311K(10560K) NonClass: 9428K(9536K)->9428K(9536K) Class: 883K(1024K)->883K(1024K)
[84.374s][info][gc             ] GC(348) Pause Young (Allocation Failure) 881M->611M(989M) 31.523ms
[84.374s][info][gc,cpu         ] GC(348) User=0.03s Sys=0.00s Real=0.02s
[84.469s][info][gc,start       ] GC(349) Pause Young (Allocation Failure)
[84.500s][info][gc,heap        ] GC(349) DefNew: 299151K(314560K)->19349K(314560K) Eden: 279616K(279616K)->0K(279616K) From: 19535K(34944K)->19349K(34944K)
[84.500s][info][gc,heap        ] GC(349) Tenured: 606897K(699072K)->610103K(699072K)
[84.500s][info][gc,metaspace   ] GC(349) Metaspace: 10311K(10560K)->10311K(10560K) NonClass: 9428K(9536K)->9428K(9536K) Class: 883K(1024K)->883K(1024K)
[84.500s][info][gc             ] GC(349) Pause Young (Allocation Failure) 884M->614M(989M) 30.625ms
[84.500s][info][gc,cpu         ] GC(349) User=0.03s Sys=0.00s Real=0.02s
[84.596s][info][gc,start       ] GC(350) Pause Young (Allocation Failure)
[84.627s][info][gc,heap        ] GC(350) DefNew: 298965K(314560K)->19282K(314560K) Eden: 279616K(279616K)->0K(279616K) From: 19349K(34944K)->19282K(34944K)
[84.627s][info][gc,heap        ] GC(350) Tenured: 610103K(699072K)->613326K(699072K)
[84.627s][info][gc,metaspace   ] GC(350) Metaspace: 10311K(10560K)->10311K(10560K) NonClass: 9428K(9536K)->9428K(9536K) Class: 883K(1024K)->883K(1024K)
[84.627s][info][gc             ] GC(350) Pause Young (Allocation Failure) 887M->617M(989M) 30.856ms
[84.627s][info][gc,cpu         ] GC(350) User=0.03s Sys=0.00s Real=0.02s
[84.723s][info][gc,start       ] GC(351) Pause Young (Allocation Failure)
[84.753s][info][gc,heap        ] GC(351) DefNew: 298898K(314560K)->19314K(314560K) Eden: 279616K(279616K)->0K(279616K) From: 19282K(34944K)->19314K(34944K)
[84.754s][info][gc,heap        ] GC(351) Tenured: 613326K(699072K)->616391K(699072K)
[84.754s][info][gc,metaspace   ] GC(351) Metaspace: 10311K(10560K)->10311K(10560K) NonClass: 9428K(9536K)->9428K(9536K) Class: 883K(1024K)->883K(1024K)
[84.754s][info][gc             ] GC(351) Pause Young (Allocation Failure) 890M->620M(989M) 30.519ms
[84.754s][info][gc,cpu         ] GC(351) User=0.02s Sys=0.00s Real=0.03s
[84.858s][info][gc,start       ] GC(352) Pause Young (Allocation Failure)
[84.889s][info][gc,heap        ] GC(352) DefNew: 298930K(314560K)->19301K(314560K) Eden: 279616K(279616K)->0K(279616K) From: 19314K(34944K)->19301K(34944K)
[84.889s][info][gc,heap        ] GC(352) Tenured: 616391K(699072K)->619646K(699072K)
[84.889s][info][gc,metaspace   ] GC(352) Metaspace: 10311K(10560K)->10311K(10560K) NonClass: 9428K(9536K)->9428K(9536K) Class: 883K(1024K)->883K(1024K)
[84.889s][info][gc             ] GC(352) Pause Young (Allocation Failure) 893M->623M(989M) 30.891ms
[84.889s][info][gc,cpu         ] GC(352) User=0.03s Sys=0.00s Real=0.02s
[84.987s][info][gc,start       ] GC(353) Pause Young (Allocation Failure)
[85.018s][info][gc,heap        ] GC(353) DefNew: 298917K(314560K)->19387K(314560K) Eden: 279616K(279616K)->0K(279616K) From: 19301K(34944K)->19387K(34944K)
[85.018s][info][gc,heap        ] GC(353) Tenured: 619646K(699072K)->622725K(699072K)
[85.018s][info][gc,metaspace   ] GC(353) Metaspace: 10311K(10560K)->10311K(10560K) NonClass: 9428K(9536K)->9428K(9536K) Class: 883K(1024K)->883K(1024K)
[85.018s][info][gc             ] GC(353) Pause Young (Allocation Failure) 897M->627M(989M) 30.909ms
[85.018s][info][gc,cpu         ] GC(353) User=0.03s Sys=0.00s Real=0.02s
[85.114s][info][gc,start       ] GC(354) Pause Young (Allocation Failure)
[85.144s][info][gc,heap        ] GC(354) DefNew: 299003K(314560K)->19275K(314560K) Eden: 279616K(279616K)->0K(279616K) From: 19387K(34944K)->19275K(34944K)
[85.144s][info][gc,heap        ] GC(354) Tenured: 622725K(699072K)->625930K(699072K)
[85.144s][info][gc,metaspace   ] GC(354) Metaspace: 10311K(10560K)->10311K(10560K) NonClass: 9428K(9536K)->9428K(9536K) Class: 883K(1024K)->883K(1024K)
[85.144s][info][gc             ] GC(354) Pause Young (Allocation Failure) 900M->630M(989M) 30.393ms
[85.144s][info][gc,cpu         ] GC(354) User=0.02s Sys=0.00s Real=0.03s
[85.240s][info][gc,start       ] GC(355) Pause Young (Allocation Failure)
[85.271s][info][gc,heap        ] GC(355) DefNew: 298891K(314560K)->19114K(314560K) Eden: 279616K(279616K)->0K(279616K) From: 19275K(34944K)->19114K(34944K)
[85.271s][info][gc,heap        ] GC(355) Tenured: 625930K(699072K)->629070K(699072K)
[85.271s][info][gc,metaspace   ] GC(355) Metaspace: 10311K(10560K)->10311K(10560K) NonClass: 9428K(9536K)->9428K(9536K) Class: 883K(1024K)->883K(1024K)
[85.271s][info][gc             ] GC(355) Pause Young (Allocation Failure) 903M->632M(989M) 30.970ms
[85.271s][info][gc,cpu         ] GC(355) User=0.03s Sys=0.00s Real=0.03s
[85.369s][info][gc,start       ] GC(356) Pause Young (Allocation Failure)
[85.400s][info][gc,heap        ] GC(356) DefNew: 298730K(314560K)->19302K(314560K) Eden: 279616K(279616K)->0K(279616K) From: 19114K(34944K)->19302K(34944K)
[85.400s][info][gc,heap        ] GC(356) Tenured: 629070K(699072K)->632268K(699072K)
[85.400s][info][gc,metaspace   ] GC(356) Metaspace: 10311K(10560K)->10311K(10560K) NonClass: 9428K(9536K)->9428K(9536K) Class: 883K(1024K)->883K(1024K)
[85.400s][info][gc             ] GC(356) Pause Young (Allocation Failure) 906M->636M(989M) 30.944ms
[85.400s][info][gc,cpu         ] GC(356) User=0.03s Sys=0.00s Real=0.02s
[85.497s][info][gc,start       ] GC(357) Pause Young (Allocation Failure)
[85.528s][info][gc,heap        ] GC(357) DefNew: 298918K(314560K)->19135K(314560K) Eden: 279616K(279616K)->0K(279616K) From: 19302K(34944K)->19135K(34944K)
[85.528s][info][gc,heap        ] GC(357) Tenured: 632268K(699072K)->635488K(699072K)
[85.528s][info][gc,metaspace   ] GC(357) Metaspace: 10311K(10560K)->10311K(10560K) NonClass: 9428K(9536K)->9428K(9536K) Class: 883K(1024K)->883K(1024K)
[85.528s][info][gc             ] GC(357) Pause Young (Allocation Failure) 909M->639M(989M) 30.689ms
[85.528s][info][gc,cpu         ] GC(357) User=0.03s Sys=0.00s Real=0.03s
[85.623s][info][gc,start       ] GC(358) Pause Young (Allocation Failure)
[85.654s][info][gc,heap        ] GC(358) DefNew: 298751K(314560K)->19125K(314560K) Eden: 279616K(279616K)->0K(279616K) From: 19135K(34944K)->19125K(34944K)
[85.654s][info][gc,heap        ] GC(358) Tenured: 635488K(699072K)->638557K(699072K)
[85.654s][info][gc,metaspace   ] GC(358) Metaspace: 10311K(10560K)->10311K(10560K) NonClass: 9428K(9536K)->9428K(9536K) Class: 883K(1024K)->883K(1024K)
[85.654s][info][gc             ] GC(358) Pause Young (Allocation Failure) 912M->642M(989M) 30.491ms
[85.654s][info][gc,cpu         ] GC(358) User=0.03s Sys=0.00s Real=0.03s
[85.749s][info][gc,start       ] GC(359) Pause Young (Allocation Failure)
[85.780s][info][gc,heap        ] GC(359) DefNew: 298741K(314560K)->19094K(314560K) Eden: 279616K(279616K)->0K(279616K) From: 19125K(34944K)->19094K(34944K)
[85.780s][info][gc,heap        ] GC(359) Tenured: 638557K(699072K)->641674K(699072K)
[85.780s][info][gc,metaspace   ] GC(359) Metaspace: 10311K(10560K)->10311K(10560K) NonClass: 9428K(9536K)->9428K(9536K) Class: 883K(1024K)->883K(1024K)
[85.780s][info][gc             ] GC(359) Pause Young (Allocation Failure) 915M->645M(989M) 30.709ms
[85.780s][info][gc,cpu         ] GC(359) User=0.03s Sys=0.00s Real=0.03s
[85.884s][info][gc,start       ] GC(360) Pause Young (Allocation Failure)
[85.915s][info][gc,heap        ] GC(360) DefNew: 298710K(314560K)->19392K(314560K) Eden: 279616K(279616K)->0K(279616K) From: 19094K(34944K)->19392K(34944K)
[85.915s][info][gc,heap        ] GC(360) Tenured: 641674K(699072K)->644808K(699072K)
[85.915s][info][gc,metaspace   ] GC(360) Metaspace: 10311K(10560K)->10311K(10560K) NonClass: 9428K(9536K)->9428K(9536K) Class: 883K(1024K)->883K(1024K)
[85.915s][info][gc             ] GC(360) Pause Young (Allocation Failure) 918M->648M(989M) 31.118ms
[85.915s][info][gc,cpu         ] GC(360) User=0.03s Sys=0.00s Real=0.02s
[86.017s][info][gc,start       ] GC(361) Pause Young (Allocation Failure)
[86.048s][info][gc,heap        ] GC(361) DefNew: 299008K(314560K)->19463K(314560K) Eden: 279616K(279616K)->0K(279616K) From: 19392K(34944K)->19463K(34944K)
[86.048s][info][gc,heap        ] GC(361) Tenured: 644808K(699072K)->647876K(699072K)
[86.048s][info][gc,metaspace   ] GC(361) Metaspace: 10311K(10560K)->10311K(10560K) NonClass: 9428K(9536K)->9428K(9536K) Class: 883K(1024K)->883K(1024K)
[86.048s][info][gc             ] GC(361) Pause Young (Allocation Failure) 921M->651M(989M) 31.190ms
[86.048s][info][gc,cpu         ] GC(361) User=0.03s Sys=0.00s Real=0.02s
[86.280s][info][gc,start       ] GC(362) Pause Young (Allocation Failure)
[86.323s][info][gc,heap        ] GC(362) DefNew: 299079K(314560K)->27470K(314560K) Eden: 279616K(279616K)->0K(279616K) From: 19463K(34944K)->27470K(34944K)
[86.323s][info][gc,heap        ] GC(362) Tenured: 647876K(699072K)->651029K(699072K)
[86.323s][info][gc,metaspace   ] GC(362) Metaspace: 10320K(10560K)->10320K(10560K) NonClass: 9436K(9536K)->9436K(9536K) Class: 883K(1024K)->883K(1024K)
[86.323s][info][gc             ] GC(362) Pause Young (Allocation Failure) 924M->662M(989M) 43.013ms
[86.323s][info][gc,cpu         ] GC(362) User=0.05s Sys=0.00s Real=0.04s
[86.756s][info][gc,start       ] GC(363) Pause Young (Allocation Failure)
[86.868s][info][gc,heap        ] GC(363) DefNew: 307086K(314560K)->34943K(314560K) Eden: 279616K(279616K)->0K(279616K) From: 27470K(34944K)->34943K(34944K)
[86.868s][info][gc,heap        ] GC(363) Tenured: 651029K(699072K)->676346K(699072K)
[86.868s][info][gc,metaspace   ] GC(363) Metaspace: 10320K(10560K)->10320K(10560K) NonClass: 9436K(9536K)->9436K(9536K) Class: 883K(1024K)->883K(1024K)
[86.868s][info][gc             ] GC(363) Pause Young (Allocation Failure) 935M->694M(989M) 111.870ms
[86.868s][info][gc,cpu         ] GC(363) User=0.09s Sys=0.00s Real=0.11s
[87.482s][info][gc,start       ] GC(364) Pause Young (Allocation Failure)
[87.658s][info][gc,promotion   ] GC(364) Promotion failed
[87.658s][info][gc             ] GC(364) Pause Young (Allocation Failure) 967M->989M(989M) 175.679ms
[87.658s][info][gc,cpu         ] GC(364) User=0.17s Sys=0.00s Real=0.17s
[87.658s][info][gc,start       ] GC(365) Pause Full (Allocation Failure)
[87.658s][info][gc,phases,start] GC(365) Phase 1: Mark live objects
[88.095s][info][gc,phases      ] GC(365) Phase 1: Mark live objects 436.955ms
[88.095s][info][gc,phases,start] GC(365) Phase 2: Compute new object addresses
[88.273s][info][gc,phases      ] GC(365) Phase 2: Compute new object addresses 177.375ms
[88.273s][info][gc,phases,start] GC(365) Phase 3: Adjust pointers
[88.530s][info][gc,phases      ] GC(365) Phase 3: Adjust pointers 257.611ms
[88.530s][info][gc,phases,start] GC(365) Phase 4: Move objects
[88.590s][info][gc,phases      ] GC(365) Phase 4: Move objects 59.293ms
[88.590s][info][gc,heap        ] GC(365) DefNew: 314559K(314560K)->0K(314560K) Eden: 279616K(279616K)->0K(279616K) From: 34943K(34944K)->0K(34944K)
[88.590s][info][gc,heap        ] GC(365) Tenured: 676346K(699072K)->650947K(699072K)
[88.590s][info][gc,metaspace   ] GC(365) Metaspace: 10320K(10560K)->10320K(10560K) NonClass: 9436K(9536K)->9436K(9536K) Class: 883K(1024K)->883K(1024K)
[88.590s][info][gc             ] GC(365) Pause Full (Allocation Failure) 989M->635M(989M) 931.721ms
[88.590s][info][gc,cpu         ] GC(365) User=0.94s Sys=0.00s Real=0.94s
[88.937s][info][gc,start       ] GC(366) Pause Young (Allocation Failure)
[89.025s][info][gc,heap        ] GC(366) DefNew: 279616K(314560K)->34438K(314560K) Eden: 279616K(279616K)->0K(279616K) From: 0K(34944K)->34438K(34944K)
[89.025s][info][gc,heap        ] GC(366) Tenured: 650947K(699072K)->650947K(699072K)
[89.025s][info][gc,metaspace   ] GC(366) Metaspace: 10320K(10560K)->10320K(10560K) NonClass: 9436K(9536K)->9436K(9536K) Class: 883K(1024K)->883K(1024K)
[89.025s][info][gc             ] GC(366) Pause Young (Allocation Failure) 908M->669M(989M) 87.921ms
[89.025s][info][gc,cpu         ] GC(366) User=0.09s Sys=0.00s Real=0.10s
[89.366s][info][gc,start       ] GC(367) Pause Young (Allocation Failure)
[89.481s][info][gc,heap        ] GC(367) DefNew: 314054K(314560K)->34220K(314560K) Eden: 279616K(279616K)->0K(279616K) From: 34438K(34944K)->34220K(34944K)
[89.481s][info][gc,heap        ] GC(367) Tenured: 650947K(699072K)->684179K(699072K)
[89.481s][info][gc,metaspace   ] GC(367) Metaspace: 10320K(10560K)->10320K(10560K) NonClass: 9436K(9536K)->9436K(9536K) Class: 883K(1024K)->883K(1024K)
[89.481s][info][gc             ] GC(367) Pause Young (Allocation Failure) 942M->701M(989M) 115.282ms
[89.481s][info][gc,cpu         ] GC(367) User=0.09s Sys=0.02s Real=0.11s
[89.813s][info][gc,start       ] GC(368) Pause Young (Allocation Failure)
[89.813s][info][gc             ] GC(368) Pause Young (Allocation Failure) 974M->974M(989M) 0.121ms
[89.813s][info][gc,cpu         ] GC(368) User=0.00s Sys=0.00s Real=0.00s
[89.813s][info][gc,start       ] GC(369) Pause Full (Allocation Failure)
[89.813s][info][gc,phases,start] GC(369) Phase 1: Mark live objects
[90.330s][info][gc,phases      ] GC(369) Phase 1: Mark live objects 516.472ms
[90.330s][info][gc,phases,start] GC(369) Phase 2: Compute new object addresses
[90.509s][info][gc,phases      ] GC(369) Phase 2: Compute new object addresses 178.887ms
[90.509s][info][gc,phases,start] GC(369) Phase 3: Adjust pointers
[90.800s][info][gc,phases      ] GC(369) Phase 3: Adjust pointers 291.760ms
[90.800s][info][gc,phases,start] GC(369) Phase 4: Move objects
[90.861s][info][gc,phases      ] GC(369) Phase 4: Move objects 60.534ms
[90.861s][info][gc,heap        ] GC(369) DefNew: 313836K(314560K)->33621K(314560K) Eden: 279616K(279616K)->33621K(279616K) From: 34220K(34944K)->0K(34944K)
[90.861s][info][gc,heap        ] GC(369) Tenured: 684179K(699072K)->699072K(699072K)
[90.861s][info][gc,metaspace   ] GC(369) Metaspace: 10320K(10560K)->10320K(10560K) NonClass: 9436K(9536K)->9436K(9536K) Class: 883K(1024K)->883K(1024K)
[90.861s][info][gc             ] GC(369) Pause Full (Allocation Failure) 974M->715M(989M) 1048.115ms
[90.861s][info][gc,cpu         ] GC(369) User=1.02s Sys=0.00s Real=1.04s
[91.405s][info][gc,start       ] GC(370) Pause Full (Allocation Failure)
[91.405s][info][gc,phases,start] GC(370) Phase 1: Mark live objects
[91.904s][info][gc,phases      ] GC(370) Phase 1: Mark live objects 498.853ms
[91.904s][info][gc,phases,start] GC(370) Phase 2: Compute new object addresses
[92.085s][info][gc,phases      ] GC(370) Phase 2: Compute new object addresses 181.265ms
[92.085s][info][gc,phases,start] GC(370) Phase 3: Adjust pointers
[92.365s][info][gc,phases      ] GC(370) Phase 3: Adjust pointers 279.189ms
[92.365s][info][gc,phases,start] GC(370) Phase 4: Move objects
[92.506s][info][gc,phases      ] GC(370) Phase 4: Move objects 140.864ms
[92.506s][info][gc,heap        ] GC(370) DefNew: 314559K(314560K)->0K(314560K) Eden: 279616K(279616K)->0K(279616K) From: 34943K(34944K)->0K(34944K)
[92.506s][info][gc,heap        ] GC(370) Tenured: 699072K(699072K)->672995K(699072K)
[92.506s][info][gc,metaspace   ] GC(370) Metaspace: 10320K(10560K)->10320K(10560K) NonClass: 9436K(9536K)->9436K(9536K) Class: 883K(1024K)->883K(1024K)
[92.506s][info][gc             ] GC(370) Pause Full (Allocation Failure) 989M->657M(989M) 1100.710ms
[92.506s][info][gc,cpu         ] GC(370) User=1.09s Sys=0.02s Real=1.09s
[92.897s][info][gc,start       ] GC(371) Pause Young (Allocation Failure)
[92.905s][info][gc,heap        ] GC(371) DefNew: 279616K(314560K)->4738K(314560K) Eden: 279616K(279616K)->0K(279616K) From: 0K(34944K)->4738K(34944K)
[92.906s][info][gc,heap        ] GC(371) Tenured: 672995K(699072K)->672995K(699072K)
[92.906s][info][gc,metaspace   ] GC(371) Metaspace: 10320K(10560K)->10320K(10560K) NonClass: 9436K(9536K)->9436K(9536K) Class: 883K(1024K)->883K(1024K)
[92.906s][info][gc             ] GC(371) Pause Young (Allocation Failure) 930M->661M(989M) 8.769ms
[92.906s][info][gc,cpu         ] GC(371) User=0.00s Sys=0.00s Real=0.01s
[93.298s][info][gc,start       ] GC(372) Pause Young (Allocation Failure)
[93.308s][info][gc,heap        ] GC(372) DefNew: 284354K(314560K)->6914K(314560K) Eden: 279616K(279616K)->0K(279616K) From: 4738K(34944K)->6914K(34944K)
[93.308s][info][gc,heap        ] GC(372) Tenured: 672995K(699072K)->672995K(699072K)
[93.308s][info][gc,metaspace   ] GC(372) Metaspace: 10320K(10560K)->10320K(10560K) NonClass: 9436K(9536K)->9436K(9536K) Class: 883K(1024K)->883K(1024K)
[93.308s][info][gc             ] GC(372) Pause Young (Allocation Failure) 934M->663M(989M) 10.103ms
[93.308s][info][gc,cpu         ] GC(372) User=0.02s Sys=0.00s Real=0.00s
[93.607s][info][gc,start       ] GC(373) Pause Young (Allocation Failure)
[93.666s][info][gc,heap        ] GC(373) DefNew: 286530K(314560K)->32070K(314560K) Eden: 279616K(279616K)->0K(279616K) From: 6914K(34944K)->32070K(34944K)
[93.666s][info][gc,heap        ] GC(373) Tenured: 672995K(699072K)->672995K(699072K)
[93.666s][info][gc,metaspace   ] GC(373) Metaspace: 10320K(10560K)->10320K(10560K) NonClass: 9436K(9536K)->9436K(9536K) Class: 883K(1024K)->883K(1024K)
[93.666s][info][gc             ] GC(373) Pause Young (Allocation Failure) 937M->688M(989M) 58.572ms
[93.666s][info][gc,cpu         ] GC(373) User=0.06s Sys=0.00s Real=0.05s
[93.984s][info][gc,start       ] GC(374) Pause Young (Allocation Failure)
[94.069s][info][gc,heap        ] GC(374) DefNew: 311686K(314560K)->28296K(314560K) Eden: 279616K(279616K)->0K(279616K) From: 32070K(34944K)->28296K(34944K)
[94.069s][info][gc,heap        ] GC(374) Tenured: 672995K(699072K)->695915K(699072K)
[94.069s][info][gc,metaspace   ] GC(374) Metaspace: 10320K(10560K)->10320K(10560K) NonClass: 9436K(9536K)->9436K(9536K) Class: 883K(1024K)->883K(1024K)
[94.069s][info][gc             ] GC(374) Pause Young (Allocation Failure) 961M->707M(989M) 84.355ms
[94.069s][info][gc,cpu         ] GC(374) User=0.09s Sys=0.00s Real=0.07s
[94.299s][info][gc,start       ] GC(375) Pause Young (Allocation Failure)
[94.299s][info][gc             ] GC(375) Pause Young (Allocation Failure) 980M->980M(989M) 0.148ms
[94.299s][info][gc,cpu         ] GC(375) User=0.00s Sys=0.00s Real=0.00s
[94.299s][info][gc,start       ] GC(376) Pause Full (Allocation Failure)
[94.299s][info][gc,phases,start] GC(376) Phase 1: Mark live objects
[94.613s][info][gc,phases      ] GC(376) Phase 1: Mark live objects 313.392ms
[94.613s][info][gc,phases,start] GC(376) Phase 2: Compute new object addresses
[94.777s][info][gc,phases      ] GC(376) Phase 2: Compute new object addresses 164.248ms
[94.777s][info][gc,phases,start] GC(376) Phase 3: Adjust pointers
[94.974s][info][gc,phases      ] GC(376) Phase 3: Adjust pointers 197.332ms
[94.975s][info][gc,phases,start] GC(376) Phase 4: Move objects
[95.022s][info][gc,phases      ] GC(376) Phase 4: Move objects 47.452ms
[95.022s][info][gc,heap        ] GC(376) DefNew: 307912K(314560K)->0K(314560K) Eden: 279616K(279616K)->0K(279616K) From: 28296K(34944K)->0K(34944K)
[95.022s][info][gc,heap        ] GC(376) Tenured: 695915K(699072K)->515877K(699072K)
[95.022s][info][gc,metaspace   ] GC(376) Metaspace: 10320K(10560K)->10320K(10560K) NonClass: 9437K(9536K)->9437K(9536K) Class: 883K(1024K)->883K(1024K)
[95.022s][info][gc             ] GC(376) Pause Full (Allocation Failure) 980M->503M(989M) 722.919ms
[95.022s][info][gc,cpu         ] GC(376) User=0.73s Sys=0.00s Real=0.72s
[95.169s][info][gc,start       ] GC(377) Pause Young (Allocation Failure)
[95.254s][info][gc,heap        ] GC(377) DefNew: 279616K(314560K)->34466K(314560K) Eden: 279616K(279616K)->0K(279616K) From: 0K(34944K)->34466K(34944K)
[95.254s][info][gc,heap        ] GC(377) Tenured: 515877K(699072K)->515877K(699072K)
[95.254s][info][gc,metaspace   ] GC(377) Metaspace: 10320K(10560K)->10320K(10560K) NonClass: 9437K(9536K)->9437K(9536K) Class: 883K(1024K)->883K(1024K)
[95.254s][info][gc             ] GC(377) Pause Young (Allocation Failure) 776M->537M(989M) 85.340ms
[95.254s][info][gc,cpu         ] GC(377) User=0.08s Sys=0.00s Real=0.08s
[95.459s][info][gc,start       ] GC(378) Pause Young (Allocation Failure)
[95.571s][info][gc,heap        ] GC(378) DefNew: 314082K(314560K)->34724K(314560K) Eden: 279616K(279616K)->0K(279616K) From: 34466K(34944K)->34724K(34944K)
[95.571s][info][gc,heap        ] GC(378) Tenured: 515877K(699072K)->548634K(699072K)
[95.571s][info][gc,metaspace   ] GC(378) Metaspace: 10320K(10560K)->10320K(10560K) NonClass: 9437K(9536K)->9437K(9536K) Class: 883K(1024K)->883K(1024K)
[95.571s][info][gc             ] GC(378) Pause Young (Allocation Failure) 810M->569M(989M) 112.129ms
[95.571s][info][gc,cpu         ] GC(378) User=0.11s Sys=0.00s Real=0.12s
[95.803s][info][gc,start       ] GC(379) Pause Young (Allocation Failure)
[95.916s][info][gc,heap        ] GC(379) DefNew: 314340K(314560K)->34943K(314560K) Eden: 279616K(279616K)->0K(279616K) From: 34724K(34944K)->34943K(34944K)
[95.917s][info][gc,heap        ] GC(379) Tenured: 548634K(699072K)->582252K(699072K)
[95.917s][info][gc,metaspace   ] GC(379) Metaspace: 10320K(10560K)->10320K(10560K) NonClass: 9437K(9536K)->9437K(9536K) Class: 883K(1024K)->883K(1024K)
[95.917s][info][gc             ] GC(379) Pause Young (Allocation Failure) 842M->602M(989M) 113.381ms
[95.917s][info][gc,cpu         ] GC(379) User=0.11s Sys=0.00s Real=0.12s
[96.255s][info][gc,start       ] GC(380) Pause Young (Allocation Failure)
[96.316s][info][gc,heap        ] GC(380) DefNew: 314559K(314560K)->14089K(314560K) Eden: 279616K(279616K)->0K(279616K) From: 34943K(34944K)->14089K(34944K)
[96.316s][info][gc,heap        ] GC(380) Tenured: 582252K(699072K)->615377K(699072K)
[96.316s][info][gc,metaspace   ] GC(380) Metaspace: 10320K(10560K)->10320K(10560K) NonClass: 9437K(9536K)->9437K(9536K) Class: 883K(1024K)->883K(1024K)
[96.316s][info][gc             ] GC(380) Pause Young (Allocation Failure) 875M->614M(989M) 60.453ms
[96.316s][info][gc,cpu         ] GC(380) User=0.05s Sys=0.00s Real=0.06s
[96.730s][info][gc,start       ] GC(381) Pause Full (System.gc())
[96.730s][info][gc,phases,start] GC(381) Phase 1: Mark live objects
[96.995s][info][gc,phases      ] GC(381) Phase 1: Mark live objects 265.534ms
[96.995s][info][gc,phases,start] GC(381) Phase 2: Compute new object addresses
[97.132s][info][gc,phases      ] GC(381) Phase 2: Compute new object addresses 136.925ms
[97.132s][info][gc,phases,start] GC(381) Phase 3: Adjust pointers
[97.273s][info][gc,phases      ] GC(381) Phase 3: Adjust pointers 140.328ms
[97.273s][info][gc,phases,start] GC(381) Phase 4: Move objects
[97.281s][info][gc,phases      ] GC(381) Phase 4: Move objects 8.233ms
[97.281s][info][gc,heap        ] GC(381) DefNew: 255906K(314560K)->0K(314560K) Eden: 241817K(279616K)->0K(279616K) From: 14089K(34944K)->0K(34944K)
[97.281s][info][gc,heap        ] GC(381) Tenured: 615377K(699072K)->469425K(699072K)
[97.281s][info][gc,metaspace   ] GC(381) Metaspace: 10325K(10560K)->10325K(10560K) NonClass: 9441K(9536K)->9441K(9536K) Class: 883K(1024K)->883K(1024K)
[97.281s][info][gc             ] GC(381) Pause Full (System.gc()) 850M->458M(989M) 551.530ms
[97.281s][info][gc,cpu         ] GC(381) User=0.55s Sys=0.00s Real=0.56s
[97.396s][info][gc,start       ] GC(382) Pause Young (Allocation Failure)
[97.411s][info][gc,heap        ] GC(382) DefNew: 279616K(314560K)->6926K(314560K) Eden: 279616K(279616K)->0K(279616K) From: 0K(34944K)->6926K(34944K)
[97.411s][info][gc,heap        ] GC(382) Tenured: 469425K(699072K)->469425K(699072K)
[97.411s][info][gc,metaspace   ] GC(382) Metaspace: 10347K(10560K)->10347K(10560K) NonClass: 9463K(9536K)->9463K(9536K) Class: 883K(1024K)->883K(1024K)
[97.411s][info][gc             ] GC(382) Pause Young (Allocation Failure) 731M->465M(989M) 15.203ms
[97.411s][info][gc,cpu         ] GC(382) User=0.03s Sys=0.00s Real=0.00s
[97.504s][info][gc,start       ] GC(383) Pause Young (Allocation Failure)
[97.523s][info][gc,heap        ] GC(383) DefNew: 286542K(314560K)->11504K(314560K) Eden: 279616K(279616K)->0K(279616K) From: 6926K(34944K)->11504K(34944K)
[97.523s][info][gc,heap        ] GC(383) Tenured: 469425K(699072K)->469425K(699072K)
[97.523s][info][gc,metaspace   ] GC(383) Metaspace: 10347K(10560K)->10347K(10560K) NonClass: 9463K(9536K)->9463K(9536K) Class: 883K(1024K)->883K(1024K)
[97.523s][info][gc             ] GC(383) Pause Young (Allocation Failure) 738M->469M(989M) 19.735ms
[97.523s][info][gc,cpu         ] GC(383) User=0.03s Sys=0.00s Real=0.02s
[97.614s][info][gc,start       ] GC(384) Pause Young (Allocation Failure)
[97.638s][info][gc,heap        ] GC(384) DefNew: 291120K(314560K)->15430K(314560K) Eden: 279616K(279616K)->0K(279616K) From: 11504K(34944K)->15430K(34944K)
[97.638s][info][gc,heap        ] GC(384) Tenured: 469425K(699072K)->469425K(699072K)
[97.638s][info][gc,metaspace   ] GC(384) Metaspace: 10347K(10560K)->10347K(10560K) NonClass: 9463K(9536K)->9463K(9536K) Class: 883K(1024K)->883K(1024K)
[97.638s][info][gc             ] GC(384) Pause Young (Allocation Failure) 742M->473M(989M) 23.887ms
[97.638s][info][gc,cpu         ] GC(384) User=0.02s Sys=0.00s Real=0.02s
[97.732s][info][gc,start       ] GC(385) Pause Young (Allocation Failure)
[97.758s][info][gc,heap        ] GC(385) DefNew: 295046K(314560K)->18769K(314560K) Eden: 279616K(279616K)->0K(279616K) From: 15430K(34944K)->18769K(34944K)
[97.758s][info][gc,heap        ] GC(385) Tenured: 469425K(699072K)->469425K(699072K)
[97.758s][info][gc,metaspace   ] GC(385) Metaspace: 10347K(10560K)->10347K(10560K) NonClass: 9463K(9536K)->9463K(9536K) Class: 883K(1024K)->883K(1024K)
[97.758s][info][gc             ] GC(385) Pause Young (Allocation Failure) 746M->476M(989M) 26.140ms
[97.758s][info][gc,cpu         ] GC(385) User=0.03s Sys=0.00s Real=0.03s
[97.859s][info][gc,start       ] GC(386) Pause Young (Allocation Failure)
[97.889s][info][gc,heap        ] GC(386) DefNew: 298385K(314560K)->18420K(314560K) Eden: 279616K(279616K)->0K(279616K) From: 18769K(34944K)->18420K(34944K)
[97.889s][info][gc,heap        ] GC(386) Tenured: 469425K(699072K)->472731K(699072K)
[97.889s][info][gc,metaspace   ] GC(386) Metaspace: 10347K(10560K)->10347K(10560K) NonClass: 9463K(9536K)->9463K(9536K) Class: 883K(1024K)->883K(1024K)
[97.889s][info][gc             ] GC(386) Pause Young (Allocation Failure) 749M->479M(989M) 29.961ms
[97.889s][info][gc,cpu         ] GC(386) User=0.03s Sys=0.00s Real=0.02s
[97.983s][info][gc,start       ] GC(387) Pause Young (Allocation Failure)
[98.012s][info][gc,heap        ] GC(387) DefNew: 298036K(314560K)->18262K(314560K) Eden: 279616K(279616K)->0K(279616K) From: 18420K(34944K)->18262K(34944K)
[98.012s][info][gc,heap        ] GC(387) Tenured: 472731K(699072K)->475778K(699072K)
[98.012s][info][gc,metaspace   ] GC(387) Metaspace: 10347K(10560K)->10347K(10560K) NonClass: 9463K(9536K)->9463K(9536K) Class: 883K(1024K)->883K(1024K)
[98.012s][info][gc             ] GC(387) Pause Young (Allocation Failure) 752M->482M(989M) 29.375ms
[98.012s][info][gc,cpu         ] GC(387) User=0.03s Sys=0.00s Real=0.03s
[98.106s][info][gc,start       ] GC(388) Pause Young (Allocation Failure)
[98.136s][info][gc,heap        ] GC(388) DefNew: 297878K(314560K)->18298K(314560K) Eden: 279616K(279616K)->0K(279616K) From: 18262K(34944K)->18298K(34944K)
[98.136s][info][gc,heap        ] GC(388) Tenured: 475778K(699072K)->478800K(699072K)
[98.136s][info][gc,metaspace   ] GC(388) Metaspace: 10347K(10560K)->10347K(10560K) NonClass: 9463K(9536K)->9463K(9536K) Class: 883K(1024K)->883K(1024K)
[98.136s][info][gc             ] GC(388) Pause Young (Allocation Failure) 755M->485M(989M) 29.596ms
[98.136s][info][gc,cpu         ] GC(388) User=0.03s Sys=0.00s Real=0.02s
[98.234s][info][gc,start       ] GC(389) Pause Young (Allocation Failure)
[98.263s][info][gc,heap        ] GC(389) DefNew: 297914K(314560K)->18377K(314560K) Eden: 279616K(279616K)->0K(279616K) From: 18298K(34944K)->18377K(34944K)
[98.263s][info][gc,heap        ] GC(389) Tenured: 478800K(699072K)->481765K(699072K)
[98.263s][info][gc,metaspace   ] GC(389) Metaspace: 10347K(10560K)->10347K(10560K) NonClass: 9463K(9536K)->9463K(9536K) Class: 883K(1024K)->883K(1024K)
[98.263s][info][gc             ] GC(389) Pause Young (Allocation Failure) 758M->488M(989M) 29.751ms
[98.264s][info][gc,cpu         ] GC(389) User=0.03s Sys=0.00s Real=0.03s
[98.358s][info][gc,start       ] GC(390) Pause Young (Allocation Failure)
[98.388s][info][gc,heap        ] GC(390) DefNew: 297993K(314560K)->18342K(314560K) Eden: 279616K(279616K)->0K(279616K) From: 18377K(34944K)->18342K(34944K)
[98.388s][info][gc,heap        ] GC(390) Tenured: 481765K(699072K)->484779K(699072K)
[98.388s][info][gc,metaspace   ] GC(390) Metaspace: 10347K(10560K)->10347K(10560K) NonClass: 9463K(9536K)->9463K(9536K) Class: 883K(1024K)->883K(1024K)
[98.388s][info][gc             ] GC(390) Pause Young (Allocation Failure) 761M->491M(989M) 29.634ms
[98.388s][info][gc,cpu         ] GC(390) User=0.03s Sys=0.00s Real=0.03s
[98.486s][info][gc,start       ] GC(391) Pause Young (Allocation Failure)
[98.516s][info][gc,heap        ] GC(391) DefNew: 297958K(314560K)->18793K(314560K) Eden: 279616K(279616K)->0K(279616K) From: 18342K(34944K)->18793K(34944K)
[98.517s][info][gc,heap        ] GC(391) Tenured: 484779K(699072K)->487687K(699072K)
[98.517s][info][gc,metaspace   ] GC(391) Metaspace: 10347K(10560K)->10347K(10560K) NonClass: 9463K(9536K)->9463K(9536K) Class: 883K(1024K)->883K(1024K)
[98.517s][info][gc             ] GC(391) Pause Young (Allocation Failure) 764M->494M(989M) 30.619ms
[98.517s][info][gc,cpu         ] GC(391) User=0.03s Sys=0.00s Real=0.03s
[98.612s][info][gc,start       ] GC(392) Pause Young (Allocation Failure)
[98.643s][info][gc,heap        ] GC(392) DefNew: 298409K(314560K)->18859K(314560K) Eden: 279616K(279616K)->0K(279616K) From: 18793K(34944K)->18859K(34944K)
[98.643s][info][gc,heap        ] GC(392) Tenured: 487687K(699072K)->490629K(699072K)
[98.643s][info][gc,metaspace   ] GC(392) Metaspace: 10347K(10560K)->10347K(10560K) NonClass: 9463K(9536K)->9463K(9536K) Class: 883K(1024K)->883K(1024K)
[98.643s][info][gc             ] GC(392) Pause Young (Allocation Failure) 767M->497M(989M) 31.087ms
[98.643s][info][gc,cpu         ] GC(392) User=0.03s Sys=0.00s Real=0.03s
[98.741s][info][gc,start       ] GC(393) Pause Young (Allocation Failure)
[98.772s][info][gc,heap        ] GC(393) DefNew: 298475K(314560K)->18709K(314560K) Eden: 279616K(279616K)->0K(279616K) From: 18859K(34944K)->18709K(34944K)
[98.772s][info][gc,heap        ] GC(393) Tenured: 490629K(699072K)->493767K(699072K)
[98.772s][info][gc,metaspace   ] GC(393) Metaspace: 10347K(10560K)->10347K(10560K) NonClass: 9463K(9536K)->9463K(9536K) Class: 883K(1024K)->883K(1024K)
[98.772s][info][gc             ] GC(393) Pause Young (Allocation Failure) 770M->500M(989M) 30.468ms
[98.772s][info][gc,cpu         ] GC(393) User=0.03s Sys=0.00s Real=0.03s
[98.875s][info][gc,start       ] GC(394) Pause Young (Allocation Failure)
[98.905s][info][gc,heap        ] GC(394) DefNew: 298325K(314560K)->18837K(314560K) Eden: 279616K(279616K)->0K(279616K) From: 18709K(34944K)->18837K(34944K)
[98.906s][info][gc,heap        ] GC(394) Tenured: 493767K(699072K)->496723K(699072K)
[98.906s][info][gc,metaspace   ] GC(394) Metaspace: 10347K(10560K)->10347K(10560K) NonClass: 9463K(9536K)->9463K(9536K) Class: 883K(1024K)->883K(1024K)
[98.906s][info][gc             ] GC(394) Pause Young (Allocation Failure) 773M->503M(989M) 30.779ms
[98.906s][info][gc,cpu         ] GC(394) User=0.03s Sys=0.00s Real=0.03s
[99.000s][info][gc,start       ] GC(395) Pause Young (Allocation Failure)
[99.030s][info][gc,heap        ] GC(395) DefNew: 298453K(314560K)->18789K(314560K) Eden: 279616K(279616K)->0K(279616K) From: 18837K(34944K)->18789K(34944K)
[99.030s][info][gc,heap        ] GC(395) Tenured: 496723K(699072K)->499831K(699072K)
[99.030s][info][gc,metaspace   ] GC(395) Metaspace: 10347K(10560K)->10347K(10560K) NonClass: 9463K(9536K)->9463K(9536K) Class: 883K(1024K)->883K(1024K)
[99.030s][info][gc             ] GC(395) Pause Young (Allocation Failure) 776M->506M(989M) 30.396ms
[99.030s][info][gc,cpu         ] GC(395) User=0.03s Sys=0.00s Real=0.03s
[99.126s][info][gc,start       ] GC(396) Pause Young (Allocation Failure)
[99.156s][info][gc,heap        ] GC(396) DefNew: 298405K(314560K)->18855K(314560K) Eden: 279616K(279616K)->0K(279616K) From: 18789K(34944K)->18855K(34944K)
[99.156s][info][gc,heap        ] GC(396) Tenured: 499831K(699072K)->502822K(699072K)
[99.156s][info][gc,metaspace   ] GC(396) Metaspace: 10347K(10560K)->10347K(10560K) NonClass: 9463K(9536K)->9463K(9536K) Class: 883K(1024K)->883K(1024K)
[99.156s][info][gc             ] GC(396) Pause Young (Allocation Failure) 779M->509M(989M) 30.397ms
[99.156s][info][gc,cpu         ] GC(396) User=0.03s Sys=0.00s Real=0.03s
[99.251s][info][gc,start       ] GC(397) Pause Young (Allocation Failure)
[99.282s][info][gc,heap        ] GC(397) DefNew: 298471K(314560K)->19075K(314560K) Eden: 279616K(279616K)->0K(279616K) From: 18855K(34944K)->19075K(34944K)
[99.283s][info][gc,heap        ] GC(397) Tenured: 502822K(699072K)->505870K(699072K)
[99.283s][info][gc,metaspace   ] GC(397) Metaspace: 10347K(10560K)->10347K(10560K) NonClass: 9463K(9536K)->9463K(9536K) Class: 883K(1024K)->883K(1024K)
[99.283s][info][gc             ] GC(397) Pause Young (Allocation Failure) 782M->512M(989M) 31.091ms
[99.283s][info][gc,cpu         ] GC(397) User=0.03s Sys=0.00s Real=0.03s
[99.378s][info][gc,start       ] GC(398) Pause Young (Allocation Failure)
[99.409s][info][gc,heap        ] GC(398) DefNew: 298691K(314560K)->18980K(314560K) Eden: 279616K(279616K)->0K(279616K) From: 19075K(34944K)->18980K(34944K)
[99.409s][info][gc,heap        ] GC(398) Tenured: 505870K(699072K)->509068K(699072K)
[99.409s][info][gc,metaspace   ] GC(398) Metaspace: 10347K(10560K)->10347K(10560K) NonClass: 9463K(9536K)->9463K(9536K) Class: 883K(1024K)->883K(1024K)
[99.409s][info][gc             ] GC(398) Pause Young (Allocation Failure) 785M->515M(989M) 30.912ms
[99.409s][info][gc,cpu         ] GC(398) User=0.03s Sys=0.00s Real=0.03s
[99.507s][info][gc,start       ] GC(399) Pause Young (Allocation Failure)
[99.538s][info][gc,heap        ] GC(399) DefNew: 298596K(314560K)->18968K(314560K) Eden: 279616K(279616K)->0K(279616K) From: 18980K(34944K)->18968K(34944K)
[99.538s][info][gc,heap        ] GC(399) Tenured: 509068K(699072K)->512068K(699072K)
[99.538s][info][gc,metaspace   ] GC(399) Metaspace: 10347K(10560K)->10347K(10560K) NonClass: 9463K(9536K)->9463K(9536K) Class: 883K(1024K)->883K(1024K)
[99.538s][info][gc             ] GC(399) Pause Young (Allocation Failure) 788M->518M(989M) 31.266ms
[99.538s][info][gc,cpu         ] GC(399) User=0.03s Sys=0.00s Real=0.02s
[99.634s][info][gc,start       ] GC(400) Pause Young (Allocation Failure)
[99.664s][info][gc,heap        ] GC(400) DefNew: 298584K(314560K)->18806K(314560K) Eden: 279616K(279616K)->0K(279616K) From: 18968K(34944K)->18806K(34944K)
[99.664s][info][gc,heap        ] GC(400) Tenured: 512068K(699072K)->515220K(699072K)
[99.665s][info][gc,metaspace   ] GC(400) Metaspace: 10347K(10560K)->10347K(10560K) NonClass: 9463K(9536K)->9463K(9536K) Class: 883K(1024K)->883K(1024K)
[99.665s][info][gc             ] GC(400) Pause Young (Allocation Failure) 791M->521M(989M) 30.552ms
[99.665s][info][gc,cpu         ] GC(400) User=0.03s Sys=0.00s Real=0.03s
[99.762s][info][gc,start       ] GC(401) Pause Young (Allocation Failure)
[99.794s][info][gc,heap        ] GC(401) DefNew: 298422K(314560K)->18894K(314560K) Eden: 279616K(279616K)->0K(279616K) From: 18806K(34944K)->18894K(34944K)
[99.794s][info][gc,heap        ] GC(401) Tenured: 515220K(699072K)->518312K(699072K)
[99.794s][info][gc,metaspace   ] GC(401) Metaspace: 10347K(10560K)->10347K(10560K) NonClass: 9463K(9536K)->9463K(9536K) Class: 883K(1024K)->883K(1024K)
[99.794s][info][gc             ] GC(401) Pause Young (Allocation Failure) 794M->524M(989M) 31.666ms
[99.794s][info][gc,cpu         ] GC(401) User=0.03s Sys=0.00s Real=0.02s
[99.891s][info][gc,start       ] GC(402) Pause Young (Allocation Failure)
[99.922s][info][gc,heap        ] GC(402) DefNew: 298510K(314560K)->18824K(314560K) Eden: 279616K(279616K)->0K(279616K) From: 18894K(34944K)->18824K(34944K)
[99.922s][info][gc,heap        ] GC(402) Tenured: 518312K(699072K)->521394K(699072K)
[99.922s][info][gc,metaspace   ] GC(402) Metaspace: 10347K(10560K)->10347K(10560K) NonClass: 9463K(9536K)->9463K(9536K) Class: 883K(1024K)->883K(1024K)
[99.922s][info][gc             ] GC(402) Pause Young (Allocation Failure) 797M->527M(989M) 30.684ms
[99.922s][info][gc,cpu         ] GC(402) User=0.03s Sys=0.00s Real=0.03s
[100.017s][info][gc,start       ] GC(403) Pause Young (Allocation Failure)
[100.047s][info][gc,heap        ] GC(403) DefNew: 298440K(314560K)->18485K(314560K) Eden: 279616K(279616K)->0K(279616K) From: 18824K(34944K)->18485K(34944K)
[100.047s][info][gc,heap        ] GC(403) Tenured: 521394K(699072K)->524528K(699072K)
[100.047s][info][gc,metaspace   ] GC(403) Metaspace: 10347K(10560K)->10347K(10560K) NonClass: 9463K(9536K)->9463K(9536K) Class: 883K(1024K)->883K(1024K)
[100.047s][info][gc             ] GC(403) Pause Young (Allocation Failure) 800M->530M(989M) 29.755ms
[100.047s][info][gc,cpu         ] GC(403) User=0.03s Sys=0.00s Real=0.03s
[100.144s][info][gc,start       ] GC(404) Pause Young (Allocation Failure)
[100.174s][info][gc,heap        ] GC(404) DefNew: 298101K(314560K)->18647K(314560K) Eden: 279616K(279616K)->0K(279616K) From: 18485K(34944K)->18647K(34944K)
[100.174s][info][gc,heap        ] GC(404) Tenured: 524528K(699072K)->527435K(699072K)
[100.174s][info][gc,metaspace   ] GC(404) Metaspace: 10347K(10560K)->10347K(10560K) NonClass: 9463K(9536K)->9463K(9536K) Class: 883K(1024K)->883K(1024K)
[100.174s][info][gc             ] GC(404) Pause Young (Allocation Failure) 803M->533M(989M) 29.912ms
[100.174s][info][gc,cpu         ] GC(404) User=0.03s Sys=0.00s Real=0.03s
[100.269s][info][gc,start       ] GC(405) Pause Young (Allocation Failure)
[100.300s][info][gc,heap        ] GC(405) DefNew: 298263K(314560K)->18789K(314560K) Eden: 279616K(279616K)->0K(279616K) From: 18647K(34944K)->18789K(34944K)
[100.300s][info][gc,heap        ] GC(405) Tenured: 527435K(699072K)->530522K(699072K)
[100.300s][info][gc,metaspace   ] GC(405) Metaspace: 10347K(10560K)->10347K(10560K) NonClass: 9463K(9536K)->9463K(9536K) Class: 883K(1024K)->883K(1024K)
[100.300s][info][gc             ] GC(405) Pause Young (Allocation Failure) 806M->536M(989M) 30.307ms
[100.300s][info][gc,cpu         ] GC(405) User=0.03s Sys=0.00s Real=0.03s
[100.395s][info][gc,start       ] GC(406) Pause Young (Allocation Failure)
[100.426s][info][gc,heap        ] GC(406) DefNew: 298405K(314560K)->18934K(314560K) Eden: 279616K(279616K)->0K(279616K) From: 18789K(34944K)->18934K(34944K)
[100.426s][info][gc,heap        ] GC(406) Tenured: 530522K(699072K)->533605K(699072K)
[100.426s][info][gc,metaspace   ] GC(406) Metaspace: 10347K(10560K)->10347K(10560K) NonClass: 9463K(9536K)->9463K(9536K) Class: 883K(1024K)->883K(1024K)
[100.426s][info][gc             ] GC(406) Pause Young (Allocation Failure) 809M->539M(989M) 31.173ms
[100.426s][info][gc,cpu         ] GC(406) User=0.02s Sys=0.00s Real=0.03s
[100.522s][info][gc,start       ] GC(407) Pause Young (Allocation Failure)
[100.552s][info][gc,heap        ] GC(407) DefNew: 298550K(314560K)->18951K(314560K) Eden: 279616K(279616K)->0K(279616K) From: 18934K(34944K)->18951K(34944K)
[100.552s][info][gc,heap        ] GC(407) Tenured: 533605K(699072K)->536543K(699072K)
[100.552s][info][gc,metaspace   ] GC(407) Metaspace: 10347K(10560K)->10347K(10560K) NonClass: 9463K(9536K)->9463K(9536K) Class: 883K(1024K)->883K(1024K)
[100.552s][info][gc             ] GC(407) Pause Young (Allocation Failure) 812M->542M(989M) 30.288ms
[100.552s][info][gc,cpu         ] GC(407) User=0.03s Sys=0.00s Real=0.03s
[100.651s][info][gc,start       ] GC(408) Pause Young (Allocation Failure)
[100.681s][info][gc,heap        ] GC(408) DefNew: 298567K(314560K)->19027K(314560K) Eden: 279616K(279616K)->0K(279616K) From: 18951K(34944K)->19027K(34944K)
[100.681s][info][gc,heap        ] GC(408) Tenured: 536543K(699072K)->539586K(699072K)
[100.681s][info][gc,metaspace   ] GC(408) Metaspace: 10347K(10560K)->10347K(10560K) NonClass: 9463K(9536K)->9463K(9536K) Class: 883K(1024K)->883K(1024K)
[100.681s][info][gc             ] GC(408) Pause Young (Allocation Failure) 815M->545M(989M) 30.587ms
[100.681s][info][gc,cpu         ] GC(408) User=0.03s Sys=0.00s Real=0.02s
[100.778s][info][gc,start       ] GC(409) Pause Young (Allocation Failure)
[100.809s][info][gc,heap        ] GC(409) DefNew: 298643K(314560K)->18821K(314560K) Eden: 279616K(279616K)->0K(279616K) From: 19027K(34944K)->18821K(34944K)
[100.809s][info][gc,heap        ] GC(409) Tenured: 539586K(699072K)->542743K(699072K)
[100.809s][info][gc,metaspace   ] GC(409) Metaspace: 10347K(10560K)->10347K(10560K) NonClass: 9463K(9536K)->9463K(9536K) Class: 883K(1024K)->883K(1024K)
[100.809s][info][gc             ] GC(409) Pause Young (Allocation Failure) 818M->548M(989M) 31.300ms
[100.809s][info][gc,cpu         ] GC(409) User=0.03s Sys=0.00s Real=0.03s
[100.905s][info][gc,start       ] GC(410) Pause Young (Allocation Failure)
[100.935s][info][gc,heap        ] GC(410) DefNew: 298437K(314560K)->18734K(314560K) Eden: 279616K(279616K)->0K(279616K) From: 18821K(34944K)->18734K(34944K)
[100.935s][info][gc,heap        ] GC(410) Tenured: 542743K(699072K)->545820K(699072K)
[100.935s][info][gc,metaspace   ] GC(410) Metaspace: 10347K(10560K)->10347K(10560K) NonClass: 9463K(9536K)->9463K(9536K) Class: 883K(1024K)->883K(1024K)
[100.935s][info][gc             ] GC(410) Pause Young (Allocation Failure) 821M->551M(989M) 30.096ms
[100.935s][info][gc,cpu         ] GC(410) User=0.03s Sys=0.00s Real=0.03s
[101.032s][info][gc,start       ] GC(411) Pause Young (Allocation Failure)
[101.062s][info][gc,heap        ] GC(411) DefNew: 298350K(314560K)->18802K(314560K) Eden: 279616K(279616K)->0K(279616K) From: 18734K(34944K)->18802K(34944K)
[101.062s][info][gc,heap        ] GC(411) Tenured: 545820K(699072K)->548910K(699072K)
[101.062s][info][gc,metaspace   ] GC(411) Metaspace: 10347K(10560K)->10347K(10560K) NonClass: 9463K(9536K)->9463K(9536K) Class: 883K(1024K)->883K(1024K)
[101.062s][info][gc             ] GC(411) Pause Young (Allocation Failure) 824M->554M(989M) 30.230ms
[101.062s][info][gc,cpu         ] GC(411) User=0.03s Sys=0.00s Real=0.03s
[101.161s][info][gc,start       ] GC(412) Pause Young (Allocation Failure)
[101.191s][info][gc,heap        ] GC(412) DefNew: 298418K(314560K)->18909K(314560K) Eden: 279616K(279616K)->0K(279616K) From: 18802K(34944K)->18909K(34944K)
[101.191s][info][gc,heap        ] GC(412) Tenured: 548910K(699072K)->551991K(699072K)
[101.191s][info][gc,metaspace   ] GC(412) Metaspace: 10347K(10560K)->10347K(10560K) NonClass: 9463K(9536K)->9463K(9536K) Class: 883K(1024K)->883K(1024K)
[101.191s][info][gc             ] GC(412) Pause Young (Allocation Failure) 827M->557M(989M) 30.824ms
[101.191s][info][gc,cpu         ] GC(412) User=0.02s Sys=0.00s Real=0.02s
[101.289s][info][gc,start       ] GC(413) Pause Young (Allocation Failure)
[101.319s][info][gc,heap        ] GC(413) DefNew: 298525K(314560K)->18748K(314560K) Eden: 279616K(279616K)->0K(279616K) From: 18909K(34944K)->18748K(34944K)
[101.319s][info][gc,heap        ] GC(413) Tenured: 551991K(699072K)->555087K(699072K)
[101.319s][info][gc,metaspace   ] GC(413) Metaspace: 10347K(10560K)->10347K(10560K) NonClass: 9463K(9536K)->9463K(9536K) Class: 883K(1024K)->883K(1024K)
[101.319s][info][gc             ] GC(413) Pause Young (Allocation Failure) 830M->560M(989M) 30.470ms
[101.319s][info][gc,cpu         ] GC(413) User=0.03s Sys=0.00s Real=0.03s
[101.414s][info][gc,start       ] GC(414) Pause Young (Allocation Failure)
[101.444s][info][gc,heap        ] GC(414) DefNew: 298364K(314560K)->18733K(314560K) Eden: 279616K(279616K)->0K(279616K) From: 18748K(34944K)->18733K(34944K)
[101.444s][info][gc,heap        ] GC(414) Tenured: 555087K(699072K)->558152K(699072K)
[101.444s][info][gc,metaspace   ] GC(414) Metaspace: 10347K(10560K)->10347K(10560K) NonClass: 9463K(9536K)->9463K(9536K) Class: 883K(1024K)->883K(1024K)
[101.444s][info][gc             ] GC(414) Pause Young (Allocation Failure) 833M->563M(989M) 30.123ms
[101.444s][info][gc,cpu         ] GC(414) User=0.03s Sys=0.00s Real=0.02s
[101.539s][info][gc,start       ] GC(415) Pause Young (Allocation Failure)
[101.569s][info][gc,heap        ] GC(415) DefNew: 298349K(314560K)->18967K(314560K) Eden: 279616K(279616K)->0K(279616K) From: 18733K(34944K)->18967K(34944K)
[101.569s][info][gc,heap        ] GC(415) Tenured: 558152K(699072K)->561124K(699072K)
[101.569s][info][gc,metaspace   ] GC(415) Metaspace: 10347K(10560K)->10347K(10560K) NonClass: 9463K(9536K)->9463K(9536K) Class: 883K(1024K)->883K(1024K)
[101.569s][info][gc             ] GC(415) Pause Young (Allocation Failure) 836M->566M(989M) 30.237ms
[101.569s][info][gc,cpu         ] GC(415) User=0.03s Sys=0.00s Real=0.02s
[101.665s][info][gc,start       ] GC(416) Pause Young (Allocation Failure)
[101.695s][info][gc,heap        ] GC(416) DefNew: 298583K(314560K)->18657K(314560K) Eden: 279616K(279616K)->0K(279616K) From: 18967K(34944K)->18657K(34944K)
[101.695s][info][gc,heap        ] GC(416) Tenured: 561124K(699072K)->564322K(699072K)
[101.695s][info][gc,metaspace   ] GC(416) Metaspace: 10347K(10560K)->10347K(10560K) NonClass: 9463K(9536K)->9463K(9536K) Class: 883K(1024K)->883K(1024K)
[101.695s][info][gc             ] GC(416) Pause Young (Allocation Failure) 839M->569M(989M) 30.247ms
[101.695s][info][gc,cpu         ] GC(416) User=0.03s Sys=0.00s Real=0.02s
[101.796s][info][gc,start       ] GC(417) Pause Young (Allocation Failure)
[101.827s][info][gc,heap        ] GC(417) DefNew: 298273K(314560K)->18706K(314560K) Eden: 279616K(279616K)->0K(279616K) From: 18657K(34944K)->18706K(34944K)
[101.827s][info][gc,heap        ] GC(417) Tenured: 564322K(699072K)->567355K(699072K)
[101.827s][info][gc,metaspace   ] GC(417) Metaspace: 10347K(10560K)->10347K(10560K) NonClass: 9463K(9536K)->9463K(9536K) Class: 883K(1024K)->883K(1024K)
[101.827s][info][gc             ] GC(417) Pause Young (Allocation Failure) 842M->572M(989M) 30.589ms
[101.827s][info][gc,cpu         ] GC(417) User=0.03s Sys=0.00s Real=0.02s
[101.920s][info][gc,start       ] GC(418) Pause Young (Allocation Failure)
[101.950s][info][gc,heap        ] GC(418) DefNew: 298322K(314560K)->18583K(314560K) Eden: 279616K(279616K)->0K(279616K) From: 18706K(34944K)->18583K(34944K)
[101.950s][info][gc,heap        ] GC(418) Tenured: 567355K(699072K)->570448K(699072K)
[101.950s][info][gc,metaspace   ] GC(418) Metaspace: 10347K(10560K)->10347K(10560K) NonClass: 9463K(9536K)->9463K(9536K) Class: 883K(1024K)->883K(1024K)
[101.950s][info][gc             ] GC(418) Pause Young (Allocation Failure) 845M->575M(989M) 29.854ms
[101.950s][info][gc,cpu         ] GC(418) User=0.03s Sys=0.00s Real=0.02s
[102.044s][info][gc,start       ] GC(419) Pause Young (Allocation Failure)
[102.074s][info][gc,heap        ] GC(419) DefNew: 298199K(314560K)->18529K(314560K) Eden: 279616K(279616K)->0K(279616K) From: 18583K(34944K)->18529K(34944K)
[102.074s][info][gc,heap        ] GC(419) Tenured: 570448K(699072K)->573450K(699072K)
[102.074s][info][gc,metaspace   ] GC(419) Metaspace: 10347K(10560K)->10347K(10560K) NonClass: 9463K(9536K)->9463K(9536K) Class: 883K(1024K)->883K(1024K)
[102.074s][info][gc             ] GC(419) Pause Young (Allocation Failure) 848M->578M(989M) 29.601ms
[102.074s][info][gc,cpu         ] GC(419) User=0.03s Sys=0.00s Real=0.02s
[102.170s][info][gc,start       ] GC(420) Pause Young (Allocation Failure)
[102.200s][info][gc,heap        ] GC(420) DefNew: 298145K(314560K)->18446K(314560K) Eden: 279616K(279616K)->0K(279616K) From: 18529K(34944K)->18446K(34944K)
[102.200s][info][gc,heap        ] GC(420) Tenured: 573450K(699072K)->576584K(699072K)
[102.200s][info][gc,metaspace   ] GC(420) Metaspace: 10347K(10560K)->10347K(10560K) NonClass: 9463K(9536K)->9463K(9536K) Class: 883K(1024K)->883K(1024K)
[102.200s][info][gc             ] GC(420) Pause Young (Allocation Failure) 851M->581M(989M) 29.777ms
[102.200s][info][gc,cpu         ] GC(420) User=0.03s Sys=0.00s Real=0.02s
[102.296s][info][gc,start       ] GC(421) Pause Young (Allocation Failure)
[102.326s][info][gc,heap        ] GC(421) DefNew: 298062K(314560K)->18530K(314560K) Eden: 279616K(279616K)->0K(279616K) From: 18446K(34944K)->18530K(34944K)
[102.326s][info][gc,heap        ] GC(421) Tenured: 576584K(699072K)->579642K(699072K)
[102.326s][info][gc,metaspace   ] GC(421) Metaspace: 10347K(10560K)->10347K(10560K) NonClass: 9463K(9536K)->9463K(9536K) Class: 883K(1024K)->883K(1024K)
[102.326s][info][gc             ] GC(421) Pause Young (Allocation Failure) 854M->584M(989M) 29.977ms
[102.326s][info][gc,cpu         ] GC(421) User=0.03s Sys=0.00s Real=0.03s
[102.421s][info][gc,start       ] GC(422) Pause Young (Allocation Failure)
[102.451s][info][gc,heap        ] GC(422) DefNew: 298146K(314560K)->18537K(314560K) Eden: 279616K(279616K)->0K(279616K) From: 18530K(34944K)->18537K(34944K)
[102.451s][info][gc,heap        ] GC(422) Tenured: 579642K(699072K)->582613K(699072K)
[102.451s][info][gc,metaspace   ] GC(422) Metaspace: 10347K(10560K)->10347K(10560K) NonClass: 9463K(9536K)->9463K(9536K) Class: 883K(1024K)->883K(1024K)
[102.451s][info][gc             ] GC(422) Pause Young (Allocation Failure) 857M->587M(989M) 30.220ms
[102.451s][info][gc,cpu         ] GC(422) User=0.03s Sys=0.00s Real=0.03s
[102.548s][info][gc,start       ] GC(423) Pause Young (Allocation Failure)
[102.578s][info][gc,heap        ] GC(423) DefNew: 298153K(314560K)->18643K(314560K) Eden: 279616K(279616K)->0K(279616K) From: 18537K(34944K)->18643K(34944K)
[102.578s][info][gc,heap        ] GC(423) Tenured: 582613K(699072K)->585643K(699072K)
[102.578s][info][gc,metaspace   ] GC(423) Metaspace: 10347K(10560K)->10347K(10560K) NonClass: 9463K(9536K)->9463K(9536K) Class: 883K(1024K)->883K(1024K)
[102.578s][info][gc             ] GC(423) Pause Young (Allocation Failure) 860M->590M(989M) 30.613ms
[102.578s][info][gc,cpu         ] GC(423) User=0.03s Sys=0.00s Real=0.03s
[102.674s][info][gc,start       ] GC(424) Pause Young (Allocation Failure)
[102.705s][info][gc,heap        ] GC(424) DefNew: 298259K(314560K)->18909K(314560K) Eden: 279616K(279616K)->0K(279616K) From: 18643K(34944K)->18909K(34944K)
[102.705s][info][gc,heap        ] GC(424) Tenured: 585643K(699072K)->588603K(699072K)
[102.705s][info][gc,metaspace   ] GC(424) Metaspace: 10347K(10560K)->10347K(10560K) NonClass: 9463K(9536K)->9463K(9536K) Class: 883K(1024K)->883K(1024K)
[102.705s][info][gc             ] GC(424) Pause Young (Allocation Failure) 863M->593M(989M) 30.746ms
[102.705s][info][gc,cpu         ] GC(424) User=0.03s Sys=0.00s Real=0.03s
[102.808s][info][gc,start       ] GC(425) Pause Young (Allocation Failure)
[102.839s][info][gc,heap        ] GC(425) DefNew: 298525K(314560K)->18931K(314560K) Eden: 279616K(279616K)->0K(279616K) From: 18909K(34944K)->18931K(34944K)
[102.839s][info][gc,heap        ] GC(425) Tenured: 588603K(699072K)->591655K(699072K)
[102.839s][info][gc,metaspace   ] GC(425) Metaspace: 10347K(10560K)->10347K(10560K) NonClass: 9463K(9536K)->9463K(9536K) Class: 883K(1024K)->883K(1024K)
[102.839s][info][gc             ] GC(425) Pause Young (Allocation Failure) 866M->596M(989M) 31.325ms
[102.839s][info][gc,cpu         ] GC(425) User=0.03s Sys=0.00s Real=0.03s
[102.936s][info][gc,start       ] GC(426) Pause Young (Allocation Failure)
[102.966s][info][gc,heap        ] GC(426) DefNew: 298547K(314560K)->19161K(314560K) Eden: 279616K(279616K)->0K(279616K) From: 18931K(34944K)->19161K(34944K)
[102.966s][info][gc,heap        ] GC(426) Tenured: 591655K(699072K)->594611K(699072K)
[102.966s][info][gc,metaspace   ] GC(426) Metaspace: 10347K(10560K)->10347K(10560K) NonClass: 9463K(9536K)->9463K(9536K) Class: 883K(1024K)->883K(1024K)
[102.966s][info][gc             ] GC(426) Pause Young (Allocation Failure) 869M->599M(989M) 30.519ms
[102.966s][info][gc,cpu         ] GC(426) User=0.03s Sys=0.00s Real=0.03s
[103.065s][info][gc,start       ] GC(427) Pause Young (Allocation Failure)
[103.096s][info][gc,heap        ] GC(427) DefNew: 298777K(314560K)->19385K(314560K) Eden: 279616K(279616K)->0K(279616K) From: 19161K(34944K)->19385K(34944K)
[103.096s][info][gc,heap        ] GC(427) Tenured: 594611K(699072K)->597721K(699072K)
[103.096s][info][gc,metaspace   ] GC(427) Metaspace: 10347K(10560K)->10347K(10560K) NonClass: 9463K(9536K)->9463K(9536K) Class: 883K(1024K)->883K(1024K)
[103.096s][info][gc             ] GC(427) Pause Young (Allocation Failure) 872M->602M(989M) 31.609ms
[103.096s][info][gc,cpu         ] GC(427) User=0.03s Sys=0.00s Real=0.03s
[103.194s][info][gc,start       ] GC(428) Pause Young (Allocation Failure)
[103.225s][info][gc,heap        ] GC(428) DefNew: 299001K(314560K)->19515K(314560K) Eden: 279616K(279616K)->0K(279616K) From: 19385K(34944K)->19515K(34944K)
[103.225s][info][gc,heap        ] GC(428) Tenured: 597721K(699072K)->600798K(699072K)
[103.225s][info][gc,metaspace   ] GC(428) Metaspace: 10347K(10560K)->10347K(10560K) NonClass: 9463K(9536K)->9463K(9536K) Class: 883K(1024K)->883K(1024K)
[103.225s][info][gc             ] GC(428) Pause Young (Allocation Failure) 875M->605M(989M) 31.763ms
[103.225s][info][gc,cpu         ] GC(428) User=0.03s Sys=0.00s Real=0.02s
[103.323s][info][gc,start       ] GC(429) Pause Young (Allocation Failure)
[103.355s][info][gc,heap        ] GC(429) DefNew: 299131K(314560K)->19439K(314560K) Eden: 279616K(279616K)->0K(279616K) From: 19515K(34944K)->19439K(34944K)
[103.355s][info][gc,heap        ] GC(429) Tenured: 600798K(699072K)->603955K(699072K)
[103.355s][info][gc,metaspace   ] GC(429) Metaspace: 10347K(10560K)->10347K(10560K) NonClass: 9463K(9536K)->9463K(9536K) Class: 883K(1024K)->883K(1024K)
[103.355s][info][gc             ] GC(429) Pause Young (Allocation Failure) 878M->608M(989M) 31.579ms
[103.355s][info][gc,cpu         ] GC(429) User=0.03s Sys=0.00s Real=0.02s
[103.450s][info][gc,start       ] GC(430) Pause Young (Allocation Failure)
[103.481s][info][gc,heap        ] GC(430) DefNew: 299055K(314560K)->19447K(314560K) Eden: 279616K(279616K)->0K(279616K) From: 19439K(34944K)->19447K(34944K)
[103.481s][info][gc,heap        ] GC(430) Tenured: 603955K(699072K)->607032K(699072K)
[103.481s][info][gc,metaspace   ] GC(430) Metaspace: 10347K(10560K)->10347K(10560K) NonClass: 9463K(9536K)->9463K(9536K) Class: 883K(1024K)->883K(1024K)
[103.481s][info][gc             ] GC(430) Pause Young (Allocation Failure) 881M->611M(989M) 31.195ms
[103.481s][info][gc,cpu         ] GC(430) User=0.03s Sys=0.00s Real=0.02s
[103.580s][info][gc,start       ] GC(431) Pause Young (Allocation Failure)
[103.611s][info][gc,heap        ] GC(431) DefNew: 299063K(314560K)->19476K(314560K) Eden: 279616K(279616K)->0K(279616K) From: 19447K(34944K)->19476K(34944K)
[103.611s][info][gc,heap        ] GC(431) Tenured: 607032K(699072K)->610337K(699072K)
[103.612s][info][gc,metaspace   ] GC(431) Metaspace: 10347K(10560K)->10347K(10560K) NonClass: 9463K(9536K)->9463K(9536K) Class: 883K(1024K)->883K(1024K)
[103.612s][info][gc             ] GC(431) Pause Young (Allocation Failure) 884M->615M(989M) 31.584ms
[103.612s][info][gc,cpu         ] GC(431) User=0.03s Sys=0.00s Real=0.03s
[103.708s][info][gc,start       ] GC(432) Pause Young (Allocation Failure)
[103.738s][info][gc,heap        ] GC(432) DefNew: 299092K(314560K)->19309K(314560K) Eden: 279616K(279616K)->0K(279616K) From: 19476K(34944K)->19309K(34944K)
[103.738s][info][gc,heap        ] GC(432) Tenured: 610337K(699072K)->613515K(699072K)
[103.738s][info][gc,metaspace   ] GC(432) Metaspace: 10347K(10560K)->10347K(10560K) NonClass: 9463K(9536K)->9463K(9536K) Class: 883K(1024K)->883K(1024K)
[103.738s][info][gc             ] GC(432) Pause Young (Allocation Failure) 888M->617M(989M) 30.778ms
[103.738s][info][gc,cpu         ] GC(432) User=0.02s Sys=0.00s Real=0.03s
[103.841s][info][gc,start       ] GC(433) Pause Young (Allocation Failure)
[103.872s][info][gc,heap        ] GC(433) DefNew: 298925K(314560K)->19164K(314560K) Eden: 279616K(279616K)->0K(279616K) From: 19309K(34944K)->19164K(34944K)
[103.873s][info][gc,heap        ] GC(433) Tenured: 613515K(699072K)->616727K(699072K)
[103.873s][info][gc,metaspace   ] GC(433) Metaspace: 10347K(10560K)->10347K(10560K) NonClass: 9463K(9536K)->9463K(9536K) Class: 883K(1024K)->883K(1024K)
[103.873s][info][gc             ] GC(433) Pause Young (Allocation Failure) 891M->620M(989M) 31.169ms
[103.873s][info][gc,cpu         ] GC(433) User=0.03s Sys=0.00s Real=0.02s
[103.969s][info][gc,start       ] GC(434) Pause Young (Allocation Failure)
[103.999s][info][gc,heap        ] GC(434) DefNew: 298780K(314560K)->19443K(314560K) Eden: 279616K(279616K)->0K(279616K) From: 19164K(34944K)->19443K(34944K)
[103.999s][info][gc,heap        ] GC(434) Tenured: 616727K(699072K)->619784K(699072K)
[104.000s][info][gc,metaspace   ] GC(434) Metaspace: 10347K(10560K)->10347K(10560K) NonClass: 9463K(9536K)->9463K(9536K) Class: 883K(1024K)->883K(1024K)
[104.000s][info][gc             ] GC(434) Pause Young (Allocation Failure) 894M->624M(989M) 30.962ms
[104.000s][info][gc,cpu         ] GC(434) User=0.03s Sys=0.00s Real=0.03s
[104.096s][info][gc,start       ] GC(435) Pause Young (Allocation Failure)
[104.128s][info][gc,heap        ] GC(435) DefNew: 299059K(314560K)->19378K(314560K) Eden: 279616K(279616K)->0K(279616K) From: 19443K(34944K)->19378K(34944K)
[104.128s][info][gc,heap        ] GC(435) Tenured: 619784K(699072K)->623025K(699072K)
[104.128s][info][gc,metaspace   ] GC(435) Metaspace: 10347K(10560K)->10347K(10560K) NonClass: 9463K(9536K)->9463K(9536K) Class: 883K(1024K)->883K(1024K)
[104.128s][info][gc             ] GC(435) Pause Young (Allocation Failure) 897M->627M(989M) 31.497ms
[104.128s][info][gc,cpu         ] GC(435) User=0.03s Sys=0.00s Real=0.02s
[104.226s][info][gc,start       ] GC(436) Pause Young (Allocation Failure)
[104.257s][info][gc,heap        ] GC(436) DefNew: 298994K(314560K)->19419K(314560K) Eden: 279616K(279616K)->0K(279616K) From: 19378K(34944K)->19419K(34944K)
[104.257s][info][gc,heap        ] GC(436) Tenured: 623025K(699072K)->626066K(699072K)
[104.257s][info][gc,metaspace   ] GC(436) Metaspace: 10347K(10560K)->10347K(10560K) NonClass: 9463K(9536K)->9463K(9536K) Class: 883K(1024K)->883K(1024K)
[104.257s][info][gc             ] GC(436) Pause Young (Allocation Failure) 900M->630M(989M) 31.126ms
[104.257s][info][gc,cpu         ] GC(436) User=0.03s Sys=0.00s Real=0.02s
[104.353s][info][gc,start       ] GC(437) Pause Young (Allocation Failure)
[104.384s][info][gc,heap        ] GC(437) DefNew: 299035K(314560K)->19280K(314560K) Eden: 279616K(279616K)->0K(279616K) From: 19419K(34944K)->19280K(34944K)
[104.384s][info][gc,heap        ] GC(437) Tenured: 626066K(699072K)->629332K(699072K)
[104.384s][info][gc,metaspace   ] GC(437) Metaspace: 10347K(10560K)->10347K(10560K) NonClass: 9463K(9536K)->9463K(9536K) Class: 883K(1024K)->883K(1024K)
[104.384s][info][gc             ] GC(437) Pause Young (Allocation Failure) 903M->633M(989M) 30.831ms
[104.384s][info][gc,cpu         ] GC(437) User=0.03s Sys=0.00s Real=0.03s
[104.481s][info][gc,start       ] GC(438) Pause Young (Allocation Failure)
[104.512s][info][gc,heap        ] GC(438) DefNew: 298896K(314560K)->19202K(314560K) Eden: 279616K(279616K)->0K(279616K) From: 19280K(34944K)->19202K(34944K)
[104.512s][info][gc,heap        ] GC(438) Tenured: 629332K(699072K)->632480K(699072K)
[104.512s][info][gc,metaspace   ] GC(438) Metaspace: 10347K(10560K)->10347K(10560K) NonClass: 9463K(9536K)->9463K(9536K) Class: 883K(1024K)->883K(1024K)
[104.512s][info][gc             ] GC(438) Pause Young (Allocation Failure) 906M->636M(989M) 31.222ms
[104.512s][info][gc,cpu         ] GC(438) User=0.03s Sys=0.00s Real=0.03s
[104.610s][info][gc,start       ] GC(439) Pause Young (Allocation Failure)
[104.641s][info][gc,heap        ] GC(439) DefNew: 298818K(314560K)->19200K(314560K) Eden: 279616K(279616K)->0K(279616K) From: 19202K(34944K)->19200K(34944K)
[104.641s][info][gc,heap        ] GC(439) Tenured: 632480K(699072K)->635650K(699072K)
[104.641s][info][gc,metaspace   ] GC(439) Metaspace: 10347K(10560K)->10347K(10560K) NonClass: 9463K(9536K)->9463K(9536K) Class: 883K(1024K)->883K(1024K)
[104.641s][info][gc             ] GC(439) Pause Young (Allocation Failure) 909M->639M(989M) 31.310ms
[104.641s][info][gc,cpu         ] GC(439) User=0.03s Sys=0.00s Real=0.03s
[104.738s][info][gc,start       ] GC(440) Pause Young (Allocation Failure)
[104.769s][info][gc,heap        ] GC(440) DefNew: 298816K(314560K)->19119K(314560K) Eden: 279616K(279616K)->0K(279616K) From: 19200K(34944K)->19119K(34944K)
[104.769s][info][gc,heap        ] GC(440) Tenured: 635650K(699072K)->638866K(699072K)
[104.769s][info][gc,metaspace   ] GC(440) Metaspace: 10347K(10560K)->10347K(10560K) NonClass: 9463K(9536K)->9463K(9536K) Class: 883K(1024K)->883K(1024K)
[104.769s][info][gc             ] GC(440) Pause Young (Allocation Failure) 912M->642M(989M) 30.789ms
[104.769s][info][gc,cpu         ] GC(440) User=0.03s Sys=0.00s Real=0.02s
[104.870s][info][gc,start       ] GC(441) Pause Young (Allocation Failure)
[104.901s][info][gc,heap        ] GC(441) DefNew: 298735K(314560K)->19043K(314560K) Eden: 279616K(279616K)->0K(279616K) From: 19119K(34944K)->19043K(34944K)
[104.901s][info][gc,heap        ] GC(441) Tenured: 638866K(699072K)->641924K(699072K)
[104.901s][info][gc,metaspace   ] GC(441) Metaspace: 10347K(10560K)->10347K(10560K) NonClass: 9463K(9536K)->9463K(9536K) Class: 883K(1024K)->883K(1024K)
[104.901s][info][gc             ] GC(441) Pause Young (Allocation Failure) 915M->645M(989M) 30.256ms
[104.901s][info][gc,cpu         ] GC(441) User=0.03s Sys=0.00s Real=0.02s
[104.998s][info][gc,start       ] GC(442) Pause Young (Allocation Failure)
[105.029s][info][gc,heap        ] GC(442) DefNew: 298659K(314560K)->19249K(314560K) Eden: 279616K(279616K)->0K(279616K) From: 19043K(34944K)->19249K(34944K)
[105.029s][info][gc,heap        ] GC(442) Tenured: 641924K(699072K)->645016K(699072K)
[105.029s][info][gc,metaspace   ] GC(442) Metaspace: 10347K(10560K)->10347K(10560K) NonClass: 9463K(9536K)->9463K(9536K) Class: 883K(1024K)->883K(1024K)
[105.029s][info][gc             ] GC(442) Pause Young (Allocation Failure) 918M->648M(989M) 30.905ms
[105.029s][info][gc,cpu         ] GC(442) User=0.03s Sys=0.00s Real=0.03s
[105.127s][info][gc,start       ] GC(443) Pause Young (Allocation Failure)
[105.157s][info][gc,heap        ] GC(443) DefNew: 298865K(314560K)->19157K(314560K) Eden: 279616K(279616K)->0K(279616K) From: 19249K(34944K)->19157K(34944K)
[105.157s][info][gc,heap        ] GC(443) Tenured: 645016K(699072K)->648141K(699072K)
[105.157s][info][gc,metaspace   ] GC(443) Metaspace: 10347K(10560K)->10347K(10560K) NonClass: 9463K(9536K)->9463K(9536K) Class: 883K(1024K)->883K(1024K)
[105.157s][info][gc             ] GC(443) Pause Young (Allocation Failure) 921M->651M(989M) 30.613ms
[105.157s][info][gc,cpu         ] GC(443) User=0.03s Sys=0.00s Real=0.03s
[105.255s][info][gc,start       ] GC(444) Pause Young (Allocation Failure)
[105.286s][info][gc,heap        ] GC(444) DefNew: 298773K(314560K)->19434K(314560K) Eden: 279616K(279616K)->0K(279616K) From: 19157K(34944K)->19434K(34944K)
[105.286s][info][gc,heap        ] GC(444) Tenured: 648141K(699072K)->651268K(699072K)
[105.286s][info][gc,metaspace   ] GC(444) Metaspace: 10347K(10560K)->10347K(10560K) NonClass: 9463K(9536K)->9463K(9536K) Class: 883K(1024K)->883K(1024K)
[105.286s][info][gc             ] GC(444) Pause Young (Allocation Failure) 924M->654M(989M) 31.451ms
[105.286s][info][gc,cpu         ] GC(444) User=0.02s Sys=0.00s Real=0.03s
[105.515s][info][gc,start       ] GC(445) Pause Young (Allocation Failure)
[105.557s][info][gc,heap        ] GC(445) DefNew: 299050K(314560K)->26904K(314560K) Eden: 279616K(279616K)->0K(279616K) From: 19434K(34944K)->26904K(34944K)
[105.557s][info][gc,heap        ] GC(445) Tenured: 651268K(699072K)->654404K(699072K)
[105.557s][info][gc,metaspace   ] GC(445) Metaspace: 10352K(10560K)->10352K(10560K) NonClass: 9468K(9536K)->9468K(9536K) Class: 883K(1024K)->883K(1024K)
[105.557s][info][gc             ] GC(445) Pause Young (Allocation Failure) 928M->665M(989M) 41.959ms
[105.557s][info][gc,cpu         ] GC(445) User=0.05s Sys=0.00s Real=0.05s
[105.989s][info][gc,start       ] GC(446) Pause Young (Allocation Failure)
[106.098s][info][gc,heap        ] GC(446) DefNew: 306520K(314560K)->34943K(314560K) Eden: 279616K(279616K)->0K(279616K) From: 26904K(34944K)->34943K(34944K)
[106.098s][info][gc,heap        ] GC(446) Tenured: 654404K(699072K)->679289K(699072K)
[106.098s][info][gc,metaspace   ] GC(446) Metaspace: 10352K(10560K)->10352K(10560K) NonClass: 9468K(9536K)->9468K(9536K) Class: 883K(1024K)->883K(1024K)
[106.098s][info][gc             ] GC(446) Pause Young (Allocation Failure) 938M->697M(989M) 109.332ms
[106.098s][info][gc,cpu         ] GC(446) User=0.09s Sys=0.00s Real=0.11s
[106.716s][info][gc,start       ] GC(447) Pause Young (Allocation Failure)
[106.894s][info][gc,promotion   ] GC(447) Promotion failed
[106.894s][info][gc             ] GC(447) Pause Young (Allocation Failure) 970M->989M(989M) 178.254ms
[106.894s][info][gc,cpu         ] GC(447) User=0.17s Sys=0.00s Real=0.18s
[106.894s][info][gc,start       ] GC(448) Pause Full (Allocation Failure)
[106.894s][info][gc,phases,start] GC(448) Phase 1: Mark live objects
[107.324s][info][gc,phases      ] GC(448) Phase 1: Mark live objects 430.181ms
[107.324s][info][gc,phases,start] GC(448) Phase 2: Compute new object addresses
[107.501s][info][gc,phases      ] GC(448) Phase 2: Compute new object addresses 177.202ms
[107.501s][info][gc,phases,start] GC(448) Phase 3: Adjust pointers
[107.761s][info][gc,phases      ] GC(448) Phase 3: Adjust pointers 259.881ms
[107.761s][info][gc,phases,start] GC(448) Phase 4: Move objects
[107.821s][info][gc,phases      ] GC(448) Phase 4: Move objects 59.903ms
[107.821s][info][gc,heap        ] GC(448) DefNew: 314559K(314560K)->0K(314560K) Eden: 279616K(279616K)->0K(279616K) From: 34943K(34944K)->0K(34944K)
[107.821s][info][gc,heap        ] GC(448) Tenured: 679289K(699072K)->651682K(699072K)
[107.821s][info][gc,metaspace   ] GC(448) Metaspace: 10352K(10560K)->10352K(10560K) NonClass: 9468K(9536K)->9468K(9536K) Class: 883K(1024K)->883K(1024K)
[107.821s][info][gc             ] GC(448) Pause Full (Allocation Failure) 989M->636M(989M) 927.640ms
[107.821s][info][gc,cpu         ] GC(448) User=0.94s Sys=0.00s Real=0.92s
[108.168s][info][gc,start       ] GC(449) Pause Young (Allocation Failure)
[108.256s][info][gc,heap        ] GC(449) DefNew: 279616K(314560K)->34463K(314560K) Eden: 279616K(279616K)->0K(279616K) From: 0K(34944K)->34463K(34944K)
[108.256s][info][gc,heap        ] GC(449) Tenured: 651682K(699072K)->651682K(699072K)
[108.256s][info][gc,metaspace   ] GC(449) Metaspace: 10352K(10560K)->10352K(10560K) NonClass: 9468K(9536K)->9468K(9536K) Class: 883K(1024K)->883K(1024K)
[108.256s][info][gc             ] GC(449) Pause Young (Allocation Failure) 909M->670M(989M) 88.129ms
[108.256s][info][gc,cpu         ] GC(449) User=0.09s Sys=0.00s Real=0.10s
[108.597s][info][gc,start       ] GC(450) Pause Young (Allocation Failure)
[108.714s][info][gc,heap        ] GC(450) DefNew: 314079K(314560K)->34304K(314560K) Eden: 279616K(279616K)->0K(279616K) From: 34463K(34944K)->34304K(34944K)
[108.714s][info][gc,heap        ] GC(450) Tenured: 651682K(699072K)->684846K(699072K)
[108.714s][info][gc,metaspace   ] GC(450) Metaspace: 10352K(10560K)->10352K(10560K) NonClass: 9468K(9536K)->9468K(9536K) Class: 883K(1024K)->883K(1024K)
[108.714s][info][gc             ] GC(450) Pause Young (Allocation Failure) 943M->702M(989M) 116.512ms
[108.714s][info][gc,cpu         ] GC(450) User=0.12s Sys=0.00s Real=0.13s
[109.044s][info][gc,start       ] GC(451) Pause Young (Allocation Failure)
[109.044s][info][gc             ] GC(451) Pause Young (Allocation Failure) 975M->975M(989M) 0.150ms
[109.044s][info][gc,cpu         ] GC(451) User=0.00s Sys=0.00s Real=0.00s
[109.044s][info][gc,start       ] GC(452) Pause Full (Allocation Failure)
[109.044s][info][gc,phases,start] GC(452) Phase 1: Mark live objects
[109.558s][info][gc,phases      ] GC(452) Phase 1: Mark live objects 514.691ms
[109.559s][info][gc,phases,start] GC(452) Phase 2: Compute new object addresses
[109.737s][info][gc,phases      ] GC(452) Phase 2: Compute new object addresses 178.967ms
[109.738s][info][gc,phases,start] GC(452) Phase 3: Adjust pointers
[110.048s][info][gc,phases      ] GC(452) Phase 3: Adjust pointers 310.580ms
[110.048s][info][gc,phases,start] GC(452) Phase 4: Move objects
[110.217s][info][gc,phases      ] GC(452) Phase 4: Move objects 168.837ms
[110.217s][info][gc,heap        ] GC(452) DefNew: 313920K(314560K)->1135K(314560K) Eden: 279616K(279616K)->1135K(279616K) From: 34304K(34944K)->0K(34944K)
[110.217s][info][gc,heap        ] GC(452) Tenured: 684846K(699072K)->699071K(699072K)
[110.217s][info][gc,metaspace   ] GC(452) Metaspace: 10352K(10560K)->10352K(10560K) NonClass: 9468K(9536K)->9468K(9536K) Class: 883K(1024K)->883K(1024K)
[110.217s][info][gc             ] GC(452) Pause Full (Allocation Failure) 975M->683M(989M) 1173.589ms
[110.217s][info][gc,cpu         ] GC(452) User=1.16s Sys=0.00s Real=1.18s
[110.804s][info][gc,start       ] GC(453) Pause Full (Allocation Failure)
[110.804s][info][gc,phases,start] GC(453) Phase 1: Mark live objects
[111.301s][info][gc,phases      ] GC(453) Phase 1: Mark live objects 497.256ms
[111.301s][info][gc,phases,start] GC(453) Phase 2: Compute new object addresses
[111.486s][info][gc,phases      ] GC(453) Phase 2: Compute new object addresses 184.704ms
[111.486s][info][gc,phases,start] GC(453) Phase 3: Adjust pointers
[111.748s][info][gc,phases      ] GC(453) Phase 3: Adjust pointers 261.427ms
[111.748s][info][gc,phases,start] GC(453) Phase 4: Move objects
[111.779s][info][gc,phases      ] GC(453) Phase 4: Move objects 31.368ms
[111.779s][info][gc,heap        ] GC(453) DefNew: 314559K(314560K)->3311K(314560K) Eden: 279616K(279616K)->3311K(279616K) From: 34943K(34944K)->0K(34944K)
[111.779s][info][gc,heap        ] GC(453) Tenured: 699071K(699072K)->699071K(699072K)
[111.779s][info][gc,metaspace   ] GC(453) Metaspace: 10352K(10560K)->10352K(10560K) NonClass: 9468K(9536K)->9468K(9536K) Class: 883K(1024K)->883K(1024K)
[111.779s][info][gc             ] GC(453) Pause Full (Allocation Failure) 989M->685M(989M) 975.258ms
[111.779s][info][gc,cpu         ] GC(453) User=0.97s Sys=0.00s Real=0.98s
[112.314s][info][gc,start       ] GC(454) Pause Full (Allocation Failure)
[112.314s][info][gc,phases,start] GC(454) Phase 1: Mark live objects
[112.806s][info][gc,phases      ] GC(454) Phase 1: Mark live objects 491.817ms
[112.806s][info][gc,phases,start] GC(454) Phase 2: Compute new object addresses
[112.985s][info][gc,phases      ] GC(454) Phase 2: Compute new object addresses 178.512ms
[112.985s][info][gc,phases,start] GC(454) Phase 3: Adjust pointers
[113.231s][info][gc,phases      ] GC(454) Phase 3: Adjust pointers 246.443ms
[113.231s][info][gc,phases,start] GC(454) Phase 4: Move objects
[113.269s][info][gc,phases      ] GC(454) Phase 4: Move objects 37.982ms
[113.270s][info][gc,heap        ] GC(454) DefNew: 314559K(314560K)->0K(314560K) Eden: 279616K(279616K)->0K(279616K) From: 34943K(34944K)->0K(34944K)
[113.270s][info][gc,heap        ] GC(454) Tenured: 699071K(699072K)->676500K(699072K)
[113.270s][info][gc,metaspace   ] GC(454) Metaspace: 10352K(10560K)->10352K(10560K) NonClass: 9468K(9536K)->9468K(9536K) Class: 883K(1024K)->883K(1024K)
[113.270s][info][gc             ] GC(454) Pause Full (Allocation Failure) 989M->660M(989M) 955.291ms
[113.270s][info][gc,cpu         ] GC(454) User=0.95s Sys=0.00s Real=0.94s
[113.659s][info][gc,start       ] GC(455) Pause Young (Allocation Failure)
[113.659s][info][gc             ] GC(455) Pause Young (Allocation Failure) 933M->933M(989M) 0.149ms
[113.659s][info][gc,cpu         ] GC(455) User=0.00s Sys=0.00s Real=0.00s
[113.659s][info][gc,start       ] GC(456) Pause Full (Allocation Failure)
[113.659s][info][gc,phases,start] GC(456) Phase 1: Mark live objects
[114.130s][info][gc,phases      ] GC(456) Phase 1: Mark live objects 470.601ms
[114.130s][info][gc,phases,start] GC(456) Phase 2: Compute new object addresses
[114.298s][info][gc,phases      ] GC(456) Phase 2: Compute new object addresses 168.327ms
[114.298s][info][gc,phases,start] GC(456) Phase 3: Adjust pointers
[114.529s][info][gc,phases      ] GC(456) Phase 3: Adjust pointers 230.933ms
[114.529s][info][gc,phases,start] GC(456) Phase 4: Move objects
[114.567s][info][gc,phases      ] GC(456) Phase 4: Move objects 38.418ms
[114.568s][info][gc,heap        ] GC(456) DefNew: 279616K(314560K)->0K(314560K) Eden: 279616K(279616K)->0K(279616K) From: 0K(34944K)->0K(34944K)
[114.568s][info][gc,heap        ] GC(456) Tenured: 676500K(699072K)->649906K(699072K)
[114.568s][info][gc,metaspace   ] GC(456) Metaspace: 10352K(10560K)->10352K(10560K) NonClass: 9468K(9536K)->9468K(9536K) Class: 883K(1024K)->883K(1024K)
[114.568s][info][gc             ] GC(456) Pause Full (Allocation Failure) 933M->634M(989M) 908.716ms
[114.568s][info][gc,cpu         ] GC(456) User=0.91s Sys=0.00s Real=0.91s
[114.833s][info][gc,start       ] GC(457) Pause Young (Allocation Failure)
[114.906s][info][gc,heap        ] GC(457) DefNew: 279616K(314560K)->34343K(314560K) Eden: 279616K(279616K)->0K(279616K) From: 0K(34944K)->34343K(34944K)
[114.906s][info][gc,heap        ] GC(457) Tenured: 649906K(699072K)->649906K(699072K)
[114.906s][info][gc,metaspace   ] GC(457) Metaspace: 10352K(10560K)->10352K(10560K) NonClass: 9468K(9536K)->9468K(9536K) Class: 883K(1024K)->883K(1024K)
[114.906s][info][gc             ] GC(457) Pause Young (Allocation Failure) 907M->668M(989M) 73.393ms
[114.906s][info][gc,cpu         ] GC(457) User=0.06s Sys=0.00s Real=0.06s
[115.229s][info][gc,start       ] GC(458) Pause Young (Allocation Failure)
[115.247s][info][gc,heap        ] GC(458) DefNew: 313959K(314560K)->8706K(314560K) Eden: 279616K(279616K)->0K(279616K) From: 34343K(34944K)->8706K(34944K)
[115.247s][info][gc,heap        ] GC(458) Tenured: 649906K(699072K)->651731K(699072K)
[115.247s][info][gc,metaspace   ] GC(458) Metaspace: 10352K(10560K)->10352K(10560K) NonClass: 9468K(9536K)->9468K(9536K) Class: 883K(1024K)->883K(1024K)
[115.247s][info][gc             ] GC(458) Pause Young (Allocation Failure) 941M->644M(989M) 17.536ms
[115.247s][info][gc,cpu         ] GC(458) User=0.02s Sys=0.00s Real=0.02s
[115.456s][info][gc,start       ] GC(459) Pause Young (Allocation Failure)
[115.561s][info][gc,heap        ] GC(459) DefNew: 288322K(314560K)->34944K(314560K) Eden: 279616K(279616K)->0K(279616K) From: 8706K(34944K)->34944K(34944K)
[115.561s][info][gc,heap        ] GC(459) Tenured: 651731K(699072K)->675076K(699072K)
[115.561s][info][gc,metaspace   ] GC(459) Metaspace: 10352K(10560K)->10352K(10560K) NonClass: 9468K(9536K)->9468K(9536K) Class: 883K(1024K)->883K(1024K)
[115.561s][info][gc             ] GC(459) Pause Young (Allocation Failure) 918M->693M(989M) 105.307ms
[115.561s][info][gc,cpu         ] GC(459) User=0.11s Sys=0.00s Real=0.11s
[115.709s][info][gc,start       ] GC(460) Pause Young (Allocation Failure)
[115.709s][info][gc             ] GC(460) Pause Young (Allocation Failure) 966M->966M(989M) 0.149ms
[115.709s][info][gc,cpu         ] GC(460) User=0.00s Sys=0.00s Real=0.00s
[115.709s][info][gc,start       ] GC(461) Pause Full (Allocation Failure)
[115.709s][info][gc,phases,start] GC(461) Phase 1: Mark live objects
[116.051s][info][gc,phases      ] GC(461) Phase 1: Mark live objects 342.139ms
[116.051s][info][gc,phases,start] GC(461) Phase 2: Compute new object addresses
[116.214s][info][gc,phases      ] GC(461) Phase 2: Compute new object addresses 162.204ms
[116.214s][info][gc,phases,start] GC(461) Phase 3: Adjust pointers
[116.423s][info][gc,phases      ] GC(461) Phase 3: Adjust pointers 208.967ms
[116.423s][info][gc,phases,start] GC(461) Phase 4: Move objects
[116.482s][info][gc,phases      ] GC(461) Phase 4: Move objects 59.164ms
[116.482s][info][gc,heap        ] GC(461) DefNew: 314560K(314560K)->0K(314560K) Eden: 279616K(279616K)->0K(279616K) From: 34944K(34944K)->0K(34944K)
[116.482s][info][gc,heap        ] GC(461) Tenured: 675076K(699072K)->521020K(699072K)
[116.482s][info][gc,metaspace   ] GC(461) Metaspace: 10352K(10560K)->10352K(10560K) NonClass: 9468K(9536K)->9468K(9536K) Class: 883K(1024K)->883K(1024K)
[116.482s][info][gc             ] GC(461) Pause Full (Allocation Failure) 966M->508M(989M) 772.915ms
[116.482s][info][gc,cpu         ] GC(461) User=0.77s Sys=0.00s Real=0.78s
[116.705s][info][gc,start       ] GC(462) Pause Young (Allocation Failure)
[116.791s][info][gc,heap        ] GC(462) DefNew: 279616K(314560K)->34944K(314560K) Eden: 279616K(279616K)->0K(279616K) From: 0K(34944K)->34944K(34944K)
[116.791s][info][gc,heap        ] GC(462) Tenured: 521020K(699072K)->521094K(699072K)
[116.791s][info][gc,metaspace   ] GC(462) Metaspace: 10352K(10560K)->10352K(10560K) NonClass: 9468K(9536K)->9468K(9536K) Class: 883K(1024K)->883K(1024K)
[116.791s][info][gc             ] GC(462) Pause Young (Allocation Failure) 781M->543M(989M) 85.790ms
[116.791s][info][gc,cpu         ] GC(462) User=0.09s Sys=0.00s Real=0.08s
[117.020s][info][gc,start       ] GC(463) Pause Young (Allocation Failure)
[117.133s][info][gc,heap        ] GC(463) DefNew: 314560K(314560K)->34943K(314560K) Eden: 279616K(279616K)->0K(279616K) From: 34944K(34944K)->34943K(34944K)
[117.133s][info][gc,heap        ] GC(463) Tenured: 521094K(699072K)->554808K(699072K)
[117.133s][info][gc,metaspace   ] GC(463) Metaspace: 10352K(10560K)->10352K(10560K) NonClass: 9468K(9536K)->9468K(9536K) Class: 883K(1024K)->883K(1024K)
[117.133s][info][gc             ] GC(463) Pause Young (Allocation Failure) 816M->575M(989M) 112.875ms
[117.133s][info][gc,cpu         ] GC(463) User=0.12s Sys=0.00s Real=0.11s
[117.455s][info][gc,start       ] GC(464) Pause Young (Allocation Failure)
[117.497s][info][gc,heap        ] GC(464) DefNew: 314559K(314560K)->7138K(314560K) Eden: 279616K(279616K)->0K(279616K) From: 34943K(34944K)->7138K(34944K)
[117.497s][info][gc,heap        ] GC(464) Tenured: 554808K(699072K)->586790K(699072K)
[117.497s][info][gc,metaspace   ] GC(464) Metaspace: 10352K(10560K)->10352K(10560K) NonClass: 9468K(9536K)->9468K(9536K) Class: 883K(1024K)->883K(1024K)
[117.497s][info][gc             ] GC(464) Pause Young (Allocation Failure) 848M->580M(989M) 41.460ms
[117.497s][info][gc,cpu         ] GC(464) User=0.05s Sys=0.00s Real=0.03s
[117.875s][info][gc,start       ] GC(465) Pause Full (System.gc())
[117.875s][info][gc,phases,start] GC(465) Phase 1: Mark live objects
[118.144s][info][gc,phases      ] GC(465) Phase 1: Mark live objects 268.871ms
[118.144s][info][gc,phases,start] GC(465) Phase 2: Compute new object addresses
[118.275s][info][gc,phases      ] GC(465) Phase 2: Compute new object addresses 131.199ms
[118.275s][info][gc,phases,start] GC(465) Phase 3: Adjust pointers
[118.414s][info][gc,phases      ] GC(465) Phase 3: Adjust pointers 138.762ms
[118.414s][info][gc,phases,start] GC(465) Phase 4: Move objects
[118.419s][info][gc,phases      ] GC(465) Phase 4: Move objects 5.263ms
[118.419s][info][gc,heap        ] GC(465) DefNew: 185931K(314560K)->0K(314560K) Eden: 178793K(279616K)->0K(279616K) From: 7138K(34944K)->0K(34944K)
[118.419s][info][gc,heap        ] GC(465) Tenured: 586790K(699072K)->465535K(699072K)
[118.419s][info][gc,metaspace   ] GC(465) Metaspace: 10353K(10560K)->10353K(10560K) NonClass: 9469K(9536K)->9469K(9536K) Class: 883K(1024K)->883K(1024K)
[118.419s][info][gc             ] GC(465) Pause Full (System.gc()) 754M->454M(989M) 544.585ms
[118.419s][info][gc,cpu         ] GC(465) User=0.55s Sys=0.00s Real=0.54s
[118.527s][info][gc,start       ] GC(466) Pause Young (Allocation Failure)
[118.543s][info][gc,heap        ] GC(466) DefNew: 279616K(314560K)->7070K(314560K) Eden: 279616K(279616K)->0K(279616K) From: 0K(34944K)->7070K(34944K)
[118.543s][info][gc,heap        ] GC(466) Tenured: 465535K(699072K)->465535K(699072K)
[118.543s][info][gc,metaspace   ] GC(466) Metaspace: 10383K(10624K)->10383K(10624K) NonClass: 9499K(9600K)->9499K(9600K) Class: 883K(1024K)->883K(1024K)
[118.543s][info][gc             ] GC(466) Pause Young (Allocation Failure) 727M->461M(989M) 15.787ms
[118.543s][info][gc,cpu         ] GC(466) User=0.02s Sys=0.00s Real=0.01s
[118.634s][info][gc,start       ] GC(467) Pause Young (Allocation Failure)
[118.654s][info][gc,heap        ] GC(467) DefNew: 286686K(314560K)->11750K(314560K) Eden: 279616K(279616K)->0K(279616K) From: 7070K(34944K)->11750K(34944K)
[118.654s][info][gc,heap        ] GC(467) Tenured: 465535K(699072K)->465535K(699072K)
[118.654s][info][gc,metaspace   ] GC(467) Metaspace: 10383K(10624K)->10383K(10624K) NonClass: 9499K(9600K)->9499K(9600K) Class: 883K(1024K)->883K(1024K)
[118.654s][info][gc             ] GC(467) Pause Young (Allocation Failure) 734M->466M(989M) 20.721ms
[118.654s][info][gc,cpu         ] GC(467) User=0.02s Sys=0.00s Real=0.02s
[118.746s][info][gc,start       ] GC(468) Pause Young (Allocation Failure)
[118.769s][info][gc,heap        ] GC(468) DefNew: 291366K(314560K)->15485K(314560K) Eden: 279616K(279616K)->0K(279616K) From: 11750K(34944K)->15485K(34944K)
[118.769s][info][gc,heap        ] GC(468) Tenured: 465535K(699072K)->465535K(699072K)
[118.769s][info][gc,metaspace   ] GC(468) Metaspace: 10383K(10624K)->10383K(10624K) NonClass: 9499K(9600K)->9499K(9600K) Class: 883K(1024K)->883K(1024K)
[118.769s][info][gc             ] GC(468) Pause Young (Allocation Failure) 739M->469M(989M) 23.155ms
[118.769s][info][gc,cpu         ] GC(468) User=0.02s Sys=0.00s Real=0.02s
[118.869s][info][gc,start       ] GC(469) Pause Young (Allocation Failure)
[118.895s][info][gc,heap        ] GC(469) DefNew: 295101K(314560K)->18678K(314560K) Eden: 279616K(279616K)->0K(279616K) From: 15485K(34944K)->18678K(34944K)
[118.895s][info][gc,heap        ] GC(469) Tenured: 465535K(699072K)->465535K(699072K)
[118.895s][info][gc,metaspace   ] GC(469) Metaspace: 10383K(10624K)->10383K(10624K) NonClass: 9499K(9600K)->9499K(9600K) Class: 883K(1024K)->883K(1024K)
[118.895s][info][gc             ] GC(469) Pause Young (Allocation Failure) 742M->472M(989M) 25.928ms
[118.895s][info][gc,cpu         ] GC(469) User=0.02s Sys=0.00s Real=0.02s
[118.988s][info][gc,start       ] GC(470) Pause Young (Allocation Failure)
[119.018s][info][gc,heap        ] GC(470) DefNew: 298294K(314560K)->18371K(314560K) Eden: 279616K(279616K)->0K(279616K) From: 18678K(34944K)->18371K(34944K)
[119.018s][info][gc,heap        ] GC(470) Tenured: 465535K(699072K)->468882K(699072K)
[119.018s][info][gc,metaspace   ] GC(470) Metaspace: 10383K(10624K)->10383K(10624K) NonClass: 9499K(9600K)->9499K(9600K) Class: 883K(1024K)->883K(1024K)
[119.018s][info][gc             ] GC(470) Pause Young (Allocation Failure) 745M->475M(989M) 30.147ms
[119.018s][info][gc,cpu         ] GC(470) User=0.03s Sys=0.00s Real=0.02s
[119.111s][info][gc,start       ] GC(471) Pause Young (Allocation Failure)
[119.141s][info][gc,heap        ] GC(471) DefNew: 297987K(314560K)->18428K(314560K) Eden: 279616K(279616K)->0K(279616K) From: 18371K(34944K)->18428K(34944K)
[119.141s][info][gc,heap        ] GC(471) Tenured: 468882K(699072K)->471939K(699072K)
[119.141s][info][gc,metaspace   ] GC(471) Metaspace: 10383K(10624K)->10383K(10624K) NonClass: 9499K(9600K)->9499K(9600K) Class: 883K(1024K)->883K(1024K)
[119.141s][info][gc             ] GC(471) Pause Young (Allocation Failure) 748M->478M(989M) 29.778ms
[119.141s][info][gc,cpu         ] GC(471) User=0.03s Sys=0.00s Real=0.02s
[119.236s][info][gc,start       ] GC(472) Pause Young (Allocation Failure)
[119.266s][info][gc,heap        ] GC(472) DefNew: 298044K(314560K)->18427K(314560K) Eden: 279616K(279616K)->0K(279616K) From: 18428K(34944K)->18427K(34944K)
[119.266s][info][gc,heap        ] GC(472) Tenured: 471939K(699072K)->474884K(699072K)
[119.266s][info][gc,metaspace   ] GC(472) Metaspace: 10383K(10624K)->10383K(10624K) NonClass: 9499K(9600K)->9499K(9600K) Class: 883K(1024K)->883K(1024K)
[119.266s][info][gc             ] GC(472) Pause Young (Allocation Failure) 751M->481M(989M) 29.846ms
[119.266s][info][gc,cpu         ] GC(472) User=0.03s Sys=0.00s Real=0.03s
[119.364s][info][gc,start       ] GC(473) Pause Young (Allocation Failure)
[119.394s][info][gc,heap        ] GC(473) DefNew: 298043K(314560K)->18633K(314560K) Eden: 279616K(279616K)->0K(279616K) From: 18427K(34944K)->18633K(34944K)
[119.394s][info][gc,heap        ] GC(473) Tenured: 474884K(699072K)->477860K(699072K)
[119.394s][info][gc,metaspace   ] GC(473) Metaspace: 10383K(10624K)->10383K(10624K) NonClass: 9499K(9600K)->9499K(9600K) Class: 883K(1024K)->883K(1024K)
[119.394s][info][gc             ] GC(473) Pause Young (Allocation Failure) 754M->484M(989M) 30.236ms
[119.394s][info][gc,cpu         ] GC(473) User=0.02s Sys=0.00s Real=0.02s
[119.488s][info][gc,start       ] GC(474) Pause Young (Allocation Failure)
[119.518s][info][gc,heap        ] GC(474) DefNew: 298249K(314560K)->18466K(314560K) Eden: 279616K(279616K)->0K(279616K) From: 18633K(34944K)->18466K(34944K)
[119.518s][info][gc,heap        ] GC(474) Tenured: 477860K(699072K)->480916K(699072K)
[119.518s][info][gc,metaspace   ] GC(474) Metaspace: 10383K(10624K)->10383K(10624K) NonClass: 9499K(9600K)->9499K(9600K) Class: 883K(1024K)->883K(1024K)
[119.518s][info][gc             ] GC(474) Pause Young (Allocation Failure) 757M->487M(989M) 30.020ms
[119.518s][info][gc,cpu         ] GC(474) User=0.03s Sys=0.00s Real=0.03s
[119.615s][info][gc,start       ] GC(475) Pause Young (Allocation Failure)
[119.644s][info][gc,heap        ] GC(475) DefNew: 298082K(314560K)->18617K(314560K) Eden: 279616K(279616K)->0K(279616K) From: 18466K(34944K)->18617K(34944K)
[119.645s][info][gc,heap        ] GC(475) Tenured: 480916K(699072K)->483814K(699072K)
[119.645s][info][gc,metaspace   ] GC(475) Metaspace: 10383K(10624K)->10383K(10624K) NonClass: 9499K(9600K)->9499K(9600K) Class: 883K(1024K)->883K(1024K)
[119.645s][info][gc             ] GC(475) Pause Young (Allocation Failure) 760M->490M(989M) 29.990ms
[119.645s][info][gc,cpu         ] GC(475) User=0.02s Sys=0.00s Real=0.02s
[119.741s][info][gc,start       ] GC(476) Pause Young (Allocation Failure)
[119.771s][info][gc,heap        ] GC(476) DefNew: 298233K(314560K)->18630K(314560K) Eden: 279616K(279616K)->0K(279616K) From: 18617K(34944K)->18630K(34944K)
[119.771s][info][gc,heap        ] GC(476) Tenured: 483814K(699072K)->486767K(699072K)
[119.771s][info][gc,metaspace   ] GC(476) Metaspace: 10383K(10624K)->10383K(10624K) NonClass: 9499K(9600K)->9499K(9600K) Class: 883K(1024K)->883K(1024K)
[119.771s][info][gc             ] GC(476) Pause Young (Allocation Failure) 763M->493M(989M) 30.300ms
[119.771s][info][gc,cpu         ] GC(476) User=0.02s Sys=0.00s Real=0.02s
[119.874s][info][gc,start       ] GC(477) Pause Young (Allocation Failure)
[119.905s][info][gc,heap        ] GC(477) DefNew: 298246K(314560K)->18621K(314560K) Eden: 279616K(279616K)->0K(279616K) From: 18630K(34944K)->18621K(34944K)
[119.905s][info][gc,heap        ] GC(477) Tenured: 486767K(699072K)->489924K(699072K)
[119.905s][info][gc,metaspace   ] GC(477) Metaspace: 10383K(10624K)->10383K(10624K) NonClass: 9499K(9600K)->9499K(9600K) Class: 883K(1024K)->883K(1024K)
[119.905s][info][gc             ] GC(477) Pause Young (Allocation Failure) 766M->496M(989M) 30.389ms
[119.905s][info][gc,cpu         ] GC(477) User=0.03s Sys=0.00s Real=0.03s
[120.002s][info][gc,start       ] GC(478) Pause Young (Allocation Failure)
[120.032s][info][gc,heap        ] GC(478) DefNew: 298237K(314560K)->18897K(314560K) Eden: 279616K(279616K)->0K(279616K) From: 18621K(34944K)->18897K(34944K)
[120.032s][info][gc,heap        ] GC(478) Tenured: 489924K(699072K)->492899K(699072K)
[120.032s][info][gc,metaspace   ] GC(478) Metaspace: 10383K(10624K)->10383K(10624K) NonClass: 9499K(9600K)->9499K(9600K) Class: 883K(1024K)->883K(1024K)
[120.032s][info][gc             ] GC(478) Pause Young (Allocation Failure) 769M->499M(989M) 30.773ms
[120.032s][info][gc,cpu         ] GC(478) User=0.03s Sys=0.00s Real=0.03s
[120.127s][info][gc,start       ] GC(479) Pause Young (Allocation Failure)
[120.157s][info][gc,heap        ] GC(479) DefNew: 298513K(314560K)->18820K(314560K) Eden: 279616K(279616K)->0K(279616K) From: 18897K(34944K)->18820K(34944K)
[120.157s][info][gc,heap        ] GC(479) Tenured: 492899K(699072K)->495994K(699072K)
[120.157s][info][gc,metaspace   ] GC(479) Metaspace: 10383K(10624K)->10383K(10624K) NonClass: 9499K(9600K)->9499K(9600K) Class: 883K(1024K)->883K(1024K)
[120.157s][info][gc             ] GC(479) Pause Young (Allocation Failure) 772M->502M(989M) 30.195ms
[120.157s][info][gc,cpu         ] GC(479) User=0.03s Sys=0.00s Real=0.02s
[120.253s][info][gc,start       ] GC(480) Pause Young (Allocation Failure)
[120.284s][info][gc,heap        ] GC(480) DefNew: 298436K(314560K)->18922K(314560K) Eden: 279616K(279616K)->0K(279616K) From: 18820K(34944K)->18922K(34944K)
[120.284s][info][gc,heap        ] GC(480) Tenured: 495994K(699072K)->498970K(699072K)
[120.284s][info][gc,metaspace   ] GC(480) Metaspace: 10383K(10624K)->10383K(10624K) NonClass: 9499K(9600K)->9499K(9600K) Class: 883K(1024K)->883K(1024K)
[120.284s][info][gc             ] GC(480) Pause Young (Allocation Failure) 775M->505M(989M) 30.490ms
[120.284s][info][gc,cpu         ] GC(480) User=0.03s Sys=0.00s Real=0.03s
[120.378s][info][gc,start       ] GC(481) Pause Young (Allocation Failure)
[120.408s][info][gc,heap        ] GC(481) DefNew: 298538K(314560K)->19122K(314560K) Eden: 279616K(279616K)->0K(279616K) From: 18922K(34944K)->19122K(34944K)
[120.408s][info][gc,heap        ] GC(481) Tenured: 498970K(699072K)->502026K(699072K)
[120.408s][info][gc,metaspace   ] GC(481) Metaspace: 10383K(10624K)->10383K(10624K) NonClass: 9499K(9600K)->9499K(9600K) Class: 883K(1024K)->883K(1024K)
[120.408s][info][gc             ] GC(481) Pause Young (Allocation Failure) 778M->508M(989M) 30.709ms
[120.408s][info][gc,cpu         ] GC(481) User=0.03s Sys=0.00s Real=0.02s
[120.506s][info][gc,start       ] GC(482) Pause Young (Allocation Failure)
[120.536s][info][gc,heap        ] GC(482) DefNew: 298738K(314560K)->18814K(314560K) Eden: 279616K(279616K)->0K(279616K) From: 19122K(34944K)->18814K(34944K)
[120.536s][info][gc,heap        ] GC(482) Tenured: 502026K(699072K)->505222K(699072K)
[120.536s][info][gc,metaspace   ] GC(482) Metaspace: 10383K(10624K)->10383K(10624K) NonClass: 9499K(9600K)->9499K(9600K) Class: 883K(1024K)->883K(1024K)
[120.536s][info][gc             ] GC(482) Pause Young (Allocation Failure) 781M->511M(989M) 30.394ms
[120.536s][info][gc,cpu         ] GC(482) User=0.03s Sys=0.00s Real=0.02s
[120.635s][info][gc,start       ] GC(483) Pause Young (Allocation Failure)
[120.665s][info][gc,heap        ] GC(483) DefNew: 298430K(314560K)->19114K(314560K) Eden: 279616K(279616K)->0K(279616K) From: 18814K(34944K)->19114K(34944K)
[120.665s][info][gc,heap        ] GC(483) Tenured: 505222K(699072K)->508247K(699072K)
[120.665s][info][gc,metaspace   ] GC(483) Metaspace: 10383K(10624K)->10383K(10624K) NonClass: 9499K(9600K)->9499K(9600K) Class: 883K(1024K)->883K(1024K)
[120.665s][info][gc             ] GC(483) Pause Young (Allocation Failure) 784M->515M(989M) 30.982ms
[120.665s][info][gc,cpu         ] GC(483) User=0.03s Sys=0.00s Real=0.02s
[120.761s][info][gc,start       ] GC(484) Pause Young (Allocation Failure)
[120.792s][info][gc,heap        ] GC(484) DefNew: 298730K(314560K)->18737K(314560K) Eden: 279616K(279616K)->0K(279616K) From: 19114K(34944K)->18737K(34944K)
[120.792s][info][gc,heap        ] GC(484) Tenured: 508247K(699072K)->511416K(699072K)
[120.792s][info][gc,metaspace   ] GC(484) Metaspace: 10383K(10624K)->10383K(10624K) NonClass: 9499K(9600K)->9499K(9600K) Class: 883K(1024K)->883K(1024K)
[120.792s][info][gc             ] GC(484) Pause Young (Allocation Failure) 788M->517M(989M) 30.668ms
[120.792s][info][gc,cpu         ] GC(484) User=0.03s Sys=0.00s Real=0.03s
[120.894s][info][gc,start       ] GC(485) Pause Young (Allocation Failure)
[120.925s][info][gc,heap        ] GC(485) DefNew: 298353K(314560K)->18878K(314560K) Eden: 279616K(279616K)->0K(279616K) From: 18737K(34944K)->18878K(34944K)
[120.925s][info][gc,heap        ] GC(485) Tenured: 511416K(699072K)->514447K(699072K)
[120.925s][info][gc,metaspace   ] GC(485) Metaspace: 10383K(10624K)->10383K(10624K) NonClass: 9499K(9600K)->9499K(9600K) Class: 883K(1024K)->883K(1024K)
[120.925s][info][gc             ] GC(485) Pause Young (Allocation Failure) 790M->520M(989M) 30.583ms
[120.925s][info][gc,cpu         ] GC(485) User=0.03s Sys=0.00s Real=0.02s
[121.019s][info][gc,start       ] GC(486) Pause Young (Allocation Failure)
[121.049s][info][gc,heap        ] GC(486) DefNew: 298494K(314560K)->18754K(314560K) Eden: 279616K(279616K)->0K(279616K) From: 18878K(34944K)->18754K(34944K)
[121.049s][info][gc,heap        ] GC(486) Tenured: 514447K(699072K)->517581K(699072K)
[121.049s][info][gc,metaspace   ] GC(486) Metaspace: 10383K(10624K)->10383K(10624K) NonClass: 9499K(9600K)->9499K(9600K) Class: 883K(1024K)->883K(1024K)
[121.049s][info][gc             ] GC(486) Pause Young (Allocation Failure) 793M->523M(989M) 30.550ms
[121.049s][info][gc,cpu         ] GC(486) User=0.03s Sys=0.00s Real=0.02s
[121.143s][info][gc,start       ] GC(487) Pause Young (Allocation Failure)
[121.173s][info][gc,heap        ] GC(487) DefNew: 298370K(314560K)->18442K(314560K) Eden: 279616K(279616K)->0K(279616K) From: 18754K(34944K)->18442K(34944K)
[121.173s][info][gc,heap        ] GC(487) Tenured: 517581K(699072K)->520718K(699072K)
[121.173s][info][gc,metaspace   ] GC(487) Metaspace: 10383K(10624K)->10383K(10624K) NonClass: 9499K(9600K)->9499K(9600K) Class: 883K(1024K)->883K(1024K)
[121.173s][info][gc             ] GC(487) Pause Young (Allocation Failure) 796M->526M(989M) 29.807ms
[121.173s][info][gc,cpu         ] GC(487) User=0.03s Sys=0.00s Real=0.02s
[121.270s][info][gc,start       ] GC(488) Pause Young (Allocation Failure)
[121.300s][info][gc,heap        ] GC(488) DefNew: 298058K(314560K)->18767K(314560K) Eden: 279616K(279616K)->0K(279616K) From: 18442K(34944K)->18767K(34944K)
[121.300s][info][gc,heap        ] GC(488) Tenured: 520718K(699072K)->523629K(699072K)
[121.300s][info][gc,metaspace   ] GC(488) Metaspace: 10383K(10624K)->10383K(10624K) NonClass: 9499K(9600K)->9499K(9600K) Class: 883K(1024K)->883K(1024K)
[121.300s][info][gc             ] GC(488) Pause Young (Allocation Failure) 799M->529M(989M) 30.352ms
[121.300s][info][gc,cpu         ] GC(488) User=0.02s Sys=0.00s Real=0.03s
[121.396s][info][gc,start       ] GC(489) Pause Young (Allocation Failure)
[121.427s][info][gc,heap        ] GC(489) DefNew: 298383K(314560K)->18674K(314560K) Eden: 279616K(279616K)->0K(279616K) From: 18767K(34944K)->18674K(34944K)
[121.427s][info][gc,heap        ] GC(489) Tenured: 523629K(699072K)->526743K(699072K)
[121.427s][info][gc,metaspace   ] GC(489) Metaspace: 10383K(10624K)->10383K(10624K) NonClass: 9499K(9600K)->9499K(9600K) Class: 883K(1024K)->883K(1024K)
[121.427s][info][gc             ] GC(489) Pause Young (Allocation Failure) 802M->532M(989M) 30.390ms
[121.427s][info][gc,cpu         ] GC(489) User=0.03s Sys=0.00s Real=0.03s
[121.522s][info][gc,start       ] GC(490) Pause Young (Allocation Failure)
[121.552s][info][gc,heap        ] GC(490) DefNew: 298290K(314560K)->18684K(314560K) Eden: 279616K(279616K)->0K(279616K) From: 18674K(34944K)->18684K(34944K)
[121.552s][info][gc,heap        ] GC(490) Tenured: 526743K(699072K)->529835K(699072K)
[121.552s][info][gc,metaspace   ] GC(490) Metaspace: 10383K(10624K)->10383K(10624K) NonClass: 9499K(9600K)->9499K(9600K) Class: 883K(1024K)->883K(1024K)
[121.552s][info][gc             ] GC(490) Pause Young (Allocation Failure) 805M->535M(989M) 30.329ms
[121.552s][info][gc,cpu         ] GC(490) User=0.03s Sys=0.00s Real=0.03s
[121.650s][info][gc,start       ] GC(491) Pause Young (Allocation Failure)
[121.680s][info][gc,heap        ] GC(491) DefNew: 298300K(314560K)->18823K(314560K) Eden: 279616K(279616K)->0K(279616K) From: 18684K(34944K)->18823K(34944K)
[121.680s][info][gc,heap        ] GC(491) Tenured: 529835K(699072K)->532741K(699072K)
[121.680s][info][gc,metaspace   ] GC(491) Metaspace: 10383K(10624K)->10383K(10624K) NonClass: 9499K(9600K)->9499K(9600K) Class: 883K(1024K)->883K(1024K)
[121.680s][info][gc             ] GC(491) Pause Young (Allocation Failure) 808M->538M(989M) 29.919ms
[121.680s][info][gc,cpu         ] GC(491) User=0.03s Sys=0.00s Real=0.03s
[121.773s][info][gc,start       ] GC(492) Pause Young (Allocation Failure)
[121.804s][info][gc,heap        ] GC(492) DefNew: 298439K(314560K)->18921K(314560K) Eden: 279616K(279616K)->0K(279616K) From: 18823K(34944K)->18921K(34944K)
[121.804s][info][gc,heap        ] GC(492) Tenured: 532741K(699072K)->535698K(699072K)
[121.804s][info][gc,metaspace   ] GC(492) Metaspace: 10383K(10624K)->10383K(10624K) NonClass: 9499K(9600K)->9499K(9600K) Class: 883K(1024K)->883K(1024K)
[121.804s][info][gc             ] GC(492) Pause Young (Allocation Failure) 811M->541M(989M) 30.889ms
[121.804s][info][gc,cpu         ] GC(492) User=0.03s Sys=0.00s Real=0.03s
[121.903s][info][gc,start       ] GC(493) Pause Young (Allocation Failure)
[121.934s][info][gc,heap        ] GC(493) DefNew: 298537K(314560K)->18837K(314560K) Eden: 279616K(279616K)->0K(279616K) From: 18921K(34944K)->18837K(34944K)
[121.934s][info][gc,heap        ] GC(493) Tenured: 535698K(699072K)->538906K(699072K)
[121.934s][info][gc,metaspace   ] GC(493) Metaspace: 10383K(10624K)->10383K(10624K) NonClass: 9499K(9600K)->9499K(9600K) Class: 883K(1024K)->883K(1024K)
[121.934s][info][gc             ] GC(493) Pause Young (Allocation Failure) 814M->544M(989M) 31.286ms
[121.934s][info][gc,cpu         ] GC(493) User=0.03s Sys=0.00s Real=0.03s
[122.030s][info][gc,start       ] GC(494) Pause Young (Allocation Failure)
[122.060s][info][gc,heap        ] GC(494) DefNew: 298453K(314560K)->18767K(314560K) Eden: 279616K(279616K)->0K(279616K) From: 18837K(34944K)->18767K(34944K)
[122.060s][info][gc,heap        ] GC(494) Tenured: 538906K(699072K)->541963K(699072K)
[122.060s][info][gc,metaspace   ] GC(494) Metaspace: 10383K(10624K)->10383K(10624K) NonClass: 9499K(9600K)->9499K(9600K) Class: 883K(1024K)->883K(1024K)
[122.060s][info][gc             ] GC(494) Pause Young (Allocation Failure) 817M->547M(989M) 30.144ms
[122.060s][info][gc,cpu         ] GC(494) User=0.03s Sys=0.00s Real=0.02s
[122.156s][info][gc,start       ] GC(495) Pause Young (Allocation Failure)
[122.185s][info][gc,heap        ] GC(495) DefNew: 298383K(314560K)->18679K(314560K) Eden: 279616K(279616K)->0K(279616K) From: 18767K(34944K)->18679K(34944K)
[122.185s][info][gc,heap        ] GC(495) Tenured: 541963K(699072K)->545075K(699072K)
[122.185s][info][gc,metaspace   ] GC(495) Metaspace: 10383K(10624K)->10383K(10624K) NonClass: 9499K(9600K)->9499K(9600K) Class: 883K(1024K)->883K(1024K)
[122.186s][info][gc             ] GC(495) Pause Young (Allocation Failure) 820M->550M(989M) 29.794ms
[122.186s][info][gc,cpu         ] GC(495) User=0.03s Sys=0.00s Real=0.02s
[122.283s][info][gc,start       ] GC(496) Pause Young (Allocation Failure)
[122.313s][info][gc,heap        ] GC(496) DefNew: 298295K(314560K)->18805K(314560K) Eden: 279616K(279616K)->0K(279616K) From: 18679K(34944K)->18805K(34944K)
[122.313s][info][gc,heap        ] GC(496) Tenured: 545075K(699072K)->548114K(699072K)
[122.313s][info][gc,metaspace   ] GC(496) Metaspace: 10383K(10624K)->10383K(10624K) NonClass: 9499K(9600K)->9499K(9600K) Class: 883K(1024K)->883K(1024K)
[122.313s][info][gc             ] GC(496) Pause Young (Allocation Failure) 823M->553M(989M) 30.267ms
[122.313s][info][gc,cpu         ] GC(496) User=0.03s Sys=0.00s Real=0.02s
[122.410s][info][gc,start       ] GC(497) Pause Young (Allocation Failure)
[122.440s][info][gc,heap        ] GC(497) DefNew: 298421K(314560K)->18794K(314560K) Eden: 279616K(279616K)->0K(279616K) From: 18805K(34944K)->18794K(34944K)
[122.440s][info][gc,heap        ] GC(497) Tenured: 548114K(699072K)->551258K(699072K)
[122.440s][info][gc,metaspace   ] GC(497) Metaspace: 10383K(10624K)->10383K(10624K) NonClass: 9499K(9600K)->9499K(9600K) Class: 883K(1024K)->883K(1024K)
[122.440s][info][gc             ] GC(497) Pause Young (Allocation Failure) 826M->556M(989M) 30.409ms
[122.440s][info][gc,cpu         ] GC(497) User=0.03s Sys=0.00s Real=0.03s
[122.536s][info][gc,start       ] GC(498) Pause Young (Allocation Failure)
[122.565s][info][gc,heap        ] GC(498) DefNew: 298410K(314560K)->18750K(314560K) Eden: 279616K(279616K)->0K(279616K) From: 18794K(34944K)->18750K(34944K)
[122.565s][info][gc,heap        ] GC(498) Tenured: 551258K(699072K)->554252K(699072K)
[122.566s][info][gc,metaspace   ] GC(498) Metaspace: 10383K(10624K)->10383K(10624K) NonClass: 9499K(9600K)->9499K(9600K) Class: 883K(1024K)->883K(1024K)
[122.566s][info][gc             ] GC(498) Pause Young (Allocation Failure) 829M->559M(989M) 29.978ms
[122.566s][info][gc,cpu         ] GC(498) User=0.02s Sys=0.00s Real=0.02s
[122.662s][info][gc,start       ] GC(499) Pause Young (Allocation Failure)
[122.692s][info][gc,heap        ] GC(499) DefNew: 298366K(314560K)->18801K(314560K) Eden: 279616K(279616K)->0K(279616K) From: 18750K(34944K)->18801K(34944K)
[122.692s][info][gc,heap        ] GC(499) Tenured: 554252K(699072K)->557236K(699072K)
[122.692s][info][gc,metaspace   ] GC(499) Metaspace: 10383K(10624K)->10383K(10624K) NonClass: 9499K(9600K)->9499K(9600K) Class: 883K(1024K)->883K(1024K)
[122.692s][info][gc             ] GC(499) Pause Young (Allocation Failure) 832M->562M(989M) 29.921ms
[122.692s][info][gc,cpu         ] GC(499) User=0.02s Sys=0.00s Real=0.02s
[122.789s][info][gc,start       ] GC(500) Pause Young (Allocation Failure)
[122.821s][info][gc,heap        ] GC(500) DefNew: 298417K(314560K)->18875K(314560K) Eden: 279616K(279616K)->0K(279616K) From: 18801K(34944K)->18875K(34944K)
[122.821s][info][gc,heap        ] GC(500) Tenured: 557236K(699072K)->560425K(699072K)
[122.821s][info][gc,metaspace   ] GC(500) Metaspace: 10383K(10624K)->10383K(10624K) NonClass: 9499K(9600K)->9499K(9600K) Class: 883K(1024K)->883K(1024K)
[122.821s][info][gc             ] GC(500) Pause Young (Allocation Failure) 835M->565M(989M) 31.784ms
[122.821s][info][gc,cpu         ] GC(500) User=0.03s Sys=0.00s Real=0.03s
[122.918s][info][gc,start       ] GC(501) Pause Young (Allocation Failure)
[122.949s][info][gc,heap        ] GC(501) DefNew: 298491K(314560K)->18807K(314560K) Eden: 279616K(279616K)->0K(279616K) From: 18875K(34944K)->18807K(34944K)
[122.949s][info][gc,heap        ] GC(501) Tenured: 560425K(699072K)->563484K(699072K)
[122.949s][info][gc,metaspace   ] GC(501) Metaspace: 10383K(10624K)->10383K(10624K) NonClass: 9499K(9600K)->9499K(9600K) Class: 883K(1024K)->883K(1024K)
[122.949s][info][gc             ] GC(501) Pause Young (Allocation Failure) 838M->568M(989M) 31.572ms
[122.949s][info][gc,cpu         ] GC(501) User=0.03s Sys=0.00s Real=0.03s
[123.043s][info][gc,start       ] GC(502) Pause Young (Allocation Failure)
[123.074s][info][gc,heap        ] GC(502) DefNew: 298423K(314560K)->18800K(314560K) Eden: 279616K(279616K)->0K(279616K) From: 18807K(34944K)->18800K(34944K)
[123.074s][info][gc,heap        ] GC(502) Tenured: 563484K(699072K)->566529K(699072K)
[123.074s][info][gc,metaspace   ] GC(502) Metaspace: 10383K(10624K)->10383K(10624K) NonClass: 9499K(9600K)->9499K(9600K) Class: 883K(1024K)->883K(1024K)
[123.074s][info][gc             ] GC(502) Pause Young (Allocation Failure) 841M->571M(989M) 30.372ms
[123.074s][info][gc,cpu         ] GC(502) User=0.03s Sys=0.00s Real=0.03s
[123.167s][info][gc,start       ] GC(503) Pause Young (Allocation Failure)
[123.197s][info][gc,heap        ] GC(503) DefNew: 298416K(314560K)->18719K(314560K) Eden: 279616K(279616K)->0K(279616K) From: 18800K(34944K)->18719K(34944K)
[123.197s][info][gc,heap        ] GC(503) Tenured: 566529K(699072K)->569553K(699072K)
[123.197s][info][gc,metaspace   ] GC(503) Metaspace: 10383K(10624K)->10383K(10624K) NonClass: 9499K(9600K)->9499K(9600K) Class: 883K(1024K)->883K(1024K)
[123.197s][info][gc             ] GC(503) Pause Young (Allocation Failure) 844M->574M(989M) 29.902ms
[123.197s][info][gc,cpu         ] GC(503) User=0.03s Sys=0.00s Real=0.02s
[123.293s][info][gc,start       ] GC(504) Pause Young (Allocation Failure)
[123.322s][info][gc,heap        ] GC(504) DefNew: 298335K(314560K)->18435K(314560K) Eden: 279616K(279616K)->0K(279616K) From: 18719K(34944K)->18435K(34944K)
[123.322s][info][gc,heap        ] GC(504) Tenured: 569553K(699072K)->572670K(699072K)
[123.322s][info][gc,metaspace   ] GC(504) Metaspace: 10383K(10624K)->10383K(10624K) NonClass: 9499K(9600K)->9499K(9600K) Class: 883K(1024K)->883K(1024K)
[123.322s][info][gc             ] GC(504) Pause Young (Allocation Failure) 847M->577M(989M) 29.741ms
[123.322s][info][gc,cpu         ] GC(504) User=0.03s Sys=0.00s Real=0.02s
[123.419s][info][gc,start       ] GC(505) Pause Young (Allocation Failure)
[123.448s][info][gc,heap        ] GC(505) DefNew: 298051K(314560K)->18377K(314560K) Eden: 279616K(279616K)->0K(279616K) From: 18435K(34944K)->18377K(34944K)
[123.448s][info][gc,heap        ] GC(505) Tenured: 572670K(699072K)->575776K(699072K)
[123.448s][info][gc,metaspace   ] GC(505) Metaspace: 10383K(10624K)->10383K(10624K) NonClass: 9499K(9600K)->9499K(9600K) Class: 883K(1024K)->883K(1024K)
[123.448s][info][gc             ] GC(505) Pause Young (Allocation Failure) 850M->580M(989M) 29.606ms
[123.448s][info][gc,cpu         ] GC(505) User=0.03s Sys=0.00s Real=0.03s
[123.542s][info][gc,start       ] GC(506) Pause Young (Allocation Failure)
[123.572s][info][gc,heap        ] GC(506) DefNew: 297993K(314560K)->18592K(314560K) Eden: 279616K(279616K)->0K(279616K) From: 18377K(34944K)->18592K(34944K)
[123.572s][info][gc,heap        ] GC(506) Tenured: 575776K(699072K)->578774K(699072K)
[123.572s][info][gc,metaspace   ] GC(506) Metaspace: 10383K(10624K)->10383K(10624K) NonClass: 9499K(9600K)->9499K(9600K) Class: 883K(1024K)->883K(1024K)
[123.572s][info][gc             ] GC(506) Pause Young (Allocation Failure) 853M->583M(989M) 29.587ms
[123.572s][info][gc,cpu         ] GC(506) User=0.03s Sys=0.00s Real=0.03s
[123.669s][info][gc,start       ] GC(507) Pause Young (Allocation Failure)
[123.699s][info][gc,heap        ] GC(507) DefNew: 298208K(314560K)->18672K(314560K) Eden: 279616K(279616K)->0K(279616K) From: 18592K(34944K)->18672K(34944K)
[123.699s][info][gc,heap        ] GC(507) Tenured: 578774K(699072K)->581785K(699072K)
[123.699s][info][gc,metaspace   ] GC(507) Metaspace: 10383K(10624K)->10383K(10624K) NonClass: 9499K(9600K)->9499K(9600K) Class: 883K(1024K)->883K(1024K)
[123.699s][info][gc             ] GC(507) Pause Young (Allocation Failure) 856M->586M(989M) 30.556ms
[123.699s][info][gc,cpu         ] GC(507) User=0.03s Sys=0.00s Real=0.02s
[123.799s][info][gc,start       ] GC(508) Pause Young (Allocation Failure)
[123.830s][info][gc,heap        ] GC(508) DefNew: 298288K(314560K)->19180K(314560K) Eden: 279616K(279616K)->0K(279616K) From: 18672K(34944K)->19180K(34944K)
[123.830s][info][gc,heap        ] GC(508) Tenured: 581785K(699072K)->584732K(699072K)
[123.830s][info][gc,metaspace   ] GC(508) Metaspace: 10383K(10624K)->10383K(10624K) NonClass: 9499K(9600K)->9499K(9600K) Class: 883K(1024K)->883K(1024K)
[123.830s][info][gc             ] GC(508) Pause Young (Allocation Failure) 859M->589M(989M) 31.362ms
[123.830s][info][gc,cpu         ] GC(508) User=0.03s Sys=0.00s Real=0.03s
[123.926s][info][gc,start       ] GC(509) Pause Young (Allocation Failure)
[123.957s][info][gc,heap        ] GC(509) DefNew: 298796K(314560K)->18958K(314560K) Eden: 279616K(279616K)->0K(279616K) From: 19180K(34944K)->18958K(34944K)
[123.957s][info][gc,heap        ] GC(509) Tenured: 584732K(699072K)->587823K(699072K)
[123.957s][info][gc,metaspace   ] GC(509) Metaspace: 10383K(10624K)->10383K(10624K) NonClass: 9499K(9600K)->9499K(9600K) Class: 883K(1024K)->883K(1024K)
[123.957s][info][gc             ] GC(509) Pause Young (Allocation Failure) 862M->592M(989M) 30.790ms
[123.957s][info][gc,cpu         ] GC(509) User=0.03s Sys=0.00s Real=0.03s
[124.054s][info][gc,start       ] GC(510) Pause Young (Allocation Failure)
[124.084s][info][gc,heap        ] GC(510) DefNew: 298574K(314560K)->19133K(314560K) Eden: 279616K(279616K)->0K(279616K) From: 18958K(34944K)->19133K(34944K)
[124.084s][info][gc,heap        ] GC(510) Tenured: 587823K(699072K)->590744K(699072K)
[124.084s][info][gc,metaspace   ] GC(510) Metaspace: 10383K(10624K)->10383K(10624K) NonClass: 9499K(9600K)->9499K(9600K) Class: 883K(1024K)->883K(1024K)
[124.085s][info][gc             ] GC(510) Pause Young (Allocation Failure) 865M->595M(989M) 30.828ms
[124.085s][info][gc,cpu         ] GC(510) User=0.03s Sys=0.00s Real=0.03s
[124.184s][info][gc,start       ] GC(511) Pause Young (Allocation Failure)
[124.215s][info][gc,heap        ] GC(511) DefNew: 298749K(314560K)->19299K(314560K) Eden: 279616K(279616K)->0K(279616K) From: 19133K(34944K)->19299K(34944K)
[124.215s][info][gc,heap        ] GC(511) Tenured: 590744K(699072K)->593835K(699072K)
[124.215s][info][gc,metaspace   ] GC(511) Metaspace: 10383K(10624K)->10383K(10624K) NonClass: 9499K(9600K)->9499K(9600K) Class: 883K(1024K)->883K(1024K)
[124.215s][info][gc             ] GC(511) Pause Young (Allocation Failure) 868M->598M(989M) 31.366ms
[124.215s][info][gc,cpu         ] GC(511) User=0.03s Sys=0.00s Real=0.03s
[124.311s][info][gc,start       ] GC(512) Pause Young (Allocation Failure)
[124.342s][info][gc,heap        ] GC(512) DefNew: 298915K(314560K)->19336K(314560K) Eden: 279616K(279616K)->0K(279616K) From: 19299K(34944K)->19336K(34944K)
[124.342s][info][gc,heap        ] GC(512) Tenured: 593835K(699072K)->596933K(699072K)
[124.342s][info][gc,metaspace   ] GC(512) Metaspace: 10383K(10624K)->10383K(10624K) NonClass: 9499K(9600K)->9499K(9600K) Class: 883K(1024K)->883K(1024K)
[124.342s][info][gc             ] GC(512) Pause Young (Allocation Failure) 871M->601M(989M) 30.715ms
[124.342s][info][gc,cpu         ] GC(512) User=0.03s Sys=0.00s Real=0.03s
[124.439s][info][gc,start       ] GC(513) Pause Young (Allocation Failure)
[124.471s][info][gc,heap        ] GC(513) DefNew: 298952K(314560K)->19530K(314560K) Eden: 279616K(279616K)->0K(279616K) From: 19336K(34944K)->19530K(34944K)
[124.471s][info][gc,heap        ] GC(513) Tenured: 596933K(699072K)->600037K(699072K)
[124.471s][info][gc,metaspace   ] GC(513) Metaspace: 10383K(10624K)->10383K(10624K) NonClass: 9499K(9600K)->9499K(9600K) Class: 883K(1024K)->883K(1024K)
[124.471s][info][gc             ] GC(513) Pause Young (Allocation Failure) 874M->605M(989M) 31.705ms
[124.471s][info][gc,cpu         ] GC(513) User=0.03s Sys=0.00s Real=0.03s
[124.567s][info][gc,start       ] GC(514) Pause Young (Allocation Failure)
[124.598s][info][gc,heap        ] GC(514) DefNew: 299146K(314560K)->19401K(314560K) Eden: 279616K(279616K)->0K(279616K) From: 19530K(34944K)->19401K(34944K)
[124.598s][info][gc,heap        ] GC(514) Tenured: 600037K(699072K)->603109K(699072K)
[124.598s][info][gc,metaspace   ] GC(514) Metaspace: 10383K(10624K)->10383K(10624K) NonClass: 9499K(9600K)->9499K(9600K) Class: 883K(1024K)->883K(1024K)
[124.598s][info][gc             ] GC(514) Pause Young (Allocation Failure) 878M->607M(989M) 30.869ms
[124.598s][info][gc,cpu         ] GC(514) User=0.02s Sys=0.00s Real=0.03s
[124.698s][info][gc,start       ] GC(515) Pause Young (Allocation Failure)
[124.729s][info][gc,heap        ] GC(515) DefNew: 299017K(314560K)->19314K(314560K) Eden: 279616K(279616K)->0K(279616K) From: 19401K(34944K)->19314K(34944K)
[124.729s][info][gc,heap        ] GC(515) Tenured: 603109K(699072K)->606423K(699072K)
[124.729s][info][gc,metaspace   ] GC(515) Metaspace: 10383K(10624K)->10383K(10624K) NonClass: 9499K(9600K)->9499K(9600K) Class: 883K(1024K)->883K(1024K)
[124.729s][info][gc             ] GC(515) Pause Young (Allocation Failure) 880M->611M(989M) 31.269ms
[124.729s][info][gc,cpu         ] GC(515) User=0.03s Sys=0.00s Real=0.03s
[124.830s][info][gc,start       ] GC(516) Pause Young (Allocation Failure)
[124.862s][info][gc,heap        ] GC(516) DefNew: 298930K(314560K)->19482K(314560K) Eden: 279616K(279616K)->0K(279616K) From: 19314K(34944K)->19482K(34944K)
[124.862s][info][gc,heap        ] GC(516) Tenured: 606423K(699072K)->609626K(699072K)
[124.862s][info][gc,metaspace   ] GC(516) Metaspace: 10383K(10624K)->10383K(10624K) NonClass: 9499K(9600K)->9499K(9600K) Class: 883K(1024K)->883K(1024K)
[124.862s][info][gc             ] GC(516) Pause Young (Allocation Failure) 884M->614M(989M) 31.579ms
[124.862s][info][gc,cpu         ] GC(516) User=0.03s Sys=0.00s Real=0.02s
[124.960s][info][gc,start       ] GC(517) Pause Young (Allocation Failure)
[124.991s][info][gc,heap        ] GC(517) DefNew: 299098K(314560K)->19290K(314560K) Eden: 279616K(279616K)->0K(279616K) From: 19482K(34944K)->19290K(34944K)
[124.991s][info][gc,heap        ] GC(517) Tenured: 609626K(699072K)->612841K(699072K)
[124.991s][info][gc,metaspace   ] GC(517) Metaspace: 10383K(10624K)->10383K(10624K) NonClass: 9499K(9600K)->9499K(9600K) Class: 883K(1024K)->883K(1024K)
[124.991s][info][gc             ] GC(517) Pause Young (Allocation Failure) 887M->617M(989M) 31.350ms
[124.991s][info][gc,cpu         ] GC(517) User=0.03s Sys=0.00s Real=0.03s
[125.086s][info][gc,start       ] GC(518) Pause Young (Allocation Failure)
[125.116s][info][gc,heap        ] GC(518) DefNew: 298906K(314560K)->19395K(314560K) Eden: 279616K(279616K)->0K(279616K) From: 19290K(34944K)->19395K(34944K)
[125.117s][info][gc,heap        ] GC(518) Tenured: 612841K(699072K)->615914K(699072K)
[125.117s][info][gc,metaspace   ] GC(518) Metaspace: 10383K(10624K)->10383K(10624K) NonClass: 9499K(9600K)->9499K(9600K) Class: 883K(1024K)->883K(1024K)
[125.117s][info][gc             ] GC(518) Pause Young (Allocation Failure) 890M->620M(989M) 30.698ms
[125.117s][info][gc,cpu         ] GC(518) User=0.03s Sys=0.00s Real=0.03s
[125.215s][info][gc,start       ] GC(519) Pause Young (Allocation Failure)
[125.246s][info][gc,heap        ] GC(519) DefNew: 299011K(314560K)->19300K(314560K) Eden: 279616K(279616K)->0K(279616K) From: 19395K(34944K)->19300K(34944K)
[125.246s][info][gc,heap        ] GC(519) Tenured: 615914K(699072K)->619128K(699072K)
[125.246s][info][gc,metaspace   ] GC(519) Metaspace: 10383K(10624K)->10383K(10624K) NonClass: 9499K(9600K)->9499K(9600K) Class: 883K(1024K)->883K(1024K)
[125.246s][info][gc             ] GC(519) Pause Young (Allocation Failure) 893M->623M(989M) 31.297ms
[125.246s][info][gc,cpu         ] GC(519) User=0.03s Sys=0.00s Real=0.03s
[125.344s][info][gc,start       ] GC(520) Pause Young (Allocation Failure)
[125.376s][info][gc,heap        ] GC(520) DefNew: 298916K(314560K)->19510K(314560K) Eden: 279616K(279616K)->0K(279616K) From: 19300K(34944K)->19510K(34944K)
[125.376s][info][gc,heap        ] GC(520) Tenured: 619128K(699072K)->622196K(699072K)
[125.376s][info][gc,metaspace   ] GC(520) Metaspace: 10383K(10624K)->10383K(10624K) NonClass: 9499K(9600K)->9499K(9600K) Class: 883K(1024K)->883K(1024K)
[125.376s][info][gc             ] GC(520) Pause Young (Allocation Failure) 896M->626M(989M) 31.774ms
[125.376s][info][gc,cpu         ] GC(520) User=0.03s Sys=0.00s Real=0.03s
[125.472s][info][gc,start       ] GC(521) Pause Young (Allocation Failure)
[125.503s][info][gc,heap        ] GC(521) DefNew: 299126K(314560K)->19228K(314560K) Eden: 279616K(279616K)->0K(279616K) From: 19510K(34944K)->19228K(34944K)
[125.503s][info][gc,heap        ] GC(521) Tenured: 622196K(699072K)->625474K(699072K)
[125.503s][info][gc,metaspace   ] GC(521) Metaspace: 10383K(10624K)->10383K(10624K) NonClass: 9499K(9600K)->9499K(9600K) Class: 883K(1024K)->883K(1024K)
[125.503s][info][gc             ] GC(521) Pause Young (Allocation Failure) 899M->629M(989M) 30.889ms
[125.503s][info][gc,cpu         ] GC(521) User=0.03s Sys=0.00s Real=0.02s
[125.598s][info][gc,start       ] GC(522) Pause Young (Allocation Failure)
[125.629s][info][gc,heap        ] GC(522) DefNew: 298844K(314560K)->19241K(314560K) Eden: 279616K(279616K)->0K(279616K) From: 19228K(34944K)->19241K(34944K)
[125.629s][info][gc,heap        ] GC(522) Tenured: 625474K(699072K)->628635K(699072K)
[125.629s][info][gc,metaspace   ] GC(522) Metaspace: 10383K(10624K)->10383K(10624K) NonClass: 9499K(9600K)->9499K(9600K) Class: 883K(1024K)->883K(1024K)
[125.629s][info][gc             ] GC(522) Pause Young (Allocation Failure) 902M->632M(989M) 30.788ms
[125.629s][info][gc,cpu         ] GC(522) User=0.02s Sys=0.00s Real=0.03s
[125.728s][info][gc,start       ] GC(523) Pause Young (Allocation Failure)
[125.759s][info][gc,heap        ] GC(523) DefNew: 298857K(314560K)->19186K(314560K) Eden: 279616K(279616K)->0K(279616K) From: 19241K(34944K)->19186K(34944K)
[125.759s][info][gc,heap        ] GC(523) Tenured: 628635K(699072K)->631807K(699072K)
[125.759s][info][gc,metaspace   ] GC(523) Metaspace: 10383K(10624K)->10383K(10624K) NonClass: 9499K(9600K)->9499K(9600K) Class: 883K(1024K)->883K(1024K)
[125.759s][info][gc             ] GC(523) Pause Young (Allocation Failure) 905M->635M(989M) 30.710ms
[125.759s][info][gc,cpu         ] GC(523) User=0.03s Sys=0.00s Real=0.02s
[125.862s][info][gc,start       ] GC(524) Pause Young (Allocation Failure)
[125.893s][info][gc,heap        ] GC(524) DefNew: 298802K(314560K)->18999K(314560K) Eden: 279616K(279616K)->0K(279616K) From: 19186K(34944K)->18999K(34944K)
[125.893s][info][gc,heap        ] GC(524) Tenured: 631807K(699072K)->635034K(699072K)
[125.893s][info][gc,metaspace   ] GC(524) Metaspace: 10383K(10624K)->10383K(10624K) NonClass: 9499K(9600K)->9499K(9600K) Class: 883K(1024K)->883K(1024K)
[125.893s][info][gc             ] GC(524) Pause Young (Allocation Failure) 908M->638M(989M) 30.388ms
[125.893s][info][gc,cpu         ] GC(524) User=0.03s Sys=0.00s Real=0.02s
[125.989s][info][gc,start       ] GC(525) Pause Young (Allocation Failure)
[126.019s][info][gc,heap        ] GC(525) DefNew: 298615K(314560K)->19138K(314560K) Eden: 279616K(279616K)->0K(279616K) From: 18999K(34944K)->19138K(34944K)
[126.019s][info][gc,heap        ] GC(525) Tenured: 635034K(699072K)->638098K(699072K)
[126.019s][info][gc,metaspace   ] GC(525) Metaspace: 10383K(10624K)->10383K(10624K) NonClass: 9499K(9600K)->9499K(9600K) Class: 883K(1024K)->883K(1024K)
[126.019s][info][gc             ] GC(525) Pause Young (Allocation Failure) 911M->641M(989M) 30.187ms
[126.019s][info][gc,cpu         ] GC(525) User=0.02s Sys=0.00s Real=0.02s
[126.115s][info][gc,start       ] GC(526) Pause Young (Allocation Failure)
[126.146s][info][gc,heap        ] GC(526) DefNew: 298754K(314560K)->19236K(314560K) Eden: 279616K(279616K)->0K(279616K) From: 19138K(34944K)->19236K(34944K)
[126.146s][info][gc,heap        ] GC(526) Tenured: 638098K(699072K)->641162K(699072K)
[126.146s][info][gc,metaspace   ] GC(526) Metaspace: 10383K(10624K)->10383K(10624K) NonClass: 9499K(9600K)->9499K(9600K) Class: 883K(1024K)->883K(1024K)
[126.146s][info][gc             ] GC(526) Pause Young (Allocation Failure) 914M->644M(989M) 30.760ms
[126.146s][info][gc,cpu         ] GC(526) User=0.03s Sys=0.00s Real=0.03s
[126.246s][info][gc,start       ] GC(527) Pause Young (Allocation Failure)
[126.276s][info][gc,heap        ] GC(527) DefNew: 298852K(314560K)->19376K(314560K) Eden: 279616K(279616K)->0K(279616K) From: 19236K(34944K)->19376K(34944K)
[126.276s][info][gc,heap        ] GC(527) Tenured: 641162K(699072K)->644261K(699072K)
[126.276s][info][gc,metaspace   ] GC(527) Metaspace: 10383K(10624K)->10383K(10624K) NonClass: 9499K(9600K)->9499K(9600K) Class: 883K(1024K)->883K(1024K)
[126.277s][info][gc             ] GC(527) Pause Young (Allocation Failure) 917M->648M(989M) 30.984ms
[126.277s][info][gc,cpu         ] GC(527) User=0.03s Sys=0.00s Real=0.03s
[126.379s][info][gc,start       ] GC(528) Pause Young (Allocation Failure)
[126.411s][info][gc,heap        ] GC(528) DefNew: 298992K(314560K)->19365K(314560K) Eden: 279616K(279616K)->0K(279616K) From: 19376K(34944K)->19365K(34944K)
[126.411s][info][gc,heap        ] GC(528) Tenured: 644261K(699072K)->647402K(699072K)
[126.411s][info][gc,metaspace   ] GC(528) Metaspace: 10383K(10624K)->10383K(10624K) NonClass: 9499K(9600K)->9499K(9600K) Class: 883K(1024K)->883K(1024K)
[126.411s][info][gc             ] GC(528) Pause Young (Allocation Failure) 921M->651M(989M) 31.236ms
[126.411s][info][gc,cpu         ] GC(528) User=0.02s Sys=0.00s Real=0.02s
[126.643s][info][gc,start       ] GC(529) Pause Young (Allocation Failure)
[126.684s][info][gc,heap        ] GC(529) DefNew: 298981K(314560K)->25465K(314560K) Eden: 279616K(279616K)->0K(279616K) From: 19365K(34944K)->25465K(34944K)
[126.684s][info][gc,heap        ] GC(529) Tenured: 647402K(699072K)->650512K(699072K)
[126.684s][info][gc,metaspace   ] GC(529) Metaspace: 10385K(10624K)->10385K(10624K) NonClass: 9501K(9600K)->9501K(9600K) Class: 883K(1024K)->883K(1024K)
[126.684s][info][gc             ] GC(529) Pause Young (Allocation Failure) 924M->660M(989M) 40.709ms
[126.684s][info][gc,cpu         ] GC(529) User=0.05s Sys=0.00s Real=0.03s
[127.101s][info][gc,start       ] GC(530) Pause Young (Allocation Failure)
[127.207s][info][gc,heap        ] GC(530) DefNew: 305081K(314560K)->34943K(314560K) Eden: 279616K(279616K)->0K(279616K) From: 25465K(34944K)->34943K(34944K)
[127.207s][info][gc,heap        ] GC(530) Tenured: 650512K(699072K)->674003K(699072K)
[127.207s][info][gc,metaspace   ] GC(530) Metaspace: 10385K(10624K)->10385K(10624K) NonClass: 9501K(9600K)->9501K(9600K) Class: 883K(1024K)->883K(1024K)
[127.207s][info][gc             ] GC(530) Pause Young (Allocation Failure) 933M->692M(989M) 105.945ms
[127.207s][info][gc,cpu         ] GC(530) User=0.09s Sys=0.00s Real=0.11s
[127.840s][info][gc,start       ] GC(531) Pause Young (Allocation Failure)
[128.015s][info][gc,promotion   ] GC(531) Promotion failed
[128.015s][info][gc             ] GC(531) Pause Young (Allocation Failure) 965M->989M(989M) 174.461ms
[128.015s][info][gc,cpu         ] GC(531) User=0.17s Sys=0.00s Real=0.16s
[128.015s][info][gc,start       ] GC(532) Pause Full (Allocation Failure)
[128.015s][info][gc,phases,start] GC(532) Phase 1: Mark live objects
[128.448s][info][gc,phases      ] GC(532) Phase 1: Mark live objects 433.398ms
[128.448s][info][gc,phases,start] GC(532) Phase 2: Compute new object addresses
[128.626s][info][gc,phases      ] GC(532) Phase 2: Compute new object addresses 177.813ms
[128.626s][info][gc,phases,start] GC(532) Phase 3: Adjust pointers
[128.890s][info][gc,phases      ] GC(532) Phase 3: Adjust pointers 263.402ms
[128.890s][info][gc,phases,start] GC(532) Phase 4: Move objects
[128.948s][info][gc,phases      ] GC(532) Phase 4: Move objects 58.709ms
[128.949s][info][gc,heap        ] GC(532) DefNew: 314559K(314560K)->0K(314560K) Eden: 279616K(279616K)->0K(279616K) From: 34943K(34944K)->0K(34944K)
[128.949s][info][gc,heap        ] GC(532) Tenured: 674003K(699072K)->648957K(699072K)
[128.949s][info][gc,metaspace   ] GC(532) Metaspace: 10385K(10624K)->10385K(10624K) NonClass: 9501K(9600K)->9501K(9600K) Class: 883K(1024K)->883K(1024K)
[128.949s][info][gc             ] GC(532) Pause Full (Allocation Failure) 989M->633M(989M) 933.792ms
[128.949s][info][gc,cpu         ] GC(532) User=0.92s Sys=0.02s Real=0.94s
[129.294s][info][gc,start       ] GC(533) Pause Young (Allocation Failure)
[129.383s][info][gc,heap        ] GC(533) DefNew: 279616K(314560K)->34593K(314560K) Eden: 279616K(279616K)->0K(279616K) From: 0K(34944K)->34593K(34944K)
[129.383s][info][gc,heap        ] GC(533) Tenured: 648957K(699072K)->648957K(699072K)
[129.383s][info][gc,metaspace   ] GC(533) Metaspace: 10385K(10624K)->10385K(10624K) NonClass: 9501K(9600K)->9501K(9600K) Class: 883K(1024K)->883K(1024K)
[129.383s][info][gc             ] GC(533) Pause Young (Allocation Failure) 906M->667M(989M) 88.644ms
[129.383s][info][gc,cpu         ] GC(533) User=0.09s Sys=0.00s Real=0.08s
[129.723s][info][gc,start       ] GC(534) Pause Young (Allocation Failure)
[129.841s][info][gc,heap        ] GC(534) DefNew: 314209K(314560K)->34369K(314560K) Eden: 279616K(279616K)->0K(279616K) From: 34593K(34944K)->34369K(34944K)
[129.841s][info][gc,heap        ] GC(534) Tenured: 648957K(699072K)->682189K(699072K)
[129.841s][info][gc,metaspace   ] GC(534) Metaspace: 10385K(10624K)->10385K(10624K) NonClass: 9501K(9600K)->9501K(9600K) Class: 883K(1024K)->883K(1024K)
[129.841s][info][gc             ] GC(534) Pause Young (Allocation Failure) 940M->699M(989M) 117.774ms
[129.841s][info][gc,cpu         ] GC(534) User=0.11s Sys=0.00s Real=0.13s
[130.172s][info][gc,start       ] GC(535) Pause Young (Allocation Failure)
[130.172s][info][gc             ] GC(535) Pause Young (Allocation Failure) 972M->972M(989M) 0.150ms
[130.172s][info][gc,cpu         ] GC(535) User=0.00s Sys=0.00s Real=0.00s
[130.172s][info][gc,start       ] GC(536) Pause Full (Allocation Failure)
[130.172s][info][gc,phases,start] GC(536) Phase 1: Mark live objects
[130.700s][info][gc,phases      ] GC(536) Phase 1: Mark live objects 528.223ms
[130.700s][info][gc,phases,start] GC(536) Phase 2: Compute new object addresses
[130.881s][info][gc,phases      ] GC(536) Phase 2: Compute new object addresses 180.831ms
[130.881s][info][gc,phases,start] GC(536) Phase 3: Adjust pointers
[131.173s][info][gc,phases      ] GC(536) Phase 3: Adjust pointers 292.045ms
[131.173s][info][gc,phases,start] GC(536) Phase 4: Move objects
[131.232s][info][gc,phases      ] GC(536) Phase 4: Move objects 58.718ms
[131.232s][info][gc,heap        ] GC(536) DefNew: 313985K(314560K)->31563K(314560K) Eden: 279616K(279616K)->31563K(279616K) From: 34369K(34944K)->0K(34944K)
[131.232s][info][gc,heap        ] GC(536) Tenured: 682189K(699072K)->699071K(699072K)
[131.232s][info][gc,metaspace   ] GC(536) Metaspace: 10385K(10624K)->10385K(10624K) NonClass: 9501K(9600K)->9501K(9600K) Class: 883K(1024K)->883K(1024K)
[131.232s][info][gc             ] GC(536) Pause Full (Allocation Failure) 972M->713M(989M) 1060.338ms
[131.232s][info][gc,cpu         ] GC(536) User=1.03s Sys=0.00s Real=1.07s
[131.765s][info][gc,start       ] GC(537) Pause Full (Allocation Failure)
[131.765s][info][gc,phases,start] GC(537) Phase 1: Mark live objects
[132.267s][info][gc,phases      ] GC(537) Phase 1: Mark live objects 501.474ms
[132.267s][info][gc,phases,start] GC(537) Phase 2: Compute new object addresses
[132.449s][info][gc,phases      ] GC(537) Phase 2: Compute new object addresses 181.746ms
[132.449s][info][gc,phases,start] GC(537) Phase 3: Adjust pointers
[132.732s][info][gc,phases      ] GC(537) Phase 3: Adjust pointers 283.376ms
[132.732s][info][gc,phases,start] GC(537) Phase 4: Move objects
[132.876s][info][gc,phases      ] GC(537) Phase 4: Move objects 143.530ms
[132.876s][info][gc,heap        ] GC(537) DefNew: 314559K(314560K)->0K(314560K) Eden: 279616K(279616K)->0K(279616K) From: 34943K(34944K)->0K(34944K)
[132.876s][info][gc,heap        ] GC(537) Tenured: 699071K(699072K)->673687K(699072K)
[132.876s][info][gc,metaspace   ] GC(537) Metaspace: 10385K(10624K)->10385K(10624K) NonClass: 9501K(9600K)->9501K(9600K) Class: 883K(1024K)->883K(1024K)
[132.876s][info][gc             ] GC(537) Pause Full (Allocation Failure) 989M->657M(989M) 1110.650ms
[132.876s][info][gc,cpu         ] GC(537) User=1.09s Sys=0.02s Real=1.12s
[133.267s][info][gc,start       ] GC(538) Pause Young (Allocation Failure)
[133.276s][info][gc,heap        ] GC(538) DefNew: 279616K(314560K)->4803K(314560K) Eden: 279616K(279616K)->0K(279616K) From: 0K(34944K)->4803K(34944K)
[133.276s][info][gc,heap        ] GC(538) Tenured: 673687K(699072K)->673687K(699072K)
[133.276s][info][gc,metaspace   ] GC(538) Metaspace: 10385K(10624K)->10385K(10624K) NonClass: 9501K(9600K)->9501K(9600K) Class: 883K(1024K)->883K(1024K)
[133.276s][info][gc             ] GC(538) Pause Young (Allocation Failure) 930M->662M(989M) 9.332ms
[133.276s][info][gc,cpu         ] GC(538) User=0.02s Sys=0.00s Real=0.00s
[133.665s][info][gc,start       ] GC(539) Pause Young (Allocation Failure)
[133.675s][info][gc,heap        ] GC(539) DefNew: 284419K(314560K)->6991K(314560K) Eden: 279616K(279616K)->0K(279616K) From: 4803K(34944K)->6991K(34944K)
[133.675s][info][gc,heap        ] GC(539) Tenured: 673687K(699072K)->673687K(699072K)
[133.675s][info][gc,metaspace   ] GC(539) Metaspace: 10385K(10624K)->10385K(10624K) NonClass: 9501K(9600K)->9501K(9600K) Class: 883K(1024K)->883K(1024K)
[133.675s][info][gc             ] GC(539) Pause Young (Allocation Failure) 935M->664M(989M) 10.006ms
[133.675s][info][gc,cpu         ] GC(539) User=0.00s Sys=0.00s Real=0.00s
[133.984s][info][gc,start       ] GC(540) Pause Young (Allocation Failure)
[134.039s][info][gc,heap        ] GC(540) DefNew: 286607K(314560K)->30892K(314560K) Eden: 279616K(279616K)->0K(279616K) From: 6991K(34944K)->30892K(34944K)
[134.039s][info][gc,heap        ] GC(540) Tenured: 673687K(699072K)->673687K(699072K)
[134.039s][info][gc,metaspace   ] GC(540) Metaspace: 10385K(10624K)->10385K(10624K) NonClass: 9501K(9600K)->9501K(9600K) Class: 883K(1024K)->883K(1024K)
[134.039s][info][gc             ] GC(540) Pause Young (Allocation Failure) 937M->688M(989M) 55.394ms
[134.040s][info][gc,cpu         ] GC(540) User=0.06s Sys=0.00s Real=0.06s
[134.357s][info][gc,start       ] GC(541) Pause Young (Allocation Failure)
[134.444s][info][gc,heap        ] GC(541) DefNew: 310508K(314560K)->29852K(314560K) Eden: 279616K(279616K)->0K(279616K) From: 30892K(34944K)->29852K(34944K)
[134.444s][info][gc,heap        ] GC(541) Tenured: 673687K(699072K)->695526K(699072K)
[134.444s][info][gc,metaspace   ] GC(541) Metaspace: 10385K(10624K)->10385K(10624K) NonClass: 9501K(9600K)->9501K(9600K) Class: 883K(1024K)->883K(1024K)
[134.444s][info][gc             ] GC(541) Pause Young (Allocation Failure) 961M->708M(989M) 87.315ms
[134.444s][info][gc,cpu         ] GC(541) User=0.09s Sys=0.00s Real=0.10s
[134.678s][info][gc,start       ] GC(542) Pause Young (Allocation Failure)
[134.678s][info][gc             ] GC(542) Pause Young (Allocation Failure) 981M->981M(989M) 0.151ms
[134.678s][info][gc,cpu         ] GC(542) User=0.00s Sys=0.00s Real=0.00s
[134.678s][info][gc,start       ] GC(543) Pause Full (Allocation Failure)
[134.678s][info][gc,phases,start] GC(543) Phase 1: Mark live objects
[134.993s][info][gc,phases      ] GC(543) Phase 1: Mark live objects 314.592ms
[134.993s][info][gc,phases,start] GC(543) Phase 2: Compute new object addresses
[135.157s][info][gc,phases      ] GC(543) Phase 2: Compute new object addresses 164.066ms
[135.157s][info][gc,phases,start] GC(543) Phase 3: Adjust pointers
[135.353s][info][gc,phases      ] GC(543) Phase 3: Adjust pointers 196.481ms
[135.353s][info][gc,phases,start] GC(543) Phase 4: Move objects
[135.400s][info][gc,phases      ] GC(543) Phase 4: Move objects 46.239ms
[135.400s][info][gc,heap        ] GC(543) DefNew: 309468K(314560K)->0K(314560K) Eden: 279616K(279616K)->0K(279616K) From: 29852K(34944K)->0K(34944K)
[135.400s][info][gc,heap        ] GC(543) Tenured: 695526K(699072K)->514787K(699072K)
[135.400s][info][gc,metaspace   ] GC(543) Metaspace: 10385K(10624K)->10385K(10624K) NonClass: 9501K(9600K)->9501K(9600K) Class: 883K(1024K)->883K(1024K)
[135.400s][info][gc             ] GC(543) Pause Full (Allocation Failure) 981M->502M(989M) 721.831ms
[135.400s][info][gc,cpu         ] GC(543) User=0.72s Sys=0.00s Real=0.72s
[135.547s][info][gc,start       ] GC(544) Pause Young (Allocation Failure)
[135.633s][info][gc,heap        ] GC(544) DefNew: 279616K(314560K)->34471K(314560K) Eden: 279616K(279616K)->0K(279616K) From: 0K(34944K)->34471K(34944K)
[135.633s][info][gc,heap        ] GC(544) Tenured: 514787K(699072K)->514787K(699072K)
[135.633s][info][gc,metaspace   ] GC(544) Metaspace: 10385K(10624K)->10385K(10624K) NonClass: 9501K(9600K)->9501K(9600K) Class: 883K(1024K)->883K(1024K)
[135.633s][info][gc             ] GC(544) Pause Young (Allocation Failure) 775M->536M(989M) 85.762ms
[135.633s][info][gc,cpu         ] GC(544) User=0.09s Sys=0.00s Real=0.10s
[135.835s][info][gc,start       ] GC(545) Pause Young (Allocation Failure)
[135.946s][info][gc,heap        ] GC(545) DefNew: 314087K(314560K)->34701K(314560K) Eden: 279616K(279616K)->0K(279616K) From: 34471K(34944K)->34701K(34944K)
[135.946s][info][gc,heap        ] GC(545) Tenured: 514787K(699072K)->547532K(699072K)
[135.946s][info][gc,metaspace   ] GC(545) Metaspace: 10385K(10624K)->10385K(10624K) NonClass: 9501K(9600K)->9501K(9600K) Class: 883K(1024K)->883K(1024K)
[135.946s][info][gc             ] GC(545) Pause Young (Allocation Failure) 809M->568M(989M) 111.771ms
[135.946s][info][gc,cpu         ] GC(545) User=0.11s Sys=0.00s Real=0.11s
[136.178s][info][gc,start       ] GC(546) Pause Young (Allocation Failure)
[136.291s][info][gc,heap        ] GC(546) DefNew: 314317K(314560K)->34943K(314560K) Eden: 279616K(279616K)->0K(279616K) From: 34701K(34944K)->34943K(34944K)
[136.291s][info][gc,heap        ] GC(546) Tenured: 547532K(699072K)->581113K(699072K)
[136.291s][info][gc,metaspace   ] GC(546) Metaspace: 10385K(10624K)->10385K(10624K) NonClass: 9501K(9600K)->9501K(9600K) Class: 883K(1024K)->883K(1024K)
[136.292s][info][gc             ] GC(546) Pause Young (Allocation Failure) 841M->601M(989M) 113.423ms
[136.292s][info][gc,cpu         ] GC(546) User=0.11s Sys=0.00s Real=0.11s
[136.633s][info][gc,start       ] GC(547) Pause Young (Allocation Failure)
[136.696s][info][gc,heap        ] GC(547) DefNew: 314559K(314560K)->15070K(314560K) Eden: 279616K(279616K)->0K(279616K) From: 34943K(34944K)->15070K(34944K)
[136.696s][info][gc,heap        ] GC(547) Tenured: 581113K(699072K)->614396K(699072K)
[136.696s][info][gc,metaspace   ] GC(547) Metaspace: 10385K(10624K)->10385K(10624K) NonClass: 9501K(9600K)->9501K(9600K) Class: 883K(1024K)->883K(1024K)
[136.696s][info][gc             ] GC(547) Pause Young (Allocation Failure) 874M->614M(989M) 62.341ms
[136.696s][info][gc,cpu         ] GC(547) User=0.06s Sys=0.00s Real=0.06s
[137.114s][info][gc,start       ] GC(548) Pause Full (System.gc())
[137.114s][info][gc,phases,start] GC(548) Phase 1: Mark live objects
[137.380s][info][gc,phases      ] GC(548) Phase 1: Mark live objects 265.932ms
[137.380s][info][gc,phases,start] GC(548) Phase 2: Compute new object addresses
[137.517s][info][gc,phases      ] GC(548) Phase 2: Compute new object addresses 136.767ms
[137.517s][info][gc,phases,start] GC(548) Phase 3: Adjust pointers
[137.657s][info][gc,phases      ] GC(548) Phase 3: Adjust pointers 140.166ms
[137.657s][info][gc,phases,start] GC(548) Phase 4: Move objects
[137.665s][info][gc,phases      ] GC(548) Phase 4: Move objects 8.207ms
[137.665s][info][gc,heap        ] GC(548) DefNew: 266492K(314560K)->0K(314560K) Eden: 251422K(279616K)->0K(279616K) From: 15070K(34944K)->0K(34944K)
[137.665s][info][gc,heap        ] GC(548) Tenured: 614396K(699072K)->469496K(699072K)
[137.665s][info][gc,metaspace   ] GC(548) Metaspace: 10385K(10624K)->10385K(10624K) NonClass: 9502K(9600K)->9502K(9600K) Class: 883K(1024K)->883K(1024K)
[137.665s][info][gc             ] GC(548) Pause Full (System.gc()) 860M->458M(989M) 551.575ms
[137.665s][info][gc,cpu         ] GC(548) User=0.53s Sys=0.00s Real=0.55s
[137.763s][info][gc,start       ] GC(549) Pause Young (Allocation Failure)
[137.778s][info][gc,heap        ] GC(549) DefNew: 279616K(314560K)->7001K(314560K) Eden: 279616K(279616K)->0K(279616K) From: 0K(34944K)->7001K(34944K)
[137.778s][info][gc,heap        ] GC(549) Tenured: 469496K(699072K)->469496K(699072K)
[137.778s][info][gc,metaspace   ] GC(549) Metaspace: 10394K(10624K)->10394K(10624K) NonClass: 9510K(9600K)->9510K(9600K) Class: 883K(1024K)->883K(1024K)
[137.778s][info][gc             ] GC(549) Pause Young (Allocation Failure) 731M->465M(989M) 15.306ms
[137.778s][info][gc,cpu         ] GC(549) User=0.02s Sys=0.00s Real=0.00s
[137.876s][info][gc,start       ] GC(550) Pause Young (Allocation Failure)
[137.896s][info][gc,heap        ] GC(550) DefNew: 286617K(314560K)->11687K(314560K) Eden: 279616K(279616K)->0K(279616K) From: 7001K(34944K)->11687K(34944K)
[137.896s][info][gc,heap        ] GC(550) Tenured: 469496K(699072K)->469496K(699072K)
[137.896s][info][gc,metaspace   ] GC(550) Metaspace: 10394K(10624K)->10394K(10624K) NonClass: 9510K(9600K)->9510K(9600K) Class: 883K(1024K)->883K(1024K)
[137.896s][info][gc             ] GC(550) Pause Young (Allocation Failure) 738M->469M(989M) 20.354ms
[137.896s][info][gc,cpu         ] GC(550) User=0.03s Sys=0.00s Real=0.02s
[137.987s][info][gc,start       ] GC(551) Pause Young (Allocation Failure)
[138.010s][info][gc,heap        ] GC(551) DefNew: 291303K(314560K)->15438K(314560K) Eden: 279616K(279616K)->0K(279616K) From: 11687K(34944K)->15438K(34944K)
[138.010s][info][gc,heap        ] GC(551) Tenured: 469496K(699072K)->469496K(699072K)
[138.010s][info][gc,metaspace   ] GC(551) Metaspace: 10394K(10624K)->10394K(10624K) NonClass: 9510K(9600K)->9510K(9600K) Class: 883K(1024K)->883K(1024K)
[138.010s][info][gc             ] GC(551) Pause Young (Allocation Failure) 742M->473M(989M) 23.166ms
[138.010s][info][gc,cpu         ] GC(551) User=0.03s Sys=0.00s Real=0.02s
[138.104s][info][gc,start       ] GC(552) Pause Young (Allocation Failure)
[138.130s][info][gc,heap        ] GC(552) DefNew: 295054K(314560K)->18675K(314560K) Eden: 279616K(279616K)->0K(279616K) From: 15438K(34944K)->18675K(34944K)
[138.130s][info][gc,heap        ] GC(552) Tenured: 469496K(699072K)->469496K(699072K)
[138.130s][info][gc,metaspace   ] GC(552) Metaspace: 10394K(10624K)->10394K(10624K) NonClass: 9510K(9600K)->9510K(9600K) Class: 883K(1024K)->883K(1024K)
[138.130s][info][gc             ] GC(552) Pause Young (Allocation Failure) 746M->476M(989M) 26.217ms
[138.130s][info][gc,cpu         ] GC(552) User=0.03s Sys=0.00s Real=0.01s
[138.223s][info][gc,start       ] GC(553) Pause Young (Allocation Failure)
[138.253s][info][gc,heap        ] GC(553) DefNew: 298291K(314560K)->18419K(314560K) Eden: 279616K(279616K)->0K(279616K) From: 18675K(34944K)->18419K(34944K)
[138.253s][info][gc,heap        ] GC(553) Tenured: 469496K(699072K)->472836K(699072K)
[138.253s][info][gc,metaspace   ] GC(553) Metaspace: 10394K(10624K)->10394K(10624K) NonClass: 9510K(9600K)->9510K(9600K) Class: 883K(1024K)->883K(1024K)
[138.253s][info][gc             ] GC(553) Pause Young (Allocation Failure) 749M->479M(989M) 30.329ms
[138.253s][info][gc,cpu         ] GC(553) User=0.02s Sys=0.00s Real=0.02s
[138.347s][info][gc,start       ] GC(554) Pause Young (Allocation Failure)
[138.376s][info][gc,heap        ] GC(554) DefNew: 298035K(314560K)->18349K(314560K) Eden: 279616K(279616K)->0K(279616K) From: 18419K(34944K)->18349K(34944K)
[138.376s][info][gc,heap        ] GC(554) Tenured: 472836K(699072K)->475854K(699072K)
[138.376s][info][gc,metaspace   ] GC(554) Metaspace: 10394K(10624K)->10394K(10624K) NonClass: 9510K(9600K)->9510K(9600K) Class: 883K(1024K)->883K(1024K)
[138.376s][info][gc             ] GC(554) Pause Young (Allocation Failure) 752M->482M(989M) 29.457ms
[138.376s][info][gc,cpu         ] GC(554) User=0.03s Sys=0.00s Real=0.02s
[138.472s][info][gc,start       ] GC(555) Pause Young (Allocation Failure)
[138.501s][info][gc,heap        ] GC(555) DefNew: 297965K(314560K)->18352K(314560K) Eden: 279616K(279616K)->0K(279616K) From: 18349K(34944K)->18352K(34944K)
[138.501s][info][gc,heap        ] GC(555) Tenured: 475854K(699072K)->478832K(699072K)
[138.501s][info][gc,metaspace   ] GC(555) Metaspace: 10394K(10624K)->10394K(10624K) NonClass: 9510K(9600K)->9510K(9600K) Class: 883K(1024K)->883K(1024K)
[138.501s][info][gc             ] GC(555) Pause Young (Allocation Failure) 755M->485M(989M) 29.421ms
[138.501s][info][gc,cpu         ] GC(555) User=0.03s Sys=0.00s Real=0.02s
[138.597s][info][gc,start       ] GC(556) Pause Young (Allocation Failure)
[138.627s][info][gc,heap        ] GC(556) DefNew: 297968K(314560K)->18517K(314560K) Eden: 279616K(279616K)->0K(279616K) From: 18352K(34944K)->18517K(34944K)
[138.627s][info][gc,heap        ] GC(556) Tenured: 478832K(699072K)->481808K(699072K)
[138.627s][info][gc,metaspace   ] GC(556) Metaspace: 10394K(10624K)->10394K(10624K) NonClass: 9510K(9600K)->9510K(9600K) Class: 883K(1024K)->883K(1024K)
[138.627s][info][gc             ] GC(556) Pause Young (Allocation Failure) 758M->488M(989M) 29.929ms
[138.627s][info][gc,cpu         ] GC(556) User=0.03s Sys=0.00s Real=0.02s
[138.721s][info][gc,start       ] GC(557) Pause Young (Allocation Failure)
[138.751s][info][gc,heap        ] GC(557) DefNew: 298133K(314560K)->18344K(314560K) Eden: 279616K(279616K)->0K(279616K) From: 18517K(34944K)->18344K(34944K)
[138.751s][info][gc,heap        ] GC(557) Tenured: 481808K(699072K)->484859K(699072K)
[138.751s][info][gc,metaspace   ] GC(557) Metaspace: 10394K(10624K)->10394K(10624K) NonClass: 9510K(9600K)->9510K(9600K) Class: 883K(1024K)->883K(1024K)
[138.751s][info][gc             ] GC(557) Pause Young (Allocation Failure) 761M->491M(989M) 29.568ms
[138.751s][info][gc,cpu         ] GC(557) User=0.03s Sys=0.00s Real=0.02s
[138.855s][info][gc,start       ] GC(558) Pause Young (Allocation Failure)
[138.886s][info][gc,heap        ] GC(558) DefNew: 297960K(314560K)->18696K(314560K) Eden: 279616K(279616K)->0K(279616K) From: 18344K(34944K)->18696K(34944K)
[138.886s][info][gc,heap        ] GC(558) Tenured: 484859K(699072K)->487773K(699072K)
[138.886s][info][gc,metaspace   ] GC(558) Metaspace: 10394K(10624K)->10394K(10624K) NonClass: 9510K(9600K)->9510K(9600K) Class: 883K(1024K)->883K(1024K)
[138.886s][info][gc             ] GC(558) Pause Young (Allocation Failure) 764M->494M(989M) 30.623ms
[138.886s][info][gc,cpu         ] GC(558) User=0.03s Sys=0.00s Real=0.02s
[138.981s][info][gc,start       ] GC(559) Pause Young (Allocation Failure)
[139.011s][info][gc,heap        ] GC(559) DefNew: 298312K(314560K)->18785K(314560K) Eden: 279616K(279616K)->0K(279616K) From: 18696K(34944K)->18785K(34944K)
[139.011s][info][gc,heap        ] GC(559) Tenured: 487773K(699072K)->490720K(699072K)
[139.011s][info][gc,metaspace   ] GC(559) Metaspace: 10394K(10624K)->10394K(10624K) NonClass: 9510K(9600K)->9510K(9600K) Class: 883K(1024K)->883K(1024K)
[139.011s][info][gc             ] GC(559) Pause Young (Allocation Failure) 767M->497M(989M) 30.203ms
[139.011s][info][gc,cpu         ] GC(559) User=0.03s Sys=0.00s Real=0.02s
[139.107s][info][gc,start       ] GC(560) Pause Young (Allocation Failure)
[139.137s][info][gc,heap        ] GC(560) DefNew: 298401K(314560K)->18574K(314560K) Eden: 279616K(279616K)->0K(279616K) From: 18785K(34944K)->18574K(34944K)
[139.137s][info][gc,heap        ] GC(560) Tenured: 490720K(699072K)->493859K(699072K)
[139.137s][info][gc,metaspace   ] GC(560) Metaspace: 10394K(10624K)->10394K(10624K) NonClass: 9510K(9600K)->9510K(9600K) Class: 883K(1024K)->883K(1024K)
[139.137s][info][gc             ] GC(560) Pause Young (Allocation Failure) 770M->500M(989M) 30.049ms
[139.137s][info][gc,cpu         ] GC(560) User=0.03s Sys=0.00s Real=0.02s
[139.235s][info][gc,start       ] GC(561) Pause Young (Allocation Failure)
[139.265s][info][gc,heap        ] GC(561) DefNew: 298190K(314560K)->18909K(314560K) Eden: 279616K(279616K)->0K(279616K) From: 18574K(34944K)->18909K(34944K)
[139.265s][info][gc,heap        ] GC(561) Tenured: 493859K(699072K)->496795K(699072K)
[139.265s][info][gc,metaspace   ] GC(561) Metaspace: 10394K(10624K)->10394K(10624K) NonClass: 9510K(9600K)->9510K(9600K) Class: 883K(1024K)->883K(1024K)
[139.265s][info][gc             ] GC(561) Pause Young (Allocation Failure) 773M->503M(989M) 30.699ms
[139.265s][info][gc,cpu         ] GC(561) User=0.03s Sys=0.00s Real=0.03s
[139.360s][info][gc,start       ] GC(562) Pause Young (Allocation Failure)
[139.390s][info][gc,heap        ] GC(562) DefNew: 298525K(314560K)->18725K(314560K) Eden: 279616K(279616K)->0K(279616K) From: 18909K(34944K)->18725K(34944K)
[139.390s][info][gc,heap        ] GC(562) Tenured: 496795K(699072K)->499899K(699072K)
[139.390s][info][gc,metaspace   ] GC(562) Metaspace: 10394K(10624K)->10394K(10624K) NonClass: 9510K(9600K)->9510K(9600K) Class: 883K(1024K)->883K(1024K)
[139.390s][info][gc             ] GC(562) Pause Young (Allocation Failure) 776M->506M(989M) 29.732ms
[139.390s][info][gc,cpu         ] GC(562) User=0.03s Sys=0.00s Real=0.02s
[139.485s][info][gc,start       ] GC(563) Pause Young (Allocation Failure)
[139.516s][info][gc,heap        ] GC(563) DefNew: 298341K(314560K)->18965K(314560K) Eden: 279616K(279616K)->0K(279616K) From: 18725K(34944K)->18965K(34944K)
[139.516s][info][gc,heap        ] GC(563) Tenured: 499899K(699072K)->502859K(699072K)
[139.516s][info][gc,metaspace   ] GC(563) Metaspace: 10394K(10624K)->10394K(10624K) NonClass: 9510K(9600K)->9510K(9600K) Class: 883K(1024K)->883K(1024K)
[139.516s][info][gc             ] GC(563) Pause Young (Allocation Failure) 779M->509M(989M) 30.494ms
[139.516s][info][gc,cpu         ] GC(563) User=0.03s Sys=0.00s Real=0.02s
[139.611s][info][gc,start       ] GC(564) Pause Young (Allocation Failure)
[139.642s][info][gc,heap        ] GC(564) DefNew: 298581K(314560K)->19083K(314560K) Eden: 279616K(279616K)->0K(279616K) From: 18965K(34944K)->19083K(34944K)
[139.642s][info][gc,heap        ] GC(564) Tenured: 502859K(699072K)->505922K(699072K)
[139.642s][info][gc,metaspace   ] GC(564) Metaspace: 10394K(10624K)->10394K(10624K) NonClass: 9510K(9600K)->9510K(9600K) Class: 883K(1024K)->883K(1024K)
[139.642s][info][gc             ] GC(564) Pause Young (Allocation Failure) 782M->512M(989M) 31.336ms
[139.642s][info][gc,cpu         ] GC(564) User=0.03s Sys=0.00s Real=0.03s
[139.738s][info][gc,start       ] GC(565) Pause Young (Allocation Failure)
[139.769s][info][gc,heap        ] GC(565) DefNew: 298699K(314560K)->18958K(314560K) Eden: 279616K(279616K)->0K(279616K) From: 19083K(34944K)->18958K(34944K)
[139.769s][info][gc,heap        ] GC(565) Tenured: 505922K(699072K)->509121K(699072K)
[139.769s][info][gc,metaspace   ] GC(565) Metaspace: 10394K(10624K)->10394K(10624K) NonClass: 9510K(9600K)->9510K(9600K) Class: 883K(1024K)->883K(1024K)
[139.769s][info][gc             ] GC(565) Pause Young (Allocation Failure) 785M->515M(989M) 30.889ms
[139.769s][info][gc,cpu         ] GC(565) User=0.03s Sys=0.00s Real=0.03s
[139.872s][info][gc,start       ] GC(566) Pause Young (Allocation Failure)
[139.902s][info][gc,heap        ] GC(566) DefNew: 298574K(314560K)->18969K(314560K) Eden: 279616K(279616K)->0K(279616K) From: 18958K(34944K)->18969K(34944K)
[139.902s][info][gc,heap        ] GC(566) Tenured: 509121K(699072K)->512153K(699072K)
[139.902s][info][gc,metaspace   ] GC(566) Metaspace: 10394K(10624K)->10394K(10624K) NonClass: 9510K(9600K)->9510K(9600K) Class: 883K(1024K)->883K(1024K)
[139.902s][info][gc             ] GC(566) Pause Young (Allocation Failure) 788M->518M(989M) 30.457ms
[139.902s][info][gc,cpu         ] GC(566) User=0.03s Sys=0.00s Real=0.02s
[139.999s][info][gc,start       ] GC(567) Pause Young (Allocation Failure)
[140.029s][info][gc,heap        ] GC(567) DefNew: 298585K(314560K)->18568K(314560K) Eden: 279616K(279616K)->0K(279616K) From: 18969K(34944K)->18568K(34944K)
[140.029s][info][gc,heap        ] GC(567) Tenured: 512153K(699072K)->515302K(699072K)
[140.029s][info][gc,metaspace   ] GC(567) Metaspace: 10394K(10624K)->10394K(10624K) NonClass: 9510K(9600K)->9510K(9600K) Class: 883K(1024K)->883K(1024K)
[140.029s][info][gc             ] GC(567) Pause Young (Allocation Failure) 791M->521M(989M) 29.738ms
[140.029s][info][gc,cpu         ] GC(567) User=0.03s Sys=0.00s Real=0.03s
[140.126s][info][gc,start       ] GC(568) Pause Young (Allocation Failure)
[140.156s][info][gc,heap        ] GC(568) DefNew: 298184K(314560K)->18731K(314560K) Eden: 279616K(279616K)->0K(279616K) From: 18568K(34944K)->18731K(34944K)
[140.156s][info][gc,heap        ] GC(568) Tenured: 515302K(699072K)->518380K(699072K)
[140.156s][info][gc,metaspace   ] GC(568) Metaspace: 10394K(10624K)->10394K(10624K) NonClass: 9510K(9600K)->9510K(9600K) Class: 883K(1024K)->883K(1024K)
[140.156s][info][gc             ] GC(568) Pause Young (Allocation Failure) 794M->524M(989M) 30.178ms
[140.156s][info][gc,cpu         ] GC(568) User=0.03s Sys=0.00s Real=0.02s
[140.250s][info][gc,start       ] GC(569) Pause Young (Allocation Failure)
[140.280s][info][gc,heap        ] GC(569) DefNew: 298347K(314560K)->18673K(314560K) Eden: 279616K(279616K)->0K(279616K) From: 18731K(34944K)->18673K(34944K)
[140.281s][info][gc,heap        ] GC(569) Tenured: 518380K(699072K)->521487K(699072K)
[140.281s][info][gc,metaspace   ] GC(569) Metaspace: 10394K(10624K)->10394K(10624K) NonClass: 9510K(9600K)->9510K(9600K) Class: 883K(1024K)->883K(1024K)
[140.281s][info][gc             ] GC(569) Pause Young (Allocation Failure) 797M->527M(989M) 30.334ms
[140.281s][info][gc,cpu         ] GC(569) User=0.03s Sys=0.00s Real=0.02s
[140.375s][info][gc,start       ] GC(570) Pause Young (Allocation Failure)
[140.404s][info][gc,heap        ] GC(570) DefNew: 298289K(314560K)->18505K(314560K) Eden: 279616K(279616K)->0K(279616K) From: 18673K(34944K)->18505K(34944K)
[140.404s][info][gc,heap        ] GC(570) Tenured: 521487K(699072K)->524585K(699072K)
[140.404s][info][gc,metaspace   ] GC(570) Metaspace: 10394K(10624K)->10394K(10624K) NonClass: 9510K(9600K)->9510K(9600K) Class: 883K(1024K)->883K(1024K)
[140.404s][info][gc             ] GC(570) Pause Young (Allocation Failure) 800M->530M(989M) 29.636ms
[140.404s][info][gc,cpu         ] GC(570) User=0.03s Sys=0.00s Real=0.02s
[140.501s][info][gc,start       ] GC(571) Pause Young (Allocation Failure)
[140.531s][info][gc,heap        ] GC(571) DefNew: 298121K(314560K)->18735K(314560K) Eden: 279616K(279616K)->0K(279616K) From: 18505K(34944K)->18735K(34944K)
[140.531s][info][gc,heap        ] GC(571) Tenured: 524585K(699072K)->527507K(699072K)
[140.531s][info][gc,metaspace   ] GC(571) Metaspace: 10394K(10624K)->10394K(10624K) NonClass: 9510K(9600K)->9510K(9600K) Class: 883K(1024K)->883K(1024K)
[140.531s][info][gc             ] GC(571) Pause Young (Allocation Failure) 803M->533M(989M) 30.187ms
[140.531s][info][gc,cpu         ] GC(571) User=0.03s Sys=0.00s Real=0.03s
[140.626s][info][gc,start       ] GC(572) Pause Young (Allocation Failure)
[140.657s][info][gc,heap        ] GC(572) DefNew: 298351K(314560K)->18763K(314560K) Eden: 279616K(279616K)->0K(279616K) From: 18735K(34944K)->18763K(34944K)
[140.657s][info][gc,heap        ] GC(572) Tenured: 527507K(699072K)->530624K(699072K)
[140.657s][info][gc,metaspace   ] GC(572) Metaspace: 10394K(10624K)->10394K(10624K) NonClass: 9510K(9600K)->9510K(9600K) Class: 883K(1024K)->883K(1024K)
[140.657s][info][gc             ] GC(572) Pause Young (Allocation Failure) 806M->536M(989M) 30.768ms
[140.657s][info][gc,cpu         ] GC(572) User=0.03s Sys=0.00s Real=0.03s
[140.753s][info][gc,start       ] GC(573) Pause Young (Allocation Failure)
[140.783s][info][gc,heap        ] GC(573) DefNew: 298379K(314560K)->18793K(314560K) Eden: 279616K(279616K)->0K(279616K) From: 18763K(34944K)->18793K(34944K)
[140.783s][info][gc,heap        ] GC(573) Tenured: 530624K(699072K)->533702K(699072K)
[140.783s][info][gc,metaspace   ] GC(573) Metaspace: 10394K(10624K)->10394K(10624K) NonClass: 9510K(9600K)->9510K(9600K) Class: 883K(1024K)->883K(1024K)
[140.783s][info][gc             ] GC(573) Pause Young (Allocation Failure) 809M->539M(989M) 30.526ms
[140.783s][info][gc,cpu         ] GC(573) User=0.03s Sys=0.00s Real=0.03s
[140.885s][info][gc,start       ] GC(574) Pause Young (Allocation Failure)
[140.915s][info][gc,heap        ] GC(574) DefNew: 298409K(314560K)->18940K(314560K) Eden: 279616K(279616K)->0K(279616K) From: 18793K(34944K)->18940K(34944K)
[140.915s][info][gc,heap        ] GC(574) Tenured: 533702K(699072K)->536628K(699072K)
[140.915s][info][gc,metaspace   ] GC(574) Metaspace: 10394K(10624K)->10394K(10624K) NonClass: 9510K(9600K)->9510K(9600K) Class: 883K(1024K)->883K(1024K)
[140.915s][info][gc             ] GC(574) Pause Young (Allocation Failure) 812M->542M(989M) 30.303ms
[140.915s][info][gc,cpu         ] GC(574) User=0.02s Sys=0.00s Real=0.03s
[141.011s][info][gc,start       ] GC(575) Pause Young (Allocation Failure)
[141.041s][info][gc,heap        ] GC(575) DefNew: 298556K(314560K)->19055K(314560K) Eden: 279616K(279616K)->0K(279616K) From: 18940K(34944K)->19055K(34944K)
[141.041s][info][gc,heap        ] GC(575) Tenured: 536628K(699072K)->539646K(699072K)
[141.041s][info][gc,metaspace   ] GC(575) Metaspace: 10394K(10624K)->10394K(10624K) NonClass: 9510K(9600K)->9510K(9600K) Class: 883K(1024K)->883K(1024K)
[141.041s][info][gc             ] GC(575) Pause Young (Allocation Failure) 815M->545M(989M) 30.775ms
[141.041s][info][gc,cpu         ] GC(575) User=0.03s Sys=0.00s Real=0.03s
[141.137s][info][gc,start       ] GC(576) Pause Young (Allocation Failure)
[141.167s][info][gc,heap        ] GC(576) DefNew: 298671K(314560K)->18813K(314560K) Eden: 279616K(279616K)->0K(279616K) From: 19055K(34944K)->18813K(34944K)
[141.167s][info][gc,heap        ] GC(576) Tenured: 539646K(699072K)->542800K(699072K)
[141.167s][info][gc,metaspace   ] GC(576) Metaspace: 10394K(10624K)->10394K(10624K) NonClass: 9510K(9600K)->9510K(9600K) Class: 883K(1024K)->883K(1024K)
[141.167s][info][gc             ] GC(576) Pause Young (Allocation Failure) 818M->548M(989M) 30.154ms
[141.167s][info][gc,cpu         ] GC(576) User=0.03s Sys=0.00s Real=0.03s
[141.264s][info][gc,start       ] GC(577) Pause Young (Allocation Failure)
[141.294s][info][gc,heap        ] GC(577) DefNew: 298429K(314560K)->18870K(314560K) Eden: 279616K(279616K)->0K(279616K) From: 18813K(34944K)->18870K(34944K)
[141.294s][info][gc,heap        ] GC(577) Tenured: 542800K(699072K)->545886K(699072K)
[141.294s][info][gc,metaspace   ] GC(577) Metaspace: 10394K(10624K)->10394K(10624K) NonClass: 9510K(9600K)->9510K(9600K) Class: 883K(1024K)->883K(1024K)
[141.294s][info][gc             ] GC(577) Pause Young (Allocation Failure) 821M->551M(989M) 30.839ms
[141.294s][info][gc,cpu         ] GC(577) User=0.03s Sys=0.00s Real=0.03s
[141.390s][info][gc,start       ] GC(578) Pause Young (Allocation Failure)
[141.420s][info][gc,heap        ] GC(578) DefNew: 298486K(314560K)->18758K(314560K) Eden: 279616K(279616K)->0K(279616K) From: 18870K(34944K)->18758K(34944K)
[141.420s][info][gc,heap        ] GC(578) Tenured: 545886K(699072K)->549001K(699072K)
[141.420s][info][gc,metaspace   ] GC(578) Metaspace: 10394K(10624K)->10394K(10624K) NonClass: 9510K(9600K)->9510K(9600K) Class: 883K(1024K)->883K(1024K)
[141.420s][info][gc             ] GC(578) Pause Young (Allocation Failure) 824M->554M(989M) 29.806ms
[141.420s][info][gc,cpu         ] GC(578) User=0.03s Sys=0.00s Real=0.03s
[141.518s][info][gc,start       ] GC(579) Pause Young (Allocation Failure)
[141.549s][info][gc,heap        ] GC(579) DefNew: 298374K(314560K)->18856K(314560K) Eden: 279616K(279616K)->0K(279616K) From: 18758K(34944K)->18856K(34944K)
[141.549s][info][gc,heap        ] GC(579) Tenured: 549001K(699072K)->552086K(699072K)
[141.549s][info][gc,metaspace   ] GC(579) Metaspace: 10394K(10624K)->10394K(10624K) NonClass: 9510K(9600K)->9510K(9600K) Class: 883K(1024K)->883K(1024K)
[141.549s][info][gc             ] GC(579) Pause Young (Allocation Failure) 827M->557M(989M) 30.447ms
[141.549s][info][gc,cpu         ] GC(579) User=0.03s Sys=0.00s Real=0.02s
[141.646s][info][gc,start       ] GC(580) Pause Young (Allocation Failure)
[141.676s][info][gc,heap        ] GC(580) DefNew: 298472K(314560K)->18700K(314560K) Eden: 279616K(279616K)->0K(279616K) From: 18856K(34944K)->18700K(34944K)
[141.676s][info][gc,heap        ] GC(580) Tenured: 552086K(699072K)->555182K(699072K)
[141.676s][info][gc,metaspace   ] GC(580) Metaspace: 10394K(10624K)->10394K(10624K) NonClass: 9510K(9600K)->9510K(9600K) Class: 883K(1024K)->883K(1024K)
[141.676s][info][gc             ] GC(580) Pause Young (Allocation Failure) 830M->560M(989M) 30.245ms
[141.676s][info][gc,cpu         ] GC(580) User=0.02s Sys=0.00s Real=0.03s
[141.770s][info][gc,start       ] GC(581) Pause Young (Allocation Failure)
[141.801s][info][gc,heap        ] GC(581) DefNew: 298316K(314560K)->18795K(314560K) Eden: 279616K(279616K)->0K(279616K) From: 18700K(34944K)->18795K(34944K)
[141.801s][info][gc,heap        ] GC(581) Tenured: 555182K(699072K)->558280K(699072K)
[141.801s][info][gc,metaspace   ] GC(581) Metaspace: 10394K(10624K)->10394K(10624K) NonClass: 9510K(9600K)->9510K(9600K) Class: 883K(1024K)->883K(1024K)
[141.801s][info][gc             ] GC(581) Pause Young (Allocation Failure) 833M->563M(989M) 31.132ms
[141.801s][info][gc,cpu         ] GC(581) User=0.02s Sys=0.00s Real=0.02s
[141.898s][info][gc,start       ] GC(582) Pause Young (Allocation Failure)
[141.928s][info][gc,heap        ] GC(582) DefNew: 298411K(314560K)->18899K(314560K) Eden: 279616K(279616K)->0K(279616K) From: 18795K(34944K)->18899K(34944K)
[141.928s][info][gc,heap        ] GC(582) Tenured: 558280K(699072K)->561232K(699072K)
[141.928s][info][gc,metaspace   ] GC(582) Metaspace: 10394K(10624K)->10394K(10624K) NonClass: 9510K(9600K)->9510K(9600K) Class: 883K(1024K)->883K(1024K)
[141.928s][info][gc             ] GC(582) Pause Young (Allocation Failure) 836M->566M(989M) 30.146ms
[141.928s][info][gc,cpu         ] GC(582) User=0.03s Sys=0.00s Real=0.03s
[142.023s][info][gc,start       ] GC(583) Pause Young (Allocation Failure)
[142.053s][info][gc,heap        ] GC(583) DefNew: 298515K(314560K)->18680K(314560K) Eden: 279616K(279616K)->0K(279616K) From: 18899K(34944K)->18680K(34944K)
[142.053s][info][gc,heap        ] GC(583) Tenured: 561232K(699072K)->564434K(699072K)
[142.053s][info][gc,metaspace   ] GC(583) Metaspace: 10394K(10624K)->10394K(10624K) NonClass: 9510K(9600K)->9510K(9600K) Class: 883K(1024K)->883K(1024K)
[142.053s][info][gc             ] GC(583) Pause Young (Allocation Failure) 839M->569M(989M) 30.445ms
[142.053s][info][gc,cpu         ] GC(583) User=0.02s Sys=0.02s Real=0.03s
[142.151s][info][gc,start       ] GC(584) Pause Young (Allocation Failure)
[142.182s][info][gc,heap        ] GC(584) DefNew: 298296K(314560K)->18758K(314560K) Eden: 279616K(279616K)->0K(279616K) From: 18680K(34944K)->18758K(34944K)
[142.182s][info][gc,heap        ] GC(584) Tenured: 564434K(699072K)->567446K(699072K)
[142.182s][info][gc,metaspace   ] GC(584) Metaspace: 10394K(10624K)->10394K(10624K) NonClass: 9510K(9600K)->9510K(9600K) Class: 883K(1024K)->883K(1024K)
[142.182s][info][gc             ] GC(584) Pause Young (Allocation Failure) 842M->572M(989M) 30.149ms
[142.182s][info][gc,cpu         ] GC(584) User=0.03s Sys=0.00s Real=0.02s
[142.274s][info][gc,start       ] GC(585) Pause Young (Allocation Failure)
[142.304s][info][gc,heap        ] GC(585) DefNew: 298374K(314560K)->18588K(314560K) Eden: 279616K(279616K)->0K(279616K) From: 18758K(34944K)->18588K(34944K)
[142.304s][info][gc,heap        ] GC(585) Tenured: 567446K(699072K)->570507K(699072K)
[142.304s][info][gc,metaspace   ] GC(585) Metaspace: 10394K(10624K)->10394K(10624K) NonClass: 9510K(9600K)->9510K(9600K) Class: 883K(1024K)->883K(1024K)
[142.304s][info][gc             ] GC(585) Pause Young (Allocation Failure) 845M->575M(989M) 29.529ms
[142.304s][info][gc,cpu         ] GC(585) User=0.03s Sys=0.00s Real=0.02s
[142.398s][info][gc,start       ] GC(586) Pause Young (Allocation Failure)
[142.427s][info][gc,heap        ] GC(586) DefNew: 298204K(314560K)->18583K(314560K) Eden: 279616K(279616K)->0K(279616K) From: 18588K(34944K)->18583K(34944K)
[142.427s][info][gc,heap        ] GC(586) Tenured: 570507K(699072K)->573537K(699072K)
[142.427s][info][gc,metaspace   ] GC(586) Metaspace: 10394K(10624K)->10394K(10624K) NonClass: 9510K(9600K)->9510K(9600K) Class: 883K(1024K)->883K(1024K)
[142.427s][info][gc             ] GC(586) Pause Young (Allocation Failure) 848M->578M(989M) 29.831ms
[142.427s][info][gc,cpu         ] GC(586) User=0.02s Sys=0.00s Real=0.03s
[142.523s][info][gc,start       ] GC(587) Pause Young (Allocation Failure)
[142.553s][info][gc,heap        ] GC(587) DefNew: 298199K(314560K)->18333K(314560K) Eden: 279616K(279616K)->0K(279616K) From: 18583K(34944K)->18333K(34944K)
[142.553s][info][gc,heap        ] GC(587) Tenured: 573537K(699072K)->576682K(699072K)
[142.553s][info][gc,metaspace   ] GC(587) Metaspace: 10394K(10624K)->10394K(10624K) NonClass: 9510K(9600K)->9510K(9600K) Class: 883K(1024K)->883K(1024K)
[142.553s][info][gc             ] GC(587) Pause Young (Allocation Failure) 851M->581M(989M) 29.614ms
[142.553s][info][gc,cpu         ] GC(587) User=0.02s Sys=0.00s Real=0.02s
[142.649s][info][gc,start       ] GC(588) Pause Young (Allocation Failure)
[142.679s][info][gc,heap        ] GC(588) DefNew: 297949K(314560K)->18412K(314560K) Eden: 279616K(279616K)->0K(279616K) From: 18333K(34944K)->18412K(34944K)
[142.679s][info][gc,heap        ] GC(588) Tenured: 576682K(699072K)->579756K(699072K)
[142.679s][info][gc,metaspace   ] GC(588) Metaspace: 10394K(10624K)->10394K(10624K) NonClass: 9510K(9600K)->9510K(9600K) Class: 883K(1024K)->883K(1024K)
[142.679s][info][gc             ] GC(588) Pause Young (Allocation Failure) 854M->584M(989M) 29.969ms
[142.679s][info][gc,cpu         ] GC(588) User=0.03s Sys=0.00s Real=0.03s
[142.774s][info][gc,start       ] GC(589) Pause Young (Allocation Failure)
[142.804s][info][gc,heap        ] GC(589) DefNew: 298028K(314560K)->18422K(314560K) Eden: 279616K(279616K)->0K(279616K) From: 18412K(34944K)->18422K(34944K)
[142.804s][info][gc,heap        ] GC(589) Tenured: 579756K(699072K)->582725K(699072K)
[142.804s][info][gc,metaspace   ] GC(589) Metaspace: 10394K(10624K)->10394K(10624K) NonClass: 9510K(9600K)->9510K(9600K) Class: 883K(1024K)->883K(1024K)
[142.804s][info][gc             ] GC(589) Pause Young (Allocation Failure) 857M->587M(989M) 30.504ms
[142.804s][info][gc,cpu         ] GC(589) User=0.03s Sys=0.00s Real=0.02s
[142.902s][info][gc,start       ] GC(590) Pause Young (Allocation Failure)
[142.932s][info][gc,heap        ] GC(590) DefNew: 298038K(314560K)->18636K(314560K) Eden: 279616K(279616K)->0K(279616K) From: 18422K(34944K)->18636K(34944K)
[142.932s][info][gc,heap        ] GC(590) Tenured: 582725K(699072K)->585739K(699072K)
[142.932s][info][gc,metaspace   ] GC(590) Metaspace: 10394K(10624K)->10394K(10624K) NonClass: 9510K(9600K)->9510K(9600K) Class: 883K(1024K)->883K(1024K)
[142.932s][info][gc             ] GC(590) Pause Young (Allocation Failure) 860M->590M(989M) 30.108ms
[142.932s][info][gc,cpu         ] GC(590) User=0.03s Sys=0.00s Real=0.03s
[143.028s][info][gc,start       ] GC(591) Pause Young (Allocation Failure)
[143.059s][info][gc,heap        ] GC(591) DefNew: 298252K(314560K)->18836K(314560K) Eden: 279616K(279616K)->0K(279616K) From: 18636K(34944K)->18836K(34944K)
[143.059s][info][gc,heap        ] GC(591) Tenured: 585739K(699072K)->588675K(699072K)
[143.059s][info][gc,metaspace   ] GC(591) Metaspace: 10394K(10624K)->10394K(10624K) NonClass: 9510K(9600K)->9510K(9600K) Class: 883K(1024K)->883K(1024K)
[143.059s][info][gc             ] GC(591) Pause Young (Allocation Failure) 863M->593M(989M) 30.485ms
[143.059s][info][gc,cpu         ] GC(591) User=0.03s Sys=0.00s Real=0.03s
[143.157s][info][gc,start       ] GC(592) Pause Young (Allocation Failure)
[143.188s][info][gc,heap        ] GC(592) DefNew: 298452K(314560K)->19076K(314560K) Eden: 279616K(279616K)->0K(279616K) From: 18836K(34944K)->19076K(34944K)
[143.188s][info][gc,heap        ] GC(592) Tenured: 588675K(699072K)->591735K(699072K)
[143.188s][info][gc,metaspace   ] GC(592) Metaspace: 10394K(10624K)->10394K(10624K) NonClass: 9510K(9600K)->9510K(9600K) Class: 883K(1024K)->883K(1024K)
[143.188s][info][gc             ] GC(592) Pause Young (Allocation Failure) 866M->596M(989M) 31.046ms
[143.188s][info][gc,cpu         ] GC(592) User=0.03s Sys=0.00s Real=0.03s
[143.284s][info][gc,start       ] GC(593) Pause Young (Allocation Failure)
[143.315s][info][gc,heap        ] GC(593) DefNew: 298692K(314560K)->19049K(314560K) Eden: 279616K(279616K)->0K(279616K) From: 19076K(34944K)->19049K(34944K)
[143.315s][info][gc,heap        ] GC(593) Tenured: 591735K(699072K)->594688K(699072K)
[143.315s][info][gc,metaspace   ] GC(593) Metaspace: 10394K(10624K)->10394K(10624K) NonClass: 9510K(9600K)->9510K(9600K) Class: 883K(1024K)->883K(1024K)
[143.315s][info][gc             ] GC(593) Pause Young (Allocation Failure) 869M->599M(989M) 30.478ms
[143.315s][info][gc,cpu         ] GC(593) User=0.03s Sys=0.00s Real=0.03s
[143.413s][info][gc,start       ] GC(594) Pause Young (Allocation Failure)
[143.444s][info][gc,heap        ] GC(594) DefNew: 298665K(314560K)->19327K(314560K) Eden: 279616K(279616K)->0K(279616K) From: 19049K(34944K)->19327K(34944K)
[143.444s][info][gc,heap        ] GC(594) Tenured: 594688K(699072K)->597782K(699072K)
[143.444s][info][gc,metaspace   ] GC(594) Metaspace: 10394K(10624K)->10394K(10624K) NonClass: 9510K(9600K)->9510K(9600K) Class: 883K(1024K)->883K(1024K)
[143.444s][info][gc             ] GC(594) Pause Young (Allocation Failure) 872M->602M(989M) 31.312ms
[143.444s][info][gc,cpu         ] GC(594) User=0.03s Sys=0.00s Real=0.02s
[143.541s][info][gc,start       ] GC(595) Pause Young (Allocation Failure)
[143.572s][info][gc,heap        ] GC(595) DefNew: 298943K(314560K)->19329K(314560K) Eden: 279616K(279616K)->0K(279616K) From: 19327K(34944K)->19329K(34944K)
[143.572s][info][gc,heap        ] GC(595) Tenured: 597782K(699072K)->600860K(699072K)
[143.572s][info][gc,metaspace   ] GC(595) Metaspace: 10394K(10624K)->10394K(10624K) NonClass: 9510K(9600K)->9510K(9600K) Class: 883K(1024K)->883K(1024K)
[143.572s][info][gc             ] GC(595) Pause Young (Allocation Failure) 875M->605M(989M) 30.713ms
[143.572s][info][gc,cpu         ] GC(595) User=0.03s Sys=0.00s Real=0.02s
[143.670s][info][gc,start       ] GC(596) Pause Young (Allocation Failure)
[143.701s][info][gc,heap        ] GC(596) DefNew: 298945K(314560K)->19338K(314560K) Eden: 279616K(279616K)->0K(279616K) From: 19329K(34944K)->19338K(34944K)
[143.701s][info][gc,heap        ] GC(596) Tenured: 600860K(699072K)->604033K(699072K)
[143.701s][info][gc,metaspace   ] GC(596) Metaspace: 10394K(10624K)->10394K(10624K) NonClass: 9510K(9600K)->9510K(9600K) Class: 883K(1024K)->883K(1024K)
[143.701s][info][gc             ] GC(596) Pause Young (Allocation Failure) 878M->608M(989M) 31.168ms
[143.701s][info][gc,cpu         ] GC(596) User=0.03s Sys=0.00s Real=0.02s
[143.800s][info][gc,start       ] GC(597) Pause Young (Allocation Failure)
[143.832s][info][gc,heap        ] GC(597) DefNew: 298954K(314560K)->19341K(314560K) Eden: 279616K(279616K)->0K(279616K) From: 19338K(34944K)->19341K(34944K)
[143.832s][info][gc,heap        ] GC(597) Tenured: 604033K(699072K)->607105K(699072K)
[143.832s][info][gc,metaspace   ] GC(597) Metaspace: 10394K(10624K)->10394K(10624K) NonClass: 9510K(9600K)->9510K(9600K) Class: 883K(1024K)->883K(1024K)
[143.832s][info][gc             ] GC(597) Pause Young (Allocation Failure) 881M->611M(989M) 31.864ms
[143.832s][info][gc,cpu         ] GC(597) User=0.03s Sys=0.00s Real=0.03s
[143.931s][info][gc,start       ] GC(598) Pause Young (Allocation Failure)
[143.963s][info][gc,heap        ] GC(598) DefNew: 298957K(314560K)->19533K(314560K) Eden: 279616K(279616K)->0K(279616K) From: 19341K(34944K)->19533K(34944K)
[143.963s][info][gc,heap        ] GC(598) Tenured: 607105K(699072K)->610395K(699072K)
[143.963s][info][gc,metaspace   ] GC(598) Metaspace: 10394K(10624K)->10394K(10624K) NonClass: 9510K(9600K)->9510K(9600K) Class: 883K(1024K)->883K(1024K)
[143.963s][info][gc             ] GC(598) Pause Young (Allocation Failure) 884M->615M(989M) 31.883ms
[143.963s][info][gc,cpu         ] GC(598) User=0.03s Sys=0.00s Real=0.03s
[144.059s][info][gc,start       ] GC(599) Pause Young (Allocation Failure)
[144.090s][info][gc,heap        ] GC(599) DefNew: 299149K(314560K)->19374K(314560K) Eden: 279616K(279616K)->0K(279616K) From: 19533K(34944K)->19374K(34944K)
[144.090s][info][gc,heap        ] GC(599) Tenured: 610395K(699072K)->613567K(699072K)
[144.090s][info][gc,metaspace   ] GC(599) Metaspace: 10394K(10624K)->10394K(10624K) NonClass: 9510K(9600K)->9510K(9600K) Class: 883K(1024K)->883K(1024K)
[144.090s][info][gc             ] GC(599) Pause Young (Allocation Failure) 888M->618M(989M) 31.237ms
[144.090s][info][gc,cpu         ] GC(599) User=0.03s Sys=0.00s Real=0.03s
[144.187s][info][gc,start       ] GC(600) Pause Young (Allocation Failure)
[144.218s][info][gc,heap        ] GC(600) DefNew: 298990K(314560K)->19290K(314560K) Eden: 279616K(279616K)->0K(279616K) From: 19374K(34944K)->19290K(34944K)
[144.218s][info][gc,heap        ] GC(600) Tenured: 613567K(699072K)->616773K(699072K)
[144.218s][info][gc,metaspace   ] GC(600) Metaspace: 10394K(10624K)->10394K(10624K) NonClass: 9510K(9600K)->9510K(9600K) Class: 883K(1024K)->883K(1024K)
[144.218s][info][gc             ] GC(600) Pause Young (Allocation Failure) 891M->621M(989M) 30.843ms
[144.218s][info][gc,cpu         ] GC(600) User=0.03s Sys=0.00s Real=0.02s
[144.314s][info][gc,start       ] GC(601) Pause Young (Allocation Failure)
[144.344s][info][gc,heap        ] GC(601) DefNew: 298906K(314560K)->19391K(314560K) Eden: 279616K(279616K)->0K(279616K) From: 19290K(34944K)->19391K(34944K)
[144.344s][info][gc,heap        ] GC(601) Tenured: 616773K(699072K)->619840K(699072K)
[144.344s][info][gc,metaspace   ] GC(601) Metaspace: 10394K(10624K)->10394K(10624K) NonClass: 9510K(9600K)->9510K(9600K) Class: 883K(1024K)->883K(1024K)
[144.344s][info][gc             ] GC(601) Pause Young (Allocation Failure) 894M->624M(989M) 30.651ms
[144.344s][info][gc,cpu         ] GC(601) User=0.03s Sys=0.00s Real=0.02s
[144.441s][info][gc,start       ] GC(602) Pause Young (Allocation Failure)
[144.473s][info][gc,heap        ] GC(602) DefNew: 299007K(314560K)->19358K(314560K) Eden: 279616K(279616K)->0K(279616K) From: 19391K(34944K)->19358K(34944K)
[144.473s][info][gc,heap        ] GC(602) Tenured: 619840K(699072K)->623100K(699072K)
[144.473s][info][gc,metaspace   ] GC(602) Metaspace: 10394K(10624K)->10394K(10624K) NonClass: 9510K(9600K)->9510K(9600K) Class: 883K(1024K)->883K(1024K)
[144.473s][info][gc             ] GC(602) Pause Young (Allocation Failure) 897M->627M(989M) 31.337ms
[144.473s][info][gc,cpu         ] GC(602) User=0.03s Sys=0.00s Real=0.02s
[144.571s][info][gc,start       ] GC(603) Pause Young (Allocation Failure)
[144.602s][info][gc,heap        ] GC(603) DefNew: 298974K(314560K)->19291K(314560K) Eden: 279616K(279616K)->0K(279616K) From: 19358K(34944K)->19291K(34944K)
[144.602s][info][gc,heap        ] GC(603) Tenured: 623100K(699072K)->626190K(699072K)
[144.602s][info][gc,metaspace   ] GC(603) Metaspace: 10394K(10624K)->10394K(10624K) NonClass: 9510K(9600K)->9510K(9600K) Class: 883K(1024K)->883K(1024K)
[144.602s][info][gc             ] GC(603) Pause Young (Allocation Failure) 900M->630M(989M) 30.932ms
[144.602s][info][gc,cpu         ] GC(603) User=0.03s Sys=0.00s Real=0.02s
[144.699s][info][gc,start       ] GC(604) Pause Young (Allocation Failure)
[144.729s][info][gc,heap        ] GC(604) DefNew: 298907K(314560K)->19386K(314560K) Eden: 279616K(279616K)->0K(279616K) From: 19291K(34944K)->19386K(34944K)
[144.730s][info][gc,heap        ] GC(604) Tenured: 626190K(699072K)->629398K(699072K)
[144.730s][info][gc,metaspace   ] GC(604) Metaspace: 10394K(10624K)->10394K(10624K) NonClass: 9510K(9600K)->9510K(9600K) Class: 883K(1024K)->883K(1024K)
[144.730s][info][gc             ] GC(604) Pause Young (Allocation Failure) 903M->633M(989M) 30.822ms
[144.730s][info][gc,cpu         ] GC(604) User=0.03s Sys=0.00s Real=0.02s
[144.832s][info][gc,start       ] GC(605) Pause Young (Allocation Failure)
[144.863s][info][gc,heap        ] GC(605) DefNew: 299002K(314560K)->19291K(314560K) Eden: 279616K(279616K)->0K(279616K) From: 19386K(34944K)->19291K(34944K)
[144.863s][info][gc,heap        ] GC(605) Tenured: 629398K(699072K)->632542K(699072K)
[144.863s][info][gc,metaspace   ] GC(605) Metaspace: 10394K(10624K)->10394K(10624K) NonClass: 9510K(9600K)->9510K(9600K) Class: 883K(1024K)->883K(1024K)
[144.863s][info][gc             ] GC(605) Pause Young (Allocation Failure) 906M->636M(989M) 31.038ms
[144.863s][info][gc,cpu         ] GC(605) User=0.03s Sys=0.00s Real=0.03s
[144.961s][info][gc,start       ] GC(606) Pause Young (Allocation Failure)
[144.991s][info][gc,heap        ] GC(606) DefNew: 298907K(314560K)->19266K(314560K) Eden: 279616K(279616K)->0K(279616K) From: 19291K(34944K)->19266K(34944K)
[144.991s][info][gc,heap        ] GC(606) Tenured: 632542K(699072K)->635740K(699072K)
[144.991s][info][gc,metaspace   ] GC(606) Metaspace: 10394K(10624K)->10394K(10624K) NonClass: 9510K(9600K)->9510K(9600K) Class: 883K(1024K)->883K(1024K)
[144.992s][info][gc             ] GC(606) Pause Young (Allocation Failure) 909M->639M(989M) 30.963ms
[144.992s][info][gc,cpu         ] GC(606) User=0.03s Sys=0.00s Real=0.02s
[145.089s][info][gc,start       ] GC(607) Pause Young (Allocation Failure)
[145.120s][info][gc,heap        ] GC(607) DefNew: 298882K(314560K)->19044K(314560K) Eden: 279616K(279616K)->0K(279616K) From: 19266K(34944K)->19044K(34944K)
[145.120s][info][gc,heap        ] GC(607) Tenured: 635740K(699072K)->638973K(699072K)
[145.120s][info][gc,metaspace   ] GC(607) Metaspace: 10394K(10624K)->10394K(10624K) NonClass: 9510K(9600K)->9510K(9600K) Class: 883K(1024K)->883K(1024K)
[145.120s][info][gc             ] GC(607) Pause Young (Allocation Failure) 912M->642M(989M) 30.898ms
[145.120s][info][gc,cpu         ] GC(607) User=0.02s Sys=0.02s Real=0.02s
[145.216s][info][gc,start       ] GC(608) Pause Young (Allocation Failure)
[145.247s][info][gc,heap        ] GC(608) DefNew: 298660K(314560K)->18981K(314560K) Eden: 279616K(279616K)->0K(279616K) From: 19044K(34944K)->18981K(34944K)
[145.247s][info][gc,heap        ] GC(608) Tenured: 638973K(699072K)->642050K(699072K)
[145.247s][info][gc,metaspace   ] GC(608) Metaspace: 10394K(10624K)->10394K(10624K) NonClass: 9510K(9600K)->9510K(9600K) Class: 883K(1024K)->883K(1024K)
[145.247s][info][gc             ] GC(608) Pause Young (Allocation Failure) 915M->645M(989M) 30.586ms
[145.247s][info][gc,cpu         ] GC(608) User=0.03s Sys=0.00s Real=0.02s
[145.343s][info][gc,start       ] GC(609) Pause Young (Allocation Failure)
[145.374s][info][gc,heap        ] GC(609) DefNew: 298597K(314560K)->19246K(314560K) Eden: 279616K(279616K)->0K(279616K) From: 18981K(34944K)->19246K(34944K)
[145.374s][info][gc,heap        ] GC(609) Tenured: 642050K(699072K)->645148K(699072K)
[145.374s][info][gc,metaspace   ] GC(609) Metaspace: 10394K(10624K)->10394K(10624K) NonClass: 9510K(9600K)->9510K(9600K) Class: 883K(1024K)->883K(1024K)
[145.374s][info][gc             ] GC(609) Pause Young (Allocation Failure) 918M->648M(989M) 31.154ms
[145.374s][info][gc,cpu         ] GC(609) User=0.03s Sys=0.00s Real=0.03s
[145.472s][info][gc,start       ] GC(610) Pause Young (Allocation Failure)
[145.503s][info][gc,heap        ] GC(610) DefNew: 298862K(314560K)->19250K(314560K) Eden: 279616K(279616K)->0K(279616K) From: 19246K(34944K)->19250K(34944K)
[145.503s][info][gc,heap        ] GC(610) Tenured: 645148K(699072K)->648254K(699072K)
[145.503s][info][gc,metaspace   ] GC(610) Metaspace: 10394K(10624K)->10394K(10624K) NonClass: 9510K(9600K)->9510K(9600K) Class: 883K(1024K)->883K(1024K)
[145.503s][info][gc             ] GC(610) Pause Young (Allocation Failure) 921M->651M(989M) 31.155ms
[145.503s][info][gc,cpu         ] GC(610) User=0.03s Sys=0.00s Real=0.03s
[145.600s][info][gc,start       ] GC(611) Pause Young (Allocation Failure)
[145.632s][info][gc,heap        ] GC(611) DefNew: 298866K(314560K)->19449K(314560K) Eden: 279616K(279616K)->0K(279616K) From: 19250K(34944K)->19449K(34944K)
[145.632s][info][gc,heap        ] GC(611) Tenured: 648254K(699072K)->651337K(699072K)
[145.632s][info][gc,metaspace   ] GC(611) Metaspace: 10394K(10624K)->10394K(10624K) NonClass: 9510K(9600K)->9510K(9600K) Class: 883K(1024K)->883K(1024K)
[145.632s][info][gc             ] GC(611) Pause Young (Allocation Failure) 924M->655M(989M) 31.293ms
[145.632s][info][gc,cpu         ] GC(611) User=0.03s Sys=0.00s Real=0.03s
[145.839s][info][gc,start       ] GC(612) Pause Young (Allocation Failure)
[145.880s][info][gc,heap        ] GC(612) DefNew: 299065K(314560K)->26223K(314560K) Eden: 279616K(279616K)->0K(279616K) From: 19449K(34944K)->26223K(34944K)
[145.880s][info][gc,heap        ] GC(612) Tenured: 651337K(699072K)->654471K(699072K)
[145.880s][info][gc,metaspace   ] GC(612) Metaspace: 10406K(10688K)->10406K(10688K) NonClass: 9521K(9664K)->9521K(9664K) Class: 884K(1024K)->884K(1024K)
[145.880s][info][gc             ] GC(612) Pause Young (Allocation Failure) 928M->664M(989M) 41.657ms
[145.880s][info][gc,cpu         ] GC(612) User=0.03s Sys=0.00s Real=0.05s
[146.303s][info][gc,start       ] GC(613) Pause Young (Allocation Failure)
[146.412s][info][gc,heap        ] GC(613) DefNew: 305839K(314560K)->34943K(314560K) Eden: 279616K(279616K)->0K(279616K) From: 26223K(34944K)->34943K(34944K)
[146.412s][info][gc,heap        ] GC(613) Tenured: 654471K(699072K)->678656K(699072K)
[146.412s][info][gc,metaspace   ] GC(613) Metaspace: 10406K(10688K)->10406K(10688K) NonClass: 9521K(9664K)->9521K(9664K) Class: 884K(1024K)->884K(1024K)
[146.412s][info][gc             ] GC(613) Pause Young (Allocation Failure) 937M->696M(989M) 108.467ms
[146.412s][info][gc,cpu         ] GC(613) User=0.09s Sys=0.00s Real=0.11s
[147.035s][info][gc,start       ] GC(614) Pause Young (Allocation Failure)
[147.215s][info][gc,promotion   ] GC(614) Promotion failed
[147.215s][info][gc             ] GC(614) Pause Young (Allocation Failure) 969M->989M(989M) 179.204ms
[147.215s][info][gc,cpu         ] GC(614) User=0.17s Sys=0.00s Real=0.18s
[147.215s][info][gc,start       ] GC(615) Pause Full (Allocation Failure)
[147.215s][info][gc,phases,start] GC(615) Phase 1: Mark live objects
[147.646s][info][gc,phases      ] GC(615) Phase 1: Mark live objects 431.346ms
[147.646s][info][gc,phases,start] GC(615) Phase 2: Compute new object addresses
[147.824s][info][gc,phases      ] GC(615) Phase 2: Compute new object addresses 178.229ms
[147.824s][info][gc,phases,start] GC(615) Phase 3: Adjust pointers
[148.084s][info][gc,phases      ] GC(615) Phase 3: Adjust pointers 259.279ms
[148.084s][info][gc,phases,start] GC(615) Phase 4: Move objects
[148.143s][info][gc,phases      ] GC(615) Phase 4: Move objects 59.419ms
[148.143s][info][gc,heap        ] GC(615) DefNew: 314559K(314560K)->0K(314560K) Eden: 279616K(279616K)->0K(279616K) From: 34943K(34944K)->0K(34944K)
[148.143s][info][gc,heap        ] GC(615) Tenured: 678656K(699072K)->645168K(699072K)
[148.143s][info][gc,metaspace   ] GC(615) Metaspace: 10406K(10688K)->10406K(10688K) NonClass: 9521K(9664K)->9521K(9664K) Class: 884K(1024K)->884K(1024K)
[148.143s][info][gc             ] GC(615) Pause Full (Allocation Failure) 989M->630M(989M) 928.775ms
[148.143s][info][gc,cpu         ] GC(615) User=0.92s Sys=0.00s Real=0.93s
[148.488s][info][gc,start       ] GC(616) Pause Young (Allocation Failure)
[148.576s][info][gc,heap        ] GC(616) DefNew: 279616K(314560K)->34431K(314560K) Eden: 279616K(279616K)->0K(279616K) From: 0K(34944K)->34431K(34944K)
[148.576s][info][gc,heap        ] GC(616) Tenured: 645168K(699072K)->645168K(699072K)
[148.576s][info][gc,metaspace   ] GC(616) Metaspace: 10406K(10688K)->10406K(10688K) NonClass: 9521K(9664K)->9521K(9664K) Class: 884K(1024K)->884K(1024K)
[148.576s][info][gc             ] GC(616) Pause Young (Allocation Failure) 903M->663M(989M) 87.849ms
[148.576s][info][gc,cpu         ] GC(616) User=0.09s Sys=0.00s Real=0.08s
[148.921s][info][gc,start       ] GC(617) Pause Young (Allocation Failure)
[149.037s][info][gc,heap        ] GC(617) DefNew: 314047K(314560K)->34350K(314560K) Eden: 279616K(279616K)->0K(279616K) From: 34431K(34944K)->34350K(34944K)
[149.037s][info][gc,heap        ] GC(617) Tenured: 645168K(699072K)->678274K(699072K)
[149.037s][info][gc,metaspace   ] GC(617) Metaspace: 10406K(10688K)->10406K(10688K) NonClass: 9521K(9664K)->9521K(9664K) Class: 884K(1024K)->884K(1024K)
[149.037s][info][gc             ] GC(617) Pause Young (Allocation Failure) 936M->695M(989M) 115.948ms
[149.037s][info][gc,cpu         ] GC(617) User=0.11s Sys=0.00s Real=0.11s
[149.368s][info][gc,start       ] GC(618) Pause Young (Allocation Failure)
[149.368s][info][gc             ] GC(618) Pause Young (Allocation Failure) 968M->968M(989M) 0.077ms
[149.368s][info][gc,cpu         ] GC(618) User=0.00s Sys=0.00s Real=0.00s
[149.368s][info][gc,start       ] GC(619) Pause Full (Allocation Failure)
[149.368s][info][gc,phases,start] GC(619) Phase 1: Mark live objects
[149.888s][info][gc,phases      ] GC(619) Phase 1: Mark live objects 519.545ms
[149.888s][info][gc,phases,start] GC(619) Phase 2: Compute new object addresses
[150.068s][info][gc,phases      ] GC(619) Phase 2: Compute new object addresses 179.735ms
[150.068s][info][gc,phases,start] GC(619) Phase 3: Adjust pointers
[150.379s][info][gc,phases      ] GC(619) Phase 3: Adjust pointers 310.864ms
[150.379s][info][gc,phases,start] GC(619) Phase 4: Move objects
[150.550s][info][gc,phases      ] GC(619) Phase 4: Move objects 171.462ms
[150.550s][info][gc,heap        ] GC(619) DefNew: 313966K(314560K)->505K(314560K) Eden: 279616K(279616K)->505K(279616K) From: 34350K(34944K)->0K(34944K)
[150.550s][info][gc,heap        ] GC(619) Tenured: 678274K(699072K)->699072K(699072K)
[150.550s][info][gc,metaspace   ] GC(619) Metaspace: 10406K(10688K)->10406K(10688K) NonClass: 9521K(9664K)->9521K(9664K) Class: 884K(1024K)->884K(1024K)
[150.550s][info][gc             ] GC(619) Pause Full (Allocation Failure) 968M->683M(989M) 1182.108ms
[150.550s][info][gc,cpu         ] GC(619) User=1.16s Sys=0.02s Real=1.18s
[151.133s][info][gc,start       ] GC(620) Pause Full (Allocation Failure)
[151.133s][info][gc,phases,start] GC(620) Phase 1: Mark live objects
[151.629s][info][gc,phases      ] GC(620) Phase 1: Mark live objects 496.716ms
[151.629s][info][gc,phases,start] GC(620) Phase 2: Compute new object addresses
[151.817s][info][gc,phases      ] GC(620) Phase 2: Compute new object addresses 187.454ms
[151.817s][info][gc,phases,start] GC(620) Phase 3: Adjust pointers
[152.080s][info][gc,phases      ] GC(620) Phase 3: Adjust pointers 262.539ms
[152.080s][info][gc,phases,start] GC(620) Phase 4: Move objects
[152.112s][info][gc,phases      ] GC(620) Phase 4: Move objects 32.061ms
[152.112s][info][gc,heap        ] GC(620) DefNew: 314559K(314560K)->6101K(314560K) Eden: 279616K(279616K)->6101K(279616K) From: 34943K(34944K)->0K(34944K)
[152.112s][info][gc,heap        ] GC(620) Tenured: 699072K(699072K)->699071K(699072K)
[152.112s][info][gc,metaspace   ] GC(620) Metaspace: 10406K(10688K)->10406K(10688K) NonClass: 9521K(9664K)->9521K(9664K) Class: 884K(1024K)->884K(1024K)
[152.112s][info][gc             ] GC(620) Pause Full (Allocation Failure) 989M->688M(989M) 979.279ms
[152.112s][info][gc,cpu         ] GC(620) User=0.97s Sys=0.00s Real=0.98s
[152.638s][info][gc,start       ] GC(621) Pause Full (Allocation Failure)
[152.638s][info][gc,phases,start] GC(621) Phase 1: Mark live objects
[153.129s][info][gc,phases      ] GC(621) Phase 1: Mark live objects 490.977ms
[153.129s][info][gc,phases,start] GC(621) Phase 2: Compute new object addresses
[153.308s][info][gc,phases      ] GC(621) Phase 2: Compute new object addresses 178.128ms
[153.308s][info][gc,phases,start] GC(621) Phase 3: Adjust pointers
[153.555s][info][gc,phases      ] GC(621) Phase 3: Adjust pointers 247.401ms
[153.555s][info][gc,phases,start] GC(621) Phase 4: Move objects
[153.594s][info][gc,phases      ] GC(621) Phase 4: Move objects 39.169ms
[153.594s][info][gc,heap        ] GC(621) DefNew: 314559K(314560K)->0K(314560K) Eden: 279616K(279616K)->0K(279616K) From: 34943K(34944K)->0K(34944K)
[153.594s][info][gc,heap        ] GC(621) Tenured: 699071K(699072K)->677325K(699072K)
[153.594s][info][gc,metaspace   ] GC(621) Metaspace: 10406K(10688K)->10406K(10688K) NonClass: 9521K(9664K)->9521K(9664K) Class: 884K(1024K)->884K(1024K)
[153.595s][info][gc             ] GC(621) Pause Full (Allocation Failure) 989M->661M(989M) 956.161ms
[153.595s][info][gc,cpu         ] GC(621) User=0.94s Sys=0.02s Real=0.96s
[153.990s][info][gc,start       ] GC(622) Pause Young (Allocation Failure)
[153.990s][info][gc             ] GC(622) Pause Young (Allocation Failure) 934M->934M(989M) 0.122ms
[153.990s][info][gc,cpu         ] GC(622) User=0.00s Sys=0.00s Real=0.00s
[153.990s][info][gc,start       ] GC(623) Pause Full (Allocation Failure)
[153.990s][info][gc,phases,start] GC(623) Phase 1: Mark live objects
[154.460s][info][gc,phases      ] GC(623) Phase 1: Mark live objects 469.716ms
[154.460s][info][gc,phases,start] GC(623) Phase 2: Compute new object addresses
[154.628s][info][gc,phases      ] GC(623) Phase 2: Compute new object addresses 168.205ms
[154.628s][info][gc,phases,start] GC(623) Phase 3: Adjust pointers
[154.863s][info][gc,phases      ] GC(623) Phase 3: Adjust pointers 235.199ms
[154.863s][info][gc,phases,start] GC(623) Phase 4: Move objects
[154.902s][info][gc,phases      ] GC(623) Phase 4: Move objects 38.658ms
[154.902s][info][gc,heap        ] GC(623) DefNew: 279616K(314560K)->0K(314560K) Eden: 279616K(279616K)->0K(279616K) From: 0K(34944K)->0K(34944K)
[154.902s][info][gc,heap        ] GC(623) Tenured: 677325K(699072K)->650742K(699072K)
[154.902s][info][gc,metaspace   ] GC(623) Metaspace: 10406K(10688K)->10406K(10688K) NonClass: 9521K(9664K)->9521K(9664K) Class: 884K(1024K)->884K(1024K)
[154.902s][info][gc             ] GC(623) Pause Full (Allocation Failure) 934M->635M(989M) 912.240ms
[154.902s][info][gc,cpu         ] GC(623) User=0.91s Sys=0.00s Real=0.91s
[155.169s][info][gc,start       ] GC(624) Pause Young (Allocation Failure)
[155.241s][info][gc,heap        ] GC(624) DefNew: 279616K(314560K)->33403K(314560K) Eden: 279616K(279616K)->0K(279616K) From: 0K(34944K)->33403K(34944K)
[155.241s][info][gc,heap        ] GC(624) Tenured: 650742K(699072K)->650742K(699072K)
[155.241s][info][gc,metaspace   ] GC(624) Metaspace: 10406K(10688K)->10406K(10688K) NonClass: 9521K(9664K)->9521K(9664K) Class: 884K(1024K)->884K(1024K)
[155.241s][info][gc             ] GC(624) Pause Young (Allocation Failure) 908M->668M(989M) 71.903ms
[155.241s][info][gc,cpu         ] GC(624) User=0.08s Sys=0.00s Real=0.08s
[155.564s][info][gc,start       ] GC(625) Pause Young (Allocation Failure)
[155.578s][info][gc,heap        ] GC(625) DefNew: 313019K(314560K)->7165K(314560K) Eden: 279616K(279616K)->0K(279616K) From: 33403K(34944K)->7165K(34944K)
[155.578s][info][gc,heap        ] GC(625) Tenured: 650742K(699072K)->652484K(699072K)
[155.578s][info][gc,metaspace   ] GC(625) Metaspace: 10406K(10688K)->10406K(10688K) NonClass: 9522K(9664K)->9522K(9664K) Class: 884K(1024K)->884K(1024K)
[155.578s][info][gc             ] GC(625) Pause Young (Allocation Failure) 941M->644M(989M) 14.568ms
[155.578s][info][gc,cpu         ] GC(625) User=0.02s Sys=0.00s Real=0.02s
[155.792s][info][gc,start       ] GC(626) Pause Young (Allocation Failure)
[155.898s][info][gc,heap        ] GC(626) DefNew: 286781K(314560K)->34943K(314560K) Eden: 279616K(279616K)->0K(279616K) From: 7165K(34944K)->34943K(34944K)
[155.898s][info][gc,heap        ] GC(626) Tenured: 652484K(699072K)->675143K(699072K)
[155.898s][info][gc,metaspace   ] GC(626) Metaspace: 10406K(10688K)->10406K(10688K) NonClass: 9522K(9664K)->9522K(9664K) Class: 884K(1024K)->884K(1024K)
[155.898s][info][gc             ] GC(626) Pause Young (Allocation Failure) 917M->693M(989M) 105.536ms
[155.898s][info][gc,cpu         ] GC(626) User=0.11s Sys=0.00s Real=0.11s
[156.046s][info][gc,start       ] GC(627) Pause Young (Allocation Failure)
[156.046s][info][gc             ] GC(627) Pause Young (Allocation Failure) 966M->966M(989M) 0.109ms
[156.046s][info][gc,cpu         ] GC(627) User=0.00s Sys=0.00s Real=0.00s
[156.046s][info][gc,start       ] GC(628) Pause Full (Allocation Failure)
[156.046s][info][gc,phases,start] GC(628) Phase 1: Mark live objects
[156.385s][info][gc,phases      ] GC(628) Phase 1: Mark live objects 339.235ms
[156.385s][info][gc,phases,start] GC(628) Phase 2: Compute new object addresses
[156.547s][info][gc,phases      ] GC(628) Phase 2: Compute new object addresses 162.203ms
[156.548s][info][gc,phases,start] GC(628) Phase 3: Adjust pointers
[156.757s][info][gc,phases      ] GC(628) Phase 3: Adjust pointers 209.530ms
[156.757s][info][gc,phases,start] GC(628) Phase 4: Move objects
[156.817s][info][gc,phases      ] GC(628) Phase 4: Move objects 59.946ms
[156.817s][info][gc,heap        ] GC(628) DefNew: 314559K(314560K)->0K(314560K) Eden: 279616K(279616K)->0K(279616K) From: 34943K(34944K)->0K(34944K)
[156.817s][info][gc,heap        ] GC(628) Tenured: 675143K(699072K)->520193K(699072K)
[156.817s][info][gc,metaspace   ] GC(628) Metaspace: 10406K(10688K)->10406K(10688K) NonClass: 9522K(9664K)->9522K(9664K) Class: 884K(1024K)->884K(1024K)
[156.817s][info][gc             ] GC(628) Pause Full (Allocation Failure) 966M->508M(989M) 771.377ms
[156.817s][info][gc,cpu         ] GC(628) User=0.77s Sys=0.00s Real=0.76s
[157.041s][info][gc,start       ] GC(629) Pause Young (Allocation Failure)
[157.126s][info][gc,heap        ] GC(629) DefNew: 279616K(314560K)->34943K(314560K) Eden: 279616K(279616K)->0K(279616K) From: 0K(34944K)->34943K(34944K)
[157.126s][info][gc,heap        ] GC(629) Tenured: 520193K(699072K)->520213K(699072K)
[157.126s][info][gc,metaspace   ] GC(629) Metaspace: 10406K(10688K)->10406K(10688K) NonClass: 9522K(9664K)->9522K(9664K) Class: 884K(1024K)->884K(1024K)
[157.126s][info][gc             ] GC(629) Pause Young (Allocation Failure) 781M->542M(989M) 85.307ms
[157.126s][info][gc,cpu         ] GC(629) User=0.08s Sys=0.00s Real=0.08s
[157.356s][info][gc,start       ] GC(630) Pause Young (Allocation Failure)
[157.469s][info][gc,heap        ] GC(630) DefNew: 314559K(314560K)->34943K(314560K) Eden: 279616K(279616K)->0K(279616K) From: 34943K(34944K)->34943K(34944K)
[157.469s][info][gc,heap        ] GC(630) Tenured: 520213K(699072K)->553953K(699072K)
[157.469s][info][gc,metaspace   ] GC(630) Metaspace: 10406K(10688K)->10406K(10688K) NonClass: 9522K(9664K)->9522K(9664K) Class: 884K(1024K)->884K(1024K)
[157.469s][info][gc             ] GC(630) Pause Young (Allocation Failure) 815M->575M(989M) 112.830ms
[157.469s][info][gc,cpu         ] GC(630) User=0.11s Sys=0.00s Real=0.11s
[157.794s][info][gc,start       ] GC(631) Pause Young (Allocation Failure)
[157.838s][info][gc,heap        ] GC(631) DefNew: 314559K(314560K)->7866K(314560K) Eden: 279616K(279616K)->0K(279616K) From: 34943K(34944K)->7866K(34944K)
[157.838s][info][gc,heap        ] GC(631) Tenured: 553953K(699072K)->586049K(699072K)
[157.838s][info][gc,metaspace   ] GC(631) Metaspace: 10406K(10688K)->10406K(10688K) NonClass: 9522K(9664K)->9522K(9664K) Class: 884K(1024K)->884K(1024K)
[157.838s][info][gc             ] GC(631) Pause Young (Allocation Failure) 848M->579M(989M) 44.151ms
[157.838s][info][gc,cpu         ] GC(631) User=0.05s Sys=0.00s Real=0.04s
[158.212s][info][gc,start       ] GC(632) Pause Full (System.gc())
[158.212s][info][gc,phases,start] GC(632) Phase 1: Mark live objects
[158.479s][info][gc,phases      ] GC(632) Phase 1: Mark live objects 267.518ms
[158.479s][info][gc,phases,start] GC(632) Phase 2: Compute new object addresses
[158.612s][info][gc,phases      ] GC(632) Phase 2: Compute new object addresses 132.306ms
[158.612s][info][gc,phases,start] GC(632) Phase 3: Adjust pointers
[158.751s][info][gc,phases      ] GC(632) Phase 3: Adjust pointers 139.503ms
[158.751s][info][gc,phases,start] GC(632) Phase 4: Move objects
[158.757s][info][gc,phases      ] GC(632) Phase 4: Move objects 5.515ms
[158.757s][info][gc,heap        ] GC(632) DefNew: 192246K(314560K)->0K(314560K) Eden: 184379K(279616K)->0K(279616K) From: 7866K(34944K)->0K(34944K)
[158.757s][info][gc,heap        ] GC(632) Tenured: 586049K(699072K)->465871K(699072K)
[158.757s][info][gc,metaspace   ] GC(632) Metaspace: 10407K(10688K)->10407K(10688K) NonClass: 9522K(9664K)->9522K(9664K) Class: 884K(1024K)->884K(1024K)
[158.757s][info][gc             ] GC(632) Pause Full (System.gc()) 760M->454M(989M) 545.294ms
[158.757s][info][gc,cpu         ] GC(632) User=0.53s Sys=0.00s Real=0.55s
[158.858s][info][gc,start       ] GC(633) Pause Young (Allocation Failure)
[158.873s][info][gc,heap        ] GC(633) DefNew: 279616K(314560K)->6876K(314560K) Eden: 279616K(279616K)->0K(279616K) From: 0K(34944K)->6876K(34944K)
[158.873s][info][gc,heap        ] GC(633) Tenured: 465871K(699072K)->465871K(699072K)
[158.873s][info][gc,metaspace   ] GC(633) Metaspace: 10417K(10688K)->10417K(10688K) NonClass: 9533K(9664K)->9533K(9664K) Class: 884K(1024K)->884K(1024K)
[158.873s][info][gc             ] GC(633) Pause Young (Allocation Failure) 728M->461M(989M) 14.920ms
[158.873s][info][gc,cpu         ] GC(633) User=0.02s Sys=0.00s Real=0.00s
[158.964s][info][gc,start       ] GC(634) Pause Young (Allocation Failure)
[158.984s][info][gc,heap        ] GC(634) DefNew: 286492K(314560K)->11708K(314560K) Eden: 279616K(279616K)->0K(279616K) From: 6876K(34944K)->11708K(34944K)
[158.984s][info][gc,heap        ] GC(634) Tenured: 465871K(699072K)->465871K(699072K)
[158.984s][info][gc,metaspace   ] GC(634) Metaspace: 10417K(10688K)->10417K(10688K) NonClass: 9533K(9664K)->9533K(9664K) Class: 884K(1024K)->884K(1024K)
[158.984s][info][gc             ] GC(634) Pause Young (Allocation Failure) 734M->466M(989M) 20.330ms
[158.984s][info][gc,cpu         ] GC(634) User=0.02s Sys=0.00s Real=0.02s
[159.079s][info][gc,start       ] GC(635) Pause Young (Allocation Failure)
[159.103s][info][gc,heap        ] GC(635) DefNew: 291324K(314560K)->15480K(314560K) Eden: 279616K(279616K)->0K(279616K) From: 11708K(34944K)->15480K(34944K)
[159.103s][info][gc,heap        ] GC(635) Tenured: 465871K(699072K)->465871K(699072K)
[159.103s][info][gc,metaspace   ] GC(635) Metaspace: 10417K(10688K)->10417K(10688K) NonClass: 9533K(9664K)->9533K(9664K) Class: 884K(1024K)->884K(1024K)
[159.103s][info][gc             ] GC(635) Pause Young (Allocation Failure) 739M->470M(989M) 23.507ms
[159.103s][info][gc,cpu         ] GC(635) User=0.03s Sys=0.00s Real=0.02s
[159.196s][info][gc,start       ] GC(636) Pause Young (Allocation Failure)
[159.222s][info][gc,heap        ] GC(636) DefNew: 295096K(314560K)->18680K(314560K) Eden: 279616K(279616K)->0K(279616K) From: 15480K(34944K)->18680K(34944K)
[159.222s][info][gc,heap        ] GC(636) Tenured: 465871K(699072K)->465871K(699072K)
[159.222s][info][gc,metaspace   ] GC(636) Metaspace: 10417K(10688K)->10417K(10688K) NonClass: 9533K(9664K)->9533K(9664K) Class: 884K(1024K)->884K(1024K)
[159.223s][info][gc             ] GC(636) Pause Young (Allocation Failure) 743M->473M(989M) 26.264ms
[159.223s][info][gc,cpu         ] GC(636) User=0.02s Sys=0.00s Real=0.03s
[159.316s][info][gc,start       ] GC(637) Pause Young (Allocation Failure)
[159.346s][info][gc,heap        ] GC(637) DefNew: 298296K(314560K)->18416K(314560K) Eden: 279616K(279616K)->0K(279616K) From: 18680K(34944K)->18416K(34944K)
[159.346s][info][gc,heap        ] GC(637) Tenured: 465871K(699072K)->469170K(699072K)
[159.346s][info][gc,metaspace   ] GC(637) Metaspace: 10417K(10688K)->10417K(10688K) NonClass: 9533K(9664K)->9533K(9664K) Class: 884K(1024K)->884K(1024K)
[159.346s][info][gc             ] GC(637) Pause Young (Allocation Failure) 746M->476M(989M) 29.925ms
[159.346s][info][gc,cpu         ] GC(637) User=0.03s Sys=0.00s Real=0.03s
[159.439s][info][gc,start       ] GC(638) Pause Young (Allocation Failure)
[159.469s][info][gc,heap        ] GC(638) DefNew: 298032K(314560K)->18329K(314560K) Eden: 279616K(279616K)->0K(279616K) From: 18416K(34944K)->18329K(34944K)
[159.469s][info][gc,heap        ] GC(638) Tenured: 469170K(699072K)->472244K(699072K)
[159.469s][info][gc,metaspace   ] GC(638) Metaspace: 10417K(10688K)->10417K(10688K) NonClass: 9533K(9664K)->9533K(9664K) Class: 884K(1024K)->884K(1024K)
[159.469s][info][gc             ] GC(638) Pause Young (Allocation Failure) 749M->479M(989M) 29.716ms
[159.469s][info][gc,cpu         ] GC(638) User=0.03s Sys=0.00s Real=0.03s
[159.564s][info][gc,start       ] GC(639) Pause Young (Allocation Failure)
[159.594s][info][gc,heap        ] GC(639) DefNew: 297945K(314560K)->18439K(314560K) Eden: 279616K(279616K)->0K(279616K) From: 18329K(34944K)->18439K(34944K)
[159.594s][info][gc,heap        ] GC(639) Tenured: 472244K(699072K)->475264K(699072K)
[159.594s][info][gc,metaspace   ] GC(639) Metaspace: 10417K(10688K)->10417K(10688K) NonClass: 9533K(9664K)->9533K(9664K) Class: 884K(1024K)->884K(1024K)
[159.594s][info][gc             ] GC(639) Pause Young (Allocation Failure) 752M->482M(989M) 30.331ms
[159.595s][info][gc,cpu         ] GC(639) User=0.03s Sys=0.00s Real=0.02s
[159.691s][info][gc,start       ] GC(640) Pause Young (Allocation Failure)
[159.722s][info][gc,heap        ] GC(640) DefNew: 298055K(314560K)->18555K(314560K) Eden: 279616K(279616K)->0K(279616K) From: 18439K(34944K)->18555K(34944K)
[159.722s][info][gc,heap        ] GC(640) Tenured: 475264K(699072K)->478205K(699072K)
[159.722s][info][gc,metaspace   ] GC(640) Metaspace: 10417K(10688K)->10417K(10688K) NonClass: 9533K(9664K)->9533K(9664K) Class: 884K(1024K)->884K(1024K)
[159.722s][info][gc             ] GC(640) Pause Young (Allocation Failure) 755M->485M(989M) 30.328ms
[159.722s][info][gc,cpu         ] GC(640) User=0.03s Sys=0.00s Real=0.02s
[159.820s][info][gc,start       ] GC(641) Pause Young (Allocation Failure)
[159.851s][info][gc,heap        ] GC(641) DefNew: 298171K(314560K)->18609K(314560K) Eden: 279616K(279616K)->0K(279616K) From: 18555K(34944K)->18609K(34944K)
[159.851s][info][gc,heap        ] GC(641) Tenured: 478205K(699072K)->481243K(699072K)
[159.851s][info][gc,metaspace   ] GC(641) Metaspace: 10417K(10688K)->10417K(10688K) NonClass: 9533K(9664K)->9533K(9664K) Class: 884K(1024K)->884K(1024K)
[159.851s][info][gc             ] GC(641) Pause Young (Allocation Failure) 758M->488M(989M) 30.457ms
[159.851s][info][gc,cpu         ] GC(641) User=0.03s Sys=0.00s Real=0.03s
[159.948s][info][gc,start       ] GC(642) Pause Young (Allocation Failure)
[159.978s][info][gc,heap        ] GC(642) DefNew: 298225K(314560K)->18708K(314560K) Eden: 279616K(279616K)->0K(279616K) From: 18609K(34944K)->18708K(34944K)
[159.978s][info][gc,heap        ] GC(642) Tenured: 481243K(699072K)->484163K(699072K)
[159.978s][info][gc,metaspace   ] GC(642) Metaspace: 10417K(10688K)->10417K(10688K) NonClass: 9533K(9664K)->9533K(9664K) Class: 884K(1024K)->884K(1024K)
[159.978s][info][gc             ] GC(642) Pause Young (Allocation Failure) 761M->491M(989M) 30.459ms
[159.978s][info][gc,cpu         ] GC(642) User=0.03s Sys=0.00s Real=0.03s
[160.074s][info][gc,start       ] GC(643) Pause Young (Allocation Failure)
[160.104s][info][gc,heap        ] GC(643) DefNew: 298324K(314560K)->18726K(314560K) Eden: 279616K(279616K)->0K(279616K) From: 18708K(34944K)->18726K(34944K)
[160.104s][info][gc,heap        ] GC(643) Tenured: 484163K(699072K)->487120K(699072K)
[160.104s][info][gc,metaspace   ] GC(643) Metaspace: 10417K(10688K)->10417K(10688K) NonClass: 9533K(9664K)->9533K(9664K) Class: 884K(1024K)->884K(1024K)
[160.104s][info][gc             ] GC(643) Pause Young (Allocation Failure) 764M->493M(989M) 30.484ms
[160.104s][info][gc,cpu         ] GC(643) User=0.03s Sys=0.00s Real=0.03s
[160.201s][info][gc,start       ] GC(644) Pause Young (Allocation Failure)
[160.231s][info][gc,heap        ] GC(644) DefNew: 298342K(314560K)->18640K(314560K) Eden: 279616K(279616K)->0K(279616K) From: 18726K(34944K)->18640K(34944K)
[160.231s][info][gc,heap        ] GC(644) Tenured: 487120K(699072K)->490262K(699072K)
[160.231s][info][gc,metaspace   ] GC(644) Metaspace: 10417K(10688K)->10417K(10688K) NonClass: 9533K(9664K)->9533K(9664K) Class: 884K(1024K)->884K(1024K)
[160.231s][info][gc             ] GC(644) Pause Young (Allocation Failure) 767M->496M(989M) 30.425ms
[160.231s][info][gc,cpu         ] GC(644) User=0.03s Sys=0.00s Real=0.03s
[160.328s][info][gc,start       ] GC(645) Pause Young (Allocation Failure)
[160.359s][info][gc,heap        ] GC(645) DefNew: 298256K(314560K)->18857K(314560K) Eden: 279616K(279616K)->0K(279616K) From: 18640K(34944K)->18857K(34944K)
[160.359s][info][gc,heap        ] GC(645) Tenured: 490262K(699072K)->493234K(699072K)
[160.359s][info][gc,metaspace   ] GC(645) Metaspace: 10417K(10688K)->10417K(10688K) NonClass: 9533K(9664K)->9533K(9664K) Class: 884K(1024K)->884K(1024K)
[160.359s][info][gc             ] GC(645) Pause Young (Allocation Failure) 770M->500M(989M) 30.710ms
[160.359s][info][gc,cpu         ] GC(645) User=0.03s Sys=0.00s Real=0.03s
[160.454s][info][gc,start       ] GC(646) Pause Young (Allocation Failure)
[160.484s][info][gc,heap        ] GC(646) DefNew: 298473K(314560K)->18877K(314560K) Eden: 279616K(279616K)->0K(279616K) From: 18857K(34944K)->18877K(34944K)
[160.484s][info][gc,heap        ] GC(646) Tenured: 493234K(699072K)->496334K(699072K)
[160.484s][info][gc,metaspace   ] GC(646) Metaspace: 10417K(10688K)->10417K(10688K) NonClass: 9533K(9664K)->9533K(9664K) Class: 884K(1024K)->884K(1024K)
[160.484s][info][gc             ] GC(646) Pause Young (Allocation Failure) 773M->503M(989M) 30.350ms
[160.484s][info][gc,cpu         ] GC(646) User=0.03s Sys=0.00s Real=0.03s
[160.579s][info][gc,start       ] GC(647) Pause Young (Allocation Failure)
[160.609s][info][gc,heap        ] GC(647) DefNew: 298493K(314560K)->18856K(314560K) Eden: 279616K(279616K)->0K(279616K) From: 18877K(34944K)->18856K(34944K)
[160.609s][info][gc,heap        ] GC(647) Tenured: 496334K(699072K)->499314K(699072K)
[160.609s][info][gc,metaspace   ] GC(647) Metaspace: 10417K(10688K)->10417K(10688K) NonClass: 9533K(9664K)->9533K(9664K) Class: 884K(1024K)->884K(1024K)
[160.609s][info][gc             ] GC(647) Pause Young (Allocation Failure) 776M->506M(989M) 30.252ms
[160.609s][info][gc,cpu         ] GC(647) User=0.03s Sys=0.00s Real=0.03s
[160.704s][info][gc,start       ] GC(648) Pause Young (Allocation Failure)
[160.735s][info][gc,heap        ] GC(648) DefNew: 298472K(314560K)->19007K(314560K) Eden: 279616K(279616K)->0K(279616K) From: 18856K(34944K)->19007K(34944K)
[160.735s][info][gc,heap        ] GC(648) Tenured: 499314K(699072K)->502362K(699072K)
[160.735s][info][gc,metaspace   ] GC(648) Metaspace: 10417K(10688K)->10417K(10688K) NonClass: 9533K(9664K)->9533K(9664K) Class: 884K(1024K)->884K(1024K)
[160.735s][info][gc             ] GC(648) Pause Young (Allocation Failure) 779M->509M(989M) 30.492ms
[160.735s][info][gc,cpu         ] GC(648) User=0.03s Sys=0.00s Real=0.02s
[160.837s][info][gc,start       ] GC(649) Pause Young (Allocation Failure)
[160.868s][info][gc,heap        ] GC(649) DefNew: 298623K(314560K)->18843K(314560K) Eden: 279616K(279616K)->0K(279616K) From: 19007K(34944K)->18843K(34944K)
[160.868s][info][gc,heap        ] GC(649) Tenured: 502362K(699072K)->505562K(699072K)
[160.868s][info][gc,metaspace   ] GC(649) Metaspace: 10417K(10688K)->10417K(10688K) NonClass: 9533K(9664K)->9533K(9664K) Class: 884K(1024K)->884K(1024K)
[160.868s][info][gc             ] GC(649) Pause Young (Allocation Failure) 782M->512M(989M) 30.518ms
[160.868s][info][gc,cpu         ] GC(649) User=0.03s Sys=0.00s Real=0.02s
[160.964s][info][gc,start       ] GC(650) Pause Young (Allocation Failure)
[160.995s][info][gc,heap        ] GC(650) DefNew: 298459K(314560K)->19182K(314560K) Eden: 279616K(279616K)->0K(279616K) From: 18843K(34944K)->19182K(34944K)
[160.995s][info][gc,heap        ] GC(650) Tenured: 505562K(699072K)->508596K(699072K)
[160.996s][info][gc,metaspace   ] GC(650) Metaspace: 10417K(10688K)->10417K(10688K) NonClass: 9533K(9664K)->9533K(9664K) Class: 884K(1024K)->884K(1024K)
[160.996s][info][gc             ] GC(650) Pause Young (Allocation Failure) 785M->515M(989M) 31.449ms
[160.996s][info][gc,cpu         ] GC(650) User=0.03s Sys=0.00s Real=0.03s
[161.091s][info][gc,start       ] GC(651) Pause Young (Allocation Failure)
[161.121s][info][gc,heap        ] GC(651) DefNew: 298798K(314560K)->18725K(314560K) Eden: 279616K(279616K)->0K(279616K) From: 19182K(34944K)->18725K(34944K)
[161.121s][info][gc,heap        ] GC(651) Tenured: 508596K(699072K)->511763K(699072K)
[161.121s][info][gc,metaspace   ] GC(651) Metaspace: 10417K(10688K)->10417K(10688K) NonClass: 9533K(9664K)->9533K(9664K) Class: 884K(1024K)->884K(1024K)
[161.121s][info][gc             ] GC(651) Pause Young (Allocation Failure) 788M->518M(989M) 30.008ms
[161.121s][info][gc,cpu         ] GC(651) User=0.03s Sys=0.00s Real=0.03s
[161.218s][info][gc,start       ] GC(652) Pause Young (Allocation Failure)
[161.249s][info][gc,heap        ] GC(652) DefNew: 298341K(314560K)->18727K(314560K) Eden: 279616K(279616K)->0K(279616K) From: 18725K(34944K)->18727K(34944K)
[161.249s][info][gc,heap        ] GC(652) Tenured: 511763K(699072K)->514817K(699072K)
[161.249s][info][gc,metaspace   ] GC(652) Metaspace: 10417K(10688K)->10417K(10688K) NonClass: 9533K(9664K)->9533K(9664K) Class: 884K(1024K)->884K(1024K)
[161.249s][info][gc             ] GC(652) Pause Young (Allocation Failure) 791M->521M(989M) 30.483ms
[161.249s][info][gc,cpu         ] GC(652) User=0.03s Sys=0.00s Real=0.03s
[161.343s][info][gc,start       ] GC(653) Pause Young (Allocation Failure)
[161.373s][info][gc,heap        ] GC(653) DefNew: 298343K(314560K)->18638K(314560K) Eden: 279616K(279616K)->0K(279616K) From: 18727K(34944K)->18638K(34944K)
[161.373s][info][gc,heap        ] GC(653) Tenured: 514817K(699072K)->517922K(699072K)
[161.373s][info][gc,metaspace   ] GC(653) Metaspace: 10417K(10688K)->10417K(10688K) NonClass: 9533K(9664K)->9533K(9664K) Class: 884K(1024K)->884K(1024K)
[161.374s][info][gc             ] GC(653) Pause Young (Allocation Failure) 794M->523M(989M) 30.314ms
[161.374s][info][gc,cpu         ] GC(653) User=0.03s Sys=0.00s Real=0.03s
[161.469s][info][gc,start       ] GC(654) Pause Young (Allocation Failure)
[161.498s][info][gc,heap        ] GC(654) DefNew: 298254K(314560K)->18519K(314560K) Eden: 279616K(279616K)->0K(279616K) From: 18638K(34944K)->18519K(34944K)
[161.498s][info][gc,heap        ] GC(654) Tenured: 517922K(699072K)->521053K(699072K)
[161.498s][info][gc,metaspace   ] GC(654) Metaspace: 10417K(10688K)->10417K(10688K) NonClass: 9533K(9664K)->9533K(9664K) Class: 884K(1024K)->884K(1024K)
[161.499s][info][gc             ] GC(654) Pause Young (Allocation Failure) 797M->526M(989M) 29.954ms
[161.499s][info][gc,cpu         ] GC(654) User=0.03s Sys=0.00s Real=0.03s
[161.595s][info][gc,start       ] GC(655) Pause Young (Allocation Failure)
[161.625s][info][gc,heap        ] GC(655) DefNew: 298135K(314560K)->18753K(314560K) Eden: 279616K(279616K)->0K(279616K) From: 18519K(34944K)->18753K(34944K)
[161.625s][info][gc,heap        ] GC(655) Tenured: 521053K(699072K)->523939K(699072K)
[161.625s][info][gc,metaspace   ] GC(655) Metaspace: 10417K(10688K)->10417K(10688K) NonClass: 9533K(9664K)->9533K(9664K) Class: 884K(1024K)->884K(1024K)
[161.625s][info][gc             ] GC(655) Pause Young (Allocation Failure) 799M->529M(989M) 30.203ms
[161.625s][info][gc,cpu         ] GC(655) User=0.03s Sys=0.00s Real=0.03s
[161.722s][info][gc,start       ] GC(656) Pause Young (Allocation Failure)
[161.753s][info][gc,heap        ] GC(656) DefNew: 298369K(314560K)->18735K(314560K) Eden: 279616K(279616K)->0K(279616K) From: 18753K(34944K)->18735K(34944K)
[161.753s][info][gc,heap        ] GC(656) Tenured: 523939K(699072K)->527011K(699072K)
[161.753s][info][gc,metaspace   ] GC(656) Metaspace: 10417K(10688K)->10417K(10688K) NonClass: 9533K(9664K)->9533K(9664K) Class: 884K(1024K)->884K(1024K)
[161.753s][info][gc             ] GC(656) Pause Young (Allocation Failure) 803M->532M(989M) 30.548ms
[161.753s][info][gc,cpu         ] GC(656) User=0.03s Sys=0.00s Real=0.03s
[161.855s][info][gc,start       ] GC(657) Pause Young (Allocation Failure)
[161.885s][info][gc,heap        ] GC(657) DefNew: 298351K(314560K)->18650K(314560K) Eden: 279616K(279616K)->0K(279616K) From: 18735K(34944K)->18650K(34944K)
[161.885s][info][gc,heap        ] GC(657) Tenured: 527011K(699072K)->530103K(699072K)
[161.885s][info][gc,metaspace   ] GC(657) Metaspace: 10417K(10688K)->10417K(10688K) NonClass: 9533K(9664K)->9533K(9664K) Class: 884K(1024K)->884K(1024K)
[161.885s][info][gc             ] GC(657) Pause Young (Allocation Failure) 806M->535M(989M) 29.948ms
[161.885s][info][gc,cpu         ] GC(657) User=0.03s Sys=0.00s Real=0.03s
[161.982s][info][gc,start       ] GC(658) Pause Young (Allocation Failure)
[162.011s][info][gc,heap        ] GC(658) DefNew: 298266K(314560K)->18823K(314560K) Eden: 279616K(279616K)->0K(279616K) From: 18650K(34944K)->18823K(34944K)
[162.011s][info][gc,heap        ] GC(658) Tenured: 530103K(699072K)->533045K(699072K)
[162.011s][info][gc,metaspace   ] GC(658) Metaspace: 10417K(10688K)->10417K(10688K) NonClass: 9533K(9664K)->9533K(9664K) Class: 884K(1024K)->884K(1024K)
[162.012s][info][gc             ] GC(658) Pause Young (Allocation Failure) 808M->538M(989M) 29.880ms
[162.012s][info][gc,cpu         ] GC(658) User=0.03s Sys=0.00s Real=0.03s
[162.106s][info][gc,start       ] GC(659) Pause Young (Allocation Failure)
[162.136s][info][gc,heap        ] GC(659) DefNew: 298439K(314560K)->18938K(314560K) Eden: 279616K(279616K)->0K(279616K) From: 18823K(34944K)->18938K(34944K)
[162.137s][info][gc,heap        ] GC(659) Tenured: 533045K(699072K)->536019K(699072K)
[162.137s][info][gc,metaspace   ] GC(659) Metaspace: 10417K(10688K)->10417K(10688K) NonClass: 9533K(9664K)->9533K(9664K) Class: 884K(1024K)->884K(1024K)
[162.137s][info][gc             ] GC(659) Pause Young (Allocation Failure) 811M->541M(989M) 30.276ms
[162.137s][info][gc,cpu         ] GC(659) User=0.03s Sys=0.00s Real=0.02s
[162.232s][info][gc,start       ] GC(660) Pause Young (Allocation Failure)
[162.263s][info][gc,heap        ] GC(660) DefNew: 298554K(314560K)->18941K(314560K) Eden: 279616K(279616K)->0K(279616K) From: 18938K(34944K)->18941K(34944K)
[162.263s][info][gc,heap        ] GC(660) Tenured: 536019K(699072K)->539214K(699072K)
[162.263s][info][gc,metaspace   ] GC(660) Metaspace: 10417K(10688K)->10417K(10688K) NonClass: 9533K(9664K)->9533K(9664K) Class: 884K(1024K)->884K(1024K)
[162.263s][info][gc             ] GC(660) Pause Young (Allocation Failure) 815M->545M(989M) 30.643ms
[162.263s][info][gc,cpu         ] GC(660) User=0.03s Sys=0.00s Real=0.03s
[162.359s][info][gc,start       ] GC(661) Pause Young (Allocation Failure)
[162.389s][info][gc,heap        ] GC(661) DefNew: 298557K(314560K)->18917K(314560K) Eden: 279616K(279616K)->0K(279616K) From: 18941K(34944K)->18917K(34944K)
[162.390s][info][gc,heap        ] GC(661) Tenured: 539214K(699072K)->542303K(699072K)
[162.390s][info][gc,metaspace   ] GC(661) Metaspace: 10417K(10688K)->10417K(10688K) NonClass: 9533K(9664K)->9533K(9664K) Class: 884K(1024K)->884K(1024K)
[162.390s][info][gc             ] GC(661) Pause Young (Allocation Failure) 818M->548M(989M) 30.538ms
[162.390s][info][gc,cpu         ] GC(661) User=0.03s Sys=0.00s Real=0.03s
[162.484s][info][gc,start       ] GC(662) Pause Young (Allocation Failure)
[162.515s][info][gc,heap        ] GC(662) DefNew: 298533K(314560K)->18897K(314560K) Eden: 279616K(279616K)->0K(279616K) From: 18917K(34944K)->18897K(34944K)
[162.515s][info][gc,heap        ] GC(662) Tenured: 542303K(699072K)->545430K(699072K)
[162.515s][info][gc,metaspace   ] GC(662) Metaspace: 10417K(10688K)->10417K(10688K) NonClass: 9533K(9664K)->9533K(9664K) Class: 884K(1024K)->884K(1024K)
[162.515s][info][gc             ] GC(662) Pause Young (Allocation Failure) 821M->551M(989M) 30.669ms
[162.515s][info][gc,cpu         ] GC(662) User=0.03s Sys=0.00s Real=0.03s
[162.613s][info][gc,start       ] GC(663) Pause Young (Allocation Failure)
[162.645s][info][gc,heap        ] GC(663) DefNew: 298513K(314560K)->18949K(314560K) Eden: 279616K(279616K)->0K(279616K) From: 18897K(34944K)->18949K(34944K)
[162.645s][info][gc,heap        ] GC(663) Tenured: 545430K(699072K)->548482K(699072K)
[162.645s][info][gc,metaspace   ] GC(663) Metaspace: 10417K(10688K)->10417K(10688K) NonClass: 9533K(9664K)->9533K(9664K) Class: 884K(1024K)->884K(1024K)
[162.645s][info][gc             ] GC(663) Pause Young (Allocation Failure) 824M->554M(989M) 31.325ms
[162.645s][info][gc,cpu         ] GC(663) User=0.03s Sys=0.00s Real=0.02s
[162.742s][info][gc,start       ] GC(664) Pause Young (Allocation Failure)
[162.772s][info][gc,heap        ] GC(664) DefNew: 298565K(314560K)->18837K(314560K) Eden: 279616K(279616K)->0K(279616K) From: 18949K(34944K)->18837K(34944K)
[162.772s][info][gc,heap        ] GC(664) Tenured: 548482K(699072K)->551627K(699072K)
[162.772s][info][gc,metaspace   ] GC(664) Metaspace: 10417K(10688K)->10417K(10688K) NonClass: 9533K(9664K)->9533K(9664K) Class: 884K(1024K)->884K(1024K)
[162.772s][info][gc             ] GC(664) Pause Young (Allocation Failure) 827M->557M(989M) 30.339ms
[162.772s][info][gc,cpu         ] GC(664) User=0.03s Sys=0.00s Real=0.03s
[162.874s][info][gc,start       ] GC(665) Pause Young (Allocation Failure)
[162.904s][info][gc,heap        ] GC(665) DefNew: 298453K(314560K)->18851K(314560K) Eden: 279616K(279616K)->0K(279616K) From: 18837K(34944K)->18851K(34944K)
[162.904s][info][gc,heap        ] GC(665) Tenured: 551627K(699072K)->554630K(699072K)
[162.904s][info][gc,metaspace   ] GC(665) Metaspace: 10417K(10688K)->10417K(10688K) NonClass: 9533K(9664K)->9533K(9664K) Class: 884K(1024K)->884K(1024K)
[162.904s][info][gc             ] GC(665) Pause Young (Allocation Failure) 830M->560M(989M) 30.338ms
[162.904s][info][gc,cpu         ] GC(665) User=0.03s Sys=0.00s Real=0.03s
[162.999s][info][gc,start       ] GC(666) Pause Young (Allocation Failure)
[163.029s][info][gc,heap        ] GC(666) DefNew: 298467K(314560K)->18748K(314560K) Eden: 279616K(279616K)->0K(279616K) From: 18851K(34944K)->18748K(34944K)
[163.029s][info][gc,heap        ] GC(666) Tenured: 554630K(699072K)->557620K(699072K)
[163.029s][info][gc,metaspace   ] GC(666) Metaspace: 10417K(10688K)->10417K(10688K) NonClass: 9533K(9664K)->9533K(9664K) Class: 884K(1024K)->884K(1024K)
[163.029s][info][gc             ] GC(666) Pause Young (Allocation Failure) 833M->562M(989M) 29.736ms
[163.029s][info][gc,cpu         ] GC(666) User=0.03s Sys=0.00s Real=0.03s
[163.124s][info][gc,start       ] GC(667) Pause Young (Allocation Failure)
[163.154s][info][gc,heap        ] GC(667) DefNew: 298364K(314560K)->18737K(314560K) Eden: 279616K(279616K)->0K(279616K) From: 18748K(34944K)->18737K(34944K)
[163.154s][info][gc,heap        ] GC(667) Tenured: 557620K(699072K)->560822K(699072K)
[163.154s][info][gc,metaspace   ] GC(667) Metaspace: 10417K(10688K)->10417K(10688K) NonClass: 9533K(9664K)->9533K(9664K) Class: 884K(1024K)->884K(1024K)
[163.154s][info][gc             ] GC(667) Pause Young (Allocation Failure) 835M->565M(989M) 30.320ms
[163.154s][info][gc,cpu         ] GC(667) User=0.03s Sys=0.00s Real=0.03s
[163.251s][info][gc,start       ] GC(668) Pause Young (Allocation Failure)
[163.281s][info][gc,heap        ] GC(668) DefNew: 298353K(314560K)->18838K(314560K) Eden: 279616K(279616K)->0K(279616K) From: 18737K(34944K)->18838K(34944K)
[163.281s][info][gc,heap        ] GC(668) Tenured: 560822K(699072K)->563855K(699072K)
[163.281s][info][gc,metaspace   ] GC(668) Metaspace: 10417K(10688K)->10417K(10688K) NonClass: 9533K(9664K)->9533K(9664K) Class: 884K(1024K)->884K(1024K)
[163.281s][info][gc             ] GC(668) Pause Young (Allocation Failure) 839M->569M(989M) 30.188ms
[163.281s][info][gc,cpu         ] GC(668) User=0.03s Sys=0.00s Real=0.03s
[163.374s][info][gc,start       ] GC(669) Pause Young (Allocation Failure)
[163.404s][info][gc,heap        ] GC(669) DefNew: 298454K(314560K)->18786K(314560K) Eden: 279616K(279616K)->0K(279616K) From: 18838K(34944K)->18786K(34944K)
[163.404s][info][gc,heap        ] GC(669) Tenured: 563855K(699072K)->566917K(699072K)
[163.404s][info][gc,metaspace   ] GC(669) Metaspace: 10417K(10688K)->10417K(10688K) NonClass: 9533K(9664K)->9533K(9664K) Class: 884K(1024K)->884K(1024K)
[163.404s][info][gc             ] GC(669) Pause Young (Allocation Failure) 842M->571M(989M) 30.106ms
[163.404s][info][gc,cpu         ] GC(669) User=0.03s Sys=0.00s Real=0.03s
[163.498s][info][gc,start       ] GC(670) Pause Young (Allocation Failure)
[163.528s][info][gc,heap        ] GC(670) DefNew: 298402K(314560K)->18605K(314560K) Eden: 279616K(279616K)->0K(279616K) From: 18786K(34944K)->18605K(34944K)
[163.528s][info][gc,heap        ] GC(670) Tenured: 566917K(699072K)->569957K(699072K)
[163.528s][info][gc,metaspace   ] GC(670) Metaspace: 10417K(10688K)->10417K(10688K) NonClass: 9533K(9664K)->9533K(9664K) Class: 884K(1024K)->884K(1024K)
[163.528s][info][gc             ] GC(670) Pause Young (Allocation Failure) 845M->574M(989M) 29.639ms
[163.528s][info][gc,cpu         ] GC(670) User=0.02s Sys=0.00s Real=0.03s
[163.624s][info][gc,start       ] GC(671) Pause Young (Allocation Failure)
[163.654s][info][gc,heap        ] GC(671) DefNew: 298221K(314560K)->18430K(314560K) Eden: 279616K(279616K)->0K(279616K) From: 18605K(34944K)->18430K(34944K)
[163.654s][info][gc,heap        ] GC(671) Tenured: 569957K(699072K)->573106K(699072K)
[163.654s][info][gc,metaspace   ] GC(671) Metaspace: 10417K(10688K)->10417K(10688K) NonClass: 9533K(9664K)->9533K(9664K) Class: 884K(1024K)->884K(1024K)
[163.654s][info][gc             ] GC(671) Pause Young (Allocation Failure) 847M->577M(989M) 30.211ms
[163.654s][info][gc,cpu         ] GC(671) User=0.03s Sys=0.00s Real=0.03s
[163.750s][info][gc,start       ] GC(672) Pause Young (Allocation Failure)
[163.781s][info][gc,heap        ] GC(672) DefNew: 298046K(314560K)->18478K(314560K) Eden: 279616K(279616K)->0K(279616K) From: 18430K(34944K)->18478K(34944K)
[163.781s][info][gc,heap        ] GC(672) Tenured: 573106K(699072K)->576181K(699072K)
[163.781s][info][gc,metaspace   ] GC(672) Metaspace: 10417K(10688K)->10417K(10688K) NonClass: 9533K(9664K)->9533K(9664K) Class: 884K(1024K)->884K(1024K)
[163.781s][info][gc             ] GC(672) Pause Young (Allocation Failure) 850M->580M(989M) 30.409ms
[163.781s][info][gc,cpu         ] GC(672) User=0.03s Sys=0.00s Real=0.03s
[163.881s][info][gc,start       ] GC(673) Pause Young (Allocation Failure)
[163.912s][info][gc,heap        ] GC(673) DefNew: 298094K(314560K)->18511K(314560K) Eden: 279616K(279616K)->0K(279616K) From: 18478K(34944K)->18511K(34944K)
[163.912s][info][gc,heap        ] GC(673) Tenured: 576181K(699072K)->579161K(699072K)
[163.912s][info][gc,metaspace   ] GC(673) Metaspace: 10417K(10688K)->10417K(10688K) NonClass: 9533K(9664K)->9533K(9664K) Class: 884K(1024K)->884K(1024K)
[163.912s][info][gc             ] GC(673) Pause Young (Allocation Failure) 853M->583M(989M) 30.260ms
[163.912s][info][gc,cpu         ] GC(673) User=0.03s Sys=0.00s Real=0.03s
[164.008s][info][gc,start       ] GC(674) Pause Young (Allocation Failure)
[164.039s][info][gc,heap        ] GC(674) DefNew: 298127K(314560K)->18572K(314560K) Eden: 279616K(279616K)->0K(279616K) From: 18511K(34944K)->18572K(34944K)
[164.039s][info][gc,heap        ] GC(674) Tenured: 579161K(699072K)->582158K(699072K)
[164.039s][info][gc,metaspace   ] GC(674) Metaspace: 10417K(10688K)->10417K(10688K) NonClass: 9533K(9664K)->9533K(9664K) Class: 884K(1024K)->884K(1024K)
[164.039s][info][gc             ] GC(674) Pause Young (Allocation Failure) 856M->586M(989M) 30.562ms
[164.039s][info][gc,cpu         ] GC(674) User=0.03s Sys=0.00s Real=0.03s
[164.136s][info][gc,start       ] GC(675) Pause Young (Allocation Failure)
[164.166s][info][gc,heap        ] GC(675) DefNew: 298188K(314560K)->18798K(314560K) Eden: 279616K(279616K)->0K(279616K) From: 18572K(34944K)->18798K(34944K)
[164.166s][info][gc,heap        ] GC(675) Tenured: 582158K(699072K)->585097K(699072K)
[164.166s][info][gc,metaspace   ] GC(675) Metaspace: 10417K(10688K)->10417K(10688K) NonClass: 9533K(9664K)->9533K(9664K) Class: 884K(1024K)->884K(1024K)
[164.166s][info][gc             ] GC(675) Pause Young (Allocation Failure) 859M->589M(989M) 30.287ms
[164.166s][info][gc,cpu         ] GC(675) User=0.03s Sys=0.00s Real=0.03s
[164.262s][info][gc,start       ] GC(676) Pause Young (Allocation Failure)
[164.293s][info][gc,heap        ] GC(676) DefNew: 298414K(314560K)->19098K(314560K) Eden: 279616K(279616K)->0K(279616K) From: 18798K(34944K)->19098K(34944K)
[164.293s][info][gc,heap        ] GC(676) Tenured: 585097K(699072K)->588152K(699072K)
[164.293s][info][gc,metaspace   ] GC(676) Metaspace: 10417K(10688K)->10417K(10688K) NonClass: 9533K(9664K)->9533K(9664K) Class: 884K(1024K)->884K(1024K)
[164.293s][info][gc             ] GC(676) Pause Young (Allocation Failure) 862M->593M(989M) 31.170ms
[164.293s][info][gc,cpu         ] GC(676) User=0.03s Sys=0.00s Real=0.03s
[164.390s][info][gc,start       ] GC(677) Pause Young (Allocation Failure)
[164.421s][info][gc,heap        ] GC(677) DefNew: 298714K(314560K)->19207K(314560K) Eden: 279616K(279616K)->0K(279616K) From: 19098K(34944K)->19207K(34944K)
[164.421s][info][gc,heap        ] GC(677) Tenured: 588152K(699072K)->591090K(699072K)
[164.421s][info][gc,metaspace   ] GC(677) Metaspace: 10417K(10688K)->10417K(10688K) NonClass: 9533K(9664K)->9533K(9664K) Class: 884K(1024K)->884K(1024K)
[164.422s][info][gc             ] GC(677) Pause Young (Allocation Failure) 866M->595M(989M) 31.255ms
[164.422s][info][gc,cpu         ] GC(677) User=0.03s Sys=0.00s Real=0.02s
[164.521s][info][gc,start       ] GC(678) Pause Young (Allocation Failure)
[164.552s][info][gc,heap        ] GC(678) DefNew: 298823K(314560K)->19248K(314560K) Eden: 279616K(279616K)->0K(279616K) From: 19207K(34944K)->19248K(34944K)
[164.552s][info][gc,heap        ] GC(678) Tenured: 591090K(699072K)->594178K(699072K)
[164.552s][info][gc,metaspace   ] GC(678) Metaspace: 10417K(10688K)->10417K(10688K) NonClass: 9533K(9664K)->9533K(9664K) Class: 884K(1024K)->884K(1024K)
[164.552s][info][gc             ] GC(678) Pause Young (Allocation Failure) 869M->599M(989M) 30.821ms
[164.552s][info][gc,cpu         ] GC(678) User=0.03s Sys=0.00s Real=0.02s
[164.650s][info][gc,start       ] GC(679) Pause Young (Allocation Failure)
[164.681s][info][gc,heap        ] GC(679) DefNew: 298864K(314560K)->19488K(314560K) Eden: 279616K(279616K)->0K(279616K) From: 19248K(34944K)->19488K(34944K)
[164.681s][info][gc,heap        ] GC(679) Tenured: 594178K(699072K)->597292K(699072K)
[164.681s][info][gc,metaspace   ] GC(679) Metaspace: 10417K(10688K)->10417K(10688K) NonClass: 9533K(9664K)->9533K(9664K) Class: 884K(1024K)->884K(1024K)
[164.681s][info][gc             ] GC(679) Pause Young (Allocation Failure) 872M->602M(989M) 31.563ms
[164.681s][info][gc,cpu         ] GC(679) User=0.03s Sys=0.00s Real=0.03s
[164.778s][info][gc,start       ] GC(680) Pause Young (Allocation Failure)
[164.810s][info][gc,heap        ] GC(680) DefNew: 299104K(314560K)->19500K(314560K) Eden: 279616K(279616K)->0K(279616K) From: 19488K(34944K)->19500K(34944K)
[164.810s][info][gc,heap        ] GC(680) Tenured: 597292K(699072K)->600429K(699072K)
[164.810s][info][gc,metaspace   ] GC(680) Metaspace: 10417K(10688K)->10417K(10688K) NonClass: 9533K(9664K)->9533K(9664K) Class: 884K(1024K)->884K(1024K)
[164.810s][info][gc             ] GC(680) Pause Young (Allocation Failure) 875M->605M(989M) 32.555ms
[164.810s][info][gc,cpu         ] GC(680) User=0.03s Sys=0.00s Real=0.03s
[164.909s][info][gc,start       ] GC(681) Pause Young (Allocation Failure)
[164.940s][info][gc,heap        ] GC(681) DefNew: 299116K(314560K)->19401K(314560K) Eden: 279616K(279616K)->0K(279616K) From: 19500K(34944K)->19401K(34944K)
[164.940s][info][gc,heap        ] GC(681) Tenured: 600429K(699072K)->603524K(699072K)
[164.940s][info][gc,metaspace   ] GC(681) Metaspace: 10417K(10688K)->10417K(10688K) NonClass: 9533K(9664K)->9533K(9664K) Class: 884K(1024K)->884K(1024K)
[164.940s][info][gc             ] GC(681) Pause Young (Allocation Failure) 878M->608M(989M) 30.854ms
[164.940s][info][gc,cpu         ] GC(681) User=0.03s Sys=0.00s Real=0.02s
[165.038s][info][gc,start       ] GC(682) Pause Young (Allocation Failure)
[165.069s][info][gc,heap        ] GC(682) DefNew: 299017K(314560K)->19478K(314560K) Eden: 279616K(279616K)->0K(279616K) From: 19401K(34944K)->19478K(34944K)
[165.069s][info][gc,heap        ] GC(682) Tenured: 603524K(699072K)->606821K(699072K)
[165.069s][info][gc,metaspace   ] GC(682) Metaspace: 10417K(10688K)->10417K(10688K) NonClass: 9533K(9664K)->9533K(9664K) Class: 884K(1024K)->884K(1024K)
[165.069s][info][gc             ] GC(682) Pause Young (Allocation Failure) 881M->611M(989M) 31.405ms
[165.069s][info][gc,cpu         ] GC(682) User=0.03s Sys=0.00s Real=0.03s
[165.165s][info][gc,start       ] GC(683) Pause Young (Allocation Failure)
[165.197s][info][gc,heap        ] GC(683) DefNew: 299094K(314560K)->19269K(314560K) Eden: 279616K(279616K)->0K(279616K) From: 19478K(34944K)->19269K(34944K)
[165.197s][info][gc,heap        ] GC(683) Tenured: 606821K(699072K)->610027K(699072K)
[165.197s][info][gc,metaspace   ] GC(683) Metaspace: 10417K(10688K)->10417K(10688K) NonClass: 9533K(9664K)->9533K(9664K) Class: 884K(1024K)->884K(1024K)
[165.197s][info][gc             ] GC(683) Pause Young (Allocation Failure) 884M->614M(989M) 31.175ms
[165.197s][info][gc,cpu         ] GC(683) User=0.03s Sys=0.00s Real=0.03s
[165.293s][info][gc,start       ] GC(684) Pause Young (Allocation Failure)
[165.325s][info][gc,heap        ] GC(684) DefNew: 298885K(314560K)->19382K(314560K) Eden: 279616K(279616K)->0K(279616K) From: 19269K(34944K)->19382K(34944K)
[165.325s][info][gc,heap        ] GC(684) Tenured: 610027K(699072K)->613230K(699072K)
[165.325s][info][gc,metaspace   ] GC(684) Metaspace: 10417K(10688K)->10417K(10688K) NonClass: 9533K(9664K)->9533K(9664K) Class: 884K(1024K)->884K(1024K)
[165.325s][info][gc             ] GC(684) Pause Young (Allocation Failure) 887M->617M(989M) 31.433ms
[165.325s][info][gc,cpu         ] GC(684) User=0.03s Sys=0.00s Real=0.03s
[165.421s][info][gc,start       ] GC(685) Pause Young (Allocation Failure)
[165.452s][info][gc,heap        ] GC(685) DefNew: 298998K(314560K)->19479K(314560K) Eden: 279616K(279616K)->0K(279616K) From: 19382K(34944K)->19479K(34944K)
[165.452s][info][gc,heap        ] GC(685) Tenured: 613230K(699072K)->616307K(699072K)
[165.452s][info][gc,metaspace   ] GC(685) Metaspace: 10417K(10688K)->10417K(10688K) NonClass: 9533K(9664K)->9533K(9664K) Class: 884K(1024K)->884K(1024K)
[165.452s][info][gc             ] GC(685) Pause Young (Allocation Failure) 890M->620M(989M) 31.180ms
[165.452s][info][gc,cpu         ] GC(685) User=0.03s Sys=0.00s Real=0.03s
[165.549s][info][gc,start       ] GC(686) Pause Young (Allocation Failure)
[165.580s][info][gc,heap        ] GC(686) DefNew: 299095K(314560K)->19369K(314560K) Eden: 279616K(279616K)->0K(279616K) From: 19479K(34944K)->19369K(34944K)
[165.580s][info][gc,heap        ] GC(686) Tenured: 616307K(699072K)->619534K(699072K)
[165.580s][info][gc,metaspace   ] GC(686) Metaspace: 10417K(10688K)->10417K(10688K) NonClass: 9533K(9664K)->9533K(9664K) Class: 884K(1024K)->884K(1024K)
[165.580s][info][gc             ] GC(686) Pause Young (Allocation Failure) 893M->623M(989M) 31.152ms
[165.580s][info][gc,cpu         ] GC(686) User=0.03s Sys=0.00s Real=0.03s
[165.679s][info][gc,start       ] GC(687) Pause Young (Allocation Failure)
[165.710s][info][gc,heap        ] GC(687) DefNew: 298985K(314560K)->19581K(314560K) Eden: 279616K(279616K)->0K(279616K) From: 19369K(34944K)->19581K(34944K)
[165.710s][info][gc,heap        ] GC(687) Tenured: 619534K(699072K)->622591K(699072K)
[165.710s][info][gc,metaspace   ] GC(687) Metaspace: 10417K(10688K)->10417K(10688K) NonClass: 9533K(9664K)->9533K(9664K) Class: 884K(1024K)->884K(1024K)
[165.710s][info][gc             ] GC(687) Pause Young (Allocation Failure) 896M->627M(989M) 31.589ms
[165.710s][info][gc,cpu         ] GC(687) User=0.03s Sys=0.00s Real=0.03s
[165.808s][info][gc,start       ] GC(688) Pause Young (Allocation Failure)
[165.839s][info][gc,heap        ] GC(688) DefNew: 299197K(314560K)->19304K(314560K) Eden: 279616K(279616K)->0K(279616K) From: 19581K(34944K)->19304K(34944K)
[165.839s][info][gc,heap        ] GC(688) Tenured: 622591K(699072K)->625849K(699072K)
[165.839s][info][gc,metaspace   ] GC(688) Metaspace: 10417K(10688K)->10417K(10688K) NonClass: 9533K(9664K)->9533K(9664K) Class: 884K(1024K)->884K(1024K)
[165.839s][info][gc             ] GC(688) Pause Young (Allocation Failure) 900M->630M(989M) 31.237ms
[165.839s][info][gc,cpu         ] GC(688) User=0.03s Sys=0.00s Real=0.02s
[165.936s][info][gc,start       ] GC(689) Pause Young (Allocation Failure)
[165.966s][info][gc,heap        ] GC(689) DefNew: 298920K(314560K)->19132K(314560K) Eden: 279616K(279616K)->0K(279616K) From: 19304K(34944K)->19132K(34944K)
[165.966s][info][gc,heap        ] GC(689) Tenured: 625849K(699072K)->629000K(699072K)
[165.966s][info][gc,metaspace   ] GC(689) Metaspace: 10417K(10688K)->10417K(10688K) NonClass: 9533K(9664K)->9533K(9664K) Class: 884K(1024K)->884K(1024K)
[165.966s][info][gc             ] GC(689) Pause Young (Allocation Failure) 903M->632M(989M) 30.623ms
[165.966s][info][gc,cpu         ] GC(689) User=0.03s Sys=0.00s Real=0.02s
[166.064s][info][gc,start       ] GC(690) Pause Young (Allocation Failure)
[166.095s][info][gc,heap        ] GC(690) DefNew: 298748K(314560K)->19252K(314560K) Eden: 279616K(279616K)->0K(279616K) From: 19132K(34944K)->19252K(34944K)
[166.095s][info][gc,heap        ] GC(690) Tenured: 629000K(699072K)->632179K(699072K)
[166.095s][info][gc,metaspace   ] GC(690) Metaspace: 10417K(10688K)->10417K(10688K) NonClass: 9533K(9664K)->9533K(9664K) Class: 884K(1024K)->884K(1024K)
[166.095s][info][gc             ] GC(690) Pause Young (Allocation Failure) 906M->636M(989M) 30.857ms
[166.095s][info][gc,cpu         ] GC(690) User=0.03s Sys=0.00s Real=0.03s
[166.192s][info][gc,start       ] GC(691) Pause Young (Allocation Failure)
[166.223s][info][gc,heap        ] GC(691) DefNew: 298868K(314560K)->19134K(314560K) Eden: 279616K(279616K)->0K(279616K) From: 19252K(34944K)->19134K(34944K)
[166.223s][info][gc,heap        ] GC(691) Tenured: 632179K(699072K)->635388K(699072K)
[166.223s][info][gc,metaspace   ] GC(691) Metaspace: 10417K(10688K)->10417K(10688K) NonClass: 9533K(9664K)->9533K(9664K) Class: 884K(1024K)->884K(1024K)
[166.223s][info][gc             ] GC(691) Pause Young (Allocation Failure) 909M->639M(989M) 30.843ms
[166.223s][info][gc,cpu         ] GC(691) User=0.02s Sys=0.00s Real=0.03s
[166.319s][info][gc,start       ] GC(692) Pause Young (Allocation Failure)
[166.349s][info][gc,heap        ] GC(692) DefNew: 298750K(314560K)->19193K(314560K) Eden: 279616K(279616K)->0K(279616K) From: 19134K(34944K)->19193K(34944K)
[166.349s][info][gc,heap        ] GC(692) Tenured: 635388K(699072K)->638442K(699072K)
[166.349s][info][gc,metaspace   ] GC(692) Metaspace: 10417K(10688K)->10417K(10688K) NonClass: 9533K(9664K)->9533K(9664K) Class: 884K(1024K)->884K(1024K)
[166.349s][info][gc             ] GC(692) Pause Young (Allocation Failure) 912M->642M(989M) 30.526ms
[166.349s][info][gc,cpu         ] GC(692) User=0.02s Sys=0.00s Real=0.03s
[166.445s][info][gc,start       ] GC(693) Pause Young (Allocation Failure)
[166.476s][info][gc,heap        ] GC(693) DefNew: 298809K(314560K)->19204K(314560K) Eden: 279616K(279616K)->0K(279616K) From: 19193K(34944K)->19204K(34944K)
[166.476s][info][gc,heap        ] GC(693) Tenured: 638442K(699072K)->641511K(699072K)
[166.476s][info][gc,metaspace   ] GC(693) Metaspace: 10417K(10688K)->10417K(10688K) NonClass: 9533K(9664K)->9533K(9664K) Class: 884K(1024K)->884K(1024K)
[166.476s][info][gc             ] GC(693) Pause Young (Allocation Failure) 915M->645M(989M) 31.101ms
[166.476s][info][gc,cpu         ] GC(693) User=0.03s Sys=0.00s Real=0.03s
[166.573s][info][gc,start       ] GC(694) Pause Young (Allocation Failure)
[166.605s][info][gc,heap        ] GC(694) DefNew: 298820K(314560K)->19371K(314560K) Eden: 279616K(279616K)->0K(279616K) From: 19204K(34944K)->19371K(34944K)
[166.605s][info][gc,heap        ] GC(694) Tenured: 641511K(699072K)->644622K(699072K)
[166.605s][info][gc,metaspace   ] GC(694) Metaspace: 10417K(10688K)->10417K(10688K) NonClass: 9533K(9664K)->9533K(9664K) Class: 884K(1024K)->884K(1024K)
[166.605s][info][gc             ] GC(694) Pause Young (Allocation Failure) 918M->648M(989M) 31.319ms
[166.605s][info][gc,cpu         ] GC(694) User=0.02s Sys=0.00s Real=0.03s
[166.705s][info][gc,start       ] GC(695) Pause Young (Allocation Failure)
[166.736s][info][gc,heap        ] GC(695) DefNew: 298987K(314560K)->19318K(314560K) Eden: 279616K(279616K)->0K(279616K) From: 19371K(34944K)->19318K(34944K)
[166.736s][info][gc,heap        ] GC(695) Tenured: 644622K(699072K)->647787K(699072K)
[166.736s][info][gc,metaspace   ] GC(695) Metaspace: 10417K(10688K)->10417K(10688K) NonClass: 9533K(9664K)->9533K(9664K) Class: 884K(1024K)->884K(1024K)
[166.736s][info][gc             ] GC(695) Pause Young (Allocation Failure) 921M->651M(989M) 31.031ms
[166.736s][info][gc,cpu         ] GC(695) User=0.03s Sys=0.00s Real=0.02s
[166.942s][info][gc,start       ] GC(696) Pause Young (Allocation Failure)
[166.980s][info][gc,heap        ] GC(696) DefNew: 298934K(314560K)->23500K(314560K) Eden: 279616K(279616K)->0K(279616K) From: 19318K(34944K)->23500K(34944K)
[166.980s][info][gc,heap        ] GC(696) Tenured: 647787K(699072K)->650921K(699072K)
[166.980s][info][gc,metaspace   ] GC(696) Metaspace: 10437K(10688K)->10437K(10688K) NonClass: 9552K(9664K)->9552K(9664K) Class: 884K(1024K)->884K(1024K)
[166.980s][info][gc             ] GC(696) Pause Young (Allocation Failure) 924M->658M(989M) 37.776ms
[166.980s][info][gc,cpu         ] GC(696) User=0.03s Sys=0.00s Real=0.04s
[167.376s][info][gc,start       ] GC(697) Pause Young (Allocation Failure)
[167.479s][info][gc,heap        ] GC(697) DefNew: 303116K(314560K)->34944K(314560K) Eden: 279616K(279616K)->0K(279616K) From: 23500K(34944K)->34944K(34944K)
[167.479s][info][gc,heap        ] GC(697) Tenured: 650921K(699072K)->672558K(699072K)
[167.479s][info][gc,metaspace   ] GC(697) Metaspace: 10437K(10688K)->10437K(10688K) NonClass: 9552K(9664K)->9552K(9664K) Class: 884K(1024K)->884K(1024K)
[167.479s][info][gc             ] GC(697) Pause Young (Allocation Failure) 931M->690M(989M) 102.546ms
[167.479s][info][gc,cpu         ] GC(697) User=0.11s Sys=0.00s Real=0.11s
[168.129s][info][gc,start       ] GC(698) Pause Young (Allocation Failure)
[168.304s][info][gc,promotion   ] GC(698) Promotion failed
[168.304s][info][gc             ] GC(698) Pause Young (Allocation Failure) 963M->989M(989M) 174.392ms
[168.304s][info][gc,cpu         ] GC(698) User=0.17s Sys=0.00s Real=0.17s
[168.304s][info][gc,start       ] GC(699) Pause Full (Allocation Failure)
[168.304s][info][gc,phases,start] GC(699) Phase 1: Mark live objects
[168.738s][info][gc,phases      ] GC(699) Phase 1: Mark live objects 434.402ms
[168.738s][info][gc,phases,start] GC(699) Phase 2: Compute new object addresses
[168.917s][info][gc,phases      ] GC(699) Phase 2: Compute new object addresses 178.863ms
[168.917s][info][gc,phases,start] GC(699) Phase 3: Adjust pointers
[169.175s][info][gc,phases      ] GC(699) Phase 3: Adjust pointers 257.817ms
[169.175s][info][gc,phases,start] GC(699) Phase 4: Move objects
[169.235s][info][gc,phases      ] GC(699) Phase 4: Move objects 59.896ms
[169.235s][info][gc,heap        ] GC(699) DefNew: 314560K(314560K)->0K(314560K) Eden: 279616K(279616K)->0K(279616K) From: 34944K(34944K)->0K(34944K)
[169.235s][info][gc,heap        ] GC(699) Tenured: 672558K(699072K)->644738K(699072K)
[169.235s][info][gc,metaspace   ] GC(699) Metaspace: 10437K(10688K)->10437K(10688K) NonClass: 9552K(9664K)->9552K(9664K) Class: 884K(1024K)->884K(1024K)
[169.235s][info][gc             ] GC(699) Pause Full (Allocation Failure) 989M->629M(989M) 931.448ms
[169.235s][info][gc,cpu         ] GC(699) User=0.92s Sys=0.00s Real=0.92s
[169.583s][info][gc,start       ] GC(700) Pause Young (Allocation Failure)
[169.671s][info][gc,heap        ] GC(700) DefNew: 279616K(314560K)->34592K(314560K) Eden: 279616K(279616K)->0K(279616K) From: 0K(34944K)->34592K(34944K)
[169.672s][info][gc,heap        ] GC(700) Tenured: 644738K(699072K)->644738K(699072K)
[169.672s][info][gc,metaspace   ] GC(700) Metaspace: 10437K(10688K)->10437K(10688K) NonClass: 9552K(9664K)->9552K(9664K) Class: 884K(1024K)->884K(1024K)
[169.672s][info][gc             ] GC(700) Pause Young (Allocation Failure) 902M->663M(989M) 88.915ms
[169.672s][info][gc,cpu         ] GC(700) User=0.08s Sys=0.00s Real=0.09s
[170.014s][info][gc,start       ] GC(701) Pause Young (Allocation Failure)
[170.130s][info][gc,heap        ] GC(701) DefNew: 314208K(314560K)->34415K(314560K) Eden: 279616K(279616K)->0K(279616K) From: 34592K(34944K)->34415K(34944K)
[170.130s][info][gc,heap        ] GC(701) Tenured: 644738K(699072K)->677957K(699072K)
[170.130s][info][gc,metaspace   ] GC(701) Metaspace: 10437K(10688K)->10437K(10688K) NonClass: 9552K(9664K)->9552K(9664K) Class: 884K(1024K)->884K(1024K)
[170.130s][info][gc             ] GC(701) Pause Young (Allocation Failure) 936M->695M(989M) 116.003ms
[170.130s][info][gc,cpu         ] GC(701) User=0.12s Sys=0.00s Real=0.11s
[170.463s][info][gc,start       ] GC(702) Pause Young (Allocation Failure)
[170.463s][info][gc             ] GC(702) Pause Young (Allocation Failure) 968M->968M(989M) 0.151ms
[170.463s][info][gc,cpu         ] GC(702) User=0.00s Sys=0.00s Real=0.00s
[170.463s][info][gc,start       ] GC(703) Pause Full (Allocation Failure)
[170.463s][info][gc,phases,start] GC(703) Phase 1: Mark live objects
[170.978s][info][gc,phases      ] GC(703) Phase 1: Mark live objects 515.413ms
[170.978s][info][gc,phases,start] GC(703) Phase 2: Compute new object addresses
[171.157s][info][gc,phases      ] GC(703) Phase 2: Compute new object addresses 178.402ms
[171.157s][info][gc,phases,start] GC(703) Phase 3: Adjust pointers
[171.446s][info][gc,phases      ] GC(703) Phase 3: Adjust pointers 289.545ms
[171.446s][info][gc,phases,start] GC(703) Phase 4: Move objects
[171.500s][info][gc,phases      ] GC(703) Phase 4: Move objects 53.729ms
[171.500s][info][gc,heap        ] GC(703) DefNew: 314031K(314560K)->32795K(314560K) Eden: 279616K(279616K)->32795K(279616K) From: 34415K(34944K)->0K(34944K)
[171.500s][info][gc,heap        ] GC(703) Tenured: 677957K(699072K)->699072K(699072K)
[171.500s][info][gc,metaspace   ] GC(703) Metaspace: 10437K(10688K)->10437K(10688K) NonClass: 9552K(9664K)->9552K(9664K) Class: 884K(1024K)->884K(1024K)
[171.500s][info][gc             ] GC(703) Pause Full (Allocation Failure) 968M->714M(989M) 1037.578ms
[171.500s][info][gc,cpu         ] GC(703) User=1.03s Sys=0.00s Real=1.05s
[172.057s][info][gc,start       ] GC(704) Pause Full (Allocation Failure)
[172.057s][info][gc,phases,start] GC(704) Phase 1: Mark live objects
[172.556s][info][gc,phases      ] GC(704) Phase 1: Mark live objects 499.094ms
[172.556s][info][gc,phases,start] GC(704) Phase 2: Compute new object addresses
[172.740s][info][gc,phases      ] GC(704) Phase 2: Compute new object addresses 183.433ms
[172.740s][info][gc,phases,start] GC(704) Phase 3: Adjust pointers
[173.022s][info][gc,phases      ] GC(704) Phase 3: Adjust pointers 282.672ms
[173.022s][info][gc,phases,start] GC(704) Phase 4: Move objects
[173.167s][info][gc,phases      ] GC(704) Phase 4: Move objects 144.846ms
[173.167s][info][gc,heap        ] GC(704) DefNew: 314559K(314560K)->0K(314560K) Eden: 279616K(279616K)->0K(279616K) From: 34943K(34944K)->0K(34944K)
[173.167s][info][gc,heap        ] GC(704) Tenured: 699072K(699072K)->675279K(699072K)
[173.167s][info][gc,metaspace   ] GC(704) Metaspace: 10437K(10688K)->10437K(10688K) NonClass: 9552K(9664K)->9552K(9664K) Class: 884K(1024K)->884K(1024K)
[173.167s][info][gc             ] GC(704) Pause Full (Allocation Failure) 989M->659M(989M) 1110.560ms
[173.167s][info][gc,cpu         ] GC(704) User=1.11s Sys=0.00s Real=1.12s
[173.555s][info][gc,start       ] GC(705) Pause Young (Allocation Failure)
[173.555s][info][gc             ] GC(705) Pause Young (Allocation Failure) 932M->932M(989M) 0.148ms
[173.555s][info][gc,cpu         ] GC(705) User=0.00s Sys=0.00s Real=0.00s
[173.555s][info][gc,start       ] GC(706) Pause Full (Allocation Failure)
[173.555s][info][gc,phases,start] GC(706) Phase 1: Mark live objects
[174.040s][info][gc,phases      ] GC(706) Phase 1: Mark live objects 484.515ms
[174.040s][info][gc,phases,start] GC(706) Phase 2: Compute new object addresses
[174.213s][info][gc,phases      ] GC(706) Phase 2: Compute new object addresses 172.801ms
[174.213s][info][gc,phases,start] GC(706) Phase 3: Adjust pointers
[174.455s][info][gc,phases      ] GC(706) Phase 3: Adjust pointers 241.958ms
[174.455s][info][gc,phases,start] GC(706) Phase 4: Move objects
[174.458s][info][gc,phases      ] GC(706) Phase 4: Move objects 3.394ms
[174.458s][info][gc,heap        ] GC(706) DefNew: 279616K(314560K)->0K(314560K) Eden: 279616K(279616K)->0K(279616K) From: 0K(34944K)->0K(34944K)
[174.458s][info][gc,heap        ] GC(706) Tenured: 675279K(699072K)->679871K(699072K)
[174.458s][info][gc,metaspace   ] GC(706) Metaspace: 10437K(10688K)->10437K(10688K) NonClass: 9552K(9664K)->9552K(9664K) Class: 884K(1024K)->884K(1024K)
[174.458s][info][gc             ] GC(706) Pause Full (Allocation Failure) 932M->663M(989M) 903.097ms
[174.459s][info][gc,cpu         ] GC(706) User=0.91s Sys=0.00s Real=0.90s
[174.847s][info][gc,start       ] GC(707) Pause Young (Allocation Failure)
[174.848s][info][gc             ] GC(707) Pause Young (Allocation Failure) 936M->936M(989M) 0.122ms
[174.848s][info][gc,cpu         ] GC(707) User=0.00s Sys=0.00s Real=0.00s
[174.848s][info][gc,start       ] GC(708) Pause Full (Allocation Failure)
[174.848s][info][gc,phases,start] GC(708) Phase 1: Mark live objects
[175.321s][info][gc,phases      ] GC(708) Phase 1: Mark live objects 473.743ms
[175.321s][info][gc,phases,start] GC(708) Phase 2: Compute new object addresses
[175.489s][info][gc,phases      ] GC(708) Phase 2: Compute new object addresses 167.938ms
[175.489s][info][gc,phases,start] GC(708) Phase 3: Adjust pointers
[175.721s][info][gc,phases      ] GC(708) Phase 3: Adjust pointers 231.452ms
[175.721s][info][gc,phases,start] GC(708) Phase 4: Move objects
[175.744s][info][gc,phases      ] GC(708) Phase 4: Move objects 22.952ms
[175.744s][info][gc,heap        ] GC(708) DefNew: 279616K(314560K)->0K(314560K) Eden: 279616K(279616K)->0K(279616K) From: 0K(34944K)->0K(34944K)
[175.744s][info][gc,heap        ] GC(708) Tenured: 679871K(699072K)->658662K(699072K)
[175.744s][info][gc,metaspace   ] GC(708) Metaspace: 10437K(10688K)->10437K(10688K) NonClass: 9552K(9664K)->9552K(9664K) Class: 884K(1024K)->884K(1024K)
[175.744s][info][gc             ] GC(708) Pause Full (Allocation Failure) 936M->643M(989M) 896.508ms
[175.744s][info][gc,cpu         ] GC(708) User=0.91s Sys=0.00s Real=0.91s
[176.063s][info][gc,start       ] GC(709) Pause Young (Allocation Failure)
[176.108s][info][gc,heap        ] GC(709) DefNew: 279616K(314560K)->22808K(314560K) Eden: 279616K(279616K)->0K(279616K) From: 0K(34944K)->22808K(34944K)
[176.108s][info][gc,heap        ] GC(709) Tenured: 658662K(699072K)->658662K(699072K)
[176.108s][info][gc,metaspace   ] GC(709) Metaspace: 10437K(10688K)->10437K(10688K) NonClass: 9552K(9664K)->9552K(9664K) Class: 884K(1024K)->884K(1024K)
[176.108s][info][gc             ] GC(709) Pause Young (Allocation Failure) 916M->665M(989M) 45.793ms
[176.109s][info][gc,cpu         ] GC(709) User=0.05s Sys=0.00s Real=0.05s
[176.419s][info][gc,start       ] GC(710) Pause Young (Allocation Failure)
[176.507s][info][gc,heap        ] GC(710) DefNew: 302424K(314560K)->32709K(314560K) Eden: 279616K(279616K)->0K(279616K) From: 22808K(34944K)->32709K(34944K)
[176.507s][info][gc,heap        ] GC(710) Tenured: 658662K(699072K)->672601K(699072K)
[176.507s][info][gc,metaspace   ] GC(710) Metaspace: 10437K(10688K)->10437K(10688K) NonClass: 9552K(9664K)->9552K(9664K) Class: 884K(1024K)->884K(1024K)
[176.507s][info][gc             ] GC(710) Pause Young (Allocation Failure) 938M->688M(989M) 87.317ms
[176.507s][info][gc,cpu         ] GC(710) User=0.09s Sys=0.00s Real=0.08s
[176.741s][info][gc,start       ] GC(711) Pause Young (Allocation Failure)
[176.826s][info][gc,heap        ] GC(711) DefNew: 312325K(314560K)->34944K(314560K) Eden: 279616K(279616K)->0K(279616K) From: 32709K(34944K)->34944K(34944K)
[176.826s][info][gc,heap        ] GC(711) Tenured: 672601K(699072K)->685733K(699072K)
[176.826s][info][gc,metaspace   ] GC(711) Metaspace: 10437K(10688K)->10437K(10688K) NonClass: 9552K(9664K)->9552K(9664K) Class: 884K(1024K)->884K(1024K)
[176.826s][info][gc             ] GC(711) Pause Young (Allocation Failure) 961M->703M(989M) 84.565ms
[176.826s][info][gc,cpu         ] GC(711) User=0.08s Sys=0.00s Real=0.09s
[176.975s][info][gc,start       ] GC(712) Pause Young (Allocation Failure)
[176.975s][info][gc             ] GC(712) Pause Young (Allocation Failure) 976M->976M(989M) 0.150ms
[176.975s][info][gc,cpu         ] GC(712) User=0.00s Sys=0.00s Real=0.00s
[176.975s][info][gc,start       ] GC(713) Pause Full (Allocation Failure)
[176.975s][info][gc,phases,start] GC(713) Phase 1: Mark live objects
[177.307s][info][gc,phases      ] GC(713) Phase 1: Mark live objects 332.246ms
[177.307s][info][gc,phases,start] GC(713) Phase 2: Compute new object addresses
[177.471s][info][gc,phases      ] GC(713) Phase 2: Compute new object addresses 163.313ms
[177.471s][info][gc,phases,start] GC(713) Phase 3: Adjust pointers
[177.679s][info][gc,phases      ] GC(713) Phase 3: Adjust pointers 208.643ms
[177.679s][info][gc,phases,start] GC(713) Phase 4: Move objects
[177.736s][info][gc,phases      ] GC(713) Phase 4: Move objects 56.254ms
[177.736s][info][gc,heap        ] GC(713) DefNew: 314560K(314560K)->0K(314560K) Eden: 279616K(279616K)->0K(279616K) From: 34944K(34944K)->0K(34944K)
[177.736s][info][gc,heap        ] GC(713) Tenured: 685733K(699072K)->545499K(699072K)
[177.736s][info][gc,metaspace   ] GC(713) Metaspace: 10437K(10688K)->10437K(10688K) NonClass: 9552K(9664K)->9552K(9664K) Class: 884K(1024K)->884K(1024K)
[177.736s][info][gc             ] GC(713) Pause Full (Allocation Failure) 976M->532M(989M) 760.957ms
[177.736s][info][gc,cpu         ] GC(713) User=0.75s Sys=0.00s Real=0.77s
[177.933s][info][gc,start       ] GC(714) Pause Young (Allocation Failure)
[178.019s][info][gc,heap        ] GC(714) DefNew: 279616K(314560K)->34653K(314560K) Eden: 279616K(279616K)->0K(279616K) From: 0K(34944K)->34653K(34944K)
[178.019s][info][gc,heap        ] GC(714) Tenured: 545499K(699072K)->545499K(699072K)
[178.019s][info][gc,metaspace   ] GC(714) Metaspace: 10437K(10688K)->10437K(10688K) NonClass: 9552K(9664K)->9552K(9664K) Class: 884K(1024K)->884K(1024K)
[178.019s][info][gc             ] GC(714) Pause Young (Allocation Failure) 805M->566M(989M) 85.548ms
[178.019s][info][gc,cpu         ] GC(714) User=0.08s Sys=0.00s Real=0.09s
[178.251s][info][gc,start       ] GC(715) Pause Young (Allocation Failure)
[178.365s][info][gc,heap        ] GC(715) DefNew: 314269K(314560K)->34943K(314560K) Eden: 279616K(279616K)->0K(279616K) From: 34653K(34944K)->34943K(34944K)
[178.365s][info][gc,heap        ] GC(715) Tenured: 545499K(699072K)->579017K(699072K)
[178.365s][info][gc,metaspace   ] GC(715) Metaspace: 10437K(10688K)->10437K(10688K) NonClass: 9552K(9664K)->9552K(9664K) Class: 884K(1024K)->884K(1024K)
[178.365s][info][gc             ] GC(715) Pause Young (Allocation Failure) 839M->599M(989M) 113.795ms
[178.365s][info][gc,cpu         ] GC(715) User=0.11s Sys=0.00s Real=0.11s
[178.705s][info][gc,start       ] GC(716) Pause Young (Allocation Failure)
[178.773s][info][gc,heap        ] GC(716) DefNew: 314559K(314560K)->17041K(314560K) Eden: 279616K(279616K)->0K(279616K) From: 34943K(34944K)->17041K(34944K)
[178.773s][info][gc,heap        ] GC(716) Tenured: 579017K(699072K)->612627K(699072K)
[178.773s][info][gc,metaspace   ] GC(716) Metaspace: 10437K(10688K)->10437K(10688K) NonClass: 9552K(9664K)->9552K(9664K) Class: 884K(1024K)->884K(1024K)
[178.773s][info][gc             ] GC(716) Pause Young (Allocation Failure) 872M->614M(989M) 67.675ms
[178.773s][info][gc,cpu         ] GC(716) User=0.08s Sys=0.00s Real=0.06s
[179.201s][info][gc,start       ] GC(717) Pause Full (System.gc())
[179.201s][info][gc,phases,start] GC(717) Phase 1: Mark live objects
[179.468s][info][gc,phases      ] GC(717) Phase 1: Mark live objects 266.789ms
[179.468s][info][gc,phases,start] GC(717) Phase 2: Compute new object addresses
[179.606s][info][gc,phases      ] GC(717) Phase 2: Compute new object addresses 138.714ms
[179.606s][info][gc,phases,start] GC(717) Phase 3: Adjust pointers
[179.746s][info][gc,phases      ] GC(717) Phase 3: Adjust pointers 140.018ms
[179.747s][info][gc,phases,start] GC(717) Phase 4: Move objects
[179.755s][info][gc,phases      ] GC(717) Phase 4: Move objects 8.365ms
[179.755s][info][gc,heap        ] GC(717) DefNew: 286000K(314560K)->0K(314560K) Eden: 268958K(279616K)->0K(279616K) From: 17041K(34944K)->0K(34944K)
[179.755s][info][gc,heap        ] GC(717) Tenured: 612627K(699072K)->434632K(699072K)
[179.755s][info][gc,metaspace   ] GC(717) Metaspace: 10439K(10688K)->10439K(10688K) NonClass: 9555K(9664K)->9555K(9664K) Class: 884K(1024K)->884K(1024K)
[179.755s][info][gc             ] GC(717) Pause Full (System.gc()) 877M->424M(989M) 554.367ms
[179.755s][info][gc,cpu         ] GC(717) User=0.56s Sys=0.00s Real=0.56s
[179.855s][info][gc,start       ] GC(718) Pause Young (Allocation Failure)
[179.870s][info][gc,heap        ] GC(718) DefNew: 279616K(314560K)->7036K(314560K) Eden: 279616K(279616K)->0K(279616K) From: 0K(34944K)->7036K(34944K)
[179.870s][info][gc,heap        ] GC(718) Tenured: 434632K(699072K)->434632K(699072K)
[179.870s][info][gc,metaspace   ] GC(718) Metaspace: 10445K(10688K)->10445K(10688K) NonClass: 9561K(9664K)->9561K(9664K) Class: 884K(1024K)->884K(1024K)
[179.870s][info][gc             ] GC(718) Pause Young (Allocation Failure) 697M->431M(989M) 15.198ms
[179.870s][info][gc,cpu         ] GC(718) User=0.02s Sys=0.00s Real=0.01s
[179.962s][info][gc,start       ] GC(719) Pause Young (Allocation Failure)
[179.983s][info][gc,heap        ] GC(719) DefNew: 286652K(314560K)->11746K(314560K) Eden: 279616K(279616K)->0K(279616K) From: 7036K(34944K)->11746K(34944K)
[179.983s][info][gc,heap        ] GC(719) Tenured: 434632K(699072K)->434632K(699072K)
[179.983s][info][gc,metaspace   ] GC(719) Metaspace: 10445K(10688K)->10445K(10688K) NonClass: 9561K(9664K)->9561K(9664K) Class: 884K(1024K)->884K(1024K)
[179.983s][info][gc             ] GC(719) Pause Young (Allocation Failure) 704M->435M(989M) 20.307ms
[179.983s][info][gc,cpu         ] GC(719) User=0.02s Sys=0.00s Real=0.01s
[180.074s][info][gc,start       ] GC(720) Pause Young (Allocation Failure)
[180.097s][info][gc,heap        ] GC(720) DefNew: 291362K(314560K)->15513K(314560K) Eden: 279616K(279616K)->0K(279616K) From: 11746K(34944K)->15513K(34944K)
[180.097s][info][gc,heap        ] GC(720) Tenured: 434632K(699072K)->434632K(699072K)
[180.097s][info][gc,metaspace   ] GC(720) Metaspace: 10445K(10688K)->10445K(10688K) NonClass: 9561K(9664K)->9561K(9664K) Class: 884K(1024K)->884K(1024K)
[180.097s][info][gc             ] GC(720) Pause Young (Allocation Failure) 708M->439M(989M) 23.360ms
[180.097s][info][gc,cpu         ] GC(720) User=0.02s Sys=0.00s Real=0.02s
[180.190s][info][gc,start       ] GC(721) Pause Young (Allocation Failure)
[180.216s][info][gc,heap        ] GC(721) DefNew: 295129K(314560K)->18759K(314560K) Eden: 279616K(279616K)->0K(279616K) From: 15513K(34944K)->18759K(34944K)
[180.216s][info][gc,heap        ] GC(721) Tenured: 434632K(699072K)->434632K(699072K)
[180.216s][info][gc,metaspace   ] GC(721) Metaspace: 10445K(10688K)->10445K(10688K) NonClass: 9561K(9664K)->9561K(9664K) Class: 884K(1024K)->884K(1024K)
[180.216s][info][gc             ] GC(721) Pause Young (Allocation Failure) 712M->442M(989M) 26.405ms
[180.216s][info][gc,cpu         ] GC(721) User=0.03s Sys=0.00s Real=0.02s
[180.310s][info][gc,start       ] GC(722) Pause Young (Allocation Failure)
[180.341s][info][gc,heap        ] GC(722) DefNew: 298375K(314560K)->18504K(314560K) Eden: 279616K(279616K)->0K(279616K) From: 18759K(34944K)->18504K(34944K)
[180.341s][info][gc,heap        ] GC(722) Tenured: 434632K(699072K)->437975K(699072K)
[180.341s][info][gc,metaspace   ] GC(722) Metaspace: 10445K(10688K)->10445K(10688K) NonClass: 9561K(9664K)->9561K(9664K) Class: 884K(1024K)->884K(1024K)
[180.341s][info][gc             ] GC(722) Pause Young (Allocation Failure) 715M->445M(989M) 30.337ms
[180.341s][info][gc,cpu         ] GC(722) User=0.03s Sys=0.00s Real=0.03s
[180.433s][info][gc,start       ] GC(723) Pause Young (Allocation Failure)
[180.463s][info][gc,heap        ] GC(723) DefNew: 298120K(314560K)->18352K(314560K) Eden: 279616K(279616K)->0K(279616K) From: 18504K(34944K)->18352K(34944K)
[180.463s][info][gc,heap        ] GC(723) Tenured: 437975K(699072K)->441047K(699072K)
[180.463s][info][gc,metaspace   ] GC(723) Metaspace: 10445K(10688K)->10445K(10688K) NonClass: 9561K(9664K)->9561K(9664K) Class: 884K(1024K)->884K(1024K)
[180.463s][info][gc             ] GC(723) Pause Young (Allocation Failure) 718M->448M(989M) 29.617ms
[180.463s][info][gc,cpu         ] GC(723) User=0.03s Sys=0.00s Real=0.03s
[180.558s][info][gc,start       ] GC(724) Pause Young (Allocation Failure)
[180.587s][info][gc,heap        ] GC(724) DefNew: 297968K(314560K)->18285K(314560K) Eden: 279616K(279616K)->0K(279616K) From: 18352K(34944K)->18285K(34944K)
[180.587s][info][gc,heap        ] GC(724) Tenured: 441047K(699072K)->444032K(699072K)
[180.587s][info][gc,metaspace   ] GC(724) Metaspace: 10445K(10688K)->10445K(10688K) NonClass: 9561K(9664K)->9561K(9664K) Class: 884K(1024K)->884K(1024K)
[180.587s][info][gc             ] GC(724) Pause Young (Allocation Failure) 721M->451M(989M) 29.508ms
[180.587s][info][gc,cpu         ] GC(724) User=0.03s Sys=0.00s Real=0.03s
[180.684s][info][gc,start       ] GC(725) Pause Young (Allocation Failure)
[180.715s][info][gc,heap        ] GC(725) DefNew: 297901K(314560K)->18578K(314560K) Eden: 279616K(279616K)->0K(279616K) From: 18285K(34944K)->18578K(34944K)
[180.715s][info][gc,heap        ] GC(725) Tenured: 444032K(699072K)->446968K(699072K)
[180.715s][info][gc,metaspace   ] GC(725) Metaspace: 10445K(10688K)->10445K(10688K) NonClass: 9561K(9664K)->9561K(9664K) Class: 884K(1024K)->884K(1024K)
[180.715s][info][gc             ] GC(725) Pause Young (Allocation Failure) 724M->454M(989M) 30.197ms
[180.715s][info][gc,cpu         ] GC(725) User=0.03s Sys=0.00s Real=0.02s
[180.812s][info][gc,start       ] GC(726) Pause Young (Allocation Failure)
[180.842s][info][gc,heap        ] GC(726) DefNew: 298194K(314560K)->18444K(314560K) Eden: 279616K(279616K)->0K(279616K) From: 18578K(34944K)->18444K(34944K)
[180.842s][info][gc,heap        ] GC(726) Tenured: 446968K(699072K)->450022K(699072K)
[180.842s][info][gc,metaspace   ] GC(726) Metaspace: 10445K(10688K)->10445K(10688K) NonClass: 9561K(9664K)->9561K(9664K) Class: 884K(1024K)->884K(1024K)
[180.842s][info][gc             ] GC(726) Pause Young (Allocation Failure) 727M->457M(989M) 30.313ms
[180.842s][info][gc,cpu         ] GC(726) User=0.03s Sys=0.00s Real=0.02s
[180.940s][info][gc,start       ] GC(727) Pause Young (Allocation Failure)
[180.970s][info][gc,heap        ] GC(727) DefNew: 298060K(314560K)->18586K(314560K) Eden: 279616K(279616K)->0K(279616K) From: 18444K(34944K)->18586K(34944K)
[180.970s][info][gc,heap        ] GC(727) Tenured: 450022K(699072K)->452921K(699072K)
[180.970s][info][gc,metaspace   ] GC(727) Metaspace: 10445K(10688K)->10445K(10688K) NonClass: 9561K(9664K)->9561K(9664K) Class: 884K(1024K)->884K(1024K)
[180.970s][info][gc             ] GC(727) Pause Young (Allocation Failure) 730M->460M(989M) 29.828ms
[180.970s][info][gc,cpu         ] GC(727) User=0.03s Sys=0.00s Real=0.02s
[181.065s][info][gc,start       ] GC(728) Pause Young (Allocation Failure)
[181.095s][info][gc,heap        ] GC(728) DefNew: 298202K(314560K)->18601K(314560K) Eden: 279616K(279616K)->0K(279616K) From: 18586K(34944K)->18601K(34944K)
[181.095s][info][gc,heap        ] GC(728) Tenured: 452921K(699072K)->455885K(699072K)
[181.095s][info][gc,metaspace   ] GC(728) Metaspace: 10445K(10688K)->10445K(10688K) NonClass: 9561K(9664K)->9561K(9664K) Class: 884K(1024K)->884K(1024K)
[181.095s][info][gc             ] GC(728) Pause Young (Allocation Failure) 733M->463M(989M) 29.715ms
[181.095s][info][gc,cpu         ] GC(728) User=0.03s Sys=0.00s Real=0.02s
[181.190s][info][gc,start       ] GC(729) Pause Young (Allocation Failure)
[181.220s][info][gc,heap        ] GC(729) DefNew: 298217K(314560K)->18598K(314560K) Eden: 279616K(279616K)->0K(279616K) From: 18601K(34944K)->18598K(34944K)
[181.221s][info][gc,heap        ] GC(729) Tenured: 455885K(699072K)->459032K(699072K)
[181.221s][info][gc,metaspace   ] GC(729) Metaspace: 10445K(10688K)->10445K(10688K) NonClass: 9561K(9664K)->9561K(9664K) Class: 884K(1024K)->884K(1024K)
[181.221s][info][gc             ] GC(729) Pause Young (Allocation Failure) 736M->466M(989M) 30.213ms
[181.221s][info][gc,cpu         ] GC(729) User=0.03s Sys=0.00s Real=0.02s
[181.317s][info][gc,start       ] GC(730) Pause Young (Allocation Failure)
[181.348s][info][gc,heap        ] GC(730) DefNew: 298214K(314560K)->18836K(314560K) Eden: 279616K(279616K)->0K(279616K) From: 18598K(34944K)->18836K(34944K)
[181.348s][info][gc,heap        ] GC(730) Tenured: 459032K(699072K)->461981K(699072K)
[181.348s][info][gc,metaspace   ] GC(730) Metaspace: 10445K(10688K)->10445K(10688K) NonClass: 9561K(9664K)->9561K(9664K) Class: 884K(1024K)->884K(1024K)
[181.348s][info][gc             ] GC(730) Pause Young (Allocation Failure) 739M->469M(989M) 30.706ms
[181.348s][info][gc,cpu         ] GC(730) User=0.02s Sys=0.00s Real=0.03s
[181.443s][info][gc,start       ] GC(731) Pause Young (Allocation Failure)
[181.473s][info][gc,heap        ] GC(731) DefNew: 298452K(314560K)->18777K(314560K) Eden: 279616K(279616K)->0K(279616K) From: 18836K(34944K)->18777K(34944K)
[181.473s][info][gc,heap        ] GC(731) Tenured: 461981K(699072K)->465061K(699072K)
[181.473s][info][gc,metaspace   ] GC(731) Metaspace: 10445K(10688K)->10445K(10688K) NonClass: 9561K(9664K)->9561K(9664K) Class: 884K(1024K)->884K(1024K)
[181.473s][info][gc             ] GC(731) Pause Young (Allocation Failure) 742M->472M(989M) 30.013ms
[181.473s][info][gc,cpu         ] GC(731) User=0.02s Sys=0.00s Real=0.03s
[181.568s][info][gc,start       ] GC(732) Pause Young (Allocation Failure)
[181.599s][info][gc,heap        ] GC(732) DefNew: 298393K(314560K)->19054K(314560K) Eden: 279616K(279616K)->0K(279616K) From: 18777K(34944K)->19054K(34944K)
[181.599s][info][gc,heap        ] GC(732) Tenured: 465061K(699072K)->468023K(699072K)
[181.599s][info][gc,metaspace   ] GC(732) Metaspace: 10445K(10688K)->10445K(10688K) NonClass: 9561K(9664K)->9561K(9664K) Class: 884K(1024K)->884K(1024K)
[181.599s][info][gc             ] GC(732) Pause Young (Allocation Failure) 745M->475M(989M) 30.848ms
[181.599s][info][gc,cpu         ] GC(732) User=0.03s Sys=0.00s Real=0.03s
[181.695s][info][gc,start       ] GC(733) Pause Young (Allocation Failure)
[181.725s][info][gc,heap        ] GC(733) DefNew: 298670K(314560K)->19085K(314560K) Eden: 279616K(279616K)->0K(279616K) From: 19054K(34944K)->19085K(34944K)
[181.725s][info][gc,heap        ] GC(733) Tenured: 468023K(699072K)->471077K(699072K)
[181.725s][info][gc,metaspace   ] GC(733) Metaspace: 10445K(10688K)->10445K(10688K) NonClass: 9561K(9664K)->9561K(9664K) Class: 884K(1024K)->884K(1024K)
[181.725s][info][gc             ] GC(733) Pause Young (Allocation Failure) 748M->478M(989M) 30.636ms
[181.725s][info][gc,cpu         ] GC(733) User=0.03s Sys=0.00s Real=0.02s
[181.826s][info][gc,start       ] GC(734) Pause Young (Allocation Failure)
[181.857s][info][gc,heap        ] GC(734) DefNew: 298701K(314560K)->18725K(314560K) Eden: 279616K(279616K)->0K(279616K) From: 19085K(34944K)->18725K(34944K)
[181.857s][info][gc,heap        ] GC(734) Tenured: 471077K(699072K)->474269K(699072K)
[181.857s][info][gc,metaspace   ] GC(734) Metaspace: 10445K(10688K)->10445K(10688K) NonClass: 9561K(9664K)->9561K(9664K) Class: 884K(1024K)->884K(1024K)
[181.857s][info][gc             ] GC(734) Pause Young (Allocation Failure) 751M->481M(989M) 30.840ms
[181.857s][info][gc,cpu         ] GC(734) User=0.03s Sys=0.00s Real=0.03s
[181.953s][info][gc,start       ] GC(735) Pause Young (Allocation Failure)
[181.984s][info][gc,heap        ] GC(735) DefNew: 298341K(314560K)->18977K(314560K) Eden: 279616K(279616K)->0K(279616K) From: 18725K(34944K)->18977K(34944K)
[181.984s][info][gc,heap        ] GC(735) Tenured: 474269K(699072K)->477271K(699072K)
[181.984s][info][gc,metaspace   ] GC(735) Metaspace: 10445K(10688K)->10445K(10688K) NonClass: 9561K(9664K)->9561K(9664K) Class: 884K(1024K)->884K(1024K)
[181.984s][info][gc             ] GC(735) Pause Young (Allocation Failure) 754M->484M(989M) 30.552ms
[181.984s][info][gc,cpu         ] GC(735) User=0.03s Sys=0.00s Real=0.03s
[182.080s][info][gc,start       ] GC(736) Pause Young (Allocation Failure)
[182.109s][info][gc,heap        ] GC(736) DefNew: 298593K(314560K)->18649K(314560K) Eden: 279616K(279616K)->0K(279616K) From: 18977K(34944K)->18649K(34944K)
[182.109s][info][gc,heap        ] GC(736) Tenured: 477271K(699072K)->480438K(699072K)
[182.109s][info][gc,metaspace   ] GC(736) Metaspace: 10445K(10688K)->10445K(10688K) NonClass: 9561K(9664K)->9561K(9664K) Class: 884K(1024K)->884K(1024K)
[182.109s][info][gc             ] GC(736) Pause Young (Allocation Failure) 757M->487M(989M) 29.889ms
[182.109s][info][gc,cpu         ] GC(736) User=0.03s Sys=0.00s Real=0.03s
[182.207s][info][gc,start       ] GC(737) Pause Young (Allocation Failure)
[182.237s][info][gc,heap        ] GC(737) DefNew: 298265K(314560K)->18718K(314560K) Eden: 279616K(279616K)->0K(279616K) From: 18649K(34944K)->18718K(34944K)
[182.237s][info][gc,heap        ] GC(737) Tenured: 480438K(699072K)->483503K(699072K)
[182.238s][info][gc,metaspace   ] GC(737) Metaspace: 10445K(10688K)->10445K(10688K) NonClass: 9561K(9664K)->9561K(9664K) Class: 884K(1024K)->884K(1024K)
[182.238s][info][gc             ] GC(737) Pause Young (Allocation Failure) 760M->490M(989M) 30.268ms
[182.238s][info][gc,cpu         ] GC(737) User=0.03s Sys=0.00s Real=0.03s
[182.332s][info][gc,start       ] GC(738) Pause Young (Allocation Failure)
[182.362s][info][gc,heap        ] GC(738) DefNew: 298334K(314560K)->18631K(314560K) Eden: 279616K(279616K)->0K(279616K) From: 18718K(34944K)->18631K(34944K)
[182.362s][info][gc,heap        ] GC(738) Tenured: 483503K(699072K)->486612K(699072K)
[182.362s][info][gc,metaspace   ] GC(738) Metaspace: 10445K(10688K)->10445K(10688K) NonClass: 9561K(9664K)->9561K(9664K) Class: 884K(1024K)->884K(1024K)
[182.362s][info][gc             ] GC(738) Pause Young (Allocation Failure) 763M->493M(989M) 30.236ms
[182.362s][info][gc,cpu         ] GC(738) User=0.03s Sys=0.00s Real=0.03s
[182.458s][info][gc,start       ] GC(739) Pause Young (Allocation Failure)
[182.487s][info][gc,heap        ] GC(739) DefNew: 298247K(314560K)->18460K(314560K) Eden: 279616K(279616K)->0K(279616K) From: 18631K(34944K)->18460K(34944K)
[182.487s][info][gc,heap        ] GC(739) Tenured: 486612K(699072K)->489688K(699072K)
[182.487s][info][gc,metaspace   ] GC(739) Metaspace: 10445K(10688K)->10445K(10688K) NonClass: 9561K(9664K)->9561K(9664K) Class: 884K(1024K)->884K(1024K)
[182.487s][info][gc             ] GC(739) Pause Young (Allocation Failure) 766M->496M(989M) 29.461ms
[182.487s][info][gc,cpu         ] GC(739) User=0.02s Sys=0.00s Real=0.03s
[182.583s][info][gc,start       ] GC(740) Pause Young (Allocation Failure)
[182.612s][info][gc,heap        ] GC(740) DefNew: 298076K(314560K)->18657K(314560K) Eden: 279616K(279616K)->0K(279616K) From: 18460K(34944K)->18657K(34944K)
[182.613s][info][gc,heap        ] GC(740) Tenured: 489688K(699072K)->492602K(699072K)
[182.613s][info][gc,metaspace   ] GC(740) Metaspace: 10445K(10688K)->10445K(10688K) NonClass: 9561K(9664K)->9561K(9664K) Class: 884K(1024K)->884K(1024K)
[182.613s][info][gc             ] GC(740) Pause Young (Allocation Failure) 769M->499M(989M) 29.922ms
[182.613s][info][gc,cpu         ] GC(740) User=0.02s Sys=0.00s Real=0.03s
[182.710s][info][gc,start       ] GC(741) Pause Young (Allocation Failure)
[182.741s][info][gc,heap        ] GC(741) DefNew: 298273K(314560K)->18754K(314560K) Eden: 279616K(279616K)->0K(279616K) From: 18657K(34944K)->18754K(34944K)
[182.741s][info][gc,heap        ] GC(741) Tenured: 492602K(699072K)->495683K(699072K)
[182.741s][info][gc,metaspace   ] GC(741) Metaspace: 10445K(10688K)->10445K(10688K) NonClass: 9561K(9664K)->9561K(9664K) Class: 884K(1024K)->884K(1024K)
[182.741s][info][gc             ] GC(741) Pause Young (Allocation Failure) 772M->502M(989M) 30.788ms
[182.741s][info][gc,cpu         ] GC(741) User=0.03s Sys=0.00s Real=0.03s
[182.843s][info][gc,start       ] GC(742) Pause Young (Allocation Failure)
[182.874s][info][gc,heap        ] GC(742) DefNew: 298370K(314560K)->18832K(314560K) Eden: 279616K(279616K)->0K(279616K) From: 18754K(34944K)->18832K(34944K)
[182.874s][info][gc,heap        ] GC(742) Tenured: 495683K(699072K)->498749K(699072K)
[182.874s][info][gc,metaspace   ] GC(742) Metaspace: 10445K(10688K)->10445K(10688K) NonClass: 9561K(9664K)->9561K(9664K) Class: 884K(1024K)->884K(1024K)
[182.874s][info][gc             ] GC(742) Pause Young (Allocation Failure) 775M->505M(989M) 30.992ms
[182.874s][info][gc,cpu         ] GC(742) User=0.03s Sys=0.00s Real=0.02s
[182.971s][info][gc,start       ] GC(743) Pause Young (Allocation Failure)
[183.001s][info][gc,heap        ] GC(743) DefNew: 298448K(314560K)->18815K(314560K) Eden: 279616K(279616K)->0K(279616K) From: 18832K(34944K)->18815K(34944K)
[183.001s][info][gc,heap        ] GC(743) Tenured: 498749K(699072K)->501753K(699072K)
[183.001s][info][gc,metaspace   ] GC(743) Metaspace: 10445K(10688K)->10445K(10688K) NonClass: 9561K(9664K)->9561K(9664K) Class: 884K(1024K)->884K(1024K)
[183.001s][info][gc             ] GC(743) Pause Young (Allocation Failure) 778M->508M(989M) 30.287ms
[183.001s][info][gc,cpu         ] GC(743) User=0.03s Sys=0.00s Real=0.03s
[183.097s][info][gc,start       ] GC(744) Pause Young (Allocation Failure)
[183.127s][info][gc,heap        ] GC(744) DefNew: 298431K(314560K)->18993K(314560K) Eden: 279616K(279616K)->0K(279616K) From: 18815K(34944K)->18993K(34944K)
[183.127s][info][gc,heap        ] GC(744) Tenured: 501753K(699072K)->504660K(699072K)
[183.127s][info][gc,metaspace   ] GC(744) Metaspace: 10445K(10688K)->10445K(10688K) NonClass: 9561K(9664K)->9561K(9664K) Class: 884K(1024K)->884K(1024K)
[183.127s][info][gc             ] GC(744) Pause Young (Allocation Failure) 781M->511M(989M) 30.057ms
[183.127s][info][gc,cpu         ] GC(744) User=0.03s Sys=0.00s Real=0.02s
[183.222s][info][gc,start       ] GC(745) Pause Young (Allocation Failure)
[183.253s][info][gc,heap        ] GC(745) DefNew: 298609K(314560K)->18897K(314560K) Eden: 279616K(279616K)->0K(279616K) From: 18993K(34944K)->18897K(34944K)
[183.253s][info][gc,heap        ] GC(745) Tenured: 504660K(699072K)->507848K(699072K)
[183.253s][info][gc,metaspace   ] GC(745) Metaspace: 10445K(10688K)->10445K(10688K) NonClass: 9561K(9664K)->9561K(9664K) Class: 884K(1024K)->884K(1024K)
[183.253s][info][gc             ] GC(745) Pause Young (Allocation Failure) 784M->514M(989M) 30.437ms
[183.253s][info][gc,cpu         ] GC(745) User=0.03s Sys=0.00s Real=0.02s
[183.349s][info][gc,start       ] GC(746) Pause Young (Allocation Failure)
[183.379s][info][gc,heap        ] GC(746) DefNew: 298513K(314560K)->18939K(314560K) Eden: 279616K(279616K)->0K(279616K) From: 18897K(34944K)->18939K(34944K)
[183.379s][info][gc,heap        ] GC(746) Tenured: 507848K(699072K)->510942K(699072K)
[183.379s][info][gc,metaspace   ] GC(746) Metaspace: 10445K(10688K)->10445K(10688K) NonClass: 9561K(9664K)->9561K(9664K) Class: 884K(1024K)->884K(1024K)
[183.379s][info][gc             ] GC(746) Pause Young (Allocation Failure) 787M->517M(989M) 30.432ms
[183.379s][info][gc,cpu         ] GC(746) User=0.02s Sys=0.00s Real=0.02s
[183.475s][info][gc,start       ] GC(747) Pause Young (Allocation Failure)
[183.505s][info][gc,heap        ] GC(747) DefNew: 298555K(314560K)->18755K(314560K) Eden: 279616K(279616K)->0K(279616K) From: 18939K(34944K)->18755K(34944K)
[183.505s][info][gc,heap        ] GC(747) Tenured: 510942K(699072K)->514068K(699072K)
[183.505s][info][gc,metaspace   ] GC(747) Metaspace: 10445K(10688K)->10445K(10688K) NonClass: 9561K(9664K)->9561K(9664K) Class: 884K(1024K)->884K(1024K)
[183.505s][info][gc             ] GC(747) Pause Young (Allocation Failure) 790M->520M(989M) 30.101ms
[183.505s][info][gc,cpu         ] GC(747) User=0.02s Sys=0.00s Real=0.02s
[183.603s][info][gc,start       ] GC(748) Pause Young (Allocation Failure)
[183.634s][info][gc,heap        ] GC(748) DefNew: 298371K(314560K)->18986K(314560K) Eden: 279616K(279616K)->0K(279616K) From: 18755K(34944K)->18986K(34944K)
[183.634s][info][gc,heap        ] GC(748) Tenured: 514068K(699072K)->517129K(699072K)
[183.634s][info][gc,metaspace   ] GC(748) Metaspace: 10445K(10688K)->10445K(10688K) NonClass: 9561K(9664K)->9561K(9664K) Class: 884K(1024K)->884K(1024K)
[183.634s][info][gc             ] GC(748) Pause Young (Allocation Failure) 793M->523M(989M) 31.172ms
[183.634s][info][gc,cpu         ] GC(748) User=0.03s Sys=0.00s Real=0.03s
[183.731s][info][gc,start       ] GC(749) Pause Young (Allocation Failure)
[183.761s][info][gc,heap        ] GC(749) DefNew: 298602K(314560K)->18728K(314560K) Eden: 279616K(279616K)->0K(279616K) From: 18986K(34944K)->18728K(34944K)
[183.761s][info][gc,heap        ] GC(749) Tenured: 517129K(699072K)->520275K(699072K)
[183.761s][info][gc,metaspace   ] GC(749) Metaspace: 10445K(10688K)->10445K(10688K) NonClass: 9561K(9664K)->9561K(9664K) Class: 884K(1024K)->884K(1024K)
[183.761s][info][gc             ] GC(749) Pause Young (Allocation Failure) 796M->526M(989M) 29.933ms
[183.761s][info][gc,cpu         ] GC(749) User=0.03s Sys=0.00s Real=0.01s
[183.864s][info][gc,start       ] GC(750) Pause Young (Allocation Failure)
[183.894s][info][gc,heap        ] GC(750) DefNew: 298344K(314560K)->18943K(314560K) Eden: 279616K(279616K)->0K(279616K) From: 18728K(34944K)->18943K(34944K)
[183.894s][info][gc,heap        ] GC(750) Tenured: 520275K(699072K)->523272K(699072K)
[183.894s][info][gc,metaspace   ] GC(750) Metaspace: 10445K(10688K)->10445K(10688K) NonClass: 9561K(9664K)->9561K(9664K) Class: 884K(1024K)->884K(1024K)
[183.894s][info][gc             ] GC(750) Pause Young (Allocation Failure) 799M->529M(989M) 30.288ms
[183.894s][info][gc,cpu         ] GC(750) User=0.02s Sys=0.00s Real=0.03s
[183.989s][info][gc,start       ] GC(751) Pause Young (Allocation Failure)
[184.019s][info][gc,heap        ] GC(751) DefNew: 298559K(314560K)->18849K(314560K) Eden: 279616K(279616K)->0K(279616K) From: 18943K(34944K)->18849K(34944K)
[184.019s][info][gc,heap        ] GC(751) Tenured: 523272K(699072K)->526300K(699072K)
[184.019s][info][gc,metaspace   ] GC(751) Metaspace: 10445K(10688K)->10445K(10688K) NonClass: 9561K(9664K)->9561K(9664K) Class: 884K(1024K)->884K(1024K)
[184.019s][info][gc             ] GC(751) Pause Young (Allocation Failure) 802M->532M(989M) 29.990ms
[184.019s][info][gc,cpu         ] GC(751) User=0.02s Sys=0.00s Real=0.03s
[184.114s][info][gc,start       ] GC(752) Pause Young (Allocation Failure)
[184.146s][info][gc,heap        ] GC(752) DefNew: 298465K(314560K)->18757K(314560K) Eden: 279616K(279616K)->0K(279616K) From: 18849K(34944K)->18757K(34944K)
[184.146s][info][gc,heap        ] GC(752) Tenured: 526300K(699072K)->529535K(699072K)
[184.146s][info][gc,metaspace   ] GC(752) Metaspace: 10445K(10688K)->10445K(10688K) NonClass: 9561K(9664K)->9561K(9664K) Class: 884K(1024K)->884K(1024K)
[184.146s][info][gc             ] GC(752) Pause Young (Allocation Failure) 805M->535M(989M) 31.326ms
[184.146s][info][gc,cpu         ] GC(752) User=0.02s Sys=0.00s Real=0.03s
[184.243s][info][gc,start       ] GC(753) Pause Young (Allocation Failure)
[184.273s][info][gc,heap        ] GC(753) DefNew: 298373K(314560K)->18851K(314560K) Eden: 279616K(279616K)->0K(279616K) From: 18757K(34944K)->18851K(34944K)
[184.273s][info][gc,heap        ] GC(753) Tenured: 529535K(699072K)->532541K(699072K)
[184.273s][info][gc,metaspace   ] GC(753) Metaspace: 10445K(10688K)->10445K(10688K) NonClass: 9561K(9664K)->9561K(9664K) Class: 884K(1024K)->884K(1024K)
[184.274s][info][gc             ] GC(753) Pause Young (Allocation Failure) 808M->538M(989M) 30.334ms
[184.274s][info][gc,cpu         ] GC(753) User=0.03s Sys=0.00s Real=0.02s
[184.367s][info][gc,start       ] GC(754) Pause Young (Allocation Failure)
[184.397s][info][gc,heap        ] GC(754) DefNew: 298467K(314560K)->18693K(314560K) Eden: 279616K(279616K)->0K(279616K) From: 18851K(34944K)->18693K(34944K)
[184.397s][info][gc,heap        ] GC(754) Tenured: 532541K(699072K)->535607K(699072K)
[184.397s][info][gc,metaspace   ] GC(754) Metaspace: 10445K(10688K)->10445K(10688K) NonClass: 9561K(9664K)->9561K(9664K) Class: 884K(1024K)->884K(1024K)
[184.397s][info][gc             ] GC(754) Pause Young (Allocation Failure) 811M->541M(989M) 29.551ms
[184.397s][info][gc,cpu         ] GC(754) User=0.02s Sys=0.02s Real=0.03s
[184.491s][info][gc,start       ] GC(755) Pause Young (Allocation Failure)
[184.520s][info][gc,heap        ] GC(755) DefNew: 298309K(314560K)->18727K(314560K) Eden: 279616K(279616K)->0K(279616K) From: 18693K(34944K)->18727K(34944K)
[184.521s][info][gc,heap        ] GC(755) Tenured: 535607K(699072K)->538612K(699072K)
[184.521s][info][gc,metaspace   ] GC(755) Metaspace: 10445K(10688K)->10445K(10688K) NonClass: 9561K(9664K)->9561K(9664K) Class: 884K(1024K)->884K(1024K)
[184.521s][info][gc             ] GC(755) Pause Young (Allocation Failure) 814M->544M(989M) 29.806ms
[184.521s][info][gc,cpu         ] GC(755) User=0.03s Sys=0.00s Real=0.02s
[184.616s][info][gc,start       ] GC(756) Pause Young (Allocation Failure)
[184.646s][info][gc,heap        ] GC(756) DefNew: 298343K(314560K)->18336K(314560K) Eden: 279616K(279616K)->0K(279616K) From: 18727K(34944K)->18336K(34944K)
[184.646s][info][gc,heap        ] GC(756) Tenured: 538612K(699072K)->541766K(699072K)
[184.646s][info][gc,metaspace   ] GC(756) Metaspace: 10445K(10688K)->10445K(10688K) NonClass: 9561K(9664K)->9561K(9664K) Class: 884K(1024K)->884K(1024K)
[184.646s][info][gc             ] GC(756) Pause Young (Allocation Failure) 817M->546M(989M) 29.341ms
[184.646s][info][gc,cpu         ] GC(756) User=0.03s Sys=0.00s Real=0.02s
[184.742s][info][gc,start       ] GC(757) Pause Young (Allocation Failure)
[184.772s][info][gc,heap        ] GC(757) DefNew: 297952K(314560K)->18471K(314560K) Eden: 279616K(279616K)->0K(279616K) From: 18336K(34944K)->18471K(34944K)
[184.772s][info][gc,heap        ] GC(757) Tenured: 541766K(699072K)->544844K(699072K)
[184.772s][info][gc,metaspace   ] GC(757) Metaspace: 10445K(10688K)->10445K(10688K) NonClass: 9561K(9664K)->9561K(9664K) Class: 884K(1024K)->884K(1024K)
[184.772s][info][gc             ] GC(757) Pause Young (Allocation Failure) 820M->550M(989M) 30.180ms
[184.772s][info][gc,cpu         ] GC(757) User=0.03s Sys=0.00s Real=0.02s
[184.873s][info][gc,start       ] GC(758) Pause Young (Allocation Failure)
[184.903s][info][gc,heap        ] GC(758) DefNew: 298087K(314560K)->18509K(314560K) Eden: 279616K(279616K)->0K(279616K) From: 18471K(34944K)->18509K(34944K)
[184.903s][info][gc,heap        ] GC(758) Tenured: 544844K(699072K)->547840K(699072K)
[184.903s][info][gc,metaspace   ] GC(758) Metaspace: 10445K(10688K)->10445K(10688K) NonClass: 9561K(9664K)->9561K(9664K) Class: 884K(1024K)->884K(1024K)
[184.903s][info][gc             ] GC(758) Pause Young (Allocation Failure) 823M->553M(989M) 29.720ms
[184.903s][info][gc,cpu         ] GC(758) User=0.03s Sys=0.00s Real=0.02s
[185.001s][info][gc,start       ] GC(759) Pause Young (Allocation Failure)
[185.031s][info][gc,heap        ] GC(759) DefNew: 298125K(314560K)->18646K(314560K) Eden: 279616K(279616K)->0K(279616K) From: 18509K(34944K)->18646K(34944K)
[185.031s][info][gc,heap        ] GC(759) Tenured: 547840K(699072K)->550845K(699072K)
[185.031s][info][gc,metaspace   ] GC(759) Metaspace: 10445K(10688K)->10445K(10688K) NonClass: 9561K(9664K)->9561K(9664K) Class: 884K(1024K)->884K(1024K)
[185.031s][info][gc             ] GC(759) Pause Young (Allocation Failure) 826M->556M(989M) 30.407ms
[185.031s][info][gc,cpu         ] GC(759) User=0.03s Sys=0.00s Real=0.03s
[185.126s][info][gc,start       ] GC(760) Pause Young (Allocation Failure)
[185.156s][info][gc,heap        ] GC(760) DefNew: 298262K(314560K)->18717K(314560K) Eden: 279616K(279616K)->0K(279616K) From: 18646K(34944K)->18717K(34944K)
[185.156s][info][gc,heap        ] GC(760) Tenured: 550845K(699072K)->553780K(699072K)
[185.156s][info][gc,metaspace   ] GC(760) Metaspace: 10445K(10688K)->10445K(10688K) NonClass: 9561K(9664K)->9561K(9664K) Class: 884K(1024K)->884K(1024K)
[185.156s][info][gc             ] GC(760) Pause Young (Allocation Failure) 829M->559M(989M) 29.905ms
[185.156s][info][gc,cpu         ] GC(760) User=0.03s Sys=0.00s Real=0.03s
[185.253s][info][gc,start       ] GC(761) Pause Young (Allocation Failure)
[185.283s][info][gc,heap        ] GC(761) DefNew: 298333K(314560K)->18945K(314560K) Eden: 279616K(279616K)->0K(279616K) From: 18717K(34944K)->18945K(34944K)
[185.283s][info][gc,heap        ] GC(761) Tenured: 553780K(699072K)->556856K(699072K)
[185.283s][info][gc,metaspace   ] GC(761) Metaspace: 10445K(10688K)->10445K(10688K) NonClass: 9561K(9664K)->9561K(9664K) Class: 884K(1024K)->884K(1024K)
[185.283s][info][gc             ] GC(761) Pause Young (Allocation Failure) 832M->562M(989M) 30.183ms
[185.283s][info][gc,cpu         ] GC(761) User=0.03s Sys=0.00s Real=0.03s
[185.381s][info][gc,start       ] GC(762) Pause Young (Allocation Failure)
[185.412s][info][gc,heap        ] GC(762) DefNew: 298561K(314560K)->19272K(314560K) Eden: 279616K(279616K)->0K(279616K) From: 18945K(34944K)->19272K(34944K)
[185.412s][info][gc,heap        ] GC(762) Tenured: 556856K(699072K)->559807K(699072K)
[185.412s][info][gc,metaspace   ] GC(762) Metaspace: 10445K(10688K)->10445K(10688K) NonClass: 9561K(9664K)->9561K(9664K) Class: 884K(1024K)->884K(1024K)
[185.412s][info][gc             ] GC(762) Pause Young (Allocation Failure) 835M->565M(989M) 30.654ms
[185.412s][info][gc,cpu         ] GC(762) User=0.02s Sys=0.00s Real=0.02s
[185.509s][info][gc,start       ] GC(763) Pause Young (Allocation Failure)
[185.540s][info][gc,heap        ] GC(763) DefNew: 298888K(314560K)->19351K(314560K) Eden: 279616K(279616K)->0K(279616K) From: 19272K(34944K)->19351K(34944K)
[185.540s][info][gc,heap        ] GC(763) Tenured: 559807K(699072K)->562893K(699072K)
[185.540s][info][gc,metaspace   ] GC(763) Metaspace: 10445K(10688K)->10445K(10688K) NonClass: 9561K(9664K)->9561K(9664K) Class: 884K(1024K)->884K(1024K)
[185.540s][info][gc             ] GC(763) Pause Young (Allocation Failure) 838M->568M(989M) 31.459ms
[185.540s][info][gc,cpu         ] GC(763) User=0.03s Sys=0.00s Real=0.03s
[185.636s][info][gc,start       ] GC(764) Pause Young (Allocation Failure)
[185.667s][info][gc,heap        ] GC(764) DefNew: 298967K(314560K)->19297K(314560K) Eden: 279616K(279616K)->0K(279616K) From: 19351K(34944K)->19297K(34944K)
[185.667s][info][gc,heap        ] GC(764) Tenured: 562893K(699072K)->565998K(699072K)
[185.667s][info][gc,metaspace   ] GC(764) Metaspace: 10445K(10688K)->10445K(10688K) NonClass: 9561K(9664K)->9561K(9664K) Class: 884K(1024K)->884K(1024K)
[185.667s][info][gc             ] GC(764) Pause Young (Allocation Failure) 841M->571M(989M) 31.024ms
[185.667s][info][gc,cpu         ] GC(764) User=0.03s Sys=0.00s Real=0.03s
[185.765s][info][gc,start       ] GC(765) Pause Young (Allocation Failure)
[185.796s][info][gc,heap        ] GC(765) DefNew: 298913K(314560K)->19520K(314560K) Eden: 279616K(279616K)->0K(279616K) From: 19297K(34944K)->19520K(34944K)
[185.796s][info][gc,heap        ] GC(765) Tenured: 565998K(699072K)->569137K(699072K)
[185.796s][info][gc,metaspace   ] GC(765) Metaspace: 10445K(10688K)->10445K(10688K) NonClass: 9561K(9664K)->9561K(9664K) Class: 884K(1024K)->884K(1024K)
[185.796s][info][gc             ] GC(765) Pause Young (Allocation Failure) 844M->574M(989M) 31.247ms
[185.796s][info][gc,cpu         ] GC(765) User=0.03s Sys=0.00s Real=0.02s
[185.898s][info][gc,start       ] GC(766) Pause Young (Allocation Failure)
[185.929s][info][gc,heap        ] GC(766) DefNew: 299136K(314560K)->19327K(314560K) Eden: 279616K(279616K)->0K(279616K) From: 19520K(34944K)->19327K(34944K)
[185.929s][info][gc,heap        ] GC(766) Tenured: 569137K(699072K)->572203K(699072K)
[185.929s][info][gc,metaspace   ] GC(766) Metaspace: 10445K(10688K)->10445K(10688K) NonClass: 9561K(9664K)->9561K(9664K) Class: 884K(1024K)->884K(1024K)
[185.929s][info][gc             ] GC(766) Pause Young (Allocation Failure) 847M->577M(989M) 30.550ms
[185.929s][info][gc,cpu         ] GC(766) User=0.03s Sys=0.00s Real=0.03s
[186.028s][info][gc,start       ] GC(767) Pause Young (Allocation Failure)
[186.059s][info][gc,heap        ] GC(767) DefNew: 298943K(314560K)->19356K(314560K) Eden: 279616K(279616K)->0K(279616K) From: 19327K(34944K)->19356K(34944K)
[186.059s][info][gc,heap        ] GC(767) Tenured: 572203K(699072K)->575482K(699072K)
[186.059s][info][gc,metaspace   ] GC(767) Metaspace: 10445K(10688K)->10445K(10688K) NonClass: 9561K(9664K)->9561K(9664K) Class: 884K(1024K)->884K(1024K)
[186.059s][info][gc             ] GC(767) Pause Young (Allocation Failure) 850M->580M(989M) 31.043ms
[186.059s][info][gc,cpu         ] GC(767) User=0.03s Sys=0.00s Real=0.02s
[186.159s][info][gc,start       ] GC(768) Pause Young (Allocation Failure)
[186.190s][info][gc,heap        ] GC(768) DefNew: 298972K(314560K)->19428K(314560K) Eden: 279616K(279616K)->0K(279616K) From: 19356K(34944K)->19428K(34944K)
[186.190s][info][gc,heap        ] GC(768) Tenured: 575482K(699072K)->578671K(699072K)
[186.190s][info][gc,metaspace   ] GC(768) Metaspace: 10445K(10688K)->10445K(10688K) NonClass: 9561K(9664K)->9561K(9664K) Class: 884K(1024K)->884K(1024K)
[186.190s][info][gc             ] GC(768) Pause Young (Allocation Failure) 853M->584M(989M) 31.181ms
[186.190s][info][gc,cpu         ] GC(768) User=0.03s Sys=0.00s Real=0.03s
[186.288s][info][gc,start       ] GC(769) Pause Young (Allocation Failure)
[186.320s][info][gc,heap        ] GC(769) DefNew: 299044K(314560K)->19202K(314560K) Eden: 279616K(279616K)->0K(279616K) From: 19428K(34944K)->19202K(34944K)
[186.320s][info][gc,heap        ] GC(769) Tenured: 578671K(699072K)->581886K(699072K)
[186.320s][info][gc,metaspace   ] GC(769) Metaspace: 10445K(10688K)->10445K(10688K) NonClass: 9561K(9664K)->9561K(9664K) Class: 884K(1024K)->884K(1024K)
[186.320s][info][gc             ] GC(769) Pause Young (Allocation Failure) 857M->587M(989M) 31.366ms
[186.320s][info][gc,cpu         ] GC(769) User=0.03s Sys=0.00s Real=0.03s
[186.415s][info][gc,start       ] GC(770) Pause Young (Allocation Failure)
[186.446s][info][gc,heap        ] GC(770) DefNew: 298818K(314560K)->19398K(314560K) Eden: 279616K(279616K)->0K(279616K) From: 19202K(34944K)->19398K(34944K)
[186.446s][info][gc,heap        ] GC(770) Tenured: 581886K(699072K)->584928K(699072K)
[186.446s][info][gc,metaspace   ] GC(770) Metaspace: 10445K(10688K)->10445K(10688K) NonClass: 9561K(9664K)->9561K(9664K) Class: 884K(1024K)->884K(1024K)
[186.446s][info][gc             ] GC(770) Pause Young (Allocation Failure) 860M->590M(989M) 30.846ms
[186.446s][info][gc,cpu         ] GC(770) User=0.03s Sys=0.00s Real=0.03s
[186.544s][info][gc,start       ] GC(771) Pause Young (Allocation Failure)
[186.575s][info][gc,heap        ] GC(771) DefNew: 299014K(314560K)->19288K(314560K) Eden: 279616K(279616K)->0K(279616K) From: 19398K(34944K)->19288K(34944K)
[186.575s][info][gc,heap        ] GC(771) Tenured: 584928K(699072K)->588134K(699072K)
[186.575s][info][gc,metaspace   ] GC(771) Metaspace: 10445K(10688K)->10445K(10688K) NonClass: 9561K(9664K)->9561K(9664K) Class: 884K(1024K)->884K(1024K)
[186.575s][info][gc             ] GC(771) Pause Young (Allocation Failure) 863M->593M(989M) 30.849ms
[186.575s][info][gc,cpu         ] GC(771) User=0.03s Sys=0.00s Real=0.03s
[186.674s][info][gc,start       ] GC(772) Pause Young (Allocation Failure)
[186.704s][info][gc,heap        ] GC(772) DefNew: 298904K(314560K)->19436K(314560K) Eden: 279616K(279616K)->0K(279616K) From: 19288K(34944K)->19436K(34944K)
[186.705s][info][gc,heap        ] GC(772) Tenured: 588134K(699072K)->591248K(699072K)
[186.705s][info][gc,metaspace   ] GC(772) Metaspace: 10445K(10688K)->10445K(10688K) NonClass: 9561K(9664K)->9561K(9664K) Class: 884K(1024K)->884K(1024K)
[186.705s][info][gc             ] GC(772) Pause Young (Allocation Failure) 866M->596M(989M) 31.032ms
[186.705s][info][gc,cpu         ] GC(772) User=0.03s Sys=0.00s Real=0.02s
[186.801s][info][gc,start       ] GC(773) Pause Young (Allocation Failure)
[186.832s][info][gc,heap        ] GC(773) DefNew: 299052K(314560K)->19198K(314560K) Eden: 279616K(279616K)->0K(279616K) From: 19436K(34944K)->19198K(34944K)
[186.832s][info][gc,heap        ] GC(773) Tenured: 591248K(699072K)->594477K(699072K)
[186.832s][info][gc,metaspace   ] GC(773) Metaspace: 10445K(10688K)->10445K(10688K) NonClass: 9561K(9664K)->9561K(9664K) Class: 884K(1024K)->884K(1024K)
[186.832s][info][gc             ] GC(773) Pause Young (Allocation Failure) 869M->599M(989M) 31.243ms
[186.832s][info][gc,cpu         ] GC(773) User=0.03s Sys=0.00s Real=0.03s
[186.931s][info][gc,start       ] GC(774) Pause Young (Allocation Failure)
[186.962s][info][gc,heap        ] GC(774) DefNew: 298814K(314560K)->19231K(314560K) Eden: 279616K(279616K)->0K(279616K) From: 19198K(34944K)->19231K(34944K)
[186.962s][info][gc,heap        ] GC(774) Tenured: 594477K(699072K)->597640K(699072K)
[186.962s][info][gc,metaspace   ] GC(774) Metaspace: 10445K(10688K)->10445K(10688K) NonClass: 9561K(9664K)->9561K(9664K) Class: 884K(1024K)->884K(1024K)
[186.962s][info][gc             ] GC(774) Pause Young (Allocation Failure) 872M->602M(989M) 31.092ms
[186.962s][info][gc,cpu         ] GC(774) User=0.03s Sys=0.00s Real=0.03s
[187.059s][info][gc,start       ] GC(775) Pause Young (Allocation Failure)
[187.089s][info][gc,heap        ] GC(775) DefNew: 298847K(314560K)->19007K(314560K) Eden: 279616K(279616K)->0K(279616K) From: 19231K(34944K)->19007K(34944K)
[187.089s][info][gc,heap        ] GC(775) Tenured: 597640K(699072K)->600803K(699072K)
[187.089s][info][gc,metaspace   ] GC(775) Metaspace: 10445K(10688K)->10445K(10688K) NonClass: 9561K(9664K)->9561K(9664K) Class: 884K(1024K)->884K(1024K)
[187.089s][info][gc             ] GC(775) Pause Young (Allocation Failure) 875M->605M(989M) 29.977ms
[187.089s][info][gc,cpu         ] GC(775) User=0.03s Sys=0.00s Real=0.02s
[187.185s][info][gc,start       ] GC(776) Pause Young (Allocation Failure)
[187.216s][info][gc,heap        ] GC(776) DefNew: 298623K(314560K)->19143K(314560K) Eden: 279616K(279616K)->0K(279616K) From: 19007K(34944K)->19143K(34944K)
[187.216s][info][gc,heap        ] GC(776) Tenured: 600803K(699072K)->603996K(699072K)
[187.216s][info][gc,metaspace   ] GC(776) Metaspace: 10445K(10688K)->10445K(10688K) NonClass: 9561K(9664K)->9561K(9664K) Class: 884K(1024K)->884K(1024K)
[187.216s][info][gc             ] GC(776) Pause Young (Allocation Failure) 878M->608M(989M) 30.960ms
[187.216s][info][gc,cpu         ] GC(776) User=0.03s Sys=0.00s Real=0.03s
[187.312s][info][gc,start       ] GC(777) Pause Young (Allocation Failure)
[187.343s][info][gc,heap        ] GC(777) DefNew: 298759K(314560K)->19020K(314560K) Eden: 279616K(279616K)->0K(279616K) From: 19143K(34944K)->19020K(34944K)
[187.343s][info][gc,heap        ] GC(777) Tenured: 603996K(699072K)->607075K(699072K)
[187.343s][info][gc,metaspace   ] GC(777) Metaspace: 10445K(10688K)->10445K(10688K) NonClass: 9561K(9664K)->9561K(9664K) Class: 884K(1024K)->884K(1024K)
[187.343s][info][gc             ] GC(777) Pause Young (Allocation Failure) 881M->611M(989M) 30.346ms
[187.343s][info][gc,cpu         ] GC(777) User=0.03s Sys=0.00s Real=0.02s
[187.439s][info][gc,start       ] GC(778) Pause Young (Allocation Failure)
[187.470s][info][gc,heap        ] GC(778) DefNew: 298636K(314560K)->19262K(314560K) Eden: 279616K(279616K)->0K(279616K) From: 19020K(34944K)->19262K(34944K)
[187.470s][info][gc,heap        ] GC(778) Tenured: 607075K(699072K)->610184K(699072K)
[187.470s][info][gc,metaspace   ] GC(778) Metaspace: 10445K(10688K)->10445K(10688K) NonClass: 9561K(9664K)->9561K(9664K) Class: 884K(1024K)->884K(1024K)
[187.470s][info][gc             ] GC(778) Pause Young (Allocation Failure) 884M->614M(989M) 30.814ms
[187.470s][info][gc,cpu         ] GC(778) User=0.03s Sys=0.00s Real=0.03s
[187.568s][info][gc,start       ] GC(779) Pause Young (Allocation Failure)
[187.598s][info][gc,heap        ] GC(779) DefNew: 298878K(314560K)->19204K(314560K) Eden: 279616K(279616K)->0K(279616K) From: 19262K(34944K)->19204K(34944K)
[187.598s][info][gc,heap        ] GC(779) Tenured: 610184K(699072K)->613283K(699072K)
[187.598s][info][gc,metaspace   ] GC(779) Metaspace: 10445K(10688K)->10445K(10688K) NonClass: 9561K(9664K)->9561K(9664K) Class: 884K(1024K)->884K(1024K)
[187.598s][info][gc             ] GC(779) Pause Young (Allocation Failure) 887M->617M(989M) 30.647ms
[187.599s][info][gc,cpu         ] GC(779) User=0.02s Sys=0.00s Real=0.03s
[187.697s][info][gc,start       ] GC(780) Pause Young (Allocation Failure)
[187.729s][info][gc,heap        ] GC(780) DefNew: 298820K(314560K)->19435K(314560K) Eden: 279616K(279616K)->0K(279616K) From: 19204K(34944K)->19435K(34944K)
[187.729s][info][gc,heap        ] GC(780) Tenured: 613283K(699072K)->616390K(699072K)
[187.729s][info][gc,metaspace   ] GC(780) Metaspace: 10445K(10688K)->10445K(10688K) NonClass: 9561K(9664K)->9561K(9664K) Class: 884K(1024K)->884K(1024K)
[187.730s][info][gc             ] GC(780) Pause Young (Allocation Failure) 890M->620M(989M) 32.460ms
[187.730s][info][gc,cpu         ] GC(780) User=0.03s Sys=0.00s Real=0.02s
[187.935s][info][gc,start       ] GC(781) Pause Young (Allocation Failure)
[187.976s][info][gc,heap        ] GC(781) DefNew: 299051K(314560K)->25769K(314560K) Eden: 279616K(279616K)->0K(279616K) From: 19435K(34944K)->25769K(34944K)
[187.976s][info][gc,heap        ] GC(781) Tenured: 616390K(699072K)->619538K(699072K)
[187.976s][info][gc,metaspace   ] GC(781) Metaspace: 10446K(10688K)->10446K(10688K) NonClass: 9562K(9664K)->9562K(9664K) Class: 884K(1024K)->884K(1024K)
[187.976s][info][gc             ] GC(781) Pause Young (Allocation Failure) 893M->630M(989M) 40.847ms
[187.976s][info][gc,cpu         ] GC(781) User=0.05s Sys=0.00s Real=0.05s
[188.393s][info][gc,start       ] GC(782) Pause Young (Allocation Failure)
[188.500s][info][gc,heap        ] GC(782) DefNew: 305385K(314560K)->34944K(314560K) Eden: 279616K(279616K)->0K(279616K) From: 25769K(34944K)->34944K(34944K)
[188.500s][info][gc,heap        ] GC(782) Tenured: 619538K(699072K)->643285K(699072K)
[188.500s][info][gc,metaspace   ] GC(782) Metaspace: 10446K(10688K)->10446K(10688K) NonClass: 9562K(9664K)->9562K(9664K) Class: 884K(1024K)->884K(1024K)
[188.500s][info][gc             ] GC(782) Pause Young (Allocation Failure) 903M->662M(989M) 106.374ms
[188.500s][info][gc,cpu         ] GC(782) User=0.11s Sys=0.00s Real=0.10s
[189.128s][info][gc,start       ] GC(783) Pause Young (Allocation Failure)
[189.250s][info][gc,heap        ] GC(783) DefNew: 314560K(314560K)->34943K(314560K) Eden: 279616K(279616K)->0K(279616K) From: 34944K(34944K)->34943K(34944K)
[189.250s][info][gc,heap        ] GC(783) Tenured: 643285K(699072K)->681090K(699072K)
[189.250s][info][gc,metaspace   ] GC(783) Metaspace: 10446K(10688K)->10446K(10688K) NonClass: 9562K(9664K)->9562K(9664K) Class: 884K(1024K)->884K(1024K)
[189.250s][info][gc             ] GC(783) Pause Young (Allocation Failure) 935M->699M(989M) 122.039ms
[189.250s][info][gc,cpu         ] GC(783) User=0.12s Sys=0.00s Real=0.11s
[189.601s][info][gc,start       ] GC(784) Pause Young (Allocation Failure)
[189.601s][info][gc             ] GC(784) Pause Young (Allocation Failure) 972M->972M(989M) 0.142ms
[189.601s][info][gc,cpu         ] GC(784) User=0.00s Sys=0.00s Real=0.00s
[189.601s][info][gc,start       ] GC(785) Pause Full (Allocation Failure)
[189.601s][info][gc,phases,start] GC(785) Phase 1: Mark live objects
[190.088s][info][gc,phases      ] GC(785) Phase 1: Mark live objects 486.769ms
[190.088s][info][gc,phases,start] GC(785) Phase 2: Compute new object addresses
[190.265s][info][gc,phases      ] GC(785) Phase 2: Compute new object addresses 177.437ms
[190.265s][info][gc,phases,start] GC(785) Phase 3: Adjust pointers
[190.559s][info][gc,phases      ] GC(785) Phase 3: Adjust pointers 294.237ms
[190.559s][info][gc,phases,start] GC(785) Phase 4: Move objects
[190.655s][info][gc,phases      ] GC(785) Phase 4: Move objects 95.948ms
[190.656s][info][gc,heap        ] GC(785) DefNew: 314559K(314560K)->0K(314560K) Eden: 279616K(279616K)->0K(279616K) From: 34943K(34944K)->0K(34944K)
[190.656s][info][gc,heap        ] GC(785) Tenured: 681090K(699072K)->685482K(699072K)
[190.656s][info][gc,metaspace   ] GC(785) Metaspace: 10446K(10688K)->10446K(10688K) NonClass: 9562K(9664K)->9562K(9664K) Class: 884K(1024K)->884K(1024K)
[190.656s][info][gc             ] GC(785) Pause Full (Allocation Failure) 972M->669M(989M) 1054.906ms
[190.656s][info][gc,cpu         ] GC(785) User=1.05s Sys=0.00s Real=1.05s
[191.014s][info][gc,start       ] GC(786) Pause Young (Allocation Failure)
[191.014s][info][gc             ] GC(786) Pause Young (Allocation Failure) 942M->942M(989M) 0.120ms
[191.014s][info][gc,cpu         ] GC(786) User=0.00s Sys=0.00s Real=0.00s
[191.014s][info][gc,start       ] GC(787) Pause Full (Allocation Failure)
[191.014s][info][gc,phases,start] GC(787) Phase 1: Mark live objects
[191.536s][info][gc,phases      ] GC(787) Phase 1: Mark live objects 521.356ms
[191.536s][info][gc,phases,start] GC(787) Phase 2: Compute new object addresses
[191.709s][info][gc,phases      ] GC(787) Phase 2: Compute new object addresses 173.539ms
[191.709s][info][gc,phases,start] GC(787) Phase 3: Adjust pointers
[192.007s][info][gc,phases      ] GC(787) Phase 3: Adjust pointers 297.857ms
[192.007s][info][gc,phases,start] GC(787) Phase 4: Move objects
[192.060s][info][gc,phases      ] GC(787) Phase 4: Move objects 52.640ms
[192.060s][info][gc,heap        ] GC(787) DefNew: 279616K(314560K)->19286K(314560K) Eden: 279616K(279616K)->19286K(279616K) From: 0K(34944K)->0K(34944K)
[192.060s][info][gc,heap        ] GC(787) Tenured: 685482K(699072K)->699071K(699072K)
[192.060s][info][gc,metaspace   ] GC(787) Metaspace: 10446K(10688K)->10446K(10688K) NonClass: 9562K(9664K)->9562K(9664K) Class: 884K(1024K)->884K(1024K)
[192.060s][info][gc             ] GC(787) Pause Full (Allocation Failure) 942M->701M(989M) 1045.829ms
[192.060s][info][gc,cpu         ] GC(787) User=1.03s Sys=0.02s Real=1.03s
[192.507s][info][gc,start       ] GC(788) Pause Full (Allocation Failure)
[192.507s][info][gc,phases,start] GC(788) Phase 1: Mark live objects
[193.049s][info][gc,phases      ] GC(788) Phase 1: Mark live objects 542.449ms
[193.049s][info][gc,phases,start] GC(788) Phase 2: Compute new object addresses
[193.229s][info][gc,phases      ] GC(788) Phase 2: Compute new object addresses 179.824ms
[193.229s][info][gc,phases,start] GC(788) Phase 3: Adjust pointers
[193.532s][info][gc,phases      ] GC(788) Phase 3: Adjust pointers 303.030ms
[193.532s][info][gc,phases,start] GC(788) Phase 4: Move objects
[193.594s][info][gc,phases      ] GC(788) Phase 4: Move objects 61.521ms
[193.594s][info][gc,heap        ] GC(788) DefNew: 314560K(314560K)->37067K(314560K) Eden: 279616K(279616K)->37067K(279616K) From: 34944K(34944K)->0K(34944K)
[193.594s][info][gc,heap        ] GC(788) Tenured: 699071K(699072K)->699071K(699072K)
[193.594s][info][gc,metaspace   ] GC(788) Metaspace: 10446K(10688K)->10446K(10688K) NonClass: 9562K(9664K)->9562K(9664K) Class: 884K(1024K)->884K(1024K)
[193.594s][info][gc             ] GC(788) Pause Full (Allocation Failure) 989M->718M(989M) 1087.368ms
[193.594s][info][gc,cpu         ] GC(788) User=1.08s Sys=0.00s Real=1.10s
[194.147s][info][gc,start       ] GC(789) Pause Full (Allocation Failure)
[194.147s][info][gc,phases,start] GC(789) Phase 1: Mark live objects
[194.672s][info][gc,phases      ] GC(789) Phase 1: Mark live objects 524.724ms
[194.672s][info][gc,phases,start] GC(789) Phase 2: Compute new object addresses
[194.856s][info][gc,phases      ] GC(789) Phase 2: Compute new object addresses 183.594ms
[194.856s][info][gc,phases,start] GC(789) Phase 3: Adjust pointers
[195.144s][info][gc,phases      ] GC(789) Phase 3: Adjust pointers 288.568ms
[195.144s][info][gc,phases,start] GC(789) Phase 4: Move objects
[195.287s][info][gc,phases      ] GC(789) Phase 4: Move objects 142.425ms
[195.287s][info][gc,heap        ] GC(789) DefNew: 314559K(314560K)->0K(314560K) Eden: 279616K(279616K)->0K(279616K) From: 34943K(34944K)->0K(34944K)
[195.287s][info][gc,heap        ] GC(789) Tenured: 699071K(699072K)->672434K(699072K)
[195.287s][info][gc,metaspace   ] GC(789) Metaspace: 10446K(10688K)->10446K(10688K) NonClass: 9562K(9664K)->9562K(9664K) Class: 884K(1024K)->884K(1024K)
[195.287s][info][gc             ] GC(789) Pause Full (Allocation Failure) 989M->656M(989M) 1139.834ms
[195.287s][info][gc,cpu         ] GC(789) User=1.14s Sys=0.00s Real=1.15s
[195.669s][info][gc,start       ] GC(790) Pause Young (Allocation Failure)
[195.678s][info][gc,heap        ] GC(790) DefNew: 279616K(314560K)->4717K(314560K) Eden: 279616K(279616K)->0K(279616K) From: 0K(34944K)->4717K(34944K)
[195.678s][info][gc,heap        ] GC(790) Tenured: 672434K(699072K)->672434K(699072K)
[195.678s][info][gc,metaspace   ] GC(790) Metaspace: 10446K(10688K)->10446K(10688K) NonClass: 9562K(9664K)->9562K(9664K) Class: 884K(1024K)->884K(1024K)
[195.678s][info][gc             ] GC(790) Pause Young (Allocation Failure) 929M->661M(989M) 9.021ms
[195.678s][info][gc,cpu         ] GC(790) User=0.02s Sys=0.00s Real=0.01s
[196.061s][info][gc,start       ] GC(791) Pause Young (Allocation Failure)
[196.071s][info][gc,heap        ] GC(791) DefNew: 284333K(314560K)->6885K(314560K) Eden: 279616K(279616K)->0K(279616K) From: 4717K(34944K)->6885K(34944K)
[196.071s][info][gc,heap        ] GC(791) Tenured: 672434K(699072K)->672434K(699072K)
[196.071s][info][gc,metaspace   ] GC(791) Metaspace: 10446K(10688K)->10446K(10688K) NonClass: 9562K(9664K)->9562K(9664K) Class: 884K(1024K)->884K(1024K)
[196.071s][info][gc             ] GC(791) Pause Young (Allocation Failure) 934M->663M(989M) 9.930ms
[196.071s][info][gc,cpu         ] GC(791) User=0.02s Sys=0.00s Real=0.01s
[196.367s][info][gc,start       ] GC(792) Pause Young (Allocation Failure)
[196.428s][info][gc,heap        ] GC(792) DefNew: 286501K(314560K)->32593K(314560K) Eden: 279616K(279616K)->0K(279616K) From: 6885K(34944K)->32593K(34944K)
[196.428s][info][gc,heap        ] GC(792) Tenured: 672434K(699072K)->672434K(699072K)
[196.428s][info][gc,metaspace   ] GC(792) Metaspace: 10446K(10688K)->10446K(10688K) NonClass: 9562K(9664K)->9562K(9664K) Class: 884K(1024K)->884K(1024K)
[196.428s][info][gc             ] GC(792) Pause Young (Allocation Failure) 936M->688M(989M) 60.313ms
[196.428s][info][gc,cpu         ] GC(792) User=0.06s Sys=0.00s Real=0.07s
[196.745s][info][gc,start       ] GC(793) Pause Young (Allocation Failure)
[196.828s][info][gc,heap        ] GC(793) DefNew: 312209K(314560K)->27559K(314560K) Eden: 279616K(279616K)->0K(279616K) From: 32593K(34944K)->27559K(34944K)
[196.829s][info][gc,heap        ] GC(793) Tenured: 672434K(699072K)->695844K(699072K)
[196.829s][info][gc,metaspace   ] GC(793) Metaspace: 10446K(10688K)->10446K(10688K) NonClass: 9562K(9664K)->9562K(9664K) Class: 884K(1024K)->884K(1024K)
[196.829s][info][gc             ] GC(793) Pause Young (Allocation Failure) 961M->706M(989M) 83.499ms
[196.829s][info][gc,cpu         ] GC(793) User=0.08s Sys=0.00s Real=0.08s
[197.056s][info][gc,start       ] GC(794) Pause Young (Allocation Failure)
[197.056s][info][gc             ] GC(794) Pause Young (Allocation Failure) 979M->979M(989M) 0.150ms
[197.056s][info][gc,cpu         ] GC(794) User=0.00s Sys=0.00s Real=0.00s
[197.056s][info][gc,start       ] GC(795) Pause Full (Allocation Failure)
[197.057s][info][gc,phases,start] GC(795) Phase 1: Mark live objects
[197.373s][info][gc,phases      ] GC(795) Phase 1: Mark live objects 316.865ms
[197.373s][info][gc,phases,start] GC(795) Phase 2: Compute new object addresses
[197.538s][info][gc,phases      ] GC(795) Phase 2: Compute new object addresses 164.263ms
[197.538s][info][gc,phases,start] GC(795) Phase 3: Adjust pointers
[197.737s][info][gc,phases      ] GC(795) Phase 3: Adjust pointers 199.228ms
[197.737s][info][gc,phases,start] GC(795) Phase 4: Move objects
[197.786s][info][gc,phases      ] GC(795) Phase 4: Move objects 48.699ms
[197.786s][info][gc,heap        ] GC(795) DefNew: 307175K(314560K)->0K(314560K) Eden: 279616K(279616K)->0K(279616K) From: 27559K(34944K)->0K(34944K)
[197.786s][info][gc,heap        ] GC(795) Tenured: 695844K(699072K)->516457K(699072K)
[197.786s][info][gc,metaspace   ] GC(795) Metaspace: 10449K(10688K)->10449K(10688K) NonClass: 9565K(9664K)->9565K(9664K) Class: 884K(1024K)->884K(1024K)
[197.786s][info][gc             ] GC(795) Pause Full (Allocation Failure) 979M->504M(989M) 729.509ms
[197.786s][info][gc,cpu         ] GC(795) User=0.73s Sys=0.00s Real=0.72s
[197.934s][info][gc,start       ] GC(796) Pause Young (Allocation Failure)
[198.019s][info][gc,heap        ] GC(796) DefNew: 279616K(314560K)->34467K(314560K) Eden: 279616K(279616K)->0K(279616K) From: 0K(34944K)->34467K(34944K)
[198.019s][info][gc,heap        ] GC(796) Tenured: 516457K(699072K)->516457K(699072K)
[198.019s][info][gc,metaspace   ] GC(796) Metaspace: 10449K(10688K)->10449K(10688K) NonClass: 9565K(9664K)->9565K(9664K) Class: 884K(1024K)->884K(1024K)
[198.019s][info][gc             ] GC(796) Pause Young (Allocation Failure) 777M->538M(989M) 85.087ms
[198.019s][info][gc,cpu         ] GC(796) User=0.08s Sys=0.00s Real=0.08s
[198.224s][info][gc,start       ] GC(797) Pause Young (Allocation Failure)
[198.337s][info][gc,heap        ] GC(797) DefNew: 314083K(314560K)->34735K(314560K) Eden: 279616K(279616K)->0K(279616K) From: 34467K(34944K)->34735K(34944K)
[198.337s][info][gc,heap        ] GC(797) Tenured: 516457K(699072K)->549218K(699072K)
[198.337s][info][gc,metaspace   ] GC(797) Metaspace: 10449K(10688K)->10449K(10688K) NonClass: 9565K(9664K)->9565K(9664K) Class: 884K(1024K)->884K(1024K)
[198.337s][info][gc             ] GC(797) Pause Young (Allocation Failure) 811M->570M(989M) 112.467ms
[198.337s][info][gc,cpu         ] GC(797) User=0.11s Sys=0.00s Real=0.11s
[198.570s][info][gc,start       ] GC(798) Pause Young (Allocation Failure)
[198.684s][info][gc,heap        ] GC(798) DefNew: 314351K(314560K)->34943K(314560K) Eden: 279616K(279616K)->0K(279616K) From: 34735K(34944K)->34943K(34944K)
[198.684s][info][gc,heap        ] GC(798) Tenured: 549218K(699072K)->582854K(699072K)
[198.684s][info][gc,metaspace   ] GC(798) Metaspace: 10449K(10688K)->10449K(10688K) NonClass: 9565K(9664K)->9565K(9664K) Class: 884K(1024K)->884K(1024K)
[198.684s][info][gc             ] GC(798) Pause Young (Allocation Failure) 843M->603M(989M) 113.815ms
[198.684s][info][gc,cpu         ] GC(798) User=0.11s Sys=0.00s Real=0.11s
[199.026s][info][gc,start       ] GC(799) Pause Young (Allocation Failure)
[199.084s][info][gc,heap        ] GC(799) DefNew: 314559K(314560K)->13557K(314560K) Eden: 279616K(279616K)->0K(279616K) From: 34943K(34944K)->13557K(34944K)
[199.084s][info][gc,heap        ] GC(799) Tenured: 582854K(699072K)->615886K(699072K)
[199.084s][info][gc,metaspace   ] GC(799) Metaspace: 10449K(10688K)->10449K(10688K) NonClass: 9565K(9664K)->9565K(9664K) Class: 884K(1024K)->884K(1024K)
[199.085s][info][gc             ] GC(799) Pause Young (Allocation Failure) 876M->614M(989M) 58.346ms
[199.085s][info][gc,cpu         ] GC(799) User=0.06s Sys=0.00s Real=0.05s
[199.495s][info][gc,start       ] GC(800) Pause Full (System.gc())
[199.495s][info][gc,phases,start] GC(800) Phase 1: Mark live objects
[199.761s][info][gc,phases      ] GC(800) Phase 1: Mark live objects 265.246ms
[199.761s][info][gc,phases,start] GC(800) Phase 2: Compute new object addresses
[199.897s][info][gc,phases      ] GC(800) Phase 2: Compute new object addresses 136.359ms
[199.897s][info][gc,phases,start] GC(800) Phase 3: Adjust pointers
[200.037s][info][gc,phases      ] GC(800) Phase 3: Adjust pointers 139.992ms
[200.037s][info][gc,phases,start] GC(800) Phase 4: Move objects
[200.045s][info][gc,phases      ] GC(800) Phase 4: Move objects 8.111ms
[200.045s][info][gc,heap        ] GC(800) DefNew: 253793K(314560K)->0K(314560K) Eden: 240235K(279616K)->0K(279616K) From: 13557K(34944K)->0K(34944K)
[200.045s][info][gc,heap        ] GC(800) Tenured: 615886K(699072K)->469435K(699072K)
[200.045s][info][gc,metaspace   ] GC(800) Metaspace: 10449K(10688K)->10449K(10688K) NonClass: 9565K(9664K)->9565K(9664K) Class: 884K(1024K)->884K(1024K)
[200.045s][info][gc             ] GC(800) Pause Full (System.gc()) 849M->458M(989M) 550.178ms
[200.046s][info][gc,cpu         ] GC(800) User=0.55s Sys=0.00s Real=0.55s
[200.153s][info][gc,start       ] GC(801) Pause Young (Allocation Failure)
[200.168s][info][gc,heap        ] GC(801) DefNew: 279616K(314560K)->6997K(314560K) Eden: 279616K(279616K)->0K(279616K) From: 0K(34944K)->6997K(34944K)
[200.169s][info][gc,heap        ] GC(801) Tenured: 469435K(699072K)->469435K(699072K)
[200.169s][info][gc,metaspace   ] GC(801) Metaspace: 10451K(10688K)->10451K(10688K) NonClass: 9566K(9664K)->9566K(9664K) Class: 884K(1024K)->884K(1024K)
[200.169s][info][gc             ] GC(801) Pause Young (Allocation Failure) 731M->465M(989M) 15.169ms
[200.169s][info][gc,cpu         ] GC(801) User=0.02s Sys=0.00s Real=0.01s
[200.259s][info][gc,start       ] GC(802) Pause Young (Allocation Failure)
[200.279s][info][gc,heap        ] GC(802) DefNew: 286613K(314560K)->11682K(314560K) Eden: 279616K(279616K)->0K(279616K) From: 6997K(34944K)->11682K(34944K)
[200.279s][info][gc,heap        ] GC(802) Tenured: 469435K(699072K)->469435K(699072K)
[200.279s][info][gc,metaspace   ] GC(802) Metaspace: 10451K(10688K)->10451K(10688K) NonClass: 9566K(9664K)->9566K(9664K) Class: 884K(1024K)->884K(1024K)
[200.280s][info][gc             ] GC(802) Pause Young (Allocation Failure) 738M->469M(989M) 20.246ms
[200.280s][info][gc,cpu         ] GC(802) User=0.02s Sys=0.00s Real=0.01s
[200.371s][info][gc,start       ] GC(803) Pause Young (Allocation Failure)
[200.395s][info][gc,heap        ] GC(803) DefNew: 291298K(314560K)->15485K(314560K) Eden: 279616K(279616K)->0K(279616K) From: 11682K(34944K)->15485K(34944K)
[200.395s][info][gc,heap        ] GC(803) Tenured: 469435K(699072K)->469435K(699072K)
[200.395s][info][gc,metaspace   ] GC(803) Metaspace: 10451K(10688K)->10451K(10688K) NonClass: 9566K(9664K)->9566K(9664K) Class: 884K(1024K)->884K(1024K)
[200.395s][info][gc             ] GC(803) Pause Young (Allocation Failure) 742M->473M(989M) 23.667ms
[200.395s][info][gc,cpu         ] GC(803) User=0.02s Sys=0.00s Real=0.02s
[200.490s][info][gc,start       ] GC(804) Pause Young (Allocation Failure)
[200.516s][info][gc,heap        ] GC(804) DefNew: 295101K(314560K)->18668K(314560K) Eden: 279616K(279616K)->0K(279616K) From: 15485K(34944K)->18668K(34944K)
[200.516s][info][gc,heap        ] GC(804) Tenured: 469435K(699072K)->469435K(699072K)
[200.516s][info][gc,metaspace   ] GC(804) Metaspace: 10451K(10688K)->10451K(10688K) NonClass: 9566K(9664K)->9566K(9664K) Class: 884K(1024K)->884K(1024K)
[200.516s][info][gc             ] GC(804) Pause Young (Allocation Failure) 746M->476M(989M) 26.395ms
[200.516s][info][gc,cpu         ] GC(804) User=0.02s Sys=0.00s Real=0.03s
[200.610s][info][gc,start       ] GC(805) Pause Young (Allocation Failure)
[200.640s][info][gc,heap        ] GC(805) DefNew: 298284K(314560K)->18436K(314560K) Eden: 279616K(279616K)->0K(279616K) From: 18668K(34944K)->18436K(34944K)
[200.640s][info][gc,heap        ] GC(805) Tenured: 469435K(699072K)->472760K(699072K)
[200.640s][info][gc,metaspace   ] GC(805) Metaspace: 10451K(10688K)->10451K(10688K) NonClass: 9566K(9664K)->9566K(9664K) Class: 884K(1024K)->884K(1024K)
[200.640s][info][gc             ] GC(805) Pause Young (Allocation Failure) 749M->479M(989M) 29.979ms
[200.640s][info][gc,cpu         ] GC(805) User=0.03s Sys=0.00s Real=0.02s
[200.733s][info][gc,start       ] GC(806) Pause Young (Allocation Failure)
[200.763s][info][gc,heap        ] GC(806) DefNew: 298052K(314560K)->18396K(314560K) Eden: 279616K(279616K)->0K(279616K) From: 18436K(34944K)->18396K(34944K)
[200.763s][info][gc,heap        ] GC(806) Tenured: 472760K(699072K)->475787K(699072K)
[200.763s][info][gc,metaspace   ] GC(806) Metaspace: 10451K(10688K)->10451K(10688K) NonClass: 9566K(9664K)->9566K(9664K) Class: 884K(1024K)->884K(1024K)
[200.763s][info][gc             ] GC(806) Pause Young (Allocation Failure) 752M->482M(989M) 29.617ms
[200.763s][info][gc,cpu         ] GC(806) User=0.03s Sys=0.00s Real=0.03s
[200.864s][info][gc,start       ] GC(807) Pause Young (Allocation Failure)
[200.894s][info][gc,heap        ] GC(807) DefNew: 298012K(314560K)->18392K(314560K) Eden: 279616K(279616K)->0K(279616K) From: 18396K(34944K)->18392K(34944K)
[200.894s][info][gc,heap        ] GC(807) Tenured: 475787K(699072K)->478775K(699072K)
[200.894s][info][gc,metaspace   ] GC(807) Metaspace: 10451K(10688K)->10451K(10688K) NonClass: 9566K(9664K)->9566K(9664K) Class: 884K(1024K)->884K(1024K)
[200.894s][info][gc             ] GC(807) Pause Young (Allocation Failure) 755M->485M(989M) 30.122ms
[200.894s][info][gc,cpu         ] GC(807) User=0.02s Sys=0.00s Real=0.02s
[200.990s][info][gc,start       ] GC(808) Pause Young (Allocation Failure)
[201.021s][info][gc,heap        ] GC(808) DefNew: 298008K(314560K)->18503K(314560K) Eden: 279616K(279616K)->0K(279616K) From: 18392K(34944K)->18503K(34944K)
[201.021s][info][gc,heap        ] GC(808) Tenured: 478775K(699072K)->481738K(699072K)
[201.021s][info][gc,metaspace   ] GC(808) Metaspace: 10451K(10688K)->10451K(10688K) NonClass: 9566K(9664K)->9566K(9664K) Class: 884K(1024K)->884K(1024K)
[201.021s][info][gc             ] GC(808) Pause Young (Allocation Failure) 758M->488M(989M) 30.861ms
[201.021s][info][gc,cpu         ] GC(808) User=0.03s Sys=0.00s Real=0.03s
[201.117s][info][gc,start       ] GC(809) Pause Young (Allocation Failure)
[201.147s][info][gc,heap        ] GC(809) DefNew: 298119K(314560K)->18562K(314560K) Eden: 279616K(279616K)->0K(279616K) From: 18503K(34944K)->18562K(34944K)
[201.147s][info][gc,heap        ] GC(809) Tenured: 481738K(699072K)->484811K(699072K)
[201.147s][info][gc,metaspace   ] GC(809) Metaspace: 10451K(10688K)->10451K(10688K) NonClass: 9566K(9664K)->9566K(9664K) Class: 884K(1024K)->884K(1024K)
[201.147s][info][gc             ] GC(809) Pause Young (Allocation Failure) 761M->491M(989M) 30.663ms
[201.147s][info][gc,cpu         ] GC(809) User=0.03s Sys=0.00s Real=0.02s
[201.243s][info][gc,start       ] GC(810) Pause Young (Allocation Failure)
[201.273s][info][gc,heap        ] GC(810) DefNew: 298178K(314560K)->18592K(314560K) Eden: 279616K(279616K)->0K(279616K) From: 18562K(34944K)->18592K(34944K)
[201.273s][info][gc,heap        ] GC(810) Tenured: 484811K(699072K)->487681K(699072K)
[201.273s][info][gc,metaspace   ] GC(810) Metaspace: 10451K(10688K)->10451K(10688K) NonClass: 9566K(9664K)->9566K(9664K) Class: 884K(1024K)->884K(1024K)
[201.273s][info][gc             ] GC(810) Pause Young (Allocation Failure) 764M->494M(989M) 30.007ms
[201.273s][info][gc,cpu         ] GC(810) User=0.03s Sys=0.00s Real=0.02s
[201.369s][info][gc,start       ] GC(811) Pause Young (Allocation Failure)
[201.399s][info][gc,heap        ] GC(811) DefNew: 298208K(314560K)->18654K(314560K) Eden: 279616K(279616K)->0K(279616K) From: 18592K(34944K)->18654K(34944K)
[201.399s][info][gc,heap        ] GC(811) Tenured: 487681K(699072K)->490643K(699072K)
[201.399s][info][gc,metaspace   ] GC(811) Metaspace: 10451K(10688K)->10451K(10688K) NonClass: 9566K(9664K)->9566K(9664K) Class: 884K(1024K)->884K(1024K)
[201.399s][info][gc             ] GC(811) Pause Young (Allocation Failure) 767M->497M(989M) 29.830ms
[201.399s][info][gc,cpu         ] GC(811) User=0.03s Sys=0.00s Real=0.02s
[201.495s][info][gc,start       ] GC(812) Pause Young (Allocation Failure)
[201.525s][info][gc,heap        ] GC(812) DefNew: 298270K(314560K)->18604K(314560K) Eden: 279616K(279616K)->0K(279616K) From: 18654K(34944K)->18604K(34944K)
[201.525s][info][gc,heap        ] GC(812) Tenured: 490643K(699072K)->493772K(699072K)
[201.525s][info][gc,metaspace   ] GC(812) Metaspace: 10451K(10688K)->10451K(10688K) NonClass: 9566K(9664K)->9566K(9664K) Class: 884K(1024K)->884K(1024K)
[201.525s][info][gc             ] GC(812) Pause Young (Allocation Failure) 770M->500M(989M) 30.121ms
[201.525s][info][gc,cpu         ] GC(812) User=0.03s Sys=0.00s Real=0.02s
[201.624s][info][gc,start       ] GC(813) Pause Young (Allocation Failure)
[201.655s][info][gc,heap        ] GC(813) DefNew: 298220K(314560K)->18785K(314560K) Eden: 279616K(279616K)->0K(279616K) From: 18604K(34944K)->18785K(34944K)
[201.655s][info][gc,heap        ] GC(813) Tenured: 493772K(699072K)->496764K(699072K)
[201.655s][info][gc,metaspace   ] GC(813) Metaspace: 10451K(10688K)->10451K(10688K) NonClass: 9566K(9664K)->9566K(9664K) Class: 884K(1024K)->884K(1024K)
[201.655s][info][gc             ] GC(813) Pause Young (Allocation Failure) 773M->503M(989M) 31.538ms
[201.655s][info][gc,cpu         ] GC(813) User=0.03s Sys=0.00s Real=0.03s
[201.750s][info][gc,start       ] GC(814) Pause Young (Allocation Failure)
[201.780s][info][gc,heap        ] GC(814) DefNew: 298401K(314560K)->18887K(314560K) Eden: 279616K(279616K)->0K(279616K) From: 18785K(34944K)->18887K(34944K)
[201.780s][info][gc,heap        ] GC(814) Tenured: 496764K(699072K)->499845K(699072K)
[201.780s][info][gc,metaspace   ] GC(814) Metaspace: 10451K(10688K)->10451K(10688K) NonClass: 9566K(9664K)->9566K(9664K) Class: 884K(1024K)->884K(1024K)
[201.780s][info][gc             ] GC(814) Pause Young (Allocation Failure) 776M->506M(989M) 30.688ms
[201.780s][info][gc,cpu         ] GC(814) User=0.02s Sys=0.02s Real=0.03s
[201.882s][info][gc,start       ] GC(815) Pause Young (Allocation Failure)
[201.913s][info][gc,heap        ] GC(815) DefNew: 298503K(314560K)->19003K(314560K) Eden: 279616K(279616K)->0K(279616K) From: 18887K(34944K)->19003K(34944K)
[201.913s][info][gc,heap        ] GC(815) Tenured: 499845K(699072K)->502811K(699072K)
[201.913s][info][gc,metaspace   ] GC(815) Metaspace: 10451K(10688K)->10451K(10688K) NonClass: 9566K(9664K)->9566K(9664K) Class: 884K(1024K)->884K(1024K)
[201.913s][info][gc             ] GC(815) Pause Young (Allocation Failure) 779M->509M(989M) 30.850ms
[201.913s][info][gc,cpu         ] GC(815) User=0.03s Sys=0.00s Real=0.02s
[202.007s][info][gc,start       ] GC(816) Pause Young (Allocation Failure)
[202.037s][info][gc,heap        ] GC(816) DefNew: 298619K(314560K)->18852K(314560K) Eden: 279616K(279616K)->0K(279616K) From: 19003K(34944K)->18852K(34944K)
[202.038s][info][gc,heap        ] GC(816) Tenured: 502811K(699072K)->505875K(699072K)
[202.038s][info][gc,metaspace   ] GC(816) Metaspace: 10451K(10688K)->10451K(10688K) NonClass: 9566K(9664K)->9566K(9664K) Class: 884K(1024K)->884K(1024K)
[202.038s][info][gc             ] GC(816) Pause Young (Allocation Failure) 782M->512M(989M) 30.498ms
[202.038s][info][gc,cpu         ] GC(816) User=0.03s Sys=0.00s Real=0.02s
[202.134s][info][gc,start       ] GC(817) Pause Young (Allocation Failure)
[202.164s][info][gc,heap        ] GC(817) DefNew: 298468K(314560K)->18810K(314560K) Eden: 279616K(279616K)->0K(279616K) From: 18852K(34944K)->18810K(34944K)
[202.164s][info][gc,heap        ] GC(817) Tenured: 505875K(699072K)->509062K(699072K)
[202.164s][info][gc,metaspace   ] GC(817) Metaspace: 10451K(10688K)->10451K(10688K) NonClass: 9566K(9664K)->9566K(9664K) Class: 884K(1024K)->884K(1024K)
[202.164s][info][gc             ] GC(817) Pause Young (Allocation Failure) 785M->515M(989M) 30.128ms
[202.164s][info][gc,cpu         ] GC(817) User=0.03s Sys=0.00s Real=0.03s
[202.260s][info][gc,start       ] GC(818) Pause Young (Allocation Failure)
[202.291s][info][gc,heap        ] GC(818) DefNew: 298426K(314560K)->19128K(314560K) Eden: 279616K(279616K)->0K(279616K) From: 18810K(34944K)->19128K(34944K)
[202.291s][info][gc,heap        ] GC(818) Tenured: 509062K(699072K)->512062K(699072K)
[202.292s][info][gc,metaspace   ] GC(818) Metaspace: 10451K(10688K)->10451K(10688K) NonClass: 9566K(9664K)->9566K(9664K) Class: 884K(1024K)->884K(1024K)
[202.292s][info][gc             ] GC(818) Pause Young (Allocation Failure) 788M->518M(989M) 31.198ms
[202.292s][info][gc,cpu         ] GC(818) User=0.03s Sys=0.00s Real=0.03s
[202.386s][info][gc,start       ] GC(819) Pause Young (Allocation Failure)
[202.416s][info][gc,heap        ] GC(819) DefNew: 298744K(314560K)->18695K(314560K) Eden: 279616K(279616K)->0K(279616K) From: 19128K(34944K)->18695K(34944K)
[202.416s][info][gc,heap        ] GC(819) Tenured: 512062K(699072K)->515258K(699072K)
[202.416s][info][gc,metaspace   ] GC(819) Metaspace: 10451K(10688K)->10451K(10688K) NonClass: 9566K(9664K)->9566K(9664K) Class: 884K(1024K)->884K(1024K)
[202.416s][info][gc             ] GC(819) Pause Young (Allocation Failure) 791M->521M(989M) 30.321ms
[202.416s][info][gc,cpu         ] GC(819) User=0.03s Sys=0.00s Real=0.03s
[202.514s][info][gc,start       ] GC(820) Pause Young (Allocation Failure)
[202.544s][info][gc,heap        ] GC(820) DefNew: 298311K(314560K)->18745K(314560K) Eden: 279616K(279616K)->0K(279616K) From: 18695K(34944K)->18745K(34944K)
[202.544s][info][gc,heap        ] GC(820) Tenured: 515258K(699072K)->518319K(699072K)
[202.545s][info][gc,metaspace   ] GC(820) Metaspace: 10451K(10688K)->10451K(10688K) NonClass: 9566K(9664K)->9566K(9664K) Class: 884K(1024K)->884K(1024K)
[202.545s][info][gc             ] GC(820) Pause Young (Allocation Failure) 794M->524M(989M) 30.372ms
[202.545s][info][gc,cpu         ] GC(820) User=0.03s Sys=0.00s Real=0.02s
[202.640s][info][gc,start       ] GC(821) Pause Young (Allocation Failure)
[202.671s][info][gc,heap        ] GC(821) DefNew: 298361K(314560K)->18824K(314560K) Eden: 279616K(279616K)->0K(279616K) From: 18745K(34944K)->18824K(34944K)
[202.671s][info][gc,heap        ] GC(821) Tenured: 518319K(699072K)->521399K(699072K)
[202.671s][info][gc,metaspace   ] GC(821) Metaspace: 10451K(10688K)->10451K(10688K) NonClass: 9566K(9664K)->9566K(9664K) Class: 884K(1024K)->884K(1024K)
[202.671s][info][gc             ] GC(821) Pause Young (Allocation Failure) 797M->527M(989M) 31.614ms
[202.671s][info][gc,cpu         ] GC(821) User=0.03s Sys=0.00s Real=0.03s
[202.767s][info][gc,start       ] GC(822) Pause Young (Allocation Failure)
[202.797s][info][gc,heap        ] GC(822) DefNew: 298440K(314560K)->18463K(314560K) Eden: 279616K(279616K)->0K(279616K) From: 18824K(34944K)->18463K(34944K)
[202.797s][info][gc,heap        ] GC(822) Tenured: 521399K(699072K)->524528K(699072K)
[202.797s][info][gc,metaspace   ] GC(822) Metaspace: 10451K(10688K)->10451K(10688K) NonClass: 9566K(9664K)->9566K(9664K) Class: 884K(1024K)->884K(1024K)
[202.797s][info][gc             ] GC(822) Pause Young (Allocation Failure) 800M->530M(989M) 29.483ms
[202.797s][info][gc,cpu         ] GC(822) User=0.03s Sys=0.00s Real=0.02s
[202.899s][info][gc,start       ] GC(823) Pause Young (Allocation Failure)
[202.929s][info][gc,heap        ] GC(823) DefNew: 298079K(314560K)->18684K(314560K) Eden: 279616K(279616K)->0K(279616K) From: 18463K(34944K)->18684K(34944K)
[202.929s][info][gc,heap        ] GC(823) Tenured: 524528K(699072K)->527428K(699072K)
[202.929s][info][gc,metaspace   ] GC(823) Metaspace: 10451K(10688K)->10451K(10688K) NonClass: 9566K(9664K)->9566K(9664K) Class: 884K(1024K)->884K(1024K)
[202.929s][info][gc             ] GC(823) Pause Young (Allocation Failure) 803M->533M(989M) 30.346ms
[202.929s][info][gc,cpu         ] GC(823) User=0.03s Sys=0.00s Real=0.03s
[203.027s][info][gc,start       ] GC(824) Pause Young (Allocation Failure)
[203.057s][info][gc,heap        ] GC(824) DefNew: 298300K(314560K)->18669K(314560K) Eden: 279616K(279616K)->0K(279616K) From: 18684K(34944K)->18669K(34944K)
[203.057s][info][gc,heap        ] GC(824) Tenured: 527428K(699072K)->530521K(699072K)
[203.057s][info][gc,metaspace   ] GC(824) Metaspace: 10451K(10688K)->10451K(10688K) NonClass: 9566K(9664K)->9566K(9664K) Class: 884K(1024K)->884K(1024K)
[203.057s][info][gc             ] GC(824) Pause Young (Allocation Failure) 806M->536M(989M) 30.339ms
[203.057s][info][gc,cpu         ] GC(824) User=0.03s Sys=0.00s Real=0.03s
[203.153s][info][gc,start       ] GC(825) Pause Young (Allocation Failure)
[203.184s][info][gc,heap        ] GC(825) DefNew: 298285K(314560K)->18858K(314560K) Eden: 279616K(279616K)->0K(279616K) From: 18669K(34944K)->18858K(34944K)
[203.184s][info][gc,heap        ] GC(825) Tenured: 530521K(699072K)->533612K(699072K)
[203.184s][info][gc,metaspace   ] GC(825) Metaspace: 10451K(10688K)->10451K(10688K) NonClass: 9566K(9664K)->9566K(9664K) Class: 884K(1024K)->884K(1024K)
[203.184s][info][gc             ] GC(825) Pause Young (Allocation Failure) 809M->539M(989M) 30.685ms
[203.184s][info][gc,cpu         ] GC(825) User=0.03s Sys=0.00s Real=0.03s
[203.281s][info][gc,start       ] GC(826) Pause Young (Allocation Failure)
[203.311s][info][gc,heap        ] GC(826) DefNew: 298474K(314560K)->18854K(314560K) Eden: 279616K(279616K)->0K(279616K) From: 18858K(34944K)->18854K(34944K)
[203.311s][info][gc,heap        ] GC(826) Tenured: 533612K(699072K)->536563K(699072K)
[203.311s][info][gc,metaspace   ] GC(826) Metaspace: 10451K(10688K)->10451K(10688K) NonClass: 9566K(9664K)->9566K(9664K) Class: 884K(1024K)->884K(1024K)
[203.311s][info][gc             ] GC(826) Pause Young (Allocation Failure) 812M->542M(989M) 30.163ms
[203.311s][info][gc,cpu         ] GC(826) User=0.03s Sys=0.00s Real=0.03s
[203.405s][info][gc,start       ] GC(827) Pause Young (Allocation Failure)
[203.436s][info][gc,heap        ] GC(827) DefNew: 298470K(314560K)->19042K(314560K) Eden: 279616K(279616K)->0K(279616K) From: 18854K(34944K)->19042K(34944K)
[203.436s][info][gc,heap        ] GC(827) Tenured: 536563K(699072K)->539539K(699072K)
[203.436s][info][gc,metaspace   ] GC(827) Metaspace: 10451K(10688K)->10451K(10688K) NonClass: 9566K(9664K)->9566K(9664K) Class: 884K(1024K)->884K(1024K)
[203.436s][info][gc             ] GC(827) Pause Young (Allocation Failure) 815M->545M(989M) 30.480ms
[203.436s][info][gc,cpu         ] GC(827) User=0.03s Sys=0.00s Real=0.02s
[203.531s][info][gc,start       ] GC(828) Pause Young (Allocation Failure)
[203.561s][info][gc,heap        ] GC(828) DefNew: 298658K(314560K)->18747K(314560K) Eden: 279616K(279616K)->0K(279616K) From: 19042K(34944K)->18747K(34944K)
[203.561s][info][gc,heap        ] GC(828) Tenured: 539539K(699072K)->542730K(699072K)
[203.561s][info][gc,metaspace   ] GC(828) Metaspace: 10451K(10688K)->10451K(10688K) NonClass: 9566K(9664K)->9566K(9664K) Class: 884K(1024K)->884K(1024K)
[203.562s][info][gc             ] GC(828) Pause Young (Allocation Failure) 818M->548M(989M) 30.156ms
[203.562s][info][gc,cpu         ] GC(828) User=0.03s Sys=0.00s Real=0.02s
[203.658s][info][gc,start       ] GC(829) Pause Young (Allocation Failure)
[203.689s][info][gc,heap        ] GC(829) DefNew: 298363K(314560K)->19038K(314560K) Eden: 279616K(279616K)->0K(279616K) From: 18747K(34944K)->19038K(34944K)
[203.689s][info][gc,heap        ] GC(829) Tenured: 542730K(699072K)->545783K(699072K)
[203.689s][info][gc,metaspace   ] GC(829) Metaspace: 10451K(10688K)->10451K(10688K) NonClass: 9566K(9664K)->9566K(9664K) Class: 884K(1024K)->884K(1024K)
[203.689s][info][gc             ] GC(829) Pause Young (Allocation Failure) 821M->551M(989M) 30.853ms
[203.689s][info][gc,cpu         ] GC(829) User=0.03s Sys=0.00s Real=0.03s
[203.785s][info][gc,start       ] GC(830) Pause Young (Allocation Failure)
[203.815s][info][gc,heap        ] GC(830) DefNew: 298654K(314560K)->18794K(314560K) Eden: 279616K(279616K)->0K(279616K) From: 19038K(34944K)->18794K(34944K)
[203.815s][info][gc,heap        ] GC(830) Tenured: 545783K(699072K)->548906K(699072K)
[203.815s][info][gc,metaspace   ] GC(830) Metaspace: 10451K(10688K)->10451K(10688K) NonClass: 9566K(9664K)->9566K(9664K) Class: 884K(1024K)->884K(1024K)
[203.815s][info][gc             ] GC(830) Pause Young (Allocation Failure) 824M->554M(989M) 30.071ms
[203.815s][info][gc,cpu         ] GC(830) User=0.03s Sys=0.00s Real=0.02s
[203.920s][info][gc,start       ] GC(831) Pause Young (Allocation Failure)
[203.951s][info][gc,heap        ] GC(831) DefNew: 298410K(314560K)->18946K(314560K) Eden: 279616K(279616K)->0K(279616K) From: 18794K(34944K)->18946K(34944K)
[203.951s][info][gc,heap        ] GC(831) Tenured: 548906K(699072K)->551982K(699072K)
[203.951s][info][gc,metaspace   ] GC(831) Metaspace: 10451K(10688K)->10451K(10688K) NonClass: 9566K(9664K)->9566K(9664K) Class: 884K(1024K)->884K(1024K)
[203.951s][info][gc             ] GC(831) Pause Young (Allocation Failure) 827M->557M(989M) 31.138ms
[203.951s][info][gc,cpu         ] GC(831) User=0.03s Sys=0.00s Real=0.03s
[204.047s][info][gc,start       ] GC(832) Pause Young (Allocation Failure)
[204.077s][info][gc,heap        ] GC(832) DefNew: 298562K(314560K)->18761K(314560K) Eden: 279616K(279616K)->0K(279616K) From: 18946K(34944K)->18761K(34944K)
[204.078s][info][gc,heap        ] GC(832) Tenured: 551982K(699072K)->555110K(699072K)
[204.078s][info][gc,metaspace   ] GC(832) Metaspace: 10451K(10688K)->10451K(10688K) NonClass: 9566K(9664K)->9566K(9664K) Class: 884K(1024K)->884K(1024K)
[204.078s][info][gc             ] GC(832) Pause Young (Allocation Failure) 830M->560M(989M) 30.358ms
[204.078s][info][gc,cpu         ] GC(832) User=0.03s Sys=0.00s Real=0.02s
[204.173s][info][gc,start       ] GC(833) Pause Young (Allocation Failure)
[204.203s][info][gc,heap        ] GC(833) DefNew: 298377K(314560K)->18874K(314560K) Eden: 279616K(279616K)->0K(279616K) From: 18761K(34944K)->18874K(34944K)
[204.203s][info][gc,heap        ] GC(833) Tenured: 555110K(699072K)->558147K(699072K)
[204.203s][info][gc,metaspace   ] GC(833) Metaspace: 10451K(10688K)->10451K(10688K) NonClass: 9566K(9664K)->9566K(9664K) Class: 884K(1024K)->884K(1024K)
[204.203s][info][gc             ] GC(833) Pause Young (Allocation Failure) 833M->563M(989M) 30.297ms
[204.203s][info][gc,cpu         ] GC(833) User=0.03s Sys=0.00s Real=0.02s
[204.298s][info][gc,start       ] GC(834) Pause Young (Allocation Failure)
[204.327s][info][gc,heap        ] GC(834) DefNew: 298490K(314560K)->18809K(314560K) Eden: 279616K(279616K)->0K(279616K) From: 18874K(34944K)->18809K(34944K)
[204.327s][info][gc,heap        ] GC(834) Tenured: 558147K(699072K)->561155K(699072K)
[204.327s][info][gc,metaspace   ] GC(834) Metaspace: 10451K(10688K)->10451K(10688K) NonClass: 9566K(9664K)->9566K(9664K) Class: 884K(1024K)->884K(1024K)
[204.327s][info][gc             ] GC(834) Pause Young (Allocation Failure) 836M->566M(989M) 29.792ms
[204.327s][info][gc,cpu         ] GC(834) User=0.03s Sys=0.00s Real=0.02s
[204.422s][info][gc,start       ] GC(835) Pause Young (Allocation Failure)
[204.452s][info][gc,heap        ] GC(835) DefNew: 298425K(314560K)->18795K(314560K) Eden: 279616K(279616K)->0K(279616K) From: 18809K(34944K)->18795K(34944K)
[204.452s][info][gc,heap        ] GC(835) Tenured: 561155K(699072K)->564356K(699072K)
[204.452s][info][gc,metaspace   ] GC(835) Metaspace: 10451K(10688K)->10451K(10688K) NonClass: 9566K(9664K)->9566K(9664K) Class: 884K(1024K)->884K(1024K)
[204.452s][info][gc             ] GC(835) Pause Young (Allocation Failure) 839M->569M(989M) 30.712ms
[204.452s][info][gc,cpu         ] GC(835) User=0.03s Sys=0.00s Real=0.02s
[204.549s][info][gc,start       ] GC(836) Pause Young (Allocation Failure)
[204.579s][info][gc,heap        ] GC(836) DefNew: 298411K(314560K)->18720K(314560K) Eden: 279616K(279616K)->0K(279616K) From: 18795K(34944K)->18720K(34944K)
[204.579s][info][gc,heap        ] GC(836) Tenured: 564356K(699072K)->567366K(699072K)
[204.579s][info][gc,metaspace   ] GC(836) Metaspace: 10451K(10688K)->10451K(10688K) NonClass: 9566K(9664K)->9566K(9664K) Class: 884K(1024K)->884K(1024K)
[204.579s][info][gc             ] GC(836) Pause Young (Allocation Failure) 842M->572M(989M) 30.009ms
[204.579s][info][gc,cpu         ] GC(836) User=0.03s Sys=0.00s Real=0.03s
[204.674s][info][gc,start       ] GC(837) Pause Young (Allocation Failure)
[204.704s][info][gc,heap        ] GC(837) DefNew: 298336K(314560K)->18741K(314560K) Eden: 279616K(279616K)->0K(279616K) From: 18720K(34944K)->18741K(34944K)
[204.704s][info][gc,heap        ] GC(837) Tenured: 567366K(699072K)->570454K(699072K)
[204.704s][info][gc,metaspace   ] GC(837) Metaspace: 10451K(10688K)->10451K(10688K) NonClass: 9566K(9664K)->9566K(9664K) Class: 884K(1024K)->884K(1024K)
[204.704s][info][gc             ] GC(837) Pause Young (Allocation Failure) 845M->575M(989M) 29.993ms
[204.704s][info][gc,cpu         ] GC(837) User=0.03s Sys=0.00s Real=0.03s
[204.798s][info][gc,start       ] GC(838) Pause Young (Allocation Failure)
[204.827s][info][gc,heap        ] GC(838) DefNew: 298357K(314560K)->18629K(314560K) Eden: 279616K(279616K)->0K(279616K) From: 18741K(34944K)->18629K(34944K)
[204.827s][info][gc,heap        ] GC(838) Tenured: 570454K(699072K)->573447K(699072K)
[204.827s][info][gc,metaspace   ] GC(838) Metaspace: 10451K(10688K)->10451K(10688K) NonClass: 9566K(9664K)->9566K(9664K) Class: 884K(1024K)->884K(1024K)
[204.827s][info][gc             ] GC(838) Pause Young (Allocation Failure) 848M->578M(989M) 29.642ms
[204.827s][info][gc,cpu         ] GC(838) User=0.03s Sys=0.00s Real=0.02s
[204.930s][info][gc,start       ] GC(839) Pause Young (Allocation Failure)
[204.960s][info][gc,heap        ] GC(839) DefNew: 298245K(314560K)->18412K(314560K) Eden: 279616K(279616K)->0K(279616K) From: 18629K(34944K)->18412K(34944K)
[204.960s][info][gc,heap        ] GC(839) Tenured: 573447K(699072K)->576600K(699072K)
[204.960s][info][gc,metaspace   ] GC(839) Metaspace: 10451K(10688K)->10451K(10688K) NonClass: 9566K(9664K)->9566K(9664K) Class: 884K(1024K)->884K(1024K)
[204.960s][info][gc             ] GC(839) Pause Young (Allocation Failure) 851M->581M(989M) 29.584ms
[204.960s][info][gc,cpu         ] GC(839) User=0.03s Sys=0.00s Real=0.02s
[205.056s][info][gc,start       ] GC(840) Pause Young (Allocation Failure)
[205.085s][info][gc,heap        ] GC(840) DefNew: 298028K(314560K)->18262K(314560K) Eden: 279616K(279616K)->0K(279616K) From: 18412K(34944K)->18262K(34944K)
[205.085s][info][gc,heap        ] GC(840) Tenured: 576600K(699072K)->579666K(699072K)
[205.085s][info][gc,metaspace   ] GC(840) Metaspace: 10451K(10688K)->10451K(10688K) NonClass: 9566K(9664K)->9566K(9664K) Class: 884K(1024K)->884K(1024K)
[205.085s][info][gc             ] GC(840) Pause Young (Allocation Failure) 854M->583M(989M) 29.263ms
[205.085s][info][gc,cpu         ] GC(840) User=0.02s Sys=0.00s Real=0.02s
[205.180s][info][gc,start       ] GC(841) Pause Young (Allocation Failure)
[205.209s][info][gc,heap        ] GC(841) DefNew: 297878K(314560K)->18424K(314560K) Eden: 279616K(279616K)->0K(279616K) From: 18262K(34944K)->18424K(34944K)
[205.210s][info][gc,heap        ] GC(841) Tenured: 579666K(699072K)->582652K(699072K)
[205.210s][info][gc,metaspace   ] GC(841) Metaspace: 10451K(10688K)->10451K(10688K) NonClass: 9566K(9664K)->9566K(9664K) Class: 884K(1024K)->884K(1024K)
[205.210s][info][gc             ] GC(841) Pause Young (Allocation Failure) 856M->586M(989M) 29.943ms
[205.210s][info][gc,cpu         ] GC(841) User=0.03s Sys=0.00s Real=0.02s
[205.307s][info][gc,start       ] GC(842) Pause Young (Allocation Failure)
[205.337s][info][gc,heap        ] GC(842) DefNew: 298040K(314560K)->18583K(314560K) Eden: 279616K(279616K)->0K(279616K) From: 18424K(34944K)->18583K(34944K)
[205.337s][info][gc,heap        ] GC(842) Tenured: 582652K(699072K)->585649K(699072K)
[205.337s][info][gc,metaspace   ] GC(842) Metaspace: 10451K(10688K)->10451K(10688K) NonClass: 9566K(9664K)->9566K(9664K) Class: 884K(1024K)->884K(1024K)
[205.337s][info][gc             ] GC(842) Pause Young (Allocation Failure) 860M->590M(989M) 30.253ms
[205.337s][info][gc,cpu         ] GC(842) User=0.03s Sys=0.00s Real=0.02s
[205.433s][info][gc,start       ] GC(843) Pause Young (Allocation Failure)
[205.464s][info][gc,heap        ] GC(843) DefNew: 298199K(314560K)->18868K(314560K) Eden: 279616K(279616K)->0K(279616K) From: 18583K(34944K)->18868K(34944K)
[205.464s][info][gc,heap        ] GC(843) Tenured: 585649K(699072K)->588575K(699072K)
[205.464s][info][gc,metaspace   ] GC(843) Metaspace: 10451K(10688K)->10451K(10688K) NonClass: 9566K(9664K)->9566K(9664K) Class: 884K(1024K)->884K(1024K)
[205.464s][info][gc             ] GC(843) Pause Young (Allocation Failure) 863M->593M(989M) 30.306ms
[205.464s][info][gc,cpu         ] GC(843) User=0.03s Sys=0.00s Real=0.02s
[205.560s][info][gc,start       ] GC(844) Pause Young (Allocation Failure)
[205.591s][info][gc,heap        ] GC(844) DefNew: 298484K(314560K)->19045K(314560K) Eden: 279616K(279616K)->0K(279616K) From: 18868K(34944K)->19045K(34944K)
[205.591s][info][gc,heap        ] GC(844) Tenured: 588575K(699072K)->591649K(699072K)
[205.591s][info][gc,metaspace   ] GC(844) Metaspace: 10451K(10688K)->10451K(10688K) NonClass: 9566K(9664K)->9566K(9664K) Class: 884K(1024K)->884K(1024K)
[205.591s][info][gc             ] GC(844) Pause Young (Allocation Failure) 866M->596M(989M) 30.566ms
[205.591s][info][gc,cpu         ] GC(844) User=0.03s Sys=0.00s Real=0.01s
[205.688s][info][gc,start       ] GC(845) Pause Young (Allocation Failure)
[205.719s][info][gc,heap        ] GC(845) DefNew: 298661K(314560K)->19196K(314560K) Eden: 279616K(279616K)->0K(279616K) From: 19045K(34944K)->19196K(34944K)
[205.719s][info][gc,heap        ] GC(845) Tenured: 591649K(699072K)->594558K(699072K)
[205.719s][info][gc,metaspace   ] GC(845) Metaspace: 10451K(10688K)->10451K(10688K) NonClass: 9566K(9664K)->9566K(9664K) Class: 884K(1024K)->884K(1024K)
[205.719s][info][gc             ] GC(845) Pause Young (Allocation Failure) 869M->599M(989M) 30.539ms
[205.719s][info][gc,cpu         ] GC(845) User=0.03s Sys=0.00s Real=0.03s
[205.816s][info][gc,start       ] GC(846) Pause Young (Allocation Failure)
[205.850s][info][gc,heap        ] GC(846) DefNew: 298812K(314560K)->19472K(314560K) Eden: 279616K(279616K)->0K(279616K) From: 19196K(34944K)->19472K(34944K)
[205.850s][info][gc,heap        ] GC(846) Tenured: 594558K(699072K)->597674K(699072K)
[205.850s][info][gc,metaspace   ] GC(846) Metaspace: 10451K(10688K)->10451K(10688K) NonClass: 9566K(9664K)->9566K(9664K) Class: 884K(1024K)->884K(1024K)
[205.850s][info][gc             ] GC(846) Pause Young (Allocation Failure) 872M->602M(989M) 33.872ms
[205.850s][info][gc,cpu         ] GC(846) User=0.05s Sys=0.00s Real=0.03s
[205.948s][info][gc,start       ] GC(847) Pause Young (Allocation Failure)
[205.979s][info][gc,heap        ] GC(847) DefNew: 299088K(314560K)->19353K(314560K) Eden: 279616K(279616K)->0K(279616K) From: 19472K(34944K)->19353K(34944K)
[205.979s][info][gc,heap        ] GC(847) Tenured: 597674K(699072K)->600796K(699072K)
[205.979s][info][gc,metaspace   ] GC(847) Metaspace: 10451K(10688K)->10451K(10688K) NonClass: 9566K(9664K)->9566K(9664K) Class: 884K(1024K)->884K(1024K)
[205.979s][info][gc             ] GC(847) Pause Young (Allocation Failure) 875M->605M(989M) 31.320ms
[205.979s][info][gc,cpu         ] GC(847) User=0.03s Sys=0.00s Real=0.02s
[206.078s][info][gc,start       ] GC(848) Pause Young (Allocation Failure)
[206.109s][info][gc,heap        ] GC(848) DefNew: 298969K(314560K)->19504K(314560K) Eden: 279616K(279616K)->0K(279616K) From: 19353K(34944K)->19504K(34944K)
[206.109s][info][gc,heap        ] GC(848) Tenured: 600796K(699072K)->603936K(699072K)
[206.109s][info][gc,metaspace   ] GC(848) Metaspace: 10451K(10688K)->10451K(10688K) NonClass: 9566K(9664K)->9566K(9664K) Class: 884K(1024K)->884K(1024K)
[206.109s][info][gc             ] GC(848) Pause Young (Allocation Failure) 878M->608M(989M) 31.356ms
[206.109s][info][gc,cpu         ] GC(848) User=0.03s Sys=0.00s Real=0.02s
[206.205s][info][gc,start       ] GC(849) Pause Young (Allocation Failure)
[206.236s][info][gc,heap        ] GC(849) DefNew: 299120K(314560K)->19477K(314560K) Eden: 279616K(279616K)->0K(279616K) From: 19504K(34944K)->19477K(34944K)
[206.237s][info][gc,heap        ] GC(849) Tenured: 603936K(699072K)->607016K(699072K)
[206.237s][info][gc,metaspace   ] GC(849) Metaspace: 10451K(10688K)->10451K(10688K) NonClass: 9566K(9664K)->9566K(9664K) Class: 884K(1024K)->884K(1024K)
[206.237s][info][gc             ] GC(849) Pause Young (Allocation Failure) 881M->611M(989M) 31.180ms
[206.237s][info][gc,cpu         ] GC(849) User=0.03s Sys=0.00s Real=0.02s
[206.336s][info][gc,start       ] GC(850) Pause Young (Allocation Failure)
[206.367s][info][gc,heap        ] GC(850) DefNew: 299093K(314560K)->19363K(314560K) Eden: 279616K(279616K)->0K(279616K) From: 19477K(34944K)->19363K(34944K)
[206.367s][info][gc,heap        ] GC(850) Tenured: 607016K(699072K)->610306K(699072K)
[206.367s][info][gc,metaspace   ] GC(850) Metaspace: 10451K(10688K)->10451K(10688K) NonClass: 9566K(9664K)->9566K(9664K) Class: 884K(1024K)->884K(1024K)
[206.367s][info][gc             ] GC(850) Pause Young (Allocation Failure) 884M->614M(989M) 31.286ms
[206.367s][info][gc,cpu         ] GC(850) User=0.03s Sys=0.00s Real=0.03s
[206.462s][info][gc,start       ] GC(851) Pause Young (Allocation Failure)
[206.493s][info][gc,heap        ] GC(851) DefNew: 298979K(314560K)->19358K(314560K) Eden: 279616K(279616K)->0K(279616K) From: 19363K(34944K)->19358K(34944K)
[206.493s][info][gc,heap        ] GC(851) Tenured: 610306K(699072K)->613509K(699072K)
[206.493s][info][gc,metaspace   ] GC(851) Metaspace: 10451K(10688K)->10451K(10688K) NonClass: 9566K(9664K)->9566K(9664K) Class: 884K(1024K)->884K(1024K)
[206.493s][info][gc             ] GC(851) Pause Young (Allocation Failure) 887M->618M(989M) 30.828ms
[206.493s][info][gc,cpu         ] GC(851) User=0.03s Sys=0.00s Real=0.02s
[206.591s][info][gc,start       ] GC(852) Pause Young (Allocation Failure)
[206.622s][info][gc,heap        ] GC(852) DefNew: 298974K(314560K)->19453K(314560K) Eden: 279616K(279616K)->0K(279616K) From: 19358K(34944K)->19453K(34944K)
[206.622s][info][gc,heap        ] GC(852) Tenured: 613509K(699072K)->616731K(699072K)
[206.622s][info][gc,metaspace   ] GC(852) Metaspace: 10451K(10688K)->10451K(10688K) NonClass: 9566K(9664K)->9566K(9664K) Class: 884K(1024K)->884K(1024K)
[206.622s][info][gc             ] GC(852) Pause Young (Allocation Failure) 891M->621M(989M) 31.349ms
[206.622s][info][gc,cpu         ] GC(852) User=0.03s Sys=0.00s Real=0.03s
[206.718s][info][gc,start       ] GC(853) Pause Young (Allocation Failure)
[206.748s][info][gc,heap        ] GC(853) DefNew: 299069K(314560K)->19298K(314560K) Eden: 279616K(279616K)->0K(279616K) From: 19453K(34944K)->19298K(34944K)
[206.748s][info][gc,heap        ] GC(853) Tenured: 616731K(699072K)->619797K(699072K)
[206.748s][info][gc,metaspace   ] GC(853) Metaspace: 10451K(10688K)->10451K(10688K) NonClass: 9566K(9664K)->9566K(9664K) Class: 884K(1024K)->884K(1024K)
[206.748s][info][gc             ] GC(853) Pause Young (Allocation Failure) 894M->624M(989M) 30.545ms
[206.749s][info][gc,cpu         ] GC(853) User=0.03s Sys=0.00s Real=0.03s
[206.849s][info][gc,start       ] GC(854) Pause Young (Allocation Failure)
[206.881s][info][gc,heap        ] GC(854) DefNew: 298914K(314560K)->19351K(314560K) Eden: 279616K(279616K)->0K(279616K) From: 19298K(34944K)->19351K(34944K)
[206.881s][info][gc,heap        ] GC(854) Tenured: 619797K(699072K)->623040K(699072K)
[206.881s][info][gc,metaspace   ] GC(854) Metaspace: 10451K(10688K)->10451K(10688K) NonClass: 9566K(9664K)->9566K(9664K) Class: 884K(1024K)->884K(1024K)
[206.881s][info][gc             ] GC(854) Pause Young (Allocation Failure) 897M->627M(989M) 32.036ms
[206.881s][info][gc,cpu         ] GC(854) User=0.03s Sys=0.00s Real=0.03s
[206.979s][info][gc,start       ] GC(855) Pause Young (Allocation Failure)
[207.010s][info][gc,heap        ] GC(855) DefNew: 298967K(314560K)->19427K(314560K) Eden: 279616K(279616K)->0K(279616K) From: 19351K(34944K)->19427K(34944K)
[207.010s][info][gc,heap        ] GC(855) Tenured: 623040K(699072K)->626110K(699072K)
[207.010s][info][gc,metaspace   ] GC(855) Metaspace: 10451K(10688K)->10451K(10688K) NonClass: 9566K(9664K)->9566K(9664K) Class: 884K(1024K)->884K(1024K)
[207.010s][info][gc             ] GC(855) Pause Young (Allocation Failure) 900M->630M(989M) 31.172ms
[207.010s][info][gc,cpu         ] GC(855) User=0.03s Sys=0.00s Real=0.03s
[207.105s][info][gc,start       ] GC(856) Pause Young (Allocation Failure)
[207.136s][info][gc,heap        ] GC(856) DefNew: 299043K(314560K)->19174K(314560K) Eden: 279616K(279616K)->0K(279616K) From: 19427K(34944K)->19174K(34944K)
[207.136s][info][gc,heap        ] GC(856) Tenured: 626110K(699072K)->629355K(699072K)
[207.136s][info][gc,metaspace   ] GC(856) Metaspace: 10451K(10688K)->10451K(10688K) NonClass: 9566K(9664K)->9566K(9664K) Class: 884K(1024K)->884K(1024K)
[207.136s][info][gc             ] GC(856) Pause Young (Allocation Failure) 903M->633M(989M) 30.690ms
[207.136s][info][gc,cpu         ] GC(856) User=0.03s Sys=0.00s Real=0.03s
[207.234s][info][gc,start       ] GC(857) Pause Young (Allocation Failure)
[207.265s][info][gc,heap        ] GC(857) DefNew: 298790K(314560K)->19253K(314560K) Eden: 279616K(279616K)->0K(279616K) From: 19174K(34944K)->19253K(34944K)
[207.265s][info][gc,heap        ] GC(857) Tenured: 629355K(699072K)->632517K(699072K)
[207.265s][info][gc,metaspace   ] GC(857) Metaspace: 10451K(10688K)->10451K(10688K) NonClass: 9566K(9664K)->9566K(9664K) Class: 884K(1024K)->884K(1024K)
[207.265s][info][gc             ] GC(857) Pause Young (Allocation Failure) 906M->636M(989M) 30.858ms
[207.265s][info][gc,cpu         ] GC(857) User=0.03s Sys=0.00s Real=0.03s
[207.362s][info][gc,start       ] GC(858) Pause Young (Allocation Failure)
[207.393s][info][gc,heap        ] GC(858) DefNew: 298869K(314560K)->19278K(314560K) Eden: 279616K(279616K)->0K(279616K) From: 19253K(34944K)->19278K(34944K)
[207.393s][info][gc,heap        ] GC(858) Tenured: 632517K(699072K)->635666K(699072K)
[207.393s][info][gc,metaspace   ] GC(858) Metaspace: 10451K(10688K)->10451K(10688K) NonClass: 9566K(9664K)->9566K(9664K) Class: 884K(1024K)->884K(1024K)
[207.393s][info][gc             ] GC(858) Pause Young (Allocation Failure) 909M->639M(989M) 30.830ms
[207.393s][info][gc,cpu         ] GC(858) User=0.03s Sys=0.00s Real=0.03s
[207.490s][info][gc,start       ] GC(859) Pause Young (Allocation Failure)
[207.520s][info][gc,heap        ] GC(859) DefNew: 298894K(314560K)->19145K(314560K) Eden: 279616K(279616K)->0K(279616K) From: 19278K(34944K)->19145K(34944K)
[207.520s][info][gc,heap        ] GC(859) Tenured: 635666K(699072K)->638863K(699072K)
[207.520s][info][gc,metaspace   ] GC(859) Metaspace: 10451K(10688K)->10451K(10688K) NonClass: 9566K(9664K)->9566K(9664K) Class: 884K(1024K)->884K(1024K)
[207.520s][info][gc             ] GC(859) Pause Young (Allocation Failure) 912M->642M(989M) 30.771ms
[207.520s][info][gc,cpu         ] GC(859) User=0.02s Sys=0.00s Real=0.03s
[207.616s][info][gc,start       ] GC(860) Pause Young (Allocation Failure)
[207.647s][info][gc,heap        ] GC(860) DefNew: 298761K(314560K)->19183K(314560K) Eden: 279616K(279616K)->0K(279616K) From: 19145K(34944K)->19183K(34944K)
[207.647s][info][gc,heap        ] GC(860) Tenured: 638863K(699072K)->641923K(699072K)
[207.647s][info][gc,metaspace   ] GC(860) Metaspace: 10451K(10688K)->10451K(10688K) NonClass: 9566K(9664K)->9566K(9664K) Class: 884K(1024K)->884K(1024K)
[207.647s][info][gc             ] GC(860) Pause Young (Allocation Failure) 915M->645M(989M) 30.798ms
[207.647s][info][gc,cpu         ] GC(860) User=0.03s Sys=0.00s Real=0.02s
[207.742s][info][gc,start       ] GC(861) Pause Young (Allocation Failure)
[207.773s][info][gc,heap        ] GC(861) DefNew: 298799K(314560K)->19287K(314560K) Eden: 279616K(279616K)->0K(279616K) From: 19183K(34944K)->19287K(34944K)
[207.773s][info][gc,heap        ] GC(861) Tenured: 641923K(699072K)->645026K(699072K)
[207.773s][info][gc,metaspace   ] GC(861) Metaspace: 10451K(10688K)->10451K(10688K) NonClass: 9566K(9664K)->9566K(9664K) Class: 884K(1024K)->884K(1024K)
[207.773s][info][gc             ] GC(861) Pause Young (Allocation Failure) 918M->648M(989M) 30.894ms
[207.773s][info][gc,cpu         ] GC(861) User=0.03s Sys=0.00s Real=0.02s
[207.876s][info][gc,start       ] GC(862) Pause Young (Allocation Failure)
[207.907s][info][gc,heap        ] GC(862) DefNew: 298903K(314560K)->19289K(314560K) Eden: 279616K(279616K)->0K(279616K) From: 19287K(34944K)->19289K(34944K)
[207.907s][info][gc,heap        ] GC(862) Tenured: 645026K(699072K)->648162K(699072K)
[207.907s][info][gc,metaspace   ] GC(862) Metaspace: 10451K(10688K)->10451K(10688K) NonClass: 9566K(9664K)->9566K(9664K) Class: 884K(1024K)->884K(1024K)
[207.907s][info][gc             ] GC(862) Pause Young (Allocation Failure) 921M->651M(989M) 31.202ms
[207.907s][info][gc,cpu         ] GC(862) User=0.03s Sys=0.00s Real=0.02s
[208.005s][info][gc,start       ] GC(863) Pause Young (Allocation Failure)
[208.035s][info][gc,heap        ] GC(863) DefNew: 298905K(314560K)->19253K(314560K) Eden: 279616K(279616K)->0K(279616K) From: 19289K(34944K)->19253K(34944K)
[208.035s][info][gc,heap        ] GC(863) Tenured: 648162K(699072K)->651311K(699072K)
[208.035s][info][gc,metaspace   ] GC(863) Metaspace: 10451K(10688K)->10451K(10688K) NonClass: 9566K(9664K)->9566K(9664K) Class: 884K(1024K)->884K(1024K)
[208.035s][info][gc             ] GC(863) Pause Young (Allocation Failure) 924M->654M(989M) 30.710ms
[208.035s][info][gc,cpu         ] GC(863) User=0.02s Sys=0.00s Real=0.02s
[208.236s][info][gc,start       ] GC(864) Pause Young (Allocation Failure)
[208.275s][info][gc,heap        ] GC(864) DefNew: 298869K(314560K)->24979K(314560K) Eden: 279616K(279616K)->0K(279616K) From: 19253K(34944K)->24979K(34944K)
[208.275s][info][gc,heap        ] GC(864) Tenured: 651311K(699072K)->654442K(699072K)
[208.275s][info][gc,metaspace   ] GC(864) Metaspace: 10455K(10688K)->10455K(10688K) NonClass: 9570K(9664K)->9570K(9664K) Class: 884K(1024K)->884K(1024K)
[208.275s][info][gc             ] GC(864) Pause Young (Allocation Failure) 927M->663M(989M) 39.727ms
[208.275s][info][gc,cpu         ] GC(864) User=0.05s Sys=0.00s Real=0.03s
[208.686s][info][gc,start       ] GC(865) Pause Young (Allocation Failure)
[208.792s][info][gc,heap        ] GC(865) DefNew: 304595K(314560K)->34944K(314560K) Eden: 279616K(279616K)->0K(279616K) From: 24979K(34944K)->34944K(34944K)
[208.792s][info][gc,heap        ] GC(865) Tenured: 654442K(699072K)->677480K(699072K)
[208.792s][info][gc,metaspace   ] GC(865) Metaspace: 10455K(10688K)->10455K(10688K) NonClass: 9570K(9664K)->9570K(9664K) Class: 884K(1024K)->884K(1024K)
[208.792s][info][gc             ] GC(865) Pause Young (Allocation Failure) 936M->695M(989M) 105.738ms
[208.792s][info][gc,cpu         ] GC(865) User=0.11s Sys=0.00s Real=0.11s
[209.425s][info][gc,start       ] GC(866) Pause Young (Allocation Failure)
[209.602s][info][gc,promotion   ] GC(866) Promotion failed
[209.602s][info][gc             ] GC(866) Pause Young (Allocation Failure) 968M->989M(989M) 176.479ms
[209.602s][info][gc,cpu         ] GC(866) User=0.19s Sys=0.00s Real=0.18s
[209.602s][info][gc,start       ] GC(867) Pause Full (Allocation Failure)
[209.602s][info][gc,phases,start] GC(867) Phase 1: Mark live objects
[210.032s][info][gc,phases      ] GC(867) Phase 1: Mark live objects 430.547ms
[210.032s][info][gc,phases,start] GC(867) Phase 2: Compute new object addresses
[210.208s][info][gc,phases      ] GC(867) Phase 2: Compute new object addresses 175.680ms
[210.208s][info][gc,phases,start] GC(867) Phase 3: Adjust pointers
[210.467s][info][gc,phases      ] GC(867) Phase 3: Adjust pointers 258.535ms
[210.467s][info][gc,phases,start] GC(867) Phase 4: Move objects
[210.525s][info][gc,phases      ] GC(867) Phase 4: Move objects 58.583ms
[210.526s][info][gc,heap        ] GC(867) DefNew: 314560K(314560K)->0K(314560K) Eden: 279616K(279616K)->0K(279616K) From: 34944K(34944K)->0K(34944K)
[210.526s][info][gc,heap        ] GC(867) Tenured: 677480K(699072K)->625091K(699072K)
[210.526s][info][gc,metaspace   ] GC(867) Metaspace: 10455K(10688K)->10455K(10688K) NonClass: 9570K(9664K)->9570K(9664K) Class: 884K(1024K)->884K(1024K)
[210.526s][info][gc             ] GC(867) Pause Full (Allocation Failure) 989M->610M(989M) 923.789ms
[210.526s][info][gc,cpu         ] GC(867) User=0.91s Sys=0.00s Real=0.92s
[210.878s][info][gc,start       ] GC(868) Pause Young (Allocation Failure)
[210.967s][info][gc,heap        ] GC(868) DefNew: 279616K(314560K)->34593K(314560K) Eden: 279616K(279616K)->0K(279616K) From: 0K(34944K)->34593K(34944K)
[210.967s][info][gc,heap        ] GC(868) Tenured: 625091K(699072K)->625091K(699072K)
[210.967s][info][gc,metaspace   ] GC(868) Metaspace: 10455K(10688K)->10455K(10688K) NonClass: 9570K(9664K)->9570K(9664K) Class: 884K(1024K)->884K(1024K)
[210.967s][info][gc             ] GC(868) Pause Young (Allocation Failure) 883M->644M(989M) 88.904ms
[210.967s][info][gc,cpu         ] GC(868) User=0.09s Sys=0.00s Real=0.09s
[211.307s][info][gc,start       ] GC(869) Pause Young (Allocation Failure)
[211.424s][info][gc,heap        ] GC(869) DefNew: 314209K(314560K)->34368K(314560K) Eden: 279616K(279616K)->0K(279616K) From: 34593K(34944K)->34368K(34944K)
[211.424s][info][gc,heap        ] GC(869) Tenured: 625091K(699072K)->658328K(699072K)
[211.424s][info][gc,metaspace   ] GC(869) Metaspace: 10455K(10688K)->10455K(10688K) NonClass: 9570K(9664K)->9570K(9664K) Class: 884K(1024K)->884K(1024K)
[211.424s][info][gc             ] GC(869) Pause Young (Allocation Failure) 917M->676M(989M) 116.504ms
[211.424s][info][gc,cpu         ] GC(869) User=0.09s Sys=0.02s Real=0.12s
[211.756s][info][gc,start       ] GC(870) Pause Young (Allocation Failure)
[211.865s][info][gc,heap        ] GC(870) DefNew: 313984K(314560K)->33359K(314560K) Eden: 279616K(279616K)->0K(279616K) From: 34368K(34944K)->33359K(34944K)
[211.865s][info][gc,heap        ] GC(870) Tenured: 658328K(699072K)->691428K(699072K)
[211.865s][info][gc,metaspace   ] GC(870) Metaspace: 10455K(10688K)->10455K(10688K) NonClass: 9570K(9664K)->9570K(9664K) Class: 884K(1024K)->884K(1024K)
[211.865s][info][gc             ] GC(870) Pause Young (Allocation Failure) 949M->707M(989M) 109.641ms
[211.865s][info][gc,cpu         ] GC(870) User=0.09s Sys=0.00s Real=0.10s
[212.296s][info][gc,start       ] GC(871) Pause Young (Allocation Failure)
[212.296s][info][gc             ] GC(871) Pause Young (Allocation Failure) 980M->980M(989M) 0.151ms
[212.296s][info][gc,cpu         ] GC(871) User=0.00s Sys=0.00s Real=0.00s
[212.296s][info][gc,start       ] GC(872) Pause Full (Allocation Failure)
[212.296s][info][gc,phases,start] GC(872) Phase 1: Mark live objects
[212.781s][info][gc,phases      ] GC(872) Phase 1: Mark live objects 485.353ms
[212.781s][info][gc,phases,start] GC(872) Phase 2: Compute new object addresses
[212.966s][info][gc,phases      ] GC(872) Phase 2: Compute new object addresses 184.920ms
[212.966s][info][gc,phases,start] GC(872) Phase 3: Adjust pointers
[213.244s][info][gc,phases      ] GC(872) Phase 3: Adjust pointers 277.420ms
[213.244s][info][gc,phases,start] GC(872) Phase 4: Move objects
[213.388s][info][gc,phases      ] GC(872) Phase 4: Move objects 144.357ms
[213.388s][info][gc,heap        ] GC(872) DefNew: 312975K(314560K)->0K(314560K) Eden: 279616K(279616K)->0K(279616K) From: 33359K(34944K)->0K(34944K)
[213.388s][info][gc,heap        ] GC(872) Tenured: 691428K(699072K)->674318K(699072K)
[213.388s][info][gc,metaspace   ] GC(872) Metaspace: 10455K(10688K)->10455K(10688K) NonClass: 9570K(9664K)->9570K(9664K) Class: 884K(1024K)->884K(1024K)
[213.388s][info][gc             ] GC(872) Pause Full (Allocation Failure) 980M->658M(989M) 1092.555ms
[213.388s][info][gc,cpu         ] GC(872) User=1.08s Sys=0.00s Real=1.08s
[213.778s][info][gc,start       ] GC(873) Pause Young (Allocation Failure)
[213.778s][info][gc             ] GC(873) Pause Young (Allocation Failure) 931M->931M(989M) 0.152ms
[213.778s][info][gc,cpu         ] GC(873) User=0.00s Sys=0.00s Real=0.00s
[213.778s][info][gc,start       ] GC(874) Pause Full (Allocation Failure)
[213.778s][info][gc,phases,start] GC(874) Phase 1: Mark live objects
[214.252s][info][gc,phases      ] GC(874) Phase 1: Mark live objects 474.199ms
[214.252s][info][gc,phases,start] GC(874) Phase 2: Compute new object addresses
[214.425s][info][gc,phases      ] GC(874) Phase 2: Compute new object addresses 173.336ms
[214.426s][info][gc,phases,start] GC(874) Phase 3: Adjust pointers
[214.664s][info][gc,phases      ] GC(874) Phase 3: Adjust pointers 238.395ms
[214.664s][info][gc,phases,start] GC(874) Phase 4: Move objects
[214.668s][info][gc,phases      ] GC(874) Phase 4: Move objects 3.610ms
[214.668s][info][gc,heap        ] GC(874) DefNew: 279616K(314560K)->0K(314560K) Eden: 279616K(279616K)->0K(279616K) From: 0K(34944K)->0K(34944K)
[214.668s][info][gc,heap        ] GC(874) Tenured: 674318K(699072K)->679156K(699072K)
[214.668s][info][gc,metaspace   ] GC(874) Metaspace: 10455K(10688K)->10455K(10688K) NonClass: 9570K(9664K)->9570K(9664K) Class: 884K(1024K)->884K(1024K)
[214.668s][info][gc             ] GC(874) Pause Full (Allocation Failure) 931M->663M(989M) 889.969ms
[214.668s][info][gc,cpu         ] GC(874) User=0.89s Sys=0.00s Real=0.89s
[215.058s][info][gc,start       ] GC(875) Pause Young (Allocation Failure)
[215.058s][info][gc             ] GC(875) Pause Young (Allocation Failure) 936M->936M(989M) 0.123ms
[215.058s][info][gc,cpu         ] GC(875) User=0.00s Sys=0.00s Real=0.00s
[215.058s][info][gc,start       ] GC(876) Pause Full (Allocation Failure)
[215.058s][info][gc,phases,start] GC(876) Phase 1: Mark live objects
[215.526s][info][gc,phases      ] GC(876) Phase 1: Mark live objects 468.245ms
[215.526s][info][gc,phases,start] GC(876) Phase 2: Compute new object addresses
[215.695s][info][gc,phases      ] GC(876) Phase 2: Compute new object addresses 168.539ms
[215.695s][info][gc,phases,start] GC(876) Phase 3: Adjust pointers
[215.926s][info][gc,phases      ] GC(876) Phase 3: Adjust pointers 231.560ms
[215.926s][info][gc,phases,start] GC(876) Phase 4: Move objects
[215.950s][info][gc,phases      ] GC(876) Phase 4: Move objects 23.279ms
[215.950s][info][gc,heap        ] GC(876) DefNew: 279616K(314560K)->0K(314560K) Eden: 279616K(279616K)->0K(279616K) From: 0K(34944K)->0K(34944K)
[215.950s][info][gc,heap        ] GC(876) Tenured: 679156K(699072K)->657843K(699072K)
[215.950s][info][gc,metaspace   ] GC(876) Metaspace: 10455K(10688K)->10455K(10688K) NonClass: 9570K(9664K)->9570K(9664K) Class: 884K(1024K)->884K(1024K)
[215.950s][info][gc             ] GC(876) Pause Full (Allocation Failure) 936M->642M(989M) 892.033ms
[215.950s][info][gc,cpu         ] GC(876) User=0.88s Sys=0.00s Real=0.88s
[216.260s][info][gc,start       ] GC(877) Pause Young (Allocation Failure)
[216.310s][info][gc,heap        ] GC(877) DefNew: 279616K(314560K)->24069K(314560K) Eden: 279616K(279616K)->0K(279616K) From: 0K(34944K)->24069K(34944K)
[216.310s][info][gc,heap        ] GC(877) Tenured: 657843K(699072K)->657843K(699072K)
[216.310s][info][gc,metaspace   ] GC(877) Metaspace: 10455K(10688K)->10455K(10688K) NonClass: 9570K(9664K)->9570K(9664K) Class: 884K(1024K)->884K(1024K)
[216.310s][info][gc             ] GC(877) Pause Young (Allocation Failure) 915M->665M(989M) 49.556ms
[216.310s][info][gc,cpu         ] GC(877) User=0.05s Sys=0.00s Real=0.05s
[216.625s][info][gc,start       ] GC(878) Pause Young (Allocation Failure)
[216.711s][info][gc,heap        ] GC(878) DefNew: 303685K(314560K)->31105K(314560K) Eden: 279616K(279616K)->0K(279616K) From: 24069K(34944K)->31105K(34944K)
[216.711s][info][gc,heap        ] GC(878) Tenured: 657843K(699072K)->672933K(699072K)
[216.711s][info][gc,metaspace   ] GC(878) Metaspace: 10455K(10688K)->10455K(10688K) NonClass: 9570K(9664K)->9570K(9664K) Class: 884K(1024K)->884K(1024K)
[216.711s][info][gc             ] GC(878) Pause Young (Allocation Failure) 938M->687M(989M) 85.779ms
[216.711s][info][gc,cpu         ] GC(878) User=0.09s Sys=0.00s Real=0.09s
[216.945s][info][gc,start       ] GC(879) Pause Young (Allocation Failure)
[216.945s][info][gc             ] GC(879) Pause Young (Allocation Failure) 960M->960M(989M) 0.122ms
[216.945s][info][gc,cpu         ] GC(879) User=0.00s Sys=0.00s Real=0.00s
[216.945s][info][gc,start       ] GC(880) Pause Full (Allocation Failure)
[216.945s][info][gc,phases,start] GC(880) Phase 1: Mark live objects
[217.259s][info][gc,phases      ] GC(880) Phase 1: Mark live objects 314.078ms
[217.259s][info][gc,phases,start] GC(880) Phase 2: Compute new object addresses
[217.418s][info][gc,phases      ] GC(880) Phase 2: Compute new object addresses 158.598ms
[217.418s][info][gc,phases,start] GC(880) Phase 3: Adjust pointers
[217.613s][info][gc,phases      ] GC(880) Phase 3: Adjust pointers 194.398ms
[217.613s][info][gc,phases,start] GC(880) Phase 4: Move objects
[217.659s][info][gc,phases      ] GC(880) Phase 4: Move objects 46.667ms
[217.659s][info][gc,heap        ] GC(880) DefNew: 310721K(314560K)->0K(314560K) Eden: 279616K(279616K)->0K(279616K) From: 31105K(34944K)->0K(34944K)
[217.659s][info][gc,heap        ] GC(880) Tenured: 672933K(699072K)->513938K(699072K)
[217.659s][info][gc,metaspace   ] GC(880) Metaspace: 10455K(10688K)->10455K(10688K) NonClass: 9570K(9664K)->9570K(9664K) Class: 884K(1024K)->884K(1024K)
[217.660s][info][gc             ] GC(880) Pause Full (Allocation Failure) 960M->501M(989M) 714.214ms
[217.660s][info][gc,cpu         ] GC(880) User=0.69s Sys=0.02s Real=0.70s
[217.808s][info][gc,start       ] GC(881) Pause Young (Allocation Failure)
[217.895s][info][gc,heap        ] GC(881) DefNew: 279616K(314560K)->34460K(314560K) Eden: 279616K(279616K)->0K(279616K) From: 0K(34944K)->34460K(34944K)
[217.895s][info][gc,heap        ] GC(881) Tenured: 513938K(699072K)->513938K(699072K)
[217.895s][info][gc,metaspace   ] GC(881) Metaspace: 10455K(10688K)->10455K(10688K) NonClass: 9570K(9664K)->9570K(9664K) Class: 884K(1024K)->884K(1024K)
[217.895s][info][gc             ] GC(881) Pause Young (Allocation Failure) 774M->535M(989M) 86.523ms
[217.895s][info][gc,cpu         ] GC(881) User=0.08s Sys=0.00s Real=0.09s
[218.092s][info][gc,start       ] GC(882) Pause Young (Allocation Failure)
[218.204s][info][gc,heap        ] GC(882) DefNew: 314076K(314560K)->34683K(314560K) Eden: 279616K(279616K)->0K(279616K) From: 34460K(34944K)->34683K(34944K)
[218.204s][info][gc,heap        ] GC(882) Tenured: 513938K(699072K)->546658K(699072K)
[218.204s][info][gc,metaspace   ] GC(882) Metaspace: 10455K(10688K)->10455K(10688K) NonClass: 9570K(9664K)->9570K(9664K) Class: 884K(1024K)->884K(1024K)
[218.204s][info][gc             ] GC(882) Pause Young (Allocation Failure) 808M->567M(989M) 112.285ms
[218.204s][info][gc,cpu         ] GC(882) User=0.11s Sys=0.00s Real=0.11s
[218.436s][info][gc,start       ] GC(883) Pause Young (Allocation Failure)
[218.549s][info][gc,heap        ] GC(883) DefNew: 314299K(314560K)->34944K(314560K) Eden: 279616K(279616K)->0K(279616K) From: 34683K(34944K)->34944K(34944K)
[218.549s][info][gc,heap        ] GC(883) Tenured: 546658K(699072K)->580217K(699072K)
[218.549s][info][gc,metaspace   ] GC(883) Metaspace: 10455K(10688K)->10455K(10688K) NonClass: 9570K(9664K)->9570K(9664K) Class: 884K(1024K)->884K(1024K)
[218.549s][info][gc             ] GC(883) Pause Young (Allocation Failure) 840M->600M(989M) 113.448ms
[218.549s][info][gc,cpu         ] GC(883) User=0.09s Sys=0.00s Real=0.12s
[218.892s][info][gc,start       ] GC(884) Pause Young (Allocation Failure)
[218.956s][info][gc,heap        ] GC(884) DefNew: 314560K(314560K)->15919K(314560K) Eden: 279616K(279616K)->0K(279616K) From: 34944K(34944K)->15919K(34944K)
[218.957s][info][gc,heap        ] GC(884) Tenured: 580217K(699072K)->613637K(699072K)
[218.957s][info][gc,metaspace   ] GC(884) Metaspace: 10455K(10688K)->10455K(10688K) NonClass: 9570K(9664K)->9570K(9664K) Class: 884K(1024K)->884K(1024K)
[218.957s][info][gc             ] GC(884) Pause Young (Allocation Failure) 873M->614M(989M) 64.173ms
[218.957s][info][gc,cpu         ] GC(884) User=0.06s Sys=0.00s Real=0.07s
[219.585s][info][gc,heap,exit   ] Heap
[219.586s][info][gc,heap,exit   ]  def new generation   total 314560K, used 284497K [0x00000000c0000000, 0x00000000d5550000, 0x00000000d5550000)
[219.586s][info][gc,heap,exit   ]   eden space 279616K,  96% used [0x00000000c0000000, 0x00000000d06486e0, 0x00000000d1110000)
[219.586s][info][gc,heap,exit   ]   from space 34944K,  45% used [0x00000000d1110000, 0x00000000d209bdd0, 0x00000000d3330000)
[219.586s][info][gc,heap,exit   ]   to   space 34944K,   0% used [0x00000000d3330000, 0x00000000d3330000, 0x00000000d5550000)
[219.586s][info][gc,heap,exit   ]  tenured generation   total 699072K, used 613637K [0x00000000d5550000, 0x0000000100000000, 0x0000000100000000)
[219.586s][info][gc,heap,exit   ]    the space 699072K,  87% used [0x00000000d5550000, 0x00000000fac91770, 0x00000000fac91800, 0x0000000100000000)
[219.586s][info][gc,heap,exit   ]  Metaspace       used 10463K, committed 10688K, reserved 1114112K
[219.586s][info][gc,heap,exit   ]   class space    used 885K, committed 1024K, reserved 1048576K
