[0.007s][info][gc,init] CardTable entry size: 512
[0.008s][info][gc     ] Using Serial
[0.011s][info][gc,init] Version: 21.0.4+7-adhoc.Administrator.jdk21u (release)
[0.012s][info][gc,init] CPUs: 6 total, 6 available
[0.012s][info][gc,init] Memory: 15591M
[0.012s][info][gc,init] Large Page Support: Disabled
[0.012s][info][gc,init] NUMA Support: Disabled
[0.012s][info][gc,init] Compressed Oops: Enabled (32-bit)
[0.012s][info][gc,init] Heap Min Capacity: 2G
[0.012s][info][gc,init] Heap Initial Capacity: 2G
[0.012s][info][gc,init] Heap Max Capacity: 2G
[0.012s][info][gc,init] Pre-touch: Disabled
[0.021s][info][gc,metaspace] CDS archive(s) mapped at: [0x0000016f34000000-0x0000016f34c90000-0x0000016f34c90000), size 13172736, SharedBaseAddress: 0x0000016f34000000, ArchiveRelocationMode: 1.
[0.023s][info][gc,metaspace] Compressed class space mapped at: 0x0000016f35000000-0x0000016f75000000, reserved size: 1073741824
[0.023s][info][gc,metaspace] Narrow klass base: 0x0000016f34000000, Narrow klass shift: 0, Narrow klass range: 0x100000000
[6.889s][info][gc,start    ] GC(0) Pause Full (Metadata GC Threshold)
[6.889s][info][gc,phases,start] GC(0) Phase 1: Mark live objects
[6.900s][info][gc,phases      ] GC(0) Phase 1: Mark live objects 10.843ms
[6.900s][info][gc,phases,start] GC(0) Phase 2: Compute new object addresses
[6.905s][info][gc,phases      ] GC(0) Phase 2: Compute new object addresses 5.804ms
[6.905s][info][gc,phases,start] GC(0) Phase 3: Adjust pointers
[6.911s][info][gc,phases      ] GC(0) Phase 3: Adjust pointers 5.883ms
[6.911s][info][gc,phases,start] GC(0) Phase 4: Move objects
[6.920s][info][gc,phases      ] GC(0) Phase 4: Move objects 8.553ms
[6.921s][info][gc,heap        ] GC(0) DefNew: 136756K(629120K)->0K(629120K) Eden: 136756K(559232K)->0K(559232K) From: 0K(69888K)->0K(69888K)
[6.921s][info][gc,heap        ] GC(0) Tenured: 0K(1398144K)->18876K(1398144K)
[6.921s][info][gc,metaspace   ] GC(0) Metaspace: 21261K(21504K)->21261K(21504K) NonClass: 18604K(18752K)->18604K(18752K) Class: 2656K(2752K)->2656K(2752K)
[6.921s][info][gc             ] GC(0) Pause Full (Metadata GC Threshold) 133M->18M(1979M) 32.493ms
[6.921s][info][gc,cpu         ] GC(0) User=0.02s Sys=0.02s Real=0.03s
[7.671s][info][gc,start       ] GC(1) Pause Full (Metadata GC Threshold)
[7.671s][info][gc,phases,start] GC(1) Phase 1: Mark live objects
[7.686s][info][gc,phases      ] GC(1) Phase 1: Mark live objects 14.434ms
[7.686s][info][gc,phases,start] GC(1) Phase 2: Compute new object addresses
[7.692s][info][gc,phases      ] GC(1) Phase 2: Compute new object addresses 6.485ms
[7.692s][info][gc,phases,start] GC(1) Phase 3: Adjust pointers
[7.701s][info][gc,phases      ] GC(1) Phase 3: Adjust pointers 8.762ms
[7.701s][info][gc,phases,start] GC(1) Phase 4: Move objects
[7.704s][info][gc,phases      ] GC(1) Phase 4: Move objects 2.723ms
[7.704s][info][gc,heap        ] GC(1) DefNew: 97879K(629120K)->0K(629120K) Eden: 97879K(559232K)->0K(559232K) From: 0K(69888K)->0K(69888K)
[7.704s][info][gc,heap        ] GC(1) Tenured: 18876K(1398144K)->22756K(1398144K)
[7.704s][info][gc,metaspace   ] GC(1) Metaspace: 35461K(35840K)->35461K(35840K) NonClass: 31044K(31232K)->31044K(31232K) Class: 4417K(4608K)->4417K(4608K)
[7.704s][info][gc             ] GC(1) Pause Full (Metadata GC Threshold) 114M->22M(1979M) 33.207ms
[7.704s][info][gc,cpu         ] GC(1) User=0.03s Sys=0.00s Real=0.03s
[11.663s][info][gc,start       ] GC(2) Pause Full (Metadata GC Threshold)
[11.663s][info][gc,phases,start] GC(2) Phase 1: Mark live objects
[11.686s][info][gc,phases      ] GC(2) Phase 1: Mark live objects 22.686ms
[11.686s][info][gc,phases,start] GC(2) Phase 2: Compute new object addresses
[11.704s][info][gc,phases      ] GC(2) Phase 2: Compute new object addresses 18.109ms
[11.704s][info][gc,phases,start] GC(2) Phase 3: Adjust pointers
[11.718s][info][gc,phases      ] GC(2) Phase 3: Adjust pointers 13.789ms
[11.718s][info][gc,phases,start] GC(2) Phase 4: Move objects
[11.723s][info][gc,phases      ] GC(2) Phase 4: Move objects 4.634ms
[11.723s][info][gc,heap        ] GC(2) DefNew: 424433K(629120K)->0K(629120K) Eden: 424433K(559232K)->0K(559232K) From: 0K(69888K)->0K(69888K)
[11.724s][info][gc,heap        ] GC(2) Tenured: 22756K(1398144K)->29605K(1398144K)
[11.724s][info][gc,metaspace   ] GC(2) Metaspace: 59368K(59776K)->59368K(59776K) NonClass: 52251K(52480K)->52251K(52480K) Class: 7117K(7296K)->7117K(7296K)
[11.724s][info][gc             ] GC(2) Pause Full (Metadata GC Threshold) 436M->28M(1979M) 60.452ms
[11.724s][info][gc,cpu         ] GC(2) User=0.11s Sys=0.00s Real=0.06s
[12.885s][info][gc,start       ] GC(3) Pause Full (System.gc())
[12.885s][info][gc,phases,start] GC(3) Phase 1: Mark live objects
[12.915s][info][gc,phases      ] GC(3) Phase 1: Mark live objects 29.699ms
[12.915s][info][gc,phases,start] GC(3) Phase 2: Compute new object addresses
[12.925s][info][gc,phases      ] GC(3) Phase 2: Compute new object addresses 10.391ms
[12.925s][info][gc,phases,start] GC(3) Phase 3: Adjust pointers
[12.943s][info][gc,phases      ] GC(3) Phase 3: Adjust pointers 17.086ms
[12.943s][info][gc,phases,start] GC(3) Phase 4: Move objects
[12.951s][info][gc,phases      ] GC(3) Phase 4: Move objects 8.867ms
[12.952s][info][gc,heap        ] GC(3) DefNew: 107918K(629120K)->0K(629120K) Eden: 107918K(559232K)->0K(559232K) From: 0K(69888K)->0K(69888K)
[12.952s][info][gc,heap        ] GC(3) Tenured: 29605K(1398144K)->33432K(1398144K)
[12.952s][info][gc,metaspace   ] GC(3) Metaspace: 82807K(83392K)->82807K(83392K) NonClass: 72505K(72768K)->72505K(72768K) Class: 10301K(10624K)->10301K(10624K)
[12.952s][info][gc             ] GC(3) Pause Full (System.gc()) 134M->32M(1979M) 66.919ms
[12.952s][info][gc,cpu         ] GC(3) User=0.08s Sys=0.00s Real=0.06s
[15.113s][info][gc,start       ] GC(4) Pause Young (Allocation Failure)
[15.148s][info][gc,heap        ] GC(4) DefNew: 559232K(629120K)->22698K(629120K) Eden: 559232K(559232K)->0K(559232K) From: 0K(69888K)->22698K(69888K)
[15.148s][info][gc,heap        ] GC(4) Tenured: 33432K(1398144K)->33432K(1398144K)
[15.148s][info][gc,metaspace   ] GC(4) Metaspace: 114523K(115904K)->114523K(115904K) NonClass: 99677K(100480K)->99677K(100480K) Class: 14846K(15424K)->14846K(15424K)
[15.148s][info][gc             ] GC(4) Pause Young (Allocation Failure) 578M->54M(1979M) 35.310ms
[15.148s][info][gc,cpu         ] GC(4) User=0.02s Sys=0.00s Real=0.05s
[15.237s][info][gc,start       ] GC(5) Pause Young (Allocation Failure)
[15.263s][info][gc,heap        ] GC(5) DefNew: 581930K(629120K)->39778K(629120K) Eden: 559232K(559232K)->0K(559232K) From: 22698K(69888K)->39778K(69888K)
[15.263s][info][gc,heap        ] GC(5) Tenured: 33432K(1398144K)->33432K(1398144K)
[15.263s][info][gc,metaspace   ] GC(5) Metaspace: 114569K(115904K)->114569K(115904K) NonClass: 99711K(100480K)->99711K(100480K) Class: 14857K(15424K)->14857K(15424K)
[15.263s][info][gc             ] GC(5) Pause Young (Allocation Failure) 600M->71M(1979M) 25.243ms
[15.263s][info][gc,cpu         ] GC(5) User=0.00s Sys=0.00s Real=0.03s
[15.382s][info][gc,start       ] GC(6) Pause Young (Allocation Failure)
[15.404s][info][gc,heap        ] GC(6) DefNew: 599010K(629120K)->37058K(629120K) Eden: 559232K(559232K)->0K(559232K) From: 39778K(69888K)->37058K(69888K)
[15.404s][info][gc,heap        ] GC(6) Tenured: 33432K(1398144K)->43651K(1398144K)
[15.404s][info][gc,metaspace   ] GC(6) Metaspace: 114592K(115904K)->114592K(115904K) NonClass: 99731K(100480K)->99731K(100480K) Class: 14861K(15424K)->14861K(15424K)
[15.404s][info][gc             ] GC(6) Pause Young (Allocation Failure) 617M->78M(1979M) 22.642ms
[15.404s][info][gc,cpu         ] GC(6) User=0.00s Sys=0.00s Real=0.02s
[15.481s][info][gc,start       ] GC(7) Pause Young (Allocation Failure)
[15.491s][info][gc,heap        ] GC(7) DefNew: 596290K(629120K)->52190K(629120K) Eden: 559232K(559232K)->0K(559232K) From: 37058K(69888K)->52190K(69888K)
[15.491s][info][gc,heap        ] GC(7) Tenured: 43651K(1398144K)->47761K(1398144K)
[15.491s][info][gc,metaspace   ] GC(7) Metaspace: 114620K(115968K)->114620K(115968K) NonClass: 99758K(100544K)->99758K(100544K) Class: 14861K(15424K)->14861K(15424K)
[15.491s][info][gc             ] GC(7) Pause Young (Allocation Failure) 624M->97M(1979M) 10.308ms
[15.491s][info][gc,cpu         ] GC(7) User=0.00s Sys=0.00s Real=0.02s
[15.558s][info][gc,start       ] GC(8) Pause Young (Allocation Failure)
[15.572s][info][gc,heap        ] GC(8) DefNew: 611422K(629120K)->46756K(629120K) Eden: 559232K(559232K)->0K(559232K) From: 52190K(69888K)->46756K(69888K)
[15.572s][info][gc,heap        ] GC(8) Tenured: 47761K(1398144K)->68262K(1398144K)
[15.572s][info][gc,metaspace   ] GC(8) Metaspace: 114643K(115968K)->114643K(115968K) NonClass: 99781K(100544K)->99781K(100544K) Class: 14861K(15424K)->14861K(15424K)
[15.572s][info][gc             ] GC(8) Pause Young (Allocation Failure) 643M->112M(1979M) 14.809ms
[15.572s][info][gc,cpu         ] GC(8) User=0.02s Sys=0.00s Real=0.01s
[15.645s][info][gc,start       ] GC(9) Pause Young (Allocation Failure)
[15.656s][info][gc,heap        ] GC(9) DefNew: 605988K(629120K)->46384K(629120K) Eden: 559232K(559232K)->0K(559232K) From: 46756K(69888K)->46384K(69888K)
[15.656s][info][gc,heap        ] GC(9) Tenured: 68262K(1398144K)->80557K(1398144K)
[15.656s][info][gc,metaspace   ] GC(9) Metaspace: 114659K(115968K)->114659K(115968K) NonClass: 99797K(100544K)->99797K(100544K) Class: 14861K(15424K)->14861K(15424K)
[15.656s][info][gc             ] GC(9) Pause Young (Allocation Failure) 658M->123M(1979M) 11.875ms
[15.656s][info][gc,cpu         ] GC(9) User=0.02s Sys=0.00s Real=0.00s
[15.719s][info][gc,start       ] GC(10) Pause Young (Allocation Failure)
[15.732s][info][gc,heap        ] GC(10) DefNew: 605616K(629120K)->31325K(629120K) Eden: 559232K(559232K)->0K(559232K) From: 46384K(69888K)->31325K(69888K)
[15.732s][info][gc,heap        ] GC(10) Tenured: 80557K(1398144K)->109477K(1398144K)
[15.732s][info][gc,metaspace   ] GC(10) Metaspace: 114664K(115968K)->114664K(115968K) NonClass: 99802K(100544K)->99802K(100544K) Class: 14861K(15424K)->14861K(15424K)
[15.732s][info][gc             ] GC(10) Pause Young (Allocation Failure) 670M->137M(1979M) 13.223ms
[15.732s][info][gc,cpu         ] GC(10) User=0.02s Sys=0.00s Real=0.03s
[15.793s][info][gc,start       ] GC(11) Pause Young (Allocation Failure)
[15.801s][info][gc,heap        ] GC(11) DefNew: 590038K(629120K)->58516K(629120K) Eden: 558712K(559232K)->0K(559232K) From: 31325K(69888K)->58516K(69888K)
[15.801s][info][gc,heap        ] GC(11) Tenured: 109477K(1398144K)->109477K(1398144K)
[15.801s][info][gc,metaspace   ] GC(11) Metaspace: 114666K(115968K)->114666K(115968K) NonClass: 99804K(100544K)->99804K(100544K) Class: 14861K(15424K)->14861K(15424K)
[15.801s][info][gc             ] GC(11) Pause Young (Allocation Failure) 683M->164M(1979M) 8.004ms
[15.801s][info][gc,cpu         ] GC(11) User=0.00s Sys=0.00s Real=0.02s
[15.878s][info][gc,start       ] GC(12) Pause Young (Allocation Failure)
[15.897s][info][gc,heap        ] GC(12) DefNew: 617748K(629120K)->46374K(629120K) Eden: 559232K(559232K)->0K(559232K) From: 58516K(69888K)->46374K(69888K)
[15.897s][info][gc,heap        ] GC(12) Tenured: 109477K(1398144K)->146522K(1398144K)
[15.897s][info][gc,metaspace   ] GC(12) Metaspace: 114667K(115968K)->114667K(115968K) NonClass: 99806K(100544K)->99806K(100544K) Class: 14861K(15424K)->14861K(15424K)
[15.897s][info][gc             ] GC(12) Pause Young (Allocation Failure) 710M->188M(1979M) 18.812ms
[15.897s][info][gc,cpu         ] GC(12) User=0.00s Sys=0.00s Real=0.02s
[15.959s][info][gc,start       ] GC(13) Pause Young (Allocation Failure)
[15.971s][info][gc,heap        ] GC(13) DefNew: 605606K(629120K)->50440K(629120K) Eden: 559232K(559232K)->0K(559232K) From: 46374K(69888K)->50440K(69888K)
[15.971s][info][gc,heap        ] GC(13) Tenured: 146522K(1398144K)->163172K(1398144K)
[15.971s][info][gc,metaspace   ] GC(13) Metaspace: 114667K(115968K)->114667K(115968K) NonClass: 99806K(100544K)->99806K(100544K) Class: 14861K(15424K)->14861K(15424K)
[15.971s][info][gc             ] GC(13) Pause Young (Allocation Failure) 734M->208M(1979M) 11.855ms
[15.971s][info][gc,cpu         ] GC(13) User=0.02s Sys=0.00s Real=0.00s
[16.035s][info][gc,start       ] GC(14) Pause Young (Allocation Failure)
[16.049s][info][gc,heap        ] GC(14) DefNew: 609672K(629120K)->53259K(629120K) Eden: 559232K(559232K)->0K(559232K) From: 50440K(69888K)->53259K(69888K)
[16.049s][info][gc,heap        ] GC(14) Tenured: 163172K(1398144K)->183720K(1398144K)
[16.049s][info][gc,metaspace   ] GC(14) Metaspace: 114669K(115968K)->114669K(115968K) NonClass: 99808K(100544K)->99808K(100544K) Class: 14861K(15424K)->14861K(15424K)
[16.049s][info][gc             ] GC(14) Pause Young (Allocation Failure) 754M->231M(1979M) 13.984ms
[16.049s][info][gc,cpu         ] GC(14) User=0.00s Sys=0.00s Real=0.00s
[16.111s][info][gc,start       ] GC(15) Pause Young (Allocation Failure)
[16.127s][info][gc,heap        ] GC(15) DefNew: 612491K(629120K)->39090K(629120K) Eden: 559232K(559232K)->0K(559232K) From: 53259K(69888K)->39090K(69888K)
[16.127s][info][gc,heap        ] GC(15) Tenured: 183720K(1398144K)->220840K(1398144K)
[16.127s][info][gc,metaspace   ] GC(15) Metaspace: 114670K(115968K)->114670K(115968K) NonClass: 99809K(100544K)->99809K(100544K) Class: 14861K(15424K)->14861K(15424K)
[16.127s][info][gc             ] GC(15) Pause Young (Allocation Failure) 777M->253M(1979M) 16.356ms
[16.127s][info][gc,cpu         ] GC(15) User=0.00s Sys=0.00s Real=0.01s
[16.192s][info][gc,start       ] GC(16) Pause Young (Allocation Failure)
[16.202s][info][gc,heap        ] GC(16) DefNew: 598322K(629120K)->50403K(629120K) Eden: 559232K(559232K)->0K(559232K) From: 39090K(69888K)->50403K(69888K)
[16.202s][info][gc,heap        ] GC(16) Tenured: 220840K(1398144K)->233230K(1398144K)
[16.202s][info][gc,metaspace   ] GC(16) Metaspace: 114678K(116032K)->114678K(116032K) NonClass: 99815K(100608K)->99815K(100608K) Class: 14862K(15424K)->14862K(15424K)
[16.202s][info][gc             ] GC(16) Pause Young (Allocation Failure) 799M->276M(1979M) 10.121ms
[16.202s][info][gc,cpu         ] GC(16) User=0.02s Sys=0.00s Real=0.00s
[16.264s][info][gc,start       ] GC(17) Pause Young (Allocation Failure)
[16.280s][info][gc,heap        ] GC(17) DefNew: 609635K(629120K)->47154K(629120K) Eden: 559232K(559232K)->0K(559232K) From: 50403K(69888K)->47154K(69888K)
[16.280s][info][gc,heap        ] GC(17) Tenured: 233230K(1398144K)->266233K(1398144K)
[16.280s][info][gc,metaspace   ] GC(17) Metaspace: 114678K(116032K)->114678K(116032K) NonClass: 99815K(100608K)->99815K(100608K) Class: 14862K(15424K)->14862K(15424K)
[16.280s][info][gc             ] GC(17) Pause Young (Allocation Failure) 823M->306M(1979M) 16.065ms
[16.280s][info][gc,cpu         ] GC(17) User=0.00s Sys=0.02s Real=0.02s
[16.342s][info][gc,start       ] GC(18) Pause Young (Allocation Failure)
[16.353s][info][gc,heap        ] GC(18) DefNew: 606386K(629120K)->43792K(629120K) Eden: 559232K(559232K)->0K(559232K) From: 47154K(69888K)->43792K(69888K)
[16.353s][info][gc,heap        ] GC(18) Tenured: 266233K(1398144K)->286799K(1398144K)
[16.353s][info][gc,metaspace   ] GC(18) Metaspace: 114679K(116032K)->114679K(116032K) NonClass: 99816K(100608K)->99816K(100608K) Class: 14862K(15424K)->14862K(15424K)
[16.353s][info][gc             ] GC(18) Pause Young (Allocation Failure) 852M->322M(1979M) 11.558ms
[16.353s][info][gc,cpu         ] GC(18) User=0.00s Sys=0.00s Real=0.02s
[16.416s][info][gc,start       ] GC(19) Pause Young (Allocation Failure)
[16.429s][info][gc,heap        ] GC(19) DefNew: 603024K(629120K)->44220K(629120K) Eden: 559232K(559232K)->0K(559232K) From: 43792K(69888K)->44220K(69888K)
[16.429s][info][gc,heap        ] GC(19) Tenured: 286799K(1398144K)->311544K(1398144K)
[16.429s][info][gc,metaspace   ] GC(19) Metaspace: 114680K(116032K)->114680K(116032K) NonClass: 99817K(100608K)->99817K(100608K) Class: 14862K(15424K)->14862K(15424K)
[16.430s][info][gc             ] GC(19) Pause Young (Allocation Failure) 868M->347M(1979M) 13.448ms
[16.430s][info][gc,cpu         ] GC(19) User=0.02s Sys=0.00s Real=0.02s
[16.489s][info][gc,start       ] GC(20) Pause Young (Allocation Failure)
[16.501s][info][gc,heap        ] GC(20) DefNew: 603452K(629120K)->41093K(629120K) Eden: 559232K(559232K)->0K(559232K) From: 44220K(69888K)->41093K(69888K)
[16.501s][info][gc,heap        ] GC(20) Tenured: 311544K(1398144K)->332291K(1398144K)
[16.501s][info][gc,metaspace   ] GC(20) Metaspace: 114680K(116032K)->114680K(116032K) NonClass: 99817K(100608K)->99817K(100608K) Class: 14862K(15424K)->14862K(15424K)
[16.501s][info][gc             ] GC(20) Pause Young (Allocation Failure) 893M->364M(1979M) 11.856ms
[16.501s][info][gc,cpu         ] GC(20) User=0.00s Sys=0.02s Real=0.01s
[16.565s][info][gc,start       ] GC(21) Pause Young (Allocation Failure)
[16.577s][info][gc,heap        ] GC(21) DefNew: 600325K(629120K)->50392K(629120K) Eden: 559232K(559232K)->0K(559232K) From: 41093K(69888K)->50392K(69888K)
[16.577s][info][gc,heap        ] GC(21) Tenured: 332291K(1398144K)->352762K(1398144K)
[16.577s][info][gc,metaspace   ] GC(21) Metaspace: 114681K(116032K)->114681K(116032K) NonClass: 99818K(100608K)->99818K(100608K) Class: 14862K(15424K)->14862K(15424K)
[16.577s][info][gc             ] GC(21) Pause Young (Allocation Failure) 910M->393M(1979M) 12.371ms
[16.578s][info][gc,cpu         ] GC(21) User=0.00s Sys=0.02s Real=0.02s
[16.649s][info][gc,start       ] GC(22) Pause Young (Allocation Failure)
[16.666s][info][gc,heap        ] GC(22) DefNew: 609624K(629120K)->44688K(629120K) Eden: 559232K(559232K)->0K(559232K) From: 50392K(69888K)->44688K(69888K)
[16.666s][info][gc,heap        ] GC(22) Tenured: 352762K(1398144K)->385842K(1398144K)
[16.666s][info][gc,metaspace   ] GC(22) Metaspace: 114682K(116032K)->114682K(116032K) NonClass: 99819K(100608K)->99819K(100608K) Class: 14862K(15424K)->14862K(15424K)
[16.666s][info][gc             ] GC(22) Pause Young (Allocation Failure) 939M->420M(1979M) 16.795ms
[16.666s][info][gc,cpu         ] GC(22) User=0.00s Sys=0.00s Real=0.02s
[16.731s][info][gc,start       ] GC(23) Pause Young (Allocation Failure)
[16.741s][info][gc,heap        ] GC(23) DefNew: 603920K(629120K)->44344K(629120K) Eden: 559232K(559232K)->0K(559232K) From: 44688K(69888K)->44344K(69888K)
[16.741s][info][gc,heap        ] GC(23) Tenured: 385842K(1398144K)->402193K(1398144K)
[16.741s][info][gc,metaspace   ] GC(23) Metaspace: 114685K(116032K)->114685K(116032K) NonClass: 99822K(100608K)->99822K(100608K) Class: 14862K(15424K)->14862K(15424K)
[16.741s][info][gc             ] GC(23) Pause Young (Allocation Failure) 966M->436M(1979M) 10.626ms
[16.741s][info][gc,cpu         ] GC(23) User=0.02s Sys=0.00s Real=0.01s
[16.800s][info][gc,start       ] GC(24) Pause Young (Allocation Failure)
[16.816s][info][gc,heap        ] GC(24) DefNew: 603576K(629120K)->29699K(629120K) Eden: 559232K(559232K)->0K(559232K) From: 44344K(69888K)->29699K(69888K)
[16.816s][info][gc,heap        ] GC(24) Tenured: 402193K(1398144K)->439374K(1398144K)
[16.816s][info][gc,metaspace   ] GC(24) Metaspace: 114685K(116032K)->114685K(116032K) NonClass: 99822K(100608K)->99822K(100608K) Class: 14862K(15424K)->14862K(15424K)
[16.816s][info][gc             ] GC(24) Pause Young (Allocation Failure) 982M->458M(1979M) 15.580ms
[16.816s][info][gc,cpu         ] GC(24) User=0.02s Sys=0.00s Real=0.02s
[16.880s][info][gc,start       ] GC(25) Pause Young (Allocation Failure)
[16.886s][info][gc,heap        ] GC(25) DefNew: 588931K(629120K)->50102K(629120K) Eden: 559232K(559232K)->0K(559232K) From: 29699K(69888K)->50102K(69888K)
[16.886s][info][gc,heap        ] GC(25) Tenured: 439374K(1398144K)->439374K(1398144K)
[16.886s][info][gc,metaspace   ] GC(25) Metaspace: 114686K(116032K)->114686K(116032K) NonClass: 99823K(100608K)->99823K(100608K) Class: 14862K(15424K)->14862K(15424K)
[16.886s][info][gc             ] GC(25) Pause Young (Allocation Failure) 1004M->478M(1979M) 6.038ms
[16.886s][info][gc,cpu         ] GC(25) User=0.00s Sys=0.00s Real=0.00s
[16.945s][info][gc,start       ] GC(26) Pause Young (Allocation Failure)
[16.962s][info][gc,heap        ] GC(26) DefNew: 609334K(629120K)->33123K(629120K) Eden: 559232K(559232K)->0K(559232K) From: 50102K(69888K)->33123K(69888K)
[16.962s][info][gc,heap        ] GC(26) Tenured: 439374K(1398144K)->480745K(1398144K)
[16.962s][info][gc,metaspace   ] GC(26) Metaspace: 114686K(116032K)->114686K(116032K) NonClass: 99823K(100608K)->99823K(100608K) Class: 14862K(15424K)->14862K(15424K)
[16.962s][info][gc             ] GC(26) Pause Young (Allocation Failure) 1024M->501M(1979M) 16.986ms
[16.962s][info][gc,cpu         ] GC(26) User=0.00s Sys=0.00s Real=0.01s
[17.028s][info][gc,start       ] GC(27) Pause Young (Allocation Failure)
[17.035s][info][gc,heap        ] GC(27) DefNew: 592355K(629120K)->60860K(629120K) Eden: 559232K(559232K)->0K(559232K) From: 33123K(69888K)->60860K(69888K)
[17.035s][info][gc,heap        ] GC(27) Tenured: 480745K(1398144K)->480745K(1398144K)
[17.035s][info][gc,metaspace   ] GC(27) Metaspace: 114692K(116032K)->114692K(116032K) NonClass: 99829K(100608K)->99829K(100608K) Class: 14862K(15424K)->14862K(15424K)
[17.035s][info][gc             ] GC(27) Pause Young (Allocation Failure) 1047M->528M(1979M) 7.445ms
[17.035s][info][gc,cpu         ] GC(27) User=0.02s Sys=0.00s Real=0.01s
[17.094s][info][gc,start       ] GC(28) Pause Young (Allocation Failure)
[17.114s][info][gc,heap        ] GC(28) DefNew: 620092K(629120K)->34926K(629120K) Eden: 559232K(559232K)->0K(559232K) From: 60860K(69888K)->34926K(69888K)
[17.114s][info][gc,heap        ] GC(28) Tenured: 480745K(1398144K)->526141K(1398144K)
[17.114s][info][gc,metaspace   ] GC(28) Metaspace: 114692K(116032K)->114692K(116032K) NonClass: 99829K(100608K)->99829K(100608K) Class: 14862K(15424K)->14862K(15424K)
[17.114s][info][gc             ] GC(28) Pause Young (Allocation Failure) 1075M->547M(1979M) 19.851ms
[17.114s][info][gc,cpu         ] GC(28) User=0.02s Sys=0.00s Real=0.03s
[17.179s][info][gc,start       ] GC(29) Pause Young (Allocation Failure)
[17.187s][info][gc,heap        ] GC(29) DefNew: 594158K(629120K)->64890K(629120K) Eden: 559232K(559232K)->0K(559232K) From: 34926K(69888K)->64890K(69888K)
[17.187s][info][gc,heap        ] GC(29) Tenured: 526141K(1398144K)->526141K(1398144K)
[17.187s][info][gc,metaspace   ] GC(29) Metaspace: 114693K(116032K)->114693K(116032K) NonClass: 99830K(100608K)->99830K(100608K) Class: 14862K(15424K)->14862K(15424K)
[17.187s][info][gc             ] GC(29) Pause Young (Allocation Failure) 1094M->577M(1979M) 8.132ms
[17.187s][info][gc,cpu         ] GC(29) User=0.00s Sys=0.00s Real=0.00s
[17.254s][info][gc,start       ] GC(30) Pause Young (Allocation Failure)
[17.272s][info][gc,heap        ] GC(30) DefNew: 624122K(629120K)->40008K(629120K) Eden: 559232K(559232K)->0K(559232K) From: 64890K(69888K)->40008K(69888K)
[17.272s][info][gc,heap        ] GC(30) Tenured: 526141K(1398144K)->567135K(1398144K)
[17.272s][info][gc,metaspace   ] GC(30) Metaspace: 114703K(116032K)->114703K(116032K) NonClass: 99840K(100608K)->99840K(100608K) Class: 14862K(15424K)->14862K(15424K)
[17.272s][info][gc             ] GC(30) Pause Young (Allocation Failure) 1123M->592M(1979M) 17.967ms
[17.272s][info][gc,cpu         ] GC(30) User=0.02s Sys=0.00s Real=0.02s
[17.333s][info][gc,start       ] GC(31) Pause Young (Allocation Failure)
[17.346s][info][gc,heap        ] GC(31) DefNew: 599240K(629120K)->30762K(629120K) Eden: 559232K(559232K)->0K(559232K) From: 40008K(69888K)->30762K(69888K)
[17.346s][info][gc,heap        ] GC(31) Tenured: 567135K(1398144K)->596055K(1398144K)
[17.346s][info][gc,metaspace   ] GC(31) Metaspace: 114703K(116032K)->114703K(116032K) NonClass: 99840K(100608K)->99840K(100608K) Class: 14862K(15424K)->14862K(15424K)
[17.346s][info][gc             ] GC(31) Pause Young (Allocation Failure) 1139M->612M(1979M) 13.216ms
[17.346s][info][gc,cpu         ] GC(31) User=0.00s Sys=0.02s Real=0.02s
[17.410s][info][gc,start       ] GC(32) Pause Young (Allocation Failure)
[17.416s][info][gc,heap        ] GC(32) DefNew: 589994K(629120K)->48066K(629120K) Eden: 559232K(559232K)->0K(559232K) From: 30762K(69888K)->48066K(69888K)
[17.416s][info][gc,heap        ] GC(32) Tenured: 596055K(1398144K)->596055K(1398144K)
[17.416s][info][gc,metaspace   ] GC(32) Metaspace: 114704K(116032K)->114704K(116032K) NonClass: 99841K(100608K)->99841K(100608K) Class: 14862K(15424K)->14862K(15424K)
[17.416s][info][gc             ] GC(32) Pause Young (Allocation Failure) 1158M->629M(1979M) 5.789ms
[17.416s][info][gc,cpu         ] GC(32) User=0.00s Sys=0.00s Real=0.00s
[17.476s][info][gc,start       ] GC(33) Pause Young (Allocation Failure)
[17.493s][info][gc,heap        ] GC(33) DefNew: 607298K(629120K)->36346K(629120K) Eden: 559232K(559232K)->0K(559232K) From: 48066K(69888K)->36346K(69888K)
[17.493s][info][gc,heap        ] GC(33) Tenured: 596055K(1398144K)->637337K(1398144K)
[17.493s][info][gc,metaspace   ] GC(33) Metaspace: 114713K(116032K)->114713K(116032K) NonClass: 99850K(100608K)->99850K(100608K) Class: 14862K(15424K)->14862K(15424K)
[17.493s][info][gc             ] GC(33) Pause Young (Allocation Failure) 1175M->657M(1979M) 17.525ms
[17.493s][info][gc,cpu         ] GC(33) User=0.03s Sys=0.00s Real=0.01s
[17.557s][info][gc,start       ] GC(34) Pause Young (Allocation Failure)
[17.566s][info][gc,heap        ] GC(34) DefNew: 595578K(629120K)->56989K(629120K) Eden: 559232K(559232K)->0K(559232K) From: 36346K(69888K)->56989K(69888K)
[17.566s][info][gc,heap        ] GC(34) Tenured: 637337K(1398144K)->641519K(1398144K)
[17.566s][info][gc,metaspace   ] GC(34) Metaspace: 114714K(116032K)->114714K(116032K) NonClass: 99852K(100608K)->99852K(100608K) Class: 14862K(15424K)->14862K(15424K)
[17.566s][info][gc             ] GC(34) Pause Young (Allocation Failure) 1204M->682M(1979M) 8.770ms
[17.566s][info][gc,cpu         ] GC(34) User=0.02s Sys=0.00s Real=0.02s
[17.626s][info][gc,start       ] GC(35) Pause Young (Allocation Failure)
[17.643s][info][gc,heap        ] GC(35) DefNew: 616221K(629120K)->38101K(629120K) Eden: 559232K(559232K)->0K(559232K) From: 56989K(69888K)->38101K(69888K)
[17.643s][info][gc,heap        ] GC(35) Tenured: 641519K(1398144K)->682815K(1398144K)
[17.643s][info][gc,metaspace   ] GC(35) Metaspace: 114721K(116032K)->114721K(116032K) NonClass: 99858K(100608K)->99858K(100608K) Class: 14862K(15424K)->14862K(15424K)
[17.643s][info][gc             ] GC(35) Pause Young (Allocation Failure) 1228M->704M(1979M) 17.498ms
[17.643s][info][gc,cpu         ] GC(35) User=0.02s Sys=0.00s Real=0.02s
[17.705s][info][gc,start       ] GC(36) Pause Young (Allocation Failure)
[17.714s][info][gc,heap        ] GC(36) DefNew: 594277K(629120K)->50603K(629120K) Eden: 556176K(559232K)->0K(559232K) From: 38101K(69888K)->50603K(69888K)
[17.714s][info][gc,heap        ] GC(36) Tenured: 682815K(1398144K)->691090K(1398144K)
[17.714s][info][gc,metaspace   ] GC(36) Metaspace: 114727K(116032K)->114727K(116032K) NonClass: 99864K(100608K)->99864K(100608K) Class: 14862K(15424K)->14862K(15424K)
[17.714s][info][gc             ] GC(36) Pause Young (Allocation Failure) 1247M->724M(1979M) 8.903ms
[17.714s][info][gc,cpu         ] GC(36) User=0.00s Sys=0.00s Real=0.02s
[17.774s][info][gc,start       ] GC(37) Pause Young (Allocation Failure)
[17.790s][info][gc,heap        ] GC(37) DefNew: 609835K(629120K)->38039K(629120K) Eden: 559232K(559232K)->0K(559232K) From: 50603K(69888K)->38039K(69888K)
[17.790s][info][gc,heap        ] GC(37) Tenured: 691090K(1398144K)->728371K(1398144K)
[17.790s][info][gc,metaspace   ] GC(37) Metaspace: 114728K(116032K)->114728K(116032K) NonClass: 99865K(100608K)->99865K(100608K) Class: 14862K(15424K)->14862K(15424K)
[17.790s][info][gc             ] GC(37) Pause Young (Allocation Failure) 1270M->748M(1979M) 16.423ms
[17.790s][info][gc,cpu         ] GC(37) User=0.00s Sys=0.02s Real=0.02s
[17.854s][info][gc,start       ] GC(38) Pause Young (Allocation Failure)
[17.865s][info][gc,heap        ] GC(38) DefNew: 597271K(629120K)->63330K(629120K) Eden: 559232K(559232K)->0K(559232K) From: 38039K(69888K)->63330K(69888K)
[17.865s][info][gc,heap        ] GC(38) Tenured: 728371K(1398144K)->736567K(1398144K)
[17.865s][info][gc,metaspace   ] GC(38) Metaspace: 114730K(116032K)->114730K(116032K) NonClass: 99867K(100608K)->99867K(100608K) Class: 14862K(15424K)->14862K(15424K)
[17.865s][info][gc             ] GC(38) Pause Young (Allocation Failure) 1294M->781M(1979M) 11.194ms
[17.865s][info][gc,cpu         ] GC(38) User=0.02s Sys=0.00s Real=0.00s
[17.924s][info][gc,start       ] GC(39) Pause Young (Allocation Failure)
[17.943s][info][gc,heap        ] GC(39) DefNew: 622562K(629120K)->46817K(629120K) Eden: 559232K(559232K)->0K(559232K) From: 63330K(69888K)->46817K(69888K)
[17.943s][info][gc,heap        ] GC(39) Tenured: 736567K(1398144K)->777820K(1398144K)
[17.943s][info][gc,metaspace   ] GC(39) Metaspace: 114730K(116032K)->114730K(116032K) NonClass: 99867K(100608K)->99867K(100608K) Class: 14862K(15424K)->14862K(15424K)
[17.943s][info][gc             ] GC(39) Pause Young (Allocation Failure) 1327M->805M(1979M) 18.713ms
[17.943s][info][gc,cpu         ] GC(39) User=0.00s Sys=0.02s Real=0.02s
[18.007s][info][gc,start       ] GC(40) Pause Young (Allocation Failure)
[18.017s][info][gc,heap        ] GC(40) DefNew: 606049K(629120K)->59554K(629120K) Eden: 559232K(559232K)->0K(559232K) From: 46817K(69888K)->59554K(69888K)
[18.017s][info][gc,heap        ] GC(40) Tenured: 777820K(1398144K)->790115K(1398144K)
[18.017s][info][gc,metaspace   ] GC(40) Metaspace: 114730K(116032K)->114730K(116032K) NonClass: 99867K(100608K)->99867K(100608K) Class: 14862K(15424K)->14862K(15424K)
[18.017s][info][gc             ] GC(40) Pause Young (Allocation Failure) 1351M->829M(1979M) 10.639ms
[18.017s][info][gc,cpu         ] GC(40) User=0.02s Sys=0.00s Real=0.00s
[18.080s][info][gc,start       ] GC(41) Pause Young (Allocation Failure)
[18.098s][info][gc,heap        ] GC(41) DefNew: 618786K(629120K)->26997K(629120K) Eden: 559232K(559232K)->0K(559232K) From: 59554K(69888K)->26997K(69888K)
[18.098s][info][gc,heap        ] GC(41) Tenured: 790115K(1398144K)->835230K(1398144K)
[18.098s][info][gc,metaspace   ] GC(41) Metaspace: 114735K(116032K)->114735K(116032K) NonClass: 99873K(100608K)->99873K(100608K) Class: 14862K(15424K)->14862K(15424K)
[18.098s][info][gc             ] GC(41) Pause Young (Allocation Failure) 1375M->842M(1979M) 18.220ms
[18.098s][info][gc,cpu         ] GC(41) User=0.00s Sys=0.02s Real=0.02s
[18.159s][info][gc,start       ] GC(42) Pause Young (Allocation Failure)
[18.165s][info][gc,heap        ] GC(42) DefNew: 586229K(629120K)->45249K(629120K) Eden: 559232K(559232K)->0K(559232K) From: 26997K(69888K)->45249K(69888K)
[18.165s][info][gc,heap        ] GC(42) Tenured: 835230K(1398144K)->835230K(1398144K)
[18.165s][info][gc,metaspace   ] GC(42) Metaspace: 114748K(116032K)->114748K(116032K) NonClass: 99885K(100608K)->99885K(100608K) Class: 14862K(15424K)->14862K(15424K)
[18.165s][info][gc             ] GC(42) Pause Young (Allocation Failure) 1388M->859M(1979M) 5.704ms
[18.165s][info][gc,cpu         ] GC(42) User=0.00s Sys=0.00s Real=0.02s
[18.229s][info][gc,start       ] GC(43) Pause Young (Allocation Failure)
[18.240s][info][gc,heap        ] GC(43) DefNew: 604481K(629120K)->44784K(629120K) Eden: 559232K(559232K)->0K(559232K) From: 45249K(69888K)->44784K(69888K)
[18.240s][info][gc,heap        ] GC(43) Tenured: 835230K(1398144K)->851621K(1398144K)
[18.240s][info][gc,metaspace   ] GC(43) Metaspace: 114771K(116096K)->114771K(116096K) NonClass: 99908K(100672K)->99908K(100672K) Class: 14862K(15424K)->14862K(15424K)
[18.240s][info][gc             ] GC(43) Pause Young (Allocation Failure) 1405M->875M(1979M) 10.724ms
[18.240s][info][gc,cpu         ] GC(43) User=0.00s Sys=0.00s Real=0.02s
[18.299s][info][gc,start       ] GC(44) Pause Young (Allocation Failure)
[18.308s][info][gc,heap        ] GC(44) DefNew: 604016K(629120K)->42325K(629120K) Eden: 559232K(559232K)->0K(559232K) From: 44784K(69888K)->42325K(69888K)
[18.308s][info][gc,heap        ] GC(44) Tenured: 851621K(1398144K)->863915K(1398144K)
[18.308s][info][gc,metaspace   ] GC(44) Metaspace: 114774K(116096K)->114774K(116096K) NonClass: 99911K(100672K)->99911K(100672K) Class: 14862K(15424K)->14862K(15424K)
[18.308s][info][gc             ] GC(44) Pause Young (Allocation Failure) 1421M->885M(1979M) 8.924ms
[18.308s][info][gc,cpu         ] GC(44) User=0.00s Sys=0.00s Real=0.00s
[18.374s][info][gc,start       ] GC(45) Pause Young (Allocation Failure)
[18.384s][info][gc,heap        ] GC(45) DefNew: 601557K(629120K)->39929K(629120K) Eden: 559232K(559232K)->0K(559232K) From: 42325K(69888K)->39929K(69888K)
[18.384s][info][gc,heap        ] GC(45) Tenured: 863915K(1398144K)->880324K(1398144K)
[18.384s][info][gc,metaspace   ] GC(45) Metaspace: 114775K(116096K)->114775K(116096K) NonClass: 99912K(100672K)->99912K(100672K) Class: 14862K(15424K)->14862K(15424K)
[18.384s][info][gc             ] GC(45) Pause Young (Allocation Failure) 1431M->898M(1979M) 10.120ms
[18.384s][info][gc,cpu         ] GC(45) User=0.00s Sys=0.00s Real=0.00s
[18.443s][info][gc,start       ] GC(46) Pause Young (Allocation Failure)
[18.451s][info][gc,heap        ] GC(46) DefNew: 599161K(629120K)->48565K(629120K) Eden: 559232K(559232K)->0K(559232K) From: 39929K(69888K)->48565K(69888K)
[18.451s][info][gc,heap        ] GC(46) Tenured: 880324K(1398144K)->888500K(1398144K)
[18.451s][info][gc,metaspace   ] GC(46) Metaspace: 114775K(116096K)->114775K(116096K) NonClass: 99912K(100672K)->99912K(100672K) Class: 14862K(15424K)->14862K(15424K)
[18.451s][info][gc             ] GC(46) Pause Young (Allocation Failure) 1444M->915M(1979M) 8.603ms
[18.451s][info][gc,cpu         ] GC(46) User=0.00s Sys=0.00s Real=0.01s
[18.514s][info][gc,start       ] GC(47) Pause Young (Allocation Failure)
[18.525s][info][gc,heap        ] GC(47) DefNew: 606639K(629120K)->39208K(629120K) Eden: 558074K(559232K)->0K(559232K) From: 48565K(69888K)->39208K(69888K)
[18.525s][info][gc,heap        ] GC(47) Tenured: 888500K(1398144K)->908985K(1398144K)
[18.525s][info][gc,metaspace   ] GC(47) Metaspace: 114775K(116096K)->114775K(116096K) NonClass: 99912K(100672K)->99912K(100672K) Class: 14862K(15424K)->14862K(15424K)
[18.525s][info][gc             ] GC(47) Pause Young (Allocation Failure) 1460M->925M(1979M) 11.374ms
[18.525s][info][gc,cpu         ] GC(47) User=0.02s Sys=0.00s Real=0.02s
[18.586s][info][gc,start       ] GC(48) Pause Young (Allocation Failure)
[18.598s][info][gc,heap        ] GC(48) DefNew: 598440K(629120K)->37056K(629120K) Eden: 559232K(559232K)->0K(559232K) From: 39208K(69888K)->37056K(69888K)
[18.598s][info][gc,heap        ] GC(48) Tenured: 908985K(1398144K)->933974K(1398144K)
[18.598s][info][gc,metaspace   ] GC(48) Metaspace: 114775K(116096K)->114775K(116096K) NonClass: 99912K(100672K)->99912K(100672K) Class: 14862K(15424K)->14862K(15424K)
[18.598s][info][gc             ] GC(48) Pause Young (Allocation Failure) 1472M->948M(1979M) 12.331ms
[18.598s][info][gc,cpu         ] GC(48) User=0.02s Sys=0.00s Real=0.01s
[18.661s][info][gc,start       ] GC(49) Pause Young (Allocation Failure)
[18.669s][info][gc,heap        ] GC(49) DefNew: 596288K(629120K)->59392K(629120K) Eden: 559232K(559232K)->0K(559232K) From: 37056K(69888K)->59392K(69888K)
[18.669s][info][gc,heap        ] GC(49) Tenured: 933974K(1398144K)->938152K(1398144K)
[18.669s][info][gc,metaspace   ] GC(49) Metaspace: 114775K(116096K)->114775K(116096K) NonClass: 99912K(100672K)->99912K(100672K) Class: 14862K(15424K)->14862K(15424K)
[18.670s][info][gc             ] GC(49) Pause Young (Allocation Failure) 1494M->974M(1979M) 8.375ms
[18.670s][info][gc,cpu         ] GC(49) User=0.00s Sys=0.00s Real=0.02s
[18.729s][info][gc,start       ] GC(50) Pause Young (Allocation Failure)
[18.747s][info][gc,heap        ] GC(50) DefNew: 618624K(629120K)->41497K(629120K) Eden: 559232K(559232K)->0K(559232K) From: 59392K(69888K)->41497K(69888K)
[18.747s][info][gc,heap        ] GC(50) Tenured: 938152K(1398144K)->979447K(1398144K)
[18.747s][info][gc,metaspace   ] GC(50) Metaspace: 114775K(116096K)->114775K(116096K) NonClass: 99912K(100672K)->99912K(100672K) Class: 14862K(15424K)->14862K(15424K)
[18.747s][info][gc             ] GC(50) Pause Young (Allocation Failure) 1520M->997M(1979M) 18.206ms
[18.747s][info][gc,cpu         ] GC(50) User=0.00s Sys=0.02s Real=0.03s
[18.810s][info][gc,start       ] GC(51) Pause Young (Allocation Failure)
[18.822s][info][gc,heap        ] GC(51) DefNew: 600729K(629120K)->55474K(629120K) Eden: 559232K(559232K)->0K(559232K) From: 41497K(69888K)->55474K(69888K)
[18.822s][info][gc,heap        ] GC(51) Tenured: 979447K(1398144K)->995836K(1398144K)
[18.822s][info][gc,metaspace   ] GC(51) Metaspace: 114776K(116096K)->114776K(116096K) NonClass: 99913K(100672K)->99913K(100672K) Class: 14862K(15424K)->14862K(15424K)
[18.822s][info][gc             ] GC(51) Pause Young (Allocation Failure) 1543M->1026M(1979M) 11.674ms
[18.822s][info][gc,cpu         ] GC(51) User=0.02s Sys=0.00s Real=0.00s
[18.882s][info][gc,start       ] GC(52) Pause Young (Allocation Failure)
[18.899s][info][gc,heap        ] GC(52) DefNew: 612954K(629120K)->30707K(629120K) Eden: 557479K(559232K)->0K(559232K) From: 55474K(69888K)->30707K(69888K)
[18.899s][info][gc,heap        ] GC(52) Tenured: 995836K(1398144K)->1037051K(1398144K)
[18.899s][info][gc,metaspace   ] GC(52) Metaspace: 114777K(116096K)->114777K(116096K) NonClass: 99914K(100672K)->99914K(100672K) Class: 14862K(15424K)->14862K(15424K)
[18.899s][info][gc             ] GC(52) Pause Young (Allocation Failure) 1571M->1042M(1979M) 17.161ms
[18.899s][info][gc,cpu         ] GC(52) User=0.00s Sys=0.02s Real=0.02s
[18.961s][info][gc,start       ] GC(53) Pause Young (Allocation Failure)
[18.968s][info][gc,heap        ] GC(53) DefNew: 589939K(629120K)->55976K(629120K) Eden: 559232K(559232K)->0K(559232K) From: 30707K(69888K)->55976K(69888K)
[18.968s][info][gc,heap        ] GC(53) Tenured: 1037051K(1398144K)->1037051K(1398144K)
[18.968s][info][gc,metaspace   ] GC(53) Metaspace: 114782K(116096K)->114782K(116096K) NonClass: 99919K(100672K)->99919K(100672K) Class: 14862K(15424K)->14862K(15424K)
[18.969s][info][gc             ] GC(53) Pause Young (Allocation Failure) 1588M->1067M(1979M) 7.048ms
[18.969s][info][gc,cpu         ] GC(53) User=0.00s Sys=0.00s Real=0.01s
[19.029s][info][gc,start       ] GC(54) Pause Young (Allocation Failure)
[19.047s][info][gc,heap        ] GC(54) DefNew: 614308K(629120K)->39594K(629120K) Eden: 558332K(559232K)->0K(559232K) From: 55976K(69888K)->39594K(69888K)
[19.047s][info][gc,heap        ] GC(54) Tenured: 1037051K(1398144K)->1078194K(1398144K)
[19.047s][info][gc,metaspace   ] GC(54) Metaspace: 114783K(116096K)->114783K(116096K) NonClass: 99920K(100672K)->99920K(100672K) Class: 14862K(15424K)->14862K(15424K)
[19.047s][info][gc             ] GC(54) Pause Young (Allocation Failure) 1612M->1091M(1979M) 17.538ms
[19.047s][info][gc,cpu         ] GC(54) User=0.05s Sys=0.00s Real=0.02s
[19.108s][info][gc,start       ] GC(55) Pause Young (Allocation Failure)
[19.121s][info][gc,heap        ] GC(55) DefNew: 598826K(629120K)->42185K(629120K) Eden: 559232K(559232K)->0K(559232K) From: 39594K(69888K)->42185K(69888K)
[19.121s][info][gc,heap        ] GC(55) Tenured: 1078194K(1398144K)->1098797K(1398144K)
[19.121s][info][gc,metaspace   ] GC(55) Metaspace: 114783K(116096K)->114783K(116096K) NonClass: 99920K(100672K)->99920K(100672K) Class: 14862K(15424K)->14862K(15424K)
[19.121s][info][gc             ] GC(55) Pause Young (Allocation Failure) 1637M->1114M(1979M) 12.253ms
[19.121s][info][gc,cpu         ] GC(55) User=0.02s Sys=0.00s Real=0.00s
[19.186s][info][gc,start       ] GC(56) Pause Young (Allocation Failure)
[19.199s][info][gc,heap        ] GC(56) DefNew: 601417K(629120K)->39348K(629120K) Eden: 559232K(559232K)->0K(559232K) From: 42185K(69888K)->39348K(69888K)
[19.199s][info][gc,heap        ] GC(56) Tenured: 1098797K(1398144K)->1123425K(1398144K)
[19.199s][info][gc,metaspace   ] GC(56) Metaspace: 114784K(116096K)->114784K(116096K) NonClass: 99922K(100672K)->99922K(100672K) Class: 14862K(15424K)->14862K(15424K)
[19.199s][info][gc             ] GC(56) Pause Young (Allocation Failure) 1660M->1135M(1979M) 12.771ms
[19.199s][info][gc,cpu         ] GC(56) User=0.00s Sys=0.00s Real=0.02s
[19.256s][info][gc,start       ] GC(57) Pause Young (Allocation Failure)
[19.268s][info][gc,heap        ] GC(57) DefNew: 593768K(629120K)->32914K(629120K) Eden: 554420K(559232K)->0K(559232K) From: 39348K(69888K)->32914K(69888K)
[19.268s][info][gc,heap        ] GC(57) Tenured: 1123425K(1398144K)->1148276K(1398144K)
[19.268s][info][gc,metaspace   ] GC(57) Metaspace: 114785K(116096K)->114785K(116096K) NonClass: 99922K(100672K)->99922K(100672K) Class: 14862K(15424K)->14862K(15424K)
[19.268s][info][gc             ] GC(57) Pause Young (Allocation Failure) 1676M->1153M(1979M) 12.057ms
[19.268s][info][gc,cpu         ] GC(57) User=0.00s Sys=0.00s Real=0.02s
[19.332s][info][gc,start       ] GC(58) Pause Young (Allocation Failure)
[19.339s][info][gc,heap        ] GC(58) DefNew: 592146K(629120K)->62524K(629120K) Eden: 559232K(559232K)->0K(559232K) From: 32914K(69888K)->62524K(69888K)
[19.339s][info][gc,heap        ] GC(58) Tenured: 1148276K(1398144K)->1148276K(1398144K)
[19.339s][info][gc,metaspace   ] GC(58) Metaspace: 114786K(116096K)->114786K(116096K) NonClass: 99923K(100672K)->99923K(100672K) Class: 14862K(15424K)->14862K(15424K)
[19.339s][info][gc             ] GC(58) Pause Young (Allocation Failure) 1699M->1182M(1979M) 7.209ms
[19.339s][info][gc,cpu         ] GC(58) User=0.00s Sys=0.00s Real=0.00s
[19.397s][info][gc,start       ] GC(59) Pause Young (Allocation Failure)
[19.415s][info][gc,heap        ] GC(59) DefNew: 621756K(629120K)->32458K(629120K) Eden: 559232K(559232K)->0K(559232K) From: 62524K(69888K)->32458K(69888K)
[19.415s][info][gc,heap        ] GC(59) Tenured: 1148276K(1398144K)->1193666K(1398144K)
[19.415s][info][gc,metaspace   ] GC(59) Metaspace: 114786K(116096K)->114786K(116096K) NonClass: 99923K(100672K)->99923K(100672K) Class: 14862K(15424K)->14862K(15424K)
[19.415s][info][gc             ] GC(59) Pause Young (Allocation Failure) 1728M->1197M(1979M) 18.061ms
[19.415s][info][gc,cpu         ] GC(59) User=0.02s Sys=0.00s Real=0.02s
[19.477s][info][gc,start       ] GC(60) Pause Young (Allocation Failure)
[19.484s][info][gc,heap        ] GC(60) DefNew: 591690K(629120K)->51606K(629120K) Eden: 559232K(559232K)->0K(559232K) From: 32458K(69888K)->51606K(69888K)
[19.484s][info][gc,heap        ] GC(60) Tenured: 1193666K(1398144K)->1193666K(1398144K)
[19.484s][info][gc,metaspace   ] GC(60) Metaspace: 114786K(116096K)->114786K(116096K) NonClass: 99923K(100672K)->99923K(100672K) Class: 14862K(15424K)->14862K(15424K)
[19.484s][info][gc             ] GC(60) Pause Young (Allocation Failure) 1743M->1216M(1979M) 6.487ms
[19.484s][info][gc,cpu         ] GC(60) User=0.02s Sys=0.00s Real=0.02s
[19.547s][info][gc,start       ] GC(61) Pause Young (Allocation Failure)
[19.565s][info][gc,heap        ] GC(61) DefNew: 610838K(629120K)->43684K(629120K) Eden: 559232K(559232K)->0K(559232K) From: 51606K(69888K)->43684K(69888K)
[19.565s][info][gc,heap        ] GC(61) Tenured: 1193666K(1398144K)->1230861K(1398144K)
[19.565s][info][gc,metaspace   ] GC(61) Metaspace: 114787K(116096K)->114787K(116096K) NonClass: 99924K(100672K)->99924K(100672K) Class: 14862K(15424K)->14862K(15424K)
[19.565s][info][gc             ] GC(61) Pause Young (Allocation Failure) 1762M->1244M(1979M) 17.740ms
[19.565s][info][gc,cpu         ] GC(61) User=0.00s Sys=0.00s Real=0.02s
[19.628s][info][gc,start       ] GC(62) Pause Young (Allocation Failure)
[19.639s][info][gc,heap        ] GC(62) DefNew: 602916K(629120K)->51303K(629120K) Eden: 559232K(559232K)->0K(559232K) From: 43684K(69888K)->51303K(69888K)
[19.639s][info][gc,heap        ] GC(62) Tenured: 1230861K(1398144K)->1243171K(1398144K)
[19.639s][info][gc,metaspace   ] GC(62) Metaspace: 114789K(116096K)->114789K(116096K) NonClass: 99926K(100672K)->99926K(100672K) Class: 14862K(15424K)->14862K(15424K)
[19.639s][info][gc             ] GC(62) Pause Young (Allocation Failure) 1790M->1264M(1979M) 10.942ms
[19.639s][info][gc,cpu         ] GC(62) User=0.02s Sys=0.00s Real=0.00s
[19.699s][info][gc,start       ] GC(63) Pause Young (Allocation Failure)
[19.717s][info][gc,heap        ] GC(63) DefNew: 609078K(629120K)->33725K(629120K) Eden: 557774K(559232K)->0K(559232K) From: 51303K(69888K)->33725K(69888K)
[19.717s][info][gc,heap        ] GC(63) Tenured: 1243171K(1398144K)->1284447K(1398144K)
[19.717s][info][gc,metaspace   ] GC(63) Metaspace: 114789K(116096K)->114789K(116096K) NonClass: 99926K(100672K)->99926K(100672K) Class: 14862K(15424K)->14862K(15424K)
[19.717s][info][gc             ] GC(63) Pause Young (Allocation Failure) 1808M->1287M(1979M) 18.297ms
[19.717s][info][gc,cpu         ] GC(63) User=0.00s Sys=0.00s Real=0.01s
[19.780s][info][gc,start       ] GC(64) Pause Young (Allocation Failure)
[19.787s][info][gc,heap        ] GC(64) DefNew: 592957K(629120K)->56551K(629120K) Eden: 559232K(559232K)->0K(559232K) From: 33725K(69888K)->56551K(69888K)
[19.787s][info][gc,heap        ] GC(64) Tenured: 1284447K(1398144K)->1284447K(1398144K)
[19.787s][info][gc,metaspace   ] GC(64) Metaspace: 114793K(116096K)->114793K(116096K) NonClass: 99930K(100672K)->99930K(100672K) Class: 14862K(15424K)->14862K(15424K)
[19.787s][info][gc             ] GC(64) Pause Young (Allocation Failure) 1833M->1309M(1979M) 6.953ms
[19.787s][info][gc,cpu         ] GC(64) User=0.00s Sys=0.00s Real=0.02s
[19.847s][info][gc,start       ] GC(65) Pause Young (Allocation Failure)
[19.866s][info][gc,heap        ] GC(65) DefNew: 615783K(629120K)->42106K(629120K) Eden: 559232K(559232K)->0K(559232K) From: 56551K(69888K)->42106K(69888K)
[19.866s][info][gc,heap        ] GC(65) Tenured: 1284447K(1398144K)->1329849K(1398144K)
[19.866s][info][gc,metaspace   ] GC(65) Metaspace: 114793K(116096K)->114793K(116096K) NonClass: 99930K(100672K)->99930K(100672K) Class: 14862K(15424K)->14862K(15424K)
[19.866s][info][gc             ] GC(65) Pause Young (Allocation Failure) 1855M->1339M(1979M) 19.401ms
[19.866s][info][gc,cpu         ] GC(65) User=0.02s Sys=0.00s Real=0.02s
[19.932s][info][gc,start       ] GC(66) Pause Young (Allocation Failure)
[19.944s][info][gc,heap        ] GC(66) DefNew: 601338K(629120K)->48738K(629120K) Eden: 559232K(559232K)->0K(559232K) From: 42106K(69888K)->48738K(69888K)
[19.944s][info][gc,heap        ] GC(66) Tenured: 1329849K(1398144K)->1342221K(1398144K)
[19.944s][info][gc,metaspace   ] GC(66) Metaspace: 114986K(116352K)->114986K(116352K) NonClass: 100099K(100864K)->100099K(100864K) Class: 14887K(15488K)->14887K(15488K)
[19.944s][info][gc             ] GC(66) Pause Young (Allocation Failure) 1885M->1358M(1979M) 11.715ms
[19.944s][info][gc,cpu         ] GC(66) User=0.03s Sys=0.00s Real=0.01s
[20.073s][info][gc,start       ] GC(67) Pause Young (Allocation Failure)
[20.073s][info][gc             ] GC(67) Pause Young (Allocation Failure) 1904M->1904M(1979M) 0.097ms
[20.073s][info][gc,cpu         ] GC(67) User=0.00s Sys=0.00s Real=0.00s
[20.073s][info][gc,start       ] GC(68) Pause Full (Allocation Failure)
[20.073s][info][gc,phases,start] GC(68) Phase 1: Mark live objects
[20.120s][info][gc,phases      ] GC(68) Phase 1: Mark live objects 46.573ms
[20.120s][info][gc,phases,start] GC(68) Phase 2: Compute new object addresses
[20.204s][info][gc,phases      ] GC(68) Phase 2: Compute new object addresses 84.245ms
[20.204s][info][gc,phases,start] GC(68) Phase 3: Adjust pointers
[20.225s][info][gc,phases      ] GC(68) Phase 3: Adjust pointers 20.503ms
[20.225s][info][gc,phases,start] GC(68) Phase 4: Move objects
[20.272s][info][gc,phases      ] GC(68) Phase 4: Move objects 46.773ms
[20.274s][info][gc,heap        ] GC(68) DefNew: 607970K(629120K)->0K(629120K) Eden: 559232K(559232K)->0K(559232K) From: 48738K(69888K)->0K(69888K)
[20.274s][info][gc,heap        ] GC(68) Tenured: 1342221K(1398144K)->685686K(1398144K)
[20.274s][info][gc,metaspace   ] GC(68) Metaspace: 115596K(116992K)->114870K(116992K) NonClass: 100592K(101376K)->100062K(101376K) Class: 15004K(15616K)->14807K(15616K)
[20.274s][info][gc             ] GC(68) Pause Full (Allocation Failure) 1904M->669M(1979M) 200.220ms
[20.274s][info][gc,cpu         ] GC(68) User=0.20s Sys=0.00s Real=0.20s
[20.340s][info][gc,start       ] GC(69) Pause Young (Allocation Failure)
[20.345s][info][gc,heap        ] GC(69) DefNew: 559232K(629120K)->36933K(629120K) Eden: 559232K(559232K)->0K(559232K) From: 0K(69888K)->36933K(69888K)
[20.345s][info][gc,heap        ] GC(69) Tenured: 685686K(1398144K)->685686K(1398144K)
[20.345s][info][gc,metaspace   ] GC(69) Metaspace: 114870K(116992K)->114870K(116992K) NonClass: 100062K(101376K)->100062K(101376K) Class: 14807K(15616K)->14807K(15616K)
[20.345s][info][gc             ] GC(69) Pause Young (Allocation Failure) 1215M->705M(1979M) 5.044ms
[20.345s][info][gc,cpu         ] GC(69) User=0.02s Sys=0.00s Real=0.01s
[20.407s][info][gc,start       ] GC(70) Pause Young (Allocation Failure)
[20.414s][info][gc,heap        ] GC(70) DefNew: 596165K(629120K)->48325K(629120K) Eden: 559232K(559232K)->0K(559232K) From: 36933K(69888K)->48325K(69888K)
[20.414s][info][gc,heap        ] GC(70) Tenured: 685686K(1398144K)->702240K(1398144K)
[20.414s][info][gc,metaspace   ] GC(70) Metaspace: 114875K(116992K)->114875K(116992K) NonClass: 100066K(101376K)->100066K(101376K) Class: 14809K(15616K)->14809K(15616K)
[20.414s][info][gc             ] GC(70) Pause Young (Allocation Failure) 1251M->732M(1979M) 7.464ms
[20.414s][info][gc,cpu         ] GC(70) User=0.00s Sys=0.00s Real=0.00s
[20.476s][info][gc,start       ] GC(71) Pause Young (Allocation Failure)
[20.483s][info][gc,heap        ] GC(71) DefNew: 607557K(629120K)->37924K(629120K) Eden: 559232K(559232K)->0K(559232K) From: 48325K(69888K)->37924K(69888K)
[20.483s][info][gc,heap        ] GC(71) Tenured: 702240K(1398144K)->726828K(1398144K)
[20.483s][info][gc,metaspace   ] GC(71) Metaspace: 114877K(116992K)->114877K(116992K) NonClass: 100068K(101376K)->100068K(101376K) Class: 14809K(15616K)->14809K(15616K)
[20.483s][info][gc             ] GC(71) Pause Young (Allocation Failure) 1279M->746M(1979M) 7.387ms
[20.483s][info][gc,cpu         ] GC(71) User=0.02s Sys=0.00s Real=0.02s
[20.543s][info][gc,start       ] GC(72) Pause Young (Allocation Failure)
[20.549s][info][gc,heap        ] GC(72) DefNew: 597156K(629120K)->23076K(629120K) Eden: 559232K(559232K)->0K(559232K) From: 37924K(69888K)->23076K(69888K)
[20.549s][info][gc,heap        ] GC(72) Tenured: 726828K(1398144K)->755674K(1398144K)
[20.549s][info][gc,metaspace   ] GC(72) Metaspace: 114877K(116992K)->114877K(116992K) NonClass: 100068K(101376K)->100068K(101376K) Class: 14809K(15616K)->14809K(15616K)
[20.549s][info][gc             ] GC(72) Pause Young (Allocation Failure) 1292M->760M(1979M) 6.442ms
[20.549s][info][gc,cpu         ] GC(72) User=0.02s Sys=0.00s Real=0.00s
[20.608s][info][gc,start       ] GC(73) Pause Young (Allocation Failure)
[20.615s][info][gc,heap        ] GC(73) DefNew: 577461K(629120K)->50403K(629120K) Eden: 554385K(559232K)->0K(559232K) From: 23076K(69888K)->50403K(69888K)
[20.615s][info][gc,heap        ] GC(73) Tenured: 755674K(1398144K)->755674K(1398144K)
[20.615s][info][gc,metaspace   ] GC(73) Metaspace: 114885K(116992K)->114885K(116992K) NonClass: 100071K(101376K)->100071K(101376K) Class: 14813K(15616K)->14813K(15616K)
[20.615s][info][gc             ] GC(73) Pause Young (Allocation Failure) 1301M->787M(1979M) 6.546ms
[20.615s][info][gc,cpu         ] GC(73) User=0.00s Sys=0.00s Real=0.02s
[20.679s][info][gc,start       ] GC(74) Pause Young (Allocation Failure)
[20.687s][info][gc,heap        ] GC(74) DefNew: 609635K(629120K)->29344K(629120K) Eden: 559232K(559232K)->0K(559232K) From: 50403K(69888K)->29344K(69888K)
[20.687s][info][gc,heap        ] GC(74) Tenured: 755674K(1398144K)->788533K(1398144K)
[20.687s][info][gc,metaspace   ] GC(74) Metaspace: 115051K(116992K)->115051K(116992K) NonClass: 100193K(101376K)->100193K(101376K) Class: 14858K(15616K)->14858K(15616K)
[20.687s][info][gc             ] GC(74) Pause Young (Allocation Failure) 1333M->798M(1979M) 7.972ms
[20.687s][info][gc,cpu         ] GC(74) User=0.02s Sys=0.00s Real=0.00s
[20.747s][info][gc,start       ] GC(75) Pause Young (Allocation Failure)
[20.754s][info][gc,heap        ] GC(75) DefNew: 588576K(629120K)->55316K(629120K) Eden: 559232K(559232K)->0K(559232K) From: 29344K(69888K)->55316K(69888K)
[20.754s][info][gc,heap        ] GC(75) Tenured: 788533K(1398144K)->788533K(1398144K)
[20.754s][info][gc,metaspace   ] GC(75) Metaspace: 115051K(116992K)->115051K(116992K) NonClass: 100193K(101376K)->100193K(101376K) Class: 14858K(15616K)->14858K(15616K)
[20.754s][info][gc             ] GC(75) Pause Young (Allocation Failure) 1344M->824M(1979M) 7.165ms
[20.754s][info][gc,cpu         ] GC(75) User=0.00s Sys=0.00s Real=0.00s
[20.814s][info][gc,start       ] GC(76) Pause Young (Allocation Failure)
[20.821s][info][gc,heap        ] GC(76) DefNew: 614548K(629120K)->30810K(629120K) Eden: 559232K(559232K)->0K(559232K) From: 55316K(69888K)->30810K(69888K)
[20.821s][info][gc,heap        ] GC(76) Tenured: 788533K(1398144K)->817397K(1398144K)
[20.821s][info][gc,metaspace   ] GC(76) Metaspace: 115051K(116992K)->115051K(116992K) NonClass: 100193K(101376K)->100193K(101376K) Class: 14858K(15616K)->14858K(15616K)
[20.821s][info][gc             ] GC(76) Pause Young (Allocation Failure) 1370M->828M(1979M) 7.679ms
[20.821s][info][gc,cpu         ] GC(76) User=0.02s Sys=0.00s Real=0.02s
[20.884s][info][gc,start       ] GC(77) Pause Young (Allocation Failure)
[20.890s][info][gc,heap        ] GC(77) DefNew: 590042K(629120K)->52689K(629120K) Eden: 559232K(559232K)->0K(559232K) From: 30810K(69888K)->52689K(69888K)
[20.890s][info][gc,heap        ] GC(77) Tenured: 817397K(1398144K)->817397K(1398144K)
[20.890s][info][gc,metaspace   ] GC(77) Metaspace: 115051K(116992K)->115051K(116992K) NonClass: 100193K(101376K)->100193K(101376K) Class: 14858K(15616K)->14858K(15616K)
[20.890s][info][gc             ] GC(77) Pause Young (Allocation Failure) 1374M->849M(1979M) 6.219ms
[20.890s][info][gc,cpu         ] GC(77) User=0.00s Sys=0.00s Real=0.02s
[20.947s][info][gc,start       ] GC(78) Pause Young (Allocation Failure)
[20.956s][info][gc,heap        ] GC(78) DefNew: 609338K(629120K)->33357K(629120K) Eden: 556648K(559232K)->0K(559232K) From: 52689K(69888K)->33357K(69888K)
[20.956s][info][gc,heap        ] GC(78) Tenured: 817397K(1398144K)->854441K(1398144K)
[20.956s][info][gc,metaspace   ] GC(78) Metaspace: 115051K(116992K)->115051K(116992K) NonClass: 100193K(101376K)->100193K(101376K) Class: 14858K(15616K)->14858K(15616K)
[20.956s][info][gc             ] GC(78) Pause Young (Allocation Failure) 1393M->866M(1979M) 8.688ms
[20.956s][info][gc,cpu         ] GC(78) User=0.02s Sys=0.00s Real=0.00s
[21.018s][info][gc,start       ] GC(79) Pause Young (Allocation Failure)
[21.024s][info][gc,heap        ] GC(79) DefNew: 592589K(629120K)->53908K(629120K) Eden: 559232K(559232K)->0K(559232K) From: 33357K(69888K)->53908K(69888K)
[21.024s][info][gc,heap        ] GC(79) Tenured: 854441K(1398144K)->854441K(1398144K)
[21.024s][info][gc,metaspace   ] GC(79) Metaspace: 115051K(116992K)->115051K(116992K) NonClass: 100193K(101376K)->100193K(101376K) Class: 14858K(15616K)->14858K(15616K)
[21.024s][info][gc             ] GC(79) Pause Young (Allocation Failure) 1413M->887M(1979M) 6.370ms
[21.024s][info][gc,cpu         ] GC(79) User=0.02s Sys=0.00s Real=0.00s
[21.087s][info][gc,start       ] GC(80) Pause Young (Allocation Failure)
[21.095s][info][gc,heap        ] GC(80) DefNew: 613140K(629120K)->33453K(629120K) Eden: 559232K(559232K)->0K(559232K) From: 53908K(69888K)->33453K(69888K)
[21.095s][info][gc,heap        ] GC(80) Tenured: 854441K(1398144K)->895474K(1398144K)
[21.095s][info][gc,metaspace   ] GC(80) Metaspace: 115051K(116992K)->115051K(116992K) NonClass: 100193K(101376K)->100193K(101376K) Class: 14858K(15616K)->14858K(15616K)
[21.095s][info][gc             ] GC(80) Pause Young (Allocation Failure) 1433M->907M(1979M) 8.762ms
[21.095s][info][gc,cpu         ] GC(80) User=0.00s Sys=0.00s Real=0.01s
[21.157s][info][gc,start       ] GC(81) Pause Young (Allocation Failure)
[21.163s][info][gc,heap        ] GC(81) DefNew: 592195K(629120K)->52816K(629120K) Eden: 558741K(559232K)->0K(559232K) From: 33453K(69888K)->52816K(69888K)
[21.163s][info][gc,heap        ] GC(81) Tenured: 895474K(1398144K)->895474K(1398144K)
[21.163s][info][gc,metaspace   ] GC(81) Metaspace: 115051K(116992K)->115051K(116992K) NonClass: 100193K(101376K)->100193K(101376K) Class: 14858K(15616K)->14858K(15616K)
[21.163s][info][gc             ] GC(81) Pause Young (Allocation Failure) 1452M->926M(1979M) 6.202ms
[21.163s][info][gc,cpu         ] GC(81) User=0.00s Sys=0.00s Real=0.00s
[21.223s][info][gc,start       ] GC(82) Pause Young (Allocation Failure)
[21.230s][info][gc,heap        ] GC(82) DefNew: 612048K(629120K)->40089K(629120K) Eden: 559232K(559232K)->0K(559232K) From: 52816K(69888K)->40089K(69888K)
[21.230s][info][gc,heap        ] GC(82) Tenured: 895474K(1398144K)->915960K(1398144K)
[21.230s][info][gc,metaspace   ] GC(82) Metaspace: 115051K(116992K)->115051K(116992K) NonClass: 100193K(101376K)->100193K(101376K) Class: 14858K(15616K)->14858K(15616K)
[21.230s][info][gc             ] GC(82) Pause Young (Allocation Failure) 1472M->933M(1979M) 7.166ms
[21.230s][info][gc,cpu         ] GC(82) User=0.00s Sys=0.00s Real=0.02s
[21.290s][info][gc,start       ] GC(83) Pause Young (Allocation Failure)
[21.297s][info][gc,heap        ] GC(83) DefNew: 598197K(629120K)->52830K(629120K) Eden: 558107K(559232K)->0K(559232K) From: 40089K(69888K)->52830K(69888K)
[21.297s][info][gc,heap        ] GC(83) Tenured: 915960K(1398144K)->924192K(1398144K)
[21.297s][info][gc,metaspace   ] GC(83) Metaspace: 115051K(116992K)->115051K(116992K) NonClass: 100193K(101376K)->100193K(101376K) Class: 14858K(15616K)->14858K(15616K)
[21.297s][info][gc             ] GC(83) Pause Young (Allocation Failure) 1478M->954M(1979M) 7.210ms
[21.297s][info][gc,cpu         ] GC(83) User=0.02s Sys=0.00s Real=0.02s
[21.356s][info][gc,start       ] GC(84) Pause Young (Allocation Failure)
[21.364s][info][gc,heap        ] GC(84) DefNew: 612062K(629120K)->42798K(629120K) Eden: 559232K(559232K)->0K(559232K) From: 52830K(69888K)->42798K(69888K)
[21.364s][info][gc,heap        ] GC(84) Tenured: 924192K(1398144K)->944639K(1398144K)
[21.364s][info][gc,metaspace   ] GC(84) Metaspace: 115051K(116992K)->115051K(116992K) NonClass: 100193K(101376K)->100193K(101376K) Class: 14858K(15616K)->14858K(15616K)
[21.364s][info][gc             ] GC(84) Pause Young (Allocation Failure) 1500M->964M(1979M) 7.468ms
[21.364s][info][gc,cpu         ] GC(84) User=0.02s Sys=0.00s Real=0.01s
[21.426s][info][gc,start       ] GC(85) Pause Young (Allocation Failure)
[21.433s][info][gc,heap        ] GC(85) DefNew: 602030K(629120K)->39324K(629120K) Eden: 559232K(559232K)->0K(559232K) From: 42798K(69888K)->39324K(69888K)
[21.433s][info][gc,heap        ] GC(85) Tenured: 944639K(1398144K)->956930K(1398144K)
[21.433s][info][gc,metaspace   ] GC(85) Metaspace: 115051K(116992K)->115051K(116992K) NonClass: 100193K(101376K)->100193K(101376K) Class: 14858K(15616K)->14858K(15616K)
[21.433s][info][gc             ] GC(85) Pause Young (Allocation Failure) 1510M->972M(1979M) 6.538ms
[21.433s][info][gc,cpu         ] GC(85) User=0.02s Sys=0.00s Real=0.00s
[21.493s][info][gc,start       ] GC(86) Pause Young (Allocation Failure)
[21.501s][info][gc,heap        ] GC(86) DefNew: 598556K(629120K)->53494K(629120K) Eden: 559232K(559232K)->0K(559232K) From: 39324K(69888K)->53494K(69888K)
[21.501s][info][gc,heap        ] GC(86) Tenured: 956930K(1398144K)->965124K(1398144K)
[21.501s][info][gc,metaspace   ] GC(86) Metaspace: 115051K(116992K)->115051K(116992K) NonClass: 100193K(101376K)->100193K(101376K) Class: 14858K(15616K)->14858K(15616K)
[21.501s][info][gc             ] GC(86) Pause Young (Allocation Failure) 1519M->994M(1979M) 7.903ms
[21.501s][info][gc,cpu         ] GC(86) User=0.02s Sys=0.00s Real=0.02s
[21.561s][info][gc,start       ] GC(87) Pause Young (Allocation Failure)
[21.568s][info][gc,heap        ] GC(87) DefNew: 612726K(629120K)->42816K(629120K) Eden: 559232K(559232K)->0K(559232K) From: 53494K(69888K)->42816K(69888K)
[21.568s][info][gc,heap        ] GC(87) Tenured: 965124K(1398144K)->985612K(1398144K)
[21.568s][info][gc,metaspace   ] GC(87) Metaspace: 115051K(116992K)->115051K(116992K) NonClass: 100193K(101376K)->100193K(101376K) Class: 14858K(15616K)->14858K(15616K)
[21.568s][info][gc             ] GC(87) Pause Young (Allocation Failure) 1540M->1004M(1979M) 7.409ms
[21.568s][info][gc,cpu         ] GC(87) User=0.02s Sys=0.00s Real=0.02s
[21.630s][info][gc,start       ] GC(88) Pause Young (Allocation Failure)
[21.637s][info][gc,heap        ] GC(88) DefNew: 602048K(629120K)->42199K(629120K) Eden: 559232K(559232K)->0K(559232K) From: 42816K(69888K)->42199K(69888K)
[21.637s][info][gc,heap        ] GC(88) Tenured: 985612K(1398144K)->993825K(1398144K)
[21.637s][info][gc,metaspace   ] GC(88) Metaspace: 115051K(116992K)->115051K(116992K) NonClass: 100193K(101376K)->100193K(101376K) Class: 14858K(15616K)->14858K(15616K)
[21.637s][info][gc             ] GC(88) Pause Young (Allocation Failure) 1550M->1011M(1979M) 6.357ms
[21.637s][info][gc,cpu         ] GC(88) User=0.00s Sys=0.00s Real=0.00s
[21.714s][info][gc,start       ] GC(89) Pause Young (Allocation Failure)
[21.721s][info][gc,heap        ] GC(89) DefNew: 600299K(629120K)->40627K(629120K) Eden: 558100K(559232K)->0K(559232K) From: 42199K(69888K)->40627K(69888K)
[21.721s][info][gc,heap        ] GC(89) Tenured: 993825K(1398144K)->1006096K(1398144K)
[21.721s][info][gc,metaspace   ] GC(89) Metaspace: 115189K(116992K)->115189K(116992K) NonClass: 100295K(101376K)->100295K(101376K) Class: 14893K(15616K)->14893K(15616K)
[21.721s][info][gc             ] GC(89) Pause Young (Allocation Failure) 1556M->1022M(1979M) 7.913ms
[21.721s][info][gc,cpu         ] GC(89) User=0.00s Sys=0.00s Real=0.00s
[21.782s][info][gc,start       ] GC(90) Pause Young (Allocation Failure)
[21.790s][info][gc,heap        ] GC(90) DefNew: 599859K(629120K)->42550K(629120K) Eden: 559232K(559232K)->0K(559232K) From: 40627K(69888K)->42550K(69888K)
[21.790s][info][gc,heap        ] GC(90) Tenured: 1006096K(1398144K)->1026587K(1398144K)
[21.790s][info][gc,metaspace   ] GC(90) Metaspace: 115189K(116992K)->115189K(116992K) NonClass: 100295K(101376K)->100295K(101376K) Class: 14893K(15616K)->14893K(15616K)
[21.790s][info][gc             ] GC(90) Pause Young (Allocation Failure) 1568M->1044M(1979M) 7.894ms
[21.790s][info][gc,cpu         ] GC(90) User=0.00s Sys=0.00s Real=0.00s
[21.849s][info][gc,start       ] GC(91) Pause Young (Allocation Failure)
[21.856s][info][gc,heap        ] GC(91) DefNew: 601782K(629120K)->39565K(629120K) Eden: 559232K(559232K)->0K(559232K) From: 42550K(69888K)->39565K(69888K)
[21.856s][info][gc,heap        ] GC(91) Tenured: 1026587K(1398144K)->1039586K(1398144K)
[21.856s][info][gc,metaspace   ] GC(91) Metaspace: 115189K(116992K)->115189K(116992K) NonClass: 100295K(101376K)->100295K(101376K) Class: 14893K(15616K)->14893K(15616K)
[21.856s][info][gc             ] GC(91) Pause Young (Allocation Failure) 1590M->1053M(1979M) 7.496ms
[21.856s][info][gc,cpu         ] GC(91) User=0.00s Sys=0.00s Real=0.01s
[21.922s][info][gc,start       ] GC(92) Pause Young (Allocation Failure)
[21.929s][info][gc,heap        ] GC(92) DefNew: 598797K(629120K)->37452K(629120K) Eden: 559232K(559232K)->0K(559232K) From: 39565K(69888K)->37452K(69888K)
[21.929s][info][gc,heap        ] GC(92) Tenured: 1039586K(1398144K)->1051857K(1398144K)
[21.929s][info][gc,metaspace   ] GC(92) Metaspace: 115189K(116992K)->115189K(116992K) NonClass: 100295K(101376K)->100295K(101376K) Class: 14893K(15616K)->14893K(15616K)
[21.929s][info][gc             ] GC(92) Pause Young (Allocation Failure) 1599M->1063M(1979M) 6.527ms
[21.929s][info][gc,cpu         ] GC(92) User=0.00s Sys=0.00s Real=0.00s
[21.996s][info][gc,start       ] GC(93) Pause Young (Allocation Failure)
[22.002s][info][gc,heap        ] GC(93) DefNew: 596684K(629120K)->41737K(629120K) Eden: 559232K(559232K)->0K(559232K) From: 37452K(69888K)->41737K(69888K)
[22.002s][info][gc,heap        ] GC(93) Tenured: 1051857K(1398144K)->1060050K(1398144K)
[22.002s][info][gc,metaspace   ] GC(93) Metaspace: 115189K(116992K)->115189K(116992K) NonClass: 100295K(101376K)->100295K(101376K) Class: 14893K(15616K)->14893K(15616K)
[22.002s][info][gc             ] GC(93) Pause Young (Allocation Failure) 1609M->1075M(1979M) 6.058ms
[22.002s][info][gc,cpu         ] GC(93) User=0.00s Sys=0.00s Real=0.00s
[22.083s][info][gc,start       ] GC(94) Pause Young (Allocation Failure)
[22.090s][info][gc,heap        ] GC(94) DefNew: 600969K(629120K)->36710K(629120K) Eden: 559232K(559232K)->0K(559232K) From: 41737K(69888K)->36710K(69888K)
[22.091s][info][gc,heap        ] GC(94) Tenured: 1060050K(1398144K)->1076439K(1398144K)
[22.091s][info][gc,metaspace   ] GC(94) Metaspace: 115237K(116992K)->115237K(116992K) NonClass: 100334K(101376K)->100334K(101376K) Class: 14902K(15616K)->14902K(15616K)
[22.091s][info][gc             ] GC(94) Pause Young (Allocation Failure) 1622M->1087M(1979M) 7.358ms
[22.091s][info][gc,cpu         ] GC(94) User=0.00s Sys=0.00s Real=0.00s
[23.029s][info][gc,start       ] GC(95) Pause Young (Allocation Failure)
[23.050s][info][gc,heap        ] GC(95) DefNew: 595942K(629120K)->35696K(629120K) Eden: 559232K(559232K)->0K(559232K) From: 36710K(69888K)->35696K(69888K)
[23.050s][info][gc,heap        ] GC(95) Tenured: 1076439K(1398144K)->1092832K(1398144K)
[23.050s][info][gc,metaspace   ] GC(95) Metaspace: 124285K(125952K)->124285K(125952K) NonClass: 107698K(108608K)->107698K(108608K) Class: 16586K(17344K)->16586K(17344K)
[23.050s][info][gc             ] GC(95) Pause Young (Allocation Failure) 1633M->1102M(1979M) 20.744ms
[23.050s][info][gc,cpu         ] GC(95) User=0.02s Sys=0.00s Real=0.02s
[23.210s][info][gc,start       ] GC(96) Pause Young (Allocation Failure)
[23.223s][info][gc,heap        ] GC(96) DefNew: 594928K(629120K)->26744K(629120K) Eden: 559232K(559232K)->0K(559232K) From: 35696K(69888K)->26744K(69888K)
[23.223s][info][gc,heap        ] GC(96) Tenured: 1092832K(1398144K)->1108267K(1398144K)
[23.223s][info][gc,metaspace   ] GC(96) Metaspace: 124373K(126080K)->124373K(126080K) NonClass: 107783K(108736K)->107783K(108736K) Class: 16589K(17344K)->16589K(17344K)
[23.223s][info][gc             ] GC(96) Pause Young (Allocation Failure) 1648M->1108M(1979M) 13.057ms
[23.223s][info][gc,cpu         ] GC(96) User=0.02s Sys=0.00s Real=0.02s
[23.323s][info][gc,start       ] GC(97) Pause Young (Allocation Failure)
[23.334s][info][gc,heap        ] GC(97) DefNew: 585976K(629120K)->26751K(629120K) Eden: 559232K(559232K)->0K(559232K) From: 26744K(69888K)->26751K(69888K)
[23.334s][info][gc,heap        ] GC(97) Tenured: 1108267K(1398144K)->1108267K(1398144K)
[23.335s][info][gc,metaspace   ] GC(97) Metaspace: 124373K(126080K)->124373K(126080K) NonClass: 107783K(108736K)->107783K(108736K) Class: 16589K(17344K)->16589K(17344K)
[23.335s][info][gc             ] GC(97) Pause Young (Allocation Failure) 1654M->1108M(1979M) 11.573ms
[23.335s][info][gc,cpu         ] GC(97) User=0.05s Sys=0.00s Real=0.01s
[23.421s][info][gc,start       ] GC(98) Pause Young (Allocation Failure)
[23.432s][info][gc,heap        ] GC(98) DefNew: 585983K(629120K)->31434K(629120K) Eden: 559232K(559232K)->0K(559232K) From: 26751K(69888K)->31434K(69888K)
[23.432s][info][gc,heap        ] GC(98) Tenured: 1108267K(1398144K)->1108267K(1398144K)
[23.432s][info][gc,metaspace   ] GC(98) Metaspace: 124381K(126080K)->124381K(126080K) NonClass: 107792K(108736K)->107792K(108736K) Class: 16589K(17344K)->16589K(17344K)
[23.433s][info][gc             ] GC(98) Pause Young (Allocation Failure) 1654M->1112M(1979M) 11.504ms
[23.433s][info][gc,cpu         ] GC(98) User=0.02s Sys=0.00s Real=0.00s
[23.502s][info][gc,start       ] GC(99) Pause Young (Allocation Failure)
[23.514s][info][gc,heap        ] GC(99) DefNew: 590666K(629120K)->30058K(629120K) Eden: 559232K(559232K)->0K(559232K) From: 31434K(69888K)->30058K(69888K)
[23.514s][info][gc,heap        ] GC(99) Tenured: 1108267K(1398144K)->1108267K(1398144K)
[23.514s][info][gc,metaspace   ] GC(99) Metaspace: 124382K(126080K)->124382K(126080K) NonClass: 107792K(108736K)->107792K(108736K) Class: 16589K(17344K)->16589K(17344K)
[23.514s][info][gc             ] GC(99) Pause Young (Allocation Failure) 1659M->1111M(1979M) 11.482ms
[23.514s][info][gc,cpu         ] GC(99) User=0.02s Sys=0.00s Real=0.02s
[23.571s][info][gc,start       ] GC(100) Pause Young (Allocation Failure)
[23.583s][info][gc,heap        ] GC(100) DefNew: 589290K(629120K)->32411K(629120K) Eden: 559232K(559232K)->0K(559232K) From: 30058K(69888K)->32411K(69888K)
[23.583s][info][gc,heap        ] GC(100) Tenured: 1108267K(1398144K)->1108267K(1398144K)
[23.583s][info][gc,metaspace   ] GC(100) Metaspace: 124382K(126080K)->124382K(126080K) NonClass: 107792K(108736K)->107792K(108736K) Class: 16589K(17344K)->16589K(17344K)
[23.583s][info][gc             ] GC(100) Pause Young (Allocation Failure) 1657M->1113M(1979M) 11.673ms
[23.583s][info][gc,cpu         ] GC(100) User=0.02s Sys=0.00s Real=0.02s
[23.639s][info][gc,start       ] GC(101) Pause Young (Allocation Failure)
[23.650s][info][gc,heap        ] GC(101) DefNew: 591643K(629120K)->35544K(629120K) Eden: 559232K(559232K)->0K(559232K) From: 32411K(69888K)->35544K(69888K)
[23.650s][info][gc,heap        ] GC(101) Tenured: 1108267K(1398144K)->1108267K(1398144K)
[23.650s][info][gc,metaspace   ] GC(101) Metaspace: 124382K(126080K)->124382K(126080K) NonClass: 107792K(108736K)->107792K(108736K) Class: 16589K(17344K)->16589K(17344K)
[23.650s][info][gc             ] GC(101) Pause Young (Allocation Failure) 1660M->1117M(1979M) 11.792ms
[23.650s][info][gc,cpu         ] GC(101) User=0.02s Sys=0.00s Real=0.03s
[23.714s][info][gc,start       ] GC(102) Pause Young (Allocation Failure)
[23.727s][info][gc,heap        ] GC(102) DefNew: 594776K(629120K)->19682K(629120K) Eden: 559232K(559232K)->0K(559232K) From: 35544K(69888K)->19682K(69888K)
[23.727s][info][gc,heap        ] GC(102) Tenured: 1108267K(1398144K)->1125144K(1398144K)
[23.727s][info][gc,metaspace   ] GC(102) Metaspace: 124647K(126336K)->124647K(126336K) NonClass: 108007K(108928K)->108007K(108928K) Class: 16640K(17408K)->16640K(17408K)
[23.727s][info][gc             ] GC(102) Pause Young (Allocation Failure) 1663M->1117M(1979M) 12.614ms
[23.727s][info][gc,cpu         ] GC(102) User=0.02s Sys=0.00s Real=0.02s
[23.792s][info][gc,start       ] GC(103) Pause Young (Allocation Failure)
[23.797s][info][gc,heap        ] GC(103) DefNew: 578914K(629120K)->22903K(629120K) Eden: 559232K(559232K)->0K(559232K) From: 19682K(69888K)->22903K(69888K)
[23.797s][info][gc,heap        ] GC(103) Tenured: 1125144K(1398144K)->1125144K(1398144K)
[23.797s][info][gc,metaspace   ] GC(103) Metaspace: 124733K(126464K)->124733K(126464K) NonClass: 108084K(109056K)->108084K(109056K) Class: 16649K(17408K)->16649K(17408K)
[23.797s][info][gc             ] GC(103) Pause Young (Allocation Failure) 1664M->1121M(1979M) 5.180ms
[23.797s][info][gc,cpu         ] GC(103) User=0.02s Sys=0.00s Real=0.01s
[23.880s][info][gc,start       ] GC(104) Pause Young (Allocation Failure)
[23.885s][info][gc,heap        ] GC(104) DefNew: 582135K(629120K)->24579K(629120K) Eden: 559232K(559232K)->0K(559232K) From: 22903K(69888K)->24579K(69888K)
[23.885s][info][gc,heap        ] GC(104) Tenured: 1125144K(1398144K)->1125144K(1398144K)
[23.885s][info][gc,metaspace   ] GC(104) Metaspace: 125013K(126784K)->125013K(126784K) NonClass: 108319K(109312K)->108319K(109312K) Class: 16693K(17472K)->16693K(17472K)
[23.885s][info][gc             ] GC(104) Pause Young (Allocation Failure) 1667M->1122M(1979M) 5.118ms
[23.885s][info][gc,cpu         ] GC(104) User=0.00s Sys=0.00s Real=0.02s
[23.945s][info][gc,start       ] GC(105) Pause Young (Allocation Failure)
[23.951s][info][gc,heap        ] GC(105) DefNew: 583811K(629120K)->33100K(629120K) Eden: 559232K(559232K)->0K(559232K) From: 24579K(69888K)->33100K(69888K)
[23.951s][info][gc,heap        ] GC(105) Tenured: 1125144K(1398144K)->1125144K(1398144K)
[23.951s][info][gc,metaspace   ] GC(105) Metaspace: 125013K(126784K)->125013K(126784K) NonClass: 108319K(109312K)->108319K(109312K) Class: 16693K(17472K)->16693K(17472K)
[23.951s][info][gc             ] GC(105) Pause Young (Allocation Failure) 1668M->1131M(1979M) 6.224ms
[23.951s][info][gc,cpu         ] GC(105) User=0.02s Sys=0.00s Real=0.01s
[24.009s][info][gc,start       ] GC(106) Pause Young (Allocation Failure)
[24.015s][info][gc,heap        ] GC(106) DefNew: 592332K(629120K)->31598K(629120K) Eden: 559232K(559232K)->0K(559232K) From: 33100K(69888K)->31598K(69888K)
[24.015s][info][gc,heap        ] GC(106) Tenured: 1125144K(1398144K)->1125144K(1398144K)
[24.015s][info][gc,metaspace   ] GC(106) Metaspace: 125013K(126784K)->125013K(126784K) NonClass: 108319K(109312K)->108319K(109312K) Class: 16693K(17472K)->16693K(17472K)
[24.015s][info][gc             ] GC(106) Pause Young (Allocation Failure) 1677M->1129M(1979M) 5.475ms
[24.015s][info][gc,cpu         ] GC(106) User=0.00s Sys=0.00s Real=0.00s
[24.074s][info][gc,start       ] GC(107) Pause Young (Allocation Failure)
[24.080s][info][gc,heap        ] GC(107) DefNew: 590830K(629120K)->36681K(629120K) Eden: 559232K(559232K)->0K(559232K) From: 31598K(69888K)->36681K(69888K)
[24.080s][info][gc,heap        ] GC(107) Tenured: 1125144K(1398144K)->1125144K(1398144K)
[24.080s][info][gc,metaspace   ] GC(107) Metaspace: 125013K(126784K)->125013K(126784K) NonClass: 108319K(109312K)->108319K(109312K) Class: 16693K(17472K)->16693K(17472K)
[24.080s][info][gc             ] GC(107) Pause Young (Allocation Failure) 1675M->1134M(1979M) 6.374ms
[24.080s][info][gc,cpu         ] GC(107) User=0.02s Sys=0.00s Real=0.00s
[24.140s][info][gc,start       ] GC(108) Pause Young (Allocation Failure)
[24.147s][info][gc,heap        ] GC(108) DefNew: 595913K(629120K)->34730K(629120K) Eden: 559232K(559232K)->0K(559232K) From: 36681K(69888K)->34730K(69888K)
[24.147s][info][gc,heap        ] GC(108) Tenured: 1125144K(1398144K)->1133345K(1398144K)
[24.147s][info][gc,metaspace   ] GC(108) Metaspace: 125013K(126784K)->125013K(126784K) NonClass: 108319K(109312K)->108319K(109312K) Class: 16693K(17472K)->16693K(17472K)
[24.147s][info][gc             ] GC(108) Pause Young (Allocation Failure) 1680M->1140M(1979M) 6.933ms
[24.147s][info][gc,cpu         ] GC(108) User=0.00s Sys=0.00s Real=0.00s
[24.205s][info][gc,start       ] GC(109) Pause Young (Allocation Failure)
[24.211s][info][gc,heap        ] GC(109) DefNew: 593962K(629120K)->35888K(629120K) Eden: 559232K(559232K)->0K(559232K) From: 34730K(69888K)->35888K(69888K)
[24.212s][info][gc,heap        ] GC(109) Tenured: 1133345K(1398144K)->1133345K(1398144K)
[24.212s][info][gc,metaspace   ] GC(109) Metaspace: 125013K(126784K)->125013K(126784K) NonClass: 108319K(109312K)->108319K(109312K) Class: 16693K(17472K)->16693K(17472K)
[24.212s][info][gc             ] GC(109) Pause Young (Allocation Failure) 1686M->1141M(1979M) 6.165ms
[24.212s][info][gc,cpu         ] GC(109) User=0.00s Sys=0.00s Real=0.02s
[24.274s][info][gc,start       ] GC(110) Pause Young (Allocation Failure)
[24.281s][info][gc,heap        ] GC(110) DefNew: 595120K(629120K)->42055K(629120K) Eden: 559232K(559232K)->0K(559232K) From: 35888K(69888K)->42055K(69888K)
[24.281s][info][gc,heap        ] GC(110) Tenured: 1133345K(1398144K)->1137444K(1398144K)
[24.281s][info][gc,metaspace   ] GC(110) Metaspace: 125046K(126784K)->125046K(126784K) NonClass: 108352K(109312K)->108352K(109312K) Class: 16693K(17472K)->16693K(17472K)
[24.281s][info][gc             ] GC(110) Pause Young (Allocation Failure) 1687M->1151M(1979M) 7.272ms
[24.281s][info][gc,cpu         ] GC(110) User=0.00s Sys=0.00s Real=0.01s
[24.351s][info][gc,start       ] GC(111) Pause Young (Allocation Failure)
[24.358s][info][gc,heap        ] GC(111) DefNew: 601287K(629120K)->35510K(629120K) Eden: 559232K(559232K)->0K(559232K) From: 42055K(69888K)->35510K(69888K)
[24.358s][info][gc,heap        ] GC(111) Tenured: 1137444K(1398144K)->1146196K(1398144K)
[24.358s][info][gc,metaspace   ] GC(111) Metaspace: 125056K(126784K)->125056K(126784K) NonClass: 108363K(109312K)->108363K(109312K) Class: 16693K(17472K)->16693K(17472K)
[24.358s][info][gc             ] GC(111) Pause Young (Allocation Failure) 1697M->1154M(1979M) 7.435ms
[24.358s][info][gc,cpu         ] GC(111) User=0.03s Sys=0.00s Real=0.00s
[24.436s][info][gc,start       ] GC(112) Pause Young (Allocation Failure)
[24.442s][info][gc,heap        ] GC(112) DefNew: 594742K(629120K)->42710K(629120K) Eden: 559232K(559232K)->0K(559232K) From: 35510K(69888K)->42710K(69888K)
[24.442s][info][gc,heap        ] GC(112) Tenured: 1146196K(1398144K)->1150293K(1398144K)
[24.442s][info][gc,metaspace   ] GC(112) Metaspace: 125082K(126784K)->125082K(126784K) NonClass: 108389K(109312K)->108389K(109312K) Class: 16693K(17472K)->16693K(17472K)
[24.442s][info][gc             ] GC(112) Pause Young (Allocation Failure) 1700M->1165M(1979M) 6.146ms
[24.442s][info][gc,cpu         ] GC(112) User=0.00s Sys=0.00s Real=0.00s
[24.534s][info][gc,start       ] GC(113) Pause Young (Allocation Failure)
[24.541s][info][gc,heap        ] GC(113) DefNew: 601942K(629120K)->43573K(629120K) Eden: 559232K(559232K)->0K(559232K) From: 42710K(69888K)->43573K(69888K)
[24.541s][info][gc,heap        ] GC(113) Tenured: 1150293K(1398144K)->1158489K(1398144K)
[24.541s][info][gc,metaspace   ] GC(113) Metaspace: 125094K(126848K)->125094K(126848K) NonClass: 108401K(109376K)->108401K(109376K) Class: 16693K(17472K)->16693K(17472K)
[24.541s][info][gc             ] GC(113) Pause Young (Allocation Failure) 1711M->1173M(1979M) 6.708ms
[24.541s][info][gc,cpu         ] GC(113) User=0.00s Sys=0.00s Real=0.00s
[24.639s][info][gc,start       ] GC(114) Pause Young (Allocation Failure)
[24.646s][info][gc,heap        ] GC(114) DefNew: 602805K(629120K)->42494K(629120K) Eden: 559232K(559232K)->0K(559232K) From: 43573K(69888K)->42494K(69888K)
[24.646s][info][gc,heap        ] GC(114) Tenured: 1158489K(1398144K)->1175217K(1398144K)
[24.646s][info][gc,metaspace   ] GC(114) Metaspace: 125094K(126848K)->125094K(126848K) NonClass: 108401K(109376K)->108401K(109376K) Class: 16693K(17472K)->16693K(17472K)
[24.646s][info][gc             ] GC(114) Pause Young (Allocation Failure) 1720M->1189M(1979M) 7.466ms
[24.646s][info][gc,cpu         ] GC(114) User=0.00s Sys=0.00s Real=0.00s
[24.743s][info][gc,start       ] GC(115) Pause Young (Allocation Failure)
[24.750s][info][gc,heap        ] GC(115) DefNew: 601726K(629120K)->45986K(629120K) Eden: 559232K(559232K)->0K(559232K) From: 42494K(69888K)->45986K(69888K)
[24.750s][info][gc,heap        ] GC(115) Tenured: 1175217K(1398144K)->1183425K(1398144K)
[24.750s][info][gc,metaspace   ] GC(115) Metaspace: 125094K(126848K)->125094K(126848K) NonClass: 108401K(109376K)->108401K(109376K) Class: 16693K(17472K)->16693K(17472K)
[24.750s][info][gc             ] GC(115) Pause Young (Allocation Failure) 1735M->1200M(1979M) 7.045ms
[24.750s][info][gc,cpu         ] GC(115) User=0.00s Sys=0.00s Real=0.02s
[24.848s][info][gc,start       ] GC(116) Pause Young (Allocation Failure)
[24.855s][info][gc,heap        ] GC(116) DefNew: 605218K(629120K)->44084K(629120K) Eden: 559232K(559232K)->0K(559232K) From: 45986K(69888K)->44084K(69888K)
[24.855s][info][gc,heap        ] GC(116) Tenured: 1183425K(1398144K)->1199939K(1398144K)
[24.855s][info][gc,metaspace   ] GC(116) Metaspace: 125094K(126848K)->125094K(126848K) NonClass: 108401K(109376K)->108401K(109376K) Class: 16693K(17472K)->16693K(17472K)
[24.855s][info][gc             ] GC(116) Pause Young (Allocation Failure) 1746M->1214M(1979M) 7.342ms
[24.855s][info][gc,cpu         ] GC(116) User=0.00s Sys=0.00s Real=0.01s
[24.952s][info][gc,start       ] GC(117) Pause Young (Allocation Failure)
[24.959s][info][gc,heap        ] GC(117) DefNew: 603316K(629120K)->31005K(629120K) Eden: 559232K(559232K)->0K(559232K) From: 44084K(69888K)->31005K(69888K)
[24.959s][info][gc,heap        ] GC(117) Tenured: 1199939K(1398144K)->1224525K(1398144K)
[24.959s][info][gc,metaspace   ] GC(117) Metaspace: 125094K(126848K)->125094K(126848K) NonClass: 108401K(109376K)->108401K(109376K) Class: 16693K(17472K)->16693K(17472K)
[24.959s][info][gc             ] GC(117) Pause Young (Allocation Failure) 1760M->1226M(1979M) 6.858ms
[24.959s][info][gc,cpu         ] GC(117) User=0.00s Sys=0.00s Real=0.00s
[25.056s][info][gc,start       ] GC(118) Pause Young (Allocation Failure)
[25.062s][info][gc,heap        ] GC(118) DefNew: 590237K(629120K)->44280K(629120K) Eden: 559232K(559232K)->0K(559232K) From: 31005K(69888K)->44280K(69888K)
[25.062s][info][gc,heap        ] GC(118) Tenured: 1224525K(1398144K)->1224525K(1398144K)
[25.062s][info][gc,metaspace   ] GC(118) Metaspace: 125094K(126848K)->125094K(126848K) NonClass: 108401K(109376K)->108401K(109376K) Class: 16693K(17472K)->16693K(17472K)
[25.062s][info][gc             ] GC(118) Pause Young (Allocation Failure) 1772M->1239M(1979M) 5.679ms
[25.062s][info][gc,cpu         ] GC(118) User=0.00s Sys=0.00s Real=0.01s
[25.161s][info][gc,start       ] GC(119) Pause Young (Allocation Failure)
[25.168s][info][gc,heap        ] GC(119) DefNew: 603512K(629120K)->49573K(629120K) Eden: 559232K(559232K)->0K(559232K) From: 44280K(69888K)->49573K(69888K)
[25.168s][info][gc,heap        ] GC(119) Tenured: 1224525K(1398144K)->1236816K(1398144K)
[25.168s][info][gc,metaspace   ] GC(119) Metaspace: 125095K(126848K)->125095K(126848K) NonClass: 108401K(109376K)->108401K(109376K) Class: 16693K(17472K)->16693K(17472K)
[25.168s][info][gc             ] GC(119) Pause Young (Allocation Failure) 1785M->1256M(1979M) 7.306ms
[25.168s][info][gc,cpu         ] GC(119) User=0.00s Sys=0.00s Real=0.00s
[25.280s][info][gc,start       ] GC(120) Pause Young (Allocation Failure)
[25.287s][info][gc,heap        ] GC(120) DefNew: 608805K(629120K)->27868K(629120K) Eden: 559232K(559232K)->0K(559232K) From: 49573K(69888K)->27868K(69888K)
[25.287s][info][gc,heap        ] GC(120) Tenured: 1236816K(1398144K)->1265497K(1398144K)
[25.287s][info][gc,metaspace   ] GC(120) Metaspace: 125123K(126848K)->125123K(126848K) NonClass: 108429K(109376K)->108429K(109376K) Class: 16693K(17472K)->16693K(17472K)
[25.287s][info][gc             ] GC(120) Pause Young (Allocation Failure) 1802M->1263M(1979M) 7.157ms
[25.287s][info][gc,cpu         ] GC(120) User=0.00s Sys=0.00s Real=0.00s
[25.395s][info][gc,start       ] GC(121) Pause Young (Allocation Failure)
[25.399s][info][gc,heap        ] GC(121) DefNew: 587100K(629120K)->36048K(629120K) Eden: 559232K(559232K)->0K(559232K) From: 27868K(69888K)->36048K(69888K)
[25.399s][info][gc,heap        ] GC(121) Tenured: 1265497K(1398144K)->1265497K(1398144K)
[25.399s][info][gc,metaspace   ] GC(121) Metaspace: 125123K(126848K)->125123K(126848K) NonClass: 108429K(109376K)->108429K(109376K) Class: 16693K(17472K)->16693K(17472K)
[25.399s][info][gc             ] GC(121) Pause Young (Allocation Failure) 1809M->1271M(1979M) 4.929ms
[25.400s][info][gc,cpu         ] GC(121) User=0.00s Sys=0.00s Real=0.00s
[25.492s][info][gc,start       ] GC(122) Pause Young (Allocation Failure)
[25.498s][info][gc,heap        ] GC(122) DefNew: 595280K(629120K)->38241K(629120K) Eden: 559232K(559232K)->0K(559232K) From: 36048K(69888K)->38241K(69888K)
[25.498s][info][gc,heap        ] GC(122) Tenured: 1265497K(1398144K)->1273695K(1398144K)
[25.498s][info][gc,metaspace   ] GC(122) Metaspace: 125123K(126848K)->125123K(126848K) NonClass: 108429K(109376K)->108429K(109376K) Class: 16693K(17472K)->16693K(17472K)
[25.498s][info][gc             ] GC(122) Pause Young (Allocation Failure) 1817M->1281M(1979M) 5.953ms
[25.498s][info][gc,cpu         ] GC(122) User=0.00s Sys=0.00s Real=0.00s
[25.593s][info][gc,start       ] GC(123) Pause Young (Allocation Failure)
[25.599s][info][gc,heap        ] GC(123) DefNew: 597473K(629120K)->27813K(629120K) Eden: 559232K(559232K)->0K(559232K) From: 38241K(69888K)->27813K(69888K)
[25.599s][info][gc,heap        ] GC(123) Tenured: 1273695K(1398144K)->1290129K(1398144K)
[25.599s][info][gc,metaspace   ] GC(123) Metaspace: 125124K(126848K)->125124K(126848K) NonClass: 108430K(109376K)->108430K(109376K) Class: 16693K(17472K)->16693K(17472K)
[25.599s][info][gc             ] GC(123) Pause Young (Allocation Failure) 1827M->1287M(1979M) 6.062ms
[25.599s][info][gc,cpu         ] GC(123) User=0.00s Sys=0.00s Real=0.00s
[25.696s][info][gc,start       ] GC(124) Pause Young (Allocation Failure)
[25.702s][info][gc,heap        ] GC(124) DefNew: 587045K(629120K)->36884K(629120K) Eden: 559232K(559232K)->0K(559232K) From: 27813K(69888K)->36884K(69888K)
[25.702s][info][gc,heap        ] GC(124) Tenured: 1290129K(1398144K)->1290129K(1398144K)
[25.702s][info][gc,metaspace   ] GC(124) Metaspace: 125124K(126848K)->125124K(126848K) NonClass: 108430K(109376K)->108430K(109376K) Class: 16693K(17472K)->16693K(17472K)
[25.702s][info][gc             ] GC(124) Pause Young (Allocation Failure) 1833M->1295M(1979M) 5.414ms
[25.702s][info][gc,cpu         ] GC(124) User=0.00s Sys=0.00s Real=0.00s
[25.800s][info][gc,start       ] GC(125) Pause Young (Allocation Failure)
[25.805s][info][gc,heap        ] GC(125) DefNew: 596116K(629120K)->41370K(629120K) Eden: 559232K(559232K)->0K(559232K) From: 36884K(69888K)->41370K(69888K)
[25.805s][info][gc,heap        ] GC(125) Tenured: 1290129K(1398144K)->1298324K(1398144K)
[25.805s][info][gc,metaspace   ] GC(125) Metaspace: 125124K(126848K)->125124K(126848K) NonClass: 108430K(109376K)->108430K(109376K) Class: 16693K(17472K)->16693K(17472K)
[25.805s][info][gc             ] GC(125) Pause Young (Allocation Failure) 1842M->1308M(1979M) 5.852ms
[25.805s][info][gc,cpu         ] GC(125) User=0.00s Sys=0.00s Real=0.00s
[25.903s][info][gc,start       ] GC(126) Pause Young (Allocation Failure)
[25.908s][info][gc,heap        ] GC(126) DefNew: 600602K(629120K)->21403K(629120K) Eden: 559232K(559232K)->0K(559232K) From: 41370K(69888K)->21403K(69888K)
[25.908s][info][gc,heap        ] GC(126) Tenured: 1298324K(1398144K)->1310615K(1398144K)
[25.908s][info][gc,metaspace   ] GC(126) Metaspace: 125154K(126848K)->125154K(126848K) NonClass: 108461K(109376K)->108461K(109376K) Class: 16693K(17472K)->16693K(17472K)
[25.908s][info][gc             ] GC(126) Pause Young (Allocation Failure) 1854M->1300M(1979M) 5.370ms
[25.908s][info][gc,cpu         ] GC(126) User=0.00s Sys=0.00s Real=0.01s
[25.995s][info][gc,start       ] GC(127) Pause Young (Allocation Failure)
[25.999s][info][gc,heap        ] GC(127) DefNew: 580635K(629120K)->23760K(629120K) Eden: 559232K(559232K)->0K(559232K) From: 21403K(69888K)->23760K(69888K)
[25.999s][info][gc,heap        ] GC(127) Tenured: 1310615K(1398144K)->1310615K(1398144K)
[25.999s][info][gc,metaspace   ] GC(127) Metaspace: 125154K(126848K)->125154K(126848K) NonClass: 108461K(109376K)->108461K(109376K) Class: 16693K(17472K)->16693K(17472K)
[25.999s][info][gc             ] GC(127) Pause Young (Allocation Failure) 1846M->1303M(1979M) 3.831ms
[25.999s][info][gc,cpu         ] GC(127) User=0.00s Sys=0.00s Real=0.00s
[26.084s][info][gc,start       ] GC(128) Pause Young (Allocation Failure)
[26.088s][info][gc,heap        ] GC(128) DefNew: 579795K(629120K)->23750K(629120K) Eden: 556034K(559232K)->0K(559232K) From: 23760K(69888K)->23750K(69888K)
[26.088s][info][gc,heap        ] GC(128) Tenured: 1310615K(1398144K)->1310615K(1398144K)
[26.088s][info][gc,metaspace   ] GC(128) Metaspace: 125166K(126912K)->125166K(126912K) NonClass: 108472K(109440K)->108472K(109440K) Class: 16694K(17472K)->16694K(17472K)
[26.088s][info][gc             ] GC(128) Pause Young (Allocation Failure) 1846M->1303M(1979M) 4.228ms
[26.088s][info][gc,cpu         ] GC(128) User=0.00s Sys=0.00s Real=0.00s
[26.181s][info][gc,start       ] GC(129) Pause Young (Allocation Failure)
[26.185s][info][gc,heap        ] GC(129) DefNew: 582982K(629120K)->26885K(629120K) Eden: 559232K(559232K)->0K(559232K) From: 23750K(69888K)->26885K(69888K)
[26.185s][info][gc,heap        ] GC(129) Tenured: 1310615K(1398144K)->1310615K(1398144K)
[26.185s][info][gc,metaspace   ] GC(129) Metaspace: 125166K(126912K)->125166K(126912K) NonClass: 108472K(109440K)->108472K(109440K) Class: 16694K(17472K)->16694K(17472K)
[26.185s][info][gc             ] GC(129) Pause Young (Allocation Failure) 1849M->1306M(1979M) 4.375ms
[26.185s][info][gc,cpu         ] GC(129) User=0.00s Sys=0.00s Real=0.00s
[26.279s][info][gc,start       ] GC(130) Pause Young (Allocation Failure)
[26.284s][info][gc,heap        ] GC(130) DefNew: 586117K(629120K)->28742K(629120K) Eden: 559232K(559232K)->0K(559232K) From: 26885K(69888K)->28742K(69888K)
[26.284s][info][gc,heap        ] GC(130) Tenured: 1310615K(1398144K)->1310615K(1398144K)
[26.284s][info][gc,metaspace   ] GC(130) Metaspace: 125166K(126912K)->125166K(126912K) NonClass: 108472K(109440K)->108472K(109440K) Class: 16694K(17472K)->16694K(17472K)
[26.284s][info][gc             ] GC(130) Pause Young (Allocation Failure) 1852M->1307M(1979M) 4.949ms
[26.284s][info][gc,cpu         ] GC(130) User=0.00s Sys=0.00s Real=0.00s
[26.379s][info][gc,start       ] GC(131) Pause Young (Allocation Failure)
[26.384s][info][gc,heap        ] GC(131) DefNew: 587974K(629120K)->34202K(629120K) Eden: 559232K(559232K)->0K(559232K) From: 28742K(69888K)->34202K(69888K)
[26.384s][info][gc,heap        ] GC(131) Tenured: 1310615K(1398144K)->1310615K(1398144K)
[26.384s][info][gc,metaspace   ] GC(131) Metaspace: 125166K(126912K)->125166K(126912K) NonClass: 108472K(109440K)->108472K(109440K) Class: 16694K(17472K)->16694K(17472K)
[26.384s][info][gc             ] GC(131) Pause Young (Allocation Failure) 1854M->1313M(1979M) 4.822ms
[26.384s][info][gc,cpu         ] GC(131) User=0.00s Sys=0.00s Real=0.00s
[26.479s][info][gc,start       ] GC(132) Pause Young (Allocation Failure)
[26.483s][info][gc,heap        ] GC(132) DefNew: 593434K(629120K)->25519K(629120K) Eden: 559232K(559232K)->0K(559232K) From: 34202K(69888K)->25519K(69888K)
[26.483s][info][gc,heap        ] GC(132) Tenured: 1310615K(1398144K)->1310615K(1398144K)
[26.483s][info][gc,metaspace   ] GC(132) Metaspace: 125166K(126912K)->125166K(126912K) NonClass: 108472K(109440K)->108472K(109440K) Class: 16694K(17472K)->16694K(17472K)
[26.483s][info][gc             ] GC(132) Pause Young (Allocation Failure) 1859M->1304M(1979M) 4.474ms
[26.483s][info][gc,cpu         ] GC(132) User=0.00s Sys=0.00s Real=0.00s
[26.578s][info][gc,start       ] GC(133) Pause Young (Allocation Failure)
[26.582s][info][gc,heap        ] GC(133) DefNew: 584751K(629120K)->29496K(629120K) Eden: 559232K(559232K)->0K(559232K) From: 25519K(69888K)->29496K(69888K)
[26.582s][info][gc,heap        ] GC(133) Tenured: 1310615K(1398144K)->1310615K(1398144K)
[26.582s][info][gc,metaspace   ] GC(133) Metaspace: 125166K(126912K)->125166K(126912K) NonClass: 108472K(109440K)->108472K(109440K) Class: 16694K(17472K)->16694K(17472K)
[26.582s][info][gc             ] GC(133) Pause Young (Allocation Failure) 1850M->1308M(1979M) 4.675ms
[26.582s][info][gc,cpu         ] GC(133) User=0.00s Sys=0.00s Real=0.00s
[26.677s][info][gc,start       ] GC(134) Pause Young (Allocation Failure)
[26.682s][info][gc,heap        ] GC(134) DefNew: 588728K(629120K)->35076K(629120K) Eden: 559232K(559232K)->0K(559232K) From: 29496K(69888K)->35076K(69888K)
[26.682s][info][gc,heap        ] GC(134) Tenured: 1310615K(1398144K)->1310615K(1398144K)
[26.682s][info][gc,metaspace   ] GC(134) Metaspace: 125166K(126912K)->125166K(126912K) NonClass: 108472K(109440K)->108472K(109440K) Class: 16694K(17472K)->16694K(17472K)
[26.682s][info][gc             ] GC(134) Pause Young (Allocation Failure) 1854M->1314M(1979M) 5.141ms
[26.682s][info][gc,cpu         ] GC(134) User=0.00s Sys=0.00s Real=0.00s
[26.777s][info][gc,start       ] GC(135) Pause Young (Allocation Failure)
[26.781s][info][gc,heap        ] GC(135) DefNew: 594308K(629120K)->18973K(629120K) Eden: 559232K(559232K)->0K(559232K) From: 35076K(69888K)->18973K(69888K)
[26.781s][info][gc,heap        ] GC(135) Tenured: 1310615K(1398144K)->1318809K(1398144K)
[26.781s][info][gc,metaspace   ] GC(135) Metaspace: 125166K(126912K)->125166K(126912K) NonClass: 108472K(109440K)->108472K(109440K) Class: 16694K(17472K)->16694K(17472K)
[26.781s][info][gc             ] GC(135) Pause Young (Allocation Failure) 1860M->1306M(1979M) 4.284ms
[26.781s][info][gc,cpu         ] GC(135) User=0.00s Sys=0.00s Real=0.00s
[26.878s][info][gc,start       ] GC(136) Pause Young (Allocation Failure)
[26.882s][info][gc,heap        ] GC(136) DefNew: 578205K(629120K)->22872K(629120K) Eden: 559232K(559232K)->0K(559232K) From: 18973K(69888K)->22872K(69888K)
[26.882s][info][gc,heap        ] GC(136) Tenured: 1318809K(1398144K)->1318809K(1398144K)
[26.882s][info][gc,metaspace   ] GC(136) Metaspace: 125166K(126912K)->125166K(126912K) NonClass: 108472K(109440K)->108472K(109440K) Class: 16694K(17472K)->16694K(17472K)
[26.882s][info][gc             ] GC(136) Pause Young (Allocation Failure) 1852M->1310M(1979M) 4.232ms
[26.882s][info][gc,cpu         ] GC(136) User=0.00s Sys=0.00s Real=0.01s
[26.976s][info][gc,start       ] GC(137) Pause Young (Allocation Failure)
[26.979s][info][gc,heap        ] GC(137) DefNew: 582104K(629120K)->16448K(629120K) Eden: 559232K(559232K)->0K(559232K) From: 22872K(69888K)->16448K(69888K)
[26.979s][info][gc,heap        ] GC(137) Tenured: 1318809K(1398144K)->1318809K(1398144K)
[26.979s][info][gc,metaspace   ] GC(137) Metaspace: 125166K(126912K)->125166K(126912K) NonClass: 108472K(109440K)->108472K(109440K) Class: 16694K(17472K)->16694K(17472K)
[26.979s][info][gc             ] GC(137) Pause Young (Allocation Failure) 1856M->1303M(1979M) 3.053ms
[26.979s][info][gc,cpu         ] GC(137) User=0.00s Sys=0.00s Real=0.00s
[27.073s][info][gc,start       ] GC(138) Pause Young (Allocation Failure)
[27.077s][info][gc,heap        ] GC(138) DefNew: 575680K(629120K)->21308K(629120K) Eden: 559232K(559232K)->0K(559232K) From: 16448K(69888K)->21308K(69888K)
[27.077s][info][gc,heap        ] GC(138) Tenured: 1318809K(1398144K)->1318809K(1398144K)
[27.077s][info][gc,metaspace   ] GC(138) Metaspace: 125166K(126912K)->125166K(126912K) NonClass: 108472K(109440K)->108472K(109440K) Class: 16694K(17472K)->16694K(17472K)
[27.077s][info][gc             ] GC(138) Pause Young (Allocation Failure) 1850M->1308M(1979M) 3.911ms
[27.077s][info][gc,cpu         ] GC(138) User=0.00s Sys=0.00s Real=0.00s
[27.174s][info][gc,start       ] GC(139) Pause Young (Allocation Failure)
[27.179s][info][gc,heap        ] GC(139) DefNew: 580540K(629120K)->29116K(629120K) Eden: 559232K(559232K)->0K(559232K) From: 21308K(69888K)->29116K(69888K)
[27.179s][info][gc,heap        ] GC(139) Tenured: 1318809K(1398144K)->1318809K(1398144K)
[27.179s][info][gc,metaspace   ] GC(139) Metaspace: 125167K(126912K)->125167K(126912K) NonClass: 108472K(109440K)->108472K(109440K) Class: 16694K(17472K)->16694K(17472K)
[27.179s][info][gc             ] GC(139) Pause Young (Allocation Failure) 1854M->1316M(1979M) 4.496ms
[27.179s][info][gc,cpu         ] GC(139) User=0.00s Sys=0.00s Real=0.00s
[27.272s][info][gc,start       ] GC(140) Pause Young (Allocation Failure)
[27.276s][info][gc,heap        ] GC(140) DefNew: 588348K(629120K)->13695K(629120K) Eden: 559232K(559232K)->0K(559232K) From: 29116K(69888K)->13695K(69888K)
[27.276s][info][gc,heap        ] GC(140) Tenured: 1318809K(1398144K)->1322906K(1398144K)
[27.276s][info][gc,metaspace   ] GC(140) Metaspace: 125172K(126912K)->125172K(126912K) NonClass: 108477K(109440K)->108477K(109440K) Class: 16695K(17472K)->16695K(17472K)
[27.276s][info][gc             ] GC(140) Pause Young (Allocation Failure) 1862M->1305M(1979M) 3.671ms
[27.276s][info][gc,cpu         ] GC(140) User=0.00s Sys=0.00s Real=0.02s
[27.372s][info][gc,start       ] GC(141) Pause Young (Allocation Failure)
[27.375s][info][gc,heap        ] GC(141) DefNew: 572927K(629120K)->14640K(629120K) Eden: 559232K(559232K)->0K(559232K) From: 13695K(69888K)->14640K(69888K)
[27.375s][info][gc,heap        ] GC(141) Tenured: 1322906K(1398144K)->1327045K(1398144K)
[27.375s][info][gc,metaspace   ] GC(141) Metaspace: 125178K(126912K)->125178K(126912K) NonClass: 108482K(109440K)->108482K(109440K) Class: 16695K(17472K)->16695K(17472K)
[27.375s][info][gc             ] GC(141) Pause Young (Allocation Failure) 1851M->1310M(1979M) 3.522ms
[27.375s][info][gc,cpu         ] GC(141) User=0.00s Sys=0.00s Real=0.00s
[27.471s][info][gc,start       ] GC(142) Pause Young (Allocation Failure)
[27.474s][info][gc,heap        ] GC(142) DefNew: 571841K(629120K)->20523K(629120K) Eden: 557200K(559232K)->0K(559232K) From: 14640K(69888K)->20523K(69888K)
[27.474s][info][gc,heap        ] GC(142) Tenured: 1327045K(1398144K)->1327045K(1398144K)
[27.474s][info][gc,metaspace   ] GC(142) Metaspace: 125178K(126912K)->125178K(126912K) NonClass: 108482K(109440K)->108482K(109440K) Class: 16695K(17472K)->16695K(17472K)
[27.474s][info][gc             ] GC(142) Pause Young (Allocation Failure) 1854M->1315M(1979M) 3.684ms
[27.475s][info][gc,cpu         ] GC(142) User=0.00s Sys=0.00s Real=0.00s
[27.592s][info][gc,start       ] GC(143) Pause Young (Allocation Failure)
[27.595s][info][gc,heap        ] GC(143) DefNew: 579755K(629120K)->11059K(629120K) Eden: 559232K(559232K)->0K(559232K) From: 20523K(69888K)->11059K(69888K)
[27.595s][info][gc,heap        ] GC(143) Tenured: 1327045K(1398144K)->1327047K(1398144K)
[27.595s][info][gc,metaspace   ] GC(143) Metaspace: 125191K(126976K)->125191K(126976K) NonClass: 108495K(109504K)->108495K(109504K) Class: 16695K(17472K)->16695K(17472K)
[27.595s][info][gc             ] GC(143) Pause Young (Allocation Failure) 1862M->1306M(1979M) 2.937ms
[27.595s][info][gc,cpu         ] GC(143) User=0.00s Sys=0.00s Real=0.00s
[27.775s][info][gc,start       ] GC(144) Pause Young (Allocation Failure)
[27.778s][info][gc,heap        ] GC(144) DefNew: 570291K(629120K)->11070K(629120K) Eden: 559232K(559232K)->0K(559232K) From: 11059K(69888K)->11070K(69888K)
[27.778s][info][gc,heap        ] GC(144) Tenured: 1327047K(1398144K)->1327047K(1398144K)
[27.778s][info][gc,metaspace   ] GC(144) Metaspace: 125191K(126976K)->125191K(126976K) NonClass: 108495K(109504K)->108495K(109504K) Class: 16695K(17472K)->16695K(17472K)
[27.778s][info][gc             ] GC(144) Pause Young (Allocation Failure) 1852M->1306M(1979M) 2.939ms
[27.778s][info][gc,cpu         ] GC(144) User=0.00s Sys=0.00s Real=0.01s
[27.959s][info][gc,start       ] GC(145) Pause Young (Allocation Failure)
[27.961s][info][gc,heap        ] GC(145) DefNew: 570302K(629120K)->8716K(629120K) Eden: 559232K(559232K)->0K(559232K) From: 11070K(69888K)->8716K(69888K)
[27.961s][info][gc,heap        ] GC(145) Tenured: 1327047K(1398144K)->1327047K(1398144K)
[27.961s][info][gc,metaspace   ] GC(145) Metaspace: 125191K(126976K)->125191K(126976K) NonClass: 108495K(109504K)->108495K(109504K) Class: 16695K(17472K)->16695K(17472K)
[27.961s][info][gc             ] GC(145) Pause Young (Allocation Failure) 1852M->1304M(1979M) 2.651ms
[27.961s][info][gc,cpu         ] GC(145) User=0.00s Sys=0.00s Real=0.01s
[28.319s][info][gc,start       ] GC(146) Pause Full (System.gc())
[28.319s][info][gc,phases,start] GC(146) Phase 1: Mark live objects
[28.379s][info][gc,phases      ] GC(146) Phase 1: Mark live objects 59.984ms
[28.379s][info][gc,phases,start] GC(146) Phase 2: Compute new object addresses
[28.415s][info][gc,phases      ] GC(146) Phase 2: Compute new object addresses 36.576ms
[28.415s][info][gc,phases,start] GC(146) Phase 3: Adjust pointers
[28.441s][info][gc,phases      ] GC(146) Phase 3: Adjust pointers 25.757ms
[28.441s][info][gc,phases,start] GC(146) Phase 4: Move objects
[28.476s][info][gc,phases      ] GC(146) Phase 4: Move objects 35.123ms
[28.478s][info][gc,heap        ] GC(146) DefNew: 212755K(629120K)->0K(629120K) Eden: 204038K(559232K)->0K(559232K) From: 8716K(69888K)->0K(69888K)
[28.478s][info][gc,heap        ] GC(146) Tenured: 1327047K(1398144K)->1036234K(1398144K)
[28.478s][info][gc,metaspace   ] GC(146) Metaspace: 126991K(128832K)->126061K(128832K) NonClass: 110020K(111040K)->109333K(111040K) Class: 16970K(17792K)->16727K(17792K)
[28.478s][info][gc             ] GC(146) Pause Full (System.gc()) 1503M->1011M(1979M) 159.411ms
[28.478s][info][gc,cpu         ] GC(146) User=0.14s Sys=0.00s Real=0.16s
[28.733s][info][gc,start       ] GC(147) Pause Young (Allocation Failure)
[28.738s][info][gc,heap        ] GC(147) DefNew: 559232K(629120K)->8099K(629120K) Eden: 559232K(559232K)->0K(559232K) From: 0K(69888K)->8099K(69888K)
[28.738s][info][gc,heap        ] GC(147) Tenured: 1036234K(1398144K)->1036234K(1398144K)
[28.738s][info][gc,metaspace   ] GC(147) Metaspace: 126695K(129152K)->126695K(129152K) NonClass: 109921K(111360K)->109921K(111360K) Class: 16774K(17792K)->16774K(17792K)
[28.738s][info][gc             ] GC(147) Pause Young (Allocation Failure) 1558M->1019M(1979M) 5.336ms
[28.738s][info][gc,cpu         ] GC(147) User=0.00s Sys=0.00s Real=0.00s
[28.801s][info][gc,start       ] GC(148) Pause Young (Allocation Failure)
[28.805s][info][gc,heap        ] GC(148) DefNew: 567331K(629120K)->7507K(629120K) Eden: 559232K(559232K)->0K(559232K) From: 8099K(69888K)->7507K(69888K)
[28.805s][info][gc,heap        ] GC(148) Tenured: 1036234K(1398144K)->1036234K(1398144K)
[28.805s][info][gc,metaspace   ] GC(148) Metaspace: 126696K(129152K)->126696K(129152K) NonClass: 109921K(111360K)->109921K(111360K) Class: 16774K(17792K)->16774K(17792K)
[28.805s][info][gc             ] GC(148) Pause Young (Allocation Failure) 1565M->1019M(1979M) 3.905ms
[28.805s][info][gc,cpu         ] GC(148) User=0.00s Sys=0.00s Real=0.00s
[28.863s][info][gc,start       ] GC(149) Pause Young (Allocation Failure)
[28.868s][info][gc,heap        ] GC(149) DefNew: 566739K(629120K)->15320K(629120K) Eden: 559232K(559232K)->0K(559232K) From: 7507K(69888K)->15320K(69888K)
[28.868s][info][gc,heap        ] GC(149) Tenured: 1036234K(1398144K)->1036234K(1398144K)
[28.868s][info][gc,metaspace   ] GC(149) Metaspace: 126696K(129152K)->126696K(129152K) NonClass: 109921K(111360K)->109921K(111360K) Class: 16774K(17792K)->16774K(17792K)
[28.868s][info][gc             ] GC(149) Pause Young (Allocation Failure) 1565M->1026M(1979M) 4.791ms
[28.868s][info][gc,cpu         ] GC(149) User=0.00s Sys=0.00s Real=0.00s
[28.926s][info][gc,start       ] GC(150) Pause Young (Allocation Failure)
[28.930s][info][gc,heap        ] GC(150) DefNew: 574552K(629120K)->11603K(629120K) Eden: 559232K(559232K)->0K(559232K) From: 15320K(69888K)->11603K(69888K)
[28.930s][info][gc,heap        ] GC(150) Tenured: 1036234K(1398144K)->1036234K(1398144K)
[28.930s][info][gc,metaspace   ] GC(150) Metaspace: 126699K(129152K)->126699K(129152K) NonClass: 109925K(111360K)->109925K(111360K) Class: 16774K(17792K)->16774K(17792K)
[28.930s][info][gc             ] GC(150) Pause Young (Allocation Failure) 1573M->1023M(1979M) 4.332ms
[28.930s][info][gc,cpu         ] GC(150) User=0.02s Sys=0.00s Real=0.00s
[28.990s][info][gc,start       ] GC(151) Pause Young (Allocation Failure)
[28.995s][info][gc,heap        ] GC(151) DefNew: 570835K(629120K)->14456K(629120K) Eden: 559232K(559232K)->0K(559232K) From: 11603K(69888K)->14456K(69888K)
[28.995s][info][gc,heap        ] GC(151) Tenured: 1036234K(1398144K)->1036234K(1398144K)
[28.995s][info][gc,metaspace   ] GC(151) Metaspace: 126700K(129152K)->126700K(129152K) NonClass: 109926K(111360K)->109926K(111360K) Class: 16774K(17792K)->16774K(17792K)
[28.995s][info][gc             ] GC(151) Pause Young (Allocation Failure) 1569M->1026M(1979M) 5.003ms
[28.995s][info][gc,cpu         ] GC(151) User=0.03s Sys=0.00s Real=0.02s
[29.059s][info][gc,start       ] GC(152) Pause Young (Allocation Failure)
[29.064s][info][gc,heap        ] GC(152) DefNew: 573688K(629120K)->20851K(629120K) Eden: 559232K(559232K)->0K(559232K) From: 14456K(69888K)->20851K(69888K)
[29.064s][info][gc,heap        ] GC(152) Tenured: 1036234K(1398144K)->1036234K(1398144K)
[29.064s][info][gc,metaspace   ] GC(152) Metaspace: 126719K(129152K)->126719K(129152K) NonClass: 109944K(111360K)->109944K(111360K) Class: 16775K(17792K)->16775K(17792K)
[29.064s][info][gc             ] GC(152) Pause Young (Allocation Failure) 1572M->1032M(1979M) 5.660ms
[29.064s][info][gc,cpu         ] GC(152) User=0.03s Sys=0.00s Real=0.00s
[29.126s][info][gc,start       ] GC(153) Pause Young (Allocation Failure)
[29.132s][info][gc,heap        ] GC(153) DefNew: 580083K(629120K)->24773K(629120K) Eden: 559232K(559232K)->0K(559232K) From: 20851K(69888K)->24773K(69888K)
[29.132s][info][gc,heap        ] GC(153) Tenured: 1036234K(1398144K)->1036234K(1398144K)
[29.132s][info][gc,metaspace   ] GC(153) Metaspace: 126724K(129152K)->126724K(129152K) NonClass: 109948K(111360K)->109948K(111360K) Class: 16775K(17792K)->16775K(17792K)
[29.132s][info][gc             ] GC(153) Pause Young (Allocation Failure) 1578M->1036M(1979M) 6.139ms
[29.132s][info][gc,cpu         ] GC(153) User=0.02s Sys=0.00s Real=0.00s
[29.191s][info][gc,start       ] GC(154) Pause Young (Allocation Failure)
[29.197s][info][gc,heap        ] GC(154) DefNew: 584005K(629120K)->30970K(629120K) Eden: 559232K(559232K)->0K(559232K) From: 24773K(69888K)->30970K(69888K)
[29.197s][info][gc,heap        ] GC(154) Tenured: 1036234K(1398144K)->1036234K(1398144K)
[29.197s][info][gc,metaspace   ] GC(154) Metaspace: 126724K(129152K)->126724K(129152K) NonClass: 109948K(111360K)->109948K(111360K) Class: 16775K(17792K)->16775K(17792K)
[29.197s][info][gc             ] GC(154) Pause Young (Allocation Failure) 1582M->1042M(1979M) 6.341ms
[29.197s][info][gc,cpu         ] GC(154) User=0.02s Sys=0.00s Real=0.00s
[29.256s][info][gc,start       ] GC(155) Pause Young (Allocation Failure)
[29.262s][info][gc,heap        ] GC(155) DefNew: 590202K(629120K)->32981K(629120K) Eden: 559232K(559232K)->0K(559232K) From: 30970K(69888K)->32981K(69888K)
[29.262s][info][gc,heap        ] GC(155) Tenured: 1036234K(1398144K)->1036234K(1398144K)
[29.262s][info][gc,metaspace   ] GC(155) Metaspace: 126724K(129152K)->126724K(129152K) NonClass: 109948K(111360K)->109948K(111360K) Class: 16775K(17792K)->16775K(17792K)
[29.262s][info][gc             ] GC(155) Pause Young (Allocation Failure) 1588M->1044M(1979M) 6.505ms
[29.262s][info][gc,cpu         ] GC(155) User=0.02s Sys=0.00s Real=0.02s
[29.319s][info][gc,start       ] GC(156) Pause Young (Allocation Failure)
[29.326s][info][gc,heap        ] GC(156) DefNew: 592213K(629120K)->38843K(629120K) Eden: 559232K(559232K)->0K(559232K) From: 32981K(69888K)->38843K(69888K)
[29.326s][info][gc,heap        ] GC(156) Tenured: 1036234K(1398144K)->1036234K(1398144K)
[29.326s][info][gc,metaspace   ] GC(156) Metaspace: 126725K(129152K)->126725K(129152K) NonClass: 109949K(111360K)->109949K(111360K) Class: 16775K(17792K)->16775K(17792K)
[29.326s][info][gc             ] GC(156) Pause Young (Allocation Failure) 1590M->1049M(1979M) 7.084ms
[29.326s][info][gc,cpu         ] GC(156) User=0.00s Sys=0.00s Real=0.02s
[29.380s][info][gc,start       ] GC(157) Pause Young (Allocation Failure)
[29.388s][info][gc,heap        ] GC(157) DefNew: 598075K(629120K)->35421K(629120K) Eden: 559232K(559232K)->0K(559232K) From: 38843K(69888K)->35421K(69888K)
[29.388s][info][gc,heap        ] GC(157) Tenured: 1036234K(1398144K)->1041963K(1398144K)
[29.388s][info][gc,metaspace   ] GC(157) Metaspace: 126725K(129152K)->126725K(129152K) NonClass: 109949K(111360K)->109949K(111360K) Class: 16775K(17792K)->16775K(17792K)
[29.388s][info][gc             ] GC(157) Pause Young (Allocation Failure) 1596M->1052M(1979M) 7.438ms
[29.388s][info][gc,cpu         ] GC(157) User=0.00s Sys=0.00s Real=0.02s
[29.445s][info][gc,start       ] GC(158) Pause Young (Allocation Failure)
[29.450s][info][gc,heap        ] GC(158) DefNew: 594653K(629120K)->33888K(629120K) Eden: 559232K(559232K)->0K(559232K) From: 35421K(69888K)->33888K(69888K)
[29.450s][info][gc,heap        ] GC(158) Tenured: 1041963K(1398144K)->1046059K(1398144K)
[29.450s][info][gc,metaspace   ] GC(158) Metaspace: 126725K(129152K)->126725K(129152K) NonClass: 109949K(111360K)->109949K(111360K) Class: 16775K(17792K)->16775K(17792K)
[29.450s][info][gc             ] GC(158) Pause Young (Allocation Failure) 1598M->1054M(1979M) 5.420ms
[29.450s][info][gc,cpu         ] GC(158) User=0.00s Sys=0.00s Real=0.02s
[29.504s][info][gc,start       ] GC(159) Pause Young (Allocation Failure)
[29.510s][info][gc,heap        ] GC(159) DefNew: 593120K(629120K)->39547K(629120K) Eden: 559232K(559232K)->0K(559232K) From: 33888K(69888K)->39547K(69888K)
[29.510s][info][gc,heap        ] GC(159) Tenured: 1046059K(1398144K)->1046059K(1398144K)
[29.510s][info][gc,metaspace   ] GC(159) Metaspace: 126725K(129152K)->126725K(129152K) NonClass: 109949K(111360K)->109949K(111360K) Class: 16775K(17792K)->16775K(17792K)
[29.510s][info][gc             ] GC(159) Pause Young (Allocation Failure) 1600M->1060M(1979M) 5.564ms
[29.510s][info][gc,cpu         ] GC(159) User=0.00s Sys=0.00s Real=0.00s
[29.567s][info][gc,start       ] GC(160) Pause Young (Allocation Failure)
[29.573s][info][gc,heap        ] GC(160) DefNew: 598779K(629120K)->35700K(629120K) Eden: 559232K(559232K)->0K(559232K) From: 39547K(69888K)->35700K(69888K)
[29.573s][info][gc,heap        ] GC(160) Tenured: 1046059K(1398144K)->1054563K(1398144K)
[29.573s][info][gc,metaspace   ] GC(160) Metaspace: 126726K(129152K)->126726K(129152K) NonClass: 109951K(111360K)->109951K(111360K) Class: 16775K(17792K)->16775K(17792K)
[29.573s][info][gc             ] GC(160) Pause Young (Allocation Failure) 1606M->1064M(1979M) 6.062ms
[29.573s][info][gc,cpu         ] GC(160) User=0.00s Sys=0.00s Real=0.00s
[29.628s][info][gc,start       ] GC(161) Pause Young (Allocation Failure)
[29.634s][info][gc,heap        ] GC(161) DefNew: 594932K(629120K)->37265K(629120K) Eden: 559232K(559232K)->0K(559232K) From: 35700K(69888K)->37265K(69888K)
[29.634s][info][gc,heap        ] GC(161) Tenured: 1054563K(1398144K)->1062758K(1398144K)
[29.634s][info][gc,metaspace   ] GC(161) Metaspace: 126726K(129152K)->126726K(129152K) NonClass: 109951K(111360K)->109951K(111360K) Class: 16775K(17792K)->16775K(17792K)
[29.634s][info][gc             ] GC(161) Pause Young (Allocation Failure) 1610M->1074M(1979M) 5.743ms
[29.634s][info][gc,cpu         ] GC(161) User=0.02s Sys=0.00s Real=0.00s
[29.690s][info][gc,start       ] GC(162) Pause Young (Allocation Failure)
[29.695s][info][gc,heap        ] GC(162) DefNew: 596497K(629120K)->27504K(629120K) Eden: 559232K(559232K)->0K(559232K) From: 37265K(69888K)->27504K(69888K)
[29.695s][info][gc,heap        ] GC(162) Tenured: 1062758K(1398144K)->1070954K(1398144K)
[29.695s][info][gc,metaspace   ] GC(162) Metaspace: 126726K(129152K)->126726K(129152K) NonClass: 109951K(111360K)->109951K(111360K) Class: 16775K(17792K)->16775K(17792K)
[29.695s][info][gc             ] GC(162) Pause Young (Allocation Failure) 1620M->1072M(1979M) 4.879ms
[29.695s][info][gc,cpu         ] GC(162) User=0.00s Sys=0.00s Real=0.00s
[29.758s][info][gc,start       ] GC(163) Pause Young (Allocation Failure)
[29.763s][info][gc,heap        ] GC(163) DefNew: 586736K(629120K)->41544K(629120K) Eden: 559232K(559232K)->0K(559232K) From: 27504K(69888K)->41544K(69888K)
[29.764s][info][gc,heap        ] GC(163) Tenured: 1070954K(1398144K)->1070954K(1398144K)
[29.764s][info][gc,metaspace   ] GC(163) Metaspace: 126749K(129152K)->126749K(129152K) NonClass: 109974K(111360K)->109974K(111360K) Class: 16775K(17792K)->16775K(17792K)
[29.764s][info][gc             ] GC(163) Pause Young (Allocation Failure) 1618M->1086M(1979M) 5.643ms
[29.764s][info][gc,cpu         ] GC(163) User=0.02s Sys=0.00s Real=0.02s
[29.848s][info][gc,start       ] GC(164) Pause Young (Allocation Failure)
[29.855s][info][gc,heap        ] GC(164) DefNew: 600776K(629120K)->38107K(629120K) Eden: 559232K(559232K)->0K(559232K) From: 41544K(69888K)->38107K(69888K)
[29.855s][info][gc,heap        ] GC(164) Tenured: 1070954K(1398144K)->1079148K(1398144K)
[29.855s][info][gc,metaspace   ] GC(164) Metaspace: 126763K(129152K)->126763K(129152K) NonClass: 109988K(111360K)->109988K(111360K) Class: 16775K(17792K)->16775K(17792K)
[29.855s][info][gc             ] GC(164) Pause Young (Allocation Failure) 1632M->1091M(1979M) 6.883ms
[29.855s][info][gc,cpu         ] GC(164) User=0.00s Sys=0.00s Real=0.00s
[29.944s][info][gc,start       ] GC(165) Pause Young (Allocation Failure)
[29.950s][info][gc,heap        ] GC(165) DefNew: 597339K(629120K)->44565K(629120K) Eden: 559232K(559232K)->0K(559232K) From: 38107K(69888K)->44565K(69888K)
[29.950s][info][gc,heap        ] GC(165) Tenured: 1079148K(1398144K)->1087344K(1398144K)
[29.950s][info][gc,metaspace   ] GC(165) Metaspace: 126763K(129152K)->126763K(129152K) NonClass: 109988K(111360K)->109988K(111360K) Class: 16775K(17792K)->16775K(17792K)
[29.950s][info][gc             ] GC(165) Pause Young (Allocation Failure) 1637M->1105M(1979M) 6.740ms
[29.950s][info][gc,cpu         ] GC(165) User=0.00s Sys=0.00s Real=0.00s
[30.039s][info][gc,start       ] GC(166) Pause Young (Allocation Failure)
[30.046s][info][gc,heap        ] GC(166) DefNew: 603797K(629120K)->34142K(629120K) Eden: 559232K(559232K)->0K(559232K) From: 44565K(69888K)->34142K(69888K)
[30.046s][info][gc,heap        ] GC(166) Tenured: 1087344K(1398144K)->1112400K(1398144K)
[30.046s][info][gc,metaspace   ] GC(166) Metaspace: 126766K(129152K)->126766K(129152K) NonClass: 109991K(111360K)->109991K(111360K) Class: 16775K(17792K)->16775K(17792K)
[30.046s][info][gc             ] GC(166) Pause Young (Allocation Failure) 1651M->1119M(1979M) 7.926ms
[30.047s][info][gc,cpu         ] GC(166) User=0.02s Sys=0.00s Real=0.01s
[30.136s][info][gc,start       ] GC(167) Pause Young (Allocation Failure)
[30.142s][info][gc,heap        ] GC(167) DefNew: 593374K(629120K)->44680K(629120K) Eden: 559232K(559232K)->0K(559232K) From: 34142K(69888K)->44680K(69888K)
[30.142s][info][gc,heap        ] GC(167) Tenured: 1112400K(1398144K)->1112400K(1398144K)
[30.142s][info][gc,metaspace   ] GC(167) Metaspace: 126767K(129152K)->126767K(129152K) NonClass: 109992K(111360K)->109992K(111360K) Class: 16775K(17792K)->16775K(17792K)
[30.142s][info][gc             ] GC(167) Pause Young (Allocation Failure) 1665M->1129M(1979M) 5.724ms
[30.142s][info][gc,cpu         ] GC(167) User=0.02s Sys=0.00s Real=0.02s
[30.231s][info][gc,start       ] GC(168) Pause Young (Allocation Failure)
[30.238s][info][gc,heap        ] GC(168) DefNew: 603912K(629120K)->44476K(629120K) Eden: 559232K(559232K)->0K(559232K) From: 44680K(69888K)->44476K(69888K)
[30.238s][info][gc,heap        ] GC(168) Tenured: 1112400K(1398144K)->1124692K(1398144K)
[30.238s][info][gc,metaspace   ] GC(168) Metaspace: 126767K(129152K)->126767K(129152K) NonClass: 109992K(111360K)->109992K(111360K) Class: 16775K(17792K)->16775K(17792K)
[30.238s][info][gc             ] GC(168) Pause Young (Allocation Failure) 1676M->1141M(1979M) 7.018ms
[30.238s][info][gc,cpu         ] GC(168) User=0.00s Sys=0.00s Real=0.02s
[30.326s][info][gc,start       ] GC(169) Pause Young (Allocation Failure)
[30.333s][info][gc,heap        ] GC(169) DefNew: 603708K(629120K)->45837K(629120K) Eden: 559232K(559232K)->0K(559232K) From: 44476K(69888K)->45837K(69888K)
[30.333s][info][gc,heap        ] GC(169) Tenured: 1124692K(1398144K)->1136985K(1398144K)
[30.333s][info][gc,metaspace   ] GC(169) Metaspace: 126767K(129152K)->126767K(129152K) NonClass: 109992K(111360K)->109992K(111360K) Class: 16775K(17792K)->16775K(17792K)
[30.333s][info][gc             ] GC(169) Pause Young (Allocation Failure) 1687M->1155M(1979M) 7.345ms
[30.333s][info][gc,cpu         ] GC(169) User=0.00s Sys=0.00s Real=0.01s
[30.424s][info][gc,start       ] GC(170) Pause Young (Allocation Failure)
[30.431s][info][gc,heap        ] GC(170) DefNew: 605069K(629120K)->44863K(629120K) Eden: 559232K(559232K)->0K(559232K) From: 45837K(69888K)->44863K(69888K)
[30.431s][info][gc,heap        ] GC(170) Tenured: 1136985K(1398144K)->1153374K(1398144K)
[30.431s][info][gc,metaspace   ] GC(170) Metaspace: 126767K(129152K)->126767K(129152K) NonClass: 109992K(111360K)->109992K(111360K) Class: 16775K(17792K)->16775K(17792K)
[30.431s][info][gc             ] GC(170) Pause Young (Allocation Failure) 1701M->1170M(1979M) 6.931ms
[30.431s][info][gc,cpu         ] GC(170) User=0.00s Sys=0.00s Real=0.00s
[30.522s][info][gc,start       ] GC(171) Pause Young (Allocation Failure)
[30.529s][info][gc,heap        ] GC(171) DefNew: 604095K(629120K)->39144K(629120K) Eden: 559232K(559232K)->0K(559232K) From: 44863K(69888K)->39144K(69888K)
[30.529s][info][gc,heap        ] GC(171) Tenured: 1153374K(1398144K)->1165666K(1398144K)
[30.529s][info][gc,metaspace   ] GC(171) Metaspace: 126785K(129152K)->126785K(129152K) NonClass: 110010K(111360K)->110010K(111360K) Class: 16775K(17792K)->16775K(17792K)
[30.529s][info][gc             ] GC(171) Pause Young (Allocation Failure) 1716M->1176M(1979M) 6.609ms
[30.529s][info][gc,cpu         ] GC(171) User=0.00s Sys=0.00s Real=0.00s
[30.613s][info][gc,start       ] GC(172) Pause Young (Allocation Failure)
[30.618s][info][gc,heap        ] GC(172) DefNew: 598376K(629120K)->33620K(629120K) Eden: 559232K(559232K)->0K(559232K) From: 39144K(69888K)->33620K(69888K)
[30.619s][info][gc,heap        ] GC(172) Tenured: 1165666K(1398144K)->1177960K(1398144K)
[30.619s][info][gc,metaspace   ] GC(172) Metaspace: 126794K(129152K)->126794K(129152K) NonClass: 110018K(111360K)->110018K(111360K) Class: 16775K(17792K)->16775K(17792K)
[30.619s][info][gc             ] GC(172) Pause Young (Allocation Failure) 1722M->1183M(1979M) 5.988ms
[30.619s][info][gc,cpu         ] GC(172) User=0.00s Sys=0.00s Real=0.00s
[30.707s][info][gc,start       ] GC(173) Pause Young (Allocation Failure)
[30.713s][info][gc,heap        ] GC(173) DefNew: 592852K(629120K)->45146K(629120K) Eden: 559232K(559232K)->0K(559232K) From: 33620K(69888K)->45146K(69888K)
[30.713s][info][gc,heap        ] GC(173) Tenured: 1177960K(1398144K)->1177960K(1398144K)
[30.713s][info][gc,metaspace   ] GC(173) Metaspace: 126794K(129152K)->126794K(129152K) NonClass: 110018K(111360K)->110018K(111360K) Class: 16775K(17792K)->16775K(17792K)
[30.713s][info][gc             ] GC(173) Pause Young (Allocation Failure) 1729M->1194M(1979M) 6.156ms
[30.713s][info][gc,cpu         ] GC(173) User=0.00s Sys=0.00s Real=0.00s
[30.801s][info][gc,start       ] GC(174) Pause Young (Allocation Failure)
[30.807s][info][gc,heap        ] GC(174) DefNew: 604378K(629120K)->39212K(629120K) Eden: 559232K(559232K)->0K(559232K) From: 45146K(69888K)->39212K(69888K)
[30.807s][info][gc,heap        ] GC(174) Tenured: 1177960K(1398144K)->1190251K(1398144K)
[30.807s][info][gc,metaspace   ] GC(174) Metaspace: 126794K(129152K)->126794K(129152K) NonClass: 110018K(111360K)->110018K(111360K) Class: 16775K(17792K)->16775K(17792K)
[30.807s][info][gc             ] GC(174) Pause Young (Allocation Failure) 1740M->1200M(1979M) 6.398ms
[30.807s][info][gc,cpu         ] GC(174) User=0.00s Sys=0.00s Real=0.00s
[30.895s][info][gc,start       ] GC(175) Pause Young (Allocation Failure)
[30.901s][info][gc,heap        ] GC(175) DefNew: 598444K(629120K)->39196K(629120K) Eden: 559232K(559232K)->0K(559232K) From: 39212K(69888K)->39196K(69888K)
[30.901s][info][gc,heap        ] GC(175) Tenured: 1190251K(1398144K)->1198525K(1398144K)
[30.901s][info][gc,metaspace   ] GC(175) Metaspace: 126794K(129152K)->126794K(129152K) NonClass: 110018K(111360K)->110018K(111360K) Class: 16775K(17792K)->16775K(17792K)
[30.901s][info][gc             ] GC(175) Pause Young (Allocation Failure) 1746M->1208M(1979M) 6.000ms
[30.901s][info][gc,cpu         ] GC(175) User=0.00s Sys=0.00s Real=0.00s
[30.989s][info][gc,start       ] GC(176) Pause Young (Allocation Failure)
[30.995s][info][gc,heap        ] GC(176) DefNew: 598428K(629120K)->39422K(629120K) Eden: 559232K(559232K)->0K(559232K) From: 39196K(69888K)->39422K(69888K)
[30.995s][info][gc,heap        ] GC(176) Tenured: 1198525K(1398144K)->1206713K(1398144K)
[30.995s][info][gc,metaspace   ] GC(176) Metaspace: 126794K(129152K)->126794K(129152K) NonClass: 110018K(111360K)->110018K(111360K) Class: 16775K(17792K)->16775K(17792K)
[30.995s][info][gc             ] GC(176) Pause Young (Allocation Failure) 1754M->1216M(1979M) 6.100ms
[30.995s][info][gc,cpu         ] GC(176) User=0.00s Sys=0.00s Real=0.00s
[31.082s][info][gc,start       ] GC(177) Pause Young (Allocation Failure)
[31.088s][info][gc,heap        ] GC(177) DefNew: 598654K(629120K)->32771K(629120K) Eden: 559232K(559232K)->0K(559232K) From: 39422K(69888K)->32771K(69888K)
[31.089s][info][gc,heap        ] GC(177) Tenured: 1206713K(1398144K)->1214908K(1398144K)
[31.089s][info][gc,metaspace   ] GC(177) Metaspace: 126794K(129152K)->126794K(129152K) NonClass: 110018K(111360K)->110018K(111360K) Class: 16775K(17792K)->16775K(17792K)
[31.089s][info][gc             ] GC(177) Pause Young (Allocation Failure) 1763M->1218M(1979M) 6.173ms
[31.089s][info][gc,cpu         ] GC(177) User=0.00s Sys=0.00s Real=0.02s
[31.180s][info][gc,start       ] GC(178) Pause Young (Allocation Failure)
[31.185s][info][gc,heap        ] GC(178) DefNew: 592003K(629120K)->36060K(629120K) Eden: 559232K(559232K)->0K(559232K) From: 32771K(69888K)->36060K(69888K)
[31.185s][info][gc,heap        ] GC(178) Tenured: 1214908K(1398144K)->1214908K(1398144K)
[31.185s][info][gc,metaspace   ] GC(178) Metaspace: 126798K(129152K)->126798K(129152K) NonClass: 110022K(111360K)->110022K(111360K) Class: 16775K(17792K)->16775K(17792K)
[31.185s][info][gc             ] GC(178) Pause Young (Allocation Failure) 1764M->1221M(1979M) 4.927ms
[31.185s][info][gc,cpu         ] GC(178) User=0.00s Sys=0.00s Real=0.00s
[31.269s][info][gc,start       ] GC(179) Pause Young (Allocation Failure)
[31.274s][info][gc,heap        ] GC(179) DefNew: 595292K(629120K)->28746K(629120K) Eden: 559232K(559232K)->0K(559232K) From: 36060K(69888K)->28746K(69888K)
[31.274s][info][gc,heap        ] GC(179) Tenured: 1214908K(1398144K)->1219006K(1398144K)
[31.274s][info][gc,metaspace   ] GC(179) Metaspace: 126798K(129152K)->126798K(129152K) NonClass: 110022K(111360K)->110022K(111360K) Class: 16775K(17792K)->16775K(17792K)
[31.274s][info][gc             ] GC(179) Pause Young (Allocation Failure) 1767M->1218M(1979M) 4.985ms
[31.274s][info][gc,cpu         ] GC(179) User=0.00s Sys=0.00s Real=0.01s
[31.356s][info][gc,start       ] GC(180) Pause Young (Allocation Failure)
[31.360s][info][gc,heap        ] GC(180) DefNew: 587978K(629120K)->30405K(629120K) Eden: 559232K(559232K)->0K(559232K) From: 28746K(69888K)->30405K(69888K)
[31.360s][info][gc,heap        ] GC(180) Tenured: 1219006K(1398144K)->1219006K(1398144K)
[31.360s][info][gc,metaspace   ] GC(180) Metaspace: 126798K(129152K)->126798K(129152K) NonClass: 110022K(111360K)->110022K(111360K) Class: 16775K(17792K)->16775K(17792K)
[31.360s][info][gc             ] GC(180) Pause Young (Allocation Failure) 1764M->1220M(1979M) 4.718ms
[31.360s][info][gc,cpu         ] GC(180) User=0.00s Sys=0.00s Real=0.00s
[31.444s][info][gc,start       ] GC(181) Pause Young (Allocation Failure)
[31.449s][info][gc,heap        ] GC(181) DefNew: 589637K(629120K)->35174K(629120K) Eden: 559232K(559232K)->0K(559232K) From: 30405K(69888K)->35174K(69888K)
[31.449s][info][gc,heap        ] GC(181) Tenured: 1219006K(1398144K)->1219006K(1398144K)
[31.449s][info][gc,metaspace   ] GC(181) Metaspace: 126798K(129152K)->126798K(129152K) NonClass: 110022K(111360K)->110022K(111360K) Class: 16775K(17792K)->16775K(17792K)
[31.449s][info][gc             ] GC(181) Pause Young (Allocation Failure) 1766M->1224M(1979M) 4.978ms
[31.449s][info][gc,cpu         ] GC(181) User=0.00s Sys=0.00s Real=0.00s
[31.537s][info][gc,start       ] GC(182) Pause Young (Allocation Failure)
[31.542s][info][gc,heap        ] GC(182) DefNew: 594406K(629120K)->24654K(629120K) Eden: 559232K(559232K)->0K(559232K) From: 35174K(69888K)->24654K(69888K)
[31.542s][info][gc,heap        ] GC(182) Tenured: 1219006K(1398144K)->1227199K(1398144K)
[31.542s][info][gc,metaspace   ] GC(182) Metaspace: 126798K(129152K)->126798K(129152K) NonClass: 110022K(111360K)->110022K(111360K) Class: 16775K(17792K)->16775K(17792K)
[31.542s][info][gc             ] GC(182) Pause Young (Allocation Failure) 1770M->1222M(1979M) 5.102ms
[31.542s][info][gc,cpu         ] GC(182) User=0.00s Sys=0.00s Real=0.02s
[31.629s][info][gc,start       ] GC(183) Pause Young (Allocation Failure)
[31.633s][info][gc,heap        ] GC(183) DefNew: 583886K(629120K)->27957K(629120K) Eden: 559232K(559232K)->0K(559232K) From: 24654K(69888K)->27957K(69888K)
[31.633s][info][gc,heap        ] GC(183) Tenured: 1227199K(1398144K)->1227199K(1398144K)
[31.633s][info][gc,metaspace   ] GC(183) Metaspace: 126798K(129152K)->126798K(129152K) NonClass: 110022K(111360K)->110022K(111360K) Class: 16775K(17792K)->16775K(17792K)
[31.633s][info][gc             ] GC(183) Pause Young (Allocation Failure) 1768M->1225M(1979M) 4.329ms
[31.633s][info][gc,cpu         ] GC(183) User=0.00s Sys=0.00s Real=0.02s
[31.720s][info][gc,start       ] GC(184) Pause Young (Allocation Failure)
[31.725s][info][gc,heap        ] GC(184) DefNew: 582756K(629120K)->34191K(629120K) Eden: 554798K(559232K)->0K(559232K) From: 27957K(69888K)->34191K(69888K)
[31.725s][info][gc,heap        ] GC(184) Tenured: 1227199K(1398144K)->1227199K(1398144K)
[31.725s][info][gc,metaspace   ] GC(184) Metaspace: 126800K(129152K)->126800K(129152K) NonClass: 110024K(111360K)->110024K(111360K) Class: 16775K(17792K)->16775K(17792K)
[31.725s][info][gc             ] GC(184) Pause Young (Allocation Failure) 1767M->1231M(1979M) 4.918ms
[31.725s][info][gc,cpu         ] GC(184) User=0.00s Sys=0.00s Real=0.00s
[31.812s][info][gc,start       ] GC(185) Pause Young (Allocation Failure)
[31.816s][info][gc,heap        ] GC(185) DefNew: 593423K(629120K)->24932K(629120K) Eden: 559232K(559232K)->0K(559232K) From: 34191K(69888K)->24932K(69888K)
[31.816s][info][gc,heap        ] GC(185) Tenured: 1227199K(1398144K)->1227199K(1398144K)
[31.816s][info][gc,metaspace   ] GC(185) Metaspace: 126800K(129152K)->126800K(129152K) NonClass: 110024K(111360K)->110024K(111360K) Class: 16775K(17792K)->16775K(17792K)
[31.816s][info][gc             ] GC(185) Pause Young (Allocation Failure) 1777M->1222M(1979M) 4.069ms
[31.816s][info][gc,cpu         ] GC(185) User=0.00s Sys=0.00s Real=0.00s
[31.904s][info][gc,start       ] GC(186) Pause Young (Allocation Failure)
[31.908s][info][gc,heap        ] GC(186) DefNew: 584164K(629120K)->31093K(629120K) Eden: 559232K(559232K)->0K(559232K) From: 24932K(69888K)->31093K(69888K)
[31.908s][info][gc,heap        ] GC(186) Tenured: 1227199K(1398144K)->1227199K(1398144K)
[31.908s][info][gc,metaspace   ] GC(186) Metaspace: 126800K(129152K)->126800K(129152K) NonClass: 110024K(111360K)->110024K(111360K) Class: 16775K(17792K)->16775K(17792K)
[31.909s][info][gc             ] GC(186) Pause Young (Allocation Failure) 1768M->1228M(1979M) 4.709ms
[31.909s][info][gc,cpu         ] GC(186) User=0.00s Sys=0.00s Real=0.00s
[31.998s][info][gc,start       ] GC(187) Pause Young (Allocation Failure)
[32.003s][info][gc,heap        ] GC(187) DefNew: 590325K(629120K)->37333K(629120K) Eden: 559232K(559232K)->0K(559232K) From: 31093K(69888K)->37333K(69888K)
[32.003s][info][gc,heap        ] GC(187) Tenured: 1227199K(1398144K)->1227199K(1398144K)
[32.003s][info][gc,metaspace   ] GC(187) Metaspace: 126800K(129152K)->126800K(129152K) NonClass: 110024K(111360K)->110024K(111360K) Class: 16775K(17792K)->16775K(17792K)
[32.003s][info][gc             ] GC(187) Pause Young (Allocation Failure) 1774M->1234M(1979M) 5.235ms
[32.003s][info][gc,cpu         ] GC(187) User=0.00s Sys=0.00s Real=0.00s
[32.093s][info][gc,start       ] GC(188) Pause Young (Allocation Failure)
[32.098s][info][gc,heap        ] GC(188) DefNew: 596565K(629120K)->18977K(629120K) Eden: 559232K(559232K)->0K(559232K) From: 37333K(69888K)->18977K(69888K)
[32.098s][info][gc,heap        ] GC(188) Tenured: 1227199K(1398144K)->1235393K(1398144K)
[32.098s][info][gc,metaspace   ] GC(188) Metaspace: 126800K(129152K)->126800K(129152K) NonClass: 110024K(111360K)->110024K(111360K) Class: 16775K(17792K)->16775K(17792K)
[32.098s][info][gc             ] GC(188) Pause Young (Allocation Failure) 1781M->1224M(1979M) 4.643ms
[32.098s][info][gc,cpu         ] GC(188) User=0.00s Sys=0.00s Real=0.00s
[32.187s][info][gc,start       ] GC(189) Pause Young (Allocation Failure)
[32.191s][info][gc,heap        ] GC(189) DefNew: 578209K(629120K)->22872K(629120K) Eden: 559232K(559232K)->0K(559232K) From: 18977K(69888K)->22872K(69888K)
[32.191s][info][gc,heap        ] GC(189) Tenured: 1235393K(1398144K)->1235393K(1398144K)
[32.191s][info][gc,metaspace   ] GC(189) Metaspace: 126800K(129152K)->126800K(129152K) NonClass: 110024K(111360K)->110024K(111360K) Class: 16775K(17792K)->16775K(17792K)
[32.191s][info][gc             ] GC(189) Pause Young (Allocation Failure) 1771M->1228M(1979M) 4.162ms
[32.192s][info][gc,cpu         ] GC(189) User=0.00s Sys=0.00s Real=0.00s
[32.281s][info][gc,start       ] GC(190) Pause Young (Allocation Failure)
[32.284s][info][gc,heap        ] GC(190) DefNew: 582104K(629120K)->16458K(629120K) Eden: 559232K(559232K)->0K(559232K) From: 22872K(69888K)->16458K(69888K)
[32.284s][info][gc,heap        ] GC(190) Tenured: 1235393K(1398144K)->1235393K(1398144K)
[32.284s][info][gc,metaspace   ] GC(190) Metaspace: 126800K(129152K)->126800K(129152K) NonClass: 110024K(111360K)->110024K(111360K) Class: 16775K(17792K)->16775K(17792K)
[32.284s][info][gc             ] GC(190) Pause Young (Allocation Failure) 1774M->1222M(1979M) 3.256ms
[32.284s][info][gc,cpu         ] GC(190) User=0.00s Sys=0.00s Real=0.00s
[32.372s][info][gc,start       ] GC(191) Pause Young (Allocation Failure)
[32.376s][info][gc,heap        ] GC(191) DefNew: 573549K(629120K)->19742K(629120K) Eden: 557091K(559232K)->0K(559232K) From: 16458K(69888K)->19742K(69888K)
[32.376s][info][gc,heap        ] GC(191) Tenured: 1235393K(1398144K)->1235393K(1398144K)
[32.376s][info][gc,metaspace   ] GC(191) Metaspace: 126800K(129152K)->126800K(129152K) NonClass: 110024K(111360K)->110024K(111360K) Class: 16775K(17792K)->16775K(17792K)
[32.376s][info][gc             ] GC(191) Pause Young (Allocation Failure) 1766M->1225M(1979M) 3.824ms
[32.376s][info][gc,cpu         ] GC(191) User=0.00s Sys=0.00s Real=0.00s
[32.464s][info][gc,start       ] GC(192) Pause Young (Allocation Failure)
[32.469s][info][gc,heap        ] GC(192) DefNew: 578974K(629120K)->25035K(629120K) Eden: 559232K(559232K)->0K(559232K) From: 19742K(69888K)->25035K(69888K)
[32.469s][info][gc,heap        ] GC(192) Tenured: 1235393K(1398144K)->1239490K(1398144K)
[32.469s][info][gc,metaspace   ] GC(192) Metaspace: 126800K(129152K)->126800K(129152K) NonClass: 110024K(111360K)->110024K(111360K) Class: 16775K(17792K)->16775K(17792K)
[32.469s][info][gc             ] GC(192) Pause Young (Allocation Failure) 1771M->1234M(1979M) 4.558ms
[32.469s][info][gc,cpu         ] GC(192) User=0.00s Sys=0.00s Real=0.02s
[32.558s][info][gc,start       ] GC(193) Pause Young (Allocation Failure)
[32.561s][info][gc,heap        ] GC(193) DefNew: 584267K(629120K)->9931K(629120K) Eden: 559232K(559232K)->0K(559232K) From: 25035K(69888K)->9931K(69888K)
[32.561s][info][gc,heap        ] GC(193) Tenured: 1239490K(1398144K)->1243642K(1398144K)
[32.561s][info][gc,metaspace   ] GC(193) Metaspace: 126800K(129152K)->126800K(129152K) NonClass: 110024K(111360K)->110024K(111360K) Class: 16775K(17792K)->16775K(17792K)
[32.561s][info][gc             ] GC(193) Pause Young (Allocation Failure) 1781M->1224M(1979M) 3.268ms
[32.561s][info][gc,cpu         ] GC(193) User=0.00s Sys=0.00s Real=0.02s
[32.649s][info][gc,start       ] GC(194) Pause Young (Allocation Failure)
[32.652s][info][gc,heap        ] GC(194) DefNew: 569163K(629120K)->14630K(629120K) Eden: 559232K(559232K)->0K(559232K) From: 9931K(69888K)->14630K(69888K)
[32.652s][info][gc,heap        ] GC(194) Tenured: 1243642K(1398144K)->1243642K(1398144K)
[32.652s][info][gc,metaspace   ] GC(194) Metaspace: 126801K(129152K)->126801K(129152K) NonClass: 110025K(111360K)->110025K(111360K) Class: 16775K(17792K)->16775K(17792K)
[32.652s][info][gc             ] GC(194) Pause Young (Allocation Failure) 1770M->1228M(1979M) 2.880ms
[32.652s][info][gc,cpu         ] GC(194) User=0.00s Sys=0.00s Real=0.00s
[32.740s][info][gc,start       ] GC(195) Pause Young (Allocation Failure)
[32.743s][info][gc,heap        ] GC(195) DefNew: 571361K(629120K)->11841K(629120K) Eden: 556731K(559232K)->0K(559232K) From: 14630K(69888K)->11841K(69888K)
[32.743s][info][gc,heap        ] GC(195) Tenured: 1243642K(1398144K)->1243642K(1398144K)
[32.743s][info][gc,metaspace   ] GC(195) Metaspace: 126801K(129152K)->126801K(129152K) NonClass: 110025K(111360K)->110025K(111360K) Class: 16775K(17792K)->16775K(17792K)
[32.743s][info][gc             ] GC(195) Pause Young (Allocation Failure) 1772M->1226M(1979M) 2.724ms
[32.743s][info][gc,cpu         ] GC(195) User=0.00s Sys=0.00s Real=0.00s
[32.902s][info][gc,start       ] GC(196) Pause Young (Allocation Failure)
[32.905s][info][gc,heap        ] GC(196) DefNew: 571073K(629120K)->11054K(629120K) Eden: 559232K(559232K)->0K(559232K) From: 11841K(69888K)->11054K(69888K)
[32.905s][info][gc,heap        ] GC(196) Tenured: 1243642K(1398144K)->1243642K(1398144K)
[32.905s][info][gc,metaspace   ] GC(196) Metaspace: 126805K(129152K)->126805K(129152K) NonClass: 110029K(111360K)->110029K(111360K) Class: 16775K(17792K)->16775K(17792K)
[32.905s][info][gc             ] GC(196) Pause Young (Allocation Failure) 1772M->1225M(1979M) 2.873ms
[32.905s][info][gc,cpu         ] GC(196) User=0.00s Sys=0.00s Real=0.00s
[33.111s][info][gc,start       ] GC(197) Pause Full (System.gc())
[33.111s][info][gc,phases,start] GC(197) Phase 1: Mark live objects
[33.158s][info][gc,phases      ] GC(197) Phase 1: Mark live objects 46.616ms
[33.158s][info][gc,phases,start] GC(197) Phase 2: Compute new object addresses
[33.208s][info][gc,phases      ] GC(197) Phase 2: Compute new object addresses 50.255ms
[33.208s][info][gc,phases,start] GC(197) Phase 3: Adjust pointers
[33.233s][info][gc,phases      ] GC(197) Phase 3: Adjust pointers 25.025ms
[33.233s][info][gc,phases,start] GC(197) Phase 4: Move objects
[33.234s][info][gc,phases      ] GC(197) Phase 4: Move objects 0.119ms
[33.234s][info][gc,heap        ] GC(197) DefNew: 311843K(629120K)->0K(629120K) Eden: 300789K(559232K)->0K(559232K) From: 11054K(69888K)->0K(69888K)
[33.234s][info][gc,heap        ] GC(197) Tenured: 1243642K(1398144K)->1037485K(1398144K)
[33.234s][info][gc,metaspace   ] GC(197) Metaspace: 126856K(129216K)->126856K(129216K) NonClass: 110080K(111424K)->110080K(111424K) Class: 16775K(17792K)->16775K(17792K)
[33.234s][info][gc             ] GC(197) Pause Full (System.gc()) 1519M->1013M(1979M) 122.941ms
[33.234s][info][gc,cpu         ] GC(197) User=0.11s Sys=0.00s Real=0.11s
[33.441s][info][gc,start       ] GC(198) Pause Young (Allocation Failure)
[33.445s][info][gc,heap        ] GC(198) DefNew: 559232K(629120K)->3410K(629120K) Eden: 559232K(559232K)->0K(559232K) From: 0K(69888K)->3410K(69888K)
[33.445s][info][gc,heap        ] GC(198) Tenured: 1037485K(1398144K)->1037485K(1398144K)
[33.445s][info][gc,metaspace   ] GC(198) Metaspace: 127172K(129344K)->127172K(129344K) NonClass: 110379K(111552K)->110379K(111552K) Class: 16793K(17792K)->16793K(17792K)
[33.445s][info][gc             ] GC(198) Pause Young (Allocation Failure) 1559M->1016M(1979M) 4.609ms
[33.445s][info][gc,cpu         ] GC(198) User=0.00s Sys=0.00s Real=0.00s
[33.500s][info][gc,start       ] GC(199) Pause Young (Allocation Failure)
[33.504s][info][gc,heap        ] GC(199) DefNew: 562642K(629120K)->8105K(629120K) Eden: 559232K(559232K)->0K(559232K) From: 3410K(69888K)->8105K(69888K)
[33.504s][info][gc,heap        ] GC(199) Tenured: 1037485K(1398144K)->1037485K(1398144K)
[33.504s][info][gc,metaspace   ] GC(199) Metaspace: 127173K(129344K)->127173K(129344K) NonClass: 110380K(111552K)->110380K(111552K) Class: 16793K(17792K)->16793K(17792K)
[33.504s][info][gc             ] GC(199) Pause Young (Allocation Failure) 1562M->1021M(1979M) 4.055ms
[33.504s][info][gc,cpu         ] GC(199) User=0.00s Sys=0.00s Real=0.02s
[33.560s][info][gc,start       ] GC(200) Pause Young (Allocation Failure)
[33.563s][info][gc,heap        ] GC(200) DefNew: 567337K(629120K)->7497K(629120K) Eden: 559232K(559232K)->0K(559232K) From: 8105K(69888K)->7497K(69888K)
[33.564s][info][gc,heap        ] GC(200) Tenured: 1037485K(1398144K)->1037485K(1398144K)
[33.564s][info][gc,metaspace   ] GC(200) Metaspace: 127173K(129344K)->127173K(129344K) NonClass: 110380K(111552K)->110380K(111552K) Class: 16793K(17792K)->16793K(17792K)
[33.564s][info][gc             ] GC(200) Pause Young (Allocation Failure) 1567M->1020M(1979M) 3.834ms
[33.564s][info][gc,cpu         ] GC(200) User=0.00s Sys=0.00s Real=0.00s
[33.618s][info][gc,start       ] GC(201) Pause Young (Allocation Failure)
[33.622s][info][gc,heap        ] GC(201) DefNew: 566729K(629120K)->12178K(629120K) Eden: 559232K(559232K)->0K(559232K) From: 7497K(69888K)->12178K(69888K)
[33.622s][info][gc,heap        ] GC(201) Tenured: 1037485K(1398144K)->1037485K(1398144K)
[33.622s][info][gc,metaspace   ] GC(201) Metaspace: 127173K(129344K)->127173K(129344K) NonClass: 110380K(111552K)->110380K(111552K) Class: 16793K(17792K)->16793K(17792K)
[33.622s][info][gc             ] GC(201) Pause Young (Allocation Failure) 1566M->1025M(1979M) 4.361ms
[33.622s][info][gc,cpu         ] GC(201) User=0.00s Sys=0.00s Real=0.00s
[33.682s][info][gc,start       ] GC(202) Pause Young (Allocation Failure)
[33.687s][info][gc,heap        ] GC(202) DefNew: 571410K(629120K)->13624K(629120K) Eden: 559232K(559232K)->0K(559232K) From: 12178K(69888K)->13624K(69888K)
[33.687s][info][gc,heap        ] GC(202) Tenured: 1037485K(1398144K)->1037485K(1398144K)
[33.687s][info][gc,metaspace   ] GC(202) Metaspace: 127190K(129344K)->127190K(129344K) NonClass: 110397K(111552K)->110397K(111552K) Class: 16793K(17792K)->16793K(17792K)
[33.687s][info][gc             ] GC(202) Pause Young (Allocation Failure) 1571M->1026M(1979M) 4.643ms
[33.687s][info][gc,cpu         ] GC(202) User=0.02s Sys=0.00s Real=0.00s
[33.744s][info][gc,start       ] GC(203) Pause Young (Allocation Failure)
[33.749s][info][gc,heap        ] GC(203) DefNew: 572856K(629120K)->16569K(629120K) Eden: 559232K(559232K)->0K(559232K) From: 13624K(69888K)->16569K(69888K)
[33.749s][info][gc,heap        ] GC(203) Tenured: 1037485K(1398144K)->1037485K(1398144K)
[33.749s][info][gc,metaspace   ] GC(203) Metaspace: 127192K(129344K)->127192K(129344K) NonClass: 110399K(111552K)->110399K(111552K) Class: 16793K(17792K)->16793K(17792K)
[33.749s][info][gc             ] GC(203) Pause Young (Allocation Failure) 1572M->1029M(1979M) 4.900ms
[33.749s][info][gc,cpu         ] GC(203) User=0.00s Sys=0.00s Real=0.00s
[33.807s][info][gc,start       ] GC(204) Pause Young (Allocation Failure)
[33.812s][info][gc,heap        ] GC(204) DefNew: 575537K(629120K)->20075K(629120K) Eden: 558967K(559232K)->0K(559232K) From: 16569K(69888K)->20075K(69888K)
[33.812s][info][gc,heap        ] GC(204) Tenured: 1037485K(1398144K)->1037485K(1398144K)
[33.812s][info][gc,metaspace   ] GC(204) Metaspace: 127192K(129344K)->127192K(129344K) NonClass: 110399K(111552K)->110399K(111552K) Class: 16793K(17792K)->16793K(17792K)
[33.812s][info][gc             ] GC(204) Pause Young (Allocation Failure) 1575M->1032M(1979M) 5.315ms
[33.812s][info][gc,cpu         ] GC(204) User=0.00s Sys=0.00s Real=0.00s
[33.867s][info][gc,start       ] GC(205) Pause Young (Allocation Failure)
[33.874s][info][gc,heap        ] GC(205) DefNew: 579307K(629120K)->37251K(629120K) Eden: 559232K(559232K)->0K(559232K) From: 20075K(69888K)->37251K(69888K)
[33.874s][info][gc,heap        ] GC(205) Tenured: 1037485K(1398144K)->1037485K(1398144K)
[33.874s][info][gc,metaspace   ] GC(205) Metaspace: 127192K(129344K)->127192K(129344K) NonClass: 110399K(111552K)->110399K(111552K) Class: 16793K(17792K)->16793K(17792K)
[33.874s][info][gc             ] GC(205) Pause Young (Allocation Failure) 1578M->1049M(1979M) 6.764ms
[33.874s][info][gc,cpu         ] GC(205) User=0.00s Sys=0.00s Real=0.01s
[33.930s][info][gc,start       ] GC(206) Pause Young (Allocation Failure)
[33.937s][info][gc,heap        ] GC(206) DefNew: 596483K(629120K)->24108K(629120K) Eden: 559232K(559232K)->0K(559232K) From: 37251K(69888K)->24108K(69888K)
[33.937s][info][gc,heap        ] GC(206) Tenured: 1037485K(1398144K)->1043202K(1398144K)
[33.937s][info][gc,metaspace   ] GC(206) Metaspace: 127192K(129344K)->127192K(129344K) NonClass: 110399K(111552K)->110399K(111552K) Class: 16793K(17792K)->16793K(17792K)
[33.937s][info][gc             ] GC(206) Pause Young (Allocation Failure) 1595M->1042M(1979M) 6.327ms
[33.937s][info][gc,cpu         ] GC(206) User=0.00s Sys=0.00s Real=0.00s
[33.992s][info][gc,start       ] GC(207) Pause Young (Allocation Failure)
[33.997s][info][gc,heap        ] GC(207) DefNew: 583340K(629120K)->33492K(629120K) Eden: 559232K(559232K)->0K(559232K) From: 24108K(69888K)->33492K(69888K)
[33.997s][info][gc,heap        ] GC(207) Tenured: 1043202K(1398144K)->1043202K(1398144K)
[33.997s][info][gc,metaspace   ] GC(207) Metaspace: 127192K(129344K)->127192K(129344K) NonClass: 110399K(111552K)->110399K(111552K) Class: 16793K(17792K)->16793K(17792K)
[33.997s][info][gc             ] GC(207) Pause Young (Allocation Failure) 1588M->1051M(1979M) 5.073ms
[33.997s][info][gc,cpu         ] GC(207) User=0.00s Sys=0.00s Real=0.00s
[34.053s][info][gc,start       ] GC(208) Pause Young (Allocation Failure)
[34.058s][info][gc,heap        ] GC(208) DefNew: 592724K(629120K)->32317K(629120K) Eden: 559232K(559232K)->0K(559232K) From: 33492K(69888K)->32317K(69888K)
[34.058s][info][gc,heap        ] GC(208) Tenured: 1043202K(1398144K)->1043202K(1398144K)
[34.058s][info][gc,metaspace   ] GC(208) Metaspace: 127196K(129344K)->127196K(129344K) NonClass: 110403K(111552K)->110403K(111552K) Class: 16793K(17792K)->16793K(17792K)
[34.058s][info][gc             ] GC(208) Pause Young (Allocation Failure) 1597M->1050M(1979M) 4.902ms
[34.058s][info][gc,cpu         ] GC(208) User=0.00s Sys=0.00s Real=0.00s
[34.116s][info][gc,start       ] GC(209) Pause Young (Allocation Failure)
[34.122s][info][gc,heap        ] GC(209) DefNew: 591549K(629120K)->41639K(629120K) Eden: 559232K(559232K)->0K(559232K) From: 32317K(69888K)->41639K(69888K)
[34.122s][info][gc,heap        ] GC(209) Tenured: 1043202K(1398144K)->1043202K(1398144K)
[34.122s][info][gc,metaspace   ] GC(209) Metaspace: 127196K(129344K)->127196K(129344K) NonClass: 110403K(111552K)->110403K(111552K) Class: 16793K(17792K)->16793K(17792K)
[34.122s][info][gc             ] GC(209) Pause Young (Allocation Failure) 1596M->1059M(1979M) 5.844ms
[34.122s][info][gc,cpu         ] GC(209) User=0.02s Sys=0.00s Real=0.00s
[34.180s][info][gc,start       ] GC(210) Pause Young (Allocation Failure)
[34.185s][info][gc,heap        ] GC(210) DefNew: 600871K(629120K)->29458K(629120K) Eden: 559232K(559232K)->0K(559232K) From: 41639K(69888K)->29458K(69888K)
[34.185s][info][gc,heap        ] GC(210) Tenured: 1043202K(1398144K)->1055804K(1398144K)
[34.185s][info][gc,metaspace   ] GC(210) Metaspace: 127197K(129344K)->127197K(129344K) NonClass: 110403K(111552K)->110403K(111552K) Class: 16793K(17792K)->16793K(17792K)
[34.185s][info][gc             ] GC(210) Pause Young (Allocation Failure) 1605M->1059M(1979M) 5.865ms
[34.185s][info][gc,cpu         ] GC(210) User=0.02s Sys=0.00s Real=0.00s
[34.241s][info][gc,start       ] GC(211) Pause Young (Allocation Failure)
[34.247s][info][gc,heap        ] GC(211) DefNew: 588690K(629120K)->39131K(629120K) Eden: 559232K(559232K)->0K(559232K) From: 29458K(69888K)->39131K(69888K)
[34.247s][info][gc,heap        ] GC(211) Tenured: 1055804K(1398144K)->1055804K(1398144K)
[34.247s][info][gc,metaspace   ] GC(211) Metaspace: 127197K(129344K)->127197K(129344K) NonClass: 110403K(111552K)->110403K(111552K) Class: 16793K(17792K)->16793K(17792K)
[34.247s][info][gc             ] GC(211) Pause Young (Allocation Failure) 1605M->1069M(1979M) 5.223ms
[34.247s][info][gc,cpu         ] GC(211) User=0.00s Sys=0.00s Real=0.00s
[34.302s][info][gc,start       ] GC(212) Pause Young (Allocation Failure)
[34.307s][info][gc,heap        ] GC(212) DefNew: 598363K(629120K)->29491K(629120K) Eden: 559232K(559232K)->0K(559232K) From: 39131K(69888K)->29491K(69888K)
[34.307s][info][gc,heap        ] GC(212) Tenured: 1055804K(1398144K)->1063999K(1398144K)
[34.307s][info][gc,metaspace   ] GC(212) Metaspace: 127197K(129344K)->127197K(129344K) NonClass: 110403K(111552K)->110403K(111552K) Class: 16793K(17792K)->16793K(17792K)
[34.307s][info][gc             ] GC(212) Pause Young (Allocation Failure) 1615M->1067M(1979M) 5.185ms
[34.307s][info][gc,cpu         ] GC(212) User=0.00s Sys=0.00s Real=0.01s
[34.362s][info][gc,start       ] GC(213) Pause Young (Allocation Failure)
[34.367s][info][gc,heap        ] GC(213) DefNew: 588723K(629120K)->35522K(629120K) Eden: 559232K(559232K)->0K(559232K) From: 29491K(69888K)->35522K(69888K)
[34.367s][info][gc,heap        ] GC(213) Tenured: 1063999K(1398144K)->1063999K(1398144K)
[34.367s][info][gc,metaspace   ] GC(213) Metaspace: 127197K(129344K)->127197K(129344K) NonClass: 110403K(111552K)->110403K(111552K) Class: 16793K(17792K)->16793K(17792K)
[34.368s][info][gc             ] GC(213) Pause Young (Allocation Failure) 1613M->1073M(1979M) 5.061ms
[34.368s][info][gc,cpu         ] GC(213) User=0.00s Sys=0.00s Real=0.02s
[34.432s][info][gc,start       ] GC(214) Pause Young (Allocation Failure)
[34.439s][info][gc,heap        ] GC(214) DefNew: 594754K(629120K)->34699K(629120K) Eden: 559232K(559232K)->0K(559232K) From: 35522K(69888K)->34699K(69888K)
[34.439s][info][gc,heap        ] GC(214) Tenured: 1063999K(1398144K)->1072192K(1398144K)
[34.439s][info][gc,metaspace   ] GC(214) Metaspace: 127199K(129344K)->127199K(129344K) NonClass: 110406K(111552K)->110406K(111552K) Class: 16793K(17792K)->16793K(17792K)
[34.439s][info][gc             ] GC(214) Pause Young (Allocation Failure) 1619M->1080M(1979M) 6.976ms
[34.439s][info][gc,cpu         ] GC(214) User=0.02s Sys=0.00s Real=0.00s
[34.530s][info][gc,start       ] GC(215) Pause Young (Allocation Failure)
[34.537s][info][gc,heap        ] GC(215) DefNew: 593931K(629120K)->46323K(629120K) Eden: 559232K(559232K)->0K(559232K) From: 34699K(69888K)->46323K(69888K)
[34.537s][info][gc,heap        ] GC(215) Tenured: 1072192K(1398144K)->1072192K(1398144K)
[34.537s][info][gc,metaspace   ] GC(215) Metaspace: 127211K(129344K)->127211K(129344K) NonClass: 110417K(111552K)->110417K(111552K) Class: 16793K(17792K)->16793K(17792K)
[34.537s][info][gc             ] GC(215) Pause Young (Allocation Failure) 1627M->1092M(1979M) 6.715ms
[34.537s][info][gc,cpu         ] GC(215) User=0.00s Sys=0.00s Real=0.02s
[34.627s][info][gc,start       ] GC(216) Pause Young (Allocation Failure)
[34.635s][info][gc,heap        ] GC(216) DefNew: 605555K(629120K)->48088K(629120K) Eden: 559232K(559232K)->0K(559232K) From: 46323K(69888K)->48088K(69888K)
[34.635s][info][gc,heap        ] GC(216) Tenured: 1072192K(1398144K)->1084485K(1398144K)
[34.635s][info][gc,metaspace   ] GC(216) Metaspace: 127211K(129344K)->127211K(129344K) NonClass: 110417K(111552K)->110417K(111552K) Class: 16793K(17792K)->16793K(17792K)
[34.635s][info][gc             ] GC(216) Pause Young (Allocation Failure) 1638M->1106M(1979M) 7.460ms
[34.635s][info][gc,cpu         ] GC(216) User=0.00s Sys=0.00s Real=0.00s
[34.724s][info][gc,start       ] GC(217) Pause Young (Allocation Failure)
[34.731s][info][gc,heap        ] GC(217) DefNew: 607320K(629120K)->31013K(629120K) Eden: 559232K(559232K)->0K(559232K) From: 48088K(69888K)->31013K(69888K)
[34.731s][info][gc,heap        ] GC(217) Tenured: 1084485K(1398144K)->1113641K(1398144K)
[34.731s][info][gc,metaspace   ] GC(217) Metaspace: 127211K(129344K)->127211K(129344K) NonClass: 110417K(111552K)->110417K(111552K) Class: 16793K(17792K)->16793K(17792K)
[34.731s][info][gc             ] GC(217) Pause Young (Allocation Failure) 1652M->1117M(1979M) 7.332ms
[34.731s][info][gc,cpu         ] GC(217) User=0.00s Sys=0.00s Real=0.00s
[34.820s][info][gc,start       ] GC(218) Pause Young (Allocation Failure)
[34.826s][info][gc,heap        ] GC(218) DefNew: 590245K(629120K)->44282K(629120K) Eden: 559232K(559232K)->0K(559232K) From: 31013K(69888K)->44282K(69888K)
[34.826s][info][gc,heap        ] GC(218) Tenured: 1113641K(1398144K)->1113641K(1398144K)
[34.826s][info][gc,metaspace   ] GC(218) Metaspace: 127214K(129344K)->127214K(129344K) NonClass: 110420K(111552K)->110420K(111552K) Class: 16793K(17792K)->16793K(17792K)
[34.826s][info][gc             ] GC(218) Pause Young (Allocation Failure) 1663M->1130M(1979M) 5.659ms
[34.826s][info][gc,cpu         ] GC(218) User=0.00s Sys=0.00s Real=0.00s
[34.915s][info][gc,start       ] GC(219) Pause Young (Allocation Failure)
[34.922s][info][gc,heap        ] GC(219) DefNew: 603514K(629120K)->49564K(629120K) Eden: 559232K(559232K)->0K(559232K) From: 44282K(69888K)->49564K(69888K)
[34.922s][info][gc,heap        ] GC(219) Tenured: 1113641K(1398144K)->1125933K(1398144K)
[34.922s][info][gc,metaspace   ] GC(219) Metaspace: 127215K(129344K)->127215K(129344K) NonClass: 110422K(111552K)->110422K(111552K) Class: 16793K(17792K)->16793K(17792K)
[34.922s][info][gc             ] GC(219) Pause Young (Allocation Failure) 1676M->1147M(1979M) 7.508ms
[34.922s][info][gc,cpu         ] GC(219) User=0.00s Sys=0.00s Real=0.00s
[35.011s][info][gc,start       ] GC(220) Pause Young (Allocation Failure)
[35.018s][info][gc,heap        ] GC(220) DefNew: 608796K(629120K)->31014K(629120K) Eden: 559232K(559232K)->0K(559232K) From: 49564K(69888K)->31014K(69888K)
[35.018s][info][gc,heap        ] GC(220) Tenured: 1125933K(1398144K)->1154614K(1398144K)
[35.018s][info][gc,metaspace   ] GC(220) Metaspace: 127215K(129344K)->127215K(129344K) NonClass: 110422K(111552K)->110422K(111552K) Class: 16793K(17792K)->16793K(17792K)
[35.018s][info][gc             ] GC(220) Pause Young (Allocation Failure) 1694M->1157M(1979M) 7.317ms
[35.018s][info][gc,cpu         ] GC(220) User=0.00s Sys=0.00s Real=0.00s
[35.111s][info][gc,start       ] GC(221) Pause Young (Allocation Failure)
[35.117s][info][gc,heap        ] GC(221) DefNew: 590246K(629120K)->37824K(629120K) Eden: 559232K(559232K)->0K(559232K) From: 31014K(69888K)->37824K(69888K)
[35.117s][info][gc,heap        ] GC(221) Tenured: 1154614K(1398144K)->1154614K(1398144K)
[35.117s][info][gc,metaspace   ] GC(221) Metaspace: 127227K(129408K)->127227K(129408K) NonClass: 110434K(111616K)->110434K(111616K) Class: 16793K(17792K)->16793K(17792K)
[35.117s][info][gc             ] GC(221) Pause Young (Allocation Failure) 1703M->1164M(1979M) 5.120ms
[35.117s][info][gc,cpu         ] GC(221) User=0.02s Sys=0.00s Real=0.01s
[35.200s][info][gc,start       ] GC(222) Pause Young (Allocation Failure)
[35.205s][info][gc,heap        ] GC(222) DefNew: 597056K(629120K)->36061K(629120K) Eden: 559232K(559232K)->0K(559232K) From: 37824K(69888K)->36061K(69888K)
[35.206s][info][gc,heap        ] GC(222) Tenured: 1154614K(1398144K)->1162808K(1398144K)
[35.206s][info][gc,metaspace   ] GC(222) Metaspace: 127227K(129408K)->127227K(129408K) NonClass: 110434K(111616K)->110434K(111616K) Class: 16793K(17792K)->16793K(17792K)
[35.206s][info][gc             ] GC(222) Pause Young (Allocation Failure) 1710M->1170M(1979M) 5.777ms
[35.206s][info][gc,cpu         ] GC(222) User=0.00s Sys=0.00s Real=0.00s
[35.292s][info][gc,start       ] GC(223) Pause Young (Allocation Failure)
[35.299s][info][gc,heap        ] GC(223) DefNew: 595293K(629120K)->32043K(629120K) Eden: 559232K(559232K)->0K(559232K) From: 36061K(69888K)->32043K(69888K)
[35.299s][info][gc,heap        ] GC(223) Tenured: 1162808K(1398144K)->1179198K(1398144K)
[35.299s][info][gc,metaspace   ] GC(223) Metaspace: 127227K(129408K)->127227K(129408K) NonClass: 110434K(111616K)->110434K(111616K) Class: 16793K(17792K)->16793K(17792K)
[35.299s][info][gc             ] GC(223) Pause Young (Allocation Failure) 1716M->1182M(1979M) 6.405ms
[35.299s][info][gc,cpu         ] GC(223) User=0.00s Sys=0.00s Real=0.00s
[35.388s][info][gc,start       ] GC(224) Pause Young (Allocation Failure)
[35.394s][info][gc,heap        ] GC(224) DefNew: 591275K(629120K)->48651K(629120K) Eden: 559232K(559232K)->0K(559232K) From: 32043K(69888K)->48651K(69888K)
[35.394s][info][gc,heap        ] GC(224) Tenured: 1179198K(1398144K)->1179198K(1398144K)
[35.394s][info][gc,metaspace   ] GC(224) Metaspace: 127227K(129408K)->127227K(129408K) NonClass: 110434K(111616K)->110434K(111616K) Class: 16793K(17792K)->16793K(17792K)
[35.394s][info][gc             ] GC(224) Pause Young (Allocation Failure) 1728M->1199M(1979M) 6.283ms
[35.394s][info][gc,cpu         ] GC(224) User=0.00s Sys=0.00s Real=0.00s
[35.483s][info][gc,start       ] GC(225) Pause Young (Allocation Failure)
[35.489s][info][gc,heap        ] GC(225) DefNew: 607883K(629120K)->28298K(629120K) Eden: 559232K(559232K)->0K(559232K) From: 48651K(69888K)->28298K(69888K)
[35.489s][info][gc,heap        ] GC(225) Tenured: 1179198K(1398144K)->1195648K(1398144K)
[35.489s][info][gc,metaspace   ] GC(225) Metaspace: 127227K(129408K)->127227K(129408K) NonClass: 110434K(111616K)->110434K(111616K) Class: 16793K(17792K)->16793K(17792K)
[35.489s][info][gc             ] GC(225) Pause Young (Allocation Failure) 1745M->1195M(1979M) 5.980ms
[35.489s][info][gc,cpu         ] GC(225) User=0.00s Sys=0.00s Real=0.00s
[35.579s][info][gc,start       ] GC(226) Pause Young (Allocation Failure)
[35.584s][info][gc,heap        ] GC(226) DefNew: 587530K(629120K)->36860K(629120K) Eden: 559232K(559232K)->0K(559232K) From: 28298K(69888K)->36860K(69888K)
[35.584s][info][gc,heap        ] GC(226) Tenured: 1195648K(1398144K)->1195648K(1398144K)
[35.584s][info][gc,metaspace   ] GC(226) Metaspace: 127227K(129408K)->127227K(129408K) NonClass: 110434K(111616K)->110434K(111616K) Class: 16793K(17792K)->16793K(17792K)
[35.584s][info][gc             ] GC(226) Pause Young (Allocation Failure) 1741M->1203M(1979M) 4.955ms
[35.584s][info][gc,cpu         ] GC(226) User=0.00s Sys=0.00s Real=0.00s
[35.673s][info][gc,start       ] GC(227) Pause Young (Allocation Failure)
[35.679s][info][gc,heap        ] GC(227) DefNew: 596092K(629120K)->41379K(629120K) Eden: 559232K(559232K)->0K(559232K) From: 36860K(69888K)->41379K(69888K)
[35.679s][info][gc,heap        ] GC(227) Tenured: 1195648K(1398144K)->1203844K(1398144K)
[35.679s][info][gc,metaspace   ] GC(227) Metaspace: 127227K(129408K)->127227K(129408K) NonClass: 110434K(111616K)->110434K(111616K) Class: 16793K(17792K)->16793K(17792K)
[35.679s][info][gc             ] GC(227) Pause Young (Allocation Failure) 1749M->1216M(1979M) 6.180ms
[35.679s][info][gc,cpu         ] GC(227) User=0.00s Sys=0.00s Real=0.01s
[35.767s][info][gc,start       ] GC(228) Pause Young (Allocation Failure)
[35.772s][info][gc,heap        ] GC(228) DefNew: 600611K(629120K)->29460K(629120K) Eden: 559232K(559232K)->0K(559232K) From: 41379K(69888K)->29460K(69888K)
[35.772s][info][gc,heap        ] GC(228) Tenured: 1203844K(1398144K)->1216135K(1398144K)
[35.772s][info][gc,metaspace   ] GC(228) Metaspace: 127227K(129408K)->127227K(129408K) NonClass: 110434K(111616K)->110434K(111616K) Class: 16793K(17792K)->16793K(17792K)
[35.772s][info][gc             ] GC(228) Pause Young (Allocation Failure) 1762M->1216M(1979M) 5.617ms
[35.772s][info][gc,cpu         ] GC(228) User=0.00s Sys=0.00s Real=0.00s
[35.862s][info][gc,start       ] GC(229) Pause Young (Allocation Failure)
[35.868s][info][gc,heap        ] GC(229) DefNew: 588692K(629120K)->36023K(629120K) Eden: 559232K(559232K)->0K(559232K) From: 29460K(69888K)->36023K(69888K)
[35.868s][info][gc,heap        ] GC(229) Tenured: 1216135K(1398144K)->1216135K(1398144K)
[35.868s][info][gc,metaspace   ] GC(229) Metaspace: 127231K(129408K)->127231K(129408K) NonClass: 110438K(111616K)->110438K(111616K) Class: 16793K(17792K)->16793K(17792K)
[35.868s][info][gc             ] GC(229) Pause Young (Allocation Failure) 1762M->1222M(1979M) 5.506ms
[35.868s][info][gc,cpu         ] GC(229) User=0.00s Sys=0.00s Real=0.01s
[35.955s][info][gc,start       ] GC(230) Pause Young (Allocation Failure)
[35.959s][info][gc,heap        ] GC(230) DefNew: 595255K(629120K)->24643K(629120K) Eden: 559232K(559232K)->0K(559232K) From: 36023K(69888K)->24643K(69888K)
[35.959s][info][gc,heap        ] GC(230) Tenured: 1216135K(1398144K)->1224329K(1398144K)
[35.959s][info][gc,metaspace   ] GC(230) Metaspace: 127233K(129408K)->127233K(129408K) NonClass: 110439K(111616K)->110439K(111616K) Class: 16793K(17792K)->16793K(17792K)
[35.959s][info][gc             ] GC(230) Pause Young (Allocation Failure) 1768M->1219M(1979M) 4.819ms
[35.959s][info][gc,cpu         ] GC(230) User=0.00s Sys=0.00s Real=0.00s
[36.044s][info][gc,start       ] GC(231) Pause Young (Allocation Failure)
[36.049s][info][gc,heap        ] GC(231) DefNew: 580912K(629120K)->26286K(629120K) Eden: 556269K(559232K)->0K(559232K) From: 24643K(69888K)->26286K(69888K)
[36.049s][info][gc,heap        ] GC(231) Tenured: 1224329K(1398144K)->1224329K(1398144K)
[36.049s][info][gc,metaspace   ] GC(231) Metaspace: 127239K(129408K)->127239K(129408K) NonClass: 110445K(111616K)->110445K(111616K) Class: 16793K(17792K)->16793K(17792K)
[36.049s][info][gc             ] GC(231) Pause Young (Allocation Failure) 1762M->1221M(1979M) 4.762ms
[36.049s][info][gc,cpu         ] GC(231) User=0.00s Sys=0.00s Real=0.00s
[36.133s][info][gc,start       ] GC(232) Pause Young (Allocation Failure)
[36.138s][info][gc,heap        ] GC(232) DefNew: 585518K(629120K)->27843K(629120K) Eden: 559232K(559232K)->0K(559232K) From: 26286K(69888K)->27843K(69888K)
[36.138s][info][gc,heap        ] GC(232) Tenured: 1224329K(1398144K)->1224329K(1398144K)
[36.138s][info][gc,metaspace   ] GC(232) Metaspace: 127239K(129408K)->127239K(129408K) NonClass: 110445K(111616K)->110445K(111616K) Class: 16793K(17792K)->16793K(17792K)
[36.138s][info][gc             ] GC(232) Pause Young (Allocation Failure) 1767M->1222M(1979M) 4.778ms
[36.138s][info][gc,cpu         ] GC(232) User=0.00s Sys=0.00s Real=0.02s
[36.223s][info][gc,start       ] GC(233) Pause Young (Allocation Failure)
[36.227s][info][gc,heap        ] GC(233) DefNew: 587075K(629120K)->30983K(629120K) Eden: 559232K(559232K)->0K(559232K) From: 27843K(69888K)->30983K(69888K)
[36.227s][info][gc,heap        ] GC(233) Tenured: 1224329K(1398144K)->1224329K(1398144K)
[36.227s][info][gc,metaspace   ] GC(233) Metaspace: 127239K(129408K)->127239K(129408K) NonClass: 110445K(111616K)->110445K(111616K) Class: 16793K(17792K)->16793K(17792K)
[36.228s][info][gc             ] GC(233) Pause Young (Allocation Failure) 1768M->1225M(1979M) 4.460ms
[36.228s][info][gc,cpu         ] GC(233) User=0.00s Sys=0.00s Real=0.00s
[36.314s][info][gc,start       ] GC(234) Pause Young (Allocation Failure)
[36.319s][info][gc,heap        ] GC(234) DefNew: 590215K(629120K)->33605K(629120K) Eden: 559232K(559232K)->0K(559232K) From: 30983K(69888K)->33605K(69888K)
[36.319s][info][gc,heap        ] GC(234) Tenured: 1224329K(1398144K)->1224329K(1398144K)
[36.319s][info][gc,metaspace   ] GC(234) Metaspace: 127239K(129408K)->127239K(129408K) NonClass: 110445K(111616K)->110445K(111616K) Class: 16793K(17792K)->16793K(17792K)
[36.319s][info][gc             ] GC(234) Pause Young (Allocation Failure) 1772M->1228M(1979M) 4.847ms
[36.319s][info][gc,cpu         ] GC(234) User=0.00s Sys=0.00s Real=0.00s
[36.406s][info][gc,start       ] GC(235) Pause Young (Allocation Failure)
[36.412s][info][gc,heap        ] GC(235) DefNew: 592837K(629120K)->38295K(629120K) Eden: 559232K(559232K)->0K(559232K) From: 33605K(69888K)->38295K(69888K)
[36.412s][info][gc,heap        ] GC(235) Tenured: 1224329K(1398144K)->1224329K(1398144K)
[36.412s][info][gc,metaspace   ] GC(235) Metaspace: 127239K(129408K)->127239K(129408K) NonClass: 110445K(111616K)->110445K(111616K) Class: 16793K(17792K)->16793K(17792K)
[36.412s][info][gc             ] GC(235) Pause Young (Allocation Failure) 1774M->1233M(1979M) 5.264ms
[36.412s][info][gc,cpu         ] GC(235) User=0.00s Sys=0.00s Real=0.00s
[36.498s][info][gc,start       ] GC(236) Pause Young (Allocation Failure)
[36.503s][info][gc,heap        ] GC(236) DefNew: 597527K(629120K)->25525K(629120K) Eden: 559232K(559232K)->0K(559232K) From: 38295K(69888K)->25525K(69888K)
[36.503s][info][gc,heap        ] GC(236) Tenured: 1224329K(1398144K)->1228426K(1398144K)
[36.503s][info][gc,metaspace   ] GC(236) Metaspace: 127239K(129408K)->127239K(129408K) NonClass: 110445K(111616K)->110445K(111616K) Class: 16793K(17792K)->16793K(17792K)
[36.503s][info][gc             ] GC(236) Pause Young (Allocation Failure) 1779M->1224M(1979M) 4.383ms
[36.503s][info][gc,cpu         ] GC(236) User=0.00s Sys=0.00s Real=0.00s
[36.591s][info][gc,start       ] GC(237) Pause Young (Allocation Failure)
[36.595s][info][gc,heap        ] GC(237) DefNew: 584757K(629120K)->31073K(629120K) Eden: 559232K(559232K)->0K(559232K) From: 25525K(69888K)->31073K(69888K)
[36.595s][info][gc,heap        ] GC(237) Tenured: 1228426K(1398144K)->1228426K(1398144K)
[36.595s][info][gc,metaspace   ] GC(237) Metaspace: 127239K(129408K)->127239K(129408K) NonClass: 110445K(111616K)->110445K(111616K) Class: 16793K(17792K)->16793K(17792K)
[36.595s][info][gc             ] GC(237) Pause Young (Allocation Failure) 1770M->1229M(1979M) 4.566ms
[36.595s][info][gc,cpu         ] GC(237) User=0.00s Sys=0.00s Real=0.01s
[36.683s][info][gc,start       ] GC(238) Pause Young (Allocation Failure)
[36.687s][info][gc,heap        ] GC(238) DefNew: 589035K(629120K)->35096K(629120K) Eden: 557961K(559232K)->0K(559232K) From: 31073K(69888K)->35096K(69888K)
[36.687s][info][gc,heap        ] GC(238) Tenured: 1228426K(1398144K)->1228426K(1398144K)
[36.687s][info][gc,metaspace   ] GC(238) Metaspace: 127239K(129408K)->127239K(129408K) NonClass: 110445K(111616K)->110445K(111616K) Class: 16793K(17792K)->16793K(17792K)
[36.688s][info][gc             ] GC(238) Pause Young (Allocation Failure) 1774M->1233M(1979M) 4.866ms
[36.688s][info][gc,cpu         ] GC(238) User=0.00s Sys=0.00s Real=0.01s
[36.774s][info][gc,start       ] GC(239) Pause Young (Allocation Failure)
[36.778s][info][gc,heap        ] GC(239) DefNew: 594328K(629120K)->18984K(629120K) Eden: 559232K(559232K)->0K(559232K) From: 35096K(69888K)->18984K(69888K)
[36.778s][info][gc,heap        ] GC(239) Tenured: 1228426K(1398144K)->1236620K(1398144K)
[36.778s][info][gc,metaspace   ] GC(239) Metaspace: 127239K(129408K)->127239K(129408K) NonClass: 110445K(111616K)->110445K(111616K) Class: 16793K(17792K)->16793K(17792K)
[36.778s][info][gc             ] GC(239) Pause Young (Allocation Failure) 1780M->1226M(1979M) 4.424ms
[36.779s][info][gc,cpu         ] GC(239) User=0.00s Sys=0.00s Real=0.01s
[36.866s][info][gc,start       ] GC(240) Pause Young (Allocation Failure)
[36.870s][info][gc,heap        ] GC(240) DefNew: 578216K(629120K)->22860K(629120K) Eden: 559232K(559232K)->0K(559232K) From: 18984K(69888K)->22860K(69888K)
[36.870s][info][gc,heap        ] GC(240) Tenured: 1236620K(1398144K)->1236620K(1398144K)
[36.870s][info][gc,metaspace   ] GC(240) Metaspace: 127239K(129408K)->127239K(129408K) NonClass: 110445K(111616K)->110445K(111616K) Class: 16793K(17792K)->16793K(17792K)
[36.870s][info][gc             ] GC(240) Pause Young (Allocation Failure) 1772M->1229M(1979M) 3.740ms
[36.870s][info][gc,cpu         ] GC(240) User=0.00s Sys=0.00s Real=0.00s
[36.958s][info][gc,start       ] GC(241) Pause Young (Allocation Failure)
[36.962s][info][gc,heap        ] GC(241) DefNew: 582092K(629120K)->16724K(629120K) Eden: 559232K(559232K)->0K(559232K) From: 22860K(69888K)->16724K(69888K)
[36.962s][info][gc,heap        ] GC(241) Tenured: 1236620K(1398144K)->1236620K(1398144K)
[36.962s][info][gc,metaspace   ] GC(241) Metaspace: 127239K(129408K)->127239K(129408K) NonClass: 110445K(111616K)->110445K(111616K) Class: 16793K(17792K)->16793K(17792K)
[36.962s][info][gc             ] GC(241) Pause Young (Allocation Failure) 1776M->1223M(1979M) 3.348ms
[36.962s][info][gc,cpu         ] GC(241) User=0.00s Sys=0.00s Real=0.00s
[37.049s][info][gc,start       ] GC(242) Pause Young (Allocation Failure)
[37.053s][info][gc,heap        ] GC(242) DefNew: 575956K(629120K)->21293K(629120K) Eden: 559232K(559232K)->0K(559232K) From: 16724K(69888K)->21293K(69888K)
[37.053s][info][gc,heap        ] GC(242) Tenured: 1236620K(1398144K)->1236620K(1398144K)
[37.053s][info][gc,metaspace   ] GC(242) Metaspace: 127239K(129408K)->127239K(129408K) NonClass: 110445K(111616K)->110445K(111616K) Class: 16793K(17792K)->16793K(17792K)
[37.053s][info][gc             ] GC(242) Pause Young (Allocation Failure) 1770M->1228M(1979M) 3.707ms
[37.053s][info][gc,cpu         ] GC(242) User=0.00s Sys=0.00s Real=0.00s
[37.143s][info][gc,start       ] GC(243) Pause Young (Allocation Failure)
[37.147s][info][gc,heap        ] GC(243) DefNew: 580525K(629120K)->29123K(629120K) Eden: 559232K(559232K)->0K(559232K) From: 21293K(69888K)->29123K(69888K)
[37.147s][info][gc,heap        ] GC(243) Tenured: 1236620K(1398144K)->1236620K(1398144K)
[37.147s][info][gc,metaspace   ] GC(243) Metaspace: 127239K(129408K)->127239K(129408K) NonClass: 110445K(111616K)->110445K(111616K) Class: 16793K(17792K)->16793K(17792K)
[37.147s][info][gc             ] GC(243) Pause Young (Allocation Failure) 1774M->1236M(1979M) 4.376ms
[37.147s][info][gc,cpu         ] GC(243) User=0.00s Sys=0.00s Real=0.00s
[37.236s][info][gc,start       ] GC(244) Pause Young (Allocation Failure)
[37.239s][info][gc,heap        ] GC(244) DefNew: 588355K(629120K)->9973K(629120K) Eden: 559232K(559232K)->0K(559232K) From: 29123K(69888K)->9973K(69888K)
[37.239s][info][gc,heap        ] GC(244) Tenured: 1236620K(1398144K)->1244827K(1398144K)
[37.239s][info][gc,metaspace   ] GC(244) Metaspace: 127239K(129408K)->127239K(129408K) NonClass: 110445K(111616K)->110445K(111616K) Class: 16793K(17792K)->16793K(17792K)
[37.239s][info][gc             ] GC(244) Pause Young (Allocation Failure) 1782M->1225M(1979M) 3.312ms
[37.239s][info][gc,cpu         ] GC(244) User=0.00s Sys=0.00s Real=0.00s
[37.327s][info][gc,start       ] GC(245) Pause Young (Allocation Failure)
[37.330s][info][gc,heap        ] GC(245) DefNew: 569205K(629120K)->14641K(629120K) Eden: 559232K(559232K)->0K(559232K) From: 9973K(69888K)->14641K(69888K)
[37.330s][info][gc,heap        ] GC(245) Tenured: 1244827K(1398144K)->1244856K(1398144K)
[37.330s][info][gc,metaspace   ] GC(245) Metaspace: 127239K(129408K)->127239K(129408K) NonClass: 110445K(111616K)->110445K(111616K) Class: 16793K(17792K)->16793K(17792K)
[37.330s][info][gc             ] GC(245) Pause Young (Allocation Failure) 1771M->1229M(1979M) 3.353ms
[37.330s][info][gc,cpu         ] GC(245) User=0.00s Sys=0.00s Real=0.02s
[37.418s][info][gc,start       ] GC(246) Pause Young (Allocation Failure)
[37.420s][info][gc,heap        ] GC(246) DefNew: 573873K(629120K)->8211K(629120K) Eden: 559232K(559232K)->0K(559232K) From: 14641K(69888K)->8211K(69888K)
[37.420s][info][gc,heap        ] GC(246) Tenured: 1244856K(1398144K)->1244860K(1398144K)
[37.420s][info][gc,metaspace   ] GC(246) Metaspace: 127239K(129408K)->127239K(129408K) NonClass: 110445K(111616K)->110445K(111616K) Class: 16793K(17792K)->16793K(17792K)
[37.420s][info][gc             ] GC(246) Pause Young (Allocation Failure) 1776M->1223M(1979M) 2.468ms
[37.420s][info][gc,cpu         ] GC(246) User=0.00s Sys=0.00s Real=0.00s
[37.529s][info][gc,start       ] GC(247) Pause Young (Allocation Failure)
[37.532s][info][gc,heap        ] GC(247) DefNew: 567443K(629120K)->14183K(629120K) Eden: 559232K(559232K)->0K(559232K) From: 8211K(69888K)->14183K(69888K)
[37.532s][info][gc,heap        ] GC(247) Tenured: 1244860K(1398144K)->1244860K(1398144K)
[37.532s][info][gc,metaspace   ] GC(247) Metaspace: 127240K(129408K)->127240K(129408K) NonClass: 110446K(111616K)->110446K(111616K) Class: 16793K(17792K)->16793K(17792K)
[37.532s][info][gc             ] GC(247) Pause Young (Allocation Failure) 1769M->1229M(1979M) 3.237ms
[37.533s][info][gc,cpu         ] GC(247) User=0.00s Sys=0.00s Real=0.02s
[37.724s][info][gc,start       ] GC(248) Pause Full (System.gc())
[37.724s][info][gc,phases,start] GC(248) Phase 1: Mark live objects
[37.771s][info][gc,phases      ] GC(248) Phase 1: Mark live objects 46.890ms
[37.771s][info][gc,phases,start] GC(248) Phase 2: Compute new object addresses
[37.818s][info][gc,phases      ] GC(248) Phase 2: Compute new object addresses 46.865ms
[37.818s][info][gc,phases,start] GC(248) Phase 3: Adjust pointers
[37.844s][info][gc,phases      ] GC(248) Phase 3: Adjust pointers 26.670ms
[37.845s][info][gc,phases,start] GC(248) Phase 4: Move objects
[37.938s][info][gc,phases      ] GC(248) Phase 4: Move objects 93.096ms
[37.938s][info][gc,heap        ] GC(248) DefNew: 288851K(629120K)->0K(629120K) Eden: 274667K(559232K)->0K(559232K) From: 14183K(69888K)->0K(69888K)
[37.938s][info][gc,heap        ] GC(248) Tenured: 1244860K(1398144K)->968118K(1398144K)
[37.938s][info][gc,metaspace   ] GC(248) Metaspace: 127313K(129408K)->127313K(129408K) NonClass: 110519K(111616K)->110519K(111616K) Class: 16793K(17792K)->16793K(17792K)
[37.938s][info][gc             ] GC(248) Pause Full (System.gc()) 1497M->945M(1979M) 214.526ms
[37.938s][info][gc,cpu         ] GC(248) User=0.19s Sys=0.00s Real=0.20s
[38.126s][info][gc,start       ] GC(249) Pause Young (Allocation Failure)
[38.130s][info][gc,heap        ] GC(249) DefNew: 559232K(629120K)->4931K(629120K) Eden: 559232K(559232K)->0K(559232K) From: 0K(69888K)->4931K(69888K)
[38.130s][info][gc,heap        ] GC(249) Tenured: 968118K(1398144K)->968118K(1398144K)
[38.130s][info][gc,metaspace   ] GC(249) Metaspace: 127589K(129600K)->127589K(129600K) NonClass: 110794K(111808K)->110794K(111808K) Class: 16795K(17792K)->16795K(17792K)
[38.130s][info][gc             ] GC(249) Pause Young (Allocation Failure) 1491M->950M(1979M) 4.599ms
[38.130s][info][gc,cpu         ] GC(249) User=0.00s Sys=0.00s Real=0.00s
[38.194s][info][gc,start       ] GC(250) Pause Young (Allocation Failure)
[38.198s][info][gc,heap        ] GC(250) DefNew: 564163K(629120K)->6301K(629120K) Eden: 559232K(559232K)->0K(559232K) From: 4931K(69888K)->6301K(69888K)
[38.198s][info][gc,heap        ] GC(250) Tenured: 968118K(1398144K)->968118K(1398144K)
[38.198s][info][gc,metaspace   ] GC(250) Metaspace: 127600K(129600K)->127600K(129600K) NonClass: 110805K(111808K)->110805K(111808K) Class: 16795K(17792K)->16795K(17792K)
[38.198s][info][gc             ] GC(250) Pause Young (Allocation Failure) 1496M->951M(1979M) 3.786ms
[38.198s][info][gc,cpu         ] GC(250) User=0.02s Sys=0.00s Real=0.00s
[38.256s][info][gc,start       ] GC(251) Pause Young (Allocation Failure)
[38.261s][info][gc,heap        ] GC(251) DefNew: 565533K(629120K)->12162K(629120K) Eden: 559232K(559232K)->0K(559232K) From: 6301K(69888K)->12162K(69888K)
[38.261s][info][gc,heap        ] GC(251) Tenured: 968118K(1398144K)->968118K(1398144K)
[38.261s][info][gc,metaspace   ] GC(251) Metaspace: 127600K(129600K)->127600K(129600K) NonClass: 110805K(111808K)->110805K(111808K) Class: 16795K(17792K)->16795K(17792K)
[38.261s][info][gc             ] GC(251) Pause Young (Allocation Failure) 1497M->957M(1979M) 4.164ms
[38.261s][info][gc,cpu         ] GC(251) User=0.02s Sys=0.00s Real=0.00s
[38.318s][info][gc,start       ] GC(252) Pause Young (Allocation Failure)
[38.322s][info][gc,heap        ] GC(252) DefNew: 571394K(629120K)->11559K(629120K) Eden: 559232K(559232K)->0K(559232K) From: 12162K(69888K)->11559K(69888K)
[38.322s][info][gc,heap        ] GC(252) Tenured: 968118K(1398144K)->968118K(1398144K)
[38.322s][info][gc,metaspace   ] GC(252) Metaspace: 127600K(129600K)->127600K(129600K) NonClass: 110805K(111808K)->110805K(111808K) Class: 16795K(17792K)->16795K(17792K)
[38.322s][info][gc             ] GC(252) Pause Young (Allocation Failure) 1503M->956M(1979M) 4.175ms
[38.322s][info][gc,cpu         ] GC(252) User=0.02s Sys=0.00s Real=0.00s
[38.385s][info][gc,start       ] GC(253) Pause Young (Allocation Failure)
[38.390s][info][gc,heap        ] GC(253) DefNew: 570791K(629120K)->20327K(629120K) Eden: 559232K(559232K)->0K(559232K) From: 11559K(69888K)->20327K(69888K)
[38.390s][info][gc,heap        ] GC(253) Tenured: 968118K(1398144K)->968118K(1398144K)
[38.390s][info][gc,metaspace   ] GC(253) Metaspace: 127604K(129600K)->127604K(129600K) NonClass: 110809K(111808K)->110809K(111808K) Class: 16795K(17792K)->16795K(17792K)
[38.390s][info][gc             ] GC(253) Pause Young (Allocation Failure) 1502M->965M(1979M) 5.476ms
[38.390s][info][gc,cpu         ] GC(253) User=0.00s Sys=0.00s Real=0.00s
[38.448s][info][gc,start       ] GC(254) Pause Young (Allocation Failure)
[38.453s][info][gc,heap        ] GC(254) DefNew: 579559K(629120K)->19063K(629120K) Eden: 559232K(559232K)->0K(559232K) From: 20327K(69888K)->19063K(69888K)
[38.453s][info][gc,heap        ] GC(254) Tenured: 968118K(1398144K)->968118K(1398144K)
[38.453s][info][gc,metaspace   ] GC(254) Metaspace: 127610K(129600K)->127610K(129600K) NonClass: 110815K(111808K)->110815K(111808K) Class: 16795K(17792K)->16795K(17792K)
[38.453s][info][gc             ] GC(254) Pause Young (Allocation Failure) 1511M->964M(1979M) 5.177ms
[38.453s][info][gc,cpu         ] GC(254) User=0.03s Sys=0.00s Real=0.00s
[38.511s][info][gc,start       ] GC(255) Pause Young (Allocation Failure)
[38.517s][info][gc,heap        ] GC(255) DefNew: 578295K(629120K)->29551K(629120K) Eden: 559232K(559232K)->0K(559232K) From: 19063K(69888K)->29551K(69888K)
[38.517s][info][gc,heap        ] GC(255) Tenured: 968118K(1398144K)->968118K(1398144K)
[38.517s][info][gc,metaspace   ] GC(255) Metaspace: 127610K(129600K)->127610K(129600K) NonClass: 110815K(111808K)->110815K(111808K) Class: 16795K(17792K)->16795K(17792K)
[38.517s][info][gc             ] GC(255) Pause Young (Allocation Failure) 1510M->974M(1979M) 5.961ms
[38.517s][info][gc,cpu         ] GC(255) User=0.02s Sys=0.00s Real=0.00s
[38.574s][info][gc,start       ] GC(256) Pause Young (Allocation Failure)
[38.580s][info][gc,heap        ] GC(256) DefNew: 588783K(629120K)->35078K(629120K) Eden: 559232K(559232K)->0K(559232K) From: 29551K(69888K)->35078K(69888K)
[38.580s][info][gc,heap        ] GC(256) Tenured: 968118K(1398144K)->968118K(1398144K)
[38.580s][info][gc,metaspace   ] GC(256) Metaspace: 127610K(129600K)->127610K(129600K) NonClass: 110815K(111808K)->110815K(111808K) Class: 16795K(17792K)->16795K(17792K)
[38.580s][info][gc             ] GC(256) Pause Young (Allocation Failure) 1520M->979M(1979M) 6.406ms
[38.580s][info][gc,cpu         ] GC(256) User=0.02s Sys=0.00s Real=0.00s
[38.637s][info][gc,start       ] GC(257) Pause Young (Allocation Failure)
[38.643s][info][gc,heap        ] GC(257) DefNew: 594310K(629120K)->30956K(629120K) Eden: 559232K(559232K)->0K(559232K) From: 35078K(69888K)->30956K(69888K)
[38.643s][info][gc,heap        ] GC(257) Tenured: 968118K(1398144K)->969708K(1398144K)
[38.643s][info][gc,metaspace   ] GC(257) Metaspace: 127610K(129600K)->127610K(129600K) NonClass: 110815K(111808K)->110815K(111808K) Class: 16795K(17792K)->16795K(17792K)
[38.643s][info][gc             ] GC(257) Pause Young (Allocation Failure) 1525M->977M(1979M) 6.340ms
[38.643s][info][gc,cpu         ] GC(257) User=0.02s Sys=0.00s Real=0.00s
[38.698s][info][gc,start       ] GC(258) Pause Young (Allocation Failure)
[38.703s][info][gc,heap        ] GC(258) DefNew: 590188K(629120K)->35440K(629120K) Eden: 559232K(559232K)->0K(559232K) From: 30956K(69888K)->35440K(69888K)
[38.703s][info][gc,heap        ] GC(258) Tenured: 969708K(1398144K)->969708K(1398144K)
[38.703s][info][gc,metaspace   ] GC(258) Metaspace: 127610K(129600K)->127610K(129600K) NonClass: 110815K(111808K)->110815K(111808K) Class: 16795K(17792K)->16795K(17792K)
[38.703s][info][gc             ] GC(258) Pause Young (Allocation Failure) 1523M->981M(1979M) 5.239ms
[38.703s][info][gc,cpu         ] GC(258) User=0.02s Sys=0.00s Real=0.01s
[38.760s][info][gc,start       ] GC(259) Pause Young (Allocation Failure)
[38.766s][info][gc,heap        ] GC(259) DefNew: 594672K(629120K)->35254K(629120K) Eden: 559232K(559232K)->0K(559232K) From: 35440K(69888K)->35254K(69888K)
[38.766s][info][gc,heap        ] GC(259) Tenured: 969708K(1398144K)->973805K(1398144K)
[38.766s][info][gc,metaspace   ] GC(259) Metaspace: 127610K(129600K)->127610K(129600K) NonClass: 110815K(111808K)->110815K(111808K) Class: 16795K(17792K)->16795K(17792K)
[38.766s][info][gc             ] GC(259) Pause Young (Allocation Failure) 1527M->985M(1979M) 5.688ms
[38.766s][info][gc,cpu         ] GC(259) User=0.02s Sys=0.00s Real=0.00s
[38.822s][info][gc,start       ] GC(260) Pause Young (Allocation Failure)
[38.828s][info][gc,heap        ] GC(260) DefNew: 594486K(629120K)->41666K(629120K) Eden: 559232K(559232K)->0K(559232K) From: 35254K(69888K)->41666K(69888K)
[38.828s][info][gc,heap        ] GC(260) Tenured: 973805K(1398144K)->977902K(1398144K)
[38.828s][info][gc,metaspace   ] GC(260) Metaspace: 127610K(129600K)->127610K(129600K) NonClass: 110815K(111808K)->110815K(111808K) Class: 16795K(17792K)->16795K(17792K)
[38.828s][info][gc             ] GC(260) Pause Young (Allocation Failure) 1531M->995M(1979M) 6.271ms
[38.828s][info][gc,cpu         ] GC(260) User=0.00s Sys=0.00s Real=0.00s
[38.885s][info][gc,start       ] GC(261) Pause Young (Allocation Failure)
[38.891s][info][gc,heap        ] GC(261) DefNew: 600898K(629120K)->31199K(629120K) Eden: 559232K(559232K)->0K(559232K) From: 41666K(69888K)->31199K(69888K)
[38.891s][info][gc,heap        ] GC(261) Tenured: 977902K(1398144K)->986422K(1398144K)
[38.891s][info][gc,metaspace   ] GC(261) Metaspace: 127610K(129600K)->127610K(129600K) NonClass: 110815K(111808K)->110815K(111808K) Class: 16795K(17792K)->16795K(17792K)
[38.891s][info][gc             ] GC(261) Pause Young (Allocation Failure) 1541M->993M(1979M) 5.679ms
[38.891s][info][gc,cpu         ] GC(261) User=0.00s Sys=0.00s Real=0.00s
[38.945s][info][gc,start       ] GC(262) Pause Young (Allocation Failure)
[38.950s][info][gc,heap        ] GC(262) DefNew: 590431K(629120K)->38235K(629120K) Eden: 559232K(559232K)->0K(559232K) From: 31199K(69888K)->38235K(69888K)
[38.950s][info][gc,heap        ] GC(262) Tenured: 986422K(1398144K)->986422K(1398144K)
[38.950s][info][gc,metaspace   ] GC(262) Metaspace: 127610K(129600K)->127610K(129600K) NonClass: 110815K(111808K)->110815K(111808K) Class: 16795K(17792K)->16795K(17792K)
[38.950s][info][gc             ] GC(262) Pause Young (Allocation Failure) 1539M->1000M(1979M) 5.207ms
[38.950s][info][gc,cpu         ] GC(262) User=0.00s Sys=0.00s Real=0.00s
[39.007s][info][gc,start       ] GC(263) Pause Young (Allocation Failure)
[39.012s][info][gc,heap        ] GC(263) DefNew: 597467K(629120K)->35321K(629120K) Eden: 559232K(559232K)->0K(559232K) From: 38235K(69888K)->35321K(69888K)
[39.012s][info][gc,heap        ] GC(263) Tenured: 986422K(1398144K)->990502K(1398144K)
[39.012s][info][gc,metaspace   ] GC(263) Metaspace: 127610K(129600K)->127610K(129600K) NonClass: 110815K(111808K)->110815K(111808K) Class: 16795K(17792K)->16795K(17792K)
[39.012s][info][gc             ] GC(263) Pause Young (Allocation Failure) 1546M->1001M(1979M) 5.404ms
[39.012s][info][gc,cpu         ] GC(263) User=0.02s Sys=0.00s Real=0.02s
[39.068s][info][gc,start       ] GC(264) Pause Young (Allocation Failure)
[39.074s][info][gc,heap        ] GC(264) DefNew: 594553K(629120K)->40399K(629120K) Eden: 559232K(559232K)->0K(559232K) From: 35321K(69888K)->40399K(69888K)
[39.074s][info][gc,heap        ] GC(264) Tenured: 990502K(1398144K)->998695K(1398144K)
[39.074s][info][gc,metaspace   ] GC(264) Metaspace: 127610K(129600K)->127610K(129600K) NonClass: 110815K(111808K)->110815K(111808K) Class: 16795K(17792K)->16795K(17792K)
[39.074s][info][gc             ] GC(264) Pause Young (Allocation Failure) 1547M->1014M(1979M) 6.297ms
[39.074s][info][gc,cpu         ] GC(264) User=0.02s Sys=0.00s Real=0.02s
[39.133s][info][gc,start       ] GC(265) Pause Young (Allocation Failure)
[39.139s][info][gc,heap        ] GC(265) DefNew: 599631K(629120K)->28035K(629120K) Eden: 559232K(559232K)->0K(559232K) From: 40399K(69888K)->28035K(69888K)
[39.139s][info][gc,heap        ] GC(265) Tenured: 998695K(1398144K)->1006891K(1398144K)
[39.139s][info][gc,metaspace   ] GC(265) Metaspace: 127611K(129600K)->127611K(129600K) NonClass: 110816K(111808K)->110816K(111808K) Class: 16795K(17792K)->16795K(17792K)
[39.139s][info][gc             ] GC(265) Pause Young (Allocation Failure) 1560M->1010M(1979M) 5.433ms
[39.139s][info][gc,cpu         ] GC(265) User=0.00s Sys=0.00s Real=0.00s
[39.238s][info][gc,start       ] GC(266) Pause Young (Allocation Failure)
[39.244s][info][gc,heap        ] GC(266) DefNew: 587267K(629120K)->43975K(629120K) Eden: 559232K(559232K)->0K(559232K) From: 28035K(69888K)->43975K(69888K)
[39.244s][info][gc,heap        ] GC(266) Tenured: 1006891K(1398144K)->1006891K(1398144K)
[39.244s][info][gc,metaspace   ] GC(266) Metaspace: 127628K(129664K)->127628K(129664K) NonClass: 110833K(111872K)->110833K(111872K) Class: 16795K(17792K)->16795K(17792K)
[39.244s][info][gc             ] GC(266) Pause Young (Allocation Failure) 1556M->1026M(1979M) 6.137ms
[39.244s][info][gc,cpu         ] GC(266) User=0.00s Sys=0.00s Real=0.00s
[39.333s][info][gc,start       ] GC(267) Pause Young (Allocation Failure)
[39.340s][info][gc,heap        ] GC(267) DefNew: 603207K(629120K)->39688K(629120K) Eden: 559232K(559232K)->0K(559232K) From: 43975K(69888K)->39688K(69888K)
[39.340s][info][gc,heap        ] GC(267) Tenured: 1006891K(1398144K)->1023280K(1398144K)
[39.340s][info][gc,metaspace   ] GC(267) Metaspace: 127628K(129664K)->127628K(129664K) NonClass: 110833K(111872K)->110833K(111872K) Class: 16795K(17792K)->16795K(17792K)
[39.340s][info][gc             ] GC(267) Pause Young (Allocation Failure) 1572M->1038M(1979M) 6.994ms
[39.340s][info][gc,cpu         ] GC(267) User=0.00s Sys=0.00s Real=0.00s
[39.429s][info][gc,start       ] GC(268) Pause Young (Allocation Failure)
[39.436s][info][gc,heap        ] GC(268) DefNew: 598920K(629120K)->43291K(629120K) Eden: 559232K(559232K)->0K(559232K) From: 39688K(69888K)->43291K(69888K)
[39.436s][info][gc,heap        ] GC(268) Tenured: 1023280K(1398144K)->1031556K(1398144K)
[39.436s][info][gc,metaspace   ] GC(268) Metaspace: 127628K(129664K)->127628K(129664K) NonClass: 110833K(111872K)->110833K(111872K) Class: 16795K(17792K)->16795K(17792K)
[39.436s][info][gc             ] GC(268) Pause Young (Allocation Failure) 1584M->1049M(1979M) 6.607ms
[39.436s][info][gc,cpu         ] GC(268) User=0.00s Sys=0.00s Real=0.00s
[39.524s][info][gc,start       ] GC(269) Pause Young (Allocation Failure)
[39.531s][info][gc,heap        ] GC(269) DefNew: 602523K(629120K)->46436K(629120K) Eden: 559232K(559232K)->0K(559232K) From: 43291K(69888K)->46436K(69888K)
[39.531s][info][gc,heap        ] GC(269) Tenured: 1031556K(1398144K)->1044239K(1398144K)
[39.531s][info][gc,metaspace   ] GC(269) Metaspace: 127628K(129664K)->127628K(129664K) NonClass: 110833K(111872K)->110833K(111872K) Class: 16795K(17792K)->16795K(17792K)
[39.531s][info][gc             ] GC(269) Pause Young (Allocation Failure) 1595M->1065M(1979M) 7.046ms
[39.531s][info][gc,cpu         ] GC(269) User=0.00s Sys=0.00s Real=0.02s
[39.620s][info][gc,start       ] GC(270) Pause Young (Allocation Failure)
[39.627s][info][gc,heap        ] GC(270) DefNew: 605668K(629120K)->45847K(629120K) Eden: 559232K(559232K)->0K(559232K) From: 46436K(69888K)->45847K(69888K)
[39.627s][info][gc,heap        ] GC(270) Tenured: 1044239K(1398144K)->1056532K(1398144K)
[39.627s][info][gc,metaspace   ] GC(270) Metaspace: 127628K(129664K)->127628K(129664K) NonClass: 110833K(111872K)->110833K(111872K) Class: 16795K(17792K)->16795K(17792K)
[39.628s][info][gc             ] GC(270) Pause Young (Allocation Failure) 1611M->1076M(1979M) 7.096ms
[39.628s][info][gc,cpu         ] GC(270) User=0.00s Sys=0.00s Real=0.02s
[39.717s][info][gc,start       ] GC(271) Pause Young (Allocation Failure)
[39.724s][info][gc,heap        ] GC(271) DefNew: 605079K(629120K)->44077K(629120K) Eden: 559232K(559232K)->0K(559232K) From: 45847K(69888K)->44077K(69888K)
[39.724s][info][gc,heap        ] GC(271) Tenured: 1056532K(1398144K)->1072920K(1398144K)
[39.724s][info][gc,metaspace   ] GC(271) Metaspace: 127628K(129664K)->127628K(129664K) NonClass: 110833K(111872K)->110833K(111872K) Class: 16795K(17792K)->16795K(17792K)
[39.724s][info][gc             ] GC(271) Pause Young (Allocation Failure) 1622M->1090M(1979M) 7.394ms
[39.724s][info][gc,cpu         ] GC(271) User=0.02s Sys=0.00s Real=0.02s
[39.818s][info][gc,start       ] GC(272) Pause Young (Allocation Failure)
[39.824s][info][gc,heap        ] GC(272) DefNew: 603309K(629120K)->27855K(629120K) Eden: 559232K(559232K)->0K(559232K) From: 44077K(69888K)->27855K(69888K)
[39.824s][info][gc,heap        ] GC(272) Tenured: 1072920K(1398144K)->1097504K(1398144K)
[39.824s][info][gc,metaspace   ] GC(272) Metaspace: 127641K(129664K)->127641K(129664K) NonClass: 110846K(111872K)->110846K(111872K) Class: 16795K(17792K)->16795K(17792K)
[39.824s][info][gc             ] GC(272) Pause Young (Allocation Failure) 1636M->1098M(1979M) 6.711ms
[39.824s][info][gc,cpu         ] GC(272) User=0.00s Sys=0.00s Real=0.00s
[39.908s][info][gc,start       ] GC(273) Pause Young (Allocation Failure)
[39.913s][info][gc,heap        ] GC(273) DefNew: 587087K(629120K)->33713K(629120K) Eden: 559232K(559232K)->0K(559232K) From: 27855K(69888K)->33713K(69888K)
[39.913s][info][gc,heap        ] GC(273) Tenured: 1097504K(1398144K)->1097504K(1398144K)
[39.913s][info][gc,metaspace   ] GC(273) Metaspace: 127641K(129664K)->127641K(129664K) NonClass: 110846K(111872K)->110846K(111872K) Class: 16795K(17792K)->16795K(17792K)
[39.913s][info][gc             ] GC(273) Pause Young (Allocation Failure) 1645M->1104M(1979M) 4.710ms
[39.913s][info][gc,cpu         ] GC(273) User=0.02s Sys=0.00s Real=0.00s
[39.998s][info][gc,start       ] GC(274) Pause Young (Allocation Failure)
[40.004s][info][gc,heap        ] GC(274) DefNew: 592945K(629120K)->44520K(629120K) Eden: 559232K(559232K)->0K(559232K) From: 33713K(69888K)->44520K(69888K)
[40.004s][info][gc,heap        ] GC(274) Tenured: 1097504K(1398144K)->1097504K(1398144K)
[40.004s][info][gc,metaspace   ] GC(274) Metaspace: 127641K(129664K)->127641K(129664K) NonClass: 110846K(111872K)->110846K(111872K) Class: 16795K(17792K)->16795K(17792K)
[40.004s][info][gc             ] GC(274) Pause Young (Allocation Failure) 1650M->1115M(1979M) 5.742ms
[40.004s][info][gc,cpu         ] GC(274) User=0.00s Sys=0.00s Real=0.02s
[40.092s][info][gc,start       ] GC(275) Pause Young (Allocation Failure)
[40.099s][info][gc,heap        ] GC(275) DefNew: 603752K(629120K)->41798K(629120K) Eden: 559232K(559232K)->0K(559232K) From: 44520K(69888K)->41798K(69888K)
[40.099s][info][gc,heap        ] GC(275) Tenured: 1097504K(1398144K)->1109796K(1398144K)
[40.099s][info][gc,metaspace   ] GC(275) Metaspace: 127641K(129664K)->127641K(129664K) NonClass: 110846K(111872K)->110846K(111872K) Class: 16795K(17792K)->16795K(17792K)
[40.099s][info][gc             ] GC(275) Pause Young (Allocation Failure) 1661M->1124M(1979M) 7.177ms
[40.099s][info][gc,cpu         ] GC(275) User=0.02s Sys=0.00s Real=0.01s
[40.187s][info][gc,start       ] GC(276) Pause Young (Allocation Failure)
[40.194s][info][gc,heap        ] GC(276) DefNew: 601030K(629120K)->41370K(629120K) Eden: 559232K(559232K)->0K(559232K) From: 41798K(69888K)->41370K(69888K)
[40.194s][info][gc,heap        ] GC(276) Tenured: 1109796K(1398144K)->1122135K(1398144K)
[40.194s][info][gc,metaspace   ] GC(276) Metaspace: 127641K(129664K)->127641K(129664K) NonClass: 110846K(111872K)->110846K(111872K) Class: 16795K(17792K)->16795K(17792K)
[40.194s][info][gc             ] GC(276) Pause Young (Allocation Failure) 1670M->1136M(1979M) 6.883ms
[40.194s][info][gc,cpu         ] GC(276) User=0.00s Sys=0.00s Real=0.00s
[40.281s][info][gc,start       ] GC(277) Pause Young (Allocation Failure)
[40.286s][info][gc,heap        ] GC(277) DefNew: 600602K(629120K)->33564K(629120K) Eden: 559232K(559232K)->0K(559232K) From: 41370K(69888K)->33564K(69888K)
[40.286s][info][gc,heap        ] GC(277) Tenured: 1122135K(1398144K)->1130331K(1398144K)
[40.286s][info][gc,metaspace   ] GC(277) Metaspace: 127641K(129664K)->127641K(129664K) NonClass: 110846K(111872K)->110846K(111872K) Class: 16795K(17792K)->16795K(17792K)
[40.286s][info][gc             ] GC(277) Pause Young (Allocation Failure) 1682M->1136M(1979M) 5.739ms
[40.286s][info][gc,cpu         ] GC(277) User=0.02s Sys=0.00s Real=0.02s
[40.374s][info][gc,start       ] GC(278) Pause Young (Allocation Failure)
[40.379s][info][gc,heap        ] GC(278) DefNew: 592796K(629120K)->41760K(629120K) Eden: 559232K(559232K)->0K(559232K) From: 33564K(69888K)->41760K(69888K)
[40.379s][info][gc,heap        ] GC(278) Tenured: 1130331K(1398144K)->1130331K(1398144K)
[40.379s][info][gc,metaspace   ] GC(278) Metaspace: 127641K(129664K)->127641K(129664K) NonClass: 110846K(111872K)->110846K(111872K) Class: 16795K(17792K)->16795K(17792K)
[40.379s][info][gc             ] GC(278) Pause Young (Allocation Failure) 1682M->1144M(1979M) 5.482ms
[40.379s][info][gc,cpu         ] GC(278) User=0.00s Sys=0.00s Real=0.02s
[40.466s][info][gc,start       ] GC(279) Pause Young (Allocation Failure)
[40.472s][info][gc,heap        ] GC(279) DefNew: 600992K(629120K)->35031K(629120K) Eden: 559232K(559232K)->0K(559232K) From: 41760K(69888K)->35031K(69888K)
[40.472s][info][gc,heap        ] GC(279) Tenured: 1130331K(1398144K)->1142623K(1398144K)
[40.472s][info][gc,metaspace   ] GC(279) Metaspace: 127641K(129664K)->127641K(129664K) NonClass: 110846K(111872K)->110846K(111872K) Class: 16795K(17792K)->16795K(17792K)
[40.472s][info][gc             ] GC(279) Pause Young (Allocation Failure) 1690M->1150M(1979M) 5.966ms
[40.472s][info][gc,cpu         ] GC(279) User=0.00s Sys=0.00s Real=0.00s
[40.565s][info][gc,start       ] GC(280) Pause Young (Allocation Failure)
[40.571s][info][gc,heap        ] GC(280) DefNew: 594263K(629120K)->36062K(629120K) Eden: 559232K(559232K)->0K(559232K) From: 35031K(69888K)->36062K(69888K)
[40.571s][info][gc,heap        ] GC(280) Tenured: 1142623K(1398144K)->1146720K(1398144K)
[40.571s][info][gc,metaspace   ] GC(280) Metaspace: 127650K(129664K)->127650K(129664K) NonClass: 110855K(111872K)->110855K(111872K) Class: 16795K(17792K)->16795K(17792K)
[40.571s][info][gc             ] GC(280) Pause Young (Allocation Failure) 1696M->1155M(1979M) 5.971ms
[40.571s][info][gc,cpu         ] GC(280) User=0.00s Sys=0.00s Real=0.02s
[40.655s][info][gc,start       ] GC(281) Pause Young (Allocation Failure)
[40.661s][info][gc,heap        ] GC(281) DefNew: 595294K(629120K)->30998K(629120K) Eden: 559232K(559232K)->0K(559232K) From: 36062K(69888K)->30998K(69888K)
[40.661s][info][gc,heap        ] GC(281) Tenured: 1146720K(1398144K)->1154914K(1398144K)
[40.661s][info][gc,metaspace   ] GC(281) Metaspace: 127656K(129664K)->127656K(129664K) NonClass: 110861K(111872K)->110861K(111872K) Class: 16795K(17792K)->16795K(17792K)
[40.661s][info][gc             ] GC(281) Pause Young (Allocation Failure) 1701M->1158M(1979M) 5.564ms
[40.661s][info][gc,cpu         ] GC(281) User=0.00s Sys=0.00s Real=0.00s
[40.744s][info][gc,start       ] GC(282) Pause Young (Allocation Failure)
[40.748s][info][gc,heap        ] GC(282) DefNew: 590230K(629120K)->25148K(629120K) Eden: 559232K(559232K)->0K(559232K) From: 30998K(69888K)->25148K(69888K)
[40.748s][info][gc,heap        ] GC(282) Tenured: 1154914K(1398144K)->1154914K(1398144K)
[40.748s][info][gc,metaspace   ] GC(282) Metaspace: 127656K(129664K)->127656K(129664K) NonClass: 110861K(111872K)->110861K(111872K) Class: 16795K(17792K)->16795K(17792K)
[40.748s][info][gc             ] GC(282) Pause Young (Allocation Failure) 1704M->1152M(1979M) 4.272ms
[40.748s][info][gc,cpu         ] GC(282) User=0.00s Sys=0.00s Real=0.00s
[40.831s][info][gc,start       ] GC(283) Pause Young (Allocation Failure)
[40.836s][info][gc,heap        ] GC(283) DefNew: 584380K(629120K)->27869K(629120K) Eden: 559232K(559232K)->0K(559232K) From: 25148K(69888K)->27869K(69888K)
[40.836s][info][gc,heap        ] GC(283) Tenured: 1154914K(1398144K)->1154914K(1398144K)
[40.836s][info][gc,metaspace   ] GC(283) Metaspace: 127656K(129664K)->127656K(129664K) NonClass: 110861K(111872K)->110861K(111872K) Class: 16795K(17792K)->16795K(17792K)
[40.836s][info][gc             ] GC(283) Pause Young (Allocation Failure) 1698M->1155M(1979M) 4.501ms
[40.836s][info][gc,cpu         ] GC(283) User=0.00s Sys=0.00s Real=0.02s
[40.921s][info][gc,start       ] GC(284) Pause Young (Allocation Failure)
[40.926s][info][gc,heap        ] GC(284) DefNew: 587101K(629120K)->36734K(629120K) Eden: 559232K(559232K)->0K(559232K) From: 27869K(69888K)->36734K(69888K)
[40.926s][info][gc,heap        ] GC(284) Tenured: 1154914K(1398144K)->1154914K(1398144K)
[40.926s][info][gc,metaspace   ] GC(284) Metaspace: 127656K(129664K)->127656K(129664K) NonClass: 110861K(111872K)->110861K(111872K) Class: 16795K(17792K)->16795K(17792K)
[40.926s][info][gc             ] GC(284) Pause Young (Allocation Failure) 1701M->1163M(1979M) 5.146ms
[40.926s][info][gc,cpu         ] GC(284) User=0.00s Sys=0.00s Real=0.00s
[41.013s][info][gc,start       ] GC(285) Pause Young (Allocation Failure)
[41.018s][info][gc,heap        ] GC(285) DefNew: 595966K(629120K)->24649K(629120K) Eden: 559232K(559232K)->0K(559232K) From: 36734K(69888K)->24649K(69888K)
[41.018s][info][gc,heap        ] GC(285) Tenured: 1154914K(1398144K)->1163108K(1398144K)
[41.018s][info][gc,metaspace   ] GC(285) Metaspace: 127656K(129664K)->127656K(129664K) NonClass: 110861K(111872K)->110861K(111872K) Class: 16795K(17792K)->16795K(17792K)
[41.018s][info][gc             ] GC(285) Pause Young (Allocation Failure) 1709M->1159M(1979M) 4.901ms
[41.018s][info][gc,cpu         ] GC(285) User=0.00s Sys=0.00s Real=0.01s
[41.108s][info][gc,start       ] GC(286) Pause Young (Allocation Failure)
[41.112s][info][gc,heap        ] GC(286) DefNew: 583881K(629120K)->23784K(629120K) Eden: 559232K(559232K)->0K(559232K) From: 24649K(69888K)->23784K(69888K)
[41.112s][info][gc,heap        ] GC(286) Tenured: 1163108K(1398144K)->1163108K(1398144K)
[41.112s][info][gc,metaspace   ] GC(286) Metaspace: 127656K(129664K)->127656K(129664K) NonClass: 110861K(111872K)->110861K(111872K) Class: 16795K(17792K)->16795K(17792K)
[41.112s][info][gc             ] GC(286) Pause Young (Allocation Failure) 1706M->1159M(1979M) 4.082ms
[41.112s][info][gc,cpu         ] GC(286) User=0.00s Sys=0.00s Real=0.00s
[41.199s][info][gc,start       ] GC(287) Pause Young (Allocation Failure)
[41.203s][info][gc,heap        ] GC(287) DefNew: 583016K(629120K)->22214K(629120K) Eden: 559232K(559232K)->0K(559232K) From: 23784K(69888K)->22214K(69888K)
[41.203s][info][gc,heap        ] GC(287) Tenured: 1163108K(1398144K)->1163108K(1398144K)
[41.203s][info][gc,metaspace   ] GC(287) Metaspace: 127656K(129664K)->127656K(129664K) NonClass: 110861K(111872K)->110861K(111872K) Class: 16795K(17792K)->16795K(17792K)
[41.203s][info][gc             ] GC(287) Pause Young (Allocation Failure) 1705M->1157M(1979M) 3.935ms
[41.203s][info][gc,cpu         ] GC(287) User=0.00s Sys=0.00s Real=0.00s
[41.290s][info][gc,start       ] GC(288) Pause Young (Allocation Failure)
[41.295s][info][gc,heap        ] GC(288) DefNew: 581446K(629120K)->30108K(629120K) Eden: 559232K(559232K)->0K(559232K) From: 22214K(69888K)->30108K(69888K)
[41.295s][info][gc,heap        ] GC(288) Tenured: 1163108K(1398144K)->1163108K(1398144K)
[41.295s][info][gc,metaspace   ] GC(288) Metaspace: 127656K(129664K)->127656K(129664K) NonClass: 110861K(111872K)->110861K(111872K) Class: 16795K(17792K)->16795K(17792K)
[41.295s][info][gc             ] GC(288) Pause Young (Allocation Failure) 1703M->1165M(1979M) 4.775ms
[41.295s][info][gc,cpu         ] GC(288) User=0.00s Sys=0.00s Real=0.00s
[41.382s][info][gc,start       ] GC(289) Pause Young (Allocation Failure)
[41.387s][info][gc,heap        ] GC(289) DefNew: 589340K(629120K)->27391K(629120K) Eden: 559232K(559232K)->0K(559232K) From: 30108K(69888K)->27391K(69888K)
[41.387s][info][gc,heap        ] GC(289) Tenured: 1163108K(1398144K)->1163108K(1398144K)
[41.387s][info][gc,metaspace   ] GC(289) Metaspace: 127656K(129664K)->127656K(129664K) NonClass: 110861K(111872K)->110861K(111872K) Class: 16795K(17792K)->16795K(17792K)
[41.387s][info][gc             ] GC(289) Pause Young (Allocation Failure) 1711M->1162M(1979M) 4.603ms
[41.387s][info][gc,cpu         ] GC(289) User=0.00s Sys=0.00s Real=0.02s
[41.474s][info][gc,start       ] GC(290) Pause Young (Allocation Failure)
[41.478s][info][gc,heap        ] GC(290) DefNew: 586623K(629120K)->24643K(629120K) Eden: 559232K(559232K)->0K(559232K) From: 27391K(69888K)->24643K(69888K)
[41.478s][info][gc,heap        ] GC(290) Tenured: 1163108K(1398144K)->1163108K(1398144K)
[41.478s][info][gc,metaspace   ] GC(290) Metaspace: 127656K(129664K)->127656K(129664K) NonClass: 110861K(111872K)->110861K(111872K) Class: 16795K(17792K)->16795K(17792K)
[41.478s][info][gc             ] GC(290) Pause Young (Allocation Failure) 1708M->1159M(1979M) 4.075ms
[41.478s][info][gc,cpu         ] GC(290) User=0.00s Sys=0.00s Real=0.00s
[41.566s][info][gc,start       ] GC(291) Pause Young (Allocation Failure)
[41.571s][info][gc,heap        ] GC(291) DefNew: 581726K(629120K)->27899K(629120K) Eden: 557082K(559232K)->0K(559232K) From: 24643K(69888K)->27899K(69888K)
[41.571s][info][gc,heap        ] GC(291) Tenured: 1163108K(1398144K)->1163108K(1398144K)
[41.571s][info][gc,metaspace   ] GC(291) Metaspace: 127656K(129664K)->127656K(129664K) NonClass: 110861K(111872K)->110861K(111872K) Class: 16795K(17792K)->16795K(17792K)
[41.572s][info][gc             ] GC(291) Pause Young (Allocation Failure) 1703M->1163M(1979M) 5.066ms
[41.572s][info][gc,cpu         ] GC(291) User=0.00s Sys=0.00s Real=0.00s
[41.657s][info][gc,start       ] GC(292) Pause Young (Allocation Failure)
[41.661s][info][gc,heap        ] GC(292) DefNew: 583929K(629120K)->28509K(629120K) Eden: 556030K(559232K)->0K(559232K) From: 27899K(69888K)->28509K(69888K)
[41.661s][info][gc,heap        ] GC(292) Tenured: 1163108K(1398144K)->1163108K(1398144K)
[41.661s][info][gc,metaspace   ] GC(292) Metaspace: 127656K(129664K)->127656K(129664K) NonClass: 110861K(111872K)->110861K(111872K) Class: 16795K(17792K)->16795K(17792K)
[41.661s][info][gc             ] GC(292) Pause Young (Allocation Failure) 1706M->1163M(1979M) 4.553ms
[41.661s][info][gc,cpu         ] GC(292) User=0.00s Sys=0.00s Real=0.00s
[41.748s][info][gc,start       ] GC(293) Pause Young (Allocation Failure)
[41.753s][info][gc,heap        ] GC(293) DefNew: 587741K(629120K)->25431K(629120K) Eden: 559232K(559232K)->0K(559232K) From: 28509K(69888K)->25431K(69888K)
[41.753s][info][gc,heap        ] GC(293) Tenured: 1163108K(1398144K)->1163108K(1398144K)
[41.753s][info][gc,metaspace   ] GC(293) Metaspace: 127656K(129664K)->127656K(129664K) NonClass: 110861K(111872K)->110861K(111872K) Class: 16795K(17792K)->16795K(17792K)
[41.753s][info][gc             ] GC(293) Pause Young (Allocation Failure) 1709M->1160M(1979M) 4.283ms
[41.753s][info][gc,cpu         ] GC(293) User=0.00s Sys=0.00s Real=0.00s
[41.840s][info][gc,start       ] GC(294) Pause Young (Allocation Failure)
[41.844s][info][gc,heap        ] GC(294) DefNew: 584663K(629120K)->19677K(629120K) Eden: 559232K(559232K)->0K(559232K) From: 25431K(69888K)->19677K(69888K)
[41.844s][info][gc,heap        ] GC(294) Tenured: 1163108K(1398144K)->1167205K(1398144K)
[41.844s][info][gc,metaspace   ] GC(294) Metaspace: 127656K(129664K)->127656K(129664K) NonClass: 110861K(111872K)->110861K(111872K) Class: 16795K(17792K)->16795K(17792K)
[41.844s][info][gc             ] GC(294) Pause Young (Allocation Failure) 1706M->1159M(1979M) 4.177ms
[41.844s][info][gc,cpu         ] GC(294) User=0.00s Sys=0.00s Real=0.00s
[41.930s][info][gc,start       ] GC(295) Pause Young (Allocation Failure)
[41.934s][info][gc,heap        ] GC(295) DefNew: 578909K(629120K)->11708K(629120K) Eden: 559232K(559232K)->0K(559232K) From: 19677K(69888K)->11708K(69888K)
[41.934s][info][gc,heap        ] GC(295) Tenured: 1167205K(1398144K)->1175454K(1398144K)
[41.934s][info][gc,metaspace   ] GC(295) Metaspace: 127656K(129664K)->127656K(129664K) NonClass: 110861K(111872K)->110861K(111872K) Class: 16795K(17792K)->16795K(17792K)
[41.934s][info][gc             ] GC(295) Pause Young (Allocation Failure) 1705M->1159M(1979M) 3.680ms
[41.934s][info][gc,cpu         ] GC(295) User=0.00s Sys=0.00s Real=0.02s
[42.020s][info][gc,start       ] GC(296) Pause Young (Allocation Failure)
[42.024s][info][gc,heap        ] GC(296) DefNew: 570940K(629120K)->17763K(629120K) Eden: 559232K(559232K)->0K(559232K) From: 11708K(69888K)->17763K(69888K)
[42.024s][info][gc,heap        ] GC(296) Tenured: 1175454K(1398144K)->1175467K(1398144K)
[42.024s][info][gc,metaspace   ] GC(296) Metaspace: 127656K(129664K)->127656K(129664K) NonClass: 110861K(111872K)->110861K(111872K) Class: 16795K(17792K)->16795K(17792K)
[42.024s][info][gc             ] GC(296) Pause Young (Allocation Failure) 1705M->1165M(1979M) 3.583ms
[42.024s][info][gc,cpu         ] GC(296) User=0.00s Sys=0.00s Real=0.00s
[42.113s][info][gc,start       ] GC(297) Pause Young (Allocation Failure)
[42.116s][info][gc,heap        ] GC(297) DefNew: 576995K(629120K)->15404K(629120K) Eden: 559232K(559232K)->0K(559232K) From: 17763K(69888K)->15404K(69888K)
[42.116s][info][gc,heap        ] GC(297) Tenured: 1175467K(1398144K)->1175467K(1398144K)
[42.116s][info][gc,metaspace   ] GC(297) Metaspace: 127656K(129664K)->127656K(129664K) NonClass: 110861K(111872K)->110861K(111872K) Class: 16795K(17792K)->16795K(17792K)
[42.116s][info][gc             ] GC(297) Pause Young (Allocation Failure) 1711M->1162M(1979M) 3.052ms
[42.116s][info][gc,cpu         ] GC(297) User=0.00s Sys=0.00s Real=0.00s
[42.241s][info][gc,start       ] GC(298) Pause Young (Allocation Failure)
[42.244s][info][gc,heap        ] GC(298) DefNew: 574636K(629120K)->14176K(629120K) Eden: 559232K(559232K)->0K(559232K) From: 15404K(69888K)->14176K(69888K)
[42.244s][info][gc,heap        ] GC(298) Tenured: 1175467K(1398144K)->1175467K(1398144K)
[42.244s][info][gc,metaspace   ] GC(298) Metaspace: 127657K(129664K)->127657K(129664K) NonClass: 110862K(111872K)->110862K(111872K) Class: 16795K(17792K)->16795K(17792K)
[42.244s][info][gc             ] GC(298) Pause Young (Allocation Failure) 1709M->1161M(1979M) 3.360ms
[42.244s][info][gc,cpu         ] GC(298) User=0.00s Sys=0.00s Real=0.00s
[42.422s][info][gc,start       ] GC(299) Pause Full (System.gc())
[42.422s][info][gc,phases,start] GC(299) Phase 1: Mark live objects
[42.471s][info][gc,phases      ] GC(299) Phase 1: Mark live objects 48.822ms
[42.471s][info][gc,phases,start] GC(299) Phase 2: Compute new object addresses
[42.514s][info][gc,phases      ] GC(299) Phase 2: Compute new object addresses 43.127ms
[42.514s][info][gc,phases,start] GC(299) Phase 3: Adjust pointers
[42.540s][info][gc,phases      ] GC(299) Phase 3: Adjust pointers 25.928ms
[42.540s][info][gc,phases,start] GC(299) Phase 4: Move objects
[42.540s][info][gc,phases      ] GC(299) Phase 4: Move objects 0.055ms
[42.540s][info][gc,heap        ] GC(299) DefNew: 259697K(629120K)->0K(629120K) Eden: 245521K(559232K)->0K(559232K) From: 14176K(69888K)->0K(69888K)
[42.540s][info][gc,heap        ] GC(299) Tenured: 1175467K(1398144K)->1032002K(1398144K)
[42.540s][info][gc,metaspace   ] GC(299) Metaspace: 127695K(129728K)->127695K(129728K) NonClass: 110900K(111936K)->110900K(111936K) Class: 16795K(17792K)->16795K(17792K)
[42.541s][info][gc             ] GC(299) Pause Full (System.gc()) 1401M->1007M(1979M) 118.724ms
[42.541s][info][gc,cpu         ] GC(299) User=0.11s Sys=0.00s Real=0.11s
[42.730s][info][gc,start       ] GC(300) Pause Young (Allocation Failure)
[42.734s][info][gc,heap        ] GC(300) DefNew: 559232K(629120K)->4147K(629120K) Eden: 559232K(559232K)->0K(559232K) From: 0K(69888K)->4147K(69888K)
[42.734s][info][gc,heap        ] GC(300) Tenured: 1032002K(1398144K)->1032002K(1398144K)
[42.734s][info][gc,metaspace   ] GC(300) Metaspace: 127948K(129920K)->127948K(129920K) NonClass: 111150K(112128K)->111150K(112128K) Class: 16798K(17792K)->16798K(17792K)
[42.734s][info][gc             ] GC(300) Pause Young (Allocation Failure) 1553M->1011M(1979M) 4.200ms
[42.734s][info][gc,cpu         ] GC(300) User=0.00s Sys=0.00s Real=0.00s
[42.792s][info][gc,start       ] GC(301) Pause Young (Allocation Failure)
[42.795s][info][gc,heap        ] GC(301) DefNew: 563379K(629120K)->4938K(629120K) Eden: 559232K(559232K)->0K(559232K) From: 4147K(69888K)->4938K(69888K)
[42.795s][info][gc,heap        ] GC(301) Tenured: 1032002K(1398144K)->1032002K(1398144K)
[42.795s][info][gc,metaspace   ] GC(301) Metaspace: 127948K(129920K)->127948K(129920K) NonClass: 111150K(112128K)->111150K(112128K) Class: 16798K(17792K)->16798K(17792K)
[42.795s][info][gc             ] GC(301) Pause Young (Allocation Failure) 1557M->1012M(1979M) 3.357ms
[42.795s][info][gc,cpu         ] GC(301) User=0.00s Sys=0.00s Real=0.00s
[42.853s][info][gc,start       ] GC(302) Pause Young (Allocation Failure)
[42.857s][info][gc,heap        ] GC(302) DefNew: 564170K(629120K)->6683K(629120K) Eden: 559232K(559232K)->0K(559232K) From: 4938K(69888K)->6683K(69888K)
[42.857s][info][gc,heap        ] GC(302) Tenured: 1032002K(1398144K)->1032002K(1398144K)
[42.857s][info][gc,metaspace   ] GC(302) Metaspace: 127948K(129920K)->127948K(129920K) NonClass: 111150K(112128K)->111150K(112128K) Class: 16798K(17792K)->16798K(17792K)
[42.857s][info][gc             ] GC(302) Pause Young (Allocation Failure) 1558M->1014M(1979M) 3.964ms
[42.857s][info][gc,cpu         ] GC(302) User=0.00s Sys=0.00s Real=0.00s
[42.915s][info][gc,start       ] GC(303) Pause Young (Allocation Failure)
[42.919s][info][gc,heap        ] GC(303) DefNew: 565915K(629120K)->12147K(629120K) Eden: 559232K(559232K)->0K(559232K) From: 6683K(69888K)->12147K(69888K)
[42.920s][info][gc,heap        ] GC(303) Tenured: 1032002K(1398144K)->1032002K(1398144K)
[42.920s][info][gc,metaspace   ] GC(303) Metaspace: 127948K(129920K)->127948K(129920K) NonClass: 111150K(112128K)->111150K(112128K) Class: 16798K(17792K)->16798K(17792K)
[42.920s][info][gc             ] GC(303) Pause Young (Allocation Failure) 1560M->1019M(1979M) 4.361ms
[42.920s][info][gc,cpu         ] GC(303) User=0.00s Sys=0.00s Real=0.00s
[42.984s][info][gc,start       ] GC(304) Pause Young (Allocation Failure)
[42.989s][info][gc,heap        ] GC(304) DefNew: 571379K(629120K)->12636K(629120K) Eden: 559232K(559232K)->0K(559232K) From: 12147K(69888K)->12636K(69888K)
[42.989s][info][gc,heap        ] GC(304) Tenured: 1032002K(1398144K)->1032002K(1398144K)
[42.989s][info][gc,metaspace   ] GC(304) Metaspace: 127964K(129920K)->127964K(129920K) NonClass: 111165K(112128K)->111165K(112128K) Class: 16798K(17792K)->16798K(17792K)
[42.989s][info][gc             ] GC(304) Pause Young (Allocation Failure) 1565M->1020M(1979M) 4.869ms
[42.989s][info][gc,cpu         ] GC(304) User=0.02s Sys=0.00s Real=0.02s
[43.044s][info][gc,start       ] GC(305) Pause Young (Allocation Failure)
[43.049s][info][gc,heap        ] GC(305) DefNew: 571868K(629120K)->19666K(629120K) Eden: 559232K(559232K)->0K(559232K) From: 12636K(69888K)->19666K(69888K)
[43.049s][info][gc,heap        ] GC(305) Tenured: 1032002K(1398144K)->1032002K(1398144K)
[43.049s][info][gc,metaspace   ] GC(305) Metaspace: 127964K(129920K)->127964K(129920K) NonClass: 111165K(112128K)->111165K(112128K) Class: 16798K(17792K)->16798K(17792K)
[43.049s][info][gc             ] GC(305) Pause Young (Allocation Failure) 1566M->1027M(1979M) 4.995ms
[43.049s][info][gc,cpu         ] GC(305) User=0.02s Sys=0.00s Real=0.02s
[43.108s][info][gc,start       ] GC(306) Pause Young (Allocation Failure)
[43.113s][info][gc,heap        ] GC(306) DefNew: 578898K(629120K)->21798K(629120K) Eden: 559232K(559232K)->0K(559232K) From: 19666K(69888K)->21798K(69888K)
[43.113s][info][gc,heap        ] GC(306) Tenured: 1032002K(1398144K)->1032002K(1398144K)
[43.113s][info][gc,metaspace   ] GC(306) Metaspace: 127964K(129920K)->127964K(129920K) NonClass: 111165K(112128K)->111165K(112128K) Class: 16798K(17792K)->16798K(17792K)
[43.113s][info][gc             ] GC(306) Pause Young (Allocation Failure) 1573M->1029M(1979M) 5.752ms
[43.113s][info][gc,cpu         ] GC(306) User=0.02s Sys=0.00s Real=0.02s
[43.170s][info][gc,start       ] GC(307) Pause Young (Allocation Failure)
[43.175s][info][gc,heap        ] GC(307) DefNew: 581030K(629120K)->27803K(629120K) Eden: 559232K(559232K)->0K(559232K) From: 21798K(69888K)->27803K(69888K)
[43.176s][info][gc,heap        ] GC(307) Tenured: 1032002K(1398144K)->1032002K(1398144K)
[43.176s][info][gc,metaspace   ] GC(307) Metaspace: 127964K(129920K)->127964K(129920K) NonClass: 111165K(112128K)->111165K(112128K) Class: 16798K(17792K)->16798K(17792K)
[43.176s][info][gc             ] GC(307) Pause Young (Allocation Failure) 1575M->1034M(1979M) 5.942ms
[43.176s][info][gc,cpu         ] GC(307) User=0.02s Sys=0.00s Real=0.01s
[43.232s][info][gc,start       ] GC(308) Pause Young (Allocation Failure)
[43.238s][info][gc,heap        ] GC(308) DefNew: 587035K(629120K)->30596K(629120K) Eden: 559232K(559232K)->0K(559232K) From: 27803K(69888K)->30596K(69888K)
[43.239s][info][gc,heap        ] GC(308) Tenured: 1032002K(1398144K)->1032002K(1398144K)
[43.239s][info][gc,metaspace   ] GC(308) Metaspace: 127964K(129920K)->127964K(129920K) NonClass: 111165K(112128K)->111165K(112128K) Class: 16798K(17792K)->16798K(17792K)
[43.239s][info][gc             ] GC(308) Pause Young (Allocation Failure) 1581M->1037M(1979M) 6.208ms
[43.239s][info][gc,cpu         ] GC(308) User=0.00s Sys=0.00s Real=0.01s
[43.294s][info][gc,start       ] GC(309) Pause Young (Allocation Failure)
[43.300s][info][gc,heap        ] GC(309) DefNew: 589828K(629120K)->40075K(629120K) Eden: 559232K(559232K)->0K(559232K) From: 30596K(69888K)->40075K(69888K)
[43.300s][info][gc,heap        ] GC(309) Tenured: 1032002K(1398144K)->1032002K(1398144K)
[43.300s][info][gc,metaspace   ] GC(309) Metaspace: 127964K(129920K)->127964K(129920K) NonClass: 111165K(112128K)->111165K(112128K) Class: 16798K(17792K)->16798K(17792K)
[43.300s][info][gc             ] GC(309) Pause Young (Allocation Failure) 1583M->1046M(1979M) 6.749ms
[43.300s][info][gc,cpu         ] GC(309) User=0.00s Sys=0.00s Real=0.01s
[43.357s][info][gc,start       ] GC(310) Pause Young (Allocation Failure)
[43.364s][info][gc,heap        ] GC(310) DefNew: 599307K(629120K)->33866K(629120K) Eden: 559232K(559232K)->0K(559232K) From: 40075K(69888K)->33866K(69888K)
[43.364s][info][gc,heap        ] GC(310) Tenured: 1032002K(1398144K)->1037685K(1398144K)
[43.364s][info][gc,metaspace   ] GC(310) Metaspace: 127964K(129920K)->127964K(129920K) NonClass: 111165K(112128K)->111165K(112128K) Class: 16798K(17792K)->16798K(17792K)
[43.364s][info][gc             ] GC(310) Pause Young (Allocation Failure) 1593M->1046M(1979M) 7.402ms
[43.364s][info][gc,cpu         ] GC(310) User=0.00s Sys=0.00s Real=0.02s
[43.420s][info][gc,start       ] GC(311) Pause Young (Allocation Failure)
[43.426s][info][gc,heap        ] GC(311) DefNew: 593098K(629120K)->39726K(629120K) Eden: 559232K(559232K)->0K(559232K) From: 33866K(69888K)->39726K(69888K)
[43.426s][info][gc,heap        ] GC(311) Tenured: 1037685K(1398144K)->1037685K(1398144K)
[43.426s][info][gc,metaspace   ] GC(311) Metaspace: 127964K(129920K)->127964K(129920K) NonClass: 111165K(112128K)->111165K(112128K) Class: 16798K(17792K)->16798K(17792K)
[43.426s][info][gc             ] GC(311) Pause Young (Allocation Failure) 1592M->1052M(1979M) 5.750ms
[43.426s][info][gc,cpu         ] GC(311) User=0.00s Sys=0.00s Real=0.00s
[43.481s][info][gc,start       ] GC(312) Pause Young (Allocation Failure)
[43.487s][info][gc,heap        ] GC(312) DefNew: 598958K(629120K)->29486K(629120K) Eden: 559232K(559232K)->0K(559232K) From: 39726K(69888K)->29486K(69888K)
[43.487s][info][gc,heap        ] GC(312) Tenured: 1037685K(1398144K)->1050284K(1398144K)
[43.487s][info][gc,metaspace   ] GC(312) Metaspace: 127964K(129920K)->127964K(129920K) NonClass: 111165K(112128K)->111165K(112128K) Class: 16798K(17792K)->16798K(17792K)
[43.487s][info][gc             ] GC(312) Pause Young (Allocation Failure) 1598M->1054M(1979M) 5.972ms
[43.487s][info][gc,cpu         ] GC(312) User=0.00s Sys=0.00s Real=0.00s
[43.542s][info][gc,start       ] GC(313) Pause Young (Allocation Failure)
[43.548s][info][gc,heap        ] GC(313) DefNew: 588718K(629120K)->35528K(629120K) Eden: 559232K(559232K)->0K(559232K) From: 29486K(69888K)->35528K(69888K)
[43.548s][info][gc,heap        ] GC(313) Tenured: 1050284K(1398144K)->1050284K(1398144K)
[43.548s][info][gc,metaspace   ] GC(313) Metaspace: 127964K(129920K)->127964K(129920K) NonClass: 111165K(112128K)->111165K(112128K) Class: 16798K(17792K)->16798K(17792K)
[43.548s][info][gc             ] GC(313) Pause Young (Allocation Failure) 1600M->1060M(1979M) 5.338ms
[43.548s][info][gc,cpu         ] GC(313) User=0.00s Sys=0.00s Real=0.00s
[43.603s][info][gc,start       ] GC(314) Pause Young (Allocation Failure)
[43.608s][info][gc,heap        ] GC(314) DefNew: 594695K(629120K)->29467K(629120K) Eden: 559167K(559232K)->0K(559232K) From: 35528K(69888K)->29467K(69888K)
[43.608s][info][gc,heap        ] GC(314) Tenured: 1050284K(1398144K)->1058479K(1398144K)
[43.608s][info][gc,metaspace   ] GC(314) Metaspace: 127964K(129920K)->127964K(129920K) NonClass: 111165K(112128K)->111165K(112128K) Class: 16798K(17792K)->16798K(17792K)
[43.608s][info][gc             ] GC(314) Pause Young (Allocation Failure) 1606M->1062M(1979M) 5.163ms
[43.608s][info][gc,cpu         ] GC(314) User=0.00s Sys=0.00s Real=0.00s
[43.666s][info][gc,start       ] GC(315) Pause Young (Allocation Failure)
[43.672s][info][gc,heap        ] GC(315) DefNew: 588699K(629120K)->37509K(629120K) Eden: 559232K(559232K)->0K(559232K) From: 29467K(69888K)->37509K(69888K)
[43.672s][info][gc,heap        ] GC(315) Tenured: 1058479K(1398144K)->1058479K(1398144K)
[43.672s][info][gc,metaspace   ] GC(315) Metaspace: 127965K(129920K)->127965K(129920K) NonClass: 111167K(112128K)->111167K(112128K) Class: 16798K(17792K)->16798K(17792K)
[43.672s][info][gc             ] GC(315) Pause Young (Allocation Failure) 1608M->1070M(1979M) 5.632ms
[43.672s][info][gc,cpu         ] GC(315) User=0.02s Sys=0.00s Real=0.00s
[43.732s][info][gc,start       ] GC(316) Pause Young (Allocation Failure)
[43.738s][info][gc,heap        ] GC(316) DefNew: 596741K(629120K)->37699K(629120K) Eden: 559232K(559232K)->0K(559232K) From: 37509K(69888K)->37699K(69888K)
[43.738s][info][gc,heap        ] GC(316) Tenured: 1058479K(1398144K)->1066673K(1398144K)
[43.738s][info][gc,metaspace   ] GC(316) Metaspace: 127968K(129920K)->127968K(129920K) NonClass: 111170K(112128K)->111170K(112128K) Class: 16798K(17792K)->16798K(17792K)
[43.738s][info][gc             ] GC(316) Pause Young (Allocation Failure) 1616M->1078M(1979M) 6.319ms
[43.738s][info][gc,cpu         ] GC(316) User=0.00s Sys=0.00s Real=0.00s
[43.831s][info][gc,start       ] GC(317) Pause Young (Allocation Failure)
[43.838s][info][gc,heap        ] GC(317) DefNew: 596931K(629120K)->43797K(629120K) Eden: 559232K(559232K)->0K(559232K) From: 37699K(69888K)->43797K(69888K)
[43.838s][info][gc,heap        ] GC(317) Tenured: 1066673K(1398144K)->1070771K(1398144K)
[43.838s][info][gc,metaspace   ] GC(317) Metaspace: 127970K(129920K)->127970K(129920K) NonClass: 111172K(112128K)->111172K(112128K) Class: 16798K(17792K)->16798K(17792K)
[43.838s][info][gc             ] GC(317) Pause Young (Allocation Failure) 1624M->1088M(1979M) 7.049ms
[43.838s][info][gc,cpu         ] GC(317) User=0.00s Sys=0.00s Real=0.01s
[43.928s][info][gc,start       ] GC(318) Pause Young (Allocation Failure)
[43.935s][info][gc,heap        ] GC(318) DefNew: 603029K(629120K)->42019K(629120K) Eden: 559232K(559232K)->0K(559232K) From: 43797K(69888K)->42019K(69888K)
[43.935s][info][gc,heap        ] GC(318) Tenured: 1070771K(1398144K)->1083063K(1398144K)
[43.935s][info][gc,metaspace   ] GC(318) Metaspace: 127970K(129920K)->127970K(129920K) NonClass: 111172K(112128K)->111172K(112128K) Class: 16798K(17792K)->16798K(17792K)
[43.935s][info][gc             ] GC(318) Pause Young (Allocation Failure) 1634M->1098M(1979M) 6.869ms
[43.935s][info][gc,cpu         ] GC(318) User=0.00s Sys=0.00s Real=0.02s
[44.024s][info][gc,start       ] GC(319) Pause Young (Allocation Failure)
[44.031s][info][gc,heap        ] GC(319) DefNew: 601251K(629120K)->47776K(629120K) Eden: 559232K(559232K)->0K(559232K) From: 42019K(69888K)->47776K(69888K)
[44.031s][info][gc,heap        ] GC(319) Tenured: 1083063K(1398144K)->1091368K(1398144K)
[44.031s][info][gc,metaspace   ] GC(319) Metaspace: 127970K(129920K)->127970K(129920K) NonClass: 111172K(112128K)->111172K(112128K) Class: 16798K(17792K)->16798K(17792K)
[44.031s][info][gc             ] GC(319) Pause Young (Allocation Failure) 1644M->1112M(1979M) 7.591ms
[44.031s][info][gc,cpu         ] GC(319) User=0.00s Sys=0.00s Real=0.00s
[44.123s][info][gc,start       ] GC(320) Pause Young (Allocation Failure)
[44.131s][info][gc,heap        ] GC(320) DefNew: 607008K(629120K)->44271K(629120K) Eden: 559232K(559232K)->0K(559232K) From: 47776K(69888K)->44271K(69888K)
[44.131s][info][gc,heap        ] GC(320) Tenured: 1091368K(1398144K)->1108121K(1398144K)
[44.131s][info][gc,metaspace   ] GC(320) Metaspace: 127970K(129920K)->127970K(129920K) NonClass: 111172K(112128K)->111172K(112128K) Class: 16798K(17792K)->16798K(17792K)
[44.131s][info][gc             ] GC(320) Pause Young (Allocation Failure) 1658M->1125M(1979M) 7.401ms
[44.131s][info][gc,cpu         ] GC(320) User=0.00s Sys=0.00s Real=0.00s
[44.221s][info][gc,start       ] GC(321) Pause Young (Allocation Failure)
[44.228s][info][gc,heap        ] GC(321) DefNew: 603503K(629120K)->45460K(629120K) Eden: 559232K(559232K)->0K(559232K) From: 44271K(69888K)->45460K(69888K)
[44.228s][info][gc,heap        ] GC(321) Tenured: 1108121K(1398144K)->1124511K(1398144K)
[44.228s][info][gc,metaspace   ] GC(321) Metaspace: 127970K(129920K)->127970K(129920K) NonClass: 111172K(112128K)->111172K(112128K) Class: 16798K(17792K)->16798K(17792K)
[44.228s][info][gc             ] GC(321) Pause Young (Allocation Failure) 1671M->1142M(1979M) 7.606ms
[44.229s][info][gc,cpu         ] GC(321) User=0.02s Sys=0.00s Real=0.02s
[44.318s][info][gc,start       ] GC(322) Pause Young (Allocation Failure)
[44.325s][info][gc,heap        ] GC(322) DefNew: 604692K(629120K)->31014K(629120K) Eden: 559232K(559232K)->0K(559232K) From: 45460K(69888K)->31014K(69888K)
[44.325s][info][gc,heap        ] GC(322) Tenured: 1124511K(1398144K)->1149095K(1398144K)
[44.325s][info][gc,metaspace   ] GC(322) Metaspace: 127970K(129920K)->127970K(129920K) NonClass: 111172K(112128K)->111172K(112128K) Class: 16798K(17792K)->16798K(17792K)
[44.325s][info][gc             ] GC(322) Pause Young (Allocation Failure) 1688M->1152M(1979M) 7.159ms
[44.325s][info][gc,cpu         ] GC(322) User=0.02s Sys=0.00s Real=0.02s
[44.418s][info][gc,start       ] GC(323) Pause Young (Allocation Failure)
[44.423s][info][gc,heap        ] GC(323) DefNew: 590246K(629120K)->38596K(629120K) Eden: 559232K(559232K)->0K(559232K) From: 31014K(69888K)->38596K(69888K)
[44.423s][info][gc,heap        ] GC(323) Tenured: 1149095K(1398144K)->1149095K(1398144K)
[44.423s][info][gc,metaspace   ] GC(323) Metaspace: 127976K(129920K)->127976K(129920K) NonClass: 111178K(112128K)->111178K(112128K) Class: 16798K(17792K)->16798K(17792K)
[44.423s][info][gc             ] GC(323) Pause Young (Allocation Failure) 1698M->1159M(1979M) 5.647ms
[44.423s][info][gc,cpu         ] GC(323) User=0.00s Sys=0.00s Real=0.00s
[44.506s][info][gc,start       ] GC(324) Pause Young (Allocation Failure)
[44.511s][info][gc,heap        ] GC(324) DefNew: 597828K(629120K)->36060K(629120K) Eden: 559232K(559232K)->0K(559232K) From: 38596K(69888K)->36060K(69888K)
[44.511s][info][gc,heap        ] GC(324) Tenured: 1149095K(1398144K)->1157289K(1398144K)
[44.511s][info][gc,metaspace   ] GC(324) Metaspace: 127976K(129920K)->127976K(129920K) NonClass: 111178K(112128K)->111178K(112128K) Class: 16798K(17792K)->16798K(17792K)
[44.512s][info][gc             ] GC(324) Pause Young (Allocation Failure) 1705M->1165M(1979M) 5.940ms
[44.512s][info][gc,cpu         ] GC(324) User=0.00s Sys=0.00s Real=0.01s
[44.598s][info][gc,start       ] GC(325) Pause Young (Allocation Failure)
[44.605s][info][gc,heap        ] GC(325) DefNew: 592705K(629120K)->32044K(629120K) Eden: 556645K(559232K)->0K(559232K) From: 36060K(69888K)->32044K(69888K)
[44.605s][info][gc,heap        ] GC(325) Tenured: 1157289K(1398144K)->1173678K(1398144K)
[44.605s][info][gc,metaspace   ] GC(325) Metaspace: 127976K(129920K)->127976K(129920K) NonClass: 111178K(112128K)->111178K(112128K) Class: 16798K(17792K)->16798K(17792K)
[44.605s][info][gc             ] GC(325) Pause Young (Allocation Failure) 1708M->1177M(1979M) 6.631ms
[44.605s][info][gc,cpu         ] GC(325) User=0.00s Sys=0.00s Real=0.01s
[44.692s][info][gc,start       ] GC(326) Pause Young (Allocation Failure)
[44.698s][info][gc,heap        ] GC(326) DefNew: 591276K(629120K)->45549K(629120K) Eden: 559232K(559232K)->0K(559232K) From: 32044K(69888K)->45549K(69888K)
[44.698s][info][gc,heap        ] GC(326) Tenured: 1173678K(1398144K)->1173678K(1398144K)
[44.698s][info][gc,metaspace   ] GC(326) Metaspace: 127976K(129920K)->127976K(129920K) NonClass: 111178K(112128K)->111178K(112128K) Class: 16798K(17792K)->16798K(17792K)
[44.698s][info][gc             ] GC(326) Pause Young (Allocation Failure) 1723M->1190M(1979M) 6.330ms
[44.698s][info][gc,cpu         ] GC(326) User=0.02s Sys=0.00s Real=0.02s
[44.784s][info][gc,start       ] GC(327) Pause Young (Allocation Failure)
[44.790s][info][gc,heap        ] GC(327) DefNew: 604781K(629120K)->32789K(629120K) Eden: 559232K(559232K)->0K(559232K) From: 45549K(69888K)->32789K(69888K)
[44.790s][info][gc,heap        ] GC(327) Tenured: 1173678K(1398144K)->1186031K(1398144K)
[44.790s][info][gc,metaspace   ] GC(327) Metaspace: 127976K(129920K)->127976K(129920K) NonClass: 111178K(112128K)->111178K(112128K) Class: 16798K(17792K)->16798K(17792K)
[44.790s][info][gc             ] GC(327) Pause Young (Allocation Failure) 1736M->1190M(1979M) 6.059ms
[44.790s][info][gc,cpu         ] GC(327) User=0.00s Sys=0.00s Real=0.00s
[44.878s][info][gc,start       ] GC(328) Pause Young (Allocation Failure)
[44.883s][info][gc,heap        ] GC(328) DefNew: 592021K(629120K)->40955K(629120K) Eden: 559232K(559232K)->0K(559232K) From: 32789K(69888K)->40955K(69888K)
[44.884s][info][gc,heap        ] GC(328) Tenured: 1186031K(1398144K)->1186031K(1398144K)
[44.884s][info][gc,metaspace   ] GC(328) Metaspace: 127976K(129920K)->127976K(129920K) NonClass: 111178K(112128K)->111178K(112128K) Class: 16798K(17792K)->16798K(17792K)
[44.884s][info][gc             ] GC(328) Pause Young (Allocation Failure) 1736M->1198M(1979M) 5.600ms
[44.884s][info][gc,cpu         ] GC(328) User=0.00s Sys=0.00s Real=0.00s
[44.971s][info][gc,start       ] GC(329) Pause Young (Allocation Failure)
[44.977s][info][gc,heap        ] GC(329) DefNew: 600187K(629120K)->35018K(629120K) Eden: 559232K(559232K)->0K(559232K) From: 40955K(69888K)->35018K(69888K)
[44.977s][info][gc,heap        ] GC(329) Tenured: 1186031K(1398144K)->1198324K(1398144K)
[44.977s][info][gc,metaspace   ] GC(329) Metaspace: 127976K(129920K)->127976K(129920K) NonClass: 111178K(112128K)->111178K(112128K) Class: 16798K(17792K)->16798K(17792K)
[44.977s][info][gc             ] GC(329) Pause Young (Allocation Failure) 1744M->1204M(1979M) 6.068ms
[44.977s][info][gc,cpu         ] GC(329) User=0.00s Sys=0.00s Real=0.00s
[45.064s][info][gc,start       ] GC(330) Pause Young (Allocation Failure)
[45.069s][info][gc,heap        ] GC(330) DefNew: 594250K(629120K)->37646K(629120K) Eden: 559232K(559232K)->0K(559232K) From: 35018K(69888K)->37646K(69888K)
[45.069s][info][gc,heap        ] GC(330) Tenured: 1198324K(1398144K)->1202420K(1398144K)
[45.069s][info][gc,metaspace   ] GC(330) Metaspace: 127976K(129920K)->127976K(129920K) NonClass: 111178K(112128K)->111178K(112128K) Class: 16798K(17792K)->16798K(17792K)
[45.069s][info][gc             ] GC(330) Pause Young (Allocation Failure) 1750M->1211M(1979M) 5.686ms
[45.069s][info][gc,cpu         ] GC(330) User=0.00s Sys=0.00s Real=0.00s
[45.160s][info][gc,start       ] GC(331) Pause Young (Allocation Failure)
[45.167s][info][gc,heap        ] GC(331) DefNew: 596878K(629120K)->39140K(629120K) Eden: 559232K(559232K)->0K(559232K) From: 37646K(69888K)->39140K(69888K)
[45.167s][info][gc,heap        ] GC(331) Tenured: 1202420K(1398144K)->1210615K(1398144K)
[45.167s][info][gc,metaspace   ] GC(331) Metaspace: 127976K(129920K)->127976K(129920K) NonClass: 111178K(112128K)->111178K(112128K) Class: 16798K(17792K)->16798K(17792K)
[45.167s][info][gc             ] GC(331) Pause Young (Allocation Failure) 1757M->1220M(1979M) 7.151ms
[45.167s][info][gc,cpu         ] GC(331) User=0.00s Sys=0.00s Real=0.00s
[45.255s][info][gc,start       ] GC(332) Pause Young (Allocation Failure)
[45.260s][info][gc,heap        ] GC(332) DefNew: 598372K(629120K)->24925K(629120K) Eden: 559232K(559232K)->0K(559232K) From: 39140K(69888K)->24925K(69888K)
[45.260s][info][gc,heap        ] GC(332) Tenured: 1210615K(1398144K)->1218809K(1398144K)
[45.260s][info][gc,metaspace   ] GC(332) Metaspace: 127977K(129920K)->127977K(129920K) NonClass: 111179K(112128K)->111179K(112128K) Class: 16798K(17792K)->16798K(17792K)
[45.260s][info][gc             ] GC(332) Pause Young (Allocation Failure) 1766M->1214M(1979M) 4.801ms
[45.260s][info][gc,cpu         ] GC(332) User=0.00s Sys=0.00s Real=0.00s
[45.342s][info][gc,start       ] GC(333) Pause Young (Allocation Failure)
[45.347s][info][gc,heap        ] GC(333) DefNew: 584157K(629120K)->27855K(629120K) Eden: 559232K(559232K)->0K(559232K) From: 24925K(69888K)->27855K(69888K)
[45.347s][info][gc,heap        ] GC(333) Tenured: 1218809K(1398144K)->1218809K(1398144K)
[45.347s][info][gc,metaspace   ] GC(333) Metaspace: 127977K(129920K)->127977K(129920K) NonClass: 111179K(112128K)->111179K(112128K) Class: 16798K(17792K)->16798K(17792K)
[45.347s][info][gc             ] GC(333) Pause Young (Allocation Failure) 1760M->1217M(1979M) 4.831ms
[45.347s][info][gc,cpu         ] GC(333) User=0.02s Sys=0.00s Real=0.02s
[45.429s][info][gc,start       ] GC(334) Pause Young (Allocation Failure)
[45.433s][info][gc,heap        ] GC(334) DefNew: 583599K(629120K)->27839K(629120K) Eden: 555744K(559232K)->0K(559232K) From: 27855K(69888K)->27839K(69888K)
[45.433s][info][gc,heap        ] GC(334) Tenured: 1218809K(1398144K)->1218809K(1398144K)
[45.433s][info][gc,metaspace   ] GC(334) Metaspace: 127977K(129920K)->127977K(129920K) NonClass: 111179K(112128K)->111179K(112128K) Class: 16798K(17792K)->16798K(17792K)
[45.433s][info][gc             ] GC(334) Pause Young (Allocation Failure) 1760M->1217M(1979M) 4.512ms
[45.434s][info][gc,cpu         ] GC(334) User=0.00s Sys=0.00s Real=0.00s
[45.517s][info][gc,start       ] GC(335) Pause Young (Allocation Failure)
[45.522s][info][gc,heap        ] GC(335) DefNew: 583153K(629120K)->28756K(629120K) Eden: 555314K(559232K)->0K(559232K) From: 27839K(69888K)->28756K(69888K)
[45.522s][info][gc,heap        ] GC(335) Tenured: 1218809K(1398144K)->1218809K(1398144K)
[45.522s][info][gc,metaspace   ] GC(335) Metaspace: 127977K(129920K)->127977K(129920K) NonClass: 111179K(112128K)->111179K(112128K) Class: 16798K(17792K)->16798K(17792K)
[45.522s][info][gc             ] GC(335) Pause Young (Allocation Failure) 1759M->1218M(1979M) 4.562ms
[45.522s][info][gc,cpu         ] GC(335) User=0.00s Sys=0.00s Real=0.00s
[45.611s][info][gc,start       ] GC(336) Pause Young (Allocation Failure)
[45.616s][info][gc,heap        ] GC(336) DefNew: 587988K(629120K)->33608K(629120K) Eden: 559232K(559232K)->0K(559232K) From: 28756K(69888K)->33608K(69888K)
[45.616s][info][gc,heap        ] GC(336) Tenured: 1218809K(1398144K)->1218809K(1398144K)
[45.616s][info][gc,metaspace   ] GC(336) Metaspace: 127977K(129920K)->127977K(129920K) NonClass: 111179K(112128K)->111179K(112128K) Class: 16798K(17792K)->16798K(17792K)
[45.616s][info][gc             ] GC(336) Pause Young (Allocation Failure) 1764M->1223M(1979M) 4.994ms
[45.616s][info][gc,cpu         ] GC(336) User=0.00s Sys=0.00s Real=0.00s
[45.703s][info][gc,start       ] GC(337) Pause Young (Allocation Failure)
[45.709s][info][gc,heap        ] GC(337) DefNew: 592840K(629120K)->41399K(629120K) Eden: 559232K(559232K)->0K(559232K) From: 33608K(69888K)->41399K(69888K)
[45.709s][info][gc,heap        ] GC(337) Tenured: 1218809K(1398144K)->1218809K(1398144K)
[45.709s][info][gc,metaspace   ] GC(337) Metaspace: 127977K(129920K)->127977K(129920K) NonClass: 111179K(112128K)->111179K(112128K) Class: 16798K(17792K)->16798K(17792K)
[45.709s][info][gc             ] GC(337) Pause Young (Allocation Failure) 1769M->1230M(1979M) 5.721ms
[45.709s][info][gc,cpu         ] GC(337) User=0.02s Sys=0.00s Real=0.01s
[45.796s][info][gc,start       ] GC(338) Pause Young (Allocation Failure)
[45.800s][info][gc,heap        ] GC(338) DefNew: 600631K(629120K)->17605K(629120K) Eden: 559232K(559232K)->0K(559232K) From: 41399K(69888K)->17605K(69888K)
[45.800s][info][gc,heap        ] GC(338) Tenured: 1218809K(1398144K)->1231100K(1398144K)
[45.800s][info][gc,metaspace   ] GC(338) Metaspace: 127977K(129920K)->127977K(129920K) NonClass: 111179K(112128K)->111179K(112128K) Class: 16798K(17792K)->16798K(17792K)
[45.800s][info][gc             ] GC(338) Pause Young (Allocation Failure) 1776M->1219M(1979M) 4.613ms
[45.800s][info][gc,cpu         ] GC(338) User=0.02s Sys=0.00s Real=0.02s
[45.887s][info][gc,start       ] GC(339) Pause Young (Allocation Failure)
[45.891s][info][gc,heap        ] GC(339) DefNew: 576837K(629120K)->22856K(629120K) Eden: 559232K(559232K)->0K(559232K) From: 17605K(69888K)->22856K(69888K)
[45.891s][info][gc,heap        ] GC(339) Tenured: 1231100K(1398144K)->1231100K(1398144K)
[45.891s][info][gc,metaspace   ] GC(339) Metaspace: 127977K(129920K)->127977K(129920K) NonClass: 111179K(112128K)->111179K(112128K) Class: 16798K(17792K)->16798K(17792K)
[45.891s][info][gc             ] GC(339) Pause Young (Allocation Failure) 1765M->1224M(1979M) 3.675ms
[45.891s][info][gc,cpu         ] GC(339) User=0.00s Sys=0.00s Real=0.00s
[45.978s][info][gc,start       ] GC(340) Pause Young (Allocation Failure)
[45.983s][info][gc,heap        ] GC(340) DefNew: 582088K(629120K)->22782K(629120K) Eden: 559232K(559232K)->0K(559232K) From: 22856K(69888K)->22782K(69888K)
[45.983s][info][gc,heap        ] GC(340) Tenured: 1231100K(1398144K)->1231100K(1398144K)
[45.983s][info][gc,metaspace   ] GC(340) Metaspace: 127977K(129920K)->127977K(129920K) NonClass: 111179K(112128K)->111179K(112128K) Class: 16798K(17792K)->16798K(17792K)
[45.983s][info][gc             ] GC(340) Pause Young (Allocation Failure) 1770M->1224M(1979M) 4.320ms
[45.983s][info][gc,cpu         ] GC(340) User=0.00s Sys=0.00s Real=0.00s
[46.069s][info][gc,start       ] GC(341) Pause Young (Allocation Failure)
[46.073s][info][gc,heap        ] GC(341) DefNew: 582014K(629120K)->19758K(629120K) Eden: 559232K(559232K)->0K(559232K) From: 22782K(69888K)->19758K(69888K)
[46.073s][info][gc,heap        ] GC(341) Tenured: 1231100K(1398144K)->1231100K(1398144K)
[46.073s][info][gc,metaspace   ] GC(341) Metaspace: 127977K(129920K)->127977K(129920K) NonClass: 111179K(112128K)->111179K(112128K) Class: 16798K(17792K)->16798K(17792K)
[46.073s][info][gc             ] GC(341) Pause Young (Allocation Failure) 1770M->1221M(1979M) 3.861ms
[46.073s][info][gc,cpu         ] GC(341) User=0.00s Sys=0.00s Real=0.00s
[46.161s][info][gc,start       ] GC(342) Pause Young (Allocation Failure)
[46.165s][info][gc,heap        ] GC(342) DefNew: 576690K(629120K)->22868K(629120K) Eden: 556931K(559232K)->0K(559232K) From: 19758K(69888K)->22868K(69888K)
[46.165s][info][gc,heap        ] GC(342) Tenured: 1231100K(1398144K)->1231100K(1398144K)
[46.165s][info][gc,metaspace   ] GC(342) Metaspace: 127977K(129920K)->127977K(129920K) NonClass: 111179K(112128K)->111179K(112128K) Class: 16798K(17792K)->16798K(17792K)
[46.165s][info][gc             ] GC(342) Pause Young (Allocation Failure) 1765M->1224M(1979M) 4.090ms
[46.165s][info][gc,cpu         ] GC(342) User=0.00s Sys=0.00s Real=0.00s
[46.252s][info][gc,start       ] GC(343) Pause Young (Allocation Failure)
[46.255s][info][gc,heap        ] GC(343) DefNew: 582100K(629120K)->16446K(629120K) Eden: 559232K(559232K)->0K(559232K) From: 22868K(69888K)->16446K(69888K)
[46.255s][info][gc,heap        ] GC(343) Tenured: 1231100K(1398144K)->1231100K(1398144K)
[46.255s][info][gc,metaspace   ] GC(343) Metaspace: 127977K(129920K)->127977K(129920K) NonClass: 111179K(112128K)->111179K(112128K) Class: 16798K(17792K)->16798K(17792K)
[46.255s][info][gc             ] GC(343) Pause Young (Allocation Failure) 1770M->1218M(1979M) 3.589ms
[46.255s][info][gc,cpu         ] GC(343) User=0.02s Sys=0.00s Real=0.02s
[46.343s][info][gc,start       ] GC(344) Pause Young (Allocation Failure)
[46.347s][info][gc,heap        ] GC(344) DefNew: 575678K(629120K)->22870K(629120K) Eden: 559232K(559232K)->0K(559232K) From: 16446K(69888K)->22870K(69888K)
[46.347s][info][gc,heap        ] GC(344) Tenured: 1231100K(1398144K)->1231100K(1398144K)
[46.347s][info][gc,metaspace   ] GC(344) Metaspace: 127977K(129920K)->127977K(129920K) NonClass: 111179K(112128K)->111179K(112128K) Class: 16798K(17792K)->16798K(17792K)
[46.347s][info][gc             ] GC(344) Pause Young (Allocation Failure) 1764M->1224M(1979M) 4.098ms
[46.347s][info][gc,cpu         ] GC(344) User=0.00s Sys=0.00s Real=0.00s
[46.436s][info][gc,start       ] GC(345) Pause Young (Allocation Failure)
[46.441s][info][gc,heap        ] GC(345) DefNew: 582102K(629120K)->29125K(629120K) Eden: 559232K(559232K)->0K(559232K) From: 22870K(69888K)->29125K(69888K)
[46.441s][info][gc,heap        ] GC(345) Tenured: 1231100K(1398144K)->1231100K(1398144K)
[46.441s][info][gc,metaspace   ] GC(345) Metaspace: 127977K(129920K)->127977K(129920K) NonClass: 111179K(112128K)->111179K(112128K) Class: 16798K(17792K)->16798K(17792K)
[46.441s][info][gc             ] GC(345) Pause Young (Allocation Failure) 1770M->1230M(1979M) 5.279ms
[46.441s][info][gc,cpu         ] GC(345) User=0.00s Sys=0.00s Real=0.00s
[46.529s][info][gc,start       ] GC(346) Pause Young (Allocation Failure)
[46.532s][info][gc,heap        ] GC(346) DefNew: 588357K(629120K)->10006K(629120K) Eden: 559232K(559232K)->0K(559232K) From: 29125K(69888K)->10006K(69888K)
[46.532s][info][gc,heap        ] GC(346) Tenured: 1231100K(1398144K)->1239300K(1398144K)
[46.532s][info][gc,metaspace   ] GC(346) Metaspace: 127977K(129920K)->127977K(129920K) NonClass: 111179K(112128K)->111179K(112128K) Class: 16798K(17792K)->16798K(17792K)
[46.532s][info][gc             ] GC(346) Pause Young (Allocation Failure) 1776M->1220M(1979M) 3.423ms
[46.532s][info][gc,cpu         ] GC(346) User=0.00s Sys=0.00s Real=0.00s
[46.620s][info][gc,start       ] GC(347) Pause Young (Allocation Failure)
[46.623s][info][gc,heap        ] GC(347) DefNew: 569238K(629120K)->14628K(629120K) Eden: 559232K(559232K)->0K(559232K) From: 10006K(69888K)->14628K(69888K)
[46.623s][info][gc,heap        ] GC(347) Tenured: 1239300K(1398144K)->1239336K(1398144K)
[46.623s][info][gc,metaspace   ] GC(347) Metaspace: 127977K(129920K)->127977K(129920K) NonClass: 111179K(112128K)->111179K(112128K) Class: 16798K(17792K)->16798K(17792K)
[46.623s][info][gc             ] GC(347) Pause Young (Allocation Failure) 1766M->1224M(1979M) 3.282ms
[46.623s][info][gc,cpu         ] GC(347) User=0.00s Sys=0.00s Real=0.00s
[46.710s][info][gc,start       ] GC(348) Pause Young (Allocation Failure)
[46.712s][info][gc,heap        ] GC(348) DefNew: 573860K(629120K)->8212K(629120K) Eden: 559232K(559232K)->0K(559232K) From: 14628K(69888K)->8212K(69888K)
[46.712s][info][gc,heap        ] GC(348) Tenured: 1239336K(1398144K)->1239336K(1398144K)
[46.712s][info][gc,metaspace   ] GC(348) Metaspace: 127977K(129920K)->127977K(129920K) NonClass: 111179K(112128K)->111179K(112128K) Class: 16798K(17792K)->16798K(17792K)
[46.712s][info][gc             ] GC(348) Pause Young (Allocation Failure) 1770M->1218M(1979M) 2.400ms
[46.712s][info][gc,cpu         ] GC(348) User=0.00s Sys=0.00s Real=0.00s
[46.824s][info][gc,start       ] GC(349) Pause Young (Allocation Failure)
[46.827s][info][gc,heap        ] GC(349) DefNew: 567444K(629120K)->14198K(629120K) Eden: 559232K(559232K)->0K(559232K) From: 8212K(69888K)->14198K(69888K)
[46.827s][info][gc,heap        ] GC(349) Tenured: 1239336K(1398144K)->1239336K(1398144K)
[46.827s][info][gc,metaspace   ] GC(349) Metaspace: 128012K(129920K)->128012K(129920K) NonClass: 111214K(112128K)->111214K(112128K) Class: 16798K(17792K)->16798K(17792K)
[46.827s][info][gc             ] GC(349) Pause Young (Allocation Failure) 1764M->1224M(1979M) 3.530ms
[46.827s][info][gc,cpu         ] GC(349) User=0.00s Sys=0.00s Real=0.00s
[47.008s][info][gc,start       ] GC(350) Pause Full (System.gc())
[47.008s][info][gc,phases,start] GC(350) Phase 1: Mark live objects
[47.057s][info][gc,phases      ] GC(350) Phase 1: Mark live objects 48.414ms
[47.057s][info][gc,phases,start] GC(350) Phase 2: Compute new object addresses
[47.103s][info][gc,phases      ] GC(350) Phase 2: Compute new object addresses 46.476ms
[47.103s][info][gc,phases,start] GC(350) Phase 3: Adjust pointers
[47.130s][info][gc,phases      ] GC(350) Phase 3: Adjust pointers 26.514ms
[47.130s][info][gc,phases,start] GC(350) Phase 4: Move objects
[47.130s][info][gc,phases      ] GC(350) Phase 4: Move objects 0.045ms
[47.130s][info][gc,heap        ] GC(350) DefNew: 280934K(629120K)->0K(629120K) Eden: 266736K(559232K)->0K(559232K) From: 14198K(69888K)->0K(69888K)
[47.131s][info][gc,heap        ] GC(350) Tenured: 1239336K(1398144K)->1037926K(1398144K)
[47.131s][info][gc,metaspace   ] GC(350) Metaspace: 128064K(129920K)->128064K(129920K) NonClass: 111266K(112128K)->111266K(112128K) Class: 16798K(17792K)->16798K(17792K)
[47.131s][info][gc             ] GC(350) Pause Full (System.gc()) 1484M->1013M(1979M) 122.255ms
[47.131s][info][gc,cpu         ] GC(350) User=0.11s Sys=0.00s Real=0.11s
[47.297s][info][gc,start       ] GC(351) Pause Young (Allocation Failure)
[47.300s][info][gc,heap        ] GC(351) DefNew: 559232K(629120K)->2208K(629120K) Eden: 559232K(559232K)->0K(559232K) From: 0K(69888K)->2208K(69888K)
[47.300s][info][gc,heap        ] GC(351) Tenured: 1037926K(1398144K)->1037926K(1398144K)
[47.300s][info][gc,metaspace   ] GC(351) Metaspace: 128243K(130112K)->128243K(130112K) NonClass: 111444K(112320K)->111444K(112320K) Class: 16799K(17792K)->16799K(17792K)
[47.301s][info][gc             ] GC(351) Pause Young (Allocation Failure) 1559M->1015M(1979M) 4.022ms
[47.301s][info][gc,cpu         ] GC(351) User=0.00s Sys=0.00s Real=0.02s
[47.357s][info][gc,start       ] GC(352) Pause Young (Allocation Failure)
[47.360s][info][gc,heap        ] GC(352) DefNew: 561440K(629120K)->4936K(629120K) Eden: 559232K(559232K)->0K(559232K) From: 2208K(69888K)->4936K(69888K)
[47.360s][info][gc,heap        ] GC(352) Tenured: 1037926K(1398144K)->1037926K(1398144K)
[47.360s][info][gc,metaspace   ] GC(352) Metaspace: 128243K(130112K)->128243K(130112K) NonClass: 111444K(112320K)->111444K(112320K) Class: 16799K(17792K)->16799K(17792K)
[47.360s][info][gc             ] GC(352) Pause Young (Allocation Failure) 1561M->1018M(1979M) 3.562ms
[47.360s][info][gc,cpu         ] GC(352) User=0.00s Sys=0.00s Real=0.00s
[47.416s][info][gc,start       ] GC(353) Pause Young (Allocation Failure)
[47.420s][info][gc,heap        ] GC(353) DefNew: 564168K(629120K)->6694K(629120K) Eden: 559232K(559232K)->0K(559232K) From: 4936K(69888K)->6694K(69888K)
[47.420s][info][gc,heap        ] GC(353) Tenured: 1037926K(1398144K)->1037926K(1398144K)
[47.420s][info][gc,metaspace   ] GC(353) Metaspace: 128243K(130112K)->128243K(130112K) NonClass: 111444K(112320K)->111444K(112320K) Class: 16799K(17792K)->16799K(17792K)
[47.420s][info][gc             ] GC(353) Pause Young (Allocation Failure) 1564M->1020M(1979M) 3.832ms
[47.420s][info][gc,cpu         ] GC(353) User=0.00s Sys=0.00s Real=0.00s
[47.473s][info][gc,start       ] GC(354) Pause Young (Allocation Failure)
[47.477s][info][gc,heap        ] GC(354) DefNew: 565926K(629120K)->9021K(629120K) Eden: 559232K(559232K)->0K(559232K) From: 6694K(69888K)->9021K(69888K)
[47.477s][info][gc,heap        ] GC(354) Tenured: 1037926K(1398144K)->1037926K(1398144K)
[47.477s][info][gc,metaspace   ] GC(354) Metaspace: 128243K(130112K)->128243K(130112K) NonClass: 111444K(112320K)->111444K(112320K) Class: 16799K(17792K)->16799K(17792K)
[47.477s][info][gc             ] GC(354) Pause Young (Allocation Failure) 1566M->1022M(1979M) 3.882ms
[47.477s][info][gc,cpu         ] GC(354) User=0.00s Sys=0.00s Real=0.00s
[47.536s][info][gc,start       ] GC(355) Pause Young (Allocation Failure)
[47.541s][info][gc,heap        ] GC(355) DefNew: 568253K(629120K)->11738K(629120K) Eden: 559232K(559232K)->0K(559232K) From: 9021K(69888K)->11738K(69888K)
[47.541s][info][gc,heap        ] GC(355) Tenured: 1037926K(1398144K)->1037926K(1398144K)
[47.541s][info][gc,metaspace   ] GC(355) Metaspace: 128255K(130112K)->128255K(130112K) NonClass: 111455K(112320K)->111455K(112320K) Class: 16799K(17792K)->16799K(17792K)
[47.541s][info][gc             ] GC(355) Pause Young (Allocation Failure) 1568M->1025M(1979M) 4.731ms
[47.541s][info][gc,cpu         ] GC(355) User=0.02s Sys=0.00s Real=0.00s
[47.598s][info][gc,start       ] GC(356) Pause Young (Allocation Failure)
[47.603s][info][gc,heap        ] GC(356) DefNew: 570970K(629120K)->18084K(629120K) Eden: 559232K(559232K)->0K(559232K) From: 11738K(69888K)->18084K(69888K)
[47.603s][info][gc,heap        ] GC(356) Tenured: 1037926K(1398144K)->1037926K(1398144K)
[47.603s][info][gc,metaspace   ] GC(356) Metaspace: 128261K(130112K)->128261K(130112K) NonClass: 111461K(112320K)->111461K(112320K) Class: 16799K(17792K)->16799K(17792K)
[47.603s][info][gc             ] GC(356) Pause Young (Allocation Failure) 1571M->1031M(1979M) 4.917ms
[47.603s][info][gc,cpu         ] GC(356) User=0.00s Sys=0.00s Real=0.00s
[47.658s][info][gc,start       ] GC(357) Pause Young (Allocation Failure)
[47.664s][info][gc,heap        ] GC(357) DefNew: 577316K(629120K)->22192K(629120K) Eden: 559232K(559232K)->0K(559232K) From: 18084K(69888K)->22192K(69888K)
[47.664s][info][gc,heap        ] GC(357) Tenured: 1037926K(1398144K)->1037926K(1398144K)
[47.664s][info][gc,metaspace   ] GC(357) Metaspace: 128261K(130112K)->128261K(130112K) NonClass: 111461K(112320K)->111461K(112320K) Class: 16799K(17792K)->16799K(17792K)
[47.664s][info][gc             ] GC(357) Pause Young (Allocation Failure) 1577M->1035M(1979M) 5.324ms
[47.664s][info][gc,cpu         ] GC(357) User=0.00s Sys=0.00s Real=0.02s
[47.720s][info][gc,start       ] GC(358) Pause Young (Allocation Failure)
[47.725s][info][gc,heap        ] GC(358) DefNew: 581424K(629120K)->26288K(629120K) Eden: 559232K(559232K)->0K(559232K) From: 22192K(69888K)->26288K(69888K)
[47.725s][info][gc,heap        ] GC(358) Tenured: 1037926K(1398144K)->1037926K(1398144K)
[47.725s][info][gc,metaspace   ] GC(358) Metaspace: 128261K(130112K)->128261K(130112K) NonClass: 111461K(112320K)->111461K(112320K) Class: 16799K(17792K)->16799K(17792K)
[47.725s][info][gc             ] GC(358) Pause Young (Allocation Failure) 1581M->1039M(1979M) 5.700ms
[47.725s][info][gc,cpu         ] GC(358) User=0.00s Sys=0.00s Real=0.02s
[47.781s][info][gc,start       ] GC(359) Pause Young (Allocation Failure)
[47.787s][info][gc,heap        ] GC(359) DefNew: 585520K(629120K)->30407K(629120K) Eden: 559232K(559232K)->0K(559232K) From: 26288K(69888K)->30407K(69888K)
[47.787s][info][gc,heap        ] GC(359) Tenured: 1037926K(1398144K)->1037926K(1398144K)
[47.787s][info][gc,metaspace   ] GC(359) Metaspace: 128261K(130112K)->128261K(130112K) NonClass: 111461K(112320K)->111461K(112320K) Class: 16799K(17792K)->16799K(17792K)
[47.787s][info][gc             ] GC(359) Pause Young (Allocation Failure) 1585M->1043M(1979M) 6.303ms
[47.787s][info][gc,cpu         ] GC(359) User=0.00s Sys=0.00s Real=0.02s
[47.844s][info][gc,start       ] GC(360) Pause Young (Allocation Failure)
[47.850s][info][gc,heap        ] GC(360) DefNew: 589639K(629120K)->36054K(629120K) Eden: 559232K(559232K)->0K(559232K) From: 30407K(69888K)->36054K(69888K)
[47.850s][info][gc,heap        ] GC(360) Tenured: 1037926K(1398144K)->1037926K(1398144K)
[47.850s][info][gc,metaspace   ] GC(360) Metaspace: 128261K(130112K)->128261K(130112K) NonClass: 111461K(112320K)->111461K(112320K) Class: 16799K(17792K)->16799K(17792K)
[47.850s][info][gc             ] GC(360) Pause Young (Allocation Failure) 1589M->1048M(1979M) 6.756ms
[47.850s][info][gc,cpu         ] GC(360) User=0.00s Sys=0.00s Real=0.02s
[47.907s][info][gc,start       ] GC(361) Pause Young (Allocation Failure)
[47.914s][info][gc,heap        ] GC(361) DefNew: 595286K(629120K)->41030K(629120K) Eden: 559232K(559232K)->0K(559232K) From: 36054K(69888K)->41030K(69888K)
[47.914s][info][gc,heap        ] GC(361) Tenured: 1037926K(1398144K)->1039511K(1398144K)
[47.914s][info][gc,metaspace   ] GC(361) Metaspace: 128261K(130112K)->128261K(130112K) NonClass: 111461K(112320K)->111461K(112320K) Class: 16799K(17792K)->16799K(17792K)
[47.914s][info][gc             ] GC(361) Pause Young (Allocation Failure) 1594M->1055M(1979M) 7.468ms
[47.914s][info][gc,cpu         ] GC(361) User=0.00s Sys=0.00s Real=0.01s
[47.969s][info][gc,start       ] GC(362) Pause Young (Allocation Failure)
[47.975s][info][gc,heap        ] GC(362) DefNew: 600262K(629120K)->34191K(629120K) Eden: 559232K(559232K)->0K(559232K) From: 41030K(69888K)->34191K(69888K)
[47.975s][info][gc,heap        ] GC(362) Tenured: 1039511K(1398144K)->1047989K(1398144K)
[47.975s][info][gc,metaspace   ] GC(362) Metaspace: 128261K(130112K)->128261K(130112K) NonClass: 111461K(112320K)->111461K(112320K) Class: 16799K(17792K)->16799K(17792K)
[47.975s][info][gc             ] GC(362) Pause Young (Allocation Failure) 1601M->1056M(1979M) 6.062ms
[47.975s][info][gc,cpu         ] GC(362) User=0.00s Sys=0.00s Real=0.02s
[48.032s][info][gc,start       ] GC(363) Pause Young (Allocation Failure)
[48.037s][info][gc,heap        ] GC(363) DefNew: 593423K(629120K)->34467K(629120K) Eden: 559232K(559232K)->0K(559232K) From: 34191K(69888K)->34467K(69888K)
[48.037s][info][gc,heap        ] GC(363) Tenured: 1047989K(1398144K)->1047989K(1398144K)
[48.037s][info][gc,metaspace   ] GC(363) Metaspace: 128261K(130112K)->128261K(130112K) NonClass: 111461K(112320K)->111461K(112320K) Class: 16799K(17792K)->16799K(17792K)
[48.037s][info][gc             ] GC(363) Pause Young (Allocation Failure) 1602M->1057M(1979M) 5.053ms
[48.037s][info][gc,cpu         ] GC(363) User=0.00s Sys=0.00s Real=0.00s
[48.093s][info][gc,start       ] GC(364) Pause Young (Allocation Failure)
[48.099s][info][gc,heap        ] GC(364) DefNew: 593699K(629120K)->42379K(629120K) Eden: 559232K(559232K)->0K(559232K) From: 34467K(69888K)->42379K(69888K)
[48.099s][info][gc,heap        ] GC(364) Tenured: 1047989K(1398144K)->1047989K(1398144K)
[48.099s][info][gc,metaspace   ] GC(364) Metaspace: 128261K(130112K)->128261K(130112K) NonClass: 111461K(112320K)->111461K(112320K) Class: 16799K(17792K)->16799K(17792K)
[48.099s][info][gc             ] GC(364) Pause Young (Allocation Failure) 1603M->1064M(1979M) 5.905ms
[48.099s][info][gc,cpu         ] GC(364) User=0.02s Sys=0.00s Real=0.00s
[48.158s][info][gc,start       ] GC(365) Pause Young (Allocation Failure)
[48.164s][info][gc,heap        ] GC(365) DefNew: 601611K(629120K)->34746K(629120K) Eden: 559232K(559232K)->0K(559232K) From: 42379K(69888K)->34746K(69888K)
[48.164s][info][gc,heap        ] GC(365) Tenured: 1047989K(1398144K)->1056207K(1398144K)
[48.164s][info][gc,metaspace   ] GC(365) Metaspace: 128261K(130112K)->128261K(130112K) NonClass: 111461K(112320K)->111461K(112320K) Class: 16799K(17792K)->16799K(17792K)
[48.164s][info][gc             ] GC(365) Pause Young (Allocation Failure) 1610M->1065M(1979M) 5.771ms
[48.164s][info][gc,cpu         ] GC(365) User=0.00s Sys=0.00s Real=0.00s
[48.219s][info][gc,start       ] GC(366) Pause Young (Allocation Failure)
[48.224s][info][gc,heap        ] GC(366) DefNew: 593978K(629120K)->42379K(629120K) Eden: 559232K(559232K)->0K(559232K) From: 34746K(69888K)->42379K(69888K)
[48.224s][info][gc,heap        ] GC(366) Tenured: 1056207K(1398144K)->1056207K(1398144K)
[48.224s][info][gc,metaspace   ] GC(366) Metaspace: 128261K(130112K)->128261K(130112K) NonClass: 111461K(112320K)->111461K(112320K) Class: 16799K(17792K)->16799K(17792K)
[48.225s][info][gc             ] GC(366) Pause Young (Allocation Failure) 1611M->1072M(1979M) 5.549ms
[48.225s][info][gc,cpu         ] GC(366) User=0.00s Sys=0.00s Real=0.00s
[48.303s][info][gc,start       ] GC(367) Pause Young (Allocation Failure)
[48.310s][info][gc,heap        ] GC(367) DefNew: 601611K(629120K)->42829K(629120K) Eden: 559232K(559232K)->0K(559232K) From: 42379K(69888K)->42829K(69888K)
[48.310s][info][gc,heap        ] GC(367) Tenured: 1056207K(1398144K)->1064402K(1398144K)
[48.310s][info][gc,metaspace   ] GC(367) Metaspace: 128269K(130112K)->128269K(130112K) NonClass: 111470K(112320K)->111470K(112320K) Class: 16799K(17792K)->16799K(17792K)
[48.310s][info][gc             ] GC(367) Pause Young (Allocation Failure) 1618M->1081M(1979M) 6.713ms
[48.310s][info][gc,cpu         ] GC(367) User=0.00s Sys=0.00s Real=0.02s
[48.400s][info][gc,start       ] GC(368) Pause Young (Allocation Failure)
[48.407s][info][gc,heap        ] GC(368) DefNew: 602061K(629120K)->46334K(629120K) Eden: 559232K(559232K)->0K(559232K) From: 42829K(69888K)->46334K(69888K)
[48.407s][info][gc,heap        ] GC(368) Tenured: 1064402K(1398144K)->1072596K(1398144K)
[48.407s][info][gc,metaspace   ] GC(368) Metaspace: 128269K(130112K)->128269K(130112K) NonClass: 111470K(112320K)->111470K(112320K) Class: 16799K(17792K)->16799K(17792K)
[48.407s][info][gc             ] GC(368) Pause Young (Allocation Failure) 1627M->1092M(1979M) 7.272ms
[48.407s][info][gc,cpu         ] GC(368) User=0.00s Sys=0.00s Real=0.02s
[48.496s][info][gc,start       ] GC(369) Pause Young (Allocation Failure)
[48.503s][info][gc,heap        ] GC(369) DefNew: 605566K(629120K)->44578K(629120K) Eden: 559232K(559232K)->0K(559232K) From: 46334K(69888K)->44578K(69888K)
[48.503s][info][gc,heap        ] GC(369) Tenured: 1072596K(1398144K)->1088986K(1398144K)
[48.503s][info][gc,metaspace   ] GC(369) Metaspace: 128269K(130112K)->128269K(130112K) NonClass: 111470K(112320K)->111470K(112320K) Class: 16799K(17792K)->16799K(17792K)
[48.503s][info][gc             ] GC(369) Pause Young (Allocation Failure) 1638M->1106M(1979M) 7.462ms
[48.503s][info][gc,cpu         ] GC(369) User=0.00s Sys=0.00s Real=0.00s
[48.591s][info][gc,start       ] GC(370) Pause Young (Allocation Failure)
[48.598s][info][gc,heap        ] GC(370) DefNew: 597594K(629120K)->31009K(629120K) Eden: 553016K(559232K)->0K(559232K) From: 44578K(69888K)->31009K(69888K)
[48.598s][info][gc,heap        ] GC(370) Tenured: 1088986K(1398144K)->1114049K(1398144K)
[48.598s][info][gc,metaspace   ] GC(370) Metaspace: 128269K(130112K)->128269K(130112K) NonClass: 111470K(112320K)->111470K(112320K) Class: 16799K(17792K)->16799K(17792K)
[48.598s][info][gc             ] GC(370) Pause Young (Allocation Failure) 1647M->1118M(1979M) 7.197ms
[48.598s][info][gc,cpu         ] GC(370) User=0.00s Sys=0.00s Real=0.00s
[48.687s][info][gc,start       ] GC(371) Pause Young (Allocation Failure)
[48.692s][info][gc,heap        ] GC(371) DefNew: 590241K(629120K)->43488K(629120K) Eden: 559232K(559232K)->0K(559232K) From: 31009K(69888K)->43488K(69888K)
[48.692s][info][gc,heap        ] GC(371) Tenured: 1114049K(1398144K)->1114049K(1398144K)
[48.693s][info][gc,metaspace   ] GC(371) Metaspace: 128269K(130112K)->128269K(130112K) NonClass: 111470K(112320K)->111470K(112320K) Class: 16799K(17792K)->16799K(17792K)
[48.693s][info][gc             ] GC(371) Pause Young (Allocation Failure) 1664M->1130M(1979M) 5.634ms
[48.693s][info][gc,cpu         ] GC(371) User=0.00s Sys=0.00s Real=0.00s
[48.781s][info][gc,start       ] GC(372) Pause Young (Allocation Failure)
[48.788s][info][gc,heap        ] GC(372) DefNew: 601206K(629120K)->47346K(629120K) Eden: 557717K(559232K)->0K(559232K) From: 43488K(69888K)->47346K(69888K)
[48.788s][info][gc,heap        ] GC(372) Tenured: 1114049K(1398144K)->1126342K(1398144K)
[48.788s][info][gc,metaspace   ] GC(372) Metaspace: 128269K(130112K)->128269K(130112K) NonClass: 111470K(112320K)->111470K(112320K) Class: 16799K(17792K)->16799K(17792K)
[48.788s][info][gc             ] GC(372) Pause Young (Allocation Failure) 1675M->1146M(1979M) 7.233ms
[48.788s][info][gc,cpu         ] GC(372) User=0.00s Sys=0.00s Real=0.00s
[48.878s][info][gc,start       ] GC(373) Pause Young (Allocation Failure)
[48.885s][info][gc,heap        ] GC(373) DefNew: 606578K(629120K)->31007K(629120K) Eden: 559232K(559232K)->0K(559232K) From: 47346K(69888K)->31007K(69888K)
[48.885s][info][gc,heap        ] GC(373) Tenured: 1126342K(1398144K)->1155023K(1398144K)
[48.885s][info][gc,metaspace   ] GC(373) Metaspace: 128269K(130112K)->128269K(130112K) NonClass: 111470K(112320K)->111470K(112320K) Class: 16799K(17792K)->16799K(17792K)
[48.885s][info][gc             ] GC(373) Pause Young (Allocation Failure) 1692M->1158M(1979M) 7.415ms
[48.885s][info][gc,cpu         ] GC(373) User=0.00s Sys=0.00s Real=0.00s
[48.977s][info][gc,start       ] GC(374) Pause Young (Allocation Failure)
[48.983s][info][gc,heap        ] GC(374) DefNew: 590239K(629120K)->38578K(629120K) Eden: 559232K(559232K)->0K(559232K) From: 31007K(69888K)->38578K(69888K)
[48.983s][info][gc,heap        ] GC(374) Tenured: 1155023K(1398144K)->1155023K(1398144K)
[48.983s][info][gc,metaspace   ] GC(374) Metaspace: 128274K(130112K)->128274K(130112K) NonClass: 111474K(112320K)->111474K(112320K) Class: 16799K(17792K)->16799K(17792K)
[48.983s][info][gc             ] GC(374) Pause Young (Allocation Failure) 1704M->1165M(1979M) 5.482ms
[48.983s][info][gc,cpu         ] GC(374) User=0.00s Sys=0.00s Real=0.00s
[49.066s][info][gc,start       ] GC(375) Pause Young (Allocation Failure)
[49.072s][info][gc,heap        ] GC(375) DefNew: 597810K(629120K)->39149K(629120K) Eden: 559232K(559232K)->0K(559232K) From: 38578K(69888K)->39149K(69888K)
[49.072s][info][gc,heap        ] GC(375) Tenured: 1155023K(1398144K)->1163236K(1398144K)
[49.072s][info][gc,metaspace   ] GC(375) Metaspace: 128274K(130112K)->128274K(130112K) NonClass: 111474K(112320K)->111474K(112320K) Class: 16799K(17792K)->16799K(17792K)
[49.073s][info][gc             ] GC(375) Pause Young (Allocation Failure) 1711M->1174M(1979M) 6.246ms
[49.073s][info][gc,cpu         ] GC(375) User=0.00s Sys=0.00s Real=0.00s
[49.162s][info][gc,start       ] GC(376) Pause Young (Allocation Failure)
[49.169s][info][gc,heap        ] GC(376) DefNew: 598381K(629120K)->32830K(629120K) Eden: 559232K(559232K)->0K(559232K) From: 39149K(69888K)->32830K(69888K)
[49.169s][info][gc,heap        ] GC(376) Tenured: 1163236K(1398144K)->1179606K(1398144K)
[49.169s][info][gc,metaspace   ] GC(376) Metaspace: 128274K(130112K)->128274K(130112K) NonClass: 111474K(112320K)->111474K(112320K) Class: 16799K(17792K)->16799K(17792K)
[49.169s][info][gc             ] GC(376) Pause Young (Allocation Failure) 1720M->1184M(1979M) 6.720ms
[49.169s][info][gc,cpu         ] GC(376) User=0.00s Sys=0.00s Real=0.00s
[49.258s][info][gc,start       ] GC(377) Pause Young (Allocation Failure)
[49.264s][info][gc,heap        ] GC(377) DefNew: 592062K(629120K)->40621K(629120K) Eden: 559232K(559232K)->0K(559232K) From: 32830K(69888K)->40621K(69888K)
[49.264s][info][gc,heap        ] GC(377) Tenured: 1179606K(1398144K)->1179606K(1398144K)
[49.264s][info][gc,metaspace   ] GC(377) Metaspace: 128274K(130112K)->128274K(130112K) NonClass: 111474K(112320K)->111474K(112320K) Class: 16799K(17792K)->16799K(17792K)
[49.264s][info][gc             ] GC(377) Pause Young (Allocation Failure) 1730M->1191M(1979M) 5.589ms
[49.264s][info][gc,cpu         ] GC(377) User=0.00s Sys=0.00s Real=0.00s
[49.352s][info][gc,start       ] GC(378) Pause Young (Allocation Failure)
[49.358s][info][gc,heap        ] GC(378) DefNew: 599853K(629120K)->31910K(629120K) Eden: 559232K(559232K)->0K(559232K) From: 40621K(69888K)->31910K(69888K)
[49.358s][info][gc,heap        ] GC(378) Tenured: 1179606K(1398144K)->1191946K(1398144K)
[49.358s][info][gc,metaspace   ] GC(378) Metaspace: 128274K(130112K)->128274K(130112K) NonClass: 111474K(112320K)->111474K(112320K) Class: 16799K(17792K)->16799K(17792K)
[49.358s][info][gc             ] GC(378) Pause Young (Allocation Failure) 1737M->1195M(1979M) 6.052ms
[49.358s][info][gc,cpu         ] GC(378) User=0.00s Sys=0.00s Real=0.00s
[49.446s][info][gc,start       ] GC(379) Pause Young (Allocation Failure)
[49.452s][info][gc,heap        ] GC(379) DefNew: 591142K(629120K)->41741K(629120K) Eden: 559232K(559232K)->0K(559232K) From: 31910K(69888K)->41741K(69888K)
[49.452s][info][gc,heap        ] GC(379) Tenured: 1191946K(1398144K)->1191946K(1398144K)
[49.452s][info][gc,metaspace   ] GC(379) Metaspace: 128274K(130112K)->128274K(130112K) NonClass: 111474K(112320K)->111474K(112320K) Class: 16799K(17792K)->16799K(17792K)
[49.452s][info][gc             ] GC(379) Pause Young (Allocation Failure) 1741M->1204M(1979M) 5.766ms
[49.452s][info][gc,cpu         ] GC(379) User=0.00s Sys=0.00s Real=0.00s
[49.541s][info][gc,start       ] GC(380) Pause Young (Allocation Failure)
[49.547s][info][gc,heap        ] GC(380) DefNew: 600973K(629120K)->41372K(629120K) Eden: 559232K(559232K)->0K(559232K) From: 41741K(69888K)->41372K(69888K)
[49.547s][info][gc,heap        ] GC(380) Tenured: 1191946K(1398144K)->1204239K(1398144K)
[49.547s][info][gc,metaspace   ] GC(380) Metaspace: 128274K(130112K)->128274K(130112K) NonClass: 111474K(112320K)->111474K(112320K) Class: 16799K(17792K)->16799K(17792K)
[49.548s][info][gc             ] GC(380) Pause Young (Allocation Failure) 1750M->1216M(1979M) 6.587ms
[49.548s][info][gc,cpu         ] GC(380) User=0.00s Sys=0.00s Real=0.00s
[49.636s][info][gc,start       ] GC(381) Pause Young (Allocation Failure)
[49.642s][info][gc,heap        ] GC(381) DefNew: 600604K(629120K)->32775K(629120K) Eden: 559232K(559232K)->0K(559232K) From: 41372K(69888K)->32775K(69888K)
[49.642s][info][gc,heap        ] GC(381) Tenured: 1204239K(1398144K)->1212433K(1398144K)
[49.642s][info][gc,metaspace   ] GC(381) Metaspace: 128274K(130112K)->128274K(130112K) NonClass: 111474K(112320K)->111474K(112320K) Class: 16799K(17792K)->16799K(17792K)
[49.642s][info][gc             ] GC(381) Pause Young (Allocation Failure) 1762M->1216M(1979M) 5.886ms
[49.642s][info][gc,cpu         ] GC(381) User=0.00s Sys=0.00s Real=0.00s
[49.734s][info][gc,start       ] GC(382) Pause Young (Allocation Failure)
[49.740s][info][gc,heap        ] GC(382) DefNew: 592007K(629120K)->40146K(629120K) Eden: 559232K(559232K)->0K(559232K) From: 32775K(69888K)->40146K(69888K)
[49.740s][info][gc,heap        ] GC(382) Tenured: 1212433K(1398144K)->1212433K(1398144K)
[49.740s][info][gc,metaspace   ] GC(382) Metaspace: 128280K(130112K)->128280K(130112K) NonClass: 111480K(112320K)->111480K(112320K) Class: 16799K(17792K)->16799K(17792K)
[49.740s][info][gc             ] GC(382) Pause Young (Allocation Failure) 1762M->1223M(1979M) 6.074ms
[49.740s][info][gc,cpu         ] GC(382) User=0.02s Sys=0.00s Real=0.02s
[49.823s][info][gc,start       ] GC(383) Pause Young (Allocation Failure)
[49.828s][info][gc,heap        ] GC(383) DefNew: 599378K(629120K)->24639K(629120K) Eden: 559232K(559232K)->0K(559232K) From: 40146K(69888K)->24639K(69888K)
[49.828s][info][gc,heap        ] GC(383) Tenured: 1212433K(1398144K)->1224724K(1398144K)
[49.828s][info][gc,metaspace   ] GC(383) Metaspace: 128280K(130112K)->128280K(130112K) NonClass: 111480K(112320K)->111480K(112320K) Class: 16799K(17792K)->16799K(17792K)
[49.828s][info][gc             ] GC(383) Pause Young (Allocation Failure) 1769M->1220M(1979M) 5.194ms
[49.828s][info][gc,cpu         ] GC(383) User=0.00s Sys=0.00s Real=0.00s
[49.911s][info][gc,start       ] GC(384) Pause Young (Allocation Failure)
[49.915s][info][gc,heap        ] GC(384) DefNew: 583871K(629120K)->26291K(629120K) Eden: 559232K(559232K)->0K(559232K) From: 24639K(69888K)->26291K(69888K)
[49.915s][info][gc,heap        ] GC(384) Tenured: 1224724K(1398144K)->1224724K(1398144K)
[49.915s][info][gc,metaspace   ] GC(384) Metaspace: 128280K(130112K)->128280K(130112K) NonClass: 111480K(112320K)->111480K(112320K) Class: 16799K(17792K)->16799K(17792K)
[49.915s][info][gc             ] GC(384) Pause Young (Allocation Failure) 1766M->1221M(1979M) 4.089ms
[49.915s][info][gc,cpu         ] GC(384) User=0.00s Sys=0.00s Real=0.00s
[49.999s][info][gc,start       ] GC(385) Pause Young (Allocation Failure)
[50.003s][info][gc,heap        ] GC(385) DefNew: 585523K(629120K)->27854K(629120K) Eden: 559232K(559232K)->0K(559232K) From: 26291K(69888K)->27854K(69888K)
[50.003s][info][gc,heap        ] GC(385) Tenured: 1224724K(1398144K)->1224724K(1398144K)
[50.003s][info][gc,metaspace   ] GC(385) Metaspace: 128280K(130112K)->128280K(130112K) NonClass: 111480K(112320K)->111480K(112320K) Class: 16799K(17792K)->16799K(17792K)
[50.003s][info][gc             ] GC(385) Pause Young (Allocation Failure) 1767M->1223M(1979M) 4.239ms
[50.003s][info][gc,cpu         ] GC(385) User=0.00s Sys=0.00s Real=0.00s
[50.090s][info][gc,start       ] GC(386) Pause Young (Allocation Failure)
[50.095s][info][gc,heap        ] GC(386) DefNew: 587086K(629120K)->28737K(629120K) Eden: 559232K(559232K)->0K(559232K) From: 27854K(69888K)->28737K(69888K)
[50.095s][info][gc,heap        ] GC(386) Tenured: 1224724K(1398144K)->1224724K(1398144K)
[50.095s][info][gc,metaspace   ] GC(386) Metaspace: 128280K(130112K)->128280K(130112K) NonClass: 111480K(112320K)->111480K(112320K) Class: 16799K(17792K)->16799K(17792K)
[50.095s][info][gc             ] GC(386) Pause Young (Allocation Failure) 1769M->1224M(1979M) 4.523ms
[50.095s][info][gc,cpu         ] GC(386) User=0.00s Sys=0.00s Real=0.00s
[50.182s][info][gc,start       ] GC(387) Pause Young (Allocation Failure)
[50.187s][info][gc,heap        ] GC(387) DefNew: 587969K(629120K)->33599K(629120K) Eden: 559232K(559232K)->0K(559232K) From: 28737K(69888K)->33599K(69888K)
[50.187s][info][gc,heap        ] GC(387) Tenured: 1224724K(1398144K)->1224724K(1398144K)
[50.187s][info][gc,metaspace   ] GC(387) Metaspace: 128280K(130112K)->128280K(130112K) NonClass: 111480K(112320K)->111480K(112320K) Class: 16799K(17792K)->16799K(17792K)
[50.187s][info][gc             ] GC(387) Pause Young (Allocation Failure) 1770M->1228M(1979M) 4.927ms
[50.187s][info][gc,cpu         ] GC(387) User=0.00s Sys=0.00s Real=0.00s
[50.274s][info][gc,start       ] GC(388) Pause Young (Allocation Failure)
[50.280s][info][gc,heap        ] GC(388) DefNew: 592831K(629120K)->41417K(629120K) Eden: 559232K(559232K)->0K(559232K) From: 33599K(69888K)->41417K(69888K)
[50.280s][info][gc,heap        ] GC(388) Tenured: 1224724K(1398144K)->1224724K(1398144K)
[50.280s][info][gc,metaspace   ] GC(388) Metaspace: 128280K(130112K)->128280K(130112K) NonClass: 111480K(112320K)->111480K(112320K) Class: 16799K(17792K)->16799K(17792K)
[50.280s][info][gc             ] GC(388) Pause Young (Allocation Failure) 1774M->1236M(1979M) 5.528ms
[50.280s][info][gc,cpu         ] GC(388) User=0.00s Sys=0.00s Real=0.00s
[50.366s][info][gc,start       ] GC(389) Pause Young (Allocation Failure)
[50.371s][info][gc,heap        ] GC(389) DefNew: 600649K(629120K)->17592K(629120K) Eden: 559232K(559232K)->0K(559232K) From: 41417K(69888K)->17592K(69888K)
[50.371s][info][gc,heap        ] GC(389) Tenured: 1224724K(1398144K)->1237015K(1398144K)
[50.371s][info][gc,metaspace   ] GC(389) Metaspace: 128280K(130112K)->128280K(130112K) NonClass: 111480K(112320K)->111480K(112320K) Class: 16799K(17792K)->16799K(17792K)
[50.371s][info][gc             ] GC(389) Pause Young (Allocation Failure) 1782M->1225M(1979M) 4.458ms
[50.371s][info][gc,cpu         ] GC(389) User=0.00s Sys=0.00s Real=0.00s
[50.458s][info][gc,start       ] GC(390) Pause Young (Allocation Failure)
[50.461s][info][gc,heap        ] GC(390) DefNew: 576824K(629120K)->22874K(629120K) Eden: 559232K(559232K)->0K(559232K) From: 17592K(69888K)->22874K(69888K)
[50.461s][info][gc,heap        ] GC(390) Tenured: 1237015K(1398144K)->1237015K(1398144K)
[50.461s][info][gc,metaspace   ] GC(390) Metaspace: 128280K(130112K)->128280K(130112K) NonClass: 111480K(112320K)->111480K(112320K) Class: 16799K(17792K)->16799K(17792K)
[50.461s][info][gc             ] GC(390) Pause Young (Allocation Failure) 1771M->1230M(1979M) 3.933ms
[50.461s][info][gc,cpu         ] GC(390) User=0.00s Sys=0.00s Real=0.02s
[50.549s][info][gc,start       ] GC(391) Pause Young (Allocation Failure)
[50.553s][info][gc,heap        ] GC(391) DefNew: 582106K(629120K)->22788K(629120K) Eden: 559232K(559232K)->0K(559232K) From: 22874K(69888K)->22788K(69888K)
[50.553s][info][gc,heap        ] GC(391) Tenured: 1237015K(1398144K)->1237015K(1398144K)
[50.553s][info][gc,metaspace   ] GC(391) Metaspace: 128280K(130112K)->128280K(130112K) NonClass: 111480K(112320K)->111480K(112320K) Class: 16799K(17792K)->16799K(17792K)
[50.553s][info][gc             ] GC(391) Pause Young (Allocation Failure) 1776M->1230M(1979M) 3.841ms
[50.553s][info][gc,cpu         ] GC(391) User=0.00s Sys=0.00s Real=0.00s
[50.641s][info][gc,start       ] GC(392) Pause Young (Allocation Failure)
[50.644s][info][gc,heap        ] GC(392) DefNew: 582020K(629120K)->19755K(629120K) Eden: 559232K(559232K)->0K(559232K) From: 22788K(69888K)->19755K(69888K)
[50.644s][info][gc,heap        ] GC(392) Tenured: 1237015K(1398144K)->1237015K(1398144K)
[50.644s][info][gc,metaspace   ] GC(392) Metaspace: 128285K(130176K)->128285K(130176K) NonClass: 111485K(112384K)->111485K(112384K) Class: 16799K(17792K)->16799K(17792K)
[50.644s][info][gc             ] GC(392) Pause Young (Allocation Failure) 1776M->1227M(1979M) 3.912ms
[50.644s][info][gc,cpu         ] GC(392) User=0.00s Sys=0.00s Real=0.00s
[50.734s][info][gc,start       ] GC(393) Pause Young (Allocation Failure)
[50.738s][info][gc,heap        ] GC(393) DefNew: 578987K(629120K)->26012K(629120K) Eden: 559232K(559232K)->0K(559232K) From: 19755K(69888K)->26012K(69888K)
[50.738s][info][gc,heap        ] GC(393) Tenured: 1237015K(1398144K)->1237015K(1398144K)
[50.738s][info][gc,metaspace   ] GC(393) Metaspace: 128285K(130176K)->128285K(130176K) NonClass: 111485K(112384K)->111485K(112384K) Class: 16799K(17792K)->16799K(17792K)
[50.738s][info][gc             ] GC(393) Pause Young (Allocation Failure) 1773M->1233M(1979M) 4.327ms
[50.738s][info][gc,cpu         ] GC(393) User=0.00s Sys=0.00s Real=0.00s
[50.827s][info][gc,start       ] GC(394) Pause Young (Allocation Failure)
[50.830s][info][gc,heap        ] GC(394) DefNew: 585244K(629120K)->17329K(629120K) Eden: 559232K(559232K)->0K(559232K) From: 26012K(69888K)->17329K(69888K)
[50.831s][info][gc,heap        ] GC(394) Tenured: 1237015K(1398144K)->1237015K(1398144K)
[50.831s][info][gc,metaspace   ] GC(394) Metaspace: 128285K(130176K)->128285K(130176K) NonClass: 111485K(112384K)->111485K(112384K) Class: 16799K(17792K)->16799K(17792K)
[50.831s][info][gc             ] GC(394) Pause Young (Allocation Failure) 1779M->1224M(1979M) 3.729ms
[50.831s][info][gc,cpu         ] GC(394) User=0.00s Sys=0.00s Real=0.00s
[50.918s][info][gc,start       ] GC(395) Pause Young (Allocation Failure)
[50.921s][info][gc,heap        ] GC(395) DefNew: 576561K(629120K)->21322K(629120K) Eden: 559232K(559232K)->0K(559232K) From: 17329K(69888K)->21322K(69888K)
[50.921s][info][gc,heap        ] GC(395) Tenured: 1237015K(1398144K)->1237015K(1398144K)
[50.921s][info][gc,metaspace   ] GC(395) Metaspace: 128285K(130176K)->128285K(130176K) NonClass: 111485K(112384K)->111485K(112384K) Class: 16799K(17792K)->16799K(17792K)
[50.921s][info][gc             ] GC(395) Pause Young (Allocation Failure) 1771M->1228M(1979M) 3.730ms
[50.921s][info][gc,cpu         ] GC(395) User=0.00s Sys=0.00s Real=0.00s
[51.009s][info][gc,start       ] GC(396) Pause Young (Allocation Failure)
[51.013s][info][gc,heap        ] GC(396) DefNew: 580554K(629120K)->22791K(629120K) Eden: 559232K(559232K)->0K(559232K) From: 21322K(69888K)->22791K(69888K)
[51.013s][info][gc,heap        ] GC(396) Tenured: 1237015K(1398144K)->1237015K(1398144K)
[51.013s][info][gc,metaspace   ] GC(396) Metaspace: 128285K(130176K)->128285K(130176K) NonClass: 111485K(112384K)->111485K(112384K) Class: 16799K(17792K)->16799K(17792K)
[51.014s][info][gc             ] GC(396) Pause Young (Allocation Failure) 1774M->1230M(1979M) 4.038ms
[51.014s][info][gc,cpu         ] GC(396) User=0.00s Sys=0.00s Real=0.00s
[51.102s][info][gc,start       ] GC(397) Pause Young (Allocation Failure)
[51.106s][info][gc,heap        ] GC(397) DefNew: 582023K(629120K)->10161K(629120K) Eden: 559232K(559232K)->0K(559232K) From: 22791K(69888K)->10161K(69888K)
[51.106s][info][gc,heap        ] GC(397) Tenured: 1237015K(1398144K)->1245251K(1398144K)
[51.106s][info][gc,metaspace   ] GC(397) Metaspace: 128285K(130176K)->128285K(130176K) NonClass: 111485K(112384K)->111485K(112384K) Class: 16799K(17792K)->16799K(17792K)
[51.106s][info][gc             ] GC(397) Pause Young (Allocation Failure) 1776M->1225M(1979M) 3.882ms
[51.106s][info][gc,cpu         ] GC(397) User=0.02s Sys=0.00s Real=0.02s
[51.195s][info][gc,start       ] GC(398) Pause Young (Allocation Failure)
[51.198s][info][gc,heap        ] GC(398) DefNew: 569393K(629120K)->17771K(629120K) Eden: 559232K(559232K)->0K(559232K) From: 10161K(69888K)->17771K(69888K)
[51.198s][info][gc,heap        ] GC(398) Tenured: 1245251K(1398144K)->1245251K(1398144K)
[51.198s][info][gc,metaspace   ] GC(398) Metaspace: 128285K(130176K)->128285K(130176K) NonClass: 111485K(112384K)->111485K(112384K) Class: 16799K(17792K)->16799K(17792K)
[51.198s][info][gc             ] GC(398) Pause Young (Allocation Failure) 1772M->1233M(1979M) 3.727ms
[51.198s][info][gc,cpu         ] GC(398) User=0.00s Sys=0.00s Real=0.02s
[51.285s][info][gc,start       ] GC(399) Pause Young (Allocation Failure)
[51.288s][info][gc,heap        ] GC(399) DefNew: 577003K(629120K)->15422K(629120K) Eden: 559232K(559232K)->0K(559232K) From: 17771K(69888K)->15422K(69888K)
[51.288s][info][gc,heap        ] GC(399) Tenured: 1245251K(1398144K)->1245251K(1398144K)
[51.288s][info][gc,metaspace   ] GC(399) Metaspace: 128285K(130176K)->128285K(130176K) NonClass: 111485K(112384K)->111485K(112384K) Class: 16799K(17792K)->16799K(17792K)
[51.288s][info][gc             ] GC(399) Pause Young (Allocation Failure) 1779M->1231M(1979M) 3.207ms
[51.288s][info][gc,cpu         ] GC(399) User=0.00s Sys=0.00s Real=0.00s
[51.410s][info][gc,start       ] GC(400) Pause Young (Allocation Failure)
[51.413s][info][gc,heap        ] GC(400) DefNew: 574654K(629120K)->14188K(629120K) Eden: 559232K(559232K)->0K(559232K) From: 15422K(69888K)->14188K(69888K)
[51.413s][info][gc,heap        ] GC(400) Tenured: 1245251K(1398144K)->1245251K(1398144K)
[51.413s][info][gc,metaspace   ] GC(400) Metaspace: 128285K(130176K)->128285K(130176K) NonClass: 111485K(112384K)->111485K(112384K) Class: 16799K(17792K)->16799K(17792K)
[51.413s][info][gc             ] GC(400) Pause Young (Allocation Failure) 1777M->1229M(1979M) 3.217ms
[51.413s][info][gc,cpu         ] GC(400) User=0.00s Sys=0.00s Real=0.00s
[51.591s][info][gc,start       ] GC(401) Pause Full (System.gc())
[51.591s][info][gc,phases,start] GC(401) Phase 1: Mark live objects
[51.644s][info][gc,phases      ] GC(401) Phase 1: Mark live objects 52.998ms
[51.644s][info][gc,phases,start] GC(401) Phase 2: Compute new object addresses
[51.690s][info][gc,phases      ] GC(401) Phase 2: Compute new object addresses 46.659ms
[51.690s][info][gc,phases,start] GC(401) Phase 3: Adjust pointers
[51.717s][info][gc,phases      ] GC(401) Phase 3: Adjust pointers 26.905ms
[51.717s][info][gc,phases,start] GC(401) Phase 4: Move objects
[51.718s][info][gc,phases      ] GC(401) Phase 4: Move objects 0.166ms
[51.718s][info][gc,heap        ] GC(401) DefNew: 267188K(629120K)->0K(629120K) Eden: 252999K(559232K)->0K(559232K) From: 14188K(69888K)->0K(69888K)
[51.718s][info][gc,heap        ] GC(401) Tenured: 1245251K(1398144K)->1038319K(1398144K)
[51.718s][info][gc,metaspace   ] GC(401) Metaspace: 128333K(130176K)->128333K(130176K) NonClass: 111533K(112384K)->111533K(112384K) Class: 16800K(17792K)->16800K(17792K)
[51.718s][info][gc             ] GC(401) Pause Full (System.gc()) 1476M->1013M(1979M) 127.674ms
[51.718s][info][gc,cpu         ] GC(401) User=0.19s Sys=0.02s Real=0.13s
[51.887s][info][gc,start       ] GC(402) Pause Young (Allocation Failure)
[51.891s][info][gc,heap        ] GC(402) DefNew: 559232K(629120K)->2579K(629120K) Eden: 559232K(559232K)->0K(559232K) From: 0K(69888K)->2579K(69888K)
[51.892s][info][gc,heap        ] GC(402) Tenured: 1038319K(1398144K)->1038319K(1398144K)
[51.892s][info][gc,metaspace   ] GC(402) Metaspace: 128491K(130240K)->128491K(130240K) NonClass: 111691K(112448K)->111691K(112448K) Class: 16800K(17792K)->16800K(17792K)
[51.892s][info][gc             ] GC(402) Pause Young (Allocation Failure) 1560M->1016M(1979M) 4.396ms
[51.892s][info][gc,cpu         ] GC(402) User=0.00s Sys=0.00s Real=0.02s
[51.948s][info][gc,start       ] GC(403) Pause Young (Allocation Failure)
[51.952s][info][gc,heap        ] GC(403) DefNew: 561811K(629120K)->4934K(629120K) Eden: 559232K(559232K)->0K(559232K) From: 2579K(69888K)->4934K(69888K)
[51.952s][info][gc,heap        ] GC(403) Tenured: 1038319K(1398144K)->1038319K(1398144K)
[51.952s][info][gc,metaspace   ] GC(403) Metaspace: 128491K(130240K)->128491K(130240K) NonClass: 111691K(112448K)->111691K(112448K) Class: 16800K(17792K)->16800K(17792K)
[51.952s][info][gc             ] GC(403) Pause Young (Allocation Failure) 1562M->1018M(1979M) 3.636ms
[51.952s][info][gc,cpu         ] GC(403) User=0.00s Sys=0.00s Real=0.02s
[52.010s][info][gc,start       ] GC(404) Pause Young (Allocation Failure)
[52.014s][info][gc,heap        ] GC(404) DefNew: 564166K(629120K)->7458K(629120K) Eden: 559232K(559232K)->0K(559232K) From: 4934K(69888K)->7458K(69888K)
[52.014s][info][gc,heap        ] GC(404) Tenured: 1038319K(1398144K)->1038319K(1398144K)
[52.014s][info][gc,metaspace   ] GC(404) Metaspace: 128491K(130240K)->128491K(130240K) NonClass: 111691K(112448K)->111691K(112448K) Class: 16800K(17792K)->16800K(17792K)
[52.014s][info][gc             ] GC(404) Pause Young (Allocation Failure) 1564M->1021M(1979M) 4.152ms
[52.015s][info][gc,cpu         ] GC(404) User=0.03s Sys=0.00s Real=0.02s
[52.071s][info][gc,start       ] GC(405) Pause Young (Allocation Failure)
[52.075s][info][gc,heap        ] GC(405) DefNew: 566690K(629120K)->12142K(629120K) Eden: 559232K(559232K)->0K(559232K) From: 7458K(69888K)->12142K(69888K)
[52.075s][info][gc,heap        ] GC(405) Tenured: 1038319K(1398144K)->1038319K(1398144K)
[52.075s][info][gc,metaspace   ] GC(405) Metaspace: 128491K(130240K)->128491K(130240K) NonClass: 111691K(112448K)->111691K(112448K) Class: 16800K(17792K)->16800K(17792K)
[52.075s][info][gc             ] GC(405) Pause Young (Allocation Failure) 1567M->1025M(1979M) 4.411ms
[52.075s][info][gc,cpu         ] GC(405) User=0.02s Sys=0.00s Real=0.00s
[52.135s][info][gc,start       ] GC(406) Pause Young (Allocation Failure)
[52.140s][info][gc,heap        ] GC(406) DefNew: 571374K(629120K)->11691K(629120K) Eden: 559232K(559232K)->0K(559232K) From: 12142K(69888K)->11691K(69888K)
[52.140s][info][gc,heap        ] GC(406) Tenured: 1038319K(1398144K)->1038319K(1398144K)
[52.140s][info][gc,metaspace   ] GC(406) Metaspace: 128492K(130240K)->128492K(130240K) NonClass: 111692K(112448K)->111692K(112448K) Class: 16800K(17792K)->16800K(17792K)
[52.140s][info][gc             ] GC(406) Pause Young (Allocation Failure) 1571M->1025M(1979M) 5.118ms
[52.140s][info][gc,cpu         ] GC(406) User=0.03s Sys=0.00s Real=0.02s
[52.203s][info][gc,start       ] GC(407) Pause Young (Allocation Failure)
[52.208s][info][gc,heap        ] GC(407) DefNew: 570923K(629120K)->16914K(629120K) Eden: 559232K(559232K)->0K(559232K) From: 11691K(69888K)->16914K(69888K)
[52.208s][info][gc,heap        ] GC(407) Tenured: 1038319K(1398144K)->1038319K(1398144K)
[52.208s][info][gc,metaspace   ] GC(407) Metaspace: 128494K(130240K)->128494K(130240K) NonClass: 111694K(112448K)->111694K(112448K) Class: 16800K(17792K)->16800K(17792K)
[52.208s][info][gc             ] GC(407) Pause Young (Allocation Failure) 1571M->1030M(1979M) 5.221ms
[52.208s][info][gc,cpu         ] GC(407) User=0.00s Sys=0.00s Real=0.00s
[52.264s][info][gc,start       ] GC(408) Pause Young (Allocation Failure)
[52.270s][info][gc,heap        ] GC(408) DefNew: 576146K(629120K)->19079K(629120K) Eden: 559232K(559232K)->0K(559232K) From: 16914K(69888K)->19079K(69888K)
[52.270s][info][gc,heap        ] GC(408) Tenured: 1038319K(1398144K)->1038319K(1398144K)
[52.270s][info][gc,metaspace   ] GC(408) Metaspace: 128494K(130240K)->128494K(130240K) NonClass: 111694K(112448K)->111694K(112448K) Class: 16800K(17792K)->16800K(17792K)
[52.270s][info][gc             ] GC(408) Pause Young (Allocation Failure) 1576M->1032M(1979M) 5.290ms
[52.270s][info][gc,cpu         ] GC(408) User=0.00s Sys=0.00s Real=0.00s
[52.326s][info][gc,start       ] GC(409) Pause Young (Allocation Failure)
[52.331s][info][gc,heap        ] GC(409) DefNew: 578311K(629120K)->25118K(629120K) Eden: 559232K(559232K)->0K(559232K) From: 19079K(69888K)->25118K(69888K)
[52.331s][info][gc,heap        ] GC(409) Tenured: 1038319K(1398144K)->1038319K(1398144K)
[52.331s][info][gc,metaspace   ] GC(409) Metaspace: 128494K(130240K)->128494K(130240K) NonClass: 111694K(112448K)->111694K(112448K) Class: 16800K(17792K)->16800K(17792K)
[52.331s][info][gc             ] GC(409) Pause Young (Allocation Failure) 1578M->1038M(1979M) 5.770ms
[52.331s][info][gc,cpu         ] GC(409) User=0.00s Sys=0.00s Real=0.00s
[52.387s][info][gc,start       ] GC(410) Pause Young (Allocation Failure)
[52.393s][info][gc,heap        ] GC(410) DefNew: 584350K(629120K)->30388K(629120K) Eden: 559232K(559232K)->0K(559232K) From: 25118K(69888K)->30388K(69888K)
[52.393s][info][gc,heap        ] GC(410) Tenured: 1038319K(1398144K)->1038319K(1398144K)
[52.393s][info][gc,metaspace   ] GC(410) Metaspace: 128494K(130240K)->128494K(130240K) NonClass: 111694K(112448K)->111694K(112448K) Class: 16800K(17792K)->16800K(17792K)
[52.393s][info][gc             ] GC(410) Pause Young (Allocation Failure) 1584M->1043M(1979M) 6.353ms
[52.393s][info][gc,cpu         ] GC(410) User=0.02s Sys=0.00s Real=0.00s
[52.450s][info][gc,start       ] GC(411) Pause Young (Allocation Failure)
[52.457s][info][gc,heap        ] GC(411) DefNew: 589620K(629120K)->33306K(629120K) Eden: 559232K(559232K)->0K(559232K) From: 30388K(69888K)->33306K(69888K)
[52.457s][info][gc,heap        ] GC(411) Tenured: 1038319K(1398144K)->1038319K(1398144K)
[52.457s][info][gc,metaspace   ] GC(411) Metaspace: 128494K(130240K)->128494K(130240K) NonClass: 111694K(112448K)->111694K(112448K) Class: 16800K(17792K)->16800K(17792K)
[52.457s][info][gc             ] GC(411) Pause Young (Allocation Failure) 1589M->1046M(1979M) 6.735ms
[52.457s][info][gc,cpu         ] GC(411) User=0.02s Sys=0.00s Real=0.00s
[52.512s][info][gc,start       ] GC(412) Pause Young (Allocation Failure)
[52.519s][info][gc,heap        ] GC(412) DefNew: 592538K(629120K)->37018K(629120K) Eden: 559232K(559232K)->0K(559232K) From: 33306K(69888K)->37018K(69888K)
[52.519s][info][gc,heap        ] GC(412) Tenured: 1038319K(1398144K)->1038319K(1398144K)
[52.519s][info][gc,metaspace   ] GC(412) Metaspace: 128494K(130240K)->128494K(130240K) NonClass: 111694K(112448K)->111694K(112448K) Class: 16800K(17792K)->16800K(17792K)
[52.519s][info][gc             ] GC(412) Pause Young (Allocation Failure) 1592M->1050M(1979M) 7.012ms
[52.519s][info][gc,cpu         ] GC(412) User=0.02s Sys=0.00s Real=0.01s
[52.576s][info][gc,start       ] GC(413) Pause Young (Allocation Failure)
[52.584s][info][gc,heap        ] GC(413) DefNew: 596250K(629120K)->39861K(629120K) Eden: 559232K(559232K)->0K(559232K) From: 37018K(69888K)->39861K(69888K)
[52.584s][info][gc,heap        ] GC(413) Tenured: 1038319K(1398144K)->1043999K(1398144K)
[52.584s][info][gc,metaspace   ] GC(413) Metaspace: 128494K(130240K)->128494K(130240K) NonClass: 111694K(112448K)->111694K(112448K) Class: 16800K(17792K)->16800K(17792K)
[52.584s][info][gc             ] GC(413) Pause Young (Allocation Failure) 1596M->1058M(1979M) 7.963ms
[52.584s][info][gc,cpu         ] GC(413) User=0.02s Sys=0.00s Real=0.00s
[52.639s][info][gc,start       ] GC(414) Pause Young (Allocation Failure)
[52.645s][info][gc,heap        ] GC(414) DefNew: 599093K(629120K)->31026K(629120K) Eden: 559232K(559232K)->0K(559232K) From: 39861K(69888K)->31026K(69888K)
[52.645s][info][gc,heap        ] GC(414) Tenured: 1043999K(1398144K)->1052500K(1398144K)
[52.645s][info][gc,metaspace   ] GC(414) Metaspace: 128494K(130240K)->128494K(130240K) NonClass: 111694K(112448K)->111694K(112448K) Class: 16800K(17792K)->16800K(17792K)
[52.645s][info][gc             ] GC(414) Pause Young (Allocation Failure) 1604M->1058M(1979M) 6.022ms
[52.645s][info][gc,cpu         ] GC(414) User=0.02s Sys=0.00s Real=0.00s
[52.702s][info][gc,start       ] GC(415) Pause Young (Allocation Failure)
[52.707s][info][gc,heap        ] GC(415) DefNew: 590258K(629120K)->37772K(629120K) Eden: 559232K(559232K)->0K(559232K) From: 31026K(69888K)->37772K(69888K)
[52.707s][info][gc,heap        ] GC(415) Tenured: 1052500K(1398144K)->1052500K(1398144K)
[52.707s][info][gc,metaspace   ] GC(415) Metaspace: 128494K(130240K)->128494K(130240K) NonClass: 111694K(112448K)->111694K(112448K) Class: 16800K(17792K)->16800K(17792K)
[52.708s][info][gc             ] GC(415) Pause Young (Allocation Failure) 1604M->1064M(1979M) 5.313ms
[52.708s][info][gc,cpu         ] GC(415) User=0.02s Sys=0.00s Real=0.00s
[52.762s][info][gc,start       ] GC(416) Pause Young (Allocation Failure)
[52.767s][info][gc,heap        ] GC(416) DefNew: 597004K(629120K)->35127K(629120K) Eden: 559232K(559232K)->0K(559232K) From: 37772K(69888K)->35127K(69888K)
[52.767s][info][gc,heap        ] GC(416) Tenured: 1052500K(1398144K)->1056599K(1398144K)
[52.767s][info][gc,metaspace   ] GC(416) Metaspace: 128494K(130240K)->128494K(130240K) NonClass: 111694K(112448K)->111694K(112448K) Class: 16800K(17792K)->16800K(17792K)
[52.767s][info][gc             ] GC(416) Pause Young (Allocation Failure) 1610M->1066M(1979M) 5.432ms
[52.767s][info][gc,cpu         ] GC(416) User=0.00s Sys=0.00s Real=0.00s
[52.827s][info][gc,start       ] GC(417) Pause Young (Allocation Failure)
[52.833s][info][gc,heap        ] GC(417) DefNew: 594359K(629120K)->35546K(629120K) Eden: 559232K(559232K)->0K(559232K) From: 35127K(69888K)->35546K(69888K)
[52.833s][info][gc,heap        ] GC(417) Tenured: 1056599K(1398144K)->1060696K(1398144K)
[52.833s][info][gc,metaspace   ] GC(417) Metaspace: 128496K(130240K)->128496K(130240K) NonClass: 111695K(112448K)->111695K(112448K) Class: 16800K(17792K)->16800K(17792K)
[52.833s][info][gc             ] GC(417) Pause Young (Allocation Failure) 1612M->1070M(1979M) 6.132ms
[52.833s][info][gc,cpu         ] GC(417) User=0.02s Sys=0.00s Real=0.00s
[52.902s][info][gc,start       ] GC(418) Pause Young (Allocation Failure)
[52.908s][info][gc,heap        ] GC(418) DefNew: 594778K(629120K)->39867K(629120K) Eden: 559232K(559232K)->0K(559232K) From: 35546K(69888K)->39867K(69888K)
[52.908s][info][gc,heap        ] GC(418) Tenured: 1060696K(1398144K)->1064793K(1398144K)
[52.908s][info][gc,metaspace   ] GC(418) Metaspace: 128505K(130240K)->128505K(130240K) NonClass: 111705K(112448K)->111705K(112448K) Class: 16800K(17792K)->16800K(17792K)
[52.908s][info][gc             ] GC(418) Pause Young (Allocation Failure) 1616M->1078M(1979M) 6.360ms
[52.908s][info][gc,cpu         ] GC(418) User=0.00s Sys=0.02s Real=0.02s
[52.997s][info][gc,start       ] GC(419) Pause Young (Allocation Failure)
[53.005s][info][gc,heap        ] GC(419) DefNew: 599099K(629120K)->51873K(629120K) Eden: 559232K(559232K)->0K(559232K) From: 39867K(69888K)->51873K(69888K)
[53.005s][info][gc,heap        ] GC(419) Tenured: 1064793K(1398144K)->1073006K(1398144K)
[53.005s][info][gc,metaspace   ] GC(419) Metaspace: 128505K(130240K)->128505K(130240K) NonClass: 111705K(112448K)->111705K(112448K) Class: 16800K(17792K)->16800K(17792K)
[53.005s][info][gc             ] GC(419) Pause Young (Allocation Failure) 1624M->1098M(1979M) 7.515ms
[53.005s][info][gc,cpu         ] GC(419) User=0.00s Sys=0.00s Real=0.00s
[53.095s][info][gc,start       ] GC(420) Pause Young (Allocation Failure)
[53.103s][info][gc,heap        ] GC(420) DefNew: 611105K(629120K)->39460K(629120K) Eden: 559232K(559232K)->0K(559232K) From: 51873K(69888K)->39460K(69888K)
[53.103s][info][gc,heap        ] GC(420) Tenured: 1073006K(1398144K)->1093697K(1398144K)
[53.103s][info][gc,metaspace   ] GC(420) Metaspace: 128505K(130240K)->128505K(130240K) NonClass: 111705K(112448K)->111705K(112448K) Class: 16800K(17792K)->16800K(17792K)
[53.103s][info][gc             ] GC(420) Pause Young (Allocation Failure) 1644M->1106M(1979M) 8.371ms
[53.103s][info][gc,cpu         ] GC(420) User=0.00s Sys=0.00s Real=0.00s
[53.193s][info][gc,start       ] GC(421) Pause Young (Allocation Failure)
[53.200s][info][gc,heap        ] GC(421) DefNew: 598692K(629120K)->46735K(629120K) Eden: 559232K(559232K)->0K(559232K) From: 39460K(69888K)->46735K(69888K)
[53.200s][info][gc,heap        ] GC(421) Tenured: 1093697K(1398144K)->1102144K(1398144K)
[53.200s][info][gc,metaspace   ] GC(421) Metaspace: 128505K(130240K)->128505K(130240K) NonClass: 111705K(112448K)->111705K(112448K) Class: 16800K(17792K)->16800K(17792K)
[53.200s][info][gc             ] GC(421) Pause Young (Allocation Failure) 1652M->1121M(1979M) 6.922ms
[53.200s][info][gc,cpu         ] GC(421) User=0.00s Sys=0.00s Real=0.00s
[53.288s][info][gc,start       ] GC(422) Pause Young (Allocation Failure)
[53.296s][info][gc,heap        ] GC(422) DefNew: 605967K(629120K)->46442K(629120K) Eden: 559232K(559232K)->0K(559232K) From: 46735K(69888K)->46442K(69888K)
[53.296s][info][gc,heap        ] GC(422) Tenured: 1102144K(1398144K)->1114435K(1398144K)
[53.296s][info][gc,metaspace   ] GC(422) Metaspace: 128505K(130240K)->128505K(130240K) NonClass: 111705K(112448K)->111705K(112448K) Class: 16800K(17792K)->16800K(17792K)
[53.296s][info][gc             ] GC(422) Pause Young (Allocation Failure) 1668M->1133M(1979M) 7.407ms
[53.296s][info][gc,cpu         ] GC(422) User=0.00s Sys=0.00s Real=0.02s
[53.384s][info][gc,start       ] GC(423) Pause Young (Allocation Failure)
[53.391s][info][gc,heap        ] GC(423) DefNew: 605674K(629120K)->45842K(629120K) Eden: 559232K(559232K)->0K(559232K) From: 46442K(69888K)->45842K(69888K)
[53.391s][info][gc,heap        ] GC(423) Tenured: 1114435K(1398144K)->1126728K(1398144K)
[53.391s][info][gc,metaspace   ] GC(423) Metaspace: 128505K(130240K)->128505K(130240K) NonClass: 111705K(112448K)->111705K(112448K) Class: 16800K(17792K)->16800K(17792K)
[53.392s][info][gc             ] GC(423) Pause Young (Allocation Failure) 1679M->1145M(1979M) 7.138ms
[53.392s][info][gc,cpu         ] GC(423) User=0.00s Sys=0.00s Real=0.02s
[53.481s][info][gc,start       ] GC(424) Pause Young (Allocation Failure)
[53.488s][info][gc,heap        ] GC(424) DefNew: 605074K(629120K)->44875K(629120K) Eden: 559232K(559232K)->0K(559232K) From: 45842K(69888K)->44875K(69888K)
[53.488s][info][gc,heap        ] GC(424) Tenured: 1126728K(1398144K)->1143116K(1398144K)
[53.488s][info][gc,metaspace   ] GC(424) Metaspace: 128505K(130240K)->128505K(130240K) NonClass: 111705K(112448K)->111705K(112448K) Class: 16800K(17792K)->16800K(17792K)
[53.489s][info][gc             ] GC(424) Pause Young (Allocation Failure) 1691M->1160M(1979M) 7.560ms
[53.489s][info][gc,cpu         ] GC(424) User=0.00s Sys=0.00s Real=0.02s
[53.582s][info][gc,start       ] GC(425) Pause Young (Allocation Failure)
[53.588s][info][gc,heap        ] GC(425) DefNew: 604107K(629120K)->27860K(629120K) Eden: 559232K(559232K)->0K(559232K) From: 44875K(69888K)->27860K(69888K)
[53.588s][info][gc,heap        ] GC(425) Tenured: 1143116K(1398144K)->1167699K(1398144K)
[53.588s][info][gc,metaspace   ] GC(425) Metaspace: 128507K(130240K)->128507K(130240K) NonClass: 111707K(112448K)->111707K(112448K) Class: 16800K(17792K)->16800K(17792K)
[53.588s][info][gc             ] GC(425) Pause Young (Allocation Failure) 1706M->1167M(1979M) 6.512ms
[53.588s][info][gc,cpu         ] GC(425) User=0.00s Sys=0.00s Real=0.00s
[53.672s][info][gc,start       ] GC(426) Pause Young (Allocation Failure)
[53.677s][info][gc,heap        ] GC(426) DefNew: 587092K(629120K)->33124K(629120K) Eden: 559232K(559232K)->0K(559232K) From: 27860K(69888K)->33124K(69888K)
[53.677s][info][gc,heap        ] GC(426) Tenured: 1167699K(1398144K)->1167699K(1398144K)
[53.677s][info][gc,metaspace   ] GC(426) Metaspace: 128507K(130240K)->128507K(130240K) NonClass: 111707K(112448K)->111707K(112448K) Class: 16800K(17792K)->16800K(17792K)
[53.677s][info][gc             ] GC(426) Pause Young (Allocation Failure) 1713M->1172M(1979M) 4.738ms
[53.677s][info][gc,cpu         ] GC(426) User=0.00s Sys=0.00s Real=0.00s
[53.763s][info][gc,start       ] GC(427) Pause Young (Allocation Failure)
[53.769s][info][gc,heap        ] GC(427) DefNew: 592356K(629120K)->44727K(629120K) Eden: 559232K(559232K)->0K(559232K) From: 33124K(69888K)->44727K(69888K)
[53.769s][info][gc,heap        ] GC(427) Tenured: 1167699K(1398144K)->1167699K(1398144K)
[53.769s][info][gc,metaspace   ] GC(427) Metaspace: 128507K(130240K)->128507K(130240K) NonClass: 111707K(112448K)->111707K(112448K) Class: 16800K(17792K)->16800K(17792K)
[53.769s][info][gc             ] GC(427) Pause Young (Allocation Failure) 1718M->1184M(1979M) 5.956ms
[53.769s][info][gc,cpu         ] GC(427) User=0.00s Sys=0.00s Real=0.02s
[53.857s][info][gc,start       ] GC(428) Pause Young (Allocation Failure)
[53.864s][info][gc,heap        ] GC(428) DefNew: 603959K(629120K)->41792K(629120K) Eden: 559232K(559232K)->0K(559232K) From: 44727K(69888K)->41792K(69888K)
[53.864s][info][gc,heap        ] GC(428) Tenured: 1167699K(1398144K)->1179992K(1398144K)
[53.864s][info][gc,metaspace   ] GC(428) Metaspace: 128507K(130240K)->128507K(130240K) NonClass: 111707K(112448K)->111707K(112448K) Class: 16800K(17792K)->16800K(17792K)
[53.864s][info][gc             ] GC(428) Pause Young (Allocation Failure) 1730M->1193M(1979M) 7.114ms
[53.864s][info][gc,cpu         ] GC(428) User=0.00s Sys=0.00s Real=0.02s
[53.953s][info][gc,start       ] GC(429) Pause Young (Allocation Failure)
[53.959s][info][gc,heap        ] GC(429) DefNew: 601024K(629120K)->35021K(629120K) Eden: 559232K(559232K)->0K(559232K) From: 41792K(69888K)->35021K(69888K)
[53.959s][info][gc,heap        ] GC(429) Tenured: 1179992K(1398144K)->1192331K(1398144K)
[53.959s][info][gc,metaspace   ] GC(429) Metaspace: 128507K(130240K)->128507K(130240K) NonClass: 111707K(112448K)->111707K(112448K) Class: 16800K(17792K)->16800K(17792K)
[53.959s][info][gc             ] GC(429) Pause Young (Allocation Failure) 1739M->1198M(1979M) 6.402ms
[53.959s][info][gc,cpu         ] GC(429) User=0.00s Sys=0.00s Real=0.01s
[54.047s][info][gc,start       ] GC(430) Pause Young (Allocation Failure)
[54.052s][info][gc,heap        ] GC(430) DefNew: 594253K(629120K)->33546K(629120K) Eden: 559232K(559232K)->0K(559232K) From: 35021K(69888K)->33546K(69888K)
[54.052s][info][gc,heap        ] GC(430) Tenured: 1192331K(1398144K)->1200527K(1398144K)
[54.052s][info][gc,metaspace   ] GC(430) Metaspace: 128507K(130240K)->128507K(130240K) NonClass: 111707K(112448K)->111707K(112448K) Class: 16800K(17792K)->16800K(17792K)
[54.052s][info][gc             ] GC(430) Pause Young (Allocation Failure) 1744M->1205M(1979M) 5.742ms
[54.052s][info][gc,cpu         ] GC(430) User=0.00s Sys=0.00s Real=0.02s
[54.142s][info][gc,start       ] GC(431) Pause Young (Allocation Failure)
[54.148s][info][gc,heap        ] GC(431) DefNew: 592778K(629120K)->43504K(629120K) Eden: 559232K(559232K)->0K(559232K) From: 33546K(69888K)->43504K(69888K)
[54.148s][info][gc,heap        ] GC(431) Tenured: 1200527K(1398144K)->1200527K(1398144K)
[54.148s][info][gc,metaspace   ] GC(431) Metaspace: 128507K(130240K)->128507K(130240K) NonClass: 111707K(112448K)->111707K(112448K) Class: 16800K(17792K)->16800K(17792K)
[54.148s][info][gc             ] GC(431) Pause Young (Allocation Failure) 1751M->1214M(1979M) 6.093ms
[54.148s][info][gc,cpu         ] GC(431) User=0.00s Sys=0.00s Real=0.02s
[54.236s][info][gc,start       ] GC(432) Pause Young (Allocation Failure)
[54.242s][info][gc,heap        ] GC(432) DefNew: 602736K(629120K)->32789K(629120K) Eden: 559232K(559232K)->0K(559232K) From: 43504K(69888K)->32789K(69888K)
[54.242s][info][gc,heap        ] GC(432) Tenured: 1200527K(1398144K)->1212819K(1398144K)
[54.243s][info][gc,metaspace   ] GC(432) Metaspace: 128507K(130240K)->128507K(130240K) NonClass: 111707K(112448K)->111707K(112448K) Class: 16800K(17792K)->16800K(17792K)
[54.243s][info][gc             ] GC(432) Pause Young (Allocation Failure) 1760M->1216M(1979M) 6.416ms
[54.243s][info][gc,cpu         ] GC(432) User=0.00s Sys=0.00s Real=0.02s
[54.334s][info][gc,start       ] GC(433) Pause Young (Allocation Failure)
[54.339s][info][gc,heap        ] GC(433) DefNew: 592021K(629120K)->40147K(629120K) Eden: 559232K(559232K)->0K(559232K) From: 32789K(69888K)->40147K(69888K)
[54.339s][info][gc,heap        ] GC(433) Tenured: 1212819K(1398144K)->1212819K(1398144K)
[54.339s][info][gc,metaspace   ] GC(433) Metaspace: 128508K(130240K)->128508K(130240K) NonClass: 111707K(112448K)->111707K(112448K) Class: 16800K(17792K)->16800K(17792K)
[54.339s][info][gc             ] GC(433) Pause Young (Allocation Failure) 1762M->1223M(1979M) 5.621ms
[54.339s][info][gc,cpu         ] GC(433) User=0.00s Sys=0.00s Real=0.00s
[54.424s][info][gc,start       ] GC(434) Pause Young (Allocation Failure)
[54.429s][info][gc,heap        ] GC(434) DefNew: 599379K(629120K)->24637K(629120K) Eden: 559232K(559232K)->0K(559232K) From: 40147K(69888K)->24637K(69888K)
[54.429s][info][gc,heap        ] GC(434) Tenured: 1212819K(1398144K)->1225109K(1398144K)
[54.429s][info][gc,metaspace   ] GC(434) Metaspace: 128508K(130240K)->128508K(130240K) NonClass: 111707K(112448K)->111707K(112448K) Class: 16800K(17792K)->16800K(17792K)
[54.429s][info][gc             ] GC(434) Pause Young (Allocation Failure) 1769M->1220M(1979M) 5.539ms
[54.429s][info][gc,cpu         ] GC(434) User=0.00s Sys=0.00s Real=0.01s
[54.512s][info][gc,start       ] GC(435) Pause Young (Allocation Failure)
[54.516s][info][gc,heap        ] GC(435) DefNew: 583869K(629120K)->26283K(629120K) Eden: 559232K(559232K)->0K(559232K) From: 24637K(69888K)->26283K(69888K)
[54.516s][info][gc,heap        ] GC(435) Tenured: 1225109K(1398144K)->1225109K(1398144K)
[54.516s][info][gc,metaspace   ] GC(435) Metaspace: 128508K(130240K)->128508K(130240K) NonClass: 111707K(112448K)->111707K(112448K) Class: 16800K(17792K)->16800K(17792K)
[54.516s][info][gc             ] GC(435) Pause Young (Allocation Failure) 1766M->1222M(1979M) 4.567ms
[54.516s][info][gc,cpu         ] GC(435) User=0.00s Sys=0.00s Real=0.00s
[54.600s][info][gc,start       ] GC(436) Pause Young (Allocation Failure)
[54.605s][info][gc,heap        ] GC(436) DefNew: 585515K(629120K)->27844K(629120K) Eden: 559232K(559232K)->0K(559232K) From: 26283K(69888K)->27844K(69888K)
[54.605s][info][gc,heap        ] GC(436) Tenured: 1225109K(1398144K)->1225109K(1398144K)
[54.605s][info][gc,metaspace   ] GC(436) Metaspace: 128508K(130240K)->128508K(130240K) NonClass: 111707K(112448K)->111707K(112448K) Class: 16800K(17792K)->16800K(17792K)
[54.605s][info][gc             ] GC(436) Pause Young (Allocation Failure) 1768M->1223M(1979M) 4.600ms
[54.605s][info][gc,cpu         ] GC(436) User=0.00s Sys=0.00s Real=0.00s
[54.692s][info][gc,start       ] GC(437) Pause Young (Allocation Failure)
[54.696s][info][gc,heap        ] GC(437) DefNew: 587076K(629120K)->28734K(629120K) Eden: 559232K(559232K)->0K(559232K) From: 27844K(69888K)->28734K(69888K)
[54.696s][info][gc,heap        ] GC(437) Tenured: 1225109K(1398144K)->1225109K(1398144K)
[54.696s][info][gc,metaspace   ] GC(437) Metaspace: 128508K(130240K)->128508K(130240K) NonClass: 111707K(112448K)->111707K(112448K) Class: 16800K(17792K)->16800K(17792K)
[54.696s][info][gc             ] GC(437) Pause Young (Allocation Failure) 1769M->1224M(1979M) 4.384ms
[54.696s][info][gc,cpu         ] GC(437) User=0.00s Sys=0.00s Real=0.02s
[54.784s][info][gc,start       ] GC(438) Pause Young (Allocation Failure)
[54.789s][info][gc,heap        ] GC(438) DefNew: 587966K(629120K)->35155K(629120K) Eden: 559232K(559232K)->0K(559232K) From: 28734K(69888K)->35155K(69888K)
[54.789s][info][gc,heap        ] GC(438) Tenured: 1225109K(1398144K)->1225109K(1398144K)
[54.789s][info][gc,metaspace   ] GC(438) Metaspace: 128508K(130240K)->128508K(130240K) NonClass: 111707K(112448K)->111707K(112448K) Class: 16800K(17792K)->16800K(17792K)
[54.789s][info][gc             ] GC(438) Pause Young (Allocation Failure) 1770M->1230M(1979M) 5.317ms
[54.789s][info][gc,cpu         ] GC(438) User=0.00s Sys=0.00s Real=0.02s
[54.877s][info][gc,start       ] GC(439) Pause Young (Allocation Failure)
[54.883s][info][gc,heap        ] GC(439) DefNew: 594387K(629120K)->33213K(629120K) Eden: 559232K(559232K)->0K(559232K) From: 35155K(69888K)->33213K(69888K)
[54.883s][info][gc,heap        ] GC(439) Tenured: 1225109K(1398144K)->1233303K(1398144K)
[54.883s][info][gc,metaspace   ] GC(439) Metaspace: 128508K(130240K)->128508K(130240K) NonClass: 111707K(112448K)->111707K(112448K) Class: 16800K(17792K)->16800K(17792K)
[54.883s][info][gc             ] GC(439) Pause Young (Allocation Failure) 1776M->1236M(1979M) 5.807ms
[54.883s][info][gc,cpu         ] GC(439) User=0.00s Sys=0.00s Real=0.01s
[54.970s][info][gc,start       ] GC(440) Pause Young (Allocation Failure)
[54.974s][info][gc,heap        ] GC(440) DefNew: 592445K(629120K)->22287K(629120K) Eden: 559232K(559232K)->0K(559232K) From: 33213K(69888K)->22287K(69888K)
[54.974s][info][gc,heap        ] GC(440) Tenured: 1233303K(1398144K)->1233303K(1398144K)
[54.974s][info][gc,metaspace   ] GC(440) Metaspace: 128508K(130240K)->128508K(130240K) NonClass: 111707K(112448K)->111707K(112448K) Class: 16800K(17792K)->16800K(17792K)
[54.974s][info][gc             ] GC(440) Pause Young (Allocation Failure) 1782M->1226M(1979M) 3.995ms
[54.974s][info][gc,cpu         ] GC(440) User=0.00s Sys=0.00s Real=0.00s
[55.062s][info][gc,start       ] GC(441) Pause Young (Allocation Failure)
[55.066s][info][gc,heap        ] GC(441) DefNew: 581519K(629120K)->26966K(629120K) Eden: 559232K(559232K)->0K(559232K) From: 22287K(69888K)->26966K(69888K)
[55.066s][info][gc,heap        ] GC(441) Tenured: 1233303K(1398144K)->1233303K(1398144K)
[55.067s][info][gc,metaspace   ] GC(441) Metaspace: 128508K(130240K)->128508K(130240K) NonClass: 111707K(112448K)->111707K(112448K) Class: 16800K(17792K)->16800K(17792K)
[55.067s][info][gc             ] GC(441) Pause Young (Allocation Failure) 1772M->1230M(1979M) 4.386ms
[55.067s][info][gc,cpu         ] GC(441) User=0.00s Sys=0.00s Real=0.00s
[55.157s][info][gc,start       ] GC(442) Pause Young (Allocation Failure)
[55.161s][info][gc,heap        ] GC(442) DefNew: 586198K(629120K)->20549K(629120K) Eden: 559232K(559232K)->0K(559232K) From: 26966K(69888K)->20549K(69888K)
[55.161s][info][gc,heap        ] GC(442) Tenured: 1233303K(1398144K)->1233303K(1398144K)
[55.161s][info][gc,metaspace   ] GC(442) Metaspace: 128508K(130240K)->128508K(130240K) NonClass: 111707K(112448K)->111707K(112448K) Class: 16800K(17792K)->16800K(17792K)
[55.161s][info][gc             ] GC(442) Pause Young (Allocation Failure) 1776M->1224M(1979M) 4.080ms
[55.161s][info][gc,cpu         ] GC(442) User=0.00s Sys=0.00s Real=0.00s
[55.247s][info][gc,start       ] GC(443) Pause Young (Allocation Failure)
[55.251s][info][gc,heap        ] GC(443) DefNew: 577946K(629120K)->23827K(629120K) Eden: 557397K(559232K)->0K(559232K) From: 20549K(69888K)->23827K(69888K)
[55.251s][info][gc,heap        ] GC(443) Tenured: 1233303K(1398144K)->1233303K(1398144K)
[55.251s][info][gc,metaspace   ] GC(443) Metaspace: 128508K(130240K)->128508K(130240K) NonClass: 111707K(112448K)->111707K(112448K) Class: 16800K(17792K)->16800K(17792K)
[55.251s][info][gc             ] GC(443) Pause Young (Allocation Failure) 1768M->1227M(1979M) 4.181ms
[55.251s][info][gc,cpu         ] GC(443) User=0.00s Sys=0.00s Real=0.00s
[55.338s][info][gc,start       ] GC(444) Pause Young (Allocation Failure)
[55.343s][info][gc,heap        ] GC(444) DefNew: 583059K(629120K)->30087K(629120K) Eden: 559232K(559232K)->0K(559232K) From: 23827K(69888K)->30087K(69888K)
[55.343s][info][gc,heap        ] GC(444) Tenured: 1233303K(1398144K)->1233303K(1398144K)
[55.343s][info][gc,metaspace   ] GC(444) Metaspace: 128508K(130240K)->128508K(130240K) NonClass: 111707K(112448K)->111707K(112448K) Class: 16800K(17792K)->16800K(17792K)
[55.343s][info][gc             ] GC(444) Pause Young (Allocation Failure) 1773M->1233M(1979M) 4.999ms
[55.343s][info][gc,cpu         ] GC(444) User=0.00s Sys=0.00s Real=0.00s
[55.431s][info][gc,start       ] GC(445) Pause Young (Allocation Failure)
[55.435s][info][gc,heap        ] GC(445) DefNew: 589319K(629120K)->21302K(629120K) Eden: 559232K(559232K)->0K(559232K) From: 30087K(69888K)->21302K(69888K)
[55.435s][info][gc,heap        ] GC(445) Tenured: 1233303K(1398144K)->1233303K(1398144K)
[55.435s][info][gc,metaspace   ] GC(445) Metaspace: 128508K(130240K)->128508K(130240K) NonClass: 111707K(112448K)->111707K(112448K) Class: 16800K(17792K)->16800K(17792K)
[55.435s][info][gc             ] GC(445) Pause Young (Allocation Failure) 1779M->1225M(1979M) 3.954ms
[55.435s][info][gc,cpu         ] GC(445) User=0.00s Sys=0.00s Real=0.01s
[55.522s][info][gc,start       ] GC(446) Pause Young (Allocation Failure)
[55.527s][info][gc,heap        ] GC(446) DefNew: 580534K(629120K)->26966K(629120K) Eden: 559232K(559232K)->0K(559232K) From: 21302K(69888K)->26966K(69888K)
[55.527s][info][gc,heap        ] GC(446) Tenured: 1233303K(1398144K)->1233303K(1398144K)
[55.527s][info][gc,metaspace   ] GC(446) Metaspace: 128508K(130240K)->128508K(130240K) NonClass: 111707K(112448K)->111707K(112448K) Class: 16800K(17792K)->16800K(17792K)
[55.527s][info][gc             ] GC(446) Pause Young (Allocation Failure) 1771M->1230M(1979M) 4.424ms
[55.527s][info][gc,cpu         ] GC(446) User=0.00s Sys=0.00s Real=0.00s
[55.615s][info][gc,start       ] GC(447) Pause Young (Allocation Failure)
[55.620s][info][gc,heap        ] GC(447) DefNew: 586198K(629120K)->22783K(629120K) Eden: 559232K(559232K)->0K(559232K) From: 26966K(69888K)->22783K(69888K)
[55.620s][info][gc,heap        ] GC(447) Tenured: 1233303K(1398144K)->1237400K(1398144K)
[55.620s][info][gc,metaspace   ] GC(447) Metaspace: 128508K(130240K)->128508K(130240K) NonClass: 111707K(112448K)->111707K(112448K) Class: 16800K(17792K)->16800K(17792K)
[55.620s][info][gc             ] GC(447) Pause Young (Allocation Failure) 1776M->1230M(1979M) 4.581ms
[55.620s][info][gc,cpu         ] GC(447) User=0.00s Sys=0.00s Real=0.02s
[55.708s][info][gc,start       ] GC(448) Pause Young (Allocation Failure)
[55.712s][info][gc,heap        ] GC(448) DefNew: 582015K(629120K)->10718K(629120K) Eden: 559232K(559232K)->0K(559232K) From: 22783K(69888K)->10718K(69888K)
[55.712s][info][gc,heap        ] GC(448) Tenured: 1237400K(1398144K)->1245636K(1398144K)
[55.712s][info][gc,metaspace   ] GC(448) Metaspace: 128508K(130240K)->128508K(130240K) NonClass: 111707K(112448K)->111707K(112448K) Class: 16800K(17792K)->16800K(17792K)
[55.712s][info][gc             ] GC(448) Pause Young (Allocation Failure) 1776M->1226M(1979M) 3.770ms
[55.712s][info][gc,cpu         ] GC(448) User=0.00s Sys=0.00s Real=0.00s
[55.800s][info][gc,start       ] GC(449) Pause Young (Allocation Failure)
[55.803s][info][gc,heap        ] GC(449) DefNew: 569950K(629120K)->17761K(629120K) Eden: 559232K(559232K)->0K(559232K) From: 10718K(69888K)->17761K(69888K)
[55.803s][info][gc,heap        ] GC(449) Tenured: 1245636K(1398144K)->1245636K(1398144K)
[55.803s][info][gc,metaspace   ] GC(449) Metaspace: 128508K(130240K)->128508K(130240K) NonClass: 111707K(112448K)->111707K(112448K) Class: 16800K(17792K)->16800K(17792K)
[55.803s][info][gc             ] GC(449) Pause Young (Allocation Failure) 1773M->1233M(1979M) 3.510ms
[55.803s][info][gc,cpu         ] GC(449) User=0.00s Sys=0.00s Real=0.00s
[55.891s][info][gc,start       ] GC(450) Pause Young (Allocation Failure)
[55.894s][info][gc,heap        ] GC(450) DefNew: 576993K(629120K)->8695K(629120K) Eden: 559232K(559232K)->0K(559232K) From: 17761K(69888K)->8695K(69888K)
[55.894s][info][gc,heap        ] GC(450) Tenured: 1245636K(1398144K)->1245636K(1398144K)
[55.894s][info][gc,metaspace   ] GC(450) Metaspace: 128508K(130240K)->128508K(130240K) NonClass: 111707K(112448K)->111707K(112448K) Class: 16800K(17792K)->16800K(17792K)
[55.894s][info][gc             ] GC(450) Pause Young (Allocation Failure) 1779M->1224M(1979M) 2.528ms
[55.894s][info][gc,cpu         ] GC(450) User=0.00s Sys=0.00s Real=0.00s
[56.003s][info][gc,start       ] GC(451) Pause Young (Allocation Failure)
[56.007s][info][gc,heap        ] GC(451) DefNew: 567927K(629120K)->14137K(629120K) Eden: 559232K(559232K)->0K(559232K) From: 8695K(69888K)->14137K(69888K)
[56.007s][info][gc,heap        ] GC(451) Tenured: 1245636K(1398144K)->1245636K(1398144K)
[56.007s][info][gc,metaspace   ] GC(451) Metaspace: 128512K(130304K)->128512K(130304K) NonClass: 111712K(112512K)->111712K(112512K) Class: 16800K(17792K)->16800K(17792K)
[56.007s][info][gc             ] GC(451) Pause Young (Allocation Failure) 1771M->1230M(1979M) 3.218ms
[56.007s][info][gc,cpu         ] GC(451) User=0.00s Sys=0.00s Real=0.00s
[56.176s][info][gc,start       ] GC(452) Pause Full (System.gc())
[56.176s][info][gc,phases,start] GC(452) Phase 1: Mark live objects
[56.226s][info][gc,phases      ] GC(452) Phase 1: Mark live objects 49.589ms
[56.226s][info][gc,phases,start] GC(452) Phase 2: Compute new object addresses
[56.267s][info][gc,phases      ] GC(452) Phase 2: Compute new object addresses 41.733ms
[56.267s][info][gc,phases,start] GC(452) Phase 3: Adjust pointers
[56.295s][info][gc,phases      ] GC(452) Phase 3: Adjust pointers 27.878ms
[56.295s][info][gc,phases,start] GC(452) Phase 4: Move objects
[56.379s][info][gc,phases      ] GC(452) Phase 4: Move objects 83.948ms
[56.380s][info][gc,heap        ] GC(452) DefNew: 250954K(629120K)->0K(629120K) Eden: 236816K(559232K)->0K(559232K) From: 14137K(69888K)->0K(69888K)
[56.380s][info][gc,heap        ] GC(452) Tenured: 1245636K(1398144K)->968490K(1398144K)
[56.380s][info][gc,metaspace   ] GC(452) Metaspace: 128539K(130304K)->128539K(130304K) NonClass: 111738K(112512K)->111738K(112512K) Class: 16801K(17792K)->16801K(17792K)
[56.380s][info][gc             ] GC(452) Pause Full (System.gc()) 1461M->945M(1979M) 204.175ms
[56.380s][info][gc,cpu         ] GC(452) User=0.22s Sys=0.00s Real=0.20s
[56.539s][info][gc,start       ] GC(453) Pause Young (Allocation Failure)
[56.545s][info][gc,heap        ] GC(453) DefNew: 559232K(629120K)->6494K(629120K) Eden: 559232K(559232K)->0K(559232K) From: 0K(69888K)->6494K(69888K)
[56.545s][info][gc,heap        ] GC(453) Tenured: 968490K(1398144K)->968490K(1398144K)
[56.545s][info][gc,metaspace   ] GC(453) Metaspace: 128649K(130368K)->128649K(130368K) NonClass: 111847K(112576K)->111847K(112576K) Class: 16802K(17792K)->16802K(17792K)
[56.545s][info][gc             ] GC(453) Pause Young (Allocation Failure) 1491M->952M(1979M) 6.466ms
[56.545s][info][gc,cpu         ] GC(453) User=0.00s Sys=0.00s Real=0.01s
[56.603s][info][gc,start       ] GC(454) Pause Young (Allocation Failure)
[56.607s][info][gc,heap        ] GC(454) DefNew: 565726K(629120K)->12090K(629120K) Eden: 559232K(559232K)->0K(559232K) From: 6494K(69888K)->12090K(69888K)
[56.607s][info][gc,heap        ] GC(454) Tenured: 968490K(1398144K)->968490K(1398144K)
[56.607s][info][gc,metaspace   ] GC(454) Metaspace: 128649K(130368K)->128649K(130368K) NonClass: 111847K(112576K)->111847K(112576K) Class: 16802K(17792K)->16802K(17792K)
[56.607s][info][gc             ] GC(454) Pause Young (Allocation Failure) 1498M->957M(1979M) 4.146ms
[56.607s][info][gc,cpu         ] GC(454) User=0.00s Sys=0.00s Real=0.00s
[56.663s][info][gc,start       ] GC(455) Pause Young (Allocation Failure)
[56.667s][info][gc,heap        ] GC(455) DefNew: 571322K(629120K)->9032K(629120K) Eden: 559232K(559232K)->0K(559232K) From: 12090K(69888K)->9032K(69888K)
[56.667s][info][gc,heap        ] GC(455) Tenured: 968490K(1398144K)->968490K(1398144K)
[56.667s][info][gc,metaspace   ] GC(455) Metaspace: 128649K(130368K)->128649K(130368K) NonClass: 111847K(112576K)->111847K(112576K) Class: 16802K(17792K)->16802K(17792K)
[56.667s][info][gc             ] GC(455) Pause Young (Allocation Failure) 1503M->954M(1979M) 4.040ms
[56.667s][info][gc,cpu         ] GC(455) User=0.00s Sys=0.00s Real=0.02s
[56.726s][info][gc,start       ] GC(456) Pause Young (Allocation Failure)
[56.730s][info][gc,heap        ] GC(456) DefNew: 568264K(629120K)->10780K(629120K) Eden: 559232K(559232K)->0K(559232K) From: 9032K(69888K)->10780K(69888K)
[56.730s][info][gc,heap        ] GC(456) Tenured: 968490K(1398144K)->968490K(1398144K)
[56.730s][info][gc,metaspace   ] GC(456) Metaspace: 128649K(130368K)->128649K(130368K) NonClass: 111847K(112576K)->111847K(112576K) Class: 16802K(17792K)->16802K(17792K)
[56.730s][info][gc             ] GC(456) Pause Young (Allocation Failure) 1500M->956M(1979M) 4.428ms
[56.730s][info][gc,cpu         ] GC(456) User=0.00s Sys=0.00s Real=0.00s
[56.792s][info][gc,start       ] GC(457) Pause Young (Allocation Failure)
[56.797s][info][gc,heap        ] GC(457) DefNew: 570012K(629120K)->17323K(629120K) Eden: 559232K(559232K)->0K(559232K) From: 10780K(69888K)->17323K(69888K)
[56.797s][info][gc,heap        ] GC(457) Tenured: 968490K(1398144K)->968490K(1398144K)
[56.797s][info][gc,metaspace   ] GC(457) Metaspace: 128669K(130432K)->128669K(130432K) NonClass: 111865K(112640K)->111865K(112640K) Class: 16804K(17792K)->16804K(17792K)
[56.797s][info][gc             ] GC(457) Pause Young (Allocation Failure) 1502M->962M(1979M) 5.471ms
[56.797s][info][gc,cpu         ] GC(457) User=0.03s Sys=0.00s Real=0.00s
[56.855s][info][gc,start       ] GC(458) Pause Young (Allocation Failure)
[56.861s][info][gc,heap        ] GC(458) DefNew: 576555K(629120K)->26889K(629120K) Eden: 559232K(559232K)->0K(559232K) From: 17323K(69888K)->26889K(69888K)
[56.861s][info][gc,heap        ] GC(458) Tenured: 968490K(1398144K)->968490K(1398144K)
[56.861s][info][gc,metaspace   ] GC(458) Metaspace: 128669K(130432K)->128669K(130432K) NonClass: 111865K(112640K)->111865K(112640K) Class: 16804K(17792K)->16804K(17792K)
[56.861s][info][gc             ] GC(458) Pause Young (Allocation Failure) 1508M->972M(1979M) 5.595ms
[56.861s][info][gc,cpu         ] GC(458) User=0.03s Sys=0.00s Real=0.00s
[56.919s][info][gc,start       ] GC(459) Pause Young (Allocation Failure)
[56.925s][info][gc,heap        ] GC(459) DefNew: 586121K(629120K)->24548K(629120K) Eden: 559232K(559232K)->0K(559232K) From: 26889K(69888K)->24548K(69888K)
[56.925s][info][gc,heap        ] GC(459) Tenured: 968490K(1398144K)->968490K(1398144K)
[56.925s][info][gc,metaspace   ] GC(459) Metaspace: 128669K(130432K)->128669K(130432K) NonClass: 111865K(112640K)->111865K(112640K) Class: 16804K(17792K)->16804K(17792K)
[56.925s][info][gc             ] GC(459) Pause Young (Allocation Failure) 1518M->969M(1979M) 5.710ms
[56.925s][info][gc,cpu         ] GC(459) User=0.02s Sys=0.00s Real=0.00s
[56.984s][info][gc,start       ] GC(460) Pause Young (Allocation Failure)
[56.991s][info][gc,heap        ] GC(460) DefNew: 583780K(629120K)->35980K(629120K) Eden: 559232K(559232K)->0K(559232K) From: 24548K(69888K)->35980K(69888K)
[56.991s][info][gc,heap        ] GC(460) Tenured: 968490K(1398144K)->968490K(1398144K)
[56.991s][info][gc,metaspace   ] GC(460) Metaspace: 128669K(130432K)->128669K(130432K) NonClass: 111865K(112640K)->111865K(112640K) Class: 16804K(17792K)->16804K(17792K)
[56.991s][info][gc             ] GC(460) Pause Young (Allocation Failure) 1515M->980M(1979M) 6.796ms
[56.991s][info][gc,cpu         ] GC(460) User=0.03s Sys=0.00s Real=0.00s
[57.050s][info][gc,start       ] GC(461) Pause Young (Allocation Failure)
[57.057s][info][gc,heap        ] GC(461) DefNew: 595212K(629120K)->31140K(629120K) Eden: 559232K(559232K)->0K(559232K) From: 35980K(69888K)->31140K(69888K)
[57.057s][info][gc,heap        ] GC(461) Tenured: 968490K(1398144K)->970080K(1398144K)
[57.057s][info][gc,metaspace   ] GC(461) Metaspace: 128669K(130432K)->128669K(130432K) NonClass: 111865K(112640K)->111865K(112640K) Class: 16804K(17792K)->16804K(17792K)
[57.057s][info][gc             ] GC(461) Pause Young (Allocation Failure) 1527M->977M(1979M) 6.796ms
[57.057s][info][gc,cpu         ] GC(461) User=0.00s Sys=0.00s Real=0.00s
[57.119s][info][gc,start       ] GC(462) Pause Young (Allocation Failure)
[57.126s][info][gc,heap        ] GC(462) DefNew: 590372K(629120K)->43543K(629120K) Eden: 559232K(559232K)->0K(559232K) From: 31140K(69888K)->43543K(69888K)
[57.126s][info][gc,heap        ] GC(462) Tenured: 970080K(1398144K)->970080K(1398144K)
[57.126s][info][gc,metaspace   ] GC(462) Metaspace: 128669K(130432K)->128669K(130432K) NonClass: 111865K(112640K)->111865K(112640K) Class: 16804K(17792K)->16804K(17792K)
[57.126s][info][gc             ] GC(462) Pause Young (Allocation Failure) 1523M->989M(1979M) 7.011ms
[57.126s][info][gc,cpu         ] GC(462) User=0.03s Sys=0.00s Real=0.02s
[57.186s][info][gc,start       ] GC(463) Pause Young (Allocation Failure)
[57.192s][info][gc,heap        ] GC(463) DefNew: 602775K(629120K)->31026K(629120K) Eden: 559232K(559232K)->0K(559232K) From: 43543K(69888K)->31026K(69888K)
[57.192s][info][gc,heap        ] GC(463) Tenured: 970080K(1398144K)->982679K(1398144K)
[57.192s][info][gc,metaspace   ] GC(463) Metaspace: 128669K(130432K)->128669K(130432K) NonClass: 111865K(112640K)->111865K(112640K) Class: 16804K(17792K)->16804K(17792K)
[57.192s][info][gc             ] GC(463) Pause Young (Allocation Failure) 1535M->989M(1979M) 6.337ms
[57.192s][info][gc,cpu         ] GC(463) User=0.02s Sys=0.00s Real=0.00s
[57.251s][info][gc,start       ] GC(464) Pause Young (Allocation Failure)
[57.257s][info][gc,heap        ] GC(464) DefNew: 590258K(629120K)->37187K(629120K) Eden: 559232K(559232K)->0K(559232K) From: 31026K(69888K)->37187K(69888K)
[57.257s][info][gc,heap        ] GC(464) Tenured: 982679K(1398144K)->982679K(1398144K)
[57.257s][info][gc,metaspace   ] GC(464) Metaspace: 128669K(130432K)->128669K(130432K) NonClass: 111865K(112640K)->111865K(112640K) Class: 16804K(17792K)->16804K(17792K)
[57.257s][info][gc             ] GC(464) Pause Young (Allocation Failure) 1536M->995M(1979M) 5.402ms
[57.257s][info][gc,cpu         ] GC(464) User=0.00s Sys=0.00s Real=0.00s
[57.312s][info][gc,start       ] GC(465) Pause Young (Allocation Failure)
[57.317s][info][gc,heap        ] GC(465) DefNew: 596419K(629120K)->31041K(629120K) Eden: 559232K(559232K)->0K(559232K) From: 37187K(69888K)->31041K(69888K)
[57.317s][info][gc,heap        ] GC(465) Tenured: 982679K(1398144K)->990875K(1398144K)
[57.317s][info][gc,metaspace   ] GC(465) Metaspace: 128669K(130432K)->128669K(130432K) NonClass: 111865K(112640K)->111865K(112640K) Class: 16804K(17792K)->16804K(17792K)
[57.317s][info][gc             ] GC(465) Pause Young (Allocation Failure) 1542M->997M(1979M) 5.490ms
[57.317s][info][gc,cpu         ] GC(465) User=0.00s Sys=0.00s Real=0.00s
[57.374s][info][gc,start       ] GC(466) Pause Young (Allocation Failure)
[57.379s][info][gc,heap        ] GC(466) DefNew: 590273K(629120K)->39539K(629120K) Eden: 559232K(559232K)->0K(559232K) From: 31041K(69888K)->39539K(69888K)
[57.379s][info][gc,heap        ] GC(466) Tenured: 990875K(1398144K)->990875K(1398144K)
[57.379s][info][gc,metaspace   ] GC(466) Metaspace: 128669K(130432K)->128669K(130432K) NonClass: 111865K(112640K)->111865K(112640K) Class: 16804K(17792K)->16804K(17792K)
[57.379s][info][gc             ] GC(466) Pause Young (Allocation Failure) 1544M->1006M(1979M) 5.323ms
[57.379s][info][gc,cpu         ] GC(466) User=0.00s Sys=0.00s Real=0.00s
[57.434s][info][gc,start       ] GC(467) Pause Young (Allocation Failure)
[57.439s][info][gc,heap        ] GC(467) DefNew: 598771K(629120K)->31020K(629120K) Eden: 559232K(559232K)->0K(559232K) From: 39539K(69888K)->31020K(69888K)
[57.439s][info][gc,heap        ] GC(467) Tenured: 990875K(1398144K)->999069K(1398144K)
[57.439s][info][gc,metaspace   ] GC(467) Metaspace: 128669K(130432K)->128669K(130432K) NonClass: 111865K(112640K)->111865K(112640K) Class: 16804K(17792K)->16804K(17792K)
[57.439s][info][gc             ] GC(467) Pause Young (Allocation Failure) 1552M->1005M(1979M) 5.485ms
[57.439s][info][gc,cpu         ] GC(467) User=0.00s Sys=0.00s Real=0.01s
[57.496s][info][gc,start       ] GC(468) Pause Young (Allocation Failure)
[57.501s][info][gc,heap        ] GC(468) DefNew: 590252K(629120K)->33951K(629120K) Eden: 559232K(559232K)->0K(559232K) From: 31020K(69888K)->33951K(69888K)
[57.501s][info][gc,heap        ] GC(468) Tenured: 999069K(1398144K)->999069K(1398144K)
[57.501s][info][gc,metaspace   ] GC(468) Metaspace: 128669K(130432K)->128669K(130432K) NonClass: 111865K(112640K)->111865K(112640K) Class: 16804K(17792K)->16804K(17792K)
[57.501s][info][gc             ] GC(468) Pause Young (Allocation Failure) 1552M->1008M(1979M) 4.996ms
[57.501s][info][gc,cpu         ] GC(468) User=0.00s Sys=0.00s Real=0.02s
[57.560s][info][gc,start       ] GC(469) Pause Young (Allocation Failure)
[57.566s][info][gc,heap        ] GC(469) DefNew: 593183K(629120K)->42570K(629120K) Eden: 559232K(559232K)->0K(559232K) From: 33951K(69888K)->42570K(69888K)
[57.567s][info][gc,heap        ] GC(469) Tenured: 999069K(1398144K)->999069K(1398144K)
[57.567s][info][gc,metaspace   ] GC(469) Metaspace: 128674K(130432K)->128674K(130432K) NonClass: 111869K(112640K)->111869K(112640K) Class: 16804K(17792K)->16804K(17792K)
[57.567s][info][gc             ] GC(469) Pause Young (Allocation Failure) 1554M->1017M(1979M) 6.323ms
[57.567s][info][gc,cpu         ] GC(469) User=0.00s Sys=0.00s Real=0.00s
[57.638s][info][gc,start       ] GC(470) Pause Young (Allocation Failure)
[57.645s][info][gc,heap        ] GC(470) DefNew: 599620K(629120K)->45881K(629120K) Eden: 557049K(559232K)->0K(559232K) From: 42570K(69888K)->45881K(69888K)
[57.645s][info][gc,heap        ] GC(470) Tenured: 999069K(1398144K)->1007264K(1398144K)
[57.645s][info][gc,metaspace   ] GC(470) Metaspace: 128677K(130432K)->128677K(130432K) NonClass: 111872K(112640K)->111872K(112640K) Class: 16804K(17792K)->16804K(17792K)
[57.645s][info][gc             ] GC(470) Pause Young (Allocation Failure) 1561M->1028M(1979M) 7.712ms
[57.645s][info][gc,cpu         ] GC(470) User=0.00s Sys=0.00s Real=0.00s
[57.734s][info][gc,start       ] GC(471) Pause Young (Allocation Failure)
[57.742s][info][gc,heap        ] GC(471) DefNew: 605113K(629120K)->43763K(629120K) Eden: 559232K(559232K)->0K(559232K) From: 45881K(69888K)->43763K(69888K)
[57.742s][info][gc,heap        ] GC(471) Tenured: 1007264K(1398144K)->1019575K(1398144K)
[57.742s][info][gc,metaspace   ] GC(471) Metaspace: 128677K(130432K)->128677K(130432K) NonClass: 111872K(112640K)->111872K(112640K) Class: 16804K(17792K)->16804K(17792K)
[57.742s][info][gc             ] GC(471) Pause Young (Allocation Failure) 1574M->1038M(1979M) 7.835ms
[57.742s][info][gc,cpu         ] GC(471) User=0.00s Sys=0.00s Real=0.00s
[57.831s][info][gc,start       ] GC(472) Pause Young (Allocation Failure)
[57.838s][info][gc,heap        ] GC(472) DefNew: 602995K(629120K)->43590K(629120K) Eden: 559232K(559232K)->0K(559232K) From: 43763K(69888K)->43590K(69888K)
[57.838s][info][gc,heap        ] GC(472) Tenured: 1019575K(1398144K)->1031847K(1398144K)
[57.838s][info][gc,metaspace   ] GC(472) Metaspace: 128677K(130432K)->128677K(130432K) NonClass: 111872K(112640K)->111872K(112640K) Class: 16804K(17792K)->16804K(17792K)
[57.838s][info][gc             ] GC(472) Pause Young (Allocation Failure) 1584M->1050M(1979M) 7.111ms
[57.838s][info][gc,cpu         ] GC(472) User=0.00s Sys=0.00s Real=0.01s
[57.926s][info][gc,start       ] GC(473) Pause Young (Allocation Failure)
[57.933s][info][gc,heap        ] GC(473) DefNew: 602004K(629120K)->50509K(629120K) Eden: 558414K(559232K)->0K(559232K) From: 43590K(69888K)->50509K(69888K)
[57.933s][info][gc,heap        ] GC(473) Tenured: 1031847K(1398144K)->1040535K(1398144K)
[57.933s][info][gc,metaspace   ] GC(473) Metaspace: 128677K(130432K)->128677K(130432K) NonClass: 111872K(112640K)->111872K(112640K) Class: 16804K(17792K)->16804K(17792K)
[57.933s][info][gc             ] GC(473) Pause Young (Allocation Failure) 1595M->1065M(1979M) 7.582ms
[57.933s][info][gc,cpu         ] GC(473) User=0.00s Sys=0.00s Real=0.02s
[58.023s][info][gc,start       ] GC(474) Pause Young (Allocation Failure)
[58.030s][info][gc,heap        ] GC(474) DefNew: 609741K(629120K)->45825K(629120K) Eden: 559232K(559232K)->0K(559232K) From: 50509K(69888K)->45825K(69888K)
[58.030s][info][gc,heap        ] GC(474) Tenured: 1040535K(1398144K)->1056906K(1398144K)
[58.030s][info][gc,metaspace   ] GC(474) Metaspace: 128677K(130432K)->128677K(130432K) NonClass: 111872K(112640K)->111872K(112640K) Class: 16804K(17792K)->16804K(17792K)
[58.030s][info][gc             ] GC(474) Pause Young (Allocation Failure) 1611M->1076M(1979M) 7.707ms
[58.031s][info][gc,cpu         ] GC(474) User=0.00s Sys=0.00s Real=0.02s
[58.121s][info][gc,start       ] GC(475) Pause Young (Allocation Failure)
[58.128s][info][gc,heap        ] GC(475) DefNew: 605057K(629120K)->44093K(629120K) Eden: 559232K(559232K)->0K(559232K) From: 45825K(69888K)->44093K(69888K)
[58.128s][info][gc,heap        ] GC(475) Tenured: 1056906K(1398144K)->1073294K(1398144K)
[58.128s][info][gc,metaspace   ] GC(475) Metaspace: 128677K(130432K)->128677K(130432K) NonClass: 111872K(112640K)->111872K(112640K) Class: 16804K(17792K)->16804K(17792K)
[58.128s][info][gc             ] GC(475) Pause Young (Allocation Failure) 1623M->1091M(1979M) 7.615ms
[58.128s][info][gc,cpu         ] GC(475) User=0.00s Sys=0.00s Real=0.00s
[58.221s][info][gc,start       ] GC(476) Pause Young (Allocation Failure)
[58.228s][info][gc,heap        ] GC(476) DefNew: 603325K(629120K)->27868K(629120K) Eden: 559232K(559232K)->0K(559232K) From: 44093K(69888K)->27868K(69888K)
[58.228s][info][gc,heap        ] GC(476) Tenured: 1073294K(1398144K)->1097877K(1398144K)
[58.228s][info][gc,metaspace   ] GC(476) Metaspace: 128678K(130432K)->128678K(130432K) NonClass: 111874K(112640K)->111874K(112640K) Class: 16804K(17792K)->16804K(17792K)
[58.228s][info][gc             ] GC(476) Pause Young (Allocation Failure) 1637M->1099M(1979M) 7.208ms
[58.228s][info][gc,cpu         ] GC(476) User=0.00s Sys=0.00s Real=0.00s
[58.314s][info][gc,start       ] GC(477) Pause Young (Allocation Failure)
[58.318s][info][gc,heap        ] GC(477) DefNew: 587100K(629120K)->33698K(629120K) Eden: 559232K(559232K)->0K(559232K) From: 27868K(69888K)->33698K(69888K)
[58.319s][info][gc,heap        ] GC(477) Tenured: 1097877K(1398144K)->1097877K(1398144K)
[58.319s][info][gc,metaspace   ] GC(477) Metaspace: 128678K(130432K)->128678K(130432K) NonClass: 111874K(112640K)->111874K(112640K) Class: 16804K(17792K)->16804K(17792K)
[58.319s][info][gc             ] GC(477) Pause Young (Allocation Failure) 1645M->1105M(1979M) 4.923ms
[58.319s][info][gc,cpu         ] GC(477) User=0.00s Sys=0.00s Real=0.00s
[58.405s][info][gc,start       ] GC(478) Pause Young (Allocation Failure)
[58.411s][info][gc,heap        ] GC(478) DefNew: 592930K(629120K)->44527K(629120K) Eden: 559232K(559232K)->0K(559232K) From: 33698K(69888K)->44527K(69888K)
[58.411s][info][gc,heap        ] GC(478) Tenured: 1097877K(1398144K)->1097877K(1398144K)
[58.411s][info][gc,metaspace   ] GC(478) Metaspace: 128678K(130432K)->128678K(130432K) NonClass: 111874K(112640K)->111874K(112640K) Class: 16804K(17792K)->16804K(17792K)
[58.411s][info][gc             ] GC(478) Pause Young (Allocation Failure) 1651M->1115M(1979M) 6.128ms
[58.411s][info][gc,cpu         ] GC(478) User=0.00s Sys=0.00s Real=0.00s
[58.499s][info][gc,start       ] GC(479) Pause Young (Allocation Failure)
[58.507s][info][gc,heap        ] GC(479) DefNew: 603759K(629120K)->41809K(629120K) Eden: 559232K(559232K)->0K(559232K) From: 44527K(69888K)->41809K(69888K)
[58.507s][info][gc,heap        ] GC(479) Tenured: 1097877K(1398144K)->1110170K(1398144K)
[58.507s][info][gc,metaspace   ] GC(479) Metaspace: 128678K(130432K)->128678K(130432K) NonClass: 111874K(112640K)->111874K(112640K) Class: 16804K(17792K)->16804K(17792K)
[58.507s][info][gc             ] GC(479) Pause Young (Allocation Failure) 1661M->1124M(1979M) 7.209ms
[58.507s][info][gc,cpu         ] GC(479) User=0.00s Sys=0.00s Real=0.00s
[58.595s][info][gc,start       ] GC(480) Pause Young (Allocation Failure)
[58.602s][info][gc,heap        ] GC(480) DefNew: 601041K(629120K)->41364K(629120K) Eden: 559232K(559232K)->0K(559232K) From: 41809K(69888K)->41364K(69888K)
[58.602s][info][gc,heap        ] GC(480) Tenured: 1110170K(1398144K)->1122509K(1398144K)
[58.602s][info][gc,metaspace   ] GC(480) Metaspace: 128678K(130432K)->128678K(130432K) NonClass: 111874K(112640K)->111874K(112640K) Class: 16804K(17792K)->16804K(17792K)
[58.602s][info][gc             ] GC(480) Pause Young (Allocation Failure) 1671M->1136M(1979M) 6.726ms
[58.602s][info][gc,cpu         ] GC(480) User=0.00s Sys=0.00s Real=0.00s
[58.690s][info][gc,start       ] GC(481) Pause Young (Allocation Failure)
[58.696s][info][gc,heap        ] GC(481) DefNew: 600596K(629120K)->33555K(629120K) Eden: 559232K(559232K)->0K(559232K) From: 41364K(69888K)->33555K(69888K)
[58.696s][info][gc,heap        ] GC(481) Tenured: 1122509K(1398144K)->1130705K(1398144K)
[58.696s][info][gc,metaspace   ] GC(481) Metaspace: 128678K(130432K)->128678K(130432K) NonClass: 111874K(112640K)->111874K(112640K) Class: 16804K(17792K)->16804K(17792K)
[58.696s][info][gc             ] GC(481) Pause Young (Allocation Failure) 1682M->1136M(1979M) 5.827ms
[58.696s][info][gc,cpu         ] GC(481) User=0.00s Sys=0.00s Real=0.00s
[58.785s][info][gc,start       ] GC(482) Pause Young (Allocation Failure)
[58.791s][info][gc,heap        ] GC(482) DefNew: 592787K(629120K)->40969K(629120K) Eden: 559232K(559232K)->0K(559232K) From: 33555K(69888K)->40969K(69888K)
[58.791s][info][gc,heap        ] GC(482) Tenured: 1130705K(1398144K)->1130705K(1398144K)
[58.791s][info][gc,metaspace   ] GC(482) Metaspace: 128678K(130432K)->128678K(130432K) NonClass: 111874K(112640K)->111874K(112640K) Class: 16804K(17792K)->16804K(17792K)
[58.791s][info][gc             ] GC(482) Pause Young (Allocation Failure) 1683M->1144M(1979M) 5.580ms
[58.791s][info][gc,cpu         ] GC(482) User=0.00s Sys=0.00s Real=0.00s
[58.878s][info][gc,start       ] GC(483) Pause Young (Allocation Failure)
[58.884s][info][gc,heap        ] GC(483) DefNew: 600201K(629120K)->35019K(629120K) Eden: 559232K(559232K)->0K(559232K) From: 40969K(69888K)->35019K(69888K)
[58.884s][info][gc,heap        ] GC(483) Tenured: 1130705K(1398144K)->1142997K(1398144K)
[58.884s][info][gc,metaspace   ] GC(483) Metaspace: 128678K(130432K)->128678K(130432K) NonClass: 111874K(112640K)->111874K(112640K) Class: 16804K(17792K)->16804K(17792K)
[58.884s][info][gc             ] GC(483) Pause Young (Allocation Failure) 1690M->1150M(1979M) 5.967ms
[58.884s][info][gc,cpu         ] GC(483) User=0.00s Sys=0.00s Real=0.00s
[58.976s][info][gc,start       ] GC(484) Pause Young (Allocation Failure)
[58.982s][info][gc,heap        ] GC(484) DefNew: 594251K(629120K)->36050K(629120K) Eden: 559232K(559232K)->0K(559232K) From: 35019K(69888K)->36050K(69888K)
[58.982s][info][gc,heap        ] GC(484) Tenured: 1142997K(1398144K)->1147094K(1398144K)
[58.982s][info][gc,metaspace   ] GC(484) Metaspace: 128684K(130432K)->128684K(130432K) NonClass: 111879K(112640K)->111879K(112640K) Class: 16804K(17792K)->16804K(17792K)
[58.982s][info][gc             ] GC(484) Pause Young (Allocation Failure) 1696M->1155M(1979M) 6.066ms
[58.982s][info][gc,cpu         ] GC(484) User=0.00s Sys=0.00s Real=0.00s
[59.064s][info][gc,start       ] GC(485) Pause Young (Allocation Failure)
[59.070s][info][gc,heap        ] GC(485) DefNew: 595282K(629120K)->30974K(629120K) Eden: 559232K(559232K)->0K(559232K) From: 36050K(69888K)->30974K(69888K)
[59.070s][info][gc,heap        ] GC(485) Tenured: 1147094K(1398144K)->1155288K(1398144K)
[59.070s][info][gc,metaspace   ] GC(485) Metaspace: 128684K(130432K)->128684K(130432K) NonClass: 111879K(112640K)->111879K(112640K) Class: 16804K(17792K)->16804K(17792K)
[59.070s][info][gc             ] GC(485) Pause Young (Allocation Failure) 1701M->1158M(1979M) 5.874ms
[59.070s][info][gc,cpu         ] GC(485) User=0.00s Sys=0.00s Real=0.00s
[59.154s][info][gc,start       ] GC(486) Pause Young (Allocation Failure)
[59.158s][info][gc,heap        ] GC(486) DefNew: 590206K(629120K)->25110K(629120K) Eden: 559232K(559232K)->0K(559232K) From: 30974K(69888K)->25110K(69888K)
[59.158s][info][gc,heap        ] GC(486) Tenured: 1155288K(1398144K)->1155288K(1398144K)
[59.158s][info][gc,metaspace   ] GC(486) Metaspace: 128684K(130432K)->128684K(130432K) NonClass: 111879K(112640K)->111879K(112640K) Class: 16804K(17792K)->16804K(17792K)
[59.158s][info][gc             ] GC(486) Pause Young (Allocation Failure) 1704M->1152M(1979M) 4.436ms
[59.158s][info][gc,cpu         ] GC(486) User=0.02s Sys=0.00s Real=0.02s
[59.241s][info][gc,start       ] GC(487) Pause Young (Allocation Failure)
[59.246s][info][gc,heap        ] GC(487) DefNew: 584342K(629120K)->27858K(629120K) Eden: 559232K(559232K)->0K(559232K) From: 25110K(69888K)->27858K(69888K)
[59.246s][info][gc,heap        ] GC(487) Tenured: 1155288K(1398144K)->1155288K(1398144K)
[59.246s][info][gc,metaspace   ] GC(487) Metaspace: 128684K(130432K)->128684K(130432K) NonClass: 111879K(112640K)->111879K(112640K) Class: 16804K(17792K)->16804K(17792K)
[59.246s][info][gc             ] GC(487) Pause Young (Allocation Failure) 1698M->1155M(1979M) 4.494ms
[59.246s][info][gc,cpu         ] GC(487) User=0.00s Sys=0.00s Real=0.00s
[59.333s][info][gc,start       ] GC(488) Pause Young (Allocation Failure)
[59.339s][info][gc,heap        ] GC(488) DefNew: 587090K(629120K)->36717K(629120K) Eden: 559232K(559232K)->0K(559232K) From: 27858K(69888K)->36717K(69888K)
[59.339s][info][gc,heap        ] GC(488) Tenured: 1155288K(1398144K)->1155288K(1398144K)
[59.339s][info][gc,metaspace   ] GC(488) Metaspace: 128684K(130432K)->128684K(130432K) NonClass: 111879K(112640K)->111879K(112640K) Class: 16804K(17792K)->16804K(17792K)
[59.339s][info][gc             ] GC(488) Pause Young (Allocation Failure) 1701M->1164M(1979M) 5.836ms
[59.339s][info][gc,cpu         ] GC(488) User=0.00s Sys=0.00s Real=0.00s
[59.426s][info][gc,start       ] GC(489) Pause Young (Allocation Failure)
[59.431s][info][gc,heap        ] GC(489) DefNew: 595949K(629120K)->24630K(629120K) Eden: 559232K(559232K)->0K(559232K) From: 36717K(69888K)->24630K(69888K)
[59.431s][info][gc,heap        ] GC(489) Tenured: 1155288K(1398144K)->1163481K(1398144K)
[59.431s][info][gc,metaspace   ] GC(489) Metaspace: 128684K(130432K)->128684K(130432K) NonClass: 111879K(112640K)->111879K(112640K) Class: 16804K(17792K)->16804K(17792K)
[59.431s][info][gc             ] GC(489) Pause Young (Allocation Failure) 1710M->1160M(1979M) 5.282ms
[59.431s][info][gc,cpu         ] GC(489) User=0.00s Sys=0.00s Real=0.00s
[59.518s][info][gc,start       ] GC(490) Pause Young (Allocation Failure)
[59.522s][info][gc,heap        ] GC(490) DefNew: 583862K(629120K)->23749K(629120K) Eden: 559232K(559232K)->0K(559232K) From: 24630K(69888K)->23749K(69888K)
[59.522s][info][gc,heap        ] GC(490) Tenured: 1163481K(1398144K)->1163481K(1398144K)
[59.522s][info][gc,metaspace   ] GC(490) Metaspace: 128684K(130432K)->128684K(130432K) NonClass: 111879K(112640K)->111879K(112640K) Class: 16804K(17792K)->16804K(17792K)
[59.522s][info][gc             ] GC(490) Pause Young (Allocation Failure) 1706M->1159M(1979M) 3.907ms
[59.522s][info][gc,cpu         ] GC(490) User=0.00s Sys=0.00s Real=0.00s
[59.609s][info][gc,start       ] GC(491) Pause Young (Allocation Failure)
[59.613s][info][gc,heap        ] GC(491) DefNew: 582981K(629120K)->23768K(629120K) Eden: 559232K(559232K)->0K(559232K) From: 23749K(69888K)->23768K(69888K)
[59.613s][info][gc,heap        ] GC(491) Tenured: 1163481K(1398144K)->1163481K(1398144K)
[59.613s][info][gc,metaspace   ] GC(491) Metaspace: 128684K(130432K)->128684K(130432K) NonClass: 111879K(112640K)->111879K(112640K) Class: 16804K(17792K)->16804K(17792K)
[59.613s][info][gc             ] GC(491) Pause Young (Allocation Failure) 1705M->1159M(1979M) 4.084ms
[59.613s][info][gc,cpu         ] GC(491) User=0.02s Sys=0.00s Real=0.01s
[59.699s][info][gc,start       ] GC(492) Pause Young (Allocation Failure)
[59.703s][info][gc,heap        ] GC(492) DefNew: 583000K(629120K)->28527K(629120K) Eden: 559232K(559232K)->0K(559232K) From: 23768K(69888K)->28527K(69888K)
[59.703s][info][gc,heap        ] GC(492) Tenured: 1163481K(1398144K)->1163481K(1398144K)
[59.703s][info][gc,metaspace   ] GC(492) Metaspace: 128684K(130432K)->128684K(130432K) NonClass: 111879K(112640K)->111879K(112640K) Class: 16804K(17792K)->16804K(17792K)
[59.703s][info][gc             ] GC(492) Pause Young (Allocation Failure) 1705M->1164M(1979M) 4.451ms
[59.703s][info][gc,cpu         ] GC(492) User=0.02s Sys=0.00s Real=0.00s
[59.788s][info][gc,start       ] GC(493) Pause Young (Allocation Failure)
[59.793s][info][gc,heap        ] GC(493) DefNew: 581666K(629120K)->24233K(629120K) Eden: 553139K(559232K)->0K(559232K) From: 28527K(69888K)->24233K(69888K)
[59.793s][info][gc,heap        ] GC(493) Tenured: 1163481K(1398144K)->1163481K(1398144K)
[59.793s][info][gc,metaspace   ] GC(493) Metaspace: 128684K(130432K)->128684K(130432K) NonClass: 111879K(112640K)->111879K(112640K) Class: 16804K(17792K)->16804K(17792K)
[59.793s][info][gc             ] GC(493) Pause Young (Allocation Failure) 1704M->1159M(1979M) 4.327ms
[59.793s][info][gc,cpu         ] GC(493) User=0.00s Sys=0.00s Real=0.00s
[59.880s][info][gc,start       ] GC(494) Pause Young (Allocation Failure)
[59.884s][info][gc,heap        ] GC(494) DefNew: 583465K(629120K)->24049K(629120K) Eden: 559232K(559232K)->0K(559232K) From: 24233K(69888K)->24049K(69888K)
[59.884s][info][gc,heap        ] GC(494) Tenured: 1163481K(1398144K)->1163481K(1398144K)
[59.884s][info][gc,metaspace   ] GC(494) Metaspace: 128684K(130432K)->128684K(130432K) NonClass: 111879K(112640K)->111879K(112640K) Class: 16804K(17792K)->16804K(17792K)
[59.884s][info][gc             ] GC(494) Pause Young (Allocation Failure) 1706M->1159M(1979M) 4.184ms
[59.884s][info][gc,cpu         ] GC(494) User=0.00s Sys=0.00s Real=0.00s
[59.971s][info][gc,start       ] GC(495) Pause Young (Allocation Failure)
[59.976s][info][gc,heap        ] GC(495) DefNew: 583281K(629120K)->30041K(629120K) Eden: 559232K(559232K)->0K(559232K) From: 24049K(69888K)->30041K(69888K)
[59.976s][info][gc,heap        ] GC(495) Tenured: 1163481K(1398144K)->1163481K(1398144K)
[59.976s][info][gc,metaspace   ] GC(495) Metaspace: 128684K(130432K)->128684K(130432K) NonClass: 111879K(112640K)->111879K(112640K) Class: 16804K(17792K)->16804K(17792K)
[59.976s][info][gc             ] GC(495) Pause Young (Allocation Failure) 1705M->1165M(1979M) 4.992ms
[59.976s][info][gc,cpu         ] GC(495) User=0.00s Sys=0.00s Real=0.02s
[60.063s][info][gc,start       ] GC(496) Pause Young (Allocation Failure)
[60.067s][info][gc,heap        ] GC(496) DefNew: 589273K(629120K)->28521K(629120K) Eden: 559232K(559232K)->0K(559232K) From: 30041K(69888K)->28521K(69888K)
[60.067s][info][gc,heap        ] GC(496) Tenured: 1163481K(1398144K)->1163481K(1398144K)
[60.067s][info][gc,metaspace   ] GC(496) Metaspace: 128684K(130432K)->128684K(130432K) NonClass: 111879K(112640K)->111879K(112640K) Class: 16804K(17792K)->16804K(17792K)
[60.068s][info][gc             ] GC(496) Pause Young (Allocation Failure) 1711M->1164M(1979M) 4.536ms
[60.068s][info][gc,cpu         ] GC(496) User=0.00s Sys=0.00s Real=0.02s
[60.157s][info][gc,start       ] GC(497) Pause Young (Allocation Failure)
[60.161s][info][gc,heap        ] GC(497) DefNew: 587753K(629120K)->24611K(629120K) Eden: 559232K(559232K)->0K(559232K) From: 28521K(69888K)->24611K(69888K)
[60.161s][info][gc,heap        ] GC(497) Tenured: 1163481K(1398144K)->1163481K(1398144K)
[60.161s][info][gc,metaspace   ] GC(497) Metaspace: 128684K(130432K)->128684K(130432K) NonClass: 111879K(112640K)->111879K(112640K) Class: 16804K(17792K)->16804K(17792K)
[60.161s][info][gc             ] GC(497) Pause Young (Allocation Failure) 1710M->1160M(1979M) 4.052ms
[60.162s][info][gc,cpu         ] GC(497) User=0.00s Sys=0.00s Real=0.00s
[60.249s][info][gc,start       ] GC(498) Pause Young (Allocation Failure)
[60.253s][info][gc,heap        ] GC(498) DefNew: 583843K(629120K)->19937K(629120K) Eden: 559232K(559232K)->0K(559232K) From: 24611K(69888K)->19937K(69888K)
[60.253s][info][gc,heap        ] GC(498) Tenured: 1163481K(1398144K)->1167579K(1398144K)
[60.253s][info][gc,metaspace   ] GC(498) Metaspace: 128684K(130432K)->128684K(130432K) NonClass: 111879K(112640K)->111879K(112640K) Class: 16804K(17792K)->16804K(17792K)
[60.253s][info][gc             ] GC(498) Pause Young (Allocation Failure) 1706M->1159M(1979M) 4.291ms
[60.253s][info][gc,cpu         ] GC(498) User=0.00s Sys=0.00s Real=0.00s
[60.341s][info][gc,start       ] GC(499) Pause Young (Allocation Failure)
[60.345s][info][gc,heap        ] GC(499) DefNew: 579169K(629120K)->11430K(629120K) Eden: 559232K(559232K)->0K(559232K) From: 19937K(69888K)->11430K(69888K)
[60.345s][info][gc,heap        ] GC(499) Tenured: 1167579K(1398144K)->1175814K(1398144K)
[60.345s][info][gc,metaspace   ] GC(499) Metaspace: 128684K(130432K)->128684K(130432K) NonClass: 111879K(112640K)->111879K(112640K) Class: 16804K(17792K)->16804K(17792K)
[60.345s][info][gc             ] GC(499) Pause Young (Allocation Failure) 1705M->1159M(1979M) 3.775ms
[60.345s][info][gc,cpu         ] GC(499) User=0.00s Sys=0.00s Real=0.00s
[60.433s][info][gc,start       ] GC(500) Pause Young (Allocation Failure)
[60.436s][info][gc,heap        ] GC(500) DefNew: 570662K(629120K)->16182K(629120K) Eden: 559232K(559232K)->0K(559232K) From: 11430K(69888K)->16182K(69888K)
[60.436s][info][gc,heap        ] GC(500) Tenured: 1175814K(1398144K)->1175814K(1398144K)
[60.436s][info][gc,metaspace   ] GC(500) Metaspace: 128684K(130432K)->128684K(130432K) NonClass: 111879K(112640K)->111879K(112640K) Class: 16804K(17792K)->16804K(17792K)
[60.436s][info][gc             ] GC(500) Pause Young (Allocation Failure) 1705M->1164M(1979M) 3.442ms
[60.436s][info][gc,cpu         ] GC(500) User=0.00s Sys=0.00s Real=0.01s
[60.524s][info][gc,start       ] GC(501) Pause Young (Allocation Failure)
[60.527s][info][gc,heap        ] GC(501) DefNew: 575414K(629120K)->16188K(629120K) Eden: 559232K(559232K)->0K(559232K) From: 16182K(69888K)->16188K(69888K)
[60.527s][info][gc,heap        ] GC(501) Tenured: 1175814K(1398144K)->1175814K(1398144K)
[60.527s][info][gc,metaspace   ] GC(501) Metaspace: 128684K(130432K)->128684K(130432K) NonClass: 111879K(112640K)->111879K(112640K) Class: 16804K(17792K)->16804K(17792K)
[60.527s][info][gc             ] GC(501) Pause Young (Allocation Failure) 1710M->1164M(1979M) 3.455ms
[60.527s][info][gc,cpu         ] GC(501) User=0.00s Sys=0.00s Real=0.00s
[60.651s][info][gc,start       ] GC(502) Pause Young (Allocation Failure)
[60.654s][info][gc,heap        ] GC(502) DefNew: 575420K(629120K)->14182K(629120K) Eden: 559232K(559232K)->0K(559232K) From: 16188K(69888K)->14182K(69888K)
[60.654s][info][gc,heap        ] GC(502) Tenured: 1175814K(1398144K)->1175814K(1398144K)
[60.654s][info][gc,metaspace   ] GC(502) Metaspace: 128686K(130432K)->128686K(130432K) NonClass: 111881K(112640K)->111881K(112640K) Class: 16804K(17792K)->16804K(17792K)
[60.654s][info][gc             ] GC(502) Pause Young (Allocation Failure) 1710M->1162M(1979M) 3.421ms
[60.654s][info][gc,cpu         ] GC(502) User=0.00s Sys=0.00s Real=0.00s
[60.816s][info][gc,start       ] GC(503) Pause Full (System.gc())
[60.816s][info][gc,phases,start] GC(503) Phase 1: Mark live objects
[60.866s][info][gc,phases      ] GC(503) Phase 1: Mark live objects 50.056ms
[60.867s][info][gc,phases,start] GC(503) Phase 2: Compute new object addresses
[60.911s][info][gc,phases      ] GC(503) Phase 2: Compute new object addresses 44.774ms
[60.911s][info][gc,phases,start] GC(503) Phase 3: Adjust pointers
[60.939s][info][gc,phases      ] GC(503) Phase 3: Adjust pointers 27.272ms
[60.939s][info][gc,phases,start] GC(503) Phase 4: Move objects
[60.939s][info][gc,phases      ] GC(503) Phase 4: Move objects 0.053ms
[60.939s][info][gc,heap        ] GC(503) DefNew: 269429K(629120K)->0K(629120K) Eden: 255247K(559232K)->0K(559232K) From: 14182K(69888K)->0K(69888K)
[60.939s][info][gc,heap        ] GC(503) Tenured: 1175814K(1398144K)->1032287K(1398144K)
[60.939s][info][gc,metaspace   ] GC(503) Metaspace: 128737K(130496K)->128737K(130496K) NonClass: 111932K(112704K)->111932K(112704K) Class: 16804K(17792K)->16804K(17792K)
[60.939s][info][gc             ] GC(503) Pause Full (System.gc()) 1411M->1008M(1979M) 122.968ms
[60.939s][info][gc,cpu         ] GC(503) User=0.11s Sys=0.00s Real=0.13s
[61.088s][info][gc,start       ] GC(504) Pause Young (Allocation Failure)
[61.093s][info][gc,heap        ] GC(504) DefNew: 559232K(629120K)->4934K(629120K) Eden: 559232K(559232K)->0K(559232K) From: 0K(69888K)->4934K(69888K)
[61.093s][info][gc,heap        ] GC(504) Tenured: 1032287K(1398144K)->1032287K(1398144K)
[61.093s][info][gc,metaspace   ] GC(504) Metaspace: 128866K(130560K)->128866K(130560K) NonClass: 112061K(112768K)->112061K(112768K) Class: 16805K(17792K)->16805K(17792K)
[61.093s][info][gc             ] GC(504) Pause Young (Allocation Failure) 1554M->1012M(1979M) 4.808ms
[61.093s][info][gc,cpu         ] GC(504) User=0.00s Sys=0.00s Real=0.01s
[61.149s][info][gc,start       ] GC(505) Pause Young (Allocation Failure)
[61.153s][info][gc,heap        ] GC(505) DefNew: 564166K(629120K)->12082K(629120K) Eden: 559232K(559232K)->0K(559232K) From: 4934K(69888K)->12082K(69888K)
[61.153s][info][gc,heap        ] GC(505) Tenured: 1032287K(1398144K)->1032287K(1398144K)
[61.153s][info][gc,metaspace   ] GC(505) Metaspace: 128866K(130560K)->128866K(130560K) NonClass: 112061K(112768K)->112061K(112768K) Class: 16805K(17792K)->16805K(17792K)
[61.153s][info][gc             ] GC(505) Pause Young (Allocation Failure) 1559M->1019M(1979M) 4.228ms
[61.153s][info][gc,cpu         ] GC(505) User=0.00s Sys=0.00s Real=0.00s
[61.208s][info][gc,start       ] GC(506) Pause Young (Allocation Failure)
[61.212s][info][gc,heap        ] GC(506) DefNew: 571314K(629120K)->9037K(629120K) Eden: 559232K(559232K)->0K(559232K) From: 12082K(69888K)->9037K(69888K)
[61.212s][info][gc,heap        ] GC(506) Tenured: 1032287K(1398144K)->1032287K(1398144K)
[61.212s][info][gc,metaspace   ] GC(506) Metaspace: 128866K(130560K)->128866K(130560K) NonClass: 112061K(112768K)->112061K(112768K) Class: 16805K(17792K)->16805K(17792K)
[61.212s][info][gc             ] GC(506) Pause Young (Allocation Failure) 1566M->1016M(1979M) 3.970ms
[61.212s][info][gc,cpu         ] GC(506) User=0.00s Sys=0.00s Real=0.00s
[61.267s][info][gc,start       ] GC(507) Pause Young (Allocation Failure)
[61.272s][info][gc,heap        ] GC(507) DefNew: 568269K(629120K)->16180K(629120K) Eden: 559232K(559232K)->0K(559232K) From: 9037K(69888K)->16180K(69888K)
[61.272s][info][gc,heap        ] GC(507) Tenured: 1032287K(1398144K)->1032287K(1398144K)
[61.272s][info][gc,metaspace   ] GC(507) Metaspace: 128866K(130560K)->128866K(130560K) NonClass: 112061K(112768K)->112061K(112768K) Class: 16805K(17792K)->16805K(17792K)
[61.272s][info][gc             ] GC(507) Pause Young (Allocation Failure) 1563M->1023M(1979M) 4.770ms
[61.272s][info][gc,cpu         ] GC(507) User=0.00s Sys=0.00s Real=0.00s
[61.330s][info][gc,start       ] GC(508) Pause Young (Allocation Failure)
[61.335s][info][gc,heap        ] GC(508) DefNew: 575412K(629120K)->14188K(629120K) Eden: 559232K(559232K)->0K(559232K) From: 16180K(69888K)->14188K(69888K)
[61.335s][info][gc,heap        ] GC(508) Tenured: 1032287K(1398144K)->1032287K(1398144K)
[61.335s][info][gc,metaspace   ] GC(508) Metaspace: 128876K(130624K)->128876K(130624K) NonClass: 112071K(112832K)->112071K(112832K) Class: 16805K(17792K)->16805K(17792K)
[61.335s][info][gc             ] GC(508) Pause Young (Allocation Failure) 1570M->1021M(1979M) 4.915ms
[61.335s][info][gc,cpu         ] GC(508) User=0.02s Sys=0.00s Real=0.00s
[61.391s][info][gc,start       ] GC(509) Pause Young (Allocation Failure)
[61.396s][info][gc,heap        ] GC(509) DefNew: 573420K(629120K)->17893K(629120K) Eden: 559232K(559232K)->0K(559232K) From: 14188K(69888K)->17893K(69888K)
[61.396s][info][gc,heap        ] GC(509) Tenured: 1032287K(1398144K)->1032287K(1398144K)
[61.396s][info][gc,metaspace   ] GC(509) Metaspace: 128876K(130624K)->128876K(130624K) NonClass: 112071K(112832K)->112071K(112832K) Class: 16805K(17792K)->16805K(17792K)
[61.396s][info][gc             ] GC(509) Pause Young (Allocation Failure) 1568M->1025M(1979M) 5.045ms
[61.396s][info][gc,cpu         ] GC(509) User=0.00s Sys=0.00s Real=0.00s
[61.452s][info][gc,start       ] GC(510) Pause Young (Allocation Failure)
[61.458s][info][gc,heap        ] GC(510) DefNew: 577125K(629120K)->22388K(629120K) Eden: 559232K(559232K)->0K(559232K) From: 17893K(69888K)->22388K(69888K)
[61.458s][info][gc,heap        ] GC(510) Tenured: 1032287K(1398144K)->1032287K(1398144K)
[61.458s][info][gc,metaspace   ] GC(510) Metaspace: 128876K(130624K)->128876K(130624K) NonClass: 112071K(112832K)->112071K(112832K) Class: 16805K(17792K)->16805K(17792K)
[61.458s][info][gc             ] GC(510) Pause Young (Allocation Failure) 1571M->1029M(1979M) 5.540ms
[61.458s][info][gc,cpu         ] GC(510) User=0.00s Sys=0.00s Real=0.02s
[61.513s][info][gc,start       ] GC(511) Pause Young (Allocation Failure)
[61.519s][info][gc,heap        ] GC(511) DefNew: 581620K(629120K)->26479K(629120K) Eden: 559232K(559232K)->0K(559232K) From: 22388K(69888K)->26479K(69888K)
[61.519s][info][gc,heap        ] GC(511) Tenured: 1032287K(1398144K)->1032287K(1398144K)
[61.519s][info][gc,metaspace   ] GC(511) Metaspace: 128876K(130624K)->128876K(130624K) NonClass: 112071K(112832K)->112071K(112832K) Class: 16805K(17792K)->16805K(17792K)
[61.519s][info][gc             ] GC(511) Pause Young (Allocation Failure) 1576M->1033M(1979M) 5.891ms
[61.519s][info][gc,cpu         ] GC(511) User=0.00s Sys=0.00s Real=0.02s
[61.575s][info][gc,start       ] GC(512) Pause Young (Allocation Failure)
[61.582s][info][gc,heap        ] GC(512) DefNew: 585711K(629120K)->31356K(629120K) Eden: 559232K(559232K)->0K(559232K) From: 26479K(69888K)->31356K(69888K)
[61.582s][info][gc,heap        ] GC(512) Tenured: 1032287K(1398144K)->1032287K(1398144K)
[61.582s][info][gc,metaspace   ] GC(512) Metaspace: 128876K(130624K)->128876K(130624K) NonClass: 112071K(112832K)->112071K(112832K) Class: 16805K(17792K)->16805K(17792K)
[61.582s][info][gc             ] GC(512) Pause Young (Allocation Failure) 1580M->1038M(1979M) 6.478ms
[61.582s][info][gc,cpu         ] GC(512) User=0.00s Sys=0.00s Real=0.02s
[61.638s][info][gc,start       ] GC(513) Pause Young (Allocation Failure)
[61.645s][info][gc,heap        ] GC(513) DefNew: 590588K(629120K)->39351K(629120K) Eden: 559232K(559232K)->0K(559232K) From: 31356K(69888K)->39351K(69888K)
[61.645s][info][gc,heap        ] GC(513) Tenured: 1032287K(1398144K)->1032287K(1398144K)
[61.645s][info][gc,metaspace   ] GC(513) Metaspace: 128876K(130624K)->128876K(130624K) NonClass: 112071K(112832K)->112071K(112832K) Class: 16805K(17792K)->16805K(17792K)
[61.645s][info][gc             ] GC(513) Pause Young (Allocation Failure) 1584M->1046M(1979M) 7.097ms
[61.645s][info][gc,cpu         ] GC(513) User=0.00s Sys=0.00s Real=0.01s
[61.700s][info][gc,start       ] GC(514) Pause Young (Allocation Failure)
[61.708s][info][gc,heap        ] GC(514) DefNew: 598583K(629120K)->40121K(629120K) Eden: 559232K(559232K)->0K(559232K) From: 39351K(69888K)->40121K(69888K)
[61.708s][info][gc,heap        ] GC(514) Tenured: 1032287K(1398144K)->1037970K(1398144K)
[61.708s][info][gc,metaspace   ] GC(514) Metaspace: 128876K(130624K)->128876K(130624K) NonClass: 112071K(112832K)->112071K(112832K) Class: 16805K(17792K)->16805K(17792K)
[61.708s][info][gc             ] GC(514) Pause Young (Allocation Failure) 1592M->1052M(1979M) 8.010ms
[61.708s][info][gc,cpu         ] GC(514) User=0.00s Sys=0.00s Real=0.02s
[61.764s][info][gc,start       ] GC(515) Pause Young (Allocation Failure)
[61.770s][info][gc,heap        ] GC(515) DefNew: 599353K(629120K)->32599K(629120K) Eden: 559232K(559232K)->0K(559232K) From: 40121K(69888K)->32599K(69888K)
[61.770s][info][gc,heap        ] GC(515) Tenured: 1037970K(1398144K)->1046470K(1398144K)
[61.770s][info][gc,metaspace   ] GC(515) Metaspace: 128876K(130624K)->128876K(130624K) NonClass: 112071K(112832K)->112071K(112832K) Class: 16805K(17792K)->16805K(17792K)
[61.770s][info][gc             ] GC(515) Pause Young (Allocation Failure) 1598M->1053M(1979M) 6.123ms
[61.770s][info][gc,cpu         ] GC(515) User=0.00s Sys=0.00s Real=0.02s
[61.826s][info][gc,start       ] GC(516) Pause Young (Allocation Failure)
[61.831s][info][gc,heap        ] GC(516) DefNew: 591831K(629120K)->36693K(629120K) Eden: 559232K(559232K)->0K(559232K) From: 32599K(69888K)->36693K(69888K)
[61.831s][info][gc,heap        ] GC(516) Tenured: 1046470K(1398144K)->1046470K(1398144K)
[61.831s][info][gc,metaspace   ] GC(516) Metaspace: 128876K(130624K)->128876K(130624K) NonClass: 112071K(112832K)->112071K(112832K) Class: 16805K(17792K)->16805K(17792K)
[61.831s][info][gc             ] GC(516) Pause Young (Allocation Failure) 1599M->1057M(1979M) 5.370ms
[61.831s][info][gc,cpu         ] GC(516) User=0.00s Sys=0.00s Real=0.02s
[61.886s][info][gc,start       ] GC(517) Pause Young (Allocation Failure)
[61.891s][info][gc,heap        ] GC(517) DefNew: 595925K(629120K)->36677K(629120K) Eden: 559232K(559232K)->0K(559232K) From: 36693K(69888K)->36677K(69888K)
[61.891s][info][gc,heap        ] GC(517) Tenured: 1046470K(1398144K)->1050569K(1398144K)
[61.891s][info][gc,metaspace   ] GC(517) Metaspace: 128876K(130624K)->128876K(130624K) NonClass: 112071K(112832K)->112071K(112832K) Class: 16805K(17792K)->16805K(17792K)
[61.891s][info][gc             ] GC(517) Pause Young (Allocation Failure) 1603M->1061M(1979M) 5.576ms
[61.891s][info][gc,cpu         ] GC(517) User=0.00s Sys=0.00s Real=0.00s
[61.947s][info][gc,start       ] GC(518) Pause Young (Allocation Failure)
[61.953s][info][gc,heap        ] GC(518) DefNew: 595909K(629120K)->39814K(629120K) Eden: 559232K(559232K)->0K(559232K) From: 36677K(69888K)->39814K(69888K)
[61.953s][info][gc,heap        ] GC(518) Tenured: 1050569K(1398144K)->1054666K(1398144K)
[61.953s][info][gc,metaspace   ] GC(518) Metaspace: 128876K(130624K)->128876K(130624K) NonClass: 112071K(112832K)->112071K(112832K) Class: 16805K(17792K)->16805K(17792K)
[61.953s][info][gc             ] GC(518) Pause Young (Allocation Failure) 1607M->1068M(1979M) 5.974ms
[61.953s][info][gc,cpu         ] GC(518) User=0.00s Sys=0.00s Real=0.00s
[62.009s][info][gc,start       ] GC(519) Pause Young (Allocation Failure)
[62.015s][info][gc,heap        ] GC(519) DefNew: 599046K(629120K)->35716K(629120K) Eden: 559232K(559232K)->0K(559232K) From: 39814K(69888K)->35716K(69888K)
[62.015s][info][gc,heap        ] GC(519) Tenured: 1054666K(1398144K)->1062860K(1398144K)
[62.015s][info][gc,metaspace   ] GC(519) Metaspace: 128876K(130624K)->128876K(130624K) NonClass: 112071K(112832K)->112071K(112832K) Class: 16805K(17792K)->16805K(17792K)
[62.015s][info][gc             ] GC(519) Pause Young (Allocation Failure) 1614M->1072M(1979M) 5.873ms
[62.015s][info][gc,cpu         ] GC(519) User=0.00s Sys=0.00s Real=0.00s
[62.078s][info][gc,start       ] GC(520) Pause Young (Allocation Failure)
[62.084s][info][gc,heap        ] GC(520) DefNew: 594948K(629120K)->33197K(629120K) Eden: 559232K(559232K)->0K(559232K) From: 35716K(69888K)->33197K(69888K)
[62.084s][info][gc,heap        ] GC(520) Tenured: 1062860K(1398144K)->1066957K(1398144K)
[62.084s][info][gc,metaspace   ] GC(520) Metaspace: 128877K(130624K)->128877K(130624K) NonClass: 112072K(112832K)->112072K(112832K) Class: 16805K(17792K)->16805K(17792K)
[62.084s][info][gc             ] GC(520) Pause Young (Allocation Failure) 1618M->1074M(1979M) 6.364ms
[62.084s][info][gc,cpu         ] GC(520) User=0.00s Sys=0.00s Real=0.00s
[62.177s][info][gc,start       ] GC(521) Pause Young (Allocation Failure)
[62.184s][info][gc,heap        ] GC(521) DefNew: 592429K(629120K)->51396K(629120K) Eden: 559232K(559232K)->0K(559232K) From: 33197K(69888K)->51396K(69888K)
[62.184s][info][gc,heap        ] GC(521) Tenured: 1066957K(1398144K)->1066957K(1398144K)
[62.184s][info][gc,metaspace   ] GC(521) Metaspace: 128880K(130624K)->128880K(130624K) NonClass: 112075K(112832K)->112075K(112832K) Class: 16805K(17792K)->16805K(17792K)
[62.184s][info][gc             ] GC(521) Pause Young (Allocation Failure) 1620M->1092M(1979M) 7.191ms
[62.184s][info][gc,cpu         ] GC(521) User=0.00s Sys=0.00s Real=0.00s
[62.272s][info][gc,start       ] GC(522) Pause Young (Allocation Failure)
[62.280s][info][gc,heap        ] GC(522) DefNew: 608252K(629120K)->38113K(629120K) Eden: 556855K(559232K)->0K(559232K) From: 51396K(69888K)->38113K(69888K)
[62.280s][info][gc,heap        ] GC(522) Tenured: 1066957K(1398144K)->1087445K(1398144K)
[62.280s][info][gc,metaspace   ] GC(522) Metaspace: 128880K(130624K)->128880K(130624K) NonClass: 112075K(112832K)->112075K(112832K) Class: 16805K(17792K)->16805K(17792K)
[62.280s][info][gc             ] GC(522) Pause Young (Allocation Failure) 1635M->1099M(1979M) 7.430ms
[62.280s][info][gc,cpu         ] GC(522) User=0.00s Sys=0.00s Real=0.00s
[62.371s][info][gc,start       ] GC(523) Pause Young (Allocation Failure)
[62.378s][info][gc,heap        ] GC(523) DefNew: 597345K(629120K)->43021K(629120K) Eden: 559232K(559232K)->0K(559232K) From: 38113K(69888K)->43021K(69888K)
[62.378s][info][gc,heap        ] GC(523) Tenured: 1087445K(1398144K)->1096006K(1398144K)
[62.378s][info][gc,metaspace   ] GC(523) Metaspace: 128880K(130624K)->128880K(130624K) NonClass: 112075K(112832K)->112075K(112832K) Class: 16805K(17792K)->16805K(17792K)
[62.378s][info][gc             ] GC(523) Pause Young (Allocation Failure) 1645M->1112M(1979M) 7.086ms
[62.378s][info][gc,cpu         ] GC(523) User=0.00s Sys=0.00s Real=0.02s
[62.469s][info][gc,start       ] GC(524) Pause Young (Allocation Failure)
[62.476s][info][gc,heap        ] GC(524) DefNew: 602253K(629120K)->46426K(629120K) Eden: 559232K(559232K)->0K(559232K) From: 43021K(69888K)->46426K(69888K)
[62.476s][info][gc,heap        ] GC(524) Tenured: 1096006K(1398144K)->1108405K(1398144K)
[62.476s][info][gc,metaspace   ] GC(524) Metaspace: 128880K(130624K)->128880K(130624K) NonClass: 112075K(112832K)->112075K(112832K) Class: 16805K(17792K)->16805K(17792K)
[62.476s][info][gc             ] GC(524) Pause Young (Allocation Failure) 1658M->1127M(1979M) 7.453ms
[62.476s][info][gc,cpu         ] GC(524) User=0.02s Sys=0.00s Real=0.02s
[62.569s][info][gc,start       ] GC(525) Pause Young (Allocation Failure)
[62.576s][info][gc,heap        ] GC(525) DefNew: 605658K(629120K)->45842K(629120K) Eden: 559232K(559232K)->0K(559232K) From: 46426K(69888K)->45842K(69888K)
[62.576s][info][gc,heap        ] GC(525) Tenured: 1108405K(1398144K)->1120698K(1398144K)
[62.576s][info][gc,metaspace   ] GC(525) Metaspace: 128880K(130624K)->128880K(130624K) NonClass: 112075K(112832K)->112075K(112832K) Class: 16805K(17792K)->16805K(17792K)
[62.576s][info][gc             ] GC(525) Pause Young (Allocation Failure) 1673M->1139M(1979M) 7.341ms
[62.576s][info][gc,cpu         ] GC(525) User=0.00s Sys=0.00s Real=0.00s
[62.666s][info][gc,start       ] GC(526) Pause Young (Allocation Failure)
[62.673s][info][gc,heap        ] GC(526) DefNew: 605074K(629120K)->44089K(629120K) Eden: 559232K(559232K)->0K(559232K) From: 45842K(69888K)->44089K(69888K)
[62.674s][info][gc,heap        ] GC(526) Tenured: 1120698K(1398144K)->1137086K(1398144K)
[62.674s][info][gc,metaspace   ] GC(526) Metaspace: 128880K(130624K)->128880K(130624K) NonClass: 112075K(112832K)->112075K(112832K) Class: 16805K(17792K)->16805K(17792K)
[62.674s][info][gc             ] GC(526) Pause Young (Allocation Failure) 1685M->1153M(1979M) 7.416ms
[62.674s][info][gc,cpu         ] GC(526) User=0.00s Sys=0.00s Real=0.01s
[62.765s][info][gc,start       ] GC(527) Pause Young (Allocation Failure)
[62.772s][info][gc,heap        ] GC(527) DefNew: 603321K(629120K)->27856K(629120K) Eden: 559232K(559232K)->0K(559232K) From: 44089K(69888K)->27856K(69888K)
[62.772s][info][gc,heap        ] GC(527) Tenured: 1137086K(1398144K)->1161669K(1398144K)
[62.772s][info][gc,metaspace   ] GC(527) Metaspace: 128881K(130624K)->128881K(130624K) NonClass: 112076K(112832K)->112076K(112832K) Class: 16805K(17792K)->16805K(17792K)
[62.772s][info][gc             ] GC(527) Pause Young (Allocation Failure) 1699M->1161M(1979M) 6.935ms
[62.772s][info][gc,cpu         ] GC(527) User=0.00s Sys=0.00s Real=0.02s
[62.856s][info][gc,start       ] GC(528) Pause Young (Allocation Failure)
[62.861s][info][gc,heap        ] GC(528) DefNew: 587088K(629120K)->33710K(629120K) Eden: 559232K(559232K)->0K(559232K) From: 27856K(69888K)->33710K(69888K)
[62.861s][info][gc,heap        ] GC(528) Tenured: 1161669K(1398144K)->1161669K(1398144K)
[62.861s][info][gc,metaspace   ] GC(528) Metaspace: 128881K(130624K)->128881K(130624K) NonClass: 112076K(112832K)->112076K(112832K) Class: 16805K(17792K)->16805K(17792K)
[62.861s][info][gc             ] GC(528) Pause Young (Allocation Failure) 1707M->1167M(1979M) 5.047ms
[62.861s][info][gc,cpu         ] GC(528) User=0.00s Sys=0.00s Real=0.00s
[62.948s][info][gc,start       ] GC(529) Pause Young (Allocation Failure)
[62.954s][info][gc,heap        ] GC(529) DefNew: 592942K(629120K)->44315K(629120K) Eden: 559232K(559232K)->0K(559232K) From: 33710K(69888K)->44315K(69888K)
[62.954s][info][gc,heap        ] GC(529) Tenured: 1161669K(1398144K)->1161669K(1398144K)
[62.954s][info][gc,metaspace   ] GC(529) Metaspace: 128881K(130624K)->128881K(130624K) NonClass: 112076K(112832K)->112076K(112832K) Class: 16805K(17792K)->16805K(17792K)
[62.954s][info][gc             ] GC(529) Pause Young (Allocation Failure) 1713M->1177M(1979M) 5.757ms
[62.954s][info][gc,cpu         ] GC(529) User=0.00s Sys=0.00s Real=0.00s
[63.041s][info][gc,start       ] GC(530) Pause Young (Allocation Failure)
[63.048s][info][gc,heap        ] GC(530) DefNew: 603547K(629120K)->41803K(629120K) Eden: 559232K(559232K)->0K(559232K) From: 44315K(69888K)->41803K(69888K)
[63.048s][info][gc,heap        ] GC(530) Tenured: 1161669K(1398144K)->1173962K(1398144K)
[63.048s][info][gc,metaspace   ] GC(530) Metaspace: 128881K(130624K)->128881K(130624K) NonClass: 112076K(112832K)->112076K(112832K) Class: 16805K(17792K)->16805K(17792K)
[63.048s][info][gc             ] GC(530) Pause Young (Allocation Failure) 1723M->1187M(1979M) 7.121ms
[63.048s][info][gc,cpu         ] GC(530) User=0.00s Sys=0.00s Real=0.00s
[63.140s][info][gc,start       ] GC(531) Pause Young (Allocation Failure)
[63.147s][info][gc,heap        ] GC(531) DefNew: 601035K(629120K)->41362K(629120K) Eden: 559232K(559232K)->0K(559232K) From: 41803K(69888K)->41362K(69888K)
[63.147s][info][gc,heap        ] GC(531) Tenured: 1173962K(1398144K)->1186301K(1398144K)
[63.147s][info][gc,metaspace   ] GC(531) Metaspace: 128881K(130624K)->128881K(130624K) NonClass: 112076K(112832K)->112076K(112832K) Class: 16805K(17792K)->16805K(17792K)
[63.147s][info][gc             ] GC(531) Pause Young (Allocation Failure) 1733M->1198M(1979M) 6.812ms
[63.147s][info][gc,cpu         ] GC(531) User=0.00s Sys=0.00s Real=0.00s
[63.235s][info][gc,start       ] GC(532) Pause Young (Allocation Failure)
[63.241s][info][gc,heap        ] GC(532) DefNew: 600594K(629120K)->33559K(629120K) Eden: 559232K(559232K)->0K(559232K) From: 41362K(69888K)->33559K(69888K)
[63.241s][info][gc,heap        ] GC(532) Tenured: 1186301K(1398144K)->1194497K(1398144K)
[63.241s][info][gc,metaspace   ] GC(532) Metaspace: 128881K(130624K)->128881K(130624K) NonClass: 112076K(112832K)->112076K(112832K) Class: 16805K(17792K)->16805K(17792K)
[63.241s][info][gc             ] GC(532) Pause Young (Allocation Failure) 1745M->1199M(1979M) 5.857ms
[63.241s][info][gc,cpu         ] GC(532) User=0.00s Sys=0.00s Real=0.02s
[63.329s][info][gc,start       ] GC(533) Pause Young (Allocation Failure)
[63.334s][info][gc,heap        ] GC(533) DefNew: 592791K(629120K)->40962K(629120K) Eden: 559232K(559232K)->0K(559232K) From: 33559K(69888K)->40962K(69888K)
[63.334s][info][gc,heap        ] GC(533) Tenured: 1194497K(1398144K)->1194497K(1398144K)
[63.334s][info][gc,metaspace   ] GC(533) Metaspace: 128881K(130624K)->128881K(130624K) NonClass: 112076K(112832K)->112076K(112832K) Class: 16805K(17792K)->16805K(17792K)
[63.334s][info][gc             ] GC(533) Pause Young (Allocation Failure) 1745M->1206M(1979M) 5.665ms
[63.334s][info][gc,cpu         ] GC(533) User=0.00s Sys=0.00s Real=0.02s
[63.421s][info][gc,start       ] GC(534) Pause Young (Allocation Failure)
[63.427s][info][gc,heap        ] GC(534) DefNew: 600194K(629120K)->31908K(629120K) Eden: 559232K(559232K)->0K(559232K) From: 40962K(69888K)->31908K(69888K)
[63.427s][info][gc,heap        ] GC(534) Tenured: 1194497K(1398144K)->1206788K(1398144K)
[63.427s][info][gc,metaspace   ] GC(534) Metaspace: 128881K(130624K)->128881K(130624K) NonClass: 112076K(112832K)->112076K(112832K) Class: 16805K(17792K)->16805K(17792K)
[63.427s][info][gc             ] GC(534) Pause Young (Allocation Failure) 1752M->1209M(1979M) 6.224ms
[63.427s][info][gc,cpu         ] GC(534) User=0.00s Sys=0.00s Real=0.02s
[63.518s][info][gc,start       ] GC(535) Pause Young (Allocation Failure)
[63.525s][info][gc,heap        ] GC(535) DefNew: 591140K(629120K)->40132K(629120K) Eden: 559232K(559232K)->0K(559232K) From: 31908K(69888K)->40132K(69888K)
[63.525s][info][gc,heap        ] GC(535) Tenured: 1206788K(1398144K)->1206788K(1398144K)
[63.525s][info][gc,metaspace   ] GC(535) Metaspace: 128884K(130624K)->128884K(130624K) NonClass: 112079K(112832K)->112079K(112832K) Class: 16805K(17792K)->16805K(17792K)
[63.525s][info][gc             ] GC(535) Pause Young (Allocation Failure) 1755M->1217M(1979M) 6.852ms
[63.525s][info][gc,cpu         ] GC(535) User=0.02s Sys=0.00s Real=0.02s
[63.610s][info][gc,start       ] GC(536) Pause Young (Allocation Failure)
[63.615s][info][gc,heap        ] GC(536) DefNew: 599364K(629120K)->30970K(629120K) Eden: 559232K(559232K)->0K(559232K) From: 40132K(69888K)->30970K(69888K)
[63.615s][info][gc,heap        ] GC(536) Tenured: 1206788K(1398144K)->1219079K(1398144K)
[63.615s][info][gc,metaspace   ] GC(536) Metaspace: 128884K(130624K)->128884K(130624K) NonClass: 112079K(112832K)->112079K(112832K) Class: 16805K(17792K)->16805K(17792K)
[63.616s][info][gc             ] GC(536) Pause Young (Allocation Failure) 1763M->1220M(1979M) 5.909ms
[63.616s][info][gc,cpu         ] GC(536) User=0.00s Sys=0.00s Real=0.02s
[63.698s][info][gc,start       ] GC(537) Pause Young (Allocation Failure)
[63.702s][info][gc,heap        ] GC(537) DefNew: 590202K(629120K)->24915K(629120K) Eden: 559232K(559232K)->0K(559232K) From: 30970K(69888K)->24915K(69888K)
[63.702s][info][gc,heap        ] GC(537) Tenured: 1219079K(1398144K)->1219079K(1398144K)
[63.702s][info][gc,metaspace   ] GC(537) Metaspace: 128884K(130624K)->128884K(130624K) NonClass: 112079K(112832K)->112079K(112832K) Class: 16805K(17792K)->16805K(17792K)
[63.702s][info][gc             ] GC(537) Pause Young (Allocation Failure) 1766M->1214M(1979M) 4.051ms
[63.702s][info][gc,cpu         ] GC(537) User=0.00s Sys=0.00s Real=0.00s
[63.785s][info][gc,start       ] GC(538) Pause Young (Allocation Failure)
[63.789s][info][gc,heap        ] GC(538) DefNew: 584147K(629120K)->27850K(629120K) Eden: 559232K(559232K)->0K(559232K) From: 24915K(69888K)->27850K(69888K)
[63.789s][info][gc,heap        ] GC(538) Tenured: 1219079K(1398144K)->1219079K(1398144K)
[63.789s][info][gc,metaspace   ] GC(538) Metaspace: 128884K(130624K)->128884K(130624K) NonClass: 112079K(112832K)->112079K(112832K) Class: 16805K(17792K)->16805K(17792K)
[63.789s][info][gc             ] GC(538) Pause Young (Allocation Failure) 1760M->1217M(1979M) 4.365ms
[63.789s][info][gc,cpu         ] GC(538) User=0.00s Sys=0.00s Real=0.02s
[63.875s][info][gc,start       ] GC(539) Pause Young (Allocation Failure)
[63.880s][info][gc,heap        ] GC(539) DefNew: 587082K(629120K)->35955K(629120K) Eden: 559232K(559232K)->0K(559232K) From: 27850K(69888K)->35955K(69888K)
[63.880s][info][gc,heap        ] GC(539) Tenured: 1219079K(1398144K)->1219079K(1398144K)
[63.880s][info][gc,metaspace   ] GC(539) Metaspace: 128884K(130624K)->128884K(130624K) NonClass: 112079K(112832K)->112079K(112832K) Class: 16805K(17792K)->16805K(17792K)
[63.880s][info][gc             ] GC(539) Pause Young (Allocation Failure) 1763M->1225M(1979M) 5.100ms
[63.880s][info][gc,cpu         ] GC(539) User=0.00s Sys=0.00s Real=0.00s
[63.968s][info][gc,start       ] GC(540) Pause Young (Allocation Failure)
[63.972s][info][gc,heap        ] GC(540) DefNew: 595187K(629120K)->24626K(629120K) Eden: 559232K(559232K)->0K(559232K) From: 35955K(69888K)->24626K(69888K)
[63.972s][info][gc,heap        ] GC(540) Tenured: 1219079K(1398144K)->1227273K(1398144K)
[63.973s][info][gc,metaspace   ] GC(540) Metaspace: 128884K(130624K)->128884K(130624K) NonClass: 112079K(112832K)->112079K(112832K) Class: 16805K(17792K)->16805K(17792K)
[63.973s][info][gc             ] GC(540) Pause Young (Allocation Failure) 1771M->1222M(1979M) 4.987ms
[63.973s][info][gc,cpu         ] GC(540) User=0.00s Sys=0.00s Real=0.00s
[64.060s][info][gc,start       ] GC(541) Pause Young (Allocation Failure)
[64.064s][info][gc,heap        ] GC(541) DefNew: 582812K(629120K)->27876K(629120K) Eden: 558186K(559232K)->0K(559232K) From: 24626K(69888K)->27876K(69888K)
[64.064s][info][gc,heap        ] GC(541) Tenured: 1227273K(1398144K)->1227273K(1398144K)
[64.064s][info][gc,metaspace   ] GC(541) Metaspace: 128884K(130624K)->128884K(130624K) NonClass: 112079K(112832K)->112079K(112832K) Class: 16805K(17792K)->16805K(17792K)
[64.064s][info][gc             ] GC(541) Pause Young (Allocation Failure) 1767M->1225M(1979M) 4.640ms
[64.064s][info][gc,cpu         ] GC(541) User=0.00s Sys=0.00s Real=0.00s
[64.153s][info][gc,start       ] GC(542) Pause Young (Allocation Failure)
[64.157s][info][gc,heap        ] GC(542) DefNew: 587108K(629120K)->22198K(629120K) Eden: 559232K(559232K)->0K(559232K) From: 27876K(69888K)->22198K(69888K)
[64.157s][info][gc,heap        ] GC(542) Tenured: 1227273K(1398144K)->1227273K(1398144K)
[64.157s][info][gc,metaspace   ] GC(542) Metaspace: 128884K(130624K)->128884K(130624K) NonClass: 112079K(112832K)->112079K(112832K) Class: 16805K(17792K)->16805K(17792K)
[64.157s][info][gc             ] GC(542) Pause Young (Allocation Failure) 1771M->1220M(1979M) 3.906ms
[64.157s][info][gc,cpu         ] GC(542) User=0.00s Sys=0.00s Real=0.00s
[64.244s][info][gc,start       ] GC(543) Pause Young (Allocation Failure)
[64.248s][info][gc,heap        ] GC(543) DefNew: 581430K(629120K)->25411K(629120K) Eden: 559232K(559232K)->0K(559232K) From: 22198K(69888K)->25411K(69888K)
[64.248s][info][gc,heap        ] GC(543) Tenured: 1227273K(1398144K)->1227273K(1398144K)
[64.248s][info][gc,metaspace   ] GC(543) Metaspace: 128884K(130624K)->128884K(130624K) NonClass: 112079K(112832K)->112079K(112832K) Class: 16805K(17792K)->16805K(17792K)
[64.248s][info][gc             ] GC(543) Pause Young (Allocation Failure) 1766M->1223M(1979M) 4.312ms
[64.248s][info][gc,cpu         ] GC(543) User=0.00s Sys=0.00s Real=0.00s
[64.336s][info][gc,start       ] GC(544) Pause Young (Allocation Failure)
[64.341s][info][gc,heap        ] GC(544) DefNew: 584643K(629120K)->26883K(629120K) Eden: 559232K(559232K)->0K(559232K) From: 25411K(69888K)->26883K(69888K)
[64.341s][info][gc,heap        ] GC(544) Tenured: 1227273K(1398144K)->1227273K(1398144K)
[64.341s][info][gc,metaspace   ] GC(544) Metaspace: 128884K(130624K)->128884K(130624K) NonClass: 112079K(112832K)->112079K(112832K) Class: 16805K(17792K)->16805K(17792K)
[64.341s][info][gc             ] GC(544) Pause Young (Allocation Failure) 1769M->1224M(1979M) 4.532ms
[64.341s][info][gc,cpu         ] GC(544) User=0.00s Sys=0.00s Real=0.02s
[64.428s][info][gc,start       ] GC(545) Pause Young (Allocation Failure)
[64.432s][info][gc,heap        ] GC(545) DefNew: 586115K(629120K)->24617K(629120K) Eden: 559232K(559232K)->0K(559232K) From: 26883K(69888K)->24617K(69888K)
[64.432s][info][gc,heap        ] GC(545) Tenured: 1227273K(1398144K)->1227273K(1398144K)
[64.432s][info][gc,metaspace   ] GC(545) Metaspace: 128884K(130624K)->128884K(130624K) NonClass: 112079K(112832K)->112079K(112832K) Class: 16805K(17792K)->16805K(17792K)
[64.433s][info][gc             ] GC(545) Pause Young (Allocation Failure) 1770M->1222M(1979M) 4.533ms
[64.433s][info][gc,cpu         ] GC(545) User=0.00s Sys=0.00s Real=0.02s
[64.520s][info][gc,start       ] GC(546) Pause Young (Allocation Failure)
[64.525s][info][gc,heap        ] GC(546) DefNew: 583849K(629120K)->30084K(629120K) Eden: 559232K(559232K)->0K(559232K) From: 24617K(69888K)->30084K(69888K)
[64.525s][info][gc,heap        ] GC(546) Tenured: 1227273K(1398144K)->1227273K(1398144K)
[64.525s][info][gc,metaspace   ] GC(546) Metaspace: 128884K(130624K)->128884K(130624K) NonClass: 112079K(112832K)->112079K(112832K) Class: 16805K(17792K)->16805K(17792K)
[64.525s][info][gc             ] GC(546) Pause Young (Allocation Failure) 1768M->1227M(1979M) 4.886ms
[64.525s][info][gc,cpu         ] GC(546) User=0.00s Sys=0.00s Real=0.00s
[64.613s][info][gc,start       ] GC(547) Pause Young (Allocation Failure)
[64.617s][info][gc,heap        ] GC(547) DefNew: 589316K(629120K)->21414K(629120K) Eden: 559232K(559232K)->0K(559232K) From: 30084K(69888K)->21414K(69888K)
[64.617s][info][gc,heap        ] GC(547) Tenured: 1227273K(1398144K)->1227273K(1398144K)
[64.617s][info][gc,metaspace   ] GC(547) Metaspace: 128884K(130624K)->128884K(130624K) NonClass: 112079K(112832K)->112079K(112832K) Class: 16805K(17792K)->16805K(17792K)
[64.617s][info][gc             ] GC(547) Pause Young (Allocation Failure) 1774M->1219M(1979M) 3.627ms
[64.617s][info][gc,cpu         ] GC(547) User=0.00s Sys=0.00s Real=0.00s
[64.704s][info][gc,start       ] GC(548) Pause Young (Allocation Failure)
[64.708s][info][gc,heap        ] GC(548) DefNew: 580646K(629120K)->25390K(629120K) Eden: 559232K(559232K)->0K(559232K) From: 21414K(69888K)->25390K(69888K)
[64.708s][info][gc,heap        ] GC(548) Tenured: 1227273K(1398144K)->1227273K(1398144K)
[64.708s][info][gc,metaspace   ] GC(548) Metaspace: 128884K(130624K)->128884K(130624K) NonClass: 112079K(112832K)->112079K(112832K) Class: 16805K(17792K)->16805K(17792K)
[64.708s][info][gc             ] GC(548) Pause Young (Allocation Failure) 1765M->1223M(1979M) 4.192ms
[64.708s][info][gc,cpu         ] GC(548) User=0.00s Sys=0.00s Real=0.00s
[64.798s][info][gc,start       ] GC(549) Pause Young (Allocation Failure)
[64.802s][info][gc,heap        ] GC(549) DefNew: 584622K(629120K)->22785K(629120K) Eden: 559232K(559232K)->0K(559232K) From: 25390K(69888K)->22785K(69888K)
[64.802s][info][gc,heap        ] GC(549) Tenured: 1227273K(1398144K)->1231370K(1398144K)
[64.802s][info][gc,metaspace   ] GC(549) Metaspace: 128884K(130624K)->128884K(130624K) NonClass: 112079K(112832K)->112079K(112832K) Class: 16805K(17792K)->16805K(17792K)
[64.802s][info][gc             ] GC(549) Pause Young (Allocation Failure) 1769M->1224M(1979M) 4.605ms
[64.802s][info][gc,cpu         ] GC(549) User=0.00s Sys=0.00s Real=0.00s
[64.889s][info][gc,start       ] GC(550) Pause Young (Allocation Failure)
[64.893s][info][gc,heap        ] GC(550) DefNew: 582017K(629120K)->10332K(629120K) Eden: 559232K(559232K)->0K(559232K) From: 22785K(69888K)->10332K(69888K)
[64.893s][info][gc,heap        ] GC(550) Tenured: 1231370K(1398144K)->1239606K(1398144K)
[64.893s][info][gc,metaspace   ] GC(550) Metaspace: 128884K(130624K)->128884K(130624K) NonClass: 112079K(112832K)->112079K(112832K) Class: 16805K(17792K)->16805K(17792K)
[64.893s][info][gc             ] GC(550) Pause Young (Allocation Failure) 1770M->1220M(1979M) 3.599ms
[64.893s][info][gc,cpu         ] GC(550) User=0.00s Sys=0.00s Real=0.00s
[64.980s][info][gc,start       ] GC(551) Pause Young (Allocation Failure)
[64.984s][info][gc,heap        ] GC(551) DefNew: 569564K(629120K)->14642K(629120K) Eden: 559232K(559232K)->0K(559232K) From: 10332K(69888K)->14642K(69888K)
[64.984s][info][gc,heap        ] GC(551) Tenured: 1239606K(1398144K)->1239606K(1398144K)
[64.984s][info][gc,metaspace   ] GC(551) Metaspace: 128884K(130624K)->128884K(130624K) NonClass: 112079K(112832K)->112079K(112832K) Class: 16805K(17792K)->16805K(17792K)
[64.984s][info][gc             ] GC(551) Pause Young (Allocation Failure) 1766M->1224M(1979M) 3.414ms
[64.984s][info][gc,cpu         ] GC(551) User=0.00s Sys=0.00s Real=0.02s
[65.070s][info][gc,start       ] GC(552) Pause Young (Allocation Failure)
[65.074s][info][gc,heap        ] GC(552) DefNew: 573874K(629120K)->12321K(629120K) Eden: 559232K(559232K)->0K(559232K) From: 14642K(69888K)->12321K(69888K)
[65.074s][info][gc,heap        ] GC(552) Tenured: 1239606K(1398144K)->1239606K(1398144K)
[65.074s][info][gc,metaspace   ] GC(552) Metaspace: 128884K(130624K)->128884K(130624K) NonClass: 112079K(112832K)->112079K(112832K) Class: 16805K(17792K)->16805K(17792K)
[65.074s][info][gc             ] GC(552) Pause Young (Allocation Failure) 1770M->1222M(1979M) 3.166ms
[65.074s][info][gc,cpu         ] GC(552) User=0.00s Sys=0.00s Real=0.00s
[65.187s][info][gc,start       ] GC(553) Pause Young (Allocation Failure)
[65.190s][info][gc,heap        ] GC(553) DefNew: 571553K(629120K)->14203K(629120K) Eden: 559232K(559232K)->0K(559232K) From: 12321K(69888K)->14203K(69888K)
[65.190s][info][gc,heap        ] GC(553) Tenured: 1239606K(1398144K)->1239606K(1398144K)
[65.190s][info][gc,metaspace   ] GC(553) Metaspace: 128890K(130624K)->128890K(130624K) NonClass: 112084K(112832K)->112084K(112832K) Class: 16805K(17792K)->16805K(17792K)
[65.190s][info][gc             ] GC(553) Pause Young (Allocation Failure) 1768M->1224M(1979M) 3.375ms
[65.190s][info][gc,cpu         ] GC(553) User=0.00s Sys=0.00s Real=0.00s
[65.359s][info][gc,start       ] GC(554) Pause Full (System.gc())
[65.359s][info][gc,phases,start] GC(554) Phase 1: Mark live objects
[65.410s][info][gc,phases      ] GC(554) Phase 1: Mark live objects 50.409ms
[65.410s][info][gc,phases,start] GC(554) Phase 2: Compute new object addresses
[65.456s][info][gc,phases      ] GC(554) Phase 2: Compute new object addresses 45.787ms
[65.456s][info][gc,phases,start] GC(554) Phase 3: Adjust pointers
[65.483s][info][gc,phases      ] GC(554) Phase 3: Adjust pointers 27.510ms
[65.483s][info][gc,phases,start] GC(554) Phase 4: Move objects
[65.483s][info][gc,phases      ] GC(554) Phase 4: Move objects 0.050ms
[65.484s][info][gc,heap        ] GC(554) DefNew: 274745K(629120K)->0K(629120K) Eden: 260541K(559232K)->0K(559232K) From: 14203K(69888K)->0K(69888K)
[65.484s][info][gc,heap        ] GC(554) Tenured: 1239606K(1398144K)->1038219K(1398144K)
[65.484s][info][gc,metaspace   ] GC(554) Metaspace: 128921K(130624K)->128921K(130624K) NonClass: 112115K(112832K)->112115K(112832K) Class: 16806K(17792K)->16806K(17792K)
[65.484s][info][gc             ] GC(554) Pause Full (System.gc()) 1478M->1013M(1979M) 124.573ms
[65.484s][info][gc,cpu         ] GC(554) User=0.12s Sys=0.00s Real=0.11s
[65.641s][info][gc,start       ] GC(555) Pause Young (Allocation Failure)
[65.646s][info][gc,heap        ] GC(555) DefNew: 559232K(629120K)->4903K(629120K) Eden: 559232K(559232K)->0K(559232K) From: 0K(69888K)->4903K(69888K)
[65.646s][info][gc,heap        ] GC(555) Tenured: 1038219K(1398144K)->1038219K(1398144K)
[65.646s][info][gc,metaspace   ] GC(555) Metaspace: 129036K(130752K)->129036K(130752K) NonClass: 112229K(112960K)->112229K(112960K) Class: 16807K(17792K)->16807K(17792K)
[65.646s][info][gc             ] GC(555) Pause Young (Allocation Failure) 1560M->1018M(1979M) 4.620ms
[65.646s][info][gc,cpu         ] GC(555) User=0.00s Sys=0.00s Real=0.01s
[65.704s][info][gc,start       ] GC(556) Pause Young (Allocation Failure)
[65.708s][info][gc,heap        ] GC(556) DefNew: 564135K(629120K)->6091K(629120K) Eden: 559232K(559232K)->0K(559232K) From: 4903K(69888K)->6091K(69888K)
[65.708s][info][gc,heap        ] GC(556) Tenured: 1038219K(1398144K)->1038219K(1398144K)
[65.708s][info][gc,metaspace   ] GC(556) Metaspace: 129037K(130752K)->129037K(130752K) NonClass: 112229K(112960K)->112229K(112960K) Class: 16807K(17792K)->16807K(17792K)
[65.708s][info][gc             ] GC(556) Pause Young (Allocation Failure) 1564M->1019M(1979M) 3.711ms
[65.708s][info][gc,cpu         ] GC(556) User=0.00s Sys=0.00s Real=0.00s
[65.762s][info][gc,start       ] GC(557) Pause Young (Allocation Failure)
[65.766s][info][gc,heap        ] GC(557) DefNew: 565323K(629120K)->9032K(629120K) Eden: 559232K(559232K)->0K(559232K) From: 6091K(69888K)->9032K(69888K)
[65.766s][info][gc,heap        ] GC(557) Tenured: 1038219K(1398144K)->1038219K(1398144K)
[65.766s][info][gc,metaspace   ] GC(557) Metaspace: 129037K(130752K)->129037K(130752K) NonClass: 112229K(112960K)->112229K(112960K) Class: 16807K(17792K)->16807K(17792K)
[65.766s][info][gc             ] GC(557) Pause Young (Allocation Failure) 1565M->1022M(1979M) 4.177ms
[65.766s][info][gc,cpu         ] GC(557) User=0.02s Sys=0.00s Real=0.02s
[65.823s][info][gc,start       ] GC(558) Pause Young (Allocation Failure)
[65.827s][info][gc,heap        ] GC(558) DefNew: 568264K(629120K)->10502K(629120K) Eden: 559232K(559232K)->0K(559232K) From: 9032K(69888K)->10502K(69888K)
[65.827s][info][gc,heap        ] GC(558) Tenured: 1038219K(1398144K)->1038219K(1398144K)
[65.827s][info][gc,metaspace   ] GC(558) Metaspace: 129039K(130752K)->129039K(130752K) NonClass: 112231K(112960K)->112231K(112960K) Class: 16807K(17792K)->16807K(17792K)
[65.827s][info][gc             ] GC(558) Pause Young (Allocation Failure) 1568M->1024M(1979M) 4.212ms
[65.827s][info][gc,cpu         ] GC(558) User=0.00s Sys=0.00s Real=0.00s
[65.885s][info][gc,start       ] GC(559) Pause Young (Allocation Failure)
[65.891s][info][gc,heap        ] GC(559) DefNew: 569734K(629120K)->20433K(629120K) Eden: 559232K(559232K)->0K(559232K) From: 10502K(69888K)->20433K(69888K)
[65.891s][info][gc,heap        ] GC(559) Tenured: 1038219K(1398144K)->1038219K(1398144K)
[65.891s][info][gc,metaspace   ] GC(559) Metaspace: 129045K(130752K)->129045K(130752K) NonClass: 112237K(112960K)->112237K(112960K) Class: 16807K(17792K)->16807K(17792K)
[65.891s][info][gc             ] GC(559) Pause Young (Allocation Failure) 1570M->1033M(1979M) 5.457ms
[65.891s][info][gc,cpu         ] GC(559) User=0.02s Sys=0.00s Real=0.00s
[65.947s][info][gc,start       ] GC(560) Pause Young (Allocation Failure)
[65.952s][info][gc,heap        ] GC(560) DefNew: 579665K(629120K)->19060K(629120K) Eden: 559232K(559232K)->0K(559232K) From: 20433K(69888K)->19060K(69888K)
[65.952s][info][gc,heap        ] GC(560) Tenured: 1038219K(1398144K)->1038219K(1398144K)
[65.952s][info][gc,metaspace   ] GC(560) Metaspace: 129045K(130752K)->129045K(130752K) NonClass: 112237K(112960K)->112237K(112960K) Class: 16807K(17792K)->16807K(17792K)
[65.952s][info][gc             ] GC(560) Pause Young (Allocation Failure) 1579M->1032M(1979M) 5.185ms
[65.952s][info][gc,cpu         ] GC(560) User=0.02s Sys=0.00s Real=0.00s
[66.008s][info][gc,start       ] GC(561) Pause Young (Allocation Failure)
[66.014s][info][gc,heap        ] GC(561) DefNew: 578292K(629120K)->24642K(629120K) Eden: 559232K(559232K)->0K(559232K) From: 19060K(69888K)->24642K(69888K)
[66.014s][info][gc,heap        ] GC(561) Tenured: 1038219K(1398144K)->1038219K(1398144K)
[66.014s][info][gc,metaspace   ] GC(561) Metaspace: 129045K(130752K)->129045K(130752K) NonClass: 112237K(112960K)->112237K(112960K) Class: 16807K(17792K)->16807K(17792K)
[66.014s][info][gc             ] GC(561) Pause Young (Allocation Failure) 1578M->1037M(1979M) 5.764ms
[66.014s][info][gc,cpu         ] GC(561) User=0.00s Sys=0.00s Real=0.00s
[66.070s][info][gc,start       ] GC(562) Pause Young (Allocation Failure)
[66.078s][info][gc,heap        ] GC(562) DefNew: 583874K(629120K)->30380K(629120K) Eden: 559232K(559232K)->0K(559232K) From: 24642K(69888K)->30380K(69888K)
[66.078s][info][gc,heap        ] GC(562) Tenured: 1038219K(1398144K)->1038219K(1398144K)
[66.078s][info][gc,metaspace   ] GC(562) Metaspace: 129045K(130752K)->129045K(130752K) NonClass: 112238K(112960K)->112238K(112960K) Class: 16807K(17792K)->16807K(17792K)
[66.078s][info][gc             ] GC(562) Pause Young (Allocation Failure) 1584M->1043M(1979M) 8.773ms
[66.078s][info][gc,cpu         ] GC(562) User=0.00s Sys=0.00s Real=0.01s
[66.139s][info][gc,start       ] GC(563) Pause Young (Allocation Failure)
[66.146s][info][gc,heap        ] GC(563) DefNew: 589612K(629120K)->31741K(629120K) Eden: 559232K(559232K)->0K(559232K) From: 30380K(69888K)->31741K(69888K)
[66.146s][info][gc,heap        ] GC(563) Tenured: 1038219K(1398144K)->1038219K(1398144K)
[66.146s][info][gc,metaspace   ] GC(563) Metaspace: 129045K(130752K)->129045K(130752K) NonClass: 112238K(112960K)->112238K(112960K) Class: 16807K(17792K)->16807K(17792K)
[66.146s][info][gc             ] GC(563) Pause Young (Allocation Failure) 1589M->1044M(1979M) 6.685ms
[66.146s][info][gc,cpu         ] GC(563) User=0.02s Sys=0.00s Real=0.02s
[66.202s][info][gc,start       ] GC(564) Pause Young (Allocation Failure)
[66.209s][info][gc,heap        ] GC(564) DefNew: 590973K(629120K)->37006K(629120K) Eden: 559232K(559232K)->0K(559232K) From: 31741K(69888K)->37006K(69888K)
[66.209s][info][gc,heap        ] GC(564) Tenured: 1038219K(1398144K)->1038219K(1398144K)
[66.209s][info][gc,metaspace   ] GC(564) Metaspace: 129045K(130752K)->129045K(130752K) NonClass: 112238K(112960K)->112238K(112960K) Class: 16807K(17792K)->16807K(17792K)
[66.209s][info][gc             ] GC(564) Pause Young (Allocation Failure) 1591M->1050M(1979M) 6.897ms
[66.209s][info][gc,cpu         ] GC(564) User=0.00s Sys=0.00s Real=0.02s
[66.266s][info][gc,start       ] GC(565) Pause Young (Allocation Failure)
[66.273s][info][gc,heap        ] GC(565) DefNew: 596238K(629120K)->34243K(629120K) Eden: 559232K(559232K)->0K(559232K) From: 37006K(69888K)->34243K(69888K)
[66.273s][info][gc,heap        ] GC(565) Tenured: 1038219K(1398144K)->1043895K(1398144K)
[66.273s][info][gc,metaspace   ] GC(565) Metaspace: 129045K(130752K)->129045K(130752K) NonClass: 112238K(112960K)->112238K(112960K) Class: 16807K(17792K)->16807K(17792K)
[66.273s][info][gc             ] GC(565) Pause Young (Allocation Failure) 1596M->1052M(1979M) 7.396ms
[66.273s][info][gc,cpu         ] GC(565) User=0.02s Sys=0.00s Real=0.02s
[66.327s][info][gc,start       ] GC(566) Pause Young (Allocation Failure)
[66.333s][info][gc,heap        ] GC(566) DefNew: 593475K(629120K)->39534K(629120K) Eden: 559232K(559232K)->0K(559232K) From: 34243K(69888K)->39534K(69888K)
[66.333s][info][gc,heap        ] GC(566) Tenured: 1043895K(1398144K)->1043895K(1398144K)
[66.333s][info][gc,metaspace   ] GC(566) Metaspace: 129045K(130752K)->129045K(130752K) NonClass: 112238K(112960K)->112238K(112960K) Class: 16807K(17792K)->16807K(17792K)
[66.333s][info][gc             ] GC(566) Pause Young (Allocation Failure) 1598M->1058M(1979M) 5.995ms
[66.333s][info][gc,cpu         ] GC(566) User=0.00s Sys=0.00s Real=0.02s
[66.390s][info][gc,start       ] GC(567) Pause Young (Allocation Failure)
[66.396s][info][gc,heap        ] GC(567) DefNew: 598766K(629120K)->34555K(629120K) Eden: 559232K(559232K)->0K(559232K) From: 39534K(69888K)->34555K(69888K)
[66.396s][info][gc,heap        ] GC(567) Tenured: 1043895K(1398144K)->1052388K(1398144K)
[66.396s][info][gc,metaspace   ] GC(567) Metaspace: 129045K(130752K)->129045K(130752K) NonClass: 112238K(112960K)->112238K(112960K) Class: 16807K(17792K)->16807K(17792K)
[66.396s][info][gc             ] GC(567) Pause Young (Allocation Failure) 1604M->1061M(1979M) 6.400ms
[66.396s][info][gc,cpu         ] GC(567) User=0.00s Sys=0.00s Real=0.02s
[66.450s][info][gc,start       ] GC(568) Pause Young (Allocation Failure)
[66.456s][info][gc,heap        ] GC(568) DefNew: 593787K(629120K)->39232K(629120K) Eden: 559232K(559232K)->0K(559232K) From: 34555K(69888K)->39232K(69888K)
[66.456s][info][gc,heap        ] GC(568) Tenured: 1052388K(1398144K)->1052388K(1398144K)
[66.456s][info][gc,metaspace   ] GC(568) Metaspace: 129045K(130752K)->129045K(130752K) NonClass: 112238K(112960K)->112238K(112960K) Class: 16807K(17792K)->16807K(17792K)
[66.456s][info][gc             ] GC(568) Pause Young (Allocation Failure) 1607M->1066M(1979M) 5.520ms
[66.456s][info][gc,cpu         ] GC(568) User=0.00s Sys=0.00s Real=0.00s
[66.513s][info][gc,start       ] GC(569) Pause Young (Allocation Failure)
[66.518s][info][gc,heap        ] GC(569) DefNew: 598464K(629120K)->35320K(629120K) Eden: 559232K(559232K)->0K(559232K) From: 39232K(69888K)->35320K(69888K)
[66.519s][info][gc,heap        ] GC(569) Tenured: 1052388K(1398144K)->1060589K(1398144K)
[66.519s][info][gc,metaspace   ] GC(569) Metaspace: 129049K(130752K)->129049K(130752K) NonClass: 112242K(112960K)->112242K(112960K) Class: 16807K(17792K)->16807K(17792K)
[66.519s][info][gc             ] GC(569) Pause Young (Allocation Failure) 1612M->1070M(1979M) 5.995ms
[66.519s][info][gc,cpu         ] GC(569) User=0.00s Sys=0.00s Real=0.00s
[66.575s][info][gc,start       ] GC(570) Pause Young (Allocation Failure)
[66.581s][info][gc,heap        ] GC(570) DefNew: 594552K(629120K)->37278K(629120K) Eden: 559232K(559232K)->0K(559232K) From: 35320K(69888K)->37278K(69888K)
[66.581s][info][gc,heap        ] GC(570) Tenured: 1060589K(1398144K)->1068783K(1398144K)
[66.581s][info][gc,metaspace   ] GC(570) Metaspace: 129049K(130752K)->129049K(130752K) NonClass: 112242K(112960K)->112242K(112960K) Class: 16807K(17792K)->16807K(17792K)
[66.581s][info][gc             ] GC(570) Pause Young (Allocation Failure) 1616M->1080M(1979M) 6.051ms
[66.581s][info][gc,cpu         ] GC(570) User=0.00s Sys=0.00s Real=0.00s
[66.638s][info][gc,start       ] GC(571) Pause Young (Allocation Failure)
[66.643s][info][gc,heap        ] GC(571) DefNew: 596354K(629120K)->28174K(629120K) Eden: 559075K(559232K)->0K(559232K) From: 37278K(69888K)->28174K(69888K)
[66.643s][info][gc,heap        ] GC(571) Tenured: 1068783K(1398144K)->1076978K(1398144K)
[66.643s][info][gc,metaspace   ] GC(571) Metaspace: 129050K(130752K)->129050K(130752K) NonClass: 112242K(112960K)->112242K(112960K) Class: 16807K(17792K)->16807K(17792K)
[66.643s][info][gc             ] GC(571) Pause Young (Allocation Failure) 1626M->1079M(1979M) 5.432ms
[66.643s][info][gc,cpu         ] GC(571) User=0.00s Sys=0.00s Real=0.00s
[66.731s][info][gc,start       ] GC(572) Pause Young (Allocation Failure)
[66.738s][info][gc,heap        ] GC(572) DefNew: 587406K(629120K)->45947K(629120K) Eden: 559232K(559232K)->0K(559232K) From: 28174K(69888K)->45947K(69888K)
[66.738s][info][gc,heap        ] GC(572) Tenured: 1076978K(1398144K)->1076978K(1398144K)
[66.738s][info][gc,metaspace   ] GC(572) Metaspace: 129053K(130752K)->129053K(130752K) NonClass: 112246K(112960K)->112246K(112960K) Class: 16807K(17792K)->16807K(17792K)
[66.738s][info][gc             ] GC(572) Pause Young (Allocation Failure) 1625M->1096M(1979M) 7.086ms
[66.739s][info][gc,cpu         ] GC(572) User=0.00s Sys=0.00s Real=0.00s
[66.827s][info][gc,start       ] GC(573) Pause Young (Allocation Failure)
[66.834s][info][gc,heap        ] GC(573) DefNew: 605179K(629120K)->39710K(629120K) Eden: 559232K(559232K)->0K(559232K) From: 45947K(69888K)->39710K(69888K)
[66.834s][info][gc,heap        ] GC(573) Tenured: 1076978K(1398144K)->1093367K(1398144K)
[66.834s][info][gc,metaspace   ] GC(573) Metaspace: 129053K(130752K)->129053K(130752K) NonClass: 112246K(112960K)->112246K(112960K) Class: 16807K(17792K)->16807K(17792K)
[66.834s][info][gc             ] GC(573) Pause Young (Allocation Failure) 1642M->1106M(1979M) 7.101ms
[66.834s][info][gc,cpu         ] GC(573) User=0.00s Sys=0.00s Real=0.00s
[66.923s][info][gc,start       ] GC(574) Pause Young (Allocation Failure)
[66.929s][info][gc,heap        ] GC(574) DefNew: 598942K(629120K)->42982K(629120K) Eden: 559232K(559232K)->0K(559232K) From: 39710K(69888K)->42982K(69888K)
[66.929s][info][gc,heap        ] GC(574) Tenured: 1093367K(1398144K)->1101781K(1398144K)
[66.929s][info][gc,metaspace   ] GC(574) Metaspace: 129053K(130752K)->129053K(130752K) NonClass: 112246K(112960K)->112246K(112960K) Class: 16807K(17792K)->16807K(17792K)
[66.929s][info][gc             ] GC(574) Pause Young (Allocation Failure) 1652M->1117M(1979M) 6.734ms
[66.929s][info][gc,cpu         ] GC(574) User=0.00s Sys=0.00s Real=0.00s
[67.015s][info][gc,start       ] GC(575) Pause Young (Allocation Failure)
[67.023s][info][gc,heap        ] GC(575) DefNew: 597056K(629120K)->50520K(629120K) Eden: 554073K(559232K)->0K(559232K) From: 42982K(69888K)->50520K(69888K)
[67.023s][info][gc,heap        ] GC(575) Tenured: 1101781K(1398144K)->1110230K(1398144K)
[67.023s][info][gc,metaspace   ] GC(575) Metaspace: 129053K(130752K)->129053K(130752K) NonClass: 112246K(112960K)->112246K(112960K) Class: 16807K(17792K)->16807K(17792K)
[67.023s][info][gc             ] GC(575) Pause Young (Allocation Failure) 1659M->1133M(1979M) 7.228ms
[67.023s][info][gc,cpu         ] GC(575) User=0.00s Sys=0.00s Real=0.00s
[67.112s][info][gc,start       ] GC(576) Pause Young (Allocation Failure)
[67.121s][info][gc,heap        ] GC(576) DefNew: 609752K(629120K)->45841K(629120K) Eden: 559232K(559232K)->0K(559232K) From: 50520K(69888K)->45841K(69888K)
[67.121s][info][gc,heap        ] GC(576) Tenured: 1110230K(1398144K)->1126620K(1398144K)
[67.121s][info][gc,metaspace   ] GC(576) Metaspace: 129053K(130752K)->129053K(130752K) NonClass: 112246K(112960K)->112246K(112960K) Class: 16807K(17792K)->16807K(17792K)
[67.121s][info][gc             ] GC(576) Pause Young (Allocation Failure) 1679M->1144M(1979M) 8.345ms
[67.121s][info][gc,cpu         ] GC(576) User=0.00s Sys=0.00s Real=0.00s
[67.208s][info][gc,start       ] GC(577) Pause Young (Allocation Failure)
[67.216s][info][gc,heap        ] GC(577) DefNew: 605073K(629120K)->43464K(629120K) Eden: 559232K(559232K)->0K(559232K) From: 45841K(69888K)->43464K(69888K)
[67.216s][info][gc,heap        ] GC(577) Tenured: 1126620K(1398144K)->1143008K(1398144K)
[67.216s][info][gc,metaspace   ] GC(577) Metaspace: 129053K(130752K)->129053K(130752K) NonClass: 112246K(112960K)->112246K(112960K) Class: 16807K(17792K)->16807K(17792K)
[67.216s][info][gc             ] GC(577) Pause Young (Allocation Failure) 1691M->1158M(1979M) 7.479ms
[67.216s][info][gc,cpu         ] GC(577) User=0.00s Sys=0.00s Real=0.00s
[67.307s][info][gc,start       ] GC(578) Pause Young (Allocation Failure)
[67.314s][info][gc,heap        ] GC(578) DefNew: 602417K(629120K)->27850K(629120K) Eden: 558952K(559232K)->0K(559232K) From: 43464K(69888K)->27850K(69888K)
[67.314s][info][gc,heap        ] GC(578) Tenured: 1143008K(1398144K)->1167592K(1398144K)
[67.314s][info][gc,metaspace   ] GC(578) Metaspace: 129053K(130752K)->129053K(130752K) NonClass: 112246K(112960K)->112246K(112960K) Class: 16807K(17792K)->16807K(17792K)
[67.314s][info][gc             ] GC(578) Pause Young (Allocation Failure) 1704M->1167M(1979M) 7.177ms
[67.314s][info][gc,cpu         ] GC(578) User=0.00s Sys=0.00s Real=0.02s
[67.397s][info][gc,start       ] GC(579) Pause Young (Allocation Failure)
[67.401s][info][gc,heap        ] GC(579) DefNew: 587082K(629120K)->34501K(629120K) Eden: 559232K(559232K)->0K(559232K) From: 27850K(69888K)->34501K(69888K)
[67.401s][info][gc,heap        ] GC(579) Tenured: 1167592K(1398144K)->1167592K(1398144K)
[67.401s][info][gc,metaspace   ] GC(579) Metaspace: 129053K(130752K)->129053K(130752K) NonClass: 112246K(112960K)->112246K(112960K) Class: 16807K(17792K)->16807K(17792K)
[67.401s][info][gc             ] GC(579) Pause Young (Allocation Failure) 1713M->1173M(1979M) 4.904ms
[67.401s][info][gc,cpu         ] GC(579) User=0.00s Sys=0.00s Real=0.00s
[67.487s][info][gc,start       ] GC(580) Pause Young (Allocation Failure)
[67.493s][info][gc,heap        ] GC(580) DefNew: 593733K(629120K)->49619K(629120K) Eden: 559232K(559232K)->0K(559232K) From: 34501K(69888K)->49619K(69888K)
[67.493s][info][gc,heap        ] GC(580) Tenured: 1167592K(1398144K)->1167592K(1398144K)
[67.493s][info][gc,metaspace   ] GC(580) Metaspace: 129053K(130752K)->129053K(130752K) NonClass: 112246K(112960K)->112246K(112960K) Class: 16807K(17792K)->16807K(17792K)
[67.493s][info][gc             ] GC(580) Pause Young (Allocation Failure) 1720M->1188M(1979M) 6.238ms
[67.493s][info][gc,cpu         ] GC(580) User=0.00s Sys=0.00s Real=0.00s
[67.580s][info][gc,start       ] GC(581) Pause Young (Allocation Failure)
[67.587s][info][gc,heap        ] GC(581) DefNew: 608851K(629120K)->29443K(629120K) Eden: 559232K(559232K)->0K(559232K) From: 49619K(69888K)->29443K(69888K)
[67.587s][info][gc,heap        ] GC(581) Tenured: 1167592K(1398144K)->1192224K(1398144K)
[67.587s][info][gc,metaspace   ] GC(581) Metaspace: 129053K(130752K)->129053K(130752K) NonClass: 112246K(112960K)->112246K(112960K) Class: 16807K(17792K)->16807K(17792K)
[67.587s][info][gc             ] GC(581) Pause Young (Allocation Failure) 1734M->1193M(1979M) 6.940ms
[67.587s][info][gc,cpu         ] GC(581) User=0.00s Sys=0.00s Real=0.02s
[67.675s][info][gc,start       ] GC(582) Pause Young (Allocation Failure)
[67.680s][info][gc,heap        ] GC(582) DefNew: 588675K(629120K)->36471K(629120K) Eden: 559232K(559232K)->0K(559232K) From: 29443K(69888K)->36471K(69888K)
[67.680s][info][gc,heap        ] GC(582) Tenured: 1192224K(1398144K)->1192224K(1398144K)
[67.680s][info][gc,metaspace   ] GC(582) Metaspace: 129053K(130752K)->129053K(130752K) NonClass: 112246K(112960K)->112246K(112960K) Class: 16807K(17792K)->16807K(17792K)
[67.680s][info][gc             ] GC(582) Pause Young (Allocation Failure) 1739M->1199M(1979M) 5.166ms
[67.680s][info][gc,cpu         ] GC(582) User=0.00s Sys=0.00s Real=0.00s
[67.767s][info][gc,start       ] GC(583) Pause Young (Allocation Failure)
[67.773s][info][gc,heap        ] GC(583) DefNew: 595703K(629120K)->31895K(629120K) Eden: 559232K(559232K)->0K(559232K) From: 36471K(69888K)->31895K(69888K)
[67.773s][info][gc,heap        ] GC(583) Tenured: 1192224K(1398144K)->1200419K(1398144K)
[67.773s][info][gc,metaspace   ] GC(583) Metaspace: 129053K(130752K)->129053K(130752K) NonClass: 112246K(112960K)->112246K(112960K) Class: 16807K(17792K)->16807K(17792K)
[67.773s][info][gc             ] GC(583) Pause Young (Allocation Failure) 1746M->1203M(1979M) 5.702ms
[67.773s][info][gc,cpu         ] GC(583) User=0.02s Sys=0.00s Real=0.02s
[67.860s][info][gc,start       ] GC(584) Pause Young (Allocation Failure)
[67.866s][info][gc,heap        ] GC(584) DefNew: 591127K(629120K)->41751K(629120K) Eden: 559232K(559232K)->0K(559232K) From: 31895K(69888K)->41751K(69888K)
[67.866s][info][gc,heap        ] GC(584) Tenured: 1200419K(1398144K)->1200419K(1398144K)
[67.866s][info][gc,metaspace   ] GC(584) Metaspace: 129053K(130752K)->129053K(130752K) NonClass: 112246K(112960K)->112246K(112960K) Class: 16807K(17792K)->16807K(17792K)
[67.866s][info][gc             ] GC(584) Pause Young (Allocation Failure) 1749M->1213M(1979M) 5.775ms
[67.866s][info][gc,cpu         ] GC(584) User=0.02s Sys=0.00s Real=0.01s
[67.954s][info][gc,start       ] GC(585) Pause Young (Allocation Failure)
[67.961s][info][gc,heap        ] GC(585) DefNew: 600983K(629120K)->41375K(629120K) Eden: 559232K(559232K)->0K(559232K) From: 41751K(69888K)->41375K(69888K)
[67.961s][info][gc,heap        ] GC(585) Tenured: 1200419K(1398144K)->1212711K(1398144K)
[67.961s][info][gc,metaspace   ] GC(585) Metaspace: 129053K(130752K)->129053K(130752K) NonClass: 112246K(112960K)->112246K(112960K) Class: 16807K(17792K)->16807K(17792K)
[67.961s][info][gc             ] GC(585) Pause Young (Allocation Failure) 1759M->1224M(1979M) 7.577ms
[67.961s][info][gc,cpu         ] GC(585) User=0.00s Sys=0.00s Real=0.01s
[68.052s][info][gc,start       ] GC(586) Pause Young (Allocation Failure)
[68.057s][info][gc,heap        ] GC(586) DefNew: 600607K(629120K)->30384K(629120K) Eden: 559232K(559232K)->0K(559232K) From: 41375K(69888K)->30384K(69888K)
[68.057s][info][gc,heap        ] GC(586) Tenured: 1212711K(1398144K)->1220906K(1398144K)
[68.057s][info][gc,metaspace   ] GC(586) Metaspace: 129057K(130752K)->129057K(130752K) NonClass: 112250K(112960K)->112250K(112960K) Class: 16807K(17792K)->16807K(17792K)
[68.057s][info][gc             ] GC(586) Pause Young (Allocation Failure) 1770M->1221M(1979M) 5.800ms
[68.057s][info][gc,cpu         ] GC(586) User=0.00s Sys=0.00s Real=0.00s
[68.142s][info][gc,start       ] GC(587) Pause Young (Allocation Failure)
[68.147s][info][gc,heap        ] GC(587) DefNew: 589616K(629120K)->31943K(629120K) Eden: 559232K(559232K)->0K(559232K) From: 30384K(69888K)->31943K(69888K)
[68.148s][info][gc,heap        ] GC(587) Tenured: 1220906K(1398144K)->1220906K(1398144K)
[68.148s][info][gc,metaspace   ] GC(587) Metaspace: 129057K(130752K)->129057K(130752K) NonClass: 112250K(112960K)->112250K(112960K) Class: 16807K(17792K)->16807K(17792K)
[68.148s][info][gc             ] GC(587) Pause Young (Allocation Failure) 1768M->1223M(1979M) 5.274ms
[68.148s][info][gc,cpu         ] GC(587) User=0.00s Sys=0.00s Real=0.01s
[68.231s][info][gc,start       ] GC(588) Pause Young (Allocation Failure)
[68.236s][info][gc,heap        ] GC(588) DefNew: 591175K(629120K)->35082K(629120K) Eden: 559232K(559232K)->0K(559232K) From: 31943K(69888K)->35082K(69888K)
[68.236s][info][gc,heap        ] GC(588) Tenured: 1220906K(1398144K)->1220906K(1398144K)
[68.236s][info][gc,metaspace   ] GC(588) Metaspace: 129057K(130752K)->129057K(130752K) NonClass: 112250K(112960K)->112250K(112960K) Class: 16807K(17792K)->16807K(17792K)
[68.236s][info][gc             ] GC(588) Pause Young (Allocation Failure) 1769M->1226M(1979M) 5.133ms
[68.236s][info][gc,cpu         ] GC(588) User=0.00s Sys=0.00s Real=0.00s
[68.318s][info][gc,start       ] GC(589) Pause Young (Allocation Failure)
[68.322s][info][gc,heap        ] GC(589) DefNew: 594314K(629120K)->25501K(629120K) Eden: 559232K(559232K)->0K(559232K) From: 35082K(69888K)->25501K(69888K)
[68.322s][info][gc,heap        ] GC(589) Tenured: 1220906K(1398144K)->1225002K(1398144K)
[68.322s][info][gc,metaspace   ] GC(589) Metaspace: 129057K(130752K)->129057K(130752K) NonClass: 112250K(112960K)->112250K(112960K) Class: 16807K(17792K)->16807K(17792K)
[68.322s][info][gc             ] GC(589) Pause Young (Allocation Failure) 1772M->1221M(1979M) 4.781ms
[68.322s][info][gc,cpu         ] GC(589) User=0.00s Sys=0.00s Real=0.02s
[68.409s][info][gc,start       ] GC(590) Pause Young (Allocation Failure)
[68.414s][info][gc,heap        ] GC(590) DefNew: 584733K(629120K)->33599K(629120K) Eden: 559232K(559232K)->0K(559232K) From: 25501K(69888K)->33599K(69888K)
[68.414s][info][gc,heap        ] GC(590) Tenured: 1225002K(1398144K)->1225002K(1398144K)
[68.414s][info][gc,metaspace   ] GC(590) Metaspace: 129057K(130752K)->129057K(130752K) NonClass: 112250K(112960K)->112250K(112960K) Class: 16807K(17792K)->16807K(17792K)
[68.414s][info][gc             ] GC(590) Pause Young (Allocation Failure) 1767M->1229M(1979M) 5.261ms
[68.414s][info][gc,cpu         ] GC(590) User=0.00s Sys=0.00s Real=0.02s
[68.502s][info][gc,start       ] GC(591) Pause Young (Allocation Failure)
[68.507s][info][gc,heap        ] GC(591) DefNew: 592831K(629120K)->35062K(629120K) Eden: 559232K(559232K)->0K(559232K) From: 33599K(69888K)->35062K(69888K)
[68.507s][info][gc,heap        ] GC(591) Tenured: 1225002K(1398144K)->1225002K(1398144K)
[68.507s][info][gc,metaspace   ] GC(591) Metaspace: 129057K(130752K)->129057K(130752K) NonClass: 112250K(112960K)->112250K(112960K) Class: 16807K(17792K)->16807K(17792K)
[68.507s][info][gc             ] GC(591) Pause Young (Allocation Failure) 1775M->1230M(1979M) 5.423ms
[68.507s][info][gc,cpu         ] GC(591) User=0.00s Sys=0.00s Real=0.02s
[68.593s][info][gc,start       ] GC(592) Pause Young (Allocation Failure)
[68.598s][info][gc,heap        ] GC(592) DefNew: 594294K(629120K)->22683K(629120K) Eden: 559232K(559232K)->0K(559232K) From: 35062K(69888K)->22683K(69888K)
[68.598s][info][gc,heap        ] GC(592) Tenured: 1225002K(1398144K)->1233196K(1398144K)
[68.598s][info][gc,metaspace   ] GC(592) Metaspace: 129057K(130752K)->129057K(130752K) NonClass: 112250K(112960K)->112250K(112960K) Class: 16807K(17792K)->16807K(17792K)
[68.598s][info][gc             ] GC(592) Pause Young (Allocation Failure) 1776M->1226M(1979M) 4.970ms
[68.598s][info][gc,cpu         ] GC(592) User=0.00s Sys=0.00s Real=0.00s
[68.683s][info][gc,start       ] GC(593) Pause Young (Allocation Failure)
[68.688s][info][gc,heap        ] GC(593) DefNew: 575842K(629120K)->26951K(629120K) Eden: 553159K(559232K)->0K(559232K) From: 22683K(69888K)->26951K(69888K)
[68.688s][info][gc,heap        ] GC(593) Tenured: 1233196K(1398144K)->1233196K(1398144K)
[68.688s][info][gc,metaspace   ] GC(593) Metaspace: 129057K(130752K)->129057K(130752K) NonClass: 112250K(112960K)->112250K(112960K) Class: 16807K(17792K)->16807K(17792K)
[68.688s][info][gc             ] GC(593) Pause Young (Allocation Failure) 1766M->1230M(1979M) 4.537ms
[68.688s][info][gc,cpu         ] GC(593) User=0.00s Sys=0.00s Real=0.00s
[68.774s][info][gc,start       ] GC(594) Pause Young (Allocation Failure)
[68.778s][info][gc,heap        ] GC(594) DefNew: 586183K(629120K)->27158K(629120K) Eden: 559232K(559232K)->0K(559232K) From: 26951K(69888K)->27158K(69888K)
[68.778s][info][gc,heap        ] GC(594) Tenured: 1233196K(1398144K)->1233196K(1398144K)
[68.778s][info][gc,metaspace   ] GC(594) Metaspace: 129057K(130752K)->129057K(130752K) NonClass: 112250K(112960K)->112250K(112960K) Class: 16807K(17792K)->16807K(17792K)
[68.778s][info][gc             ] GC(594) Pause Young (Allocation Failure) 1776M->1230M(1979M) 4.442ms
[68.778s][info][gc,cpu         ] GC(594) User=0.00s Sys=0.00s Real=0.00s
[68.865s][info][gc,start       ] GC(595) Pause Young (Allocation Failure)
[68.869s][info][gc,heap        ] GC(595) DefNew: 586390K(629120K)->25400K(629120K) Eden: 559232K(559232K)->0K(559232K) From: 27158K(69888K)->25400K(69888K)
[68.869s][info][gc,heap        ] GC(595) Tenured: 1233196K(1398144K)->1233196K(1398144K)
[68.869s][info][gc,metaspace   ] GC(595) Metaspace: 129057K(130752K)->129057K(130752K) NonClass: 112250K(112960K)->112250K(112960K) Class: 16807K(17792K)->16807K(17792K)
[68.869s][info][gc             ] GC(595) Pause Young (Allocation Failure) 1776M->1229M(1979M) 4.642ms
[68.869s][info][gc,cpu         ] GC(595) User=0.00s Sys=0.00s Real=0.02s
[68.957s][info][gc,start       ] GC(596) Pause Young (Allocation Failure)
[68.962s][info][gc,heap        ] GC(596) DefNew: 584632K(629120K)->30089K(629120K) Eden: 559232K(559232K)->0K(559232K) From: 25400K(69888K)->30089K(69888K)
[68.962s][info][gc,heap        ] GC(596) Tenured: 1233196K(1398144K)->1233196K(1398144K)
[68.962s][info][gc,metaspace   ] GC(596) Metaspace: 129057K(130752K)->129057K(130752K) NonClass: 112250K(112960K)->112250K(112960K) Class: 16807K(17792K)->16807K(17792K)
[68.962s][info][gc             ] GC(596) Pause Young (Allocation Failure) 1775M->1233M(1979M) 4.662ms
[68.962s][info][gc,cpu         ] GC(596) User=0.00s Sys=0.00s Real=0.00s
[69.048s][info][gc,start       ] GC(597) Pause Young (Allocation Failure)
[69.052s][info][gc,heap        ] GC(597) DefNew: 589321K(629120K)->21401K(629120K) Eden: 559232K(559232K)->0K(559232K) From: 30089K(69888K)->21401K(69888K)
[69.052s][info][gc,heap        ] GC(597) Tenured: 1233196K(1398144K)->1233196K(1398144K)
[69.052s][info][gc,metaspace   ] GC(597) Metaspace: 129057K(130752K)->129057K(130752K) NonClass: 112250K(112960K)->112250K(112960K) Class: 16807K(17792K)->16807K(17792K)
[69.052s][info][gc             ] GC(597) Pause Young (Allocation Failure) 1779M->1225M(1979M) 4.127ms
[69.052s][info][gc,cpu         ] GC(597) User=0.00s Sys=0.00s Real=0.00s
[69.140s][info][gc,start       ] GC(598) Pause Young (Allocation Failure)
[69.145s][info][gc,heap        ] GC(598) DefNew: 580633K(629120K)->26968K(629120K) Eden: 559232K(559232K)->0K(559232K) From: 21401K(69888K)->26968K(69888K)
[69.145s][info][gc,heap        ] GC(598) Tenured: 1233196K(1398144K)->1233196K(1398144K)
[69.145s][info][gc,metaspace   ] GC(598) Metaspace: 129057K(130752K)->129057K(130752K) NonClass: 112250K(112960K)->112250K(112960K) Class: 16807K(17792K)->16807K(17792K)
[69.145s][info][gc             ] GC(598) Pause Young (Allocation Failure) 1771M->1230M(1979M) 4.495ms
[69.145s][info][gc,cpu         ] GC(598) User=0.00s Sys=0.00s Real=0.00s
[69.233s][info][gc,start       ] GC(599) Pause Young (Allocation Failure)
[69.237s][info][gc,heap        ] GC(599) DefNew: 586200K(629120K)->26881K(629120K) Eden: 559232K(559232K)->0K(559232K) From: 26968K(69888K)->26881K(69888K)
[69.237s][info][gc,heap        ] GC(599) Tenured: 1233196K(1398144K)->1233196K(1398144K)
[69.237s][info][gc,metaspace   ] GC(599) Metaspace: 129057K(130752K)->129057K(130752K) NonClass: 112250K(112960K)->112250K(112960K) Class: 16807K(17792K)->16807K(17792K)
[69.237s][info][gc             ] GC(599) Pause Young (Allocation Failure) 1776M->1230M(1979M) 4.714ms
[69.237s][info][gc,cpu         ] GC(599) User=0.00s Sys=0.00s Real=0.00s
[69.323s][info][gc,start       ] GC(600) Pause Young (Allocation Failure)
[69.327s][info][gc,heap        ] GC(600) DefNew: 586113K(629120K)->19755K(629120K) Eden: 559232K(559232K)->0K(559232K) From: 26881K(69888K)->19755K(69888K)
[69.327s][info][gc,heap        ] GC(600) Tenured: 1233196K(1398144K)->1237293K(1398144K)
[69.327s][info][gc,metaspace   ] GC(600) Metaspace: 129057K(130752K)->129057K(130752K) NonClass: 112250K(112960K)->112250K(112960K) Class: 16807K(17792K)->16807K(17792K)
[69.327s][info][gc             ] GC(600) Pause Young (Allocation Failure) 1776M->1227M(1979M) 4.175ms
[69.327s][info][gc,cpu         ] GC(600) User=0.00s Sys=0.00s Real=0.02s
[69.414s][info][gc,start       ] GC(601) Pause Young (Allocation Failure)
[69.418s][info][gc,heap        ] GC(601) DefNew: 578987K(629120K)->17746K(629120K) Eden: 559232K(559232K)->0K(559232K) From: 19755K(69888K)->17746K(69888K)
[69.419s][info][gc,heap        ] GC(601) Tenured: 1237293K(1398144K)->1245529K(1398144K)
[69.419s][info][gc,metaspace   ] GC(601) Metaspace: 129057K(130752K)->129057K(130752K) NonClass: 112250K(112960K)->112250K(112960K) Class: 16807K(17792K)->16807K(17792K)
[69.419s][info][gc             ] GC(601) Pause Young (Allocation Failure) 1773M->1233M(1979M) 4.300ms
[69.419s][info][gc,cpu         ] GC(601) User=0.00s Sys=0.00s Real=0.02s
[69.505s][info][gc,start       ] GC(602) Pause Young (Allocation Failure)
[69.508s][info][gc,heap        ] GC(602) DefNew: 576978K(629120K)->8679K(629120K) Eden: 559232K(559232K)->0K(559232K) From: 17746K(69888K)->8679K(69888K)
[69.508s][info][gc,heap        ] GC(602) Tenured: 1245529K(1398144K)->1245529K(1398144K)
[69.508s][info][gc,metaspace   ] GC(602) Metaspace: 129057K(130752K)->129057K(130752K) NonClass: 112250K(112960K)->112250K(112960K) Class: 16807K(17792K)->16807K(17792K)
[69.508s][info][gc             ] GC(602) Pause Young (Allocation Failure) 1779M->1224M(1979M) 2.780ms
[69.508s][info][gc,cpu         ] GC(602) User=0.00s Sys=0.00s Real=0.00s
[69.596s][info][gc,start       ] GC(603) Pause Young (Allocation Failure)
[69.599s][info][gc,heap        ] GC(603) DefNew: 567911K(629120K)->14625K(629120K) Eden: 559232K(559232K)->0K(559232K) From: 8679K(69888K)->14625K(69888K)
[69.599s][info][gc,heap        ] GC(603) Tenured: 1245529K(1398144K)->1245529K(1398144K)
[69.599s][info][gc,metaspace   ] GC(603) Metaspace: 129057K(130752K)->129057K(130752K) NonClass: 112250K(112960K)->112250K(112960K) Class: 16807K(17792K)->16807K(17792K)
[69.599s][info][gc             ] GC(603) Pause Young (Allocation Failure) 1770M->1230M(1979M) 3.377ms
[69.599s][info][gc,cpu         ] GC(603) User=0.00s Sys=0.00s Real=0.00s
[69.731s][info][gc,start       ] GC(604) Pause Young (Allocation Failure)
[69.734s][info][gc,heap        ] GC(604) DefNew: 571252K(629120K)->11053K(629120K) Eden: 556627K(559232K)->0K(559232K) From: 14625K(69888K)->11053K(69888K)
[69.734s][info][gc,heap        ] GC(604) Tenured: 1245529K(1398144K)->1245529K(1398144K)
[69.734s][info][gc,metaspace   ] GC(604) Metaspace: 129061K(130752K)->129061K(130752K) NonClass: 112253K(112960K)->112253K(112960K) Class: 16807K(17792K)->16807K(17792K)
[69.734s][info][gc             ] GC(604) Pause Young (Allocation Failure) 1774M->1227M(1979M) 3.032ms
[69.734s][info][gc,cpu         ] GC(604) User=0.00s Sys=0.00s Real=0.01s
[69.905s][info][gc,start       ] GC(605) Pause Full (System.gc())
[69.905s][info][gc,phases,start] GC(605) Phase 1: Mark live objects
[69.956s][info][gc,phases      ] GC(605) Phase 1: Mark live objects 51.036ms
[69.957s][info][gc,phases,start] GC(605) Phase 2: Compute new object addresses
[70.004s][info][gc,phases      ] GC(605) Phase 2: Compute new object addresses 47.890ms
[70.004s][info][gc,phases,start] GC(605) Phase 3: Adjust pointers
[70.033s][info][gc,phases      ] GC(605) Phase 3: Adjust pointers 28.041ms
[70.033s][info][gc,phases,start] GC(605) Phase 4: Move objects
[70.033s][info][gc,phases      ] GC(605) Phase 4: Move objects 0.140ms
[70.033s][info][gc,heap        ] GC(605) DefNew: 290823K(629120K)->0K(629120K) Eden: 279770K(559232K)->0K(559232K) From: 11053K(69888K)->0K(69888K)
[70.033s][info][gc,heap        ] GC(605) Tenured: 1245529K(1398144K)->1038589K(1398144K)
[70.033s][info][gc,metaspace   ] GC(605) Metaspace: 129119K(130816K)->129119K(130816K) NonClass: 112311K(113024K)->112311K(113024K) Class: 16808K(17792K)->16808K(17792K)
[70.033s][info][gc             ] GC(605) Pause Full (System.gc()) 1500M->1014M(1979M) 128.009ms
[70.033s][info][gc,cpu         ] GC(605) User=0.12s Sys=0.02s Real=0.14s
[70.193s][info][gc,start       ] GC(606) Pause Young (Allocation Failure)
[70.198s][info][gc,heap        ] GC(606) DefNew: 559232K(629120K)->4932K(629120K) Eden: 559232K(559232K)->0K(559232K) From: 0K(69888K)->4932K(69888K)
[70.198s][info][gc,heap        ] GC(606) Tenured: 1038589K(1398144K)->1038589K(1398144K)
[70.198s][info][gc,metaspace   ] GC(606) Metaspace: 129289K(130944K)->129289K(130944K) NonClass: 112481K(113152K)->112481K(113152K) Class: 16808K(17792K)->16808K(17792K)
[70.198s][info][gc             ] GC(606) Pause Young (Allocation Failure) 1560M->1019M(1979M) 4.606ms
[70.198s][info][gc,cpu         ] GC(606) User=0.00s Sys=0.00s Real=0.00s
[70.253s][info][gc,start       ] GC(607) Pause Young (Allocation Failure)
[70.257s][info][gc,heap        ] GC(607) DefNew: 564164K(629120K)->12072K(629120K) Eden: 559232K(559232K)->0K(559232K) From: 4932K(69888K)->12072K(69888K)
[70.257s][info][gc,heap        ] GC(607) Tenured: 1038589K(1398144K)->1038589K(1398144K)
[70.257s][info][gc,metaspace   ] GC(607) Metaspace: 129289K(130944K)->129289K(130944K) NonClass: 112481K(113152K)->112481K(113152K) Class: 16808K(17792K)->16808K(17792K)
[70.257s][info][gc             ] GC(607) Pause Young (Allocation Failure) 1565M->1026M(1979M) 4.147ms
[70.257s][info][gc,cpu         ] GC(607) User=0.00s Sys=0.00s Real=0.00s
[70.312s][info][gc,start       ] GC(608) Pause Young (Allocation Failure)
[70.316s][info][gc,heap        ] GC(608) DefNew: 571304K(629120K)->9028K(629120K) Eden: 559232K(559232K)->0K(559232K) From: 12072K(69888K)->9028K(69888K)
[70.316s][info][gc,heap        ] GC(608) Tenured: 1038589K(1398144K)->1038589K(1398144K)
[70.316s][info][gc,metaspace   ] GC(608) Metaspace: 129289K(130944K)->129289K(130944K) NonClass: 112481K(113152K)->112481K(113152K) Class: 16808K(17792K)->16808K(17792K)
[70.316s][info][gc             ] GC(608) Pause Young (Allocation Failure) 1572M->1023M(1979M) 4.210ms
[70.316s][info][gc,cpu         ] GC(608) User=0.00s Sys=0.00s Real=0.01s
[70.371s][info][gc,start       ] GC(609) Pause Young (Allocation Failure)
[70.375s][info][gc,heap        ] GC(609) DefNew: 568260K(629120K)->10189K(629120K) Eden: 559232K(559232K)->0K(559232K) From: 9028K(69888K)->10189K(69888K)
[70.375s][info][gc,heap        ] GC(609) Tenured: 1038589K(1398144K)->1038589K(1398144K)
[70.375s][info][gc,metaspace   ] GC(609) Metaspace: 129289K(130944K)->129289K(130944K) NonClass: 112481K(113152K)->112481K(113152K) Class: 16808K(17792K)->16808K(17792K)
[70.375s][info][gc             ] GC(609) Pause Young (Allocation Failure) 1569M->1024M(1979M) 4.250ms
[70.376s][info][gc,cpu         ] GC(609) User=0.00s Sys=0.00s Real=0.00s
[70.433s][info][gc,start       ] GC(610) Pause Young (Allocation Failure)
[70.438s][info][gc,heap        ] GC(610) DefNew: 569421K(629120K)->13590K(629120K) Eden: 559232K(559232K)->0K(559232K) From: 10189K(69888K)->13590K(69888K)
[70.438s][info][gc,heap        ] GC(610) Tenured: 1038589K(1398144K)->1038589K(1398144K)
[70.438s][info][gc,metaspace   ] GC(610) Metaspace: 129296K(131008K)->129296K(131008K) NonClass: 112488K(113216K)->112488K(113216K) Class: 16808K(17792K)->16808K(17792K)
[70.438s][info][gc             ] GC(610) Pause Young (Allocation Failure) 1570M->1027M(1979M) 4.895ms
[70.438s][info][gc,cpu         ] GC(610) User=0.02s Sys=0.00s Real=0.00s
[70.493s][info][gc,start       ] GC(611) Pause Young (Allocation Failure)
[70.498s][info][gc,heap        ] GC(611) DefNew: 572822K(629120K)->21523K(629120K) Eden: 559232K(559232K)->0K(559232K) From: 13590K(69888K)->21523K(69888K)
[70.499s][info][gc,heap        ] GC(611) Tenured: 1038589K(1398144K)->1038589K(1398144K)
[70.499s][info][gc,metaspace   ] GC(611) Metaspace: 129296K(131008K)->129296K(131008K) NonClass: 112488K(113216K)->112488K(113216K) Class: 16808K(17792K)->16808K(17792K)
[70.499s][info][gc             ] GC(611) Pause Young (Allocation Failure) 1573M->1035M(1979M) 5.429ms
[70.499s][info][gc,cpu         ] GC(611) User=0.02s Sys=0.00s Real=0.00s
[70.555s][info][gc,start       ] GC(612) Pause Young (Allocation Failure)
[70.561s][info][gc,heap        ] GC(612) DefNew: 580755K(629120K)->21806K(629120K) Eden: 559232K(559232K)->0K(559232K) From: 21523K(69888K)->21806K(69888K)
[70.561s][info][gc,heap        ] GC(612) Tenured: 1038589K(1398144K)->1038589K(1398144K)
[70.561s][info][gc,metaspace   ] GC(612) Metaspace: 129296K(131008K)->129296K(131008K) NonClass: 112488K(113216K)->112488K(113216K) Class: 16808K(17792K)->16808K(17792K)
[70.561s][info][gc             ] GC(612) Pause Young (Allocation Failure) 1581M->1035M(1979M) 5.429ms
[70.561s][info][gc,cpu         ] GC(612) User=0.02s Sys=0.00s Real=0.01s
[70.617s][info][gc,start       ] GC(613) Pause Young (Allocation Failure)
[70.623s][info][gc,heap        ] GC(613) DefNew: 581038K(629120K)->26106K(629120K) Eden: 559232K(559232K)->0K(559232K) From: 21806K(69888K)->26106K(69888K)
[70.623s][info][gc,heap        ] GC(613) Tenured: 1038589K(1398144K)->1038589K(1398144K)
[70.623s][info][gc,metaspace   ] GC(613) Metaspace: 129298K(131008K)->129298K(131008K) NonClass: 112489K(113216K)->112489K(113216K) Class: 16808K(17792K)->16808K(17792K)
[70.623s][info][gc             ] GC(613) Pause Young (Allocation Failure) 1581M->1039M(1979M) 5.917ms
[70.623s][info][gc,cpu         ] GC(613) User=0.00s Sys=0.00s Real=0.00s
[70.678s][info][gc,start       ] GC(614) Pause Young (Allocation Failure)
[70.685s][info][gc,heap        ] GC(614) DefNew: 585338K(629120K)->33827K(629120K) Eden: 559232K(559232K)->0K(559232K) From: 26106K(69888K)->33827K(69888K)
[70.685s][info][gc,heap        ] GC(614) Tenured: 1038589K(1398144K)->1038589K(1398144K)
[70.685s][info][gc,metaspace   ] GC(614) Metaspace: 129298K(131008K)->129298K(131008K) NonClass: 112489K(113216K)->112489K(113216K) Class: 16808K(17792K)->16808K(17792K)
[70.685s][info][gc             ] GC(614) Pause Young (Allocation Failure) 1585M->1047M(1979M) 6.632ms
[70.685s][info][gc,cpu         ] GC(614) User=0.00s Sys=0.00s Real=0.00s
[70.741s][info][gc,start       ] GC(615) Pause Young (Allocation Failure)
[70.747s][info][gc,heap        ] GC(615) DefNew: 593059K(629120K)->34303K(629120K) Eden: 559232K(559232K)->0K(559232K) From: 33827K(69888K)->34303K(69888K)
[70.747s][info][gc,heap        ] GC(615) Tenured: 1038589K(1398144K)->1038589K(1398144K)
[70.747s][info][gc,metaspace   ] GC(615) Metaspace: 129298K(131008K)->129298K(131008K) NonClass: 112489K(113216K)->112489K(113216K) Class: 16808K(17792K)->16808K(17792K)
[70.747s][info][gc             ] GC(615) Pause Young (Allocation Failure) 1593M->1047M(1979M) 6.665ms
[70.747s][info][gc,cpu         ] GC(615) User=0.00s Sys=0.00s Real=0.00s
[70.803s][info][gc,start       ] GC(616) Pause Young (Allocation Failure)
[70.810s][info][gc,heap        ] GC(616) DefNew: 593535K(629120K)->38190K(629120K) Eden: 559232K(559232K)->0K(559232K) From: 34303K(69888K)->38190K(69888K)
[70.810s][info][gc,heap        ] GC(616) Tenured: 1038589K(1398144K)->1038589K(1398144K)
[70.810s][info][gc,metaspace   ] GC(616) Metaspace: 129298K(131008K)->129298K(131008K) NonClass: 112489K(113216K)->112489K(113216K) Class: 16808K(17792K)->16808K(17792K)
[70.810s][info][gc             ] GC(616) Pause Young (Allocation Failure) 1593M->1051M(1979M) 6.906ms
[70.810s][info][gc,cpu         ] GC(616) User=0.00s Sys=0.00s Real=0.00s
[70.866s][info][gc,start       ] GC(617) Pause Young (Allocation Failure)
[70.874s][info][gc,heap        ] GC(617) DefNew: 597422K(629120K)->37216K(629120K) Eden: 559232K(559232K)->0K(559232K) From: 38190K(69888K)->37216K(69888K)
[70.874s][info][gc,heap        ] GC(617) Tenured: 1038589K(1398144K)->1044265K(1398144K)
[70.874s][info][gc,metaspace   ] GC(617) Metaspace: 129298K(131008K)->129298K(131008K) NonClass: 112489K(113216K)->112489K(113216K) Class: 16808K(17792K)->16808K(17792K)
[70.874s][info][gc             ] GC(617) Pause Young (Allocation Failure) 1597M->1056M(1979M) 7.742ms
[70.874s][info][gc,cpu         ] GC(617) User=0.00s Sys=0.00s Real=0.00s
[70.929s][info][gc,start       ] GC(618) Pause Young (Allocation Failure)
[70.935s][info][gc,heap        ] GC(618) DefNew: 596448K(629120K)->36822K(629120K) Eden: 559232K(559232K)->0K(559232K) From: 37216K(69888K)->36822K(69888K)
[70.935s][info][gc,heap        ] GC(618) Tenured: 1044265K(1398144K)->1048361K(1398144K)
[70.935s][info][gc,metaspace   ] GC(618) Metaspace: 129298K(131008K)->129298K(131008K) NonClass: 112489K(113216K)->112489K(113216K) Class: 16808K(17792K)->16808K(17792K)
[70.936s][info][gc             ] GC(618) Pause Young (Allocation Failure) 1602M->1059M(1979M) 6.174ms
[70.936s][info][gc,cpu         ] GC(618) User=0.00s Sys=0.00s Real=0.00s
[70.991s][info][gc,start       ] GC(619) Pause Young (Allocation Failure)
[70.997s][info][gc,heap        ] GC(619) DefNew: 596054K(629120K)->36919K(629120K) Eden: 559232K(559232K)->0K(559232K) From: 36822K(69888K)->36919K(69888K)
[70.997s][info][gc,heap        ] GC(619) Tenured: 1048361K(1398144K)->1052756K(1398144K)
[70.997s][info][gc,metaspace   ] GC(619) Metaspace: 129298K(131008K)->129298K(131008K) NonClass: 112489K(113216K)->112489K(113216K) Class: 16808K(17792K)->16808K(17792K)
[70.997s][info][gc             ] GC(619) Pause Young (Allocation Failure) 1605M->1064M(1979M) 6.284ms
[70.998s][info][gc,cpu         ] GC(619) User=0.00s Sys=0.00s Real=0.00s
[71.053s][info][gc,start       ] GC(620) Pause Young (Allocation Failure)
[71.059s][info][gc,heap        ] GC(620) DefNew: 596151K(629120K)->36924K(629120K) Eden: 559232K(559232K)->0K(559232K) From: 36919K(69888K)->36924K(69888K)
[71.059s][info][gc,heap        ] GC(620) Tenured: 1052756K(1398144K)->1056854K(1398144K)
[71.059s][info][gc,metaspace   ] GC(620) Metaspace: 129298K(131008K)->129298K(131008K) NonClass: 112489K(113216K)->112489K(113216K) Class: 16808K(17792K)->16808K(17792K)
[71.059s][info][gc             ] GC(620) Pause Young (Allocation Failure) 1610M->1068M(1979M) 5.859ms
[71.059s][info][gc,cpu         ] GC(620) User=0.00s Sys=0.00s Real=0.01s
[71.116s][info][gc,start       ] GC(621) Pause Young (Allocation Failure)
[71.122s][info][gc,heap        ] GC(621) DefNew: 596156K(629120K)->36891K(629120K) Eden: 559232K(559232K)->0K(559232K) From: 36924K(69888K)->36891K(69888K)
[71.122s][info][gc,heap        ] GC(621) Tenured: 1056854K(1398144K)->1060978K(1398144K)
[71.122s][info][gc,metaspace   ] GC(621) Metaspace: 129298K(131008K)->129298K(131008K) NonClass: 112489K(113216K)->112489K(113216K) Class: 16808K(17792K)->16808K(17792K)
[71.122s][info][gc             ] GC(621) Pause Young (Allocation Failure) 1614M->1072M(1979M) 6.219ms
[71.122s][info][gc,cpu         ] GC(621) User=0.02s Sys=0.00s Real=0.00s
[71.195s][info][gc,start       ] GC(622) Pause Young (Allocation Failure)
[71.201s][info][gc,heap        ] GC(622) DefNew: 596123K(629120K)->40844K(629120K) Eden: 559232K(559232K)->0K(559232K) From: 36891K(69888K)->40844K(69888K)
[71.201s][info][gc,heap        ] GC(622) Tenured: 1060978K(1398144K)->1065075K(1398144K)
[71.201s][info][gc,metaspace   ] GC(622) Metaspace: 129317K(131008K)->129317K(131008K) NonClass: 112509K(113216K)->112509K(113216K) Class: 16808K(17792K)->16808K(17792K)
[71.201s][info][gc             ] GC(622) Pause Young (Allocation Failure) 1618M->1080M(1979M) 6.257ms
[71.201s][info][gc,cpu         ] GC(622) User=0.00s Sys=0.00s Real=0.00s
[71.290s][info][gc,start       ] GC(623) Pause Young (Allocation Failure)
[71.298s][info][gc,heap        ] GC(623) DefNew: 600076K(629120K)->46311K(629120K) Eden: 559232K(559232K)->0K(559232K) From: 40844K(69888K)->46311K(69888K)
[71.298s][info][gc,heap        ] GC(623) Tenured: 1065075K(1398144K)->1073269K(1398144K)
[71.298s][info][gc,metaspace   ] GC(623) Metaspace: 129322K(131008K)->129322K(131008K) NonClass: 112514K(113216K)->112514K(113216K) Class: 16808K(17792K)->16808K(17792K)
[71.298s][info][gc             ] GC(623) Pause Young (Allocation Failure) 1626M->1093M(1979M) 7.375ms
[71.298s][info][gc,cpu         ] GC(623) User=0.00s Sys=0.00s Real=0.02s
[71.386s][info][gc,start       ] GC(624) Pause Young (Allocation Failure)
[71.394s][info][gc,heap        ] GC(624) DefNew: 605543K(629120K)->49431K(629120K) Eden: 559232K(559232K)->0K(559232K) From: 46311K(69888K)->49431K(69888K)
[71.394s][info][gc,heap        ] GC(624) Tenured: 1073269K(1398144K)->1085562K(1398144K)
[71.394s][info][gc,metaspace   ] GC(624) Metaspace: 129322K(131008K)->129322K(131008K) NonClass: 112514K(113216K)->112514K(113216K) Class: 16808K(17792K)->16808K(17792K)
[71.394s][info][gc             ] GC(624) Pause Young (Allocation Failure) 1639M->1108M(1979M) 8.021ms
[71.394s][info][gc,cpu         ] GC(624) User=0.00s Sys=0.00s Real=0.01s
[71.483s][info][gc,start       ] GC(625) Pause Young (Allocation Failure)
[71.491s][info][gc,heap        ] GC(625) DefNew: 608663K(629120K)->46440K(629120K) Eden: 559232K(559232K)->0K(559232K) From: 49431K(69888K)->46440K(69888K)
[71.491s][info][gc,heap        ] GC(625) Tenured: 1085562K(1398144K)->1102417K(1398144K)
[71.491s][info][gc,metaspace   ] GC(625) Metaspace: 129322K(131008K)->129322K(131008K) NonClass: 112514K(113216K)->112514K(113216K) Class: 16808K(17792K)->16808K(17792K)
[71.491s][info][gc             ] GC(625) Pause Young (Allocation Failure) 1654M->1121M(1979M) 8.290ms
[71.491s][info][gc,cpu         ] GC(625) User=0.00s Sys=0.00s Real=0.02s
[71.580s][info][gc,start       ] GC(626) Pause Young (Allocation Failure)
[71.587s][info][gc,heap        ] GC(626) DefNew: 605672K(629120K)->44678K(629120K) Eden: 559232K(559232K)->0K(559232K) From: 46440K(69888K)->44678K(69888K)
[71.587s][info][gc,heap        ] GC(626) Tenured: 1102417K(1398144K)->1114709K(1398144K)
[71.587s][info][gc,metaspace   ] GC(626) Metaspace: 129322K(131008K)->129322K(131008K) NonClass: 112514K(113216K)->112514K(113216K) Class: 16808K(17792K)->16808K(17792K)
[71.587s][info][gc             ] GC(626) Pause Young (Allocation Failure) 1668M->1132M(1979M) 6.873ms
[71.587s][info][gc,cpu         ] GC(626) User=0.00s Sys=0.00s Real=0.00s
[71.676s][info][gc,start       ] GC(627) Pause Young (Allocation Failure)
[71.683s][info][gc,heap        ] GC(627) DefNew: 603910K(629120K)->45835K(629120K) Eden: 559232K(559232K)->0K(559232K) From: 44678K(69888K)->45835K(69888K)
[71.683s][info][gc,heap        ] GC(627) Tenured: 1114709K(1398144K)->1127002K(1398144K)
[71.683s][info][gc,metaspace   ] GC(627) Metaspace: 129322K(131008K)->129322K(131008K) NonClass: 112514K(113216K)->112514K(113216K) Class: 16808K(17792K)->16808K(17792K)
[71.684s][info][gc             ] GC(627) Pause Young (Allocation Failure) 1678M->1145M(1979M) 7.378ms
[71.684s][info][gc,cpu         ] GC(627) User=0.00s Sys=0.00s Real=0.01s
[71.772s][info][gc,start       ] GC(628) Pause Young (Allocation Failure)
[71.780s][info][gc,heap        ] GC(628) DefNew: 605067K(629120K)->48970K(629120K) Eden: 559232K(559232K)->0K(559232K) From: 45835K(69888K)->48970K(69888K)
[71.780s][info][gc,heap        ] GC(628) Tenured: 1127002K(1398144K)->1139293K(1398144K)
[71.780s][info][gc,metaspace   ] GC(628) Metaspace: 129322K(131008K)->129322K(131008K) NonClass: 112514K(113216K)->112514K(113216K) Class: 16808K(17792K)->16808K(17792K)
[71.780s][info][gc             ] GC(628) Pause Young (Allocation Failure) 1691M->1160M(1979M) 7.613ms
[71.780s][info][gc,cpu         ] GC(628) User=0.00s Sys=0.00s Real=0.00s
[71.871s][info][gc,start       ] GC(629) Pause Young (Allocation Failure)
[71.878s][info][gc,heap        ] GC(629) DefNew: 608202K(629120K)->40143K(629120K) Eden: 559232K(559232K)->0K(559232K) From: 48970K(69888K)->40143K(69888K)
[71.878s][info][gc,heap        ] GC(629) Tenured: 1139293K(1398144K)->1155682K(1398144K)
[71.878s][info][gc,metaspace   ] GC(629) Metaspace: 129326K(131008K)->129326K(131008K) NonClass: 112517K(113216K)->112517K(113216K) Class: 16808K(17792K)->16808K(17792K)
[71.878s][info][gc             ] GC(629) Pause Young (Allocation Failure) 1706M->1167M(1979M) 7.483ms
[71.878s][info][gc,cpu         ] GC(629) User=0.00s Sys=0.00s Real=0.00s
[71.961s][info][gc,start       ] GC(630) Pause Young (Allocation Failure)
[71.967s][info][gc,heap        ] GC(630) DefNew: 599375K(629120K)->33313K(629120K) Eden: 559232K(559232K)->0K(559232K) From: 40143K(69888K)->33313K(69888K)
[71.967s][info][gc,heap        ] GC(630) Tenured: 1155682K(1398144K)->1167973K(1398144K)
[71.967s][info][gc,metaspace   ] GC(630) Metaspace: 129326K(131008K)->129326K(131008K) NonClass: 112517K(113216K)->112517K(113216K) Class: 16808K(17792K)->16808K(17792K)
[71.967s][info][gc             ] GC(630) Pause Young (Allocation Failure) 1713M->1173M(1979M) 6.117ms
[71.967s][info][gc,cpu         ] GC(630) User=0.00s Sys=0.00s Real=0.00s
[72.056s][info][gc,start       ] GC(631) Pause Young (Allocation Failure)
[72.062s][info][gc,heap        ] GC(631) DefNew: 592545K(629120K)->45120K(629120K) Eden: 559232K(559232K)->0K(559232K) From: 33313K(69888K)->45120K(69888K)
[72.062s][info][gc,heap        ] GC(631) Tenured: 1167973K(1398144K)->1167973K(1398144K)
[72.062s][info][gc,metaspace   ] GC(631) Metaspace: 129326K(131008K)->129326K(131008K) NonClass: 112517K(113216K)->112517K(113216K) Class: 16808K(17792K)->16808K(17792K)
[72.062s][info][gc             ] GC(631) Pause Young (Allocation Failure) 1719M->1184M(1979M) 6.314ms
[72.062s][info][gc,cpu         ] GC(631) User=0.00s Sys=0.00s Real=0.01s
[72.152s][info][gc,start       ] GC(632) Pause Young (Allocation Failure)
[72.159s][info][gc,heap        ] GC(632) DefNew: 604352K(629120K)->41801K(629120K) Eden: 559232K(559232K)->0K(559232K) From: 45120K(69888K)->41801K(69888K)
[72.159s][info][gc,heap        ] GC(632) Tenured: 1167973K(1398144K)->1180265K(1398144K)
[72.159s][info][gc,metaspace   ] GC(632) Metaspace: 129326K(131008K)->129326K(131008K) NonClass: 112517K(113216K)->112517K(113216K) Class: 16808K(17792K)->16808K(17792K)
[72.159s][info][gc             ] GC(632) Pause Young (Allocation Failure) 1730M->1193M(1979M) 6.851ms
[72.159s][info][gc,cpu         ] GC(632) User=0.00s Sys=0.00s Real=0.00s
[72.248s][info][gc,start       ] GC(633) Pause Young (Allocation Failure)
[72.255s][info][gc,heap        ] GC(633) DefNew: 601033K(629120K)->35028K(629120K) Eden: 559232K(559232K)->0K(559232K) From: 41801K(69888K)->35028K(69888K)
[72.255s][info][gc,heap        ] GC(633) Tenured: 1180265K(1398144K)->1192605K(1398144K)
[72.255s][info][gc,metaspace   ] GC(633) Metaspace: 129326K(131008K)->129326K(131008K) NonClass: 112517K(113216K)->112517K(113216K) Class: 16808K(17792K)->16808K(17792K)
[72.255s][info][gc             ] GC(633) Pause Young (Allocation Failure) 1739M->1198M(1979M) 6.662ms
[72.255s][info][gc,cpu         ] GC(633) User=0.00s Sys=0.00s Real=0.00s
[72.343s][info][gc,start       ] GC(634) Pause Young (Allocation Failure)
[72.349s][info][gc,heap        ] GC(634) DefNew: 594260K(629120K)->35114K(629120K) Eden: 559232K(559232K)->0K(559232K) From: 35028K(69888K)->35114K(69888K)
[72.349s][info][gc,heap        ] GC(634) Tenured: 1192605K(1398144K)->1200800K(1398144K)
[72.349s][info][gc,metaspace   ] GC(634) Metaspace: 129326K(131008K)->129326K(131008K) NonClass: 112517K(113216K)->112517K(113216K) Class: 16808K(17792K)->16808K(17792K)
[72.349s][info][gc             ] GC(634) Pause Young (Allocation Failure) 1744M->1206M(1979M) 5.938ms
[72.349s][info][gc,cpu         ] GC(634) User=0.00s Sys=0.00s Real=0.00s
[72.437s][info][gc,start       ] GC(635) Pause Young (Allocation Failure)
[72.444s][info][gc,heap        ] GC(635) DefNew: 594346K(629120K)->39992K(629120K) Eden: 559232K(559232K)->0K(559232K) From: 35114K(69888K)->39992K(69888K)
[72.444s][info][gc,heap        ] GC(635) Tenured: 1200800K(1398144K)->1204898K(1398144K)
[72.444s][info][gc,metaspace   ] GC(635) Metaspace: 129326K(131008K)->129326K(131008K) NonClass: 112517K(113216K)->112517K(113216K) Class: 16808K(17792K)->16808K(17792K)
[72.444s][info][gc             ] GC(635) Pause Young (Allocation Failure) 1753M->1215M(1979M) 6.366ms
[72.444s][info][gc,cpu         ] GC(635) User=0.00s Sys=0.00s Real=0.01s
[72.530s][info][gc,start       ] GC(636) Pause Young (Allocation Failure)
[72.536s][info][gc,heap        ] GC(636) DefNew: 599185K(629120K)->32765K(629120K) Eden: 559192K(559232K)->0K(559232K) From: 39992K(69888K)->32765K(69888K)
[72.536s][info][gc,heap        ] GC(636) Tenured: 1204898K(1398144K)->1213092K(1398144K)
[72.536s][info][gc,metaspace   ] GC(636) Metaspace: 129326K(131008K)->129326K(131008K) NonClass: 112517K(113216K)->112517K(113216K) Class: 16808K(17792K)->16808K(17792K)
[72.536s][info][gc             ] GC(636) Pause Young (Allocation Failure) 1761M->1216M(1979M) 5.677ms
[72.536s][info][gc,cpu         ] GC(636) User=0.00s Sys=0.00s Real=0.00s
[72.627s][info][gc,start       ] GC(637) Pause Young (Allocation Failure)
[72.633s][info][gc,heap        ] GC(637) DefNew: 591997K(629120K)->40130K(629120K) Eden: 559232K(559232K)->0K(559232K) From: 32765K(69888K)->40130K(69888K)
[72.633s][info][gc,heap        ] GC(637) Tenured: 1213092K(1398144K)->1213092K(1398144K)
[72.633s][info][gc,metaspace   ] GC(637) Metaspace: 129326K(131008K)->129326K(131008K) NonClass: 112517K(113216K)->112517K(113216K) Class: 16808K(17792K)->16808K(17792K)
[72.633s][info][gc             ] GC(637) Pause Young (Allocation Failure) 1762M->1223M(1979M) 6.418ms
[72.633s][info][gc,cpu         ] GC(637) User=0.00s Sys=0.00s Real=0.01s
[72.715s][info][gc,start       ] GC(638) Pause Young (Allocation Failure)
[72.721s][info][gc,heap        ] GC(638) DefNew: 599362K(629120K)->30925K(629120K) Eden: 559232K(559232K)->0K(559232K) From: 40130K(69888K)->30925K(69888K)
[72.721s][info][gc,heap        ] GC(638) Tenured: 1213092K(1398144K)->1225383K(1398144K)
[72.721s][info][gc,metaspace   ] GC(638) Metaspace: 129326K(131008K)->129326K(131008K) NonClass: 112517K(113216K)->112517K(113216K) Class: 16808K(17792K)->16808K(17792K)
[72.721s][info][gc             ] GC(638) Pause Young (Allocation Failure) 1769M->1226M(1979M) 5.867ms
[72.721s][info][gc,cpu         ] GC(638) User=0.00s Sys=0.00s Real=0.00s
[72.803s][info][gc,start       ] GC(639) Pause Young (Allocation Failure)
[72.808s][info][gc,heap        ] GC(639) DefNew: 590157K(629120K)->25510K(629120K) Eden: 559232K(559232K)->0K(559232K) From: 30925K(69888K)->25510K(69888K)
[72.808s][info][gc,heap        ] GC(639) Tenured: 1225383K(1398144K)->1225383K(1398144K)
[72.808s][info][gc,metaspace   ] GC(639) Metaspace: 129326K(131008K)->129326K(131008K) NonClass: 112517K(113216K)->112517K(113216K) Class: 16808K(17792K)->16808K(17792K)
[72.808s][info][gc             ] GC(639) Pause Young (Allocation Failure) 1772M->1221M(1979M) 4.741ms
[72.808s][info][gc,cpu         ] GC(639) User=0.00s Sys=0.00s Real=0.02s
[72.891s][info][gc,start       ] GC(640) Pause Young (Allocation Failure)
[72.895s][info][gc,heap        ] GC(640) DefNew: 584742K(629120K)->27842K(629120K) Eden: 559232K(559232K)->0K(559232K) From: 25510K(69888K)->27842K(69888K)
[72.895s][info][gc,heap        ] GC(640) Tenured: 1225383K(1398144K)->1225383K(1398144K)
[72.895s][info][gc,metaspace   ] GC(640) Metaspace: 129326K(131008K)->129326K(131008K) NonClass: 112517K(113216K)->112517K(113216K) Class: 16808K(17792K)->16808K(17792K)
[72.895s][info][gc             ] GC(640) Pause Young (Allocation Failure) 1767M->1223M(1979M) 4.571ms
[72.895s][info][gc,cpu         ] GC(640) User=0.00s Sys=0.00s Real=0.00s
[72.982s][info][gc,start       ] GC(641) Pause Young (Allocation Failure)
[72.987s][info][gc,heap        ] GC(641) DefNew: 587074K(629120K)->35892K(629120K) Eden: 559232K(559232K)->0K(559232K) From: 27842K(69888K)->35892K(69888K)
[72.987s][info][gc,heap        ] GC(641) Tenured: 1225383K(1398144K)->1225383K(1398144K)
[72.987s][info][gc,metaspace   ] GC(641) Metaspace: 129326K(131008K)->129326K(131008K) NonClass: 112517K(113216K)->112517K(113216K) Class: 16808K(17792K)->16808K(17792K)
[72.987s][info][gc             ] GC(641) Pause Young (Allocation Failure) 1769M->1231M(1979M) 5.656ms
[72.987s][info][gc,cpu         ] GC(641) User=0.00s Sys=0.00s Real=0.00s
[73.074s][info][gc,start       ] GC(642) Pause Young (Allocation Failure)
[73.079s][info][gc,heap        ] GC(642) DefNew: 595124K(629120K)->25417K(629120K) Eden: 559232K(559232K)->0K(559232K) From: 35892K(69888K)->25417K(69888K)
[73.079s][info][gc,heap        ] GC(642) Tenured: 1225383K(1398144K)->1233577K(1398144K)
[73.079s][info][gc,metaspace   ] GC(642) Metaspace: 129326K(131008K)->129326K(131008K) NonClass: 112517K(113216K)->112517K(113216K) Class: 16808K(17792K)->16808K(17792K)
[73.079s][info][gc             ] GC(642) Pause Young (Allocation Failure) 1777M->1229M(1979M) 5.373ms
[73.079s][info][gc,cpu         ] GC(642) User=0.00s Sys=0.00s Real=0.00s
[73.168s][info][gc,start       ] GC(643) Pause Young (Allocation Failure)
[73.172s][info][gc,heap        ] GC(643) DefNew: 584649K(629120K)->23750K(629120K) Eden: 559232K(559232K)->0K(559232K) From: 25417K(69888K)->23750K(69888K)
[73.172s][info][gc,heap        ] GC(643) Tenured: 1233577K(1398144K)->1233577K(1398144K)
[73.172s][info][gc,metaspace   ] GC(643) Metaspace: 129326K(131008K)->129326K(131008K) NonClass: 112517K(113216K)->112517K(113216K) Class: 16808K(17792K)->16808K(17792K)
[73.172s][info][gc             ] GC(643) Pause Young (Allocation Failure) 1775M->1227M(1979M) 4.155ms
[73.172s][info][gc,cpu         ] GC(643) User=0.00s Sys=0.00s Real=0.00s
[73.260s][info][gc,start       ] GC(644) Pause Young (Allocation Failure)
[73.264s][info][gc,heap        ] GC(644) DefNew: 582982K(629120K)->22270K(629120K) Eden: 559232K(559232K)->0K(559232K) From: 23750K(69888K)->22270K(69888K)
[73.264s][info][gc,heap        ] GC(644) Tenured: 1233577K(1398144K)->1233577K(1398144K)
[73.264s][info][gc,metaspace   ] GC(644) Metaspace: 129326K(131008K)->129326K(131008K) NonClass: 112517K(113216K)->112517K(113216K) Class: 16808K(17792K)->16808K(17792K)
[73.264s][info][gc             ] GC(644) Pause Young (Allocation Failure) 1773M->1226M(1979M) 3.726ms
[73.264s][info][gc,cpu         ] GC(644) User=0.00s Sys=0.00s Real=0.00s
[73.352s][info][gc,start       ] GC(645) Pause Young (Allocation Failure)
[73.356s][info][gc,heap        ] GC(645) DefNew: 581502K(629120K)->26972K(629120K) Eden: 559232K(559232K)->0K(559232K) From: 22270K(69888K)->26972K(69888K)
[73.356s][info][gc,heap        ] GC(645) Tenured: 1233577K(1398144K)->1233577K(1398144K)
[73.356s][info][gc,metaspace   ] GC(645) Metaspace: 129326K(131008K)->129326K(131008K) NonClass: 112517K(113216K)->112517K(113216K) Class: 16808K(17792K)->16808K(17792K)
[73.356s][info][gc             ] GC(645) Pause Young (Allocation Failure) 1772M->1231M(1979M) 4.825ms
[73.356s][info][gc,cpu         ] GC(645) User=0.00s Sys=0.00s Real=0.02s
[73.443s][info][gc,start       ] GC(646) Pause Young (Allocation Failure)
[73.447s][info][gc,heap        ] GC(646) DefNew: 586204K(629120K)->27169K(629120K) Eden: 559232K(559232K)->0K(559232K) From: 26972K(69888K)->27169K(69888K)
[73.447s][info][gc,heap        ] GC(646) Tenured: 1233577K(1398144K)->1233577K(1398144K)
[73.447s][info][gc,metaspace   ] GC(646) Metaspace: 129326K(131008K)->129326K(131008K) NonClass: 112517K(113216K)->112517K(113216K) Class: 16808K(17792K)->16808K(17792K)
[73.448s][info][gc             ] GC(646) Pause Young (Allocation Failure) 1777M->1231M(1979M) 4.440ms
[73.448s][info][gc,cpu         ] GC(646) User=0.00s Sys=0.00s Real=0.02s
[73.535s][info][gc,start       ] GC(647) Pause Young (Allocation Failure)
[73.539s][info][gc,heap        ] GC(647) DefNew: 586401K(629120K)->24608K(629120K) Eden: 559232K(559232K)->0K(559232K) From: 27169K(69888K)->24608K(69888K)
[73.539s][info][gc,heap        ] GC(647) Tenured: 1233577K(1398144K)->1233577K(1398144K)
[73.539s][info][gc,metaspace   ] GC(647) Metaspace: 129326K(131008K)->129326K(131008K) NonClass: 112517K(113216K)->112517K(113216K) Class: 16808K(17792K)->16808K(17792K)
[73.539s][info][gc             ] GC(647) Pause Young (Allocation Failure) 1777M->1228M(1979M) 4.637ms
[73.539s][info][gc,cpu         ] GC(647) User=0.00s Sys=0.00s Real=0.00s
[73.627s][info][gc,start       ] GC(648) Pause Young (Allocation Failure)
[73.632s][info][gc,heap        ] GC(648) DefNew: 583840K(629120K)->30089K(629120K) Eden: 559232K(559232K)->0K(559232K) From: 24608K(69888K)->30089K(69888K)
[73.632s][info][gc,heap        ] GC(648) Tenured: 1233577K(1398144K)->1233577K(1398144K)
[73.632s][info][gc,metaspace   ] GC(648) Metaspace: 129326K(131008K)->129326K(131008K) NonClass: 112517K(113216K)->112517K(113216K) Class: 16808K(17792K)->16808K(17792K)
[73.632s][info][gc             ] GC(648) Pause Young (Allocation Failure) 1774M->1234M(1979M) 4.922ms
[73.632s][info][gc,cpu         ] GC(648) User=0.00s Sys=0.00s Real=0.00s
[73.720s][info][gc,start       ] GC(649) Pause Young (Allocation Failure)
[73.724s][info][gc,heap        ] GC(649) DefNew: 589321K(629120K)->21398K(629120K) Eden: 559232K(559232K)->0K(559232K) From: 30089K(69888K)->21398K(69888K)
[73.724s][info][gc,heap        ] GC(649) Tenured: 1233577K(1398144K)->1233577K(1398144K)
[73.724s][info][gc,metaspace   ] GC(649) Metaspace: 129326K(131008K)->129326K(131008K) NonClass: 112517K(113216K)->112517K(113216K) Class: 16808K(17792K)->16808K(17792K)
[73.724s][info][gc             ] GC(649) Pause Young (Allocation Failure) 1780M->1225M(1979M) 4.063ms
[73.724s][info][gc,cpu         ] GC(649) User=0.00s Sys=0.00s Real=0.00s
[73.812s][info][gc,start       ] GC(650) Pause Young (Allocation Failure)
[73.816s][info][gc,heap        ] GC(650) DefNew: 580630K(629120K)->26971K(629120K) Eden: 559232K(559232K)->0K(559232K) From: 21398K(69888K)->26971K(69888K)
[73.816s][info][gc,heap        ] GC(650) Tenured: 1233577K(1398144K)->1233577K(1398144K)
[73.816s][info][gc,metaspace   ] GC(650) Metaspace: 129326K(131008K)->129326K(131008K) NonClass: 112517K(113216K)->112517K(113216K) Class: 16808K(17792K)->16808K(17792K)
[73.816s][info][gc             ] GC(650) Pause Young (Allocation Failure) 1771M->1231M(1979M) 4.539ms
[73.816s][info][gc,cpu         ] GC(650) User=0.00s Sys=0.00s Real=0.00s
[73.904s][info][gc,start       ] GC(651) Pause Young (Allocation Failure)
[73.909s][info][gc,heap        ] GC(651) DefNew: 586203K(629120K)->22777K(629120K) Eden: 559232K(559232K)->0K(559232K) From: 26971K(69888K)->22777K(69888K)
[73.909s][info][gc,heap        ] GC(651) Tenured: 1233577K(1398144K)->1237674K(1398144K)
[73.909s][info][gc,metaspace   ] GC(651) Metaspace: 129326K(131008K)->129326K(131008K) NonClass: 112517K(113216K)->112517K(113216K) Class: 16808K(17792K)->16808K(17792K)
[73.909s][info][gc             ] GC(651) Pause Young (Allocation Failure) 1777M->1230M(1979M) 4.282ms
[73.909s][info][gc,cpu         ] GC(651) User=0.00s Sys=0.00s Real=0.00s
[73.995s][info][gc,start       ] GC(652) Pause Young (Allocation Failure)
[73.999s][info][gc,heap        ] GC(652) DefNew: 582009K(629120K)->10736K(629120K) Eden: 559232K(559232K)->0K(559232K) From: 22777K(69888K)->10736K(69888K)
[73.999s][info][gc,heap        ] GC(652) Tenured: 1237674K(1398144K)->1245910K(1398144K)
[73.999s][info][gc,metaspace   ] GC(652) Metaspace: 129326K(131008K)->129326K(131008K) NonClass: 112517K(113216K)->112517K(113216K) Class: 16808K(17792K)->16808K(17792K)
[73.999s][info][gc             ] GC(652) Pause Young (Allocation Failure) 1777M->1227M(1979M) 3.816ms
[73.999s][info][gc,cpu         ] GC(652) User=0.00s Sys=0.00s Real=0.02s
[74.086s][info][gc,start       ] GC(653) Pause Young (Allocation Failure)
[74.090s][info][gc,heap        ] GC(653) DefNew: 569968K(629120K)->17745K(629120K) Eden: 559232K(559232K)->0K(559232K) From: 10736K(69888K)->17745K(69888K)
[74.090s][info][gc,heap        ] GC(653) Tenured: 1245910K(1398144K)->1245910K(1398144K)
[74.090s][info][gc,metaspace   ] GC(653) Metaspace: 129326K(131008K)->129326K(131008K) NonClass: 112517K(113216K)->112517K(113216K) Class: 16808K(17792K)->16808K(17792K)
[74.090s][info][gc             ] GC(653) Pause Young (Allocation Failure) 1773M->1234M(1979M) 3.733ms
[74.090s][info][gc,cpu         ] GC(653) User=0.00s Sys=0.00s Real=0.00s
[74.178s][info][gc,start       ] GC(654) Pause Young (Allocation Failure)
[74.181s][info][gc,heap        ] GC(654) DefNew: 576977K(629120K)->8679K(629120K) Eden: 559232K(559232K)->0K(559232K) From: 17745K(69888K)->8679K(69888K)
[74.181s][info][gc,heap        ] GC(654) Tenured: 1245910K(1398144K)->1245910K(1398144K)
[74.181s][info][gc,metaspace   ] GC(654) Metaspace: 129326K(131008K)->129326K(131008K) NonClass: 112517K(113216K)->112517K(113216K) Class: 16808K(17792K)->16808K(17792K)
[74.181s][info][gc             ] GC(654) Pause Young (Allocation Failure) 1780M->1225M(1979M) 2.647ms
[74.181s][info][gc,cpu         ] GC(654) User=0.00s Sys=0.00s Real=0.00s
[74.298s][info][gc,start       ] GC(655) Pause Young (Allocation Failure)
[74.302s][info][gc,heap        ] GC(655) DefNew: 567911K(629120K)->14136K(629120K) Eden: 559232K(559232K)->0K(559232K) From: 8679K(69888K)->14136K(69888K)
[74.302s][info][gc,heap        ] GC(655) Tenured: 1245910K(1398144K)->1245910K(1398144K)
[74.302s][info][gc,metaspace   ] GC(655) Metaspace: 129327K(131072K)->129327K(131072K) NonClass: 112519K(113280K)->112519K(113280K) Class: 16808K(17792K)->16808K(17792K)
[74.302s][info][gc             ] GC(655) Pause Young (Allocation Failure) 1771M->1230M(1979M) 3.398ms
[74.302s][info][gc,cpu         ] GC(655) User=0.00s Sys=0.00s Real=0.00s
[74.457s][info][gc,start       ] GC(656) Pause Full (System.gc())
[74.457s][info][gc,phases,start] GC(656) Phase 1: Mark live objects
[74.509s][info][gc,phases      ] GC(656) Phase 1: Mark live objects 51.792ms
[74.509s][info][gc,phases,start] GC(656) Phase 2: Compute new object addresses
[74.551s][info][gc,phases      ] GC(656) Phase 2: Compute new object addresses 42.061ms
[74.551s][info][gc,phases,start] GC(656) Phase 3: Adjust pointers
[74.581s][info][gc,phases      ] GC(656) Phase 3: Adjust pointers 29.817ms
[74.581s][info][gc,phases,start] GC(656) Phase 4: Move objects
[74.670s][info][gc,phases      ] GC(656) Phase 4: Move objects 89.016ms
[74.671s][info][gc,heap        ] GC(656) DefNew: 250688K(629120K)->0K(629120K) Eden: 236552K(559232K)->0K(559232K) From: 14136K(69888K)->0K(69888K)
[74.671s][info][gc,heap        ] GC(656) Tenured: 1245910K(1398144K)->968829K(1398144K)
[74.671s][info][gc,metaspace   ] GC(656) Metaspace: 129338K(131072K)->129338K(131072K) NonClass: 112530K(113280K)->112530K(113280K) Class: 16808K(17792K)->16808K(17792K)
[74.671s][info][gc             ] GC(656) Pause Full (System.gc()) 1461M->946M(1979M) 213.670ms
[74.671s][info][gc,cpu         ] GC(656) User=0.20s Sys=0.00s Real=0.21s
[74.807s][info][gc,start       ] GC(657) Pause Young (Allocation Failure)
[74.812s][info][gc,heap        ] GC(657) DefNew: 559232K(629120K)->4931K(629120K) Eden: 559232K(559232K)->0K(559232K) From: 0K(69888K)->4931K(69888K)
[74.812s][info][gc,heap        ] GC(657) Tenured: 968829K(1398144K)->968829K(1398144K)
[74.812s][info][gc,metaspace   ] GC(657) Metaspace: 129477K(131200K)->129477K(131200K) NonClass: 112669K(113408K)->112669K(113408K) Class: 16808K(17792K)->16808K(17792K)
[74.812s][info][gc             ] GC(657) Pause Young (Allocation Failure) 1492M->950M(1979M) 4.589ms
[74.812s][info][gc,cpu         ] GC(657) User=0.00s Sys=0.00s Real=0.00s
[74.867s][info][gc,start       ] GC(658) Pause Young (Allocation Failure)
[74.871s][info][gc,heap        ] GC(658) DefNew: 564163K(629120K)->9919K(629120K) Eden: 559232K(559232K)->0K(559232K) From: 4931K(69888K)->9919K(69888K)
[74.871s][info][gc,heap        ] GC(658) Tenured: 968829K(1398144K)->968829K(1398144K)
[74.871s][info][gc,metaspace   ] GC(658) Metaspace: 129477K(131200K)->129477K(131200K) NonClass: 112669K(113408K)->112669K(113408K) Class: 16808K(17792K)->16808K(17792K)
[74.871s][info][gc             ] GC(658) Pause Young (Allocation Failure) 1497M->955M(1979M) 4.191ms
[74.871s][info][gc,cpu         ] GC(658) User=0.00s Sys=0.00s Real=0.01s
[74.925s][info][gc,start       ] GC(659) Pause Young (Allocation Failure)
[74.929s][info][gc,heap        ] GC(659) DefNew: 569151K(629120K)->9027K(629120K) Eden: 559232K(559232K)->0K(559232K) From: 9919K(69888K)->9027K(69888K)
[74.929s][info][gc,heap        ] GC(659) Tenured: 968829K(1398144K)->968829K(1398144K)
[74.929s][info][gc,metaspace   ] GC(659) Metaspace: 129478K(131200K)->129478K(131200K) NonClass: 112670K(113408K)->112670K(113408K) Class: 16808K(17792K)->16808K(17792K)
[74.929s][info][gc             ] GC(659) Pause Young (Allocation Failure) 1501M->954M(1979M) 4.115ms
[74.929s][info][gc,cpu         ] GC(659) User=0.00s Sys=0.00s Real=0.01s
[74.984s][info][gc,start       ] GC(660) Pause Young (Allocation Failure)
[74.988s][info][gc,heap        ] GC(660) DefNew: 568259K(629120K)->10189K(629120K) Eden: 559232K(559232K)->0K(559232K) From: 9027K(69888K)->10189K(69888K)
[74.988s][info][gc,heap        ] GC(660) Tenured: 968829K(1398144K)->968829K(1398144K)
[74.988s][info][gc,metaspace   ] GC(660) Metaspace: 129478K(131200K)->129478K(131200K) NonClass: 112670K(113408K)->112670K(113408K) Class: 16808K(17792K)->16808K(17792K)
[74.988s][info][gc             ] GC(660) Pause Young (Allocation Failure) 1501M->956M(1979M) 4.197ms
[74.988s][info][gc,cpu         ] GC(660) User=0.00s Sys=0.00s Real=0.00s
[75.045s][info][gc,start       ] GC(661) Pause Young (Allocation Failure)
[75.050s][info][gc,heap        ] GC(661) DefNew: 569421K(629120K)->13291K(629120K) Eden: 559232K(559232K)->0K(559232K) From: 10189K(69888K)->13291K(69888K)
[75.050s][info][gc,heap        ] GC(661) Tenured: 968829K(1398144K)->968829K(1398144K)
[75.050s][info][gc,metaspace   ] GC(661) Metaspace: 129482K(131200K)->129482K(131200K) NonClass: 112674K(113408K)->112674K(113408K) Class: 16808K(17792K)->16808K(17792K)
[75.050s][info][gc             ] GC(661) Pause Young (Allocation Failure) 1502M->959M(1979M) 4.780ms
[75.050s][info][gc,cpu         ] GC(661) User=0.02s Sys=0.00s Real=0.01s
[75.106s][info][gc,start       ] GC(662) Pause Young (Allocation Failure)
[75.111s][info][gc,heap        ] GC(662) DefNew: 572523K(629120K)->18297K(629120K) Eden: 559232K(559232K)->0K(559232K) From: 13291K(69888K)->18297K(69888K)
[75.111s][info][gc,heap        ] GC(662) Tenured: 968829K(1398144K)->968829K(1398144K)
[75.111s][info][gc,metaspace   ] GC(662) Metaspace: 129484K(131200K)->129484K(131200K) NonClass: 112676K(113408K)->112676K(113408K) Class: 16808K(17792K)->16808K(17792K)
[75.111s][info][gc             ] GC(662) Pause Young (Allocation Failure) 1505M->963M(1979M) 5.302ms
[75.111s][info][gc,cpu         ] GC(662) User=0.00s Sys=0.00s Real=0.02s
[75.168s][info][gc,start       ] GC(663) Pause Young (Allocation Failure)
[75.175s][info][gc,heap        ] GC(663) DefNew: 577529K(629120K)->34034K(629120K) Eden: 559232K(559232K)->0K(559232K) From: 18297K(69888K)->34034K(69888K)
[75.175s][info][gc,heap        ] GC(663) Tenured: 968829K(1398144K)->968829K(1398144K)
[75.175s][info][gc,metaspace   ] GC(663) Metaspace: 129484K(131200K)->129484K(131200K) NonClass: 112676K(113408K)->112676K(113408K) Class: 16808K(17792K)->16808K(17792K)
[75.175s][info][gc             ] GC(663) Pause Young (Allocation Failure) 1510M->979M(1979M) 6.498ms
[75.175s][info][gc,cpu         ] GC(663) User=0.00s Sys=0.00s Real=0.02s
[75.231s][info][gc,start       ] GC(664) Pause Young (Allocation Failure)
[75.237s][info][gc,heap        ] GC(664) DefNew: 593266K(629120K)->27261K(629120K) Eden: 559232K(559232K)->0K(559232K) From: 34034K(69888K)->27261K(69888K)
[75.237s][info][gc,heap        ] GC(664) Tenured: 968829K(1398144K)->968829K(1398144K)
[75.237s][info][gc,metaspace   ] GC(664) Metaspace: 129484K(131200K)->129484K(131200K) NonClass: 112676K(113408K)->112676K(113408K) Class: 16808K(17792K)->16808K(17792K)
[75.237s][info][gc             ] GC(664) Pause Young (Allocation Failure) 1525M->972M(1979M) 6.101ms
[75.237s][info][gc,cpu         ] GC(664) User=0.00s Sys=0.00s Real=0.01s
[75.294s][info][gc,start       ] GC(665) Pause Young (Allocation Failure)
[75.300s][info][gc,heap        ] GC(665) DefNew: 586493K(629120K)->36951K(629120K) Eden: 559232K(559232K)->0K(559232K) From: 27261K(69888K)->36951K(69888K)
[75.300s][info][gc,heap        ] GC(665) Tenured: 968829K(1398144K)->968829K(1398144K)
[75.300s][info][gc,metaspace   ] GC(665) Metaspace: 129484K(131200K)->129484K(131200K) NonClass: 112676K(113408K)->112676K(113408K) Class: 16808K(17792K)->16808K(17792K)
[75.300s][info][gc             ] GC(665) Pause Young (Allocation Failure) 1518M->982M(1979M) 6.794ms
[75.300s][info][gc,cpu         ] GC(665) User=0.00s Sys=0.00s Real=0.02s
[75.356s][info][gc,start       ] GC(666) Pause Young (Allocation Failure)
[75.362s][info][gc,heap        ] GC(666) DefNew: 596183K(629120K)->29782K(629120K) Eden: 559232K(559232K)->0K(559232K) From: 36951K(69888K)->29782K(69888K)
[75.362s][info][gc,heap        ] GC(666) Tenured: 968829K(1398144K)->974511K(1398144K)
[75.362s][info][gc,metaspace   ] GC(666) Metaspace: 129484K(131200K)->129484K(131200K) NonClass: 112676K(113408K)->112676K(113408K) Class: 16808K(17792K)->16808K(17792K)
[75.363s][info][gc             ] GC(666) Pause Young (Allocation Failure) 1528M->980M(1979M) 6.856ms
[75.363s][info][gc,cpu         ] GC(666) User=0.00s Sys=0.00s Real=0.02s
[75.419s][info][gc,start       ] GC(667) Pause Young (Allocation Failure)
[75.424s][info][gc,heap        ] GC(667) DefNew: 589014K(629120K)->35822K(629120K) Eden: 559232K(559232K)->0K(559232K) From: 29782K(69888K)->35822K(69888K)
[75.424s][info][gc,heap        ] GC(667) Tenured: 974511K(1398144K)->974511K(1398144K)
[75.424s][info][gc,metaspace   ] GC(667) Metaspace: 129484K(131200K)->129484K(131200K) NonClass: 112676K(113408K)->112676K(113408K) Class: 16808K(17792K)->16808K(17792K)
[75.424s][info][gc             ] GC(667) Pause Young (Allocation Failure) 1526M->986M(1979M) 5.614ms
[75.424s][info][gc,cpu         ] GC(667) User=0.00s Sys=0.00s Real=0.00s
[75.480s][info][gc,start       ] GC(668) Pause Young (Allocation Failure)
[75.485s][info][gc,heap        ] GC(668) DefNew: 595054K(629120K)->35434K(629120K) Eden: 559232K(559232K)->0K(559232K) From: 35822K(69888K)->35434K(69888K)
[75.485s][info][gc,heap        ] GC(668) Tenured: 974511K(1398144K)->978608K(1398144K)
[75.485s][info][gc,metaspace   ] GC(668) Metaspace: 129484K(131200K)->129484K(131200K) NonClass: 112676K(113408K)->112676K(113408K) Class: 16808K(17792K)->16808K(17792K)
[75.485s][info][gc             ] GC(668) Pause Young (Allocation Failure) 1532M->990M(1979M) 5.904ms
[75.485s][info][gc,cpu         ] GC(668) User=0.00s Sys=0.00s Real=0.00s
[75.542s][info][gc,start       ] GC(669) Pause Young (Allocation Failure)
[75.548s][info][gc,heap        ] GC(669) DefNew: 594666K(629120K)->35717K(629120K) Eden: 559232K(559232K)->0K(559232K) From: 35434K(69888K)->35717K(69888K)
[75.548s][info][gc,heap        ] GC(669) Tenured: 978608K(1398144K)->983012K(1398144K)
[75.548s][info][gc,metaspace   ] GC(669) Metaspace: 129484K(131200K)->129484K(131200K) NonClass: 112676K(113408K)->112676K(113408K) Class: 16808K(17792K)->16808K(17792K)
[75.548s][info][gc             ] GC(669) Pause Young (Allocation Failure) 1536M->994M(1979M) 5.814ms
[75.548s][info][gc,cpu         ] GC(669) User=0.00s Sys=0.00s Real=0.00s
[75.604s][info][gc,start       ] GC(670) Pause Young (Allocation Failure)
[75.611s][info][gc,heap        ] GC(670) DefNew: 594949K(629120K)->31029K(629120K) Eden: 559232K(559232K)->0K(559232K) From: 35717K(69888K)->31029K(69888K)
[75.611s][info][gc,heap        ] GC(670) Tenured: 983012K(1398144K)->991208K(1398144K)
[75.611s][info][gc,metaspace   ] GC(670) Metaspace: 129484K(131200K)->129484K(131200K) NonClass: 112676K(113408K)->112676K(113408K) Class: 16808K(17792K)->16808K(17792K)
[75.611s][info][gc             ] GC(670) Pause Young (Allocation Failure) 1540M->998M(1979M) 7.433ms
[75.611s][info][gc,cpu         ] GC(670) User=0.02s Sys=0.00s Real=0.00s
[75.669s][info][gc,start       ] GC(671) Pause Young (Allocation Failure)
[75.674s][info][gc,heap        ] GC(671) DefNew: 590261K(629120K)->37780K(629120K) Eden: 559232K(559232K)->0K(559232K) From: 31029K(69888K)->37780K(69888K)
[75.674s][info][gc,heap        ] GC(671) Tenured: 991208K(1398144K)->991208K(1398144K)
[75.674s][info][gc,metaspace   ] GC(671) Metaspace: 129484K(131200K)->129484K(131200K) NonClass: 112676K(113408K)->112676K(113408K) Class: 16808K(17792K)->16808K(17792K)
[75.674s][info][gc             ] GC(671) Pause Young (Allocation Failure) 1544M->1004M(1979M) 5.261ms
[75.674s][info][gc,cpu         ] GC(671) User=0.03s Sys=0.00s Real=0.01s
[75.728s][info][gc,start       ] GC(672) Pause Young (Allocation Failure)
[75.734s][info][gc,heap        ] GC(672) DefNew: 597012K(629120K)->35139K(629120K) Eden: 559232K(559232K)->0K(559232K) From: 37780K(69888K)->35139K(69888K)
[75.734s][info][gc,heap        ] GC(672) Tenured: 991208K(1398144K)->995305K(1398144K)
[75.734s][info][gc,metaspace   ] GC(672) Metaspace: 129484K(131200K)->129484K(131200K) NonClass: 112676K(113408K)->112676K(113408K) Class: 16808K(17792K)->16808K(17792K)
[75.734s][info][gc             ] GC(672) Pause Young (Allocation Failure) 1550M->1006M(1979M) 5.630ms
[75.734s][info][gc,cpu         ] GC(672) User=0.02s Sys=0.00s Real=0.00s
[75.797s][info][gc,start       ] GC(673) Pause Young (Allocation Failure)
[75.803s][info][gc,heap        ] GC(673) DefNew: 594371K(629120K)->37646K(629120K) Eden: 559232K(559232K)->0K(559232K) From: 35139K(69888K)->37646K(69888K)
[75.804s][info][gc,heap        ] GC(673) Tenured: 995305K(1398144K)->999402K(1398144K)
[75.804s][info][gc,metaspace   ] GC(673) Metaspace: 129486K(131200K)->129486K(131200K) NonClass: 112678K(113408K)->112678K(113408K) Class: 16808K(17792K)->16808K(17792K)
[75.804s][info][gc             ] GC(673) Pause Young (Allocation Failure) 1552M->1012M(1979M) 6.359ms
[75.804s][info][gc,cpu         ] GC(673) User=0.00s Sys=0.00s Real=0.00s
[75.891s][info][gc,start       ] GC(674) Pause Young (Allocation Failure)
[75.898s][info][gc,heap        ] GC(674) DefNew: 596878K(629120K)->50031K(629120K) Eden: 559232K(559232K)->0K(559232K) From: 37646K(69888K)->50031K(69888K)
[75.899s][info][gc,heap        ] GC(674) Tenured: 999402K(1398144K)->1003499K(1398144K)
[75.899s][info][gc,metaspace   ] GC(674) Metaspace: 129488K(131200K)->129488K(131200K) NonClass: 112680K(113408K)->112680K(113408K) Class: 16808K(17792K)->16808K(17792K)
[75.899s][info][gc             ] GC(674) Pause Young (Allocation Failure) 1558M->1028M(1979M) 7.575ms
[75.899s][info][gc,cpu         ] GC(674) User=0.00s Sys=0.00s Real=0.00s
[75.988s][info][gc,start       ] GC(675) Pause Young (Allocation Failure)
[75.996s][info][gc,heap        ] GC(675) DefNew: 609263K(629120K)->39698K(629120K) Eden: 559232K(559232K)->0K(559232K) From: 50031K(69888K)->39698K(69888K)
[75.996s][info][gc,heap        ] GC(675) Tenured: 1003499K(1398144K)->1023986K(1398144K)
[75.996s][info][gc,metaspace   ] GC(675) Metaspace: 129488K(131200K)->129488K(131200K) NonClass: 112680K(113408K)->112680K(113408K) Class: 16808K(17792K)->16808K(17792K)
[75.996s][info][gc             ] GC(675) Pause Young (Allocation Failure) 1574M->1038M(1979M) 7.930ms
[75.996s][info][gc,cpu         ] GC(675) User=0.00s Sys=0.00s Real=0.00s
[76.086s][info][gc,start       ] GC(676) Pause Young (Allocation Failure)
[76.093s][info][gc,heap        ] GC(676) DefNew: 598930K(629120K)->42344K(629120K) Eden: 559232K(559232K)->0K(559232K) From: 39698K(69888K)->42344K(69888K)
[76.093s][info][gc,heap        ] GC(676) Tenured: 1023986K(1398144K)->1032625K(1398144K)
[76.093s][info][gc,metaspace   ] GC(676) Metaspace: 129490K(131200K)->129490K(131200K) NonClass: 112682K(113408K)->112682K(113408K) Class: 16808K(17792K)->16808K(17792K)
[76.093s][info][gc             ] GC(676) Pause Young (Allocation Failure) 1584M->1049M(1979M) 7.390ms
[76.093s][info][gc,cpu         ] GC(676) User=0.00s Sys=0.00s Real=0.02s
[76.182s][info][gc,start       ] GC(677) Pause Young (Allocation Failure)
[76.190s][info][gc,heap        ] GC(677) DefNew: 601576K(629120K)->50538K(629120K) Eden: 559232K(559232K)->0K(559232K) From: 42344K(69888K)->50538K(69888K)
[76.190s][info][gc,heap        ] GC(677) Tenured: 1032625K(1398144K)->1040842K(1398144K)
[76.190s][info][gc,metaspace   ] GC(677) Metaspace: 129490K(131200K)->129490K(131200K) NonClass: 112682K(113408K)->112682K(113408K) Class: 16808K(17792K)->16808K(17792K)
[76.190s][info][gc             ] GC(677) Pause Young (Allocation Failure) 1595M->1065M(1979M) 7.851ms
[76.190s][info][gc,cpu         ] GC(677) User=0.00s Sys=0.00s Real=0.01s
[76.279s][info][gc,start       ] GC(678) Pause Young (Allocation Failure)
[76.287s][info][gc,heap        ] GC(678) DefNew: 609770K(629120K)->45844K(629120K) Eden: 559232K(559232K)->0K(559232K) From: 50538K(69888K)->45844K(69888K)
[76.287s][info][gc,heap        ] GC(678) Tenured: 1040842K(1398144K)->1057232K(1398144K)
[76.287s][info][gc,metaspace   ] GC(678) Metaspace: 129490K(131200K)->129490K(131200K) NonClass: 112682K(113408K)->112682K(113408K) Class: 16808K(17792K)->16808K(17792K)
[76.287s][info][gc             ] GC(678) Pause Young (Allocation Failure) 1611M->1077M(1979M) 7.501ms
[76.287s][info][gc,cpu         ] GC(678) User=0.00s Sys=0.00s Real=0.01s
[76.375s][info][gc,start       ] GC(679) Pause Young (Allocation Failure)
[76.383s][info][gc,heap        ] GC(679) DefNew: 603849K(629120K)->43462K(629120K) Eden: 558004K(559232K)->0K(559232K) From: 45844K(69888K)->43462K(69888K)
[76.383s][info][gc,heap        ] GC(679) Tenured: 1057232K(1398144K)->1073623K(1398144K)
[76.383s][info][gc,metaspace   ] GC(679) Metaspace: 129490K(131200K)->129490K(131200K) NonClass: 112682K(113408K)->112682K(113408K) Class: 16808K(17792K)->16808K(17792K)
[76.383s][info][gc             ] GC(679) Pause Young (Allocation Failure) 1622M->1090M(1979M) 7.466ms
[76.383s][info][gc,cpu         ] GC(679) User=0.00s Sys=0.00s Real=0.00s
[76.474s][info][gc,start       ] GC(680) Pause Young (Allocation Failure)
[76.481s][info][gc,heap        ] GC(680) DefNew: 602694K(629120K)->27866K(629120K) Eden: 559232K(559232K)->0K(559232K) From: 43462K(69888K)->27866K(69888K)
[76.481s][info][gc,heap        ] GC(680) Tenured: 1073623K(1398144K)->1098207K(1398144K)
[76.481s][info][gc,metaspace   ] GC(680) Metaspace: 129490K(131200K)->129490K(131200K) NonClass: 112682K(113408K)->112682K(113408K) Class: 16808K(17792K)->16808K(17792K)
[76.481s][info][gc             ] GC(680) Pause Young (Allocation Failure) 1637M->1099M(1979M) 7.035ms
[76.481s][info][gc,cpu         ] GC(680) User=0.00s Sys=0.00s Real=0.00s
[76.565s][info][gc,start       ] GC(681) Pause Young (Allocation Failure)
[76.571s][info][gc,heap        ] GC(681) DefNew: 587098K(629120K)->33713K(629120K) Eden: 559232K(559232K)->0K(559232K) From: 27866K(69888K)->33713K(69888K)
[76.571s][info][gc,heap        ] GC(681) Tenured: 1098207K(1398144K)->1098207K(1398144K)
[76.571s][info][gc,metaspace   ] GC(681) Metaspace: 129490K(131200K)->129490K(131200K) NonClass: 112682K(113408K)->112682K(113408K) Class: 16808K(17792K)->16808K(17792K)
[76.571s][info][gc             ] GC(681) Pause Young (Allocation Failure) 1645M->1105M(1979M) 5.144ms
[76.571s][info][gc,cpu         ] GC(681) User=0.00s Sys=0.00s Real=0.00s
[76.658s][info][gc,start       ] GC(682) Pause Young (Allocation Failure)
[76.664s][info][gc,heap        ] GC(682) DefNew: 592945K(629120K)->44240K(629120K) Eden: 559232K(559232K)->0K(559232K) From: 33713K(69888K)->44240K(69888K)
[76.664s][info][gc,heap        ] GC(682) Tenured: 1098207K(1398144K)->1098207K(1398144K)
[76.664s][info][gc,metaspace   ] GC(682) Metaspace: 129490K(131200K)->129490K(131200K) NonClass: 112682K(113408K)->112682K(113408K) Class: 16808K(17792K)->16808K(17792K)
[76.664s][info][gc             ] GC(682) Pause Young (Allocation Failure) 1651M->1115M(1979M) 6.062ms
[76.664s][info][gc,cpu         ] GC(682) User=0.00s Sys=0.00s Real=0.00s
[76.751s][info][gc,start       ] GC(683) Pause Young (Allocation Failure)
[76.758s][info][gc,heap        ] GC(683) DefNew: 603472K(629120K)->40218K(629120K) Eden: 559232K(559232K)->0K(559232K) From: 44240K(69888K)->40218K(69888K)
[76.758s][info][gc,heap        ] GC(683) Tenured: 1098207K(1398144K)->1110518K(1398144K)
[76.758s][info][gc,metaspace   ] GC(683) Metaspace: 129490K(131200K)->129490K(131200K) NonClass: 112682K(113408K)->112682K(113408K) Class: 16808K(17792K)->16808K(17792K)
[76.758s][info][gc             ] GC(683) Pause Young (Allocation Failure) 1661M->1123M(1979M) 6.888ms
[76.758s][info][gc,cpu         ] GC(683) User=0.00s Sys=0.00s Real=0.00s
[76.846s][info][gc,start       ] GC(684) Pause Young (Allocation Failure)
[76.853s][info][gc,heap        ] GC(684) DefNew: 599450K(629120K)->41382K(629120K) Eden: 559232K(559232K)->0K(559232K) From: 40218K(69888K)->41382K(69888K)
[76.853s][info][gc,heap        ] GC(684) Tenured: 1110518K(1398144K)->1122838K(1398144K)
[76.853s][info][gc,metaspace   ] GC(684) Metaspace: 129490K(131200K)->129490K(131200K) NonClass: 112682K(113408K)->112682K(113408K) Class: 16808K(17792K)->16808K(17792K)
[76.853s][info][gc             ] GC(684) Pause Young (Allocation Failure) 1669M->1136M(1979M) 7.060ms
[76.853s][info][gc,cpu         ] GC(684) User=0.00s Sys=0.00s Real=0.00s
[76.941s][info][gc,start       ] GC(685) Pause Young (Allocation Failure)
[76.946s][info][gc,heap        ] GC(685) DefNew: 600614K(629120K)->32774K(629120K) Eden: 559232K(559232K)->0K(559232K) From: 41382K(69888K)->32774K(69888K)
[76.946s][info][gc,heap        ] GC(685) Tenured: 1122838K(1398144K)->1131034K(1398144K)
[76.946s][info][gc,metaspace   ] GC(685) Metaspace: 129490K(131200K)->129490K(131200K) NonClass: 112682K(113408K)->112682K(113408K) Class: 16808K(17792K)->16808K(17792K)
[76.946s][info][gc             ] GC(685) Pause Young (Allocation Failure) 1683M->1136M(1979M) 5.529ms
[76.946s][info][gc,cpu         ] GC(685) User=0.00s Sys=0.00s Real=0.00s
[77.035s][info][gc,start       ] GC(686) Pause Young (Allocation Failure)
[77.041s][info][gc,heap        ] GC(686) DefNew: 592006K(629120K)->40966K(629120K) Eden: 559232K(559232K)->0K(559232K) From: 32774K(69888K)->40966K(69888K)
[77.041s][info][gc,heap        ] GC(686) Tenured: 1131034K(1398144K)->1131034K(1398144K)
[77.041s][info][gc,metaspace   ] GC(686) Metaspace: 129490K(131200K)->129490K(131200K) NonClass: 112682K(113408K)->112682K(113408K) Class: 16808K(17792K)->16808K(17792K)
[77.041s][info][gc             ] GC(686) Pause Young (Allocation Failure) 1682M->1144M(1979M) 5.937ms
[77.041s][info][gc,cpu         ] GC(686) User=0.00s Sys=0.00s Real=0.00s
[77.129s][info][gc,start       ] GC(687) Pause Young (Allocation Failure)
[77.135s][info][gc,heap        ] GC(687) DefNew: 594344K(629120K)->31890K(629120K) Eden: 553378K(559232K)->0K(559232K) From: 40966K(69888K)->31890K(69888K)
[77.135s][info][gc,heap        ] GC(687) Tenured: 1131034K(1398144K)->1143326K(1398144K)
[77.135s][info][gc,metaspace   ] GC(687) Metaspace: 129490K(131200K)->129490K(131200K) NonClass: 112682K(113408K)->112682K(113408K) Class: 16808K(17792K)->16808K(17792K)
[77.135s][info][gc             ] GC(687) Pause Young (Allocation Failure) 1684M->1147M(1979M) 5.695ms
[77.135s][info][gc,cpu         ] GC(687) User=0.00s Sys=0.00s Real=0.00s
[77.225s][info][gc,start       ] GC(688) Pause Young (Allocation Failure)
[77.231s][info][gc,heap        ] GC(688) DefNew: 591122K(629120K)->38569K(629120K) Eden: 559232K(559232K)->0K(559232K) From: 31890K(69888K)->38569K(69888K)
[77.231s][info][gc,heap        ] GC(688) Tenured: 1143326K(1398144K)->1143326K(1398144K)
[77.231s][info][gc,metaspace   ] GC(688) Metaspace: 129490K(131200K)->129490K(131200K) NonClass: 112682K(113408K)->112682K(113408K) Class: 16808K(17792K)->16808K(17792K)
[77.231s][info][gc             ] GC(688) Pause Young (Allocation Failure) 1693M->1154M(1979M) 6.450ms
[77.232s][info][gc,cpu         ] GC(688) User=0.00s Sys=0.00s Real=0.00s
[77.314s][info][gc,start       ] GC(689) Pause Young (Allocation Failure)
[77.320s][info][gc,heap        ] GC(689) DefNew: 594744K(629120K)->36033K(629120K) Eden: 556175K(559232K)->0K(559232K) From: 38569K(69888K)->36033K(69888K)
[77.320s][info][gc,heap        ] GC(689) Tenured: 1143326K(1398144K)->1147423K(1398144K)
[77.320s][info][gc,metaspace   ] GC(689) Metaspace: 129490K(131200K)->129490K(131200K) NonClass: 112682K(113408K)->112682K(113408K) Class: 16808K(17792K)->16808K(17792K)
[77.320s][info][gc             ] GC(689) Pause Young (Allocation Failure) 1697M->1155M(1979M) 6.190ms
[77.320s][info][gc,cpu         ] GC(689) User=0.00s Sys=0.00s Real=0.02s
[77.404s][info][gc,start       ] GC(690) Pause Young (Allocation Failure)
[77.409s][info][gc,heap        ] GC(690) DefNew: 595265K(629120K)->24635K(629120K) Eden: 559232K(559232K)->0K(559232K) From: 36033K(69888K)->24635K(69888K)
[77.409s][info][gc,heap        ] GC(690) Tenured: 1147423K(1398144K)->1155617K(1398144K)
[77.409s][info][gc,metaspace   ] GC(690) Metaspace: 129490K(131200K)->129490K(131200K) NonClass: 112682K(113408K)->112682K(113408K) Class: 16808K(17792K)->16808K(17792K)
[77.409s][info][gc             ] GC(690) Pause Young (Allocation Failure) 1701M->1152M(1979M) 5.046ms
[77.409s][info][gc,cpu         ] GC(690) User=0.00s Sys=0.00s Real=0.00s
[77.492s][info][gc,start       ] GC(691) Pause Young (Allocation Failure)
[77.496s][info][gc,heap        ] GC(691) DefNew: 583867K(629120K)->26284K(629120K) Eden: 559232K(559232K)->0K(559232K) From: 24635K(69888K)->26284K(69888K)
[77.496s][info][gc,heap        ] GC(691) Tenured: 1155617K(1398144K)->1155617K(1398144K)
[77.496s][info][gc,metaspace   ] GC(691) Metaspace: 129490K(131200K)->129490K(131200K) NonClass: 112682K(113408K)->112682K(113408K) Class: 16808K(17792K)->16808K(17792K)
[77.496s][info][gc             ] GC(691) Pause Young (Allocation Failure) 1698M->1154M(1979M) 4.336ms
[77.496s][info][gc,cpu         ] GC(691) User=0.00s Sys=0.00s Real=0.00s
[77.584s][info][gc,start       ] GC(692) Pause Young (Allocation Failure)
[77.589s][info][gc,heap        ] GC(692) DefNew: 585516K(629120K)->32823K(629120K) Eden: 559232K(559232K)->0K(559232K) From: 26284K(69888K)->32823K(69888K)
[77.589s][info][gc,heap        ] GC(692) Tenured: 1155617K(1398144K)->1155617K(1398144K)
[77.589s][info][gc,metaspace   ] GC(692) Metaspace: 129490K(131200K)->129490K(131200K) NonClass: 112682K(113408K)->112682K(113408K) Class: 16808K(17792K)->16808K(17792K)
[77.589s][info][gc             ] GC(692) Pause Young (Allocation Failure) 1700M->1160M(1979M) 5.260ms
[77.589s][info][gc,cpu         ] GC(692) User=0.00s Sys=0.00s Real=0.00s
[77.676s][info][gc,start       ] GC(693) Pause Young (Allocation Failure)
[77.681s][info][gc,heap        ] GC(693) DefNew: 592055K(629120K)->32226K(629120K) Eden: 559232K(559232K)->0K(559232K) From: 32823K(69888K)->32226K(69888K)
[77.682s][info][gc,heap        ] GC(693) Tenured: 1155617K(1398144K)->1155617K(1398144K)
[77.682s][info][gc,metaspace   ] GC(693) Metaspace: 129490K(131200K)->129490K(131200K) NonClass: 112682K(113408K)->112682K(113408K) Class: 16808K(17792K)->16808K(17792K)
[77.682s][info][gc             ] GC(693) Pause Young (Allocation Failure) 1706M->1160M(1979M) 5.286ms
[77.682s][info][gc,cpu         ] GC(693) User=0.00s Sys=0.00s Real=0.00s
[77.769s][info][gc,start       ] GC(694) Pause Young (Allocation Failure)
[77.774s][info][gc,heap        ] GC(694) DefNew: 589814K(629120K)->38231K(629120K) Eden: 557588K(559232K)->0K(559232K) From: 32226K(69888K)->38231K(69888K)
[77.774s][info][gc,heap        ] GC(694) Tenured: 1155617K(1398144K)->1155617K(1398144K)
[77.774s][info][gc,metaspace   ] GC(694) Metaspace: 129490K(131200K)->129490K(131200K) NonClass: 112682K(113408K)->112682K(113408K) Class: 16808K(17792K)->16808K(17792K)
[77.774s][info][gc             ] GC(694) Pause Young (Allocation Failure) 1704M->1165M(1979M) 5.775ms
[77.774s][info][gc,cpu         ] GC(694) User=0.00s Sys=0.00s Real=0.01s
[77.861s][info][gc,start       ] GC(695) Pause Young (Allocation Failure)
[77.866s][info][gc,heap        ] GC(695) DefNew: 597463K(629120K)->28529K(629120K) Eden: 559232K(559232K)->0K(559232K) From: 38231K(69888K)->28529K(69888K)
[77.867s][info][gc,heap        ] GC(695) Tenured: 1155617K(1398144K)->1163811K(1398144K)
[77.867s][info][gc,metaspace   ] GC(695) Metaspace: 129490K(131200K)->129490K(131200K) NonClass: 112682K(113408K)->112682K(113408K) Class: 16808K(17792K)->16808K(17792K)
[77.867s][info][gc             ] GC(695) Pause Young (Allocation Failure) 1711M->1164M(1979M) 5.606ms
[77.867s][info][gc,cpu         ] GC(695) User=0.00s Sys=0.00s Real=0.02s
[77.954s][info][gc,start       ] GC(696) Pause Young (Allocation Failure)
[77.959s][info][gc,heap        ] GC(696) DefNew: 587761K(629120K)->25405K(629120K) Eden: 559232K(559232K)->0K(559232K) From: 28529K(69888K)->25405K(69888K)
[77.959s][info][gc,heap        ] GC(696) Tenured: 1163811K(1398144K)->1163811K(1398144K)
[77.959s][info][gc,metaspace   ] GC(696) Metaspace: 129490K(131200K)->129490K(131200K) NonClass: 112682K(113408K)->112682K(113408K) Class: 16808K(17792K)->16808K(17792K)
[77.959s][info][gc             ] GC(696) Pause Young (Allocation Failure) 1710M->1161M(1979M) 4.882ms
[77.959s][info][gc,cpu         ] GC(696) User=0.00s Sys=0.00s Real=0.00s
[78.046s][info][gc,start       ] GC(697) Pause Young (Allocation Failure)
[78.050s][info][gc,heap        ] GC(697) DefNew: 584637K(629120K)->23752K(629120K) Eden: 559232K(559232K)->0K(559232K) From: 25405K(69888K)->23752K(69888K)
[78.050s][info][gc,heap        ] GC(697) Tenured: 1163811K(1398144K)->1163811K(1398144K)
[78.050s][info][gc,metaspace   ] GC(697) Metaspace: 129490K(131200K)->129490K(131200K) NonClass: 112682K(113408K)->112682K(113408K) Class: 16808K(17792K)->16808K(17792K)
[78.051s][info][gc             ] GC(697) Pause Young (Allocation Failure) 1707M->1159M(1979M) 4.404ms
[78.051s][info][gc,cpu         ] GC(697) User=0.00s Sys=0.00s Real=0.00s
[78.139s][info][gc,start       ] GC(698) Pause Young (Allocation Failure)
[78.143s][info][gc,heap        ] GC(698) DefNew: 582984K(629120K)->23756K(629120K) Eden: 559232K(559232K)->0K(559232K) From: 23752K(69888K)->23756K(69888K)
[78.144s][info][gc,heap        ] GC(698) Tenured: 1163811K(1398144K)->1163811K(1398144K)
[78.144s][info][gc,metaspace   ] GC(698) Metaspace: 129490K(131200K)->129490K(131200K) NonClass: 112682K(113408K)->112682K(113408K) Class: 16808K(17792K)->16808K(17792K)
[78.144s][info][gc             ] GC(698) Pause Young (Allocation Failure) 1705M->1159M(1979M) 4.217ms
[78.144s][info][gc,cpu         ] GC(698) User=0.00s Sys=0.00s Real=0.00s
[78.231s][info][gc,start       ] GC(699) Pause Young (Allocation Failure)
[78.235s][info][gc,heap        ] GC(699) DefNew: 582988K(629120K)->28527K(629120K) Eden: 559232K(559232K)->0K(559232K) From: 23756K(69888K)->28527K(69888K)
[78.235s][info][gc,heap        ] GC(699) Tenured: 1163811K(1398144K)->1163811K(1398144K)
[78.235s][info][gc,metaspace   ] GC(699) Metaspace: 129490K(131200K)->129490K(131200K) NonClass: 112682K(113408K)->112682K(113408K) Class: 16808K(17792K)->16808K(17792K)
[78.235s][info][gc             ] GC(699) Pause Young (Allocation Failure) 1705M->1164M(1979M) 4.428ms
[78.235s][info][gc,cpu         ] GC(699) User=0.00s Sys=0.00s Real=0.00s
[78.323s][info][gc,start       ] GC(700) Pause Young (Allocation Failure)
[78.327s][info][gc,heap        ] GC(700) DefNew: 587759K(629120K)->27747K(629120K) Eden: 559232K(559232K)->0K(559232K) From: 28527K(69888K)->27747K(69888K)
[78.327s][info][gc,heap        ] GC(700) Tenured: 1163811K(1398144K)->1163811K(1398144K)
[78.327s][info][gc,metaspace   ] GC(700) Metaspace: 129490K(131200K)->129490K(131200K) NonClass: 112682K(113408K)->112682K(113408K) Class: 16808K(17792K)->16808K(17792K)
[78.327s][info][gc             ] GC(700) Pause Young (Allocation Failure) 1710M->1163M(1979M) 4.361ms
[78.327s][info][gc,cpu         ] GC(700) User=0.00s Sys=0.00s Real=0.00s
[78.415s][info][gc,start       ] GC(701) Pause Young (Allocation Failure)
[78.419s][info][gc,heap        ] GC(701) DefNew: 586979K(629120K)->24227K(629120K) Eden: 559232K(559232K)->0K(559232K) From: 27747K(69888K)->24227K(69888K)
[78.419s][info][gc,heap        ] GC(701) Tenured: 1163811K(1398144K)->1163811K(1398144K)
[78.419s][info][gc,metaspace   ] GC(701) Metaspace: 129490K(131200K)->129490K(131200K) NonClass: 112682K(113408K)->112682K(113408K) Class: 16808K(17792K)->16808K(17792K)
[78.419s][info][gc             ] GC(701) Pause Young (Allocation Failure) 1709M->1160M(1979M) 4.350ms
[78.419s][info][gc,cpu         ] GC(701) User=0.00s Sys=0.00s Real=0.02s
[78.507s][info][gc,start       ] GC(702) Pause Young (Allocation Failure)
[78.511s][info][gc,heap        ] GC(702) DefNew: 583459K(629120K)->19652K(629120K) Eden: 559232K(559232K)->0K(559232K) From: 24227K(69888K)->19652K(69888K)
[78.511s][info][gc,heap        ] GC(702) Tenured: 1163811K(1398144K)->1167908K(1398144K)
[78.511s][info][gc,metaspace   ] GC(702) Metaspace: 129490K(131200K)->129490K(131200K) NonClass: 112682K(113408K)->112682K(113408K) Class: 16808K(17792K)->16808K(17792K)
[78.511s][info][gc             ] GC(702) Pause Young (Allocation Failure) 1706M->1159M(1979M) 4.237ms
[78.511s][info][gc,cpu         ] GC(702) User=0.02s Sys=0.00s Real=0.01s
[78.598s][info][gc,start       ] GC(703) Pause Young (Allocation Failure)
[78.603s][info][gc,heap        ] GC(703) DefNew: 578884K(629120K)->16179K(629120K) Eden: 559232K(559232K)->0K(559232K) From: 19652K(69888K)->16179K(69888K)
[78.603s][info][gc,heap        ] GC(703) Tenured: 1167908K(1398144K)->1176144K(1398144K)
[78.603s][info][gc,metaspace   ] GC(703) Metaspace: 129490K(131200K)->129490K(131200K) NonClass: 112682K(113408K)->112682K(113408K) Class: 16808K(17792K)->16808K(17792K)
[78.603s][info][gc             ] GC(703) Pause Young (Allocation Failure) 1705M->1164M(1979M) 4.516ms
[78.603s][info][gc,cpu         ] GC(703) User=0.00s Sys=0.00s Real=0.00s
[78.689s][info][gc,start       ] GC(704) Pause Young (Allocation Failure)
[78.693s][info][gc,heap        ] GC(704) DefNew: 575411K(629120K)->16181K(629120K) Eden: 559232K(559232K)->0K(559232K) From: 16179K(69888K)->16181K(69888K)
[78.693s][info][gc,heap        ] GC(704) Tenured: 1176144K(1398144K)->1176144K(1398144K)
[78.693s][info][gc,metaspace   ] GC(704) Metaspace: 129490K(131200K)->129490K(131200K) NonClass: 112682K(113408K)->112682K(113408K) Class: 16808K(17792K)->16808K(17792K)
[78.693s][info][gc             ] GC(704) Pause Young (Allocation Failure) 1710M->1164M(1979M) 3.318ms
[78.693s][info][gc,cpu         ] GC(704) User=0.00s Sys=0.00s Real=0.00s
[78.780s][info][gc,start       ] GC(705) Pause Young (Allocation Failure)
[78.783s][info][gc,heap        ] GC(705) DefNew: 575413K(629120K)->12291K(629120K) Eden: 559232K(559232K)->0K(559232K) From: 16181K(69888K)->12291K(69888K)
[78.783s][info][gc,heap        ] GC(705) Tenured: 1176144K(1398144K)->1176144K(1398144K)
[78.783s][info][gc,metaspace   ] GC(705) Metaspace: 129490K(131200K)->129490K(131200K) NonClass: 112682K(113408K)->112682K(113408K) Class: 16808K(17792K)->16808K(17792K)
[78.783s][info][gc             ] GC(705) Pause Young (Allocation Failure) 1710M->1160M(1979M) 3.073ms
[78.783s][info][gc,cpu         ] GC(705) User=0.00s Sys=0.00s Real=0.00s
[78.902s][info][gc,start       ] GC(706) Pause Young (Allocation Failure)
[78.906s][info][gc,heap        ] GC(706) DefNew: 571523K(629120K)->11061K(629120K) Eden: 559232K(559232K)->0K(559232K) From: 12291K(69888K)->11061K(69888K)
[78.906s][info][gc,heap        ] GC(706) Tenured: 1176144K(1398144K)->1176144K(1398144K)
[78.906s][info][gc,metaspace   ] GC(706) Metaspace: 129500K(131200K)->129500K(131200K) NonClass: 112692K(113408K)->112692K(113408K) Class: 16808K(17792K)->16808K(17792K)
[78.906s][info][gc             ] GC(706) Pause Young (Allocation Failure) 1706M->1159M(1979M) 3.172ms
[78.906s][info][gc,cpu         ] GC(706) User=0.02s Sys=0.00s Real=0.02s
[79.074s][info][gc,start       ] GC(707) Pause Full (System.gc())
[79.074s][info][gc,phases,start] GC(707) Phase 1: Mark live objects
[79.128s][info][gc,phases      ] GC(707) Phase 1: Mark live objects 54.413ms
[79.128s][info][gc,phases,start] GC(707) Phase 2: Compute new object addresses
[79.178s][info][gc,phases      ] GC(707) Phase 2: Compute new object addresses 50.307ms
[79.179s][info][gc,phases,start] GC(707) Phase 3: Adjust pointers
[79.207s][info][gc,phases      ] GC(707) Phase 3: Adjust pointers 28.605ms
[79.207s][info][gc,phases,start] GC(707) Phase 4: Move objects
[79.207s][info][gc,phases      ] GC(707) Phase 4: Move objects 0.055ms
[79.208s][info][gc,heap        ] GC(707) DefNew: 304282K(629120K)->0K(629120K) Eden: 293220K(559232K)->0K(559232K) From: 11061K(69888K)->0K(69888K)
[79.208s][info][gc,heap        ] GC(707) Tenured: 1176144K(1398144K)->1032830K(1398144K)
[79.208s][info][gc,metaspace   ] GC(707) Metaspace: 129537K(131264K)->129537K(131264K) NonClass: 112729K(113472K)->112729K(113472K) Class: 16808K(17792K)->16808K(17792K)
[79.208s][info][gc             ] GC(707) Pause Full (System.gc()) 1445M->1008M(1979M) 134.229ms
[79.208s][info][gc,cpu         ] GC(707) User=0.12s Sys=0.00s Real=0.14s
[79.355s][info][gc,start       ] GC(708) Pause Young (Allocation Failure)
[79.360s][info][gc,heap        ] GC(708) DefNew: 559232K(629120K)->2576K(629120K) Eden: 559232K(559232K)->0K(559232K) From: 0K(69888K)->2576K(69888K)
[79.360s][info][gc,heap        ] GC(708) Tenured: 1032830K(1398144K)->1032830K(1398144K)
[79.360s][info][gc,metaspace   ] GC(708) Metaspace: 129662K(131392K)->129662K(131392K) NonClass: 112854K(113600K)->112854K(113600K) Class: 16808K(17792K)->16808K(17792K)
[79.360s][info][gc             ] GC(708) Pause Young (Allocation Failure) 1554M->1011M(1979M) 4.396ms
[79.360s][info][gc,cpu         ] GC(708) User=0.00s Sys=0.00s Real=0.00s
[79.415s][info][gc,start       ] GC(709) Pause Young (Allocation Failure)
[79.419s][info][gc,heap        ] GC(709) DefNew: 561808K(629120K)->11168K(629120K) Eden: 559232K(559232K)->0K(559232K) From: 2576K(69888K)->11168K(69888K)
[79.419s][info][gc,heap        ] GC(709) Tenured: 1032830K(1398144K)->1032830K(1398144K)
[79.419s][info][gc,metaspace   ] GC(709) Metaspace: 129662K(131392K)->129662K(131392K) NonClass: 112854K(113600K)->112854K(113600K) Class: 16808K(17792K)->16808K(17792K)
[79.419s][info][gc             ] GC(709) Pause Young (Allocation Failure) 1557M->1019M(1979M) 4.042ms
[79.419s][info][gc,cpu         ] GC(709) User=0.00s Sys=0.00s Real=0.00s
[79.474s][info][gc,start       ] GC(710) Pause Young (Allocation Failure)
[79.478s][info][gc,heap        ] GC(710) DefNew: 570400K(629120K)->7467K(629120K) Eden: 559232K(559232K)->0K(559232K) From: 11168K(69888K)->7467K(69888K)
[79.478s][info][gc,heap        ] GC(710) Tenured: 1032830K(1398144K)->1032830K(1398144K)
[79.478s][info][gc,metaspace   ] GC(710) Metaspace: 129662K(131392K)->129662K(131392K) NonClass: 112854K(113600K)->112854K(113600K) Class: 16808K(17792K)->16808K(17792K)
[79.478s][info][gc             ] GC(710) Pause Young (Allocation Failure) 1565M->1015M(1979M) 4.124ms
[79.478s][info][gc,cpu         ] GC(710) User=0.00s Sys=0.00s Real=0.02s
[79.533s][info][gc,start       ] GC(711) Pause Young (Allocation Failure)
[79.537s][info][gc,heap        ] GC(711) DefNew: 566699K(629120K)->12245K(629120K) Eden: 559232K(559232K)->0K(559232K) From: 7467K(69888K)->12245K(69888K)
[79.537s][info][gc,heap        ] GC(711) Tenured: 1032830K(1398144K)->1032830K(1398144K)
[79.537s][info][gc,metaspace   ] GC(711) Metaspace: 129662K(131392K)->129662K(131392K) NonClass: 112854K(113600K)->112854K(113600K) Class: 16808K(17792K)->16808K(17792K)
[79.537s][info][gc             ] GC(711) Pause Young (Allocation Failure) 1562M->1020M(1979M) 4.693ms
[79.538s][info][gc,cpu         ] GC(711) User=0.00s Sys=0.00s Real=0.00s
[79.596s][info][gc,start       ] GC(712) Pause Young (Allocation Failure)
[79.601s][info][gc,heap        ] GC(712) DefNew: 571477K(629120K)->14181K(629120K) Eden: 559232K(559232K)->0K(559232K) From: 12245K(69888K)->14181K(69888K)
[79.601s][info][gc,heap        ] GC(712) Tenured: 1032830K(1398144K)->1032830K(1398144K)
[79.601s][info][gc,metaspace   ] GC(712) Metaspace: 129666K(131392K)->129666K(131392K) NonClass: 112858K(113600K)->112858K(113600K) Class: 16808K(17792K)->16808K(17792K)
[79.601s][info][gc             ] GC(712) Pause Young (Allocation Failure) 1566M->1022M(1979M) 4.896ms
[79.601s][info][gc,cpu         ] GC(712) User=0.00s Sys=0.00s Real=0.00s
[79.656s][info][gc,start       ] GC(713) Pause Young (Allocation Failure)
[79.662s][info][gc,heap        ] GC(713) DefNew: 573413K(629120K)->25895K(629120K) Eden: 559232K(559232K)->0K(559232K) From: 14181K(69888K)->25895K(69888K)
[79.662s][info][gc,heap        ] GC(713) Tenured: 1032830K(1398144K)->1032830K(1398144K)
[79.662s][info][gc,metaspace   ] GC(713) Metaspace: 129666K(131392K)->129666K(131392K) NonClass: 112858K(113600K)->112858K(113600K) Class: 16808K(17792K)->16808K(17792K)
[79.662s][info][gc             ] GC(713) Pause Young (Allocation Failure) 1568M->1033M(1979M) 5.827ms
[79.662s][info][gc,cpu         ] GC(713) User=0.02s Sys=0.00s Real=0.00s
[79.719s][info][gc,start       ] GC(714) Pause Young (Allocation Failure)
[79.724s][info][gc,heap        ] GC(714) DefNew: 585127K(629120K)->23162K(629120K) Eden: 559232K(559232K)->0K(559232K) From: 25895K(69888K)->23162K(69888K)
[79.724s][info][gc,heap        ] GC(714) Tenured: 1032830K(1398144K)->1032830K(1398144K)
[79.724s][info][gc,metaspace   ] GC(714) Metaspace: 129666K(131392K)->129666K(131392K) NonClass: 112858K(113600K)->112858K(113600K) Class: 16808K(17792K)->16808K(17792K)
[79.724s][info][gc             ] GC(714) Pause Young (Allocation Failure) 1580M->1031M(1979M) 5.655ms
[79.724s][info][gc,cpu         ] GC(714) User=0.00s Sys=0.00s Real=0.00s
[79.780s][info][gc,start       ] GC(715) Pause Young (Allocation Failure)
[79.787s][info][gc,heap        ] GC(715) DefNew: 582394K(629120K)->32831K(629120K) Eden: 559232K(559232K)->0K(559232K) From: 23162K(69888K)->32831K(69888K)
[79.787s][info][gc,heap        ] GC(715) Tenured: 1032830K(1398144K)->1032830K(1398144K)
[79.787s][info][gc,metaspace   ] GC(715) Metaspace: 129666K(131392K)->129666K(131392K) NonClass: 112858K(113600K)->112858K(113600K) Class: 16808K(17792K)->16808K(17792K)
[79.787s][info][gc             ] GC(715) Pause Young (Allocation Failure) 1577M->1040M(1979M) 6.537ms
[79.787s][info][gc,cpu         ] GC(715) User=0.00s Sys=0.00s Real=0.00s
[79.842s][info][gc,start       ] GC(716) Pause Young (Allocation Failure)
[79.848s][info][gc,heap        ] GC(716) DefNew: 592063K(629120K)->31369K(629120K) Eden: 559232K(559232K)->0K(559232K) From: 32831K(69888K)->31369K(69888K)
[79.848s][info][gc,heap        ] GC(716) Tenured: 1032830K(1398144K)->1032830K(1398144K)
[79.848s][info][gc,metaspace   ] GC(716) Metaspace: 129666K(131392K)->129666K(131392K) NonClass: 112858K(113600K)->112858K(113600K) Class: 16808K(17792K)->16808K(17792K)
[79.849s][info][gc             ] GC(716) Pause Young (Allocation Failure) 1586M->1039M(1979M) 6.497ms
[79.849s][info][gc,cpu         ] GC(716) User=0.00s Sys=0.00s Real=0.02s
[79.904s][info][gc,start       ] GC(717) Pause Young (Allocation Failure)
[79.911s][info][gc,heap        ] GC(717) DefNew: 590601K(629120K)->37407K(629120K) Eden: 559232K(559232K)->0K(559232K) From: 31369K(69888K)->37407K(69888K)
[79.911s][info][gc,heap        ] GC(717) Tenured: 1032830K(1398144K)->1032830K(1398144K)
[79.911s][info][gc,metaspace   ] GC(717) Metaspace: 129666K(131392K)->129666K(131392K) NonClass: 112858K(113600K)->112858K(113600K) Class: 16808K(17792K)->16808K(17792K)
[79.911s][info][gc             ] GC(717) Pause Young (Allocation Failure) 1585M->1045M(1979M) 7.003ms
[79.911s][info][gc,cpu         ] GC(717) User=0.00s Sys=0.00s Real=0.02s
[79.967s][info][gc,start       ] GC(718) Pause Young (Allocation Failure)
[79.974s][info][gc,heap        ] GC(718) DefNew: 596639K(629120K)->35440K(629120K) Eden: 559232K(559232K)->0K(559232K) From: 37407K(69888K)->35440K(69888K)
[79.974s][info][gc,heap        ] GC(718) Tenured: 1032830K(1398144K)->1038506K(1398144K)
[79.974s][info][gc,metaspace   ] GC(718) Metaspace: 129666K(131392K)->129666K(131392K) NonClass: 112858K(113600K)->112858K(113600K) Class: 16808K(17792K)->16808K(17792K)
[79.974s][info][gc             ] GC(718) Pause Young (Allocation Failure) 1591M->1048M(1979M) 7.618ms
[79.974s][info][gc,cpu         ] GC(718) User=0.00s Sys=0.00s Real=0.01s
[80.030s][info][gc,start       ] GC(719) Pause Young (Allocation Failure)
[80.036s][info][gc,heap        ] GC(719) DefNew: 594672K(629120K)->35906K(629120K) Eden: 559232K(559232K)->0K(559232K) From: 35440K(69888K)->35906K(69888K)
[80.036s][info][gc,heap        ] GC(719) Tenured: 1038506K(1398144K)->1042909K(1398144K)
[80.036s][info][gc,metaspace   ] GC(719) Metaspace: 129666K(131392K)->129666K(131392K) NonClass: 112858K(113600K)->112858K(113600K) Class: 16808K(17792K)->16808K(17792K)
[80.036s][info][gc             ] GC(719) Pause Young (Allocation Failure) 1594M->1053M(1979M) 6.156ms
[80.036s][info][gc,cpu         ] GC(719) User=0.00s Sys=0.00s Real=0.01s
[80.092s][info][gc,start       ] GC(720) Pause Young (Allocation Failure)
[80.098s][info][gc,heap        ] GC(720) DefNew: 595138K(629120K)->37274K(629120K) Eden: 559232K(559232K)->0K(559232K) From: 35906K(69888K)->37274K(69888K)
[80.098s][info][gc,heap        ] GC(720) Tenured: 1042909K(1398144K)->1051105K(1398144K)
[80.098s][info][gc,metaspace   ] GC(720) Metaspace: 129666K(131392K)->129666K(131392K) NonClass: 112858K(113600K)->112858K(113600K) Class: 16808K(17792K)->16808K(17792K)
[80.098s][info][gc             ] GC(720) Pause Young (Allocation Failure) 1599M->1062M(1979M) 6.604ms
[80.098s][info][gc,cpu         ] GC(720) User=0.00s Sys=0.00s Real=0.02s
[80.158s][info][gc,start       ] GC(721) Pause Young (Allocation Failure)
[80.163s][info][gc,heap        ] GC(721) DefNew: 596506K(629120K)->33680K(629120K) Eden: 559232K(559232K)->0K(559232K) From: 37274K(69888K)->33680K(69888K)
[80.163s][info][gc,heap        ] GC(721) Tenured: 1051105K(1398144K)->1055202K(1398144K)
[80.163s][info][gc,metaspace   ] GC(721) Metaspace: 129666K(131392K)->129666K(131392K) NonClass: 112858K(113600K)->112858K(113600K) Class: 16808K(17792K)->16808K(17792K)
[80.163s][info][gc             ] GC(721) Pause Young (Allocation Failure) 1608M->1063M(1979M) 5.510ms
[80.163s][info][gc,cpu         ] GC(721) User=0.02s Sys=0.00s Real=0.02s
[80.217s][info][gc,start       ] GC(722) Pause Young (Allocation Failure)
[80.223s][info][gc,heap        ] GC(722) DefNew: 592912K(629120K)->41377K(629120K) Eden: 559232K(559232K)->0K(559232K) From: 33680K(69888K)->41377K(69888K)
[80.223s][info][gc,heap        ] GC(722) Tenured: 1055202K(1398144K)->1055202K(1398144K)
[80.223s][info][gc,metaspace   ] GC(722) Metaspace: 129666K(131392K)->129666K(131392K) NonClass: 112858K(113600K)->112858K(113600K) Class: 16808K(17792K)->16808K(17792K)
[80.223s][info][gc             ] GC(722) Pause Young (Allocation Failure) 1609M->1070M(1979M) 5.925ms
[80.223s][info][gc,cpu         ] GC(722) User=0.00s Sys=0.00s Real=0.02s
[80.280s][info][gc,start       ] GC(723) Pause Young (Allocation Failure)
[80.286s][info][gc,heap        ] GC(723) DefNew: 600609K(629120K)->30836K(629120K) Eden: 559232K(559232K)->0K(559232K) From: 41377K(69888K)->30836K(69888K)
[80.286s][info][gc,heap        ] GC(723) Tenured: 1055202K(1398144K)->1063396K(1398144K)
[80.286s][info][gc,metaspace   ] GC(723) Metaspace: 129666K(131392K)->129666K(131392K) NonClass: 112858K(113600K)->112858K(113600K) Class: 16808K(17792K)->16808K(17792K)
[80.286s][info][gc             ] GC(723) Pause Young (Allocation Failure) 1617M->1068M(1979M) 5.652ms
[80.286s][info][gc,cpu         ] GC(723) User=0.00s Sys=0.00s Real=0.02s
[80.347s][info][gc,start       ] GC(724) Pause Young (Allocation Failure)
[80.353s][info][gc,heap        ] GC(724) DefNew: 590068K(629120K)->36666K(629120K) Eden: 559232K(559232K)->0K(559232K) From: 30836K(69888K)->36666K(69888K)
[80.353s][info][gc,heap        ] GC(724) Tenured: 1063396K(1398144K)->1063396K(1398144K)
[80.353s][info][gc,metaspace   ] GC(724) Metaspace: 129673K(131392K)->129673K(131392K) NonClass: 112865K(113600K)->112865K(113600K) Class: 16808K(17792K)->16808K(17792K)
[80.353s][info][gc             ] GC(724) Pause Young (Allocation Failure) 1614M->1074M(1979M) 5.718ms
[80.353s][info][gc,cpu         ] GC(724) User=0.00s Sys=0.00s Real=0.00s
[80.440s][info][gc,start       ] GC(725) Pause Young (Allocation Failure)
[80.446s][info][gc,heap        ] GC(725) DefNew: 595898K(629120K)->46313K(629120K) Eden: 559232K(559232K)->0K(559232K) From: 36666K(69888K)->46313K(69888K)
[80.446s][info][gc,heap        ] GC(725) Tenured: 1063396K(1398144K)->1067493K(1398144K)
[80.446s][info][gc,metaspace   ] GC(725) Metaspace: 129675K(131392K)->129675K(131392K) NonClass: 112867K(113600K)->112867K(113600K) Class: 16808K(17792K)->16808K(17792K)
[80.446s][info][gc             ] GC(725) Pause Young (Allocation Failure) 1620M->1087M(1979M) 6.777ms
[80.446s][info][gc,cpu         ] GC(725) User=0.00s Sys=0.00s Real=0.00s
[80.537s][info][gc,start       ] GC(726) Pause Young (Allocation Failure)
[80.544s][info][gc,heap        ] GC(726) DefNew: 605545K(629120K)->45334K(629120K) Eden: 559232K(559232K)->0K(559232K) From: 46313K(69888K)->45334K(69888K)
[80.544s][info][gc,heap        ] GC(726) Tenured: 1067493K(1398144K)->1083883K(1398144K)
[80.544s][info][gc,metaspace   ] GC(726) Metaspace: 129675K(131392K)->129675K(131392K) NonClass: 112867K(113600K)->112867K(113600K) Class: 16808K(17792K)->16808K(17792K)
[80.544s][info][gc             ] GC(726) Pause Young (Allocation Failure) 1633M->1102M(1979M) 7.639ms
[80.545s][info][gc,cpu         ] GC(726) User=0.00s Sys=0.00s Real=0.00s
[80.634s][info][gc,start       ] GC(727) Pause Young (Allocation Failure)
[80.641s][info][gc,heap        ] GC(727) DefNew: 604566K(629120K)->46575K(629120K) Eden: 559232K(559232K)->0K(559232K) From: 45334K(69888K)->46575K(69888K)
[80.641s][info][gc,heap        ] GC(727) Tenured: 1083883K(1398144K)->1096517K(1398144K)
[80.641s][info][gc,metaspace   ] GC(727) Metaspace: 129675K(131392K)->129675K(131392K) NonClass: 112867K(113600K)->112867K(113600K) Class: 16808K(17792K)->16808K(17792K)
[80.642s][info][gc             ] GC(727) Pause Young (Allocation Failure) 1648M->1116M(1979M) 7.653ms
[80.642s][info][gc,cpu         ] GC(727) User=0.00s Sys=0.00s Real=0.00s
[80.731s][info][gc,start       ] GC(728) Pause Young (Allocation Failure)
[80.738s][info][gc,heap        ] GC(728) DefNew: 605807K(629120K)->44681K(629120K) Eden: 559232K(559232K)->0K(559232K) From: 46575K(69888K)->44681K(69888K)
[80.738s][info][gc,heap        ] GC(728) Tenured: 1096517K(1398144K)->1108932K(1398144K)
[80.738s][info][gc,metaspace   ] GC(728) Metaspace: 129675K(131392K)->129675K(131392K) NonClass: 112867K(113600K)->112867K(113600K) Class: 16808K(17792K)->16808K(17792K)
[80.739s][info][gc             ] GC(728) Pause Young (Allocation Failure) 1662M->1126M(1979M) 7.383ms
[80.739s][info][gc,cpu         ] GC(728) User=0.00s Sys=0.00s Real=0.02s
[80.827s][info][gc,start       ] GC(729) Pause Young (Allocation Failure)
[80.834s][info][gc,heap        ] GC(729) DefNew: 603913K(629120K)->45844K(629120K) Eden: 559232K(559232K)->0K(559232K) From: 44681K(69888K)->45844K(69888K)
[80.834s][info][gc,heap        ] GC(729) Tenured: 1108932K(1398144K)->1121225K(1398144K)
[80.834s][info][gc,metaspace   ] GC(729) Metaspace: 129675K(131392K)->129675K(131392K) NonClass: 112867K(113600K)->112867K(113600K) Class: 16808K(17792K)->16808K(17792K)
[80.834s][info][gc             ] GC(729) Pause Young (Allocation Failure) 1672M->1139M(1979M) 7.290ms
[80.834s][info][gc,cpu         ] GC(729) User=0.00s Sys=0.00s Real=0.01s
[80.923s][info][gc,start       ] GC(730) Pause Young (Allocation Failure)
[80.931s][info][gc,heap        ] GC(730) DefNew: 605076K(629120K)->48982K(629120K) Eden: 559232K(559232K)->0K(559232K) From: 45844K(69888K)->48982K(69888K)
[80.931s][info][gc,heap        ] GC(730) Tenured: 1121225K(1398144K)->1133528K(1398144K)
[80.931s][info][gc,metaspace   ] GC(730) Metaspace: 129675K(131392K)->129675K(131392K) NonClass: 112867K(113600K)->112867K(113600K) Class: 16808K(17792K)->16808K(17792K)
[80.931s][info][gc             ] GC(730) Pause Young (Allocation Failure) 1685M->1154M(1979M) 7.958ms
[80.931s][info][gc,cpu         ] GC(730) User=0.00s Sys=0.00s Real=0.02s
[81.023s][info][gc,start       ] GC(731) Pause Young (Allocation Failure)
[81.031s][info][gc,heap        ] GC(731) DefNew: 608214K(629120K)->40156K(629120K) Eden: 559232K(559232K)->0K(559232K) From: 48982K(69888K)->40156K(69888K)
[81.031s][info][gc,heap        ] GC(731) Tenured: 1133528K(1398144K)->1149918K(1398144K)
[81.031s][info][gc,metaspace   ] GC(731) Metaspace: 129677K(131392K)->129677K(131392K) NonClass: 112869K(113600K)->112869K(113600K) Class: 16808K(17792K)->16808K(17792K)
[81.031s][info][gc             ] GC(731) Pause Young (Allocation Failure) 1700M->1162M(1979M) 7.281ms
[81.031s][info][gc,cpu         ] GC(731) User=0.00s Sys=0.00s Real=0.00s
[81.116s][info][gc,start       ] GC(732) Pause Young (Allocation Failure)
[81.122s][info][gc,heap        ] GC(732) DefNew: 599388K(629120K)->33116K(629120K) Eden: 559232K(559232K)->0K(559232K) From: 40156K(69888K)->33116K(69888K)
[81.122s][info][gc,heap        ] GC(732) Tenured: 1149918K(1398144K)->1162209K(1398144K)
[81.122s][info][gc,metaspace   ] GC(732) Metaspace: 129677K(131392K)->129677K(131392K) NonClass: 112869K(113600K)->112869K(113600K) Class: 16808K(17792K)->16808K(17792K)
[81.122s][info][gc             ] GC(732) Pause Young (Allocation Failure) 1708M->1167M(1979M) 6.217ms
[81.122s][info][gc,cpu         ] GC(732) User=0.00s Sys=0.00s Real=0.00s
[81.209s][info][gc,start       ] GC(733) Pause Young (Allocation Failure)
[81.214s][info][gc,heap        ] GC(733) DefNew: 592348K(629120K)->45110K(629120K) Eden: 559232K(559232K)->0K(559232K) From: 33116K(69888K)->45110K(69888K)
[81.215s][info][gc,heap        ] GC(733) Tenured: 1162209K(1398144K)->1162209K(1398144K)
[81.215s][info][gc,metaspace   ] GC(733) Metaspace: 129677K(131392K)->129677K(131392K) NonClass: 112869K(113600K)->112869K(113600K) Class: 16808K(17792K)->16808K(17792K)
[81.215s][info][gc             ] GC(733) Pause Young (Allocation Failure) 1713M->1179M(1979M) 5.846ms
[81.215s][info][gc,cpu         ] GC(733) User=0.00s Sys=0.00s Real=0.00s
[81.303s][info][gc,start       ] GC(734) Pause Young (Allocation Failure)
[81.310s][info][gc,heap        ] GC(734) DefNew: 604342K(629120K)->41801K(629120K) Eden: 559232K(559232K)->0K(559232K) From: 45110K(69888K)->41801K(69888K)
[81.310s][info][gc,heap        ] GC(734) Tenured: 1162209K(1398144K)->1174501K(1398144K)
[81.310s][info][gc,metaspace   ] GC(734) Metaspace: 129677K(131392K)->129677K(131392K) NonClass: 112869K(113600K)->112869K(113600K) Class: 16808K(17792K)->16808K(17792K)
[81.310s][info][gc             ] GC(734) Pause Young (Allocation Failure) 1725M->1187M(1979M) 6.662ms
[81.310s][info][gc,cpu         ] GC(734) User=0.00s Sys=0.00s Real=0.00s
[81.398s][info][gc,start       ] GC(735) Pause Young (Allocation Failure)
[81.404s][info][gc,heap        ] GC(735) DefNew: 601033K(629120K)->35025K(629120K) Eden: 559232K(559232K)->0K(559232K) From: 41801K(69888K)->35025K(69888K)
[81.404s][info][gc,heap        ] GC(735) Tenured: 1174501K(1398144K)->1186841K(1398144K)
[81.404s][info][gc,metaspace   ] GC(735) Metaspace: 129677K(131392K)->129677K(131392K) NonClass: 112869K(113600K)->112869K(113600K) Class: 16808K(17792K)->16808K(17792K)
[81.404s][info][gc             ] GC(735) Pause Young (Allocation Failure) 1733M->1193M(1979M) 6.271ms
[81.404s][info][gc,cpu         ] GC(735) User=0.00s Sys=0.00s Real=0.00s
[81.493s][info][gc,start       ] GC(736) Pause Young (Allocation Failure)
[81.498s][info][gc,heap        ] GC(736) DefNew: 594257K(629120K)->33556K(629120K) Eden: 559232K(559232K)->0K(559232K) From: 35025K(69888K)->33556K(69888K)
[81.498s][info][gc,heap        ] GC(736) Tenured: 1186841K(1398144K)->1195036K(1398144K)
[81.498s][info][gc,metaspace   ] GC(736) Metaspace: 129677K(131392K)->129677K(131392K) NonClass: 112869K(113600K)->112869K(113600K) Class: 16808K(17792K)->16808K(17792K)
[81.498s][info][gc             ] GC(736) Pause Young (Allocation Failure) 1739M->1199M(1979M) 5.725ms
[81.498s][info][gc,cpu         ] GC(736) User=0.00s Sys=0.00s Real=0.00s
[81.587s][info][gc,start       ] GC(737) Pause Young (Allocation Failure)
[81.593s][info][gc,heap        ] GC(737) DefNew: 592788K(629120K)->44076K(629120K) Eden: 559232K(559232K)->0K(559232K) From: 33556K(69888K)->44076K(69888K)
[81.593s][info][gc,heap        ] GC(737) Tenured: 1195036K(1398144K)->1195036K(1398144K)
[81.593s][info][gc,metaspace   ] GC(737) Metaspace: 129677K(131392K)->129677K(131392K) NonClass: 112869K(113600K)->112869K(113600K) Class: 16808K(17792K)->16808K(17792K)
[81.593s][info][gc             ] GC(737) Pause Young (Allocation Failure) 1745M->1210M(1979M) 5.988ms
[81.593s][info][gc,cpu         ] GC(737) User=0.00s Sys=0.00s Real=0.00s
[81.681s][info][gc,start       ] GC(738) Pause Young (Allocation Failure)
[81.687s][info][gc,heap        ] GC(738) DefNew: 603308K(629120K)->32755K(629120K) Eden: 559232K(559232K)->0K(559232K) From: 44076K(69888K)->32755K(69888K)
[81.687s][info][gc,heap        ] GC(738) Tenured: 1195036K(1398144K)->1207328K(1398144K)
[81.687s][info][gc,metaspace   ] GC(738) Metaspace: 129677K(131392K)->129677K(131392K) NonClass: 112869K(113600K)->112869K(113600K) Class: 16808K(17792K)->16808K(17792K)
[81.687s][info][gc             ] GC(738) Pause Young (Allocation Failure) 1756M->1211M(1979M) 6.127ms
[81.687s][info][gc,cpu         ] GC(738) User=0.00s Sys=0.00s Real=0.00s
[81.780s][info][gc,start       ] GC(739) Pause Young (Allocation Failure)
[81.786s][info][gc,heap        ] GC(739) DefNew: 591987K(629120K)->40137K(629120K) Eden: 559232K(559232K)->0K(559232K) From: 32755K(69888K)->40137K(69888K)
[81.786s][info][gc,heap        ] GC(739) Tenured: 1207328K(1398144K)->1207328K(1398144K)
[81.786s][info][gc,metaspace   ] GC(739) Metaspace: 129678K(131392K)->129678K(131392K) NonClass: 112870K(113600K)->112870K(113600K) Class: 16808K(17792K)->16808K(17792K)
[81.786s][info][gc             ] GC(739) Pause Young (Allocation Failure) 1757M->1218M(1979M) 6.116ms
[81.786s][info][gc,cpu         ] GC(739) User=0.00s Sys=0.00s Real=0.01s
[81.869s][info][gc,start       ] GC(740) Pause Young (Allocation Failure)
[81.875s][info][gc,heap        ] GC(740) DefNew: 599369K(629120K)->30967K(629120K) Eden: 559232K(559232K)->0K(559232K) From: 40137K(69888K)->30967K(69888K)
[81.875s][info][gc,heap        ] GC(740) Tenured: 1207328K(1398144K)->1219619K(1398144K)
[81.875s][info][gc,metaspace   ] GC(740) Metaspace: 129678K(131392K)->129678K(131392K) NonClass: 112870K(113600K)->112870K(113600K) Class: 16808K(17792K)->16808K(17792K)
[81.875s][info][gc             ] GC(740) Pause Young (Allocation Failure) 1764M->1221M(1979M) 5.699ms
[81.875s][info][gc,cpu         ] GC(740) User=0.00s Sys=0.00s Real=0.00s
[81.958s][info][gc,start       ] GC(741) Pause Young (Allocation Failure)
[81.962s][info][gc,heap        ] GC(741) DefNew: 590199K(629120K)->25507K(629120K) Eden: 559232K(559232K)->0K(559232K) From: 30967K(69888K)->25507K(69888K)
[81.962s][info][gc,heap        ] GC(741) Tenured: 1219619K(1398144K)->1219619K(1398144K)
[81.962s][info][gc,metaspace   ] GC(741) Metaspace: 129678K(131392K)->129678K(131392K) NonClass: 112870K(113600K)->112870K(113600K) Class: 16808K(17792K)->16808K(17792K)
[81.962s][info][gc             ] GC(741) Pause Young (Allocation Failure) 1767M->1215M(1979M) 4.267ms
[81.962s][info][gc,cpu         ] GC(741) User=0.00s Sys=0.00s Real=0.02s
[82.045s][info][gc,start       ] GC(742) Pause Young (Allocation Failure)
[82.050s][info][gc,heap        ] GC(742) DefNew: 584739K(629120K)->27843K(629120K) Eden: 559232K(559232K)->0K(559232K) From: 25507K(69888K)->27843K(69888K)
[82.050s][info][gc,heap        ] GC(742) Tenured: 1219619K(1398144K)->1219619K(1398144K)
[82.050s][info][gc,metaspace   ] GC(742) Metaspace: 129678K(131392K)->129678K(131392K) NonClass: 112870K(113600K)->112870K(113600K) Class: 16808K(17792K)->16808K(17792K)
[82.050s][info][gc             ] GC(742) Pause Young (Allocation Failure) 1762M->1218M(1979M) 4.915ms
[82.050s][info][gc,cpu         ] GC(742) User=0.00s Sys=0.00s Real=0.00s
[82.139s][info][gc,start       ] GC(743) Pause Young (Allocation Failure)
[82.144s][info][gc,heap        ] GC(743) DefNew: 587075K(629120K)->35935K(629120K) Eden: 559232K(559232K)->0K(559232K) From: 27843K(69888K)->35935K(69888K)
[82.144s][info][gc,heap        ] GC(743) Tenured: 1219619K(1398144K)->1219619K(1398144K)
[82.144s][info][gc,metaspace   ] GC(743) Metaspace: 129678K(131392K)->129678K(131392K) NonClass: 112870K(113600K)->112870K(113600K) Class: 16808K(17792K)->16808K(17792K)
[82.144s][info][gc             ] GC(743) Pause Young (Allocation Failure) 1764M->1226M(1979M) 5.239ms
[82.144s][info][gc,cpu         ] GC(743) User=0.00s Sys=0.00s Real=0.00s
[82.232s][info][gc,start       ] GC(744) Pause Young (Allocation Failure)
[82.237s][info][gc,heap        ] GC(744) DefNew: 595167K(629120K)->25410K(629120K) Eden: 559232K(559232K)->0K(559232K) From: 35935K(69888K)->25410K(69888K)
[82.237s][info][gc,heap        ] GC(744) Tenured: 1219619K(1398144K)->1227813K(1398144K)
[82.237s][info][gc,metaspace   ] GC(744) Metaspace: 129678K(131392K)->129678K(131392K) NonClass: 112870K(113600K)->112870K(113600K) Class: 16808K(17792K)->16808K(17792K)
[82.237s][info][gc             ] GC(744) Pause Young (Allocation Failure) 1772M->1223M(1979M) 5.255ms
[82.237s][info][gc,cpu         ] GC(744) User=0.00s Sys=0.00s Real=0.00s
[82.324s][info][gc,start       ] GC(745) Pause Young (Allocation Failure)
[82.328s][info][gc,heap        ] GC(745) DefNew: 584642K(629120K)->23748K(629120K) Eden: 559232K(559232K)->0K(559232K) From: 25410K(69888K)->23748K(69888K)
[82.328s][info][gc,heap        ] GC(745) Tenured: 1227813K(1398144K)->1227813K(1398144K)
[82.328s][info][gc,metaspace   ] GC(745) Metaspace: 129678K(131392K)->129678K(131392K) NonClass: 112870K(113600K)->112870K(113600K) Class: 16808K(17792K)->16808K(17792K)
[82.328s][info][gc             ] GC(745) Pause Young (Allocation Failure) 1769M->1222M(1979M) 4.424ms
[82.328s][info][gc,cpu         ] GC(745) User=0.00s Sys=0.00s Real=0.00s
[82.415s][info][gc,start       ] GC(746) Pause Young (Allocation Failure)
[82.419s][info][gc,heap        ] GC(746) DefNew: 581292K(629120K)->22187K(629120K) Eden: 557543K(559232K)->0K(559232K) From: 23748K(69888K)->22187K(69888K)
[82.419s][info][gc,heap        ] GC(746) Tenured: 1227813K(1398144K)->1227813K(1398144K)
[82.419s][info][gc,metaspace   ] GC(746) Metaspace: 129678K(131392K)->129678K(131392K) NonClass: 112870K(113600K)->112870K(113600K) Class: 16808K(17792K)->16808K(17792K)
[82.419s][info][gc             ] GC(746) Pause Young (Allocation Failure) 1766M->1220M(1979M) 4.096ms
[82.419s][info][gc,cpu         ] GC(746) User=0.00s Sys=0.00s Real=0.01s
[82.506s][info][gc,start       ] GC(747) Pause Young (Allocation Failure)
[82.510s][info][gc,heap        ] GC(747) DefNew: 581419K(629120K)->30096K(629120K) Eden: 559232K(559232K)->0K(559232K) From: 22187K(69888K)->30096K(69888K)
[82.510s][info][gc,heap        ] GC(747) Tenured: 1227813K(1398144K)->1227813K(1398144K)
[82.510s][info][gc,metaspace   ] GC(747) Metaspace: 129678K(131392K)->129678K(131392K) NonClass: 112870K(113600K)->112870K(113600K) Class: 16808K(17792K)->16808K(17792K)
[82.511s][info][gc             ] GC(747) Pause Young (Allocation Failure) 1766M->1228M(1979M) 4.832ms
[82.511s][info][gc,cpu         ] GC(747) User=0.00s Sys=0.00s Real=0.01s
[82.598s][info][gc,start       ] GC(748) Pause Young (Allocation Failure)
[82.603s][info][gc,heap        ] GC(748) DefNew: 589328K(629120K)->27353K(629120K) Eden: 559232K(559232K)->0K(559232K) From: 30096K(69888K)->27353K(69888K)
[82.603s][info][gc,heap        ] GC(748) Tenured: 1227813K(1398144K)->1227813K(1398144K)
[82.603s][info][gc,metaspace   ] GC(748) Metaspace: 129678K(131392K)->129678K(131392K) NonClass: 112870K(113600K)->112870K(113600K) Class: 16808K(17792K)->16808K(17792K)
[82.603s][info][gc             ] GC(748) Pause Young (Allocation Failure) 1774M->1225M(1979M) 4.631ms
[82.603s][info][gc,cpu         ] GC(748) User=0.00s Sys=0.00s Real=0.00s
[82.690s][info][gc,start       ] GC(749) Pause Young (Allocation Failure)
[82.695s][info][gc,heap        ] GC(749) DefNew: 586585K(629120K)->24626K(629120K) Eden: 559232K(559232K)->0K(559232K) From: 27353K(69888K)->24626K(69888K)
[82.695s][info][gc,heap        ] GC(749) Tenured: 1227813K(1398144K)->1227813K(1398144K)
[82.695s][info][gc,metaspace   ] GC(749) Metaspace: 129678K(131392K)->129678K(131392K) NonClass: 112870K(113600K)->112870K(113600K) Class: 16808K(17792K)->16808K(17792K)
[82.695s][info][gc             ] GC(749) Pause Young (Allocation Failure) 1771M->1223M(1979M) 4.619ms
[82.695s][info][gc,cpu         ] GC(749) User=0.00s Sys=0.00s Real=0.00s
[82.782s][info][gc,start       ] GC(750) Pause Young (Allocation Failure)
[82.787s][info][gc,heap        ] GC(750) DefNew: 580124K(629120K)->30037K(629120K) Eden: 555497K(559232K)->0K(559232K) From: 24626K(69888K)->30037K(69888K)
[82.787s][info][gc,heap        ] GC(750) Tenured: 1227813K(1398144K)->1227813K(1398144K)
[82.787s][info][gc,metaspace   ] GC(750) Metaspace: 129678K(131392K)->129678K(131392K) NonClass: 112870K(113600K)->112870K(113600K) Class: 16808K(17792K)->16808K(17792K)
[82.787s][info][gc             ] GC(750) Pause Young (Allocation Failure) 1765M->1228M(1979M) 5.067ms
[82.787s][info][gc,cpu         ] GC(750) User=0.00s Sys=0.00s Real=0.01s
[82.873s][info][gc,start       ] GC(751) Pause Young (Allocation Failure)
[82.877s][info][gc,heap        ] GC(751) DefNew: 589269K(629120K)->30376K(629120K) Eden: 559232K(559232K)->0K(559232K) From: 30037K(69888K)->30376K(69888K)
[82.877s][info][gc,heap        ] GC(751) Tenured: 1227813K(1398144K)->1227813K(1398144K)
[82.877s][info][gc,metaspace   ] GC(751) Metaspace: 129678K(131392K)->129678K(131392K) NonClass: 112870K(113600K)->112870K(113600K) Class: 16808K(17792K)->16808K(17792K)
[82.877s][info][gc             ] GC(751) Pause Young (Allocation Failure) 1774M->1228M(1979M) 4.742ms
[82.877s][info][gc,cpu         ] GC(751) User=0.00s Sys=0.00s Real=0.00s
[82.965s][info][gc,start       ] GC(752) Pause Young (Allocation Failure)
[82.970s][info][gc,heap        ] GC(752) DefNew: 589608K(629120K)->25403K(629120K) Eden: 559232K(559232K)->0K(559232K) From: 30376K(69888K)->25403K(69888K)
[82.970s][info][gc,heap        ] GC(752) Tenured: 1227813K(1398144K)->1227813K(1398144K)
[82.970s][info][gc,metaspace   ] GC(752) Metaspace: 129678K(131392K)->129678K(131392K) NonClass: 112870K(113600K)->112870K(113600K) Class: 16808K(17792K)->16808K(17792K)
[82.970s][info][gc             ] GC(752) Pause Young (Allocation Failure) 1774M->1223M(1979M) 4.542ms
[82.970s][info][gc,cpu         ] GC(752) User=0.00s Sys=0.00s Real=0.01s
[83.057s][info][gc,start       ] GC(753) Pause Young (Allocation Failure)
[83.061s][info][gc,heap        ] GC(753) DefNew: 584635K(629120K)->19649K(629120K) Eden: 559232K(559232K)->0K(559232K) From: 25403K(69888K)->19649K(69888K)
[83.061s][info][gc,heap        ] GC(753) Tenured: 1227813K(1398144K)->1231910K(1398144K)
[83.061s][info][gc,metaspace   ] GC(753) Metaspace: 129678K(131392K)->129678K(131392K) NonClass: 112870K(113600K)->112870K(113600K) Class: 16808K(17792K)->16808K(17792K)
[83.061s][info][gc             ] GC(753) Pause Young (Allocation Failure) 1769M->1222M(1979M) 4.169ms
[83.061s][info][gc,cpu         ] GC(753) User=0.00s Sys=0.00s Real=0.00s
[83.149s][info][gc,start       ] GC(754) Pause Young (Allocation Failure)
[83.152s][info][gc,heap        ] GC(754) DefNew: 578881K(629120K)->11701K(629120K) Eden: 559232K(559232K)->0K(559232K) From: 19649K(69888K)->11701K(69888K)
[83.152s][info][gc,heap        ] GC(754) Tenured: 1231910K(1398144K)->1240146K(1398144K)
[83.152s][info][gc,metaspace   ] GC(754) Metaspace: 129678K(131392K)->129678K(131392K) NonClass: 112870K(113600K)->112870K(113600K) Class: 16808K(17792K)->16808K(17792K)
[83.152s][info][gc             ] GC(754) Pause Young (Allocation Failure) 1768M->1222M(1979M) 3.899ms
[83.153s][info][gc,cpu         ] GC(754) User=0.00s Sys=0.00s Real=0.00s
[83.240s][info][gc,start       ] GC(755) Pause Young (Allocation Failure)
[83.244s][info][gc,heap        ] GC(755) DefNew: 570933K(629120K)->17754K(629120K) Eden: 559232K(559232K)->0K(559232K) From: 11701K(69888K)->17754K(69888K)
[83.244s][info][gc,heap        ] GC(755) Tenured: 1240146K(1398144K)->1240146K(1398144K)
[83.244s][info][gc,metaspace   ] GC(755) Metaspace: 129678K(131392K)->129678K(131392K) NonClass: 112870K(113600K)->112870K(113600K) Class: 16808K(17792K)->16808K(17792K)
[83.244s][info][gc             ] GC(755) Pause Young (Allocation Failure) 1768M->1228M(1979M) 3.539ms
[83.244s][info][gc,cpu         ] GC(755) User=0.00s Sys=0.00s Real=0.00s
[83.331s][info][gc,start       ] GC(756) Pause Young (Allocation Failure)
[83.334s][info][gc,heap        ] GC(756) DefNew: 576986K(629120K)->15416K(629120K) Eden: 559232K(559232K)->0K(559232K) From: 17754K(69888K)->15416K(69888K)
[83.334s][info][gc,heap        ] GC(756) Tenured: 1240146K(1398144K)->1240146K(1398144K)
[83.334s][info][gc,metaspace   ] GC(756) Metaspace: 129678K(131392K)->129678K(131392K) NonClass: 112870K(113600K)->112870K(113600K) Class: 16808K(17792K)->16808K(17792K)
[83.334s][info][gc             ] GC(756) Pause Young (Allocation Failure) 1774M->1226M(1979M) 3.468ms
[83.334s][info][gc,cpu         ] GC(756) User=0.00s Sys=0.00s Real=0.00s
[83.456s][info][gc,start       ] GC(757) Pause Young (Allocation Failure)
[83.460s][info][gc,heap        ] GC(757) DefNew: 574648K(629120K)->14179K(629120K) Eden: 559232K(559232K)->0K(559232K) From: 15416K(69888K)->14179K(69888K)
[83.460s][info][gc,heap        ] GC(757) Tenured: 1240146K(1398144K)->1240146K(1398144K)
[83.460s][info][gc,metaspace   ] GC(757) Metaspace: 129688K(131392K)->129688K(131392K) NonClass: 112880K(113600K)->112880K(113600K) Class: 16808K(17792K)->16808K(17792K)
[83.460s][info][gc             ] GC(757) Pause Young (Allocation Failure) 1772M->1224M(1979M) 3.486ms
[83.460s][info][gc,cpu         ] GC(757) User=0.00s Sys=0.00s Real=0.00s
[83.617s][info][gc,start       ] GC(758) Pause Full (System.gc())
[83.617s][info][gc,phases,start] GC(758) Phase 1: Mark live objects
[83.670s][info][gc,phases      ] GC(758) Phase 1: Mark live objects 52.527ms
[83.670s][info][gc,phases,start] GC(758) Phase 2: Compute new object addresses
[83.713s][info][gc,phases      ] GC(758) Phase 2: Compute new object addresses 43.242ms
[83.713s][info][gc,phases,start] GC(758) Phase 3: Adjust pointers
[83.742s][info][gc,phases      ] GC(758) Phase 3: Adjust pointers 28.886ms
[83.742s][info][gc,phases,start] GC(758) Phase 4: Move objects
[83.742s][info][gc,phases      ] GC(758) Phase 4: Move objects 0.056ms
[83.743s][info][gc,heap        ] GC(758) DefNew: 257618K(629120K)->0K(629120K) Eden: 243439K(559232K)->0K(559232K) From: 14179K(69888K)->0K(69888K)
[83.743s][info][gc,heap        ] GC(758) Tenured: 1240146K(1398144K)->1038769K(1398144K)
[83.743s][info][gc,metaspace   ] GC(758) Metaspace: 129736K(131392K)->129736K(131392K) NonClass: 112927K(113600K)->112927K(113600K) Class: 16808K(17792K)->16808K(17792K)
[83.743s][info][gc             ] GC(758) Pause Full (System.gc()) 1462M->1014M(1979M) 125.519ms
[83.743s][info][gc,cpu         ] GC(758) User=0.12s Sys=0.00s Real=0.12s
[83.880s][info][gc,start       ] GC(759) Pause Young (Allocation Failure)
[83.885s][info][gc,heap        ] GC(759) DefNew: 559232K(629120K)->3376K(629120K) Eden: 559232K(559232K)->0K(559232K) From: 0K(69888K)->3376K(69888K)
[83.885s][info][gc,heap        ] GC(759) Tenured: 1038769K(1398144K)->1038769K(1398144K)
[83.885s][info][gc,metaspace   ] GC(759) Metaspace: 129833K(131584K)->129833K(131584K) NonClass: 113023K(113792K)->113023K(113792K) Class: 16809K(17792K)->16809K(17792K)
[83.885s][info][gc             ] GC(759) Pause Young (Allocation Failure) 1560M->1017M(1979M) 4.630ms
[83.885s][info][gc,cpu         ] GC(759) User=0.00s Sys=0.00s Real=0.01s
[83.939s][info][gc,start       ] GC(760) Pause Young (Allocation Failure)
[83.943s][info][gc,heap        ] GC(760) DefNew: 562608K(629120K)->8055K(629120K) Eden: 559232K(559232K)->0K(559232K) From: 3376K(69888K)->8055K(69888K)
[83.943s][info][gc,heap        ] GC(760) Tenured: 1038769K(1398144K)->1038769K(1398144K)
[83.943s][info][gc,metaspace   ] GC(760) Metaspace: 129833K(131584K)->129833K(131584K) NonClass: 113023K(113792K)->113023K(113792K) Class: 16809K(17792K)->16809K(17792K)
[83.943s][info][gc             ] GC(760) Pause Young (Allocation Failure) 1563M->1022M(1979M) 3.873ms
[83.943s][info][gc,cpu         ] GC(760) User=0.00s Sys=0.00s Real=0.00s
[83.998s][info][gc,start       ] GC(761) Pause Young (Allocation Failure)
[84.002s][info][gc,heap        ] GC(761) DefNew: 567287K(629120K)->7486K(629120K) Eden: 559232K(559232K)->0K(559232K) From: 8055K(69888K)->7486K(69888K)
[84.002s][info][gc,heap        ] GC(761) Tenured: 1038769K(1398144K)->1038769K(1398144K)
[84.002s][info][gc,metaspace   ] GC(761) Metaspace: 129833K(131584K)->129833K(131584K) NonClass: 113023K(113792K)->113023K(113792K) Class: 16809K(17792K)->16809K(17792K)
[84.002s][info][gc             ] GC(761) Pause Young (Allocation Failure) 1568M->1021M(1979M) 3.924ms
[84.002s][info][gc,cpu         ] GC(761) User=0.00s Sys=0.00s Real=0.00s
[84.056s][info][gc,start       ] GC(762) Pause Young (Allocation Failure)
[84.060s][info][gc,heap        ] GC(762) DefNew: 566718K(629120K)->12161K(629120K) Eden: 559232K(559232K)->0K(559232K) From: 7486K(69888K)->12161K(69888K)
[84.060s][info][gc,heap        ] GC(762) Tenured: 1038769K(1398144K)->1038769K(1398144K)
[84.060s][info][gc,metaspace   ] GC(762) Metaspace: 129833K(131584K)->129833K(131584K) NonClass: 113023K(113792K)->113023K(113792K) Class: 16809K(17792K)->16809K(17792K)
[84.060s][info][gc             ] GC(762) Pause Young (Allocation Failure) 1567M->1026M(1979M) 4.557ms
[84.060s][info][gc,cpu         ] GC(762) User=0.00s Sys=0.00s Real=0.02s
[84.120s][info][gc,start       ] GC(763) Pause Young (Allocation Failure)
[84.125s][info][gc,heap        ] GC(763) DefNew: 571393K(629120K)->11765K(629120K) Eden: 559232K(559232K)->0K(559232K) From: 12161K(69888K)->11765K(69888K)
[84.125s][info][gc,heap        ] GC(763) Tenured: 1038769K(1398144K)->1038769K(1398144K)
[84.125s][info][gc,metaspace   ] GC(763) Metaspace: 129841K(131584K)->129841K(131584K) NonClass: 113032K(113792K)->113032K(113792K) Class: 16809K(17792K)->16809K(17792K)
[84.125s][info][gc             ] GC(763) Pause Young (Allocation Failure) 1572M->1025M(1979M) 4.921ms
[84.125s][info][gc,cpu         ] GC(763) User=0.02s Sys=0.00s Real=0.01s
[84.181s][info][gc,start       ] GC(764) Pause Young (Allocation Failure)
[84.186s][info][gc,heap        ] GC(764) DefNew: 570997K(629120K)->19679K(629120K) Eden: 559232K(559232K)->0K(559232K) From: 11765K(69888K)->19679K(69888K)
[84.186s][info][gc,heap        ] GC(764) Tenured: 1038769K(1398144K)->1038769K(1398144K)
[84.186s][info][gc,metaspace   ] GC(764) Metaspace: 129841K(131584K)->129841K(131584K) NonClass: 113032K(113792K)->113032K(113792K) Class: 16809K(17792K)->16809K(17792K)
[84.186s][info][gc             ] GC(764) Pause Young (Allocation Failure) 1572M->1033M(1979M) 5.366ms
[84.186s][info][gc,cpu         ] GC(764) User=0.00s Sys=0.00s Real=0.00s
[84.241s][info][gc,start       ] GC(765) Pause Young (Allocation Failure)
[84.247s][info][gc,heap        ] GC(765) DefNew: 578911K(629120K)->26239K(629120K) Eden: 559232K(559232K)->0K(559232K) From: 19679K(69888K)->26239K(69888K)
[84.247s][info][gc,heap        ] GC(765) Tenured: 1038769K(1398144K)->1038769K(1398144K)
[84.247s][info][gc,metaspace   ] GC(765) Metaspace: 129841K(131584K)->129841K(131584K) NonClass: 113032K(113792K)->113032K(113792K) Class: 16809K(17792K)->16809K(17792K)
[84.247s][info][gc             ] GC(765) Pause Young (Allocation Failure) 1579M->1040M(1979M) 5.793ms
[84.247s][info][gc,cpu         ] GC(765) User=0.00s Sys=0.00s Real=0.00s
[84.303s][info][gc,start       ] GC(766) Pause Young (Allocation Failure)
[84.309s][info][gc,heap        ] GC(766) DefNew: 585471K(629120K)->27850K(629120K) Eden: 559232K(559232K)->0K(559232K) From: 26239K(69888K)->27850K(69888K)
[84.309s][info][gc,heap        ] GC(766) Tenured: 1038769K(1398144K)->1038769K(1398144K)
[84.309s][info][gc,metaspace   ] GC(766) Metaspace: 129841K(131584K)->129841K(131584K) NonClass: 113032K(113792K)->113032K(113792K) Class: 16809K(17792K)->16809K(17792K)
[84.309s][info][gc             ] GC(766) Pause Young (Allocation Failure) 1586M->1041M(1979M) 5.985ms
[84.309s][info][gc,cpu         ] GC(766) User=0.00s Sys=0.00s Real=0.00s
[84.365s][info][gc,start       ] GC(767) Pause Young (Allocation Failure)
[84.371s][info][gc,heap        ] GC(767) DefNew: 587082K(629120K)->31294K(629120K) Eden: 559232K(559232K)->0K(559232K) From: 27850K(69888K)->31294K(69888K)
[84.371s][info][gc,heap        ] GC(767) Tenured: 1038769K(1398144K)->1038769K(1398144K)
[84.371s][info][gc,metaspace   ] GC(767) Metaspace: 129841K(131584K)->129841K(131584K) NonClass: 113032K(113792K)->113032K(113792K) Class: 16809K(17792K)->16809K(17792K)
[84.372s][info][gc             ] GC(767) Pause Young (Allocation Failure) 1587M->1044M(1979M) 6.319ms
[84.372s][info][gc,cpu         ] GC(767) User=0.00s Sys=0.00s Real=0.00s
[84.427s][info][gc,start       ] GC(768) Pause Young (Allocation Failure)
[84.434s][info][gc,heap        ] GC(768) DefNew: 590526K(629120K)->36053K(629120K) Eden: 559232K(559232K)->0K(559232K) From: 31294K(69888K)->36053K(69888K)
[84.435s][info][gc,heap        ] GC(768) Tenured: 1038769K(1398144K)->1038769K(1398144K)
[84.435s][info][gc,metaspace   ] GC(768) Metaspace: 129841K(131584K)->129841K(131584K) NonClass: 113032K(113792K)->113032K(113792K) Class: 16809K(17792K)->16809K(17792K)
[84.435s][info][gc             ] GC(768) Pause Young (Allocation Failure) 1591M->1049M(1979M) 7.394ms
[84.435s][info][gc,cpu         ] GC(768) User=0.00s Sys=0.00s Real=0.00s
[84.491s][info][gc,start       ] GC(769) Pause Young (Allocation Failure)
[84.499s][info][gc,heap        ] GC(769) DefNew: 595285K(629120K)->42585K(629120K) Eden: 559232K(559232K)->0K(559232K) From: 36053K(69888K)->42585K(69888K)
[84.499s][info][gc,heap        ] GC(769) Tenured: 1038769K(1398144K)->1040360K(1398144K)
[84.499s][info][gc,metaspace   ] GC(769) Metaspace: 129841K(131584K)->129841K(131584K) NonClass: 113032K(113792K)->113032K(113792K) Class: 16809K(17792K)->16809K(17792K)
[84.499s][info][gc             ] GC(769) Pause Young (Allocation Failure) 1595M->1057M(1979M) 8.334ms
[84.499s][info][gc,cpu         ] GC(769) User=0.00s Sys=0.00s Real=0.00s
[84.557s][info][gc,start       ] GC(770) Pause Young (Allocation Failure)
[84.564s][info][gc,heap        ] GC(770) DefNew: 601817K(629120K)->38285K(629120K) Eden: 559232K(559232K)->0K(559232K) From: 42585K(69888K)->38285K(69888K)
[84.564s][info][gc,heap        ] GC(770) Tenured: 1040360K(1398144K)->1048761K(1398144K)
[84.564s][info][gc,metaspace   ] GC(770) Metaspace: 129841K(131584K)->129841K(131584K) NonClass: 113032K(113792K)->113032K(113792K) Class: 16809K(17792K)->16809K(17792K)
[84.564s][info][gc             ] GC(770) Pause Young (Allocation Failure) 1603M->1061M(1979M) 6.470ms
[84.564s][info][gc,cpu         ] GC(770) User=0.00s Sys=0.00s Real=0.00s
[84.620s][info][gc,start       ] GC(771) Pause Young (Allocation Failure)
[84.626s][info][gc,heap        ] GC(771) DefNew: 597517K(629120K)->34139K(629120K) Eden: 559232K(559232K)->0K(559232K) From: 38285K(69888K)->34139K(69888K)
[84.626s][info][gc,heap        ] GC(771) Tenured: 1048761K(1398144K)->1052976K(1398144K)
[84.626s][info][gc,metaspace   ] GC(771) Metaspace: 129841K(131584K)->129841K(131584K) NonClass: 113032K(113792K)->113032K(113792K) Class: 16809K(17792K)->16809K(17792K)
[84.626s][info][gc             ] GC(771) Pause Young (Allocation Failure) 1607M->1061M(1979M) 6.229ms
[84.626s][info][gc,cpu         ] GC(771) User=0.00s Sys=0.00s Real=0.00s
[84.684s][info][gc,start       ] GC(772) Pause Young (Allocation Failure)
[84.690s][info][gc,heap        ] GC(772) DefNew: 593371K(629120K)->36474K(629120K) Eden: 559232K(559232K)->0K(559232K) From: 34139K(69888K)->36474K(69888K)
[84.690s][info][gc,heap        ] GC(772) Tenured: 1052976K(1398144K)->1052976K(1398144K)
[84.690s][info][gc,metaspace   ] GC(772) Metaspace: 129841K(131584K)->129841K(131584K) NonClass: 113032K(113792K)->113032K(113792K) Class: 16809K(17792K)->16809K(17792K)
[84.690s][info][gc             ] GC(772) Pause Young (Allocation Failure) 1607M->1063M(1979M) 5.301ms
[84.690s][info][gc,cpu         ] GC(772) User=0.00s Sys=0.00s Real=0.00s
[84.747s][info][gc,start       ] GC(773) Pause Young (Allocation Failure)
[84.752s][info][gc,heap        ] GC(773) DefNew: 595706K(629120K)->36298K(629120K) Eden: 559232K(559232K)->0K(559232K) From: 36474K(69888K)->36298K(69888K)
[84.752s][info][gc,heap        ] GC(773) Tenured: 1052976K(1398144K)->1057056K(1398144K)
[84.752s][info][gc,metaspace   ] GC(773) Metaspace: 129841K(131584K)->129841K(131584K) NonClass: 113032K(113792K)->113032K(113792K) Class: 16809K(17792K)->16809K(17792K)
[84.753s][info][gc             ] GC(773) Pause Young (Allocation Failure) 1610M->1067M(1979M) 5.941ms
[84.753s][info][gc,cpu         ] GC(773) User=0.00s Sys=0.00s Real=0.00s
[84.808s][info][gc,start       ] GC(774) Pause Young (Allocation Failure)
[84.814s][info][gc,heap        ] GC(774) DefNew: 595530K(629120K)->36873K(629120K) Eden: 559232K(559232K)->0K(559232K) From: 36298K(69888K)->36873K(69888K)
[84.814s][info][gc,heap        ] GC(774) Tenured: 1057056K(1398144K)->1061173K(1398144K)
[84.814s][info][gc,metaspace   ] GC(774) Metaspace: 129841K(131584K)->129841K(131584K) NonClass: 113032K(113792K)->113032K(113792K) Class: 16809K(17792K)->16809K(17792K)
[84.814s][info][gc             ] GC(774) Pause Young (Allocation Failure) 1613M->1072M(1979M) 6.073ms
[84.815s][info][gc,cpu         ] GC(774) User=0.00s Sys=0.00s Real=0.00s
[84.887s][info][gc,start       ] GC(775) Pause Young (Allocation Failure)
[84.894s][info][gc,heap        ] GC(775) DefNew: 595621K(629120K)->41423K(629120K) Eden: 558748K(559232K)->0K(559232K) From: 36873K(69888K)->41423K(69888K)
[84.894s][info][gc,heap        ] GC(775) Tenured: 1061173K(1398144K)->1065251K(1398144K)
[84.894s][info][gc,metaspace   ] GC(775) Metaspace: 129849K(131584K)->129849K(131584K) NonClass: 113039K(113792K)->113039K(113792K) Class: 16809K(17792K)->16809K(17792K)
[84.894s][info][gc             ] GC(775) Pause Young (Allocation Failure) 1617M->1080M(1979M) 6.865ms
[84.894s][info][gc,cpu         ] GC(775) User=0.00s Sys=0.00s Real=0.01s
[84.986s][info][gc,start       ] GC(776) Pause Young (Allocation Failure)
[84.994s][info][gc,heap        ] GC(776) DefNew: 600655K(629120K)->48059K(629120K) Eden: 559232K(559232K)->0K(559232K) From: 41423K(69888K)->48059K(69888K)
[84.994s][info][gc,heap        ] GC(776) Tenured: 1065251K(1398144K)->1073464K(1398144K)
[84.994s][info][gc,metaspace   ] GC(776) Metaspace: 129849K(131584K)->129849K(131584K) NonClass: 113039K(113792K)->113039K(113792K) Class: 16809K(17792K)->16809K(17792K)
[84.994s][info][gc             ] GC(776) Pause Young (Allocation Failure) 1626M->1095M(1979M) 8.126ms
[84.994s][info][gc,cpu         ] GC(776) User=0.00s Sys=0.00s Real=0.02s
[85.082s][info][gc,start       ] GC(777) Pause Young (Allocation Failure)
[85.091s][info][gc,heap        ] GC(777) DefNew: 607291K(629120K)->43777K(629120K) Eden: 559232K(559232K)->0K(559232K) From: 48059K(69888K)->43777K(69888K)
[85.091s][info][gc,heap        ] GC(777) Tenured: 1073464K(1398144K)->1089834K(1398144K)
[85.091s][info][gc,metaspace   ] GC(777) Metaspace: 129849K(131584K)->129849K(131584K) NonClass: 113039K(113792K)->113039K(113792K) Class: 16809K(17792K)->16809K(17792K)
[85.091s][info][gc             ] GC(777) Pause Young (Allocation Failure) 1641M->1107M(1979M) 8.567ms
[85.091s][info][gc,cpu         ] GC(777) User=0.00s Sys=0.00s Real=0.02s
[85.182s][info][gc,start       ] GC(778) Pause Young (Allocation Failure)
[85.189s][info][gc,heap        ] GC(778) DefNew: 603009K(629120K)->42912K(629120K) Eden: 559232K(559232K)->0K(559232K) From: 43777K(69888K)->42912K(69888K)
[85.189s][info][gc,heap        ] GC(778) Tenured: 1089834K(1398144K)->1102601K(1398144K)
[85.189s][info][gc,metaspace   ] GC(778) Metaspace: 129849K(131584K)->129849K(131584K) NonClass: 113039K(113792K)->113039K(113792K) Class: 16809K(17792K)->16809K(17792K)
[85.189s][info][gc             ] GC(778) Pause Young (Allocation Failure) 1653M->1118M(1979M) 7.726ms
[85.189s][info][gc,cpu         ] GC(778) User=0.00s Sys=0.00s Real=0.00s
[85.278s][info][gc,start       ] GC(779) Pause Young (Allocation Failure)
[85.285s][info][gc,heap        ] GC(779) DefNew: 602144K(629120K)->46386K(629120K) Eden: 559232K(559232K)->0K(559232K) From: 42912K(69888K)->46386K(69888K)
[85.285s][info][gc,heap        ] GC(779) Tenured: 1102601K(1398144K)->1114892K(1398144K)
[85.285s][info][gc,metaspace   ] GC(779) Metaspace: 129849K(131584K)->129849K(131584K) NonClass: 113039K(113792K)->113039K(113792K) Class: 16809K(17792K)->16809K(17792K)
[85.285s][info][gc             ] GC(779) Pause Young (Allocation Failure) 1664M->1134M(1979M) 7.182ms
[85.285s][info][gc,cpu         ] GC(779) User=0.00s Sys=0.00s Real=0.00s
[85.373s][info][gc,start       ] GC(780) Pause Young (Allocation Failure)
[85.380s][info][gc,heap        ] GC(780) DefNew: 605618K(629120K)->45839K(629120K) Eden: 559232K(559232K)->0K(559232K) From: 46386K(69888K)->45839K(69888K)
[85.380s][info][gc,heap        ] GC(780) Tenured: 1114892K(1398144K)->1127185K(1398144K)
[85.380s][info][gc,metaspace   ] GC(780) Metaspace: 129849K(131584K)->129849K(131584K) NonClass: 113039K(113792K)->113039K(113792K) Class: 16809K(17792K)->16809K(17792K)
[85.380s][info][gc             ] GC(780) Pause Young (Allocation Failure) 1680M->1145M(1979M) 7.397ms
[85.380s][info][gc,cpu         ] GC(780) User=0.00s Sys=0.00s Real=0.00s
[85.468s][info][gc,start       ] GC(781) Pause Young (Allocation Failure)
[85.476s][info][gc,heap        ] GC(781) DefNew: 605071K(629120K)->44861K(629120K) Eden: 559232K(559232K)->0K(559232K) From: 45839K(69888K)->44861K(69888K)
[85.476s][info][gc,heap        ] GC(781) Tenured: 1127185K(1398144K)->1143573K(1398144K)
[85.476s][info][gc,metaspace   ] GC(781) Metaspace: 129849K(131584K)->129849K(131584K) NonClass: 113039K(113792K)->113039K(113792K) Class: 16809K(17792K)->16809K(17792K)
[85.476s][info][gc             ] GC(781) Pause Young (Allocation Failure) 1691M->1160M(1979M) 7.422ms
[85.476s][info][gc,cpu         ] GC(781) User=0.00s Sys=0.00s Real=0.01s
[85.568s][info][gc,start       ] GC(782) Pause Young (Allocation Failure)
[85.575s][info][gc,heap        ] GC(782) DefNew: 604093K(629120K)->27855K(629120K) Eden: 559232K(559232K)->0K(559232K) From: 44861K(69888K)->27855K(69888K)
[85.575s][info][gc,heap        ] GC(782) Tenured: 1143573K(1398144K)->1168156K(1398144K)
[85.575s][info][gc,metaspace   ] GC(782) Metaspace: 129851K(131584K)->129851K(131584K) NonClass: 113042K(113792K)->113042K(113792K) Class: 16809K(17792K)->16809K(17792K)
[85.575s][info][gc             ] GC(782) Pause Young (Allocation Failure) 1706M->1167M(1979M) 7.135ms
[85.575s][info][gc,cpu         ] GC(782) User=0.00s Sys=0.00s Real=0.02s
[85.658s][info][gc,start       ] GC(783) Pause Young (Allocation Failure)
[85.663s][info][gc,heap        ] GC(783) DefNew: 587087K(629120K)->33311K(629120K) Eden: 559232K(559232K)->0K(559232K) From: 27855K(69888K)->33311K(69888K)
[85.663s][info][gc,heap        ] GC(783) Tenured: 1168156K(1398144K)->1168156K(1398144K)
[85.663s][info][gc,metaspace   ] GC(783) Metaspace: 129851K(131584K)->129851K(131584K) NonClass: 113042K(113792K)->113042K(113792K) Class: 16809K(17792K)->16809K(17792K)
[85.663s][info][gc             ] GC(783) Pause Young (Allocation Failure) 1714M->1173M(1979M) 5.049ms
[85.664s][info][gc,cpu         ] GC(783) User=0.00s Sys=0.00s Real=0.02s
[85.750s][info][gc,start       ] GC(784) Pause Young (Allocation Failure)
[85.756s][info][gc,heap        ] GC(784) DefNew: 592543K(629120K)->44731K(629120K) Eden: 559232K(559232K)->0K(559232K) From: 33311K(69888K)->44731K(69888K)
[85.756s][info][gc,heap        ] GC(784) Tenured: 1168156K(1398144K)->1168156K(1398144K)
[85.756s][info][gc,metaspace   ] GC(784) Metaspace: 129851K(131584K)->129851K(131584K) NonClass: 113042K(113792K)->113042K(113792K) Class: 16809K(17792K)->16809K(17792K)
[85.756s][info][gc             ] GC(784) Pause Young (Allocation Failure) 1719M->1184M(1979M) 6.131ms
[85.756s][info][gc,cpu         ] GC(784) User=0.00s Sys=0.00s Real=0.00s
[85.843s][info][gc,start       ] GC(785) Pause Young (Allocation Failure)
[85.851s][info][gc,heap        ] GC(785) DefNew: 603963K(629120K)->41793K(629120K) Eden: 559232K(559232K)->0K(559232K) From: 44731K(69888K)->41793K(69888K)
[85.851s][info][gc,heap        ] GC(785) Tenured: 1168156K(1398144K)->1180449K(1398144K)
[85.851s][info][gc,metaspace   ] GC(785) Metaspace: 129851K(131584K)->129851K(131584K) NonClass: 113042K(113792K)->113042K(113792K) Class: 16809K(17792K)->16809K(17792K)
[85.851s][info][gc             ] GC(785) Pause Young (Allocation Failure) 1730M->1193M(1979M) 7.234ms
[85.851s][info][gc,cpu         ] GC(785) User=0.00s Sys=0.00s Real=0.00s
[85.938s][info][gc,start       ] GC(786) Pause Young (Allocation Failure)
[85.945s][info][gc,heap        ] GC(786) DefNew: 597359K(629120K)->39148K(629120K) Eden: 555566K(559232K)->0K(559232K) From: 41793K(69888K)->39148K(69888K)
[85.945s][info][gc,heap        ] GC(786) Tenured: 1180449K(1398144K)->1192788K(1398144K)
[85.945s][info][gc,metaspace   ] GC(786) Metaspace: 129851K(131584K)->129851K(131584K) NonClass: 113042K(113792K)->113042K(113792K) Class: 16809K(17792K)->16809K(17792K)
[85.945s][info][gc             ] GC(786) Pause Young (Allocation Failure) 1736M->1203M(1979M) 6.802ms
[85.945s][info][gc,cpu         ] GC(786) User=0.00s Sys=0.00s Real=0.00s
[86.033s][info][gc,start       ] GC(787) Pause Young (Allocation Failure)
[86.039s][info][gc,heap        ] GC(787) DefNew: 598380K(629120K)->33551K(629120K) Eden: 559232K(559232K)->0K(559232K) From: 39148K(69888K)->33551K(69888K)
[86.039s][info][gc,heap        ] GC(787) Tenured: 1192788K(1398144K)->1200984K(1398144K)
[86.039s][info][gc,metaspace   ] GC(787) Metaspace: 129852K(131584K)->129852K(131584K) NonClass: 113043K(113792K)->113043K(113792K) Class: 16809K(17792K)->16809K(17792K)
[86.039s][info][gc             ] GC(787) Pause Young (Allocation Failure) 1749M->1205M(1979M) 6.074ms
[86.039s][info][gc,cpu         ] GC(787) User=0.00s Sys=0.00s Real=0.00s
[86.128s][info][gc,start       ] GC(788) Pause Young (Allocation Failure)
[86.134s][info][gc,heap        ] GC(788) DefNew: 592598K(629120K)->40957K(629120K) Eden: 559047K(559232K)->0K(559232K) From: 33551K(69888K)->40957K(69888K)
[86.134s][info][gc,heap        ] GC(788) Tenured: 1200984K(1398144K)->1200984K(1398144K)
[86.134s][info][gc,metaspace   ] GC(788) Metaspace: 129852K(131584K)->129852K(131584K) NonClass: 113043K(113792K)->113043K(113792K) Class: 16809K(17792K)->16809K(17792K)
[86.134s][info][gc             ] GC(788) Pause Young (Allocation Failure) 1751M->1212M(1979M) 5.955ms
[86.134s][info][gc,cpu         ] GC(788) User=0.00s Sys=0.00s Real=0.00s
[86.222s][info][gc,start       ] GC(789) Pause Young (Allocation Failure)
[86.228s][info][gc,heap        ] GC(789) DefNew: 600189K(629120K)->32171K(629120K) Eden: 559232K(559232K)->0K(559232K) From: 40957K(69888K)->32171K(69888K)
[86.228s][info][gc,heap        ] GC(789) Tenured: 1200984K(1398144K)->1213275K(1398144K)
[86.228s][info][gc,metaspace   ] GC(789) Metaspace: 129852K(131584K)->129852K(131584K) NonClass: 113043K(113792K)->113043K(113792K) Class: 16809K(17792K)->16809K(17792K)
[86.228s][info][gc             ] GC(789) Pause Young (Allocation Failure) 1758M->1216M(1979M) 5.977ms
[86.228s][info][gc,cpu         ] GC(789) User=0.00s Sys=0.00s Real=0.00s
[86.318s][info][gc,start       ] GC(790) Pause Young (Allocation Failure)
[86.325s][info][gc,heap        ] GC(790) DefNew: 591403K(629120K)->40152K(629120K) Eden: 559232K(559232K)->0K(559232K) From: 32171K(69888K)->40152K(69888K)
[86.325s][info][gc,heap        ] GC(790) Tenured: 1213275K(1398144K)->1213275K(1398144K)
[86.325s][info][gc,metaspace   ] GC(790) Metaspace: 129854K(131584K)->129854K(131584K) NonClass: 113044K(113792K)->113044K(113792K) Class: 16809K(17792K)->16809K(17792K)
[86.325s][info][gc             ] GC(790) Pause Young (Allocation Failure) 1762M->1224M(1979M) 6.544ms
[86.325s][info][gc,cpu         ] GC(790) User=0.00s Sys=0.00s Real=0.02s
[86.407s][info][gc,start       ] GC(791) Pause Young (Allocation Failure)
[86.414s][info][gc,heap        ] GC(791) DefNew: 599384K(629120K)->30976K(629120K) Eden: 559232K(559232K)->0K(559232K) From: 40152K(69888K)->30976K(69888K)
[86.414s][info][gc,heap        ] GC(791) Tenured: 1213275K(1398144K)->1225570K(1398144K)
[86.414s][info][gc,metaspace   ] GC(791) Metaspace: 129854K(131584K)->129854K(131584K) NonClass: 113044K(113792K)->113044K(113792K) Class: 16809K(17792K)->16809K(17792K)
[86.414s][info][gc             ] GC(791) Pause Young (Allocation Failure) 1770M->1227M(1979M) 6.227ms
[86.414s][info][gc,cpu         ] GC(791) User=0.00s Sys=0.00s Real=0.00s
[86.496s][info][gc,start       ] GC(792) Pause Young (Allocation Failure)
[86.501s][info][gc,heap        ] GC(792) DefNew: 590208K(629120K)->25510K(629120K) Eden: 559232K(559232K)->0K(559232K) From: 30976K(69888K)->25510K(69888K)
[86.501s][info][gc,heap        ] GC(792) Tenured: 1225570K(1398144K)->1225570K(1398144K)
[86.501s][info][gc,metaspace   ] GC(792) Metaspace: 129854K(131584K)->129854K(131584K) NonClass: 113044K(113792K)->113044K(113792K) Class: 16809K(17792K)->16809K(17792K)
[86.501s][info][gc             ] GC(792) Pause Young (Allocation Failure) 1773M->1221M(1979M) 4.297ms
[86.501s][info][gc,cpu         ] GC(792) User=0.00s Sys=0.00s Real=0.00s
[86.585s][info][gc,start       ] GC(793) Pause Young (Allocation Failure)
[86.590s][info][gc,heap        ] GC(793) DefNew: 584742K(629120K)->27847K(629120K) Eden: 559232K(559232K)->0K(559232K) From: 25510K(69888K)->27847K(69888K)
[86.590s][info][gc,heap        ] GC(793) Tenured: 1225570K(1398144K)->1225570K(1398144K)
[86.590s][info][gc,metaspace   ] GC(793) Metaspace: 129854K(131584K)->129854K(131584K) NonClass: 113044K(113792K)->113044K(113792K) Class: 16809K(17792K)->16809K(17792K)
[86.590s][info][gc             ] GC(793) Pause Young (Allocation Failure) 1767M->1224M(1979M) 4.822ms
[86.590s][info][gc,cpu         ] GC(793) User=0.00s Sys=0.00s Real=0.00s
[86.677s][info][gc,start       ] GC(794) Pause Young (Allocation Failure)
[86.683s][info][gc,heap        ] GC(794) DefNew: 587079K(629120K)->35958K(629120K) Eden: 559232K(559232K)->0K(559232K) From: 27847K(69888K)->35958K(69888K)
[86.683s][info][gc,heap        ] GC(794) Tenured: 1225570K(1398144K)->1225570K(1398144K)
[86.683s][info][gc,metaspace   ] GC(794) Metaspace: 129854K(131584K)->129854K(131584K) NonClass: 113044K(113792K)->113044K(113792K) Class: 16809K(17792K)->16809K(17792K)
[86.683s][info][gc             ] GC(794) Pause Young (Allocation Failure) 1770M->1231M(1979M) 5.331ms
[86.683s][info][gc,cpu         ] GC(794) User=0.00s Sys=0.00s Real=0.00s
[86.770s][info][gc,start       ] GC(795) Pause Young (Allocation Failure)
[86.775s][info][gc,heap        ] GC(795) DefNew: 595190K(629120K)->25389K(629120K) Eden: 559232K(559232K)->0K(559232K) From: 35958K(69888K)->25389K(69888K)
[86.775s][info][gc,heap        ] GC(795) Tenured: 1225570K(1398144K)->1233764K(1398144K)
[86.775s][info][gc,metaspace   ] GC(795) Metaspace: 129854K(131584K)->129854K(131584K) NonClass: 113044K(113792K)->113044K(113792K) Class: 16809K(17792K)->16809K(17792K)
[86.775s][info][gc             ] GC(795) Pause Young (Allocation Failure) 1778M->1229M(1979M) 5.018ms
[86.775s][info][gc,cpu         ] GC(795) User=0.00s Sys=0.00s Real=0.00s
[86.862s][info][gc,start       ] GC(796) Pause Young (Allocation Failure)
[86.866s][info][gc,heap        ] GC(796) DefNew: 583347K(629120K)->27876K(629120K) Eden: 557958K(559232K)->0K(559232K) From: 25389K(69888K)->27876K(69888K)
[86.867s][info][gc,heap        ] GC(796) Tenured: 1233764K(1398144K)->1233764K(1398144K)
[86.867s][info][gc,metaspace   ] GC(796) Metaspace: 129854K(131584K)->129854K(131584K) NonClass: 113044K(113792K)->113044K(113792K) Class: 16809K(17792K)->16809K(17792K)
[86.867s][info][gc             ] GC(796) Pause Young (Allocation Failure) 1774M->1232M(1979M) 4.624ms
[86.867s][info][gc,cpu         ] GC(796) User=0.00s Sys=0.00s Real=0.00s
[86.954s][info][gc,start       ] GC(797) Pause Young (Allocation Failure)
[86.958s][info][gc,heap        ] GC(797) DefNew: 587108K(629120K)->22196K(629120K) Eden: 559232K(559232K)->0K(559232K) From: 27876K(69888K)->22196K(69888K)
[86.958s][info][gc,heap        ] GC(797) Tenured: 1233764K(1398144K)->1233764K(1398144K)
[86.958s][info][gc,metaspace   ] GC(797) Metaspace: 129854K(131584K)->129854K(131584K) NonClass: 113044K(113792K)->113044K(113792K) Class: 16809K(17792K)->16809K(17792K)
[86.958s][info][gc             ] GC(797) Pause Young (Allocation Failure) 1778M->1226M(1979M) 3.778ms
[86.958s][info][gc,cpu         ] GC(797) User=0.00s Sys=0.00s Real=0.00s
[87.045s][info][gc,start       ] GC(798) Pause Young (Allocation Failure)
[87.050s][info][gc,heap        ] GC(798) DefNew: 581428K(629120K)->26960K(629120K) Eden: 559232K(559232K)->0K(559232K) From: 22196K(69888K)->26960K(69888K)
[87.050s][info][gc,heap        ] GC(798) Tenured: 1233764K(1398144K)->1233764K(1398144K)
[87.050s][info][gc,metaspace   ] GC(798) Metaspace: 129854K(131584K)->129854K(131584K) NonClass: 113044K(113792K)->113044K(113792K) Class: 16809K(17792K)->16809K(17792K)
[87.050s][info][gc             ] GC(798) Pause Young (Allocation Failure) 1772M->1231M(1979M) 4.612ms
[87.050s][info][gc,cpu         ] GC(798) User=0.00s Sys=0.00s Real=0.02s
[87.139s][info][gc,start       ] GC(799) Pause Young (Allocation Failure)
[87.144s][info][gc,heap        ] GC(799) DefNew: 586192K(629120K)->26879K(629120K) Eden: 559232K(559232K)->0K(559232K) From: 26960K(69888K)->26879K(69888K)
[87.144s][info][gc,heap        ] GC(799) Tenured: 1233764K(1398144K)->1233764K(1398144K)
[87.144s][info][gc,metaspace   ] GC(799) Metaspace: 129854K(131584K)->129854K(131584K) NonClass: 113044K(113792K)->113044K(113792K) Class: 16809K(17792K)->16809K(17792K)
[87.144s][info][gc             ] GC(799) Pause Young (Allocation Failure) 1777M->1231M(1979M) 4.903ms
[87.144s][info][gc,cpu         ] GC(799) User=0.00s Sys=0.00s Real=0.02s
[87.232s][info][gc,start       ] GC(800) Pause Young (Allocation Failure)
[87.236s][info][gc,heap        ] GC(800) DefNew: 586111K(629120K)->24616K(629120K) Eden: 559232K(559232K)->0K(559232K) From: 26879K(69888K)->24616K(69888K)
[87.236s][info][gc,heap        ] GC(800) Tenured: 1233764K(1398144K)->1233764K(1398144K)
[87.236s][info][gc,metaspace   ] GC(800) Metaspace: 129854K(131584K)->129854K(131584K) NonClass: 113044K(113792K)->113044K(113792K) Class: 16809K(17792K)->16809K(17792K)
[87.236s][info][gc             ] GC(800) Pause Young (Allocation Failure) 1777M->1228M(1979M) 4.350ms
[87.236s][info][gc,cpu         ] GC(800) User=0.00s Sys=0.00s Real=0.01s
[87.324s][info][gc,start       ] GC(801) Pause Young (Allocation Failure)
[87.329s][info][gc,heap        ] GC(801) DefNew: 583848K(629120K)->30102K(629120K) Eden: 559232K(559232K)->0K(559232K) From: 24616K(69888K)->30102K(69888K)
[87.329s][info][gc,heap        ] GC(801) Tenured: 1233764K(1398144K)->1233764K(1398144K)
[87.329s][info][gc,metaspace   ] GC(801) Metaspace: 129854K(131584K)->129854K(131584K) NonClass: 113044K(113792K)->113044K(113792K) Class: 16809K(17792K)->16809K(17792K)
[87.329s][info][gc             ] GC(801) Pause Young (Allocation Failure) 1775M->1234M(1979M) 4.737ms
[87.329s][info][gc,cpu         ] GC(801) User=0.00s Sys=0.00s Real=0.00s
[87.415s][info][gc,start       ] GC(802) Pause Young (Allocation Failure)
[87.419s][info][gc,heap        ] GC(802) DefNew: 589334K(629120K)->21404K(629120K) Eden: 559232K(559232K)->0K(559232K) From: 30102K(69888K)->21404K(69888K)
[87.419s][info][gc,heap        ] GC(802) Tenured: 1233764K(1398144K)->1233764K(1398144K)
[87.419s][info][gc,metaspace   ] GC(802) Metaspace: 129854K(131584K)->129854K(131584K) NonClass: 113044K(113792K)->113044K(113792K) Class: 16809K(17792K)->16809K(17792K)
[87.419s][info][gc             ] GC(802) Pause Young (Allocation Failure) 1780M->1225M(1979M) 3.896ms
[87.419s][info][gc,cpu         ] GC(802) User=0.00s Sys=0.00s Real=0.00s
[87.505s][info][gc,start       ] GC(803) Pause Young (Allocation Failure)
[87.510s][info][gc,heap        ] GC(803) DefNew: 580636K(629120K)->25397K(629120K) Eden: 559232K(559232K)->0K(559232K) From: 21404K(69888K)->25397K(69888K)
[87.510s][info][gc,heap        ] GC(803) Tenured: 1233764K(1398144K)->1233764K(1398144K)
[87.510s][info][gc,metaspace   ] GC(803) Metaspace: 129854K(131584K)->129854K(131584K) NonClass: 113044K(113792K)->113044K(113792K) Class: 16809K(17792K)->16809K(17792K)
[87.510s][info][gc             ] GC(803) Pause Young (Allocation Failure) 1771M->1229M(1979M) 4.166ms
[87.510s][info][gc,cpu         ] GC(803) User=0.00s Sys=0.00s Real=0.00s
[87.598s][info][gc,start       ] GC(804) Pause Young (Allocation Failure)
[87.602s][info][gc,heap        ] GC(804) DefNew: 584629K(629120K)->22779K(629120K) Eden: 559232K(559232K)->0K(559232K) From: 25397K(69888K)->22779K(69888K)
[87.602s][info][gc,heap        ] GC(804) Tenured: 1233764K(1398144K)->1237861K(1398144K)
[87.602s][info][gc,metaspace   ] GC(804) Metaspace: 129854K(131584K)->129854K(131584K) NonClass: 113044K(113792K)->113044K(113792K) Class: 16809K(17792K)->16809K(17792K)
[87.602s][info][gc             ] GC(804) Pause Young (Allocation Failure) 1775M->1231M(1979M) 4.307ms
[87.602s][info][gc,cpu         ] GC(804) User=0.00s Sys=0.00s Real=0.00s
[87.690s][info][gc,start       ] GC(805) Pause Young (Allocation Failure)
[87.693s][info][gc,heap        ] GC(805) DefNew: 582011K(629120K)->10326K(629120K) Eden: 559232K(559232K)->0K(559232K) From: 22779K(69888K)->10326K(69888K)
[87.693s][info][gc,heap        ] GC(805) Tenured: 1237861K(1398144K)->1246097K(1398144K)
[87.693s][info][gc,metaspace   ] GC(805) Metaspace: 129854K(131584K)->129854K(131584K) NonClass: 113044K(113792K)->113044K(113792K) Class: 16809K(17792K)->16809K(17792K)
[87.693s][info][gc             ] GC(805) Pause Young (Allocation Failure) 1777M->1226M(1979M) 3.807ms
[87.693s][info][gc,cpu         ] GC(805) User=0.00s Sys=0.00s Real=0.01s
[87.780s][info][gc,start       ] GC(806) Pause Young (Allocation Failure)
[87.784s][info][gc,heap        ] GC(806) DefNew: 569558K(629120K)->17775K(629120K) Eden: 559232K(559232K)->0K(559232K) From: 10326K(69888K)->17775K(69888K)
[87.784s][info][gc,heap        ] GC(806) Tenured: 1246097K(1398144K)->1246097K(1398144K)
[87.784s][info][gc,metaspace   ] GC(806) Metaspace: 129854K(131584K)->129854K(131584K) NonClass: 113044K(113792K)->113044K(113792K) Class: 16809K(17792K)->16809K(17792K)
[87.784s][info][gc             ] GC(806) Pause Young (Allocation Failure) 1773M->1234M(1979M) 3.834ms
[87.784s][info][gc,cpu         ] GC(806) User=0.00s Sys=0.00s Real=0.00s
[87.871s][info][gc,start       ] GC(807) Pause Young (Allocation Failure)
[87.875s][info][gc,heap        ] GC(807) DefNew: 577007K(629120K)->14974K(629120K) Eden: 559232K(559232K)->0K(559232K) From: 17775K(69888K)->14974K(69888K)
[87.875s][info][gc,heap        ] GC(807) Tenured: 1246097K(1398144K)->1246097K(1398144K)
[87.875s][info][gc,metaspace   ] GC(807) Metaspace: 129854K(131584K)->129854K(131584K) NonClass: 113044K(113792K)->113044K(113792K) Class: 16809K(17792K)->16809K(17792K)
[87.875s][info][gc             ] GC(807) Pause Young (Allocation Failure) 1780M->1231M(1979M) 3.530ms
[87.875s][info][gc,cpu         ] GC(807) User=0.00s Sys=0.00s Real=0.00s
[87.991s][info][gc,start       ] GC(808) Pause Young (Allocation Failure)
[87.995s][info][gc,heap        ] GC(808) DefNew: 574206K(629120K)->14181K(629120K) Eden: 559232K(559232K)->0K(559232K) From: 14974K(69888K)->14181K(69888K)
[87.995s][info][gc,heap        ] GC(808) Tenured: 1246097K(1398144K)->1246097K(1398144K)
[87.995s][info][gc,metaspace   ] GC(808) Metaspace: 129856K(131584K)->129856K(131584K) NonClass: 113047K(113792K)->113047K(113792K) Class: 16809K(17792K)->16809K(17792K)
[87.995s][info][gc             ] GC(808) Pause Young (Allocation Failure) 1777M->1230M(1979M) 3.391ms
[87.995s][info][gc,cpu         ] GC(808) User=0.00s Sys=0.00s Real=0.00s
[88.155s][info][gc,start       ] GC(809) Pause Full (System.gc())
[88.155s][info][gc,phases,start] GC(809) Phase 1: Mark live objects
[88.208s][info][gc,phases      ] GC(809) Phase 1: Mark live objects 53.027ms
[88.208s][info][gc,phases,start] GC(809) Phase 2: Compute new object addresses
[88.253s][info][gc,phases      ] GC(809) Phase 2: Compute new object addresses 44.917ms
[88.253s][info][gc,phases,start] GC(809) Phase 3: Adjust pointers
[88.282s][info][gc,phases      ] GC(809) Phase 3: Adjust pointers 29.121ms
[88.282s][info][gc,phases,start] GC(809) Phase 4: Move objects
[88.282s][info][gc,phases      ] GC(809) Phase 4: Move objects 0.139ms
[88.283s][info][gc,heap        ] GC(809) DefNew: 267503K(629120K)->0K(629120K) Eden: 253322K(559232K)->0K(559232K) From: 14181K(69888K)->0K(69888K)
[88.283s][info][gc,heap        ] GC(809) Tenured: 1246097K(1398144K)->1038874K(1398144K)
[88.283s][info][gc,metaspace   ] GC(809) Metaspace: 129882K(131584K)->129882K(131584K) NonClass: 113073K(113792K)->113073K(113792K) Class: 16809K(17792K)->16809K(17792K)
[88.283s][info][gc             ] GC(809) Pause Full (System.gc()) 1478M->1014M(1979M) 128.080ms
[88.283s][info][gc,cpu         ] GC(809) User=0.12s Sys=0.00s Real=0.12s
[88.423s][info][gc,start       ] GC(810) Pause Young (Allocation Failure)
[88.428s][info][gc,heap        ] GC(810) DefNew: 559232K(629120K)->2573K(629120K) Eden: 559232K(559232K)->0K(559232K) From: 0K(69888K)->2573K(69888K)
[88.428s][info][gc,heap        ] GC(810) Tenured: 1038874K(1398144K)->1038874K(1398144K)
[88.428s][info][gc,metaspace   ] GC(810) Metaspace: 130007K(131712K)->130007K(131712K) NonClass: 113197K(113920K)->113197K(113920K) Class: 16809K(17792K)->16809K(17792K)
[88.428s][info][gc             ] GC(810) Pause Young (Allocation Failure) 1560M->1017M(1979M) 4.514ms
[88.428s][info][gc,cpu         ] GC(810) User=0.00s Sys=0.00s Real=0.02s
[88.481s][info][gc,start       ] GC(811) Pause Young (Allocation Failure)
[88.485s][info][gc,heap        ] GC(811) DefNew: 561805K(629120K)->4919K(629120K) Eden: 559232K(559232K)->0K(559232K) From: 2573K(69888K)->4919K(69888K)
[88.485s][info][gc,heap        ] GC(811) Tenured: 1038874K(1398144K)->1038874K(1398144K)
[88.485s][info][gc,metaspace   ] GC(811) Metaspace: 130007K(131712K)->130007K(131712K) NonClass: 113197K(113920K)->113197K(113920K) Class: 16809K(17792K)->16809K(17792K)
[88.485s][info][gc             ] GC(811) Pause Young (Allocation Failure) 1563M->1019M(1979M) 3.691ms
[88.485s][info][gc,cpu         ] GC(811) User=0.00s Sys=0.02s Real=0.00s
[88.540s][info][gc,start       ] GC(812) Pause Young (Allocation Failure)
[88.544s][info][gc,heap        ] GC(812) DefNew: 564151K(629120K)->6662K(629120K) Eden: 559232K(559232K)->0K(559232K) From: 4919K(69888K)->6662K(69888K)
[88.544s][info][gc,heap        ] GC(812) Tenured: 1038874K(1398144K)->1038874K(1398144K)
[88.544s][info][gc,metaspace   ] GC(812) Metaspace: 130007K(131712K)->130007K(131712K) NonClass: 113197K(113920K)->113197K(113920K) Class: 16809K(17792K)->16809K(17792K)
[88.544s][info][gc             ] GC(812) Pause Young (Allocation Failure) 1565M->1021M(1979M) 4.034ms
[88.544s][info][gc,cpu         ] GC(812) User=0.00s Sys=0.00s Real=0.00s
[88.598s][info][gc,start       ] GC(813) Pause Young (Allocation Failure)
[88.603s][info][gc,heap        ] GC(813) DefNew: 565894K(629120K)->9026K(629120K) Eden: 559232K(559232K)->0K(559232K) From: 6662K(69888K)->9026K(69888K)
[88.603s][info][gc,heap        ] GC(813) Tenured: 1038874K(1398144K)->1038874K(1398144K)
[88.603s][info][gc,metaspace   ] GC(813) Metaspace: 130007K(131712K)->130007K(131712K) NonClass: 113197K(113920K)->113197K(113920K) Class: 16809K(17792K)->16809K(17792K)
[88.603s][info][gc             ] GC(813) Pause Young (Allocation Failure) 1567M->1023M(1979M) 4.186ms
[88.603s][info][gc,cpu         ] GC(813) User=0.00s Sys=0.00s Real=0.02s
[88.661s][info][gc,start       ] GC(814) Pause Young (Allocation Failure)
[88.665s][info][gc,heap        ] GC(814) DefNew: 568258K(629120K)->11848K(629120K) Eden: 559232K(559232K)->0K(559232K) From: 9026K(69888K)->11848K(69888K)
[88.665s][info][gc,heap        ] GC(814) Tenured: 1038874K(1398144K)->1038874K(1398144K)
[88.665s][info][gc,metaspace   ] GC(814) Metaspace: 130008K(131712K)->130008K(131712K) NonClass: 113199K(113920K)->113199K(113920K) Class: 16809K(17792K)->16809K(17792K)
[88.665s][info][gc             ] GC(814) Pause Young (Allocation Failure) 1569M->1026M(1979M) 4.819ms
[88.665s][info][gc,cpu         ] GC(814) User=0.02s Sys=0.00s Real=0.02s
[88.720s][info][gc,start       ] GC(815) Pause Young (Allocation Failure)
[88.724s][info][gc,heap        ] GC(815) DefNew: 571080K(629120K)->16521K(629120K) Eden: 559232K(559232K)->0K(559232K) From: 11848K(69888K)->16521K(69888K)
[88.725s][info][gc,heap        ] GC(815) Tenured: 1038874K(1398144K)->1038874K(1398144K)
[88.725s][info][gc,metaspace   ] GC(815) Metaspace: 130008K(131712K)->130008K(131712K) NonClass: 113199K(113920K)->113199K(113920K) Class: 16809K(17792K)->16809K(17792K)
[88.725s][info][gc             ] GC(815) Pause Young (Allocation Failure) 1572M->1030M(1979M) 4.940ms
[88.725s][info][gc,cpu         ] GC(815) User=0.00s Sys=0.00s Real=0.02s
[88.782s][info][gc,start       ] GC(816) Pause Young (Allocation Failure)
[88.787s][info][gc,heap        ] GC(816) DefNew: 575753K(629120K)->20816K(629120K) Eden: 559232K(559232K)->0K(559232K) From: 16521K(69888K)->20816K(69888K)
[88.787s][info][gc,heap        ] GC(816) Tenured: 1038874K(1398144K)->1038874K(1398144K)
[88.787s][info][gc,metaspace   ] GC(816) Metaspace: 130008K(131712K)->130008K(131712K) NonClass: 113199K(113920K)->113199K(113920K) Class: 16809K(17792K)->16809K(17792K)
[88.787s][info][gc             ] GC(816) Pause Young (Allocation Failure) 1576M->1034M(1979M) 5.278ms
[88.787s][info][gc,cpu         ] GC(816) User=0.00s Sys=0.00s Real=0.00s
[88.841s][info][gc,start       ] GC(817) Pause Young (Allocation Failure)
[88.847s][info][gc,heap        ] GC(817) DefNew: 580048K(629120K)->30961K(629120K) Eden: 559232K(559232K)->0K(559232K) From: 20816K(69888K)->30961K(69888K)
[88.847s][info][gc,heap        ] GC(817) Tenured: 1038874K(1398144K)->1038874K(1398144K)
[88.847s][info][gc,metaspace   ] GC(817) Metaspace: 130008K(131712K)->130008K(131712K) NonClass: 113199K(113920K)->113199K(113920K) Class: 16809K(17792K)->16809K(17792K)
[88.847s][info][gc             ] GC(817) Pause Young (Allocation Failure) 1580M->1044M(1979M) 6.208ms
[88.847s][info][gc,cpu         ] GC(817) User=0.00s Sys=0.00s Real=0.00s
[88.904s][info][gc,start       ] GC(818) Pause Young (Allocation Failure)
[88.910s][info][gc,heap        ] GC(818) DefNew: 590193K(629120K)->28999K(629120K) Eden: 559232K(559232K)->0K(559232K) From: 30961K(69888K)->28999K(69888K)
[88.910s][info][gc,heap        ] GC(818) Tenured: 1038874K(1398144K)->1038874K(1398144K)
[88.910s][info][gc,metaspace   ] GC(818) Metaspace: 130008K(131712K)->130008K(131712K) NonClass: 113199K(113920K)->113199K(113920K) Class: 16809K(17792K)->16809K(17792K)
[88.910s][info][gc             ] GC(818) Pause Young (Allocation Failure) 1590M->1042M(1979M) 6.099ms
[88.910s][info][gc,cpu         ] GC(818) User=0.00s Sys=0.00s Real=0.00s
[88.976s][info][gc,start       ] GC(819) Pause Young (Allocation Failure)
[88.984s][info][gc,heap        ] GC(819) DefNew: 588231K(629120K)->42287K(629120K) Eden: 559232K(559232K)->0K(559232K) From: 28999K(69888K)->42287K(69888K)
[88.984s][info][gc,heap        ] GC(819) Tenured: 1038874K(1398144K)->1038874K(1398144K)
[88.984s][info][gc,metaspace   ] GC(819) Metaspace: 130008K(131712K)->130008K(131712K) NonClass: 113199K(113920K)->113199K(113920K) Class: 16809K(17792K)->16809K(17792K)
[88.984s][info][gc             ] GC(819) Pause Young (Allocation Failure) 1588M->1055M(1979M) 8.191ms
[88.984s][info][gc,cpu         ] GC(819) User=0.00s Sys=0.00s Real=0.00s
[89.041s][info][gc,start       ] GC(820) Pause Young (Allocation Failure)
[89.048s][info][gc,heap        ] GC(820) DefNew: 601519K(629120K)->27904K(629120K) Eden: 559232K(559232K)->0K(559232K) From: 42287K(69888K)->27904K(69888K)
[89.048s][info][gc,heap        ] GC(820) Tenured: 1038874K(1398144K)->1048950K(1398144K)
[89.048s][info][gc,metaspace   ] GC(820) Metaspace: 130008K(131712K)->130008K(131712K) NonClass: 113199K(113920K)->113199K(113920K) Class: 16809K(17792K)->16809K(17792K)
[89.048s][info][gc             ] GC(820) Pause Young (Allocation Failure) 1601M->1051M(1979M) 7.052ms
[89.048s][info][gc,cpu         ] GC(820) User=0.02s Sys=0.00s Real=0.00s
[89.104s][info][gc,start       ] GC(821) Pause Young (Allocation Failure)
[89.109s][info][gc,heap        ] GC(821) DefNew: 587136K(629120K)->37289K(629120K) Eden: 559232K(559232K)->0K(559232K) From: 27904K(69888K)->37289K(69888K)
[89.109s][info][gc,heap        ] GC(821) Tenured: 1048950K(1398144K)->1048950K(1398144K)
[89.109s][info][gc,metaspace   ] GC(821) Metaspace: 130008K(131712K)->130008K(131712K) NonClass: 113199K(113920K)->113199K(113920K) Class: 16809K(17792K)->16809K(17792K)
[89.109s][info][gc             ] GC(821) Pause Young (Allocation Failure) 1597M->1060M(1979M) 5.673ms
[89.109s][info][gc,cpu         ] GC(821) User=0.02s Sys=0.00s Real=0.00s
[89.168s][info][gc,start       ] GC(822) Pause Young (Allocation Failure)
[89.173s][info][gc,heap        ] GC(822) DefNew: 596521K(629120K)->29462K(629120K) Eden: 559232K(559232K)->0K(559232K) From: 37289K(69888K)->29462K(69888K)
[89.173s][info][gc,heap        ] GC(822) Tenured: 1048950K(1398144K)->1057145K(1398144K)
[89.173s][info][gc,metaspace   ] GC(822) Metaspace: 130008K(131712K)->130008K(131712K) NonClass: 113199K(113920K)->113199K(113920K) Class: 16809K(17792K)->16809K(17792K)
[89.173s][info][gc             ] GC(822) Pause Young (Allocation Failure) 1606M->1061M(1979M) 5.434ms
[89.173s][info][gc,cpu         ] GC(822) User=0.02s Sys=0.00s Real=0.00s
[89.228s][info][gc,start       ] GC(823) Pause Young (Allocation Failure)
[89.233s][info][gc,heap        ] GC(823) DefNew: 588694K(629120K)->37290K(629120K) Eden: 559232K(559232K)->0K(559232K) From: 29462K(69888K)->37290K(69888K)
[89.233s][info][gc,heap        ] GC(823) Tenured: 1057145K(1398144K)->1057145K(1398144K)
[89.233s][info][gc,metaspace   ] GC(823) Metaspace: 130008K(131712K)->130008K(131712K) NonClass: 113199K(113920K)->113199K(113920K) Class: 16809K(17792K)->16809K(17792K)
[89.233s][info][gc             ] GC(823) Pause Young (Allocation Failure) 1607M->1068M(1979M) 5.375ms
[89.233s][info][gc,cpu         ] GC(823) User=0.02s Sys=0.00s Real=0.00s
[89.290s][info][gc,start       ] GC(824) Pause Young (Allocation Failure)
[89.295s][info][gc,heap        ] GC(824) DefNew: 596522K(629120K)->29479K(629120K) Eden: 559232K(559232K)->0K(559232K) From: 37290K(69888K)->29479K(69888K)
[89.295s][info][gc,heap        ] GC(824) Tenured: 1057145K(1398144K)->1065340K(1398144K)
[89.295s][info][gc,metaspace   ] GC(824) Metaspace: 130008K(131712K)->130008K(131712K) NonClass: 113199K(113920K)->113199K(113920K) Class: 16809K(17792K)->16809K(17792K)
[89.295s][info][gc             ] GC(824) Pause Young (Allocation Failure) 1614M->1069M(1979M) 5.543ms
[89.295s][info][gc,cpu         ] GC(824) User=0.02s Sys=0.00s Real=0.02s
[89.350s][info][gc,start       ] GC(825) Pause Young (Allocation Failure)
[89.355s][info][gc,heap        ] GC(825) DefNew: 588080K(629120K)->35060K(629120K) Eden: 558600K(559232K)->0K(559232K) From: 29479K(69888K)->35060K(69888K)
[89.355s][info][gc,heap        ] GC(825) Tenured: 1065340K(1398144K)->1065340K(1398144K)
[89.355s][info][gc,metaspace   ] GC(825) Metaspace: 130008K(131712K)->130008K(131712K) NonClass: 113199K(113920K)->113199K(113920K) Class: 16809K(17792K)->16809K(17792K)
[89.356s][info][gc             ] GC(825) Pause Young (Allocation Failure) 1614M->1074M(1979M) 5.338ms
[89.356s][info][gc,cpu         ] GC(825) User=0.00s Sys=0.00s Real=0.02s
[89.422s][info][gc,start       ] GC(826) Pause Young (Allocation Failure)
[89.428s][info][gc,heap        ] GC(826) DefNew: 594292K(629120K)->34670K(629120K) Eden: 559232K(559232K)->0K(559232K) From: 35060K(69888K)->34670K(69888K)
[89.429s][info][gc,heap        ] GC(826) Tenured: 1065340K(1398144K)->1073534K(1398144K)
[89.429s][info][gc,metaspace   ] GC(826) Metaspace: 130020K(131712K)->130020K(131712K) NonClass: 113210K(113920K)->113210K(113920K) Class: 16809K(17792K)->16809K(17792K)
[89.429s][info][gc             ] GC(826) Pause Young (Allocation Failure) 1620M->1082M(1979M) 6.338ms
[89.429s][info][gc,cpu         ] GC(826) User=0.00s Sys=0.00s Real=0.01s
[89.517s][info][gc,start       ] GC(827) Pause Young (Allocation Failure)
[89.524s][info][gc,heap        ] GC(827) DefNew: 593902K(629120K)->46309K(629120K) Eden: 559232K(559232K)->0K(559232K) From: 34670K(69888K)->46309K(69888K)
[89.524s][info][gc,heap        ] GC(827) Tenured: 1073534K(1398144K)->1073534K(1398144K)
[89.524s][info][gc,metaspace   ] GC(827) Metaspace: 130021K(131712K)->130021K(131712K) NonClass: 113212K(113920K)->113212K(113920K) Class: 16809K(17792K)->16809K(17792K)
[89.524s][info][gc             ] GC(827) Pause Young (Allocation Failure) 1628M->1093M(1979M) 6.362ms
[89.524s][info][gc,cpu         ] GC(827) User=0.00s Sys=0.00s Real=0.00s
[89.613s][info][gc,start       ] GC(828) Pause Young (Allocation Failure)
[89.621s][info][gc,heap        ] GC(828) DefNew: 605541K(629120K)->48211K(629120K) Eden: 559232K(559232K)->0K(559232K) From: 46309K(69888K)->48211K(69888K)
[89.621s][info][gc,heap        ] GC(828) Tenured: 1073534K(1398144K)->1089923K(1398144K)
[89.621s][info][gc,metaspace   ] GC(828) Metaspace: 130021K(131712K)->130021K(131712K) NonClass: 113212K(113920K)->113212K(113920K) Class: 16809K(17792K)->16809K(17792K)
[89.621s][info][gc             ] GC(828) Pause Young (Allocation Failure) 1639M->1111M(1979M) 8.182ms
[89.621s][info][gc,cpu         ] GC(828) User=0.00s Sys=0.00s Real=0.02s
[89.708s][info][gc,start       ] GC(829) Pause Young (Allocation Failure)
[89.715s][info][gc,heap        ] GC(829) DefNew: 607443K(629120K)->31010K(629120K) Eden: 559232K(559232K)->0K(559232K) From: 48211K(69888K)->31010K(69888K)
[89.715s][info][gc,heap        ] GC(829) Tenured: 1089923K(1398144K)->1114981K(1398144K)
[89.715s][info][gc,metaspace   ] GC(829) Metaspace: 130021K(131712K)->130021K(131712K) NonClass: 113212K(113920K)->113212K(113920K) Class: 16809K(17792K)->16809K(17792K)
[89.715s][info][gc             ] GC(829) Pause Young (Allocation Failure) 1657M->1119M(1979M) 7.264ms
[89.715s][info][gc,cpu         ] GC(829) User=0.00s Sys=0.00s Real=0.01s
[89.803s][info][gc,start       ] GC(830) Pause Young (Allocation Failure)
[89.809s][info][gc,heap        ] GC(830) DefNew: 590242K(629120K)->44272K(629120K) Eden: 559232K(559232K)->0K(559232K) From: 31010K(69888K)->44272K(69888K)
[89.809s][info][gc,heap        ] GC(830) Tenured: 1114981K(1398144K)->1114981K(1398144K)
[89.809s][info][gc,metaspace   ] GC(830) Metaspace: 130021K(131712K)->130021K(131712K) NonClass: 113212K(113920K)->113212K(113920K) Class: 16809K(17792K)->16809K(17792K)
[89.809s][info][gc             ] GC(830) Pause Young (Allocation Failure) 1665M->1132M(1979M) 6.041ms
[89.809s][info][gc,cpu         ] GC(830) User=0.00s Sys=0.00s Real=0.01s
[89.895s][info][gc,start       ] GC(831) Pause Young (Allocation Failure)
[89.903s][info][gc,heap        ] GC(831) DefNew: 603504K(629120K)->49542K(629120K) Eden: 559232K(559232K)->0K(559232K) From: 44272K(69888K)->49542K(69888K)
[89.903s][info][gc,heap        ] GC(831) Tenured: 1114981K(1398144K)->1127293K(1398144K)
[89.903s][info][gc,metaspace   ] GC(831) Metaspace: 130021K(131712K)->130021K(131712K) NonClass: 113212K(113920K)->113212K(113920K) Class: 16809K(17792K)->16809K(17792K)
[89.903s][info][gc             ] GC(831) Pause Young (Allocation Failure) 1678M->1149M(1979M) 7.850ms
[89.903s][info][gc,cpu         ] GC(831) User=0.02s Sys=0.00s Real=0.02s
[89.992s][info][gc,start       ] GC(832) Pause Young (Allocation Failure)
[89.999s][info][gc,heap        ] GC(832) DefNew: 608774K(629120K)->31022K(629120K) Eden: 559232K(559232K)->0K(559232K) From: 49542K(69888K)->31022K(69888K)
[89.999s][info][gc,heap        ] GC(832) Tenured: 1127293K(1398144K)->1155954K(1398144K)
[89.999s][info][gc,metaspace   ] GC(832) Metaspace: 130021K(131712K)->130021K(131712K) NonClass: 113212K(113920K)->113212K(113920K) Class: 16809K(17792K)->16809K(17792K)
[89.999s][info][gc             ] GC(832) Pause Young (Allocation Failure) 1695M->1159M(1979M) 7.717ms
[89.999s][info][gc,cpu         ] GC(832) User=0.00s Sys=0.00s Real=0.02s
[90.089s][info][gc,start       ] GC(833) Pause Young (Allocation Failure)
[90.095s][info][gc,heap        ] GC(833) DefNew: 590254K(629120K)->37802K(629120K) Eden: 559232K(559232K)->0K(559232K) From: 31022K(69888K)->37802K(69888K)
[90.095s][info][gc,heap        ] GC(833) Tenured: 1155954K(1398144K)->1155954K(1398144K)
[90.095s][info][gc,metaspace   ] GC(833) Metaspace: 130036K(131712K)->130036K(131712K) NonClass: 113227K(113920K)->113227K(113920K) Class: 16809K(17792K)->16809K(17792K)
[90.095s][info][gc             ] GC(833) Pause Young (Allocation Failure) 1705M->1165M(1979M) 5.998ms
[90.095s][info][gc,cpu         ] GC(833) User=0.00s Sys=0.00s Real=0.02s
[90.179s][info][gc,start       ] GC(834) Pause Young (Allocation Failure)
[90.185s][info][gc,heap        ] GC(834) DefNew: 597034K(629120K)->36052K(629120K) Eden: 559232K(559232K)->0K(559232K) From: 37802K(69888K)->36052K(69888K)
[90.185s][info][gc,heap        ] GC(834) Tenured: 1155954K(1398144K)->1164148K(1398144K)
[90.185s][info][gc,metaspace   ] GC(834) Metaspace: 130036K(131712K)->130036K(131712K) NonClass: 113227K(113920K)->113227K(113920K) Class: 16809K(17792K)->16809K(17792K)
[90.185s][info][gc             ] GC(834) Pause Young (Allocation Failure) 1711M->1172M(1979M) 6.271ms
[90.185s][info][gc,cpu         ] GC(834) User=0.02s Sys=0.00s Real=0.02s
[90.272s][info][gc,start       ] GC(835) Pause Young (Allocation Failure)
[90.278s][info][gc,heap        ] GC(835) DefNew: 595284K(629120K)->33588K(629120K) Eden: 559232K(559232K)->0K(559232K) From: 36052K(69888K)->33588K(69888K)
[90.278s][info][gc,heap        ] GC(835) Tenured: 1164148K(1398144K)->1180538K(1398144K)
[90.278s][info][gc,metaspace   ] GC(835) Metaspace: 130036K(131712K)->130036K(131712K) NonClass: 113227K(113920K)->113227K(113920K) Class: 16809K(17792K)->16809K(17792K)
[90.278s][info][gc             ] GC(835) Pause Young (Allocation Failure) 1718M->1185M(1979M) 6.492ms
[90.278s][info][gc,cpu         ] GC(835) User=0.00s Sys=0.00s Real=0.00s
[90.366s][info][gc,start       ] GC(836) Pause Young (Allocation Failure)
[90.372s][info][gc,heap        ] GC(836) DefNew: 592820K(629120K)->45507K(629120K) Eden: 559232K(559232K)->0K(559232K) From: 33588K(69888K)->45507K(69888K)
[90.372s][info][gc,heap        ] GC(836) Tenured: 1180538K(1398144K)->1180538K(1398144K)
[90.372s][info][gc,metaspace   ] GC(836) Metaspace: 130036K(131712K)->130036K(131712K) NonClass: 113227K(113920K)->113227K(113920K) Class: 16809K(17792K)->16809K(17792K)
[90.372s][info][gc             ] GC(836) Pause Young (Allocation Failure) 1731M->1197M(1979M) 6.046ms
[90.372s][info][gc,cpu         ] GC(836) User=0.00s Sys=0.00s Real=0.00s
[90.459s][info][gc,start       ] GC(837) Pause Young (Allocation Failure)
[90.465s][info][gc,heap        ] GC(837) DefNew: 604739K(629120K)->32765K(629120K) Eden: 559232K(559232K)->0K(559232K) From: 45507K(69888K)->32765K(69888K)
[90.465s][info][gc,heap        ] GC(837) Tenured: 1180538K(1398144K)->1192877K(1398144K)
[90.465s][info][gc,metaspace   ] GC(837) Metaspace: 130036K(131712K)->130036K(131712K) NonClass: 113227K(113920K)->113227K(113920K) Class: 16809K(17792K)->16809K(17792K)
[90.465s][info][gc             ] GC(837) Pause Young (Allocation Failure) 1743M->1196M(1979M) 6.331ms
[90.465s][info][gc,cpu         ] GC(837) User=0.00s Sys=0.00s Real=0.00s
[90.552s][info][gc,start       ] GC(838) Pause Young (Allocation Failure)
[90.558s][info][gc,heap        ] GC(838) DefNew: 591997K(629120K)->41768K(629120K) Eden: 559232K(559232K)->0K(559232K) From: 32765K(69888K)->41768K(69888K)
[90.558s][info][gc,heap        ] GC(838) Tenured: 1192877K(1398144K)->1192877K(1398144K)
[90.558s][info][gc,metaspace   ] GC(838) Metaspace: 130036K(131712K)->130036K(131712K) NonClass: 113227K(113920K)->113227K(113920K) Class: 16809K(17792K)->16809K(17792K)
[90.558s][info][gc             ] GC(838) Pause Young (Allocation Failure) 1743M->1205M(1979M) 5.904ms
[90.558s][info][gc,cpu         ] GC(838) User=0.00s Sys=0.00s Real=0.00s
[90.647s][info][gc,start       ] GC(839) Pause Young (Allocation Failure)
[90.653s][info][gc,heap        ] GC(839) DefNew: 601000K(629120K)->35043K(629120K) Eden: 559232K(559232K)->0K(559232K) From: 41768K(69888K)->35043K(69888K)
[90.653s][info][gc,heap        ] GC(839) Tenured: 1192877K(1398144K)->1205170K(1398144K)
[90.653s][info][gc,metaspace   ] GC(839) Metaspace: 130036K(131712K)->130036K(131712K) NonClass: 113227K(113920K)->113227K(113920K) Class: 16809K(17792K)->16809K(17792K)
[90.653s][info][gc             ] GC(839) Pause Young (Allocation Failure) 1751M->1211M(1979M) 6.610ms
[90.653s][info][gc,cpu         ] GC(839) User=0.00s Sys=0.00s Real=0.00s
[90.740s][info][gc,start       ] GC(840) Pause Young (Allocation Failure)
[90.746s][info][gc,heap        ] GC(840) DefNew: 594275K(629120K)->37679K(629120K) Eden: 559232K(559232K)->0K(559232K) From: 35043K(69888K)->37679K(69888K)
[90.746s][info][gc,heap        ] GC(840) Tenured: 1205170K(1398144K)->1209267K(1398144K)
[90.746s][info][gc,metaspace   ] GC(840) Metaspace: 130036K(131712K)->130036K(131712K) NonClass: 113227K(113920K)->113227K(113920K) Class: 16809K(17792K)->16809K(17792K)
[90.746s][info][gc             ] GC(840) Pause Young (Allocation Failure) 1757M->1217M(1979M) 6.216ms
[90.746s][info][gc,cpu         ] GC(840) User=0.00s Sys=0.00s Real=0.00s
[90.836s][info][gc,start       ] GC(841) Pause Young (Allocation Failure)
[90.843s][info][gc,heap        ] GC(841) DefNew: 596911K(629120K)->39181K(629120K) Eden: 559232K(559232K)->0K(559232K) From: 37679K(69888K)->39181K(69888K)
[90.843s][info][gc,heap        ] GC(841) Tenured: 1209267K(1398144K)->1217462K(1398144K)
[90.843s][info][gc,metaspace   ] GC(841) Metaspace: 130038K(131712K)->130038K(131712K) NonClass: 113228K(113920K)->113228K(113920K) Class: 16809K(17792K)->16809K(17792K)
[90.843s][info][gc             ] GC(841) Pause Young (Allocation Failure) 1763M->1227M(1979M) 6.908ms
[90.843s][info][gc,cpu         ] GC(841) User=0.00s Sys=0.00s Real=0.00s
[90.927s][info][gc,start       ] GC(842) Pause Young (Allocation Failure)
[90.932s][info][gc,heap        ] GC(842) DefNew: 598413K(629120K)->24932K(629120K) Eden: 559232K(559232K)->0K(559232K) From: 39181K(69888K)->24932K(69888K)
[90.932s][info][gc,heap        ] GC(842) Tenured: 1217462K(1398144K)->1225655K(1398144K)
[90.932s][info][gc,metaspace   ] GC(842) Metaspace: 130038K(131712K)->130038K(131712K) NonClass: 113228K(113920K)->113228K(113920K) Class: 16809K(17792K)->16809K(17792K)
[90.932s][info][gc             ] GC(842) Pause Young (Allocation Failure) 1773M->1221M(1979M) 5.386ms
[90.933s][info][gc,cpu         ] GC(842) User=0.00s Sys=0.00s Real=0.00s
[91.016s][info][gc,start       ] GC(843) Pause Young (Allocation Failure)
[91.021s][info][gc,heap        ] GC(843) DefNew: 584164K(629120K)->27865K(629120K) Eden: 559232K(559232K)->0K(559232K) From: 24932K(69888K)->27865K(69888K)
[91.021s][info][gc,heap        ] GC(843) Tenured: 1225655K(1398144K)->1225655K(1398144K)
[91.021s][info][gc,metaspace   ] GC(843) Metaspace: 130038K(131712K)->130038K(131712K) NonClass: 113228K(113920K)->113228K(113920K) Class: 16809K(17792K)->16809K(17792K)
[91.021s][info][gc             ] GC(843) Pause Young (Allocation Failure) 1767M->1224M(1979M) 4.977ms
[91.021s][info][gc,cpu         ] GC(843) User=0.00s Sys=0.00s Real=0.00s
[91.106s][info][gc,start       ] GC(844) Pause Young (Allocation Failure)
[91.111s][info][gc,heap        ] GC(844) DefNew: 587097K(629120K)->27869K(629120K) Eden: 559232K(559232K)->0K(559232K) From: 27865K(69888K)->27869K(69888K)
[91.111s][info][gc,heap        ] GC(844) Tenured: 1225655K(1398144K)->1225655K(1398144K)
[91.111s][info][gc,metaspace   ] GC(844) Metaspace: 130038K(131712K)->130038K(131712K) NonClass: 113228K(113920K)->113228K(113920K) Class: 16809K(17792K)->16809K(17792K)
[91.111s][info][gc             ] GC(844) Pause Young (Allocation Failure) 1770M->1224M(1979M) 4.682ms
[91.111s][info][gc,cpu         ] GC(844) User=0.00s Sys=0.00s Real=0.00s
[91.199s][info][gc,start       ] GC(845) Pause Young (Allocation Failure)
[91.204s][info][gc,heap        ] GC(845) DefNew: 587101K(629120K)->28752K(629120K) Eden: 559232K(559232K)->0K(559232K) From: 27869K(69888K)->28752K(69888K)
[91.204s][info][gc,heap        ] GC(845) Tenured: 1225655K(1398144K)->1225655K(1398144K)
[91.204s][info][gc,metaspace   ] GC(845) Metaspace: 130038K(131712K)->130038K(131712K) NonClass: 113228K(113920K)->113228K(113920K) Class: 16809K(17792K)->16809K(17792K)
[91.204s][info][gc             ] GC(845) Pause Young (Allocation Failure) 1770M->1225M(1979M) 4.833ms
[91.204s][info][gc,cpu         ] GC(845) User=0.00s Sys=0.00s Real=0.00s
[91.291s][info][gc,start       ] GC(846) Pause Young (Allocation Failure)
[91.297s][info][gc,heap        ] GC(846) DefNew: 587984K(629120K)->35167K(629120K) Eden: 559232K(559232K)->0K(559232K) From: 28752K(69888K)->35167K(69888K)
[91.297s][info][gc,heap        ] GC(846) Tenured: 1225655K(1398144K)->1225655K(1398144K)
[91.297s][info][gc,metaspace   ] GC(846) Metaspace: 130038K(131712K)->130038K(131712K) NonClass: 113228K(113920K)->113228K(113920K) Class: 16809K(17792K)->16809K(17792K)
[91.297s][info][gc             ] GC(846) Pause Young (Allocation Failure) 1771M->1231M(1979M) 5.573ms
[91.297s][info][gc,cpu         ] GC(846) User=0.00s Sys=0.00s Real=0.00s
[91.386s][info][gc,start       ] GC(847) Pause Young (Allocation Failure)
[91.392s][info][gc,heap        ] GC(847) DefNew: 594399K(629120K)->37319K(629120K) Eden: 559232K(559232K)->0K(559232K) From: 35167K(69888K)->37319K(69888K)
[91.392s][info][gc,heap        ] GC(847) Tenured: 1225655K(1398144K)->1229765K(1398144K)
[91.392s][info][gc,metaspace   ] GC(847) Metaspace: 130038K(131712K)->130038K(131712K) NonClass: 113228K(113920K)->113228K(113920K) Class: 16809K(17792K)->16809K(17792K)
[91.392s][info][gc             ] GC(847) Pause Young (Allocation Failure) 1777M->1237M(1979M) 5.823ms
[91.392s][info][gc,cpu         ] GC(847) User=0.00s Sys=0.00s Real=0.00s
[91.479s][info][gc,start       ] GC(848) Pause Young (Allocation Failure)
[91.483s][info][gc,heap        ] GC(848) DefNew: 596551K(629120K)->18187K(629120K) Eden: 559232K(559232K)->0K(559232K) From: 37319K(69888K)->18187K(69888K)
[91.483s][info][gc,heap        ] GC(848) Tenured: 1229765K(1398144K)->1237959K(1398144K)
[91.483s][info][gc,metaspace   ] GC(848) Metaspace: 130038K(131712K)->130038K(131712K) NonClass: 113228K(113920K)->113228K(113920K) Class: 16809K(17792K)->16809K(17792K)
[91.483s][info][gc             ] GC(848) Pause Young (Allocation Failure) 1783M->1226M(1979M) 4.521ms
[91.483s][info][gc,cpu         ] GC(848) User=0.00s Sys=0.00s Real=0.00s
[91.572s][info][gc,start       ] GC(849) Pause Young (Allocation Failure)
[91.576s][info][gc,heap        ] GC(849) DefNew: 577419K(629120K)->22860K(629120K) Eden: 559232K(559232K)->0K(559232K) From: 18187K(69888K)->22860K(69888K)
[91.576s][info][gc,heap        ] GC(849) Tenured: 1237959K(1398144K)->1237959K(1398144K)
[91.576s][info][gc,metaspace   ] GC(849) Metaspace: 130038K(131712K)->130038K(131712K) NonClass: 113228K(113920K)->113228K(113920K) Class: 16809K(17792K)->16809K(17792K)
[91.576s][info][gc             ] GC(849) Pause Young (Allocation Failure) 1772M->1231M(1979M) 3.996ms
[91.576s][info][gc,cpu         ] GC(849) User=0.00s Sys=0.00s Real=0.00s
[91.666s][info][gc,start       ] GC(850) Pause Young (Allocation Failure)
[91.669s][info][gc,heap        ] GC(850) DefNew: 582092K(629120K)->16447K(629120K) Eden: 559232K(559232K)->0K(559232K) From: 22860K(69888K)->16447K(69888K)
[91.669s][info][gc,heap        ] GC(850) Tenured: 1237959K(1398144K)->1237959K(1398144K)
[91.669s][info][gc,metaspace   ] GC(850) Metaspace: 130038K(131712K)->130038K(131712K) NonClass: 113228K(113920K)->113228K(113920K) Class: 16809K(17792K)->16809K(17792K)
[91.669s][info][gc             ] GC(850) Pause Young (Allocation Failure) 1777M->1225M(1979M) 3.315ms
[91.669s][info][gc,cpu         ] GC(850) User=0.00s Sys=0.00s Real=0.00s
[91.755s][info][gc,start       ] GC(851) Pause Young (Allocation Failure)
[91.759s][info][gc,heap        ] GC(851) DefNew: 575679K(629120K)->19745K(629120K) Eden: 559232K(559232K)->0K(559232K) From: 16447K(69888K)->19745K(69888K)
[91.759s][info][gc,heap        ] GC(851) Tenured: 1237959K(1398144K)->1237959K(1398144K)
[91.759s][info][gc,metaspace   ] GC(851) Metaspace: 130038K(131712K)->130038K(131712K) NonClass: 113228K(113920K)->113228K(113920K) Class: 16809K(17792K)->16809K(17792K)
[91.759s][info][gc             ] GC(851) Pause Young (Allocation Failure) 1771M->1228M(1979M) 3.728ms
[91.759s][info][gc,cpu         ] GC(851) User=0.00s Sys=0.00s Real=0.00s
[91.847s][info][gc,start       ] GC(852) Pause Young (Allocation Failure)
[91.852s][info][gc,heap        ] GC(852) DefNew: 578977K(629120K)->29120K(629120K) Eden: 559232K(559232K)->0K(559232K) From: 19745K(69888K)->29120K(69888K)
[91.852s][info][gc,heap        ] GC(852) Tenured: 1237959K(1398144K)->1237959K(1398144K)
[91.852s][info][gc,metaspace   ] GC(852) Metaspace: 130038K(131712K)->130038K(131712K) NonClass: 113228K(113920K)->113228K(113920K) Class: 16809K(17792K)->16809K(17792K)
[91.852s][info][gc             ] GC(852) Pause Young (Allocation Failure) 1774M->1237M(1979M) 4.807ms
[91.852s][info][gc,cpu         ] GC(852) User=0.02s Sys=0.00s Real=0.02s
[91.939s][info][gc,start       ] GC(853) Pause Young (Allocation Failure)
[91.943s][info][gc,heap        ] GC(853) DefNew: 588352K(629120K)->17012K(629120K) Eden: 559232K(559232K)->0K(559232K) From: 29120K(69888K)->17012K(69888K)
[91.943s][info][gc,heap        ] GC(853) Tenured: 1237959K(1398144K)->1237959K(1398144K)
[91.943s][info][gc,metaspace   ] GC(853) Metaspace: 130038K(131712K)->130038K(131712K) NonClass: 113228K(113920K)->113228K(113920K) Class: 16809K(17792K)->16809K(17792K)
[91.943s][info][gc             ] GC(853) Pause Young (Allocation Failure) 1783M->1225M(1979M) 3.704ms
[91.943s][info][gc,cpu         ] GC(853) User=0.00s Sys=0.00s Real=0.00s
[92.033s][info][gc,start       ] GC(854) Pause Young (Allocation Failure)
[92.037s][info][gc,heap        ] GC(854) DefNew: 576244K(629120K)->22855K(629120K) Eden: 559232K(559232K)->0K(559232K) From: 17012K(69888K)->22855K(69888K)
[92.037s][info][gc,heap        ] GC(854) Tenured: 1237959K(1398144K)->1237959K(1398144K)
[92.037s][info][gc,metaspace   ] GC(854) Metaspace: 130038K(131712K)->130038K(131712K) NonClass: 113228K(113920K)->113228K(113920K) Class: 16809K(17792K)->16809K(17792K)
[92.037s][info][gc             ] GC(854) Pause Young (Allocation Failure) 1771M->1231M(1979M) 4.374ms
[92.037s][info][gc,cpu         ] GC(854) User=0.00s Sys=0.00s Real=0.00s
[92.127s][info][gc,start       ] GC(855) Pause Young (Allocation Failure)
[92.132s][info][gc,heap        ] GC(855) DefNew: 582087K(629120K)->29072K(629120K) Eden: 559232K(559232K)->0K(559232K) From: 22855K(69888K)->29072K(69888K)
[92.132s][info][gc,heap        ] GC(855) Tenured: 1237959K(1398144K)->1237959K(1398144K)
[92.132s][info][gc,metaspace   ] GC(855) Metaspace: 130038K(131712K)->130038K(131712K) NonClass: 113228K(113920K)->113228K(113920K) Class: 16809K(17792K)->16809K(17792K)
[92.132s][info][gc             ] GC(855) Pause Young (Allocation Failure) 1777M->1237M(1979M) 5.391ms
[92.133s][info][gc,cpu         ] GC(855) User=0.00s Sys=0.00s Real=0.01s
[92.218s][info][gc,start       ] GC(856) Pause Young (Allocation Failure)
[92.222s][info][gc,heap        ] GC(856) DefNew: 588304K(629120K)->11506K(629120K) Eden: 559232K(559232K)->0K(559232K) From: 29072K(69888K)->11506K(69888K)
[92.222s][info][gc,heap        ] GC(856) Tenured: 1237959K(1398144K)->1246195K(1398144K)
[92.222s][info][gc,metaspace   ] GC(856) Metaspace: 130038K(131712K)->130038K(131712K) NonClass: 113228K(113920K)->113228K(113920K) Class: 16809K(17792K)->16809K(17792K)
[92.222s][info][gc             ] GC(856) Pause Young (Allocation Failure) 1783M->1228M(1979M) 3.902ms
[92.222s][info][gc,cpu         ] GC(856) User=0.00s Sys=0.00s Real=0.00s
[92.309s][info][gc,start       ] GC(857) Pause Young (Allocation Failure)
[92.313s][info][gc,heap        ] GC(857) DefNew: 570738K(629120K)->14626K(629120K) Eden: 559232K(559232K)->0K(559232K) From: 11506K(69888K)->14626K(69888K)
[92.313s][info][gc,heap        ] GC(857) Tenured: 1246195K(1398144K)->1246195K(1398144K)
[92.313s][info][gc,metaspace   ] GC(857) Metaspace: 130038K(131712K)->130038K(131712K) NonClass: 113228K(113920K)->113228K(113920K) Class: 16809K(17792K)->16809K(17792K)
[92.313s][info][gc             ] GC(857) Pause Young (Allocation Failure) 1774M->1231M(1979M) 3.386ms
[92.313s][info][gc,cpu         ] GC(857) User=0.00s Sys=0.00s Real=0.00s
[92.400s][info][gc,start       ] GC(858) Pause Young (Allocation Failure)
[92.402s][info][gc,heap        ] GC(858) DefNew: 573858K(629120K)->8209K(629120K) Eden: 559232K(559232K)->0K(559232K) From: 14626K(69888K)->8209K(69888K)
[92.402s][info][gc,heap        ] GC(858) Tenured: 1246195K(1398144K)->1246195K(1398144K)
[92.402s][info][gc,metaspace   ] GC(858) Metaspace: 130038K(131712K)->130038K(131712K) NonClass: 113228K(113920K)->113228K(113920K) Class: 16809K(17792K)->16809K(17792K)
[92.402s][info][gc             ] GC(858) Pause Young (Allocation Failure) 1777M->1225M(1979M) 2.477ms
[92.402s][info][gc,cpu         ] GC(858) User=0.00s Sys=0.00s Real=0.00s
[92.515s][info][gc,start       ] GC(859) Pause Young (Allocation Failure)
[92.518s][info][gc,heap        ] GC(859) DefNew: 567441K(629120K)->14179K(629120K) Eden: 559232K(559232K)->0K(559232K) From: 8209K(69888K)->14179K(69888K)
[92.518s][info][gc,heap        ] GC(859) Tenured: 1246195K(1398144K)->1246195K(1398144K)
[92.518s][info][gc,metaspace   ] GC(859) Metaspace: 130040K(131712K)->130040K(131712K) NonClass: 113230K(113920K)->113230K(113920K) Class: 16810K(17792K)->16810K(17792K)
[92.518s][info][gc             ] GC(859) Pause Young (Allocation Failure) 1771M->1230M(1979M) 3.272ms
[92.519s][info][gc,cpu         ] GC(859) User=0.00s Sys=0.00s Real=0.00s
[92.671s][info][gc,start       ] GC(860) Pause Full (System.gc())
[92.671s][info][gc,phases,start] GC(860) Phase 1: Mark live objects
[92.724s][info][gc,phases      ] GC(860) Phase 1: Mark live objects 53.435ms
[92.724s][info][gc,phases,start] GC(860) Phase 2: Compute new object addresses
[92.767s][info][gc,phases      ] GC(860) Phase 2: Compute new object addresses 42.706ms
[92.767s][info][gc,phases,start] GC(860) Phase 3: Adjust pointers
[92.798s][info][gc,phases      ] GC(860) Phase 3: Adjust pointers 30.563ms
[92.798s][info][gc,phases,start] GC(860) Phase 4: Move objects
[92.887s][info][gc,phases      ] GC(860) Phase 4: Move objects 89.249ms
[92.888s][info][gc,heap        ] GC(860) DefNew: 254810K(629120K)->0K(629120K) Eden: 240631K(559232K)->0K(559232K) From: 14179K(69888K)->0K(69888K)
[92.888s][info][gc,heap        ] GC(860) Tenured: 1246195K(1398144K)->969090K(1398144K)
[92.888s][info][gc,metaspace   ] GC(860) Metaspace: 130061K(131776K)->130061K(131776K) NonClass: 113251K(113984K)->113251K(113984K) Class: 16810K(17792K)->16810K(17792K)
[92.888s][info][gc             ] GC(860) Pause Full (System.gc()) 1465M->946M(1979M) 217.054ms
[92.888s][info][gc,cpu         ] GC(860) User=0.19s Sys=0.00s Real=0.22s
[93.022s][info][gc,start       ] GC(861) Pause Young (Allocation Failure)
[93.027s][info][gc,heap        ] GC(861) DefNew: 559232K(629120K)->3361K(629120K) Eden: 559232K(559232K)->0K(559232K) From: 0K(69888K)->3361K(69888K)
[93.027s][info][gc,heap        ] GC(861) Tenured: 969090K(1398144K)->969090K(1398144K)
[93.027s][info][gc,metaspace   ] GC(861) Metaspace: 130179K(131840K)->130179K(131840K) NonClass: 113364K(114048K)->113364K(114048K) Class: 16814K(17792K)->16814K(17792K)
[93.027s][info][gc             ] GC(861) Pause Young (Allocation Failure) 1492M->949M(1979M) 4.496ms
[93.027s][info][gc,cpu         ] GC(861) User=0.00s Sys=0.00s Real=0.00s
[93.081s][info][gc,start       ] GC(862) Pause Young (Allocation Failure)
[93.086s][info][gc,heap        ] GC(862) DefNew: 562593K(629120K)->11164K(629120K) Eden: 559232K(559232K)->0K(559232K) From: 3361K(69888K)->11164K(69888K)
[93.086s][info][gc,heap        ] GC(862) Tenured: 969090K(1398144K)->969090K(1398144K)
[93.086s][info][gc,metaspace   ] GC(862) Metaspace: 130179K(131840K)->130179K(131840K) NonClass: 113364K(114048K)->113364K(114048K) Class: 16814K(17792K)->16814K(17792K)
[93.086s][info][gc             ] GC(862) Pause Young (Allocation Failure) 1495M->957M(1979M) 4.460ms
[93.086s][info][gc,cpu         ] GC(862) User=0.00s Sys=0.00s Real=0.00s
[93.142s][info][gc,start       ] GC(863) Pause Young (Allocation Failure)
[93.146s][info][gc,heap        ] GC(863) DefNew: 570396K(629120K)->7474K(629120K) Eden: 559232K(559232K)->0K(559232K) From: 11164K(69888K)->7474K(69888K)
[93.146s][info][gc,heap        ] GC(863) Tenured: 969090K(1398144K)->969090K(1398144K)
[93.146s][info][gc,metaspace   ] GC(863) Metaspace: 130179K(131840K)->130179K(131840K) NonClass: 113364K(114048K)->113364K(114048K) Class: 16814K(17792K)->16814K(17792K)
[93.146s][info][gc             ] GC(863) Pause Young (Allocation Failure) 1503M->953M(1979M) 4.027ms
[93.146s][info][gc,cpu         ] GC(863) User=0.00s Sys=0.00s Real=0.00s
[93.201s][info][gc,start       ] GC(864) Pause Young (Allocation Failure)
[93.205s][info][gc,heap        ] GC(864) DefNew: 566706K(629120K)->12155K(629120K) Eden: 559232K(559232K)->0K(559232K) From: 7474K(69888K)->12155K(69888K)
[93.205s][info][gc,heap        ] GC(864) Tenured: 969090K(1398144K)->969090K(1398144K)
[93.206s][info][gc,metaspace   ] GC(864) Metaspace: 130179K(131840K)->130179K(131840K) NonClass: 113364K(114048K)->113364K(114048K) Class: 16814K(17792K)->16814K(17792K)
[93.206s][info][gc             ] GC(864) Pause Young (Allocation Failure) 1499M->958M(1979M) 4.660ms
[93.206s][info][gc,cpu         ] GC(864) User=0.00s Sys=0.00s Real=0.02s
[93.265s][info][gc,start       ] GC(865) Pause Young (Allocation Failure)
[93.270s][info][gc,heap        ] GC(865) DefNew: 571387K(629120K)->13585K(629120K) Eden: 559232K(559232K)->0K(559232K) From: 12155K(69888K)->13585K(69888K)
[93.270s][info][gc,heap        ] GC(865) Tenured: 969090K(1398144K)->969090K(1398144K)
[93.270s][info][gc,metaspace   ] GC(865) Metaspace: 130185K(131904K)->130185K(131904K) NonClass: 113370K(114112K)->113370K(114112K) Class: 16815K(17792K)->16815K(17792K)
[93.270s][info][gc             ] GC(865) Pause Young (Allocation Failure) 1504M->959M(1979M) 4.980ms
[93.270s][info][gc,cpu         ] GC(865) User=0.00s Sys=0.00s Real=0.02s
[93.325s][info][gc,start       ] GC(866) Pause Young (Allocation Failure)
[93.331s][info][gc,heap        ] GC(866) DefNew: 572817K(629120K)->19603K(629120K) Eden: 559232K(559232K)->0K(559232K) From: 13585K(69888K)->19603K(69888K)
[93.331s][info][gc,heap        ] GC(866) Tenured: 969090K(1398144K)->969090K(1398144K)
[93.331s][info][gc,metaspace   ] GC(866) Metaspace: 130188K(131904K)->130188K(131904K) NonClass: 113372K(114112K)->113372K(114112K) Class: 16815K(17792K)->16815K(17792K)
[93.331s][info][gc             ] GC(866) Pause Young (Allocation Failure) 1505M->965M(1979M) 5.477ms
[93.331s][info][gc,cpu         ] GC(866) User=0.00s Sys=0.00s Real=0.02s
[93.388s][info][gc,start       ] GC(867) Pause Young (Allocation Failure)
[93.394s][info][gc,heap        ] GC(867) DefNew: 578835K(629120K)->22393K(629120K) Eden: 559232K(559232K)->0K(559232K) From: 19603K(69888K)->22393K(69888K)
[93.394s][info][gc,heap        ] GC(867) Tenured: 969090K(1398144K)->969090K(1398144K)
[93.394s][info][gc,metaspace   ] GC(867) Metaspace: 130188K(131904K)->130188K(131904K) NonClass: 113372K(114112K)->113372K(114112K) Class: 16815K(17792K)->16815K(17792K)
[93.394s][info][gc             ] GC(867) Pause Young (Allocation Failure) 1511M->968M(1979M) 5.637ms
[93.394s][info][gc,cpu         ] GC(867) User=0.00s Sys=0.00s Real=0.02s
[93.448s][info][gc,start       ] GC(868) Pause Young (Allocation Failure)
[93.455s][info][gc,heap        ] GC(868) DefNew: 581625K(629120K)->31876K(629120K) Eden: 559232K(559232K)->0K(559232K) From: 22393K(69888K)->31876K(69888K)
[93.455s][info][gc,heap        ] GC(868) Tenured: 969090K(1398144K)->969090K(1398144K)
[93.455s][info][gc,metaspace   ] GC(868) Metaspace: 130188K(131904K)->130188K(131904K) NonClass: 113372K(114112K)->113372K(114112K) Class: 16815K(17792K)->16815K(17792K)
[93.455s][info][gc             ] GC(868) Pause Young (Allocation Failure) 1514M->977M(1979M) 6.408ms
[93.455s][info][gc,cpu         ] GC(868) User=0.00s Sys=0.00s Real=0.00s
[93.511s][info][gc,start       ] GC(869) Pause Young (Allocation Failure)
[93.518s][info][gc,heap        ] GC(869) DefNew: 591108K(629120K)->30575K(629120K) Eden: 559232K(559232K)->0K(559232K) From: 31876K(69888K)->30575K(69888K)
[93.518s][info][gc,heap        ] GC(869) Tenured: 969090K(1398144K)->969090K(1398144K)
[93.518s][info][gc,metaspace   ] GC(869) Metaspace: 130188K(131904K)->130188K(131904K) NonClass: 113372K(114112K)->113372K(114112K) Class: 16815K(17792K)->16815K(17792K)
[93.518s][info][gc             ] GC(869) Pause Young (Allocation Failure) 1523M->976M(1979M) 6.330ms
[93.518s][info][gc,cpu         ] GC(869) User=0.00s Sys=0.00s Real=0.01s
[93.573s][info][gc,start       ] GC(870) Pause Young (Allocation Failure)
[93.579s][info][gc,heap        ] GC(870) DefNew: 588404K(629120K)->33824K(629120K) Eden: 557829K(559232K)->0K(559232K) From: 30575K(69888K)->33824K(69888K)
[93.579s][info][gc,heap        ] GC(870) Tenured: 969090K(1398144K)->969090K(1398144K)
[93.579s][info][gc,metaspace   ] GC(870) Metaspace: 130188K(131904K)->130188K(131904K) NonClass: 113372K(114112K)->113372K(114112K) Class: 16815K(17792K)->16815K(17792K)
[93.579s][info][gc             ] GC(870) Pause Young (Allocation Failure) 1520M->979M(1979M) 6.572ms
[93.579s][info][gc,cpu         ] GC(870) User=0.00s Sys=0.00s Real=0.00s
[93.636s][info][gc,start       ] GC(871) Pause Young (Allocation Failure)
[93.642s][info][gc,heap        ] GC(871) DefNew: 593056K(629120K)->39549K(629120K) Eden: 559232K(559232K)->0K(559232K) From: 33824K(69888K)->39549K(69888K)
[93.642s][info][gc,heap        ] GC(871) Tenured: 969090K(1398144K)->969090K(1398144K)
[93.642s][info][gc,metaspace   ] GC(871) Metaspace: 130188K(131904K)->130188K(131904K) NonClass: 113372K(114112K)->113372K(114112K) Class: 16815K(17792K)->16815K(17792K)
[93.642s][info][gc             ] GC(871) Pause Young (Allocation Failure) 1525M->985M(1979M) 6.967ms
[93.643s][info][gc,cpu         ] GC(871) User=0.00s Sys=0.00s Real=0.00s
[93.699s][info][gc,start       ] GC(872) Pause Young (Allocation Failure)
[93.707s][info][gc,heap        ] GC(872) DefNew: 598781K(629120K)->45722K(629120K) Eden: 559232K(559232K)->0K(559232K) From: 39549K(69888K)->45722K(69888K)
[93.707s][info][gc,heap        ] GC(872) Tenured: 969090K(1398144K)->974769K(1398144K)
[93.707s][info][gc,metaspace   ] GC(872) Metaspace: 130188K(131904K)->130188K(131904K) NonClass: 113372K(114112K)->113372K(114112K) Class: 16815K(17792K)->16815K(17792K)
[93.707s][info][gc             ] GC(872) Pause Young (Allocation Failure) 1531M->996M(1979M) 8.441ms
[93.707s][info][gc,cpu         ] GC(872) User=0.00s Sys=0.00s Real=0.02s
[93.763s][info][gc,start       ] GC(873) Pause Young (Allocation Failure)
[93.769s][info][gc,heap        ] GC(873) DefNew: 604954K(629120K)->29478K(629120K) Eden: 559232K(559232K)->0K(559232K) From: 45722K(69888K)->29478K(69888K)
[93.769s][info][gc,heap        ] GC(873) Tenured: 974769K(1398144K)->987369K(1398144K)
[93.769s][info][gc,metaspace   ] GC(873) Metaspace: 130188K(131904K)->130188K(131904K) NonClass: 113372K(114112K)->113372K(114112K) Class: 16815K(17792K)->16815K(17792K)
[93.769s][info][gc             ] GC(873) Pause Young (Allocation Failure) 1542M->993M(1979M) 6.192ms
[93.769s][info][gc,cpu         ] GC(873) User=0.00s Sys=0.00s Real=0.00s
[93.825s][info][gc,start       ] GC(874) Pause Young (Allocation Failure)
[93.830s][info][gc,heap        ] GC(874) DefNew: 588710K(629120K)->35336K(629120K) Eden: 559232K(559232K)->0K(559232K) From: 29478K(69888K)->35336K(69888K)
[93.830s][info][gc,heap        ] GC(874) Tenured: 987369K(1398144K)->987369K(1398144K)
[93.830s][info][gc,metaspace   ] GC(874) Metaspace: 130188K(131904K)->130188K(131904K) NonClass: 113372K(114112K)->113372K(114112K) Class: 16815K(17792K)->16815K(17792K)
[93.830s][info][gc             ] GC(874) Pause Young (Allocation Failure) 1539M->998M(1979M) 5.187ms
[93.830s][info][gc,cpu         ] GC(874) User=0.00s Sys=0.00s Real=0.00s
[93.885s][info][gc,start       ] GC(875) Pause Young (Allocation Failure)
[93.891s][info][gc,heap        ] GC(875) DefNew: 594568K(629120K)->29456K(629120K) Eden: 559232K(559232K)->0K(559232K) From: 35336K(69888K)->29456K(69888K)
[93.891s][info][gc,heap        ] GC(875) Tenured: 987369K(1398144K)->995563K(1398144K)
[93.891s][info][gc,metaspace   ] GC(875) Metaspace: 130188K(131904K)->130188K(131904K) NonClass: 113372K(114112K)->113372K(114112K) Class: 16815K(17792K)->16815K(17792K)
[93.891s][info][gc             ] GC(875) Pause Young (Allocation Failure) 1544M->1000M(1979M) 5.397ms
[93.891s][info][gc,cpu         ] GC(875) User=0.00s Sys=0.00s Real=0.00s
[93.947s][info][gc,start       ] GC(876) Pause Young (Allocation Failure)
[93.952s][info][gc,heap        ] GC(876) DefNew: 588688K(629120K)->35518K(629120K) Eden: 559232K(559232K)->0K(559232K) From: 29456K(69888K)->35518K(69888K)
[93.952s][info][gc,heap        ] GC(876) Tenured: 995563K(1398144K)->995563K(1398144K)
[93.952s][info][gc,metaspace   ] GC(876) Metaspace: 130188K(131904K)->130188K(131904K) NonClass: 113372K(114112K)->113372K(114112K) Class: 16815K(17792K)->16815K(17792K)
[93.952s][info][gc             ] GC(876) Pause Young (Allocation Failure) 1547M->1006M(1979M) 5.316ms
[93.952s][info][gc,cpu         ] GC(876) User=0.00s Sys=0.00s Real=0.00s
[94.017s][info][gc,start       ] GC(877) Pause Young (Allocation Failure)
[94.023s][info][gc,heap        ] GC(877) DefNew: 594750K(629120K)->34645K(629120K) Eden: 559232K(559232K)->0K(559232K) From: 35518K(69888K)->34645K(69888K)
[94.023s][info][gc,heap        ] GC(877) Tenured: 995563K(1398144K)->1003757K(1398144K)
[94.023s][info][gc,metaspace   ] GC(877) Metaspace: 130189K(131904K)->130189K(131904K) NonClass: 113374K(114112K)->113374K(114112K) Class: 16815K(17792K)->16815K(17792K)
[94.023s][info][gc             ] GC(877) Pause Young (Allocation Failure) 1553M->1014M(1979M) 6.373ms
[94.023s][info][gc,cpu         ] GC(877) User=0.00s Sys=0.00s Real=0.00s
[94.116s][info][gc,start       ] GC(878) Pause Young (Allocation Failure)
[94.122s][info][gc,heap        ] GC(878) DefNew: 593877K(629120K)->46310K(629120K) Eden: 559232K(559232K)->0K(559232K) From: 34645K(69888K)->46310K(69888K)
[94.123s][info][gc,heap        ] GC(878) Tenured: 1003757K(1398144K)->1003757K(1398144K)
[94.123s][info][gc,metaspace   ] GC(878) Metaspace: 130190K(131904K)->130190K(131904K) NonClass: 113375K(114112K)->113375K(114112K) Class: 16815K(17792K)->16815K(17792K)
[94.123s][info][gc             ] GC(878) Pause Young (Allocation Failure) 1560M->1025M(1979M) 6.892ms
[94.123s][info][gc,cpu         ] GC(878) User=0.00s Sys=0.00s Real=0.00s
[94.214s][info][gc,start       ] GC(879) Pause Young (Allocation Failure)
[94.221s][info][gc,heap        ] GC(879) DefNew: 605542K(629120K)->48661K(629120K) Eden: 559232K(559232K)->0K(559232K) From: 46310K(69888K)->48661K(69888K)
[94.221s][info][gc,heap        ] GC(879) Tenured: 1003757K(1398144K)->1016050K(1398144K)
[94.221s][info][gc,metaspace   ] GC(879) Metaspace: 130190K(131904K)->130190K(131904K) NonClass: 113375K(114112K)->113375K(114112K) Class: 16815K(17792K)->16815K(17792K)
[94.221s][info][gc             ] GC(879) Pause Young (Allocation Failure) 1571M->1039M(1979M) 7.866ms
[94.221s][info][gc,cpu         ] GC(879) User=0.02s Sys=0.00s Real=0.00s
[94.310s][info][gc,start       ] GC(880) Pause Young (Allocation Failure)
[94.317s][info][gc,heap        ] GC(880) DefNew: 601886K(629120K)->31017K(629120K) Eden: 553224K(559232K)->0K(559232K) From: 48661K(69888K)->31017K(69888K)
[94.317s][info][gc,heap        ] GC(880) Tenured: 1016050K(1398144K)->1045204K(1398144K)
[94.317s][info][gc,metaspace   ] GC(880) Metaspace: 130190K(131904K)->130190K(131904K) NonClass: 113375K(114112K)->113375K(114112K) Class: 16815K(17792K)->16815K(17792K)
[94.317s][info][gc             ] GC(880) Pause Young (Allocation Failure) 1580M->1050M(1979M) 7.685ms
[94.317s][info][gc,cpu         ] GC(880) User=0.00s Sys=0.00s Real=0.02s
[94.406s][info][gc,start       ] GC(881) Pause Young (Allocation Failure)
[94.412s][info][gc,heap        ] GC(881) DefNew: 590249K(629120K)->43490K(629120K) Eden: 559232K(559232K)->0K(559232K) From: 31017K(69888K)->43490K(69888K)
[94.412s][info][gc,heap        ] GC(881) Tenured: 1045204K(1398144K)->1045204K(1398144K)
[94.412s][info][gc,metaspace   ] GC(881) Metaspace: 130190K(131904K)->130190K(131904K) NonClass: 113375K(114112K)->113375K(114112K) Class: 16815K(17792K)->16815K(17792K)
[94.412s][info][gc             ] GC(881) Pause Young (Allocation Failure) 1597M->1063M(1979M) 5.926ms
[94.412s][info][gc,cpu         ] GC(881) User=0.00s Sys=0.00s Real=0.00s
[94.502s][info][gc,start       ] GC(882) Pause Young (Allocation Failure)
[94.509s][info][gc,heap        ] GC(882) DefNew: 602195K(629120K)->47333K(629120K) Eden: 558705K(559232K)->0K(559232K) From: 43490K(69888K)->47333K(69888K)
[94.509s][info][gc,heap        ] GC(882) Tenured: 1045204K(1398144K)->1057497K(1398144K)
[94.509s][info][gc,metaspace   ] GC(882) Metaspace: 130190K(131904K)->130190K(131904K) NonClass: 113375K(114112K)->113375K(114112K) Class: 16815K(17792K)->16815K(17792K)
[94.509s][info][gc             ] GC(882) Pause Young (Allocation Failure) 1608M->1078M(1979M) 7.337ms
[94.509s][info][gc,cpu         ] GC(882) User=0.00s Sys=0.00s Real=0.00s
[94.599s][info][gc,start       ] GC(883) Pause Young (Allocation Failure)
[94.606s][info][gc,heap        ] GC(883) DefNew: 605323K(629120K)->29443K(629120K) Eden: 557989K(559232K)->0K(559232K) From: 47333K(69888K)->29443K(69888K)
[94.606s][info][gc,heap        ] GC(883) Tenured: 1057497K(1398144K)->1086178K(1398144K)
[94.606s][info][gc,metaspace   ] GC(883) Metaspace: 130190K(131904K)->130190K(131904K) NonClass: 113375K(114112K)->113375K(114112K) Class: 16815K(17792K)->16815K(17792K)
[94.606s][info][gc             ] GC(883) Pause Young (Allocation Failure) 1623M->1089M(1979M) 7.289ms
[94.606s][info][gc,cpu         ] GC(883) User=0.00s Sys=0.00s Real=0.00s
[94.697s][info][gc,start       ] GC(884) Pause Young (Allocation Failure)
[94.702s][info][gc,heap        ] GC(884) DefNew: 588675K(629120K)->38576K(629120K) Eden: 559232K(559232K)->0K(559232K) From: 29443K(69888K)->38576K(69888K)
[94.702s][info][gc,heap        ] GC(884) Tenured: 1086178K(1398144K)->1086178K(1398144K)
[94.702s][info][gc,metaspace   ] GC(884) Metaspace: 130190K(131904K)->130190K(131904K) NonClass: 113375K(114112K)->113375K(114112K) Class: 16815K(17792K)->16815K(17792K)
[94.703s][info][gc             ] GC(884) Pause Young (Allocation Failure) 1635M->1098M(1979M) 5.643ms
[94.703s][info][gc,cpu         ] GC(884) User=0.00s Sys=0.00s Real=0.00s
[94.787s][info][gc,start       ] GC(885) Pause Young (Allocation Failure)
[94.793s][info][gc,heap        ] GC(885) DefNew: 597808K(629120K)->39152K(629120K) Eden: 559232K(559232K)->0K(559232K) From: 38576K(69888K)->39152K(69888K)
[94.793s][info][gc,heap        ] GC(885) Tenured: 1086178K(1398144K)->1094391K(1398144K)
[94.793s][info][gc,metaspace   ] GC(885) Metaspace: 130190K(131904K)->130190K(131904K) NonClass: 113375K(114112K)->113375K(114112K) Class: 16815K(17792K)->16815K(17792K)
[94.793s][info][gc             ] GC(885) Pause Young (Allocation Failure) 1644M->1106M(1979M) 6.517ms
[94.793s][info][gc,cpu         ] GC(885) User=0.00s Sys=0.00s Real=0.00s
[94.881s][info][gc,start       ] GC(886) Pause Young (Allocation Failure)
[94.888s][info][gc,heap        ] GC(886) DefNew: 598384K(629120K)->32038K(629120K) Eden: 559232K(559232K)->0K(559232K) From: 39152K(69888K)->32038K(69888K)
[94.888s][info][gc,heap        ] GC(886) Tenured: 1094391K(1398144K)->1110761K(1398144K)
[94.888s][info][gc,metaspace   ] GC(886) Metaspace: 130190K(131904K)->130190K(131904K) NonClass: 113375K(114112K)->113375K(114112K) Class: 16815K(17792K)->16815K(17792K)
[94.888s][info][gc             ] GC(886) Pause Young (Allocation Failure) 1653M->1116M(1979M) 6.715ms
[94.888s][info][gc,cpu         ] GC(886) User=0.00s Sys=0.00s Real=0.00s
[94.975s][info][gc,start       ] GC(887) Pause Young (Allocation Failure)
[94.981s][info][gc,heap        ] GC(887) DefNew: 588664K(629120K)->42334K(629120K) Eden: 556625K(559232K)->0K(559232K) From: 32038K(69888K)->42334K(69888K)
[94.981s][info][gc,heap        ] GC(887) Tenured: 1110761K(1398144K)->1110761K(1398144K)
[94.981s][info][gc,metaspace   ] GC(887) Metaspace: 130190K(131904K)->130190K(131904K) NonClass: 113375K(114112K)->113375K(114112K) Class: 16815K(17792K)->16815K(17792K)
[94.981s][info][gc             ] GC(887) Pause Young (Allocation Failure) 1659M->1126M(1979M) 6.109ms
[94.981s][info][gc,cpu         ] GC(887) User=0.00s Sys=0.00s Real=0.00s
[95.069s][info][gc,start       ] GC(888) Pause Young (Allocation Failure)
[95.075s][info][gc,heap        ] GC(888) DefNew: 601566K(629120K)->31916K(629120K) Eden: 559232K(559232K)->0K(559232K) From: 42334K(69888K)->31916K(69888K)
[95.075s][info][gc,heap        ] GC(888) Tenured: 1110761K(1398144K)->1123100K(1398144K)
[95.075s][info][gc,metaspace   ] GC(888) Metaspace: 130190K(131904K)->130190K(131904K) NonClass: 113375K(114112K)->113375K(114112K) Class: 16815K(17792K)->16815K(17792K)
[95.075s][info][gc             ] GC(888) Pause Young (Allocation Failure) 1672M->1127M(1979M) 6.168ms
[95.075s][info][gc,cpu         ] GC(888) User=0.00s Sys=0.00s Real=0.00s
[95.165s][info][gc,start       ] GC(889) Pause Young (Allocation Failure)
[95.170s][info][gc,heap        ] GC(889) DefNew: 591148K(629120K)->40959K(629120K) Eden: 559232K(559232K)->0K(559232K) From: 31916K(69888K)->40959K(69888K)
[95.171s][info][gc,heap        ] GC(889) Tenured: 1123100K(1398144K)->1123100K(1398144K)
[95.171s][info][gc,metaspace   ] GC(889) Metaspace: 130190K(131904K)->130190K(131904K) NonClass: 113375K(114112K)->113375K(114112K) Class: 16815K(17792K)->16815K(17792K)
[95.171s][info][gc             ] GC(889) Pause Young (Allocation Failure) 1674M->1136M(1979M) 6.057ms
[95.171s][info][gc,cpu         ] GC(889) User=0.00s Sys=0.00s Real=0.00s
[95.260s][info][gc,start       ] GC(890) Pause Young (Allocation Failure)
[95.267s][info][gc,heap        ] GC(890) DefNew: 600191K(629120K)->41361K(629120K) Eden: 559232K(559232K)->0K(559232K) From: 40959K(69888K)->41361K(69888K)
[95.267s][info][gc,heap        ] GC(890) Tenured: 1123100K(1398144K)->1135393K(1398144K)
[95.267s][info][gc,metaspace   ] GC(890) Metaspace: 130190K(131904K)->130190K(131904K) NonClass: 113375K(114112K)->113375K(114112K) Class: 16815K(17792K)->16815K(17792K)
[95.267s][info][gc             ] GC(890) Pause Young (Allocation Failure) 1682M->1149M(1979M) 7.208ms
[95.267s][info][gc,cpu         ] GC(890) User=0.00s Sys=0.00s Real=0.00s
[95.354s][info][gc,start       ] GC(891) Pause Young (Allocation Failure)
[95.360s][info][gc,heap        ] GC(891) DefNew: 600593K(629120K)->29445K(629120K) Eden: 559232K(559232K)->0K(559232K) From: 41361K(69888K)->29445K(69888K)
[95.360s][info][gc,heap        ] GC(891) Tenured: 1135393K(1398144K)->1147685K(1398144K)
[95.360s][info][gc,metaspace   ] GC(891) Metaspace: 130190K(131904K)->130190K(131904K) NonClass: 113375K(114112K)->113375K(114112K) Class: 16815K(17792K)->16815K(17792K)
[95.360s][info][gc             ] GC(891) Pause Young (Allocation Failure) 1695M->1149M(1979M) 5.830ms
[95.360s][info][gc,cpu         ] GC(891) User=0.00s Sys=0.00s Real=0.00s
[95.450s][info][gc,start       ] GC(892) Pause Young (Allocation Failure)
[95.456s][info][gc,heap        ] GC(892) DefNew: 588677K(629120K)->36003K(629120K) Eden: 559232K(559232K)->0K(559232K) From: 29445K(69888K)->36003K(69888K)
[95.456s][info][gc,heap        ] GC(892) Tenured: 1147685K(1398144K)->1147685K(1398144K)
[95.456s][info][gc,metaspace   ] GC(892) Metaspace: 130190K(131904K)->130190K(131904K) NonClass: 113375K(114112K)->113375K(114112K) Class: 16815K(17792K)->16815K(17792K)
[95.456s][info][gc             ] GC(892) Pause Young (Allocation Failure) 1695M->1155M(1979M) 6.117ms
[95.456s][info][gc,cpu         ] GC(892) User=0.00s Sys=0.00s Real=0.00s
[95.543s][info][gc,start       ] GC(893) Pause Young (Allocation Failure)
[95.548s][info][gc,heap        ] GC(893) DefNew: 595235K(629120K)->24636K(629120K) Eden: 559232K(559232K)->0K(559232K) From: 36003K(69888K)->24636K(69888K)
[95.548s][info][gc,heap        ] GC(893) Tenured: 1147685K(1398144K)->1155879K(1398144K)
[95.548s][info][gc,metaspace   ] GC(893) Metaspace: 130192K(131904K)->130192K(131904K) NonClass: 113376K(114112K)->113376K(114112K) Class: 16815K(17792K)->16815K(17792K)
[95.548s][info][gc             ] GC(893) Pause Young (Allocation Failure) 1702M->1152M(1979M) 5.247ms
[95.548s][info][gc,cpu         ] GC(893) User=0.00s Sys=0.00s Real=0.00s
[95.630s][info][gc,start       ] GC(894) Pause Young (Allocation Failure)
[95.635s][info][gc,heap        ] GC(894) DefNew: 583868K(629120K)->26286K(629120K) Eden: 559232K(559232K)->0K(559232K) From: 24636K(69888K)->26286K(69888K)
[95.635s][info][gc,heap        ] GC(894) Tenured: 1155879K(1398144K)->1155879K(1398144K)
[95.635s][info][gc,metaspace   ] GC(894) Metaspace: 130192K(131904K)->130192K(131904K) NonClass: 113376K(114112K)->113376K(114112K) Class: 16815K(17792K)->16815K(17792K)
[95.635s][info][gc             ] GC(894) Pause Young (Allocation Failure) 1698M->1154M(1979M) 4.286ms
[95.635s][info][gc,cpu         ] GC(894) User=0.00s Sys=0.00s Real=0.01s
[95.718s][info][gc,start       ] GC(895) Pause Young (Allocation Failure)
[95.722s][info][gc,heap        ] GC(895) DefNew: 585518K(629120K)->27855K(629120K) Eden: 559232K(559232K)->0K(559232K) From: 26286K(69888K)->27855K(69888K)
[95.723s][info][gc,heap        ] GC(895) Tenured: 1155879K(1398144K)->1155879K(1398144K)
[95.723s][info][gc,metaspace   ] GC(895) Metaspace: 130192K(131904K)->130192K(131904K) NonClass: 113376K(114112K)->113376K(114112K) Class: 16815K(17792K)->16815K(17792K)
[95.723s][info][gc             ] GC(895) Pause Young (Allocation Failure) 1700M->1155M(1979M) 4.795ms
[95.723s][info][gc,cpu         ] GC(895) User=0.02s Sys=0.00s Real=0.00s
[95.809s][info][gc,start       ] GC(896) Pause Young (Allocation Failure)
[95.814s][info][gc,heap        ] GC(896) DefNew: 587087K(629120K)->30926K(629120K) Eden: 559232K(559232K)->0K(559232K) From: 27855K(69888K)->30926K(69888K)
[95.814s][info][gc,heap        ] GC(896) Tenured: 1155879K(1398144K)->1155879K(1398144K)
[95.814s][info][gc,metaspace   ] GC(896) Metaspace: 130192K(131904K)->130192K(131904K) NonClass: 113376K(114112K)->113376K(114112K) Class: 16815K(17792K)->16815K(17792K)
[95.814s][info][gc             ] GC(896) Pause Young (Allocation Failure) 1702M->1158M(1979M) 5.182ms
[95.814s][info][gc,cpu         ] GC(896) User=0.00s Sys=0.00s Real=0.00s
[95.899s][info][gc,start       ] GC(897) Pause Young (Allocation Failure)
[95.905s][info][gc,heap        ] GC(897) DefNew: 590158K(629120K)->33600K(629120K) Eden: 559232K(559232K)->0K(559232K) From: 30926K(69888K)->33600K(69888K)
[95.905s][info][gc,heap        ] GC(897) Tenured: 1155879K(1398144K)->1155879K(1398144K)
[95.905s][info][gc,metaspace   ] GC(897) Metaspace: 130192K(131904K)->130192K(131904K) NonClass: 113376K(114112K)->113376K(114112K) Class: 16815K(17792K)->16815K(17792K)
[95.905s][info][gc             ] GC(897) Pause Young (Allocation Failure) 1705M->1161M(1979M) 5.109ms
[95.905s][info][gc,cpu         ] GC(897) User=0.00s Sys=0.00s Real=0.00s
[95.992s][info][gc,start       ] GC(898) Pause Young (Allocation Failure)
[95.997s][info][gc,heap        ] GC(898) DefNew: 592832K(629120K)->38297K(629120K) Eden: 559232K(559232K)->0K(559232K) From: 33600K(69888K)->38297K(69888K)
[95.997s][info][gc,heap        ] GC(898) Tenured: 1155879K(1398144K)->1155879K(1398144K)
[95.997s][info][gc,metaspace   ] GC(898) Metaspace: 130192K(131904K)->130192K(131904K) NonClass: 113376K(114112K)->113376K(114112K) Class: 16815K(17792K)->16815K(17792K)
[95.997s][info][gc             ] GC(898) Pause Young (Allocation Failure) 1707M->1166M(1979M) 5.597ms
[95.997s][info][gc,cpu         ] GC(898) User=0.00s Sys=0.00s Real=0.01s
[96.085s][info][gc,start       ] GC(899) Pause Young (Allocation Failure)
[96.091s][info][gc,heap        ] GC(899) DefNew: 597529K(629120K)->25505K(629120K) Eden: 559232K(559232K)->0K(559232K) From: 38297K(69888K)->25505K(69888K)
[96.091s][info][gc,heap        ] GC(899) Tenured: 1155879K(1398144K)->1159975K(1398144K)
[96.091s][info][gc,metaspace   ] GC(899) Metaspace: 130193K(131904K)->130193K(131904K) NonClass: 113378K(114112K)->113378K(114112K) Class: 16815K(17792K)->16815K(17792K)
[96.091s][info][gc             ] GC(899) Pause Young (Allocation Failure) 1712M->1157M(1979M) 5.553ms
[96.091s][info][gc,cpu         ] GC(899) User=0.00s Sys=0.00s Real=0.02s
[96.179s][info][gc,start       ] GC(900) Pause Young (Allocation Failure)
[96.184s][info][gc,heap        ] GC(900) DefNew: 584737K(629120K)->31076K(629120K) Eden: 559232K(559232K)->0K(559232K) From: 25505K(69888K)->31076K(69888K)
[96.184s][info][gc,heap        ] GC(900) Tenured: 1159975K(1398144K)->1159975K(1398144K)
[96.184s][info][gc,metaspace   ] GC(900) Metaspace: 130193K(131904K)->130193K(131904K) NonClass: 113378K(114112K)->113378K(114112K) Class: 16815K(17792K)->16815K(17792K)
[96.184s][info][gc             ] GC(900) Pause Young (Allocation Failure) 1703M->1163M(1979M) 5.015ms
[96.184s][info][gc,cpu         ] GC(900) User=0.00s Sys=0.00s Real=0.02s
[96.272s][info][gc,start       ] GC(901) Pause Young (Allocation Failure)
[96.277s][info][gc,heap        ] GC(901) DefNew: 590308K(629120K)->30976K(629120K) Eden: 559232K(559232K)->0K(559232K) From: 31076K(69888K)->30976K(69888K)
[96.277s][info][gc,heap        ] GC(901) Tenured: 1159975K(1398144K)->1159975K(1398144K)
[96.277s][info][gc,metaspace   ] GC(901) Metaspace: 130193K(131904K)->130193K(131904K) NonClass: 113378K(114112K)->113378K(114112K) Class: 16815K(17792K)->16815K(17792K)
[96.277s][info][gc             ] GC(901) Pause Young (Allocation Failure) 1709M->1163M(1979M) 5.272ms
[96.277s][info][gc,cpu         ] GC(901) User=0.00s Sys=0.00s Real=0.02s
[96.365s][info][gc,start       ] GC(902) Pause Young (Allocation Failure)
[96.370s][info][gc,heap        ] GC(902) DefNew: 590208K(629120K)->27156K(629120K) Eden: 559232K(559232K)->0K(559232K) From: 30976K(69888K)->27156K(69888K)
[96.370s][info][gc,heap        ] GC(902) Tenured: 1159975K(1398144K)->1159975K(1398144K)
[96.370s][info][gc,metaspace   ] GC(902) Metaspace: 130193K(131904K)->130193K(131904K) NonClass: 113378K(114112K)->113378K(114112K) Class: 16815K(17792K)->16815K(17792K)
[96.370s][info][gc             ] GC(902) Pause Young (Allocation Failure) 1709M->1159M(1979M) 4.803ms
[96.370s][info][gc,cpu         ] GC(902) User=0.00s Sys=0.00s Real=0.02s
[96.457s][info][gc,start       ] GC(903) Pause Young (Allocation Failure)
[96.462s][info][gc,heap        ] GC(903) DefNew: 586388K(629120K)->34194K(629120K) Eden: 559232K(559232K)->0K(559232K) From: 27156K(69888K)->34194K(69888K)
[96.462s][info][gc,heap        ] GC(903) Tenured: 1159975K(1398144K)->1159975K(1398144K)
[96.462s][info][gc,metaspace   ] GC(903) Metaspace: 130193K(131904K)->130193K(131904K) NonClass: 113378K(114112K)->113378K(114112K) Class: 16815K(17792K)->16815K(17792K)
[96.462s][info][gc             ] GC(903) Pause Young (Allocation Failure) 1705M->1166M(1979M) 5.127ms
[96.462s][info][gc,cpu         ] GC(903) User=0.00s Sys=0.00s Real=0.00s
[96.551s][info][gc,start       ] GC(904) Pause Young (Allocation Failure)
[96.555s][info][gc,heap        ] GC(904) DefNew: 593426K(629120K)->25110K(629120K) Eden: 559232K(559232K)->0K(559232K) From: 34194K(69888K)->25110K(69888K)
[96.555s][info][gc,heap        ] GC(904) Tenured: 1159975K(1398144K)->1159975K(1398144K)
[96.555s][info][gc,metaspace   ] GC(904) Metaspace: 130193K(131904K)->130193K(131904K) NonClass: 113378K(114112K)->113378K(114112K) Class: 16815K(17792K)->16815K(17792K)
[96.555s][info][gc             ] GC(904) Pause Young (Allocation Failure) 1712M->1157M(1979M) 4.318ms
[96.555s][info][gc,cpu         ] GC(904) User=0.00s Sys=0.00s Real=0.00s
[96.644s][info][gc,start       ] GC(905) Pause Young (Allocation Failure)
[96.649s][info][gc,heap        ] GC(905) DefNew: 584342K(629120K)->29501K(629120K) Eden: 559232K(559232K)->0K(559232K) From: 25110K(69888K)->29501K(69888K)
[96.649s][info][gc,heap        ] GC(905) Tenured: 1159975K(1398144K)->1159975K(1398144K)
[96.649s][info][gc,metaspace   ] GC(905) Metaspace: 130193K(131904K)->130193K(131904K) NonClass: 113378K(114112K)->113378K(114112K) Class: 16815K(17792K)->16815K(17792K)
[96.649s][info][gc             ] GC(905) Pause Young (Allocation Failure) 1703M->1161M(1979M) 4.779ms
[96.649s][info][gc,cpu         ] GC(905) User=0.00s Sys=0.00s Real=0.00s
[96.737s][info][gc,start       ] GC(906) Pause Young (Allocation Failure)
[96.742s][info][gc,heap        ] GC(906) DefNew: 588733K(629120K)->19666K(629120K) Eden: 559232K(559232K)->0K(559232K) From: 29501K(69888K)->19666K(69888K)
[96.742s][info][gc,heap        ] GC(906) Tenured: 1159975K(1398144K)->1168170K(1398144K)
[96.742s][info][gc,metaspace   ] GC(906) Metaspace: 130193K(131904K)->130193K(131904K) NonClass: 113378K(114112K)->113378K(114112K) Class: 16815K(17792K)->16815K(17792K)
[96.742s][info][gc             ] GC(906) Pause Young (Allocation Failure) 1707M->1159M(1979M) 4.599ms
[96.742s][info][gc,cpu         ] GC(906) User=0.00s Sys=0.00s Real=0.00s
[96.829s][info][gc,start       ] GC(907) Pause Young (Allocation Failure)
[96.833s][info][gc,heap        ] GC(907) DefNew: 578898K(629120K)->9898K(629120K) Eden: 559232K(559232K)->0K(559232K) From: 19666K(69888K)->9898K(69888K)
[96.833s][info][gc,heap        ] GC(907) Tenured: 1168170K(1398144K)->1176364K(1398144K)
[96.833s][info][gc,metaspace   ] GC(907) Metaspace: 130193K(131904K)->130193K(131904K) NonClass: 113378K(114112K)->113378K(114112K) Class: 16815K(17792K)->16815K(17792K)
[96.833s][info][gc             ] GC(907) Pause Young (Allocation Failure) 1706M->1158M(1979M) 3.940ms
[96.833s][info][gc,cpu         ] GC(907) User=0.00s Sys=0.00s Real=0.00s
[96.919s][info][gc,start       ] GC(908) Pause Young (Allocation Failure)
[96.923s][info][gc,heap        ] GC(908) DefNew: 563093K(629120K)->14621K(629120K) Eden: 553194K(559232K)->0K(559232K) From: 9898K(69888K)->14621K(69888K)
[96.923s][info][gc,heap        ] GC(908) Tenured: 1176364K(1398144K)->1176405K(1398144K)
[96.923s][info][gc,metaspace   ] GC(908) Metaspace: 130193K(131904K)->130193K(131904K) NonClass: 113378K(114112K)->113378K(114112K) Class: 16815K(17792K)->16815K(17792K)
[96.923s][info][gc             ] GC(908) Pause Young (Allocation Failure) 1698M->1163M(1979M) 3.627ms
[96.923s][info][gc,cpu         ] GC(908) User=0.00s Sys=0.00s Real=0.02s
[97.010s][info][gc,start       ] GC(909) Pause Young (Allocation Failure)
[97.014s][info][gc,heap        ] GC(909) DefNew: 573853K(629120K)->14834K(629120K) Eden: 559232K(559232K)->0K(559232K) From: 14621K(69888K)->14834K(69888K)
[97.014s][info][gc,heap        ] GC(909) Tenured: 1176405K(1398144K)->1176405K(1398144K)
[97.014s][info][gc,metaspace   ] GC(909) Metaspace: 130193K(131904K)->130193K(131904K) NonClass: 113378K(114112K)->113378K(114112K) Class: 16815K(17792K)->16815K(17792K)
[97.014s][info][gc             ] GC(909) Pause Young (Allocation Failure) 1709M->1163M(1979M) 3.681ms
[97.014s][info][gc,cpu         ] GC(909) User=0.00s Sys=0.00s Real=0.00s
[97.116s][info][gc,start       ] GC(910) Pause Young (Allocation Failure)
[97.119s][info][gc,heap        ] GC(910) DefNew: 574066K(629120K)->11062K(629120K) Eden: 559232K(559232K)->0K(559232K) From: 14834K(69888K)->11062K(69888K)
[97.119s][info][gc,heap        ] GC(910) Tenured: 1176405K(1398144K)->1176405K(1398144K)
[97.119s][info][gc,metaspace   ] GC(910) Metaspace: 130193K(131904K)->130193K(131904K) NonClass: 113378K(114112K)->113378K(114112K) Class: 16815K(17792K)->16815K(17792K)
[97.119s][info][gc             ] GC(910) Pause Young (Allocation Failure) 1709M->1159M(1979M) 3.188ms
[97.119s][info][gc,cpu         ] GC(910) User=0.00s Sys=0.00s Real=0.00s
[97.283s][info][gc,start       ] GC(911) Pause Full (System.gc())
[97.283s][info][gc,phases,start] GC(911) Phase 1: Mark live objects
[97.337s][info][gc,phases      ] GC(911) Phase 1: Mark live objects 53.927ms
[97.337s][info][gc,phases,start] GC(911) Phase 2: Compute new object addresses
[97.385s][info][gc,phases      ] GC(911) Phase 2: Compute new object addresses 47.934ms
[97.385s][info][gc,phases,start] GC(911) Phase 3: Adjust pointers
[97.414s][info][gc,phases      ] GC(911) Phase 3: Adjust pointers 29.542ms
[97.414s][info][gc,phases,start] GC(911) Phase 4: Move objects
[97.415s][info][gc,phases      ] GC(911) Phase 4: Move objects 0.054ms
[97.415s][info][gc,heap        ] GC(911) DefNew: 289488K(629120K)->0K(629120K) Eden: 278425K(559232K)->0K(559232K) From: 11062K(69888K)->0K(69888K)
[97.415s][info][gc,heap        ] GC(911) Tenured: 1176405K(1398144K)->1016493K(1398144K)
[97.415s][info][gc,metaspace   ] GC(911) Metaspace: 130257K(131968K)->130257K(131968K) NonClass: 113438K(114176K)->113438K(114176K) Class: 16818K(17792K)->16818K(17792K)
[97.415s][info][gc             ] GC(911) Pause Full (System.gc()) 1431M->992M(1979M) 132.250ms
[97.415s][info][gc,cpu         ] GC(911) User=0.12s Sys=0.00s Real=0.12s
[97.550s][info][gc,start       ] GC(912) Pause Young (Allocation Failure)
[97.555s][info][gc,heap        ] GC(912) DefNew: 559232K(629120K)->4950K(629120K) Eden: 559232K(559232K)->0K(559232K) From: 0K(69888K)->4950K(69888K)
[97.555s][info][gc,heap        ] GC(912) Tenured: 1016493K(1398144K)->1016493K(1398144K)
[97.555s][info][gc,metaspace   ] GC(912) Metaspace: 130334K(132032K)->130334K(132032K) NonClass: 113509K(114240K)->113509K(114240K) Class: 16825K(17792K)->16825K(17792K)
[97.555s][info][gc             ] GC(912) Pause Young (Allocation Failure) 1538M->997M(1979M) 4.889ms
[97.555s][info][gc,cpu         ] GC(912) User=0.00s Sys=0.00s Real=0.00s
[97.610s][info][gc,start       ] GC(913) Pause Young (Allocation Failure)
[97.614s][info][gc,heap        ] GC(913) DefNew: 564182K(629120K)->5818K(629120K) Eden: 559232K(559232K)->0K(559232K) From: 4950K(69888K)->5818K(69888K)
[97.614s][info][gc,heap        ] GC(913) Tenured: 1016493K(1398144K)->1016493K(1398144K)
[97.614s][info][gc,metaspace   ] GC(913) Metaspace: 130334K(132032K)->130334K(132032K) NonClass: 113509K(114240K)->113509K(114240K) Class: 16825K(17792K)->16825K(17792K)
[97.614s][info][gc             ] GC(913) Pause Young (Allocation Failure) 1543M->998M(1979M) 3.790ms
[97.614s][info][gc,cpu         ] GC(913) User=0.00s Sys=0.00s Real=0.00s
[97.667s][info][gc,start       ] GC(914) Pause Young (Allocation Failure)
[97.671s][info][gc,heap        ] GC(914) DefNew: 565050K(629120K)->9024K(629120K) Eden: 559232K(559232K)->0K(559232K) From: 5818K(69888K)->9024K(69888K)
[97.671s][info][gc,heap        ] GC(914) Tenured: 1016493K(1398144K)->1016493K(1398144K)
[97.671s][info][gc,metaspace   ] GC(914) Metaspace: 130335K(132032K)->130335K(132032K) NonClass: 113510K(114240K)->113510K(114240K) Class: 16825K(17792K)->16825K(17792K)
[97.671s][info][gc             ] GC(914) Pause Young (Allocation Failure) 1544M->1001M(1979M) 4.120ms
[97.671s][info][gc,cpu         ] GC(914) User=0.00s Sys=0.00s Real=0.02s
[97.726s][info][gc,start       ] GC(915) Pause Young (Allocation Failure)
[97.731s][info][gc,heap        ] GC(915) DefNew: 568256K(629120K)->10392K(629120K) Eden: 559232K(559232K)->0K(559232K) From: 9024K(69888K)->10392K(69888K)
[97.731s][info][gc,heap        ] GC(915) Tenured: 1016493K(1398144K)->1016493K(1398144K)
[97.731s][info][gc,metaspace   ] GC(915) Metaspace: 130335K(132032K)->130335K(132032K) NonClass: 113510K(114240K)->113510K(114240K) Class: 16825K(17792K)->16825K(17792K)
[97.731s][info][gc             ] GC(915) Pause Young (Allocation Failure) 1547M->1002M(1979M) 4.281ms
[97.731s][info][gc,cpu         ] GC(915) User=0.02s Sys=0.00s Real=0.00s
[97.787s][info][gc,start       ] GC(916) Pause Young (Allocation Failure)
[97.792s][info][gc,heap        ] GC(916) DefNew: 569624K(629120K)->13810K(629120K) Eden: 559232K(559232K)->0K(559232K) From: 10392K(69888K)->13810K(69888K)
[97.792s][info][gc,heap        ] GC(916) Tenured: 1016493K(1398144K)->1016493K(1398144K)
[97.792s][info][gc,metaspace   ] GC(916) Metaspace: 130354K(132032K)->130354K(132032K) NonClass: 113526K(114240K)->113526K(114240K) Class: 16827K(17792K)->16827K(17792K)
[97.792s][info][gc             ] GC(916) Pause Young (Allocation Failure) 1548M->1006M(1979M) 4.940ms
[97.792s][info][gc,cpu         ] GC(916) User=0.00s Sys=0.00s Real=0.00s
[97.848s][info][gc,start       ] GC(917) Pause Young (Allocation Failure)
[97.853s][info][gc,heap        ] GC(917) DefNew: 573042K(629120K)->19091K(629120K) Eden: 559232K(559232K)->0K(559232K) From: 13810K(69888K)->19091K(69888K)
[97.853s][info][gc,heap        ] GC(917) Tenured: 1016493K(1398144K)->1016493K(1398144K)
[97.853s][info][gc,metaspace   ] GC(917) Metaspace: 130354K(132032K)->130354K(132032K) NonClass: 113526K(114240K)->113526K(114240K) Class: 16827K(17792K)->16827K(17792K)
[97.853s][info][gc             ] GC(917) Pause Young (Allocation Failure) 1552M->1011M(1979M) 5.216ms
[97.853s][info][gc,cpu         ] GC(917) User=0.00s Sys=0.00s Real=0.00s
[97.909s][info][gc,start       ] GC(918) Pause Young (Allocation Failure)
[97.915s][info][gc,heap        ] GC(918) DefNew: 578323K(629120K)->28630K(629120K) Eden: 559232K(559232K)->0K(559232K) From: 19091K(69888K)->28630K(69888K)
[97.915s][info][gc,heap        ] GC(918) Tenured: 1016493K(1398144K)->1016493K(1398144K)
[97.915s][info][gc,metaspace   ] GC(918) Metaspace: 130354K(132032K)->130354K(132032K) NonClass: 113526K(114240K)->113526K(114240K) Class: 16827K(17792K)->16827K(17792K)
[97.915s][info][gc             ] GC(918) Pause Young (Allocation Failure) 1557M->1020M(1979M) 6.256ms
[97.915s][info][gc,cpu         ] GC(918) User=0.00s Sys=0.00s Real=0.00s
[97.971s][info][gc,start       ] GC(919) Pause Young (Allocation Failure)
[97.977s][info][gc,heap        ] GC(919) DefNew: 587862K(629120K)->27270K(629120K) Eden: 559232K(559232K)->0K(559232K) From: 28630K(69888K)->27270K(69888K)
[97.977s][info][gc,heap        ] GC(919) Tenured: 1016493K(1398144K)->1016493K(1398144K)
[97.977s][info][gc,metaspace   ] GC(919) Metaspace: 130354K(132032K)->130354K(132032K) NonClass: 113526K(114240K)->113526K(114240K) Class: 16827K(17792K)->16827K(17792K)
[97.977s][info][gc             ] GC(919) Pause Young (Allocation Failure) 1566M->1019M(1979M) 6.008ms
[97.977s][info][gc,cpu         ] GC(919) User=0.00s Sys=0.00s Real=0.00s
[98.033s][info][gc,start       ] GC(920) Pause Young (Allocation Failure)
[98.039s][info][gc,heap        ] GC(920) DefNew: 586502K(629120K)->33720K(629120K) Eden: 559232K(559232K)->0K(559232K) From: 27270K(69888K)->33720K(69888K)
[98.039s][info][gc,heap        ] GC(920) Tenured: 1016493K(1398144K)->1016493K(1398144K)
[98.039s][info][gc,metaspace   ] GC(920) Metaspace: 130354K(132032K)->130354K(132032K) NonClass: 113526K(114240K)->113526K(114240K) Class: 16827K(17792K)->16827K(17792K)
[98.040s][info][gc             ] GC(920) Pause Young (Allocation Failure) 1565M->1025M(1979M) 6.642ms
[98.040s][info][gc,cpu         ] GC(920) User=0.00s Sys=0.00s Real=0.00s
[98.096s][info][gc,start       ] GC(921) Pause Young (Allocation Failure)
[98.103s][info][gc,heap        ] GC(921) DefNew: 592952K(629120K)->41720K(629120K) Eden: 559232K(559232K)->0K(559232K) From: 33720K(69888K)->41720K(69888K)
[98.103s][info][gc,heap        ] GC(921) Tenured: 1016493K(1398144K)->1016493K(1398144K)
[98.103s][info][gc,metaspace   ] GC(921) Metaspace: 130354K(132032K)->130354K(132032K) NonClass: 113526K(114240K)->113526K(114240K) Class: 16827K(17792K)->16827K(17792K)
[98.103s][info][gc             ] GC(921) Pause Young (Allocation Failure) 1571M->1033M(1979M) 7.534ms
[98.103s][info][gc,cpu         ] GC(921) User=0.02s Sys=0.00s Real=0.00s
[98.161s][info][gc,start       ] GC(922) Pause Young (Allocation Failure)
[98.169s][info][gc,heap        ] GC(922) DefNew: 600952K(629120K)->32134K(629120K) Eden: 559232K(559232K)->0K(559232K) From: 41720K(69888K)->32134K(69888K)
[98.169s][info][gc,heap        ] GC(922) Tenured: 1016493K(1398144K)->1026278K(1398144K)
[98.169s][info][gc,metaspace   ] GC(922) Metaspace: 130354K(132032K)->130354K(132032K) NonClass: 113526K(114240K)->113526K(114240K) Class: 16827K(17792K)->16827K(17792K)
[98.169s][info][gc             ] GC(922) Pause Young (Allocation Failure) 1579M->1033M(1979M) 7.524ms
[98.169s][info][gc,cpu         ] GC(922) User=0.00s Sys=0.00s Real=0.00s
[98.225s][info][gc,start       ] GC(923) Pause Young (Allocation Failure)
[98.231s][info][gc,heap        ] GC(923) DefNew: 591366K(629120K)->40110K(629120K) Eden: 559232K(559232K)->0K(559232K) From: 32134K(69888K)->40110K(69888K)
[98.231s][info][gc,heap        ] GC(923) Tenured: 1026278K(1398144K)->1026278K(1398144K)
[98.231s][info][gc,metaspace   ] GC(923) Metaspace: 130354K(132032K)->130354K(132032K) NonClass: 113526K(114240K)->113526K(114240K) Class: 16827K(17792K)->16827K(17792K)
[98.231s][info][gc             ] GC(923) Pause Young (Allocation Failure) 1579M->1041M(1979M) 6.007ms
[98.231s][info][gc,cpu         ] GC(923) User=0.00s Sys=0.00s Real=0.00s
[98.286s][info][gc,start       ] GC(924) Pause Young (Allocation Failure)
[98.292s][info][gc,heap        ] GC(924) DefNew: 599342K(629120K)->32599K(629120K) Eden: 559232K(559232K)->0K(559232K) From: 40110K(69888K)->32599K(69888K)
[98.292s][info][gc,heap        ] GC(924) Tenured: 1026278K(1398144K)->1034782K(1398144K)
[98.292s][info][gc,metaspace   ] GC(924) Metaspace: 130354K(132032K)->130354K(132032K) NonClass: 113526K(114240K)->113526K(114240K) Class: 16827K(17792K)->16827K(17792K)
[98.292s][info][gc             ] GC(924) Pause Young (Allocation Failure) 1587M->1042M(1979M) 6.146ms
[98.292s][info][gc,cpu         ] GC(924) User=0.00s Sys=0.00s Real=0.00s
[98.347s][info][gc,start       ] GC(925) Pause Young (Allocation Failure)
[98.353s][info][gc,heap        ] GC(925) DefNew: 591831K(629120K)->38249K(629120K) Eden: 559232K(559232K)->0K(559232K) From: 32599K(69888K)->38249K(69888K)
[98.353s][info][gc,heap        ] GC(925) Tenured: 1034782K(1398144K)->1034782K(1398144K)
[98.353s][info][gc,metaspace   ] GC(925) Metaspace: 130354K(132032K)->130354K(132032K) NonClass: 113526K(114240K)->113526K(114240K) Class: 16827K(17792K)->16827K(17792K)
[98.353s][info][gc             ] GC(925) Pause Young (Allocation Failure) 1588M->1047M(1979M) 5.441ms
[98.353s][info][gc,cpu         ] GC(925) User=0.00s Sys=0.00s Real=0.00s
[98.409s][info][gc,start       ] GC(926) Pause Young (Allocation Failure)
[98.415s][info][gc,heap        ] GC(926) DefNew: 597481K(629120K)->40729K(629120K) Eden: 559232K(559232K)->0K(559232K) From: 38249K(69888K)->40729K(69888K)
[98.415s][info][gc,heap        ] GC(926) Tenured: 1034782K(1398144K)->1038879K(1398144K)
[98.415s][info][gc,metaspace   ] GC(926) Metaspace: 130354K(132032K)->130354K(132032K) NonClass: 113526K(114240K)->113526K(114240K) Class: 16827K(17792K)->16827K(17792K)
[98.415s][info][gc             ] GC(926) Pause Young (Allocation Failure) 1594M->1054M(1979M) 6.162ms
[98.415s][info][gc,cpu         ] GC(926) User=0.00s Sys=0.00s Real=0.00s
[98.470s][info][gc,start       ] GC(927) Pause Young (Allocation Failure)
[98.476s][info][gc,heap        ] GC(927) DefNew: 599961K(629120K)->34144K(629120K) Eden: 559232K(559232K)->0K(559232K) From: 40729K(69888K)->34144K(69888K)
[98.476s][info][gc,heap        ] GC(927) Tenured: 1038879K(1398144K)->1047073K(1398144K)
[98.476s][info][gc,metaspace   ] GC(927) Metaspace: 130354K(132032K)->130354K(132032K) NonClass: 113526K(114240K)->113526K(114240K) Class: 16827K(17792K)->16827K(17792K)
[98.476s][info][gc             ] GC(927) Pause Young (Allocation Failure) 1600M->1055M(1979M) 5.843ms
[98.476s][info][gc,cpu         ] GC(927) User=0.00s Sys=0.00s Real=0.00s
[98.537s][info][gc,start       ] GC(928) Pause Young (Allocation Failure)
[98.543s][info][gc,heap        ] GC(928) DefNew: 593376K(629120K)->37404K(629120K) Eden: 559232K(559232K)->0K(559232K) From: 34144K(69888K)->37404K(69888K)
[98.543s][info][gc,heap        ] GC(928) Tenured: 1047073K(1398144K)->1047073K(1398144K)
[98.543s][info][gc,metaspace   ] GC(928) Metaspace: 130356K(132032K)->130356K(132032K) NonClass: 113529K(114240K)->113529K(114240K) Class: 16827K(17792K)->16827K(17792K)
[98.543s][info][gc             ] GC(928) Pause Young (Allocation Failure) 1602M->1059M(1979M) 5.897ms
[98.543s][info][gc,cpu         ] GC(928) User=0.00s Sys=0.00s Real=0.00s
[98.632s][info][gc,start       ] GC(929) Pause Young (Allocation Failure)
[98.639s][info][gc,heap        ] GC(929) DefNew: 596636K(629120K)->48272K(629120K) Eden: 559232K(559232K)->0K(559232K) From: 37404K(69888K)->48272K(69888K)
[98.639s][info][gc,heap        ] GC(929) Tenured: 1047073K(1398144K)->1051171K(1398144K)
[98.639s][info][gc,metaspace   ] GC(929) Metaspace: 130364K(132096K)->130364K(132096K) NonClass: 113537K(114304K)->113537K(114304K) Class: 16827K(17792K)->16827K(17792K)
[98.639s][info][gc             ] GC(929) Pause Young (Allocation Failure) 1605M->1073M(1979M) 6.996ms
[98.639s][info][gc,cpu         ] GC(929) User=0.00s Sys=0.00s Real=0.00s
[98.729s][info][gc,start       ] GC(930) Pause Young (Allocation Failure)
[98.737s][info][gc,heap        ] GC(930) DefNew: 607504K(629120K)->43774K(629120K) Eden: 559232K(559232K)->0K(559232K) From: 48272K(69888K)->43774K(69888K)
[98.737s][info][gc,heap        ] GC(930) Tenured: 1051171K(1398144K)->1067580K(1398144K)
[98.737s][info][gc,metaspace   ] GC(930) Metaspace: 130364K(132096K)->130364K(132096K) NonClass: 113537K(114304K)->113537K(114304K) Class: 16827K(17792K)->16827K(17792K)
[98.737s][info][gc             ] GC(930) Pause Young (Allocation Failure) 1619M->1085M(1979M) 8.120ms
[98.737s][info][gc,cpu         ] GC(930) User=0.00s Sys=0.00s Real=0.01s
[98.826s][info][gc,start       ] GC(931) Pause Young (Allocation Failure)
[98.833s][info][gc,heap        ] GC(931) DefNew: 603006K(629120K)->42948K(629120K) Eden: 559232K(559232K)->0K(559232K) From: 43774K(69888K)->42948K(69888K)
[98.833s][info][gc,heap        ] GC(931) Tenured: 1067580K(1398144K)->1080280K(1398144K)
[98.833s][info][gc,metaspace   ] GC(931) Metaspace: 130364K(132096K)->130364K(132096K) NonClass: 113537K(114304K)->113537K(114304K) Class: 16827K(17792K)->16827K(17792K)
[98.833s][info][gc             ] GC(931) Pause Young (Allocation Failure) 1631M->1096M(1979M) 7.737ms
[98.833s][info][gc,cpu         ] GC(931) User=0.00s Sys=0.00s Real=0.00s
[98.921s][info][gc,start       ] GC(932) Pause Young (Allocation Failure)
[98.929s][info][gc,heap        ] GC(932) DefNew: 602180K(629120K)->46435K(629120K) Eden: 559232K(559232K)->0K(559232K) From: 42948K(69888K)->46435K(69888K)
[98.929s][info][gc,heap        ] GC(932) Tenured: 1080280K(1398144K)->1092618K(1398144K)
[98.929s][info][gc,metaspace   ] GC(932) Metaspace: 130364K(132096K)->130364K(132096K) NonClass: 113537K(114304K)->113537K(114304K) Class: 16827K(17792K)->16827K(17792K)
[98.929s][info][gc             ] GC(932) Pause Young (Allocation Failure) 1643M->1112M(1979M) 7.648ms
[98.929s][info][gc,cpu         ] GC(932) User=0.00s Sys=0.00s Real=0.02s
[99.017s][info][gc,start       ] GC(933) Pause Young (Allocation Failure)
[99.025s][info][gc,heap        ] GC(933) DefNew: 605667K(629120K)->45843K(629120K) Eden: 559232K(559232K)->0K(559232K) From: 46435K(69888K)->45843K(69888K)
[99.025s][info][gc,heap        ] GC(933) Tenured: 1092618K(1398144K)->1104911K(1398144K)
[99.025s][info][gc,metaspace   ] GC(933) Metaspace: 130364K(132096K)->130364K(132096K) NonClass: 113537K(114304K)->113537K(114304K) Class: 16827K(17792K)->16827K(17792K)
[99.025s][info][gc             ] GC(933) Pause Young (Allocation Failure) 1658M->1123M(1979M) 7.296ms
[99.025s][info][gc,cpu         ] GC(933) User=0.00s Sys=0.00s Real=0.00s
[99.114s][info][gc,start       ] GC(934) Pause Young (Allocation Failure)
[99.121s][info][gc,heap        ] GC(934) DefNew: 605075K(629120K)->44089K(629120K) Eden: 559232K(559232K)->0K(559232K) From: 45843K(69888K)->44089K(69888K)
[99.121s][info][gc,heap        ] GC(934) Tenured: 1104911K(1398144K)->1121299K(1398144K)
[99.121s][info][gc,metaspace   ] GC(934) Metaspace: 130364K(132096K)->130364K(132096K) NonClass: 113537K(114304K)->113537K(114304K) Class: 16827K(17792K)->16827K(17792K)
[99.121s][info][gc             ] GC(934) Pause Young (Allocation Failure) 1669M->1138M(1979M) 7.377ms
[99.121s][info][gc,cpu         ] GC(934) User=0.00s Sys=0.00s Real=0.00s
[99.213s][info][gc,start       ] GC(935) Pause Young (Allocation Failure)
[99.220s][info][gc,heap        ] GC(935) DefNew: 603321K(629120K)->27853K(629120K) Eden: 559232K(559232K)->0K(559232K) From: 44089K(69888K)->27853K(69888K)
[99.220s][info][gc,heap        ] GC(935) Tenured: 1121299K(1398144K)->1145882K(1398144K)
[99.220s][info][gc,metaspace   ] GC(935) Metaspace: 130365K(132096K)->130365K(132096K) NonClass: 113538K(114304K)->113538K(114304K) Class: 16827K(17792K)->16827K(17792K)
[99.220s][info][gc             ] GC(935) Pause Young (Allocation Failure) 1684M->1146M(1979M) 6.693ms
[99.220s][info][gc,cpu         ] GC(935) User=0.00s Sys=0.00s Real=0.00s
[99.304s][info][gc,start       ] GC(936) Pause Young (Allocation Failure)
[99.309s][info][gc,heap        ] GC(936) DefNew: 587085K(629120K)->33711K(629120K) Eden: 559232K(559232K)->0K(559232K) From: 27853K(69888K)->33711K(69888K)
[99.309s][info][gc,heap        ] GC(936) Tenured: 1145882K(1398144K)->1145882K(1398144K)
[99.309s][info][gc,metaspace   ] GC(936) Metaspace: 130365K(132096K)->130365K(132096K) NonClass: 113538K(114304K)->113538K(114304K) Class: 16827K(17792K)->16827K(17792K)
[99.309s][info][gc             ] GC(936) Pause Young (Allocation Failure) 1692M->1151M(1979M) 5.013ms
[99.309s][info][gc,cpu         ] GC(936) User=0.00s Sys=0.00s Real=0.00s
[99.395s][info][gc,start       ] GC(937) Pause Young (Allocation Failure)
[99.401s][info][gc,heap        ] GC(937) DefNew: 592943K(629120K)->47375K(629120K) Eden: 559232K(559232K)->0K(559232K) From: 33711K(69888K)->47375K(69888K)
[99.401s][info][gc,heap        ] GC(937) Tenured: 1145882K(1398144K)->1145882K(1398144K)
[99.401s][info][gc,metaspace   ] GC(937) Metaspace: 130365K(132096K)->130365K(132096K) NonClass: 113538K(114304K)->113538K(114304K) Class: 16827K(17792K)->16827K(17792K)
[99.401s][info][gc             ] GC(937) Pause Young (Allocation Failure) 1698M->1165M(1979M) 6.570ms
[99.402s][info][gc,cpu         ] GC(937) User=0.00s Sys=0.00s Real=0.00s
[99.489s][info][gc,start       ] GC(938) Pause Young (Allocation Failure)
[99.496s][info][gc,heap        ] GC(938) DefNew: 604852K(629120K)->29444K(629120K) Eden: 557477K(559232K)->0K(559232K) From: 47375K(69888K)->29444K(69888K)
[99.496s][info][gc,heap        ] GC(938) Tenured: 1145882K(1398144K)->1170514K(1398144K)
[99.496s][info][gc,metaspace   ] GC(938) Metaspace: 130365K(132096K)->130365K(132096K) NonClass: 113538K(114304K)->113538K(114304K) Class: 16827K(17792K)->16827K(17792K)
[99.496s][info][gc             ] GC(938) Pause Young (Allocation Failure) 1709M->1171M(1979M) 6.877ms
[99.496s][info][gc,cpu         ] GC(938) User=0.00s Sys=0.00s Real=0.00s
[99.584s][info][gc,start       ] GC(939) Pause Young (Allocation Failure)
[99.589s][info][gc,heap        ] GC(939) DefNew: 588676K(629120K)->39408K(629120K) Eden: 559232K(559232K)->0K(559232K) From: 29444K(69888K)->39408K(69888K)
[99.589s][info][gc,heap        ] GC(939) Tenured: 1170514K(1398144K)->1170514K(1398144K)
[99.589s][info][gc,metaspace   ] GC(939) Metaspace: 130365K(132096K)->130365K(132096K) NonClass: 113538K(114304K)->113538K(114304K) Class: 16827K(17792K)->16827K(17792K)
[99.589s][info][gc             ] GC(939) Pause Young (Allocation Failure) 1717M->1181M(1979M) 5.319ms
[99.589s][info][gc,cpu         ] GC(939) User=0.00s Sys=0.00s Real=0.00s
[99.677s][info][gc,start       ] GC(940) Pause Young (Allocation Failure)
[99.683s][info][gc,heap        ] GC(940) DefNew: 598640K(629120K)->32762K(629120K) Eden: 559232K(559232K)->0K(559232K) From: 39408K(69888K)->32762K(69888K)
[99.683s][info][gc,heap        ] GC(940) Tenured: 1170514K(1398144K)->1178710K(1398144K)
[99.683s][info][gc,metaspace   ] GC(940) Metaspace: 130365K(132096K)->130365K(132096K) NonClass: 113538K(114304K)->113538K(114304K) Class: 16827K(17792K)->16827K(17792K)
[99.683s][info][gc             ] GC(940) Pause Young (Allocation Failure) 1727M->1183M(1979M) 5.498ms
[99.683s][info][gc,cpu         ] GC(940) User=0.00s Sys=0.00s Real=0.00s
[99.770s][info][gc,start       ] GC(941) Pause Young (Allocation Failure)
[99.776s][info][gc,heap        ] GC(941) DefNew: 591994K(629120K)->41744K(629120K) Eden: 559232K(559232K)->0K(559232K) From: 32762K(69888K)->41744K(69888K)
[99.777s][info][gc,heap        ] GC(941) Tenured: 1178710K(1398144K)->1178710K(1398144K)
[99.777s][info][gc,metaspace   ] GC(941) Metaspace: 130365K(132096K)->130365K(132096K) NonClass: 113538K(114304K)->113538K(114304K) Class: 16827K(17792K)->16827K(17792K)
[99.777s][info][gc             ] GC(941) Pause Young (Allocation Failure) 1729M->1191M(1979M) 6.158ms
[99.777s][info][gc,cpu         ] GC(941) User=0.00s Sys=0.00s Real=0.02s
[99.865s][info][gc,start       ] GC(942) Pause Young (Allocation Failure)
[99.871s][info][gc,heap        ] GC(942) DefNew: 600976K(629120K)->35036K(629120K) Eden: 559232K(559232K)->0K(559232K) From: 41744K(69888K)->35036K(69888K)
[99.871s][info][gc,heap        ] GC(942) Tenured: 1178710K(1398144K)->1191002K(1398144K)
[99.871s][info][gc,metaspace   ] GC(942) Metaspace: 130365K(132096K)->130365K(132096K) NonClass: 113538K(114304K)->113538K(114304K) Class: 16827K(17792K)->16827K(17792K)
[99.872s][info][gc             ] GC(942) Pause Young (Allocation Failure) 1737M->1197M(1979M) 6.210ms
[99.872s][info][gc,cpu         ] GC(942) User=0.02s Sys=0.00s Real=0.02s
[99.962s][info][gc,start       ] GC(943) Pause Young (Allocation Failure)
[99.967s][info][gc,heap        ] GC(943) DefNew: 594268K(629120K)->30388K(629120K) Eden: 559232K(559232K)->0K(559232K) From: 35036K(69888K)->30388K(69888K)
[99.967s][info][gc,heap        ] GC(943) Tenured: 1191002K(1398144K)->1199196K(1398144K)
[99.967s][info][gc,metaspace   ] GC(943) Metaspace: 130365K(132096K)->130365K(132096K) NonClass: 113538K(114304K)->113538K(114304K) Class: 16827K(17792K)->16827K(17792K)
[99.967s][info][gc             ] GC(943) Pause Young (Allocation Failure) 1743M->1200M(1979M) 5.475ms
[99.967s][info][gc,cpu         ] GC(943) User=0.00s Sys=0.00s Real=0.00s
[100.050s][info][gc,start       ] GC(944) Pause Young (Allocation Failure)
[100.055s][info][gc,heap        ] GC(944) DefNew: 589620K(629120K)->31954K(629120K) Eden: 559232K(559232K)->0K(559232K) From: 30388K(69888K)->31954K(69888K)
[100.055s][info][gc,heap        ] GC(944) Tenured: 1199196K(1398144K)->1199196K(1398144K)
[100.055s][info][gc,metaspace   ] GC(944) Metaspace: 130365K(132096K)->130365K(132096K) NonClass: 113538K(114304K)->113538K(114304K) Class: 16827K(17792K)->16827K(17792K)
[100.055s][info][gc             ] GC(944) Pause Young (Allocation Failure) 1746M->1202M(1979M) 5.339ms
[100.055s][info][gc,cpu         ] GC(944) User=0.00s Sys=0.00s Real=0.02s
[100.139s][info][gc,start       ] GC(945) Pause Young (Allocation Failure)
[100.144s][info][gc,heap        ] GC(945) DefNew: 591186K(629120K)->28735K(629120K) Eden: 559232K(559232K)->0K(559232K) From: 31954K(69888K)->28735K(69888K)
[100.144s][info][gc,heap        ] GC(945) Tenured: 1199196K(1398144K)->1199196K(1398144K)
[100.144s][info][gc,metaspace   ] GC(945) Metaspace: 130365K(132096K)->130365K(132096K) NonClass: 113538K(114304K)->113538K(114304K) Class: 16827K(17792K)->16827K(17792K)
[100.144s][info][gc             ] GC(945) Pause Young (Allocation Failure) 1748M->1199M(1979M) 5.039ms
[100.144s][info][gc,cpu         ] GC(945) User=0.00s Sys=0.00s Real=0.00s
[100.227s][info][gc,start       ] GC(946) Pause Young (Allocation Failure)
[100.232s][info][gc,heap        ] GC(946) DefNew: 587967K(629120K)->30389K(629120K) Eden: 559232K(559232K)->0K(559232K) From: 28735K(69888K)->30389K(69888K)
[100.232s][info][gc,heap        ] GC(946) Tenured: 1199196K(1398144K)->1199196K(1398144K)
[100.232s][info][gc,metaspace   ] GC(946) Metaspace: 130365K(132096K)->130365K(132096K) NonClass: 113538K(114304K)->113538K(114304K) Class: 16827K(17792K)->16827K(17792K)
[100.232s][info][gc             ] GC(946) Pause Young (Allocation Failure) 1745M->1200M(1979M) 5.016ms
[100.232s][info][gc,cpu         ] GC(946) User=0.00s Sys=0.00s Real=0.00s
[100.318s][info][gc,start       ] GC(947) Pause Young (Allocation Failure)
[100.324s][info][gc,heap        ] GC(947) DefNew: 589621K(629120K)->37686K(629120K) Eden: 559232K(559232K)->0K(559232K) From: 30389K(69888K)->37686K(69888K)
[100.324s][info][gc,heap        ] GC(947) Tenured: 1199196K(1398144K)->1199196K(1398144K)
[100.324s][info][gc,metaspace   ] GC(947) Metaspace: 130365K(132096K)->130365K(132096K) NonClass: 113538K(114304K)->113538K(114304K) Class: 16827K(17792K)->16827K(17792K)
[100.324s][info][gc             ] GC(947) Pause Young (Allocation Failure) 1746M->1207M(1979M) 5.911ms
[100.324s][info][gc,cpu         ] GC(947) User=0.00s Sys=0.00s Real=0.02s
[100.412s][info][gc,start       ] GC(948) Pause Young (Allocation Failure)
[100.418s][info][gc,heap        ] GC(948) DefNew: 596918K(629120K)->35071K(629120K) Eden: 559232K(559232K)->0K(559232K) From: 37686K(69888K)->35071K(69888K)
[100.418s][info][gc,heap        ] GC(948) Tenured: 1199196K(1398144K)->1203293K(1398144K)
[100.418s][info][gc,metaspace   ] GC(948) Metaspace: 130365K(132096K)->130365K(132096K) NonClass: 113538K(114304K)->113538K(114304K) Class: 16827K(17792K)->16827K(17792K)
[100.418s][info][gc             ] GC(948) Pause Young (Allocation Failure) 1754M->1209M(1979M) 5.926ms
[100.418s][info][gc,cpu         ] GC(948) User=0.00s Sys=0.00s Real=0.02s
[100.505s][info][gc,start       ] GC(949) Pause Young (Allocation Failure)
[100.510s][info][gc,heap        ] GC(949) DefNew: 594303K(629120K)->24031K(629120K) Eden: 559232K(559232K)->0K(559232K) From: 35071K(69888K)->24031K(69888K)
[100.510s][info][gc,heap        ] GC(949) Tenured: 1203293K(1398144K)->1211486K(1398144K)
[100.510s][info][gc,metaspace   ] GC(949) Metaspace: 130365K(132096K)->130365K(132096K) NonClass: 113538K(114304K)->113538K(114304K) Class: 16827K(17792K)->16827K(17792K)
[100.510s][info][gc             ] GC(949) Pause Young (Allocation Failure) 1755M->1206M(1979M) 5.275ms
[100.511s][info][gc,cpu         ] GC(949) User=0.00s Sys=0.00s Real=0.01s
[100.598s][info][gc,start       ] GC(950) Pause Young (Allocation Failure)
[100.603s][info][gc,heap        ] GC(950) DefNew: 583263K(629120K)->30091K(629120K) Eden: 559232K(559232K)->0K(559232K) From: 24031K(69888K)->30091K(69888K)
[100.603s][info][gc,heap        ] GC(950) Tenured: 1211486K(1398144K)->1211486K(1398144K)
[100.603s][info][gc,metaspace   ] GC(950) Metaspace: 130365K(132096K)->130365K(132096K) NonClass: 113538K(114304K)->113538K(114304K) Class: 16827K(17792K)->16827K(17792K)
[100.603s][info][gc             ] GC(950) Pause Young (Allocation Failure) 1752M->1212M(1979M) 4.731ms
[100.603s][info][gc,cpu         ] GC(950) User=0.00s Sys=0.00s Real=0.00s
[100.689s][info][gc,start       ] GC(951) Pause Young (Allocation Failure)
[100.694s][info][gc,heap        ] GC(951) DefNew: 589298K(629120K)->27709K(629120K) Eden: 559207K(559232K)->0K(559232K) From: 30091K(69888K)->27709K(69888K)
[100.694s][info][gc,heap        ] GC(951) Tenured: 1211486K(1398144K)->1211486K(1398144K)
[100.694s][info][gc,metaspace   ] GC(951) Metaspace: 130369K(132096K)->130369K(132096K) NonClass: 113542K(114304K)->113542K(114304K) Class: 16827K(17792K)->16827K(17792K)
[100.694s][info][gc             ] GC(951) Pause Young (Allocation Failure) 1758M->1210M(1979M) 4.936ms
[100.694s][info][gc,cpu         ] GC(951) User=0.00s Sys=0.00s Real=0.00s
[100.782s][info][gc,start       ] GC(952) Pause Young (Allocation Failure)
[100.786s][info][gc,heap        ] GC(952) DefNew: 586941K(629120K)->25421K(629120K) Eden: 559232K(559232K)->0K(559232K) From: 27709K(69888K)->25421K(69888K)
[100.786s][info][gc,heap        ] GC(952) Tenured: 1211486K(1398144K)->1211486K(1398144K)
[100.786s][info][gc,metaspace   ] GC(952) Metaspace: 130369K(132096K)->130369K(132096K) NonClass: 113542K(114304K)->113542K(114304K) Class: 16827K(17792K)->16827K(17792K)
[100.786s][info][gc             ] GC(952) Pause Young (Allocation Failure) 1756M->1207M(1979M) 4.758ms
[100.786s][info][gc,cpu         ] GC(952) User=0.00s Sys=0.00s Real=0.00s
[100.874s][info][gc,start       ] GC(953) Pause Young (Allocation Failure)
[100.879s][info][gc,heap        ] GC(953) DefNew: 578508K(629120K)->34131K(629120K) Eden: 553087K(559232K)->0K(559232K) From: 25421K(69888K)->34131K(69888K)
[100.879s][info][gc,heap        ] GC(953) Tenured: 1211486K(1398144K)->1211486K(1398144K)
[100.879s][info][gc,metaspace   ] GC(953) Metaspace: 130369K(132096K)->130369K(132096K) NonClass: 113542K(114304K)->113542K(114304K) Class: 16827K(17792K)->16827K(17792K)
[100.879s][info][gc             ] GC(953) Pause Young (Allocation Failure) 1748M->1216M(1979M) 5.461ms
[100.879s][info][gc,cpu         ] GC(953) User=0.00s Sys=0.00s Real=0.00s
[100.966s][info][gc,start       ] GC(954) Pause Young (Allocation Failure)
[100.970s][info][gc,heap        ] GC(954) DefNew: 593363K(629120K)->22502K(629120K) Eden: 559232K(559232K)->0K(559232K) From: 34131K(69888K)->22502K(69888K)
[100.970s][info][gc,heap        ] GC(954) Tenured: 1211486K(1398144K)->1211486K(1398144K)
[100.970s][info][gc,metaspace   ] GC(954) Metaspace: 130369K(132096K)->130369K(132096K) NonClass: 113542K(114304K)->113542K(114304K) Class: 16827K(17792K)->16827K(17792K)
[100.970s][info][gc             ] GC(954) Pause Young (Allocation Failure) 1762M->1205M(1979M) 4.485ms
[100.970s][info][gc,cpu         ] GC(954) User=0.00s Sys=0.00s Real=0.00s
[101.058s][info][gc,start       ] GC(955) Pause Young (Allocation Failure)
[101.062s][info][gc,heap        ] GC(955) DefNew: 581734K(629120K)->26978K(629120K) Eden: 559232K(559232K)->0K(559232K) From: 22502K(69888K)->26978K(69888K)
[101.062s][info][gc,heap        ] GC(955) Tenured: 1211486K(1398144K)->1211486K(1398144K)
[101.062s][info][gc,metaspace   ] GC(955) Metaspace: 130369K(132096K)->130369K(132096K) NonClass: 113542K(114304K)->113542K(114304K) Class: 16827K(17792K)->16827K(17792K)
[101.062s][info][gc             ] GC(955) Pause Young (Allocation Failure) 1751M->1209M(1979M) 4.610ms
[101.062s][info][gc,cpu         ] GC(955) User=0.00s Sys=0.00s Real=0.02s
[101.151s][info][gc,start       ] GC(956) Pause Young (Allocation Failure)
[101.156s][info][gc,heap        ] GC(956) DefNew: 586210K(629120K)->26896K(629120K) Eden: 559232K(559232K)->0K(559232K) From: 26978K(69888K)->26896K(69888K)
[101.156s][info][gc,heap        ] GC(956) Tenured: 1211486K(1398144K)->1211486K(1398144K)
[101.156s][info][gc,metaspace   ] GC(956) Metaspace: 130369K(132096K)->130369K(132096K) NonClass: 113542K(114304K)->113542K(114304K) Class: 16827K(17792K)->16827K(17792K)
[101.156s][info][gc             ] GC(956) Pause Young (Allocation Failure) 1755M->1209M(1979M) 4.764ms
[101.156s][info][gc,cpu         ] GC(956) User=0.00s Sys=0.00s Real=0.02s
[101.243s][info][gc,start       ] GC(957) Pause Young (Allocation Failure)
[101.247s][info][gc,heap        ] GC(957) DefNew: 586128K(629120K)->21315K(629120K) Eden: 559232K(559232K)->0K(559232K) From: 26896K(69888K)->21315K(69888K)
[101.247s][info][gc,heap        ] GC(957) Tenured: 1211486K(1398144K)->1215584K(1398144K)
[101.247s][info][gc,metaspace   ] GC(957) Metaspace: 130369K(132096K)->130369K(132096K) NonClass: 113542K(114304K)->113542K(114304K) Class: 16827K(17792K)->16827K(17792K)
[101.247s][info][gc             ] GC(957) Pause Young (Allocation Failure) 1755M->1207M(1979M) 4.449ms
[101.248s][info][gc,cpu         ] GC(957) User=0.00s Sys=0.00s Real=0.00s
[101.335s][info][gc,start       ] GC(958) Pause Young (Allocation Failure)
[101.339s][info][gc,heap        ] GC(958) DefNew: 580547K(629120K)->17780K(629120K) Eden: 559232K(559232K)->0K(559232K) From: 21315K(69888K)->17780K(69888K)
[101.339s][info][gc,heap        ] GC(958) Tenured: 1215584K(1398144K)->1223819K(1398144K)
[101.339s][info][gc,metaspace   ] GC(958) Metaspace: 130369K(132096K)->130369K(132096K) NonClass: 113542K(114304K)->113542K(114304K) Class: 16827K(17792K)->16827K(17792K)
[101.339s][info][gc             ] GC(958) Pause Young (Allocation Failure) 1754M->1212M(1979M) 4.599ms
[101.339s][info][gc,cpu         ] GC(958) User=0.00s Sys=0.00s Real=0.00s
[101.427s][info][gc,start       ] GC(959) Pause Young (Allocation Failure)
[101.430s][info][gc,heap        ] GC(959) DefNew: 577012K(629120K)->9084K(629120K) Eden: 559232K(559232K)->0K(559232K) From: 17780K(69888K)->9084K(69888K)
[101.430s][info][gc,heap        ] GC(959) Tenured: 1223819K(1398144K)->1223819K(1398144K)
[101.430s][info][gc,metaspace   ] GC(959) Metaspace: 130369K(132096K)->130369K(132096K) NonClass: 113542K(114304K)->113542K(114304K) Class: 16827K(17792K)->16827K(17792K)
[101.430s][info][gc             ] GC(959) Pause Young (Allocation Failure) 1758M->1204M(1979M) 2.970ms
[101.430s][info][gc,cpu         ] GC(959) User=0.00s Sys=0.00s Real=0.00s
[101.517s][info][gc,start       ] GC(960) Pause Young (Allocation Failure)
[101.520s][info][gc,heap        ] GC(960) DefNew: 568316K(629120K)->14637K(629120K) Eden: 559232K(559232K)->0K(559232K) From: 9084K(69888K)->14637K(69888K)
[101.520s][info][gc,heap        ] GC(960) Tenured: 1223819K(1398144K)->1223819K(1398144K)
[101.520s][info][gc,metaspace   ] GC(960) Metaspace: 130369K(132096K)->130369K(132096K) NonClass: 113542K(114304K)->113542K(114304K) Class: 16827K(17792K)->16827K(17792K)
[101.520s][info][gc             ] GC(960) Pause Young (Allocation Failure) 1750M->1209M(1979M) 3.260ms
[101.520s][info][gc,cpu         ] GC(960) User=0.00s Sys=0.00s Real=0.00s
[101.660s][info][gc,start       ] GC(961) Pause Young (Allocation Failure)
[101.664s][info][gc,heap        ] GC(961) DefNew: 573869K(629120K)->14198K(629120K) Eden: 559232K(559232K)->0K(559232K) From: 14637K(69888K)->14198K(69888K)
[101.664s][info][gc,heap        ] GC(961) Tenured: 1223819K(1398144K)->1223819K(1398144K)
[101.664s][info][gc,metaspace   ] GC(961) Metaspace: 130369K(132096K)->130369K(132096K) NonClass: 113542K(114304K)->113542K(114304K) Class: 16827K(17792K)->16827K(17792K)
[101.664s][info][gc             ] GC(961) Pause Young (Allocation Failure) 1755M->1209M(1979M) 3.779ms
[101.664s][info][gc,cpu         ] GC(961) User=0.00s Sys=0.00s Real=0.00s
[101.823s][info][gc,start       ] GC(962) Pause Full (System.gc())
[101.823s][info][gc,phases,start] GC(962) Phase 1: Mark live objects
[101.878s][info][gc,phases      ] GC(962) Phase 1: Mark live objects 54.998ms
[101.878s][info][gc,phases,start] GC(962) Phase 2: Compute new object addresses
[101.924s][info][gc,phases      ] GC(962) Phase 2: Compute new object addresses 45.636ms
[101.924s][info][gc,phases,start] GC(962) Phase 3: Adjust pointers
[101.954s][info][gc,phases      ] GC(962) Phase 3: Adjust pointers 29.744ms
[101.954s][info][gc,phases,start] GC(962) Phase 4: Move objects
[101.954s][info][gc,phases      ] GC(962) Phase 4: Move objects 0.107ms
[101.954s][info][gc,heap        ] GC(962) DefNew: 273911K(629120K)->0K(629120K) Eden: 259712K(559232K)->0K(559232K) From: 14198K(69888K)->0K(69888K)
[101.954s][info][gc,heap        ] GC(962) Tenured: 1223819K(1398144K)->1039044K(1398144K)
[101.954s][info][gc,metaspace   ] GC(962) Metaspace: 130394K(132160K)->130394K(132160K) NonClass: 113566K(114368K)->113566K(114368K) Class: 16828K(17792K)->16828K(17792K)
[101.954s][info][gc             ] GC(962) Pause Full (System.gc()) 1462M->1014M(1979M) 131.331ms
[101.954s][info][gc,cpu         ] GC(962) User=0.12s Sys=0.00s Real=0.13s
[102.085s][info][gc,start       ] GC(963) Pause Young (Allocation Failure)
[102.090s][info][gc,heap        ] GC(963) DefNew: 559232K(629120K)->4925K(629120K) Eden: 559232K(559232K)->0K(559232K) From: 0K(69888K)->4925K(69888K)
[102.090s][info][gc,heap        ] GC(963) Tenured: 1039044K(1398144K)->1039044K(1398144K)
[102.090s][info][gc,metaspace   ] GC(963) Metaspace: 130479K(132224K)->130479K(132224K) NonClass: 113651K(114432K)->113651K(114432K) Class: 16828K(17792K)->16828K(17792K)
[102.090s][info][gc             ] GC(963) Pause Young (Allocation Failure) 1560M->1019M(1979M) 4.742ms
[102.090s][info][gc,cpu         ] GC(963) User=0.02s Sys=0.00s Real=0.00s
[102.146s][info][gc,start       ] GC(964) Pause Young (Allocation Failure)
[102.150s][info][gc,heap        ] GC(964) DefNew: 564157K(629120K)->6086K(629120K) Eden: 559232K(559232K)->0K(559232K) From: 4925K(69888K)->6086K(69888K)
[102.150s][info][gc,heap        ] GC(964) Tenured: 1039044K(1398144K)->1039044K(1398144K)
[102.150s][info][gc,metaspace   ] GC(964) Metaspace: 130479K(132224K)->130479K(132224K) NonClass: 113651K(114432K)->113651K(114432K) Class: 16828K(17792K)->16828K(17792K)
[102.150s][info][gc             ] GC(964) Pause Young (Allocation Failure) 1565M->1020M(1979M) 3.817ms
[102.150s][info][gc,cpu         ] GC(964) User=0.00s Sys=0.00s Real=0.00s
[102.204s][info][gc,start       ] GC(965) Pause Young (Allocation Failure)
[102.208s][info][gc,heap        ] GC(965) DefNew: 565318K(629120K)->9014K(629120K) Eden: 559232K(559232K)->0K(559232K) From: 6086K(69888K)->9014K(69888K)
[102.208s][info][gc,heap        ] GC(965) Tenured: 1039044K(1398144K)->1039044K(1398144K)
[102.208s][info][gc,metaspace   ] GC(965) Metaspace: 130479K(132224K)->130479K(132224K) NonClass: 113651K(114432K)->113651K(114432K) Class: 16828K(17792K)->16828K(17792K)
[102.208s][info][gc             ] GC(965) Pause Young (Allocation Failure) 1566M->1023M(1979M) 4.156ms
[102.208s][info][gc,cpu         ] GC(965) User=0.00s Sys=0.00s Real=0.02s
[102.263s][info][gc,start       ] GC(966) Pause Young (Allocation Failure)
[102.268s][info][gc,heap        ] GC(966) DefNew: 568246K(629120K)->9907K(629120K) Eden: 559232K(559232K)->0K(559232K) From: 9014K(69888K)->9907K(69888K)
[102.268s][info][gc,heap        ] GC(966) Tenured: 1039044K(1398144K)->1039044K(1398144K)
[102.268s][info][gc,metaspace   ] GC(966) Metaspace: 130479K(132224K)->130479K(132224K) NonClass: 113651K(114432K)->113651K(114432K) Class: 16828K(17792K)->16828K(17792K)
[102.268s][info][gc             ] GC(966) Pause Young (Allocation Failure) 1569M->1024M(1979M) 4.220ms
[102.268s][info][gc,cpu         ] GC(966) User=0.00s Sys=0.00s Real=0.00s
[102.324s][info][gc,start       ] GC(967) Pause Young (Allocation Failure)
[102.329s][info][gc,heap        ] GC(967) DefNew: 569139K(629120K)->14178K(629120K) Eden: 559232K(559232K)->0K(559232K) From: 9907K(69888K)->14178K(69888K)
[102.329s][info][gc,heap        ] GC(967) Tenured: 1039044K(1398144K)->1039044K(1398144K)
[102.329s][info][gc,metaspace   ] GC(967) Metaspace: 130490K(132224K)->130490K(132224K) NonClass: 113662K(114432K)->113662K(114432K) Class: 16828K(17792K)->16828K(17792K)
[102.329s][info][gc             ] GC(967) Pause Young (Allocation Failure) 1570M->1028M(1979M) 4.969ms
[102.329s][info][gc,cpu         ] GC(967) User=0.00s Sys=0.00s Real=0.00s
[102.385s][info][gc,start       ] GC(968) Pause Young (Allocation Failure)
[102.390s][info][gc,heap        ] GC(968) DefNew: 573410K(629120K)->18280K(629120K) Eden: 559232K(559232K)->0K(559232K) From: 14178K(69888K)->18280K(69888K)
[102.390s][info][gc,heap        ] GC(968) Tenured: 1039044K(1398144K)->1039044K(1398144K)
[102.390s][info][gc,metaspace   ] GC(968) Metaspace: 130490K(132224K)->130490K(132224K) NonClass: 113662K(114432K)->113662K(114432K) Class: 16828K(17792K)->16828K(17792K)
[102.390s][info][gc             ] GC(968) Pause Young (Allocation Failure) 1574M->1032M(1979M) 5.221ms
[102.390s][info][gc,cpu         ] GC(968) User=0.02s Sys=0.00s Real=0.00s
[102.446s][info][gc,start       ] GC(969) Pause Young (Allocation Failure)
[102.451s][info][gc,heap        ] GC(969) DefNew: 577512K(629120K)->22385K(629120K) Eden: 559232K(559232K)->0K(559232K) From: 18280K(69888K)->22385K(69888K)
[102.451s][info][gc,heap        ] GC(969) Tenured: 1039044K(1398144K)->1039044K(1398144K)
[102.451s][info][gc,metaspace   ] GC(969) Metaspace: 130490K(132224K)->130490K(132224K) NonClass: 113662K(114432K)->113662K(114432K) Class: 16828K(17792K)->16828K(17792K)
[102.451s][info][gc             ] GC(969) Pause Young (Allocation Failure) 1578M->1036M(1979M) 5.634ms
[102.451s][info][gc,cpu         ] GC(969) User=0.00s Sys=0.00s Real=0.00s
[102.507s][info][gc,start       ] GC(970) Pause Young (Allocation Failure)
[102.512s][info][gc,heap        ] GC(970) DefNew: 580222K(629120K)->26460K(629120K) Eden: 557836K(559232K)->0K(559232K) From: 22385K(69888K)->26460K(69888K)
[102.513s][info][gc,heap        ] GC(970) Tenured: 1039044K(1398144K)->1039044K(1398144K)
[102.513s][info][gc,metaspace   ] GC(970) Metaspace: 130490K(132224K)->130490K(132224K) NonClass: 113662K(114432K)->113662K(114432K) Class: 16828K(17792K)->16828K(17792K)
[102.513s][info][gc             ] GC(970) Pause Young (Allocation Failure) 1581M->1040M(1979M) 5.846ms
[102.513s][info][gc,cpu         ] GC(970) User=0.00s Sys=0.00s Real=0.00s
[102.570s][info][gc,start       ] GC(971) Pause Young (Allocation Failure)
[102.578s][info][gc,heap        ] GC(971) DefNew: 585692K(629120K)->34475K(629120K) Eden: 559232K(559232K)->0K(559232K) From: 26460K(69888K)->34475K(69888K)
[102.578s][info][gc,heap        ] GC(971) Tenured: 1039044K(1398144K)->1039044K(1398144K)
[102.578s][info][gc,metaspace   ] GC(971) Metaspace: 130490K(132224K)->130490K(132224K) NonClass: 113662K(114432K)->113662K(114432K) Class: 16828K(17792K)->16828K(17792K)
[102.578s][info][gc             ] GC(971) Pause Young (Allocation Failure) 1586M->1048M(1979M) 7.521ms
[102.578s][info][gc,cpu         ] GC(971) User=0.02s Sys=0.00s Real=0.01s
[102.634s][info][gc,start       ] GC(972) Pause Young (Allocation Failure)
[102.641s][info][gc,heap        ] GC(972) DefNew: 593707K(629120K)->41687K(629120K) Eden: 559232K(559232K)->0K(559232K) From: 34475K(69888K)->41687K(69888K)
[102.641s][info][gc,heap        ] GC(972) Tenured: 1039044K(1398144K)->1039044K(1398144K)
[102.641s][info][gc,metaspace   ] GC(972) Metaspace: 130490K(132224K)->130490K(132224K) NonClass: 113662K(114432K)->113662K(114432K) Class: 16828K(17792K)->16828K(17792K)
[102.641s][info][gc             ] GC(972) Pause Young (Allocation Failure) 1594M->1055M(1979M) 7.210ms
[102.641s][info][gc,cpu         ] GC(972) User=0.02s Sys=0.00s Real=0.00s
[102.697s][info][gc,start       ] GC(973) Pause Young (Allocation Failure)
[102.705s][info][gc,heap        ] GC(973) DefNew: 600919K(629120K)->32889K(629120K) Eden: 559232K(559232K)->0K(559232K) From: 41687K(69888K)->32889K(69888K)
[102.705s][info][gc,heap        ] GC(973) Tenured: 1039044K(1398144K)->1048817K(1398144K)
[102.705s][info][gc,metaspace   ] GC(973) Metaspace: 130490K(132224K)->130490K(132224K) NonClass: 113662K(114432K)->113662K(114432K) Class: 16828K(17792K)->16828K(17792K)
[102.705s][info][gc             ] GC(973) Pause Young (Allocation Failure) 1601M->1056M(1979M) 7.548ms
[102.705s][info][gc,cpu         ] GC(973) User=0.02s Sys=0.00s Real=0.00s
[102.761s][info][gc,start       ] GC(974) Pause Young (Allocation Failure)
[102.767s][info][gc,heap        ] GC(974) DefNew: 592121K(629120K)->40121K(629120K) Eden: 559232K(559232K)->0K(559232K) From: 32889K(69888K)->40121K(69888K)
[102.767s][info][gc,heap        ] GC(974) Tenured: 1048817K(1398144K)->1048817K(1398144K)
[102.767s][info][gc,metaspace   ] GC(974) Metaspace: 130490K(132224K)->130490K(132224K) NonClass: 113662K(114432K)->113662K(114432K) Class: 16828K(17792K)->16828K(17792K)
[102.767s][info][gc             ] GC(974) Pause Young (Allocation Failure) 1602M->1063M(1979M) 5.984ms
[102.767s][info][gc,cpu         ] GC(974) User=0.00s Sys=0.00s Real=0.00s
[102.823s][info][gc,start       ] GC(975) Pause Young (Allocation Failure)
[102.829s][info][gc,heap        ] GC(975) DefNew: 599353K(629120K)->32583K(629120K) Eden: 559232K(559232K)->0K(559232K) From: 40121K(69888K)->32583K(69888K)
[102.829s][info][gc,heap        ] GC(975) Tenured: 1048817K(1398144K)->1057319K(1398144K)
[102.829s][info][gc,metaspace   ] GC(975) Metaspace: 130490K(132224K)->130490K(132224K) NonClass: 113662K(114432K)->113662K(114432K) Class: 16828K(17792K)->16828K(17792K)
[102.829s][info][gc             ] GC(975) Pause Young (Allocation Failure) 1609M->1064M(1979M) 6.092ms
[102.829s][info][gc,cpu         ] GC(975) User=0.00s Sys=0.00s Real=0.00s
[102.884s][info][gc,start       ] GC(976) Pause Young (Allocation Failure)
[102.890s][info][gc,heap        ] GC(976) DefNew: 591815K(629120K)->38245K(629120K) Eden: 559232K(559232K)->0K(559232K) From: 32583K(69888K)->38245K(69888K)
[102.890s][info][gc,heap        ] GC(976) Tenured: 1057319K(1398144K)->1057319K(1398144K)
[102.890s][info][gc,metaspace   ] GC(976) Metaspace: 130490K(132224K)->130490K(132224K) NonClass: 113662K(114432K)->113662K(114432K) Class: 16828K(17792K)->16828K(17792K)
[102.890s][info][gc             ] GC(976) Pause Young (Allocation Failure) 1610M->1069M(1979M) 5.456ms
[102.890s][info][gc,cpu         ] GC(976) User=0.00s Sys=0.00s Real=0.00s
[102.946s][info][gc,start       ] GC(977) Pause Young (Allocation Failure)
[102.951s][info][gc,heap        ] GC(977) DefNew: 593920K(629120K)->34469K(629120K) Eden: 555674K(559232K)->0K(559232K) From: 38245K(69888K)->34469K(69888K)
[102.951s][info][gc,heap        ] GC(977) Tenured: 1057319K(1398144K)->1061417K(1398144K)
[102.951s][info][gc,metaspace   ] GC(977) Metaspace: 130490K(132224K)->130490K(132224K) NonClass: 113662K(114432K)->113662K(114432K) Class: 16828K(17792K)->16828K(17792K)
[102.951s][info][gc             ] GC(977) Pause Young (Allocation Failure) 1612M->1070M(1979M) 5.548ms
[102.951s][info][gc,cpu         ] GC(977) User=0.00s Sys=0.00s Real=0.00s
[103.006s][info][gc,start       ] GC(978) Pause Young (Allocation Failure)
[103.012s][info][gc,heap        ] GC(978) DefNew: 593701K(629120K)->42356K(629120K) Eden: 559232K(559232K)->0K(559232K) From: 34469K(69888K)->42356K(69888K)
[103.012s][info][gc,heap        ] GC(978) Tenured: 1061417K(1398144K)->1061417K(1398144K)
[103.012s][info][gc,metaspace   ] GC(978) Metaspace: 130490K(132224K)->130490K(132224K) NonClass: 113662K(114432K)->113662K(114432K) Class: 16828K(17792K)->16828K(17792K)
[103.012s][info][gc             ] GC(978) Pause Young (Allocation Failure) 1616M->1077M(1979M) 5.774ms
[103.012s][info][gc,cpu         ] GC(978) User=0.00s Sys=0.00s Real=0.01s
[103.076s][info][gc,start       ] GC(979) Pause Young (Allocation Failure)
[103.083s][info][gc,heap        ] GC(979) DefNew: 601588K(629120K)->38015K(629120K) Eden: 559232K(559232K)->0K(559232K) From: 42356K(69888K)->38015K(69888K)
[103.083s][info][gc,heap        ] GC(979) Tenured: 1061417K(1398144K)->1069611K(1398144K)
[103.083s][info][gc,metaspace   ] GC(979) Metaspace: 130490K(132224K)->130490K(132224K) NonClass: 113662K(114432K)->113662K(114432K) Class: 16828K(17792K)->16828K(17792K)
[103.083s][info][gc             ] GC(979) Pause Young (Allocation Failure) 1624M->1081M(1979M) 7.339ms
[103.083s][info][gc,cpu         ] GC(979) User=0.00s Sys=0.00s Real=0.00s
[103.169s][info][gc,start       ] GC(980) Pause Young (Allocation Failure)
[103.176s][info][gc,heap        ] GC(980) DefNew: 597247K(629120K)->51182K(629120K) Eden: 559232K(559232K)->0K(559232K) From: 38015K(69888K)->51182K(69888K)
[103.176s][info][gc,heap        ] GC(980) Tenured: 1069611K(1398144K)->1073708K(1398144K)
[103.176s][info][gc,metaspace   ] GC(980) Metaspace: 130490K(132224K)->130490K(132224K) NonClass: 113662K(114432K)->113662K(114432K) Class: 16828K(17792K)->16828K(17792K)
[103.176s][info][gc             ] GC(980) Pause Young (Allocation Failure) 1627M->1098M(1979M) 7.368ms
[103.176s][info][gc,cpu         ] GC(980) User=0.00s Sys=0.00s Real=0.00s
[103.266s][info][gc,start       ] GC(981) Pause Young (Allocation Failure)
[103.273s][info][gc,heap        ] GC(981) DefNew: 610414K(629120K)->43775K(629120K) Eden: 559232K(559232K)->0K(559232K) From: 51182K(69888K)->43775K(69888K)
[103.273s][info][gc,heap        ] GC(981) Tenured: 1073708K(1398144K)->1090117K(1398144K)
[103.273s][info][gc,metaspace   ] GC(981) Metaspace: 130490K(132224K)->130490K(132224K) NonClass: 113662K(114432K)->113662K(114432K) Class: 16828K(17792K)->16828K(17792K)
[103.273s][info][gc             ] GC(981) Pause Young (Allocation Failure) 1644M->1107M(1979M) 7.752ms
[103.273s][info][gc,cpu         ] GC(981) User=0.00s Sys=0.00s Real=0.00s
[103.363s][info][gc,start       ] GC(982) Pause Young (Allocation Failure)
[103.370s][info][gc,heap        ] GC(982) DefNew: 603007K(629120K)->43045K(629120K) Eden: 559232K(559232K)->0K(559232K) From: 43775K(69888K)->43045K(69888K)
[103.370s][info][gc,heap        ] GC(982) Tenured: 1090117K(1398144K)->1102738K(1398144K)
[103.370s][info][gc,metaspace   ] GC(982) Metaspace: 130490K(132224K)->130490K(132224K) NonClass: 113662K(114432K)->113662K(114432K) Class: 16828K(17792K)->16828K(17792K)
[103.370s][info][gc             ] GC(982) Pause Young (Allocation Failure) 1653M->1118M(1979M) 7.267ms
[103.370s][info][gc,cpu         ] GC(982) User=0.02s Sys=0.00s Real=0.02s
[103.458s][info][gc,start       ] GC(983) Pause Young (Allocation Failure)
[103.465s][info][gc,heap        ] GC(983) DefNew: 602277K(629120K)->46450K(629120K) Eden: 559232K(559232K)->0K(559232K) From: 43045K(69888K)->46450K(69888K)
[103.465s][info][gc,heap        ] GC(983) Tenured: 1102738K(1398144K)->1115155K(1398144K)
[103.465s][info][gc,metaspace   ] GC(983) Metaspace: 130490K(132224K)->130490K(132224K) NonClass: 113662K(114432K)->113662K(114432K) Class: 16828K(17792K)->16828K(17792K)
[103.465s][info][gc             ] GC(983) Pause Young (Allocation Failure) 1665M->1134M(1979M) 7.489ms
[103.466s][info][gc,cpu         ] GC(983) User=0.02s Sys=0.00s Real=0.01s
[103.554s][info][gc,start       ] GC(984) Pause Young (Allocation Failure)
[103.562s][info][gc,heap        ] GC(984) DefNew: 605682K(629120K)->45840K(629120K) Eden: 559232K(559232K)->0K(559232K) From: 46450K(69888K)->45840K(69888K)
[103.562s][info][gc,heap        ] GC(984) Tenured: 1115155K(1398144K)->1127447K(1398144K)
[103.562s][info][gc,metaspace   ] GC(984) Metaspace: 130490K(132224K)->130490K(132224K) NonClass: 113662K(114432K)->113662K(114432K) Class: 16828K(17792K)->16828K(17792K)
[103.562s][info][gc             ] GC(984) Pause Young (Allocation Failure) 1680M->1145M(1979M) 7.411ms
[103.562s][info][gc,cpu         ] GC(984) User=0.02s Sys=0.00s Real=0.02s
[103.651s][info][gc,start       ] GC(985) Pause Young (Allocation Failure)
[103.659s][info][gc,heap        ] GC(985) DefNew: 605072K(629120K)->44097K(629120K) Eden: 559232K(559232K)->0K(559232K) From: 45840K(69888K)->44097K(69888K)
[103.659s][info][gc,heap        ] GC(985) Tenured: 1127447K(1398144K)->1143835K(1398144K)
[103.659s][info][gc,metaspace   ] GC(985) Metaspace: 130490K(132224K)->130490K(132224K) NonClass: 113662K(114432K)->113662K(114432K) Class: 16828K(17792K)->16828K(17792K)
[103.659s][info][gc             ] GC(985) Pause Young (Allocation Failure) 1691M->1160M(1979M) 7.828ms
[103.659s][info][gc,cpu         ] GC(985) User=0.02s Sys=0.00s Real=0.02s
[103.750s][info][gc,start       ] GC(986) Pause Young (Allocation Failure)
[103.756s][info][gc,heap        ] GC(986) DefNew: 603329K(629120K)->27857K(629120K) Eden: 559232K(559232K)->0K(559232K) From: 44097K(69888K)->27857K(69888K)
[103.756s][info][gc,heap        ] GC(986) Tenured: 1143835K(1398144K)->1168419K(1398144K)
[103.756s][info][gc,metaspace   ] GC(986) Metaspace: 130490K(132224K)->130490K(132224K) NonClass: 113662K(114432K)->113662K(114432K) Class: 16828K(17792K)->16828K(17792K)
[103.756s][info][gc             ] GC(986) Pause Young (Allocation Failure) 1706M->1168M(1979M) 6.812ms
[103.756s][info][gc,cpu         ] GC(986) User=0.00s Sys=0.00s Real=0.00s
[103.841s][info][gc,start       ] GC(987) Pause Young (Allocation Failure)
[103.846s][info][gc,heap        ] GC(987) DefNew: 587089K(629120K)->33319K(629120K) Eden: 559232K(559232K)->0K(559232K) From: 27857K(69888K)->33319K(69888K)
[103.846s][info][gc,heap        ] GC(987) Tenured: 1168419K(1398144K)->1168419K(1398144K)
[103.846s][info][gc,metaspace   ] GC(987) Metaspace: 130490K(132224K)->130490K(132224K) NonClass: 113662K(114432K)->113662K(114432K) Class: 16828K(17792K)->16828K(17792K)
[103.846s][info][gc             ] GC(987) Pause Young (Allocation Failure) 1714M->1173M(1979M) 5.356ms
[103.846s][info][gc,cpu         ] GC(987) User=0.00s Sys=0.00s Real=0.00s
[103.932s][info][gc,start       ] GC(988) Pause Young (Allocation Failure)
[103.938s][info][gc,heap        ] GC(988) DefNew: 592551K(629120K)->44532K(629120K) Eden: 559232K(559232K)->0K(559232K) From: 33319K(69888K)->44532K(69888K)
[103.938s][info][gc,heap        ] GC(988) Tenured: 1168419K(1398144K)->1168419K(1398144K)
[103.938s][info][gc,metaspace   ] GC(988) Metaspace: 130490K(132224K)->130490K(132224K) NonClass: 113662K(114432K)->113662K(114432K) Class: 16828K(17792K)->16828K(17792K)
[103.938s][info][gc             ] GC(988) Pause Young (Allocation Failure) 1719M->1184M(1979M) 6.421ms
[103.939s][info][gc,cpu         ] GC(988) User=0.00s Sys=0.00s Real=0.02s
[104.026s][info][gc,start       ] GC(989) Pause Young (Allocation Failure)
[104.034s][info][gc,heap        ] GC(989) DefNew: 603764K(629120K)->41815K(629120K) Eden: 559232K(559232K)->0K(559232K) From: 44532K(69888K)->41815K(69888K)
[104.034s][info][gc,heap        ] GC(989) Tenured: 1168419K(1398144K)->1180711K(1398144K)
[104.034s][info][gc,metaspace   ] GC(989) Metaspace: 130490K(132224K)->130490K(132224K) NonClass: 113662K(114432K)->113662K(114432K) Class: 16828K(17792K)->16828K(17792K)
[104.034s][info][gc             ] GC(989) Pause Young (Allocation Failure) 1730M->1193M(1979M) 7.425ms
[104.034s][info][gc,cpu         ] GC(989) User=0.02s Sys=0.00s Real=0.01s
[104.124s][info][gc,start       ] GC(990) Pause Young (Allocation Failure)
[104.131s][info][gc,heap        ] GC(990) DefNew: 601047K(629120K)->41357K(629120K) Eden: 559232K(559232K)->0K(559232K) From: 41815K(69888K)->41357K(69888K)
[104.131s][info][gc,heap        ] GC(990) Tenured: 1180711K(1398144K)->1193051K(1398144K)
[104.131s][info][gc,metaspace   ] GC(990) Metaspace: 130490K(132224K)->130490K(132224K) NonClass: 113662K(114432K)->113662K(114432K) Class: 16828K(17792K)->16828K(17792K)
[104.131s][info][gc             ] GC(990) Pause Young (Allocation Failure) 1739M->1205M(1979M) 6.873ms
[104.131s][info][gc,cpu         ] GC(990) User=0.00s Sys=0.00s Real=0.00s
[104.221s][info][gc,start       ] GC(991) Pause Young (Allocation Failure)
[104.226s][info][gc,heap        ] GC(991) DefNew: 600589K(629120K)->33549K(629120K) Eden: 559232K(559232K)->0K(559232K) From: 41357K(69888K)->33549K(69888K)
[104.226s][info][gc,heap        ] GC(991) Tenured: 1193051K(1398144K)->1201246K(1398144K)
[104.226s][info][gc,metaspace   ] GC(991) Metaspace: 130490K(132224K)->130490K(132224K) NonClass: 113662K(114432K)->113662K(114432K) Class: 16828K(17792K)->16828K(17792K)
[104.226s][info][gc             ] GC(991) Pause Young (Allocation Failure) 1751M->1205M(1979M) 5.747ms
[104.226s][info][gc,cpu         ] GC(991) User=0.00s Sys=0.00s Real=0.00s
[104.315s][info][gc,start       ] GC(992) Pause Young (Allocation Failure)
[104.320s][info][gc,heap        ] GC(992) DefNew: 592781K(629120K)->40974K(629120K) Eden: 559232K(559232K)->0K(559232K) From: 33549K(69888K)->40974K(69888K)
[104.320s][info][gc,heap        ] GC(992) Tenured: 1201246K(1398144K)->1201246K(1398144K)
[104.320s][info][gc,metaspace   ] GC(992) Metaspace: 130490K(132224K)->130490K(132224K) NonClass: 113662K(114432K)->113662K(114432K) Class: 16828K(17792K)->16828K(17792K)
[104.320s][info][gc             ] GC(992) Pause Young (Allocation Failure) 1751M->1213M(1979M) 5.718ms
[104.320s][info][gc,cpu         ] GC(992) User=0.00s Sys=0.00s Real=0.00s
[104.407s][info][gc,start       ] GC(993) Pause Young (Allocation Failure)
[104.413s][info][gc,heap        ] GC(993) DefNew: 600206K(629120K)->35036K(629120K) Eden: 559232K(559232K)->0K(559232K) From: 40974K(69888K)->35036K(69888K)
[104.413s][info][gc,heap        ] GC(993) Tenured: 1201246K(1398144K)->1213538K(1398144K)
[104.413s][info][gc,metaspace   ] GC(993) Metaspace: 130490K(132224K)->130490K(132224K) NonClass: 113662K(114432K)->113662K(114432K) Class: 16828K(17792K)->16828K(17792K)
[104.413s][info][gc             ] GC(993) Pause Young (Allocation Failure) 1759M->1219M(1979M) 6.014ms
[104.413s][info][gc,cpu         ] GC(993) User=0.00s Sys=0.00s Real=0.00s
[104.504s][info][gc,start       ] GC(994) Pause Young (Allocation Failure)
[104.510s][info][gc,heap        ] GC(994) DefNew: 594268K(629120K)->36036K(629120K) Eden: 559232K(559232K)->0K(559232K) From: 35036K(69888K)->36036K(69888K)
[104.510s][info][gc,heap        ] GC(994) Tenured: 1213538K(1398144K)->1217635K(1398144K)
[104.510s][info][gc,metaspace   ] GC(994) Metaspace: 130490K(132224K)->130490K(132224K) NonClass: 113662K(114432K)->113662K(114432K) Class: 16828K(17792K)->16828K(17792K)
[104.510s][info][gc             ] GC(994) Pause Young (Allocation Failure) 1765M->1224M(1979M) 6.081ms
[104.510s][info][gc,cpu         ] GC(994) User=0.00s Sys=0.00s Real=0.00s
[104.593s][info][gc,start       ] GC(995) Pause Young (Allocation Failure)
[104.598s][info][gc,heap        ] GC(995) DefNew: 595268K(629120K)->30969K(629120K) Eden: 559232K(559232K)->0K(559232K) From: 36036K(69888K)->30969K(69888K)
[104.598s][info][gc,heap        ] GC(995) Tenured: 1217635K(1398144K)->1225829K(1398144K)
[104.598s][info][gc,metaspace   ] GC(995) Metaspace: 130490K(132224K)->130490K(132224K) NonClass: 113662K(114432K)->113662K(114432K) Class: 16828K(17792K)->16828K(17792K)
[104.598s][info][gc             ] GC(995) Pause Young (Allocation Failure) 1770M->1227M(1979M) 5.494ms
[104.598s][info][gc,cpu         ] GC(995) User=0.00s Sys=0.00s Real=0.02s
[104.681s][info][gc,start       ] GC(996) Pause Young (Allocation Failure)
[104.685s][info][gc,heap        ] GC(996) DefNew: 590201K(629120K)->24914K(629120K) Eden: 559232K(559232K)->0K(559232K) From: 30969K(69888K)->24914K(69888K)
[104.685s][info][gc,heap        ] GC(996) Tenured: 1225829K(1398144K)->1225829K(1398144K)
[104.685s][info][gc,metaspace   ] GC(996) Metaspace: 130490K(132224K)->130490K(132224K) NonClass: 113662K(114432K)->113662K(114432K) Class: 16828K(17792K)->16828K(17792K)
[104.685s][info][gc             ] GC(996) Pause Young (Allocation Failure) 1773M->1221M(1979M) 4.145ms
[104.685s][info][gc,cpu         ] GC(996) User=0.00s Sys=0.00s Real=0.00s
[104.767s][info][gc,start       ] GC(997) Pause Young (Allocation Failure)
[104.771s][info][gc,heap        ] GC(997) DefNew: 584146K(629120K)->27855K(629120K) Eden: 559232K(559232K)->0K(559232K) From: 24914K(69888K)->27855K(69888K)
[104.771s][info][gc,heap        ] GC(997) Tenured: 1225829K(1398144K)->1225829K(1398144K)
[104.771s][info][gc,metaspace   ] GC(997) Metaspace: 130490K(132224K)->130490K(132224K) NonClass: 113662K(114432K)->113662K(114432K) Class: 16828K(17792K)->16828K(17792K)
[104.771s][info][gc             ] GC(997) Pause Young (Allocation Failure) 1767M->1224M(1979M) 4.490ms
[104.771s][info][gc,cpu         ] GC(997) User=0.00s Sys=0.00s Real=0.00s
[104.857s][info][gc,start       ] GC(998) Pause Young (Allocation Failure)
[104.863s][info][gc,heap        ] GC(998) DefNew: 587087K(629120K)->36723K(629120K) Eden: 559232K(559232K)->0K(559232K) From: 27855K(69888K)->36723K(69888K)
[104.863s][info][gc,heap        ] GC(998) Tenured: 1225829K(1398144K)->1225829K(1398144K)
[104.863s][info][gc,metaspace   ] GC(998) Metaspace: 130490K(132224K)->130490K(132224K) NonClass: 113662K(114432K)->113662K(114432K) Class: 16828K(17792K)->16828K(17792K)
[104.863s][info][gc             ] GC(998) Pause Young (Allocation Failure) 1770M->1232M(1979M) 5.659ms
[104.863s][info][gc,cpu         ] GC(998) User=0.00s Sys=0.00s Real=0.01s
[104.951s][info][gc,start       ] GC(999) Pause Young (Allocation Failure)
[104.956s][info][gc,heap        ] GC(999) DefNew: 595955K(629120K)->24611K(629120K) Eden: 559232K(559232K)->0K(559232K) From: 36723K(69888K)->24611K(69888K)
[104.956s][info][gc,heap        ] GC(999) Tenured: 1225829K(1398144K)->1234023K(1398144K)
[104.956s][info][gc,metaspace   ] GC(999) Metaspace: 130490K(132224K)->130490K(132224K) NonClass: 113662K(114432K)->113662K(114432K) Class: 16828K(17792K)->16828K(17792K)
[104.956s][info][gc             ] GC(999) Pause Young (Allocation Failure) 1779M->1229M(1979M) 5.118ms
[104.956s][info][gc,cpu         ] GC(999) User=0.02s Sys=0.00s Real=0.01s
[105.043s][info][gc,start       ] GC(1000) Pause Young (Allocation Failure)
[105.047s][info][gc,heap        ] GC(1000) DefNew: 583843K(629120K)->23753K(629120K) Eden: 559232K(559232K)->0K(559232K) From: 24611K(69888K)->23753K(69888K)
[105.047s][info][gc,heap        ] GC(1000) Tenured: 1234023K(1398144K)->1234023K(1398144K)
[105.047s][info][gc,metaspace   ] GC(1000) Metaspace: 130490K(132224K)->130490K(132224K) NonClass: 113662K(114432K)->113662K(114432K) Class: 16828K(17792K)->16828K(17792K)
[105.047s][info][gc             ] GC(1000) Pause Young (Allocation Failure) 1775M->1228M(1979M) 4.274ms
[105.047s][info][gc,cpu         ] GC(1000) User=0.00s Sys=0.00s Real=0.00s
[105.135s][info][gc,start       ] GC(1001) Pause Young (Allocation Failure)
[105.140s][info][gc,heap        ] GC(1001) DefNew: 580936K(629120K)->27879K(629120K) Eden: 557183K(559232K)->0K(559232K) From: 23753K(69888K)->27879K(69888K)
[105.140s][info][gc,heap        ] GC(1001) Tenured: 1234023K(1398144K)->1234023K(1398144K)
[105.140s][info][gc,metaspace   ] GC(1001) Metaspace: 130490K(132224K)->130490K(132224K) NonClass: 113662K(114432K)->113662K(114432K) Class: 16828K(17792K)->16828K(17792K)
[105.140s][info][gc             ] GC(1001) Pause Young (Allocation Failure) 1772M->1232M(1979M) 4.938ms
[105.140s][info][gc,cpu         ] GC(1001) User=0.00s Sys=0.00s Real=0.00s
[105.227s][info][gc,start       ] GC(1002) Pause Young (Allocation Failure)
[105.232s][info][gc,heap        ] GC(1002) DefNew: 587111K(629120K)->28548K(629120K) Eden: 559232K(559232K)->0K(559232K) From: 27879K(69888K)->28548K(69888K)
[105.232s][info][gc,heap        ] GC(1002) Tenured: 1234023K(1398144K)->1234023K(1398144K)
[105.232s][info][gc,metaspace   ] GC(1002) Metaspace: 130490K(132224K)->130490K(132224K) NonClass: 113662K(114432K)->113662K(114432K) Class: 16828K(17792K)->16828K(17792K)
[105.232s][info][gc             ] GC(1002) Pause Young (Allocation Failure) 1778M->1232M(1979M) 4.844ms
[105.232s][info][gc,cpu         ] GC(1002) User=0.00s Sys=0.00s Real=0.00s
[105.319s][info][gc,start       ] GC(1003) Pause Young (Allocation Failure)
[105.324s][info][gc,heap        ] GC(1003) DefNew: 587780K(629120K)->24624K(629120K) Eden: 559232K(559232K)->0K(559232K) From: 28548K(69888K)->24624K(69888K)
[105.324s][info][gc,heap        ] GC(1003) Tenured: 1234023K(1398144K)->1234023K(1398144K)
[105.324s][info][gc,metaspace   ] GC(1003) Metaspace: 130490K(132224K)->130490K(132224K) NonClass: 113662K(114432K)->113662K(114432K) Class: 16828K(17792K)->16828K(17792K)
[105.324s][info][gc             ] GC(1003) Pause Young (Allocation Failure) 1779M->1229M(1979M) 4.573ms
[105.324s][info][gc,cpu         ] GC(1003) User=0.00s Sys=0.00s Real=0.00s
[105.411s][info][gc,start       ] GC(1004) Pause Young (Allocation Failure)
[105.414s][info][gc,heap        ] GC(1004) DefNew: 583856K(629120K)->23751K(629120K) Eden: 559232K(559232K)->0K(559232K) From: 24624K(69888K)->23751K(69888K)
[105.415s][info][gc,heap        ] GC(1004) Tenured: 1234023K(1398144K)->1234023K(1398144K)
[105.415s][info][gc,metaspace   ] GC(1004) Metaspace: 130490K(132224K)->130490K(132224K) NonClass: 113662K(114432K)->113662K(114432K) Class: 16828K(17792K)->16828K(17792K)
[105.415s][info][gc             ] GC(1004) Pause Young (Allocation Failure) 1775M->1228M(1979M) 3.890ms
[105.415s][info][gc,cpu         ] GC(1004) User=0.00s Sys=0.00s Real=0.00s
[105.502s][info][gc,start       ] GC(1005) Pause Young (Allocation Failure)
[105.506s][info][gc,heap        ] GC(1005) DefNew: 582983K(629120K)->23752K(629120K) Eden: 559232K(559232K)->0K(559232K) From: 23751K(69888K)->23752K(69888K)
[105.506s][info][gc,heap        ] GC(1005) Tenured: 1234023K(1398144K)->1234023K(1398144K)
[105.506s][info][gc,metaspace   ] GC(1005) Metaspace: 130490K(132224K)->130490K(132224K) NonClass: 113662K(114432K)->113662K(114432K) Class: 16828K(17792K)->16828K(17792K)
[105.506s][info][gc             ] GC(1005) Pause Young (Allocation Failure) 1774M->1228M(1979M) 4.143ms
[105.506s][info][gc,cpu         ] GC(1005) User=0.00s Sys=0.00s Real=0.02s
[105.593s][info][gc,start       ] GC(1006) Pause Young (Allocation Failure)
[105.598s][info][gc,heap        ] GC(1006) DefNew: 582984K(629120K)->28520K(629120K) Eden: 559232K(559232K)->0K(559232K) From: 23752K(69888K)->28520K(69888K)
[105.598s][info][gc,heap        ] GC(1006) Tenured: 1234023K(1398144K)->1234023K(1398144K)
[105.598s][info][gc,metaspace   ] GC(1006) Metaspace: 130490K(132224K)->130490K(132224K) NonClass: 113662K(114432K)->113662K(114432K) Class: 16828K(17792K)->16828K(17792K)
[105.598s][info][gc             ] GC(1006) Pause Young (Allocation Failure) 1774M->1232M(1979M) 4.859ms
[105.598s][info][gc,cpu         ] GC(1006) User=0.00s Sys=0.00s Real=0.00s
[105.684s][info][gc,start       ] GC(1007) Pause Young (Allocation Failure)
[105.688s][info][gc,heap        ] GC(1007) DefNew: 583280K(629120K)->24609K(629120K) Eden: 554760K(559232K)->0K(559232K) From: 28520K(69888K)->24609K(69888K)
[105.688s][info][gc,heap        ] GC(1007) Tenured: 1234023K(1398144K)->1234023K(1398144K)
[105.688s][info][gc,metaspace   ] GC(1007) Metaspace: 130490K(132224K)->130490K(132224K) NonClass: 113662K(114432K)->113662K(114432K) Class: 16828K(17792K)->16828K(17792K)
[105.689s][info][gc             ] GC(1007) Pause Young (Allocation Failure) 1774M->1229M(1979M) 4.372ms
[105.689s][info][gc,cpu         ] GC(1007) User=0.00s Sys=0.00s Real=0.00s
[105.775s][info][gc,start       ] GC(1008) Pause Young (Allocation Failure)
[105.779s][info][gc,heap        ] GC(1008) DefNew: 583841K(629120K)->19934K(629120K) Eden: 559232K(559232K)->0K(559232K) From: 24609K(69888K)->19934K(69888K)
[105.779s][info][gc,heap        ] GC(1008) Tenured: 1234023K(1398144K)->1238120K(1398144K)
[105.779s][info][gc,metaspace   ] GC(1008) Metaspace: 130490K(132224K)->130490K(132224K) NonClass: 113662K(114432K)->113662K(114432K) Class: 16828K(17792K)->16828K(17792K)
[105.780s][info][gc             ] GC(1008) Pause Young (Allocation Failure) 1775M->1228M(1979M) 4.351ms
[105.780s][info][gc,cpu         ] GC(1008) User=0.00s Sys=0.00s Real=0.00s
[105.867s][info][gc,start       ] GC(1009) Pause Young (Allocation Failure)
[105.871s][info][gc,heap        ] GC(1009) DefNew: 579166K(629120K)->11425K(629120K) Eden: 559232K(559232K)->0K(559232K) From: 19934K(69888K)->11425K(69888K)
[105.871s][info][gc,heap        ] GC(1009) Tenured: 1238120K(1398144K)->1246356K(1398144K)
[105.871s][info][gc,metaspace   ] GC(1009) Metaspace: 130490K(132224K)->130490K(132224K) NonClass: 113662K(114432K)->113662K(114432K) Class: 16828K(17792K)->16828K(17792K)
[105.871s][info][gc             ] GC(1009) Pause Young (Allocation Failure) 1774M->1228M(1979M) 3.846ms
[105.871s][info][gc,cpu         ] GC(1009) User=0.00s Sys=0.00s Real=0.00s
[105.958s][info][gc,start       ] GC(1010) Pause Young (Allocation Failure)
[105.961s][info][gc,heap        ] GC(1010) DefNew: 570657K(629120K)->16187K(629120K) Eden: 559232K(559232K)->0K(559232K) From: 11425K(69888K)->16187K(69888K)
[105.961s][info][gc,heap        ] GC(1010) Tenured: 1246356K(1398144K)->1246356K(1398144K)
[105.961s][info][gc,metaspace   ] GC(1010) Metaspace: 130490K(132224K)->130490K(132224K) NonClass: 113662K(114432K)->113662K(114432K) Class: 16828K(17792K)->16828K(17792K)
[105.961s][info][gc             ] GC(1010) Pause Young (Allocation Failure) 1774M->1232M(1979M) 3.466ms
[105.961s][info][gc,cpu         ] GC(1010) User=0.02s Sys=0.00s Real=0.01s
[106.048s][info][gc,start       ] GC(1011) Pause Young (Allocation Failure)
[106.051s][info][gc,heap        ] GC(1011) DefNew: 575419K(629120K)->16181K(629120K) Eden: 559232K(559232K)->0K(559232K) From: 16187K(69888K)->16181K(69888K)
[106.051s][info][gc,heap        ] GC(1011) Tenured: 1246356K(1398144K)->1246356K(1398144K)
[106.051s][info][gc,metaspace   ] GC(1011) Metaspace: 130490K(132224K)->130490K(132224K) NonClass: 113662K(114432K)->113662K(114432K) Class: 16828K(17792K)->16828K(17792K)
[106.051s][info][gc             ] GC(1011) Pause Young (Allocation Failure) 1779M->1232M(1979M) 3.608ms
[106.051s][info][gc,cpu         ] GC(1011) User=0.00s Sys=0.00s Real=0.00s
[106.174s][info][gc,start       ] GC(1012) Pause Young (Allocation Failure)
[106.178s][info][gc,heap        ] GC(1012) DefNew: 575413K(629120K)->14190K(629120K) Eden: 559232K(559232K)->0K(559232K) From: 16181K(69888K)->14190K(69888K)
[106.178s][info][gc,heap        ] GC(1012) Tenured: 1246356K(1398144K)->1246356K(1398144K)
[106.178s][info][gc,metaspace   ] GC(1012) Metaspace: 130490K(132224K)->130490K(132224K) NonClass: 113662K(114432K)->113662K(114432K) Class: 16828K(17792K)->16828K(17792K)
[106.178s][info][gc             ] GC(1012) Pause Young (Allocation Failure) 1779M->1231M(1979M) 4.013ms
[106.178s][info][gc,cpu         ] GC(1012) User=0.00s Sys=0.00s Real=0.00s
[106.337s][info][gc,start       ] GC(1013) Pause Full (System.gc())
[106.338s][info][gc,phases,start] GC(1013) Phase 1: Mark live objects
[106.393s][info][gc,phases      ] GC(1013) Phase 1: Mark live objects 55.068ms
[106.393s][info][gc,phases,start] GC(1013) Phase 2: Compute new object addresses
[106.438s][info][gc,phases      ] GC(1013) Phase 2: Compute new object addresses 45.523ms
[106.438s][info][gc,phases,start] GC(1013) Phase 3: Adjust pointers
[106.468s][info][gc,phases      ] GC(1013) Phase 3: Adjust pointers 30.000ms
[106.468s][info][gc,phases,start] GC(1013) Phase 4: Move objects
[106.468s][info][gc,phases      ] GC(1013) Phase 4: Move objects 0.137ms
[106.469s][info][gc,heap        ] GC(1013) DefNew: 269755K(629120K)->0K(629120K) Eden: 255565K(559232K)->0K(559232K) From: 14190K(69888K)->0K(69888K)
[106.469s][info][gc,heap        ] GC(1013) Tenured: 1246356K(1398144K)->1031056K(1398144K)
[106.469s][info][gc,metaspace   ] GC(1013) Metaspace: 130504K(132224K)->130504K(132224K) NonClass: 113675K(114432K)->113675K(114432K) Class: 16828K(17792K)->16828K(17792K)
[106.469s][info][gc             ] GC(1013) Pause Full (System.gc()) 1480M->1006M(1979M) 131.626ms
[106.469s][info][gc,cpu         ] GC(1013) User=0.11s Sys=0.00s Real=0.13s
[106.602s][info][gc,start       ] GC(1014) Pause Young (Allocation Failure)
[106.607s][info][gc,heap        ] GC(1014) DefNew: 559232K(629120K)->4936K(629120K) Eden: 559232K(559232K)->0K(559232K) From: 0K(69888K)->4936K(69888K)
[106.607s][info][gc,heap        ] GC(1014) Tenured: 1031056K(1398144K)->1031056K(1398144K)
[106.607s][info][gc,metaspace   ] GC(1014) Metaspace: 130681K(132416K)->130681K(132416K) NonClass: 113852K(114624K)->113852K(114624K) Class: 16829K(17792K)->16829K(17792K)
[106.607s][info][gc             ] GC(1014) Pause Young (Allocation Failure) 1553M->1011M(1979M) 4.644ms
[106.607s][info][gc,cpu         ] GC(1014) User=0.02s Sys=0.00s Real=0.00s
[106.661s][info][gc,start       ] GC(1015) Pause Young (Allocation Failure)
[106.665s][info][gc,heap        ] GC(1015) DefNew: 562372K(629120K)->5849K(629120K) Eden: 557435K(559232K)->0K(559232K) From: 4936K(69888K)->5849K(69888K)
[106.665s][info][gc,heap        ] GC(1015) Tenured: 1031056K(1398144K)->1031056K(1398144K)
[106.665s][info][gc,metaspace   ] GC(1015) Metaspace: 130681K(132416K)->130681K(132416K) NonClass: 113852K(114624K)->113852K(114624K) Class: 16829K(17792K)->16829K(17792K)
[106.665s][info][gc             ] GC(1015) Pause Young (Allocation Failure) 1556M->1012M(1979M) 3.769ms
[106.665s][info][gc,cpu         ] GC(1015) User=0.00s Sys=0.00s Real=0.00s
[106.719s][info][gc,start       ] GC(1016) Pause Young (Allocation Failure)
[106.723s][info][gc,heap        ] GC(1016) DefNew: 565081K(629120K)->9029K(629120K) Eden: 559232K(559232K)->0K(559232K) From: 5849K(69888K)->9029K(69888K)
[106.724s][info][gc,heap        ] GC(1016) Tenured: 1031056K(1398144K)->1031056K(1398144K)
[106.724s][info][gc,metaspace   ] GC(1016) Metaspace: 130681K(132416K)->130681K(132416K) NonClass: 113852K(114624K)->113852K(114624K) Class: 16829K(17792K)->16829K(17792K)
[106.724s][info][gc             ] GC(1016) Pause Young (Allocation Failure) 1558M->1015M(1979M) 4.054ms
[106.724s][info][gc,cpu         ] GC(1016) User=0.00s Sys=0.00s Real=0.00s
[106.779s][info][gc,start       ] GC(1017) Pause Young (Allocation Failure)
[106.784s][info][gc,heap        ] GC(1017) DefNew: 568261K(629120K)->14019K(629120K) Eden: 559232K(559232K)->0K(559232K) From: 9029K(69888K)->14019K(69888K)
[106.784s][info][gc,heap        ] GC(1017) Tenured: 1031056K(1398144K)->1031056K(1398144K)
[106.784s][info][gc,metaspace   ] GC(1017) Metaspace: 130681K(132416K)->130681K(132416K) NonClass: 113852K(114624K)->113852K(114624K) Class: 16829K(17792K)->16829K(17792K)
[106.784s][info][gc             ] GC(1017) Pause Young (Allocation Failure) 1561M->1020M(1979M) 4.710ms
[106.784s][info][gc,cpu         ] GC(1017) User=0.00s Sys=0.00s Real=0.02s
[106.841s][info][gc,start       ] GC(1018) Pause Young (Allocation Failure)
[106.845s][info][gc,heap        ] GC(1018) DefNew: 573251K(629120K)->13588K(629120K) Eden: 559232K(559232K)->0K(559232K) From: 14019K(69888K)->13588K(69888K)
[106.845s][info][gc,heap        ] GC(1018) Tenured: 1031056K(1398144K)->1031056K(1398144K)
[106.845s][info][gc,metaspace   ] GC(1018) Metaspace: 130681K(132416K)->130681K(132416K) NonClass: 113852K(114624K)->113852K(114624K) Class: 16829K(17792K)->16829K(17792K)
[106.845s][info][gc             ] GC(1018) Pause Young (Allocation Failure) 1566M->1020M(1979M) 4.710ms
[106.845s][info][gc,cpu         ] GC(1018) User=0.00s Sys=0.00s Real=0.00s
[106.902s][info][gc,start       ] GC(1019) Pause Young (Allocation Failure)
[106.907s][info][gc,heap        ] GC(1019) DefNew: 572820K(629120K)->17710K(629120K) Eden: 559232K(559232K)->0K(559232K) From: 13588K(69888K)->17710K(69888K)
[106.907s][info][gc,heap        ] GC(1019) Tenured: 1031056K(1398144K)->1031056K(1398144K)
[106.907s][info][gc,metaspace   ] GC(1019) Metaspace: 130681K(132416K)->130681K(132416K) NonClass: 113852K(114624K)->113852K(114624K) Class: 16829K(17792K)->16829K(17792K)
[106.907s][info][gc             ] GC(1019) Pause Young (Allocation Failure) 1566M->1024M(1979M) 5.163ms
[106.907s][info][gc,cpu         ] GC(1019) User=0.00s Sys=0.00s Real=0.01s
[106.962s][info][gc,start       ] GC(1020) Pause Young (Allocation Failure)
[106.968s][info][gc,heap        ] GC(1020) DefNew: 576942K(629120K)->22013K(629120K) Eden: 559232K(559232K)->0K(559232K) From: 17710K(69888K)->22013K(69888K)
[106.968s][info][gc,heap        ] GC(1020) Tenured: 1031056K(1398144K)->1031056K(1398144K)
[106.968s][info][gc,metaspace   ] GC(1020) Metaspace: 130681K(132416K)->130681K(132416K) NonClass: 113852K(114624K)->113852K(114624K) Class: 16829K(17792K)->16829K(17792K)
[106.968s][info][gc             ] GC(1020) Pause Young (Allocation Failure) 1570M->1028M(1979M) 5.499ms
[106.968s][info][gc,cpu         ] GC(1020) User=0.00s Sys=0.00s Real=0.01s
[107.024s][info][gc,start       ] GC(1021) Pause Young (Allocation Failure)
[107.030s][info][gc,heap        ] GC(1021) DefNew: 581245K(629120K)->26108K(629120K) Eden: 559232K(559232K)->0K(559232K) From: 22013K(69888K)->26108K(69888K)
[107.030s][info][gc,heap        ] GC(1021) Tenured: 1031056K(1398144K)->1031056K(1398144K)
[107.030s][info][gc,metaspace   ] GC(1021) Metaspace: 130681K(132416K)->130681K(132416K) NonClass: 113852K(114624K)->113852K(114624K) Class: 16829K(17792K)->16829K(17792K)
[107.030s][info][gc             ] GC(1021) Pause Young (Allocation Failure) 1574M->1032M(1979M) 5.857ms
[107.030s][info][gc,cpu         ] GC(1021) User=0.00s Sys=0.00s Real=0.01s
[107.086s][info][gc,start       ] GC(1022) Pause Young (Allocation Failure)
[107.092s][info][gc,heap        ] GC(1022) DefNew: 585340K(629120K)->30018K(629120K) Eden: 559232K(559232K)->0K(559232K) From: 26108K(69888K)->30018K(69888K)
[107.092s][info][gc,heap        ] GC(1022) Tenured: 1031056K(1398144K)->1031056K(1398144K)
[107.092s][info][gc,metaspace   ] GC(1022) Metaspace: 130681K(132416K)->130681K(132416K) NonClass: 113852K(114624K)->113852K(114624K) Class: 16829K(17792K)->16829K(17792K)
[107.092s][info][gc             ] GC(1022) Pause Young (Allocation Failure) 1578M->1036M(1979M) 6.394ms
[107.092s][info][gc,cpu         ] GC(1022) User=0.00s Sys=0.00s Real=0.00s
[107.150s][info][gc,start       ] GC(1023) Pause Young (Allocation Failure)
[107.158s][info][gc,heap        ] GC(1023) DefNew: 589250K(629120K)->35477K(629120K) Eden: 559232K(559232K)->0K(559232K) From: 30018K(69888K)->35477K(69888K)
[107.158s][info][gc,heap        ] GC(1023) Tenured: 1031056K(1398144K)->1031056K(1398144K)
[107.158s][info][gc,metaspace   ] GC(1023) Metaspace: 130681K(132416K)->130681K(132416K) NonClass: 113852K(114624K)->113852K(114624K) Class: 16829K(17792K)->16829K(17792K)
[107.158s][info][gc             ] GC(1023) Pause Young (Allocation Failure) 1582M->1041M(1979M) 7.324ms
[107.158s][info][gc,cpu         ] GC(1023) User=0.02s Sys=0.00s Real=0.01s
[107.213s][info][gc,start       ] GC(1024) Pause Young (Allocation Failure)
[107.220s][info][gc,heap        ] GC(1024) DefNew: 594651K(629120K)->42589K(629120K) Eden: 559174K(559232K)->0K(559232K) From: 35477K(69888K)->42589K(69888K)
[107.220s][info][gc,heap        ] GC(1024) Tenured: 1031056K(1398144K)->1032652K(1398144K)
[107.220s][info][gc,metaspace   ] GC(1024) Metaspace: 130681K(132416K)->130681K(132416K) NonClass: 113852K(114624K)->113852K(114624K) Class: 16829K(17792K)->16829K(17792K)
[107.220s][info][gc             ] GC(1024) Pause Young (Allocation Failure) 1587M->1050M(1979M) 7.532ms
[107.220s][info][gc,cpu         ] GC(1024) User=0.00s Sys=0.00s Real=0.02s
[107.276s][info][gc,start       ] GC(1025) Pause Young (Allocation Failure)
[107.282s][info][gc,heap        ] GC(1025) DefNew: 601821K(629120K)->33863K(629120K) Eden: 559232K(559232K)->0K(559232K) From: 42589K(69888K)->33863K(69888K)
[107.282s][info][gc,heap        ] GC(1025) Tenured: 1032652K(1398144K)->1040846K(1398144K)
[107.282s][info][gc,metaspace   ] GC(1025) Metaspace: 130681K(132416K)->130681K(132416K) NonClass: 113852K(114624K)->113852K(114624K) Class: 16829K(17792K)->16829K(17792K)
[107.282s][info][gc             ] GC(1025) Pause Young (Allocation Failure) 1596M->1049M(1979M) 6.249ms
[107.282s][info][gc,cpu         ] GC(1025) User=0.00s Sys=0.00s Real=0.02s
[107.338s][info][gc,start       ] GC(1026) Pause Young (Allocation Failure)
[107.344s][info][gc,heap        ] GC(1026) DefNew: 593095K(629120K)->43556K(629120K) Eden: 559232K(559232K)->0K(559232K) From: 33863K(69888K)->43556K(69888K)
[107.344s][info][gc,heap        ] GC(1026) Tenured: 1040846K(1398144K)->1040846K(1398144K)
[107.344s][info][gc,metaspace   ] GC(1026) Metaspace: 130681K(132416K)->130681K(132416K) NonClass: 113852K(114624K)->113852K(114624K) Class: 16829K(17792K)->16829K(17792K)
[107.344s][info][gc             ] GC(1026) Pause Young (Allocation Failure) 1595M->1058M(1979M) 6.181ms
[107.344s][info][gc,cpu         ] GC(1026) User=0.02s Sys=0.00s Real=0.02s
[107.399s][info][gc,start       ] GC(1027) Pause Young (Allocation Failure)
[107.405s][info][gc,heap        ] GC(1027) DefNew: 602788K(629120K)->29465K(629120K) Eden: 559232K(559232K)->0K(559232K) From: 43556K(69888K)->29465K(69888K)
[107.405s][info][gc,heap        ] GC(1027) Tenured: 1040846K(1398144K)->1053447K(1398144K)
[107.405s][info][gc,metaspace   ] GC(1027) Metaspace: 130681K(132416K)->130681K(132416K) NonClass: 113852K(114624K)->113852K(114624K) Class: 16829K(17792K)->16829K(17792K)
[107.405s][info][gc             ] GC(1027) Pause Young (Allocation Failure) 1605M->1057M(1979M) 6.186ms
[107.405s][info][gc,cpu         ] GC(1027) User=0.00s Sys=0.00s Real=0.00s
[107.461s][info][gc,start       ] GC(1028) Pause Young (Allocation Failure)
[107.466s][info][gc,heap        ] GC(1028) DefNew: 588697K(629120K)->35335K(629120K) Eden: 559232K(559232K)->0K(559232K) From: 29465K(69888K)->35335K(69888K)
[107.466s][info][gc,heap        ] GC(1028) Tenured: 1053447K(1398144K)->1053447K(1398144K)
[107.466s][info][gc,metaspace   ] GC(1028) Metaspace: 130681K(132416K)->130681K(132416K) NonClass: 113852K(114624K)->113852K(114624K) Class: 16829K(17792K)->16829K(17792K)
[107.466s][info][gc             ] GC(1028) Pause Young (Allocation Failure) 1603M->1063M(1979M) 5.241ms
[107.466s][info][gc,cpu         ] GC(1028) User=0.00s Sys=0.00s Real=0.00s
[107.521s][info][gc,start       ] GC(1029) Pause Young (Allocation Failure)
[107.527s][info][gc,heap        ] GC(1029) DefNew: 594567K(629120K)->36692K(629120K) Eden: 559232K(559232K)->0K(559232K) From: 35335K(69888K)->36692K(69888K)
[107.527s][info][gc,heap        ] GC(1029) Tenured: 1053447K(1398144K)->1057544K(1398144K)
[107.527s][info][gc,metaspace   ] GC(1029) Metaspace: 130681K(132416K)->130681K(132416K) NonClass: 113852K(114624K)->113852K(114624K) Class: 16829K(17792K)->16829K(17792K)
[107.527s][info][gc             ] GC(1029) Pause Young (Allocation Failure) 1609M->1068M(1979M) 5.735ms
[107.527s][info][gc,cpu         ] GC(1029) User=0.00s Sys=0.00s Real=0.00s
[107.596s][info][gc,start       ] GC(1030) Pause Young (Allocation Failure)
[107.603s][info][gc,heap        ] GC(1030) DefNew: 595924K(629120K)->37373K(629120K) Eden: 559232K(559232K)->0K(559232K) From: 36692K(69888K)->37373K(69888K)
[107.603s][info][gc,heap        ] GC(1030) Tenured: 1057544K(1398144K)->1061641K(1398144K)
[107.603s][info][gc,metaspace   ] GC(1030) Metaspace: 130710K(132416K)->130710K(132416K) NonClass: 113880K(114624K)->113880K(114624K) Class: 16830K(17792K)->16830K(17792K)
[107.603s][info][gc             ] GC(1030) Pause Young (Allocation Failure) 1614M->1073M(1979M) 6.244ms
[107.603s][info][gc,cpu         ] GC(1030) User=0.00s Sys=0.00s Real=0.00s
[107.693s][info][gc,start       ] GC(1031) Pause Young (Allocation Failure)
[107.700s][info][gc,heap        ] GC(1031) DefNew: 596605K(629120K)->47101K(629120K) Eden: 559232K(559232K)->0K(559232K) From: 37373K(69888K)->47101K(69888K)
[107.700s][info][gc,heap        ] GC(1031) Tenured: 1061641K(1398144K)->1069836K(1398144K)
[107.700s][info][gc,metaspace   ] GC(1031) Metaspace: 130711K(132416K)->130711K(132416K) NonClass: 113881K(114624K)->113881K(114624K) Class: 16830K(17792K)->16830K(17792K)
[107.700s][info][gc             ] GC(1031) Pause Young (Allocation Failure) 1619M->1090M(1979M) 7.206ms
[107.700s][info][gc,cpu         ] GC(1031) User=0.00s Sys=0.00s Real=0.00s
[107.788s][info][gc,start       ] GC(1032) Pause Young (Allocation Failure)
[107.796s][info][gc,heap        ] GC(1032) DefNew: 606333K(629120K)->42206K(629120K) Eden: 559232K(559232K)->0K(559232K) From: 47101K(69888K)->42206K(69888K)
[107.796s][info][gc,heap        ] GC(1032) Tenured: 1069836K(1398144K)->1082128K(1398144K)
[107.796s][info][gc,metaspace   ] GC(1032) Metaspace: 130711K(132416K)->130711K(132416K) NonClass: 113881K(114624K)->113881K(114624K) Class: 16830K(17792K)->16830K(17792K)
[107.796s][info][gc             ] GC(1032) Pause Young (Allocation Failure) 1636M->1097M(1979M) 7.276ms
[107.796s][info][gc,cpu         ] GC(1032) User=0.00s Sys=0.00s Real=0.00s
[107.885s][info][gc,start       ] GC(1033) Pause Young (Allocation Failure)
[107.892s][info][gc,heap        ] GC(1033) DefNew: 601438K(629120K)->42683K(629120K) Eden: 559232K(559232K)->0K(559232K) From: 42206K(69888K)->42683K(69888K)
[107.892s][info][gc,heap        ] GC(1033) Tenured: 1082128K(1398144K)->1094868K(1398144K)
[107.892s][info][gc,metaspace   ] GC(1033) Metaspace: 130711K(132416K)->130711K(132416K) NonClass: 113881K(114624K)->113881K(114624K) Class: 16830K(17792K)->16830K(17792K)
[107.892s][info][gc             ] GC(1033) Pause Young (Allocation Failure) 1644M->1110M(1979M) 7.542ms
[107.892s][info][gc,cpu         ] GC(1033) User=0.00s Sys=0.00s Real=0.02s
[107.980s][info][gc,start       ] GC(1034) Pause Young (Allocation Failure)
[107.987s][info][gc,heap        ] GC(1034) DefNew: 601915K(629120K)->46446K(629120K) Eden: 559232K(559232K)->0K(559232K) From: 42683K(69888K)->46446K(69888K)
[107.988s][info][gc,heap        ] GC(1034) Tenured: 1094868K(1398144K)->1107185K(1398144K)
[107.988s][info][gc,metaspace   ] GC(1034) Metaspace: 130711K(132416K)->130711K(132416K) NonClass: 113881K(114624K)->113881K(114624K) Class: 16830K(17792K)->16830K(17792K)
[107.988s][info][gc             ] GC(1034) Pause Young (Allocation Failure) 1657M->1126M(1979M) 7.326ms
[107.988s][info][gc,cpu         ] GC(1034) User=0.00s Sys=0.00s Real=0.02s
[108.077s][info][gc,start       ] GC(1035) Pause Young (Allocation Failure)
[108.085s][info][gc,heap        ] GC(1035) DefNew: 605678K(629120K)->45845K(629120K) Eden: 559232K(559232K)->0K(559232K) From: 46446K(69888K)->45845K(69888K)
[108.085s][info][gc,heap        ] GC(1035) Tenured: 1107185K(1398144K)->1119478K(1398144K)
[108.085s][info][gc,metaspace   ] GC(1035) Metaspace: 130711K(132416K)->130711K(132416K) NonClass: 113881K(114624K)->113881K(114624K) Class: 16830K(17792K)->16830K(17792K)
[108.085s][info][gc             ] GC(1035) Pause Young (Allocation Failure) 1672M->1138M(1979M) 8.336ms
[108.085s][info][gc,cpu         ] GC(1035) User=0.00s Sys=0.00s Real=0.02s
[108.176s][info][gc,start       ] GC(1036) Pause Young (Allocation Failure)
[108.183s][info][gc,heap        ] GC(1036) DefNew: 605077K(629120K)->48165K(629120K) Eden: 559232K(559232K)->0K(559232K) From: 45845K(69888K)->48165K(69888K)
[108.183s][info][gc,heap        ] GC(1036) Tenured: 1119478K(1398144K)->1131789K(1398144K)
[108.183s][info][gc,metaspace   ] GC(1036) Metaspace: 130711K(132416K)->130711K(132416K) NonClass: 113881K(114624K)->113881K(114624K) Class: 16830K(17792K)->16830K(17792K)
[108.183s][info][gc             ] GC(1036) Pause Young (Allocation Failure) 1684M->1152M(1979M) 7.471ms
[108.183s][info][gc,cpu         ] GC(1036) User=0.00s Sys=0.00s Real=0.00s
[108.275s][info][gc,start       ] GC(1037) Pause Young (Allocation Failure)
[108.282s][info][gc,heap        ] GC(1037) DefNew: 607397K(629120K)->27859K(629120K) Eden: 559232K(559232K)->0K(559232K) From: 48165K(69888K)->27859K(69888K)
[108.282s][info][gc,heap        ] GC(1037) Tenured: 1131789K(1398144K)->1160450K(1398144K)
[108.282s][info][gc,metaspace   ] GC(1037) Metaspace: 130711K(132416K)->130711K(132416K) NonClass: 113881K(114624K)->113881K(114624K) Class: 16830K(17792K)->16830K(17792K)
[108.282s][info][gc             ] GC(1037) Pause Young (Allocation Failure) 1698M->1160M(1979M) 7.113ms
[108.282s][info][gc,cpu         ] GC(1037) User=0.00s Sys=0.00s Real=0.00s
[108.366s][info][gc,start       ] GC(1038) Pause Young (Allocation Failure)
[108.371s][info][gc,heap        ] GC(1038) DefNew: 587091K(629120K)->33125K(629120K) Eden: 559232K(559232K)->0K(559232K) From: 27859K(69888K)->33125K(69888K)
[108.371s][info][gc,heap        ] GC(1038) Tenured: 1160450K(1398144K)->1160450K(1398144K)
[108.371s][info][gc,metaspace   ] GC(1038) Metaspace: 130711K(132416K)->130711K(132416K) NonClass: 113881K(114624K)->113881K(114624K) Class: 16830K(17792K)->16830K(17792K)
[108.371s][info][gc             ] GC(1038) Pause Young (Allocation Failure) 1706M->1165M(1979M) 5.288ms
[108.371s][info][gc,cpu         ] GC(1038) User=0.00s Sys=0.00s Real=0.00s
[108.460s][info][gc,start       ] GC(1039) Pause Young (Allocation Failure)
[108.466s][info][gc,heap        ] GC(1039) DefNew: 592357K(629120K)->44526K(629120K) Eden: 559232K(559232K)->0K(559232K) From: 33125K(69888K)->44526K(69888K)
[108.466s][info][gc,heap        ] GC(1039) Tenured: 1160450K(1398144K)->1160450K(1398144K)
[108.466s][info][gc,metaspace   ] GC(1039) Metaspace: 130711K(132416K)->130711K(132416K) NonClass: 113881K(114624K)->113881K(114624K) Class: 16830K(17792K)->16830K(17792K)
[108.466s][info][gc             ] GC(1039) Pause Young (Allocation Failure) 1711M->1176M(1979M) 5.998ms
[108.466s][info][gc,cpu         ] GC(1039) User=0.00s Sys=0.00s Real=0.00s
[108.555s][info][gc,start       ] GC(1040) Pause Young (Allocation Failure)
[108.561s][info][gc,heap        ] GC(1040) DefNew: 603758K(629120K)->41796K(629120K) Eden: 559232K(559232K)->0K(559232K) From: 44526K(69888K)->41796K(69888K)
[108.561s][info][gc,heap        ] GC(1040) Tenured: 1160450K(1398144K)->1172742K(1398144K)
[108.561s][info][gc,metaspace   ] GC(1040) Metaspace: 130711K(132416K)->130711K(132416K) NonClass: 113881K(114624K)->113881K(114624K) Class: 16830K(17792K)->16830K(17792K)
[108.561s][info][gc             ] GC(1040) Pause Young (Allocation Failure) 1722M->1186M(1979M) 6.632ms
[108.562s][info][gc,cpu         ] GC(1040) User=0.00s Sys=0.00s Real=0.00s
[108.651s][info][gc,start       ] GC(1041) Pause Young (Allocation Failure)
[108.658s][info][gc,heap        ] GC(1041) DefNew: 601028K(629120K)->41359K(629120K) Eden: 559232K(559232K)->0K(559232K) From: 41796K(69888K)->41359K(69888K)
[108.658s][info][gc,heap        ] GC(1041) Tenured: 1172742K(1398144K)->1185082K(1398144K)
[108.658s][info][gc,metaspace   ] GC(1041) Metaspace: 130711K(132416K)->130711K(132416K) NonClass: 113881K(114624K)->113881K(114624K) Class: 16830K(17792K)->16830K(17792K)
[108.658s][info][gc             ] GC(1041) Pause Young (Allocation Failure) 1732M->1197M(1979M) 7.246ms
[108.658s][info][gc,cpu         ] GC(1041) User=0.00s Sys=0.00s Real=0.00s
[108.746s][info][gc,start       ] GC(1042) Pause Young (Allocation Failure)
[108.752s][info][gc,heap        ] GC(1042) DefNew: 600591K(629120K)->33563K(629120K) Eden: 559232K(559232K)->0K(559232K) From: 41359K(69888K)->33563K(69888K)
[108.752s][info][gc,heap        ] GC(1042) Tenured: 1185082K(1398144K)->1193277K(1398144K)
[108.752s][info][gc,metaspace   ] GC(1042) Metaspace: 130711K(132416K)->130711K(132416K) NonClass: 113881K(114624K)->113881K(114624K) Class: 16830K(17792K)->16830K(17792K)
[108.752s][info][gc             ] GC(1042) Pause Young (Allocation Failure) 1743M->1198M(1979M) 6.005ms
[108.752s][info][gc,cpu         ] GC(1042) User=0.00s Sys=0.00s Real=0.01s
[108.841s][info][gc,start       ] GC(1043) Pause Young (Allocation Failure)
[108.847s][info][gc,heap        ] GC(1043) DefNew: 590852K(629120K)->40377K(629120K) Eden: 557289K(559232K)->0K(559232K) From: 33563K(69888K)->40377K(69888K)
[108.847s][info][gc,heap        ] GC(1043) Tenured: 1193277K(1398144K)->1193277K(1398144K)
[108.847s][info][gc,metaspace   ] GC(1043) Metaspace: 130711K(132416K)->130711K(132416K) NonClass: 113881K(114624K)->113881K(114624K) Class: 16830K(17792K)->16830K(17792K)
[108.847s][info][gc             ] GC(1043) Pause Young (Allocation Failure) 1742M->1204M(1979M) 5.834ms
[108.847s][info][gc,cpu         ] GC(1043) User=0.00s Sys=0.00s Real=0.00s
[108.935s][info][gc,start       ] GC(1044) Pause Young (Allocation Failure)
[108.942s][info][gc,heap        ] GC(1044) DefNew: 599609K(629120K)->32183K(629120K) Eden: 559232K(559232K)->0K(559232K) From: 40377K(69888K)->32183K(69888K)
[108.942s][info][gc,heap        ] GC(1044) Tenured: 1193277K(1398144K)->1205569K(1398144K)
[108.942s][info][gc,metaspace   ] GC(1044) Metaspace: 130711K(132416K)->130711K(132416K) NonClass: 113881K(114624K)->113881K(114624K) Class: 16830K(17792K)->16830K(17792K)
[108.942s][info][gc             ] GC(1044) Pause Young (Allocation Failure) 1750M->1208M(1979M) 6.267ms
[108.942s][info][gc,cpu         ] GC(1044) User=0.00s Sys=0.00s Real=0.00s
[109.032s][info][gc,start       ] GC(1045) Pause Young (Allocation Failure)
[109.038s][info][gc,heap        ] GC(1045) DefNew: 591415K(629120K)->40146K(629120K) Eden: 559232K(559232K)->0K(559232K) From: 32183K(69888K)->40146K(69888K)
[109.038s][info][gc,heap        ] GC(1045) Tenured: 1205569K(1398144K)->1205569K(1398144K)
[109.038s][info][gc,metaspace   ] GC(1045) Metaspace: 130711K(132416K)->130711K(132416K) NonClass: 113881K(114624K)->113881K(114624K) Class: 16830K(17792K)->16830K(17792K)
[109.038s][info][gc             ] GC(1045) Pause Young (Allocation Failure) 1754M->1216M(1979M) 6.136ms
[109.038s][info][gc,cpu         ] GC(1045) User=0.02s Sys=0.00s Real=0.02s
[109.122s][info][gc,start       ] GC(1046) Pause Young (Allocation Failure)
[109.128s][info][gc,heap        ] GC(1046) DefNew: 599378K(629120K)->30978K(629120K) Eden: 559232K(559232K)->0K(559232K) From: 40146K(69888K)->30978K(69888K)
[109.128s][info][gc,heap        ] GC(1046) Tenured: 1205569K(1398144K)->1217860K(1398144K)
[109.128s][info][gc,metaspace   ] GC(1046) Metaspace: 130711K(132416K)->130711K(132416K) NonClass: 113881K(114624K)->113881K(114624K) Class: 16830K(17792K)->16830K(17792K)
[109.128s][info][gc             ] GC(1046) Pause Young (Allocation Failure) 1762M->1219M(1979M) 6.103ms
[109.128s][info][gc,cpu         ] GC(1046) User=0.00s Sys=0.00s Real=0.00s
[109.212s][info][gc,start       ] GC(1047) Pause Young (Allocation Failure)
[109.216s][info][gc,heap        ] GC(1047) DefNew: 590210K(629120K)->25122K(629120K) Eden: 559232K(559232K)->0K(559232K) From: 30978K(69888K)->25122K(69888K)
[109.216s][info][gc,heap        ] GC(1047) Tenured: 1217860K(1398144K)->1217860K(1398144K)
[109.216s][info][gc,metaspace   ] GC(1047) Metaspace: 130711K(132416K)->130711K(132416K) NonClass: 113881K(114624K)->113881K(114624K) Class: 16830K(17792K)->16830K(17792K)
[109.216s][info][gc             ] GC(1047) Pause Young (Allocation Failure) 1765M->1213M(1979M) 4.393ms
[109.217s][info][gc,cpu         ] GC(1047) User=0.00s Sys=0.00s Real=0.00s
[109.299s][info][gc,start       ] GC(1048) Pause Young (Allocation Failure)
[109.304s][info][gc,heap        ] GC(1048) DefNew: 584354K(629120K)->27840K(629120K) Eden: 559232K(559232K)->0K(559232K) From: 25122K(69888K)->27840K(69888K)
[109.304s][info][gc,heap        ] GC(1048) Tenured: 1217860K(1398144K)->1217860K(1398144K)
[109.304s][info][gc,metaspace   ] GC(1048) Metaspace: 130711K(132416K)->130711K(132416K) NonClass: 113881K(114624K)->113881K(114624K) Class: 16830K(17792K)->16830K(17792K)
[109.304s][info][gc             ] GC(1048) Pause Young (Allocation Failure) 1759M->1216M(1979M) 4.881ms
[109.304s][info][gc,cpu         ] GC(1048) User=0.00s Sys=0.00s Real=0.00s
[109.390s][info][gc,start       ] GC(1049) Pause Young (Allocation Failure)
[109.395s][info][gc,heap        ] GC(1049) DefNew: 587072K(629120K)->35348K(629120K) Eden: 559232K(559232K)->0K(559232K) From: 27840K(69888K)->35348K(69888K)
[109.395s][info][gc,heap        ] GC(1049) Tenured: 1217860K(1398144K)->1217860K(1398144K)
[109.395s][info][gc,metaspace   ] GC(1049) Metaspace: 130711K(132416K)->130711K(132416K) NonClass: 113881K(114624K)->113881K(114624K) Class: 16830K(17792K)->16830K(17792K)
[109.395s][info][gc             ] GC(1049) Pause Young (Allocation Failure) 1762M->1223M(1979M) 5.125ms
[109.395s][info][gc,cpu         ] GC(1049) User=0.00s Sys=0.00s Real=0.00s
[109.483s][info][gc,start       ] GC(1050) Pause Young (Allocation Failure)
[109.489s][info][gc,heap        ] GC(1050) DefNew: 594580K(629120K)->24625K(629120K) Eden: 559232K(559232K)->0K(559232K) From: 35348K(69888K)->24625K(69888K)
[109.489s][info][gc,heap        ] GC(1050) Tenured: 1217860K(1398144K)->1226054K(1398144K)
[109.489s][info][gc,metaspace   ] GC(1050) Metaspace: 130711K(132416K)->130711K(132416K) NonClass: 113881K(114624K)->113881K(114624K) Class: 16830K(17792K)->16830K(17792K)
[109.489s][info][gc             ] GC(1050) Pause Young (Allocation Failure) 1769M->1221M(1979M) 5.300ms
[109.489s][info][gc,cpu         ] GC(1050) User=0.00s Sys=0.00s Real=0.00s
[109.575s][info][gc,start       ] GC(1051) Pause Young (Allocation Failure)
[109.580s][info][gc,heap        ] GC(1051) DefNew: 583857K(629120K)->30090K(629120K) Eden: 559232K(559232K)->0K(559232K) From: 24625K(69888K)->30090K(69888K)
[109.580s][info][gc,heap        ] GC(1051) Tenured: 1226054K(1398144K)->1226054K(1398144K)
[109.580s][info][gc,metaspace   ] GC(1051) Metaspace: 130711K(132416K)->130711K(132416K) NonClass: 113881K(114624K)->113881K(114624K) Class: 16830K(17792K)->16830K(17792K)
[109.580s][info][gc             ] GC(1051) Pause Young (Allocation Failure) 1767M->1226M(1979M) 4.710ms
[109.580s][info][gc,cpu         ] GC(1051) User=0.00s Sys=0.00s Real=0.00s
[109.667s][info][gc,start       ] GC(1052) Pause Young (Allocation Failure)
[109.671s][info][gc,heap        ] GC(1052) DefNew: 589322K(629120K)->22185K(629120K) Eden: 559232K(559232K)->0K(559232K) From: 30090K(69888K)->22185K(69888K)
[109.671s][info][gc,heap        ] GC(1052) Tenured: 1226054K(1398144K)->1226054K(1398144K)
[109.671s][info][gc,metaspace   ] GC(1052) Metaspace: 130711K(132416K)->130711K(132416K) NonClass: 113881K(114624K)->113881K(114624K) Class: 16830K(17792K)->16830K(17792K)
[109.671s][info][gc             ] GC(1052) Pause Young (Allocation Failure) 1772M->1218M(1979M) 3.910ms
[109.671s][info][gc,cpu         ] GC(1052) User=0.00s Sys=0.00s Real=0.00s
[109.758s][info][gc,start       ] GC(1053) Pause Young (Allocation Failure)
[109.763s][info][gc,heap        ] GC(1053) DefNew: 581417K(629120K)->25397K(629120K) Eden: 559232K(559232K)->0K(559232K) From: 22185K(69888K)->25397K(69888K)
[109.763s][info][gc,heap        ] GC(1053) Tenured: 1226054K(1398144K)->1226054K(1398144K)
[109.763s][info][gc,metaspace   ] GC(1053) Metaspace: 130711K(132416K)->130711K(132416K) NonClass: 113881K(114624K)->113881K(114624K) Class: 16830K(17792K)->16830K(17792K)
[109.763s][info][gc             ] GC(1053) Pause Young (Allocation Failure) 1765M->1222M(1979M) 4.538ms
[109.763s][info][gc,cpu         ] GC(1053) User=0.00s Sys=0.00s Real=0.01s
[109.851s][info][gc,start       ] GC(1054) Pause Young (Allocation Failure)
[109.855s][info][gc,heap        ] GC(1054) DefNew: 584629K(629120K)->26891K(629120K) Eden: 559232K(559232K)->0K(559232K) From: 25397K(69888K)->26891K(69888K)
[109.855s][info][gc,heap        ] GC(1054) Tenured: 1226054K(1398144K)->1226054K(1398144K)
[109.855s][info][gc,metaspace   ] GC(1054) Metaspace: 130711K(132416K)->130711K(132416K) NonClass: 113881K(114624K)->113881K(114624K) Class: 16830K(17792K)->16830K(17792K)
[109.855s][info][gc             ] GC(1054) Pause Young (Allocation Failure) 1768M->1223M(1979M) 4.669ms
[109.855s][info][gc,cpu         ] GC(1054) User=0.00s Sys=0.00s Real=0.02s
[109.943s][info][gc,start       ] GC(1055) Pause Young (Allocation Failure)
[109.947s][info][gc,heap        ] GC(1055) DefNew: 586123K(629120K)->24044K(629120K) Eden: 559232K(559232K)->0K(559232K) From: 26891K(69888K)->24044K(69888K)
[109.947s][info][gc,heap        ] GC(1055) Tenured: 1226054K(1398144K)->1226054K(1398144K)
[109.947s][info][gc,metaspace   ] GC(1055) Metaspace: 130711K(132416K)->130711K(132416K) NonClass: 113881K(114624K)->113881K(114624K) Class: 16830K(17792K)->16830K(17792K)
[109.947s][info][gc             ] GC(1055) Pause Young (Allocation Failure) 1769M->1220M(1979M) 4.167ms
[109.947s][info][gc,cpu         ] GC(1055) User=0.00s Sys=0.00s Real=0.00s
[110.035s][info][gc,start       ] GC(1056) Pause Young (Allocation Failure)
[110.039s][info][gc,heap        ] GC(1056) DefNew: 583276K(629120K)->30084K(629120K) Eden: 559232K(559232K)->0K(559232K) From: 24044K(69888K)->30084K(69888K)
[110.040s][info][gc,heap        ] GC(1056) Tenured: 1226054K(1398144K)->1226054K(1398144K)
[110.040s][info][gc,metaspace   ] GC(1056) Metaspace: 130711K(132416K)->130711K(132416K) NonClass: 113881K(114624K)->113881K(114624K) Class: 16830K(17792K)->16830K(17792K)
[110.040s][info][gc             ] GC(1056) Pause Young (Allocation Failure) 1766M->1226M(1979M) 5.014ms
[110.040s][info][gc,cpu         ] GC(1056) User=0.00s Sys=0.00s Real=0.00s
[110.129s][info][gc,start       ] GC(1057) Pause Young (Allocation Failure)
[110.134s][info][gc,heap        ] GC(1057) DefNew: 589316K(629120K)->27751K(629120K) Eden: 559232K(559232K)->0K(559232K) From: 30084K(69888K)->27751K(69888K)
[110.134s][info][gc,heap        ] GC(1057) Tenured: 1226054K(1398144K)->1226054K(1398144K)
[110.134s][info][gc,metaspace   ] GC(1057) Metaspace: 130711K(132416K)->130711K(132416K) NonClass: 113881K(114624K)->113881K(114624K) Class: 16830K(17792K)->16830K(17792K)
[110.134s][info][gc             ] GC(1057) Pause Young (Allocation Failure) 1772M->1224M(1979M) 4.852ms
[110.134s][info][gc,cpu         ] GC(1057) User=0.00s Sys=0.00s Real=0.00s
[110.221s][info][gc,start       ] GC(1058) Pause Young (Allocation Failure)
[110.225s][info][gc,heap        ] GC(1058) DefNew: 586983K(629120K)->25408K(629120K) Eden: 559232K(559232K)->0K(559232K) From: 27751K(69888K)->25408K(69888K)
[110.225s][info][gc,heap        ] GC(1058) Tenured: 1226054K(1398144K)->1226054K(1398144K)
[110.225s][info][gc,metaspace   ] GC(1058) Metaspace: 130711K(132416K)->130711K(132416K) NonClass: 113881K(114624K)->113881K(114624K) Class: 16830K(17792K)->16830K(17792K)
[110.226s][info][gc             ] GC(1058) Pause Young (Allocation Failure) 1770M->1222M(1979M) 4.430ms
[110.226s][info][gc,cpu         ] GC(1058) User=0.00s Sys=0.00s Real=0.00s
[110.315s][info][gc,start       ] GC(1059) Pause Young (Allocation Failure)
[110.319s][info][gc,heap        ] GC(1059) DefNew: 584640K(629120K)->19652K(629120K) Eden: 559232K(559232K)->0K(559232K) From: 25408K(69888K)->19652K(69888K)
[110.319s][info][gc,heap        ] GC(1059) Tenured: 1226054K(1398144K)->1230151K(1398144K)
[110.319s][info][gc,metaspace   ] GC(1059) Metaspace: 130711K(132416K)->130711K(132416K) NonClass: 113881K(114624K)->113881K(114624K) Class: 16830K(17792K)->16830K(17792K)
[110.319s][info][gc             ] GC(1059) Pause Young (Allocation Failure) 1768M->1220M(1979M) 4.217ms
[110.319s][info][gc,cpu         ] GC(1059) User=0.00s Sys=0.00s Real=0.00s
[110.406s][info][gc,start       ] GC(1060) Pause Young (Allocation Failure)
[110.410s][info][gc,heap        ] GC(1060) DefNew: 578884K(629120K)->9866K(629120K) Eden: 559232K(559232K)->0K(559232K) From: 19652K(69888K)->9866K(69888K)
[110.410s][info][gc,heap        ] GC(1060) Tenured: 1230151K(1398144K)->1238387K(1398144K)
[110.410s][info][gc,metaspace   ] GC(1060) Metaspace: 130711K(132416K)->130711K(132416K) NonClass: 113881K(114624K)->113881K(114624K) Class: 16830K(17792K)->16830K(17792K)
[110.410s][info][gc             ] GC(1060) Pause Young (Allocation Failure) 1766M->1218M(1979M) 4.005ms
[110.410s][info][gc,cpu         ] GC(1060) User=0.00s Sys=0.00s Real=0.00s
[110.497s][info][gc,start       ] GC(1061) Pause Young (Allocation Failure)
[110.501s][info][gc,heap        ] GC(1061) DefNew: 569098K(629120K)->17746K(629120K) Eden: 559232K(559232K)->0K(559232K) From: 9866K(69888K)->17746K(69888K)
[110.501s][info][gc,heap        ] GC(1061) Tenured: 1238387K(1398144K)->1238387K(1398144K)
[110.501s][info][gc,metaspace   ] GC(1061) Metaspace: 130711K(132416K)->130711K(132416K) NonClass: 113881K(114624K)->113881K(114624K) Class: 16830K(17792K)->16830K(17792K)
[110.501s][info][gc             ] GC(1061) Pause Young (Allocation Failure) 1765M->1226M(1979M) 3.963ms
[110.501s][info][gc,cpu         ] GC(1061) User=0.00s Sys=0.00s Real=0.02s
[110.589s][info][gc,start       ] GC(1062) Pause Young (Allocation Failure)
[110.592s][info][gc,heap        ] GC(1062) DefNew: 576978K(629120K)->15013K(629120K) Eden: 559232K(559232K)->0K(559232K) From: 17746K(69888K)->15013K(69888K)
[110.592s][info][gc,heap        ] GC(1062) Tenured: 1238387K(1398144K)->1238387K(1398144K)
[110.592s][info][gc,metaspace   ] GC(1062) Metaspace: 130711K(132416K)->130711K(132416K) NonClass: 113881K(114624K)->113881K(114624K) Class: 16830K(17792K)->16830K(17792K)
[110.592s][info][gc             ] GC(1062) Pause Young (Allocation Failure) 1772M->1224M(1979M) 3.562ms
[110.592s][info][gc,cpu         ] GC(1062) User=0.02s Sys=0.00s Real=0.02s
[110.710s][info][gc,start       ] GC(1063) Pause Young (Allocation Failure)
[110.714s][info][gc,heap        ] GC(1063) DefNew: 574245K(629120K)->14187K(629120K) Eden: 559232K(559232K)->0K(559232K) From: 15013K(69888K)->14187K(69888K)
[110.714s][info][gc,heap        ] GC(1063) Tenured: 1238387K(1398144K)->1238387K(1398144K)
[110.714s][info][gc,metaspace   ] GC(1063) Metaspace: 130711K(132416K)->130711K(132416K) NonClass: 113881K(114624K)->113881K(114624K) Class: 16830K(17792K)->16830K(17792K)
[110.714s][info][gc             ] GC(1063) Pause Young (Allocation Failure) 1770M->1223M(1979M) 3.721ms
[110.714s][info][gc,cpu         ] GC(1063) User=0.00s Sys=0.00s Real=0.00s
[110.872s][info][gc,start       ] GC(1064) Pause Full (System.gc())
[110.872s][info][gc,phases,start] GC(1064) Phase 1: Mark live objects
[110.926s][info][gc,phases      ] GC(1064) Phase 1: Mark live objects 53.973ms
[110.926s][info][gc,phases,start] GC(1064) Phase 2: Compute new object addresses
[110.974s][info][gc,phases      ] GC(1064) Phase 2: Compute new object addresses 47.642ms
[110.974s][info][gc,phases,start] GC(1064) Phase 3: Adjust pointers
[111.004s][info][gc,phases      ] GC(1064) Phase 3: Adjust pointers 30.541ms
[111.004s][info][gc,phases,start] GC(1064) Phase 4: Move objects
[111.007s][info][gc,phases      ] GC(1064) Phase 4: Move objects 2.274ms
[111.007s][info][gc,heap        ] GC(1064) DefNew: 289666K(629120K)->0K(629120K) Eden: 275479K(559232K)->0K(559232K) From: 14187K(69888K)->0K(69888K)
[111.008s][info][gc,heap        ] GC(1064) Tenured: 1238387K(1398144K)->969399K(1398144K)
[111.008s][info][gc,metaspace   ] GC(1064) Metaspace: 130736K(132480K)->130736K(132480K) NonClass: 113906K(114688K)->113906K(114688K) Class: 16830K(17792K)->16830K(17792K)
[111.008s][info][gc             ] GC(1064) Pause Full (System.gc()) 1492M->946M(1979M) 135.443ms
[111.008s][info][gc,cpu         ] GC(1064) User=0.12s Sys=0.00s Real=0.14s
[111.155s][info][gc,start       ] GC(1065) Pause Young (Allocation Failure)
[111.160s][info][gc,heap        ] GC(1065) DefNew: 559232K(629120K)->2188K(629120K) Eden: 559232K(559232K)->0K(559232K) From: 0K(69888K)->2188K(69888K)
[111.160s][info][gc,heap        ] GC(1065) Tenured: 969399K(1398144K)->969399K(1398144K)
[111.160s][info][gc,metaspace   ] GC(1065) Metaspace: 130804K(132544K)->130804K(132544K) NonClass: 113973K(114752K)->113973K(114752K) Class: 16831K(17792K)->16831K(17792K)
[111.160s][info][gc             ] GC(1065) Pause Young (Allocation Failure) 1492M->948M(1979M) 4.274ms
[111.160s][info][gc,cpu         ] GC(1065) User=0.02s Sys=0.00s Real=0.00s
[111.215s][info][gc,start       ] GC(1066) Pause Young (Allocation Failure)
[111.218s][info][gc,heap        ] GC(1066) DefNew: 561420K(629120K)->3367K(629120K) Eden: 559232K(559232K)->0K(559232K) From: 2188K(69888K)->3367K(69888K)
[111.218s][info][gc,heap        ] GC(1066) Tenured: 969399K(1398144K)->969399K(1398144K)
[111.218s][info][gc,metaspace   ] GC(1066) Metaspace: 130804K(132544K)->130804K(132544K) NonClass: 113973K(114752K)->113973K(114752K) Class: 16831K(17792K)->16831K(17792K)
[111.218s][info][gc             ] GC(1066) Pause Young (Allocation Failure) 1494M->949M(1979M) 3.291ms
[111.219s][info][gc,cpu         ] GC(1066) User=0.00s Sys=0.00s Real=0.00s
[111.275s][info][gc,start       ] GC(1067) Pause Young (Allocation Failure)
[111.279s][info][gc,heap        ] GC(1067) DefNew: 562599K(629120K)->8044K(629120K) Eden: 559232K(559232K)->0K(559232K) From: 3367K(69888K)->8044K(69888K)
[111.279s][info][gc,heap        ] GC(1067) Tenured: 969399K(1398144K)->969399K(1398144K)
[111.279s][info][gc,metaspace   ] GC(1067) Metaspace: 130804K(132544K)->130804K(132544K) NonClass: 113973K(114752K)->113973K(114752K) Class: 16831K(17792K)->16831K(17792K)
[111.279s][info][gc             ] GC(1067) Pause Young (Allocation Failure) 1496M->954M(1979M) 3.978ms
[111.279s][info][gc,cpu         ] GC(1067) User=0.00s Sys=0.00s Real=0.00s
[111.336s][info][gc,start       ] GC(1068) Pause Young (Allocation Failure)
[111.340s][info][gc,heap        ] GC(1068) DefNew: 567276K(629120K)->9021K(629120K) Eden: 559232K(559232K)->0K(559232K) From: 8044K(69888K)->9021K(69888K)
[111.340s][info][gc,heap        ] GC(1068) Tenured: 969399K(1398144K)->969399K(1398144K)
[111.340s][info][gc,metaspace   ] GC(1068) Metaspace: 130804K(132544K)->130804K(132544K) NonClass: 113973K(114752K)->113973K(114752K) Class: 16831K(17792K)->16831K(17792K)
[111.340s][info][gc             ] GC(1068) Pause Young (Allocation Failure) 1500M->955M(1979M) 4.086ms
[111.340s][info][gc,cpu         ] GC(1068) User=0.00s Sys=0.00s Real=0.00s
[111.401s][info][gc,start       ] GC(1069) Pause Young (Allocation Failure)
[111.405s][info][gc,heap        ] GC(1069) DefNew: 568253K(629120K)->11693K(629120K) Eden: 559232K(559232K)->0K(559232K) From: 9021K(69888K)->11693K(69888K)
[111.405s][info][gc,heap        ] GC(1069) Tenured: 969399K(1398144K)->969399K(1398144K)
[111.405s][info][gc,metaspace   ] GC(1069) Metaspace: 130807K(132544K)->130807K(132544K) NonClass: 113976K(114752K)->113976K(114752K) Class: 16831K(17792K)->16831K(17792K)
[111.405s][info][gc             ] GC(1069) Pause Young (Allocation Failure) 1501M->958M(1979M) 4.563ms
[111.405s][info][gc,cpu         ] GC(1069) User=0.02s Sys=0.02s Real=0.00s
[111.463s][info][gc,start       ] GC(1070) Pause Young (Allocation Failure)
[111.468s][info][gc,heap        ] GC(1070) DefNew: 570925K(629120K)->16517K(629120K) Eden: 559232K(559232K)->0K(559232K) From: 11693K(69888K)->16517K(69888K)
[111.468s][info][gc,heap        ] GC(1070) Tenured: 969399K(1398144K)->969399K(1398144K)
[111.468s][info][gc,metaspace   ] GC(1070) Metaspace: 130808K(132544K)->130808K(132544K) NonClass: 113977K(114752K)->113977K(114752K) Class: 16831K(17792K)->16831K(17792K)
[111.469s][info][gc             ] GC(1070) Pause Young (Allocation Failure) 1504M->962M(1979M) 5.335ms
[111.469s][info][gc,cpu         ] GC(1070) User=0.02s Sys=0.00s Real=0.00s
[111.528s][info][gc,start       ] GC(1071) Pause Young (Allocation Failure)
[111.533s][info][gc,heap        ] GC(1071) DefNew: 575749K(629120K)->19262K(629120K) Eden: 559232K(559232K)->0K(559232K) From: 16517K(69888K)->19262K(69888K)
[111.533s][info][gc,heap        ] GC(1071) Tenured: 969399K(1398144K)->969399K(1398144K)
[111.533s][info][gc,metaspace   ] GC(1071) Metaspace: 130808K(132544K)->130808K(132544K) NonClass: 113977K(114752K)->113977K(114752K) Class: 16831K(17792K)->16831K(17792K)
[111.533s][info][gc             ] GC(1071) Pause Young (Allocation Failure) 1508M->965M(1979M) 4.947ms
[111.533s][info][gc,cpu         ] GC(1071) User=0.02s Sys=0.00s Real=0.00s
[111.589s][info][gc,start       ] GC(1072) Pause Young (Allocation Failure)
[111.595s][info][gc,heap        ] GC(1072) DefNew: 578494K(629120K)->24747K(629120K) Eden: 559232K(559232K)->0K(559232K) From: 19262K(69888K)->24747K(69888K)
[111.595s][info][gc,heap        ] GC(1072) Tenured: 969399K(1398144K)->969399K(1398144K)
[111.595s][info][gc,metaspace   ] GC(1072) Metaspace: 130808K(132544K)->130808K(132544K) NonClass: 113977K(114752K)->113977K(114752K) Class: 16831K(17792K)->16831K(17792K)
[111.595s][info][gc             ] GC(1072) Pause Young (Allocation Failure) 1511M->970M(1979M) 5.649ms
[111.595s][info][gc,cpu         ] GC(1072) User=0.02s Sys=0.00s Real=0.00s
[111.652s][info][gc,start       ] GC(1073) Pause Young (Allocation Failure)
[111.658s][info][gc,heap        ] GC(1073) DefNew: 583979K(629120K)->33627K(629120K) Eden: 559232K(559232K)->0K(559232K) From: 24747K(69888K)->33627K(69888K)
[111.658s][info][gc,heap        ] GC(1073) Tenured: 969399K(1398144K)->969399K(1398144K)
[111.658s][info][gc,metaspace   ] GC(1073) Metaspace: 130808K(132544K)->130808K(132544K) NonClass: 113977K(114752K)->113977K(114752K) Class: 16831K(17792K)->16831K(17792K)
[111.659s][info][gc             ] GC(1073) Pause Young (Allocation Failure) 1516M->979M(1979M) 6.586ms
[111.659s][info][gc,cpu         ] GC(1073) User=0.00s Sys=0.00s Real=0.01s
[111.713s][info][gc,start       ] GC(1074) Pause Young (Allocation Failure)
[111.720s][info][gc,heap        ] GC(1074) DefNew: 592859K(629120K)->32925K(629120K) Eden: 559232K(559232K)->0K(559232K) From: 33627K(69888K)->32925K(69888K)
[111.720s][info][gc,heap        ] GC(1074) Tenured: 969399K(1398144K)->969399K(1398144K)
[111.720s][info][gc,metaspace   ] GC(1074) Metaspace: 130808K(132544K)->130808K(132544K) NonClass: 113977K(114752K)->113977K(114752K) Class: 16831K(17792K)->16831K(17792K)
[111.720s][info][gc             ] GC(1074) Pause Young (Allocation Failure) 1525M->978M(1979M) 6.423ms
[111.720s][info][gc,cpu         ] GC(1074) User=0.02s Sys=0.00s Real=0.00s
[111.778s][info][gc,start       ] GC(1075) Pause Young (Allocation Failure)
[111.784s][info][gc,heap        ] GC(1075) DefNew: 592157K(629120K)->37389K(629120K) Eden: 559232K(559232K)->0K(559232K) From: 32925K(69888K)->37389K(69888K)
[111.784s][info][gc,heap        ] GC(1075) Tenured: 969399K(1398144K)->969399K(1398144K)
[111.784s][info][gc,metaspace   ] GC(1075) Metaspace: 130808K(132544K)->130808K(132544K) NonClass: 113977K(114752K)->113977K(114752K) Class: 16831K(17792K)->16831K(17792K)
[111.784s][info][gc             ] GC(1075) Pause Young (Allocation Failure) 1524M->983M(1979M) 6.768ms
[111.784s][info][gc,cpu         ] GC(1075) User=0.02s Sys=0.00s Real=0.00s
[111.839s][info][gc,start       ] GC(1076) Pause Young (Allocation Failure)
[111.847s][info][gc,heap        ] GC(1076) DefNew: 596621K(629120K)->41688K(629120K) Eden: 559232K(559232K)->0K(559232K) From: 37389K(69888K)->41688K(69888K)
[111.847s][info][gc,heap        ] GC(1076) Tenured: 969399K(1398144K)->975079K(1398144K)
[111.847s][info][gc,metaspace   ] GC(1076) Metaspace: 130808K(132544K)->130808K(132544K) NonClass: 113977K(114752K)->113977K(114752K) Class: 16831K(17792K)->16831K(17792K)
[111.847s][info][gc             ] GC(1076) Pause Young (Allocation Failure) 1529M->992M(1979M) 8.068ms
[111.847s][info][gc,cpu         ] GC(1076) User=0.00s Sys=0.00s Real=0.00s
[111.904s][info][gc,start       ] GC(1077) Pause Young (Allocation Failure)
[111.910s][info][gc,heap        ] GC(1077) DefNew: 600920K(629120K)->27135K(629120K) Eden: 559232K(559232K)->0K(559232K) From: 41688K(69888K)->27135K(69888K)
[111.910s][info][gc,heap        ] GC(1077) Tenured: 975079K(1398144K)->987678K(1398144K)
[111.910s][info][gc,metaspace   ] GC(1077) Metaspace: 130808K(132544K)->130808K(132544K) NonClass: 113977K(114752K)->113977K(114752K) Class: 16831K(17792K)->16831K(17792K)
[111.910s][info][gc             ] GC(1077) Pause Young (Allocation Failure) 1539M->991M(1979M) 5.977ms
[111.910s][info][gc,cpu         ] GC(1077) User=0.00s Sys=0.00s Real=0.00s
[111.965s][info][gc,start       ] GC(1078) Pause Young (Allocation Failure)
[111.970s][info][gc,heap        ] GC(1078) DefNew: 586367K(629120K)->34153K(629120K) Eden: 559232K(559232K)->0K(559232K) From: 27135K(69888K)->34153K(69888K)
[111.970s][info][gc,heap        ] GC(1078) Tenured: 987678K(1398144K)->987678K(1398144K)
[111.970s][info][gc,metaspace   ] GC(1078) Metaspace: 130808K(132544K)->130808K(132544K) NonClass: 113977K(114752K)->113977K(114752K) Class: 16831K(17792K)->16831K(17792K)
[111.970s][info][gc             ] GC(1078) Pause Young (Allocation Failure) 1537M->997M(1979M) 5.032ms
[111.970s][info][gc,cpu         ] GC(1078) User=0.00s Sys=0.00s Real=0.00s
[112.026s][info][gc,start       ] GC(1079) Pause Young (Allocation Failure)
[112.031s][info][gc,heap        ] GC(1079) DefNew: 593385K(629120K)->35312K(629120K) Eden: 559232K(559232K)->0K(559232K) From: 34153K(69888K)->35312K(69888K)
[112.031s][info][gc,heap        ] GC(1079) Tenured: 987678K(1398144K)->987678K(1398144K)
[112.031s][info][gc,metaspace   ] GC(1079) Metaspace: 130808K(132544K)->130808K(132544K) NonClass: 113977K(114752K)->113977K(114752K) Class: 16831K(17792K)->16831K(17792K)
[112.031s][info][gc             ] GC(1079) Pause Young (Allocation Failure) 1544M->999M(1979M) 5.205ms
[112.031s][info][gc,cpu         ] GC(1079) User=0.00s Sys=0.00s Real=0.00s
[112.088s][info][gc,start       ] GC(1080) Pause Young (Allocation Failure)
[112.095s][info][gc,heap        ] GC(1080) DefNew: 594544K(629120K)->41483K(629120K) Eden: 559232K(559232K)->0K(559232K) From: 35312K(69888K)->41483K(69888K)
[112.095s][info][gc,heap        ] GC(1080) Tenured: 987678K(1398144K)->991794K(1398144K)
[112.095s][info][gc,metaspace   ] GC(1080) Metaspace: 130808K(132544K)->130808K(132544K) NonClass: 113977K(114752K)->113977K(114752K) Class: 16831K(17792K)->16831K(17792K)
[112.095s][info][gc             ] GC(1080) Pause Young (Allocation Failure) 1545M->1009M(1979M) 6.867ms
[112.095s][info][gc,cpu         ] GC(1080) User=0.00s Sys=0.00s Real=0.00s
[112.170s][info][gc,start       ] GC(1081) Pause Young (Allocation Failure)
[112.176s][info][gc,heap        ] GC(1081) DefNew: 600715K(629120K)->34632K(629120K) Eden: 559232K(559232K)->0K(559232K) From: 41483K(69888K)->34632K(69888K)
[112.176s][info][gc,heap        ] GC(1081) Tenured: 991794K(1398144K)->1004066K(1398144K)
[112.176s][info][gc,metaspace   ] GC(1081) Metaspace: 130812K(132544K)->130812K(132544K) NonClass: 113981K(114752K)->113981K(114752K) Class: 16831K(17792K)->16831K(17792K)
[112.176s][info][gc             ] GC(1081) Pause Young (Allocation Failure) 1555M->1014M(1979M) 6.864ms
[112.176s][info][gc,cpu         ] GC(1081) User=0.00s Sys=0.00s Real=0.00s
[112.267s][info][gc,start       ] GC(1082) Pause Young (Allocation Failure)
[112.273s][info][gc,heap        ] GC(1082) DefNew: 593864K(629120K)->46328K(629120K) Eden: 559232K(559232K)->0K(559232K) From: 34632K(69888K)->46328K(69888K)
[112.273s][info][gc,heap        ] GC(1082) Tenured: 1004066K(1398144K)->1004066K(1398144K)
[112.273s][info][gc,metaspace   ] GC(1082) Metaspace: 130812K(132544K)->130812K(132544K) NonClass: 113981K(114752K)->113981K(114752K) Class: 16831K(17792K)->16831K(17792K)
[112.273s][info][gc             ] GC(1082) Pause Young (Allocation Failure) 1560M->1025M(1979M) 6.308ms
[112.273s][info][gc,cpu         ] GC(1082) User=0.02s Sys=0.00s Real=0.01s
[112.362s][info][gc,start       ] GC(1083) Pause Young (Allocation Failure)
[112.369s][info][gc,heap        ] GC(1083) DefNew: 604082K(629120K)->44562K(629120K) Eden: 557754K(559232K)->0K(559232K) From: 46328K(69888K)->44562K(69888K)
[112.369s][info][gc,heap        ] GC(1083) Tenured: 1004066K(1398144K)->1020456K(1398144K)
[112.369s][info][gc,metaspace   ] GC(1083) Metaspace: 130812K(132544K)->130812K(132544K) NonClass: 113981K(114752K)->113981K(114752K) Class: 16831K(17792K)->16831K(17792K)
[112.369s][info][gc             ] GC(1083) Pause Young (Allocation Failure) 1570M->1040M(1979M) 7.788ms
[112.369s][info][gc,cpu         ] GC(1083) User=0.00s Sys=0.00s Real=0.01s
[112.458s][info][gc,start       ] GC(1084) Pause Young (Allocation Failure)
[112.466s][info][gc,heap        ] GC(1084) DefNew: 603794K(629120K)->34163K(629120K) Eden: 559232K(559232K)->0K(559232K) From: 44562K(69888K)->34163K(69888K)
[112.466s][info][gc,heap        ] GC(1084) Tenured: 1020456K(1398144K)->1045513K(1398144K)
[112.466s][info][gc,metaspace   ] GC(1084) Metaspace: 130812K(132544K)->130812K(132544K) NonClass: 113981K(114752K)->113981K(114752K) Class: 16831K(17792K)->16831K(17792K)
[112.466s][info][gc             ] GC(1084) Pause Young (Allocation Failure) 1586M->1054M(1979M) 7.867ms
[112.466s][info][gc,cpu         ] GC(1084) User=0.00s Sys=0.00s Real=0.01s
[112.555s][info][gc,start       ] GC(1085) Pause Young (Allocation Failure)
[112.561s][info][gc,heap        ] GC(1085) DefNew: 593395K(629120K)->45061K(629120K) Eden: 559232K(559232K)->0K(559232K) From: 34163K(69888K)->45061K(69888K)
[112.561s][info][gc,heap        ] GC(1085) Tenured: 1045513K(1398144K)->1045513K(1398144K)
[112.561s][info][gc,metaspace   ] GC(1085) Metaspace: 130812K(132544K)->130812K(132544K) NonClass: 113981K(114752K)->113981K(114752K) Class: 16831K(17792K)->16831K(17792K)
[112.561s][info][gc             ] GC(1085) Pause Young (Allocation Failure) 1600M->1065M(1979M) 5.935ms
[112.561s][info][gc,cpu         ] GC(1085) User=0.00s Sys=0.00s Real=0.00s
[112.649s][info][gc,start       ] GC(1086) Pause Young (Allocation Failure)
[112.656s][info][gc,heap        ] GC(1086) DefNew: 604293K(629120K)->47801K(629120K) Eden: 559232K(559232K)->0K(559232K) From: 45061K(69888K)->47801K(69888K)
[112.656s][info][gc,heap        ] GC(1086) Tenured: 1045513K(1398144K)->1057806K(1398144K)
[112.656s][info][gc,metaspace   ] GC(1086) Metaspace: 130812K(132544K)->130812K(132544K) NonClass: 113981K(114752K)->113981K(114752K) Class: 16831K(17792K)->16831K(17792K)
[112.656s][info][gc             ] GC(1086) Pause Young (Allocation Failure) 1611M->1079M(1979M) 7.454ms
[112.657s][info][gc,cpu         ] GC(1086) User=0.00s Sys=0.00s Real=0.00s
[112.746s][info][gc,start       ] GC(1087) Pause Young (Allocation Failure)
[112.754s][info][gc,heap        ] GC(1087) DefNew: 607033K(629120K)->31019K(629120K) Eden: 559232K(559232K)->0K(559232K) From: 47801K(69888K)->31019K(69888K)
[112.754s][info][gc,heap        ] GC(1087) Tenured: 1057806K(1398144K)->1086487K(1398144K)
[112.754s][info][gc,metaspace   ] GC(1087) Metaspace: 130812K(132544K)->130812K(132544K) NonClass: 113981K(114752K)->113981K(114752K) Class: 16831K(17792K)->16831K(17792K)
[112.754s][info][gc             ] GC(1087) Pause Young (Allocation Failure) 1625M->1091M(1979M) 7.720ms
[112.754s][info][gc,cpu         ] GC(1087) User=0.00s Sys=0.00s Real=0.00s
[112.843s][info][gc,start       ] GC(1088) Pause Young (Allocation Failure)
[112.849s][info][gc,heap        ] GC(1088) DefNew: 590251K(629120K)->38591K(629120K) Eden: 559232K(559232K)->0K(559232K) From: 31019K(69888K)->38591K(69888K)
[112.849s][info][gc,heap        ] GC(1088) Tenured: 1086487K(1398144K)->1086487K(1398144K)
[112.849s][info][gc,metaspace   ] GC(1088) Metaspace: 130812K(132544K)->130812K(132544K) NonClass: 113981K(114752K)->113981K(114752K) Class: 16831K(17792K)->16831K(17792K)
[112.849s][info][gc             ] GC(1088) Pause Young (Allocation Failure) 1637M->1098M(1979M) 5.550ms
[112.849s][info][gc,cpu         ] GC(1088) User=0.00s Sys=0.00s Real=0.00s
[112.933s][info][gc,start       ] GC(1089) Pause Young (Allocation Failure)
[112.939s][info][gc,heap        ] GC(1089) DefNew: 597823K(629120K)->35078K(629120K) Eden: 559232K(559232K)->0K(559232K) From: 38591K(69888K)->35078K(69888K)
[112.939s][info][gc,heap        ] GC(1089) Tenured: 1086487K(1398144K)->1098777K(1398144K)
[112.939s][info][gc,metaspace   ] GC(1089) Metaspace: 130812K(132544K)->130812K(132544K) NonClass: 113981K(114752K)->113981K(114752K) Class: 16831K(17792K)->16831K(17792K)
[112.939s][info][gc             ] GC(1089) Pause Young (Allocation Failure) 1644M->1107M(1979M) 6.254ms
[112.939s][info][gc,cpu         ] GC(1089) User=0.00s Sys=0.00s Real=0.00s
[113.026s][info][gc,start       ] GC(1090) Pause Young (Allocation Failure)
[113.032s][info][gc,heap        ] GC(1090) DefNew: 594310K(629120K)->33593K(629120K) Eden: 559232K(559232K)->0K(559232K) From: 35078K(69888K)->33593K(69888K)
[113.032s][info][gc,heap        ] GC(1090) Tenured: 1098777K(1398144K)->1111070K(1398144K)
[113.032s][info][gc,metaspace   ] GC(1090) Metaspace: 130812K(132544K)->130812K(132544K) NonClass: 113981K(114752K)->113981K(114752K) Class: 16831K(17792K)->16831K(17792K)
[113.032s][info][gc             ] GC(1090) Pause Young (Allocation Failure) 1653M->1117M(1979M) 5.977ms
[113.032s][info][gc,cpu         ] GC(1090) User=0.00s Sys=0.00s Real=0.00s
[113.122s][info][gc,start       ] GC(1091) Pause Young (Allocation Failure)
[113.128s][info][gc,heap        ] GC(1091) DefNew: 592825K(629120K)->41007K(629120K) Eden: 559232K(559232K)->0K(559232K) From: 33593K(69888K)->41007K(69888K)
[113.128s][info][gc,heap        ] GC(1091) Tenured: 1111070K(1398144K)->1111070K(1398144K)
[113.128s][info][gc,metaspace   ] GC(1091) Metaspace: 130812K(132544K)->130812K(132544K) NonClass: 113981K(114752K)->113981K(114752K) Class: 16831K(17792K)->16831K(17792K)
[113.128s][info][gc             ] GC(1091) Pause Young (Allocation Failure) 1663M->1125M(1979M) 5.858ms
[113.128s][info][gc,cpu         ] GC(1091) User=0.00s Sys=0.00s Real=0.00s
[113.214s][info][gc,start       ] GC(1092) Pause Young (Allocation Failure)
[113.220s][info][gc,heap        ] GC(1092) DefNew: 595643K(629120K)->31899K(629120K) Eden: 554636K(559232K)->0K(559232K) From: 41007K(69888K)->31899K(69888K)
[113.220s][info][gc,heap        ] GC(1092) Tenured: 1111070K(1398144K)->1123409K(1398144K)
[113.220s][info][gc,metaspace   ] GC(1092) Metaspace: 130812K(132544K)->130812K(132544K) NonClass: 113981K(114752K)->113981K(114752K) Class: 16831K(17792K)->16831K(17792K)
[113.220s][info][gc             ] GC(1092) Pause Young (Allocation Failure) 1666M->1128M(1979M) 5.775ms
[113.220s][info][gc,cpu         ] GC(1092) User=0.00s Sys=0.00s Real=0.00s
[113.307s][info][gc,start       ] GC(1093) Pause Young (Allocation Failure)
[113.313s][info][gc,heap        ] GC(1093) DefNew: 591131K(629120K)->41737K(629120K) Eden: 559232K(559232K)->0K(559232K) From: 31899K(69888K)->41737K(69888K)
[113.313s][info][gc,heap        ] GC(1093) Tenured: 1123409K(1398144K)->1123409K(1398144K)
[113.313s][info][gc,metaspace   ] GC(1093) Metaspace: 130812K(132544K)->130812K(132544K) NonClass: 113981K(114752K)->113981K(114752K) Class: 16831K(17792K)->16831K(17792K)
[113.313s][info][gc             ] GC(1093) Pause Young (Allocation Failure) 1674M->1137M(1979M) 6.223ms
[113.313s][info][gc,cpu         ] GC(1093) User=0.00s Sys=0.00s Real=0.02s
[113.400s][info][gc,start       ] GC(1094) Pause Young (Allocation Failure)
[113.407s][info][gc,heap        ] GC(1094) DefNew: 600969K(629120K)->41326K(629120K) Eden: 559232K(559232K)->0K(559232K) From: 41737K(69888K)->41326K(69888K)
[113.407s][info][gc,heap        ] GC(1094) Tenured: 1123409K(1398144K)->1135702K(1398144K)
[113.407s][info][gc,metaspace   ] GC(1094) Metaspace: 130812K(132544K)->130812K(132544K) NonClass: 113981K(114752K)->113981K(114752K) Class: 16831K(17792K)->16831K(17792K)
[113.407s][info][gc             ] GC(1094) Pause Young (Allocation Failure) 1683M->1149M(1979M) 6.798ms
[113.407s][info][gc,cpu         ] GC(1094) User=0.02s Sys=0.00s Real=0.02s
[113.494s][info][gc,start       ] GC(1095) Pause Young (Allocation Failure)
[113.500s][info][gc,heap        ] GC(1095) DefNew: 600558K(629120K)->32780K(629120K) Eden: 559232K(559232K)->0K(559232K) From: 41326K(69888K)->32780K(69888K)
[113.500s][info][gc,heap        ] GC(1095) Tenured: 1135702K(1398144K)->1143897K(1398144K)
[113.500s][info][gc,metaspace   ] GC(1095) Metaspace: 130812K(132544K)->130812K(132544K) NonClass: 113981K(114752K)->113981K(114752K) Class: 16831K(17792K)->16831K(17792K)
[113.500s][info][gc             ] GC(1095) Pause Young (Allocation Failure) 1695M->1149M(1979M) 5.801ms
[113.500s][info][gc,cpu         ] GC(1095) User=0.00s Sys=0.00s Real=0.01s
[113.591s][info][gc,start       ] GC(1096) Pause Young (Allocation Failure)
[113.597s][info][gc,heap        ] GC(1096) DefNew: 592012K(629120K)->40149K(629120K) Eden: 559232K(559232K)->0K(559232K) From: 32780K(69888K)->40149K(69888K)
[113.597s][info][gc,heap        ] GC(1096) Tenured: 1143897K(1398144K)->1143897K(1398144K)
[113.597s][info][gc,metaspace   ] GC(1096) Metaspace: 130812K(132544K)->130812K(132544K) NonClass: 113981K(114752K)->113981K(114752K) Class: 16831K(17792K)->16831K(17792K)
[113.598s][info][gc             ] GC(1096) Pause Young (Allocation Failure) 1695M->1156M(1979M) 6.126ms
[113.598s][info][gc,cpu         ] GC(1096) User=0.02s Sys=0.00s Real=0.01s
[113.681s][info][gc,start       ] GC(1097) Pause Young (Allocation Failure)
[113.687s][info][gc,heap        ] GC(1097) DefNew: 599381K(629120K)->28756K(629120K) Eden: 559232K(559232K)->0K(559232K) From: 40149K(69888K)->28756K(69888K)
[113.687s][info][gc,heap        ] GC(1097) Tenured: 1143897K(1398144K)->1156188K(1398144K)
[113.687s][info][gc,metaspace   ] GC(1097) Metaspace: 130812K(132544K)->130812K(132544K) NonClass: 113981K(114752K)->113981K(114752K) Class: 16831K(17792K)->16831K(17792K)
[113.687s][info][gc             ] GC(1097) Pause Young (Allocation Failure) 1702M->1157M(1979M) 5.869ms
[113.687s][info][gc,cpu         ] GC(1097) User=0.02s Sys=0.00s Real=0.02s
[113.769s][info][gc,start       ] GC(1098) Pause Young (Allocation Failure)
[113.773s][info][gc,heap        ] GC(1098) DefNew: 587988K(629120K)->26286K(629120K) Eden: 559232K(559232K)->0K(559232K) From: 28756K(69888K)->26286K(69888K)
[113.773s][info][gc,heap        ] GC(1098) Tenured: 1156188K(1398144K)->1156188K(1398144K)
[113.774s][info][gc,metaspace   ] GC(1098) Metaspace: 130812K(132544K)->130812K(132544K) NonClass: 113981K(114752K)->113981K(114752K) Class: 16831K(17792K)->16831K(17792K)
[113.774s][info][gc             ] GC(1098) Pause Young (Allocation Failure) 1703M->1154M(1979M) 4.766ms
[113.774s][info][gc,cpu         ] GC(1098) User=0.00s Sys=0.00s Real=0.00s
[113.856s][info][gc,start       ] GC(1099) Pause Young (Allocation Failure)
[113.861s][info][gc,heap        ] GC(1099) DefNew: 585518K(629120K)->27859K(629120K) Eden: 559232K(559232K)->0K(559232K) From: 26286K(69888K)->27859K(69888K)
[113.861s][info][gc,heap        ] GC(1099) Tenured: 1156188K(1398144K)->1156188K(1398144K)
[113.862s][info][gc,metaspace   ] GC(1099) Metaspace: 130812K(132544K)->130812K(132544K) NonClass: 113981K(114752K)->113981K(114752K) Class: 16831K(17792K)->16831K(17792K)
[113.862s][info][gc             ] GC(1099) Pause Young (Allocation Failure) 1700M->1156M(1979M) 5.568ms
[113.862s][info][gc,cpu         ] GC(1099) User=0.00s Sys=0.00s Real=0.02s
[113.948s][info][gc,start       ] GC(1100) Pause Young (Allocation Failure)
[113.953s][info][gc,heap        ] GC(1100) DefNew: 587091K(629120K)->33142K(629120K) Eden: 559232K(559232K)->0K(559232K) From: 27859K(69888K)->33142K(69888K)
[113.953s][info][gc,heap        ] GC(1100) Tenured: 1156188K(1398144K)->1156188K(1398144K)
[113.953s][info][gc,metaspace   ] GC(1100) Metaspace: 130812K(132544K)->130812K(132544K) NonClass: 113981K(114752K)->113981K(114752K) Class: 16831K(17792K)->16831K(17792K)
[113.953s][info][gc             ] GC(1100) Pause Young (Allocation Failure) 1702M->1161M(1979M) 5.228ms
[113.953s][info][gc,cpu         ] GC(1100) User=0.00s Sys=0.00s Real=0.02s
[114.040s][info][gc,start       ] GC(1101) Pause Young (Allocation Failure)
[114.045s][info][gc,heap        ] GC(1101) DefNew: 592374K(629120K)->33623K(629120K) Eden: 559232K(559232K)->0K(559232K) From: 33142K(69888K)->33623K(69888K)
[114.045s][info][gc,heap        ] GC(1101) Tenured: 1156188K(1398144K)->1156188K(1398144K)
[114.045s][info][gc,metaspace   ] GC(1101) Metaspace: 130812K(132544K)->130812K(132544K) NonClass: 113981K(114752K)->113981K(114752K) Class: 16831K(17792K)->16831K(17792K)
[114.045s][info][gc             ] GC(1101) Pause Young (Allocation Failure) 1707M->1161M(1979M) 5.037ms
[114.045s][info][gc,cpu         ] GC(1101) User=0.00s Sys=0.00s Real=0.00s
[114.133s][info][gc,start       ] GC(1102) Pause Young (Allocation Failure)
[114.138s][info][gc,heap        ] GC(1102) DefNew: 592855K(629120K)->38287K(629120K) Eden: 559232K(559232K)->0K(559232K) From: 33623K(69888K)->38287K(69888K)
[114.138s][info][gc,heap        ] GC(1102) Tenured: 1156188K(1398144K)->1156188K(1398144K)
[114.138s][info][gc,metaspace   ] GC(1102) Metaspace: 130812K(132544K)->130812K(132544K) NonClass: 113981K(114752K)->113981K(114752K) Class: 16831K(17792K)->16831K(17792K)
[114.138s][info][gc             ] GC(1102) Pause Young (Allocation Failure) 1708M->1166M(1979M) 5.769ms
[114.139s][info][gc,cpu         ] GC(1102) User=0.00s Sys=0.00s Real=0.00s
[114.225s][info][gc,start       ] GC(1103) Pause Young (Allocation Failure)
[114.229s][info][gc,heap        ] GC(1103) DefNew: 597519K(629120K)->26272K(629120K) Eden: 559232K(559232K)->0K(559232K) From: 38287K(69888K)->26272K(69888K)
[114.229s][info][gc,heap        ] GC(1103) Tenured: 1156188K(1398144K)->1160304K(1398144K)
[114.229s][info][gc,metaspace   ] GC(1103) Metaspace: 130812K(132544K)->130812K(132544K) NonClass: 113981K(114752K)->113981K(114752K) Class: 16831K(17792K)->16831K(17792K)
[114.230s][info][gc             ] GC(1103) Pause Young (Allocation Failure) 1712M->1158M(1979M) 4.839ms
[114.230s][info][gc,cpu         ] GC(1103) User=0.00s Sys=0.00s Real=0.00s
[114.316s][info][gc,start       ] GC(1104) Pause Young (Allocation Failure)
[114.321s][info][gc,heap        ] GC(1104) DefNew: 585504K(629120K)->31056K(629120K) Eden: 559232K(559232K)->0K(559232K) From: 26272K(69888K)->31056K(69888K)
[114.321s][info][gc,heap        ] GC(1104) Tenured: 1160304K(1398144K)->1160304K(1398144K)
[114.321s][info][gc,metaspace   ] GC(1104) Metaspace: 130812K(132544K)->130812K(132544K) NonClass: 113981K(114752K)->113981K(114752K) Class: 16831K(17792K)->16831K(17792K)
[114.321s][info][gc             ] GC(1104) Pause Young (Allocation Failure) 1704M->1163M(1979M) 4.826ms
[114.321s][info][gc,cpu         ] GC(1104) User=0.00s Sys=0.00s Real=0.00s
[114.408s][info][gc,start       ] GC(1105) Pause Young (Allocation Failure)
[114.413s][info][gc,heap        ] GC(1105) DefNew: 590288K(629120K)->30955K(629120K) Eden: 559232K(559232K)->0K(559232K) From: 31056K(69888K)->30955K(69888K)
[114.413s][info][gc,heap        ] GC(1105) Tenured: 1160304K(1398144K)->1160304K(1398144K)
[114.413s][info][gc,metaspace   ] GC(1105) Metaspace: 130812K(132544K)->130812K(132544K) NonClass: 113981K(114752K)->113981K(114752K) Class: 16831K(17792K)->16831K(17792K)
[114.413s][info][gc             ] GC(1105) Pause Young (Allocation Failure) 1709M->1163M(1979M) 4.817ms
[114.413s][info][gc,cpu         ] GC(1105) User=0.02s Sys=0.00s Real=0.02s
[114.500s][info][gc,start       ] GC(1106) Pause Young (Allocation Failure)
[114.504s][info][gc,heap        ] GC(1106) DefNew: 590187K(629120K)->28700K(629120K) Eden: 559232K(559232K)->0K(559232K) From: 30955K(69888K)->28700K(69888K)
[114.504s][info][gc,heap        ] GC(1106) Tenured: 1160304K(1398144K)->1160304K(1398144K)
[114.504s][info][gc,metaspace   ] GC(1106) Metaspace: 130812K(132544K)->130812K(132544K) NonClass: 113981K(114752K)->113981K(114752K) Class: 16831K(17792K)->16831K(17792K)
[114.504s][info][gc             ] GC(1106) Pause Young (Allocation Failure) 1709M->1161M(1979M) 4.631ms
[114.504s][info][gc,cpu         ] GC(1106) User=0.02s Sys=0.00s Real=0.02s
[114.591s][info][gc,start       ] GC(1107) Pause Young (Allocation Failure)
[114.596s][info][gc,heap        ] GC(1107) DefNew: 587932K(629120K)->34161K(629120K) Eden: 559232K(559232K)->0K(559232K) From: 28700K(69888K)->34161K(69888K)
[114.596s][info][gc,heap        ] GC(1107) Tenured: 1160304K(1398144K)->1160304K(1398144K)
[114.596s][info][gc,metaspace   ] GC(1107) Metaspace: 130812K(132544K)->130812K(132544K) NonClass: 113981K(114752K)->113981K(114752K) Class: 16831K(17792K)->16831K(17792K)
[114.596s][info][gc             ] GC(1107) Pause Young (Allocation Failure) 1707M->1166M(1979M) 4.935ms
[114.596s][info][gc,cpu         ] GC(1107) User=0.00s Sys=0.00s Real=0.00s
[114.683s][info][gc,start       ] GC(1108) Pause Young (Allocation Failure)
[114.688s][info][gc,heap        ] GC(1108) DefNew: 593393K(629120K)->25493K(629120K) Eden: 559232K(559232K)->0K(559232K) From: 34161K(69888K)->25493K(69888K)
[114.688s][info][gc,heap        ] GC(1108) Tenured: 1160304K(1398144K)->1160304K(1398144K)
[114.688s][info][gc,metaspace   ] GC(1108) Metaspace: 130812K(132544K)->130812K(132544K) NonClass: 113981K(114752K)->113981K(114752K) Class: 16831K(17792K)->16831K(17792K)
[114.688s][info][gc             ] GC(1108) Pause Young (Allocation Failure) 1712M->1158M(1979M) 4.590ms
[114.688s][info][gc,cpu         ] GC(1108) User=0.00s Sys=0.00s Real=0.00s
[114.775s][info][gc,start       ] GC(1109) Pause Young (Allocation Failure)
[114.780s][info][gc,heap        ] GC(1109) DefNew: 584725K(629120K)->29483K(629120K) Eden: 559232K(559232K)->0K(559232K) From: 25493K(69888K)->29483K(69888K)
[114.780s][info][gc,heap        ] GC(1109) Tenured: 1160304K(1398144K)->1160304K(1398144K)
[114.780s][info][gc,metaspace   ] GC(1109) Metaspace: 130812K(132544K)->130812K(132544K) NonClass: 113981K(114752K)->113981K(114752K) Class: 16831K(17792K)->16831K(17792K)
[114.780s][info][gc             ] GC(1109) Pause Young (Allocation Failure) 1704M->1161M(1979M) 4.924ms
[114.780s][info][gc,cpu         ] GC(1109) User=0.00s Sys=0.00s Real=0.00s
[114.868s][info][gc,start       ] GC(1110) Pause Young (Allocation Failure)
[114.873s][info][gc,heap        ] GC(1110) DefNew: 588715K(629120K)->22775K(629120K) Eden: 559232K(559232K)->0K(559232K) From: 29483K(69888K)->22775K(69888K)
[114.873s][info][gc,heap        ] GC(1110) Tenured: 1160304K(1398144K)->1168479K(1398144K)
[114.873s][info][gc,metaspace   ] GC(1110) Metaspace: 130812K(132544K)->130812K(132544K) NonClass: 113981K(114752K)->113981K(114752K) Class: 16831K(17792K)->16831K(17792K)
[114.873s][info][gc             ] GC(1110) Pause Young (Allocation Failure) 1708M->1163M(1979M) 4.965ms
[114.873s][info][gc,cpu         ] GC(1110) User=0.00s Sys=0.00s Real=0.00s
[114.959s][info][gc,start       ] GC(1111) Pause Young (Allocation Failure)
[114.963s][info][gc,heap        ] GC(1111) DefNew: 582007K(629120K)->10337K(629120K) Eden: 559232K(559232K)->0K(559232K) From: 22775K(69888K)->10337K(69888K)
[114.963s][info][gc,heap        ] GC(1111) Tenured: 1168479K(1398144K)->1176714K(1398144K)
[114.963s][info][gc,metaspace   ] GC(1111) Metaspace: 130812K(132544K)->130812K(132544K) NonClass: 113981K(114752K)->113981K(114752K) Class: 16831K(17792K)->16831K(17792K)
[114.963s][info][gc             ] GC(1111) Pause Young (Allocation Failure) 1709M->1159M(1979M) 3.578ms
[114.963s][info][gc,cpu         ] GC(1111) User=0.00s Sys=0.00s Real=0.00s
[115.050s][info][gc,start       ] GC(1112) Pause Young (Allocation Failure)
[115.054s][info][gc,heap        ] GC(1112) DefNew: 569569K(629120K)->17768K(629120K) Eden: 559232K(559232K)->0K(559232K) From: 10337K(69888K)->17768K(69888K)
[115.054s][info][gc,heap        ] GC(1112) Tenured: 1176714K(1398144K)->1176714K(1398144K)
[115.054s][info][gc,metaspace   ] GC(1112) Metaspace: 130812K(132544K)->130812K(132544K) NonClass: 113981K(114752K)->113981K(114752K) Class: 16831K(17792K)->16831K(17792K)
[115.054s][info][gc             ] GC(1112) Pause Young (Allocation Failure) 1705M->1166M(1979M) 4.263ms
[115.054s][info][gc,cpu         ] GC(1112) User=0.02s Sys=0.00s Real=0.01s
[115.143s][info][gc,start       ] GC(1113) Pause Young (Allocation Failure)
[115.146s][info][gc,heap        ] GC(1113) DefNew: 577000K(629120K)->15017K(629120K) Eden: 559232K(559232K)->0K(559232K) From: 17768K(69888K)->15017K(69888K)
[115.146s][info][gc,heap        ] GC(1113) Tenured: 1176714K(1398144K)->1176714K(1398144K)
[115.146s][info][gc,metaspace   ] GC(1113) Metaspace: 130812K(132544K)->130812K(132544K) NonClass: 113981K(114752K)->113981K(114752K) Class: 16831K(17792K)->16831K(17792K)
[115.146s][info][gc             ] GC(1113) Pause Young (Allocation Failure) 1712M->1163M(1979M) 3.591ms
[115.146s][info][gc,cpu         ] GC(1113) User=0.00s Sys=0.00s Real=0.00s
[115.263s][info][gc,start       ] GC(1114) Pause Young (Allocation Failure)
[115.267s][info][gc,heap        ] GC(1114) DefNew: 574249K(629120K)->14180K(629120K) Eden: 559232K(559232K)->0K(559232K) From: 15017K(69888K)->14180K(69888K)
[115.267s][info][gc,heap        ] GC(1114) Tenured: 1176714K(1398144K)->1176714K(1398144K)
[115.267s][info][gc,metaspace   ] GC(1114) Metaspace: 130814K(132544K)->130814K(132544K) NonClass: 113983K(114752K)->113983K(114752K) Class: 16831K(17792K)->16831K(17792K)
[115.267s][info][gc             ] GC(1114) Pause Young (Allocation Failure) 1709M->1162M(1979M) 3.232ms
[115.267s][info][gc,cpu         ] GC(1114) User=0.00s Sys=0.00s Real=0.01s
[115.420s][info][gc,start       ] GC(1115) Pause Full (System.gc())
[115.420s][info][gc,phases,start] GC(1115) Phase 1: Mark live objects
[115.475s][info][gc,phases      ] GC(1115) Phase 1: Mark live objects 54.598ms
[115.475s][info][gc,phases,start] GC(1115) Phase 2: Compute new object addresses
[115.520s][info][gc,phases      ] GC(1115) Phase 2: Compute new object addresses 44.921ms
[115.520s][info][gc,phases,start] GC(1115) Phase 3: Adjust pointers
[115.550s][info][gc,phases      ] GC(1115) Phase 3: Adjust pointers 30.445ms
[115.550s][info][gc,phases,start] GC(1115) Phase 4: Move objects
[115.550s][info][gc,phases      ] GC(1115) Phase 4: Move objects 0.040ms
[115.551s][info][gc,heap        ] GC(1115) DefNew: 265486K(629120K)->0K(629120K) Eden: 251306K(559232K)->0K(559232K) From: 14180K(69888K)->0K(69888K)
[115.551s][info][gc,heap        ] GC(1115) Tenured: 1176714K(1398144K)->1020859K(1398144K)
[115.551s][info][gc,metaspace   ] GC(1115) Metaspace: 130843K(132544K)->130843K(132544K) NonClass: 114012K(114752K)->114012K(114752K) Class: 16831K(17792K)->16831K(17792K)
[115.551s][info][gc             ] GC(1115) Pause Full (System.gc()) 1408M->996M(1979M) 130.829ms
[115.551s][info][gc,cpu         ] GC(1115) User=0.12s Sys=0.00s Real=0.13s
[115.682s][info][gc,start       ] GC(1116) Pause Young (Allocation Failure)
[115.687s][info][gc,heap        ] GC(1116) DefNew: 559232K(629120K)->4940K(629120K) Eden: 559232K(559232K)->0K(559232K) From: 0K(69888K)->4940K(69888K)
[115.687s][info][gc,heap        ] GC(1116) Tenured: 1020859K(1398144K)->1020859K(1398144K)
[115.687s][info][gc,metaspace   ] GC(1116) Metaspace: 130949K(132672K)->130949K(132672K) NonClass: 114118K(114880K)->114118K(114880K) Class: 16831K(17792K)->16831K(17792K)
[115.687s][info][gc             ] GC(1116) Pause Young (Allocation Failure) 1543M->1001M(1979M) 4.739ms
[115.687s][info][gc,cpu         ] GC(1116) User=0.02s Sys=0.00s Real=0.00s
[115.742s][info][gc,start       ] GC(1117) Pause Young (Allocation Failure)
[115.746s][info][gc,heap        ] GC(1117) DefNew: 564172K(629120K)->6281K(629120K) Eden: 559232K(559232K)->0K(559232K) From: 4940K(69888K)->6281K(69888K)
[115.746s][info][gc,heap        ] GC(1117) Tenured: 1020859K(1398144K)->1020859K(1398144K)
[115.746s][info][gc,metaspace   ] GC(1117) Metaspace: 130949K(132672K)->130949K(132672K) NonClass: 114118K(114880K)->114118K(114880K) Class: 16831K(17792K)->16831K(17792K)
[115.746s][info][gc             ] GC(1117) Pause Young (Allocation Failure) 1547M->1003M(1979M) 3.928ms
[115.746s][info][gc,cpu         ] GC(1117) User=0.00s Sys=0.00s Real=0.00s
[115.800s][info][gc,start       ] GC(1118) Pause Young (Allocation Failure)
[115.804s][info][gc,heap        ] GC(1118) DefNew: 565513K(629120K)->9014K(629120K) Eden: 559232K(559232K)->0K(559232K) From: 6281K(69888K)->9014K(69888K)
[115.804s][info][gc,heap        ] GC(1118) Tenured: 1020859K(1398144K)->1020859K(1398144K)
[115.804s][info][gc,metaspace   ] GC(1118) Metaspace: 130949K(132672K)->130949K(132672K) NonClass: 114118K(114880K)->114118K(114880K) Class: 16831K(17792K)->16831K(17792K)
[115.804s][info][gc             ] GC(1118) Pause Young (Allocation Failure) 1549M->1005M(1979M) 4.178ms
[115.804s][info][gc,cpu         ] GC(1118) User=0.00s Sys=0.00s Real=0.02s
[115.859s][info][gc,start       ] GC(1119) Pause Young (Allocation Failure)
[115.863s][info][gc,heap        ] GC(1119) DefNew: 568246K(629120K)->10780K(629120K) Eden: 559232K(559232K)->0K(559232K) From: 9014K(69888K)->10780K(69888K)
[115.863s][info][gc,heap        ] GC(1119) Tenured: 1020859K(1398144K)->1020859K(1398144K)
[115.863s][info][gc,metaspace   ] GC(1119) Metaspace: 130949K(132672K)->130949K(132672K) NonClass: 114118K(114880K)->114118K(114880K) Class: 16831K(17792K)->16831K(17792K)
[115.864s][info][gc             ] GC(1119) Pause Young (Allocation Failure) 1551M->1007M(1979M) 4.381ms
[115.864s][info][gc,cpu         ] GC(1119) User=0.00s Sys=0.00s Real=0.02s
[115.920s][info][gc,start       ] GC(1120) Pause Young (Allocation Failure)
[115.925s][info][gc,heap        ] GC(1120) DefNew: 570012K(629120K)->13306K(629120K) Eden: 559232K(559232K)->0K(559232K) From: 10780K(69888K)->13306K(69888K)
[115.925s][info][gc,heap        ] GC(1120) Tenured: 1020859K(1398144K)->1020859K(1398144K)
[115.925s][info][gc,metaspace   ] GC(1120) Metaspace: 130958K(132672K)->130958K(132672K) NonClass: 114126K(114880K)->114126K(114880K) Class: 16831K(17792K)->16831K(17792K)
[115.925s][info][gc             ] GC(1120) Pause Young (Allocation Failure) 1553M->1009M(1979M) 4.736ms
[115.925s][info][gc,cpu         ] GC(1120) User=0.00s Sys=0.00s Real=0.02s
[115.981s][info][gc,start       ] GC(1121) Pause Young (Allocation Failure)
[115.986s][info][gc,heap        ] GC(1121) DefNew: 572538K(629120K)->18286K(629120K) Eden: 559232K(559232K)->0K(559232K) From: 13306K(69888K)->18286K(69888K)
[115.986s][info][gc,heap        ] GC(1121) Tenured: 1020859K(1398144K)->1020859K(1398144K)
[115.986s][info][gc,metaspace   ] GC(1121) Metaspace: 130958K(132672K)->130958K(132672K) NonClass: 114126K(114880K)->114126K(114880K) Class: 16831K(17792K)->16831K(17792K)
[115.986s][info][gc             ] GC(1121) Pause Young (Allocation Failure) 1556M->1014M(1979M) 5.209ms
[115.986s][info][gc,cpu         ] GC(1121) User=0.00s Sys=0.00s Real=0.00s
[116.042s][info][gc,start       ] GC(1122) Pause Young (Allocation Failure)
[116.048s][info][gc,heap        ] GC(1122) DefNew: 577518K(629120K)->28224K(629120K) Eden: 559232K(559232K)->0K(559232K) From: 18286K(69888K)->28224K(69888K)
[116.048s][info][gc,heap        ] GC(1122) Tenured: 1020859K(1398144K)->1020859K(1398144K)
[116.048s][info][gc,metaspace   ] GC(1122) Metaspace: 130958K(132672K)->130958K(132672K) NonClass: 114126K(114880K)->114126K(114880K) Class: 16831K(17792K)->16831K(17792K)
[116.048s][info][gc             ] GC(1122) Pause Young (Allocation Failure) 1560M->1024M(1979M) 6.004ms
[116.048s][info][gc,cpu         ] GC(1122) User=0.00s Sys=0.00s Real=0.00s
[116.105s][info][gc,start       ] GC(1123) Pause Young (Allocation Failure)
[116.111s][info][gc,heap        ] GC(1123) DefNew: 587456K(629120K)->27263K(629120K) Eden: 559232K(559232K)->0K(559232K) From: 28224K(69888K)->27263K(69888K)
[116.111s][info][gc,heap        ] GC(1123) Tenured: 1020859K(1398144K)->1020859K(1398144K)
[116.111s][info][gc,metaspace   ] GC(1123) Metaspace: 130958K(132672K)->130958K(132672K) NonClass: 114126K(114880K)->114126K(114880K) Class: 16831K(17792K)->16831K(17792K)
[116.111s][info][gc             ] GC(1123) Pause Young (Allocation Failure) 1570M->1023M(1979M) 6.385ms
[116.111s][info][gc,cpu         ] GC(1123) User=0.02s Sys=0.00s Real=0.00s
[116.169s][info][gc,start       ] GC(1124) Pause Young (Allocation Failure)
[116.175s][info][gc,heap        ] GC(1124) DefNew: 586495K(629120K)->33125K(629120K) Eden: 559232K(559232K)->0K(559232K) From: 27263K(69888K)->33125K(69888K)
[116.175s][info][gc,heap        ] GC(1124) Tenured: 1020859K(1398144K)->1020859K(1398144K)
[116.175s][info][gc,metaspace   ] GC(1124) Metaspace: 130958K(132672K)->130958K(132672K) NonClass: 114126K(114880K)->114126K(114880K) Class: 16831K(17792K)->16831K(17792K)
[116.175s][info][gc             ] GC(1124) Pause Young (Allocation Failure) 1569M->1029M(1979M) 6.551ms
[116.175s][info][gc,cpu         ] GC(1124) User=0.02s Sys=0.00s Real=0.00s
[116.231s][info][gc,start       ] GC(1125) Pause Young (Allocation Failure)
[116.237s][info][gc,heap        ] GC(1125) DefNew: 592357K(629120K)->35463K(629120K) Eden: 559232K(559232K)->0K(559232K) From: 33125K(69888K)->35463K(69888K)
[116.237s][info][gc,heap        ] GC(1125) Tenured: 1020859K(1398144K)->1020859K(1398144K)
[116.237s][info][gc,metaspace   ] GC(1125) Metaspace: 130958K(132672K)->130958K(132672K) NonClass: 114126K(114880K)->114126K(114880K) Class: 16831K(17792K)->16831K(17792K)
[116.237s][info][gc             ] GC(1125) Pause Young (Allocation Failure) 1575M->1031M(1979M) 6.842ms
[116.238s][info][gc,cpu         ] GC(1125) User=0.02s Sys=0.00s Real=0.00s
[116.294s][info][gc,start       ] GC(1126) Pause Young (Allocation Failure)
[116.301s][info][gc,heap        ] GC(1126) DefNew: 594695K(629120K)->40308K(629120K) Eden: 559232K(559232K)->0K(559232K) From: 35463K(69888K)->40308K(69888K)
[116.301s][info][gc,heap        ] GC(1126) Tenured: 1020859K(1398144K)->1022439K(1398144K)
[116.301s][info][gc,metaspace   ] GC(1126) Metaspace: 130958K(132672K)->130958K(132672K) NonClass: 114126K(114880K)->114126K(114880K) Class: 16831K(17792K)->16831K(17792K)
[116.301s][info][gc             ] GC(1126) Pause Young (Allocation Failure) 1577M->1037M(1979M) 7.621ms
[116.301s][info][gc,cpu         ] GC(1126) User=0.02s Sys=0.00s Real=0.02s
[116.357s][info][gc,start       ] GC(1127) Pause Young (Allocation Failure)
[116.363s][info][gc,heap        ] GC(1127) DefNew: 599540K(629120K)->33868K(629120K) Eden: 559232K(559232K)->0K(559232K) From: 40308K(69888K)->33868K(69888K)
[116.363s][info][gc,heap        ] GC(1127) Tenured: 1022439K(1398144K)->1030632K(1398144K)
[116.363s][info][gc,metaspace   ] GC(1127) Metaspace: 130958K(132672K)->130958K(132672K) NonClass: 114126K(114880K)->114126K(114880K) Class: 16831K(17792K)->16831K(17792K)
[116.363s][info][gc             ] GC(1127) Pause Young (Allocation Failure) 1583M->1039M(1979M) 6.183ms
[116.364s][info][gc,cpu         ] GC(1127) User=0.02s Sys=0.00s Real=0.00s
[116.420s][info][gc,start       ] GC(1128) Pause Young (Allocation Failure)
[116.426s][info][gc,heap        ] GC(1128) DefNew: 593100K(629120K)->40301K(629120K) Eden: 559232K(559232K)->0K(559232K) From: 33868K(69888K)->40301K(69888K)
[116.426s][info][gc,heap        ] GC(1128) Tenured: 1030632K(1398144K)->1030632K(1398144K)
[116.426s][info][gc,metaspace   ] GC(1128) Metaspace: 130958K(132672K)->130958K(132672K) NonClass: 114126K(114880K)->114126K(114880K) Class: 16831K(17792K)->16831K(17792K)
[116.426s][info][gc             ] GC(1128) Pause Young (Allocation Failure) 1585M->1045M(1979M) 6.134ms
[116.426s][info][gc,cpu         ] GC(1128) User=0.02s Sys=0.00s Real=0.00s
[116.481s][info][gc,start       ] GC(1129) Pause Young (Allocation Failure)
[116.488s][info][gc,heap        ] GC(1129) DefNew: 599533K(629120K)->35131K(629120K) Eden: 559232K(559232K)->0K(559232K) From: 40301K(69888K)->35131K(69888K)
[116.488s][info][gc,heap        ] GC(1129) Tenured: 1030632K(1398144K)->1039133K(1398144K)
[116.488s][info][gc,metaspace   ] GC(1129) Metaspace: 130958K(132672K)->130958K(132672K) NonClass: 114126K(114880K)->114126K(114880K) Class: 16831K(17792K)->16831K(17792K)
[116.488s][info][gc             ] GC(1129) Pause Young (Allocation Failure) 1591M->1049M(1979M) 6.309ms
[116.488s][info][gc,cpu         ] GC(1129) User=0.00s Sys=0.00s Real=0.00s
[116.543s][info][gc,start       ] GC(1130) Pause Young (Allocation Failure)
[116.549s][info][gc,heap        ] GC(1130) DefNew: 594363K(629120K)->35908K(629120K) Eden: 559232K(559232K)->0K(559232K) From: 35131K(69888K)->35908K(69888K)
[116.549s][info][gc,heap        ] GC(1130) Tenured: 1039133K(1398144K)->1043231K(1398144K)
[116.549s][info][gc,metaspace   ] GC(1130) Metaspace: 130958K(132672K)->130958K(132672K) NonClass: 114126K(114880K)->114126K(114880K) Class: 16831K(17792K)->16831K(17792K)
[116.549s][info][gc             ] GC(1130) Pause Young (Allocation Failure) 1595M->1053M(1979M) 5.942ms
[116.549s][info][gc,cpu         ] GC(1130) User=0.00s Sys=0.00s Real=0.00s
[116.606s][info][gc,start       ] GC(1131) Pause Young (Allocation Failure)
[116.612s][info][gc,heap        ] GC(1131) DefNew: 595140K(629120K)->38251K(629120K) Eden: 559232K(559232K)->0K(559232K) From: 35908K(69888K)->38251K(69888K)
[116.612s][info][gc,heap        ] GC(1131) Tenured: 1043231K(1398144K)->1047328K(1398144K)
[116.612s][info][gc,metaspace   ] GC(1131) Metaspace: 130958K(132672K)->130958K(132672K) NonClass: 114126K(114880K)->114126K(114880K) Class: 16831K(17792K)->16831K(17792K)
[116.612s][info][gc             ] GC(1131) Pause Young (Allocation Failure) 1599M->1060M(1979M) 5.868ms
[116.612s][info][gc,cpu         ] GC(1131) User=0.00s Sys=0.00s Real=0.00s
[116.673s][info][gc,start       ] GC(1132) Pause Young (Allocation Failure)
[116.679s][info][gc,heap        ] GC(1132) DefNew: 597483K(629120K)->37308K(629120K) Eden: 559232K(559232K)->0K(559232K) From: 38251K(69888K)->37308K(69888K)
[116.679s][info][gc,heap        ] GC(1132) Tenured: 1047328K(1398144K)->1051425K(1398144K)
[116.679s][info][gc,metaspace   ] GC(1132) Metaspace: 130958K(132672K)->130958K(132672K) NonClass: 114126K(114880K)->114126K(114880K) Class: 16831K(17792K)->16831K(17792K)
[116.679s][info][gc             ] GC(1132) Pause Young (Allocation Failure) 1606M->1063M(1979M) 6.259ms
[116.679s][info][gc,cpu         ] GC(1132) User=0.00s Sys=0.00s Real=0.00s
[116.770s][info][gc,start       ] GC(1133) Pause Young (Allocation Failure)
[116.777s][info][gc,heap        ] GC(1133) DefNew: 596540K(629120K)->45137K(629120K) Eden: 559232K(559232K)->0K(559232K) From: 37308K(69888K)->45137K(69888K)
[116.777s][info][gc,heap        ] GC(1133) Tenured: 1051425K(1398144K)->1055522K(1398144K)
[116.777s][info][gc,metaspace   ] GC(1133) Metaspace: 130958K(132672K)->130958K(132672K) NonClass: 114127K(114880K)->114127K(114880K) Class: 16831K(17792K)->16831K(17792K)
[116.777s][info][gc             ] GC(1133) Pause Young (Allocation Failure) 1609M->1074M(1979M) 7.584ms
[116.777s][info][gc,cpu         ] GC(1133) User=0.00s Sys=0.00s Real=0.00s
[116.867s][info][gc,start       ] GC(1134) Pause Young (Allocation Failure)
[116.874s][info][gc,heap        ] GC(1134) DefNew: 604369K(629120K)->46306K(629120K) Eden: 559232K(559232K)->0K(559232K) From: 45137K(69888K)->46306K(69888K)
[116.875s][info][gc,heap        ] GC(1134) Tenured: 1055522K(1398144K)->1067815K(1398144K)
[116.875s][info][gc,metaspace   ] GC(1134) Metaspace: 130958K(132672K)->130958K(132672K) NonClass: 114127K(114880K)->114127K(114880K) Class: 16831K(17792K)->16831K(17792K)
[116.875s][info][gc             ] GC(1134) Pause Young (Allocation Failure) 1620M->1088M(1979M) 7.617ms
[116.875s][info][gc,cpu         ] GC(1134) User=0.00s Sys=0.00s Real=0.02s
[116.963s][info][gc,start       ] GC(1135) Pause Young (Allocation Failure)
[116.971s][info][gc,heap        ] GC(1135) DefNew: 605538K(629120K)->44972K(629120K) Eden: 559232K(559232K)->0K(559232K) From: 46306K(69888K)->44972K(69888K)
[116.971s][info][gc,heap        ] GC(1135) Tenured: 1067815K(1398144K)->1084575K(1398144K)
[116.971s][info][gc,metaspace   ] GC(1135) Metaspace: 130958K(132672K)->130958K(132672K) NonClass: 114127K(114880K)->114127K(114880K) Class: 16831K(17792K)->16831K(17792K)
[116.971s][info][gc             ] GC(1135) Pause Young (Allocation Failure) 1634M->1103M(1979M) 8.109ms
[116.971s][info][gc,cpu         ] GC(1135) User=0.00s Sys=0.00s Real=0.02s
[117.060s][info][gc,start       ] GC(1136) Pause Young (Allocation Failure)
[117.068s][info][gc,heap        ] GC(1136) DefNew: 604204K(629120K)->44492K(629120K) Eden: 559232K(559232K)->0K(559232K) From: 44972K(69888K)->44492K(69888K)
[117.068s][info][gc,heap        ] GC(1136) Tenured: 1084575K(1398144K)->1096969K(1398144K)
[117.068s][info][gc,metaspace   ] GC(1136) Metaspace: 130958K(132672K)->130958K(132672K) NonClass: 114127K(114880K)->114127K(114880K) Class: 16831K(17792K)->16831K(17792K)
[117.068s][info][gc             ] GC(1136) Pause Young (Allocation Failure) 1649M->1114M(1979M) 7.497ms
[117.068s][info][gc,cpu         ] GC(1136) User=0.00s Sys=0.00s Real=0.02s
[117.158s][info][gc,start       ] GC(1137) Pause Young (Allocation Failure)
[117.165s][info][gc,heap        ] GC(1137) DefNew: 603724K(629120K)->45055K(629120K) Eden: 559232K(559232K)->0K(559232K) From: 44492K(69888K)->45055K(69888K)
[117.165s][info][gc,heap        ] GC(1137) Tenured: 1096969K(1398144K)->1109262K(1398144K)
[117.165s][info][gc,metaspace   ] GC(1137) Metaspace: 130958K(132672K)->130958K(132672K) NonClass: 114127K(114880K)->114127K(114880K) Class: 16831K(17792K)->16831K(17792K)
[117.165s][info][gc             ] GC(1137) Pause Young (Allocation Failure) 1660M->1127M(1979M) 7.033ms
[117.165s][info][gc,cpu         ] GC(1137) User=0.00s Sys=0.00s Real=0.00s
[117.255s][info][gc,start       ] GC(1138) Pause Young (Allocation Failure)
[117.262s][info][gc,heap        ] GC(1138) DefNew: 604287K(629120K)->48963K(629120K) Eden: 559232K(559232K)->0K(559232K) From: 45055K(69888K)->48963K(69888K)
[117.262s][info][gc,heap        ] GC(1138) Tenured: 1109262K(1398144K)->1121553K(1398144K)
[117.262s][info][gc,metaspace   ] GC(1138) Metaspace: 130958K(132672K)->130958K(132672K) NonClass: 114127K(114880K)->114127K(114880K) Class: 16831K(17792K)->16831K(17792K)
[117.262s][info][gc             ] GC(1138) Pause Young (Allocation Failure) 1673M->1143M(1979M) 7.402ms
[117.262s][info][gc,cpu         ] GC(1138) User=0.00s Sys=0.00s Real=0.00s
[117.355s][info][gc,start       ] GC(1139) Pause Young (Allocation Failure)
[117.363s][info][gc,heap        ] GC(1139) DefNew: 608195K(629120K)->40148K(629120K) Eden: 559232K(559232K)->0K(559232K) From: 48963K(69888K)->40148K(69888K)
[117.363s][info][gc,heap        ] GC(1139) Tenured: 1121553K(1398144K)->1137943K(1398144K)
[117.363s][info][gc,metaspace   ] GC(1139) Metaspace: 130959K(132672K)->130959K(132672K) NonClass: 114128K(114880K)->114128K(114880K) Class: 16831K(17792K)->16831K(17792K)
[117.363s][info][gc             ] GC(1139) Pause Young (Allocation Failure) 1689M->1150M(1979M) 7.812ms
[117.363s][info][gc,cpu         ] GC(1139) User=0.02s Sys=0.00s Real=0.02s
[117.447s][info][gc,start       ] GC(1140) Pause Young (Allocation Failure)
[117.454s][info][gc,heap        ] GC(1140) DefNew: 599380K(629120K)->35084K(629120K) Eden: 559232K(559232K)->0K(559232K) From: 40148K(69888K)->35084K(69888K)
[117.454s][info][gc,heap        ] GC(1140) Tenured: 1137943K(1398144K)->1150233K(1398144K)
[117.454s][info][gc,metaspace   ] GC(1140) Metaspace: 130959K(132672K)->130959K(132672K) NonClass: 114128K(114880K)->114128K(114880K) Class: 16831K(17792K)->16831K(17792K)
[117.454s][info][gc             ] GC(1140) Pause Young (Allocation Failure) 1696M->1157M(1979M) 6.742ms
[117.454s][info][gc,cpu         ] GC(1140) User=0.00s Sys=0.00s Real=0.00s
[117.542s][info][gc,start       ] GC(1141) Pause Young (Allocation Failure)
[117.548s][info][gc,heap        ] GC(1141) DefNew: 594316K(629120K)->33608K(629120K) Eden: 559232K(559232K)->0K(559232K) From: 35084K(69888K)->33608K(69888K)
[117.548s][info][gc,heap        ] GC(1141) Tenured: 1150233K(1398144K)->1162526K(1398144K)
[117.548s][info][gc,metaspace   ] GC(1141) Metaspace: 130959K(132672K)->130959K(132672K) NonClass: 114128K(114880K)->114128K(114880K) Class: 16831K(17792K)->16831K(17792K)
[117.548s][info][gc             ] GC(1141) Pause Young (Allocation Failure) 1703M->1168M(1979M) 6.196ms
[117.548s][info][gc,cpu         ] GC(1141) User=0.00s Sys=0.00s Real=0.00s
[117.637s][info][gc,start       ] GC(1142) Pause Young (Allocation Failure)
[117.643s][info][gc,heap        ] GC(1142) DefNew: 592840K(629120K)->40628K(629120K) Eden: 559232K(559232K)->0K(559232K) From: 33608K(69888K)->40628K(69888K)
[117.643s][info][gc,heap        ] GC(1142) Tenured: 1162526K(1398144K)->1162526K(1398144K)
[117.643s][info][gc,metaspace   ] GC(1142) Metaspace: 130959K(132672K)->130959K(132672K) NonClass: 114128K(114880K)->114128K(114880K) Class: 16831K(17792K)->16831K(17792K)
[117.643s][info][gc             ] GC(1142) Pause Young (Allocation Failure) 1714M->1174M(1979M) 5.617ms
[117.643s][info][gc,cpu         ] GC(1142) User=0.00s Sys=0.00s Real=0.00s
[117.731s][info][gc,start       ] GC(1143) Pause Young (Allocation Failure)
[117.737s][info][gc,heap        ] GC(1143) DefNew: 599860K(629120K)->32188K(629120K) Eden: 559232K(559232K)->0K(559232K) From: 40628K(69888K)->32188K(69888K)
[117.737s][info][gc,heap        ] GC(1143) Tenured: 1162526K(1398144K)->1174866K(1398144K)
[117.737s][info][gc,metaspace   ] GC(1143) Metaspace: 130959K(132672K)->130959K(132672K) NonClass: 114128K(114880K)->114128K(114880K) Class: 16831K(17792K)->16831K(17792K)
[117.737s][info][gc             ] GC(1143) Pause Young (Allocation Failure) 1721M->1178M(1979M) 6.154ms
[117.737s][info][gc,cpu         ] GC(1143) User=0.00s Sys=0.00s Real=0.00s
[117.825s][info][gc,start       ] GC(1144) Pause Young (Allocation Failure)
[117.831s][info][gc,heap        ] GC(1144) DefNew: 591420K(629120K)->41745K(629120K) Eden: 559232K(559232K)->0K(559232K) From: 32188K(69888K)->41745K(69888K)
[117.831s][info][gc,heap        ] GC(1144) Tenured: 1174866K(1398144K)->1174866K(1398144K)
[117.831s][info][gc,metaspace   ] GC(1144) Metaspace: 130959K(132672K)->130959K(132672K) NonClass: 114128K(114880K)->114128K(114880K) Class: 16831K(17792K)->16831K(17792K)
[117.831s][info][gc             ] GC(1144) Pause Young (Allocation Failure) 1724M->1188M(1979M) 5.788ms
[117.831s][info][gc,cpu         ] GC(1144) User=0.00s Sys=0.00s Real=0.00s
[117.920s][info][gc,start       ] GC(1145) Pause Young (Allocation Failure)
[117.928s][info][gc,heap        ] GC(1145) DefNew: 600977K(629120K)->45407K(629120K) Eden: 559232K(559232K)->0K(559232K) From: 41745K(69888K)->45407K(69888K)
[117.928s][info][gc,heap        ] GC(1145) Tenured: 1174866K(1398144K)->1187159K(1398144K)
[117.928s][info][gc,metaspace   ] GC(1145) Metaspace: 130959K(132672K)->130959K(132672K) NonClass: 114128K(114880K)->114128K(114880K) Class: 16831K(17792K)->16831K(17792K)
[117.928s][info][gc             ] GC(1145) Pause Young (Allocation Failure) 1734M->1203M(1979M) 7.304ms
[117.928s][info][gc,cpu         ] GC(1145) User=0.02s Sys=0.00s Real=0.02s
[118.016s][info][gc,start       ] GC(1146) Pause Young (Allocation Failure)
[118.022s][info][gc,heap        ] GC(1146) DefNew: 604639K(629120K)->29454K(629120K) Eden: 559232K(559232K)->0K(559232K) From: 45407K(69888K)->29454K(69888K)
[118.022s][info][gc,heap        ] GC(1146) Tenured: 1187159K(1398144K)->1199450K(1398144K)
[118.022s][info][gc,metaspace   ] GC(1146) Metaspace: 130959K(132672K)->130959K(132672K) NonClass: 114128K(114880K)->114128K(114880K) Class: 16831K(17792K)->16831K(17792K)
[118.022s][info][gc             ] GC(1146) Pause Young (Allocation Failure) 1749M->1200M(1979M) 6.017ms
[118.022s][info][gc,cpu         ] GC(1146) User=0.02s Sys=0.00s Real=0.02s
[118.115s][info][gc,start       ] GC(1147) Pause Young (Allocation Failure)
[118.120s][info][gc,heap        ] GC(1147) DefNew: 588686K(629120K)->39175K(629120K) Eden: 559232K(559232K)->0K(559232K) From: 29454K(69888K)->39175K(69888K)
[118.120s][info][gc,heap        ] GC(1147) Tenured: 1199450K(1398144K)->1199450K(1398144K)
[118.120s][info][gc,metaspace   ] GC(1147) Metaspace: 130960K(132672K)->130960K(132672K) NonClass: 114129K(114880K)->114129K(114880K) Class: 16831K(17792K)->16831K(17792K)
[118.120s][info][gc             ] GC(1147) Pause Young (Allocation Failure) 1746M->1209M(1979M) 5.354ms
[118.120s][info][gc,cpu         ] GC(1147) User=0.00s Sys=0.00s Real=0.00s
[118.205s][info][gc,start       ] GC(1148) Pause Young (Allocation Failure)
[118.210s][info][gc,heap        ] GC(1148) DefNew: 598407K(629120K)->24932K(629120K) Eden: 559232K(559232K)->0K(559232K) From: 39175K(69888K)->24932K(69888K)
[118.210s][info][gc,heap        ] GC(1148) Tenured: 1199450K(1398144K)->1207644K(1398144K)
[118.210s][info][gc,metaspace   ] GC(1148) Metaspace: 130960K(132672K)->130960K(132672K) NonClass: 114129K(114880K)->114129K(114880K) Class: 16831K(17792K)->16831K(17792K)
[118.210s][info][gc             ] GC(1148) Pause Young (Allocation Failure) 1755M->1203M(1979M) 5.026ms
[118.210s][info][gc,cpu         ] GC(1148) User=0.00s Sys=0.00s Real=0.02s
[118.292s][info][gc,start       ] GC(1149) Pause Young (Allocation Failure)
[118.296s][info][gc,heap        ] GC(1149) DefNew: 584164K(629120K)->27851K(629120K) Eden: 559232K(559232K)->0K(559232K) From: 24932K(69888K)->27851K(69888K)
[118.296s][info][gc,heap        ] GC(1149) Tenured: 1207644K(1398144K)->1207644K(1398144K)
[118.296s][info][gc,metaspace   ] GC(1149) Metaspace: 130960K(132672K)->130960K(132672K) NonClass: 114129K(114880K)->114129K(114880K) Class: 16831K(17792K)->16831K(17792K)
[118.296s][info][gc             ] GC(1149) Pause Young (Allocation Failure) 1749M->1206M(1979M) 4.728ms
[118.296s][info][gc,cpu         ] GC(1149) User=0.00s Sys=0.00s Real=0.00s
[118.379s][info][gc,start       ] GC(1150) Pause Young (Allocation Failure)
[118.384s][info][gc,heap        ] GC(1150) DefNew: 587083K(629120K)->30971K(629120K) Eden: 559232K(559232K)->0K(559232K) From: 27851K(69888K)->30971K(69888K)
[118.384s][info][gc,heap        ] GC(1150) Tenured: 1207644K(1398144K)->1207644K(1398144K)
[118.384s][info][gc,metaspace   ] GC(1150) Metaspace: 130960K(132672K)->130960K(132672K) NonClass: 114129K(114880K)->114129K(114880K) Class: 16831K(17792K)->16831K(17792K)
[118.384s][info][gc             ] GC(1150) Pause Young (Allocation Failure) 1752M->1209M(1979M) 5.057ms
[118.384s][info][gc,cpu         ] GC(1150) User=0.00s Sys=0.00s Real=0.01s
[118.470s][info][gc,start       ] GC(1151) Pause Young (Allocation Failure)
[118.474s][info][gc,heap        ] GC(1151) DefNew: 590203K(629120K)->29229K(629120K) Eden: 559232K(559232K)->0K(559232K) From: 30971K(69888K)->29229K(69888K)
[118.474s][info][gc,heap        ] GC(1151) Tenured: 1207644K(1398144K)->1207644K(1398144K)
[118.474s][info][gc,metaspace   ] GC(1151) Metaspace: 130960K(132672K)->130960K(132672K) NonClass: 114129K(114880K)->114129K(114880K) Class: 16831K(17792K)->16831K(17792K)
[118.474s][info][gc             ] GC(1151) Pause Young (Allocation Failure) 1755M->1207M(1979M) 4.683ms
[118.474s][info][gc,cpu         ] GC(1151) User=0.00s Sys=0.00s Real=0.01s
[118.561s][info][gc,start       ] GC(1152) Pause Young (Allocation Failure)
[118.566s][info][gc,heap        ] GC(1152) DefNew: 588461K(629120K)->33590K(629120K) Eden: 559232K(559232K)->0K(559232K) From: 29229K(69888K)->33590K(69888K)
[118.566s][info][gc,heap        ] GC(1152) Tenured: 1207644K(1398144K)->1207644K(1398144K)
[118.566s][info][gc,metaspace   ] GC(1152) Metaspace: 130960K(132672K)->130960K(132672K) NonClass: 114129K(114880K)->114129K(114880K) Class: 16831K(17792K)->16831K(17792K)
[118.566s][info][gc             ] GC(1152) Pause Young (Allocation Failure) 1754M->1212M(1979M) 4.888ms
[118.566s][info][gc,cpu         ] GC(1152) User=0.00s Sys=0.00s Real=0.00s
[118.654s][info][gc,start       ] GC(1153) Pause Young (Allocation Failure)
[118.660s][info][gc,heap        ] GC(1153) DefNew: 592822K(629120K)->42307K(629120K) Eden: 559232K(559232K)->0K(559232K) From: 33590K(69888K)->42307K(69888K)
[118.660s][info][gc,heap        ] GC(1153) Tenured: 1207644K(1398144K)->1207644K(1398144K)
[118.660s][info][gc,metaspace   ] GC(1153) Metaspace: 130960K(132672K)->130960K(132672K) NonClass: 114129K(114880K)->114129K(114880K) Class: 16831K(17792K)->16831K(17792K)
[118.660s][info][gc             ] GC(1153) Pause Young (Allocation Failure) 1758M->1220M(1979M) 5.859ms
[118.660s][info][gc,cpu         ] GC(1153) User=0.00s Sys=0.00s Real=0.00s
[118.746s][info][gc,start       ] GC(1154) Pause Young (Allocation Failure)
[118.751s][info][gc,heap        ] GC(1154) DefNew: 601539K(629120K)->18093K(629120K) Eden: 559232K(559232K)->0K(559232K) From: 42307K(69888K)->18093K(69888K)
[118.751s][info][gc,heap        ] GC(1154) Tenured: 1207644K(1398144K)->1219935K(1398144K)
[118.751s][info][gc,metaspace   ] GC(1154) Metaspace: 130960K(132672K)->130960K(132672K) NonClass: 114129K(114880K)->114129K(114880K) Class: 16831K(17792K)->16831K(17792K)
[118.751s][info][gc             ] GC(1154) Pause Young (Allocation Failure) 1766M->1209M(1979M) 5.063ms
[118.751s][info][gc,cpu         ] GC(1154) User=0.00s Sys=0.00s Real=0.00s
[118.839s][info][gc,start       ] GC(1155) Pause Young (Allocation Failure)
[118.843s][info][gc,heap        ] GC(1155) DefNew: 577325K(629120K)->22871K(629120K) Eden: 559232K(559232K)->0K(559232K) From: 18093K(69888K)->22871K(69888K)
[118.843s][info][gc,heap        ] GC(1155) Tenured: 1219935K(1398144K)->1219935K(1398144K)
[118.843s][info][gc,metaspace   ] GC(1155) Metaspace: 130960K(132672K)->130960K(132672K) NonClass: 114129K(114880K)->114129K(114880K) Class: 16831K(17792K)->16831K(17792K)
[118.843s][info][gc             ] GC(1155) Pause Young (Allocation Failure) 1755M->1213M(1979M) 3.981ms
[118.843s][info][gc,cpu         ] GC(1155) User=0.00s Sys=0.00s Real=0.00s
[118.930s][info][gc,start       ] GC(1156) Pause Young (Allocation Failure)
[118.934s][info][gc,heap        ] GC(1156) DefNew: 582103K(629120K)->23061K(629120K) Eden: 559232K(559232K)->0K(559232K) From: 22871K(69888K)->23061K(69888K)
[118.934s][info][gc,heap        ] GC(1156) Tenured: 1219935K(1398144K)->1219935K(1398144K)
[118.934s][info][gc,metaspace   ] GC(1156) Metaspace: 130960K(132672K)->130960K(132672K) NonClass: 114129K(114880K)->114129K(114880K) Class: 16831K(17792K)->16831K(17792K)
[118.934s][info][gc             ] GC(1156) Pause Young (Allocation Failure) 1759M->1213M(1979M) 4.499ms
[118.934s][info][gc,cpu         ] GC(1156) User=0.00s Sys=0.00s Real=0.02s
[119.021s][info][gc,start       ] GC(1157) Pause Young (Allocation Failure)
[119.024s][info][gc,heap        ] GC(1157) DefNew: 582293K(629120K)->20520K(629120K) Eden: 559232K(559232K)->0K(559232K) From: 23061K(69888K)->20520K(69888K)
[119.024s][info][gc,heap        ] GC(1157) Tenured: 1219935K(1398144K)->1219935K(1398144K)
[119.024s][info][gc,metaspace   ] GC(1157) Metaspace: 130960K(132672K)->130960K(132672K) NonClass: 114129K(114880K)->114129K(114880K) Class: 16831K(17792K)->16831K(17792K)
[119.024s][info][gc             ] GC(1157) Pause Young (Allocation Failure) 1759M->1211M(1979M) 3.917ms
[119.024s][info][gc,cpu         ] GC(1157) User=0.00s Sys=0.00s Real=0.00s
[119.112s][info][gc,start       ] GC(1158) Pause Young (Allocation Failure)
[119.117s][info][gc,heap        ] GC(1158) DefNew: 579752K(629120K)->25993K(629120K) Eden: 559232K(559232K)->0K(559232K) From: 20520K(69888K)->25993K(69888K)
[119.117s][info][gc,heap        ] GC(1158) Tenured: 1219935K(1398144K)->1219935K(1398144K)
[119.117s][info][gc,metaspace   ] GC(1158) Metaspace: 130960K(132672K)->130960K(132672K) NonClass: 114129K(114880K)->114129K(114880K) Class: 16831K(17792K)->16831K(17792K)
[119.117s][info][gc             ] GC(1158) Pause Young (Allocation Failure) 1757M->1216M(1979M) 4.619ms
[119.117s][info][gc,cpu         ] GC(1158) User=0.00s Sys=0.00s Real=0.00s
[119.204s][info][gc,start       ] GC(1159) Pause Young (Allocation Failure)
[119.208s][info][gc,heap        ] GC(1159) DefNew: 585225K(629120K)->18090K(629120K) Eden: 559232K(559232K)->0K(559232K) From: 25993K(69888K)->18090K(69888K)
[119.208s][info][gc,heap        ] GC(1159) Tenured: 1219935K(1398144K)->1219935K(1398144K)
[119.208s][info][gc,metaspace   ] GC(1159) Metaspace: 130960K(132672K)->130960K(132672K) NonClass: 114129K(114880K)->114129K(114880K) Class: 16831K(17792K)->16831K(17792K)
[119.208s][info][gc             ] GC(1159) Pause Young (Allocation Failure) 1762M->1209M(1979M) 3.834ms
[119.208s][info][gc,cpu         ] GC(1159) User=0.00s Sys=0.00s Real=0.00s
[119.295s][info][gc,start       ] GC(1160) Pause Young (Allocation Failure)
[119.299s][info][gc,heap        ] GC(1160) DefNew: 577322K(629120K)->21311K(629120K) Eden: 559232K(559232K)->0K(559232K) From: 18090K(69888K)->21311K(69888K)
[119.299s][info][gc,heap        ] GC(1160) Tenured: 1219935K(1398144K)->1219935K(1398144K)
[119.299s][info][gc,metaspace   ] GC(1160) Metaspace: 130960K(132672K)->130960K(132672K) NonClass: 114129K(114880K)->114129K(114880K) Class: 16831K(17792K)->16831K(17792K)
[119.299s][info][gc             ] GC(1160) Pause Young (Allocation Failure) 1755M->1212M(1979M) 3.758ms
[119.299s][info][gc,cpu         ] GC(1160) User=0.00s Sys=0.00s Real=0.00s
[119.385s][info][gc,start       ] GC(1161) Pause Young (Allocation Failure)
[119.389s][info][gc,heap        ] GC(1161) DefNew: 579947K(629120K)->19647K(629120K) Eden: 558635K(559232K)->0K(559232K) From: 21311K(69888K)->19647K(69888K)
[119.389s][info][gc,heap        ] GC(1161) Tenured: 1219935K(1398144K)->1219935K(1398144K)
[119.389s][info][gc,metaspace   ] GC(1161) Metaspace: 130960K(132672K)->130960K(132672K) NonClass: 114129K(114880K)->114129K(114880K) Class: 16831K(17792K)->16831K(17792K)
[119.389s][info][gc             ] GC(1161) Pause Young (Allocation Failure) 1757M->1210M(1979M) 3.924ms
[119.389s][info][gc,cpu         ] GC(1161) User=0.00s Sys=0.00s Real=0.01s
[119.476s][info][gc,start       ] GC(1162) Pause Young (Allocation Failure)
[119.479s][info][gc,heap        ] GC(1162) DefNew: 578879K(629120K)->11422K(629120K) Eden: 559232K(559232K)->0K(559232K) From: 19647K(69888K)->11422K(69888K)
[119.479s][info][gc,heap        ] GC(1162) Tenured: 1219935K(1398144K)->1228171K(1398144K)
[119.479s][info][gc,metaspace   ] GC(1162) Metaspace: 130960K(132672K)->130960K(132672K) NonClass: 114129K(114880K)->114129K(114880K) Class: 16831K(17792K)->16831K(17792K)
[119.479s][info][gc             ] GC(1162) Pause Young (Allocation Failure) 1756M->1210M(1979M) 3.633ms
[119.480s][info][gc,cpu         ] GC(1162) User=0.00s Sys=0.00s Real=0.00s
[119.567s][info][gc,start       ] GC(1163) Pause Young (Allocation Failure)
[119.570s][info][gc,heap        ] GC(1163) DefNew: 570654K(629120K)->17763K(629120K) Eden: 559232K(559232K)->0K(559232K) From: 11422K(69888K)->17763K(69888K)
[119.570s][info][gc,heap        ] GC(1163) Tenured: 1228171K(1398144K)->1228171K(1398144K)
[119.570s][info][gc,metaspace   ] GC(1163) Metaspace: 130960K(132672K)->130960K(132672K) NonClass: 114129K(114880K)->114129K(114880K) Class: 16831K(17792K)->16831K(17792K)
[119.570s][info][gc             ] GC(1163) Pause Young (Allocation Failure) 1756M->1216M(1979M) 3.648ms
[119.570s][info][gc,cpu         ] GC(1163) User=0.00s Sys=0.00s Real=0.00s
[119.657s][info][gc,start       ] GC(1164) Pause Young (Allocation Failure)
[119.661s][info][gc,heap        ] GC(1164) DefNew: 576995K(629120K)->15427K(629120K) Eden: 559232K(559232K)->0K(559232K) From: 17763K(69888K)->15427K(69888K)
[119.661s][info][gc,heap        ] GC(1164) Tenured: 1228171K(1398144K)->1228171K(1398144K)
[119.661s][info][gc,metaspace   ] GC(1164) Metaspace: 130960K(132672K)->130960K(132672K) NonClass: 114129K(114880K)->114129K(114880K) Class: 16831K(17792K)->16831K(17792K)
[119.661s][info][gc             ] GC(1164) Pause Young (Allocation Failure) 1762M->1214M(1979M) 3.638ms
[119.661s][info][gc,cpu         ] GC(1164) User=0.00s Sys=0.00s Real=0.00s
[119.762s][info][gc,start       ] GC(1165) Pause Young (Allocation Failure)
[119.765s][info][gc,heap        ] GC(1165) DefNew: 574659K(629120K)->14179K(629120K) Eden: 559232K(559232K)->0K(559232K) From: 15427K(69888K)->14179K(69888K)
[119.765s][info][gc,heap        ] GC(1165) Tenured: 1228171K(1398144K)->1228171K(1398144K)
[119.765s][info][gc,metaspace   ] GC(1165) Metaspace: 130977K(132672K)->130977K(132672K) NonClass: 114146K(114880K)->114146K(114880K) Class: 16831K(17792K)->16831K(17792K)
[119.765s][info][gc             ] GC(1165) Pause Young (Allocation Failure) 1760M->1213M(1979M) 3.616ms
[119.765s][info][gc,cpu         ] GC(1165) User=0.00s Sys=0.00s Real=0.02s
[119.918s][info][gc,start       ] GC(1166) Pause Full (System.gc())
[119.918s][info][gc,phases,start] GC(1166) Phase 1: Mark live objects
[119.973s][info][gc,phases      ] GC(1166) Phase 1: Mark live objects 55.594ms
[119.973s][info][gc,phases,start] GC(1166) Phase 2: Compute new object addresses
[120.018s][info][gc,phases      ] GC(1166) Phase 2: Compute new object addresses 45.087ms
[120.019s][info][gc,phases,start] GC(1166) Phase 3: Adjust pointers
[120.049s][info][gc,phases      ] GC(1166) Phase 3: Adjust pointers 30.429ms
[120.049s][info][gc,phases,start] GC(1166) Phase 4: Move objects
[120.049s][info][gc,phases      ] GC(1166) Phase 4: Move objects 0.046ms
[120.050s][info][gc,heap        ] GC(1166) DefNew: 268731K(629120K)->0K(629120K) Eden: 254552K(559232K)->0K(559232K) From: 14179K(69888K)->0K(69888K)
[120.050s][info][gc,heap        ] GC(1166) Tenured: 1228171K(1398144K)->1034977K(1398144K)
[120.050s][info][gc,metaspace   ] GC(1166) Metaspace: 130996K(132672K)->130996K(132672K) NonClass: 114165K(114880K)->114165K(114880K) Class: 16831K(17792K)->16831K(17792K)
[120.050s][info][gc             ] GC(1166) Pause Full (System.gc()) 1461M->1010M(1979M) 131.989ms
[120.050s][info][gc,cpu         ] GC(1166) User=0.12s Sys=0.00s Real=0.14s
[120.185s][info][gc,start       ] GC(1167) Pause Young (Allocation Failure)
[120.189s][info][gc,heap        ] GC(1167) DefNew: 559232K(629120K)->4939K(629120K) Eden: 559232K(559232K)->0K(559232K) From: 0K(69888K)->4939K(69888K)
[120.189s][info][gc,heap        ] GC(1167) Tenured: 1034977K(1398144K)->1034977K(1398144K)
[120.189s][info][gc,metaspace   ] GC(1167) Metaspace: 131123K(132800K)->131123K(132800K) NonClass: 114289K(115008K)->114289K(115008K) Class: 16833K(17792K)->16833K(17792K)
[120.189s][info][gc             ] GC(1167) Pause Young (Allocation Failure) 1556M->1015M(1979M) 4.609ms
[120.189s][info][gc,cpu         ] GC(1167) User=0.02s Sys=0.00s Real=0.00s
[120.245s][info][gc,start       ] GC(1168) Pause Young (Allocation Failure)
[120.249s][info][gc,heap        ] GC(1168) DefNew: 564171K(629120K)->5814K(629120K) Eden: 559232K(559232K)->0K(559232K) From: 4939K(69888K)->5814K(69888K)
[120.249s][info][gc,heap        ] GC(1168) Tenured: 1034977K(1398144K)->1034977K(1398144K)
[120.249s][info][gc,metaspace   ] GC(1168) Metaspace: 131123K(132800K)->131123K(132800K) NonClass: 114289K(115008K)->114289K(115008K) Class: 16833K(17792K)->16833K(17792K)
[120.249s][info][gc             ] GC(1168) Pause Young (Allocation Failure) 1561M->1016M(1979M) 4.056ms
[120.249s][info][gc,cpu         ] GC(1168) User=0.00s Sys=0.00s Real=0.00s
[120.302s][info][gc,start       ] GC(1169) Pause Young (Allocation Failure)
[120.307s][info][gc,heap        ] GC(1169) DefNew: 565046K(629120K)->9019K(629120K) Eden: 559232K(559232K)->0K(559232K) From: 5814K(69888K)->9019K(69888K)
[120.307s][info][gc,heap        ] GC(1169) Tenured: 1034977K(1398144K)->1034977K(1398144K)
[120.307s][info][gc,metaspace   ] GC(1169) Metaspace: 131123K(132800K)->131123K(132800K) NonClass: 114289K(115008K)->114289K(115008K) Class: 16833K(17792K)->16833K(17792K)
[120.307s][info][gc             ] GC(1169) Pause Young (Allocation Failure) 1562M->1019M(1979M) 4.339ms
[120.307s][info][gc,cpu         ] GC(1169) User=0.00s Sys=0.00s Real=0.01s
[120.362s][info][gc,start       ] GC(1170) Pause Young (Allocation Failure)
[120.366s][info][gc,heap        ] GC(1170) DefNew: 568251K(629120K)->10186K(629120K) Eden: 559232K(559232K)->0K(559232K) From: 9019K(69888K)->10186K(69888K)
[120.366s][info][gc,heap        ] GC(1170) Tenured: 1034977K(1398144K)->1034977K(1398144K)
[120.366s][info][gc,metaspace   ] GC(1170) Metaspace: 131123K(132800K)->131123K(132800K) NonClass: 114289K(115008K)->114289K(115008K) Class: 16833K(17792K)->16833K(17792K)
[120.366s][info][gc             ] GC(1170) Pause Young (Allocation Failure) 1565M->1020M(1979M) 4.450ms
[120.366s][info][gc,cpu         ] GC(1170) User=0.02s Sys=0.00s Real=0.00s
[120.423s][info][gc,start       ] GC(1171) Pause Young (Allocation Failure)
[120.428s][info][gc,heap        ] GC(1171) DefNew: 569418K(629120K)->13795K(629120K) Eden: 559232K(559232K)->0K(559232K) From: 10186K(69888K)->13795K(69888K)
[120.428s][info][gc,heap        ] GC(1171) Tenured: 1034977K(1398144K)->1034977K(1398144K)
[120.428s][info][gc,metaspace   ] GC(1171) Metaspace: 131125K(132800K)->131125K(132800K) NonClass: 114291K(115008K)->114291K(115008K) Class: 16833K(17792K)->16833K(17792K)
[120.428s][info][gc             ] GC(1171) Pause Young (Allocation Failure) 1566M->1024M(1979M) 4.918ms
[120.428s][info][gc,cpu         ] GC(1171) User=0.02s Sys=0.00s Real=0.00s
[120.483s][info][gc,start       ] GC(1172) Pause Young (Allocation Failure)
[120.489s][info][gc,heap        ] GC(1172) DefNew: 573027K(629120K)->18299K(629120K) Eden: 559232K(559232K)->0K(559232K) From: 13795K(69888K)->18299K(69888K)
[120.489s][info][gc,heap        ] GC(1172) Tenured: 1034977K(1398144K)->1034977K(1398144K)
[120.489s][info][gc,metaspace   ] GC(1172) Metaspace: 131125K(132800K)->131125K(132800K) NonClass: 114291K(115008K)->114291K(115008K) Class: 16833K(17792K)->16833K(17792K)
[120.489s][info][gc             ] GC(1172) Pause Young (Allocation Failure) 1570M->1028M(1979M) 5.246ms
[120.489s][info][gc,cpu         ] GC(1172) User=0.00s Sys=0.00s Real=0.00s
[120.544s][info][gc,start       ] GC(1173) Pause Young (Allocation Failure)
[120.550s][info][gc,heap        ] GC(1173) DefNew: 577531K(629120K)->22366K(629120K) Eden: 559232K(559232K)->0K(559232K) From: 18299K(69888K)->22366K(69888K)
[120.550s][info][gc,heap        ] GC(1173) Tenured: 1034977K(1398144K)->1034977K(1398144K)
[120.550s][info][gc,metaspace   ] GC(1173) Metaspace: 131125K(132800K)->131125K(132800K) NonClass: 114291K(115008K)->114291K(115008K) Class: 16833K(17792K)->16833K(17792K)
[120.550s][info][gc             ] GC(1173) Pause Young (Allocation Failure) 1574M->1032M(1979M) 5.941ms
[120.550s][info][gc,cpu         ] GC(1173) User=0.00s Sys=0.00s Real=0.00s
[120.606s][info][gc,start       ] GC(1174) Pause Young (Allocation Failure)
[120.612s][info][gc,heap        ] GC(1174) DefNew: 581598K(629120K)->26476K(629120K) Eden: 559232K(559232K)->0K(559232K) From: 22366K(69888K)->26476K(69888K)
[120.613s][info][gc,heap        ] GC(1174) Tenured: 1034977K(1398144K)->1034977K(1398144K)
[120.613s][info][gc,metaspace   ] GC(1174) Metaspace: 131125K(132800K)->131125K(132800K) NonClass: 114291K(115008K)->114291K(115008K) Class: 16833K(17792K)->16833K(17792K)
[120.613s][info][gc             ] GC(1174) Pause Young (Allocation Failure) 1578M->1036M(1979M) 6.064ms
[120.613s][info][gc,cpu         ] GC(1174) User=0.00s Sys=0.00s Real=0.00s
[120.668s][info][gc,start       ] GC(1175) Pause Young (Allocation Failure)
[120.678s][info][gc,heap        ] GC(1175) DefNew: 583082K(629120K)->31367K(629120K) Eden: 556606K(559232K)->0K(559232K) From: 26476K(69888K)->31367K(69888K)
[120.678s][info][gc,heap        ] GC(1175) Tenured: 1034977K(1398144K)->1034977K(1398144K)
[120.678s][info][gc,metaspace   ] GC(1175) Metaspace: 131137K(132800K)->131137K(132800K) NonClass: 114303K(115008K)->114303K(115008K) Class: 16833K(17792K)->16833K(17792K)
[120.678s][info][gc             ] GC(1175) Pause Young (Allocation Failure) 1580M->1041M(1979M) 9.305ms
[120.678s][info][gc,cpu         ] GC(1175) User=0.00s Sys=0.00s Real=0.00s
[120.734s][info][gc,start       ] GC(1176) Pause Young (Allocation Failure)
[120.741s][info][gc,heap        ] GC(1176) DefNew: 590599K(629120K)->41707K(629120K) Eden: 559232K(559232K)->0K(559232K) From: 31367K(69888K)->41707K(69888K)
[120.741s][info][gc,heap        ] GC(1176) Tenured: 1034977K(1398144K)->1034977K(1398144K)
[120.741s][info][gc,metaspace   ] GC(1176) Metaspace: 131137K(132800K)->131137K(132800K) NonClass: 114303K(115008K)->114303K(115008K) Class: 16833K(17792K)->16833K(17792K)
[120.741s][info][gc             ] GC(1176) Pause Young (Allocation Failure) 1587M->1051M(1979M) 7.215ms
[120.741s][info][gc,cpu         ] GC(1176) User=0.02s Sys=0.00s Real=0.00s
[120.796s][info][gc,start       ] GC(1177) Pause Young (Allocation Failure)
[120.804s][info][gc,heap        ] GC(1177) DefNew: 600939K(629120K)->36043K(629120K) Eden: 559232K(559232K)->0K(559232K) From: 41707K(69888K)->36043K(69888K)
[120.804s][info][gc,heap        ] GC(1177) Tenured: 1034977K(1398144K)->1044748K(1398144K)
[120.804s][info][gc,metaspace   ] GC(1177) Metaspace: 131137K(132800K)->131137K(132800K) NonClass: 114303K(115008K)->114303K(115008K) Class: 16833K(17792K)->16833K(17792K)
[120.804s][info][gc             ] GC(1177) Pause Young (Allocation Failure) 1597M->1055M(1979M) 8.141ms
[120.804s][info][gc,cpu         ] GC(1177) User=0.00s Sys=0.00s Real=0.00s
[120.860s][info][gc,start       ] GC(1178) Pause Young (Allocation Failure)
[120.866s][info][gc,heap        ] GC(1178) DefNew: 595275K(629120K)->32638K(629120K) Eden: 559232K(559232K)->0K(559232K) From: 36043K(69888K)->32638K(69888K)
[120.866s][info][gc,heap        ] GC(1178) Tenured: 1044748K(1398144K)->1049143K(1398144K)
[120.866s][info][gc,metaspace   ] GC(1178) Metaspace: 131137K(132800K)->131137K(132800K) NonClass: 114303K(115008K)->114303K(115008K) Class: 16833K(17792K)->16833K(17792K)
[120.866s][info][gc             ] GC(1178) Pause Young (Allocation Failure) 1601M->1056M(1979M) 5.766ms
[120.866s][info][gc,cpu         ] GC(1178) User=0.00s Sys=0.00s Real=0.00s
[120.922s][info][gc,start       ] GC(1179) Pause Young (Allocation Failure)
[120.927s][info][gc,heap        ] GC(1179) DefNew: 591870K(629120K)->36723K(629120K) Eden: 559232K(559232K)->0K(559232K) From: 32638K(69888K)->36723K(69888K)
[120.927s][info][gc,heap        ] GC(1179) Tenured: 1049143K(1398144K)->1049143K(1398144K)
[120.927s][info][gc,metaspace   ] GC(1179) Metaspace: 131137K(132800K)->131137K(132800K) NonClass: 114303K(115008K)->114303K(115008K) Class: 16833K(17792K)->16833K(17792K)
[120.927s][info][gc             ] GC(1179) Pause Young (Allocation Failure) 1602M->1060M(1979M) 5.551ms
[120.928s][info][gc,cpu         ] GC(1179) User=0.00s Sys=0.00s Real=0.00s
[120.984s][info][gc,start       ] GC(1180) Pause Young (Allocation Failure)
[120.989s][info][gc,heap        ] GC(1180) DefNew: 595955K(629120K)->36727K(629120K) Eden: 559232K(559232K)->0K(559232K) From: 36723K(69888K)->36727K(69888K)
[120.989s][info][gc,heap        ] GC(1180) Tenured: 1049143K(1398144K)->1053242K(1398144K)
[120.989s][info][gc,metaspace   ] GC(1180) Metaspace: 131137K(132800K)->131137K(132800K) NonClass: 114303K(115008K)->114303K(115008K) Class: 16833K(17792K)->16833K(17792K)
[120.989s][info][gc             ] GC(1180) Pause Young (Allocation Failure) 1606M->1064M(1979M) 5.789ms
[120.989s][info][gc,cpu         ] GC(1180) User=0.00s Sys=0.00s Real=0.00s
[121.045s][info][gc,start       ] GC(1181) Pause Young (Allocation Failure)
[121.051s][info][gc,heap        ] GC(1181) DefNew: 595959K(629120K)->36702K(629120K) Eden: 559232K(559232K)->0K(559232K) From: 36727K(69888K)->36702K(69888K)
[121.051s][info][gc,heap        ] GC(1181) Tenured: 1053242K(1398144K)->1057339K(1398144K)
[121.051s][info][gc,metaspace   ] GC(1181) Metaspace: 131137K(132800K)->131137K(132800K) NonClass: 114303K(115008K)->114303K(115008K) Class: 16833K(17792K)->16833K(17792K)
[121.051s][info][gc             ] GC(1181) Pause Young (Allocation Failure) 1610M->1068M(1979M) 5.804ms
[121.051s][info][gc,cpu         ] GC(1181) User=0.00s Sys=0.00s Real=0.00s
[121.108s][info][gc,start       ] GC(1182) Pause Young (Allocation Failure)
[121.114s][info][gc,heap        ] GC(1182) DefNew: 595934K(629120K)->36690K(629120K) Eden: 559232K(559232K)->0K(559232K) From: 36702K(69888K)->36690K(69888K)
[121.114s][info][gc,heap        ] GC(1182) Tenured: 1057339K(1398144K)->1061463K(1398144K)
[121.114s][info][gc,metaspace   ] GC(1182) Metaspace: 131137K(132800K)->131137K(132800K) NonClass: 114303K(115008K)->114303K(115008K) Class: 16833K(17792K)->16833K(17792K)
[121.114s][info][gc             ] GC(1182) Pause Young (Allocation Failure) 1614M->1072M(1979M) 6.479ms
[121.114s][info][gc,cpu         ] GC(1182) User=0.02s Sys=0.00s Real=0.00s
[121.185s][info][gc,start       ] GC(1183) Pause Young (Allocation Failure)
[121.191s][info][gc,heap        ] GC(1183) DefNew: 595922K(629120K)->36981K(629120K) Eden: 559232K(559232K)->0K(559232K) From: 36690K(69888K)->36981K(69888K)
[121.191s][info][gc,heap        ] GC(1183) Tenured: 1061463K(1398144K)->1065559K(1398144K)
[121.191s][info][gc,metaspace   ] GC(1183) Metaspace: 131146K(132800K)->131146K(132800K) NonClass: 114312K(115008K)->114312K(115008K) Class: 16833K(17792K)->16833K(17792K)
[121.191s][info][gc             ] GC(1183) Pause Young (Allocation Failure) 1618M->1076M(1979M) 6.153ms
[121.191s][info][gc,cpu         ] GC(1183) User=0.00s Sys=0.00s Real=0.01s
[121.279s][info][gc,start       ] GC(1184) Pause Young (Allocation Failure)
[121.285s][info][gc,heap        ] GC(1184) DefNew: 596213K(629120K)->45532K(629120K) Eden: 559232K(559232K)->0K(559232K) From: 36981K(69888K)->45532K(69888K)
[121.285s][info][gc,heap        ] GC(1184) Tenured: 1065559K(1398144K)->1069656K(1398144K)
[121.285s][info][gc,metaspace   ] GC(1184) Metaspace: 131152K(132800K)->131152K(132800K) NonClass: 114318K(115008K)->114318K(115008K) Class: 16833K(17792K)->16833K(17792K)
[121.285s][info][gc             ] GC(1184) Pause Young (Allocation Failure) 1622M->1089M(1979M) 6.834ms
[121.285s][info][gc,cpu         ] GC(1184) User=0.00s Sys=0.00s Real=0.02s
[121.374s][info][gc,start       ] GC(1185) Pause Young (Allocation Failure)
[121.381s][info][gc,heap        ] GC(1185) DefNew: 604764K(629120K)->49447K(629120K) Eden: 559232K(559232K)->0K(559232K) From: 45532K(69888K)->49447K(69888K)
[121.381s][info][gc,heap        ] GC(1185) Tenured: 1069656K(1398144K)->1081949K(1398144K)
[121.381s][info][gc,metaspace   ] GC(1185) Metaspace: 131152K(132800K)->131152K(132800K) NonClass: 114318K(115008K)->114318K(115008K) Class: 16833K(17792K)->16833K(17792K)
[121.382s][info][gc             ] GC(1185) Pause Young (Allocation Failure) 1635M->1104M(1979M) 8.006ms
[121.382s][info][gc,cpu         ] GC(1185) User=0.00s Sys=0.00s Real=0.02s
[121.471s][info][gc,start       ] GC(1186) Pause Young (Allocation Failure)
[121.479s][info][gc,heap        ] GC(1186) DefNew: 608679K(629120K)->46442K(629120K) Eden: 559232K(559232K)->0K(559232K) From: 49447K(69888K)->46442K(69888K)
[121.479s][info][gc,heap        ] GC(1186) Tenured: 1081949K(1398144K)->1098791K(1398144K)
[121.479s][info][gc,metaspace   ] GC(1186) Metaspace: 131152K(132800K)->131152K(132800K) NonClass: 114318K(115008K)->114318K(115008K) Class: 16833K(17792K)->16833K(17792K)
[121.479s][info][gc             ] GC(1186) Pause Young (Allocation Failure) 1651M->1118M(1979M) 8.158ms
[121.479s][info][gc,cpu         ] GC(1186) User=0.00s Sys=0.00s Real=0.01s
[121.568s][info][gc,start       ] GC(1187) Pause Young (Allocation Failure)
[121.575s][info][gc,heap        ] GC(1187) DefNew: 605674K(629120K)->44670K(629120K) Eden: 559232K(559232K)->0K(559232K) From: 46442K(69888K)->44670K(69888K)
[121.575s][info][gc,heap        ] GC(1187) Tenured: 1098791K(1398144K)->1111095K(1398144K)
[121.575s][info][gc,metaspace   ] GC(1187) Metaspace: 131152K(132800K)->131152K(132800K) NonClass: 114318K(115008K)->114318K(115008K) Class: 16833K(17792K)->16833K(17792K)
[121.575s][info][gc             ] GC(1187) Pause Young (Allocation Failure) 1664M->1128M(1979M) 7.242ms
[121.575s][info][gc,cpu         ] GC(1187) User=0.00s Sys=0.00s Real=0.02s
[121.664s][info][gc,start       ] GC(1188) Pause Young (Allocation Failure)
[121.671s][info][gc,heap        ] GC(1188) DefNew: 603902K(629120K)->45066K(629120K) Eden: 559232K(559232K)->0K(559232K) From: 44670K(69888K)->45066K(69888K)
[121.671s][info][gc,heap        ] GC(1188) Tenured: 1111095K(1398144K)->1123388K(1398144K)
[121.671s][info][gc,metaspace   ] GC(1188) Metaspace: 131152K(132800K)->131152K(132800K) NonClass: 114318K(115008K)->114318K(115008K) Class: 16833K(17792K)->16833K(17792K)
[121.671s][info][gc             ] GC(1188) Pause Young (Allocation Failure) 1674M->1141M(1979M) 6.984ms
[121.671s][info][gc,cpu         ] GC(1188) User=0.00s Sys=0.00s Real=0.00s
[121.759s][info][gc,start       ] GC(1189) Pause Young (Allocation Failure)
[121.766s][info][gc,heap        ] GC(1189) DefNew: 604298K(629120K)->48974K(629120K) Eden: 559232K(559232K)->0K(559232K) From: 45066K(69888K)->48974K(69888K)
[121.766s][info][gc,heap        ] GC(1189) Tenured: 1123388K(1398144K)->1135679K(1398144K)
[121.766s][info][gc,metaspace   ] GC(1189) Metaspace: 131152K(132800K)->131152K(132800K) NonClass: 114318K(115008K)->114318K(115008K) Class: 16833K(17792K)->16833K(17792K)
[121.766s][info][gc             ] GC(1189) Pause Young (Allocation Failure) 1687M->1156M(1979M) 7.297ms
[121.766s][info][gc,cpu         ] GC(1189) User=0.00s Sys=0.00s Real=0.00s
[121.856s][info][gc,start       ] GC(1190) Pause Young (Allocation Failure)
[121.864s][info][gc,heap        ] GC(1190) DefNew: 608206K(629120K)->40141K(629120K) Eden: 559232K(559232K)->0K(559232K) From: 48974K(69888K)->40141K(69888K)
[121.864s][info][gc,heap        ] GC(1190) Tenured: 1135679K(1398144K)->1152069K(1398144K)
[121.864s][info][gc,metaspace   ] GC(1190) Metaspace: 131152K(132800K)->131152K(132800K) NonClass: 114318K(115008K)->114318K(115008K) Class: 16833K(17792K)->16833K(17792K)
[121.864s][info][gc             ] GC(1190) Pause Young (Allocation Failure) 1703M->1164M(1979M) 7.301ms
[121.864s][info][gc,cpu         ] GC(1190) User=0.00s Sys=0.00s Real=0.00s
[121.948s][info][gc,start       ] GC(1191) Pause Young (Allocation Failure)
[121.954s][info][gc,heap        ] GC(1191) DefNew: 599373K(629120K)->35084K(629120K) Eden: 559232K(559232K)->0K(559232K) From: 40141K(69888K)->35084K(69888K)
[121.954s][info][gc,heap        ] GC(1191) Tenured: 1152069K(1398144K)->1164359K(1398144K)
[121.954s][info][gc,metaspace   ] GC(1191) Metaspace: 131152K(132800K)->131152K(132800K) NonClass: 114318K(115008K)->114318K(115008K) Class: 16833K(17792K)->16833K(17792K)
[121.954s][info][gc             ] GC(1191) Pause Young (Allocation Failure) 1710M->1171M(1979M) 6.357ms
[121.954s][info][gc,cpu         ] GC(1191) User=0.00s Sys=0.00s Real=0.00s
[122.041s][info][gc,start       ] GC(1192) Pause Young (Allocation Failure)
[122.048s][info][gc,heap        ] GC(1192) DefNew: 594316K(629120K)->33612K(629120K) Eden: 559232K(559232K)->0K(559232K) From: 35084K(69888K)->33612K(69888K)
[122.048s][info][gc,heap        ] GC(1192) Tenured: 1164359K(1398144K)->1176652K(1398144K)
[122.048s][info][gc,metaspace   ] GC(1192) Metaspace: 131152K(132800K)->131152K(132800K) NonClass: 114318K(115008K)->114318K(115008K) Class: 16833K(17792K)->16833K(17792K)
[122.048s][info][gc             ] GC(1192) Pause Young (Allocation Failure) 1717M->1181M(1979M) 6.551ms
[122.048s][info][gc,cpu         ] GC(1192) User=0.00s Sys=0.00s Real=0.00s
[122.138s][info][gc,start       ] GC(1193) Pause Young (Allocation Failure)
[122.144s][info][gc,heap        ] GC(1193) DefNew: 592844K(629120K)->41032K(629120K) Eden: 559232K(559232K)->0K(559232K) From: 33612K(69888K)->41032K(69888K)
[122.144s][info][gc,heap        ] GC(1193) Tenured: 1176652K(1398144K)->1176652K(1398144K)
[122.144s][info][gc,metaspace   ] GC(1193) Metaspace: 131152K(132800K)->131152K(132800K) NonClass: 114318K(115008K)->114318K(115008K) Class: 16833K(17792K)->16833K(17792K)
[122.144s][info][gc             ] GC(1193) Pause Young (Allocation Failure) 1728M->1189M(1979M) 6.360ms
[122.144s][info][gc,cpu         ] GC(1193) User=0.00s Sys=0.00s Real=0.00s
[122.232s][info][gc,start       ] GC(1194) Pause Young (Allocation Failure)
[122.238s][info][gc,heap        ] GC(1194) DefNew: 599881K(629120K)->31902K(629120K) Eden: 558849K(559232K)->0K(559232K) From: 41032K(69888K)->31902K(69888K)
[122.238s][info][gc,heap        ] GC(1194) Tenured: 1176652K(1398144K)->1188991K(1398144K)
[122.238s][info][gc,metaspace   ] GC(1194) Metaspace: 131152K(132800K)->131152K(132800K) NonClass: 114318K(115008K)->114318K(115008K) Class: 16833K(17792K)->16833K(17792K)
[122.238s][info][gc             ] GC(1194) Pause Young (Allocation Failure) 1734M->1192M(1979M) 6.474ms
[122.238s][info][gc,cpu         ] GC(1194) User=0.00s Sys=0.00s Real=0.00s
[122.326s][info][gc,start       ] GC(1195) Pause Young (Allocation Failure)
[122.332s][info][gc,heap        ] GC(1195) DefNew: 591134K(629120K)->41742K(629120K) Eden: 559232K(559232K)->0K(559232K) From: 31902K(69888K)->41742K(69888K)
[122.332s][info][gc,heap        ] GC(1195) Tenured: 1188991K(1398144K)->1188991K(1398144K)
[122.332s][info][gc,metaspace   ] GC(1195) Metaspace: 131152K(132800K)->131152K(132800K) NonClass: 114318K(115008K)->114318K(115008K) Class: 16833K(17792K)->16833K(17792K)
[122.332s][info][gc             ] GC(1195) Pause Young (Allocation Failure) 1738M->1201M(1979M) 5.572ms
[122.332s][info][gc,cpu         ] GC(1195) User=0.00s Sys=0.00s Real=0.00s
[122.419s][info][gc,start       ] GC(1196) Pause Young (Allocation Failure)
[122.426s][info][gc,heap        ] GC(1196) DefNew: 600974K(629120K)->41310K(629120K) Eden: 559232K(559232K)->0K(559232K) From: 41742K(69888K)->41310K(69888K)
[122.426s][info][gc,heap        ] GC(1196) Tenured: 1188991K(1398144K)->1201285K(1398144K)
[122.426s][info][gc,metaspace   ] GC(1196) Metaspace: 131152K(132800K)->131152K(132800K) NonClass: 114318K(115008K)->114318K(115008K) Class: 16833K(17792K)->16833K(17792K)
[122.426s][info][gc             ] GC(1196) Pause Young (Allocation Failure) 1748M->1213M(1979M) 6.555ms
[122.426s][info][gc,cpu         ] GC(1196) User=0.00s Sys=0.00s Real=0.00s
[122.513s][info][gc,start       ] GC(1197) Pause Young (Allocation Failure)
[122.518s][info][gc,heap        ] GC(1197) DefNew: 600542K(629120K)->33555K(629120K) Eden: 559232K(559232K)->0K(559232K) From: 41310K(69888K)->33555K(69888K)
[122.519s][info][gc,heap        ] GC(1197) Tenured: 1201285K(1398144K)->1209479K(1398144K)
[122.519s][info][gc,metaspace   ] GC(1197) Metaspace: 131152K(132800K)->131152K(132800K) NonClass: 114318K(115008K)->114318K(115008K) Class: 16833K(17792K)->16833K(17792K)
[122.519s][info][gc             ] GC(1197) Pause Young (Allocation Failure) 1759M->1213M(1979M) 5.961ms
[122.519s][info][gc,cpu         ] GC(1197) User=0.00s Sys=0.00s Real=0.00s
[122.609s][info][gc,start       ] GC(1198) Pause Young (Allocation Failure)
[122.615s][info][gc,heap        ] GC(1198) DefNew: 592787K(629120K)->40139K(629120K) Eden: 559232K(559232K)->0K(559232K) From: 33555K(69888K)->40139K(69888K)
[122.615s][info][gc,heap        ] GC(1198) Tenured: 1209479K(1398144K)->1209479K(1398144K)
[122.615s][info][gc,metaspace   ] GC(1198) Metaspace: 131152K(132800K)->131152K(132800K) NonClass: 114318K(115008K)->114318K(115008K) Class: 16833K(17792K)->16833K(17792K)
[122.615s][info][gc             ] GC(1198) Pause Young (Allocation Failure) 1760M->1220M(1979M) 5.792ms
[122.615s][info][gc,cpu         ] GC(1198) User=0.00s Sys=0.00s Real=0.00s
[122.699s][info][gc,start       ] GC(1199) Pause Young (Allocation Failure)
[122.704s][info][gc,heap        ] GC(1199) DefNew: 599371K(629120K)->24640K(629120K) Eden: 559232K(559232K)->0K(559232K) From: 40139K(69888K)->24640K(69888K)
[122.704s][info][gc,heap        ] GC(1199) Tenured: 1209479K(1398144K)->1221770K(1398144K)
[122.704s][info][gc,metaspace   ] GC(1199) Metaspace: 131152K(132800K)->131152K(132800K) NonClass: 114318K(115008K)->114318K(115008K) Class: 16833K(17792K)->16833K(17792K)
[122.704s][info][gc             ] GC(1199) Pause Young (Allocation Failure) 1766M->1217M(1979M) 5.293ms
[122.704s][info][gc,cpu         ] GC(1199) User=0.00s Sys=0.00s Real=0.02s
[122.786s][info][gc,start       ] GC(1200) Pause Young (Allocation Failure)
[122.790s][info][gc,heap        ] GC(1200) DefNew: 583872K(629120K)->26283K(629120K) Eden: 559232K(559232K)->0K(559232K) From: 24640K(69888K)->26283K(69888K)
[122.790s][info][gc,heap        ] GC(1200) Tenured: 1221770K(1398144K)->1221770K(1398144K)
[122.790s][info][gc,metaspace   ] GC(1200) Metaspace: 131152K(132800K)->131152K(132800K) NonClass: 114318K(115008K)->114318K(115008K) Class: 16833K(17792K)->16833K(17792K)
[122.790s][info][gc             ] GC(1200) Pause Young (Allocation Failure) 1763M->1218M(1979M) 4.265ms
[122.790s][info][gc,cpu         ] GC(1200) User=0.00s Sys=0.00s Real=0.00s
[122.873s][info][gc,start       ] GC(1201) Pause Young (Allocation Failure)
[122.877s][info][gc,heap        ] GC(1201) DefNew: 585515K(629120K)->27858K(629120K) Eden: 559232K(559232K)->0K(559232K) From: 26283K(69888K)->27858K(69888K)
[122.877s][info][gc,heap        ] GC(1201) Tenured: 1221770K(1398144K)->1221770K(1398144K)
[122.877s][info][gc,metaspace   ] GC(1201) Metaspace: 131152K(132800K)->131152K(132800K) NonClass: 114318K(115008K)->114318K(115008K) Class: 16833K(17792K)->16833K(17792K)
[122.877s][info][gc             ] GC(1201) Pause Young (Allocation Failure) 1764M->1220M(1979M) 4.611ms
[122.877s][info][gc,cpu         ] GC(1201) User=0.00s Sys=0.00s Real=0.02s
[122.964s][info][gc,start       ] GC(1202) Pause Young (Allocation Failure)
[122.968s][info][gc,heap        ] GC(1202) DefNew: 587090K(629120K)->28737K(629120K) Eden: 559232K(559232K)->0K(559232K) From: 27858K(69888K)->28737K(69888K)
[122.968s][info][gc,heap        ] GC(1202) Tenured: 1221770K(1398144K)->1221770K(1398144K)
[122.968s][info][gc,metaspace   ] GC(1202) Metaspace: 131152K(132800K)->131152K(132800K) NonClass: 114318K(115008K)->114318K(115008K) Class: 16833K(17792K)->16833K(17792K)
[122.968s][info][gc             ] GC(1202) Pause Young (Allocation Failure) 1766M->1221M(1979M) 4.624ms
[122.969s][info][gc,cpu         ] GC(1202) User=0.00s Sys=0.00s Real=0.02s
[123.055s][info][gc,start       ] GC(1203) Pause Young (Allocation Failure)
[123.060s][info][gc,heap        ] GC(1203) DefNew: 585909K(629120K)->35142K(629120K) Eden: 557172K(559232K)->0K(559232K) From: 28737K(69888K)->35142K(69888K)
[123.060s][info][gc,heap        ] GC(1203) Tenured: 1221770K(1398144K)->1221770K(1398144K)
[123.060s][info][gc,metaspace   ] GC(1203) Metaspace: 131152K(132800K)->131152K(132800K) NonClass: 114318K(115008K)->114318K(115008K) Class: 16833K(17792K)->16833K(17792K)
[123.060s][info][gc             ] GC(1203) Pause Young (Allocation Failure) 1765M->1227M(1979M) 5.175ms
[123.060s][info][gc,cpu         ] GC(1203) User=0.00s Sys=0.00s Real=0.00s
[123.151s][info][gc,start       ] GC(1204) Pause Young (Allocation Failure)
[123.157s][info][gc,heap        ] GC(1204) DefNew: 594374K(629120K)->37303K(629120K) Eden: 559232K(559232K)->0K(559232K) From: 35142K(69888K)->37303K(69888K)
[123.157s][info][gc,heap        ] GC(1204) Tenured: 1221770K(1398144K)->1225886K(1398144K)
[123.157s][info][gc,metaspace   ] GC(1204) Metaspace: 131152K(132800K)->131152K(132800K) NonClass: 114318K(115008K)->114318K(115008K) Class: 16833K(17792K)->16833K(17792K)
[123.157s][info][gc             ] GC(1204) Pause Young (Allocation Failure) 1773M->1233M(1979M) 6.098ms
[123.157s][info][gc,cpu         ] GC(1204) User=0.00s Sys=0.00s Real=0.02s
[123.244s][info][gc,start       ] GC(1205) Pause Young (Allocation Failure)
[123.249s][info][gc,heap        ] GC(1205) DefNew: 596535K(629120K)->17782K(629120K) Eden: 559232K(559232K)->0K(559232K) From: 37303K(69888K)->17782K(69888K)
[123.249s][info][gc,heap        ] GC(1205) Tenured: 1225886K(1398144K)->1234061K(1398144K)
[123.249s][info][gc,metaspace   ] GC(1205) Metaspace: 131152K(132800K)->131152K(132800K) NonClass: 114318K(115008K)->114318K(115008K) Class: 16833K(17792K)->16833K(17792K)
[123.249s][info][gc             ] GC(1205) Pause Young (Allocation Failure) 1779M->1222M(1979M) 4.456ms
[123.249s][info][gc,cpu         ] GC(1205) User=0.00s Sys=0.00s Real=0.00s
[123.338s][info][gc,start       ] GC(1206) Pause Young (Allocation Failure)
[123.342s][info][gc,heap        ] GC(1206) DefNew: 577014K(629120K)->22869K(629120K) Eden: 559232K(559232K)->0K(559232K) From: 17782K(69888K)->22869K(69888K)
[123.342s][info][gc,heap        ] GC(1206) Tenured: 1234061K(1398144K)->1234061K(1398144K)
[123.342s][info][gc,metaspace   ] GC(1206) Metaspace: 131152K(132800K)->131152K(132800K) NonClass: 114318K(115008K)->114318K(115008K) Class: 16833K(17792K)->16833K(17792K)
[123.342s][info][gc             ] GC(1206) Pause Young (Allocation Failure) 1768M->1227M(1979M) 4.089ms
[123.342s][info][gc,cpu         ] GC(1206) User=0.00s Sys=0.00s Real=0.00s
[123.429s][info][gc,start       ] GC(1207) Pause Young (Allocation Failure)
[123.433s][info][gc,heap        ] GC(1207) DefNew: 580359K(629120K)->20565K(629120K) Eden: 557490K(559232K)->0K(559232K) From: 22869K(69888K)->20565K(69888K)
[123.433s][info][gc,heap        ] GC(1207) Tenured: 1234061K(1398144K)->1234061K(1398144K)
[123.433s][info][gc,metaspace   ] GC(1207) Metaspace: 131152K(132800K)->131152K(132800K) NonClass: 114318K(115008K)->114318K(115008K) Class: 16833K(17792K)->16833K(17792K)
[123.433s][info][gc             ] GC(1207) Pause Young (Allocation Failure) 1771M->1225M(1979M) 4.102ms
[123.433s][info][gc,cpu         ] GC(1207) User=0.00s Sys=0.00s Real=0.00s
[123.519s][info][gc,start       ] GC(1208) Pause Young (Allocation Failure)
[123.523s][info][gc,heap        ] GC(1208) DefNew: 579797K(629120K)->19756K(629120K) Eden: 559232K(559232K)->0K(559232K) From: 20565K(69888K)->19756K(69888K)
[123.523s][info][gc,heap        ] GC(1208) Tenured: 1234061K(1398144K)->1234061K(1398144K)
[123.523s][info][gc,metaspace   ] GC(1208) Metaspace: 131152K(132800K)->131152K(132800K) NonClass: 114318K(115008K)->114318K(115008K) Class: 16833K(17792K)->16833K(17792K)
[123.524s][info][gc             ] GC(1208) Pause Young (Allocation Failure) 1771M->1224M(1979M) 4.058ms
[123.524s][info][gc,cpu         ] GC(1208) User=0.00s Sys=0.00s Real=0.00s
[123.613s][info][gc,start       ] GC(1209) Pause Young (Allocation Failure)
[123.617s][info][gc,heap        ] GC(1209) DefNew: 578988K(629120K)->25982K(629120K) Eden: 559232K(559232K)->0K(559232K) From: 19756K(69888K)->25982K(69888K)
[123.617s][info][gc,heap        ] GC(1209) Tenured: 1234061K(1398144K)->1234061K(1398144K)
[123.617s][info][gc,metaspace   ] GC(1209) Metaspace: 131152K(132800K)->131152K(132800K) NonClass: 114318K(115008K)->114318K(115008K) Class: 16833K(17792K)->16833K(17792K)
[123.617s][info][gc             ] GC(1209) Pause Young (Allocation Failure) 1770M->1230M(1979M) 4.209ms
[123.617s][info][gc,cpu         ] GC(1209) User=0.00s Sys=0.00s Real=0.00s
[123.704s][info][gc,start       ] GC(1210) Pause Young (Allocation Failure)
[123.707s][info][gc,heap        ] GC(1210) DefNew: 585214K(629120K)->16919K(629120K) Eden: 559232K(559232K)->0K(559232K) From: 25982K(69888K)->16919K(69888K)
[123.707s][info][gc,heap        ] GC(1210) Tenured: 1234061K(1398144K)->1234061K(1398144K)
[123.707s][info][gc,metaspace   ] GC(1210) Metaspace: 131152K(132800K)->131152K(132800K) NonClass: 114318K(115008K)->114318K(115008K) Class: 16833K(17792K)->16833K(17792K)
[123.707s][info][gc             ] GC(1210) Pause Young (Allocation Failure) 1776M->1221M(1979M) 3.530ms
[123.707s][info][gc,cpu         ] GC(1210) User=0.00s Sys=0.00s Real=0.02s
[123.793s][info][gc,start       ] GC(1211) Pause Young (Allocation Failure)
[123.797s][info][gc,heap        ] GC(1211) DefNew: 576151K(629120K)->22889K(629120K) Eden: 559232K(559232K)->0K(559232K) From: 16919K(69888K)->22889K(69888K)
[123.798s][info][gc,heap        ] GC(1211) Tenured: 1234061K(1398144K)->1234061K(1398144K)
[123.798s][info][gc,metaspace   ] GC(1211) Metaspace: 131152K(132800K)->131152K(132800K) NonClass: 114318K(115008K)->114318K(115008K) Class: 16833K(17792K)->16833K(17792K)
[123.798s][info][gc             ] GC(1211) Pause Young (Allocation Failure) 1767M->1227M(1979M) 4.168ms
[123.798s][info][gc,cpu         ] GC(1211) User=0.00s Sys=0.00s Real=0.00s
[123.885s][info][gc,start       ] GC(1212) Pause Young (Allocation Failure)
[123.890s][info][gc,heap        ] GC(1212) DefNew: 582121K(629120K)->33153K(629120K) Eden: 559232K(559232K)->0K(559232K) From: 22889K(69888K)->33153K(69888K)
[123.890s][info][gc,heap        ] GC(1212) Tenured: 1234061K(1398144K)->1234061K(1398144K)
[123.890s][info][gc,metaspace   ] GC(1212) Metaspace: 131152K(132800K)->131152K(132800K) NonClass: 114318K(115008K)->114318K(115008K) Class: 16833K(17792K)->16833K(17792K)
[123.890s][info][gc             ] GC(1212) Pause Young (Allocation Failure) 1773M->1237M(1979M) 5.130ms
[123.890s][info][gc,cpu         ] GC(1212) User=0.00s Sys=0.00s Real=0.01s
[123.976s][info][gc,start       ] GC(1213) Pause Young (Allocation Failure)
[123.980s][info][gc,heap        ] GC(1213) DefNew: 592385K(629120K)->10733K(629120K) Eden: 559232K(559232K)->0K(559232K) From: 33153K(69888K)->10733K(69888K)
[123.980s][info][gc,heap        ] GC(1213) Tenured: 1234061K(1398144K)->1242297K(1398144K)
[123.980s][info][gc,metaspace   ] GC(1213) Metaspace: 131152K(132800K)->131152K(132800K) NonClass: 114318K(115008K)->114318K(115008K) Class: 16833K(17792K)->16833K(17792K)
[123.980s][info][gc             ] GC(1213) Pause Young (Allocation Failure) 1783M->1223M(1979M) 3.679ms
[123.980s][info][gc,cpu         ] GC(1213) User=0.00s Sys=0.00s Real=0.00s
[124.068s][info][gc,start       ] GC(1214) Pause Young (Allocation Failure)
[124.071s][info][gc,heap        ] GC(1214) DefNew: 569680K(629120K)->14633K(629120K) Eden: 558947K(559232K)->0K(559232K) From: 10733K(69888K)->14633K(69888K)
[124.071s][info][gc,heap        ] GC(1214) Tenured: 1242297K(1398144K)->1242297K(1398144K)
[124.071s][info][gc,metaspace   ] GC(1214) Metaspace: 131152K(132800K)->131152K(132800K) NonClass: 114318K(115008K)->114318K(115008K) Class: 16833K(17792K)->16833K(17792K)
[124.071s][info][gc             ] GC(1214) Pause Young (Allocation Failure) 1769M->1227M(1979M) 3.139ms
[124.071s][info][gc,cpu         ] GC(1214) User=0.00s Sys=0.00s Real=0.00s
[124.159s][info][gc,start       ] GC(1215) Pause Young (Allocation Failure)
[124.162s][info][gc,heap        ] GC(1215) DefNew: 573865K(629120K)->8486K(629120K) Eden: 559232K(559232K)->0K(559232K) From: 14633K(69888K)->8486K(69888K)
[124.162s][info][gc,heap        ] GC(1215) Tenured: 1242297K(1398144K)->1242297K(1398144K)
[124.162s][info][gc,metaspace   ] GC(1215) Metaspace: 131152K(132800K)->131152K(132800K) NonClass: 114318K(115008K)->114318K(115008K) Class: 16833K(17792K)->16833K(17792K)
[124.162s][info][gc             ] GC(1215) Pause Young (Allocation Failure) 1773M->1221M(1979M) 2.932ms
[124.162s][info][gc,cpu         ] GC(1215) User=0.00s Sys=0.00s Real=0.02s
[124.269s][info][gc,start       ] GC(1216) Pause Young (Allocation Failure)
[124.272s][info][gc,heap        ] GC(1216) DefNew: 567718K(629120K)->14191K(629120K) Eden: 559232K(559232K)->0K(559232K) From: 8486K(69888K)->14191K(69888K)
[124.272s][info][gc,heap        ] GC(1216) Tenured: 1242297K(1398144K)->1242297K(1398144K)
[124.272s][info][gc,metaspace   ] GC(1216) Metaspace: 131152K(132800K)->131152K(132800K) NonClass: 114319K(115008K)->114319K(115008K) Class: 16833K(17792K)->16833K(17792K)
[124.273s][info][gc             ] GC(1216) Pause Young (Allocation Failure) 1767M->1227M(1979M) 3.607ms
[124.273s][info][gc,cpu         ] GC(1216) User=0.00s Sys=0.00s Real=0.02s
[124.427s][info][gc,start       ] GC(1217) Pause Full (System.gc())
[124.427s][info][gc,phases,start] GC(1217) Phase 1: Mark live objects
[124.484s][info][gc,phases      ] GC(1217) Phase 1: Mark live objects 56.683ms
[124.484s][info][gc,phases,start] GC(1217) Phase 2: Compute new object addresses
[124.529s][info][gc,phases      ] GC(1217) Phase 2: Compute new object addresses 45.054ms
[124.529s][info][gc,phases,start] GC(1217) Phase 3: Adjust pointers
[124.560s][info][gc,phases      ] GC(1217) Phase 3: Adjust pointers 30.988ms
[124.560s][info][gc,phases,start] GC(1217) Phase 4: Move objects
[124.560s][info][gc,phases      ] GC(1217) Phase 4: Move objects 0.095ms
[124.560s][info][gc,heap        ] GC(1217) DefNew: 270699K(629120K)->0K(629120K) Eden: 256507K(559232K)->0K(559232K) From: 14191K(69888K)->0K(69888K)
[124.561s][info][gc,heap        ] GC(1217) Tenured: 1242297K(1398144K)->1036098K(1398144K)
[124.561s][info][gc,metaspace   ] GC(1217) Metaspace: 131158K(132864K)->131158K(132864K) NonClass: 114325K(115072K)->114325K(115072K) Class: 16833K(17792K)->16833K(17792K)
[124.561s][info][gc             ] GC(1217) Pause Full (System.gc()) 1477M->1011M(1979M) 133.720ms
[124.561s][info][gc,cpu         ] GC(1217) User=0.12s Sys=0.00s Real=0.14s
[124.685s][info][gc,start       ] GC(1218) Pause Young (Allocation Failure)
[124.689s][info][gc,heap        ] GC(1218) DefNew: 559232K(629120K)->4925K(629120K) Eden: 559232K(559232K)->0K(559232K) From: 0K(69888K)->4925K(69888K)
[124.689s][info][gc,heap        ] GC(1218) Tenured: 1036098K(1398144K)->1036098K(1398144K)
[124.689s][info][gc,metaspace   ] GC(1218) Metaspace: 131221K(132928K)->131221K(132928K) NonClass: 114388K(115136K)->114388K(115136K) Class: 16833K(17792K)->16833K(17792K)
[124.689s][info][gc             ] GC(1218) Pause Young (Allocation Failure) 1557M->1016M(1979M) 4.609ms
[124.689s][info][gc,cpu         ] GC(1218) User=0.00s Sys=0.00s Real=0.01s
[124.744s][info][gc,start       ] GC(1219) Pause Young (Allocation Failure)
[124.748s][info][gc,heap        ] GC(1219) DefNew: 564157K(629120K)->9905K(629120K) Eden: 559232K(559232K)->0K(559232K) From: 4925K(69888K)->9905K(69888K)
[124.748s][info][gc,heap        ] GC(1219) Tenured: 1036098K(1398144K)->1036098K(1398144K)
[124.748s][info][gc,metaspace   ] GC(1219) Metaspace: 131221K(132928K)->131221K(132928K) NonClass: 114388K(115136K)->114388K(115136K) Class: 16833K(17792K)->16833K(17792K)
[124.748s][info][gc             ] GC(1219) Pause Young (Allocation Failure) 1562M->1021M(1979M) 3.919ms
[124.748s][info][gc,cpu         ] GC(1219) User=0.00s Sys=0.00s Real=0.00s
[124.802s][info][gc,start       ] GC(1220) Pause Young (Allocation Failure)
[124.806s][info][gc,heap        ] GC(1220) DefNew: 569137K(629120K)->9016K(629120K) Eden: 559232K(559232K)->0K(559232K) From: 9905K(69888K)->9016K(69888K)
[124.806s][info][gc,heap        ] GC(1220) Tenured: 1036098K(1398144K)->1036098K(1398144K)
[124.806s][info][gc,metaspace   ] GC(1220) Metaspace: 131221K(132928K)->131221K(132928K) NonClass: 114388K(115136K)->114388K(115136K) Class: 16833K(17792K)->16833K(17792K)
[124.806s][info][gc             ] GC(1220) Pause Young (Allocation Failure) 1567M->1020M(1979M) 4.123ms
[124.806s][info][gc,cpu         ] GC(1220) User=0.00s Sys=0.00s Real=0.00s
[124.861s][info][gc,start       ] GC(1221) Pause Young (Allocation Failure)
[124.865s][info][gc,heap        ] GC(1221) DefNew: 568248K(629120K)->10571K(629120K) Eden: 559232K(559232K)->0K(559232K) From: 9016K(69888K)->10571K(69888K)
[124.865s][info][gc,heap        ] GC(1221) Tenured: 1036098K(1398144K)->1036098K(1398144K)
[124.865s][info][gc,metaspace   ] GC(1221) Metaspace: 131221K(132928K)->131221K(132928K) NonClass: 114388K(115136K)->114388K(115136K) Class: 16833K(17792K)->16833K(17792K)
[124.865s][info][gc             ] GC(1221) Pause Young (Allocation Failure) 1566M->1022M(1979M) 4.292ms
[124.865s][info][gc,cpu         ] GC(1221) User=0.00s Sys=0.00s Real=0.00s
[124.919s][info][gc,start       ] GC(1222) Pause Young (Allocation Failure)
[124.923s][info][gc,heap        ] GC(1222) DefNew: 569803K(629120K)->13252K(629120K) Eden: 559232K(559232K)->0K(559232K) From: 10571K(69888K)->13252K(69888K)
[124.923s][info][gc,heap        ] GC(1222) Tenured: 1036098K(1398144K)->1036098K(1398144K)
[124.923s][info][gc,metaspace   ] GC(1222) Metaspace: 131221K(132928K)->131221K(132928K) NonClass: 114388K(115136K)->114388K(115136K) Class: 16833K(17792K)->16833K(17792K)
[124.923s][info][gc             ] GC(1222) Pause Young (Allocation Failure) 1568M->1024M(1979M) 4.492ms
[124.923s][info][gc,cpu         ] GC(1222) User=0.00s Sys=0.00s Real=0.00s
[124.981s][info][gc,start       ] GC(1223) Pause Young (Allocation Failure)
[124.986s][info][gc,heap        ] GC(1223) DefNew: 572484K(629120K)->17512K(629120K) Eden: 559232K(559232K)->0K(559232K) From: 13252K(69888K)->17512K(69888K)
[124.986s][info][gc,heap        ] GC(1223) Tenured: 1036098K(1398144K)->1036098K(1398144K)
[124.986s][info][gc,metaspace   ] GC(1223) Metaspace: 131231K(132928K)->131231K(132928K) NonClass: 114397K(115136K)->114397K(115136K) Class: 16833K(17792K)->16833K(17792K)
[124.986s][info][gc             ] GC(1223) Pause Young (Allocation Failure) 1570M->1028M(1979M) 5.115ms
[124.986s][info][gc,cpu         ] GC(1223) User=0.02s Sys=0.00s Real=0.00s
[125.041s][info][gc,start       ] GC(1224) Pause Young (Allocation Failure)
[125.047s][info][gc,heap        ] GC(1224) DefNew: 576744K(629120K)->29987K(629120K) Eden: 559232K(559232K)->0K(559232K) From: 17512K(69888K)->29987K(69888K)
[125.047s][info][gc,heap        ] GC(1224) Tenured: 1036098K(1398144K)->1036098K(1398144K)
[125.047s][info][gc,metaspace   ] GC(1224) Metaspace: 131231K(132928K)->131231K(132928K) NonClass: 114397K(115136K)->114397K(115136K) Class: 16833K(17792K)->16833K(17792K)
[125.048s][info][gc             ] GC(1224) Pause Young (Allocation Failure) 1575M->1041M(1979M) 6.257ms
[125.048s][info][gc,cpu         ] GC(1224) User=0.00s Sys=0.00s Real=0.02s
[125.104s][info][gc,start       ] GC(1225) Pause Young (Allocation Failure)
[125.110s][info][gc,heap        ] GC(1225) DefNew: 589219K(629120K)->25717K(629120K) Eden: 559232K(559232K)->0K(559232K) From: 29987K(69888K)->25717K(69888K)
[125.110s][info][gc,heap        ] GC(1225) Tenured: 1036098K(1398144K)->1036098K(1398144K)
[125.110s][info][gc,metaspace   ] GC(1225) Metaspace: 131231K(132928K)->131231K(132928K) NonClass: 114397K(115136K)->114397K(115136K) Class: 16833K(17792K)->16833K(17792K)
[125.110s][info][gc             ] GC(1225) Pause Young (Allocation Failure) 1587M->1036M(1979M) 6.169ms
[125.110s][info][gc,cpu         ] GC(1225) User=0.00s Sys=0.00s Real=0.02s
[125.166s][info][gc,start       ] GC(1226) Pause Young (Allocation Failure)
[125.172s][info][gc,heap        ] GC(1226) DefNew: 584949K(629120K)->28822K(629120K) Eden: 559232K(559232K)->0K(559232K) From: 25717K(69888K)->28822K(69888K)
[125.173s][info][gc,heap        ] GC(1226) Tenured: 1036098K(1398144K)->1036098K(1398144K)
[125.173s][info][gc,metaspace   ] GC(1226) Metaspace: 131231K(132928K)->131231K(132928K) NonClass: 114397K(115136K)->114397K(115136K) Class: 16833K(17792K)->16833K(17792K)
[125.173s][info][gc             ] GC(1226) Pause Young (Allocation Failure) 1583M->1039M(1979M) 6.542ms
[125.173s][info][gc,cpu         ] GC(1226) User=0.00s Sys=0.00s Real=0.01s
[125.230s][info][gc,start       ] GC(1227) Pause Young (Allocation Failure)
[125.236s][info][gc,heap        ] GC(1227) DefNew: 588054K(629120K)->33891K(629120K) Eden: 559232K(559232K)->0K(559232K) From: 28822K(69888K)->33891K(69888K)
[125.236s][info][gc,heap        ] GC(1227) Tenured: 1036098K(1398144K)->1036098K(1398144K)
[125.236s][info][gc,metaspace   ] GC(1227) Metaspace: 131231K(132928K)->131231K(132928K) NonClass: 114397K(115136K)->114397K(115136K) Class: 16833K(17792K)->16833K(17792K)
[125.236s][info][gc             ] GC(1227) Pause Young (Allocation Failure) 1586M->1044M(1979M) 6.621ms
[125.236s][info][gc,cpu         ] GC(1227) User=0.00s Sys=0.00s Real=0.02s
[125.291s][info][gc,start       ] GC(1228) Pause Young (Allocation Failure)
[125.299s][info][gc,heap        ] GC(1228) DefNew: 593123K(629120K)->43276K(629120K) Eden: 559232K(559232K)->0K(559232K) From: 33891K(69888K)->43276K(69888K)
[125.299s][info][gc,heap        ] GC(1228) Tenured: 1036098K(1398144K)->1036098K(1398144K)
[125.299s][info][gc,metaspace   ] GC(1228) Metaspace: 131231K(132928K)->131231K(132928K) NonClass: 114397K(115136K)->114397K(115136K) Class: 16833K(17792K)->16833K(17792K)
[125.299s][info][gc             ] GC(1228) Pause Young (Allocation Failure) 1591M->1054M(1979M) 7.440ms
[125.299s][info][gc,cpu         ] GC(1228) User=0.00s Sys=0.00s Real=0.00s
[125.355s][info][gc,start       ] GC(1229) Pause Young (Allocation Failure)
[125.362s][info][gc,heap        ] GC(1229) DefNew: 602508K(629120K)->32315K(629120K) Eden: 559232K(559232K)->0K(559232K) From: 43276K(69888K)->32315K(69888K)
[125.362s][info][gc,heap        ] GC(1229) Tenured: 1036098K(1398144K)->1045873K(1398144K)
[125.362s][info][gc,metaspace   ] GC(1229) Metaspace: 131231K(132928K)->131231K(132928K) NonClass: 114397K(115136K)->114397K(115136K) Class: 16833K(17792K)->16833K(17792K)
[125.362s][info][gc             ] GC(1229) Pause Young (Allocation Failure) 1600M->1052M(1979M) 7.625ms
[125.362s][info][gc,cpu         ] GC(1229) User=0.00s Sys=0.00s Real=0.02s
[125.417s][info][gc,start       ] GC(1230) Pause Young (Allocation Failure)
[125.424s][info][gc,heap        ] GC(1230) DefNew: 591547K(629120K)->41676K(629120K) Eden: 559232K(559232K)->0K(559232K) From: 32315K(69888K)->41676K(69888K)
[125.424s][info][gc,heap        ] GC(1230) Tenured: 1045873K(1398144K)->1045873K(1398144K)
[125.424s][info][gc,metaspace   ] GC(1230) Metaspace: 131231K(132928K)->131231K(132928K) NonClass: 114397K(115136K)->114397K(115136K) Class: 16833K(17792K)->16833K(17792K)
[125.424s][info][gc             ] GC(1230) Pause Young (Allocation Failure) 1599M->1062M(1979M) 6.370ms
[125.424s][info][gc,cpu         ] GC(1230) User=0.00s Sys=0.00s Real=0.02s
[125.480s][info][gc,start       ] GC(1231) Pause Young (Allocation Failure)
[125.486s][info][gc,heap        ] GC(1231) DefNew: 600908K(629120K)->27903K(629120K) Eden: 559232K(559232K)->0K(559232K) From: 41676K(69888K)->27903K(69888K)
[125.486s][info][gc,heap        ] GC(1231) Tenured: 1045873K(1398144K)->1058474K(1398144K)
[125.486s][info][gc,metaspace   ] GC(1231) Metaspace: 131231K(132928K)->131231K(132928K) NonClass: 114397K(115136K)->114397K(115136K) Class: 16833K(17792K)->16833K(17792K)
[125.486s][info][gc             ] GC(1231) Pause Young (Allocation Failure) 1608M->1060M(1979M) 6.180ms
[125.486s][info][gc,cpu         ] GC(1231) User=0.00s Sys=0.00s Real=0.02s
[125.541s][info][gc,start       ] GC(1232) Pause Young (Allocation Failure)
[125.547s][info][gc,heap        ] GC(1232) DefNew: 587135K(629120K)->37277K(629120K) Eden: 559232K(559232K)->0K(559232K) From: 27903K(69888K)->37277K(69888K)
[125.547s][info][gc,heap        ] GC(1232) Tenured: 1058474K(1398144K)->1058474K(1398144K)
[125.547s][info][gc,metaspace   ] GC(1232) Metaspace: 131231K(132928K)->131231K(132928K) NonClass: 114397K(115136K)->114397K(115136K) Class: 16833K(17792K)->16833K(17792K)
[125.547s][info][gc             ] GC(1232) Pause Young (Allocation Failure) 1607M->1070M(1979M) 5.563ms
[125.547s][info][gc,cpu         ] GC(1232) User=0.00s Sys=0.00s Real=0.02s
[125.603s][info][gc,start       ] GC(1233) Pause Young (Allocation Failure)
[125.609s][info][gc,heap        ] GC(1233) DefNew: 596509K(629120K)->32576K(629120K) Eden: 559232K(559232K)->0K(559232K) From: 37277K(69888K)->32576K(69888K)
[125.609s][info][gc,heap        ] GC(1233) Tenured: 1058474K(1398144K)->1066667K(1398144K)
[125.609s][info][gc,metaspace   ] GC(1233) Metaspace: 131231K(132928K)->131231K(132928K) NonClass: 114397K(115136K)->114397K(115136K) Class: 16833K(17792K)->16833K(17792K)
[125.609s][info][gc             ] GC(1233) Pause Young (Allocation Failure) 1616M->1073M(1979M) 5.856ms
[125.609s][info][gc,cpu         ] GC(1233) User=0.00s Sys=0.00s Real=0.02s
[125.677s][info][gc,start       ] GC(1234) Pause Young (Allocation Failure)
[125.682s][info][gc,heap        ] GC(1234) DefNew: 591808K(629120K)->36560K(629120K) Eden: 559232K(559232K)->0K(559232K) From: 32576K(69888K)->36560K(69888K)
[125.682s][info][gc,heap        ] GC(1234) Tenured: 1066667K(1398144K)->1066667K(1398144K)
[125.682s][info][gc,metaspace   ] GC(1234) Metaspace: 131232K(132928K)->131232K(132928K) NonClass: 114398K(115136K)->114398K(115136K) Class: 16833K(17792K)->16833K(17792K)
[125.682s][info][gc             ] GC(1234) Pause Young (Allocation Failure) 1619M->1077M(1979M) 5.432ms
[125.682s][info][gc,cpu         ] GC(1234) User=0.00s Sys=0.00s Real=0.00s
[125.772s][info][gc,start       ] GC(1235) Pause Young (Allocation Failure)
[125.779s][info][gc,heap        ] GC(1235) DefNew: 595792K(629120K)->45931K(629120K) Eden: 559232K(559232K)->0K(559232K) From: 36560K(69888K)->45931K(69888K)
[125.779s][info][gc,heap        ] GC(1235) Tenured: 1066667K(1398144K)->1074863K(1398144K)
[125.779s][info][gc,metaspace   ] GC(1235) Metaspace: 131232K(132928K)->131232K(132928K) NonClass: 114398K(115136K)->114398K(115136K) Class: 16833K(17792K)->16833K(17792K)
[125.779s][info][gc             ] GC(1235) Pause Young (Allocation Failure) 1623M->1094M(1979M) 7.287ms
[125.779s][info][gc,cpu         ] GC(1235) User=0.00s Sys=0.00s Real=0.00s
[125.867s][info][gc,start       ] GC(1236) Pause Young (Allocation Failure)
[125.875s][info][gc,heap        ] GC(1236) DefNew: 605163K(629120K)->39675K(629120K) Eden: 559232K(559232K)->0K(559232K) From: 45931K(69888K)->39675K(69888K)
[125.875s][info][gc,heap        ] GC(1236) Tenured: 1074863K(1398144K)->1091252K(1398144K)
[125.875s][info][gc,metaspace   ] GC(1236) Metaspace: 131232K(132928K)->131232K(132928K) NonClass: 114398K(115136K)->114398K(115136K) Class: 16833K(17792K)->16833K(17792K)
[125.875s][info][gc             ] GC(1236) Pause Young (Allocation Failure) 1640M->1104M(1979M) 7.463ms
[125.875s][info][gc,cpu         ] GC(1236) User=0.02s Sys=0.00s Real=0.02s
[125.963s][info][gc,start       ] GC(1237) Pause Young (Allocation Failure)
[125.971s][info][gc,heap        ] GC(1237) DefNew: 598907K(629120K)->42722K(629120K) Eden: 559232K(559232K)->0K(559232K) From: 39675K(69888K)->42722K(69888K)
[125.971s][info][gc,heap        ] GC(1237) Tenured: 1091252K(1398144K)->1099921K(1398144K)
[125.971s][info][gc,metaspace   ] GC(1237) Metaspace: 131232K(132928K)->131232K(132928K) NonClass: 114398K(115136K)->114398K(115136K) Class: 16833K(17792K)->16833K(17792K)
[125.971s][info][gc             ] GC(1237) Pause Young (Allocation Failure) 1650M->1115M(1979M) 7.326ms
[125.971s][info][gc,cpu         ] GC(1237) User=0.02s Sys=0.00s Real=0.02s
[126.058s][info][gc,start       ] GC(1238) Pause Young (Allocation Failure)
[126.065s][info][gc,heap        ] GC(1238) DefNew: 599783K(629120K)->50529K(629120K) Eden: 557060K(559232K)->0K(559232K) From: 42722K(69888K)->50529K(69888K)
[126.065s][info][gc,heap        ] GC(1238) Tenured: 1099921K(1398144K)->1108115K(1398144K)
[126.065s][info][gc,metaspace   ] GC(1238) Metaspace: 131234K(132992K)->131234K(132992K) NonClass: 114400K(115200K)->114400K(115200K) Class: 16833K(17792K)->16833K(17792K)
[126.065s][info][gc             ] GC(1238) Pause Young (Allocation Failure) 1659M->1131M(1979M) 7.406ms
[126.065s][info][gc,cpu         ] GC(1238) User=0.02s Sys=0.00s Real=0.02s
[126.156s][info][gc,start       ] GC(1239) Pause Young (Allocation Failure)
[126.163s][info][gc,heap        ] GC(1239) DefNew: 609761K(629120K)->45847K(629120K) Eden: 559232K(559232K)->0K(559232K) From: 50529K(69888K)->45847K(69888K)
[126.163s][info][gc,heap        ] GC(1239) Tenured: 1108115K(1398144K)->1124505K(1398144K)
[126.163s][info][gc,metaspace   ] GC(1239) Metaspace: 131234K(132992K)->131234K(132992K) NonClass: 114400K(115200K)->114400K(115200K) Class: 16833K(17792K)->16833K(17792K)
[126.163s][info][gc             ] GC(1239) Pause Young (Allocation Failure) 1677M->1142M(1979M) 7.590ms
[126.163s][info][gc,cpu         ] GC(1239) User=0.02s Sys=0.00s Real=0.01s
[126.251s][info][gc,start       ] GC(1240) Pause Young (Allocation Failure)
[126.259s][info][gc,heap        ] GC(1240) DefNew: 605079K(629120K)->43511K(629120K) Eden: 559232K(559232K)->0K(559232K) From: 45847K(69888K)->43511K(69888K)
[126.259s][info][gc,heap        ] GC(1240) Tenured: 1124505K(1398144K)->1140893K(1398144K)
[126.259s][info][gc,metaspace   ] GC(1240) Metaspace: 131234K(132992K)->131234K(132992K) NonClass: 114400K(115200K)->114400K(115200K) Class: 16833K(17792K)->16833K(17792K)
[126.259s][info][gc             ] GC(1240) Pause Young (Allocation Failure) 1689M->1156M(1979M) 7.328ms
[126.259s][info][gc,cpu         ] GC(1240) User=0.00s Sys=0.00s Real=0.00s
[126.349s][info][gc,start       ] GC(1241) Pause Young (Allocation Failure)
[126.356s][info][gc,heap        ] GC(1241) DefNew: 602743K(629120K)->27853K(629120K) Eden: 559232K(559232K)->0K(559232K) From: 43511K(69888K)->27853K(69888K)
[126.356s][info][gc,heap        ] GC(1241) Tenured: 1140893K(1398144K)->1165480K(1398144K)
[126.356s][info][gc,metaspace   ] GC(1241) Metaspace: 131234K(132992K)->131234K(132992K) NonClass: 114400K(115200K)->114400K(115200K) Class: 16833K(17792K)->16833K(17792K)
[126.356s][info][gc             ] GC(1241) Pause Young (Allocation Failure) 1702M->1165M(1979M) 6.947ms
[126.356s][info][gc,cpu         ] GC(1241) User=0.00s Sys=0.00s Real=0.00s
[126.440s][info][gc,start       ] GC(1242) Pause Young (Allocation Failure)
[126.445s][info][gc,heap        ] GC(1242) DefNew: 587085K(629120K)->34492K(629120K) Eden: 559232K(559232K)->0K(559232K) From: 27853K(69888K)->34492K(69888K)
[126.445s][info][gc,heap        ] GC(1242) Tenured: 1165480K(1398144K)->1165480K(1398144K)
[126.445s][info][gc,metaspace   ] GC(1242) Metaspace: 131234K(132992K)->131234K(132992K) NonClass: 114400K(115200K)->114400K(115200K) Class: 16833K(17792K)->16833K(17792K)
[126.445s][info][gc             ] GC(1242) Pause Young (Allocation Failure) 1711M->1171M(1979M) 5.205ms
[126.445s][info][gc,cpu         ] GC(1242) User=0.00s Sys=0.00s Real=0.01s
[126.531s][info][gc,start       ] GC(1243) Pause Young (Allocation Failure)
[126.537s][info][gc,heap        ] GC(1243) DefNew: 593724K(629120K)->49621K(629120K) Eden: 559232K(559232K)->0K(559232K) From: 34492K(69888K)->49621K(69888K)
[126.537s][info][gc,heap        ] GC(1243) Tenured: 1165480K(1398144K)->1165480K(1398144K)
[126.537s][info][gc,metaspace   ] GC(1243) Metaspace: 131234K(132992K)->131234K(132992K) NonClass: 114400K(115200K)->114400K(115200K) Class: 16833K(17792K)->16833K(17792K)
[126.537s][info][gc             ] GC(1243) Pause Young (Allocation Failure) 1717M->1186M(1979M) 6.610ms
[126.537s][info][gc,cpu         ] GC(1243) User=0.00s Sys=0.00s Real=0.02s
[126.626s][info][gc,start       ] GC(1244) Pause Young (Allocation Failure)
[126.633s][info][gc,heap        ] GC(1244) DefNew: 608853K(629120K)->28680K(629120K) Eden: 559232K(559232K)->0K(559232K) From: 49621K(69888K)->28680K(69888K)
[126.633s][info][gc,heap        ] GC(1244) Tenured: 1165480K(1398144K)->1190112K(1398144K)
[126.633s][info][gc,metaspace   ] GC(1244) Metaspace: 131234K(132992K)->131234K(132992K) NonClass: 114400K(115200K)->114400K(115200K) Class: 16833K(17792K)->16833K(17792K)
[126.633s][info][gc             ] GC(1244) Pause Young (Allocation Failure) 1732M->1190M(1979M) 6.969ms
[126.633s][info][gc,cpu         ] GC(1244) User=0.02s Sys=0.00s Real=0.01s
[126.721s][info][gc,start       ] GC(1245) Pause Young (Allocation Failure)
[126.727s][info][gc,heap        ] GC(1245) DefNew: 587912K(629120K)->36872K(629120K) Eden: 559232K(559232K)->0K(559232K) From: 28680K(69888K)->36872K(69888K)
[126.727s][info][gc,heap        ] GC(1245) Tenured: 1190112K(1398144K)->1190112K(1398144K)
[126.727s][info][gc,metaspace   ] GC(1245) Metaspace: 131234K(132992K)->131234K(132992K) NonClass: 114400K(115200K)->114400K(115200K) Class: 16833K(17792K)->16833K(17792K)
[126.727s][info][gc             ] GC(1245) Pause Young (Allocation Failure) 1736M->1198M(1979M) 5.443ms
[126.727s][info][gc,cpu         ] GC(1245) User=0.02s Sys=0.00s Real=0.02s
[126.814s][info][gc,start       ] GC(1246) Pause Young (Allocation Failure)
[126.820s][info][gc,heap        ] GC(1246) DefNew: 596104K(629120K)->35036K(629120K) Eden: 559232K(559232K)->0K(559232K) From: 36872K(69888K)->35036K(69888K)
[126.820s][info][gc,heap        ] GC(1246) Tenured: 1190112K(1398144K)->1198307K(1398144K)
[126.820s][info][gc,metaspace   ] GC(1246) Metaspace: 131234K(132992K)->131234K(132992K) NonClass: 114400K(115200K)->114400K(115200K) Class: 16833K(17792K)->16833K(17792K)
[126.820s][info][gc             ] GC(1246) Pause Young (Allocation Failure) 1744M->1204M(1979M) 6.096ms
[126.820s][info][gc,cpu         ] GC(1246) User=0.00s Sys=0.00s Real=0.02s
[126.906s][info][gc,start       ] GC(1247) Pause Young (Allocation Failure)
[126.912s][info][gc,heap        ] GC(1247) DefNew: 592889K(629120K)->36082K(629120K) Eden: 557852K(559232K)->0K(559232K) From: 35036K(69888K)->36082K(69888K)
[126.912s][info][gc,heap        ] GC(1247) Tenured: 1198307K(1398144K)->1202405K(1398144K)
[126.912s][info][gc,metaspace   ] GC(1247) Metaspace: 131234K(132992K)->131234K(132992K) NonClass: 114400K(115200K)->114400K(115200K) Class: 16833K(17792K)->16833K(17792K)
[126.912s][info][gc             ] GC(1247) Pause Young (Allocation Failure) 1749M->1209M(1979M) 5.837ms
[126.912s][info][gc,cpu         ] GC(1247) User=0.02s Sys=0.00s Real=0.01s
[126.999s][info][gc,start       ] GC(1248) Pause Young (Allocation Failure)
[127.006s][info][gc,heap        ] GC(1248) DefNew: 594844K(629120K)->39148K(629120K) Eden: 558762K(559232K)->0K(559232K) From: 36082K(69888K)->39148K(69888K)
[127.006s][info][gc,heap        ] GC(1248) Tenured: 1202405K(1398144K)->1210600K(1398144K)
[127.006s][info][gc,metaspace   ] GC(1248) Metaspace: 131234K(132992K)->131234K(132992K) NonClass: 114400K(115200K)->114400K(115200K) Class: 16833K(17792K)->16833K(17792K)
[127.006s][info][gc             ] GC(1248) Pause Young (Allocation Failure) 1755M->1220M(1979M) 6.673ms
[127.006s][info][gc,cpu         ] GC(1248) User=0.02s Sys=0.00s Real=0.01s
[127.095s][info][gc,start       ] GC(1249) Pause Young (Allocation Failure)
[127.101s][info][gc,heap        ] GC(1249) DefNew: 598380K(629120K)->29209K(629120K) Eden: 559232K(559232K)->0K(559232K) From: 39148K(69888K)->29209K(69888K)
[127.101s][info][gc,heap        ] GC(1249) Tenured: 1210600K(1398144K)->1218795K(1398144K)
[127.101s][info][gc,metaspace   ] GC(1249) Metaspace: 131235K(132992K)->131235K(132992K) NonClass: 114401K(115200K)->114401K(115200K) Class: 16833K(17792K)->16833K(17792K)
[127.101s][info][gc             ] GC(1249) Pause Young (Allocation Failure) 1766M->1218M(1979M) 5.936ms
[127.101s][info][gc,cpu         ] GC(1249) User=0.00s Sys=0.00s Real=0.02s
[127.185s][info][gc,start       ] GC(1250) Pause Young (Allocation Failure)
[127.189s][info][gc,heap        ] GC(1250) DefNew: 588441K(629120K)->31940K(629120K) Eden: 559232K(559232K)->0K(559232K) From: 29209K(69888K)->31940K(69888K)
[127.189s][info][gc,heap        ] GC(1250) Tenured: 1218795K(1398144K)->1218795K(1398144K)
[127.189s][info][gc,metaspace   ] GC(1250) Metaspace: 131235K(132992K)->131235K(132992K) NonClass: 114401K(115200K)->114401K(115200K) Class: 16833K(17792K)->16833K(17792K)
[127.189s][info][gc             ] GC(1250) Pause Young (Allocation Failure) 1764M->1221M(1979M) 4.701ms
[127.189s][info][gc,cpu         ] GC(1250) User=0.00s Sys=0.00s Real=0.00s
[127.273s][info][gc,start       ] GC(1251) Pause Young (Allocation Failure)
[127.278s][info][gc,heap        ] GC(1251) DefNew: 591172K(629120K)->35080K(629120K) Eden: 559232K(559232K)->0K(559232K) From: 31940K(69888K)->35080K(69888K)
[127.278s][info][gc,heap        ] GC(1251) Tenured: 1218795K(1398144K)->1218795K(1398144K)
[127.278s][info][gc,metaspace   ] GC(1251) Metaspace: 131235K(132992K)->131235K(132992K) NonClass: 114401K(115200K)->114401K(115200K) Class: 16833K(17792K)->16833K(17792K)
[127.278s][info][gc             ] GC(1251) Pause Young (Allocation Failure) 1767M->1224M(1979M) 5.095ms
[127.278s][info][gc,cpu         ] GC(1251) User=0.00s Sys=0.00s Real=0.00s
[127.361s][info][gc,start       ] GC(1252) Pause Young (Allocation Failure)
[127.365s][info][gc,heap        ] GC(1252) DefNew: 594312K(629120K)->24636K(629120K) Eden: 559232K(559232K)->0K(559232K) From: 35080K(69888K)->24636K(69888K)
[127.365s][info][gc,heap        ] GC(1252) Tenured: 1218795K(1398144K)->1222891K(1398144K)
[127.365s][info][gc,metaspace   ] GC(1252) Metaspace: 131235K(132992K)->131235K(132992K) NonClass: 114401K(115200K)->114401K(115200K) Class: 16833K(17792K)->16833K(17792K)
[127.365s][info][gc             ] GC(1252) Pause Young (Allocation Failure) 1770M->1218M(1979M) 4.413ms
[127.365s][info][gc,cpu         ] GC(1252) User=0.00s Sys=0.00s Real=0.00s
[127.453s][info][gc,start       ] GC(1253) Pause Young (Allocation Failure)
[127.459s][info][gc,heap        ] GC(1253) DefNew: 583868K(629120K)->35165K(629120K) Eden: 559232K(559232K)->0K(559232K) From: 24636K(69888K)->35165K(69888K)
[127.459s][info][gc,heap        ] GC(1253) Tenured: 1222891K(1398144K)->1222891K(1398144K)
[127.459s][info][gc,metaspace   ] GC(1253) Metaspace: 131235K(132992K)->131235K(132992K) NonClass: 114401K(115200K)->114401K(115200K) Class: 16833K(17792K)->16833K(17792K)
[127.459s][info][gc             ] GC(1253) Pause Young (Allocation Failure) 1764M->1228M(1979M) 5.367ms
[127.459s][info][gc,cpu         ] GC(1253) User=0.00s Sys=0.00s Real=0.00s
[127.547s][info][gc,start       ] GC(1254) Pause Young (Allocation Failure)
[127.554s][info][gc,heap        ] GC(1254) DefNew: 594397K(629120K)->33208K(629120K) Eden: 559232K(559232K)->0K(559232K) From: 35165K(69888K)->33208K(69888K)
[127.554s][info][gc,heap        ] GC(1254) Tenured: 1222891K(1398144K)->1231085K(1398144K)
[127.554s][info][gc,metaspace   ] GC(1254) Metaspace: 131235K(132992K)->131235K(132992K) NonClass: 114401K(115200K)->114401K(115200K) Class: 16833K(17792K)->16833K(17792K)
[127.554s][info][gc             ] GC(1254) Pause Young (Allocation Failure) 1774M->1234M(1979M) 6.165ms
[127.554s][info][gc,cpu         ] GC(1254) User=0.00s Sys=0.00s Real=0.00s
[127.640s][info][gc,start       ] GC(1255) Pause Young (Allocation Failure)
[127.644s][info][gc,heap        ] GC(1255) DefNew: 592440K(629120K)->23076K(629120K) Eden: 559232K(559232K)->0K(559232K) From: 33208K(69888K)->23076K(69888K)
[127.644s][info][gc,heap        ] GC(1255) Tenured: 1231085K(1398144K)->1231085K(1398144K)
[127.644s][info][gc,metaspace   ] GC(1255) Metaspace: 131235K(132992K)->131235K(132992K) NonClass: 114401K(115200K)->114401K(115200K) Class: 16833K(17792K)->16833K(17792K)
[127.644s][info][gc             ] GC(1255) Pause Young (Allocation Failure) 1780M->1224M(1979M) 4.084ms
[127.644s][info][gc,cpu         ] GC(1255) User=0.00s Sys=0.00s Real=0.00s
[127.732s][info][gc,start       ] GC(1256) Pause Young (Allocation Failure)
[127.737s][info][gc,heap        ] GC(1256) DefNew: 582308K(629120K)->26964K(629120K) Eden: 559232K(559232K)->0K(559232K) From: 23076K(69888K)->26964K(69888K)
[127.737s][info][gc,heap        ] GC(1256) Tenured: 1231085K(1398144K)->1231085K(1398144K)
[127.737s][info][gc,metaspace   ] GC(1256) Metaspace: 131235K(132992K)->131235K(132992K) NonClass: 114401K(115200K)->114401K(115200K) Class: 16833K(17792K)->16833K(17792K)
[127.737s][info][gc             ] GC(1256) Pause Young (Allocation Failure) 1770M->1228M(1979M) 4.362ms
[127.737s][info][gc,cpu         ] GC(1256) User=0.00s Sys=0.00s Real=0.00s
[127.824s][info][gc,start       ] GC(1257) Pause Young (Allocation Failure)
[127.828s][info][gc,heap        ] GC(1257) DefNew: 586196K(629120K)->20544K(629120K) Eden: 559232K(559232K)->0K(559232K) From: 26964K(69888K)->20544K(69888K)
[127.828s][info][gc,heap        ] GC(1257) Tenured: 1231085K(1398144K)->1231085K(1398144K)
[127.828s][info][gc,metaspace   ] GC(1257) Metaspace: 131235K(132992K)->131235K(132992K) NonClass: 114401K(115200K)->114401K(115200K) Class: 16833K(17792K)->16833K(17792K)
[127.828s][info][gc             ] GC(1257) Pause Young (Allocation Failure) 1774M->1222M(1979M) 4.009ms
[127.828s][info][gc,cpu         ] GC(1257) User=0.00s Sys=0.00s Real=0.00s
[127.914s][info][gc,start       ] GC(1258) Pause Young (Allocation Failure)
[127.919s][info][gc,heap        ] GC(1258) DefNew: 579776K(629120K)->25400K(629120K) Eden: 559232K(559232K)->0K(559232K) From: 20544K(69888K)->25400K(69888K)
[127.919s][info][gc,heap        ] GC(1258) Tenured: 1231085K(1398144K)->1231085K(1398144K)
[127.919s][info][gc,metaspace   ] GC(1258) Metaspace: 131235K(132992K)->131235K(132992K) NonClass: 114401K(115200K)->114401K(115200K) Class: 16833K(17792K)->16833K(17792K)
[127.919s][info][gc             ] GC(1258) Pause Young (Allocation Failure) 1768M->1227M(1979M) 4.744ms
[127.919s][info][gc,cpu         ] GC(1258) User=0.02s Sys=0.00s Real=0.02s
[128.005s][info][gc,start       ] GC(1259) Pause Young (Allocation Failure)
[128.010s][info][gc,heap        ] GC(1259) DefNew: 584632K(629120K)->33219K(629120K) Eden: 559232K(559232K)->0K(559232K) From: 25400K(69888K)->33219K(69888K)
[128.010s][info][gc,heap        ] GC(1259) Tenured: 1231085K(1398144K)->1231085K(1398144K)
[128.011s][info][gc,metaspace   ] GC(1259) Metaspace: 131235K(132992K)->131235K(132992K) NonClass: 114401K(115200K)->114401K(115200K) Class: 16833K(17792K)->16833K(17792K)
[128.011s][info][gc             ] GC(1259) Pause Young (Allocation Failure) 1773M->1234M(1979M) 5.273ms
[128.011s][info][gc,cpu         ] GC(1259) User=0.00s Sys=0.00s Real=0.00s
[128.097s][info][gc,start       ] GC(1260) Pause Young (Allocation Failure)
[128.101s][info][gc,heap        ] GC(1260) DefNew: 592451K(629120K)->21697K(629120K) Eden: 559232K(559232K)->0K(559232K) From: 33219K(69888K)->21697K(69888K)
[128.101s][info][gc,heap        ] GC(1260) Tenured: 1231085K(1398144K)->1231085K(1398144K)
[128.101s][info][gc,metaspace   ] GC(1260) Metaspace: 131235K(132992K)->131235K(132992K) NonClass: 114401K(115200K)->114401K(115200K) Class: 16833K(17792K)->16833K(17792K)
[128.101s][info][gc             ] GC(1260) Pause Young (Allocation Failure) 1780M->1223M(1979M) 4.061ms
[128.101s][info][gc,cpu         ] GC(1260) User=0.02s Sys=0.00s Real=0.01s
[128.190s][info][gc,start       ] GC(1261) Pause Young (Allocation Failure)
[128.194s][info][gc,heap        ] GC(1261) DefNew: 580929K(629120K)->26965K(629120K) Eden: 559232K(559232K)->0K(559232K) From: 21697K(69888K)->26965K(69888K)
[128.194s][info][gc,heap        ] GC(1261) Tenured: 1231085K(1398144K)->1231085K(1398144K)
[128.194s][info][gc,metaspace   ] GC(1261) Metaspace: 131235K(132992K)->131235K(132992K) NonClass: 114401K(115200K)->114401K(115200K) Class: 16833K(17792K)->16833K(17792K)
[128.195s][info][gc             ] GC(1261) Pause Young (Allocation Failure) 1769M->1228M(1979M) 4.519ms
[128.195s][info][gc,cpu         ] GC(1261) User=0.00s Sys=0.00s Real=0.00s
[128.282s][info][gc,start       ] GC(1262) Pause Young (Allocation Failure)
[128.286s][info][gc,heap        ] GC(1262) DefNew: 586197K(629120K)->26873K(629120K) Eden: 559232K(559232K)->0K(559232K) From: 26965K(69888K)->26873K(69888K)
[128.286s][info][gc,heap        ] GC(1262) Tenured: 1231085K(1398144K)->1231085K(1398144K)
[128.286s][info][gc,metaspace   ] GC(1262) Metaspace: 131235K(132992K)->131235K(132992K) NonClass: 114401K(115200K)->114401K(115200K) Class: 16833K(17792K)->16833K(17792K)
[128.286s][info][gc             ] GC(1262) Pause Young (Allocation Failure) 1774M->1228M(1979M) 4.623ms
[128.287s][info][gc,cpu         ] GC(1262) User=0.00s Sys=0.00s Real=0.00s
[128.373s][info][gc,start       ] GC(1263) Pause Young (Allocation Failure)
[128.377s][info][gc,heap        ] GC(1263) DefNew: 586105K(629120K)->18938K(629120K) Eden: 559232K(559232K)->0K(559232K) From: 26873K(69888K)->18938K(69888K)
[128.377s][info][gc,heap        ] GC(1263) Tenured: 1231085K(1398144K)->1235201K(1398144K)
[128.377s][info][gc,metaspace   ] GC(1263) Metaspace: 131235K(132992K)->131235K(132992K) NonClass: 114401K(115200K)->114401K(115200K) Class: 16833K(17792K)->16833K(17792K)
[128.377s][info][gc             ] GC(1263) Pause Young (Allocation Failure) 1774M->1224M(1979M) 4.106ms
[128.377s][info][gc,cpu         ] GC(1263) User=0.00s Sys=0.00s Real=0.00s
[128.464s][info][gc,start       ] GC(1264) Pause Young (Allocation Failure)
[128.468s][info][gc,heap        ] GC(1264) DefNew: 578170K(629120K)->17772K(629120K) Eden: 559232K(559232K)->0K(559232K) From: 18938K(69888K)->17772K(69888K)
[128.468s][info][gc,heap        ] GC(1264) Tenured: 1235201K(1398144K)->1243418K(1398144K)
[128.468s][info][gc,metaspace   ] GC(1264) Metaspace: 131235K(132992K)->131235K(132992K) NonClass: 114401K(115200K)->114401K(115200K) Class: 16833K(17792K)->16833K(17792K)
[128.468s][info][gc             ] GC(1264) Pause Young (Allocation Failure) 1770M->1231M(1979M) 4.461ms
[128.468s][info][gc,cpu         ] GC(1264) User=0.02s Sys=0.00s Real=0.01s
[128.556s][info][gc,start       ] GC(1265) Pause Young (Allocation Failure)
[128.559s][info][gc,heap        ] GC(1265) DefNew: 577004K(629120K)->9073K(629120K) Eden: 559232K(559232K)->0K(559232K) From: 17772K(69888K)->9073K(69888K)
[128.559s][info][gc,heap        ] GC(1265) Tenured: 1243418K(1398144K)->1243418K(1398144K)
[128.559s][info][gc,metaspace   ] GC(1265) Metaspace: 131235K(132992K)->131235K(132992K) NonClass: 114401K(115200K)->114401K(115200K) Class: 16833K(17792K)->16833K(17792K)
[128.559s][info][gc             ] GC(1265) Pause Young (Allocation Failure) 1777M->1223M(1979M) 3.110ms
[128.559s][info][gc,cpu         ] GC(1265) User=0.00s Sys=0.00s Real=0.00s
[128.646s][info][gc,start       ] GC(1266) Pause Young (Allocation Failure)
[128.649s][info][gc,heap        ] GC(1266) DefNew: 568305K(629120K)->13079K(629120K) Eden: 559232K(559232K)->0K(559232K) From: 9073K(69888K)->13079K(69888K)
[128.649s][info][gc,heap        ] GC(1266) Tenured: 1243418K(1398144K)->1243418K(1398144K)
[128.649s][info][gc,metaspace   ] GC(1266) Metaspace: 131235K(132992K)->131235K(132992K) NonClass: 114401K(115200K)->114401K(115200K) Class: 16833K(17792K)->16833K(17792K)
[128.649s][info][gc             ] GC(1266) Pause Young (Allocation Failure) 1769M->1227M(1979M) 3.056ms
[128.649s][info][gc,cpu         ] GC(1266) User=0.00s Sys=0.00s Real=0.00s
[128.792s][info][gc,start       ] GC(1267) Pause Young (Allocation Failure)
[128.795s][info][gc,heap        ] GC(1267) DefNew: 572311K(629120K)->11061K(629120K) Eden: 559232K(559232K)->0K(559232K) From: 13079K(69888K)->11061K(69888K)
[128.795s][info][gc,heap        ] GC(1267) Tenured: 1243418K(1398144K)->1243418K(1398144K)
[128.795s][info][gc,metaspace   ] GC(1267) Metaspace: 131236K(132992K)->131236K(132992K) NonClass: 114402K(115200K)->114402K(115200K) Class: 16833K(17792K)->16833K(17792K)
[128.795s][info][gc             ] GC(1267) Pause Young (Allocation Failure) 1773M->1225M(1979M) 2.995ms
[128.795s][info][gc,cpu         ] GC(1267) User=0.00s Sys=0.00s Real=0.00s
[128.954s][info][gc,start       ] GC(1268) Pause Full (System.gc())
[128.954s][info][gc,phases,start] GC(1268) Phase 1: Mark live objects
[129.011s][info][gc,phases      ] GC(1268) Phase 1: Mark live objects 56.626ms
[129.011s][info][gc,phases,start] GC(1268) Phase 2: Compute new object addresses
[129.059s][info][gc,phases      ] GC(1268) Phase 2: Compute new object addresses 48.290ms
[129.059s][info][gc,phases,start] GC(1268) Phase 3: Adjust pointers
[129.090s][info][gc,phases      ] GC(1268) Phase 3: Adjust pointers 30.945ms
[129.090s][info][gc,phases,start] GC(1268) Phase 4: Move objects
[129.091s][info][gc,phases      ] GC(1268) Phase 4: Move objects 0.540ms
[129.092s][info][gc,heap        ] GC(1268) DefNew: 292352K(629120K)->0K(629120K) Eden: 281290K(559232K)->0K(559232K) From: 11061K(69888K)->0K(69888K)
[129.092s][info][gc,heap        ] GC(1268) Tenured: 1243418K(1398144K)->969687K(1398144K)
[129.092s][info][gc,metaspace   ] GC(1268) Metaspace: 131254K(132992K)->131254K(132992K) NonClass: 114420K(115200K)->114420K(115200K) Class: 16833K(17792K)->16833K(17792K)
[129.092s][info][gc             ] GC(1268) Pause Full (System.gc()) 1499M->946M(1979M) 137.389ms
[129.092s][info][gc,cpu         ] GC(1268) User=0.12s Sys=0.00s Real=0.12s
[129.221s][info][gc,start       ] GC(1269) Pause Young (Allocation Failure)
[129.225s][info][gc,heap        ] GC(1269) DefNew: 559232K(629120K)->6488K(629120K) Eden: 559232K(559232K)->0K(559232K) From: 0K(69888K)->6488K(69888K)
[129.225s][info][gc,heap        ] GC(1269) Tenured: 969687K(1398144K)->969687K(1398144K)
[129.225s][info][gc,metaspace   ] GC(1269) Metaspace: 131323K(133056K)->131323K(133056K) NonClass: 114489K(115264K)->114489K(115264K) Class: 16833K(17792K)->16833K(17792K)
[129.226s][info][gc             ] GC(1269) Pause Young (Allocation Failure) 1493M->953M(1979M) 4.765ms
[129.226s][info][gc,cpu         ] GC(1269) User=0.00s Sys=0.00s Real=0.00s
[129.280s][info][gc,start       ] GC(1270) Pause Young (Allocation Failure)
[129.284s][info][gc,heap        ] GC(1270) DefNew: 563659K(629120K)->8007K(629120K) Eden: 557171K(559232K)->0K(559232K) From: 6488K(69888K)->8007K(69888K)
[129.284s][info][gc,heap        ] GC(1270) Tenured: 969687K(1398144K)->969687K(1398144K)
[129.284s][info][gc,metaspace   ] GC(1270) Metaspace: 131323K(133056K)->131323K(133056K) NonClass: 114489K(115264K)->114489K(115264K) Class: 16833K(17792K)->16833K(17792K)
[129.284s][info][gc             ] GC(1270) Pause Young (Allocation Failure) 1497M->954M(1979M) 4.010ms
[129.284s][info][gc,cpu         ] GC(1270) User=0.00s Sys=0.00s Real=0.00s
[129.338s][info][gc,start       ] GC(1271) Pause Young (Allocation Failure)
[129.342s][info][gc,heap        ] GC(1271) DefNew: 567239K(629120K)->9029K(629120K) Eden: 559232K(559232K)->0K(559232K) From: 8007K(69888K)->9029K(69888K)
[129.342s][info][gc,heap        ] GC(1271) Tenured: 969687K(1398144K)->969687K(1398144K)
[129.342s][info][gc,metaspace   ] GC(1271) Metaspace: 131323K(133056K)->131323K(133056K) NonClass: 114489K(115264K)->114489K(115264K) Class: 16833K(17792K)->16833K(17792K)
[129.342s][info][gc             ] GC(1271) Pause Young (Allocation Failure) 1500M->955M(1979M) 4.221ms
[129.342s][info][gc,cpu         ] GC(1271) User=0.00s Sys=0.00s Real=0.02s
[129.397s][info][gc,start       ] GC(1272) Pause Young (Allocation Failure)
[129.401s][info][gc,heap        ] GC(1272) DefNew: 568261K(629120K)->16178K(629120K) Eden: 559232K(559232K)->0K(559232K) From: 9029K(69888K)->16178K(69888K)
[129.402s][info][gc,heap        ] GC(1272) Tenured: 969687K(1398144K)->969687K(1398144K)
[129.402s][info][gc,metaspace   ] GC(1272) Metaspace: 131323K(133056K)->131323K(133056K) NonClass: 114489K(115264K)->114489K(115264K) Class: 16833K(17792K)->16833K(17792K)
[129.402s][info][gc             ] GC(1272) Pause Young (Allocation Failure) 1501M->962M(1979M) 4.806ms
[129.402s][info][gc,cpu         ] GC(1272) User=0.00s Sys=0.00s Real=0.01s
[129.458s][info][gc,start       ] GC(1273) Pause Young (Allocation Failure)
[129.463s][info][gc,heap        ] GC(1273) DefNew: 575410K(629120K)->14180K(629120K) Eden: 559232K(559232K)->0K(559232K) From: 16178K(69888K)->14180K(69888K)
[129.463s][info][gc,heap        ] GC(1273) Tenured: 969687K(1398144K)->969687K(1398144K)
[129.463s][info][gc,metaspace   ] GC(1273) Metaspace: 131334K(133056K)->131334K(133056K) NonClass: 114500K(115264K)->114500K(115264K) Class: 16833K(17792K)->16833K(17792K)
[129.463s][info][gc             ] GC(1273) Pause Young (Allocation Failure) 1508M->960M(1979M) 4.932ms
[129.463s][info][gc,cpu         ] GC(1273) User=0.02s Sys=0.00s Real=0.01s
[129.519s][info][gc,start       ] GC(1274) Pause Young (Allocation Failure)
[129.524s][info][gc,heap        ] GC(1274) DefNew: 573412K(629120K)->17892K(629120K) Eden: 559232K(559232K)->0K(559232K) From: 14180K(69888K)->17892K(69888K)
[129.524s][info][gc,heap        ] GC(1274) Tenured: 969687K(1398144K)->969687K(1398144K)
[129.524s][info][gc,metaspace   ] GC(1274) Metaspace: 131334K(133056K)->131334K(133056K) NonClass: 114500K(115264K)->114500K(115264K) Class: 16833K(17792K)->16833K(17792K)
[129.524s][info][gc             ] GC(1274) Pause Young (Allocation Failure) 1506M->964M(1979M) 5.184ms
[129.524s][info][gc,cpu         ] GC(1274) User=0.00s Sys=0.00s Real=0.02s
[129.580s][info][gc,start       ] GC(1275) Pause Young (Allocation Failure)
[129.586s][info][gc,heap        ] GC(1275) DefNew: 577124K(629120K)->22391K(629120K) Eden: 559232K(559232K)->0K(559232K) From: 17892K(69888K)->22391K(69888K)
[129.586s][info][gc,heap        ] GC(1275) Tenured: 969687K(1398144K)->969687K(1398144K)
[129.586s][info][gc,metaspace   ] GC(1275) Metaspace: 131334K(133056K)->131334K(133056K) NonClass: 114500K(115264K)->114500K(115264K) Class: 16833K(17792K)->16833K(17792K)
[129.586s][info][gc             ] GC(1275) Pause Young (Allocation Failure) 1510M->968M(1979M) 5.772ms
[129.586s][info][gc,cpu         ] GC(1275) User=0.00s Sys=0.00s Real=0.00s
[129.641s][info][gc,start       ] GC(1276) Pause Young (Allocation Failure)
[129.647s][info][gc,heap        ] GC(1276) DefNew: 581623K(629120K)->32719K(629120K) Eden: 559232K(559232K)->0K(559232K) From: 22391K(69888K)->32719K(69888K)
[129.647s][info][gc,heap        ] GC(1276) Tenured: 969687K(1398144K)->969687K(1398144K)
[129.647s][info][gc,metaspace   ] GC(1276) Metaspace: 131334K(133056K)->131334K(133056K) NonClass: 114500K(115264K)->114500K(115264K) Class: 16833K(17792K)->16833K(17792K)
[129.647s][info][gc             ] GC(1276) Pause Young (Allocation Failure) 1514M->978M(1979M) 6.330ms
[129.647s][info][gc,cpu         ] GC(1276) User=0.00s Sys=0.00s Real=0.00s
[129.702s][info][gc,start       ] GC(1277) Pause Young (Allocation Failure)
[129.709s][info][gc,heap        ] GC(1277) DefNew: 589148K(629120K)->31368K(629120K) Eden: 556428K(559232K)->0K(559232K) From: 32719K(69888K)->31368K(69888K)
[129.709s][info][gc,heap        ] GC(1277) Tenured: 969687K(1398144K)->969687K(1398144K)
[129.709s][info][gc,metaspace   ] GC(1277) Metaspace: 131334K(133056K)->131334K(133056K) NonClass: 114500K(115264K)->114500K(115264K) Class: 16833K(17792K)->16833K(17792K)
[129.709s][info][gc             ] GC(1277) Pause Young (Allocation Failure) 1522M->977M(1979M) 6.338ms
[129.709s][info][gc,cpu         ] GC(1277) User=0.00s Sys=0.00s Real=0.00s
[129.765s][info][gc,start       ] GC(1278) Pause Young (Allocation Failure)
[129.772s][info][gc,heap        ] GC(1278) DefNew: 590600K(629120K)->38584K(629120K) Eden: 559232K(559232K)->0K(559232K) From: 31368K(69888K)->38584K(69888K)
[129.772s][info][gc,heap        ] GC(1278) Tenured: 969687K(1398144K)->969687K(1398144K)
[129.772s][info][gc,metaspace   ] GC(1278) Metaspace: 131334K(133056K)->131334K(133056K) NonClass: 114500K(115264K)->114500K(115264K) Class: 16833K(17792K)->16833K(17792K)
[129.772s][info][gc             ] GC(1278) Pause Young (Allocation Failure) 1523M->984M(1979M) 6.983ms
[129.772s][info][gc,cpu         ] GC(1278) User=0.00s Sys=0.00s Real=0.00s
[129.828s][info][gc,start       ] GC(1279) Pause Young (Allocation Failure)
[129.835s][info][gc,heap        ] GC(1279) DefNew: 597816K(629120K)->37014K(629120K) Eden: 559232K(559232K)->0K(559232K) From: 38584K(69888K)->37014K(69888K)
[129.835s][info][gc,heap        ] GC(1279) Tenured: 969687K(1398144K)->975369K(1398144K)
[129.835s][info][gc,metaspace   ] GC(1279) Metaspace: 131334K(133056K)->131334K(133056K) NonClass: 114500K(115264K)->114500K(115264K) Class: 16833K(17792K)->16833K(17792K)
[129.835s][info][gc             ] GC(1279) Pause Young (Allocation Failure) 1530M->988M(1979M) 7.689ms
[129.835s][info][gc,cpu         ] GC(1279) User=0.00s Sys=0.00s Real=0.00s
[129.891s][info][gc,start       ] GC(1280) Pause Young (Allocation Failure)
[129.897s][info][gc,heap        ] GC(1280) DefNew: 596246K(629120K)->36706K(629120K) Eden: 559232K(559232K)->0K(559232K) From: 37014K(69888K)->36706K(69888K)
[129.897s][info][gc,heap        ] GC(1280) Tenured: 975369K(1398144K)->979773K(1398144K)
[129.897s][info][gc,metaspace   ] GC(1280) Metaspace: 131334K(133056K)->131334K(133056K) NonClass: 114500K(115264K)->114500K(115264K) Class: 16833K(17792K)->16833K(17792K)
[129.897s][info][gc             ] GC(1280) Pause Young (Allocation Failure) 1534M->992M(1979M) 6.062ms
[129.898s][info][gc,cpu         ] GC(1280) User=0.00s Sys=0.00s Real=0.00s
[129.953s][info][gc,start       ] GC(1281) Pause Young (Allocation Failure)
[129.959s][info][gc,heap        ] GC(1281) DefNew: 595938K(629120K)->36701K(629120K) Eden: 559232K(559232K)->0K(559232K) From: 36706K(69888K)->36701K(69888K)
[129.959s][info][gc,heap        ] GC(1281) Tenured: 979773K(1398144K)->983870K(1398144K)
[129.959s][info][gc,metaspace   ] GC(1281) Metaspace: 131334K(133056K)->131334K(133056K) NonClass: 114500K(115264K)->114500K(115264K) Class: 16833K(17792K)->16833K(17792K)
[129.959s][info][gc             ] GC(1281) Pause Young (Allocation Failure) 1538M->996M(1979M) 5.701ms
[129.959s][info][gc,cpu         ] GC(1281) User=0.02s Sys=0.00s Real=0.00s
[130.015s][info][gc,start       ] GC(1282) Pause Young (Allocation Failure)
[130.020s][info][gc,heap        ] GC(1282) DefNew: 595933K(629120K)->36694K(629120K) Eden: 559232K(559232K)->0K(559232K) From: 36701K(69888K)->36694K(69888K)
[130.020s][info][gc,heap        ] GC(1282) Tenured: 983870K(1398144K)->987968K(1398144K)
[130.020s][info][gc,metaspace   ] GC(1282) Metaspace: 131334K(133056K)->131334K(133056K) NonClass: 114500K(115264K)->114500K(115264K) Class: 16833K(17792K)->16833K(17792K)
[130.020s][info][gc             ] GC(1282) Pause Young (Allocation Failure) 1542M->1000M(1979M) 5.692ms
[130.020s][info][gc,cpu         ] GC(1282) User=0.00s Sys=0.00s Real=0.00s
[130.077s][info][gc,start       ] GC(1283) Pause Young (Allocation Failure)
[130.082s][info][gc,heap        ] GC(1283) DefNew: 595926K(629120K)->39823K(629120K) Eden: 559232K(559232K)->0K(559232K) From: 36694K(69888K)->39823K(69888K)
[130.082s][info][gc,heap        ] GC(1283) Tenured: 987968K(1398144K)->992066K(1398144K)
[130.082s][info][gc,metaspace   ] GC(1283) Metaspace: 131334K(133056K)->131334K(133056K) NonClass: 114500K(115264K)->114500K(115264K) Class: 16833K(17792K)->16833K(17792K)
[130.082s][info][gc             ] GC(1283) Pause Young (Allocation Failure) 1546M->1007M(1979M) 5.912ms
[130.083s][info][gc,cpu         ] GC(1283) User=0.02s Sys=0.00s Real=0.00s
[130.139s][info][gc,start       ] GC(1284) Pause Young (Allocation Failure)
[130.145s][info][gc,heap        ] GC(1284) DefNew: 599055K(629120K)->32588K(629120K) Eden: 559232K(559232K)->0K(559232K) From: 39823K(69888K)->32588K(69888K)
[130.145s][info][gc,heap        ] GC(1284) Tenured: 992066K(1398144K)->1000260K(1398144K)
[130.145s][info][gc,metaspace   ] GC(1284) Metaspace: 131334K(133056K)->131334K(133056K) NonClass: 114500K(115264K)->114500K(115264K) Class: 16833K(17792K)->16833K(17792K)
[130.145s][info][gc             ] GC(1284) Pause Young (Allocation Failure) 1553M->1008M(1979M) 5.941ms
[130.145s][info][gc,cpu         ] GC(1284) User=0.02s Sys=0.00s Real=0.00s
[130.204s][info][gc,start       ] GC(1285) Pause Young (Allocation Failure)
[130.210s][info][gc,heap        ] GC(1285) DefNew: 587788K(629120K)->39618K(629120K) Eden: 555199K(559232K)->0K(559232K) From: 32588K(69888K)->39618K(69888K)
[130.210s][info][gc,heap        ] GC(1285) Tenured: 1000260K(1398144K)->1000260K(1398144K)
[130.210s][info][gc,metaspace   ] GC(1285) Metaspace: 131335K(133056K)->131335K(133056K) NonClass: 114501K(115264K)->114501K(115264K) Class: 16833K(17792K)->16833K(17792K)
[130.210s][info][gc             ] GC(1285) Pause Young (Allocation Failure) 1550M->1015M(1979M) 5.939ms
[130.210s][info][gc,cpu         ] GC(1285) User=0.00s Sys=0.00s Real=0.00s
[130.303s][info][gc,start       ] GC(1286) Pause Young (Allocation Failure)
[130.310s][info][gc,heap        ] GC(1286) DefNew: 598850K(629120K)->41459K(629120K) Eden: 559232K(559232K)->0K(559232K) From: 39618K(69888K)->41459K(69888K)
[130.310s][info][gc,heap        ] GC(1286) Tenured: 1000260K(1398144K)->1008455K(1398144K)
[130.310s][info][gc,metaspace   ] GC(1286) Metaspace: 131336K(133056K)->131336K(133056K) NonClass: 114502K(115264K)->114502K(115264K) Class: 16833K(17792K)->16833K(17792K)
[130.310s][info][gc             ] GC(1286) Pause Young (Allocation Failure) 1561M->1025M(1979M) 7.533ms
[130.310s][info][gc,cpu         ] GC(1286) User=0.00s Sys=0.00s Real=0.02s
[130.398s][info][gc,start       ] GC(1287) Pause Young (Allocation Failure)
[130.406s][info][gc,heap        ] GC(1287) DefNew: 600691K(629120K)->48672K(629120K) Eden: 559232K(559232K)->0K(559232K) From: 41459K(69888K)->48672K(69888K)
[130.406s][info][gc,heap        ] GC(1287) Tenured: 1008455K(1398144K)->1016650K(1398144K)
[130.406s][info][gc,metaspace   ] GC(1287) Metaspace: 131336K(133056K)->131336K(133056K) NonClass: 114502K(115264K)->114502K(115264K) Class: 16833K(17792K)->16833K(17792K)
[130.406s][info][gc             ] GC(1287) Pause Young (Allocation Failure) 1571M->1040M(1979M) 7.455ms
[130.406s][info][gc,cpu         ] GC(1287) User=0.00s Sys=0.00s Real=0.02s
[130.495s][info][gc,start       ] GC(1288) Pause Young (Allocation Failure)
[130.503s][info][gc,heap        ] GC(1288) DefNew: 607904K(629120K)->34152K(629120K) Eden: 559232K(559232K)->0K(559232K) From: 48672K(69888K)->34152K(69888K)
[130.503s][info][gc,heap        ] GC(1288) Tenured: 1016650K(1398144K)->1045806K(1398144K)
[130.503s][info][gc,metaspace   ] GC(1288) Metaspace: 131336K(133056K)->131336K(133056K) NonClass: 114502K(115264K)->114502K(115264K) Class: 16833K(17792K)->16833K(17792K)
[130.503s][info][gc             ] GC(1288) Pause Young (Allocation Failure) 1586M->1054M(1979M) 7.937ms
[130.503s][info][gc,cpu         ] GC(1288) User=0.00s Sys=0.00s Real=0.01s
[130.591s][info][gc,start       ] GC(1289) Pause Young (Allocation Failure)
[130.597s][info][gc,heap        ] GC(1289) DefNew: 593384K(629120K)->44479K(629120K) Eden: 559232K(559232K)->0K(559232K) From: 34152K(69888K)->44479K(69888K)
[130.597s][info][gc,heap        ] GC(1289) Tenured: 1045806K(1398144K)->1045806K(1398144K)
[130.597s][info][gc,metaspace   ] GC(1289) Metaspace: 131336K(133056K)->131336K(133056K) NonClass: 114502K(115264K)->114502K(115264K) Class: 16833K(17792K)->16833K(17792K)
[130.597s][info][gc             ] GC(1289) Pause Young (Allocation Failure) 1600M->1064M(1979M) 5.968ms
[130.597s][info][gc,cpu         ] GC(1289) User=0.00s Sys=0.00s Real=0.00s
[130.685s][info][gc,start       ] GC(1290) Pause Young (Allocation Failure)
[130.692s][info][gc,heap        ] GC(1290) DefNew: 603711K(629120K)->44490K(629120K) Eden: 559232K(559232K)->0K(559232K) From: 44479K(69888K)->44490K(69888K)
[130.692s][info][gc,heap        ] GC(1290) Tenured: 1045806K(1398144K)->1058099K(1398144K)
[130.692s][info][gc,metaspace   ] GC(1290) Metaspace: 131336K(133056K)->131336K(133056K) NonClass: 114503K(115264K)->114503K(115264K) Class: 16833K(17792K)->16833K(17792K)
[130.692s][info][gc             ] GC(1290) Pause Young (Allocation Failure) 1610M->1076M(1979M) 7.244ms
[130.692s][info][gc,cpu         ] GC(1290) User=0.00s Sys=0.00s Real=0.00s
[130.780s][info][gc,start       ] GC(1291) Pause Young (Allocation Failure)
[130.787s][info][gc,heap        ] GC(1291) DefNew: 603722K(629120K)->45858K(629120K) Eden: 559232K(559232K)->0K(559232K) From: 44490K(69888K)->45858K(69888K)
[130.787s][info][gc,heap        ] GC(1291) Tenured: 1058099K(1398144K)->1070390K(1398144K)
[130.787s][info][gc,metaspace   ] GC(1291) Metaspace: 131336K(133056K)->131336K(133056K) NonClass: 114503K(115264K)->114503K(115264K) Class: 16833K(17792K)->16833K(17792K)
[130.787s][info][gc             ] GC(1291) Pause Young (Allocation Failure) 1622M->1090M(1979M) 7.070ms
[130.787s][info][gc,cpu         ] GC(1291) User=0.00s Sys=0.00s Real=0.00s
[130.877s][info][gc,start       ] GC(1292) Pause Young (Allocation Failure)
[130.884s][info][gc,heap        ] GC(1292) DefNew: 605090K(629120K)->38597K(629120K) Eden: 559232K(559232K)->0K(559232K) From: 45858K(69888K)->38597K(69888K)
[130.884s][info][gc,heap        ] GC(1292) Tenured: 1070390K(1398144K)->1086780K(1398144K)
[130.884s][info][gc,metaspace   ] GC(1292) Metaspace: 131336K(133056K)->131336K(133056K) NonClass: 114503K(115264K)->114503K(115264K) Class: 16833K(17792K)->16833K(17792K)
[130.884s][info][gc             ] GC(1292) Pause Young (Allocation Failure) 1636M->1099M(1979M) 6.999ms
[130.884s][info][gc,cpu         ] GC(1292) User=0.00s Sys=0.00s Real=0.00s
[130.967s][info][gc,start       ] GC(1293) Pause Young (Allocation Failure)
[130.973s][info][gc,heap        ] GC(1293) DefNew: 597829K(629120K)->35079K(629120K) Eden: 559232K(559232K)->0K(559232K) From: 38597K(69888K)->35079K(69888K)
[130.973s][info][gc,heap        ] GC(1293) Tenured: 1086780K(1398144K)->1099083K(1398144K)
[130.973s][info][gc,metaspace   ] GC(1293) Metaspace: 131336K(133056K)->131336K(133056K) NonClass: 114503K(115264K)->114503K(115264K) Class: 16833K(17792K)->16833K(17792K)
[130.974s][info][gc             ] GC(1293) Pause Young (Allocation Failure) 1645M->1107M(1979M) 6.530ms
[130.974s][info][gc,cpu         ] GC(1293) User=0.00s Sys=0.00s Real=0.00s
[131.060s][info][gc,start       ] GC(1294) Pause Young (Allocation Failure)
[131.067s][info][gc,heap        ] GC(1294) DefNew: 594311K(629120K)->32809K(629120K) Eden: 559232K(559232K)->0K(559232K) From: 35079K(69888K)->32809K(69888K)
[131.067s][info][gc,heap        ] GC(1294) Tenured: 1099083K(1398144K)->1111376K(1398144K)
[131.067s][info][gc,metaspace   ] GC(1294) Metaspace: 131336K(133056K)->131336K(133056K) NonClass: 114503K(115264K)->114503K(115264K) Class: 16833K(17792K)->16833K(17792K)
[131.067s][info][gc             ] GC(1294) Pause Young (Allocation Failure) 1653M->1117M(1979M) 6.360ms
[131.067s][info][gc,cpu         ] GC(1294) User=0.00s Sys=0.00s Real=0.02s
[131.157s][info][gc,start       ] GC(1295) Pause Young (Allocation Failure)
[131.162s][info][gc,heap        ] GC(1295) DefNew: 592041K(629120K)->40623K(629120K) Eden: 559232K(559232K)->0K(559232K) From: 32809K(69888K)->40623K(69888K)
[131.162s][info][gc,heap        ] GC(1295) Tenured: 1111376K(1398144K)->1111376K(1398144K)
[131.162s][info][gc,metaspace   ] GC(1295) Metaspace: 131336K(133056K)->131336K(133056K) NonClass: 114503K(115264K)->114503K(115264K) Class: 16833K(17792K)->16833K(17792K)
[131.162s][info][gc             ] GC(1295) Pause Young (Allocation Failure) 1663M->1124M(1979M) 5.761ms
[131.162s][info][gc,cpu         ] GC(1295) User=0.00s Sys=0.00s Real=0.00s
[131.250s][info][gc,start       ] GC(1296) Pause Young (Allocation Failure)
[131.256s][info][gc,heap        ] GC(1296) DefNew: 599855K(629120K)->31906K(629120K) Eden: 559232K(559232K)->0K(559232K) From: 40623K(69888K)->31906K(69888K)
[131.256s][info][gc,heap        ] GC(1296) Tenured: 1111376K(1398144K)->1123715K(1398144K)
[131.256s][info][gc,metaspace   ] GC(1296) Metaspace: 131336K(133056K)->131336K(133056K) NonClass: 114503K(115264K)->114503K(115264K) Class: 16833K(17792K)->16833K(17792K)
[131.256s][info][gc             ] GC(1296) Pause Young (Allocation Failure) 1671M->1128M(1979M) 6.141ms
[131.256s][info][gc,cpu         ] GC(1296) User=0.00s Sys=0.02s Real=0.00s
[131.343s][info][gc,start       ] GC(1297) Pause Young (Allocation Failure)
[131.349s][info][gc,heap        ] GC(1297) DefNew: 591138K(629120K)->40188K(629120K) Eden: 559232K(559232K)->0K(559232K) From: 31906K(69888K)->40188K(69888K)
[131.349s][info][gc,heap        ] GC(1297) Tenured: 1123715K(1398144K)->1123715K(1398144K)
[131.349s][info][gc,metaspace   ] GC(1297) Metaspace: 131336K(133056K)->131336K(133056K) NonClass: 114503K(115264K)->114503K(115264K) Class: 16833K(17792K)->16833K(17792K)
[131.349s][info][gc             ] GC(1297) Pause Young (Allocation Failure) 1674M->1136M(1979M) 5.735ms
[131.349s][info][gc,cpu         ] GC(1297) User=0.02s Sys=0.00s Real=0.02s
[131.437s][info][gc,start       ] GC(1298) Pause Young (Allocation Failure)
[131.444s][info][gc,heap        ] GC(1298) DefNew: 599420K(629120K)->41362K(629120K) Eden: 559232K(559232K)->0K(559232K) From: 40188K(69888K)->41362K(69888K)
[131.444s][info][gc,heap        ] GC(1298) Tenured: 1123715K(1398144K)->1136008K(1398144K)
[131.444s][info][gc,metaspace   ] GC(1298) Metaspace: 131336K(133056K)->131336K(133056K) NonClass: 114503K(115264K)->114503K(115264K) Class: 16833K(17792K)->16833K(17792K)
[131.444s][info][gc             ] GC(1298) Pause Young (Allocation Failure) 1682M->1149M(1979M) 6.999ms
[131.444s][info][gc,cpu         ] GC(1298) User=0.00s Sys=0.00s Real=0.02s
[131.531s][info][gc,start       ] GC(1299) Pause Young (Allocation Failure)
[131.537s][info][gc,heap        ] GC(1299) DefNew: 600594K(629120K)->32762K(629120K) Eden: 559232K(559232K)->0K(559232K) From: 41362K(69888K)->32762K(69888K)
[131.537s][info][gc,heap        ] GC(1299) Tenured: 1136008K(1398144K)->1144203K(1398144K)
[131.537s][info][gc,metaspace   ] GC(1299) Metaspace: 131336K(133056K)->131336K(133056K) NonClass: 114503K(115264K)->114503K(115264K) Class: 16833K(17792K)->16833K(17792K)
[131.537s][info][gc             ] GC(1299) Pause Young (Allocation Failure) 1695M->1149M(1979M) 6.114ms
[131.537s][info][gc,cpu         ] GC(1299) User=0.00s Sys=0.00s Real=0.02s
[131.627s][info][gc,start       ] GC(1300) Pause Young (Allocation Failure)
[131.633s][info][gc,heap        ] GC(1300) DefNew: 591994K(629120K)->40142K(629120K) Eden: 559232K(559232K)->0K(559232K) From: 32762K(69888K)->40142K(69888K)
[131.633s][info][gc,heap        ] GC(1300) Tenured: 1144203K(1398144K)->1144203K(1398144K)
[131.633s][info][gc,metaspace   ] GC(1300) Metaspace: 131336K(133056K)->131336K(133056K) NonClass: 114503K(115264K)->114503K(115264K) Class: 16833K(17792K)->16833K(17792K)
[131.633s][info][gc             ] GC(1300) Pause Young (Allocation Failure) 1695M->1156M(1979M) 5.763ms
[131.633s][info][gc,cpu         ] GC(1300) User=0.00s Sys=0.00s Real=0.00s
[131.715s][info][gc,start       ] GC(1301) Pause Young (Allocation Failure)
[131.721s][info][gc,heap        ] GC(1301) DefNew: 599374K(629120K)->30924K(629120K) Eden: 559232K(559232K)->0K(559232K) From: 40142K(69888K)->30924K(69888K)
[131.721s][info][gc,heap        ] GC(1301) Tenured: 1144203K(1398144K)->1156494K(1398144K)
[131.721s][info][gc,metaspace   ] GC(1301) Metaspace: 131336K(133056K)->131336K(133056K) NonClass: 114503K(115264K)->114503K(115264K) Class: 16833K(17792K)->16833K(17792K)
[131.721s][info][gc             ] GC(1301) Pause Young (Allocation Failure) 1702M->1159M(1979M) 5.796ms
[131.721s][info][gc,cpu         ] GC(1301) User=0.00s Sys=0.00s Real=0.02s
[131.803s][info][gc,start       ] GC(1302) Pause Young (Allocation Failure)
[131.807s][info][gc,heap        ] GC(1302) DefNew: 590156K(629120K)->25514K(629120K) Eden: 559232K(559232K)->0K(559232K) From: 30924K(69888K)->25514K(69888K)
[131.807s][info][gc,heap        ] GC(1302) Tenured: 1156494K(1398144K)->1156494K(1398144K)
[131.807s][info][gc,metaspace   ] GC(1302) Metaspace: 131336K(133056K)->131336K(133056K) NonClass: 114503K(115264K)->114503K(115264K) Class: 16833K(17792K)->16833K(17792K)
[131.807s][info][gc             ] GC(1302) Pause Young (Allocation Failure) 1705M->1154M(1979M) 4.439ms
[131.807s][info][gc,cpu         ] GC(1302) User=0.00s Sys=0.00s Real=0.01s
[131.889s][info][gc,start       ] GC(1303) Pause Young (Allocation Failure)
[131.894s][info][gc,heap        ] GC(1303) DefNew: 584746K(629120K)->27843K(629120K) Eden: 559232K(559232K)->0K(559232K) From: 25514K(69888K)->27843K(69888K)
[131.894s][info][gc,heap        ] GC(1303) Tenured: 1156494K(1398144K)->1156494K(1398144K)
[131.894s][info][gc,metaspace   ] GC(1303) Metaspace: 131336K(133056K)->131336K(133056K) NonClass: 114503K(115264K)->114503K(115264K) Class: 16833K(17792K)->16833K(17792K)
[131.894s][info][gc             ] GC(1303) Pause Young (Allocation Failure) 1700M->1156M(1979M) 4.679ms
[131.894s][info][gc,cpu         ] GC(1303) User=0.00s Sys=0.00s Real=0.02s
[131.980s][info][gc,start       ] GC(1304) Pause Young (Allocation Failure)
[131.985s][info][gc,heap        ] GC(1304) DefNew: 587075K(629120K)->32852K(629120K) Eden: 559232K(559232K)->0K(559232K) From: 27843K(69888K)->32852K(69888K)
[131.985s][info][gc,heap        ] GC(1304) Tenured: 1156494K(1398144K)->1156494K(1398144K)
[131.985s][info][gc,metaspace   ] GC(1304) Metaspace: 131336K(133056K)->131336K(133056K) NonClass: 114503K(115264K)->114503K(115264K) Class: 16833K(17792K)->16833K(17792K)
[131.985s][info][gc             ] GC(1304) Pause Young (Allocation Failure) 1702M->1161M(1979M) 4.845ms
[131.985s][info][gc,cpu         ] GC(1304) User=0.00s Sys=0.00s Real=0.00s
[132.070s][info][gc,start       ] GC(1305) Pause Young (Allocation Failure)
[132.075s][info][gc,heap        ] GC(1305) DefNew: 592084K(629120K)->33594K(629120K) Eden: 559232K(559232K)->0K(559232K) From: 32852K(69888K)->33594K(69888K)
[132.075s][info][gc,heap        ] GC(1305) Tenured: 1156494K(1398144K)->1156494K(1398144K)
[132.075s][info][gc,metaspace   ] GC(1305) Metaspace: 131336K(133056K)->131336K(133056K) NonClass: 114503K(115264K)->114503K(115264K) Class: 16833K(17792K)->16833K(17792K)
[132.075s][info][gc             ] GC(1305) Pause Young (Allocation Failure) 1707M->1162M(1979M) 5.197ms
[132.075s][info][gc,cpu         ] GC(1305) User=0.00s Sys=0.00s Real=0.00s
[132.165s][info][gc,start       ] GC(1306) Pause Young (Allocation Failure)
[132.170s][info][gc,heap        ] GC(1306) DefNew: 592826K(629120K)->38287K(629120K) Eden: 559232K(559232K)->0K(559232K) From: 33594K(69888K)->38287K(69888K)
[132.170s][info][gc,heap        ] GC(1306) Tenured: 1156494K(1398144K)->1156494K(1398144K)
[132.170s][info][gc,metaspace   ] GC(1306) Metaspace: 131336K(133056K)->131336K(133056K) NonClass: 114503K(115264K)->114503K(115264K) Class: 16833K(17792K)->16833K(17792K)
[132.170s][info][gc             ] GC(1306) Pause Young (Allocation Failure) 1708M->1166M(1979M) 5.600ms
[132.170s][info][gc,cpu         ] GC(1306) User=0.00s Sys=0.00s Real=0.00s
[132.256s][info][gc,start       ] GC(1307) Pause Young (Allocation Failure)
[132.261s][info][gc,heap        ] GC(1307) DefNew: 597519K(629120K)->25514K(629120K) Eden: 559232K(559232K)->0K(559232K) From: 38287K(69888K)->25514K(69888K)
[132.261s][info][gc,heap        ] GC(1307) Tenured: 1156494K(1398144K)->1160590K(1398144K)
[132.261s][info][gc,metaspace   ] GC(1307) Metaspace: 131336K(133056K)->131336K(133056K) NonClass: 114503K(115264K)->114503K(115264K) Class: 16833K(17792K)->16833K(17792K)
[132.261s][info][gc             ] GC(1307) Pause Young (Allocation Failure) 1712M->1158M(1979M) 4.561ms
[132.261s][info][gc,cpu         ] GC(1307) User=0.00s Sys=0.00s Real=0.00s
[132.348s][info][gc,start       ] GC(1308) Pause Young (Allocation Failure)
[132.353s][info][gc,heap        ] GC(1308) DefNew: 584746K(629120K)->31065K(629120K) Eden: 559232K(559232K)->0K(559232K) From: 25514K(69888K)->31065K(69888K)
[132.353s][info][gc,heap        ] GC(1308) Tenured: 1160590K(1398144K)->1160590K(1398144K)
[132.353s][info][gc,metaspace   ] GC(1308) Metaspace: 131336K(133056K)->131336K(133056K) NonClass: 114503K(115264K)->114503K(115264K) Class: 16833K(17792K)->16833K(17792K)
[132.353s][info][gc             ] GC(1308) Pause Young (Allocation Failure) 1704M->1163M(1979M) 5.074ms
[132.353s][info][gc,cpu         ] GC(1308) User=0.00s Sys=0.00s Real=0.01s
[132.439s][info][gc,start       ] GC(1309) Pause Young (Allocation Failure)
[132.444s][info][gc,heap        ] GC(1309) DefNew: 590297K(629120K)->30981K(629120K) Eden: 559232K(559232K)->0K(559232K) From: 31065K(69888K)->30981K(69888K)
[132.444s][info][gc,heap        ] GC(1309) Tenured: 1160590K(1398144K)->1160590K(1398144K)
[132.444s][info][gc,metaspace   ] GC(1309) Metaspace: 131336K(133056K)->131336K(133056K) NonClass: 114503K(115264K)->114503K(115264K) Class: 16833K(17792K)->16833K(17792K)
[132.444s][info][gc             ] GC(1309) Pause Young (Allocation Failure) 1709M->1163M(1979M) 4.823ms
[132.444s][info][gc,cpu         ] GC(1309) User=0.02s Sys=0.00s Real=0.02s
[132.530s][info][gc,start       ] GC(1310) Pause Young (Allocation Failure)
[132.534s][info][gc,heap        ] GC(1310) DefNew: 590213K(629120K)->27153K(629120K) Eden: 559232K(559232K)->0K(559232K) From: 30981K(69888K)->27153K(69888K)
[132.534s][info][gc,heap        ] GC(1310) Tenured: 1160590K(1398144K)->1160590K(1398144K)
[132.534s][info][gc,metaspace   ] GC(1310) Metaspace: 131336K(133056K)->131336K(133056K) NonClass: 114503K(115264K)->114503K(115264K) Class: 16833K(17792K)->16833K(17792K)
[132.534s][info][gc             ] GC(1310) Pause Young (Allocation Failure) 1709M->1159M(1979M) 4.446ms
[132.534s][info][gc,cpu         ] GC(1310) User=0.00s Sys=0.00s Real=0.00s
[132.620s][info][gc,start       ] GC(1311) Pause Young (Allocation Failure)
[132.625s][info][gc,heap        ] GC(1311) DefNew: 580683K(629120K)->31046K(629120K) Eden: 553530K(559232K)->0K(559232K) From: 27153K(69888K)->31046K(69888K)
[132.625s][info][gc,heap        ] GC(1311) Tenured: 1160590K(1398144K)->1160590K(1398144K)
[132.625s][info][gc,metaspace   ] GC(1311) Metaspace: 131336K(133056K)->131336K(133056K) NonClass: 114503K(115264K)->114503K(115264K) Class: 16833K(17792K)->16833K(17792K)
[132.625s][info][gc             ] GC(1311) Pause Young (Allocation Failure) 1700M->1163M(1979M) 5.034ms
[132.625s][info][gc,cpu         ] GC(1311) User=0.00s Sys=0.00s Real=0.00s
[132.713s][info][gc,start       ] GC(1312) Pause Young (Allocation Failure)
[132.717s][info][gc,heap        ] GC(1312) DefNew: 590278K(629120K)->24932K(629120K) Eden: 559232K(559232K)->0K(559232K) From: 31046K(69888K)->24932K(69888K)
[132.717s][info][gc,heap        ] GC(1312) Tenured: 1160590K(1398144K)->1160590K(1398144K)
[132.717s][info][gc,metaspace   ] GC(1312) Metaspace: 131336K(133056K)->131336K(133056K) NonClass: 114503K(115264K)->114503K(115264K) Class: 16833K(17792K)->16833K(17792K)
[132.717s][info][gc             ] GC(1312) Pause Young (Allocation Failure) 1709M->1157M(1979M) 4.247ms
[132.717s][info][gc,cpu         ] GC(1312) User=0.00s Sys=0.00s Real=0.00s
[132.803s][info][gc,start       ] GC(1313) Pause Young (Allocation Failure)
[132.808s][info][gc,heap        ] GC(1313) DefNew: 584164K(629120K)->29508K(629120K) Eden: 559232K(559232K)->0K(559232K) From: 24932K(69888K)->29508K(69888K)
[132.808s][info][gc,heap        ] GC(1313) Tenured: 1160590K(1398144K)->1160590K(1398144K)
[132.808s][info][gc,metaspace   ] GC(1313) Metaspace: 131336K(133056K)->131336K(133056K) NonClass: 114503K(115264K)->114503K(115264K) Class: 16833K(17792K)->16833K(17792K)
[132.808s][info][gc             ] GC(1313) Pause Young (Allocation Failure) 1703M->1162M(1979M) 4.819ms
[132.808s][info][gc,cpu         ] GC(1313) User=0.00s Sys=0.00s Real=0.02s
[132.894s][info][gc,start       ] GC(1314) Pause Young (Allocation Failure)
[132.900s][info][gc,heap        ] GC(1314) DefNew: 588740K(629120K)->29138K(629120K) Eden: 559231K(559232K)->0K(559232K) From: 29508K(69888K)->29138K(69888K)
[132.900s][info][gc,heap        ] GC(1314) Tenured: 1160590K(1398144K)->1168785K(1398144K)
[132.900s][info][gc,metaspace   ] GC(1314) Metaspace: 131336K(133056K)->131336K(133056K) NonClass: 114503K(115264K)->114503K(115264K) Class: 16833K(17792K)->16833K(17792K)
[132.900s][info][gc             ] GC(1314) Pause Young (Allocation Failure) 1708M->1169M(1979M) 5.415ms
[132.900s][info][gc,cpu         ] GC(1314) User=0.00s Sys=0.00s Real=0.02s
[132.986s][info][gc,start       ] GC(1315) Pause Young (Allocation Failure)
[132.990s][info][gc,heap        ] GC(1315) DefNew: 588370K(629120K)->9349K(629120K) Eden: 559232K(559232K)->0K(559232K) From: 29138K(69888K)->9349K(69888K)
[132.990s][info][gc,heap        ] GC(1315) Tenured: 1168785K(1398144K)->1177020K(1398144K)
[132.990s][info][gc,metaspace   ] GC(1315) Metaspace: 131336K(133056K)->131336K(133056K) NonClass: 114503K(115264K)->114503K(115264K) Class: 16833K(17792K)->16833K(17792K)
[132.990s][info][gc             ] GC(1315) Pause Young (Allocation Failure) 1715M->1158M(1979M) 3.881ms
[132.990s][info][gc,cpu         ] GC(1315) User=0.00s Sys=0.00s Real=0.00s
[133.076s][info][gc,start       ] GC(1316) Pause Young (Allocation Failure)
[133.080s][info][gc,heap        ] GC(1316) DefNew: 568581K(629120K)->14628K(629120K) Eden: 559232K(559232K)->0K(559232K) From: 9349K(69888K)->14628K(69888K)
[133.080s][info][gc,heap        ] GC(1316) Tenured: 1177020K(1398144K)->1177020K(1398144K)
[133.080s][info][gc,metaspace   ] GC(1316) Metaspace: 131336K(133056K)->131336K(133056K) NonClass: 114503K(115264K)->114503K(115264K) Class: 16833K(17792K)->16833K(17792K)
[133.080s][info][gc             ] GC(1316) Pause Young (Allocation Failure) 1704M->1163M(1979M) 3.318ms
[133.080s][info][gc,cpu         ] GC(1316) User=0.00s Sys=0.00s Real=0.00s
[133.169s][info][gc,start       ] GC(1317) Pause Young (Allocation Failure)
[133.172s][info][gc,heap        ] GC(1317) DefNew: 573860K(629120K)->14539K(629120K) Eden: 559232K(559232K)->0K(559232K) From: 14628K(69888K)->14539K(69888K)
[133.172s][info][gc,heap        ] GC(1317) Tenured: 1177020K(1398144K)->1177020K(1398144K)
[133.172s][info][gc,metaspace   ] GC(1317) Metaspace: 131336K(133056K)->131336K(133056K) NonClass: 114503K(115264K)->114503K(115264K) Class: 16833K(17792K)->16833K(17792K)
[133.172s][info][gc             ] GC(1317) Pause Young (Allocation Failure) 1709M->1163M(1979M) 3.322ms
[133.172s][info][gc,cpu         ] GC(1317) User=0.00s Sys=0.00s Real=0.00s
[133.280s][info][gc,start       ] GC(1318) Pause Young (Allocation Failure)
[133.284s][info][gc,heap        ] GC(1318) DefNew: 573771K(629120K)->11062K(629120K) Eden: 559232K(559232K)->0K(559232K) From: 14539K(69888K)->11062K(69888K)
[133.284s][info][gc,heap        ] GC(1318) Tenured: 1177020K(1398144K)->1177020K(1398144K)
[133.284s][info][gc,metaspace   ] GC(1318) Metaspace: 131336K(133056K)->131336K(133056K) NonClass: 114503K(115264K)->114503K(115264K) Class: 16833K(17792K)->16833K(17792K)
[133.284s][info][gc             ] GC(1318) Pause Young (Allocation Failure) 1709M->1160M(1979M) 3.292ms
[133.284s][info][gc,cpu         ] GC(1318) User=0.00s Sys=0.00s Real=0.00s
[133.442s][info][gc,start       ] GC(1319) Pause Full (System.gc())
[133.442s][info][gc,phases,start] GC(1319) Phase 1: Mark live objects
[133.498s][info][gc,phases      ] GC(1319) Phase 1: Mark live objects 55.733ms
[133.498s][info][gc,phases,start] GC(1319) Phase 2: Compute new object addresses
[133.547s][info][gc,phases      ] GC(1319) Phase 2: Compute new object addresses 48.389ms
[133.547s][info][gc,phases,start] GC(1319) Phase 3: Adjust pointers
[133.578s][info][gc,phases      ] GC(1319) Phase 3: Adjust pointers 31.162ms
[133.578s][info][gc,phases,start] GC(1319) Phase 4: Move objects
[133.578s][info][gc,phases      ] GC(1319) Phase 4: Move objects 0.041ms
[133.579s][info][gc,heap        ] GC(1319) DefNew: 290431K(629120K)->0K(629120K) Eden: 279369K(559232K)->0K(559232K) From: 11062K(69888K)->0K(69888K)
[133.579s][info][gc,heap        ] GC(1319) Tenured: 1177020K(1398144K)->1017058K(1398144K)
[133.579s][info][gc,metaspace   ] GC(1319) Metaspace: 131347K(133056K)->131347K(133056K) NonClass: 114513K(115264K)->114513K(115264K) Class: 16833K(17792K)->16833K(17792K)
[133.579s][info][gc             ] GC(1319) Pause Full (System.gc()) 1433M->993M(1979M) 136.265ms
[133.579s][info][gc,cpu         ] GC(1319) User=0.09s Sys=0.00s Real=0.14s
[133.709s][info][gc,start       ] GC(1320) Pause Young (Allocation Failure)
[133.714s][info][gc,heap        ] GC(1320) DefNew: 559232K(629120K)->4932K(629120K) Eden: 559232K(559232K)->0K(559232K) From: 0K(69888K)->4932K(69888K)
[133.714s][info][gc,heap        ] GC(1320) Tenured: 1017058K(1398144K)->1017058K(1398144K)
[133.714s][info][gc,metaspace   ] GC(1320) Metaspace: 131410K(133120K)->131410K(133120K) NonClass: 114576K(115328K)->114576K(115328K) Class: 16833K(17792K)->16833K(17792K)
[133.714s][info][gc             ] GC(1320) Pause Young (Allocation Failure) 1539M->998M(1979M) 4.610ms
[133.714s][info][gc,cpu         ] GC(1320) User=0.00s Sys=0.00s Real=0.01s
[133.771s][info][gc,start       ] GC(1321) Pause Young (Allocation Failure)
[133.775s][info][gc,heap        ] GC(1321) DefNew: 564164K(629120K)->7464K(629120K) Eden: 559232K(559232K)->0K(559232K) From: 4932K(69888K)->7464K(69888K)
[133.775s][info][gc,heap        ] GC(1321) Tenured: 1017058K(1398144K)->1017058K(1398144K)
[133.775s][info][gc,metaspace   ] GC(1321) Metaspace: 131410K(133120K)->131410K(133120K) NonClass: 114576K(115328K)->114576K(115328K) Class: 16833K(17792K)->16833K(17792K)
[133.775s][info][gc             ] GC(1321) Pause Young (Allocation Failure) 1544M->1000M(1979M) 4.000ms
[133.775s][info][gc,cpu         ] GC(1321) User=0.00s Sys=0.00s Real=0.00s
[133.830s][info][gc,start       ] GC(1322) Pause Young (Allocation Failure)
[133.835s][info][gc,heap        ] GC(1322) DefNew: 566696K(629120K)->15264K(629120K) Eden: 559232K(559232K)->0K(559232K) From: 7464K(69888K)->15264K(69888K)
[133.835s][info][gc,heap        ] GC(1322) Tenured: 1017058K(1398144K)->1017058K(1398144K)
[133.835s][info][gc,metaspace   ] GC(1322) Metaspace: 131410K(133120K)->131410K(133120K) NonClass: 114576K(115328K)->114576K(115328K) Class: 16833K(17792K)->16833K(17792K)
[133.835s][info][gc             ] GC(1322) Pause Young (Allocation Failure) 1546M->1008M(1979M) 4.763ms
[133.835s][info][gc,cpu         ] GC(1322) User=0.00s Sys=0.00s Real=0.00s
[133.891s][info][gc,start       ] GC(1323) Pause Young (Allocation Failure)
[133.895s][info][gc,heap        ] GC(1323) DefNew: 574496K(629120K)->11550K(629120K) Eden: 559232K(559232K)->0K(559232K) From: 15264K(69888K)->11550K(69888K)
[133.895s][info][gc,heap        ] GC(1323) Tenured: 1017058K(1398144K)->1017058K(1398144K)
[133.895s][info][gc,metaspace   ] GC(1323) Metaspace: 131410K(133120K)->131410K(133120K) NonClass: 114576K(115328K)->114576K(115328K) Class: 16833K(17792K)->16833K(17792K)
[133.895s][info][gc             ] GC(1323) Pause Young (Allocation Failure) 1554M->1004M(1979M) 4.393ms
[133.895s][info][gc,cpu         ] GC(1323) User=0.00s Sys=0.00s Real=0.00s
[133.953s][info][gc,start       ] GC(1324) Pause Young (Allocation Failure)
[133.958s][info][gc,heap        ] GC(1324) DefNew: 570782K(629120K)->17301K(629120K) Eden: 559232K(559232K)->0K(559232K) From: 11550K(69888K)->17301K(69888K)
[133.958s][info][gc,heap        ] GC(1324) Tenured: 1017058K(1398144K)->1017058K(1398144K)
[133.958s][info][gc,metaspace   ] GC(1324) Metaspace: 131412K(133120K)->131412K(133120K) NonClass: 114578K(115328K)->114578K(115328K) Class: 16833K(17792K)->16833K(17792K)
[133.958s][info][gc             ] GC(1324) Pause Young (Allocation Failure) 1550M->1010M(1979M) 5.209ms
[133.958s][info][gc,cpu         ] GC(1324) User=0.00s Sys=0.00s Real=0.00s
[134.014s][info][gc,start       ] GC(1325) Pause Young (Allocation Failure)
[134.019s][info][gc,heap        ] GC(1325) DefNew: 576533K(629120K)->19050K(629120K) Eden: 559232K(559232K)->0K(559232K) From: 17301K(69888K)->19050K(69888K)
[134.019s][info][gc,heap        ] GC(1325) Tenured: 1017058K(1398144K)->1017058K(1398144K)
[134.019s][info][gc,metaspace   ] GC(1325) Metaspace: 131412K(133120K)->131412K(133120K) NonClass: 114578K(115328K)->114578K(115328K) Class: 16833K(17792K)->16833K(17792K)
[134.019s][info][gc             ] GC(1325) Pause Young (Allocation Failure) 1556M->1011M(1979M) 5.143ms
[134.019s][info][gc,cpu         ] GC(1325) User=0.00s Sys=0.00s Real=0.00s
[134.075s][info][gc,start       ] GC(1326) Pause Young (Allocation Failure)
[134.081s][info][gc,heap        ] GC(1326) DefNew: 578282K(629120K)->25508K(629120K) Eden: 559232K(559232K)->0K(559232K) From: 19050K(69888K)->25508K(69888K)
[134.081s][info][gc,heap        ] GC(1326) Tenured: 1017058K(1398144K)->1017058K(1398144K)
[134.081s][info][gc,metaspace   ] GC(1326) Metaspace: 131412K(133120K)->131412K(133120K) NonClass: 114578K(115328K)->114578K(115328K) Class: 16833K(17792K)->16833K(17792K)
[134.081s][info][gc             ] GC(1326) Pause Young (Allocation Failure) 1557M->1018M(1979M) 5.878ms
[134.081s][info][gc,cpu         ] GC(1326) User=0.00s Sys=0.00s Real=0.00s
[134.138s][info][gc,start       ] GC(1327) Pause Young (Allocation Failure)
[134.144s][info][gc,heap        ] GC(1327) DefNew: 584740K(629120K)->27289K(629120K) Eden: 559232K(559232K)->0K(559232K) From: 25508K(69888K)->27289K(69888K)
[134.144s][info][gc,heap        ] GC(1327) Tenured: 1017058K(1398144K)->1017058K(1398144K)
[134.144s][info][gc,metaspace   ] GC(1327) Metaspace: 131412K(133120K)->131412K(133120K) NonClass: 114578K(115328K)->114578K(115328K) Class: 16833K(17792K)->16833K(17792K)
[134.144s][info][gc             ] GC(1327) Pause Young (Allocation Failure) 1564M->1019M(1979M) 5.934ms
[134.144s][info][gc,cpu         ] GC(1327) User=0.02s Sys=0.00s Real=0.00s
[134.201s][info][gc,start       ] GC(1328) Pause Young (Allocation Failure)
[134.208s][info][gc,heap        ] GC(1328) DefNew: 586521K(629120K)->33108K(629120K) Eden: 559232K(559232K)->0K(559232K) From: 27289K(69888K)->33108K(69888K)
[134.208s][info][gc,heap        ] GC(1328) Tenured: 1017058K(1398144K)->1017058K(1398144K)
[134.208s][info][gc,metaspace   ] GC(1328) Metaspace: 131412K(133120K)->131412K(133120K) NonClass: 114578K(115328K)->114578K(115328K) Class: 16833K(17792K)->16833K(17792K)
[134.208s][info][gc             ] GC(1328) Pause Young (Allocation Failure) 1565M->1025M(1979M) 6.555ms
[134.208s][info][gc,cpu         ] GC(1328) User=0.00s Sys=0.00s Real=0.00s
[134.263s][info][gc,start       ] GC(1329) Pause Young (Allocation Failure)
[134.270s][info][gc,heap        ] GC(1329) DefNew: 592340K(629120K)->35454K(629120K) Eden: 559232K(559232K)->0K(559232K) From: 33108K(69888K)->35454K(69888K)
[134.270s][info][gc,heap        ] GC(1329) Tenured: 1017058K(1398144K)->1017058K(1398144K)
[134.270s][info][gc,metaspace   ] GC(1329) Metaspace: 131412K(133120K)->131412K(133120K) NonClass: 114578K(115328K)->114578K(115328K) Class: 16833K(17792K)->16833K(17792K)
[134.270s][info][gc             ] GC(1329) Pause Young (Allocation Failure) 1571M->1027M(1979M) 6.676ms
[134.270s][info][gc,cpu         ] GC(1329) User=0.02s Sys=0.00s Real=0.00s
[134.326s][info][gc,start       ] GC(1330) Pause Young (Allocation Failure)
[134.336s][info][gc,heap        ] GC(1330) DefNew: 594686K(629120K)->39928K(629120K) Eden: 559232K(559232K)->0K(559232K) From: 35454K(69888K)->39928K(69888K)
[134.336s][info][gc,heap        ] GC(1330) Tenured: 1017058K(1398144K)->1018640K(1398144K)
[134.336s][info][gc,metaspace   ] GC(1330) Metaspace: 131412K(133120K)->131412K(133120K) NonClass: 114578K(115328K)->114578K(115328K) Class: 16833K(17792K)->16833K(17792K)
[134.336s][info][gc             ] GC(1330) Pause Young (Allocation Failure) 1573M->1033M(1979M) 9.997ms
[134.336s][info][gc,cpu         ] GC(1330) User=0.00s Sys=0.00s Real=0.00s
[134.392s][info][gc,start       ] GC(1331) Pause Young (Allocation Failure)
[134.398s][info][gc,heap        ] GC(1331) DefNew: 599160K(629120K)->35433K(629120K) Eden: 559232K(559232K)->0K(559232K) From: 39928K(69888K)->35433K(69888K)
[134.398s][info][gc,heap        ] GC(1331) Tenured: 1018640K(1398144K)->1026833K(1398144K)
[134.398s][info][gc,metaspace   ] GC(1331) Metaspace: 131412K(133120K)->131412K(133120K) NonClass: 114578K(115328K)->114578K(115328K) Class: 16833K(17792K)->16833K(17792K)
[134.398s][info][gc             ] GC(1331) Pause Young (Allocation Failure) 1579M->1037M(1979M) 6.307ms
[134.398s][info][gc,cpu         ] GC(1331) User=0.02s Sys=0.00s Real=0.00s
[134.463s][info][gc,start       ] GC(1332) Pause Young (Allocation Failure)
[134.470s][info][gc,heap        ] GC(1332) DefNew: 594665K(629120K)->37770K(629120K) Eden: 559232K(559232K)->0K(559232K) From: 35433K(69888K)->37770K(69888K)
[134.470s][info][gc,heap        ] GC(1332) Tenured: 1026833K(1398144K)->1031238K(1398144K)
[134.470s][info][gc,metaspace   ] GC(1332) Metaspace: 131412K(133120K)->131412K(133120K) NonClass: 114578K(115328K)->114578K(115328K) Class: 16833K(17792K)->16833K(17792K)
[134.470s][info][gc             ] GC(1332) Pause Young (Allocation Failure) 1583M->1043M(1979M) 6.769ms
[134.470s][info][gc,cpu         ] GC(1332) User=0.00s Sys=0.00s Real=0.00s
[134.524s][info][gc,start       ] GC(1333) Pause Young (Allocation Failure)
[134.530s][info][gc,heap        ] GC(1333) DefNew: 597002K(629120K)->35119K(629120K) Eden: 559232K(559232K)->0K(559232K) From: 37770K(69888K)->35119K(69888K)
[134.530s][info][gc,heap        ] GC(1333) Tenured: 1031238K(1398144K)->1035337K(1398144K)
[134.530s][info][gc,metaspace   ] GC(1333) Metaspace: 131412K(133120K)->131412K(133120K) NonClass: 114578K(115328K)->114578K(115328K) Class: 16833K(17792K)->16833K(17792K)
[134.530s][info][gc             ] GC(1333) Pause Young (Allocation Failure) 1590M->1045M(1979M) 5.719ms
[134.530s][info][gc,cpu         ] GC(1333) User=0.02s Sys=0.00s Real=0.01s
[134.588s][info][gc,start       ] GC(1334) Pause Young (Allocation Failure)
[134.593s][info][gc,heap        ] GC(1334) DefNew: 594351K(629120K)->33964K(629120K) Eden: 559232K(559232K)->0K(559232K) From: 35119K(69888K)->33964K(69888K)
[134.593s][info][gc,heap        ] GC(1334) Tenured: 1035337K(1398144K)->1039434K(1398144K)
[134.593s][info][gc,metaspace   ] GC(1334) Metaspace: 131412K(133120K)->131412K(133120K) NonClass: 114578K(115328K)->114578K(115328K) Class: 16833K(17792K)->16833K(17792K)
[134.593s][info][gc             ] GC(1334) Pause Young (Allocation Failure) 1591M->1048M(1979M) 5.561ms
[134.593s][info][gc,cpu         ] GC(1334) User=0.02s Sys=0.00s Real=0.02s
[134.648s][info][gc,start       ] GC(1335) Pause Young (Allocation Failure)
[134.655s][info][gc,heap        ] GC(1335) DefNew: 593196K(629120K)->45519K(629120K) Eden: 559232K(559232K)->0K(559232K) From: 33964K(69888K)->45519K(69888K)
[134.655s][info][gc,heap        ] GC(1335) Tenured: 1039434K(1398144K)->1039434K(1398144K)
[134.655s][info][gc,metaspace   ] GC(1335) Metaspace: 131412K(133120K)->131412K(133120K) NonClass: 114578K(115328K)->114578K(115328K) Class: 16833K(17792K)->16833K(17792K)
[134.655s][info][gc             ] GC(1335) Pause Young (Allocation Failure) 1594M->1059M(1979M) 6.408ms
[134.655s][info][gc,cpu         ] GC(1335) User=0.00s Sys=0.00s Real=0.02s
[134.713s][info][gc,start       ] GC(1336) Pause Young (Allocation Failure)
[134.720s][info][gc,heap        ] GC(1336) DefNew: 604751K(629120K)->33822K(629120K) Eden: 559232K(559232K)->0K(559232K) From: 45519K(69888K)->33822K(69888K)
[134.720s][info][gc,heap        ] GC(1336) Tenured: 1039434K(1398144K)->1051725K(1398144K)
[134.720s][info][gc,metaspace   ] GC(1336) Metaspace: 131412K(133120K)->131412K(133120K) NonClass: 114578K(115328K)->114578K(115328K) Class: 16833K(17792K)->16833K(17792K)
[134.720s][info][gc             ] GC(1336) Pause Young (Allocation Failure) 1605M->1060M(1979M) 6.655ms
[134.720s][info][gc,cpu         ] GC(1336) User=0.00s Sys=0.00s Real=0.00s
[134.807s][info][gc,start       ] GC(1337) Pause Young (Allocation Failure)
[134.814s][info][gc,heap        ] GC(1337) DefNew: 593054K(629120K)->51892K(629120K) Eden: 559232K(559232K)->0K(559232K) From: 33822K(69888K)->51892K(69888K)
[134.814s][info][gc,heap        ] GC(1337) Tenured: 1051725K(1398144K)->1051725K(1398144K)
[134.814s][info][gc,metaspace   ] GC(1337) Metaspace: 131412K(133120K)->131412K(133120K) NonClass: 114578K(115328K)->114578K(115328K) Class: 16833K(17792K)->16833K(17792K)
[134.814s][info][gc             ] GC(1337) Pause Young (Allocation Failure) 1606M->1077M(1979M) 7.386ms
[134.814s][info][gc,cpu         ] GC(1337) User=0.00s Sys=0.00s Real=0.02s
[134.903s][info][gc,start       ] GC(1338) Pause Young (Allocation Failure)
[134.910s][info][gc,heap        ] GC(1338) DefNew: 611124K(629120K)->39687K(629120K) Eden: 559232K(559232K)->0K(559232K) From: 51892K(69888K)->39687K(69888K)
[134.910s][info][gc,heap        ] GC(1338) Tenured: 1051725K(1398144K)->1072213K(1398144K)
[134.910s][info][gc,metaspace   ] GC(1338) Metaspace: 131412K(133120K)->131412K(133120K) NonClass: 114578K(115328K)->114578K(115328K) Class: 16833K(17792K)->16833K(17792K)
[134.910s][info][gc             ] GC(1338) Pause Young (Allocation Failure) 1623M->1085M(1979M) 7.795ms
[134.911s][info][gc,cpu         ] GC(1338) User=0.00s Sys=0.00s Real=0.00s
[134.999s][info][gc,start       ] GC(1339) Pause Young (Allocation Failure)
[135.006s][info][gc,heap        ] GC(1339) DefNew: 598919K(629120K)->43752K(629120K) Eden: 559232K(559232K)->0K(559232K) From: 39687K(69888K)->43752K(69888K)
[135.006s][info][gc,heap        ] GC(1339) Tenured: 1072213K(1398144K)->1080634K(1398144K)
[135.006s][info][gc,metaspace   ] GC(1339) Metaspace: 131412K(133120K)->131412K(133120K) NonClass: 114578K(115328K)->114578K(115328K) Class: 16833K(17792K)->16833K(17792K)
[135.006s][info][gc             ] GC(1339) Pause Young (Allocation Failure) 1631M->1098M(1979M) 6.978ms
[135.006s][info][gc,cpu         ] GC(1339) User=0.00s Sys=0.00s Real=0.00s
[135.094s][info][gc,start       ] GC(1340) Pause Young (Allocation Failure)
[135.102s][info][gc,heap        ] GC(1340) DefNew: 602984K(629120K)->49562K(629120K) Eden: 559232K(559232K)->0K(559232K) From: 43752K(69888K)->49562K(69888K)
[135.102s][info][gc,heap        ] GC(1340) Tenured: 1080634K(1398144K)->1093172K(1398144K)
[135.102s][info][gc,metaspace   ] GC(1340) Metaspace: 131412K(133120K)->131412K(133120K) NonClass: 114578K(115328K)->114578K(115328K) Class: 16833K(17792K)->16833K(17792K)
[135.102s][info][gc             ] GC(1340) Pause Young (Allocation Failure) 1644M->1115M(1979M) 7.839ms
[135.102s][info][gc,cpu         ] GC(1340) User=0.00s Sys=0.00s Real=0.00s
[135.194s][info][gc,start       ] GC(1341) Pause Young (Allocation Failure)
[135.201s][info][gc,heap        ] GC(1341) DefNew: 608794K(629120K)->31030K(629120K) Eden: 559232K(559232K)->0K(559232K) From: 49562K(69888K)->31030K(69888K)
[135.201s][info][gc,heap        ] GC(1341) Tenured: 1093172K(1398144K)->1121853K(1398144K)
[135.201s][info][gc,metaspace   ] GC(1341) Metaspace: 131412K(133120K)->131412K(133120K) NonClass: 114578K(115328K)->114578K(115328K) Class: 16833K(17792K)->16833K(17792K)
[135.201s][info][gc             ] GC(1341) Pause Young (Allocation Failure) 1662M->1125M(1979M) 7.487ms
[135.201s][info][gc,cpu         ] GC(1341) User=0.02s Sys=0.00s Real=0.01s
[135.291s][info][gc,start       ] GC(1342) Pause Young (Allocation Failure)
[135.297s][info][gc,heap        ] GC(1342) DefNew: 590262K(629120K)->41927K(629120K) Eden: 559232K(559232K)->0K(559232K) From: 31030K(69888K)->41927K(69888K)
[135.297s][info][gc,heap        ] GC(1342) Tenured: 1121853K(1398144K)->1121853K(1398144K)
[135.297s][info][gc,metaspace   ] GC(1342) Metaspace: 131412K(133120K)->131412K(133120K) NonClass: 114578K(115328K)->114578K(115328K) Class: 16833K(17792K)->16833K(17792K)
[135.297s][info][gc             ] GC(1342) Pause Young (Allocation Failure) 1671M->1136M(1979M) 5.839ms
[135.297s][info][gc,cpu         ] GC(1342) User=0.02s Sys=0.00s Real=0.02s
[135.388s][info][gc,start       ] GC(1343) Pause Young (Allocation Failure)
[135.395s][info][gc,heap        ] GC(1343) DefNew: 601159K(629120K)->44249K(629120K) Eden: 559232K(559232K)->0K(559232K) From: 41927K(69888K)->44249K(69888K)
[135.395s][info][gc,heap        ] GC(1343) Tenured: 1121853K(1398144K)->1130048K(1398144K)
[135.395s][info][gc,metaspace   ] GC(1343) Metaspace: 131414K(133120K)->131414K(133120K) NonClass: 114580K(115328K)->114580K(115328K) Class: 16833K(17792K)->16833K(17792K)
[135.395s][info][gc             ] GC(1343) Pause Young (Allocation Failure) 1682M->1146M(1979M) 7.036ms
[135.395s][info][gc,cpu         ] GC(1343) User=0.00s Sys=0.00s Real=0.02s
[135.478s][info][gc,start       ] GC(1344) Pause Young (Allocation Failure)
[135.484s][info][gc,heap        ] GC(1344) DefNew: 603481K(629120K)->34496K(629120K) Eden: 559232K(559232K)->0K(559232K) From: 44249K(69888K)->34496K(69888K)
[135.484s][info][gc,heap        ] GC(1344) Tenured: 1130048K(1398144K)->1146436K(1398144K)
[135.484s][info][gc,metaspace   ] GC(1344) Metaspace: 131414K(133120K)->131414K(133120K) NonClass: 114580K(115328K)->114580K(115328K) Class: 16833K(17792K)->16833K(17792K)
[135.484s][info][gc             ] GC(1344) Pause Young (Allocation Failure) 1692M->1153M(1979M) 6.589ms
[135.484s][info][gc,cpu         ] GC(1344) User=0.00s Sys=0.00s Real=0.01s
[135.571s][info][gc,start       ] GC(1345) Pause Young (Allocation Failure)
[135.577s][info][gc,heap        ] GC(1345) DefNew: 593728K(629120K)->47372K(629120K) Eden: 559232K(559232K)->0K(559232K) From: 34496K(69888K)->47372K(69888K)
[135.577s][info][gc,heap        ] GC(1345) Tenured: 1146436K(1398144K)->1146436K(1398144K)
[135.577s][info][gc,metaspace   ] GC(1345) Metaspace: 131414K(133120K)->131414K(133120K) NonClass: 114580K(115328K)->114580K(115328K) Class: 16833K(17792K)->16833K(17792K)
[135.577s][info][gc             ] GC(1345) Pause Young (Allocation Failure) 1699M->1165M(1979M) 6.194ms
[135.577s][info][gc,cpu         ] GC(1345) User=0.00s Sys=0.00s Real=0.00s
[135.665s][info][gc,start       ] GC(1346) Pause Young (Allocation Failure)
[135.672s][info][gc,heap        ] GC(1346) DefNew: 606604K(629120K)->37694K(629120K) Eden: 559232K(559232K)->0K(559232K) From: 47372K(69888K)->37694K(69888K)
[135.672s][info][gc,heap        ] GC(1346) Tenured: 1146436K(1398144K)->1162828K(1398144K)
[135.672s][info][gc,metaspace   ] GC(1346) Metaspace: 131414K(133120K)->131414K(133120K) NonClass: 114580K(115328K)->114580K(115328K) Class: 16833K(17792K)->16833K(17792K)
[135.672s][info][gc             ] GC(1346) Pause Young (Allocation Failure) 1711M->1172M(1979M) 6.999ms
[135.672s][info][gc,cpu         ] GC(1346) User=0.00s Sys=0.00s Real=0.00s
[135.761s][info][gc,start       ] GC(1347) Pause Young (Allocation Failure)
[135.768s][info][gc,heap        ] GC(1347) DefNew: 596926K(629120K)->39617K(629120K) Eden: 559232K(559232K)->0K(559232K) From: 37694K(69888K)->39617K(69888K)
[135.768s][info][gc,heap        ] GC(1347) Tenured: 1162828K(1398144K)->1171068K(1398144K)
[135.768s][info][gc,metaspace   ] GC(1347) Metaspace: 131414K(133120K)->131414K(133120K) NonClass: 114580K(115328K)->114580K(115328K) Class: 16833K(17792K)->16833K(17792K)
[135.768s][info][gc             ] GC(1347) Pause Young (Allocation Failure) 1718M->1182M(1979M) 6.719ms
[135.768s][info][gc,cpu         ] GC(1347) User=0.02s Sys=0.00s Real=0.02s
[135.854s][info][gc,start       ] GC(1348) Pause Young (Allocation Failure)
[135.859s][info][gc,heap        ] GC(1348) DefNew: 598849K(629120K)->32367K(629120K) Eden: 559232K(559232K)->0K(559232K) From: 39617K(69888K)->32367K(69888K)
[135.859s][info][gc,heap        ] GC(1348) Tenured: 1171068K(1398144K)->1179264K(1398144K)
[135.859s][info][gc,metaspace   ] GC(1348) Metaspace: 131414K(133120K)->131414K(133120K) NonClass: 114580K(115328K)->114580K(115328K) Class: 16833K(17792K)->16833K(17792K)
[135.859s][info][gc             ] GC(1348) Pause Young (Allocation Failure) 1728M->1183M(1979M) 5.671ms
[135.859s][info][gc,cpu         ] GC(1348) User=0.00s Sys=0.00s Real=0.00s
[135.947s][info][gc,start       ] GC(1349) Pause Young (Allocation Failure)
[135.953s][info][gc,heap        ] GC(1349) DefNew: 591599K(629120K)->41756K(629120K) Eden: 559232K(559232K)->0K(559232K) From: 32367K(69888K)->41756K(69888K)
[135.953s][info][gc,heap        ] GC(1349) Tenured: 1179264K(1398144K)->1179264K(1398144K)
[135.953s][info][gc,metaspace   ] GC(1349) Metaspace: 131414K(133120K)->131414K(133120K) NonClass: 114580K(115328K)->114580K(115328K) Class: 16833K(17792K)->16833K(17792K)
[135.953s][info][gc             ] GC(1349) Pause Young (Allocation Failure) 1729M->1192M(1979M) 5.660ms
[135.953s][info][gc,cpu         ] GC(1349) User=0.00s Sys=0.00s Real=0.00s
[136.041s][info][gc,start       ] GC(1350) Pause Young (Allocation Failure)
[136.048s][info][gc,heap        ] GC(1350) DefNew: 600988K(629120K)->43232K(629120K) Eden: 559232K(559232K)->0K(559232K) From: 41756K(69888K)->43232K(69888K)
[136.048s][info][gc,heap        ] GC(1350) Tenured: 1179264K(1398144K)->1191556K(1398144K)
[136.048s][info][gc,metaspace   ] GC(1350) Metaspace: 131414K(133120K)->131414K(133120K) NonClass: 114580K(115328K)->114580K(115328K) Class: 16833K(17792K)->16833K(17792K)
[136.048s][info][gc             ] GC(1350) Pause Young (Allocation Failure) 1738M->1205M(1979M) 7.033ms
[136.048s][info][gc,cpu         ] GC(1350) User=0.00s Sys=0.00s Real=0.00s
[136.138s][info][gc,start       ] GC(1351) Pause Young (Allocation Failure)
[136.144s][info][gc,heap        ] GC(1351) DefNew: 602464K(629120K)->26294K(629120K) Eden: 559232K(559232K)->0K(559232K) From: 43232K(69888K)->26294K(69888K)
[136.144s][info][gc,heap        ] GC(1351) Tenured: 1191556K(1398144K)->1203847K(1398144K)
[136.144s][info][gc,metaspace   ] GC(1351) Metaspace: 131414K(133120K)->131414K(133120K) NonClass: 114580K(115328K)->114580K(115328K) Class: 16833K(17792K)->16833K(17792K)
[136.144s][info][gc             ] GC(1351) Pause Young (Allocation Failure) 1751M->1201M(1979M) 5.663ms
[136.144s][info][gc,cpu         ] GC(1351) User=0.00s Sys=0.00s Real=0.00s
[136.228s][info][gc,start       ] GC(1352) Pause Young (Allocation Failure)
[136.232s][info][gc,heap        ] GC(1352) DefNew: 585526K(629120K)->27844K(629120K) Eden: 559232K(559232K)->0K(559232K) From: 26294K(69888K)->27844K(69888K)
[136.232s][info][gc,heap        ] GC(1352) Tenured: 1203847K(1398144K)->1203847K(1398144K)
[136.232s][info][gc,metaspace   ] GC(1352) Metaspace: 131414K(133120K)->131414K(133120K) NonClass: 114580K(115328K)->114580K(115328K) Class: 16833K(17792K)->16833K(17792K)
[136.233s][info][gc             ] GC(1352) Pause Young (Allocation Failure) 1747M->1202M(1979M) 4.427ms
[136.233s][info][gc,cpu         ] GC(1352) User=0.00s Sys=0.00s Real=0.00s
[136.315s][info][gc,start       ] GC(1353) Pause Young (Allocation Failure)
[136.319s][info][gc,heap        ] GC(1353) DefNew: 587076K(629120K)->24644K(629120K) Eden: 559232K(559232K)->0K(559232K) From: 27844K(69888K)->24644K(69888K)
[136.319s][info][gc,heap        ] GC(1353) Tenured: 1203847K(1398144K)->1203847K(1398144K)
[136.319s][info][gc,metaspace   ] GC(1353) Metaspace: 131414K(133120K)->131414K(133120K) NonClass: 114580K(115328K)->114580K(115328K) Class: 16833K(17792K)->16833K(17792K)
[136.319s][info][gc             ] GC(1353) Pause Young (Allocation Failure) 1748M->1199M(1979M) 4.270ms
[136.319s][info][gc,cpu         ] GC(1353) User=0.00s Sys=0.00s Real=0.02s
[136.401s][info][gc,start       ] GC(1354) Pause Young (Allocation Failure)
[136.405s][info][gc,heap        ] GC(1354) DefNew: 583876K(629120K)->26300K(629120K) Eden: 559232K(559232K)->0K(559232K) From: 24644K(69888K)->26300K(69888K)
[136.405s][info][gc,heap        ] GC(1354) Tenured: 1203847K(1398144K)->1203847K(1398144K)
[136.406s][info][gc,metaspace   ] GC(1354) Metaspace: 131414K(133120K)->131414K(133120K) NonClass: 114580K(115328K)->114580K(115328K) Class: 16833K(17792K)->16833K(17792K)
[136.406s][info][gc             ] GC(1354) Pause Young (Allocation Failure) 1745M->1201M(1979M) 4.267ms
[136.406s][info][gc,cpu         ] GC(1354) User=0.00s Sys=0.00s Real=0.00s
[136.492s][info][gc,start       ] GC(1355) Pause Young (Allocation Failure)
[136.497s][info][gc,heap        ] GC(1355) DefNew: 585532K(629120K)->33605K(629120K) Eden: 559232K(559232K)->0K(559232K) From: 26300K(69888K)->33605K(69888K)
[136.497s][info][gc,heap        ] GC(1355) Tenured: 1203847K(1398144K)->1203847K(1398144K)
[136.497s][info][gc,metaspace   ] GC(1355) Metaspace: 131414K(133120K)->131414K(133120K) NonClass: 114580K(115328K)->114580K(115328K) Class: 16833K(17792K)->16833K(17792K)
[136.497s][info][gc             ] GC(1355) Pause Young (Allocation Failure) 1747M->1208M(1979M) 5.015ms
[136.497s][info][gc,cpu         ] GC(1355) User=0.00s Sys=0.00s Real=0.00s
[136.585s][info][gc,start       ] GC(1356) Pause Young (Allocation Failure)
[136.590s][info][gc,heap        ] GC(1356) DefNew: 592837K(629120K)->35071K(629120K) Eden: 559232K(559232K)->0K(559232K) From: 33605K(69888K)->35071K(69888K)
[136.590s][info][gc,heap        ] GC(1356) Tenured: 1203847K(1398144K)->1203847K(1398144K)
[136.590s][info][gc,metaspace   ] GC(1356) Metaspace: 131414K(133120K)->131414K(133120K) NonClass: 114580K(115328K)->114580K(115328K) Class: 16833K(17792K)->16833K(17792K)
[136.590s][info][gc             ] GC(1356) Pause Young (Allocation Failure) 1754M->1209M(1979M) 4.964ms
[136.590s][info][gc,cpu         ] GC(1356) User=0.00s Sys=0.00s Real=0.00s
[136.677s][info][gc,start       ] GC(1357) Pause Young (Allocation Failure)
[136.682s][info][gc,heap        ] GC(1357) DefNew: 594303K(629120K)->24241K(629120K) Eden: 559232K(559232K)->0K(559232K) From: 35071K(69888K)->24241K(69888K)
[136.682s][info][gc,heap        ] GC(1357) Tenured: 1203847K(1398144K)->1212040K(1398144K)
[136.682s][info][gc,metaspace   ] GC(1357) Metaspace: 131414K(133120K)->131414K(133120K) NonClass: 114580K(115328K)->114580K(115328K) Class: 16833K(17792K)->16833K(17792K)
[136.682s][info][gc             ] GC(1357) Pause Young (Allocation Failure) 1756M->1207M(1979M) 5.332ms
[136.682s][info][gc,cpu         ] GC(1357) User=0.02s Sys=0.00s Real=0.02s
[136.769s][info][gc,start       ] GC(1358) Pause Young (Allocation Failure)
[136.773s][info][gc,heap        ] GC(1358) DefNew: 583473K(629120K)->30091K(629120K) Eden: 559232K(559232K)->0K(559232K) From: 24241K(69888K)->30091K(69888K)
[136.774s][info][gc,heap        ] GC(1358) Tenured: 1212040K(1398144K)->1212040K(1398144K)
[136.774s][info][gc,metaspace   ] GC(1358) Metaspace: 131414K(133120K)->131414K(133120K) NonClass: 114580K(115328K)->114580K(115328K) Class: 16833K(17792K)->16833K(17792K)
[136.774s][info][gc             ] GC(1358) Pause Young (Allocation Failure) 1753M->1213M(1979M) 5.014ms
[136.774s][info][gc,cpu         ] GC(1358) User=0.02s Sys=0.00s Real=0.01s
[136.860s][info][gc,start       ] GC(1359) Pause Young (Allocation Failure)
[136.864s][info][gc,heap        ] GC(1359) DefNew: 589323K(629120K)->25525K(629120K) Eden: 559232K(559232K)->0K(559232K) From: 30091K(69888K)->25525K(69888K)
[136.864s][info][gc,heap        ] GC(1359) Tenured: 1212040K(1398144K)->1212040K(1398144K)
[136.864s][info][gc,metaspace   ] GC(1359) Metaspace: 131414K(133120K)->131414K(133120K) NonClass: 114580K(115328K)->114580K(115328K) Class: 16833K(17792K)->16833K(17792K)
[136.864s][info][gc             ] GC(1359) Pause Young (Allocation Failure) 1759M->1208M(1979M) 4.700ms
[136.865s][info][gc,cpu         ] GC(1359) User=0.00s Sys=0.00s Real=0.00s
[136.951s][info][gc,start       ] GC(1360) Pause Young (Allocation Failure)
[136.955s][info][gc,heap        ] GC(1360) DefNew: 584757K(629120K)->25411K(629120K) Eden: 559232K(559232K)->0K(559232K) From: 25525K(69888K)->25411K(69888K)
[136.955s][info][gc,heap        ] GC(1360) Tenured: 1212040K(1398144K)->1212040K(1398144K)
[136.955s][info][gc,metaspace   ] GC(1360) Metaspace: 131414K(133120K)->131414K(133120K) NonClass: 114580K(115328K)->114580K(115328K) Class: 16833K(17792K)->16833K(17792K)
[136.955s][info][gc             ] GC(1360) Pause Young (Allocation Failure) 1754M->1208M(1979M) 4.390ms
[136.955s][info][gc,cpu         ] GC(1360) User=0.00s Sys=0.00s Real=0.00s
[137.042s][info][gc,start       ] GC(1361) Pause Young (Allocation Failure)
[137.046s][info][gc,heap        ] GC(1361) DefNew: 584643K(629120K)->30002K(629120K) Eden: 559232K(559232K)->0K(559232K) From: 25411K(69888K)->30002K(69888K)
[137.046s][info][gc,heap        ] GC(1361) Tenured: 1212040K(1398144K)->1212040K(1398144K)
[137.046s][info][gc,metaspace   ] GC(1361) Metaspace: 131414K(133120K)->131414K(133120K) NonClass: 114580K(115328K)->114580K(115328K) Class: 16833K(17792K)->16833K(17792K)
[137.046s][info][gc             ] GC(1361) Pause Young (Allocation Failure) 1754M->1212M(1979M) 4.595ms
[137.046s][info][gc,cpu         ] GC(1361) User=0.00s Sys=0.00s Real=0.00s
[137.133s][info][gc,start       ] GC(1362) Pause Young (Allocation Failure)
[137.138s][info][gc,heap        ] GC(1362) DefNew: 589234K(629120K)->22493K(629120K) Eden: 559232K(559232K)->0K(559232K) From: 30002K(69888K)->22493K(69888K)
[137.138s][info][gc,heap        ] GC(1362) Tenured: 1212040K(1398144K)->1212040K(1398144K)
[137.138s][info][gc,metaspace   ] GC(1362) Metaspace: 131414K(133120K)->131414K(133120K) NonClass: 114580K(115328K)->114580K(115328K) Class: 16833K(17792K)->16833K(17792K)
[137.138s][info][gc             ] GC(1362) Pause Young (Allocation Failure) 1759M->1205M(1979M) 4.838ms
[137.138s][info][gc,cpu         ] GC(1362) User=0.02s Sys=0.00s Real=0.01s
[137.225s][info][gc,start       ] GC(1363) Pause Young (Allocation Failure)
[137.230s][info][gc,heap        ] GC(1363) DefNew: 581725K(629120K)->30103K(629120K) Eden: 559232K(559232K)->0K(559232K) From: 22493K(69888K)->30103K(69888K)
[137.230s][info][gc,heap        ] GC(1363) Tenured: 1212040K(1398144K)->1212040K(1398144K)
[137.230s][info][gc,metaspace   ] GC(1363) Metaspace: 131414K(133120K)->131414K(133120K) NonClass: 114580K(115328K)->114580K(115328K) Class: 16833K(17792K)->16833K(17792K)
[137.230s][info][gc             ] GC(1363) Pause Young (Allocation Failure) 1751M->1213M(1979M) 5.044ms
[137.230s][info][gc,cpu         ] GC(1363) User=0.00s Sys=0.00s Real=0.01s
[137.317s][info][gc,start       ] GC(1364) Pause Young (Allocation Failure)
[137.322s][info][gc,heap        ] GC(1364) DefNew: 589335K(629120K)->27363K(629120K) Eden: 559232K(559232K)->0K(559232K) From: 30103K(69888K)->27363K(69888K)
[137.322s][info][gc,heap        ] GC(1364) Tenured: 1212040K(1398144K)->1212040K(1398144K)
[137.322s][info][gc,metaspace   ] GC(1364) Metaspace: 131414K(133120K)->131414K(133120K) NonClass: 114580K(115328K)->114580K(115328K) Class: 16833K(17792K)->16833K(17792K)
[137.322s][info][gc             ] GC(1364) Pause Young (Allocation Failure) 1759M->1210M(1979M) 4.964ms
[137.322s][info][gc,cpu         ] GC(1364) User=0.00s Sys=0.00s Real=0.01s
[137.409s][info][gc,start       ] GC(1365) Pause Young (Allocation Failure)
[137.413s][info][gc,heap        ] GC(1365) DefNew: 586595K(629120K)->21312K(629120K) Eden: 559232K(559232K)->0K(559232K) From: 27363K(69888K)->21312K(69888K)
[137.414s][info][gc,heap        ] GC(1365) Tenured: 1212040K(1398144K)->1216142K(1398144K)
[137.414s][info][gc,metaspace   ] GC(1365) Metaspace: 131414K(133120K)->131414K(133120K) NonClass: 114580K(115328K)->114580K(115328K) Class: 16833K(17792K)->16833K(17792K)
[137.414s][info][gc             ] GC(1365) Pause Young (Allocation Failure) 1756M->1208M(1979M) 4.286ms
[137.414s][info][gc,cpu         ] GC(1365) User=0.00s Sys=0.00s Real=0.00s
[137.500s][info][gc,start       ] GC(1366) Pause Young (Allocation Failure)
[137.504s][info][gc,heap        ] GC(1366) DefNew: 580544K(629120K)->17705K(629120K) Eden: 559232K(559232K)->0K(559232K) From: 21312K(69888K)->17705K(69888K)
[137.504s][info][gc,heap        ] GC(1366) Tenured: 1216142K(1398144K)->1224377K(1398144K)
[137.504s][info][gc,metaspace   ] GC(1366) Metaspace: 131414K(133120K)->131414K(133120K) NonClass: 114580K(115328K)->114580K(115328K) Class: 16833K(17792K)->16833K(17792K)
[137.505s][info][gc             ] GC(1366) Pause Young (Allocation Failure) 1754M->1212M(1979M) 4.329ms
[137.505s][info][gc,cpu         ] GC(1366) User=0.00s Sys=0.00s Real=0.00s
[137.590s][info][gc,start       ] GC(1367) Pause Young (Allocation Failure)
[137.593s][info][gc,heap        ] GC(1367) DefNew: 576937K(629120K)->9855K(629120K) Eden: 559232K(559232K)->0K(559232K) From: 17705K(69888K)->9855K(69888K)
[137.593s][info][gc,heap        ] GC(1367) Tenured: 1224377K(1398144K)->1224377K(1398144K)
[137.593s][info][gc,metaspace   ] GC(1367) Metaspace: 131414K(133120K)->131414K(133120K) NonClass: 114580K(115328K)->114580K(115328K) Class: 16833K(17792K)->16833K(17792K)
[137.593s][info][gc             ] GC(1367) Pause Young (Allocation Failure) 1759M->1205M(1979M) 3.128ms
[137.593s][info][gc,cpu         ] GC(1367) User=0.00s Sys=0.00s Real=0.00s
[137.679s][info][gc,start       ] GC(1368) Pause Young (Allocation Failure)
[137.682s][info][gc,heap        ] GC(1368) DefNew: 569087K(629120K)->14623K(629120K) Eden: 559232K(559232K)->0K(559232K) From: 9855K(69888K)->14623K(69888K)
[137.683s][info][gc,heap        ] GC(1368) Tenured: 1224377K(1398144K)->1224377K(1398144K)
[137.683s][info][gc,metaspace   ] GC(1368) Metaspace: 131414K(133120K)->131414K(133120K) NonClass: 114580K(115328K)->114580K(115328K) Class: 16833K(17792K)->16833K(17792K)
[137.683s][info][gc             ] GC(1368) Pause Young (Allocation Failure) 1751M->1209M(1979M) 3.356ms
[137.683s][info][gc,cpu         ] GC(1368) User=0.00s Sys=0.00s Real=0.00s
[137.815s][info][gc,start       ] GC(1369) Pause Young (Allocation Failure)
[137.818s][info][gc,heap        ] GC(1369) DefNew: 573855K(629120K)->14184K(629120K) Eden: 559232K(559232K)->0K(559232K) From: 14623K(69888K)->14184K(69888K)
[137.819s][info][gc,heap        ] GC(1369) Tenured: 1224377K(1398144K)->1224377K(1398144K)
[137.819s][info][gc,metaspace   ] GC(1369) Metaspace: 131414K(133120K)->131414K(133120K) NonClass: 114580K(115328K)->114580K(115328K) Class: 16833K(17792K)->16833K(17792K)
[137.819s][info][gc             ] GC(1369) Pause Young (Allocation Failure) 1756M->1209M(1979M) 3.331ms
[137.819s][info][gc,cpu         ] GC(1369) User=0.00s Sys=0.00s Real=0.00s
[137.967s][info][gc,start       ] GC(1370) Pause Full (System.gc())
[137.967s][info][gc,phases,start] GC(1370) Phase 1: Mark live objects
[138.025s][info][gc,phases      ] GC(1370) Phase 1: Mark live objects 57.367ms
[138.025s][info][gc,phases,start] GC(1370) Phase 2: Compute new object addresses
[138.068s][info][gc,phases      ] GC(1370) Phase 2: Compute new object addresses 43.439ms
[138.068s][info][gc,phases,start] GC(1370) Phase 3: Adjust pointers
[138.099s][info][gc,phases      ] GC(1370) Phase 3: Adjust pointers 31.084ms
[138.099s][info][gc,phases,start] GC(1370) Phase 4: Move objects
[138.099s][info][gc,phases      ] GC(1370) Phase 4: Move objects 0.042ms
[138.100s][info][gc,heap        ] GC(1370) DefNew: 259288K(629120K)->0K(629120K) Eden: 245104K(559232K)->0K(559232K) From: 14184K(69888K)->0K(69888K)
[138.100s][info][gc,heap        ] GC(1370) Tenured: 1224377K(1398144K)->1031172K(1398144K)
[138.100s][info][gc,metaspace   ] GC(1370) Metaspace: 131425K(133120K)->131425K(133120K) NonClass: 114591K(115328K)->114591K(115328K) Class: 16833K(17792K)->16833K(17792K)
[138.100s][info][gc             ] GC(1370) Pause Full (System.gc()) 1448M->1007M(1979M) 132.734ms
[138.100s][info][gc,cpu         ] GC(1370) User=0.14s Sys=0.00s Real=0.12s
[138.232s][info][gc,start       ] GC(1371) Pause Young (Allocation Failure)
[138.237s][info][gc,heap        ] GC(1371) DefNew: 559232K(629120K)->4931K(629120K) Eden: 559232K(559232K)->0K(559232K) From: 0K(69888K)->4931K(69888K)
[138.237s][info][gc,heap        ] GC(1371) Tenured: 1031172K(1398144K)->1031172K(1398144K)
[138.237s][info][gc,metaspace   ] GC(1371) Metaspace: 131641K(133376K)->131641K(133376K) NonClass: 114803K(115584K)->114803K(115584K) Class: 16838K(17792K)->16838K(17792K)
[138.237s][info][gc             ] GC(1371) Pause Young (Allocation Failure) 1553M->1011M(1979M) 4.757ms
[138.237s][info][gc,cpu         ] GC(1371) User=0.00s Sys=0.00s Real=0.00s
[138.292s][info][gc,start       ] GC(1372) Pause Young (Allocation Failure)
[138.296s][info][gc,heap        ] GC(1372) DefNew: 564163K(629120K)->6098K(629120K) Eden: 559232K(559232K)->0K(559232K) From: 4931K(69888K)->6098K(69888K)
[138.296s][info][gc,heap        ] GC(1372) Tenured: 1031172K(1398144K)->1031172K(1398144K)
[138.296s][info][gc,metaspace   ] GC(1372) Metaspace: 131641K(133376K)->131641K(133376K) NonClass: 114803K(115584K)->114803K(115584K) Class: 16838K(17792K)->16838K(17792K)
[138.296s][info][gc             ] GC(1372) Pause Young (Allocation Failure) 1557M->1012M(1979M) 3.907ms
[138.296s][info][gc,cpu         ] GC(1372) User=0.00s Sys=0.00s Real=0.00s
[138.350s][info][gc,start       ] GC(1373) Pause Young (Allocation Failure)
[138.354s][info][gc,heap        ] GC(1373) DefNew: 565330K(629120K)->9010K(629120K) Eden: 559232K(559232K)->0K(559232K) From: 6098K(69888K)->9010K(69888K)
[138.355s][info][gc,heap        ] GC(1373) Tenured: 1031172K(1398144K)->1031172K(1398144K)
[138.355s][info][gc,metaspace   ] GC(1373) Metaspace: 131641K(133376K)->131641K(133376K) NonClass: 114803K(115584K)->114803K(115584K) Class: 16838K(17792K)->16838K(17792K)
[138.355s][info][gc             ] GC(1373) Pause Young (Allocation Failure) 1559M->1015M(1979M) 4.220ms
[138.355s][info][gc,cpu         ] GC(1373) User=0.00s Sys=0.00s Real=0.02s
[138.410s][info][gc,start       ] GC(1374) Pause Young (Allocation Failure)
[138.414s][info][gc,heap        ] GC(1374) DefNew: 568242K(629120K)->10778K(629120K) Eden: 559232K(559232K)->0K(559232K) From: 9010K(69888K)->10778K(69888K)
[138.414s][info][gc,heap        ] GC(1374) Tenured: 1031172K(1398144K)->1031172K(1398144K)
[138.414s][info][gc,metaspace   ] GC(1374) Metaspace: 131641K(133376K)->131641K(133376K) NonClass: 114803K(115584K)->114803K(115584K) Class: 16838K(17792K)->16838K(17792K)
[138.414s][info][gc             ] GC(1374) Pause Young (Allocation Failure) 1561M->1017M(1979M) 4.413ms
[138.414s][info][gc,cpu         ] GC(1374) User=0.00s Sys=0.00s Real=0.00s
[138.469s][info][gc,start       ] GC(1375) Pause Young (Allocation Failure)
[138.474s][info][gc,heap        ] GC(1375) DefNew: 570010K(629120K)->13020K(629120K) Eden: 559232K(559232K)->0K(559232K) From: 10778K(69888K)->13020K(69888K)
[138.474s][info][gc,heap        ] GC(1375) Tenured: 1031172K(1398144K)->1031172K(1398144K)
[138.474s][info][gc,metaspace   ] GC(1375) Metaspace: 131641K(133376K)->131641K(133376K) NonClass: 114803K(115584K)->114803K(115584K) Class: 16838K(17792K)->16838K(17792K)
[138.474s][info][gc             ] GC(1375) Pause Young (Allocation Failure) 1563M->1019M(1979M) 4.511ms
[138.474s][info][gc,cpu         ] GC(1375) User=0.00s Sys=0.00s Real=0.00s
[138.531s][info][gc,start       ] GC(1376) Pause Young (Allocation Failure)
[138.536s][info][gc,heap        ] GC(1376) DefNew: 572252K(629120K)->20612K(629120K) Eden: 559232K(559232K)->0K(559232K) From: 13020K(69888K)->20612K(69888K)
[138.536s][info][gc,heap        ] GC(1376) Tenured: 1031172K(1398144K)->1031172K(1398144K)
[138.536s][info][gc,metaspace   ] GC(1376) Metaspace: 131641K(133376K)->131641K(133376K) NonClass: 114803K(115584K)->114803K(115584K) Class: 16838K(17792K)->16838K(17792K)
[138.536s][info][gc             ] GC(1376) Pause Young (Allocation Failure) 1565M->1027M(1979M) 5.426ms
[138.536s][info][gc,cpu         ] GC(1376) User=0.00s Sys=0.00s Real=0.00s
[138.592s][info][gc,start       ] GC(1377) Pause Young (Allocation Failure)
[138.598s][info][gc,heap        ] GC(1377) DefNew: 579844K(629120K)->26890K(629120K) Eden: 559232K(559232K)->0K(559232K) From: 20612K(69888K)->26890K(69888K)
[138.598s][info][gc,heap        ] GC(1377) Tenured: 1031172K(1398144K)->1031172K(1398144K)
[138.598s][info][gc,metaspace   ] GC(1377) Metaspace: 131641K(133376K)->131641K(133376K) NonClass: 114803K(115584K)->114803K(115584K) Class: 16838K(17792K)->16838K(17792K)
[138.598s][info][gc             ] GC(1377) Pause Young (Allocation Failure) 1573M->1033M(1979M) 5.882ms
[138.598s][info][gc,cpu         ] GC(1377) User=0.00s Sys=0.00s Real=0.00s
[138.654s][info][gc,start       ] GC(1378) Pause Young (Allocation Failure)
[138.660s][info][gc,heap        ] GC(1378) DefNew: 586122K(629120K)->27269K(629120K) Eden: 559232K(559232K)->0K(559232K) From: 26890K(69888K)->27269K(69888K)
[138.660s][info][gc,heap        ] GC(1378) Tenured: 1031172K(1398144K)->1031172K(1398144K)
[138.660s][info][gc,metaspace   ] GC(1378) Metaspace: 131641K(133376K)->131641K(133376K) NonClass: 114803K(115584K)->114803K(115584K) Class: 16838K(17792K)->16838K(17792K)
[138.660s][info][gc             ] GC(1378) Pause Young (Allocation Failure) 1579M->1033M(1979M) 5.947ms
[138.660s][info][gc,cpu         ] GC(1378) User=0.00s Sys=0.00s Real=0.00s
[138.715s][info][gc,start       ] GC(1379) Pause Young (Allocation Failure)
[138.722s][info][gc,heap        ] GC(1379) DefNew: 586501K(629120K)->35068K(629120K) Eden: 559232K(559232K)->0K(559232K) From: 27269K(69888K)->35068K(69888K)
[138.722s][info][gc,heap        ] GC(1379) Tenured: 1031172K(1398144K)->1031172K(1398144K)
[138.722s][info][gc,metaspace   ] GC(1379) Metaspace: 131641K(133376K)->131641K(133376K) NonClass: 114803K(115584K)->114803K(115584K) Class: 16838K(17792K)->16838K(17792K)
[138.722s][info][gc             ] GC(1379) Pause Young (Allocation Failure) 1579M->1041M(1979M) 6.662ms
[138.722s][info][gc,cpu         ] GC(1379) User=0.00s Sys=0.00s Real=0.00s
[138.779s][info][gc,start       ] GC(1380) Pause Young (Allocation Failure)
[138.785s][info][gc,heap        ] GC(1380) DefNew: 594300K(629120K)->35449K(629120K) Eden: 559232K(559232K)->0K(559232K) From: 35068K(69888K)->35449K(69888K)
[138.786s][info][gc,heap        ] GC(1380) Tenured: 1031172K(1398144K)->1032756K(1398144K)
[138.786s][info][gc,metaspace   ] GC(1380) Metaspace: 131641K(133376K)->131641K(133376K) NonClass: 114803K(115584K)->114803K(115584K) Class: 16838K(17792K)->16838K(17792K)
[138.786s][info][gc             ] GC(1380) Pause Young (Allocation Failure) 1587M->1043M(1979M) 7.017ms
[138.786s][info][gc,cpu         ] GC(1380) User=0.00s Sys=0.00s Real=0.00s
[138.840s][info][gc,start       ] GC(1381) Pause Young (Allocation Failure)
[138.846s][info][gc,heap        ] GC(1381) DefNew: 594681K(629120K)->37596K(629120K) Eden: 559232K(559232K)->0K(559232K) From: 35449K(69888K)->37596K(69888K)
[138.846s][info][gc,heap        ] GC(1381) Tenured: 1032756K(1398144K)->1036853K(1398144K)
[138.846s][info][gc,metaspace   ] GC(1381) Metaspace: 131641K(133376K)->131641K(133376K) NonClass: 114803K(115584K)->114803K(115584K) Class: 16838K(17792K)->16838K(17792K)
[138.846s][info][gc             ] GC(1381) Pause Young (Allocation Failure) 1589M->1049M(1979M) 6.048ms
[138.846s][info][gc,cpu         ] GC(1381) User=0.00s Sys=0.00s Real=0.00s
[138.903s][info][gc,start       ] GC(1382) Pause Young (Allocation Failure)
[138.908s][info][gc,heap        ] GC(1382) DefNew: 596828K(629120K)->35431K(629120K) Eden: 559232K(559232K)->0K(559232K) From: 37596K(69888K)->35431K(69888K)
[138.908s][info][gc,heap        ] GC(1382) Tenured: 1036853K(1398144K)->1040950K(1398144K)
[138.908s][info][gc,metaspace   ] GC(1382) Metaspace: 131641K(133376K)->131641K(133376K) NonClass: 114803K(115584K)->114803K(115584K) Class: 16838K(17792K)->16838K(17792K)
[138.909s][info][gc             ] GC(1382) Pause Young (Allocation Failure) 1595M->1051M(1979M) 5.892ms
[138.909s][info][gc,cpu         ] GC(1382) User=0.00s Sys=0.00s Real=0.00s
[138.964s][info][gc,start       ] GC(1383) Pause Young (Allocation Failure)
[138.970s][info][gc,heap        ] GC(1383) DefNew: 594663K(629120K)->32848K(629120K) Eden: 559232K(559232K)->0K(559232K) From: 35431K(69888K)->32848K(69888K)
[138.970s][info][gc,heap        ] GC(1383) Tenured: 1040950K(1398144K)->1045353K(1398144K)
[138.970s][info][gc,metaspace   ] GC(1383) Metaspace: 131641K(133376K)->131641K(133376K) NonClass: 114803K(115584K)->114803K(115584K) Class: 16838K(17792K)->16838K(17792K)
[138.970s][info][gc             ] GC(1383) Pause Young (Allocation Failure) 1597M->1052M(1979M) 5.542ms
[138.970s][info][gc,cpu         ] GC(1383) User=0.00s Sys=0.00s Real=0.00s
[139.025s][info][gc,start       ] GC(1384) Pause Young (Allocation Failure)
[139.030s][info][gc,heap        ] GC(1384) DefNew: 592080K(629120K)->39240K(629120K) Eden: 559232K(559232K)->0K(559232K) From: 32848K(69888K)->39240K(69888K)
[139.030s][info][gc,heap        ] GC(1384) Tenured: 1045353K(1398144K)->1045353K(1398144K)
[139.030s][info][gc,metaspace   ] GC(1384) Metaspace: 131641K(133376K)->131641K(133376K) NonClass: 114803K(115584K)->114803K(115584K) Class: 16838K(17792K)->16838K(17792K)
[139.031s][info][gc             ] GC(1384) Pause Young (Allocation Failure) 1599M->1059M(1979M) 5.625ms
[139.031s][info][gc,cpu         ] GC(1384) User=0.00s Sys=0.00s Real=0.00s
[139.087s][info][gc,start       ] GC(1385) Pause Young (Allocation Failure)
[139.093s][info][gc,heap        ] GC(1385) DefNew: 598472K(629120K)->37174K(629120K) Eden: 559232K(559232K)->0K(559232K) From: 39240K(69888K)->37174K(69888K)
[139.093s][info][gc,heap        ] GC(1385) Tenured: 1045353K(1398144K)->1053550K(1398144K)
[139.093s][info][gc,metaspace   ] GC(1385) Metaspace: 131641K(133376K)->131641K(133376K) NonClass: 114803K(115584K)->114803K(115584K) Class: 16838K(17792K)->16838K(17792K)
[139.093s][info][gc             ] GC(1385) Pause Young (Allocation Failure) 1605M->1065M(1979M) 6.184ms
[139.093s][info][gc,cpu         ] GC(1385) User=0.00s Sys=0.00s Real=0.02s
[139.148s][info][gc,start       ] GC(1386) Pause Young (Allocation Failure)
[139.154s][info][gc,heap        ] GC(1386) DefNew: 596406K(629120K)->31026K(629120K) Eden: 559232K(559232K)->0K(559232K) From: 37174K(69888K)->31026K(69888K)
[139.154s][info][gc,heap        ] GC(1386) Tenured: 1053550K(1398144K)->1061743K(1398144K)
[139.154s][info][gc,metaspace   ] GC(1386) Metaspace: 131641K(133376K)->131641K(133376K) NonClass: 114803K(115584K)->114803K(115584K) Class: 16838K(17792K)->16838K(17792K)
[139.154s][info][gc             ] GC(1386) Pause Young (Allocation Failure) 1611M->1067M(1979M) 5.892ms
[139.154s][info][gc,cpu         ] GC(1386) User=0.00s Sys=0.00s Real=0.02s
[139.222s][info][gc,start       ] GC(1387) Pause Young (Allocation Failure)
[139.227s][info][gc,heap        ] GC(1387) DefNew: 590258K(629120K)->38189K(629120K) Eden: 559232K(559232K)->0K(559232K) From: 31026K(69888K)->38189K(69888K)
[139.228s][info][gc,heap        ] GC(1387) Tenured: 1061743K(1398144K)->1061743K(1398144K)
[139.228s][info][gc,metaspace   ] GC(1387) Metaspace: 131641K(133376K)->131641K(133376K) NonClass: 114803K(115584K)->114803K(115584K) Class: 16838K(17792K)->16838K(17792K)
[139.228s][info][gc             ] GC(1387) Pause Young (Allocation Failure) 1613M->1074M(1979M) 5.886ms
[139.228s][info][gc,cpu         ] GC(1387) User=0.02s Sys=0.00s Real=0.01s
[139.318s][info][gc,start       ] GC(1388) Pause Young (Allocation Failure)
[139.325s][info][gc,heap        ] GC(1388) DefNew: 597421K(629120K)->43983K(629120K) Eden: 559232K(559232K)->0K(559232K) From: 38189K(69888K)->43983K(69888K)
[139.325s][info][gc,heap        ] GC(1388) Tenured: 1061743K(1398144K)->1069939K(1398144K)
[139.325s][info][gc,metaspace   ] GC(1388) Metaspace: 131643K(133376K)->131643K(133376K) NonClass: 114804K(115584K)->114804K(115584K) Class: 16838K(17792K)->16838K(17792K)
[139.325s][info][gc             ] GC(1388) Pause Young (Allocation Failure) 1620M->1087M(1979M) 7.163ms
[139.325s][info][gc,cpu         ] GC(1388) User=0.00s Sys=0.00s Real=0.02s
[139.413s][info][gc,start       ] GC(1389) Pause Young (Allocation Failure)
[139.420s][info][gc,heap        ] GC(1389) DefNew: 603215K(629120K)->39710K(629120K) Eden: 559232K(559232K)->0K(559232K) From: 43983K(69888K)->39710K(69888K)
[139.420s][info][gc,heap        ] GC(1389) Tenured: 1069939K(1398144K)->1086328K(1398144K)
[139.420s][info][gc,metaspace   ] GC(1389) Metaspace: 131643K(133376K)->131643K(133376K) NonClass: 114804K(115584K)->114804K(115584K) Class: 16838K(17792K)->16838K(17792K)
[139.420s][info][gc             ] GC(1389) Pause Young (Allocation Failure) 1633M->1099M(1979M) 7.270ms
[139.421s][info][gc,cpu         ] GC(1389) User=0.00s Sys=0.00s Real=0.02s
[139.510s][info][gc,start       ] GC(1390) Pause Young (Allocation Failure)
[139.517s][info][gc,heap        ] GC(1390) DefNew: 598942K(629120K)->43121K(629120K) Eden: 559232K(559232K)->0K(559232K) From: 39710K(69888K)->43121K(69888K)
[139.517s][info][gc,heap        ] GC(1390) Tenured: 1086328K(1398144K)->1094975K(1398144K)
[139.517s][info][gc,metaspace   ] GC(1390) Metaspace: 131643K(133376K)->131643K(133376K) NonClass: 114804K(115584K)->114804K(115584K) Class: 16838K(17792K)->16838K(17792K)
[139.517s][info][gc             ] GC(1390) Pause Young (Allocation Failure) 1645M->1111M(1979M) 7.112ms
[139.517s][info][gc,cpu         ] GC(1390) User=0.02s Sys=0.00s Real=0.01s
[139.606s][info][gc,start       ] GC(1391) Pause Young (Allocation Failure)
[139.613s][info][gc,heap        ] GC(1391) DefNew: 602353K(629120K)->46438K(629120K) Eden: 559232K(559232K)->0K(559232K) From: 43121K(69888K)->46438K(69888K)
[139.613s][info][gc,heap        ] GC(1391) Tenured: 1094975K(1398144K)->1107288K(1398144K)
[139.613s][info][gc,metaspace   ] GC(1391) Metaspace: 131643K(133376K)->131643K(133376K) NonClass: 114804K(115584K)->114804K(115584K) Class: 16838K(17792K)->16838K(17792K)
[139.613s][info][gc             ] GC(1391) Pause Young (Allocation Failure) 1657M->1126M(1979M) 7.307ms
[139.613s][info][gc,cpu         ] GC(1391) User=0.00s Sys=0.00s Real=0.02s
[139.701s][info][gc,start       ] GC(1392) Pause Young (Allocation Failure)
[139.708s][info][gc,heap        ] GC(1392) DefNew: 605670K(629120K)->45836K(629120K) Eden: 559232K(559232K)->0K(559232K) From: 46438K(69888K)->45836K(69888K)
[139.708s][info][gc,heap        ] GC(1392) Tenured: 1107288K(1398144K)->1119581K(1398144K)
[139.708s][info][gc,metaspace   ] GC(1392) Metaspace: 131645K(133376K)->131645K(133376K) NonClass: 114806K(115584K)->114806K(115584K) Class: 16838K(17792K)->16838K(17792K)
[139.708s][info][gc             ] GC(1392) Pause Young (Allocation Failure) 1672M->1138M(1979M) 7.314ms
[139.708s][info][gc,cpu         ] GC(1392) User=0.02s Sys=0.00s Real=0.00s
[139.797s][info][gc,start       ] GC(1393) Pause Young (Allocation Failure)
[139.804s][info][gc,heap        ] GC(1393) DefNew: 605068K(629120K)->44879K(629120K) Eden: 559232K(559232K)->0K(559232K) From: 45836K(69888K)->44879K(69888K)
[139.804s][info][gc,heap        ] GC(1393) Tenured: 1119581K(1398144K)->1135968K(1398144K)
[139.804s][info][gc,metaspace   ] GC(1393) Metaspace: 131645K(133376K)->131645K(133376K) NonClass: 114806K(115584K)->114806K(115584K) Class: 16838K(17792K)->16838K(17792K)
[139.804s][info][gc             ] GC(1393) Pause Young (Allocation Failure) 1684M->1153M(1979M) 7.280ms
[139.804s][info][gc,cpu         ] GC(1393) User=0.00s Sys=0.00s Real=0.00s
[139.894s][info][gc,start       ] GC(1394) Pause Young (Allocation Failure)
[139.901s][info][gc,heap        ] GC(1394) DefNew: 604111K(629120K)->30992K(629120K) Eden: 559232K(559232K)->0K(559232K) From: 44879K(69888K)->30992K(69888K)
[139.901s][info][gc,heap        ] GC(1394) Tenured: 1135968K(1398144K)->1160552K(1398144K)
[139.901s][info][gc,metaspace   ] GC(1394) Metaspace: 131645K(133376K)->131645K(133376K) NonClass: 114806K(115584K)->114806K(115584K) Class: 16838K(17792K)->16838K(17792K)
[139.901s][info][gc             ] GC(1394) Pause Young (Allocation Failure) 1699M->1163M(1979M) 7.688ms
[139.901s][info][gc,cpu         ] GC(1394) User=0.00s Sys=0.00s Real=0.00s
[139.985s][info][gc,start       ] GC(1395) Pause Young (Allocation Failure)
[139.990s][info][gc,heap        ] GC(1395) DefNew: 590224K(629120K)->36049K(629120K) Eden: 559232K(559232K)->0K(559232K) From: 30992K(69888K)->36049K(69888K)
[139.990s][info][gc,heap        ] GC(1395) Tenured: 1160552K(1398144K)->1160552K(1398144K)
[139.990s][info][gc,metaspace   ] GC(1395) Metaspace: 131645K(133376K)->131645K(133376K) NonClass: 114806K(115584K)->114806K(115584K) Class: 16838K(17792K)->16838K(17792K)
[139.990s][info][gc             ] GC(1395) Pause Young (Allocation Failure) 1709M->1168M(1979M) 5.007ms
[139.990s][info][gc,cpu         ] GC(1395) User=0.00s Sys=0.00s Real=0.00s
[140.076s][info][gc,start       ] GC(1396) Pause Young (Allocation Failure)
[140.082s][info][gc,heap        ] GC(1396) DefNew: 595281K(629120K)->35548K(629120K) Eden: 559232K(559232K)->0K(559232K) From: 36049K(69888K)->35548K(69888K)
[140.082s][info][gc,heap        ] GC(1396) Tenured: 1160552K(1398144K)->1172847K(1398144K)
[140.082s][info][gc,metaspace   ] GC(1396) Metaspace: 131645K(133376K)->131645K(133376K) NonClass: 114806K(115584K)->114806K(115584K) Class: 16838K(17792K)->16838K(17792K)
[140.082s][info][gc             ] GC(1396) Pause Young (Allocation Failure) 1714M->1180M(1979M) 6.546ms
[140.083s][info][gc,cpu         ] GC(1396) User=0.00s Sys=0.00s Real=0.01s
[140.171s][info][gc,start       ] GC(1397) Pause Young (Allocation Failure)
[140.177s][info][gc,heap        ] GC(1397) DefNew: 594780K(629120K)->28676K(629120K) Eden: 559232K(559232K)->0K(559232K) From: 35548K(69888K)->28676K(69888K)
[140.177s][info][gc,heap        ] GC(1397) Tenured: 1172847K(1398144K)->1185184K(1398144K)
[140.177s][info][gc,metaspace   ] GC(1397) Metaspace: 131645K(133376K)->131645K(133376K) NonClass: 114806K(115584K)->114806K(115584K) Class: 16838K(17792K)->16838K(17792K)
[140.177s][info][gc             ] GC(1397) Pause Young (Allocation Failure) 1726M->1185M(1979M) 5.836ms
[140.177s][info][gc,cpu         ] GC(1397) User=0.00s Sys=0.00s Real=0.02s
[140.265s][info][gc,start       ] GC(1398) Pause Young (Allocation Failure)
[140.271s][info][gc,heap        ] GC(1398) DefNew: 587908K(629120K)->37643K(629120K) Eden: 559232K(559232K)->0K(559232K) From: 28676K(69888K)->37643K(69888K)
[140.271s][info][gc,heap        ] GC(1398) Tenured: 1185184K(1398144K)->1185184K(1398144K)
[140.271s][info][gc,metaspace   ] GC(1398) Metaspace: 131645K(133376K)->131645K(133376K) NonClass: 114806K(115584K)->114806K(115584K) Class: 16838K(17792K)->16838K(17792K)
[140.271s][info][gc             ] GC(1398) Pause Young (Allocation Failure) 1731M->1194M(1979M) 5.660ms
[140.271s][info][gc,cpu         ] GC(1398) User=0.02s Sys=0.00s Real=0.02s
[140.359s][info][gc,start       ] GC(1399) Pause Young (Allocation Failure)
[140.365s][info][gc,heap        ] GC(1399) DefNew: 596875K(629120K)->35043K(629120K) Eden: 559232K(559232K)->0K(559232K) From: 37643K(69888K)->35043K(69888K)
[140.365s][info][gc,heap        ] GC(1399) Tenured: 1185184K(1398144K)->1193380K(1398144K)
[140.365s][info][gc,metaspace   ] GC(1399) Metaspace: 131645K(133376K)->131645K(133376K) NonClass: 114806K(115584K)->114806K(115584K) Class: 16838K(17792K)->16838K(17792K)
[140.365s][info][gc             ] GC(1399) Pause Young (Allocation Failure) 1740M->1199M(1979M) 6.298ms
[140.365s][info][gc,cpu         ] GC(1399) User=0.00s Sys=0.00s Real=0.02s
[140.453s][info][gc,start       ] GC(1400) Pause Young (Allocation Failure)
[140.459s][info][gc,heap        ] GC(1400) DefNew: 594275K(629120K)->33549K(629120K) Eden: 559232K(559232K)->0K(559232K) From: 35043K(69888K)->33549K(69888K)
[140.459s][info][gc,heap        ] GC(1400) Tenured: 1193380K(1398144K)->1201573K(1398144K)
[140.459s][info][gc,metaspace   ] GC(1400) Metaspace: 131645K(133376K)->131645K(133376K) NonClass: 114806K(115584K)->114806K(115584K) Class: 16838K(17792K)->16838K(17792K)
[140.459s][info][gc             ] GC(1400) Pause Young (Allocation Failure) 1745M->1206M(1979M) 6.080ms
[140.459s][info][gc,cpu         ] GC(1400) User=0.00s Sys=0.00s Real=0.02s
[140.547s][info][gc,start       ] GC(1401) Pause Young (Allocation Failure)
[140.553s][info][gc,heap        ] GC(1401) DefNew: 592781K(629120K)->44111K(629120K) Eden: 559232K(559232K)->0K(559232K) From: 33549K(69888K)->44111K(69888K)
[140.553s][info][gc,heap        ] GC(1401) Tenured: 1201573K(1398144K)->1201573K(1398144K)
[140.553s][info][gc,metaspace   ] GC(1401) Metaspace: 131645K(133376K)->131645K(133376K) NonClass: 114806K(115584K)->114806K(115584K) Class: 16838K(17792K)->16838K(17792K)
[140.553s][info][gc             ] GC(1401) Pause Young (Allocation Failure) 1752M->1216M(1979M) 6.684ms
[140.553s][info][gc,cpu         ] GC(1401) User=0.02s Sys=0.00s Real=0.02s
[140.642s][info][gc,start       ] GC(1402) Pause Young (Allocation Failure)
[140.649s][info][gc,heap        ] GC(1402) DefNew: 603343K(629120K)->29038K(629120K) Eden: 559232K(559232K)->0K(559232K) From: 44111K(69888K)->29038K(69888K)
[140.649s][info][gc,heap        ] GC(1402) Tenured: 1201573K(1398144K)->1213866K(1398144K)
[140.649s][info][gc,metaspace   ] GC(1402) Metaspace: 131645K(133376K)->131645K(133376K) NonClass: 114806K(115584K)->114806K(115584K) Class: 16838K(17792K)->16838K(17792K)
[140.649s][info][gc             ] GC(1402) Pause Young (Allocation Failure) 1762M->1213M(1979M) 6.484ms
[140.649s][info][gc,cpu         ] GC(1402) User=0.00s Sys=0.00s Real=0.01s
[140.731s][info][gc,start       ] GC(1403) Pause Young (Allocation Failure)
[140.736s][info][gc,heap        ] GC(1403) DefNew: 588270K(629120K)->31958K(629120K) Eden: 559232K(559232K)->0K(559232K) From: 29038K(69888K)->31958K(69888K)
[140.736s][info][gc,heap        ] GC(1403) Tenured: 1213866K(1398144K)->1213866K(1398144K)
[140.736s][info][gc,metaspace   ] GC(1403) Metaspace: 131645K(133376K)->131645K(133376K) NonClass: 114806K(115584K)->114806K(115584K) Class: 16838K(17792K)->16838K(17792K)
[140.736s][info][gc             ] GC(1403) Pause Young (Allocation Failure) 1759M->1216M(1979M) 5.154ms
[140.736s][info][gc,cpu         ] GC(1403) User=0.00s Sys=0.00s Real=0.00s
[140.819s][info][gc,start       ] GC(1404) Pause Young (Allocation Failure)
[140.824s][info][gc,heap        ] GC(1404) DefNew: 591190K(629120K)->35079K(629120K) Eden: 559232K(559232K)->0K(559232K) From: 31958K(69888K)->35079K(69888K)
[140.824s][info][gc,heap        ] GC(1404) Tenured: 1213866K(1398144K)->1213866K(1398144K)
[140.824s][info][gc,metaspace   ] GC(1404) Metaspace: 131645K(133376K)->131645K(133376K) NonClass: 114806K(115584K)->114806K(115584K) Class: 16838K(17792K)->16838K(17792K)
[140.824s][info][gc             ] GC(1404) Pause Young (Allocation Failure) 1762M->1219M(1979M) 5.325ms
[140.824s][info][gc,cpu         ] GC(1404) User=0.00s Sys=0.00s Real=0.00s
[140.907s][info][gc,start       ] GC(1405) Pause Young (Allocation Failure)
[140.912s][info][gc,heap        ] GC(1405) DefNew: 594311K(629120K)->25511K(629120K) Eden: 559232K(559232K)->0K(559232K) From: 35079K(69888K)->25511K(69888K)
[140.912s][info][gc,heap        ] GC(1405) Tenured: 1213866K(1398144K)->1217962K(1398144K)
[140.912s][info][gc,metaspace   ] GC(1405) Metaspace: 131645K(133376K)->131645K(133376K) NonClass: 114806K(115584K)->114806K(115584K) Class: 16838K(17792K)->16838K(17792K)
[140.912s][info][gc             ] GC(1405) Pause Young (Allocation Failure) 1765M->1214M(1979M) 4.874ms
[140.912s][info][gc,cpu         ] GC(1405) User=0.00s Sys=0.00s Real=0.02s
[140.998s][info][gc,start       ] GC(1406) Pause Young (Allocation Failure)
[141.003s][info][gc,heap        ] GC(1406) DefNew: 584743K(629120K)->35187K(629120K) Eden: 559232K(559232K)->0K(559232K) From: 25511K(69888K)->35187K(69888K)
[141.003s][info][gc,heap        ] GC(1406) Tenured: 1217962K(1398144K)->1217962K(1398144K)
[141.003s][info][gc,metaspace   ] GC(1406) Metaspace: 131645K(133376K)->131645K(133376K) NonClass: 114806K(115584K)->114806K(115584K) Class: 16838K(17792K)->16838K(17792K)
[141.003s][info][gc             ] GC(1406) Pause Young (Allocation Failure) 1760M->1223M(1979M) 5.413ms
[141.003s][info][gc,cpu         ] GC(1406) User=0.00s Sys=0.00s Real=0.00s
[141.091s][info][gc,start       ] GC(1407) Pause Young (Allocation Failure)
[141.096s][info][gc,heap        ] GC(1407) DefNew: 594419K(629120K)->26887K(629120K) Eden: 559232K(559232K)->0K(559232K) From: 35187K(69888K)->26887K(69888K)
[141.096s][info][gc,heap        ] GC(1407) Tenured: 1217962K(1398144K)->1226156K(1398144K)
[141.096s][info][gc,metaspace   ] GC(1407) Metaspace: 131645K(133376K)->131645K(133376K) NonClass: 114806K(115584K)->114806K(115584K) Class: 16838K(17792K)->16838K(17792K)
[141.096s][info][gc             ] GC(1407) Pause Young (Allocation Failure) 1769M->1223M(1979M) 5.347ms
[141.096s][info][gc,cpu         ] GC(1407) User=0.00s Sys=0.00s Real=0.00s
[141.185s][info][gc,start       ] GC(1408) Pause Young (Allocation Failure)
[141.189s][info][gc,heap        ] GC(1408) DefNew: 586119K(629120K)->24240K(629120K) Eden: 559232K(559232K)->0K(559232K) From: 26887K(69888K)->24240K(69888K)
[141.189s][info][gc,heap        ] GC(1408) Tenured: 1226156K(1398144K)->1226156K(1398144K)
[141.189s][info][gc,metaspace   ] GC(1408) Metaspace: 131645K(133376K)->131645K(133376K) NonClass: 114806K(115584K)->114806K(115584K) Class: 16838K(17792K)->16838K(17792K)
[141.190s][info][gc             ] GC(1408) Pause Young (Allocation Failure) 1769M->1221M(1979M) 4.573ms
[141.190s][info][gc,cpu         ] GC(1408) User=0.00s Sys=0.00s Real=0.00s
[141.276s][info][gc,start       ] GC(1409) Pause Young (Allocation Failure)
[141.281s][info][gc,heap        ] GC(1409) DefNew: 583472K(629120K)->30097K(629120K) Eden: 559232K(559232K)->0K(559232K) From: 24240K(69888K)->30097K(69888K)
[141.281s][info][gc,heap        ] GC(1409) Tenured: 1226156K(1398144K)->1226156K(1398144K)
[141.281s][info][gc,metaspace   ] GC(1409) Metaspace: 131645K(133376K)->131645K(133376K) NonClass: 114806K(115584K)->114806K(115584K) Class: 16838K(17792K)->16838K(17792K)
[141.281s][info][gc             ] GC(1409) Pause Young (Allocation Failure) 1767M->1226M(1979M) 4.891ms
[141.281s][info][gc,cpu         ] GC(1409) User=0.00s Sys=0.00s Real=0.00s
[141.369s][info][gc,start       ] GC(1410) Pause Young (Allocation Failure)
[141.373s][info][gc,heap        ] GC(1410) DefNew: 589329K(629120K)->27751K(629120K) Eden: 559232K(559232K)->0K(559232K) From: 30097K(69888K)->27751K(69888K)
[141.373s][info][gc,heap        ] GC(1410) Tenured: 1226156K(1398144K)->1226156K(1398144K)
[141.373s][info][gc,metaspace   ] GC(1410) Metaspace: 131645K(133376K)->131645K(133376K) NonClass: 114806K(115584K)->114806K(115584K) Class: 16838K(17792K)->16838K(17792K)
[141.373s][info][gc             ] GC(1410) Pause Young (Allocation Failure) 1772M->1224M(1979M) 4.521ms
[141.374s][info][gc,cpu         ] GC(1410) User=0.00s Sys=0.00s Real=0.00s
[141.460s][info][gc,start       ] GC(1411) Pause Young (Allocation Failure)
[141.465s][info][gc,heap        ] GC(1411) DefNew: 586983K(629120K)->25410K(629120K) Eden: 559232K(559232K)->0K(559232K) From: 27751K(69888K)->25410K(69888K)
[141.465s][info][gc,heap        ] GC(1411) Tenured: 1226156K(1398144K)->1226156K(1398144K)
[141.465s][info][gc,metaspace   ] GC(1411) Metaspace: 131645K(133376K)->131645K(133376K) NonClass: 114806K(115584K)->114806K(115584K) Class: 16838K(17792K)->16838K(17792K)
[141.465s][info][gc             ] GC(1411) Pause Young (Allocation Failure) 1770M->1222M(1979M) 4.239ms
[141.465s][info][gc,cpu         ] GC(1411) User=0.00s Sys=0.00s Real=0.00s
[141.552s][info][gc,start       ] GC(1412) Pause Young (Allocation Failure)
[141.557s][info][gc,heap        ] GC(1412) DefNew: 584642K(629120K)->23766K(629120K) Eden: 559232K(559232K)->0K(559232K) From: 25410K(69888K)->23766K(69888K)
[141.557s][info][gc,heap        ] GC(1412) Tenured: 1226156K(1398144K)->1226156K(1398144K)
[141.557s][info][gc,metaspace   ] GC(1412) Metaspace: 131645K(133376K)->131645K(133376K) NonClass: 114806K(115584K)->114806K(115584K) Class: 16838K(17792K)->16838K(17792K)
[141.557s][info][gc             ] GC(1412) Pause Young (Allocation Failure) 1768M->1220M(1979M) 4.276ms
[141.557s][info][gc,cpu         ] GC(1412) User=0.00s Sys=0.00s Real=0.02s
[141.644s][info][gc,start       ] GC(1413) Pause Young (Allocation Failure)
[141.647s][info][gc,heap        ] GC(1413) DefNew: 582998K(629120K)->22206K(629120K) Eden: 559232K(559232K)->0K(559232K) From: 23766K(69888K)->22206K(69888K)
[141.648s][info][gc,heap        ] GC(1413) Tenured: 1226156K(1398144K)->1226156K(1398144K)
[141.648s][info][gc,metaspace   ] GC(1413) Metaspace: 131645K(133376K)->131645K(133376K) NonClass: 114806K(115584K)->114806K(115584K) Class: 16838K(17792K)->16838K(17792K)
[141.648s][info][gc             ] GC(1413) Pause Young (Allocation Failure) 1766M->1219M(1979M) 3.960ms
[141.648s][info][gc,cpu         ] GC(1413) User=0.00s Sys=0.00s Real=0.00s
[141.735s][info][gc,start       ] GC(1414) Pause Young (Allocation Failure)
[141.740s][info][gc,heap        ] GC(1414) DefNew: 581438K(629120K)->30098K(629120K) Eden: 559232K(559232K)->0K(559232K) From: 22206K(69888K)->30098K(69888K)
[141.740s][info][gc,heap        ] GC(1414) Tenured: 1226156K(1398144K)->1226156K(1398144K)
[141.740s][info][gc,metaspace   ] GC(1414) Metaspace: 131645K(133376K)->131645K(133376K) NonClass: 114806K(115584K)->114806K(115584K) Class: 16838K(17792K)->16838K(17792K)
[141.740s][info][gc             ] GC(1414) Pause Young (Allocation Failure) 1765M->1226M(1979M) 5.062ms
[141.740s][info][gc,cpu         ] GC(1414) User=0.00s Sys=0.00s Real=0.00s
[141.827s][info][gc,start       ] GC(1415) Pause Young (Allocation Failure)
[141.832s][info][gc,heap        ] GC(1415) DefNew: 589330K(629120K)->27752K(629120K) Eden: 559232K(559232K)->0K(559232K) From: 30098K(69888K)->27752K(69888K)
[141.832s][info][gc,heap        ] GC(1415) Tenured: 1226156K(1398144K)->1226156K(1398144K)
[141.832s][info][gc,metaspace   ] GC(1415) Metaspace: 131645K(133376K)->131645K(133376K) NonClass: 114806K(115584K)->114806K(115584K) Class: 16838K(17792K)->16838K(17792K)
[141.832s][info][gc             ] GC(1415) Pause Young (Allocation Failure) 1772M->1224M(1979M) 4.957ms
[141.832s][info][gc,cpu         ] GC(1415) User=0.00s Sys=0.00s Real=0.01s
[141.919s][info][gc,start       ] GC(1416) Pause Young (Allocation Failure)
[141.923s][info][gc,heap        ] GC(1416) DefNew: 586710K(629120K)->16041K(629120K) Eden: 558957K(559232K)->0K(559232K) From: 27752K(69888K)->16041K(69888K)
[141.923s][info][gc,heap        ] GC(1416) Tenured: 1226156K(1398144K)->1234351K(1398144K)
[141.923s][info][gc,metaspace   ] GC(1416) Metaspace: 131645K(133376K)->131645K(133376K) NonClass: 114806K(115584K)->114806K(115584K) Class: 16838K(17792K)->16838K(17792K)
[141.923s][info][gc             ] GC(1416) Pause Young (Allocation Failure) 1770M->1221M(1979M) 4.396ms
[141.923s][info][gc,cpu         ] GC(1416) User=0.00s Sys=0.00s Real=0.00s
[142.009s][info][gc,start       ] GC(1417) Pause Young (Allocation Failure)
[142.014s][info][gc,heap        ] GC(1417) DefNew: 571824K(629120K)->15534K(629120K) Eden: 555783K(559232K)->0K(559232K) From: 16041K(69888K)->15534K(69888K)
[142.014s][info][gc,heap        ] GC(1417) Tenured: 1234351K(1398144K)->1238502K(1398144K)
[142.014s][info][gc,metaspace   ] GC(1417) Metaspace: 131645K(133376K)->131645K(133376K) NonClass: 114806K(115584K)->114806K(115584K) Class: 16838K(17792K)->16838K(17792K)
[142.014s][info][gc             ] GC(1417) Pause Young (Allocation Failure) 1763M->1224M(1979M) 4.331ms
[142.014s][info][gc,cpu         ] GC(1417) User=0.02s Sys=0.00s Real=0.02s
[142.100s][info][gc,start       ] GC(1418) Pause Young (Allocation Failure)
[142.103s][info][gc,heap        ] GC(1418) DefNew: 574766K(629120K)->16201K(629120K) Eden: 559232K(559232K)->0K(559232K) From: 15534K(69888K)->16201K(69888K)
[142.103s][info][gc,heap        ] GC(1418) Tenured: 1238502K(1398144K)->1238502K(1398144K)
[142.103s][info][gc,metaspace   ] GC(1418) Metaspace: 131645K(133376K)->131645K(133376K) NonClass: 114806K(115584K)->114806K(115584K) Class: 16838K(17792K)->16838K(17792K)
[142.103s][info][gc             ] GC(1418) Pause Young (Allocation Failure) 1770M->1225M(1979M) 3.657ms
[142.104s][info][gc,cpu         ] GC(1418) User=0.00s Sys=0.00s Real=0.00s
[142.192s][info][gc,start       ] GC(1419) Pause Young (Allocation Failure)
[142.195s][info][gc,heap        ] GC(1419) DefNew: 575433K(629120K)->13059K(629120K) Eden: 559232K(559232K)->0K(559232K) From: 16201K(69888K)->13059K(69888K)
[142.195s][info][gc,heap        ] GC(1419) Tenured: 1238502K(1398144K)->1238502K(1398144K)
[142.195s][info][gc,metaspace   ] GC(1419) Metaspace: 131645K(133376K)->131645K(133376K) NonClass: 114806K(115584K)->114806K(115584K) Class: 16838K(17792K)->16838K(17792K)
[142.195s][info][gc             ] GC(1419) Pause Young (Allocation Failure) 1771M->1222M(1979M) 3.057ms
[142.195s][info][gc,cpu         ] GC(1419) User=0.00s Sys=0.00s Real=0.00s
[142.345s][info][gc,start       ] GC(1420) Pause Young (Allocation Failure)
[142.348s][info][gc,heap        ] GC(1420) DefNew: 572291K(629120K)->14188K(629120K) Eden: 559232K(559232K)->0K(559232K) From: 13059K(69888K)->14188K(69888K)
[142.348s][info][gc,heap        ] GC(1420) Tenured: 1238502K(1398144K)->1238502K(1398144K)
[142.348s][info][gc,metaspace   ] GC(1420) Metaspace: 131645K(133376K)->131645K(133376K) NonClass: 114807K(115584K)->114807K(115584K) Class: 16838K(17792K)->16838K(17792K)
[142.348s][info][gc             ] GC(1420) Pause Young (Allocation Failure) 1768M->1223M(1979M) 3.453ms
[142.348s][info][gc,cpu         ] GC(1420) User=0.00s Sys=0.00s Real=0.00s
[142.504s][info][gc,start       ] GC(1421) Pause Full (System.gc())
[142.504s][info][gc,phases,start] GC(1421) Phase 1: Mark live objects
[142.561s][info][gc,phases      ] GC(1421) Phase 1: Mark live objects 57.575ms
[142.561s][info][gc,phases,start] GC(1421) Phase 2: Compute new object addresses
[142.608s][info][gc,phases      ] GC(1421) Phase 2: Compute new object addresses 46.506ms
[142.608s][info][gc,phases,start] GC(1421) Phase 3: Adjust pointers
[142.639s][info][gc,phases      ] GC(1421) Phase 3: Adjust pointers 31.296ms
[142.639s][info][gc,phases,start] GC(1421) Phase 4: Move objects
[142.639s][info][gc,phases      ] GC(1421) Phase 4: Move objects 0.045ms
[142.640s][info][gc,heap        ] GC(1421) DefNew: 278217K(629120K)->0K(629120K) Eden: 264028K(559232K)->0K(559232K) From: 14188K(69888K)->0K(69888K)
[142.640s][info][gc,heap        ] GC(1421) Tenured: 1238502K(1398144K)->1032923K(1398144K)
[142.640s][info][gc,metaspace   ] GC(1421) Metaspace: 131668K(133376K)->131668K(133376K) NonClass: 114825K(115584K)->114825K(115584K) Class: 16842K(17792K)->16842K(17792K)
[142.640s][info][gc             ] GC(1421) Pause Full (System.gc()) 1481M->1008M(1979M) 136.318ms
[142.640s][info][gc,cpu         ] GC(1421) User=0.14s Sys=0.00s Real=0.14s
[142.765s][info][gc,start       ] GC(1422) Pause Young (Allocation Failure)
[142.769s][info][gc,heap        ] GC(1422) DefNew: 559232K(629120K)->6488K(629120K) Eden: 559232K(559232K)->0K(559232K) From: 0K(69888K)->6488K(69888K)
[142.769s][info][gc,heap        ] GC(1422) Tenured: 1032923K(1398144K)->1032923K(1398144K)
[142.769s][info][gc,metaspace   ] GC(1422) Metaspace: 131737K(133440K)->131737K(133440K) NonClass: 114894K(115648K)->114894K(115648K) Class: 16842K(17792K)->16842K(17792K)
[142.769s][info][gc             ] GC(1422) Pause Young (Allocation Failure) 1554M->1015M(1979M) 4.589ms
[142.769s][info][gc,cpu         ] GC(1422) User=0.00s Sys=0.00s Real=0.00s
[142.823s][info][gc,start       ] GC(1423) Pause Young (Allocation Failure)
[142.827s][info][gc,heap        ] GC(1423) DefNew: 565720K(629120K)->8041K(629120K) Eden: 559232K(559232K)->0K(559232K) From: 6488K(69888K)->8041K(69888K)
[142.827s][info][gc,heap        ] GC(1423) Tenured: 1032923K(1398144K)->1032923K(1398144K)
[142.827s][info][gc,metaspace   ] GC(1423) Metaspace: 131737K(133440K)->131737K(133440K) NonClass: 114894K(115648K)->114894K(115648K) Class: 16842K(17792K)->16842K(17792K)
[142.827s][info][gc             ] GC(1423) Pause Young (Allocation Failure) 1561M->1016M(1979M) 3.984ms
[142.827s][info][gc,cpu         ] GC(1423) User=0.00s Sys=0.00s Real=0.00s
[142.882s][info][gc,start       ] GC(1424) Pause Young (Allocation Failure)
[142.886s][info][gc,heap        ] GC(1424) DefNew: 567273K(629120K)->9017K(629120K) Eden: 559232K(559232K)->0K(559232K) From: 8041K(69888K)->9017K(69888K)
[142.886s][info][gc,heap        ] GC(1424) Tenured: 1032923K(1398144K)->1032923K(1398144K)
[142.886s][info][gc,metaspace   ] GC(1424) Metaspace: 131737K(133440K)->131737K(133440K) NonClass: 114894K(115648K)->114894K(115648K) Class: 16842K(17792K)->16842K(17792K)
[142.886s][info][gc             ] GC(1424) Pause Young (Allocation Failure) 1562M->1017M(1979M) 4.138ms
[142.886s][info][gc,cpu         ] GC(1424) User=0.00s Sys=0.00s Real=0.01s
[142.940s][info][gc,start       ] GC(1425) Pause Young (Allocation Failure)
[142.944s][info][gc,heap        ] GC(1425) DefNew: 568249K(629120K)->12094K(629120K) Eden: 559232K(559232K)->0K(559232K) From: 9017K(69888K)->12094K(69888K)
[142.944s][info][gc,heap        ] GC(1425) Tenured: 1032923K(1398144K)->1032923K(1398144K)
[142.944s][info][gc,metaspace   ] GC(1425) Metaspace: 131737K(133440K)->131737K(133440K) NonClass: 114894K(115648K)->114894K(115648K) Class: 16842K(17792K)->16842K(17792K)
[142.944s][info][gc             ] GC(1425) Pause Young (Allocation Failure) 1563M->1020M(1979M) 4.422ms
[142.944s][info][gc,cpu         ] GC(1425) User=0.02s Sys=0.00s Real=0.00s
[143.001s][info][gc,start       ] GC(1426) Pause Young (Allocation Failure)
[143.006s][info][gc,heap        ] GC(1426) DefNew: 571326K(629120K)->13604K(629120K) Eden: 559232K(559232K)->0K(559232K) From: 12094K(69888K)->13604K(69888K)
[143.006s][info][gc,heap        ] GC(1426) Tenured: 1032923K(1398144K)->1032923K(1398144K)
[143.006s][info][gc,metaspace   ] GC(1426) Metaspace: 131737K(133440K)->131737K(133440K) NonClass: 114894K(115648K)->114894K(115648K) Class: 16842K(17792K)->16842K(17792K)
[143.006s][info][gc             ] GC(1426) Pause Young (Allocation Failure) 1566M->1022M(1979M) 4.797ms
[143.006s][info][gc,cpu         ] GC(1426) User=0.00s Sys=0.00s Real=0.00s
[143.062s][info][gc,start       ] GC(1427) Pause Young (Allocation Failure)
[143.066s][info][gc,heap        ] GC(1427) DefNew: 572836K(629120K)->17684K(629120K) Eden: 559232K(559232K)->0K(559232K) From: 13604K(69888K)->17684K(69888K)
[143.066s][info][gc,heap        ] GC(1427) Tenured: 1032923K(1398144K)->1032923K(1398144K)
[143.066s][info][gc,metaspace   ] GC(1427) Metaspace: 131737K(133440K)->131737K(133440K) NonClass: 114894K(115648K)->114894K(115648K) Class: 16842K(17792K)->16842K(17792K)
[143.067s][info][gc             ] GC(1427) Pause Young (Allocation Failure) 1568M->1025M(1979M) 4.918ms
[143.067s][info][gc,cpu         ] GC(1427) User=0.00s Sys=0.00s Real=0.00s
[143.123s][info][gc,start       ] GC(1428) Pause Young (Allocation Failure)
[143.129s][info][gc,heap        ] GC(1428) DefNew: 576916K(629120K)->22373K(629120K) Eden: 559232K(559232K)->0K(559232K) From: 17684K(69888K)->22373K(69888K)
[143.129s][info][gc,heap        ] GC(1428) Tenured: 1032923K(1398144K)->1032923K(1398144K)
[143.129s][info][gc,metaspace   ] GC(1428) Metaspace: 131737K(133440K)->131737K(133440K) NonClass: 114894K(115648K)->114894K(115648K) Class: 16842K(17792K)->16842K(17792K)
[143.129s][info][gc             ] GC(1428) Pause Young (Allocation Failure) 1572M->1030M(1979M) 5.812ms
[143.129s][info][gc,cpu         ] GC(1428) User=0.02s Sys=0.00s Real=0.02s
[143.186s][info][gc,start       ] GC(1429) Pause Young (Allocation Failure)
[143.192s][info][gc,heap        ] GC(1429) DefNew: 581605K(629120K)->26483K(629120K) Eden: 559232K(559232K)->0K(559232K) From: 22373K(69888K)->26483K(69888K)
[143.192s][info][gc,heap        ] GC(1429) Tenured: 1032923K(1398144K)->1032923K(1398144K)
[143.192s][info][gc,metaspace   ] GC(1429) Metaspace: 131737K(133440K)->131737K(133440K) NonClass: 114894K(115648K)->114894K(115648K) Class: 16842K(17792K)->16842K(17792K)
[143.192s][info][gc             ] GC(1429) Pause Young (Allocation Failure) 1576M->1034M(1979M) 6.286ms
[143.193s][info][gc,cpu         ] GC(1429) User=0.02s Sys=0.00s Real=0.02s
[143.248s][info][gc,start       ] GC(1430) Pause Young (Allocation Failure)
[143.254s][info][gc,heap        ] GC(1430) DefNew: 585715K(629120K)->30582K(629120K) Eden: 559232K(559232K)->0K(559232K) From: 26483K(69888K)->30582K(69888K)
[143.254s][info][gc,heap        ] GC(1430) Tenured: 1032923K(1398144K)->1032923K(1398144K)
[143.254s][info][gc,metaspace   ] GC(1430) Metaspace: 131737K(133440K)->131737K(133440K) NonClass: 114894K(115648K)->114894K(115648K) Class: 16842K(17792K)->16842K(17792K)
[143.255s][info][gc             ] GC(1430) Pause Young (Allocation Failure) 1580M->1038M(1979M) 6.270ms
[143.255s][info][gc,cpu         ] GC(1430) User=0.00s Sys=0.00s Real=0.01s
[143.311s][info][gc,start       ] GC(1431) Pause Young (Allocation Failure)
[143.318s][info][gc,heap        ] GC(1431) DefNew: 589814K(629120K)->40914K(629120K) Eden: 559232K(559232K)->0K(559232K) From: 30582K(69888K)->40914K(69888K)
[143.318s][info][gc,heap        ] GC(1431) Tenured: 1032923K(1398144K)->1032923K(1398144K)
[143.318s][info][gc,metaspace   ] GC(1431) Metaspace: 131737K(133440K)->131737K(133440K) NonClass: 114894K(115648K)->114894K(115648K) Class: 16842K(17792K)->16842K(17792K)
[143.318s][info][gc             ] GC(1431) Pause Young (Allocation Failure) 1584M->1048M(1979M) 7.311ms
[143.318s][info][gc,cpu         ] GC(1431) User=0.00s Sys=0.00s Real=0.01s
[143.374s][info][gc,start       ] GC(1432) Pause Young (Allocation Failure)
[143.381s][info][gc,heap        ] GC(1432) DefNew: 600146K(629120K)->35718K(629120K) Eden: 559232K(559232K)->0K(559232K) From: 40914K(69888K)->35718K(69888K)
[143.381s][info][gc,heap        ] GC(1432) Tenured: 1032923K(1398144K)->1043002K(1398144K)
[143.381s][info][gc,metaspace   ] GC(1432) Metaspace: 131737K(133440K)->131737K(133440K) NonClass: 114894K(115648K)->114894K(115648K) Class: 16842K(17792K)->16842K(17792K)
[143.381s][info][gc             ] GC(1432) Pause Young (Allocation Failure) 1594M->1053M(1979M) 7.601ms
[143.381s][info][gc,cpu         ] GC(1432) User=0.00s Sys=0.00s Real=0.01s
[143.437s][info][gc,start       ] GC(1433) Pause Young (Allocation Failure)
[143.442s][info][gc,heap        ] GC(1433) DefNew: 594950K(629120K)->32591K(629120K) Eden: 559232K(559232K)->0K(559232K) From: 35718K(69888K)->32591K(69888K)
[143.442s][info][gc,heap        ] GC(1433) Tenured: 1043002K(1398144K)->1047099K(1398144K)
[143.442s][info][gc,metaspace   ] GC(1433) Metaspace: 131737K(133440K)->131737K(133440K) NonClass: 114894K(115648K)->114894K(115648K) Class: 16842K(17792K)->16842K(17792K)
[143.442s][info][gc             ] GC(1433) Pause Young (Allocation Failure) 1599M->1054M(1979M) 5.239ms
[143.443s][info][gc,cpu         ] GC(1433) User=0.00s Sys=0.00s Real=0.00s
[143.498s][info][gc,start       ] GC(1434) Pause Young (Allocation Failure)
[143.503s][info][gc,heap        ] GC(1434) DefNew: 591823K(629120K)->36693K(629120K) Eden: 559232K(559232K)->0K(559232K) From: 32591K(69888K)->36693K(69888K)
[143.503s][info][gc,heap        ] GC(1434) Tenured: 1047099K(1398144K)->1047099K(1398144K)
[143.503s][info][gc,metaspace   ] GC(1434) Metaspace: 131737K(133440K)->131737K(133440K) NonClass: 114894K(115648K)->114894K(115648K) Class: 16842K(17792K)->16842K(17792K)
[143.503s][info][gc             ] GC(1434) Pause Young (Allocation Failure) 1600M->1058M(1979M) 5.523ms
[143.504s][info][gc,cpu         ] GC(1434) User=0.00s Sys=0.00s Real=0.02s
[143.559s][info][gc,start       ] GC(1435) Pause Young (Allocation Failure)
[143.565s][info][gc,heap        ] GC(1435) DefNew: 595925K(629120K)->36684K(629120K) Eden: 559232K(559232K)->0K(559232K) From: 36693K(69888K)->36684K(69888K)
[143.565s][info][gc,heap        ] GC(1435) Tenured: 1047099K(1398144K)->1051198K(1398144K)
[143.565s][info][gc,metaspace   ] GC(1435) Metaspace: 131737K(133440K)->131737K(133440K) NonClass: 114894K(115648K)->114894K(115648K) Class: 16842K(17792K)->16842K(17792K)
[143.565s][info][gc             ] GC(1435) Pause Young (Allocation Failure) 1604M->1062M(1979M) 5.794ms
[143.565s][info][gc,cpu         ] GC(1435) User=0.00s Sys=0.00s Real=0.02s
[143.621s][info][gc,start       ] GC(1436) Pause Young (Allocation Failure)
[143.627s][info][gc,heap        ] GC(1436) DefNew: 595916K(629120K)->36682K(629120K) Eden: 559232K(559232K)->0K(559232K) From: 36684K(69888K)->36682K(69888K)
[143.627s][info][gc,heap        ] GC(1436) Tenured: 1051198K(1398144K)->1055295K(1398144K)
[143.627s][info][gc,metaspace   ] GC(1436) Metaspace: 131737K(133440K)->131737K(133440K) NonClass: 114894K(115648K)->114894K(115648K) Class: 16842K(17792K)->16842K(17792K)
[143.627s][info][gc             ] GC(1436) Pause Young (Allocation Failure) 1608M->1066M(1979M) 5.736ms
[143.627s][info][gc,cpu         ] GC(1436) User=0.00s Sys=0.00s Real=0.02s
[143.682s][info][gc,start       ] GC(1437) Pause Young (Allocation Failure)
[143.688s][info][gc,heap        ] GC(1437) DefNew: 595914K(629120K)->39811K(629120K) Eden: 559232K(559232K)->0K(559232K) From: 36682K(69888K)->39811K(69888K)
[143.688s][info][gc,heap        ] GC(1437) Tenured: 1055295K(1398144K)->1059393K(1398144K)
[143.688s][info][gc,metaspace   ] GC(1437) Metaspace: 131737K(133440K)->131737K(133440K) NonClass: 114894K(115648K)->114894K(115648K) Class: 16842K(17792K)->16842K(17792K)
[143.688s][info][gc             ] GC(1437) Pause Young (Allocation Failure) 1612M->1073M(1979M) 5.956ms
[143.688s][info][gc,cpu         ] GC(1437) User=0.00s Sys=0.00s Real=0.00s
[143.752s][info][gc,start       ] GC(1438) Pause Young (Allocation Failure)
[143.758s][info][gc,heap        ] GC(1438) DefNew: 599043K(629120K)->33302K(629120K) Eden: 559232K(559232K)->0K(559232K) From: 39811K(69888K)->33302K(69888K)
[143.758s][info][gc,heap        ] GC(1438) Tenured: 1059393K(1398144K)->1067587K(1398144K)
[143.758s][info][gc,metaspace   ] GC(1438) Metaspace: 131739K(133440K)->131739K(133440K) NonClass: 114896K(115648K)->114896K(115648K) Class: 16842K(17792K)->16842K(17792K)
[143.758s][info][gc             ] GC(1438) Pause Young (Allocation Failure) 1619M->1075M(1979M) 6.294ms
[143.759s][info][gc,cpu         ] GC(1438) User=0.02s Sys=0.00s Real=0.02s
[143.848s][info][gc,start       ] GC(1439) Pause Young (Allocation Failure)
[143.855s][info][gc,heap        ] GC(1439) DefNew: 592534K(629120K)->48678K(629120K) Eden: 559232K(559232K)->0K(559232K) From: 33302K(69888K)->48678K(69888K)
[143.855s][info][gc,heap        ] GC(1439) Tenured: 1067587K(1398144K)->1067587K(1398144K)
[143.855s][info][gc,metaspace   ] GC(1439) Metaspace: 131745K(133440K)->131745K(133440K) NonClass: 114903K(115648K)->114903K(115648K) Class: 16842K(17792K)->16842K(17792K)
[143.855s][info][gc             ] GC(1439) Pause Young (Allocation Failure) 1621M->1090M(1979M) 7.055ms
[143.855s][info][gc,cpu         ] GC(1439) User=0.00s Sys=0.00s Real=0.00s
[143.943s][info][gc,start       ] GC(1440) Pause Young (Allocation Failure)
[143.950s][info][gc,heap        ] GC(1440) DefNew: 605656K(629120K)->43774K(629120K) Eden: 556978K(559232K)->0K(559232K) From: 48678K(69888K)->43774K(69888K)
[143.950s][info][gc,heap        ] GC(1440) Tenured: 1067587K(1398144K)->1083976K(1398144K)
[143.950s][info][gc,metaspace   ] GC(1440) Metaspace: 131745K(133440K)->131745K(133440K) NonClass: 114903K(115648K)->114903K(115648K) Class: 16842K(17792K)->16842K(17792K)
[143.950s][info][gc             ] GC(1440) Pause Young (Allocation Failure) 1634M->1101M(1979M) 7.560ms
[143.950s][info][gc,cpu         ] GC(1440) User=0.00s Sys=0.00s Real=0.00s
[144.038s][info][gc,start       ] GC(1441) Pause Young (Allocation Failure)
[144.045s][info][gc,heap        ] GC(1441) DefNew: 603006K(629120K)->42949K(629120K) Eden: 559232K(559232K)->0K(559232K) From: 43774K(69888K)->42949K(69888K)
[144.045s][info][gc,heap        ] GC(1441) Tenured: 1083976K(1398144K)->1096720K(1398144K)
[144.045s][info][gc,metaspace   ] GC(1441) Metaspace: 131745K(133440K)->131745K(133440K) NonClass: 114903K(115648K)->114903K(115648K) Class: 16842K(17792K)->16842K(17792K)
[144.045s][info][gc             ] GC(1441) Pause Young (Allocation Failure) 1647M->1112M(1979M) 7.073ms
[144.045s][info][gc,cpu         ] GC(1441) User=0.00s Sys=0.00s Real=0.00s
[144.134s][info][gc,start       ] GC(1442) Pause Young (Allocation Failure)
[144.141s][info][gc,heap        ] GC(1442) DefNew: 602181K(629120K)->46389K(629120K) Eden: 559232K(559232K)->0K(559232K) From: 42949K(69888K)->46389K(69888K)
[144.141s][info][gc,heap        ] GC(1442) Tenured: 1096720K(1398144K)->1109034K(1398144K)
[144.141s][info][gc,metaspace   ] GC(1442) Metaspace: 131745K(133440K)->131745K(133440K) NonClass: 114903K(115648K)->114903K(115648K) Class: 16842K(17792K)->16842K(17792K)
[144.141s][info][gc             ] GC(1442) Pause Young (Allocation Failure) 1659M->1128M(1979M) 7.556ms
[144.141s][info][gc,cpu         ] GC(1442) User=0.00s Sys=0.00s Real=0.01s
[144.229s][info][gc,start       ] GC(1443) Pause Young (Allocation Failure)
[144.236s][info][gc,heap        ] GC(1443) DefNew: 605621K(629120K)->45845K(629120K) Eden: 559232K(559232K)->0K(559232K) From: 46389K(69888K)->45845K(69888K)
[144.237s][info][gc,heap        ] GC(1443) Tenured: 1109034K(1398144K)->1121327K(1398144K)
[144.237s][info][gc,metaspace   ] GC(1443) Metaspace: 131745K(133440K)->131745K(133440K) NonClass: 114903K(115648K)->114903K(115648K) Class: 16842K(17792K)->16842K(17792K)
[144.237s][info][gc             ] GC(1443) Pause Young (Allocation Failure) 1674M->1139M(1979M) 7.089ms
[144.237s][info][gc,cpu         ] GC(1443) User=0.00s Sys=0.00s Real=0.00s
[144.326s][info][gc,start       ] GC(1444) Pause Young (Allocation Failure)
[144.334s][info][gc,heap        ] GC(1444) DefNew: 605077K(629120K)->44873K(629120K) Eden: 559232K(559232K)->0K(559232K) From: 45845K(69888K)->44873K(69888K)
[144.334s][info][gc,heap        ] GC(1444) Tenured: 1121327K(1398144K)->1137714K(1398144K)
[144.334s][info][gc,metaspace   ] GC(1444) Metaspace: 131745K(133440K)->131745K(133440K) NonClass: 114903K(115648K)->114903K(115648K) Class: 16842K(17792K)->16842K(17792K)
[144.334s][info][gc             ] GC(1444) Pause Young (Allocation Failure) 1685M->1154M(1979M) 7.497ms
[144.334s][info][gc,cpu         ] GC(1444) User=0.00s Sys=0.00s Real=0.00s
[144.424s][info][gc,start       ] GC(1445) Pause Young (Allocation Failure)
[144.431s][info][gc,heap        ] GC(1445) DefNew: 604105K(629120K)->27853K(629120K) Eden: 559232K(559232K)->0K(559232K) From: 44873K(69888K)->27853K(69888K)
[144.431s][info][gc,heap        ] GC(1445) Tenured: 1137714K(1398144K)->1162298K(1398144K)
[144.431s][info][gc,metaspace   ] GC(1445) Metaspace: 131745K(133440K)->131745K(133440K) NonClass: 114903K(115648K)->114903K(115648K) Class: 16842K(17792K)->16842K(17792K)
[144.431s][info][gc             ] GC(1445) Pause Young (Allocation Failure) 1700M->1162M(1979M) 7.313ms
[144.431s][info][gc,cpu         ] GC(1445) User=0.02s Sys=0.00s Real=0.02s
[144.515s][info][gc,start       ] GC(1446) Pause Young (Allocation Failure)
[144.520s][info][gc,heap        ] GC(1446) DefNew: 587085K(629120K)->33718K(629120K) Eden: 559232K(559232K)->0K(559232K) From: 27853K(69888K)->33718K(69888K)
[144.520s][info][gc,heap        ] GC(1446) Tenured: 1162298K(1398144K)->1162298K(1398144K)
[144.520s][info][gc,metaspace   ] GC(1446) Metaspace: 131745K(133440K)->131745K(133440K) NonClass: 114903K(115648K)->114903K(115648K) Class: 16842K(17792K)->16842K(17792K)
[144.520s][info][gc             ] GC(1446) Pause Young (Allocation Failure) 1708M->1167M(1979M) 4.977ms
[144.520s][info][gc,cpu         ] GC(1446) User=0.00s Sys=0.00s Real=0.00s
[144.606s][info][gc,start       ] GC(1447) Pause Young (Allocation Failure)
[144.612s][info][gc,heap        ] GC(1447) DefNew: 586881K(629120K)->44518K(629120K) Eden: 553163K(559232K)->0K(559232K) From: 33718K(69888K)->44518K(69888K)
[144.612s][info][gc,heap        ] GC(1447) Tenured: 1162298K(1398144K)->1162298K(1398144K)
[144.612s][info][gc,metaspace   ] GC(1447) Metaspace: 131745K(133440K)->131745K(133440K) NonClass: 114903K(115648K)->114903K(115648K) Class: 16842K(17792K)->16842K(17792K)
[144.612s][info][gc             ] GC(1447) Pause Young (Allocation Failure) 1708M->1178M(1979M) 5.930ms
[144.612s][info][gc,cpu         ] GC(1447) User=0.00s Sys=0.00s Real=0.00s
[144.699s][info][gc,start       ] GC(1448) Pause Young (Allocation Failure)
[144.706s][info][gc,heap        ] GC(1448) DefNew: 603750K(629120K)->41785K(629120K) Eden: 559232K(559232K)->0K(559232K) From: 44518K(69888K)->41785K(69888K)
[144.706s][info][gc,heap        ] GC(1448) Tenured: 1162298K(1398144K)->1174591K(1398144K)
[144.706s][info][gc,metaspace   ] GC(1448) Metaspace: 131745K(133440K)->131745K(133440K) NonClass: 114903K(115648K)->114903K(115648K) Class: 16842K(17792K)->16842K(17792K)
[144.706s][info][gc             ] GC(1448) Pause Young (Allocation Failure) 1724M->1187M(1979M) 6.809ms
[144.706s][info][gc,cpu         ] GC(1448) User=0.00s Sys=0.00s Real=0.00s
[144.794s][info][gc,start       ] GC(1449) Pause Young (Allocation Failure)
[144.801s][info][gc,heap        ] GC(1449) DefNew: 601017K(629120K)->39157K(629120K) Eden: 559232K(559232K)->0K(559232K) From: 41785K(69888K)->39157K(69888K)
[144.801s][info][gc,heap        ] GC(1449) Tenured: 1174591K(1398144K)->1186930K(1398144K)
[144.801s][info][gc,metaspace   ] GC(1449) Metaspace: 131745K(133440K)->131745K(133440K) NonClass: 114903K(115648K)->114903K(115648K) Class: 16842K(17792K)->16842K(17792K)
[144.801s][info][gc             ] GC(1449) Pause Young (Allocation Failure) 1733M->1197M(1979M) 6.807ms
[144.801s][info][gc,cpu         ] GC(1449) User=0.00s Sys=0.00s Real=0.00s
[144.889s][info][gc,start       ] GC(1450) Pause Young (Allocation Failure)
[144.895s][info][gc,heap        ] GC(1450) DefNew: 598389K(629120K)->32770K(629120K) Eden: 559232K(559232K)->0K(559232K) From: 39157K(69888K)->32770K(69888K)
[144.895s][info][gc,heap        ] GC(1450) Tenured: 1186930K(1398144K)->1195126K(1398144K)
[144.895s][info][gc,metaspace   ] GC(1450) Metaspace: 131745K(133440K)->131745K(133440K) NonClass: 114903K(115648K)->114903K(115648K) Class: 16842K(17792K)->16842K(17792K)
[144.895s][info][gc             ] GC(1450) Pause Young (Allocation Failure) 1743M->1199M(1979M) 6.057ms
[144.895s][info][gc,cpu         ] GC(1450) User=0.00s Sys=0.00s Real=0.00s
[144.983s][info][gc,start       ] GC(1451) Pause Young (Allocation Failure)
[144.988s][info][gc,heap        ] GC(1451) DefNew: 592002K(629120K)->41742K(629120K) Eden: 559232K(559232K)->0K(559232K) From: 32770K(69888K)->41742K(69888K)
[144.988s][info][gc,heap        ] GC(1451) Tenured: 1195126K(1398144K)->1195126K(1398144K)
[144.988s][info][gc,metaspace   ] GC(1451) Metaspace: 131745K(133440K)->131745K(133440K) NonClass: 114903K(115648K)->114903K(115648K) Class: 16842K(17792K)->16842K(17792K)
[144.988s][info][gc             ] GC(1451) Pause Young (Allocation Failure) 1745M->1207M(1979M) 5.724ms
[144.988s][info][gc,cpu         ] GC(1451) User=0.00s Sys=0.00s Real=0.00s
[145.077s][info][gc,start       ] GC(1452) Pause Young (Allocation Failure)
[145.083s][info][gc,heap        ] GC(1452) DefNew: 600974K(629120K)->35017K(629120K) Eden: 559232K(559232K)->0K(559232K) From: 41742K(69888K)->35017K(69888K)
[145.083s][info][gc,heap        ] GC(1452) Tenured: 1195126K(1398144K)->1207417K(1398144K)
[145.083s][info][gc,metaspace   ] GC(1452) Metaspace: 131745K(133440K)->131745K(133440K) NonClass: 114903K(115648K)->114903K(115648K) Class: 16842K(17792K)->16842K(17792K)
[145.083s][info][gc             ] GC(1452) Pause Young (Allocation Failure) 1754M->1213M(1979M) 6.606ms
[145.083s][info][gc,cpu         ] GC(1452) User=0.00s Sys=0.00s Real=0.00s
[145.179s][info][gc,start       ] GC(1453) Pause Young (Allocation Failure)
[145.185s][info][gc,heap        ] GC(1453) DefNew: 592348K(629120K)->34452K(629120K) Eden: 557330K(559232K)->0K(559232K) From: 35017K(69888K)->34452K(69888K)
[145.185s][info][gc,heap        ] GC(1453) Tenured: 1207417K(1398144K)->1211534K(1398144K)
[145.185s][info][gc,metaspace   ] GC(1453) Metaspace: 131745K(133440K)->131745K(133440K) NonClass: 114903K(115648K)->114903K(115648K) Class: 16842K(17792K)->16842K(17792K)
[145.185s][info][gc             ] GC(1453) Pause Young (Allocation Failure) 1757M->1216M(1979M) 5.683ms
[145.185s][info][gc,cpu         ] GC(1453) User=0.00s Sys=0.00s Real=0.01s
[145.270s][info][gc,start       ] GC(1454) Pause Young (Allocation Failure)
[145.275s][info][gc,heap        ] GC(1454) DefNew: 593684K(629120K)->36016K(629120K) Eden: 559232K(559232K)->0K(559232K) From: 34452K(69888K)->36016K(69888K)
[145.275s][info][gc,heap        ] GC(1454) Tenured: 1211534K(1398144K)->1211534K(1398144K)
[145.275s][info][gc,metaspace   ] GC(1454) Metaspace: 131745K(133440K)->131745K(133440K) NonClass: 114903K(115648K)->114903K(115648K) Class: 16842K(17792K)->16842K(17792K)
[145.275s][info][gc             ] GC(1454) Pause Young (Allocation Failure) 1762M->1218M(1979M) 5.178ms
[145.275s][info][gc,cpu         ] GC(1454) User=0.00s Sys=0.00s Real=0.00s
[145.358s][info][gc,start       ] GC(1455) Pause Young (Allocation Failure)
[145.363s][info][gc,heap        ] GC(1455) DefNew: 595248K(629120K)->24637K(629120K) Eden: 559232K(559232K)->0K(559232K) From: 36016K(69888K)->24637K(69888K)
[145.363s][info][gc,heap        ] GC(1455) Tenured: 1211534K(1398144K)->1219708K(1398144K)
[145.363s][info][gc,metaspace   ] GC(1455) Metaspace: 131745K(133440K)->131745K(133440K) NonClass: 114903K(115648K)->114903K(115648K) Class: 16842K(17792K)->16842K(17792K)
[145.363s][info][gc             ] GC(1455) Pause Young (Allocation Failure) 1764M->1215M(1979M) 5.072ms
[145.363s][info][gc,cpu         ] GC(1455) User=0.00s Sys=0.00s Real=0.00s
[145.445s][info][gc,start       ] GC(1456) Pause Young (Allocation Failure)
[145.450s][info][gc,heap        ] GC(1456) DefNew: 583869K(629120K)->26282K(629120K) Eden: 559232K(559232K)->0K(559232K) From: 24637K(69888K)->26282K(69888K)
[145.450s][info][gc,heap        ] GC(1456) Tenured: 1219708K(1398144K)->1219708K(1398144K)
[145.450s][info][gc,metaspace   ] GC(1456) Metaspace: 131745K(133440K)->131745K(133440K) NonClass: 114903K(115648K)->114903K(115648K) Class: 16842K(17792K)->16842K(17792K)
[145.450s][info][gc             ] GC(1456) Pause Young (Allocation Failure) 1761M->1216M(1979M) 4.505ms
[145.450s][info][gc,cpu         ] GC(1456) User=0.00s Sys=0.00s Real=0.00s
[145.535s][info][gc,start       ] GC(1457) Pause Young (Allocation Failure)
[145.540s][info][gc,heap        ] GC(1457) DefNew: 584458K(629120K)->33591K(629120K) Eden: 558175K(559232K)->0K(559232K) From: 26282K(69888K)->33591K(69888K)
[145.540s][info][gc,heap        ] GC(1457) Tenured: 1219708K(1398144K)->1219708K(1398144K)
[145.540s][info][gc,metaspace   ] GC(1457) Metaspace: 131745K(133440K)->131745K(133440K) NonClass: 114903K(115648K)->114903K(115648K) Class: 16842K(17792K)->16842K(17792K)
[145.541s][info][gc             ] GC(1457) Pause Young (Allocation Failure) 1761M->1223M(1979M) 5.256ms
[145.541s][info][gc,cpu         ] GC(1457) User=0.00s Sys=0.00s Real=0.01s
[145.628s][info][gc,start       ] GC(1458) Pause Young (Allocation Failure)
[145.633s][info][gc,heap        ] GC(1458) DefNew: 592823K(629120K)->35074K(629120K) Eden: 559232K(559232K)->0K(559232K) From: 33591K(69888K)->35074K(69888K)
[145.633s][info][gc,heap        ] GC(1458) Tenured: 1219708K(1398144K)->1219708K(1398144K)
[145.633s][info][gc,metaspace   ] GC(1458) Metaspace: 131745K(133440K)->131745K(133440K) NonClass: 114903K(115648K)->114903K(115648K) Class: 16842K(17792K)->16842K(17792K)
[145.633s][info][gc             ] GC(1458) Pause Young (Allocation Failure) 1770M->1225M(1979M) 5.112ms
[145.633s][info][gc,cpu         ] GC(1458) User=0.00s Sys=0.00s Real=0.00s
[145.720s][info][gc,start       ] GC(1459) Pause Young (Allocation Failure)
[145.725s][info][gc,heap        ] GC(1459) DefNew: 594306K(629120K)->24225K(629120K) Eden: 559232K(559232K)->0K(559232K) From: 35074K(69888K)->24225K(69888K)
[145.725s][info][gc,heap        ] GC(1459) Tenured: 1219708K(1398144K)->1227902K(1398144K)
[145.725s][info][gc,metaspace   ] GC(1459) Metaspace: 131745K(133440K)->131745K(133440K) NonClass: 114903K(115648K)->114903K(115648K) Class: 16842K(17792K)->16842K(17792K)
[145.725s][info][gc             ] GC(1459) Pause Young (Allocation Failure) 1771M->1222M(1979M) 5.156ms
[145.725s][info][gc,cpu         ] GC(1459) User=0.00s Sys=0.00s Real=0.00s
[145.812s][info][gc,start       ] GC(1460) Pause Young (Allocation Failure)
[145.817s][info][gc,heap        ] GC(1460) DefNew: 583457K(629120K)->30090K(629120K) Eden: 559232K(559232K)->0K(559232K) From: 24225K(69888K)->30090K(69888K)
[145.817s][info][gc,heap        ] GC(1460) Tenured: 1227902K(1398144K)->1227902K(1398144K)
[145.817s][info][gc,metaspace   ] GC(1460) Metaspace: 131745K(133440K)->131745K(133440K) NonClass: 114903K(115648K)->114903K(115648K) Class: 16842K(17792K)->16842K(17792K)
[145.817s][info][gc             ] GC(1460) Pause Young (Allocation Failure) 1768M->1228M(1979M) 4.920ms
[145.817s][info][gc,cpu         ] GC(1460) User=0.02s Sys=0.00s Real=0.02s
[145.904s][info][gc,start       ] GC(1461) Pause Young (Allocation Failure)
[145.909s][info][gc,heap        ] GC(1461) DefNew: 589322K(629120K)->25530K(629120K) Eden: 559232K(559232K)->0K(559232K) From: 30090K(69888K)->25530K(69888K)
[145.909s][info][gc,heap        ] GC(1461) Tenured: 1227902K(1398144K)->1227902K(1398144K)
[145.909s][info][gc,metaspace   ] GC(1461) Metaspace: 131745K(133440K)->131745K(133440K) NonClass: 114903K(115648K)->114903K(115648K) Class: 16842K(17792K)->16842K(17792K)
[145.909s][info][gc             ] GC(1461) Pause Young (Allocation Failure) 1774M->1224M(1979M) 4.554ms
[145.909s][info][gc,cpu         ] GC(1461) User=0.02s Sys=0.00s Real=0.01s
[145.996s][info][gc,start       ] GC(1462) Pause Young (Allocation Failure)
[146.000s][info][gc,heap        ] GC(1462) DefNew: 584762K(629120K)->25406K(629120K) Eden: 559232K(559232K)->0K(559232K) From: 25530K(69888K)->25406K(69888K)
[146.000s][info][gc,heap        ] GC(1462) Tenured: 1227902K(1398144K)->1227902K(1398144K)
[146.000s][info][gc,metaspace   ] GC(1462) Metaspace: 131745K(133440K)->131745K(133440K) NonClass: 114903K(115648K)->114903K(115648K) Class: 16842K(17792K)->16842K(17792K)
[146.000s][info][gc             ] GC(1462) Pause Young (Allocation Failure) 1770M->1223M(1979M) 4.363ms
[146.000s][info][gc,cpu         ] GC(1462) User=0.00s Sys=0.00s Real=0.00s
[146.086s][info][gc,start       ] GC(1463) Pause Young (Allocation Failure)
[146.091s][info][gc,heap        ] GC(1463) DefNew: 582976K(629120K)->27850K(629120K) Eden: 557569K(559232K)->0K(559232K) From: 25406K(69888K)->27850K(69888K)
[146.091s][info][gc,heap        ] GC(1463) Tenured: 1227902K(1398144K)->1227902K(1398144K)
[146.091s][info][gc,metaspace   ] GC(1463) Metaspace: 131746K(133440K)->131746K(133440K) NonClass: 114903K(115648K)->114903K(115648K) Class: 16842K(17792K)->16842K(17792K)
[146.091s][info][gc             ] GC(1463) Pause Young (Allocation Failure) 1768M->1226M(1979M) 4.844ms
[146.091s][info][gc,cpu         ] GC(1463) User=0.00s Sys=0.00s Real=0.00s
[146.179s][info][gc,start       ] GC(1464) Pause Young (Allocation Failure)
[146.183s][info][gc,heap        ] GC(1464) DefNew: 587082K(629120K)->22490K(629120K) Eden: 559232K(559232K)->0K(559232K) From: 27850K(69888K)->22490K(69888K)
[146.183s][info][gc,heap        ] GC(1464) Tenured: 1227902K(1398144K)->1227902K(1398144K)
[146.183s][info][gc,metaspace   ] GC(1464) Metaspace: 131746K(133440K)->131746K(133440K) NonClass: 114903K(115648K)->114903K(115648K) Class: 16842K(17792K)->16842K(17792K)
[146.183s][info][gc             ] GC(1464) Pause Young (Allocation Failure) 1772M->1221M(1979M) 4.108ms
[146.183s][info][gc,cpu         ] GC(1464) User=0.00s Sys=0.00s Real=0.00s
[146.271s][info][gc,start       ] GC(1465) Pause Young (Allocation Failure)
[146.276s][info][gc,heap        ] GC(1465) DefNew: 581722K(629120K)->26988K(629120K) Eden: 559232K(559232K)->0K(559232K) From: 22490K(69888K)->26988K(69888K)
[146.276s][info][gc,heap        ] GC(1465) Tenured: 1227902K(1398144K)->1227902K(1398144K)
[146.276s][info][gc,metaspace   ] GC(1465) Metaspace: 131746K(133440K)->131746K(133440K) NonClass: 114903K(115648K)->114903K(115648K) Class: 16842K(17792K)->16842K(17792K)
[146.276s][info][gc             ] GC(1465) Pause Young (Allocation Failure) 1767M->1225M(1979M) 4.403ms
[146.276s][info][gc,cpu         ] GC(1465) User=0.00s Sys=0.00s Real=0.00s
[146.363s][info][gc,start       ] GC(1466) Pause Young (Allocation Failure)
[146.367s][info][gc,heap        ] GC(1466) DefNew: 586220K(629120K)->26879K(629120K) Eden: 559232K(559232K)->0K(559232K) From: 26988K(69888K)->26879K(69888K)
[146.367s][info][gc,heap        ] GC(1466) Tenured: 1227902K(1398144K)->1227902K(1398144K)
[146.367s][info][gc,metaspace   ] GC(1466) Metaspace: 131746K(133440K)->131746K(133440K) NonClass: 114903K(115648K)->114903K(115648K) Class: 16842K(17792K)->16842K(17792K)
[146.367s][info][gc             ] GC(1466) Pause Young (Allocation Failure) 1771M->1225M(1979M) 4.480ms
[146.367s][info][gc,cpu         ] GC(1466) User=0.00s Sys=0.00s Real=0.02s
[146.453s][info][gc,start       ] GC(1467) Pause Young (Allocation Failure)
[146.457s][info][gc,heap        ] GC(1467) DefNew: 586111K(629120K)->21309K(629120K) Eden: 559232K(559232K)->0K(559232K) From: 26879K(69888K)->21309K(69888K)
[146.457s][info][gc,heap        ] GC(1467) Tenured: 1227902K(1398144K)->1231999K(1398144K)
[146.457s][info][gc,metaspace   ] GC(1467) Metaspace: 131746K(133440K)->131746K(133440K) NonClass: 114903K(115648K)->114903K(115648K) Class: 16842K(17792K)->16842K(17792K)
[146.457s][info][gc             ] GC(1467) Pause Young (Allocation Failure) 1771M->1223M(1979M) 4.416ms
[146.457s][info][gc,cpu         ] GC(1467) User=0.00s Sys=0.00s Real=0.02s
[146.545s][info][gc,start       ] GC(1468) Pause Young (Allocation Failure)
[146.549s][info][gc,heap        ] GC(1468) DefNew: 580541K(629120K)->17743K(629120K) Eden: 559232K(559232K)->0K(559232K) From: 21309K(69888K)->17743K(69888K)
[146.549s][info][gc,heap        ] GC(1468) Tenured: 1231999K(1398144K)->1240235K(1398144K)
[146.549s][info][gc,metaspace   ] GC(1468) Metaspace: 131746K(133440K)->131746K(133440K) NonClass: 114903K(115648K)->114903K(115648K) Class: 16842K(17792K)->16842K(17792K)
[146.549s][info][gc             ] GC(1468) Pause Young (Allocation Failure) 1770M->1228M(1979M) 4.468ms
[146.549s][info][gc,cpu         ] GC(1468) User=0.00s Sys=0.00s Real=0.00s
[146.636s][info][gc,start       ] GC(1469) Pause Young (Allocation Failure)
[146.639s][info][gc,heap        ] GC(1469) DefNew: 576975K(629120K)->9360K(629120K) Eden: 559232K(559232K)->0K(559232K) From: 17743K(69888K)->9360K(69888K)
[146.639s][info][gc,heap        ] GC(1469) Tenured: 1240235K(1398144K)->1240235K(1398144K)
[146.639s][info][gc,metaspace   ] GC(1469) Metaspace: 131746K(133440K)->131746K(133440K) NonClass: 114903K(115648K)->114903K(115648K) Class: 16842K(17792K)->16842K(17792K)
[146.639s][info][gc             ] GC(1469) Pause Young (Allocation Failure) 1774M->1220M(1979M) 3.036ms
[146.640s][info][gc,cpu         ] GC(1469) User=0.00s Sys=0.00s Real=0.00s
[146.730s][info][gc,start       ] GC(1470) Pause Young (Allocation Failure)
[146.733s][info][gc,heap        ] GC(1470) DefNew: 568592K(629120K)->14654K(629120K) Eden: 559232K(559232K)->0K(559232K) From: 9360K(69888K)->14654K(69888K)
[146.733s][info][gc,heap        ] GC(1470) Tenured: 1240235K(1398144K)->1240235K(1398144K)
[146.733s][info][gc,metaspace   ] GC(1470) Metaspace: 131746K(133440K)->131746K(133440K) NonClass: 114903K(115648K)->114903K(115648K) Class: 16842K(17792K)->16842K(17792K)
[146.733s][info][gc             ] GC(1470) Pause Young (Allocation Failure) 1766M->1225M(1979M) 3.506ms
[146.733s][info][gc,cpu         ] GC(1470) User=0.00s Sys=0.00s Real=0.00s
[146.871s][info][gc,start       ] GC(1471) Pause Young (Allocation Failure)
[146.874s][info][gc,heap        ] GC(1471) DefNew: 573886K(629120K)->14195K(629120K) Eden: 559232K(559232K)->0K(559232K) From: 14654K(69888K)->14195K(69888K)
[146.874s][info][gc,heap        ] GC(1471) Tenured: 1240235K(1398144K)->1240235K(1398144K)
[146.874s][info][gc,metaspace   ] GC(1471) Metaspace: 131746K(133440K)->131746K(133440K) NonClass: 114903K(115648K)->114903K(115648K) Class: 16842K(17792K)->16842K(17792K)
[146.874s][info][gc             ] GC(1471) Pause Young (Allocation Failure) 1771M->1225M(1979M) 3.435ms
[146.874s][info][gc,cpu         ] GC(1471) User=0.00s Sys=0.00s Real=0.00s
[147.029s][info][gc,start       ] GC(1472) Pause Full (System.gc())
[147.029s][info][gc,phases,start] GC(1472) Phase 1: Mark live objects
[147.086s][info][gc,phases      ] GC(1472) Phase 1: Mark live objects 57.154ms
[147.086s][info][gc,phases,start] GC(1472) Phase 2: Compute new object addresses
[147.131s][info][gc,phases      ] GC(1472) Phase 2: Compute new object addresses 44.865ms
[147.131s][info][gc,phases,start] GC(1472) Phase 3: Adjust pointers
[147.163s][info][gc,phases      ] GC(1472) Phase 3: Adjust pointers 32.275ms
[147.163s][info][gc,phases,start] GC(1472) Phase 4: Move objects
[147.164s][info][gc,phases      ] GC(1472) Phase 4: Move objects 0.874ms
[147.165s][info][gc,heap        ] GC(1472) DefNew: 265849K(629120K)->0K(629120K) Eden: 251654K(559232K)->0K(559232K) From: 14195K(69888K)->0K(69888K)
[147.165s][info][gc,heap        ] GC(1472) Tenured: 1240235K(1398144K)->969976K(1398144K)
[147.165s][info][gc,metaspace   ] GC(1472) Metaspace: 131799K(133504K)->131799K(133504K) NonClass: 114957K(115712K)->114957K(115712K) Class: 16842K(17792K)->16842K(17792K)
[147.165s][info][gc             ] GC(1472) Pause Full (System.gc()) 1470M->947M(1979M) 136.147ms
[147.165s][info][gc,cpu         ] GC(1472) User=0.14s Sys=0.00s Real=0.14s
[147.297s][info][gc,start       ] GC(1473) Pause Young (Allocation Failure)
[147.302s][info][gc,heap        ] GC(1473) DefNew: 559232K(629120K)->4944K(629120K) Eden: 559232K(559232K)->0K(559232K) From: 0K(69888K)->4944K(69888K)
[147.302s][info][gc,heap        ] GC(1473) Tenured: 969976K(1398144K)->969976K(1398144K)
[147.302s][info][gc,metaspace   ] GC(1473) Metaspace: 131893K(133568K)->131893K(133568K) NonClass: 115051K(115776K)->115051K(115776K) Class: 16842K(17792K)->16842K(17792K)
[147.302s][info][gc             ] GC(1473) Pause Young (Allocation Failure) 1493M->952M(1979M) 4.621ms
[147.302s][info][gc,cpu         ] GC(1473) User=0.02s Sys=0.00s Real=0.00s
[147.359s][info][gc,start       ] GC(1474) Pause Young (Allocation Failure)
[147.363s][info][gc,heap        ] GC(1474) DefNew: 564176K(629120K)->6682K(629120K) Eden: 559232K(559232K)->0K(559232K) From: 4944K(69888K)->6682K(69888K)
[147.363s][info][gc,heap        ] GC(1474) Tenured: 969976K(1398144K)->969976K(1398144K)
[147.363s][info][gc,metaspace   ] GC(1474) Metaspace: 131893K(133568K)->131893K(133568K) NonClass: 115051K(115776K)->115051K(115776K) Class: 16842K(17792K)->16842K(17792K)
[147.363s][info][gc             ] GC(1474) Pause Young (Allocation Failure) 1498M->953M(1979M) 3.788ms
[147.363s][info][gc,cpu         ] GC(1474) User=0.00s Sys=0.00s Real=0.00s
[147.419s][info][gc,start       ] GC(1475) Pause Young (Allocation Failure)
[147.423s][info][gc,heap        ] GC(1475) DefNew: 565914K(629120K)->12149K(629120K) Eden: 559232K(559232K)->0K(559232K) From: 6682K(69888K)->12149K(69888K)
[147.423s][info][gc,heap        ] GC(1475) Tenured: 969976K(1398144K)->969976K(1398144K)
[147.423s][info][gc,metaspace   ] GC(1475) Metaspace: 131893K(133568K)->131893K(133568K) NonClass: 115051K(115776K)->115051K(115776K) Class: 16842K(17792K)->16842K(17792K)
[147.423s][info][gc             ] GC(1475) Pause Young (Allocation Failure) 1499M->959M(1979M) 4.451ms
[147.423s][info][gc,cpu         ] GC(1475) User=0.00s Sys=0.00s Real=0.00s
[147.478s][info][gc,start       ] GC(1476) Pause Young (Allocation Failure)
[147.482s][info][gc,heap        ] GC(1476) DefNew: 571381K(629120K)->11552K(629120K) Eden: 559232K(559232K)->0K(559232K) From: 12149K(69888K)->11552K(69888K)
[147.482s][info][gc,heap        ] GC(1476) Tenured: 969976K(1398144K)->969976K(1398144K)
[147.482s][info][gc,metaspace   ] GC(1476) Metaspace: 131893K(133568K)->131893K(133568K) NonClass: 115051K(115776K)->115051K(115776K) Class: 16842K(17792K)->16842K(17792K)
[147.482s][info][gc             ] GC(1476) Pause Young (Allocation Failure) 1505M->958M(1979M) 4.304ms
[147.482s][info][gc,cpu         ] GC(1476) User=0.00s Sys=0.00s Real=0.00s
[147.537s][info][gc,start       ] GC(1477) Pause Young (Allocation Failure)
[147.542s][info][gc,heap        ] GC(1477) DefNew: 570784K(629120K)->16353K(629120K) Eden: 559232K(559232K)->0K(559232K) From: 11552K(69888K)->16353K(69888K)
[147.542s][info][gc,heap        ] GC(1477) Tenured: 969976K(1398144K)->969976K(1398144K)
[147.542s][info][gc,metaspace   ] GC(1477) Metaspace: 131893K(133568K)->131893K(133568K) NonClass: 115051K(115776K)->115051K(115776K) Class: 16842K(17792K)->16842K(17792K)
[147.542s][info][gc             ] GC(1477) Pause Young (Allocation Failure) 1504M->963M(1979M) 5.011ms
[147.542s][info][gc,cpu         ] GC(1477) User=0.00s Sys=0.00s Real=0.02s
[147.601s][info][gc,start       ] GC(1478) Pause Young (Allocation Failure)
[147.606s][info][gc,heap        ] GC(1478) DefNew: 575585K(629120K)->22173K(629120K) Eden: 559232K(559232K)->0K(559232K) From: 16353K(69888K)->22173K(69888K)
[147.606s][info][gc,heap        ] GC(1478) Tenured: 969976K(1398144K)->969976K(1398144K)
[147.606s][info][gc,metaspace   ] GC(1478) Metaspace: 131899K(133568K)->131899K(133568K) NonClass: 115057K(115776K)->115057K(115776K) Class: 16842K(17792K)->16842K(17792K)
[147.606s][info][gc             ] GC(1478) Pause Young (Allocation Failure) 1509M->968M(1979M) 5.696ms
[147.606s][info][gc,cpu         ] GC(1478) User=0.00s Sys=0.00s Real=0.02s
[147.662s][info][gc,start       ] GC(1479) Pause Young (Allocation Failure)
[147.668s][info][gc,heap        ] GC(1479) DefNew: 581405K(629120K)->25110K(629120K) Eden: 559232K(559232K)->0K(559232K) From: 22173K(69888K)->25110K(69888K)
[147.668s][info][gc,heap        ] GC(1479) Tenured: 969976K(1398144K)->969976K(1398144K)
[147.668s][info][gc,metaspace   ] GC(1479) Metaspace: 131899K(133568K)->131899K(133568K) NonClass: 115057K(115776K)->115057K(115776K) Class: 16842K(17792K)->16842K(17792K)
[147.668s][info][gc             ] GC(1479) Pause Young (Allocation Failure) 1515M->971M(1979M) 5.792ms
[147.668s][info][gc,cpu         ] GC(1479) User=0.00s Sys=0.00s Real=0.02s
[147.724s][info][gc,start       ] GC(1480) Pause Young (Allocation Failure)
[147.730s][info][gc,heap        ] GC(1480) DefNew: 584342K(629120K)->28832K(629120K) Eden: 559232K(559232K)->0K(559232K) From: 25110K(69888K)->28832K(69888K)
[147.730s][info][gc,heap        ] GC(1480) Tenured: 969976K(1398144K)->969976K(1398144K)
[147.730s][info][gc,metaspace   ] GC(1480) Metaspace: 131899K(133568K)->131899K(133568K) NonClass: 115057K(115776K)->115057K(115776K) Class: 16842K(17792K)->16842K(17792K)
[147.730s][info][gc             ] GC(1480) Pause Young (Allocation Failure) 1517M->975M(1979M) 6.163ms
[147.730s][info][gc,cpu         ] GC(1480) User=0.00s Sys=0.00s Real=0.02s
[147.786s][info][gc,start       ] GC(1481) Pause Young (Allocation Failure)
[147.792s][info][gc,heap        ] GC(1481) DefNew: 588064K(629120K)->37728K(629120K) Eden: 559232K(559232K)->0K(559232K) From: 28832K(69888K)->37728K(69888K)
[147.792s][info][gc,heap        ] GC(1481) Tenured: 969976K(1398144K)->969976K(1398144K)
[147.792s][info][gc,metaspace   ] GC(1481) Metaspace: 131899K(133568K)->131899K(133568K) NonClass: 115057K(115776K)->115057K(115776K) Class: 16842K(17792K)->16842K(17792K)
[147.792s][info][gc             ] GC(1481) Pause Young (Allocation Failure) 1521M->984M(1979M) 6.923ms
[147.793s][info][gc,cpu         ] GC(1481) User=0.00s Sys=0.00s Real=0.02s
[147.848s][info][gc,start       ] GC(1482) Pause Young (Allocation Failure)
[147.855s][info][gc,heap        ] GC(1482) DefNew: 596960K(629120K)->31340K(629120K) Eden: 559232K(559232K)->0K(559232K) From: 37728K(69888K)->31340K(69888K)
[147.855s][info][gc,heap        ] GC(1482) Tenured: 969976K(1398144K)->975654K(1398144K)
[147.855s][info][gc,metaspace   ] GC(1482) Metaspace: 131899K(133568K)->131899K(133568K) NonClass: 115057K(115776K)->115057K(115776K) Class: 16842K(17792K)->16842K(17792K)
[147.855s][info][gc             ] GC(1482) Pause Young (Allocation Failure) 1530M->983M(1979M) 7.054ms
[147.855s][info][gc,cpu         ] GC(1482) User=0.00s Sys=0.00s Real=0.01s
[147.912s][info][gc,start       ] GC(1483) Pause Young (Allocation Failure)
[147.917s][info][gc,heap        ] GC(1483) DefNew: 590572K(629120K)->38868K(629120K) Eden: 559232K(559232K)->0K(559232K) From: 31340K(69888K)->38868K(69888K)
[147.918s][info][gc,heap        ] GC(1483) Tenured: 975654K(1398144K)->975654K(1398144K)
[147.918s][info][gc,metaspace   ] GC(1483) Metaspace: 131899K(133568K)->131899K(133568K) NonClass: 115057K(115776K)->115057K(115776K) Class: 16842K(17792K)->16842K(17792K)
[147.918s][info][gc             ] GC(1483) Pause Young (Allocation Failure) 1529M->990M(1979M) 5.966ms
[147.918s][info][gc,cpu         ] GC(1483) User=0.00s Sys=0.00s Real=0.02s
[147.973s][info][gc,start       ] GC(1484) Pause Young (Allocation Failure)
[147.979s][info][gc,heap        ] GC(1484) DefNew: 598100K(629120K)->41671K(629120K) Eden: 559232K(559232K)->0K(559232K) From: 38868K(69888K)->41671K(69888K)
[147.979s][info][gc,heap        ] GC(1484) Tenured: 975654K(1398144K)->979751K(1398144K)
[147.979s][info][gc,metaspace   ] GC(1484) Metaspace: 131899K(133568K)->131899K(133568K) NonClass: 115057K(115776K)->115057K(115776K) Class: 16842K(17792K)->16842K(17792K)
[147.979s][info][gc             ] GC(1484) Pause Young (Allocation Failure) 1536M->997M(1979M) 6.448ms
[147.979s][info][gc,cpu         ] GC(1484) User=0.00s Sys=0.00s Real=0.02s
[148.035s][info][gc,start       ] GC(1485) Pause Young (Allocation Failure)
[148.041s][info][gc,heap        ] GC(1485) DefNew: 600903K(629120K)->30835K(629120K) Eden: 559232K(559232K)->0K(559232K) From: 41671K(69888K)->30835K(69888K)
[148.041s][info][gc,heap        ] GC(1485) Tenured: 979751K(1398144K)->988252K(1398144K)
[148.041s][info][gc,metaspace   ] GC(1485) Metaspace: 131899K(133568K)->131899K(133568K) NonClass: 115057K(115776K)->115057K(115776K) Class: 16842K(17792K)->16842K(17792K)
[148.041s][info][gc             ] GC(1485) Pause Young (Allocation Failure) 1543M->995M(1979M) 5.903ms
[148.041s][info][gc,cpu         ] GC(1485) User=0.00s Sys=0.00s Real=0.00s
[148.096s][info][gc,start       ] GC(1486) Pause Young (Allocation Failure)
[148.101s][info][gc,heap        ] GC(1486) DefNew: 590067K(629120K)->38270K(629120K) Eden: 559232K(559232K)->0K(559232K) From: 30835K(69888K)->38270K(69888K)
[148.101s][info][gc,heap        ] GC(1486) Tenured: 988252K(1398144K)->988252K(1398144K)
[148.101s][info][gc,metaspace   ] GC(1486) Metaspace: 131899K(133568K)->131899K(133568K) NonClass: 115057K(115776K)->115057K(115776K) Class: 16842K(17792K)->16842K(17792K)
[148.102s][info][gc             ] GC(1486) Pause Young (Allocation Failure) 1541M->1002M(1979M) 5.446ms
[148.102s][info][gc,cpu         ] GC(1486) User=0.00s Sys=0.00s Real=0.00s
[148.160s][info][gc,start       ] GC(1487) Pause Young (Allocation Failure)
[148.166s][info][gc,heap        ] GC(1487) DefNew: 597502K(629120K)->35331K(629120K) Eden: 559232K(559232K)->0K(559232K) From: 38270K(69888K)->35331K(69888K)
[148.166s][info][gc,heap        ] GC(1487) Tenured: 988252K(1398144K)->992351K(1398144K)
[148.166s][info][gc,metaspace   ] GC(1487) Metaspace: 131899K(133568K)->131899K(133568K) NonClass: 115057K(115776K)->115057K(115776K) Class: 16842K(17792K)->16842K(17792K)
[148.166s][info][gc             ] GC(1487) Pause Young (Allocation Failure) 1548M->1003M(1979M) 5.826ms
[148.166s][info][gc,cpu         ] GC(1487) User=0.02s Sys=0.00s Real=0.00s
[148.222s][info][gc,start       ] GC(1488) Pause Young (Allocation Failure)
[148.228s][info][gc,heap        ] GC(1488) DefNew: 594563K(629120K)->38244K(629120K) Eden: 559232K(559232K)->0K(559232K) From: 35331K(69888K)->38244K(69888K)
[148.228s][info][gc,heap        ] GC(1488) Tenured: 992351K(1398144K)->996467K(1398144K)
[148.228s][info][gc,metaspace   ] GC(1488) Metaspace: 131899K(133568K)->131899K(133568K) NonClass: 115057K(115776K)->115057K(115776K) Class: 16842K(17792K)->16842K(17792K)
[148.228s][info][gc             ] GC(1488) Pause Young (Allocation Failure) 1549M->1010M(1979M) 6.066ms
[148.228s][info][gc,cpu         ] GC(1488) User=0.02s Sys=0.00s Real=0.00s
[148.294s][info][gc,start       ] GC(1489) Pause Young (Allocation Failure)
[148.300s][info][gc,heap        ] GC(1489) DefNew: 597476K(629120K)->39564K(629120K) Eden: 559232K(559232K)->0K(559232K) From: 38244K(69888K)->39564K(69888K)
[148.300s][info][gc,heap        ] GC(1489) Tenured: 996467K(1398144K)->1000545K(1398144K)
[148.300s][info][gc,metaspace   ] GC(1489) Metaspace: 131984K(133632K)->131984K(133632K) NonClass: 115141K(115840K)->115141K(115840K) Class: 16842K(17792K)->16842K(17792K)
[148.300s][info][gc             ] GC(1489) Pause Young (Allocation Failure) 1556M->1015M(1979M) 6.105ms
[148.300s][info][gc,cpu         ] GC(1489) User=0.00s Sys=0.00s Real=0.00s
[148.387s][info][gc,start       ] GC(1490) Pause Young (Allocation Failure)
[148.394s][info][gc,heap        ] GC(1490) DefNew: 598796K(629120K)->43971K(629120K) Eden: 559232K(559232K)->0K(559232K) From: 39564K(69888K)->43971K(69888K)
[148.394s][info][gc,heap        ] GC(1490) Tenured: 1000545K(1398144K)->1008740K(1398144K)
[148.394s][info][gc,metaspace   ] GC(1490) Metaspace: 131991K(133696K)->131991K(133696K) NonClass: 115149K(115904K)->115149K(115904K) Class: 16842K(17792K)->16842K(17792K)
[148.394s][info][gc             ] GC(1490) Pause Young (Allocation Failure) 1561M->1028M(1979M) 7.261ms
[148.394s][info][gc,cpu         ] GC(1490) User=0.00s Sys=0.00s Real=0.02s
[148.484s][info][gc,start       ] GC(1491) Pause Young (Allocation Failure)
[148.491s][info][gc,heap        ] GC(1491) DefNew: 603203K(629120K)->39677K(629120K) Eden: 559232K(559232K)->0K(559232K) From: 43971K(69888K)->39677K(69888K)
[148.491s][info][gc,heap        ] GC(1491) Tenured: 1008740K(1398144K)->1025129K(1398144K)
[148.491s][info][gc,metaspace   ] GC(1491) Metaspace: 131991K(133696K)->131991K(133696K) NonClass: 115149K(115904K)->115149K(115904K) Class: 16842K(17792K)->16842K(17792K)
[148.491s][info][gc             ] GC(1491) Pause Young (Allocation Failure) 1574M->1039M(1979M) 7.131ms
[148.491s][info][gc,cpu         ] GC(1491) User=0.00s Sys=0.00s Real=0.00s
[148.581s][info][gc,start       ] GC(1492) Pause Young (Allocation Failure)
[148.588s][info][gc,heap        ] GC(1492) DefNew: 598909K(629120K)->43619K(629120K) Eden: 559232K(559232K)->0K(559232K) From: 39677K(69888K)->43619K(69888K)
[148.588s][info][gc,heap        ] GC(1492) Tenured: 1025129K(1398144K)->1033672K(1398144K)
[148.588s][info][gc,metaspace   ] GC(1492) Metaspace: 131991K(133696K)->131991K(133696K) NonClass: 115149K(115904K)->115149K(115904K) Class: 16842K(17792K)->16842K(17792K)
[148.588s][info][gc             ] GC(1492) Pause Young (Allocation Failure) 1585M->1052M(1979M) 7.101ms
[148.588s][info][gc,cpu         ] GC(1492) User=0.00s Sys=0.00s Real=0.00s
[148.676s][info][gc,start       ] GC(1493) Pause Young (Allocation Failure)
[148.684s][info][gc,heap        ] GC(1493) DefNew: 602851K(629120K)->49547K(629120K) Eden: 559232K(559232K)->0K(559232K) From: 43619K(69888K)->49547K(69888K)
[148.684s][info][gc,heap        ] GC(1493) Tenured: 1033672K(1398144K)->1046089K(1398144K)
[148.684s][info][gc,metaspace   ] GC(1493) Metaspace: 131991K(133696K)->131991K(133696K) NonClass: 115149K(115904K)->115149K(115904K) Class: 16842K(17792K)->16842K(17792K)
[148.684s][info][gc             ] GC(1493) Pause Young (Allocation Failure) 1598M->1069M(1979M) 7.636ms
[148.684s][info][gc,cpu         ] GC(1493) User=0.00s Sys=0.00s Real=0.00s
[148.773s][info][gc,start       ] GC(1494) Pause Young (Allocation Failure)
[148.780s][info][gc,heap        ] GC(1494) DefNew: 608779K(629120K)->31018K(629120K) Eden: 559232K(559232K)->0K(559232K) From: 49547K(69888K)->31018K(69888K)
[148.780s][info][gc,heap        ] GC(1494) Tenured: 1046089K(1398144K)->1074770K(1398144K)
[148.780s][info][gc,metaspace   ] GC(1494) Metaspace: 131991K(133696K)->131991K(133696K) NonClass: 115149K(115904K)->115149K(115904K) Class: 16842K(17792K)->16842K(17792K)
[148.780s][info][gc             ] GC(1494) Pause Young (Allocation Failure) 1616M->1079M(1979M) 7.624ms
[148.780s][info][gc,cpu         ] GC(1494) User=0.00s Sys=0.00s Real=0.01s
[148.869s][info][gc,start       ] GC(1495) Pause Young (Allocation Failure)
[148.875s][info][gc,heap        ] GC(1495) DefNew: 590250K(629120K)->42627K(629120K) Eden: 559232K(559232K)->0K(559232K) From: 31018K(69888K)->42627K(69888K)
[148.875s][info][gc,heap        ] GC(1495) Tenured: 1074770K(1398144K)->1074770K(1398144K)
[148.875s][info][gc,metaspace   ] GC(1495) Metaspace: 131991K(133696K)->131991K(133696K) NonClass: 115149K(115904K)->115149K(115904K) Class: 16842K(17792K)->16842K(17792K)
[148.875s][info][gc             ] GC(1495) Pause Young (Allocation Failure) 1625M->1091M(1979M) 5.924ms
[148.875s][info][gc,cpu         ] GC(1495) User=0.00s Sys=0.00s Real=0.02s
[148.966s][info][gc,start       ] GC(1496) Pause Young (Allocation Failure)
[148.973s][info][gc,heap        ] GC(1496) DefNew: 601859K(629120K)->47365K(629120K) Eden: 559232K(559232K)->0K(559232K) From: 42627K(69888K)->47365K(69888K)
[148.974s][info][gc,heap        ] GC(1496) Tenured: 1074770K(1398144K)->1082965K(1398144K)
[148.974s][info][gc,metaspace   ] GC(1496) Metaspace: 131991K(133696K)->131991K(133696K) NonClass: 115149K(115904K)->115149K(115904K) Class: 16842K(17792K)->16842K(17792K)
[148.974s][info][gc             ] GC(1496) Pause Young (Allocation Failure) 1637M->1103M(1979M) 7.714ms
[148.974s][info][gc,cpu         ] GC(1496) User=0.00s Sys=0.00s Real=0.02s
[149.057s][info][gc,start       ] GC(1497) Pause Young (Allocation Failure)
[149.063s][info][gc,heap        ] GC(1497) DefNew: 606597K(629120K)->36049K(629120K) Eden: 559232K(559232K)->0K(559232K) From: 47365K(69888K)->36049K(69888K)
[149.063s][info][gc,heap        ] GC(1497) Tenured: 1082965K(1398144K)->1099353K(1398144K)
[149.063s][info][gc,metaspace   ] GC(1497) Metaspace: 131991K(133696K)->131991K(133696K) NonClass: 115149K(115904K)->115149K(115904K) Class: 16842K(17792K)->16842K(17792K)
[149.063s][info][gc             ] GC(1497) Pause Young (Allocation Failure) 1649M->1108M(1979M) 6.704ms
[149.064s][info][gc,cpu         ] GC(1497) User=0.00s Sys=0.00s Real=0.02s
[149.150s][info][gc,start       ] GC(1498) Pause Young (Allocation Failure)
[149.157s][info][gc,heap        ] GC(1498) DefNew: 595281K(629120K)->29050K(629120K) Eden: 559232K(559232K)->0K(559232K) From: 36049K(69888K)->29050K(69888K)
[149.157s][info][gc,heap        ] GC(1498) Tenured: 1099353K(1398144K)->1115745K(1398144K)
[149.157s][info][gc,metaspace   ] GC(1498) Metaspace: 131991K(133696K)->131991K(133696K) NonClass: 115149K(115904K)->115149K(115904K) Class: 16842K(17792K)->16842K(17792K)
[149.157s][info][gc             ] GC(1498) Pause Young (Allocation Failure) 1654M->1117M(1979M) 6.910ms
[149.157s][info][gc,cpu         ] GC(1498) User=0.00s Sys=0.00s Real=0.00s
[149.243s][info][gc,start       ] GC(1499) Pause Young (Allocation Failure)
[149.249s][info][gc,heap        ] GC(1499) DefNew: 588282K(629120K)->37689K(629120K) Eden: 559232K(559232K)->0K(559232K) From: 29050K(69888K)->37689K(69888K)
[149.249s][info][gc,heap        ] GC(1499) Tenured: 1115745K(1398144K)->1115745K(1398144K)
[149.249s][info][gc,metaspace   ] GC(1499) Metaspace: 131991K(133696K)->131991K(133696K) NonClass: 115149K(115904K)->115149K(115904K) Class: 16842K(17792K)->16842K(17792K)
[149.249s][info][gc             ] GC(1499) Pause Young (Allocation Failure) 1664M->1126M(1979M) 5.752ms
[149.249s][info][gc,cpu         ] GC(1499) User=0.00s Sys=0.00s Real=0.00s
[149.337s][info][gc,start       ] GC(1500) Pause Young (Allocation Failure)
[149.344s][info][gc,heap        ] GC(1500) DefNew: 596921K(629120K)->37668K(629120K) Eden: 559232K(559232K)->0K(559232K) From: 37689K(69888K)->37668K(69888K)
[149.344s][info][gc,heap        ] GC(1500) Tenured: 1115745K(1398144K)->1123985K(1398144K)
[149.344s][info][gc,metaspace   ] GC(1500) Metaspace: 131991K(133696K)->131991K(133696K) NonClass: 115149K(115904K)->115149K(115904K) Class: 16842K(17792K)->16842K(17792K)
[149.344s][info][gc             ] GC(1500) Pause Young (Allocation Failure) 1672M->1134M(1979M) 6.114ms
[149.344s][info][gc,cpu         ] GC(1500) User=0.00s Sys=0.00s Real=0.00s
[149.431s][info][gc,start       ] GC(1501) Pause Young (Allocation Failure)
[149.437s][info][gc,heap        ] GC(1501) DefNew: 596900K(629120K)->35317K(629120K) Eden: 559232K(559232K)->0K(559232K) From: 37668K(69888K)->35317K(69888K)
[149.437s][info][gc,heap        ] GC(1501) Tenured: 1123985K(1398144K)->1132181K(1398144K)
[149.437s][info][gc,metaspace   ] GC(1501) Metaspace: 131991K(133696K)->131991K(133696K) NonClass: 115149K(115904K)->115149K(115904K) Class: 16842K(17792K)->16842K(17792K)
[149.437s][info][gc             ] GC(1501) Pause Young (Allocation Failure) 1680M->1140M(1979M) 5.971ms
[149.437s][info][gc,cpu         ] GC(1501) User=0.00s Sys=0.00s Real=0.00s
[149.525s][info][gc,start       ] GC(1502) Pause Young (Allocation Failure)
[149.530s][info][gc,heap        ] GC(1502) DefNew: 594549K(629120K)->35118K(629120K) Eden: 559232K(559232K)->0K(559232K) From: 35317K(69888K)->35118K(69888K)
[149.530s][info][gc,heap        ] GC(1502) Tenured: 1132181K(1398144K)->1140374K(1398144K)
[149.530s][info][gc,metaspace   ] GC(1502) Metaspace: 131991K(133696K)->131991K(133696K) NonClass: 115149K(115904K)->115149K(115904K) Class: 16842K(17792K)->16842K(17792K)
[149.530s][info][gc             ] GC(1502) Pause Young (Allocation Failure) 1686M->1147M(1979M) 5.908ms
[149.531s][info][gc,cpu         ] GC(1502) User=0.00s Sys=0.00s Real=0.00s
[149.620s][info][gc,start       ] GC(1503) Pause Young (Allocation Failure)
[149.626s][info][gc,heap        ] GC(1503) DefNew: 594350K(629120K)->39999K(629120K) Eden: 559232K(559232K)->0K(559232K) From: 35118K(69888K)->39999K(69888K)
[149.626s][info][gc,heap        ] GC(1503) Tenured: 1140374K(1398144K)->1144472K(1398144K)
[149.626s][info][gc,metaspace   ] GC(1503) Metaspace: 131991K(133696K)->131991K(133696K) NonClass: 115149K(115904K)->115149K(115904K) Class: 16842K(17792K)->16842K(17792K)
[149.626s][info][gc             ] GC(1503) Pause Young (Allocation Failure) 1694M->1156M(1979M) 6.074ms
[149.626s][info][gc,cpu         ] GC(1503) User=0.00s Sys=0.00s Real=0.00s
[149.715s][info][gc,start       ] GC(1504) Pause Young (Allocation Failure)
[149.721s][info][gc,heap        ] GC(1504) DefNew: 599231K(629120K)->30376K(629120K) Eden: 559232K(559232K)->0K(559232K) From: 39999K(69888K)->30376K(69888K)
[149.721s][info][gc,heap        ] GC(1504) Tenured: 1144472K(1398144K)->1152667K(1398144K)
[149.721s][info][gc,metaspace   ] GC(1504) Metaspace: 131992K(133696K)->131992K(133696K) NonClass: 115149K(115904K)->115149K(115904K) Class: 16842K(17792K)->16842K(17792K)
[149.721s][info][gc             ] GC(1504) Pause Young (Allocation Failure) 1702M->1155M(1979M) 5.743ms
[149.721s][info][gc,cpu         ] GC(1504) User=0.00s Sys=0.00s Real=0.00s
[149.804s][info][gc,start       ] GC(1505) Pause Young (Allocation Failure)
[149.808s][info][gc,heap        ] GC(1505) DefNew: 589608K(629120K)->31947K(629120K) Eden: 559232K(559232K)->0K(559232K) From: 30376K(69888K)->31947K(69888K)
[149.808s][info][gc,heap        ] GC(1505) Tenured: 1152667K(1398144K)->1152667K(1398144K)
[149.808s][info][gc,metaspace   ] GC(1505) Metaspace: 131992K(133696K)->131992K(133696K) NonClass: 115149K(115904K)->115149K(115904K) Class: 16842K(17792K)->16842K(17792K)
[149.808s][info][gc             ] GC(1505) Pause Young (Allocation Failure) 1701M->1156M(1979M) 4.765ms
[149.808s][info][gc,cpu         ] GC(1505) User=0.00s Sys=0.00s Real=0.00s
[149.891s][info][gc,start       ] GC(1506) Pause Young (Allocation Failure)
[149.896s][info][gc,heap        ] GC(1506) DefNew: 591179K(629120K)->28732K(629120K) Eden: 559232K(559232K)->0K(559232K) From: 31947K(69888K)->28732K(69888K)
[149.896s][info][gc,heap        ] GC(1506) Tenured: 1152667K(1398144K)->1152667K(1398144K)
[149.896s][info][gc,metaspace   ] GC(1506) Metaspace: 131992K(133696K)->131992K(133696K) NonClass: 115149K(115904K)->115149K(115904K) Class: 16842K(17792K)->16842K(17792K)
[149.896s][info][gc             ] GC(1506) Pause Young (Allocation Failure) 1702M->1153M(1979M) 4.665ms
[149.896s][info][gc,cpu         ] GC(1506) User=0.00s Sys=0.00s Real=0.00s
[149.979s][info][gc,start       ] GC(1507) Pause Young (Allocation Failure)
[149.984s][info][gc,heap        ] GC(1507) DefNew: 587964K(629120K)->30868K(629120K) Eden: 559232K(559232K)->0K(559232K) From: 28732K(69888K)->30868K(69888K)
[149.984s][info][gc,heap        ] GC(1507) Tenured: 1152667K(1398144K)->1152667K(1398144K)
[149.984s][info][gc,metaspace   ] GC(1507) Metaspace: 131992K(133696K)->131992K(133696K) NonClass: 115149K(115904K)->115149K(115904K) Class: 16842K(17792K)->16842K(17792K)
[149.984s][info][gc             ] GC(1507) Pause Young (Allocation Failure) 1699M->1155M(1979M) 5.114ms
[149.984s][info][gc,cpu         ] GC(1507) User=0.00s Sys=0.00s Real=0.00s
[150.072s][info][gc,start       ] GC(1508) Pause Young (Allocation Failure)
[150.077s][info][gc,heap        ] GC(1508) DefNew: 590100K(629120K)->39254K(629120K) Eden: 559232K(559232K)->0K(559232K) From: 30868K(69888K)->39254K(69888K)
[150.077s][info][gc,heap        ] GC(1508) Tenured: 1152667K(1398144K)->1152667K(1398144K)
[150.077s][info][gc,metaspace   ] GC(1508) Metaspace: 131992K(133696K)->131992K(133696K) NonClass: 115149K(115904K)->115149K(115904K) Class: 16842K(17792K)->16842K(17792K)
[150.077s][info][gc             ] GC(1508) Pause Young (Allocation Failure) 1701M->1163M(1979M) 5.241ms
[150.077s][info][gc,cpu         ] GC(1508) User=0.00s Sys=0.00s Real=0.00s
[150.166s][info][gc,start       ] GC(1509) Pause Young (Allocation Failure)
[150.171s][info][gc,heap        ] GC(1509) DefNew: 598486K(629120K)->20539K(629120K) Eden: 559232K(559232K)->0K(559232K) From: 39254K(69888K)->20539K(69888K)
[150.171s][info][gc,heap        ] GC(1509) Tenured: 1152667K(1398144K)->1164957K(1398144K)
[150.171s][info][gc,metaspace   ] GC(1509) Metaspace: 131992K(133696K)->131992K(133696K) NonClass: 115149K(115904K)->115149K(115904K) Class: 16842K(17792K)->16842K(17792K)
[150.171s][info][gc             ] GC(1509) Pause Young (Allocation Failure) 1710M->1157M(1979M) 5.049ms
[150.171s][info][gc,cpu         ] GC(1509) User=0.00s Sys=0.00s Real=0.00s
[150.258s][info][gc,start       ] GC(1510) Pause Young (Allocation Failure)
[150.262s][info][gc,heap        ] GC(1510) DefNew: 579771K(629120K)->25418K(629120K) Eden: 559232K(559232K)->0K(559232K) From: 20539K(69888K)->25418K(69888K)
[150.262s][info][gc,heap        ] GC(1510) Tenured: 1164957K(1398144K)->1164957K(1398144K)
[150.262s][info][gc,metaspace   ] GC(1510) Metaspace: 131992K(133696K)->131992K(133696K) NonClass: 115149K(115904K)->115149K(115904K) Class: 16842K(17792K)->16842K(17792K)
[150.262s][info][gc             ] GC(1510) Pause Young (Allocation Failure) 1703M->1162M(1979M) 4.586ms
[150.262s][info][gc,cpu         ] GC(1510) User=0.00s Sys=0.00s Real=0.01s
[150.349s][info][gc,start       ] GC(1511) Pause Young (Allocation Failure)
[150.354s][info][gc,heap        ] GC(1511) DefNew: 584650K(629120K)->36341K(629120K) Eden: 559232K(559232K)->0K(559232K) From: 25418K(69888K)->36341K(69888K)
[150.355s][info][gc,heap        ] GC(1511) Tenured: 1164957K(1398144K)->1164957K(1398144K)
[150.355s][info][gc,metaspace   ] GC(1511) Metaspace: 131992K(133696K)->131992K(133696K) NonClass: 115149K(115904K)->115149K(115904K) Class: 16842K(17792K)->16842K(17792K)
[150.355s][info][gc             ] GC(1511) Pause Young (Allocation Failure) 1708M->1173M(1979M) 5.679ms
[150.355s][info][gc,cpu         ] GC(1511) User=0.00s Sys=0.00s Real=0.02s
[150.441s][info][gc,start       ] GC(1512) Pause Young (Allocation Failure)
[150.445s][info][gc,heap        ] GC(1512) DefNew: 595573K(629120K)->13502K(629120K) Eden: 559232K(559232K)->0K(559232K) From: 36341K(69888K)->13502K(69888K)
[150.445s][info][gc,heap        ] GC(1512) Tenured: 1164957K(1398144K)->1173152K(1398144K)
[150.445s][info][gc,metaspace   ] GC(1512) Metaspace: 131992K(133696K)->131992K(133696K) NonClass: 115149K(115904K)->115149K(115904K) Class: 16842K(17792K)->16842K(17792K)
[150.445s][info][gc             ] GC(1512) Pause Young (Allocation Failure) 1719M->1158M(1979M) 4.267ms
[150.445s][info][gc,cpu         ] GC(1512) User=0.00s Sys=0.00s Real=0.00s
[150.532s][info][gc,start       ] GC(1513) Pause Young (Allocation Failure)
[150.536s][info][gc,heap        ] GC(1513) DefNew: 572734K(629120K)->18768K(629120K) Eden: 559232K(559232K)->0K(559232K) From: 13502K(69888K)->18768K(69888K)
[150.536s][info][gc,heap        ] GC(1513) Tenured: 1173152K(1398144K)->1173152K(1398144K)
[150.536s][info][gc,metaspace   ] GC(1513) Metaspace: 131992K(133696K)->131992K(133696K) NonClass: 115149K(115904K)->115149K(115904K) Class: 16842K(17792K)->16842K(17792K)
[150.536s][info][gc             ] GC(1513) Pause Young (Allocation Failure) 1704M->1163M(1979M) 3.944ms
[150.536s][info][gc,cpu         ] GC(1513) User=0.00s Sys=0.00s Real=0.00s
[150.624s][info][gc,start       ] GC(1514) Pause Young (Allocation Failure)
[150.628s][info][gc,heap        ] GC(1514) DefNew: 578000K(629120K)->22769K(629120K) Eden: 559232K(559232K)->0K(559232K) From: 18768K(69888K)->22769K(69888K)
[150.628s][info][gc,heap        ] GC(1514) Tenured: 1173152K(1398144K)->1173152K(1398144K)
[150.628s][info][gc,metaspace   ] GC(1514) Metaspace: 131992K(133696K)->131992K(133696K) NonClass: 115150K(115904K)->115150K(115904K) Class: 16842K(17792K)->16842K(17792K)
[150.628s][info][gc             ] GC(1514) Pause Young (Allocation Failure) 1710M->1167M(1979M) 4.513ms
[150.628s][info][gc,cpu         ] GC(1514) User=0.00s Sys=0.00s Real=0.00s
[150.715s][info][gc,start       ] GC(1515) Pause Young (Allocation Failure)
[150.718s][info][gc,heap        ] GC(1515) DefNew: 582001K(629120K)->15676K(629120K) Eden: 559232K(559232K)->0K(559232K) From: 22769K(69888K)->15676K(69888K)
[150.718s][info][gc,heap        ] GC(1515) Tenured: 1173152K(1398144K)->1173152K(1398144K)
[150.718s][info][gc,metaspace   ] GC(1515) Metaspace: 131992K(133696K)->131992K(133696K) NonClass: 115150K(115904K)->115150K(115904K) Class: 16842K(17792K)->16842K(17792K)
[150.718s][info][gc             ] GC(1515) Pause Young (Allocation Failure) 1714M->1160M(1979M) 3.698ms
[150.718s][info][gc,cpu         ] GC(1515) User=0.00s Sys=0.00s Real=0.02s
[150.807s][info][gc,start       ] GC(1516) Pause Young (Allocation Failure)
[150.811s][info][gc,heap        ] GC(1516) DefNew: 574908K(629120K)->18780K(629120K) Eden: 559232K(559232K)->0K(559232K) From: 15676K(69888K)->18780K(69888K)
[150.811s][info][gc,heap        ] GC(1516) Tenured: 1173152K(1398144K)->1173152K(1398144K)
[150.811s][info][gc,metaspace   ] GC(1516) Metaspace: 131992K(133696K)->131992K(133696K) NonClass: 115150K(115904K)->115150K(115904K) Class: 16842K(17792K)->16842K(17792K)
[150.811s][info][gc             ] GC(1516) Pause Young (Allocation Failure) 1707M->1163M(1979M) 3.830ms
[150.811s][info][gc,cpu         ] GC(1516) User=0.02s Sys=0.00s Real=0.02s
[150.899s][info][gc,start       ] GC(1517) Pause Young (Allocation Failure)
[150.902s][info][gc,heap        ] GC(1517) DefNew: 578012K(629120K)->12356K(629120K) Eden: 559232K(559232K)->0K(559232K) From: 18780K(69888K)->12356K(69888K)
[150.902s][info][gc,heap        ] GC(1517) Tenured: 1173152K(1398144K)->1173152K(1398144K)
[150.902s][info][gc,metaspace   ] GC(1517) Metaspace: 131992K(133696K)->131992K(133696K) NonClass: 115150K(115904K)->115150K(115904K) Class: 16842K(17792K)->16842K(17792K)
[150.902s][info][gc             ] GC(1517) Pause Young (Allocation Failure) 1710M->1157M(1979M) 3.275ms
[150.902s][info][gc,cpu         ] GC(1517) User=0.00s Sys=0.00s Real=0.00s
[150.989s][info][gc,start       ] GC(1518) Pause Young (Allocation Failure)
[150.993s][info][gc,heap        ] GC(1518) DefNew: 571588K(629120K)->18790K(629120K) Eden: 559232K(559232K)->0K(559232K) From: 12356K(69888K)->18790K(69888K)
[150.993s][info][gc,heap        ] GC(1518) Tenured: 1173152K(1398144K)->1173152K(1398144K)
[150.993s][info][gc,metaspace   ] GC(1518) Metaspace: 131992K(133696K)->131992K(133696K) NonClass: 115150K(115904K)->115150K(115904K) Class: 16842K(17792K)->16842K(17792K)
[150.993s][info][gc             ] GC(1518) Pause Young (Allocation Failure) 1703M->1164M(1979M) 3.880ms
[150.993s][info][gc,cpu         ] GC(1518) User=0.00s Sys=0.00s Real=0.00s
[151.082s][info][gc,start       ] GC(1519) Pause Young (Allocation Failure)
[151.086s][info][gc,heap        ] GC(1519) DefNew: 578022K(629120K)->20894K(629120K) Eden: 559232K(559232K)->0K(559232K) From: 18790K(69888K)->20894K(69888K)
[151.087s][info][gc,heap        ] GC(1519) Tenured: 1173152K(1398144K)->1177290K(1398144K)
[151.087s][info][gc,metaspace   ] GC(1519) Metaspace: 131992K(133696K)->131992K(133696K) NonClass: 115150K(115904K)->115150K(115904K) Class: 16842K(17792K)->16842K(17792K)
[151.087s][info][gc             ] GC(1519) Pause Young (Allocation Failure) 1710M->1170M(1979M) 4.619ms
[151.087s][info][gc,cpu         ] GC(1519) User=0.00s Sys=0.00s Real=0.00s
[151.175s][info][gc,start       ] GC(1520) Pause Young (Allocation Failure)
[151.178s][info][gc,heap        ] GC(1520) DefNew: 580126K(629120K)->9958K(629120K) Eden: 559232K(559232K)->0K(559232K) From: 20894K(69888K)->9958K(69888K)
[151.178s][info][gc,heap        ] GC(1520) Tenured: 1177290K(1398144K)->1177290K(1398144K)
[151.178s][info][gc,metaspace   ] GC(1520) Metaspace: 131992K(133696K)->131992K(133696K) NonClass: 115150K(115904K)->115150K(115904K) Class: 16842K(17792K)->16842K(17792K)
[151.178s][info][gc             ] GC(1520) Pause Young (Allocation Failure) 1716M->1159M(1979M) 3.014ms
[151.179s][info][gc,cpu         ] GC(1520) User=0.00s Sys=0.00s Real=0.00s
[151.266s][info][gc,start       ] GC(1521) Pause Young (Allocation Failure)
[151.269s][info][gc,heap        ] GC(1521) DefNew: 569190K(629120K)->14641K(629120K) Eden: 559232K(559232K)->0K(559232K) From: 9958K(69888K)->14641K(69888K)
[151.269s][info][gc,heap        ] GC(1521) Tenured: 1177290K(1398144K)->1177290K(1398144K)
[151.269s][info][gc,metaspace   ] GC(1521) Metaspace: 131992K(133696K)->131992K(133696K) NonClass: 115150K(115904K)->115150K(115904K) Class: 16842K(17792K)->16842K(17792K)
[151.269s][info][gc             ] GC(1521) Pause Young (Allocation Failure) 1705M->1163M(1979M) 3.172ms
[151.269s][info][gc,cpu         ] GC(1521) User=0.00s Sys=0.00s Real=0.00s
[151.411s][info][gc,start       ] GC(1522) Pause Young (Allocation Failure)
[151.414s][info][gc,heap        ] GC(1522) DefNew: 573873K(629120K)->7853K(629120K) Eden: 559232K(559232K)->0K(559232K) From: 14641K(69888K)->7853K(69888K)
[151.414s][info][gc,heap        ] GC(1522) Tenured: 1177290K(1398144K)->1177290K(1398144K)
[151.414s][info][gc,metaspace   ] GC(1522) Metaspace: 131995K(133696K)->131995K(133696K) NonClass: 115152K(115904K)->115152K(115904K) Class: 16842K(17792K)->16842K(17792K)
[151.414s][info][gc             ] GC(1522) Pause Young (Allocation Failure) 1710M->1157M(1979M) 2.711ms
[151.414s][info][gc,cpu         ] GC(1522) User=0.00s Sys=0.00s Real=0.00s
[151.556s][info][gc,start       ] GC(1523) Pause Full (System.gc())
[151.557s][info][gc,phases,start] GC(1523) Phase 1: Mark live objects
[151.613s][info][gc,phases      ] GC(1523) Phase 1: Mark live objects 56.319ms
[151.613s][info][gc,phases,start] GC(1523) Phase 2: Compute new object addresses
[151.654s][info][gc,phases      ] GC(1523) Phase 2: Compute new object addresses 40.833ms
[151.654s][info][gc,phases,start] GC(1523) Phase 3: Adjust pointers
[151.685s][info][gc,phases      ] GC(1523) Phase 3: Adjust pointers 31.636ms
[151.685s][info][gc,phases,start] GC(1523) Phase 4: Move objects
[151.685s][info][gc,phases      ] GC(1523) Phase 4: Move objects 0.042ms
[151.686s][info][gc,heap        ] GC(1523) DefNew: 228363K(629120K)->0K(629120K) Eden: 220510K(559232K)->0K(559232K) From: 7853K(69888K)->0K(69888K)
[151.686s][info][gc,heap        ] GC(1523) Tenured: 1177290K(1398144K)->1033895K(1398144K)
[151.686s][info][gc,metaspace   ] GC(1523) Metaspace: 132006K(133696K)->132006K(133696K) NonClass: 115163K(115904K)->115163K(115904K) Class: 16842K(17792K)->16842K(17792K)
[151.686s][info][gc             ] GC(1523) Pause Full (System.gc()) 1372M->1009M(1979M) 129.640ms
[151.686s][info][gc,cpu         ] GC(1523) User=0.12s Sys=0.00s Real=0.12s
[151.811s][info][gc,start       ] GC(1524) Pause Young (Allocation Failure)
[151.816s][info][gc,heap        ] GC(1524) DefNew: 559232K(629120K)->4918K(629120K) Eden: 559232K(559232K)->0K(559232K) From: 0K(69888K)->4918K(69888K)
[151.816s][info][gc,heap        ] GC(1524) Tenured: 1033895K(1398144K)->1033895K(1398144K)
[151.816s][info][gc,metaspace   ] GC(1524) Metaspace: 132082K(133760K)->132082K(133760K) NonClass: 115240K(115968K)->115240K(115968K) Class: 16842K(17792K)->16842K(17792K)
[151.816s][info][gc             ] GC(1524) Pause Young (Allocation Failure) 1555M->1014M(1979M) 4.605ms
[151.816s][info][gc,cpu         ] GC(1524) User=0.00s Sys=0.00s Real=0.00s
[151.871s][info][gc,start       ] GC(1525) Pause Young (Allocation Failure)
[151.875s][info][gc,heap        ] GC(1525) DefNew: 564150K(629120K)->9904K(629120K) Eden: 559232K(559232K)->0K(559232K) From: 4918K(69888K)->9904K(69888K)
[151.875s][info][gc,heap        ] GC(1525) Tenured: 1033895K(1398144K)->1033895K(1398144K)
[151.875s][info][gc,metaspace   ] GC(1525) Metaspace: 132082K(133760K)->132082K(133760K) NonClass: 115240K(115968K)->115240K(115968K) Class: 16842K(17792K)->16842K(17792K)
[151.875s][info][gc             ] GC(1525) Pause Young (Allocation Failure) 1560M->1019M(1979M) 3.995ms
[151.875s][info][gc,cpu         ] GC(1525) User=0.00s Sys=0.00s Real=0.00s
[151.929s][info][gc,start       ] GC(1526) Pause Young (Allocation Failure)
[151.933s][info][gc,heap        ] GC(1526) DefNew: 569136K(629120K)->9012K(629120K) Eden: 559232K(559232K)->0K(559232K) From: 9904K(69888K)->9012K(69888K)
[151.933s][info][gc,heap        ] GC(1526) Tenured: 1033895K(1398144K)->1033895K(1398144K)
[151.933s][info][gc,metaspace   ] GC(1526) Metaspace: 132082K(133760K)->132082K(133760K) NonClass: 115240K(115968K)->115240K(115968K) Class: 16842K(17792K)->16842K(17792K)
[151.933s][info][gc             ] GC(1526) Pause Young (Allocation Failure) 1565M->1018M(1979M) 4.142ms
[151.933s][info][gc,cpu         ] GC(1526) User=0.00s Sys=0.00s Real=0.00s
[151.988s][info][gc,start       ] GC(1527) Pause Young (Allocation Failure)
[151.992s][info][gc,heap        ] GC(1527) DefNew: 568244K(629120K)->10190K(629120K) Eden: 559232K(559232K)->0K(559232K) From: 9012K(69888K)->10190K(69888K)
[151.992s][info][gc,heap        ] GC(1527) Tenured: 1033895K(1398144K)->1033895K(1398144K)
[151.992s][info][gc,metaspace   ] GC(1527) Metaspace: 132082K(133760K)->132082K(133760K) NonClass: 115240K(115968K)->115240K(115968K) Class: 16842K(17792K)->16842K(17792K)
[151.992s][info][gc             ] GC(1527) Pause Young (Allocation Failure) 1564M->1019M(1979M) 4.161ms
[151.992s][info][gc,cpu         ] GC(1527) User=0.00s Sys=0.00s Real=0.00s
[152.048s][info][gc,start       ] GC(1528) Pause Young (Allocation Failure)
[152.056s][info][gc,heap        ] GC(1528) DefNew: 566855K(629120K)->13585K(629120K) Eden: 556664K(559232K)->0K(559232K) From: 10190K(69888K)->13585K(69888K)
[152.056s][info][gc,heap        ] GC(1528) Tenured: 1033895K(1398144K)->1033895K(1398144K)
[152.056s][info][gc,metaspace   ] GC(1528) Metaspace: 132084K(133760K)->132084K(133760K) NonClass: 115241K(115968K)->115241K(115968K) Class: 16842K(17792K)->16842K(17792K)
[152.056s][info][gc             ] GC(1528) Pause Young (Allocation Failure) 1563M->1022M(1979M) 7.660ms
[152.056s][info][gc,cpu         ] GC(1528) User=0.02s Sys=0.00s Real=0.01s
[152.112s][info][gc,start       ] GC(1529) Pause Young (Allocation Failure)
[152.118s][info][gc,heap        ] GC(1529) DefNew: 572817K(629120K)->19054K(629120K) Eden: 559232K(559232K)->0K(559232K) From: 13585K(69888K)->19054K(69888K)
[152.118s][info][gc,heap        ] GC(1529) Tenured: 1033895K(1398144K)->1033895K(1398144K)
[152.118s][info][gc,metaspace   ] GC(1529) Metaspace: 132084K(133760K)->132084K(133760K) NonClass: 115241K(115968K)->115241K(115968K) Class: 16842K(17792K)->16842K(17792K)
[152.118s][info][gc             ] GC(1529) Pause Young (Allocation Failure) 1569M->1028M(1979M) 5.276ms
[152.118s][info][gc,cpu         ] GC(1529) User=0.00s Sys=0.00s Real=0.00s
[152.175s][info][gc,start       ] GC(1530) Pause Young (Allocation Failure)
[152.181s][info][gc,heap        ] GC(1530) DefNew: 578286K(629120K)->28238K(629120K) Eden: 559232K(559232K)->0K(559232K) From: 19054K(69888K)->28238K(69888K)
[152.181s][info][gc,heap        ] GC(1530) Tenured: 1033895K(1398144K)->1033895K(1398144K)
[152.181s][info][gc,metaspace   ] GC(1530) Metaspace: 132084K(133760K)->132084K(133760K) NonClass: 115241K(115968K)->115241K(115968K) Class: 16842K(17792K)->16842K(17792K)
[152.181s][info][gc             ] GC(1530) Pause Young (Allocation Failure) 1574M->1037M(1979M) 6.046ms
[152.181s][info][gc,cpu         ] GC(1530) User=0.02s Sys=0.00s Real=0.00s
[152.238s][info][gc,start       ] GC(1531) Pause Young (Allocation Failure)
[152.245s][info][gc,heap        ] GC(1531) DefNew: 587470K(629120K)->27249K(629120K) Eden: 559232K(559232K)->0K(559232K) From: 28238K(69888K)->27249K(69888K)
[152.245s][info][gc,heap        ] GC(1531) Tenured: 1033895K(1398144K)->1033895K(1398144K)
[152.245s][info][gc,metaspace   ] GC(1531) Metaspace: 132084K(133760K)->132084K(133760K) NonClass: 115241K(115968K)->115241K(115968K) Class: 16842K(17792K)->16842K(17792K)
[152.245s][info][gc             ] GC(1531) Pause Young (Allocation Failure) 1583M->1036M(1979M) 6.430ms
[152.245s][info][gc,cpu         ] GC(1531) User=0.00s Sys=0.00s Real=0.00s
[152.301s][info][gc,start       ] GC(1532) Pause Young (Allocation Failure)
[152.308s][info][gc,heap        ] GC(1532) DefNew: 586481K(629120K)->33117K(629120K) Eden: 559232K(559232K)->0K(559232K) From: 27249K(69888K)->33117K(69888K)
[152.308s][info][gc,heap        ] GC(1532) Tenured: 1033895K(1398144K)->1033895K(1398144K)
[152.308s][info][gc,metaspace   ] GC(1532) Metaspace: 132084K(133760K)->132084K(133760K) NonClass: 115241K(115968K)->115241K(115968K) Class: 16842K(17792K)->16842K(17792K)
[152.308s][info][gc             ] GC(1532) Pause Young (Allocation Failure) 1582M->1042M(1979M) 6.724ms
[152.308s][info][gc,cpu         ] GC(1532) User=0.02s Sys=0.00s Real=0.00s
[152.363s][info][gc,start       ] GC(1533) Pause Young (Allocation Failure)
[152.370s][info][gc,heap        ] GC(1533) DefNew: 592349K(629120K)->35440K(629120K) Eden: 559232K(559232K)->0K(559232K) From: 33117K(69888K)->35440K(69888K)
[152.370s][info][gc,heap        ] GC(1533) Tenured: 1033895K(1398144K)->1033895K(1398144K)
[152.370s][info][gc,metaspace   ] GC(1533) Metaspace: 132084K(133760K)->132084K(133760K) NonClass: 115241K(115968K)->115241K(115968K) Class: 16842K(17792K)->16842K(17792K)
[152.370s][info][gc             ] GC(1533) Pause Young (Allocation Failure) 1588M->1044M(1979M) 6.809ms
[152.370s][info][gc,cpu         ] GC(1533) User=0.00s Sys=0.00s Real=0.00s
[152.426s][info][gc,start       ] GC(1534) Pause Young (Allocation Failure)
[152.433s][info][gc,heap        ] GC(1534) DefNew: 594672K(629120K)->40315K(629120K) Eden: 559232K(559232K)->0K(559232K) From: 35440K(69888K)->40315K(69888K)
[152.433s][info][gc,heap        ] GC(1534) Tenured: 1033895K(1398144K)->1035474K(1398144K)
[152.433s][info][gc,metaspace   ] GC(1534) Metaspace: 132084K(133760K)->132084K(133760K) NonClass: 115241K(115968K)->115241K(115968K) Class: 16842K(17792K)->16842K(17792K)
[152.433s][info][gc             ] GC(1534) Pause Young (Allocation Failure) 1590M->1050M(1979M) 7.485ms
[152.433s][info][gc,cpu         ] GC(1534) User=0.00s Sys=0.00s Real=0.00s
[152.489s][info][gc,start       ] GC(1535) Pause Young (Allocation Failure)
[152.495s][info][gc,heap        ] GC(1535) DefNew: 599547K(629120K)->33888K(629120K) Eden: 559232K(559232K)->0K(559232K) From: 40315K(69888K)->33888K(69888K)
[152.495s][info][gc,heap        ] GC(1535) Tenured: 1035474K(1398144K)->1043668K(1398144K)
[152.495s][info][gc,metaspace   ] GC(1535) Metaspace: 132084K(133760K)->132084K(133760K) NonClass: 115241K(115968K)->115241K(115968K) Class: 16842K(17792K)->16842K(17792K)
[152.495s][info][gc             ] GC(1535) Pause Young (Allocation Failure) 1596M->1052M(1979M) 6.141ms
[152.495s][info][gc,cpu         ] GC(1535) User=0.00s Sys=0.00s Real=0.00s
[152.551s][info][gc,start       ] GC(1536) Pause Young (Allocation Failure)
[152.557s][info][gc,heap        ] GC(1536) DefNew: 593120K(629120K)->40325K(629120K) Eden: 559232K(559232K)->0K(559232K) From: 33888K(69888K)->40325K(69888K)
[152.557s][info][gc,heap        ] GC(1536) Tenured: 1043668K(1398144K)->1043668K(1398144K)
[152.557s][info][gc,metaspace   ] GC(1536) Metaspace: 132084K(133760K)->132084K(133760K) NonClass: 115241K(115968K)->115241K(115968K) Class: 16842K(17792K)->16842K(17792K)
[152.557s][info][gc             ] GC(1536) Pause Young (Allocation Failure) 1598M->1058M(1979M) 6.332ms
[152.557s][info][gc,cpu         ] GC(1536) User=0.00s Sys=0.00s Real=0.01s
[152.613s][info][gc,start       ] GC(1537) Pause Young (Allocation Failure)
[152.619s][info][gc,heap        ] GC(1537) DefNew: 599557K(629120K)->33569K(629120K) Eden: 559232K(559232K)->0K(559232K) From: 40325K(69888K)->33569K(69888K)
[152.619s][info][gc,heap        ] GC(1537) Tenured: 1043668K(1398144K)->1052171K(1398144K)
[152.619s][info][gc,metaspace   ] GC(1537) Metaspace: 132084K(133760K)->132084K(133760K) NonClass: 115241K(115968K)->115241K(115968K) Class: 16842K(17792K)->16842K(17792K)
[152.619s][info][gc             ] GC(1537) Pause Young (Allocation Failure) 1604M->1060M(1979M) 6.170ms
[152.619s][info][gc,cpu         ] GC(1537) User=0.00s Sys=0.00s Real=0.00s
[152.675s][info][gc,start       ] GC(1538) Pause Young (Allocation Failure)
[152.681s][info][gc,heap        ] GC(1538) DefNew: 592801K(629120K)->40784K(629120K) Eden: 559232K(559232K)->0K(559232K) From: 33569K(69888K)->40784K(69888K)
[152.681s][info][gc,heap        ] GC(1538) Tenured: 1052171K(1398144K)->1052171K(1398144K)
[152.681s][info][gc,metaspace   ] GC(1538) Metaspace: 132084K(133760K)->132084K(133760K) NonClass: 115241K(115968K)->115241K(115968K) Class: 16842K(17792K)->16842K(17792K)
[152.681s][info][gc             ] GC(1538) Pause Young (Allocation Failure) 1606M->1067M(1979M) 5.702ms
[152.681s][info][gc,cpu         ] GC(1538) User=0.00s Sys=0.00s Real=0.00s
[152.736s][info][gc,start       ] GC(1539) Pause Young (Allocation Failure)
[152.743s][info][gc,heap        ] GC(1539) DefNew: 600016K(629120K)->41365K(629120K) Eden: 559232K(559232K)->0K(559232K) From: 40784K(69888K)->41365K(69888K)
[152.743s][info][gc,heap        ] GC(1539) Tenured: 1052171K(1398144K)->1060365K(1398144K)
[152.743s][info][gc,metaspace   ] GC(1539) Metaspace: 132084K(133760K)->132084K(133760K) NonClass: 115241K(115968K)->115241K(115968K) Class: 16842K(17792K)->16842K(17792K)
[152.743s][info][gc             ] GC(1539) Pause Young (Allocation Failure) 1613M->1075M(1979M) 6.475ms
[152.743s][info][gc,cpu         ] GC(1539) User=0.00s Sys=0.00s Real=0.00s
[152.806s][info][gc,start       ] GC(1540) Pause Young (Allocation Failure)
[152.812s][info][gc,heap        ] GC(1540) DefNew: 600597K(629120K)->33274K(629120K) Eden: 559232K(559232K)->0K(559232K) From: 41365K(69888K)->33274K(69888K)
[152.812s][info][gc,heap        ] GC(1540) Tenured: 1060365K(1398144K)->1068559K(1398144K)
[152.813s][info][gc,metaspace   ] GC(1540) Metaspace: 132085K(133760K)->132085K(133760K) NonClass: 115243K(115968K)->115243K(115968K) Class: 16842K(17792K)->16842K(17792K)
[152.813s][info][gc             ] GC(1540) Pause Young (Allocation Failure) 1622M->1076M(1979M) 6.057ms
[152.813s][info][gc,cpu         ] GC(1540) User=0.00s Sys=0.00s Real=0.00s
[152.903s][info][gc,start       ] GC(1541) Pause Young (Allocation Failure)
[152.910s][info][gc,heap        ] GC(1541) DefNew: 592506K(629120K)->48089K(629120K) Eden: 559232K(559232K)->0K(559232K) From: 33274K(69888K)->48089K(69888K)
[152.910s][info][gc,heap        ] GC(1541) Tenured: 1068559K(1398144K)->1068559K(1398144K)
[152.910s][info][gc,metaspace   ] GC(1541) Metaspace: 132085K(133760K)->132085K(133760K) NonClass: 115243K(115968K)->115243K(115968K) Class: 16842K(17792K)->16842K(17792K)
[152.910s][info][gc             ] GC(1541) Pause Young (Allocation Failure) 1622M->1090M(1979M) 6.900ms
[152.910s][info][gc,cpu         ] GC(1541) User=0.02s Sys=0.00s Real=0.02s
[152.997s][info][gc,start       ] GC(1542) Pause Young (Allocation Failure)
[153.005s][info][gc,heap        ] GC(1542) DefNew: 607321K(629120K)->43793K(629120K) Eden: 559232K(559232K)->0K(559232K) From: 48089K(69888K)->43793K(69888K)
[153.005s][info][gc,heap        ] GC(1542) Tenured: 1068559K(1398144K)->1084949K(1398144K)
[153.005s][info][gc,metaspace   ] GC(1542) Metaspace: 132085K(133760K)->132085K(133760K) NonClass: 115243K(115968K)->115243K(115968K) Class: 16842K(17792K)->16842K(17792K)
[153.005s][info][gc             ] GC(1542) Pause Young (Allocation Failure) 1636M->1102M(1979M) 7.867ms
[153.005s][info][gc,cpu         ] GC(1542) User=0.02s Sys=0.00s Real=0.02s
[153.093s][info][gc,start       ] GC(1543) Pause Young (Allocation Failure)
[153.101s][info][gc,heap        ] GC(1543) DefNew: 603025K(629120K)->43136K(629120K) Eden: 559232K(559232K)->0K(559232K) From: 43793K(69888K)->43136K(69888K)
[153.101s][info][gc,heap        ] GC(1543) Tenured: 1084949K(1398144K)->1097696K(1398144K)
[153.101s][info][gc,metaspace   ] GC(1543) Metaspace: 132085K(133760K)->132085K(133760K) NonClass: 115243K(115968K)->115243K(115968K) Class: 16842K(17792K)->16842K(17792K)
[153.101s][info][gc             ] GC(1543) Pause Young (Allocation Failure) 1648M->1114M(1979M) 7.570ms
[153.101s][info][gc,cpu         ] GC(1543) User=0.02s Sys=0.00s Real=0.02s
[153.191s][info][gc,start       ] GC(1544) Pause Young (Allocation Failure)
[153.198s][info][gc,heap        ] GC(1544) DefNew: 602368K(629120K)->46431K(629120K) Eden: 559232K(559232K)->0K(559232K) From: 43136K(69888K)->46431K(69888K)
[153.198s][info][gc,heap        ] GC(1544) Tenured: 1097696K(1398144K)->1110020K(1398144K)
[153.198s][info][gc,metaspace   ] GC(1544) Metaspace: 132085K(133760K)->132085K(133760K) NonClass: 115243K(115968K)->115243K(115968K) Class: 16842K(17792K)->16842K(17792K)
[153.198s][info][gc             ] GC(1544) Pause Young (Allocation Failure) 1660M->1129M(1979M) 7.293ms
[153.198s][info][gc,cpu         ] GC(1544) User=0.00s Sys=0.00s Real=0.00s
[153.286s][info][gc,start       ] GC(1545) Pause Young (Allocation Failure)
[153.294s][info][gc,heap        ] GC(1545) DefNew: 605663K(629120K)->45851K(629120K) Eden: 559232K(559232K)->0K(559232K) From: 46431K(69888K)->45851K(69888K)
[153.294s][info][gc,heap        ] GC(1545) Tenured: 1110020K(1398144K)->1122313K(1398144K)
[153.294s][info][gc,metaspace   ] GC(1545) Metaspace: 132085K(133760K)->132085K(133760K) NonClass: 115243K(115968K)->115243K(115968K) Class: 16842K(17792K)->16842K(17792K)
[153.294s][info][gc             ] GC(1545) Pause Young (Allocation Failure) 1675M->1140M(1979M) 7.391ms
[153.294s][info][gc,cpu         ] GC(1545) User=0.00s Sys=0.00s Real=0.00s
[153.381s][info][gc,start       ] GC(1546) Pause Young (Allocation Failure)
[153.389s][info][gc,heap        ] GC(1546) DefNew: 605083K(629120K)->41879K(629120K) Eden: 559232K(559232K)->0K(559232K) From: 45851K(69888K)->41879K(69888K)
[153.389s][info][gc,heap        ] GC(1546) Tenured: 1122313K(1398144K)->1138701K(1398144K)
[153.389s][info][gc,metaspace   ] GC(1546) Metaspace: 132085K(133760K)->132085K(133760K) NonClass: 115243K(115968K)->115243K(115968K) Class: 16842K(17792K)->16842K(17792K)
[153.389s][info][gc             ] GC(1546) Pause Young (Allocation Failure) 1686M->1152M(1979M) 7.478ms
[153.389s][info][gc,cpu         ] GC(1546) User=0.00s Sys=0.00s Real=0.00s
[153.479s][info][gc,start       ] GC(1547) Pause Young (Allocation Failure)
[153.487s][info][gc,heap        ] GC(1547) DefNew: 601111K(629120K)->44258K(629120K) Eden: 559232K(559232K)->0K(559232K) From: 41879K(69888K)->44258K(69888K)
[153.487s][info][gc,heap        ] GC(1547) Tenured: 1138701K(1398144K)->1146896K(1398144K)
[153.487s][info][gc,metaspace   ] GC(1547) Metaspace: 132086K(133760K)->132086K(133760K) NonClass: 115243K(115968K)->115243K(115968K) Class: 16842K(17792K)->16842K(17792K)
[153.487s][info][gc             ] GC(1547) Pause Young (Allocation Failure) 1699M->1163M(1979M) 7.829ms
[153.487s][info][gc,cpu         ] GC(1547) User=0.00s Sys=0.00s Real=0.00s
[153.571s][info][gc,start       ] GC(1548) Pause Young (Allocation Failure)
[153.577s][info][gc,heap        ] GC(1548) DefNew: 603490K(629120K)->35263K(629120K) Eden: 559232K(559232K)->0K(559232K) From: 44258K(69888K)->35263K(69888K)
[153.577s][info][gc,heap        ] GC(1548) Tenured: 1146896K(1398144K)->1163284K(1398144K)
[153.577s][info][gc,metaspace   ] GC(1548) Metaspace: 132086K(133760K)->132086K(133760K) NonClass: 115243K(115968K)->115243K(115968K) Class: 16842K(17792K)->16842K(17792K)
[153.577s][info][gc             ] GC(1548) Pause Young (Allocation Failure) 1709M->1170M(1979M) 6.715ms
[153.577s][info][gc,cpu         ] GC(1548) User=0.00s Sys=0.00s Real=0.00s
[153.664s][info][gc,start       ] GC(1549) Pause Young (Allocation Failure)
[153.671s][info][gc,heap        ] GC(1549) DefNew: 594495K(629120K)->35067K(629120K) Eden: 559232K(559232K)->0K(559232K) From: 35263K(69888K)->35067K(69888K)
[153.671s][info][gc,heap        ] GC(1549) Tenured: 1163284K(1398144K)->1175596K(1398144K)
[153.671s][info][gc,metaspace   ] GC(1549) Metaspace: 132086K(133760K)->132086K(133760K) NonClass: 115243K(115968K)->115243K(115968K) Class: 16842K(17792K)->16842K(17792K)
[153.671s][info][gc             ] GC(1549) Pause Young (Allocation Failure) 1716M->1182M(1979M) 6.440ms
[153.671s][info][gc,cpu         ] GC(1549) User=0.00s Sys=0.00s Real=0.00s
[153.757s][info][gc,start       ] GC(1550) Pause Young (Allocation Failure)
[153.763s][info][gc,heap        ] GC(1550) DefNew: 594299K(629120K)->31018K(629120K) Eden: 559232K(559232K)->0K(559232K) From: 35067K(69888K)->31018K(69888K)
[153.763s][info][gc,heap        ] GC(1550) Tenured: 1175596K(1398144K)->1187916K(1398144K)
[153.763s][info][gc,metaspace   ] GC(1550) Metaspace: 132086K(133760K)->132086K(133760K) NonClass: 115243K(115968K)->115243K(115968K) Class: 16842K(17792K)->16842K(17792K)
[153.763s][info][gc             ] GC(1550) Pause Young (Allocation Failure) 1728M->1190M(1979M) 5.920ms
[153.763s][info][gc,cpu         ] GC(1550) User=0.00s Sys=0.00s Real=0.00s
[153.850s][info][gc,start       ] GC(1551) Pause Young (Allocation Failure)
[153.855s][info][gc,heap        ] GC(1551) DefNew: 590250K(629120K)->39422K(629120K) Eden: 559232K(559232K)->0K(559232K) From: 31018K(69888K)->39422K(69888K)
[153.855s][info][gc,heap        ] GC(1551) Tenured: 1187916K(1398144K)->1187916K(1398144K)
[153.855s][info][gc,metaspace   ] GC(1551) Metaspace: 132086K(133760K)->132086K(133760K) NonClass: 115243K(115968K)->115243K(115968K) Class: 16842K(17792K)->16842K(17792K)
[153.855s][info][gc             ] GC(1551) Pause Young (Allocation Failure) 1736M->1198M(1979M) 5.563ms
[153.855s][info][gc,cpu         ] GC(1551) User=0.02s Sys=0.00s Real=0.02s
[153.943s][info][gc,start       ] GC(1552) Pause Young (Allocation Failure)
[153.949s][info][gc,heap        ] GC(1552) DefNew: 598654K(629120K)->32791K(629120K) Eden: 559232K(559232K)->0K(559232K) From: 39422K(69888K)->32791K(69888K)
[153.949s][info][gc,heap        ] GC(1552) Tenured: 1187916K(1398144K)->1196112K(1398144K)
[153.949s][info][gc,metaspace   ] GC(1552) Metaspace: 132086K(133760K)->132086K(133760K) NonClass: 115243K(115968K)->115243K(115968K) Class: 16842K(17792K)->16842K(17792K)
[153.949s][info][gc             ] GC(1552) Pause Young (Allocation Failure) 1744M->1200M(1979M) 5.729ms
[153.949s][info][gc,cpu         ] GC(1552) User=0.02s Sys=0.00s Real=0.02s
[154.036s][info][gc,start       ] GC(1553) Pause Young (Allocation Failure)
[154.042s][info][gc,heap        ] GC(1553) DefNew: 592023K(629120K)->41749K(629120K) Eden: 559232K(559232K)->0K(559232K) From: 32791K(69888K)->41749K(69888K)
[154.042s][info][gc,heap        ] GC(1553) Tenured: 1196112K(1398144K)->1196112K(1398144K)
[154.042s][info][gc,metaspace   ] GC(1553) Metaspace: 132086K(133760K)->132086K(133760K) NonClass: 115243K(115968K)->115243K(115968K) Class: 16842K(17792K)->16842K(17792K)
[154.042s][info][gc             ] GC(1553) Pause Young (Allocation Failure) 1746M->1208M(1979M) 5.816ms
[154.042s][info][gc,cpu         ] GC(1553) User=0.02s Sys=0.00s Real=0.02s
[154.130s][info][gc,start       ] GC(1554) Pause Young (Allocation Failure)
[154.137s][info][gc,heap        ] GC(1554) DefNew: 600981K(629120K)->35030K(629120K) Eden: 559232K(559232K)->0K(559232K) From: 41749K(69888K)->35030K(69888K)
[154.137s][info][gc,heap        ] GC(1554) Tenured: 1196112K(1398144K)->1208404K(1398144K)
[154.137s][info][gc,metaspace   ] GC(1554) Metaspace: 132086K(133760K)->132086K(133760K) NonClass: 115243K(115968K)->115243K(115968K) Class: 16842K(17792K)->16842K(17792K)
[154.137s][info][gc             ] GC(1554) Pause Young (Allocation Failure) 1754M->1214M(1979M) 6.713ms
[154.137s][info][gc,cpu         ] GC(1554) User=0.00s Sys=0.00s Real=0.02s
[154.228s][info][gc,start       ] GC(1555) Pause Young (Allocation Failure)
[154.234s][info][gc,heap        ] GC(1555) DefNew: 594262K(629120K)->30392K(629120K) Eden: 559232K(559232K)->0K(559232K) From: 35030K(69888K)->30392K(69888K)
[154.234s][info][gc,heap        ] GC(1555) Tenured: 1208404K(1398144K)->1216598K(1398144K)
[154.234s][info][gc,metaspace   ] GC(1555) Metaspace: 132086K(133760K)->132086K(133760K) NonClass: 115244K(115968K)->115244K(115968K) Class: 16842K(17792K)->16842K(17792K)
[154.234s][info][gc             ] GC(1555) Pause Young (Allocation Failure) 1760M->1217M(1979M) 5.543ms
[154.234s][info][gc,cpu         ] GC(1555) User=0.00s Sys=0.00s Real=0.00s
[154.317s][info][gc,start       ] GC(1556) Pause Young (Allocation Failure)
[154.322s][info][gc,heap        ] GC(1556) DefNew: 589624K(629120K)->31940K(629120K) Eden: 559232K(559232K)->0K(559232K) From: 30392K(69888K)->31940K(69888K)
[154.322s][info][gc,heap        ] GC(1556) Tenured: 1216598K(1398144K)->1216598K(1398144K)
[154.322s][info][gc,metaspace   ] GC(1556) Metaspace: 132086K(133760K)->132086K(133760K) NonClass: 115244K(115968K)->115244K(115968K) Class: 16842K(17792K)->16842K(17792K)
[154.322s][info][gc             ] GC(1556) Pause Young (Allocation Failure) 1763M->1219M(1979M) 4.986ms
[154.322s][info][gc,cpu         ] GC(1556) User=0.00s Sys=0.00s Real=0.02s
[154.404s][info][gc,start       ] GC(1557) Pause Young (Allocation Failure)
[154.408s][info][gc,heap        ] GC(1557) DefNew: 591172K(629120K)->28734K(629120K) Eden: 559232K(559232K)->0K(559232K) From: 31940K(69888K)->28734K(69888K)
[154.408s][info][gc,heap        ] GC(1557) Tenured: 1216598K(1398144K)->1216598K(1398144K)
[154.408s][info][gc,metaspace   ] GC(1557) Metaspace: 132086K(133760K)->132086K(133760K) NonClass: 115244K(115968K)->115244K(115968K) Class: 16842K(17792K)->16842K(17792K)
[154.409s][info][gc             ] GC(1557) Pause Young (Allocation Failure) 1765M->1216M(1979M) 4.513ms
[154.409s][info][gc,cpu         ] GC(1557) User=0.00s Sys=0.00s Real=0.00s
[154.491s][info][gc,start       ] GC(1558) Pause Young (Allocation Failure)
[154.495s][info][gc,heap        ] GC(1558) DefNew: 587966K(629120K)->30377K(629120K) Eden: 559232K(559232K)->0K(559232K) From: 28734K(69888K)->30377K(69888K)
[154.495s][info][gc,heap        ] GC(1558) Tenured: 1216598K(1398144K)->1216598K(1398144K)
[154.495s][info][gc,metaspace   ] GC(1558) Metaspace: 132086K(133760K)->132086K(133760K) NonClass: 115244K(115968K)->115244K(115968K) Class: 16842K(17792K)->16842K(17792K)
[154.495s][info][gc             ] GC(1558) Pause Young (Allocation Failure) 1762M->1217M(1979M) 4.676ms
[154.495s][info][gc,cpu         ] GC(1558) User=0.00s Sys=0.00s Real=0.01s
[154.581s][info][gc,start       ] GC(1559) Pause Young (Allocation Failure)
[154.587s][info][gc,heap        ] GC(1559) DefNew: 589609K(629120K)->39241K(629120K) Eden: 559232K(559232K)->0K(559232K) From: 30377K(69888K)->39241K(69888K)
[154.587s][info][gc,heap        ] GC(1559) Tenured: 1216598K(1398144K)->1216598K(1398144K)
[154.587s][info][gc,metaspace   ] GC(1559) Metaspace: 132086K(133760K)->132086K(133760K) NonClass: 115244K(115968K)->115244K(115968K) Class: 16842K(17792K)->16842K(17792K)
[154.587s][info][gc             ] GC(1559) Pause Young (Allocation Failure) 1763M->1226M(1979M) 5.579ms
[154.587s][info][gc,cpu         ] GC(1559) User=0.00s Sys=0.00s Real=0.00s
[154.673s][info][gc,start       ] GC(1560) Pause Young (Allocation Failure)
[154.679s][info][gc,heap        ] GC(1560) DefNew: 598473K(629120K)->26880K(629120K) Eden: 559232K(559232K)->0K(559232K) From: 39241K(69888K)->26880K(69888K)
[154.679s][info][gc,heap        ] GC(1560) Tenured: 1216598K(1398144K)->1228888K(1398144K)
[154.679s][info][gc,metaspace   ] GC(1560) Metaspace: 132086K(133760K)->132086K(133760K) NonClass: 115244K(115968K)->115244K(115968K) Class: 16842K(17792K)->16842K(17792K)
[154.679s][info][gc             ] GC(1560) Pause Young (Allocation Failure) 1772M->1226M(1979M) 5.691ms
[154.679s][info][gc,cpu         ] GC(1560) User=0.00s Sys=0.00s Real=0.00s
[154.765s][info][gc,start       ] GC(1561) Pause Young (Allocation Failure)
[154.769s][info][gc,heap        ] GC(1561) DefNew: 586112K(629120K)->24620K(629120K) Eden: 559232K(559232K)->0K(559232K) From: 26880K(69888K)->24620K(69888K)
[154.769s][info][gc,heap        ] GC(1561) Tenured: 1228888K(1398144K)->1228888K(1398144K)
[154.769s][info][gc,metaspace   ] GC(1561) Metaspace: 132086K(133760K)->132086K(133760K) NonClass: 115244K(115968K)->115244K(115968K) Class: 16842K(17792K)->16842K(17792K)
[154.769s][info][gc             ] GC(1561) Pause Young (Allocation Failure) 1772M->1224M(1979M) 4.124ms
[154.769s][info][gc,cpu         ] GC(1561) User=0.00s Sys=0.00s Real=0.00s
[154.856s][info][gc,start       ] GC(1562) Pause Young (Allocation Failure)
[154.861s][info][gc,heap        ] GC(1562) DefNew: 583852K(629120K)->30092K(629120K) Eden: 559232K(559232K)->0K(559232K) From: 24620K(69888K)->30092K(69888K)
[154.861s][info][gc,heap        ] GC(1562) Tenured: 1228888K(1398144K)->1228888K(1398144K)
[154.861s][info][gc,metaspace   ] GC(1562) Metaspace: 132086K(133760K)->132086K(133760K) NonClass: 115244K(115968K)->115244K(115968K) Class: 16842K(17792K)->16842K(17792K)
[154.861s][info][gc             ] GC(1562) Pause Young (Allocation Failure) 1770M->1229M(1979M) 4.937ms
[154.861s][info][gc,cpu         ] GC(1562) User=0.00s Sys=0.00s Real=0.00s
[154.949s][info][gc,start       ] GC(1563) Pause Young (Allocation Failure)
[154.953s][info][gc,heap        ] GC(1563) DefNew: 589324K(629120K)->21408K(629120K) Eden: 559232K(559232K)->0K(559232K) From: 30092K(69888K)->21408K(69888K)
[154.953s][info][gc,heap        ] GC(1563) Tenured: 1228888K(1398144K)->1228888K(1398144K)
[154.953s][info][gc,metaspace   ] GC(1563) Metaspace: 132086K(133760K)->132086K(133760K) NonClass: 115244K(115968K)->115244K(115968K) Class: 16842K(17792K)->16842K(17792K)
[154.953s][info][gc             ] GC(1563) Pause Young (Allocation Failure) 1775M->1220M(1979M) 4.220ms
[154.953s][info][gc,cpu         ] GC(1563) User=0.02s Sys=0.00s Real=0.01s
[155.040s][info][gc,start       ] GC(1564) Pause Young (Allocation Failure)
[155.045s][info][gc,heap        ] GC(1564) DefNew: 579282K(629120K)->25391K(629120K) Eden: 557873K(559232K)->0K(559232K) From: 21408K(69888K)->25391K(69888K)
[155.045s][info][gc,heap        ] GC(1564) Tenured: 1228888K(1398144K)->1228888K(1398144K)
[155.045s][info][gc,metaspace   ] GC(1564) Metaspace: 132086K(133760K)->132086K(133760K) NonClass: 115244K(115968K)->115244K(115968K) Class: 16842K(17792K)->16842K(17792K)
[155.045s][info][gc             ] GC(1564) Pause Young (Allocation Failure) 1765M->1224M(1979M) 4.420ms
[155.045s][info][gc,cpu         ] GC(1564) User=0.02s Sys=0.00s Real=0.02s
[155.132s][info][gc,start       ] GC(1565) Pause Young (Allocation Failure)
[155.136s][info][gc,heap        ] GC(1565) DefNew: 584623K(629120K)->26877K(629120K) Eden: 559232K(559232K)->0K(559232K) From: 25391K(69888K)->26877K(69888K)
[155.136s][info][gc,heap        ] GC(1565) Tenured: 1228888K(1398144K)->1228888K(1398144K)
[155.136s][info][gc,metaspace   ] GC(1565) Metaspace: 132086K(133760K)->132086K(133760K) NonClass: 115244K(115968K)->115244K(115968K) Class: 16842K(17792K)->16842K(17792K)
[155.136s][info][gc             ] GC(1565) Pause Young (Allocation Failure) 1771M->1226M(1979M) 4.438ms
[155.136s][info][gc,cpu         ] GC(1565) User=0.00s Sys=0.00s Real=0.00s
[155.223s][info][gc,start       ] GC(1566) Pause Young (Allocation Failure)
[155.227s][info][gc,heap        ] GC(1566) DefNew: 586109K(629120K)->23049K(629120K) Eden: 559232K(559232K)->0K(559232K) From: 26877K(69888K)->23049K(69888K)
[155.227s][info][gc,heap        ] GC(1566) Tenured: 1228888K(1398144K)->1228888K(1398144K)
[155.227s][info][gc,metaspace   ] GC(1566) Metaspace: 132086K(133760K)->132086K(133760K) NonClass: 115244K(115968K)->115244K(115968K) Class: 16842K(17792K)->16842K(17792K)
[155.227s][info][gc             ] GC(1566) Pause Young (Allocation Failure) 1772M->1222M(1979M) 4.028ms
[155.227s][info][gc,cpu         ] GC(1566) User=0.00s Sys=0.00s Real=0.00s
[155.315s][info][gc,start       ] GC(1567) Pause Young (Allocation Failure)
[155.319s][info][gc,heap        ] GC(1567) DefNew: 582281K(629120K)->26978K(629120K) Eden: 559232K(559232K)->0K(559232K) From: 23049K(69888K)->26978K(69888K)
[155.319s][info][gc,heap        ] GC(1567) Tenured: 1228888K(1398144K)->1228888K(1398144K)
[155.319s][info][gc,metaspace   ] GC(1567) Metaspace: 132086K(133760K)->132086K(133760K) NonClass: 115244K(115968K)->115244K(115968K) Class: 16842K(17792K)->16842K(17792K)
[155.319s][info][gc             ] GC(1567) Pause Young (Allocation Failure) 1768M->1226M(1979M) 4.418ms
[155.319s][info][gc,cpu         ] GC(1567) User=0.00s Sys=0.00s Real=0.00s
[155.406s][info][gc,start       ] GC(1568) Pause Young (Allocation Failure)
[155.410s][info][gc,heap        ] GC(1568) DefNew: 586210K(629120K)->20813K(629120K) Eden: 559232K(559232K)->0K(559232K) From: 26978K(69888K)->20813K(69888K)
[155.410s][info][gc,heap        ] GC(1568) Tenured: 1228888K(1398144K)->1228888K(1398144K)
[155.410s][info][gc,metaspace   ] GC(1568) Metaspace: 132086K(133760K)->132086K(133760K) NonClass: 115244K(115968K)->115244K(115968K) Class: 16842K(17792K)->16842K(17792K)
[155.410s][info][gc             ] GC(1568) Pause Young (Allocation Failure) 1772M->1220M(1979M) 3.877ms
[155.410s][info][gc,cpu         ] GC(1568) User=0.00s Sys=0.00s Real=0.00s
[155.496s][info][gc,start       ] GC(1569) Pause Young (Allocation Failure)
[155.500s][info][gc,heap        ] GC(1569) DefNew: 580045K(629120K)->21319K(629120K) Eden: 559232K(559232K)->0K(559232K) From: 20813K(69888K)->21319K(69888K)
[155.500s][info][gc,heap        ] GC(1569) Tenured: 1228888K(1398144K)->1232986K(1398144K)
[155.500s][info][gc,metaspace   ] GC(1569) Metaspace: 132086K(133760K)->132086K(133760K) NonClass: 115244K(115968K)->115244K(115968K) Class: 16842K(17792K)->16842K(17792K)
[155.500s][info][gc             ] GC(1569) Pause Young (Allocation Failure) 1766M->1224M(1979M) 4.433ms
[155.500s][info][gc,cpu         ] GC(1569) User=0.02s Sys=0.00s Real=0.01s
[155.587s][info][gc,start       ] GC(1570) Pause Young (Allocation Failure)
[155.592s][info][gc,heap        ] GC(1570) DefNew: 580551K(629120K)->20899K(629120K) Eden: 559232K(559232K)->0K(559232K) From: 21319K(69888K)->20899K(69888K)
[155.592s][info][gc,heap        ] GC(1570) Tenured: 1232986K(1398144K)->1241221K(1398144K)
[155.592s][info][gc,metaspace   ] GC(1570) Metaspace: 132086K(133760K)->132086K(133760K) NonClass: 115244K(115968K)->115244K(115968K) Class: 16842K(17792K)->16842K(17792K)
[155.592s][info][gc             ] GC(1570) Pause Young (Allocation Failure) 1771M->1232M(1979M) 4.752ms
[155.592s][info][gc,cpu         ] GC(1570) User=0.00s Sys=0.00s Real=0.00s
[155.678s][info][gc,start       ] GC(1571) Pause Young (Allocation Failure)
[155.681s][info][gc,heap        ] GC(1571) DefNew: 580131K(629120K)->9944K(629120K) Eden: 559232K(559232K)->0K(559232K) From: 20899K(69888K)->9944K(69888K)
[155.681s][info][gc,heap        ] GC(1571) Tenured: 1241221K(1398144K)->1241221K(1398144K)
[155.681s][info][gc,metaspace   ] GC(1571) Metaspace: 132086K(133760K)->132086K(133760K) NonClass: 115244K(115968K)->115244K(115968K) Class: 16842K(17792K)->16842K(17792K)
[155.681s][info][gc             ] GC(1571) Pause Young (Allocation Failure) 1778M->1221M(1979M) 3.051ms
[155.681s][info][gc,cpu         ] GC(1571) User=0.00s Sys=0.00s Real=0.00s
[155.768s][info][gc,start       ] GC(1572) Pause Young (Allocation Failure)
[155.771s][info][gc,heap        ] GC(1572) DefNew: 569176K(629120K)->14633K(629120K) Eden: 559232K(559232K)->0K(559232K) From: 9944K(69888K)->14633K(69888K)
[155.771s][info][gc,heap        ] GC(1572) Tenured: 1241221K(1398144K)->1241221K(1398144K)
[155.771s][info][gc,metaspace   ] GC(1572) Metaspace: 132086K(133760K)->132086K(133760K) NonClass: 115244K(115968K)->115244K(115968K) Class: 16842K(17792K)->16842K(17792K)
[155.771s][info][gc             ] GC(1572) Pause Young (Allocation Failure) 1767M->1226M(1979M) 3.351ms
[155.771s][info][gc,cpu         ] GC(1572) User=0.00s Sys=0.00s Real=0.00s
[155.914s][info][gc,start       ] GC(1573) Pause Young (Allocation Failure)
[155.917s][info][gc,heap        ] GC(1573) DefNew: 571170K(629120K)->14138K(629120K) Eden: 556537K(559232K)->0K(559232K) From: 14633K(69888K)->14138K(69888K)
[155.917s][info][gc,heap        ] GC(1573) Tenured: 1241221K(1398144K)->1241221K(1398144K)
[155.917s][info][gc,metaspace   ] GC(1573) Metaspace: 132086K(133760K)->132086K(133760K) NonClass: 115244K(115968K)->115244K(115968K) Class: 16842K(17792K)->16842K(17792K)
[155.917s][info][gc             ] GC(1573) Pause Young (Allocation Failure) 1769M->1225M(1979M) 3.723ms
[155.917s][info][gc,cpu         ] GC(1573) User=0.00s Sys=0.00s Real=0.00s
[156.067s][info][gc,start       ] GC(1574) Pause Full (System.gc())
[156.067s][info][gc,phases,start] GC(1574) Phase 1: Mark live objects
[156.126s][info][gc,phases      ] GC(1574) Phase 1: Mark live objects 58.307ms
[156.126s][info][gc,phases,start] GC(1574) Phase 2: Compute new object addresses
[156.169s][info][gc,phases      ] GC(1574) Phase 2: Compute new object addresses 43.374ms
[156.169s][info][gc,phases,start] GC(1574) Phase 3: Adjust pointers
[156.201s][info][gc,phases      ] GC(1574) Phase 3: Adjust pointers 31.856ms
[156.201s][info][gc,phases,start] GC(1574) Phase 4: Move objects
[156.201s][info][gc,phases      ] GC(1574) Phase 4: Move objects 0.048ms
[156.202s][info][gc,heap        ] GC(1574) DefNew: 252315K(629120K)->0K(629120K) Eden: 238177K(559232K)->0K(559232K) From: 14138K(69888K)->0K(69888K)
[156.202s][info][gc,heap        ] GC(1574) Tenured: 1241221K(1398144K)->1035654K(1398144K)
[156.202s][info][gc,metaspace   ] GC(1574) Metaspace: 132099K(133760K)->132099K(133760K) NonClass: 115257K(115968K)->115257K(115968K) Class: 16842K(17792K)->16842K(17792K)
[156.202s][info][gc             ] GC(1574) Pause Full (System.gc()) 1458M->1011M(1979M) 134.418ms
[156.202s][info][gc,cpu         ] GC(1574) User=0.11s Sys=0.00s Real=0.12s
[156.323s][info][gc,start       ] GC(1575) Pause Young (Allocation Failure)
[156.328s][info][gc,heap        ] GC(1575) DefNew: 559232K(629120K)->4925K(629120K) Eden: 559232K(559232K)->0K(559232K) From: 0K(69888K)->4925K(69888K)
[156.328s][info][gc,heap        ] GC(1575) Tenured: 1035654K(1398144K)->1035654K(1398144K)
[156.328s][info][gc,metaspace   ] GC(1575) Metaspace: 132133K(133824K)->132133K(133824K) NonClass: 115291K(116032K)->115291K(116032K) Class: 16842K(17792K)->16842K(17792K)
[156.328s][info][gc             ] GC(1575) Pause Young (Allocation Failure) 1557M->1016M(1979M) 4.733ms
[156.328s][info][gc,cpu         ] GC(1575) User=0.02s Sys=0.00s Real=0.00s
[156.383s][info][gc,start       ] GC(1576) Pause Young (Allocation Failure)
[156.387s][info][gc,heap        ] GC(1576) DefNew: 564157K(629120K)->6087K(629120K) Eden: 559232K(559232K)->0K(559232K) From: 4925K(69888K)->6087K(69888K)
[156.387s][info][gc,heap        ] GC(1576) Tenured: 1035654K(1398144K)->1035654K(1398144K)
[156.387s][info][gc,metaspace   ] GC(1576) Metaspace: 132133K(133824K)->132133K(133824K) NonClass: 115291K(116032K)->115291K(116032K) Class: 16842K(17792K)->16842K(17792K)
[156.387s][info][gc             ] GC(1576) Pause Young (Allocation Failure) 1562M->1017M(1979M) 3.679ms
[156.387s][info][gc,cpu         ] GC(1576) User=0.00s Sys=0.00s Real=0.00s
[156.440s][info][gc,start       ] GC(1577) Pause Young (Allocation Failure)
[156.444s][info][gc,heap        ] GC(1577) DefNew: 565319K(629120K)->9025K(629120K) Eden: 559232K(559232K)->0K(559232K) From: 6087K(69888K)->9025K(69888K)
[156.444s][info][gc,heap        ] GC(1577) Tenured: 1035654K(1398144K)->1035654K(1398144K)
[156.444s][info][gc,metaspace   ] GC(1577) Metaspace: 132133K(133824K)->132133K(133824K) NonClass: 115291K(116032K)->115291K(116032K) Class: 16842K(17792K)->16842K(17792K)
[156.444s][info][gc             ] GC(1577) Pause Young (Allocation Failure) 1563M->1020M(1979M) 4.236ms
[156.445s][info][gc,cpu         ] GC(1577) User=0.00s Sys=0.00s Real=0.02s
[156.500s][info][gc,start       ] GC(1578) Pause Young (Allocation Failure)
[156.504s][info][gc,heap        ] GC(1578) DefNew: 568257K(629120K)->10391K(629120K) Eden: 559232K(559232K)->0K(559232K) From: 9025K(69888K)->10391K(69888K)
[156.504s][info][gc,heap        ] GC(1578) Tenured: 1035654K(1398144K)->1035654K(1398144K)
[156.504s][info][gc,metaspace   ] GC(1578) Metaspace: 132133K(133824K)->132133K(133824K) NonClass: 115291K(116032K)->115291K(116032K) Class: 16842K(17792K)->16842K(17792K)
[156.504s][info][gc             ] GC(1578) Pause Young (Allocation Failure) 1566M->1021M(1979M) 4.353ms
[156.504s][info][gc,cpu         ] GC(1578) User=0.00s Sys=0.00s Real=0.00s
[156.561s][info][gc,start       ] GC(1579) Pause Young (Allocation Failure)
[156.566s][info][gc,heap        ] GC(1579) DefNew: 569623K(629120K)->19407K(629120K) Eden: 559232K(559232K)->0K(559232K) From: 10391K(69888K)->19407K(69888K)
[156.566s][info][gc,heap        ] GC(1579) Tenured: 1035654K(1398144K)->1035654K(1398144K)
[156.566s][info][gc,metaspace   ] GC(1579) Metaspace: 132133K(133824K)->132133K(133824K) NonClass: 115291K(116032K)->115291K(116032K) Class: 16842K(17792K)->16842K(17792K)
[156.566s][info][gc             ] GC(1579) Pause Young (Allocation Failure) 1567M->1030M(1979M) 5.575ms
[156.566s][info][gc,cpu         ] GC(1579) User=0.00s Sys=0.00s Real=0.02s
[156.622s][info][gc,start       ] GC(1580) Pause Young (Allocation Failure)
[156.627s][info][gc,heap        ] GC(1580) DefNew: 578639K(629120K)->19066K(629120K) Eden: 559232K(559232K)->0K(559232K) From: 19407K(69888K)->19066K(69888K)
[156.627s][info][gc,heap        ] GC(1580) Tenured: 1035654K(1398144K)->1035654K(1398144K)
[156.627s][info][gc,metaspace   ] GC(1580) Metaspace: 132133K(133824K)->132133K(133824K) NonClass: 115291K(116032K)->115291K(116032K) Class: 16842K(17792K)->16842K(17792K)
[156.627s][info][gc             ] GC(1580) Pause Young (Allocation Failure) 1576M->1030M(1979M) 5.363ms
[156.627s][info][gc,cpu         ] GC(1580) User=0.00s Sys=0.00s Real=0.01s
[156.683s][info][gc,start       ] GC(1581) Pause Young (Allocation Failure)
[156.689s][info][gc,heap        ] GC(1581) DefNew: 578298K(629120K)->28748K(629120K) Eden: 559232K(559232K)->0K(559232K) From: 19066K(69888K)->28748K(69888K)
[156.689s][info][gc,heap        ] GC(1581) Tenured: 1035654K(1398144K)->1035654K(1398144K)
[156.689s][info][gc,metaspace   ] GC(1581) Metaspace: 132133K(133824K)->132133K(133824K) NonClass: 115291K(116032K)->115291K(116032K) Class: 16842K(17792K)->16842K(17792K)
[156.689s][info][gc             ] GC(1581) Pause Young (Allocation Failure) 1576M->1039M(1979M) 6.124ms
[156.689s][info][gc,cpu         ] GC(1581) User=0.00s Sys=0.00s Real=0.02s
[156.744s][info][gc,start       ] GC(1582) Pause Young (Allocation Failure)
[156.750s][info][gc,heap        ] GC(1582) DefNew: 587980K(629120K)->27260K(629120K) Eden: 559232K(559232K)->0K(559232K) From: 28748K(69888K)->27260K(69888K)
[156.750s][info][gc,heap        ] GC(1582) Tenured: 1035654K(1398144K)->1035654K(1398144K)
[156.750s][info][gc,metaspace   ] GC(1582) Metaspace: 132133K(133824K)->132133K(133824K) NonClass: 115291K(116032K)->115291K(116032K) Class: 16842K(17792K)->16842K(17792K)
[156.750s][info][gc             ] GC(1582) Pause Young (Allocation Failure) 1585M->1038M(1979M) 5.910ms
[156.750s][info][gc,cpu         ] GC(1582) User=0.00s Sys=0.00s Real=0.00s
[156.806s][info][gc,start       ] GC(1583) Pause Young (Allocation Failure)
[156.813s][info][gc,heap        ] GC(1583) DefNew: 586492K(629120K)->33695K(629120K) Eden: 559232K(559232K)->0K(559232K) From: 27260K(69888K)->33695K(69888K)
[156.813s][info][gc,heap        ] GC(1583) Tenured: 1035654K(1398144K)->1035654K(1398144K)
[156.813s][info][gc,metaspace   ] GC(1583) Metaspace: 132133K(133824K)->132133K(133824K) NonClass: 115291K(116032K)->115291K(116032K) Class: 16842K(17792K)->16842K(17792K)
[156.813s][info][gc             ] GC(1583) Pause Young (Allocation Failure) 1584M->1044M(1979M) 6.620ms
[156.813s][info][gc,cpu         ] GC(1583) User=0.00s Sys=0.00s Real=0.00s
[156.868s][info][gc,start       ] GC(1584) Pause Young (Allocation Failure)
[156.875s][info][gc,heap        ] GC(1584) DefNew: 592927K(629120K)->37032K(629120K) Eden: 559232K(559232K)->0K(559232K) From: 33695K(69888K)->37032K(69888K)
[156.875s][info][gc,heap        ] GC(1584) Tenured: 1035654K(1398144K)->1035654K(1398144K)
[156.875s][info][gc,metaspace   ] GC(1584) Metaspace: 132133K(133824K)->132133K(133824K) NonClass: 115291K(116032K)->115291K(116032K) Class: 16842K(17792K)->16842K(17792K)
[156.875s][info][gc             ] GC(1584) Pause Young (Allocation Failure) 1590M->1047M(1979M) 6.927ms
[156.875s][info][gc,cpu         ] GC(1584) User=0.00s Sys=0.00s Real=0.00s
[156.932s][info][gc,start       ] GC(1585) Pause Young (Allocation Failure)
[156.939s][info][gc,heap        ] GC(1585) DefNew: 596264K(629120K)->33993K(629120K) Eden: 559232K(559232K)->0K(559232K) From: 37032K(69888K)->33993K(69888K)
[156.939s][info][gc,heap        ] GC(1585) Tenured: 1035654K(1398144K)->1041332K(1398144K)
[156.939s][info][gc,metaspace   ] GC(1585) Metaspace: 132133K(133824K)->132133K(133824K) NonClass: 115291K(116032K)->115291K(116032K) Class: 16842K(17792K)->16842K(17792K)
[156.939s][info][gc             ] GC(1585) Pause Young (Allocation Failure) 1593M->1050M(1979M) 7.189ms
[156.939s][info][gc,cpu         ] GC(1585) User=0.00s Sys=0.00s Real=0.00s
[156.994s][info][gc,start       ] GC(1586) Pause Young (Allocation Failure)
[157.000s][info][gc,heap        ] GC(1586) DefNew: 593225K(629120K)->39526K(629120K) Eden: 559232K(559232K)->0K(559232K) From: 33993K(69888K)->39526K(69888K)
[157.000s][info][gc,heap        ] GC(1586) Tenured: 1041332K(1398144K)->1041332K(1398144K)
[157.000s][info][gc,metaspace   ] GC(1586) Metaspace: 132133K(133824K)->132133K(133824K) NonClass: 115291K(116032K)->115291K(116032K) Class: 16842K(17792K)->16842K(17792K)
[157.000s][info][gc             ] GC(1586) Pause Young (Allocation Failure) 1596M->1055M(1979M) 5.945ms
[157.000s][info][gc,cpu         ] GC(1586) User=0.00s Sys=0.00s Real=0.00s
[157.057s][info][gc,start       ] GC(1587) Pause Young (Allocation Failure)
[157.063s][info][gc,heap        ] GC(1587) DefNew: 598758K(629120K)->39318K(629120K) Eden: 559232K(559232K)->0K(559232K) From: 39526K(69888K)->39318K(69888K)
[157.063s][info][gc,heap        ] GC(1587) Tenured: 1041332K(1398144K)->1049832K(1398144K)
[157.063s][info][gc,metaspace   ] GC(1587) Metaspace: 132133K(133824K)->132133K(133824K) NonClass: 115291K(116032K)->115291K(116032K) Class: 16842K(17792K)->16842K(17792K)
[157.064s][info][gc             ] GC(1587) Pause Young (Allocation Failure) 1601M->1063M(1979M) 6.680ms
[157.064s][info][gc,cpu         ] GC(1587) User=0.00s Sys=0.00s Real=0.00s
[157.118s][info][gc,start       ] GC(1588) Pause Young (Allocation Failure)
[157.125s][info][gc,heap        ] GC(1588) DefNew: 598550K(629120K)->34178K(629120K) Eden: 559232K(559232K)->0K(559232K) From: 39318K(69888K)->34178K(69888K)
[157.125s][info][gc,heap        ] GC(1588) Tenured: 1049832K(1398144K)->1058029K(1398144K)
[157.125s][info][gc,metaspace   ] GC(1588) Metaspace: 132133K(133824K)->132133K(133824K) NonClass: 115291K(116032K)->115291K(116032K) Class: 16842K(17792K)->16842K(17792K)
[157.125s][info][gc             ] GC(1588) Pause Young (Allocation Failure) 1609M->1066M(1979M) 6.364ms
[157.125s][info][gc,cpu         ] GC(1588) User=0.00s Sys=0.00s Real=0.00s
[157.183s][info][gc,start       ] GC(1589) Pause Young (Allocation Failure)
[157.188s][info][gc,heap        ] GC(1589) DefNew: 593410K(629120K)->34737K(629120K) Eden: 559232K(559232K)->0K(559232K) From: 34178K(69888K)->34737K(69888K)
[157.188s][info][gc,heap        ] GC(1589) Tenured: 1058029K(1398144K)->1058029K(1398144K)
[157.188s][info][gc,metaspace   ] GC(1589) Metaspace: 132133K(133824K)->132133K(133824K) NonClass: 115291K(116032K)->115291K(116032K) Class: 16842K(17792K)->16842K(17792K)
[157.188s][info][gc             ] GC(1589) Pause Young (Allocation Failure) 1612M->1067M(1979M) 5.072ms
[157.188s][info][gc,cpu         ] GC(1589) User=0.00s Sys=0.00s Real=0.00s
[157.243s][info][gc,start       ] GC(1590) Pause Young (Allocation Failure)
[157.249s][info][gc,heap        ] GC(1590) DefNew: 593969K(629120K)->42360K(629120K) Eden: 559232K(559232K)->0K(559232K) From: 34737K(69888K)->42360K(69888K)
[157.249s][info][gc,heap        ] GC(1590) Tenured: 1058029K(1398144K)->1058029K(1398144K)
[157.249s][info][gc,metaspace   ] GC(1590) Metaspace: 132133K(133824K)->132133K(133824K) NonClass: 115291K(116032K)->115291K(116032K) Class: 16842K(17792K)->16842K(17792K)
[157.249s][info][gc             ] GC(1590) Pause Young (Allocation Failure) 1613M->1074M(1979M) 5.861ms
[157.249s][info][gc,cpu         ] GC(1590) User=0.00s Sys=0.00s Real=0.00s
[157.307s][info][gc,start       ] GC(1591) Pause Young (Allocation Failure)
[157.314s][info][gc,heap        ] GC(1591) DefNew: 601592K(629120K)->37396K(629120K) Eden: 559232K(559232K)->0K(559232K) From: 42360K(69888K)->37396K(69888K)
[157.314s][info][gc,heap        ] GC(1591) Tenured: 1058029K(1398144K)->1066222K(1398144K)
[157.314s][info][gc,metaspace   ] GC(1591) Metaspace: 132133K(133824K)->132133K(133824K) NonClass: 115291K(116032K)->115291K(116032K) Class: 16842K(17792K)->16842K(17792K)
[157.314s][info][gc             ] GC(1591) Pause Young (Allocation Failure) 1620M->1077M(1979M) 6.626ms
[157.314s][info][gc,cpu         ] GC(1591) User=0.00s Sys=0.00s Real=0.00s
[157.405s][info][gc,start       ] GC(1592) Pause Young (Allocation Failure)
[157.412s][info][gc,heap        ] GC(1592) DefNew: 596628K(629120K)->47796K(629120K) Eden: 559232K(559232K)->0K(559232K) From: 37396K(69888K)->47796K(69888K)
[157.412s][info][gc,heap        ] GC(1592) Tenured: 1066222K(1398144K)->1070339K(1398144K)
[157.412s][info][gc,metaspace   ] GC(1592) Metaspace: 132136K(133824K)->132136K(133824K) NonClass: 115294K(116032K)->115294K(116032K) Class: 16842K(17792K)->16842K(17792K)
[157.412s][info][gc             ] GC(1592) Pause Young (Allocation Failure) 1623M->1091M(1979M) 7.008ms
[157.412s][info][gc,cpu         ] GC(1592) User=0.00s Sys=0.00s Real=0.01s
[157.501s][info][gc,start       ] GC(1593) Pause Young (Allocation Failure)
[157.509s][info][gc,heap        ] GC(1593) DefNew: 607028K(629120K)->39701K(629120K) Eden: 559232K(559232K)->0K(559232K) From: 47796K(69888K)->39701K(69888K)
[157.509s][info][gc,heap        ] GC(1593) Tenured: 1070339K(1398144K)->1090807K(1398144K)
[157.509s][info][gc,metaspace   ] GC(1593) Metaspace: 132136K(133824K)->132136K(133824K) NonClass: 115294K(116032K)->115294K(116032K) Class: 16842K(17792K)->16842K(17792K)
[157.509s][info][gc             ] GC(1593) Pause Young (Allocation Failure) 1638M->1104M(1979M) 8.328ms
[157.509s][info][gc,cpu         ] GC(1593) User=0.00s Sys=0.00s Real=0.02s
[157.599s][info][gc,start       ] GC(1594) Pause Young (Allocation Failure)
[157.605s][info][gc,heap        ] GC(1594) DefNew: 598933K(629120K)->43265K(629120K) Eden: 559232K(559232K)->0K(559232K) From: 39701K(69888K)->43265K(69888K)
[157.605s][info][gc,heap        ] GC(1594) Tenured: 1090807K(1398144K)->1099319K(1398144K)
[157.605s][info][gc,metaspace   ] GC(1594) Metaspace: 132136K(133824K)->132136K(133824K) NonClass: 115294K(116032K)->115294K(116032K) Class: 16842K(17792K)->16842K(17792K)
[157.605s][info][gc             ] GC(1594) Pause Young (Allocation Failure) 1650M->1115M(1979M) 6.851ms
[157.605s][info][gc,cpu         ] GC(1594) User=0.00s Sys=0.00s Real=0.01s
[157.694s][info][gc,start       ] GC(1595) Pause Young (Allocation Failure)
[157.701s][info][gc,heap        ] GC(1595) DefNew: 602497K(629120K)->50503K(629120K) Eden: 559232K(559232K)->0K(559232K) From: 43265K(69888K)->50503K(69888K)
[157.701s][info][gc,heap        ] GC(1595) Tenured: 1099319K(1398144K)->1107689K(1398144K)
[157.701s][info][gc,metaspace   ] GC(1595) Metaspace: 132136K(133824K)->132136K(133824K) NonClass: 115294K(116032K)->115294K(116032K) Class: 16842K(17792K)->16842K(17792K)
[157.701s][info][gc             ] GC(1595) Pause Young (Allocation Failure) 1661M->1131M(1979M) 7.326ms
[157.701s][info][gc,cpu         ] GC(1595) User=0.00s Sys=0.00s Real=0.00s
[157.790s][info][gc,start       ] GC(1596) Pause Young (Allocation Failure)
[157.797s][info][gc,heap        ] GC(1596) DefNew: 609735K(629120K)->45840K(629120K) Eden: 559232K(559232K)->0K(559232K) From: 50503K(69888K)->45840K(69888K)
[157.797s][info][gc,heap        ] GC(1596) Tenured: 1107689K(1398144K)->1124060K(1398144K)
[157.797s][info][gc,metaspace   ] GC(1596) Metaspace: 132136K(133824K)->132136K(133824K) NonClass: 115294K(116032K)->115294K(116032K) Class: 16842K(17792K)->16842K(17792K)
[157.797s][info][gc             ] GC(1596) Pause Young (Allocation Failure) 1677M->1142M(1979M) 7.604ms
[157.797s][info][gc,cpu         ] GC(1596) User=0.00s Sys=0.00s Real=0.00s
[157.886s][info][gc,start       ] GC(1597) Pause Young (Allocation Failure)
[157.893s][info][gc,heap        ] GC(1597) DefNew: 601654K(629120K)->41301K(629120K) Eden: 555814K(559232K)->0K(559232K) From: 45840K(69888K)->41301K(69888K)
[157.893s][info][gc,heap        ] GC(1597) Tenured: 1124060K(1398144K)->1140448K(1398144K)
[157.893s][info][gc,metaspace   ] GC(1597) Metaspace: 132136K(133824K)->132136K(133824K) NonClass: 115294K(116032K)->115294K(116032K) Class: 16842K(17792K)->16842K(17792K)
[157.893s][info][gc             ] GC(1597) Pause Young (Allocation Failure) 1685M->1154M(1979M) 7.247ms
[157.893s][info][gc,cpu         ] GC(1597) User=0.00s Sys=0.00s Real=0.00s
[157.985s][info][gc,start       ] GC(1598) Pause Young (Allocation Failure)
[157.992s][info][gc,heap        ] GC(1598) DefNew: 600533K(629120K)->44237K(629120K) Eden: 559232K(559232K)->0K(559232K) From: 41301K(69888K)->44237K(69888K)
[157.992s][info][gc,heap        ] GC(1598) Tenured: 1140448K(1398144K)->1148644K(1398144K)
[157.992s][info][gc,metaspace   ] GC(1598) Metaspace: 132137K(133824K)->132137K(133824K) NonClass: 115295K(116032K)->115295K(116032K) Class: 16842K(17792K)->16842K(17792K)
[157.992s][info][gc             ] GC(1598) Pause Young (Allocation Failure) 1700M->1164M(1979M) 7.044ms
[157.993s][info][gc,cpu         ] GC(1598) User=0.00s Sys=0.00s Real=0.02s
[158.078s][info][gc,start       ] GC(1599) Pause Young (Allocation Failure)
[158.085s][info][gc,heap        ] GC(1599) DefNew: 603469K(629120K)->33715K(629120K) Eden: 559232K(559232K)->0K(559232K) From: 44237K(69888K)->33715K(69888K)
[158.085s][info][gc,heap        ] GC(1599) Tenured: 1148644K(1398144K)->1165032K(1398144K)
[158.085s][info][gc,metaspace   ] GC(1599) Metaspace: 132137K(133824K)->132137K(133824K) NonClass: 115295K(116032K)->115295K(116032K) Class: 16842K(17792K)->16842K(17792K)
[158.085s][info][gc             ] GC(1599) Pause Young (Allocation Failure) 1711M->1170M(1979M) 6.873ms
[158.085s][info][gc,cpu         ] GC(1599) User=0.00s Sys=0.00s Real=0.00s
[158.172s][info][gc,start       ] GC(1600) Pause Young (Allocation Failure)
[158.179s][info][gc,heap        ] GC(1600) DefNew: 592947K(629120K)->47389K(629120K) Eden: 559232K(559232K)->0K(559232K) From: 33715K(69888K)->47389K(69888K)
[158.179s][info][gc,heap        ] GC(1600) Tenured: 1165032K(1398144K)->1165032K(1398144K)
[158.179s][info][gc,metaspace   ] GC(1600) Metaspace: 132137K(133824K)->132137K(133824K) NonClass: 115295K(116032K)->115295K(116032K) Class: 16842K(17792K)->16842K(17792K)
[158.179s][info][gc             ] GC(1600) Pause Young (Allocation Failure) 1716M->1184M(1979M) 6.592ms
[158.179s][info][gc,cpu         ] GC(1600) User=0.00s Sys=0.00s Real=0.00s
[158.266s][info][gc,start       ] GC(1601) Pause Young (Allocation Failure)
[158.272s][info][gc,heap        ] GC(1601) DefNew: 606621K(629120K)->29466K(629120K) Eden: 559232K(559232K)->0K(559232K) From: 47389K(69888K)->29466K(69888K)
[158.272s][info][gc,heap        ] GC(1601) Tenured: 1165032K(1398144K)->1189664K(1398144K)
[158.272s][info][gc,metaspace   ] GC(1601) Metaspace: 132137K(133824K)->132137K(133824K) NonClass: 115295K(116032K)->115295K(116032K) Class: 16842K(17792K)->16842K(17792K)
[158.273s][info][gc             ] GC(1601) Pause Young (Allocation Failure) 1730M->1190M(1979M) 6.933ms
[158.273s][info][gc,cpu         ] GC(1601) User=0.02s Sys=0.00s Real=0.01s
[158.361s][info][gc,start       ] GC(1602) Pause Young (Allocation Failure)
[158.366s][info][gc,heap        ] GC(1602) DefNew: 588698K(629120K)->36294K(629120K) Eden: 559232K(559232K)->0K(559232K) From: 29466K(69888K)->36294K(69888K)
[158.366s][info][gc,heap        ] GC(1602) Tenured: 1189664K(1398144K)->1189664K(1398144K)
[158.366s][info][gc,metaspace   ] GC(1602) Metaspace: 132137K(133824K)->132137K(133824K) NonClass: 115295K(116032K)->115295K(116032K) Class: 16842K(17792K)->16842K(17792K)
[158.366s][info][gc             ] GC(1602) Pause Young (Allocation Failure) 1736M->1197M(1979M) 5.236ms
[158.366s][info][gc,cpu         ] GC(1602) User=0.00s Sys=0.00s Real=0.00s
[158.452s][info][gc,start       ] GC(1603) Pause Young (Allocation Failure)
[158.458s][info][gc,heap        ] GC(1603) DefNew: 595526K(629120K)->32195K(629120K) Eden: 559232K(559232K)->0K(559232K) From: 36294K(69888K)->32195K(69888K)
[158.458s][info][gc,heap        ] GC(1603) Tenured: 1189664K(1398144K)->1197859K(1398144K)
[158.458s][info][gc,metaspace   ] GC(1603) Metaspace: 132137K(133824K)->132137K(133824K) NonClass: 115295K(116032K)->115295K(116032K) Class: 16842K(17792K)->16842K(17792K)
[158.458s][info][gc             ] GC(1603) Pause Young (Allocation Failure) 1743M->1201M(1979M) 5.851ms
[158.458s][info][gc,cpu         ] GC(1603) User=0.00s Sys=0.00s Real=0.00s
[158.548s][info][gc,start       ] GC(1604) Pause Young (Allocation Failure)
[158.554s][info][gc,heap        ] GC(1604) DefNew: 591427K(629120K)->41750K(629120K) Eden: 559232K(559232K)->0K(559232K) From: 32195K(69888K)->41750K(69888K)
[158.554s][info][gc,heap        ] GC(1604) Tenured: 1197859K(1398144K)->1197859K(1398144K)
[158.554s][info][gc,metaspace   ] GC(1604) Metaspace: 132137K(133824K)->132137K(133824K) NonClass: 115295K(116032K)->115295K(116032K) Class: 16842K(17792K)->16842K(17792K)
[158.554s][info][gc             ] GC(1604) Pause Young (Allocation Failure) 1747M->1210M(1979M) 5.588ms
[158.554s][info][gc,cpu         ] GC(1604) User=0.00s Sys=0.00s Real=0.00s
[158.642s][info][gc,start       ] GC(1605) Pause Young (Allocation Failure)
[158.649s][info][gc,heap        ] GC(1605) DefNew: 600982K(629120K)->41353K(629120K) Eden: 559232K(559232K)->0K(559232K) From: 41750K(69888K)->41353K(69888K)
[158.649s][info][gc,heap        ] GC(1605) Tenured: 1197859K(1398144K)->1210151K(1398144K)
[158.649s][info][gc,metaspace   ] GC(1605) Metaspace: 132137K(133824K)->132137K(133824K) NonClass: 115295K(116032K)->115295K(116032K) Class: 16842K(17792K)->16842K(17792K)
[158.649s][info][gc             ] GC(1605) Pause Young (Allocation Failure) 1756M->1222M(1979M) 6.851ms
[158.649s][info][gc,cpu         ] GC(1605) User=0.00s Sys=0.00s Real=0.00s
[158.740s][info][gc,start       ] GC(1606) Pause Young (Allocation Failure)
[158.746s][info][gc,heap        ] GC(1606) DefNew: 600585K(629120K)->30391K(629120K) Eden: 559232K(559232K)->0K(559232K) From: 41353K(69888K)->30391K(69888K)
[158.746s][info][gc,heap        ] GC(1606) Tenured: 1210151K(1398144K)->1218346K(1398144K)
[158.746s][info][gc,metaspace   ] GC(1606) Metaspace: 132138K(133824K)->132138K(133824K) NonClass: 115296K(116032K)->115296K(116032K) Class: 16842K(17792K)->16842K(17792K)
[158.746s][info][gc             ] GC(1606) Pause Young (Allocation Failure) 1768M->1219M(1979M) 6.451ms
[158.746s][info][gc,cpu         ] GC(1606) User=0.00s Sys=0.00s Real=0.01s
[158.829s][info][gc,start       ] GC(1607) Pause Young (Allocation Failure)
[158.834s][info][gc,heap        ] GC(1607) DefNew: 589623K(629120K)->31938K(629120K) Eden: 559232K(559232K)->0K(559232K) From: 30391K(69888K)->31938K(69888K)
[158.834s][info][gc,heap        ] GC(1607) Tenured: 1218346K(1398144K)->1218346K(1398144K)
[158.834s][info][gc,metaspace   ] GC(1607) Metaspace: 132138K(133824K)->132138K(133824K) NonClass: 115296K(116032K)->115296K(116032K) Class: 16842K(17792K)->16842K(17792K)
[158.834s][info][gc             ] GC(1607) Pause Young (Allocation Failure) 1765M->1220M(1979M) 5.192ms
[158.834s][info][gc,cpu         ] GC(1607) User=0.00s Sys=0.00s Real=0.00s
[158.917s][info][gc,start       ] GC(1608) Pause Young (Allocation Failure)
[158.922s][info][gc,heap        ] GC(1608) DefNew: 591170K(629120K)->35077K(629120K) Eden: 559232K(559232K)->0K(559232K) From: 31938K(69888K)->35077K(69888K)
[158.922s][info][gc,heap        ] GC(1608) Tenured: 1218346K(1398144K)->1218346K(1398144K)
[158.922s][info][gc,metaspace   ] GC(1608) Metaspace: 132138K(133824K)->132138K(133824K) NonClass: 115296K(116032K)->115296K(116032K) Class: 16842K(17792K)->16842K(17792K)
[158.922s][info][gc             ] GC(1608) Pause Young (Allocation Failure) 1767M->1224M(1979M) 5.141ms
[158.922s][info][gc,cpu         ] GC(1608) User=0.00s Sys=0.00s Real=0.02s
[159.004s][info][gc,start       ] GC(1609) Pause Young (Allocation Failure)
[159.009s][info][gc,heap        ] GC(1609) DefNew: 594309K(629120K)->25497K(629120K) Eden: 559232K(559232K)->0K(559232K) From: 35077K(69888K)->25497K(69888K)
[159.009s][info][gc,heap        ] GC(1609) Tenured: 1218346K(1398144K)->1222442K(1398144K)
[159.009s][info][gc,metaspace   ] GC(1609) Metaspace: 132138K(133824K)->132138K(133824K) NonClass: 115296K(116032K)->115296K(116032K) Class: 16842K(17792K)->16842K(17792K)
[159.009s][info][gc             ] GC(1609) Pause Young (Allocation Failure) 1770M->1218M(1979M) 4.659ms
[159.009s][info][gc,cpu         ] GC(1609) User=0.00s Sys=0.00s Real=0.00s
[159.095s][info][gc,start       ] GC(1610) Pause Young (Allocation Failure)
[159.100s][info][gc,heap        ] GC(1610) DefNew: 584729K(629120K)->33592K(629120K) Eden: 559232K(559232K)->0K(559232K) From: 25497K(69888K)->33592K(69888K)
[159.100s][info][gc,heap        ] GC(1610) Tenured: 1222442K(1398144K)->1222442K(1398144K)
[159.100s][info][gc,metaspace   ] GC(1610) Metaspace: 132138K(133824K)->132138K(133824K) NonClass: 115296K(116032K)->115296K(116032K) Class: 16842K(17792K)->16842K(17792K)
[159.100s][info][gc             ] GC(1610) Pause Young (Allocation Failure) 1764M->1226M(1979M) 5.106ms
[159.100s][info][gc,cpu         ] GC(1610) User=0.00s Sys=0.00s Real=0.00s
[159.190s][info][gc,start       ] GC(1611) Pause Young (Allocation Failure)
[159.195s][info][gc,heap        ] GC(1611) DefNew: 592824K(629120K)->35075K(629120K) Eden: 559232K(559232K)->0K(559232K) From: 33592K(69888K)->35075K(69888K)
[159.195s][info][gc,heap        ] GC(1611) Tenured: 1222442K(1398144K)->1222442K(1398144K)
[159.195s][info][gc,metaspace   ] GC(1611) Metaspace: 132138K(133824K)->132138K(133824K) NonClass: 115296K(116032K)->115296K(116032K) Class: 16842K(17792K)->16842K(17792K)
[159.195s][info][gc             ] GC(1611) Pause Young (Allocation Failure) 1772M->1228M(1979M) 5.165ms
[159.195s][info][gc,cpu         ] GC(1611) User=0.00s Sys=0.00s Real=0.00s
[159.282s][info][gc,start       ] GC(1612) Pause Young (Allocation Failure)
[159.286s][info][gc,heap        ] GC(1612) DefNew: 594307K(629120K)->23071K(629120K) Eden: 559232K(559232K)->0K(559232K) From: 35075K(69888K)->23071K(69888K)
[159.286s][info][gc,heap        ] GC(1612) Tenured: 1222442K(1398144K)->1230636K(1398144K)
[159.286s][info][gc,metaspace   ] GC(1612) Metaspace: 132138K(133824K)->132138K(133824K) NonClass: 115296K(116032K)->115296K(116032K) Class: 16842K(17792K)->16842K(17792K)
[159.286s][info][gc             ] GC(1612) Pause Young (Allocation Failure) 1774M->1224M(1979M) 4.827ms
[159.286s][info][gc,cpu         ] GC(1612) User=0.00s Sys=0.00s Real=0.00s
[159.375s][info][gc,start       ] GC(1613) Pause Young (Allocation Failure)
[159.379s][info][gc,heap        ] GC(1613) DefNew: 582303K(629120K)->30100K(629120K) Eden: 559232K(559232K)->0K(559232K) From: 23071K(69888K)->30100K(69888K)
[159.379s][info][gc,heap        ] GC(1613) Tenured: 1230636K(1398144K)->1230636K(1398144K)
[159.379s][info][gc,metaspace   ] GC(1613) Metaspace: 132138K(133824K)->132138K(133824K) NonClass: 115296K(116032K)->115296K(116032K) Class: 16842K(17792K)->16842K(17792K)
[159.379s][info][gc             ] GC(1613) Pause Young (Allocation Failure) 1770M->1231M(1979M) 4.714ms
[159.380s][info][gc,cpu         ] GC(1613) User=0.00s Sys=0.00s Real=0.00s
[159.467s][info][gc,start       ] GC(1614) Pause Young (Allocation Failure)
[159.471s][info][gc,heap        ] GC(1614) DefNew: 589332K(629120K)->20833K(629120K) Eden: 559232K(559232K)->0K(559232K) From: 30100K(69888K)->20833K(69888K)
[159.471s][info][gc,heap        ] GC(1614) Tenured: 1230636K(1398144K)->1230636K(1398144K)
[159.471s][info][gc,metaspace   ] GC(1614) Metaspace: 132138K(133824K)->132138K(133824K) NonClass: 115296K(116032K)->115296K(116032K) Class: 16842K(17792K)->16842K(17792K)
[159.471s][info][gc             ] GC(1614) Pause Young (Allocation Failure) 1777M->1222M(1979M) 4.006ms
[159.471s][info][gc,cpu         ] GC(1614) User=0.00s Sys=0.00s Real=0.02s
[159.558s][info][gc,start       ] GC(1615) Pause Young (Allocation Failure)
[159.563s][info][gc,heap        ] GC(1615) DefNew: 580065K(629120K)->25404K(629120K) Eden: 559232K(559232K)->0K(559232K) From: 20833K(69888K)->25404K(69888K)
[159.563s][info][gc,heap        ] GC(1615) Tenured: 1230636K(1398144K)->1230636K(1398144K)
[159.563s][info][gc,metaspace   ] GC(1615) Metaspace: 132138K(133824K)->132138K(133824K) NonClass: 115296K(116032K)->115296K(116032K) Class: 16842K(17792K)->16842K(17792K)
[159.563s][info][gc             ] GC(1615) Pause Young (Allocation Failure) 1768M->1226M(1979M) 4.532ms
[159.563s][info][gc,cpu         ] GC(1615) User=0.00s Sys=0.00s Real=0.00s
[159.650s][info][gc,start       ] GC(1616) Pause Young (Allocation Failure)
[159.655s][info][gc,heap        ] GC(1616) DefNew: 584636K(629120K)->33229K(629120K) Eden: 559232K(559232K)->0K(559232K) From: 25404K(69888K)->33229K(69888K)
[159.655s][info][gc,heap        ] GC(1616) Tenured: 1230636K(1398144K)->1230636K(1398144K)
[159.655s][info][gc,metaspace   ] GC(1616) Metaspace: 132138K(133824K)->132138K(133824K) NonClass: 115296K(116032K)->115296K(116032K) Class: 16842K(17792K)->16842K(17792K)
[159.655s][info][gc             ] GC(1616) Pause Young (Allocation Failure) 1772M->1234M(1979M) 5.275ms
[159.655s][info][gc,cpu         ] GC(1616) User=0.00s Sys=0.00s Real=0.00s
[159.741s][info][gc,start       ] GC(1617) Pause Young (Allocation Failure)
[159.746s][info][gc,heap        ] GC(1617) DefNew: 592461K(629120K)->23435K(629120K) Eden: 559232K(559232K)->0K(559232K) From: 33229K(69888K)->23435K(69888K)
[159.746s][info][gc,heap        ] GC(1617) Tenured: 1230636K(1398144K)->1230636K(1398144K)
[159.746s][info][gc,metaspace   ] GC(1617) Metaspace: 132138K(133824K)->132138K(133824K) NonClass: 115296K(116032K)->115296K(116032K) Class: 16842K(17792K)->16842K(17792K)
[159.746s][info][gc             ] GC(1617) Pause Young (Allocation Failure) 1780M->1224M(1979M) 4.285ms
[159.746s][info][gc,cpu         ] GC(1617) User=0.00s Sys=0.00s Real=0.00s
[159.833s][info][gc,start       ] GC(1618) Pause Young (Allocation Failure)
[159.838s][info][gc,heap        ] GC(1618) DefNew: 582667K(629120K)->26967K(629120K) Eden: 559232K(559232K)->0K(559232K) From: 23435K(69888K)->26967K(69888K)
[159.838s][info][gc,heap        ] GC(1618) Tenured: 1230636K(1398144K)->1230636K(1398144K)
[159.838s][info][gc,metaspace   ] GC(1618) Metaspace: 132138K(133824K)->132138K(133824K) NonClass: 115296K(116032K)->115296K(116032K) Class: 16842K(17792K)->16842K(17792K)
[159.838s][info][gc             ] GC(1618) Pause Young (Allocation Failure) 1770M->1228M(1979M) 4.755ms
[159.838s][info][gc,cpu         ] GC(1618) User=0.00s Sys=0.00s Real=0.00s
[159.925s][info][gc,start       ] GC(1619) Pause Young (Allocation Failure)
[159.929s][info][gc,heap        ] GC(1619) DefNew: 586199K(629120K)->24657K(629120K) Eden: 559232K(559232K)->0K(559232K) From: 26967K(69888K)->24657K(69888K)
[159.929s][info][gc,heap        ] GC(1619) Tenured: 1230636K(1398144K)->1230636K(1398144K)
[159.929s][info][gc,metaspace   ] GC(1619) Metaspace: 132138K(133824K)->132138K(133824K) NonClass: 115296K(116032K)->115296K(116032K) Class: 16842K(17792K)->16842K(17792K)
[159.929s][info][gc             ] GC(1619) Pause Young (Allocation Failure) 1774M->1225M(1979M) 4.146ms
[159.929s][info][gc,cpu         ] GC(1619) User=0.00s Sys=0.00s Real=0.00s
[160.015s][info][gc,start       ] GC(1620) Pause Young (Allocation Failure)
[160.019s][info][gc,heap        ] GC(1620) DefNew: 583889K(629120K)->19735K(629120K) Eden: 559232K(559232K)->0K(559232K) From: 24657K(69888K)->19735K(69888K)
[160.019s][info][gc,heap        ] GC(1620) Tenured: 1230636K(1398144K)->1234733K(1398144K)
[160.019s][info][gc,metaspace   ] GC(1620) Metaspace: 132138K(133824K)->132138K(133824K) NonClass: 115296K(116032K)->115296K(116032K) Class: 16842K(17792K)->16842K(17792K)
[160.019s][info][gc             ] GC(1620) Pause Young (Allocation Failure) 1771M->1225M(1979M) 4.357ms
[160.019s][info][gc,cpu         ] GC(1620) User=0.00s Sys=0.00s Real=0.01s
[160.106s][info][gc,start       ] GC(1621) Pause Young (Allocation Failure)
[160.111s][info][gc,heap        ] GC(1621) DefNew: 578967K(629120K)->17757K(629120K) Eden: 559232K(559232K)->0K(559232K) From: 19735K(69888K)->17757K(69888K)
[160.111s][info][gc,heap        ] GC(1621) Tenured: 1234733K(1398144K)->1242969K(1398144K)
[160.111s][info][gc,metaspace   ] GC(1621) Metaspace: 132138K(133824K)->132138K(133824K) NonClass: 115296K(116032K)->115296K(116032K) Class: 16842K(17792K)->16842K(17792K)
[160.111s][info][gc             ] GC(1621) Pause Young (Allocation Failure) 1771M->1231M(1979M) 4.707ms
[160.111s][info][gc,cpu         ] GC(1621) User=0.00s Sys=0.00s Real=0.00s
[160.199s][info][gc,start       ] GC(1622) Pause Young (Allocation Failure)
[160.202s][info][gc,heap        ] GC(1622) DefNew: 576989K(629120K)->8980K(629120K) Eden: 559232K(559232K)->0K(559232K) From: 17757K(69888K)->8980K(69888K)
[160.202s][info][gc,heap        ] GC(1622) Tenured: 1242969K(1398144K)->1242969K(1398144K)
[160.202s][info][gc,metaspace   ] GC(1622) Metaspace: 132138K(133824K)->132138K(133824K) NonClass: 115296K(116032K)->115296K(116032K) Class: 16842K(17792K)->16842K(17792K)
[160.202s][info][gc             ] GC(1622) Pause Young (Allocation Failure) 1777M->1222M(1979M) 2.763ms
[160.202s][info][gc,cpu         ] GC(1622) User=0.00s Sys=0.00s Real=0.00s
[160.289s][info][gc,start       ] GC(1623) Pause Young (Allocation Failure)
[160.292s][info][gc,heap        ] GC(1623) DefNew: 568212K(629120K)->14642K(629120K) Eden: 559232K(559232K)->0K(559232K) From: 8980K(69888K)->14642K(69888K)
[160.293s][info][gc,heap        ] GC(1623) Tenured: 1242969K(1398144K)->1242969K(1398144K)
[160.293s][info][gc,metaspace   ] GC(1623) Metaspace: 132138K(133824K)->132138K(133824K) NonClass: 115296K(116032K)->115296K(116032K) Class: 16842K(17792K)->16842K(17792K)
[160.293s][info][gc             ] GC(1623) Pause Young (Allocation Failure) 1768M->1228M(1979M) 3.596ms
[160.293s][info][gc,cpu         ] GC(1623) User=0.00s Sys=0.00s Real=0.00s
[160.429s][info][gc,start       ] GC(1624) Pause Young (Allocation Failure)
[160.432s][info][gc,heap        ] GC(1624) DefNew: 573874K(629120K)->14178K(629120K) Eden: 559232K(559232K)->0K(559232K) From: 14642K(69888K)->14178K(69888K)
[160.432s][info][gc,heap        ] GC(1624) Tenured: 1242969K(1398144K)->1242969K(1398144K)
[160.432s][info][gc,metaspace   ] GC(1624) Metaspace: 132138K(133824K)->132138K(133824K) NonClass: 115296K(116032K)->115296K(116032K) Class: 16842K(17792K)->16842K(17792K)
[160.432s][info][gc             ] GC(1624) Pause Young (Allocation Failure) 1774M->1227M(1979M) 3.142ms
[160.432s][info][gc,cpu         ] GC(1624) User=0.00s Sys=0.00s Real=0.00s
[160.586s][info][gc,start       ] GC(1625) Pause Full (System.gc())
[160.586s][info][gc,phases,start] GC(1625) Phase 1: Mark live objects
[160.644s][info][gc,phases      ] GC(1625) Phase 1: Mark live objects 57.718ms
[160.644s][info][gc,phases,start] GC(1625) Phase 2: Compute new object addresses
[160.690s][info][gc,phases      ] GC(1625) Phase 2: Compute new object addresses 46.114ms
[160.690s][info][gc,phases,start] GC(1625) Phase 3: Adjust pointers
[160.722s][info][gc,phases      ] GC(1625) Phase 3: Adjust pointers 31.867ms
[160.722s][info][gc,phases,start] GC(1625) Phase 4: Move objects
[160.722s][info][gc,phases      ] GC(1625) Phase 4: Move objects 0.096ms
[160.723s][info][gc,heap        ] GC(1625) DefNew: 275425K(629120K)->0K(629120K) Eden: 261247K(559232K)->0K(559232K) From: 14178K(69888K)->0K(69888K)
[160.723s][info][gc,heap        ] GC(1625) Tenured: 1242969K(1398144K)->1036772K(1398144K)
[160.723s][info][gc,metaspace   ] GC(1625) Metaspace: 132155K(133824K)->132155K(133824K) NonClass: 115313K(116032K)->115313K(116032K) Class: 16842K(17792K)->16842K(17792K)
[160.723s][info][gc             ] GC(1625) Pause Full (System.gc()) 1482M->1012M(1979M) 136.740ms
[160.723s][info][gc,cpu         ] GC(1625) User=0.12s Sys=0.00s Real=0.13s
[160.846s][info][gc,start       ] GC(1626) Pause Young (Allocation Failure)
[160.851s][info][gc,heap        ] GC(1626) DefNew: 559232K(629120K)->4933K(629120K) Eden: 559232K(559232K)->0K(559232K) From: 0K(69888K)->4933K(69888K)
[160.851s][info][gc,heap        ] GC(1626) Tenured: 1036772K(1398144K)->1036772K(1398144K)
[160.851s][info][gc,metaspace   ] GC(1626) Metaspace: 132185K(133952K)->132185K(133952K) NonClass: 115343K(116160K)->115343K(116160K) Class: 16842K(17792K)->16842K(17792K)
[160.851s][info][gc             ] GC(1626) Pause Young (Allocation Failure) 1558M->1017M(1979M) 4.814ms
[160.851s][info][gc,cpu         ] GC(1626) User=0.00s Sys=0.00s Real=0.00s
[160.905s][info][gc,start       ] GC(1627) Pause Young (Allocation Failure)
[160.909s][info][gc,heap        ] GC(1627) DefNew: 564165K(629120K)->9910K(629120K) Eden: 559232K(559232K)->0K(559232K) From: 4933K(69888K)->9910K(69888K)
[160.909s][info][gc,heap        ] GC(1627) Tenured: 1036772K(1398144K)->1036772K(1398144K)
[160.909s][info][gc,metaspace   ] GC(1627) Metaspace: 132185K(133952K)->132185K(133952K) NonClass: 115343K(116160K)->115343K(116160K) Class: 16842K(17792K)->16842K(17792K)
[160.909s][info][gc             ] GC(1627) Pause Young (Allocation Failure) 1563M->1022M(1979M) 4.100ms
[160.909s][info][gc,cpu         ] GC(1627) User=0.00s Sys=0.00s Real=0.00s
[160.963s][info][gc,start       ] GC(1628) Pause Young (Allocation Failure)
[160.968s][info][gc,heap        ] GC(1628) DefNew: 569142K(629120K)->9026K(629120K) Eden: 559232K(559232K)->0K(559232K) From: 9910K(69888K)->9026K(69888K)
[160.968s][info][gc,heap        ] GC(1628) Tenured: 1036772K(1398144K)->1036772K(1398144K)
[160.968s][info][gc,metaspace   ] GC(1628) Metaspace: 132185K(133952K)->132185K(133952K) NonClass: 115343K(116160K)->115343K(116160K) Class: 16842K(17792K)->16842K(17792K)
[160.968s][info][gc             ] GC(1628) Pause Young (Allocation Failure) 1568M->1021M(1979M) 4.128ms
[160.968s][info][gc,cpu         ] GC(1628) User=0.02s Sys=0.00s Real=0.02s
[161.022s][info][gc,start       ] GC(1629) Pause Young (Allocation Failure)
[161.027s][info][gc,heap        ] GC(1629) DefNew: 568258K(629120K)->10185K(629120K) Eden: 559232K(559232K)->0K(559232K) From: 9026K(69888K)->10185K(69888K)
[161.027s][info][gc,heap        ] GC(1629) Tenured: 1036772K(1398144K)->1036772K(1398144K)
[161.027s][info][gc,metaspace   ] GC(1629) Metaspace: 132185K(133952K)->132185K(133952K) NonClass: 115343K(116160K)->115343K(116160K) Class: 16842K(17792K)->16842K(17792K)
[161.027s][info][gc             ] GC(1629) Pause Young (Allocation Failure) 1567M->1022M(1979M) 4.344ms
[161.027s][info][gc,cpu         ] GC(1629) User=0.00s Sys=0.00s Real=0.00s
[161.084s][info][gc,start       ] GC(1630) Pause Young (Allocation Failure)
[161.088s][info][gc,heap        ] GC(1630) DefNew: 569417K(629120K)->13790K(629120K) Eden: 559232K(559232K)->0K(559232K) From: 10185K(69888K)->13790K(69888K)
[161.088s][info][gc,heap        ] GC(1630) Tenured: 1036772K(1398144K)->1036772K(1398144K)
[161.088s][info][gc,metaspace   ] GC(1630) Metaspace: 132191K(133952K)->132191K(133952K) NonClass: 115349K(116160K)->115349K(116160K) Class: 16842K(17792K)->16842K(17792K)
[161.088s][info][gc             ] GC(1630) Pause Young (Allocation Failure) 1568M->1025M(1979M) 4.968ms
[161.089s][info][gc,cpu         ] GC(1630) User=0.02s Sys=0.00s Real=0.00s
[161.145s][info][gc,start       ] GC(1631) Pause Young (Allocation Failure)
[161.150s][info][gc,heap        ] GC(1631) DefNew: 573022K(629120K)->19059K(629120K) Eden: 559232K(559232K)->0K(559232K) From: 13790K(69888K)->19059K(69888K)
[161.150s][info][gc,heap        ] GC(1631) Tenured: 1036772K(1398144K)->1036772K(1398144K)
[161.150s][info][gc,metaspace   ] GC(1631) Metaspace: 132191K(133952K)->132191K(133952K) NonClass: 115349K(116160K)->115349K(116160K) Class: 16842K(17792K)->16842K(17792K)
[161.151s][info][gc             ] GC(1631) Pause Young (Allocation Failure) 1572M->1031M(1979M) 5.345ms
[161.151s][info][gc,cpu         ] GC(1631) User=0.02s Sys=0.00s Real=0.00s
[161.208s][info][gc,start       ] GC(1632) Pause Young (Allocation Failure)
[161.213s][info][gc,heap        ] GC(1632) DefNew: 578291K(629120K)->25110K(629120K) Eden: 559232K(559232K)->0K(559232K) From: 19059K(69888K)->25110K(69888K)
[161.213s][info][gc,heap        ] GC(1632) Tenured: 1036772K(1398144K)->1036772K(1398144K)
[161.214s][info][gc,metaspace   ] GC(1632) Metaspace: 132191K(133952K)->132191K(133952K) NonClass: 115349K(116160K)->115349K(116160K) Class: 16842K(17792K)->16842K(17792K)
[161.214s][info][gc             ] GC(1632) Pause Young (Allocation Failure) 1577M->1036M(1979M) 5.769ms
[161.214s][info][gc,cpu         ] GC(1632) User=0.00s Sys=0.00s Real=0.00s
[161.269s][info][gc,start       ] GC(1633) Pause Young (Allocation Failure)
[161.275s][info][gc,heap        ] GC(1633) DefNew: 584342K(629120K)->27265K(629120K) Eden: 559232K(559232K)->0K(559232K) From: 25110K(69888K)->27265K(69888K)
[161.275s][info][gc,heap        ] GC(1633) Tenured: 1036772K(1398144K)->1036772K(1398144K)
[161.275s][info][gc,metaspace   ] GC(1633) Metaspace: 132191K(133952K)->132191K(133952K) NonClass: 115349K(116160K)->115349K(116160K) Class: 16842K(17792K)->16842K(17792K)
[161.275s][info][gc             ] GC(1633) Pause Young (Allocation Failure) 1583M->1039M(1979M) 6.067ms
[161.275s][info][gc,cpu         ] GC(1633) User=0.00s Sys=0.00s Real=0.00s
[161.331s][info][gc,start       ] GC(1634) Pause Young (Allocation Failure)
[161.338s][info][gc,heap        ] GC(1634) DefNew: 586497K(629120K)->33696K(629120K) Eden: 559232K(559232K)->0K(559232K) From: 27265K(69888K)->33696K(69888K)
[161.338s][info][gc,heap        ] GC(1634) Tenured: 1036772K(1398144K)->1036772K(1398144K)
[161.338s][info][gc,metaspace   ] GC(1634) Metaspace: 132191K(133952K)->132191K(133952K) NonClass: 115349K(116160K)->115349K(116160K) Class: 16842K(17792K)->16842K(17792K)
[161.338s][info][gc             ] GC(1634) Pause Young (Allocation Failure) 1585M->1045M(1979M) 6.649ms
[161.338s][info][gc,cpu         ] GC(1634) User=0.02s Sys=0.00s Real=0.00s
[161.394s][info][gc,start       ] GC(1635) Pause Young (Allocation Failure)
[161.401s][info][gc,heap        ] GC(1635) DefNew: 592928K(629120K)->41692K(629120K) Eden: 559232K(559232K)->0K(559232K) From: 33696K(69888K)->41692K(69888K)
[161.401s][info][gc,heap        ] GC(1635) Tenured: 1036772K(1398144K)->1036772K(1398144K)
[161.401s][info][gc,metaspace   ] GC(1635) Metaspace: 132191K(133952K)->132191K(133952K) NonClass: 115349K(116160K)->115349K(116160K) Class: 16842K(17792K)->16842K(17792K)
[161.401s][info][gc             ] GC(1635) Pause Young (Allocation Failure) 1591M->1053M(1979M) 7.265ms
[161.401s][info][gc,cpu         ] GC(1635) User=0.00s Sys=0.00s Real=0.01s
[161.457s][info][gc,start       ] GC(1636) Pause Young (Allocation Failure)
[161.465s][info][gc,heap        ] GC(1636) DefNew: 600924K(629120K)->32898K(629120K) Eden: 559232K(559232K)->0K(559232K) From: 41692K(69888K)->32898K(69888K)
[161.465s][info][gc,heap        ] GC(1636) Tenured: 1036772K(1398144K)->1046549K(1398144K)
[161.465s][info][gc,metaspace   ] GC(1636) Metaspace: 132191K(133952K)->132191K(133952K) NonClass: 115349K(116160K)->115349K(116160K) Class: 16842K(17792K)->16842K(17792K)
[161.465s][info][gc             ] GC(1636) Pause Young (Allocation Failure) 1599M->1054M(1979M) 7.664ms
[161.465s][info][gc,cpu         ] GC(1636) User=0.00s Sys=0.00s Real=0.00s
[161.521s][info][gc,start       ] GC(1637) Pause Young (Allocation Failure)
[161.526s][info][gc,heap        ] GC(1637) DefNew: 592130K(629120K)->38544K(629120K) Eden: 559232K(559232K)->0K(559232K) From: 32898K(69888K)->38544K(69888K)
[161.526s][info][gc,heap        ] GC(1637) Tenured: 1046549K(1398144K)->1046549K(1398144K)
[161.526s][info][gc,metaspace   ] GC(1637) Metaspace: 132191K(133952K)->132191K(133952K) NonClass: 115349K(116160K)->115349K(116160K) Class: 16842K(17792K)->16842K(17792K)
[161.526s][info][gc             ] GC(1637) Pause Young (Allocation Failure) 1600M->1059M(1979M) 5.851ms
[161.526s][info][gc,cpu         ] GC(1637) User=0.00s Sys=0.00s Real=0.00s
[161.583s][info][gc,start       ] GC(1638) Pause Young (Allocation Failure)
[161.589s][info][gc,heap        ] GC(1638) DefNew: 597776K(629120K)->36688K(629120K) Eden: 559232K(559232K)->0K(559232K) From: 38544K(69888K)->36688K(69888K)
[161.589s][info][gc,heap        ] GC(1638) Tenured: 1046549K(1398144K)->1050953K(1398144K)
[161.589s][info][gc,metaspace   ] GC(1638) Metaspace: 132191K(133952K)->132191K(133952K) NonClass: 115349K(116160K)->115349K(116160K) Class: 16842K(17792K)->16842K(17792K)
[161.589s][info][gc             ] GC(1638) Pause Young (Allocation Failure) 1605M->1062M(1979M) 6.072ms
[161.589s][info][gc,cpu         ] GC(1638) User=0.00s Sys=0.00s Real=0.00s
[161.645s][info][gc,start       ] GC(1639) Pause Young (Allocation Failure)
[161.651s][info][gc,heap        ] GC(1639) DefNew: 595920K(629120K)->38262K(629120K) Eden: 559232K(559232K)->0K(559232K) From: 36688K(69888K)->38262K(69888K)
[161.651s][info][gc,heap        ] GC(1639) Tenured: 1050953K(1398144K)->1055052K(1398144K)
[161.651s][info][gc,metaspace   ] GC(1639) Metaspace: 132191K(133952K)->132191K(133952K) NonClass: 115349K(116160K)->115349K(116160K) Class: 16842K(17792K)->16842K(17792K)
[161.651s][info][gc             ] GC(1639) Pause Young (Allocation Failure) 1608M->1067M(1979M) 5.858ms
[161.651s][info][gc,cpu         ] GC(1639) User=0.00s Sys=0.00s Real=0.00s
[161.707s][info][gc,start       ] GC(1640) Pause Young (Allocation Failure)
[161.713s][info][gc,heap        ] GC(1640) DefNew: 597494K(629120K)->42280K(629120K) Eden: 559232K(559232K)->0K(559232K) From: 38262K(69888K)->42280K(69888K)
[161.713s][info][gc,heap        ] GC(1640) Tenured: 1055052K(1398144K)->1059149K(1398144K)
[161.713s][info][gc,metaspace   ] GC(1640) Metaspace: 132191K(133952K)->132191K(133952K) NonClass: 115349K(116160K)->115349K(116160K) Class: 16842K(17792K)->16842K(17792K)
[161.713s][info][gc             ] GC(1640) Pause Young (Allocation Failure) 1613M->1075M(1979M) 6.114ms
[161.713s][info][gc,cpu         ] GC(1640) User=0.00s Sys=0.00s Real=0.00s
[161.768s][info][gc,start       ] GC(1641) Pause Young (Allocation Failure)
[161.774s][info][gc,heap        ] GC(1641) DefNew: 601512K(629120K)->38183K(629120K) Eden: 559232K(559232K)->0K(559232K) From: 42280K(69888K)->38183K(69888K)
[161.774s][info][gc,heap        ] GC(1641) Tenured: 1059149K(1398144K)->1067343K(1398144K)
[161.774s][info][gc,metaspace   ] GC(1641) Metaspace: 132191K(133952K)->132191K(133952K) NonClass: 115349K(116160K)->115349K(116160K) Class: 16842K(17792K)->16842K(17792K)
[161.774s][info][gc             ] GC(1641) Pause Young (Allocation Failure) 1621M->1079M(1979M) 6.267ms
[161.774s][info][gc,cpu         ] GC(1641) User=0.02s Sys=0.00s Real=0.01s
[161.835s][info][gc,start       ] GC(1642) Pause Young (Allocation Failure)
[161.841s][info][gc,heap        ] GC(1642) DefNew: 597415K(629120K)->33176K(629120K) Eden: 559232K(559232K)->0K(559232K) From: 38183K(69888K)->33176K(69888K)
[161.841s][info][gc,heap        ] GC(1642) Tenured: 1067343K(1398144K)->1071440K(1398144K)
[161.841s][info][gc,metaspace   ] GC(1642) Metaspace: 132192K(133952K)->132192K(133952K) NonClass: 115349K(116160K)->115349K(116160K) Class: 16842K(17792K)->16842K(17792K)
[161.841s][info][gc             ] GC(1642) Pause Young (Allocation Failure) 1625M->1078M(1979M) 6.088ms
[161.841s][info][gc,cpu         ] GC(1642) User=0.00s Sys=0.00s Real=0.00s
[161.929s][info][gc,start       ] GC(1643) Pause Young (Allocation Failure)
[161.935s][info][gc,heap        ] GC(1643) DefNew: 592408K(629120K)->45545K(629120K) Eden: 559232K(559232K)->0K(559232K) From: 33176K(69888K)->45545K(69888K)
[161.935s][info][gc,heap        ] GC(1643) Tenured: 1071440K(1398144K)->1071440K(1398144K)
[161.935s][info][gc,metaspace   ] GC(1643) Metaspace: 132194K(133952K)->132194K(133952K) NonClass: 115351K(116160K)->115351K(116160K) Class: 16842K(17792K)->16842K(17792K)
[161.935s][info][gc             ] GC(1643) Pause Young (Allocation Failure) 1624M->1090M(1979M) 6.832ms
[161.935s][info][gc,cpu         ] GC(1643) User=0.00s Sys=0.00s Real=0.00s
[162.024s][info][gc,start       ] GC(1644) Pause Young (Allocation Failure)
[162.033s][info][gc,heap        ] GC(1644) DefNew: 604777K(629120K)->49441K(629120K) Eden: 559232K(559232K)->0K(559232K) From: 45545K(69888K)->49441K(69888K)
[162.033s][info][gc,heap        ] GC(1644) Tenured: 1071440K(1398144K)->1083733K(1398144K)
[162.033s][info][gc,metaspace   ] GC(1644) Metaspace: 132194K(133952K)->132194K(133952K) NonClass: 115351K(116160K)->115351K(116160K) Class: 16842K(17792K)->16842K(17792K)
[162.033s][info][gc             ] GC(1644) Pause Young (Allocation Failure) 1636M->1106M(1979M) 8.339ms
[162.033s][info][gc,cpu         ] GC(1644) User=0.00s Sys=0.00s Real=0.00s
[162.121s][info][gc,start       ] GC(1645) Pause Young (Allocation Failure)
[162.129s][info][gc,heap        ] GC(1645) DefNew: 608673K(629120K)->46586K(629120K) Eden: 559232K(559232K)->0K(559232K) From: 49441K(69888K)->46586K(69888K)
[162.129s][info][gc,heap        ] GC(1645) Tenured: 1083733K(1398144K)->1100459K(1398144K)
[162.130s][info][gc,metaspace   ] GC(1645) Metaspace: 132194K(133952K)->132194K(133952K) NonClass: 115351K(116160K)->115351K(116160K) Class: 16842K(17792K)->16842K(17792K)
[162.130s][info][gc             ] GC(1645) Pause Young (Allocation Failure) 1652M->1120M(1979M) 8.281ms
[162.130s][info][gc,cpu         ] GC(1645) User=0.00s Sys=0.00s Real=0.02s
[162.219s][info][gc,start       ] GC(1646) Pause Young (Allocation Failure)
[162.226s][info][gc,heap        ] GC(1646) DefNew: 605818K(629120K)->44477K(629120K) Eden: 559232K(559232K)->0K(559232K) From: 46586K(69888K)->44477K(69888K)
[162.226s][info][gc,heap        ] GC(1646) Tenured: 1100459K(1398144K)->1112888K(1398144K)
[162.226s][info][gc,metaspace   ] GC(1646) Metaspace: 132194K(133952K)->132194K(133952K) NonClass: 115351K(116160K)->115351K(116160K) Class: 16842K(17792K)->16842K(17792K)
[162.226s][info][gc             ] GC(1646) Pause Young (Allocation Failure) 1666M->1130M(1979M) 7.502ms
[162.226s][info][gc,cpu         ] GC(1646) User=0.00s Sys=0.00s Real=0.02s
[162.314s][info][gc,start       ] GC(1647) Pause Young (Allocation Failure)
[162.322s][info][gc,heap        ] GC(1647) DefNew: 603709K(629120K)->45836K(629120K) Eden: 559232K(559232K)->0K(559232K) From: 44477K(69888K)->45836K(69888K)
[162.322s][info][gc,heap        ] GC(1647) Tenured: 1112888K(1398144K)->1125181K(1398144K)
[162.322s][info][gc,metaspace   ] GC(1647) Metaspace: 132194K(133952K)->132194K(133952K) NonClass: 115351K(116160K)->115351K(116160K) Class: 16842K(17792K)->16842K(17792K)
[162.322s][info][gc             ] GC(1647) Pause Young (Allocation Failure) 1676M->1143M(1979M) 7.560ms
[162.322s][info][gc,cpu         ] GC(1647) User=0.00s Sys=0.00s Real=0.02s
[162.410s][info][gc,start       ] GC(1648) Pause Young (Allocation Failure)
[162.418s][info][gc,heap        ] GC(1648) DefNew: 605068K(629120K)->48960K(629120K) Eden: 559232K(559232K)->0K(559232K) From: 45836K(69888K)->48960K(69888K)
[162.418s][info][gc,heap        ] GC(1648) Tenured: 1125181K(1398144K)->1137472K(1398144K)
[162.418s][info][gc,metaspace   ] GC(1648) Metaspace: 132194K(133952K)->132194K(133952K) NonClass: 115351K(116160K)->115351K(116160K) Class: 16842K(17792K)->16842K(17792K)
[162.418s][info][gc             ] GC(1648) Pause Young (Allocation Failure) 1689M->1158M(1979M) 7.566ms
[162.418s][info][gc,cpu         ] GC(1648) User=0.00s Sys=0.00s Real=0.00s
[162.509s][info][gc,start       ] GC(1649) Pause Young (Allocation Failure)
[162.516s][info][gc,heap        ] GC(1649) DefNew: 608192K(629120K)->40141K(629120K) Eden: 559232K(559232K)->0K(559232K) From: 48960K(69888K)->40141K(69888K)
[162.516s][info][gc,heap        ] GC(1649) Tenured: 1137472K(1398144K)->1153862K(1398144K)
[162.516s][info][gc,metaspace   ] GC(1649) Metaspace: 132195K(133952K)->132195K(133952K) NonClass: 115352K(116160K)->115352K(116160K) Class: 16842K(17792K)->16842K(17792K)
[162.516s][info][gc             ] GC(1649) Pause Young (Allocation Failure) 1704M->1166M(1979M) 7.305ms
[162.516s][info][gc,cpu         ] GC(1649) User=0.00s Sys=0.00s Real=0.00s
[162.602s][info][gc,start       ] GC(1650) Pause Young (Allocation Failure)
[162.608s][info][gc,heap        ] GC(1650) DefNew: 599373K(629120K)->32922K(629120K) Eden: 559232K(559232K)->0K(559232K) From: 40141K(69888K)->32922K(69888K)
[162.608s][info][gc,heap        ] GC(1650) Tenured: 1153862K(1398144K)->1166152K(1398144K)
[162.608s][info][gc,metaspace   ] GC(1650) Metaspace: 132195K(133952K)->132195K(133952K) NonClass: 115352K(116160K)->115352K(116160K) Class: 16842K(17792K)->16842K(17792K)
[162.608s][info][gc             ] GC(1650) Pause Young (Allocation Failure) 1712M->1170M(1979M) 5.971ms
[162.608s][info][gc,cpu         ] GC(1650) User=0.00s Sys=0.00s Real=0.00s
[162.696s][info][gc,start       ] GC(1651) Pause Young (Allocation Failure)
[162.702s][info][gc,heap        ] GC(1651) DefNew: 592154K(629120K)->45124K(629120K) Eden: 559232K(559232K)->0K(559232K) From: 32922K(69888K)->45124K(69888K)
[162.702s][info][gc,heap        ] GC(1651) Tenured: 1166152K(1398144K)->1166152K(1398144K)
[162.702s][info][gc,metaspace   ] GC(1651) Metaspace: 132195K(133952K)->132195K(133952K) NonClass: 115352K(116160K)->115352K(116160K) Class: 16842K(17792K)->16842K(17792K)
[162.702s][info][gc             ] GC(1651) Pause Young (Allocation Failure) 1717M->1182M(1979M) 6.255ms
[162.702s][info][gc,cpu         ] GC(1651) User=0.00s Sys=0.00s Real=0.00s
[162.791s][info][gc,start       ] GC(1652) Pause Young (Allocation Failure)
[162.798s][info][gc,heap        ] GC(1652) DefNew: 604356K(629120K)->41006K(629120K) Eden: 559232K(559232K)->0K(559232K) From: 45124K(69888K)->41006K(69888K)
[162.798s][info][gc,heap        ] GC(1652) Tenured: 1166152K(1398144K)->1178445K(1398144K)
[162.798s][info][gc,metaspace   ] GC(1652) Metaspace: 132195K(133952K)->132195K(133952K) NonClass: 115352K(116160K)->115352K(116160K) Class: 16842K(17792K)->16842K(17792K)
[162.798s][info][gc             ] GC(1652) Pause Young (Allocation Failure) 1729M->1190M(1979M) 6.933ms
[162.798s][info][gc,cpu         ] GC(1652) User=0.00s Sys=0.00s Real=0.00s
[162.886s][info][gc,start       ] GC(1653) Pause Young (Allocation Failure)
[162.892s][info][gc,heap        ] GC(1653) DefNew: 600238K(629120K)->35041K(629120K) Eden: 559232K(559232K)->0K(559232K) From: 41006K(69888K)->35041K(69888K)
[162.892s][info][gc,heap        ] GC(1653) Tenured: 1178445K(1398144K)->1190784K(1398144K)
[162.892s][info][gc,metaspace   ] GC(1653) Metaspace: 132195K(133952K)->132195K(133952K) NonClass: 115352K(116160K)->115352K(116160K) Class: 16842K(17792K)->16842K(17792K)
[162.892s][info][gc             ] GC(1653) Pause Young (Allocation Failure) 1736M->1197M(1979M) 6.121ms
[162.892s][info][gc,cpu         ] GC(1653) User=0.00s Sys=0.00s Real=0.00s
[162.980s][info][gc,start       ] GC(1654) Pause Young (Allocation Failure)
[162.986s][info][gc,heap        ] GC(1654) DefNew: 594273K(629120K)->35114K(629120K) Eden: 559232K(559232K)->0K(559232K) From: 35041K(69888K)->35114K(69888K)
[162.986s][info][gc,heap        ] GC(1654) Tenured: 1190784K(1398144K)->1198980K(1398144K)
[162.986s][info][gc,metaspace   ] GC(1654) Metaspace: 132195K(133952K)->132195K(133952K) NonClass: 115352K(116160K)->115352K(116160K) Class: 16842K(17792K)->16842K(17792K)
[162.986s][info][gc             ] GC(1654) Pause Young (Allocation Failure) 1743M->1205M(1979M) 5.881ms
[162.986s][info][gc,cpu         ] GC(1654) User=0.00s Sys=0.00s Real=0.00s
[163.075s][info][gc,start       ] GC(1655) Pause Young (Allocation Failure)
[163.081s][info][gc,heap        ] GC(1655) DefNew: 594346K(629120K)->39422K(629120K) Eden: 559232K(559232K)->0K(559232K) From: 35114K(69888K)->39422K(69888K)
[163.081s][info][gc,heap        ] GC(1655) Tenured: 1198980K(1398144K)->1203077K(1398144K)
[163.081s][info][gc,metaspace   ] GC(1655) Metaspace: 132195K(133952K)->132195K(133952K) NonClass: 115352K(116160K)->115352K(116160K) Class: 16842K(17792K)->16842K(17792K)
[163.081s][info][gc             ] GC(1655) Pause Young (Allocation Failure) 1751M->1213M(1979M) 6.134ms
[163.081s][info][gc,cpu         ] GC(1655) User=0.00s Sys=0.00s Real=0.01s
[163.169s][info][gc,start       ] GC(1656) Pause Young (Allocation Failure)
[163.175s][info][gc,heap        ] GC(1656) DefNew: 598654K(629120K)->32770K(629120K) Eden: 559232K(559232K)->0K(559232K) From: 39422K(69888K)->32770K(69888K)
[163.175s][info][gc,heap        ] GC(1656) Tenured: 1203077K(1398144K)->1211272K(1398144K)
[163.175s][info][gc,metaspace   ] GC(1656) Metaspace: 132195K(133952K)->132195K(133952K) NonClass: 115352K(116160K)->115352K(116160K) Class: 16842K(17792K)->16842K(17792K)
[163.175s][info][gc             ] GC(1656) Pause Young (Allocation Failure) 1759M->1214M(1979M) 5.738ms
[163.175s][info][gc,cpu         ] GC(1656) User=0.00s Sys=0.00s Real=0.00s
[163.266s][info][gc,start       ] GC(1657) Pause Young (Allocation Failure)
[163.272s][info][gc,heap        ] GC(1657) DefNew: 592002K(629120K)->40137K(629120K) Eden: 559232K(559232K)->0K(559232K) From: 32770K(69888K)->40137K(69888K)
[163.272s][info][gc,heap        ] GC(1657) Tenured: 1211272K(1398144K)->1211272K(1398144K)
[163.272s][info][gc,metaspace   ] GC(1657) Metaspace: 132207K(133952K)->132207K(133952K) NonClass: 115365K(116160K)->115365K(116160K) Class: 16842K(17792K)->16842K(17792K)
[163.272s][info][gc             ] GC(1657) Pause Young (Allocation Failure) 1761M->1222M(1979M) 6.060ms
[163.272s][info][gc,cpu         ] GC(1657) User=0.00s Sys=0.00s Real=0.00s
[163.356s][info][gc,start       ] GC(1658) Pause Young (Allocation Failure)
[163.361s][info][gc,heap        ] GC(1658) DefNew: 599369K(629120K)->24638K(629120K) Eden: 559232K(559232K)->0K(559232K) From: 40137K(69888K)->24638K(69888K)
[163.361s][info][gc,heap        ] GC(1658) Tenured: 1211272K(1398144K)->1223563K(1398144K)
[163.361s][info][gc,metaspace   ] GC(1658) Metaspace: 132207K(133952K)->132207K(133952K) NonClass: 115365K(116160K)->115365K(116160K) Class: 16842K(17792K)->16842K(17792K)
[163.361s][info][gc             ] GC(1658) Pause Young (Allocation Failure) 1768M->1218M(1979M) 5.455ms
[163.361s][info][gc,cpu         ] GC(1658) User=0.00s Sys=0.00s Real=0.00s
[163.443s][info][gc,start       ] GC(1659) Pause Young (Allocation Failure)
[163.448s][info][gc,heap        ] GC(1659) DefNew: 583870K(629120K)->26285K(629120K) Eden: 559232K(559232K)->0K(559232K) From: 24638K(69888K)->26285K(69888K)
[163.448s][info][gc,heap        ] GC(1659) Tenured: 1223563K(1398144K)->1223563K(1398144K)
[163.448s][info][gc,metaspace   ] GC(1659) Metaspace: 132207K(133952K)->132207K(133952K) NonClass: 115365K(116160K)->115365K(116160K) Class: 16842K(17792K)->16842K(17792K)
[163.448s][info][gc             ] GC(1659) Pause Young (Allocation Failure) 1765M->1220M(1979M) 4.690ms
[163.448s][info][gc,cpu         ] GC(1659) User=0.02s Sys=0.00s Real=0.02s
[163.531s][info][gc,start       ] GC(1660) Pause Young (Allocation Failure)
[163.535s][info][gc,heap        ] GC(1660) DefNew: 585517K(629120K)->27857K(629120K) Eden: 559232K(559232K)->0K(559232K) From: 26285K(69888K)->27857K(69888K)
[163.535s][info][gc,heap        ] GC(1660) Tenured: 1223563K(1398144K)->1223563K(1398144K)
[163.535s][info][gc,metaspace   ] GC(1660) Metaspace: 132207K(133952K)->132207K(133952K) NonClass: 115365K(116160K)->115365K(116160K) Class: 16842K(17792K)->16842K(17792K)
[163.535s][info][gc             ] GC(1660) Pause Young (Allocation Failure) 1766M->1222M(1979M) 4.411ms
[163.535s][info][gc,cpu         ] GC(1660) User=0.00s Sys=0.00s Real=0.00s
[163.622s][info][gc,start       ] GC(1661) Pause Young (Allocation Failure)
[163.626s][info][gc,heap        ] GC(1661) DefNew: 587089K(629120K)->29028K(629120K) Eden: 559232K(559232K)->0K(559232K) From: 27857K(69888K)->29028K(69888K)
[163.626s][info][gc,heap        ] GC(1661) Tenured: 1223563K(1398144K)->1223563K(1398144K)
[163.626s][info][gc,metaspace   ] GC(1661) Metaspace: 132207K(133952K)->132207K(133952K) NonClass: 115365K(116160K)->115365K(116160K) Class: 16842K(17792K)->16842K(17792K)
[163.626s][info][gc             ] GC(1661) Pause Young (Allocation Failure) 1768M->1223M(1979M) 4.790ms
[163.626s][info][gc,cpu         ] GC(1661) User=0.00s Sys=0.00s Real=0.00s
[163.713s][info][gc,start       ] GC(1662) Pause Young (Allocation Failure)
[163.719s][info][gc,heap        ] GC(1662) DefNew: 588260K(629120K)->33589K(629120K) Eden: 559232K(559232K)->0K(559232K) From: 29028K(69888K)->33589K(69888K)
[163.719s][info][gc,heap        ] GC(1662) Tenured: 1223563K(1398144K)->1223563K(1398144K)
[163.719s][info][gc,metaspace   ] GC(1662) Metaspace: 132207K(133952K)->132207K(133952K) NonClass: 115365K(116160K)->115365K(116160K) Class: 16842K(17792K)->16842K(17792K)
[163.719s][info][gc             ] GC(1662) Pause Young (Allocation Failure) 1769M->1227M(1979M) 5.642ms
[163.719s][info][gc,cpu         ] GC(1662) User=0.00s Sys=0.00s Real=0.00s
[163.806s][info][gc,start       ] GC(1663) Pause Young (Allocation Failure)
[163.812s][info][gc,heap        ] GC(1663) DefNew: 592821K(629120K)->41415K(629120K) Eden: 559232K(559232K)->0K(559232K) From: 33589K(69888K)->41415K(69888K)
[163.812s][info][gc,heap        ] GC(1663) Tenured: 1223563K(1398144K)->1223563K(1398144K)
[163.812s][info][gc,metaspace   ] GC(1663) Metaspace: 132207K(133952K)->132207K(133952K) NonClass: 115365K(116160K)->115365K(116160K) Class: 16842K(17792K)->16842K(17792K)
[163.812s][info][gc             ] GC(1663) Pause Young (Allocation Failure) 1773M->1235M(1979M) 5.931ms
[163.812s][info][gc,cpu         ] GC(1663) User=0.00s Sys=0.00s Real=0.00s
[163.899s][info][gc,start       ] GC(1664) Pause Young (Allocation Failure)
[163.904s][info][gc,heap        ] GC(1664) DefNew: 600647K(629120K)->23054K(629120K) Eden: 559232K(559232K)->0K(559232K) From: 41415K(69888K)->23054K(69888K)
[163.904s][info][gc,heap        ] GC(1664) Tenured: 1223563K(1398144K)->1231756K(1398144K)
[163.904s][info][gc,metaspace   ] GC(1664) Metaspace: 132207K(133952K)->132207K(133952K) NonClass: 115365K(116160K)->115365K(116160K) Class: 16842K(17792K)->16842K(17792K)
[163.904s][info][gc             ] GC(1664) Pause Young (Allocation Failure) 1781M->1225M(1979M) 5.458ms
[163.904s][info][gc,cpu         ] GC(1664) User=0.00s Sys=0.00s Real=0.01s
[163.992s][info][gc,start       ] GC(1665) Pause Young (Allocation Failure)
[163.997s][info][gc,heap        ] GC(1665) DefNew: 582286K(629120K)->26986K(629120K) Eden: 559232K(559232K)->0K(559232K) From: 23054K(69888K)->26986K(69888K)
[163.997s][info][gc,heap        ] GC(1665) Tenured: 1231756K(1398144K)->1231756K(1398144K)
[163.997s][info][gc,metaspace   ] GC(1665) Metaspace: 132207K(133952K)->132207K(133952K) NonClass: 115365K(116160K)->115365K(116160K) Class: 16842K(17792K)->16842K(17792K)
[163.997s][info][gc             ] GC(1665) Pause Young (Allocation Failure) 1771M->1229M(1979M) 5.098ms
[163.997s][info][gc,cpu         ] GC(1665) User=0.00s Sys=0.00s Real=0.01s
[164.083s][info][gc,start       ] GC(1666) Pause Young (Allocation Failure)
[164.087s][info][gc,heap        ] GC(1666) DefNew: 583217K(629120K)->24663K(629120K) Eden: 556230K(559232K)->0K(559232K) From: 26986K(69888K)->24663K(69888K)
[164.087s][info][gc,heap        ] GC(1666) Tenured: 1231756K(1398144K)->1231756K(1398144K)
[164.087s][info][gc,metaspace   ] GC(1666) Metaspace: 132207K(133952K)->132207K(133952K) NonClass: 115365K(116160K)->115365K(116160K) Class: 16842K(17792K)->16842K(17792K)
[164.087s][info][gc             ] GC(1666) Pause Young (Allocation Failure) 1772M->1226M(1979M) 4.223ms
[164.087s][info][gc,cpu         ] GC(1666) User=0.00s Sys=0.00s Real=0.00s
[164.173s][info][gc,start       ] GC(1667) Pause Young (Allocation Failure)
[164.178s][info][gc,heap        ] GC(1667) DefNew: 583895K(629120K)->23827K(629120K) Eden: 559232K(559232K)->0K(559232K) From: 24663K(69888K)->23827K(69888K)
[164.178s][info][gc,heap        ] GC(1667) Tenured: 1231756K(1398144K)->1231756K(1398144K)
[164.178s][info][gc,metaspace   ] GC(1667) Metaspace: 132207K(133952K)->132207K(133952K) NonClass: 115365K(116160K)->115365K(116160K) Class: 16842K(17792K)->16842K(17792K)
[164.178s][info][gc             ] GC(1667) Pause Young (Allocation Failure) 1773M->1226M(1979M) 4.781ms
[164.178s][info][gc,cpu         ] GC(1667) User=0.00s Sys=0.00s Real=0.00s
[164.265s][info][gc,start       ] GC(1668) Pause Young (Allocation Failure)
[164.270s][info][gc,heap        ] GC(1668) DefNew: 583059K(629120K)->30083K(629120K) Eden: 559232K(559232K)->0K(559232K) From: 23827K(69888K)->30083K(69888K)
[164.270s][info][gc,heap        ] GC(1668) Tenured: 1231756K(1398144K)->1231756K(1398144K)
[164.270s][info][gc,metaspace   ] GC(1668) Metaspace: 132207K(133952K)->132207K(133952K) NonClass: 115365K(116160K)->115365K(116160K) Class: 16842K(17792K)->16842K(17792K)
[164.270s][info][gc             ] GC(1668) Pause Young (Allocation Failure) 1772M->1232M(1979M) 4.982ms
[164.270s][info][gc,cpu         ] GC(1668) User=0.00s Sys=0.00s Real=0.00s
[164.357s][info][gc,start       ] GC(1669) Pause Young (Allocation Failure)
[164.361s][info][gc,heap        ] GC(1669) DefNew: 589315K(629120K)->21012K(629120K) Eden: 559232K(559232K)->0K(559232K) From: 30083K(69888K)->21012K(69888K)
[164.361s][info][gc,heap        ] GC(1669) Tenured: 1231756K(1398144K)->1231756K(1398144K)
[164.361s][info][gc,metaspace   ] GC(1669) Metaspace: 132207K(133952K)->132207K(133952K) NonClass: 115365K(116160K)->115365K(116160K) Class: 16842K(17792K)->16842K(17792K)
[164.361s][info][gc             ] GC(1669) Pause Young (Allocation Failure) 1778M->1223M(1979M) 3.838ms
[164.361s][info][gc,cpu         ] GC(1669) User=0.00s Sys=0.00s Real=0.00s
[164.448s][info][gc,start       ] GC(1670) Pause Young (Allocation Failure)
[164.452s][info][gc,heap        ] GC(1670) DefNew: 580244K(629120K)->26973K(629120K) Eden: 559232K(559232K)->0K(559232K) From: 21012K(69888K)->26973K(69888K)
[164.452s][info][gc,heap        ] GC(1670) Tenured: 1231756K(1398144K)->1231756K(1398144K)
[164.452s][info][gc,metaspace   ] GC(1670) Metaspace: 132207K(133952K)->132207K(133952K) NonClass: 115365K(116160K)->115365K(116160K) Class: 16842K(17792K)->16842K(17792K)
[164.452s][info][gc             ] GC(1670) Pause Young (Allocation Failure) 1769M->1229M(1979M) 4.492ms
[164.452s][info][gc,cpu         ] GC(1670) User=0.00s Sys=0.00s Real=0.02s
[164.540s][info][gc,start       ] GC(1671) Pause Young (Allocation Failure)
[164.545s][info][gc,heap        ] GC(1671) DefNew: 586205K(629120K)->29063K(629120K) Eden: 559232K(559232K)->0K(559232K) From: 26973K(69888K)->29063K(69888K)
[164.545s][info][gc,heap        ] GC(1671) Tenured: 1231756K(1398144K)->1235854K(1398144K)
[164.545s][info][gc,metaspace   ] GC(1671) Metaspace: 132207K(133952K)->132207K(133952K) NonClass: 115365K(116160K)->115365K(116160K) Class: 16842K(17792K)->16842K(17792K)
[164.545s][info][gc             ] GC(1671) Pause Young (Allocation Failure) 1775M->1235M(1979M) 5.262ms
[164.545s][info][gc,cpu         ] GC(1671) User=0.00s Sys=0.00s Real=0.02s
[164.632s][info][gc,start       ] GC(1672) Pause Young (Allocation Failure)
[164.636s][info][gc,heap        ] GC(1672) DefNew: 588295K(629120K)->10736K(629120K) Eden: 559232K(559232K)->0K(559232K) From: 29063K(69888K)->10736K(69888K)
[164.636s][info][gc,heap        ] GC(1672) Tenured: 1235854K(1398144K)->1244089K(1398144K)
[164.636s][info][gc,metaspace   ] GC(1672) Metaspace: 132207K(133952K)->132207K(133952K) NonClass: 115365K(116160K)->115365K(116160K) Class: 16842K(17792K)->16842K(17792K)
[164.636s][info][gc             ] GC(1672) Pause Young (Allocation Failure) 1781M->1225M(1979M) 4.097ms
[164.636s][info][gc,cpu         ] GC(1672) User=0.00s Sys=0.00s Real=0.00s
[164.723s][info][gc,start       ] GC(1673) Pause Young (Allocation Failure)
[164.726s][info][gc,heap        ] GC(1673) DefNew: 569968K(629120K)->14645K(629120K) Eden: 559232K(559232K)->0K(559232K) From: 10736K(69888K)->14645K(69888K)
[164.726s][info][gc,heap        ] GC(1673) Tenured: 1244089K(1398144K)->1244089K(1398144K)
[164.726s][info][gc,metaspace   ] GC(1673) Metaspace: 132207K(133952K)->132207K(133952K) NonClass: 115365K(116160K)->115365K(116160K) Class: 16842K(17792K)->16842K(17792K)
[164.726s][info][gc             ] GC(1673) Pause Young (Allocation Failure) 1771M->1229M(1979M) 3.548ms
[164.726s][info][gc,cpu         ] GC(1673) User=0.00s Sys=0.00s Real=0.00s
[164.814s][info][gc,start       ] GC(1674) Pause Young (Allocation Failure)
[164.817s][info][gc,heap        ] GC(1674) DefNew: 573877K(629120K)->8207K(629120K) Eden: 559232K(559232K)->0K(559232K) From: 14645K(69888K)->8207K(69888K)
[164.817s][info][gc,heap        ] GC(1674) Tenured: 1244089K(1398144K)->1244089K(1398144K)
[164.817s][info][gc,metaspace   ] GC(1674) Metaspace: 132207K(133952K)->132207K(133952K) NonClass: 115365K(116160K)->115365K(116160K) Class: 16842K(17792K)->16842K(17792K)
[164.817s][info][gc             ] GC(1674) Pause Young (Allocation Failure) 1775M->1222M(1979M) 2.587ms
[164.817s][info][gc,cpu         ] GC(1674) User=0.00s Sys=0.00s Real=0.00s
[164.930s][info][gc,start       ] GC(1675) Pause Young (Allocation Failure)
[164.934s][info][gc,heap        ] GC(1675) DefNew: 567439K(629120K)->14182K(629120K) Eden: 559232K(559232K)->0K(559232K) From: 8207K(69888K)->14182K(69888K)
[164.934s][info][gc,heap        ] GC(1675) Tenured: 1244089K(1398144K)->1244089K(1398144K)
[164.934s][info][gc,metaspace   ] GC(1675) Metaspace: 132207K(133952K)->132207K(133952K) NonClass: 115365K(116160K)->115365K(116160K) Class: 16842K(17792K)->16842K(17792K)
[164.934s][info][gc             ] GC(1675) Pause Young (Allocation Failure) 1769M->1228M(1979M) 3.380ms
[164.934s][info][gc,cpu         ] GC(1675) User=0.00s Sys=0.00s Real=0.00s
[165.082s][info][gc,start       ] GC(1676) Pause Full (System.gc())
[165.082s][info][gc,phases,start] GC(1676) Phase 1: Mark live objects
[165.141s][info][gc,phases      ] GC(1676) Phase 1: Mark live objects 59.271ms
[165.141s][info][gc,phases,start] GC(1676) Phase 2: Compute new object addresses
[165.185s][info][gc,phases      ] GC(1676) Phase 2: Compute new object addresses 44.268ms
[165.185s][info][gc,phases,start] GC(1676) Phase 3: Adjust pointers
[165.219s][info][gc,phases      ] GC(1676) Phase 3: Adjust pointers 33.483ms
[165.219s][info][gc,phases,start] GC(1676) Phase 4: Move objects
[165.308s][info][gc,phases      ] GC(1676) Phase 4: Move objects 88.531ms
[165.308s][info][gc,heap        ] GC(1676) DefNew: 258208K(629120K)->0K(629120K) Eden: 244025K(559232K)->0K(559232K) From: 14182K(69888K)->0K(69888K)
[165.308s][info][gc,heap        ] GC(1676) Tenured: 1244089K(1398144K)->970203K(1398144K)
[165.308s][info][gc,metaspace   ] GC(1676) Metaspace: 132212K(133952K)->132212K(133952K) NonClass: 115370K(116160K)->115370K(116160K) Class: 16842K(17792K)->16842K(17792K)
[165.308s][info][gc             ] GC(1676) Pause Full (System.gc()) 1467M->947M(1979M) 226.634ms
[165.308s][info][gc,cpu         ] GC(1676) User=0.22s Sys=0.00s Real=0.22s
[165.432s][info][gc,start       ] GC(1677) Pause Young (Allocation Failure)
[165.436s][info][gc,heap        ] GC(1677) DefNew: 559232K(629120K)->4945K(629120K) Eden: 559232K(559232K)->0K(559232K) From: 0K(69888K)->4945K(69888K)
[165.436s][info][gc,heap        ] GC(1677) Tenured: 970203K(1398144K)->970203K(1398144K)
[165.436s][info][gc,metaspace   ] GC(1677) Metaspace: 132313K(134016K)->132313K(134016K) NonClass: 115471K(116224K)->115471K(116224K) Class: 16842K(17792K)->16842K(17792K)
[165.436s][info][gc             ] GC(1677) Pause Young (Allocation Failure) 1493M->952M(1979M) 4.715ms
[165.436s][info][gc,cpu         ] GC(1677) User=0.00s Sys=0.00s Real=0.00s
[165.492s][info][gc,start       ] GC(1678) Pause Young (Allocation Failure)
[165.495s][info][gc,heap        ] GC(1678) DefNew: 564177K(629120K)->6115K(629120K) Eden: 559232K(559232K)->0K(559232K) From: 4945K(69888K)->6115K(69888K)
[165.495s][info][gc,heap        ] GC(1678) Tenured: 970203K(1398144K)->970203K(1398144K)
[165.495s][info][gc,metaspace   ] GC(1678) Metaspace: 132313K(134016K)->132313K(134016K) NonClass: 115471K(116224K)->115471K(116224K) Class: 16842K(17792K)->16842K(17792K)
[165.495s][info][gc             ] GC(1678) Pause Young (Allocation Failure) 1498M->953M(1979M) 3.934ms
[165.496s][info][gc,cpu         ] GC(1678) User=0.00s Sys=0.00s Real=0.00s
[165.549s][info][gc,start       ] GC(1679) Pause Young (Allocation Failure)
[165.553s][info][gc,heap        ] GC(1679) DefNew: 565347K(629120K)->9057K(629120K) Eden: 559232K(559232K)->0K(559232K) From: 6115K(69888K)->9057K(69888K)
[165.554s][info][gc,heap        ] GC(1679) Tenured: 970203K(1398144K)->970203K(1398144K)
[165.554s][info][gc,metaspace   ] GC(1679) Metaspace: 132313K(134016K)->132313K(134016K) NonClass: 115471K(116224K)->115471K(116224K) Class: 16842K(17792K)->16842K(17792K)
[165.554s][info][gc             ] GC(1679) Pause Young (Allocation Failure) 1499M->956M(1979M) 4.346ms
[165.554s][info][gc,cpu         ] GC(1679) User=0.02s Sys=0.00s Real=0.02s
[165.609s][info][gc,start       ] GC(1680) Pause Young (Allocation Failure)
[165.613s][info][gc,heap        ] GC(1680) DefNew: 568289K(629120K)->10409K(629120K) Eden: 559232K(559232K)->0K(559232K) From: 9057K(69888K)->10409K(69888K)
[165.613s][info][gc,heap        ] GC(1680) Tenured: 970203K(1398144K)->970203K(1398144K)
[165.613s][info][gc,metaspace   ] GC(1680) Metaspace: 132313K(134016K)->132313K(134016K) NonClass: 115471K(116224K)->115471K(116224K) Class: 16842K(17792K)->16842K(17792K)
[165.613s][info][gc             ] GC(1680) Pause Young (Allocation Failure) 1502M->957M(1979M) 4.293ms
[165.613s][info][gc,cpu         ] GC(1680) User=0.00s Sys=0.00s Real=0.00s
[165.670s][info][gc,start       ] GC(1681) Pause Young (Allocation Failure)
[165.675s][info][gc,heap        ] GC(1681) DefNew: 569641K(629120K)->13343K(629120K) Eden: 559232K(559232K)->0K(559232K) From: 10409K(69888K)->13343K(69888K)
[165.675s][info][gc,heap        ] GC(1681) Tenured: 970203K(1398144K)->970203K(1398144K)
[165.675s][info][gc,metaspace   ] GC(1681) Metaspace: 132348K(134080K)->132348K(134080K) NonClass: 115506K(116288K)->115506K(116288K) Class: 16842K(17792K)->16842K(17792K)
[165.675s][info][gc             ] GC(1681) Pause Young (Allocation Failure) 1503M->960M(1979M) 4.909ms
[165.675s][info][gc,cpu         ] GC(1681) User=0.02s Sys=0.00s Real=0.00s
[165.731s][info][gc,start       ] GC(1682) Pause Young (Allocation Failure)
[165.736s][info][gc,heap        ] GC(1682) DefNew: 572575K(629120K)->18303K(629120K) Eden: 559232K(559232K)->0K(559232K) From: 13343K(69888K)->18303K(69888K)
[165.736s][info][gc,heap        ] GC(1682) Tenured: 970203K(1398144K)->970203K(1398144K)
[165.736s][info][gc,metaspace   ] GC(1682) Metaspace: 132348K(134080K)->132348K(134080K) NonClass: 115506K(116288K)->115506K(116288K) Class: 16842K(17792K)->16842K(17792K)
[165.736s][info][gc             ] GC(1682) Pause Young (Allocation Failure) 1506M->965M(1979M) 5.239ms
[165.736s][info][gc,cpu         ] GC(1682) User=0.02s Sys=0.00s Real=0.00s
[165.793s][info][gc,start       ] GC(1683) Pause Young (Allocation Failure)
[165.799s][info][gc,heap        ] GC(1683) DefNew: 577535K(629120K)->31885K(629120K) Eden: 559232K(559232K)->0K(559232K) From: 18303K(69888K)->31885K(69888K)
[165.799s][info][gc,heap        ] GC(1683) Tenured: 970203K(1398144K)->970203K(1398144K)
[165.799s][info][gc,metaspace   ] GC(1683) Metaspace: 132348K(134080K)->132348K(134080K) NonClass: 115506K(116288K)->115506K(116288K) Class: 16842K(17792K)->16842K(17792K)
[165.799s][info][gc             ] GC(1683) Pause Young (Allocation Failure) 1511M->978M(1979M) 6.321ms
[165.799s][info][gc,cpu         ] GC(1683) User=0.00s Sys=0.00s Real=0.00s
[165.854s][info][gc,start       ] GC(1684) Pause Young (Allocation Failure)
[165.860s][info][gc,heap        ] GC(1684) DefNew: 591117K(629120K)->27294K(629120K) Eden: 559232K(559232K)->0K(559232K) From: 31885K(69888K)->27294K(69888K)
[165.860s][info][gc,heap        ] GC(1684) Tenured: 970203K(1398144K)->970203K(1398144K)
[165.860s][info][gc,metaspace   ] GC(1684) Metaspace: 132348K(134080K)->132348K(134080K) NonClass: 115506K(116288K)->115506K(116288K) Class: 16842K(17792K)->16842K(17792K)
[165.860s][info][gc             ] GC(1684) Pause Young (Allocation Failure) 1524M->974M(1979M) 6.014ms
[165.860s][info][gc,cpu         ] GC(1684) User=0.02s Sys=0.00s Real=0.00s
[165.917s][info][gc,start       ] GC(1685) Pause Young (Allocation Failure)
[165.923s][info][gc,heap        ] GC(1685) DefNew: 586526K(629120K)->33134K(629120K) Eden: 559232K(559232K)->0K(559232K) From: 27294K(69888K)->33134K(69888K)
[165.923s][info][gc,heap        ] GC(1685) Tenured: 970203K(1398144K)->970203K(1398144K)
[165.923s][info][gc,metaspace   ] GC(1685) Metaspace: 132348K(134080K)->132348K(134080K) NonClass: 115506K(116288K)->115506K(116288K) Class: 16842K(17792K)->16842K(17792K)
[165.923s][info][gc             ] GC(1685) Pause Young (Allocation Failure) 1520M->979M(1979M) 6.581ms
[165.923s][info][gc,cpu         ] GC(1685) User=0.02s Sys=0.00s Real=0.00s
[165.979s][info][gc,start       ] GC(1686) Pause Young (Allocation Failure)
[165.986s][info][gc,heap        ] GC(1686) DefNew: 592366K(629120K)->38611K(629120K) Eden: 559232K(559232K)->0K(559232K) From: 33134K(69888K)->38611K(69888K)
[165.986s][info][gc,heap        ] GC(1686) Tenured: 970203K(1398144K)->970203K(1398144K)
[165.986s][info][gc,metaspace   ] GC(1686) Metaspace: 132348K(134080K)->132348K(134080K) NonClass: 115506K(116288K)->115506K(116288K) Class: 16842K(17792K)->16842K(17792K)
[165.986s][info][gc             ] GC(1686) Pause Young (Allocation Failure) 1525M->985M(1979M) 7.088ms
[165.986s][info][gc,cpu         ] GC(1686) User=0.00s Sys=0.00s Real=0.00s
[166.042s][info][gc,start       ] GC(1687) Pause Young (Allocation Failure)
[166.049s][info][gc,heap        ] GC(1687) DefNew: 597843K(629120K)->35576K(629120K) Eden: 559232K(559232K)->0K(559232K) From: 38611K(69888K)->35576K(69888K)
[166.049s][info][gc,heap        ] GC(1687) Tenured: 970203K(1398144K)->975909K(1398144K)
[166.049s][info][gc,metaspace   ] GC(1687) Metaspace: 132348K(134080K)->132348K(134080K) NonClass: 115506K(116288K)->115506K(116288K) Class: 16842K(17792K)->16842K(17792K)
[166.049s][info][gc             ] GC(1687) Pause Young (Allocation Failure) 1531M->987M(1979M) 7.565ms
[166.049s][info][gc,cpu         ] GC(1687) User=0.00s Sys=0.00s Real=0.00s
[166.105s][info][gc,start       ] GC(1688) Pause Young (Allocation Failure)
[166.111s][info][gc,heap        ] GC(1688) DefNew: 594808K(629120K)->35439K(629120K) Eden: 559232K(559232K)->0K(559232K) From: 35576K(69888K)->35439K(69888K)
[166.111s][info][gc,heap        ] GC(1688) Tenured: 975909K(1398144K)->980006K(1398144K)
[166.111s][info][gc,metaspace   ] GC(1688) Metaspace: 132348K(134080K)->132348K(134080K) NonClass: 115506K(116288K)->115506K(116288K) Class: 16842K(17792K)->16842K(17792K)
[166.111s][info][gc             ] GC(1688) Pause Young (Allocation Failure) 1533M->991M(1979M) 5.905ms
[166.111s][info][gc,cpu         ] GC(1688) User=0.00s Sys=0.00s Real=0.00s
[166.169s][info][gc,start       ] GC(1689) Pause Young (Allocation Failure)
[166.175s][info][gc,heap        ] GC(1689) DefNew: 594671K(629120K)->37190K(629120K) Eden: 559232K(559232K)->0K(559232K) From: 35439K(69888K)->37190K(69888K)
[166.175s][info][gc,heap        ] GC(1689) Tenured: 980006K(1398144K)->984402K(1398144K)
[166.175s][info][gc,metaspace   ] GC(1689) Metaspace: 132348K(134080K)->132348K(134080K) NonClass: 115506K(116288K)->115506K(116288K) Class: 16842K(17792K)->16842K(17792K)
[166.175s][info][gc             ] GC(1689) Pause Young (Allocation Failure) 1537M->997M(1979M) 6.255ms
[166.176s][info][gc,cpu         ] GC(1689) User=0.02s Sys=0.00s Real=0.00s
[166.231s][info][gc,start       ] GC(1690) Pause Young (Allocation Failure)
[166.236s][info][gc,heap        ] GC(1690) DefNew: 596422K(629120K)->35138K(629120K) Eden: 559232K(559232K)->0K(559232K) From: 37190K(69888K)->35138K(69888K)
[166.237s][info][gc,heap        ] GC(1690) Tenured: 984402K(1398144K)->988501K(1398144K)
[166.237s][info][gc,metaspace   ] GC(1690) Metaspace: 132348K(134080K)->132348K(134080K) NonClass: 115506K(116288K)->115506K(116288K) Class: 16842K(17792K)->16842K(17792K)
[166.237s][info][gc             ] GC(1690) Pause Young (Allocation Failure) 1543M->999M(1979M) 5.592ms
[166.237s][info][gc,cpu         ] GC(1690) User=0.00s Sys=0.00s Real=0.00s
[166.294s][info][gc,start       ] GC(1691) Pause Young (Allocation Failure)
[166.299s][info][gc,heap        ] GC(1691) DefNew: 594370K(629120K)->34936K(629120K) Eden: 559232K(559232K)->0K(559232K) From: 35138K(69888K)->34936K(69888K)
[166.299s][info][gc,heap        ] GC(1691) Tenured: 988501K(1398144K)->992598K(1398144K)
[166.299s][info][gc,metaspace   ] GC(1691) Metaspace: 132348K(134080K)->132348K(134080K) NonClass: 115506K(116288K)->115506K(116288K) Class: 16842K(17792K)->16842K(17792K)
[166.299s][info][gc             ] GC(1691) Pause Young (Allocation Failure) 1545M->1003M(1979M) 5.770ms
[166.299s][info][gc,cpu         ] GC(1691) User=0.00s Sys=0.00s Real=0.00s
[166.354s][info][gc,start       ] GC(1692) Pause Young (Allocation Failure)
[166.359s][info][gc,heap        ] GC(1692) DefNew: 594168K(629120K)->39223K(629120K) Eden: 559232K(559232K)->0K(559232K) From: 34936K(69888K)->39223K(69888K)
[166.359s][info][gc,heap        ] GC(1692) Tenured: 992598K(1398144K)->992598K(1398144K)
[166.359s][info][gc,metaspace   ] GC(1692) Metaspace: 132348K(134080K)->132348K(134080K) NonClass: 115506K(116288K)->115506K(116288K) Class: 16842K(17792K)->16842K(17792K)
[166.359s][info][gc             ] GC(1692) Pause Young (Allocation Failure) 1549M->1007M(1979M) 5.596ms
[166.359s][info][gc,cpu         ] GC(1692) User=0.00s Sys=0.00s Real=0.00s
[166.419s][info][gc,start       ] GC(1693) Pause Young (Allocation Failure)
[166.426s][info][gc,heap        ] GC(1693) DefNew: 598455K(629120K)->36464K(629120K) Eden: 559232K(559232K)->0K(559232K) From: 39223K(69888K)->36464K(69888K)
[166.426s][info][gc,heap        ] GC(1693) Tenured: 992598K(1398144K)->1000792K(1398144K)
[166.426s][info][gc,metaspace   ] GC(1693) Metaspace: 132350K(134080K)->132350K(134080K) NonClass: 115508K(116288K)->115508K(116288K) Class: 16842K(17792K)->16842K(17792K)
[166.426s][info][gc             ] GC(1693) Pause Young (Allocation Failure) 1553M->1012M(1979M) 6.450ms
[166.426s][info][gc,cpu         ] GC(1693) User=0.02s Sys=0.00s Real=0.00s
[166.517s][info][gc,start       ] GC(1694) Pause Young (Allocation Failure)
[166.524s][info][gc,heap        ] GC(1694) DefNew: 595696K(629120K)->50013K(629120K) Eden: 559232K(559232K)->0K(559232K) From: 36464K(69888K)->50013K(69888K)
[166.524s][info][gc,heap        ] GC(1694) Tenured: 1000792K(1398144K)->1004910K(1398144K)
[166.524s][info][gc,metaspace   ] GC(1694) Metaspace: 132354K(134080K)->132354K(134080K) NonClass: 115511K(116288K)->115511K(116288K) Class: 16842K(17792K)->16842K(17792K)
[166.524s][info][gc             ] GC(1694) Pause Young (Allocation Failure) 1559M->1030M(1979M) 7.563ms
[166.524s][info][gc,cpu         ] GC(1694) User=0.00s Sys=0.00s Real=0.00s
[166.614s][info][gc,start       ] GC(1695) Pause Young (Allocation Failure)
[166.621s][info][gc,heap        ] GC(1695) DefNew: 609245K(629120K)->39674K(629120K) Eden: 559232K(559232K)->0K(559232K) From: 50013K(69888K)->39674K(69888K)
[166.621s][info][gc,heap        ] GC(1695) Tenured: 1004910K(1398144K)->1025378K(1398144K)
[166.621s][info][gc,metaspace   ] GC(1695) Metaspace: 132354K(134080K)->132354K(134080K) NonClass: 115511K(116288K)->115511K(116288K) Class: 16842K(17792K)->16842K(17792K)
[166.622s][info][gc             ] GC(1695) Pause Young (Allocation Failure) 1576M->1040M(1979M) 7.633ms
[166.622s][info][gc,cpu         ] GC(1695) User=0.00s Sys=0.00s Real=0.00s
[166.710s][info][gc,start       ] GC(1696) Pause Young (Allocation Failure)
[166.717s][info][gc,heap        ] GC(1696) DefNew: 598906K(629120K)->43652K(629120K) Eden: 559232K(559232K)->0K(559232K) From: 39674K(69888K)->43652K(69888K)
[166.717s][info][gc,heap        ] GC(1696) Tenured: 1025378K(1398144K)->1033887K(1398144K)
[166.717s][info][gc,metaspace   ] GC(1696) Metaspace: 132354K(134080K)->132354K(134080K) NonClass: 115511K(116288K)->115511K(116288K) Class: 16842K(17792K)->16842K(17792K)
[166.717s][info][gc             ] GC(1696) Pause Young (Allocation Failure) 1586M->1052M(1979M) 6.944ms
[166.717s][info][gc,cpu         ] GC(1696) User=0.00s Sys=0.00s Real=0.00s
[166.805s][info][gc,start       ] GC(1697) Pause Young (Allocation Failure)
[166.813s][info][gc,heap        ] GC(1697) DefNew: 602884K(629120K)->37268K(629120K) Eden: 559232K(559232K)->0K(559232K) From: 43652K(69888K)->37268K(69888K)
[166.813s][info][gc,heap        ] GC(1697) Tenured: 1033887K(1398144K)->1058632K(1398144K)
[166.813s][info][gc,metaspace   ] GC(1697) Metaspace: 132354K(134080K)->132354K(134080K) NonClass: 115511K(116288K)->115511K(116288K) Class: 16842K(17792K)->16842K(17792K)
[166.813s][info][gc             ] GC(1697) Pause Young (Allocation Failure) 1598M->1070M(1979M) 7.571ms
[166.813s][info][gc,cpu         ] GC(1697) User=0.00s Sys=0.00s Real=0.00s
[166.901s][info][gc,start       ] GC(1698) Pause Young (Allocation Failure)
[166.907s][info][gc,heap        ] GC(1698) DefNew: 594561K(629120K)->29438K(629120K) Eden: 557292K(559232K)->0K(559232K) From: 37268K(69888K)->29438K(69888K)
[166.907s][info][gc,heap        ] GC(1698) Tenured: 1058632K(1398144K)->1075020K(1398144K)
[166.907s][info][gc,metaspace   ] GC(1698) Metaspace: 132354K(134080K)->132354K(134080K) NonClass: 115511K(116288K)->115511K(116288K) Class: 16842K(17792K)->16842K(17792K)
[166.907s][info][gc             ] GC(1698) Pause Young (Allocation Failure) 1614M->1078M(1979M) 5.776ms
[166.907s][info][gc,cpu         ] GC(1698) User=0.00s Sys=0.00s Real=0.00s
[166.996s][info][gc,start       ] GC(1699) Pause Young (Allocation Failure)
[167.002s][info][gc,heap        ] GC(1699) DefNew: 584835K(629120K)->41483K(629120K) Eden: 555397K(559232K)->0K(559232K) From: 29438K(69888K)->41483K(69888K)
[167.002s][info][gc,heap        ] GC(1699) Tenured: 1075020K(1398144K)->1075020K(1398144K)
[167.002s][info][gc,metaspace   ] GC(1699) Metaspace: 132354K(134080K)->132354K(134080K) NonClass: 115511K(116288K)->115511K(116288K) Class: 16842K(17792K)->16842K(17792K)
[167.002s][info][gc             ] GC(1699) Pause Young (Allocation Failure) 1620M->1090M(1979M) 5.965ms
[167.002s][info][gc,cpu         ] GC(1699) User=0.00s Sys=0.00s Real=0.01s
[167.093s][info][gc,start       ] GC(1700) Pause Young (Allocation Failure)
[167.100s][info][gc,heap        ] GC(1700) DefNew: 600715K(629120K)->44238K(629120K) Eden: 559232K(559232K)->0K(559232K) From: 41483K(69888K)->44238K(69888K)
[167.100s][info][gc,heap        ] GC(1700) Tenured: 1075020K(1398144K)->1083215K(1398144K)
[167.100s][info][gc,metaspace   ] GC(1700) Metaspace: 132354K(134080K)->132354K(134080K) NonClass: 115511K(116288K)->115511K(116288K) Class: 16842K(17792K)->16842K(17792K)
[167.100s][info][gc             ] GC(1700) Pause Young (Allocation Failure) 1636M->1101M(1979M) 6.704ms
[167.100s][info][gc,cpu         ] GC(1700) User=0.00s Sys=0.00s Real=0.01s
[167.186s][info][gc,start       ] GC(1701) Pause Young (Allocation Failure)
[167.193s][info][gc,heap        ] GC(1701) DefNew: 603470K(629120K)->34491K(629120K) Eden: 559232K(559232K)->0K(559232K) From: 44238K(69888K)->34491K(69888K)
[167.193s][info][gc,heap        ] GC(1701) Tenured: 1083215K(1398144K)->1099603K(1398144K)
[167.193s][info][gc,metaspace   ] GC(1701) Metaspace: 132354K(134080K)->132354K(134080K) NonClass: 115511K(116288K)->115511K(116288K) Class: 16842K(17792K)->16842K(17792K)
[167.193s][info][gc             ] GC(1701) Pause Young (Allocation Failure) 1647M->1107M(1979M) 6.882ms
[167.193s][info][gc,cpu         ] GC(1701) User=0.00s Sys=0.00s Real=0.01s
[167.278s][info][gc,start       ] GC(1702) Pause Young (Allocation Failure)
[167.285s][info][gc,heap        ] GC(1702) DefNew: 589900K(629120K)->49563K(629120K) Eden: 555408K(559232K)->0K(559232K) From: 34491K(69888K)->49563K(69888K)
[167.285s][info][gc,heap        ] GC(1702) Tenured: 1099603K(1398144K)->1099603K(1398144K)
[167.285s][info][gc,metaspace   ] GC(1702) Metaspace: 132354K(134080K)->132354K(134080K) NonClass: 115511K(116288K)->115511K(116288K) Class: 16842K(17792K)->16842K(17792K)
[167.285s][info][gc             ] GC(1702) Pause Young (Allocation Failure) 1649M->1122M(1979M) 6.562ms
[167.285s][info][gc,cpu         ] GC(1702) User=0.00s Sys=0.00s Real=0.02s
[167.372s][info][gc,start       ] GC(1703) Pause Young (Allocation Failure)
[167.379s][info][gc,heap        ] GC(1703) DefNew: 608795K(629120K)->29464K(629120K) Eden: 559232K(559232K)->0K(559232K) From: 49563K(69888K)->29464K(69888K)
[167.379s][info][gc,heap        ] GC(1703) Tenured: 1099603K(1398144K)->1124235K(1398144K)
[167.379s][info][gc,metaspace   ] GC(1703) Metaspace: 132354K(134080K)->132354K(134080K) NonClass: 115511K(116288K)->115511K(116288K) Class: 16842K(17792K)->16842K(17792K)
[167.379s][info][gc             ] GC(1703) Pause Young (Allocation Failure) 1668M->1126M(1979M) 7.221ms
[167.379s][info][gc,cpu         ] GC(1703) User=0.00s Sys=0.00s Real=0.01s
[167.467s][info][gc,start       ] GC(1704) Pause Young (Allocation Failure)
[167.473s][info][gc,heap        ] GC(1704) DefNew: 588696K(629120K)->36486K(629120K) Eden: 559232K(559232K)->0K(559232K) From: 29464K(69888K)->36486K(69888K)
[167.473s][info][gc,heap        ] GC(1704) Tenured: 1124235K(1398144K)->1124235K(1398144K)
[167.473s][info][gc,metaspace   ] GC(1704) Metaspace: 132354K(134080K)->132354K(134080K) NonClass: 115511K(116288K)->115511K(116288K) Class: 16842K(17792K)->16842K(17792K)
[167.473s][info][gc             ] GC(1704) Pause Young (Allocation Failure) 1672M->1133M(1979M) 5.455ms
[167.473s][info][gc,cpu         ] GC(1704) User=0.00s Sys=0.00s Real=0.02s
[167.560s][info][gc,start       ] GC(1705) Pause Young (Allocation Failure)
[167.566s][info][gc,heap        ] GC(1705) DefNew: 595718K(629120K)->31907K(629120K) Eden: 559232K(559232K)->0K(559232K) From: 36486K(69888K)->31907K(69888K)
[167.566s][info][gc,heap        ] GC(1705) Tenured: 1124235K(1398144K)->1132431K(1398144K)
[167.566s][info][gc,metaspace   ] GC(1705) Metaspace: 132354K(134080K)->132354K(134080K) NonClass: 115511K(116288K)->115511K(116288K) Class: 16842K(17792K)->16842K(17792K)
[167.566s][info][gc             ] GC(1705) Pause Young (Allocation Failure) 1679M->1137M(1979M) 5.693ms
[167.566s][info][gc,cpu         ] GC(1705) User=0.02s Sys=0.00s Real=0.01s
[167.654s][info][gc,start       ] GC(1706) Pause Young (Allocation Failure)
[167.660s][info][gc,heap        ] GC(1706) DefNew: 591139K(629120K)->41769K(629120K) Eden: 559232K(559232K)->0K(559232K) From: 31907K(69888K)->41769K(69888K)
[167.660s][info][gc,heap        ] GC(1706) Tenured: 1132431K(1398144K)->1132431K(1398144K)
[167.660s][info][gc,metaspace   ] GC(1706) Metaspace: 132354K(134080K)->132354K(134080K) NonClass: 115511K(116288K)->115511K(116288K) Class: 16842K(17792K)->16842K(17792K)
[167.660s][info][gc             ] GC(1706) Pause Young (Allocation Failure) 1683M->1146M(1979M) 5.974ms
[167.660s][info][gc,cpu         ] GC(1706) User=0.00s Sys=0.00s Real=0.02s
[167.748s][info][gc,start       ] GC(1707) Pause Young (Allocation Failure)
[167.755s][info][gc,heap        ] GC(1707) DefNew: 597240K(629120K)->41309K(629120K) Eden: 555471K(559232K)->0K(559232K) From: 41769K(69888K)->41309K(69888K)
[167.755s][info][gc,heap        ] GC(1707) Tenured: 1132431K(1398144K)->1144723K(1398144K)
[167.755s][info][gc,metaspace   ] GC(1707) Metaspace: 132354K(134080K)->132354K(134080K) NonClass: 115511K(116288K)->115511K(116288K) Class: 16842K(17792K)->16842K(17792K)
[167.755s][info][gc             ] GC(1707) Pause Young (Allocation Failure) 1689M->1158M(1979M) 6.937ms
[167.755s][info][gc,cpu         ] GC(1707) User=0.00s Sys=0.00s Real=0.02s
[167.845s][info][gc,start       ] GC(1708) Pause Young (Allocation Failure)
[167.851s][info][gc,heap        ] GC(1708) DefNew: 600541K(629120K)->29612K(629120K) Eden: 559232K(559232K)->0K(559232K) From: 41309K(69888K)->29612K(69888K)
[167.851s][info][gc,heap        ] GC(1708) Tenured: 1144723K(1398144K)->1152917K(1398144K)
[167.851s][info][gc,metaspace   ] GC(1708) Metaspace: 132354K(134080K)->132354K(134080K) NonClass: 115511K(116288K)->115511K(116288K) Class: 16842K(17792K)->16842K(17792K)
[167.851s][info][gc             ] GC(1708) Pause Young (Allocation Failure) 1704M->1154M(1979M) 5.717ms
[167.851s][info][gc,cpu         ] GC(1708) User=0.00s Sys=0.00s Real=0.02s
[167.933s][info][gc,start       ] GC(1709) Pause Young (Allocation Failure)
[167.938s][info][gc,heap        ] GC(1709) DefNew: 588844K(629120K)->31946K(629120K) Eden: 559232K(559232K)->0K(559232K) From: 29612K(69888K)->31946K(69888K)
[167.938s][info][gc,heap        ] GC(1709) Tenured: 1152917K(1398144K)->1152917K(1398144K)
[167.938s][info][gc,metaspace   ] GC(1709) Metaspace: 132354K(134080K)->132354K(134080K) NonClass: 115511K(116288K)->115511K(116288K) Class: 16842K(17792K)->16842K(17792K)
[167.938s][info][gc             ] GC(1709) Pause Young (Allocation Failure) 1700M->1157M(1979M) 4.967ms
[167.938s][info][gc,cpu         ] GC(1709) User=0.00s Sys=0.00s Real=0.00s
[168.021s][info][gc,start       ] GC(1710) Pause Young (Allocation Failure)
[168.026s][info][gc,heap        ] GC(1710) DefNew: 591178K(629120K)->35070K(629120K) Eden: 559232K(559232K)->0K(559232K) From: 31946K(69888K)->35070K(69888K)
[168.026s][info][gc,heap        ] GC(1710) Tenured: 1152917K(1398144K)->1152917K(1398144K)
[168.026s][info][gc,metaspace   ] GC(1710) Metaspace: 132354K(134080K)->132354K(134080K) NonClass: 115511K(116288K)->115511K(116288K) Class: 16842K(17792K)->16842K(17792K)
[168.026s][info][gc             ] GC(1710) Pause Young (Allocation Failure) 1703M->1160M(1979M) 5.399ms
[168.026s][info][gc,cpu         ] GC(1710) User=0.00s Sys=0.00s Real=0.02s
[168.109s][info][gc,start       ] GC(1711) Pause Young (Allocation Failure)
[168.114s][info][gc,heap        ] GC(1711) DefNew: 594302K(629120K)->25107K(629120K) Eden: 559232K(559232K)->0K(559232K) From: 35070K(69888K)->25107K(69888K)
[168.114s][info][gc,heap        ] GC(1711) Tenured: 1152917K(1398144K)->1157014K(1398144K)
[168.114s][info][gc,metaspace   ] GC(1711) Metaspace: 132354K(134080K)->132354K(134080K) NonClass: 115511K(116288K)->115511K(116288K) Class: 16842K(17792K)->16842K(17792K)
[168.114s][info][gc             ] GC(1711) Pause Young (Allocation Failure) 1706M->1154M(1979M) 4.710ms
[168.114s][info][gc,cpu         ] GC(1711) User=0.00s Sys=0.00s Real=0.00s
[168.203s][info][gc,start       ] GC(1712) Pause Young (Allocation Failure)
[168.209s][info][gc,heap        ] GC(1712) DefNew: 584339K(629120K)->35160K(629120K) Eden: 559232K(559232K)->0K(559232K) From: 25107K(69888K)->35160K(69888K)
[168.209s][info][gc,heap        ] GC(1712) Tenured: 1157014K(1398144K)->1157014K(1398144K)
[168.209s][info][gc,metaspace   ] GC(1712) Metaspace: 132354K(134080K)->132354K(134080K) NonClass: 115511K(116288K)->115511K(116288K) Class: 16842K(17792K)->16842K(17792K)
[168.209s][info][gc             ] GC(1712) Pause Young (Allocation Failure) 1700M->1164M(1979M) 5.553ms
[168.209s][info][gc,cpu         ] GC(1712) User=0.00s Sys=0.00s Real=0.00s
[168.297s][info][gc,start       ] GC(1713) Pause Young (Allocation Failure)
[168.303s][info][gc,heap        ] GC(1713) DefNew: 594392K(629120K)->33209K(629120K) Eden: 559232K(559232K)->0K(559232K) From: 35160K(69888K)->33209K(69888K)
[168.303s][info][gc,heap        ] GC(1713) Tenured: 1157014K(1398144K)->1165207K(1398144K)
[168.303s][info][gc,metaspace   ] GC(1713) Metaspace: 132354K(134080K)->132354K(134080K) NonClass: 115511K(116288K)->115511K(116288K) Class: 16842K(17792K)->16842K(17792K)
[168.303s][info][gc             ] GC(1713) Pause Young (Allocation Failure) 1710M->1170M(1979M) 5.841ms
[168.303s][info][gc,cpu         ] GC(1713) User=0.00s Sys=0.00s Real=0.00s
[168.390s][info][gc,start       ] GC(1714) Pause Young (Allocation Failure)
[168.394s][info][gc,heap        ] GC(1714) DefNew: 592441K(629120K)->23836K(629120K) Eden: 559232K(559232K)->0K(559232K) From: 33209K(69888K)->23836K(69888K)
[168.394s][info][gc,heap        ] GC(1714) Tenured: 1165207K(1398144K)->1165207K(1398144K)
[168.394s][info][gc,metaspace   ] GC(1714) Metaspace: 132354K(134080K)->132354K(134080K) NonClass: 115511K(116288K)->115511K(116288K) Class: 16842K(17792K)->16842K(17792K)
[168.394s][info][gc             ] GC(1714) Pause Young (Allocation Failure) 1716M->1161M(1979M) 4.312ms
[168.394s][info][gc,cpu         ] GC(1714) User=0.00s Sys=0.00s Real=0.01s
[168.483s][info][gc,start       ] GC(1715) Pause Young (Allocation Failure)
[168.488s][info][gc,heap        ] GC(1715) DefNew: 583068K(629120K)->26966K(629120K) Eden: 559232K(559232K)->0K(559232K) From: 23836K(69888K)->26966K(69888K)
[168.488s][info][gc,heap        ] GC(1715) Tenured: 1165207K(1398144K)->1165207K(1398144K)
[168.488s][info][gc,metaspace   ] GC(1715) Metaspace: 132354K(134080K)->132354K(134080K) NonClass: 115511K(116288K)->115511K(116288K) Class: 16842K(17792K)->16842K(17792K)
[168.488s][info][gc             ] GC(1715) Pause Young (Allocation Failure) 1707M->1164M(1979M) 4.496ms
[168.488s][info][gc,cpu         ] GC(1715) User=0.00s Sys=0.00s Real=0.00s
[168.578s][info][gc,start       ] GC(1716) Pause Young (Allocation Failure)
[168.582s][info][gc,heap        ] GC(1716) DefNew: 586198K(629120K)->20540K(629120K) Eden: 559232K(559232K)->0K(559232K) From: 26966K(69888K)->20540K(69888K)
[168.582s][info][gc,heap        ] GC(1716) Tenured: 1165207K(1398144K)->1165207K(1398144K)
[168.582s][info][gc,metaspace   ] GC(1716) Metaspace: 132354K(134080K)->132354K(134080K) NonClass: 115511K(116288K)->115511K(116288K) Class: 16842K(17792K)->16842K(17792K)
[168.582s][info][gc             ] GC(1716) Pause Young (Allocation Failure) 1710M->1157M(1979M) 3.841ms
[168.582s][info][gc,cpu         ] GC(1716) User=0.00s Sys=0.00s Real=0.00s
[168.669s][info][gc,start       ] GC(1717) Pause Young (Allocation Failure)
[168.674s][info][gc,heap        ] GC(1717) DefNew: 579772K(629120K)->26974K(629120K) Eden: 559232K(559232K)->0K(559232K) From: 20540K(69888K)->26974K(69888K)
[168.674s][info][gc,heap        ] GC(1717) Tenured: 1165207K(1398144K)->1165207K(1398144K)
[168.674s][info][gc,metaspace   ] GC(1717) Metaspace: 132354K(134080K)->132354K(134080K) NonClass: 115511K(116288K)->115511K(116288K) Class: 16842K(17792K)->16842K(17792K)
[168.674s][info][gc             ] GC(1717) Pause Young (Allocation Failure) 1704M->1164M(1979M) 4.877ms
[168.674s][info][gc,cpu         ] GC(1717) User=0.00s Sys=0.00s Real=0.00s
[168.762s][info][gc,start       ] GC(1718) Pause Young (Allocation Failure)
[168.767s][info][gc,heap        ] GC(1718) DefNew: 586206K(629120K)->33219K(629120K) Eden: 559232K(559232K)->0K(559232K) From: 26974K(69888K)->33219K(69888K)
[168.767s][info][gc,heap        ] GC(1718) Tenured: 1165207K(1398144K)->1165207K(1398144K)
[168.767s][info][gc,metaspace   ] GC(1718) Metaspace: 132354K(134080K)->132354K(134080K) NonClass: 115511K(116288K)->115511K(116288K) Class: 16842K(17792K)->16842K(17792K)
[168.767s][info][gc             ] GC(1718) Pause Young (Allocation Failure) 1710M->1170M(1979M) 5.262ms
[168.767s][info][gc,cpu         ] GC(1718) User=0.00s Sys=0.00s Real=0.00s
[168.854s][info][gc,start       ] GC(1719) Pause Young (Allocation Failure)
[168.858s][info][gc,heap        ] GC(1719) DefNew: 592451K(629120K)->22268K(629120K) Eden: 559232K(559232K)->0K(559232K) From: 33219K(69888K)->22268K(69888K)
[168.858s][info][gc,heap        ] GC(1719) Tenured: 1165207K(1398144K)->1165207K(1398144K)
[168.858s][info][gc,metaspace   ] GC(1719) Metaspace: 132354K(134080K)->132354K(134080K) NonClass: 115511K(116288K)->115511K(116288K) Class: 16842K(17792K)->16842K(17792K)
[168.858s][info][gc             ] GC(1719) Pause Young (Allocation Failure) 1716M->1159M(1979M) 4.221ms
[168.858s][info][gc,cpu         ] GC(1719) User=0.00s Sys=0.00s Real=0.02s
[168.946s][info][gc,start       ] GC(1720) Pause Young (Allocation Failure)
[168.951s][info][gc,heap        ] GC(1720) DefNew: 581500K(629120K)->26970K(629120K) Eden: 559232K(559232K)->0K(559232K) From: 22268K(69888K)->26970K(69888K)
[168.951s][info][gc,heap        ] GC(1720) Tenured: 1165207K(1398144K)->1165207K(1398144K)
[168.951s][info][gc,metaspace   ] GC(1720) Metaspace: 132354K(134080K)->132354K(134080K) NonClass: 115511K(116288K)->115511K(116288K) Class: 16842K(17792K)->16842K(17792K)
[168.951s][info][gc             ] GC(1720) Pause Young (Allocation Failure) 1705M->1164M(1979M) 4.639ms
[168.951s][info][gc,cpu         ] GC(1720) User=0.00s Sys=0.00s Real=0.02s
[169.038s][info][gc,start       ] GC(1721) Pause Young (Allocation Failure)
[169.042s][info][gc,heap        ] GC(1721) DefNew: 586202K(629120K)->20535K(629120K) Eden: 559232K(559232K)->0K(559232K) From: 26970K(69888K)->20535K(69888K)
[169.042s][info][gc,heap        ] GC(1721) Tenured: 1165207K(1398144K)->1165207K(1398144K)
[169.042s][info][gc,metaspace   ] GC(1721) Metaspace: 132354K(134080K)->132354K(134080K) NonClass: 115511K(116288K)->115511K(116288K) Class: 16842K(17792K)->16842K(17792K)
[169.042s][info][gc             ] GC(1721) Pause Young (Allocation Failure) 1710M->1157M(1979M) 3.887ms
[169.042s][info][gc,cpu         ] GC(1721) User=0.00s Sys=0.00s Real=0.00s
[169.131s][info][gc,start       ] GC(1722) Pause Young (Allocation Failure)
[169.135s][info][gc,heap        ] GC(1722) DefNew: 579767K(629120K)->19730K(629120K) Eden: 559232K(559232K)->0K(559232K) From: 20535K(69888K)->19730K(69888K)
[169.135s][info][gc,heap        ] GC(1722) Tenured: 1165207K(1398144K)->1169324K(1398144K)
[169.135s][info][gc,metaspace   ] GC(1722) Metaspace: 132354K(134080K)->132354K(134080K) NonClass: 115511K(116288K)->115511K(116288K) Class: 16842K(17792K)->16842K(17792K)
[169.135s][info][gc             ] GC(1722) Pause Young (Allocation Failure) 1704M->1161M(1979M) 4.285ms
[169.135s][info][gc,cpu         ] GC(1722) User=0.00s Sys=0.00s Real=0.00s
[169.221s][info][gc,start       ] GC(1723) Pause Young (Allocation Failure)
[169.225s][info][gc,heap        ] GC(1723) DefNew: 575522K(629120K)->17756K(629120K) Eden: 555791K(559232K)->0K(559232K) From: 19730K(69888K)->17756K(69888K)
[169.225s][info][gc,heap        ] GC(1723) Tenured: 1169324K(1398144K)->1177540K(1398144K)
[169.225s][info][gc,metaspace   ] GC(1723) Metaspace: 132354K(134080K)->132354K(134080K) NonClass: 115511K(116288K)->115511K(116288K) Class: 16842K(17792K)->16842K(17792K)
[169.225s][info][gc             ] GC(1723) Pause Young (Allocation Failure) 1703M->1167M(1979M) 4.391ms
[169.225s][info][gc,cpu         ] GC(1723) User=0.00s Sys=0.00s Real=0.00s
[169.312s][info][gc,start       ] GC(1724) Pause Young (Allocation Failure)
[169.315s][info][gc,heap        ] GC(1724) DefNew: 576988K(629120K)->8674K(629120K) Eden: 559232K(559232K)->0K(559232K) From: 17756K(69888K)->8674K(69888K)
[169.315s][info][gc,heap        ] GC(1724) Tenured: 1177540K(1398144K)->1177540K(1398144K)
[169.315s][info][gc,metaspace   ] GC(1724) Metaspace: 132354K(134080K)->132354K(134080K) NonClass: 115511K(116288K)->115511K(116288K) Class: 16842K(17792K)->16842K(17792K)
[169.315s][info][gc             ] GC(1724) Pause Young (Allocation Failure) 1713M->1158M(1979M) 3.106ms
[169.315s][info][gc,cpu         ] GC(1724) User=0.00s Sys=0.00s Real=0.00s
[169.402s][info][gc,start       ] GC(1725) Pause Young (Allocation Failure)
[169.405s][info][gc,heap        ] GC(1725) DefNew: 567906K(629120K)->14628K(629120K) Eden: 559232K(559232K)->0K(559232K) From: 8674K(69888K)->14628K(69888K)
[169.405s][info][gc,heap        ] GC(1725) Tenured: 1177540K(1398144K)->1177540K(1398144K)
[169.405s][info][gc,metaspace   ] GC(1725) Metaspace: 132354K(134080K)->132354K(134080K) NonClass: 115511K(116288K)->115511K(116288K) Class: 16842K(17792K)->16842K(17792K)
[169.405s][info][gc             ] GC(1725) Pause Young (Allocation Failure) 1704M->1164M(1979M) 3.352ms
[169.405s][info][gc,cpu         ] GC(1725) User=0.00s Sys=0.00s Real=0.00s
[169.545s][info][gc,start       ] GC(1726) Pause Young (Allocation Failure)
[169.549s][info][gc,heap        ] GC(1726) DefNew: 573860K(629120K)->14192K(629120K) Eden: 559232K(559232K)->0K(559232K) From: 14628K(69888K)->14192K(69888K)
[169.549s][info][gc,heap        ] GC(1726) Tenured: 1177540K(1398144K)->1177541K(1398144K)
[169.549s][info][gc,metaspace   ] GC(1726) Metaspace: 132354K(134080K)->132354K(134080K) NonClass: 115511K(116288K)->115511K(116288K) Class: 16842K(17792K)->16842K(17792K)
[169.549s][info][gc             ] GC(1726) Pause Young (Allocation Failure) 1710M->1163M(1979M) 3.855ms
[169.549s][info][gc,cpu         ] GC(1726) User=0.00s Sys=0.00s Real=0.02s
[169.709s][info][gc,start       ] GC(1727) Pause Full (System.gc())
[169.709s][info][gc,phases,start] GC(1727) Phase 1: Mark live objects
[169.767s][info][gc,phases      ] GC(1727) Phase 1: Mark live objects 58.149ms
[169.767s][info][gc,phases,start] GC(1727) Phase 2: Compute new object addresses
[169.814s][info][gc,phases      ] GC(1727) Phase 2: Compute new object addresses 46.269ms
[169.814s][info][gc,phases,start] GC(1727) Phase 3: Adjust pointers
[169.846s][info][gc,phases      ] GC(1727) Phase 3: Adjust pointers 32.090ms
[169.846s][info][gc,phases,start] GC(1727) Phase 4: Move objects
[169.846s][info][gc,phases      ] GC(1727) Phase 4: Move objects 0.044ms
[169.846s][info][gc,heap        ] GC(1727) DefNew: 274632K(629120K)->0K(629120K) Eden: 260439K(559232K)->0K(559232K) From: 14192K(69888K)->0K(69888K)
[169.846s][info][gc,heap        ] GC(1727) Tenured: 1177541K(1398144K)->1034142K(1398144K)
[169.846s][info][gc,metaspace   ] GC(1727) Metaspace: 132438K(134144K)->132438K(134144K) NonClass: 115583K(116352K)->115583K(116352K) Class: 16855K(17792K)->16855K(17792K)
[169.846s][info][gc             ] GC(1727) Pause Full (System.gc()) 1418M->1009M(1979M) 137.465ms
[169.847s][info][gc,cpu         ] GC(1727) User=0.11s Sys=0.00s Real=0.14s
[169.969s][info][gc,start       ] GC(1728) Pause Young (Allocation Failure)
[169.973s][info][gc,heap        ] GC(1728) DefNew: 559232K(629120K)->4928K(629120K) Eden: 559232K(559232K)->0K(559232K) From: 0K(69888K)->4928K(69888K)
[169.973s][info][gc,heap        ] GC(1728) Tenured: 1034142K(1398144K)->1034142K(1398144K)
[169.973s][info][gc,metaspace   ] GC(1728) Metaspace: 132462K(134208K)->132462K(134208K) NonClass: 115607K(116416K)->115607K(116416K) Class: 16855K(17792K)->16855K(17792K)
[169.974s][info][gc             ] GC(1728) Pause Young (Allocation Failure) 1556M->1014M(1979M) 4.710ms
[169.974s][info][gc,cpu         ] GC(1728) User=0.00s Sys=0.00s Real=0.00s
[170.029s][info][gc,start       ] GC(1729) Pause Young (Allocation Failure)
[170.032s][info][gc,heap        ] GC(1729) DefNew: 564160K(629120K)->6089K(629120K) Eden: 559232K(559232K)->0K(559232K) From: 4928K(69888K)->6089K(69888K)
[170.032s][info][gc,heap        ] GC(1729) Tenured: 1034142K(1398144K)->1034142K(1398144K)
[170.032s][info][gc,metaspace   ] GC(1729) Metaspace: 132462K(134208K)->132462K(134208K) NonClass: 115607K(116416K)->115607K(116416K) Class: 16855K(17792K)->16855K(17792K)
[170.032s][info][gc             ] GC(1729) Pause Young (Allocation Failure) 1560M->1015M(1979M) 3.800ms
[170.032s][info][gc,cpu         ] GC(1729) User=0.00s Sys=0.00s Real=0.00s
[170.086s][info][gc,start       ] GC(1730) Pause Young (Allocation Failure)
[170.090s][info][gc,heap        ] GC(1730) DefNew: 565321K(629120K)->9030K(629120K) Eden: 559232K(559232K)->0K(559232K) From: 6089K(69888K)->9030K(69888K)
[170.090s][info][gc,heap        ] GC(1730) Tenured: 1034142K(1398144K)->1034142K(1398144K)
[170.090s][info][gc,metaspace   ] GC(1730) Metaspace: 132462K(134208K)->132462K(134208K) NonClass: 115607K(116416K)->115607K(116416K) Class: 16855K(17792K)->16855K(17792K)
[170.090s][info][gc             ] GC(1730) Pause Young (Allocation Failure) 1561M->1018M(1979M) 4.099ms
[170.090s][info][gc,cpu         ] GC(1730) User=0.00s Sys=0.00s Real=0.02s
[170.147s][info][gc,start       ] GC(1731) Pause Young (Allocation Failure)
[170.151s][info][gc,heap        ] GC(1731) DefNew: 568262K(629120K)->10383K(629120K) Eden: 559232K(559232K)->0K(559232K) From: 9030K(69888K)->10383K(69888K)
[170.151s][info][gc,heap        ] GC(1731) Tenured: 1034142K(1398144K)->1034142K(1398144K)
[170.151s][info][gc,metaspace   ] GC(1731) Metaspace: 132462K(134208K)->132462K(134208K) NonClass: 115607K(116416K)->115607K(116416K) Class: 16855K(17792K)->16855K(17792K)
[170.151s][info][gc             ] GC(1731) Pause Young (Allocation Failure) 1564M->1020M(1979M) 4.456ms
[170.151s][info][gc,cpu         ] GC(1731) User=0.02s Sys=0.00s Real=0.02s
[170.210s][info][gc,start       ] GC(1732) Pause Young (Allocation Failure)
[170.215s][info][gc,heap        ] GC(1732) DefNew: 569615K(629120K)->16711K(629120K) Eden: 559232K(559232K)->0K(559232K) From: 10383K(69888K)->16711K(69888K)
[170.215s][info][gc,heap        ] GC(1732) Tenured: 1034142K(1398144K)->1034142K(1398144K)
[170.215s][info][gc,metaspace   ] GC(1732) Metaspace: 132470K(134208K)->132470K(134208K) NonClass: 115615K(116416K)->115615K(116416K) Class: 16855K(17792K)->16855K(17792K)
[170.215s][info][gc             ] GC(1732) Pause Young (Allocation Failure) 1566M->1026M(1979M) 5.154ms
[170.215s][info][gc,cpu         ] GC(1732) User=0.00s Sys=0.00s Real=0.01s
[170.271s][info][gc,start       ] GC(1733) Pause Young (Allocation Failure)
[170.277s][info][gc,heap        ] GC(1733) DefNew: 575943K(629120K)->19061K(629120K) Eden: 559232K(559232K)->0K(559232K) From: 16711K(69888K)->19061K(69888K)
[170.277s][info][gc,heap        ] GC(1733) Tenured: 1034142K(1398144K)->1034142K(1398144K)
[170.277s][info][gc,metaspace   ] GC(1733) Metaspace: 132470K(134208K)->132470K(134208K) NonClass: 115615K(116416K)->115615K(116416K) Class: 16855K(17792K)->16855K(17792K)
[170.277s][info][gc             ] GC(1733) Pause Young (Allocation Failure) 1572M->1028M(1979M) 5.503ms
[170.277s][info][gc,cpu         ] GC(1733) User=0.00s Sys=0.00s Real=0.02s
[170.333s][info][gc,start       ] GC(1734) Pause Young (Allocation Failure)
[170.339s][info][gc,heap        ] GC(1734) DefNew: 578293K(629120K)->25126K(629120K) Eden: 559232K(559232K)->0K(559232K) From: 19061K(69888K)->25126K(69888K)
[170.339s][info][gc,heap        ] GC(1734) Tenured: 1034142K(1398144K)->1034142K(1398144K)
[170.339s][info][gc,metaspace   ] GC(1734) Metaspace: 132470K(134208K)->132470K(134208K) NonClass: 115615K(116416K)->115615K(116416K) Class: 16855K(17792K)->16855K(17792K)
[170.339s][info][gc             ] GC(1734) Pause Young (Allocation Failure) 1574M->1034M(1979M) 5.900ms
[170.339s][info][gc,cpu         ] GC(1734) User=0.00s Sys=0.00s Real=0.02s
[170.394s][info][gc,start       ] GC(1735) Pause Young (Allocation Failure)
[170.400s][info][gc,heap        ] GC(1735) DefNew: 584358K(629120K)->28831K(629120K) Eden: 559232K(559232K)->0K(559232K) From: 25126K(69888K)->28831K(69888K)
[170.400s][info][gc,heap        ] GC(1735) Tenured: 1034142K(1398144K)->1034142K(1398144K)
[170.400s][info][gc,metaspace   ] GC(1735) Metaspace: 132470K(134208K)->132470K(134208K) NonClass: 115615K(116416K)->115615K(116416K) Class: 16855K(17792K)->16855K(17792K)
[170.400s][info][gc             ] GC(1735) Pause Young (Allocation Failure) 1580M->1038M(1979M) 6.221ms
[170.400s][info][gc,cpu         ] GC(1735) User=0.02s Sys=0.00s Real=0.02s
[170.456s][info][gc,start       ] GC(1736) Pause Young (Allocation Failure)
[170.462s][info][gc,heap        ] GC(1736) DefNew: 588063K(629120K)->33717K(629120K) Eden: 559232K(559232K)->0K(559232K) From: 28831K(69888K)->33717K(69888K)
[170.462s][info][gc,heap        ] GC(1736) Tenured: 1034142K(1398144K)->1034142K(1398144K)
[170.462s][info][gc,metaspace   ] GC(1736) Metaspace: 132470K(134208K)->132470K(134208K) NonClass: 115615K(116416K)->115615K(116416K) Class: 16855K(17792K)->16855K(17792K)
[170.462s][info][gc             ] GC(1736) Pause Young (Allocation Failure) 1584M->1042M(1979M) 6.732ms
[170.462s][info][gc,cpu         ] GC(1736) User=0.00s Sys=0.00s Real=0.01s
[170.518s][info][gc,start       ] GC(1737) Pause Young (Allocation Failure)
[170.525s][info][gc,heap        ] GC(1737) DefNew: 592949K(629120K)->37033K(629120K) Eden: 559232K(559232K)->0K(559232K) From: 33717K(69888K)->37033K(69888K)
[170.525s][info][gc,heap        ] GC(1737) Tenured: 1034142K(1398144K)->1034142K(1398144K)
[170.525s][info][gc,metaspace   ] GC(1737) Metaspace: 132470K(134208K)->132470K(134208K) NonClass: 115615K(116416K)->115615K(116416K) Class: 16855K(17792K)->16855K(17792K)
[170.525s][info][gc             ] GC(1737) Pause Young (Allocation Failure) 1588M->1046M(1979M) 6.860ms
[170.525s][info][gc,cpu         ] GC(1737) User=0.00s Sys=0.00s Real=0.00s
[170.582s][info][gc,start       ] GC(1738) Pause Young (Allocation Failure)
[170.589s][info][gc,heap        ] GC(1738) DefNew: 596265K(629120K)->34771K(629120K) Eden: 559232K(559232K)->0K(559232K) From: 37033K(69888K)->34771K(69888K)
[170.589s][info][gc,heap        ] GC(1738) Tenured: 1034142K(1398144K)->1039824K(1398144K)
[170.589s][info][gc,metaspace   ] GC(1738) Metaspace: 132470K(134208K)->132470K(134208K) NonClass: 115615K(116416K)->115615K(116416K) Class: 16855K(17792K)->16855K(17792K)
[170.590s][info][gc             ] GC(1738) Pause Young (Allocation Failure) 1592M->1049M(1979M) 7.684ms
[170.590s][info][gc,cpu         ] GC(1738) User=0.00s Sys=0.00s Real=0.02s
[170.645s][info][gc,start       ] GC(1739) Pause Young (Allocation Failure)
[170.652s][info][gc,heap        ] GC(1739) DefNew: 594003K(629120K)->45790K(629120K) Eden: 559232K(559232K)->0K(559232K) From: 34771K(69888K)->45790K(69888K)
[170.652s][info][gc,heap        ] GC(1739) Tenured: 1039824K(1398144K)->1039824K(1398144K)
[170.652s][info][gc,metaspace   ] GC(1739) Metaspace: 132471K(134208K)->132471K(134208K) NonClass: 115616K(116416K)->115616K(116416K) Class: 16855K(17792K)->16855K(17792K)
[170.652s][info][gc             ] GC(1739) Pause Young (Allocation Failure) 1595M->1060M(1979M) 6.671ms
[170.652s][info][gc,cpu         ] GC(1739) User=0.00s Sys=0.00s Real=0.02s
[170.708s][info][gc,start       ] GC(1740) Pause Young (Allocation Failure)
[170.714s][info][gc,heap        ] GC(1740) DefNew: 605022K(629120K)->30650K(629120K) Eden: 559232K(559232K)->0K(559232K) From: 45790K(69888K)->30650K(69888K)
[170.714s][info][gc,heap        ] GC(1740) Tenured: 1039824K(1398144K)->1052414K(1398144K)
[170.714s][info][gc,metaspace   ] GC(1740) Metaspace: 132471K(134208K)->132471K(134208K) NonClass: 115616K(116416K)->115616K(116416K) Class: 16855K(17792K)->16855K(17792K)
[170.714s][info][gc             ] GC(1740) Pause Young (Allocation Failure) 1606M->1057M(1979M) 6.383ms
[170.714s][info][gc,cpu         ] GC(1740) User=0.00s Sys=0.00s Real=0.01s
[170.769s][info][gc,start       ] GC(1741) Pause Young (Allocation Failure)
[170.774s][info][gc,heap        ] GC(1741) DefNew: 589882K(629120K)->38269K(629120K) Eden: 559232K(559232K)->0K(559232K) From: 30650K(69888K)->38269K(69888K)
[170.774s][info][gc,heap        ] GC(1741) Tenured: 1052414K(1398144K)->1052414K(1398144K)
[170.774s][info][gc,metaspace   ] GC(1741) Metaspace: 132471K(134208K)->132471K(134208K) NonClass: 115616K(116416K)->115616K(116416K) Class: 16855K(17792K)->16855K(17792K)
[170.774s][info][gc             ] GC(1741) Pause Young (Allocation Failure) 1603M->1065M(1979M) 5.581ms
[170.774s][info][gc,cpu         ] GC(1741) User=0.00s Sys=0.00s Real=0.00s
[170.831s][info][gc,start       ] GC(1742) Pause Young (Allocation Failure)
[170.837s][info][gc,heap        ] GC(1742) DefNew: 597501K(629120K)->38583K(629120K) Eden: 559232K(559232K)->0K(559232K) From: 38269K(69888K)->38583K(69888K)
[170.837s][info][gc,heap        ] GC(1742) Tenured: 1052414K(1398144K)->1056511K(1398144K)
[170.837s][info][gc,metaspace   ] GC(1742) Metaspace: 132471K(134208K)->132471K(134208K) NonClass: 115616K(116416K)->115616K(116416K) Class: 16855K(17792K)->16855K(17792K)
[170.837s][info][gc             ] GC(1742) Pause Young (Allocation Failure) 1611M->1069M(1979M) 5.928ms
[170.837s][info][gc,cpu         ] GC(1742) User=0.00s Sys=0.00s Real=0.00s
[170.891s][info][gc,start       ] GC(1743) Pause Young (Allocation Failure)
[170.897s][info][gc,heap        ] GC(1743) DefNew: 597815K(629120K)->38275K(629120K) Eden: 559232K(559232K)->0K(559232K) From: 38583K(69888K)->38275K(69888K)
[170.897s][info][gc,heap        ] GC(1743) Tenured: 1056511K(1398144K)->1060609K(1398144K)
[170.897s][info][gc,metaspace   ] GC(1743) Metaspace: 132471K(134208K)->132471K(134208K) NonClass: 115616K(116416K)->115616K(116416K) Class: 16855K(17792K)->16855K(17792K)
[170.897s][info][gc             ] GC(1743) Pause Young (Allocation Failure) 1615M->1073M(1979M) 5.922ms
[170.897s][info][gc,cpu         ] GC(1743) User=0.00s Sys=0.00s Real=0.00s
[170.956s][info][gc,start       ] GC(1744) Pause Young (Allocation Failure)
[170.962s][info][gc,heap        ] GC(1744) DefNew: 597507K(629120K)->37247K(629120K) Eden: 559232K(559232K)->0K(559232K) From: 38275K(69888K)->37247K(69888K)
[170.962s][info][gc,heap        ] GC(1744) Tenured: 1060609K(1398144K)->1064705K(1398144K)
[170.962s][info][gc,metaspace   ] GC(1744) Metaspace: 132474K(134208K)->132474K(134208K) NonClass: 115619K(116416K)->115619K(116416K) Class: 16855K(17792K)->16855K(17792K)
[170.962s][info][gc             ] GC(1744) Pause Young (Allocation Failure) 1619M->1076M(1979M) 6.203ms
[170.962s][info][gc,cpu         ] GC(1744) User=0.00s Sys=0.00s Real=0.00s
[171.053s][info][gc,start       ] GC(1745) Pause Young (Allocation Failure)
[171.060s][info][gc,heap        ] GC(1745) DefNew: 596479K(629120K)->51176K(629120K) Eden: 559232K(559232K)->0K(559232K) From: 37247K(69888K)->51176K(69888K)
[171.060s][info][gc,heap        ] GC(1745) Tenured: 1064705K(1398144K)->1068822K(1398144K)
[171.060s][info][gc,metaspace   ] GC(1745) Metaspace: 132487K(134208K)->132487K(134208K) NonClass: 115632K(116416K)->115632K(116416K) Class: 16855K(17792K)->16855K(17792K)
[171.060s][info][gc             ] GC(1745) Pause Young (Allocation Failure) 1622M->1093M(1979M) 7.216ms
[171.060s][info][gc,cpu         ] GC(1745) User=0.00s Sys=0.00s Real=0.00s
[171.151s][info][gc,start       ] GC(1746) Pause Young (Allocation Failure)
[171.159s][info][gc,heap        ] GC(1746) DefNew: 610408K(629120K)->39686K(629120K) Eden: 559232K(559232K)->0K(559232K) From: 51176K(69888K)->39686K(69888K)
[171.159s][info][gc,heap        ] GC(1746) Tenured: 1068822K(1398144K)->1089306K(1398144K)
[171.159s][info][gc,metaspace   ] GC(1746) Metaspace: 132487K(134208K)->132487K(134208K) NonClass: 115632K(116416K)->115632K(116416K) Class: 16855K(17792K)->16855K(17792K)
[171.159s][info][gc             ] GC(1746) Pause Young (Allocation Failure) 1639M->1102M(1979M) 8.160ms
[171.159s][info][gc,cpu         ] GC(1746) User=0.02s Sys=0.00s Real=0.02s
[171.247s][info][gc,start       ] GC(1747) Pause Young (Allocation Failure)
[171.254s][info][gc,heap        ] GC(1747) DefNew: 598918K(629120K)->42864K(629120K) Eden: 559232K(559232K)->0K(559232K) From: 39686K(69888K)->42864K(69888K)
[171.254s][info][gc,heap        ] GC(1747) Tenured: 1089306K(1398144K)->1097762K(1398144K)
[171.254s][info][gc,metaspace   ] GC(1747) Metaspace: 132487K(134208K)->132487K(134208K) NonClass: 115632K(116416K)->115632K(116416K) Class: 16855K(17792K)->16855K(17792K)
[171.254s][info][gc             ] GC(1747) Pause Young (Allocation Failure) 1648M->1113M(1979M) 7.025ms
[171.254s][info][gc,cpu         ] GC(1747) User=0.02s Sys=0.00s Real=0.01s
[171.342s][info][gc,start       ] GC(1748) Pause Young (Allocation Failure)
[171.350s][info][gc,heap        ] GC(1748) DefNew: 602096K(629120K)->46444K(629120K) Eden: 559232K(559232K)->0K(559232K) From: 42864K(69888K)->46444K(69888K)
[171.350s][info][gc,heap        ] GC(1748) Tenured: 1097762K(1398144K)->1110259K(1398144K)
[171.350s][info][gc,metaspace   ] GC(1748) Metaspace: 132487K(134208K)->132487K(134208K) NonClass: 115632K(116416K)->115632K(116416K) Class: 16855K(17792K)->16855K(17792K)
[171.350s][info][gc             ] GC(1748) Pause Young (Allocation Failure) 1660M->1129M(1979M) 7.693ms
[171.350s][info][gc,cpu         ] GC(1748) User=0.00s Sys=0.00s Real=0.02s
[171.440s][info][gc,start       ] GC(1749) Pause Young (Allocation Failure)
[171.447s][info][gc,heap        ] GC(1749) DefNew: 605676K(629120K)->45844K(629120K) Eden: 559232K(559232K)->0K(559232K) From: 46444K(69888K)->45844K(69888K)
[171.447s][info][gc,heap        ] GC(1749) Tenured: 1110259K(1398144K)->1122552K(1398144K)
[171.447s][info][gc,metaspace   ] GC(1749) Metaspace: 132487K(134208K)->132487K(134208K) NonClass: 115632K(116416K)->115632K(116416K) Class: 16855K(17792K)->16855K(17792K)
[171.447s][info][gc             ] GC(1749) Pause Young (Allocation Failure) 1675M->1141M(1979M) 7.220ms
[171.447s][info][gc,cpu         ] GC(1749) User=0.00s Sys=0.00s Real=0.00s
[171.535s][info][gc,start       ] GC(1750) Pause Young (Allocation Failure)
[171.543s][info][gc,heap        ] GC(1750) DefNew: 605076K(629120K)->48947K(629120K) Eden: 559232K(559232K)->0K(559232K) From: 45844K(69888K)->48947K(69888K)
[171.543s][info][gc,heap        ] GC(1750) Tenured: 1122552K(1398144K)->1134862K(1398144K)
[171.543s][info][gc,metaspace   ] GC(1750) Metaspace: 132487K(134208K)->132487K(134208K) NonClass: 115632K(116416K)->115632K(116416K) Class: 16855K(17792K)->16855K(17792K)
[171.543s][info][gc             ] GC(1750) Pause Young (Allocation Failure) 1687M->1156M(1979M) 7.446ms
[171.543s][info][gc,cpu         ] GC(1750) User=0.00s Sys=0.00s Real=0.00s
[171.633s][info][gc,start       ] GC(1751) Pause Young (Allocation Failure)
[171.640s][info][gc,heap        ] GC(1751) DefNew: 608179K(629120K)->27853K(629120K) Eden: 559232K(559232K)->0K(559232K) From: 48947K(69888K)->27853K(69888K)
[171.640s][info][gc,heap        ] GC(1751) Tenured: 1134862K(1398144K)->1163523K(1398144K)
[171.640s][info][gc,metaspace   ] GC(1751) Metaspace: 132488K(134208K)->132488K(134208K) NonClass: 115633K(116416K)->115633K(116416K) Class: 16855K(17792K)->16855K(17792K)
[171.640s][info][gc             ] GC(1751) Pause Young (Allocation Failure) 1702M->1163M(1979M) 7.401ms
[171.640s][info][gc,cpu         ] GC(1751) User=0.00s Sys=0.00s Real=0.00s
[171.723s][info][gc,start       ] GC(1752) Pause Young (Allocation Failure)
[171.728s][info][gc,heap        ] GC(1752) DefNew: 587085K(629120K)->35034K(629120K) Eden: 559232K(559232K)->0K(559232K) From: 27853K(69888K)->35034K(69888K)
[171.728s][info][gc,heap        ] GC(1752) Tenured: 1163523K(1398144K)->1163523K(1398144K)
[171.728s][info][gc,metaspace   ] GC(1752) Metaspace: 132488K(134208K)->132488K(134208K) NonClass: 115633K(116416K)->115633K(116416K) Class: 16855K(17792K)->16855K(17792K)
[171.728s][info][gc             ] GC(1752) Pause Young (Allocation Failure) 1709M->1170M(1979M) 5.292ms
[171.728s][info][gc,cpu         ] GC(1752) User=0.00s Sys=0.00s Real=0.00s
[171.815s][info][gc,start       ] GC(1753) Pause Young (Allocation Failure)
[171.821s][info][gc,heap        ] GC(1753) DefNew: 594266K(629120K)->32829K(629120K) Eden: 559232K(559232K)->0K(559232K) From: 35034K(69888K)->32829K(69888K)
[171.821s][info][gc,heap        ] GC(1753) Tenured: 1163523K(1398144K)->1175816K(1398144K)
[171.821s][info][gc,metaspace   ] GC(1753) Metaspace: 132488K(134208K)->132488K(134208K) NonClass: 115633K(116416K)->115633K(116416K) Class: 16855K(17792K)->16855K(17792K)
[171.821s][info][gc             ] GC(1753) Pause Young (Allocation Failure) 1716M->1180M(1979M) 6.366ms
[171.822s][info][gc,cpu         ] GC(1753) User=0.02s Sys=0.00s Real=0.00s
[171.909s][info][gc,start       ] GC(1754) Pause Young (Allocation Failure)
[171.915s][info][gc,heap        ] GC(1754) DefNew: 592061K(629120K)->41011K(629120K) Eden: 559232K(559232K)->0K(559232K) From: 32829K(69888K)->41011K(69888K)
[171.915s][info][gc,heap        ] GC(1754) Tenured: 1175816K(1398144K)->1175816K(1398144K)
[171.915s][info][gc,metaspace   ] GC(1754) Metaspace: 132488K(134208K)->132488K(134208K) NonClass: 115633K(116416K)->115633K(116416K) Class: 16855K(17792K)->16855K(17792K)
[171.915s][info][gc             ] GC(1754) Pause Young (Allocation Failure) 1726M->1188M(1979M) 5.912ms
[171.915s][info][gc,cpu         ] GC(1754) User=0.00s Sys=0.00s Real=0.00s
[172.004s][info][gc,start       ] GC(1755) Pause Young (Allocation Failure)
[172.010s][info][gc,heap        ] GC(1755) DefNew: 600243K(629120K)->35035K(629120K) Eden: 559232K(559232K)->0K(559232K) From: 41011K(69888K)->35035K(69888K)
[172.010s][info][gc,heap        ] GC(1755) Tenured: 1175816K(1398144K)->1188155K(1398144K)
[172.010s][info][gc,metaspace   ] GC(1755) Metaspace: 132488K(134208K)->132488K(134208K) NonClass: 115633K(116416K)->115633K(116416K) Class: 16855K(17792K)->16855K(17792K)
[172.010s][info][gc             ] GC(1755) Pause Young (Allocation Failure) 1734M->1194M(1979M) 6.148ms
[172.010s][info][gc,cpu         ] GC(1755) User=0.00s Sys=0.00s Real=0.00s
[172.098s][info][gc,start       ] GC(1756) Pause Young (Allocation Failure)
[172.103s][info][gc,heap        ] GC(1756) DefNew: 594267K(629120K)->37632K(629120K) Eden: 559232K(559232K)->0K(559232K) From: 35035K(69888K)->37632K(69888K)
[172.103s][info][gc,heap        ] GC(1756) Tenured: 1188155K(1398144K)->1192271K(1398144K)
[172.103s][info][gc,metaspace   ] GC(1756) Metaspace: 132488K(134208K)->132488K(134208K) NonClass: 115633K(116416K)->115633K(116416K) Class: 16855K(17792K)->16855K(17792K)
[172.103s][info][gc             ] GC(1756) Pause Young (Allocation Failure) 1740M->1201M(1979M) 5.801ms
[172.103s][info][gc,cpu         ] GC(1756) User=0.00s Sys=0.00s Real=0.01s
[172.194s][info][gc,start       ] GC(1757) Pause Young (Allocation Failure)
[172.200s][info][gc,heap        ] GC(1757) DefNew: 596864K(629120K)->41369K(629120K) Eden: 559232K(559232K)->0K(559232K) From: 37632K(69888K)->41369K(69888K)
[172.200s][info][gc,heap        ] GC(1757) Tenured: 1192271K(1398144K)->1200448K(1398144K)
[172.200s][info][gc,metaspace   ] GC(1757) Metaspace: 132488K(134208K)->132488K(134208K) NonClass: 115633K(116416K)->115633K(116416K) Class: 16855K(17792K)->16855K(17792K)
[172.200s][info][gc             ] GC(1757) Pause Young (Allocation Failure) 1747M->1212M(1979M) 6.595ms
[172.200s][info][gc,cpu         ] GC(1757) User=0.00s Sys=0.00s Real=0.00s
[172.288s][info][gc,start       ] GC(1758) Pause Young (Allocation Failure)
[172.293s][info][gc,heap        ] GC(1758) DefNew: 600601K(629120K)->33561K(629120K) Eden: 559232K(559232K)->0K(559232K) From: 41369K(69888K)->33561K(69888K)
[172.293s][info][gc,heap        ] GC(1758) Tenured: 1200448K(1398144K)->1208642K(1398144K)
[172.293s][info][gc,metaspace   ] GC(1758) Metaspace: 132488K(134208K)->132488K(134208K) NonClass: 115633K(116416K)->115633K(116416K) Class: 16855K(17792K)->16855K(17792K)
[172.293s][info][gc             ] GC(1758) Pause Young (Allocation Failure) 1758M->1213M(1979M) 5.603ms
[172.293s][info][gc,cpu         ] GC(1758) User=0.00s Sys=0.00s Real=0.00s
[172.385s][info][gc,start       ] GC(1759) Pause Young (Allocation Failure)
[172.391s][info][gc,heap        ] GC(1759) DefNew: 592793K(629120K)->40134K(629120K) Eden: 559232K(559232K)->0K(559232K) From: 33561K(69888K)->40134K(69888K)
[172.391s][info][gc,heap        ] GC(1759) Tenured: 1208642K(1398144K)->1208642K(1398144K)
[172.391s][info][gc,metaspace   ] GC(1759) Metaspace: 132489K(134208K)->132489K(134208K) NonClass: 115633K(116416K)->115633K(116416K) Class: 16855K(17792K)->16855K(17792K)
[172.391s][info][gc             ] GC(1759) Pause Young (Allocation Failure) 1759M->1219M(1979M) 6.540ms
[172.391s][info][gc,cpu         ] GC(1759) User=0.00s Sys=0.00s Real=0.00s
[172.476s][info][gc,start       ] GC(1760) Pause Young (Allocation Failure)
[172.481s][info][gc,heap        ] GC(1760) DefNew: 599366K(629120K)->24640K(629120K) Eden: 559232K(559232K)->0K(559232K) From: 40134K(69888K)->24640K(69888K)
[172.481s][info][gc,heap        ] GC(1760) Tenured: 1208642K(1398144K)->1220933K(1398144K)
[172.481s][info][gc,metaspace   ] GC(1760) Metaspace: 132489K(134208K)->132489K(134208K) NonClass: 115633K(116416K)->115633K(116416K) Class: 16855K(17792K)->16855K(17792K)
[172.481s][info][gc             ] GC(1760) Pause Young (Allocation Failure) 1765M->1216M(1979M) 5.085ms
[172.481s][info][gc,cpu         ] GC(1760) User=0.00s Sys=0.00s Real=0.00s
[172.562s][info][gc,start       ] GC(1761) Pause Young (Allocation Failure)
[172.567s][info][gc,heap        ] GC(1761) DefNew: 583872K(629120K)->26278K(629120K) Eden: 559232K(559232K)->0K(559232K) From: 24640K(69888K)->26278K(69888K)
[172.567s][info][gc,heap        ] GC(1761) Tenured: 1220933K(1398144K)->1220933K(1398144K)
[172.567s][info][gc,metaspace   ] GC(1761) Metaspace: 132489K(134208K)->132489K(134208K) NonClass: 115633K(116416K)->115633K(116416K) Class: 16855K(17792K)->16855K(17792K)
[172.567s][info][gc             ] GC(1761) Pause Young (Allocation Failure) 1762M->1217M(1979M) 4.328ms
[172.567s][info][gc,cpu         ] GC(1761) User=0.00s Sys=0.00s Real=0.00s
[172.649s][info][gc,start       ] GC(1762) Pause Young (Allocation Failure)
[172.654s][info][gc,heap        ] GC(1762) DefNew: 585510K(629120K)->27855K(629120K) Eden: 559232K(559232K)->0K(559232K) From: 26278K(69888K)->27855K(69888K)
[172.654s][info][gc,heap        ] GC(1762) Tenured: 1220933K(1398144K)->1220933K(1398144K)
[172.654s][info][gc,metaspace   ] GC(1762) Metaspace: 132489K(134208K)->132489K(134208K) NonClass: 115633K(116416K)->115633K(116416K) Class: 16855K(17792K)->16855K(17792K)
[172.654s][info][gc             ] GC(1762) Pause Young (Allocation Failure) 1764M->1219M(1979M) 4.306ms
[172.654s][info][gc,cpu         ] GC(1762) User=0.00s Sys=0.00s Real=0.00s
[172.739s][info][gc,start       ] GC(1763) Pause Young (Allocation Failure)
[172.744s][info][gc,heap        ] GC(1763) DefNew: 587087K(629120K)->28735K(629120K) Eden: 559232K(559232K)->0K(559232K) From: 27855K(69888K)->28735K(69888K)
[172.744s][info][gc,heap        ] GC(1763) Tenured: 1220933K(1398144K)->1220933K(1398144K)
[172.744s][info][gc,metaspace   ] GC(1763) Metaspace: 132489K(134208K)->132489K(134208K) NonClass: 115633K(116416K)->115633K(116416K) Class: 16855K(17792K)->16855K(17792K)
[172.744s][info][gc             ] GC(1763) Pause Young (Allocation Failure) 1765M->1220M(1979M) 4.668ms
[172.744s][info][gc,cpu         ] GC(1763) User=0.02s Sys=0.00s Real=0.02s
[172.830s][info][gc,start       ] GC(1764) Pause Young (Allocation Failure)
[172.835s][info][gc,heap        ] GC(1764) DefNew: 587967K(629120K)->33592K(629120K) Eden: 559232K(559232K)->0K(559232K) From: 28735K(69888K)->33592K(69888K)
[172.835s][info][gc,heap        ] GC(1764) Tenured: 1220933K(1398144K)->1220933K(1398144K)
[172.835s][info][gc,metaspace   ] GC(1764) Metaspace: 132489K(134208K)->132489K(134208K) NonClass: 115633K(116416K)->115633K(116416K) Class: 16855K(17792K)->16855K(17792K)
[172.835s][info][gc             ] GC(1764) Pause Young (Allocation Failure) 1766M->1225M(1979M) 5.242ms
[172.835s][info][gc,cpu         ] GC(1764) User=0.00s Sys=0.00s Real=0.00s
[172.923s][info][gc,start       ] GC(1765) Pause Young (Allocation Failure)
[172.928s][info][gc,heap        ] GC(1765) DefNew: 592824K(629120K)->41407K(629120K) Eden: 559232K(559232K)->0K(559232K) From: 33592K(69888K)->41407K(69888K)
[172.928s][info][gc,heap        ] GC(1765) Tenured: 1220933K(1398144K)->1220933K(1398144K)
[172.928s][info][gc,metaspace   ] GC(1765) Metaspace: 132489K(134208K)->132489K(134208K) NonClass: 115633K(116416K)->115633K(116416K) Class: 16855K(17792K)->16855K(17792K)
[172.929s][info][gc             ] GC(1765) Pause Young (Allocation Failure) 1771M->1232M(1979M) 5.821ms
[172.929s][info][gc,cpu         ] GC(1765) User=0.00s Sys=0.00s Real=0.00s
[173.015s][info][gc,start       ] GC(1766) Pause Young (Allocation Failure)
[173.020s][info][gc,heap        ] GC(1766) DefNew: 600639K(629120K)->17790K(629120K) Eden: 559232K(559232K)->0K(559232K) From: 41407K(69888K)->17790K(69888K)
[173.020s][info][gc,heap        ] GC(1766) Tenured: 1220933K(1398144K)->1233224K(1398144K)
[173.020s][info][gc,metaspace   ] GC(1766) Metaspace: 132489K(134208K)->132489K(134208K) NonClass: 115633K(116416K)->115633K(116416K) Class: 16855K(17792K)->16855K(17792K)
[173.020s][info][gc             ] GC(1766) Pause Young (Allocation Failure) 1778M->1221M(1979M) 4.739ms
[173.020s][info][gc,cpu         ] GC(1766) User=0.00s Sys=0.00s Real=0.00s
[173.107s][info][gc,start       ] GC(1767) Pause Young (Allocation Failure)
[173.111s][info][gc,heap        ] GC(1767) DefNew: 577022K(629120K)->22876K(629120K) Eden: 559232K(559232K)->0K(559232K) From: 17790K(69888K)->22876K(69888K)
[173.111s][info][gc,heap        ] GC(1767) Tenured: 1233224K(1398144K)->1233224K(1398144K)
[173.111s][info][gc,metaspace   ] GC(1767) Metaspace: 132489K(134208K)->132489K(134208K) NonClass: 115633K(116416K)->115633K(116416K) Class: 16855K(17792K)->16855K(17792K)
[173.111s][info][gc             ] GC(1767) Pause Young (Allocation Failure) 1767M->1226M(1979M) 3.981ms
[173.111s][info][gc,cpu         ] GC(1767) User=0.00s Sys=0.00s Real=0.00s
[173.201s][info][gc,start       ] GC(1768) Pause Young (Allocation Failure)
[173.204s][info][gc,heap        ] GC(1768) DefNew: 579092K(629120K)->20563K(629120K) Eden: 556216K(559232K)->0K(559232K) From: 22876K(69888K)->20563K(69888K)
[173.205s][info][gc,heap        ] GC(1768) Tenured: 1233224K(1398144K)->1233224K(1398144K)
[173.205s][info][gc,metaspace   ] GC(1768) Metaspace: 132489K(134208K)->132489K(134208K) NonClass: 115633K(116416K)->115633K(116416K) Class: 16855K(17792K)->16855K(17792K)
[173.205s][info][gc             ] GC(1768) Pause Young (Allocation Failure) 1769M->1224M(1979M) 3.798ms
[173.205s][info][gc,cpu         ] GC(1768) User=0.00s Sys=0.00s Real=0.00s
[173.290s][info][gc,start       ] GC(1769) Pause Young (Allocation Failure)
[173.294s][info][gc,heap        ] GC(1769) DefNew: 579795K(629120K)->19747K(629120K) Eden: 559232K(559232K)->0K(559232K) From: 20563K(69888K)->19747K(69888K)
[173.294s][info][gc,heap        ] GC(1769) Tenured: 1233224K(1398144K)->1233224K(1398144K)
[173.294s][info][gc,metaspace   ] GC(1769) Metaspace: 132489K(134208K)->132489K(134208K) NonClass: 115633K(116416K)->115633K(116416K) Class: 16855K(17792K)->16855K(17792K)
[173.294s][info][gc             ] GC(1769) Pause Young (Allocation Failure) 1770M->1223M(1979M) 3.927ms
[173.294s][info][gc,cpu         ] GC(1769) User=0.00s Sys=0.00s Real=0.02s
[173.382s][info][gc,start       ] GC(1770) Pause Young (Allocation Failure)
[173.387s][info][gc,heap        ] GC(1770) DefNew: 578979K(629120K)->25985K(629120K) Eden: 559232K(559232K)->0K(559232K) From: 19747K(69888K)->25985K(69888K)
[173.387s][info][gc,heap        ] GC(1770) Tenured: 1233224K(1398144K)->1233224K(1398144K)
[173.387s][info][gc,metaspace   ] GC(1770) Metaspace: 132489K(134208K)->132489K(134208K) NonClass: 115633K(116416K)->115633K(116416K) Class: 16855K(17792K)->16855K(17792K)
[173.387s][info][gc             ] GC(1770) Pause Young (Allocation Failure) 1769M->1229M(1979M) 4.573ms
[173.387s][info][gc,cpu         ] GC(1770) User=0.00s Sys=0.00s Real=0.02s
[173.473s][info][gc,start       ] GC(1771) Pause Young (Allocation Failure)
[173.477s][info][gc,heap        ] GC(1771) DefNew: 585217K(629120K)->17307K(629120K) Eden: 559232K(559232K)->0K(559232K) From: 25985K(69888K)->17307K(69888K)
[173.477s][info][gc,heap        ] GC(1771) Tenured: 1233224K(1398144K)->1233224K(1398144K)
[173.477s][info][gc,metaspace   ] GC(1771) Metaspace: 132489K(134208K)->132489K(134208K) NonClass: 115633K(116416K)->115633K(116416K) Class: 16855K(17792K)->16855K(17792K)
[173.477s][info][gc             ] GC(1771) Pause Young (Allocation Failure) 1775M->1221M(1979M) 3.473ms
[173.477s][info][gc,cpu         ] GC(1771) User=0.00s Sys=0.00s Real=0.00s
[173.563s][info][gc,start       ] GC(1772) Pause Young (Allocation Failure)
[173.568s][info][gc,heap        ] GC(1772) DefNew: 576539K(629120K)->22863K(629120K) Eden: 559232K(559232K)->0K(559232K) From: 17307K(69888K)->22863K(69888K)
[173.568s][info][gc,heap        ] GC(1772) Tenured: 1233224K(1398144K)->1233224K(1398144K)
[173.568s][info][gc,metaspace   ] GC(1772) Metaspace: 132489K(134208K)->132489K(134208K) NonClass: 115633K(116416K)->115633K(116416K) Class: 16855K(17792K)->16855K(17792K)
[173.568s][info][gc             ] GC(1772) Pause Young (Allocation Failure) 1767M->1226M(1979M) 4.253ms
[173.568s][info][gc,cpu         ] GC(1772) User=0.00s Sys=0.00s Real=0.00s
[173.655s][info][gc,start       ] GC(1773) Pause Young (Allocation Failure)
[173.659s][info][gc,heap        ] GC(1773) DefNew: 582095K(629120K)->22785K(629120K) Eden: 559232K(559232K)->0K(559232K) From: 22863K(69888K)->22785K(69888K)
[173.659s][info][gc,heap        ] GC(1773) Tenured: 1233224K(1398144K)->1233224K(1398144K)
[173.659s][info][gc,metaspace   ] GC(1773) Metaspace: 132489K(134208K)->132489K(134208K) NonClass: 115633K(116416K)->115633K(116416K) Class: 16855K(17792K)->16855K(17792K)
[173.659s][info][gc             ] GC(1773) Pause Young (Allocation Failure) 1772M->1226M(1979M) 3.996ms
[173.659s][info][gc,cpu         ] GC(1773) User=0.00s Sys=0.00s Real=0.00s
[173.745s][info][gc,start       ] GC(1774) Pause Young (Allocation Failure)
[173.749s][info][gc,heap        ] GC(1774) DefNew: 582017K(629120K)->10725K(629120K) Eden: 559232K(559232K)->0K(559232K) From: 22785K(69888K)->10725K(69888K)
[173.749s][info][gc,heap        ] GC(1774) Tenured: 1233224K(1398144K)->1241460K(1398144K)
[173.749s][info][gc,metaspace   ] GC(1774) Metaspace: 132489K(134208K)->132489K(134208K) NonClass: 115633K(116416K)->115633K(116416K) Class: 16855K(17792K)->16855K(17792K)
[173.749s][info][gc             ] GC(1774) Pause Young (Allocation Failure) 1772M->1222M(1979M) 4.102ms
[173.749s][info][gc,cpu         ] GC(1774) User=0.02s Sys=0.00s Real=0.01s
[173.836s][info][gc,start       ] GC(1775) Pause Young (Allocation Failure)
[173.839s][info][gc,heap        ] GC(1775) DefNew: 569957K(629120K)->17757K(629120K) Eden: 559232K(559232K)->0K(559232K) From: 10725K(69888K)->17757K(69888K)
[173.839s][info][gc,heap        ] GC(1775) Tenured: 1241460K(1398144K)->1241460K(1398144K)
[173.839s][info][gc,metaspace   ] GC(1775) Metaspace: 132489K(134208K)->132489K(134208K) NonClass: 115633K(116416K)->115633K(116416K) Class: 16855K(17792K)->16855K(17792K)
[173.839s][info][gc             ] GC(1775) Pause Young (Allocation Failure) 1768M->1229M(1979M) 3.533ms
[173.840s][info][gc,cpu         ] GC(1775) User=0.00s Sys=0.00s Real=0.00s
[173.926s][info][gc,start       ] GC(1776) Pause Young (Allocation Failure)
[173.928s][info][gc,heap        ] GC(1776) DefNew: 576989K(629120K)->8678K(629120K) Eden: 559232K(559232K)->0K(559232K) From: 17757K(69888K)->8678K(69888K)
[173.928s][info][gc,heap        ] GC(1776) Tenured: 1241460K(1398144K)->1241460K(1398144K)
[173.928s][info][gc,metaspace   ] GC(1776) Metaspace: 132489K(134208K)->132489K(134208K) NonClass: 115633K(116416K)->115633K(116416K) Class: 16855K(17792K)->16855K(17792K)
[173.929s][info][gc             ] GC(1776) Pause Young (Allocation Failure) 1775M->1220M(1979M) 2.651ms
[173.929s][info][gc,cpu         ] GC(1776) User=0.00s Sys=0.00s Real=0.00s
[174.035s][info][gc,start       ] GC(1777) Pause Young (Allocation Failure)
[174.039s][info][gc,heap        ] GC(1777) DefNew: 567910K(629120K)->14191K(629120K) Eden: 559232K(559232K)->0K(559232K) From: 8678K(69888K)->14191K(69888K)
[174.039s][info][gc,heap        ] GC(1777) Tenured: 1241460K(1398144K)->1241460K(1398144K)
[174.039s][info][gc,metaspace   ] GC(1777) Metaspace: 132489K(134208K)->132489K(134208K) NonClass: 115633K(116416K)->115633K(116416K) Class: 16855K(17792K)->16855K(17792K)
[174.039s][info][gc             ] GC(1777) Pause Young (Allocation Failure) 1766M->1226M(1979M) 3.300ms
[174.039s][info][gc,cpu         ] GC(1777) User=0.00s Sys=0.00s Real=0.00s
[174.191s][info][gc,start       ] GC(1778) Pause Full (System.gc())
[174.191s][info][gc,phases,start] GC(1778) Phase 1: Mark live objects
[174.249s][info][gc,phases      ] GC(1778) Phase 1: Mark live objects 58.806ms
[174.249s][info][gc,phases,start] GC(1778) Phase 2: Compute new object addresses
[174.293s][info][gc,phases      ] GC(1778) Phase 2: Compute new object addresses 43.054ms
[174.293s][info][gc,phases,start] GC(1778) Phase 3: Adjust pointers
[174.325s][info][gc,phases      ] GC(1778) Phase 3: Adjust pointers 32.357ms
[174.325s][info][gc,phases,start] GC(1778) Phase 4: Move objects
[174.325s][info][gc,phases      ] GC(1778) Phase 4: Move objects 0.044ms
[174.326s][info][gc,heap        ] GC(1778) DefNew: 254304K(629120K)->0K(629120K) Eden: 240112K(559232K)->0K(559232K) From: 14191K(69888K)->0K(69888K)
[174.326s][info][gc,heap        ] GC(1778) Tenured: 1241460K(1398144K)->1040049K(1398144K)
[174.326s][info][gc,metaspace   ] GC(1778) Metaspace: 132500K(134208K)->132500K(134208K) NonClass: 115644K(116416K)->115644K(116416K) Class: 16855K(17792K)->16855K(17792K)
[174.326s][info][gc             ] GC(1778) Pause Full (System.gc()) 1460M->1015M(1979M) 135.095ms
[174.326s][info][gc,cpu         ] GC(1778) User=0.11s Sys=0.00s Real=0.12s
[174.448s][info][gc,start       ] GC(1779) Pause Young (Allocation Failure)
[174.453s][info][gc,heap        ] GC(1779) DefNew: 559232K(629120K)->4967K(629120K) Eden: 559232K(559232K)->0K(559232K) From: 0K(69888K)->4967K(69888K)
[174.453s][info][gc,heap        ] GC(1779) Tenured: 1040049K(1398144K)->1040049K(1398144K)
[174.453s][info][gc,metaspace   ] GC(1779) Metaspace: 132525K(134272K)->132525K(134272K) NonClass: 115670K(116480K)->115670K(116480K) Class: 16855K(17792K)->16855K(17792K)
[174.453s][info][gc             ] GC(1779) Pause Young (Allocation Failure) 1561M->1020M(1979M) 4.747ms
[174.453s][info][gc,cpu         ] GC(1779) User=0.00s Sys=0.00s Real=0.00s
[174.509s][info][gc,start       ] GC(1780) Pause Young (Allocation Failure)
[174.513s][info][gc,heap        ] GC(1780) DefNew: 564199K(629120K)->5859K(629120K) Eden: 559232K(559232K)->0K(559232K) From: 4967K(69888K)->5859K(69888K)
[174.513s][info][gc,heap        ] GC(1780) Tenured: 1040049K(1398144K)->1040049K(1398144K)
[174.513s][info][gc,metaspace   ] GC(1780) Metaspace: 132525K(134272K)->132525K(134272K) NonClass: 115670K(116480K)->115670K(116480K) Class: 16855K(17792K)->16855K(17792K)
[174.513s][info][gc             ] GC(1780) Pause Young (Allocation Failure) 1566M->1021M(1979M) 3.592ms
[174.513s][info][gc,cpu         ] GC(1780) User=0.00s Sys=0.00s Real=0.00s
[174.567s][info][gc,start       ] GC(1781) Pause Young (Allocation Failure)
[174.571s][info][gc,heap        ] GC(1781) DefNew: 565091K(629120K)->9059K(629120K) Eden: 559232K(559232K)->0K(559232K) From: 5859K(69888K)->9059K(69888K)
[174.571s][info][gc,heap        ] GC(1781) Tenured: 1040049K(1398144K)->1040049K(1398144K)
[174.571s][info][gc,metaspace   ] GC(1781) Metaspace: 132525K(134272K)->132525K(134272K) NonClass: 115670K(116480K)->115670K(116480K) Class: 16855K(17792K)->16855K(17792K)
[174.571s][info][gc             ] GC(1781) Pause Young (Allocation Failure) 1567M->1024M(1979M) 4.086ms
[174.571s][info][gc,cpu         ] GC(1781) User=0.00s Sys=0.00s Real=0.00s
[174.626s][info][gc,start       ] GC(1782) Pause Young (Allocation Failure)
[174.631s][info][gc,heap        ] GC(1782) DefNew: 568291K(629120K)->10221K(629120K) Eden: 559232K(559232K)->0K(559232K) From: 9059K(69888K)->10221K(69888K)
[174.631s][info][gc,heap        ] GC(1782) Tenured: 1040049K(1398144K)->1040049K(1398144K)
[174.631s][info][gc,metaspace   ] GC(1782) Metaspace: 132525K(134272K)->132525K(134272K) NonClass: 115670K(116480K)->115670K(116480K) Class: 16855K(17792K)->16855K(17792K)
[174.631s][info][gc             ] GC(1782) Pause Young (Allocation Failure) 1570M->1025M(1979M) 4.355ms
[174.631s][info][gc,cpu         ] GC(1782) User=0.00s Sys=0.00s Real=0.02s
[174.685s][info][gc,start       ] GC(1783) Pause Young (Allocation Failure)
[174.690s][info][gc,heap        ] GC(1783) DefNew: 569453K(629120K)->13267K(629120K) Eden: 559232K(559232K)->0K(559232K) From: 10221K(69888K)->13267K(69888K)
[174.690s][info][gc,heap        ] GC(1783) Tenured: 1040049K(1398144K)->1040049K(1398144K)
[174.690s][info][gc,metaspace   ] GC(1783) Metaspace: 132525K(134272K)->132525K(134272K) NonClass: 115670K(116480K)->115670K(116480K) Class: 16855K(17792K)->16855K(17792K)
[174.690s][info][gc             ] GC(1783) Pause Young (Allocation Failure) 1571M->1028M(1979M) 4.748ms
[174.690s][info][gc,cpu         ] GC(1783) User=0.00s Sys=0.00s Real=0.00s
[174.747s][info][gc,start       ] GC(1784) Pause Young (Allocation Failure)
[174.752s][info][gc,heap        ] GC(1784) DefNew: 572499K(629120K)->17524K(629120K) Eden: 559232K(559232K)->0K(559232K) From: 13267K(69888K)->17524K(69888K)
[174.752s][info][gc,heap        ] GC(1784) Tenured: 1040049K(1398144K)->1040049K(1398144K)
[174.752s][info][gc,metaspace   ] GC(1784) Metaspace: 132525K(134272K)->132525K(134272K) NonClass: 115670K(116480K)->115670K(116480K) Class: 16855K(17792K)->16855K(17792K)
[174.752s][info][gc             ] GC(1784) Pause Young (Allocation Failure) 1574M->1032M(1979M) 5.269ms
[174.752s][info][gc,cpu         ] GC(1784) User=0.00s Sys=0.00s Real=0.00s
[174.807s][info][gc,start       ] GC(1785) Pause Young (Allocation Failure)
[174.812s][info][gc,heap        ] GC(1785) DefNew: 576756K(629120K)->23782K(629120K) Eden: 559232K(559232K)->0K(559232K) From: 17524K(69888K)->23782K(69888K)
[174.812s][info][gc,heap        ] GC(1785) Tenured: 1040049K(1398144K)->1040049K(1398144K)
[174.812s][info][gc,metaspace   ] GC(1785) Metaspace: 132525K(134272K)->132525K(134272K) NonClass: 115670K(116480K)->115670K(116480K) Class: 16855K(17792K)->16855K(17792K)
[174.812s][info][gc             ] GC(1785) Pause Young (Allocation Failure) 1578M->1038M(1979M) 5.677ms
[174.812s][info][gc,cpu         ] GC(1785) User=0.00s Sys=0.00s Real=0.01s
[174.869s][info][gc,start       ] GC(1786) Pause Young (Allocation Failure)
[174.875s][info][gc,heap        ] GC(1786) DefNew: 583014K(629120K)->25737K(629120K) Eden: 559232K(559232K)->0K(559232K) From: 23782K(69888K)->25737K(69888K)
[174.875s][info][gc,heap        ] GC(1786) Tenured: 1040049K(1398144K)->1040049K(1398144K)
[174.875s][info][gc,metaspace   ] GC(1786) Metaspace: 132525K(134272K)->132525K(134272K) NonClass: 115670K(116480K)->115670K(116480K) Class: 16855K(17792K)->16855K(17792K)
[174.875s][info][gc             ] GC(1786) Pause Young (Allocation Failure) 1585M->1040M(1979M) 5.808ms
[174.875s][info][gc,cpu         ] GC(1786) User=0.00s Sys=0.00s Real=0.00s
[174.930s][info][gc,start       ] GC(1787) Pause Young (Allocation Failure)
[174.937s][info][gc,heap        ] GC(1787) DefNew: 584969K(629120K)->35095K(629120K) Eden: 559232K(559232K)->0K(559232K) From: 25737K(69888K)->35095K(69888K)
[174.937s][info][gc,heap        ] GC(1787) Tenured: 1040049K(1398144K)->1040049K(1398144K)
[174.937s][info][gc,metaspace   ] GC(1787) Metaspace: 132525K(134272K)->132525K(134272K) NonClass: 115670K(116480K)->115670K(116480K) Class: 16855K(17792K)->16855K(17792K)
[174.937s][info][gc             ] GC(1787) Pause Young (Allocation Failure) 1586M->1049M(1979M) 6.704ms
[174.937s][info][gc,cpu         ] GC(1787) User=0.00s Sys=0.00s Real=0.00s
[174.993s][info][gc,start       ] GC(1788) Pause Young (Allocation Failure)
[174.999s][info][gc,heap        ] GC(1788) DefNew: 594327K(629120K)->32314K(629120K) Eden: 559232K(559232K)->0K(559232K) From: 35095K(69888K)->32314K(69888K)
[174.999s][info][gc,heap        ] GC(1788) Tenured: 1040049K(1398144K)->1041662K(1398144K)
[174.999s][info][gc,metaspace   ] GC(1788) Metaspace: 132525K(134272K)->132525K(134272K) NonClass: 115670K(116480K)->115670K(116480K) Class: 16855K(17792K)->16855K(17792K)
[174.999s][info][gc             ] GC(1788) Pause Young (Allocation Failure) 1596M->1048M(1979M) 6.729ms
[174.999s][info][gc,cpu         ] GC(1788) User=0.00s Sys=0.00s Real=0.00s
[175.055s][info][gc,start       ] GC(1789) Pause Young (Allocation Failure)
[175.061s][info][gc,heap        ] GC(1789) DefNew: 591546K(629120K)->41690K(629120K) Eden: 559232K(559232K)->0K(559232K) From: 32314K(69888K)->41690K(69888K)
[175.061s][info][gc,heap        ] GC(1789) Tenured: 1041662K(1398144K)->1041662K(1398144K)
[175.061s][info][gc,metaspace   ] GC(1789) Metaspace: 132525K(134272K)->132525K(134272K) NonClass: 115670K(116480K)->115670K(116480K) Class: 16855K(17792K)->16855K(17792K)
[175.061s][info][gc             ] GC(1789) Pause Young (Allocation Failure) 1594M->1057M(1979M) 6.147ms
[175.061s][info][gc,cpu         ] GC(1789) User=0.00s Sys=0.00s Real=0.00s
[175.117s][info][gc,start       ] GC(1790) Pause Young (Allocation Failure)
[175.124s][info][gc,heap        ] GC(1790) DefNew: 600922K(629120K)->35419K(629120K) Eden: 559232K(559232K)->0K(559232K) From: 41690K(69888K)->35419K(69888K)
[175.124s][info][gc,heap        ] GC(1790) Tenured: 1041662K(1398144K)->1049855K(1398144K)
[175.124s][info][gc,metaspace   ] GC(1790) Metaspace: 132525K(134272K)->132525K(134272K) NonClass: 115670K(116480K)->115670K(116480K) Class: 16855K(17792K)->16855K(17792K)
[175.124s][info][gc             ] GC(1790) Pause Young (Allocation Failure) 1604M->1059M(1979M) 6.682ms
[175.124s][info][gc,cpu         ] GC(1790) User=0.00s Sys=0.00s Real=0.00s
[175.181s][info][gc,start       ] GC(1791) Pause Young (Allocation Failure)
[175.187s][info][gc,heap        ] GC(1791) DefNew: 594651K(629120K)->37288K(629120K) Eden: 559232K(559232K)->0K(559232K) From: 35419K(69888K)->37288K(69888K)
[175.187s][info][gc,heap        ] GC(1791) Tenured: 1049855K(1398144K)->1054259K(1398144K)
[175.187s][info][gc,metaspace   ] GC(1791) Metaspace: 132525K(134272K)->132525K(134272K) NonClass: 115670K(116480K)->115670K(116480K) Class: 16855K(17792K)->16855K(17792K)
[175.187s][info][gc             ] GC(1791) Pause Young (Allocation Failure) 1605M->1065M(1979M) 6.093ms
[175.187s][info][gc,cpu         ] GC(1791) User=0.00s Sys=0.00s Real=0.00s
[175.243s][info][gc,start       ] GC(1792) Pause Young (Allocation Failure)
[175.251s][info][gc,heap        ] GC(1792) DefNew: 596520K(629120K)->31033K(629120K) Eden: 559232K(559232K)->0K(559232K) From: 37288K(69888K)->31033K(69888K)
[175.251s][info][gc,heap        ] GC(1792) Tenured: 1054259K(1398144K)->1062456K(1398144K)
[175.251s][info][gc,metaspace   ] GC(1792) Metaspace: 132525K(134272K)->132525K(134272K) NonClass: 115670K(116480K)->115670K(116480K) Class: 16855K(17792K)->16855K(17792K)
[175.251s][info][gc             ] GC(1792) Pause Young (Allocation Failure) 1612M->1067M(1979M) 7.878ms
[175.251s][info][gc,cpu         ] GC(1792) User=0.00s Sys=0.00s Real=0.00s
[175.307s][info][gc,start       ] GC(1793) Pause Young (Allocation Failure)
[175.312s][info][gc,heap        ] GC(1793) DefNew: 590265K(629120K)->35074K(629120K) Eden: 559232K(559232K)->0K(559232K) From: 31033K(69888K)->35074K(69888K)
[175.312s][info][gc,heap        ] GC(1793) Tenured: 1062456K(1398144K)->1062456K(1398144K)
[175.312s][info][gc,metaspace   ] GC(1793) Metaspace: 132525K(134272K)->132525K(134272K) NonClass: 115670K(116480K)->115670K(116480K) Class: 16855K(17792K)->16855K(17792K)
[175.312s][info][gc             ] GC(1793) Pause Young (Allocation Failure) 1613M->1071M(1979M) 5.280ms
[175.312s][info][gc,cpu         ] GC(1793) User=0.02s Sys=0.00s Real=0.01s
[175.368s][info][gc,start       ] GC(1794) Pause Young (Allocation Failure)
[175.374s][info][gc,heap        ] GC(1794) DefNew: 594306K(629120K)->31047K(629120K) Eden: 559232K(559232K)->0K(559232K) From: 35074K(69888K)->31047K(69888K)
[175.374s][info][gc,heap        ] GC(1794) Tenured: 1062456K(1398144K)->1070649K(1398144K)
[175.374s][info][gc,metaspace   ] GC(1794) Metaspace: 132525K(134272K)->132525K(134272K) NonClass: 115670K(116480K)->115670K(116480K) Class: 16855K(17792K)->16855K(17792K)
[175.374s][info][gc             ] GC(1794) Pause Young (Allocation Failure) 1617M->1075M(1979M) 5.650ms
[175.374s][info][gc,cpu         ] GC(1794) User=0.00s Sys=0.00s Real=0.00s
[175.440s][info][gc,start       ] GC(1795) Pause Young (Allocation Failure)
[175.446s][info][gc,heap        ] GC(1795) DefNew: 590279K(629120K)->36549K(629120K) Eden: 559232K(559232K)->0K(559232K) From: 31047K(69888K)->36549K(69888K)
[175.446s][info][gc,heap        ] GC(1795) Tenured: 1070649K(1398144K)->1070649K(1398144K)
[175.446s][info][gc,metaspace   ] GC(1795) Metaspace: 132525K(134272K)->132525K(134272K) NonClass: 115670K(116480K)->115670K(116480K) Class: 16855K(17792K)->16855K(17792K)
[175.446s][info][gc             ] GC(1795) Pause Young (Allocation Failure) 1622M->1081M(1979M) 5.880ms
[175.446s][info][gc,cpu         ] GC(1795) User=0.00s Sys=0.00s Real=0.02s
[175.534s][info][gc,start       ] GC(1796) Pause Young (Allocation Failure)
[175.541s][info][gc,heap        ] GC(1796) DefNew: 595781K(629120K)->43713K(629120K) Eden: 559232K(559232K)->0K(559232K) From: 36549K(69888K)->43713K(69888K)
[175.541s][info][gc,heap        ] GC(1796) Tenured: 1070649K(1398144K)->1078844K(1398144K)
[175.541s][info][gc,metaspace   ] GC(1796) Metaspace: 132525K(134272K)->132525K(134272K) NonClass: 115670K(116480K)->115670K(116480K) Class: 16855K(17792K)->16855K(17792K)
[175.541s][info][gc             ] GC(1796) Pause Young (Allocation Failure) 1627M->1096M(1979M) 7.363ms
[175.541s][info][gc,cpu         ] GC(1796) User=0.02s Sys=0.00s Real=0.01s
[175.629s][info][gc,start       ] GC(1797) Pause Young (Allocation Failure)
[175.637s][info][gc,heap        ] GC(1797) DefNew: 602945K(629120K)->39684K(629120K) Eden: 559232K(559232K)->0K(559232K) From: 43713K(69888K)->39684K(69888K)
[175.637s][info][gc,heap        ] GC(1797) Tenured: 1078844K(1398144K)->1095234K(1398144K)
[175.637s][info][gc,metaspace   ] GC(1797) Metaspace: 132525K(134272K)->132525K(134272K) NonClass: 115670K(116480K)->115670K(116480K) Class: 16855K(17792K)->16855K(17792K)
[175.637s][info][gc             ] GC(1797) Pause Young (Allocation Failure) 1642M->1108M(1979M) 7.431ms
[175.637s][info][gc,cpu         ] GC(1797) User=0.00s Sys=0.00s Real=0.02s
[175.725s][info][gc,start       ] GC(1798) Pause Young (Allocation Failure)
[175.732s][info][gc,heap        ] GC(1798) DefNew: 598916K(629120K)->43513K(629120K) Eden: 559232K(559232K)->0K(559232K) From: 39684K(69888K)->43513K(69888K)
[175.732s][info][gc,heap        ] GC(1798) Tenured: 1095234K(1398144K)->1103881K(1398144K)
[175.732s][info][gc,metaspace   ] GC(1798) Metaspace: 132525K(134272K)->132525K(134272K) NonClass: 115670K(116480K)->115670K(116480K) Class: 16855K(17792K)->16855K(17792K)
[175.732s][info][gc             ] GC(1798) Pause Young (Allocation Failure) 1654M->1120M(1979M) 7.017ms
[175.732s][info][gc,cpu         ] GC(1798) User=0.00s Sys=0.00s Real=0.01s
[175.820s][info][gc,start       ] GC(1799) Pause Young (Allocation Failure)
[175.827s][info][gc,heap        ] GC(1799) DefNew: 602745K(629120K)->37264K(629120K) Eden: 559232K(559232K)->0K(559232K) From: 43513K(69888K)->37264K(69888K)
[175.827s][info][gc,heap        ] GC(1799) Tenured: 1103881K(1398144K)->1128487K(1398144K)
[175.827s][info][gc,metaspace   ] GC(1799) Metaspace: 132525K(134272K)->132525K(134272K) NonClass: 115670K(116480K)->115670K(116480K) Class: 16855K(17792K)->16855K(17792K)
[175.827s][info][gc             ] GC(1799) Pause Young (Allocation Failure) 1666M->1138M(1979M) 7.689ms
[175.827s][info][gc,cpu         ] GC(1799) User=0.00s Sys=0.00s Real=0.01s
[175.915s][info][gc,start       ] GC(1800) Pause Young (Allocation Failure)
[175.921s][info][gc,heap        ] GC(1800) DefNew: 596496K(629120K)->31008K(629120K) Eden: 559232K(559232K)->0K(559232K) From: 37264K(69888K)->31008K(69888K)
[175.921s][info][gc,heap        ] GC(1800) Tenured: 1128487K(1398144K)->1144875K(1398144K)
[175.921s][info][gc,metaspace   ] GC(1800) Metaspace: 132525K(134272K)->132525K(134272K) NonClass: 115670K(116480K)->115670K(116480K) Class: 16855K(17792K)->16855K(17792K)
[175.921s][info][gc             ] GC(1800) Pause Young (Allocation Failure) 1684M->1148M(1979M) 6.323ms
[175.921s][info][gc,cpu         ] GC(1800) User=0.00s Sys=0.00s Real=0.00s
[176.009s][info][gc,start       ] GC(1801) Pause Young (Allocation Failure)
[176.014s][info][gc,heap        ] GC(1801) DefNew: 590240K(629120K)->42137K(629120K) Eden: 559232K(559232K)->0K(559232K) From: 31008K(69888K)->42137K(69888K)
[176.015s][info][gc,heap        ] GC(1801) Tenured: 1144875K(1398144K)->1144875K(1398144K)
[176.015s][info][gc,metaspace   ] GC(1801) Metaspace: 132525K(134272K)->132525K(134272K) NonClass: 115670K(116480K)->115670K(116480K) Class: 16855K(17792K)->16855K(17792K)
[176.015s][info][gc             ] GC(1801) Pause Young (Allocation Failure) 1694M->1159M(1979M) 5.610ms
[176.015s][info][gc,cpu         ] GC(1801) User=0.00s Sys=0.00s Real=0.02s
[176.104s][info][gc,start       ] GC(1802) Pause Young (Allocation Failure)
[176.111s][info][gc,heap        ] GC(1802) DefNew: 601369K(629120K)->47378K(629120K) Eden: 559232K(559232K)->0K(559232K) From: 42137K(69888K)->47378K(69888K)
[176.111s][info][gc,heap        ] GC(1802) Tenured: 1144875K(1398144K)->1153070K(1398144K)
[176.111s][info][gc,metaspace   ] GC(1802) Metaspace: 132525K(134272K)->132525K(134272K) NonClass: 115670K(116480K)->115670K(116480K) Class: 16855K(17792K)->16855K(17792K)
[176.111s][info][gc             ] GC(1802) Pause Young (Allocation Failure) 1705M->1172M(1979M) 7.248ms
[176.111s][info][gc,cpu         ] GC(1802) User=0.00s Sys=0.00s Real=0.00s
[176.196s][info][gc,start       ] GC(1803) Pause Young (Allocation Failure)
[176.203s][info][gc,heap        ] GC(1803) DefNew: 606610K(629120K)->34491K(629120K) Eden: 559232K(559232K)->0K(559232K) From: 47378K(69888K)->34491K(69888K)
[176.203s][info][gc,heap        ] GC(1803) Tenured: 1153070K(1398144K)->1169458K(1398144K)
[176.203s][info][gc,metaspace   ] GC(1803) Metaspace: 132530K(134272K)->132530K(134272K) NonClass: 115674K(116480K)->115674K(116480K) Class: 16855K(17792K)->16855K(17792K)
[176.203s][info][gc             ] GC(1803) Pause Young (Allocation Failure) 1718M->1175M(1979M) 7.169ms
[176.203s][info][gc,cpu         ] GC(1803) User=0.00s Sys=0.00s Real=0.02s
[176.288s][info][gc,start       ] GC(1804) Pause Young (Allocation Failure)
[176.295s][info][gc,heap        ] GC(1804) DefNew: 593723K(629120K)->47383K(629120K) Eden: 559232K(559232K)->0K(559232K) From: 34491K(69888K)->47383K(69888K)
[176.295s][info][gc,heap        ] GC(1804) Tenured: 1169458K(1398144K)->1169458K(1398144K)
[176.295s][info][gc,metaspace   ] GC(1804) Metaspace: 132530K(134272K)->132530K(134272K) NonClass: 115674K(116480K)->115674K(116480K) Class: 16855K(17792K)->16855K(17792K)
[176.295s][info][gc             ] GC(1804) Pause Young (Allocation Failure) 1721M->1188M(1979M) 6.542ms
[176.295s][info][gc,cpu         ] GC(1804) User=0.00s Sys=0.00s Real=0.01s
[176.382s][info][gc,start       ] GC(1805) Pause Young (Allocation Failure)
[176.390s][info][gc,heap        ] GC(1805) DefNew: 606615K(629120K)->37709K(629120K) Eden: 559232K(559232K)->0K(559232K) From: 47383K(69888K)->37709K(69888K)
[176.390s][info][gc,heap        ] GC(1805) Tenured: 1169458K(1398144K)->1185850K(1398144K)
[176.390s][info][gc,metaspace   ] GC(1805) Metaspace: 132530K(134272K)->132530K(134272K) NonClass: 115674K(116480K)->115674K(116480K) Class: 16855K(17792K)->16855K(17792K)
[176.390s][info][gc             ] GC(1805) Pause Young (Allocation Failure) 1734M->1194M(1979M) 7.169ms
[176.390s][info][gc,cpu         ] GC(1805) User=0.00s Sys=0.00s Real=0.02s
[176.476s][info][gc,start       ] GC(1806) Pause Young (Allocation Failure)
[176.483s][info][gc,heap        ] GC(1806) DefNew: 596941K(629120K)->40016K(629120K) Eden: 559232K(559232K)->0K(559232K) From: 37709K(69888K)->40016K(69888K)
[176.483s][info][gc,heap        ] GC(1806) Tenured: 1185850K(1398144K)->1194094K(1398144K)
[176.483s][info][gc,metaspace   ] GC(1806) Metaspace: 132530K(134272K)->132530K(134272K) NonClass: 115674K(116480K)->115674K(116480K) Class: 16855K(17792K)->16855K(17792K)
[176.483s][info][gc             ] GC(1806) Pause Young (Allocation Failure) 1741M->1205M(1979M) 6.780ms
[176.483s][info][gc,cpu         ] GC(1806) User=0.00s Sys=0.00s Real=0.02s
[176.570s][info][gc,start       ] GC(1807) Pause Young (Allocation Failure)
[176.576s][info][gc,heap        ] GC(1807) DefNew: 599248K(629120K)->35501K(629120K) Eden: 559232K(559232K)->0K(559232K) From: 40016K(69888K)->35501K(69888K)
[176.576s][info][gc,heap        ] GC(1807) Tenured: 1194094K(1398144K)->1202290K(1398144K)
[176.576s][info][gc,metaspace   ] GC(1807) Metaspace: 132530K(134272K)->132530K(134272K) NonClass: 115674K(116480K)->115674K(116480K) Class: 16855K(17792K)->16855K(17792K)
[176.576s][info][gc             ] GC(1807) Pause Young (Allocation Failure) 1751M->1208M(1979M) 6.073ms
[176.576s][info][gc,cpu         ] GC(1807) User=0.00s Sys=0.00s Real=0.02s
[176.664s][info][gc,start       ] GC(1808) Pause Young (Allocation Failure)
[176.670s][info][gc,heap        ] GC(1808) DefNew: 594733K(629120K)->37654K(629120K) Eden: 559232K(559232K)->0K(559232K) From: 35501K(69888K)->37654K(69888K)
[176.670s][info][gc,heap        ] GC(1808) Tenured: 1202290K(1398144K)->1206387K(1398144K)
[176.670s][info][gc,metaspace   ] GC(1808) Metaspace: 132530K(134272K)->132530K(134272K) NonClass: 115674K(116480K)->115674K(116480K) Class: 16855K(17792K)->16855K(17792K)
[176.670s][info][gc             ] GC(1808) Pause Young (Allocation Failure) 1754M->1214M(1979M) 5.997ms
[176.670s][info][gc,cpu         ] GC(1808) User=0.00s Sys=0.00s Real=0.02s
[176.756s][info][gc,start       ] GC(1809) Pause Young (Allocation Failure)
[176.762s][info][gc,heap        ] GC(1809) DefNew: 596227K(629120K)->34979K(629120K) Eden: 558573K(559232K)->0K(559232K) From: 37654K(69888K)->34979K(69888K)
[176.762s][info][gc,heap        ] GC(1809) Tenured: 1206387K(1398144K)->1214582K(1398144K)
[176.762s][info][gc,metaspace   ] GC(1809) Metaspace: 132530K(134272K)->132530K(134272K) NonClass: 115674K(116480K)->115674K(116480K) Class: 16855K(17792K)->16855K(17792K)
[176.762s][info][gc             ] GC(1809) Pause Young (Allocation Failure) 1760M->1220M(1979M) 5.938ms
[176.762s][info][gc,cpu         ] GC(1809) User=0.00s Sys=0.00s Real=0.00s
[176.850s][info][gc,start       ] GC(1810) Pause Young (Allocation Failure)
[176.856s][info][gc,heap        ] GC(1810) DefNew: 594211K(629120K)->30386K(629120K) Eden: 559232K(559232K)->0K(559232K) From: 34979K(69888K)->30386K(69888K)
[176.856s][info][gc,heap        ] GC(1810) Tenured: 1214582K(1398144K)->1222776K(1398144K)
[176.856s][info][gc,metaspace   ] GC(1810) Metaspace: 132531K(134272K)->132531K(134272K) NonClass: 115675K(116480K)->115675K(116480K) Class: 16855K(17792K)->16855K(17792K)
[176.856s][info][gc             ] GC(1810) Pause Young (Allocation Failure) 1766M->1223M(1979M) 5.533ms
[176.856s][info][gc,cpu         ] GC(1810) User=0.00s Sys=0.00s Real=0.00s
[176.939s][info][gc,start       ] GC(1811) Pause Young (Allocation Failure)
[176.944s][info][gc,heap        ] GC(1811) DefNew: 589618K(629120K)->31953K(629120K) Eden: 559232K(559232K)->0K(559232K) From: 30386K(69888K)->31953K(69888K)
[176.944s][info][gc,heap        ] GC(1811) Tenured: 1222776K(1398144K)->1222776K(1398144K)
[176.944s][info][gc,metaspace   ] GC(1811) Metaspace: 132531K(134272K)->132531K(134272K) NonClass: 115675K(116480K)->115675K(116480K) Class: 16855K(17792K)->16855K(17792K)
[176.944s][info][gc             ] GC(1811) Pause Young (Allocation Failure) 1769M->1225M(1979M) 4.890ms
[176.944s][info][gc,cpu         ] GC(1811) User=0.00s Sys=0.00s Real=0.00s
[177.025s][info][gc,start       ] GC(1812) Pause Young (Allocation Failure)
[177.030s][info][gc,heap        ] GC(1812) DefNew: 591185K(629120K)->28736K(629120K) Eden: 559232K(559232K)->0K(559232K) From: 31953K(69888K)->28736K(69888K)
[177.030s][info][gc,heap        ] GC(1812) Tenured: 1222776K(1398144K)->1222776K(1398144K)
[177.030s][info][gc,metaspace   ] GC(1812) Metaspace: 132531K(134272K)->132531K(134272K) NonClass: 115675K(116480K)->115675K(116480K) Class: 16855K(17792K)->16855K(17792K)
[177.030s][info][gc             ] GC(1812) Pause Young (Allocation Failure) 1771M->1222M(1979M) 4.793ms
[177.030s][info][gc,cpu         ] GC(1812) User=0.00s Sys=0.00s Real=0.01s
[177.112s][info][gc,start       ] GC(1813) Pause Young (Allocation Failure)
[177.117s][info][gc,heap        ] GC(1813) DefNew: 587968K(629120K)->30377K(629120K) Eden: 559232K(559232K)->0K(559232K) From: 28736K(69888K)->30377K(69888K)
[177.117s][info][gc,heap        ] GC(1813) Tenured: 1222776K(1398144K)->1222776K(1398144K)
[177.117s][info][gc,metaspace   ] GC(1813) Metaspace: 132531K(134272K)->132531K(134272K) NonClass: 115675K(116480K)->115675K(116480K) Class: 16855K(17792K)->16855K(17792K)
[177.117s][info][gc             ] GC(1813) Pause Young (Allocation Failure) 1768M->1223M(1979M) 5.101ms
[177.117s][info][gc,cpu         ] GC(1813) User=0.00s Sys=0.00s Real=0.00s
[177.204s][info][gc,start       ] GC(1814) Pause Young (Allocation Failure)
[177.209s][info][gc,heap        ] GC(1814) DefNew: 589609K(629120K)->37691K(629120K) Eden: 559232K(559232K)->0K(559232K) From: 30377K(69888K)->37691K(69888K)
[177.209s][info][gc,heap        ] GC(1814) Tenured: 1222776K(1398144K)->1222776K(1398144K)
[177.209s][info][gc,metaspace   ] GC(1814) Metaspace: 132531K(134272K)->132531K(134272K) NonClass: 115675K(116480K)->115675K(116480K) Class: 16855K(17792K)->16855K(17792K)
[177.209s][info][gc             ] GC(1814) Pause Young (Allocation Failure) 1769M->1230M(1979M) 5.342ms
[177.209s][info][gc,cpu         ] GC(1814) User=0.00s Sys=0.00s Real=0.00s
[177.296s][info][gc,start       ] GC(1815) Pause Young (Allocation Failure)
[177.302s][info][gc,heap        ] GC(1815) DefNew: 596923K(629120K)->35365K(629120K) Eden: 559232K(559232K)->0K(559232K) From: 37691K(69888K)->35365K(69888K)
[177.302s][info][gc,heap        ] GC(1815) Tenured: 1222776K(1398144K)->1226873K(1398144K)
[177.302s][info][gc,metaspace   ] GC(1815) Metaspace: 132531K(134272K)->132531K(134272K) NonClass: 115675K(116480K)->115675K(116480K) Class: 16855K(17792K)->16855K(17792K)
[177.302s][info][gc             ] GC(1815) Pause Young (Allocation Failure) 1777M->1232M(1979M) 5.868ms
[177.302s][info][gc,cpu         ] GC(1815) User=0.00s Sys=0.00s Real=0.00s
[177.389s][info][gc,start       ] GC(1816) Pause Young (Allocation Failure)
[177.394s][info][gc,heap        ] GC(1816) DefNew: 594597K(629120K)->24246K(629120K) Eden: 559232K(559232K)->0K(559232K) From: 35365K(69888K)->24246K(69888K)
[177.395s][info][gc,heap        ] GC(1816) Tenured: 1226873K(1398144K)->1235066K(1398144K)
[177.395s][info][gc,metaspace   ] GC(1816) Metaspace: 132531K(134272K)->132531K(134272K) NonClass: 115675K(116480K)->115675K(116480K) Class: 16855K(17792K)->16855K(17792K)
[177.395s][info][gc             ] GC(1816) Pause Young (Allocation Failure) 1778M->1229M(1979M) 5.150ms
[177.395s][info][gc,cpu         ] GC(1816) User=0.00s Sys=0.00s Real=0.02s
[177.482s][info][gc,start       ] GC(1817) Pause Young (Allocation Failure)
[177.487s][info][gc,heap        ] GC(1817) DefNew: 583478K(629120K)->30094K(629120K) Eden: 559232K(559232K)->0K(559232K) From: 24246K(69888K)->30094K(69888K)
[177.487s][info][gc,heap        ] GC(1817) Tenured: 1235066K(1398144K)->1235066K(1398144K)
[177.487s][info][gc,metaspace   ] GC(1817) Metaspace: 132531K(134272K)->132531K(134272K) NonClass: 115675K(116480K)->115675K(116480K) Class: 16855K(17792K)->16855K(17792K)
[177.487s][info][gc             ] GC(1817) Pause Young (Allocation Failure) 1775M->1235M(1979M) 5.004ms
[177.487s][info][gc,cpu         ] GC(1817) User=0.00s Sys=0.00s Real=0.02s
[177.576s][info][gc,start       ] GC(1818) Pause Young (Allocation Failure)
[177.581s][info][gc,heap        ] GC(1818) DefNew: 589326K(629120K)->28523K(629120K) Eden: 559232K(559232K)->0K(559232K) From: 30094K(69888K)->28523K(69888K)
[177.581s][info][gc,heap        ] GC(1818) Tenured: 1235066K(1398144K)->1235066K(1398144K)
[177.581s][info][gc,metaspace   ] GC(1818) Metaspace: 132531K(134272K)->132531K(134272K) NonClass: 115675K(116480K)->115675K(116480K) Class: 16855K(17792K)->16855K(17792K)
[177.581s][info][gc             ] GC(1818) Pause Young (Allocation Failure) 1781M->1233M(1979M) 4.817ms
[177.581s][info][gc,cpu         ] GC(1818) User=0.00s Sys=0.00s Real=0.01s
[177.667s][info][gc,start       ] GC(1819) Pause Young (Allocation Failure)
[177.672s][info][gc,heap        ] GC(1819) DefNew: 587755K(629120K)->25404K(629120K) Eden: 559232K(559232K)->0K(559232K) From: 28523K(69888K)->25404K(69888K)
[177.672s][info][gc,heap        ] GC(1819) Tenured: 1235066K(1398144K)->1235066K(1398144K)
[177.672s][info][gc,metaspace   ] GC(1819) Metaspace: 132531K(134272K)->132531K(134272K) NonClass: 115675K(116480K)->115675K(116480K) Class: 16855K(17792K)->16855K(17792K)
[177.672s][info][gc             ] GC(1819) Pause Young (Allocation Failure) 1780M->1230M(1979M) 4.272ms
[177.672s][info][gc,cpu         ] GC(1819) User=0.00s Sys=0.00s Real=0.00s
[177.759s][info][gc,start       ] GC(1820) Pause Young (Allocation Failure)
[177.763s][info][gc,heap        ] GC(1820) DefNew: 584636K(629120K)->23764K(629120K) Eden: 559232K(559232K)->0K(559232K) From: 25404K(69888K)->23764K(69888K)
[177.763s][info][gc,heap        ] GC(1820) Tenured: 1235066K(1398144K)->1235066K(1398144K)
[177.763s][info][gc,metaspace   ] GC(1820) Metaspace: 132531K(134272K)->132531K(134272K) NonClass: 115675K(116480K)->115675K(116480K) Class: 16855K(17792K)->16855K(17792K)
[177.763s][info][gc             ] GC(1820) Pause Young (Allocation Failure) 1777M->1229M(1979M) 4.231ms
[177.763s][info][gc,cpu         ] GC(1820) User=0.00s Sys=0.00s Real=0.00s
[177.850s][info][gc,start       ] GC(1821) Pause Young (Allocation Failure)
[177.854s][info][gc,heap        ] GC(1821) DefNew: 582996K(629120K)->23766K(629120K) Eden: 559232K(559232K)->0K(559232K) From: 23764K(69888K)->23766K(69888K)
[177.854s][info][gc,heap        ] GC(1821) Tenured: 1235066K(1398144K)->1235066K(1398144K)
[177.854s][info][gc,metaspace   ] GC(1821) Metaspace: 132531K(134272K)->132531K(134272K) NonClass: 115675K(116480K)->115675K(116480K) Class: 16855K(17792K)->16855K(17792K)
[177.854s][info][gc             ] GC(1821) Pause Young (Allocation Failure) 1775M->1229M(1979M) 4.015ms
[177.854s][info][gc,cpu         ] GC(1821) User=0.00s Sys=0.00s Real=0.00s
[177.941s][info][gc,start       ] GC(1822) Pause Young (Allocation Failure)
[177.945s][info][gc,heap        ] GC(1822) DefNew: 582998K(629120K)->30083K(629120K) Eden: 559232K(559232K)->0K(559232K) From: 23766K(69888K)->30083K(69888K)
[177.945s][info][gc,heap        ] GC(1822) Tenured: 1235066K(1398144K)->1235066K(1398144K)
[177.945s][info][gc,metaspace   ] GC(1822) Metaspace: 132531K(134272K)->132531K(134272K) NonClass: 115675K(116480K)->115675K(116480K) Class: 16855K(17792K)->16855K(17792K)
[177.945s][info][gc             ] GC(1822) Pause Young (Allocation Failure) 1775M->1235M(1979M) 4.679ms
[177.946s][info][gc,cpu         ] GC(1822) User=0.00s Sys=0.00s Real=0.00s
[178.032s][info][gc,start       ] GC(1823) Pause Young (Allocation Failure)
[178.037s][info][gc,heap        ] GC(1823) DefNew: 589315K(629120K)->28522K(629120K) Eden: 559232K(559232K)->0K(559232K) From: 30083K(69888K)->28522K(69888K)
[178.037s][info][gc,heap        ] GC(1823) Tenured: 1235066K(1398144K)->1235066K(1398144K)
[178.037s][info][gc,metaspace   ] GC(1823) Metaspace: 132531K(134272K)->132531K(134272K) NonClass: 115675K(116480K)->115675K(116480K) Class: 16855K(17792K)->16855K(17792K)
[178.037s][info][gc             ] GC(1823) Pause Young (Allocation Failure) 1781M->1233M(1979M) 4.819ms
[178.037s][info][gc,cpu         ] GC(1823) User=0.00s Sys=0.00s Real=0.02s
[178.126s][info][gc,start       ] GC(1824) Pause Young (Allocation Failure)
[178.130s][info][gc,heap        ] GC(1824) DefNew: 587754K(629120K)->20116K(629120K) Eden: 559232K(559232K)->0K(559232K) From: 28522K(69888K)->20116K(69888K)
[178.130s][info][gc,heap        ] GC(1824) Tenured: 1235066K(1398144K)->1239183K(1398144K)
[178.130s][info][gc,metaspace   ] GC(1824) Metaspace: 132531K(134272K)->132531K(134272K) NonClass: 115675K(116480K)->115675K(116480K) Class: 16855K(17792K)->16855K(17792K)
[178.130s][info][gc             ] GC(1824) Pause Young (Allocation Failure) 1780M->1229M(1979M) 4.595ms
[178.130s][info][gc,cpu         ] GC(1824) User=0.00s Sys=0.00s Real=0.01s
[178.218s][info][gc,start       ] GC(1825) Pause Young (Allocation Failure)
[178.222s][info][gc,heap        ] GC(1825) DefNew: 579348K(629120K)->11410K(629120K) Eden: 559232K(559232K)->0K(559232K) From: 20116K(69888K)->11410K(69888K)
[178.222s][info][gc,heap        ] GC(1825) Tenured: 1239183K(1398144K)->1247399K(1398144K)
[178.222s][info][gc,metaspace   ] GC(1825) Metaspace: 132531K(134272K)->132531K(134272K) NonClass: 115675K(116480K)->115675K(116480K) Class: 16855K(17792K)->16855K(17792K)
[178.222s][info][gc             ] GC(1825) Pause Young (Allocation Failure) 1775M->1229M(1979M) 3.766ms
[178.222s][info][gc,cpu         ] GC(1825) User=0.00s Sys=0.00s Real=0.01s
[178.308s][info][gc,start       ] GC(1826) Pause Young (Allocation Failure)
[178.312s][info][gc,heap        ] GC(1826) DefNew: 568557K(629120K)->17709K(629120K) Eden: 557147K(559232K)->0K(559232K) From: 11410K(69888K)->17709K(69888K)
[178.312s][info][gc,heap        ] GC(1826) Tenured: 1247399K(1398144K)->1247399K(1398144K)
[178.312s][info][gc,metaspace   ] GC(1826) Metaspace: 132531K(134272K)->132531K(134272K) NonClass: 115675K(116480K)->115675K(116480K) Class: 16855K(17792K)->16855K(17792K)
[178.312s][info][gc             ] GC(1826) Pause Young (Allocation Failure) 1773M->1235M(1979M) 3.543ms
[178.312s][info][gc,cpu         ] GC(1826) User=0.00s Sys=0.00s Real=0.00s
[178.399s][info][gc,start       ] GC(1827) Pause Young (Allocation Failure)
[178.402s][info][gc,heap        ] GC(1827) DefNew: 576941K(629120K)->16194K(629120K) Eden: 559232K(559232K)->0K(559232K) From: 17709K(69888K)->16194K(69888K)
[178.402s][info][gc,heap        ] GC(1827) Tenured: 1247399K(1398144K)->1247399K(1398144K)
[178.402s][info][gc,metaspace   ] GC(1827) Metaspace: 132531K(134272K)->132531K(134272K) NonClass: 115675K(116480K)->115675K(116480K) Class: 16855K(17792K)->16855K(17792K)
[178.402s][info][gc             ] GC(1827) Pause Young (Allocation Failure) 1781M->1233M(1979M) 3.472ms
[178.402s][info][gc,cpu         ] GC(1827) User=0.00s Sys=0.00s Real=0.00s
[178.528s][info][gc,start       ] GC(1828) Pause Young (Allocation Failure)
[178.531s][info][gc,heap        ] GC(1828) DefNew: 575426K(629120K)->14191K(629120K) Eden: 559232K(559232K)->0K(559232K) From: 16194K(69888K)->14191K(69888K)
[178.531s][info][gc,heap        ] GC(1828) Tenured: 1247399K(1398144K)->1247399K(1398144K)
[178.531s][info][gc,metaspace   ] GC(1828) Metaspace: 132534K(134272K)->132534K(134272K) NonClass: 115679K(116480K)->115679K(116480K) Class: 16855K(17792K)->16855K(17792K)
[178.531s][info][gc             ] GC(1828) Pause Young (Allocation Failure) 1780M->1232M(1979M) 3.361ms
[178.531s][info][gc,cpu         ] GC(1828) User=0.00s Sys=0.00s Real=0.00s
[178.678s][info][gc,start       ] GC(1829) Pause Full (System.gc())
[178.678s][info][gc,phases,start] GC(1829) Phase 1: Mark live objects
[178.737s][info][gc,phases      ] GC(1829) Phase 1: Mark live objects 59.744ms
[178.737s][info][gc,phases,start] GC(1829) Phase 2: Compute new object addresses
[178.780s][info][gc,phases      ] GC(1829) Phase 2: Compute new object addresses 42.878ms
[178.780s][info][gc,phases,start] GC(1829) Phase 3: Adjust pointers
[178.813s][info][gc,phases      ] GC(1829) Phase 3: Adjust pointers 32.335ms
[178.813s][info][gc,phases,start] GC(1829) Phase 4: Move objects
[178.813s][info][gc,phases      ] GC(1829) Phase 4: Move objects 0.143ms
[178.813s][info][gc,heap        ] GC(1829) DefNew: 254282K(629120K)->0K(629120K) Eden: 240090K(559232K)->0K(559232K) From: 14191K(69888K)->0K(69888K)
[178.813s][info][gc,heap        ] GC(1829) Tenured: 1247399K(1398144K)->1040313K(1398144K)
[178.814s][info][gc,metaspace   ] GC(1829) Metaspace: 132536K(134272K)->132536K(134272K) NonClass: 115681K(116480K)->115681K(116480K) Class: 16855K(17792K)->16855K(17792K)
[178.814s][info][gc             ] GC(1829) Pause Full (System.gc()) 1466M->1015M(1979M) 136.006ms
[178.814s][info][gc,cpu         ] GC(1829) User=0.12s Sys=0.00s Real=0.14s
[178.936s][info][gc,start       ] GC(1830) Pause Young (Allocation Failure)
[178.940s][info][gc,heap        ] GC(1830) DefNew: 559232K(629120K)->4926K(629120K) Eden: 559232K(559232K)->0K(559232K) From: 0K(69888K)->4926K(69888K)
[178.940s][info][gc,heap        ] GC(1830) Tenured: 1040313K(1398144K)->1040313K(1398144K)
[178.940s][info][gc,metaspace   ] GC(1830) Metaspace: 132727K(134464K)->132727K(134464K) NonClass: 115871K(116672K)->115871K(116672K) Class: 16855K(17792K)->16855K(17792K)
[178.940s][info][gc             ] GC(1830) Pause Young (Allocation Failure) 1562M->1020M(1979M) 4.664ms
[178.940s][info][gc,cpu         ] GC(1830) User=0.00s Sys=0.00s Real=0.00s
[178.996s][info][gc,start       ] GC(1831) Pause Young (Allocation Failure)
[179.000s][info][gc,heap        ] GC(1831) DefNew: 564158K(629120K)->9907K(629120K) Eden: 559232K(559232K)->0K(559232K) From: 4926K(69888K)->9907K(69888K)
[179.000s][info][gc,heap        ] GC(1831) Tenured: 1040313K(1398144K)->1040313K(1398144K)
[179.000s][info][gc,metaspace   ] GC(1831) Metaspace: 132727K(134464K)->132727K(134464K) NonClass: 115871K(116672K)->115871K(116672K) Class: 16855K(17792K)->16855K(17792K)
[179.000s][info][gc             ] GC(1831) Pause Young (Allocation Failure) 1566M->1025M(1979M) 4.030ms
[179.000s][info][gc,cpu         ] GC(1831) User=0.00s Sys=0.00s Real=0.00s
[179.054s][info][gc,start       ] GC(1832) Pause Young (Allocation Failure)
[179.058s][info][gc,heap        ] GC(1832) DefNew: 569139K(629120K)->9023K(629120K) Eden: 559232K(559232K)->0K(559232K) From: 9907K(69888K)->9023K(69888K)
[179.058s][info][gc,heap        ] GC(1832) Tenured: 1040313K(1398144K)->1040313K(1398144K)
[179.058s][info][gc,metaspace   ] GC(1832) Metaspace: 132727K(134464K)->132727K(134464K) NonClass: 115871K(116672K)->115871K(116672K) Class: 16855K(17792K)->16855K(17792K)
[179.058s][info][gc             ] GC(1832) Pause Young (Allocation Failure) 1571M->1024M(1979M) 4.213ms
[179.058s][info][gc,cpu         ] GC(1832) User=0.00s Sys=0.00s Real=0.02s
[179.112s][info][gc,start       ] GC(1833) Pause Young (Allocation Failure)
[179.116s][info][gc,heap        ] GC(1833) DefNew: 566537K(629120K)->9925K(629120K) Eden: 557514K(559232K)->0K(559232K) From: 9023K(69888K)->9925K(69888K)
[179.116s][info][gc,heap        ] GC(1833) Tenured: 1040313K(1398144K)->1040313K(1398144K)
[179.116s][info][gc,metaspace   ] GC(1833) Metaspace: 132727K(134464K)->132727K(134464K) NonClass: 115871K(116672K)->115871K(116672K) Class: 16855K(17792K)->16855K(17792K)
[179.116s][info][gc             ] GC(1833) Pause Young (Allocation Failure) 1569M->1025M(1979M) 4.374ms
[179.116s][info][gc,cpu         ] GC(1833) User=0.02s Sys=0.00s Real=0.00s
[179.176s][info][gc,start       ] GC(1834) Pause Young (Allocation Failure)
[179.182s][info][gc,heap        ] GC(1834) DefNew: 569157K(629120K)->14191K(629120K) Eden: 559232K(559232K)->0K(559232K) From: 9925K(69888K)->14191K(69888K)
[179.182s][info][gc,heap        ] GC(1834) Tenured: 1040313K(1398144K)->1040313K(1398144K)
[179.182s][info][gc,metaspace   ] GC(1834) Metaspace: 132729K(134464K)->132729K(134464K) NonClass: 115874K(116672K)->115874K(116672K) Class: 16855K(17792K)->16855K(17792K)
[179.182s][info][gc             ] GC(1834) Pause Young (Allocation Failure) 1571M->1029M(1979M) 5.269ms
[179.182s][info][gc,cpu         ] GC(1834) User=0.02s Sys=0.00s Real=0.02s
[179.238s][info][gc,start       ] GC(1835) Pause Young (Allocation Failure)
[179.243s][info][gc,heap        ] GC(1835) DefNew: 571933K(629120K)->17688K(629120K) Eden: 557741K(559232K)->0K(559232K) From: 14191K(69888K)->17688K(69888K)
[179.243s][info][gc,heap        ] GC(1835) Tenured: 1040313K(1398144K)->1040313K(1398144K)
[179.243s][info][gc,metaspace   ] GC(1835) Metaspace: 132729K(134464K)->132729K(134464K) NonClass: 115874K(116672K)->115874K(116672K) Class: 16855K(17792K)->16855K(17792K)
[179.243s][info][gc             ] GC(1835) Pause Young (Allocation Failure) 1574M->1033M(1979M) 5.099ms
[179.243s][info][gc,cpu         ] GC(1835) User=0.00s Sys=0.00s Real=0.02s
[179.298s][info][gc,start       ] GC(1836) Pause Young (Allocation Failure)
[179.304s][info][gc,heap        ] GC(1836) DefNew: 576920K(629120K)->23178K(629120K) Eden: 559232K(559232K)->0K(559232K) From: 17688K(69888K)->23178K(69888K)
[179.304s][info][gc,heap        ] GC(1836) Tenured: 1040313K(1398144K)->1040313K(1398144K)
[179.304s][info][gc,metaspace   ] GC(1836) Metaspace: 132729K(134464K)->132729K(134464K) NonClass: 115874K(116672K)->115874K(116672K) Class: 16855K(17792K)->16855K(17792K)
[179.304s][info][gc             ] GC(1836) Pause Young (Allocation Failure) 1579M->1038M(1979M) 5.739ms
[179.304s][info][gc,cpu         ] GC(1836) User=0.00s Sys=0.00s Real=0.00s
[179.360s][info][gc,start       ] GC(1837) Pause Young (Allocation Failure)
[179.366s][info][gc,heap        ] GC(1837) DefNew: 582410K(629120K)->29015K(629120K) Eden: 559232K(559232K)->0K(559232K) From: 23178K(69888K)->29015K(69888K)
[179.366s][info][gc,heap        ] GC(1837) Tenured: 1040313K(1398144K)->1040313K(1398144K)
[179.366s][info][gc,metaspace   ] GC(1837) Metaspace: 132729K(134464K)->132729K(134464K) NonClass: 115874K(116672K)->115874K(116672K) Class: 16855K(17792K)->16855K(17792K)
[179.366s][info][gc             ] GC(1837) Pause Young (Allocation Failure) 1584M->1044M(1979M) 6.127ms
[179.366s][info][gc,cpu         ] GC(1837) User=0.00s Sys=0.00s Real=0.00s
[179.422s][info][gc,start       ] GC(1838) Pause Young (Allocation Failure)
[179.428s][info][gc,heap        ] GC(1838) DefNew: 588247K(629120K)->31359K(629120K) Eden: 559232K(559232K)->0K(559232K) From: 29015K(69888K)->31359K(69888K)
[179.428s][info][gc,heap        ] GC(1838) Tenured: 1040313K(1398144K)->1040313K(1398144K)
[179.428s][info][gc,metaspace   ] GC(1838) Metaspace: 132729K(134464K)->132729K(134464K) NonClass: 115874K(116672K)->115874K(116672K) Class: 16855K(17792K)->16855K(17792K)
[179.428s][info][gc             ] GC(1838) Pause Young (Allocation Failure) 1590M->1046M(1979M) 6.404ms
[179.428s][info][gc,cpu         ] GC(1838) User=0.00s Sys=0.00s Real=0.01s
[179.484s][info][gc,start       ] GC(1839) Pause Young (Allocation Failure)
[179.491s][info][gc,heap        ] GC(1839) DefNew: 590591K(629120K)->37394K(629120K) Eden: 559232K(559232K)->0K(559232K) From: 31359K(69888K)->37394K(69888K)
[179.491s][info][gc,heap        ] GC(1839) Tenured: 1040313K(1398144K)->1040313K(1398144K)
[179.491s][info][gc,metaspace   ] GC(1839) Metaspace: 132729K(134464K)->132729K(134464K) NonClass: 115874K(116672K)->115874K(116672K) Class: 16855K(17792K)->16855K(17792K)
[179.491s][info][gc             ] GC(1839) Pause Young (Allocation Failure) 1592M->1052M(1979M) 6.944ms
[179.491s][info][gc,cpu         ] GC(1839) User=0.00s Sys=0.00s Real=0.00s
[179.546s][info][gc,start       ] GC(1840) Pause Young (Allocation Failure)
[179.554s][info][gc,heap        ] GC(1840) DefNew: 596626K(629120K)->33866K(629120K) Eden: 559232K(559232K)->0K(559232K) From: 37394K(69888K)->33866K(69888K)
[179.554s][info][gc,heap        ] GC(1840) Tenured: 1040313K(1398144K)->1045993K(1398144K)
[179.554s][info][gc,metaspace   ] GC(1840) Metaspace: 132729K(134464K)->132729K(134464K) NonClass: 115874K(116672K)->115874K(116672K) Class: 16855K(17792K)->16855K(17792K)
[179.554s][info][gc             ] GC(1840) Pause Young (Allocation Failure) 1598M->1054M(1979M) 7.534ms
[179.554s][info][gc,cpu         ] GC(1840) User=0.00s Sys=0.00s Real=0.00s
[179.610s][info][gc,start       ] GC(1841) Pause Young (Allocation Failure)
[179.616s][info][gc,heap        ] GC(1841) DefNew: 593098K(629120K)->40322K(629120K) Eden: 559232K(559232K)->0K(559232K) From: 33866K(69888K)->40322K(69888K)
[179.616s][info][gc,heap        ] GC(1841) Tenured: 1045993K(1398144K)->1045993K(1398144K)
[179.616s][info][gc,metaspace   ] GC(1841) Metaspace: 132729K(134464K)->132729K(134464K) NonClass: 115874K(116672K)->115874K(116672K) Class: 16855K(17792K)->16855K(17792K)
[179.616s][info][gc             ] GC(1841) Pause Young (Allocation Failure) 1600M->1060M(1979M) 6.154ms
[179.616s][info][gc,cpu         ] GC(1841) User=0.00s Sys=0.00s Real=0.00s
[179.672s][info][gc,start       ] GC(1842) Pause Young (Allocation Failure)
[179.678s][info][gc,heap        ] GC(1842) DefNew: 599554K(629120K)->36694K(629120K) Eden: 559232K(559232K)->0K(559232K) From: 40322K(69888K)->36694K(69888K)
[179.678s][info][gc,heap        ] GC(1842) Tenured: 1045993K(1398144K)->1054494K(1398144K)
[179.678s][info][gc,metaspace   ] GC(1842) Metaspace: 132729K(134464K)->132729K(134464K) NonClass: 115874K(116672K)->115874K(116672K) Class: 16855K(17792K)->16855K(17792K)
[179.678s][info][gc             ] GC(1842) Pause Young (Allocation Failure) 1606M->1065M(1979M) 6.406ms
[179.678s][info][gc,cpu         ] GC(1842) User=0.00s Sys=0.00s Real=0.00s
[179.735s][info][gc,start       ] GC(1843) Pause Young (Allocation Failure)
[179.740s][info][gc,heap        ] GC(1843) DefNew: 595926K(629120K)->35919K(629120K) Eden: 559232K(559232K)->0K(559232K) From: 36694K(69888K)->35919K(69888K)
[179.740s][info][gc,heap        ] GC(1843) Tenured: 1054494K(1398144K)->1058593K(1398144K)
[179.740s][info][gc,metaspace   ] GC(1843) Metaspace: 132729K(134464K)->132729K(134464K) NonClass: 115874K(116672K)->115874K(116672K) Class: 16855K(17792K)->16855K(17792K)
[179.740s][info][gc             ] GC(1843) Pause Young (Allocation Failure) 1611M->1068M(1979M) 5.707ms
[179.740s][info][gc,cpu         ] GC(1843) User=0.02s Sys=0.00s Real=0.00s
[179.796s][info][gc,start       ] GC(1844) Pause Young (Allocation Failure)
[179.801s][info][gc,heap        ] GC(1844) DefNew: 595151K(629120K)->35121K(629120K) Eden: 559232K(559232K)->0K(559232K) From: 35919K(69888K)->35121K(69888K)
[179.801s][info][gc,heap        ] GC(1844) Tenured: 1058593K(1398144K)->1062690K(1398144K)
[179.801s][info][gc,metaspace   ] GC(1844) Metaspace: 132729K(134464K)->132729K(134464K) NonClass: 115874K(116672K)->115874K(116672K) Class: 16855K(17792K)->16855K(17792K)
[179.801s][info][gc             ] GC(1844) Pause Young (Allocation Failure) 1614M->1072M(1979M) 5.584ms
[179.801s][info][gc,cpu         ] GC(1844) User=0.02s Sys=0.00s Real=0.00s
[179.857s][info][gc,start       ] GC(1845) Pause Young (Allocation Failure)
[179.863s][info][gc,heap        ] GC(1845) DefNew: 594353K(629120K)->39936K(629120K) Eden: 559232K(559232K)->0K(559232K) From: 35121K(69888K)->39936K(69888K)
[179.863s][info][gc,heap        ] GC(1845) Tenured: 1062690K(1398144K)->1066787K(1398144K)
[179.863s][info][gc,metaspace   ] GC(1845) Metaspace: 132729K(134464K)->132729K(134464K) NonClass: 115874K(116672K)->115874K(116672K) Class: 16855K(17792K)->16855K(17792K)
[179.863s][info][gc             ] GC(1845) Pause Young (Allocation Failure) 1618M->1080M(1979M) 6.003ms
[179.863s][info][gc,cpu         ] GC(1845) User=0.00s Sys=0.00s Real=0.00s
[179.925s][info][gc,start       ] GC(1846) Pause Young (Allocation Failure)
[179.931s][info][gc,heap        ] GC(1846) DefNew: 599168K(629120K)->34680K(629120K) Eden: 559232K(559232K)->0K(559232K) From: 39936K(69888K)->34680K(69888K)
[179.931s][info][gc,heap        ] GC(1846) Tenured: 1066787K(1398144K)->1074981K(1398144K)
[179.931s][info][gc,metaspace   ] GC(1846) Metaspace: 132730K(134464K)->132730K(134464K) NonClass: 115874K(116672K)->115874K(116672K) Class: 16855K(17792K)->16855K(17792K)
[179.931s][info][gc             ] GC(1846) Pause Young (Allocation Failure) 1626M->1083M(1979M) 6.449ms
[179.931s][info][gc,cpu         ] GC(1846) User=0.00s Sys=0.00s Real=0.00s
[180.023s][info][gc,start       ] GC(1847) Pause Young (Allocation Failure)
[180.030s][info][gc,heap        ] GC(1847) DefNew: 593912K(629120K)->46326K(629120K) Eden: 559232K(559232K)->0K(559232K) From: 34680K(69888K)->46326K(69888K)
[180.030s][info][gc,heap        ] GC(1847) Tenured: 1074981K(1398144K)->1074981K(1398144K)
[180.030s][info][gc,metaspace   ] GC(1847) Metaspace: 132730K(134464K)->132730K(134464K) NonClass: 115874K(116672K)->115874K(116672K) Class: 16855K(17792K)->16855K(17792K)
[180.030s][info][gc             ] GC(1847) Pause Young (Allocation Failure) 1629M->1095M(1979M) 7.126ms
[180.030s][info][gc,cpu         ] GC(1847) User=0.00s Sys=0.00s Real=0.01s
[180.123s][info][gc,start       ] GC(1848) Pause Young (Allocation Failure)
[180.131s][info][gc,heap        ] GC(1848) DefNew: 605558K(629120K)->48657K(629120K) Eden: 559232K(559232K)->0K(559232K) From: 46326K(69888K)->48657K(69888K)
[180.131s][info][gc,heap        ] GC(1848) Tenured: 1074981K(1398144K)->1087274K(1398144K)
[180.131s][info][gc,metaspace   ] GC(1848) Metaspace: 132731K(134464K)->132731K(134464K) NonClass: 115875K(116672K)->115875K(116672K) Class: 16855K(17792K)->16855K(17792K)
[180.132s][info][gc             ] GC(1848) Pause Young (Allocation Failure) 1641M->1109M(1979M) 8.566ms
[180.132s][info][gc,cpu         ] GC(1848) User=0.02s Sys=0.00s Real=0.02s
[180.221s][info][gc,start       ] GC(1849) Pause Young (Allocation Failure)
[180.229s][info][gc,heap        ] GC(1849) DefNew: 607889K(629120K)->34158K(629120K) Eden: 559232K(559232K)->0K(559232K) From: 48657K(69888K)->34158K(69888K)
[180.229s][info][gc,heap        ] GC(1849) Tenured: 1087274K(1398144K)->1116429K(1398144K)
[180.229s][info][gc,metaspace   ] GC(1849) Metaspace: 132731K(134464K)->132731K(134464K) NonClass: 115875K(116672K)->115875K(116672K) Class: 16855K(17792K)->16855K(17792K)
[180.229s][info][gc             ] GC(1849) Pause Young (Allocation Failure) 1655M->1123M(1979M) 8.465ms
[180.229s][info][gc,cpu         ] GC(1849) User=0.00s Sys=0.00s Real=0.00s
[180.320s][info][gc,start       ] GC(1850) Pause Young (Allocation Failure)
[180.326s][info][gc,heap        ] GC(1850) DefNew: 593390K(629120K)->45052K(629120K) Eden: 559232K(559232K)->0K(559232K) From: 34158K(69888K)->45052K(69888K)
[180.326s][info][gc,heap        ] GC(1850) Tenured: 1116429K(1398144K)->1116429K(1398144K)
[180.326s][info][gc,metaspace   ] GC(1850) Metaspace: 132731K(134464K)->132731K(134464K) NonClass: 115875K(116672K)->115875K(116672K) Class: 16855K(17792K)->16855K(17792K)
[180.326s][info][gc             ] GC(1850) Pause Young (Allocation Failure) 1669M->1134M(1979M) 6.054ms
[180.326s][info][gc,cpu         ] GC(1850) User=0.00s Sys=0.00s Real=0.01s
[180.416s][info][gc,start       ] GC(1851) Pause Young (Allocation Failure)
[180.424s][info][gc,heap        ] GC(1851) DefNew: 604284K(629120K)->47590K(629120K) Eden: 559232K(559232K)->0K(559232K) From: 45052K(69888K)->47590K(69888K)
[180.424s][info][gc,heap        ] GC(1851) Tenured: 1116429K(1398144K)->1128722K(1398144K)
[180.424s][info][gc,metaspace   ] GC(1851) Metaspace: 132731K(134464K)->132731K(134464K) NonClass: 115875K(116672K)->115875K(116672K) Class: 16855K(17792K)->16855K(17792K)
[180.424s][info][gc             ] GC(1851) Pause Young (Allocation Failure) 1680M->1148M(1979M) 7.330ms
[180.424s][info][gc,cpu         ] GC(1851) User=0.00s Sys=0.00s Real=0.00s
[180.514s][info][gc,start       ] GC(1852) Pause Young (Allocation Failure)
[180.521s][info][gc,heap        ] GC(1852) DefNew: 606822K(629120K)->31005K(629120K) Eden: 559232K(559232K)->0K(559232K) From: 47590K(69888K)->31005K(69888K)
[180.521s][info][gc,heap        ] GC(1852) Tenured: 1128722K(1398144K)->1157403K(1398144K)
[180.521s][info][gc,metaspace   ] GC(1852) Metaspace: 132731K(134464K)->132731K(134464K) NonClass: 115875K(116672K)->115875K(116672K) Class: 16855K(17792K)->16855K(17792K)
[180.521s][info][gc             ] GC(1852) Pause Young (Allocation Failure) 1694M->1160M(1979M) 7.361ms
[180.521s][info][gc,cpu         ] GC(1852) User=0.00s Sys=0.00s Real=0.02s
[180.612s][info][gc,start       ] GC(1853) Pause Young (Allocation Failure)
[180.618s][info][gc,heap        ] GC(1853) DefNew: 590237K(629120K)->38602K(629120K) Eden: 559232K(559232K)->0K(559232K) From: 31005K(69888K)->38602K(69888K)
[180.618s][info][gc,heap        ] GC(1853) Tenured: 1157403K(1398144K)->1157403K(1398144K)
[180.618s][info][gc,metaspace   ] GC(1853) Metaspace: 132734K(134464K)->132734K(134464K) NonClass: 115879K(116672K)->115879K(116672K) Class: 16855K(17792K)->16855K(17792K)
[180.618s][info][gc             ] GC(1853) Pause Young (Allocation Failure) 1706M->1167M(1979M) 5.758ms
[180.618s][info][gc,cpu         ] GC(1853) User=0.00s Sys=0.00s Real=0.02s
[180.701s][info][gc,start       ] GC(1854) Pause Young (Allocation Failure)
[180.708s][info][gc,heap        ] GC(1854) DefNew: 597834K(629120K)->35094K(629120K) Eden: 559232K(559232K)->0K(559232K) From: 38602K(69888K)->35094K(69888K)
[180.710s][info][gc,heap        ] GC(1854) Tenured: 1157403K(1398144K)->1169693K(1398144K)
[180.710s][info][gc,metaspace   ] GC(1854) Metaspace: 132734K(134464K)->132734K(134464K) NonClass: 115879K(116672K)->115879K(116672K) Class: 16855K(17792K)->16855K(17792K)
[180.710s][info][gc             ] GC(1854) Pause Young (Allocation Failure) 1714M->1176M(1979M) 8.855ms
[180.710s][info][gc,cpu         ] GC(1854) User=0.00s Sys=0.00s Real=0.02s
[180.798s][info][gc,start       ] GC(1855) Pause Young (Allocation Failure)
[180.804s][info][gc,heap        ] GC(1855) DefNew: 594326K(629120K)->33621K(629120K) Eden: 559232K(559232K)->0K(559232K) From: 35094K(69888K)->33621K(69888K)
[180.805s][info][gc,heap        ] GC(1855) Tenured: 1169693K(1398144K)->1181986K(1398144K)
[180.805s][info][gc,metaspace   ] GC(1855) Metaspace: 132734K(134464K)->132734K(134464K) NonClass: 115879K(116672K)->115879K(116672K) Class: 16855K(17792K)->16855K(17792K)
[180.805s][info][gc             ] GC(1855) Pause Young (Allocation Failure) 1722M->1187M(1979M) 6.347ms
[180.805s][info][gc,cpu         ] GC(1855) User=0.00s Sys=0.00s Real=0.01s
[180.893s][info][gc,start       ] GC(1856) Pause Young (Allocation Failure)
[180.899s][info][gc,heap        ] GC(1856) DefNew: 592853K(629120K)->43561K(629120K) Eden: 559232K(559232K)->0K(559232K) From: 33621K(69888K)->43561K(69888K)
[180.899s][info][gc,heap        ] GC(1856) Tenured: 1181986K(1398144K)->1181986K(1398144K)
[180.899s][info][gc,metaspace   ] GC(1856) Metaspace: 132734K(134464K)->132734K(134464K) NonClass: 115879K(116672K)->115879K(116672K) Class: 16855K(17792K)->16855K(17792K)
[180.899s][info][gc             ] GC(1856) Pause Young (Allocation Failure) 1733M->1196M(1979M) 6.119ms
[180.899s][info][gc,cpu         ] GC(1856) User=0.00s Sys=0.00s Real=0.02s
[180.987s][info][gc,start       ] GC(1857) Pause Young (Allocation Failure)
[180.993s][info][gc,heap        ] GC(1857) DefNew: 602793K(629120K)->32371K(629120K) Eden: 559232K(559232K)->0K(559232K) From: 43561K(69888K)->32371K(69888K)
[180.993s][info][gc,heap        ] GC(1857) Tenured: 1181986K(1398144K)->1194338K(1398144K)
[180.993s][info][gc,metaspace   ] GC(1857) Metaspace: 132734K(134464K)->132734K(134464K) NonClass: 115879K(116672K)->115879K(116672K) Class: 16855K(17792K)->16855K(17792K)
[180.993s][info][gc             ] GC(1857) Pause Young (Allocation Failure) 1742M->1197M(1979M) 6.193ms
[180.993s][info][gc,cpu         ] GC(1857) User=0.00s Sys=0.00s Real=0.02s
[181.081s][info][gc,start       ] GC(1858) Pause Young (Allocation Failure)
[181.087s][info][gc,heap        ] GC(1858) DefNew: 591603K(629120K)->41744K(629120K) Eden: 559232K(559232K)->0K(559232K) From: 32371K(69888K)->41744K(69888K)
[181.087s][info][gc,heap        ] GC(1858) Tenured: 1194338K(1398144K)->1194338K(1398144K)
[181.087s][info][gc,metaspace   ] GC(1858) Metaspace: 132734K(134464K)->132734K(134464K) NonClass: 115879K(116672K)->115879K(116672K) Class: 16855K(17792K)->16855K(17792K)
[181.087s][info][gc             ] GC(1858) Pause Young (Allocation Failure) 1744M->1207M(1979M) 6.248ms
[181.087s][info][gc,cpu         ] GC(1858) User=0.00s Sys=0.00s Real=0.02s
[181.176s][info][gc,start       ] GC(1859) Pause Young (Allocation Failure)
[181.183s][info][gc,heap        ] GC(1859) DefNew: 600976K(629120K)->39143K(629120K) Eden: 559232K(559232K)->0K(559232K) From: 41744K(69888K)->39143K(69888K)
[181.184s][info][gc,heap        ] GC(1859) Tenured: 1194338K(1398144K)->1206632K(1398144K)
[181.184s][info][gc,metaspace   ] GC(1859) Metaspace: 132734K(134464K)->132734K(134464K) NonClass: 115879K(116672K)->115879K(116672K) Class: 16855K(17792K)->16855K(17792K)
[181.184s][info][gc             ] GC(1859) Pause Young (Allocation Failure) 1753M->1216M(1979M) 7.064ms
[181.184s][info][gc,cpu         ] GC(1859) User=0.00s Sys=0.00s Real=0.02s
[181.272s][info][gc,start       ] GC(1860) Pause Young (Allocation Failure)
[181.278s][info][gc,heap        ] GC(1860) DefNew: 598375K(629120K)->33558K(629120K) Eden: 559232K(559232K)->0K(559232K) From: 39143K(69888K)->33558K(69888K)
[181.278s][info][gc,heap        ] GC(1860) Tenured: 1206632K(1398144K)->1214826K(1398144K)
[181.278s][info][gc,metaspace   ] GC(1860) Metaspace: 132734K(134464K)->132734K(134464K) NonClass: 115879K(116672K)->115879K(116672K) Class: 16855K(17792K)->16855K(17792K)
[181.278s][info][gc             ] GC(1860) Pause Young (Allocation Failure) 1762M->1219M(1979M) 6.298ms
[181.278s][info][gc,cpu         ] GC(1860) User=0.00s Sys=0.00s Real=0.02s
[181.368s][info][gc,start       ] GC(1861) Pause Young (Allocation Failure)
[181.375s][info][gc,heap        ] GC(1861) DefNew: 592790K(629120K)->43281K(629120K) Eden: 559232K(559232K)->0K(559232K) From: 33558K(69888K)->43281K(69888K)
[181.375s][info][gc,heap        ] GC(1861) Tenured: 1214826K(1398144K)->1214826K(1398144K)
[181.375s][info][gc,metaspace   ] GC(1861) Metaspace: 132734K(134464K)->132734K(134464K) NonClass: 115879K(116672K)->115879K(116672K) Class: 16855K(17792K)->16855K(17792K)
[181.375s][info][gc             ] GC(1861) Pause Young (Allocation Failure) 1765M->1228M(1979M) 6.667ms
[181.375s][info][gc,cpu         ] GC(1861) User=0.00s Sys=0.00s Real=0.00s
[181.458s][info][gc,start       ] GC(1862) Pause Young (Allocation Failure)
[181.464s][info][gc,heap        ] GC(1862) DefNew: 602513K(629120K)->24638K(629120K) Eden: 559232K(559232K)->0K(559232K) From: 43281K(69888K)->24638K(69888K)
[181.464s][info][gc,heap        ] GC(1862) Tenured: 1214826K(1398144K)->1227117K(1398144K)
[181.464s][info][gc,metaspace   ] GC(1862) Metaspace: 132734K(134464K)->132734K(134464K) NonClass: 115879K(116672K)->115879K(116672K) Class: 16855K(17792K)->16855K(17792K)
[181.464s][info][gc             ] GC(1862) Pause Young (Allocation Failure) 1774M->1222M(1979M) 5.737ms
[181.464s][info][gc,cpu         ] GC(1862) User=0.00s Sys=0.00s Real=0.02s
[181.546s][info][gc,start       ] GC(1863) Pause Young (Allocation Failure)
[181.551s][info][gc,heap        ] GC(1863) DefNew: 583870K(629120K)->27847K(629120K) Eden: 559232K(559232K)->0K(559232K) From: 24638K(69888K)->27847K(69888K)
[181.551s][info][gc,heap        ] GC(1863) Tenured: 1227117K(1398144K)->1227117K(1398144K)
[181.551s][info][gc,metaspace   ] GC(1863) Metaspace: 132734K(134464K)->132734K(134464K) NonClass: 115879K(116672K)->115879K(116672K) Class: 16855K(17792K)->16855K(17792K)
[181.551s][info][gc             ] GC(1863) Pause Young (Allocation Failure) 1768M->1225M(1979M) 4.553ms
[181.551s][info][gc,cpu         ] GC(1863) User=0.00s Sys=0.00s Real=0.00s
[181.634s][info][gc,start       ] GC(1864) Pause Young (Allocation Failure)
[181.639s][info][gc,heap        ] GC(1864) DefNew: 587079K(629120K)->30980K(629120K) Eden: 559232K(559232K)->0K(559232K) From: 27847K(69888K)->30980K(69888K)
[181.639s][info][gc,heap        ] GC(1864) Tenured: 1227117K(1398144K)->1227117K(1398144K)
[181.639s][info][gc,metaspace   ] GC(1864) Metaspace: 132734K(134464K)->132734K(134464K) NonClass: 115879K(116672K)->115879K(116672K) Class: 16855K(17792K)->16855K(17792K)
[181.639s][info][gc             ] GC(1864) Pause Young (Allocation Failure) 1771M->1228M(1979M) 5.195ms
[181.639s][info][gc,cpu         ] GC(1864) User=0.00s Sys=0.00s Real=0.01s
[181.724s][info][gc,start       ] GC(1865) Pause Young (Allocation Failure)
[181.730s][info][gc,heap        ] GC(1865) DefNew: 586442K(629120K)->31205K(629120K) Eden: 555462K(559232K)->0K(559232K) From: 30980K(69888K)->31205K(69888K)
[181.730s][info][gc,heap        ] GC(1865) Tenured: 1227117K(1398144K)->1227117K(1398144K)
[181.730s][info][gc,metaspace   ] GC(1865) Metaspace: 132734K(134464K)->132734K(134464K) NonClass: 115879K(116672K)->115879K(116672K) Class: 16855K(17792K)->16855K(17792K)
[181.730s][info][gc             ] GC(1865) Pause Young (Allocation Failure) 1771M->1228M(1979M) 5.303ms
[181.730s][info][gc,cpu         ] GC(1865) User=0.00s Sys=0.00s Real=0.02s
[181.816s][info][gc,start       ] GC(1866) Pause Young (Allocation Failure)
[181.821s][info][gc,heap        ] GC(1866) DefNew: 590437K(629120K)->33601K(629120K) Eden: 559232K(559232K)->0K(559232K) From: 31205K(69888K)->33601K(69888K)
[181.821s][info][gc,heap        ] GC(1866) Tenured: 1227117K(1398144K)->1227117K(1398144K)
[181.821s][info][gc,metaspace   ] GC(1866) Metaspace: 132734K(134464K)->132734K(134464K) NonClass: 115879K(116672K)->115879K(116672K) Class: 16855K(17792K)->16855K(17792K)
[181.821s][info][gc             ] GC(1866) Pause Young (Allocation Failure) 1774M->1231M(1979M) 5.061ms
[181.821s][info][gc,cpu         ] GC(1866) User=0.00s Sys=0.00s Real=0.00s
[181.910s][info][gc,start       ] GC(1867) Pause Young (Allocation Failure)
[181.916s][info][gc,heap        ] GC(1867) DefNew: 592833K(629120K)->38286K(629120K) Eden: 559232K(559232K)->0K(559232K) From: 33601K(69888K)->38286K(69888K)
[181.916s][info][gc,heap        ] GC(1867) Tenured: 1227117K(1398144K)->1227117K(1398144K)
[181.916s][info][gc,metaspace   ] GC(1867) Metaspace: 132734K(134464K)->132734K(134464K) NonClass: 115879K(116672K)->115879K(116672K) Class: 16855K(17792K)->16855K(17792K)
[181.916s][info][gc             ] GC(1867) Pause Young (Allocation Failure) 1777M->1235M(1979M) 5.653ms
[181.916s][info][gc,cpu         ] GC(1867) User=0.00s Sys=0.00s Real=0.00s
[182.004s][info][gc,start       ] GC(1868) Pause Young (Allocation Failure)
[182.008s][info][gc,heap        ] GC(1868) DefNew: 597518K(629120K)->26290K(629120K) Eden: 559232K(559232K)->0K(559232K) From: 38286K(69888K)->26290K(69888K)
[182.008s][info][gc,heap        ] GC(1868) Tenured: 1227117K(1398144K)->1231214K(1398144K)
[182.008s][info][gc,metaspace   ] GC(1868) Metaspace: 132734K(134464K)->132734K(134464K) NonClass: 115879K(116672K)->115879K(116672K) Class: 16855K(17792K)->16855K(17792K)
[182.008s][info][gc             ] GC(1868) Pause Young (Allocation Failure) 1781M->1228M(1979M) 4.758ms
[182.008s][info][gc,cpu         ] GC(1868) User=0.00s Sys=0.00s Real=0.00s
[182.096s][info][gc,start       ] GC(1869) Pause Young (Allocation Failure)
[182.101s][info][gc,heap        ] GC(1869) DefNew: 585522K(629120K)->31076K(629120K) Eden: 559232K(559232K)->0K(559232K) From: 26290K(69888K)->31076K(69888K)
[182.101s][info][gc,heap        ] GC(1869) Tenured: 1231214K(1398144K)->1231214K(1398144K)
[182.101s][info][gc,metaspace   ] GC(1869) Metaspace: 132734K(134464K)->132734K(134464K) NonClass: 115879K(116672K)->115879K(116672K) Class: 16855K(17792K)->16855K(17792K)
[182.101s][info][gc             ] GC(1869) Pause Young (Allocation Failure) 1774M->1232M(1979M) 4.735ms
[182.101s][info][gc,cpu         ] GC(1869) User=0.00s Sys=0.00s Real=0.00s
[182.190s][info][gc,start       ] GC(1870) Pause Young (Allocation Failure)
[182.196s][info][gc,heap        ] GC(1870) DefNew: 590308K(629120K)->30966K(629120K) Eden: 559232K(559232K)->0K(559232K) From: 31076K(69888K)->30966K(69888K)
[182.196s][info][gc,heap        ] GC(1870) Tenured: 1231214K(1398144K)->1231214K(1398144K)
[182.196s][info][gc,metaspace   ] GC(1870) Metaspace: 132734K(134464K)->132734K(134464K) NonClass: 115879K(116672K)->115879K(116672K) Class: 16855K(17792K)->16855K(17792K)
[182.196s][info][gc             ] GC(1870) Pause Young (Allocation Failure) 1778M->1232M(1979M) 5.135ms
[182.196s][info][gc,cpu         ] GC(1870) User=0.00s Sys=0.00s Real=0.00s
[182.283s][info][gc,start       ] GC(1871) Pause Young (Allocation Failure)
[182.288s][info][gc,heap        ] GC(1871) DefNew: 590198K(629120K)->28740K(629120K) Eden: 559232K(559232K)->0K(559232K) From: 30966K(69888K)->28740K(69888K)
[182.288s][info][gc,heap        ] GC(1871) Tenured: 1231214K(1398144K)->1231214K(1398144K)
[182.288s][info][gc,metaspace   ] GC(1871) Metaspace: 132734K(134464K)->132734K(134464K) NonClass: 115879K(116672K)->115879K(116672K) Class: 16855K(17792K)->16855K(17792K)
[182.288s][info][gc             ] GC(1871) Pause Young (Allocation Failure) 1778M->1230M(1979M) 4.546ms
[182.288s][info][gc,cpu         ] GC(1871) User=0.00s Sys=0.00s Real=0.00s
[182.376s][info][gc,start       ] GC(1872) Pause Young (Allocation Failure)
[182.381s][info][gc,heap        ] GC(1872) DefNew: 587972K(629120K)->34196K(629120K) Eden: 559232K(559232K)->0K(559232K) From: 28740K(69888K)->34196K(69888K)
[182.381s][info][gc,heap        ] GC(1872) Tenured: 1231214K(1398144K)->1231214K(1398144K)
[182.381s][info][gc,metaspace   ] GC(1872) Metaspace: 132734K(134464K)->132734K(134464K) NonClass: 115879K(116672K)->115879K(116672K) Class: 16855K(17792K)->16855K(17792K)
[182.381s][info][gc             ] GC(1872) Pause Young (Allocation Failure) 1776M->1235M(1979M) 5.283ms
[182.381s][info][gc,cpu         ] GC(1872) User=0.00s Sys=0.00s Real=0.00s
[182.469s][info][gc,start       ] GC(1873) Pause Young (Allocation Failure)
[182.474s][info][gc,heap        ] GC(1873) DefNew: 593428K(629120K)->26282K(629120K) Eden: 559232K(559232K)->0K(559232K) From: 34196K(69888K)->26282K(69888K)
[182.474s][info][gc,heap        ] GC(1873) Tenured: 1231214K(1398144K)->1231214K(1398144K)
[182.474s][info][gc,metaspace   ] GC(1873) Metaspace: 132734K(134464K)->132734K(134464K) NonClass: 115879K(116672K)->115879K(116672K) Class: 16855K(17792K)->16855K(17792K)
[182.474s][info][gc             ] GC(1873) Pause Young (Allocation Failure) 1781M->1228M(1979M) 4.651ms
[182.474s][info][gc,cpu         ] GC(1873) User=0.00s Sys=0.00s Real=0.00s
[182.561s][info][gc,start       ] GC(1874) Pause Young (Allocation Failure)
[182.566s][info][gc,heap        ] GC(1874) DefNew: 585514K(629120K)->29501K(629120K) Eden: 559232K(559232K)->0K(559232K) From: 26282K(69888K)->29501K(69888K)
[182.566s][info][gc,heap        ] GC(1874) Tenured: 1231214K(1398144K)->1231214K(1398144K)
[182.566s][info][gc,metaspace   ] GC(1874) Metaspace: 132734K(134464K)->132734K(134464K) NonClass: 115879K(116672K)->115879K(116672K) Class: 16855K(17792K)->16855K(17792K)
[182.566s][info][gc             ] GC(1874) Pause Young (Allocation Failure) 1774M->1231M(1979M) 5.048ms
[182.566s][info][gc,cpu         ] GC(1874) User=0.00s Sys=0.00s Real=0.02s
[182.653s][info][gc,start       ] GC(1875) Pause Young (Allocation Failure)
[182.658s][info][gc,heap        ] GC(1875) DefNew: 587383K(629120K)->19645K(629120K) Eden: 557882K(559232K)->0K(559232K) From: 29501K(69888K)->19645K(69888K)
[182.658s][info][gc,heap        ] GC(1875) Tenured: 1231214K(1398144K)->1239408K(1398144K)
[182.658s][info][gc,metaspace   ] GC(1875) Metaspace: 132734K(134464K)->132734K(134464K) NonClass: 115879K(116672K)->115879K(116672K) Class: 16855K(17792K)->16855K(17792K)
[182.658s][info][gc             ] GC(1875) Pause Young (Allocation Failure) 1775M->1229M(1979M) 4.859ms
[182.658s][info][gc,cpu         ] GC(1875) User=0.00s Sys=0.00s Real=0.02s
[182.745s][info][gc,start       ] GC(1876) Pause Young (Allocation Failure)
[182.749s][info][gc,heap        ] GC(1876) DefNew: 578877K(629120K)->11427K(629120K) Eden: 559232K(559232K)->0K(559232K) From: 19645K(69888K)->11427K(69888K)
[182.749s][info][gc,heap        ] GC(1876) Tenured: 1239408K(1398144K)->1247644K(1398144K)
[182.749s][info][gc,metaspace   ] GC(1876) Metaspace: 132734K(134464K)->132734K(134464K) NonClass: 115879K(116672K)->115879K(116672K) Class: 16855K(17792K)->16855K(17792K)
[182.749s][info][gc             ] GC(1876) Pause Young (Allocation Failure) 1775M->1229M(1979M) 3.825ms
[182.749s][info][gc,cpu         ] GC(1876) User=0.00s Sys=0.00s Real=0.00s
[182.837s][info][gc,start       ] GC(1877) Pause Young (Allocation Failure)
[182.841s][info][gc,heap        ] GC(1877) DefNew: 570659K(629120K)->17765K(629120K) Eden: 559232K(559232K)->0K(559232K) From: 11427K(69888K)->17765K(69888K)
[182.841s][info][gc,heap        ] GC(1877) Tenured: 1247644K(1398144K)->1247644K(1398144K)
[182.841s][info][gc,metaspace   ] GC(1877) Metaspace: 132734K(134464K)->132734K(134464K) NonClass: 115879K(116672K)->115879K(116672K) Class: 16855K(17792K)->16855K(17792K)
[182.841s][info][gc             ] GC(1877) Pause Young (Allocation Failure) 1775M->1235M(1979M) 3.915ms
[182.841s][info][gc,cpu         ] GC(1877) User=0.00s Sys=0.00s Real=0.00s
[182.927s][info][gc,start       ] GC(1878) Pause Young (Allocation Failure)
[182.931s][info][gc,heap        ] GC(1878) DefNew: 576997K(629120K)->15396K(629120K) Eden: 559232K(559232K)->0K(559232K) From: 17765K(69888K)->15396K(69888K)
[182.931s][info][gc,heap        ] GC(1878) Tenured: 1247644K(1398144K)->1247644K(1398144K)
[182.931s][info][gc,metaspace   ] GC(1878) Metaspace: 132734K(134464K)->132734K(134464K) NonClass: 115879K(116672K)->115879K(116672K) Class: 16855K(17792K)->16855K(17792K)
[182.931s][info][gc             ] GC(1878) Pause Young (Allocation Failure) 1781M->1233M(1979M) 3.608ms
[182.931s][info][gc,cpu         ] GC(1878) User=0.00s Sys=0.00s Real=0.01s
[183.032s][info][gc,start       ] GC(1879) Pause Young (Allocation Failure)
[183.036s][info][gc,heap        ] GC(1879) DefNew: 574628K(629120K)->14186K(629120K) Eden: 559232K(559232K)->0K(559232K) From: 15396K(69888K)->14186K(69888K)
[183.036s][info][gc,heap        ] GC(1879) Tenured: 1247644K(1398144K)->1247644K(1398144K)
[183.036s][info][gc,metaspace   ] GC(1879) Metaspace: 132737K(134464K)->132737K(134464K) NonClass: 115882K(116672K)->115882K(116672K) Class: 16855K(17792K)->16855K(17792K)
[183.036s][info][gc             ] GC(1879) Pause Young (Allocation Failure) 1779M->1232M(1979M) 3.644ms
[183.036s][info][gc,cpu         ] GC(1879) User=0.00s Sys=0.00s Real=0.00s
[183.188s][info][gc,start       ] GC(1880) Pause Full (System.gc())
[183.188s][info][gc,phases,start] GC(1880) Phase 1: Mark live objects
[183.248s][info][gc,phases      ] GC(1880) Phase 1: Mark live objects 59.233ms
[183.248s][info][gc,phases,start] GC(1880) Phase 2: Compute new object addresses
[183.293s][info][gc,phases      ] GC(1880) Phase 2: Compute new object addresses 45.367ms
[183.293s][info][gc,phases,start] GC(1880) Phase 3: Adjust pointers
[183.327s][info][gc,phases      ] GC(1880) Phase 3: Adjust pointers 33.429ms
[183.327s][info][gc,phases,start] GC(1880) Phase 4: Move objects
[183.412s][info][gc,phases      ] GC(1880) Phase 4: Move objects 85.823ms
[183.413s][info][gc,heap        ] GC(1880) DefNew: 268325K(629120K)->0K(629120K) Eden: 254138K(559232K)->0K(559232K) From: 14186K(69888K)->0K(69888K)
[183.413s][info][gc,heap        ] GC(1880) Tenured: 1247644K(1398144K)->970463K(1398144K)
[183.413s][info][gc,metaspace   ] GC(1880) Metaspace: 132756K(134464K)->132756K(134464K) NonClass: 115901K(116672K)->115901K(116672K) Class: 16855K(17792K)->16855K(17792K)
[183.413s][info][gc             ] GC(1880) Pause Full (System.gc()) 1480M->947M(1979M) 224.948ms
[183.413s][info][gc,cpu         ] GC(1880) User=0.22s Sys=0.00s Real=0.24s
[183.531s][info][gc,start       ] GC(1881) Pause Young (Allocation Failure)
[183.536s][info][gc,heap        ] GC(1881) DefNew: 559232K(629120K)->4944K(629120K) Eden: 559232K(559232K)->0K(559232K) From: 0K(69888K)->4944K(69888K)
[183.536s][info][gc,heap        ] GC(1881) Tenured: 970463K(1398144K)->970463K(1398144K)
[183.536s][info][gc,metaspace   ] GC(1881) Metaspace: 132776K(134464K)->132776K(134464K) NonClass: 115921K(116672K)->115921K(116672K) Class: 16855K(17792K)->16855K(17792K)
[183.536s][info][gc             ] GC(1881) Pause Young (Allocation Failure) 1493M->952M(1979M) 4.675ms
[183.536s][info][gc,cpu         ] GC(1881) User=0.00s Sys=0.00s Real=0.00s
[183.592s][info][gc,start       ] GC(1882) Pause Young (Allocation Failure)
[183.596s][info][gc,heap        ] GC(1882) DefNew: 564176K(629120K)->9906K(629120K) Eden: 559232K(559232K)->0K(559232K) From: 4944K(69888K)->9906K(69888K)
[183.596s][info][gc,heap        ] GC(1882) Tenured: 970463K(1398144K)->970463K(1398144K)
[183.596s][info][gc,metaspace   ] GC(1882) Metaspace: 132776K(134464K)->132776K(134464K) NonClass: 115921K(116672K)->115921K(116672K) Class: 16855K(17792K)->16855K(17792K)
[183.596s][info][gc             ] GC(1882) Pause Young (Allocation Failure) 1498M->957M(1979M) 4.171ms
[183.596s][info][gc,cpu         ] GC(1882) User=0.00s Sys=0.00s Real=0.00s
[183.650s][info][gc,start       ] GC(1883) Pause Young (Allocation Failure)
[183.654s][info][gc,heap        ] GC(1883) DefNew: 569138K(629120K)->9026K(629120K) Eden: 559232K(559232K)->0K(559232K) From: 9906K(69888K)->9026K(69888K)
[183.654s][info][gc,heap        ] GC(1883) Tenured: 970463K(1398144K)->970463K(1398144K)
[183.654s][info][gc,metaspace   ] GC(1883) Metaspace: 132776K(134464K)->132776K(134464K) NonClass: 115921K(116672K)->115921K(116672K) Class: 16855K(17792K)->16855K(17792K)
[183.654s][info][gc             ] GC(1883) Pause Young (Allocation Failure) 1503M->956M(1979M) 4.220ms
[183.654s][info][gc,cpu         ] GC(1883) User=0.00s Sys=0.00s Real=0.02s
[183.709s][info][gc,start       ] GC(1884) Pause Young (Allocation Failure)
[183.713s][info][gc,heap        ] GC(1884) DefNew: 568258K(629120K)->10387K(629120K) Eden: 559232K(559232K)->0K(559232K) From: 9026K(69888K)->10387K(69888K)
[183.713s][info][gc,heap        ] GC(1884) Tenured: 970463K(1398144K)->970463K(1398144K)
[183.713s][info][gc,metaspace   ] GC(1884) Metaspace: 132776K(134464K)->132776K(134464K) NonClass: 115921K(116672K)->115921K(116672K) Class: 16855K(17792K)->16855K(17792K)
[183.713s][info][gc             ] GC(1884) Pause Young (Allocation Failure) 1502M->957M(1979M) 4.236ms
[183.713s][info][gc,cpu         ] GC(1884) User=0.00s Sys=0.00s Real=0.00s
[183.769s][info][gc,start       ] GC(1885) Pause Young (Allocation Failure)
[183.773s][info][gc,heap        ] GC(1885) DefNew: 569619K(629120K)->13257K(629120K) Eden: 559232K(559232K)->0K(559232K) From: 10387K(69888K)->13257K(69888K)
[183.773s][info][gc,heap        ] GC(1885) Tenured: 970463K(1398144K)->970463K(1398144K)
[183.773s][info][gc,metaspace   ] GC(1885) Metaspace: 132778K(134464K)->132778K(134464K) NonClass: 115923K(116672K)->115923K(116672K) Class: 16855K(17792K)->16855K(17792K)
[183.773s][info][gc             ] GC(1885) Pause Young (Allocation Failure) 1503M->960M(1979M) 4.825ms
[183.773s][info][gc,cpu         ] GC(1885) User=0.00s Sys=0.00s Real=0.00s
[183.829s][info][gc,start       ] GC(1886) Pause Young (Allocation Failure)
[183.835s][info][gc,heap        ] GC(1886) DefNew: 572489K(629120K)->18282K(629120K) Eden: 559232K(559232K)->0K(559232K) From: 13257K(69888K)->18282K(69888K)
[183.835s][info][gc,heap        ] GC(1886) Tenured: 970463K(1398144K)->970463K(1398144K)
[183.835s][info][gc,metaspace   ] GC(1886) Metaspace: 132778K(134464K)->132778K(134464K) NonClass: 115923K(116672K)->115923K(116672K) Class: 16855K(17792K)->16855K(17792K)
[183.835s][info][gc             ] GC(1886) Pause Young (Allocation Failure) 1506M->965M(1979M) 5.275ms
[183.835s][info][gc,cpu         ] GC(1886) User=0.00s Sys=0.00s Real=0.01s
[183.891s][info][gc,start       ] GC(1887) Pause Young (Allocation Failure)
[183.896s][info][gc,heap        ] GC(1887) DefNew: 577514K(629120K)->27779K(629120K) Eden: 559232K(559232K)->0K(559232K) From: 18282K(69888K)->27779K(69888K)
[183.896s][info][gc,heap        ] GC(1887) Tenured: 970463K(1398144K)->970463K(1398144K)
[183.896s][info][gc,metaspace   ] GC(1887) Metaspace: 132778K(134464K)->132778K(134464K) NonClass: 115923K(116672K)->115923K(116672K) Class: 16855K(17792K)->16855K(17792K)
[183.897s][info][gc             ] GC(1887) Pause Young (Allocation Failure) 1511M->974M(1979M) 5.848ms
[183.897s][info][gc,cpu         ] GC(1887) User=0.00s Sys=0.00s Real=0.00s
[183.953s][info][gc,start       ] GC(1888) Pause Young (Allocation Failure)
[183.959s][info][gc,heap        ] GC(1888) DefNew: 587011K(629120K)->27270K(629120K) Eden: 559232K(559232K)->0K(559232K) From: 27779K(69888K)->27270K(69888K)
[183.959s][info][gc,heap        ] GC(1888) Tenured: 970463K(1398144K)->970463K(1398144K)
[183.959s][info][gc,metaspace   ] GC(1888) Metaspace: 132778K(134464K)->132778K(134464K) NonClass: 115923K(116672K)->115923K(116672K) Class: 16855K(17792K)->16855K(17792K)
[183.959s][info][gc             ] GC(1888) Pause Young (Allocation Failure) 1520M->974M(1979M) 6.027ms
[183.959s][info][gc,cpu         ] GC(1888) User=0.02s Sys=0.00s Real=0.00s
[184.015s][info][gc,start       ] GC(1889) Pause Young (Allocation Failure)
[184.022s][info][gc,heap        ] GC(1889) DefNew: 586502K(629120K)->33114K(629120K) Eden: 559232K(559232K)->0K(559232K) From: 27270K(69888K)->33114K(69888K)
[184.022s][info][gc,heap        ] GC(1889) Tenured: 970463K(1398144K)->970463K(1398144K)
[184.022s][info][gc,metaspace   ] GC(1889) Metaspace: 132778K(134464K)->132778K(134464K) NonClass: 115923K(116672K)->115923K(116672K) Class: 16855K(17792K)->16855K(17792K)
[184.022s][info][gc             ] GC(1889) Pause Young (Allocation Failure) 1520M->980M(1979M) 6.629ms
[184.022s][info][gc,cpu         ] GC(1889) User=0.02s Sys=0.00s Real=0.00s
[184.077s][info][gc,start       ] GC(1890) Pause Young (Allocation Failure)
[184.084s][info][gc,heap        ] GC(1890) DefNew: 592346K(629120K)->35467K(629120K) Eden: 559232K(559232K)->0K(559232K) From: 33114K(69888K)->35467K(69888K)
[184.084s][info][gc,heap        ] GC(1890) Tenured: 970463K(1398144K)->970463K(1398144K)
[184.084s][info][gc,metaspace   ] GC(1890) Metaspace: 132778K(134464K)->132778K(134464K) NonClass: 115923K(116672K)->115923K(116672K) Class: 16855K(17792K)->16855K(17792K)
[184.084s][info][gc             ] GC(1890) Pause Young (Allocation Failure) 1526M->982M(1979M) 6.710ms
[184.084s][info][gc,cpu         ] GC(1890) User=0.00s Sys=0.00s Real=0.00s
[184.141s][info][gc,start       ] GC(1891) Pause Young (Allocation Failure)
[184.149s][info][gc,heap        ] GC(1891) DefNew: 594699K(629120K)->39725K(629120K) Eden: 559232K(559232K)->0K(559232K) From: 35467K(69888K)->39725K(69888K)
[184.149s][info][gc,heap        ] GC(1891) Tenured: 970463K(1398144K)->972046K(1398144K)
[184.149s][info][gc,metaspace   ] GC(1891) Metaspace: 132778K(134464K)->132778K(134464K) NonClass: 115923K(116672K)->115923K(116672K) Class: 16855K(17792K)->16855K(17792K)
[184.149s][info][gc             ] GC(1891) Pause Young (Allocation Failure) 1528M->988M(1979M) 7.722ms
[184.149s][info][gc,cpu         ] GC(1891) User=0.02s Sys=0.00s Real=0.00s
[184.206s][info][gc,start       ] GC(1892) Pause Young (Allocation Failure)
[184.212s][info][gc,heap        ] GC(1892) DefNew: 598957K(629120K)->33886K(629120K) Eden: 559232K(559232K)->0K(559232K) From: 39725K(69888K)->33886K(69888K)
[184.212s][info][gc,heap        ] GC(1892) Tenured: 972046K(1398144K)->980240K(1398144K)
[184.212s][info][gc,metaspace   ] GC(1892) Metaspace: 132778K(134464K)->132778K(134464K) NonClass: 115923K(116672K)->115923K(116672K) Class: 16855K(17792K)->16855K(17792K)
[184.212s][info][gc             ] GC(1892) Pause Young (Allocation Failure) 1534M->990M(1979M) 6.249ms
[184.212s][info][gc,cpu         ] GC(1892) User=0.00s Sys=0.00s Real=0.00s
[184.268s][info][gc,start       ] GC(1893) Pause Young (Allocation Failure)
[184.274s][info][gc,heap        ] GC(1893) DefNew: 593118K(629120K)->39725K(629120K) Eden: 559232K(559232K)->0K(559232K) From: 33886K(69888K)->39725K(69888K)
[184.274s][info][gc,heap        ] GC(1893) Tenured: 980240K(1398144K)->980240K(1398144K)
[184.274s][info][gc,metaspace   ] GC(1893) Metaspace: 132778K(134464K)->132778K(134464K) NonClass: 115923K(116672K)->115923K(116672K) Class: 16855K(17792K)->16855K(17792K)
[184.274s][info][gc             ] GC(1893) Pause Young (Allocation Failure) 1536M->996M(1979M) 6.053ms
[184.274s][info][gc,cpu         ] GC(1893) User=0.02s Sys=0.00s Real=0.00s
[184.329s][info][gc,start       ] GC(1894) Pause Young (Allocation Failure)
[184.336s][info][gc,heap        ] GC(1894) DefNew: 598957K(629120K)->32596K(629120K) Eden: 559232K(559232K)->0K(559232K) From: 39725K(69888K)->32596K(69888K)
[184.336s][info][gc,heap        ] GC(1894) Tenured: 980240K(1398144K)->992840K(1398144K)
[184.336s][info][gc,metaspace   ] GC(1894) Metaspace: 132778K(134464K)->132778K(134464K) NonClass: 115923K(116672K)->115923K(116672K) Class: 16855K(17792K)->16855K(17792K)
[184.336s][info][gc             ] GC(1894) Pause Young (Allocation Failure) 1542M->1001M(1979M) 6.506ms
[184.336s][info][gc,cpu         ] GC(1894) User=0.00s Sys=0.00s Real=0.01s
[184.392s][info][gc,start       ] GC(1895) Pause Young (Allocation Failure)
[184.397s][info][gc,heap        ] GC(1895) DefNew: 591828K(629120K)->35340K(629120K) Eden: 559232K(559232K)->0K(559232K) From: 32596K(69888K)->35340K(69888K)
[184.397s][info][gc,heap        ] GC(1895) Tenured: 992840K(1398144K)->992840K(1398144K)
[184.397s][info][gc,metaspace   ] GC(1895) Metaspace: 132778K(134464K)->132778K(134464K) NonClass: 115923K(116672K)->115923K(116672K) Class: 16855K(17792K)->16855K(17792K)
[184.397s][info][gc             ] GC(1895) Pause Young (Allocation Failure) 1547M->1004M(1979M) 5.202ms
[184.397s][info][gc,cpu         ] GC(1895) User=0.00s Sys=0.00s Real=0.00s
[184.453s][info][gc,start       ] GC(1896) Pause Young (Allocation Failure)
[184.458s][info][gc,heap        ] GC(1896) DefNew: 594572K(629120K)->35126K(629120K) Eden: 559232K(559232K)->0K(559232K) From: 35340K(69888K)->35126K(69888K)
[184.458s][info][gc,heap        ] GC(1896) Tenured: 992840K(1398144K)->996937K(1398144K)
[184.458s][info][gc,metaspace   ] GC(1896) Metaspace: 132778K(134464K)->132778K(134464K) NonClass: 115923K(116672K)->115923K(116672K) Class: 16855K(17792K)->16855K(17792K)
[184.458s][info][gc             ] GC(1896) Pause Young (Allocation Failure) 1550M->1007M(1979M) 5.505ms
[184.458s][info][gc,cpu         ] GC(1896) User=0.00s Sys=0.00s Real=0.00s
[184.524s][info][gc,start       ] GC(1897) Pause Young (Allocation Failure)
[184.530s][info][gc,heap        ] GC(1897) DefNew: 594358K(629120K)->36622K(629120K) Eden: 559232K(559232K)->0K(559232K) From: 35126K(69888K)->36622K(69888K)
[184.530s][info][gc,heap        ] GC(1897) Tenured: 996937K(1398144K)->1001034K(1398144K)
[184.530s][info][gc,metaspace   ] GC(1897) Metaspace: 132779K(134464K)->132779K(134464K) NonClass: 115924K(116672K)->115924K(116672K) Class: 16855K(17792K)->16855K(17792K)
[184.530s][info][gc             ] GC(1897) Pause Young (Allocation Failure) 1554M->1013M(1979M) 6.124ms
[184.530s][info][gc,cpu         ] GC(1897) User=0.00s Sys=0.00s Real=0.02s
[184.619s][info][gc,start       ] GC(1898) Pause Young (Allocation Failure)
[184.626s][info][gc,heap        ] GC(1898) DefNew: 595854K(629120K)->50042K(629120K) Eden: 559232K(559232K)->0K(559232K) From: 36622K(69888K)->50042K(69888K)
[184.626s][info][gc,heap        ] GC(1898) Tenured: 1001034K(1398144K)->1005131K(1398144K)
[184.626s][info][gc,metaspace   ] GC(1898) Metaspace: 132779K(134464K)->132779K(134464K) NonClass: 115924K(116672K)->115924K(116672K) Class: 16855K(17792K)->16855K(17792K)
[184.626s][info][gc             ] GC(1898) Pause Young (Allocation Failure) 1559M->1030M(1979M) 7.549ms
[184.626s][info][gc,cpu         ] GC(1898) User=0.00s Sys=0.00s Real=0.02s
[184.714s][info][gc,start       ] GC(1899) Pause Young (Allocation Failure)
[184.721s][info][gc,heap        ] GC(1899) DefNew: 609274K(629120K)->43791K(629120K) Eden: 559232K(559232K)->0K(559232K) From: 50042K(69888K)->43791K(69888K)
[184.721s][info][gc,heap        ] GC(1899) Tenured: 1005131K(1398144K)->1021521K(1398144K)
[184.721s][info][gc,metaspace   ] GC(1899) Metaspace: 132779K(134464K)->132779K(134464K) NonClass: 115924K(116672K)->115924K(116672K) Class: 16855K(17792K)->16855K(17792K)
[184.722s][info][gc             ] GC(1899) Pause Young (Allocation Failure) 1576M->1040M(1979M) 7.747ms
[184.722s][info][gc,cpu         ] GC(1899) User=0.02s Sys=0.00s Real=0.01s
[184.811s][info][gc,start       ] GC(1900) Pause Young (Allocation Failure)
[184.819s][info][gc,heap        ] GC(1900) DefNew: 603023K(629120K)->42743K(629120K) Eden: 559232K(559232K)->0K(559232K) From: 43791K(69888K)->42743K(69888K)
[184.819s][info][gc,heap        ] GC(1900) Tenured: 1021521K(1398144K)->1034265K(1398144K)
[184.819s][info][gc,metaspace   ] GC(1900) Metaspace: 132779K(134464K)->132779K(134464K) NonClass: 115924K(116672K)->115924K(116672K) Class: 16855K(17792K)->16855K(17792K)
[184.819s][info][gc             ] GC(1900) Pause Young (Allocation Failure) 1586M->1051M(1979M) 7.546ms
[184.819s][info][gc,cpu         ] GC(1900) User=0.00s Sys=0.00s Real=0.02s
[184.907s][info][gc,start       ] GC(1901) Pause Young (Allocation Failure)
[184.915s][info][gc,heap        ] GC(1901) DefNew: 601975K(629120K)->53662K(629120K) Eden: 559232K(559232K)->0K(559232K) From: 42743K(69888K)->53662K(69888K)
[184.915s][info][gc,heap        ] GC(1901) Tenured: 1034265K(1398144K)->1042482K(1398144K)
[184.915s][info][gc,metaspace   ] GC(1901) Metaspace: 132779K(134464K)->132779K(134464K) NonClass: 115924K(116672K)->115924K(116672K) Class: 16855K(17792K)->16855K(17792K)
[184.915s][info][gc             ] GC(1901) Pause Young (Allocation Failure) 1597M->1070M(1979M) 7.593ms
[184.915s][info][gc,cpu         ] GC(1901) User=0.00s Sys=0.00s Real=0.02s
[185.005s][info][gc,start       ] GC(1902) Pause Young (Allocation Failure)
[185.013s][info][gc,heap        ] GC(1902) DefNew: 612894K(629120K)->31028K(629120K) Eden: 559232K(559232K)->0K(559232K) From: 53662K(69888K)->31028K(69888K)
[185.013s][info][gc,heap        ] GC(1902) Tenured: 1042482K(1398144K)->1075260K(1398144K)
[185.013s][info][gc,metaspace   ] GC(1902) Metaspace: 132779K(134464K)->132779K(134464K) NonClass: 115924K(116672K)->115924K(116672K) Class: 16855K(17792K)->16855K(17792K)
[185.013s][info][gc             ] GC(1902) Pause Young (Allocation Failure) 1616M->1080M(1979M) 7.666ms
[185.013s][info][gc,cpu         ] GC(1902) User=0.00s Sys=0.00s Real=0.00s
[185.103s][info][gc,start       ] GC(1903) Pause Young (Allocation Failure)
[185.108s][info][gc,heap        ] GC(1903) DefNew: 590260K(629120K)->41733K(629120K) Eden: 559232K(559232K)->0K(559232K) From: 31028K(69888K)->41733K(69888K)
[185.108s][info][gc,heap        ] GC(1903) Tenured: 1075260K(1398144K)->1075260K(1398144K)
[185.108s][info][gc,metaspace   ] GC(1903) Metaspace: 132779K(134464K)->132779K(134464K) NonClass: 115924K(116672K)->115924K(116672K) Class: 16855K(17792K)->16855K(17792K)
[185.108s][info][gc             ] GC(1903) Pause Young (Allocation Failure) 1626M->1090M(1979M) 5.545ms
[185.108s][info][gc,cpu         ] GC(1903) User=0.00s Sys=0.00s Real=0.00s
[185.199s][info][gc,start       ] GC(1904) Pause Young (Allocation Failure)
[185.206s][info][gc,heap        ] GC(1904) DefNew: 600965K(629120K)->44254K(629120K) Eden: 559232K(559232K)->0K(559232K) From: 41733K(69888K)->44254K(69888K)
[185.206s][info][gc,heap        ] GC(1904) Tenured: 1075260K(1398144K)->1083455K(1398144K)
[185.206s][info][gc,metaspace   ] GC(1904) Metaspace: 132779K(134464K)->132779K(134464K) NonClass: 115924K(116672K)->115924K(116672K) Class: 16855K(17792K)->16855K(17792K)
[185.206s][info][gc             ] GC(1904) Pause Young (Allocation Failure) 1636M->1101M(1979M) 6.860ms
[185.206s][info][gc,cpu         ] GC(1904) User=0.00s Sys=0.00s Real=0.00s
[185.288s][info][gc,start       ] GC(1905) Pause Young (Allocation Failure)
[185.295s][info][gc,heap        ] GC(1905) DefNew: 603486K(629120K)->34489K(629120K) Eden: 559232K(559232K)->0K(559232K) From: 44254K(69888K)->34489K(69888K)
[185.295s][info][gc,heap        ] GC(1905) Tenured: 1083455K(1398144K)->1099843K(1398144K)
[185.295s][info][gc,metaspace   ] GC(1905) Metaspace: 132779K(134464K)->132779K(134464K) NonClass: 115924K(116672K)->115924K(116672K) Class: 16855K(17792K)->16855K(17792K)
[185.295s][info][gc             ] GC(1905) Pause Young (Allocation Failure) 1647M->1107M(1979M) 6.785ms
[185.295s][info][gc,cpu         ] GC(1905) User=0.00s Sys=0.00s Real=0.00s
[185.381s][info][gc,start       ] GC(1906) Pause Young (Allocation Failure)
[185.387s][info][gc,heap        ] GC(1906) DefNew: 593721K(629120K)->47371K(629120K) Eden: 559232K(559232K)->0K(559232K) From: 34489K(69888K)->47371K(69888K)
[185.387s][info][gc,heap        ] GC(1906) Tenured: 1099843K(1398144K)->1099843K(1398144K)
[185.387s][info][gc,metaspace   ] GC(1906) Metaspace: 132779K(134464K)->132779K(134464K) NonClass: 115924K(116672K)->115924K(116672K) Class: 16855K(17792K)->16855K(17792K)
[185.387s][info][gc             ] GC(1906) Pause Young (Allocation Failure) 1653M->1120M(1979M) 6.138ms
[185.387s][info][gc,cpu         ] GC(1906) User=0.00s Sys=0.00s Real=0.00s
[185.474s][info][gc,start       ] GC(1907) Pause Young (Allocation Failure)
[185.481s][info][gc,heap        ] GC(1907) DefNew: 606603K(629120K)->37701K(629120K) Eden: 559232K(559232K)->0K(559232K) From: 47371K(69888K)->37701K(69888K)
[185.481s][info][gc,heap        ] GC(1907) Tenured: 1099843K(1398144K)->1116235K(1398144K)
[185.481s][info][gc,metaspace   ] GC(1907) Metaspace: 132779K(134464K)->132779K(134464K) NonClass: 115924K(116672K)->115924K(116672K) Class: 16855K(17792K)->16855K(17792K)
[185.481s][info][gc             ] GC(1907) Pause Young (Allocation Failure) 1666M->1126M(1979M) 7.022ms
[185.481s][info][gc,cpu         ] GC(1907) User=0.00s Sys=0.00s Real=0.02s
[185.568s][info][gc,start       ] GC(1908) Pause Young (Allocation Failure)
[185.575s][info][gc,heap        ] GC(1908) DefNew: 596933K(629120K)->39601K(629120K) Eden: 559232K(559232K)->0K(559232K) From: 37701K(69888K)->39601K(69888K)
[185.575s][info][gc,heap        ] GC(1908) Tenured: 1116235K(1398144K)->1124475K(1398144K)
[185.575s][info][gc,metaspace   ] GC(1908) Metaspace: 132779K(134464K)->132779K(134464K) NonClass: 115924K(116672K)->115924K(116672K) Class: 16855K(17792K)->16855K(17792K)
[185.575s][info][gc             ] GC(1908) Pause Young (Allocation Failure) 1673M->1136M(1979M) 6.590ms
[185.575s][info][gc,cpu         ] GC(1908) User=0.02s Sys=0.00s Real=0.02s
[185.662s][info][gc,start       ] GC(1909) Pause Young (Allocation Failure)
[185.667s][info][gc,heap        ] GC(1909) DefNew: 598833K(629120K)->32764K(629120K) Eden: 559232K(559232K)->0K(559232K) From: 39601K(69888K)->32764K(69888K)
[185.667s][info][gc,heap        ] GC(1909) Tenured: 1124475K(1398144K)->1132671K(1398144K)
[185.667s][info][gc,metaspace   ] GC(1909) Metaspace: 132779K(134464K)->132779K(134464K) NonClass: 115924K(116672K)->115924K(116672K) Class: 16855K(17792K)->16855K(17792K)
[185.668s][info][gc             ] GC(1909) Pause Young (Allocation Failure) 1682M->1138M(1979M) 5.712ms
[185.668s][info][gc,cpu         ] GC(1909) User=0.00s Sys=0.00s Real=0.02s
[185.754s][info][gc,start       ] GC(1910) Pause Young (Allocation Failure)
[185.760s][info][gc,heap        ] GC(1910) DefNew: 591996K(629120K)->41748K(629120K) Eden: 559232K(559232K)->0K(559232K) From: 32764K(69888K)->41748K(69888K)
[185.760s][info][gc,heap        ] GC(1910) Tenured: 1132671K(1398144K)->1132671K(1398144K)
[185.760s][info][gc,metaspace   ] GC(1910) Metaspace: 132779K(134464K)->132779K(134464K) NonClass: 115924K(116672K)->115924K(116672K) Class: 16855K(17792K)->16855K(17792K)
[185.760s][info][gc             ] GC(1910) Pause Young (Allocation Failure) 1684M->1146M(1979M) 6.018ms
[185.760s][info][gc,cpu         ] GC(1910) User=0.00s Sys=0.00s Real=0.02s
[185.847s][info][gc,start       ] GC(1911) Pause Young (Allocation Failure)
[185.853s][info][gc,heap        ] GC(1911) DefNew: 600980K(629120K)->35020K(629120K) Eden: 559232K(559232K)->0K(559232K) From: 41748K(69888K)->35020K(69888K)
[185.853s][info][gc,heap        ] GC(1911) Tenured: 1132671K(1398144K)->1144963K(1398144K)
[185.853s][info][gc,metaspace   ] GC(1911) Metaspace: 132779K(134464K)->132779K(134464K) NonClass: 115924K(116672K)->115924K(116672K) Class: 16855K(17792K)->16855K(17792K)
[185.853s][info][gc             ] GC(1911) Pause Young (Allocation Failure) 1693M->1152M(1979M) 6.244ms
[185.853s][info][gc,cpu         ] GC(1911) User=0.00s Sys=0.00s Real=0.00s
[185.942s][info][gc,start       ] GC(1912) Pause Young (Allocation Failure)
[185.948s][info][gc,heap        ] GC(1912) DefNew: 594252K(629120K)->30385K(629120K) Eden: 559232K(559232K)->0K(559232K) From: 35020K(69888K)->30385K(69888K)
[185.948s][info][gc,heap        ] GC(1912) Tenured: 1144963K(1398144K)->1153157K(1398144K)
[185.948s][info][gc,metaspace   ] GC(1912) Metaspace: 132779K(134464K)->132779K(134464K) NonClass: 115924K(116672K)->115924K(116672K) Class: 16855K(17792K)->16855K(17792K)
[185.948s][info][gc             ] GC(1912) Pause Young (Allocation Failure) 1698M->1155M(1979M) 6.061ms
[185.948s][info][gc,cpu         ] GC(1912) User=0.00s Sys=0.00s Real=0.01s
[186.032s][info][gc,start       ] GC(1913) Pause Young (Allocation Failure)
[186.037s][info][gc,heap        ] GC(1913) DefNew: 589617K(629120K)->31959K(629120K) Eden: 559232K(559232K)->0K(559232K) From: 30385K(69888K)->31959K(69888K)
[186.037s][info][gc,heap        ] GC(1913) Tenured: 1153157K(1398144K)->1153157K(1398144K)
[186.037s][info][gc,metaspace   ] GC(1913) Metaspace: 132780K(134464K)->132780K(134464K) NonClass: 115924K(116672K)->115924K(116672K) Class: 16855K(17792K)->16855K(17792K)
[186.037s][info][gc             ] GC(1913) Pause Young (Allocation Failure) 1701M->1157M(1979M) 5.158ms
[186.037s][info][gc,cpu         ] GC(1913) User=0.00s Sys=0.00s Real=0.00s
[186.120s][info][gc,start       ] GC(1914) Pause Young (Allocation Failure)
[186.124s][info][gc,heap        ] GC(1914) DefNew: 591191K(629120K)->28736K(629120K) Eden: 559232K(559232K)->0K(559232K) From: 31959K(69888K)->28736K(69888K)
[186.125s][info][gc,heap        ] GC(1914) Tenured: 1153157K(1398144K)->1153157K(1398144K)
[186.125s][info][gc,metaspace   ] GC(1914) Metaspace: 132780K(134464K)->132780K(134464K) NonClass: 115924K(116672K)->115924K(116672K) Class: 16855K(17792K)->16855K(17792K)
[186.125s][info][gc             ] GC(1914) Pause Young (Allocation Failure) 1703M->1154M(1979M) 4.975ms
[186.125s][info][gc,cpu         ] GC(1914) User=0.00s Sys=0.00s Real=0.01s
[186.208s][info][gc,start       ] GC(1915) Pause Young (Allocation Failure)
[186.212s][info][gc,heap        ] GC(1915) DefNew: 587968K(629120K)->30394K(629120K) Eden: 559232K(559232K)->0K(559232K) From: 28736K(69888K)->30394K(69888K)
[186.212s][info][gc,heap        ] GC(1915) Tenured: 1153157K(1398144K)->1153157K(1398144K)
[186.212s][info][gc,metaspace   ] GC(1915) Metaspace: 132780K(134464K)->132780K(134464K) NonClass: 115924K(116672K)->115924K(116672K) Class: 16855K(17792K)->16855K(17792K)
[186.212s][info][gc             ] GC(1915) Pause Young (Allocation Failure) 1700M->1155M(1979M) 4.793ms
[186.212s][info][gc,cpu         ] GC(1915) User=0.00s Sys=0.00s Real=0.00s
[186.300s][info][gc,start       ] GC(1916) Pause Young (Allocation Failure)
[186.305s][info][gc,heap        ] GC(1916) DefNew: 589626K(629120K)->39258K(629120K) Eden: 559232K(559232K)->0K(559232K) From: 30394K(69888K)->39258K(69888K)
[186.305s][info][gc,heap        ] GC(1916) Tenured: 1153157K(1398144K)->1153157K(1398144K)
[186.305s][info][gc,metaspace   ] GC(1916) Metaspace: 132780K(134464K)->132780K(134464K) NonClass: 115924K(116672K)->115924K(116672K) Class: 16855K(17792K)->16855K(17792K)
[186.305s][info][gc             ] GC(1916) Pause Young (Allocation Failure) 1701M->1164M(1979M) 5.586ms
[186.305s][info][gc,cpu         ] GC(1916) User=0.00s Sys=0.00s Real=0.00s
[186.392s][info][gc,start       ] GC(1917) Pause Young (Allocation Failure)
[186.398s][info][gc,heap        ] GC(1917) DefNew: 598490K(629120K)->27164K(629120K) Eden: 559232K(559232K)->0K(559232K) From: 39258K(69888K)->27164K(69888K)
[186.398s][info][gc,heap        ] GC(1917) Tenured: 1153157K(1398144K)->1165447K(1398144K)
[186.398s][info][gc,metaspace   ] GC(1917) Metaspace: 132780K(134464K)->132780K(134464K) NonClass: 115924K(116672K)->115924K(116672K) Class: 16855K(17792K)->16855K(17792K)
[186.398s][info][gc             ] GC(1917) Pause Young (Allocation Failure) 1710M->1164M(1979M) 5.548ms
[186.398s][info][gc,cpu         ] GC(1917) User=0.00s Sys=0.00s Real=0.00s
[186.484s][info][gc,start       ] GC(1918) Pause Young (Allocation Failure)
[186.489s][info][gc,heap        ] GC(1918) DefNew: 586396K(629120K)->24247K(629120K) Eden: 559232K(559232K)->0K(559232K) From: 27164K(69888K)->24247K(69888K)
[186.489s][info][gc,heap        ] GC(1918) Tenured: 1165447K(1398144K)->1165447K(1398144K)
[186.489s][info][gc,metaspace   ] GC(1918) Metaspace: 132780K(134464K)->132780K(134464K) NonClass: 115924K(116672K)->115924K(116672K) Class: 16855K(17792K)->16855K(17792K)
[186.489s][info][gc             ] GC(1918) Pause Young (Allocation Failure) 1710M->1161M(1979M) 4.147ms
[186.489s][info][gc,cpu         ] GC(1918) User=0.00s Sys=0.00s Real=0.00s
[186.576s][info][gc,start       ] GC(1919) Pause Young (Allocation Failure)
[186.581s][info][gc,heap        ] GC(1919) DefNew: 583479K(629120K)->30096K(629120K) Eden: 559232K(559232K)->0K(559232K) From: 24247K(69888K)->30096K(69888K)
[186.581s][info][gc,heap        ] GC(1919) Tenured: 1165447K(1398144K)->1165447K(1398144K)
[186.581s][info][gc,metaspace   ] GC(1919) Metaspace: 132780K(134464K)->132780K(134464K) NonClass: 115924K(116672K)->115924K(116672K) Class: 16855K(17792K)->16855K(17792K)
[186.581s][info][gc             ] GC(1919) Pause Young (Allocation Failure) 1707M->1167M(1979M) 4.975ms
[186.581s][info][gc,cpu         ] GC(1919) User=0.00s Sys=0.00s Real=0.02s
[186.668s][info][gc,start       ] GC(1920) Pause Young (Allocation Failure)
[186.672s][info][gc,heap        ] GC(1920) DefNew: 589328K(629120K)->28528K(629120K) Eden: 559232K(559232K)->0K(559232K) From: 30096K(69888K)->28528K(69888K)
[186.672s][info][gc,heap        ] GC(1920) Tenured: 1165447K(1398144K)->1165447K(1398144K)
[186.672s][info][gc,metaspace   ] GC(1920) Metaspace: 132780K(134464K)->132780K(134464K) NonClass: 115924K(116672K)->115924K(116672K) Class: 16855K(17792K)->16855K(17792K)
[186.672s][info][gc             ] GC(1920) Pause Young (Allocation Failure) 1713M->1165M(1979M) 4.686ms
[186.672s][info][gc,cpu         ] GC(1920) User=0.00s Sys=0.00s Real=0.01s
[186.758s][info][gc,start       ] GC(1921) Pause Young (Allocation Failure)
[186.763s][info][gc,heap        ] GC(1921) DefNew: 587760K(629120K)->25402K(629120K) Eden: 559232K(559232K)->0K(559232K) From: 28528K(69888K)->25402K(69888K)
[186.763s][info][gc,heap        ] GC(1921) Tenured: 1165447K(1398144K)->1165447K(1398144K)
[186.763s][info][gc,metaspace   ] GC(1921) Metaspace: 132780K(134464K)->132780K(134464K) NonClass: 115924K(116672K)->115924K(116672K) Class: 16855K(17792K)->16855K(17792K)
[186.763s][info][gc             ] GC(1921) Pause Young (Allocation Failure) 1712M->1162M(1979M) 4.481ms
[186.763s][info][gc,cpu         ] GC(1921) User=0.00s Sys=0.00s Real=0.00s
[186.850s][info][gc,start       ] GC(1922) Pause Young (Allocation Failure)
[186.854s][info][gc,heap        ] GC(1922) DefNew: 584634K(629120K)->23756K(629120K) Eden: 559232K(559232K)->0K(559232K) From: 25402K(69888K)->23756K(69888K)
[186.854s][info][gc,heap        ] GC(1922) Tenured: 1165447K(1398144K)->1165447K(1398144K)
[186.854s][info][gc,metaspace   ] GC(1922) Metaspace: 132780K(134464K)->132780K(134464K) NonClass: 115924K(116672K)->115924K(116672K) Class: 16855K(17792K)->16855K(17792K)
[186.854s][info][gc             ] GC(1922) Pause Young (Allocation Failure) 1709M->1161M(1979M) 4.218ms
[186.854s][info][gc,cpu         ] GC(1922) User=0.00s Sys=0.00s Real=0.00s
[186.940s][info][gc,start       ] GC(1923) Pause Young (Allocation Failure)
[186.944s][info][gc,heap        ] GC(1923) DefNew: 582988K(629120K)->23762K(629120K) Eden: 559232K(559232K)->0K(559232K) From: 23756K(69888K)->23762K(69888K)
[186.944s][info][gc,heap        ] GC(1923) Tenured: 1165447K(1398144K)->1165447K(1398144K)
[186.944s][info][gc,metaspace   ] GC(1923) Metaspace: 132780K(134464K)->132780K(134464K) NonClass: 115924K(116672K)->115924K(116672K) Class: 16855K(17792K)->16855K(17792K)
[186.944s][info][gc             ] GC(1923) Pause Young (Allocation Failure) 1707M->1161M(1979M) 4.023ms
[186.944s][info][gc,cpu         ] GC(1923) User=0.00s Sys=0.00s Real=0.00s
[187.032s][info][gc,start       ] GC(1924) Pause Young (Allocation Failure)
[187.037s][info][gc,heap        ] GC(1924) DefNew: 582994K(629120K)->30099K(629120K) Eden: 559232K(559232K)->0K(559232K) From: 23762K(69888K)->30099K(69888K)
[187.037s][info][gc,heap        ] GC(1924) Tenured: 1165447K(1398144K)->1165447K(1398144K)
[187.037s][info][gc,metaspace   ] GC(1924) Metaspace: 132780K(134464K)->132780K(134464K) NonClass: 115924K(116672K)->115924K(116672K) Class: 16855K(17792K)->16855K(17792K)
[187.037s][info][gc             ] GC(1924) Pause Young (Allocation Failure) 1707M->1167M(1979M) 5.020ms
[187.037s][info][gc,cpu         ] GC(1924) User=0.00s Sys=0.00s Real=0.01s
[187.125s][info][gc,start       ] GC(1925) Pause Young (Allocation Failure)
[187.130s][info][gc,heap        ] GC(1925) DefNew: 589331K(629120K)->28526K(629120K) Eden: 559232K(559232K)->0K(559232K) From: 30099K(69888K)->28526K(69888K)
[187.130s][info][gc,heap        ] GC(1925) Tenured: 1165447K(1398144K)->1165447K(1398144K)
[187.130s][info][gc,metaspace   ] GC(1925) Metaspace: 132780K(134464K)->132780K(134464K) NonClass: 115924K(116672K)->115924K(116672K) Class: 16855K(17792K)->16855K(17792K)
[187.130s][info][gc             ] GC(1925) Pause Young (Allocation Failure) 1713M->1165M(1979M) 4.894ms
[187.130s][info][gc,cpu         ] GC(1925) User=0.02s Sys=0.00s Real=0.02s
[187.219s][info][gc,start       ] GC(1926) Pause Young (Allocation Failure)
[187.223s][info][gc,heap        ] GC(1926) DefNew: 587758K(629120K)->20126K(629120K) Eden: 559232K(559232K)->0K(559232K) From: 28526K(69888K)->20126K(69888K)
[187.223s][info][gc,heap        ] GC(1926) Tenured: 1165447K(1398144K)->1169545K(1398144K)
[187.223s][info][gc,metaspace   ] GC(1926) Metaspace: 132780K(134464K)->132780K(134464K) NonClass: 115924K(116672K)->115924K(116672K) Class: 16855K(17792K)->16855K(17792K)
[187.223s][info][gc             ] GC(1926) Pause Young (Allocation Failure) 1712M->1161M(1979M) 4.456ms
[187.223s][info][gc,cpu         ] GC(1926) User=0.00s Sys=0.00s Real=0.02s
[187.310s][info][gc,start       ] GC(1927) Pause Young (Allocation Failure)
[187.313s][info][gc,heap        ] GC(1927) DefNew: 579358K(629120K)->11422K(629120K) Eden: 559232K(559232K)->0K(559232K) From: 20126K(69888K)->11422K(69888K)
[187.313s][info][gc,heap        ] GC(1927) Tenured: 1169545K(1398144K)->1177781K(1398144K)
[187.313s][info][gc,metaspace   ] GC(1927) Metaspace: 132780K(134464K)->132780K(134464K) NonClass: 115924K(116672K)->115924K(116672K) Class: 16855K(17792K)->16855K(17792K)
[187.313s][info][gc             ] GC(1927) Pause Young (Allocation Failure) 1707M->1161M(1979M) 3.936ms
[187.314s][info][gc,cpu         ] GC(1927) User=0.00s Sys=0.00s Real=0.00s
[187.400s][info][gc,start       ] GC(1928) Pause Young (Allocation Failure)
[187.404s][info][gc,heap        ] GC(1928) DefNew: 570654K(629120K)->17750K(629120K) Eden: 559232K(559232K)->0K(559232K) From: 11422K(69888K)->17750K(69888K)
[187.404s][info][gc,heap        ] GC(1928) Tenured: 1177781K(1398144K)->1177785K(1398144K)
[187.404s][info][gc,metaspace   ] GC(1928) Metaspace: 132780K(134464K)->132780K(134464K) NonClass: 115924K(116672K)->115924K(116672K) Class: 16855K(17792K)->16855K(17792K)
[187.404s][info][gc             ] GC(1928) Pause Young (Allocation Failure) 1707M->1167M(1979M) 3.880ms
[187.404s][info][gc,cpu         ] GC(1928) User=0.00s Sys=0.00s Real=0.00s
[187.491s][info][gc,start       ] GC(1929) Pause Young (Allocation Failure)
[187.495s][info][gc,heap        ] GC(1929) DefNew: 576982K(629120K)->16206K(629120K) Eden: 559232K(559232K)->0K(559232K) From: 17750K(69888K)->16206K(69888K)
[187.495s][info][gc,heap        ] GC(1929) Tenured: 1177785K(1398144K)->1177785K(1398144K)
[187.495s][info][gc,metaspace   ] GC(1929) Metaspace: 132780K(134464K)->132780K(134464K) NonClass: 115924K(116672K)->115924K(116672K) Class: 16855K(17792K)->16855K(17792K)
[187.495s][info][gc             ] GC(1929) Pause Young (Allocation Failure) 1713M->1166M(1979M) 3.335ms
[187.495s][info][gc,cpu         ] GC(1929) User=0.00s Sys=0.00s Real=0.00s
[187.618s][info][gc,start       ] GC(1930) Pause Young (Allocation Failure)
[187.622s][info][gc,heap        ] GC(1930) DefNew: 575438K(629120K)->14138K(629120K) Eden: 559232K(559232K)->0K(559232K) From: 16206K(69888K)->14138K(69888K)
[187.622s][info][gc,heap        ] GC(1930) Tenured: 1177785K(1398144K)->1177785K(1398144K)
[187.622s][info][gc,metaspace   ] GC(1930) Metaspace: 132781K(134464K)->132781K(134464K) NonClass: 115926K(116672K)->115926K(116672K) Class: 16855K(17792K)->16855K(17792K)
[187.622s][info][gc             ] GC(1930) Pause Young (Allocation Failure) 1712M->1163M(1979M) 3.421ms
[187.622s][info][gc,cpu         ] GC(1930) User=0.00s Sys=0.00s Real=0.00s
[187.767s][info][gc,start       ] GC(1931) Pause Full (System.gc())
[187.768s][info][gc,phases,start] GC(1931) Phase 1: Mark live objects
[187.827s][info][gc,phases      ] GC(1931) Phase 1: Mark live objects 59.007ms
[187.827s][info][gc,phases,start] GC(1931) Phase 2: Compute new object addresses
[187.869s][info][gc,phases      ] GC(1931) Phase 2: Compute new object addresses 42.564ms
[187.869s][info][gc,phases,start] GC(1931) Phase 3: Adjust pointers
[187.902s][info][gc,phases      ] GC(1931) Phase 3: Adjust pointers 32.463ms
[187.902s][info][gc,phases,start] GC(1931) Phase 4: Move objects
[187.902s][info][gc,phases      ] GC(1931) Phase 4: Move objects 0.041ms
[187.902s][info][gc,heap        ] GC(1931) DefNew: 251473K(629120K)->0K(629120K) Eden: 237334K(559232K)->0K(559232K) From: 14138K(69888K)->0K(69888K)
[187.902s][info][gc,heap        ] GC(1931) Tenured: 1177785K(1398144K)->1034431K(1398144K)
[187.902s][info][gc,metaspace   ] GC(1931) Metaspace: 132789K(134464K)->132789K(134464K) NonClass: 115934K(116672K)->115934K(116672K) Class: 16855K(17792K)->16855K(17792K)
[187.902s][info][gc             ] GC(1931) Pause Full (System.gc()) 1395M->1010M(1979M) 134.981ms
[187.902s][info][gc,cpu         ] GC(1931) User=0.11s Sys=0.00s Real=0.14s
[188.032s][info][gc,start       ] GC(1932) Pause Young (Allocation Failure)
[188.036s][info][gc,heap        ] GC(1932) DefNew: 559232K(629120K)->4946K(629120K) Eden: 559232K(559232K)->0K(559232K) From: 0K(69888K)->4946K(69888K)
[188.036s][info][gc,heap        ] GC(1932) Tenured: 1034431K(1398144K)->1034431K(1398144K)
[188.036s][info][gc,metaspace   ] GC(1932) Metaspace: 132983K(134720K)->132983K(134720K) NonClass: 116128K(116928K)->116128K(116928K) Class: 16855K(17792K)->16855K(17792K)
[188.036s][info][gc             ] GC(1932) Pause Young (Allocation Failure) 1556M->1015M(1979M) 4.632ms
[188.036s][info][gc,cpu         ] GC(1932) User=0.00s Sys=0.00s Real=0.00s
[188.091s][info][gc,start       ] GC(1933) Pause Young (Allocation Failure)
[188.095s][info][gc,heap        ] GC(1933) DefNew: 564178K(629120K)->5835K(629120K) Eden: 559232K(559232K)->0K(559232K) From: 4946K(69888K)->5835K(69888K)
[188.095s][info][gc,heap        ] GC(1933) Tenured: 1034431K(1398144K)->1034431K(1398144K)
[188.095s][info][gc,metaspace   ] GC(1933) Metaspace: 132983K(134720K)->132983K(134720K) NonClass: 116128K(116928K)->116128K(116928K) Class: 16855K(17792K)->16855K(17792K)
[188.095s][info][gc             ] GC(1933) Pause Young (Allocation Failure) 1561M->1015M(1979M) 3.800ms
[188.095s][info][gc,cpu         ] GC(1933) User=0.00s Sys=0.00s Real=0.00s
[188.150s][info][gc,start       ] GC(1934) Pause Young (Allocation Failure)
[188.154s][info][gc,heap        ] GC(1934) DefNew: 565067K(629120K)->9026K(629120K) Eden: 559232K(559232K)->0K(559232K) From: 5835K(69888K)->9026K(69888K)
[188.154s][info][gc,heap        ] GC(1934) Tenured: 1034431K(1398144K)->1034431K(1398144K)
[188.154s][info][gc,metaspace   ] GC(1934) Metaspace: 132983K(134720K)->132983K(134720K) NonClass: 116128K(116928K)->116128K(116928K) Class: 16855K(17792K)->16855K(17792K)
[188.154s][info][gc             ] GC(1934) Pause Young (Allocation Failure) 1562M->1019M(1979M) 4.357ms
[188.154s][info][gc,cpu         ] GC(1934) User=0.00s Sys=0.00s Real=0.01s
[188.211s][info][gc,start       ] GC(1935) Pause Young (Allocation Failure)
[188.215s][info][gc,heap        ] GC(1935) DefNew: 568258K(629120K)->10188K(629120K) Eden: 559232K(559232K)->0K(559232K) From: 9026K(69888K)->10188K(69888K)
[188.215s][info][gc,heap        ] GC(1935) Tenured: 1034431K(1398144K)->1034431K(1398144K)
[188.215s][info][gc,metaspace   ] GC(1935) Metaspace: 132983K(134720K)->132983K(134720K) NonClass: 116128K(116928K)->116128K(116928K) Class: 16855K(17792K)->16855K(17792K)
[188.215s][info][gc             ] GC(1935) Pause Young (Allocation Failure) 1565M->1020M(1979M) 4.408ms
[188.215s][info][gc,cpu         ] GC(1935) User=0.00s Sys=0.00s Real=0.02s
[188.271s][info][gc,start       ] GC(1936) Pause Young (Allocation Failure)
[188.276s][info][gc,heap        ] GC(1936) DefNew: 569420K(629120K)->13606K(629120K) Eden: 559232K(559232K)->0K(559232K) From: 10188K(69888K)->13606K(69888K)
[188.276s][info][gc,heap        ] GC(1936) Tenured: 1034431K(1398144K)->1034431K(1398144K)
[188.276s][info][gc,metaspace   ] GC(1936) Metaspace: 132985K(134720K)->132985K(134720K) NonClass: 116130K(116928K)->116130K(116928K) Class: 16855K(17792K)->16855K(17792K)
[188.276s][info][gc             ] GC(1936) Pause Young (Allocation Failure) 1566M->1023M(1979M) 4.742ms
[188.276s][info][gc,cpu         ] GC(1936) User=0.00s Sys=0.00s Real=0.00s
[188.332s][info][gc,start       ] GC(1937) Pause Young (Allocation Failure)
[188.337s][info][gc,heap        ] GC(1937) DefNew: 572838K(629120K)->18286K(629120K) Eden: 559232K(559232K)->0K(559232K) From: 13606K(69888K)->18286K(69888K)
[188.337s][info][gc,heap        ] GC(1937) Tenured: 1034431K(1398144K)->1034431K(1398144K)
[188.337s][info][gc,metaspace   ] GC(1937) Metaspace: 132985K(134720K)->132985K(134720K) NonClass: 116130K(116928K)->116130K(116928K) Class: 16855K(17792K)->16855K(17792K)
[188.337s][info][gc             ] GC(1937) Pause Young (Allocation Failure) 1569M->1028M(1979M) 5.231ms
[188.337s][info][gc,cpu         ] GC(1937) User=0.00s Sys=0.00s Real=0.00s
[188.393s][info][gc,start       ] GC(1938) Pause Young (Allocation Failure)
[188.398s][info][gc,heap        ] GC(1938) DefNew: 577518K(629120K)->21995K(629120K) Eden: 559232K(559232K)->0K(559232K) From: 18286K(69888K)->21995K(69888K)
[188.398s][info][gc,heap        ] GC(1938) Tenured: 1034431K(1398144K)->1034431K(1398144K)
[188.398s][info][gc,metaspace   ] GC(1938) Metaspace: 132985K(134720K)->132985K(134720K) NonClass: 116130K(116928K)->116130K(116928K) Class: 16855K(17792K)->16855K(17792K)
[188.398s][info][gc             ] GC(1938) Pause Young (Allocation Failure) 1574M->1031M(1979M) 5.625ms
[188.398s][info][gc,cpu         ] GC(1938) User=0.02s Sys=0.00s Real=0.02s
[188.454s][info][gc,start       ] GC(1939) Pause Young (Allocation Failure)
[188.460s][info][gc,heap        ] GC(1939) DefNew: 581227K(629120K)->28038K(629120K) Eden: 559232K(559232K)->0K(559232K) From: 21995K(69888K)->28038K(69888K)
[188.460s][info][gc,heap        ] GC(1939) Tenured: 1034431K(1398144K)->1034431K(1398144K)
[188.460s][info][gc,metaspace   ] GC(1939) Metaspace: 132985K(134720K)->132985K(134720K) NonClass: 116130K(116928K)->116130K(116928K) Class: 16855K(17792K)->16855K(17792K)
[188.460s][info][gc             ] GC(1939) Pause Young (Allocation Failure) 1577M->1037M(1979M) 6.094ms
[188.460s][info][gc,cpu         ] GC(1939) User=0.00s Sys=0.00s Real=0.01s
[188.516s][info][gc,start       ] GC(1940) Pause Young (Allocation Failure)
[188.523s][info][gc,heap        ] GC(1940) DefNew: 587270K(629120K)->36825K(629120K) Eden: 559232K(559232K)->0K(559232K) From: 28038K(69888K)->36825K(69888K)
[188.523s][info][gc,heap        ] GC(1940) Tenured: 1034431K(1398144K)->1034431K(1398144K)
[188.523s][info][gc,metaspace   ] GC(1940) Metaspace: 132985K(134720K)->132985K(134720K) NonClass: 116130K(116928K)->116130K(116928K) Class: 16855K(17792K)->16855K(17792K)
[188.523s][info][gc             ] GC(1940) Pause Young (Allocation Failure) 1583M->1046M(1979M) 7.028ms
[188.523s][info][gc,cpu         ] GC(1940) User=0.00s Sys=0.00s Real=0.01s
[188.580s][info][gc,start       ] GC(1941) Pause Young (Allocation Failure)
[188.587s][info][gc,heap        ] GC(1941) DefNew: 596057K(629120K)->29781K(629120K) Eden: 559232K(559232K)->0K(559232K) From: 36825K(69888K)->29781K(69888K)
[188.587s][info][gc,heap        ] GC(1941) Tenured: 1034431K(1398144K)->1040113K(1398144K)
[188.587s][info][gc,metaspace   ] GC(1941) Metaspace: 132985K(134720K)->132985K(134720K) NonClass: 116130K(116928K)->116130K(116928K) Class: 16855K(17792K)->16855K(17792K)
[188.587s][info][gc             ] GC(1941) Pause Young (Allocation Failure) 1592M->1044M(1979M) 7.080ms
[188.587s][info][gc,cpu         ] GC(1941) User=0.00s Sys=0.00s Real=0.02s
[188.643s][info][gc,start       ] GC(1942) Pause Young (Allocation Failure)
[188.649s][info][gc,heap        ] GC(1942) DefNew: 589013K(629120K)->37765K(629120K) Eden: 559232K(559232K)->0K(559232K) From: 29781K(69888K)->37765K(69888K)
[188.649s][info][gc,heap        ] GC(1942) Tenured: 1040113K(1398144K)->1040113K(1398144K)
[188.649s][info][gc,metaspace   ] GC(1942) Metaspace: 132985K(134720K)->132985K(134720K) NonClass: 116130K(116928K)->116130K(116928K) Class: 16855K(17792K)->16855K(17792K)
[188.649s][info][gc             ] GC(1942) Pause Young (Allocation Failure) 1590M->1052M(1979M) 5.822ms
[188.649s][info][gc,cpu         ] GC(1942) User=0.00s Sys=0.00s Real=0.02s
[188.705s][info][gc,start       ] GC(1943) Pause Young (Allocation Failure)
[188.711s][info][gc,heap        ] GC(1943) DefNew: 596997K(629120K)->40118K(629120K) Eden: 559232K(559232K)->0K(559232K) From: 37765K(69888K)->40118K(69888K)
[188.711s][info][gc,heap        ] GC(1943) Tenured: 1040113K(1398144K)->1044210K(1398144K)
[188.711s][info][gc,metaspace   ] GC(1943) Metaspace: 132985K(134720K)->132985K(134720K) NonClass: 116130K(116928K)->116130K(116928K) Class: 16855K(17792K)->16855K(17792K)
[188.711s][info][gc             ] GC(1943) Pause Young (Allocation Failure) 1598M->1058M(1979M) 6.312ms
[188.711s][info][gc,cpu         ] GC(1943) User=0.00s Sys=0.00s Real=0.02s
[188.767s][info][gc,start       ] GC(1944) Pause Young (Allocation Failure)
[188.773s][info][gc,heap        ] GC(1944) DefNew: 599350K(629120K)->32604K(629120K) Eden: 559232K(559232K)->0K(559232K) From: 40118K(69888K)->32604K(69888K)
[188.773s][info][gc,heap        ] GC(1944) Tenured: 1044210K(1398144K)->1052712K(1398144K)
[188.773s][info][gc,metaspace   ] GC(1944) Metaspace: 132985K(134720K)->132985K(134720K) NonClass: 116130K(116928K)->116130K(116928K) Class: 16855K(17792K)->16855K(17792K)
[188.773s][info][gc             ] GC(1944) Pause Young (Allocation Failure) 1605M->1059M(1979M) 6.170ms
[188.773s][info][gc,cpu         ] GC(1944) User=0.00s Sys=0.00s Real=0.02s
[188.828s][info][gc,start       ] GC(1945) Pause Young (Allocation Failure)
[188.833s][info][gc,heap        ] GC(1945) DefNew: 591836K(629120K)->36695K(629120K) Eden: 559232K(559232K)->0K(559232K) From: 32604K(69888K)->36695K(69888K)
[188.833s][info][gc,heap        ] GC(1945) Tenured: 1052712K(1398144K)->1052712K(1398144K)
[188.833s][info][gc,metaspace   ] GC(1945) Metaspace: 132985K(134720K)->132985K(134720K) NonClass: 116130K(116928K)->116130K(116928K) Class: 16855K(17792K)->16855K(17792K)
[188.833s][info][gc             ] GC(1945) Pause Young (Allocation Failure) 1606M->1063M(1979M) 5.290ms
[188.833s][info][gc,cpu         ] GC(1945) User=0.00s Sys=0.00s Real=0.02s
[188.890s][info][gc,start       ] GC(1946) Pause Young (Allocation Failure)
[188.897s][info][gc,heap        ] GC(1946) DefNew: 595927K(629120K)->36683K(629120K) Eden: 559232K(559232K)->0K(559232K) From: 36695K(69888K)->36683K(69888K)
[188.897s][info][gc,heap        ] GC(1946) Tenured: 1052712K(1398144K)->1056810K(1398144K)
[188.897s][info][gc,metaspace   ] GC(1946) Metaspace: 132985K(134720K)->132985K(134720K) NonClass: 116130K(116928K)->116130K(116928K) Class: 16855K(17792K)->16855K(17792K)
[188.897s][info][gc             ] GC(1946) Pause Young (Allocation Failure) 1610M->1067M(1979M) 7.653ms
[188.897s][info][gc,cpu         ] GC(1946) User=0.00s Sys=0.00s Real=0.02s
[188.953s][info][gc,start       ] GC(1947) Pause Young (Allocation Failure)
[188.959s][info][gc,heap        ] GC(1947) DefNew: 595915K(629120K)->36709K(629120K) Eden: 559232K(559232K)->0K(559232K) From: 36683K(69888K)->36709K(69888K)
[188.959s][info][gc,heap        ] GC(1947) Tenured: 1056810K(1398144K)->1060907K(1398144K)
[188.959s][info][gc,metaspace   ] GC(1947) Metaspace: 132985K(134720K)->132985K(134720K) NonClass: 116130K(116928K)->116130K(116928K) Class: 16855K(17792K)->16855K(17792K)
[188.959s][info][gc             ] GC(1947) Pause Young (Allocation Failure) 1613M->1071M(1979M) 5.713ms
[188.959s][info][gc,cpu         ] GC(1947) User=0.00s Sys=0.00s Real=0.00s
[189.023s][info][gc,start       ] GC(1948) Pause Young (Allocation Failure)
[189.029s][info][gc,heap        ] GC(1948) DefNew: 595803K(629120K)->36629K(629120K) Eden: 559094K(559232K)->0K(559232K) From: 36709K(69888K)->36629K(69888K)
[189.029s][info][gc,heap        ] GC(1948) Tenured: 1060907K(1398144K)->1065004K(1398144K)
[189.029s][info][gc,metaspace   ] GC(1948) Metaspace: 133010K(134720K)->133010K(134720K) NonClass: 116155K(116928K)->116155K(116928K) Class: 16855K(17792K)->16855K(17792K)
[189.029s][info][gc             ] GC(1948) Pause Young (Allocation Failure) 1617M->1075M(1979M) 6.313ms
[189.030s][info][gc,cpu         ] GC(1948) User=0.00s Sys=0.00s Real=0.00s
[189.120s][info][gc,start       ] GC(1949) Pause Young (Allocation Failure)
[189.127s][info][gc,heap        ] GC(1949) DefNew: 595861K(629120K)->45534K(629120K) Eden: 559232K(559232K)->0K(559232K) From: 36629K(69888K)->45534K(69888K)
[189.127s][info][gc,heap        ] GC(1949) Tenured: 1065004K(1398144K)->1069101K(1398144K)
[189.127s][info][gc,metaspace   ] GC(1949) Metaspace: 133036K(134720K)->133036K(134720K) NonClass: 116181K(116928K)->116181K(116928K) Class: 16855K(17792K)->16855K(17792K)
[189.127s][info][gc             ] GC(1949) Pause Young (Allocation Failure) 1621M->1088M(1979M) 7.366ms
[189.127s][info][gc,cpu         ] GC(1949) User=0.00s Sys=0.00s Real=0.00s
[189.216s][info][gc,start       ] GC(1950) Pause Young (Allocation Failure)
[189.224s][info][gc,heap        ] GC(1950) DefNew: 604766K(629120K)->49435K(629120K) Eden: 559232K(559232K)->0K(559232K) From: 45534K(69888K)->49435K(69888K)
[189.224s][info][gc,heap        ] GC(1950) Tenured: 1069101K(1398144K)->1081394K(1398144K)
[189.224s][info][gc,metaspace   ] GC(1950) Metaspace: 133036K(134720K)->133036K(134720K) NonClass: 116181K(116928K)->116181K(116928K) Class: 16855K(17792K)->16855K(17792K)
[189.224s][info][gc             ] GC(1950) Pause Young (Allocation Failure) 1634M->1104M(1979M) 7.865ms
[189.224s][info][gc,cpu         ] GC(1950) User=0.00s Sys=0.00s Real=0.00s
[189.311s][info][gc,start       ] GC(1951) Pause Young (Allocation Failure)
[189.319s][info][gc,heap        ] GC(1951) DefNew: 608667K(629120K)->46576K(629120K) Eden: 559232K(559232K)->0K(559232K) From: 49435K(69888K)->46576K(69888K)
[189.319s][info][gc,heap        ] GC(1951) Tenured: 1081394K(1398144K)->1098134K(1398144K)
[189.319s][info][gc,metaspace   ] GC(1951) Metaspace: 133036K(134720K)->133036K(134720K) NonClass: 116181K(116928K)->116181K(116928K) Class: 16855K(17792K)->16855K(17792K)
[189.319s][info][gc             ] GC(1951) Pause Young (Allocation Failure) 1650M->1117M(1979M) 7.912ms
[189.319s][info][gc,cpu         ] GC(1951) User=0.00s Sys=0.00s Real=0.00s
[189.407s][info][gc,start       ] GC(1952) Pause Young (Allocation Failure)
[189.414s][info][gc,heap        ] GC(1952) DefNew: 605808K(629120K)->44670K(629120K) Eden: 559232K(559232K)->0K(559232K) From: 46576K(69888K)->44670K(69888K)
[189.414s][info][gc,heap        ] GC(1952) Tenured: 1098134K(1398144K)->1110550K(1398144K)
[189.414s][info][gc,metaspace   ] GC(1952) Metaspace: 133036K(134720K)->133036K(134720K) NonClass: 116181K(116928K)->116181K(116928K) Class: 16855K(17792K)->16855K(17792K)
[189.414s][info][gc             ] GC(1952) Pause Young (Allocation Failure) 1664M->1128M(1979M) 7.154ms
[189.414s][info][gc,cpu         ] GC(1952) User=0.00s Sys=0.00s Real=0.00s
[189.502s][info][gc,start       ] GC(1953) Pause Young (Allocation Failure)
[189.509s][info][gc,heap        ] GC(1953) DefNew: 602091K(629120K)->44658K(629120K) Eden: 557420K(559232K)->0K(559232K) From: 44670K(69888K)->44658K(69888K)
[189.509s][info][gc,heap        ] GC(1953) Tenured: 1110550K(1398144K)->1122843K(1398144K)
[189.509s][info][gc,metaspace   ] GC(1953) Metaspace: 133036K(134720K)->133036K(134720K) NonClass: 116181K(116928K)->116181K(116928K) Class: 16855K(17792K)->16855K(17792K)
[189.509s][info][gc             ] GC(1953) Pause Young (Allocation Failure) 1672M->1140M(1979M) 7.166ms
[189.509s][info][gc,cpu         ] GC(1953) User=0.00s Sys=0.00s Real=0.02s
[189.597s][info][gc,start       ] GC(1954) Pause Young (Allocation Failure)
[189.605s][info][gc,heap        ] GC(1954) DefNew: 603890K(629120K)->45839K(629120K) Eden: 559232K(559232K)->0K(559232K) From: 44658K(69888K)->45839K(69888K)
[189.605s][info][gc,heap        ] GC(1954) Tenured: 1122843K(1398144K)->1135134K(1398144K)
[189.605s][info][gc,metaspace   ] GC(1954) Metaspace: 133036K(134720K)->133036K(134720K) NonClass: 116181K(116928K)->116181K(116928K) Class: 16855K(17792K)->16855K(17792K)
[189.605s][info][gc             ] GC(1954) Pause Young (Allocation Failure) 1686M->1153M(1979M) 7.338ms
[189.605s][info][gc,cpu         ] GC(1954) User=0.00s Sys=0.00s Real=0.02s
[189.693s][info][gc,start       ] GC(1955) Pause Young (Allocation Failure)
[189.701s][info][gc,heap        ] GC(1955) DefNew: 605071K(629120K)->38580K(629120K) Eden: 559232K(559232K)->0K(559232K) From: 45839K(69888K)->38580K(69888K)
[189.701s][info][gc,heap        ] GC(1955) Tenured: 1135134K(1398144K)->1151523K(1398144K)
[189.701s][info][gc,metaspace   ] GC(1955) Metaspace: 133041K(134720K)->133041K(134720K) NonClass: 116185K(116928K)->116185K(116928K) Class: 16855K(17792K)->16855K(17792K)
[189.701s][info][gc             ] GC(1955) Pause Young (Allocation Failure) 1699M->1162M(1979M) 7.403ms
[189.701s][info][gc,cpu         ] GC(1955) User=0.00s Sys=0.00s Real=0.02s
[189.783s][info][gc,start       ] GC(1956) Pause Young (Allocation Failure)
[189.790s][info][gc,heap        ] GC(1956) DefNew: 597812K(629120K)->35073K(629120K) Eden: 559232K(559232K)->0K(559232K) From: 38580K(69888K)->35073K(69888K)
[189.790s][info][gc,heap        ] GC(1956) Tenured: 1151523K(1398144K)->1163814K(1398144K)
[189.790s][info][gc,metaspace   ] GC(1956) Metaspace: 133041K(134720K)->133041K(134720K) NonClass: 116185K(116928K)->116185K(116928K) Class: 16855K(17792K)->16855K(17792K)
[189.790s][info][gc             ] GC(1956) Pause Young (Allocation Failure) 1708M->1170M(1979M) 6.390ms
[189.790s][info][gc,cpu         ] GC(1956) User=0.00s Sys=0.00s Real=0.00s
[189.878s][info][gc,start       ] GC(1957) Pause Young (Allocation Failure)
[189.884s][info][gc,heap        ] GC(1957) DefNew: 594305K(629120K)->33610K(629120K) Eden: 559232K(559232K)->0K(559232K) From: 35073K(69888K)->33610K(69888K)
[189.884s][info][gc,heap        ] GC(1957) Tenured: 1163814K(1398144K)->1176106K(1398144K)
[189.884s][info][gc,metaspace   ] GC(1957) Metaspace: 133041K(134720K)->133041K(134720K) NonClass: 116185K(116928K)->116185K(116928K) Class: 16855K(17792K)->16855K(17792K)
[189.884s][info][gc             ] GC(1957) Pause Young (Allocation Failure) 1716M->1181M(1979M) 6.202ms
[189.884s][info][gc,cpu         ] GC(1957) User=0.00s Sys=0.00s Real=0.00s
[189.972s][info][gc,start       ] GC(1958) Pause Young (Allocation Failure)
[189.977s][info][gc,heap        ] GC(1958) DefNew: 592842K(629120K)->40424K(629120K) Eden: 559232K(559232K)->0K(559232K) From: 33610K(69888K)->40424K(69888K)
[189.977s][info][gc,heap        ] GC(1958) Tenured: 1176106K(1398144K)->1176106K(1398144K)
[189.977s][info][gc,metaspace   ] GC(1958) Metaspace: 133041K(134720K)->133041K(134720K) NonClass: 116185K(116928K)->116185K(116928K) Class: 16855K(17792K)->16855K(17792K)
[189.977s][info][gc             ] GC(1958) Pause Young (Allocation Failure) 1727M->1188M(1979M) 5.838ms
[189.977s][info][gc,cpu         ] GC(1958) User=0.00s Sys=0.00s Real=0.00s
[190.064s][info][gc,start       ] GC(1959) Pause Young (Allocation Failure)
[190.070s][info][gc,heap        ] GC(1959) DefNew: 599656K(629120K)->32190K(629120K) Eden: 559232K(559232K)->0K(559232K) From: 40424K(69888K)->32190K(69888K)
[190.070s][info][gc,heap        ] GC(1959) Tenured: 1176106K(1398144K)->1188446K(1398144K)
[190.070s][info][gc,metaspace   ] GC(1959) Metaspace: 133041K(134720K)->133041K(134720K) NonClass: 116185K(116928K)->116185K(116928K) Class: 16855K(17792K)->16855K(17792K)
[190.070s][info][gc             ] GC(1959) Pause Young (Allocation Failure) 1734M->1192M(1979M) 5.928ms
[190.070s][info][gc,cpu         ] GC(1959) User=0.00s Sys=0.00s Real=0.00s
[190.160s][info][gc,start       ] GC(1960) Pause Young (Allocation Failure)
[190.166s][info][gc,heap        ] GC(1960) DefNew: 591422K(629120K)->41758K(629120K) Eden: 559232K(559232K)->0K(559232K) From: 32190K(69888K)->41758K(69888K)
[190.166s][info][gc,heap        ] GC(1960) Tenured: 1188446K(1398144K)->1188446K(1398144K)
[190.166s][info][gc,metaspace   ] GC(1960) Metaspace: 133041K(134720K)->133041K(134720K) NonClass: 116185K(116928K)->116185K(116928K) Class: 16855K(17792K)->16855K(17792K)
[190.166s][info][gc             ] GC(1960) Pause Young (Allocation Failure) 1738M->1201M(1979M) 6.053ms
[190.166s][info][gc,cpu         ] GC(1960) User=0.00s Sys=0.00s Real=0.00s
[190.255s][info][gc,start       ] GC(1961) Pause Young (Allocation Failure)
[190.262s][info][gc,heap        ] GC(1961) DefNew: 600990K(629120K)->41324K(629120K) Eden: 559232K(559232K)->0K(559232K) From: 41758K(69888K)->41324K(69888K)
[190.262s][info][gc,heap        ] GC(1961) Tenured: 1188446K(1398144K)->1200739K(1398144K)
[190.262s][info][gc,metaspace   ] GC(1961) Metaspace: 133041K(134720K)->133041K(134720K) NonClass: 116185K(116928K)->116185K(116928K) Class: 16855K(17792K)->16855K(17792K)
[190.262s][info][gc             ] GC(1961) Pause Young (Allocation Failure) 1747M->1212M(1979M) 7.040ms
[190.262s][info][gc,cpu         ] GC(1961) User=0.00s Sys=0.00s Real=0.00s
[190.350s][info][gc,start       ] GC(1962) Pause Young (Allocation Failure)
[190.356s][info][gc,heap        ] GC(1962) DefNew: 600556K(629120K)->33571K(629120K) Eden: 559232K(559232K)->0K(559232K) From: 41324K(69888K)->33571K(69888K)
[190.356s][info][gc,heap        ] GC(1962) Tenured: 1200739K(1398144K)->1208933K(1398144K)
[190.356s][info][gc,metaspace   ] GC(1962) Metaspace: 133041K(134720K)->133041K(134720K) NonClass: 116185K(116928K)->116185K(116928K) Class: 16855K(17792K)->16855K(17792K)
[190.356s][info][gc             ] GC(1962) Pause Young (Allocation Failure) 1759M->1213M(1979M) 5.725ms
[190.356s][info][gc,cpu         ] GC(1962) User=0.00s Sys=0.00s Real=0.00s
[190.443s][info][gc,start       ] GC(1963) Pause Young (Allocation Failure)
[190.449s][info][gc,heap        ] GC(1963) DefNew: 591405K(629120K)->43244K(629120K) Eden: 557833K(559232K)->0K(559232K) From: 33571K(69888K)->43244K(69888K)
[190.449s][info][gc,heap        ] GC(1963) Tenured: 1208933K(1398144K)->1208933K(1398144K)
[190.449s][info][gc,metaspace   ] GC(1963) Metaspace: 133041K(134720K)->133041K(134720K) NonClass: 116185K(116928K)->116185K(116928K) Class: 16855K(17792K)->16855K(17792K)
[190.449s][info][gc             ] GC(1963) Pause Young (Allocation Failure) 1758M->1222M(1979M) 5.849ms
[190.449s][info][gc,cpu         ] GC(1963) User=0.00s Sys=0.00s Real=0.00s
[190.536s][info][gc,start       ] GC(1964) Pause Young (Allocation Failure)
[190.542s][info][gc,heap        ] GC(1964) DefNew: 602476K(629120K)->24916K(629120K) Eden: 559232K(559232K)->0K(559232K) From: 43244K(69888K)->24916K(69888K)
[190.542s][info][gc,heap        ] GC(1964) Tenured: 1208933K(1398144K)->1221224K(1398144K)
[190.542s][info][gc,metaspace   ] GC(1964) Metaspace: 133044K(134720K)->133044K(134720K) NonClass: 116188K(116928K)->116188K(116928K) Class: 16855K(17792K)->16855K(17792K)
[190.542s][info][gc             ] GC(1964) Pause Young (Allocation Failure) 1768M->1216M(1979M) 5.481ms
[190.542s][info][gc,cpu         ] GC(1964) User=0.00s Sys=0.00s Real=0.00s
[190.624s][info][gc,start       ] GC(1965) Pause Young (Allocation Failure)
[190.629s][info][gc,heap        ] GC(1965) DefNew: 584148K(629120K)->27868K(629120K) Eden: 559232K(559232K)->0K(559232K) From: 24916K(69888K)->27868K(69888K)
[190.629s][info][gc,heap        ] GC(1965) Tenured: 1221224K(1398144K)->1221224K(1398144K)
[190.629s][info][gc,metaspace   ] GC(1965) Metaspace: 133044K(134720K)->133044K(134720K) NonClass: 116189K(116928K)->116189K(116928K) Class: 16855K(17792K)->16855K(17792K)
[190.629s][info][gc             ] GC(1965) Pause Young (Allocation Failure) 1763M->1219M(1979M) 4.538ms
[190.629s][info][gc,cpu         ] GC(1965) User=0.00s Sys=0.00s Real=0.00s
[190.712s][info][gc,start       ] GC(1966) Pause Young (Allocation Failure)
[190.716s][info][gc,heap        ] GC(1966) DefNew: 587100K(629120K)->30990K(629120K) Eden: 559232K(559232K)->0K(559232K) From: 27868K(69888K)->30990K(69888K)
[190.716s][info][gc,heap        ] GC(1966) Tenured: 1221224K(1398144K)->1221224K(1398144K)
[190.716s][info][gc,metaspace   ] GC(1966) Metaspace: 133044K(134720K)->133044K(134720K) NonClass: 116189K(116928K)->116189K(116928K) Class: 16855K(17792K)->16855K(17792K)
[190.716s][info][gc             ] GC(1966) Pause Young (Allocation Failure) 1765M->1222M(1979M) 4.832ms
[190.716s][info][gc,cpu         ] GC(1966) User=0.00s Sys=0.00s Real=0.00s
[190.801s][info][gc,start       ] GC(1967) Pause Young (Allocation Failure)
[190.806s][info][gc,heap        ] GC(1967) DefNew: 590222K(629120K)->31461K(629120K) Eden: 559232K(559232K)->0K(559232K) From: 30990K(69888K)->31461K(69888K)
[190.806s][info][gc,heap        ] GC(1967) Tenured: 1221224K(1398144K)->1221224K(1398144K)
[190.806s][info][gc,metaspace   ] GC(1967) Metaspace: 133044K(134720K)->133044K(134720K) NonClass: 116189K(116928K)->116189K(116928K) Class: 16855K(17792K)->16855K(17792K)
[190.806s][info][gc             ] GC(1967) Pause Young (Allocation Failure) 1768M->1223M(1979M) 4.937ms
[190.806s][info][gc,cpu         ] GC(1967) User=0.00s Sys=0.00s Real=0.00s
[190.893s][info][gc,start       ] GC(1968) Pause Young (Allocation Failure)
[190.898s][info][gc,heap        ] GC(1968) DefNew: 590693K(629120K)->32842K(629120K) Eden: 559232K(559232K)->0K(559232K) From: 31461K(69888K)->32842K(69888K)
[190.898s][info][gc,heap        ] GC(1968) Tenured: 1221224K(1398144K)->1221224K(1398144K)
[190.898s][info][gc,metaspace   ] GC(1968) Metaspace: 133044K(134720K)->133044K(134720K) NonClass: 116189K(116928K)->116189K(116928K) Class: 16855K(17792K)->16855K(17792K)
[190.898s][info][gc             ] GC(1968) Pause Young (Allocation Failure) 1769M->1224M(1979M) 4.950ms
[190.898s][info][gc,cpu         ] GC(1968) User=0.00s Sys=0.00s Real=0.00s
[190.984s][info][gc,start       ] GC(1969) Pause Young (Allocation Failure)
[190.990s][info][gc,heap        ] GC(1969) DefNew: 592074K(629120K)->36075K(629120K) Eden: 559232K(559232K)->0K(559232K) From: 32842K(69888K)->36075K(69888K)
[190.990s][info][gc,heap        ] GC(1969) Tenured: 1221224K(1398144K)->1221224K(1398144K)
[190.990s][info][gc,metaspace   ] GC(1969) Metaspace: 133044K(134720K)->133044K(134720K) NonClass: 116189K(116928K)->116189K(116928K) Class: 16855K(17792K)->16855K(17792K)
[190.990s][info][gc             ] GC(1969) Pause Young (Allocation Failure) 1770M->1227M(1979M) 5.541ms
[190.990s][info][gc,cpu         ] GC(1969) User=0.00s Sys=0.00s Real=0.02s
[191.076s][info][gc,start       ] GC(1970) Pause Young (Allocation Failure)
[191.081s][info][gc,heap        ] GC(1970) DefNew: 595307K(629120K)->26307K(629120K) Eden: 559232K(559232K)->0K(559232K) From: 36075K(69888K)->26307K(69888K)
[191.081s][info][gc,heap        ] GC(1970) Tenured: 1221224K(1398144K)->1225321K(1398144K)
[191.081s][info][gc,metaspace   ] GC(1970) Metaspace: 133044K(134720K)->133044K(134720K) NonClass: 116189K(116928K)->116189K(116928K) Class: 16855K(17792K)->16855K(17792K)
[191.081s][info][gc             ] GC(1970) Pause Young (Allocation Failure) 1773M->1222M(1979M) 5.028ms
[191.081s][info][gc,cpu         ] GC(1970) User=0.00s Sys=0.00s Real=0.02s
[191.170s][info][gc,start       ] GC(1971) Pause Young (Allocation Failure)
[191.175s][info][gc,heap        ] GC(1971) DefNew: 585426K(629120K)->29512K(629120K) Eden: 559119K(559232K)->0K(559232K) From: 26307K(69888K)->29512K(69888K)
[191.175s][info][gc,heap        ] GC(1971) Tenured: 1225321K(1398144K)->1225321K(1398144K)
[191.175s][info][gc,metaspace   ] GC(1971) Metaspace: 133044K(134720K)->133044K(134720K) NonClass: 116189K(116928K)->116189K(116928K) Class: 16855K(17792K)->16855K(17792K)
[191.175s][info][gc             ] GC(1971) Pause Young (Allocation Failure) 1768M->1225M(1979M) 5.218ms
[191.175s][info][gc,cpu         ] GC(1971) User=0.00s Sys=0.00s Real=0.02s
[191.261s][info][gc,start       ] GC(1972) Pause Young (Allocation Failure)
[191.266s][info][gc,heap        ] GC(1972) DefNew: 588744K(629120K)->28133K(629120K) Eden: 559232K(559232K)->0K(559232K) From: 29512K(69888K)->28133K(69888K)
[191.266s][info][gc,heap        ] GC(1972) Tenured: 1225321K(1398144K)->1225321K(1398144K)
[191.266s][info][gc,metaspace   ] GC(1972) Metaspace: 133044K(134720K)->133044K(134720K) NonClass: 116189K(116928K)->116189K(116928K) Class: 16855K(17792K)->16855K(17792K)
[191.266s][info][gc             ] GC(1972) Pause Young (Allocation Failure) 1771M->1224M(1979M) 5.010ms
[191.266s][info][gc,cpu         ] GC(1972) User=0.00s Sys=0.00s Real=0.00s
[191.352s][info][gc,start       ] GC(1973) Pause Young (Allocation Failure)
[191.356s][info][gc,heap        ] GC(1973) DefNew: 587365K(629120K)->27873K(629120K) Eden: 559232K(559232K)->0K(559232K) From: 28133K(69888K)->27873K(69888K)
[191.357s][info][gc,heap        ] GC(1973) Tenured: 1225321K(1398144K)->1225321K(1398144K)
[191.357s][info][gc,metaspace   ] GC(1973) Metaspace: 133044K(134720K)->133044K(134720K) NonClass: 116189K(116928K)->116189K(116928K) Class: 16855K(17792K)->16855K(17792K)
[191.357s][info][gc             ] GC(1973) Pause Young (Allocation Failure) 1770M->1223M(1979M) 4.545ms
[191.357s][info][gc,cpu         ] GC(1973) User=0.00s Sys=0.00s Real=0.00s
[191.444s][info][gc,start       ] GC(1974) Pause Young (Allocation Failure)
[191.449s][info][gc,heap        ] GC(1974) DefNew: 587105K(629120K)->34204K(629120K) Eden: 559232K(559232K)->0K(559232K) From: 27873K(69888K)->34204K(69888K)
[191.449s][info][gc,heap        ] GC(1974) Tenured: 1225321K(1398144K)->1225321K(1398144K)
[191.449s][info][gc,metaspace   ] GC(1974) Metaspace: 133044K(134720K)->133044K(134720K) NonClass: 116189K(116928K)->116189K(116928K) Class: 16855K(17792K)->16855K(17792K)
[191.449s][info][gc             ] GC(1974) Pause Young (Allocation Failure) 1769M->1230M(1979M) 5.239ms
[191.449s][info][gc,cpu         ] GC(1974) User=0.00s Sys=0.00s Real=0.00s
[191.535s][info][gc,start       ] GC(1975) Pause Young (Allocation Failure)
[191.540s][info][gc,heap        ] GC(1975) DefNew: 593436K(629120K)->32630K(629120K) Eden: 559232K(559232K)->0K(559232K) From: 34204K(69888K)->32630K(69888K)
[191.540s][info][gc,heap        ] GC(1975) Tenured: 1225321K(1398144K)->1225321K(1398144K)
[191.540s][info][gc,metaspace   ] GC(1975) Metaspace: 133044K(134720K)->133044K(134720K) NonClass: 116189K(116928K)->116189K(116928K) Class: 16855K(17792K)->16855K(17792K)
[191.540s][info][gc             ] GC(1975) Pause Young (Allocation Failure) 1776M->1228M(1979M) 5.339ms
[191.540s][info][gc,cpu         ] GC(1975) User=0.00s Sys=0.00s Real=0.00s
[191.627s][info][gc,start       ] GC(1976) Pause Young (Allocation Failure)
[191.632s][info][gc,heap        ] GC(1976) DefNew: 591862K(629120K)->28726K(629120K) Eden: 559232K(559232K)->0K(559232K) From: 32630K(69888K)->28726K(69888K)
[191.632s][info][gc,heap        ] GC(1976) Tenured: 1225321K(1398144K)->1225321K(1398144K)
[191.632s][info][gc,metaspace   ] GC(1976) Metaspace: 133044K(134720K)->133044K(134720K) NonClass: 116189K(116928K)->116189K(116928K) Class: 16855K(17792K)->16855K(17792K)
[191.632s][info][gc             ] GC(1976) Pause Young (Allocation Failure) 1774M->1224M(1979M) 4.932ms
[191.632s][info][gc,cpu         ] GC(1976) User=0.02s Sys=0.00s Real=0.02s
[191.719s][info][gc,start       ] GC(1977) Pause Young (Allocation Failure)
[191.723s][info][gc,heap        ] GC(1977) DefNew: 587958K(629120K)->19664K(629120K) Eden: 559232K(559232K)->0K(559232K) From: 28726K(69888K)->19664K(69888K)
[191.723s][info][gc,heap        ] GC(1977) Tenured: 1225321K(1398144K)->1233515K(1398144K)
[191.723s][info][gc,metaspace   ] GC(1977) Metaspace: 133044K(134720K)->133044K(134720K) NonClass: 116189K(116928K)->116189K(116928K) Class: 16855K(17792K)->16855K(17792K)
[191.723s][info][gc             ] GC(1977) Pause Young (Allocation Failure) 1770M->1223M(1979M) 4.703ms
[191.723s][info][gc,cpu         ] GC(1977) User=0.02s Sys=0.00s Real=0.02s
[191.811s][info][gc,start       ] GC(1978) Pause Young (Allocation Failure)
[191.814s][info][gc,heap        ] GC(1978) DefNew: 578896K(629120K)->15557K(629120K) Eden: 559232K(559232K)->0K(559232K) From: 19664K(69888K)->15557K(69888K)
[191.814s][info][gc,heap        ] GC(1978) Tenured: 1233515K(1398144K)->1237632K(1398144K)
[191.814s][info][gc,metaspace   ] GC(1978) Metaspace: 133044K(134720K)->133044K(134720K) NonClass: 116189K(116928K)->116189K(116928K) Class: 16855K(17792K)->16855K(17792K)
[191.814s][info][gc             ] GC(1978) Pause Young (Allocation Failure) 1769M->1223M(1979M) 3.870ms
[191.815s][info][gc,cpu         ] GC(1978) User=0.00s Sys=0.00s Real=0.00s
[191.901s][info][gc,start       ] GC(1979) Pause Young (Allocation Failure)
[191.905s][info][gc,heap        ] GC(1979) DefNew: 574789K(629120K)->16211K(629120K) Eden: 559232K(559232K)->0K(559232K) From: 15557K(69888K)->16211K(69888K)
[191.905s][info][gc,heap        ] GC(1979) Tenured: 1237632K(1398144K)->1241751K(1398144K)
[191.905s][info][gc,metaspace   ] GC(1979) Metaspace: 133044K(134720K)->133044K(134720K) NonClass: 116189K(116928K)->116189K(116928K) Class: 16855K(17792K)->16855K(17792K)
[191.905s][info][gc             ] GC(1979) Pause Young (Allocation Failure) 1769M->1228M(1979M) 3.850ms
[191.905s][info][gc,cpu         ] GC(1979) User=0.00s Sys=0.00s Real=0.00s
[191.991s][info][gc,start       ] GC(1980) Pause Young (Allocation Failure)
[191.995s][info][gc,heap        ] GC(1980) DefNew: 575443K(629120K)->18526K(629120K) Eden: 559232K(559232K)->0K(559232K) From: 16211K(69888K)->18526K(69888K)
[191.995s][info][gc,heap        ] GC(1980) Tenured: 1241751K(1398144K)->1241764K(1398144K)
[191.995s][info][gc,metaspace   ] GC(1980) Metaspace: 133044K(134720K)->133044K(134720K) NonClass: 116189K(116928K)->116189K(116928K) Class: 16855K(17792K)->16855K(17792K)
[191.995s][info][gc             ] GC(1980) Pause Young (Allocation Failure) 1774M->1230M(1979M) 3.845ms
[191.995s][info][gc,cpu         ] GC(1980) User=0.00s Sys=0.00s Real=0.00s
[192.088s][info][gc,start       ] GC(1981) Pause Young (Allocation Failure)
[192.091s][info][gc,heap        ] GC(1981) DefNew: 577758K(629120K)->11041K(629120K) Eden: 559232K(559232K)->0K(559232K) From: 18526K(69888K)->11041K(69888K)
[192.091s][info][gc,heap        ] GC(1981) Tenured: 1241764K(1398144K)->1241764K(1398144K)
[192.091s][info][gc,metaspace   ] GC(1981) Metaspace: 133044K(134720K)->133044K(134720K) NonClass: 116189K(116928K)->116189K(116928K) Class: 16855K(17792K)->16855K(17792K)
[192.091s][info][gc             ] GC(1981) Pause Young (Allocation Failure) 1776M->1223M(1979M) 3.076ms
[192.091s][info][gc,cpu         ] GC(1981) User=0.00s Sys=0.00s Real=0.00s
[192.253s][info][gc,start       ] GC(1982) Pause Full (System.gc())
[192.253s][info][gc,phases,start] GC(1982) Phase 1: Mark live objects
[192.311s][info][gc,phases      ] GC(1982) Phase 1: Mark live objects 58.769ms
[192.311s][info][gc,phases,start] GC(1982) Phase 2: Compute new object addresses
[192.360s][info][gc,phases      ] GC(1982) Phase 2: Compute new object addresses 48.768ms
[192.360s][info][gc,phases,start] GC(1982) Phase 3: Adjust pointers
[192.393s][info][gc,phases      ] GC(1982) Phase 3: Adjust pointers 32.837ms
[192.393s][info][gc,phases,start] GC(1982) Phase 4: Move objects
[192.393s][info][gc,phases      ] GC(1982) Phase 4: Move objects 0.045ms
[192.394s][info][gc,heap        ] GC(1982) DefNew: 296137K(629120K)->0K(629120K) Eden: 285095K(559232K)->0K(559232K) From: 11041K(69888K)->0K(69888K)
[192.394s][info][gc,heap        ] GC(1982) Tenured: 1241764K(1398144K)->1040283K(1398144K)
[192.394s][info][gc,metaspace   ] GC(1982) Metaspace: 133110K(134784K)->133110K(134784K) NonClass: 116252K(116992K)->116252K(116992K) Class: 16857K(17792K)->16857K(17792K)
[192.394s][info][gc             ] GC(1982) Pause Full (System.gc()) 1501M->1015M(1979M) 141.236ms
[192.394s][info][gc,cpu         ] GC(1982) User=0.14s Sys=0.00s Real=0.14s
[192.516s][info][gc,start       ] GC(1983) Pause Young (Allocation Failure)
[192.521s][info][gc,heap        ] GC(1983) DefNew: 559232K(629120K)->3378K(629120K) Eden: 559232K(559232K)->0K(559232K) From: 0K(69888K)->3378K(69888K)
[192.521s][info][gc,heap        ] GC(1983) Tenured: 1040283K(1398144K)->1040283K(1398144K)
[192.521s][info][gc,metaspace   ] GC(1983) Metaspace: 133173K(134848K)->133173K(134848K) NonClass: 116312K(117056K)->116312K(117056K) Class: 16861K(17792K)->16861K(17792K)
[192.521s][info][gc             ] GC(1983) Pause Young (Allocation Failure) 1562M->1019M(1979M) 4.616ms
[192.521s][info][gc,cpu         ] GC(1983) User=0.00s Sys=0.00s Real=0.00s
[192.577s][info][gc,start       ] GC(1984) Pause Young (Allocation Failure)
[192.581s][info][gc,heap        ] GC(1984) DefNew: 562610K(629120K)->8049K(629120K) Eden: 559232K(559232K)->0K(559232K) From: 3378K(69888K)->8049K(69888K)
[192.581s][info][gc,heap        ] GC(1984) Tenured: 1040283K(1398144K)->1040283K(1398144K)
[192.581s][info][gc,metaspace   ] GC(1984) Metaspace: 133173K(134848K)->133173K(134848K) NonClass: 116312K(117056K)->116312K(117056K) Class: 16861K(17792K)->16861K(17792K)
[192.581s][info][gc             ] GC(1984) Pause Young (Allocation Failure) 1565M->1023M(1979M) 3.991ms
[192.581s][info][gc,cpu         ] GC(1984) User=0.00s Sys=0.00s Real=0.00s
[192.635s][info][gc,start       ] GC(1985) Pause Young (Allocation Failure)
[192.640s][info][gc,heap        ] GC(1985) DefNew: 567281K(629120K)->9033K(629120K) Eden: 559232K(559232K)->0K(559232K) From: 8049K(69888K)->9033K(69888K)
[192.640s][info][gc,heap        ] GC(1985) Tenured: 1040283K(1398144K)->1040283K(1398144K)
[192.640s][info][gc,metaspace   ] GC(1985) Metaspace: 133173K(134848K)->133173K(134848K) NonClass: 116312K(117056K)->116312K(117056K) Class: 16861K(17792K)->16861K(17792K)
[192.640s][info][gc             ] GC(1985) Pause Young (Allocation Failure) 1569M->1024M(1979M) 4.449ms
[192.640s][info][gc,cpu         ] GC(1985) User=0.02s Sys=0.00s Real=0.02s
[192.694s][info][gc,start       ] GC(1986) Pause Young (Allocation Failure)
[192.698s][info][gc,heap        ] GC(1986) DefNew: 568265K(629120K)->12149K(629120K) Eden: 559232K(559232K)->0K(559232K) From: 9033K(69888K)->12149K(69888K)
[192.698s][info][gc,heap        ] GC(1986) Tenured: 1040283K(1398144K)->1040283K(1398144K)
[192.698s][info][gc,metaspace   ] GC(1986) Metaspace: 133173K(134848K)->133173K(134848K) NonClass: 116312K(117056K)->116312K(117056K) Class: 16861K(17792K)->16861K(17792K)
[192.698s][info][gc             ] GC(1986) Pause Young (Allocation Failure) 1570M->1027M(1979M) 4.610ms
[192.698s][info][gc,cpu         ] GC(1986) User=0.00s Sys=0.00s Real=0.00s
[192.756s][info][gc,start       ] GC(1987) Pause Young (Allocation Failure)
[192.761s][info][gc,heap        ] GC(1987) DefNew: 571381K(629120K)->14196K(629120K) Eden: 559232K(559232K)->0K(559232K) From: 12149K(69888K)->14196K(69888K)
[192.761s][info][gc,heap        ] GC(1987) Tenured: 1040283K(1398144K)->1040283K(1398144K)
[192.761s][info][gc,metaspace   ] GC(1987) Metaspace: 133179K(134848K)->133179K(134848K) NonClass: 116317K(117056K)->116317K(117056K) Class: 16861K(17792K)->16861K(17792K)
[192.761s][info][gc             ] GC(1987) Pause Young (Allocation Failure) 1573M->1029M(1979M) 5.055ms
[192.761s][info][gc,cpu         ] GC(1987) User=0.03s Sys=0.00s Real=0.00s
[192.817s][info][gc,start       ] GC(1988) Pause Young (Allocation Failure)
[192.822s][info][gc,heap        ] GC(1988) DefNew: 573428K(629120K)->17695K(629120K) Eden: 559232K(559232K)->0K(559232K) From: 14196K(69888K)->17695K(69888K)
[192.822s][info][gc,heap        ] GC(1988) Tenured: 1040283K(1398144K)->1040283K(1398144K)
[192.822s][info][gc,metaspace   ] GC(1988) Metaspace: 133179K(134848K)->133179K(134848K) NonClass: 116317K(117056K)->116317K(117056K) Class: 16861K(17792K)->16861K(17792K)
[192.822s][info][gc             ] GC(1988) Pause Young (Allocation Failure) 1575M->1033M(1979M) 5.236ms
[192.822s][info][gc,cpu         ] GC(1988) User=0.00s Sys=0.00s Real=0.00s
[192.878s][info][gc,start       ] GC(1989) Pause Young (Allocation Failure)
[192.883s][info][gc,heap        ] GC(1989) DefNew: 576927K(629120K)->22401K(629120K) Eden: 559232K(559232K)->0K(559232K) From: 17695K(69888K)->22401K(69888K)
[192.883s][info][gc,heap        ] GC(1989) Tenured: 1040283K(1398144K)->1040283K(1398144K)
[192.883s][info][gc,metaspace   ] GC(1989) Metaspace: 133179K(134848K)->133179K(134848K) NonClass: 116317K(117056K)->116317K(117056K) Class: 16861K(17792K)->16861K(17792K)
[192.883s][info][gc             ] GC(1989) Pause Young (Allocation Failure) 1579M->1037M(1979M) 5.721ms
[192.883s][info][gc,cpu         ] GC(1989) User=0.00s Sys=0.00s Real=0.00s
[192.939s][info][gc,start       ] GC(1990) Pause Young (Allocation Failure)
[192.945s][info][gc,heap        ] GC(1990) DefNew: 581633K(629120K)->26494K(629120K) Eden: 559232K(559232K)->0K(559232K) From: 22401K(69888K)->26494K(69888K)
[192.945s][info][gc,heap        ] GC(1990) Tenured: 1040283K(1398144K)->1040283K(1398144K)
[192.945s][info][gc,metaspace   ] GC(1990) Metaspace: 133179K(134848K)->133179K(134848K) NonClass: 116317K(117056K)->116317K(117056K) Class: 16861K(17792K)->16861K(17792K)
[192.945s][info][gc             ] GC(1990) Pause Young (Allocation Failure) 1583M->1041M(1979M) 5.995ms
[192.945s][info][gc,cpu         ] GC(1990) User=0.00s Sys=0.00s Real=0.00s
[193.001s][info][gc,start       ] GC(1991) Pause Young (Allocation Failure)
[193.008s][info][gc,heap        ] GC(1991) DefNew: 585726K(629120K)->30570K(629120K) Eden: 559232K(559232K)->0K(559232K) From: 26494K(69888K)->30570K(69888K)
[193.008s][info][gc,heap        ] GC(1991) Tenured: 1040283K(1398144K)->1040283K(1398144K)
[193.008s][info][gc,metaspace   ] GC(1991) Metaspace: 133179K(134848K)->133179K(134848K) NonClass: 116317K(117056K)->116317K(117056K) Class: 16861K(17792K)->16861K(17792K)
[193.008s][info][gc             ] GC(1991) Pause Young (Allocation Failure) 1587M->1045M(1979M) 6.535ms
[193.008s][info][gc,cpu         ] GC(1991) User=0.00s Sys=0.00s Real=0.00s
[193.064s][info][gc,start       ] GC(1992) Pause Young (Allocation Failure)
[193.071s][info][gc,heap        ] GC(1992) DefNew: 589802K(629120K)->34665K(629120K) Eden: 559232K(559232K)->0K(559232K) From: 30570K(69888K)->34665K(69888K)
[193.071s][info][gc,heap        ] GC(1992) Tenured: 1040283K(1398144K)->1040283K(1398144K)
[193.071s][info][gc,metaspace   ] GC(1992) Metaspace: 133179K(134848K)->133179K(134848K) NonClass: 116317K(117056K)->116317K(117056K) Class: 16861K(17792K)->16861K(17792K)
[193.071s][info][gc             ] GC(1992) Pause Young (Allocation Failure) 1591M->1049M(1979M) 6.793ms
[193.071s][info][gc,cpu         ] GC(1992) User=0.00s Sys=0.00s Real=0.00s
[193.127s][info][gc,start       ] GC(1993) Pause Young (Allocation Failure)
[193.135s][info][gc,heap        ] GC(1993) DefNew: 593897K(629120K)->39563K(629120K) Eden: 559232K(559232K)->0K(559232K) From: 34665K(69888K)->39563K(69888K)
[193.135s][info][gc,heap        ] GC(1993) Tenured: 1040283K(1398144K)->1040283K(1398144K)
[193.135s][info][gc,metaspace   ] GC(1993) Metaspace: 133179K(134848K)->133179K(134848K) NonClass: 116317K(117056K)->116317K(117056K) Class: 16861K(17792K)->16861K(17792K)
[193.135s][info][gc             ] GC(1993) Pause Young (Allocation Failure) 1595M->1054M(1979M) 7.845ms
[193.135s][info][gc,cpu         ] GC(1993) User=0.02s Sys=0.00s Real=0.00s
[193.192s][info][gc,start       ] GC(1994) Pause Young (Allocation Failure)
[193.200s][info][gc,heap        ] GC(1994) DefNew: 598795K(629120K)->37205K(629120K) Eden: 559232K(559232K)->0K(559232K) From: 39563K(69888K)->37205K(69888K)
[193.200s][info][gc,heap        ] GC(1994) Tenured: 1040283K(1398144K)->1045964K(1398144K)
[193.200s][info][gc,metaspace   ] GC(1994) Metaspace: 133179K(134848K)->133179K(134848K) NonClass: 116317K(117056K)->116317K(117056K) Class: 16861K(17792K)->16861K(17792K)
[193.200s][info][gc             ] GC(1994) Pause Young (Allocation Failure) 1600M->1057M(1979M) 7.904ms
[193.200s][info][gc,cpu         ] GC(1994) User=0.02s Sys=0.00s Real=0.00s
[193.257s][info][gc,start       ] GC(1995) Pause Young (Allocation Failure)
[193.263s][info][gc,heap        ] GC(1995) DefNew: 596437K(629120K)->36887K(629120K) Eden: 559232K(559232K)->0K(559232K) From: 37205K(69888K)->36887K(69888K)
[193.263s][info][gc,heap        ] GC(1995) Tenured: 1045964K(1398144K)->1050369K(1398144K)
[193.263s][info][gc,metaspace   ] GC(1995) Metaspace: 133179K(134848K)->133179K(134848K) NonClass: 116317K(117056K)->116317K(117056K) Class: 16861K(17792K)->16861K(17792K)
[193.263s][info][gc             ] GC(1995) Pause Young (Allocation Failure) 1603M->1061M(1979M) 6.149ms
[193.263s][info][gc,cpu         ] GC(1995) User=0.02s Sys=0.00s Real=0.00s
[193.319s][info][gc,start       ] GC(1996) Pause Young (Allocation Failure)
[193.325s][info][gc,heap        ] GC(1996) DefNew: 596119K(629120K)->38444K(629120K) Eden: 559232K(559232K)->0K(559232K) From: 36887K(69888K)->38444K(69888K)
[193.325s][info][gc,heap        ] GC(1996) Tenured: 1050369K(1398144K)->1054465K(1398144K)
[193.325s][info][gc,metaspace   ] GC(1996) Metaspace: 133179K(134848K)->133179K(134848K) NonClass: 116317K(117056K)->116317K(117056K) Class: 16861K(17792K)->16861K(17792K)
[193.325s][info][gc             ] GC(1996) Pause Young (Allocation Failure) 1607M->1067M(1979M) 5.918ms
[193.325s][info][gc,cpu         ] GC(1996) User=0.00s Sys=0.02s Real=0.00s
[193.381s][info][gc,start       ] GC(1997) Pause Young (Allocation Failure)
[193.387s][info][gc,heap        ] GC(1997) DefNew: 597676K(629120K)->40016K(629120K) Eden: 559232K(559232K)->0K(559232K) From: 38444K(69888K)->40016K(69888K)
[193.387s][info][gc,heap        ] GC(1997) Tenured: 1054465K(1398144K)->1058564K(1398144K)
[193.387s][info][gc,metaspace   ] GC(1997) Metaspace: 133179K(134848K)->133179K(134848K) NonClass: 116317K(117056K)->116317K(117056K) Class: 16861K(17792K)->16861K(17792K)
[193.387s][info][gc             ] GC(1997) Pause Young (Allocation Failure) 1613M->1072M(1979M) 6.068ms
[193.387s][info][gc,cpu         ] GC(1997) User=0.00s Sys=0.00s Real=0.00s
[193.443s][info][gc,start       ] GC(1998) Pause Young (Allocation Failure)
[193.449s][info][gc,heap        ] GC(1998) DefNew: 599248K(629120K)->33554K(629120K) Eden: 559232K(559232K)->0K(559232K) From: 40016K(69888K)->33554K(69888K)
[193.449s][info][gc,heap        ] GC(1998) Tenured: 1058564K(1398144K)->1066759K(1398144K)
[193.449s][info][gc,metaspace   ] GC(1998) Metaspace: 133179K(134848K)->133179K(134848K) NonClass: 116317K(117056K)->116317K(117056K) Class: 16861K(17792K)->16861K(17792K)
[193.449s][info][gc             ] GC(1998) Pause Young (Allocation Failure) 1618M->1074M(1979M) 5.816ms
[193.449s][info][gc,cpu         ] GC(1998) User=0.00s Sys=0.00s Real=0.00s
[193.515s][info][gc,start       ] GC(1999) Pause Young (Allocation Failure)
[193.522s][info][gc,heap        ] GC(1999) DefNew: 592786K(629120K)->41470K(629120K) Eden: 559232K(559232K)->0K(559232K) From: 33554K(69888K)->41470K(69888K)
[193.522s][info][gc,heap        ] GC(1999) Tenured: 1066759K(1398144K)->1066759K(1398144K)
[193.522s][info][gc,metaspace   ] GC(1999) Metaspace: 133182K(134848K)->133182K(134848K) NonClass: 116320K(117056K)->116320K(117056K) Class: 16861K(17792K)->16861K(17792K)
[193.522s][info][gc             ] GC(1999) Pause Young (Allocation Failure) 1620M->1082M(1979M) 6.737ms
[193.522s][info][gc,cpu         ] GC(1999) User=0.00s Sys=0.00s Real=0.02s
[193.611s][info][gc,start       ] GC(2000) Pause Young (Allocation Failure)
[193.618s][info][gc,heap        ] GC(2000) DefNew: 600702K(629120K)->48070K(629120K) Eden: 559232K(559232K)->0K(559232K) From: 41470K(69888K)->48070K(69888K)
[193.618s][info][gc,heap        ] GC(2000) Tenured: 1066759K(1398144K)->1074953K(1398144K)
[193.618s][info][gc,metaspace   ] GC(2000) Metaspace: 133194K(134848K)->133194K(134848K) NonClass: 116333K(117056K)->116333K(117056K) Class: 16861K(17792K)->16861K(17792K)
[193.618s][info][gc             ] GC(2000) Pause Young (Allocation Failure) 1628M->1096M(1979M) 7.374ms
[193.619s][info][gc,cpu         ] GC(2000) User=0.00s Sys=0.00s Real=0.02s
[193.707s][info][gc,start       ] GC(2001) Pause Young (Allocation Failure)
[193.714s][info][gc,heap        ] GC(2001) DefNew: 607302K(629120K)->43783K(629120K) Eden: 559232K(559232K)->0K(559232K) From: 48070K(69888K)->43783K(69888K)
[193.714s][info][gc,heap        ] GC(2001) Tenured: 1074953K(1398144K)->1091342K(1398144K)
[193.714s][info][gc,metaspace   ] GC(2001) Metaspace: 133194K(134848K)->133194K(134848K) NonClass: 116333K(117056K)->116333K(117056K) Class: 16861K(17792K)->16861K(17792K)
[193.714s][info][gc             ] GC(2001) Pause Young (Allocation Failure) 1642M->1108M(1979M) 7.611ms
[193.714s][info][gc,cpu         ] GC(2001) User=0.00s Sys=0.00s Real=0.00s
[193.803s][info][gc,start       ] GC(2002) Pause Young (Allocation Failure)
[193.810s][info][gc,heap        ] GC(2002) DefNew: 603015K(629120K)->43121K(629120K) Eden: 559232K(559232K)->0K(559232K) From: 43783K(69888K)->43121K(69888K)
[193.810s][info][gc,heap        ] GC(2002) Tenured: 1091342K(1398144K)->1104094K(1398144K)
[193.810s][info][gc,metaspace   ] GC(2002) Metaspace: 133194K(134848K)->133194K(134848K) NonClass: 116333K(117056K)->116333K(117056K) Class: 16861K(17792K)->16861K(17792K)
[193.810s][info][gc             ] GC(2002) Pause Young (Allocation Failure) 1654M->1120M(1979M) 7.281ms
[193.810s][info][gc,cpu         ] GC(2002) User=0.00s Sys=0.00s Real=0.00s
[193.898s][info][gc,start       ] GC(2003) Pause Young (Allocation Failure)
[193.905s][info][gc,heap        ] GC(2003) DefNew: 602353K(629120K)->46436K(629120K) Eden: 559232K(559232K)->0K(559232K) From: 43121K(69888K)->46436K(69888K)
[193.905s][info][gc,heap        ] GC(2003) Tenured: 1104094K(1398144K)->1116400K(1398144K)
[193.905s][info][gc,metaspace   ] GC(2003) Metaspace: 133194K(134848K)->133194K(134848K) NonClass: 116333K(117056K)->116333K(117056K) Class: 16861K(17792K)->16861K(17792K)
[193.906s][info][gc             ] GC(2003) Pause Young (Allocation Failure) 1666M->1135M(1979M) 7.536ms
[193.906s][info][gc,cpu         ] GC(2003) User=0.00s Sys=0.00s Real=0.00s
[193.993s][info][gc,start       ] GC(2004) Pause Young (Allocation Failure)
[194.001s][info][gc,heap        ] GC(2004) DefNew: 605668K(629120K)->45841K(629120K) Eden: 559232K(559232K)->0K(559232K) From: 46436K(69888K)->45841K(69888K)
[194.001s][info][gc,heap        ] GC(2004) Tenured: 1116400K(1398144K)->1128693K(1398144K)
[194.001s][info][gc,metaspace   ] GC(2004) Metaspace: 133194K(134848K)->133194K(134848K) NonClass: 116333K(117056K)->116333K(117056K) Class: 16861K(17792K)->16861K(17792K)
[194.001s][info][gc             ] GC(2004) Pause Young (Allocation Failure) 1681M->1147M(1979M) 7.395ms
[194.001s][info][gc,cpu         ] GC(2004) User=0.00s Sys=0.00s Real=0.00s
[194.088s][info][gc,start       ] GC(2005) Pause Young (Allocation Failure)
[194.095s][info][gc,heap        ] GC(2005) DefNew: 605073K(629120K)->41880K(629120K) Eden: 559232K(559232K)->0K(559232K) From: 45841K(69888K)->41880K(69888K)
[194.095s][info][gc,heap        ] GC(2005) Tenured: 1128693K(1398144K)->1145081K(1398144K)
[194.095s][info][gc,metaspace   ] GC(2005) Metaspace: 133194K(134848K)->133194K(134848K) NonClass: 116333K(117056K)->116333K(117056K) Class: 16861K(17792K)->16861K(17792K)
[194.095s][info][gc             ] GC(2005) Pause Young (Allocation Failure) 1693M->1159M(1979M) 7.247ms
[194.095s][info][gc,cpu         ] GC(2005) User=0.00s Sys=0.00s Real=0.00s
[194.186s][info][gc,start       ] GC(2006) Pause Young (Allocation Failure)
[194.192s][info][gc,heap        ] GC(2006) DefNew: 601112K(629120K)->44247K(629120K) Eden: 559232K(559232K)->0K(559232K) From: 41880K(69888K)->44247K(69888K)
[194.192s][info][gc,heap        ] GC(2006) Tenured: 1145081K(1398144K)->1153276K(1398144K)
[194.192s][info][gc,metaspace   ] GC(2006) Metaspace: 133194K(134848K)->133194K(134848K) NonClass: 116333K(117056K)->116333K(117056K) Class: 16861K(17792K)->16861K(17792K)
[194.192s][info][gc             ] GC(2006) Pause Young (Allocation Failure) 1705M->1169M(1979M) 6.875ms
[194.192s][info][gc,cpu         ] GC(2006) User=0.00s Sys=0.00s Real=0.00s
[194.275s][info][gc,start       ] GC(2007) Pause Young (Allocation Failure)
[194.282s][info][gc,heap        ] GC(2007) DefNew: 603479K(629120K)->33709K(629120K) Eden: 559232K(559232K)->0K(559232K) From: 44247K(69888K)->33709K(69888K)
[194.282s][info][gc,heap        ] GC(2007) Tenured: 1153276K(1398144K)->1169664K(1398144K)
[194.282s][info][gc,metaspace   ] GC(2007) Metaspace: 133194K(134848K)->133194K(134848K) NonClass: 116333K(117056K)->116333K(117056K) Class: 16861K(17792K)->16861K(17792K)
[194.282s][info][gc             ] GC(2007) Pause Young (Allocation Failure) 1715M->1175M(1979M) 6.681ms
[194.282s][info][gc,cpu         ] GC(2007) User=0.00s Sys=0.00s Real=0.00s
[194.369s][info][gc,start       ] GC(2008) Pause Young (Allocation Failure)
[194.375s][info][gc,heap        ] GC(2008) DefNew: 592941K(629120K)->44524K(629120K) Eden: 559232K(559232K)->0K(559232K) From: 33709K(69888K)->44524K(69888K)
[194.375s][info][gc,heap        ] GC(2008) Tenured: 1169664K(1398144K)->1169664K(1398144K)
[194.375s][info][gc,metaspace   ] GC(2008) Metaspace: 133194K(134848K)->133194K(134848K) NonClass: 116333K(117056K)->116333K(117056K) Class: 16861K(17792K)->16861K(17792K)
[194.375s][info][gc             ] GC(2008) Pause Young (Allocation Failure) 1721M->1185M(1979M) 6.108ms
[194.375s][info][gc,cpu         ] GC(2008) User=0.00s Sys=0.00s Real=0.00s
[194.463s][info][gc,start       ] GC(2009) Pause Young (Allocation Failure)
[194.469s][info][gc,heap        ] GC(2009) DefNew: 603756K(629120K)->41770K(629120K) Eden: 559232K(559232K)->0K(559232K) From: 44524K(69888K)->41770K(69888K)
[194.470s][info][gc,heap        ] GC(2009) Tenured: 1169664K(1398144K)->1181976K(1398144K)
[194.470s][info][gc,metaspace   ] GC(2009) Metaspace: 133194K(134848K)->133194K(134848K) NonClass: 116333K(117056K)->116333K(117056K) Class: 16861K(17792K)->16861K(17792K)
[194.470s][info][gc             ] GC(2009) Pause Young (Allocation Failure) 1731M->1195M(1979M) 6.983ms
[194.470s][info][gc,cpu         ] GC(2009) User=0.00s Sys=0.00s Real=0.00s
[194.557s][info][gc,start       ] GC(2010) Pause Young (Allocation Failure)
[194.564s][info][gc,heap        ] GC(2010) DefNew: 601002K(629120K)->41331K(629120K) Eden: 559232K(559232K)->0K(559232K) From: 41770K(69888K)->41331K(69888K)
[194.564s][info][gc,heap        ] GC(2010) Tenured: 1181976K(1398144K)->1194296K(1398144K)
[194.564s][info][gc,metaspace   ] GC(2010) Metaspace: 133194K(134848K)->133194K(134848K) NonClass: 116333K(117056K)->116333K(117056K) Class: 16861K(17792K)->16861K(17792K)
[194.564s][info][gc             ] GC(2010) Pause Young (Allocation Failure) 1741M->1206M(1979M) 7.075ms
[194.564s][info][gc,cpu         ] GC(2010) User=0.00s Sys=0.00s Real=0.01s
[194.652s][info][gc,start       ] GC(2011) Pause Young (Allocation Failure)
[194.657s][info][gc,heap        ] GC(2011) DefNew: 600563K(629120K)->33558K(629120K) Eden: 559232K(559232K)->0K(559232K) From: 41331K(69888K)->33558K(69888K)
[194.657s][info][gc,heap        ] GC(2011) Tenured: 1194296K(1398144K)->1202492K(1398144K)
[194.657s][info][gc,metaspace   ] GC(2011) Metaspace: 133194K(134848K)->133194K(134848K) NonClass: 116333K(117056K)->116333K(117056K) Class: 16861K(17792K)->16861K(17792K)
[194.657s][info][gc             ] GC(2011) Pause Young (Allocation Failure) 1752M->1207M(1979M) 5.567ms
[194.657s][info][gc,cpu         ] GC(2011) User=0.00s Sys=0.00s Real=0.00s
[194.744s][info][gc,start       ] GC(2012) Pause Young (Allocation Failure)
[194.750s][info][gc,heap        ] GC(2012) DefNew: 592790K(629120K)->41748K(629120K) Eden: 559232K(559232K)->0K(559232K) From: 33558K(69888K)->41748K(69888K)
[194.750s][info][gc,heap        ] GC(2012) Tenured: 1202492K(1398144K)->1202492K(1398144K)
[194.750s][info][gc,metaspace   ] GC(2012) Metaspace: 133194K(134848K)->133194K(134848K) NonClass: 116333K(117056K)->116333K(117056K) Class: 16861K(17792K)->16861K(17792K)
[194.750s][info][gc             ] GC(2012) Pause Young (Allocation Failure) 1753M->1215M(1979M) 5.658ms
[194.750s][info][gc,cpu         ] GC(2012) User=0.00s Sys=0.00s Real=0.00s
[194.837s][info][gc,start       ] GC(2013) Pause Young (Allocation Failure)
[194.844s][info][gc,heap        ] GC(2013) DefNew: 600980K(629120K)->35025K(629120K) Eden: 559232K(559232K)->0K(559232K) From: 41748K(69888K)->35025K(69888K)
[194.844s][info][gc,heap        ] GC(2013) Tenured: 1202492K(1398144K)->1214784K(1398144K)
[194.844s][info][gc,metaspace   ] GC(2013) Metaspace: 133194K(134848K)->133194K(134848K) NonClass: 116333K(117056K)->116333K(117056K) Class: 16861K(17792K)->16861K(17792K)
[194.844s][info][gc             ] GC(2013) Pause Young (Allocation Failure) 1761M->1220M(1979M) 6.431ms
[194.844s][info][gc,cpu         ] GC(2013) User=0.00s Sys=0.00s Real=0.01s
[194.933s][info][gc,start       ] GC(2014) Pause Young (Allocation Failure)
[194.939s][info][gc,heap        ] GC(2014) DefNew: 594257K(629120K)->36029K(629120K) Eden: 559232K(559232K)->0K(559232K) From: 35025K(69888K)->36029K(69888K)
[194.939s][info][gc,heap        ] GC(2014) Tenured: 1214784K(1398144K)->1218900K(1398144K)
[194.939s][info][gc,metaspace   ] GC(2014) Metaspace: 133195K(134848K)->133195K(134848K) NonClass: 116333K(117056K)->116333K(117056K) Class: 16861K(17792K)->16861K(17792K)
[194.939s][info][gc             ] GC(2014) Pause Young (Allocation Failure) 1766M->1225M(1979M) 6.345ms
[194.939s][info][gc,cpu         ] GC(2014) User=0.02s Sys=0.00s Real=0.02s
[195.022s][info][gc,start       ] GC(2015) Pause Young (Allocation Failure)
[195.027s][info][gc,heap        ] GC(2015) DefNew: 595261K(629120K)->30986K(629120K) Eden: 559232K(559232K)->0K(559232K) From: 36029K(69888K)->30986K(69888K)
[195.027s][info][gc,heap        ] GC(2015) Tenured: 1218900K(1398144K)->1227075K(1398144K)
[195.027s][info][gc,metaspace   ] GC(2015) Metaspace: 133195K(134848K)->133195K(134848K) NonClass: 116333K(117056K)->116333K(117056K) Class: 16861K(17792K)->16861K(17792K)
[195.027s][info][gc             ] GC(2015) Pause Young (Allocation Failure) 1771M->1228M(1979M) 5.692ms
[195.027s][info][gc,cpu         ] GC(2015) User=0.00s Sys=0.00s Real=0.02s
[195.109s][info][gc,start       ] GC(2016) Pause Young (Allocation Failure)
[195.114s][info][gc,heap        ] GC(2016) DefNew: 590218K(629120K)->24641K(629120K) Eden: 559232K(559232K)->0K(559232K) From: 30986K(69888K)->24641K(69888K)
[195.114s][info][gc,heap        ] GC(2016) Tenured: 1227075K(1398144K)->1227075K(1398144K)
[195.114s][info][gc,metaspace   ] GC(2016) Metaspace: 133195K(134848K)->133195K(134848K) NonClass: 116333K(117056K)->116333K(117056K) Class: 16861K(17792K)->16861K(17792K)
[195.114s][info][gc             ] GC(2016) Pause Young (Allocation Failure) 1774M->1222M(1979M) 4.481ms
[195.114s][info][gc,cpu         ] GC(2016) User=0.00s Sys=0.00s Real=0.00s
[195.196s][info][gc,start       ] GC(2017) Pause Young (Allocation Failure)
[195.200s][info][gc,heap        ] GC(2017) DefNew: 583873K(629120K)->26282K(629120K) Eden: 559232K(559232K)->0K(559232K) From: 24641K(69888K)->26282K(69888K)
[195.200s][info][gc,heap        ] GC(2017) Tenured: 1227075K(1398144K)->1227075K(1398144K)
[195.200s][info][gc,metaspace   ] GC(2017) Metaspace: 133195K(134848K)->133195K(134848K) NonClass: 116333K(117056K)->116333K(117056K) Class: 16861K(17792K)->16861K(17792K)
[195.201s][info][gc             ] GC(2017) Pause Young (Allocation Failure) 1768M->1223M(1979M) 4.337ms
[195.201s][info][gc,cpu         ] GC(2017) User=0.00s Sys=0.00s Real=0.00s
[195.287s][info][gc,start       ] GC(2018) Pause Young (Allocation Failure)
[195.292s][info][gc,heap        ] GC(2018) DefNew: 585514K(629120K)->36719K(629120K) Eden: 559232K(559232K)->0K(559232K) From: 26282K(69888K)->36719K(69888K)
[195.292s][info][gc,heap        ] GC(2018) Tenured: 1227075K(1398144K)->1227075K(1398144K)
[195.292s][info][gc,metaspace   ] GC(2018) Metaspace: 133195K(134848K)->133195K(134848K) NonClass: 116333K(117056K)->116333K(117056K) Class: 16861K(17792K)->16861K(17792K)
[195.292s][info][gc             ] GC(2018) Pause Young (Allocation Failure) 1770M->1234M(1979M) 5.750ms
[195.293s][info][gc,cpu         ] GC(2018) User=0.00s Sys=0.00s Real=0.00s
[195.380s][info][gc,start       ] GC(2019) Pause Young (Allocation Failure)
[195.385s][info][gc,heap        ] GC(2019) DefNew: 595951K(629120K)->24223K(629120K) Eden: 559232K(559232K)->0K(559232K) From: 36719K(69888K)->24223K(69888K)
[195.385s][info][gc,heap        ] GC(2019) Tenured: 1227075K(1398144K)->1235268K(1398144K)
[195.385s][info][gc,metaspace   ] GC(2019) Metaspace: 133195K(134848K)->133195K(134848K) NonClass: 116333K(117056K)->116333K(117056K) Class: 16861K(17792K)->16861K(17792K)
[195.385s][info][gc             ] GC(2019) Pause Young (Allocation Failure) 1780M->1229M(1979M) 5.257ms
[195.385s][info][gc,cpu         ] GC(2019) User=0.00s Sys=0.00s Real=0.00s
[195.472s][info][gc,start       ] GC(2020) Pause Young (Allocation Failure)
[195.476s][info][gc,heap        ] GC(2020) DefNew: 583455K(629120K)->23755K(629120K) Eden: 559232K(559232K)->0K(559232K) From: 24223K(69888K)->23755K(69888K)
[195.476s][info][gc,heap        ] GC(2020) Tenured: 1235268K(1398144K)->1235268K(1398144K)
[195.476s][info][gc,metaspace   ] GC(2020) Metaspace: 133195K(134848K)->133195K(134848K) NonClass: 116333K(117056K)->116333K(117056K) Class: 16861K(17792K)->16861K(17792K)
[195.476s][info][gc             ] GC(2020) Pause Young (Allocation Failure) 1776M->1229M(1979M) 4.322ms
[195.477s][info][gc,cpu         ] GC(2020) User=0.00s Sys=0.00s Real=0.00s
[195.563s][info][gc,start       ] GC(2021) Pause Young (Allocation Failure)
[195.568s][info][gc,heap        ] GC(2021) DefNew: 581683K(629120K)->30041K(629120K) Eden: 557928K(559232K)->0K(559232K) From: 23755K(69888K)->30041K(69888K)
[195.568s][info][gc,heap        ] GC(2021) Tenured: 1235268K(1398144K)->1235268K(1398144K)
[195.568s][info][gc,metaspace   ] GC(2021) Metaspace: 133195K(134848K)->133195K(134848K) NonClass: 116333K(117056K)->116333K(117056K) Class: 16861K(17792K)->16861K(17792K)
[195.568s][info][gc             ] GC(2021) Pause Young (Allocation Failure) 1774M->1235M(1979M) 4.740ms
[195.568s][info][gc,cpu         ] GC(2021) User=0.00s Sys=0.00s Real=0.00s
[195.655s][info][gc,start       ] GC(2022) Pause Young (Allocation Failure)
[195.660s][info][gc,heap        ] GC(2022) DefNew: 589273K(629120K)->28532K(629120K) Eden: 559232K(559232K)->0K(559232K) From: 30041K(69888K)->28532K(69888K)
[195.660s][info][gc,heap        ] GC(2022) Tenured: 1235268K(1398144K)->1235268K(1398144K)
[195.660s][info][gc,metaspace   ] GC(2022) Metaspace: 133195K(134848K)->133195K(134848K) NonClass: 116333K(117056K)->116333K(117056K) Class: 16861K(17792K)->16861K(17792K)
[195.660s][info][gc             ] GC(2022) Pause Young (Allocation Failure) 1781M->1234M(1979M) 4.545ms
[195.660s][info][gc,cpu         ] GC(2022) User=0.00s Sys=0.00s Real=0.00s
[195.746s][info][gc,start       ] GC(2023) Pause Young (Allocation Failure)
[195.751s][info][gc,heap        ] GC(2023) DefNew: 587764K(629120K)->24617K(629120K) Eden: 559232K(559232K)->0K(559232K) From: 28532K(69888K)->24617K(69888K)
[195.751s][info][gc,heap        ] GC(2023) Tenured: 1235268K(1398144K)->1235268K(1398144K)
[195.751s][info][gc,metaspace   ] GC(2023) Metaspace: 133195K(134848K)->133195K(134848K) NonClass: 116333K(117056K)->116333K(117056K) Class: 16861K(17792K)->16861K(17792K)
[195.751s][info][gc             ] GC(2023) Pause Young (Allocation Failure) 1780M->1230M(1979M) 4.214ms
[195.751s][info][gc,cpu         ] GC(2023) User=0.00s Sys=0.00s Real=0.01s
[195.837s][info][gc,start       ] GC(2024) Pause Young (Allocation Failure)
[195.841s][info][gc,heap        ] GC(2024) DefNew: 583849K(629120K)->24037K(629120K) Eden: 559232K(559232K)->0K(559232K) From: 24617K(69888K)->24037K(69888K)
[195.841s][info][gc,heap        ] GC(2024) Tenured: 1235268K(1398144K)->1235268K(1398144K)
[195.841s][info][gc,metaspace   ] GC(2024) Metaspace: 133195K(134848K)->133195K(134848K) NonClass: 116333K(117056K)->116333K(117056K) Class: 16861K(17792K)->16861K(17792K)
[195.842s][info][gc             ] GC(2024) Pause Young (Allocation Failure) 1776M->1229M(1979M) 4.119ms
[195.842s][info][gc,cpu         ] GC(2024) User=0.00s Sys=0.00s Real=0.00s
[195.929s][info][gc,start       ] GC(2025) Pause Young (Allocation Failure)
[195.933s][info][gc,heap        ] GC(2025) DefNew: 583269K(629120K)->23748K(629120K) Eden: 559232K(559232K)->0K(559232K) From: 24037K(69888K)->23748K(69888K)
[195.933s][info][gc,heap        ] GC(2025) Tenured: 1235268K(1398144K)->1235268K(1398144K)
[195.933s][info][gc,metaspace   ] GC(2025) Metaspace: 133195K(134848K)->133195K(134848K) NonClass: 116333K(117056K)->116333K(117056K) Class: 16861K(17792K)->16861K(17792K)
[195.933s][info][gc             ] GC(2025) Pause Young (Allocation Failure) 1775M->1229M(1979M) 4.081ms
[195.933s][info][gc,cpu         ] GC(2025) User=0.00s Sys=0.00s Real=0.00s
[196.019s][info][gc,start       ] GC(2026) Pause Young (Allocation Failure)
[196.023s][info][gc,heap        ] GC(2026) DefNew: 582980K(629120K)->28519K(629120K) Eden: 559232K(559232K)->0K(559232K) From: 23748K(69888K)->28519K(69888K)
[196.023s][info][gc,heap        ] GC(2026) Tenured: 1235268K(1398144K)->1235268K(1398144K)
[196.023s][info][gc,metaspace   ] GC(2026) Metaspace: 133195K(134848K)->133195K(134848K) NonClass: 116333K(117056K)->116333K(117056K) Class: 16861K(17792K)->16861K(17792K)
[196.023s][info][gc             ] GC(2026) Pause Young (Allocation Failure) 1775M->1234M(1979M) 4.531ms
[196.023s][info][gc,cpu         ] GC(2026) User=0.00s Sys=0.00s Real=0.00s
[196.109s][info][gc,start       ] GC(2027) Pause Young (Allocation Failure)
[196.114s][info][gc,heap        ] GC(2027) DefNew: 584057K(629120K)->25393K(629120K) Eden: 555537K(559232K)->0K(559232K) From: 28519K(69888K)->25393K(69888K)
[196.114s][info][gc,heap        ] GC(2027) Tenured: 1235268K(1398144K)->1235268K(1398144K)
[196.114s][info][gc,metaspace   ] GC(2027) Metaspace: 133195K(134848K)->133195K(134848K) NonClass: 116333K(117056K)->116333K(117056K) Class: 16861K(17792K)->16861K(17792K)
[196.114s][info][gc             ] GC(2027) Pause Young (Allocation Failure) 1776M->1231M(1979M) 4.718ms
[196.114s][info][gc,cpu         ] GC(2027) User=0.00s Sys=0.00s Real=0.02s
[196.201s][info][gc,start       ] GC(2028) Pause Young (Allocation Failure)
[196.205s][info][gc,heap        ] GC(2028) DefNew: 584625K(629120K)->19665K(629120K) Eden: 559232K(559232K)->0K(559232K) From: 25393K(69888K)->19665K(69888K)
[196.205s][info][gc,heap        ] GC(2028) Tenured: 1235268K(1398144K)->1239366K(1398144K)
[196.205s][info][gc,metaspace   ] GC(2028) Metaspace: 133195K(134848K)->133195K(134848K) NonClass: 116333K(117056K)->116333K(117056K) Class: 16861K(17792K)->16861K(17792K)
[196.205s][info][gc             ] GC(2028) Pause Young (Allocation Failure) 1777M->1229M(1979M) 4.135ms
[196.205s][info][gc,cpu         ] GC(2028) User=0.00s Sys=0.00s Real=0.00s
[196.294s][info][gc,start       ] GC(2029) Pause Young (Allocation Failure)
[196.297s][info][gc,heap        ] GC(2029) DefNew: 578897K(629120K)->11421K(629120K) Eden: 559232K(559232K)->0K(559232K) From: 19665K(69888K)->11421K(69888K)
[196.297s][info][gc,heap        ] GC(2029) Tenured: 1239366K(1398144K)->1247601K(1398144K)
[196.297s][info][gc,metaspace   ] GC(2029) Metaspace: 133195K(134848K)->133195K(134848K) NonClass: 116333K(117056K)->116333K(117056K) Class: 16861K(17792K)->16861K(17792K)
[196.297s][info][gc             ] GC(2029) Pause Young (Allocation Failure) 1775M->1229M(1979M) 3.681ms
[196.297s][info][gc,cpu         ] GC(2029) User=0.00s Sys=0.00s Real=0.00s
[196.385s][info][gc,start       ] GC(2030) Pause Young (Allocation Failure)
[196.388s][info][gc,heap        ] GC(2030) DefNew: 570653K(629120K)->17756K(629120K) Eden: 559232K(559232K)->0K(559232K) From: 11421K(69888K)->17756K(69888K)
[196.388s][info][gc,heap        ] GC(2030) Tenured: 1247601K(1398144K)->1247601K(1398144K)
[196.388s][info][gc,metaspace   ] GC(2030) Metaspace: 133195K(134848K)->133195K(134848K) NonClass: 116333K(117056K)->116333K(117056K) Class: 16861K(17792K)->16861K(17792K)
[196.388s][info][gc             ] GC(2030) Pause Young (Allocation Failure) 1775M->1235M(1979M) 3.442ms
[196.388s][info][gc,cpu         ] GC(2030) User=0.00s Sys=0.00s Real=0.00s
[196.475s][info][gc,start       ] GC(2031) Pause Young (Allocation Failure)
[196.478s][info][gc,heap        ] GC(2031) DefNew: 576988K(629120K)->15428K(629120K) Eden: 559232K(559232K)->0K(559232K) From: 17756K(69888K)->15428K(69888K)
[196.478s][info][gc,heap        ] GC(2031) Tenured: 1247601K(1398144K)->1247601K(1398144K)
[196.478s][info][gc,metaspace   ] GC(2031) Metaspace: 133195K(134848K)->133195K(134848K) NonClass: 116333K(117056K)->116333K(117056K) Class: 16861K(17792K)->16861K(17792K)
[196.478s][info][gc             ] GC(2031) Pause Young (Allocation Failure) 1781M->1233M(1979M) 3.272ms
[196.478s][info][gc,cpu         ] GC(2031) User=0.00s Sys=0.00s Real=0.00s
[196.598s][info][gc,start       ] GC(2032) Pause Young (Allocation Failure)
[196.602s][info][gc,heap        ] GC(2032) DefNew: 574660K(629120K)->14191K(629120K) Eden: 559232K(559232K)->0K(559232K) From: 15428K(69888K)->14191K(69888K)
[196.602s][info][gc,heap        ] GC(2032) Tenured: 1247601K(1398144K)->1247601K(1398144K)
[196.602s][info][gc,metaspace   ] GC(2032) Metaspace: 133195K(134848K)->133195K(134848K) NonClass: 116334K(117056K)->116334K(117056K) Class: 16861K(17792K)->16861K(17792K)
[196.602s][info][gc             ] GC(2032) Pause Young (Allocation Failure) 1779M->1232M(1979M) 3.382ms
[196.602s][info][gc,cpu         ] GC(2032) User=0.02s Sys=0.00s Real=0.02s
[196.750s][info][gc,start       ] GC(2033) Pause Full (System.gc())
[196.750s][info][gc,phases,start] GC(2033) Phase 1: Mark live objects
[196.811s][info][gc,phases      ] GC(2033) Phase 1: Mark live objects 60.833ms
[196.811s][info][gc,phases,start] GC(2033) Phase 2: Compute new object addresses
[196.856s][info][gc,phases      ] GC(2033) Phase 2: Compute new object addresses 45.349ms
[196.856s][info][gc,phases,start] GC(2033) Phase 3: Adjust pointers
[196.889s][info][gc,phases      ] GC(2033) Phase 3: Adjust pointers 32.942ms
[196.889s][info][gc,phases,start] GC(2033) Phase 4: Move objects
[196.890s][info][gc,phases      ] GC(2033) Phase 4: Move objects 0.139ms
[196.890s][info][gc,heap        ] GC(2033) DefNew: 266311K(629120K)->0K(629120K) Eden: 252119K(559232K)->0K(559232K) From: 14191K(69888K)->0K(69888K)
[196.890s][info][gc,heap        ] GC(2033) Tenured: 1247601K(1398144K)->1040477K(1398144K)
[196.890s][info][gc,metaspace   ] GC(2033) Metaspace: 133195K(134848K)->133195K(134848K) NonClass: 116334K(117056K)->116334K(117056K) Class: 16861K(17792K)->16861K(17792K)
[196.890s][info][gc             ] GC(2033) Pause Full (System.gc()) 1478M->1016M(1979M) 140.139ms
[196.890s][info][gc,cpu         ] GC(2033) User=0.14s Sys=0.00s Real=0.14s
[197.009s][info][gc,start       ] GC(2034) Pause Young (Allocation Failure)
[197.013s][info][gc,heap        ] GC(2034) DefNew: 559232K(629120K)->4938K(629120K) Eden: 559232K(559232K)->0K(559232K) From: 0K(69888K)->4938K(69888K)
[197.014s][info][gc,heap        ] GC(2034) Tenured: 1040477K(1398144K)->1040477K(1398144K)
[197.014s][info][gc,metaspace   ] GC(2034) Metaspace: 133243K(134912K)->133243K(134912K) NonClass: 116382K(117120K)->116382K(117120K) Class: 16861K(17792K)->16861K(17792K)
[197.014s][info][gc             ] GC(2034) Pause Young (Allocation Failure) 1562M->1020M(1979M) 4.709ms
[197.014s][info][gc,cpu         ] GC(2034) User=0.00s Sys=0.00s Real=0.00s
[197.069s][info][gc,start       ] GC(2035) Pause Young (Allocation Failure)
[197.073s][info][gc,heap        ] GC(2035) DefNew: 564170K(629120K)->9917K(629120K) Eden: 559232K(559232K)->0K(559232K) From: 4938K(69888K)->9917K(69888K)
[197.073s][info][gc,heap        ] GC(2035) Tenured: 1040477K(1398144K)->1040477K(1398144K)
[197.073s][info][gc,metaspace   ] GC(2035) Metaspace: 133243K(134912K)->133243K(134912K) NonClass: 116382K(117120K)->116382K(117120K) Class: 16861K(17792K)->16861K(17792K)
[197.073s][info][gc             ] GC(2035) Pause Young (Allocation Failure) 1567M->1025M(1979M) 4.166ms
[197.073s][info][gc,cpu         ] GC(2035) User=0.00s Sys=0.00s Real=0.00s
[197.127s][info][gc,start       ] GC(2036) Pause Young (Allocation Failure)
[197.131s][info][gc,heap        ] GC(2036) DefNew: 569149K(629120K)->9028K(629120K) Eden: 559232K(559232K)->0K(559232K) From: 9917K(69888K)->9028K(69888K)
[197.131s][info][gc,heap        ] GC(2036) Tenured: 1040477K(1398144K)->1040477K(1398144K)
[197.131s][info][gc,metaspace   ] GC(2036) Metaspace: 133243K(134912K)->133243K(134912K) NonClass: 116382K(117120K)->116382K(117120K) Class: 16861K(17792K)->16861K(17792K)
[197.131s][info][gc             ] GC(2036) Pause Young (Allocation Failure) 1571M->1024M(1979M) 4.432ms
[197.131s][info][gc,cpu         ] GC(2036) User=0.00s Sys=0.00s Real=0.02s
[197.188s][info][gc,start       ] GC(2037) Pause Young (Allocation Failure)
[197.193s][info][gc,heap        ] GC(2037) DefNew: 568260K(629120K)->14012K(629120K) Eden: 559232K(559232K)->0K(559232K) From: 9028K(69888K)->14012K(69888K)
[197.193s][info][gc,heap        ] GC(2037) Tenured: 1040477K(1398144K)->1040477K(1398144K)
[197.193s][info][gc,metaspace   ] GC(2037) Metaspace: 133243K(134912K)->133243K(134912K) NonClass: 116382K(117120K)->116382K(117120K) Class: 16861K(17792K)->16861K(17792K)
[197.193s][info][gc             ] GC(2037) Pause Young (Allocation Failure) 1571M->1029M(1979M) 4.594ms
[197.193s][info][gc,cpu         ] GC(2037) User=0.00s Sys=0.00s Real=0.00s
[197.249s][info][gc,start       ] GC(2038) Pause Young (Allocation Failure)
[197.254s][info][gc,heap        ] GC(2038) DefNew: 573244K(629120K)->13793K(629120K) Eden: 559232K(559232K)->0K(559232K) From: 14012K(69888K)->13793K(69888K)
[197.254s][info][gc,heap        ] GC(2038) Tenured: 1040477K(1398144K)->1040477K(1398144K)
[197.254s][info][gc,metaspace   ] GC(2038) Metaspace: 133247K(134912K)->133247K(134912K) NonClass: 116385K(117120K)->116385K(117120K) Class: 16861K(17792K)->16861K(17792K)
[197.254s][info][gc             ] GC(2038) Pause Young (Allocation Failure) 1575M->1029M(1979M) 4.763ms
[197.254s][info][gc,cpu         ] GC(2038) User=0.00s Sys=0.00s Real=0.00s
[197.309s][info][gc,start       ] GC(2039) Pause Young (Allocation Failure)
[197.314s][info][gc,heap        ] GC(2039) DefNew: 573025K(629120K)->18285K(629120K) Eden: 559232K(559232K)->0K(559232K) From: 13793K(69888K)->18285K(69888K)
[197.315s][info][gc,heap        ] GC(2039) Tenured: 1040477K(1398144K)->1040477K(1398144K)
[197.315s][info][gc,metaspace   ] GC(2039) Metaspace: 133247K(134912K)->133247K(134912K) NonClass: 116385K(117120K)->116385K(117120K) Class: 16861K(17792K)->16861K(17792K)
[197.315s][info][gc             ] GC(2039) Pause Young (Allocation Failure) 1575M->1033M(1979M) 5.229ms
[197.315s][info][gc,cpu         ] GC(2039) User=0.00s Sys=0.00s Real=0.00s
[197.371s][info][gc,start       ] GC(2040) Pause Young (Allocation Failure)
[197.376s][info][gc,heap        ] GC(2040) DefNew: 577517K(629120K)->22009K(629120K) Eden: 559232K(559232K)->0K(559232K) From: 18285K(69888K)->22009K(69888K)
[197.376s][info][gc,heap        ] GC(2040) Tenured: 1040477K(1398144K)->1040477K(1398144K)
[197.376s][info][gc,metaspace   ] GC(2040) Metaspace: 133247K(134912K)->133247K(134912K) NonClass: 116385K(117120K)->116385K(117120K) Class: 16861K(17792K)->16861K(17792K)
[197.376s][info][gc             ] GC(2040) Pause Young (Allocation Failure) 1580M->1037M(1979M) 5.679ms
[197.376s][info][gc,cpu         ] GC(2040) User=0.00s Sys=0.00s Real=0.00s
[197.432s][info][gc,start       ] GC(2041) Pause Young (Allocation Failure)
[197.438s][info][gc,heap        ] GC(2041) DefNew: 581241K(629120K)->27268K(629120K) Eden: 559232K(559232K)->0K(559232K) From: 22009K(69888K)->27268K(69888K)
[197.438s][info][gc,heap        ] GC(2041) Tenured: 1040477K(1398144K)->1040477K(1398144K)
[197.438s][info][gc,metaspace   ] GC(2041) Metaspace: 133247K(134912K)->133247K(134912K) NonClass: 116385K(117120K)->116385K(117120K) Class: 16861K(17792K)->16861K(17792K)
[197.438s][info][gc             ] GC(2041) Pause Young (Allocation Failure) 1583M->1042M(1979M) 6.165ms
[197.438s][info][gc,cpu         ] GC(2041) User=0.00s Sys=0.00s Real=0.00s
[197.495s][info][gc,start       ] GC(2042) Pause Young (Allocation Failure)
[197.501s][info][gc,heap        ] GC(2042) DefNew: 586500K(629120K)->36424K(629120K) Eden: 559232K(559232K)->0K(559232K) From: 27268K(69888K)->36424K(69888K)
[197.501s][info][gc,heap        ] GC(2042) Tenured: 1040477K(1398144K)->1040477K(1398144K)
[197.501s][info][gc,metaspace   ] GC(2042) Metaspace: 133247K(134912K)->133247K(134912K) NonClass: 116385K(117120K)->116385K(117120K) Class: 16861K(17792K)->16861K(17792K)
[197.501s][info][gc             ] GC(2042) Pause Young (Allocation Failure) 1588M->1051M(1979M) 6.943ms
[197.502s][info][gc,cpu         ] GC(2042) User=0.02s Sys=0.00s Real=0.00s
[197.557s][info][gc,start       ] GC(2043) Pause Young (Allocation Failure)
[197.564s][info][gc,heap        ] GC(2043) DefNew: 595656K(629120K)->33890K(629120K) Eden: 559232K(559232K)->0K(559232K) From: 36424K(69888K)->33890K(69888K)
[197.564s][info][gc,heap        ] GC(2043) Tenured: 1040477K(1398144K)->1042062K(1398144K)
[197.564s][info][gc,metaspace   ] GC(2043) Metaspace: 133247K(134912K)->133247K(134912K) NonClass: 116385K(117120K)->116385K(117120K) Class: 16861K(17792K)->16861K(17792K)
[197.564s][info][gc             ] GC(2043) Pause Young (Allocation Failure) 1597M->1050M(1979M) 7.102ms
[197.564s][info][gc,cpu         ] GC(2043) User=0.02s Sys=0.00s Real=0.00s
[197.620s][info][gc,start       ] GC(2044) Pause Young (Allocation Failure)
[197.626s][info][gc,heap        ] GC(2044) DefNew: 593122K(629120K)->40315K(629120K) Eden: 559232K(559232K)->0K(559232K) From: 33890K(69888K)->40315K(69888K)
[197.626s][info][gc,heap        ] GC(2044) Tenured: 1042062K(1398144K)->1042062K(1398144K)
[197.626s][info][gc,metaspace   ] GC(2044) Metaspace: 133247K(134912K)->133247K(134912K) NonClass: 116385K(117120K)->116385K(117120K) Class: 16861K(17792K)->16861K(17792K)
[197.626s][info][gc             ] GC(2044) Pause Young (Allocation Failure) 1596M->1057M(1979M) 6.069ms
[197.626s][info][gc,cpu         ] GC(2044) User=0.02s Sys=0.00s Real=0.00s
[197.681s][info][gc,start       ] GC(2045) Pause Young (Allocation Failure)
[197.687s][info][gc,heap        ] GC(2045) DefNew: 599547K(629120K)->33873K(629120K) Eden: 559232K(559232K)->0K(559232K) From: 40315K(69888K)->33873K(69888K)
[197.687s][info][gc,heap        ] GC(2045) Tenured: 1042062K(1398144K)->1050255K(1398144K)
[197.687s][info][gc,metaspace   ] GC(2045) Metaspace: 133247K(134912K)->133247K(134912K) NonClass: 116385K(117120K)->116385K(117120K) Class: 16861K(17792K)->16861K(17792K)
[197.687s][info][gc             ] GC(2045) Pause Young (Allocation Failure) 1603M->1058M(1979M) 6.093ms
[197.687s][info][gc,cpu         ] GC(2045) User=0.02s Sys=0.00s Real=0.00s
[197.744s][info][gc,start       ] GC(2046) Pause Young (Allocation Failure)
[197.750s][info][gc,heap        ] GC(2046) DefNew: 593105K(629120K)->40327K(629120K) Eden: 559232K(559232K)->0K(559232K) From: 33873K(69888K)->40327K(69888K)
[197.750s][info][gc,heap        ] GC(2046) Tenured: 1050255K(1398144K)->1050255K(1398144K)
[197.750s][info][gc,metaspace   ] GC(2046) Metaspace: 133247K(134912K)->133247K(134912K) NonClass: 116385K(117120K)->116385K(117120K) Class: 16861K(17792K)->16861K(17792K)
[197.750s][info][gc             ] GC(2046) Pause Young (Allocation Failure) 1604M->1065M(1979M) 6.748ms
[197.750s][info][gc,cpu         ] GC(2046) User=0.02s Sys=0.00s Real=0.00s
[197.804s][info][gc,start       ] GC(2047) Pause Young (Allocation Failure)
[197.810s][info][gc,heap        ] GC(2047) DefNew: 594525K(629120K)->33555K(629120K) Eden: 554198K(559232K)->0K(559232K) From: 40327K(69888K)->33555K(69888K)
[197.810s][info][gc,heap        ] GC(2047) Tenured: 1050255K(1398144K)->1058758K(1398144K)
[197.810s][info][gc,metaspace   ] GC(2047) Metaspace: 133247K(134912K)->133247K(134912K) NonClass: 116385K(117120K)->116385K(117120K) Class: 16861K(17792K)->16861K(17792K)
[197.811s][info][gc             ] GC(2047) Pause Young (Allocation Failure) 1606M->1066M(1979M) 6.265ms
[197.811s][info][gc,cpu         ] GC(2047) User=0.00s Sys=0.00s Real=0.01s
[197.866s][info][gc,start       ] GC(2048) Pause Young (Allocation Failure)
[197.872s][info][gc,heap        ] GC(2048) DefNew: 592787K(629120K)->40783K(629120K) Eden: 559232K(559232K)->0K(559232K) From: 33555K(69888K)->40783K(69888K)
[197.872s][info][gc,heap        ] GC(2048) Tenured: 1058758K(1398144K)->1058758K(1398144K)
[197.872s][info][gc,metaspace   ] GC(2048) Metaspace: 133247K(134912K)->133247K(134912K) NonClass: 116385K(117120K)->116385K(117120K) Class: 16861K(17792K)->16861K(17792K)
[197.872s][info][gc             ] GC(2048) Pause Young (Allocation Failure) 1612M->1073M(1979M) 5.824ms
[197.872s][info][gc,cpu         ] GC(2048) User=0.00s Sys=0.00s Real=0.00s
[197.927s][info][gc,start       ] GC(2049) Pause Young (Allocation Failure)
[197.933s][info][gc,heap        ] GC(2049) DefNew: 600015K(629120K)->36670K(629120K) Eden: 559232K(559232K)->0K(559232K) From: 40783K(69888K)->36670K(69888K)
[197.933s][info][gc,heap        ] GC(2049) Tenured: 1058758K(1398144K)->1066953K(1398144K)
[197.933s][info][gc,metaspace   ] GC(2049) Metaspace: 133247K(134912K)->133247K(134912K) NonClass: 116385K(117120K)->116385K(117120K) Class: 16861K(17792K)->16861K(17792K)
[197.933s][info][gc             ] GC(2049) Pause Young (Allocation Failure) 1619M->1077M(1979M) 6.139ms
[197.933s][info][gc,cpu         ] GC(2049) User=0.00s Sys=0.00s Real=0.02s
[197.996s][info][gc,start       ] GC(2050) Pause Young (Allocation Failure)
[198.003s][info][gc,heap        ] GC(2050) DefNew: 595902K(629120K)->36801K(629120K) Eden: 559232K(559232K)->0K(559232K) From: 36670K(69888K)->36801K(69888K)
[198.003s][info][gc,heap        ] GC(2050) Tenured: 1066953K(1398144K)->1071049K(1398144K)
[198.003s][info][gc,metaspace   ] GC(2050) Metaspace: 133247K(134912K)->133247K(134912K) NonClass: 116385K(117120K)->116385K(117120K) Class: 16861K(17792K)->16861K(17792K)
[198.003s][info][gc             ] GC(2050) Pause Young (Allocation Failure) 1623M->1081M(1979M) 6.282ms
[198.003s][info][gc,cpu         ] GC(2050) User=0.02s Sys=0.00s Real=0.00s
[198.091s][info][gc,start       ] GC(2051) Pause Young (Allocation Failure)
[198.098s][info][gc,heap        ] GC(2051) DefNew: 596033K(629120K)->45143K(629120K) Eden: 559232K(559232K)->0K(559232K) From: 36801K(69888K)->45143K(69888K)
[198.098s][info][gc,heap        ] GC(2051) Tenured: 1071049K(1398144K)->1075147K(1398144K)
[198.098s][info][gc,metaspace   ] GC(2051) Metaspace: 133247K(134912K)->133247K(134912K) NonClass: 116385K(117120K)->116385K(117120K) Class: 16861K(17792K)->16861K(17792K)
[198.098s][info][gc             ] GC(2051) Pause Young (Allocation Failure) 1628M->1094M(1979M) 7.076ms
[198.098s][info][gc,cpu         ] GC(2051) User=0.00s Sys=0.00s Real=0.00s
[198.189s][info][gc,start       ] GC(2052) Pause Young (Allocation Failure)
[198.197s][info][gc,heap        ] GC(2052) DefNew: 604375K(629120K)->46323K(629120K) Eden: 559232K(559232K)->0K(559232K) From: 45143K(69888K)->46323K(69888K)
[198.197s][info][gc,heap        ] GC(2052) Tenured: 1075147K(1398144K)->1087440K(1398144K)
[198.197s][info][gc,metaspace   ] GC(2052) Metaspace: 133247K(134912K)->133247K(134912K) NonClass: 116385K(117120K)->116385K(117120K) Class: 16861K(17792K)->16861K(17792K)
[198.197s][info][gc             ] GC(2052) Pause Young (Allocation Failure) 1640M->1107M(1979M) 7.513ms
[198.197s][info][gc,cpu         ] GC(2052) User=0.00s Sys=0.00s Real=0.00s
[198.286s][info][gc,start       ] GC(2053) Pause Young (Allocation Failure)
[198.294s][info][gc,heap        ] GC(2053) DefNew: 605555K(629120K)->44924K(629120K) Eden: 559232K(559232K)->0K(559232K) From: 46323K(69888K)->44924K(69888K)
[198.294s][info][gc,heap        ] GC(2053) Tenured: 1087440K(1398144K)->1104274K(1398144K)
[198.294s][info][gc,metaspace   ] GC(2053) Metaspace: 133247K(134912K)->133247K(134912K) NonClass: 116385K(117120K)->116385K(117120K) Class: 16861K(17792K)->16861K(17792K)
[198.294s][info][gc             ] GC(2053) Pause Young (Allocation Failure) 1653M->1122M(1979M) 8.283ms
[198.294s][info][gc,cpu         ] GC(2053) User=0.00s Sys=0.00s Real=0.02s
[198.383s][info][gc,start       ] GC(2054) Pause Young (Allocation Failure)
[198.390s][info][gc,heap        ] GC(2054) DefNew: 604156K(629120K)->46431K(629120K) Eden: 559232K(559232K)->0K(559232K) From: 44924K(69888K)->46431K(69888K)
[198.390s][info][gc,heap        ] GC(2054) Tenured: 1104274K(1398144K)->1116595K(1398144K)
[198.390s][info][gc,metaspace   ] GC(2054) Metaspace: 133247K(134912K)->133247K(134912K) NonClass: 116385K(117120K)->116385K(117120K) Class: 16861K(17792K)->16861K(17792K)
[198.390s][info][gc             ] GC(2054) Pause Young (Allocation Failure) 1668M->1135M(1979M) 7.700ms
[198.390s][info][gc,cpu         ] GC(2054) User=0.00s Sys=0.00s Real=0.02s
[198.482s][info][gc,start       ] GC(2055) Pause Young (Allocation Failure)
[198.489s][info][gc,heap        ] GC(2055) DefNew: 605663K(629120K)->45053K(629120K) Eden: 559232K(559232K)->0K(559232K) From: 46431K(69888K)->45053K(69888K)
[198.489s][info][gc,heap        ] GC(2055) Tenured: 1116595K(1398144K)->1128888K(1398144K)
[198.489s][info][gc,metaspace   ] GC(2055) Metaspace: 133247K(134912K)->133247K(134912K) NonClass: 116385K(117120K)->116385K(117120K) Class: 16861K(17792K)->16861K(17792K)
[198.489s][info][gc             ] GC(2055) Pause Young (Allocation Failure) 1681M->1146M(1979M) 6.969ms
[198.489s][info][gc,cpu         ] GC(2055) User=0.00s Sys=0.00s Real=0.00s
[198.579s][info][gc,start       ] GC(2056) Pause Young (Allocation Failure)
[198.587s][info][gc,heap        ] GC(2056) DefNew: 604285K(629120K)->48193K(629120K) Eden: 559232K(559232K)->0K(559232K) From: 45053K(69888K)->48193K(69888K)
[198.587s][info][gc,heap        ] GC(2056) Tenured: 1128888K(1398144K)->1141179K(1398144K)
[198.587s][info][gc,metaspace   ] GC(2056) Metaspace: 133247K(134912K)->133247K(134912K) NonClass: 116385K(117120K)->116385K(117120K) Class: 16861K(17792K)->16861K(17792K)
[198.587s][info][gc             ] GC(2056) Pause Young (Allocation Failure) 1692M->1161M(1979M) 7.754ms
[198.587s][info][gc,cpu         ] GC(2056) User=0.00s Sys=0.00s Real=0.00s
[198.679s][info][gc,start       ] GC(2057) Pause Young (Allocation Failure)
[198.686s][info][gc,heap        ] GC(2057) DefNew: 607425K(629120K)->27869K(629120K) Eden: 559232K(559232K)->0K(559232K) From: 48193K(69888K)->27869K(69888K)
[198.686s][info][gc,heap        ] GC(2057) Tenured: 1141179K(1398144K)->1169859K(1398144K)
[198.686s][info][gc,metaspace   ] GC(2057) Metaspace: 133247K(134912K)->133247K(134912K) NonClass: 116386K(117120K)->116386K(117120K) Class: 16861K(17792K)->16861K(17792K)
[198.686s][info][gc             ] GC(2057) Pause Young (Allocation Failure) 1707M->1169M(1979M) 7.893ms
[198.687s][info][gc,cpu         ] GC(2057) User=0.02s Sys=0.00s Real=0.02s
[198.770s][info][gc,start       ] GC(2058) Pause Young (Allocation Failure)
[198.775s][info][gc,heap        ] GC(2058) DefNew: 587101K(629120K)->33130K(629120K) Eden: 559232K(559232K)->0K(559232K) From: 27869K(69888K)->33130K(69888K)
[198.775s][info][gc,heap        ] GC(2058) Tenured: 1169859K(1398144K)->1169859K(1398144K)
[198.775s][info][gc,metaspace   ] GC(2058) Metaspace: 133247K(134912K)->133247K(134912K) NonClass: 116386K(117120K)->116386K(117120K) Class: 16861K(17792K)->16861K(17792K)
[198.775s][info][gc             ] GC(2058) Pause Young (Allocation Failure) 1715M->1174M(1979M) 4.885ms
[198.775s][info][gc,cpu         ] GC(2058) User=0.00s Sys=0.00s Real=0.00s
[198.861s][info][gc,start       ] GC(2059) Pause Young (Allocation Failure)
[198.867s][info][gc,heap        ] GC(2059) DefNew: 592362K(629120K)->44536K(629120K) Eden: 559232K(559232K)->0K(559232K) From: 33130K(69888K)->44536K(69888K)
[198.867s][info][gc,heap        ] GC(2059) Tenured: 1169859K(1398144K)->1169859K(1398144K)
[198.867s][info][gc,metaspace   ] GC(2059) Metaspace: 133247K(134912K)->133247K(134912K) NonClass: 116386K(117120K)->116386K(117120K) Class: 16861K(17792K)->16861K(17792K)
[198.867s][info][gc             ] GC(2059) Pause Young (Allocation Failure) 1720M->1185M(1979M) 6.084ms
[198.867s][info][gc,cpu         ] GC(2059) User=0.00s Sys=0.00s Real=0.00s
[198.955s][info][gc,start       ] GC(2060) Pause Young (Allocation Failure)
[198.962s][info][gc,heap        ] GC(2060) DefNew: 603768K(629120K)->41783K(629120K) Eden: 559232K(559232K)->0K(559232K) From: 44536K(69888K)->41783K(69888K)
[198.962s][info][gc,heap        ] GC(2060) Tenured: 1169859K(1398144K)->1182151K(1398144K)
[198.962s][info][gc,metaspace   ] GC(2060) Metaspace: 133247K(134912K)->133247K(134912K) NonClass: 116386K(117120K)->116386K(117120K) Class: 16861K(17792K)->16861K(17792K)
[198.962s][info][gc             ] GC(2060) Pause Young (Allocation Failure) 1732M->1195M(1979M) 7.200ms
[198.962s][info][gc,cpu         ] GC(2060) User=0.00s Sys=0.00s Real=0.00s
[199.051s][info][gc,start       ] GC(2061) Pause Young (Allocation Failure)
[199.058s][info][gc,heap        ] GC(2061) DefNew: 601015K(629120K)->41358K(629120K) Eden: 559232K(559232K)->0K(559232K) From: 41783K(69888K)->41358K(69888K)
[199.058s][info][gc,heap        ] GC(2061) Tenured: 1182151K(1398144K)->1194491K(1398144K)
[199.058s][info][gc,metaspace   ] GC(2061) Metaspace: 133247K(134912K)->133247K(134912K) NonClass: 116386K(117120K)->116386K(117120K) Class: 16861K(17792K)->16861K(17792K)
[199.058s][info][gc             ] GC(2061) Pause Young (Allocation Failure) 1741M->1206M(1979M) 7.319ms
[199.059s][info][gc,cpu         ] GC(2061) User=0.00s Sys=0.00s Real=0.00s
[199.149s][info][gc,start       ] GC(2062) Pause Young (Allocation Failure)
[199.154s][info][gc,heap        ] GC(2062) DefNew: 600590K(629120K)->33555K(629120K) Eden: 559232K(559232K)->0K(559232K) From: 41358K(69888K)->33555K(69888K)
[199.155s][info][gc,heap        ] GC(2062) Tenured: 1194491K(1398144K)->1202686K(1398144K)
[199.155s][info][gc,metaspace   ] GC(2062) Metaspace: 133247K(134912K)->133247K(134912K) NonClass: 116386K(117120K)->116386K(117120K) Class: 16861K(17792K)->16861K(17792K)
[199.155s][info][gc             ] GC(2062) Pause Young (Allocation Failure) 1753M->1207M(1979M) 6.050ms
[199.155s][info][gc,cpu         ] GC(2062) User=0.00s Sys=0.00s Real=0.00s
[199.244s][info][gc,start       ] GC(2063) Pause Young (Allocation Failure)
[199.250s][info][gc,heap        ] GC(2063) DefNew: 592787K(629120K)->40581K(629120K) Eden: 559232K(559232K)->0K(559232K) From: 33555K(69888K)->40581K(69888K)
[199.250s][info][gc,heap        ] GC(2063) Tenured: 1202686K(1398144K)->1202686K(1398144K)
[199.250s][info][gc,metaspace   ] GC(2063) Metaspace: 133247K(134912K)->133247K(134912K) NonClass: 116386K(117120K)->116386K(117120K) Class: 16861K(17792K)->16861K(17792K)
[199.250s][info][gc             ] GC(2063) Pause Young (Allocation Failure) 1753M->1214M(1979M) 5.714ms
[199.250s][info][gc,cpu         ] GC(2063) User=0.00s Sys=0.00s Real=0.00s
[199.338s][info][gc,start       ] GC(2064) Pause Young (Allocation Failure)
[199.344s][info][gc,heap        ] GC(2064) DefNew: 599813K(629120K)->31908K(629120K) Eden: 559232K(559232K)->0K(559232K) From: 40581K(69888K)->31908K(69888K)
[199.344s][info][gc,heap        ] GC(2064) Tenured: 1202686K(1398144K)->1214978K(1398144K)
[199.344s][info][gc,metaspace   ] GC(2064) Metaspace: 133247K(134912K)->133247K(134912K) NonClass: 116386K(117120K)->116386K(117120K) Class: 16861K(17792K)->16861K(17792K)
[199.344s][info][gc             ] GC(2064) Pause Young (Allocation Failure) 1760M->1217M(1979M) 6.084ms
[199.344s][info][gc,cpu         ] GC(2064) User=0.00s Sys=0.00s Real=0.00s
[199.434s][info][gc,start       ] GC(2065) Pause Young (Allocation Failure)
[199.440s][info][gc,heap        ] GC(2065) DefNew: 591140K(629120K)->40143K(629120K) Eden: 559232K(559232K)->0K(559232K) From: 31908K(69888K)->40143K(69888K)
[199.440s][info][gc,heap        ] GC(2065) Tenured: 1214978K(1398144K)->1214978K(1398144K)
[199.440s][info][gc,metaspace   ] GC(2065) Metaspace: 133247K(134912K)->133247K(134912K) NonClass: 116386K(117120K)->116386K(117120K) Class: 16861K(17792K)->16861K(17792K)
[199.440s][info][gc             ] GC(2065) Pause Young (Allocation Failure) 1763M->1225M(1979M) 5.815ms
[199.440s][info][gc,cpu         ] GC(2065) User=0.00s Sys=0.00s Real=0.01s
[199.524s][info][gc,start       ] GC(2066) Pause Young (Allocation Failure)
[199.531s][info][gc,heap        ] GC(2066) DefNew: 599375K(629120K)->30982K(629120K) Eden: 559232K(559232K)->0K(559232K) From: 40143K(69888K)->30982K(69888K)
[199.531s][info][gc,heap        ] GC(2066) Tenured: 1214978K(1398144K)->1227269K(1398144K)
[199.531s][info][gc,metaspace   ] GC(2066) Metaspace: 133247K(134912K)->133247K(134912K) NonClass: 116386K(117120K)->116386K(117120K) Class: 16861K(17792K)->16861K(17792K)
[199.531s][info][gc             ] GC(2066) Pause Young (Allocation Failure) 1771M->1228M(1979M) 6.550ms
[199.531s][info][gc,cpu         ] GC(2066) User=0.00s Sys=0.00s Real=0.00s
[199.614s][info][gc,start       ] GC(2067) Pause Young (Allocation Failure)
[199.618s][info][gc,heap        ] GC(2067) DefNew: 590214K(629120K)->24915K(629120K) Eden: 559232K(559232K)->0K(559232K) From: 30982K(69888K)->24915K(69888K)
[199.618s][info][gc,heap        ] GC(2067) Tenured: 1227269K(1398144K)->1227269K(1398144K)
[199.618s][info][gc,metaspace   ] GC(2067) Metaspace: 133247K(134912K)->133247K(134912K) NonClass: 116386K(117120K)->116386K(117120K) Class: 16861K(17792K)->16861K(17792K)
[199.618s][info][gc             ] GC(2067) Pause Young (Allocation Failure) 1774M->1222M(1979M) 4.054ms
[199.618s][info][gc,cpu         ] GC(2067) User=0.00s Sys=0.00s Real=0.00s
[199.701s][info][gc,start       ] GC(2068) Pause Young (Allocation Failure)
[199.705s][info][gc,heap        ] GC(2068) DefNew: 584147K(629120K)->27840K(629120K) Eden: 559232K(559232K)->0K(559232K) From: 24915K(69888K)->27840K(69888K)
[199.705s][info][gc,heap        ] GC(2068) Tenured: 1227269K(1398144K)->1227269K(1398144K)
[199.705s][info][gc,metaspace   ] GC(2068) Metaspace: 133247K(134912K)->133247K(134912K) NonClass: 116386K(117120K)->116386K(117120K) Class: 16861K(17792K)->16861K(17792K)
[199.705s][info][gc             ] GC(2068) Pause Young (Allocation Failure) 1768M->1225M(1979M) 4.497ms
[199.705s][info][gc,cpu         ] GC(2068) User=0.00s Sys=0.00s Real=0.00s
[199.793s][info][gc,start       ] GC(2069) Pause Young (Allocation Failure)
[199.799s][info][gc,heap        ] GC(2069) DefNew: 587072K(629120K)->35932K(629120K) Eden: 559232K(559232K)->0K(559232K) From: 27840K(69888K)->35932K(69888K)
[199.799s][info][gc,heap        ] GC(2069) Tenured: 1227269K(1398144K)->1227269K(1398144K)
[199.799s][info][gc,metaspace   ] GC(2069) Metaspace: 133247K(134912K)->133247K(134912K) NonClass: 116386K(117120K)->116386K(117120K) Class: 16861K(17792K)->16861K(17792K)
[199.799s][info][gc             ] GC(2069) Pause Young (Allocation Failure) 1771M->1233M(1979M) 5.741ms
[199.799s][info][gc,cpu         ] GC(2069) User=0.00s Sys=0.00s Real=0.00s
[199.885s][info][gc,start       ] GC(2070) Pause Young (Allocation Failure)
[199.890s][info][gc,heap        ] GC(2070) DefNew: 595164K(629120K)->24619K(629120K) Eden: 559232K(559232K)->0K(559232K) From: 35932K(69888K)->24619K(69888K)
[199.890s][info][gc,heap        ] GC(2070) Tenured: 1227269K(1398144K)->1235463K(1398144K)
[199.890s][info][gc,metaspace   ] GC(2070) Metaspace: 133247K(134912K)->133247K(134912K) NonClass: 116386K(117120K)->116386K(117120K) Class: 16861K(17792K)->16861K(17792K)
[199.891s][info][gc             ] GC(2070) Pause Young (Allocation Failure) 1779M->1230M(1979M) 5.097ms
[199.891s][info][gc,cpu         ] GC(2070) User=0.00s Sys=0.00s Real=0.00s
[199.977s][info][gc,start       ] GC(2071) Pause Young (Allocation Failure)
[199.982s][info][gc,heap        ] GC(2071) DefNew: 579965K(629120K)->30037K(629120K) Eden: 555345K(559232K)->0K(559232K) From: 24619K(69888K)->30037K(69888K)
[199.982s][info][gc,heap        ] GC(2071) Tenured: 1235463K(1398144K)->1235463K(1398144K)
[199.982s][info][gc,metaspace   ] GC(2071) Metaspace: 133247K(134912K)->133247K(134912K) NonClass: 116386K(117120K)->116386K(117120K) Class: 16861K(17792K)->16861K(17792K)
[199.982s][info][gc             ] GC(2071) Pause Young (Allocation Failure) 1772M->1235M(1979M) 4.560ms
[199.982s][info][gc,cpu         ] GC(2071) User=0.00s Sys=0.00s Real=0.00s
[200.068s][info][gc,start       ] GC(2072) Pause Young (Allocation Failure)
[200.073s][info][gc,heap        ] GC(2072) DefNew: 588918K(629120K)->26318K(629120K) Eden: 558880K(559232K)->0K(559232K) From: 30037K(69888K)->26318K(69888K)
[200.073s][info][gc,heap        ] GC(2072) Tenured: 1235463K(1398144K)->1235463K(1398144K)
[200.073s][info][gc,metaspace   ] GC(2072) Metaspace: 133247K(134912K)->133247K(134912K) NonClass: 116386K(117120K)->116386K(117120K) Class: 16861K(17792K)->16861K(17792K)
[200.073s][info][gc             ] GC(2072) Pause Young (Allocation Failure) 1781M->1232M(1979M) 4.798ms
[200.073s][info][gc,cpu         ] GC(2072) User=0.00s Sys=0.00s Real=0.02s
[200.161s][info][gc,start       ] GC(2073) Pause Young (Allocation Failure)
[200.166s][info][gc,heap        ] GC(2073) DefNew: 585550K(629120K)->25402K(629120K) Eden: 559232K(559232K)->0K(559232K) From: 26318K(69888K)->25402K(69888K)
[200.166s][info][gc,heap        ] GC(2073) Tenured: 1235463K(1398144K)->1235463K(1398144K)
[200.166s][info][gc,metaspace   ] GC(2073) Metaspace: 133247K(134912K)->133247K(134912K) NonClass: 116386K(117120K)->116386K(117120K) Class: 16861K(17792K)->16861K(17792K)
[200.166s][info][gc             ] GC(2073) Pause Young (Allocation Failure) 1778M->1231M(1979M) 4.235ms
[200.166s][info][gc,cpu         ] GC(2073) User=0.00s Sys=0.00s Real=0.02s
[200.253s][info][gc,start       ] GC(2074) Pause Young (Allocation Failure)
[200.257s][info][gc,heap        ] GC(2074) DefNew: 584634K(629120K)->23765K(629120K) Eden: 559232K(559232K)->0K(559232K) From: 25402K(69888K)->23765K(69888K)
[200.257s][info][gc,heap        ] GC(2074) Tenured: 1235463K(1398144K)->1235463K(1398144K)
[200.257s][info][gc,metaspace   ] GC(2074) Metaspace: 133247K(134912K)->133247K(134912K) NonClass: 116386K(117120K)->116386K(117120K) Class: 16861K(17792K)->16861K(17792K)
[200.257s][info][gc             ] GC(2074) Pause Young (Allocation Failure) 1777M->1229M(1979M) 4.351ms
[200.257s][info][gc,cpu         ] GC(2074) User=0.00s Sys=0.00s Real=0.00s
[200.344s][info][gc,start       ] GC(2075) Pause Young (Allocation Failure)
[200.349s][info][gc,heap        ] GC(2075) DefNew: 582997K(629120K)->23747K(629120K) Eden: 559232K(559232K)->0K(559232K) From: 23765K(69888K)->23747K(69888K)
[200.349s][info][gc,heap        ] GC(2075) Tenured: 1235463K(1398144K)->1235463K(1398144K)
[200.349s][info][gc,metaspace   ] GC(2075) Metaspace: 133247K(134912K)->133247K(134912K) NonClass: 116386K(117120K)->116386K(117120K) Class: 16861K(17792K)->16861K(17792K)
[200.349s][info][gc             ] GC(2075) Pause Young (Allocation Failure) 1775M->1229M(1979M) 4.130ms
[200.349s][info][gc,cpu         ] GC(2075) User=0.00s Sys=0.00s Real=0.00s
[200.436s][info][gc,start       ] GC(2076) Pause Young (Allocation Failure)
[200.441s][info][gc,heap        ] GC(2076) DefNew: 582979K(629120K)->30089K(629120K) Eden: 559232K(559232K)->0K(559232K) From: 23747K(69888K)->30089K(69888K)
[200.441s][info][gc,heap        ] GC(2076) Tenured: 1235463K(1398144K)->1235463K(1398144K)
[200.441s][info][gc,metaspace   ] GC(2076) Metaspace: 133247K(134912K)->133247K(134912K) NonClass: 116386K(117120K)->116386K(117120K) Class: 16861K(17792K)->16861K(17792K)
[200.441s][info][gc             ] GC(2076) Pause Young (Allocation Failure) 1775M->1235M(1979M) 4.719ms
[200.441s][info][gc,cpu         ] GC(2076) User=0.00s Sys=0.00s Real=0.00s
[200.529s][info][gc,start       ] GC(2077) Pause Young (Allocation Failure)
[200.534s][info][gc,heap        ] GC(2077) DefNew: 589321K(629120K)->27763K(629120K) Eden: 559232K(559232K)->0K(559232K) From: 30089K(69888K)->27763K(69888K)
[200.534s][info][gc,heap        ] GC(2077) Tenured: 1235463K(1398144K)->1235463K(1398144K)
[200.534s][info][gc,metaspace   ] GC(2077) Metaspace: 133247K(134912K)->133247K(134912K) NonClass: 116386K(117120K)->116386K(117120K) Class: 16861K(17792K)->16861K(17792K)
[200.534s][info][gc             ] GC(2077) Pause Young (Allocation Failure) 1782M->1233M(1979M) 4.898ms
[200.534s][info][gc,cpu         ] GC(2077) User=0.00s Sys=0.00s Real=0.00s
[200.621s][info][gc,start       ] GC(2078) Pause Young (Allocation Failure)
[200.626s][info][gc,heap        ] GC(2078) DefNew: 586995K(629120K)->24629K(629120K) Eden: 559232K(559232K)->0K(559232K) From: 27763K(69888K)->24629K(69888K)
[200.626s][info][gc,heap        ] GC(2078) Tenured: 1235463K(1398144K)->1235463K(1398144K)
[200.626s][info][gc,metaspace   ] GC(2078) Metaspace: 133247K(134912K)->133247K(134912K) NonClass: 116386K(117120K)->116386K(117120K) Class: 16861K(17792K)->16861K(17792K)
[200.626s][info][gc             ] GC(2078) Pause Young (Allocation Failure) 1779M->1230M(1979M) 4.234ms
[200.626s][info][gc,cpu         ] GC(2078) User=0.00s Sys=0.00s Real=0.00s
[200.713s][info][gc,start       ] GC(2079) Pause Young (Allocation Failure)
[200.717s][info][gc,heap        ] GC(2079) DefNew: 583861K(629120K)->19668K(629120K) Eden: 559232K(559232K)->0K(559232K) From: 24629K(69888K)->19668K(69888K)
[200.717s][info][gc,heap        ] GC(2079) Tenured: 1235463K(1398144K)->1239560K(1398144K)
[200.717s][info][gc,metaspace   ] GC(2079) Metaspace: 133247K(134912K)->133247K(134912K) NonClass: 116386K(117120K)->116386K(117120K) Class: 16861K(17792K)->16861K(17792K)
[200.717s][info][gc             ] GC(2079) Pause Young (Allocation Failure) 1776M->1229M(1979M) 4.413ms
[200.717s][info][gc,cpu         ] GC(2079) User=0.02s Sys=0.00s Real=0.01s
[200.805s][info][gc,start       ] GC(2080) Pause Young (Allocation Failure)
[200.809s][info][gc,heap        ] GC(2080) DefNew: 578900K(629120K)->9876K(629120K) Eden: 559232K(559232K)->0K(559232K) From: 19668K(69888K)->9876K(69888K)
[200.809s][info][gc,heap        ] GC(2080) Tenured: 1239560K(1398144K)->1247796K(1398144K)
[200.809s][info][gc,metaspace   ] GC(2080) Metaspace: 133247K(134912K)->133247K(134912K) NonClass: 116386K(117120K)->116386K(117120K) Class: 16861K(17792K)->16861K(17792K)
[200.809s][info][gc             ] GC(2080) Pause Young (Allocation Failure) 1775M->1228M(1979M) 3.987ms
[200.809s][info][gc,cpu         ] GC(2080) User=0.00s Sys=0.00s Real=0.02s
[200.895s][info][gc,start       ] GC(2081) Pause Young (Allocation Failure)
[200.898s][info][gc,heap        ] GC(2081) DefNew: 569108K(629120K)->16211K(629120K) Eden: 559232K(559232K)->0K(559232K) From: 9876K(69888K)->16211K(69888K)
[200.899s][info][gc,heap        ] GC(2081) Tenured: 1247796K(1398144K)->1247796K(1398144K)
[200.899s][info][gc,metaspace   ] GC(2081) Metaspace: 133247K(134912K)->133247K(134912K) NonClass: 116386K(117120K)->116386K(117120K) Class: 16861K(17792K)->16861K(17792K)
[200.899s][info][gc             ] GC(2081) Pause Young (Allocation Failure) 1774M->1234M(1979M) 3.825ms
[200.899s][info][gc,cpu         ] GC(2081) User=0.00s Sys=0.00s Real=0.00s
[200.986s][info][gc,start       ] GC(2082) Pause Young (Allocation Failure)
[200.990s][info][gc,heap        ] GC(2082) DefNew: 575443K(629120K)->15039K(629120K) Eden: 559232K(559232K)->0K(559232K) From: 16211K(69888K)->15039K(69888K)
[200.990s][info][gc,heap        ] GC(2082) Tenured: 1247796K(1398144K)->1247796K(1398144K)
[200.990s][info][gc,metaspace   ] GC(2082) Metaspace: 133247K(134912K)->133247K(134912K) NonClass: 116386K(117120K)->116386K(117120K) Class: 16861K(17792K)->16861K(17792K)
[200.990s][info][gc             ] GC(2082) Pause Young (Allocation Failure) 1780M->1233M(1979M) 3.744ms
[200.990s][info][gc,cpu         ] GC(2082) User=0.00s Sys=0.00s Real=0.00s
[201.109s][info][gc,start       ] GC(2083) Pause Young (Allocation Failure)
[201.112s][info][gc,heap        ] GC(2083) DefNew: 574271K(629120K)->11066K(629120K) Eden: 559232K(559232K)->0K(559232K) From: 15039K(69888K)->11066K(69888K)
[201.112s][info][gc,heap        ] GC(2083) Tenured: 1247796K(1398144K)->1247796K(1398144K)
[201.112s][info][gc,metaspace   ] GC(2083) Metaspace: 133247K(134912K)->133247K(134912K) NonClass: 116386K(117120K)->116386K(117120K) Class: 16861K(17792K)->16861K(17792K)
[201.112s][info][gc             ] GC(2083) Pause Young (Allocation Failure) 1779M->1229M(1979M) 3.089ms
[201.112s][info][gc,cpu         ] GC(2083) User=0.00s Sys=0.00s Real=0.00s
[201.275s][info][gc,start       ] GC(2084) Pause Full (System.gc())
[201.275s][info][gc,phases,start] GC(2084) Phase 1: Mark live objects
[201.334s][info][gc,phases      ] GC(2084) Phase 1: Mark live objects 59.596ms
[201.334s][info][gc,phases,start] GC(2084) Phase 2: Compute new object addresses
[201.384s][info][gc,phases      ] GC(2084) Phase 2: Compute new object addresses 49.233ms
[201.384s][info][gc,phases,start] GC(2084) Phase 3: Adjust pointers
[201.418s][info][gc,phases      ] GC(2084) Phase 3: Adjust pointers 34.469ms
[201.418s][info][gc,phases,start] GC(2084) Phase 4: Move objects
[201.506s][info][gc,phases      ] GC(2084) Phase 4: Move objects 88.127ms
[201.507s][info][gc,heap        ] GC(2084) DefNew: 294609K(629120K)->0K(629120K) Eden: 283542K(559232K)->0K(559232K) From: 11066K(69888K)->0K(69888K)
[201.507s][info][gc,heap        ] GC(2084) Tenured: 1247796K(1398144K)->970651K(1398144K)
[201.507s][info][gc,metaspace   ] GC(2084) Metaspace: 133249K(134912K)->133249K(134912K) NonClass: 116388K(117120K)->116388K(117120K) Class: 16861K(17792K)->16861K(17792K)
[201.507s][info][gc             ] GC(2084) Pause Full (System.gc()) 1506M->947M(1979M) 232.589ms
[201.507s][info][gc,cpu         ] GC(2084) User=0.22s Sys=0.00s Real=0.22s
[201.627s][info][gc,start       ] GC(2085) Pause Young (Allocation Failure)
[201.631s][info][gc,heap        ] GC(2085) DefNew: 559232K(629120K)->4933K(629120K) Eden: 559232K(559232K)->0K(559232K) From: 0K(69888K)->4933K(69888K)
[201.631s][info][gc,heap        ] GC(2085) Tenured: 970651K(1398144K)->970651K(1398144K)
[201.631s][info][gc,metaspace   ] GC(2085) Metaspace: 133265K(134976K)->133265K(134976K) NonClass: 116403K(117184K)->116403K(117184K) Class: 16861K(17792K)->16861K(17792K)
[201.631s][info][gc             ] GC(2085) Pause Young (Allocation Failure) 1494M->952M(1979M) 4.703ms
[201.631s][info][gc,cpu         ] GC(2085) User=0.02s Sys=0.00s Real=0.00s
[201.700s][info][gc,start       ] GC(2086) Pause Young (Allocation Failure)
[201.706s][info][gc,heap        ] GC(2086) DefNew: 564165K(629120K)->9905K(629120K) Eden: 559232K(559232K)->0K(559232K) From: 4933K(69888K)->9905K(69888K)
[201.706s][info][gc,heap        ] GC(2086) Tenured: 970651K(1398144K)->970651K(1398144K)
[201.706s][info][gc,metaspace   ] GC(2086) Metaspace: 133265K(134976K)->133265K(134976K) NonClass: 116403K(117184K)->116403K(117184K) Class: 16861K(17792K)->16861K(17792K)
[201.706s][info][gc             ] GC(2086) Pause Young (Allocation Failure) 1498M->957M(1979M) 5.792ms
[201.706s][info][gc,cpu         ] GC(2086) User=0.00s Sys=0.00s Real=0.00s
[201.760s][info][gc,start       ] GC(2087) Pause Young (Allocation Failure)
[201.764s][info][gc,heap        ] GC(2087) DefNew: 569137K(629120K)->9012K(629120K) Eden: 559232K(559232K)->0K(559232K) From: 9905K(69888K)->9012K(69888K)
[201.764s][info][gc,heap        ] GC(2087) Tenured: 970651K(1398144K)->970651K(1398144K)
[201.764s][info][gc,metaspace   ] GC(2087) Metaspace: 133265K(134976K)->133265K(134976K) NonClass: 116403K(117184K)->116403K(117184K) Class: 16861K(17792K)->16861K(17792K)
[201.764s][info][gc             ] GC(2087) Pause Young (Allocation Failure) 1503M->956M(1979M) 4.255ms
[201.764s][info][gc,cpu         ] GC(2087) User=0.00s Sys=0.00s Real=0.01s
[201.819s][info][gc,start       ] GC(2088) Pause Young (Allocation Failure)
[201.823s][info][gc,heap        ] GC(2088) DefNew: 568244K(629120K)->10389K(629120K) Eden: 559232K(559232K)->0K(559232K) From: 9012K(69888K)->10389K(69888K)
[201.823s][info][gc,heap        ] GC(2088) Tenured: 970651K(1398144K)->970651K(1398144K)
[201.823s][info][gc,metaspace   ] GC(2088) Metaspace: 133265K(134976K)->133265K(134976K) NonClass: 116403K(117184K)->116403K(117184K) Class: 16861K(17792K)->16861K(17792K)
[201.823s][info][gc             ] GC(2088) Pause Young (Allocation Failure) 1502M->958M(1979M) 4.099ms
[201.823s][info][gc,cpu         ] GC(2088) User=0.00s Sys=0.00s Real=0.00s
[201.880s][info][gc,start       ] GC(2089) Pause Young (Allocation Failure)
[201.884s][info][gc,heap        ] GC(2089) DefNew: 569621K(629120K)->13569K(629120K) Eden: 559232K(559232K)->0K(559232K) From: 10389K(69888K)->13569K(69888K)
[201.884s][info][gc,heap        ] GC(2089) Tenured: 970651K(1398144K)->970651K(1398144K)
[201.884s][info][gc,metaspace   ] GC(2089) Metaspace: 133265K(134976K)->133265K(134976K) NonClass: 116403K(117184K)->116403K(117184K) Class: 16861K(17792K)->16861K(17792K)
[201.884s][info][gc             ] GC(2089) Pause Young (Allocation Failure) 1504M->961M(1979M) 4.809ms
[201.884s][info][gc,cpu         ] GC(2089) User=0.00s Sys=0.00s Real=0.01s
[201.940s][info][gc,start       ] GC(2090) Pause Young (Allocation Failure)
[201.946s][info][gc,heap        ] GC(2090) DefNew: 572801K(629120K)->19075K(629120K) Eden: 559232K(559232K)->0K(559232K) From: 13569K(69888K)->19075K(69888K)
[201.946s][info][gc,heap        ] GC(2090) Tenured: 970651K(1398144K)->970651K(1398144K)
[201.946s][info][gc,metaspace   ] GC(2090) Metaspace: 133265K(134976K)->133265K(134976K) NonClass: 116403K(117184K)->116403K(117184K) Class: 16861K(17792K)->16861K(17792K)
[201.946s][info][gc             ] GC(2090) Pause Young (Allocation Failure) 1507M->966M(1979M) 5.364ms
[201.946s][info][gc,cpu         ] GC(2090) User=0.00s Sys=0.00s Real=0.02s
[202.002s][info][gc,start       ] GC(2091) Pause Young (Allocation Failure)
[202.007s][info][gc,heap        ] GC(2091) DefNew: 578307K(629120K)->24928K(629120K) Eden: 559232K(559232K)->0K(559232K) From: 19075K(69888K)->24928K(69888K)
[202.007s][info][gc,heap        ] GC(2091) Tenured: 970651K(1398144K)->970651K(1398144K)
[202.007s][info][gc,metaspace   ] GC(2091) Metaspace: 133265K(134976K)->133265K(134976K) NonClass: 116403K(117184K)->116403K(117184K) Class: 16861K(17792K)->16861K(17792K)
[202.007s][info][gc             ] GC(2091) Pause Young (Allocation Failure) 1512M->972M(1979M) 5.871ms
[202.007s][info][gc,cpu         ] GC(2091) User=0.00s Sys=0.00s Real=0.00s
[202.063s][info][gc,start       ] GC(2092) Pause Young (Allocation Failure)
[202.068s][info][gc,heap        ] GC(2092) DefNew: 584160K(629120K)->27251K(629120K) Eden: 559232K(559232K)->0K(559232K) From: 24928K(69888K)->27251K(69888K)
[202.068s][info][gc,heap        ] GC(2092) Tenured: 970651K(1398144K)->970651K(1398144K)
[202.068s][info][gc,metaspace   ] GC(2092) Metaspace: 133265K(134976K)->133265K(134976K) NonClass: 116403K(117184K)->116403K(117184K) Class: 16861K(17792K)->16861K(17792K)
[202.068s][info][gc             ] GC(2092) Pause Young (Allocation Failure) 1518M->974M(1979M) 5.895ms
[202.069s][info][gc,cpu         ] GC(2092) User=0.00s Sys=0.00s Real=0.00s
[202.125s][info][gc,start       ] GC(2093) Pause Young (Allocation Failure)
[202.131s][info][gc,heap        ] GC(2093) DefNew: 586483K(629120K)->33336K(629120K) Eden: 559232K(559232K)->0K(559232K) From: 27251K(69888K)->33336K(69888K)
[202.131s][info][gc,heap        ] GC(2093) Tenured: 970651K(1398144K)->970651K(1398144K)
[202.131s][info][gc,metaspace   ] GC(2093) Metaspace: 133265K(134976K)->133265K(134976K) NonClass: 116403K(117184K)->116403K(117184K) Class: 16861K(17792K)->16861K(17792K)
[202.131s][info][gc             ] GC(2093) Pause Young (Allocation Failure) 1520M->980M(1979M) 6.818ms
[202.132s][info][gc,cpu         ] GC(2093) User=0.00s Sys=0.00s Real=0.00s
[202.189s][info][gc,start       ] GC(2094) Pause Young (Allocation Failure)
[202.197s][info][gc,heap        ] GC(2094) DefNew: 592568K(629120K)->41710K(629120K) Eden: 559232K(559232K)->0K(559232K) From: 33336K(69888K)->41710K(69888K)
[202.197s][info][gc,heap        ] GC(2094) Tenured: 970651K(1398144K)->970651K(1398144K)
[202.197s][info][gc,metaspace   ] GC(2094) Metaspace: 133265K(134976K)->133265K(134976K) NonClass: 116403K(117184K)->116403K(117184K) Class: 16861K(17792K)->16861K(17792K)
[202.197s][info][gc             ] GC(2094) Pause Young (Allocation Failure) 1526M->988M(1979M) 7.274ms
[202.197s][info][gc,cpu         ] GC(2094) User=0.00s Sys=0.00s Real=0.00s
[202.253s][info][gc,start       ] GC(2095) Pause Young (Allocation Failure)
[202.261s][info][gc,heap        ] GC(2095) DefNew: 600942K(629120K)->32910K(629120K) Eden: 559232K(559232K)->0K(559232K) From: 41710K(69888K)->32910K(69888K)
[202.261s][info][gc,heap        ] GC(2095) Tenured: 970651K(1398144K)->980428K(1398144K)
[202.261s][info][gc,metaspace   ] GC(2095) Metaspace: 133265K(134976K)->133265K(134976K) NonClass: 116403K(117184K)->116403K(117184K) Class: 16861K(17792K)->16861K(17792K)
[202.261s][info][gc             ] GC(2095) Pause Young (Allocation Failure) 1534M->989M(1979M) 7.783ms
[202.261s][info][gc,cpu         ] GC(2095) User=0.02s Sys=0.00s Real=0.02s
[202.316s][info][gc,start       ] GC(2096) Pause Young (Allocation Failure)
[202.322s][info][gc,heap        ] GC(2096) DefNew: 592142K(629120K)->38556K(629120K) Eden: 559232K(559232K)->0K(559232K) From: 32910K(69888K)->38556K(69888K)
[202.322s][info][gc,heap        ] GC(2096) Tenured: 980428K(1398144K)->980428K(1398144K)
[202.322s][info][gc,metaspace   ] GC(2096) Metaspace: 133265K(134976K)->133265K(134976K) NonClass: 116403K(117184K)->116403K(117184K) Class: 16861K(17792K)->16861K(17792K)
[202.322s][info][gc             ] GC(2096) Pause Young (Allocation Failure) 1535M->995M(1979M) 5.872ms
[202.322s][info][gc,cpu         ] GC(2096) User=0.00s Sys=0.00s Real=0.02s
[202.378s][info][gc,start       ] GC(2097) Pause Young (Allocation Failure)
[202.384s][info][gc,heap        ] GC(2097) DefNew: 597788K(629120K)->36701K(629120K) Eden: 559232K(559232K)->0K(559232K) From: 38556K(69888K)->36701K(69888K)
[202.384s][info][gc,heap        ] GC(2097) Tenured: 980428K(1398144K)->984832K(1398144K)
[202.384s][info][gc,metaspace   ] GC(2097) Metaspace: 133265K(134976K)->133265K(134976K) NonClass: 116403K(117184K)->116403K(117184K) Class: 16861K(17792K)->16861K(17792K)
[202.384s][info][gc             ] GC(2097) Pause Young (Allocation Failure) 1541M->997M(1979M) 6.072ms
[202.384s][info][gc,cpu         ] GC(2097) User=0.00s Sys=0.00s Real=0.00s
[202.440s][info][gc,start       ] GC(2098) Pause Young (Allocation Failure)
[202.446s][info][gc,heap        ] GC(2098) DefNew: 595933K(629120K)->38250K(629120K) Eden: 559232K(559232K)->0K(559232K) From: 36701K(69888K)->38250K(69888K)
[202.446s][info][gc,heap        ] GC(2098) Tenured: 984832K(1398144K)->988931K(1398144K)
[202.446s][info][gc,metaspace   ] GC(2098) Metaspace: 133265K(134976K)->133265K(134976K) NonClass: 116403K(117184K)->116403K(117184K) Class: 16861K(17792K)->16861K(17792K)
[202.446s][info][gc             ] GC(2098) Pause Young (Allocation Failure) 1543M->1003M(1979M) 6.079ms
[202.446s][info][gc,cpu         ] GC(2098) User=0.00s Sys=0.00s Real=0.00s
[202.502s][info][gc,start       ] GC(2099) Pause Young (Allocation Failure)
[202.508s][info][gc,heap        ] GC(2099) DefNew: 597482K(629120K)->34477K(629120K) Eden: 559232K(559232K)->0K(559232K) From: 38250K(69888K)->34477K(69888K)
[202.508s][info][gc,heap        ] GC(2099) Tenured: 988931K(1398144K)->993029K(1398144K)
[202.508s][info][gc,metaspace   ] GC(2099) Metaspace: 133265K(134976K)->133265K(134976K) NonClass: 116403K(117184K)->116403K(117184K) Class: 16861K(17792K)->16861K(17792K)
[202.508s][info][gc             ] GC(2099) Pause Young (Allocation Failure) 1549M->1003M(1979M) 5.552ms
[202.508s][info][gc,cpu         ] GC(2099) User=0.00s Sys=0.00s Real=0.00s
[202.563s][info][gc,start       ] GC(2100) Pause Young (Allocation Failure)
[202.570s][info][gc,heap        ] GC(2100) DefNew: 593709K(629120K)->42341K(629120K) Eden: 559232K(559232K)->0K(559232K) From: 34477K(69888K)->42341K(69888K)
[202.570s][info][gc,heap        ] GC(2100) Tenured: 993029K(1398144K)->993029K(1398144K)
[202.570s][info][gc,metaspace   ] GC(2100) Metaspace: 133265K(134976K)->133265K(134976K) NonClass: 116403K(117184K)->116403K(117184K) Class: 16861K(17792K)->16861K(17792K)
[202.570s][info][gc             ] GC(2100) Pause Young (Allocation Failure) 1549M->1011M(1979M) 6.183ms
[202.570s][info][gc,cpu         ] GC(2100) User=0.00s Sys=0.00s Real=0.00s
[202.630s][info][gc,start       ] GC(2101) Pause Young (Allocation Failure)
[202.637s][info][gc,heap        ] GC(2101) DefNew: 601573K(629120K)->38080K(629120K) Eden: 559232K(559232K)->0K(559232K) From: 42341K(69888K)->38080K(69888K)
[202.637s][info][gc,heap        ] GC(2101) Tenured: 993029K(1398144K)->1001222K(1398144K)
[202.637s][info][gc,metaspace   ] GC(2101) Metaspace: 133265K(134976K)->133265K(134976K) NonClass: 116403K(117184K)->116403K(117184K) Class: 16861K(17792K)->16861K(17792K)
[202.637s][info][gc             ] GC(2101) Pause Young (Allocation Failure) 1557M->1014M(1979M) 6.680ms
[202.637s][info][gc,cpu         ] GC(2101) User=0.02s Sys=0.00s Real=0.02s
[202.726s][info][gc,start       ] GC(2102) Pause Young (Allocation Failure)
[202.734s][info][gc,heap        ] GC(2102) DefNew: 597312K(629120K)->48289K(629120K) Eden: 559232K(559232K)->0K(559232K) From: 38080K(69888K)->48289K(69888K)
[202.734s][info][gc,heap        ] GC(2102) Tenured: 1001222K(1398144K)->1005320K(1398144K)
[202.734s][info][gc,metaspace   ] GC(2102) Metaspace: 133265K(134976K)->133265K(134976K) NonClass: 116403K(117184K)->116403K(117184K) Class: 16861K(17792K)->16861K(17792K)
[202.734s][info][gc             ] GC(2102) Pause Young (Allocation Failure) 1561M->1028M(1979M) 7.739ms
[202.734s][info][gc,cpu         ] GC(2102) User=0.00s Sys=0.00s Real=0.02s
[202.822s][info][gc,start       ] GC(2103) Pause Young (Allocation Failure)
[202.829s][info][gc,heap        ] GC(2103) DefNew: 607521K(629120K)->43760K(629120K) Eden: 559232K(559232K)->0K(559232K) From: 48289K(69888K)->43760K(69888K)
[202.829s][info][gc,heap        ] GC(2103) Tenured: 1005320K(1398144K)->1021729K(1398144K)
[202.829s][info][gc,metaspace   ] GC(2103) Metaspace: 133265K(134976K)->133265K(134976K) NonClass: 116403K(117184K)->116403K(117184K) Class: 16861K(17792K)->16861K(17792K)
[202.830s][info][gc             ] GC(2103) Pause Young (Allocation Failure) 1575M->1040M(1979M) 7.783ms
[202.830s][info][gc,cpu         ] GC(2103) User=0.00s Sys=0.00s Real=0.02s
[202.918s][info][gc,start       ] GC(2104) Pause Young (Allocation Failure)
[202.926s][info][gc,heap        ] GC(2104) DefNew: 602992K(629120K)->43253K(629120K) Eden: 559232K(559232K)->0K(559232K) From: 43760K(69888K)->43253K(69888K)
[202.926s][info][gc,heap        ] GC(2104) Tenured: 1021729K(1398144K)->1034338K(1398144K)
[202.926s][info][gc,metaspace   ] GC(2104) Metaspace: 133265K(134976K)->133265K(134976K) NonClass: 116403K(117184K)->116403K(117184K) Class: 16861K(17792K)->16861K(17792K)
[202.926s][info][gc             ] GC(2104) Pause Young (Allocation Failure) 1586M->1052M(1979M) 7.534ms
[202.926s][info][gc,cpu         ] GC(2104) User=0.00s Sys=0.00s Real=0.02s
[203.013s][info][gc,start       ] GC(2105) Pause Young (Allocation Failure)
[203.021s][info][gc,heap        ] GC(2105) DefNew: 602485K(629120K)->46434K(629120K) Eden: 559232K(559232K)->0K(559232K) From: 43253K(69888K)->46434K(69888K)
[203.021s][info][gc,heap        ] GC(2105) Tenured: 1034338K(1398144K)->1046767K(1398144K)
[203.021s][info][gc,metaspace   ] GC(2105) Metaspace: 133265K(134976K)->133265K(134976K) NonClass: 116403K(117184K)->116403K(117184K) Class: 16861K(17792K)->16861K(17792K)
[203.021s][info][gc             ] GC(2105) Pause Young (Allocation Failure) 1598M->1067M(1979M) 7.854ms
[203.021s][info][gc,cpu         ] GC(2105) User=0.00s Sys=0.00s Real=0.00s
[203.109s][info][gc,start       ] GC(2106) Pause Young (Allocation Failure)
[203.117s][info][gc,heap        ] GC(2106) DefNew: 605666K(629120K)->45842K(629120K) Eden: 559232K(559232K)->0K(559232K) From: 46434K(69888K)->45842K(69888K)
[203.117s][info][gc,heap        ] GC(2106) Tenured: 1046767K(1398144K)->1059060K(1398144K)
[203.117s][info][gc,metaspace   ] GC(2106) Metaspace: 133265K(134976K)->133265K(134976K) NonClass: 116403K(117184K)->116403K(117184K) Class: 16861K(17792K)->16861K(17792K)
[203.117s][info][gc             ] GC(2106) Pause Young (Allocation Failure) 1613M->1079M(1979M) 7.761ms
[203.117s][info][gc,cpu         ] GC(2106) User=0.00s Sys=0.00s Real=0.00s
[203.208s][info][gc,start       ] GC(2107) Pause Young (Allocation Failure)
[203.215s][info][gc,heap        ] GC(2107) DefNew: 605074K(629120K)->44867K(629120K) Eden: 559232K(559232K)->0K(559232K) From: 45842K(69888K)->44867K(69888K)
[203.215s][info][gc,heap        ] GC(2107) Tenured: 1059060K(1398144K)->1075448K(1398144K)
[203.215s][info][gc,metaspace   ] GC(2107) Metaspace: 133265K(134976K)->133265K(134976K) NonClass: 116403K(117184K)->116403K(117184K) Class: 16861K(17792K)->16861K(17792K)
[203.215s][info][gc             ] GC(2107) Pause Young (Allocation Failure) 1625M->1094M(1979M) 7.383ms
[203.215s][info][gc,cpu         ] GC(2107) User=0.00s Sys=0.00s Real=0.00s
[203.306s][info][gc,start       ] GC(2108) Pause Young (Allocation Failure)
[203.313s][info][gc,heap        ] GC(2108) DefNew: 604099K(629120K)->27854K(629120K) Eden: 559232K(559232K)->0K(559232K) From: 44867K(69888K)->27854K(69888K)
[203.313s][info][gc,heap        ] GC(2108) Tenured: 1075448K(1398144K)->1100032K(1398144K)
[203.313s][info][gc,metaspace   ] GC(2108) Metaspace: 133266K(134976K)->133266K(134976K) NonClass: 116404K(117184K)->116404K(117184K) Class: 16861K(17792K)->16861K(17792K)
[203.313s][info][gc             ] GC(2108) Pause Young (Allocation Failure) 1640M->1101M(1979M) 6.965ms
[203.313s][info][gc,cpu         ] GC(2108) User=0.00s Sys=0.00s Real=0.02s
[203.395s][info][gc,start       ] GC(2109) Pause Young (Allocation Failure)
[203.400s][info][gc,heap        ] GC(2109) DefNew: 587086K(629120K)->33702K(629120K) Eden: 559232K(559232K)->0K(559232K) From: 27854K(69888K)->33702K(69888K)
[203.400s][info][gc,heap        ] GC(2109) Tenured: 1100032K(1398144K)->1100032K(1398144K)
[203.400s][info][gc,metaspace   ] GC(2109) Metaspace: 133266K(134976K)->133266K(134976K) NonClass: 116404K(117184K)->116404K(117184K) Class: 16861K(17792K)->16861K(17792K)
[203.400s][info][gc             ] GC(2109) Pause Young (Allocation Failure) 1647M->1107M(1979M) 4.962ms
[203.400s][info][gc,cpu         ] GC(2109) User=0.00s Sys=0.00s Real=0.00s
[203.486s][info][gc,start       ] GC(2110) Pause Young (Allocation Failure)
[203.491s][info][gc,heap        ] GC(2110) DefNew: 592934K(629120K)->44904K(629120K) Eden: 559232K(559232K)->0K(559232K) From: 33702K(69888K)->44904K(69888K)
[203.491s][info][gc,heap        ] GC(2110) Tenured: 1100032K(1398144K)->1100032K(1398144K)
[203.491s][info][gc,metaspace   ] GC(2110) Metaspace: 133266K(134976K)->133266K(134976K) NonClass: 116404K(117184K)->116404K(117184K) Class: 16861K(17792K)->16861K(17792K)
[203.491s][info][gc             ] GC(2110) Pause Young (Allocation Failure) 1653M->1118M(1979M) 5.886ms
[203.491s][info][gc,cpu         ] GC(2110) User=0.00s Sys=0.00s Real=0.00s
[203.579s][info][gc,start       ] GC(2111) Pause Young (Allocation Failure)
[203.586s][info][gc,heap        ] GC(2111) DefNew: 604136K(629120K)->41812K(629120K) Eden: 559232K(559232K)->0K(559232K) From: 44904K(69888K)->41812K(69888K)
[203.586s][info][gc,heap        ] GC(2111) Tenured: 1100032K(1398144K)->1112324K(1398144K)
[203.586s][info][gc,metaspace   ] GC(2111) Metaspace: 133266K(134976K)->133266K(134976K) NonClass: 116404K(117184K)->116404K(117184K) Class: 16861K(17792K)->16861K(17792K)
[203.586s][info][gc             ] GC(2111) Pause Young (Allocation Failure) 1664M->1127M(1979M) 6.861ms
[203.586s][info][gc,cpu         ] GC(2111) User=0.00s Sys=0.00s Real=0.00s
[203.674s][info][gc,start       ] GC(2112) Pause Young (Allocation Failure)
[203.681s][info][gc,heap        ] GC(2112) DefNew: 601044K(629120K)->39154K(629120K) Eden: 559232K(559232K)->0K(559232K) From: 41812K(69888K)->39154K(69888K)
[203.681s][info][gc,heap        ] GC(2112) Tenured: 1112324K(1398144K)->1124664K(1398144K)
[203.681s][info][gc,metaspace   ] GC(2112) Metaspace: 133266K(134976K)->133266K(134976K) NonClass: 116404K(117184K)->116404K(117184K) Class: 16861K(17792K)->16861K(17792K)
[203.681s][info][gc             ] GC(2112) Pause Young (Allocation Failure) 1673M->1136M(1979M) 6.930ms
[203.681s][info][gc,cpu         ] GC(2112) User=0.00s Sys=0.00s Real=0.01s
[203.768s][info][gc,start       ] GC(2113) Pause Young (Allocation Failure)
[203.774s][info][gc,heap        ] GC(2113) DefNew: 598386K(629120K)->33570K(629120K) Eden: 559232K(559232K)->0K(559232K) From: 39154K(69888K)->33570K(69888K)
[203.774s][info][gc,heap        ] GC(2113) Tenured: 1124664K(1398144K)->1132859K(1398144K)
[203.774s][info][gc,metaspace   ] GC(2113) Metaspace: 133266K(134976K)->133266K(134976K) NonClass: 116404K(117184K)->116404K(117184K) Class: 16861K(17792K)->16861K(17792K)
[203.774s][info][gc             ] GC(2113) Pause Young (Allocation Failure) 1682M->1139M(1979M) 5.979ms
[203.774s][info][gc,cpu         ] GC(2113) User=0.00s Sys=0.00s Real=0.00s
[203.862s][info][gc,start       ] GC(2114) Pause Young (Allocation Failure)
[203.867s][info][gc,heap        ] GC(2114) DefNew: 592802K(629120K)->41755K(629120K) Eden: 559232K(559232K)->0K(559232K) From: 33570K(69888K)->41755K(69888K)
[203.867s][info][gc,heap        ] GC(2114) Tenured: 1132859K(1398144K)->1132859K(1398144K)
[203.867s][info][gc,metaspace   ] GC(2114) Metaspace: 133266K(134976K)->133266K(134976K) NonClass: 116404K(117184K)->116404K(117184K) Class: 16861K(17792K)->16861K(17792K)
[203.867s][info][gc             ] GC(2114) Pause Young (Allocation Failure) 1685M->1147M(1979M) 5.511ms
[203.867s][info][gc,cpu         ] GC(2114) User=0.00s Sys=0.00s Real=0.00s
[203.956s][info][gc,start       ] GC(2115) Pause Young (Allocation Failure)
[203.962s][info][gc,heap        ] GC(2115) DefNew: 600987K(629120K)->35017K(629120K) Eden: 559232K(559232K)->0K(559232K) From: 41755K(69888K)->35017K(69888K)
[203.962s][info][gc,heap        ] GC(2115) Tenured: 1132859K(1398144K)->1145151K(1398144K)
[203.962s][info][gc,metaspace   ] GC(2115) Metaspace: 133266K(134976K)->133266K(134976K) NonClass: 116404K(117184K)->116404K(117184K) Class: 16861K(17792K)->16861K(17792K)
[203.962s][info][gc             ] GC(2115) Pause Young (Allocation Failure) 1693M->1152M(1979M) 6.320ms
[203.962s][info][gc,cpu         ] GC(2115) User=0.00s Sys=0.00s Real=0.00s
[204.051s][info][gc,start       ] GC(2116) Pause Young (Allocation Failure)
[204.056s][info][gc,heap        ] GC(2116) DefNew: 594249K(629120K)->36018K(629120K) Eden: 559232K(559232K)->0K(559232K) From: 35017K(69888K)->36018K(69888K)
[204.057s][info][gc,heap        ] GC(2116) Tenured: 1145151K(1398144K)->1149267K(1398144K)
[204.057s][info][gc,metaspace   ] GC(2116) Metaspace: 133267K(134976K)->133267K(134976K) NonClass: 116405K(117184K)->116405K(117184K) Class: 16861K(17792K)->16861K(17792K)
[204.057s][info][gc             ] GC(2116) Pause Young (Allocation Failure) 1698M->1157M(1979M) 5.560ms
[204.057s][info][gc,cpu         ] GC(2116) User=0.00s Sys=0.00s Real=0.00s
[204.140s][info][gc,start       ] GC(2117) Pause Young (Allocation Failure)
[204.146s][info][gc,heap        ] GC(2117) DefNew: 595250K(629120K)->30975K(629120K) Eden: 559232K(559232K)->0K(559232K) From: 36018K(69888K)->30975K(69888K)
[204.146s][info][gc,heap        ] GC(2117) Tenured: 1149267K(1398144K)->1157442K(1398144K)
[204.146s][info][gc,metaspace   ] GC(2117) Metaspace: 133267K(134976K)->133267K(134976K) NonClass: 116405K(117184K)->116405K(117184K) Class: 16861K(17792K)->16861K(17792K)
[204.146s][info][gc             ] GC(2117) Pause Young (Allocation Failure) 1703M->1160M(1979M) 5.977ms
[204.146s][info][gc,cpu         ] GC(2117) User=0.02s Sys=0.00s Real=0.02s
[204.229s][info][gc,start       ] GC(2118) Pause Young (Allocation Failure)
[204.233s][info][gc,heap        ] GC(2118) DefNew: 590207K(629120K)->24929K(629120K) Eden: 559232K(559232K)->0K(559232K) From: 30975K(69888K)->24929K(69888K)
[204.233s][info][gc,heap        ] GC(2118) Tenured: 1157442K(1398144K)->1157442K(1398144K)
[204.233s][info][gc,metaspace   ] GC(2118) Metaspace: 133267K(134976K)->133267K(134976K) NonClass: 116405K(117184K)->116405K(117184K) Class: 16861K(17792K)->16861K(17792K)
[204.233s][info][gc             ] GC(2118) Pause Young (Allocation Failure) 1706M->1154M(1979M) 4.128ms
[204.233s][info][gc,cpu         ] GC(2118) User=0.00s Sys=0.00s Real=0.00s
[204.316s][info][gc,start       ] GC(2119) Pause Young (Allocation Failure)
[204.321s][info][gc,heap        ] GC(2119) DefNew: 584161K(629120K)->27845K(629120K) Eden: 559232K(559232K)->0K(559232K) From: 24929K(69888K)->27845K(69888K)
[204.321s][info][gc,heap        ] GC(2119) Tenured: 1157442K(1398144K)->1157442K(1398144K)
[204.321s][info][gc,metaspace   ] GC(2119) Metaspace: 133267K(134976K)->133267K(134976K) NonClass: 116405K(117184K)->116405K(117184K) Class: 16861K(17792K)->16861K(17792K)
[204.321s][info][gc             ] GC(2119) Pause Young (Allocation Failure) 1700M->1157M(1979M) 4.884ms
[204.321s][info][gc,cpu         ] GC(2119) User=0.00s Sys=0.00s Real=0.02s
[204.408s][info][gc,start       ] GC(2120) Pause Young (Allocation Failure)
[204.414s][info][gc,heap        ] GC(2120) DefNew: 587077K(629120K)->36716K(629120K) Eden: 559232K(559232K)->0K(559232K) From: 27845K(69888K)->36716K(69888K)
[204.415s][info][gc,heap        ] GC(2120) Tenured: 1157442K(1398144K)->1157442K(1398144K)
[204.415s][info][gc,metaspace   ] GC(2120) Metaspace: 133267K(134976K)->133267K(134976K) NonClass: 116405K(117184K)->116405K(117184K) Class: 16861K(17792K)->16861K(17792K)
[204.415s][info][gc             ] GC(2120) Pause Young (Allocation Failure) 1703M->1166M(1979M) 6.123ms
[204.415s][info][gc,cpu         ] GC(2120) User=0.00s Sys=0.00s Real=0.02s
[204.500s][info][gc,start       ] GC(2121) Pause Young (Allocation Failure)
[204.505s][info][gc,heap        ] GC(2121) DefNew: 592640K(629120K)->24619K(629120K) Eden: 555923K(559232K)->0K(559232K) From: 36716K(69888K)->24619K(69888K)
[204.505s][info][gc,heap        ] GC(2121) Tenured: 1157442K(1398144K)->1165636K(1398144K)
[204.505s][info][gc,metaspace   ] GC(2121) Metaspace: 133267K(134976K)->133267K(134976K) NonClass: 116405K(117184K)->116405K(117184K) Class: 16861K(17792K)->16861K(17792K)
[204.505s][info][gc             ] GC(2121) Pause Young (Allocation Failure) 1709M->1162M(1979M) 4.866ms
[204.505s][info][gc,cpu         ] GC(2121) User=0.00s Sys=0.00s Real=0.02s
[204.593s][info][gc,start       ] GC(2122) Pause Young (Allocation Failure)
[204.597s][info][gc,heap        ] GC(2122) DefNew: 583851K(629120K)->23767K(629120K) Eden: 559232K(559232K)->0K(559232K) From: 24619K(69888K)->23767K(69888K)
[204.597s][info][gc,heap        ] GC(2122) Tenured: 1165636K(1398144K)->1165636K(1398144K)
[204.597s][info][gc,metaspace   ] GC(2122) Metaspace: 133267K(134976K)->133267K(134976K) NonClass: 116405K(117184K)->116405K(117184K) Class: 16861K(17792K)->16861K(17792K)
[204.597s][info][gc             ] GC(2122) Pause Young (Allocation Failure) 1708M->1161M(1979M) 4.192ms
[204.597s][info][gc,cpu         ] GC(2122) User=0.00s Sys=0.00s Real=0.00s
[204.684s][info][gc,start       ] GC(2123) Pause Young (Allocation Failure)
[204.688s][info][gc,heap        ] GC(2123) DefNew: 580978K(629120K)->27879K(629120K) Eden: 557210K(559232K)->0K(559232K) From: 23767K(69888K)->27879K(69888K)
[204.688s][info][gc,heap        ] GC(2123) Tenured: 1165636K(1398144K)->1165636K(1398144K)
[204.688s][info][gc,metaspace   ] GC(2123) Metaspace: 133267K(134976K)->133267K(134976K) NonClass: 116405K(117184K)->116405K(117184K) Class: 16861K(17792K)->16861K(17792K)
[204.688s][info][gc             ] GC(2123) Pause Young (Allocation Failure) 1705M->1165M(1979M) 4.460ms
[204.688s][info][gc,cpu         ] GC(2123) User=0.00s Sys=0.00s Real=0.00s
[204.775s][info][gc,start       ] GC(2124) Pause Young (Allocation Failure)
[204.779s][info][gc,heap        ] GC(2124) DefNew: 587111K(629120K)->28526K(629120K) Eden: 559232K(559232K)->0K(559232K) From: 27879K(69888K)->28526K(69888K)
[204.779s][info][gc,heap        ] GC(2124) Tenured: 1165636K(1398144K)->1165636K(1398144K)
[204.779s][info][gc,metaspace   ] GC(2124) Metaspace: 133267K(134976K)->133267K(134976K) NonClass: 116405K(117184K)->116405K(117184K) Class: 16861K(17792K)->16861K(17792K)
[204.779s][info][gc             ] GC(2124) Pause Young (Allocation Failure) 1711M->1166M(1979M) 4.663ms
[204.780s][info][gc,cpu         ] GC(2124) User=0.00s Sys=0.00s Real=0.00s
[204.866s][info][gc,start       ] GC(2125) Pause Young (Allocation Failure)
[204.870s][info][gc,heap        ] GC(2125) DefNew: 587758K(629120K)->24626K(629120K) Eden: 559232K(559232K)->0K(559232K) From: 28526K(69888K)->24626K(69888K)
[204.870s][info][gc,heap        ] GC(2125) Tenured: 1165636K(1398144K)->1165636K(1398144K)
[204.870s][info][gc,metaspace   ] GC(2125) Metaspace: 133267K(134976K)->133267K(134976K) NonClass: 116405K(117184K)->116405K(117184K) Class: 16861K(17792K)->16861K(17792K)
[204.870s][info][gc             ] GC(2125) Pause Young (Allocation Failure) 1712M->1162M(1979M) 4.277ms
[204.871s][info][gc,cpu         ] GC(2125) User=0.02s Sys=0.00s Real=0.02s
[204.957s][info][gc,start       ] GC(2126) Pause Young (Allocation Failure)
[204.961s][info][gc,heap        ] GC(2126) DefNew: 583858K(629120K)->24027K(629120K) Eden: 559232K(559232K)->0K(559232K) From: 24626K(69888K)->24027K(69888K)
[204.961s][info][gc,heap        ] GC(2126) Tenured: 1165636K(1398144K)->1165636K(1398144K)
[204.961s][info][gc,metaspace   ] GC(2126) Metaspace: 133267K(134976K)->133267K(134976K) NonClass: 116405K(117184K)->116405K(117184K) Class: 16861K(17792K)->16861K(17792K)
[204.961s][info][gc             ] GC(2126) Pause Young (Allocation Failure) 1708M->1161M(1979M) 4.202ms
[204.961s][info][gc,cpu         ] GC(2126) User=0.00s Sys=0.00s Real=0.02s
[205.048s][info][gc,start       ] GC(2127) Pause Young (Allocation Failure)
[205.052s][info][gc,heap        ] GC(2127) DefNew: 583259K(629120K)->23757K(629120K) Eden: 559232K(559232K)->0K(559232K) From: 24027K(69888K)->23757K(69888K)
[205.052s][info][gc,heap        ] GC(2127) Tenured: 1165636K(1398144K)->1165636K(1398144K)
[205.052s][info][gc,metaspace   ] GC(2127) Metaspace: 133267K(134976K)->133267K(134976K) NonClass: 116405K(117184K)->116405K(117184K) Class: 16861K(17792K)->16861K(17792K)
[205.052s][info][gc             ] GC(2127) Pause Young (Allocation Failure) 1707M->1161M(1979M) 4.306ms
[205.052s][info][gc,cpu         ] GC(2127) User=0.00s Sys=0.00s Real=0.00s
[205.139s][info][gc,start       ] GC(2128) Pause Young (Allocation Failure)
[205.144s][info][gc,heap        ] GC(2128) DefNew: 582989K(629120K)->30085K(629120K) Eden: 559232K(559232K)->0K(559232K) From: 23757K(69888K)->30085K(69888K)
[205.144s][info][gc,heap        ] GC(2128) Tenured: 1165636K(1398144K)->1165636K(1398144K)
[205.144s][info][gc,metaspace   ] GC(2128) Metaspace: 133267K(134976K)->133267K(134976K) NonClass: 116405K(117184K)->116405K(117184K) Class: 16861K(17792K)->16861K(17792K)
[205.144s][info][gc             ] GC(2128) Pause Young (Allocation Failure) 1707M->1167M(1979M) 4.976ms
[205.144s][info][gc,cpu         ] GC(2128) User=0.00s Sys=0.00s Real=0.00s
[205.231s][info][gc,start       ] GC(2129) Pause Young (Allocation Failure)
[205.235s][info][gc,heap        ] GC(2129) DefNew: 589317K(629120K)->27740K(629120K) Eden: 559232K(559232K)->0K(559232K) From: 30085K(69888K)->27740K(69888K)
[205.235s][info][gc,heap        ] GC(2129) Tenured: 1165636K(1398144K)->1165636K(1398144K)
[205.235s][info][gc,metaspace   ] GC(2129) Metaspace: 133267K(134976K)->133267K(134976K) NonClass: 116405K(117184K)->116405K(117184K) Class: 16861K(17792K)->16861K(17792K)
[205.235s][info][gc             ] GC(2129) Pause Young (Allocation Failure) 1713M->1165M(1979M) 4.477ms
[205.235s][info][gc,cpu         ] GC(2129) User=0.00s Sys=0.00s Real=0.00s
[205.322s][info][gc,start       ] GC(2130) Pause Young (Allocation Failure)
[205.326s][info][gc,heap        ] GC(2130) DefNew: 586972K(629120K)->20514K(629120K) Eden: 559232K(559232K)->0K(559232K) From: 27740K(69888K)->20514K(69888K)
[205.326s][info][gc,heap        ] GC(2130) Tenured: 1165636K(1398144K)->1169733K(1398144K)
[205.326s][info][gc,metaspace   ] GC(2130) Metaspace: 133267K(134976K)->133267K(134976K) NonClass: 116405K(117184K)->116405K(117184K) Class: 16861K(17792K)->16861K(17792K)
[205.326s][info][gc             ] GC(2130) Pause Young (Allocation Failure) 1711M->1162M(1979M) 4.769ms
[205.326s][info][gc,cpu         ] GC(2130) User=0.00s Sys=0.00s Real=0.01s
[205.419s][info][gc,start       ] GC(2131) Pause Young (Allocation Failure)
[205.423s][info][gc,heap        ] GC(2131) DefNew: 579746K(629120K)->11429K(629120K) Eden: 559232K(559232K)->0K(559232K) From: 20514K(69888K)->11429K(69888K)
[205.423s][info][gc,heap        ] GC(2131) Tenured: 1169733K(1398144K)->1177969K(1398144K)
[205.423s][info][gc,metaspace   ] GC(2131) Metaspace: 133267K(134976K)->133267K(134976K) NonClass: 116405K(117184K)->116405K(117184K) Class: 16861K(17792K)->16861K(17792K)
[205.423s][info][gc             ] GC(2131) Pause Young (Allocation Failure) 1708M->1161M(1979M) 4.063ms
[205.423s][info][gc,cpu         ] GC(2131) User=0.00s Sys=0.00s Real=0.00s
[205.514s][info][gc,start       ] GC(2132) Pause Young (Allocation Failure)
[205.516s][info][gc,heap        ] GC(2132) DefNew: 570661K(629120K)->9865K(629120K) Eden: 559232K(559232K)->0K(559232K) From: 11429K(69888K)->9865K(69888K)
[205.516s][info][gc,heap        ] GC(2132) Tenured: 1177969K(1398144K)->1177969K(1398144K)
[205.516s][info][gc,metaspace   ] GC(2132) Metaspace: 133267K(134976K)->133267K(134976K) NonClass: 116405K(117184K)->116405K(117184K) Class: 16861K(17792K)->16861K(17792K)
[205.516s][info][gc             ] GC(2132) Pause Young (Allocation Failure) 1707M->1159M(1979M) 2.576ms
[205.516s][info][gc,cpu         ] GC(2132) User=0.00s Sys=0.00s Real=0.00s
[205.603s][info][gc,start       ] GC(2133) Pause Young (Allocation Failure)
[205.607s][info][gc,heap        ] GC(2133) DefNew: 565679K(629120K)->13055K(629120K) Eden: 555814K(559232K)->0K(559232K) From: 9865K(69888K)->13055K(69888K)
[205.607s][info][gc,heap        ] GC(2133) Tenured: 1177969K(1398144K)->1177969K(1398144K)
[205.607s][info][gc,metaspace   ] GC(2133) Metaspace: 133267K(134976K)->133267K(134976K) NonClass: 116405K(117184K)->116405K(117184K) Class: 16861K(17792K)->16861K(17792K)
[205.607s][info][gc             ] GC(2133) Pause Young (Allocation Failure) 1702M->1163M(1979M) 3.199ms
[205.607s][info][gc,cpu         ] GC(2133) User=0.00s Sys=0.00s Real=0.02s
[205.736s][info][gc,start       ] GC(2134) Pause Young (Allocation Failure)
[205.739s][info][gc,heap        ] GC(2134) DefNew: 572287K(629120K)->14195K(629120K) Eden: 559232K(559232K)->0K(559232K) From: 13055K(69888K)->14195K(69888K)
[205.739s][info][gc,heap        ] GC(2134) Tenured: 1177969K(1398144K)->1177969K(1398144K)
[205.739s][info][gc,metaspace   ] GC(2134) Metaspace: 133268K(134976K)->133268K(134976K) NonClass: 116407K(117184K)->116407K(117184K) Class: 16861K(17792K)->16861K(17792K)
[205.739s][info][gc             ] GC(2134) Pause Young (Allocation Failure) 1709M->1164M(1979M) 3.440ms
[205.739s][info][gc,cpu         ] GC(2134) User=0.00s Sys=0.00s Real=0.00s
[205.885s][info][gc,start       ] GC(2135) Pause Full (System.gc())
[205.885s][info][gc,phases,start] GC(2135) Phase 1: Mark live objects
[205.945s][info][gc,phases      ] GC(2135) Phase 1: Mark live objects 59.659ms
[205.945s][info][gc,phases,start] GC(2135) Phase 2: Compute new object addresses
[205.989s][info][gc,phases      ] GC(2135) Phase 2: Compute new object addresses 44.289ms
[205.989s][info][gc,phases,start] GC(2135) Phase 3: Adjust pointers
[206.022s][info][gc,phases      ] GC(2135) Phase 3: Adjust pointers 32.933ms
[206.022s][info][gc,phases,start] GC(2135) Phase 4: Move objects
[206.022s][info][gc,phases      ] GC(2135) Phase 4: Move objects 0.041ms
[206.023s][info][gc,heap        ] GC(2135) DefNew: 262780K(629120K)->0K(629120K) Eden: 248584K(559232K)->0K(559232K) From: 14195K(69888K)->0K(69888K)
[206.023s][info][gc,heap        ] GC(2135) Tenured: 1177969K(1398144K)->1034564K(1398144K)
[206.023s][info][gc,metaspace   ] GC(2135) Metaspace: 133270K(134976K)->133270K(134976K) NonClass: 116409K(117184K)->116409K(117184K) Class: 16861K(17792K)->16861K(17792K)
[206.023s][info][gc             ] GC(2135) Pause Full (System.gc()) 1406M->1010M(1979M) 137.722ms
[206.023s][info][gc,cpu         ] GC(2135) User=0.11s Sys=0.00s Real=0.13s
[206.145s][info][gc,start       ] GC(2136) Pause Young (Allocation Failure)
[206.150s][info][gc,heap        ] GC(2136) DefNew: 559232K(629120K)->6487K(629120K) Eden: 559232K(559232K)->0K(559232K) From: 0K(69888K)->6487K(69888K)
[206.150s][info][gc,heap        ] GC(2136) Tenured: 1034564K(1398144K)->1034564K(1398144K)
[206.150s][info][gc,metaspace   ] GC(2136) Metaspace: 133276K(134976K)->133276K(134976K) NonClass: 116414K(117184K)->116414K(117184K) Class: 16861K(17792K)->16861K(17792K)
[206.150s][info][gc             ] GC(2136) Pause Young (Allocation Failure) 1556M->1016M(1979M) 4.947ms
[206.150s][info][gc,cpu         ] GC(2136) User=0.00s Sys=0.00s Real=0.00s
[206.205s][info][gc,start       ] GC(2137) Pause Young (Allocation Failure)
[206.209s][info][gc,heap        ] GC(2137) DefNew: 565719K(629120K)->12084K(629120K) Eden: 559232K(559232K)->0K(559232K) From: 6487K(69888K)->12084K(69888K)
[206.210s][info][gc,heap        ] GC(2137) Tenured: 1034564K(1398144K)->1034564K(1398144K)
[206.210s][info][gc,metaspace   ] GC(2137) Metaspace: 133276K(134976K)->133276K(134976K) NonClass: 116414K(117184K)->116414K(117184K) Class: 16861K(17792K)->16861K(17792K)
[206.210s][info][gc             ] GC(2137) Pause Young (Allocation Failure) 1562M->1022M(1979M) 4.355ms
[206.210s][info][gc,cpu         ] GC(2137) User=0.00s Sys=0.00s Real=0.00s
[206.264s][info][gc,start       ] GC(2138) Pause Young (Allocation Failure)
[206.268s][info][gc,heap        ] GC(2138) DefNew: 571316K(629120K)->9029K(629120K) Eden: 559232K(559232K)->0K(559232K) From: 12084K(69888K)->9029K(69888K)
[206.268s][info][gc,heap        ] GC(2138) Tenured: 1034564K(1398144K)->1034564K(1398144K)
[206.268s][info][gc,metaspace   ] GC(2138) Metaspace: 133276K(134976K)->133276K(134976K) NonClass: 116414K(117184K)->116414K(117184K) Class: 16861K(17792K)->16861K(17792K)
[206.268s][info][gc             ] GC(2138) Pause Young (Allocation Failure) 1568M->1019M(1979M) 4.233ms
[206.268s][info][gc,cpu         ] GC(2138) User=0.00s Sys=0.00s Real=0.02s
[206.323s][info][gc,start       ] GC(2139) Pause Young (Allocation Failure)
[206.328s][info][gc,heap        ] GC(2139) DefNew: 568261K(629120K)->10190K(629120K) Eden: 559232K(559232K)->0K(559232K) From: 9029K(69888K)->10190K(69888K)
[206.328s][info][gc,heap        ] GC(2139) Tenured: 1034564K(1398144K)->1034564K(1398144K)
[206.328s][info][gc,metaspace   ] GC(2139) Metaspace: 133276K(134976K)->133276K(134976K) NonClass: 116414K(117184K)->116414K(117184K) Class: 16861K(17792K)->16861K(17792K)
[206.328s][info][gc             ] GC(2139) Pause Young (Allocation Failure) 1565M->1020M(1979M) 4.273ms
[206.328s][info][gc,cpu         ] GC(2139) User=0.02s Sys=0.00s Real=0.00s
[206.383s][info][gc,start       ] GC(2140) Pause Young (Allocation Failure)
[206.388s][info][gc,heap        ] GC(2140) DefNew: 569422K(629120K)->13290K(629120K) Eden: 559232K(559232K)->0K(559232K) From: 10190K(69888K)->13290K(69888K)
[206.388s][info][gc,heap        ] GC(2140) Tenured: 1034564K(1398144K)->1034564K(1398144K)
[206.388s][info][gc,metaspace   ] GC(2140) Metaspace: 133276K(134976K)->133276K(134976K) NonClass: 116414K(117184K)->116414K(117184K) Class: 16861K(17792K)->16861K(17792K)
[206.388s][info][gc             ] GC(2140) Pause Young (Allocation Failure) 1566M->1023M(1979M) 4.862ms
[206.388s][info][gc,cpu         ] GC(2140) User=0.00s Sys=0.00s Real=0.01s
[206.444s][info][gc,start       ] GC(2141) Pause Young (Allocation Failure)
[206.450s][info][gc,heap        ] GC(2141) DefNew: 572522K(629120K)->19059K(629120K) Eden: 559232K(559232K)->0K(559232K) From: 13290K(69888K)->19059K(69888K)
[206.450s][info][gc,heap        ] GC(2141) Tenured: 1034564K(1398144K)->1034564K(1398144K)
[206.450s][info][gc,metaspace   ] GC(2141) Metaspace: 133276K(134976K)->133276K(134976K) NonClass: 116414K(117184K)->116414K(117184K) Class: 16861K(17792K)->16861K(17792K)
[206.450s][info][gc             ] GC(2141) Pause Young (Allocation Failure) 1569M->1028M(1979M) 5.355ms
[206.450s][info][gc,cpu         ] GC(2141) User=0.00s Sys=0.00s Real=0.00s
[206.505s][info][gc,start       ] GC(2142) Pause Young (Allocation Failure)
[206.511s][info][gc,heap        ] GC(2142) DefNew: 578291K(629120K)->30005K(629120K) Eden: 559232K(559232K)->0K(559232K) From: 19059K(69888K)->30005K(69888K)
[206.511s][info][gc,heap        ] GC(2142) Tenured: 1034564K(1398144K)->1034564K(1398144K)
[206.511s][info][gc,metaspace   ] GC(2142) Metaspace: 133276K(134976K)->133276K(134976K) NonClass: 116414K(117184K)->116414K(117184K) Class: 16861K(17792K)->16861K(17792K)
[206.511s][info][gc             ] GC(2142) Pause Young (Allocation Failure) 1575M->1039M(1979M) 6.413ms
[206.511s][info][gc,cpu         ] GC(2142) User=0.00s Sys=0.00s Real=0.00s
[206.568s][info][gc,start       ] GC(2143) Pause Young (Allocation Failure)
[206.574s][info][gc,heap        ] GC(2143) DefNew: 589237K(629120K)->27257K(629120K) Eden: 559232K(559232K)->0K(559232K) From: 30005K(69888K)->27257K(69888K)
[206.574s][info][gc,heap        ] GC(2143) Tenured: 1034564K(1398144K)->1034564K(1398144K)
[206.574s][info][gc,metaspace   ] GC(2143) Metaspace: 133276K(134976K)->133276K(134976K) NonClass: 116414K(117184K)->116414K(117184K) Class: 16861K(17792K)->16861K(17792K)
[206.574s][info][gc             ] GC(2143) Pause Young (Allocation Failure) 1585M->1036M(1979M) 6.278ms
[206.575s][info][gc,cpu         ] GC(2143) User=0.00s Sys=0.00s Real=0.00s
[206.630s][info][gc,start       ] GC(2144) Pause Young (Allocation Failure)
[206.636s][info][gc,heap        ] GC(2144) DefNew: 586489K(629120K)->32861K(629120K) Eden: 559232K(559232K)->0K(559232K) From: 27257K(69888K)->32861K(69888K)
[206.636s][info][gc,heap        ] GC(2144) Tenured: 1034564K(1398144K)->1034564K(1398144K)
[206.636s][info][gc,metaspace   ] GC(2144) Metaspace: 133276K(134976K)->133276K(134976K) NonClass: 116414K(117184K)->116414K(117184K) Class: 16861K(17792K)->16861K(17792K)
[206.636s][info][gc             ] GC(2144) Pause Young (Allocation Failure) 1583M->1042M(1979M) 6.378ms
[206.637s][info][gc,cpu         ] GC(2144) User=0.00s Sys=0.00s Real=0.00s
[206.692s][info][gc,start       ] GC(2145) Pause Young (Allocation Failure)
[206.699s][info][gc,heap        ] GC(2145) DefNew: 592093K(629120K)->35468K(629120K) Eden: 559232K(559232K)->0K(559232K) From: 32861K(69888K)->35468K(69888K)
[206.699s][info][gc,heap        ] GC(2145) Tenured: 1034564K(1398144K)->1034564K(1398144K)
[206.699s][info][gc,metaspace   ] GC(2145) Metaspace: 133276K(134976K)->133276K(134976K) NonClass: 116414K(117184K)->116414K(117184K) Class: 16861K(17792K)->16861K(17792K)
[206.699s][info][gc             ] GC(2145) Pause Young (Allocation Failure) 1588M->1044M(1979M) 6.738ms
[206.699s][info][gc,cpu         ] GC(2145) User=0.00s Sys=0.00s Real=0.00s
[206.755s][info][gc,start       ] GC(2146) Pause Young (Allocation Failure)
[206.763s][info][gc,heap        ] GC(2146) DefNew: 594700K(629120K)->39445K(629120K) Eden: 559232K(559232K)->0K(559232K) From: 35468K(69888K)->39445K(69888K)
[206.763s][info][gc,heap        ] GC(2146) Tenured: 1034564K(1398144K)->1036146K(1398144K)
[206.763s][info][gc,metaspace   ] GC(2146) Metaspace: 133276K(134976K)->133276K(134976K) NonClass: 116414K(117184K)->116414K(117184K) Class: 16861K(17792K)->16861K(17792K)
[206.763s][info][gc             ] GC(2146) Pause Young (Allocation Failure) 1591M->1050M(1979M) 7.492ms
[206.763s][info][gc,cpu         ] GC(2146) User=0.02s Sys=0.00s Real=0.00s
[206.818s][info][gc,start       ] GC(2147) Pause Young (Allocation Failure)
[206.824s][info][gc,heap        ] GC(2147) DefNew: 598677K(629120K)->36995K(629120K) Eden: 559232K(559232K)->0K(559232K) From: 39445K(69888K)->36995K(69888K)
[206.825s][info][gc,heap        ] GC(2147) Tenured: 1036146K(1398144K)->1044340K(1398144K)
[206.825s][info][gc,metaspace   ] GC(2147) Metaspace: 133276K(134976K)->133276K(134976K) NonClass: 116414K(117184K)->116414K(117184K) Class: 16861K(17792K)->16861K(17792K)
[206.825s][info][gc             ] GC(2147) Pause Young (Allocation Failure) 1596M->1055M(1979M) 6.446ms
[206.825s][info][gc,cpu         ] GC(2147) User=0.00s Sys=0.00s Real=0.00s
[206.880s][info][gc,start       ] GC(2148) Pause Young (Allocation Failure)
[206.886s][info][gc,heap        ] GC(2148) DefNew: 596227K(629120K)->35334K(629120K) Eden: 559232K(559232K)->0K(559232K) From: 36995K(69888K)->35334K(69888K)
[206.886s][info][gc,heap        ] GC(2148) Tenured: 1044340K(1398144K)->1048743K(1398144K)
[206.886s][info][gc,metaspace   ] GC(2148) Metaspace: 133276K(134976K)->133276K(134976K) NonClass: 116414K(117184K)->116414K(117184K) Class: 16861K(17792K)->16861K(17792K)
[206.886s][info][gc             ] GC(2148) Pause Young (Allocation Failure) 1602M->1058M(1979M) 6.054ms
[206.886s][info][gc,cpu         ] GC(2148) User=0.02s Sys=0.00s Real=0.00s
[206.941s][info][gc,start       ] GC(2149) Pause Young (Allocation Failure)
[206.947s][info][gc,heap        ] GC(2149) DefNew: 594566K(629120K)->31022K(629120K) Eden: 559232K(559232K)->0K(559232K) From: 35334K(69888K)->31022K(69888K)
[206.947s][info][gc,heap        ] GC(2149) Tenured: 1048743K(1398144K)->1056939K(1398144K)
[206.947s][info][gc,metaspace   ] GC(2149) Metaspace: 133276K(134976K)->133276K(134976K) NonClass: 116414K(117184K)->116414K(117184K) Class: 16861K(17792K)->16861K(17792K)
[206.947s][info][gc             ] GC(2149) Pause Young (Allocation Failure) 1604M->1062M(1979M) 5.593ms
[206.947s][info][gc,cpu         ] GC(2149) User=0.02s Sys=0.00s Real=0.00s
[207.003s][info][gc,start       ] GC(2150) Pause Young (Allocation Failure)
[207.008s][info][gc,heap        ] GC(2150) DefNew: 590254K(629120K)->33297K(629120K) Eden: 559232K(559232K)->0K(559232K) From: 31022K(69888K)->33297K(69888K)
[207.008s][info][gc,heap        ] GC(2150) Tenured: 1056939K(1398144K)->1056939K(1398144K)
[207.008s][info][gc,metaspace   ] GC(2150) Metaspace: 133276K(134976K)->133276K(134976K) NonClass: 116414K(117184K)->116414K(117184K) Class: 16861K(17792K)->16861K(17792K)
[207.008s][info][gc             ] GC(2150) Pause Young (Allocation Failure) 1608M->1064M(1979M) 5.079ms
[207.008s][info][gc,cpu         ] GC(2150) User=0.00s Sys=0.00s Real=0.00s
[207.063s][info][gc,start       ] GC(2151) Pause Young (Allocation Failure)
[207.068s][info][gc,heap        ] GC(2151) DefNew: 592529K(629120K)->39226K(629120K) Eden: 559232K(559232K)->0K(559232K) From: 33297K(69888K)->39226K(69888K)
[207.068s][info][gc,heap        ] GC(2151) Tenured: 1056939K(1398144K)->1056939K(1398144K)
[207.068s][info][gc,metaspace   ] GC(2151) Metaspace: 133276K(134976K)->133276K(134976K) NonClass: 116414K(117184K)->116414K(117184K) Class: 16861K(17792K)->16861K(17792K)
[207.068s][info][gc             ] GC(2151) Pause Young (Allocation Failure) 1610M->1070M(1979M) 5.631ms
[207.068s][info][gc,cpu         ] GC(2151) User=0.00s Sys=0.00s Real=0.02s
[207.133s][info][gc,start       ] GC(2152) Pause Young (Allocation Failure)
[207.140s][info][gc,heap        ] GC(2152) DefNew: 598458K(629120K)->36621K(629120K) Eden: 559232K(559232K)->0K(559232K) From: 39226K(69888K)->36621K(69888K)
[207.140s][info][gc,heap        ] GC(2152) Tenured: 1056939K(1398144K)->1065133K(1398144K)
[207.140s][info][gc,metaspace   ] GC(2152) Metaspace: 133276K(134976K)->133276K(134976K) NonClass: 116414K(117184K)->116414K(117184K) Class: 16861K(17792K)->16861K(17792K)
[207.140s][info][gc             ] GC(2152) Pause Young (Allocation Failure) 1616M->1075M(1979M) 7.248ms
[207.141s][info][gc,cpu         ] GC(2152) User=0.00s Sys=0.00s Real=0.02s
[207.229s][info][gc,start       ] GC(2153) Pause Young (Allocation Failure)
[207.236s][info][gc,heap        ] GC(2153) DefNew: 595853K(629120K)->50040K(629120K) Eden: 559232K(559232K)->0K(559232K) From: 36621K(69888K)->50040K(69888K)
[207.236s][info][gc,heap        ] GC(2153) Tenured: 1065133K(1398144K)->1069231K(1398144K)
[207.236s][info][gc,metaspace   ] GC(2153) Metaspace: 133276K(134976K)->133276K(134976K) NonClass: 116414K(117184K)->116414K(117184K) Class: 16861K(17792K)->16861K(17792K)
[207.236s][info][gc             ] GC(2153) Pause Young (Allocation Failure) 1622M->1093M(1979M) 7.557ms
[207.237s][info][gc,cpu         ] GC(2153) User=0.00s Sys=0.00s Real=0.02s
[207.328s][info][gc,start       ] GC(2154) Pause Young (Allocation Failure)
[207.335s][info][gc,heap        ] GC(2154) DefNew: 609272K(629120K)->43761K(629120K) Eden: 559232K(559232K)->0K(559232K) From: 50040K(69888K)->43761K(69888K)
[207.335s][info][gc,heap        ] GC(2154) Tenured: 1069231K(1398144K)->1085639K(1398144K)
[207.335s][info][gc,metaspace   ] GC(2154) Metaspace: 133276K(134976K)->133276K(134976K) NonClass: 116414K(117184K)->116414K(117184K) Class: 16861K(17792K)->16861K(17792K)
[207.335s][info][gc             ] GC(2154) Pause Young (Allocation Failure) 1639M->1102M(1979M) 7.866ms
[207.335s][info][gc,cpu         ] GC(2154) User=0.00s Sys=0.00s Real=0.01s
[207.425s][info][gc,start       ] GC(2155) Pause Young (Allocation Failure)
[207.433s][info][gc,heap        ] GC(2155) DefNew: 602993K(629120K)->42760K(629120K) Eden: 559232K(559232K)->0K(559232K) From: 43761K(69888K)->42760K(69888K)
[207.433s][info][gc,heap        ] GC(2155) Tenured: 1085639K(1398144K)->1098365K(1398144K)
[207.433s][info][gc,metaspace   ] GC(2155) Metaspace: 133276K(134976K)->133276K(134976K) NonClass: 116414K(117184K)->116414K(117184K) Class: 16861K(17792K)->16861K(17792K)
[207.433s][info][gc             ] GC(2155) Pause Young (Allocation Failure) 1649M->1114M(1979M) 7.648ms
[207.433s][info][gc,cpu         ] GC(2155) User=0.00s Sys=0.00s Real=0.00s
[207.522s][info][gc,start       ] GC(2156) Pause Young (Allocation Failure)
[207.530s][info][gc,heap        ] GC(2156) DefNew: 601992K(629120K)->53652K(629120K) Eden: 559232K(559232K)->0K(559232K) From: 42760K(69888K)->53652K(69888K)
[207.530s][info][gc,heap        ] GC(2156) Tenured: 1098365K(1398144K)->1106581K(1398144K)
[207.530s][info][gc,metaspace   ] GC(2156) Metaspace: 133276K(134976K)->133276K(134976K) NonClass: 116414K(117184K)->116414K(117184K) Class: 16861K(17792K)->16861K(17792K)
[207.530s][info][gc             ] GC(2156) Pause Young (Allocation Failure) 1660M->1133M(1979M) 7.632ms
[207.530s][info][gc,cpu         ] GC(2156) User=0.00s Sys=0.00s Real=0.00s
[207.620s][info][gc,start       ] GC(2157) Pause Young (Allocation Failure)
[207.628s][info][gc,heap        ] GC(2157) DefNew: 612884K(629120K)->31019K(629120K) Eden: 559232K(559232K)->0K(559232K) From: 53652K(69888K)->31019K(69888K)
[207.628s][info][gc,heap        ] GC(2157) Tenured: 1106581K(1398144K)->1139359K(1398144K)
[207.628s][info][gc,metaspace   ] GC(2157) Metaspace: 133276K(134976K)->133276K(134976K) NonClass: 116414K(117184K)->116414K(117184K) Class: 16861K(17792K)->16861K(17792K)
[207.628s][info][gc             ] GC(2157) Pause Young (Allocation Failure) 1679M->1142M(1979M) 7.783ms
[207.628s][info][gc,cpu         ] GC(2157) User=0.02s Sys=0.00s Real=0.01s
[207.719s][info][gc,start       ] GC(2158) Pause Young (Allocation Failure)
[207.725s][info][gc,heap        ] GC(2158) DefNew: 590251K(629120K)->41553K(629120K) Eden: 559232K(559232K)->0K(559232K) From: 31019K(69888K)->41553K(69888K)
[207.725s][info][gc,heap        ] GC(2158) Tenured: 1139359K(1398144K)->1139359K(1398144K)
[207.725s][info][gc,metaspace   ] GC(2158) Metaspace: 133276K(134976K)->133276K(134976K) NonClass: 116414K(117184K)->116414K(117184K) Class: 16861K(17792K)->16861K(17792K)
[207.725s][info][gc             ] GC(2158) Pause Young (Allocation Failure) 1689M->1153M(1979M) 5.771ms
[207.725s][info][gc,cpu         ] GC(2158) User=0.02s Sys=0.00s Real=0.01s
[207.817s][info][gc,start       ] GC(2159) Pause Young (Allocation Failure)
[207.824s][info][gc,heap        ] GC(2159) DefNew: 600785K(629120K)->44245K(629120K) Eden: 559232K(559232K)->0K(559232K) From: 41553K(69888K)->44245K(69888K)
[207.824s][info][gc,heap        ] GC(2159) Tenured: 1139359K(1398144K)->1147555K(1398144K)
[207.824s][info][gc,metaspace   ] GC(2159) Metaspace: 133276K(134976K)->133276K(134976K) NonClass: 116414K(117184K)->116414K(117184K) Class: 16861K(17792K)->16861K(17792K)
[207.824s][info][gc             ] GC(2159) Pause Young (Allocation Failure) 1699M->1163M(1979M) 7.313ms
[207.824s][info][gc,cpu         ] GC(2159) User=0.00s Sys=0.00s Real=0.00s
[207.909s][info][gc,start       ] GC(2160) Pause Young (Allocation Failure)
[207.916s][info][gc,heap        ] GC(2160) DefNew: 603477K(629120K)->34494K(629120K) Eden: 559232K(559232K)->0K(559232K) From: 44245K(69888K)->34494K(69888K)
[207.916s][info][gc,heap        ] GC(2160) Tenured: 1147555K(1398144K)->1163943K(1398144K)
[207.916s][info][gc,metaspace   ] GC(2160) Metaspace: 133276K(134976K)->133276K(134976K) NonClass: 116414K(117184K)->116414K(117184K) Class: 16861K(17792K)->16861K(17792K)
[207.916s][info][gc             ] GC(2160) Pause Young (Allocation Failure) 1709M->1170M(1979M) 6.655ms
[207.916s][info][gc,cpu         ] GC(2160) User=0.00s Sys=0.00s Real=0.01s
[208.001s][info][gc,start       ] GC(2161) Pause Young (Allocation Failure)
[208.008s][info][gc,heap        ] GC(2161) DefNew: 593726K(629120K)->47363K(629120K) Eden: 559232K(559232K)->0K(559232K) From: 34494K(69888K)->47363K(69888K)
[208.008s][info][gc,heap        ] GC(2161) Tenured: 1163943K(1398144K)->1163943K(1398144K)
[208.008s][info][gc,metaspace   ] GC(2161) Metaspace: 133276K(134976K)->133276K(134976K) NonClass: 116414K(117184K)->116414K(117184K) Class: 16861K(17792K)->16861K(17792K)
[208.008s][info][gc             ] GC(2161) Pause Young (Allocation Failure) 1716M->1182M(1979M) 6.871ms
[208.008s][info][gc,cpu         ] GC(2161) User=0.00s Sys=0.00s Real=0.02s
[208.095s][info][gc,start       ] GC(2162) Pause Young (Allocation Failure)
[208.102s][info][gc,heap        ] GC(2162) DefNew: 606003K(629120K)->37688K(629120K) Eden: 558640K(559232K)->0K(559232K) From: 47363K(69888K)->37688K(69888K)
[208.102s][info][gc,heap        ] GC(2162) Tenured: 1163943K(1398144K)->1180334K(1398144K)
[208.102s][info][gc,metaspace   ] GC(2162) Metaspace: 133276K(134976K)->133276K(134976K) NonClass: 116414K(117184K)->116414K(117184K) Class: 16861K(17792K)->16861K(17792K)
[208.102s][info][gc             ] GC(2162) Pause Young (Allocation Failure) 1728M->1189M(1979M) 7.058ms
[208.102s][info][gc,cpu         ] GC(2162) User=0.00s Sys=0.00s Real=0.01s
[208.193s][info][gc,start       ] GC(2163) Pause Young (Allocation Failure)
[208.200s][info][gc,heap        ] GC(2163) DefNew: 596920K(629120K)->39406K(629120K) Eden: 559232K(559232K)->0K(559232K) From: 37688K(69888K)->39406K(69888K)
[208.200s][info][gc,heap        ] GC(2163) Tenured: 1180334K(1398144K)->1188574K(1398144K)
[208.200s][info][gc,metaspace   ] GC(2163) Metaspace: 133276K(134976K)->133276K(134976K) NonClass: 116414K(117184K)->116414K(117184K) Class: 16861K(17792K)->16861K(17792K)
[208.200s][info][gc             ] GC(2163) Pause Young (Allocation Failure) 1735M->1199M(1979M) 6.601ms
[208.200s][info][gc,cpu         ] GC(2163) User=0.00s Sys=0.00s Real=0.00s
[208.287s][info][gc,start       ] GC(2164) Pause Young (Allocation Failure)
[208.292s][info][gc,heap        ] GC(2164) DefNew: 598638K(629120K)->32759K(629120K) Eden: 559232K(559232K)->0K(559232K) From: 39406K(69888K)->32759K(69888K)
[208.292s][info][gc,heap        ] GC(2164) Tenured: 1188574K(1398144K)->1196770K(1398144K)
[208.292s][info][gc,metaspace   ] GC(2164) Metaspace: 133276K(134976K)->133276K(134976K) NonClass: 116414K(117184K)->116414K(117184K) Class: 16861K(17792K)->16861K(17792K)
[208.292s][info][gc             ] GC(2164) Pause Young (Allocation Failure) 1745M->1200M(1979M) 5.850ms
[208.292s][info][gc,cpu         ] GC(2164) User=0.02s Sys=0.00s Real=0.02s
[208.381s][info][gc,start       ] GC(2165) Pause Young (Allocation Failure)
[208.387s][info][gc,heap        ] GC(2165) DefNew: 591991K(629120K)->41755K(629120K) Eden: 559232K(559232K)->0K(559232K) From: 32759K(69888K)->41755K(69888K)
[208.387s][info][gc,heap        ] GC(2165) Tenured: 1196770K(1398144K)->1196770K(1398144K)
[208.387s][info][gc,metaspace   ] GC(2165) Metaspace: 133276K(134976K)->133276K(134976K) NonClass: 116414K(117184K)->116414K(117184K) Class: 16861K(17792K)->16861K(17792K)
[208.387s][info][gc             ] GC(2165) Pause Young (Allocation Failure) 1746M->1209M(1979M) 6.163ms
[208.387s][info][gc,cpu         ] GC(2165) User=0.00s Sys=0.00s Real=0.01s
[208.475s][info][gc,start       ] GC(2166) Pause Young (Allocation Failure)
[208.481s][info][gc,heap        ] GC(2166) DefNew: 600987K(629120K)->35025K(629120K) Eden: 559232K(559232K)->0K(559232K) From: 41755K(69888K)->35025K(69888K)
[208.481s][info][gc,heap        ] GC(2166) Tenured: 1196770K(1398144K)->1209062K(1398144K)
[208.481s][info][gc,metaspace   ] GC(2166) Metaspace: 133276K(134976K)->133276K(134976K) NonClass: 116414K(117184K)->116414K(117184K) Class: 16861K(17792K)->16861K(17792K)
[208.481s][info][gc             ] GC(2166) Pause Young (Allocation Failure) 1755M->1214M(1979M) 6.305ms
[208.481s][info][gc,cpu         ] GC(2166) User=0.00s Sys=0.00s Real=0.02s
[208.571s][info][gc,start       ] GC(2167) Pause Young (Allocation Failure)
[208.578s][info][gc,heap        ] GC(2167) DefNew: 594257K(629120K)->31939K(629120K) Eden: 559232K(559232K)->0K(559232K) From: 35025K(69888K)->31939K(69888K)
[208.578s][info][gc,heap        ] GC(2167) Tenured: 1209062K(1398144K)->1217257K(1398144K)
[208.578s][info][gc,metaspace   ] GC(2167) Metaspace: 133276K(134976K)->133276K(134976K) NonClass: 116415K(117184K)->116415K(117184K) Class: 16861K(17792K)->16861K(17792K)
[208.578s][info][gc             ] GC(2167) Pause Young (Allocation Failure) 1761M->1219M(1979M) 6.554ms
[208.578s][info][gc,cpu         ] GC(2167) User=0.00s Sys=0.00s Real=0.00s
[208.662s][info][gc,start       ] GC(2168) Pause Young (Allocation Failure)
[208.667s][info][gc,heap        ] GC(2168) DefNew: 591171K(629120K)->35062K(629120K) Eden: 559232K(559232K)->0K(559232K) From: 31939K(69888K)->35062K(69888K)
[208.667s][info][gc,heap        ] GC(2168) Tenured: 1217257K(1398144K)->1217257K(1398144K)
[208.667s][info][gc,metaspace   ] GC(2168) Metaspace: 133276K(134976K)->133276K(134976K) NonClass: 116415K(117184K)->116415K(117184K) Class: 16861K(17792K)->16861K(17792K)
[208.667s][info][gc             ] GC(2168) Pause Young (Allocation Failure) 1766M->1222M(1979M) 5.422ms
[208.667s][info][gc,cpu         ] GC(2168) User=0.00s Sys=0.00s Real=0.02s
[208.750s][info][gc,start       ] GC(2169) Pause Young (Allocation Failure)
[208.755s][info][gc,heap        ] GC(2169) DefNew: 594294K(629120K)->24929K(629120K) Eden: 559232K(559232K)->0K(559232K) From: 35062K(69888K)->24929K(69888K)
[208.755s][info][gc,heap        ] GC(2169) Tenured: 1217257K(1398144K)->1221353K(1398144K)
[208.755s][info][gc,metaspace   ] GC(2169) Metaspace: 133276K(134976K)->133276K(134976K) NonClass: 116415K(117184K)->116415K(117184K) Class: 16861K(17792K)->16861K(17792K)
[208.755s][info][gc             ] GC(2169) Pause Young (Allocation Failure) 1769M->1217M(1979M) 4.872ms
[208.755s][info][gc,cpu         ] GC(2169) User=0.00s Sys=0.00s Real=0.00s
[208.837s][info][gc,start       ] GC(2170) Pause Young (Allocation Failure)
[208.841s][info][gc,heap        ] GC(2170) DefNew: 584161K(629120K)->27844K(629120K) Eden: 559232K(559232K)->0K(559232K) From: 24929K(69888K)->27844K(69888K)
[208.841s][info][gc,heap        ] GC(2170) Tenured: 1221353K(1398144K)->1221353K(1398144K)
[208.841s][info][gc,metaspace   ] GC(2170) Metaspace: 133276K(134976K)->133276K(134976K) NonClass: 116415K(117184K)->116415K(117184K) Class: 16861K(17792K)->16861K(17792K)
[208.841s][info][gc             ] GC(2170) Pause Young (Allocation Failure) 1763M->1219M(1979M) 4.365ms
[208.841s][info][gc,cpu         ] GC(2170) User=0.00s Sys=0.00s Real=0.00s
[208.928s][info][gc,start       ] GC(2171) Pause Young (Allocation Failure)
[208.933s][info][gc,heap        ] GC(2171) DefNew: 587076K(629120K)->36725K(629120K) Eden: 559232K(559232K)->0K(559232K) From: 27844K(69888K)->36725K(69888K)
[208.933s][info][gc,heap        ] GC(2171) Tenured: 1221353K(1398144K)->1221353K(1398144K)
[208.933s][info][gc,metaspace   ] GC(2171) Metaspace: 133276K(134976K)->133276K(134976K) NonClass: 116415K(117184K)->116415K(117184K) Class: 16861K(17792K)->16861K(17792K)
[208.933s][info][gc             ] GC(2171) Pause Young (Allocation Failure) 1766M->1228M(1979M) 5.577ms
[208.933s][info][gc,cpu         ] GC(2171) User=0.02s Sys=0.00s Real=0.02s
[209.019s][info][gc,start       ] GC(2172) Pause Young (Allocation Failure)
[209.025s][info][gc,heap        ] GC(2172) DefNew: 595957K(629120K)->24603K(629120K) Eden: 559232K(559232K)->0K(559232K) From: 36725K(69888K)->24603K(69888K)
[209.025s][info][gc,heap        ] GC(2172) Tenured: 1221353K(1398144K)->1229547K(1398144K)
[209.025s][info][gc,metaspace   ] GC(2172) Metaspace: 133276K(134976K)->133276K(134976K) NonClass: 116415K(117184K)->116415K(117184K) Class: 16861K(17792K)->16861K(17792K)
[209.025s][info][gc             ] GC(2172) Pause Young (Allocation Failure) 1774M->1224M(1979M) 5.293ms
[209.025s][info][gc,cpu         ] GC(2172) User=0.00s Sys=0.00s Real=0.00s
[209.112s][info][gc,start       ] GC(2173) Pause Young (Allocation Failure)
[209.116s][info][gc,heap        ] GC(2173) DefNew: 583835K(629120K)->23755K(629120K) Eden: 559232K(559232K)->0K(559232K) From: 24603K(69888K)->23755K(69888K)
[209.116s][info][gc,heap        ] GC(2173) Tenured: 1229547K(1398144K)->1229547K(1398144K)
[209.116s][info][gc,metaspace   ] GC(2173) Metaspace: 133276K(134976K)->133276K(134976K) NonClass: 116415K(117184K)->116415K(117184K) Class: 16861K(17792K)->16861K(17792K)
[209.116s][info][gc             ] GC(2173) Pause Young (Allocation Failure) 1770M->1223M(1979M) 4.417ms
[209.116s][info][gc,cpu         ] GC(2173) User=0.00s Sys=0.00s Real=0.00s
[209.204s][info][gc,start       ] GC(2174) Pause Young (Allocation Failure)
[209.208s][info][gc,heap        ] GC(2174) DefNew: 582987K(629120K)->23760K(629120K) Eden: 559232K(559232K)->0K(559232K) From: 23755K(69888K)->23760K(69888K)
[209.208s][info][gc,heap        ] GC(2174) Tenured: 1229547K(1398144K)->1229547K(1398144K)
[209.208s][info][gc,metaspace   ] GC(2174) Metaspace: 133276K(134976K)->133276K(134976K) NonClass: 116415K(117184K)->116415K(117184K) Class: 16861K(17792K)->16861K(17792K)
[209.208s][info][gc             ] GC(2174) Pause Young (Allocation Failure) 1770M->1223M(1979M) 4.359ms
[209.208s][info][gc,cpu         ] GC(2174) User=0.00s Sys=0.00s Real=0.00s
[209.294s][info][gc,start       ] GC(2175) Pause Young (Allocation Failure)
[209.299s][info][gc,heap        ] GC(2175) DefNew: 582992K(629120K)->28523K(629120K) Eden: 559232K(559232K)->0K(559232K) From: 23760K(69888K)->28523K(69888K)
[209.299s][info][gc,heap        ] GC(2175) Tenured: 1229547K(1398144K)->1229547K(1398144K)
[209.299s][info][gc,metaspace   ] GC(2175) Metaspace: 133276K(134976K)->133276K(134976K) NonClass: 116415K(117184K)->116415K(117184K) Class: 16861K(17792K)->16861K(17792K)
[209.299s][info][gc             ] GC(2175) Pause Young (Allocation Failure) 1770M->1228M(1979M) 4.871ms
[209.299s][info][gc,cpu         ] GC(2175) User=0.00s Sys=0.00s Real=0.00s
[209.385s][info][gc,start       ] GC(2176) Pause Young (Allocation Failure)
[209.390s][info][gc,heap        ] GC(2176) DefNew: 587755K(629120K)->27357K(629120K) Eden: 559232K(559232K)->0K(559232K) From: 28523K(69888K)->27357K(69888K)
[209.390s][info][gc,heap        ] GC(2176) Tenured: 1229547K(1398144K)->1229547K(1398144K)
[209.390s][info][gc,metaspace   ] GC(2176) Metaspace: 133276K(134976K)->133276K(134976K) NonClass: 116415K(117184K)->116415K(117184K) Class: 16861K(17792K)->16861K(17792K)
[209.390s][info][gc             ] GC(2176) Pause Young (Allocation Failure) 1774M->1227M(1979M) 4.755ms
[209.390s][info][gc,cpu         ] GC(2176) User=0.00s Sys=0.00s Real=0.02s
[209.477s][info][gc,start       ] GC(2177) Pause Young (Allocation Failure)
[209.482s][info][gc,heap        ] GC(2177) DefNew: 586589K(629120K)->24028K(629120K) Eden: 559232K(559232K)->0K(559232K) From: 27357K(69888K)->24028K(69888K)
[209.482s][info][gc,heap        ] GC(2177) Tenured: 1229547K(1398144K)->1229547K(1398144K)
[209.482s][info][gc,metaspace   ] GC(2177) Metaspace: 133276K(134976K)->133276K(134976K) NonClass: 116415K(117184K)->116415K(117184K) Class: 16861K(17792K)->16861K(17792K)
[209.482s][info][gc             ] GC(2177) Pause Young (Allocation Failure) 1773M->1224M(1979M) 4.571ms
[209.482s][info][gc,cpu         ] GC(2177) User=0.03s Sys=0.00s Real=0.02s
[209.568s][info][gc,start       ] GC(2178) Pause Young (Allocation Failure)
[209.572s][info][gc,heap        ] GC(2178) DefNew: 583260K(629120K)->23757K(629120K) Eden: 559232K(559232K)->0K(559232K) From: 24028K(69888K)->23757K(69888K)
[209.572s][info][gc,heap        ] GC(2178) Tenured: 1229547K(1398144K)->1229547K(1398144K)
[209.572s][info][gc,metaspace   ] GC(2178) Metaspace: 133276K(134976K)->133276K(134976K) NonClass: 116415K(117184K)->116415K(117184K) Class: 16861K(17792K)->16861K(17792K)
[209.572s][info][gc             ] GC(2178) Pause Young (Allocation Failure) 1770M->1223M(1979M) 4.295ms
[209.572s][info][gc,cpu         ] GC(2178) User=0.00s Sys=0.00s Real=0.00s
[209.659s][info][gc,start       ] GC(2179) Pause Young (Allocation Failure)
[209.664s][info][gc,heap        ] GC(2179) DefNew: 582989K(629120K)->28527K(629120K) Eden: 559232K(559232K)->0K(559232K) From: 23757K(69888K)->28527K(69888K)
[209.664s][info][gc,heap        ] GC(2179) Tenured: 1229547K(1398144K)->1229547K(1398144K)
[209.664s][info][gc,metaspace   ] GC(2179) Metaspace: 133276K(134976K)->133276K(134976K) NonClass: 116415K(117184K)->116415K(117184K) Class: 16861K(17792K)->16861K(17792K)
[209.664s][info][gc             ] GC(2179) Pause Young (Allocation Failure) 1770M->1228M(1979M) 4.632ms
[209.664s][info][gc,cpu         ] GC(2179) User=0.00s Sys=0.00s Real=0.00s
[209.749s][info][gc,start       ] GC(2180) Pause Young (Allocation Failure)
[209.753s][info][gc,heap        ] GC(2180) DefNew: 581913K(629120K)->26167K(629120K) Eden: 553386K(559232K)->0K(559232K) From: 28527K(69888K)->26167K(69888K)
[209.753s][info][gc,heap        ] GC(2180) Tenured: 1229547K(1398144K)->1229547K(1398144K)
[209.753s][info][gc,metaspace   ] GC(2180) Metaspace: 133276K(134976K)->133276K(134976K) NonClass: 116415K(117184K)->116415K(117184K) Class: 16861K(17792K)->16861K(17792K)
[209.753s][info][gc             ] GC(2180) Pause Young (Allocation Failure) 1769M->1226M(1979M) 4.328ms
[209.753s][info][gc,cpu         ] GC(2180) User=0.00s Sys=0.00s Real=0.00s
[209.839s][info][gc,start       ] GC(2181) Pause Young (Allocation Failure)
[209.844s][info][gc,heap        ] GC(2181) DefNew: 585399K(629120K)->19932K(629120K) Eden: 559232K(559232K)->0K(559232K) From: 26167K(69888K)->19932K(69888K)
[209.844s][info][gc,heap        ] GC(2181) Tenured: 1229547K(1398144K)->1233644K(1398144K)
[209.844s][info][gc,metaspace   ] GC(2181) Metaspace: 133276K(134976K)->133276K(134976K) NonClass: 116415K(117184K)->116415K(117184K) Class: 16861K(17792K)->16861K(17792K)
[209.844s][info][gc             ] GC(2181) Pause Young (Allocation Failure) 1772M->1224M(1979M) 4.419ms
[209.844s][info][gc,cpu         ] GC(2181) User=0.00s Sys=0.00s Real=0.01s
[209.931s][info][gc,start       ] GC(2182) Pause Young (Allocation Failure)
[209.934s][info][gc,heap        ] GC(2182) DefNew: 579164K(629120K)->11427K(629120K) Eden: 559232K(559232K)->0K(559232K) From: 19932K(69888K)->11427K(69888K)
[209.934s][info][gc,heap        ] GC(2182) Tenured: 1233644K(1398144K)->1241880K(1398144K)
[209.934s][info][gc,metaspace   ] GC(2182) Metaspace: 133276K(134976K)->133276K(134976K) NonClass: 116415K(117184K)->116415K(117184K) Class: 16861K(17792K)->16861K(17792K)
[209.935s][info][gc             ] GC(2182) Pause Young (Allocation Failure) 1770M->1223M(1979M) 3.764ms
[209.935s][info][gc,cpu         ] GC(2182) User=0.00s Sys=0.00s Real=0.00s
[210.022s][info][gc,start       ] GC(2183) Pause Young (Allocation Failure)
[210.025s][info][gc,heap        ] GC(2183) DefNew: 570659K(629120K)->16188K(629120K) Eden: 559232K(559232K)->0K(559232K) From: 11427K(69888K)->16188K(69888K)
[210.025s][info][gc,heap        ] GC(2183) Tenured: 1241880K(1398144K)->1241880K(1398144K)
[210.025s][info][gc,metaspace   ] GC(2183) Metaspace: 133276K(134976K)->133276K(134976K) NonClass: 116415K(117184K)->116415K(117184K) Class: 16861K(17792K)->16861K(17792K)
[210.025s][info][gc             ] GC(2183) Pause Young (Allocation Failure) 1770M->1228M(1979M) 3.439ms
[210.025s][info][gc,cpu         ] GC(2183) User=0.00s Sys=0.00s Real=0.00s
[210.112s][info][gc,start       ] GC(2184) Pause Young (Allocation Failure)
[210.116s][info][gc,heap        ] GC(2184) DefNew: 575420K(629120K)->16180K(629120K) Eden: 559232K(559232K)->0K(559232K) From: 16188K(69888K)->16180K(69888K)
[210.116s][info][gc,heap        ] GC(2184) Tenured: 1241880K(1398144K)->1241880K(1398144K)
[210.116s][info][gc,metaspace   ] GC(2184) Metaspace: 133276K(134976K)->133276K(134976K) NonClass: 116415K(117184K)->116415K(117184K) Class: 16861K(17792K)->16861K(17792K)
[210.116s][info][gc             ] GC(2184) Pause Young (Allocation Failure) 1774M->1228M(1979M) 3.663ms
[210.116s][info][gc,cpu         ] GC(2184) User=0.00s Sys=0.00s Real=0.00s
[210.239s][info][gc,start       ] GC(2185) Pause Young (Allocation Failure)
[210.243s][info][gc,heap        ] GC(2185) DefNew: 575412K(629120K)->14185K(629120K) Eden: 559232K(559232K)->0K(559232K) From: 16180K(69888K)->14185K(69888K)
[210.243s][info][gc,heap        ] GC(2185) Tenured: 1241880K(1398144K)->1241880K(1398144K)
[210.243s][info][gc,metaspace   ] GC(2185) Metaspace: 133276K(134976K)->133276K(134976K) NonClass: 116415K(117184K)->116415K(117184K) Class: 16861K(17792K)->16861K(17792K)
[210.243s][info][gc             ] GC(2185) Pause Young (Allocation Failure) 1774M->1226M(1979M) 3.658ms
[210.243s][info][gc,cpu         ] GC(2185) User=0.00s Sys=0.00s Real=0.00s
[210.391s][info][gc,start       ] GC(2186) Pause Full (System.gc())
[210.391s][info][gc,phases,start] GC(2186) Phase 1: Mark live objects
[210.451s][info][gc,phases      ] GC(2186) Phase 1: Mark live objects 60.474ms
[210.451s][info][gc,phases,start] GC(2186) Phase 2: Compute new object addresses
[210.497s][info][gc,phases      ] GC(2186) Phase 2: Compute new object addresses 45.105ms
[210.497s][info][gc,phases,start] GC(2186) Phase 3: Adjust pointers
[210.529s][info][gc,phases      ] GC(2186) Phase 3: Adjust pointers 32.893ms
[210.530s][info][gc,phases,start] GC(2186) Phase 4: Move objects
[210.530s][info][gc,phases      ] GC(2186) Phase 4: Move objects 0.044ms
[210.530s][info][gc,heap        ] GC(2186) DefNew: 266819K(629120K)->0K(629120K) Eden: 252633K(559232K)->0K(559232K) From: 14185K(69888K)->0K(69888K)
[210.530s][info][gc,heap        ] GC(2186) Tenured: 1241880K(1398144K)->1036313K(1398144K)
[210.530s][info][gc,metaspace   ] GC(2186) Metaspace: 133296K(134976K)->133296K(134976K) NonClass: 116435K(117184K)->116435K(117184K) Class: 16861K(17792K)->16861K(17792K)
[210.530s][info][gc             ] GC(2186) Pause Full (System.gc()) 1473M->1012M(1979M) 139.344ms
[210.530s][info][gc,cpu         ] GC(2186) User=0.12s Sys=0.00s Real=0.13s
[210.650s][info][gc,start       ] GC(2187) Pause Young (Allocation Failure)
[210.654s][info][gc,heap        ] GC(2187) DefNew: 559232K(629120K)->4948K(629120K) Eden: 559232K(559232K)->0K(559232K) From: 0K(69888K)->4948K(69888K)
[210.654s][info][gc,heap        ] GC(2187) Tenured: 1036313K(1398144K)->1036313K(1398144K)
[210.654s][info][gc,metaspace   ] GC(2187) Metaspace: 133312K(134976K)->133312K(134976K) NonClass: 116450K(117184K)->116450K(117184K) Class: 16862K(17792K)->16862K(17792K)
[210.655s][info][gc             ] GC(2187) Pause Young (Allocation Failure) 1558M->1016M(1979M) 4.826ms
[210.655s][info][gc,cpu         ] GC(2187) User=0.00s Sys=0.00s Real=0.02s
[210.710s][info][gc,start       ] GC(2188) Pause Young (Allocation Failure)
[210.714s][info][gc,heap        ] GC(2188) DefNew: 564180K(629120K)->6296K(629120K) Eden: 559232K(559232K)->0K(559232K) From: 4948K(69888K)->6296K(69888K)
[210.716s][info][gc,heap        ] GC(2188) Tenured: 1036313K(1398144K)->1036313K(1398144K)
[210.716s][info][gc,metaspace   ] GC(2188) Metaspace: 133312K(134976K)->133312K(134976K) NonClass: 116450K(117184K)->116450K(117184K) Class: 16862K(17792K)->16862K(17792K)
[210.716s][info][gc             ] GC(2188) Pause Young (Allocation Failure) 1562M->1018M(1979M) 5.912ms
[210.716s][info][gc,cpu         ] GC(2188) User=0.00s Sys=0.00s Real=0.02s
[210.769s][info][gc,start       ] GC(2189) Pause Young (Allocation Failure)
[210.774s][info][gc,heap        ] GC(2189) DefNew: 565528K(629120K)->9046K(629120K) Eden: 559232K(559232K)->0K(559232K) From: 6296K(69888K)->9046K(69888K)
[210.774s][info][gc,heap        ] GC(2189) Tenured: 1036313K(1398144K)->1036313K(1398144K)
[210.774s][info][gc,metaspace   ] GC(2189) Metaspace: 133312K(134976K)->133312K(134976K) NonClass: 116450K(117184K)->116450K(117184K) Class: 16862K(17792K)->16862K(17792K)
[210.774s][info][gc             ] GC(2189) Pause Young (Allocation Failure) 1564M->1020M(1979M) 4.356ms
[210.774s][info][gc,cpu         ] GC(2189) User=0.00s Sys=0.00s Real=0.00s
[210.829s][info][gc,start       ] GC(2190) Pause Young (Allocation Failure)
[210.833s][info][gc,heap        ] GC(2190) DefNew: 568278K(629120K)->10789K(629120K) Eden: 559232K(559232K)->0K(559232K) From: 9046K(69888K)->10789K(69888K)
[210.833s][info][gc,heap        ] GC(2190) Tenured: 1036313K(1398144K)->1036313K(1398144K)
[210.833s][info][gc,metaspace   ] GC(2190) Metaspace: 133312K(134976K)->133312K(134976K) NonClass: 116450K(117184K)->116450K(117184K) Class: 16862K(17792K)->16862K(17792K)
[210.833s][info][gc             ] GC(2190) Pause Young (Allocation Failure) 1566M->1022M(1979M) 4.646ms
[210.833s][info][gc,cpu         ] GC(2190) User=0.00s Sys=0.00s Real=0.00s
[210.890s][info][gc,start       ] GC(2191) Pause Young (Allocation Failure)
[210.895s][info][gc,heap        ] GC(2191) DefNew: 570021K(629120K)->20448K(629120K) Eden: 559232K(559232K)->0K(559232K) From: 10789K(69888K)->20448K(69888K)
[210.895s][info][gc,heap        ] GC(2191) Tenured: 1036313K(1398144K)->1036313K(1398144K)
[210.895s][info][gc,metaspace   ] GC(2191) Metaspace: 133312K(134976K)->133312K(134976K) NonClass: 116450K(117184K)->116450K(117184K) Class: 16862K(17792K)->16862K(17792K)
[210.895s][info][gc             ] GC(2191) Pause Young (Allocation Failure) 1568M->1031M(1979M) 5.575ms
[210.895s][info][gc,cpu         ] GC(2191) User=0.00s Sys=0.00s Real=0.00s
[210.951s][info][gc,start       ] GC(2192) Pause Young (Allocation Failure)
[210.956s][info][gc,heap        ] GC(2192) DefNew: 579680K(629120K)->19071K(629120K) Eden: 559232K(559232K)->0K(559232K) From: 20448K(69888K)->19071K(69888K)
[210.956s][info][gc,heap        ] GC(2192) Tenured: 1036313K(1398144K)->1036313K(1398144K)
[210.956s][info][gc,metaspace   ] GC(2192) Metaspace: 133312K(134976K)->133312K(134976K) NonClass: 116450K(117184K)->116450K(117184K) Class: 16862K(17792K)->16862K(17792K)
[210.957s][info][gc             ] GC(2192) Pause Young (Allocation Failure) 1578M->1030M(1979M) 5.451ms
[210.957s][info][gc,cpu         ] GC(2192) User=0.00s Sys=0.00s Real=0.00s
[211.013s][info][gc,start       ] GC(2193) Pause Young (Allocation Failure)
[211.019s][info][gc,heap        ] GC(2193) DefNew: 578303K(629120K)->25529K(629120K) Eden: 559232K(559232K)->0K(559232K) From: 19071K(69888K)->25529K(69888K)
[211.019s][info][gc,heap        ] GC(2193) Tenured: 1036313K(1398144K)->1036313K(1398144K)
[211.019s][info][gc,metaspace   ] GC(2193) Metaspace: 133312K(134976K)->133312K(134976K) NonClass: 116450K(117184K)->116450K(117184K) Class: 16862K(17792K)->16862K(17792K)
[211.019s][info][gc             ] GC(2193) Pause Young (Allocation Failure) 1576M->1036M(1979M) 6.131ms
[211.019s][info][gc,cpu         ] GC(2193) User=0.00s Sys=0.00s Real=0.00s
[211.074s][info][gc,start       ] GC(2194) Pause Young (Allocation Failure)
[211.081s][info][gc,heap        ] GC(2194) DefNew: 584761K(629120K)->27268K(629120K) Eden: 559232K(559232K)->0K(559232K) From: 25529K(69888K)->27268K(69888K)
[211.081s][info][gc,heap        ] GC(2194) Tenured: 1036313K(1398144K)->1036313K(1398144K)
[211.081s][info][gc,metaspace   ] GC(2194) Metaspace: 133312K(134976K)->133312K(134976K) NonClass: 116450K(117184K)->116450K(117184K) Class: 16862K(17792K)->16862K(17792K)
[211.081s][info][gc             ] GC(2194) Pause Young (Allocation Failure) 1583M->1038M(1979M) 6.273ms
[211.081s][info][gc,cpu         ] GC(2194) User=0.00s Sys=0.00s Real=0.00s
[211.138s][info][gc,start       ] GC(2195) Pause Young (Allocation Failure)
[211.145s][info][gc,heap        ] GC(2195) DefNew: 586500K(629120K)->34486K(629120K) Eden: 559232K(559232K)->0K(559232K) From: 27268K(69888K)->34486K(69888K)
[211.145s][info][gc,heap        ] GC(2195) Tenured: 1036313K(1398144K)->1036313K(1398144K)
[211.145s][info][gc,metaspace   ] GC(2195) Metaspace: 133312K(134976K)->133312K(134976K) NonClass: 116450K(117184K)->116450K(117184K) Class: 16862K(17792K)->16862K(17792K)
[211.145s][info][gc             ] GC(2195) Pause Young (Allocation Failure) 1584M->1045M(1979M) 7.283ms
[211.145s][info][gc,cpu         ] GC(2195) User=0.00s Sys=0.00s Real=0.00s
[211.202s][info][gc,start       ] GC(2196) Pause Young (Allocation Failure)
[211.210s][info][gc,heap        ] GC(2196) DefNew: 593718K(629120K)->41720K(629120K) Eden: 559232K(559232K)->0K(559232K) From: 34486K(69888K)->41720K(69888K)
[211.210s][info][gc,heap        ] GC(2196) Tenured: 1036313K(1398144K)->1036313K(1398144K)
[211.210s][info][gc,metaspace   ] GC(2196) Metaspace: 133312K(134976K)->133312K(134976K) NonClass: 116450K(117184K)->116450K(117184K) Class: 16862K(17792K)->16862K(17792K)
[211.210s][info][gc             ] GC(2196) Pause Young (Allocation Failure) 1591M->1052M(1979M) 7.470ms
[211.210s][info][gc,cpu         ] GC(2196) User=0.00s Sys=0.00s Real=0.00s
[211.266s][info][gc,start       ] GC(2197) Pause Young (Allocation Failure)
[211.273s][info][gc,heap        ] GC(2197) DefNew: 600952K(629120K)->32906K(629120K) Eden: 559232K(559232K)->0K(559232K) From: 41720K(69888K)->32906K(69888K)
[211.273s][info][gc,heap        ] GC(2197) Tenured: 1036313K(1398144K)->1046101K(1398144K)
[211.273s][info][gc,metaspace   ] GC(2197) Metaspace: 133312K(134976K)->133312K(134976K) NonClass: 116450K(117184K)->116450K(117184K) Class: 16862K(17792K)->16862K(17792K)
[211.274s][info][gc             ] GC(2197) Pause Young (Allocation Failure) 1598M->1053M(1979M) 7.954ms
[211.274s][info][gc,cpu         ] GC(2197) User=0.00s Sys=0.00s Real=0.02s
[211.329s][info][gc,start       ] GC(2198) Pause Young (Allocation Failure)
[211.335s][info][gc,heap        ] GC(2198) DefNew: 592138K(629120K)->38566K(629120K) Eden: 559232K(559232K)->0K(559232K) From: 32906K(69888K)->38566K(69888K)
[211.335s][info][gc,heap        ] GC(2198) Tenured: 1046101K(1398144K)->1046101K(1398144K)
[211.335s][info][gc,metaspace   ] GC(2198) Metaspace: 133312K(134976K)->133312K(134976K) NonClass: 116450K(117184K)->116450K(117184K) Class: 16862K(17792K)->16862K(17792K)
[211.335s][info][gc             ] GC(2198) Pause Young (Allocation Failure) 1599M->1059M(1979M) 5.893ms
[211.335s][info][gc,cpu         ] GC(2198) User=0.00s Sys=0.00s Real=0.00s
[211.390s][info][gc,start       ] GC(2199) Pause Young (Allocation Failure)
[211.396s][info][gc,heap        ] GC(2199) DefNew: 597798K(629120K)->36650K(629120K) Eden: 559232K(559232K)->0K(559232K) From: 38566K(69888K)->36650K(69888K)
[211.396s][info][gc,heap        ] GC(2199) Tenured: 1046101K(1398144K)->1050502K(1398144K)
[211.396s][info][gc,metaspace   ] GC(2199) Metaspace: 133312K(134976K)->133312K(134976K) NonClass: 116450K(117184K)->116450K(117184K) Class: 16862K(17792K)->16862K(17792K)
[211.396s][info][gc             ] GC(2199) Pause Young (Allocation Failure) 1605M->1061M(1979M) 6.147ms
[211.396s][info][gc,cpu         ] GC(2199) User=0.00s Sys=0.00s Real=0.00s
[211.451s][info][gc,start       ] GC(2200) Pause Young (Allocation Failure)
[211.457s][info][gc,heap        ] GC(2200) DefNew: 595882K(629120K)->38241K(629120K) Eden: 559232K(559232K)->0K(559232K) From: 36650K(69888K)->38241K(69888K)
[211.457s][info][gc,heap        ] GC(2200) Tenured: 1050502K(1398144K)->1054601K(1398144K)
[211.457s][info][gc,metaspace   ] GC(2200) Metaspace: 133312K(134976K)->133312K(134976K) NonClass: 116450K(117184K)->116450K(117184K) Class: 16862K(17792K)->16862K(17792K)
[211.457s][info][gc             ] GC(2200) Pause Young (Allocation Failure) 1607M->1067M(1979M) 5.901ms
[211.457s][info][gc,cpu         ] GC(2200) User=0.00s Sys=0.00s Real=0.00s
[211.513s][info][gc,start       ] GC(2201) Pause Young (Allocation Failure)
[211.519s][info][gc,heap        ] GC(2201) DefNew: 597473K(629120K)->34481K(629120K) Eden: 559232K(559232K)->0K(559232K) From: 38241K(69888K)->34481K(69888K)
[211.519s][info][gc,heap        ] GC(2201) Tenured: 1054601K(1398144K)->1058698K(1398144K)
[211.519s][info][gc,metaspace   ] GC(2201) Metaspace: 133312K(134976K)->133312K(134976K) NonClass: 116450K(117184K)->116450K(117184K) Class: 16862K(17792K)->16862K(17792K)
[211.519s][info][gc             ] GC(2201) Pause Young (Allocation Failure) 1613M->1067M(1979M) 5.597ms
[211.519s][info][gc,cpu         ] GC(2201) User=0.00s Sys=0.00s Real=0.00s
[211.575s][info][gc,start       ] GC(2202) Pause Young (Allocation Failure)
[211.581s][info][gc,heap        ] GC(2202) DefNew: 593713K(629120K)->42340K(629120K) Eden: 559232K(559232K)->0K(559232K) From: 34481K(69888K)->42340K(69888K)
[211.581s][info][gc,heap        ] GC(2202) Tenured: 1058698K(1398144K)->1058698K(1398144K)
[211.581s][info][gc,metaspace   ] GC(2202) Metaspace: 133312K(134976K)->133312K(134976K) NonClass: 116450K(117184K)->116450K(117184K) Class: 16862K(17792K)->16862K(17792K)
[211.581s][info][gc             ] GC(2202) Pause Young (Allocation Failure) 1613M->1075M(1979M) 5.856ms
[211.581s][info][gc,cpu         ] GC(2202) User=0.00s Sys=0.00s Real=0.00s
[211.640s][info][gc,start       ] GC(2203) Pause Young (Allocation Failure)
[211.646s][info][gc,heap        ] GC(2203) DefNew: 601572K(629120K)->37957K(629120K) Eden: 559232K(559232K)->0K(559232K) From: 42340K(69888K)->37957K(69888K)
[211.646s][info][gc,heap        ] GC(2203) Tenured: 1058698K(1398144K)->1066892K(1398144K)
[211.646s][info][gc,metaspace   ] GC(2203) Metaspace: 133312K(134976K)->133312K(134976K) NonClass: 116450K(117184K)->116450K(117184K) Class: 16862K(17792K)->16862K(17792K)
[211.646s][info][gc             ] GC(2203) Pause Young (Allocation Failure) 1621M->1078M(1979M) 6.699ms
[211.647s][info][gc,cpu         ] GC(2203) User=0.02s Sys=0.00s Real=0.00s
[211.735s][info][gc,start       ] GC(2204) Pause Young (Allocation Failure)
[211.743s][info][gc,heap        ] GC(2204) DefNew: 597189K(629120K)->51891K(629120K) Eden: 559232K(559232K)->0K(559232K) From: 37957K(69888K)->51891K(69888K)
[211.743s][info][gc,heap        ] GC(2204) Tenured: 1066892K(1398144K)->1070989K(1398144K)
[211.743s][info][gc,metaspace   ] GC(2204) Metaspace: 133316K(134976K)->133316K(134976K) NonClass: 116454K(117184K)->116454K(117184K) Class: 16862K(17792K)->16862K(17792K)
[211.743s][info][gc             ] GC(2204) Pause Young (Allocation Failure) 1625M->1096M(1979M) 7.622ms
[211.743s][info][gc,cpu         ] GC(2204) User=0.00s Sys=0.00s Real=0.00s
[211.831s][info][gc,start       ] GC(2205) Pause Young (Allocation Failure)
[211.839s][info][gc,heap        ] GC(2205) DefNew: 611123K(629120K)->39696K(629120K) Eden: 559232K(559232K)->0K(559232K) From: 51891K(69888K)->39696K(69888K)
[211.839s][info][gc,heap        ] GC(2205) Tenured: 1070989K(1398144K)->1091476K(1398144K)
[211.839s][info][gc,metaspace   ] GC(2205) Metaspace: 133316K(134976K)->133316K(134976K) NonClass: 116454K(117184K)->116454K(117184K) Class: 16862K(17792K)->16862K(17792K)
[211.839s][info][gc             ] GC(2205) Pause Young (Allocation Failure) 1642M->1104M(1979M) 8.455ms
[211.839s][info][gc,cpu         ] GC(2205) User=0.00s Sys=0.00s Real=0.02s
[211.927s][info][gc,start       ] GC(2206) Pause Young (Allocation Failure)
[211.934s][info][gc,heap        ] GC(2206) DefNew: 598928K(629120K)->43312K(629120K) Eden: 559232K(559232K)->0K(559232K) From: 39696K(69888K)->43312K(69888K)
[211.934s][info][gc,heap        ] GC(2206) Tenured: 1091476K(1398144K)->1099937K(1398144K)
[211.934s][info][gc,metaspace   ] GC(2206) Metaspace: 133316K(134976K)->133316K(134976K) NonClass: 116454K(117184K)->116454K(117184K) Class: 16862K(17792K)->16862K(17792K)
[211.934s][info][gc             ] GC(2206) Pause Young (Allocation Failure) 1650M->1116M(1979M) 7.187ms
[211.934s][info][gc,cpu         ] GC(2206) User=0.00s Sys=0.00s Real=0.02s
[212.022s][info][gc,start       ] GC(2207) Pause Young (Allocation Failure)
[212.029s][info][gc,heap        ] GC(2207) DefNew: 602544K(629120K)->46435K(629120K) Eden: 559232K(559232K)->0K(559232K) From: 43312K(69888K)->46435K(69888K)
[212.030s][info][gc,heap        ] GC(2207) Tenured: 1099937K(1398144K)->1112429K(1398144K)
[212.030s][info][gc,metaspace   ] GC(2207) Metaspace: 133316K(134976K)->133316K(134976K) NonClass: 116454K(117184K)->116454K(117184K) Class: 16862K(17792K)->16862K(17792K)
[212.030s][info][gc             ] GC(2207) Pause Young (Allocation Failure) 1662M->1131M(1979M) 7.464ms
[212.030s][info][gc,cpu         ] GC(2207) User=0.00s Sys=0.00s Real=0.02s
[212.117s][info][gc,start       ] GC(2208) Pause Young (Allocation Failure)
[212.124s][info][gc,heap        ] GC(2208) DefNew: 605667K(629120K)->45845K(629120K) Eden: 559232K(559232K)->0K(559232K) From: 46435K(69888K)->45845K(69888K)
[212.124s][info][gc,heap        ] GC(2208) Tenured: 1112429K(1398144K)->1124722K(1398144K)
[212.124s][info][gc,metaspace   ] GC(2208) Metaspace: 133316K(134976K)->133316K(134976K) NonClass: 116454K(117184K)->116454K(117184K) Class: 16862K(17792K)->16862K(17792K)
[212.124s][info][gc             ] GC(2208) Pause Young (Allocation Failure) 1677M->1143M(1979M) 7.767ms
[212.124s][info][gc,cpu         ] GC(2208) User=0.00s Sys=0.00s Real=0.02s
[212.213s][info][gc,start       ] GC(2209) Pause Young (Allocation Failure)
[212.220s][info][gc,heap        ] GC(2209) DefNew: 605077K(629120K)->44093K(629120K) Eden: 559232K(559232K)->0K(559232K) From: 45845K(69888K)->44093K(69888K)
[212.220s][info][gc,heap        ] GC(2209) Tenured: 1124722K(1398144K)->1141110K(1398144K)
[212.220s][info][gc,metaspace   ] GC(2209) Metaspace: 133316K(134976K)->133316K(134976K) NonClass: 116454K(117184K)->116454K(117184K) Class: 16862K(17792K)->16862K(17792K)
[212.220s][info][gc             ] GC(2209) Pause Young (Allocation Failure) 1689M->1157M(1979M) 7.746ms
[212.220s][info][gc,cpu         ] GC(2209) User=0.00s Sys=0.00s Real=0.02s
[212.312s][info][gc,start       ] GC(2210) Pause Young (Allocation Failure)
[212.319s][info][gc,heap        ] GC(2210) DefNew: 603325K(629120K)->27855K(629120K) Eden: 559232K(559232K)->0K(559232K) From: 44093K(69888K)->27855K(69888K)
[212.319s][info][gc,heap        ] GC(2210) Tenured: 1141110K(1398144K)->1165693K(1398144K)
[212.319s][info][gc,metaspace   ] GC(2210) Metaspace: 133317K(134976K)->133317K(134976K) NonClass: 116455K(117184K)->116455K(117184K) Class: 16862K(17792K)->16862K(17792K)
[212.319s][info][gc             ] GC(2210) Pause Young (Allocation Failure) 1703M->1165M(1979M) 7.196ms
[212.319s][info][gc,cpu         ] GC(2210) User=0.00s Sys=0.00s Real=0.00s
[212.402s][info][gc,start       ] GC(2211) Pause Young (Allocation Failure)
[212.407s][info][gc,heap        ] GC(2211) DefNew: 587087K(629120K)->33698K(629120K) Eden: 559232K(559232K)->0K(559232K) From: 27855K(69888K)->33698K(69888K)
[212.407s][info][gc,heap        ] GC(2211) Tenured: 1165693K(1398144K)->1165693K(1398144K)
[212.407s][info][gc,metaspace   ] GC(2211) Metaspace: 133317K(134976K)->133317K(134976K) NonClass: 116455K(117184K)->116455K(117184K) Class: 16862K(17792K)->16862K(17792K)
[212.407s][info][gc             ] GC(2211) Pause Young (Allocation Failure) 1711M->1171M(1979M) 5.500ms
[212.407s][info][gc,cpu         ] GC(2211) User=0.00s Sys=0.00s Real=0.00s
[212.494s][info][gc,start       ] GC(2212) Pause Young (Allocation Failure)
[212.500s][info][gc,heap        ] GC(2212) DefNew: 592930K(629120K)->44240K(629120K) Eden: 559232K(559232K)->0K(559232K) From: 33698K(69888K)->44240K(69888K)
[212.500s][info][gc,heap        ] GC(2212) Tenured: 1165693K(1398144K)->1165693K(1398144K)
[212.500s][info][gc,metaspace   ] GC(2212) Metaspace: 133317K(134976K)->133317K(134976K) NonClass: 116455K(117184K)->116455K(117184K) Class: 16862K(17792K)->16862K(17792K)
[212.500s][info][gc             ] GC(2212) Pause Young (Allocation Failure) 1717M->1181M(1979M) 6.017ms
[212.500s][info][gc,cpu         ] GC(2212) User=0.00s Sys=0.00s Real=0.02s
[212.587s][info][gc,start       ] GC(2213) Pause Young (Allocation Failure)
[212.594s][info][gc,heap        ] GC(2213) DefNew: 603472K(629120K)->41807K(629120K) Eden: 559232K(559232K)->0K(559232K) From: 44240K(69888K)->41807K(69888K)
[212.594s][info][gc,heap        ] GC(2213) Tenured: 1165693K(1398144K)->1177986K(1398144K)
[212.594s][info][gc,metaspace   ] GC(2213) Metaspace: 133317K(134976K)->133317K(134976K) NonClass: 116455K(117184K)->116455K(117184K) Class: 16862K(17792K)->16862K(17792K)
[212.594s][info][gc             ] GC(2213) Pause Young (Allocation Failure) 1727M->1191M(1979M) 6.888ms
[212.594s][info][gc,cpu         ] GC(2213) User=0.00s Sys=0.00s Real=0.02s
[212.682s][info][gc,start       ] GC(2214) Pause Young (Allocation Failure)
[212.689s][info][gc,heap        ] GC(2214) DefNew: 601039K(629120K)->41364K(629120K) Eden: 559232K(559232K)->0K(559232K) From: 41807K(69888K)->41364K(69888K)
[212.689s][info][gc,heap        ] GC(2214) Tenured: 1177986K(1398144K)->1190325K(1398144K)
[212.689s][info][gc,metaspace   ] GC(2214) Metaspace: 133317K(134976K)->133317K(134976K) NonClass: 116455K(117184K)->116455K(117184K) Class: 16862K(17792K)->16862K(17792K)
[212.689s][info][gc             ] GC(2214) Pause Young (Allocation Failure) 1737M->1202M(1979M) 7.578ms
[212.689s][info][gc,cpu         ] GC(2214) User=0.00s Sys=0.00s Real=0.02s
[212.778s][info][gc,start       ] GC(2215) Pause Young (Allocation Failure)
[212.784s][info][gc,heap        ] GC(2215) DefNew: 600596K(629120K)->32783K(629120K) Eden: 559232K(559232K)->0K(559232K) From: 41364K(69888K)->32783K(69888K)
[212.784s][info][gc,heap        ] GC(2215) Tenured: 1190325K(1398144K)->1198521K(1398144K)
[212.784s][info][gc,metaspace   ] GC(2215) Metaspace: 133317K(134976K)->133317K(134976K) NonClass: 116455K(117184K)->116455K(117184K) Class: 16862K(17792K)->16862K(17792K)
[212.784s][info][gc             ] GC(2215) Pause Young (Allocation Failure) 1748M->1202M(1979M) 6.086ms
[212.784s][info][gc,cpu         ] GC(2215) User=0.00s Sys=0.00s Real=0.01s
[212.870s][info][gc,start       ] GC(2216) Pause Young (Allocation Failure)
[212.876s][info][gc,heap        ] GC(2216) DefNew: 592015K(629120K)->41753K(629120K) Eden: 559232K(559232K)->0K(559232K) From: 32783K(69888K)->41753K(69888K)
[212.876s][info][gc,heap        ] GC(2216) Tenured: 1198521K(1398144K)->1198521K(1398144K)
[212.876s][info][gc,metaspace   ] GC(2216) Metaspace: 133317K(134976K)->133317K(134976K) NonClass: 116455K(117184K)->116455K(117184K) Class: 16862K(17792K)->16862K(17792K)
[212.876s][info][gc             ] GC(2216) Pause Young (Allocation Failure) 1748M->1211M(1979M) 5.664ms
[212.876s][info][gc,cpu         ] GC(2216) User=0.00s Sys=0.00s Real=0.02s
[212.963s][info][gc,start       ] GC(2217) Pause Young (Allocation Failure)
[212.969s][info][gc,heap        ] GC(2217) DefNew: 600985K(629120K)->35034K(629120K) Eden: 559232K(559232K)->0K(559232K) From: 41753K(69888K)->35034K(69888K)
[212.969s][info][gc,heap        ] GC(2217) Tenured: 1198521K(1398144K)->1210813K(1398144K)
[212.969s][info][gc,metaspace   ] GC(2217) Metaspace: 133317K(134976K)->133317K(134976K) NonClass: 116455K(117184K)->116455K(117184K) Class: 16862K(17792K)->16862K(17792K)
[212.969s][info][gc             ] GC(2217) Pause Young (Allocation Failure) 1757M->1216M(1979M) 6.115ms
[212.969s][info][gc,cpu         ] GC(2217) User=0.00s Sys=0.00s Real=0.00s
[213.059s][info][gc,start       ] GC(2218) Pause Young (Allocation Failure)
[213.065s][info][gc,heap        ] GC(2218) DefNew: 594266K(629120K)->36033K(629120K) Eden: 559232K(559232K)->0K(559232K) From: 35034K(69888K)->36033K(69888K)
[213.065s][info][gc,heap        ] GC(2218) Tenured: 1210813K(1398144K)->1214910K(1398144K)
[213.065s][info][gc,metaspace   ] GC(2218) Metaspace: 133318K(134976K)->133318K(134976K) NonClass: 116456K(117184K)->116456K(117184K) Class: 16862K(17792K)->16862K(17792K)
[213.065s][info][gc             ] GC(2218) Pause Young (Allocation Failure) 1762M->1221M(1979M) 5.662ms
[213.065s][info][gc,cpu         ] GC(2218) User=0.00s Sys=0.00s Real=0.02s
[213.148s][info][gc,start       ] GC(2219) Pause Young (Allocation Failure)
[213.155s][info][gc,heap        ] GC(2219) DefNew: 595265K(629120K)->30970K(629120K) Eden: 559232K(559232K)->0K(559232K) From: 36033K(69888K)->30970K(69888K)
[213.155s][info][gc,heap        ] GC(2219) Tenured: 1214910K(1398144K)->1223104K(1398144K)
[213.155s][info][gc,metaspace   ] GC(2219) Metaspace: 133318K(134976K)->133318K(134976K) NonClass: 116456K(117184K)->116456K(117184K) Class: 16862K(17792K)->16862K(17792K)
[213.155s][info][gc             ] GC(2219) Pause Young (Allocation Failure) 1767M->1224M(1979M) 6.398ms
[213.155s][info][gc,cpu         ] GC(2219) User=0.00s Sys=0.00s Real=0.00s
[213.237s][info][gc,start       ] GC(2220) Pause Young (Allocation Failure)
[213.241s][info][gc,heap        ] GC(2220) DefNew: 590202K(629120K)->24638K(629120K) Eden: 559232K(559232K)->0K(559232K) From: 30970K(69888K)->24638K(69888K)
[213.241s][info][gc,heap        ] GC(2220) Tenured: 1223104K(1398144K)->1223104K(1398144K)
[213.241s][info][gc,metaspace   ] GC(2220) Metaspace: 133318K(134976K)->133318K(134976K) NonClass: 116456K(117184K)->116456K(117184K) Class: 16862K(17792K)->16862K(17792K)
[213.241s][info][gc             ] GC(2220) Pause Young (Allocation Failure) 1770M->1218M(1979M) 4.358ms
[213.241s][info][gc,cpu         ] GC(2220) User=0.00s Sys=0.00s Real=0.02s
[213.324s][info][gc,start       ] GC(2221) Pause Young (Allocation Failure)
[213.328s][info][gc,heap        ] GC(2221) DefNew: 583870K(629120K)->26288K(629120K) Eden: 559232K(559232K)->0K(559232K) From: 24638K(69888K)->26288K(69888K)
[213.328s][info][gc,heap        ] GC(2221) Tenured: 1223104K(1398144K)->1223104K(1398144K)
[213.328s][info][gc,metaspace   ] GC(2221) Metaspace: 133318K(134976K)->133318K(134976K) NonClass: 116456K(117184K)->116456K(117184K) Class: 16862K(17792K)->16862K(17792K)
[213.328s][info][gc             ] GC(2221) Pause Young (Allocation Failure) 1764M->1220M(1979M) 4.304ms
[213.328s][info][gc,cpu         ] GC(2221) User=0.00s Sys=0.00s Real=0.00s
[213.414s][info][gc,start       ] GC(2222) Pause Young (Allocation Failure)
[213.420s][info][gc,heap        ] GC(2222) DefNew: 585520K(629120K)->36733K(629120K) Eden: 559232K(559232K)->0K(559232K) From: 26288K(69888K)->36733K(69888K)
[213.420s][info][gc,heap        ] GC(2222) Tenured: 1223104K(1398144K)->1223104K(1398144K)
[213.420s][info][gc,metaspace   ] GC(2222) Metaspace: 133318K(134976K)->133318K(134976K) NonClass: 116456K(117184K)->116456K(117184K) Class: 16862K(17792K)->16862K(17792K)
[213.420s][info][gc             ] GC(2222) Pause Young (Allocation Failure) 1766M->1230M(1979M) 5.439ms
[213.420s][info][gc,cpu         ] GC(2222) User=0.00s Sys=0.00s Real=0.00s
[213.506s][info][gc,start       ] GC(2223) Pause Young (Allocation Failure)
[213.511s][info][gc,heap        ] GC(2223) DefNew: 595965K(629120K)->24247K(629120K) Eden: 559232K(559232K)->0K(559232K) From: 36733K(69888K)->24247K(69888K)
[213.511s][info][gc,heap        ] GC(2223) Tenured: 1223104K(1398144K)->1231298K(1398144K)
[213.511s][info][gc,metaspace   ] GC(2223) Metaspace: 133318K(134976K)->133318K(134976K) NonClass: 116456K(117184K)->116456K(117184K) Class: 16862K(17792K)->16862K(17792K)
[213.511s][info][gc             ] GC(2223) Pause Young (Allocation Failure) 1776M->1226M(1979M) 4.838ms
[213.511s][info][gc,cpu         ] GC(2223) User=0.00s Sys=0.00s Real=0.00s
[213.598s][info][gc,start       ] GC(2224) Pause Young (Allocation Failure)
[213.602s][info][gc,heap        ] GC(2224) DefNew: 583479K(629120K)->23759K(629120K) Eden: 559232K(559232K)->0K(559232K) From: 24247K(69888K)->23759K(69888K)
[213.602s][info][gc,heap        ] GC(2224) Tenured: 1231298K(1398144K)->1231298K(1398144K)
[213.602s][info][gc,metaspace   ] GC(2224) Metaspace: 133318K(134976K)->133318K(134976K) NonClass: 116456K(117184K)->116456K(117184K) Class: 16862K(17792K)->16862K(17792K)
[213.602s][info][gc             ] GC(2224) Pause Young (Allocation Failure) 1772M->1225M(1979M) 4.214ms
[213.602s][info][gc,cpu         ] GC(2224) User=0.00s Sys=0.00s Real=0.01s
[213.690s][info][gc,start       ] GC(2225) Pause Young (Allocation Failure)
[213.695s][info][gc,heap        ] GC(2225) DefNew: 582991K(629120K)->30095K(629120K) Eden: 559232K(559232K)->0K(559232K) From: 23759K(69888K)->30095K(69888K)
[213.695s][info][gc,heap        ] GC(2225) Tenured: 1231298K(1398144K)->1231298K(1398144K)
[213.695s][info][gc,metaspace   ] GC(2225) Metaspace: 133318K(134976K)->133318K(134976K) NonClass: 116456K(117184K)->116456K(117184K) Class: 16862K(17792K)->16862K(17792K)
[213.695s][info][gc             ] GC(2225) Pause Young (Allocation Failure) 1771M->1231M(1979M) 4.909ms
[213.695s][info][gc,cpu         ] GC(2225) User=0.00s Sys=0.00s Real=0.02s
[213.780s][info][gc,start       ] GC(2226) Pause Young (Allocation Failure)
[213.785s][info][gc,heap        ] GC(2226) DefNew: 589327K(629120K)->28528K(629120K) Eden: 559232K(559232K)->0K(559232K) From: 30095K(69888K)->28528K(69888K)
[213.785s][info][gc,heap        ] GC(2226) Tenured: 1231298K(1398144K)->1231298K(1398144K)
[213.785s][info][gc,metaspace   ] GC(2226) Metaspace: 133318K(134976K)->133318K(134976K) NonClass: 116456K(117184K)->116456K(117184K) Class: 16862K(17792K)->16862K(17792K)
[213.785s][info][gc             ] GC(2226) Pause Young (Allocation Failure) 1777M->1230M(1979M) 4.554ms
[213.785s][info][gc,cpu         ] GC(2226) User=0.00s Sys=0.00s Real=0.00s
[213.871s][info][gc,start       ] GC(2227) Pause Young (Allocation Failure)
[213.876s][info][gc,heap        ] GC(2227) DefNew: 587760K(629120K)->25399K(629120K) Eden: 559232K(559232K)->0K(559232K) From: 28528K(69888K)->25399K(69888K)
[213.876s][info][gc,heap        ] GC(2227) Tenured: 1231298K(1398144K)->1231298K(1398144K)
[213.876s][info][gc,metaspace   ] GC(2227) Metaspace: 133318K(134976K)->133318K(134976K) NonClass: 116456K(117184K)->116456K(117184K) Class: 16862K(17792K)->16862K(17792K)
[213.876s][info][gc             ] GC(2227) Pause Young (Allocation Failure) 1776M->1227M(1979M) 4.297ms
[213.876s][info][gc,cpu         ] GC(2227) User=0.00s Sys=0.00s Real=0.00s
[213.963s][info][gc,start       ] GC(2228) Pause Young (Allocation Failure)
[213.967s][info][gc,heap        ] GC(2228) DefNew: 584631K(629120K)->23761K(629120K) Eden: 559232K(559232K)->0K(559232K) From: 25399K(69888K)->23761K(69888K)
[213.967s][info][gc,heap        ] GC(2228) Tenured: 1231298K(1398144K)->1231298K(1398144K)
[213.967s][info][gc,metaspace   ] GC(2228) Metaspace: 133318K(134976K)->133318K(134976K) NonClass: 116456K(117184K)->116456K(117184K) Class: 16862K(17792K)->16862K(17792K)
[213.967s][info][gc             ] GC(2228) Pause Young (Allocation Failure) 1773M->1225M(1979M) 4.375ms
[213.967s][info][gc,cpu         ] GC(2228) User=0.00s Sys=0.00s Real=0.00s
[214.054s][info][gc,start       ] GC(2229) Pause Young (Allocation Failure)
[214.058s][info][gc,heap        ] GC(2229) DefNew: 582993K(629120K)->23758K(629120K) Eden: 559232K(559232K)->0K(559232K) From: 23761K(69888K)->23758K(69888K)
[214.058s][info][gc,heap        ] GC(2229) Tenured: 1231298K(1398144K)->1231298K(1398144K)
[214.058s][info][gc,metaspace   ] GC(2229) Metaspace: 133318K(134976K)->133318K(134976K) NonClass: 116456K(117184K)->116456K(117184K) Class: 16862K(17792K)->16862K(17792K)
[214.058s][info][gc             ] GC(2229) Pause Young (Allocation Failure) 1771M->1225M(1979M) 4.281ms
[214.058s][info][gc,cpu         ] GC(2229) User=0.02s Sys=0.00s Real=0.02s
[214.145s][info][gc,start       ] GC(2230) Pause Young (Allocation Failure)
[214.150s][info][gc,heap        ] GC(2230) DefNew: 582990K(629120K)->30094K(629120K) Eden: 559232K(559232K)->0K(559232K) From: 23758K(69888K)->30094K(69888K)
[214.150s][info][gc,heap        ] GC(2230) Tenured: 1231298K(1398144K)->1231298K(1398144K)
[214.150s][info][gc,metaspace   ] GC(2230) Metaspace: 133318K(134976K)->133318K(134976K) NonClass: 116456K(117184K)->116456K(117184K) Class: 16862K(17792K)->16862K(17792K)
[214.150s][info][gc             ] GC(2230) Pause Young (Allocation Failure) 1771M->1231M(1979M) 5.378ms
[214.150s][info][gc,cpu         ] GC(2230) User=0.02s Sys=0.00s Real=0.02s
[214.237s][info][gc,start       ] GC(2231) Pause Young (Allocation Failure)
[214.242s][info][gc,heap        ] GC(2231) DefNew: 589326K(629120K)->27756K(629120K) Eden: 559232K(559232K)->0K(559232K) From: 30094K(69888K)->27756K(69888K)
[214.242s][info][gc,heap        ] GC(2231) Tenured: 1231298K(1398144K)->1231298K(1398144K)
[214.242s][info][gc,metaspace   ] GC(2231) Metaspace: 133318K(134976K)->133318K(134976K) NonClass: 116456K(117184K)->116456K(117184K) Class: 16862K(17792K)->16862K(17792K)
[214.242s][info][gc             ] GC(2231) Pause Young (Allocation Failure) 1777M->1229M(1979M) 4.501ms
[214.242s][info][gc,cpu         ] GC(2231) User=0.00s Sys=0.00s Real=0.00s
[214.328s][info][gc,start       ] GC(2232) Pause Young (Allocation Failure)
[214.332s][info][gc,heap        ] GC(2232) DefNew: 586988K(629120K)->20523K(629120K) Eden: 559232K(559232K)->0K(559232K) From: 27756K(69888K)->20523K(69888K)
[214.333s][info][gc,heap        ] GC(2232) Tenured: 1231298K(1398144K)->1235395K(1398144K)
[214.333s][info][gc,metaspace   ] GC(2232) Metaspace: 133318K(134976K)->133318K(134976K) NonClass: 116456K(117184K)->116456K(117184K) Class: 16862K(17792K)->16862K(17792K)
[214.333s][info][gc             ] GC(2232) Pause Young (Allocation Failure) 1775M->1226M(1979M) 4.291ms
[214.333s][info][gc,cpu         ] GC(2232) User=0.00s Sys=0.00s Real=0.00s
[214.420s][info][gc,start       ] GC(2233) Pause Young (Allocation Failure)
[214.423s][info][gc,heap        ] GC(2233) DefNew: 579755K(629120K)->11423K(629120K) Eden: 559232K(559232K)->0K(559232K) From: 20523K(69888K)->11423K(69888K)
[214.423s][info][gc,heap        ] GC(2233) Tenured: 1235395K(1398144K)->1243631K(1398144K)
[214.423s][info][gc,metaspace   ] GC(2233) Metaspace: 133318K(134976K)->133318K(134976K) NonClass: 116456K(117184K)->116456K(117184K) Class: 16862K(17792K)->16862K(17792K)
[214.423s][info][gc             ] GC(2233) Pause Young (Allocation Failure) 1772M->1225M(1979M) 3.708ms
[214.423s][info][gc,cpu         ] GC(2233) User=0.00s Sys=0.00s Real=0.00s
[214.509s][info][gc,start       ] GC(2234) Pause Young (Allocation Failure)
[214.512s][info][gc,heap        ] GC(2234) DefNew: 570655K(629120K)->9858K(629120K) Eden: 559232K(559232K)->0K(559232K) From: 11423K(69888K)->9858K(69888K)
[214.512s][info][gc,heap        ] GC(2234) Tenured: 1243631K(1398144K)->1243631K(1398144K)
[214.512s][info][gc,metaspace   ] GC(2234) Metaspace: 133318K(134976K)->133318K(134976K) NonClass: 116456K(117184K)->116456K(117184K) Class: 16862K(17792K)->16862K(17792K)
[214.512s][info][gc             ] GC(2234) Pause Young (Allocation Failure) 1771M->1224M(1979M) 3.115ms
[214.512s][info][gc,cpu         ] GC(2234) User=0.00s Sys=0.00s Real=0.00s
[214.599s][info][gc,start       ] GC(2235) Pause Young (Allocation Failure)
[214.603s][info][gc,heap        ] GC(2235) DefNew: 569090K(629120K)->14612K(629120K) Eden: 559232K(559232K)->0K(559232K) From: 9858K(69888K)->14612K(69888K)
[214.603s][info][gc,heap        ] GC(2235) Tenured: 1243631K(1398144K)->1243631K(1398144K)
[214.603s][info][gc,metaspace   ] GC(2235) Metaspace: 133318K(134976K)->133318K(134976K) NonClass: 116456K(117184K)->116456K(117184K) Class: 16862K(17792K)->16862K(17792K)
[214.603s][info][gc             ] GC(2235) Pause Young (Allocation Failure) 1770M->1228M(1979M) 3.458ms
[214.603s][info][gc,cpu         ] GC(2235) User=0.00s Sys=0.00s Real=0.00s
[214.734s][info][gc,start       ] GC(2236) Pause Young (Allocation Failure)
[214.738s][info][gc,heap        ] GC(2236) DefNew: 573844K(629120K)->14182K(629120K) Eden: 559232K(559232K)->0K(559232K) From: 14612K(69888K)->14182K(69888K)
[214.738s][info][gc,heap        ] GC(2236) Tenured: 1243631K(1398144K)->1243631K(1398144K)
[214.738s][info][gc,metaspace   ] GC(2236) Metaspace: 133318K(134976K)->133318K(134976K) NonClass: 116456K(117184K)->116456K(117184K) Class: 16862K(17792K)->16862K(17792K)
[214.738s][info][gc             ] GC(2236) Pause Young (Allocation Failure) 1774M->1228M(1979M) 3.618ms
[214.738s][info][gc,cpu         ] GC(2236) User=0.00s Sys=0.00s Real=0.00s
[214.886s][info][gc,start       ] GC(2237) Pause Full (System.gc())
[214.886s][info][gc,phases,start] GC(2237) Phase 1: Mark live objects
[214.947s][info][gc,phases      ] GC(2237) Phase 1: Mark live objects 60.178ms
[214.947s][info][gc,phases,start] GC(2237) Phase 2: Compute new object addresses
[214.990s][info][gc,phases      ] GC(2237) Phase 2: Compute new object addresses 42.933ms
[214.990s][info][gc,phases,start] GC(2237) Phase 3: Adjust pointers
[215.023s][info][gc,phases      ] GC(2237) Phase 3: Adjust pointers 33.098ms
[215.023s][info][gc,phases,start] GC(2237) Phase 4: Move objects
[215.023s][info][gc,phases      ] GC(2237) Phase 4: Move objects 0.095ms
[215.023s][info][gc,heap        ] GC(2237) DefNew: 253314K(629120K)->0K(629120K) Eden: 239132K(559232K)->0K(559232K) From: 14182K(69888K)->0K(69888K)
[215.023s][info][gc,heap        ] GC(2237) Tenured: 1243631K(1398144K)->1037442K(1398144K)
[215.023s][info][gc,metaspace   ] GC(2237) Metaspace: 133344K(135104K)->133344K(135104K) NonClass: 116481K(117312K)->116481K(117312K) Class: 16862K(17792K)->16862K(17792K)
[215.023s][info][gc             ] GC(2237) Pause Full (System.gc()) 1461M->1013M(1979M) 137.152ms
[215.024s][info][gc,cpu         ] GC(2237) User=0.14s Sys=0.00s Real=0.14s
[215.150s][info][gc,start       ] GC(2238) Pause Young (Allocation Failure)
[215.155s][info][gc,heap        ] GC(2238) DefNew: 559232K(629120K)->4926K(629120K) Eden: 559232K(559232K)->0K(559232K) From: 0K(69888K)->4926K(69888K)
[215.155s][info][gc,heap        ] GC(2238) Tenured: 1037442K(1398144K)->1037442K(1398144K)
[215.155s][info][gc,metaspace   ] GC(2238) Metaspace: 133458K(135168K)->133458K(135168K) NonClass: 116595K(117376K)->116595K(117376K) Class: 16863K(17792K)->16863K(17792K)
[215.155s][info][gc             ] GC(2238) Pause Young (Allocation Failure) 1559M->1017M(1979M) 4.787ms
[215.155s][info][gc,cpu         ] GC(2238) User=0.02s Sys=0.00s Real=0.00s
[215.212s][info][gc,start       ] GC(2239) Pause Young (Allocation Failure)
[215.216s][info][gc,heap        ] GC(2239) DefNew: 564158K(629120K)->6081K(629120K) Eden: 559232K(559232K)->0K(559232K) From: 4926K(69888K)->6081K(69888K)
[215.216s][info][gc,heap        ] GC(2239) Tenured: 1037442K(1398144K)->1037442K(1398144K)
[215.216s][info][gc,metaspace   ] GC(2239) Metaspace: 133458K(135168K)->133458K(135168K) NonClass: 116595K(117376K)->116595K(117376K) Class: 16863K(17792K)->16863K(17792K)
[215.216s][info][gc             ] GC(2239) Pause Young (Allocation Failure) 1564M->1019M(1979M) 3.871ms
[215.216s][info][gc,cpu         ] GC(2239) User=0.00s Sys=0.00s Real=0.00s
[215.270s][info][gc,start       ] GC(2240) Pause Young (Allocation Failure)
[215.274s][info][gc,heap        ] GC(2240) DefNew: 565313K(629120K)->9022K(629120K) Eden: 559232K(559232K)->0K(559232K) From: 6081K(69888K)->9022K(69888K)
[215.274s][info][gc,heap        ] GC(2240) Tenured: 1037442K(1398144K)->1037442K(1398144K)
[215.274s][info][gc,metaspace   ] GC(2240) Metaspace: 133458K(135168K)->133458K(135168K) NonClass: 116595K(117376K)->116595K(117376K) Class: 16863K(17792K)->16863K(17792K)
[215.274s][info][gc             ] GC(2240) Pause Young (Allocation Failure) 1565M->1021M(1979M) 4.167ms
[215.274s][info][gc,cpu         ] GC(2240) User=0.00s Sys=0.00s Real=0.00s
[215.329s][info][gc,start       ] GC(2241) Pause Young (Allocation Failure)
[215.334s][info][gc,heap        ] GC(2241) DefNew: 568254K(629120K)->10377K(629120K) Eden: 559232K(559232K)->0K(559232K) From: 9022K(69888K)->10377K(69888K)
[215.334s][info][gc,heap        ] GC(2241) Tenured: 1037442K(1398144K)->1037442K(1398144K)
[215.334s][info][gc,metaspace   ] GC(2241) Metaspace: 133458K(135168K)->133458K(135168K) NonClass: 116595K(117376K)->116595K(117376K) Class: 16863K(17792K)->16863K(17792K)
[215.334s][info][gc             ] GC(2241) Pause Young (Allocation Failure) 1568M->1023M(1979M) 4.387ms
[215.334s][info][gc,cpu         ] GC(2241) User=0.00s Sys=0.00s Real=0.02s
[215.390s][info][gc,start       ] GC(2242) Pause Young (Allocation Failure)
[215.396s][info][gc,heap        ] GC(2242) DefNew: 569609K(629120K)->20421K(629120K) Eden: 559232K(559232K)->0K(559232K) From: 10377K(69888K)->20421K(69888K)
[215.396s][info][gc,heap        ] GC(2242) Tenured: 1037442K(1398144K)->1037442K(1398144K)
[215.396s][info][gc,metaspace   ] GC(2242) Metaspace: 133460K(135168K)->133460K(135168K) NonClass: 116596K(117376K)->116596K(117376K) Class: 16863K(17792K)->16863K(17792K)
[215.396s][info][gc             ] GC(2242) Pause Young (Allocation Failure) 1569M->1033M(1979M) 5.751ms
[215.396s][info][gc,cpu         ] GC(2242) User=0.00s Sys=0.00s Real=0.02s
[215.452s][info][gc,start       ] GC(2243) Pause Young (Allocation Failure)
[215.458s][info][gc,heap        ] GC(2243) DefNew: 579653K(629120K)->25316K(629120K) Eden: 559232K(559232K)->0K(559232K) From: 20421K(69888K)->25316K(69888K)
[215.458s][info][gc,heap        ] GC(2243) Tenured: 1037442K(1398144K)->1037442K(1398144K)
[215.458s][info][gc,metaspace   ] GC(2243) Metaspace: 133460K(135168K)->133460K(135168K) NonClass: 116596K(117376K)->116596K(117376K) Class: 16863K(17792K)->16863K(17792K)
[215.458s][info][gc             ] GC(2243) Pause Young (Allocation Failure) 1579M->1037M(1979M) 6.026ms
[215.458s][info][gc,cpu         ] GC(2243) User=0.00s Sys=0.00s Real=0.02s
[215.514s][info][gc,start       ] GC(2244) Pause Young (Allocation Failure)
[215.519s][info][gc,heap        ] GC(2244) DefNew: 584548K(629120K)->26281K(629120K) Eden: 559232K(559232K)->0K(559232K) From: 25316K(69888K)->26281K(69888K)
[215.519s][info][gc,heap        ] GC(2244) Tenured: 1037442K(1398144K)->1037442K(1398144K)
[215.519s][info][gc,metaspace   ] GC(2244) Metaspace: 133460K(135168K)->133460K(135168K) NonClass: 116596K(117376K)->116596K(117376K) Class: 16863K(17792K)->16863K(17792K)
[215.519s][info][gc             ] GC(2244) Pause Young (Allocation Failure) 1583M->1038M(1979M) 5.860ms
[215.520s][info][gc,cpu         ] GC(2244) User=0.00s Sys=0.00s Real=0.01s
[215.576s][info][gc,start       ] GC(2245) Pause Young (Allocation Failure)
[215.582s][info][gc,heap        ] GC(2245) DefNew: 585513K(629120K)->30390K(629120K) Eden: 559232K(559232K)->0K(559232K) From: 26281K(69888K)->30390K(69888K)
[215.582s][info][gc,heap        ] GC(2245) Tenured: 1037442K(1398144K)->1037442K(1398144K)
[215.582s][info][gc,metaspace   ] GC(2245) Metaspace: 133460K(135168K)->133460K(135168K) NonClass: 116596K(117376K)->116596K(117376K) Class: 16863K(17792K)->16863K(17792K)
[215.582s][info][gc             ] GC(2245) Pause Young (Allocation Failure) 1584M->1042M(1979M) 6.295ms
[215.582s][info][gc,cpu         ] GC(2245) User=0.00s Sys=0.00s Real=0.02s
[215.637s][info][gc,start       ] GC(2246) Pause Young (Allocation Failure)
[215.644s][info][gc,heap        ] GC(2246) DefNew: 589622K(629120K)->34475K(629120K) Eden: 559232K(559232K)->0K(559232K) From: 30390K(69888K)->34475K(69888K)
[215.644s][info][gc,heap        ] GC(2246) Tenured: 1037442K(1398144K)->1037442K(1398144K)
[215.644s][info][gc,metaspace   ] GC(2246) Metaspace: 133460K(135168K)->133460K(135168K) NonClass: 116596K(117376K)->116596K(117376K) Class: 16863K(17792K)->16863K(17792K)
[215.644s][info][gc             ] GC(2246) Pause Young (Allocation Failure) 1588M->1046M(1979M) 6.624ms
[215.644s][info][gc,cpu         ] GC(2246) User=0.00s Sys=0.00s Real=0.01s
[215.700s][info][gc,start       ] GC(2247) Pause Young (Allocation Failure)
[215.707s][info][gc,heap        ] GC(2247) DefNew: 593707K(629120K)->40146K(629120K) Eden: 559232K(559232K)->0K(559232K) From: 34475K(69888K)->40146K(69888K)
[215.707s][info][gc,heap        ] GC(2247) Tenured: 1037442K(1398144K)->1037442K(1398144K)
[215.707s][info][gc,metaspace   ] GC(2247) Metaspace: 133460K(135168K)->133460K(135168K) NonClass: 116596K(117376K)->116596K(117376K) Class: 16863K(17792K)->16863K(17792K)
[215.707s][info][gc             ] GC(2247) Pause Young (Allocation Failure) 1592M->1052M(1979M) 7.345ms
[215.708s][info][gc,cpu         ] GC(2247) User=0.02s Sys=0.00s Real=0.02s
[215.763s][info][gc,start       ] GC(2248) Pause Young (Allocation Failure)
[215.771s][info][gc,heap        ] GC(2248) DefNew: 599378K(629120K)->41023K(629120K) Eden: 559232K(559232K)->0K(559232K) From: 40146K(69888K)->41023K(69888K)
[215.771s][info][gc,heap        ] GC(2248) Tenured: 1037442K(1398144K)->1043118K(1398144K)
[215.771s][info][gc,metaspace   ] GC(2248) Metaspace: 133460K(135168K)->133460K(135168K) NonClass: 116596K(117376K)->116596K(117376K) Class: 16863K(17792K)->16863K(17792K)
[215.771s][info][gc             ] GC(2248) Pause Young (Allocation Failure) 1598M->1058M(1979M) 8.175ms
[215.771s][info][gc,cpu         ] GC(2248) User=0.02s Sys=0.00s Real=0.02s
[215.827s][info][gc,start       ] GC(2249) Pause Young (Allocation Failure)
[215.833s][info][gc,heap        ] GC(2249) DefNew: 600255K(629120K)->34161K(629120K) Eden: 559232K(559232K)->0K(559232K) From: 41023K(69888K)->34161K(69888K)
[215.833s][info][gc,heap        ] GC(2249) Tenured: 1043118K(1398144K)->1051619K(1398144K)
[215.833s][info][gc,metaspace   ] GC(2249) Metaspace: 133460K(135168K)->133460K(135168K) NonClass: 116596K(117376K)->116596K(117376K) Class: 16863K(17792K)->16863K(17792K)
[215.833s][info][gc             ] GC(2249) Pause Young (Allocation Failure) 1604M->1060M(1979M) 6.370ms
[215.833s][info][gc,cpu         ] GC(2249) User=0.00s Sys=0.00s Real=0.02s
[215.890s][info][gc,start       ] GC(2250) Pause Young (Allocation Failure)
[215.895s][info][gc,heap        ] GC(2250) DefNew: 593393K(629120K)->40109K(629120K) Eden: 559232K(559232K)->0K(559232K) From: 34161K(69888K)->40109K(69888K)
[215.895s][info][gc,heap        ] GC(2250) Tenured: 1051619K(1398144K)->1051619K(1398144K)
[215.895s][info][gc,metaspace   ] GC(2250) Metaspace: 133460K(135168K)->133460K(135168K) NonClass: 116596K(117376K)->116596K(117376K) Class: 16863K(17792K)->16863K(17792K)
[215.895s][info][gc             ] GC(2250) Pause Young (Allocation Failure) 1606M->1066M(1979M) 5.648ms
[215.895s][info][gc,cpu         ] GC(2250) User=0.00s Sys=0.00s Real=0.02s
[215.949s][info][gc,start       ] GC(2251) Pause Young (Allocation Failure)
[215.955s][info][gc,heap        ] GC(2251) DefNew: 599341K(629120K)->34170K(629120K) Eden: 559232K(559232K)->0K(559232K) From: 40109K(69888K)->34170K(69888K)
[215.955s][info][gc,heap        ] GC(2251) Tenured: 1051619K(1398144K)->1059815K(1398144K)
[215.955s][info][gc,metaspace   ] GC(2251) Metaspace: 133460K(135168K)->133460K(135168K) NonClass: 116596K(117376K)->116596K(117376K) Class: 16863K(17792K)->16863K(17792K)
[215.955s][info][gc             ] GC(2251) Pause Young (Allocation Failure) 1612M->1068M(1979M) 5.878ms
[215.955s][info][gc,cpu         ] GC(2251) User=0.00s Sys=0.00s Real=0.00s
[216.012s][info][gc,start       ] GC(2252) Pause Young (Allocation Failure)
[216.017s][info][gc,heap        ] GC(2252) DefNew: 593402K(629120K)->36477K(629120K) Eden: 559232K(559232K)->0K(559232K) From: 34170K(69888K)->36477K(69888K)
[216.017s][info][gc,heap        ] GC(2252) Tenured: 1059815K(1398144K)->1059815K(1398144K)
[216.017s][info][gc,metaspace   ] GC(2252) Metaspace: 133460K(135168K)->133460K(135168K) NonClass: 116596K(117376K)->116596K(117376K) Class: 16863K(17792K)->16863K(17792K)
[216.017s][info][gc             ] GC(2252) Pause Young (Allocation Failure) 1614M->1070M(1979M) 5.300ms
[216.017s][info][gc,cpu         ] GC(2252) User=0.00s Sys=0.00s Real=0.00s
[216.072s][info][gc,start       ] GC(2253) Pause Young (Allocation Failure)
[216.078s][info][gc,heap        ] GC(2253) DefNew: 595709K(629120K)->36037K(629120K) Eden: 559232K(559232K)->0K(559232K) From: 36477K(69888K)->36037K(69888K)
[216.078s][info][gc,heap        ] GC(2253) Tenured: 1059815K(1398144K)->1063912K(1398144K)
[216.078s][info][gc,metaspace   ] GC(2253) Metaspace: 133460K(135168K)->133460K(135168K) NonClass: 116596K(117376K)->116596K(117376K) Class: 16863K(17792K)->16863K(17792K)
[216.078s][info][gc             ] GC(2253) Pause Young (Allocation Failure) 1616M->1074M(1979M) 5.781ms
[216.078s][info][gc,cpu         ] GC(2253) User=0.00s Sys=0.00s Real=0.00s
[216.137s][info][gc,start       ] GC(2254) Pause Young (Allocation Failure)
[216.144s][info][gc,heap        ] GC(2254) DefNew: 595269K(629120K)->39062K(629120K) Eden: 559232K(559232K)->0K(559232K) From: 36037K(69888K)->39062K(69888K)
[216.144s][info][gc,heap        ] GC(2254) Tenured: 1063912K(1398144K)->1068009K(1398144K)
[216.144s][info][gc,metaspace   ] GC(2254) Metaspace: 133460K(135168K)->133460K(135168K) NonClass: 116596K(117376K)->116596K(117376K) Class: 16863K(17792K)->16863K(17792K)
[216.145s][info][gc             ] GC(2254) Pause Young (Allocation Failure) 1620M->1081M(1979M) 7.090ms
[216.145s][info][gc,cpu         ] GC(2254) User=0.00s Sys=0.00s Real=0.02s
[216.230s][info][gc,start       ] GC(2255) Pause Young (Allocation Failure)
[216.237s][info][gc,heap        ] GC(2255) DefNew: 598294K(629120K)->41430K(629120K) Eden: 559232K(559232K)->0K(559232K) From: 39062K(69888K)->41430K(69888K)
[216.237s][info][gc,heap        ] GC(2255) Tenured: 1068009K(1398144K)->1076204K(1398144K)
[216.237s][info][gc,metaspace   ] GC(2255) Metaspace: 133460K(135168K)->133460K(135168K) NonClass: 116596K(117376K)->116596K(117376K) Class: 16863K(17792K)->16863K(17792K)
[216.237s][info][gc             ] GC(2255) Pause Young (Allocation Failure) 1627M->1091M(1979M) 7.332ms
[216.237s][info][gc,cpu         ] GC(2255) User=0.00s Sys=0.00s Real=0.02s
[216.326s][info][gc,start       ] GC(2256) Pause Young (Allocation Failure)
[216.333s][info][gc,heap        ] GC(2256) DefNew: 600662K(629120K)->49455K(629120K) Eden: 559232K(559232K)->0K(559232K) From: 41430K(69888K)->49455K(69888K)
[216.333s][info][gc,heap        ] GC(2256) Tenured: 1076204K(1398144K)->1084399K(1398144K)
[216.333s][info][gc,metaspace   ] GC(2256) Metaspace: 133460K(135168K)->133460K(135168K) NonClass: 116596K(117376K)->116596K(117376K) Class: 16863K(17792K)->16863K(17792K)
[216.333s][info][gc             ] GC(2256) Pause Young (Allocation Failure) 1637M->1107M(1979M) 7.898ms
[216.334s][info][gc,cpu         ] GC(2256) User=0.00s Sys=0.00s Real=0.02s
[216.422s][info][gc,start       ] GC(2257) Pause Young (Allocation Failure)
[216.430s][info][gc,heap        ] GC(2257) DefNew: 607765K(629120K)->45908K(629120K) Eden: 558309K(559232K)->0K(559232K) From: 49455K(69888K)->45908K(69888K)
[216.430s][info][gc,heap        ] GC(2257) Tenured: 1084399K(1398144K)->1101124K(1398144K)
[216.430s][info][gc,metaspace   ] GC(2257) Metaspace: 133460K(135168K)->133460K(135168K) NonClass: 116596K(117376K)->116596K(117376K) Class: 16863K(17792K)->16863K(17792K)
[216.430s][info][gc             ] GC(2257) Pause Young (Allocation Failure) 1652M->1120M(1979M) 7.847ms
[216.430s][info][gc,cpu         ] GC(2257) User=0.00s Sys=0.00s Real=0.00s
[216.519s][info][gc,start       ] GC(2258) Pause Young (Allocation Failure)
[216.527s][info][gc,heap        ] GC(2258) DefNew: 605140K(629120K)->48291K(629120K) Eden: 559232K(559232K)->0K(559232K) From: 45908K(69888K)->48291K(69888K)
[216.527s][info][gc,heap        ] GC(2258) Tenured: 1101124K(1398144K)->1113556K(1398144K)
[216.527s][info][gc,metaspace   ] GC(2258) Metaspace: 133460K(135168K)->133460K(135168K) NonClass: 116596K(117376K)->116596K(117376K) Class: 16863K(17792K)->16863K(17792K)
[216.527s][info][gc             ] GC(2258) Pause Young (Allocation Failure) 1666M->1134M(1979M) 7.607ms
[216.527s][info][gc,cpu         ] GC(2258) User=0.00s Sys=0.00s Real=0.00s
[216.615s][info][gc,start       ] GC(2259) Pause Young (Allocation Failure)
[216.623s][info][gc,heap        ] GC(2259) DefNew: 607523K(629120K)->33552K(629120K) Eden: 559232K(559232K)->0K(559232K) From: 48291K(69888K)->33552K(69888K)
[216.623s][info][gc,heap        ] GC(2259) Tenured: 1113556K(1398144K)->1138159K(1398144K)
[216.623s][info][gc,metaspace   ] GC(2259) Metaspace: 133460K(135168K)->133460K(135168K) NonClass: 116596K(117376K)->116596K(117376K) Class: 16863K(17792K)->16863K(17792K)
[216.623s][info][gc             ] GC(2259) Pause Young (Allocation Failure) 1680M->1144M(1979M) 7.451ms
[216.623s][info][gc,cpu         ] GC(2259) User=0.00s Sys=0.00s Real=0.00s
[216.712s][info][gc,start       ] GC(2260) Pause Young (Allocation Failure)
[216.718s][info][gc,heap        ] GC(2260) DefNew: 592784K(629120K)->48953K(629120K) Eden: 559232K(559232K)->0K(559232K) From: 33552K(69888K)->48953K(69888K)
[216.718s][info][gc,heap        ] GC(2260) Tenured: 1138159K(1398144K)->1138159K(1398144K)
[216.718s][info][gc,metaspace   ] GC(2260) Metaspace: 133460K(135168K)->133460K(135168K) NonClass: 116596K(117376K)->116596K(117376K) Class: 16863K(17792K)->16863K(17792K)
[216.718s][info][gc             ] GC(2260) Pause Young (Allocation Failure) 1690M->1159M(1979M) 6.437ms
[216.718s][info][gc,cpu         ] GC(2260) User=0.00s Sys=0.00s Real=0.01s
[216.810s][info][gc,start       ] GC(2261) Pause Young (Allocation Failure)
[216.817s][info][gc,heap        ] GC(2261) DefNew: 608185K(629120K)->40148K(629120K) Eden: 559232K(559232K)->0K(559232K) From: 48953K(69888K)->40148K(69888K)
[216.817s][info][gc,heap        ] GC(2261) Tenured: 1138159K(1398144K)->1154529K(1398144K)
[216.817s][info][gc,metaspace   ] GC(2261) Metaspace: 133460K(135168K)->133460K(135168K) NonClass: 116596K(117376K)->116596K(117376K) Class: 16863K(17792K)->16863K(17792K)
[216.817s][info][gc             ] GC(2261) Pause Young (Allocation Failure) 1705M->1166M(1979M) 7.894ms
[216.818s][info][gc,cpu         ] GC(2261) User=0.00s Sys=0.00s Real=0.02s
[216.901s][info][gc,start       ] GC(2262) Pause Young (Allocation Failure)
[216.907s][info][gc,heap        ] GC(2262) DefNew: 599380K(629120K)->33310K(629120K) Eden: 559232K(559232K)->0K(559232K) From: 40148K(69888K)->33310K(69888K)
[216.907s][info][gc,heap        ] GC(2262) Tenured: 1154529K(1398144K)->1166820K(1398144K)
[216.907s][info][gc,metaspace   ] GC(2262) Metaspace: 133460K(135168K)->133460K(135168K) NonClass: 116596K(117376K)->116596K(117376K) Class: 16863K(17792K)->16863K(17792K)
[216.908s][info][gc             ] GC(2262) Pause Young (Allocation Failure) 1712M->1172M(1979M) 6.283ms
[216.908s][info][gc,cpu         ] GC(2262) User=0.00s Sys=0.00s Real=0.00s
[216.995s][info][gc,start       ] GC(2263) Pause Young (Allocation Failure)
[217.001s][info][gc,heap        ] GC(2263) DefNew: 592542K(629120K)->44723K(629120K) Eden: 559232K(559232K)->0K(559232K) From: 33310K(69888K)->44723K(69888K)
[217.001s][info][gc,heap        ] GC(2263) Tenured: 1166820K(1398144K)->1166820K(1398144K)
[217.001s][info][gc,metaspace   ] GC(2263) Metaspace: 133460K(135168K)->133460K(135168K) NonClass: 116596K(117376K)->116596K(117376K) Class: 16863K(17792K)->16863K(17792K)
[217.001s][info][gc             ] GC(2263) Pause Young (Allocation Failure) 1718M->1183M(1979M) 5.918ms
[217.001s][info][gc,cpu         ] GC(2263) User=0.00s Sys=0.00s Real=0.00s
[217.089s][info][gc,start       ] GC(2264) Pause Young (Allocation Failure)
[217.096s][info][gc,heap        ] GC(2264) DefNew: 603955K(629120K)->41796K(629120K) Eden: 559232K(559232K)->0K(559232K) From: 44723K(69888K)->41796K(69888K)
[217.096s][info][gc,heap        ] GC(2264) Tenured: 1166820K(1398144K)->1179113K(1398144K)
[217.096s][info][gc,metaspace   ] GC(2264) Metaspace: 133460K(135168K)->133460K(135168K) NonClass: 116596K(117376K)->116596K(117376K) Class: 16863K(17792K)->16863K(17792K)
[217.096s][info][gc             ] GC(2264) Pause Young (Allocation Failure) 1729M->1192M(1979M) 6.984ms
[217.096s][info][gc,cpu         ] GC(2264) User=0.00s Sys=0.00s Real=0.00s
[217.184s][info][gc,start       ] GC(2265) Pause Young (Allocation Failure)
[217.191s][info][gc,heap        ] GC(2265) DefNew: 600881K(629120K)->41319K(629120K) Eden: 559084K(559232K)->0K(559232K) From: 41796K(69888K)->41319K(69888K)
[217.191s][info][gc,heap        ] GC(2265) Tenured: 1179113K(1398144K)->1191452K(1398144K)
[217.191s][info][gc,metaspace   ] GC(2265) Metaspace: 133460K(135168K)->133460K(135168K) NonClass: 116596K(117376K)->116596K(117376K) Class: 16863K(17792K)->16863K(17792K)
[217.191s][info][gc             ] GC(2265) Pause Young (Allocation Failure) 1738M->1203M(1979M) 7.014ms
[217.191s][info][gc,cpu         ] GC(2265) User=0.00s Sys=0.00s Real=0.00s
[217.279s][info][gc,start       ] GC(2266) Pause Young (Allocation Failure)
[217.285s][info][gc,heap        ] GC(2266) DefNew: 600551K(629120K)->33555K(629120K) Eden: 559232K(559232K)->0K(559232K) From: 41319K(69888K)->33555K(69888K)
[217.285s][info][gc,heap        ] GC(2266) Tenured: 1191452K(1398144K)->1199648K(1398144K)
[217.285s][info][gc,metaspace   ] GC(2266) Metaspace: 133460K(135168K)->133460K(135168K) NonClass: 116596K(117376K)->116596K(117376K) Class: 16863K(17792K)->16863K(17792K)
[217.285s][info][gc             ] GC(2266) Pause Young (Allocation Failure) 1750M->1204M(1979M) 5.774ms
[217.285s][info][gc,cpu         ] GC(2266) User=0.00s Sys=0.00s Real=0.00s
[217.373s][info][gc,start       ] GC(2267) Pause Young (Allocation Failure)
[217.379s][info][gc,heap        ] GC(2267) DefNew: 592787K(629120K)->40979K(629120K) Eden: 559232K(559232K)->0K(559232K) From: 33555K(69888K)->40979K(69888K)
[217.379s][info][gc,heap        ] GC(2267) Tenured: 1199648K(1398144K)->1199648K(1398144K)
[217.379s][info][gc,metaspace   ] GC(2267) Metaspace: 133460K(135168K)->133460K(135168K) NonClass: 116596K(117376K)->116596K(117376K) Class: 16863K(17792K)->16863K(17792K)
[217.379s][info][gc             ] GC(2267) Pause Young (Allocation Failure) 1750M->1211M(1979M) 6.080ms
[217.379s][info][gc,cpu         ] GC(2267) User=0.00s Sys=0.00s Real=0.00s
[217.466s][info][gc,start       ] GC(2268) Pause Young (Allocation Failure)
[217.472s][info][gc,heap        ] GC(2268) DefNew: 600211K(629120K)->32178K(629120K) Eden: 559232K(559232K)->0K(559232K) From: 40979K(69888K)->32178K(69888K)
[217.472s][info][gc,heap        ] GC(2268) Tenured: 1199648K(1398144K)->1211939K(1398144K)
[217.472s][info][gc,metaspace   ] GC(2268) Metaspace: 133460K(135168K)->133460K(135168K) NonClass: 116596K(117376K)->116596K(117376K) Class: 16863K(17792K)->16863K(17792K)
[217.472s][info][gc             ] GC(2268) Pause Young (Allocation Failure) 1757M->1214M(1979M) 6.470ms
[217.472s][info][gc,cpu         ] GC(2268) User=0.00s Sys=0.00s Real=0.00s
[217.562s][info][gc,start       ] GC(2269) Pause Young (Allocation Failure)
[217.569s][info][gc,heap        ] GC(2269) DefNew: 591410K(629120K)->40150K(629120K) Eden: 559232K(559232K)->0K(559232K) From: 32178K(69888K)->40150K(69888K)
[217.569s][info][gc,heap        ] GC(2269) Tenured: 1211939K(1398144K)->1211939K(1398144K)
[217.569s][info][gc,metaspace   ] GC(2269) Metaspace: 133460K(135168K)->133460K(135168K) NonClass: 116596K(117376K)->116596K(117376K) Class: 16863K(17792K)->16863K(17792K)
[217.569s][info][gc             ] GC(2269) Pause Young (Allocation Failure) 1761M->1222M(1979M) 6.846ms
[217.569s][info][gc,cpu         ] GC(2269) User=0.00s Sys=0.00s Real=0.00s
[217.652s][info][gc,start       ] GC(2270) Pause Young (Allocation Failure)
[217.658s][info][gc,heap        ] GC(2270) DefNew: 599382K(629120K)->30970K(629120K) Eden: 559232K(559232K)->0K(559232K) From: 40150K(69888K)->30970K(69888K)
[217.658s][info][gc,heap        ] GC(2270) Tenured: 1211939K(1398144K)->1224230K(1398144K)
[217.658s][info][gc,metaspace   ] GC(2270) Metaspace: 133460K(135168K)->133460K(135168K) NonClass: 116596K(117376K)->116596K(117376K) Class: 16863K(17792K)->16863K(17792K)
[217.658s][info][gc             ] GC(2270) Pause Young (Allocation Failure) 1768M->1225M(1979M) 5.999ms
[217.658s][info][gc,cpu         ] GC(2270) User=0.00s Sys=0.00s Real=0.00s
[217.741s][info][gc,start       ] GC(2271) Pause Young (Allocation Failure)
[217.745s][info][gc,heap        ] GC(2271) DefNew: 590202K(629120K)->25126K(629120K) Eden: 559232K(559232K)->0K(559232K) From: 30970K(69888K)->25126K(69888K)
[217.745s][info][gc,heap        ] GC(2271) Tenured: 1224230K(1398144K)->1224230K(1398144K)
[217.745s][info][gc,metaspace   ] GC(2271) Metaspace: 133460K(135168K)->133460K(135168K) NonClass: 116596K(117376K)->116596K(117376K) Class: 16863K(17792K)->16863K(17792K)
[217.745s][info][gc             ] GC(2271) Pause Young (Allocation Failure) 1771M->1220M(1979M) 4.510ms
[217.745s][info][gc,cpu         ] GC(2271) User=0.00s Sys=0.00s Real=0.02s
[217.828s][info][gc,start       ] GC(2272) Pause Young (Allocation Failure)
[217.832s][info][gc,heap        ] GC(2272) DefNew: 584358K(629120K)->27843K(629120K) Eden: 559232K(559232K)->0K(559232K) From: 25126K(69888K)->27843K(69888K)
[217.832s][info][gc,heap        ] GC(2272) Tenured: 1224230K(1398144K)->1224230K(1398144K)
[217.832s][info][gc,metaspace   ] GC(2272) Metaspace: 133460K(135168K)->133460K(135168K) NonClass: 116596K(117376K)->116596K(117376K) Class: 16863K(17792K)->16863K(17792K)
[217.832s][info][gc             ] GC(2272) Pause Young (Allocation Failure) 1766M->1222M(1979M) 4.603ms
[217.832s][info][gc,cpu         ] GC(2272) User=0.00s Sys=0.00s Real=0.00s
[217.920s][info][gc,start       ] GC(2273) Pause Young (Allocation Failure)
[217.925s][info][gc,heap        ] GC(2273) DefNew: 587075K(629120K)->35937K(629120K) Eden: 559232K(559232K)->0K(559232K) From: 27843K(69888K)->35937K(69888K)
[217.925s][info][gc,heap        ] GC(2273) Tenured: 1224230K(1398144K)->1224230K(1398144K)
[217.925s][info][gc,metaspace   ] GC(2273) Metaspace: 133460K(135168K)->133460K(135168K) NonClass: 116596K(117376K)->116596K(117376K) Class: 16863K(17792K)->16863K(17792K)
[217.925s][info][gc             ] GC(2273) Pause Young (Allocation Failure) 1768M->1230M(1979M) 5.679ms
[217.926s][info][gc,cpu         ] GC(2273) User=0.00s Sys=0.00s Real=0.00s
[218.013s][info][gc,start       ] GC(2274) Pause Young (Allocation Failure)
[218.018s][info][gc,heap        ] GC(2274) DefNew: 595169K(629120K)->24633K(629120K) Eden: 559232K(559232K)->0K(559232K) From: 35937K(69888K)->24633K(69888K)
[218.018s][info][gc,heap        ] GC(2274) Tenured: 1224230K(1398144K)->1232424K(1398144K)
[218.018s][info][gc,metaspace   ] GC(2274) Metaspace: 133460K(135168K)->133460K(135168K) NonClass: 116596K(117376K)->116596K(117376K) Class: 16863K(17792K)->16863K(17792K)
[218.019s][info][gc             ] GC(2274) Pause Young (Allocation Failure) 1776M->1227M(1979M) 5.269ms
[218.019s][info][gc,cpu         ] GC(2274) User=0.00s Sys=0.00s Real=0.01s
[218.106s][info][gc,start       ] GC(2275) Pause Young (Allocation Failure)
[218.110s][info][gc,heap        ] GC(2275) DefNew: 583865K(629120K)->23759K(629120K) Eden: 559232K(559232K)->0K(559232K) From: 24633K(69888K)->23759K(69888K)
[218.110s][info][gc,heap        ] GC(2275) Tenured: 1232424K(1398144K)->1232424K(1398144K)
[218.110s][info][gc,metaspace   ] GC(2275) Metaspace: 133460K(135168K)->133460K(135168K) NonClass: 116596K(117376K)->116596K(117376K) Class: 16863K(17792K)->16863K(17792K)
[218.110s][info][gc             ] GC(2275) Pause Young (Allocation Failure) 1773M->1226M(1979M) 4.176ms
[218.110s][info][gc,cpu         ] GC(2275) User=0.00s Sys=0.00s Real=0.00s
[218.199s][info][gc,start       ] GC(2276) Pause Young (Allocation Failure)
[218.203s][info][gc,heap        ] GC(2276) DefNew: 582991K(629120K)->22191K(629120K) Eden: 559232K(559232K)->0K(559232K) From: 23759K(69888K)->22191K(69888K)
[218.203s][info][gc,heap        ] GC(2276) Tenured: 1232424K(1398144K)->1232424K(1398144K)
[218.203s][info][gc,metaspace   ] GC(2276) Metaspace: 133460K(135168K)->133460K(135168K) NonClass: 116596K(117376K)->116596K(117376K) Class: 16863K(17792K)->16863K(17792K)
[218.203s][info][gc             ] GC(2276) Pause Young (Allocation Failure) 1772M->1225M(1979M) 3.882ms
[218.203s][info][gc,cpu         ] GC(2276) User=0.00s Sys=0.00s Real=0.00s
[218.290s][info][gc,start       ] GC(2277) Pause Young (Allocation Failure)
[218.295s][info][gc,heap        ] GC(2277) DefNew: 581423K(629120K)->28532K(629120K) Eden: 559232K(559232K)->0K(559232K) From: 22191K(69888K)->28532K(69888K)
[218.295s][info][gc,heap        ] GC(2277) Tenured: 1232424K(1398144K)->1232424K(1398144K)
[218.295s][info][gc,metaspace   ] GC(2277) Metaspace: 133460K(135168K)->133460K(135168K) NonClass: 116596K(117376K)->116596K(117376K) Class: 16863K(17792K)->16863K(17792K)
[218.295s][info][gc             ] GC(2277) Pause Young (Allocation Failure) 1771M->1231M(1979M) 4.912ms
[218.295s][info][gc,cpu         ] GC(2277) User=0.00s Sys=0.00s Real=0.02s
[218.381s][info][gc,start       ] GC(2278) Pause Young (Allocation Failure)
[218.385s][info][gc,heap        ] GC(2278) DefNew: 583306K(629120K)->24022K(629120K) Eden: 554774K(559232K)->0K(559232K) From: 28532K(69888K)->24022K(69888K)
[218.385s][info][gc,heap        ] GC(2278) Tenured: 1232424K(1398144K)->1232424K(1398144K)
[218.385s][info][gc,metaspace   ] GC(2278) Metaspace: 133460K(135168K)->133460K(135168K) NonClass: 116596K(117376K)->116596K(117376K) Class: 16863K(17792K)->16863K(17792K)
[218.385s][info][gc             ] GC(2278) Pause Young (Allocation Failure) 1773M->1226M(1979M) 4.308ms
[218.385s][info][gc,cpu         ] GC(2278) User=0.00s Sys=0.00s Real=0.00s
[218.473s][info][gc,start       ] GC(2279) Pause Young (Allocation Failure)
[218.477s][info][gc,heap        ] GC(2279) DefNew: 583254K(629120K)->23745K(629120K) Eden: 559232K(559232K)->0K(559232K) From: 24022K(69888K)->23745K(69888K)
[218.477s][info][gc,heap        ] GC(2279) Tenured: 1232424K(1398144K)->1232424K(1398144K)
[218.477s][info][gc,metaspace   ] GC(2279) Metaspace: 133460K(135168K)->133460K(135168K) NonClass: 116596K(117376K)->116596K(117376K) Class: 16863K(17792K)->16863K(17792K)
[218.477s][info][gc             ] GC(2279) Pause Young (Allocation Failure) 1773M->1226M(1979M) 4.134ms
[218.477s][info][gc,cpu         ] GC(2279) User=0.00s Sys=0.00s Real=0.00s
[218.565s][info][gc,start       ] GC(2280) Pause Young (Allocation Failure)
[218.569s][info][gc,heap        ] GC(2280) DefNew: 582977K(629120K)->30085K(629120K) Eden: 559232K(559232K)->0K(559232K) From: 23745K(69888K)->30085K(69888K)
[218.569s][info][gc,heap        ] GC(2280) Tenured: 1232424K(1398144K)->1232424K(1398144K)
[218.569s][info][gc,metaspace   ] GC(2280) Metaspace: 133460K(135168K)->133460K(135168K) NonClass: 116596K(117376K)->116596K(117376K) Class: 16863K(17792K)->16863K(17792K)
[218.569s][info][gc             ] GC(2280) Pause Young (Allocation Failure) 1772M->1232M(1979M) 4.551ms
[218.569s][info][gc,cpu         ] GC(2280) User=0.00s Sys=0.00s Real=0.00s
[218.657s][info][gc,start       ] GC(2281) Pause Young (Allocation Failure)
[218.662s][info][gc,heap        ] GC(2281) DefNew: 589317K(629120K)->28537K(629120K) Eden: 559232K(559232K)->0K(559232K) From: 30085K(69888K)->28537K(69888K)
[218.662s][info][gc,heap        ] GC(2281) Tenured: 1232424K(1398144K)->1232424K(1398144K)
[218.662s][info][gc,metaspace   ] GC(2281) Metaspace: 133460K(135168K)->133460K(135168K) NonClass: 116596K(117376K)->116596K(117376K) Class: 16863K(17792K)->16863K(17792K)
[218.662s][info][gc             ] GC(2281) Pause Young (Allocation Failure) 1779M->1231M(1979M) 5.010ms
[218.662s][info][gc,cpu         ] GC(2281) User=0.00s Sys=0.00s Real=0.00s
[218.750s][info][gc,start       ] GC(2282) Pause Young (Allocation Failure)
[218.754s][info][gc,heap        ] GC(2282) DefNew: 587769K(629120K)->24623K(629120K) Eden: 559232K(559232K)->0K(559232K) From: 28537K(69888K)->24623K(69888K)
[218.754s][info][gc,heap        ] GC(2282) Tenured: 1232424K(1398144K)->1232424K(1398144K)
[218.754s][info][gc,metaspace   ] GC(2282) Metaspace: 133460K(135168K)->133460K(135168K) NonClass: 116596K(117376K)->116596K(117376K) Class: 16863K(17792K)->16863K(17792K)
[218.754s][info][gc             ] GC(2282) Pause Young (Allocation Failure) 1777M->1227M(1979M) 4.283ms
[218.754s][info][gc,cpu         ] GC(2282) User=0.00s Sys=0.00s Real=0.00s
[218.842s][info][gc,start       ] GC(2283) Pause Young (Allocation Failure)
[218.846s][info][gc,heap        ] GC(2283) DefNew: 583855K(629120K)->19947K(629120K) Eden: 559232K(559232K)->0K(559232K) From: 24623K(69888K)->19947K(69888K)
[218.846s][info][gc,heap        ] GC(2283) Tenured: 1232424K(1398144K)->1236521K(1398144K)
[218.846s][info][gc,metaspace   ] GC(2283) Metaspace: 133460K(135168K)->133460K(135168K) NonClass: 116596K(117376K)->116596K(117376K) Class: 16863K(17792K)->16863K(17792K)
[218.846s][info][gc             ] GC(2283) Pause Young (Allocation Failure) 1773M->1227M(1979M) 4.562ms
[218.846s][info][gc,cpu         ] GC(2283) User=0.00s Sys=0.00s Real=0.00s
[218.932s][info][gc,start       ] GC(2284) Pause Young (Allocation Failure)
[218.936s][info][gc,heap        ] GC(2284) DefNew: 576639K(629120K)->11430K(629120K) Eden: 556692K(559232K)->0K(559232K) From: 19947K(69888K)->11430K(69888K)
[218.936s][info][gc,heap        ] GC(2284) Tenured: 1236521K(1398144K)->1244757K(1398144K)
[218.936s][info][gc,metaspace   ] GC(2284) Metaspace: 133460K(135168K)->133460K(135168K) NonClass: 116596K(117376K)->116596K(117376K) Class: 16863K(17792K)->16863K(17792K)
[218.936s][info][gc             ] GC(2284) Pause Young (Allocation Failure) 1770M->1226M(1979M) 3.827ms
[218.936s][info][gc,cpu         ] GC(2284) User=0.00s Sys=0.00s Real=0.02s
[219.023s][info][gc,start       ] GC(2285) Pause Young (Allocation Failure)
[219.026s][info][gc,heap        ] GC(2285) DefNew: 570662K(629120K)->16189K(629120K) Eden: 559232K(559232K)->0K(559232K) From: 11430K(69888K)->16189K(69888K)
[219.027s][info][gc,heap        ] GC(2285) Tenured: 1244757K(1398144K)->1244757K(1398144K)
[219.027s][info][gc,metaspace   ] GC(2285) Metaspace: 133460K(135168K)->133460K(135168K) NonClass: 116596K(117376K)->116596K(117376K) Class: 16863K(17792K)->16863K(17792K)
[219.027s][info][gc             ] GC(2285) Pause Young (Allocation Failure) 1772M->1231M(1979M) 3.845ms
[219.027s][info][gc,cpu         ] GC(2285) User=0.00s Sys=0.00s Real=0.00s
[219.114s][info][gc,start       ] GC(2286) Pause Young (Allocation Failure)
[219.118s][info][gc,heap        ] GC(2286) DefNew: 575421K(629120K)->18519K(629120K) Eden: 559232K(559232K)->0K(559232K) From: 16189K(69888K)->18519K(69888K)
[219.118s][info][gc,heap        ] GC(2286) Tenured: 1244757K(1398144K)->1244757K(1398144K)
[219.118s][info][gc,metaspace   ] GC(2286) Metaspace: 133460K(135168K)->133460K(135168K) NonClass: 116596K(117376K)->116596K(117376K) Class: 16863K(17792K)->16863K(17792K)
[219.118s][info][gc             ] GC(2286) Pause Young (Allocation Failure) 1777M->1233M(1979M) 4.073ms
[219.118s][info][gc,cpu         ] GC(2286) User=0.00s Sys=0.00s Real=0.01s
[219.243s][info][gc,start       ] GC(2287) Pause Young (Allocation Failure)
[219.246s][info][gc,heap        ] GC(2287) DefNew: 577751K(629120K)->14197K(629120K) Eden: 559232K(559232K)->0K(559232K) From: 18519K(69888K)->14197K(69888K)
[219.246s][info][gc,heap        ] GC(2287) Tenured: 1244757K(1398144K)->1244757K(1398144K)
[219.246s][info][gc,metaspace   ] GC(2287) Metaspace: 133460K(135168K)->133460K(135168K) NonClass: 116596K(117376K)->116596K(117376K) Class: 16863K(17792K)->16863K(17792K)
[219.246s][info][gc             ] GC(2287) Pause Young (Allocation Failure) 1779M->1229M(1979M) 3.509ms
[219.246s][info][gc,cpu         ] GC(2287) User=0.00s Sys=0.00s Real=0.00s
[219.405s][info][gc,start       ] GC(2288) Pause Full (System.gc())
[219.406s][info][gc,phases,start] GC(2288) Phase 1: Mark live objects
[219.467s][info][gc,phases      ] GC(2288) Phase 1: Mark live objects 61.296ms
[219.467s][info][gc,phases,start] GC(2288) Phase 2: Compute new object addresses
[219.514s][info][gc,phases      ] GC(2288) Phase 2: Compute new object addresses 47.423ms
[219.514s][info][gc,phases,start] GC(2288) Phase 3: Adjust pointers
[219.549s][info][gc,phases      ] GC(2288) Phase 3: Adjust pointers 34.853ms
[219.549s][info][gc,phases,start] GC(2288) Phase 4: Move objects
[219.638s][info][gc,phases      ] GC(2288) Phase 4: Move objects 88.944ms
[219.639s][info][gc,heap        ] GC(2288) DefNew: 281824K(629120K)->0K(629120K) Eden: 267627K(559232K)->0K(559232K) From: 14197K(69888K)->0K(69888K)
[219.639s][info][gc,heap        ] GC(2288) Tenured: 1244757K(1398144K)->970843K(1398144K)
[219.639s][info][gc,metaspace   ] GC(2288) Metaspace: 133482K(135232K)->133482K(135232K) NonClass: 116617K(117440K)->116617K(117440K) Class: 16865K(17792K)->16865K(17792K)
[219.639s][info][gc             ] GC(2288) Pause Full (System.gc()) 1490M->948M(1979M) 233.590ms
[219.639s][info][gc,cpu         ] GC(2288) User=0.22s Sys=0.00s Real=0.24s
[219.757s][info][gc,start       ] GC(2289) Pause Young (Allocation Failure)
[219.762s][info][gc,heap        ] GC(2289) DefNew: 559232K(629120K)->4921K(629120K) Eden: 559232K(559232K)->0K(559232K) From: 0K(69888K)->4921K(69888K)
[219.762s][info][gc,heap        ] GC(2289) Tenured: 970843K(1398144K)->970843K(1398144K)
[219.762s][info][gc,metaspace   ] GC(2289) Metaspace: 133489K(135232K)->133489K(135232K) NonClass: 116624K(117440K)->116624K(117440K) Class: 16865K(17792K)->16865K(17792K)
[219.762s][info][gc             ] GC(2289) Pause Young (Allocation Failure) 1494M->952M(1979M) 4.758ms
[219.762s][info][gc,cpu         ] GC(2289) User=0.02s Sys=0.00s Real=0.00s
[219.817s][info][gc,start       ] GC(2290) Pause Young (Allocation Failure)
[219.821s][info][gc,heap        ] GC(2290) DefNew: 564153K(629120K)->6087K(629120K) Eden: 559232K(559232K)->0K(559232K) From: 4921K(69888K)->6087K(69888K)
[219.821s][info][gc,heap        ] GC(2290) Tenured: 970843K(1398144K)->970843K(1398144K)
[219.821s][info][gc,metaspace   ] GC(2290) Metaspace: 133489K(135232K)->133489K(135232K) NonClass: 116624K(117440K)->116624K(117440K) Class: 16865K(17792K)->16865K(17792K)
[219.821s][info][gc             ] GC(2290) Pause Young (Allocation Failure) 1499M->954M(1979M) 3.900ms
[219.821s][info][gc,cpu         ] GC(2290) User=0.00s Sys=0.00s Real=0.01s
[219.874s][info][gc,start       ] GC(2291) Pause Young (Allocation Failure)
[219.879s][info][gc,heap        ] GC(2291) DefNew: 565319K(629120K)->9022K(629120K) Eden: 559232K(559232K)->0K(559232K) From: 6087K(69888K)->9022K(69888K)
[219.879s][info][gc,heap        ] GC(2291) Tenured: 970843K(1398144K)->970843K(1398144K)
[219.879s][info][gc,metaspace   ] GC(2291) Metaspace: 133489K(135232K)->133489K(135232K) NonClass: 116624K(117440K)->116624K(117440K) Class: 16865K(17792K)->16865K(17792K)
[219.879s][info][gc             ] GC(2291) Pause Young (Allocation Failure) 1500M->956M(1979M) 4.193ms
[219.879s][info][gc,cpu         ] GC(2291) User=0.00s Sys=0.00s Real=0.01s
[219.934s][info][gc,start       ] GC(2292) Pause Young (Allocation Failure)
[219.938s][info][gc,heap        ] GC(2292) DefNew: 568254K(629120K)->10368K(629120K) Eden: 559232K(559232K)->0K(559232K) From: 9022K(69888K)->10368K(69888K)
[219.938s][info][gc,heap        ] GC(2292) Tenured: 970843K(1398144K)->970843K(1398144K)
[219.938s][info][gc,metaspace   ] GC(2292) Metaspace: 133489K(135232K)->133489K(135232K) NonClass: 116624K(117440K)->116624K(117440K) Class: 16865K(17792K)->16865K(17792K)
[219.938s][info][gc             ] GC(2292) Pause Young (Allocation Failure) 1503M->958M(1979M) 4.290ms
[219.938s][info][gc,cpu         ] GC(2292) User=0.00s Sys=0.00s Real=0.02s
[219.995s][info][gc,start       ] GC(2293) Pause Young (Allocation Failure)
[219.999s][info][gc,heap        ] GC(2293) DefNew: 569600K(629120K)->13600K(629120K) Eden: 559232K(559232K)->0K(559232K) From: 10368K(69888K)->13600K(69888K)
[219.999s][info][gc,heap        ] GC(2293) Tenured: 970843K(1398144K)->970843K(1398144K)
[219.999s][info][gc,metaspace   ] GC(2293) Metaspace: 133491K(135232K)->133491K(135232K) NonClass: 116625K(117440K)->116625K(117440K) Class: 16865K(17792K)->16865K(17792K)
[219.999s][info][gc             ] GC(2293) Pause Young (Allocation Failure) 1504M->961M(1979M) 4.848ms
[219.999s][info][gc,cpu         ] GC(2293) User=0.00s Sys=0.00s Real=0.00s
[220.055s][info][gc,start       ] GC(2294) Pause Young (Allocation Failure)
[220.060s][info][gc,heap        ] GC(2294) DefNew: 572832K(629120K)->19072K(629120K) Eden: 559232K(559232K)->0K(559232K) From: 13600K(69888K)->19072K(69888K)
[220.060s][info][gc,heap        ] GC(2294) Tenured: 970843K(1398144K)->970843K(1398144K)
[220.060s][info][gc,metaspace   ] GC(2294) Metaspace: 133491K(135232K)->133491K(135232K) NonClass: 116625K(117440K)->116625K(117440K) Class: 16865K(17792K)->16865K(17792K)
[220.060s][info][gc             ] GC(2294) Pause Young (Allocation Failure) 1507M->966M(1979M) 5.281ms
[220.060s][info][gc,cpu         ] GC(2294) User=0.00s Sys=0.00s Real=0.02s
[220.116s][info][gc,start       ] GC(2295) Pause Young (Allocation Failure)
[220.122s][info][gc,heap        ] GC(2295) DefNew: 578304K(629120K)->25109K(629120K) Eden: 559232K(559232K)->0K(559232K) From: 19072K(69888K)->25109K(69888K)
[220.122s][info][gc,heap        ] GC(2295) Tenured: 970843K(1398144K)->970843K(1398144K)
[220.122s][info][gc,metaspace   ] GC(2295) Metaspace: 133491K(135232K)->133491K(135232K) NonClass: 116625K(117440K)->116625K(117440K) Class: 16865K(17792K)->16865K(17792K)
[220.122s][info][gc             ] GC(2295) Pause Young (Allocation Failure) 1512M->972M(1979M) 5.979ms
[220.122s][info][gc,cpu         ] GC(2295) User=0.00s Sys=0.00s Real=0.02s
[220.179s][info][gc,start       ] GC(2296) Pause Young (Allocation Failure)
[220.185s][info][gc,heap        ] GC(2296) DefNew: 584341K(629120K)->27261K(629120K) Eden: 559232K(559232K)->0K(559232K) From: 25109K(69888K)->27261K(69888K)
[220.185s][info][gc,heap        ] GC(2296) Tenured: 970843K(1398144K)->970843K(1398144K)
[220.185s][info][gc,metaspace   ] GC(2296) Metaspace: 133491K(135232K)->133491K(135232K) NonClass: 116625K(117440K)->116625K(117440K) Class: 16865K(17792K)->16865K(17792K)
[220.185s][info][gc             ] GC(2296) Pause Young (Allocation Failure) 1518M->974M(1979M) 6.057ms
[220.185s][info][gc,cpu         ] GC(2296) User=0.02s Sys=0.00s Real=0.02s
[220.243s][info][gc,start       ] GC(2297) Pause Young (Allocation Failure)
[220.249s][info][gc,heap        ] GC(2297) DefNew: 586493K(629120K)->33103K(629120K) Eden: 559232K(559232K)->0K(559232K) From: 27261K(69888K)->33103K(69888K)
[220.249s][info][gc,heap        ] GC(2297) Tenured: 970843K(1398144K)->970843K(1398144K)
[220.249s][info][gc,metaspace   ] GC(2297) Metaspace: 133491K(135232K)->133491K(135232K) NonClass: 116625K(117440K)->116625K(117440K) Class: 16865K(17792K)->16865K(17792K)
[220.249s][info][gc             ] GC(2297) Pause Young (Allocation Failure) 1520M->980M(1979M) 6.672ms
[220.249s][info][gc,cpu         ] GC(2297) User=0.02s Sys=0.00s Real=0.02s
[220.305s][info][gc,start       ] GC(2298) Pause Young (Allocation Failure)
[220.312s][info][gc,heap        ] GC(2298) DefNew: 592335K(629120K)->35467K(629120K) Eden: 559232K(559232K)->0K(559232K) From: 33103K(69888K)->35467K(69888K)
[220.312s][info][gc,heap        ] GC(2298) Tenured: 970843K(1398144K)->970843K(1398144K)
[220.312s][info][gc,metaspace   ] GC(2298) Metaspace: 133491K(135232K)->133491K(135232K) NonClass: 116625K(117440K)->116625K(117440K) Class: 16865K(17792K)->16865K(17792K)
[220.312s][info][gc             ] GC(2298) Pause Young (Allocation Failure) 1526M->982M(1979M) 6.800ms
[220.312s][info][gc,cpu         ] GC(2298) User=0.02s Sys=0.00s Real=0.02s
[220.368s][info][gc,start       ] GC(2299) Pause Young (Allocation Failure)
[220.375s][info][gc,heap        ] GC(2299) DefNew: 594699K(629120K)->39918K(629120K) Eden: 559232K(559232K)->0K(559232K) From: 35467K(69888K)->39918K(69888K)
[220.375s][info][gc,heap        ] GC(2299) Tenured: 970843K(1398144K)->972419K(1398144K)
[220.375s][info][gc,metaspace   ] GC(2299) Metaspace: 133491K(135232K)->133491K(135232K) NonClass: 116625K(117440K)->116625K(117440K) Class: 16865K(17792K)->16865K(17792K)
[220.375s][info][gc             ] GC(2299) Pause Young (Allocation Failure) 1528M->988M(1979M) 7.537ms
[220.375s][info][gc,cpu         ] GC(2299) User=0.00s Sys=0.00s Real=0.02s
[220.431s][info][gc,start       ] GC(2300) Pause Young (Allocation Failure)
[220.438s][info][gc,heap        ] GC(2300) DefNew: 599150K(629120K)->35448K(629120K) Eden: 559232K(559232K)->0K(559232K) From: 39918K(69888K)->35448K(69888K)
[220.438s][info][gc,heap        ] GC(2300) Tenured: 972419K(1398144K)->980612K(1398144K)
[220.438s][info][gc,metaspace   ] GC(2300) Metaspace: 133491K(135232K)->133491K(135232K) NonClass: 116625K(117440K)->116625K(117440K) Class: 16865K(17792K)->16865K(17792K)
[220.438s][info][gc             ] GC(2300) Pause Young (Allocation Failure) 1534M->992M(1979M) 6.391ms
[220.438s][info][gc,cpu         ] GC(2300) User=0.00s Sys=0.00s Real=0.01s
[220.494s][info][gc,start       ] GC(2301) Pause Young (Allocation Failure)
[220.500s][info][gc,heap        ] GC(2301) DefNew: 594680K(629120K)->35905K(629120K) Eden: 559232K(559232K)->0K(559232K) From: 35448K(69888K)->35905K(69888K)
[220.500s][info][gc,heap        ] GC(2301) Tenured: 980612K(1398144K)->985016K(1398144K)
[220.500s][info][gc,metaspace   ] GC(2301) Metaspace: 133491K(135232K)->133491K(135232K) NonClass: 116625K(117440K)->116625K(117440K) Class: 16865K(17792K)->16865K(17792K)
[220.500s][info][gc             ] GC(2301) Pause Young (Allocation Failure) 1538M->996M(1979M) 6.200ms
[220.500s][info][gc,cpu         ] GC(2301) User=0.00s Sys=0.00s Real=0.02s
[220.555s][info][gc,start       ] GC(2302) Pause Young (Allocation Failure)
[220.562s][info][gc,heap        ] GC(2302) DefNew: 595137K(629120K)->41367K(629120K) Eden: 559232K(559232K)->0K(559232K) From: 35905K(69888K)->41367K(69888K)
[220.562s][info][gc,heap        ] GC(2302) Tenured: 985016K(1398144K)->989115K(1398144K)
[220.562s][info][gc,metaspace   ] GC(2302) Metaspace: 133491K(135232K)->133491K(135232K) NonClass: 116625K(117440K)->116625K(117440K) Class: 16865K(17792K)->16865K(17792K)
[220.562s][info][gc             ] GC(2302) Pause Young (Allocation Failure) 1543M->1006M(1979M) 6.474ms
[220.562s][info][gc,cpu         ] GC(2302) User=0.00s Sys=0.00s Real=0.02s
[220.618s][info][gc,start       ] GC(2303) Pause Young (Allocation Failure)
[220.624s][info][gc,heap        ] GC(2303) DefNew: 600599K(629120K)->32617K(629120K) Eden: 559232K(559232K)->0K(559232K) From: 41367K(69888K)->32617K(69888K)
[220.624s][info][gc,heap        ] GC(2303) Tenured: 989115K(1398144K)->997310K(1398144K)
[220.624s][info][gc,metaspace   ] GC(2303) Metaspace: 133492K(135232K)->133492K(135232K) NonClass: 116627K(117440K)->116627K(117440K) Class: 16865K(17792K)->16865K(17792K)
[220.624s][info][gc             ] GC(2303) Pause Young (Allocation Failure) 1552M->1005M(1979M) 6.059ms
[220.624s][info][gc,cpu         ] GC(2303) User=0.00s Sys=0.00s Real=0.02s
[220.679s][info][gc,start       ] GC(2304) Pause Young (Allocation Failure)
[220.685s][info][gc,heap        ] GC(2304) DefNew: 591849K(629120K)->38279K(629120K) Eden: 559232K(559232K)->0K(559232K) From: 32617K(69888K)->38279K(69888K)
[220.685s][info][gc,heap        ] GC(2304) Tenured: 997310K(1398144K)->997310K(1398144K)
[220.685s][info][gc,metaspace   ] GC(2304) Metaspace: 133492K(135232K)->133492K(135232K) NonClass: 116627K(117440K)->116627K(117440K) Class: 16865K(17792K)->16865K(17792K)
[220.685s][info][gc             ] GC(2304) Pause Young (Allocation Failure) 1551M->1011M(1979M) 5.622ms
[220.685s][info][gc,cpu         ] GC(2304) User=0.00s Sys=0.00s Real=0.02s
[220.747s][info][gc,start       ] GC(2305) Pause Young (Allocation Failure)
[220.754s][info][gc,heap        ] GC(2305) DefNew: 597511K(629120K)->38239K(629120K) Eden: 559232K(559232K)->0K(559232K) From: 38279K(69888K)->38239K(69888K)
[220.754s][info][gc,heap        ] GC(2305) Tenured: 997310K(1398144K)->1001406K(1398144K)
[220.754s][info][gc,metaspace   ] GC(2305) Metaspace: 133524K(135232K)->133524K(135232K) NonClass: 116658K(117440K)->116658K(117440K) Class: 16865K(17792K)->16865K(17792K)
[220.754s][info][gc             ] GC(2305) Pause Young (Allocation Failure) 1557M->1015M(1979M) 6.838ms
[220.754s][info][gc,cpu         ] GC(2305) User=0.02s Sys=0.00s Real=0.02s
[220.843s][info][gc,start       ] GC(2306) Pause Young (Allocation Failure)
[220.850s][info][gc,heap        ] GC(2306) DefNew: 597471K(629120K)->48290K(629120K) Eden: 559232K(559232K)->0K(559232K) From: 38239K(69888K)->48290K(69888K)
[220.850s][info][gc,heap        ] GC(2306) Tenured: 1001406K(1398144K)->1005503K(1398144K)
[220.850s][info][gc,metaspace   ] GC(2306) Metaspace: 133524K(135232K)->133524K(135232K) NonClass: 116658K(117440K)->116658K(117440K) Class: 16865K(17792K)->16865K(17792K)
[220.850s][info][gc             ] GC(2306) Pause Young (Allocation Failure) 1561M->1029M(1979M) 7.461ms
[220.850s][info][gc,cpu         ] GC(2306) User=0.00s Sys=0.00s Real=0.00s
[220.937s][info][gc,start       ] GC(2307) Pause Young (Allocation Failure)
[220.945s][info][gc,heap        ] GC(2307) DefNew: 607522K(629120K)->43778K(629120K) Eden: 559232K(559232K)->0K(559232K) From: 48290K(69888K)->43778K(69888K)
[220.945s][info][gc,heap        ] GC(2307) Tenured: 1005503K(1398144K)->1021909K(1398144K)
[220.945s][info][gc,metaspace   ] GC(2307) Metaspace: 133524K(135232K)->133524K(135232K) NonClass: 116658K(117440K)->116658K(117440K) Class: 16865K(17792K)->16865K(17792K)
[220.945s][info][gc             ] GC(2307) Pause Young (Allocation Failure) 1575M->1040M(1979M) 7.650ms
[220.945s][info][gc,cpu         ] GC(2307) User=0.00s Sys=0.00s Real=0.00s
[221.033s][info][gc,start       ] GC(2308) Pause Young (Allocation Failure)
[221.041s][info][gc,heap        ] GC(2308) DefNew: 603010K(629120K)->43130K(629120K) Eden: 559232K(559232K)->0K(559232K) From: 43778K(69888K)->43130K(69888K)
[221.041s][info][gc,heap        ] GC(2308) Tenured: 1021909K(1398144K)->1034645K(1398144K)
[221.041s][info][gc,metaspace   ] GC(2308) Metaspace: 133524K(135232K)->133524K(135232K) NonClass: 116658K(117440K)->116658K(117440K) Class: 16865K(17792K)->16865K(17792K)
[221.041s][info][gc             ] GC(2308) Pause Young (Allocation Failure) 1586M->1052M(1979M) 7.453ms
[221.041s][info][gc,cpu         ] GC(2308) User=0.00s Sys=0.00s Real=0.00s
[221.129s][info][gc,start       ] GC(2309) Pause Young (Allocation Failure)
[221.137s][info][gc,heap        ] GC(2309) DefNew: 602362K(629120K)->46435K(629120K) Eden: 559232K(559232K)->0K(559232K) From: 43130K(69888K)->46435K(69888K)
[221.137s][info][gc,heap        ] GC(2309) Tenured: 1034645K(1398144K)->1046960K(1398144K)
[221.137s][info][gc,metaspace   ] GC(2309) Metaspace: 133524K(135232K)->133524K(135232K) NonClass: 116658K(117440K)->116658K(117440K) Class: 16865K(17792K)->16865K(17792K)
[221.137s][info][gc             ] GC(2309) Pause Young (Allocation Failure) 1598M->1067M(1979M) 7.460ms
[221.137s][info][gc,cpu         ] GC(2309) User=0.00s Sys=0.00s Real=0.00s
[221.227s][info][gc,start       ] GC(2310) Pause Young (Allocation Failure)
[221.234s][info][gc,heap        ] GC(2310) DefNew: 605667K(629120K)->45835K(629120K) Eden: 559232K(559232K)->0K(559232K) From: 46435K(69888K)->45835K(69888K)
[221.234s][info][gc,heap        ] GC(2310) Tenured: 1046960K(1398144K)->1059253K(1398144K)
[221.234s][info][gc,metaspace   ] GC(2310) Metaspace: 133524K(135232K)->133524K(135232K) NonClass: 116658K(117440K)->116658K(117440K) Class: 16865K(17792K)->16865K(17792K)
[221.234s][info][gc             ] GC(2310) Pause Young (Allocation Failure) 1613M->1079M(1979M) 7.181ms
[221.234s][info][gc,cpu         ] GC(2310) User=0.00s Sys=0.00s Real=0.01s
[221.322s][info][gc,start       ] GC(2311) Pause Young (Allocation Failure)
[221.329s][info][gc,heap        ] GC(2311) DefNew: 605067K(629120K)->41870K(629120K) Eden: 559232K(559232K)->0K(559232K) From: 45835K(69888K)->41870K(69888K)
[221.329s][info][gc,heap        ] GC(2311) Tenured: 1059253K(1398144K)->1075641K(1398144K)
[221.329s][info][gc,metaspace   ] GC(2311) Metaspace: 133524K(135232K)->133524K(135232K) NonClass: 116658K(117440K)->116658K(117440K) Class: 16865K(17792K)->16865K(17792K)
[221.329s][info][gc             ] GC(2311) Pause Young (Allocation Failure) 1625M->1091M(1979M) 7.530ms
[221.329s][info][gc,cpu         ] GC(2311) User=0.02s Sys=0.00s Real=0.02s
[221.417s][info][gc,start       ] GC(2312) Pause Young (Allocation Failure)
[221.424s][info][gc,heap        ] GC(2312) DefNew: 601102K(629120K)->44251K(629120K) Eden: 559232K(559232K)->0K(559232K) From: 41870K(69888K)->44251K(69888K)
[221.424s][info][gc,heap        ] GC(2312) Tenured: 1075641K(1398144K)->1083836K(1398144K)
[221.424s][info][gc,metaspace   ] GC(2312) Metaspace: 133524K(135232K)->133524K(135232K) NonClass: 116658K(117440K)->116658K(117440K) Class: 16865K(17792K)->16865K(17792K)
[221.424s][info][gc             ] GC(2312) Pause Young (Allocation Failure) 1637M->1101M(1979M) 6.866ms
[221.424s][info][gc,cpu         ] GC(2312) User=0.00s Sys=0.00s Real=0.02s
[221.507s][info][gc,start       ] GC(2313) Pause Young (Allocation Failure)
[221.513s][info][gc,heap        ] GC(2313) DefNew: 603483K(629120K)->33716K(629120K) Eden: 559232K(559232K)->0K(559232K) From: 44251K(69888K)->33716K(69888K)
[221.513s][info][gc,heap        ] GC(2313) Tenured: 1083836K(1398144K)->1100224K(1398144K)
[221.513s][info][gc,metaspace   ] GC(2313) Metaspace: 133524K(135232K)->133524K(135232K) NonClass: 116658K(117440K)->116658K(117440K) Class: 16865K(17792K)->16865K(17792K)
[221.514s][info][gc             ] GC(2313) Pause Young (Allocation Failure) 1647M->1107M(1979M) 6.739ms
[221.514s][info][gc,cpu         ] GC(2313) User=0.00s Sys=0.00s Real=0.00s
[221.601s][info][gc,start       ] GC(2314) Pause Young (Allocation Failure)
[221.607s][info][gc,heap        ] GC(2314) DefNew: 592948K(629120K)->47371K(629120K) Eden: 559232K(559232K)->0K(559232K) From: 33716K(69888K)->47371K(69888K)
[221.607s][info][gc,heap        ] GC(2314) Tenured: 1100224K(1398144K)->1100224K(1398144K)
[221.607s][info][gc,metaspace   ] GC(2314) Metaspace: 133524K(135232K)->133524K(135232K) NonClass: 116658K(117440K)->116658K(117440K) Class: 16865K(17792K)->16865K(17792K)
[221.607s][info][gc             ] GC(2314) Pause Young (Allocation Failure) 1653M->1120M(1979M) 6.154ms
[221.607s][info][gc,cpu         ] GC(2314) User=0.00s Sys=0.00s Real=0.00s
[221.695s][info][gc,start       ] GC(2315) Pause Young (Allocation Failure)
[221.702s][info][gc,heap        ] GC(2315) DefNew: 606603K(629120K)->31022K(629120K) Eden: 559232K(559232K)->0K(559232K) From: 47371K(69888K)->31022K(69888K)
[221.702s][info][gc,heap        ] GC(2315) Tenured: 1100224K(1398144K)->1124856K(1398144K)
[221.702s][info][gc,metaspace   ] GC(2315) Metaspace: 133524K(135232K)->133524K(135232K) NonClass: 116658K(117440K)->116658K(117440K) Class: 16865K(17792K)->16865K(17792K)
[221.702s][info][gc             ] GC(2315) Pause Young (Allocation Failure) 1666M->1128M(1979M) 7.241ms
[221.702s][info][gc,cpu         ] GC(2315) User=0.00s Sys=0.00s Real=0.00s
[221.790s][info][gc,start       ] GC(2316) Pause Young (Allocation Failure)
[221.795s][info][gc,heap        ] GC(2316) DefNew: 590254K(629120K)->39426K(629120K) Eden: 559232K(559232K)->0K(559232K) From: 31022K(69888K)->39426K(69888K)
[221.795s][info][gc,heap        ] GC(2316) Tenured: 1124856K(1398144K)->1124856K(1398144K)
[221.796s][info][gc,metaspace   ] GC(2316) Metaspace: 133524K(135232K)->133524K(135232K) NonClass: 116658K(117440K)->116658K(117440K) Class: 16865K(17792K)->16865K(17792K)
[221.796s][info][gc             ] GC(2316) Pause Young (Allocation Failure) 1674M->1136M(1979M) 5.485ms
[221.796s][info][gc,cpu         ] GC(2316) User=0.00s Sys=0.00s Real=0.00s
[221.882s][info][gc,start       ] GC(2317) Pause Young (Allocation Failure)
[221.889s][info][gc,heap        ] GC(2317) DefNew: 598658K(629120K)->33553K(629120K) Eden: 559232K(559232K)->0K(559232K) From: 39426K(69888K)->33553K(69888K)
[221.889s][info][gc,heap        ] GC(2317) Tenured: 1124856K(1398144K)->1133052K(1398144K)
[221.889s][info][gc,metaspace   ] GC(2317) Metaspace: 133524K(135232K)->133524K(135232K) NonClass: 116658K(117440K)->116658K(117440K) Class: 16865K(17792K)->16865K(17792K)
[221.889s][info][gc             ] GC(2317) Pause Young (Allocation Failure) 1683M->1139M(1979M) 6.176ms
[221.889s][info][gc,cpu         ] GC(2317) User=0.00s Sys=0.00s Real=0.00s
[221.975s][info][gc,start       ] GC(2318) Pause Young (Allocation Failure)
[221.981s][info][gc,heap        ] GC(2318) DefNew: 592785K(629120K)->41745K(629120K) Eden: 559232K(559232K)->0K(559232K) From: 33553K(69888K)->41745K(69888K)
[221.981s][info][gc,heap        ] GC(2318) Tenured: 1133052K(1398144K)->1133052K(1398144K)
[221.981s][info][gc,metaspace   ] GC(2318) Metaspace: 133524K(135232K)->133524K(135232K) NonClass: 116658K(117440K)->116658K(117440K) Class: 16865K(17792K)->16865K(17792K)
[221.981s][info][gc             ] GC(2318) Pause Young (Allocation Failure) 1685M->1147M(1979M) 5.526ms
[221.981s][info][gc,cpu         ] GC(2318) User=0.00s Sys=0.00s Real=0.00s
[222.068s][info][gc,start       ] GC(2319) Pause Young (Allocation Failure)
[222.074s][info][gc,heap        ] GC(2319) DefNew: 600977K(629120K)->35024K(629120K) Eden: 559232K(559232K)->0K(559232K) From: 41745K(69888K)->35024K(69888K)
[222.074s][info][gc,heap        ] GC(2319) Tenured: 1133052K(1398144K)->1145343K(1398144K)
[222.074s][info][gc,metaspace   ] GC(2319) Metaspace: 133524K(135232K)->133524K(135232K) NonClass: 116658K(117440K)->116658K(117440K) Class: 16865K(17792K)->16865K(17792K)
[222.074s][info][gc             ] GC(2319) Pause Young (Allocation Failure) 1693M->1152M(1979M) 6.398ms
[222.074s][info][gc,cpu         ] GC(2319) User=0.00s Sys=0.00s Real=0.00s
[222.164s][info][gc,start       ] GC(2320) Pause Young (Allocation Failure)
[222.170s][info][gc,heap        ] GC(2320) DefNew: 594256K(629120K)->31956K(629120K) Eden: 559232K(559232K)->0K(559232K) From: 35024K(69888K)->31956K(69888K)
[222.170s][info][gc,heap        ] GC(2320) Tenured: 1145343K(1398144K)->1153538K(1398144K)
[222.170s][info][gc,metaspace   ] GC(2320) Metaspace: 133524K(135232K)->133524K(135232K) NonClass: 116658K(117440K)->116658K(117440K) Class: 16865K(17792K)->16865K(17792K)
[222.170s][info][gc             ] GC(2320) Pause Young (Allocation Failure) 1698M->1157M(1979M) 6.311ms
[222.170s][info][gc,cpu         ] GC(2320) User=0.00s Sys=0.00s Real=0.00s
[222.253s][info][gc,start       ] GC(2321) Pause Young (Allocation Failure)
[222.258s][info][gc,heap        ] GC(2321) DefNew: 591188K(629120K)->35071K(629120K) Eden: 559232K(559232K)->0K(559232K) From: 31956K(69888K)->35071K(69888K)
[222.258s][info][gc,heap        ] GC(2321) Tenured: 1153538K(1398144K)->1153538K(1398144K)
[222.258s][info][gc,metaspace   ] GC(2321) Metaspace: 133524K(135232K)->133524K(135232K) NonClass: 116658K(117440K)->116658K(117440K) Class: 16865K(17792K)->16865K(17792K)
[222.258s][info][gc             ] GC(2321) Pause Young (Allocation Failure) 1703M->1160M(1979M) 5.178ms
[222.258s][info][gc,cpu         ] GC(2321) User=0.00s Sys=0.00s Real=0.02s
[222.341s][info][gc,start       ] GC(2322) Pause Young (Allocation Failure)
[222.345s][info][gc,heap        ] GC(2322) DefNew: 594303K(629120K)->24641K(629120K) Eden: 559232K(559232K)->0K(559232K) From: 35071K(69888K)->24641K(69888K)
[222.345s][info][gc,heap        ] GC(2322) Tenured: 1153538K(1398144K)->1157634K(1398144K)
[222.345s][info][gc,metaspace   ] GC(2322) Metaspace: 133524K(135232K)->133524K(135232K) NonClass: 116658K(117440K)->116658K(117440K) Class: 16865K(17792K)->16865K(17792K)
[222.345s][info][gc             ] GC(2322) Pause Young (Allocation Failure) 1706M->1154M(1979M) 4.659ms
[222.345s][info][gc,cpu         ] GC(2322) User=0.02s Sys=0.00s Real=0.00s
[222.427s][info][gc,start       ] GC(2323) Pause Young (Allocation Failure)
[222.432s][info][gc,heap        ] GC(2323) DefNew: 583873K(629120K)->26296K(629120K) Eden: 559232K(559232K)->0K(559232K) From: 24641K(69888K)->26296K(69888K)
[222.432s][info][gc,heap        ] GC(2323) Tenured: 1157634K(1398144K)->1157634K(1398144K)
[222.432s][info][gc,metaspace   ] GC(2323) Metaspace: 133524K(135232K)->133524K(135232K) NonClass: 116658K(117440K)->116658K(117440K) Class: 16865K(17792K)->16865K(17792K)
[222.432s][info][gc             ] GC(2323) Pause Young (Allocation Failure) 1700M->1156M(1979M) 4.611ms
[222.432s][info][gc,cpu         ] GC(2323) User=0.00s Sys=0.00s Real=0.00s
[222.518s][info][gc,start       ] GC(2324) Pause Young (Allocation Failure)
[222.524s][info][gc,heap        ] GC(2324) DefNew: 585528K(629120K)->36723K(629120K) Eden: 559232K(559232K)->0K(559232K) From: 26296K(69888K)->36723K(69888K)
[222.524s][info][gc,heap        ] GC(2324) Tenured: 1157634K(1398144K)->1157634K(1398144K)
[222.524s][info][gc,metaspace   ] GC(2324) Metaspace: 133524K(135232K)->133524K(135232K) NonClass: 116658K(117440K)->116658K(117440K) Class: 16865K(17792K)->16865K(17792K)
[222.524s][info][gc             ] GC(2324) Pause Young (Allocation Failure) 1702M->1166M(1979M) 5.429ms
[222.524s][info][gc,cpu         ] GC(2324) User=0.00s Sys=0.00s Real=0.02s
[222.613s][info][gc,start       ] GC(2325) Pause Young (Allocation Failure)
[222.619s][info][gc,heap        ] GC(2325) DefNew: 595955K(629120K)->30462K(629120K) Eden: 559232K(559232K)->0K(559232K) From: 36723K(69888K)->30462K(69888K)
[222.619s][info][gc,heap        ] GC(2325) Tenured: 1157634K(1398144K)->1165828K(1398144K)
[222.619s][info][gc,metaspace   ] GC(2325) Metaspace: 133524K(135232K)->133524K(135232K) NonClass: 116658K(117440K)->116658K(117440K) Class: 16865K(17792K)->16865K(17792K)
[222.619s][info][gc             ] GC(2325) Pause Young (Allocation Failure) 1712M->1168M(1979M) 5.737ms
[222.619s][info][gc,cpu         ] GC(2325) User=0.00s Sys=0.00s Real=0.02s
[222.707s][info][gc,start       ] GC(2326) Pause Young (Allocation Failure)
[222.711s][info][gc,heap        ] GC(2326) DefNew: 589694K(629120K)->24035K(629120K) Eden: 559232K(559232K)->0K(559232K) From: 30462K(69888K)->24035K(69888K)
[222.711s][info][gc,heap        ] GC(2326) Tenured: 1165828K(1398144K)->1165828K(1398144K)
[222.711s][info][gc,metaspace   ] GC(2326) Metaspace: 133524K(135232K)->133524K(135232K) NonClass: 116658K(117440K)->116658K(117440K) Class: 16865K(17792K)->16865K(17792K)
[222.711s][info][gc             ] GC(2326) Pause Young (Allocation Failure) 1714M->1161M(1979M) 4.185ms
[222.711s][info][gc,cpu         ] GC(2326) User=0.02s Sys=0.00s Real=0.02s
[222.797s][info][gc,start       ] GC(2327) Pause Young (Allocation Failure)
[222.802s][info][gc,heap        ] GC(2327) DefNew: 580186K(629120K)->27868K(629120K) Eden: 556151K(559232K)->0K(559232K) From: 24035K(69888K)->27868K(69888K)
[222.802s][info][gc,heap        ] GC(2327) Tenured: 1165828K(1398144K)->1165828K(1398144K)
[222.802s][info][gc,metaspace   ] GC(2327) Metaspace: 133524K(135232K)->133524K(135232K) NonClass: 116658K(117440K)->116658K(117440K) Class: 16865K(17792K)->16865K(17792K)
[222.802s][info][gc             ] GC(2327) Pause Young (Allocation Failure) 1705M->1165M(1979M) 4.782ms
[222.802s][info][gc,cpu         ] GC(2327) User=0.00s Sys=0.00s Real=0.00s
[222.888s][info][gc,start       ] GC(2328) Pause Young (Allocation Failure)
[222.892s][info][gc,heap        ] GC(2328) DefNew: 587100K(629120K)->28534K(629120K) Eden: 559232K(559232K)->0K(559232K) From: 27868K(69888K)->28534K(69888K)
[222.893s][info][gc,heap        ] GC(2328) Tenured: 1165828K(1398144K)->1165828K(1398144K)
[222.893s][info][gc,metaspace   ] GC(2328) Metaspace: 133524K(135232K)->133524K(135232K) NonClass: 116658K(117440K)->116658K(117440K) Class: 16865K(17792K)->16865K(17792K)
[222.893s][info][gc             ] GC(2328) Pause Young (Allocation Failure) 1711M->1166M(1979M) 4.526ms
[222.893s][info][gc,cpu         ] GC(2328) User=0.00s Sys=0.00s Real=0.00s
[222.979s][info][gc,start       ] GC(2329) Pause Young (Allocation Failure)
[222.984s][info][gc,heap        ] GC(2329) DefNew: 587766K(629120K)->25391K(629120K) Eden: 559232K(559232K)->0K(559232K) From: 28534K(69888K)->25391K(69888K)
[222.984s][info][gc,heap        ] GC(2329) Tenured: 1165828K(1398144K)->1165828K(1398144K)
[222.984s][info][gc,metaspace   ] GC(2329) Metaspace: 133524K(135232K)->133524K(135232K) NonClass: 116658K(117440K)->116658K(117440K) Class: 16865K(17792K)->16865K(17792K)
[222.984s][info][gc             ] GC(2329) Pause Young (Allocation Failure) 1712M->1163M(1979M) 5.853ms
[222.984s][info][gc,cpu         ] GC(2329) User=0.00s Sys=0.00s Real=0.00s
[223.070s][info][gc,start       ] GC(2330) Pause Young (Allocation Failure)
[223.074s][info][gc,heap        ] GC(2330) DefNew: 584623K(629120K)->23757K(629120K) Eden: 559232K(559232K)->0K(559232K) From: 25391K(69888K)->23757K(69888K)
[223.074s][info][gc,heap        ] GC(2330) Tenured: 1165828K(1398144K)->1165828K(1398144K)
[223.074s][info][gc,metaspace   ] GC(2330) Metaspace: 133524K(135232K)->133524K(135232K) NonClass: 116658K(117440K)->116658K(117440K) Class: 16865K(17792K)->16865K(17792K)
[223.074s][info][gc             ] GC(2330) Pause Young (Allocation Failure) 1709M->1161M(1979M) 4.178ms
[223.074s][info][gc,cpu         ] GC(2330) User=0.00s Sys=0.00s Real=0.01s
[223.162s][info][gc,start       ] GC(2331) Pause Young (Allocation Failure)
[223.167s][info][gc,heap        ] GC(2331) DefNew: 582989K(629120K)->23757K(629120K) Eden: 559232K(559232K)->0K(559232K) From: 23757K(69888K)->23757K(69888K)
[223.167s][info][gc,heap        ] GC(2331) Tenured: 1165828K(1398144K)->1165828K(1398144K)
[223.167s][info][gc,metaspace   ] GC(2331) Metaspace: 133524K(135232K)->133524K(135232K) NonClass: 116658K(117440K)->116658K(117440K) Class: 16865K(17792K)->16865K(17792K)
[223.167s][info][gc             ] GC(2331) Pause Young (Allocation Failure) 1707M->1161M(1979M) 4.553ms
[223.167s][info][gc,cpu         ] GC(2331) User=0.00s Sys=0.00s Real=0.02s
[223.253s][info][gc,start       ] GC(2332) Pause Young (Allocation Failure)
[223.258s][info][gc,heap        ] GC(2332) DefNew: 582989K(629120K)->30097K(629120K) Eden: 559232K(559232K)->0K(559232K) From: 23757K(69888K)->30097K(69888K)
[223.258s][info][gc,heap        ] GC(2332) Tenured: 1165828K(1398144K)->1165828K(1398144K)
[223.258s][info][gc,metaspace   ] GC(2332) Metaspace: 133524K(135232K)->133524K(135232K) NonClass: 116658K(117440K)->116658K(117440K) Class: 16865K(17792K)->16865K(17792K)
[223.258s][info][gc             ] GC(2332) Pause Young (Allocation Failure) 1707M->1167M(1979M) 5.013ms
[223.258s][info][gc,cpu         ] GC(2332) User=0.00s Sys=0.00s Real=0.00s
[223.346s][info][gc,start       ] GC(2333) Pause Young (Allocation Failure)
[223.350s][info][gc,heap        ] GC(2333) DefNew: 589329K(629120K)->27763K(629120K) Eden: 559232K(559232K)->0K(559232K) From: 30097K(69888K)->27763K(69888K)
[223.350s][info][gc,heap        ] GC(2333) Tenured: 1165828K(1398144K)->1165828K(1398144K)
[223.350s][info][gc,metaspace   ] GC(2333) Metaspace: 133524K(135232K)->133524K(135232K) NonClass: 116658K(117440K)->116658K(117440K) Class: 16865K(17792K)->16865K(17792K)
[223.350s][info][gc             ] GC(2333) Pause Young (Allocation Failure) 1714M->1165M(1979M) 4.708ms
[223.350s][info][gc,cpu         ] GC(2333) User=0.00s Sys=0.00s Real=0.00s
[223.437s][info][gc,start       ] GC(2334) Pause Young (Allocation Failure)
[223.441s][info][gc,heap        ] GC(2334) DefNew: 586995K(629120K)->20520K(629120K) Eden: 559232K(559232K)->0K(559232K) From: 27763K(69888K)->20520K(69888K)
[223.441s][info][gc,heap        ] GC(2334) Tenured: 1165828K(1398144K)->1169925K(1398144K)
[223.441s][info][gc,metaspace   ] GC(2334) Metaspace: 133524K(135232K)->133524K(135232K) NonClass: 116658K(117440K)->116658K(117440K) Class: 16865K(17792K)->16865K(17792K)
[223.441s][info][gc             ] GC(2334) Pause Young (Allocation Failure) 1711M->1162M(1979M) 4.351ms
[223.441s][info][gc,cpu         ] GC(2334) User=0.00s Sys=0.00s Real=0.00s
[223.529s][info][gc,start       ] GC(2335) Pause Young (Allocation Failure)
[223.532s][info][gc,heap        ] GC(2335) DefNew: 579752K(629120K)->11419K(629120K) Eden: 559232K(559232K)->0K(559232K) From: 20520K(69888K)->11419K(69888K)
[223.533s][info][gc,heap        ] GC(2335) Tenured: 1169925K(1398144K)->1178161K(1398144K)
[223.533s][info][gc,metaspace   ] GC(2335) Metaspace: 133524K(135232K)->133524K(135232K) NonClass: 116658K(117440K)->116658K(117440K) Class: 16865K(17792K)->16865K(17792K)
[223.533s][info][gc             ] GC(2335) Pause Young (Allocation Failure) 1708M->1161M(1979M) 3.967ms
[223.533s][info][gc,cpu         ] GC(2335) User=0.00s Sys=0.00s Real=0.00s
[223.620s][info][gc,start       ] GC(2336) Pause Young (Allocation Failure)
[223.623s][info][gc,heap        ] GC(2336) DefNew: 570651K(629120K)->9868K(629120K) Eden: 559232K(559232K)->0K(559232K) From: 11419K(69888K)->9868K(69888K)
[223.623s][info][gc,heap        ] GC(2336) Tenured: 1178161K(1398144K)->1178161K(1398144K)
[223.623s][info][gc,metaspace   ] GC(2336) Metaspace: 133524K(135232K)->133524K(135232K) NonClass: 116658K(117440K)->116658K(117440K) Class: 16865K(17792K)->16865K(17792K)
[223.623s][info][gc             ] GC(2336) Pause Young (Allocation Failure) 1707M->1160M(1979M) 2.965ms
[223.623s][info][gc,cpu         ] GC(2336) User=0.02s Sys=0.00s Real=0.01s
[223.709s][info][gc,start       ] GC(2337) Pause Young (Allocation Failure)
[223.713s][info][gc,heap        ] GC(2337) DefNew: 569100K(629120K)->16187K(629120K) Eden: 559232K(559232K)->0K(559232K) From: 9868K(69888K)->16187K(69888K)
[223.713s][info][gc,heap        ] GC(2337) Tenured: 1178161K(1398144K)->1178161K(1398144K)
[223.713s][info][gc,metaspace   ] GC(2337) Metaspace: 133524K(135232K)->133524K(135232K) NonClass: 116658K(117440K)->116658K(117440K) Class: 16865K(17792K)->16865K(17792K)
[223.713s][info][gc             ] GC(2337) Pause Young (Allocation Failure) 1706M->1166M(1979M) 3.675ms
[223.713s][info][gc,cpu         ] GC(2337) User=0.00s Sys=0.00s Real=0.00s
[223.842s][info][gc,start       ] GC(2338) Pause Young (Allocation Failure)
[223.846s][info][gc,heap        ] GC(2338) DefNew: 573017K(629120K)->14136K(629120K) Eden: 556829K(559232K)->0K(559232K) From: 16187K(69888K)->14136K(69888K)
[223.846s][info][gc,heap        ] GC(2338) Tenured: 1178161K(1398144K)->1178161K(1398144K)
[223.846s][info][gc,metaspace   ] GC(2338) Metaspace: 133524K(135232K)->133524K(135232K) NonClass: 116658K(117440K)->116658K(117440K) Class: 16865K(17792K)->16865K(17792K)
[223.846s][info][gc             ] GC(2338) Pause Young (Allocation Failure) 1710M->1164M(1979M) 3.198ms
[223.846s][info][gc,cpu         ] GC(2338) User=0.00s Sys=0.00s Real=0.00s
[223.991s][info][gc,start       ] GC(2339) Pause Full (System.gc())
[223.992s][info][gc,phases,start] GC(2339) Phase 1: Mark live objects
[224.052s][info][gc,phases      ] GC(2339) Phase 1: Mark live objects 60.089ms
[224.052s][info][gc,phases,start] GC(2339) Phase 2: Compute new object addresses
[224.094s][info][gc,phases      ] GC(2339) Phase 2: Compute new object addresses 42.579ms
[224.094s][info][gc,phases,start] GC(2339) Phase 3: Adjust pointers
[224.128s][info][gc,phases      ] GC(2339) Phase 3: Adjust pointers 33.341ms
[224.128s][info][gc,phases,start] GC(2339) Phase 4: Move objects
[224.128s][info][gc,phases      ] GC(2339) Phase 4: Move objects 0.039ms
[224.128s][info][gc,heap        ] GC(2339) DefNew: 251685K(629120K)->0K(629120K) Eden: 237549K(559232K)->0K(559232K) From: 14136K(69888K)->0K(69888K)
[224.128s][info][gc,heap        ] GC(2339) Tenured: 1178161K(1398144K)->1034811K(1398144K)
[224.128s][info][gc,metaspace   ] GC(2339) Metaspace: 133530K(135232K)->133530K(135232K) NonClass: 116665K(117440K)->116665K(117440K) Class: 16865K(17792K)->16865K(17792K)
[224.128s][info][gc             ] GC(2339) Pause Full (System.gc()) 1396M->1010M(1979M) 136.878ms
[224.128s][info][gc,cpu         ] GC(2339) User=0.12s Sys=0.00s Real=0.14s
[224.249s][info][gc,start       ] GC(2340) Pause Young (Allocation Failure)
[224.253s][info][gc,heap        ] GC(2340) DefNew: 559232K(629120K)->4926K(629120K) Eden: 559232K(559232K)->0K(559232K) From: 0K(69888K)->4926K(69888K)
[224.253s][info][gc,heap        ] GC(2340) Tenured: 1034811K(1398144K)->1034811K(1398144K)
[224.253s][info][gc,metaspace   ] GC(2340) Metaspace: 133533K(135232K)->133533K(135232K) NonClass: 116668K(117440K)->116668K(117440K) Class: 16865K(17792K)->16865K(17792K)
[224.253s][info][gc             ] GC(2340) Pause Young (Allocation Failure) 1556M->1015M(1979M) 4.658ms
[224.253s][info][gc,cpu         ] GC(2340) User=0.02s Sys=0.00s Real=0.00s
[224.308s][info][gc,start       ] GC(2341) Pause Young (Allocation Failure)
[224.312s][info][gc,heap        ] GC(2341) DefNew: 564158K(629120K)->6282K(629120K) Eden: 559232K(559232K)->0K(559232K) From: 4926K(69888K)->6282K(69888K)
[224.312s][info][gc,heap        ] GC(2341) Tenured: 1034811K(1398144K)->1034811K(1398144K)
[224.312s][info][gc,metaspace   ] GC(2341) Metaspace: 133533K(135232K)->133533K(135232K) NonClass: 116668K(117440K)->116668K(117440K) Class: 16865K(17792K)->16865K(17792K)
[224.312s][info][gc             ] GC(2341) Pause Young (Allocation Failure) 1561M->1016M(1979M) 3.908ms
[224.312s][info][gc,cpu         ] GC(2341) User=0.00s Sys=0.00s Real=0.00s
[224.367s][info][gc,start       ] GC(2342) Pause Young (Allocation Failure)
[224.371s][info][gc,heap        ] GC(2342) DefNew: 565514K(629120K)->9027K(629120K) Eden: 559232K(559232K)->0K(559232K) From: 6282K(69888K)->9027K(69888K)
[224.371s][info][gc,heap        ] GC(2342) Tenured: 1034811K(1398144K)->1034811K(1398144K)
[224.371s][info][gc,metaspace   ] GC(2342) Metaspace: 133533K(135232K)->133533K(135232K) NonClass: 116668K(117440K)->116668K(117440K) Class: 16865K(17792K)->16865K(17792K)
[224.371s][info][gc             ] GC(2342) Pause Young (Allocation Failure) 1562M->1019M(1979M) 4.331ms
[224.371s][info][gc,cpu         ] GC(2342) User=0.00s Sys=0.00s Real=0.02s
[224.426s][info][gc,start       ] GC(2343) Pause Young (Allocation Failure)
[224.430s][info][gc,heap        ] GC(2343) DefNew: 568259K(629120K)->10771K(629120K) Eden: 559232K(559232K)->0K(559232K) From: 9027K(69888K)->10771K(69888K)
[224.430s][info][gc,heap        ] GC(2343) Tenured: 1034811K(1398144K)->1034811K(1398144K)
[224.430s][info][gc,metaspace   ] GC(2343) Metaspace: 133533K(135232K)->133533K(135232K) NonClass: 116668K(117440K)->116668K(117440K) Class: 16865K(17792K)->16865K(17792K)
[224.430s][info][gc             ] GC(2343) Pause Young (Allocation Failure) 1565M->1021M(1979M) 4.370ms
[224.430s][info][gc,cpu         ] GC(2343) User=0.00s Sys=0.00s Real=0.00s
[224.484s][info][gc,start       ] GC(2344) Pause Young (Allocation Failure)
[224.489s][info][gc,heap        ] GC(2344) DefNew: 570003K(629120K)->13207K(629120K) Eden: 559232K(559232K)->0K(559232K) From: 10771K(69888K)->13207K(69888K)
[224.489s][info][gc,heap        ] GC(2344) Tenured: 1034811K(1398144K)->1034811K(1398144K)
[224.489s][info][gc,metaspace   ] GC(2344) Metaspace: 133533K(135232K)->133533K(135232K) NonClass: 116668K(117440K)->116668K(117440K) Class: 16865K(17792K)->16865K(17792K)
[224.489s][info][gc             ] GC(2344) Pause Young (Allocation Failure) 1567M->1023M(1979M) 4.703ms
[224.489s][info][gc,cpu         ] GC(2344) User=0.00s Sys=0.00s Real=0.00s
[224.548s][info][gc,start       ] GC(2345) Pause Young (Allocation Failure)
[224.553s][info][gc,heap        ] GC(2345) DefNew: 572439K(629120K)->19066K(629120K) Eden: 559232K(559232K)->0K(559232K) From: 13207K(69888K)->19066K(69888K)
[224.553s][info][gc,heap        ] GC(2345) Tenured: 1034811K(1398144K)->1034811K(1398144K)
[224.553s][info][gc,metaspace   ] GC(2345) Metaspace: 133533K(135232K)->133533K(135232K) NonClass: 116668K(117440K)->116668K(117440K) Class: 16865K(17792K)->16865K(17792K)
[224.553s][info][gc             ] GC(2345) Pause Young (Allocation Failure) 1569M->1029M(1979M) 5.293ms
[224.553s][info][gc,cpu         ] GC(2345) User=0.00s Sys=0.00s Real=0.00s
[224.612s][info][gc,start       ] GC(2346) Pause Young (Allocation Failure)
[224.619s][info][gc,heap        ] GC(2346) DefNew: 578298K(629120K)->28725K(629120K) Eden: 559232K(559232K)->0K(559232K) From: 19066K(69888K)->28725K(69888K)
[224.619s][info][gc,heap        ] GC(2346) Tenured: 1034811K(1398144K)->1034811K(1398144K)
[224.619s][info][gc,metaspace   ] GC(2346) Metaspace: 133533K(135232K)->133533K(135232K) NonClass: 116668K(117440K)->116668K(117440K) Class: 16865K(17792K)->16865K(17792K)
[224.619s][info][gc             ] GC(2346) Pause Young (Allocation Failure) 1575M->1038M(1979M) 6.209ms
[224.619s][info][gc,cpu         ] GC(2346) User=0.02s Sys=0.00s Real=0.00s
[224.676s][info][gc,start       ] GC(2347) Pause Young (Allocation Failure)
[224.682s][info][gc,heap        ] GC(2347) DefNew: 587957K(629120K)->27262K(629120K) Eden: 559232K(559232K)->0K(559232K) From: 28725K(69888K)->27262K(69888K)
[224.682s][info][gc,heap        ] GC(2347) Tenured: 1034811K(1398144K)->1034811K(1398144K)
[224.683s][info][gc,metaspace   ] GC(2347) Metaspace: 133533K(135232K)->133533K(135232K) NonClass: 116668K(117440K)->116668K(117440K) Class: 16865K(17792K)->16865K(17792K)
[224.683s][info][gc             ] GC(2347) Pause Young (Allocation Failure) 1584M->1037M(1979M) 6.098ms
[224.683s][info][gc,cpu         ] GC(2347) User=0.02s Sys=0.00s Real=0.00s
[224.738s][info][gc,start       ] GC(2348) Pause Young (Allocation Failure)
[224.745s][info][gc,heap        ] GC(2348) DefNew: 586494K(629120K)->35071K(629120K) Eden: 559232K(559232K)->0K(559232K) From: 27262K(69888K)->35071K(69888K)
[224.745s][info][gc,heap        ] GC(2348) Tenured: 1034811K(1398144K)->1034811K(1398144K)
[224.745s][info][gc,metaspace   ] GC(2348) Metaspace: 133533K(135232K)->133533K(135232K) NonClass: 116668K(117440K)->116668K(117440K) Class: 16865K(17792K)->16865K(17792K)
[224.745s][info][gc             ] GC(2348) Pause Young (Allocation Failure) 1583M->1044M(1979M) 6.881ms
[224.745s][info][gc,cpu         ] GC(2348) User=0.02s Sys=0.00s Real=0.00s
[224.802s][info][gc,start       ] GC(2349) Pause Young (Allocation Failure)
[224.810s][info][gc,heap        ] GC(2349) DefNew: 594303K(629120K)->36985K(629120K) Eden: 559232K(559232K)->0K(559232K) From: 35071K(69888K)->36985K(69888K)
[224.810s][info][gc,heap        ] GC(2349) Tenured: 1034811K(1398144K)->1036390K(1398144K)
[224.810s][info][gc,metaspace   ] GC(2349) Metaspace: 133533K(135232K)->133533K(135232K) NonClass: 116668K(117440K)->116668K(117440K) Class: 16865K(17792K)->16865K(17792K)
[224.810s][info][gc             ] GC(2349) Pause Young (Allocation Failure) 1590M->1048M(1979M) 7.370ms
[224.810s][info][gc,cpu         ] GC(2349) User=0.02s Sys=0.00s Real=0.00s
[224.865s][info][gc,start       ] GC(2350) Pause Young (Allocation Failure)
[224.871s][info][gc,heap        ] GC(2350) DefNew: 596217K(629120K)->35386K(629120K) Eden: 559232K(559232K)->0K(559232K) From: 36985K(69888K)->35386K(69888K)
[224.871s][info][gc,heap        ] GC(2350) Tenured: 1036390K(1398144K)->1040487K(1398144K)
[224.871s][info][gc,metaspace   ] GC(2350) Metaspace: 133533K(135232K)->133533K(135232K) NonClass: 116668K(117440K)->116668K(117440K) Class: 16865K(17792K)->16865K(17792K)
[224.871s][info][gc             ] GC(2350) Pause Young (Allocation Failure) 1594M->1050M(1979M) 6.088ms
[224.871s][info][gc,cpu         ] GC(2350) User=0.02s Sys=0.00s Real=0.00s
[224.927s][info][gc,start       ] GC(2351) Pause Young (Allocation Failure)
[224.933s][info][gc,heap        ] GC(2351) DefNew: 594618K(629120K)->35430K(629120K) Eden: 559232K(559232K)->0K(559232K) From: 35386K(69888K)->35430K(69888K)
[224.933s][info][gc,heap        ] GC(2351) Tenured: 1040487K(1398144K)->1044584K(1398144K)
[224.933s][info][gc,metaspace   ] GC(2351) Metaspace: 133533K(135232K)->133533K(135232K) NonClass: 116668K(117440K)->116668K(117440K) Class: 16865K(17792K)->16865K(17792K)
[224.933s][info][gc             ] GC(2351) Pause Young (Allocation Failure) 1596M->1054M(1979M) 6.039ms
[224.933s][info][gc,cpu         ] GC(2351) User=0.00s Sys=0.00s Real=0.01s
[224.989s][info][gc,start       ] GC(2352) Pause Young (Allocation Failure)
[224.995s][info][gc,heap        ] GC(2352) DefNew: 594662K(629120K)->39355K(629120K) Eden: 559232K(559232K)->0K(559232K) From: 35430K(69888K)->39355K(69888K)
[224.995s][info][gc,heap        ] GC(2352) Tenured: 1044584K(1398144K)->1048987K(1398144K)
[224.995s][info][gc,metaspace   ] GC(2352) Metaspace: 133533K(135232K)->133533K(135232K) NonClass: 116668K(117440K)->116668K(117440K) Class: 16865K(17792K)->16865K(17792K)
[224.995s][info][gc             ] GC(2352) Pause Young (Allocation Failure) 1600M->1062M(1979M) 6.304ms
[224.995s][info][gc,cpu         ] GC(2352) User=0.00s Sys=0.00s Real=0.00s
[225.051s][info][gc,start       ] GC(2353) Pause Young (Allocation Failure)
[225.056s][info][gc,heap        ] GC(2353) DefNew: 598587K(629120K)->31032K(629120K) Eden: 559232K(559232K)->0K(559232K) From: 39355K(69888K)->31032K(69888K)
[225.056s][info][gc,heap        ] GC(2353) Tenured: 1048987K(1398144K)->1057183K(1398144K)
[225.056s][info][gc,metaspace   ] GC(2353) Metaspace: 133533K(135232K)->133533K(135232K) NonClass: 116668K(117440K)->116668K(117440K) Class: 16865K(17792K)->16865K(17792K)
[225.056s][info][gc             ] GC(2353) Pause Young (Allocation Failure) 1608M->1062M(1979M) 5.607ms
[225.056s][info][gc,cpu         ] GC(2353) User=0.00s Sys=0.00s Real=0.00s
[225.112s][info][gc,start       ] GC(2354) Pause Young (Allocation Failure)
[225.117s][info][gc,heap        ] GC(2354) DefNew: 590264K(629120K)->37765K(629120K) Eden: 559232K(559232K)->0K(559232K) From: 31032K(69888K)->37765K(69888K)
[225.117s][info][gc,heap        ] GC(2354) Tenured: 1057183K(1398144K)->1057183K(1398144K)
[225.117s][info][gc,metaspace   ] GC(2354) Metaspace: 133533K(135232K)->133533K(135232K) NonClass: 116668K(117440K)->116668K(117440K) Class: 16865K(17792K)->16865K(17792K)
[225.117s][info][gc             ] GC(2354) Pause Young (Allocation Failure) 1608M->1069M(1979M) 5.421ms
[225.117s][info][gc,cpu         ] GC(2354) User=0.00s Sys=0.00s Real=0.00s
[225.174s][info][gc,start       ] GC(2355) Pause Young (Allocation Failure)
[225.179s][info][gc,heap        ] GC(2355) DefNew: 596997K(629120K)->31028K(629120K) Eden: 559232K(559232K)->0K(559232K) From: 37765K(69888K)->31028K(69888K)
[225.179s][info][gc,heap        ] GC(2355) Tenured: 1057183K(1398144K)->1065377K(1398144K)
[225.179s][info][gc,metaspace   ] GC(2355) Metaspace: 133533K(135232K)->133533K(135232K) NonClass: 116668K(117440K)->116668K(117440K) Class: 16865K(17792K)->16865K(17792K)
[225.179s][info][gc             ] GC(2355) Pause Young (Allocation Failure) 1615M->1070M(1979M) 5.809ms
[225.179s][info][gc,cpu         ] GC(2355) User=0.02s Sys=0.00s Real=0.00s
[225.243s][info][gc,start       ] GC(2356) Pause Young (Allocation Failure)
[225.249s][info][gc,heap        ] GC(2356) DefNew: 590260K(629120K)->38048K(629120K) Eden: 559232K(559232K)->0K(559232K) From: 31028K(69888K)->38048K(69888K)
[225.249s][info][gc,heap        ] GC(2356) Tenured: 1065377K(1398144K)->1065377K(1398144K)
[225.249s][info][gc,metaspace   ] GC(2356) Metaspace: 133533K(135232K)->133533K(135232K) NonClass: 116668K(117440K)->116668K(117440K) Class: 16865K(17792K)->16865K(17792K)
[225.249s][info][gc             ] GC(2356) Pause Young (Allocation Failure) 1616M->1077M(1979M) 5.933ms
[225.249s][info][gc,cpu         ] GC(2356) User=0.00s Sys=0.00s Real=0.00s
[225.338s][info][gc,start       ] GC(2357) Pause Young (Allocation Failure)
[225.345s][info][gc,heap        ] GC(2357) DefNew: 597280K(629120K)->44172K(629120K) Eden: 559232K(559232K)->0K(559232K) From: 38048K(69888K)->44172K(69888K)
[225.345s][info][gc,heap        ] GC(2357) Tenured: 1065377K(1398144K)->1073572K(1398144K)
[225.345s][info][gc,metaspace   ] GC(2357) Metaspace: 133533K(135232K)->133533K(135232K) NonClass: 116668K(117440K)->116668K(117440K) Class: 16865K(17792K)->16865K(17792K)
[225.345s][info][gc             ] GC(2357) Pause Young (Allocation Failure) 1623M->1091M(1979M) 7.246ms
[225.345s][info][gc,cpu         ] GC(2357) User=0.00s Sys=0.00s Real=0.00s
[225.433s][info][gc,start       ] GC(2358) Pause Young (Allocation Failure)
[225.440s][info][gc,heap        ] GC(2358) DefNew: 603404K(629120K)->39681K(629120K) Eden: 559232K(559232K)->0K(559232K) From: 44172K(69888K)->39681K(69888K)
[225.440s][info][gc,heap        ] GC(2358) Tenured: 1073572K(1398144K)->1089962K(1398144K)
[225.440s][info][gc,metaspace   ] GC(2358) Metaspace: 133533K(135232K)->133533K(135232K) NonClass: 116668K(117440K)->116668K(117440K) Class: 16865K(17792K)->16865K(17792K)
[225.440s][info][gc             ] GC(2358) Pause Young (Allocation Failure) 1637M->1103M(1979M) 7.349ms
[225.440s][info][gc,cpu         ] GC(2358) User=0.00s Sys=0.00s Real=0.00s
[225.529s][info][gc,start       ] GC(2359) Pause Young (Allocation Failure)
[225.536s][info][gc,heap        ] GC(2359) DefNew: 598913K(629120K)->43632K(629120K) Eden: 559232K(559232K)->0K(559232K) From: 39681K(69888K)->43632K(69888K)
[225.536s][info][gc,heap        ] GC(2359) Tenured: 1089962K(1398144K)->1098506K(1398144K)
[225.536s][info][gc,metaspace   ] GC(2359) Metaspace: 133533K(135232K)->133533K(135232K) NonClass: 116668K(117440K)->116668K(117440K) Class: 16865K(17792K)->16865K(17792K)
[225.536s][info][gc             ] GC(2359) Pause Young (Allocation Failure) 1649M->1115M(1979M) 7.295ms
[225.536s][info][gc,cpu         ] GC(2359) User=0.02s Sys=0.00s Real=0.01s
[225.624s][info][gc,start       ] GC(2360) Pause Young (Allocation Failure)
[225.632s][info][gc,heap        ] GC(2360) DefNew: 602864K(629120K)->49559K(629120K) Eden: 559232K(559232K)->0K(559232K) From: 43632K(69888K)->49559K(69888K)
[225.632s][info][gc,heap        ] GC(2360) Tenured: 1098506K(1398144K)->1110922K(1398144K)
[225.632s][info][gc,metaspace   ] GC(2360) Metaspace: 133533K(135232K)->133533K(135232K) NonClass: 116668K(117440K)->116668K(117440K) Class: 16865K(17792K)->16865K(17792K)
[225.632s][info][gc             ] GC(2360) Pause Young (Allocation Failure) 1661M->1133M(1979M) 7.941ms
[225.632s][info][gc,cpu         ] GC(2360) User=0.00s Sys=0.00s Real=0.00s
[225.720s][info][gc,start       ] GC(2361) Pause Young (Allocation Failure)
[225.727s][info][gc,heap        ] GC(2361) DefNew: 608791K(629120K)->31017K(629120K) Eden: 559232K(559232K)->0K(559232K) From: 49559K(69888K)->31017K(69888K)
[225.727s][info][gc,heap        ] GC(2361) Tenured: 1110922K(1398144K)->1139603K(1398144K)
[225.727s][info][gc,metaspace   ] GC(2361) Metaspace: 133533K(135232K)->133533K(135232K) NonClass: 116668K(117440K)->116668K(117440K) Class: 16865K(17792K)->16865K(17792K)
[225.727s][info][gc             ] GC(2361) Pause Young (Allocation Failure) 1679M->1143M(1979M) 7.476ms
[225.727s][info][gc,cpu         ] GC(2361) User=0.00s Sys=0.00s Real=0.00s
[225.816s][info][gc,start       ] GC(2362) Pause Young (Allocation Failure)
[225.822s][info][gc,heap        ] GC(2362) DefNew: 590249K(629120K)->42904K(629120K) Eden: 559232K(559232K)->0K(559232K) From: 31017K(69888K)->42904K(69888K)
[225.822s][info][gc,heap        ] GC(2362) Tenured: 1139603K(1398144K)->1139603K(1398144K)
[225.822s][info][gc,metaspace   ] GC(2362) Metaspace: 133533K(135232K)->133533K(135232K) NonClass: 116668K(117440K)->116668K(117440K) Class: 16865K(17792K)->16865K(17792K)
[225.822s][info][gc             ] GC(2362) Pause Young (Allocation Failure) 1689M->1154M(1979M) 5.830ms
[225.822s][info][gc,cpu         ] GC(2362) User=0.00s Sys=0.00s Real=0.02s
[225.912s][info][gc,start       ] GC(2363) Pause Young (Allocation Failure)
[225.919s][info][gc,heap        ] GC(2363) DefNew: 602136K(629120K)->44253K(629120K) Eden: 559232K(559232K)->0K(559232K) From: 42904K(69888K)->44253K(69888K)
[225.919s][info][gc,heap        ] GC(2363) Tenured: 1139603K(1398144K)->1147798K(1398144K)
[225.919s][info][gc,metaspace   ] GC(2363) Metaspace: 133533K(135232K)->133533K(135232K) NonClass: 116668K(117440K)->116668K(117440K) Class: 16865K(17792K)->16865K(17792K)
[225.919s][info][gc             ] GC(2363) Pause Young (Allocation Failure) 1700M->1164M(1979M) 7.088ms
[225.919s][info][gc,cpu         ] GC(2363) User=0.00s Sys=0.00s Real=0.02s
[226.001s][info][gc,start       ] GC(2364) Pause Young (Allocation Failure)
[226.007s][info][gc,heap        ] GC(2364) DefNew: 603485K(629120K)->34494K(629120K) Eden: 559232K(559232K)->0K(559232K) From: 44253K(69888K)->34494K(69888K)
[226.008s][info][gc,heap        ] GC(2364) Tenured: 1147798K(1398144K)->1164186K(1398144K)
[226.008s][info][gc,metaspace   ] GC(2364) Metaspace: 133533K(135232K)->133533K(135232K) NonClass: 116668K(117440K)->116668K(117440K) Class: 16865K(17792K)->16865K(17792K)
[226.008s][info][gc             ] GC(2364) Pause Young (Allocation Failure) 1710M->1170M(1979M) 6.625ms
[226.008s][info][gc,cpu         ] GC(2364) User=0.00s Sys=0.00s Real=0.00s
[226.094s][info][gc,start       ] GC(2365) Pause Young (Allocation Failure)
[226.100s][info][gc,heap        ] GC(2365) DefNew: 593726K(629120K)->47846K(629120K) Eden: 559232K(559232K)->0K(559232K) From: 34494K(69888K)->47846K(69888K)
[226.100s][info][gc,heap        ] GC(2365) Tenured: 1164186K(1398144K)->1164186K(1398144K)
[226.100s][info][gc,metaspace   ] GC(2365) Metaspace: 133533K(135232K)->133533K(135232K) NonClass: 116668K(117440K)->116668K(117440K) Class: 16865K(17792K)->16865K(17792K)
[226.100s][info][gc             ] GC(2365) Pause Young (Allocation Failure) 1716M->1183M(1979M) 6.461ms
[226.100s][info][gc,cpu         ] GC(2365) User=0.00s Sys=0.00s Real=0.00s
[226.190s][info][gc,start       ] GC(2366) Pause Young (Allocation Failure)
[226.197s][info][gc,heap        ] GC(2366) DefNew: 607078K(629120K)->39272K(629120K) Eden: 559232K(559232K)->0K(559232K) From: 47846K(69888K)->39272K(69888K)
[226.197s][info][gc,heap        ] GC(2366) Tenured: 1164186K(1398144K)->1180578K(1398144K)
[226.197s][info][gc,metaspace   ] GC(2366) Metaspace: 133533K(135232K)->133533K(135232K) NonClass: 116668K(117440K)->116668K(117440K) Class: 16865K(17792K)->16865K(17792K)
[226.198s][info][gc             ] GC(2366) Pause Young (Allocation Failure) 1729M->1191M(1979M) 7.954ms
[226.198s][info][gc,cpu         ] GC(2366) User=0.00s Sys=0.00s Real=0.00s
[226.284s][info][gc,start       ] GC(2367) Pause Young (Allocation Failure)
[226.290s][info][gc,heap        ] GC(2367) DefNew: 597285K(629120K)->39374K(629120K) Eden: 558012K(559232K)->0K(559232K) From: 39272K(69888K)->39374K(69888K)
[226.291s][info][gc,heap        ] GC(2367) Tenured: 1180578K(1398144K)->1188818K(1398144K)
[226.291s][info][gc,metaspace   ] GC(2367) Metaspace: 133533K(135232K)->133533K(135232K) NonClass: 116668K(117440K)->116668K(117440K) Class: 16865K(17792K)->16865K(17792K)
[226.291s][info][gc             ] GC(2367) Pause Young (Allocation Failure) 1736M->1199M(1979M) 6.569ms
[226.291s][info][gc,cpu         ] GC(2367) User=0.00s Sys=0.00s Real=0.00s
[226.376s][info][gc,start       ] GC(2368) Pause Young (Allocation Failure)
[226.382s][info][gc,heap        ] GC(2368) DefNew: 598606K(629120K)->33551K(629120K) Eden: 559232K(559232K)->0K(559232K) From: 39374K(69888K)->33551K(69888K)
[226.382s][info][gc,heap        ] GC(2368) Tenured: 1188818K(1398144K)->1197014K(1398144K)
[226.382s][info][gc,metaspace   ] GC(2368) Metaspace: 133533K(135232K)->133533K(135232K) NonClass: 116668K(117440K)->116668K(117440K) Class: 16865K(17792K)->16865K(17792K)
[226.382s][info][gc             ] GC(2368) Pause Young (Allocation Failure) 1745M->1201M(1979M) 6.038ms
[226.382s][info][gc,cpu         ] GC(2368) User=0.00s Sys=0.00s Real=0.00s
[226.470s][info][gc,start       ] GC(2369) Pause Young (Allocation Failure)
[226.476s][info][gc,heap        ] GC(2369) DefNew: 592783K(629120K)->41741K(629120K) Eden: 559232K(559232K)->0K(559232K) From: 33551K(69888K)->41741K(69888K)
[226.476s][info][gc,heap        ] GC(2369) Tenured: 1197014K(1398144K)->1197014K(1398144K)
[226.476s][info][gc,metaspace   ] GC(2369) Metaspace: 133533K(135232K)->133533K(135232K) NonClass: 116668K(117440K)->116668K(117440K) Class: 16865K(17792K)->16865K(17792K)
[226.476s][info][gc             ] GC(2369) Pause Young (Allocation Failure) 1747M->1209M(1979M) 5.793ms
[226.476s][info][gc,cpu         ] GC(2369) User=0.00s Sys=0.00s Real=0.00s
[226.563s][info][gc,start       ] GC(2370) Pause Young (Allocation Failure)
[226.569s][info][gc,heap        ] GC(2370) DefNew: 600973K(629120K)->35313K(629120K) Eden: 559232K(559232K)->0K(559232K) From: 41741K(69888K)->35313K(69888K)
[226.569s][info][gc,heap        ] GC(2370) Tenured: 1197014K(1398144K)->1209310K(1398144K)
[226.569s][info][gc,metaspace   ] GC(2370) Metaspace: 133533K(135232K)->133533K(135232K) NonClass: 116668K(117440K)->116668K(117440K) Class: 16865K(17792K)->16865K(17792K)
[226.569s][info][gc             ] GC(2370) Pause Young (Allocation Failure) 1755M->1215M(1979M) 6.747ms
[226.569s][info][gc,cpu         ] GC(2370) User=0.00s Sys=0.00s Real=0.00s
[226.659s][info][gc,start       ] GC(2371) Pause Young (Allocation Failure)
[226.665s][info][gc,heap        ] GC(2371) DefNew: 594545K(629120K)->31944K(629120K) Eden: 559232K(559232K)->0K(559232K) From: 35313K(69888K)->31944K(69888K)
[226.665s][info][gc,heap        ] GC(2371) Tenured: 1209310K(1398144K)->1217504K(1398144K)
[226.665s][info][gc,metaspace   ] GC(2371) Metaspace: 133533K(135232K)->133533K(135232K) NonClass: 116668K(117440K)->116668K(117440K) Class: 16865K(17792K)->16865K(17792K)
[226.665s][info][gc             ] GC(2371) Pause Young (Allocation Failure) 1761M->1220M(1979M) 6.123ms
[226.665s][info][gc,cpu         ] GC(2371) User=0.00s Sys=0.00s Real=0.00s
[226.748s][info][gc,start       ] GC(2372) Pause Young (Allocation Failure)
[226.753s][info][gc,heap        ] GC(2372) DefNew: 591176K(629120K)->35067K(629120K) Eden: 559232K(559232K)->0K(559232K) From: 31944K(69888K)->35067K(69888K)
[226.753s][info][gc,heap        ] GC(2372) Tenured: 1217504K(1398144K)->1217504K(1398144K)
[226.753s][info][gc,metaspace   ] GC(2372) Metaspace: 133533K(135232K)->133533K(135232K) NonClass: 116668K(117440K)->116668K(117440K) Class: 16865K(17792K)->16865K(17792K)
[226.754s][info][gc             ] GC(2372) Pause Young (Allocation Failure) 1766M->1223M(1979M) 5.169ms
[226.754s][info][gc,cpu         ] GC(2372) User=0.00s Sys=0.00s Real=0.01s
[226.836s][info][gc,start       ] GC(2373) Pause Young (Allocation Failure)
[226.840s][info][gc,heap        ] GC(2373) DefNew: 594299K(629120K)->25127K(629120K) Eden: 559232K(559232K)->0K(559232K) From: 35067K(69888K)->25127K(69888K)
[226.840s][info][gc,heap        ] GC(2373) Tenured: 1217504K(1398144K)->1221601K(1398144K)
[226.840s][info][gc,metaspace   ] GC(2373) Metaspace: 133533K(135232K)->133533K(135232K) NonClass: 116668K(117440K)->116668K(117440K) Class: 16865K(17792K)->16865K(17792K)
[226.840s][info][gc             ] GC(2373) Pause Young (Allocation Failure) 1769M->1217M(1979M) 4.640ms
[226.841s][info][gc,cpu         ] GC(2373) User=0.00s Sys=0.00s Real=0.01s
[226.923s][info][gc,start       ] GC(2374) Pause Young (Allocation Failure)
[226.927s][info][gc,heap        ] GC(2374) DefNew: 584359K(629120K)->27840K(629120K) Eden: 559232K(559232K)->0K(559232K) From: 25127K(69888K)->27840K(69888K)
[226.927s][info][gc,heap        ] GC(2374) Tenured: 1221601K(1398144K)->1221601K(1398144K)
[226.927s][info][gc,metaspace   ] GC(2374) Metaspace: 133533K(135232K)->133533K(135232K) NonClass: 116668K(117440K)->116668K(117440K) Class: 16865K(17792K)->16865K(17792K)
[226.927s][info][gc             ] GC(2374) Pause Young (Allocation Failure) 1763M->1220M(1979M) 4.532ms
[226.927s][info][gc,cpu         ] GC(2374) User=0.00s Sys=0.00s Real=0.00s
[227.013s][info][gc,start       ] GC(2375) Pause Young (Allocation Failure)
[227.018s][info][gc,heap        ] GC(2375) DefNew: 587072K(629120K)->36727K(629120K) Eden: 559232K(559232K)->0K(559232K) From: 27840K(69888K)->36727K(69888K)
[227.018s][info][gc,heap        ] GC(2375) Tenured: 1221601K(1398144K)->1221601K(1398144K)
[227.018s][info][gc,metaspace   ] GC(2375) Metaspace: 133533K(135232K)->133533K(135232K) NonClass: 116668K(117440K)->116668K(117440K) Class: 16865K(17792K)->16865K(17792K)
[227.018s][info][gc             ] GC(2375) Pause Young (Allocation Failure) 1766M->1228M(1979M) 5.367ms
[227.019s][info][gc,cpu         ] GC(2375) User=0.00s Sys=0.00s Real=0.02s
[227.105s][info][gc,start       ] GC(2376) Pause Young (Allocation Failure)
[227.110s][info][gc,heap        ] GC(2376) DefNew: 595959K(629120K)->24619K(629120K) Eden: 559232K(559232K)->0K(559232K) From: 36727K(69888K)->24619K(69888K)
[227.110s][info][gc,heap        ] GC(2376) Tenured: 1221601K(1398144K)->1229794K(1398144K)
[227.110s][info][gc,metaspace   ] GC(2376) Metaspace: 133533K(135232K)->133533K(135232K) NonClass: 116668K(117440K)->116668K(117440K) Class: 16865K(17792K)->16865K(17792K)
[227.110s][info][gc             ] GC(2376) Pause Young (Allocation Failure) 1774M->1225M(1979M) 5.136ms
[227.110s][info][gc,cpu         ] GC(2376) User=0.00s Sys=0.00s Real=0.02s
[227.198s][info][gc,start       ] GC(2377) Pause Young (Allocation Failure)
[227.202s][info][gc,heap        ] GC(2377) DefNew: 583851K(629120K)->23759K(629120K) Eden: 559232K(559232K)->0K(559232K) From: 24619K(69888K)->23759K(69888K)
[227.202s][info][gc,heap        ] GC(2377) Tenured: 1229794K(1398144K)->1229794K(1398144K)
[227.202s][info][gc,metaspace   ] GC(2377) Metaspace: 133533K(135232K)->133533K(135232K) NonClass: 116668K(117440K)->116668K(117440K) Class: 16865K(17792K)->16865K(17792K)
[227.202s][info][gc             ] GC(2377) Pause Young (Allocation Failure) 1771M->1224M(1979M) 4.137ms
[227.202s][info][gc,cpu         ] GC(2377) User=0.00s Sys=0.00s Real=0.00s
[227.289s][info][gc,start       ] GC(2378) Pause Young (Allocation Failure)
[227.293s][info][gc,heap        ] GC(2378) DefNew: 582991K(629120K)->23758K(629120K) Eden: 559232K(559232K)->0K(559232K) From: 23759K(69888K)->23758K(69888K)
[227.293s][info][gc,heap        ] GC(2378) Tenured: 1229794K(1398144K)->1229794K(1398144K)
[227.293s][info][gc,metaspace   ] GC(2378) Metaspace: 133533K(135232K)->133533K(135232K) NonClass: 116668K(117440K)->116668K(117440K) Class: 16865K(17792K)->16865K(17792K)
[227.293s][info][gc             ] GC(2378) Pause Young (Allocation Failure) 1770M->1224M(1979M) 4.429ms
[227.293s][info][gc,cpu         ] GC(2378) User=0.00s Sys=0.00s Real=0.00s
[227.380s][info][gc,start       ] GC(2379) Pause Young (Allocation Failure)
[227.384s][info][gc,heap        ] GC(2379) DefNew: 582990K(629120K)->28530K(629120K) Eden: 559232K(559232K)->0K(559232K) From: 23758K(69888K)->28530K(69888K)
[227.384s][info][gc,heap        ] GC(2379) Tenured: 1229794K(1398144K)->1229794K(1398144K)
[227.384s][info][gc,metaspace   ] GC(2379) Metaspace: 133533K(135232K)->133533K(135232K) NonClass: 116668K(117440K)->116668K(117440K) Class: 16865K(17792K)->16865K(17792K)
[227.384s][info][gc             ] GC(2379) Pause Young (Allocation Failure) 1770M->1228M(1979M) 4.597ms
[227.384s][info][gc,cpu         ] GC(2379) User=0.00s Sys=0.00s Real=0.00s
[227.470s][info][gc,start       ] GC(2380) Pause Young (Allocation Failure)
[227.475s][info][gc,heap        ] GC(2380) DefNew: 587762K(629120K)->28520K(629120K) Eden: 559232K(559232K)->0K(559232K) From: 28530K(69888K)->28520K(69888K)
[227.475s][info][gc,heap        ] GC(2380) Tenured: 1229794K(1398144K)->1229794K(1398144K)
[227.475s][info][gc,metaspace   ] GC(2380) Metaspace: 133533K(135232K)->133533K(135232K) NonClass: 116668K(117440K)->116668K(117440K) Class: 16865K(17792K)->16865K(17792K)
[227.475s][info][gc             ] GC(2380) Pause Young (Allocation Failure) 1774M->1228M(1979M) 4.880ms
[227.475s][info][gc,cpu         ] GC(2380) User=0.02s Sys=0.00s Real=0.02s
[227.563s][info][gc,start       ] GC(2381) Pause Young (Allocation Failure)
[227.567s][info][gc,heap        ] GC(2381) DefNew: 587752K(629120K)->24236K(629120K) Eden: 559232K(559232K)->0K(559232K) From: 28520K(69888K)->24236K(69888K)
[227.567s][info][gc,heap        ] GC(2381) Tenured: 1229794K(1398144K)->1229794K(1398144K)
[227.567s][info][gc,metaspace   ] GC(2381) Metaspace: 133533K(135232K)->133533K(135232K) NonClass: 116668K(117440K)->116668K(117440K) Class: 16865K(17792K)->16865K(17792K)
[227.567s][info][gc             ] GC(2381) Pause Young (Allocation Failure) 1774M->1224M(1979M) 4.388ms
[227.567s][info][gc,cpu         ] GC(2381) User=0.02s Sys=0.00s Real=0.02s
[227.654s][info][gc,start       ] GC(2382) Pause Young (Allocation Failure)
[227.658s][info][gc,heap        ] GC(2382) DefNew: 583468K(629120K)->23753K(629120K) Eden: 559232K(559232K)->0K(559232K) From: 24236K(69888K)->23753K(69888K)
[227.658s][info][gc,heap        ] GC(2382) Tenured: 1229794K(1398144K)->1229794K(1398144K)
[227.658s][info][gc,metaspace   ] GC(2382) Metaspace: 133533K(135232K)->133533K(135232K) NonClass: 116668K(117440K)->116668K(117440K) Class: 16865K(17792K)->16865K(17792K)
[227.658s][info][gc             ] GC(2382) Pause Young (Allocation Failure) 1770M->1224M(1979M) 4.383ms
[227.658s][info][gc,cpu         ] GC(2382) User=0.00s Sys=0.00s Real=0.00s
[227.745s][info][gc,start       ] GC(2383) Pause Young (Allocation Failure)
[227.750s][info][gc,heap        ] GC(2383) DefNew: 582985K(629120K)->30090K(629120K) Eden: 559232K(559232K)->0K(559232K) From: 23753K(69888K)->30090K(69888K)
[227.750s][info][gc,heap        ] GC(2383) Tenured: 1229794K(1398144K)->1229794K(1398144K)
[227.750s][info][gc,metaspace   ] GC(2383) Metaspace: 133533K(135232K)->133533K(135232K) NonClass: 116668K(117440K)->116668K(117440K) Class: 16865K(17792K)->16865K(17792K)
[227.750s][info][gc             ] GC(2383) Pause Young (Allocation Failure) 1770M->1230M(1979M) 5.024ms
[227.750s][info][gc,cpu         ] GC(2383) User=0.00s Sys=0.00s Real=0.00s
[227.837s][info][gc,start       ] GC(2384) Pause Young (Allocation Failure)
[227.842s][info][gc,heap        ] GC(2384) DefNew: 589322K(629120K)->28518K(629120K) Eden: 559232K(559232K)->0K(559232K) From: 30090K(69888K)->28518K(69888K)
[227.842s][info][gc,heap        ] GC(2384) Tenured: 1229794K(1398144K)->1229794K(1398144K)
[227.842s][info][gc,metaspace   ] GC(2384) Metaspace: 133533K(135232K)->133533K(135232K) NonClass: 116668K(117440K)->116668K(117440K) Class: 16865K(17792K)->16865K(17792K)
[227.842s][info][gc             ] GC(2384) Pause Young (Allocation Failure) 1776M->1228M(1979M) 4.731ms
[227.842s][info][gc,cpu         ] GC(2384) User=0.00s Sys=0.00s Real=0.01s
[227.929s][info][gc,start       ] GC(2385) Pause Young (Allocation Failure)
[227.934s][info][gc,heap        ] GC(2385) DefNew: 587750K(629120K)->20538K(629120K) Eden: 559232K(559232K)->0K(559232K) From: 28518K(69888K)->20538K(69888K)
[227.934s][info][gc,heap        ] GC(2385) Tenured: 1229794K(1398144K)->1233892K(1398144K)
[227.934s][info][gc,metaspace   ] GC(2385) Metaspace: 133533K(135232K)->133533K(135232K) NonClass: 116668K(117440K)->116668K(117440K) Class: 16865K(17792K)->16865K(17792K)
[227.934s][info][gc             ] GC(2385) Pause Young (Allocation Failure) 1774M->1225M(1979M) 4.508ms
[227.934s][info][gc,cpu         ] GC(2385) User=0.00s Sys=0.00s Real=0.00s
[228.021s][info][gc,start       ] GC(2386) Pause Young (Allocation Failure)
[228.024s][info][gc,heap        ] GC(2386) DefNew: 579770K(629120K)->11430K(629120K) Eden: 559232K(559232K)->0K(559232K) From: 20538K(69888K)->11430K(69888K)
[228.025s][info][gc,heap        ] GC(2386) Tenured: 1233892K(1398144K)->1242127K(1398144K)
[228.025s][info][gc,metaspace   ] GC(2386) Metaspace: 133533K(135232K)->133533K(135232K) NonClass: 116668K(117440K)->116668K(117440K) Class: 16865K(17792K)->16865K(17792K)
[228.025s][info][gc             ] GC(2386) Pause Young (Allocation Failure) 1771M->1224M(1979M) 3.966ms
[228.025s][info][gc,cpu         ] GC(2386) User=0.02s Sys=0.00s Real=0.02s
[228.111s][info][gc,start       ] GC(2387) Pause Young (Allocation Failure)
[228.114s][info][gc,heap        ] GC(2387) DefNew: 570662K(629120K)->11413K(629120K) Eden: 559232K(559232K)->0K(559232K) From: 11430K(69888K)->11413K(69888K)
[228.114s][info][gc,heap        ] GC(2387) Tenured: 1242127K(1398144K)->1242127K(1398144K)
[228.114s][info][gc,metaspace   ] GC(2387) Metaspace: 133533K(135232K)->133533K(135232K) NonClass: 116668K(117440K)->116668K(117440K) Class: 16865K(17792K)->16865K(17792K)
[228.114s][info][gc             ] GC(2387) Pause Young (Allocation Failure) 1770M->1224M(1979M) 2.931ms
[228.114s][info][gc,cpu         ] GC(2387) User=0.00s Sys=0.00s Real=0.00s
[228.202s][info][gc,start       ] GC(2388) Pause Young (Allocation Failure)
[228.206s][info][gc,heap        ] GC(2388) DefNew: 570645K(629120K)->16196K(629120K) Eden: 559232K(559232K)->0K(559232K) From: 11413K(69888K)->16196K(69888K)
[228.206s][info][gc,heap        ] GC(2388) Tenured: 1242127K(1398144K)->1242127K(1398144K)
[228.206s][info][gc,metaspace   ] GC(2388) Metaspace: 133533K(135232K)->133533K(135232K) NonClass: 116668K(117440K)->116668K(117440K) Class: 16865K(17792K)->16865K(17792K)
[228.206s][info][gc             ] GC(2388) Pause Young (Allocation Failure) 1770M->1228M(1979M) 4.074ms
[228.206s][info][gc,cpu         ] GC(2388) User=0.00s Sys=0.00s Real=0.00s
[228.335s][info][gc,start       ] GC(2389) Pause Young (Allocation Failure)
[228.338s][info][gc,heap        ] GC(2389) DefNew: 575428K(629120K)->7846K(629120K) Eden: 559232K(559232K)->0K(559232K) From: 16196K(69888K)->7846K(69888K)
[228.338s][info][gc,heap        ] GC(2389) Tenured: 1242127K(1398144K)->1242127K(1398144K)
[228.338s][info][gc,metaspace   ] GC(2389) Metaspace: 133533K(135232K)->133533K(135232K) NonClass: 116668K(117440K)->116668K(117440K) Class: 16865K(17792K)->16865K(17792K)
[228.338s][info][gc             ] GC(2389) Pause Young (Allocation Failure) 1774M->1220M(1979M) 2.918ms
[228.338s][info][gc,cpu         ] GC(2389) User=0.00s Sys=0.00s Real=0.02s
[228.480s][info][gc,start       ] GC(2390) Pause Full (System.gc())
[228.480s][info][gc,phases,start] GC(2390) Phase 1: Mark live objects
[228.541s][info][gc,phases      ] GC(2390) Phase 1: Mark live objects 60.602ms
[228.541s][info][gc,phases,start] GC(2390) Phase 2: Compute new object addresses
[228.583s][info][gc,phases      ] GC(2390) Phase 2: Compute new object addresses 41.991ms
[228.583s][info][gc,phases,start] GC(2390) Phase 3: Adjust pointers
[228.616s][info][gc,phases      ] GC(2390) Phase 3: Adjust pointers 33.450ms
[228.616s][info][gc,phases,start] GC(2390) Phase 4: Move objects
[228.616s][info][gc,phases      ] GC(2390) Phase 4: Move objects 0.044ms
[228.617s][info][gc,heap        ] GC(2390) DefNew: 232074K(629120K)->0K(629120K) Eden: 224228K(559232K)->0K(559232K) From: 7846K(69888K)->0K(69888K)
[228.617s][info][gc,heap        ] GC(2390) Tenured: 1242127K(1398144K)->1036557K(1398144K)
[228.617s][info][gc,metaspace   ] GC(2390) Metaspace: 133536K(135232K)->133536K(135232K) NonClass: 116671K(117440K)->116671K(117440K) Class: 16865K(17792K)->16865K(17792K)
[228.617s][info][gc             ] GC(2390) Pause Full (System.gc()) 1439M->1012M(1979M) 136.916ms
[228.617s][info][gc,cpu         ] GC(2390) User=0.12s Sys=0.00s Real=0.12s
[228.730s][info][gc,start       ] GC(2391) Pause Young (Allocation Failure)
[228.735s][info][gc,heap        ] GC(2391) DefNew: 559232K(629120K)->4917K(629120K) Eden: 559232K(559232K)->0K(559232K) From: 0K(69888K)->4917K(69888K)
[228.735s][info][gc,heap        ] GC(2391) Tenured: 1036557K(1398144K)->1036557K(1398144K)
[228.735s][info][gc,metaspace   ] GC(2391) Metaspace: 133537K(135232K)->133537K(135232K) NonClass: 116672K(117440K)->116672K(117440K) Class: 16865K(17792K)->16865K(17792K)
[228.735s][info][gc             ] GC(2391) Pause Young (Allocation Failure) 1558M->1017M(1979M) 4.699ms
[228.735s][info][gc,cpu         ] GC(2391) User=0.00s Sys=0.00s Real=0.00s
[228.790s][info][gc,start       ] GC(2392) Pause Young (Allocation Failure)
[228.793s][info][gc,heap        ] GC(2392) DefNew: 564149K(629120K)->5823K(629120K) Eden: 559232K(559232K)->0K(559232K) From: 4917K(69888K)->5823K(69888K)
[228.793s][info][gc,heap        ] GC(2392) Tenured: 1036557K(1398144K)->1036557K(1398144K)
[228.793s][info][gc,metaspace   ] GC(2392) Metaspace: 133537K(135232K)->133537K(135232K) NonClass: 116672K(117440K)->116672K(117440K) Class: 16865K(17792K)->16865K(17792K)
[228.793s][info][gc             ] GC(2392) Pause Young (Allocation Failure) 1563M->1017M(1979M) 3.620ms
[228.793s][info][gc,cpu         ] GC(2392) User=0.00s Sys=0.00s Real=0.00s
[228.848s][info][gc,start       ] GC(2393) Pause Young (Allocation Failure)
[228.852s][info][gc,heap        ] GC(2393) DefNew: 565055K(629120K)->9010K(629120K) Eden: 559232K(559232K)->0K(559232K) From: 5823K(69888K)->9010K(69888K)
[228.852s][info][gc,heap        ] GC(2393) Tenured: 1036557K(1398144K)->1036557K(1398144K)
[228.852s][info][gc,metaspace   ] GC(2393) Metaspace: 133537K(135232K)->133537K(135232K) NonClass: 116672K(117440K)->116672K(117440K) Class: 16865K(17792K)->16865K(17792K)
[228.852s][info][gc             ] GC(2393) Pause Young (Allocation Failure) 1564M->1021M(1979M) 4.253ms
[228.852s][info][gc,cpu         ] GC(2393) User=0.00s Sys=0.00s Real=0.00s
[228.907s][info][gc,start       ] GC(2394) Pause Young (Allocation Failure)
[228.912s][info][gc,heap        ] GC(2394) DefNew: 568242K(629120K)->10194K(629120K) Eden: 559232K(559232K)->0K(559232K) From: 9010K(69888K)->10194K(69888K)
[228.912s][info][gc,heap        ] GC(2394) Tenured: 1036557K(1398144K)->1036557K(1398144K)
[228.912s][info][gc,metaspace   ] GC(2394) Metaspace: 133537K(135232K)->133537K(135232K) NonClass: 116672K(117440K)->116672K(117440K) Class: 16865K(17792K)->16865K(17792K)
[228.912s][info][gc             ] GC(2394) Pause Young (Allocation Failure) 1567M->1022M(1979M) 4.381ms
[228.912s][info][gc,cpu         ] GC(2394) User=0.00s Sys=0.00s Real=0.00s
[228.968s][info][gc,start       ] GC(2395) Pause Young (Allocation Failure)
[228.973s][info][gc,heap        ] GC(2395) DefNew: 569426K(629120K)->13782K(629120K) Eden: 559232K(559232K)->0K(559232K) From: 10194K(69888K)->13782K(69888K)
[228.973s][info][gc,heap        ] GC(2395) Tenured: 1036557K(1398144K)->1036557K(1398144K)
[228.973s][info][gc,metaspace   ] GC(2395) Metaspace: 133538K(135232K)->133538K(135232K) NonClass: 116673K(117440K)->116673K(117440K) Class: 16865K(17792K)->16865K(17792K)
[228.973s][info][gc             ] GC(2395) Pause Young (Allocation Failure) 1568M->1025M(1979M) 4.887ms
[228.973s][info][gc,cpu         ] GC(2395) User=0.00s Sys=0.00s Real=0.00s
[229.029s][info][gc,start       ] GC(2396) Pause Young (Allocation Failure)
[229.034s][info][gc,heap        ] GC(2396) DefNew: 573014K(629120K)->18281K(629120K) Eden: 559232K(559232K)->0K(559232K) From: 13782K(69888K)->18281K(69888K)
[229.035s][info][gc,heap        ] GC(2396) Tenured: 1036557K(1398144K)->1036557K(1398144K)
[229.035s][info][gc,metaspace   ] GC(2396) Metaspace: 133538K(135232K)->133538K(135232K) NonClass: 116673K(117440K)->116673K(117440K) Class: 16865K(17792K)->16865K(17792K)
[229.035s][info][gc             ] GC(2396) Pause Young (Allocation Failure) 1571M->1030M(1979M) 5.292ms
[229.035s][info][gc,cpu         ] GC(2396) User=0.00s Sys=0.00s Real=0.00s
[229.090s][info][gc,start       ] GC(2397) Pause Young (Allocation Failure)
[229.096s][info][gc,heap        ] GC(2397) DefNew: 577513K(629120K)->22362K(629120K) Eden: 559232K(559232K)->0K(559232K) From: 18281K(69888K)->22362K(69888K)
[229.096s][info][gc,heap        ] GC(2397) Tenured: 1036557K(1398144K)->1036557K(1398144K)
[229.096s][info][gc,metaspace   ] GC(2397) Metaspace: 133538K(135232K)->133538K(135232K) NonClass: 116673K(117440K)->116673K(117440K) Class: 16865K(17792K)->16865K(17792K)
[229.096s][info][gc             ] GC(2397) Pause Young (Allocation Failure) 1576M->1034M(1979M) 5.523ms
[229.096s][info][gc,cpu         ] GC(2397) User=0.00s Sys=0.00s Real=0.00s
[229.151s][info][gc,start       ] GC(2398) Pause Young (Allocation Failure)
[229.158s][info][gc,heap        ] GC(2398) DefNew: 581594K(629120K)->28033K(629120K) Eden: 559232K(559232K)->0K(559232K) From: 22362K(69888K)->28033K(69888K)
[229.158s][info][gc,heap        ] GC(2398) Tenured: 1036557K(1398144K)->1036557K(1398144K)
[229.158s][info][gc,metaspace   ] GC(2398) Metaspace: 133538K(135232K)->133538K(135232K) NonClass: 116673K(117440K)->116673K(117440K) Class: 16865K(17792K)->16865K(17792K)
[229.158s][info][gc             ] GC(2398) Pause Young (Allocation Failure) 1580M->1039M(1979M) 6.419ms
[229.158s][info][gc,cpu         ] GC(2398) User=0.00s Sys=0.00s Real=0.00s
[229.216s][info][gc,start       ] GC(2399) Pause Young (Allocation Failure)
[229.223s][info][gc,heap        ] GC(2399) DefNew: 587265K(629120K)->30574K(629120K) Eden: 559232K(559232K)->0K(559232K) From: 28033K(69888K)->30574K(69888K)
[229.223s][info][gc,heap        ] GC(2399) Tenured: 1036557K(1398144K)->1036557K(1398144K)
[229.223s][info][gc,metaspace   ] GC(2399) Metaspace: 133538K(135232K)->133538K(135232K) NonClass: 116673K(117440K)->116673K(117440K) Class: 16865K(17792K)->16865K(17792K)
[229.223s][info][gc             ] GC(2399) Pause Young (Allocation Failure) 1585M->1042M(1979M) 6.371ms
[229.223s][info][gc,cpu         ] GC(2399) User=0.00s Sys=0.00s Real=0.00s
[229.279s][info][gc,start       ] GC(2400) Pause Young (Allocation Failure)
[229.285s][info][gc,heap        ] GC(2400) DefNew: 589806K(629120K)->35448K(629120K) Eden: 559232K(559232K)->0K(559232K) From: 30574K(69888K)->35448K(69888K)
[229.285s][info][gc,heap        ] GC(2400) Tenured: 1036557K(1398144K)->1036557K(1398144K)
[229.285s][info][gc,metaspace   ] GC(2400) Metaspace: 133538K(135232K)->133538K(135232K) NonClass: 116673K(117440K)->116673K(117440K) Class: 16865K(17792K)->16865K(17792K)
[229.285s][info][gc             ] GC(2400) Pause Young (Allocation Failure) 1588M->1046M(1979M) 6.745ms
[229.285s][info][gc,cpu         ] GC(2400) User=0.00s Sys=0.00s Real=0.00s
[229.341s][info][gc,start       ] GC(2401) Pause Young (Allocation Failure)
[229.349s][info][gc,heap        ] GC(2401) DefNew: 594680K(629120K)->40309K(629120K) Eden: 559232K(559232K)->0K(559232K) From: 35448K(69888K)->40309K(69888K)
[229.349s][info][gc,heap        ] GC(2401) Tenured: 1036557K(1398144K)->1038134K(1398144K)
[229.349s][info][gc,metaspace   ] GC(2401) Metaspace: 133538K(135232K)->133538K(135232K) NonClass: 116673K(117440K)->116673K(117440K) Class: 16865K(17792K)->16865K(17792K)
[229.349s][info][gc             ] GC(2401) Pause Young (Allocation Failure) 1593M->1053M(1979M) 7.522ms
[229.349s][info][gc,cpu         ] GC(2401) User=0.00s Sys=0.00s Real=0.00s
[229.404s][info][gc,start       ] GC(2402) Pause Young (Allocation Failure)
[229.411s][info][gc,heap        ] GC(2402) DefNew: 599541K(629120K)->40118K(629120K) Eden: 559232K(559232K)->0K(559232K) From: 40309K(69888K)->40118K(69888K)
[229.411s][info][gc,heap        ] GC(2402) Tenured: 1038134K(1398144K)->1046328K(1398144K)
[229.411s][info][gc,metaspace   ] GC(2402) Metaspace: 133538K(135232K)->133538K(135232K) NonClass: 116673K(117440K)->116673K(117440K) Class: 16865K(17792K)->16865K(17792K)
[229.411s][info][gc             ] GC(2402) Pause Young (Allocation Failure) 1599M->1060M(1979M) 6.777ms
[229.411s][info][gc,cpu         ] GC(2402) User=0.00s Sys=0.00s Real=0.00s
[229.467s][info][gc,start       ] GC(2403) Pause Young (Allocation Failure)
[229.473s][info][gc,heap        ] GC(2403) DefNew: 599350K(629120K)->32580K(629120K) Eden: 559232K(559232K)->0K(559232K) From: 40118K(69888K)->32580K(69888K)
[229.473s][info][gc,heap        ] GC(2403) Tenured: 1046328K(1398144K)->1054830K(1398144K)
[229.473s][info][gc,metaspace   ] GC(2403) Metaspace: 133538K(135232K)->133538K(135232K) NonClass: 116673K(117440K)->116673K(117440K) Class: 16865K(17792K)->16865K(17792K)
[229.473s][info][gc             ] GC(2403) Pause Young (Allocation Failure) 1607M->1061M(1979M) 6.105ms
[229.473s][info][gc,cpu         ] GC(2403) User=0.00s Sys=0.00s Real=0.00s
[229.529s][info][gc,start       ] GC(2404) Pause Young (Allocation Failure)
[229.535s][info][gc,heap        ] GC(2404) DefNew: 591812K(629120K)->39809K(629120K) Eden: 559232K(559232K)->0K(559232K) From: 32580K(69888K)->39809K(69888K)
[229.535s][info][gc,heap        ] GC(2404) Tenured: 1054830K(1398144K)->1054830K(1398144K)
[229.535s][info][gc,metaspace   ] GC(2404) Metaspace: 133538K(135232K)->133538K(135232K) NonClass: 116673K(117440K)->116673K(117440K) Class: 16865K(17792K)->16865K(17792K)
[229.535s][info][gc             ] GC(2404) Pause Young (Allocation Failure) 1608M->1068M(1979M) 5.705ms
[229.535s][info][gc,cpu         ] GC(2404) User=0.00s Sys=0.00s Real=0.00s
[229.591s][info][gc,start       ] GC(2405) Pause Young (Allocation Failure)
[229.597s][info][gc,heap        ] GC(2405) DefNew: 599041K(629120K)->37399K(629120K) Eden: 559232K(559232K)->0K(559232K) From: 39809K(69888K)->37399K(69888K)
[229.597s][info][gc,heap        ] GC(2405) Tenured: 1054830K(1398144K)->1063025K(1398144K)
[229.597s][info][gc,metaspace   ] GC(2405) Metaspace: 133538K(135232K)->133538K(135232K) NonClass: 116673K(117440K)->116673K(117440K) Class: 16865K(17792K)->16865K(17792K)
[229.597s][info][gc             ] GC(2405) Pause Young (Allocation Failure) 1615M->1074M(1979M) 6.300ms
[229.597s][info][gc,cpu         ] GC(2405) User=0.00s Sys=0.00s Real=0.00s
[229.652s][info][gc,start       ] GC(2406) Pause Young (Allocation Failure)
[229.658s][info][gc,heap        ] GC(2406) DefNew: 596631K(629120K)->37274K(629120K) Eden: 559232K(559232K)->0K(559232K) From: 37399K(69888K)->37274K(69888K)
[229.658s][info][gc,heap        ] GC(2406) Tenured: 1063025K(1398144K)->1067121K(1398144K)
[229.658s][info][gc,metaspace   ] GC(2406) Metaspace: 133538K(135232K)->133538K(135232K) NonClass: 116673K(117440K)->116673K(117440K) Class: 16865K(17792K)->16865K(17792K)
[229.658s][info][gc             ] GC(2406) Pause Young (Allocation Failure) 1620M->1078M(1979M) 5.964ms
[229.658s][info][gc,cpu         ] GC(2406) User=0.00s Sys=0.00s Real=0.01s
[229.721s][info][gc,start       ] GC(2407) Pause Young (Allocation Failure)
[229.727s][info][gc,heap        ] GC(2407) DefNew: 596506K(629120K)->33209K(629120K) Eden: 559232K(559232K)->0K(559232K) From: 37274K(69888K)->33209K(69888K)
[229.727s][info][gc,heap        ] GC(2407) Tenured: 1067121K(1398144K)->1071219K(1398144K)
[229.727s][info][gc,metaspace   ] GC(2407) Metaspace: 133538K(135232K)->133538K(135232K) NonClass: 116673K(117440K)->116673K(117440K) Class: 16865K(17792K)->16865K(17792K)
[229.727s][info][gc             ] GC(2407) Pause Young (Allocation Failure) 1624M->1078M(1979M) 5.897ms
[229.727s][info][gc,cpu         ] GC(2407) User=0.00s Sys=0.00s Real=0.00s
[229.816s][info][gc,start       ] GC(2408) Pause Young (Allocation Failure)
[229.823s][info][gc,heap        ] GC(2408) DefNew: 592441K(629120K)->48064K(629120K) Eden: 559232K(559232K)->0K(559232K) From: 33209K(69888K)->48064K(69888K)
[229.823s][info][gc,heap        ] GC(2408) Tenured: 1071219K(1398144K)->1071219K(1398144K)
[229.823s][info][gc,metaspace   ] GC(2408) Metaspace: 133539K(135232K)->133539K(135232K) NonClass: 116673K(117440K)->116673K(117440K) Class: 16865K(17792K)->16865K(17792K)
[229.823s][info][gc             ] GC(2408) Pause Young (Allocation Failure) 1624M->1093M(1979M) 7.108ms
[229.823s][info][gc,cpu         ] GC(2408) User=0.00s Sys=0.00s Real=0.00s
[229.913s][info][gc,start       ] GC(2409) Pause Young (Allocation Failure)
[229.921s][info][gc,heap        ] GC(2409) DefNew: 607296K(629120K)->43770K(629120K) Eden: 559232K(559232K)->0K(559232K) From: 48064K(69888K)->43770K(69888K)
[229.921s][info][gc,heap        ] GC(2409) Tenured: 1071219K(1398144K)->1087628K(1398144K)
[229.921s][info][gc,metaspace   ] GC(2409) Metaspace: 133539K(135232K)->133539K(135232K) NonClass: 116673K(117440K)->116673K(117440K) Class: 16865K(17792K)->16865K(17792K)
[229.921s][info][gc             ] GC(2409) Pause Young (Allocation Failure) 1639M->1104M(1979M) 8.104ms
[229.921s][info][gc,cpu         ] GC(2409) User=0.00s Sys=0.00s Real=0.02s
[230.009s][info][gc,start       ] GC(2410) Pause Young (Allocation Failure)
[230.016s][info][gc,heap        ] GC(2410) DefNew: 603002K(629120K)->43212K(629120K) Eden: 559232K(559232K)->0K(559232K) From: 43770K(69888K)->43212K(69888K)
[230.016s][info][gc,heap        ] GC(2410) Tenured: 1087628K(1398144K)->1100270K(1398144K)
[230.016s][info][gc,metaspace   ] GC(2410) Metaspace: 133539K(135232K)->133539K(135232K) NonClass: 116673K(117440K)->116673K(117440K) Class: 16865K(17792K)->16865K(17792K)
[230.016s][info][gc             ] GC(2410) Pause Young (Allocation Failure) 1651M->1116M(1979M) 7.435ms
[230.016s][info][gc,cpu         ] GC(2410) User=0.00s Sys=0.00s Real=0.02s
[230.105s][info][gc,start       ] GC(2411) Pause Young (Allocation Failure)
[230.112s][info][gc,heap        ] GC(2411) DefNew: 602444K(629120K)->46435K(629120K) Eden: 559232K(559232K)->0K(559232K) From: 43212K(69888K)->46435K(69888K)
[230.112s][info][gc,heap        ] GC(2411) Tenured: 1100270K(1398144K)->1112667K(1398144K)
[230.112s][info][gc,metaspace   ] GC(2411) Metaspace: 133539K(135232K)->133539K(135232K) NonClass: 116673K(117440K)->116673K(117440K) Class: 16865K(17792K)->16865K(17792K)
[230.112s][info][gc             ] GC(2411) Pause Young (Allocation Failure) 1662M->1131M(1979M) 7.570ms
[230.113s][info][gc,cpu         ] GC(2411) User=0.00s Sys=0.00s Real=0.01s
[230.202s][info][gc,start       ] GC(2412) Pause Young (Allocation Failure)
[230.209s][info][gc,heap        ] GC(2412) DefNew: 605667K(629120K)->45838K(629120K) Eden: 559232K(559232K)->0K(559232K) From: 46435K(69888K)->45838K(69888K)
[230.209s][info][gc,heap        ] GC(2412) Tenured: 1112667K(1398144K)->1124960K(1398144K)
[230.209s][info][gc,metaspace   ] GC(2412) Metaspace: 133539K(135232K)->133539K(135232K) NonClass: 116673K(117440K)->116673K(117440K) Class: 16865K(17792K)->16865K(17792K)
[230.209s][info][gc             ] GC(2412) Pause Young (Allocation Failure) 1678M->1143M(1979M) 7.443ms
[230.209s][info][gc,cpu         ] GC(2412) User=0.00s Sys=0.00s Real=0.01s
[230.296s][info][gc,start       ] GC(2413) Pause Young (Allocation Failure)
[230.304s][info][gc,heap        ] GC(2413) DefNew: 605070K(629120K)->44090K(629120K) Eden: 559232K(559232K)->0K(559232K) From: 45838K(69888K)->44090K(69888K)
[230.304s][info][gc,heap        ] GC(2413) Tenured: 1124960K(1398144K)->1141347K(1398144K)
[230.304s][info][gc,metaspace   ] GC(2413) Metaspace: 133539K(135232K)->133539K(135232K) NonClass: 116673K(117440K)->116673K(117440K) Class: 16865K(17792K)->16865K(17792K)
[230.304s][info][gc             ] GC(2413) Pause Young (Allocation Failure) 1689M->1157M(1979M) 7.424ms
[230.304s][info][gc,cpu         ] GC(2413) User=0.00s Sys=0.00s Real=0.02s
[230.393s][info][gc,start       ] GC(2414) Pause Young (Allocation Failure)
[230.400s][info][gc,heap        ] GC(2414) DefNew: 603322K(629120K)->27865K(629120K) Eden: 559232K(559232K)->0K(559232K) From: 44090K(69888K)->27865K(69888K)
[230.400s][info][gc,heap        ] GC(2414) Tenured: 1141347K(1398144K)->1165931K(1398144K)
[230.400s][info][gc,metaspace   ] GC(2414) Metaspace: 133539K(135232K)->133539K(135232K) NonClass: 116673K(117440K)->116673K(117440K) Class: 16865K(17792K)->16865K(17792K)
[230.400s][info][gc             ] GC(2414) Pause Young (Allocation Failure) 1703M->1165M(1979M) 6.901ms
[230.400s][info][gc,cpu         ] GC(2414) User=0.00s Sys=0.00s Real=0.00s
[230.483s][info][gc,start       ] GC(2415) Pause Young (Allocation Failure)
[230.488s][info][gc,heap        ] GC(2415) DefNew: 587097K(629120K)->33724K(629120K) Eden: 559232K(559232K)->0K(559232K) From: 27865K(69888K)->33724K(69888K)
[230.488s][info][gc,heap        ] GC(2415) Tenured: 1165931K(1398144K)->1165931K(1398144K)
[230.488s][info][gc,metaspace   ] GC(2415) Metaspace: 133539K(135232K)->133539K(135232K) NonClass: 116673K(117440K)->116673K(117440K) Class: 16865K(17792K)->16865K(17792K)
[230.488s][info][gc             ] GC(2415) Pause Young (Allocation Failure) 1711M->1171M(1979M) 5.104ms
[230.488s][info][gc,cpu         ] GC(2415) User=0.00s Sys=0.00s Real=0.01s
[230.574s][info][gc,start       ] GC(2416) Pause Young (Allocation Failure)
[230.580s][info][gc,heap        ] GC(2416) DefNew: 591916K(629120K)->44239K(629120K) Eden: 558192K(559232K)->0K(559232K) From: 33724K(69888K)->44239K(69888K)
[230.580s][info][gc,heap        ] GC(2416) Tenured: 1165931K(1398144K)->1165931K(1398144K)
[230.580s][info][gc,metaspace   ] GC(2416) Metaspace: 133539K(135232K)->133539K(135232K) NonClass: 116673K(117440K)->116673K(117440K) Class: 16865K(17792K)->16865K(17792K)
[230.580s][info][gc             ] GC(2416) Pause Young (Allocation Failure) 1716M->1181M(1979M) 5.866ms
[230.580s][info][gc,cpu         ] GC(2416) User=0.00s Sys=0.00s Real=0.00s
[230.667s][info][gc,start       ] GC(2417) Pause Young (Allocation Failure)
[230.674s][info][gc,heap        ] GC(2417) DefNew: 603471K(629120K)->41810K(629120K) Eden: 559232K(559232K)->0K(559232K) From: 44239K(69888K)->41810K(69888K)
[230.674s][info][gc,heap        ] GC(2417) Tenured: 1165931K(1398144K)->1178224K(1398144K)
[230.674s][info][gc,metaspace   ] GC(2417) Metaspace: 133539K(135232K)->133539K(135232K) NonClass: 116674K(117440K)->116674K(117440K) Class: 16865K(17792K)->16865K(17792K)
[230.674s][info][gc             ] GC(2417) Pause Young (Allocation Failure) 1727M->1191M(1979M) 7.367ms
[230.674s][info][gc,cpu         ] GC(2417) User=0.02s Sys=0.00s Real=0.01s
[230.762s][info][gc,start       ] GC(2418) Pause Young (Allocation Failure)
[230.769s][info][gc,heap        ] GC(2418) DefNew: 601042K(629120K)->39160K(629120K) Eden: 559232K(559232K)->0K(559232K) From: 41810K(69888K)->39160K(69888K)
[230.769s][info][gc,heap        ] GC(2418) Tenured: 1178224K(1398144K)->1190563K(1398144K)
[230.769s][info][gc,metaspace   ] GC(2418) Metaspace: 133539K(135232K)->133539K(135232K) NonClass: 116674K(117440K)->116674K(117440K) Class: 16865K(17792K)->16865K(17792K)
[230.769s][info][gc             ] GC(2418) Pause Young (Allocation Failure) 1737M->1200M(1979M) 7.010ms
[230.769s][info][gc,cpu         ] GC(2418) User=0.00s Sys=0.00s Real=0.00s
[230.856s][info][gc,start       ] GC(2419) Pause Young (Allocation Failure)
[230.861s][info][gc,heap        ] GC(2419) DefNew: 598392K(629120K)->32779K(629120K) Eden: 559232K(559232K)->0K(559232K) From: 39160K(69888K)->32779K(69888K)
[230.861s][info][gc,heap        ] GC(2419) Tenured: 1190563K(1398144K)->1198758K(1398144K)
[230.861s][info][gc,metaspace   ] GC(2419) Metaspace: 133539K(135232K)->133539K(135232K) NonClass: 116674K(117440K)->116674K(117440K) Class: 16865K(17792K)->16865K(17792K)
[230.861s][info][gc             ] GC(2419) Pause Young (Allocation Failure) 1747M->1202M(1979M) 5.748ms
[230.861s][info][gc,cpu         ] GC(2419) User=0.00s Sys=0.00s Real=0.00s
[230.949s][info][gc,start       ] GC(2420) Pause Young (Allocation Failure)
[230.955s][info][gc,heap        ] GC(2420) DefNew: 592011K(629120K)->41776K(629120K) Eden: 559232K(559232K)->0K(559232K) From: 32779K(69888K)->41776K(69888K)
[230.955s][info][gc,heap        ] GC(2420) Tenured: 1198758K(1398144K)->1198758K(1398144K)
[230.955s][info][gc,metaspace   ] GC(2420) Metaspace: 133539K(135232K)->133539K(135232K) NonClass: 116674K(117440K)->116674K(117440K) Class: 16865K(17792K)->16865K(17792K)
[230.955s][info][gc             ] GC(2420) Pause Young (Allocation Failure) 1748M->1211M(1979M) 5.903ms
[230.955s][info][gc,cpu         ] GC(2420) User=0.00s Sys=0.00s Real=0.00s
[231.043s][info][gc,start       ] GC(2421) Pause Young (Allocation Failure)
[231.049s][info][gc,heap        ] GC(2421) DefNew: 601008K(629120K)->35030K(629120K) Eden: 559232K(559232K)->0K(559232K) From: 41776K(69888K)->35030K(69888K)
[231.049s][info][gc,heap        ] GC(2421) Tenured: 1198758K(1398144K)->1211063K(1398144K)
[231.049s][info][gc,metaspace   ] GC(2421) Metaspace: 133539K(135232K)->133539K(135232K) NonClass: 116674K(117440K)->116674K(117440K) Class: 16865K(17792K)->16865K(17792K)
[231.049s][info][gc             ] GC(2421) Pause Young (Allocation Failure) 1757M->1216M(1979M) 6.430ms
[231.049s][info][gc,cpu         ] GC(2421) User=0.00s Sys=0.00s Real=0.01s
[231.140s][info][gc,start       ] GC(2422) Pause Young (Allocation Failure)
[231.145s][info][gc,heap        ] GC(2422) DefNew: 594262K(629120K)->34457K(629120K) Eden: 559232K(559232K)->0K(559232K) From: 35030K(69888K)->34457K(69888K)
[231.145s][info][gc,heap        ] GC(2422) Tenured: 1211063K(1398144K)->1215180K(1398144K)
[231.145s][info][gc,metaspace   ] GC(2422) Metaspace: 133541K(135232K)->133541K(135232K) NonClass: 116676K(117440K)->116676K(117440K) Class: 16865K(17792K)->16865K(17792K)
[231.146s][info][gc             ] GC(2422) Pause Young (Allocation Failure) 1763M->1220M(1979M) 5.459ms
[231.146s][info][gc,cpu         ] GC(2422) User=0.00s Sys=0.00s Real=0.00s
[231.231s][info][gc,start       ] GC(2423) Pause Young (Allocation Failure)
[231.237s][info][gc,heap        ] GC(2423) DefNew: 593689K(629120K)->36036K(629120K) Eden: 559232K(559232K)->0K(559232K) From: 34457K(69888K)->36036K(69888K)
[231.237s][info][gc,heap        ] GC(2423) Tenured: 1215180K(1398144K)->1215180K(1398144K)
[231.237s][info][gc,metaspace   ] GC(2423) Metaspace: 133541K(135232K)->133541K(135232K) NonClass: 116676K(117440K)->116676K(117440K) Class: 16865K(17792K)->16865K(17792K)
[231.237s][info][gc             ] GC(2423) Pause Young (Allocation Failure) 1766M->1221M(1979M) 5.533ms
[231.237s][info][gc,cpu         ] GC(2423) User=0.00s Sys=0.00s Real=0.00s
[231.319s][info][gc,start       ] GC(2424) Pause Young (Allocation Failure)
[231.324s][info][gc,heap        ] GC(2424) DefNew: 595268K(629120K)->24635K(629120K) Eden: 559232K(559232K)->0K(559232K) From: 36036K(69888K)->24635K(69888K)
[231.324s][info][gc,heap        ] GC(2424) Tenured: 1215180K(1398144K)->1223354K(1398144K)
[231.324s][info][gc,metaspace   ] GC(2424) Metaspace: 133541K(135232K)->133541K(135232K) NonClass: 116676K(117440K)->116676K(117440K) Class: 16865K(17792K)->16865K(17792K)
[231.324s][info][gc             ] GC(2424) Pause Young (Allocation Failure) 1768M->1218M(1979M) 4.887ms
[231.324s][info][gc,cpu         ] GC(2424) User=0.00s Sys=0.00s Real=0.00s
[231.405s][info][gc,start       ] GC(2425) Pause Young (Allocation Failure)
[231.410s][info][gc,heap        ] GC(2425) DefNew: 583867K(629120K)->26293K(629120K) Eden: 559232K(559232K)->0K(559232K) From: 24635K(69888K)->26293K(69888K)
[231.410s][info][gc,heap        ] GC(2425) Tenured: 1223354K(1398144K)->1223354K(1398144K)
[231.410s][info][gc,metaspace   ] GC(2425) Metaspace: 133541K(135232K)->133541K(135232K) NonClass: 116676K(117440K)->116676K(117440K) Class: 16865K(17792K)->16865K(17792K)
[231.410s][info][gc             ] GC(2425) Pause Young (Allocation Failure) 1764M->1220M(1979M) 4.385ms
[231.410s][info][gc,cpu         ] GC(2425) User=0.00s Sys=0.00s Real=0.00s
[231.498s][info][gc,start       ] GC(2426) Pause Young (Allocation Failure)
[231.503s][info][gc,heap        ] GC(2426) DefNew: 585525K(629120K)->35171K(629120K) Eden: 559232K(559232K)->0K(559232K) From: 26293K(69888K)->35171K(69888K)
[231.503s][info][gc,heap        ] GC(2426) Tenured: 1223354K(1398144K)->1223354K(1398144K)
[231.503s][info][gc,metaspace   ] GC(2426) Metaspace: 133541K(135232K)->133541K(135232K) NonClass: 116676K(117440K)->116676K(117440K) Class: 16865K(17792K)->16865K(17792K)
[231.503s][info][gc             ] GC(2426) Pause Young (Allocation Failure) 1766M->1229M(1979M) 5.144ms
[231.503s][info][gc,cpu         ] GC(2426) User=0.00s Sys=0.00s Real=0.00s
[231.592s][info][gc,start       ] GC(2427) Pause Young (Allocation Failure)
[231.597s][info][gc,heap        ] GC(2427) DefNew: 594403K(629120K)->26871K(629120K) Eden: 559232K(559232K)->0K(559232K) From: 35171K(69888K)->26871K(69888K)
[231.597s][info][gc,heap        ] GC(2427) Tenured: 1223354K(1398144K)->1231548K(1398144K)
[231.597s][info][gc,metaspace   ] GC(2427) Metaspace: 133541K(135232K)->133541K(135232K) NonClass: 116676K(117440K)->116676K(117440K) Class: 16865K(17792K)->16865K(17792K)
[231.597s][info][gc             ] GC(2427) Pause Young (Allocation Failure) 1775M->1228M(1979M) 5.158ms
[231.597s][info][gc,cpu         ] GC(2427) User=0.00s Sys=0.00s Real=0.00s
[231.684s][info][gc,start       ] GC(2428) Pause Young (Allocation Failure)
[231.688s][info][gc,heap        ] GC(2428) DefNew: 586103K(629120K)->23048K(629120K) Eden: 559232K(559232K)->0K(559232K) From: 26871K(69888K)->23048K(69888K)
[231.688s][info][gc,heap        ] GC(2428) Tenured: 1231548K(1398144K)->1231548K(1398144K)
[231.688s][info][gc,metaspace   ] GC(2428) Metaspace: 133541K(135232K)->133541K(135232K) NonClass: 116676K(117440K)->116676K(117440K) Class: 16865K(17792K)->16865K(17792K)
[231.688s][info][gc             ] GC(2428) Pause Young (Allocation Failure) 1775M->1225M(1979M) 4.130ms
[231.688s][info][gc,cpu         ] GC(2428) User=0.00s Sys=0.00s Real=0.00s
[231.776s][info][gc,start       ] GC(2429) Pause Young (Allocation Failure)
[231.780s][info][gc,heap        ] GC(2429) DefNew: 582280K(629120K)->30094K(629120K) Eden: 559232K(559232K)->0K(559232K) From: 23048K(69888K)->30094K(69888K)
[231.780s][info][gc,heap        ] GC(2429) Tenured: 1231548K(1398144K)->1231548K(1398144K)
[231.780s][info][gc,metaspace   ] GC(2429) Metaspace: 133541K(135232K)->133541K(135232K) NonClass: 116676K(117440K)->116676K(117440K) Class: 16865K(17792K)->16865K(17792K)
[231.780s][info][gc             ] GC(2429) Pause Young (Allocation Failure) 1771M->1232M(1979M) 4.573ms
[231.780s][info][gc,cpu         ] GC(2429) User=0.00s Sys=0.00s Real=0.00s
[231.868s][info][gc,start       ] GC(2430) Pause Young (Allocation Failure)
[231.872s][info][gc,heap        ] GC(2430) DefNew: 589326K(629120K)->21410K(629120K) Eden: 559232K(559232K)->0K(559232K) From: 30094K(69888K)->21410K(69888K)
[231.872s][info][gc,heap        ] GC(2430) Tenured: 1231548K(1398144K)->1231548K(1398144K)
[231.872s][info][gc,metaspace   ] GC(2430) Metaspace: 133541K(135232K)->133541K(135232K) NonClass: 116676K(117440K)->116676K(117440K) Class: 16865K(17792K)->16865K(17792K)
[231.872s][info][gc             ] GC(2430) Pause Young (Allocation Failure) 1778M->1223M(1979M) 4.286ms
[231.872s][info][gc,cpu         ] GC(2430) User=0.00s Sys=0.00s Real=0.02s
[231.959s][info][gc,start       ] GC(2431) Pause Young (Allocation Failure)
[231.963s][info][gc,heap        ] GC(2431) DefNew: 580642K(629120K)->25398K(629120K) Eden: 559232K(559232K)->0K(559232K) From: 21410K(69888K)->25398K(69888K)
[231.963s][info][gc,heap        ] GC(2431) Tenured: 1231548K(1398144K)->1231548K(1398144K)
[231.963s][info][gc,metaspace   ] GC(2431) Metaspace: 133541K(135232K)->133541K(135232K) NonClass: 116676K(117440K)->116676K(117440K) Class: 16865K(17792K)->16865K(17792K)
[231.963s][info][gc             ] GC(2431) Pause Young (Allocation Failure) 1769M->1227M(1979M) 4.225ms
[231.963s][info][gc,cpu         ] GC(2431) User=0.00s Sys=0.00s Real=0.00s
[232.050s][info][gc,start       ] GC(2432) Pause Young (Allocation Failure)
[232.055s][info][gc,heap        ] GC(2432) DefNew: 584630K(629120K)->31000K(629120K) Eden: 559232K(559232K)->0K(559232K) From: 25398K(69888K)->31000K(69888K)
[232.055s][info][gc,heap        ] GC(2432) Tenured: 1231548K(1398144K)->1231548K(1398144K)
[232.055s][info][gc,metaspace   ] GC(2432) Metaspace: 133541K(135232K)->133541K(135232K) NonClass: 116676K(117440K)->116676K(117440K) Class: 16865K(17792K)->16865K(17792K)
[232.055s][info][gc             ] GC(2432) Pause Young (Allocation Failure) 1773M->1232M(1979M) 4.749ms
[232.055s][info][gc,cpu         ] GC(2432) User=0.00s Sys=0.00s Real=0.01s
[232.141s][info][gc,start       ] GC(2433) Pause Young (Allocation Failure)
[232.146s][info][gc,heap        ] GC(2433) DefNew: 590232K(629120K)->22671K(629120K) Eden: 559232K(559232K)->0K(559232K) From: 31000K(69888K)->22671K(69888K)
[232.146s][info][gc,heap        ] GC(2433) Tenured: 1231548K(1398144K)->1231548K(1398144K)
[232.146s][info][gc,metaspace   ] GC(2433) Metaspace: 133541K(135232K)->133541K(135232K) NonClass: 116676K(117440K)->116676K(117440K) Class: 16865K(17792K)->16865K(17792K)
[232.146s][info][gc             ] GC(2433) Pause Young (Allocation Failure) 1779M->1224M(1979M) 4.309ms
[232.146s][info][gc,cpu         ] GC(2433) User=0.00s Sys=0.00s Real=0.00s
[232.236s][info][gc,start       ] GC(2434) Pause Young (Allocation Failure)
[232.240s][info][gc,heap        ] GC(2434) DefNew: 581903K(629120K)->26964K(629120K) Eden: 559232K(559232K)->0K(559232K) From: 22671K(69888K)->26964K(69888K)
[232.240s][info][gc,heap        ] GC(2434) Tenured: 1231548K(1398144K)->1231548K(1398144K)
[232.240s][info][gc,metaspace   ] GC(2434) Metaspace: 133541K(135232K)->133541K(135232K) NonClass: 116676K(117440K)->116676K(117440K) Class: 16865K(17792K)->16865K(17792K)
[232.240s][info][gc             ] GC(2434) Pause Young (Allocation Failure) 1770M->1229M(1979M) 4.582ms
[232.241s][info][gc,cpu         ] GC(2434) User=0.00s Sys=0.00s Real=0.00s
[232.327s][info][gc,start       ] GC(2435) Pause Young (Allocation Failure)
[232.331s][info][gc,heap        ] GC(2435) DefNew: 584521K(629120K)->24655K(629120K) Eden: 557556K(559232K)->0K(559232K) From: 26964K(69888K)->24655K(69888K)
[232.331s][info][gc,heap        ] GC(2435) Tenured: 1231548K(1398144K)->1231548K(1398144K)
[232.331s][info][gc,metaspace   ] GC(2435) Metaspace: 133541K(135232K)->133541K(135232K) NonClass: 116676K(117440K)->116676K(117440K) Class: 16865K(17792K)->16865K(17792K)
[232.331s][info][gc             ] GC(2435) Pause Young (Allocation Failure) 1773M->1226M(1979M) 4.117ms
[232.331s][info][gc,cpu         ] GC(2435) User=0.00s Sys=0.00s Real=0.00s
[232.417s][info][gc,start       ] GC(2436) Pause Young (Allocation Failure)
[232.421s][info][gc,heap        ] GC(2436) DefNew: 583887K(629120K)->21302K(629120K) Eden: 559232K(559232K)->0K(559232K) From: 24655K(69888K)->21302K(69888K)
[232.421s][info][gc,heap        ] GC(2436) Tenured: 1231548K(1398144K)->1235645K(1398144K)
[232.421s][info][gc,metaspace   ] GC(2436) Metaspace: 133541K(135232K)->133541K(135232K) NonClass: 116676K(117440K)->116676K(117440K) Class: 16865K(17792K)->16865K(17792K)
[232.421s][info][gc             ] GC(2436) Pause Young (Allocation Failure) 1772M->1227M(1979M) 4.397ms
[232.421s][info][gc,cpu         ] GC(2436) User=0.00s Sys=0.00s Real=0.02s
[232.507s][info][gc,start       ] GC(2437) Pause Young (Allocation Failure)
[232.512s][info][gc,heap        ] GC(2437) DefNew: 580295K(629120K)->17754K(629120K) Eden: 558992K(559232K)->0K(559232K) From: 21302K(69888K)->17754K(69888K)
[232.512s][info][gc,heap        ] GC(2437) Tenured: 1235645K(1398144K)->1243881K(1398144K)
[232.512s][info][gc,metaspace   ] GC(2437) Metaspace: 133541K(135232K)->133541K(135232K) NonClass: 116676K(117440K)->116676K(117440K) Class: 16865K(17792K)->16865K(17792K)
[232.512s][info][gc             ] GC(2437) Pause Young (Allocation Failure) 1773M->1232M(1979M) 4.495ms
[232.512s][info][gc,cpu         ] GC(2437) User=0.00s Sys=0.00s Real=0.00s
[232.599s][info][gc,start       ] GC(2438) Pause Young (Allocation Failure)
[232.601s][info][gc,heap        ] GC(2438) DefNew: 576986K(629120K)->9076K(629120K) Eden: 559232K(559232K)->0K(559232K) From: 17754K(69888K)->9076K(69888K)
[232.602s][info][gc,heap        ] GC(2438) Tenured: 1243881K(1398144K)->1243881K(1398144K)
[232.602s][info][gc,metaspace   ] GC(2438) Metaspace: 133541K(135232K)->133541K(135232K) NonClass: 116676K(117440K)->116676K(117440K) Class: 16865K(17792K)->16865K(17792K)
[232.602s][info][gc             ] GC(2438) Pause Young (Allocation Failure) 1778M->1223M(1979M) 2.769ms
[232.602s][info][gc,cpu         ] GC(2438) User=0.00s Sys=0.00s Real=0.00s
[232.689s][info][gc,start       ] GC(2439) Pause Young (Allocation Failure)
[232.693s][info][gc,heap        ] GC(2439) DefNew: 568308K(629120K)->14625K(629120K) Eden: 559232K(559232K)->0K(559232K) From: 9076K(69888K)->14625K(69888K)
[232.693s][info][gc,heap        ] GC(2439) Tenured: 1243881K(1398144K)->1243881K(1398144K)
[232.693s][info][gc,metaspace   ] GC(2439) Metaspace: 133541K(135232K)->133541K(135232K) NonClass: 116676K(117440K)->116676K(117440K) Class: 16865K(17792K)->16865K(17792K)
[232.693s][info][gc             ] GC(2439) Pause Young (Allocation Failure) 1769M->1229M(1979M) 3.512ms
[232.693s][info][gc,cpu         ] GC(2439) User=0.00s Sys=0.00s Real=0.00s
[232.833s][info][gc,start       ] GC(2440) Pause Young (Allocation Failure)
[232.836s][info][gc,heap        ] GC(2440) DefNew: 573857K(629120K)->14188K(629120K) Eden: 559232K(559232K)->0K(559232K) From: 14625K(69888K)->14188K(69888K)
[232.836s][info][gc,heap        ] GC(2440) Tenured: 1243881K(1398144K)->1243881K(1398144K)
[232.836s][info][gc,metaspace   ] GC(2440) Metaspace: 133543K(135296K)->133543K(135296K) NonClass: 116678K(117504K)->116678K(117504K) Class: 16865K(17792K)->16865K(17792K)
[232.836s][info][gc             ] GC(2440) Pause Young (Allocation Failure) 1775M->1228M(1979M) 3.690ms
[232.836s][info][gc,cpu         ] GC(2440) User=0.00s Sys=0.00s Real=0.00s
[232.986s][info][gc,start       ] GC(2441) Pause Full (System.gc())
[232.986s][info][gc,phases,start] GC(2441) Phase 1: Mark live objects
[233.047s][info][gc,phases      ] GC(2441) Phase 1: Mark live objects 61.044ms
[233.047s][info][gc,phases,start] GC(2441) Phase 2: Compute new object addresses
[233.092s][info][gc,phases      ] GC(2441) Phase 2: Compute new object addresses 44.125ms
[233.092s][info][gc,phases,start] GC(2441) Phase 3: Adjust pointers
[233.125s][info][gc,phases      ] GC(2441) Phase 3: Adjust pointers 33.822ms
[233.125s][info][gc,phases,start] GC(2441) Phase 4: Move objects
[233.125s][info][gc,phases      ] GC(2441) Phase 4: Move objects 0.044ms
[233.126s][info][gc,heap        ] GC(2441) DefNew: 261734K(629120K)->0K(629120K) Eden: 247545K(559232K)->0K(559232K) From: 14188K(69888K)->0K(69888K)
[233.126s][info][gc,heap        ] GC(2441) Tenured: 1243881K(1398144K)->1038300K(1398144K)
[233.126s][info][gc,metaspace   ] GC(2441) Metaspace: 133544K(135296K)->133544K(135296K) NonClass: 116679K(117504K)->116679K(117504K) Class: 16865K(17792K)->16865K(17792K)
[233.126s][info][gc             ] GC(2441) Pause Full (System.gc()) 1470M->1013M(1979M) 139.872ms
[233.126s][info][gc,cpu         ] GC(2441) User=0.12s Sys=0.00s Real=0.12s
[233.245s][info][gc,start       ] GC(2442) Pause Young (Allocation Failure)
[233.250s][info][gc,heap        ] GC(2442) DefNew: 559232K(629120K)->4917K(629120K) Eden: 559232K(559232K)->0K(559232K) From: 0K(69888K)->4917K(69888K)
[233.250s][info][gc,heap        ] GC(2442) Tenured: 1038300K(1398144K)->1038300K(1398144K)
[233.250s][info][gc,metaspace   ] GC(2442) Metaspace: 133553K(135296K)->133553K(135296K) NonClass: 116688K(117504K)->116688K(117504K) Class: 16865K(17792K)->16865K(17792K)
[233.250s][info][gc             ] GC(2442) Pause Young (Allocation Failure) 1560M->1018M(1979M) 4.765ms
[233.250s][info][gc,cpu         ] GC(2442) User=0.02s Sys=0.00s Real=0.00s
[233.305s][info][gc,start       ] GC(2443) Pause Young (Allocation Failure)
[233.309s][info][gc,heap        ] GC(2443) DefNew: 564149K(629120K)->9909K(629120K) Eden: 559232K(559232K)->0K(559232K) From: 4917K(69888K)->9909K(69888K)
[233.309s][info][gc,heap        ] GC(2443) Tenured: 1038300K(1398144K)->1038300K(1398144K)
[233.309s][info][gc,metaspace   ] GC(2443) Metaspace: 133553K(135296K)->133553K(135296K) NonClass: 116688K(117504K)->116688K(117504K) Class: 16865K(17792K)->16865K(17792K)
[233.309s][info][gc             ] GC(2443) Pause Young (Allocation Failure) 1564M->1023M(1979M) 4.082ms
[233.309s][info][gc,cpu         ] GC(2443) User=0.00s Sys=0.00s Real=0.00s
[233.363s][info][gc,start       ] GC(2444) Pause Young (Allocation Failure)
[233.367s][info][gc,heap        ] GC(2444) DefNew: 569141K(629120K)->9017K(629120K) Eden: 559232K(559232K)->0K(559232K) From: 9909K(69888K)->9017K(69888K)
[233.367s][info][gc,heap        ] GC(2444) Tenured: 1038300K(1398144K)->1038300K(1398144K)
[233.367s][info][gc,metaspace   ] GC(2444) Metaspace: 133553K(135296K)->133553K(135296K) NonClass: 116688K(117504K)->116688K(117504K) Class: 16865K(17792K)->16865K(17792K)
[233.367s][info][gc             ] GC(2444) Pause Young (Allocation Failure) 1569M->1022M(1979M) 4.276ms
[233.367s][info][gc,cpu         ] GC(2444) User=0.00s Sys=0.00s Real=0.01s
[233.422s][info][gc,start       ] GC(2445) Pause Young (Allocation Failure)
[233.427s][info][gc,heap        ] GC(2445) DefNew: 568249K(629120K)->10187K(629120K) Eden: 559232K(559232K)->0K(559232K) From: 9017K(69888K)->10187K(69888K)
[233.427s][info][gc,heap        ] GC(2445) Tenured: 1038300K(1398144K)->1038300K(1398144K)
[233.427s][info][gc,metaspace   ] GC(2445) Metaspace: 133553K(135296K)->133553K(135296K) NonClass: 116688K(117504K)->116688K(117504K) Class: 16865K(17792K)->16865K(17792K)
[233.427s][info][gc             ] GC(2445) Pause Young (Allocation Failure) 1568M->1023M(1979M) 4.379ms
[233.427s][info][gc,cpu         ] GC(2445) User=0.00s Sys=0.00s Real=0.00s
[233.482s][info][gc,start       ] GC(2446) Pause Young (Allocation Failure)
[233.487s][info][gc,heap        ] GC(2446) DefNew: 569419K(629120K)->13787K(629120K) Eden: 559232K(559232K)->0K(559232K) From: 10187K(69888K)->13787K(69888K)
[233.487s][info][gc,heap        ] GC(2446) Tenured: 1038300K(1398144K)->1038300K(1398144K)
[233.487s][info][gc,metaspace   ] GC(2446) Metaspace: 133553K(135296K)->133553K(135296K) NonClass: 116688K(117504K)->116688K(117504K) Class: 16865K(17792K)->16865K(17792K)
[233.487s][info][gc             ] GC(2446) Pause Young (Allocation Failure) 1570M->1027M(1979M) 5.011ms
[233.487s][info][gc,cpu         ] GC(2446) User=0.00s Sys=0.00s Real=0.00s
[233.543s][info][gc,start       ] GC(2447) Pause Young (Allocation Failure)
[233.548s][info][gc,heap        ] GC(2447) DefNew: 573019K(629120K)->18283K(629120K) Eden: 559232K(559232K)->0K(559232K) From: 13787K(69888K)->18283K(69888K)
[233.548s][info][gc,heap        ] GC(2447) Tenured: 1038300K(1398144K)->1038300K(1398144K)
[233.548s][info][gc,metaspace   ] GC(2447) Metaspace: 133553K(135296K)->133553K(135296K) NonClass: 116688K(117504K)->116688K(117504K) Class: 16865K(17792K)->16865K(17792K)
[233.548s][info][gc             ] GC(2447) Pause Young (Allocation Failure) 1573M->1031M(1979M) 5.486ms
[233.548s][info][gc,cpu         ] GC(2447) User=0.00s Sys=0.00s Real=0.00s
[233.604s][info][gc,start       ] GC(2448) Pause Young (Allocation Failure)
[233.610s][info][gc,heap        ] GC(2448) DefNew: 577515K(629120K)->22363K(629120K) Eden: 559232K(559232K)->0K(559232K) From: 18283K(69888K)->22363K(69888K)
[233.610s][info][gc,heap        ] GC(2448) Tenured: 1038300K(1398144K)->1038300K(1398144K)
[233.610s][info][gc,metaspace   ] GC(2448) Metaspace: 133553K(135296K)->133553K(135296K) NonClass: 116688K(117504K)->116688K(117504K) Class: 16865K(17792K)->16865K(17792K)
[233.610s][info][gc             ] GC(2448) Pause Young (Allocation Failure) 1577M->1035M(1979M) 5.409ms
[233.610s][info][gc,cpu         ] GC(2448) User=0.00s Sys=0.00s Real=0.00s
[233.666s][info][gc,start       ] GC(2449) Pause Young (Allocation Failure)
[233.672s][info][gc,heap        ] GC(2449) DefNew: 581595K(629120K)->26477K(629120K) Eden: 559232K(559232K)->0K(559232K) From: 22363K(69888K)->26477K(69888K)
[233.672s][info][gc,heap        ] GC(2449) Tenured: 1038300K(1398144K)->1038300K(1398144K)
[233.672s][info][gc,metaspace   ] GC(2449) Metaspace: 133553K(135296K)->133553K(135296K) NonClass: 116688K(117504K)->116688K(117504K) Class: 16865K(17792K)->16865K(17792K)
[233.672s][info][gc             ] GC(2449) Pause Young (Allocation Failure) 1581M->1039M(1979M) 6.223ms
[233.672s][info][gc,cpu         ] GC(2449) User=0.00s Sys=0.00s Real=0.00s
[233.727s][info][gc,start       ] GC(2450) Pause Young (Allocation Failure)
[233.734s][info][gc,heap        ] GC(2450) DefNew: 585421K(629120K)->36809K(629120K) Eden: 558943K(559232K)->0K(559232K) From: 26477K(69888K)->36809K(69888K)
[233.734s][info][gc,heap        ] GC(2450) Tenured: 1038300K(1398144K)->1038300K(1398144K)
[233.734s][info][gc,metaspace   ] GC(2450) Metaspace: 133553K(135296K)->133553K(135296K) NonClass: 116688K(117504K)->116688K(117504K) Class: 16865K(17792K)->16865K(17792K)
[233.734s][info][gc             ] GC(2450) Pause Young (Allocation Failure) 1585M->1049M(1979M) 6.984ms
[233.734s][info][gc,cpu         ] GC(2450) User=0.02s Sys=0.00s Real=0.00s
[233.790s][info][gc,start       ] GC(2451) Pause Young (Allocation Failure)
[233.798s][info][gc,heap        ] GC(2451) DefNew: 596041K(629120K)->36012K(629120K) Eden: 559232K(559232K)->0K(559232K) From: 36809K(69888K)->36012K(69888K)
[233.798s][info][gc,heap        ] GC(2451) Tenured: 1038300K(1398144K)->1043975K(1398144K)
[233.798s][info][gc,metaspace   ] GC(2451) Metaspace: 133553K(135296K)->133553K(135296K) NonClass: 116688K(117504K)->116688K(117504K) Class: 16865K(17792K)->16865K(17792K)
[233.798s][info][gc             ] GC(2451) Pause Young (Allocation Failure) 1596M->1054M(1979M) 7.375ms
[233.798s][info][gc,cpu         ] GC(2451) User=0.02s Sys=0.00s Real=0.00s
[233.853s][info][gc,start       ] GC(2452) Pause Young (Allocation Failure)
[233.859s][info][gc,heap        ] GC(2452) DefNew: 595244K(629120K)->32890K(629120K) Eden: 559232K(559232K)->0K(559232K) From: 36012K(69888K)->32890K(69888K)
[233.859s][info][gc,heap        ] GC(2452) Tenured: 1043975K(1398144K)->1048071K(1398144K)
[233.859s][info][gc,metaspace   ] GC(2452) Metaspace: 133553K(135296K)->133553K(135296K) NonClass: 116688K(117504K)->116688K(117504K) Class: 16865K(17792K)->16865K(17792K)
[233.859s][info][gc             ] GC(2452) Pause Young (Allocation Failure) 1600M->1055M(1979M) 5.736ms
[233.859s][info][gc,cpu         ] GC(2452) User=0.02s Sys=0.00s Real=0.00s
[233.915s][info][gc,start       ] GC(2453) Pause Young (Allocation Failure)
[233.920s][info][gc,heap        ] GC(2453) DefNew: 592122K(629120K)->37004K(629120K) Eden: 559232K(559232K)->0K(559232K) From: 32890K(69888K)->37004K(69888K)
[233.920s][info][gc,heap        ] GC(2453) Tenured: 1048071K(1398144K)->1048071K(1398144K)
[233.920s][info][gc,metaspace   ] GC(2453) Metaspace: 133553K(135296K)->133553K(135296K) NonClass: 116688K(117504K)->116688K(117504K) Class: 16865K(17792K)->16865K(17792K)
[233.920s][info][gc             ] GC(2453) Pause Young (Allocation Failure) 1601M->1059M(1979M) 5.750ms
[233.921s][info][gc,cpu         ] GC(2453) User=0.00s Sys=0.00s Real=0.02s
[233.976s][info][gc,start       ] GC(2454) Pause Young (Allocation Failure)
[233.982s][info][gc,heap        ] GC(2454) DefNew: 596236K(629120K)->39810K(629120K) Eden: 559232K(559232K)->0K(559232K) From: 37004K(69888K)->39810K(69888K)
[233.982s][info][gc,heap        ] GC(2454) Tenured: 1048071K(1398144K)->1052475K(1398144K)
[233.982s][info][gc,metaspace   ] GC(2454) Metaspace: 133553K(135296K)->133553K(135296K) NonClass: 116688K(117504K)->116688K(117504K) Class: 16865K(17792K)->16865K(17792K)
[233.982s][info][gc             ] GC(2454) Pause Young (Allocation Failure) 1605M->1066M(1979M) 6.462ms
[233.982s][info][gc,cpu         ] GC(2454) User=0.00s Sys=0.00s Real=0.02s
[234.038s][info][gc,start       ] GC(2455) Pause Young (Allocation Failure)
[234.044s][info][gc,heap        ] GC(2455) DefNew: 599042K(629120K)->32595K(629120K) Eden: 559232K(559232K)->0K(559232K) From: 39810K(69888K)->32595K(69888K)
[234.044s][info][gc,heap        ] GC(2455) Tenured: 1052475K(1398144K)->1060671K(1398144K)
[234.044s][info][gc,metaspace   ] GC(2455) Metaspace: 133553K(135296K)->133553K(135296K) NonClass: 116688K(117504K)->116688K(117504K) Class: 16865K(17792K)->16865K(17792K)
[234.044s][info][gc             ] GC(2455) Pause Young (Allocation Failure) 1612M->1067M(1979M) 6.564ms
[234.044s][info][gc,cpu         ] GC(2455) User=0.02s Sys=0.00s Real=0.02s
[234.100s][info][gc,start       ] GC(2456) Pause Young (Allocation Failure)
[234.105s][info][gc,heap        ] GC(2456) DefNew: 591827K(629120K)->38262K(629120K) Eden: 559232K(559232K)->0K(559232K) From: 32595K(69888K)->38262K(69888K)
[234.105s][info][gc,heap        ] GC(2456) Tenured: 1060671K(1398144K)->1060671K(1398144K)
[234.105s][info][gc,metaspace   ] GC(2456) Metaspace: 133553K(135296K)->133553K(135296K) NonClass: 116688K(117504K)->116688K(117504K) Class: 16865K(17792K)->16865K(17792K)
[234.105s][info][gc             ] GC(2456) Pause Young (Allocation Failure) 1613M->1073M(1979M) 5.633ms
[234.105s][info][gc,cpu         ] GC(2456) User=0.00s Sys=0.00s Real=0.02s
[234.162s][info][gc,start       ] GC(2457) Pause Young (Allocation Failure)
[234.168s][info][gc,heap        ] GC(2457) DefNew: 597494K(629120K)->37567K(629120K) Eden: 559232K(559232K)->0K(559232K) From: 38262K(69888K)->37567K(69888K)
[234.168s][info][gc,heap        ] GC(2457) Tenured: 1060671K(1398144K)->1064768K(1398144K)
[234.168s][info][gc,metaspace   ] GC(2457) Metaspace: 133553K(135296K)->133553K(135296K) NonClass: 116688K(117504K)->116688K(117504K) Class: 16865K(17792K)->16865K(17792K)
[234.168s][info][gc             ] GC(2457) Pause Young (Allocation Failure) 1619M->1076M(1979M) 6.069ms
[234.168s][info][gc,cpu         ] GC(2457) User=0.00s Sys=0.00s Real=0.01s
[234.230s][info][gc,start       ] GC(2458) Pause Young (Allocation Failure)
[234.237s][info][gc,heap        ] GC(2458) DefNew: 596799K(629120K)->38762K(629120K) Eden: 559232K(559232K)->0K(559232K) From: 37567K(69888K)->38762K(69888K)
[234.237s][info][gc,heap        ] GC(2458) Tenured: 1064768K(1398144K)->1068865K(1398144K)
[234.237s][info][gc,metaspace   ] GC(2458) Metaspace: 133553K(135296K)->133553K(135296K) NonClass: 116688K(117504K)->116688K(117504K) Class: 16865K(17792K)->16865K(17792K)
[234.237s][info][gc             ] GC(2458) Pause Young (Allocation Failure) 1622M->1081M(1979M) 6.595ms
[234.237s][info][gc,cpu         ] GC(2458) User=0.02s Sys=0.00s Real=0.00s
[234.326s][info][gc,start       ] GC(2459) Pause Young (Allocation Failure)
[234.334s][info][gc,heap        ] GC(2459) DefNew: 597994K(629120K)->46327K(629120K) Eden: 559232K(559232K)->0K(559232K) From: 38762K(69888K)->46327K(69888K)
[234.334s][info][gc,heap        ] GC(2459) Tenured: 1068865K(1398144K)->1072962K(1398144K)
[234.334s][info][gc,metaspace   ] GC(2459) Metaspace: 133554K(135296K)->133554K(135296K) NonClass: 116689K(117504K)->116689K(117504K) Class: 16865K(17792K)->16865K(17792K)
[234.334s][info][gc             ] GC(2459) Pause Young (Allocation Failure) 1627M->1093M(1979M) 7.516ms
[234.334s][info][gc,cpu         ] GC(2459) User=0.00s Sys=0.00s Real=0.02s
[234.422s][info][gc,start       ] GC(2460) Pause Young (Allocation Failure)
[234.430s][info][gc,heap        ] GC(2460) DefNew: 605559K(629120K)->48611K(629120K) Eden: 559232K(559232K)->0K(559232K) From: 46327K(69888K)->48611K(69888K)
[234.430s][info][gc,heap        ] GC(2460) Tenured: 1072962K(1398144K)->1085255K(1398144K)
[234.430s][info][gc,metaspace   ] GC(2460) Metaspace: 133554K(135296K)->133554K(135296K) NonClass: 116689K(117504K)->116689K(117504K) Class: 16865K(17792K)->16865K(17792K)
[234.430s][info][gc             ] GC(2460) Pause Young (Allocation Failure) 1639M->1107M(1979M) 7.913ms
[234.430s][info][gc,cpu         ] GC(2460) User=0.00s Sys=0.00s Real=0.02s
[234.517s][info][gc,start       ] GC(2461) Pause Young (Allocation Failure)
[234.525s][info][gc,heap        ] GC(2461) DefNew: 607843K(629120K)->34130K(629120K) Eden: 559232K(559232K)->0K(559232K) From: 48611K(69888K)->34130K(69888K)
[234.525s][info][gc,heap        ] GC(2461) Tenured: 1085255K(1398144K)->1114410K(1398144K)
[234.525s][info][gc,metaspace   ] GC(2461) Metaspace: 133554K(135296K)->133554K(135296K) NonClass: 116689K(117504K)->116689K(117504K) Class: 16865K(17792K)->16865K(17792K)
[234.525s][info][gc             ] GC(2461) Pause Young (Allocation Failure) 1653M->1121M(1979M) 8.560ms
[234.525s][info][gc,cpu         ] GC(2461) User=0.02s Sys=0.00s Real=0.02s
[234.614s][info][gc,start       ] GC(2462) Pause Young (Allocation Failure)
[234.620s][info][gc,heap        ] GC(2462) DefNew: 593362K(629120K)->45832K(629120K) Eden: 559232K(559232K)->0K(559232K) From: 34130K(69888K)->45832K(69888K)
[234.620s][info][gc,heap        ] GC(2462) Tenured: 1114410K(1398144K)->1114410K(1398144K)
[234.620s][info][gc,metaspace   ] GC(2462) Metaspace: 133554K(135296K)->133554K(135296K) NonClass: 116689K(117504K)->116689K(117504K) Class: 16865K(17792K)->16865K(17792K)
[234.620s][info][gc             ] GC(2462) Pause Young (Allocation Failure) 1667M->1133M(1979M) 6.174ms
[234.620s][info][gc,cpu         ] GC(2462) User=0.00s Sys=0.00s Real=0.02s
[234.708s][info][gc,start       ] GC(2463) Pause Young (Allocation Failure)
[234.716s][info][gc,heap        ] GC(2463) DefNew: 605064K(629120K)->47594K(629120K) Eden: 559232K(559232K)->0K(559232K) From: 45832K(69888K)->47594K(69888K)
[234.716s][info][gc,heap        ] GC(2463) Tenured: 1114410K(1398144K)->1126722K(1398144K)
[234.716s][info][gc,metaspace   ] GC(2463) Metaspace: 133554K(135296K)->133554K(135296K) NonClass: 116689K(117504K)->116689K(117504K) Class: 16865K(17792K)->16865K(17792K)
[234.716s][info][gc             ] GC(2463) Pause Young (Allocation Failure) 1679M->1146M(1979M) 7.679ms
[234.716s][info][gc,cpu         ] GC(2463) User=0.02s Sys=0.00s Real=0.02s
[234.803s][info][gc,start       ] GC(2464) Pause Young (Allocation Failure)
[234.811s][info][gc,heap        ] GC(2464) DefNew: 606826K(629120K)->31014K(629120K) Eden: 559232K(559232K)->0K(559232K) From: 47594K(69888K)->31014K(69888K)
[234.811s][info][gc,heap        ] GC(2464) Tenured: 1126722K(1398144K)->1155383K(1398144K)
[234.811s][info][gc,metaspace   ] GC(2464) Metaspace: 133554K(135296K)->133554K(135296K) NonClass: 116689K(117504K)->116689K(117504K) Class: 16865K(17792K)->16865K(17792K)
[234.811s][info][gc             ] GC(2464) Pause Young (Allocation Failure) 1692M->1158M(1979M) 7.449ms
[234.811s][info][gc,cpu         ] GC(2464) User=0.02s Sys=0.00s Real=0.01s
[234.900s][info][gc,start       ] GC(2465) Pause Young (Allocation Failure)
[234.906s][info][gc,heap        ] GC(2465) DefNew: 590246K(629120K)->38583K(629120K) Eden: 559232K(559232K)->0K(559232K) From: 31014K(69888K)->38583K(69888K)
[234.906s][info][gc,heap        ] GC(2465) Tenured: 1155383K(1398144K)->1155383K(1398144K)
[234.906s][info][gc,metaspace   ] GC(2465) Metaspace: 133554K(135296K)->133554K(135296K) NonClass: 116689K(117504K)->116689K(117504K) Class: 16865K(17792K)->16865K(17792K)
[234.906s][info][gc             ] GC(2465) Pause Young (Allocation Failure) 1704M->1165M(1979M) 5.748ms
[234.906s][info][gc,cpu         ] GC(2465) User=0.00s Sys=0.00s Real=0.00s
[234.989s][info][gc,start       ] GC(2466) Pause Young (Allocation Failure)
[234.995s][info][gc,heap        ] GC(2466) DefNew: 597815K(629120K)->35082K(629120K) Eden: 559232K(559232K)->0K(559232K) From: 38583K(69888K)->35082K(69888K)
[234.995s][info][gc,heap        ] GC(2466) Tenured: 1155383K(1398144K)->1167674K(1398144K)
[234.995s][info][gc,metaspace   ] GC(2466) Metaspace: 133554K(135296K)->133554K(135296K) NonClass: 116689K(117504K)->116689K(117504K) Class: 16865K(17792K)->16865K(17792K)
[234.995s][info][gc             ] GC(2466) Pause Young (Allocation Failure) 1712M->1174M(1979M) 6.271ms
[234.995s][info][gc,cpu         ] GC(2466) User=0.00s Sys=0.00s Real=0.01s
[235.081s][info][gc,start       ] GC(2467) Pause Young (Allocation Failure)
[235.087s][info][gc,heap        ] GC(2467) DefNew: 594314K(629120K)->33598K(629120K) Eden: 559232K(559232K)->0K(559232K) From: 35082K(69888K)->33598K(69888K)
[235.087s][info][gc,heap        ] GC(2467) Tenured: 1167674K(1398144K)->1179967K(1398144K)
[235.088s][info][gc,metaspace   ] GC(2467) Metaspace: 133554K(135296K)->133554K(135296K) NonClass: 116689K(117504K)->116689K(117504K) Class: 16865K(17792K)->16865K(17792K)
[235.088s][info][gc             ] GC(2467) Pause Young (Allocation Failure) 1720M->1185M(1979M) 6.404ms
[235.088s][info][gc,cpu         ] GC(2467) User=0.00s Sys=0.00s Real=0.02s
[235.177s][info][gc,start       ] GC(2468) Pause Young (Allocation Failure)
[235.183s][info][gc,heap        ] GC(2468) DefNew: 592830K(629120K)->43744K(629120K) Eden: 559232K(559232K)->0K(559232K) From: 33598K(69888K)->43744K(69888K)
[235.183s][info][gc,heap        ] GC(2468) Tenured: 1179967K(1398144K)->1179967K(1398144K)
[235.183s][info][gc,metaspace   ] GC(2468) Metaspace: 133554K(135296K)->133554K(135296K) NonClass: 116689K(117504K)->116689K(117504K) Class: 16865K(17792K)->16865K(17792K)
[235.184s][info][gc             ] GC(2468) Pause Young (Allocation Failure) 1731M->1195M(1979M) 6.664ms
[235.184s][info][gc,cpu         ] GC(2468) User=0.00s Sys=0.00s Real=0.02s
[235.275s][info][gc,start       ] GC(2469) Pause Young (Allocation Failure)
[235.282s][info][gc,heap        ] GC(2469) DefNew: 602976K(629120K)->32378K(629120K) Eden: 559232K(559232K)->0K(559232K) From: 43744K(69888K)->32378K(69888K)
[235.282s][info][gc,heap        ] GC(2469) Tenured: 1179967K(1398144K)->1192306K(1398144K)
[235.282s][info][gc,metaspace   ] GC(2469) Metaspace: 133554K(135296K)->133554K(135296K) NonClass: 116689K(117504K)->116689K(117504K) Class: 16865K(17792K)->16865K(17792K)
[235.282s][info][gc             ] GC(2469) Pause Young (Allocation Failure) 1741M->1195M(1979M) 6.681ms
[235.282s][info][gc,cpu         ] GC(2469) User=0.00s Sys=0.00s Real=0.00s
[235.373s][info][gc,start       ] GC(2470) Pause Young (Allocation Failure)
[235.379s][info][gc,heap        ] GC(2470) DefNew: 591610K(629120K)->41749K(629120K) Eden: 559232K(559232K)->0K(559232K) From: 32378K(69888K)->41749K(69888K)
[235.379s][info][gc,heap        ] GC(2470) Tenured: 1192306K(1398144K)->1192306K(1398144K)
[235.379s][info][gc,metaspace   ] GC(2470) Metaspace: 133554K(135296K)->133554K(135296K) NonClass: 116689K(117504K)->116689K(117504K) Class: 16865K(17792K)->16865K(17792K)
[235.379s][info][gc             ] GC(2470) Pause Young (Allocation Failure) 1742M->1205M(1979M) 6.051ms
[235.379s][info][gc,cpu         ] GC(2470) User=0.00s Sys=0.00s Real=0.00s
[235.469s][info][gc,start       ] GC(2471) Pause Young (Allocation Failure)
[235.477s][info][gc,heap        ] GC(2471) DefNew: 600981K(629120K)->43224K(629120K) Eden: 559232K(559232K)->0K(559232K) From: 41749K(69888K)->43224K(69888K)
[235.477s][info][gc,heap        ] GC(2471) Tenured: 1192306K(1398144K)->1204599K(1398144K)
[235.477s][info][gc,metaspace   ] GC(2471) Metaspace: 133554K(135296K)->133554K(135296K) NonClass: 116689K(117504K)->116689K(117504K) Class: 16865K(17792K)->16865K(17792K)
[235.477s][info][gc             ] GC(2471) Pause Young (Allocation Failure) 1751M->1218M(1979M) 7.915ms
[235.477s][info][gc,cpu         ] GC(2471) User=0.00s Sys=0.00s Real=0.00s
[235.567s][info][gc,start       ] GC(2472) Pause Young (Allocation Failure)
[235.573s][info][gc,heap        ] GC(2472) DefNew: 602456K(629120K)->29472K(629120K) Eden: 559232K(559232K)->0K(559232K) From: 43224K(69888K)->29472K(69888K)
[235.573s][info][gc,heap        ] GC(2472) Tenured: 1204599K(1398144K)->1216891K(1398144K)
[235.573s][info][gc,metaspace   ] GC(2472) Metaspace: 133554K(135296K)->133554K(135296K) NonClass: 116689K(117504K)->116689K(117504K) Class: 16865K(17792K)->16865K(17792K)
[235.573s][info][gc             ] GC(2472) Pause Young (Allocation Failure) 1764M->1217M(1979M) 5.713ms
[235.573s][info][gc,cpu         ] GC(2472) User=0.00s Sys=0.00s Real=0.00s
[235.662s][info][gc,start       ] GC(2473) Pause Young (Allocation Failure)
[235.668s][info][gc,heap        ] GC(2473) DefNew: 588704K(629120K)->39174K(629120K) Eden: 559232K(559232K)->0K(559232K) From: 29472K(69888K)->39174K(69888K)
[235.669s][info][gc,heap        ] GC(2473) Tenured: 1216891K(1398144K)->1216891K(1398144K)
[235.669s][info][gc,metaspace   ] GC(2473) Metaspace: 133554K(135296K)->133554K(135296K) NonClass: 116689K(117504K)->116689K(117504K) Class: 16865K(17792K)->16865K(17792K)
[235.669s][info][gc             ] GC(2473) Pause Young (Allocation Failure) 1763M->1226M(1979M) 6.738ms
[235.669s][info][gc,cpu         ] GC(2473) User=0.00s Sys=0.00s Real=0.01s
[235.751s][info][gc,start       ] GC(2474) Pause Young (Allocation Failure)
[235.756s][info][gc,heap        ] GC(2474) DefNew: 598406K(629120K)->24930K(629120K) Eden: 559232K(559232K)->0K(559232K) From: 39174K(69888K)->24930K(69888K)
[235.756s][info][gc,heap        ] GC(2474) Tenured: 1216891K(1398144K)->1225084K(1398144K)
[235.756s][info][gc,metaspace   ] GC(2474) Metaspace: 133554K(135296K)->133554K(135296K) NonClass: 116689K(117504K)->116689K(117504K) Class: 16865K(17792K)->16865K(17792K)
[235.756s][info][gc             ] GC(2474) Pause Young (Allocation Failure) 1772M->1220M(1979M) 4.946ms
[235.756s][info][gc,cpu         ] GC(2474) User=0.00s Sys=0.00s Real=0.00s
[235.839s][info][gc,start       ] GC(2475) Pause Young (Allocation Failure)
[235.844s][info][gc,heap        ] GC(2475) DefNew: 584162K(629120K)->27853K(629120K) Eden: 559232K(559232K)->0K(559232K) From: 24930K(69888K)->27853K(69888K)
[235.844s][info][gc,heap        ] GC(2475) Tenured: 1225084K(1398144K)->1225084K(1398144K)
[235.844s][info][gc,metaspace   ] GC(2475) Metaspace: 133554K(135296K)->133554K(135296K) NonClass: 116689K(117504K)->116689K(117504K) Class: 16865K(17792K)->16865K(17792K)
[235.844s][info][gc             ] GC(2475) Pause Young (Allocation Failure) 1766M->1223M(1979M) 4.661ms
[235.844s][info][gc,cpu         ] GC(2475) User=0.00s Sys=0.00s Real=0.02s
[235.926s][info][gc,start       ] GC(2476) Pause Young (Allocation Failure)
[235.931s][info][gc,heap        ] GC(2476) DefNew: 587085K(629120K)->30986K(629120K) Eden: 559232K(559232K)->0K(559232K) From: 27853K(69888K)->30986K(69888K)
[235.931s][info][gc,heap        ] GC(2476) Tenured: 1225084K(1398144K)->1225084K(1398144K)
[235.931s][info][gc,metaspace   ] GC(2476) Metaspace: 133554K(135296K)->133554K(135296K) NonClass: 116689K(117504K)->116689K(117504K) Class: 16865K(17792K)->16865K(17792K)
[235.931s][info][gc             ] GC(2476) Pause Young (Allocation Failure) 1769M->1226M(1979M) 4.826ms
[235.931s][info][gc,cpu         ] GC(2476) User=0.00s Sys=0.00s Real=0.00s
[236.016s][info][gc,start       ] GC(2477) Pause Young (Allocation Failure)
[236.021s][info][gc,heap        ] GC(2477) DefNew: 590218K(629120K)->29020K(629120K) Eden: 559232K(559232K)->0K(559232K) From: 30986K(69888K)->29020K(69888K)
[236.021s][info][gc,heap        ] GC(2477) Tenured: 1225084K(1398144K)->1225084K(1398144K)
[236.021s][info][gc,metaspace   ] GC(2477) Metaspace: 133554K(135296K)->133554K(135296K) NonClass: 116689K(117504K)->116689K(117504K) Class: 16865K(17792K)->16865K(17792K)
[236.021s][info][gc             ] GC(2477) Pause Young (Allocation Failure) 1772M->1224M(1979M) 4.838ms
[236.021s][info][gc,cpu         ] GC(2477) User=0.00s Sys=0.00s Real=0.00s
[236.107s][info][gc,start       ] GC(2478) Pause Young (Allocation Failure)
[236.112s][info][gc,heap        ] GC(2478) DefNew: 588252K(629120K)->33611K(629120K) Eden: 559232K(559232K)->0K(559232K) From: 29020K(69888K)->33611K(69888K)
[236.112s][info][gc,heap        ] GC(2478) Tenured: 1225084K(1398144K)->1225084K(1398144K)
[236.112s][info][gc,metaspace   ] GC(2478) Metaspace: 133554K(135296K)->133554K(135296K) NonClass: 116689K(117504K)->116689K(117504K) Class: 16865K(17792K)->16865K(17792K)
[236.112s][info][gc             ] GC(2478) Pause Young (Allocation Failure) 1770M->1229M(1979M) 4.980ms
[236.112s][info][gc,cpu         ] GC(2478) User=0.00s Sys=0.00s Real=0.00s
[236.202s][info][gc,start       ] GC(2479) Pause Young (Allocation Failure)
[236.208s][info][gc,heap        ] GC(2479) DefNew: 592843K(629120K)->41409K(629120K) Eden: 559232K(559232K)->0K(559232K) From: 33611K(69888K)->41409K(69888K)
[236.208s][info][gc,heap        ] GC(2479) Tenured: 1225084K(1398144K)->1225084K(1398144K)
[236.208s][info][gc,metaspace   ] GC(2479) Metaspace: 133554K(135296K)->133554K(135296K) NonClass: 116689K(117504K)->116689K(117504K) Class: 16865K(17792K)->16865K(17792K)
[236.208s][info][gc             ] GC(2479) Pause Young (Allocation Failure) 1775M->1236M(1979M) 6.081ms
[236.208s][info][gc,cpu         ] GC(2479) User=0.00s Sys=0.00s Real=0.00s
[236.293s][info][gc,start       ] GC(2480) Pause Young (Allocation Failure)
[236.298s][info][gc,heap        ] GC(2480) DefNew: 600641K(629120K)->17591K(629120K) Eden: 559232K(559232K)->0K(559232K) From: 41409K(69888K)->17591K(69888K)
[236.299s][info][gc,heap        ] GC(2480) Tenured: 1225084K(1398144K)->1237375K(1398144K)
[236.299s][info][gc,metaspace   ] GC(2480) Metaspace: 133554K(135296K)->133554K(135296K) NonClass: 116689K(117504K)->116689K(117504K) Class: 16865K(17792K)->16865K(17792K)
[236.299s][info][gc             ] GC(2480) Pause Young (Allocation Failure) 1782M->1225M(1979M) 5.146ms
[236.299s][info][gc,cpu         ] GC(2480) User=0.02s Sys=0.00s Real=0.02s
[236.385s][info][gc,start       ] GC(2481) Pause Young (Allocation Failure)
[236.389s][info][gc,heap        ] GC(2481) DefNew: 576823K(629120K)->22876K(629120K) Eden: 559232K(559232K)->0K(559232K) From: 17591K(69888K)->22876K(69888K)
[236.389s][info][gc,heap        ] GC(2481) Tenured: 1237375K(1398144K)->1237375K(1398144K)
[236.389s][info][gc,metaspace   ] GC(2481) Metaspace: 133554K(135296K)->133554K(135296K) NonClass: 116689K(117504K)->116689K(117504K) Class: 16865K(17792K)->16865K(17792K)
[236.389s][info][gc             ] GC(2481) Pause Young (Allocation Failure) 1771M->1230M(1979M) 4.166ms
[236.389s][info][gc,cpu         ] GC(2481) User=0.00s Sys=0.00s Real=0.00s
[236.477s][info][gc,start       ] GC(2482) Pause Young (Allocation Failure)
[236.481s][info][gc,heap        ] GC(2482) DefNew: 582108K(629120K)->22791K(629120K) Eden: 559232K(559232K)->0K(559232K) From: 22876K(69888K)->22791K(69888K)
[236.481s][info][gc,heap        ] GC(2482) Tenured: 1237375K(1398144K)->1237375K(1398144K)
[236.481s][info][gc,metaspace   ] GC(2482) Metaspace: 133554K(135296K)->133554K(135296K) NonClass: 116689K(117504K)->116689K(117504K) Class: 16865K(17792K)->16865K(17792K)
[236.481s][info][gc             ] GC(2482) Pause Young (Allocation Failure) 1776M->1230M(1979M) 4.639ms
[236.481s][info][gc,cpu         ] GC(2482) User=0.00s Sys=0.00s Real=0.00s
[236.568s][info][gc,start       ] GC(2483) Pause Young (Allocation Failure)
[236.572s][info][gc,heap        ] GC(2483) DefNew: 582023K(629120K)->21307K(629120K) Eden: 559232K(559232K)->0K(559232K) From: 22791K(69888K)->21307K(69888K)
[236.572s][info][gc,heap        ] GC(2483) Tenured: 1237375K(1398144K)->1237375K(1398144K)
[236.572s][info][gc,metaspace   ] GC(2483) Metaspace: 133554K(135296K)->133554K(135296K) NonClass: 116689K(117504K)->116689K(117504K) Class: 16865K(17792K)->16865K(17792K)
[236.572s][info][gc             ] GC(2483) Pause Young (Allocation Failure) 1776M->1229M(1979M) 4.131ms
[236.572s][info][gc,cpu         ] GC(2483) User=0.00s Sys=0.00s Real=0.00s
[236.659s][info][gc,start       ] GC(2484) Pause Young (Allocation Failure)
[236.663s][info][gc,heap        ] GC(2484) DefNew: 580539K(629120K)->26008K(629120K) Eden: 559232K(559232K)->0K(559232K) From: 21307K(69888K)->26008K(69888K)
[236.663s][info][gc,heap        ] GC(2484) Tenured: 1237375K(1398144K)->1237375K(1398144K)
[236.663s][info][gc,metaspace   ] GC(2484) Metaspace: 133554K(135296K)->133554K(135296K) NonClass: 116689K(117504K)->116689K(117504K) Class: 16865K(17792K)->16865K(17792K)
[236.663s][info][gc             ] GC(2484) Pause Young (Allocation Failure) 1775M->1233M(1979M) 4.359ms
[236.663s][info][gc,cpu         ] GC(2484) User=0.00s Sys=0.00s Real=0.01s
[236.749s][info][gc,start       ] GC(2485) Pause Young (Allocation Failure)
[236.753s][info][gc,heap        ] GC(2485) DefNew: 585240K(629120K)->17313K(629120K) Eden: 559232K(559232K)->0K(559232K) From: 26008K(69888K)->17313K(69888K)
[236.753s][info][gc,heap        ] GC(2485) Tenured: 1237375K(1398144K)->1237375K(1398144K)
[236.753s][info][gc,metaspace   ] GC(2485) Metaspace: 133554K(135296K)->133554K(135296K) NonClass: 116689K(117504K)->116689K(117504K) Class: 16865K(17792K)->16865K(17792K)
[236.753s][info][gc             ] GC(2485) Pause Young (Allocation Failure) 1779M->1225M(1979M) 3.913ms
[236.753s][info][gc,cpu         ] GC(2485) User=0.02s Sys=0.00s Real=0.02s
[236.840s][info][gc,start       ] GC(2486) Pause Young (Allocation Failure)
[236.844s][info][gc,heap        ] GC(2486) DefNew: 576545K(629120K)->22868K(629120K) Eden: 559232K(559232K)->0K(559232K) From: 17313K(69888K)->22868K(69888K)
[236.844s][info][gc,heap        ] GC(2486) Tenured: 1237375K(1398144K)->1237375K(1398144K)
[236.844s][info][gc,metaspace   ] GC(2486) Metaspace: 133554K(135296K)->133554K(135296K) NonClass: 116689K(117504K)->116689K(117504K) Class: 16865K(17792K)->16865K(17792K)
[236.844s][info][gc             ] GC(2486) Pause Young (Allocation Failure) 1771M->1230M(1979M) 4.288ms
[236.844s][info][gc,cpu         ] GC(2486) User=0.00s Sys=0.00s Real=0.00s
[236.931s][info][gc,start       ] GC(2487) Pause Young (Allocation Failure)
[236.935s][info][gc,heap        ] GC(2487) DefNew: 582100K(629120K)->30986K(629120K) Eden: 559232K(559232K)->0K(559232K) From: 22868K(69888K)->30986K(69888K)
[236.935s][info][gc,heap        ] GC(2487) Tenured: 1237375K(1398144K)->1237375K(1398144K)
[236.935s][info][gc,metaspace   ] GC(2487) Metaspace: 133554K(135296K)->133554K(135296K) NonClass: 116689K(117504K)->116689K(117504K) Class: 16865K(17792K)->16865K(17792K)
[236.935s][info][gc             ] GC(2487) Pause Young (Allocation Failure) 1776M->1238M(1979M) 4.833ms
[236.935s][info][gc,cpu         ] GC(2487) User=0.00s Sys=0.00s Real=0.00s
[237.022s][info][gc,start       ] GC(2488) Pause Young (Allocation Failure)
[237.026s][info][gc,heap        ] GC(2488) DefNew: 590218K(629120K)->10737K(629120K) Eden: 559232K(559232K)->0K(559232K) From: 30986K(69888K)->10737K(69888K)
[237.026s][info][gc,heap        ] GC(2488) Tenured: 1237375K(1398144K)->1245611K(1398144K)
[237.026s][info][gc,metaspace   ] GC(2488) Metaspace: 133554K(135296K)->133554K(135296K) NonClass: 116689K(117504K)->116689K(117504K) Class: 16865K(17792K)->16865K(17792K)
[237.026s][info][gc             ] GC(2488) Pause Young (Allocation Failure) 1784M->1226M(1979M) 4.001ms
[237.026s][info][gc,cpu         ] GC(2488) User=0.00s Sys=0.00s Real=0.00s
[237.112s][info][gc,start       ] GC(2489) Pause Young (Allocation Failure)
[237.116s][info][gc,heap        ] GC(2489) DefNew: 569969K(629120K)->14627K(629120K) Eden: 559232K(559232K)->0K(559232K) From: 10737K(69888K)->14627K(69888K)
[237.116s][info][gc,heap        ] GC(2489) Tenured: 1245611K(1398144K)->1245611K(1398144K)
[237.116s][info][gc,metaspace   ] GC(2489) Metaspace: 133554K(135296K)->133554K(135296K) NonClass: 116689K(117504K)->116689K(117504K) Class: 16865K(17792K)->16865K(17792K)
[237.116s][info][gc             ] GC(2489) Pause Young (Allocation Failure) 1773M->1230M(1979M) 3.598ms
[237.116s][info][gc,cpu         ] GC(2489) User=0.02s Sys=0.00s Real=0.02s
[237.204s][info][gc,start       ] GC(2490) Pause Young (Allocation Failure)
[237.207s][info][gc,heap        ] GC(2490) DefNew: 573859K(629120K)->8210K(629120K) Eden: 559232K(559232K)->0K(559232K) From: 14627K(69888K)->8210K(69888K)
[237.207s][info][gc,heap        ] GC(2490) Tenured: 1245611K(1398144K)->1245611K(1398144K)
[237.207s][info][gc,metaspace   ] GC(2490) Metaspace: 133554K(135296K)->133554K(135296K) NonClass: 116689K(117504K)->116689K(117504K) Class: 16865K(17792K)->16865K(17792K)
[237.207s][info][gc             ] GC(2490) Pause Young (Allocation Failure) 1776M->1224M(1979M) 2.786ms
[237.207s][info][gc,cpu         ] GC(2490) User=0.00s Sys=0.00s Real=0.00s
[237.315s][info][gc,start       ] GC(2491) Pause Young (Allocation Failure)
[237.319s][info][gc,heap        ] GC(2491) DefNew: 567442K(629120K)->14201K(629120K) Eden: 559232K(559232K)->0K(559232K) From: 8210K(69888K)->14201K(69888K)
[237.319s][info][gc,heap        ] GC(2491) Tenured: 1245611K(1398144K)->1245611K(1398144K)
[237.319s][info][gc,metaspace   ] GC(2491) Metaspace: 133554K(135296K)->133554K(135296K) NonClass: 116689K(117504K)->116689K(117504K) Class: 16865K(17792K)->16865K(17792K)
[237.319s][info][gc             ] GC(2491) Pause Young (Allocation Failure) 1770M->1230M(1979M) 4.124ms
[237.319s][info][gc,cpu         ] GC(2491) User=0.00s Sys=0.00s Real=0.02s
[237.468s][info][gc,start       ] GC(2492) Pause Full (System.gc())
[237.468s][info][gc,phases,start] GC(2492) Phase 1: Mark live objects
[237.528s][info][gc,phases      ] GC(2492) Phase 1: Mark live objects 60.682ms
[237.528s][info][gc,phases,start] GC(2492) Phase 2: Compute new object addresses
[237.573s][info][gc,phases      ] GC(2492) Phase 2: Compute new object addresses 45.095ms
[237.573s][info][gc,phases,start] GC(2492) Phase 3: Adjust pointers
[237.608s][info][gc,phases      ] GC(2492) Phase 3: Adjust pointers 34.526ms
[237.608s][info][gc,phases,start] GC(2492) Phase 4: Move objects
[237.694s][info][gc,phases      ] GC(2492) Phase 4: Move objects 86.108ms
[237.695s][info][gc,heap        ] GC(2492) DefNew: 266241K(629120K)->0K(629120K) Eden: 252039K(559232K)->0K(559232K) From: 14201K(69888K)->0K(69888K)
[237.695s][info][gc,heap        ] GC(2492) Tenured: 1245611K(1398144K)->971023K(1398144K)
[237.695s][info][gc,metaspace   ] GC(2492) Metaspace: 133557K(135296K)->133557K(135296K) NonClass: 116692K(117504K)->116692K(117504K) Class: 16865K(17792K)->16865K(17792K)
[237.695s][info][gc             ] GC(2492) Pause Full (System.gc()) 1476M->948M(1979M) 227.621ms
[237.695s][info][gc,cpu         ] GC(2492) User=0.23s Sys=0.00s Real=0.23s
[237.815s][info][gc,start       ] GC(2493) Pause Young (Allocation Failure)
[237.820s][info][gc,heap        ] GC(2493) DefNew: 559232K(629120K)->4938K(629120K) Eden: 559232K(559232K)->0K(559232K) From: 0K(69888K)->4938K(69888K)
[237.820s][info][gc,heap        ] GC(2493) Tenured: 971023K(1398144K)->971023K(1398144K)
[237.820s][info][gc,metaspace   ] GC(2493) Metaspace: 133647K(135360K)->133647K(135360K) NonClass: 116781K(117568K)->116781K(117568K) Class: 16866K(17792K)->16866K(17792K)
[237.820s][info][gc             ] GC(2493) Pause Young (Allocation Failure) 1494M->953M(1979M) 4.791ms
[237.820s][info][gc,cpu         ] GC(2493) User=0.02s Sys=0.00s Real=0.00s
[237.874s][info][gc,start       ] GC(2494) Pause Young (Allocation Failure)
[237.878s][info][gc,heap        ] GC(2494) DefNew: 564170K(629120K)->5838K(629120K) Eden: 559232K(559232K)->0K(559232K) From: 4938K(69888K)->5838K(69888K)
[237.878s][info][gc,heap        ] GC(2494) Tenured: 971023K(1398144K)->971023K(1398144K)
[237.878s][info][gc,metaspace   ] GC(2494) Metaspace: 133647K(135360K)->133647K(135360K) NonClass: 116781K(117568K)->116781K(117568K) Class: 16866K(17792K)->16866K(17792K)
[237.879s][info][gc             ] GC(2494) Pause Young (Allocation Failure) 1499M->953M(1979M) 4.033ms
[237.879s][info][gc,cpu         ] GC(2494) User=0.00s Sys=0.00s Real=0.00s
[237.932s][info][gc,start       ] GC(2495) Pause Young (Allocation Failure)
[237.937s][info][gc,heap        ] GC(2495) DefNew: 565070K(629120K)->9020K(629120K) Eden: 559232K(559232K)->0K(559232K) From: 5838K(69888K)->9020K(69888K)
[237.937s][info][gc,heap        ] GC(2495) Tenured: 971023K(1398144K)->971023K(1398144K)
[237.937s][info][gc,metaspace   ] GC(2495) Metaspace: 133647K(135360K)->133647K(135360K) NonClass: 116781K(117568K)->116781K(117568K) Class: 16866K(17792K)->16866K(17792K)
[237.937s][info][gc             ] GC(2495) Pause Young (Allocation Failure) 1500M->957M(1979M) 4.363ms
[237.937s][info][gc,cpu         ] GC(2495) User=0.00s Sys=0.00s Real=0.02s
[237.992s][info][gc,start       ] GC(2496) Pause Young (Allocation Failure)
[237.997s][info][gc,heap        ] GC(2496) DefNew: 568252K(629120K)->14008K(629120K) Eden: 559232K(559232K)->0K(559232K) From: 9020K(69888K)->14008K(69888K)
[237.997s][info][gc,heap        ] GC(2496) Tenured: 971023K(1398144K)->971023K(1398144K)
[237.997s][info][gc,metaspace   ] GC(2496) Metaspace: 133647K(135360K)->133647K(135360K) NonClass: 116781K(117568K)->116781K(117568K) Class: 16866K(17792K)->16866K(17792K)
[237.997s][info][gc             ] GC(2496) Pause Young (Allocation Failure) 1503M->961M(1979M) 4.814ms
[237.997s][info][gc,cpu         ] GC(2496) User=0.00s Sys=0.00s Real=0.00s
[238.054s][info][gc,start       ] GC(2497) Pause Young (Allocation Failure)
[238.059s][info][gc,heap        ] GC(2497) DefNew: 573240K(629120K)->14177K(629120K) Eden: 559232K(559232K)->0K(559232K) From: 14008K(69888K)->14177K(69888K)
[238.059s][info][gc,heap        ] GC(2497) Tenured: 971023K(1398144K)->971023K(1398144K)
[238.059s][info][gc,metaspace   ] GC(2497) Metaspace: 133659K(135360K)->133659K(135360K) NonClass: 116792K(117568K)->116792K(117568K) Class: 16866K(17792K)->16866K(17792K)
[238.059s][info][gc             ] GC(2497) Pause Young (Allocation Failure) 1508M->962M(1979M) 5.318ms
[238.059s][info][gc,cpu         ] GC(2497) User=0.03s Sys=0.00s Real=0.00s
[238.115s][info][gc,start       ] GC(2498) Pause Young (Allocation Failure)
[238.120s][info][gc,heap        ] GC(2498) DefNew: 573409K(629120K)->18294K(629120K) Eden: 559232K(559232K)->0K(559232K) From: 14177K(69888K)->18294K(69888K)
[238.120s][info][gc,heap        ] GC(2498) Tenured: 971023K(1398144K)->971023K(1398144K)
[238.120s][info][gc,metaspace   ] GC(2498) Metaspace: 133659K(135360K)->133659K(135360K) NonClass: 116792K(117568K)->116792K(117568K) Class: 16866K(17792K)->16866K(17792K)
[238.120s][info][gc             ] GC(2498) Pause Young (Allocation Failure) 1508M->966M(1979M) 5.470ms
[238.120s][info][gc,cpu         ] GC(2498) User=0.02s Sys=0.00s Real=0.02s
[238.177s][info][gc,start       ] GC(2499) Pause Young (Allocation Failure)
[238.183s][info][gc,heap        ] GC(2499) DefNew: 577526K(629120K)->23167K(629120K) Eden: 559232K(559232K)->0K(559232K) From: 18294K(69888K)->23167K(69888K)
[238.183s][info][gc,heap        ] GC(2499) Tenured: 971023K(1398144K)->971023K(1398144K)
[238.183s][info][gc,metaspace   ] GC(2499) Metaspace: 133659K(135360K)->133659K(135360K) NonClass: 116792K(117568K)->116792K(117568K) Class: 16866K(17792K)->16866K(17792K)
[238.183s][info][gc             ] GC(2499) Pause Young (Allocation Failure) 1512M->970M(1979M) 6.019ms
[238.183s][info][gc,cpu         ] GC(2499) User=0.02s Sys=0.00s Real=0.02s
[238.241s][info][gc,start       ] GC(2500) Pause Young (Allocation Failure)
[238.247s][info][gc,heap        ] GC(2500) DefNew: 582399K(629120K)->29219K(629120K) Eden: 559232K(559232K)->0K(559232K) From: 23167K(69888K)->29219K(69888K)
[238.247s][info][gc,heap        ] GC(2500) Tenured: 971023K(1398144K)->971023K(1398144K)
[238.247s][info][gc,metaspace   ] GC(2500) Metaspace: 133659K(135360K)->133659K(135360K) NonClass: 116792K(117568K)->116792K(117568K) Class: 16866K(17792K)->16866K(17792K)
[238.247s][info][gc             ] GC(2500) Pause Young (Allocation Failure) 1517M->976M(1979M) 6.546ms
[238.247s][info][gc,cpu         ] GC(2500) User=0.00s Sys=0.00s Real=0.02s
[238.302s][info][gc,start       ] GC(2501) Pause Young (Allocation Failure)
[238.309s][info][gc,heap        ] GC(2501) DefNew: 588451K(629120K)->31366K(629120K) Eden: 559232K(559232K)->0K(559232K) From: 29219K(69888K)->31366K(69888K)
[238.309s][info][gc,heap        ] GC(2501) Tenured: 971023K(1398144K)->971023K(1398144K)
[238.309s][info][gc,metaspace   ] GC(2501) Metaspace: 133659K(135360K)->133659K(135360K) NonClass: 116792K(117568K)->116792K(117568K) Class: 16866K(17792K)->16866K(17792K)
[238.309s][info][gc             ] GC(2501) Pause Young (Allocation Failure) 1522M->978M(1979M) 6.636ms
[238.309s][info][gc,cpu         ] GC(2501) User=0.00s Sys=0.00s Real=0.02s
[238.365s][info][gc,start       ] GC(2502) Pause Young (Allocation Failure)
[238.372s][info][gc,heap        ] GC(2502) DefNew: 590598K(629120K)->37815K(629120K) Eden: 559232K(559232K)->0K(559232K) From: 31366K(69888K)->37815K(69888K)
[238.372s][info][gc,heap        ] GC(2502) Tenured: 971023K(1398144K)->971023K(1398144K)
[238.372s][info][gc,metaspace   ] GC(2502) Metaspace: 133659K(135360K)->133659K(135360K) NonClass: 116792K(117568K)->116792K(117568K) Class: 16866K(17792K)->16866K(17792K)
[238.372s][info][gc             ] GC(2502) Pause Young (Allocation Failure) 1525M->985M(1979M) 7.330ms
[238.372s][info][gc,cpu         ] GC(2502) User=0.00s Sys=0.00s Real=0.02s
[238.427s][info][gc,start       ] GC(2503) Pause Young (Allocation Failure)
[238.435s][info][gc,heap        ] GC(2503) DefNew: 597047K(629120K)->36993K(629120K) Eden: 559232K(559232K)->0K(559232K) From: 37815K(69888K)->36993K(69888K)
[238.435s][info][gc,heap        ] GC(2503) Tenured: 971023K(1398144K)->976707K(1398144K)
[238.435s][info][gc,metaspace   ] GC(2503) Metaspace: 133659K(135360K)->133659K(135360K) NonClass: 116792K(117568K)->116792K(117568K) Class: 16866K(17792K)->16866K(17792K)
[238.435s][info][gc             ] GC(2503) Pause Young (Allocation Failure) 1531M->989M(1979M) 7.813ms
[238.435s][info][gc,cpu         ] GC(2503) User=0.00s Sys=0.00s Real=0.01s
[238.491s][info][gc,start       ] GC(2504) Pause Young (Allocation Failure)
[238.497s][info][gc,heap        ] GC(2504) DefNew: 596225K(629120K)->37780K(629120K) Eden: 559232K(559232K)->0K(559232K) From: 36993K(69888K)->37780K(69888K)
[238.497s][info][gc,heap        ] GC(2504) Tenured: 976707K(1398144K)->980804K(1398144K)
[238.497s][info][gc,metaspace   ] GC(2504) Metaspace: 133659K(135360K)->133659K(135360K) NonClass: 116792K(117568K)->116792K(117568K) Class: 16866K(17792K)->16866K(17792K)
[238.497s][info][gc             ] GC(2504) Pause Young (Allocation Failure) 1536M->994M(1979M) 6.273ms
[238.497s][info][gc,cpu         ] GC(2504) User=0.00s Sys=0.00s Real=0.01s
[238.553s][info][gc,start       ] GC(2505) Pause Young (Allocation Failure)
[238.560s][info][gc,heap        ] GC(2505) DefNew: 597012K(629120K)->41371K(629120K) Eden: 559232K(559232K)->0K(559232K) From: 37780K(69888K)->41371K(69888K)
[238.560s][info][gc,heap        ] GC(2505) Tenured: 980804K(1398144K)->985209K(1398144K)
[238.560s][info][gc,metaspace   ] GC(2505) Metaspace: 133659K(135360K)->133659K(135360K) NonClass: 116792K(117568K)->116792K(117568K) Class: 16866K(17792K)->16866K(17792K)
[238.560s][info][gc             ] GC(2505) Pause Young (Allocation Failure) 1540M->1002M(1979M) 6.979ms
[238.560s][info][gc,cpu         ] GC(2505) User=0.00s Sys=0.00s Real=0.02s
[238.616s][info][gc,start       ] GC(2506) Pause Young (Allocation Failure)
[238.622s][info][gc,heap        ] GC(2506) DefNew: 600603K(629120K)->36633K(629120K) Eden: 559232K(559232K)->0K(559232K) From: 41371K(69888K)->36633K(69888K)
[238.622s][info][gc,heap        ] GC(2506) Tenured: 985209K(1398144K)->993405K(1398144K)
[238.622s][info][gc,metaspace   ] GC(2506) Metaspace: 133659K(135360K)->133659K(135360K) NonClass: 116792K(117568K)->116792K(117568K) Class: 16866K(17792K)->16866K(17792K)
[238.622s][info][gc             ] GC(2506) Pause Young (Allocation Failure) 1548M->1005M(1979M) 6.106ms
[238.622s][info][gc,cpu         ] GC(2506) User=0.00s Sys=0.00s Real=0.00s
[238.677s][info][gc,start       ] GC(2507) Pause Young (Allocation Failure)
[238.683s][info][gc,heap        ] GC(2507) DefNew: 595865K(629120K)->34160K(629120K) Eden: 559232K(559232K)->0K(559232K) From: 36633K(69888K)->34160K(69888K)
[238.683s][info][gc,heap        ] GC(2507) Tenured: 993405K(1398144K)->997503K(1398144K)
[238.683s][info][gc,metaspace   ] GC(2507) Metaspace: 133659K(135360K)->133659K(135360K) NonClass: 116792K(117568K)->116792K(117568K) Class: 16866K(17792K)->16866K(17792K)
[238.683s][info][gc             ] GC(2507) Pause Young (Allocation Failure) 1552M->1007M(1979M) 5.539ms
[238.683s][info][gc,cpu         ] GC(2507) User=0.00s Sys=0.00s Real=0.00s
[238.739s][info][gc,start       ] GC(2508) Pause Young (Allocation Failure)
[238.744s][info][gc,heap        ] GC(2508) DefNew: 593392K(629120K)->34729K(629120K) Eden: 559232K(559232K)->0K(559232K) From: 34160K(69888K)->34729K(69888K)
[238.744s][info][gc,heap        ] GC(2508) Tenured: 997503K(1398144K)->997503K(1398144K)
[238.744s][info][gc,metaspace   ] GC(2508) Metaspace: 133659K(135360K)->133659K(135360K) NonClass: 116792K(117568K)->116792K(117568K) Class: 16866K(17792K)->16866K(17792K)
[238.744s][info][gc             ] GC(2508) Pause Young (Allocation Failure) 1553M->1008M(1979M) 5.213ms
[238.744s][info][gc,cpu         ] GC(2508) User=0.02s Sys=0.00s Real=0.00s
[238.802s][info][gc,start       ] GC(2509) Pause Young (Allocation Failure)
[238.809s][info][gc,heap        ] GC(2509) DefNew: 593961K(629120K)->42796K(629120K) Eden: 559232K(559232K)->0K(559232K) From: 34729K(69888K)->42796K(69888K)
[238.809s][info][gc,heap        ] GC(2509) Tenured: 997503K(1398144K)->997503K(1398144K)
[238.809s][info][gc,metaspace   ] GC(2509) Metaspace: 133661K(135360K)->133661K(135360K) NonClass: 116794K(117568K)->116794K(117568K) Class: 16866K(17792K)->16866K(17792K)
[238.809s][info][gc             ] GC(2509) Pause Young (Allocation Failure) 1554M->1015M(1979M) 6.555ms
[238.809s][info][gc,cpu         ] GC(2509) User=0.00s Sys=0.00s Real=0.00s
[238.898s][info][gc,start       ] GC(2510) Pause Young (Allocation Failure)
[238.906s][info][gc,heap        ] GC(2510) DefNew: 602028K(629120K)->46326K(629120K) Eden: 559232K(559232K)->0K(559232K) From: 42796K(69888K)->46326K(69888K)
[238.906s][info][gc,heap        ] GC(2510) Tenured: 997503K(1398144K)->1005696K(1398144K)
[238.906s][info][gc,metaspace   ] GC(2510) Metaspace: 133661K(135360K)->133661K(135360K) NonClass: 116794K(117568K)->116794K(117568K) Class: 16866K(17792K)->16866K(17792K)
[238.906s][info][gc             ] GC(2510) Pause Young (Allocation Failure) 1562M->1027M(1979M) 7.619ms
[238.906s][info][gc,cpu         ] GC(2510) User=0.00s Sys=0.00s Real=0.00s
[238.994s][info][gc,start       ] GC(2511) Pause Young (Allocation Failure)
[239.002s][info][gc,heap        ] GC(2511) DefNew: 605558K(629120K)->49431K(629120K) Eden: 559232K(559232K)->0K(559232K) From: 46326K(69888K)->49431K(69888K)
[239.002s][info][gc,heap        ] GC(2511) Tenured: 1005696K(1398144K)->1018009K(1398144K)
[239.002s][info][gc,metaspace   ] GC(2511) Metaspace: 133661K(135360K)->133661K(135360K) NonClass: 116794K(117568K)->116794K(117568K) Class: 16866K(17792K)->16866K(17792K)
[239.002s][info][gc             ] GC(2511) Pause Young (Allocation Failure) 1573M->1042M(1979M) 7.907ms
[239.002s][info][gc,cpu         ] GC(2511) User=0.00s Sys=0.00s Real=0.02s
[239.090s][info][gc,start       ] GC(2512) Pause Young (Allocation Failure)
[239.098s][info][gc,heap        ] GC(2512) DefNew: 608663K(629120K)->34146K(629120K) Eden: 559232K(559232K)->0K(559232K) From: 49431K(69888K)->34146K(69888K)
[239.098s][info][gc,heap        ] GC(2512) Tenured: 1018009K(1398144K)->1047144K(1398144K)
[239.098s][info][gc,metaspace   ] GC(2512) Metaspace: 133661K(135360K)->133661K(135360K) NonClass: 116794K(117568K)->116794K(117568K) Class: 16866K(17792K)->16866K(17792K)
[239.098s][info][gc             ] GC(2512) Pause Young (Allocation Failure) 1588M->1055M(1979M) 8.163ms
[239.099s][info][gc,cpu         ] GC(2512) User=0.00s Sys=0.00s Real=0.02s
[239.188s][info][gc,start       ] GC(2513) Pause Young (Allocation Failure)
[239.195s][info][gc,heap        ] GC(2513) DefNew: 593378K(629120K)->45840K(629120K) Eden: 559232K(559232K)->0K(559232K) From: 34146K(69888K)->45840K(69888K)
[239.195s][info][gc,heap        ] GC(2513) Tenured: 1047144K(1398144K)->1047144K(1398144K)
[239.195s][info][gc,metaspace   ] GC(2513) Metaspace: 133661K(135360K)->133661K(135360K) NonClass: 116794K(117568K)->116794K(117568K) Class: 16866K(17792K)->16866K(17792K)
[239.195s][info][gc             ] GC(2513) Pause Young (Allocation Failure) 1602M->1067M(1979M) 6.801ms
[239.195s][info][gc,cpu         ] GC(2513) User=0.00s Sys=0.00s Real=0.02s
[239.283s][info][gc,start       ] GC(2514) Pause Young (Allocation Failure)
[239.291s][info][gc,heap        ] GC(2514) DefNew: 605072K(629120K)->47804K(629120K) Eden: 559232K(559232K)->0K(559232K) From: 45840K(69888K)->47804K(69888K)
[239.291s][info][gc,heap        ] GC(2514) Tenured: 1047144K(1398144K)->1059437K(1398144K)
[239.291s][info][gc,metaspace   ] GC(2514) Metaspace: 133661K(135360K)->133661K(135360K) NonClass: 116794K(117568K)->116794K(117568K) Class: 16866K(17792K)->16866K(17792K)
[239.291s][info][gc             ] GC(2514) Pause Young (Allocation Failure) 1613M->1081M(1979M) 7.598ms
[239.291s][info][gc,cpu         ] GC(2514) User=0.00s Sys=0.00s Real=0.02s
[239.379s][info][gc,start       ] GC(2515) Pause Young (Allocation Failure)
[239.386s][info][gc,heap        ] GC(2515) DefNew: 607036K(629120K)->31018K(629120K) Eden: 559232K(559232K)->0K(559232K) From: 47804K(69888K)->31018K(69888K)
[239.387s][info][gc,heap        ] GC(2515) Tenured: 1059437K(1398144K)->1088118K(1398144K)
[239.387s][info][gc,metaspace   ] GC(2515) Metaspace: 133661K(135360K)->133661K(135360K) NonClass: 116794K(117568K)->116794K(117568K) Class: 16866K(17792K)->16866K(17792K)
[239.387s][info][gc             ] GC(2515) Pause Young (Allocation Failure) 1627M->1092M(1979M) 7.225ms
[239.387s][info][gc,cpu         ] GC(2515) User=0.00s Sys=0.00s Real=0.00s
[239.474s][info][gc,start       ] GC(2516) Pause Young (Allocation Failure)
[239.480s][info][gc,heap        ] GC(2516) DefNew: 590250K(629120K)->38591K(629120K) Eden: 559232K(559232K)->0K(559232K) From: 31018K(69888K)->38591K(69888K)
[239.480s][info][gc,heap        ] GC(2516) Tenured: 1088118K(1398144K)->1088118K(1398144K)
[239.480s][info][gc,metaspace   ] GC(2516) Metaspace: 133661K(135360K)->133661K(135360K) NonClass: 116794K(117568K)->116794K(117568K) Class: 16866K(17792K)->16866K(17792K)
[239.480s][info][gc             ] GC(2516) Pause Young (Allocation Failure) 1639M->1100M(1979M) 5.468ms
[239.480s][info][gc,cpu         ] GC(2516) User=0.00s Sys=0.00s Real=0.00s
[239.563s][info][gc,start       ] GC(2517) Pause Young (Allocation Failure)
[239.569s][info][gc,heap        ] GC(2517) DefNew: 597823K(629120K)->35081K(629120K) Eden: 559232K(559232K)->0K(559232K) From: 38591K(69888K)->35081K(69888K)
[239.569s][info][gc,heap        ] GC(2517) Tenured: 1088118K(1398144K)->1100408K(1398144K)
[239.569s][info][gc,metaspace   ] GC(2517) Metaspace: 133661K(135360K)->133661K(135360K) NonClass: 116794K(117568K)->116794K(117568K) Class: 16866K(17792K)->16866K(17792K)
[239.569s][info][gc             ] GC(2517) Pause Young (Allocation Failure) 1646M->1108M(1979M) 6.738ms
[239.569s][info][gc,cpu         ] GC(2517) User=0.02s Sys=0.00s Real=0.02s
[239.656s][info][gc,start       ] GC(2518) Pause Young (Allocation Failure)
[239.663s][info][gc,heap        ] GC(2518) DefNew: 594313K(629120K)->33607K(629120K) Eden: 559232K(559232K)->0K(559232K) From: 35081K(69888K)->33607K(69888K)
[239.663s][info][gc,heap        ] GC(2518) Tenured: 1100408K(1398144K)->1112701K(1398144K)
[239.663s][info][gc,metaspace   ] GC(2518) Metaspace: 133661K(135360K)->133661K(135360K) NonClass: 116794K(117568K)->116794K(117568K) Class: 16866K(17792K)->16866K(17792K)
[239.663s][info][gc             ] GC(2518) Pause Young (Allocation Failure) 1655M->1119M(1979M) 6.285ms
[239.663s][info][gc,cpu         ] GC(2518) User=0.00s Sys=0.00s Real=0.02s
[239.752s][info][gc,start       ] GC(2519) Pause Young (Allocation Failure)
[239.758s][info][gc,heap        ] GC(2519) DefNew: 592839K(629120K)->43573K(629120K) Eden: 559232K(559232K)->0K(559232K) From: 33607K(69888K)->43573K(69888K)
[239.758s][info][gc,heap        ] GC(2519) Tenured: 1112701K(1398144K)->1112701K(1398144K)
[239.758s][info][gc,metaspace   ] GC(2519) Metaspace: 133661K(135360K)->133661K(135360K) NonClass: 116794K(117568K)->116794K(117568K) Class: 16866K(17792K)->16866K(17792K)
[239.758s][info][gc             ] GC(2519) Pause Young (Allocation Failure) 1665M->1129M(1979M) 6.082ms
[239.758s][info][gc,cpu         ] GC(2519) User=0.00s Sys=0.00s Real=0.02s
[239.844s][info][gc,start       ] GC(2520) Pause Young (Allocation Failure)
[239.850s][info][gc,heap        ] GC(2520) DefNew: 602805K(629120K)->32761K(629120K) Eden: 559232K(559232K)->0K(559232K) From: 43573K(69888K)->32761K(69888K)
[239.850s][info][gc,heap        ] GC(2520) Tenured: 1112701K(1398144K)->1125040K(1398144K)
[239.850s][info][gc,metaspace   ] GC(2520) Metaspace: 133661K(135360K)->133661K(135360K) NonClass: 116794K(117568K)->116794K(117568K) Class: 16866K(17792K)->16866K(17792K)
[239.850s][info][gc             ] GC(2520) Pause Young (Allocation Failure) 1675M->1130M(1979M) 6.077ms
[239.850s][info][gc,cpu         ] GC(2520) User=0.00s Sys=0.00s Real=0.00s
[239.939s][info][gc,start       ] GC(2521) Pause Young (Allocation Failure)
[239.945s][info][gc,heap        ] GC(2521) DefNew: 591993K(629120K)->41769K(629120K) Eden: 559232K(559232K)->0K(559232K) From: 32761K(69888K)->41769K(69888K)
[239.945s][info][gc,heap        ] GC(2521) Tenured: 1125040K(1398144K)->1125040K(1398144K)
[239.945s][info][gc,metaspace   ] GC(2521) Metaspace: 133661K(135360K)->133661K(135360K) NonClass: 116794K(117568K)->116794K(117568K) Class: 16866K(17792K)->16866K(17792K)
[239.945s][info][gc             ] GC(2521) Pause Young (Allocation Failure) 1676M->1139M(1979M) 5.737ms
[239.945s][info][gc,cpu         ] GC(2521) User=0.00s Sys=0.00s Real=0.00s
[240.032s][info][gc,start       ] GC(2522) Pause Young (Allocation Failure)
[240.038s][info][gc,heap        ] GC(2522) DefNew: 601001K(629120K)->35032K(629120K) Eden: 559232K(559232K)->0K(559232K) From: 41769K(69888K)->35032K(69888K)
[240.038s][info][gc,heap        ] GC(2522) Tenured: 1125040K(1398144K)->1137333K(1398144K)
[240.038s][info][gc,metaspace   ] GC(2522) Metaspace: 133661K(135360K)->133661K(135360K) NonClass: 116794K(117568K)->116794K(117568K) Class: 16866K(17792K)->16866K(17792K)
[240.038s][info][gc             ] GC(2522) Pause Young (Allocation Failure) 1685M->1144M(1979M) 6.271ms
[240.039s][info][gc,cpu         ] GC(2522) User=0.00s Sys=0.00s Real=0.00s
[240.125s][info][gc,start       ] GC(2523) Pause Young (Allocation Failure)
[240.131s][info][gc,heap        ] GC(2523) DefNew: 594264K(629120K)->33562K(629120K) Eden: 559232K(559232K)->0K(559232K) From: 35032K(69888K)->33562K(69888K)
[240.131s][info][gc,heap        ] GC(2523) Tenured: 1137333K(1398144K)->1145528K(1398144K)
[240.131s][info][gc,metaspace   ] GC(2523) Metaspace: 133661K(135360K)->133661K(135360K) NonClass: 116794K(117568K)->116794K(117568K) Class: 16866K(17792K)->16866K(17792K)
[240.131s][info][gc             ] GC(2523) Pause Young (Allocation Failure) 1691M->1151M(1979M) 5.826ms
[240.131s][info][gc,cpu         ] GC(2523) User=0.00s Sys=0.00s Real=0.00s
[240.223s][info][gc,start       ] GC(2524) Pause Young (Allocation Failure)
[240.230s][info][gc,heap        ] GC(2524) DefNew: 592794K(629120K)->43267K(629120K) Eden: 559232K(559232K)->0K(559232K) From: 33562K(69888K)->43267K(69888K)
[240.230s][info][gc,heap        ] GC(2524) Tenured: 1145528K(1398144K)->1145528K(1398144K)
[240.230s][info][gc,metaspace   ] GC(2524) Metaspace: 133661K(135360K)->133661K(135360K) NonClass: 116795K(117568K)->116795K(117568K) Class: 16866K(17792K)->16866K(17792K)
[240.230s][info][gc             ] GC(2524) Pause Young (Allocation Failure) 1697M->1160M(1979M) 6.824ms
[240.230s][info][gc,cpu         ] GC(2524) User=0.02s Sys=0.00s Real=0.02s
[240.313s][info][gc,start       ] GC(2525) Pause Young (Allocation Failure)
[240.318s][info][gc,heap        ] GC(2525) DefNew: 602499K(629120K)->24926K(629120K) Eden: 559232K(559232K)->0K(559232K) From: 43267K(69888K)->24926K(69888K)
[240.318s][info][gc,heap        ] GC(2525) Tenured: 1145528K(1398144K)->1157819K(1398144K)
[240.318s][info][gc,metaspace   ] GC(2525) Metaspace: 133661K(135360K)->133661K(135360K) NonClass: 116795K(117568K)->116795K(117568K) Class: 16866K(17792K)->16866K(17792K)
[240.318s][info][gc             ] GC(2525) Pause Young (Allocation Failure) 1707M->1155M(1979M) 5.368ms
[240.318s][info][gc,cpu         ] GC(2525) User=0.00s Sys=0.00s Real=0.00s
[240.401s][info][gc,start       ] GC(2526) Pause Young (Allocation Failure)
[240.405s][info][gc,heap        ] GC(2526) DefNew: 584158K(629120K)->27858K(629120K) Eden: 559232K(559232K)->0K(559232K) From: 24926K(69888K)->27858K(69888K)
[240.406s][info][gc,heap        ] GC(2526) Tenured: 1157819K(1398144K)->1157819K(1398144K)
[240.406s][info][gc,metaspace   ] GC(2526) Metaspace: 133661K(135360K)->133661K(135360K) NonClass: 116795K(117568K)->116795K(117568K) Class: 16866K(17792K)->16866K(17792K)
[240.406s][info][gc             ] GC(2526) Pause Young (Allocation Failure) 1701M->1157M(1979M) 4.583ms
[240.406s][info][gc,cpu         ] GC(2526) User=0.02s Sys=0.00s Real=0.02s
[240.488s][info][gc,start       ] GC(2527) Pause Young (Allocation Failure)
[240.492s][info][gc,heap        ] GC(2527) DefNew: 587090K(629120K)->30969K(629120K) Eden: 559232K(559232K)->0K(559232K) From: 27858K(69888K)->30969K(69888K)
[240.493s][info][gc,heap        ] GC(2527) Tenured: 1157819K(1398144K)->1157819K(1398144K)
[240.493s][info][gc,metaspace   ] GC(2527) Metaspace: 133661K(135360K)->133661K(135360K) NonClass: 116795K(117568K)->116795K(117568K) Class: 16866K(17792K)->16866K(17792K)
[240.493s][info][gc             ] GC(2527) Pause Young (Allocation Failure) 1704M->1160M(1979M) 4.959ms
[240.493s][info][gc,cpu         ] GC(2527) User=0.00s Sys=0.00s Real=0.00s
[240.578s][info][gc,start       ] GC(2528) Pause Young (Allocation Failure)
[240.583s][info][gc,heap        ] GC(2528) DefNew: 590201K(629120K)->29012K(629120K) Eden: 559232K(559232K)->0K(559232K) From: 30969K(69888K)->29012K(69888K)
[240.583s][info][gc,heap        ] GC(2528) Tenured: 1157819K(1398144K)->1157819K(1398144K)
[240.583s][info][gc,metaspace   ] GC(2528) Metaspace: 133661K(135360K)->133661K(135360K) NonClass: 116795K(117568K)->116795K(117568K) Class: 16866K(17792K)->16866K(17792K)
[240.583s][info][gc             ] GC(2528) Pause Young (Allocation Failure) 1707M->1159M(1979M) 4.921ms
[240.583s][info][gc,cpu         ] GC(2528) User=0.00s Sys=0.00s Real=0.00s
[240.670s][info][gc,start       ] GC(2529) Pause Young (Allocation Failure)
[240.676s][info][gc,heap        ] GC(2529) DefNew: 588244K(629120K)->35179K(629120K) Eden: 559232K(559232K)->0K(559232K) From: 29012K(69888K)->35179K(69888K)
[240.676s][info][gc,heap        ] GC(2529) Tenured: 1157819K(1398144K)->1157819K(1398144K)
[240.676s][info][gc,metaspace   ] GC(2529) Metaspace: 133661K(135360K)->133661K(135360K) NonClass: 116795K(117568K)->116795K(117568K) Class: 16866K(17792K)->16866K(17792K)
[240.676s][info][gc             ] GC(2529) Pause Young (Allocation Failure) 1705M->1165M(1979M) 5.832ms
[240.676s][info][gc,cpu         ] GC(2529) User=0.00s Sys=0.00s Real=0.00s
[240.765s][info][gc,start       ] GC(2530) Pause Young (Allocation Failure)
[240.770s][info][gc,heap        ] GC(2530) DefNew: 594411K(629120K)->37314K(629120K) Eden: 559232K(559232K)->0K(559232K) From: 35179K(69888K)->37314K(69888K)
[240.770s][info][gc,heap        ] GC(2530) Tenured: 1157819K(1398144K)->1161915K(1398144K)
[240.771s][info][gc,metaspace   ] GC(2530) Metaspace: 133661K(135360K)->133661K(135360K) NonClass: 116795K(117568K)->116795K(117568K) Class: 16866K(17792K)->16866K(17792K)
[240.771s][info][gc             ] GC(2530) Pause Young (Allocation Failure) 1711M->1171M(1979M) 5.767ms
[240.771s][info][gc,cpu         ] GC(2530) User=0.00s Sys=0.00s Real=0.00s
[240.857s][info][gc,start       ] GC(2531) Pause Young (Allocation Failure)
[240.861s][info][gc,heap        ] GC(2531) DefNew: 596546K(629120K)->18997K(629120K) Eden: 559232K(559232K)->0K(559232K) From: 37314K(69888K)->18997K(69888K)
[240.861s][info][gc,heap        ] GC(2531) Tenured: 1161915K(1398144K)->1170110K(1398144K)
[240.861s][info][gc,metaspace   ] GC(2531) Metaspace: 133661K(135360K)->133661K(135360K) NonClass: 116795K(117568K)->116795K(117568K) Class: 16866K(17792K)->16866K(17792K)
[240.861s][info][gc             ] GC(2531) Pause Young (Allocation Failure) 1717M->1161M(1979M) 4.722ms
[240.862s][info][gc,cpu         ] GC(2531) User=0.00s Sys=0.00s Real=0.02s
[240.949s][info][gc,start       ] GC(2532) Pause Young (Allocation Failure)
[240.953s][info][gc,heap        ] GC(2532) DefNew: 578229K(629120K)->22894K(629120K) Eden: 559232K(559232K)->0K(559232K) From: 18997K(69888K)->22894K(69888K)
[240.953s][info][gc,heap        ] GC(2532) Tenured: 1170110K(1398144K)->1170110K(1398144K)
[240.953s][info][gc,metaspace   ] GC(2532) Metaspace: 133661K(135360K)->133661K(135360K) NonClass: 116795K(117568K)->116795K(117568K) Class: 16866K(17792K)->16866K(17792K)
[240.953s][info][gc             ] GC(2532) Pause Young (Allocation Failure) 1707M->1165M(1979M) 4.475ms
[240.953s][info][gc,cpu         ] GC(2532) User=0.00s Sys=0.00s Real=0.02s
[241.040s][info][gc,start       ] GC(2533) Pause Young (Allocation Failure)
[241.043s][info][gc,heap        ] GC(2533) DefNew: 582126K(629120K)->16464K(629120K) Eden: 559232K(559232K)->0K(559232K) From: 22894K(69888K)->16464K(69888K)
[241.043s][info][gc,heap        ] GC(2533) Tenured: 1170110K(1398144K)->1170110K(1398144K)
[241.043s][info][gc,metaspace   ] GC(2533) Metaspace: 133661K(135360K)->133661K(135360K) NonClass: 116795K(117568K)->116795K(117568K) Class: 16866K(17792K)->16866K(17792K)
[241.043s][info][gc             ] GC(2533) Pause Young (Allocation Failure) 1711M->1158M(1979M) 3.763ms
[241.043s][info][gc,cpu         ] GC(2533) User=0.00s Sys=0.00s Real=0.00s
[241.129s][info][gc,start       ] GC(2534) Pause Young (Allocation Failure)
[241.133s][info][gc,heap        ] GC(2534) DefNew: 575696K(629120K)->21315K(629120K) Eden: 559232K(559232K)->0K(559232K) From: 16464K(69888K)->21315K(69888K)
[241.133s][info][gc,heap        ] GC(2534) Tenured: 1170110K(1398144K)->1170110K(1398144K)
[241.133s][info][gc,metaspace   ] GC(2534) Metaspace: 133661K(135360K)->133661K(135360K) NonClass: 116795K(117568K)->116795K(117568K) Class: 16866K(17792K)->16866K(17792K)
[241.133s][info][gc             ] GC(2534) Pause Young (Allocation Failure) 1704M->1163M(1979M) 4.114ms
[241.133s][info][gc,cpu         ] GC(2534) User=0.00s Sys=0.00s Real=0.00s
[241.221s][info][gc,start       ] GC(2535) Pause Young (Allocation Failure)
[241.226s][info][gc,heap        ] GC(2535) DefNew: 580547K(629120K)->29148K(629120K) Eden: 559232K(559232K)->0K(559232K) From: 21315K(69888K)->29148K(69888K)
[241.226s][info][gc,heap        ] GC(2535) Tenured: 1170110K(1398144K)->1170110K(1398144K)
[241.226s][info][gc,metaspace   ] GC(2535) Metaspace: 133661K(135360K)->133661K(135360K) NonClass: 116795K(117568K)->116795K(117568K) Class: 16866K(17792K)->16866K(17792K)
[241.226s][info][gc             ] GC(2535) Pause Young (Allocation Failure) 1709M->1171M(1979M) 4.927ms
[241.226s][info][gc,cpu         ] GC(2535) User=0.00s Sys=0.00s Real=0.00s
[241.312s][info][gc,start       ] GC(2536) Pause Young (Allocation Failure)
[241.316s][info][gc,heap        ] GC(2536) DefNew: 588380K(629120K)->17618K(629120K) Eden: 559232K(559232K)->0K(559232K) From: 29148K(69888K)->17618K(69888K)
[241.316s][info][gc,heap        ] GC(2536) Tenured: 1170110K(1398144K)->1170110K(1398144K)
[241.316s][info][gc,metaspace   ] GC(2536) Metaspace: 133661K(135360K)->133661K(135360K) NonClass: 116795K(117568K)->116795K(117568K) Class: 16866K(17792K)->16866K(17792K)
[241.316s][info][gc             ] GC(2536) Pause Young (Allocation Failure) 1717M->1159M(1979M) 3.961ms
[241.316s][info][gc,cpu         ] GC(2536) User=0.00s Sys=0.00s Real=0.02s
[241.403s][info][gc,start       ] GC(2537) Pause Young (Allocation Failure)
[241.407s][info][gc,heap        ] GC(2537) DefNew: 576850K(629120K)->22873K(629120K) Eden: 559232K(559232K)->0K(559232K) From: 17618K(69888K)->22873K(69888K)
[241.407s][info][gc,heap        ] GC(2537) Tenured: 1170110K(1398144K)->1170110K(1398144K)
[241.407s][info][gc,metaspace   ] GC(2537) Metaspace: 133661K(135360K)->133661K(135360K) NonClass: 116795K(117568K)->116795K(117568K) Class: 16866K(17792K)->16866K(17792K)
[241.407s][info][gc             ] GC(2537) Pause Young (Allocation Failure) 1706M->1165M(1979M) 4.123ms
[241.407s][info][gc,cpu         ] GC(2537) User=0.00s Sys=0.00s Real=0.02s
[241.494s][info][gc,start       ] GC(2538) Pause Young (Allocation Failure)
[241.498s][info][gc,heap        ] GC(2538) DefNew: 582105K(629120K)->22791K(629120K) Eden: 559232K(559232K)->0K(559232K) From: 22873K(69888K)->22791K(69888K)
[241.498s][info][gc,heap        ] GC(2538) Tenured: 1170110K(1398144K)->1170110K(1398144K)
[241.498s][info][gc,metaspace   ] GC(2538) Metaspace: 133661K(135360K)->133661K(135360K) NonClass: 116795K(117568K)->116795K(117568K) Class: 16866K(17792K)->16866K(17792K)
[241.498s][info][gc             ] GC(2538) Pause Young (Allocation Failure) 1711M->1164M(1979M) 4.495ms
[241.498s][info][gc,cpu         ] GC(2538) User=0.00s Sys=0.00s Real=0.00s
[241.585s][info][gc,start       ] GC(2539) Pause Young (Allocation Failure)
[241.589s][info][gc,heap        ] GC(2539) DefNew: 582023K(629120K)->11508K(629120K) Eden: 559232K(559232K)->0K(559232K) From: 22791K(69888K)->11508K(69888K)
[241.589s][info][gc,heap        ] GC(2539) Tenured: 1170110K(1398144K)->1178345K(1398144K)
[241.589s][info][gc,metaspace   ] GC(2539) Metaspace: 133661K(135360K)->133661K(135360K) NonClass: 116795K(117568K)->116795K(117568K) Class: 16866K(17792K)->16866K(17792K)
[241.589s][info][gc             ] GC(2539) Pause Young (Allocation Failure) 1711M->1161M(1979M) 3.935ms
[241.589s][info][gc,cpu         ] GC(2539) User=0.00s Sys=0.00s Real=0.00s
[241.675s][info][gc,start       ] GC(2540) Pause Young (Allocation Failure)
[241.679s][info][gc,heap        ] GC(2540) DefNew: 570740K(629120K)->17756K(629120K) Eden: 559232K(559232K)->0K(559232K) From: 11508K(69888K)->17756K(69888K)
[241.679s][info][gc,heap        ] GC(2540) Tenured: 1178345K(1398144K)->1178345K(1398144K)
[241.679s][info][gc,metaspace   ] GC(2540) Metaspace: 133661K(135360K)->133661K(135360K) NonClass: 116795K(117568K)->116795K(117568K) Class: 16866K(17792K)->16866K(17792K)
[241.679s][info][gc             ] GC(2540) Pause Young (Allocation Failure) 1708M->1168M(1979M) 3.708ms
[241.679s][info][gc,cpu         ] GC(2540) User=0.00s Sys=0.00s Real=0.00s
[241.766s][info][gc,start       ] GC(2541) Pause Young (Allocation Failure)
[241.769s][info][gc,heap        ] GC(2541) DefNew: 576988K(629120K)->8697K(629120K) Eden: 559232K(559232K)->0K(559232K) From: 17756K(69888K)->8697K(69888K)
[241.769s][info][gc,heap        ] GC(2541) Tenured: 1178345K(1398144K)->1178345K(1398144K)
[241.769s][info][gc,metaspace   ] GC(2541) Metaspace: 133661K(135360K)->133661K(135360K) NonClass: 116795K(117568K)->116795K(117568K) Class: 16866K(17792K)->16866K(17792K)
[241.769s][info][gc             ] GC(2541) Pause Young (Allocation Failure) 1714M->1159M(1979M) 3.059ms
[241.769s][info][gc,cpu         ] GC(2541) User=0.02s Sys=0.00s Real=0.02s
[241.880s][info][gc,start       ] GC(2542) Pause Young (Allocation Failure)
[241.882s][info][gc,heap        ] GC(2542) DefNew: 567929K(629120K)->7852K(629120K) Eden: 559232K(559232K)->0K(559232K) From: 8697K(69888K)->7852K(69888K)
[241.882s][info][gc,heap        ] GC(2542) Tenured: 1178345K(1398144K)->1178345K(1398144K)
[241.882s][info][gc,metaspace   ] GC(2542) Metaspace: 133661K(135360K)->133661K(135360K) NonClass: 116795K(117568K)->116795K(117568K) Class: 16866K(17792K)->16866K(17792K)
[241.883s][info][gc             ] GC(2542) Pause Young (Allocation Failure) 1705M->1158M(1979M) 2.839ms
[241.883s][info][gc,cpu         ] GC(2542) User=0.00s Sys=0.00s Real=0.00s
[242.023s][info][gc,start       ] GC(2543) Pause Full (System.gc())
[242.023s][info][gc,phases,start] GC(2543) Phase 1: Mark live objects
[242.084s][info][gc,phases      ] GC(2543) Phase 1: Mark live objects 61.008ms
[242.084s][info][gc,phases,start] GC(2543) Phase 2: Compute new object addresses
[242.125s][info][gc,phases      ] GC(2543) Phase 2: Compute new object addresses 40.982ms
[242.125s][info][gc,phases,start] GC(2543) Phase 3: Adjust pointers
[242.159s][info][gc,phases      ] GC(2543) Phase 3: Adjust pointers 34.528ms
[242.159s][info][gc,phases,start] GC(2543) Phase 4: Move objects
[242.160s][info][gc,phases      ] GC(2543) Phase 4: Move objects 0.044ms
[242.160s][info][gc,heap        ] GC(2543) DefNew: 227435K(629120K)->0K(629120K) Eden: 219582K(559232K)->0K(559232K) From: 7852K(69888K)->0K(69888K)
[242.160s][info][gc,heap        ] GC(2543) Tenured: 1178345K(1398144K)->1022492K(1398144K)
[242.160s][info][gc,metaspace   ] GC(2543) Metaspace: 133691K(135424K)->133691K(135424K) NonClass: 116825K(117632K)->116825K(117632K) Class: 16866K(17792K)->16866K(17792K)
[242.160s][info][gc             ] GC(2543) Pause Full (System.gc()) 1372M->998M(1979M) 137.571ms
[242.160s][info][gc,cpu         ] GC(2543) User=0.12s Sys=0.00s Real=0.12s
[242.277s][info][gc,start       ] GC(2544) Pause Young (Allocation Failure)
[242.281s][info][gc,heap        ] GC(2544) DefNew: 559232K(629120K)->4931K(629120K) Eden: 559232K(559232K)->0K(559232K) From: 0K(69888K)->4931K(69888K)
[242.281s][info][gc,heap        ] GC(2544) Tenured: 1022492K(1398144K)->1022492K(1398144K)
[242.281s][info][gc,metaspace   ] GC(2544) Metaspace: 133714K(135424K)->133714K(135424K) NonClass: 116848K(117632K)->116848K(117632K) Class: 16866K(17792K)->16866K(17792K)
[242.281s][info][gc             ] GC(2544) Pause Young (Allocation Failure) 1544M->1003M(1979M) 4.729ms
[242.281s][info][gc,cpu         ] GC(2544) User=0.02s Sys=0.00s Real=0.00s
[242.335s][info][gc,start       ] GC(2545) Pause Young (Allocation Failure)
[242.340s][info][gc,heap        ] GC(2545) DefNew: 564163K(629120K)->12077K(629120K) Eden: 559232K(559232K)->0K(559232K) From: 4931K(69888K)->12077K(69888K)
[242.340s][info][gc,heap        ] GC(2545) Tenured: 1022492K(1398144K)->1022492K(1398144K)
[242.340s][info][gc,metaspace   ] GC(2545) Metaspace: 133714K(135424K)->133714K(135424K) NonClass: 116848K(117632K)->116848K(117632K) Class: 16866K(17792K)->16866K(17792K)
[242.340s][info][gc             ] GC(2545) Pause Young (Allocation Failure) 1549M->1010M(1979M) 4.424ms
[242.340s][info][gc,cpu         ] GC(2545) User=0.00s Sys=0.00s Real=0.00s
[242.395s][info][gc,start       ] GC(2546) Pause Young (Allocation Failure)
[242.399s][info][gc,heap        ] GC(2546) DefNew: 571309K(629120K)->9011K(629120K) Eden: 559232K(559232K)->0K(559232K) From: 12077K(69888K)->9011K(69888K)
[242.399s][info][gc,heap        ] GC(2546) Tenured: 1022492K(1398144K)->1022492K(1398144K)
[242.399s][info][gc,metaspace   ] GC(2546) Metaspace: 133714K(135424K)->133714K(135424K) NonClass: 116848K(117632K)->116848K(117632K) Class: 16866K(17792K)->16866K(17792K)
[242.399s][info][gc             ] GC(2546) Pause Young (Allocation Failure) 1556M->1007M(1979M) 4.236ms
[242.399s][info][gc,cpu         ] GC(2546) User=0.00s Sys=0.00s Real=0.02s
[242.453s][info][gc,start       ] GC(2547) Pause Young (Allocation Failure)
[242.458s][info][gc,heap        ] GC(2547) DefNew: 568243K(629120K)->13998K(629120K) Eden: 559232K(559232K)->0K(559232K) From: 9011K(69888K)->13998K(69888K)
[242.458s][info][gc,heap        ] GC(2547) Tenured: 1022492K(1398144K)->1022492K(1398144K)
[242.458s][info][gc,metaspace   ] GC(2547) Metaspace: 133714K(135424K)->133714K(135424K) NonClass: 116848K(117632K)->116848K(117632K) Class: 16866K(17792K)->16866K(17792K)
[242.458s][info][gc             ] GC(2547) Pause Young (Allocation Failure) 1553M->1012M(1979M) 4.746ms
[242.458s][info][gc,cpu         ] GC(2547) User=0.00s Sys=0.00s Real=0.00s
[242.515s][info][gc,start       ] GC(2548) Pause Young (Allocation Failure)
[242.519s][info][gc,heap        ] GC(2548) DefNew: 573230K(629120K)->13275K(629120K) Eden: 559232K(559232K)->0K(559232K) From: 13998K(69888K)->13275K(69888K)
[242.519s][info][gc,heap        ] GC(2548) Tenured: 1022492K(1398144K)->1022492K(1398144K)
[242.519s][info][gc,metaspace   ] GC(2548) Metaspace: 133720K(135424K)->133720K(135424K) NonClass: 116854K(117632K)->116854K(117632K) Class: 16866K(17792K)->16866K(17792K)
[242.519s][info][gc             ] GC(2548) Pause Young (Allocation Failure) 1558M->1011M(1979M) 4.898ms
[242.519s][info][gc,cpu         ] GC(2548) User=0.02s Sys=0.00s Real=0.00s
[242.576s][info][gc,start       ] GC(2549) Pause Young (Allocation Failure)
[242.581s][info][gc,heap        ] GC(2549) DefNew: 572507K(629120K)->18299K(629120K) Eden: 559232K(559232K)->0K(559232K) From: 13275K(69888K)->18299K(69888K)
[242.581s][info][gc,heap        ] GC(2549) Tenured: 1022492K(1398144K)->1022492K(1398144K)
[242.581s][info][gc,metaspace   ] GC(2549) Metaspace: 133720K(135424K)->133720K(135424K) NonClass: 116854K(117632K)->116854K(117632K) Class: 16866K(17792K)->16866K(17792K)
[242.581s][info][gc             ] GC(2549) Pause Young (Allocation Failure) 1557M->1016M(1979M) 5.358ms
[242.581s][info][gc,cpu         ] GC(2549) User=0.03s Sys=0.00s Real=0.01s
[242.637s][info][gc,start       ] GC(2550) Pause Young (Allocation Failure)
[242.643s][info][gc,heap        ] GC(2550) DefNew: 577531K(629120K)->21796K(629120K) Eden: 559232K(559232K)->0K(559232K) From: 18299K(69888K)->21796K(69888K)
[242.643s][info][gc,heap        ] GC(2550) Tenured: 1022492K(1398144K)->1022492K(1398144K)
[242.643s][info][gc,metaspace   ] GC(2550) Metaspace: 133720K(135424K)->133720K(135424K) NonClass: 116854K(117632K)->116854K(117632K) Class: 16866K(17792K)->16866K(17792K)
[242.643s][info][gc             ] GC(2550) Pause Young (Allocation Failure) 1562M->1019M(1979M) 5.601ms
[242.643s][info][gc,cpu         ] GC(2550) User=0.02s Sys=0.00s Real=0.00s
[242.699s][info][gc,start       ] GC(2551) Pause Young (Allocation Failure)
[242.705s][info][gc,heap        ] GC(2551) DefNew: 581028K(629120K)->26463K(629120K) Eden: 559232K(559232K)->0K(559232K) From: 21796K(69888K)->26463K(69888K)
[242.705s][info][gc,heap        ] GC(2551) Tenured: 1022492K(1398144K)->1022492K(1398144K)
[242.705s][info][gc,metaspace   ] GC(2551) Metaspace: 133720K(135424K)->133720K(135424K) NonClass: 116854K(117632K)->116854K(117632K) Class: 16866K(17792K)->16866K(17792K)
[242.705s][info][gc             ] GC(2551) Pause Young (Allocation Failure) 1565M->1024M(1979M) 6.071ms
[242.705s][info][gc,cpu         ] GC(2551) User=0.00s Sys=0.00s Real=0.00s
[242.761s][info][gc,start       ] GC(2552) Pause Young (Allocation Failure)
[242.768s][info][gc,heap        ] GC(2552) DefNew: 585695K(629120K)->36620K(629120K) Eden: 559232K(559232K)->0K(559232K) From: 26463K(69888K)->36620K(69888K)
[242.768s][info][gc,heap        ] GC(2552) Tenured: 1022492K(1398144K)->1022492K(1398144K)
[242.768s][info][gc,metaspace   ] GC(2552) Metaspace: 133720K(135424K)->133720K(135424K) NonClass: 116854K(117632K)->116854K(117632K) Class: 16866K(17792K)->16866K(17792K)
[242.768s][info][gc             ] GC(2552) Pause Young (Allocation Failure) 1570M->1034M(1979M) 7.066ms
[242.768s][info][gc,cpu         ] GC(2552) User=0.00s Sys=0.00s Real=0.00s
[242.824s][info][gc,start       ] GC(2553) Pause Young (Allocation Failure)
[242.831s][info][gc,heap        ] GC(2553) DefNew: 595852K(629120K)->29777K(629120K) Eden: 559232K(559232K)->0K(559232K) From: 36620K(69888K)->29777K(69888K)
[242.831s][info][gc,heap        ] GC(2553) Tenured: 1022492K(1398144K)->1028170K(1398144K)
[242.831s][info][gc,metaspace   ] GC(2553) Metaspace: 133720K(135424K)->133720K(135424K) NonClass: 116854K(117632K)->116854K(117632K) Class: 16866K(17792K)->16866K(17792K)
[242.831s][info][gc             ] GC(2553) Pause Young (Allocation Failure) 1580M->1033M(1979M) 7.111ms
[242.831s][info][gc,cpu         ] GC(2553) User=0.02s Sys=0.00s Real=0.00s
[242.887s][info][gc,start       ] GC(2554) Pause Young (Allocation Failure)
[242.893s][info][gc,heap        ] GC(2554) DefNew: 589009K(629120K)->35815K(629120K) Eden: 559232K(559232K)->0K(559232K) From: 29777K(69888K)->35815K(69888K)
[242.893s][info][gc,heap        ] GC(2554) Tenured: 1028170K(1398144K)->1028170K(1398144K)
[242.893s][info][gc,metaspace   ] GC(2554) Metaspace: 133720K(135424K)->133720K(135424K) NonClass: 116854K(117632K)->116854K(117632K) Class: 16866K(17792K)->16866K(17792K)
[242.893s][info][gc             ] GC(2554) Pause Young (Allocation Failure) 1579M->1039M(1979M) 5.669ms
[242.893s][info][gc,cpu         ] GC(2554) User=0.02s Sys=0.00s Real=0.00s
[242.948s][info][gc,start       ] GC(2555) Pause Young (Allocation Failure)
[242.953s][info][gc,heap        ] GC(2555) DefNew: 595047K(629120K)->33860K(629120K) Eden: 559232K(559232K)->0K(559232K) From: 35815K(69888K)->33860K(69888K)
[242.953s][info][gc,heap        ] GC(2555) Tenured: 1028170K(1398144K)->1032266K(1398144K)
[242.953s][info][gc,metaspace   ] GC(2555) Metaspace: 133720K(135424K)->133720K(135424K) NonClass: 116854K(117632K)->116854K(117632K) Class: 16866K(17792K)->16866K(17792K)
[242.953s][info][gc             ] GC(2555) Pause Young (Allocation Failure) 1585M->1041M(1979M) 5.827ms
[242.953s][info][gc,cpu         ] GC(2555) User=0.02s Sys=0.00s Real=0.00s
[243.009s][info][gc,start       ] GC(2556) Pause Young (Allocation Failure)
[243.015s][info][gc,heap        ] GC(2556) DefNew: 593092K(629120K)->40313K(629120K) Eden: 559232K(559232K)->0K(559232K) From: 33860K(69888K)->40313K(69888K)
[243.015s][info][gc,heap        ] GC(2556) Tenured: 1032266K(1398144K)->1032266K(1398144K)
[243.015s][info][gc,metaspace   ] GC(2556) Metaspace: 133720K(135424K)->133720K(135424K) NonClass: 116854K(117632K)->116854K(117632K) Class: 16866K(17792K)->16866K(17792K)
[243.015s][info][gc             ] GC(2556) Pause Young (Allocation Failure) 1587M->1047M(1979M) 6.137ms
[243.015s][info][gc,cpu         ] GC(2556) User=0.02s Sys=0.00s Real=0.00s
[243.071s][info][gc,start       ] GC(2557) Pause Young (Allocation Failure)
[243.077s][info][gc,heap        ] GC(2557) DefNew: 599545K(629120K)->33571K(629120K) Eden: 559232K(559232K)->0K(559232K) From: 40313K(69888K)->33571K(69888K)
[243.077s][info][gc,heap        ] GC(2557) Tenured: 1032266K(1398144K)->1040769K(1398144K)
[243.077s][info][gc,metaspace   ] GC(2557) Metaspace: 133720K(135424K)->133720K(135424K) NonClass: 116854K(117632K)->116854K(117632K) Class: 16866K(17792K)->16866K(17792K)
[243.077s][info][gc             ] GC(2557) Pause Young (Allocation Failure) 1593M->1049M(1979M) 6.219ms
[243.077s][info][gc,cpu         ] GC(2557) User=0.02s Sys=0.00s Real=0.00s
[243.132s][info][gc,start       ] GC(2558) Pause Young (Allocation Failure)
[243.138s][info][gc,heap        ] GC(2558) DefNew: 592803K(629120K)->40008K(629120K) Eden: 559232K(559232K)->0K(559232K) From: 33571K(69888K)->40008K(69888K)
[243.138s][info][gc,heap        ] GC(2558) Tenured: 1040769K(1398144K)->1040769K(1398144K)
[243.138s][info][gc,metaspace   ] GC(2558) Metaspace: 133720K(135424K)->133720K(135424K) NonClass: 116854K(117632K)->116854K(117632K) Class: 16866K(17792K)->16866K(17792K)
[243.138s][info][gc             ] GC(2558) Pause Young (Allocation Failure) 1595M->1055M(1979M) 5.630ms
[243.138s][info][gc,cpu         ] GC(2558) User=0.02s Sys=0.00s Real=0.02s
[243.197s][info][gc,start       ] GC(2559) Pause Young (Allocation Failure)
[243.203s][info][gc,heap        ] GC(2559) DefNew: 599240K(629120K)->33572K(629120K) Eden: 559232K(559232K)->0K(559232K) From: 40008K(69888K)->33572K(69888K)
[243.203s][info][gc,heap        ] GC(2559) Tenured: 1040769K(1398144K)->1048963K(1398144K)
[243.203s][info][gc,metaspace   ] GC(2559) Metaspace: 133720K(135424K)->133720K(135424K) NonClass: 116854K(117632K)->116854K(117632K) Class: 16866K(17792K)->16866K(17792K)
[243.203s][info][gc             ] GC(2559) Pause Young (Allocation Failure) 1601M->1057M(1979M) 5.910ms
[243.203s][info][gc,cpu         ] GC(2559) User=0.02s Sys=0.00s Real=0.00s
[243.269s][info][gc,start       ] GC(2560) Pause Young (Allocation Failure)
[243.276s][info][gc,heap        ] GC(2560) DefNew: 592804K(629120K)->41465K(629120K) Eden: 559232K(559232K)->0K(559232K) From: 33572K(69888K)->41465K(69888K)
[243.276s][info][gc,heap        ] GC(2560) Tenured: 1048963K(1398144K)->1048963K(1398144K)
[243.276s][info][gc,metaspace   ] GC(2560) Metaspace: 133720K(135424K)->133720K(135424K) NonClass: 116854K(117632K)->116854K(117632K) Class: 16866K(17792K)->16866K(17792K)
[243.276s][info][gc             ] GC(2560) Pause Young (Allocation Failure) 1603M->1064M(1979M) 6.842ms
[243.276s][info][gc,cpu         ] GC(2560) User=0.02s Sys=0.00s Real=0.02s
[243.364s][info][gc,start       ] GC(2561) Pause Young (Allocation Failure)
[243.371s][info][gc,heap        ] GC(2561) DefNew: 600697K(629120K)->48657K(629120K) Eden: 559232K(559232K)->0K(559232K) From: 41465K(69888K)->48657K(69888K)
[243.371s][info][gc,heap        ] GC(2561) Tenured: 1048963K(1398144K)->1057157K(1398144K)
[243.371s][info][gc,metaspace   ] GC(2561) Metaspace: 133720K(135424K)->133720K(135424K) NonClass: 116854K(117632K)->116854K(117632K) Class: 16866K(17792K)->16866K(17792K)
[243.372s][info][gc             ] GC(2561) Pause Young (Allocation Failure) 1610M->1079M(1979M) 7.575ms
[243.372s][info][gc,cpu         ] GC(2561) User=0.02s Sys=0.00s Real=0.01s
[243.460s][info][gc,start       ] GC(2562) Pause Young (Allocation Failure)
[243.468s][info][gc,heap        ] GC(2562) DefNew: 604603K(629120K)->45330K(629120K) Eden: 555946K(559232K)->0K(559232K) From: 48657K(69888K)->45330K(69888K)
[243.468s][info][gc,heap        ] GC(2562) Tenured: 1057157K(1398144K)->1073547K(1398144K)
[243.468s][info][gc,metaspace   ] GC(2562) Metaspace: 133721K(135424K)->133721K(135424K) NonClass: 116854K(117632K)->116854K(117632K) Class: 16866K(17792K)->16866K(17792K)
[243.468s][info][gc             ] GC(2562) Pause Young (Allocation Failure) 1622M->1092M(1979M) 8.245ms
[243.468s][info][gc,cpu         ] GC(2562) User=0.00s Sys=0.00s Real=0.02s
[243.557s][info][gc,start       ] GC(2563) Pause Young (Allocation Failure)
[243.565s][info][gc,heap        ] GC(2563) DefNew: 604562K(629120K)->42931K(629120K) Eden: 559232K(559232K)->0K(559232K) From: 45330K(69888K)->42931K(69888K)
[243.565s][info][gc,heap        ] GC(2563) Tenured: 1073547K(1398144K)->1086298K(1398144K)
[243.565s][info][gc,metaspace   ] GC(2563) Metaspace: 133721K(135424K)->133721K(135424K) NonClass: 116854K(117632K)->116854K(117632K) Class: 16866K(17792K)->16866K(17792K)
[243.565s][info][gc             ] GC(2563) Pause Young (Allocation Failure) 1638M->1102M(1979M) 7.520ms
[243.565s][info][gc,cpu         ] GC(2563) User=0.00s Sys=0.00s Real=0.00s
[243.653s][info][gc,start       ] GC(2564) Pause Young (Allocation Failure)
[243.660s][info][gc,heap        ] GC(2564) DefNew: 602163K(629120K)->46430K(629120K) Eden: 559232K(559232K)->0K(559232K) From: 42931K(69888K)->46430K(69888K)
[243.660s][info][gc,heap        ] GC(2564) Tenured: 1086298K(1398144K)->1098605K(1398144K)
[243.660s][info][gc,metaspace   ] GC(2564) Metaspace: 133721K(135424K)->133721K(135424K) NonClass: 116854K(117632K)->116854K(117632K) Class: 16866K(17792K)->16866K(17792K)
[243.660s][info][gc             ] GC(2564) Pause Young (Allocation Failure) 1648M->1118M(1979M) 7.646ms
[243.660s][info][gc,cpu         ] GC(2564) User=0.00s Sys=0.00s Real=0.00s
[243.749s][info][gc,start       ] GC(2565) Pause Young (Allocation Failure)
[243.756s][info][gc,heap        ] GC(2565) DefNew: 605662K(629120K)->45844K(629120K) Eden: 559232K(559232K)->0K(559232K) From: 46430K(69888K)->45844K(69888K)
[243.756s][info][gc,heap        ] GC(2565) Tenured: 1098605K(1398144K)->1110898K(1398144K)
[243.756s][info][gc,metaspace   ] GC(2565) Metaspace: 133721K(135424K)->133721K(135424K) NonClass: 116854K(117632K)->116854K(117632K) Class: 16866K(17792K)->16866K(17792K)
[243.756s][info][gc             ] GC(2565) Pause Young (Allocation Failure) 1664M->1129M(1979M) 7.094ms
[243.756s][info][gc,cpu         ] GC(2565) User=0.00s Sys=0.00s Real=0.00s
[243.845s][info][gc,start       ] GC(2566) Pause Young (Allocation Failure)
[243.852s][info][gc,heap        ] GC(2566) DefNew: 605076K(629120K)->44874K(629120K) Eden: 559232K(559232K)->0K(559232K) From: 45844K(69888K)->44874K(69888K)
[243.852s][info][gc,heap        ] GC(2566) Tenured: 1110898K(1398144K)->1127285K(1398144K)
[243.852s][info][gc,metaspace   ] GC(2566) Metaspace: 133721K(135424K)->133721K(135424K) NonClass: 116854K(117632K)->116854K(117632K) Class: 16866K(17792K)->16866K(17792K)
[243.852s][info][gc             ] GC(2566) Pause Young (Allocation Failure) 1675M->1144M(1979M) 7.423ms
[243.852s][info][gc,cpu         ] GC(2566) User=0.00s Sys=0.00s Real=0.00s
[243.943s][info][gc,start       ] GC(2567) Pause Young (Allocation Failure)
[243.950s][info][gc,heap        ] GC(2567) DefNew: 604106K(629120K)->27855K(629120K) Eden: 559232K(559232K)->0K(559232K) From: 44874K(69888K)->27855K(69888K)
[243.950s][info][gc,heap        ] GC(2567) Tenured: 1127285K(1398144K)->1151869K(1398144K)
[243.950s][info][gc,metaspace   ] GC(2567) Metaspace: 133734K(135424K)->133734K(135424K) NonClass: 116867K(117632K)->116867K(117632K) Class: 16866K(17792K)->16866K(17792K)
[243.950s][info][gc             ] GC(2567) Pause Young (Allocation Failure) 1690M->1152M(1979M) 7.732ms
[243.950s][info][gc,cpu         ] GC(2567) User=0.02s Sys=0.00s Real=0.02s
[244.033s][info][gc,start       ] GC(2568) Pause Young (Allocation Failure)
[244.038s][info][gc,heap        ] GC(2568) DefNew: 587087K(629120K)->33708K(629120K) Eden: 559232K(559232K)->0K(559232K) From: 27855K(69888K)->33708K(69888K)
[244.038s][info][gc,heap        ] GC(2568) Tenured: 1151869K(1398144K)->1151869K(1398144K)
[244.038s][info][gc,metaspace   ] GC(2568) Metaspace: 133734K(135424K)->133734K(135424K) NonClass: 116867K(117632K)->116867K(117632K) Class: 16866K(17792K)->16866K(17792K)
[244.038s][info][gc             ] GC(2568) Pause Young (Allocation Failure) 1698M->1157M(1979M) 5.047ms
[244.038s][info][gc,cpu         ] GC(2568) User=0.00s Sys=0.00s Real=0.00s
[244.124s][info][gc,start       ] GC(2569) Pause Young (Allocation Failure)
[244.130s][info][gc,heap        ] GC(2569) DefNew: 592940K(629120K)->44522K(629120K) Eden: 559232K(559232K)->0K(559232K) From: 33708K(69888K)->44522K(69888K)
[244.130s][info][gc,heap        ] GC(2569) Tenured: 1151869K(1398144K)->1151869K(1398144K)
[244.130s][info][gc,metaspace   ] GC(2569) Metaspace: 133734K(135424K)->133734K(135424K) NonClass: 116867K(117632K)->116867K(117632K) Class: 16866K(17792K)->16866K(17792K)
[244.130s][info][gc             ] GC(2569) Pause Young (Allocation Failure) 1703M->1168M(1979M) 5.913ms
[244.130s][info][gc,cpu         ] GC(2569) User=0.00s Sys=0.00s Real=0.00s
[244.219s][info][gc,start       ] GC(2570) Pause Young (Allocation Failure)
[244.226s][info][gc,heap        ] GC(2570) DefNew: 603754K(629120K)->41798K(629120K) Eden: 559232K(559232K)->0K(559232K) From: 44522K(69888K)->41798K(69888K)
[244.226s][info][gc,heap        ] GC(2570) Tenured: 1151869K(1398144K)->1164162K(1398144K)
[244.226s][info][gc,metaspace   ] GC(2570) Metaspace: 133734K(135424K)->133734K(135424K) NonClass: 116867K(117632K)->116867K(117632K) Class: 16866K(17792K)->16866K(17792K)
[244.226s][info][gc             ] GC(2570) Pause Young (Allocation Failure) 1714M->1177M(1979M) 7.185ms
[244.226s][info][gc,cpu         ] GC(2570) User=0.00s Sys=0.00s Real=0.00s
[244.314s][info][gc,start       ] GC(2571) Pause Young (Allocation Failure)
[244.321s][info][gc,heap        ] GC(2571) DefNew: 601030K(629120K)->41324K(629120K) Eden: 559232K(559232K)->0K(559232K) From: 41798K(69888K)->41324K(69888K)
[244.321s][info][gc,heap        ] GC(2571) Tenured: 1164162K(1398144K)->1176501K(1398144K)
[244.321s][info][gc,metaspace   ] GC(2571) Metaspace: 133734K(135424K)->133734K(135424K) NonClass: 116867K(117632K)->116867K(117632K) Class: 16866K(17792K)->16866K(17792K)
[244.321s][info][gc             ] GC(2571) Pause Young (Allocation Failure) 1723M->1189M(1979M) 7.077ms
[244.321s][info][gc,cpu         ] GC(2571) User=0.00s Sys=0.00s Real=0.00s
[244.407s][info][gc,start       ] GC(2572) Pause Young (Allocation Failure)
[244.413s][info][gc,heap        ] GC(2572) DefNew: 600556K(629120K)->33555K(629120K) Eden: 559232K(559232K)->0K(559232K) From: 41324K(69888K)->33555K(69888K)
[244.413s][info][gc,heap        ] GC(2572) Tenured: 1176501K(1398144K)->1184697K(1398144K)
[244.413s][info][gc,metaspace   ] GC(2572) Metaspace: 133734K(135424K)->133734K(135424K) NonClass: 116867K(117632K)->116867K(117632K) Class: 16866K(17792K)->16866K(17792K)
[244.413s][info][gc             ] GC(2572) Pause Young (Allocation Failure) 1735M->1189M(1979M) 5.740ms
[244.413s][info][gc,cpu         ] GC(2572) User=0.00s Sys=0.00s Real=0.00s
[244.502s][info][gc,start       ] GC(2573) Pause Young (Allocation Failure)
[244.507s][info][gc,heap        ] GC(2573) DefNew: 592787K(629120K)->41745K(629120K) Eden: 559232K(559232K)->0K(559232K) From: 33555K(69888K)->41745K(69888K)
[244.507s][info][gc,heap        ] GC(2573) Tenured: 1184697K(1398144K)->1184697K(1398144K)
[244.507s][info][gc,metaspace   ] GC(2573) Metaspace: 133734K(135424K)->133734K(135424K) NonClass: 116867K(117632K)->116867K(117632K) Class: 16866K(17792K)->16866K(17792K)
[244.508s][info][gc             ] GC(2573) Pause Young (Allocation Failure) 1735M->1197M(1979M) 5.936ms
[244.508s][info][gc,cpu         ] GC(2573) User=0.00s Sys=0.00s Real=0.00s
[244.596s][info][gc,start       ] GC(2574) Pause Young (Allocation Failure)
[244.602s][info][gc,heap        ] GC(2574) DefNew: 600977K(629120K)->35030K(629120K) Eden: 559232K(559232K)->0K(559232K) From: 41745K(69888K)->35030K(69888K)
[244.602s][info][gc,heap        ] GC(2574) Tenured: 1184697K(1398144K)->1196988K(1398144K)
[244.602s][info][gc,metaspace   ] GC(2574) Metaspace: 133734K(135424K)->133734K(135424K) NonClass: 116867K(117632K)->116867K(117632K) Class: 16866K(17792K)->16866K(17792K)
[244.602s][info][gc             ] GC(2574) Pause Young (Allocation Failure) 1743M->1203M(1979M) 6.183ms
[244.602s][info][gc,cpu         ] GC(2574) User=0.00s Sys=0.00s Real=0.00s
[244.691s][info][gc,start       ] GC(2575) Pause Young (Allocation Failure)
[244.697s][info][gc,heap        ] GC(2575) DefNew: 594262K(629120K)->36022K(629120K) Eden: 559232K(559232K)->0K(559232K) From: 35030K(69888K)->36022K(69888K)
[244.697s][info][gc,heap        ] GC(2575) Tenured: 1196988K(1398144K)->1201105K(1398144K)
[244.697s][info][gc,metaspace   ] GC(2575) Metaspace: 133735K(135424K)->133735K(135424K) NonClass: 116868K(117632K)->116868K(117632K) Class: 16866K(17792K)->16866K(17792K)
[244.697s][info][gc             ] GC(2575) Pause Young (Allocation Failure) 1749M->1208M(1979M) 6.315ms
[244.697s][info][gc,cpu         ] GC(2575) User=0.00s Sys=0.00s Real=0.00s
[244.780s][info][gc,start       ] GC(2576) Pause Young (Allocation Failure)
[244.786s][info][gc,heap        ] GC(2576) DefNew: 595254K(629120K)->30966K(629120K) Eden: 559232K(559232K)->0K(559232K) From: 36022K(69888K)->30966K(69888K)
[244.786s][info][gc,heap        ] GC(2576) Tenured: 1201105K(1398144K)->1209279K(1398144K)
[244.786s][info][gc,metaspace   ] GC(2576) Metaspace: 133735K(135424K)->133735K(135424K) NonClass: 116868K(117632K)->116868K(117632K) Class: 16866K(17792K)->16866K(17792K)
[244.786s][info][gc             ] GC(2576) Pause Young (Allocation Failure) 1754M->1211M(1979M) 5.967ms
[244.786s][info][gc,cpu         ] GC(2576) User=0.00s Sys=0.00s Real=0.02s
[244.869s][info][gc,start       ] GC(2577) Pause Young (Allocation Failure)
[244.873s][info][gc,heap        ] GC(2577) DefNew: 590198K(629120K)->24638K(629120K) Eden: 559232K(559232K)->0K(559232K) From: 30966K(69888K)->24638K(69888K)
[244.873s][info][gc,heap        ] GC(2577) Tenured: 1209279K(1398144K)->1209279K(1398144K)
[244.873s][info][gc,metaspace   ] GC(2577) Metaspace: 133735K(135424K)->133735K(135424K) NonClass: 116868K(117632K)->116868K(117632K) Class: 16866K(17792K)->16866K(17792K)
[244.873s][info][gc             ] GC(2577) Pause Young (Allocation Failure) 1757M->1204M(1979M) 4.070ms
[244.873s][info][gc,cpu         ] GC(2577) User=0.00s Sys=0.00s Real=0.00s
[244.956s][info][gc,start       ] GC(2578) Pause Young (Allocation Failure)
[244.960s][info][gc,heap        ] GC(2578) DefNew: 583870K(629120K)->26280K(629120K) Eden: 559232K(559232K)->0K(559232K) From: 24638K(69888K)->26280K(69888K)
[244.960s][info][gc,heap        ] GC(2578) Tenured: 1209279K(1398144K)->1209279K(1398144K)
[244.960s][info][gc,metaspace   ] GC(2578) Metaspace: 133735K(135424K)->133735K(135424K) NonClass: 116868K(117632K)->116868K(117632K) Class: 16866K(17792K)->16866K(17792K)
[244.960s][info][gc             ] GC(2578) Pause Young (Allocation Failure) 1751M->1206M(1979M) 4.609ms
[244.960s][info][gc,cpu         ] GC(2578) User=0.00s Sys=0.00s Real=0.00s
[245.047s][info][gc,start       ] GC(2579) Pause Young (Allocation Failure)
[245.052s][info][gc,heap        ] GC(2579) DefNew: 585512K(629120K)->36732K(629120K) Eden: 559232K(559232K)->0K(559232K) From: 26280K(69888K)->36732K(69888K)
[245.052s][info][gc,heap        ] GC(2579) Tenured: 1209279K(1398144K)->1209279K(1398144K)
[245.052s][info][gc,metaspace   ] GC(2579) Metaspace: 133735K(135424K)->133735K(135424K) NonClass: 116868K(117632K)->116868K(117632K) Class: 16866K(17792K)->16866K(17792K)
[245.052s][info][gc             ] GC(2579) Pause Young (Allocation Failure) 1752M->1216M(1979M) 5.560ms
[245.053s][info][gc,cpu         ] GC(2579) User=0.00s Sys=0.00s Real=0.02s
[245.140s][info][gc,start       ] GC(2580) Pause Young (Allocation Failure)
[245.145s][info][gc,heap        ] GC(2580) DefNew: 595964K(629120K)->27164K(629120K) Eden: 559232K(559232K)->0K(559232K) From: 36732K(69888K)->27164K(69888K)
[245.145s][info][gc,heap        ] GC(2580) Tenured: 1209279K(1398144K)->1217473K(1398144K)
[245.145s][info][gc,metaspace   ] GC(2580) Metaspace: 133735K(135424K)->133735K(135424K) NonClass: 116868K(117632K)->116868K(117632K) Class: 16866K(17792K)->16866K(17792K)
[245.145s][info][gc             ] GC(2580) Pause Young (Allocation Failure) 1762M->1215M(1979M) 5.721ms
[245.145s][info][gc,cpu         ] GC(2580) User=0.02s Sys=0.00s Real=0.01s
[245.234s][info][gc,start       ] GC(2581) Pause Young (Allocation Failure)
[245.238s][info][gc,heap        ] GC(2581) DefNew: 586396K(629120K)->24034K(629120K) Eden: 559232K(559232K)->0K(559232K) From: 27164K(69888K)->24034K(69888K)
[245.238s][info][gc,heap        ] GC(2581) Tenured: 1217473K(1398144K)->1217473K(1398144K)
[245.238s][info][gc,metaspace   ] GC(2581) Metaspace: 133735K(135424K)->133735K(135424K) NonClass: 116868K(117632K)->116868K(117632K) Class: 16866K(17792K)->16866K(17792K)
[245.238s][info][gc             ] GC(2581) Pause Young (Allocation Failure) 1761M->1212M(1979M) 4.722ms
[245.239s][info][gc,cpu         ] GC(2581) User=0.00s Sys=0.00s Real=0.02s
[245.325s][info][gc,start       ] GC(2582) Pause Young (Allocation Failure)
[245.330s][info][gc,heap        ] GC(2582) DefNew: 583266K(629120K)->30095K(629120K) Eden: 559232K(559232K)->0K(559232K) From: 24034K(69888K)->30095K(69888K)
[245.330s][info][gc,heap        ] GC(2582) Tenured: 1217473K(1398144K)->1217473K(1398144K)
[245.330s][info][gc,metaspace   ] GC(2582) Metaspace: 133735K(135424K)->133735K(135424K) NonClass: 116868K(117632K)->116868K(117632K) Class: 16866K(17792K)->16866K(17792K)
[245.330s][info][gc             ] GC(2582) Pause Young (Allocation Failure) 1758M->1218M(1979M) 4.847ms
[245.330s][info][gc,cpu         ] GC(2582) User=0.00s Sys=0.00s Real=0.00s
[245.417s][info][gc,start       ] GC(2583) Pause Young (Allocation Failure)
[245.421s][info][gc,heap        ] GC(2583) DefNew: 589327K(629120K)->28551K(629120K) Eden: 559232K(559232K)->0K(559232K) From: 30095K(69888K)->28551K(69888K)
[245.421s][info][gc,heap        ] GC(2583) Tenured: 1217473K(1398144K)->1217473K(1398144K)
[245.421s][info][gc,metaspace   ] GC(2583) Metaspace: 133735K(135424K)->133735K(135424K) NonClass: 116868K(117632K)->116868K(117632K) Class: 16866K(17792K)->16866K(17792K)
[245.421s][info][gc             ] GC(2583) Pause Young (Allocation Failure) 1764M->1216M(1979M) 4.523ms
[245.421s][info][gc,cpu         ] GC(2583) User=0.00s Sys=0.00s Real=0.00s
[245.507s][info][gc,start       ] GC(2584) Pause Young (Allocation Failure)
[245.512s][info][gc,heap        ] GC(2584) DefNew: 587783K(629120K)->25406K(629120K) Eden: 559232K(559232K)->0K(559232K) From: 28551K(69888K)->25406K(69888K)
[245.512s][info][gc,heap        ] GC(2584) Tenured: 1217473K(1398144K)->1217473K(1398144K)
[245.512s][info][gc,metaspace   ] GC(2584) Metaspace: 133735K(135424K)->133735K(135424K) NonClass: 116868K(117632K)->116868K(117632K) Class: 16866K(17792K)->16866K(17792K)
[245.512s][info][gc             ] GC(2584) Pause Young (Allocation Failure) 1762M->1213M(1979M) 4.499ms
[245.512s][info][gc,cpu         ] GC(2584) User=0.00s Sys=0.00s Real=0.00s
[245.600s][info][gc,start       ] GC(2585) Pause Young (Allocation Failure)
[245.604s][info][gc,heap        ] GC(2585) DefNew: 584638K(629120K)->23757K(629120K) Eden: 559232K(559232K)->0K(559232K) From: 25406K(69888K)->23757K(69888K)
[245.604s][info][gc,heap        ] GC(2585) Tenured: 1217473K(1398144K)->1217473K(1398144K)
[245.604s][info][gc,metaspace   ] GC(2585) Metaspace: 133735K(135424K)->133735K(135424K) NonClass: 116868K(117632K)->116868K(117632K) Class: 16866K(17792K)->16866K(17792K)
[245.604s][info][gc             ] GC(2585) Pause Young (Allocation Failure) 1759M->1212M(1979M) 4.106ms
[245.604s][info][gc,cpu         ] GC(2585) User=0.00s Sys=0.00s Real=0.00s
[245.689s][info][gc,start       ] GC(2586) Pause Young (Allocation Failure)
[245.693s][info][gc,heap        ] GC(2586) DefNew: 582989K(629120K)->22485K(629120K) Eden: 559232K(559232K)->0K(559232K) From: 23757K(69888K)->22485K(69888K)
[245.693s][info][gc,heap        ] GC(2586) Tenured: 1217473K(1398144K)->1217473K(1398144K)
[245.693s][info][gc,metaspace   ] GC(2586) Metaspace: 133735K(135424K)->133735K(135424K) NonClass: 116868K(117632K)->116868K(117632K) Class: 16866K(17792K)->16866K(17792K)
[245.693s][info][gc             ] GC(2586) Pause Young (Allocation Failure) 1758M->1210M(1979M) 3.967ms
[245.693s][info][gc,cpu         ] GC(2586) User=0.00s Sys=0.00s Real=0.01s
[245.780s][info][gc,start       ] GC(2587) Pause Young (Allocation Failure)
[245.785s][info][gc,heap        ] GC(2587) DefNew: 581717K(629120K)->30083K(629120K) Eden: 559232K(559232K)->0K(559232K) From: 22485K(69888K)->30083K(69888K)
[245.785s][info][gc,heap        ] GC(2587) Tenured: 1217473K(1398144K)->1217473K(1398144K)
[245.785s][info][gc,metaspace   ] GC(2587) Metaspace: 133735K(135424K)->133735K(135424K) NonClass: 116868K(117632K)->116868K(117632K) Class: 16866K(17792K)->16866K(17792K)
[245.785s][info][gc             ] GC(2587) Pause Young (Allocation Failure) 1757M->1218M(1979M) 4.998ms
[245.785s][info][gc,cpu         ] GC(2587) User=0.00s Sys=0.00s Real=0.00s
[245.871s][info][gc,start       ] GC(2588) Pause Young (Allocation Failure)
[245.876s][info][gc,heap        ] GC(2588) DefNew: 589315K(629120K)->27147K(629120K) Eden: 559232K(559232K)->0K(559232K) From: 30083K(69888K)->27147K(69888K)
[245.876s][info][gc,heap        ] GC(2588) Tenured: 1217473K(1398144K)->1217473K(1398144K)
[245.876s][info][gc,metaspace   ] GC(2588) Metaspace: 133735K(135424K)->133735K(135424K) NonClass: 116868K(117632K)->116868K(117632K) Class: 16866K(17792K)->16866K(17792K)
[245.876s][info][gc             ] GC(2588) Pause Young (Allocation Failure) 1764M->1215M(1979M) 4.559ms
[245.876s][info][gc,cpu         ] GC(2588) User=0.00s Sys=0.00s Real=0.00s
[245.964s][info][gc,start       ] GC(2589) Pause Young (Allocation Failure)
[245.969s][info][gc,heap        ] GC(2589) DefNew: 586379K(629120K)->21322K(629120K) Eden: 559232K(559232K)->0K(559232K) From: 27147K(69888K)->21322K(69888K)
[245.969s][info][gc,heap        ] GC(2589) Tenured: 1217473K(1398144K)->1221570K(1398144K)
[245.969s][info][gc,metaspace   ] GC(2589) Metaspace: 133735K(135424K)->133735K(135424K) NonClass: 116868K(117632K)->116868K(117632K) Class: 16866K(17792K)->16866K(17792K)
[245.969s][info][gc             ] GC(2589) Pause Young (Allocation Failure) 1761M->1213M(1979M) 5.017ms
[245.969s][info][gc,cpu         ] GC(2589) User=0.00s Sys=0.00s Real=0.00s
[246.057s][info][gc,start       ] GC(2590) Pause Young (Allocation Failure)
[246.061s][info][gc,heap        ] GC(2590) DefNew: 580554K(629120K)->17767K(629120K) Eden: 559232K(559232K)->0K(559232K) From: 21322K(69888K)->17767K(69888K)
[246.061s][info][gc,heap        ] GC(2590) Tenured: 1221570K(1398144K)->1229806K(1398144K)
[246.061s][info][gc,metaspace   ] GC(2590) Metaspace: 133735K(135424K)->133735K(135424K) NonClass: 116868K(117632K)->116868K(117632K) Class: 16866K(17792K)->16866K(17792K)
[246.061s][info][gc             ] GC(2590) Pause Young (Allocation Failure) 1759M->1218M(1979M) 4.590ms
[246.061s][info][gc,cpu         ] GC(2590) User=0.00s Sys=0.00s Real=0.00s
[246.147s][info][gc,start       ] GC(2591) Pause Young (Allocation Failure)
[246.150s][info][gc,heap        ] GC(2591) DefNew: 576999K(629120K)->9868K(629120K) Eden: 559232K(559232K)->0K(559232K) From: 17767K(69888K)->9868K(69888K)
[246.150s][info][gc,heap        ] GC(2591) Tenured: 1229806K(1398144K)->1229806K(1398144K)
[246.150s][info][gc,metaspace   ] GC(2591) Metaspace: 133735K(135424K)->133735K(135424K) NonClass: 116868K(117632K)->116868K(117632K) Class: 16866K(17792K)->16866K(17792K)
[246.150s][info][gc             ] GC(2591) Pause Young (Allocation Failure) 1764M->1210M(1979M) 3.147ms
[246.150s][info][gc,cpu         ] GC(2591) User=0.02s Sys=0.00s Real=0.02s
[246.238s][info][gc,start       ] GC(2592) Pause Young (Allocation Failure)
[246.242s][info][gc,heap        ] GC(2592) DefNew: 569100K(629120K)->14646K(629120K) Eden: 559232K(559232K)->0K(559232K) From: 9868K(69888K)->14646K(69888K)
[246.242s][info][gc,heap        ] GC(2592) Tenured: 1229806K(1398144K)->1229806K(1398144K)
[246.242s][info][gc,metaspace   ] GC(2592) Metaspace: 133735K(135424K)->133735K(135424K) NonClass: 116868K(117632K)->116868K(117632K) Class: 16866K(17792K)->16866K(17792K)
[246.242s][info][gc             ] GC(2592) Pause Young (Allocation Failure) 1756M->1215M(1979M) 3.402ms
[246.242s][info][gc,cpu         ] GC(2592) User=0.00s Sys=0.00s Real=0.00s
[246.376s][info][gc,start       ] GC(2593) Pause Young (Allocation Failure)
[246.379s][info][gc,heap        ] GC(2593) DefNew: 573878K(629120K)->14197K(629120K) Eden: 559232K(559232K)->0K(559232K) From: 14646K(69888K)->14197K(69888K)
[246.379s][info][gc,heap        ] GC(2593) Tenured: 1229806K(1398144K)->1229806K(1398144K)
[246.379s][info][gc,metaspace   ] GC(2593) Metaspace: 133735K(135424K)->133735K(135424K) NonClass: 116868K(117632K)->116868K(117632K) Class: 16866K(17792K)->16866K(17792K)
[246.379s][info][gc             ] GC(2593) Pause Young (Allocation Failure) 1761M->1214M(1979M) 3.430ms
[246.379s][info][gc,cpu         ] GC(2593) User=0.00s Sys=0.00s Real=0.00s
[246.527s][info][gc,start       ] GC(2594) Pause Full (System.gc())
[246.527s][info][gc,phases,start] GC(2594) Phase 1: Mark live objects
[246.589s][info][gc,phases      ] GC(2594) Phase 1: Mark live objects 62.281ms
[246.589s][info][gc,phases,start] GC(2594) Phase 2: Compute new object addresses
[246.633s][info][gc,phases      ] GC(2594) Phase 2: Compute new object addresses 44.060ms
[246.633s][info][gc,phases,start] GC(2594) Phase 3: Adjust pointers
[246.667s][info][gc,phases      ] GC(2594) Phase 3: Adjust pointers 33.707ms
[246.667s][info][gc,phases,start] GC(2594) Phase 4: Move objects
[246.667s][info][gc,phases      ] GC(2594) Phase 4: Move objects 0.043ms
[246.668s][info][gc,heap        ] GC(2594) DefNew: 260630K(629120K)->0K(629120K) Eden: 246433K(559232K)->0K(559232K) From: 14197K(69888K)->0K(69888K)
[246.668s][info][gc,heap        ] GC(2594) Tenured: 1229806K(1398144K)->1036606K(1398144K)
[246.668s][info][gc,metaspace   ] GC(2594) Metaspace: 133743K(135488K)->133743K(135488K) NonClass: 116877K(117696K)->116877K(117696K) Class: 16866K(17792K)->16866K(17792K)
[246.668s][info][gc             ] GC(2594) Pause Full (System.gc()) 1455M->1012M(1979M) 141.012ms
[246.668s][info][gc,cpu         ] GC(2594) User=0.12s Sys=0.02s Real=0.14s
[246.782s][info][gc,start       ] GC(2595) Pause Young (Allocation Failure)
[246.787s][info][gc,heap        ] GC(2595) DefNew: 559232K(629120K)->4943K(629120K) Eden: 559232K(559232K)->0K(559232K) From: 0K(69888K)->4943K(69888K)
[246.787s][info][gc,heap        ] GC(2595) Tenured: 1036606K(1398144K)->1036606K(1398144K)
[246.787s][info][gc,metaspace   ] GC(2595) Metaspace: 133761K(135488K)->133761K(135488K) NonClass: 116894K(117696K)->116894K(117696K) Class: 16866K(17792K)->16866K(17792K)
[246.787s][info][gc             ] GC(2595) Pause Young (Allocation Failure) 1558M->1017M(1979M) 4.736ms
[246.787s][info][gc,cpu         ] GC(2595) User=0.00s Sys=0.00s Real=0.00s
[246.842s][info][gc,start       ] GC(2596) Pause Young (Allocation Failure)
[246.846s][info][gc,heap        ] GC(2596) DefNew: 564175K(629120K)->9906K(629120K) Eden: 559232K(559232K)->0K(559232K) From: 4943K(69888K)->9906K(69888K)
[246.846s][info][gc,heap        ] GC(2596) Tenured: 1036606K(1398144K)->1036606K(1398144K)
[246.846s][info][gc,metaspace   ] GC(2596) Metaspace: 133761K(135488K)->133761K(135488K) NonClass: 116894K(117696K)->116894K(117696K) Class: 16866K(17792K)->16866K(17792K)
[246.846s][info][gc             ] GC(2596) Pause Young (Allocation Failure) 1563M->1021M(1979M) 4.215ms
[246.846s][info][gc,cpu         ] GC(2596) User=0.00s Sys=0.00s Real=0.00s
[246.900s][info][gc,start       ] GC(2597) Pause Young (Allocation Failure)
[246.904s][info][gc,heap        ] GC(2597) DefNew: 569138K(629120K)->9021K(629120K) Eden: 559232K(559232K)->0K(559232K) From: 9906K(69888K)->9021K(69888K)
[246.904s][info][gc,heap        ] GC(2597) Tenured: 1036606K(1398144K)->1036606K(1398144K)
[246.904s][info][gc,metaspace   ] GC(2597) Metaspace: 133761K(135488K)->133761K(135488K) NonClass: 116894K(117696K)->116894K(117696K) Class: 16866K(17792K)->16866K(17792K)
[246.904s][info][gc             ] GC(2597) Pause Young (Allocation Failure) 1568M->1021M(1979M) 4.218ms
[246.904s][info][gc,cpu         ] GC(2597) User=0.03s Sys=0.00s Real=0.01s
[246.959s][info][gc,start       ] GC(2598) Pause Young (Allocation Failure)
[246.963s][info][gc,heap        ] GC(2598) DefNew: 568253K(629120K)->10392K(629120K) Eden: 559232K(559232K)->0K(559232K) From: 9021K(69888K)->10392K(69888K)
[246.963s][info][gc,heap        ] GC(2598) Tenured: 1036606K(1398144K)->1036606K(1398144K)
[246.963s][info][gc,metaspace   ] GC(2598) Metaspace: 133761K(135488K)->133761K(135488K) NonClass: 116894K(117696K)->116894K(117696K) Class: 16866K(17792K)->16866K(17792K)
[246.963s][info][gc             ] GC(2598) Pause Young (Allocation Failure) 1567M->1022M(1979M) 4.433ms
[246.963s][info][gc,cpu         ] GC(2598) User=0.00s Sys=0.00s Real=0.00s
[247.019s][info][gc,start       ] GC(2599) Pause Young (Allocation Failure)
[247.024s][info][gc,heap        ] GC(2599) DefNew: 569624K(629120K)->13805K(629120K) Eden: 559232K(559232K)->0K(559232K) From: 10392K(69888K)->13805K(69888K)
[247.024s][info][gc,heap        ] GC(2599) Tenured: 1036606K(1398144K)->1036606K(1398144K)
[247.024s][info][gc,metaspace   ] GC(2599) Metaspace: 133762K(135488K)->133762K(135488K) NonClass: 116895K(117696K)->116895K(117696K) Class: 16866K(17792K)->16866K(17792K)
[247.024s][info][gc             ] GC(2599) Pause Young (Allocation Failure) 1568M->1025M(1979M) 5.077ms
[247.024s][info][gc,cpu         ] GC(2599) User=0.00s Sys=0.00s Real=0.00s
[247.080s][info][gc,start       ] GC(2600) Pause Young (Allocation Failure)
[247.086s][info][gc,heap        ] GC(2600) DefNew: 573037K(629120K)->18288K(629120K) Eden: 559232K(559232K)->0K(559232K) From: 13805K(69888K)->18288K(69888K)
[247.086s][info][gc,heap        ] GC(2600) Tenured: 1036606K(1398144K)->1036606K(1398144K)
[247.086s][info][gc,metaspace   ] GC(2600) Metaspace: 133762K(135488K)->133762K(135488K) NonClass: 116895K(117696K)->116895K(117696K) Class: 16866K(17792K)->16866K(17792K)
[247.086s][info][gc             ] GC(2600) Pause Young (Allocation Failure) 1571M->1030M(1979M) 5.277ms
[247.086s][info][gc,cpu         ] GC(2600) User=0.00s Sys=0.00s Real=0.00s
[247.141s][info][gc,start       ] GC(2601) Pause Young (Allocation Failure)
[247.147s][info][gc,heap        ] GC(2601) DefNew: 572816K(629120K)->22368K(629120K) Eden: 554527K(559232K)->0K(559232K) From: 18288K(69888K)->22368K(69888K)
[247.147s][info][gc,heap        ] GC(2601) Tenured: 1036606K(1398144K)->1036606K(1398144K)
[247.147s][info][gc,metaspace   ] GC(2601) Metaspace: 133762K(135488K)->133762K(135488K) NonClass: 116895K(117696K)->116895K(117696K) Class: 16866K(17792K)->16866K(17792K)
[247.147s][info][gc             ] GC(2601) Pause Young (Allocation Failure) 1571M->1034M(1979M) 5.816ms
[247.147s][info][gc,cpu         ] GC(2601) User=0.00s Sys=0.00s Real=0.00s
[247.204s][info][gc,start       ] GC(2602) Pause Young (Allocation Failure)
[247.211s][info][gc,heap        ] GC(2602) DefNew: 581600K(629120K)->32728K(629120K) Eden: 559232K(559232K)->0K(559232K) From: 22368K(69888K)->32728K(69888K)
[247.211s][info][gc,heap        ] GC(2602) Tenured: 1036606K(1398144K)->1036606K(1398144K)
[247.211s][info][gc,metaspace   ] GC(2602) Metaspace: 133762K(135488K)->133762K(135488K) NonClass: 116895K(117696K)->116895K(117696K) Class: 16866K(17792K)->16866K(17792K)
[247.211s][info][gc             ] GC(2602) Pause Young (Allocation Failure) 1580M->1044M(1979M) 6.901ms
[247.211s][info][gc,cpu         ] GC(2602) User=0.00s Sys=0.00s Real=0.00s
[247.266s][info][gc,start       ] GC(2603) Pause Young (Allocation Failure)
[247.273s][info][gc,heap        ] GC(2603) DefNew: 591960K(629120K)->31363K(629120K) Eden: 559232K(559232K)->0K(559232K) From: 32728K(69888K)->31363K(69888K)
[247.273s][info][gc,heap        ] GC(2603) Tenured: 1036606K(1398144K)->1036606K(1398144K)
[247.273s][info][gc,metaspace   ] GC(2603) Metaspace: 133762K(135488K)->133762K(135488K) NonClass: 116895K(117696K)->116895K(117696K) Class: 16866K(17792K)->16866K(17792K)
[247.273s][info][gc             ] GC(2603) Pause Young (Allocation Failure) 1590M->1042M(1979M) 6.462ms
[247.273s][info][gc,cpu         ] GC(2603) User=0.00s Sys=0.00s Real=0.00s
[247.329s][info][gc,start       ] GC(2604) Pause Young (Allocation Failure)
[247.335s][info][gc,heap        ] GC(2604) DefNew: 590595K(629120K)->37777K(629120K) Eden: 559232K(559232K)->0K(559232K) From: 31363K(69888K)->37777K(69888K)
[247.336s][info][gc,heap        ] GC(2604) Tenured: 1036606K(1398144K)->1036606K(1398144K)
[247.336s][info][gc,metaspace   ] GC(2604) Metaspace: 133762K(135488K)->133762K(135488K) NonClass: 116895K(117696K)->116895K(117696K) Class: 16866K(17792K)->16866K(17792K)
[247.336s][info][gc             ] GC(2604) Pause Young (Allocation Failure) 1589M->1049M(1979M) 7.050ms
[247.336s][info][gc,cpu         ] GC(2604) User=0.00s Sys=0.00s Real=0.02s
[247.392s][info][gc,start       ] GC(2605) Pause Young (Allocation Failure)
[247.399s][info][gc,heap        ] GC(2605) DefNew: 597009K(629120K)->37009K(629120K) Eden: 559232K(559232K)->0K(559232K) From: 37777K(69888K)->37009K(69888K)
[247.399s][info][gc,heap        ] GC(2605) Tenured: 1036606K(1398144K)->1042283K(1398144K)
[247.399s][info][gc,metaspace   ] GC(2605) Metaspace: 133762K(135488K)->133762K(135488K) NonClass: 116895K(117696K)->116895K(117696K) Class: 16866K(17792K)->16866K(17792K)
[247.399s][info][gc             ] GC(2605) Pause Young (Allocation Failure) 1595M->1053M(1979M) 7.534ms
[247.399s][info][gc,cpu         ] GC(2605) User=0.00s Sys=0.00s Real=0.00s
[247.455s][info][gc,start       ] GC(2606) Pause Young (Allocation Failure)
[247.461s][info][gc,heap        ] GC(2606) DefNew: 596241K(629120K)->37007K(629120K) Eden: 559232K(559232K)->0K(559232K) From: 37009K(69888K)->37007K(69888K)
[247.461s][info][gc,heap        ] GC(2606) Tenured: 1042283K(1398144K)->1046380K(1398144K)
[247.461s][info][gc,metaspace   ] GC(2606) Metaspace: 133762K(135488K)->133762K(135488K) NonClass: 116895K(117696K)->116895K(117696K) Class: 16866K(17792K)->16866K(17792K)
[247.461s][info][gc             ] GC(2606) Pause Young (Allocation Failure) 1600M->1057M(1979M) 6.176ms
[247.461s][info][gc,cpu         ] GC(2606) User=0.00s Sys=0.00s Real=0.00s
[247.516s][info][gc,start       ] GC(2607) Pause Young (Allocation Failure)
[247.523s][info][gc,heap        ] GC(2607) DefNew: 596239K(629120K)->36680K(629120K) Eden: 559232K(559232K)->0K(559232K) From: 37007K(69888K)->36680K(69888K)
[247.523s][info][gc,heap        ] GC(2607) Tenured: 1046380K(1398144K)->1050783K(1398144K)
[247.523s][info][gc,metaspace   ] GC(2607) Metaspace: 133762K(135488K)->133762K(135488K) NonClass: 116895K(117696K)->116895K(117696K) Class: 16866K(17792K)->16866K(17792K)
[247.523s][info][gc             ] GC(2607) Pause Young (Allocation Failure) 1604M->1061M(1979M) 6.585ms
[247.523s][info][gc,cpu         ] GC(2607) User=0.00s Sys=0.00s Real=0.02s
[247.578s][info][gc,start       ] GC(2608) Pause Young (Allocation Failure)
[247.584s][info][gc,heap        ] GC(2608) DefNew: 595912K(629120K)->36682K(629120K) Eden: 559232K(559232K)->0K(559232K) From: 36680K(69888K)->36682K(69888K)
[247.584s][info][gc,heap        ] GC(2608) Tenured: 1050783K(1398144K)->1054882K(1398144K)
[247.584s][info][gc,metaspace   ] GC(2608) Metaspace: 133762K(135488K)->133762K(135488K) NonClass: 116895K(117696K)->116895K(117696K) Class: 16866K(17792K)->16866K(17792K)
[247.584s][info][gc             ] GC(2608) Pause Young (Allocation Failure) 1608M->1065M(1979M) 5.825ms
[247.584s][info][gc,cpu         ] GC(2608) User=0.00s Sys=0.00s Real=0.02s
[247.640s][info][gc,start       ] GC(2609) Pause Young (Allocation Failure)
[247.646s][info][gc,heap        ] GC(2609) DefNew: 595914K(629120K)->38250K(629120K) Eden: 559232K(559232K)->0K(559232K) From: 36682K(69888K)->38250K(69888K)
[247.646s][info][gc,heap        ] GC(2609) Tenured: 1054882K(1398144K)->1058980K(1398144K)
[247.646s][info][gc,metaspace   ] GC(2609) Metaspace: 133762K(135488K)->133762K(135488K) NonClass: 116895K(117696K)->116895K(117696K) Class: 16866K(17792K)->16866K(17792K)
[247.646s][info][gc             ] GC(2609) Pause Young (Allocation Failure) 1612M->1071M(1979M) 6.043ms
[247.646s][info][gc,cpu         ] GC(2609) User=0.02s Sys=0.00s Real=0.02s
[247.702s][info][gc,start       ] GC(2610) Pause Young (Allocation Failure)
[247.708s][info][gc,heap        ] GC(2610) DefNew: 597482K(629120K)->36041K(629120K) Eden: 559232K(559232K)->0K(559232K) From: 38250K(69888K)->36041K(69888K)
[247.708s][info][gc,heap        ] GC(2610) Tenured: 1058980K(1398144K)->1063077K(1398144K)
[247.708s][info][gc,metaspace   ] GC(2610) Metaspace: 133762K(135488K)->133762K(135488K) NonClass: 116895K(117696K)->116895K(117696K) Class: 16866K(17792K)->16866K(17792K)
[247.708s][info][gc             ] GC(2610) Pause Young (Allocation Failure) 1617M->1073M(1979M) 5.917ms
[247.708s][info][gc,cpu         ] GC(2610) User=0.02s Sys=0.00s Real=0.02s
[247.769s][info][gc,start       ] GC(2611) Pause Young (Allocation Failure)
[247.775s][info][gc,heap        ] GC(2611) DefNew: 595273K(629120K)->36670K(629120K) Eden: 559232K(559232K)->0K(559232K) From: 36041K(69888K)->36670K(69888K)
[247.775s][info][gc,heap        ] GC(2611) Tenured: 1063077K(1398144K)->1067173K(1398144K)
[247.775s][info][gc,metaspace   ] GC(2611) Metaspace: 133762K(135488K)->133762K(135488K) NonClass: 116895K(117696K)->116895K(117696K) Class: 16866K(17792K)->16866K(17792K)
[247.775s][info][gc             ] GC(2611) Pause Young (Allocation Failure) 1619M->1077M(1979M) 6.020ms
[247.775s][info][gc,cpu         ] GC(2611) User=0.00s Sys=0.00s Real=0.00s
[247.862s][info][gc,start       ] GC(2612) Pause Young (Allocation Failure)
[247.869s][info][gc,heap        ] GC(2612) DefNew: 595902K(629120K)->46329K(629120K) Eden: 559232K(559232K)->0K(559232K) From: 36670K(69888K)->46329K(69888K)
[247.869s][info][gc,heap        ] GC(2612) Tenured: 1067173K(1398144K)->1071271K(1398144K)
[247.869s][info][gc,metaspace   ] GC(2612) Metaspace: 133762K(135488K)->133762K(135488K) NonClass: 116895K(117696K)->116895K(117696K) Class: 16866K(17792K)->16866K(17792K)
[247.869s][info][gc             ] GC(2612) Pause Young (Allocation Failure) 1624M->1091M(1979M) 7.184ms
[247.869s][info][gc,cpu         ] GC(2612) User=0.00s Sys=0.00s Real=0.00s
[247.957s][info][gc,start       ] GC(2613) Pause Young (Allocation Failure)
[247.965s][info][gc,heap        ] GC(2613) DefNew: 605561K(629120K)->49443K(629120K) Eden: 559232K(559232K)->0K(559232K) From: 46329K(69888K)->49443K(69888K)
[247.965s][info][gc,heap        ] GC(2613) Tenured: 1071271K(1398144K)->1083564K(1398144K)
[247.965s][info][gc,metaspace   ] GC(2613) Metaspace: 133762K(135488K)->133762K(135488K) NonClass: 116895K(117696K)->116895K(117696K) Class: 16866K(17792K)->16866K(17792K)
[247.965s][info][gc             ] GC(2613) Pause Young (Allocation Failure) 1637M->1106M(1979M) 8.278ms
[247.965s][info][gc,cpu         ] GC(2613) User=0.00s Sys=0.00s Real=0.00s
[248.054s][info][gc,start       ] GC(2614) Pause Young (Allocation Failure)
[248.062s][info][gc,heap        ] GC(2614) DefNew: 608675K(629120K)->46568K(629120K) Eden: 559232K(559232K)->0K(559232K) From: 49443K(69888K)->46568K(69888K)
[248.062s][info][gc,heap        ] GC(2614) Tenured: 1083564K(1398144K)->1100296K(1398144K)
[248.062s][info][gc,metaspace   ] GC(2614) Metaspace: 133762K(135488K)->133762K(135488K) NonClass: 116895K(117696K)->116895K(117696K) Class: 16866K(17792K)->16866K(17792K)
[248.062s][info][gc             ] GC(2614) Pause Young (Allocation Failure) 1652M->1119M(1979M) 8.161ms
[248.062s][info][gc,cpu         ] GC(2614) User=0.00s Sys=0.00s Real=0.00s
[248.151s][info][gc,start       ] GC(2615) Pause Young (Allocation Failure)
[248.158s][info][gc,heap        ] GC(2615) DefNew: 605800K(629120K)->44662K(629120K) Eden: 559232K(559232K)->0K(559232K) From: 46568K(69888K)->44662K(69888K)
[248.159s][info][gc,heap        ] GC(2615) Tenured: 1100296K(1398144K)->1112719K(1398144K)
[248.159s][info][gc,metaspace   ] GC(2615) Metaspace: 133762K(135488K)->133762K(135488K) NonClass: 116895K(117696K)->116895K(117696K) Class: 16866K(17792K)->16866K(17792K)
[248.159s][info][gc             ] GC(2615) Pause Young (Allocation Failure) 1666M->1130M(1979M) 7.698ms
[248.159s][info][gc,cpu         ] GC(2615) User=0.00s Sys=0.00s Real=0.00s
[248.249s][info][gc,start       ] GC(2616) Pause Young (Allocation Failure)
[248.256s][info][gc,heap        ] GC(2616) DefNew: 603894K(629120K)->45072K(629120K) Eden: 559232K(559232K)->0K(559232K) From: 44662K(69888K)->45072K(69888K)
[248.256s][info][gc,heap        ] GC(2616) Tenured: 1112719K(1398144K)->1125012K(1398144K)
[248.256s][info][gc,metaspace   ] GC(2616) Metaspace: 133762K(135488K)->133762K(135488K) NonClass: 116895K(117696K)->116895K(117696K) Class: 16866K(17792K)->16866K(17792K)
[248.256s][info][gc             ] GC(2616) Pause Young (Allocation Failure) 1676M->1142M(1979M) 7.625ms
[248.256s][info][gc,cpu         ] GC(2616) User=0.00s Sys=0.00s Real=0.02s
[248.344s][info][gc,start       ] GC(2617) Pause Young (Allocation Failure)
[248.352s][info][gc,heap        ] GC(2617) DefNew: 604304K(629120K)->45841K(629120K) Eden: 559232K(559232K)->0K(559232K) From: 45072K(69888K)->45841K(69888K)
[248.352s][info][gc,heap        ] GC(2617) Tenured: 1125012K(1398144K)->1137304K(1398144K)
[248.352s][info][gc,metaspace   ] GC(2617) Metaspace: 133762K(135488K)->133762K(135488K) NonClass: 116895K(117696K)->116895K(117696K) Class: 16866K(17792K)->16866K(17792K)
[248.352s][info][gc             ] GC(2617) Pause Young (Allocation Failure) 1688M->1155M(1979M) 7.537ms
[248.352s][info][gc,cpu         ] GC(2617) User=0.00s Sys=0.00s Real=0.02s
[248.441s][info][gc,start       ] GC(2618) Pause Young (Allocation Failure)
[248.448s][info][gc,heap        ] GC(2618) DefNew: 605073K(629120K)->38594K(629120K) Eden: 559232K(559232K)->0K(559232K) From: 45841K(69888K)->38594K(69888K)
[248.448s][info][gc,heap        ] GC(2618) Tenured: 1137304K(1398144K)->1153693K(1398144K)
[248.448s][info][gc,metaspace   ] GC(2618) Metaspace: 133762K(135488K)->133762K(135488K) NonClass: 116895K(117696K)->116895K(117696K) Class: 16866K(17792K)->16866K(17792K)
[248.448s][info][gc             ] GC(2618) Pause Young (Allocation Failure) 1701M->1164M(1979M) 7.175ms
[248.448s][info][gc,cpu         ] GC(2618) User=0.00s Sys=0.00s Real=0.02s
[248.531s][info][gc,start       ] GC(2619) Pause Young (Allocation Failure)
[248.538s][info][gc,heap        ] GC(2619) DefNew: 597826K(629120K)->35078K(629120K) Eden: 559232K(559232K)->0K(559232K) From: 38594K(69888K)->35078K(69888K)
[248.538s][info][gc,heap        ] GC(2619) Tenured: 1153693K(1398144K)->1165984K(1398144K)
[248.538s][info][gc,metaspace   ] GC(2619) Metaspace: 133762K(135488K)->133762K(135488K) NonClass: 116895K(117696K)->116895K(117696K) Class: 16866K(17792K)->16866K(17792K)
[248.538s][info][gc             ] GC(2619) Pause Young (Allocation Failure) 1710M->1172M(1979M) 6.842ms
[248.538s][info][gc,cpu         ] GC(2619) User=0.00s Sys=0.00s Real=0.00s
[248.624s][info][gc,start       ] GC(2620) Pause Young (Allocation Failure)
[248.630s][info][gc,heap        ] GC(2620) DefNew: 594310K(629120K)->32811K(629120K) Eden: 559232K(559232K)->0K(559232K) From: 35078K(69888K)->32811K(69888K)
[248.630s][info][gc,heap        ] GC(2620) Tenured: 1165984K(1398144K)->1178276K(1398144K)
[248.630s][info][gc,metaspace   ] GC(2620) Metaspace: 133762K(135488K)->133762K(135488K) NonClass: 116895K(117696K)->116895K(117696K) Class: 16866K(17792K)->16866K(17792K)
[248.630s][info][gc             ] GC(2620) Pause Young (Allocation Failure) 1719M->1182M(1979M) 6.230ms
[248.630s][info][gc,cpu         ] GC(2620) User=0.00s Sys=0.00s Real=0.00s
[248.718s][info][gc,start       ] GC(2621) Pause Young (Allocation Failure)
[248.724s][info][gc,heap        ] GC(2621) DefNew: 592043K(629120K)->41029K(629120K) Eden: 559232K(559232K)->0K(559232K) From: 32811K(69888K)->41029K(69888K)
[248.724s][info][gc,heap        ] GC(2621) Tenured: 1178276K(1398144K)->1178276K(1398144K)
[248.724s][info][gc,metaspace   ] GC(2621) Metaspace: 133762K(135488K)->133762K(135488K) NonClass: 116895K(117696K)->116895K(117696K) Class: 16866K(17792K)->16866K(17792K)
[248.724s][info][gc             ] GC(2621) Pause Young (Allocation Failure) 1728M->1190M(1979M) 5.773ms
[248.724s][info][gc,cpu         ] GC(2621) User=0.00s Sys=0.00s Real=0.00s
[248.812s][info][gc,start       ] GC(2622) Pause Young (Allocation Failure)
[248.818s][info][gc,heap        ] GC(2622) DefNew: 600261K(629120K)->31913K(629120K) Eden: 559232K(559232K)->0K(559232K) From: 41029K(69888K)->31913K(69888K)
[248.818s][info][gc,heap        ] GC(2622) Tenured: 1178276K(1398144K)->1190616K(1398144K)
[248.818s][info][gc,metaspace   ] GC(2622) Metaspace: 133762K(135488K)->133762K(135488K) NonClass: 116895K(117696K)->116895K(117696K) Class: 16866K(17792K)->16866K(17792K)
[248.818s][info][gc             ] GC(2622) Pause Young (Allocation Failure) 1736M->1193M(1979M) 6.258ms
[248.818s][info][gc,cpu         ] GC(2622) User=0.00s Sys=0.00s Real=0.00s
[248.906s][info][gc,start       ] GC(2623) Pause Young (Allocation Failure)
[248.912s][info][gc,heap        ] GC(2623) DefNew: 591145K(629120K)->41758K(629120K) Eden: 559232K(559232K)->0K(559232K) From: 31913K(69888K)->41758K(69888K)
[248.912s][info][gc,heap        ] GC(2623) Tenured: 1190616K(1398144K)->1190616K(1398144K)
[248.912s][info][gc,metaspace   ] GC(2623) Metaspace: 133762K(135488K)->133762K(135488K) NonClass: 116895K(117696K)->116895K(117696K) Class: 16866K(17792K)->16866K(17792K)
[248.912s][info][gc             ] GC(2623) Pause Young (Allocation Failure) 1740M->1203M(1979M) 6.040ms
[248.912s][info][gc,cpu         ] GC(2623) User=0.00s Sys=0.00s Real=0.00s
[249.000s][info][gc,start       ] GC(2624) Pause Young (Allocation Failure)
[249.007s][info][gc,heap        ] GC(2624) DefNew: 600990K(629120K)->41371K(629120K) Eden: 559232K(559232K)->0K(559232K) From: 41758K(69888K)->41371K(69888K)
[249.007s][info][gc,heap        ] GC(2624) Tenured: 1190616K(1398144K)->1202909K(1398144K)
[249.007s][info][gc,metaspace   ] GC(2624) Metaspace: 133762K(135488K)->133762K(135488K) NonClass: 116895K(117696K)->116895K(117696K) Class: 16866K(17792K)->16866K(17792K)
[249.007s][info][gc             ] GC(2624) Pause Young (Allocation Failure) 1749M->1215M(1979M) 6.912ms
[249.007s][info][gc,cpu         ] GC(2624) User=0.00s Sys=0.00s Real=0.00s
[249.095s][info][gc,start       ] GC(2625) Pause Young (Allocation Failure)
[249.101s][info][gc,heap        ] GC(2625) DefNew: 600603K(629120K)->32767K(629120K) Eden: 559232K(559232K)->0K(559232K) From: 41371K(69888K)->32767K(69888K)
[249.101s][info][gc,heap        ] GC(2625) Tenured: 1202909K(1398144K)->1211103K(1398144K)
[249.101s][info][gc,metaspace   ] GC(2625) Metaspace: 133762K(135488K)->133762K(135488K) NonClass: 116895K(117696K)->116895K(117696K) Class: 16866K(17792K)->16866K(17792K)
[249.101s][info][gc             ] GC(2625) Pause Young (Allocation Failure) 1761M->1214M(1979M) 6.252ms
[249.101s][info][gc,cpu         ] GC(2625) User=0.00s Sys=0.00s Real=0.00s
[249.192s][info][gc,start       ] GC(2626) Pause Young (Allocation Failure)
[249.199s][info][gc,heap        ] GC(2626) DefNew: 591999K(629120K)->40140K(629120K) Eden: 559232K(559232K)->0K(559232K) From: 32767K(69888K)->40140K(69888K)
[249.199s][info][gc,heap        ] GC(2626) Tenured: 1211103K(1398144K)->1211103K(1398144K)
[249.199s][info][gc,metaspace   ] GC(2626) Metaspace: 133762K(135488K)->133762K(135488K) NonClass: 116895K(117696K)->116895K(117696K) Class: 16866K(17792K)->16866K(17792K)
[249.199s][info][gc             ] GC(2626) Pause Young (Allocation Failure) 1760M->1221M(1979M) 6.382ms
[249.199s][info][gc,cpu         ] GC(2626) User=0.02s Sys=0.00s Real=0.02s
[249.283s][info][gc,start       ] GC(2627) Pause Young (Allocation Failure)
[249.288s][info][gc,heap        ] GC(2627) DefNew: 599372K(629120K)->24642K(629120K) Eden: 559232K(559232K)->0K(559232K) From: 40140K(69888K)->24642K(69888K)
[249.288s][info][gc,heap        ] GC(2627) Tenured: 1211103K(1398144K)->1223394K(1398144K)
[249.288s][info][gc,metaspace   ] GC(2627) Metaspace: 133762K(135488K)->133762K(135488K) NonClass: 116895K(117696K)->116895K(117696K) Class: 16866K(17792K)->16866K(17792K)
[249.288s][info][gc             ] GC(2627) Pause Young (Allocation Failure) 1768M->1218M(1979M) 5.713ms
[249.288s][info][gc,cpu         ] GC(2627) User=0.00s Sys=0.00s Real=0.00s
[249.370s][info][gc,start       ] GC(2628) Pause Young (Allocation Failure)
[249.375s][info][gc,heap        ] GC(2628) DefNew: 583874K(629120K)->26286K(629120K) Eden: 559232K(559232K)->0K(559232K) From: 24642K(69888K)->26286K(69888K)
[249.375s][info][gc,heap        ] GC(2628) Tenured: 1223394K(1398144K)->1223394K(1398144K)
[249.375s][info][gc,metaspace   ] GC(2628) Metaspace: 133762K(135488K)->133762K(135488K) NonClass: 116895K(117696K)->116895K(117696K) Class: 16866K(17792K)->16866K(17792K)
[249.375s][info][gc             ] GC(2628) Pause Young (Allocation Failure) 1764M->1220M(1979M) 4.589ms
[249.375s][info][gc,cpu         ] GC(2628) User=0.00s Sys=0.00s Real=0.01s
[249.457s][info][gc,start       ] GC(2629) Pause Young (Allocation Failure)
[249.462s][info][gc,heap        ] GC(2629) DefNew: 585518K(629120K)->27846K(629120K) Eden: 559232K(559232K)->0K(559232K) From: 26286K(69888K)->27846K(69888K)
[249.462s][info][gc,heap        ] GC(2629) Tenured: 1223394K(1398144K)->1223394K(1398144K)
[249.462s][info][gc,metaspace   ] GC(2629) Metaspace: 133762K(135488K)->133762K(135488K) NonClass: 116895K(117696K)->116895K(117696K) Class: 16866K(17792K)->16866K(17792K)
[249.462s][info][gc             ] GC(2629) Pause Young (Allocation Failure) 1766M->1221M(1979M) 4.805ms
[249.462s][info][gc,cpu         ] GC(2629) User=0.00s Sys=0.00s Real=0.00s
[249.549s][info][gc,start       ] GC(2630) Pause Young (Allocation Failure)
[249.553s][info][gc,heap        ] GC(2630) DefNew: 587078K(629120K)->28737K(629120K) Eden: 559232K(559232K)->0K(559232K) From: 27846K(69888K)->28737K(69888K)
[249.553s][info][gc,heap        ] GC(2630) Tenured: 1223394K(1398144K)->1223394K(1398144K)
[249.553s][info][gc,metaspace   ] GC(2630) Metaspace: 133762K(135488K)->133762K(135488K) NonClass: 116895K(117696K)->116895K(117696K) Class: 16866K(17792K)->16866K(17792K)
[249.553s][info][gc             ] GC(2630) Pause Young (Allocation Failure) 1768M->1222M(1979M) 4.496ms
[249.553s][info][gc,cpu         ] GC(2630) User=0.00s Sys=0.00s Real=0.00s
[249.639s][info][gc,start       ] GC(2631) Pause Young (Allocation Failure)
[249.644s][info][gc,heap        ] GC(2631) DefNew: 587969K(629120K)->33592K(629120K) Eden: 559232K(559232K)->0K(559232K) From: 28737K(69888K)->33592K(69888K)
[249.644s][info][gc,heap        ] GC(2631) Tenured: 1223394K(1398144K)->1223394K(1398144K)
[249.644s][info][gc,metaspace   ] GC(2631) Metaspace: 133762K(135488K)->133762K(135488K) NonClass: 116895K(117696K)->116895K(117696K) Class: 16866K(17792K)->16866K(17792K)
[249.644s][info][gc             ] GC(2631) Pause Young (Allocation Failure) 1768M->1227M(1979M) 4.949ms
[249.644s][info][gc,cpu         ] GC(2631) User=0.00s Sys=0.00s Real=0.00s
[249.731s][info][gc,start       ] GC(2632) Pause Young (Allocation Failure)
[249.737s][info][gc,heap        ] GC(2632) DefNew: 592499K(629120K)->38279K(629120K) Eden: 558906K(559232K)->0K(559232K) From: 33592K(69888K)->38279K(69888K)
[249.737s][info][gc,heap        ] GC(2632) Tenured: 1223394K(1398144K)->1223394K(1398144K)
[249.737s][info][gc,metaspace   ] GC(2632) Metaspace: 133762K(135488K)->133762K(135488K) NonClass: 116895K(117696K)->116895K(117696K) Class: 16866K(17792K)->16866K(17792K)
[249.737s][info][gc             ] GC(2632) Pause Young (Allocation Failure) 1773M->1232M(1979M) 5.667ms
[249.737s][info][gc,cpu         ] GC(2632) User=0.00s Sys=0.00s Real=0.02s
[249.822s][info][gc,start       ] GC(2633) Pause Young (Allocation Failure)
[249.828s][info][gc,heap        ] GC(2633) DefNew: 597511K(629120K)->25519K(629120K) Eden: 559232K(559232K)->0K(559232K) From: 38279K(69888K)->25519K(69888K)
[249.828s][info][gc,heap        ] GC(2633) Tenured: 1223394K(1398144K)->1227491K(1398144K)
[249.828s][info][gc,metaspace   ] GC(2633) Metaspace: 133762K(135488K)->133762K(135488K) NonClass: 116895K(117696K)->116895K(117696K) Class: 16866K(17792K)->16866K(17792K)
[249.828s][info][gc             ] GC(2633) Pause Young (Allocation Failure) 1778M->1223M(1979M) 5.297ms
[249.828s][info][gc,cpu         ] GC(2633) User=0.00s Sys=0.00s Real=0.02s
[249.915s][info][gc,start       ] GC(2634) Pause Young (Allocation Failure)
[249.919s][info][gc,heap        ] GC(2634) DefNew: 584751K(629120K)->31062K(629120K) Eden: 559232K(559232K)->0K(559232K) From: 25519K(69888K)->31062K(69888K)
[249.919s][info][gc,heap        ] GC(2634) Tenured: 1227491K(1398144K)->1227491K(1398144K)
[249.919s][info][gc,metaspace   ] GC(2634) Metaspace: 133762K(135488K)->133762K(135488K) NonClass: 116895K(117696K)->116895K(117696K) Class: 16866K(17792K)->16866K(17792K)
[249.919s][info][gc             ] GC(2634) Pause Young (Allocation Failure) 1769M->1229M(1979M) 4.942ms
[249.919s][info][gc,cpu         ] GC(2634) User=0.00s Sys=0.00s Real=0.00s
[250.007s][info][gc,start       ] GC(2635) Pause Young (Allocation Failure)
[250.012s][info][gc,heap        ] GC(2635) DefNew: 590294K(629120K)->30975K(629120K) Eden: 559232K(559232K)->0K(559232K) From: 31062K(69888K)->30975K(69888K)
[250.012s][info][gc,heap        ] GC(2635) Tenured: 1227491K(1398144K)->1227491K(1398144K)
[250.012s][info][gc,metaspace   ] GC(2635) Metaspace: 133762K(135488K)->133762K(135488K) NonClass: 116895K(117696K)->116895K(117696K) Class: 16866K(17792K)->16866K(17792K)
[250.012s][info][gc             ] GC(2635) Pause Young (Allocation Failure) 1775M->1228M(1979M) 5.262ms
[250.012s][info][gc,cpu         ] GC(2635) User=0.00s Sys=0.00s Real=0.00s
[250.099s][info][gc,start       ] GC(2636) Pause Young (Allocation Failure)
[250.103s][info][gc,heap        ] GC(2636) DefNew: 590207K(629120K)->27141K(629120K) Eden: 559232K(559232K)->0K(559232K) From: 30975K(69888K)->27141K(69888K)
[250.103s][info][gc,heap        ] GC(2636) Tenured: 1227491K(1398144K)->1227491K(1398144K)
[250.103s][info][gc,metaspace   ] GC(2636) Metaspace: 133762K(135488K)->133762K(135488K) NonClass: 116895K(117696K)->116895K(117696K) Class: 16866K(17792K)->16866K(17792K)
[250.103s][info][gc             ] GC(2636) Pause Young (Allocation Failure) 1775M->1225M(1979M) 4.473ms
[250.103s][info][gc,cpu         ] GC(2636) User=0.00s Sys=0.00s Real=0.00s
[250.192s][info][gc,start       ] GC(2637) Pause Young (Allocation Failure)
[250.197s][info][gc,heap        ] GC(2637) DefNew: 586373K(629120K)->34172K(629120K) Eden: 559232K(559232K)->0K(559232K) From: 27141K(69888K)->34172K(69888K)
[250.197s][info][gc,heap        ] GC(2637) Tenured: 1227491K(1398144K)->1227491K(1398144K)
[250.197s][info][gc,metaspace   ] GC(2637) Metaspace: 133762K(135488K)->133762K(135488K) NonClass: 116895K(117696K)->116895K(117696K) Class: 16866K(17792K)->16866K(17792K)
[250.197s][info][gc             ] GC(2637) Pause Young (Allocation Failure) 1771M->1232M(1979M) 5.248ms
[250.197s][info][gc,cpu         ] GC(2637) User=0.00s Sys=0.00s Real=0.01s
[250.285s][info][gc,start       ] GC(2638) Pause Young (Allocation Failure)
[250.289s][info][gc,heap        ] GC(2638) DefNew: 593404K(629120K)->25504K(629120K) Eden: 559232K(559232K)->0K(559232K) From: 34172K(69888K)->25504K(69888K)
[250.289s][info][gc,heap        ] GC(2638) Tenured: 1227491K(1398144K)->1227491K(1398144K)
[250.289s][info][gc,metaspace   ] GC(2638) Metaspace: 133762K(135488K)->133762K(135488K) NonClass: 116895K(117696K)->116895K(117696K) Class: 16866K(17792K)->16866K(17792K)
[250.289s][info][gc             ] GC(2638) Pause Young (Allocation Failure) 1778M->1223M(1979M) 4.335ms
[250.289s][info][gc,cpu         ] GC(2638) User=0.00s Sys=0.00s Real=0.00s
[250.376s][info][gc,start       ] GC(2639) Pause Young (Allocation Failure)
[250.381s][info][gc,heap        ] GC(2639) DefNew: 584736K(629120K)->29494K(629120K) Eden: 559232K(559232K)->0K(559232K) From: 25504K(69888K)->29494K(69888K)
[250.381s][info][gc,heap        ] GC(2639) Tenured: 1227491K(1398144K)->1227491K(1398144K)
[250.381s][info][gc,metaspace   ] GC(2639) Metaspace: 133762K(135488K)->133762K(135488K) NonClass: 116895K(117696K)->116895K(117696K) Class: 16866K(17792K)->16866K(17792K)
[250.381s][info][gc             ] GC(2639) Pause Young (Allocation Failure) 1769M->1227M(1979M) 4.838ms
[250.381s][info][gc,cpu         ] GC(2639) User=0.00s Sys=0.00s Real=0.02s
[250.468s][info][gc,start       ] GC(2640) Pause Young (Allocation Failure)
[250.473s][info][gc,heap        ] GC(2640) DefNew: 587395K(629120K)->30014K(629120K) Eden: 557900K(559232K)->0K(559232K) From: 29494K(69888K)->30014K(69888K)
[250.473s][info][gc,heap        ] GC(2640) Tenured: 1227491K(1398144K)->1235685K(1398144K)
[250.473s][info][gc,metaspace   ] GC(2640) Metaspace: 133762K(135488K)->133762K(135488K) NonClass: 116895K(117696K)->116895K(117696K) Class: 16866K(17792K)->16866K(17792K)
[250.473s][info][gc             ] GC(2640) Pause Young (Allocation Failure) 1772M->1236M(1979M) 5.566ms
[250.473s][info][gc,cpu         ] GC(2640) User=0.00s Sys=0.00s Real=0.02s
[250.560s][info][gc,start       ] GC(2641) Pause Young (Allocation Failure)
[250.563s][info][gc,heap        ] GC(2641) DefNew: 589246K(629120K)->10144K(629120K) Eden: 559232K(559232K)->0K(559232K) From: 30014K(69888K)->10144K(69888K)
[250.563s][info][gc,heap        ] GC(2641) Tenured: 1235685K(1398144K)->1243921K(1398144K)
[250.563s][info][gc,metaspace   ] GC(2641) Metaspace: 133762K(135488K)->133762K(135488K) NonClass: 116895K(117696K)->116895K(117696K) Class: 16866K(17792K)->16866K(17792K)
[250.563s][info][gc             ] GC(2641) Pause Young (Allocation Failure) 1782M->1224M(1979M) 3.780ms
[250.563s][info][gc,cpu         ] GC(2641) User=0.00s Sys=0.00s Real=0.00s
[250.651s][info][gc,start       ] GC(2642) Pause Young (Allocation Failure)
[250.654s][info][gc,heap        ] GC(2642) DefNew: 569376K(629120K)->14631K(629120K) Eden: 559232K(559232K)->0K(559232K) From: 10144K(69888K)->14631K(69888K)
[250.654s][info][gc,heap        ] GC(2642) Tenured: 1243921K(1398144K)->1243921K(1398144K)
[250.654s][info][gc,metaspace   ] GC(2642) Metaspace: 133762K(135488K)->133762K(135488K) NonClass: 116895K(117696K)->116895K(117696K) Class: 16866K(17792K)->16866K(17792K)
[250.654s][info][gc             ] GC(2642) Pause Young (Allocation Failure) 1770M->1229M(1979M) 3.552ms
[250.654s][info][gc,cpu         ] GC(2642) User=0.00s Sys=0.00s Real=0.00s
[250.741s][info][gc,start       ] GC(2643) Pause Young (Allocation Failure)
[250.745s][info][gc,heap        ] GC(2643) DefNew: 573863K(629120K)->14839K(629120K) Eden: 559232K(559232K)->0K(559232K) From: 14631K(69888K)->14839K(69888K)
[250.745s][info][gc,heap        ] GC(2643) Tenured: 1243921K(1398144K)->1243921K(1398144K)
[250.745s][info][gc,metaspace   ] GC(2643) Metaspace: 133762K(135488K)->133762K(135488K) NonClass: 116895K(117696K)->116895K(117696K) Class: 16866K(17792K)->16866K(17792K)
[250.745s][info][gc             ] GC(2643) Pause Young (Allocation Failure) 1775M->1229M(1979M) 3.735ms
[250.745s][info][gc,cpu         ] GC(2643) User=0.00s Sys=0.00s Real=0.00s
[250.858s][info][gc,start       ] GC(2644) Pause Young (Allocation Failure)
[250.862s][info][gc,heap        ] GC(2644) DefNew: 570528K(629120K)->11058K(629120K) Eden: 555689K(559232K)->0K(559232K) From: 14839K(69888K)->11058K(69888K)
[250.862s][info][gc,heap        ] GC(2644) Tenured: 1243921K(1398144K)->1243921K(1398144K)
[250.862s][info][gc,metaspace   ] GC(2644) Metaspace: 133762K(135488K)->133762K(135488K) NonClass: 116895K(117696K)->116895K(117696K) Class: 16866K(17792K)->16866K(17792K)
[250.862s][info][gc             ] GC(2644) Pause Young (Allocation Failure) 1771M->1225M(1979M) 3.136ms
[250.862s][info][gc,cpu         ] GC(2644) User=0.00s Sys=0.00s Real=0.00s
[251.016s][info][gc,start       ] GC(2645) Pause Full (System.gc())
[251.016s][info][gc,phases,start] GC(2645) Phase 1: Mark live objects
[251.078s][info][gc,phases      ] GC(2645) Phase 1: Mark live objects 61.597ms
[251.078s][info][gc,phases,start] GC(2645) Phase 2: Compute new object addresses
[251.126s][info][gc,phases      ] GC(2645) Phase 2: Compute new object addresses 48.283ms
[251.126s][info][gc,phases,start] GC(2645) Phase 3: Adjust pointers
[251.161s][info][gc,phases      ] GC(2645) Phase 3: Adjust pointers 34.562ms
[251.161s][info][gc,phases,start] GC(2645) Phase 4: Move objects
[251.161s][info][gc,phases      ] GC(2645) Phase 4: Move objects 0.096ms
[251.162s][info][gc,heap        ] GC(2645) DefNew: 288548K(629120K)->0K(629120K) Eden: 277489K(559232K)->0K(559232K) From: 11058K(69888K)->0K(69888K)
[251.162s][info][gc,heap        ] GC(2645) Tenured: 1243921K(1398144K)->1037731K(1398144K)
[251.162s][info][gc,metaspace   ] GC(2645) Metaspace: 133767K(135488K)->133767K(135488K) NonClass: 116901K(117696K)->116901K(117696K) Class: 16866K(17792K)->16866K(17792K)
[251.162s][info][gc             ] GC(2645) Pause Full (System.gc()) 1496M->1013M(1979M) 145.518ms
[251.162s][info][gc,cpu         ] GC(2645) User=0.11s Sys=0.00s Real=0.14s
[251.280s][info][gc,start       ] GC(2646) Pause Young (Allocation Failure)
[251.285s][info][gc,heap        ] GC(2646) DefNew: 559232K(629120K)->3359K(629120K) Eden: 559232K(559232K)->0K(559232K) From: 0K(69888K)->3359K(69888K)
[251.285s][info][gc,heap        ] GC(2646) Tenured: 1037731K(1398144K)->1037731K(1398144K)
[251.285s][info][gc,metaspace   ] GC(2646) Metaspace: 133794K(135488K)->133794K(135488K) NonClass: 116928K(117696K)->116928K(117696K) Class: 16866K(17792K)->16866K(17792K)
[251.285s][info][gc             ] GC(2646) Pause Young (Allocation Failure) 1559M->1016M(1979M) 4.522ms
[251.285s][info][gc,cpu         ] GC(2646) User=0.02s Sys=0.00s Real=0.00s
[251.340s][info][gc,start       ] GC(2647) Pause Young (Allocation Failure)
[251.344s][info][gc,heap        ] GC(2647) DefNew: 562591K(629120K)->8043K(629120K) Eden: 559232K(559232K)->0K(559232K) From: 3359K(69888K)->8043K(69888K)
[251.344s][info][gc,heap        ] GC(2647) Tenured: 1037731K(1398144K)->1037731K(1398144K)
[251.344s][info][gc,metaspace   ] GC(2647) Metaspace: 133794K(135488K)->133794K(135488K) NonClass: 116928K(117696K)->116928K(117696K) Class: 16866K(17792K)->16866K(17792K)
[251.344s][info][gc             ] GC(2647) Pause Young (Allocation Failure) 1562M->1021M(1979M) 4.020ms
[251.344s][info][gc,cpu         ] GC(2647) User=0.00s Sys=0.00s Real=0.00s
[251.399s][info][gc,start       ] GC(2648) Pause Young (Allocation Failure)
[251.403s][info][gc,heap        ] GC(2648) DefNew: 567275K(629120K)->7455K(629120K) Eden: 559232K(559232K)->0K(559232K) From: 8043K(69888K)->7455K(69888K)
[251.403s][info][gc,heap        ] GC(2648) Tenured: 1037731K(1398144K)->1037731K(1398144K)
[251.403s][info][gc,metaspace   ] GC(2648) Metaspace: 133794K(135488K)->133794K(135488K) NonClass: 116928K(117696K)->116928K(117696K) Class: 16866K(17792K)->16866K(17792K)
[251.403s][info][gc             ] GC(2648) Pause Young (Allocation Failure) 1567M->1020M(1979M) 4.163ms
[251.403s][info][gc,cpu         ] GC(2648) User=0.00s Sys=0.00s Real=0.02s
[251.458s][info][gc,start       ] GC(2649) Pause Young (Allocation Failure)
[251.462s][info][gc,heap        ] GC(2649) DefNew: 566687K(629120K)->12226K(629120K) Eden: 559232K(559232K)->0K(559232K) From: 7455K(69888K)->12226K(69888K)
[251.462s][info][gc,heap        ] GC(2649) Tenured: 1037731K(1398144K)->1037731K(1398144K)
[251.462s][info][gc,metaspace   ] GC(2649) Metaspace: 133794K(135488K)->133794K(135488K) NonClass: 116928K(117696K)->116928K(117696K) Class: 16866K(17792K)->16866K(17792K)
[251.462s][info][gc             ] GC(2649) Pause Young (Allocation Failure) 1566M->1025M(1979M) 4.609ms
[251.462s][info][gc,cpu         ] GC(2649) User=0.00s Sys=0.00s Real=0.00s
[251.519s][info][gc,start       ] GC(2650) Pause Young (Allocation Failure)
[251.524s][info][gc,heap        ] GC(2650) DefNew: 571458K(629120K)->14958K(629120K) Eden: 559232K(559232K)->0K(559232K) From: 12226K(69888K)->14958K(69888K)
[251.524s][info][gc,heap        ] GC(2650) Tenured: 1037731K(1398144K)->1037731K(1398144K)
[251.524s][info][gc,metaspace   ] GC(2650) Metaspace: 133794K(135488K)->133794K(135488K) NonClass: 116928K(117696K)->116928K(117696K) Class: 16866K(17792K)->16866K(17792K)
[251.524s][info][gc             ] GC(2650) Pause Young (Allocation Failure) 1571M->1028M(1979M) 5.198ms
[251.524s][info][gc,cpu         ] GC(2650) User=0.02s Sys=0.00s Real=0.02s
[251.580s][info][gc,start       ] GC(2651) Pause Young (Allocation Failure)
[251.586s][info][gc,heap        ] GC(2651) DefNew: 574190K(629120K)->22778K(629120K) Eden: 559232K(559232K)->0K(559232K) From: 14958K(69888K)->22778K(69888K)
[251.586s][info][gc,heap        ] GC(2651) Tenured: 1037731K(1398144K)->1037731K(1398144K)
[251.586s][info][gc,metaspace   ] GC(2651) Metaspace: 133794K(135488K)->133794K(135488K) NonClass: 116928K(117696K)->116928K(117696K) Class: 16866K(17792K)->16866K(17792K)
[251.586s][info][gc             ] GC(2651) Pause Young (Allocation Failure) 1574M->1035M(1979M) 5.814ms
[251.586s][info][gc,cpu         ] GC(2651) User=0.00s Sys=0.00s Real=0.02s
[251.642s][info][gc,start       ] GC(2652) Pause Young (Allocation Failure)
[251.648s][info][gc,heap        ] GC(2652) DefNew: 582010K(629120K)->26277K(629120K) Eden: 559232K(559232K)->0K(559232K) From: 22778K(69888K)->26277K(69888K)
[251.648s][info][gc,heap        ] GC(2652) Tenured: 1037731K(1398144K)->1037731K(1398144K)
[251.648s][info][gc,metaspace   ] GC(2652) Metaspace: 133794K(135488K)->133794K(135488K) NonClass: 116928K(117696K)->116928K(117696K) Class: 16866K(17792K)->16866K(17792K)
[251.648s][info][gc             ] GC(2652) Pause Young (Allocation Failure) 1581M->1039M(1979M) 5.947ms
[251.648s][info][gc,cpu         ] GC(2652) User=0.00s Sys=0.00s Real=0.00s
[251.704s][info][gc,start       ] GC(2653) Pause Young (Allocation Failure)
[251.711s][info][gc,heap        ] GC(2653) DefNew: 585509K(629120K)->32833K(629120K) Eden: 559232K(559232K)->0K(559232K) From: 26277K(69888K)->32833K(69888K)
[251.711s][info][gc,heap        ] GC(2653) Tenured: 1037731K(1398144K)->1037731K(1398144K)
[251.711s][info][gc,metaspace   ] GC(2653) Metaspace: 133794K(135488K)->133794K(135488K) NonClass: 116928K(117696K)->116928K(117696K) Class: 16866K(17792K)->16866K(17792K)
[251.711s][info][gc             ] GC(2653) Pause Young (Allocation Failure) 1585M->1045M(1979M) 6.488ms
[251.711s][info][gc,cpu         ] GC(2653) User=0.00s Sys=0.00s Real=0.00s
[251.767s][info][gc,start       ] GC(2654) Pause Young (Allocation Failure)
[251.773s][info][gc,heap        ] GC(2654) DefNew: 592065K(629120K)->32907K(629120K) Eden: 559232K(559232K)->0K(559232K) From: 32833K(69888K)->32907K(69888K)
[251.773s][info][gc,heap        ] GC(2654) Tenured: 1037731K(1398144K)->1037731K(1398144K)
[251.773s][info][gc,metaspace   ] GC(2654) Metaspace: 133794K(135488K)->133794K(135488K) NonClass: 116928K(117696K)->116928K(117696K) Class: 16866K(17792K)->16866K(17792K)
[251.773s][info][gc             ] GC(2654) Pause Young (Allocation Failure) 1591M->1045M(1979M) 6.640ms
[251.773s][info][gc,cpu         ] GC(2654) User=0.00s Sys=0.00s Real=0.00s
[251.829s][info][gc,start       ] GC(2655) Pause Young (Allocation Failure)
[251.836s][info][gc,heap        ] GC(2655) DefNew: 590678K(629120K)->37358K(629120K) Eden: 557771K(559232K)->0K(559232K) From: 32907K(69888K)->37358K(69888K)
[251.836s][info][gc,heap        ] GC(2655) Tenured: 1037731K(1398144K)->1037731K(1398144K)
[251.836s][info][gc,metaspace   ] GC(2655) Metaspace: 133794K(135488K)->133794K(135488K) NonClass: 116928K(117696K)->116928K(117696K) Class: 16866K(17792K)->16866K(17792K)
[251.836s][info][gc             ] GC(2655) Pause Young (Allocation Failure) 1590M->1049M(1979M) 7.011ms
[251.836s][info][gc,cpu         ] GC(2655) User=0.00s Sys=0.00s Real=0.00s
[251.891s][info][gc,start       ] GC(2656) Pause Young (Allocation Failure)
[251.899s][info][gc,heap        ] GC(2656) DefNew: 596590K(629120K)->35434K(629120K) Eden: 559232K(559232K)->0K(559232K) From: 37358K(69888K)->35434K(69888K)
[251.899s][info][gc,heap        ] GC(2656) Tenured: 1037731K(1398144K)->1043409K(1398144K)
[251.899s][info][gc,metaspace   ] GC(2656) Metaspace: 133794K(135488K)->133794K(135488K) NonClass: 116928K(117696K)->116928K(117696K) Class: 16866K(17792K)->16866K(17792K)
[251.899s][info][gc             ] GC(2656) Pause Young (Allocation Failure) 1596M->1053M(1979M) 7.394ms
[251.899s][info][gc,cpu         ] GC(2656) User=0.00s Sys=0.00s Real=0.00s
[251.955s][info][gc,start       ] GC(2657) Pause Young (Allocation Failure)
[251.961s][info][gc,heap        ] GC(2657) DefNew: 594666K(629120K)->33685K(629120K) Eden: 559232K(559232K)->0K(559232K) From: 35434K(69888K)->33685K(69888K)
[251.961s][info][gc,heap        ] GC(2657) Tenured: 1043409K(1398144K)->1047812K(1398144K)
[251.961s][info][gc,metaspace   ] GC(2657) Metaspace: 133794K(135488K)->133794K(135488K) NonClass: 116928K(117696K)->116928K(117696K) Class: 16866K(17792K)->16866K(17792K)
[251.961s][info][gc             ] GC(2657) Pause Young (Allocation Failure) 1599M->1056M(1979M) 5.761ms
[251.961s][info][gc,cpu         ] GC(2657) User=0.00s Sys=0.00s Real=0.00s
[252.015s][info][gc,start       ] GC(2658) Pause Young (Allocation Failure)
[252.021s][info][gc,heap        ] GC(2658) DefNew: 592917K(629120K)->39241K(629120K) Eden: 559232K(559232K)->0K(559232K) From: 33685K(69888K)->39241K(69888K)
[252.021s][info][gc,heap        ] GC(2658) Tenured: 1047812K(1398144K)->1047812K(1398144K)
[252.021s][info][gc,metaspace   ] GC(2658) Metaspace: 133794K(135488K)->133794K(135488K) NonClass: 116928K(117696K)->116928K(117696K) Class: 16866K(17792K)->16866K(17792K)
[252.021s][info][gc             ] GC(2658) Pause Young (Allocation Failure) 1602M->1061M(1979M) 5.630ms
[252.021s][info][gc,cpu         ] GC(2658) User=0.00s Sys=0.00s Real=0.00s
[252.078s][info][gc,start       ] GC(2659) Pause Young (Allocation Failure)
[252.084s][info][gc,heap        ] GC(2659) DefNew: 598473K(629120K)->33964K(629120K) Eden: 559232K(559232K)->0K(559232K) From: 39241K(69888K)->33964K(69888K)
[252.084s][info][gc,heap        ] GC(2659) Tenured: 1047812K(1398144K)->1056008K(1398144K)
[252.084s][info][gc,metaspace   ] GC(2659) Metaspace: 133794K(135488K)->133794K(135488K) NonClass: 116928K(117696K)->116928K(117696K) Class: 16866K(17792K)->16866K(17792K)
[252.084s][info][gc             ] GC(2659) Pause Young (Allocation Failure) 1607M->1064M(1979M) 6.018ms
[252.084s][info][gc,cpu         ] GC(2659) User=0.00s Sys=0.00s Real=0.00s
[252.138s][info][gc,start       ] GC(2660) Pause Young (Allocation Failure)
[252.144s][info][gc,heap        ] GC(2660) DefNew: 593196K(629120K)->45465K(629120K) Eden: 559232K(559232K)->0K(559232K) From: 33964K(69888K)->45465K(69888K)
[252.144s][info][gc,heap        ] GC(2660) Tenured: 1056008K(1398144K)->1056008K(1398144K)
[252.144s][info][gc,metaspace   ] GC(2660) Metaspace: 133794K(135488K)->133794K(135488K) NonClass: 116928K(117696K)->116928K(117696K) Class: 16866K(17792K)->16866K(17792K)
[252.144s][info][gc             ] GC(2660) Pause Young (Allocation Failure) 1610M->1075M(1979M) 6.146ms
[252.144s][info][gc,cpu         ] GC(2660) User=0.00s Sys=0.00s Real=0.00s
[252.203s][info][gc,start       ] GC(2661) Pause Young (Allocation Failure)
[252.209s][info][gc,heap        ] GC(2661) DefNew: 604697K(629120K)->31209K(629120K) Eden: 559232K(559232K)->0K(559232K) From: 45465K(69888K)->31209K(69888K)
[252.209s][info][gc,heap        ] GC(2661) Tenured: 1056008K(1398144K)->1068318K(1398144K)
[252.209s][info][gc,metaspace   ] GC(2661) Metaspace: 133794K(135488K)->133794K(135488K) NonClass: 116928K(117696K)->116928K(117696K) Class: 16866K(17792K)->16866K(17792K)
[252.209s][info][gc             ] GC(2661) Pause Young (Allocation Failure) 1621M->1073M(1979M) 6.124ms
[252.209s][info][gc,cpu         ] GC(2661) User=0.03s Sys=0.00s Real=0.00s
[252.268s][info][gc,start       ] GC(2662) Pause Young (Allocation Failure)
[252.274s][info][gc,heap        ] GC(2662) DefNew: 590441K(629120K)->39524K(629120K) Eden: 559232K(559232K)->0K(559232K) From: 31209K(69888K)->39524K(69888K)
[252.274s][info][gc,heap        ] GC(2662) Tenured: 1068318K(1398144K)->1068318K(1398144K)
[252.274s][info][gc,metaspace   ] GC(2662) Metaspace: 133794K(135488K)->133794K(135488K) NonClass: 116928K(117696K)->116928K(117696K) Class: 16866K(17792K)->16866K(17792K)
[252.274s][info][gc             ] GC(2662) Pause Young (Allocation Failure) 1619M->1081M(1979M) 6.047ms
[252.274s][info][gc,cpu         ] GC(2662) User=0.00s Sys=0.00s Real=0.00s
[252.361s][info][gc,start       ] GC(2663) Pause Young (Allocation Failure)
[252.368s][info][gc,heap        ] GC(2663) DefNew: 598756K(629120K)->42189K(629120K) Eden: 559232K(559232K)->0K(559232K) From: 39524K(69888K)->42189K(69888K)
[252.369s][info][gc,heap        ] GC(2663) Tenured: 1068318K(1398144K)->1076514K(1398144K)
[252.369s][info][gc,metaspace   ] GC(2663) Metaspace: 133814K(135552K)->133814K(135552K) NonClass: 116948K(117760K)->116948K(117760K) Class: 16866K(17792K)->16866K(17792K)
[252.369s][info][gc             ] GC(2663) Pause Young (Allocation Failure) 1628M->1092M(1979M) 7.267ms
[252.369s][info][gc,cpu         ] GC(2663) User=0.00s Sys=0.00s Real=0.00s
[252.458s][info][gc,start       ] GC(2664) Pause Young (Allocation Failure)
[252.465s][info][gc,heap        ] GC(2664) DefNew: 598225K(629120K)->41962K(629120K) Eden: 556036K(559232K)->0K(559232K) From: 42189K(69888K)->41962K(69888K)
[252.465s][info][gc,heap        ] GC(2664) Tenured: 1076514K(1398144K)->1088786K(1398144K)
[252.465s][info][gc,metaspace   ] GC(2664) Metaspace: 133814K(135552K)->133814K(135552K) NonClass: 116948K(117760K)->116948K(117760K) Class: 16866K(17792K)->16866K(17792K)
[252.466s][info][gc             ] GC(2664) Pause Young (Allocation Failure) 1635M->1104M(1979M) 7.128ms
[252.466s][info][gc,cpu         ] GC(2664) User=0.00s Sys=0.00s Real=0.00s
[252.554s][info][gc,start       ] GC(2665) Pause Young (Allocation Failure)
[252.562s][info][gc,heap        ] GC(2665) DefNew: 601194K(629120K)->47889K(629120K) Eden: 559232K(559232K)->0K(559232K) From: 41962K(69888K)->47889K(69888K)
[252.562s][info][gc,heap        ] GC(2665) Tenured: 1088786K(1398144K)->1096981K(1398144K)
[252.562s][info][gc,metaspace   ] GC(2665) Metaspace: 133814K(135552K)->133814K(135552K) NonClass: 116948K(117760K)->116948K(117760K) Class: 16866K(17792K)->16866K(17792K)
[252.562s][info][gc             ] GC(2665) Pause Young (Allocation Failure) 1650M->1118M(1979M) 7.162ms
[252.562s][info][gc,cpu         ] GC(2665) User=0.00s Sys=0.00s Real=0.00s
[252.650s][info][gc,start       ] GC(2666) Pause Young (Allocation Failure)
[252.658s][info][gc,heap        ] GC(2666) DefNew: 607121K(629120K)->44273K(629120K) Eden: 559232K(559232K)->0K(559232K) From: 47889K(69888K)->44273K(69888K)
[252.658s][info][gc,heap        ] GC(2666) Tenured: 1096981K(1398144K)->1113844K(1398144K)
[252.658s][info][gc,metaspace   ] GC(2666) Metaspace: 133814K(135552K)->133814K(135552K) NonClass: 116948K(117760K)->116948K(117760K) Class: 16866K(17792K)->16866K(17792K)
[252.658s][info][gc             ] GC(2666) Pause Young (Allocation Failure) 1664M->1130M(1979M) 7.982ms
[252.658s][info][gc,cpu         ] GC(2666) User=0.00s Sys=0.00s Real=0.00s
[252.746s][info][gc,start       ] GC(2667) Pause Young (Allocation Failure)
[252.753s][info][gc,heap        ] GC(2667) DefNew: 603505K(629120K)->49528K(629120K) Eden: 559232K(559232K)->0K(559232K) From: 44273K(69888K)->49528K(69888K)
[252.753s][info][gc,heap        ] GC(2667) Tenured: 1113844K(1398144K)->1126157K(1398144K)
[252.754s][info][gc,metaspace   ] GC(2667) Metaspace: 133814K(135552K)->133814K(135552K) NonClass: 116948K(117760K)->116948K(117760K) Class: 16866K(17792K)->16866K(17792K)
[252.754s][info][gc             ] GC(2667) Pause Young (Allocation Failure) 1677M->1148M(1979M) 7.383ms
[252.754s][info][gc,cpu         ] GC(2667) User=0.00s Sys=0.00s Real=0.00s
[252.842s][info][gc,start       ] GC(2668) Pause Young (Allocation Failure)
[252.849s][info][gc,heap        ] GC(2668) DefNew: 608760K(629120K)->31026K(629120K) Eden: 559232K(559232K)->0K(559232K) From: 49528K(69888K)->31026K(69888K)
[252.849s][info][gc,heap        ] GC(2668) Tenured: 1126157K(1398144K)->1154818K(1398144K)
[252.849s][info][gc,metaspace   ] GC(2668) Metaspace: 133814K(135552K)->133814K(135552K) NonClass: 116948K(117760K)->116948K(117760K) Class: 16866K(17792K)->16866K(17792K)
[252.849s][info][gc             ] GC(2668) Pause Young (Allocation Failure) 1694M->1158M(1979M) 7.365ms
[252.850s][info][gc,cpu         ] GC(2668) User=0.02s Sys=0.00s Real=0.01s
[252.940s][info][gc,start       ] GC(2669) Pause Young (Allocation Failure)
[252.946s][info][gc,heap        ] GC(2669) DefNew: 590258K(629120K)->38597K(629120K) Eden: 559232K(559232K)->0K(559232K) From: 31026K(69888K)->38597K(69888K)
[252.946s][info][gc,heap        ] GC(2669) Tenured: 1154818K(1398144K)->1154818K(1398144K)
[252.946s][info][gc,metaspace   ] GC(2669) Metaspace: 133814K(135552K)->133814K(135552K) NonClass: 116948K(117760K)->116948K(117760K) Class: 16866K(17792K)->16866K(17792K)
[252.946s][info][gc             ] GC(2669) Pause Young (Allocation Failure) 1704M->1165M(1979M) 5.876ms
[252.946s][info][gc,cpu         ] GC(2669) User=0.00s Sys=0.00s Real=0.02s
[253.029s][info][gc,start       ] GC(2670) Pause Young (Allocation Failure)
[253.035s][info][gc,heap        ] GC(2670) DefNew: 597829K(629120K)->36044K(629120K) Eden: 559232K(559232K)->0K(559232K) From: 38597K(69888K)->36044K(69888K)
[253.035s][info][gc,heap        ] GC(2670) Tenured: 1154818K(1398144K)->1163012K(1398144K)
[253.035s][info][gc,metaspace   ] GC(2670) Metaspace: 133814K(135552K)->133814K(135552K) NonClass: 116948K(117760K)->116948K(117760K) Class: 16866K(17792K)->16866K(17792K)
[253.035s][info][gc             ] GC(2670) Pause Young (Allocation Failure) 1711M->1170M(1979M) 5.989ms
[253.035s][info][gc,cpu         ] GC(2670) User=0.00s Sys=0.00s Real=0.00s
[253.123s][info][gc,start       ] GC(2671) Pause Young (Allocation Failure)
[253.129s][info][gc,heap        ] GC(2671) DefNew: 595276K(629120K)->33611K(629120K) Eden: 559232K(559232K)->0K(559232K) From: 36044K(69888K)->33611K(69888K)
[253.129s][info][gc,heap        ] GC(2671) Tenured: 1163012K(1398144K)->1179401K(1398144K)
[253.129s][info][gc,metaspace   ] GC(2671) Metaspace: 133814K(135552K)->133814K(135552K) NonClass: 116948K(117760K)->116948K(117760K) Class: 16866K(17792K)->16866K(17792K)
[253.129s][info][gc             ] GC(2671) Pause Young (Allocation Failure) 1717M->1184M(1979M) 6.526ms
[253.129s][info][gc,cpu         ] GC(2671) User=0.00s Sys=0.00s Real=0.00s
[253.219s][info][gc,start       ] GC(2672) Pause Young (Allocation Failure)
[253.225s][info][gc,heap        ] GC(2672) DefNew: 592843K(629120K)->45522K(629120K) Eden: 559232K(559232K)->0K(559232K) From: 33611K(69888K)->45522K(69888K)
[253.225s][info][gc,heap        ] GC(2672) Tenured: 1179401K(1398144K)->1179401K(1398144K)
[253.225s][info][gc,metaspace   ] GC(2672) Metaspace: 133814K(135552K)->133814K(135552K) NonClass: 116948K(117760K)->116948K(117760K) Class: 16866K(17792K)->16866K(17792K)
[253.225s][info][gc             ] GC(2672) Pause Young (Allocation Failure) 1730M->1196M(1979M) 6.640ms
[253.225s][info][gc,cpu         ] GC(2672) User=0.00s Sys=0.00s Real=0.02s
[253.313s][info][gc,start       ] GC(2673) Pause Young (Allocation Failure)
[253.320s][info][gc,heap        ] GC(2673) DefNew: 604754K(629120K)->32772K(629120K) Eden: 559232K(559232K)->0K(559232K) From: 45522K(69888K)->32772K(69888K)
[253.320s][info][gc,heap        ] GC(2673) Tenured: 1179401K(1398144K)->1191740K(1398144K)
[253.320s][info][gc,metaspace   ] GC(2673) Metaspace: 133814K(135552K)->133814K(135552K) NonClass: 116948K(117760K)->116948K(117760K) Class: 16866K(17792K)->16866K(17792K)
[253.320s][info][gc             ] GC(2673) Pause Young (Allocation Failure) 1742M->1195M(1979M) 6.438ms
[253.320s][info][gc,cpu         ] GC(2673) User=0.00s Sys=0.00s Real=0.02s
[253.407s][info][gc,start       ] GC(2674) Pause Young (Allocation Failure)
[253.413s][info][gc,heap        ] GC(2674) DefNew: 592004K(629120K)->40971K(629120K) Eden: 559232K(559232K)->0K(559232K) From: 32772K(69888K)->40971K(69888K)
[253.413s][info][gc,heap        ] GC(2674) Tenured: 1191740K(1398144K)->1191740K(1398144K)
[253.413s][info][gc,metaspace   ] GC(2674) Metaspace: 133814K(135552K)->133814K(135552K) NonClass: 116948K(117760K)->116948K(117760K) Class: 16866K(17792K)->16866K(17792K)
[253.413s][info][gc             ] GC(2674) Pause Young (Allocation Failure) 1741M->1203M(1979M) 5.585ms
[253.413s][info][gc,cpu         ] GC(2674) User=0.00s Sys=0.00s Real=0.00s
[253.501s][info][gc,start       ] GC(2675) Pause Young (Allocation Failure)
[253.508s][info][gc,heap        ] GC(2675) DefNew: 600203K(629120K)->35024K(629120K) Eden: 559232K(559232K)->0K(559232K) From: 40971K(69888K)->35024K(69888K)
[253.508s][info][gc,heap        ] GC(2675) Tenured: 1191740K(1398144K)->1204034K(1398144K)
[253.508s][info][gc,metaspace   ] GC(2675) Metaspace: 133814K(135552K)->133814K(135552K) NonClass: 116948K(117760K)->116948K(117760K) Class: 16866K(17792K)->16866K(17792K)
[253.508s][info][gc             ] GC(2675) Pause Young (Allocation Failure) 1749M->1210M(1979M) 6.375ms
[253.508s][info][gc,cpu         ] GC(2675) User=0.02s Sys=0.00s Real=0.02s
[253.596s][info][gc,start       ] GC(2676) Pause Young (Allocation Failure)
[253.602s][info][gc,heap        ] GC(2676) DefNew: 594256K(629120K)->39213K(629120K) Eden: 559232K(559232K)->0K(559232K) From: 35024K(69888K)->39213K(69888K)
[253.602s][info][gc,heap        ] GC(2676) Tenured: 1204034K(1398144K)->1208130K(1398144K)
[253.602s][info][gc,metaspace   ] GC(2676) Metaspace: 133814K(135552K)->133814K(135552K) NonClass: 116948K(117760K)->116948K(117760K) Class: 16866K(17792K)->16866K(17792K)
[253.602s][info][gc             ] GC(2676) Pause Young (Allocation Failure) 1756M->1218M(1979M) 6.076ms
[253.602s][info][gc,cpu         ] GC(2676) User=0.02s Sys=0.00s Real=0.02s
[253.690s][info][gc,start       ] GC(2677) Pause Young (Allocation Failure)
[253.697s][info][gc,heap        ] GC(2677) DefNew: 598445K(629120K)->39138K(629120K) Eden: 559232K(559232K)->0K(559232K) From: 39213K(69888K)->39138K(69888K)
[253.697s][info][gc,heap        ] GC(2677) Tenured: 1208130K(1398144K)->1216325K(1398144K)
[253.697s][info][gc,metaspace   ] GC(2677) Metaspace: 133814K(135552K)->133814K(135552K) NonClass: 116948K(117760K)->116948K(117760K) Class: 16866K(17792K)->16866K(17792K)
[253.697s][info][gc             ] GC(2677) Pause Young (Allocation Failure) 1764M->1226M(1979M) 6.550ms
[253.697s][info][gc,cpu         ] GC(2677) User=0.00s Sys=0.00s Real=0.01s
[253.783s][info][gc,start       ] GC(2678) Pause Young (Allocation Failure)
[253.788s][info][gc,heap        ] GC(2678) DefNew: 598370K(629120K)->25518K(629120K) Eden: 559232K(559232K)->0K(559232K) From: 39138K(69888K)->25518K(69888K)
[253.788s][info][gc,heap        ] GC(2678) Tenured: 1216325K(1398144K)->1224519K(1398144K)
[253.788s][info][gc,metaspace   ] GC(2678) Metaspace: 133814K(135552K)->133814K(135552K) NonClass: 116948K(117760K)->116948K(117760K) Class: 16866K(17792K)->16866K(17792K)
[253.788s][info][gc             ] GC(2678) Pause Young (Allocation Failure) 1772M->1220M(1979M) 5.252ms
[253.788s][info][gc,cpu         ] GC(2678) User=0.00s Sys=0.00s Real=0.00s
[253.870s][info][gc,start       ] GC(2679) Pause Young (Allocation Failure)
[253.874s][info][gc,heap        ] GC(2679) DefNew: 584750K(629120K)->27858K(629120K) Eden: 559232K(559232K)->0K(559232K) From: 25518K(69888K)->27858K(69888K)
[253.874s][info][gc,heap        ] GC(2679) Tenured: 1224519K(1398144K)->1224519K(1398144K)
[253.874s][info][gc,metaspace   ] GC(2679) Metaspace: 133814K(135552K)->133814K(135552K) NonClass: 116948K(117760K)->116948K(117760K) Class: 16866K(17792K)->16866K(17792K)
[253.874s][info][gc             ] GC(2679) Pause Young (Allocation Failure) 1766M->1223M(1979M) 4.657ms
[253.874s][info][gc,cpu         ] GC(2679) User=0.00s Sys=0.00s Real=0.00s
[253.957s][info][gc,start       ] GC(2680) Pause Young (Allocation Failure)
[253.962s][info][gc,heap        ] GC(2680) DefNew: 587090K(629120K)->30981K(629120K) Eden: 559232K(559232K)->0K(559232K) From: 27858K(69888K)->30981K(69888K)
[253.962s][info][gc,heap        ] GC(2680) Tenured: 1224519K(1398144K)->1224519K(1398144K)
[253.962s][info][gc,metaspace   ] GC(2680) Metaspace: 133814K(135552K)->133814K(135552K) NonClass: 116948K(117760K)->116948K(117760K) Class: 16866K(17792K)->16866K(17792K)
[253.962s][info][gc             ] GC(2680) Pause Young (Allocation Failure) 1769M->1226M(1979M) 4.955ms
[253.962s][info][gc,cpu         ] GC(2680) User=0.00s Sys=0.00s Real=0.00s
[254.046s][info][gc,start       ] GC(2681) Pause Young (Allocation Failure)
[254.051s][info][gc,heap        ] GC(2681) DefNew: 590213K(629120K)->31853K(629120K) Eden: 559232K(559232K)->0K(559232K) From: 30981K(69888K)->31853K(69888K)
[254.051s][info][gc,heap        ] GC(2681) Tenured: 1224519K(1398144K)->1224519K(1398144K)
[254.051s][info][gc,metaspace   ] GC(2681) Metaspace: 133814K(135552K)->133814K(135552K) NonClass: 116948K(117760K)->116948K(117760K) Class: 16866K(17792K)->16866K(17792K)
[254.051s][info][gc             ] GC(2681) Pause Young (Allocation Failure) 1772M->1226M(1979M) 4.907ms
[254.051s][info][gc,cpu         ] GC(2681) User=0.00s Sys=0.00s Real=0.00s
[254.137s][info][gc,start       ] GC(2682) Pause Young (Allocation Failure)
[254.142s][info][gc,heap        ] GC(2682) DefNew: 591085K(629120K)->33598K(629120K) Eden: 559232K(559232K)->0K(559232K) From: 31853K(69888K)->33598K(69888K)
[254.142s][info][gc,heap        ] GC(2682) Tenured: 1224519K(1398144K)->1224519K(1398144K)
[254.142s][info][gc,metaspace   ] GC(2682) Metaspace: 133814K(135552K)->133814K(135552K) NonClass: 116948K(117760K)->116948K(117760K) Class: 16866K(17792K)->16866K(17792K)
[254.142s][info][gc             ] GC(2682) Pause Young (Allocation Failure) 1773M->1228M(1979M) 5.369ms
[254.142s][info][gc,cpu         ] GC(2682) User=0.00s Sys=0.00s Real=0.00s
[254.231s][info][gc,start       ] GC(2683) Pause Young (Allocation Failure)
[254.236s][info][gc,heap        ] GC(2683) DefNew: 592830K(629120K)->31935K(629120K) Eden: 559232K(559232K)->0K(559232K) From: 33598K(69888K)->31935K(69888K)
[254.236s][info][gc,heap        ] GC(2683) Tenured: 1224519K(1398144K)->1224519K(1398144K)
[254.236s][info][gc,metaspace   ] GC(2683) Metaspace: 133814K(135552K)->133814K(135552K) NonClass: 116948K(117760K)->116948K(117760K) Class: 16866K(17792K)->16866K(17792K)
[254.236s][info][gc             ] GC(2683) Pause Young (Allocation Failure) 1774M->1227M(1979M) 5.323ms
[254.236s][info][gc,cpu         ] GC(2683) User=0.00s Sys=0.00s Real=0.02s
[254.323s][info][gc,start       ] GC(2684) Pause Young (Allocation Failure)
[254.328s][info][gc,heap        ] GC(2684) DefNew: 591167K(629120K)->30389K(629120K) Eden: 559232K(559232K)->0K(559232K) From: 31935K(69888K)->30389K(69888K)
[254.328s][info][gc,heap        ] GC(2684) Tenured: 1224519K(1398144K)->1224519K(1398144K)
[254.328s][info][gc,metaspace   ] GC(2684) Metaspace: 133814K(135552K)->133814K(135552K) NonClass: 116948K(117760K)->116948K(117760K) Class: 16866K(17792K)->16866K(17792K)
[254.328s][info][gc             ] GC(2684) Pause Young (Allocation Failure) 1773M->1225M(1979M) 4.816ms
[254.328s][info][gc,cpu         ] GC(2684) User=0.02s Sys=0.00s Real=0.02s
[254.414s][info][gc,start       ] GC(2685) Pause Young (Allocation Failure)
[254.420s][info][gc,heap        ] GC(2685) DefNew: 589621K(629120K)->41395K(629120K) Eden: 559232K(559232K)->0K(559232K) From: 30389K(69888K)->41395K(69888K)
[254.420s][info][gc,heap        ] GC(2685) Tenured: 1224519K(1398144K)->1224519K(1398144K)
[254.420s][info][gc,metaspace   ] GC(2685) Metaspace: 133814K(135552K)->133814K(135552K) NonClass: 116948K(117760K)->116948K(117760K) Class: 16866K(17792K)->16866K(17792K)
[254.420s][info][gc             ] GC(2685) Pause Young (Allocation Failure) 1771M->1236M(1979M) 5.855ms
[254.420s][info][gc,cpu         ] GC(2685) User=0.02s Sys=0.00s Real=0.01s
[254.508s][info][gc,start       ] GC(2686) Pause Young (Allocation Failure)
[254.513s][info][gc,heap        ] GC(2686) DefNew: 600627K(629120K)->23064K(629120K) Eden: 559232K(559232K)->0K(559232K) From: 41395K(69888K)->23064K(69888K)
[254.514s][info][gc,heap        ] GC(2686) Tenured: 1224519K(1398144K)->1236810K(1398144K)
[254.514s][info][gc,metaspace   ] GC(2686) Metaspace: 133814K(135552K)->133814K(135552K) NonClass: 116948K(117760K)->116948K(117760K) Class: 16866K(17792K)->16866K(17792K)
[254.514s][info][gc             ] GC(2686) Pause Young (Allocation Failure) 1782M->1230M(1979M) 5.601ms
[254.514s][info][gc,cpu         ] GC(2686) User=0.00s Sys=0.00s Real=0.01s
[254.601s][info][gc,start       ] GC(2687) Pause Young (Allocation Failure)
[254.605s][info][gc,heap        ] GC(2687) DefNew: 582296K(629120K)->20517K(629120K) Eden: 559232K(559232K)->0K(559232K) From: 23064K(69888K)->20517K(69888K)
[254.605s][info][gc,heap        ] GC(2687) Tenured: 1236810K(1398144K)->1236810K(1398144K)
[254.605s][info][gc,metaspace   ] GC(2687) Metaspace: 133814K(135552K)->133814K(135552K) NonClass: 116948K(117760K)->116948K(117760K) Class: 16866K(17792K)->16866K(17792K)
[254.605s][info][gc             ] GC(2687) Pause Young (Allocation Failure) 1776M->1227M(1979M) 3.982ms
[254.605s][info][gc,cpu         ] GC(2687) User=0.00s Sys=0.00s Real=0.00s
[254.693s][info][gc,start       ] GC(2688) Pause Young (Allocation Failure)
[254.697s][info][gc,heap        ] GC(2688) DefNew: 579749K(629120K)->26000K(629120K) Eden: 559232K(559232K)->0K(559232K) From: 20517K(69888K)->26000K(69888K)
[254.697s][info][gc,heap        ] GC(2688) Tenured: 1236810K(1398144K)->1236810K(1398144K)
[254.697s][info][gc,metaspace   ] GC(2688) Metaspace: 133814K(135552K)->133814K(135552K) NonClass: 116948K(117760K)->116948K(117760K) Class: 16866K(17792K)->16866K(17792K)
[254.697s][info][gc             ] GC(2688) Pause Young (Allocation Failure) 1773M->1233M(1979M) 4.394ms
[254.697s][info][gc,cpu         ] GC(2688) User=0.00s Sys=0.00s Real=0.00s
[254.784s][info][gc,start       ] GC(2689) Pause Young (Allocation Failure)
[254.788s][info][gc,heap        ] GC(2689) DefNew: 585232K(629120K)->18088K(629120K) Eden: 559232K(559232K)->0K(559232K) From: 26000K(69888K)->18088K(69888K)
[254.788s][info][gc,heap        ] GC(2689) Tenured: 1236810K(1398144K)->1236810K(1398144K)
[254.788s][info][gc,metaspace   ] GC(2689) Metaspace: 133814K(135552K)->133814K(135552K) NonClass: 116948K(117760K)->116948K(117760K) Class: 16866K(17792K)->16866K(17792K)
[254.788s][info][gc             ] GC(2689) Pause Young (Allocation Failure) 1779M->1225M(1979M) 3.658ms
[254.788s][info][gc,cpu         ] GC(2689) User=0.00s Sys=0.00s Real=0.00s
[254.873s][info][gc,start       ] GC(2690) Pause Young (Allocation Failure)
[254.878s][info][gc,heap        ] GC(2690) DefNew: 577320K(629120K)->21310K(629120K) Eden: 559232K(559232K)->0K(559232K) From: 18088K(69888K)->21310K(69888K)
[254.878s][info][gc,heap        ] GC(2690) Tenured: 1236810K(1398144K)->1236810K(1398144K)
[254.878s][info][gc,metaspace   ] GC(2690) Metaspace: 133814K(135552K)->133814K(135552K) NonClass: 116948K(117760K)->116948K(117760K) Class: 16866K(17792K)->16866K(17792K)
[254.878s][info][gc             ] GC(2690) Pause Young (Allocation Failure) 1771M->1228M(1979M) 4.226ms
[254.878s][info][gc,cpu         ] GC(2690) User=0.02s Sys=0.00s Real=0.02s
[254.964s][info][gc,start       ] GC(2691) Pause Young (Allocation Failure)
[254.968s][info][gc,heap        ] GC(2691) DefNew: 575655K(629120K)->19645K(629120K) Eden: 554344K(559232K)->0K(559232K) From: 21310K(69888K)->19645K(69888K)
[254.968s][info][gc,heap        ] GC(2691) Tenured: 1236810K(1398144K)->1236810K(1398144K)
[254.968s][info][gc,metaspace   ] GC(2691) Metaspace: 133814K(135552K)->133814K(135552K) NonClass: 116948K(117760K)->116948K(117760K) Class: 16866K(17792K)->16866K(17792K)
[254.968s][info][gc             ] GC(2691) Pause Young (Allocation Failure) 1769M->1227M(1979M) 4.050ms
[254.968s][info][gc,cpu         ] GC(2691) User=0.00s Sys=0.00s Real=0.00s
[255.053s][info][gc,start       ] GC(2692) Pause Young (Allocation Failure)
[255.057s][info][gc,heap        ] GC(2692) DefNew: 578877K(629120K)->15533K(629120K) Eden: 559232K(559232K)->0K(559232K) From: 19645K(69888K)->15533K(69888K)
[255.057s][info][gc,heap        ] GC(2692) Tenured: 1236810K(1398144K)->1240926K(1398144K)
[255.057s][info][gc,metaspace   ] GC(2692) Metaspace: 133814K(135552K)->133814K(135552K) NonClass: 116948K(117760K)->116948K(117760K) Class: 16866K(17792K)->16866K(17792K)
[255.057s][info][gc             ] GC(2692) Pause Young (Allocation Failure) 1773M->1227M(1979M) 3.839ms
[255.057s][info][gc,cpu         ] GC(2692) User=0.00s Sys=0.00s Real=0.00s
[255.143s][info][gc,start       ] GC(2693) Pause Young (Allocation Failure)
[255.148s][info][gc,heap        ] GC(2693) DefNew: 574765K(629120K)->17766K(629120K) Eden: 559232K(559232K)->0K(559232K) From: 15533K(69888K)->17766K(69888K)
[255.148s][info][gc,heap        ] GC(2693) Tenured: 1240926K(1398144K)->1245046K(1398144K)
[255.148s][info][gc,metaspace   ] GC(2693) Metaspace: 133814K(135552K)->133814K(135552K) NonClass: 116948K(117760K)->116948K(117760K) Class: 16866K(17792K)->16866K(17792K)
[255.148s][info][gc             ] GC(2693) Pause Young (Allocation Failure) 1773M->1233M(1979M) 4.384ms
[255.148s][info][gc,cpu         ] GC(2693) User=0.00s Sys=0.00s Real=0.00s
[255.234s][info][gc,start       ] GC(2694) Pause Young (Allocation Failure)
[255.238s][info][gc,heap        ] GC(2694) DefNew: 576998K(629120K)->15421K(629120K) Eden: 559232K(559232K)->0K(559232K) From: 17766K(69888K)->15421K(69888K)
[255.238s][info][gc,heap        ] GC(2694) Tenured: 1245046K(1398144K)->1245046K(1398144K)
[255.238s][info][gc,metaspace   ] GC(2694) Metaspace: 133814K(135552K)->133814K(135552K) NonClass: 116948K(117760K)->116948K(117760K) Class: 16866K(17792K)->16866K(17792K)
[255.238s][info][gc             ] GC(2694) Pause Young (Allocation Failure) 1779M->1230M(1979M) 3.547ms
[255.238s][info][gc,cpu         ] GC(2694) User=0.00s Sys=0.00s Real=0.02s
[255.339s][info][gc,start       ] GC(2695) Pause Young (Allocation Failure)
[255.343s][info][gc,heap        ] GC(2695) DefNew: 574653K(629120K)->14186K(629120K) Eden: 559232K(559232K)->0K(559232K) From: 15421K(69888K)->14186K(69888K)
[255.343s][info][gc,heap        ] GC(2695) Tenured: 1245046K(1398144K)->1245046K(1398144K)
[255.343s][info][gc,metaspace   ] GC(2695) Metaspace: 133814K(135552K)->133814K(135552K) NonClass: 116948K(117760K)->116948K(117760K) Class: 16866K(17792K)->16866K(17792K)
[255.343s][info][gc             ] GC(2695) Pause Young (Allocation Failure) 1777M->1229M(1979M) 3.728ms
[255.343s][info][gc,cpu         ] GC(2695) User=0.02s Sys=0.00s Real=0.00s
[255.492s][info][gc,start       ] GC(2696) Pause Full (System.gc())
[255.492s][info][gc,phases,start] GC(2696) Phase 1: Mark live objects
[255.558s][info][gc,phases      ] GC(2696) Phase 1: Mark live objects 66.392ms
[255.558s][info][gc,phases,start] GC(2696) Phase 2: Compute new object addresses
[255.603s][info][gc,phases      ] GC(2696) Phase 2: Compute new object addresses 44.910ms
[255.603s][info][gc,phases,start] GC(2696) Phase 3: Adjust pointers
[255.638s][info][gc,phases      ] GC(2696) Phase 3: Adjust pointers 34.973ms
[255.638s][info][gc,phases,start] GC(2696) Phase 4: Move objects
[255.725s][info][gc,phases      ] GC(2696) Phase 4: Move objects 86.882ms
[255.726s][info][gc,heap        ] GC(2696) DefNew: 259418K(629120K)->0K(629120K) Eden: 245231K(559232K)->0K(559232K) From: 14186K(69888K)->0K(69888K)
[255.726s][info][gc,heap        ] GC(2696) Tenured: 1245046K(1398144K)->971211K(1398144K)
[255.726s][info][gc,metaspace   ] GC(2696) Metaspace: 133853K(135552K)->133853K(135552K) NonClass: 116987K(117760K)->116987K(117760K) Class: 16866K(17792K)->16866K(17792K)
[255.726s][info][gc             ] GC(2696) Pause Full (System.gc()) 1469M->948M(1979M) 234.245ms
[255.726s][info][gc,cpu         ] GC(2696) User=0.27s Sys=0.00s Real=0.23s
[255.848s][info][gc,start       ] GC(2697) Pause Young (Allocation Failure)
[255.852s][info][gc,heap        ] GC(2697) DefNew: 559232K(629120K)->4924K(629120K) Eden: 559232K(559232K)->0K(559232K) From: 0K(69888K)->4924K(69888K)
[255.852s][info][gc,heap        ] GC(2697) Tenured: 971211K(1398144K)->971211K(1398144K)
[255.852s][info][gc,metaspace   ] GC(2697) Metaspace: 133917K(135616K)->133917K(135616K) NonClass: 117051K(117824K)->117051K(117824K) Class: 16866K(17792K)->16866K(17792K)
[255.852s][info][gc             ] GC(2697) Pause Young (Allocation Failure) 1494M->953M(1979M) 4.814ms
[255.852s][info][gc,cpu         ] GC(2697) User=0.00s Sys=0.00s Real=0.00s
[255.908s][info][gc,start       ] GC(2698) Pause Young (Allocation Failure)
[255.912s][info][gc,heap        ] GC(2698) DefNew: 564156K(629120K)->9904K(629120K) Eden: 559232K(559232K)->0K(559232K) From: 4924K(69888K)->9904K(69888K)
[255.912s][info][gc,heap        ] GC(2698) Tenured: 971211K(1398144K)->971211K(1398144K)
[255.912s][info][gc,metaspace   ] GC(2698) Metaspace: 133917K(135616K)->133917K(135616K) NonClass: 117051K(117824K)->117051K(117824K) Class: 16866K(17792K)->16866K(17792K)
[255.912s][info][gc             ] GC(2698) Pause Young (Allocation Failure) 1499M->958M(1979M) 4.310ms
[255.912s][info][gc,cpu         ] GC(2698) User=0.00s Sys=0.00s Real=0.00s
[255.965s][info][gc,start       ] GC(2699) Pause Young (Allocation Failure)
[255.970s][info][gc,heap        ] GC(2699) DefNew: 569136K(629120K)->9018K(629120K) Eden: 559232K(559232K)->0K(559232K) From: 9904K(69888K)->9018K(69888K)
[255.970s][info][gc,heap        ] GC(2699) Tenured: 971211K(1398144K)->971211K(1398144K)
[255.970s][info][gc,metaspace   ] GC(2699) Metaspace: 133917K(135616K)->133917K(135616K) NonClass: 117051K(117824K)->117051K(117824K) Class: 16866K(17792K)->16866K(17792K)
[255.970s][info][gc             ] GC(2699) Pause Young (Allocation Failure) 1504M->957M(1979M) 4.308ms
[255.970s][info][gc,cpu         ] GC(2699) User=0.00s Sys=0.00s Real=0.02s
[256.025s][info][gc,start       ] GC(2700) Pause Young (Allocation Failure)
[256.030s][info][gc,heap        ] GC(2700) DefNew: 568250K(629120K)->10379K(629120K) Eden: 559232K(559232K)->0K(559232K) From: 9018K(69888K)->10379K(69888K)
[256.030s][info][gc,heap        ] GC(2700) Tenured: 971211K(1398144K)->971211K(1398144K)
[256.030s][info][gc,metaspace   ] GC(2700) Metaspace: 133918K(135616K)->133918K(135616K) NonClass: 117052K(117824K)->117052K(117824K) Class: 16866K(17792K)->16866K(17792K)
[256.030s][info][gc             ] GC(2700) Pause Young (Allocation Failure) 1503M->958M(1979M) 4.502ms
[256.030s][info][gc,cpu         ] GC(2700) User=0.02s Sys=0.00s Real=0.00s
[256.086s][info][gc,start       ] GC(2701) Pause Young (Allocation Failure)
[256.092s][info][gc,heap        ] GC(2701) DefNew: 569611K(629120K)->19849K(629120K) Eden: 559232K(559232K)->0K(559232K) From: 10379K(69888K)->19849K(69888K)
[256.092s][info][gc,heap        ] GC(2701) Tenured: 971211K(1398144K)->971211K(1398144K)
[256.092s][info][gc,metaspace   ] GC(2701) Metaspace: 133919K(135616K)->133919K(135616K) NonClass: 117052K(117824K)->117052K(117824K) Class: 16866K(17792K)->16866K(17792K)
[256.092s][info][gc             ] GC(2701) Pause Young (Allocation Failure) 1504M->967M(1979M) 5.601ms
[256.092s][info][gc,cpu         ] GC(2701) User=0.02s Sys=0.00s Real=0.00s
[256.148s][info][gc,start       ] GC(2702) Pause Young (Allocation Failure)
[256.153s][info][gc,heap        ] GC(2702) DefNew: 579081K(629120K)->19068K(629120K) Eden: 559232K(559232K)->0K(559232K) From: 19849K(69888K)->19068K(69888K)
[256.154s][info][gc,heap        ] GC(2702) Tenured: 971211K(1398144K)->971211K(1398144K)
[256.154s][info][gc,metaspace   ] GC(2702) Metaspace: 133919K(135616K)->133919K(135616K) NonClass: 117052K(117824K)->117052K(117824K) Class: 16866K(17792K)->16866K(17792K)
[256.154s][info][gc             ] GC(2702) Pause Young (Allocation Failure) 1513M->967M(1979M) 5.733ms
[256.154s][info][gc,cpu         ] GC(2702) User=0.02s Sys=0.00s Real=0.02s
[256.211s][info][gc,start       ] GC(2703) Pause Young (Allocation Failure)
[256.218s][info][gc,heap        ] GC(2703) DefNew: 578300K(629120K)->28043K(629120K) Eden: 559232K(559232K)->0K(559232K) From: 19068K(69888K)->28043K(69888K)
[256.218s][info][gc,heap        ] GC(2703) Tenured: 971211K(1398144K)->971211K(1398144K)
[256.218s][info][gc,metaspace   ] GC(2703) Metaspace: 133919K(135616K)->133919K(135616K) NonClass: 117052K(117824K)->117052K(117824K) Class: 16866K(17792K)->16866K(17792K)
[256.218s][info][gc             ] GC(2703) Pause Young (Allocation Failure) 1513M->975M(1979M) 6.380ms
[256.218s][info][gc,cpu         ] GC(2703) User=0.02s Sys=0.00s Real=0.00s
[256.274s][info][gc,start       ] GC(2704) Pause Young (Allocation Failure)
[256.280s][info][gc,heap        ] GC(2704) DefNew: 587275K(629120K)->27255K(629120K) Eden: 559232K(559232K)->0K(559232K) From: 28043K(69888K)->27255K(69888K)
[256.280s][info][gc,heap        ] GC(2704) Tenured: 971211K(1398144K)->971211K(1398144K)
[256.280s][info][gc,metaspace   ] GC(2704) Metaspace: 133919K(135616K)->133919K(135616K) NonClass: 117052K(117824K)->117052K(117824K) Class: 16866K(17792K)->16866K(17792K)
[256.280s][info][gc             ] GC(2704) Pause Young (Allocation Failure) 1521M->975M(1979M) 6.101ms
[256.280s][info][gc,cpu         ] GC(2704) User=0.00s Sys=0.00s Real=0.02s
[256.336s][info][gc,start       ] GC(2705) Pause Young (Allocation Failure)
[256.342s][info][gc,heap        ] GC(2705) DefNew: 586487K(629120K)->33318K(629120K) Eden: 559232K(559232K)->0K(559232K) From: 27255K(69888K)->33318K(69888K)
[256.343s][info][gc,heap        ] GC(2705) Tenured: 971211K(1398144K)->971211K(1398144K)
[256.343s][info][gc,metaspace   ] GC(2705) Metaspace: 133919K(135616K)->133919K(135616K) NonClass: 117052K(117824K)->117052K(117824K) Class: 16866K(17792K)->16866K(17792K)
[256.343s][info][gc             ] GC(2705) Pause Young (Allocation Failure) 1521M->980M(1979M) 6.725ms
[256.343s][info][gc,cpu         ] GC(2705) User=0.00s Sys=0.00s Real=0.02s
[256.398s][info][gc,start       ] GC(2706) Pause Young (Allocation Failure)
[256.405s][info][gc,heap        ] GC(2706) DefNew: 592550K(629120K)->35469K(629120K) Eden: 559232K(559232K)->0K(559232K) From: 33318K(69888K)->35469K(69888K)
[256.405s][info][gc,heap        ] GC(2706) Tenured: 971211K(1398144K)->971211K(1398144K)
[256.405s][info][gc,metaspace   ] GC(2706) Metaspace: 133919K(135616K)->133919K(135616K) NonClass: 117052K(117824K)->117052K(117824K) Class: 16866K(17792K)->16866K(17792K)
[256.405s][info][gc             ] GC(2706) Pause Young (Allocation Failure) 1527M->983M(1979M) 7.002ms
[256.405s][info][gc,cpu         ] GC(2706) User=0.00s Sys=0.00s Real=0.02s
[256.460s][info][gc,start       ] GC(2707) Pause Young (Allocation Failure)
[256.468s][info][gc,heap        ] GC(2707) DefNew: 594701K(629120K)->40328K(629120K) Eden: 559232K(559232K)->0K(559232K) From: 35469K(69888K)->40328K(69888K)
[256.468s][info][gc,heap        ] GC(2707) Tenured: 971211K(1398144K)->972792K(1398144K)
[256.468s][info][gc,metaspace   ] GC(2707) Metaspace: 133919K(135616K)->133919K(135616K) NonClass: 117052K(117824K)->117052K(117824K) Class: 16866K(17792K)->16866K(17792K)
[256.468s][info][gc             ] GC(2707) Pause Young (Allocation Failure) 1529M->989M(1979M) 7.837ms
[256.468s][info][gc,cpu         ] GC(2707) User=0.00s Sys=0.00s Real=0.02s
[256.524s][info][gc,start       ] GC(2708) Pause Young (Allocation Failure)
[256.530s][info][gc,heap        ] GC(2708) DefNew: 599560K(629120K)->36996K(629120K) Eden: 559232K(559232K)->0K(559232K) From: 40328K(69888K)->36996K(69888K)
[256.530s][info][gc,heap        ] GC(2708) Tenured: 972792K(1398144K)->980990K(1398144K)
[256.530s][info][gc,metaspace   ] GC(2708) Metaspace: 133919K(135616K)->133919K(135616K) NonClass: 117052K(117824K)->117052K(117824K) Class: 16866K(17792K)->16866K(17792K)
[256.530s][info][gc             ] GC(2708) Pause Young (Allocation Failure) 1535M->994M(1979M) 6.693ms
[256.530s][info][gc,cpu         ] GC(2708) User=0.00s Sys=0.00s Real=0.01s
[256.587s][info][gc,start       ] GC(2709) Pause Young (Allocation Failure)
[256.593s][info][gc,heap        ] GC(2709) DefNew: 596228K(629120K)->35914K(629120K) Eden: 559232K(559232K)->0K(559232K) From: 36996K(69888K)->35914K(69888K)
[256.593s][info][gc,heap        ] GC(2709) Tenured: 980990K(1398144K)->985392K(1398144K)
[256.593s][info][gc,metaspace   ] GC(2709) Metaspace: 133919K(135616K)->133919K(135616K) NonClass: 117052K(117824K)->117052K(117824K) Class: 16866K(17792K)->16866K(17792K)
[256.593s][info][gc             ] GC(2709) Pause Young (Allocation Failure) 1540M->997M(1979M) 6.171ms
[256.593s][info][gc,cpu         ] GC(2709) User=0.00s Sys=0.00s Real=0.02s
[256.648s][info][gc,start       ] GC(2710) Pause Young (Allocation Failure)
[256.654s][info][gc,heap        ] GC(2710) DefNew: 595146K(629120K)->35133K(629120K) Eden: 559232K(559232K)->0K(559232K) From: 35914K(69888K)->35133K(69888K)
[256.654s][info][gc,heap        ] GC(2710) Tenured: 985392K(1398144K)->989491K(1398144K)
[256.654s][info][gc,metaspace   ] GC(2710) Metaspace: 133919K(135616K)->133919K(135616K) NonClass: 117052K(117824K)->117052K(117824K) Class: 16866K(17792K)->16866K(17792K)
[256.654s][info][gc             ] GC(2710) Pause Young (Allocation Failure) 1543M->1000M(1979M) 5.772ms
[256.654s][info][gc,cpu         ] GC(2710) User=0.00s Sys=0.00s Real=0.02s
[256.710s][info][gc,start       ] GC(2711) Pause Young (Allocation Failure)
[256.716s][info][gc,heap        ] GC(2711) DefNew: 594365K(629120K)->38556K(629120K) Eden: 559232K(559232K)->0K(559232K) From: 35133K(69888K)->38556K(69888K)
[256.716s][info][gc,heap        ] GC(2711) Tenured: 989491K(1398144K)->993588K(1398144K)
[256.716s][info][gc,metaspace   ] GC(2711) Metaspace: 133919K(135616K)->133919K(135616K) NonClass: 117052K(117824K)->117052K(117824K) Class: 16866K(17792K)->16866K(17792K)
[256.716s][info][gc             ] GC(2711) Pause Young (Allocation Failure) 1546M->1007M(1979M) 6.122ms
[256.716s][info][gc,cpu         ] GC(2711) User=0.00s Sys=0.00s Real=0.02s
[256.771s][info][gc,start       ] GC(2712) Pause Young (Allocation Failure)
[256.776s][info][gc,heap        ] GC(2712) DefNew: 597788K(629120K)->38246K(629120K) Eden: 559232K(559232K)->0K(559232K) From: 38556K(69888K)->38246K(69888K)
[256.776s][info][gc,heap        ] GC(2712) Tenured: 993588K(1398144K)->997686K(1398144K)
[256.777s][info][gc,metaspace   ] GC(2712) Metaspace: 133919K(135616K)->133919K(135616K) NonClass: 117052K(117824K)->117052K(117824K) Class: 16866K(17792K)->16866K(17792K)
[256.777s][info][gc             ] GC(2712) Pause Young (Allocation Failure) 1554M->1011M(1979M) 5.945ms
[256.777s][info][gc,cpu         ] GC(2712) User=0.00s Sys=0.00s Real=0.02s
[256.843s][info][gc,start       ] GC(2713) Pause Young (Allocation Failure)
[256.849s][info][gc,heap        ] GC(2713) DefNew: 597478K(629120K)->36609K(629120K) Eden: 559232K(559232K)->0K(559232K) From: 38246K(69888K)->36609K(69888K)
[256.849s][info][gc,heap        ] GC(2713) Tenured: 997686K(1398144K)->1001782K(1398144K)
[256.849s][info][gc,metaspace   ] GC(2713) Metaspace: 133919K(135616K)->133919K(135616K) NonClass: 117052K(117824K)->117052K(117824K) Class: 16866K(17792K)->16866K(17792K)
[256.849s][info][gc             ] GC(2713) Pause Young (Allocation Failure) 1557M->1014M(1979M) 6.628ms
[256.849s][info][gc,cpu         ] GC(2713) User=0.03s Sys=0.00s Real=0.02s
[256.937s][info][gc,start       ] GC(2714) Pause Young (Allocation Failure)
[256.944s][info][gc,heap        ] GC(2714) DefNew: 592365K(629120K)->49979K(629120K) Eden: 555756K(559232K)->0K(559232K) From: 36609K(69888K)->49979K(69888K)
[256.944s][info][gc,heap        ] GC(2714) Tenured: 1001782K(1398144K)->1005879K(1398144K)
[256.944s][info][gc,metaspace   ] GC(2714) Metaspace: 133919K(135616K)->133919K(135616K) NonClass: 117052K(117824K)->117052K(117824K) Class: 16866K(17792K)->16866K(17792K)
[256.944s][info][gc             ] GC(2714) Pause Young (Allocation Failure) 1556M->1031M(1979M) 7.457ms
[256.944s][info][gc,cpu         ] GC(2714) User=0.00s Sys=0.00s Real=0.02s
[257.033s][info][gc,start       ] GC(2715) Pause Young (Allocation Failure)
[257.041s][info][gc,heap        ] GC(2715) DefNew: 609211K(629120K)->39698K(629120K) Eden: 559232K(559232K)->0K(559232K) From: 49979K(69888K)->39698K(69888K)
[257.041s][info][gc,heap        ] GC(2715) Tenured: 1005879K(1398144K)->1026367K(1398144K)
[257.041s][info][gc,metaspace   ] GC(2715) Metaspace: 133919K(135616K)->133919K(135616K) NonClass: 117052K(117824K)->117052K(117824K) Class: 16866K(17792K)->16866K(17792K)
[257.041s][info][gc             ] GC(2715) Pause Young (Allocation Failure) 1577M->1041M(1979M) 8.081ms
[257.041s][info][gc,cpu         ] GC(2715) User=0.00s Sys=0.00s Real=0.02s
[257.130s][info][gc,start       ] GC(2716) Pause Young (Allocation Failure)
[257.137s][info][gc,heap        ] GC(2716) DefNew: 598930K(629120K)->43525K(629120K) Eden: 559232K(559232K)->0K(559232K) From: 39698K(69888K)->43525K(69888K)
[257.137s][info][gc,heap        ] GC(2716) Tenured: 1026367K(1398144K)->1035013K(1398144K)
[257.137s][info][gc,metaspace   ] GC(2716) Metaspace: 133919K(135616K)->133919K(135616K) NonClass: 117052K(117824K)->117052K(117824K) Class: 16866K(17792K)->16866K(17792K)
[257.137s][info][gc             ] GC(2716) Pause Young (Allocation Failure) 1587M->1053M(1979M) 7.074ms
[257.137s][info][gc,cpu         ] GC(2716) User=0.00s Sys=0.00s Real=0.00s
[257.227s][info][gc,start       ] GC(2717) Pause Young (Allocation Failure)
[257.234s][info][gc,heap        ] GC(2717) DefNew: 602757K(629120K)->37274K(629120K) Eden: 559232K(559232K)->0K(559232K) From: 43525K(69888K)->37274K(69888K)
[257.234s][info][gc,heap        ] GC(2717) Tenured: 1035013K(1398144K)->1059620K(1398144K)
[257.234s][info][gc,metaspace   ] GC(2717) Metaspace: 133919K(135616K)->133919K(135616K) NonClass: 117052K(117824K)->117052K(117824K) Class: 16866K(17792K)->16866K(17792K)
[257.234s][info][gc             ] GC(2717) Pause Young (Allocation Failure) 1599M->1071M(1979M) 7.723ms
[257.234s][info][gc,cpu         ] GC(2717) User=0.00s Sys=0.00s Real=0.00s
[257.324s][info][gc,start       ] GC(2718) Pause Young (Allocation Failure)
[257.330s][info][gc,heap        ] GC(2718) DefNew: 596506K(629120K)->31024K(629120K) Eden: 559232K(559232K)->0K(559232K) From: 37274K(69888K)->31024K(69888K)
[257.330s][info][gc,heap        ] GC(2718) Tenured: 1059620K(1398144K)->1076008K(1398144K)
[257.330s][info][gc,metaspace   ] GC(2718) Metaspace: 133919K(135616K)->133919K(135616K) NonClass: 117052K(117824K)->117052K(117824K) Class: 16866K(17792K)->16866K(17792K)
[257.330s][info][gc             ] GC(2718) Pause Young (Allocation Failure) 1617M->1081M(1979M) 6.360ms
[257.330s][info][gc,cpu         ] GC(2718) User=0.00s Sys=0.00s Real=0.00s
[257.421s][info][gc,start       ] GC(2719) Pause Young (Allocation Failure)
[257.427s][info][gc,heap        ] GC(2719) DefNew: 590256K(629120K)->41939K(629120K) Eden: 559232K(559232K)->0K(559232K) From: 31024K(69888K)->41939K(69888K)
[257.427s][info][gc,heap        ] GC(2719) Tenured: 1076008K(1398144K)->1076008K(1398144K)
[257.427s][info][gc,metaspace   ] GC(2719) Metaspace: 133919K(135616K)->133919K(135616K) NonClass: 117052K(117824K)->117052K(117824K) Class: 16866K(17792K)->16866K(17792K)
[257.427s][info][gc             ] GC(2719) Pause Young (Allocation Failure) 1627M->1091M(1979M) 5.712ms
[257.427s][info][gc,cpu         ] GC(2719) User=0.00s Sys=0.00s Real=0.00s
[257.517s][info][gc,start       ] GC(2720) Pause Young (Allocation Failure)
[257.524s][info][gc,heap        ] GC(2720) DefNew: 601171K(629120K)->44244K(629120K) Eden: 559232K(559232K)->0K(559232K) From: 41939K(69888K)->44244K(69888K)
[257.524s][info][gc,heap        ] GC(2720) Tenured: 1076008K(1398144K)->1084203K(1398144K)
[257.524s][info][gc,metaspace   ] GC(2720) Metaspace: 133919K(135616K)->133919K(135616K) NonClass: 117052K(117824K)->117052K(117824K) Class: 16866K(17792K)->16866K(17792K)
[257.524s][info][gc             ] GC(2720) Pause Young (Allocation Failure) 1637M->1102M(1979M) 7.426ms
[257.524s][info][gc,cpu         ] GC(2720) User=0.00s Sys=0.00s Real=0.01s
[257.608s][info][gc,start       ] GC(2721) Pause Young (Allocation Failure)
[257.614s][info][gc,heap        ] GC(2721) DefNew: 603476K(629120K)->34495K(629120K) Eden: 559232K(559232K)->0K(559232K) From: 44244K(69888K)->34495K(69888K)
[257.614s][info][gc,heap        ] GC(2721) Tenured: 1084203K(1398144K)->1100591K(1398144K)
[257.614s][info][gc,metaspace   ] GC(2721) Metaspace: 133919K(135616K)->133919K(135616K) NonClass: 117052K(117824K)->117052K(117824K) Class: 16866K(17792K)->16866K(17792K)
[257.614s][info][gc             ] GC(2721) Pause Young (Allocation Failure) 1648M->1108M(1979M) 6.580ms
[257.614s][info][gc,cpu         ] GC(2721) User=0.00s Sys=0.00s Real=0.00s
[257.701s][info][gc,start       ] GC(2722) Pause Young (Allocation Failure)
[257.707s][info][gc,heap        ] GC(2722) DefNew: 593727K(629120K)->47376K(629120K) Eden: 559232K(559232K)->0K(559232K) From: 34495K(69888K)->47376K(69888K)
[257.707s][info][gc,heap        ] GC(2722) Tenured: 1100591K(1398144K)->1100591K(1398144K)
[257.707s][info][gc,metaspace   ] GC(2722) Metaspace: 133919K(135616K)->133919K(135616K) NonClass: 117052K(117824K)->117052K(117824K) Class: 16866K(17792K)->16866K(17792K)
[257.707s][info][gc             ] GC(2722) Pause Young (Allocation Failure) 1654M->1121M(1979M) 6.413ms
[257.707s][info][gc,cpu         ] GC(2722) User=0.00s Sys=0.00s Real=0.00s
[257.794s][info][gc,start       ] GC(2723) Pause Young (Allocation Failure)
[257.801s][info][gc,heap        ] GC(2723) DefNew: 606608K(629120K)->37681K(629120K) Eden: 559232K(559232K)->0K(559232K) From: 47376K(69888K)->37681K(69888K)
[257.801s][info][gc,heap        ] GC(2723) Tenured: 1100591K(1398144K)->1116983K(1398144K)
[257.801s][info][gc,metaspace   ] GC(2723) Metaspace: 133919K(135616K)->133919K(135616K) NonClass: 117052K(117824K)->117052K(117824K) Class: 16866K(17792K)->16866K(17792K)
[257.802s][info][gc             ] GC(2723) Pause Young (Allocation Failure) 1667M->1127M(1979M) 7.214ms
[257.802s][info][gc,cpu         ] GC(2723) User=0.00s Sys=0.00s Real=0.00s
[257.890s][info][gc,start       ] GC(2724) Pause Young (Allocation Failure)
[257.896s][info][gc,heap        ] GC(2724) DefNew: 596913K(629120K)->39993K(629120K) Eden: 559232K(559232K)->0K(559232K) From: 37681K(69888K)->39993K(69888K)
[257.896s][info][gc,heap        ] GC(2724) Tenured: 1116983K(1398144K)->1125223K(1398144K)
[257.896s][info][gc,metaspace   ] GC(2724) Metaspace: 133919K(135616K)->133919K(135616K) NonClass: 117052K(117824K)->117052K(117824K) Class: 16866K(17792K)->16866K(17792K)
[257.896s][info][gc             ] GC(2724) Pause Young (Allocation Failure) 1673M->1137M(1979M) 6.695ms
[257.896s][info][gc,cpu         ] GC(2724) User=0.00s Sys=0.00s Real=0.00s
[257.984s][info][gc,start       ] GC(2725) Pause Young (Allocation Failure)
[257.990s][info][gc,heap        ] GC(2725) DefNew: 599225K(629120K)->32773K(629120K) Eden: 559232K(559232K)->0K(559232K) From: 39993K(69888K)->32773K(69888K)
[257.990s][info][gc,heap        ] GC(2725) Tenured: 1125223K(1398144K)->1133419K(1398144K)
[257.991s][info][gc,metaspace   ] GC(2725) Metaspace: 133919K(135616K)->133919K(135616K) NonClass: 117052K(117824K)->117052K(117824K) Class: 16866K(17792K)->16866K(17792K)
[257.991s][info][gc             ] GC(2725) Pause Young (Allocation Failure) 1684M->1138M(1979M) 6.078ms
[257.991s][info][gc,cpu         ] GC(2725) User=0.00s Sys=0.00s Real=0.00s
[258.078s][info][gc,start       ] GC(2726) Pause Young (Allocation Failure)
[258.084s][info][gc,heap        ] GC(2726) DefNew: 592005K(629120K)->41739K(629120K) Eden: 559232K(559232K)->0K(559232K) From: 32773K(69888K)->41739K(69888K)
[258.084s][info][gc,heap        ] GC(2726) Tenured: 1133419K(1398144K)->1133419K(1398144K)
[258.084s][info][gc,metaspace   ] GC(2726) Metaspace: 133919K(135616K)->133919K(135616K) NonClass: 117052K(117824K)->117052K(117824K) Class: 16866K(17792K)->16866K(17792K)
[258.084s][info][gc             ] GC(2726) Pause Young (Allocation Failure) 1684M->1147M(1979M) 5.741ms
[258.084s][info][gc,cpu         ] GC(2726) User=0.00s Sys=0.00s Real=0.00s
[258.173s][info][gc,start       ] GC(2727) Pause Young (Allocation Failure)
[258.180s][info][gc,heap        ] GC(2727) DefNew: 600971K(629120K)->35029K(629120K) Eden: 559232K(559232K)->0K(559232K) From: 41739K(69888K)->35029K(69888K)
[258.180s][info][gc,heap        ] GC(2727) Tenured: 1133419K(1398144K)->1145711K(1398144K)
[258.180s][info][gc,metaspace   ] GC(2727) Metaspace: 133919K(135616K)->133919K(135616K) NonClass: 117052K(117824K)->117052K(117824K) Class: 16866K(17792K)->16866K(17792K)
[258.180s][info][gc             ] GC(2727) Pause Young (Allocation Failure) 1693M->1153M(1979M) 7.294ms
[258.180s][info][gc,cpu         ] GC(2727) User=0.00s Sys=0.00s Real=0.00s
[258.270s][info][gc,start       ] GC(2728) Pause Young (Allocation Failure)
[258.276s][info][gc,heap        ] GC(2728) DefNew: 594261K(629120K)->30378K(629120K) Eden: 559232K(559232K)->0K(559232K) From: 35029K(69888K)->30378K(69888K)
[258.276s][info][gc,heap        ] GC(2728) Tenured: 1145711K(1398144K)->1153905K(1398144K)
[258.276s][info][gc,metaspace   ] GC(2728) Metaspace: 133919K(135616K)->133919K(135616K) NonClass: 117052K(117824K)->117052K(117824K) Class: 16866K(17792K)->16866K(17792K)
[258.276s][info][gc             ] GC(2728) Pause Young (Allocation Failure) 1699M->1156M(1979M) 5.702ms
[258.276s][info][gc,cpu         ] GC(2728) User=0.00s Sys=0.00s Real=0.00s
[258.359s][info][gc,start       ] GC(2729) Pause Young (Allocation Failure)
[258.364s][info][gc,heap        ] GC(2729) DefNew: 589610K(629120K)->31939K(629120K) Eden: 559232K(559232K)->0K(559232K) From: 30378K(69888K)->31939K(69888K)
[258.364s][info][gc,heap        ] GC(2729) Tenured: 1153905K(1398144K)->1153905K(1398144K)
[258.364s][info][gc,metaspace   ] GC(2729) Metaspace: 133919K(135616K)->133919K(135616K) NonClass: 117052K(117824K)->117052K(117824K) Class: 16866K(17792K)->16866K(17792K)
[258.364s][info][gc             ] GC(2729) Pause Young (Allocation Failure) 1702M->1158M(1979M) 4.777ms
[258.364s][info][gc,cpu         ] GC(2729) User=0.00s Sys=0.00s Real=0.00s
[258.447s][info][gc,start       ] GC(2730) Pause Young (Allocation Failure)
[258.451s][info][gc,heap        ] GC(2730) DefNew: 591171K(629120K)->28736K(629120K) Eden: 559232K(559232K)->0K(559232K) From: 31939K(69888K)->28736K(69888K)
[258.451s][info][gc,heap        ] GC(2730) Tenured: 1153905K(1398144K)->1153905K(1398144K)
[258.451s][info][gc,metaspace   ] GC(2730) Metaspace: 133919K(135616K)->133919K(135616K) NonClass: 117052K(117824K)->117052K(117824K) Class: 16866K(17792K)->16866K(17792K)
[258.451s][info][gc             ] GC(2730) Pause Young (Allocation Failure) 1704M->1154M(1979M) 4.714ms
[258.451s][info][gc,cpu         ] GC(2730) User=0.00s Sys=0.00s Real=0.00s
[258.533s][info][gc,start       ] GC(2731) Pause Young (Allocation Failure)
[258.538s][info][gc,heap        ] GC(2731) DefNew: 587968K(629120K)->30379K(629120K) Eden: 559232K(559232K)->0K(559232K) From: 28736K(69888K)->30379K(69888K)
[258.538s][info][gc,heap        ] GC(2731) Tenured: 1153905K(1398144K)->1153905K(1398144K)
[258.539s][info][gc,metaspace   ] GC(2731) Metaspace: 133919K(135616K)->133919K(135616K) NonClass: 117052K(117824K)->117052K(117824K) Class: 16866K(17792K)->16866K(17792K)
[258.539s][info][gc             ] GC(2731) Pause Young (Allocation Failure) 1701M->1156M(1979M) 5.178ms
[258.539s][info][gc,cpu         ] GC(2731) User=0.00s Sys=0.00s Real=0.00s
[258.626s][info][gc,start       ] GC(2732) Pause Young (Allocation Failure)
[258.631s][info][gc,heap        ] GC(2732) DefNew: 589611K(629120K)->37679K(629120K) Eden: 559232K(559232K)->0K(559232K) From: 30379K(69888K)->37679K(69888K)
[258.631s][info][gc,heap        ] GC(2732) Tenured: 1153905K(1398144K)->1153905K(1398144K)
[258.631s][info][gc,metaspace   ] GC(2732) Metaspace: 133919K(135616K)->133919K(135616K) NonClass: 117052K(117824K)->117052K(117824K) Class: 16866K(17792K)->16866K(17792K)
[258.631s][info][gc             ] GC(2732) Pause Young (Allocation Failure) 1702M->1163M(1979M) 5.349ms
[258.631s][info][gc,cpu         ] GC(2732) User=0.00s Sys=0.00s Real=0.00s
[258.717s][info][gc,start       ] GC(2733) Pause Young (Allocation Failure)
[258.723s][info][gc,heap        ] GC(2733) DefNew: 596911K(629120K)->35347K(629120K) Eden: 559232K(559232K)->0K(559232K) From: 37679K(69888K)->35347K(69888K)
[258.723s][info][gc,heap        ] GC(2733) Tenured: 1153905K(1398144K)->1158002K(1398144K)
[258.723s][info][gc,metaspace   ] GC(2733) Metaspace: 133919K(135616K)->133919K(135616K) NonClass: 117052K(117824K)->117052K(117824K) Class: 16866K(17792K)->16866K(17792K)
[258.723s][info][gc             ] GC(2733) Pause Young (Allocation Failure) 1709M->1165M(1979M) 5.823ms
[258.723s][info][gc,cpu         ] GC(2733) User=0.00s Sys=0.00s Real=0.02s
[258.811s][info][gc,start       ] GC(2734) Pause Young (Allocation Failure)
[258.816s][info][gc,heap        ] GC(2734) DefNew: 594579K(629120K)->24225K(629120K) Eden: 559232K(559232K)->0K(559232K) From: 35347K(69888K)->24225K(69888K)
[258.816s][info][gc,heap        ] GC(2734) Tenured: 1158002K(1398144K)->1166195K(1398144K)
[258.816s][info][gc,metaspace   ] GC(2734) Metaspace: 133919K(135616K)->133919K(135616K) NonClass: 117052K(117824K)->117052K(117824K) Class: 16866K(17792K)->16866K(17792K)
[258.816s][info][gc             ] GC(2734) Pause Young (Allocation Failure) 1711M->1162M(1979M) 5.326ms
[258.816s][info][gc,cpu         ] GC(2734) User=0.00s Sys=0.00s Real=0.02s
[258.904s][info][gc,start       ] GC(2735) Pause Young (Allocation Failure)
[258.909s][info][gc,heap        ] GC(2735) DefNew: 583457K(629120K)->30089K(629120K) Eden: 559232K(559232K)->0K(559232K) From: 24225K(69888K)->30089K(69888K)
[258.909s][info][gc,heap        ] GC(2735) Tenured: 1166195K(1398144K)->1166195K(1398144K)
[258.909s][info][gc,metaspace   ] GC(2735) Metaspace: 133919K(135616K)->133919K(135616K) NonClass: 117052K(117824K)->117052K(117824K) Class: 16866K(17792K)->16866K(17792K)
[258.909s][info][gc             ] GC(2735) Pause Young (Allocation Failure) 1708M->1168M(1979M) 5.191ms
[258.909s][info][gc,cpu         ] GC(2735) User=0.00s Sys=0.00s Real=0.01s
[258.997s][info][gc,start       ] GC(2736) Pause Young (Allocation Failure)
[259.001s][info][gc,heap        ] GC(2736) DefNew: 587986K(629120K)->26299K(629120K) Eden: 557897K(559232K)->0K(559232K) From: 30089K(69888K)->26299K(69888K)
[259.001s][info][gc,heap        ] GC(2736) Tenured: 1166195K(1398144K)->1166195K(1398144K)
[259.001s][info][gc,metaspace   ] GC(2736) Metaspace: 133919K(135616K)->133919K(135616K) NonClass: 117052K(117824K)->117052K(117824K) Class: 16866K(17792K)->16866K(17792K)
[259.002s][info][gc             ] GC(2736) Pause Young (Allocation Failure) 1713M->1164M(1979M) 4.696ms
[259.002s][info][gc,cpu         ] GC(2736) User=0.00s Sys=0.00s Real=0.00s
[259.088s][info][gc,start       ] GC(2737) Pause Young (Allocation Failure)
[259.092s][info][gc,heap        ] GC(2737) DefNew: 585531K(629120K)->25402K(629120K) Eden: 559232K(559232K)->0K(559232K) From: 26299K(69888K)->25402K(69888K)
[259.092s][info][gc,heap        ] GC(2737) Tenured: 1166195K(1398144K)->1166195K(1398144K)
[259.092s][info][gc,metaspace   ] GC(2737) Metaspace: 133919K(135616K)->133919K(135616K) NonClass: 117052K(117824K)->117052K(117824K) Class: 16866K(17792K)->16866K(17792K)
[259.092s][info][gc             ] GC(2737) Pause Young (Allocation Failure) 1710M->1163M(1979M) 4.462ms
[259.092s][info][gc,cpu         ] GC(2737) User=0.00s Sys=0.00s Real=0.00s
[259.181s][info][gc,start       ] GC(2738) Pause Young (Allocation Failure)
[259.185s][info][gc,heap        ] GC(2738) DefNew: 584634K(629120K)->23749K(629120K) Eden: 559232K(559232K)->0K(559232K) From: 25402K(69888K)->23749K(69888K)
[259.185s][info][gc,heap        ] GC(2738) Tenured: 1166195K(1398144K)->1166195K(1398144K)
[259.185s][info][gc,metaspace   ] GC(2738) Metaspace: 133919K(135616K)->133919K(135616K) NonClass: 117052K(117824K)->117052K(117824K) Class: 16866K(17792K)->16866K(17792K)
[259.185s][info][gc             ] GC(2738) Pause Young (Allocation Failure) 1709M->1162M(1979M) 4.202ms
[259.185s][info][gc,cpu         ] GC(2738) User=0.00s Sys=0.00s Real=0.00s
[259.273s][info][gc,start       ] GC(2739) Pause Young (Allocation Failure)
[259.277s][info][gc,heap        ] GC(2739) DefNew: 582981K(629120K)->22194K(629120K) Eden: 559232K(559232K)->0K(559232K) From: 23749K(69888K)->22194K(69888K)
[259.277s][info][gc,heap        ] GC(2739) Tenured: 1166195K(1398144K)->1166195K(1398144K)
[259.277s][info][gc,metaspace   ] GC(2739) Metaspace: 133919K(135616K)->133919K(135616K) NonClass: 117052K(117824K)->117052K(117824K) Class: 16866K(17792K)->16866K(17792K)
[259.277s][info][gc             ] GC(2739) Pause Young (Allocation Failure) 1708M->1160M(1979M) 4.380ms
[259.277s][info][gc,cpu         ] GC(2739) User=0.00s Sys=0.00s Real=0.00s
[259.365s][info][gc,start       ] GC(2740) Pause Young (Allocation Failure)
[259.369s][info][gc,heap        ] GC(2740) DefNew: 581426K(629120K)->30095K(629120K) Eden: 559232K(559232K)->0K(559232K) From: 22194K(69888K)->30095K(69888K)
[259.370s][info][gc,heap        ] GC(2740) Tenured: 1166195K(1398144K)->1166195K(1398144K)
[259.370s][info][gc,metaspace   ] GC(2740) Metaspace: 133919K(135616K)->133919K(135616K) NonClass: 117052K(117824K)->117052K(117824K) Class: 16866K(17792K)->16866K(17792K)
[259.370s][info][gc             ] GC(2740) Pause Young (Allocation Failure) 1706M->1168M(1979M) 4.828ms
[259.370s][info][gc,cpu         ] GC(2740) User=0.00s Sys=0.00s Real=0.00s
[259.456s][info][gc,start       ] GC(2741) Pause Young (Allocation Failure)
[259.461s][info][gc,heap        ] GC(2741) DefNew: 589327K(629120K)->27360K(629120K) Eden: 559232K(559232K)->0K(559232K) From: 30095K(69888K)->27360K(69888K)
[259.461s][info][gc,heap        ] GC(2741) Tenured: 1166195K(1398144K)->1166195K(1398144K)
[259.461s][info][gc,metaspace   ] GC(2741) Metaspace: 133919K(135616K)->133919K(135616K) NonClass: 117052K(117824K)->117052K(117824K) Class: 16866K(17792K)->16866K(17792K)
[259.461s][info][gc             ] GC(2741) Pause Young (Allocation Failure) 1714M->1165M(1979M) 4.937ms
[259.461s][info][gc,cpu         ] GC(2741) User=0.00s Sys=0.00s Real=0.02s
[259.548s][info][gc,start       ] GC(2742) Pause Young (Allocation Failure)
[259.552s][info][gc,heap        ] GC(2742) DefNew: 586592K(629120K)->20534K(629120K) Eden: 559232K(559232K)->0K(559232K) From: 27360K(69888K)->20534K(69888K)
[259.553s][info][gc,heap        ] GC(2742) Tenured: 1166195K(1398144K)->1170293K(1398144K)
[259.553s][info][gc,metaspace   ] GC(2742) Metaspace: 133919K(135616K)->133919K(135616K) NonClass: 117052K(117824K)->117052K(117824K) Class: 16866K(17792K)->16866K(17792K)
[259.553s][info][gc             ] GC(2742) Pause Young (Allocation Failure) 1711M->1162M(1979M) 4.141ms
[259.553s][info][gc,cpu         ] GC(2742) User=0.00s Sys=0.00s Real=0.01s
[259.639s][info][gc,start       ] GC(2743) Pause Young (Allocation Failure)
[259.643s][info][gc,heap        ] GC(2743) DefNew: 579766K(629120K)->17703K(629120K) Eden: 559232K(559232K)->0K(559232K) From: 20534K(69888K)->17703K(69888K)
[259.643s][info][gc,heap        ] GC(2743) Tenured: 1170293K(1398144K)->1178529K(1398144K)
[259.643s][info][gc,metaspace   ] GC(2743) Metaspace: 133919K(135616K)->133919K(135616K) NonClass: 117052K(117824K)->117052K(117824K) Class: 16866K(17792K)->16866K(17792K)
[259.643s][info][gc             ] GC(2743) Pause Young (Allocation Failure) 1709M->1168M(1979M) 4.554ms
[259.644s][info][gc,cpu         ] GC(2743) User=0.00s Sys=0.00s Real=0.00s
[259.730s][info][gc,start       ] GC(2744) Pause Young (Allocation Failure)
[259.733s][info][gc,heap        ] GC(2744) DefNew: 576935K(629120K)->9853K(629120K) Eden: 559232K(559232K)->0K(559232K) From: 17703K(69888K)->9853K(69888K)
[259.733s][info][gc,heap        ] GC(2744) Tenured: 1178529K(1398144K)->1178529K(1398144K)
[259.733s][info][gc,metaspace   ] GC(2744) Metaspace: 133919K(135616K)->133919K(135616K) NonClass: 117052K(117824K)->117052K(117824K) Class: 16866K(17792K)->16866K(17792K)
[259.733s][info][gc             ] GC(2744) Pause Young (Allocation Failure) 1714M->1160M(1979M) 3.111ms
[259.733s][info][gc,cpu         ] GC(2744) User=0.00s Sys=0.00s Real=0.00s
[259.820s][info][gc,start       ] GC(2745) Pause Young (Allocation Failure)
[259.823s][info][gc,heap        ] GC(2745) DefNew: 569085K(629120K)->13068K(629120K) Eden: 559232K(559232K)->0K(559232K) From: 9853K(69888K)->13068K(69888K)
[259.823s][info][gc,heap        ] GC(2745) Tenured: 1178529K(1398144K)->1178529K(1398144K)
[259.823s][info][gc,metaspace   ] GC(2745) Metaspace: 133919K(135616K)->133919K(135616K) NonClass: 117052K(117824K)->117052K(117824K) Class: 16866K(17792K)->16866K(17792K)
[259.823s][info][gc             ] GC(2745) Pause Young (Allocation Failure) 1706M->1163M(1979M) 3.245ms
[259.823s][info][gc,cpu         ] GC(2745) User=0.00s Sys=0.00s Real=0.00s
[259.954s][info][gc,start       ] GC(2746) Pause Young (Allocation Failure)
[259.957s][info][gc,heap        ] GC(2746) DefNew: 572300K(629120K)->14186K(629120K) Eden: 559232K(559232K)->0K(559232K) From: 13068K(69888K)->14186K(69888K)
[259.957s][info][gc,heap        ] GC(2746) Tenured: 1178529K(1398144K)->1178529K(1398144K)
[259.957s][info][gc,metaspace   ] GC(2746) Metaspace: 133919K(135616K)->133919K(135616K) NonClass: 117052K(117824K)->117052K(117824K) Class: 16866K(17792K)->16866K(17792K)
[259.957s][info][gc             ] GC(2746) Pause Young (Allocation Failure) 1709M->1164M(1979M) 3.386ms
[259.957s][info][gc,cpu         ] GC(2746) User=0.00s Sys=0.00s Real=0.00s
[260.105s][info][gc,start       ] GC(2747) Pause Full (System.gc())
[260.105s][info][gc,phases,start] GC(2747) Phase 1: Mark live objects
[260.167s][info][gc,phases      ] GC(2747) Phase 1: Mark live objects 62.005ms
[260.167s][info][gc,phases,start] GC(2747) Phase 2: Compute new object addresses
[260.212s][info][gc,phases      ] GC(2747) Phase 2: Compute new object addresses 44.921ms
[260.212s][info][gc,phases,start] GC(2747) Phase 3: Adjust pointers
[260.246s][info][gc,phases      ] GC(2747) Phase 3: Adjust pointers 34.031ms
[260.246s][info][gc,phases,start] GC(2747) Phase 4: Move objects
[260.246s][info][gc,phases      ] GC(2747) Phase 4: Move objects 0.040ms
[260.247s][info][gc,heap        ] GC(2747) DefNew: 262748K(629120K)->0K(629120K) Eden: 248562K(559232K)->0K(559232K) From: 14186K(69888K)->0K(69888K)
[260.247s][info][gc,heap        ] GC(2747) Tenured: 1178529K(1398144K)->1035179K(1398144K)
[260.247s][info][gc,metaspace   ] GC(2747) Metaspace: 133927K(135616K)->133927K(135616K) NonClass: 117061K(117824K)->117061K(117824K) Class: 16866K(17792K)->16866K(17792K)
[260.247s][info][gc             ] GC(2747) Pause Full (System.gc()) 1407M->1010M(1979M) 141.806ms
[260.247s][info][gc,cpu         ] GC(2747) User=0.14s Sys=0.00s Real=0.14s
[260.361s][info][gc,start       ] GC(2748) Pause Young (Allocation Failure)
[260.365s][info][gc,heap        ] GC(2748) DefNew: 559232K(629120K)->4926K(629120K) Eden: 559232K(559232K)->0K(559232K) From: 0K(69888K)->4926K(69888K)
[260.365s][info][gc,heap        ] GC(2748) Tenured: 1035179K(1398144K)->1035179K(1398144K)
[260.365s][info][gc,metaspace   ] GC(2748) Metaspace: 133929K(135616K)->133929K(135616K) NonClass: 117062K(117824K)->117062K(117824K) Class: 16866K(17792K)->16866K(17792K)
[260.366s][info][gc             ] GC(2748) Pause Young (Allocation Failure) 1557M->1015M(1979M) 4.798ms
[260.366s][info][gc,cpu         ] GC(2748) User=0.00s Sys=0.00s Real=0.00s
[260.420s][info][gc,start       ] GC(2749) Pause Young (Allocation Failure)
[260.424s][info][gc,heap        ] GC(2749) DefNew: 564158K(629120K)->9906K(629120K) Eden: 559232K(559232K)->0K(559232K) From: 4926K(69888K)->9906K(69888K)
[260.424s][info][gc,heap        ] GC(2749) Tenured: 1035179K(1398144K)->1035179K(1398144K)
[260.424s][info][gc,metaspace   ] GC(2749) Metaspace: 133929K(135616K)->133929K(135616K) NonClass: 117062K(117824K)->117062K(117824K) Class: 16866K(17792K)->16866K(17792K)
[260.424s][info][gc             ] GC(2749) Pause Young (Allocation Failure) 1561M->1020M(1979M) 4.236ms
[260.424s][info][gc,cpu         ] GC(2749) User=0.00s Sys=0.00s Real=0.00s
[260.478s][info][gc,start       ] GC(2750) Pause Young (Allocation Failure)
[260.483s][info][gc,heap        ] GC(2750) DefNew: 569138K(629120K)->9020K(629120K) Eden: 559232K(559232K)->0K(559232K) From: 9906K(69888K)->9020K(69888K)
[260.483s][info][gc,heap        ] GC(2750) Tenured: 1035179K(1398144K)->1035179K(1398144K)
[260.483s][info][gc,metaspace   ] GC(2750) Metaspace: 133929K(135616K)->133929K(135616K) NonClass: 117062K(117824K)->117062K(117824K) Class: 16866K(17792K)->16866K(17792K)
[260.483s][info][gc             ] GC(2750) Pause Young (Allocation Failure) 1566M->1019M(1979M) 4.366ms
[260.483s][info][gc,cpu         ] GC(2750) User=0.00s Sys=0.00s Real=0.02s
[260.538s][info][gc,start       ] GC(2751) Pause Young (Allocation Failure)
[260.542s][info][gc,heap        ] GC(2751) DefNew: 568252K(629120K)->10194K(629120K) Eden: 559232K(559232K)->0K(559232K) From: 9020K(69888K)->10194K(69888K)
[260.542s][info][gc,heap        ] GC(2751) Tenured: 1035179K(1398144K)->1035179K(1398144K)
[260.542s][info][gc,metaspace   ] GC(2751) Metaspace: 133929K(135616K)->133929K(135616K) NonClass: 117062K(117824K)->117062K(117824K) Class: 16866K(17792K)->16866K(17792K)
[260.542s][info][gc             ] GC(2751) Pause Young (Allocation Failure) 1565M->1020M(1979M) 4.488ms
[260.542s][info][gc,cpu         ] GC(2751) User=0.02s Sys=0.00s Real=0.00s
[260.599s][info][gc,start       ] GC(2752) Pause Young (Allocation Failure)
[260.604s][info][gc,heap        ] GC(2752) DefNew: 569426K(629120K)->13795K(629120K) Eden: 559232K(559232K)->0K(559232K) From: 10194K(69888K)->13795K(69888K)
[260.604s][info][gc,heap        ] GC(2752) Tenured: 1035179K(1398144K)->1035179K(1398144K)
[260.604s][info][gc,metaspace   ] GC(2752) Metaspace: 133929K(135616K)->133929K(135616K) NonClass: 117062K(117824K)->117062K(117824K) Class: 16866K(17792K)->16866K(17792K)
[260.604s][info][gc             ] GC(2752) Pause Young (Allocation Failure) 1566M->1024M(1979M) 5.013ms
[260.604s][info][gc,cpu         ] GC(2752) User=0.02s Sys=0.00s Real=0.00s
[260.660s][info][gc,start       ] GC(2753) Pause Young (Allocation Failure)
[260.665s][info][gc,heap        ] GC(2753) DefNew: 573027K(629120K)->17913K(629120K) Eden: 559232K(559232K)->0K(559232K) From: 13795K(69888K)->17913K(69888K)
[260.665s][info][gc,heap        ] GC(2753) Tenured: 1035179K(1398144K)->1035179K(1398144K)
[260.665s][info][gc,metaspace   ] GC(2753) Metaspace: 133929K(135616K)->133929K(135616K) NonClass: 117062K(117824K)->117062K(117824K) Class: 16866K(17792K)->16866K(17792K)
[260.665s][info][gc             ] GC(2753) Pause Young (Allocation Failure) 1570M->1028M(1979M) 5.323ms
[260.665s][info][gc,cpu         ] GC(2753) User=0.00s Sys=0.00s Real=0.00s
[260.721s][info][gc,start       ] GC(2754) Pause Young (Allocation Failure)
[260.727s][info][gc,heap        ] GC(2754) DefNew: 577145K(629120K)->22399K(629120K) Eden: 559232K(559232K)->0K(559232K) From: 17913K(69888K)->22399K(69888K)
[260.727s][info][gc,heap        ] GC(2754) Tenured: 1035179K(1398144K)->1035179K(1398144K)
[260.727s][info][gc,metaspace   ] GC(2754) Metaspace: 133929K(135616K)->133929K(135616K) NonClass: 117062K(117824K)->117062K(117824K) Class: 16866K(17792K)->16866K(17792K)
[260.727s][info][gc             ] GC(2754) Pause Young (Allocation Failure) 1574M->1032M(1979M) 5.669ms
[260.727s][info][gc,cpu         ] GC(2754) User=0.02s Sys=0.00s Real=0.00s
[260.782s][info][gc,start       ] GC(2755) Pause Young (Allocation Failure)
[260.788s][info][gc,heap        ] GC(2755) DefNew: 581631K(629120K)->26095K(629120K) Eden: 559232K(559232K)->0K(559232K) From: 22399K(69888K)->26095K(69888K)
[260.788s][info][gc,heap        ] GC(2755) Tenured: 1035179K(1398144K)->1035179K(1398144K)
[260.788s][info][gc,metaspace   ] GC(2755) Metaspace: 133929K(135616K)->133929K(135616K) NonClass: 117062K(117824K)->117062K(117824K) Class: 16866K(17792K)->16866K(17792K)
[260.788s][info][gc             ] GC(2755) Pause Young (Allocation Failure) 1578M->1036M(1979M) 6.054ms
[260.788s][info][gc,cpu         ] GC(2755) User=0.02s Sys=0.00s Real=0.02s
[260.844s][info][gc,start       ] GC(2756) Pause Young (Allocation Failure)
[260.850s][info][gc,heap        ] GC(2756) DefNew: 585327K(629120K)->30583K(629120K) Eden: 559232K(559232K)->0K(559232K) From: 26095K(69888K)->30583K(69888K)
[260.850s][info][gc,heap        ] GC(2756) Tenured: 1035179K(1398144K)->1035179K(1398144K)
[260.850s][info][gc,metaspace   ] GC(2756) Metaspace: 133929K(135616K)->133929K(135616K) NonClass: 117062K(117824K)->117062K(117824K) Class: 16866K(17792K)->16866K(17792K)
[260.850s][info][gc             ] GC(2756) Pause Young (Allocation Failure) 1582M->1040M(1979M) 6.577ms
[260.850s][info][gc,cpu         ] GC(2756) User=0.02s Sys=0.00s Real=0.02s
[260.905s][info][gc,start       ] GC(2757) Pause Young (Allocation Failure)
[260.912s][info][gc,heap        ] GC(2757) DefNew: 587457K(629120K)->34667K(629120K) Eden: 556873K(559232K)->0K(559232K) From: 30583K(69888K)->34667K(69888K)
[260.912s][info][gc,heap        ] GC(2757) Tenured: 1035179K(1398144K)->1035179K(1398144K)
[260.912s][info][gc,metaspace   ] GC(2757) Metaspace: 133929K(135616K)->133929K(135616K) NonClass: 117062K(117824K)->117062K(117824K) Class: 16866K(17792K)->16866K(17792K)
[260.912s][info][gc             ] GC(2757) Pause Young (Allocation Failure) 1584M->1044M(1979M) 6.914ms
[260.912s][info][gc,cpu         ] GC(2757) User=0.00s Sys=0.00s Real=0.02s
[260.968s][info][gc,start       ] GC(2758) Pause Young (Allocation Failure)
[260.975s][info][gc,heap        ] GC(2758) DefNew: 593899K(629120K)->40335K(629120K) Eden: 559232K(559232K)->0K(559232K) From: 34667K(69888K)->40335K(69888K)
[260.975s][info][gc,heap        ] GC(2758) Tenured: 1035179K(1398144K)->1035179K(1398144K)
[260.975s][info][gc,metaspace   ] GC(2758) Metaspace: 133929K(135616K)->133929K(135616K) NonClass: 117062K(117824K)->117062K(117824K) Class: 16866K(17792K)->16866K(17792K)
[260.975s][info][gc             ] GC(2758) Pause Young (Allocation Failure) 1590M->1050M(1979M) 7.382ms
[260.975s][info][gc,cpu         ] GC(2758) User=0.00s Sys=0.00s Real=0.01s
[261.032s][info][gc,start       ] GC(2759) Pause Young (Allocation Failure)
[261.040s][info][gc,heap        ] GC(2759) DefNew: 599567K(629120K)->43447K(629120K) Eden: 559232K(559232K)->0K(559232K) From: 40335K(69888K)->43447K(69888K)
[261.040s][info][gc,heap        ] GC(2759) Tenured: 1035179K(1398144K)->1040850K(1398144K)
[261.040s][info][gc,metaspace   ] GC(2759) Metaspace: 133929K(135616K)->133929K(135616K) NonClass: 117062K(117824K)->117062K(117824K) Class: 16866K(17792K)->16866K(17792K)
[261.040s][info][gc             ] GC(2759) Pause Young (Allocation Failure) 1596M->1058M(1979M) 8.207ms
[261.040s][info][gc,cpu         ] GC(2759) User=0.00s Sys=0.00s Real=0.02s
[261.096s][info][gc,start       ] GC(2760) Pause Young (Allocation Failure)
[261.103s][info][gc,heap        ] GC(2760) DefNew: 602679K(629120K)->39805K(629120K) Eden: 559232K(559232K)->0K(559232K) From: 43447K(69888K)->39805K(69888K)
[261.103s][info][gc,heap        ] GC(2760) Tenured: 1040850K(1398144K)->1049368K(1398144K)
[261.103s][info][gc,metaspace   ] GC(2760) Metaspace: 133929K(135616K)->133929K(135616K) NonClass: 117062K(117824K)->117062K(117824K) Class: 16866K(17792K)->16866K(17792K)
[261.103s][info][gc             ] GC(2760) Pause Young (Allocation Failure) 1605M->1063M(1979M) 6.859ms
[261.103s][info][gc,cpu         ] GC(2760) User=0.02s Sys=0.00s Real=0.01s
[261.159s][info][gc,start       ] GC(2761) Pause Young (Allocation Failure)
[261.165s][info][gc,heap        ] GC(2761) DefNew: 599037K(629120K)->32592K(629120K) Eden: 559232K(559232K)->0K(559232K) From: 39805K(69888K)->32592K(69888K)
[261.165s][info][gc,heap        ] GC(2761) Tenured: 1049368K(1398144K)->1057564K(1398144K)
[261.165s][info][gc,metaspace   ] GC(2761) Metaspace: 133929K(135616K)->133929K(135616K) NonClass: 117062K(117824K)->117062K(117824K) Class: 16866K(17792K)->16866K(17792K)
[261.165s][info][gc             ] GC(2761) Pause Young (Allocation Failure) 1609M->1064M(1979M) 6.132ms
[261.165s][info][gc,cpu         ] GC(2761) User=0.02s Sys=0.00s Real=0.02s
[261.222s][info][gc,start       ] GC(2762) Pause Young (Allocation Failure)
[261.228s][info][gc,heap        ] GC(2762) DefNew: 591824K(629120K)->35915K(629120K) Eden: 559232K(559232K)->0K(559232K) From: 32592K(69888K)->35915K(69888K)
[261.228s][info][gc,heap        ] GC(2762) Tenured: 1057564K(1398144K)->1057564K(1398144K)
[261.228s][info][gc,metaspace   ] GC(2762) Metaspace: 133929K(135616K)->133929K(135616K) NonClass: 117062K(117824K)->117062K(117824K) Class: 16866K(17792K)->16866K(17792K)
[261.228s][info][gc             ] GC(2762) Pause Young (Allocation Failure) 1610M->1067M(1979M) 5.599ms
[261.228s][info][gc,cpu         ] GC(2762) User=0.02s Sys=0.00s Real=0.02s
[261.283s][info][gc,start       ] GC(2763) Pause Young (Allocation Failure)
[261.288s][info][gc,heap        ] GC(2763) DefNew: 595147K(629120K)->33560K(629120K) Eden: 559232K(559232K)->0K(559232K) From: 35915K(69888K)->33560K(69888K)
[261.288s][info][gc,heap        ] GC(2763) Tenured: 1057564K(1398144K)->1061662K(1398144K)
[261.288s][info][gc,metaspace   ] GC(2763) Metaspace: 133929K(135616K)->133929K(135616K) NonClass: 117062K(117824K)->117062K(117824K) Class: 16866K(17792K)->16866K(17792K)
[261.288s][info][gc             ] GC(2763) Pause Young (Allocation Failure) 1613M->1069M(1979M) 5.575ms
[261.289s][info][gc,cpu         ] GC(2763) User=0.00s Sys=0.00s Real=0.02s
[261.352s][info][gc,start       ] GC(2764) Pause Young (Allocation Failure)
[261.359s][info][gc,heap        ] GC(2764) DefNew: 592792K(629120K)->41488K(629120K) Eden: 559232K(559232K)->0K(559232K) From: 33560K(69888K)->41488K(69888K)
[261.359s][info][gc,heap        ] GC(2764) Tenured: 1061662K(1398144K)->1061662K(1398144K)
[261.359s][info][gc,metaspace   ] GC(2764) Metaspace: 133929K(135616K)->133929K(135616K) NonClass: 117062K(117824K)->117062K(117824K) Class: 16866K(17792K)->16866K(17792K)
[261.359s][info][gc             ] GC(2764) Pause Young (Allocation Failure) 1615M->1077M(1979M) 6.519ms
[261.359s][info][gc,cpu         ] GC(2764) User=0.00s Sys=0.00s Real=0.02s
[261.447s][info][gc,start       ] GC(2765) Pause Young (Allocation Failure)
[261.454s][info][gc,heap        ] GC(2765) DefNew: 600448K(629120K)->44942K(629120K) Eden: 558960K(559232K)->0K(559232K) From: 41488K(69888K)->44942K(69888K)
[261.454s][info][gc,heap        ] GC(2765) Tenured: 1061662K(1398144K)->1069856K(1398144K)
[261.454s][info][gc,metaspace   ] GC(2765) Metaspace: 133929K(135616K)->133929K(135616K) NonClass: 117062K(117824K)->117062K(117824K) Class: 16866K(17792K)->16866K(17792K)
[261.454s][info][gc             ] GC(2765) Pause Young (Allocation Failure) 1623M->1088M(1979M) 7.409ms
[261.454s][info][gc,cpu         ] GC(2765) User=0.00s Sys=0.00s Real=0.02s
[261.543s][info][gc,start       ] GC(2766) Pause Young (Allocation Failure)
[261.553s][info][gc,heap        ] GC(2766) DefNew: 604174K(629120K)->46310K(629120K) Eden: 559232K(559232K)->0K(559232K) From: 44942K(69888K)->46310K(69888K)
[261.553s][info][gc,heap        ] GC(2766) Tenured: 1069856K(1398144K)->1082149K(1398144K)
[261.553s][info][gc,metaspace   ] GC(2766) Metaspace: 133929K(135616K)->133929K(135616K) NonClass: 117062K(117824K)->117062K(117824K) Class: 16866K(17792K)->16866K(17792K)
[261.553s][info][gc             ] GC(2766) Pause Young (Allocation Failure) 1634M->1102M(1979M) 9.193ms
[261.553s][info][gc,cpu         ] GC(2766) User=0.00s Sys=0.00s Real=0.02s
[261.640s][info][gc,start       ] GC(2767) Pause Young (Allocation Failure)
[261.648s][info][gc,heap        ] GC(2767) DefNew: 605542K(629120K)->42672K(629120K) Eden: 559232K(559232K)->0K(559232K) From: 46310K(69888K)->42672K(69888K)
[261.648s][info][gc,heap        ] GC(2767) Tenured: 1082149K(1398144K)->1098986K(1398144K)
[261.648s][info][gc,metaspace   ] GC(2767) Metaspace: 133929K(135616K)->133929K(135616K) NonClass: 117062K(117824K)->117062K(117824K) Class: 16866K(17792K)->16866K(17792K)
[261.648s][info][gc             ] GC(2767) Pause Young (Allocation Failure) 1648M->1114M(1979M) 7.563ms
[261.648s][info][gc,cpu         ] GC(2767) User=0.00s Sys=0.00s Real=0.00s
[261.736s][info][gc,start       ] GC(2768) Pause Young (Allocation Failure)
[261.743s][info][gc,heap        ] GC(2768) DefNew: 601904K(629120K)->46440K(629120K) Eden: 559232K(559232K)->0K(559232K) From: 42672K(69888K)->46440K(69888K)
[261.743s][info][gc,heap        ] GC(2768) Tenured: 1098986K(1398144K)->1111296K(1398144K)
[261.743s][info][gc,metaspace   ] GC(2768) Metaspace: 133929K(135616K)->133929K(135616K) NonClass: 117062K(117824K)->117062K(117824K) Class: 16866K(17792K)->16866K(17792K)
[261.743s][info][gc             ] GC(2768) Pause Young (Allocation Failure) 1661M->1130M(1979M) 7.573ms
[261.743s][info][gc,cpu         ] GC(2768) User=0.00s Sys=0.00s Real=0.00s
[261.832s][info][gc,start       ] GC(2769) Pause Young (Allocation Failure)
[261.839s][info][gc,heap        ] GC(2769) DefNew: 605672K(629120K)->45846K(629120K) Eden: 559232K(559232K)->0K(559232K) From: 46440K(69888K)->45846K(69888K)
[261.839s][info][gc,heap        ] GC(2769) Tenured: 1111296K(1398144K)->1123589K(1398144K)
[261.839s][info][gc,metaspace   ] GC(2769) Metaspace: 133929K(135616K)->133929K(135616K) NonClass: 117062K(117824K)->117062K(117824K) Class: 16866K(17792K)->16866K(17792K)
[261.839s][info][gc             ] GC(2769) Pause Young (Allocation Failure) 1676M->1142M(1979M) 7.494ms
[261.839s][info][gc,cpu         ] GC(2769) User=0.00s Sys=0.00s Real=0.00s
[261.928s][info][gc,start       ] GC(2770) Pause Young (Allocation Failure)
[261.935s][info][gc,heap        ] GC(2770) DefNew: 605078K(629120K)->48160K(629120K) Eden: 559232K(559232K)->0K(559232K) From: 45846K(69888K)->48160K(69888K)
[261.935s][info][gc,heap        ] GC(2770) Tenured: 1123589K(1398144K)->1135899K(1398144K)
[261.935s][info][gc,metaspace   ] GC(2770) Metaspace: 133929K(135616K)->133929K(135616K) NonClass: 117062K(117824K)->117062K(117824K) Class: 16866K(17792K)->16866K(17792K)
[261.935s][info][gc             ] GC(2770) Pause Young (Allocation Failure) 1688M->1156M(1979M) 7.426ms
[261.935s][info][gc,cpu         ] GC(2770) User=0.00s Sys=0.00s Real=0.00s
[262.025s][info][gc,start       ] GC(2771) Pause Young (Allocation Failure)
[262.033s][info][gc,heap        ] GC(2771) DefNew: 607392K(629120K)->27866K(629120K) Eden: 559232K(559232K)->0K(559232K) From: 48160K(69888K)->27866K(69888K)
[262.033s][info][gc,heap        ] GC(2771) Tenured: 1135899K(1398144K)->1164560K(1398144K)
[262.033s][info][gc,metaspace   ] GC(2771) Metaspace: 133929K(135616K)->133929K(135616K) NonClass: 117062K(117824K)->117062K(117824K) Class: 16866K(17792K)->16866K(17792K)
[262.033s][info][gc             ] GC(2771) Pause Young (Allocation Failure) 1702M->1164M(1979M) 7.685ms
[262.033s][info][gc,cpu         ] GC(2771) User=0.00s Sys=0.00s Real=0.02s
[262.115s][info][gc,start       ] GC(2772) Pause Young (Allocation Failure)
[262.121s][info][gc,heap        ] GC(2772) DefNew: 587098K(629120K)->39112K(629120K) Eden: 559232K(559232K)->0K(559232K) From: 27866K(69888K)->39112K(69888K)
[262.121s][info][gc,heap        ] GC(2772) Tenured: 1164560K(1398144K)->1164560K(1398144K)
[262.121s][info][gc,metaspace   ] GC(2772) Metaspace: 133929K(135616K)->133929K(135616K) NonClass: 117062K(117824K)->117062K(117824K) Class: 16866K(17792K)->16866K(17792K)
[262.121s][info][gc             ] GC(2772) Pause Young (Allocation Failure) 1710M->1175M(1979M) 5.706ms
[262.121s][info][gc,cpu         ] GC(2772) User=0.00s Sys=0.00s Real=0.00s
[262.210s][info][gc,start       ] GC(2773) Pause Young (Allocation Failure)
[262.216s][info][gc,heap        ] GC(2773) DefNew: 598344K(629120K)->32420K(629120K) Eden: 559232K(559232K)->0K(559232K) From: 39112K(69888K)->32420K(69888K)
[262.216s][info][gc,heap        ] GC(2773) Tenured: 1164560K(1398144K)->1176853K(1398144K)
[262.216s][info][gc,metaspace   ] GC(2773) Metaspace: 133929K(135616K)->133929K(135616K) NonClass: 117062K(117824K)->117062K(117824K) Class: 16866K(17792K)->16866K(17792K)
[262.216s][info][gc             ] GC(2773) Pause Young (Allocation Failure) 1721M->1180M(1979M) 6.369ms
[262.216s][info][gc,cpu         ] GC(2773) User=0.00s Sys=0.00s Real=0.00s
[262.304s][info][gc,start       ] GC(2774) Pause Young (Allocation Failure)
[262.310s][info][gc,heap        ] GC(2774) DefNew: 591652K(629120K)->41804K(629120K) Eden: 559232K(559232K)->0K(559232K) From: 32420K(69888K)->41804K(69888K)
[262.310s][info][gc,heap        ] GC(2774) Tenured: 1176853K(1398144K)->1176853K(1398144K)
[262.310s][info][gc,metaspace   ] GC(2774) Metaspace: 133929K(135616K)->133929K(135616K) NonClass: 117062K(117824K)->117062K(117824K) Class: 16866K(17792K)->16866K(17792K)
[262.310s][info][gc             ] GC(2774) Pause Young (Allocation Failure) 1727M->1190M(1979M) 5.990ms
[262.310s][info][gc,cpu         ] GC(2774) User=0.00s Sys=0.00s Real=0.00s
[262.398s][info][gc,start       ] GC(2775) Pause Young (Allocation Failure)
[262.404s][info][gc,heap        ] GC(2775) DefNew: 601036K(629120K)->35037K(629120K) Eden: 559232K(559232K)->0K(559232K) From: 41804K(69888K)->35037K(69888K)
[262.404s][info][gc,heap        ] GC(2775) Tenured: 1176853K(1398144K)->1189192K(1398144K)
[262.404s][info][gc,metaspace   ] GC(2775) Metaspace: 133929K(135616K)->133929K(135616K) NonClass: 117062K(117824K)->117062K(117824K) Class: 16866K(17792K)->16866K(17792K)
[262.404s][info][gc             ] GC(2775) Pause Young (Allocation Failure) 1736M->1195M(1979M) 6.342ms
[262.404s][info][gc,cpu         ] GC(2775) User=0.00s Sys=0.00s Real=0.00s
[262.491s][info][gc,start       ] GC(2776) Pause Young (Allocation Failure)
[262.497s][info][gc,heap        ] GC(2776) DefNew: 594269K(629120K)->37629K(629120K) Eden: 559232K(559232K)->0K(559232K) From: 35037K(69888K)->37629K(69888K)
[262.497s][info][gc,heap        ] GC(2776) Tenured: 1189192K(1398144K)->1193309K(1398144K)
[262.497s][info][gc,metaspace   ] GC(2776) Metaspace: 133929K(135616K)->133929K(135616K) NonClass: 117062K(117824K)->117062K(117824K) Class: 16866K(17792K)->16866K(17792K)
[262.497s][info][gc             ] GC(2776) Pause Young (Allocation Failure) 1741M->1202M(1979M) 6.000ms
[262.497s][info][gc,cpu         ] GC(2776) User=0.00s Sys=0.00s Real=0.00s
[262.587s][info][gc,start       ] GC(2777) Pause Young (Allocation Failure)
[262.593s][info][gc,heap        ] GC(2777) DefNew: 596861K(629120K)->39416K(629120K) Eden: 559232K(559232K)->0K(559232K) From: 37629K(69888K)->39416K(69888K)
[262.593s][info][gc,heap        ] GC(2777) Tenured: 1193309K(1398144K)->1201485K(1398144K)
[262.593s][info][gc,metaspace   ] GC(2777) Metaspace: 133929K(135616K)->133929K(135616K) NonClass: 117062K(117824K)->117062K(117824K) Class: 16866K(17792K)->16866K(17792K)
[262.593s][info][gc             ] GC(2777) Pause Young (Allocation Failure) 1748M->1211M(1979M) 6.680ms
[262.593s][info][gc,cpu         ] GC(2777) User=0.00s Sys=0.00s Real=0.00s
[262.680s][info][gc,start       ] GC(2778) Pause Young (Allocation Failure)
[262.686s][info][gc,heap        ] GC(2778) DefNew: 598648K(629120K)->32782K(629120K) Eden: 559232K(559232K)->0K(559232K) From: 39416K(69888K)->32782K(69888K)
[262.686s][info][gc,heap        ] GC(2778) Tenured: 1201485K(1398144K)->1209680K(1398144K)
[262.686s][info][gc,metaspace   ] GC(2778) Metaspace: 133929K(135616K)->133929K(135616K) NonClass: 117062K(117824K)->117062K(117824K) Class: 16866K(17792K)->16866K(17792K)
[262.686s][info][gc             ] GC(2778) Pause Young (Allocation Failure) 1757M->1213M(1979M) 5.606ms
[262.686s][info][gc,cpu         ] GC(2778) User=0.00s Sys=0.00s Real=0.00s
[262.775s][info][gc,start       ] GC(2779) Pause Young (Allocation Failure)
[262.781s][info][gc,heap        ] GC(2779) DefNew: 592014K(629120K)->40133K(629120K) Eden: 559232K(559232K)->0K(559232K) From: 32782K(69888K)->40133K(69888K)
[262.781s][info][gc,heap        ] GC(2779) Tenured: 1209680K(1398144K)->1209680K(1398144K)
[262.781s][info][gc,metaspace   ] GC(2779) Metaspace: 133929K(135616K)->133929K(135616K) NonClass: 117062K(117824K)->117062K(117824K) Class: 16866K(17792K)->16866K(17792K)
[262.781s][info][gc             ] GC(2779) Pause Young (Allocation Failure) 1759M->1220M(1979M) 6.061ms
[262.781s][info][gc,cpu         ] GC(2779) User=0.00s Sys=0.00s Real=0.00s
[262.865s][info][gc,start       ] GC(2780) Pause Young (Allocation Failure)
[262.870s][info][gc,heap        ] GC(2780) DefNew: 599365K(629120K)->24640K(629120K) Eden: 559232K(559232K)->0K(559232K) From: 40133K(69888K)->24640K(69888K)
[262.870s][info][gc,heap        ] GC(2780) Tenured: 1209680K(1398144K)->1221971K(1398144K)
[262.870s][info][gc,metaspace   ] GC(2780) Metaspace: 133929K(135616K)->133929K(135616K) NonClass: 117062K(117824K)->117062K(117824K) Class: 16866K(17792K)->16866K(17792K)
[262.870s][info][gc             ] GC(2780) Pause Young (Allocation Failure) 1766M->1217M(1979M) 5.143ms
[262.870s][info][gc,cpu         ] GC(2780) User=0.00s Sys=0.00s Real=0.00s
[262.952s][info][gc,start       ] GC(2781) Pause Young (Allocation Failure)
[262.957s][info][gc,heap        ] GC(2781) DefNew: 583872K(629120K)->26287K(629120K) Eden: 559232K(559232K)->0K(559232K) From: 24640K(69888K)->26287K(69888K)
[262.957s][info][gc,heap        ] GC(2781) Tenured: 1221971K(1398144K)->1221971K(1398144K)
[262.957s][info][gc,metaspace   ] GC(2781) Metaspace: 133929K(135616K)->133929K(135616K) NonClass: 117062K(117824K)->117062K(117824K) Class: 16866K(17792K)->16866K(17792K)
[262.957s][info][gc             ] GC(2781) Pause Young (Allocation Failure) 1763M->1219M(1979M) 4.633ms
[262.957s][info][gc,cpu         ] GC(2781) User=0.00s Sys=0.00s Real=0.00s
[263.040s][info][gc,start       ] GC(2782) Pause Young (Allocation Failure)
[263.044s][info][gc,heap        ] GC(2782) DefNew: 585519K(629120K)->27852K(629120K) Eden: 559232K(559232K)->0K(559232K) From: 26287K(69888K)->27852K(69888K)
[263.044s][info][gc,heap        ] GC(2782) Tenured: 1221971K(1398144K)->1221971K(1398144K)
[263.044s][info][gc,metaspace   ] GC(2782) Metaspace: 133929K(135616K)->133929K(135616K) NonClass: 117062K(117824K)->117062K(117824K) Class: 16866K(17792K)->16866K(17792K)
[263.044s][info][gc             ] GC(2782) Pause Young (Allocation Failure) 1765M->1220M(1979M) 4.492ms
[263.044s][info][gc,cpu         ] GC(2782) User=0.00s Sys=0.00s Real=0.00s
[263.132s][info][gc,start       ] GC(2783) Pause Young (Allocation Failure)
[263.136s][info][gc,heap        ] GC(2783) DefNew: 587084K(629120K)->28737K(629120K) Eden: 559232K(559232K)->0K(559232K) From: 27852K(69888K)->28737K(69888K)
[263.136s][info][gc,heap        ] GC(2783) Tenured: 1221971K(1398144K)->1221971K(1398144K)
[263.136s][info][gc,metaspace   ] GC(2783) Metaspace: 133929K(135616K)->133929K(135616K) NonClass: 117062K(117824K)->117062K(117824K) Class: 16866K(17792K)->16866K(17792K)
[263.136s][info][gc             ] GC(2783) Pause Young (Allocation Failure) 1766M->1221M(1979M) 4.407ms
[263.136s][info][gc,cpu         ] GC(2783) User=0.00s Sys=0.00s Real=0.00s
[263.225s][info][gc,start       ] GC(2784) Pause Young (Allocation Failure)
[263.230s][info][gc,heap        ] GC(2784) DefNew: 587969K(629120K)->33593K(629120K) Eden: 559232K(559232K)->0K(559232K) From: 28737K(69888K)->33593K(69888K)
[263.230s][info][gc,heap        ] GC(2784) Tenured: 1221971K(1398144K)->1221971K(1398144K)
[263.230s][info][gc,metaspace   ] GC(2784) Metaspace: 133929K(135616K)->133929K(135616K) NonClass: 117062K(117824K)->117062K(117824K) Class: 16866K(17792K)->16866K(17792K)
[263.230s][info][gc             ] GC(2784) Pause Young (Allocation Failure) 1767M->1226M(1979M) 5.243ms
[263.230s][info][gc,cpu         ] GC(2784) User=0.00s Sys=0.00s Real=0.01s
[263.319s][info][gc,start       ] GC(2785) Pause Young (Allocation Failure)
[263.325s][info][gc,heap        ] GC(2785) DefNew: 592825K(629120K)->41404K(629120K) Eden: 559232K(559232K)->0K(559232K) From: 33593K(69888K)->41404K(69888K)
[263.325s][info][gc,heap        ] GC(2785) Tenured: 1221971K(1398144K)->1221971K(1398144K)
[263.325s][info][gc,metaspace   ] GC(2785) Metaspace: 133929K(135616K)->133929K(135616K) NonClass: 117062K(117824K)->117062K(117824K) Class: 16866K(17792K)->16866K(17792K)
[263.325s][info][gc             ] GC(2785) Pause Young (Allocation Failure) 1772M->1233M(1979M) 5.625ms
[263.325s][info][gc,cpu         ] GC(2785) User=0.00s Sys=0.00s Real=0.00s
[263.412s][info][gc,start       ] GC(2786) Pause Young (Allocation Failure)
[263.417s][info][gc,heap        ] GC(2786) DefNew: 600636K(629120K)->21895K(629120K) Eden: 559232K(559232K)->0K(559232K) From: 41404K(69888K)->21895K(69888K)
[263.417s][info][gc,heap        ] GC(2786) Tenured: 1221971K(1398144K)->1230165K(1398144K)
[263.417s][info][gc,metaspace   ] GC(2786) Metaspace: 133929K(135616K)->133929K(135616K) NonClass: 117062K(117824K)->117062K(117824K) Class: 16866K(17792K)->16866K(17792K)
[263.417s][info][gc             ] GC(2786) Pause Young (Allocation Failure) 1779M->1222M(1979M) 5.159ms
[263.417s][info][gc,cpu         ] GC(2786) User=0.00s Sys=0.00s Real=0.02s
[263.506s][info][gc,start       ] GC(2787) Pause Young (Allocation Failure)
[263.510s][info][gc,heap        ] GC(2787) DefNew: 581127K(629120K)->26978K(629120K) Eden: 559232K(559232K)->0K(559232K) From: 21895K(69888K)->26978K(69888K)
[263.510s][info][gc,heap        ] GC(2787) Tenured: 1230165K(1398144K)->1230165K(1398144K)
[263.510s][info][gc,metaspace   ] GC(2787) Metaspace: 133929K(135616K)->133929K(135616K) NonClass: 117062K(117824K)->117062K(117824K) Class: 16866K(17792K)->16866K(17792K)
[263.510s][info][gc             ] GC(2787) Pause Young (Allocation Failure) 1768M->1227M(1979M) 4.572ms
[263.511s][info][gc,cpu         ] GC(2787) User=0.00s Sys=0.00s Real=0.02s
[263.598s][info][gc,start       ] GC(2788) Pause Young (Allocation Failure)
[263.603s][info][gc,heap        ] GC(2788) DefNew: 586210K(629120K)->26884K(629120K) Eden: 559232K(559232K)->0K(559232K) From: 26978K(69888K)->26884K(69888K)
[263.603s][info][gc,heap        ] GC(2788) Tenured: 1230165K(1398144K)->1230165K(1398144K)
[263.603s][info][gc,metaspace   ] GC(2788) Metaspace: 133929K(135616K)->133929K(135616K) NonClass: 117062K(117824K)->117062K(117824K) Class: 16866K(17792K)->16866K(17792K)
[263.603s][info][gc             ] GC(2788) Pause Young (Allocation Failure) 1773M->1227M(1979M) 4.768ms
[263.603s][info][gc,cpu         ] GC(2788) User=0.00s Sys=0.00s Real=0.02s
[263.690s][info][gc,start       ] GC(2789) Pause Young (Allocation Failure)
[263.694s][info][gc,heap        ] GC(2789) DefNew: 586116K(629120K)->23851K(629120K) Eden: 559232K(559232K)->0K(559232K) From: 26884K(69888K)->23851K(69888K)
[263.694s][info][gc,heap        ] GC(2789) Tenured: 1230165K(1398144K)->1230165K(1398144K)
[263.694s][info][gc,metaspace   ] GC(2789) Metaspace: 133929K(135616K)->133929K(135616K) NonClass: 117062K(117824K)->117062K(117824K) Class: 16866K(17792K)->16866K(17792K)
[263.694s][info][gc             ] GC(2789) Pause Young (Allocation Failure) 1773M->1224M(1979M) 4.431ms
[263.694s][info][gc,cpu         ] GC(2789) User=0.00s Sys=0.00s Real=0.00s
[263.782s][info][gc,start       ] GC(2790) Pause Young (Allocation Failure)
[263.787s][info][gc,heap        ] GC(2790) DefNew: 583083K(629120K)->30095K(629120K) Eden: 559232K(559232K)->0K(559232K) From: 23851K(69888K)->30095K(69888K)
[263.787s][info][gc,heap        ] GC(2790) Tenured: 1230165K(1398144K)->1230165K(1398144K)
[263.787s][info][gc,metaspace   ] GC(2790) Metaspace: 133929K(135616K)->133929K(135616K) NonClass: 117062K(117824K)->117062K(117824K) Class: 16866K(17792K)->16866K(17792K)
[263.787s][info][gc             ] GC(2790) Pause Young (Allocation Failure) 1770M->1230M(1979M) 4.996ms
[263.787s][info][gc,cpu         ] GC(2790) User=0.00s Sys=0.00s Real=0.00s
[263.874s][info][gc,start       ] GC(2791) Pause Young (Allocation Failure)
[263.878s][info][gc,heap        ] GC(2791) DefNew: 589327K(629120K)->21409K(629120K) Eden: 559232K(559232K)->0K(559232K) From: 30095K(69888K)->21409K(69888K)
[263.878s][info][gc,heap        ] GC(2791) Tenured: 1230165K(1398144K)->1230165K(1398144K)
[263.878s][info][gc,metaspace   ] GC(2791) Metaspace: 133929K(135616K)->133929K(135616K) NonClass: 117062K(117824K)->117062K(117824K) Class: 16866K(17792K)->16866K(17792K)
[263.878s][info][gc             ] GC(2791) Pause Young (Allocation Failure) 1776M->1222M(1979M) 4.325ms
[263.878s][info][gc,cpu         ] GC(2791) User=0.00s Sys=0.00s Real=0.00s
[263.965s][info][gc,start       ] GC(2792) Pause Young (Allocation Failure)
[263.970s][info][gc,heap        ] GC(2792) DefNew: 580641K(629120K)->26980K(629120K) Eden: 559232K(559232K)->0K(559232K) From: 21409K(69888K)->26980K(69888K)
[263.970s][info][gc,heap        ] GC(2792) Tenured: 1230165K(1398144K)->1230165K(1398144K)
[263.970s][info][gc,metaspace   ] GC(2792) Metaspace: 133929K(135616K)->133929K(135616K) NonClass: 117062K(117824K)->117062K(117824K) Class: 16866K(17792K)->16866K(17792K)
[263.970s][info][gc             ] GC(2792) Pause Young (Allocation Failure) 1768M->1227M(1979M) 4.707ms
[263.970s][info][gc,cpu         ] GC(2792) User=0.00s Sys=0.00s Real=0.00s
[264.058s][info][gc,start       ] GC(2793) Pause Young (Allocation Failure)
[264.062s][info][gc,heap        ] GC(2793) DefNew: 586212K(629120K)->22771K(629120K) Eden: 559232K(559232K)->0K(559232K) From: 26980K(69888K)->22771K(69888K)
[264.062s][info][gc,heap        ] GC(2793) Tenured: 1230165K(1398144K)->1234262K(1398144K)
[264.062s][info][gc,metaspace   ] GC(2793) Metaspace: 133929K(135616K)->133929K(135616K) NonClass: 117062K(117824K)->117062K(117824K) Class: 16866K(17792K)->16866K(17792K)
[264.062s][info][gc             ] GC(2793) Pause Young (Allocation Failure) 1773M->1227M(1979M) 4.405ms
[264.062s][info][gc,cpu         ] GC(2793) User=0.00s Sys=0.00s Real=0.00s
[264.149s][info][gc,start       ] GC(2794) Pause Young (Allocation Failure)
[264.153s][info][gc,heap        ] GC(2794) DefNew: 582003K(629120K)->10322K(629120K) Eden: 559232K(559232K)->0K(559232K) From: 22771K(69888K)->10322K(69888K)
[264.153s][info][gc,heap        ] GC(2794) Tenured: 1234262K(1398144K)->1242498K(1398144K)
[264.153s][info][gc,metaspace   ] GC(2794) Metaspace: 133929K(135616K)->133929K(135616K) NonClass: 117062K(117824K)->117062K(117824K) Class: 16866K(17792K)->16866K(17792K)
[264.153s][info][gc             ] GC(2794) Pause Young (Allocation Failure) 1773M->1223M(1979M) 4.051ms
[264.153s][info][gc,cpu         ] GC(2794) User=0.02s Sys=0.00s Real=0.02s
[264.241s][info][gc,start       ] GC(2795) Pause Young (Allocation Failure)
[264.244s][info][gc,heap        ] GC(2795) DefNew: 569554K(629120K)->17750K(629120K) Eden: 559232K(559232K)->0K(559232K) From: 10322K(69888K)->17750K(69888K)
[264.245s][info][gc,heap        ] GC(2795) Tenured: 1242498K(1398144K)->1242498K(1398144K)
[264.245s][info][gc,metaspace   ] GC(2795) Metaspace: 133929K(135616K)->133929K(135616K) NonClass: 117062K(117824K)->117062K(117824K) Class: 16866K(17792K)->16866K(17792K)
[264.245s][info][gc             ] GC(2795) Pause Young (Allocation Failure) 1769M->1230M(1979M) 3.789ms
[264.245s][info][gc,cpu         ] GC(2795) User=0.00s Sys=0.00s Real=0.00s
[264.332s][info][gc,start       ] GC(2796) Pause Young (Allocation Failure)
[264.336s][info][gc,heap        ] GC(2796) DefNew: 576982K(629120K)->14969K(629120K) Eden: 559232K(559232K)->0K(559232K) From: 17750K(69888K)->14969K(69888K)
[264.336s][info][gc,heap        ] GC(2796) Tenured: 1242498K(1398144K)->1242498K(1398144K)
[264.336s][info][gc,metaspace   ] GC(2796) Metaspace: 133929K(135616K)->133929K(135616K) NonClass: 117062K(117824K)->117062K(117824K) Class: 16866K(17792K)->16866K(17792K)
[264.336s][info][gc             ] GC(2796) Pause Young (Allocation Failure) 1776M->1227M(1979M) 3.392ms
[264.336s][info][gc,cpu         ] GC(2796) User=0.00s Sys=0.00s Real=0.00s
[264.441s][info][gc,start       ] GC(2797) Pause Young (Allocation Failure)
[264.445s][info][gc,heap        ] GC(2797) DefNew: 574201K(629120K)->14195K(629120K) Eden: 559232K(559232K)->0K(559232K) From: 14969K(69888K)->14195K(69888K)
[264.445s][info][gc,heap        ] GC(2797) Tenured: 1242498K(1398144K)->1242498K(1398144K)
[264.445s][info][gc,metaspace   ] GC(2797) Metaspace: 133929K(135616K)->133929K(135616K) NonClass: 117062K(117824K)->117062K(117824K) Class: 16866K(17792K)->16866K(17792K)
[264.445s][info][gc             ] GC(2797) Pause Young (Allocation Failure) 1774M->1227M(1979M) 3.814ms
[264.445s][info][gc,cpu         ] GC(2797) User=0.00s Sys=0.00s Real=0.00s
[264.591s][info][gc,start       ] GC(2798) Pause Full (System.gc())
[264.592s][info][gc,phases,start] GC(2798) Phase 1: Mark live objects
[264.654s][info][gc,phases      ] GC(2798) Phase 1: Mark live objects 62.147ms
[264.654s][info][gc,phases,start] GC(2798) Phase 2: Compute new object addresses
[264.699s][info][gc,phases      ] GC(2798) Phase 2: Compute new object addresses 45.111ms
[264.699s][info][gc,phases,start] GC(2798) Phase 3: Adjust pointers
[264.733s][info][gc,phases      ] GC(2798) Phase 3: Adjust pointers 34.223ms
[264.733s][info][gc,phases,start] GC(2798) Phase 4: Move objects
[264.733s][info][gc,phases      ] GC(2798) Phase 4: Move objects 0.044ms
[264.734s][info][gc,heap        ] GC(2798) DefNew: 268485K(629120K)->0K(629120K) Eden: 254290K(559232K)->0K(559232K) From: 14195K(69888K)->0K(69888K)
[264.734s][info][gc,heap        ] GC(2798) Tenured: 1242498K(1398144K)->1041086K(1398144K)
[264.734s][info][gc,metaspace   ] GC(2798) Metaspace: 133929K(135616K)->133929K(135616K) NonClass: 117063K(117824K)->117063K(117824K) Class: 16866K(17792K)->16866K(17792K)
[264.734s][info][gc             ] GC(2798) Pause Full (System.gc()) 1475M->1016M(1979M) 142.369ms
[264.734s][info][gc,cpu         ] GC(2798) User=0.12s Sys=0.00s Real=0.14s
[264.851s][info][gc,start       ] GC(2799) Pause Young (Allocation Failure)
[264.855s][info][gc,heap        ] GC(2799) DefNew: 559232K(629120K)->4922K(629120K) Eden: 559232K(559232K)->0K(559232K) From: 0K(69888K)->4922K(69888K)
[264.855s][info][gc,heap        ] GC(2799) Tenured: 1041086K(1398144K)->1041086K(1398144K)
[264.855s][info][gc,metaspace   ] GC(2799) Metaspace: 133943K(135616K)->133943K(135616K) NonClass: 117076K(117824K)->117076K(117824K) Class: 16866K(17792K)->16866K(17792K)
[264.855s][info][gc             ] GC(2799) Pause Young (Allocation Failure) 1562M->1021M(1979M) 4.808ms
[264.855s][info][gc,cpu         ] GC(2799) User=0.00s Sys=0.00s Real=0.00s
[264.911s][info][gc,start       ] GC(2800) Pause Young (Allocation Failure)
[264.915s][info][gc,heap        ] GC(2800) DefNew: 564154K(629120K)->6475K(629120K) Eden: 559232K(559232K)->0K(559232K) From: 4922K(69888K)->6475K(69888K)
[264.915s][info][gc,heap        ] GC(2800) Tenured: 1041086K(1398144K)->1041086K(1398144K)
[264.915s][info][gc,metaspace   ] GC(2800) Metaspace: 133943K(135616K)->133943K(135616K) NonClass: 117076K(117824K)->117076K(117824K) Class: 16866K(17792K)->16866K(17792K)
[264.915s][info][gc             ] GC(2800) Pause Young (Allocation Failure) 1567M->1023M(1979M) 3.954ms
[264.915s][info][gc,cpu         ] GC(2800) User=0.00s Sys=0.00s Real=0.00s
[264.969s][info][gc,start       ] GC(2801) Pause Young (Allocation Failure)
[264.973s][info][gc,heap        ] GC(2801) DefNew: 565707K(629120K)->9023K(629120K) Eden: 559232K(559232K)->0K(559232K) From: 6475K(69888K)->9023K(69888K)
[264.973s][info][gc,heap        ] GC(2801) Tenured: 1041086K(1398144K)->1041086K(1398144K)
[264.973s][info][gc,metaspace   ] GC(2801) Metaspace: 133943K(135616K)->133943K(135616K) NonClass: 117076K(117824K)->117076K(117824K) Class: 16866K(17792K)->16866K(17792K)
[264.973s][info][gc             ] GC(2801) Pause Young (Allocation Failure) 1569M->1025M(1979M) 4.335ms
[264.973s][info][gc,cpu         ] GC(2801) User=0.00s Sys=0.00s Real=0.02s
[265.028s][info][gc,start       ] GC(2802) Pause Young (Allocation Failure)
[265.032s][info][gc,heap        ] GC(2802) DefNew: 568255K(629120K)->10775K(629120K) Eden: 559232K(559232K)->0K(559232K) From: 9023K(69888K)->10775K(69888K)
[265.032s][info][gc,heap        ] GC(2802) Tenured: 1041086K(1398144K)->1041086K(1398144K)
[265.032s][info][gc,metaspace   ] GC(2802) Metaspace: 133943K(135616K)->133943K(135616K) NonClass: 117076K(117824K)->117076K(117824K) Class: 16866K(17792K)->16866K(17792K)
[265.032s][info][gc             ] GC(2802) Pause Young (Allocation Failure) 1571M->1027M(1979M) 4.462ms
[265.032s][info][gc,cpu         ] GC(2802) User=0.02s Sys=0.00s Real=0.00s
[265.088s][info][gc,start       ] GC(2803) Pause Young (Allocation Failure)
[265.093s][info][gc,heap        ] GC(2803) DefNew: 570007K(629120K)->20427K(629120K) Eden: 559231K(559232K)->0K(559232K) From: 10775K(69888K)->20427K(69888K)
[265.093s][info][gc,heap        ] GC(2803) Tenured: 1041086K(1398144K)->1041086K(1398144K)
[265.093s][info][gc,metaspace   ] GC(2803) Metaspace: 133943K(135616K)->133943K(135616K) NonClass: 117077K(117824K)->117077K(117824K) Class: 16866K(17792K)->16866K(17792K)
[265.093s][info][gc             ] GC(2803) Pause Young (Allocation Failure) 1573M->1036M(1979M) 5.645ms
[265.093s][info][gc,cpu         ] GC(2803) User=0.00s Sys=0.00s Real=0.02s
[265.149s][info][gc,start       ] GC(2804) Pause Young (Allocation Failure)
[265.155s][info][gc,heap        ] GC(2804) DefNew: 579659K(629120K)->19059K(629120K) Eden: 559232K(559232K)->0K(559232K) From: 20427K(69888K)->19059K(69888K)
[265.155s][info][gc,heap        ] GC(2804) Tenured: 1041086K(1398144K)->1041086K(1398144K)
[265.155s][info][gc,metaspace   ] GC(2804) Metaspace: 133943K(135616K)->133943K(135616K) NonClass: 117077K(117824K)->117077K(117824K) Class: 16866K(17792K)->16866K(17792K)
[265.155s][info][gc             ] GC(2804) Pause Young (Allocation Failure) 1582M->1035M(1979M) 5.573ms
[265.155s][info][gc,cpu         ] GC(2804) User=0.00s Sys=0.00s Real=0.01s
[265.213s][info][gc,start       ] GC(2805) Pause Young (Allocation Failure)
[265.219s][info][gc,heap        ] GC(2805) DefNew: 578291K(629120K)->25508K(629120K) Eden: 559232K(559232K)->0K(559232K) From: 19059K(69888K)->25508K(69888K)
[265.219s][info][gc,heap        ] GC(2805) Tenured: 1041086K(1398144K)->1041086K(1398144K)
[265.219s][info][gc,metaspace   ] GC(2805) Metaspace: 133943K(135616K)->133943K(135616K) NonClass: 117077K(117824K)->117077K(117824K) Class: 16866K(17792K)->16866K(17792K)
[265.219s][info][gc             ] GC(2805) Pause Young (Allocation Failure) 1581M->1041M(1979M) 6.044ms
[265.219s][info][gc,cpu         ] GC(2805) User=0.02s Sys=0.00s Real=0.02s
[265.274s][info][gc,start       ] GC(2806) Pause Young (Allocation Failure)
[265.281s][info][gc,heap        ] GC(2806) DefNew: 583402K(629120K)->27264K(629120K) Eden: 557894K(559232K)->0K(559232K) From: 25508K(69888K)->27264K(69888K)
[265.281s][info][gc,heap        ] GC(2806) Tenured: 1041086K(1398144K)->1041086K(1398144K)
[265.281s][info][gc,metaspace   ] GC(2806) Metaspace: 133943K(135616K)->133943K(135616K) NonClass: 117077K(117824K)->117077K(117824K) Class: 16866K(17792K)->16866K(17792K)
[265.281s][info][gc             ] GC(2806) Pause Young (Allocation Failure) 1586M->1043M(1979M) 6.189ms
[265.281s][info][gc,cpu         ] GC(2806) User=0.00s Sys=0.00s Real=0.02s
[265.337s][info][gc,start       ] GC(2807) Pause Young (Allocation Failure)
[265.343s][info][gc,heap        ] GC(2807) DefNew: 586496K(629120K)->33710K(629120K) Eden: 559232K(559232K)->0K(559232K) From: 27264K(69888K)->33710K(69888K)
[265.344s][info][gc,heap        ] GC(2807) Tenured: 1041086K(1398144K)->1041086K(1398144K)
[265.344s][info][gc,metaspace   ] GC(2807) Metaspace: 133943K(135616K)->133943K(135616K) NonClass: 117077K(117824K)->117077K(117824K) Class: 16866K(17792K)->16866K(17792K)
[265.344s][info][gc             ] GC(2807) Pause Young (Allocation Failure) 1589M->1049M(1979M) 6.756ms
[265.344s][info][gc,cpu         ] GC(2807) User=0.00s Sys=0.00s Real=0.01s
[265.399s][info][gc,start       ] GC(2808) Pause Young (Allocation Failure)
[265.406s][info][gc,heap        ] GC(2808) DefNew: 591868K(629120K)->37023K(629120K) Eden: 558158K(559232K)->0K(559232K) From: 33710K(69888K)->37023K(69888K)
[265.406s][info][gc,heap        ] GC(2808) Tenured: 1041086K(1398144K)->1041086K(1398144K)
[265.406s][info][gc,metaspace   ] GC(2808) Metaspace: 133943K(135616K)->133943K(135616K) NonClass: 117077K(117824K)->117077K(117824K) Class: 16866K(17792K)->16866K(17792K)
[265.406s][info][gc             ] GC(2808) Pause Young (Allocation Failure) 1594M->1052M(1979M) 7.065ms
[265.406s][info][gc,cpu         ] GC(2808) User=0.00s Sys=0.00s Real=0.01s
[265.462s][info][gc,start       ] GC(2809) Pause Young (Allocation Failure)
[265.470s][info][gc,heap        ] GC(2809) DefNew: 596255K(629120K)->34784K(629120K) Eden: 559232K(559232K)->0K(559232K) From: 37023K(69888K)->34784K(69888K)
[265.470s][info][gc,heap        ] GC(2809) Tenured: 1041086K(1398144K)->1046764K(1398144K)
[265.470s][info][gc,metaspace   ] GC(2809) Metaspace: 133943K(135616K)->133943K(135616K) NonClass: 117077K(117824K)->117077K(117824K) Class: 16866K(17792K)->16866K(17792K)
[265.470s][info][gc             ] GC(2809) Pause Young (Allocation Failure) 1598M->1056M(1979M) 7.416ms
[265.470s][info][gc,cpu         ] GC(2809) User=0.00s Sys=0.00s Real=0.02s
[265.525s][info][gc,start       ] GC(2810) Pause Young (Allocation Failure)
[265.532s][info][gc,heap        ] GC(2810) DefNew: 594016K(629120K)->45780K(629120K) Eden: 559232K(559232K)->0K(559232K) From: 34784K(69888K)->45780K(69888K)
[265.532s][info][gc,heap        ] GC(2810) Tenured: 1046764K(1398144K)->1046764K(1398144K)
[265.532s][info][gc,metaspace   ] GC(2810) Metaspace: 133943K(135616K)->133943K(135616K) NonClass: 117077K(117824K)->117077K(117824K) Class: 16866K(17792K)->16866K(17792K)
[265.532s][info][gc             ] GC(2810) Pause Young (Allocation Failure) 1602M->1066M(1979M) 6.492ms
[265.532s][info][gc,cpu         ] GC(2810) User=0.00s Sys=0.00s Real=0.02s
[265.589s][info][gc,start       ] GC(2811) Pause Young (Allocation Failure)
[265.596s][info][gc,heap        ] GC(2811) DefNew: 605012K(629120K)->30054K(629120K) Eden: 559232K(559232K)->0K(559232K) From: 45780K(69888K)->30054K(69888K)
[265.596s][info][gc,heap        ] GC(2811) Tenured: 1046764K(1398144K)->1059364K(1398144K)
[265.596s][info][gc,metaspace   ] GC(2811) Metaspace: 133943K(135616K)->133943K(135616K) NonClass: 117077K(117824K)->117077K(117824K) Class: 16866K(17792K)->16866K(17792K)
[265.596s][info][gc             ] GC(2811) Pause Young (Allocation Failure) 1613M->1063M(1979M) 7.012ms
[265.596s][info][gc,cpu         ] GC(2811) User=0.00s Sys=0.00s Real=0.02s
[265.653s][info][gc,start       ] GC(2812) Pause Young (Allocation Failure)
[265.659s][info][gc,heap        ] GC(2812) DefNew: 589286K(629120K)->38255K(629120K) Eden: 559232K(559232K)->0K(559232K) From: 30054K(69888K)->38255K(69888K)
[265.660s][info][gc,heap        ] GC(2812) Tenured: 1059364K(1398144K)->1059364K(1398144K)
[265.660s][info][gc,metaspace   ] GC(2812) Metaspace: 133943K(135616K)->133943K(135616K) NonClass: 117077K(117824K)->117077K(117824K) Class: 16866K(17792K)->16866K(17792K)
[265.660s][info][gc             ] GC(2812) Pause Young (Allocation Failure) 1610M->1071M(1979M) 6.216ms
[265.660s][info][gc,cpu         ] GC(2812) User=0.02s Sys=0.00s Real=0.02s
[265.716s][info][gc,start       ] GC(2813) Pause Young (Allocation Failure)
[265.723s][info][gc,heap        ] GC(2813) DefNew: 597487K(629120K)->36114K(629120K) Eden: 559232K(559232K)->0K(559232K) From: 38255K(69888K)->36114K(69888K)
[265.723s][info][gc,heap        ] GC(2813) Tenured: 1059364K(1398144K)->1063462K(1398144K)
[265.723s][info][gc,metaspace   ] GC(2813) Metaspace: 133943K(135616K)->133943K(135616K) NonClass: 117077K(117824K)->117077K(117824K) Class: 16866K(17792K)->16866K(17792K)
[265.723s][info][gc             ] GC(2813) Pause Young (Allocation Failure) 1618M->1073M(1979M) 6.438ms
[265.723s][info][gc,cpu         ] GC(2813) User=0.00s Sys=0.00s Real=0.01s
[265.778s][info][gc,start       ] GC(2814) Pause Young (Allocation Failure)
[265.784s][info][gc,heap        ] GC(2814) DefNew: 595346K(629120K)->38262K(629120K) Eden: 559232K(559232K)->0K(559232K) From: 36114K(69888K)->38262K(69888K)
[265.784s][info][gc,heap        ] GC(2814) Tenured: 1063462K(1398144K)->1067559K(1398144K)
[265.784s][info][gc,metaspace   ] GC(2814) Metaspace: 133943K(135616K)->133943K(135616K) NonClass: 117077K(117824K)->117077K(117824K) Class: 16866K(17792K)->16866K(17792K)
[265.784s][info][gc             ] GC(2814) Pause Young (Allocation Failure) 1619M->1079M(1979M) 6.225ms
[265.784s][info][gc,cpu         ] GC(2814) User=0.00s Sys=0.00s Real=0.01s
[265.846s][info][gc,start       ] GC(2815) Pause Young (Allocation Failure)
[265.852s][info][gc,heap        ] GC(2815) DefNew: 597494K(629120K)->36575K(629120K) Eden: 559232K(559232K)->0K(559232K) From: 38262K(69888K)->36575K(69888K)
[265.852s][info][gc,heap        ] GC(2815) Tenured: 1067559K(1398144K)->1071656K(1398144K)
[265.852s][info][gc,metaspace   ] GC(2815) Metaspace: 133943K(135616K)->133943K(135616K) NonClass: 117077K(117824K)->117077K(117824K) Class: 16866K(17792K)->16866K(17792K)
[265.852s][info][gc             ] GC(2815) Pause Young (Allocation Failure) 1626M->1082M(1979M) 6.400ms
[265.853s][info][gc,cpu         ] GC(2815) User=0.02s Sys=0.00s Real=0.00s
[265.946s][info][gc,start       ] GC(2816) Pause Young (Allocation Failure)
[265.953s][info][gc,heap        ] GC(2816) DefNew: 595807K(629120K)->46310K(629120K) Eden: 559232K(559232K)->0K(559232K) From: 36575K(69888K)->46310K(69888K)
[265.953s][info][gc,heap        ] GC(2816) Tenured: 1071656K(1398144K)->1075772K(1398144K)
[265.953s][info][gc,metaspace   ] GC(2816) Metaspace: 133943K(135616K)->133943K(135616K) NonClass: 117077K(117824K)->117077K(117824K) Class: 16866K(17792K)->16866K(17792K)
[265.953s][info][gc             ] GC(2816) Pause Young (Allocation Failure) 1628M->1095M(1979M) 7.616ms
[265.953s][info][gc,cpu         ] GC(2816) User=0.00s Sys=0.00s Real=0.01s
[266.043s][info][gc,start       ] GC(2817) Pause Young (Allocation Failure)
[266.052s][info][gc,heap        ] GC(2817) DefNew: 605542K(629120K)->49435K(629120K) Eden: 559232K(559232K)->0K(559232K) From: 46310K(69888K)->49435K(69888K)
[266.052s][info][gc,heap        ] GC(2817) Tenured: 1075772K(1398144K)->1088046K(1398144K)
[266.052s][info][gc,metaspace   ] GC(2817) Metaspace: 133944K(135616K)->133944K(135616K) NonClass: 117077K(117824K)->117077K(117824K) Class: 16866K(17792K)->16866K(17792K)
[266.052s][info][gc             ] GC(2817) Pause Young (Allocation Failure) 1641M->1110M(1979M) 8.206ms
[266.052s][info][gc,cpu         ] GC(2817) User=0.02s Sys=0.00s Real=0.01s
[266.139s][info][gc,start       ] GC(2818) Pause Young (Allocation Failure)
[266.147s][info][gc,heap        ] GC(2818) DefNew: 608667K(629120K)->46645K(629120K) Eden: 559232K(559232K)->0K(559232K) From: 49435K(69888K)->46645K(69888K)
[266.147s][info][gc,heap        ] GC(2818) Tenured: 1088046K(1398144K)->1104682K(1398144K)
[266.147s][info][gc,metaspace   ] GC(2818) Metaspace: 133944K(135616K)->133944K(135616K) NonClass: 117077K(117824K)->117077K(117824K) Class: 16866K(17792K)->16866K(17792K)
[266.147s][info][gc             ] GC(2818) Pause Young (Allocation Failure) 1656M->1124M(1979M) 8.377ms
[266.147s][info][gc,cpu         ] GC(2818) User=0.00s Sys=0.00s Real=0.01s
[266.237s][info][gc,start       ] GC(2819) Pause Young (Allocation Failure)
[266.244s][info][gc,heap        ] GC(2819) DefNew: 605877K(629120K)->44675K(629120K) Eden: 559232K(559232K)->0K(559232K) From: 46645K(69888K)->44675K(69888K)
[266.244s][info][gc,heap        ] GC(2819) Tenured: 1104682K(1398144K)->1117193K(1398144K)
[266.244s][info][gc,metaspace   ] GC(2819) Metaspace: 133944K(135616K)->133944K(135616K) NonClass: 117077K(117824K)->117077K(117824K) Class: 16866K(17792K)->16866K(17792K)
[266.244s][info][gc             ] GC(2819) Pause Young (Allocation Failure) 1670M->1134M(1979M) 7.556ms
[266.244s][info][gc,cpu         ] GC(2819) User=0.00s Sys=0.00s Real=0.02s
[266.333s][info][gc,start       ] GC(2820) Pause Young (Allocation Failure)
[266.340s][info][gc,heap        ] GC(2820) DefNew: 603907K(629120K)->45055K(629120K) Eden: 559232K(559232K)->0K(559232K) From: 44675K(69888K)->45055K(69888K)
[266.340s][info][gc,heap        ] GC(2820) Tenured: 1117193K(1398144K)->1129490K(1398144K)
[266.340s][info][gc,metaspace   ] GC(2820) Metaspace: 133944K(135616K)->133944K(135616K) NonClass: 117077K(117824K)->117077K(117824K) Class: 16866K(17792K)->16866K(17792K)
[266.340s][info][gc             ] GC(2820) Pause Young (Allocation Failure) 1680M->1147M(1979M) 7.156ms
[266.340s][info][gc,cpu         ] GC(2820) User=0.00s Sys=0.00s Real=0.01s
[266.427s][info][gc,start       ] GC(2821) Pause Young (Allocation Failure)
[266.434s][info][gc,heap        ] GC(2821) DefNew: 604287K(629120K)->48977K(629120K) Eden: 559232K(559232K)->0K(559232K) From: 45055K(69888K)->48977K(69888K)
[266.434s][info][gc,heap        ] GC(2821) Tenured: 1129490K(1398144K)->1141781K(1398144K)
[266.434s][info][gc,metaspace   ] GC(2821) Metaspace: 133944K(135616K)->133944K(135616K) NonClass: 117077K(117824K)->117077K(117824K) Class: 16866K(17792K)->16866K(17792K)
[266.434s][info][gc             ] GC(2821) Pause Young (Allocation Failure) 1693M->1162M(1979M) 7.412ms
[266.435s][info][gc,cpu         ] GC(2821) User=0.00s Sys=0.00s Real=0.00s
[266.523s][info][gc,start       ] GC(2822) Pause Young (Allocation Failure)
[266.530s][info][gc,heap        ] GC(2822) DefNew: 608209K(629120K)->40150K(629120K) Eden: 559232K(559232K)->0K(559232K) From: 48977K(69888K)->40150K(69888K)
[266.530s][info][gc,heap        ] GC(2822) Tenured: 1141781K(1398144K)->1158171K(1398144K)
[266.530s][info][gc,metaspace   ] GC(2822) Metaspace: 133944K(135616K)->133944K(135616K) NonClass: 117077K(117824K)->117077K(117824K) Class: 16866K(17792K)->16866K(17792K)
[266.531s][info][gc             ] GC(2822) Pause Young (Allocation Failure) 1708M->1170M(1979M) 7.459ms
[266.531s][info][gc,cpu         ] GC(2822) User=0.00s Sys=0.00s Real=0.00s
[266.614s][info][gc,start       ] GC(2823) Pause Young (Allocation Failure)
[266.620s][info][gc,heap        ] GC(2823) DefNew: 599382K(629120K)->35089K(629120K) Eden: 559232K(559232K)->0K(559232K) From: 40150K(69888K)->35089K(69888K)
[266.620s][info][gc,heap        ] GC(2823) Tenured: 1158171K(1398144K)->1170462K(1398144K)
[266.620s][info][gc,metaspace   ] GC(2823) Metaspace: 133944K(135616K)->133944K(135616K) NonClass: 117077K(117824K)->117077K(117824K) Class: 16866K(17792K)->16866K(17792K)
[266.620s][info][gc             ] GC(2823) Pause Young (Allocation Failure) 1716M->1177M(1979M) 6.433ms
[266.620s][info][gc,cpu         ] GC(2823) User=0.00s Sys=0.00s Real=0.02s
[266.706s][info][gc,start       ] GC(2824) Pause Young (Allocation Failure)
[266.712s][info][gc,heap        ] GC(2824) DefNew: 594321K(629120K)->32838K(629120K) Eden: 559232K(559232K)->0K(559232K) From: 35089K(69888K)->32838K(69888K)
[266.712s][info][gc,heap        ] GC(2824) Tenured: 1170462K(1398144K)->1182754K(1398144K)
[266.712s][info][gc,metaspace   ] GC(2824) Metaspace: 133944K(135616K)->133944K(135616K) NonClass: 117077K(117824K)->117077K(117824K) Class: 16866K(17792K)->16866K(17792K)
[266.712s][info][gc             ] GC(2824) Pause Young (Allocation Failure) 1723M->1187M(1979M) 6.283ms
[266.712s][info][gc,cpu         ] GC(2824) User=0.00s Sys=0.00s Real=0.02s
[266.800s][info][gc,start       ] GC(2825) Pause Young (Allocation Failure)
[266.806s][info][gc,heap        ] GC(2825) DefNew: 592070K(629120K)->41809K(629120K) Eden: 559232K(559232K)->0K(559232K) From: 32838K(69888K)->41809K(69888K)
[266.806s][info][gc,heap        ] GC(2825) Tenured: 1182754K(1398144K)->1182754K(1398144K)
[266.806s][info][gc,metaspace   ] GC(2825) Metaspace: 133944K(135616K)->133944K(135616K) NonClass: 117077K(117824K)->117077K(117824K) Class: 16866K(17792K)->16866K(17792K)
[266.806s][info][gc             ] GC(2825) Pause Young (Allocation Failure) 1733M->1195M(1979M) 6.052ms
[266.806s][info][gc,cpu         ] GC(2825) User=0.00s Sys=0.00s Real=0.02s
[266.893s][info][gc,start       ] GC(2826) Pause Young (Allocation Failure)
[266.900s][info][gc,heap        ] GC(2826) DefNew: 601041K(629120K)->35029K(629120K) Eden: 559232K(559232K)->0K(559232K) From: 41809K(69888K)->35029K(69888K)
[266.900s][info][gc,heap        ] GC(2826) Tenured: 1182754K(1398144K)->1195094K(1398144K)
[266.900s][info][gc,metaspace   ] GC(2826) Metaspace: 133944K(135616K)->133944K(135616K) NonClass: 117077K(117824K)->117077K(117824K) Class: 16866K(17792K)->16866K(17792K)
[266.900s][info][gc             ] GC(2826) Pause Young (Allocation Failure) 1741M->1201M(1979M) 6.571ms
[266.900s][info][gc,cpu         ] GC(2826) User=0.00s Sys=0.00s Real=0.01s
[266.986s][info][gc,start       ] GC(2827) Pause Young (Allocation Failure)
[266.991s][info][gc,heap        ] GC(2827) DefNew: 594261K(629120K)->37639K(629120K) Eden: 559232K(559232K)->0K(559232K) From: 35029K(69888K)->37639K(69888K)
[266.991s][info][gc,heap        ] GC(2827) Tenured: 1195094K(1398144K)->1199191K(1398144K)
[266.991s][info][gc,metaspace   ] GC(2827) Metaspace: 133944K(135616K)->133944K(135616K) NonClass: 117077K(117824K)->117077K(117824K) Class: 16866K(17792K)->16866K(17792K)
[266.992s][info][gc             ] GC(2827) Pause Young (Allocation Failure) 1747M->1207M(1979M) 5.755ms
[266.992s][info][gc,cpu         ] GC(2827) User=0.00s Sys=0.00s Real=0.00s
[267.079s][info][gc,start       ] GC(2828) Pause Young (Allocation Failure)
[267.085s][info][gc,heap        ] GC(2828) DefNew: 596871K(629120K)->39410K(629120K) Eden: 559232K(559232K)->0K(559232K) From: 37639K(69888K)->39410K(69888K)
[267.085s][info][gc,heap        ] GC(2828) Tenured: 1199191K(1398144K)->1207387K(1398144K)
[267.085s][info][gc,metaspace   ] GC(2828) Metaspace: 133944K(135616K)->133944K(135616K) NonClass: 117077K(117824K)->117077K(117824K) Class: 16866K(17792K)->16866K(17792K)
[267.085s][info][gc             ] GC(2828) Pause Young (Allocation Failure) 1753M->1217M(1979M) 6.316ms
[267.085s][info][gc,cpu         ] GC(2828) User=0.00s Sys=0.00s Real=0.00s
[267.173s][info][gc,start       ] GC(2829) Pause Young (Allocation Failure)
[267.179s][info][gc,heap        ] GC(2829) DefNew: 598642K(629120K)->32383K(629120K) Eden: 559232K(559232K)->0K(559232K) From: 39410K(69888K)->32383K(69888K)
[267.179s][info][gc,heap        ] GC(2829) Tenured: 1207387K(1398144K)->1215581K(1398144K)
[267.179s][info][gc,metaspace   ] GC(2829) Metaspace: 133944K(135616K)->133944K(135616K) NonClass: 117077K(117824K)->117077K(117824K) Class: 16866K(17792K)->16866K(17792K)
[267.179s][info][gc             ] GC(2829) Pause Young (Allocation Failure) 1763M->1218M(1979M) 5.849ms
[267.179s][info][gc,cpu         ] GC(2829) User=0.00s Sys=0.00s Real=0.00s
[267.269s][info][gc,start       ] GC(2830) Pause Young (Allocation Failure)
[267.275s][info][gc,heap        ] GC(2830) DefNew: 591615K(629120K)->40143K(629120K) Eden: 559232K(559232K)->0K(559232K) From: 32383K(69888K)->40143K(69888K)
[267.275s][info][gc,heap        ] GC(2830) Tenured: 1215581K(1398144K)->1215581K(1398144K)
[267.275s][info][gc,metaspace   ] GC(2830) Metaspace: 133944K(135616K)->133944K(135616K) NonClass: 117077K(117824K)->117077K(117824K) Class: 16866K(17792K)->16866K(17792K)
[267.275s][info][gc             ] GC(2830) Pause Young (Allocation Failure) 1764M->1226M(1979M) 5.906ms
[267.275s][info][gc,cpu         ] GC(2830) User=0.00s Sys=0.00s Real=0.00s
[267.358s][info][gc,start       ] GC(2831) Pause Young (Allocation Failure)
[267.364s][info][gc,heap        ] GC(2831) DefNew: 599375K(629120K)->30971K(629120K) Eden: 559232K(559232K)->0K(559232K) From: 40143K(69888K)->30971K(69888K)
[267.364s][info][gc,heap        ] GC(2831) Tenured: 1215581K(1398144K)->1227872K(1398144K)
[267.364s][info][gc,metaspace   ] GC(2831) Metaspace: 133944K(135616K)->133944K(135616K) NonClass: 117077K(117824K)->117077K(117824K) Class: 16866K(17792K)->16866K(17792K)
[267.364s][info][gc             ] GC(2831) Pause Young (Allocation Failure) 1772M->1229M(1979M) 6.030ms
[267.364s][info][gc,cpu         ] GC(2831) User=0.00s Sys=0.00s Real=0.00s
[267.447s][info][gc,start       ] GC(2832) Pause Young (Allocation Failure)
[267.451s][info][gc,heap        ] GC(2832) DefNew: 590203K(629120K)->25502K(629120K) Eden: 559232K(559232K)->0K(559232K) From: 30971K(69888K)->25502K(69888K)
[267.451s][info][gc,heap        ] GC(2832) Tenured: 1227872K(1398144K)->1227872K(1398144K)
[267.451s][info][gc,metaspace   ] GC(2832) Metaspace: 133944K(135616K)->133944K(135616K) NonClass: 117077K(117824K)->117077K(117824K) Class: 16866K(17792K)->16866K(17792K)
[267.451s][info][gc             ] GC(2832) Pause Young (Allocation Failure) 1775M->1223M(1979M) 4.424ms
[267.451s][info][gc,cpu         ] GC(2832) User=0.00s Sys=0.00s Real=0.01s
[267.534s][info][gc,start       ] GC(2833) Pause Young (Allocation Failure)
[267.538s][info][gc,heap        ] GC(2833) DefNew: 584734K(629120K)->27854K(629120K) Eden: 559232K(559232K)->0K(559232K) From: 25502K(69888K)->27854K(69888K)
[267.538s][info][gc,heap        ] GC(2833) Tenured: 1227872K(1398144K)->1227872K(1398144K)
[267.538s][info][gc,metaspace   ] GC(2833) Metaspace: 133944K(135616K)->133944K(135616K) NonClass: 117077K(117824K)->117077K(117824K) Class: 16866K(17792K)->16866K(17792K)
[267.538s][info][gc             ] GC(2833) Pause Young (Allocation Failure) 1770M->1226M(1979M) 4.510ms
[267.538s][info][gc,cpu         ] GC(2833) User=0.00s Sys=0.00s Real=0.00s
[267.624s][info][gc,start       ] GC(2834) Pause Young (Allocation Failure)
[267.630s][info][gc,heap        ] GC(2834) DefNew: 587086K(629120K)->35944K(629120K) Eden: 559232K(559232K)->0K(559232K) From: 27854K(69888K)->35944K(69888K)
[267.630s][info][gc,heap        ] GC(2834) Tenured: 1227872K(1398144K)->1227872K(1398144K)
[267.630s][info][gc,metaspace   ] GC(2834) Metaspace: 133944K(135616K)->133944K(135616K) NonClass: 117077K(117824K)->117077K(117824K) Class: 16866K(17792K)->16866K(17792K)
[267.630s][info][gc             ] GC(2834) Pause Young (Allocation Failure) 1772M->1234M(1979M) 5.553ms
[267.630s][info][gc,cpu         ] GC(2834) User=0.00s Sys=0.00s Real=0.00s
[267.716s][info][gc,start       ] GC(2835) Pause Young (Allocation Failure)
[267.721s][info][gc,heap        ] GC(2835) DefNew: 595176K(629120K)->25405K(629120K) Eden: 559232K(559232K)->0K(559232K) From: 35944K(69888K)->25405K(69888K)
[267.721s][info][gc,heap        ] GC(2835) Tenured: 1227872K(1398144K)->1236066K(1398144K)
[267.721s][info][gc,metaspace   ] GC(2835) Metaspace: 133944K(135616K)->133944K(135616K) NonClass: 117077K(117824K)->117077K(117824K) Class: 16866K(17792K)->16866K(17792K)
[267.721s][info][gc             ] GC(2835) Pause Young (Allocation Failure) 1780M->1231M(1979M) 5.422ms
[267.721s][info][gc,cpu         ] GC(2835) User=0.00s Sys=0.00s Real=0.00s
[267.808s][info][gc,start       ] GC(2836) Pause Young (Allocation Failure)
[267.812s][info][gc,heap        ] GC(2836) DefNew: 584637K(629120K)->23767K(629120K) Eden: 559232K(559232K)->0K(559232K) From: 25405K(69888K)->23767K(69888K)
[267.812s][info][gc,heap        ] GC(2836) Tenured: 1236066K(1398144K)->1236066K(1398144K)
[267.812s][info][gc,metaspace   ] GC(2836) Metaspace: 133944K(135616K)->133944K(135616K) NonClass: 117077K(117824K)->117077K(117824K) Class: 16866K(17792K)->16866K(17792K)
[267.812s][info][gc             ] GC(2836) Pause Young (Allocation Failure) 1778M->1230M(1979M) 4.241ms
[267.812s][info][gc,cpu         ] GC(2836) User=0.00s Sys=0.00s Real=0.02s
[267.898s][info][gc,start       ] GC(2837) Pause Young (Allocation Failure)
[267.902s][info][gc,heap        ] GC(2837) DefNew: 582999K(629120K)->22199K(629120K) Eden: 559232K(559232K)->0K(559232K) From: 23767K(69888K)->22199K(69888K)
[267.902s][info][gc,heap        ] GC(2837) Tenured: 1236066K(1398144K)->1236066K(1398144K)
[267.902s][info][gc,metaspace   ] GC(2837) Metaspace: 133944K(135616K)->133944K(135616K) NonClass: 117077K(117824K)->117077K(117824K) Class: 16866K(17792K)->16866K(17792K)
[267.902s][info][gc             ] GC(2837) Pause Young (Allocation Failure) 1776M->1228M(1979M) 3.969ms
[267.902s][info][gc,cpu         ] GC(2837) User=0.00s Sys=0.00s Real=0.00s
[267.988s][info][gc,start       ] GC(2838) Pause Young (Allocation Failure)
[267.993s][info][gc,heap        ] GC(2838) DefNew: 581431K(629120K)->33207K(629120K) Eden: 559232K(559232K)->0K(559232K) From: 22199K(69888K)->33207K(69888K)
[267.994s][info][gc,heap        ] GC(2838) Tenured: 1236066K(1398144K)->1236066K(1398144K)
[267.994s][info][gc,metaspace   ] GC(2838) Metaspace: 133944K(135616K)->133944K(135616K) NonClass: 117077K(117824K)->117077K(117824K) Class: 16866K(17792K)->16866K(17792K)
[267.994s][info][gc             ] GC(2838) Pause Young (Allocation Failure) 1774M->1239M(1979M) 5.144ms
[267.994s][info][gc,cpu         ] GC(2838) User=0.00s Sys=0.00s Real=0.00s
[268.080s][info][gc,start       ] GC(2839) Pause Young (Allocation Failure)
[268.085s][info][gc,heap        ] GC(2839) DefNew: 592439K(629120K)->27163K(629120K) Eden: 559232K(559232K)->0K(559232K) From: 33207K(69888K)->27163K(69888K)
[268.085s][info][gc,heap        ] GC(2839) Tenured: 1236066K(1398144K)->1236066K(1398144K)
[268.085s][info][gc,metaspace   ] GC(2839) Metaspace: 133944K(135616K)->133944K(135616K) NonClass: 117077K(117824K)->117077K(117824K) Class: 16866K(17792K)->16866K(17792K)
[268.085s][info][gc             ] GC(2839) Pause Young (Allocation Failure) 1785M->1233M(1979M) 4.721ms
[268.085s][info][gc,cpu         ] GC(2839) User=0.00s Sys=0.00s Real=0.00s
[268.172s][info][gc,start       ] GC(2840) Pause Young (Allocation Failure)
[268.177s][info][gc,heap        ] GC(2840) DefNew: 586395K(629120K)->24619K(629120K) Eden: 559232K(559232K)->0K(559232K) From: 27163K(69888K)->24619K(69888K)
[268.177s][info][gc,heap        ] GC(2840) Tenured: 1236066K(1398144K)->1236066K(1398144K)
[268.177s][info][gc,metaspace   ] GC(2840) Metaspace: 133944K(135616K)->133944K(135616K) NonClass: 117077K(117824K)->117077K(117824K) Class: 16866K(17792K)->16866K(17792K)
[268.177s][info][gc             ] GC(2840) Pause Young (Allocation Failure) 1779M->1231M(1979M) 4.185ms
[268.177s][info][gc,cpu         ] GC(2840) User=0.00s Sys=0.00s Real=0.00s
[268.264s][info][gc,start       ] GC(2841) Pause Young (Allocation Failure)
[268.269s][info][gc,heap        ] GC(2841) DefNew: 583851K(629120K)->30096K(629120K) Eden: 559232K(559232K)->0K(559232K) From: 24619K(69888K)->30096K(69888K)
[268.269s][info][gc,heap        ] GC(2841) Tenured: 1236066K(1398144K)->1236066K(1398144K)
[268.269s][info][gc,metaspace   ] GC(2841) Metaspace: 133944K(135616K)->133944K(135616K) NonClass: 117077K(117824K)->117077K(117824K) Class: 16866K(17792K)->16866K(17792K)
[268.269s][info][gc             ] GC(2841) Pause Young (Allocation Failure) 1777M->1236M(1979M) 4.971ms
[268.269s][info][gc,cpu         ] GC(2841) User=0.00s Sys=0.00s Real=0.02s
[268.356s][info][gc,start       ] GC(2842) Pause Young (Allocation Failure)
[268.360s][info][gc,heap        ] GC(2842) DefNew: 589328K(629120K)->22184K(629120K) Eden: 559232K(559232K)->0K(559232K) From: 30096K(69888K)->22184K(69888K)
[268.360s][info][gc,heap        ] GC(2842) Tenured: 1236066K(1398144K)->1236066K(1398144K)
[268.360s][info][gc,metaspace   ] GC(2842) Metaspace: 133944K(135616K)->133944K(135616K) NonClass: 117077K(117824K)->117077K(117824K) Class: 16866K(17792K)->16866K(17792K)
[268.360s][info][gc             ] GC(2842) Pause Young (Allocation Failure) 1782M->1228M(1979M) 4.020ms
[268.360s][info][gc,cpu         ] GC(2842) User=0.00s Sys=0.00s Real=0.00s
[268.446s][info][gc,start       ] GC(2843) Pause Young (Allocation Failure)
[268.450s][info][gc,heap        ] GC(2843) DefNew: 581416K(629120K)->25401K(629120K) Eden: 559232K(559232K)->0K(559232K) From: 22184K(69888K)->25401K(69888K)
[268.451s][info][gc,heap        ] GC(2843) Tenured: 1236066K(1398144K)->1236066K(1398144K)
[268.451s][info][gc,metaspace   ] GC(2843) Metaspace: 133944K(135616K)->133944K(135616K) NonClass: 117077K(117824K)->117077K(117824K) Class: 16866K(17792K)->16866K(17792K)
[268.451s][info][gc             ] GC(2843) Pause Young (Allocation Failure) 1774M->1231M(1979M) 4.333ms
[268.451s][info][gc,cpu         ] GC(2843) User=0.00s Sys=0.00s Real=0.00s
[268.536s][info][gc,start       ] GC(2844) Pause Young (Allocation Failure)
[268.540s][info][gc,heap        ] GC(2844) DefNew: 581145K(629120K)->19646K(629120K) Eden: 555744K(559232K)->0K(559232K) From: 25401K(69888K)->19646K(69888K)
[268.540s][info][gc,heap        ] GC(2844) Tenured: 1236066K(1398144K)->1240163K(1398144K)
[268.540s][info][gc,metaspace   ] GC(2844) Metaspace: 133944K(135616K)->133944K(135616K) NonClass: 117077K(117824K)->117077K(117824K) Class: 16866K(17792K)->16866K(17792K)
[268.540s][info][gc             ] GC(2844) Pause Young (Allocation Failure) 1774M->1230M(1979M) 4.412ms
[268.540s][info][gc,cpu         ] GC(2844) User=0.00s Sys=0.00s Real=0.00s
[268.627s][info][gc,start       ] GC(2845) Pause Young (Allocation Failure)
[268.631s][info][gc,heap        ] GC(2845) DefNew: 576482K(629120K)->10135K(629120K) Eden: 556835K(559232K)->0K(559232K) From: 19646K(69888K)->10135K(69888K)
[268.631s][info][gc,heap        ] GC(2845) Tenured: 1240163K(1398144K)->1248399K(1398144K)
[268.631s][info][gc,metaspace   ] GC(2845) Metaspace: 133944K(135616K)->133944K(135616K) NonClass: 117077K(117824K)->117077K(117824K) Class: 16866K(17792K)->16866K(17792K)
[268.631s][info][gc             ] GC(2845) Pause Young (Allocation Failure) 1774M->1229M(1979M) 4.046ms
[268.631s][info][gc,cpu         ] GC(2845) User=0.00s Sys=0.00s Real=0.01s
[268.718s][info][gc,start       ] GC(2846) Pause Young (Allocation Failure)
[268.721s][info][gc,heap        ] GC(2846) DefNew: 569367K(629120K)->17754K(629120K) Eden: 559232K(559232K)->0K(559232K) From: 10135K(69888K)->17754K(69888K)
[268.721s][info][gc,heap        ] GC(2846) Tenured: 1248399K(1398144K)->1248399K(1398144K)
[268.721s][info][gc,metaspace   ] GC(2846) Metaspace: 133944K(135616K)->133944K(135616K) NonClass: 117077K(117824K)->117077K(117824K) Class: 16866K(17792K)->16866K(17792K)
[268.721s][info][gc             ] GC(2846) Pause Young (Allocation Failure) 1775M->1236M(1979M) 3.537ms
[268.721s][info][gc,cpu         ] GC(2846) User=0.00s Sys=0.00s Real=0.00s
[268.808s][info][gc,start       ] GC(2847) Pause Young (Allocation Failure)
[268.812s][info][gc,heap        ] GC(2847) DefNew: 576986K(629120K)->15426K(629120K) Eden: 559232K(559232K)->0K(559232K) From: 17754K(69888K)->15426K(69888K)
[268.812s][info][gc,heap        ] GC(2847) Tenured: 1248399K(1398144K)->1248399K(1398144K)
[268.812s][info][gc,metaspace   ] GC(2847) Metaspace: 133944K(135616K)->133944K(135616K) NonClass: 117077K(117824K)->117077K(117824K) Class: 16866K(17792K)->16866K(17792K)
[268.812s][info][gc             ] GC(2847) Pause Young (Allocation Failure) 1782M->1234M(1979M) 3.649ms
[268.812s][info][gc,cpu         ] GC(2847) User=0.00s Sys=0.00s Real=0.00s
[268.931s][info][gc,start       ] GC(2848) Pause Young (Allocation Failure)
[268.934s][info][gc,heap        ] GC(2848) DefNew: 574658K(629120K)->14188K(629120K) Eden: 559232K(559232K)->0K(559232K) From: 15426K(69888K)->14188K(69888K)
[268.935s][info][gc,heap        ] GC(2848) Tenured: 1248399K(1398144K)->1248399K(1398144K)
[268.935s][info][gc,metaspace   ] GC(2848) Metaspace: 133945K(135680K)->133945K(135680K) NonClass: 117079K(117888K)->117079K(117888K) Class: 16866K(17792K)->16866K(17792K)
[268.935s][info][gc             ] GC(2848) Pause Young (Allocation Failure) 1780M->1232M(1979M) 3.536ms
[268.935s][info][gc,cpu         ] GC(2848) User=0.00s Sys=0.00s Real=0.00s
[269.087s][info][gc,start       ] GC(2849) Pause Full (System.gc())
[269.087s][info][gc,phases,start] GC(2849) Phase 1: Mark live objects
[269.148s][info][gc,phases      ] GC(2849) Phase 1: Mark live objects 61.651ms
[269.148s][info][gc,phases,start] GC(2849) Phase 2: Compute new object addresses
[269.195s][info][gc,phases      ] GC(2849) Phase 2: Compute new object addresses 46.138ms
[269.195s][info][gc,phases,start] GC(2849) Phase 3: Adjust pointers
[269.229s][info][gc,phases      ] GC(2849) Phase 3: Adjust pointers 34.296ms
[269.229s][info][gc,phases,start] GC(2849) Phase 4: Move objects
[269.229s][info][gc,phases      ] GC(2849) Phase 4: Move objects 0.138ms
[269.230s][info][gc,heap        ] GC(2849) DefNew: 267463K(629120K)->0K(629120K) Eden: 253275K(559232K)->0K(559232K) From: 14188K(69888K)->0K(69888K)
[269.230s][info][gc,heap        ] GC(2849) Tenured: 1248399K(1398144K)->1041210K(1398144K)
[269.230s][info][gc,metaspace   ] GC(2849) Metaspace: 133949K(135680K)->133949K(135680K) NonClass: 117083K(117888K)->117083K(117888K) Class: 16866K(17792K)->16866K(17792K)
[269.230s][info][gc             ] GC(2849) Pause Full (System.gc()) 1480M->1016M(1979M) 143.088ms
[269.230s][info][gc,cpu         ] GC(2849) User=0.12s Sys=0.00s Real=0.14s
[269.347s][info][gc,start       ] GC(2850) Pause Young (Allocation Failure)
[269.352s][info][gc,heap        ] GC(2850) DefNew: 559232K(629120K)->4937K(629120K) Eden: 559232K(559232K)->0K(559232K) From: 0K(69888K)->4937K(69888K)
[269.352s][info][gc,heap        ] GC(2850) Tenured: 1041210K(1398144K)->1041210K(1398144K)
[269.352s][info][gc,metaspace   ] GC(2850) Metaspace: 134045K(135744K)->134045K(135744K) NonClass: 117179K(117952K)->117179K(117952K) Class: 16866K(17792K)->16866K(17792K)
[269.352s][info][gc             ] GC(2850) Pause Young (Allocation Failure) 1562M->1021M(1979M) 4.993ms
[269.352s][info][gc,cpu         ] GC(2850) User=0.00s Sys=0.00s Real=0.00s
[269.407s][info][gc,start       ] GC(2851) Pause Young (Allocation Failure)
[269.411s][info][gc,heap        ] GC(2851) DefNew: 564169K(629120K)->5829K(629120K) Eden: 559232K(559232K)->0K(559232K) From: 4937K(69888K)->5829K(69888K)
[269.411s][info][gc,heap        ] GC(2851) Tenured: 1041210K(1398144K)->1041210K(1398144K)
[269.411s][info][gc,metaspace   ] GC(2851) Metaspace: 134045K(135744K)->134045K(135744K) NonClass: 117179K(117952K)->117179K(117952K) Class: 16866K(17792K)->16866K(17792K)
[269.411s][info][gc             ] GC(2851) Pause Young (Allocation Failure) 1567M->1022M(1979M) 3.657ms
[269.411s][info][gc,cpu         ] GC(2851) User=0.00s Sys=0.00s Real=0.00s
[269.466s][info][gc,start       ] GC(2852) Pause Young (Allocation Failure)
[269.470s][info][gc,heap        ] GC(2852) DefNew: 565061K(629120K)->9016K(629120K) Eden: 559232K(559232K)->0K(559232K) From: 5829K(69888K)->9016K(69888K)
[269.470s][info][gc,heap        ] GC(2852) Tenured: 1041210K(1398144K)->1041210K(1398144K)
[269.470s][info][gc,metaspace   ] GC(2852) Metaspace: 134045K(135744K)->134045K(135744K) NonClass: 117179K(117952K)->117179K(117952K) Class: 16866K(17792K)->16866K(17792K)
[269.470s][info][gc             ] GC(2852) Pause Young (Allocation Failure) 1568M->1025M(1979M) 4.376ms
[269.470s][info][gc,cpu         ] GC(2852) User=0.00s Sys=0.00s Real=0.02s
[269.525s][info][gc,start       ] GC(2853) Pause Young (Allocation Failure)
[269.530s][info][gc,heap        ] GC(2853) DefNew: 568248K(629120K)->13998K(629120K) Eden: 559232K(559232K)->0K(559232K) From: 9016K(69888K)->13998K(69888K)
[269.530s][info][gc,heap        ] GC(2853) Tenured: 1041210K(1398144K)->1041210K(1398144K)
[269.530s][info][gc,metaspace   ] GC(2853) Metaspace: 134045K(135744K)->134045K(135744K) NonClass: 117179K(117952K)->117179K(117952K) Class: 16866K(17792K)->16866K(17792K)
[269.530s][info][gc             ] GC(2853) Pause Young (Allocation Failure) 1571M->1030M(1979M) 4.559ms
[269.530s][info][gc,cpu         ] GC(2853) User=0.00s Sys=0.00s Real=0.00s
[269.586s][info][gc,start       ] GC(2854) Pause Young (Allocation Failure)
[269.590s][info][gc,heap        ] GC(2854) DefNew: 573230K(629120K)->13021K(629120K) Eden: 559232K(559232K)->0K(559232K) From: 13998K(69888K)->13021K(69888K)
[269.590s][info][gc,heap        ] GC(2854) Tenured: 1041210K(1398144K)->1041210K(1398144K)
[269.590s][info][gc,metaspace   ] GC(2854) Metaspace: 134045K(135744K)->134045K(135744K) NonClass: 117179K(117952K)->117179K(117952K) Class: 16866K(17792K)->16866K(17792K)
[269.590s][info][gc             ] GC(2854) Pause Young (Allocation Failure) 1576M->1029M(1979M) 4.639ms
[269.590s][info][gc,cpu         ] GC(2854) User=0.00s Sys=0.00s Real=0.00s
[269.647s][info][gc,start       ] GC(2855) Pause Young (Allocation Failure)
[269.652s][info][gc,heap        ] GC(2855) DefNew: 572253K(629120K)->18283K(629120K) Eden: 559232K(559232K)->0K(559232K) From: 13021K(69888K)->18283K(69888K)
[269.652s][info][gc,heap        ] GC(2855) Tenured: 1041210K(1398144K)->1041210K(1398144K)
[269.652s][info][gc,metaspace   ] GC(2855) Metaspace: 134047K(135744K)->134047K(135744K) NonClass: 117180K(117952K)->117180K(117952K) Class: 16866K(17792K)->16866K(17792K)
[269.652s][info][gc             ] GC(2855) Pause Young (Allocation Failure) 1575M->1034M(1979M) 5.365ms
[269.653s][info][gc,cpu         ] GC(2855) User=0.00s Sys=0.00s Real=0.00s
[269.707s][info][gc,start       ] GC(2856) Pause Young (Allocation Failure)
[269.713s][info][gc,heap        ] GC(2856) DefNew: 577515K(629120K)->23758K(629120K) Eden: 559232K(559232K)->0K(559232K) From: 18283K(69888K)->23758K(69888K)
[269.713s][info][gc,heap        ] GC(2856) Tenured: 1041210K(1398144K)->1041210K(1398144K)
[269.713s][info][gc,metaspace   ] GC(2856) Metaspace: 134047K(135744K)->134047K(135744K) NonClass: 117180K(117952K)->117180K(117952K) Class: 16866K(17792K)->16866K(17792K)
[269.713s][info][gc             ] GC(2856) Pause Young (Allocation Failure) 1580M->1040M(1979M) 5.701ms
[269.713s][info][gc,cpu         ] GC(2856) User=0.00s Sys=0.00s Real=0.00s
[269.770s][info][gc,start       ] GC(2857) Pause Young (Allocation Failure)
[269.776s][info][gc,heap        ] GC(2857) DefNew: 582990K(629120K)->24924K(629120K) Eden: 559232K(559232K)->0K(559232K) From: 23758K(69888K)->24924K(69888K)
[269.776s][info][gc,heap        ] GC(2857) Tenured: 1041210K(1398144K)->1041210K(1398144K)
[269.776s][info][gc,metaspace   ] GC(2857) Metaspace: 134047K(135744K)->134047K(135744K) NonClass: 117180K(117952K)->117180K(117952K) Class: 16866K(17792K)->16866K(17792K)
[269.776s][info][gc             ] GC(2857) Pause Young (Allocation Failure) 1586M->1041M(1979M) 5.863ms
[269.776s][info][gc,cpu         ] GC(2857) User=0.02s Sys=0.00s Real=0.00s
[269.831s][info][gc,start       ] GC(2858) Pause Young (Allocation Failure)
[269.838s][info][gc,heap        ] GC(2858) DefNew: 584156K(629120K)->38183K(629120K) Eden: 559232K(559232K)->0K(559232K) From: 24924K(69888K)->38183K(69888K)
[269.838s][info][gc,heap        ] GC(2858) Tenured: 1041210K(1398144K)->1041210K(1398144K)
[269.838s][info][gc,metaspace   ] GC(2858) Metaspace: 134047K(135744K)->134047K(135744K) NonClass: 117180K(117952K)->117180K(117952K) Class: 16866K(17792K)->16866K(17792K)
[269.838s][info][gc             ] GC(2858) Pause Young (Allocation Failure) 1587M->1054M(1979M) 7.211ms
[269.838s][info][gc,cpu         ] GC(2858) User=0.02s Sys=0.00s Real=0.00s
[269.894s][info][gc,start       ] GC(2859) Pause Young (Allocation Failure)
[269.901s][info][gc,heap        ] GC(2859) DefNew: 597415K(629120K)->28195K(629120K) Eden: 559232K(559232K)->0K(559232K) From: 38183K(69888K)->28195K(69888K)
[269.901s][info][gc,heap        ] GC(2859) Tenured: 1041210K(1398144K)->1046887K(1398144K)
[269.901s][info][gc,metaspace   ] GC(2859) Metaspace: 134047K(135744K)->134047K(135744K) NonClass: 117180K(117952K)->117180K(117952K) Class: 16866K(17792K)->16866K(17792K)
[269.901s][info][gc             ] GC(2859) Pause Young (Allocation Failure) 1600M->1049M(1979M) 6.819ms
[269.901s][info][gc,cpu         ] GC(2859) User=0.02s Sys=0.00s Real=0.00s
[269.956s][info][gc,start       ] GC(2860) Pause Young (Allocation Failure)
[269.962s][info][gc,heap        ] GC(2860) DefNew: 587427K(629120K)->37577K(629120K) Eden: 559232K(559232K)->0K(559232K) From: 28195K(69888K)->37577K(69888K)
[269.962s][info][gc,heap        ] GC(2860) Tenured: 1046887K(1398144K)->1046887K(1398144K)
[269.962s][info][gc,metaspace   ] GC(2860) Metaspace: 134047K(135744K)->134047K(135744K) NonClass: 117180K(117952K)->117180K(117952K) Class: 16866K(17792K)->16866K(17792K)
[269.962s][info][gc             ] GC(2860) Pause Young (Allocation Failure) 1596M->1059M(1979M) 5.812ms
[269.962s][info][gc,cpu         ] GC(2860) User=0.00s Sys=0.00s Real=0.00s
[270.018s][info][gc,start       ] GC(2861) Pause Young (Allocation Failure)
[270.024s][info][gc,heap        ] GC(2861) DefNew: 596809K(629120K)->33872K(629120K) Eden: 559232K(559232K)->0K(559232K) From: 37577K(69888K)->33872K(69888K)
[270.024s][info][gc,heap        ] GC(2861) Tenured: 1046887K(1398144K)->1050984K(1398144K)
[270.024s][info][gc,metaspace   ] GC(2861) Metaspace: 134047K(135744K)->134047K(135744K) NonClass: 117180K(117952K)->117180K(117952K) Class: 16866K(17792K)->16866K(17792K)
[270.024s][info][gc             ] GC(2861) Pause Young (Allocation Failure) 1605M->1059M(1979M) 5.841ms
[270.024s][info][gc,cpu         ] GC(2861) User=0.00s Sys=0.00s Real=0.00s
[270.079s][info][gc,start       ] GC(2862) Pause Young (Allocation Failure)
[270.085s][info][gc,heap        ] GC(2862) DefNew: 593104K(629120K)->41686K(629120K) Eden: 559232K(559232K)->0K(559232K) From: 33872K(69888K)->41686K(69888K)
[270.085s][info][gc,heap        ] GC(2862) Tenured: 1050984K(1398144K)->1050984K(1398144K)
[270.085s][info][gc,metaspace   ] GC(2862) Metaspace: 134047K(135744K)->134047K(135744K) NonClass: 117180K(117952K)->117180K(117952K) Class: 16866K(17792K)->16866K(17792K)
[270.085s][info][gc             ] GC(2862) Pause Young (Allocation Failure) 1605M->1067M(1979M) 6.133ms
[270.085s][info][gc,cpu         ] GC(2862) User=0.00s Sys=0.00s Real=0.00s
[270.141s][info][gc,start       ] GC(2863) Pause Young (Allocation Failure)
[270.148s][info][gc,heap        ] GC(2863) DefNew: 600918K(629120K)->29458K(629120K) Eden: 559232K(559232K)->0K(559232K) From: 41686K(69888K)->29458K(69888K)
[270.148s][info][gc,heap        ] GC(2863) Tenured: 1050984K(1398144K)->1063583K(1398144K)
[270.148s][info][gc,metaspace   ] GC(2863) Metaspace: 134047K(135744K)->134047K(135744K) NonClass: 117180K(117952K)->117180K(117952K) Class: 16866K(17792K)->16866K(17792K)
[270.148s][info][gc             ] GC(2863) Pause Young (Allocation Failure) 1613M->1067M(1979M) 6.678ms
[270.148s][info][gc,cpu         ] GC(2863) User=0.00s Sys=0.00s Real=0.01s
[270.205s][info][gc,start       ] GC(2864) Pause Young (Allocation Failure)
[270.211s][info][gc,heap        ] GC(2864) DefNew: 588690K(629120K)->35062K(629120K) Eden: 559232K(559232K)->0K(559232K) From: 29458K(69888K)->35062K(69888K)
[270.211s][info][gc,heap        ] GC(2864) Tenured: 1063583K(1398144K)->1063583K(1398144K)
[270.211s][info][gc,metaspace   ] GC(2864) Metaspace: 134047K(135744K)->134047K(135744K) NonClass: 117180K(117952K)->117180K(117952K) Class: 16866K(17792K)->16866K(17792K)
[270.211s][info][gc             ] GC(2864) Pause Young (Allocation Failure) 1613M->1072M(1979M) 5.279ms
[270.211s][info][gc,cpu         ] GC(2864) User=0.00s Sys=0.00s Real=0.00s
[270.266s][info][gc,start       ] GC(2865) Pause Young (Allocation Failure)
[270.272s][info][gc,heap        ] GC(2865) DefNew: 594294K(629120K)->31035K(629120K) Eden: 559232K(559232K)->0K(559232K) From: 35062K(69888K)->31035K(69888K)
[270.272s][info][gc,heap        ] GC(2865) Tenured: 1063583K(1398144K)->1071777K(1398144K)
[270.272s][info][gc,metaspace   ] GC(2865) Metaspace: 134047K(135744K)->134047K(135744K) NonClass: 117180K(117952K)->117180K(117952K) Class: 16866K(17792K)->16866K(17792K)
[270.272s][info][gc             ] GC(2865) Pause Young (Allocation Failure) 1619M->1076M(1979M) 5.739ms
[270.272s][info][gc,cpu         ] GC(2865) User=0.00s Sys=0.00s Real=0.02s
[270.338s][info][gc,start       ] GC(2866) Pause Young (Allocation Failure)
[270.344s][info][gc,heap        ] GC(2866) DefNew: 590267K(629120K)->36589K(629120K) Eden: 559232K(559232K)->0K(559232K) From: 31035K(69888K)->36589K(69888K)
[270.344s][info][gc,heap        ] GC(2866) Tenured: 1071777K(1398144K)->1071777K(1398144K)
[270.344s][info][gc,metaspace   ] GC(2866) Metaspace: 134047K(135744K)->134047K(135744K) NonClass: 117180K(117952K)->117180K(117952K) Class: 16866K(17792K)->16866K(17792K)
[270.344s][info][gc             ] GC(2866) Pause Young (Allocation Failure) 1623M->1082M(1979M) 5.895ms
[270.344s][info][gc,cpu         ] GC(2866) User=0.00s Sys=0.00s Real=0.02s
[270.432s][info][gc,start       ] GC(2867) Pause Young (Allocation Failure)
[270.439s][info][gc,heap        ] GC(2867) DefNew: 595821K(629120K)->43713K(629120K) Eden: 559232K(559232K)->0K(559232K) From: 36589K(69888K)->43713K(69888K)
[270.439s][info][gc,heap        ] GC(2867) Tenured: 1071777K(1398144K)->1079972K(1398144K)
[270.439s][info][gc,metaspace   ] GC(2867) Metaspace: 134048K(135744K)->134048K(135744K) NonClass: 117181K(117952K)->117181K(117952K) Class: 16866K(17792K)->16866K(17792K)
[270.439s][info][gc             ] GC(2867) Pause Young (Allocation Failure) 1628M->1097M(1979M) 7.406ms
[270.439s][info][gc,cpu         ] GC(2867) User=0.00s Sys=0.00s Real=0.02s
[270.528s][info][gc,start       ] GC(2868) Pause Young (Allocation Failure)
[270.535s][info][gc,heap        ] GC(2868) DefNew: 602945K(629120K)->39687K(629120K) Eden: 559232K(559232K)->0K(559232K) From: 43713K(69888K)->39687K(69888K)
[270.536s][info][gc,heap        ] GC(2868) Tenured: 1079972K(1398144K)->1096361K(1398144K)
[270.536s][info][gc,metaspace   ] GC(2868) Metaspace: 134048K(135744K)->134048K(135744K) NonClass: 117181K(117952K)->117181K(117952K) Class: 16866K(17792K)->16866K(17792K)
[270.536s][info][gc             ] GC(2868) Pause Young (Allocation Failure) 1643M->1109M(1979M) 7.459ms
[270.536s][info][gc,cpu         ] GC(2868) User=0.00s Sys=0.00s Real=0.02s
[270.625s][info][gc,start       ] GC(2869) Pause Young (Allocation Failure)
[270.632s][info][gc,heap        ] GC(2869) DefNew: 598919K(629120K)->43509K(629120K) Eden: 559232K(559232K)->0K(559232K) From: 39687K(69888K)->43509K(69888K)
[270.632s][info][gc,heap        ] GC(2869) Tenured: 1096361K(1398144K)->1105013K(1398144K)
[270.632s][info][gc,metaspace   ] GC(2869) Metaspace: 134051K(135744K)->134051K(135744K) NonClass: 117185K(117952K)->117185K(117952K) Class: 16866K(17792K)->16866K(17792K)
[270.632s][info][gc             ] GC(2869) Pause Young (Allocation Failure) 1655M->1121M(1979M) 7.447ms
[270.632s][info][gc,cpu         ] GC(2869) User=0.00s Sys=0.00s Real=0.00s
[270.722s][info][gc,start       ] GC(2870) Pause Young (Allocation Failure)
[270.729s][info][gc,heap        ] GC(2870) DefNew: 602741K(629120K)->37270K(629120K) Eden: 559232K(559232K)->0K(559232K) From: 43509K(69888K)->37270K(69888K)
[270.729s][info][gc,heap        ] GC(2870) Tenured: 1105013K(1398144K)->1129606K(1398144K)
[270.729s][info][gc,metaspace   ] GC(2870) Metaspace: 134051K(135744K)->134051K(135744K) NonClass: 117185K(117952K)->117185K(117952K) Class: 16866K(17792K)->16866K(17792K)
[270.729s][info][gc             ] GC(2870) Pause Young (Allocation Failure) 1667M->1139M(1979M) 7.700ms
[270.729s][info][gc,cpu         ] GC(2870) User=0.00s Sys=0.00s Real=0.00s
[270.818s][info][gc,start       ] GC(2871) Pause Young (Allocation Failure)
[270.824s][info][gc,heap        ] GC(2871) DefNew: 596502K(629120K)->31015K(629120K) Eden: 559232K(559232K)->0K(559232K) From: 37270K(69888K)->31015K(69888K)
[270.824s][info][gc,heap        ] GC(2871) Tenured: 1129606K(1398144K)->1146007K(1398144K)
[270.824s][info][gc,metaspace   ] GC(2871) Metaspace: 134051K(135744K)->134051K(135744K) NonClass: 117185K(117952K)->117185K(117952K) Class: 16866K(17792K)->16866K(17792K)
[270.824s][info][gc             ] GC(2871) Pause Young (Allocation Failure) 1685M->1149M(1979M) 6.288ms
[270.824s][info][gc,cpu         ] GC(2871) User=0.00s Sys=0.00s Real=0.00s
[270.914s][info][gc,start       ] GC(2872) Pause Young (Allocation Failure)
[270.920s][info][gc,heap        ] GC(2872) DefNew: 590247K(629120K)->41935K(629120K) Eden: 559232K(559232K)->0K(559232K) From: 31015K(69888K)->41935K(69888K)
[270.920s][info][gc,heap        ] GC(2872) Tenured: 1146007K(1398144K)->1146007K(1398144K)
[270.920s][info][gc,metaspace   ] GC(2872) Metaspace: 134051K(135744K)->134051K(135744K) NonClass: 117185K(117952K)->117185K(117952K) Class: 16866K(17792K)->16866K(17792K)
[270.920s][info][gc             ] GC(2872) Pause Young (Allocation Failure) 1695M->1160M(1979M) 5.980ms
[270.920s][info][gc,cpu         ] GC(2872) User=0.00s Sys=0.00s Real=0.00s
[271.010s][info][gc,start       ] GC(2873) Pause Young (Allocation Failure)
[271.017s][info][gc,heap        ] GC(2873) DefNew: 601167K(629120K)->44247K(629120K) Eden: 559232K(559232K)->0K(559232K) From: 41935K(69888K)->44247K(69888K)
[271.017s][info][gc,heap        ] GC(2873) Tenured: 1146007K(1398144K)->1154202K(1398144K)
[271.017s][info][gc,metaspace   ] GC(2873) Metaspace: 134052K(135744K)->134052K(135744K) NonClass: 117186K(117952K)->117186K(117952K) Class: 16866K(17792K)->16866K(17792K)
[271.017s][info][gc             ] GC(2873) Pause Young (Allocation Failure) 1706M->1170M(1979M) 6.945ms
[271.017s][info][gc,cpu         ] GC(2873) User=0.02s Sys=0.00s Real=0.02s
[271.100s][info][gc,start       ] GC(2874) Pause Young (Allocation Failure)
[271.107s][info][gc,heap        ] GC(2874) DefNew: 603479K(629120K)->34491K(629120K) Eden: 559232K(559232K)->0K(559232K) From: 44247K(69888K)->34491K(69888K)
[271.107s][info][gc,heap        ] GC(2874) Tenured: 1154202K(1398144K)->1170590K(1398144K)
[271.107s][info][gc,metaspace   ] GC(2874) Metaspace: 134052K(135744K)->134052K(135744K) NonClass: 117186K(117952K)->117186K(117952K) Class: 16866K(17792K)->16866K(17792K)
[271.107s][info][gc             ] GC(2874) Pause Young (Allocation Failure) 1716M->1176M(1979M) 6.816ms
[271.107s][info][gc,cpu         ] GC(2874) User=0.00s Sys=0.00s Real=0.00s
[271.197s][info][gc,start       ] GC(2875) Pause Young (Allocation Failure)
[271.203s][info][gc,heap        ] GC(2875) DefNew: 593723K(629120K)->47381K(629120K) Eden: 559232K(559232K)->0K(559232K) From: 34491K(69888K)->47381K(69888K)
[271.203s][info][gc,heap        ] GC(2875) Tenured: 1170590K(1398144K)->1170590K(1398144K)
[271.203s][info][gc,metaspace   ] GC(2875) Metaspace: 134052K(135744K)->134052K(135744K) NonClass: 117186K(117952K)->117186K(117952K) Class: 16866K(17792K)->16866K(17792K)
[271.203s][info][gc             ] GC(2875) Pause Young (Allocation Failure) 1722M->1189M(1979M) 6.258ms
[271.203s][info][gc,cpu         ] GC(2875) User=0.00s Sys=0.00s Real=0.00s
[271.290s][info][gc,start       ] GC(2876) Pause Young (Allocation Failure)
[271.297s][info][gc,heap        ] GC(2876) DefNew: 604690K(629120K)->37698K(629120K) Eden: 557309K(559232K)->0K(559232K) From: 47381K(69888K)->37698K(69888K)
[271.297s][info][gc,heap        ] GC(2876) Tenured: 1170590K(1398144K)->1186982K(1398144K)
[271.297s][info][gc,metaspace   ] GC(2876) Metaspace: 134052K(135744K)->134052K(135744K) NonClass: 117186K(117952K)->117186K(117952K) Class: 16866K(17792K)->16866K(17792K)
[271.297s][info][gc             ] GC(2876) Pause Young (Allocation Failure) 1733M->1195M(1979M) 7.191ms
[271.297s][info][gc,cpu         ] GC(2876) User=0.00s Sys=0.00s Real=0.00s
[271.384s][info][gc,start       ] GC(2877) Pause Young (Allocation Failure)
[271.391s][info][gc,heap        ] GC(2877) DefNew: 596930K(629120K)->39593K(629120K) Eden: 559232K(559232K)->0K(559232K) From: 37698K(69888K)->39593K(69888K)
[271.391s][info][gc,heap        ] GC(2877) Tenured: 1186982K(1398144K)->1195222K(1398144K)
[271.391s][info][gc,metaspace   ] GC(2877) Metaspace: 134052K(135744K)->134052K(135744K) NonClass: 117186K(117952K)->117186K(117952K) Class: 16866K(17792K)->16866K(17792K)
[271.391s][info][gc             ] GC(2877) Pause Young (Allocation Failure) 1742M->1205M(1979M) 6.684ms
[271.391s][info][gc,cpu         ] GC(2877) User=0.00s Sys=0.00s Real=0.00s
[271.479s][info][gc,start       ] GC(2878) Pause Young (Allocation Failure)
[271.484s][info][gc,heap        ] GC(2878) DefNew: 598825K(629120K)->32372K(629120K) Eden: 559232K(559232K)->0K(559232K) From: 39593K(69888K)->32372K(69888K)
[271.485s][info][gc,heap        ] GC(2878) Tenured: 1195222K(1398144K)->1203418K(1398144K)
[271.485s][info][gc,metaspace   ] GC(2878) Metaspace: 134052K(135744K)->134052K(135744K) NonClass: 117186K(117952K)->117186K(117952K) Class: 16866K(17792K)->16866K(17792K)
[271.485s][info][gc             ] GC(2878) Pause Young (Allocation Failure) 1751M->1206M(1979M) 5.942ms
[271.485s][info][gc,cpu         ] GC(2878) User=0.00s Sys=0.00s Real=0.00s
[271.573s][info][gc,start       ] GC(2879) Pause Young (Allocation Failure)
[271.579s][info][gc,heap        ] GC(2879) DefNew: 591604K(629120K)->41749K(629120K) Eden: 559232K(559232K)->0K(559232K) From: 32372K(69888K)->41749K(69888K)
[271.579s][info][gc,heap        ] GC(2879) Tenured: 1203418K(1398144K)->1203418K(1398144K)
[271.579s][info][gc,metaspace   ] GC(2879) Metaspace: 134052K(135744K)->134052K(135744K) NonClass: 117186K(117952K)->117186K(117952K) Class: 16866K(17792K)->16866K(17792K)
[271.579s][info][gc             ] GC(2879) Pause Young (Allocation Failure) 1752M->1215M(1979M) 6.015ms
[271.579s][info][gc,cpu         ] GC(2879) User=0.00s Sys=0.00s Real=0.00s
[271.667s][info][gc,start       ] GC(2880) Pause Young (Allocation Failure)
[271.673s][info][gc,heap        ] GC(2880) DefNew: 598354K(629120K)->41267K(629120K) Eden: 556604K(559232K)->0K(559232K) From: 41749K(69888K)->41267K(69888K)
[271.673s][info][gc,heap        ] GC(2880) Tenured: 1203418K(1398144K)->1215710K(1398144K)
[271.673s][info][gc,metaspace   ] GC(2880) Metaspace: 134052K(135744K)->134052K(135744K) NonClass: 117186K(117952K)->117186K(117952K) Class: 16866K(17792K)->16866K(17792K)
[271.673s][info][gc             ] GC(2880) Pause Young (Allocation Failure) 1759M->1227M(1979M) 6.872ms
[271.673s][info][gc,cpu         ] GC(2880) User=0.00s Sys=0.00s Real=0.00s
[271.762s][info][gc,start       ] GC(2881) Pause Young (Allocation Failure)
[271.768s][info][gc,heap        ] GC(2881) DefNew: 600499K(629120K)->30373K(629120K) Eden: 559232K(559232K)->0K(559232K) From: 41267K(69888K)->30373K(69888K)
[271.768s][info][gc,heap        ] GC(2881) Tenured: 1215710K(1398144K)->1223904K(1398144K)
[271.768s][info][gc,metaspace   ] GC(2881) Metaspace: 134052K(135744K)->134052K(135744K) NonClass: 117186K(117952K)->117186K(117952K) Class: 16866K(17792K)->16866K(17792K)
[271.768s][info][gc             ] GC(2881) Pause Young (Allocation Failure) 1773M->1224M(1979M) 5.719ms
[271.768s][info][gc,cpu         ] GC(2881) User=0.00s Sys=0.00s Real=0.00s
[271.851s][info][gc,start       ] GC(2882) Pause Young (Allocation Failure)
[271.856s][info][gc,heap        ] GC(2882) DefNew: 589605K(629120K)->31940K(629120K) Eden: 559232K(559232K)->0K(559232K) From: 30373K(69888K)->31940K(69888K)
[271.856s][info][gc,heap        ] GC(2882) Tenured: 1223904K(1398144K)->1223904K(1398144K)
[271.856s][info][gc,metaspace   ] GC(2882) Metaspace: 134052K(135744K)->134052K(135744K) NonClass: 117186K(117952K)->117186K(117952K) Class: 16866K(17792K)->16866K(17792K)
[271.856s][info][gc             ] GC(2882) Pause Young (Allocation Failure) 1771M->1226M(1979M) 4.702ms
[271.856s][info][gc,cpu         ] GC(2882) User=0.00s Sys=0.00s Real=0.00s
[271.938s][info][gc,start       ] GC(2883) Pause Young (Allocation Failure)
[271.943s][info][gc,heap        ] GC(2883) DefNew: 591068K(629120K)->32853K(629120K) Eden: 559128K(559232K)->0K(559232K) From: 31940K(69888K)->32853K(69888K)
[271.943s][info][gc,heap        ] GC(2883) Tenured: 1223904K(1398144K)->1223904K(1398144K)
[271.943s][info][gc,metaspace   ] GC(2883) Metaspace: 134052K(135744K)->134052K(135744K) NonClass: 117186K(117952K)->117186K(117952K) Class: 16866K(17792K)->16866K(17792K)
[271.943s][info][gc             ] GC(2883) Pause Young (Allocation Failure) 1772M->1227M(1979M) 4.976ms
[271.943s][info][gc,cpu         ] GC(2883) User=0.00s Sys=0.00s Real=0.00s
[272.025s][info][gc,start       ] GC(2884) Pause Young (Allocation Failure)
[272.030s][info][gc,heap        ] GC(2884) DefNew: 592085K(629120K)->30387K(629120K) Eden: 559232K(559232K)->0K(559232K) From: 32853K(69888K)->30387K(69888K)
[272.030s][info][gc,heap        ] GC(2884) Tenured: 1223904K(1398144K)->1223904K(1398144K)
[272.030s][info][gc,metaspace   ] GC(2884) Metaspace: 134052K(135744K)->134052K(135744K) NonClass: 117186K(117952K)->117186K(117952K) Class: 16866K(17792K)->16866K(17792K)
[272.030s][info][gc             ] GC(2884) Pause Young (Allocation Failure) 1773M->1224M(1979M) 5.039ms
[272.030s][info][gc,cpu         ] GC(2884) User=0.00s Sys=0.00s Real=0.00s
[272.117s][info][gc,start       ] GC(2885) Pause Young (Allocation Failure)
[272.122s][info][gc,heap        ] GC(2885) DefNew: 589619K(629120K)->39247K(629120K) Eden: 559232K(559232K)->0K(559232K) From: 30387K(69888K)->39247K(69888K)
[272.122s][info][gc,heap        ] GC(2885) Tenured: 1223904K(1398144K)->1223904K(1398144K)
[272.122s][info][gc,metaspace   ] GC(2885) Metaspace: 134052K(135744K)->134052K(135744K) NonClass: 117186K(117952K)->117186K(117952K) Class: 16866K(17792K)->16866K(17792K)
[272.122s][info][gc             ] GC(2885) Pause Young (Allocation Failure) 1771M->1233M(1979M) 5.492ms
[272.122s][info][gc,cpu         ] GC(2885) User=0.02s Sys=0.00s Real=0.00s
[272.212s][info][gc,start       ] GC(2886) Pause Young (Allocation Failure)
[272.217s][info][gc,heap        ] GC(2886) DefNew: 598479K(629120K)->26878K(629120K) Eden: 559232K(559232K)->0K(559232K) From: 39247K(69888K)->26878K(69888K)
[272.217s][info][gc,heap        ] GC(2886) Tenured: 1223904K(1398144K)->1236194K(1398144K)
[272.217s][info][gc,metaspace   ] GC(2886) Metaspace: 134052K(135744K)->134052K(135744K) NonClass: 117186K(117952K)->117186K(117952K) Class: 16866K(17792K)->16866K(17792K)
[272.217s][info][gc             ] GC(2886) Pause Young (Allocation Failure) 1779M->1233M(1979M) 5.724ms
[272.217s][info][gc,cpu         ] GC(2886) User=0.00s Sys=0.00s Real=0.00s
[272.304s][info][gc,start       ] GC(2887) Pause Young (Allocation Failure)
[272.308s][info][gc,heap        ] GC(2887) DefNew: 586110K(629120K)->23068K(629120K) Eden: 559232K(559232K)->0K(559232K) From: 26878K(69888K)->23068K(69888K)
[272.308s][info][gc,heap        ] GC(2887) Tenured: 1236194K(1398144K)->1236194K(1398144K)
[272.308s][info][gc,metaspace   ] GC(2887) Metaspace: 134052K(135744K)->134052K(135744K) NonClass: 117186K(117952K)->117186K(117952K) Class: 16866K(17792K)->16866K(17792K)
[272.308s][info][gc             ] GC(2887) Pause Young (Allocation Failure) 1779M->1229M(1979M) 4.319ms
[272.308s][info][gc,cpu         ] GC(2887) User=0.00s Sys=0.00s Real=0.02s
[272.395s][info][gc,start       ] GC(2888) Pause Young (Allocation Failure)
[272.400s][info][gc,heap        ] GC(2888) DefNew: 582300K(629120K)->30099K(629120K) Eden: 559232K(559232K)->0K(559232K) From: 23068K(69888K)->30099K(69888K)
[272.400s][info][gc,heap        ] GC(2888) Tenured: 1236194K(1398144K)->1236194K(1398144K)
[272.400s][info][gc,metaspace   ] GC(2888) Metaspace: 134052K(135744K)->134052K(135744K) NonClass: 117186K(117952K)->117186K(117952K) Class: 16866K(17792K)->16866K(17792K)
[272.400s][info][gc             ] GC(2888) Pause Young (Allocation Failure) 1775M->1236M(1979M) 4.940ms
[272.400s][info][gc,cpu         ] GC(2888) User=0.00s Sys=0.00s Real=0.02s
[272.487s][info][gc,start       ] GC(2889) Pause Young (Allocation Failure)
[272.491s][info][gc,heap        ] GC(2889) DefNew: 589331K(629120K)->20830K(629120K) Eden: 559232K(559232K)->0K(559232K) From: 30099K(69888K)->20830K(69888K)
[272.491s][info][gc,heap        ] GC(2889) Tenured: 1236194K(1398144K)->1236194K(1398144K)
[272.491s][info][gc,metaspace   ] GC(2889) Metaspace: 134052K(135744K)->134052K(135744K) NonClass: 117186K(117952K)->117186K(117952K) Class: 16866K(17792K)->16866K(17792K)
[272.491s][info][gc             ] GC(2889) Pause Young (Allocation Failure) 1782M->1227M(1979M) 4.135ms
[272.491s][info][gc,cpu         ] GC(2889) User=0.00s Sys=0.00s Real=0.00s
[272.579s][info][gc,start       ] GC(2890) Pause Young (Allocation Failure)
[272.583s][info][gc,heap        ] GC(2890) DefNew: 580062K(629120K)->26980K(629120K) Eden: 559232K(559232K)->0K(559232K) From: 20830K(69888K)->26980K(69888K)
[272.583s][info][gc,heap        ] GC(2890) Tenured: 1236194K(1398144K)->1236194K(1398144K)
[272.583s][info][gc,metaspace   ] GC(2890) Metaspace: 134052K(135744K)->134052K(135744K) NonClass: 117186K(117952K)->117186K(117952K) Class: 16866K(17792K)->16866K(17792K)
[272.583s][info][gc             ] GC(2890) Pause Young (Allocation Failure) 1773M->1233M(1979M) 4.557ms
[272.583s][info][gc,cpu         ] GC(2890) User=0.00s Sys=0.00s Real=0.00s
[272.669s][info][gc,start       ] GC(2891) Pause Young (Allocation Failure)
[272.674s][info][gc,heap        ] GC(2891) DefNew: 586212K(629120K)->33234K(629120K) Eden: 559232K(559232K)->0K(559232K) From: 26980K(69888K)->33234K(69888K)
[272.674s][info][gc,heap        ] GC(2891) Tenured: 1236194K(1398144K)->1236194K(1398144K)
[272.674s][info][gc,metaspace   ] GC(2891) Metaspace: 134052K(135744K)->134052K(135744K) NonClass: 117186K(117952K)->117186K(117952K) Class: 16866K(17792K)->16866K(17792K)
[272.674s][info][gc             ] GC(2891) Pause Young (Allocation Failure) 1779M->1239M(1979M) 5.320ms
[272.674s][info][gc,cpu         ] GC(2891) User=0.00s Sys=0.00s Real=0.00s
[272.761s][info][gc,start       ] GC(2892) Pause Young (Allocation Failure)
[272.765s][info][gc,heap        ] GC(2892) DefNew: 592466K(629120K)->22269K(629120K) Eden: 559232K(559232K)->0K(559232K) From: 33234K(69888K)->22269K(69888K)
[272.765s][info][gc,heap        ] GC(2892) Tenured: 1236194K(1398144K)->1236194K(1398144K)
[272.765s][info][gc,metaspace   ] GC(2892) Metaspace: 134052K(135744K)->134052K(135744K) NonClass: 117186K(117952K)->117186K(117952K) Class: 16866K(17792K)->16866K(17792K)
[272.765s][info][gc             ] GC(2892) Pause Young (Allocation Failure) 1785M->1228M(1979M) 4.317ms
[272.765s][info][gc,cpu         ] GC(2892) User=0.00s Sys=0.00s Real=0.00s
[272.853s][info][gc,start       ] GC(2893) Pause Young (Allocation Failure)
[272.857s][info][gc,heap        ] GC(2893) DefNew: 581501K(629120K)->26956K(629120K) Eden: 559232K(559232K)->0K(559232K) From: 22269K(69888K)->26956K(69888K)
[272.857s][info][gc,heap        ] GC(2893) Tenured: 1236194K(1398144K)->1236194K(1398144K)
[272.857s][info][gc,metaspace   ] GC(2893) Metaspace: 134052K(135744K)->134052K(135744K) NonClass: 117186K(117952K)->117186K(117952K) Class: 16866K(17792K)->16866K(17792K)
[272.858s][info][gc             ] GC(2893) Pause Young (Allocation Failure) 1775M->1233M(1979M) 4.483ms
[272.858s][info][gc,cpu         ] GC(2893) User=0.00s Sys=0.00s Real=0.00s
[272.944s][info][gc,start       ] GC(2894) Pause Young (Allocation Failure)
[272.948s][info][gc,heap        ] GC(2894) DefNew: 586188K(629120K)->20534K(629120K) Eden: 559232K(559232K)->0K(559232K) From: 26956K(69888K)->20534K(69888K)
[272.948s][info][gc,heap        ] GC(2894) Tenured: 1236194K(1398144K)->1236194K(1398144K)
[272.948s][info][gc,metaspace   ] GC(2894) Metaspace: 134052K(135744K)->134052K(135744K) NonClass: 117186K(117952K)->117186K(117952K) Class: 16866K(17792K)->16866K(17792K)
[272.948s][info][gc             ] GC(2894) Pause Young (Allocation Failure) 1779M->1227M(1979M) 3.712ms
[272.948s][info][gc,cpu         ] GC(2894) User=0.00s Sys=0.00s Real=0.00s
[273.037s][info][gc,start       ] GC(2895) Pause Young (Allocation Failure)
[273.041s][info][gc,heap        ] GC(2895) DefNew: 579766K(629120K)->19716K(629120K) Eden: 559232K(559232K)->0K(559232K) From: 20534K(69888K)->19716K(69888K)
[273.041s][info][gc,heap        ] GC(2895) Tenured: 1236194K(1398144K)->1240311K(1398144K)
[273.041s][info][gc,metaspace   ] GC(2895) Metaspace: 134052K(135744K)->134052K(135744K) NonClass: 117186K(117952K)->117186K(117952K) Class: 16866K(17792K)->16866K(17792K)
[273.041s][info][gc             ] GC(2895) Pause Young (Allocation Failure) 1773M->1230M(1979M) 4.355ms
[273.041s][info][gc,cpu         ] GC(2895) User=0.00s Sys=0.00s Real=0.00s
[273.130s][info][gc,start       ] GC(2896) Pause Young (Allocation Failure)
[273.135s][info][gc,heap        ] GC(2896) DefNew: 578948K(629120K)->20881K(629120K) Eden: 559232K(559232K)->0K(559232K) From: 19716K(69888K)->20881K(69888K)
[273.135s][info][gc,heap        ] GC(2896) Tenured: 1240311K(1398144K)->1248527K(1398144K)
[273.135s][info][gc,metaspace   ] GC(2896) Metaspace: 134052K(135744K)->134052K(135744K) NonClass: 117186K(117952K)->117186K(117952K) Class: 16866K(17792K)->16866K(17792K)
[273.135s][info][gc             ] GC(2896) Pause Young (Allocation Failure) 1776M->1239M(1979M) 4.871ms
[273.135s][info][gc,cpu         ] GC(2896) User=0.00s Sys=0.00s Real=0.00s
[273.225s][info][gc,start       ] GC(2897) Pause Young (Allocation Failure)
[273.228s][info][gc,heap        ] GC(2897) DefNew: 580113K(629120K)->9170K(629120K) Eden: 559232K(559232K)->0K(559232K) From: 20881K(69888K)->9170K(69888K)
[273.228s][info][gc,heap        ] GC(2897) Tenured: 1248527K(1398144K)->1248527K(1398144K)
[273.228s][info][gc,metaspace   ] GC(2897) Metaspace: 134052K(135744K)->134052K(135744K) NonClass: 117186K(117952K)->117186K(117952K) Class: 16866K(17792K)->16866K(17792K)
[273.228s][info][gc             ] GC(2897) Pause Young (Allocation Failure) 1785M->1228M(1979M) 2.989ms
[273.228s][info][gc,cpu         ] GC(2897) User=0.00s Sys=0.00s Real=0.00s
[273.317s][info][gc,start       ] GC(2898) Pause Young (Allocation Failure)
[273.320s][info][gc,heap        ] GC(2898) DefNew: 568402K(629120K)->14647K(629120K) Eden: 559232K(559232K)->0K(559232K) From: 9170K(69888K)->14647K(69888K)
[273.320s][info][gc,heap        ] GC(2898) Tenured: 1248527K(1398144K)->1248527K(1398144K)
[273.320s][info][gc,metaspace   ] GC(2898) Metaspace: 134052K(135744K)->134052K(135744K) NonClass: 117186K(117952K)->117186K(117952K) Class: 16866K(17792K)->16866K(17792K)
[273.320s][info][gc             ] GC(2898) Pause Young (Allocation Failure) 1774M->1233M(1979M) 3.308ms
[273.320s][info][gc,cpu         ] GC(2898) User=0.00s Sys=0.00s Real=0.00s
[273.463s][info][gc,start       ] GC(2899) Pause Young (Allocation Failure)
[273.466s][info][gc,heap        ] GC(2899) DefNew: 573879K(629120K)->14183K(629120K) Eden: 559232K(559232K)->0K(559232K) From: 14647K(69888K)->14183K(69888K)
[273.466s][info][gc,heap        ] GC(2899) Tenured: 1248527K(1398144K)->1248527K(1398144K)
[273.466s][info][gc,metaspace   ] GC(2899) Metaspace: 134077K(135744K)->134077K(135744K) NonClass: 117211K(117952K)->117211K(117952K) Class: 16866K(17792K)->16866K(17792K)
[273.466s][info][gc             ] GC(2899) Pause Young (Allocation Failure) 1779M->1233M(1979M) 3.465ms
[273.467s][info][gc,cpu         ] GC(2899) User=0.00s Sys=0.00s Real=0.00s
[273.617s][info][gc,start       ] GC(2900) Pause Full (System.gc())
[273.617s][info][gc,phases,start] GC(2900) Phase 1: Mark live objects
[273.679s][info][gc,phases      ] GC(2900) Phase 1: Mark live objects 62.056ms
[273.679s][info][gc,phases,start] GC(2900) Phase 2: Compute new object addresses
[273.723s][info][gc,phases      ] GC(2900) Phase 2: Compute new object addresses 43.933ms
[273.723s][info][gc,phases,start] GC(2900) Phase 3: Adjust pointers
[273.759s][info][gc,phases      ] GC(2900) Phase 3: Adjust pointers 35.903ms
[273.759s][info][gc,phases,start] GC(2900) Phase 4: Move objects
[273.848s][info][gc,phases      ] GC(2900) Phase 4: Move objects 89.102ms
[273.849s][info][gc,heap        ] GC(2900) DefNew: 260405K(629120K)->0K(629120K) Eden: 246221K(559232K)->0K(559232K) From: 14183K(69888K)->0K(69888K)
[273.849s][info][gc,heap        ] GC(2900) Tenured: 1248527K(1398144K)->971403K(1398144K)
[273.849s][info][gc,metaspace   ] GC(2900) Metaspace: 134119K(135808K)->134119K(135808K) NonClass: 117253K(118016K)->117253K(118016K) Class: 16866K(17792K)->16866K(17792K)
[273.849s][info][gc             ] GC(2900) Pause Full (System.gc()) 1473M->948M(1979M) 232.099ms
[273.849s][info][gc,cpu         ] GC(2900) User=0.22s Sys=0.00s Real=0.24s
[273.969s][info][gc,start       ] GC(2901) Pause Young (Allocation Failure)
[273.974s][info][gc,heap        ] GC(2901) DefNew: 559232K(629120K)->4927K(629120K) Eden: 559232K(559232K)->0K(559232K) From: 0K(69888K)->4927K(69888K)
[273.974s][info][gc,heap        ] GC(2901) Tenured: 971403K(1398144K)->971403K(1398144K)
[273.974s][info][gc,metaspace   ] GC(2901) Metaspace: 134126K(135808K)->134126K(135808K) NonClass: 117259K(118016K)->117259K(118016K) Class: 16866K(17792K)->16866K(17792K)
[273.974s][info][gc             ] GC(2901) Pause Young (Allocation Failure) 1494M->953M(1979M) 4.782ms
[273.974s][info][gc,cpu         ] GC(2901) User=0.00s Sys=0.00s Real=0.00s
[274.029s][info][gc,start       ] GC(2902) Pause Young (Allocation Failure)
[274.032s][info][gc,heap        ] GC(2902) DefNew: 564159K(629120K)->6087K(629120K) Eden: 559232K(559232K)->0K(559232K) From: 4927K(69888K)->6087K(69888K)
[274.032s][info][gc,heap        ] GC(2902) Tenured: 971403K(1398144K)->971403K(1398144K)
[274.032s][info][gc,metaspace   ] GC(2902) Metaspace: 134126K(135808K)->134126K(135808K) NonClass: 117259K(118016K)->117259K(118016K) Class: 16866K(17792K)->16866K(17792K)
[274.032s][info][gc             ] GC(2902) Pause Young (Allocation Failure) 1499M->954M(1979M) 3.862ms
[274.033s][info][gc,cpu         ] GC(2902) User=0.00s Sys=0.00s Real=0.00s
[274.086s][info][gc,start       ] GC(2903) Pause Young (Allocation Failure)
[274.090s][info][gc,heap        ] GC(2903) DefNew: 565319K(629120K)->9016K(629120K) Eden: 559232K(559232K)->0K(559232K) From: 6087K(69888K)->9016K(69888K)
[274.090s][info][gc,heap        ] GC(2903) Tenured: 971403K(1398144K)->971403K(1398144K)
[274.090s][info][gc,metaspace   ] GC(2903) Metaspace: 134126K(135808K)->134126K(135808K) NonClass: 117259K(118016K)->117259K(118016K) Class: 16866K(17792K)->16866K(17792K)
[274.090s][info][gc             ] GC(2903) Pause Young (Allocation Failure) 1500M->957M(1979M) 4.167ms
[274.090s][info][gc,cpu         ] GC(2903) User=0.00s Sys=0.00s Real=0.02s
[274.146s][info][gc,start       ] GC(2904) Pause Young (Allocation Failure)
[274.150s][info][gc,heap        ] GC(2904) DefNew: 568248K(629120K)->10366K(629120K) Eden: 559232K(559232K)->0K(559232K) From: 9016K(69888K)->10366K(69888K)
[274.150s][info][gc,heap        ] GC(2904) Tenured: 971403K(1398144K)->971403K(1398144K)
[274.150s][info][gc,metaspace   ] GC(2904) Metaspace: 134129K(135808K)->134129K(135808K) NonClass: 117263K(118016K)->117263K(118016K) Class: 16866K(17792K)->16866K(17792K)
[274.150s][info][gc             ] GC(2904) Pause Young (Allocation Failure) 1503M->958M(1979M) 4.583ms
[274.150s][info][gc,cpu         ] GC(2904) User=0.02s Sys=0.00s Real=0.02s
[274.208s][info][gc,start       ] GC(2905) Pause Young (Allocation Failure)
[274.213s][info][gc,heap        ] GC(2905) DefNew: 569598K(629120K)->17317K(629120K) Eden: 559232K(559232K)->0K(559232K) From: 10366K(69888K)->17317K(69888K)
[274.213s][info][gc,heap        ] GC(2905) Tenured: 971403K(1398144K)->971403K(1398144K)
[274.213s][info][gc,metaspace   ] GC(2905) Metaspace: 134131K(135808K)->134131K(135808K) NonClass: 117265K(118016K)->117265K(118016K) Class: 16866K(17792K)->16866K(17792K)
[274.213s][info][gc             ] GC(2905) Pause Young (Allocation Failure) 1504M->965M(1979M) 5.617ms
[274.213s][info][gc,cpu         ] GC(2905) User=0.00s Sys=0.00s Real=0.02s
[274.270s][info][gc,start       ] GC(2906) Pause Young (Allocation Failure)
[274.275s][info][gc,heap        ] GC(2906) DefNew: 576549K(629120K)->19045K(629120K) Eden: 559232K(559232K)->0K(559232K) From: 17317K(69888K)->19045K(69888K)
[274.275s][info][gc,heap        ] GC(2906) Tenured: 971403K(1398144K)->971403K(1398144K)
[274.275s][info][gc,metaspace   ] GC(2906) Metaspace: 134131K(135808K)->134131K(135808K) NonClass: 117265K(118016K)->117265K(118016K) Class: 16866K(17792K)->16866K(17792K)
[274.276s][info][gc             ] GC(2906) Pause Young (Allocation Failure) 1511M->967M(1979M) 5.393ms
[274.276s][info][gc,cpu         ] GC(2906) User=0.00s Sys=0.00s Real=0.02s
[274.331s][info][gc,start       ] GC(2907) Pause Young (Allocation Failure)
[274.337s][info][gc,heap        ] GC(2907) DefNew: 578277K(629120K)->25513K(629120K) Eden: 559232K(559232K)->0K(559232K) From: 19045K(69888K)->25513K(69888K)
[274.337s][info][gc,heap        ] GC(2907) Tenured: 971403K(1398144K)->971403K(1398144K)
[274.337s][info][gc,metaspace   ] GC(2907) Metaspace: 134131K(135808K)->134131K(135808K) NonClass: 117265K(118016K)->117265K(118016K) Class: 16866K(17792K)->16866K(17792K)
[274.337s][info][gc             ] GC(2907) Pause Young (Allocation Failure) 1513M->973M(1979M) 5.981ms
[274.337s][info][gc,cpu         ] GC(2907) User=0.02s Sys=0.00s Real=0.00s
[274.393s][info][gc,start       ] GC(2908) Pause Young (Allocation Failure)
[274.399s][info][gc,heap        ] GC(2908) DefNew: 584745K(629120K)->33497K(629120K) Eden: 559232K(559232K)->0K(559232K) From: 25513K(69888K)->33497K(69888K)
[274.399s][info][gc,heap        ] GC(2908) Tenured: 971403K(1398144K)->971403K(1398144K)
[274.399s][info][gc,metaspace   ] GC(2908) Metaspace: 134131K(135808K)->134131K(135808K) NonClass: 117265K(118016K)->117265K(118016K) Class: 16866K(17792K)->16866K(17792K)
[274.399s][info][gc             ] GC(2908) Pause Young (Allocation Failure) 1519M->981M(1979M) 6.546ms
[274.400s][info][gc,cpu         ] GC(2908) User=0.00s Sys=0.00s Real=0.00s
[274.455s][info][gc,start       ] GC(2909) Pause Young (Allocation Failure)
[274.462s][info][gc,heap        ] GC(2909) DefNew: 592729K(629120K)->34468K(629120K) Eden: 559232K(559232K)->0K(559232K) From: 33497K(69888K)->34468K(69888K)
[274.462s][info][gc,heap        ] GC(2909) Tenured: 971403K(1398144K)->971403K(1398144K)
[274.462s][info][gc,metaspace   ] GC(2909) Metaspace: 134131K(135808K)->134131K(135808K) NonClass: 117265K(118016K)->117265K(118016K) Class: 16866K(17792K)->16866K(17792K)
[274.462s][info][gc             ] GC(2909) Pause Young (Allocation Failure) 1527M->982M(1979M) 6.588ms
[274.462s][info][gc,cpu         ] GC(2909) User=0.00s Sys=0.00s Real=0.01s
[274.517s][info][gc,start       ] GC(2910) Pause Young (Allocation Failure)
[274.524s][info][gc,heap        ] GC(2910) DefNew: 593700K(629120K)->38575K(629120K) Eden: 559232K(559232K)->0K(559232K) From: 34468K(69888K)->38575K(69888K)
[274.525s][info][gc,heap        ] GC(2910) Tenured: 971403K(1398144K)->971403K(1398144K)
[274.525s][info][gc,metaspace   ] GC(2910) Metaspace: 134131K(135808K)->134131K(135808K) NonClass: 117265K(118016K)->117265K(118016K) Class: 16866K(17792K)->16866K(17792K)
[274.525s][info][gc             ] GC(2910) Pause Young (Allocation Failure) 1528M->986M(1979M) 7.100ms
[274.525s][info][gc,cpu         ] GC(2910) User=0.00s Sys=0.00s Real=0.00s
[274.581s][info][gc,start       ] GC(2911) Pause Young (Allocation Failure)
[274.589s][info][gc,heap        ] GC(2911) DefNew: 597807K(629120K)->40125K(629120K) Eden: 559232K(559232K)->0K(559232K) From: 38575K(69888K)->40125K(69888K)
[274.589s][info][gc,heap        ] GC(2911) Tenured: 971403K(1398144K)->977079K(1398144K)
[274.589s][info][gc,metaspace   ] GC(2911) Metaspace: 134131K(135808K)->134131K(135808K) NonClass: 117265K(118016K)->117265K(118016K) Class: 16866K(17792K)->16866K(17792K)
[274.589s][info][gc             ] GC(2911) Pause Young (Allocation Failure) 1532M->993M(1979M) 8.046ms
[274.589s][info][gc,cpu         ] GC(2911) User=0.02s Sys=0.00s Real=0.00s
[274.645s][info][gc,start       ] GC(2912) Pause Young (Allocation Failure)
[274.651s][info][gc,heap        ] GC(2912) DefNew: 599357K(629120K)->32606K(629120K) Eden: 559232K(559232K)->0K(559232K) From: 40125K(69888K)->32606K(69888K)
[274.651s][info][gc,heap        ] GC(2912) Tenured: 977079K(1398144K)->985578K(1398144K)
[274.651s][info][gc,metaspace   ] GC(2912) Metaspace: 134131K(135808K)->134131K(135808K) NonClass: 117265K(118016K)->117265K(118016K) Class: 16866K(17792K)->16866K(17792K)
[274.651s][info][gc             ] GC(2912) Pause Young (Allocation Failure) 1539M->994M(1979M) 6.236ms
[274.651s][info][gc,cpu         ] GC(2912) User=0.02s Sys=0.00s Real=0.00s
[274.707s][info][gc,start       ] GC(2913) Pause Young (Allocation Failure)
[274.712s][info][gc,heap        ] GC(2913) DefNew: 591838K(629120K)->38258K(629120K) Eden: 559232K(559232K)->0K(559232K) From: 32606K(69888K)->38258K(69888K)
[274.712s][info][gc,heap        ] GC(2913) Tenured: 985578K(1398144K)->985578K(1398144K)
[274.712s][info][gc,metaspace   ] GC(2913) Metaspace: 134131K(135808K)->134131K(135808K) NonClass: 117265K(118016K)->117265K(118016K) Class: 16866K(17792K)->16866K(17792K)
[274.712s][info][gc             ] GC(2913) Pause Young (Allocation Failure) 1540M->999M(1979M) 5.658ms
[274.712s][info][gc,cpu         ] GC(2913) User=0.02s Sys=0.00s Real=0.00s
[274.768s][info][gc,start       ] GC(2914) Pause Young (Allocation Failure)
[274.774s][info][gc,heap        ] GC(2914) DefNew: 597490K(629120K)->40734K(629120K) Eden: 559232K(559232K)->0K(559232K) From: 38258K(69888K)->40734K(69888K)
[274.774s][info][gc,heap        ] GC(2914) Tenured: 985578K(1398144K)->989677K(1398144K)
[274.774s][info][gc,metaspace   ] GC(2914) Metaspace: 134131K(135808K)->134131K(135808K) NonClass: 117265K(118016K)->117265K(118016K) Class: 16866K(17792K)->16866K(17792K)
[274.774s][info][gc             ] GC(2914) Pause Young (Allocation Failure) 1545M->1006M(1979M) 6.202ms
[274.774s][info][gc,cpu         ] GC(2914) User=0.02s Sys=0.00s Real=0.00s
[274.830s][info][gc,start       ] GC(2915) Pause Young (Allocation Failure)
[274.836s][info][gc,heap        ] GC(2915) DefNew: 599966K(629120K)->34144K(629120K) Eden: 559232K(559232K)->0K(559232K) From: 40734K(69888K)->34144K(69888K)
[274.836s][info][gc,heap        ] GC(2915) Tenured: 989677K(1398144K)->997872K(1398144K)
[274.836s][info][gc,metaspace   ] GC(2915) Metaspace: 134131K(135808K)->134131K(135808K) NonClass: 117265K(118016K)->117265K(118016K) Class: 16866K(17792K)->16866K(17792K)
[274.836s][info][gc             ] GC(2915) Pause Young (Allocation Failure) 1552M->1007M(1979M) 5.879ms
[274.836s][info][gc,cpu         ] GC(2915) User=0.02s Sys=0.00s Real=0.00s
[274.893s][info][gc,start       ] GC(2916) Pause Young (Allocation Failure)
[274.898s][info][gc,heap        ] GC(2916) DefNew: 593376K(629120K)->36305K(629120K) Eden: 559232K(559232K)->0K(559232K) From: 34144K(69888K)->36305K(69888K)
[274.898s][info][gc,heap        ] GC(2916) Tenured: 997872K(1398144K)->997872K(1398144K)
[274.898s][info][gc,metaspace   ] GC(2916) Metaspace: 134131K(135808K)->134131K(135808K) NonClass: 117265K(118016K)->117265K(118016K) Class: 16866K(17792K)->16866K(17792K)
[274.898s][info][gc             ] GC(2916) Pause Young (Allocation Failure) 1553M->1009M(1979M) 5.378ms
[274.898s][info][gc,cpu         ] GC(2916) User=0.00s Sys=0.00s Real=0.00s
[274.956s][info][gc,start       ] GC(2917) Pause Young (Allocation Failure)
[274.962s][info][gc,heap        ] GC(2917) DefNew: 595537K(629120K)->36704K(629120K) Eden: 559232K(559232K)->0K(559232K) From: 36305K(69888K)->36704K(69888K)
[274.962s][info][gc,heap        ] GC(2917) Tenured: 997872K(1398144K)->1001969K(1398144K)
[274.962s][info][gc,metaspace   ] GC(2917) Metaspace: 134131K(135808K)->134131K(135808K) NonClass: 117265K(118016K)->117265K(118016K) Class: 16866K(17792K)->16866K(17792K)
[274.962s][info][gc             ] GC(2917) Pause Young (Allocation Failure) 1556M->1014M(1979M) 6.287ms
[274.962s][info][gc,cpu         ] GC(2917) User=0.00s Sys=0.00s Real=0.01s
[275.049s][info][gc,start       ] GC(2918) Pause Young (Allocation Failure)
[275.056s][info][gc,heap        ] GC(2918) DefNew: 595936K(629120K)->46313K(629120K) Eden: 559232K(559232K)->0K(559232K) From: 36704K(69888K)->46313K(69888K)
[275.056s][info][gc,heap        ] GC(2918) Tenured: 1001969K(1398144K)->1006066K(1398144K)
[275.056s][info][gc,metaspace   ] GC(2918) Metaspace: 134131K(135808K)->134131K(135808K) NonClass: 117265K(118016K)->117265K(118016K) Class: 16866K(17792K)->16866K(17792K)
[275.056s][info][gc             ] GC(2918) Pause Young (Allocation Failure) 1560M->1027M(1979M) 6.874ms
[275.056s][info][gc,cpu         ] GC(2918) User=0.00s Sys=0.00s Real=0.00s
[275.144s][info][gc,start       ] GC(2919) Pause Young (Allocation Failure)
[275.153s][info][gc,heap        ] GC(2919) DefNew: 605545K(629120K)->49444K(629120K) Eden: 559232K(559232K)->0K(559232K) From: 46313K(69888K)->49444K(69888K)
[275.153s][info][gc,heap        ] GC(2919) Tenured: 1006066K(1398144K)->1018378K(1398144K)
[275.153s][info][gc,metaspace   ] GC(2919) Metaspace: 134131K(135808K)->134131K(135808K) NonClass: 117265K(118016K)->117265K(118016K) Class: 16866K(17792K)->16866K(17792K)
[275.153s][info][gc             ] GC(2919) Pause Young (Allocation Failure) 1573M->1042M(1979M) 8.636ms
[275.153s][info][gc,cpu         ] GC(2919) User=0.00s Sys=0.00s Real=0.00s
[275.242s][info][gc,start       ] GC(2920) Pause Young (Allocation Failure)
[275.250s][info][gc,heap        ] GC(2920) DefNew: 608676K(629120K)->46580K(629120K) Eden: 559232K(559232K)->0K(559232K) From: 49444K(69888K)->46580K(69888K)
[275.250s][info][gc,heap        ] GC(2920) Tenured: 1018378K(1398144K)->1035083K(1398144K)
[275.250s][info][gc,metaspace   ] GC(2920) Metaspace: 134131K(135808K)->134131K(135808K) NonClass: 117265K(118016K)->117265K(118016K) Class: 16866K(17792K)->16866K(17792K)
[275.251s][info][gc             ] GC(2920) Pause Young (Allocation Failure) 1588M->1056M(1979M) 8.300ms
[275.251s][info][gc,cpu         ] GC(2920) User=0.00s Sys=0.00s Real=0.00s
[275.340s][info][gc,start       ] GC(2921) Pause Young (Allocation Failure)
[275.347s][info][gc,heap        ] GC(2921) DefNew: 605812K(629120K)->45056K(629120K) Eden: 559232K(559232K)->0K(559232K) From: 46580K(69888K)->45056K(69888K)
[275.347s][info][gc,heap        ] GC(2921) Tenured: 1035083K(1398144K)->1047513K(1398144K)
[275.347s][info][gc,metaspace   ] GC(2921) Metaspace: 134131K(135808K)->134131K(135808K) NonClass: 117265K(118016K)->117265K(118016K) Class: 16866K(17792K)->16866K(17792K)
[275.347s][info][gc             ] GC(2921) Pause Young (Allocation Failure) 1602M->1066M(1979M) 7.501ms
[275.347s][info][gc,cpu         ] GC(2921) User=0.00s Sys=0.00s Real=0.02s
[275.434s][info][gc,start       ] GC(2922) Pause Young (Allocation Failure)
[275.441s][info][gc,heap        ] GC(2922) DefNew: 603847K(629120K)->45044K(629120K) Eden: 558791K(559232K)->0K(559232K) From: 45056K(69888K)->45044K(69888K)
[275.441s][info][gc,heap        ] GC(2922) Tenured: 1047513K(1398144K)->1059806K(1398144K)
[275.441s][info][gc,metaspace   ] GC(2922) Metaspace: 134131K(135808K)->134131K(135808K) NonClass: 117265K(118016K)->117265K(118016K) Class: 16866K(17792K)->16866K(17792K)
[275.441s][info][gc             ] GC(2922) Pause Young (Allocation Failure) 1612M->1078M(1979M) 7.354ms
[275.441s][info][gc,cpu         ] GC(2922) User=0.00s Sys=0.00s Real=0.02s
[275.528s][info][gc,start       ] GC(2923) Pause Young (Allocation Failure)
[275.536s][info][gc,heap        ] GC(2923) DefNew: 603956K(629120K)->45833K(629120K) Eden: 558911K(559232K)->0K(559232K) From: 45044K(69888K)->45833K(69888K)
[275.536s][info][gc,heap        ] GC(2923) Tenured: 1059806K(1398144K)->1072097K(1398144K)
[275.536s][info][gc,metaspace   ] GC(2923) Metaspace: 134131K(135808K)->134131K(135808K) NonClass: 117265K(118016K)->117265K(118016K) Class: 16866K(17792K)->16866K(17792K)
[275.536s][info][gc             ] GC(2923) Pause Young (Allocation Failure) 1624M->1091M(1979M) 7.957ms
[275.536s][info][gc,cpu         ] GC(2923) User=0.00s Sys=0.00s Real=0.02s
[275.626s][info][gc,start       ] GC(2924) Pause Young (Allocation Failure)
[275.633s][info][gc,heap        ] GC(2924) DefNew: 605065K(629120K)->38582K(629120K) Eden: 559232K(559232K)->0K(559232K) From: 45833K(69888K)->38582K(69888K)
[275.633s][info][gc,heap        ] GC(2924) Tenured: 1072097K(1398144K)->1088487K(1398144K)
[275.633s][info][gc,metaspace   ] GC(2924) Metaspace: 134137K(135808K)->134137K(135808K) NonClass: 117271K(118016K)->117271K(118016K) Class: 16866K(17792K)->16866K(17792K)
[275.633s][info][gc             ] GC(2924) Pause Young (Allocation Failure) 1637M->1100M(1979M) 7.078ms
[275.633s][info][gc,cpu         ] GC(2924) User=0.00s Sys=0.00s Real=0.02s
[275.716s][info][gc,start       ] GC(2925) Pause Young (Allocation Failure)
[275.722s][info][gc,heap        ] GC(2925) DefNew: 597814K(629120K)->35087K(629120K) Eden: 559232K(559232K)->0K(559232K) From: 38582K(69888K)->35087K(69888K)
[275.722s][info][gc,heap        ] GC(2925) Tenured: 1088487K(1398144K)->1100778K(1398144K)
[275.722s][info][gc,metaspace   ] GC(2925) Metaspace: 134137K(135808K)->134137K(135808K) NonClass: 117271K(118016K)->117271K(118016K) Class: 16866K(17792K)->16866K(17792K)
[275.723s][info][gc             ] GC(2925) Pause Young (Allocation Failure) 1646M->1109M(1979M) 6.779ms
[275.723s][info][gc,cpu         ] GC(2925) User=0.00s Sys=0.00s Real=0.00s
[275.809s][info][gc,start       ] GC(2926) Pause Young (Allocation Failure)
[275.816s][info][gc,heap        ] GC(2926) DefNew: 594319K(629120K)->34374K(629120K) Eden: 559232K(559232K)->0K(559232K) From: 35087K(69888K)->34374K(69888K)
[275.816s][info][gc,heap        ] GC(2926) Tenured: 1100778K(1398144K)->1113070K(1398144K)
[275.816s][info][gc,metaspace   ] GC(2926) Metaspace: 134137K(135808K)->134137K(135808K) NonClass: 117271K(118016K)->117271K(118016K) Class: 16866K(17792K)->16866K(17792K)
[275.816s][info][gc             ] GC(2926) Pause Young (Allocation Failure) 1655M->1120M(1979M) 6.593ms
[275.816s][info][gc,cpu         ] GC(2926) User=0.00s Sys=0.00s Real=0.00s
[275.903s][info][gc,start       ] GC(2927) Pause Young (Allocation Failure)
[275.909s][info][gc,heap        ] GC(2927) DefNew: 593606K(629120K)->41017K(629120K) Eden: 559232K(559232K)->0K(559232K) From: 34374K(69888K)->41017K(69888K)
[275.909s][info][gc,heap        ] GC(2927) Tenured: 1113070K(1398144K)->1113070K(1398144K)
