[0.007s][info][gc,init] CardTable entry size: 512
[0.007s][info][gc     ] Using Serial
[0.015s][info][gc,init] Version: 21.0.4+7-adhoc.Administrator.jdk21u (release)
[0.015s][info][gc,init] CPUs: 6 total, 6 available
[0.015s][info][gc,init] Memory: 15591M
[0.015s][info][gc,init] Large Page Support: Disabled
[0.015s][info][gc,init] NUMA Support: Disabled
[0.015s][info][gc,init] Compressed Oops: Enabled (Zero based)
[0.015s][info][gc,init] Heap Min Capacity: 4G
[0.015s][info][gc,init] Heap Initial Capacity: 4G
[0.015s][info][gc,init] Heap Max Capacity: 4G
[0.015s][info][gc,init] Pre-touch: Disabled
[0.023s][info][gc,metaspace] CDS archive(s) mapped at: [0x0000025bc1000000-0x0000025bc1c90000-0x0000025bc1c90000), size 13172736, SharedBaseAddress: 0x0000025bc1000000, ArchiveRelocationMode: 1.
[0.026s][info][gc,metaspace] Compressed class space mapped at: 0x0000025bc2000000-0x0000025c02000000, reserved size: 1073741824
[0.026s][info][gc,metaspace] Narrow klass base: 0x0000025bc1000000, Narrow klass shift: 0, Narrow klass range: 0x100000000
[6.881s][info][gc,start    ] GC(0) Pause Full (Metadata GC Threshold)
[6.881s][info][gc,phases,start] GC(0) Phase 1: Mark live objects
[6.892s][info][gc,phases      ] GC(0) Phase 1: Mark live objects 10.989ms
[6.892s][info][gc,phases,start] GC(0) Phase 2: Compute new object addresses
[6.898s][info][gc,phases      ] GC(0) Phase 2: Compute new object addresses 5.727ms
[6.898s][info][gc,phases,start] GC(0) Phase 3: Adjust pointers
[6.904s][info][gc,phases      ] GC(0) Phase 3: Adjust pointers 5.912ms
[6.904s][info][gc,phases,start] GC(0) Phase 4: Move objects
[6.912s][info][gc,phases      ] GC(0) Phase 4: Move objects 8.629ms
[6.913s][info][gc,heap        ] GC(0) DefNew: 203888K(1258304K)->0K(1258304K) Eden: 203888K(1118528K)->0K(1118528K) From: 0K(139776K)->0K(139776K)
[6.914s][info][gc,heap        ] GC(0) Tenured: 0K(2796224K)->18879K(2796224K)
[6.914s][info][gc,metaspace   ] GC(0) Metaspace: 21259K(21504K)->21259K(21504K) NonClass: 18598K(18752K)->18598K(18752K) Class: 2661K(2752K)->2661K(2752K)
[6.914s][info][gc             ] GC(0) Pause Full (Metadata GC Threshold) 199M->18M(3959M) 32.670ms
[6.914s][info][gc,cpu         ] GC(0) User=0.02s Sys=0.02s Real=0.03s
[7.666s][info][gc,start       ] GC(1) Pause Full (Metadata GC Threshold)
[7.666s][info][gc,phases,start] GC(1) Phase 1: Mark live objects
[7.681s][info][gc,phases      ] GC(1) Phase 1: Mark live objects 14.873ms
[7.681s][info][gc,phases,start] GC(1) Phase 2: Compute new object addresses
[7.687s][info][gc,phases      ] GC(1) Phase 2: Compute new object addresses 6.407ms
[7.687s][info][gc,phases,start] GC(1) Phase 3: Adjust pointers
[7.696s][info][gc,phases      ] GC(1) Phase 3: Adjust pointers 8.871ms
[7.696s][info][gc,phases,start] GC(1) Phase 4: Move objects
[7.699s][info][gc,phases      ] GC(1) Phase 4: Move objects 2.891ms
[7.699s][info][gc,heap        ] GC(1) DefNew: 139816K(1258304K)->0K(1258304K) Eden: 139816K(1118528K)->0K(1118528K) From: 0K(139776K)->0K(139776K)
[7.699s][info][gc,heap        ] GC(1) Tenured: 18879K(2796224K)->22703K(2796224K)
[7.699s][info][gc,metaspace   ] GC(1) Metaspace: 35457K(35840K)->35457K(35840K) NonClass: 31041K(31232K)->31041K(31232K) Class: 4416K(4608K)->4416K(4608K)
[7.699s][info][gc             ] GC(1) Pause Full (Metadata GC Threshold) 154M->22M(3959M) 33.840ms
[7.699s][info][gc,cpu         ] GC(1) User=0.03s Sys=0.00s Real=0.03s
[8.773s][info][gc,start       ] GC(2) Pause Full (System.gc())
[8.773s][info][gc,phases,start] GC(2) Phase 1: Mark live objects
[8.794s][info][gc,phases      ] GC(2) Phase 1: Mark live objects 20.821ms
[8.794s][info][gc,phases,start] GC(2) Phase 2: Compute new object addresses
[8.809s][info][gc,phases      ] GC(2) Phase 2: Compute new object addresses 14.842ms
[8.809s][info][gc,phases,start] GC(2) Phase 3: Adjust pointers
[8.821s][info][gc,phases      ] GC(2) Phase 3: Adjust pointers 12.689ms
[8.821s][info][gc,phases,start] GC(2) Phase 4: Move objects
[8.825s][info][gc,phases      ] GC(2) Phase 4: Move objects 3.795ms
[8.826s][info][gc,heap        ] GC(2) DefNew: 353464K(1258304K)->0K(1258304K) Eden: 353464K(1118528K)->0K(1118528K) From: 0K(139776K)->0K(139776K)
[8.826s][info][gc,heap        ] GC(2) Tenured: 22703K(2796224K)->27378K(2796224K)
[8.826s][info][gc,metaspace   ] GC(2) Metaspace: 54715K(55232K)->54715K(55232K) NonClass: 47838K(48128K)->47838K(48128K) Class: 6876K(7104K)->6876K(7104K)
[8.826s][info][gc             ] GC(2) Pause Full (System.gc()) 367M->26M(3959M) 52.989ms
[8.826s][info][gc,cpu         ] GC(2) User=0.05s Sys=0.00s Real=0.06s
[11.301s][info][gc,start       ] GC(3) Pause Full (Metadata GC Threshold)
[11.301s][info][gc,phases,start] GC(3) Phase 1: Mark live objects
[11.336s][info][gc,phases      ] GC(3) Phase 1: Mark live objects 34.799ms
[11.336s][info][gc,phases,start] GC(3) Phase 2: Compute new object addresses
[11.371s][info][gc,phases      ] GC(3) Phase 2: Compute new object addresses 35.213ms
[11.371s][info][gc,phases,start] GC(3) Phase 3: Adjust pointers
[11.392s][info][gc,phases      ] GC(3) Phase 3: Adjust pointers 20.874ms
[11.392s][info][gc,phases,start] GC(3) Phase 4: Move objects
[11.404s][info][gc,phases      ] GC(3) Phase 4: Move objects 12.055ms
[11.405s][info][gc,heap        ] GC(3) DefNew: 448142K(1258304K)->0K(1258304K) Eden: 448142K(1118528K)->0K(1118528K) From: 0K(139776K)->0K(139776K)
[11.405s][info][gc,heap        ] GC(3) Tenured: 27378K(2796224K)->33642K(2796224K)
[11.405s][info][gc,metaspace   ] GC(3) Metaspace: 91323K(92096K)->91303K(92096K) NonClass: 81616K(82048K)->81602K(82048K) Class: 9707K(10048K)->9701K(10048K)
[11.405s][info][gc             ] GC(3) Pause Full (Metadata GC Threshold) 464M->32M(3959M) 104.158ms
[11.405s][info][gc,cpu         ] GC(3) User=0.09s Sys=0.00s Real=0.11s
[12.201s][info][gc,start       ] GC(4) Pause Young (Allocation Failure)
[12.205s][info][gc,heap        ] GC(4) DefNew: 1118528K(1258304K)->1110K(1258304K) Eden: 1118528K(1118528K)->0K(1118528K) From: 0K(139776K)->1110K(139776K)
[12.205s][info][gc,heap        ] GC(4) Tenured: 33642K(2796224K)->33642K(2796224K)
[12.205s][info][gc,metaspace   ] GC(4) Metaspace: 91848K(92672K)->91848K(92672K) NonClass: 82082K(82496K)->82082K(82496K) Class: 9765K(10176K)->9765K(10176K)
[12.205s][info][gc             ] GC(4) Pause Young (Allocation Failure) 1125M->33M(3959M) 4.525ms
[12.205s][info][gc,cpu         ] GC(4) User=0.00s Sys=0.00s Real=0.02s
[12.331s][info][gc,start       ] GC(5) Pause Full (System.gc())
[12.331s][info][gc,phases,start] GC(5) Phase 1: Mark live objects
[12.361s][info][gc,phases      ] GC(5) Phase 1: Mark live objects 29.309ms
[12.361s][info][gc,phases,start] GC(5) Phase 2: Compute new object addresses
[12.388s][info][gc,phases      ] GC(5) Phase 2: Compute new object addresses 27.357ms
[12.388s][info][gc,phases,start] GC(5) Phase 3: Adjust pointers
[12.404s][info][gc,phases      ] GC(5) Phase 3: Adjust pointers 15.976ms
[12.404s][info][gc,phases,start] GC(5) Phase 4: Move objects
[12.404s][info][gc,phases      ] GC(5) Phase 4: Move objects 0.277ms
[12.405s][info][gc,heap        ] GC(5) DefNew: 337593K(1258304K)->0K(1258304K) Eden: 336482K(1118528K)->0K(1118528K) From: 1110K(139776K)->0K(139776K)
[12.405s][info][gc,heap        ] GC(5) Tenured: 33642K(2796224K)->34213K(2796224K)
[12.405s][info][gc,metaspace   ] GC(5) Metaspace: 92137K(92928K)->92137K(92928K) NonClass: 82327K(82752K)->82327K(82752K) Class: 9810K(10176K)->9810K(10176K)
[12.405s][info][gc             ] GC(5) Pause Full (System.gc()) 362M->33M(3959M) 73.592ms
[12.405s][info][gc,cpu         ] GC(5) User=0.08s Sys=0.00s Real=0.08s
[13.071s][info][gc,start       ] GC(6) Pause Young (Allocation Failure)
[13.075s][info][gc,heap        ] GC(6) DefNew: 1118528K(1258304K)->1778K(1258304K) Eden: 1118528K(1118528K)->0K(1118528K) From: 0K(139776K)->1778K(139776K)
[13.075s][info][gc,heap        ] GC(6) Tenured: 34213K(2796224K)->34213K(2796224K)
[13.075s][info][gc,metaspace   ] GC(6) Metaspace: 92546K(93440K)->92546K(93440K) NonClass: 82728K(83200K)->82728K(83200K) Class: 9818K(10240K)->9818K(10240K)
[13.075s][info][gc             ] GC(6) Pause Young (Allocation Failure) 1125M->35M(3959M) 4.071ms
[13.075s][info][gc,cpu         ] GC(6) User=0.00s Sys=0.00s Real=0.01s
[13.167s][info][gc,start       ] GC(7) Pause Full (System.gc())
[13.167s][info][gc,phases,start] GC(7) Phase 1: Mark live objects
[13.198s][info][gc,phases      ] GC(7) Phase 1: Mark live objects 30.464ms
[13.198s][info][gc,phases,start] GC(7) Phase 2: Compute new object addresses
[13.219s][info][gc,phases      ] GC(7) Phase 2: Compute new object addresses 21.296ms
[13.219s][info][gc,phases,start] GC(7) Phase 3: Adjust pointers
[13.236s][info][gc,phases      ] GC(7) Phase 3: Adjust pointers 16.399ms
[13.236s][info][gc,phases,start] GC(7) Phase 4: Move objects
[13.236s][info][gc,phases      ] GC(7) Phase 4: Move objects 0.185ms
[13.236s][info][gc,heap        ] GC(7) DefNew: 266703K(1258304K)->0K(1258304K) Eden: 264924K(1118528K)->0K(1118528K) From: 1778K(139776K)->0K(139776K)
[13.236s][info][gc,heap        ] GC(7) Tenured: 34213K(2796224K)->34606K(2796224K)
[13.236s][info][gc,metaspace   ] GC(7) Metaspace: 92602K(93504K)->92602K(93504K) NonClass: 82783K(83264K)->82783K(83264K) Class: 9819K(10240K)->9819K(10240K)
[13.236s][info][gc             ] GC(7) Pause Full (System.gc()) 293M->33M(3959M) 68.900ms
[13.236s][info][gc,cpu         ] GC(7) User=0.06s Sys=0.00s Real=0.06s
[13.888s][info][gc,start       ] GC(8) Pause Young (Allocation Failure)
[13.891s][info][gc,heap        ] GC(8) DefNew: 1118528K(1258304K)->1821K(1258304K) Eden: 1118528K(1118528K)->0K(1118528K) From: 0K(139776K)->1821K(139776K)
[13.891s][info][gc,heap        ] GC(8) Tenured: 34606K(2796224K)->34606K(2796224K)
[13.891s][info][gc,metaspace   ] GC(8) Metaspace: 92945K(93824K)->92945K(93824K) NonClass: 83121K(83584K)->83121K(83584K) Class: 9824K(10240K)->9824K(10240K)
[13.892s][info][gc             ] GC(8) Pause Young (Allocation Failure) 1126M->35M(3959M) 3.204ms
[13.892s][info][gc,cpu         ] GC(8) User=0.00s Sys=0.00s Real=0.00s
[13.958s][info][gc,start       ] GC(9) Pause Full (System.gc())
[13.958s][info][gc,phases,start] GC(9) Phase 1: Mark live objects
[13.988s][info][gc,phases      ] GC(9) Phase 1: Mark live objects 30.242ms
[13.988s][info][gc,phases,start] GC(9) Phase 2: Compute new object addresses
[14.008s][info][gc,phases      ] GC(9) Phase 2: Compute new object addresses 19.405ms
[14.008s][info][gc,phases,start] GC(9) Phase 3: Adjust pointers
[14.025s][info][gc,phases      ] GC(9) Phase 3: Adjust pointers 16.824ms
[14.025s][info][gc,phases,start] GC(9) Phase 4: Move objects
[14.025s][info][gc,phases      ] GC(9) Phase 4: Move objects 0.159ms
[14.025s][info][gc,heap        ] GC(9) DefNew: 217703K(1258304K)->0K(1258304K) Eden: 215882K(1118528K)->0K(1118528K) From: 1821K(139776K)->0K(139776K)
[14.025s][info][gc,heap        ] GC(9) Tenured: 34606K(2796224K)->34945K(2796224K)
[14.025s][info][gc,metaspace   ] GC(9) Metaspace: 92989K(93824K)->92989K(93824K) NonClass: 83164K(83584K)->83164K(83584K) Class: 9824K(10240K)->9824K(10240K)
[14.025s][info][gc             ] GC(9) Pause Full (System.gc()) 246M->34M(3959M) 67.129ms
[14.025s][info][gc,cpu         ] GC(9) User=0.03s Sys=0.00s Real=0.06s
[14.648s][info][gc,start       ] GC(10) Pause Young (Allocation Failure)
[14.652s][info][gc,heap        ] GC(10) DefNew: 1118528K(1258304K)->1820K(1258304K) Eden: 1118528K(1118528K)->0K(1118528K) From: 0K(139776K)->1820K(139776K)
[14.652s][info][gc,heap        ] GC(10) Tenured: 34945K(2796224K)->34945K(2796224K)
[14.652s][info][gc,metaspace   ] GC(10) Metaspace: 93235K(94144K)->93235K(94144K) NonClass: 83404K(83904K)->83404K(83904K) Class: 9830K(10240K)->9830K(10240K)
[14.652s][info][gc             ] GC(10) Pause Young (Allocation Failure) 1126M->35M(3959M) 3.915ms
[14.652s][info][gc,cpu         ] GC(10) User=0.00s Sys=0.00s Real=0.00s
[14.710s][info][gc,start       ] GC(11) Pause Full (System.gc())
[14.710s][info][gc,phases,start] GC(11) Phase 1: Mark live objects
[14.741s][info][gc,phases      ] GC(11) Phase 1: Mark live objects 30.313ms
[14.741s][info][gc,phases,start] GC(11) Phase 2: Compute new object addresses
[14.758s][info][gc,phases      ] GC(11) Phase 2: Compute new object addresses 16.971ms
[14.758s][info][gc,phases,start] GC(11) Phase 3: Adjust pointers
[14.776s][info][gc,phases      ] GC(11) Phase 3: Adjust pointers 18.113ms
[14.776s][info][gc,phases,start] GC(11) Phase 4: Move objects
[14.779s][info][gc,phases      ] GC(11) Phase 4: Move objects 3.466ms
[14.780s][info][gc,heap        ] GC(11) DefNew: 187275K(1258304K)->0K(1258304K) Eden: 185455K(1118528K)->0K(1118528K) From: 1820K(139776K)->0K(139776K)
[14.780s][info][gc,heap        ] GC(11) Tenured: 34945K(2796224K)->34000K(2796224K)
[14.780s][info][gc,metaspace   ] GC(11) Metaspace: 93300K(94208K)->93300K(94208K) NonClass: 83470K(83968K)->83470K(83968K) Class: 9830K(10240K)->9830K(10240K)
[14.780s][info][gc             ] GC(11) Pause Full (System.gc()) 217M->33M(3959M) 69.508ms
[14.780s][info][gc,cpu         ] GC(11) User=0.06s Sys=0.00s Real=0.06s
[15.379s][info][gc,start       ] GC(12) Pause Young (Allocation Failure)
[15.382s][info][gc,heap        ] GC(12) DefNew: 1118528K(1258304K)->1825K(1258304K) Eden: 1118528K(1118528K)->0K(1118528K) From: 0K(139776K)->1825K(139776K)
[15.383s][info][gc,heap        ] GC(12) Tenured: 34000K(2796224K)->34000K(2796224K)
[15.383s][info][gc,metaspace   ] GC(12) Metaspace: 93485K(94336K)->93485K(94336K) NonClass: 83646K(84096K)->83646K(84096K) Class: 9838K(10240K)->9838K(10240K)
[15.383s][info][gc             ] GC(12) Pause Young (Allocation Failure) 1125M->34M(3959M) 3.785ms
[15.383s][info][gc,cpu         ] GC(12) User=0.00s Sys=0.00s Real=0.00s
[15.433s][info][gc,start       ] GC(13) Pause Full (System.gc())
[15.433s][info][gc,phases,start] GC(13) Phase 1: Mark live objects
[15.464s][info][gc,phases      ] GC(13) Phase 1: Mark live objects 31.542ms
[15.464s][info][gc,phases,start] GC(13) Phase 2: Compute new object addresses
[15.480s][info][gc,phases      ] GC(13) Phase 2: Compute new object addresses 15.147ms
[15.480s][info][gc,phases,start] GC(13) Phase 3: Adjust pointers
[15.497s][info][gc,phases      ] GC(13) Phase 3: Adjust pointers 17.579ms
[15.497s][info][gc,phases,start] GC(13) Phase 4: Move objects
[15.497s][info][gc,phases      ] GC(13) Phase 4: Move objects 0.081ms
[15.498s][info][gc,heap        ] GC(13) DefNew: 152449K(1258304K)->0K(1258304K) Eden: 150624K(1118528K)->0K(1118528K) From: 1825K(139776K)->0K(139776K)
[15.498s][info][gc,heap        ] GC(13) Tenured: 34000K(2796224K)->34340K(2796224K)
[15.498s][info][gc,metaspace   ] GC(13) Metaspace: 93491K(94336K)->93491K(94336K) NonClass: 83652K(84096K)->83652K(84096K) Class: 9838K(10240K)->9838K(10240K)
[15.498s][info][gc             ] GC(13) Pause Full (System.gc()) 182M->33M(3959M) 64.844ms
[15.498s][info][gc,cpu         ] GC(13) User=0.06s Sys=0.00s Real=0.06s
[16.095s][info][gc,start       ] GC(14) Pause Young (Allocation Failure)
[16.098s][info][gc,heap        ] GC(14) DefNew: 1118528K(1258304K)->1836K(1258304K) Eden: 1118528K(1118528K)->0K(1118528K) From: 0K(139776K)->1836K(139776K)
[16.099s][info][gc,heap        ] GC(14) Tenured: 34340K(2796224K)->34340K(2796224K)
[16.099s][info][gc,metaspace   ] GC(14) Metaspace: 93787K(94656K)->93787K(94656K) NonClass: 83944K(84416K)->83944K(84416K) Class: 9842K(10240K)->9842K(10240K)
[16.099s][info][gc             ] GC(14) Pause Young (Allocation Failure) 1125M->35M(3959M) 3.634ms
[16.099s][info][gc,cpu         ] GC(14) User=0.00s Sys=0.00s Real=0.00s
[16.142s][info][gc,start       ] GC(15) Pause Full (System.gc())
[16.142s][info][gc,phases,start] GC(15) Phase 1: Mark live objects
[16.174s][info][gc,phases      ] GC(15) Phase 1: Mark live objects 31.576ms
[16.174s][info][gc,phases,start] GC(15) Phase 2: Compute new object addresses
[16.188s][info][gc,phases      ] GC(15) Phase 2: Compute new object addresses 14.280ms
[16.188s][info][gc,phases,start] GC(15) Phase 3: Adjust pointers
[16.206s][info][gc,phases      ] GC(15) Phase 3: Adjust pointers 18.046ms
[16.206s][info][gc,phases,start] GC(15) Phase 4: Move objects
[16.207s][info][gc,phases      ] GC(15) Phase 4: Move objects 0.079ms
[16.207s][info][gc,heap        ] GC(15) DefNew: 129422K(1258304K)->0K(1258304K) Eden: 127586K(1118528K)->0K(1118528K) From: 1836K(139776K)->0K(139776K)
[16.207s][info][gc,heap        ] GC(15) Tenured: 34340K(2796224K)->34659K(2796224K)
[16.207s][info][gc,metaspace   ] GC(15) Metaspace: 93805K(94656K)->93805K(94656K) NonClass: 83962K(84416K)->83962K(84416K) Class: 9842K(10240K)->9842K(10240K)
[16.207s][info][gc             ] GC(15) Pause Full (System.gc()) 159M->33M(3959M) 64.542ms
[16.207s][info][gc,cpu         ] GC(15) User=0.06s Sys=0.00s Real=0.06s
[16.798s][info][gc,start       ] GC(16) Pause Young (Allocation Failure)
[16.801s][info][gc,heap        ] GC(16) DefNew: 1118528K(1258304K)->1670K(1258304K) Eden: 1118528K(1118528K)->0K(1118528K) From: 0K(139776K)->1670K(139776K)
[16.801s][info][gc,heap        ] GC(16) Tenured: 34659K(2796224K)->34659K(2796224K)
[16.801s][info][gc,metaspace   ] GC(16) Metaspace: 93897K(94784K)->93897K(94784K) NonClass: 84054K(84544K)->84054K(84544K) Class: 9842K(10240K)->9842K(10240K)
[16.801s][info][gc             ] GC(16) Pause Young (Allocation Failure) 1126M->35M(3959M) 3.154ms
[16.801s][info][gc,cpu         ] GC(16) User=0.00s Sys=0.00s Real=0.00s
[16.841s][info][gc,start       ] GC(17) Pause Full (System.gc())
[16.841s][info][gc,phases,start] GC(17) Phase 1: Mark live objects
[16.873s][info][gc,phases      ] GC(17) Phase 1: Mark live objects 32.442ms
[16.873s][info][gc,phases,start] GC(17) Phase 2: Compute new object addresses
[16.887s][info][gc,phases      ] GC(17) Phase 2: Compute new object addresses 13.615ms
[16.887s][info][gc,phases,start] GC(17) Phase 3: Adjust pointers
[16.905s][info][gc,phases      ] GC(17) Phase 3: Adjust pointers 17.902ms
[16.905s][info][gc,phases,start] GC(17) Phase 4: Move objects
[16.905s][info][gc,phases      ] GC(17) Phase 4: Move objects 0.079ms
[16.905s][info][gc,heap        ] GC(17) DefNew: 126523K(1258304K)->0K(1258304K) Eden: 124853K(1118528K)->0K(1118528K) From: 1670K(139776K)->0K(139776K)
[16.905s][info][gc,heap        ] GC(17) Tenured: 34659K(2796224K)->34949K(2796224K)
[16.905s][info][gc,metaspace   ] GC(17) Metaspace: 93899K(94784K)->93899K(94784K) NonClass: 84056K(84544K)->84056K(84544K) Class: 9842K(10240K)->9842K(10240K)
[16.905s][info][gc             ] GC(17) Pause Full (System.gc()) 157M->34M(3959M) 64.540ms
[16.905s][info][gc,cpu         ] GC(17) User=0.05s Sys=0.00s Real=0.06s
[17.486s][info][gc,start       ] GC(18) Pause Young (Allocation Failure)
[17.489s][info][gc,heap        ] GC(18) DefNew: 1118528K(1258304K)->1667K(1258304K) Eden: 1118528K(1118528K)->0K(1118528K) From: 0K(139776K)->1667K(139776K)
[17.489s][info][gc,heap        ] GC(18) Tenured: 34949K(2796224K)->34949K(2796224K)
[17.489s][info][gc,metaspace   ] GC(18) Metaspace: 94245K(95104K)->94245K(95104K) NonClass: 84401K(84864K)->84401K(84864K) Class: 9843K(10240K)->9843K(10240K)
[17.489s][info][gc             ] GC(18) Pause Young (Allocation Failure) 1126M->35M(3959M) 3.156ms
[17.489s][info][gc,cpu         ] GC(18) User=0.00s Sys=0.00s Real=0.00s
[17.528s][info][gc,start       ] GC(19) Pause Full (System.gc())
[17.529s][info][gc,phases,start] GC(19) Phase 1: Mark live objects
[17.562s][info][gc,phases      ] GC(19) Phase 1: Mark live objects 33.497ms
[17.562s][info][gc,phases,start] GC(19) Phase 2: Compute new object addresses
[17.576s][info][gc,phases      ] GC(19) Phase 2: Compute new object addresses 13.472ms
[17.576s][info][gc,phases,start] GC(19) Phase 3: Adjust pointers
[17.595s][info][gc,phases      ] GC(19) Phase 3: Adjust pointers 18.989ms
[17.595s][info][gc,phases,start] GC(19) Phase 4: Move objects
[17.597s][info][gc,phases      ] GC(19) Phase 4: Move objects 2.251ms
[17.597s][info][gc,heap        ] GC(19) DefNew: 125735K(1258304K)->0K(1258304K) Eden: 124068K(1118528K)->0K(1118528K) From: 1667K(139776K)->0K(139776K)
[17.597s][info][gc,heap        ] GC(19) Tenured: 34949K(2796224K)->34565K(2796224K)
[17.597s][info][gc,metaspace   ] GC(19) Metaspace: 94258K(95104K)->94258K(95104K) NonClass: 84414K(84864K)->84414K(84864K) Class: 9843K(10240K)->9843K(10240K)
[17.597s][info][gc             ] GC(19) Pause Full (System.gc()) 156M->33M(3959M) 68.888ms
[17.597s][info][gc,cpu         ] GC(19) User=0.00s Sys=0.00s Real=0.06s
[18.168s][info][gc,start       ] GC(20) Pause Young (Allocation Failure)
[18.171s][info][gc,heap        ] GC(20) DefNew: 1118528K(1258304K)->1657K(1258304K) Eden: 1118528K(1118528K)->0K(1118528K) From: 0K(139776K)->1657K(139776K)
[18.171s][info][gc,heap        ] GC(20) Tenured: 34565K(2796224K)->34565K(2796224K)
[18.171s][info][gc,metaspace   ] GC(20) Metaspace: 94306K(95168K)->94306K(95168K) NonClass: 84462K(84928K)->84462K(84928K) Class: 9844K(10240K)->9844K(10240K)
[18.171s][info][gc             ] GC(20) Pause Young (Allocation Failure) 1126M->35M(3959M) 3.099ms
[18.171s][info][gc,cpu         ] GC(20) User=0.00s Sys=0.00s Real=0.00s
[18.211s][info][gc,start       ] GC(21) Pause Full (System.gc())
[18.211s][info][gc,phases,start] GC(21) Phase 1: Mark live objects
[18.243s][info][gc,phases      ] GC(21) Phase 1: Mark live objects 32.105ms
[18.243s][info][gc,phases,start] GC(21) Phase 2: Compute new object addresses
[18.257s][info][gc,phases      ] GC(21) Phase 2: Compute new object addresses 13.517ms
[18.257s][info][gc,phases,start] GC(21) Phase 3: Adjust pointers
[18.275s][info][gc,phases      ] GC(21) Phase 3: Adjust pointers 18.398ms
[18.275s][info][gc,phases,start] GC(21) Phase 4: Move objects
[18.275s][info][gc,phases      ] GC(21) Phase 4: Move objects 0.062ms
[18.276s][info][gc,heap        ] GC(21) DefNew: 128886K(1258304K)->0K(1258304K) Eden: 127228K(1118528K)->0K(1118528K) From: 1657K(139776K)->0K(139776K)
[18.276s][info][gc,heap        ] GC(21) Tenured: 34565K(2796224K)->34806K(2796224K)
[18.276s][info][gc,metaspace   ] GC(21) Metaspace: 94311K(95232K)->94311K(95232K) NonClass: 84467K(84992K)->84467K(84992K) Class: 9844K(10240K)->9844K(10240K)
[18.276s][info][gc             ] GC(21) Pause Full (System.gc()) 159M->33M(3959M) 64.686ms
[18.276s][info][gc,cpu         ] GC(21) User=0.03s Sys=0.00s Real=0.06s
[18.846s][info][gc,start       ] GC(22) Pause Young (Allocation Failure)
[18.850s][info][gc,heap        ] GC(22) DefNew: 1118528K(1258304K)->1959K(1258304K) Eden: 1118528K(1118528K)->0K(1118528K) From: 0K(139776K)->1959K(139776K)
[18.850s][info][gc,heap        ] GC(22) Tenured: 34806K(2796224K)->34806K(2796224K)
[18.850s][info][gc,metaspace   ] GC(22) Metaspace: 94434K(95296K)->94434K(95296K) NonClass: 84590K(85056K)->84590K(85056K) Class: 9844K(10240K)->9844K(10240K)
[18.850s][info][gc             ] GC(22) Pause Young (Allocation Failure) 1126M->35M(3959M) 3.731ms
[18.850s][info][gc,cpu         ] GC(22) User=0.00s Sys=0.00s Real=0.00s
[18.883s][info][gc,start       ] GC(23) Pause Full (System.gc())
[18.883s][info][gc,phases,start] GC(23) Phase 1: Mark live objects
[18.917s][info][gc,phases      ] GC(23) Phase 1: Mark live objects 33.274ms
[18.917s][info][gc,phases,start] GC(23) Phase 2: Compute new object addresses
[18.930s][info][gc,phases      ] GC(23) Phase 2: Compute new object addresses 13.335ms
[18.930s][info][gc,phases,start] GC(23) Phase 3: Adjust pointers
[18.949s][info][gc,phases      ] GC(23) Phase 3: Adjust pointers 19.192ms
[18.949s][info][gc,phases,start] GC(23) Phase 4: Move objects
[18.949s][info][gc,phases      ] GC(23) Phase 4: Move objects 0.089ms
[18.950s][info][gc,heap        ] GC(23) DefNew: 120910K(1258304K)->0K(1258304K) Eden: 118951K(1118528K)->0K(1118528K) From: 1959K(139776K)->0K(139776K)
[18.950s][info][gc,heap        ] GC(23) Tenured: 34806K(2796224K)->35038K(2796224K)
[18.950s][info][gc,metaspace   ] GC(23) Metaspace: 94435K(95296K)->94435K(95296K) NonClass: 84591K(85056K)->84591K(85056K) Class: 9844K(10240K)->9844K(10240K)
[18.950s][info][gc             ] GC(23) Pause Full (System.gc()) 152M->34M(3959M) 66.443ms
[18.950s][info][gc,cpu         ] GC(23) User=0.06s Sys=0.00s Real=0.06s
[19.520s][info][gc,start       ] GC(24) Pause Young (Allocation Failure)
[19.524s][info][gc,heap        ] GC(24) DefNew: 1118528K(1258304K)->1768K(1258304K) Eden: 1118528K(1118528K)->0K(1118528K) From: 0K(139776K)->1768K(139776K)
[19.525s][info][gc,heap        ] GC(24) Tenured: 35038K(2796224K)->35038K(2796224K)
[19.525s][info][gc,metaspace   ] GC(24) Metaspace: 94534K(95424K)->94534K(95424K) NonClass: 84689K(85184K)->84689K(85184K) Class: 9844K(10240K)->9844K(10240K)
[19.525s][info][gc             ] GC(24) Pause Young (Allocation Failure) 1126M->35M(3959M) 4.102ms
[19.525s][info][gc,cpu         ] GC(24) User=0.00s Sys=0.00s Real=0.00s
[19.559s][info][gc,start       ] GC(25) Pause Full (System.gc())
[19.559s][info][gc,phases,start] GC(25) Phase 1: Mark live objects
[19.591s][info][gc,phases      ] GC(25) Phase 1: Mark live objects 32.663ms
[19.591s][info][gc,phases,start] GC(25) Phase 2: Compute new object addresses
[19.605s][info][gc,phases      ] GC(25) Phase 2: Compute new object addresses 13.609ms
[19.605s][info][gc,phases,start] GC(25) Phase 3: Adjust pointers
[19.624s][info][gc,phases      ] GC(25) Phase 3: Adjust pointers 18.894ms
[19.624s][info][gc,phases,start] GC(25) Phase 4: Move objects
[19.624s][info][gc,phases      ] GC(25) Phase 4: Move objects 0.129ms
[19.624s][info][gc,heap        ] GC(25) DefNew: 112429K(1258304K)->0K(1258304K) Eden: 110660K(1118528K)->0K(1118528K) From: 1768K(139776K)->0K(139776K)
[19.624s][info][gc,heap        ] GC(25) Tenured: 35038K(2796224K)->35291K(2796224K)
[19.624s][info][gc,metaspace   ] GC(25) Metaspace: 94553K(95424K)->94553K(95424K) NonClass: 84709K(85184K)->84709K(85184K) Class: 9844K(10240K)->9844K(10240K)
[19.624s][info][gc             ] GC(25) Pause Full (System.gc()) 144M->34M(3959M) 65.875ms
[19.624s][info][gc,cpu         ] GC(25) User=0.06s Sys=0.00s Real=0.06s
[20.191s][info][gc,start       ] GC(26) Pause Young (Allocation Failure)
[20.194s][info][gc,heap        ] GC(26) DefNew: 1118528K(1258304K)->1676K(1258304K) Eden: 1118528K(1118528K)->0K(1118528K) From: 0K(139776K)->1676K(139776K)
[20.194s][info][gc,heap        ] GC(26) Tenured: 35291K(2796224K)->35291K(2796224K)
[20.194s][info][gc,metaspace   ] GC(26) Metaspace: 94638K(95488K)->94638K(95488K) NonClass: 84793K(85248K)->84793K(85248K) Class: 9844K(10240K)->9844K(10240K)
[20.194s][info][gc             ] GC(26) Pause Young (Allocation Failure) 1126M->36M(3959M) 3.266ms
[20.194s][info][gc,cpu         ] GC(26) User=0.00s Sys=0.00s Real=0.00s
[20.227s][info][gc,start       ] GC(27) Pause Full (System.gc())
[20.227s][info][gc,phases,start] GC(27) Phase 1: Mark live objects
[20.260s][info][gc,phases      ] GC(27) Phase 1: Mark live objects 33.060ms
[20.260s][info][gc,phases,start] GC(27) Phase 2: Compute new object addresses
[20.274s][info][gc,phases      ] GC(27) Phase 2: Compute new object addresses 13.704ms
[20.274s][info][gc,phases,start] GC(27) Phase 3: Adjust pointers
[20.294s][info][gc,phases      ] GC(27) Phase 3: Adjust pointers 19.859ms
[20.294s][info][gc,phases,start] GC(27) Phase 4: Move objects
[20.297s][info][gc,phases      ] GC(27) Phase 4: Move objects 2.676ms
[20.297s][info][gc,heap        ] GC(27) DefNew: 112078K(1258304K)->0K(1258304K) Eden: 110402K(1118528K)->0K(1118528K) From: 1676K(139776K)->0K(139776K)
[20.297s][info][gc,heap        ] GC(27) Tenured: 35291K(2796224K)->34992K(2796224K)
[20.297s][info][gc,metaspace   ] GC(27) Metaspace: 94646K(95488K)->94646K(95488K) NonClass: 84801K(85248K)->84801K(85248K) Class: 9844K(10240K)->9844K(10240K)
[20.297s][info][gc             ] GC(27) Pause Full (System.gc()) 143M->34M(3959M) 70.058ms
[20.297s][info][gc,cpu         ] GC(27) User=0.06s Sys=0.00s Real=0.06s
[20.862s][info][gc,start       ] GC(28) Pause Young (Allocation Failure)
[20.865s][info][gc,heap        ] GC(28) DefNew: 1116337K(1258304K)->1704K(1258304K) Eden: 1116337K(1118528K)->0K(1118528K) From: 0K(139776K)->1704K(139776K)
[20.866s][info][gc,heap        ] GC(28) Tenured: 34992K(2796224K)->34992K(2796224K)
[20.866s][info][gc,metaspace   ] GC(28) Metaspace: 94683K(95552K)->94683K(95552K) NonClass: 84838K(85312K)->84838K(85312K) Class: 9844K(10240K)->9844K(10240K)
[20.866s][info][gc             ] GC(28) Pause Young (Allocation Failure) 1124M->35M(3959M) 3.203ms
[20.866s][info][gc,cpu         ] GC(28) User=0.00s Sys=0.00s Real=0.00s
[20.896s][info][gc,start       ] GC(29) Pause Full (System.gc())
[20.896s][info][gc,phases,start] GC(29) Phase 1: Mark live objects
[20.929s][info][gc,phases      ] GC(29) Phase 1: Mark live objects 32.997ms
[20.929s][info][gc,phases,start] GC(29) Phase 2: Compute new object addresses
[20.943s][info][gc,phases      ] GC(29) Phase 2: Compute new object addresses 13.358ms
[20.943s][info][gc,phases,start] GC(29) Phase 3: Adjust pointers
[20.962s][info][gc,phases      ] GC(29) Phase 3: Adjust pointers 18.973ms
[20.962s][info][gc,phases,start] GC(29) Phase 4: Move objects
[20.962s][info][gc,phases      ] GC(29) Phase 4: Move objects 0.056ms
[20.962s][info][gc,heap        ] GC(29) DefNew: 118001K(1258304K)->0K(1258304K) Eden: 116296K(1118528K)->0K(1118528K) From: 1704K(139776K)->0K(139776K)
[20.962s][info][gc,heap        ] GC(29) Tenured: 34992K(2796224K)->35211K(2796224K)
[20.962s][info][gc,metaspace   ] GC(29) Metaspace: 94685K(95552K)->94685K(95552K) NonClass: 84840K(85312K)->84840K(85312K) Class: 9844K(10240K)->9844K(10240K)
[20.962s][info][gc             ] GC(29) Pause Full (System.gc()) 149M->34M(3959M) 65.912ms
[20.962s][info][gc,cpu         ] GC(29) User=0.06s Sys=0.00s Real=0.06s
[21.524s][info][gc,start       ] GC(30) Pause Young (Allocation Failure)
[21.527s][info][gc,heap        ] GC(30) DefNew: 1116159K(1258304K)->1693K(1258304K) Eden: 1116159K(1118528K)->0K(1118528K) From: 0K(139776K)->1693K(139776K)
[21.527s][info][gc,heap        ] GC(30) Tenured: 35211K(2796224K)->35211K(2796224K)
[21.527s][info][gc,metaspace   ] GC(30) Metaspace: 94732K(95552K)->94732K(95552K) NonClass: 84887K(85312K)->84887K(85312K) Class: 9844K(10240K)->9844K(10240K)
[21.527s][info][gc             ] GC(30) Pause Young (Allocation Failure) 1124M->36M(3959M) 2.959ms
[21.527s][info][gc,cpu         ] GC(30) User=0.00s Sys=0.00s Real=0.00s
[21.558s][info][gc,start       ] GC(31) Pause Full (System.gc())
[21.558s][info][gc,phases,start] GC(31) Phase 1: Mark live objects
[21.592s][info][gc,phases      ] GC(31) Phase 1: Mark live objects 33.998ms
[21.592s][info][gc,phases,start] GC(31) Phase 2: Compute new object addresses
[21.606s][info][gc,phases      ] GC(31) Phase 2: Compute new object addresses 13.645ms
[21.606s][info][gc,phases,start] GC(31) Phase 3: Adjust pointers
[21.625s][info][gc,phases      ] GC(31) Phase 3: Adjust pointers 19.232ms
[21.625s][info][gc,phases,start] GC(31) Phase 4: Move objects
[21.625s][info][gc,phases      ] GC(31) Phase 4: Move objects 0.128ms
[21.625s][info][gc,heap        ] GC(31) DefNew: 124114K(1258304K)->0K(1258304K) Eden: 122420K(1118528K)->0K(1118528K) From: 1693K(139776K)->0K(139776K)
[21.625s][info][gc,heap        ] GC(31) Tenured: 35211K(2796224K)->35480K(2796224K)
[21.625s][info][gc,metaspace   ] GC(31) Metaspace: 94989K(95872K)->94989K(95872K) NonClass: 85098K(85568K)->85098K(85568K) Class: 9890K(10304K)->9890K(10304K)
[21.626s][info][gc             ] GC(31) Pause Full (System.gc()) 155M->34M(3959M) 67.561ms
[21.626s][info][gc,cpu         ] GC(31) User=0.06s Sys=0.00s Real=0.08s
[22.182s][info][gc,start       ] GC(32) Pause Young (Allocation Failure)
[22.186s][info][gc,heap        ] GC(32) DefNew: 1118528K(1258304K)->1770K(1258304K) Eden: 1118528K(1118528K)->0K(1118528K) From: 0K(139776K)->1770K(139776K)
[22.186s][info][gc,heap        ] GC(32) Tenured: 35480K(2796224K)->35480K(2796224K)
[22.186s][info][gc,metaspace   ] GC(32) Metaspace: 95184K(96000K)->95184K(96000K) NonClass: 85292K(85696K)->85292K(85696K) Class: 9892K(10304K)->9892K(10304K)
[22.186s][info][gc             ] GC(32) Pause Young (Allocation Failure) 1126M->36M(3959M) 3.302ms
[22.186s][info][gc,cpu         ] GC(32) User=0.00s Sys=0.00s Real=0.00s
[22.218s][info][gc,start       ] GC(33) Pause Full (System.gc())
[22.218s][info][gc,phases,start] GC(33) Phase 1: Mark live objects
[22.252s][info][gc,phases      ] GC(33) Phase 1: Mark live objects 33.439ms
[22.252s][info][gc,phases,start] GC(33) Phase 2: Compute new object addresses
[22.266s][info][gc,phases      ] GC(33) Phase 2: Compute new object addresses 13.831ms
[22.266s][info][gc,phases,start] GC(33) Phase 3: Adjust pointers
[22.285s][info][gc,phases      ] GC(33) Phase 3: Adjust pointers 19.425ms
[22.285s][info][gc,phases,start] GC(33) Phase 4: Move objects
[22.285s][info][gc,phases      ] GC(33) Phase 4: Move objects 0.113ms
[22.286s][info][gc,heap        ] GC(33) DefNew: 114696K(1258304K)->0K(1258304K) Eden: 112925K(1118528K)->0K(1118528K) From: 1770K(139776K)->0K(139776K)
[22.286s][info][gc,heap        ] GC(33) Tenured: 35480K(2796224K)->35691K(2796224K)
[22.286s][info][gc,metaspace   ] GC(33) Metaspace: 95189K(96064K)->95189K(96064K) NonClass: 85297K(85760K)->85297K(85760K) Class: 9892K(10304K)->9892K(10304K)
[22.286s][info][gc             ] GC(33) Pause Full (System.gc()) 146M->34M(3959M) 67.423ms
[22.286s][info][gc,cpu         ] GC(33) User=0.06s Sys=0.00s Real=0.07s
[22.847s][info][gc,start       ] GC(34) Pause Young (Allocation Failure)
[22.851s][info][gc,heap        ] GC(34) DefNew: 1118528K(1258304K)->1804K(1258304K) Eden: 1118528K(1118528K)->0K(1118528K) From: 0K(139776K)->1804K(139776K)
[22.851s][info][gc,heap        ] GC(34) Tenured: 35691K(2796224K)->35691K(2796224K)
[22.851s][info][gc,metaspace   ] GC(34) Metaspace: 95239K(96128K)->95239K(96128K) NonClass: 85347K(85824K)->85347K(85824K) Class: 9892K(10304K)->9892K(10304K)
[22.851s][info][gc             ] GC(34) Pause Young (Allocation Failure) 1127M->36M(3959M) 3.472ms
[22.851s][info][gc,cpu         ] GC(34) User=0.00s Sys=0.00s Real=0.00s
[22.878s][info][gc,start       ] GC(35) Pause Full (System.gc())
[22.878s][info][gc,phases,start] GC(35) Phase 1: Mark live objects
[22.912s][info][gc,phases      ] GC(35) Phase 1: Mark live objects 33.813ms
[22.912s][info][gc,phases,start] GC(35) Phase 2: Compute new object addresses
[22.925s][info][gc,phases      ] GC(35) Phase 2: Compute new object addresses 13.066ms
[22.925s][info][gc,phases,start] GC(35) Phase 3: Adjust pointers
[22.945s][info][gc,phases      ] GC(35) Phase 3: Adjust pointers 20.246ms
[22.945s][info][gc,phases,start] GC(35) Phase 4: Move objects
[22.948s][info][gc,phases      ] GC(35) Phase 4: Move objects 2.838ms
[22.948s][info][gc,heap        ] GC(35) DefNew: 105543K(1258304K)->0K(1258304K) Eden: 103739K(1118528K)->0K(1118528K) From: 1804K(139776K)->0K(139776K)
[22.948s][info][gc,heap        ] GC(35) Tenured: 35691K(2796224K)->35396K(2796224K)
[22.948s][info][gc,metaspace   ] GC(35) Metaspace: 95247K(96128K)->95247K(96128K) NonClass: 85355K(85824K)->85355K(85824K) Class: 9892K(10304K)->9892K(10304K)
[22.948s][info][gc             ] GC(35) Pause Full (System.gc()) 137M->34M(3959M) 70.667ms
[22.948s][info][gc,cpu         ] GC(35) User=0.06s Sys=0.00s Real=0.08s
[23.509s][info][gc,start       ] GC(36) Pause Young (Allocation Failure)
[23.513s][info][gc,heap        ] GC(36) DefNew: 1118528K(1258304K)->1794K(1258304K) Eden: 1118528K(1118528K)->0K(1118528K) From: 0K(139776K)->1794K(139776K)
[23.513s][info][gc,heap        ] GC(36) Tenured: 35396K(2796224K)->35396K(2796224K)
[23.513s][info][gc,metaspace   ] GC(36) Metaspace: 95254K(96128K)->95254K(96128K) NonClass: 85362K(85824K)->85362K(85824K) Class: 9892K(10304K)->9892K(10304K)
[23.513s][info][gc             ] GC(36) Pause Young (Allocation Failure) 1126M->36M(3959M) 3.404ms
[23.513s][info][gc,cpu         ] GC(36) User=0.00s Sys=0.00s Real=0.00s
[23.539s][info][gc,start       ] GC(37) Pause Full (System.gc())
[23.539s][info][gc,phases,start] GC(37) Phase 1: Mark live objects
[23.573s][info][gc,phases      ] GC(37) Phase 1: Mark live objects 34.141ms
[23.573s][info][gc,phases,start] GC(37) Phase 2: Compute new object addresses
[23.586s][info][gc,phases      ] GC(37) Phase 2: Compute new object addresses 12.872ms
[23.586s][info][gc,phases,start] GC(37) Phase 3: Adjust pointers
[23.607s][info][gc,phases      ] GC(37) Phase 3: Adjust pointers 20.389ms
[23.607s][info][gc,phases,start] GC(37) Phase 4: Move objects
[23.607s][info][gc,phases      ] GC(37) Phase 4: Move objects 0.060ms
[23.607s][info][gc,heap        ] GC(37) DefNew: 112644K(1258304K)->0K(1258304K) Eden: 110849K(1118528K)->0K(1118528K) From: 1794K(139776K)->0K(139776K)
[23.607s][info][gc,heap        ] GC(37) Tenured: 35396K(2796224K)->35602K(2796224K)
[23.607s][info][gc,metaspace   ] GC(37) Metaspace: 95254K(96128K)->95254K(96128K) NonClass: 85362K(85824K)->85362K(85824K) Class: 9892K(10304K)->9892K(10304K)
[23.607s][info][gc             ] GC(37) Pause Full (System.gc()) 144M->34M(3959M) 68.037ms
[23.607s][info][gc,cpu         ] GC(37) User=0.06s Sys=0.00s Real=0.06s
[24.166s][info][gc,start       ] GC(38) Pause Young (Allocation Failure)
[24.169s][info][gc,heap        ] GC(38) DefNew: 1118528K(1258304K)->1789K(1258304K) Eden: 1118528K(1118528K)->0K(1118528K) From: 0K(139776K)->1789K(139776K)
[24.169s][info][gc,heap        ] GC(38) Tenured: 35602K(2796224K)->35602K(2796224K)
[24.169s][info][gc,metaspace   ] GC(38) Metaspace: 95283K(96192K)->95283K(96192K) NonClass: 85391K(85888K)->85391K(85888K) Class: 9892K(10304K)->9892K(10304K)
[24.170s][info][gc             ] GC(38) Pause Young (Allocation Failure) 1127M->36M(3959M) 3.316ms
[24.170s][info][gc,cpu         ] GC(38) User=0.00s Sys=0.00s Real=0.00s
[24.194s][info][gc,start       ] GC(39) Pause Full (System.gc())
[24.194s][info][gc,phases,start] GC(39) Phase 1: Mark live objects
[24.228s][info][gc,phases      ] GC(39) Phase 1: Mark live objects 34.168ms
[24.228s][info][gc,phases,start] GC(39) Phase 2: Compute new object addresses
[24.241s][info][gc,phases      ] GC(39) Phase 2: Compute new object addresses 12.625ms
[24.241s][info][gc,phases,start] GC(39) Phase 3: Adjust pointers
[24.260s][info][gc,phases      ] GC(39) Phase 3: Adjust pointers 19.551ms
[24.261s][info][gc,phases,start] GC(39) Phase 4: Move objects
[24.261s][info][gc,phases      ] GC(39) Phase 4: Move objects 0.085ms
[24.261s][info][gc,heap        ] GC(39) DefNew: 89592K(1258304K)->0K(1258304K) Eden: 87802K(1118528K)->0K(1118528K) From: 1789K(139776K)->0K(139776K)
[24.261s][info][gc,heap        ] GC(39) Tenured: 35602K(2796224K)->35804K(2796224K)
[24.261s][info][gc,metaspace   ] GC(39) Metaspace: 95283K(96192K)->95283K(96192K) NonClass: 85391K(85888K)->85391K(85888K) Class: 9892K(10304K)->9892K(10304K)
[24.261s][info][gc             ] GC(39) Pause Full (System.gc()) 122M->34M(3959M) 66.955ms
[24.261s][info][gc,cpu         ] GC(39) User=0.08s Sys=0.00s Real=0.07s
[24.814s][info][gc,start       ] GC(40) Pause Young (Allocation Failure)
[24.817s][info][gc,heap        ] GC(40) DefNew: 1114652K(1258304K)->1682K(1258304K) Eden: 1114652K(1118528K)->0K(1118528K) From: 0K(139776K)->1682K(139776K)
[24.817s][info][gc,heap        ] GC(40) Tenured: 35804K(2796224K)->35804K(2796224K)
[24.817s][info][gc,metaspace   ] GC(40) Metaspace: 95285K(96192K)->95285K(96192K) NonClass: 85393K(85888K)->85393K(85888K) Class: 9892K(10304K)->9892K(10304K)
[24.817s][info][gc             ] GC(40) Pause Young (Allocation Failure) 1123M->36M(3959M) 2.909ms
[24.817s][info][gc,cpu         ] GC(40) User=0.00s Sys=0.00s Real=0.02s
[24.848s][info][gc,start       ] GC(41) Pause Full (System.gc())
[24.848s][info][gc,phases,start] GC(41) Phase 1: Mark live objects
[24.882s][info][gc,phases      ] GC(41) Phase 1: Mark live objects 34.170ms
[24.882s][info][gc,phases,start] GC(41) Phase 2: Compute new object addresses
[24.896s][info][gc,phases      ] GC(41) Phase 2: Compute new object addresses 13.581ms
[24.896s][info][gc,phases,start] GC(41) Phase 3: Adjust pointers
[24.915s][info][gc,phases      ] GC(41) Phase 3: Adjust pointers 19.610ms
[24.915s][info][gc,phases,start] GC(41) Phase 4: Move objects
[24.915s][info][gc,phases      ] GC(41) Phase 4: Move objects 0.106ms
[24.916s][info][gc,heap        ] GC(41) DefNew: 116664K(1258304K)->0K(1258304K) Eden: 114982K(1118528K)->0K(1118528K) From: 1682K(139776K)->0K(139776K)
[24.916s][info][gc,heap        ] GC(41) Tenured: 35804K(2796224K)->36003K(2796224K)
[24.916s][info][gc,metaspace   ] GC(41) Metaspace: 95287K(96192K)->95287K(96192K) NonClass: 85395K(85888K)->85395K(85888K) Class: 9892K(10304K)->9892K(10304K)
[24.916s][info][gc             ] GC(41) Pause Full (System.gc()) 148M->35M(3959M) 68.001ms
[24.916s][info][gc,cpu         ] GC(41) User=0.08s Sys=0.00s Real=0.06s
[25.468s][info][gc,start       ] GC(42) Pause Young (Allocation Failure)
[25.471s][info][gc,heap        ] GC(42) DefNew: 1116145K(1258304K)->1690K(1258304K) Eden: 1116145K(1118528K)->0K(1118528K) From: 0K(139776K)->1690K(139776K)
[25.471s][info][gc,heap        ] GC(42) Tenured: 36003K(2796224K)->36003K(2796224K)
[25.471s][info][gc,metaspace   ] GC(42) Metaspace: 95297K(96192K)->95297K(96192K) NonClass: 85405K(85888K)->85405K(85888K) Class: 9892K(10304K)->9892K(10304K)
[25.471s][info][gc             ] GC(42) Pause Young (Allocation Failure) 1125M->36M(3959M) 2.971ms
[25.471s][info][gc,cpu         ] GC(42) User=0.00s Sys=0.00s Real=0.00s
[25.501s][info][gc,start       ] GC(43) Pause Full (System.gc())
[25.501s][info][gc,phases,start] GC(43) Phase 1: Mark live objects
[25.535s][info][gc,phases      ] GC(43) Phase 1: Mark live objects 34.291ms
[25.535s][info][gc,phases,start] GC(43) Phase 2: Compute new object addresses
[25.549s][info][gc,phases      ] GC(43) Phase 2: Compute new object addresses 13.819ms
[25.549s][info][gc,phases,start] GC(43) Phase 3: Adjust pointers
[25.570s][info][gc,phases      ] GC(43) Phase 3: Adjust pointers 20.443ms
[25.570s][info][gc,phases,start] GC(43) Phase 4: Move objects
[25.572s][info][gc,phases      ] GC(43) Phase 4: Move objects 2.422ms
[25.572s][info][gc,heap        ] GC(43) DefNew: 109143K(1258304K)->0K(1258304K) Eden: 107453K(1118528K)->0K(1118528K) From: 1690K(139776K)->0K(139776K)
[25.572s][info][gc,heap        ] GC(43) Tenured: 36003K(2796224K)->35812K(2796224K)
[25.572s][info][gc,metaspace   ] GC(43) Metaspace: 95298K(96192K)->95298K(96192K) NonClass: 85406K(85888K)->85406K(85888K) Class: 9892K(10304K)->9892K(10304K)
[25.573s][info][gc             ] GC(43) Pause Full (System.gc()) 141M->34M(3959M) 71.712ms
[25.573s][info][gc,cpu         ] GC(43) User=0.03s Sys=0.00s Real=0.06s
[26.120s][info][gc,start       ] GC(44) Pause Young (Allocation Failure)
[26.123s][info][gc,heap        ] GC(44) DefNew: 1114701K(1258304K)->1680K(1258304K) Eden: 1114701K(1118528K)->0K(1118528K) From: 0K(139776K)->1680K(139776K)
[26.123s][info][gc,heap        ] GC(44) Tenured: 35812K(2796224K)->35812K(2796224K)
[26.123s][info][gc,metaspace   ] GC(44) Metaspace: 95328K(96192K)->95328K(96192K) NonClass: 85436K(85888K)->85436K(85888K) Class: 9892K(10304K)->9892K(10304K)
[26.123s][info][gc             ] GC(44) Pause Young (Allocation Failure) 1123M->36M(3959M) 2.894ms
[26.123s][info][gc,cpu         ] GC(44) User=0.00s Sys=0.00s Real=0.00s
[26.154s][info][gc,start       ] GC(45) Pause Full (System.gc())
[26.154s][info][gc,phases,start] GC(45) Phase 1: Mark live objects
[26.190s][info][gc,phases      ] GC(45) Phase 1: Mark live objects 35.873ms
[26.190s][info][gc,phases,start] GC(45) Phase 2: Compute new object addresses
[26.203s][info][gc,phases      ] GC(45) Phase 2: Compute new object addresses 13.398ms
[26.203s][info][gc,phases,start] GC(45) Phase 3: Adjust pointers
[26.223s][info][gc,phases      ] GC(45) Phase 3: Adjust pointers 19.744ms
[26.223s][info][gc,phases,start] GC(45) Phase 4: Move objects
[26.223s][info][gc,phases      ] GC(45) Phase 4: Move objects 0.061ms
[26.223s][info][gc,heap        ] GC(45) DefNew: 116154K(1258304K)->0K(1258304K) Eden: 114474K(1118528K)->0K(1118528K) From: 1680K(139776K)->0K(139776K)
[26.223s][info][gc,heap        ] GC(45) Tenured: 35812K(2796224K)->36012K(2796224K)
[26.223s][info][gc,metaspace   ] GC(45) Metaspace: 95328K(96192K)->95328K(96192K) NonClass: 85436K(85888K)->85436K(85888K) Class: 9892K(10304K)->9892K(10304K)
[26.223s][info][gc             ] GC(45) Pause Full (System.gc()) 148M->35M(3959M) 69.592ms
[26.223s][info][gc,cpu         ] GC(45) User=0.06s Sys=0.00s Real=0.06s
[26.783s][info][gc,start       ] GC(46) Pause Young (Allocation Failure)
[26.786s][info][gc,heap        ] GC(46) DefNew: 1118528K(1258304K)->1820K(1258304K) Eden: 1118528K(1118528K)->0K(1118528K) From: 0K(139776K)->1820K(139776K)
[26.786s][info][gc,heap        ] GC(46) Tenured: 36012K(2796224K)->36012K(2796224K)
[26.786s][info][gc,metaspace   ] GC(46) Metaspace: 95376K(96256K)->95376K(96256K) NonClass: 85484K(85952K)->85484K(85952K) Class: 9892K(10304K)->9892K(10304K)
[26.786s][info][gc             ] GC(46) Pause Young (Allocation Failure) 1127M->36M(3959M) 3.176ms
[26.786s][info][gc,cpu         ] GC(46) User=0.00s Sys=0.00s Real=0.00s
[26.811s][info][gc,start       ] GC(47) Pause Full (System.gc())
[26.811s][info][gc,phases,start] GC(47) Phase 1: Mark live objects
[26.846s][info][gc,phases      ] GC(47) Phase 1: Mark live objects 34.635ms
[26.846s][info][gc,phases,start] GC(47) Phase 2: Compute new object addresses
[26.858s][info][gc,phases      ] GC(47) Phase 2: Compute new object addresses 12.401ms
[26.858s][info][gc,phases,start] GC(47) Phase 3: Adjust pointers
[26.878s][info][gc,phases      ] GC(47) Phase 3: Adjust pointers 19.827ms
[26.878s][info][gc,phases,start] GC(47) Phase 4: Move objects
[26.878s][info][gc,phases      ] GC(47) Phase 4: Move objects 0.110ms
[26.879s][info][gc,heap        ] GC(47) DefNew: 95378K(1258304K)->0K(1258304K) Eden: 93558K(1118528K)->0K(1118528K) From: 1820K(139776K)->0K(139776K)
[26.879s][info][gc,heap        ] GC(47) Tenured: 36012K(2796224K)->36243K(2796224K)
[26.879s][info][gc,metaspace   ] GC(47) Metaspace: 95376K(96256K)->95376K(96256K) NonClass: 85484K(85952K)->85484K(85952K) Class: 9892K(10304K)->9892K(10304K)
[26.879s][info][gc             ] GC(47) Pause Full (System.gc()) 128M->35M(3959M) 67.512ms
[26.879s][info][gc,cpu         ] GC(47) User=0.06s Sys=0.00s Real=0.06s
[27.426s][info][gc,start       ] GC(48) Pause Young (Allocation Failure)
[27.429s][info][gc,heap        ] GC(48) DefNew: 1114464K(1258304K)->1674K(1258304K) Eden: 1114464K(1118528K)->0K(1118528K) From: 0K(139776K)->1674K(139776K)
[27.429s][info][gc,heap        ] GC(48) Tenured: 36243K(2796224K)->36243K(2796224K)
[27.429s][info][gc,metaspace   ] GC(48) Metaspace: 95386K(96256K)->95386K(96256K) NonClass: 85494K(85952K)->85494K(85952K) Class: 9892K(10304K)->9892K(10304K)
[27.429s][info][gc             ] GC(48) Pause Young (Allocation Failure) 1123M->37M(3959M) 3.006ms
[27.429s][info][gc,cpu         ] GC(48) User=0.00s Sys=0.00s Real=0.00s
[27.460s][info][gc,start       ] GC(49) Pause Full (System.gc())
[27.460s][info][gc,phases,start] GC(49) Phase 1: Mark live objects
[27.495s][info][gc,phases      ] GC(49) Phase 1: Mark live objects 34.960ms
[27.495s][info][gc,phases,start] GC(49) Phase 2: Compute new object addresses
[27.508s][info][gc,phases      ] GC(49) Phase 2: Compute new object addresses 13.679ms
[27.508s][info][gc,phases,start] GC(49) Phase 3: Adjust pointers
[27.528s][info][gc,phases      ] GC(49) Phase 3: Adjust pointers 19.838ms
[27.528s][info][gc,phases,start] GC(49) Phase 4: Move objects
[27.529s][info][gc,phases      ] GC(49) Phase 4: Move objects 0.618ms
[27.529s][info][gc,heap        ] GC(49) DefNew: 116268K(1258304K)->0K(1258304K) Eden: 114594K(1118528K)->0K(1118528K) From: 1674K(139776K)->0K(139776K)
[27.529s][info][gc,heap        ] GC(49) Tenured: 36243K(2796224K)->36436K(2796224K)
[27.529s][info][gc,metaspace   ] GC(49) Metaspace: 95386K(96256K)->95386K(96256K) NonClass: 85494K(85952K)->85494K(85952K) Class: 9892K(10304K)->9892K(10304K)
[27.529s][info][gc             ] GC(49) Pause Full (System.gc()) 148M->35M(3959M) 69.639ms
[27.529s][info][gc,cpu         ] GC(49) User=0.05s Sys=0.00s Real=0.08s
[28.072s][info][gc,start       ] GC(50) Pause Young (Allocation Failure)
[28.075s][info][gc,heap        ] GC(50) DefNew: 1118528K(1258304K)->1929K(1258304K) Eden: 1118528K(1118528K)->0K(1118528K) From: 0K(139776K)->1929K(139776K)
[28.075s][info][gc,heap        ] GC(50) Tenured: 36436K(2796224K)->36436K(2796224K)
[28.075s][info][gc,metaspace   ] GC(50) Metaspace: 95390K(96256K)->95390K(96256K) NonClass: 85498K(85952K)->85498K(85952K) Class: 9892K(10304K)->9892K(10304K)
[28.076s][info][gc             ] GC(50) Pause Young (Allocation Failure) 1127M->37M(3959M) 3.285ms
[28.076s][info][gc,cpu         ] GC(50) User=0.00s Sys=0.00s Real=0.00s
[28.108s][info][gc,start       ] GC(51) Pause Full (System.gc())
[28.108s][info][gc,phases,start] GC(51) Phase 1: Mark live objects
[28.143s][info][gc,phases      ] GC(51) Phase 1: Mark live objects 34.974ms
[28.143s][info][gc,phases,start] GC(51) Phase 2: Compute new object addresses
[28.156s][info][gc,phases      ] GC(51) Phase 2: Compute new object addresses 13.564ms
[28.156s][info][gc,phases,start] GC(51) Phase 3: Adjust pointers
[28.177s][info][gc,phases      ] GC(51) Phase 3: Adjust pointers 20.801ms
[28.177s][info][gc,phases,start] GC(51) Phase 4: Move objects
[28.179s][info][gc,phases      ] GC(51) Phase 4: Move objects 1.942ms
[28.180s][info][gc,heap        ] GC(51) DefNew: 116353K(1258304K)->0K(1258304K) Eden: 114424K(1118528K)->0K(1118528K) From: 1929K(139776K)->0K(139776K)
[28.180s][info][gc,heap        ] GC(51) Tenured: 36436K(2796224K)->36239K(2796224K)
[28.180s][info][gc,metaspace   ] GC(51) Metaspace: 95391K(96256K)->95391K(96256K) NonClass: 85499K(85952K)->85499K(85952K) Class: 9892K(10304K)->9892K(10304K)
[28.180s][info][gc             ] GC(51) Pause Full (System.gc()) 149M->35M(3959M) 71.989ms
[28.180s][info][gc,cpu         ] GC(51) User=0.08s Sys=0.00s Real=0.08s
[28.729s][info][gc,start       ] GC(52) Pause Young (Allocation Failure)
[28.732s][info][gc,heap        ] GC(52) DefNew: 1118528K(1258304K)->1780K(1258304K) Eden: 1118528K(1118528K)->0K(1118528K) From: 0K(139776K)->1780K(139776K)
[28.732s][info][gc,heap        ] GC(52) Tenured: 36239K(2796224K)->36239K(2796224K)
[28.732s][info][gc,metaspace   ] GC(52) Metaspace: 95391K(96256K)->95391K(96256K) NonClass: 85499K(85952K)->85499K(85952K) Class: 9892K(10304K)->9892K(10304K)
[28.732s][info][gc             ] GC(52) Pause Young (Allocation Failure) 1127M->37M(3959M) 3.038ms
[28.732s][info][gc,cpu         ] GC(52) User=0.00s Sys=0.00s Real=0.00s
[28.757s][info][gc,start       ] GC(53) Pause Full (System.gc())
[28.757s][info][gc,phases,start] GC(53) Phase 1: Mark live objects
[28.792s][info][gc,phases      ] GC(53) Phase 1: Mark live objects 34.877ms
[28.792s][info][gc,phases,start] GC(53) Phase 2: Compute new object addresses
[28.805s][info][gc,phases      ] GC(53) Phase 2: Compute new object addresses 12.752ms
[28.805s][info][gc,phases,start] GC(53) Phase 3: Adjust pointers
[28.825s][info][gc,phases      ] GC(53) Phase 3: Adjust pointers 19.928ms
[28.825s][info][gc,phases,start] GC(53) Phase 4: Move objects
[28.825s][info][gc,phases      ] GC(53) Phase 4: Move objects 0.048ms
[28.825s][info][gc,heap        ] GC(53) DefNew: 88990K(1258304K)->0K(1258304K) Eden: 87209K(1118528K)->0K(1118528K) From: 1780K(139776K)->0K(139776K)
[28.825s][info][gc,heap        ] GC(53) Tenured: 36239K(2796224K)->36434K(2796224K)
[28.825s][info][gc,metaspace   ] GC(53) Metaspace: 95391K(96256K)->95391K(96256K) NonClass: 85499K(85952K)->85499K(85952K) Class: 9892K(10304K)->9892K(10304K)
[28.825s][info][gc             ] GC(53) Pause Full (System.gc()) 122M->35M(3959M) 68.139ms
[28.825s][info][gc,cpu         ] GC(53) User=0.06s Sys=0.00s Real=0.06s
[29.369s][info][gc,start       ] GC(54) Pause Young (Allocation Failure)
[29.371s][info][gc,heap        ] GC(54) DefNew: 1114945K(1258304K)->1672K(1258304K) Eden: 1114945K(1118528K)->0K(1118528K) From: 0K(139776K)->1672K(139776K)
[29.372s][info][gc,heap        ] GC(54) Tenured: 36434K(2796224K)->36434K(2796224K)
[29.372s][info][gc,metaspace   ] GC(54) Metaspace: 95411K(96256K)->95411K(96256K) NonClass: 85518K(85952K)->85518K(85952K) Class: 9892K(10304K)->9892K(10304K)
[29.372s][info][gc             ] GC(54) Pause Young (Allocation Failure) 1124M->37M(3959M) 2.830ms
[29.372s][info][gc,cpu         ] GC(54) User=0.00s Sys=0.00s Real=0.00s
[29.402s][info][gc,start       ] GC(55) Pause Full (System.gc())
[29.402s][info][gc,phases,start] GC(55) Phase 1: Mark live objects
[29.437s][info][gc,phases      ] GC(55) Phase 1: Mark live objects 35.083ms
[29.437s][info][gc,phases,start] GC(55) Phase 2: Compute new object addresses
[29.451s][info][gc,phases      ] GC(55) Phase 2: Compute new object addresses 13.648ms
[29.451s][info][gc,phases,start] GC(55) Phase 3: Adjust pointers
[29.471s][info][gc,phases      ] GC(55) Phase 3: Adjust pointers 19.968ms
[29.471s][info][gc,phases,start] GC(55) Phase 4: Move objects
[29.471s][info][gc,phases      ] GC(55) Phase 4: Move objects 0.110ms
[29.471s][info][gc,heap        ] GC(55) DefNew: 116246K(1258304K)->0K(1258304K) Eden: 114573K(1118528K)->0K(1118528K) From: 1672K(139776K)->0K(139776K)
[29.471s][info][gc,heap        ] GC(55) Tenured: 36434K(2796224K)->36625K(2796224K)
[29.471s][info][gc,metaspace   ] GC(55) Metaspace: 95411K(96256K)->95411K(96256K) NonClass: 85518K(85952K)->85518K(85952K) Class: 9892K(10304K)->9892K(10304K)
[29.471s][info][gc             ] GC(55) Pause Full (System.gc()) 149M->35M(3959M) 69.368ms
[29.471s][info][gc,cpu         ] GC(55) User=0.06s Sys=0.00s Real=0.06s
[30.021s][info][gc,start       ] GC(56) Pause Young (Allocation Failure)
[30.024s][info][gc,heap        ] GC(56) DefNew: 1118528K(1258304K)->1777K(1258304K) Eden: 1118528K(1118528K)->0K(1118528K) From: 0K(139776K)->1777K(139776K)
[30.024s][info][gc,heap        ] GC(56) Tenured: 36625K(2796224K)->36625K(2796224K)
[30.024s][info][gc,metaspace   ] GC(56) Metaspace: 95411K(96256K)->95411K(96256K) NonClass: 85518K(85952K)->85518K(85952K) Class: 9892K(10304K)->9892K(10304K)
[30.024s][info][gc             ] GC(56) Pause Young (Allocation Failure) 1128M->37M(3959M) 3.001ms
[30.024s][info][gc,cpu         ] GC(56) User=0.00s Sys=0.00s Real=0.00s
[30.050s][info][gc,start       ] GC(57) Pause Full (System.gc())
[30.050s][info][gc,phases,start] GC(57) Phase 1: Mark live objects
[30.086s][info][gc,phases      ] GC(57) Phase 1: Mark live objects 35.695ms
[30.086s][info][gc,phases,start] GC(57) Phase 2: Compute new object addresses
[30.099s][info][gc,phases      ] GC(57) Phase 2: Compute new object addresses 12.913ms
[30.099s][info][gc,phases,start] GC(57) Phase 3: Adjust pointers
[30.119s][info][gc,phases      ] GC(57) Phase 3: Adjust pointers 20.066ms
[30.119s][info][gc,phases,start] GC(57) Phase 4: Move objects
[30.119s][info][gc,phases      ] GC(57) Phase 4: Move objects 0.115ms
[30.120s][info][gc,heap        ] GC(57) DefNew: 104327K(1258304K)->0K(1258304K) Eden: 102550K(1118528K)->0K(1118528K) From: 1777K(139776K)->0K(139776K)
[30.120s][info][gc,heap        ] GC(57) Tenured: 36625K(2796224K)->36817K(2796224K)
[30.120s][info][gc,metaspace   ] GC(57) Metaspace: 95411K(96256K)->95411K(96256K) NonClass: 85518K(85952K)->85518K(85952K) Class: 9892K(10304K)->9892K(10304K)
[30.120s][info][gc             ] GC(57) Pause Full (System.gc()) 137M->35M(3959M) 69.340ms
[30.120s][info][gc,cpu         ] GC(57) User=0.03s Sys=0.00s Real=0.06s
[30.666s][info][gc,start       ] GC(58) Pause Young (Allocation Failure)
[30.669s][info][gc,heap        ] GC(58) DefNew: 1115335K(1258304K)->1670K(1258304K) Eden: 1115335K(1118528K)->0K(1118528K) From: 0K(139776K)->1670K(139776K)
[30.669s][info][gc,heap        ] GC(58) Tenured: 36817K(2796224K)->36817K(2796224K)
[30.669s][info][gc,metaspace   ] GC(58) Metaspace: 95445K(96320K)->95445K(96320K) NonClass: 85552K(86016K)->85552K(86016K) Class: 9893K(10304K)->9893K(10304K)
[30.669s][info][gc             ] GC(58) Pause Young (Allocation Failure) 1125M->37M(3959M) 2.962ms
[30.669s][info][gc,cpu         ] GC(58) User=0.00s Sys=0.00s Real=0.00s
[30.698s][info][gc,start       ] GC(59) Pause Full (System.gc())
[30.699s][info][gc,phases,start] GC(59) Phase 1: Mark live objects
[30.734s][info][gc,phases      ] GC(59) Phase 1: Mark live objects 35.752ms
[30.734s][info][gc,phases,start] GC(59) Phase 2: Compute new object addresses
[30.748s][info][gc,phases      ] GC(59) Phase 2: Compute new object addresses 13.611ms
[30.748s][info][gc,phases,start] GC(59) Phase 3: Adjust pointers
[30.769s][info][gc,phases      ] GC(59) Phase 3: Adjust pointers 20.730ms
[30.769s][info][gc,phases,start] GC(59) Phase 4: Move objects
[30.771s][info][gc,phases      ] GC(59) Phase 4: Move objects 2.383ms
[30.772s][info][gc,heap        ] GC(59) DefNew: 116209K(1258304K)->0K(1258304K) Eden: 114539K(1118528K)->0K(1118528K) From: 1670K(139776K)->0K(139776K)
[30.772s][info][gc,heap        ] GC(59) Tenured: 36817K(2796224K)->36647K(2796224K)
[30.772s][info][gc,metaspace   ] GC(59) Metaspace: 95446K(96320K)->95446K(96320K) NonClass: 85553K(86016K)->85553K(86016K) Class: 9893K(10304K)->9893K(10304K)
[30.772s][info][gc             ] GC(59) Pause Full (System.gc()) 149M->35M(3959M) 73.202ms
[30.772s][info][gc,cpu         ] GC(59) User=0.06s Sys=0.00s Real=0.06s
[31.320s][info][gc,start       ] GC(60) Pause Young (Allocation Failure)
[31.323s][info][gc,heap        ] GC(60) DefNew: 1118528K(1258304K)->1777K(1258304K) Eden: 1118528K(1118528K)->0K(1118528K) From: 0K(139776K)->1777K(139776K)
[31.323s][info][gc,heap        ] GC(60) Tenured: 36647K(2796224K)->36647K(2796224K)
[31.323s][info][gc,metaspace   ] GC(60) Metaspace: 95611K(96448K)->95611K(96448K) NonClass: 85717K(86144K)->85717K(86144K) Class: 9894K(10304K)->9894K(10304K)
[31.323s][info][gc             ] GC(60) Pause Young (Allocation Failure) 1128M->37M(3959M) 3.182ms
[31.323s][info][gc,cpu         ] GC(60) User=0.02s Sys=0.00s Real=0.02s
[31.349s][info][gc,start       ] GC(61) Pause Full (System.gc())
[31.350s][info][gc,phases,start] GC(61) Phase 1: Mark live objects
[31.385s][info][gc,phases      ] GC(61) Phase 1: Mark live objects 35.602ms
[31.385s][info][gc,phases,start] GC(61) Phase 2: Compute new object addresses
[31.398s][info][gc,phases      ] GC(61) Phase 2: Compute new object addresses 12.947ms
[31.398s][info][gc,phases,start] GC(61) Phase 3: Adjust pointers
[31.418s][info][gc,phases      ] GC(61) Phase 3: Adjust pointers 20.123ms
[31.418s][info][gc,phases,start] GC(61) Phase 4: Move objects
[31.418s][info][gc,phases      ] GC(61) Phase 4: Move objects 0.062ms
[31.419s][info][gc,heap        ] GC(61) DefNew: 104997K(1258304K)->0K(1258304K) Eden: 103219K(1118528K)->0K(1118528K) From: 1777K(139776K)->0K(139776K)
[31.419s][info][gc,heap        ] GC(61) Tenured: 36647K(2796224K)->36839K(2796224K)
[31.419s][info][gc,metaspace   ] GC(61) Metaspace: 95611K(96448K)->95611K(96448K) NonClass: 85717K(86144K)->85717K(86144K) Class: 9894K(10304K)->9894K(10304K)
[31.419s][info][gc             ] GC(61) Pause Full (System.gc()) 138M->35M(3959M) 69.284ms
[31.419s][info][gc,cpu         ] GC(61) User=0.05s Sys=0.00s Real=0.06s
[31.954s][info][gc,start       ] GC(62) Pause Young (Allocation Failure)
[31.958s][info][gc,heap        ] GC(62) DefNew: 1118528K(1258304K)->2796K(1258304K) Eden: 1118528K(1118528K)->0K(1118528K) From: 0K(139776K)->2796K(139776K)
[31.958s][info][gc,heap        ] GC(62) Tenured: 36839K(2796224K)->36839K(2796224K)
[31.958s][info][gc,metaspace   ] GC(62) Metaspace: 95631K(96448K)->95631K(96448K) NonClass: 85737K(86144K)->85737K(86144K) Class: 9894K(10304K)->9894K(10304K)
[31.958s][info][gc             ] GC(62) Pause Young (Allocation Failure) 1128M->38M(3959M) 3.635ms
[31.958s][info][gc,cpu         ] GC(62) User=0.00s Sys=0.00s Real=0.00s
[31.995s][info][gc,start       ] GC(63) Pause Full (System.gc())
[31.995s][info][gc,phases,start] GC(63) Phase 1: Mark live objects
[32.031s][info][gc,phases      ] GC(63) Phase 1: Mark live objects 35.494ms
[32.031s][info][gc,phases,start] GC(63) Phase 2: Compute new object addresses
[32.045s][info][gc,phases      ] GC(63) Phase 2: Compute new object addresses 14.189ms
[32.045s][info][gc,phases,start] GC(63) Phase 3: Adjust pointers
[32.065s][info][gc,phases      ] GC(63) Phase 3: Adjust pointers 20.180ms
[32.065s][info][gc,phases,start] GC(63) Phase 4: Move objects
[32.065s][info][gc,phases      ] GC(63) Phase 4: Move objects 0.112ms
[32.065s][info][gc,heap        ] GC(63) DefNew: 116560K(1258304K)->0K(1258304K) Eden: 113763K(1118528K)->0K(1118528K) From: 2796K(139776K)->0K(139776K)
[32.065s][info][gc,heap        ] GC(63) Tenured: 36839K(2796224K)->37065K(2796224K)
[32.065s][info][gc,metaspace   ] GC(63) Metaspace: 95637K(96448K)->95637K(96448K) NonClass: 85742K(86144K)->85742K(86144K) Class: 9894K(10304K)->9894K(10304K)
[32.066s][info][gc             ] GC(63) Pause Full (System.gc()) 149M->36M(3959M) 70.509ms
[32.066s][info][gc,cpu         ] GC(63) User=0.06s Sys=0.00s Real=0.06s
[32.608s][info][gc,start       ] GC(64) Pause Young (Allocation Failure)
[32.611s][info][gc,heap        ] GC(64) DefNew: 1118528K(1258304K)->1772K(1258304K) Eden: 1118528K(1118528K)->0K(1118528K) From: 0K(139776K)->1772K(139776K)
[32.611s][info][gc,heap        ] GC(64) Tenured: 37065K(2796224K)->37065K(2796224K)
[32.611s][info][gc,metaspace   ] GC(64) Metaspace: 95637K(96448K)->95637K(96448K) NonClass: 85742K(86144K)->85742K(86144K) Class: 9894K(10304K)->9894K(10304K)
[32.611s][info][gc             ] GC(64) Pause Young (Allocation Failure) 1128M->37M(3959M) 3.267ms
[32.611s][info][gc,cpu         ] GC(64) User=0.00s Sys=0.00s Real=0.00s
[32.637s][info][gc,start       ] GC(65) Pause Full (System.gc())
[32.637s][info][gc,phases,start] GC(65) Phase 1: Mark live objects
[32.673s][info][gc,phases      ] GC(65) Phase 1: Mark live objects 35.355ms
[32.673s][info][gc,phases,start] GC(65) Phase 2: Compute new object addresses
[32.686s][info][gc,phases      ] GC(65) Phase 2: Compute new object addresses 13.408ms
[32.686s][info][gc,phases,start] GC(65) Phase 3: Adjust pointers
[32.707s][info][gc,phases      ] GC(65) Phase 3: Adjust pointers 20.219ms
[32.707s][info][gc,phases,start] GC(65) Phase 4: Move objects
[32.707s][info][gc,phases      ] GC(65) Phase 4: Move objects 0.100ms
[32.707s][info][gc,heap        ] GC(65) DefNew: 111998K(1258304K)->0K(1258304K) Eden: 110225K(1118528K)->0K(1118528K) From: 1772K(139776K)->0K(139776K)
[32.707s][info][gc,heap        ] GC(65) Tenured: 37065K(2796224K)->37253K(2796224K)
[32.707s][info][gc,metaspace   ] GC(65) Metaspace: 95637K(96448K)->95637K(96448K) NonClass: 85742K(86144K)->85742K(86144K) Class: 9894K(10304K)->9894K(10304K)
[32.707s][info][gc             ] GC(65) Pause Full (System.gc()) 145M->36M(3959M) 69.654ms
[32.707s][info][gc,cpu         ] GC(65) User=0.08s Sys=0.00s Real=0.08s
[33.239s][info][gc,start       ] GC(66) Pause Young (Allocation Failure)
[33.242s][info][gc,heap        ] GC(66) DefNew: 1118528K(1258304K)->1587K(1258304K) Eden: 1118528K(1118528K)->0K(1118528K) From: 0K(139776K)->1587K(139776K)
[33.242s][info][gc,heap        ] GC(66) Tenured: 37253K(2796224K)->37253K(2796224K)
[33.242s][info][gc,metaspace   ] GC(66) Metaspace: 95644K(96512K)->95644K(96512K) NonClass: 85748K(86208K)->85748K(86208K) Class: 9895K(10304K)->9895K(10304K)
[33.242s][info][gc             ] GC(66) Pause Young (Allocation Failure) 1128M->37M(3959M) 2.770ms
[33.242s][info][gc,cpu         ] GC(66) User=0.00s Sys=0.00s Real=0.00s
[33.278s][info][gc,start       ] GC(67) Pause Full (System.gc())
[33.279s][info][gc,phases,start] GC(67) Phase 1: Mark live objects
[33.315s][info][gc,phases      ] GC(67) Phase 1: Mark live objects 36.028ms
[33.315s][info][gc,phases,start] GC(67) Phase 2: Compute new object addresses
[33.329s][info][gc,phases      ] GC(67) Phase 2: Compute new object addresses 14.080ms
[33.329s][info][gc,phases,start] GC(67) Phase 3: Adjust pointers
[33.351s][info][gc,phases      ] GC(67) Phase 3: Adjust pointers 22.067ms
[33.351s][info][gc,phases,start] GC(67) Phase 4: Move objects
[33.354s][info][gc,phases      ] GC(67) Phase 4: Move objects 3.042ms
[33.354s][info][gc,heap        ] GC(67) DefNew: 115119K(1258304K)->0K(1258304K) Eden: 113531K(1118528K)->0K(1118528K) From: 1587K(139776K)->0K(139776K)
[33.354s][info][gc,heap        ] GC(67) Tenured: 37253K(2796224K)->37016K(2796224K)
[33.354s][info][gc,metaspace   ] GC(67) Metaspace: 95645K(96512K)->95645K(96512K) NonClass: 85748K(86208K)->85748K(86208K) Class: 9896K(10304K)->9896K(10304K)
[33.354s][info][gc             ] GC(67) Pause Full (System.gc()) 148M->36M(3959M) 75.947ms
[33.354s][info][gc,cpu         ] GC(67) User=0.05s Sys=0.00s Real=0.06s
[33.898s][info][gc,start       ] GC(68) Pause Young (Allocation Failure)
[33.902s][info][gc,heap        ] GC(68) DefNew: 1118528K(1258304K)->1778K(1258304K) Eden: 1118528K(1118528K)->0K(1118528K) From: 0K(139776K)->1778K(139776K)
[33.902s][info][gc,heap        ] GC(68) Tenured: 37016K(2796224K)->37016K(2796224K)
[33.902s][info][gc,metaspace   ] GC(68) Metaspace: 95647K(96576K)->95647K(96576K) NonClass: 85751K(86272K)->85751K(86272K) Class: 9896K(10304K)->9896K(10304K)
[33.902s][info][gc             ] GC(68) Pause Young (Allocation Failure) 1128M->37M(3959M) 3.483ms
[33.902s][info][gc,cpu         ] GC(68) User=0.00s Sys=0.00s Real=0.00s
[33.927s][info][gc,start       ] GC(69) Pause Full (System.gc())
[33.927s][info][gc,phases,start] GC(69) Phase 1: Mark live objects
[33.963s][info][gc,phases      ] GC(69) Phase 1: Mark live objects 35.902ms
[33.963s][info][gc,phases,start] GC(69) Phase 2: Compute new object addresses
[33.976s][info][gc,phases      ] GC(69) Phase 2: Compute new object addresses 12.954ms
[33.976s][info][gc,phases,start] GC(69) Phase 3: Adjust pointers
[33.996s][info][gc,phases      ] GC(69) Phase 3: Adjust pointers 20.236ms
[33.996s][info][gc,phases,start] GC(69) Phase 4: Move objects
[33.996s][info][gc,phases      ] GC(69) Phase 4: Move objects 0.048ms
[33.996s][info][gc,heap        ] GC(69) DefNew: 96122K(1258304K)->0K(1258304K) Eden: 94344K(1118528K)->0K(1118528K) From: 1778K(139776K)->0K(139776K)
[33.996s][info][gc,heap        ] GC(69) Tenured: 37016K(2796224K)->37209K(2796224K)
[33.996s][info][gc,metaspace   ] GC(69) Metaspace: 95647K(96576K)->95647K(96576K) NonClass: 85751K(86272K)->85751K(86272K) Class: 9896K(10304K)->9896K(10304K)
[33.996s][info][gc             ] GC(69) Pause Full (System.gc()) 130M->36M(3959M) 69.668ms
[33.996s][info][gc,cpu         ] GC(69) User=0.08s Sys=0.00s Real=0.08s
[34.536s][info][gc,start       ] GC(70) Pause Young (Allocation Failure)
[34.539s][info][gc,heap        ] GC(70) DefNew: 1115176K(1258304K)->1666K(1258304K) Eden: 1115176K(1118528K)->0K(1118528K) From: 0K(139776K)->1666K(139776K)
[34.539s][info][gc,heap        ] GC(70) Tenured: 37209K(2796224K)->37209K(2796224K)
[34.539s][info][gc,metaspace   ] GC(70) Metaspace: 95647K(96576K)->95647K(96576K) NonClass: 85751K(86272K)->85751K(86272K) Class: 9896K(10304K)->9896K(10304K)
[34.539s][info][gc             ] GC(70) Pause Young (Allocation Failure) 1125M->37M(3959M) 2.829ms
[34.539s][info][gc,cpu         ] GC(70) User=0.00s Sys=0.00s Real=0.00s
[34.569s][info][gc,start       ] GC(71) Pause Full (System.gc())
[34.570s][info][gc,phases,start] GC(71) Phase 1: Mark live objects
[34.605s][info][gc,phases      ] GC(71) Phase 1: Mark live objects 35.342ms
[34.605s][info][gc,phases,start] GC(71) Phase 2: Compute new object addresses
[34.619s][info][gc,phases      ] GC(71) Phase 2: Compute new object addresses 13.745ms
[34.619s][info][gc,phases,start] GC(71) Phase 3: Adjust pointers
[34.639s][info][gc,phases      ] GC(71) Phase 3: Adjust pointers 20.418ms
[34.639s][info][gc,phases,start] GC(71) Phase 4: Move objects
[34.639s][info][gc,phases      ] GC(71) Phase 4: Move objects 0.085ms
[34.640s][info][gc,heap        ] GC(71) DefNew: 116150K(1258304K)->0K(1258304K) Eden: 114483K(1118528K)->0K(1118528K) From: 1666K(139776K)->0K(139776K)
[34.640s][info][gc,heap        ] GC(71) Tenured: 37209K(2796224K)->37395K(2796224K)
[34.640s][info][gc,metaspace   ] GC(71) Metaspace: 95647K(96576K)->95647K(96576K) NonClass: 85751K(86272K)->85751K(86272K) Class: 9896K(10304K)->9896K(10304K)
[34.640s][info][gc             ] GC(71) Pause Full (System.gc()) 149M->36M(3959M) 70.124ms
[34.640s][info][gc,cpu         ] GC(71) User=0.06s Sys=0.00s Real=0.06s
[35.175s][info][gc,start       ] GC(72) Pause Young (Allocation Failure)
[35.178s][info][gc,heap        ] GC(72) DefNew: 1114818K(1258304K)->1665K(1258304K) Eden: 1114818K(1118528K)->0K(1118528K) From: 0K(139776K)->1665K(139776K)
[35.178s][info][gc,heap        ] GC(72) Tenured: 37395K(2796224K)->37395K(2796224K)
[35.178s][info][gc,metaspace   ] GC(72) Metaspace: 95658K(96576K)->95658K(96576K) NonClass: 85762K(86272K)->85762K(86272K) Class: 9896K(10304K)->9896K(10304K)
[35.178s][info][gc             ] GC(72) Pause Young (Allocation Failure) 1125M->38M(3959M) 3.239ms
[35.178s][info][gc,cpu         ] GC(72) User=0.00s Sys=0.00s Real=0.02s
[35.208s][info][gc,start       ] GC(73) Pause Full (System.gc())
[35.208s][info][gc,phases,start] GC(73) Phase 1: Mark live objects
[35.243s][info][gc,phases      ] GC(73) Phase 1: Mark live objects 35.637ms
[35.243s][info][gc,phases,start] GC(73) Phase 2: Compute new object addresses
[35.258s][info][gc,phases      ] GC(73) Phase 2: Compute new object addresses 14.213ms
[35.258s][info][gc,phases,start] GC(73) Phase 3: Adjust pointers
[35.278s][info][gc,phases      ] GC(73) Phase 3: Adjust pointers 20.381ms
[35.278s][info][gc,phases,start] GC(73) Phase 4: Move objects
[35.278s][info][gc,phases      ] GC(73) Phase 4: Move objects 0.097ms
[35.278s][info][gc,heap        ] GC(73) DefNew: 108725K(1258304K)->0K(1258304K) Eden: 107059K(1118528K)->0K(1118528K) From: 1665K(139776K)->0K(139776K)
[35.278s][info][gc,heap        ] GC(73) Tenured: 37395K(2796224K)->37582K(2796224K)
[35.278s][info][gc,metaspace   ] GC(73) Metaspace: 95658K(96576K)->95658K(96576K) NonClass: 85762K(86272K)->85762K(86272K) Class: 9896K(10304K)->9896K(10304K)
[35.278s][info][gc             ] GC(73) Pause Full (System.gc()) 142M->36M(3959M) 70.887ms
[35.279s][info][gc,cpu         ] GC(73) User=0.06s Sys=0.00s Real=0.06s
[35.820s][info][gc,start       ] GC(74) Pause Young (Allocation Failure)
[35.823s][info][gc,heap        ] GC(74) DefNew: 1118527K(1258304K)->1771K(1258304K) Eden: 1118527K(1118528K)->0K(1118528K) From: 0K(139776K)->1771K(139776K)
[35.823s][info][gc,heap        ] GC(74) Tenured: 37582K(2796224K)->37582K(2796224K)
[35.823s][info][gc,metaspace   ] GC(74) Metaspace: 95662K(96576K)->95662K(96576K) NonClass: 85765K(86272K)->85765K(86272K) Class: 9896K(10304K)->9896K(10304K)
[35.823s][info][gc             ] GC(74) Pause Young (Allocation Failure) 1129M->38M(3959M) 3.804ms
[35.823s][info][gc,cpu         ] GC(74) User=0.02s Sys=0.00s Real=0.01s
[35.848s][info][gc,start       ] GC(75) Pause Full (System.gc())
[35.848s][info][gc,phases,start] GC(75) Phase 1: Mark live objects
[35.884s][info][gc,phases      ] GC(75) Phase 1: Mark live objects 36.260ms
[35.884s][info][gc,phases,start] GC(75) Phase 2: Compute new object addresses
[35.897s][info][gc,phases      ] GC(75) Phase 2: Compute new object addresses 12.902ms
[35.897s][info][gc,phases,start] GC(75) Phase 3: Adjust pointers
[35.918s][info][gc,phases      ] GC(75) Phase 3: Adjust pointers 20.922ms
[35.918s][info][gc,phases,start] GC(75) Phase 4: Move objects
[35.920s][info][gc,phases      ] GC(75) Phase 4: Move objects 2.007ms
[35.921s][info][gc,heap        ] GC(75) DefNew: 96191K(1258304K)->0K(1258304K) Eden: 94419K(1118528K)->0K(1118528K) From: 1771K(139776K)->0K(139776K)
[35.921s][info][gc,heap        ] GC(75) Tenured: 37582K(2796224K)->37394K(2796224K)
[35.921s][info][gc,metaspace   ] GC(75) Metaspace: 95662K(96576K)->95662K(96576K) NonClass: 85765K(86272K)->85765K(86272K) Class: 9896K(10304K)->9896K(10304K)
[35.921s][info][gc             ] GC(75) Pause Full (System.gc()) 130M->36M(3959M) 72.809ms
[35.921s][info][gc,cpu         ] GC(75) User=0.08s Sys=0.00s Real=0.08s
[36.453s][info][gc,start       ] GC(76) Pause Young (Allocation Failure)
[36.456s][info][gc,heap        ] GC(76) DefNew: 1114870K(1258304K)->1661K(1258304K) Eden: 1114870K(1118528K)->0K(1118528K) From: 0K(139776K)->1661K(139776K)
[36.456s][info][gc,heap        ] GC(76) Tenured: 37394K(2796224K)->37394K(2796224K)
[36.456s][info][gc,metaspace   ] GC(76) Metaspace: 95663K(96576K)->95663K(96576K) NonClass: 85766K(86272K)->85766K(86272K) Class: 9896K(10304K)->9896K(10304K)
[36.456s][info][gc             ] GC(76) Pause Young (Allocation Failure) 1125M->38M(3959M) 2.821ms
[36.456s][info][gc,cpu         ] GC(76) User=0.00s Sys=0.00s Real=0.00s
[36.486s][info][gc,start       ] GC(77) Pause Full (System.gc())
[36.486s][info][gc,phases,start] GC(77) Phase 1: Mark live objects
[36.522s][info][gc,phases      ] GC(77) Phase 1: Mark live objects 35.716ms
[36.522s][info][gc,phases,start] GC(77) Phase 2: Compute new object addresses
[36.536s][info][gc,phases      ] GC(77) Phase 2: Compute new object addresses 13.914ms
[36.536s][info][gc,phases,start] GC(77) Phase 3: Adjust pointers
[36.556s][info][gc,phases      ] GC(77) Phase 3: Adjust pointers 20.332ms
[36.556s][info][gc,phases,start] GC(77) Phase 4: Move objects
[36.556s][info][gc,phases      ] GC(77) Phase 4: Move objects 0.046ms
[36.556s][info][gc,heap        ] GC(77) DefNew: 116210K(1258304K)->0K(1258304K) Eden: 114549K(1118528K)->0K(1118528K) From: 1661K(139776K)->0K(139776K)
[36.556s][info][gc,heap        ] GC(77) Tenured: 37394K(2796224K)->37576K(2796224K)
[36.556s][info][gc,metaspace   ] GC(77) Metaspace: 95663K(96576K)->95663K(96576K) NonClass: 85766K(86272K)->85766K(86272K) Class: 9896K(10304K)->9896K(10304K)
[36.556s][info][gc             ] GC(77) Pause Full (System.gc()) 150M->36M(3959M) 70.532ms
[36.556s][info][gc,cpu         ] GC(77) User=0.06s Sys=0.00s Real=0.06s
[37.088s][info][gc,start       ] GC(78) Pause Young (Allocation Failure)
[37.091s][info][gc,heap        ] GC(78) DefNew: 1117837K(1258304K)->1657K(1258304K) Eden: 1117837K(1118528K)->0K(1118528K) From: 0K(139776K)->1657K(139776K)
[37.091s][info][gc,heap        ] GC(78) Tenured: 37576K(2796224K)->37576K(2796224K)
[37.091s][info][gc,metaspace   ] GC(78) Metaspace: 95663K(96576K)->95663K(96576K) NonClass: 85766K(86272K)->85766K(86272K) Class: 9896K(10304K)->9896K(10304K)
[37.091s][info][gc             ] GC(78) Pause Young (Allocation Failure) 1128M->38M(3959M) 2.868ms
[37.091s][info][gc,cpu         ] GC(78) User=0.00s Sys=0.00s Real=0.00s
[37.121s][info][gc,start       ] GC(79) Pause Full (System.gc())
[37.121s][info][gc,phases,start] GC(79) Phase 1: Mark live objects
[37.157s][info][gc,phases      ] GC(79) Phase 1: Mark live objects 36.380ms
[37.157s][info][gc,phases,start] GC(79) Phase 2: Compute new object addresses
[37.171s][info][gc,phases      ] GC(79) Phase 2: Compute new object addresses 13.881ms
[37.171s][info][gc,phases,start] GC(79) Phase 3: Adjust pointers
[37.192s][info][gc,phases      ] GC(79) Phase 3: Adjust pointers 20.968ms
[37.192s][info][gc,phases,start] GC(79) Phase 4: Move objects
[37.192s][info][gc,phases      ] GC(79) Phase 4: Move objects 0.091ms
[37.193s][info][gc,heap        ] GC(79) DefNew: 116000K(1258304K)->0K(1258304K) Eden: 114343K(1118528K)->0K(1118528K) From: 1657K(139776K)->0K(139776K)
[37.193s][info][gc,heap        ] GC(79) Tenured: 37576K(2796224K)->37755K(2796224K)
[37.193s][info][gc,metaspace   ] GC(79) Metaspace: 95663K(96576K)->95663K(96576K) NonClass: 85766K(86272K)->85766K(86272K) Class: 9896K(10304K)->9896K(10304K)
[37.193s][info][gc             ] GC(79) Pause Full (System.gc()) 149M->36M(3959M) 72.052ms
[37.193s][info][gc,cpu         ] GC(79) User=0.00s Sys=0.00s Real=0.06s
[37.731s][info][gc,start       ] GC(80) Pause Young (Allocation Failure)
[37.733s][info][gc,heap        ] GC(80) DefNew: 1118528K(1258304K)->1773K(1258304K) Eden: 1118528K(1118528K)->0K(1118528K) From: 0K(139776K)->1773K(139776K)
[37.733s][info][gc,heap        ] GC(80) Tenured: 37755K(2796224K)->37755K(2796224K)
[37.733s][info][gc,metaspace   ] GC(80) Metaspace: 95663K(96576K)->95663K(96576K) NonClass: 85766K(86272K)->85766K(86272K) Class: 9896K(10304K)->9896K(10304K)
[37.734s][info][gc             ] GC(80) Pause Young (Allocation Failure) 1129M->38M(3959M) 2.948ms
[37.734s][info][gc,cpu         ] GC(80) User=0.00s Sys=0.00s Real=0.00s
[37.760s][info][gc,start       ] GC(81) Pause Full (System.gc())
[37.760s][info][gc,phases,start] GC(81) Phase 1: Mark live objects
[37.797s][info][gc,phases      ] GC(81) Phase 1: Mark live objects 36.240ms
[37.797s][info][gc,phases,start] GC(81) Phase 2: Compute new object addresses
[37.810s][info][gc,phases      ] GC(81) Phase 2: Compute new object addresses 12.960ms
[37.810s][info][gc,phases,start] GC(81) Phase 3: Adjust pointers
[37.830s][info][gc,phases      ] GC(81) Phase 3: Adjust pointers 20.349ms
[37.830s][info][gc,phases,start] GC(81) Phase 4: Move objects
[37.830s][info][gc,phases      ] GC(81) Phase 4: Move objects 0.098ms
[37.831s][info][gc,heap        ] GC(81) DefNew: 104121K(1258304K)->0K(1258304K) Eden: 102348K(1118528K)->0K(1118528K) From: 1773K(139776K)->0K(139776K)
[37.831s][info][gc,heap        ] GC(81) Tenured: 37755K(2796224K)->37943K(2796224K)
[37.831s][info][gc,metaspace   ] GC(81) Metaspace: 95663K(96576K)->95663K(96576K) NonClass: 85766K(86272K)->85766K(86272K) Class: 9896K(10304K)->9896K(10304K)
[37.831s][info][gc             ] GC(81) Pause Full (System.gc()) 138M->37M(3959M) 70.185ms
[37.831s][info][gc,cpu         ] GC(81) User=0.08s Sys=0.00s Real=0.08s
[38.359s][info][gc,start       ] GC(82) Pause Young (Allocation Failure)
[38.362s][info][gc,heap        ] GC(82) DefNew: 1117744K(1258304K)->1660K(1258304K) Eden: 1117744K(1118528K)->0K(1118528K) From: 0K(139776K)->1660K(139776K)
[38.362s][info][gc,heap        ] GC(82) Tenured: 37943K(2796224K)->37943K(2796224K)
[38.362s][info][gc,metaspace   ] GC(82) Metaspace: 95663K(96576K)->95663K(96576K) NonClass: 85766K(86272K)->85766K(86272K) Class: 9896K(10304K)->9896K(10304K)
[38.362s][info][gc             ] GC(82) Pause Young (Allocation Failure) 1128M->38M(3959M) 3.112ms
[38.362s][info][gc,cpu         ] GC(82) User=0.00s Sys=0.00s Real=0.00s
[38.392s][info][gc,start       ] GC(83) Pause Full (System.gc())
[38.392s][info][gc,phases,start] GC(83) Phase 1: Mark live objects
[38.428s][info][gc,phases      ] GC(83) Phase 1: Mark live objects 36.716ms
[38.429s][info][gc,phases,start] GC(83) Phase 2: Compute new object addresses
[38.442s][info][gc,phases      ] GC(83) Phase 2: Compute new object addresses 13.717ms
[38.442s][info][gc,phases,start] GC(83) Phase 3: Adjust pointers
[38.463s][info][gc,phases      ] GC(83) Phase 3: Adjust pointers 21.020ms
[38.463s][info][gc,phases,start] GC(83) Phase 4: Move objects
[38.465s][info][gc,phases      ] GC(83) Phase 4: Move objects 1.996ms
[38.466s][info][gc,heap        ] GC(83) DefNew: 108708K(1258304K)->0K(1258304K) Eden: 107048K(1118528K)->0K(1118528K) From: 1660K(139776K)->0K(139776K)
[38.466s][info][gc,heap        ] GC(83) Tenured: 37943K(2796224K)->37800K(2796224K)
[38.466s][info][gc,metaspace   ] GC(83) Metaspace: 95664K(96576K)->95664K(96576K) NonClass: 85767K(86272K)->85767K(86272K) Class: 9896K(10304K)->9896K(10304K)
[38.466s][info][gc             ] GC(83) Pause Full (System.gc()) 143M->36M(3959M) 74.157ms
[38.466s][info][gc,cpu         ] GC(83) User=0.08s Sys=0.00s Real=0.08s
[39.003s][info][gc,start       ] GC(84) Pause Young (Allocation Failure)
[39.006s][info][gc,heap        ] GC(84) DefNew: 1118528K(1258304K)->1770K(1258304K) Eden: 1118528K(1118528K)->0K(1118528K) From: 0K(139776K)->1770K(139776K)
[39.006s][info][gc,heap        ] GC(84) Tenured: 37800K(2796224K)->37800K(2796224K)
[39.006s][info][gc,metaspace   ] GC(84) Metaspace: 95664K(96576K)->95664K(96576K) NonClass: 85767K(86272K)->85767K(86272K) Class: 9896K(10304K)->9896K(10304K)
[39.006s][info][gc             ] GC(84) Pause Young (Allocation Failure) 1129M->38M(3959M) 3.037ms
[39.006s][info][gc,cpu         ] GC(84) User=0.00s Sys=0.00s Real=0.00s
[39.030s][info][gc,start       ] GC(85) Pause Full (System.gc())
[39.031s][info][gc,phases,start] GC(85) Phase 1: Mark live objects
[39.067s][info][gc,phases      ] GC(85) Phase 1: Mark live objects 36.517ms
[39.067s][info][gc,phases,start] GC(85) Phase 2: Compute new object addresses
[39.080s][info][gc,phases      ] GC(85) Phase 2: Compute new object addresses 13.048ms
[39.080s][info][gc,phases,start] GC(85) Phase 3: Adjust pointers
[39.101s][info][gc,phases      ] GC(85) Phase 3: Adjust pointers 20.399ms
[39.101s][info][gc,phases,start] GC(85) Phase 4: Move objects
[39.101s][info][gc,phases      ] GC(85) Phase 4: Move objects 0.067ms
[39.101s][info][gc,heap        ] GC(85) DefNew: 89002K(1258304K)->0K(1258304K) Eden: 87232K(1118528K)->0K(1118528K) From: 1770K(139776K)->0K(139776K)
[39.101s][info][gc,heap        ] GC(85) Tenured: 37800K(2796224K)->37985K(2796224K)
[39.101s][info][gc,metaspace   ] GC(85) Metaspace: 95664K(96576K)->95664K(96576K) NonClass: 85767K(86272K)->85767K(86272K) Class: 9896K(10304K)->9896K(10304K)
[39.101s][info][gc             ] GC(85) Pause Full (System.gc()) 123M->37M(3959M) 70.583ms
[39.101s][info][gc,cpu         ] GC(85) User=0.06s Sys=0.00s Real=0.06s
[39.632s][info][gc,start       ] GC(86) Pause Young (Allocation Failure)
[39.635s][info][gc,heap        ] GC(86) DefNew: 1118374K(1258304K)->1661K(1258304K) Eden: 1118374K(1118528K)->0K(1118528K) From: 0K(139776K)->1661K(139776K)
[39.635s][info][gc,heap        ] GC(86) Tenured: 37985K(2796224K)->37985K(2796224K)
[39.635s][info][gc,metaspace   ] GC(86) Metaspace: 95664K(96576K)->95664K(96576K) NonClass: 85767K(86272K)->85767K(86272K) Class: 9896K(10304K)->9896K(10304K)
[39.635s][info][gc             ] GC(86) Pause Young (Allocation Failure) 1129M->38M(3959M) 2.778ms
[39.635s][info][gc,cpu         ] GC(86) User=0.00s Sys=0.00s Real=0.00s
[39.664s][info][gc,start       ] GC(87) Pause Full (System.gc())
[39.664s][info][gc,phases,start] GC(87) Phase 1: Mark live objects
[39.700s][info][gc,phases      ] GC(87) Phase 1: Mark live objects 36.173ms
[39.700s][info][gc,phases,start] GC(87) Phase 2: Compute new object addresses
[39.714s][info][gc,phases      ] GC(87) Phase 2: Compute new object addresses 14.083ms
[39.715s][info][gc,phases,start] GC(87) Phase 3: Adjust pointers
[39.735s][info][gc,phases      ] GC(87) Phase 3: Adjust pointers 20.435ms
[39.735s][info][gc,phases,start] GC(87) Phase 4: Move objects
[39.735s][info][gc,phases      ] GC(87) Phase 4: Move objects 0.093ms
[39.735s][info][gc,heap        ] GC(87) DefNew: 109032K(1258304K)->0K(1258304K) Eden: 107370K(1118528K)->0K(1118528K) From: 1661K(139776K)->0K(139776K)
[39.735s][info][gc,heap        ] GC(87) Tenured: 37985K(2796224K)->38167K(2796224K)
[39.735s][info][gc,metaspace   ] GC(87) Metaspace: 95664K(96576K)->95664K(96576K) NonClass: 85767K(86272K)->85767K(86272K) Class: 9896K(10304K)->9896K(10304K)
[39.735s][info][gc             ] GC(87) Pause Full (System.gc()) 143M->37M(3959M) 71.332ms
[39.735s][info][gc,cpu         ] GC(87) User=0.02s Sys=0.00s Real=0.06s
[40.268s][info][gc,start       ] GC(88) Pause Young (Allocation Failure)
[40.271s][info][gc,heap        ] GC(88) DefNew: 1118364K(1258304K)->1711K(1258304K) Eden: 1118364K(1118528K)->0K(1118528K) From: 0K(139776K)->1711K(139776K)
[40.271s][info][gc,heap        ] GC(88) Tenured: 38167K(2796224K)->38167K(2796224K)
[40.271s][info][gc,metaspace   ] GC(88) Metaspace: 95678K(96576K)->95678K(96576K) NonClass: 85781K(86272K)->85781K(86272K) Class: 9897K(10304K)->9897K(10304K)
[40.271s][info][gc             ] GC(88) Pause Young (Allocation Failure) 1129M->38M(3959M) 3.184ms
[40.271s][info][gc,cpu         ] GC(88) User=0.00s Sys=0.00s Real=0.00s
[40.301s][info][gc,start       ] GC(89) Pause Full (System.gc())
[40.301s][info][gc,phases,start] GC(89) Phase 1: Mark live objects
[40.337s][info][gc,phases      ] GC(89) Phase 1: Mark live objects 36.584ms
[40.337s][info][gc,phases,start] GC(89) Phase 2: Compute new object addresses
[40.351s][info][gc,phases      ] GC(89) Phase 2: Compute new object addresses 14.186ms
[40.351s][info][gc,phases,start] GC(89) Phase 3: Adjust pointers
[40.372s][info][gc,phases      ] GC(89) Phase 3: Adjust pointers 20.550ms
[40.372s][info][gc,phases,start] GC(89) Phase 4: Move objects
[40.372s][info][gc,phases      ] GC(89) Phase 4: Move objects 0.113ms
[40.372s][info][gc,heap        ] GC(89) DefNew: 108887K(1258304K)->0K(1258304K) Eden: 107175K(1118528K)->0K(1118528K) From: 1711K(139776K)->0K(139776K)
[40.372s][info][gc,heap        ] GC(89) Tenured: 38167K(2796224K)->38400K(2796224K)
[40.372s][info][gc,metaspace   ] GC(89) Metaspace: 95681K(96576K)->95681K(96576K) NonClass: 85784K(86272K)->85784K(86272K) Class: 9897K(10304K)->9897K(10304K)
[40.372s][info][gc             ] GC(89) Pause Full (System.gc()) 143M->37M(3959M) 71.955ms
[40.373s][info][gc,cpu         ] GC(89) User=0.06s Sys=0.00s Real=0.08s
[40.902s][info][gc,start       ] GC(90) Pause Young (Allocation Failure)
[40.905s][info][gc,heap        ] GC(90) DefNew: 1115837K(1258304K)->1679K(1258304K) Eden: 1115837K(1118528K)->0K(1118528K) From: 0K(139776K)->1679K(139776K)
[40.905s][info][gc,heap        ] GC(90) Tenured: 38400K(2796224K)->38400K(2796224K)
[40.905s][info][gc,metaspace   ] GC(90) Metaspace: 95684K(96576K)->95684K(96576K) NonClass: 85786K(86272K)->85786K(86272K) Class: 9897K(10304K)->9897K(10304K)
[40.905s][info][gc             ] GC(90) Pause Young (Allocation Failure) 1127M->39M(3959M) 3.084ms
[40.906s][info][gc,cpu         ] GC(90) User=0.00s Sys=0.00s Real=0.00s
[40.935s][info][gc,start       ] GC(91) Pause Full (System.gc())
[40.935s][info][gc,phases,start] GC(91) Phase 1: Mark live objects
[40.972s][info][gc,phases      ] GC(91) Phase 1: Mark live objects 36.505ms
[40.972s][info][gc,phases,start] GC(91) Phase 2: Compute new object addresses
[40.986s][info][gc,phases      ] GC(91) Phase 2: Compute new object addresses 14.096ms
[40.986s][info][gc,phases,start] GC(91) Phase 3: Adjust pointers
[41.007s][info][gc,phases      ] GC(91) Phase 3: Adjust pointers 21.003ms
[41.007s][info][gc,phases,start] GC(91) Phase 4: Move objects
[41.009s][info][gc,phases      ] GC(91) Phase 4: Move objects 2.171ms
[41.010s][info][gc,heap        ] GC(91) DefNew: 108723K(1258304K)->0K(1258304K) Eden: 107043K(1118528K)->0K(1118528K) From: 1679K(139776K)->0K(139776K)
[41.010s][info][gc,heap        ] GC(91) Tenured: 38400K(2796224K)->38244K(2796224K)
[41.010s][info][gc,metaspace   ] GC(91) Metaspace: 95684K(96576K)->95684K(96576K) NonClass: 85786K(86272K)->85786K(86272K) Class: 9897K(10304K)->9897K(10304K)
[41.010s][info][gc             ] GC(91) Pause Full (System.gc()) 143M->37M(3959M) 74.478ms
[41.010s][info][gc,cpu         ] GC(91) User=0.03s Sys=0.00s Real=0.06s
[41.536s][info][gc,start       ] GC(92) Pause Young (Allocation Failure)
[41.540s][info][gc,heap        ] GC(92) DefNew: 1118528K(1258304K)->1721K(1258304K) Eden: 1118528K(1118528K)->0K(1118528K) From: 0K(139776K)->1721K(139776K)
[41.540s][info][gc,heap        ] GC(92) Tenured: 38244K(2796224K)->38244K(2796224K)
[41.540s][info][gc,metaspace   ] GC(92) Metaspace: 95685K(96576K)->95685K(96576K) NonClass: 85787K(86272K)->85787K(86272K) Class: 9897K(10304K)->9897K(10304K)
[41.540s][info][gc             ] GC(92) Pause Young (Allocation Failure) 1129M->39M(3959M) 3.333ms
[41.540s][info][gc,cpu         ] GC(92) User=0.00s Sys=0.00s Real=0.00s
[41.572s][info][gc,start       ] GC(93) Pause Full (System.gc())
[41.572s][info][gc,phases,start] GC(93) Phase 1: Mark live objects
[41.608s][info][gc,phases      ] GC(93) Phase 1: Mark live objects 36.352ms
[41.608s][info][gc,phases,start] GC(93) Phase 2: Compute new object addresses
[41.623s][info][gc,phases      ] GC(93) Phase 2: Compute new object addresses 14.882ms
[41.623s][info][gc,phases,start] GC(93) Phase 3: Adjust pointers
[41.644s][info][gc,phases      ] GC(93) Phase 3: Adjust pointers 21.042ms
[41.644s][info][gc,phases,start] GC(93) Phase 4: Move objects
[41.644s][info][gc,phases      ] GC(93) Phase 4: Move objects 0.056ms
[41.644s][info][gc,heap        ] GC(93) DefNew: 110082K(1258304K)->0K(1258304K) Eden: 108360K(1118528K)->0K(1118528K) From: 1721K(139776K)->0K(139776K)
[41.644s][info][gc,heap        ] GC(93) Tenured: 38244K(2796224K)->38418K(2796224K)
[41.644s][info][gc,metaspace   ] GC(93) Metaspace: 95686K(96576K)->95686K(96576K) NonClass: 85788K(86272K)->85788K(86272K) Class: 9897K(10304K)->9897K(10304K)
[41.644s][info][gc             ] GC(93) Pause Full (System.gc()) 144M->37M(3959M) 72.915ms
[41.644s][info][gc,cpu         ] GC(93) User=0.05s Sys=0.00s Real=0.08s
[42.175s][info][gc,start       ] GC(94) Pause Young (Allocation Failure)
[42.179s][info][gc,heap        ] GC(94) DefNew: 1118528K(1258304K)->1764K(1258304K) Eden: 1118528K(1118528K)->0K(1118528K) From: 0K(139776K)->1764K(139776K)
[42.179s][info][gc,heap        ] GC(94) Tenured: 38418K(2796224K)->38418K(2796224K)
[42.179s][info][gc,metaspace   ] GC(94) Metaspace: 95686K(96576K)->95686K(96576K) NonClass: 85788K(86272K)->85788K(86272K) Class: 9897K(10304K)->9897K(10304K)
[42.179s][info][gc             ] GC(94) Pause Young (Allocation Failure) 1129M->39M(3959M) 3.448ms
[42.179s][info][gc,cpu         ] GC(94) User=0.00s Sys=0.00s Real=0.02s
[42.202s][info][gc,start       ] GC(95) Pause Full (System.gc())
[42.202s][info][gc,phases,start] GC(95) Phase 1: Mark live objects
[42.239s][info][gc,phases      ] GC(95) Phase 1: Mark live objects 36.440ms
[42.239s][info][gc,phases,start] GC(95) Phase 2: Compute new object addresses
[42.252s][info][gc,phases      ] GC(95) Phase 2: Compute new object addresses 13.180ms
[42.252s][info][gc,phases,start] GC(95) Phase 3: Adjust pointers
[42.273s][info][gc,phases      ] GC(95) Phase 3: Adjust pointers 20.541ms
[42.273s][info][gc,phases,start] GC(95) Phase 4: Move objects
[42.273s][info][gc,phases      ] GC(95) Phase 4: Move objects 0.092ms
[42.273s][info][gc,heap        ] GC(95) DefNew: 88811K(1258304K)->0K(1258304K) Eden: 87046K(1118528K)->0K(1118528K) From: 1764K(139776K)->0K(139776K)
[42.273s][info][gc,heap        ] GC(95) Tenured: 38418K(2796224K)->38598K(2796224K)
[42.273s][info][gc,metaspace   ] GC(95) Metaspace: 95686K(96576K)->95686K(96576K) NonClass: 85788K(86272K)->85788K(86272K) Class: 9897K(10304K)->9897K(10304K)
[42.273s][info][gc             ] GC(95) Pause Full (System.gc()) 124M->37M(3959M) 70.789ms
[42.273s][info][gc,cpu         ] GC(95) User=0.06s Sys=0.00s Real=0.06s
[42.808s][info][gc,start       ] GC(96) Pause Young (Allocation Failure)
[42.811s][info][gc,heap        ] GC(96) DefNew: 1118528K(1258304K)->1762K(1258304K) Eden: 1118528K(1118528K)->0K(1118528K) From: 0K(139776K)->1762K(139776K)
[42.811s][info][gc,heap        ] GC(96) Tenured: 38598K(2796224K)->38598K(2796224K)
[42.811s][info][gc,metaspace   ] GC(96) Metaspace: 95686K(96576K)->95686K(96576K) NonClass: 85788K(86272K)->85788K(86272K) Class: 9897K(10304K)->9897K(10304K)
[42.811s][info][gc             ] GC(96) Pause Young (Allocation Failure) 1130M->39M(3959M) 3.383ms
[42.811s][info][gc,cpu         ] GC(96) User=0.02s Sys=0.00s Real=0.01s
[42.835s][info][gc,start       ] GC(97) Pause Full (System.gc())
[42.835s][info][gc,phases,start] GC(97) Phase 1: Mark live objects
[42.872s][info][gc,phases      ] GC(97) Phase 1: Mark live objects 36.361ms
[42.872s][info][gc,phases,start] GC(97) Phase 2: Compute new object addresses
[42.885s][info][gc,phases      ] GC(97) Phase 2: Compute new object addresses 13.439ms
[42.885s][info][gc,phases,start] GC(97) Phase 3: Adjust pointers
[42.906s][info][gc,phases      ] GC(97) Phase 3: Adjust pointers 20.654ms
[42.906s][info][gc,phases,start] GC(97) Phase 4: Move objects
[42.906s][info][gc,phases      ] GC(97) Phase 4: Move objects 0.091ms
[42.906s][info][gc,heap        ] GC(97) DefNew: 89178K(1258304K)->0K(1258304K) Eden: 87416K(1118528K)->0K(1118528K) From: 1762K(139776K)->0K(139776K)
[42.906s][info][gc,heap        ] GC(97) Tenured: 38598K(2796224K)->38777K(2796224K)
[42.906s][info][gc,metaspace   ] GC(97) Metaspace: 95686K(96576K)->95686K(96576K) NonClass: 85788K(86272K)->85788K(86272K) Class: 9897K(10304K)->9897K(10304K)
[42.906s][info][gc             ] GC(97) Pause Full (System.gc()) 124M->37M(3959M) 71.084ms
[42.906s][info][gc,cpu         ] GC(97) User=0.06s Sys=0.00s Real=0.08s
[43.434s][info][gc,start       ] GC(98) Pause Young (Allocation Failure)
[43.438s][info][gc,heap        ] GC(98) DefNew: 1118528K(1258304K)->1559K(1258304K) Eden: 1118528K(1118528K)->0K(1118528K) From: 0K(139776K)->1559K(139776K)
[43.438s][info][gc,heap        ] GC(98) Tenured: 38777K(2796224K)->38777K(2796224K)
[43.438s][info][gc,metaspace   ] GC(98) Metaspace: 95686K(96576K)->95686K(96576K) NonClass: 85788K(86272K)->85788K(86272K) Class: 9897K(10304K)->9897K(10304K)
[43.438s][info][gc             ] GC(98) Pause Young (Allocation Failure) 1130M->39M(3959M) 3.990ms
[43.438s][info][gc,cpu         ] GC(98) User=0.00s Sys=0.00s Real=0.00s
[43.468s][info][gc,start       ] GC(99) Pause Full (System.gc())
[43.468s][info][gc,phases,start] GC(99) Phase 1: Mark live objects
[43.504s][info][gc,phases      ] GC(99) Phase 1: Mark live objects 36.232ms
[43.504s][info][gc,phases,start] GC(99) Phase 2: Compute new object addresses
[43.518s][info][gc,phases      ] GC(99) Phase 2: Compute new object addresses 14.394ms
[43.518s][info][gc,phases,start] GC(99) Phase 3: Adjust pointers
[43.540s][info][gc,phases      ] GC(99) Phase 3: Adjust pointers 21.561ms
[43.540s][info][gc,phases,start] GC(99) Phase 4: Move objects
[43.543s][info][gc,phases      ] GC(99) Phase 4: Move objects 2.920ms
[43.543s][info][gc,heap        ] GC(99) DefNew: 109080K(1258304K)->0K(1258304K) Eden: 107520K(1118528K)->0K(1118528K) From: 1559K(139776K)->0K(139776K)
[43.543s][info][gc,heap        ] GC(99) Tenured: 38777K(2796224K)->38567K(2796224K)
[43.543s][info][gc,metaspace   ] GC(99) Metaspace: 95686K(96576K)->95686K(96576K) NonClass: 85788K(86272K)->85788K(86272K) Class: 9897K(10304K)->9897K(10304K)
[43.543s][info][gc             ] GC(99) Pause Full (System.gc()) 144M->37M(3959M) 75.803ms
[43.543s][info][gc,cpu         ] GC(99) User=0.06s Sys=0.00s Real=0.08s
[44.075s][info][gc,start       ] GC(100) Pause Young (Allocation Failure)
[44.077s][info][gc,heap        ] GC(100) DefNew: 1118528K(1258304K)->1768K(1258304K) Eden: 1118528K(1118528K)->0K(1118528K) From: 0K(139776K)->1768K(139776K)
[44.078s][info][gc,heap        ] GC(100) Tenured: 38567K(2796224K)->38567K(2796224K)
[44.078s][info][gc,metaspace   ] GC(100) Metaspace: 95686K(96576K)->95686K(96576K) NonClass: 85788K(86272K)->85788K(86272K) Class: 9897K(10304K)->9897K(10304K)
[44.078s][info][gc             ] GC(100) Pause Young (Allocation Failure) 1129M->39M(3959M) 2.909ms
[44.078s][info][gc,cpu         ] GC(100) User=0.00s Sys=0.00s Real=0.00s
[44.102s][info][gc,start       ] GC(101) Pause Full (System.gc())
[44.102s][info][gc,phases,start] GC(101) Phase 1: Mark live objects
[44.138s][info][gc,phases      ] GC(101) Phase 1: Mark live objects 36.557ms
[44.138s][info][gc,phases,start] GC(101) Phase 2: Compute new object addresses
[44.152s][info][gc,phases      ] GC(101) Phase 2: Compute new object addresses 13.201ms
[44.152s][info][gc,phases,start] GC(101) Phase 3: Adjust pointers
[44.172s][info][gc,phases      ] GC(101) Phase 3: Adjust pointers 20.661ms
[44.172s][info][gc,phases,start] GC(101) Phase 4: Move objects
[44.172s][info][gc,phases      ] GC(101) Phase 4: Move objects 0.047ms
[44.173s][info][gc,heap        ] GC(101) DefNew: 89109K(1258304K)->0K(1258304K) Eden: 87340K(1118528K)->0K(1118528K) From: 1768K(139776K)->0K(139776K)
[44.173s][info][gc,heap        ] GC(101) Tenured: 38567K(2796224K)->38751K(2796224K)
[44.173s][info][gc,metaspace   ] GC(101) Metaspace: 95686K(96576K)->95686K(96576K) NonClass: 85788K(86272K)->85788K(86272K) Class: 9897K(10304K)->9897K(10304K)
[44.173s][info][gc             ] GC(101) Pause Full (System.gc()) 124M->37M(3959M) 70.992ms
[44.173s][info][gc,cpu         ] GC(101) User=0.06s Sys=0.00s Real=0.08s
[44.699s][info][gc,start       ] GC(102) Pause Young (Allocation Failure)
[44.702s][info][gc,heap        ] GC(102) DefNew: 1118528K(1258304K)->1549K(1258304K) Eden: 1118528K(1118528K)->0K(1118528K) From: 0K(139776K)->1549K(139776K)
[44.702s][info][gc,heap        ] GC(102) Tenured: 38751K(2796224K)->38751K(2796224K)
[44.702s][info][gc,metaspace   ] GC(102) Metaspace: 95687K(96576K)->95687K(96576K) NonClass: 85790K(86272K)->85790K(86272K) Class: 9897K(10304K)->9897K(10304K)
[44.702s][info][gc             ] GC(102) Pause Young (Allocation Failure) 1130M->39M(3959M) 3.789ms
[44.702s][info][gc,cpu         ] GC(102) User=0.00s Sys=0.00s Real=0.02s
[44.731s][info][gc,start       ] GC(103) Pause Full (System.gc())
[44.732s][info][gc,phases,start] GC(103) Phase 1: Mark live objects
[44.768s][info][gc,phases      ] GC(103) Phase 1: Mark live objects 36.826ms
[44.768s][info][gc,phases,start] GC(103) Phase 2: Compute new object addresses
[44.783s][info][gc,phases      ] GC(103) Phase 2: Compute new object addresses 14.145ms
[44.783s][info][gc,phases,start] GC(103) Phase 3: Adjust pointers
[44.803s][info][gc,phases      ] GC(103) Phase 3: Adjust pointers 20.669ms
[44.803s][info][gc,phases,start] GC(103) Phase 4: Move objects
[44.803s][info][gc,phases      ] GC(103) Phase 4: Move objects 0.086ms
[44.804s][info][gc,heap        ] GC(103) DefNew: 109029K(1258304K)->0K(1258304K) Eden: 107479K(1118528K)->0K(1118528K) From: 1549K(139776K)->0K(139776K)
[44.804s][info][gc,heap        ] GC(103) Tenured: 38751K(2796224K)->38928K(2796224K)
[44.804s][info][gc,metaspace   ] GC(103) Metaspace: 95687K(96576K)->95687K(96576K) NonClass: 85790K(86272K)->85790K(86272K) Class: 9897K(10304K)->9897K(10304K)
[44.804s][info][gc             ] GC(103) Pause Full (System.gc()) 144M->38M(3959M) 72.250ms
[44.804s][info][gc,cpu         ] GC(103) User=0.06s Sys=0.00s Real=0.07s
[45.336s][info][gc,start       ] GC(104) Pause Young (Allocation Failure)
[45.339s][info][gc,heap        ] GC(104) DefNew: 1118528K(1258304K)->1764K(1258304K) Eden: 1118528K(1118528K)->0K(1118528K) From: 0K(139776K)->1764K(139776K)
[45.339s][info][gc,heap        ] GC(104) Tenured: 38928K(2796224K)->38928K(2796224K)
[45.339s][info][gc,metaspace   ] GC(104) Metaspace: 95689K(96576K)->95689K(96576K) NonClass: 85791K(86272K)->85791K(86272K) Class: 9897K(10304K)->9897K(10304K)
[45.339s][info][gc             ] GC(104) Pause Young (Allocation Failure) 1130M->39M(3959M) 2.992ms
[45.339s][info][gc,cpu         ] GC(104) User=0.00s Sys=0.00s Real=0.00s
[45.364s][info][gc,start       ] GC(105) Pause Full (System.gc())
[45.365s][info][gc,phases,start] GC(105) Phase 1: Mark live objects
[45.401s][info][gc,phases      ] GC(105) Phase 1: Mark live objects 36.679ms
[45.401s][info][gc,phases,start] GC(105) Phase 2: Compute new object addresses
[45.415s][info][gc,phases      ] GC(105) Phase 2: Compute new object addresses 13.367ms
[45.415s][info][gc,phases,start] GC(105) Phase 3: Adjust pointers
[45.436s][info][gc,phases      ] GC(105) Phase 3: Adjust pointers 21.321ms
[45.436s][info][gc,phases,start] GC(105) Phase 4: Move objects
[45.436s][info][gc,phases      ] GC(105) Phase 4: Move objects 0.095ms
[45.436s][info][gc,heap        ] GC(105) DefNew: 89051K(1258304K)->0K(1258304K) Eden: 87287K(1118528K)->0K(1118528K) From: 1764K(139776K)->0K(139776K)
[45.436s][info][gc,heap        ] GC(105) Tenured: 38928K(2796224K)->39108K(2796224K)
[45.436s][info][gc,metaspace   ] GC(105) Metaspace: 95690K(96576K)->95690K(96576K) NonClass: 85792K(86272K)->85792K(86272K) Class: 9897K(10304K)->9897K(10304K)
[45.436s][info][gc             ] GC(105) Pause Full (System.gc()) 124M->38M(3959M) 72.036ms
[45.437s][info][gc,cpu         ] GC(105) User=0.06s Sys=0.00s Real=0.08s
[45.967s][info][gc,start       ] GC(106) Pause Young (Allocation Failure)
[45.969s][info][gc,heap        ] GC(106) DefNew: 1118031K(1258304K)->1656K(1258304K) Eden: 1118031K(1118528K)->0K(1118528K) From: 0K(139776K)->1656K(139776K)
[45.970s][info][gc,heap        ] GC(106) Tenured: 39108K(2796224K)->39108K(2796224K)
[45.970s][info][gc,metaspace   ] GC(106) Metaspace: 95692K(96576K)->95692K(96576K) NonClass: 85794K(86272K)->85794K(86272K) Class: 9897K(10304K)->9897K(10304K)
[45.970s][info][gc             ] GC(106) Pause Young (Allocation Failure) 1130M->39M(3959M) 2.910ms
[45.970s][info][gc,cpu         ] GC(106) User=0.00s Sys=0.00s Real=0.00s
[45.999s][info][gc,start       ] GC(107) Pause Full (System.gc())
[45.999s][info][gc,phases,start] GC(107) Phase 1: Mark live objects
[46.036s][info][gc,phases      ] GC(107) Phase 1: Mark live objects 36.762ms
[46.036s][info][gc,phases,start] GC(107) Phase 2: Compute new object addresses
[46.050s][info][gc,phases      ] GC(107) Phase 2: Compute new object addresses 14.204ms
[46.050s][info][gc,phases,start] GC(107) Phase 3: Adjust pointers
[46.072s][info][gc,phases      ] GC(107) Phase 3: Adjust pointers 21.313ms
[46.072s][info][gc,phases,start] GC(107) Phase 4: Move objects
[46.074s][info][gc,phases      ] GC(107) Phase 4: Move objects 2.208ms
[46.074s][info][gc,heap        ] GC(107) DefNew: 109063K(1258304K)->0K(1258304K) Eden: 107407K(1118528K)->0K(1118528K) From: 1656K(139776K)->0K(139776K)
[46.074s][info][gc,heap        ] GC(107) Tenured: 39108K(2796224K)->38973K(2796224K)
[46.074s][info][gc,metaspace   ] GC(107) Metaspace: 95692K(96576K)->95692K(96576K) NonClass: 85794K(86272K)->85794K(86272K) Class: 9897K(10304K)->9897K(10304K)
[46.074s][info][gc             ] GC(107) Pause Full (System.gc()) 144M->38M(3959M) 75.215ms
[46.074s][info][gc,cpu         ] GC(107) User=0.08s Sys=0.00s Real=0.08s
[46.603s][info][gc,start       ] GC(108) Pause Young (Allocation Failure)
[46.606s][info][gc,heap        ] GC(108) DefNew: 1118528K(1258304K)->1557K(1258304K) Eden: 1118528K(1118528K)->0K(1118528K) From: 0K(139776K)->1557K(139776K)
[46.606s][info][gc,heap        ] GC(108) Tenured: 38973K(2796224K)->38973K(2796224K)
[46.606s][info][gc,metaspace   ] GC(108) Metaspace: 95692K(96576K)->95692K(96576K) NonClass: 85795K(86272K)->85795K(86272K) Class: 9897K(10304K)->9897K(10304K)
[46.606s][info][gc             ] GC(108) Pause Young (Allocation Failure) 1130M->39M(3959M) 3.067ms
[46.606s][info][gc,cpu         ] GC(108) User=0.00s Sys=0.00s Real=0.00s
[46.636s][info][gc,start       ] GC(109) Pause Full (System.gc())
[46.636s][info][gc,phases,start] GC(109) Phase 1: Mark live objects
[46.672s][info][gc,phases      ] GC(109) Phase 1: Mark live objects 36.232ms
[46.672s][info][gc,phases,start] GC(109) Phase 2: Compute new object addresses
[46.686s][info][gc,phases      ] GC(109) Phase 2: Compute new object addresses 14.419ms
[46.686s][info][gc,phases,start] GC(109) Phase 3: Adjust pointers
[46.708s][info][gc,phases      ] GC(109) Phase 3: Adjust pointers 21.465ms
[46.708s][info][gc,phases,start] GC(109) Phase 4: Move objects
[46.708s][info][gc,phases      ] GC(109) Phase 4: Move objects 0.064ms
[46.708s][info][gc,heap        ] GC(109) DefNew: 108768K(1258304K)->0K(1258304K) Eden: 107210K(1118528K)->0K(1118528K) From: 1557K(139776K)->0K(139776K)
[46.708s][info][gc,heap        ] GC(109) Tenured: 38973K(2796224K)->39154K(2796224K)
[46.708s][info][gc,metaspace   ] GC(109) Metaspace: 95692K(96576K)->95692K(96576K) NonClass: 85795K(86272K)->85795K(86272K) Class: 9897K(10304K)->9897K(10304K)
[46.708s][info][gc             ] GC(109) Pause Full (System.gc()) 144M->38M(3959M) 72.829ms
[46.708s][info][gc,cpu         ] GC(109) User=0.06s Sys=0.00s Real=0.08s
[47.243s][info][gc,start       ] GC(110) Pause Young (Allocation Failure)
[47.245s][info][gc,heap        ] GC(110) DefNew: 1117169K(1258304K)->1656K(1258304K) Eden: 1117169K(1118528K)->0K(1118528K) From: 0K(139776K)->1656K(139776K)
[47.245s][info][gc,heap        ] GC(110) Tenured: 39154K(2796224K)->39154K(2796224K)
[47.245s][info][gc,metaspace   ] GC(110) Metaspace: 95692K(96576K)->95692K(96576K) NonClass: 85795K(86272K)->85795K(86272K) Class: 9897K(10304K)->9897K(10304K)
[47.245s][info][gc             ] GC(110) Pause Young (Allocation Failure) 1129M->39M(3959M) 2.780ms
[47.246s][info][gc,cpu         ] GC(110) User=0.00s Sys=0.00s Real=0.00s
[47.275s][info][gc,start       ] GC(111) Pause Full (System.gc())
[47.275s][info][gc,phases,start] GC(111) Phase 1: Mark live objects
[47.312s][info][gc,phases      ] GC(111) Phase 1: Mark live objects 36.686ms
[47.312s][info][gc,phases,start] GC(111) Phase 2: Compute new object addresses
[47.326s][info][gc,phases      ] GC(111) Phase 2: Compute new object addresses 14.079ms
[47.326s][info][gc,phases,start] GC(111) Phase 3: Adjust pointers
[47.347s][info][gc,phases      ] GC(111) Phase 3: Adjust pointers 20.740ms
[47.347s][info][gc,phases,start] GC(111) Phase 4: Move objects
[47.347s][info][gc,phases      ] GC(111) Phase 4: Move objects 0.092ms
[47.347s][info][gc,heap        ] GC(111) DefNew: 108704K(1258304K)->0K(1258304K) Eden: 107048K(1118528K)->0K(1118528K) From: 1656K(139776K)->0K(139776K)
[47.347s][info][gc,heap        ] GC(111) Tenured: 39154K(2796224K)->39331K(2796224K)
[47.347s][info][gc,metaspace   ] GC(111) Metaspace: 95692K(96576K)->95692K(96576K) NonClass: 85795K(86272K)->85795K(86272K) Class: 9897K(10304K)->9897K(10304K)
[47.347s][info][gc             ] GC(111) Pause Full (System.gc()) 144M->38M(3959M) 72.122ms
[47.347s][info][gc,cpu         ] GC(111) User=0.06s Sys=0.00s Real=0.06s
[47.876s][info][gc,start       ] GC(112) Pause Young (Allocation Failure)
[47.879s][info][gc,heap        ] GC(112) DefNew: 1118524K(1258304K)->1622K(1258304K) Eden: 1118524K(1118528K)->0K(1118528K) From: 0K(139776K)->1622K(139776K)
[47.879s][info][gc,heap        ] GC(112) Tenured: 39331K(2796224K)->39331K(2796224K)
[47.879s][info][gc,metaspace   ] GC(112) Metaspace: 95693K(96576K)->95693K(96576K) NonClass: 85795K(86272K)->85795K(86272K) Class: 9897K(10304K)->9897K(10304K)
[47.879s][info][gc             ] GC(112) Pause Young (Allocation Failure) 1130M->39M(3959M) 2.949ms
[47.879s][info][gc,cpu         ] GC(112) User=0.00s Sys=0.00s Real=0.00s
[47.907s][info][gc,start       ] GC(113) Pause Full (System.gc())
[47.907s][info][gc,phases,start] GC(113) Phase 1: Mark live objects
[47.945s][info][gc,phases      ] GC(113) Phase 1: Mark live objects 37.343ms
[47.945s][info][gc,phases,start] GC(113) Phase 2: Compute new object addresses
[47.959s][info][gc,phases      ] GC(113) Phase 2: Compute new object addresses 14.820ms
[47.959s][info][gc,phases,start] GC(113) Phase 3: Adjust pointers
[47.980s][info][gc,phases      ] GC(113) Phase 3: Adjust pointers 20.835ms
[47.980s][info][gc,phases,start] GC(113) Phase 4: Move objects
[47.980s][info][gc,phases      ] GC(113) Phase 4: Move objects 0.098ms
[47.981s][info][gc,heap        ] GC(113) DefNew: 104378K(1258304K)->0K(1258304K) Eden: 102755K(1118528K)->0K(1118528K) From: 1622K(139776K)->0K(139776K)
[47.981s][info][gc,heap        ] GC(113) Tenured: 39331K(2796224K)->39508K(2796224K)
[47.981s][info][gc,metaspace   ] GC(113) Metaspace: 95693K(96576K)->95693K(96576K) NonClass: 85795K(86272K)->85795K(86272K) Class: 9897K(10304K)->9897K(10304K)
[47.981s][info][gc             ] GC(113) Pause Full (System.gc()) 140M->38M(3959M) 73.698ms
[47.981s][info][gc,cpu         ] GC(113) User=0.03s Sys=0.00s Real=0.08s
[48.512s][info][gc,start       ] GC(114) Pause Young (Allocation Failure)
[48.515s][info][gc,heap        ] GC(114) DefNew: 1118528K(1258304K)->1794K(1258304K) Eden: 1118528K(1118528K)->0K(1118528K) From: 0K(139776K)->1794K(139776K)
[48.515s][info][gc,heap        ] GC(114) Tenured: 39508K(2796224K)->39508K(2796224K)
[48.515s][info][gc,metaspace   ] GC(114) Metaspace: 95807K(96640K)->95807K(96640K) NonClass: 85888K(86336K)->85888K(86336K) Class: 9918K(10304K)->9918K(10304K)
[48.515s][info][gc             ] GC(114) Pause Young (Allocation Failure) 1130M->40M(3959M) 3.502ms
[48.516s][info][gc,cpu         ] GC(114) User=0.00s Sys=0.00s Real=0.00s
[48.541s][info][gc,start       ] GC(115) Pause Full (System.gc())
[48.541s][info][gc,phases,start] GC(115) Phase 1: Mark live objects
[48.577s][info][gc,phases      ] GC(115) Phase 1: Mark live objects 36.681ms
[48.577s][info][gc,phases,start] GC(115) Phase 2: Compute new object addresses
[48.591s][info][gc,phases      ] GC(115) Phase 2: Compute new object addresses 13.371ms
[48.591s][info][gc,phases,start] GC(115) Phase 3: Adjust pointers
[48.612s][info][gc,phases      ] GC(115) Phase 3: Adjust pointers 21.352ms
[48.612s][info][gc,phases,start] GC(115) Phase 4: Move objects
[48.615s][info][gc,phases      ] GC(115) Phase 4: Move objects 2.797ms
[48.616s][info][gc,heap        ] GC(115) DefNew: 108661K(1258304K)->0K(1258304K) Eden: 106866K(1118528K)->0K(1118528K) From: 1794K(139776K)->0K(139776K)
[48.616s][info][gc,heap        ] GC(115) Tenured: 39508K(2796224K)->38902K(2796224K)
[48.616s][info][gc,metaspace   ] GC(115) Metaspace: 95809K(96640K)->95809K(96640K) NonClass: 85890K(86336K)->85890K(86336K) Class: 9918K(10304K)->9918K(10304K)
[48.616s][info][gc             ] GC(115) Pause Full (System.gc()) 144M->37M(3959M) 74.984ms
[48.616s][info][gc,cpu         ] GC(115) User=0.08s Sys=0.00s Real=0.08s
[49.146s][info][gc,start       ] GC(116) Pause Young (Allocation Failure)
[49.149s][info][gc,heap        ] GC(116) DefNew: 1118528K(1258304K)->1761K(1258304K) Eden: 1118528K(1118528K)->0K(1118528K) From: 0K(139776K)->1761K(139776K)
[49.149s][info][gc,heap        ] GC(116) Tenured: 38902K(2796224K)->38902K(2796224K)
[49.149s][info][gc,metaspace   ] GC(116) Metaspace: 95809K(96640K)->95809K(96640K) NonClass: 85890K(86336K)->85890K(86336K) Class: 9919K(10304K)->9919K(10304K)
[49.149s][info][gc             ] GC(116) Pause Young (Allocation Failure) 1130M->39M(3959M) 3.488ms
[49.149s][info][gc,cpu         ] GC(116) User=0.00s Sys=0.00s Real=0.00s
[49.174s][info][gc,start       ] GC(117) Pause Full (System.gc())
[49.174s][info][gc,phases,start] GC(117) Phase 1: Mark live objects
[49.213s][info][gc,phases      ] GC(117) Phase 1: Mark live objects 38.674ms
[49.213s][info][gc,phases,start] GC(117) Phase 2: Compute new object addresses
[49.226s][info][gc,phases      ] GC(117) Phase 2: Compute new object addresses 13.312ms
[49.226s][info][gc,phases,start] GC(117) Phase 3: Adjust pointers
[49.247s][info][gc,phases      ] GC(117) Phase 3: Adjust pointers 20.805ms
[49.247s][info][gc,phases,start] GC(117) Phase 4: Move objects
[49.247s][info][gc,phases      ] GC(117) Phase 4: Move objects 0.043ms
[49.247s][info][gc,heap        ] GC(117) DefNew: 89011K(1258304K)->0K(1258304K) Eden: 87250K(1118528K)->0K(1118528K) From: 1761K(139776K)->0K(139776K)
[49.247s][info][gc,heap        ] GC(117) Tenured: 38902K(2796224K)->39080K(2796224K)
[49.247s][info][gc,metaspace   ] GC(117) Metaspace: 95809K(96640K)->95809K(96640K) NonClass: 85890K(86336K)->85890K(86336K) Class: 9919K(10304K)->9919K(10304K)
[49.247s][info][gc             ] GC(117) Pause Full (System.gc()) 124M->38M(3959M) 73.380ms
[49.247s][info][gc,cpu         ] GC(117) User=0.06s Sys=0.00s Real=0.08s
[49.774s][info][gc,start       ] GC(118) Pause Young (Allocation Failure)
[49.777s][info][gc,heap        ] GC(118) DefNew: 1117999K(1258304K)->1652K(1258304K) Eden: 1117999K(1118528K)->0K(1118528K) From: 0K(139776K)->1652K(139776K)
[49.777s][info][gc,heap        ] GC(118) Tenured: 39080K(2796224K)->39080K(2796224K)
[49.777s][info][gc,metaspace   ] GC(118) Metaspace: 95809K(96640K)->95809K(96640K) NonClass: 85890K(86336K)->85890K(86336K) Class: 9919K(10304K)->9919K(10304K)
[49.777s][info][gc             ] GC(118) Pause Young (Allocation Failure) 1129M->39M(3959M) 3.300ms
[49.777s][info][gc,cpu         ] GC(118) User=0.00s Sys=0.00s Real=0.00s
[49.807s][info][gc,start       ] GC(119) Pause Full (System.gc())
[49.807s][info][gc,phases,start] GC(119) Phase 1: Mark live objects
[49.844s][info][gc,phases      ] GC(119) Phase 1: Mark live objects 36.757ms
[49.844s][info][gc,phases,start] GC(119) Phase 2: Compute new object addresses
[49.858s][info][gc,phases      ] GC(119) Phase 2: Compute new object addresses 14.143ms
[49.858s][info][gc,phases,start] GC(119) Phase 3: Adjust pointers
[49.879s][info][gc,phases      ] GC(119) Phase 3: Adjust pointers 20.788ms
[49.879s][info][gc,phases,start] GC(119) Phase 4: Move objects
[49.879s][info][gc,phases      ] GC(119) Phase 4: Move objects 0.045ms
[49.879s][info][gc,heap        ] GC(119) DefNew: 109018K(1258304K)->0K(1258304K) Eden: 107365K(1118528K)->0K(1118528K) From: 1652K(139776K)->0K(139776K)
[49.879s][info][gc,heap        ] GC(119) Tenured: 39080K(2796224K)->39254K(2796224K)
[49.879s][info][gc,metaspace   ] GC(119) Metaspace: 95809K(96640K)->95809K(96640K) NonClass: 85890K(86336K)->85890K(86336K) Class: 9919K(10304K)->9919K(10304K)
[49.879s][info][gc             ] GC(119) Pause Full (System.gc()) 144M->38M(3959M) 72.254ms
[49.879s][info][gc,cpu         ] GC(119) User=0.08s Sys=0.00s Real=0.08s
[50.400s][info][gc,start       ] GC(120) Pause Young (Allocation Failure)
[50.404s][info][gc,heap        ] GC(120) DefNew: 1118528K(1258304K)->1548K(1258304K) Eden: 1118528K(1118528K)->0K(1118528K) From: 0K(139776K)->1548K(139776K)
[50.404s][info][gc,heap        ] GC(120) Tenured: 39254K(2796224K)->39254K(2796224K)
[50.404s][info][gc,metaspace   ] GC(120) Metaspace: 95809K(96640K)->95809K(96640K) NonClass: 85890K(86336K)->85890K(86336K) Class: 9919K(10304K)->9919K(10304K)
[50.404s][info][gc             ] GC(120) Pause Young (Allocation Failure) 1130M->39M(3959M) 3.759ms
[50.404s][info][gc,cpu         ] GC(120) User=0.00s Sys=0.00s Real=0.00s
[50.434s][info][gc,start       ] GC(121) Pause Full (System.gc())
[50.434s][info][gc,phases,start] GC(121) Phase 1: Mark live objects
[50.471s][info][gc,phases      ] GC(121) Phase 1: Mark live objects 36.826ms
[50.471s][info][gc,phases,start] GC(121) Phase 2: Compute new object addresses
[50.485s][info][gc,phases      ] GC(121) Phase 2: Compute new object addresses 14.099ms
[50.485s][info][gc,phases,start] GC(121) Phase 3: Adjust pointers
[50.506s][info][gc,phases      ] GC(121) Phase 3: Adjust pointers 20.867ms
[50.506s][info][gc,phases,start] GC(121) Phase 4: Move objects
[50.506s][info][gc,phases      ] GC(121) Phase 4: Move objects 0.043ms
[50.506s][info][gc,heap        ] GC(121) DefNew: 108720K(1258304K)->0K(1258304K) Eden: 107171K(1118528K)->0K(1118528K) From: 1548K(139776K)->0K(139776K)
[50.506s][info][gc,heap        ] GC(121) Tenured: 39254K(2796224K)->39427K(2796224K)
[50.506s][info][gc,metaspace   ] GC(121) Metaspace: 95809K(96640K)->95809K(96640K) NonClass: 85890K(86336K)->85890K(86336K) Class: 9919K(10304K)->9919K(10304K)
[50.506s][info][gc             ] GC(121) Pause Full (System.gc()) 144M->38M(3959M) 72.375ms
[50.506s][info][gc,cpu         ] GC(121) User=0.06s Sys=0.00s Real=0.06s
[51.032s][info][gc,start       ] GC(122) Pause Young (Allocation Failure)
[51.035s][info][gc,heap        ] GC(122) DefNew: 1114707K(1258304K)->1654K(1258304K) Eden: 1114707K(1118528K)->0K(1118528K) From: 0K(139776K)->1654K(139776K)
[51.035s][info][gc,heap        ] GC(122) Tenured: 39427K(2796224K)->39427K(2796224K)
[51.035s][info][gc,metaspace   ] GC(122) Metaspace: 95809K(96640K)->95809K(96640K) NonClass: 85890K(86336K)->85890K(86336K) Class: 9919K(10304K)->9919K(10304K)
[51.035s][info][gc             ] GC(122) Pause Young (Allocation Failure) 1127M->40M(3959M) 2.764ms
[51.035s][info][gc,cpu         ] GC(122) User=0.00s Sys=0.00s Real=0.00s
[51.064s][info][gc,start       ] GC(123) Pause Full (System.gc())
[51.064s][info][gc,phases,start] GC(123) Phase 1: Mark live objects
[51.101s][info][gc,phases      ] GC(123) Phase 1: Mark live objects 36.977ms
[51.101s][info][gc,phases,start] GC(123) Phase 2: Compute new object addresses
[51.116s][info][gc,phases      ] GC(123) Phase 2: Compute new object addresses 14.221ms
[51.116s][info][gc,phases,start] GC(123) Phase 3: Adjust pointers
[51.137s][info][gc,phases      ] GC(123) Phase 3: Adjust pointers 21.519ms
[51.137s][info][gc,phases,start] GC(123) Phase 4: Move objects
[51.140s][info][gc,phases      ] GC(123) Phase 4: Move objects 2.684ms
[51.140s][info][gc,heap        ] GC(123) DefNew: 108673K(1258304K)->0K(1258304K) Eden: 107019K(1118528K)->0K(1118528K) From: 1654K(139776K)->0K(139776K)
[51.140s][info][gc,heap        ] GC(123) Tenured: 39427K(2796224K)->39303K(2796224K)
[51.140s][info][gc,metaspace   ] GC(123) Metaspace: 95809K(96640K)->95809K(96640K) NonClass: 85890K(86336K)->85890K(86336K) Class: 9919K(10304K)->9919K(10304K)
[51.140s][info][gc             ] GC(123) Pause Full (System.gc()) 144M->38M(3959M) 76.128ms
[51.140s][info][gc,cpu         ] GC(123) User=0.06s Sys=0.00s Real=0.07s
[51.662s][info][gc,start       ] GC(124) Pause Young (Allocation Failure)
[51.665s][info][gc,heap        ] GC(124) DefNew: 1118528K(1258304K)->1786K(1258304K) Eden: 1118528K(1118528K)->0K(1118528K) From: 0K(139776K)->1786K(139776K)
[51.665s][info][gc,heap        ] GC(124) Tenured: 39303K(2796224K)->39303K(2796224K)
[51.665s][info][gc,metaspace   ] GC(124) Metaspace: 95810K(96640K)->95810K(96640K) NonClass: 85891K(86336K)->85891K(86336K) Class: 9919K(10304K)->9919K(10304K)
[51.665s][info][gc             ] GC(124) Pause Young (Allocation Failure) 1130M->40M(3959M) 3.298ms
[51.665s][info][gc,cpu         ] GC(124) User=0.00s Sys=0.00s Real=0.00s
[51.696s][info][gc,start       ] GC(125) Pause Full (System.gc())
[51.697s][info][gc,phases,start] GC(125) Phase 1: Mark live objects
[51.733s][info][gc,phases      ] GC(125) Phase 1: Mark live objects 36.881ms
[51.733s][info][gc,phases,start] GC(125) Phase 2: Compute new object addresses
[51.748s][info][gc,phases      ] GC(125) Phase 2: Compute new object addresses 14.431ms
[51.748s][info][gc,phases,start] GC(125) Phase 3: Adjust pointers
[51.769s][info][gc,phases      ] GC(125) Phase 3: Adjust pointers 20.809ms
[51.769s][info][gc,phases,start] GC(125) Phase 4: Move objects
[51.769s][info][gc,phases      ] GC(125) Phase 4: Move objects 0.043ms
[51.769s][info][gc,heap        ] GC(125) DefNew: 108998K(1258304K)->0K(1258304K) Eden: 107212K(1118528K)->0K(1118528K) From: 1786K(139776K)->0K(139776K)
[51.769s][info][gc,heap        ] GC(125) Tenured: 39303K(2796224K)->39472K(2796224K)
[51.769s][info][gc,metaspace   ] GC(125) Metaspace: 95810K(96640K)->95810K(96640K) NonClass: 85891K(86336K)->85891K(86336K) Class: 9919K(10304K)->9919K(10304K)
[51.769s][info][gc             ] GC(125) Pause Full (System.gc()) 144M->38M(3959M) 72.700ms
[51.769s][info][gc,cpu         ] GC(125) User=0.06s Sys=0.00s Real=0.06s
[52.301s][info][gc,start       ] GC(126) Pause Young (Allocation Failure)
[52.304s][info][gc,heap        ] GC(126) DefNew: 1118528K(1258304K)->1766K(1258304K) Eden: 1118528K(1118528K)->0K(1118528K) From: 0K(139776K)->1766K(139776K)
[52.304s][info][gc,heap        ] GC(126) Tenured: 39472K(2796224K)->39472K(2796224K)
[52.304s][info][gc,metaspace   ] GC(126) Metaspace: 95815K(96640K)->95815K(96640K) NonClass: 85895K(86336K)->85895K(86336K) Class: 9919K(10304K)->9919K(10304K)
[52.304s][info][gc             ] GC(126) Pause Young (Allocation Failure) 1130M->40M(3959M) 3.088ms
[52.304s][info][gc,cpu         ] GC(126) User=0.02s Sys=0.00s Real=0.01s
[52.329s][info][gc,start       ] GC(127) Pause Full (System.gc())
[52.329s][info][gc,phases,start] GC(127) Phase 1: Mark live objects
[52.367s][info][gc,phases      ] GC(127) Phase 1: Mark live objects 37.517ms
[52.367s][info][gc,phases,start] GC(127) Phase 2: Compute new object addresses
[52.380s][info][gc,phases      ] GC(127) Phase 2: Compute new object addresses 13.403ms
[52.380s][info][gc,phases,start] GC(127) Phase 3: Adjust pointers
[52.401s][info][gc,phases      ] GC(127) Phase 3: Adjust pointers 21.022ms
[52.401s][info][gc,phases,start] GC(127) Phase 4: Move objects
[52.402s][info][gc,phases      ] GC(127) Phase 4: Move objects 0.091ms
[52.402s][info][gc,heap        ] GC(127) DefNew: 104574K(1258304K)->0K(1258304K) Eden: 102807K(1118528K)->0K(1118528K) From: 1766K(139776K)->0K(139776K)
[52.402s][info][gc,heap        ] GC(127) Tenured: 39472K(2796224K)->39653K(2796224K)
[52.402s][info][gc,metaspace   ] GC(127) Metaspace: 95815K(96640K)->95815K(96640K) NonClass: 85895K(86336K)->85895K(86336K) Class: 9919K(10304K)->9919K(10304K)
[52.402s][info][gc             ] GC(127) Pause Full (System.gc()) 140M->38M(3959M) 72.566ms
[52.402s][info][gc,cpu         ] GC(127) User=0.08s Sys=0.00s Real=0.08s
[52.932s][info][gc,start       ] GC(128) Pause Young (Allocation Failure)
[52.935s][info][gc,heap        ] GC(128) DefNew: 1118528K(1258304K)->1764K(1258304K) Eden: 1118528K(1118528K)->0K(1118528K) From: 0K(139776K)->1764K(139776K)
[52.935s][info][gc,heap        ] GC(128) Tenured: 39653K(2796224K)->39653K(2796224K)
[52.935s][info][gc,metaspace   ] GC(128) Metaspace: 95815K(96640K)->95815K(96640K) NonClass: 85895K(86336K)->85895K(86336K) Class: 9919K(10304K)->9919K(10304K)
[52.935s][info][gc             ] GC(128) Pause Young (Allocation Failure) 1131M->40M(3959M) 3.044ms
[52.935s][info][gc,cpu         ] GC(128) User=0.00s Sys=0.00s Real=0.00s
[52.959s][info][gc,start       ] GC(129) Pause Full (System.gc())
[52.959s][info][gc,phases,start] GC(129) Phase 1: Mark live objects
[52.996s][info][gc,phases      ] GC(129) Phase 1: Mark live objects 36.670ms
[52.996s][info][gc,phases,start] GC(129) Phase 2: Compute new object addresses
[53.009s][info][gc,phases      ] GC(129) Phase 2: Compute new object addresses 13.584ms
[53.009s][info][gc,phases,start] GC(129) Phase 3: Adjust pointers
[53.030s][info][gc,phases      ] GC(129) Phase 3: Adjust pointers 20.798ms
[53.030s][info][gc,phases,start] GC(129) Phase 4: Move objects
[53.030s][info][gc,phases      ] GC(129) Phase 4: Move objects 0.096ms
[53.030s][info][gc,heap        ] GC(129) DefNew: 88852K(1258304K)->0K(1258304K) Eden: 87088K(1118528K)->0K(1118528K) From: 1764K(139776K)->0K(139776K)
[53.030s][info][gc,heap        ] GC(129) Tenured: 39653K(2796224K)->39833K(2796224K)
[53.030s][info][gc,metaspace   ] GC(129) Metaspace: 95815K(96640K)->95815K(96640K) NonClass: 85895K(86336K)->85895K(86336K) Class: 9919K(10304K)->9919K(10304K)
[53.030s][info][gc             ] GC(129) Pause Full (System.gc()) 125M->38M(3959M) 71.680ms
[53.030s][info][gc,cpu         ] GC(129) User=0.06s Sys=0.00s Real=0.06s
[53.556s][info][gc,start       ] GC(130) Pause Young (Allocation Failure)
[53.560s][info][gc,heap        ] GC(130) DefNew: 1115779K(1258304K)->1654K(1258304K) Eden: 1115779K(1118528K)->0K(1118528K) From: 0K(139776K)->1654K(139776K)
[53.560s][info][gc,heap        ] GC(130) Tenured: 39833K(2796224K)->39833K(2796224K)
[53.560s][info][gc,metaspace   ] GC(130) Metaspace: 95823K(96640K)->95823K(96640K) NonClass: 85902K(86336K)->85902K(86336K) Class: 9920K(10304K)->9920K(10304K)
[53.560s][info][gc             ] GC(130) Pause Young (Allocation Failure) 1128M->40M(3959M) 3.257ms
[53.560s][info][gc,cpu         ] GC(130) User=0.00s Sys=0.00s Real=0.00s
[53.590s][info][gc,start       ] GC(131) Pause Full (System.gc())
[53.590s][info][gc,phases,start] GC(131) Phase 1: Mark live objects
[53.627s][info][gc,phases      ] GC(131) Phase 1: Mark live objects 36.874ms
[53.627s][info][gc,phases,start] GC(131) Phase 2: Compute new object addresses
[53.641s][info][gc,phases      ] GC(131) Phase 2: Compute new object addresses 14.352ms
[53.641s][info][gc,phases,start] GC(131) Phase 3: Adjust pointers
[53.663s][info][gc,phases      ] GC(131) Phase 3: Adjust pointers 21.610ms
[53.663s][info][gc,phases,start] GC(131) Phase 4: Move objects
[53.666s][info][gc,phases      ] GC(131) Phase 4: Move objects 3.067ms
[53.666s][info][gc,heap        ] GC(131) DefNew: 108901K(1258304K)->0K(1258304K) Eden: 107247K(1118528K)->0K(1118528K) From: 1654K(139776K)->0K(139776K)
[53.666s][info][gc,heap        ] GC(131) Tenured: 39833K(2796224K)->39101K(2796224K)
[53.666s][info][gc,metaspace   ] GC(131) Metaspace: 95829K(96704K)->95829K(96704K) NonClass: 85909K(86400K)->85909K(86400K) Class: 9920K(10304K)->9920K(10304K)
[53.666s][info][gc             ] GC(131) Pause Full (System.gc()) 145M->38M(3959M) 76.597ms
[53.666s][info][gc,cpu         ] GC(131) User=0.06s Sys=0.00s Real=0.06s
[54.191s][info][gc,start       ] GC(132) Pause Young (Allocation Failure)
[54.194s][info][gc,heap        ] GC(132) DefNew: 1116693K(1258304K)->1652K(1258304K) Eden: 1116693K(1118528K)->0K(1118528K) From: 0K(139776K)->1652K(139776K)
[54.194s][info][gc,heap        ] GC(132) Tenured: 39101K(2796224K)->39101K(2796224K)
[54.194s][info][gc,metaspace   ] GC(132) Metaspace: 95834K(96704K)->95834K(96704K) NonClass: 85913K(86400K)->85913K(86400K) Class: 9920K(10304K)->9920K(10304K)
[54.194s][info][gc             ] GC(132) Pause Young (Allocation Failure) 1128M->39M(3959M) 3.002ms
[54.194s][info][gc,cpu         ] GC(132) User=0.00s Sys=0.00s Real=0.00s
[54.223s][info][gc,start       ] GC(133) Pause Full (System.gc())
[54.223s][info][gc,phases,start] GC(133) Phase 1: Mark live objects
[54.259s][info][gc,phases      ] GC(133) Phase 1: Mark live objects 36.281ms
[54.259s][info][gc,phases,start] GC(133) Phase 2: Compute new object addresses
[54.274s][info][gc,phases      ] GC(133) Phase 2: Compute new object addresses 14.442ms
[54.274s][info][gc,phases,start] GC(133) Phase 3: Adjust pointers
[54.294s][info][gc,phases      ] GC(133) Phase 3: Adjust pointers 20.769ms
[54.294s][info][gc,phases,start] GC(133) Phase 4: Move objects
[54.294s][info][gc,phases      ] GC(133) Phase 4: Move objects 0.044ms
[54.295s][info][gc,heap        ] GC(133) DefNew: 108738K(1258304K)->0K(1258304K) Eden: 107085K(1118528K)->0K(1118528K) From: 1652K(139776K)->0K(139776K)
[54.295s][info][gc,heap        ] GC(133) Tenured: 39101K(2796224K)->39276K(2796224K)
[54.295s][info][gc,metaspace   ] GC(133) Metaspace: 95834K(96704K)->95834K(96704K) NonClass: 85913K(86400K)->85913K(86400K) Class: 9920K(10304K)->9920K(10304K)
[54.295s][info][gc             ] GC(133) Pause Full (System.gc()) 144M->38M(3959M) 72.078ms
[54.295s][info][gc,cpu         ] GC(133) User=0.06s Sys=0.00s Real=0.06s
[54.821s][info][gc,start       ] GC(134) Pause Young (Allocation Failure)
[54.825s][info][gc,heap        ] GC(134) DefNew: 1118528K(1258304K)->1761K(1258304K) Eden: 1118528K(1118528K)->0K(1118528K) From: 0K(139776K)->1761K(139776K)
[54.825s][info][gc,heap        ] GC(134) Tenured: 39276K(2796224K)->39276K(2796224K)
[54.825s][info][gc,metaspace   ] GC(134) Metaspace: 95834K(96704K)->95834K(96704K) NonClass: 85913K(86400K)->85913K(86400K) Class: 9920K(10304K)->9920K(10304K)
[54.825s][info][gc             ] GC(134) Pause Young (Allocation Failure) 1130M->40M(3959M) 3.122ms
[54.825s][info][gc,cpu         ] GC(134) User=0.02s Sys=0.00s Real=0.02s
[54.848s][info][gc,start       ] GC(135) Pause Full (System.gc())
[54.849s][info][gc,phases,start] GC(135) Phase 1: Mark live objects
[54.886s][info][gc,phases      ] GC(135) Phase 1: Mark live objects 37.266ms
[54.886s][info][gc,phases,start] GC(135) Phase 2: Compute new object addresses
[54.899s][info][gc,phases      ] GC(135) Phase 2: Compute new object addresses 13.223ms
[54.899s][info][gc,phases,start] GC(135) Phase 3: Adjust pointers
[54.920s][info][gc,phases      ] GC(135) Phase 3: Adjust pointers 20.867ms
[54.920s][info][gc,phases,start] GC(135) Phase 4: Move objects
[54.920s][info][gc,phases      ] GC(135) Phase 4: Move objects 0.043ms
[54.920s][info][gc,heap        ] GC(135) DefNew: 88894K(1258304K)->0K(1258304K) Eden: 87133K(1118528K)->0K(1118528K) From: 1761K(139776K)->0K(139776K)
[54.920s][info][gc,heap        ] GC(135) Tenured: 39276K(2796224K)->39453K(2796224K)
[54.920s][info][gc,metaspace   ] GC(135) Metaspace: 95834K(96704K)->95834K(96704K) NonClass: 85913K(86400K)->85913K(86400K) Class: 9920K(10304K)->9920K(10304K)
[54.920s][info][gc             ] GC(135) Pause Full (System.gc()) 125M->38M(3959M) 71.927ms
[54.920s][info][gc,cpu         ] GC(135) User=0.06s Sys=0.00s Real=0.07s
[55.444s][info][gc,start       ] GC(136) Pause Young (Allocation Failure)
[55.447s][info][gc,heap        ] GC(136) DefNew: 1115144K(1258304K)->1655K(1258304K) Eden: 1115144K(1118528K)->0K(1118528K) From: 0K(139776K)->1655K(139776K)
[55.447s][info][gc,heap        ] GC(136) Tenured: 39453K(2796224K)->39453K(2796224K)
[55.447s][info][gc,metaspace   ] GC(136) Metaspace: 95843K(96704K)->95843K(96704K) NonClass: 85922K(86400K)->85922K(86400K) Class: 9921K(10304K)->9921K(10304K)
[55.447s][info][gc             ] GC(136) Pause Young (Allocation Failure) 1127M->40M(3959M) 3.032ms
[55.447s][info][gc,cpu         ] GC(136) User=0.00s Sys=0.00s Real=0.00s
[55.476s][info][gc,start       ] GC(137) Pause Full (System.gc())
[55.476s][info][gc,phases,start] GC(137) Phase 1: Mark live objects
[55.512s][info][gc,phases      ] GC(137) Phase 1: Mark live objects 36.400ms
[55.512s][info][gc,phases,start] GC(137) Phase 2: Compute new object addresses
[55.527s][info][gc,phases      ] GC(137) Phase 2: Compute new object addresses 14.297ms
[55.527s][info][gc,phases,start] GC(137) Phase 3: Adjust pointers
[55.547s][info][gc,phases      ] GC(137) Phase 3: Adjust pointers 20.820ms
[55.548s][info][gc,phases,start] GC(137) Phase 4: Move objects
[55.548s][info][gc,phases      ] GC(137) Phase 4: Move objects 0.045ms
[55.548s][info][gc,heap        ] GC(137) DefNew: 108891K(1258304K)->0K(1258304K) Eden: 107235K(1118528K)->0K(1118528K) From: 1655K(139776K)->0K(139776K)
[55.548s][info][gc,heap        ] GC(137) Tenured: 39453K(2796224K)->39627K(2796224K)
[55.548s][info][gc,metaspace   ] GC(137) Metaspace: 95843K(96704K)->95843K(96704K) NonClass: 85922K(86400K)->85922K(86400K) Class: 9921K(10304K)->9921K(10304K)
[55.548s][info][gc             ] GC(137) Pause Full (System.gc()) 144M->38M(3959M) 72.095ms
[55.548s][info][gc,cpu         ] GC(137) User=0.08s Sys=0.00s Real=0.08s
[56.071s][info][gc,start       ] GC(138) Pause Young (Allocation Failure)
[56.074s][info][gc,heap        ] GC(138) DefNew: 1116604K(1258304K)->1652K(1258304K) Eden: 1116604K(1118528K)->0K(1118528K) From: 0K(139776K)->1652K(139776K)
[56.074s][info][gc,heap        ] GC(138) Tenured: 39627K(2796224K)->39627K(2796224K)
[56.074s][info][gc,metaspace   ] GC(138) Metaspace: 95843K(96704K)->95843K(96704K) NonClass: 85922K(86400K)->85922K(86400K) Class: 9921K(10304K)->9921K(10304K)
[56.074s][info][gc             ] GC(138) Pause Young (Allocation Failure) 1129M->40M(3959M) 3.186ms
[56.074s][info][gc,cpu         ] GC(138) User=0.00s Sys=0.00s Real=0.00s
[56.103s][info][gc,start       ] GC(139) Pause Full (System.gc())
[56.103s][info][gc,phases,start] GC(139) Phase 1: Mark live objects
[56.140s][info][gc,phases      ] GC(139) Phase 1: Mark live objects 37.291ms
[56.140s][info][gc,phases,start] GC(139) Phase 2: Compute new object addresses
[56.154s][info][gc,phases      ] GC(139) Phase 2: Compute new object addresses 14.117ms
[56.154s][info][gc,phases,start] GC(139) Phase 3: Adjust pointers
[56.175s][info][gc,phases      ] GC(139) Phase 3: Adjust pointers 20.899ms
[56.175s][info][gc,phases,start] GC(139) Phase 4: Move objects
[56.176s][info][gc,phases      ] GC(139) Phase 4: Move objects 1.239ms
[56.177s][info][gc,heap        ] GC(139) DefNew: 108696K(1258304K)->0K(1258304K) Eden: 107044K(1118528K)->0K(1118528K) From: 1652K(139776K)->0K(139776K)
[56.177s][info][gc,heap        ] GC(139) Tenured: 39627K(2796224K)->38976K(2796224K)
[56.177s][info][gc,metaspace   ] GC(139) Metaspace: 95843K(96704K)->95843K(96704K) NonClass: 85922K(86400K)->85922K(86400K) Class: 9921K(10304K)->9921K(10304K)
[56.177s][info][gc             ] GC(139) Pause Full (System.gc()) 144M->38M(3959M) 74.243ms
[56.177s][info][gc,cpu         ] GC(139) User=0.06s Sys=0.00s Real=0.06s
[56.700s][info][gc,start       ] GC(140) Pause Young (Allocation Failure)
[56.703s][info][gc,heap        ] GC(140) DefNew: 1118528K(1258304K)->1761K(1258304K) Eden: 1118528K(1118528K)->0K(1118528K) From: 0K(139776K)->1761K(139776K)
[56.703s][info][gc,heap        ] GC(140) Tenured: 38976K(2796224K)->38976K(2796224K)
[56.703s][info][gc,metaspace   ] GC(140) Metaspace: 95843K(96704K)->95843K(96704K) NonClass: 85922K(86400K)->85922K(86400K) Class: 9921K(10304K)->9921K(10304K)
[56.703s][info][gc             ] GC(140) Pause Young (Allocation Failure) 1130M->39M(3959M) 2.995ms
[56.703s][info][gc,cpu         ] GC(140) User=0.00s Sys=0.00s Real=0.00s
[56.728s][info][gc,start       ] GC(141) Pause Full (System.gc())
[56.728s][info][gc,phases,start] GC(141) Phase 1: Mark live objects
[56.765s][info][gc,phases      ] GC(141) Phase 1: Mark live objects 36.868ms
[56.765s][info][gc,phases,start] GC(141) Phase 2: Compute new object addresses
[56.778s][info][gc,phases      ] GC(141) Phase 2: Compute new object addresses 13.130ms
[56.778s][info][gc,phases,start] GC(141) Phase 3: Adjust pointers
[56.799s][info][gc,phases      ] GC(141) Phase 3: Adjust pointers 20.812ms
[56.799s][info][gc,phases,start] GC(141) Phase 4: Move objects
[56.799s][info][gc,phases      ] GC(141) Phase 4: Move objects 0.043ms
[56.799s][info][gc,heap        ] GC(141) DefNew: 88886K(1258304K)->0K(1258304K) Eden: 87125K(1118528K)->0K(1118528K) From: 1761K(139776K)->0K(139776K)
[56.799s][info][gc,heap        ] GC(141) Tenured: 38976K(2796224K)->39153K(2796224K)
[56.799s][info][gc,metaspace   ] GC(141) Metaspace: 95843K(96704K)->95843K(96704K) NonClass: 85922K(86400K)->85922K(86400K) Class: 9921K(10304K)->9921K(10304K)
[56.799s][info][gc             ] GC(141) Pause Full (System.gc()) 124M->38M(3959M) 71.377ms
[56.799s][info][gc,cpu         ] GC(141) User=0.06s Sys=0.00s Real=0.06s
[57.323s][info][gc,start       ] GC(142) Pause Young (Allocation Failure)
[57.326s][info][gc,heap        ] GC(142) DefNew: 1118528K(1258304K)->1759K(1258304K) Eden: 1118528K(1118528K)->0K(1118528K) From: 0K(139776K)->1759K(139776K)
[57.326s][info][gc,heap        ] GC(142) Tenured: 39153K(2796224K)->39153K(2796224K)
[57.326s][info][gc,metaspace   ] GC(142) Metaspace: 95843K(96704K)->95843K(96704K) NonClass: 85922K(86400K)->85922K(86400K) Class: 9921K(10304K)->9921K(10304K)
[57.326s][info][gc             ] GC(142) Pause Young (Allocation Failure) 1130M->39M(3959M) 2.986ms
[57.326s][info][gc,cpu         ] GC(142) User=0.00s Sys=0.00s Real=0.00s
[57.350s][info][gc,start       ] GC(143) Pause Full (System.gc())
[57.350s][info][gc,phases,start] GC(143) Phase 1: Mark live objects
[57.387s][info][gc,phases      ] GC(143) Phase 1: Mark live objects 36.745ms
[57.387s][info][gc,phases,start] GC(143) Phase 2: Compute new object addresses
[57.400s][info][gc,phases      ] GC(143) Phase 2: Compute new object addresses 13.219ms
[57.400s][info][gc,phases,start] GC(143) Phase 3: Adjust pointers
[57.421s][info][gc,phases      ] GC(143) Phase 3: Adjust pointers 20.818ms
[57.421s][info][gc,phases,start] GC(143) Phase 4: Move objects
[57.421s][info][gc,phases      ] GC(143) Phase 4: Move objects 0.043ms
[57.421s][info][gc,heap        ] GC(143) DefNew: 87072K(1258304K)->0K(1258304K) Eden: 85312K(1118528K)->0K(1118528K) From: 1759K(139776K)->0K(139776K)
[57.421s][info][gc,heap        ] GC(143) Tenured: 39153K(2796224K)->39329K(2796224K)
[57.421s][info][gc,metaspace   ] GC(143) Metaspace: 95843K(96704K)->95843K(96704K) NonClass: 85922K(86400K)->85922K(86400K) Class: 9921K(10304K)->9921K(10304K)
[57.421s][info][gc             ] GC(143) Pause Full (System.gc()) 123M->38M(3959M) 71.362ms
[57.421s][info][gc,cpu         ] GC(143) User=0.06s Sys=0.00s Real=0.06s
[57.939s][info][gc,start       ] GC(144) Pause Young (Allocation Failure)
[57.942s][info][gc,heap        ] GC(144) DefNew: 1118528K(1258304K)->1547K(1258304K) Eden: 1118528K(1118528K)->0K(1118528K) From: 0K(139776K)->1547K(139776K)
[57.942s][info][gc,heap        ] GC(144) Tenured: 39329K(2796224K)->39329K(2796224K)
[57.942s][info][gc,metaspace   ] GC(144) Metaspace: 95843K(96704K)->95843K(96704K) NonClass: 85922K(86400K)->85922K(86400K) Class: 9921K(10304K)->9921K(10304K)
[57.942s][info][gc             ] GC(144) Pause Young (Allocation Failure) 1130M->39M(3959M) 2.695ms
[57.942s][info][gc,cpu         ] GC(144) User=0.00s Sys=0.00s Real=0.00s
[57.971s][info][gc,start       ] GC(145) Pause Full (System.gc())
[57.971s][info][gc,phases,start] GC(145) Phase 1: Mark live objects
[58.009s][info][gc,phases      ] GC(145) Phase 1: Mark live objects 37.129ms
[58.009s][info][gc,phases,start] GC(145) Phase 2: Compute new object addresses
[58.023s][info][gc,phases      ] GC(145) Phase 2: Compute new object addresses 14.447ms
[58.023s][info][gc,phases,start] GC(145) Phase 3: Adjust pointers
[58.044s][info][gc,phases      ] GC(145) Phase 3: Adjust pointers 20.832ms
[58.044s][info][gc,phases,start] GC(145) Phase 4: Move objects
[58.044s][info][gc,phases      ] GC(145) Phase 4: Move objects 0.044ms
[58.044s][info][gc,heap        ] GC(145) DefNew: 109047K(1258304K)->0K(1258304K) Eden: 107500K(1118528K)->0K(1118528K) From: 1547K(139776K)->0K(139776K)
[58.044s][info][gc,heap        ] GC(145) Tenured: 39329K(2796224K)->39503K(2796224K)
[58.044s][info][gc,metaspace   ] GC(145) Metaspace: 95843K(96704K)->95843K(96704K) NonClass: 85922K(86400K)->85922K(86400K) Class: 9921K(10304K)->9921K(10304K)
[58.044s][info][gc             ] GC(145) Pause Full (System.gc()) 144M->38M(3959M) 72.985ms
[58.044s][info][gc,cpu         ] GC(145) User=0.05s Sys=0.00s Real=0.08s
[58.569s][info][gc,start       ] GC(146) Pause Young (Allocation Failure)
[58.572s][info][gc,heap        ] GC(146) DefNew: 1118528K(1258304K)->1760K(1258304K) Eden: 1118528K(1118528K)->0K(1118528K) From: 0K(139776K)->1760K(139776K)
[58.572s][info][gc,heap        ] GC(146) Tenured: 39503K(2796224K)->39503K(2796224K)
[58.572s][info][gc,metaspace   ] GC(146) Metaspace: 95843K(96704K)->95843K(96704K) NonClass: 85922K(86400K)->85922K(86400K) Class: 9921K(10304K)->9921K(10304K)
[58.572s][info][gc             ] GC(146) Pause Young (Allocation Failure) 1130M->40M(3959M) 3.173ms
[58.572s][info][gc,cpu         ] GC(146) User=0.00s Sys=0.00s Real=0.00s
[58.596s][info][gc,start       ] GC(147) Pause Full (System.gc())
[58.596s][info][gc,phases,start] GC(147) Phase 1: Mark live objects
[58.635s][info][gc,phases      ] GC(147) Phase 1: Mark live objects 38.108ms
[58.635s][info][gc,phases,start] GC(147) Phase 2: Compute new object addresses
[58.648s][info][gc,phases      ] GC(147) Phase 2: Compute new object addresses 13.396ms
[58.648s][info][gc,phases,start] GC(147) Phase 3: Adjust pointers
[58.669s][info][gc,phases      ] GC(147) Phase 3: Adjust pointers 21.092ms
[58.669s][info][gc,phases,start] GC(147) Phase 4: Move objects
[58.670s][info][gc,phases      ] GC(147) Phase 4: Move objects 1.277ms
[58.671s][info][gc,heap        ] GC(147) DefNew: 87117K(1258304K)->0K(1258304K) Eden: 85357K(1118528K)->0K(1118528K) From: 1760K(139776K)->0K(139776K)
[58.671s][info][gc,heap        ] GC(147) Tenured: 39503K(2796224K)->39386K(2796224K)
[58.671s][info][gc,metaspace   ] GC(147) Metaspace: 95843K(96704K)->95843K(96704K) NonClass: 85922K(86400K)->85922K(86400K) Class: 9921K(10304K)->9921K(10304K)
[58.671s][info][gc             ] GC(147) Pause Full (System.gc()) 123M->38M(3959M) 74.604ms
[58.671s][info][gc,cpu         ] GC(147) User=0.06s Sys=0.00s Real=0.08s
[59.185s][info][gc,start       ] GC(148) Pause Young (Allocation Failure)
[59.187s][info][gc,heap        ] GC(148) DefNew: 1115926K(1258304K)->1586K(1258304K) Eden: 1115926K(1118528K)->0K(1118528K) From: 0K(139776K)->1586K(139776K)
[59.187s][info][gc,heap        ] GC(148) Tenured: 39386K(2796224K)->39386K(2796224K)
[59.187s][info][gc,metaspace   ] GC(148) Metaspace: 95857K(96704K)->95857K(96704K) NonClass: 85935K(86400K)->85935K(86400K) Class: 9921K(10304K)->9921K(10304K)
[59.187s][info][gc             ] GC(148) Pause Young (Allocation Failure) 1128M->40M(3959M) 2.747ms
[59.187s][info][gc,cpu         ] GC(148) User=0.00s Sys=0.00s Real=0.00s
[59.222s][info][gc,start       ] GC(149) Pause Full (System.gc())
[59.222s][info][gc,phases,start] GC(149) Phase 1: Mark live objects
[59.259s][info][gc,phases      ] GC(149) Phase 1: Mark live objects 36.489ms
[59.259s][info][gc,phases,start] GC(149) Phase 2: Compute new object addresses
[59.273s][info][gc,phases      ] GC(149) Phase 2: Compute new object addresses 14.559ms
[59.273s][info][gc,phases,start] GC(149) Phase 3: Adjust pointers
[59.294s][info][gc,phases      ] GC(149) Phase 3: Adjust pointers 20.824ms
[59.294s][info][gc,phases,start] GC(149) Phase 4: Move objects
[59.294s][info][gc,phases      ] GC(149) Phase 4: Move objects 0.043ms
[59.295s][info][gc,heap        ] GC(149) DefNew: 116022K(1258304K)->0K(1258304K) Eden: 114436K(1118528K)->0K(1118528K) From: 1586K(139776K)->0K(139776K)
[59.295s][info][gc,heap        ] GC(149) Tenured: 39386K(2796224K)->39561K(2796224K)
[59.295s][info][gc,metaspace   ] GC(149) Metaspace: 95857K(96704K)->95857K(96704K) NonClass: 85935K(86400K)->85935K(86400K) Class: 9921K(10304K)->9921K(10304K)
[59.295s][info][gc             ] GC(149) Pause Full (System.gc()) 151M->38M(3959M) 72.445ms
[59.295s][info][gc,cpu         ] GC(149) User=0.08s Sys=0.00s Real=0.08s
[59.813s][info][gc,start       ] GC(150) Pause Young (Allocation Failure)
[59.816s][info][gc,heap        ] GC(150) DefNew: 1114486K(1258304K)->1649K(1258304K) Eden: 1114486K(1118528K)->0K(1118528K) From: 0K(139776K)->1649K(139776K)
[59.816s][info][gc,heap        ] GC(150) Tenured: 39561K(2796224K)->39561K(2796224K)
[59.816s][info][gc,metaspace   ] GC(150) Metaspace: 95857K(96704K)->95857K(96704K) NonClass: 85935K(86400K)->85935K(86400K) Class: 9921K(10304K)->9921K(10304K)
[59.816s][info][gc             ] GC(150) Pause Young (Allocation Failure) 1127M->40M(3959M) 2.997ms
[59.816s][info][gc,cpu         ] GC(150) User=0.00s Sys=0.00s Real=0.00s
[59.845s][info][gc,start       ] GC(151) Pause Full (System.gc())
[59.845s][info][gc,phases,start] GC(151) Phase 1: Mark live objects
[59.883s][info][gc,phases      ] GC(151) Phase 1: Mark live objects 37.158ms
[59.883s][info][gc,phases,start] GC(151) Phase 2: Compute new object addresses
[59.897s][info][gc,phases      ] GC(151) Phase 2: Compute new object addresses 14.061ms
[59.897s][info][gc,phases,start] GC(151) Phase 3: Adjust pointers
[59.917s][info][gc,phases      ] GC(151) Phase 3: Adjust pointers 20.769ms
[59.918s][info][gc,phases,start] GC(151) Phase 4: Move objects
[59.918s][info][gc,phases      ] GC(151) Phase 4: Move objects 0.043ms
[59.918s][info][gc,heap        ] GC(151) DefNew: 108964K(1258304K)->0K(1258304K) Eden: 107314K(1118528K)->0K(1118528K) From: 1649K(139776K)->0K(139776K)
[59.918s][info][gc,heap        ] GC(151) Tenured: 39561K(2796224K)->39733K(2796224K)
[59.918s][info][gc,metaspace   ] GC(151) Metaspace: 95857K(96704K)->95857K(96704K) NonClass: 85935K(86400K)->85935K(86400K) Class: 9921K(10304K)->9921K(10304K)
[59.918s][info][gc             ] GC(151) Pause Full (System.gc()) 145M->38M(3959M) 72.576ms
[59.918s][info][gc,cpu         ] GC(151) User=0.03s Sys=0.02s Real=0.06s
[60.440s][info][gc,start       ] GC(152) Pause Young (Allocation Failure)
[60.443s][info][gc,heap        ] GC(152) DefNew: 1118528K(1258304K)->1760K(1258304K) Eden: 1118528K(1118528K)->0K(1118528K) From: 0K(139776K)->1760K(139776K)
[60.443s][info][gc,heap        ] GC(152) Tenured: 39733K(2796224K)->39733K(2796224K)
[60.443s][info][gc,metaspace   ] GC(152) Metaspace: 95857K(96704K)->95857K(96704K) NonClass: 85935K(86400K)->85935K(86400K) Class: 9921K(10304K)->9921K(10304K)
[60.443s][info][gc             ] GC(152) Pause Young (Allocation Failure) 1131M->40M(3959M) 3.026ms
[60.443s][info][gc,cpu         ] GC(152) User=0.00s Sys=0.00s Real=0.00s
[60.468s][info][gc,start       ] GC(153) Pause Full (System.gc())
[60.468s][info][gc,phases,start] GC(153) Phase 1: Mark live objects
[60.505s][info][gc,phases      ] GC(153) Phase 1: Mark live objects 36.771ms
[60.505s][info][gc,phases,start] GC(153) Phase 2: Compute new object addresses
[60.518s][info][gc,phases      ] GC(153) Phase 2: Compute new object addresses 13.196ms
[60.518s][info][gc,phases,start] GC(153) Phase 3: Adjust pointers
[60.539s][info][gc,phases      ] GC(153) Phase 3: Adjust pointers 20.749ms
[60.539s][info][gc,phases,start] GC(153) Phase 4: Move objects
[60.539s][info][gc,phases      ] GC(153) Phase 4: Move objects 0.070ms
[60.539s][info][gc,heap        ] GC(153) DefNew: 96339K(1258304K)->0K(1258304K) Eden: 94579K(1118528K)->0K(1118528K) From: 1760K(139776K)->0K(139776K)
[60.539s][info][gc,heap        ] GC(153) Tenured: 39733K(2796224K)->39910K(2796224K)
[60.539s][info][gc,metaspace   ] GC(153) Metaspace: 95857K(96704K)->95857K(96704K) NonClass: 85935K(86400K)->85935K(86400K) Class: 9921K(10304K)->9921K(10304K)
[60.539s][info][gc             ] GC(153) Pause Full (System.gc()) 132M->38M(3959M) 71.317ms
[60.539s][info][gc,cpu         ] GC(153) User=0.06s Sys=0.00s Real=0.06s
[61.058s][info][gc,start       ] GC(154) Pause Young (Allocation Failure)
[61.061s][info][gc,heap        ] GC(154) DefNew: 1118528K(1258304K)->1727K(1258304K) Eden: 1118528K(1118528K)->0K(1118528K) From: 0K(139776K)->1727K(139776K)
[61.061s][info][gc,heap        ] GC(154) Tenured: 39910K(2796224K)->39910K(2796224K)
[61.061s][info][gc,metaspace   ] GC(154) Metaspace: 95857K(96704K)->95857K(96704K) NonClass: 85935K(86400K)->85935K(86400K) Class: 9921K(10304K)->9921K(10304K)
[61.061s][info][gc             ] GC(154) Pause Young (Allocation Failure) 1131M->40M(3959M) 3.414ms
[61.061s][info][gc,cpu         ] GC(154) User=0.00s Sys=0.00s Real=0.00s
[61.092s][info][gc,start       ] GC(155) Pause Full (System.gc())
[61.092s][info][gc,phases,start] GC(155) Phase 1: Mark live objects
[61.129s][info][gc,phases      ] GC(155) Phase 1: Mark live objects 37.135ms
[61.129s][info][gc,phases,start] GC(155) Phase 2: Compute new object addresses
[61.143s][info][gc,phases      ] GC(155) Phase 2: Compute new object addresses 14.194ms
[61.143s][info][gc,phases,start] GC(155) Phase 3: Adjust pointers
[61.165s][info][gc,phases      ] GC(155) Phase 3: Adjust pointers 21.374ms
[61.165s][info][gc,phases,start] GC(155) Phase 4: Move objects
[61.167s][info][gc,phases      ] GC(155) Phase 4: Move objects 2.390ms
[61.168s][info][gc,heap        ] GC(155) DefNew: 109233K(1258304K)->0K(1258304K) Eden: 107506K(1118528K)->0K(1118528K) From: 1727K(139776K)->0K(139776K)
[61.168s][info][gc,heap        ] GC(155) Tenured: 39910K(2796224K)->39255K(2796224K)
[61.168s][info][gc,metaspace   ] GC(155) Metaspace: 95857K(96704K)->95857K(96704K) NonClass: 85935K(86400K)->85935K(86400K) Class: 9921K(10304K)->9921K(10304K)
[61.168s][info][gc             ] GC(155) Pause Full (System.gc()) 145M->38M(3959M) 75.801ms
[61.168s][info][gc,cpu         ] GC(155) User=0.06s Sys=0.00s Real=0.07s
[61.685s][info][gc,start       ] GC(156) Pause Young (Allocation Failure)
[61.687s][info][gc,heap        ] GC(156) DefNew: 1115684K(1258304K)->1643K(1258304K) Eden: 1115684K(1118528K)->0K(1118528K) From: 0K(139776K)->1643K(139776K)
[61.687s][info][gc,heap        ] GC(156) Tenured: 39255K(2796224K)->39255K(2796224K)
[61.687s][info][gc,metaspace   ] GC(156) Metaspace: 95857K(96704K)->95857K(96704K) NonClass: 85935K(86400K)->85935K(86400K) Class: 9921K(10304K)->9921K(10304K)
[61.687s][info][gc             ] GC(156) Pause Young (Allocation Failure) 1127M->39M(3959M) 2.624ms
[61.687s][info][gc,cpu         ] GC(156) User=0.00s Sys=0.00s Real=0.00s
[61.722s][info][gc,start       ] GC(157) Pause Full (System.gc())
[61.722s][info][gc,phases,start] GC(157) Phase 1: Mark live objects
[61.759s][info][gc,phases      ] GC(157) Phase 1: Mark live objects 36.793ms
[61.759s][info][gc,phases,start] GC(157) Phase 2: Compute new object addresses
[61.773s][info][gc,phases      ] GC(157) Phase 2: Compute new object addresses 14.446ms
[61.773s][info][gc,phases,start] GC(157) Phase 3: Adjust pointers
[61.794s][info][gc,phases      ] GC(157) Phase 3: Adjust pointers 20.768ms
[61.794s][info][gc,phases,start] GC(157) Phase 4: Move objects
[61.794s][info][gc,phases      ] GC(157) Phase 4: Move objects 0.042ms
[61.794s][info][gc,heap        ] GC(157) DefNew: 115709K(1258304K)->0K(1258304K) Eden: 114065K(1118528K)->0K(1118528K) From: 1643K(139776K)->0K(139776K)
[61.794s][info][gc,heap        ] GC(157) Tenured: 39255K(2796224K)->39425K(2796224K)
[61.794s][info][gc,metaspace   ] GC(157) Metaspace: 95857K(96704K)->95857K(96704K) NonClass: 85935K(86400K)->85935K(86400K) Class: 9921K(10304K)->9921K(10304K)
[61.794s][info][gc             ] GC(157) Pause Full (System.gc()) 151M->38M(3959M) 72.588ms
[61.794s][info][gc,cpu         ] GC(157) User=0.06s Sys=0.00s Real=0.06s
[62.314s][info][gc,start       ] GC(158) Pause Young (Allocation Failure)
[62.317s][info][gc,heap        ] GC(158) DefNew: 1118528K(1258304K)->1555K(1258304K) Eden: 1118528K(1118528K)->0K(1118528K) From: 0K(139776K)->1555K(139776K)
[62.317s][info][gc,heap        ] GC(158) Tenured: 39425K(2796224K)->39425K(2796224K)
[62.317s][info][gc,metaspace   ] GC(158) Metaspace: 95862K(96704K)->95862K(96704K) NonClass: 85941K(86400K)->85941K(86400K) Class: 9921K(10304K)->9921K(10304K)
[62.317s][info][gc             ] GC(158) Pause Young (Allocation Failure) 1130M->40M(3959M) 2.991ms
[62.317s][info][gc,cpu         ] GC(158) User=0.00s Sys=0.00s Real=0.00s
[62.346s][info][gc,start       ] GC(159) Pause Full (System.gc())
[62.347s][info][gc,phases,start] GC(159) Phase 1: Mark live objects
[62.385s][info][gc,phases      ] GC(159) Phase 1: Mark live objects 38.732ms
[62.385s][info][gc,phases,start] GC(159) Phase 2: Compute new object addresses
[62.401s][info][gc,phases      ] GC(159) Phase 2: Compute new object addresses 15.289ms
[62.401s][info][gc,phases,start] GC(159) Phase 3: Adjust pointers
[62.422s][info][gc,phases      ] GC(159) Phase 3: Adjust pointers 21.382ms
[62.422s][info][gc,phases,start] GC(159) Phase 4: Move objects
[62.422s][info][gc,phases      ] GC(159) Phase 4: Move objects 0.047ms
[62.422s][info][gc,heap        ] GC(159) DefNew: 108666K(1258304K)->0K(1258304K) Eden: 107111K(1118528K)->0K(1118528K) From: 1555K(139776K)->0K(139776K)
[62.422s][info][gc,heap        ] GC(159) Tenured: 39425K(2796224K)->39601K(2796224K)
[62.422s][info][gc,metaspace   ] GC(159) Metaspace: 95862K(96704K)->95862K(96704K) NonClass: 85941K(86400K)->85941K(86400K) Class: 9921K(10304K)->9921K(10304K)
[62.423s][info][gc             ] GC(159) Pause Full (System.gc()) 144M->38M(3959M) 76.085ms
[62.423s][info][gc,cpu         ] GC(159) User=0.12s Sys=0.00s Real=0.08s
[62.939s][info][gc,start       ] GC(160) Pause Young (Allocation Failure)
[62.942s][info][gc,heap        ] GC(160) DefNew: 1115779K(1258304K)->1650K(1258304K) Eden: 1115779K(1118528K)->0K(1118528K) From: 0K(139776K)->1650K(139776K)
[62.942s][info][gc,heap        ] GC(160) Tenured: 39601K(2796224K)->39601K(2796224K)
[62.942s][info][gc,metaspace   ] GC(160) Metaspace: 95862K(96704K)->95862K(96704K) NonClass: 85941K(86400K)->85941K(86400K) Class: 9921K(10304K)->9921K(10304K)
[62.942s][info][gc             ] GC(160) Pause Young (Allocation Failure) 1128M->40M(3959M) 3.002ms
[62.942s][info][gc,cpu         ] GC(160) User=0.00s Sys=0.00s Real=0.00s
[62.971s][info][gc,start       ] GC(161) Pause Full (System.gc())
[62.971s][info][gc,phases,start] GC(161) Phase 1: Mark live objects
[63.009s][info][gc,phases      ] GC(161) Phase 1: Mark live objects 37.507ms
[63.009s][info][gc,phases,start] GC(161) Phase 2: Compute new object addresses
[63.023s][info][gc,phases      ] GC(161) Phase 2: Compute new object addresses 14.211ms
[63.023s][info][gc,phases,start] GC(161) Phase 3: Adjust pointers
[63.044s][info][gc,phases      ] GC(161) Phase 3: Adjust pointers 21.098ms
[63.044s][info][gc,phases,start] GC(161) Phase 4: Move objects
[63.044s][info][gc,phases      ] GC(161) Phase 4: Move objects 0.043ms
[63.045s][info][gc,heap        ] GC(161) DefNew: 108632K(1258304K)->0K(1258304K) Eden: 106981K(1118528K)->0K(1118528K) From: 1650K(139776K)->0K(139776K)
[63.045s][info][gc,heap        ] GC(161) Tenured: 39601K(2796224K)->39774K(2796224K)
[63.045s][info][gc,metaspace   ] GC(161) Metaspace: 95862K(96704K)->95862K(96704K) NonClass: 85941K(86400K)->85941K(86400K) Class: 9921K(10304K)->9921K(10304K)
[63.045s][info][gc             ] GC(161) Pause Full (System.gc()) 144M->38M(3959M) 73.416ms
[63.045s][info][gc,cpu         ] GC(161) User=0.06s Sys=0.00s Real=0.08s
[63.568s][info][gc,start       ] GC(162) Pause Young (Allocation Failure)
[63.572s][info][gc,heap        ] GC(162) DefNew: 1118528K(1258304K)->1762K(1258304K) Eden: 1118528K(1118528K)->0K(1118528K) From: 0K(139776K)->1762K(139776K)
[63.572s][info][gc,heap        ] GC(162) Tenured: 39774K(2796224K)->39774K(2796224K)
[63.572s][info][gc,metaspace   ] GC(162) Metaspace: 95862K(96704K)->95862K(96704K) NonClass: 85941K(86400K)->85941K(86400K) Class: 9921K(10304K)->9921K(10304K)
[63.572s][info][gc             ] GC(162) Pause Young (Allocation Failure) 1131M->40M(3959M) 3.957ms
[63.572s][info][gc,cpu         ] GC(162) User=0.00s Sys=0.00s Real=0.00s
[63.597s][info][gc,start       ] GC(163) Pause Full (System.gc())
[63.597s][info][gc,phases,start] GC(163) Phase 1: Mark live objects
[63.636s][info][gc,phases      ] GC(163) Phase 1: Mark live objects 39.133ms
[63.636s][info][gc,phases,start] GC(163) Phase 2: Compute new object addresses
[63.649s][info][gc,phases      ] GC(163) Phase 2: Compute new object addresses 13.366ms
[63.649s][info][gc,phases,start] GC(163) Phase 3: Adjust pointers
[63.671s][info][gc,phases      ] GC(163) Phase 3: Adjust pointers 21.350ms
[63.671s][info][gc,phases,start] GC(163) Phase 4: Move objects
[63.673s][info][gc,phases      ] GC(163) Phase 4: Move objects 2.372ms
[63.673s][info][gc,heap        ] GC(163) DefNew: 88858K(1258304K)->0K(1258304K) Eden: 87096K(1118528K)->0K(1118528K) From: 1762K(139776K)->0K(139776K)
[63.673s][info][gc,heap        ] GC(163) Tenured: 39774K(2796224K)->39046K(2796224K)
[63.673s][info][gc,metaspace   ] GC(163) Metaspace: 95862K(96704K)->95862K(96704K) NonClass: 85941K(86400K)->85941K(86400K) Class: 9921K(10304K)->9921K(10304K)
[63.673s][info][gc             ] GC(163) Pause Full (System.gc()) 125M->38M(3959M) 76.940ms
[63.674s][info][gc,cpu         ] GC(163) User=0.03s Sys=0.00s Real=0.08s
[64.196s][info][gc,start       ] GC(164) Pause Young (Allocation Failure)
[64.199s][info][gc,heap        ] GC(164) DefNew: 1118528K(1258304K)->1761K(1258304K) Eden: 1118528K(1118528K)->0K(1118528K) From: 0K(139776K)->1761K(139776K)
[64.199s][info][gc,heap        ] GC(164) Tenured: 39046K(2796224K)->39046K(2796224K)
[64.199s][info][gc,metaspace   ] GC(164) Metaspace: 95862K(96704K)->95862K(96704K) NonClass: 85941K(86400K)->85941K(86400K) Class: 9921K(10304K)->9921K(10304K)
[64.199s][info][gc             ] GC(164) Pause Young (Allocation Failure) 1130M->39M(3959M) 2.945ms
[64.199s][info][gc,cpu         ] GC(164) User=0.00s Sys=0.00s Real=0.00s
[64.223s][info][gc,start       ] GC(165) Pause Full (System.gc())
[64.223s][info][gc,phases,start] GC(165) Phase 1: Mark live objects
[64.260s][info][gc,phases      ] GC(165) Phase 1: Mark live objects 36.771ms
[64.260s][info][gc,phases,start] GC(165) Phase 2: Compute new object addresses
[64.273s][info][gc,phases      ] GC(165) Phase 2: Compute new object addresses 13.244ms
[64.273s][info][gc,phases,start] GC(165) Phase 3: Adjust pointers
[64.294s][info][gc,phases      ] GC(165) Phase 3: Adjust pointers 20.715ms
[64.294s][info][gc,phases,start] GC(165) Phase 4: Move objects
[64.294s][info][gc,phases      ] GC(165) Phase 4: Move objects 0.045ms
[64.295s][info][gc,heap        ] GC(165) DefNew: 89112K(1258304K)->0K(1258304K) Eden: 87350K(1118528K)->0K(1118528K) From: 1761K(139776K)->0K(139776K)
[64.295s][info][gc,heap        ] GC(165) Tenured: 39046K(2796224K)->39224K(2796224K)
[64.295s][info][gc,metaspace   ] GC(165) Metaspace: 95862K(96704K)->95862K(96704K) NonClass: 85941K(86400K)->85941K(86400K) Class: 9921K(10304K)->9921K(10304K)
[64.295s][info][gc             ] GC(165) Pause Full (System.gc()) 125M->38M(3959M) 71.323ms
[64.295s][info][gc,cpu         ] GC(165) User=0.06s Sys=0.00s Real=0.06s
[64.810s][info][gc,start       ] GC(166) Pause Young (Allocation Failure)
[64.813s][info][gc,heap        ] GC(166) DefNew: 1118528K(1258304K)->1728K(1258304K) Eden: 1118528K(1118528K)->0K(1118528K) From: 0K(139776K)->1728K(139776K)
[64.813s][info][gc,heap        ] GC(166) Tenured: 39224K(2796224K)->39224K(2796224K)
[64.813s][info][gc,metaspace   ] GC(166) Metaspace: 95862K(96704K)->95862K(96704K) NonClass: 85941K(86400K)->85941K(86400K) Class: 9921K(10304K)->9921K(10304K)
[64.813s][info][gc             ] GC(166) Pause Young (Allocation Failure) 1130M->39M(3959M) 3.173ms
[64.813s][info][gc,cpu         ] GC(166) User=0.00s Sys=0.00s Real=0.00s
[64.844s][info][gc,start       ] GC(167) Pause Full (System.gc())
[64.844s][info][gc,phases,start] GC(167) Phase 1: Mark live objects
[64.882s][info][gc,phases      ] GC(167) Phase 1: Mark live objects 37.383ms
[64.882s][info][gc,phases,start] GC(167) Phase 2: Compute new object addresses
[64.896s][info][gc,phases      ] GC(167) Phase 2: Compute new object addresses 14.448ms
[64.896s][info][gc,phases,start] GC(167) Phase 3: Adjust pointers
[64.917s][info][gc,phases      ] GC(167) Phase 3: Adjust pointers 20.712ms
[64.917s][info][gc,phases,start] GC(167) Phase 4: Move objects
[64.917s][info][gc,phases      ] GC(167) Phase 4: Move objects 0.043ms
[64.917s][info][gc,heap        ] GC(167) DefNew: 109297K(1258304K)->0K(1258304K) Eden: 107569K(1118528K)->0K(1118528K) From: 1728K(139776K)->0K(139776K)
[64.917s][info][gc,heap        ] GC(167) Tenured: 39224K(2796224K)->39397K(2796224K)
[64.917s][info][gc,metaspace   ] GC(167) Metaspace: 95862K(96704K)->95862K(96704K) NonClass: 85941K(86400K)->85941K(86400K) Class: 9921K(10304K)->9921K(10304K)
[64.917s][info][gc             ] GC(167) Pause Full (System.gc()) 145M->38M(3959M) 73.136ms
[64.917s][info][gc,cpu         ] GC(167) User=0.05s Sys=0.00s Real=0.06s
[65.428s][info][gc,start       ] GC(168) Pause Young (Allocation Failure)
[65.431s][info][gc,heap        ] GC(168) DefNew: 1118528K(1258304K)->1730K(1258304K) Eden: 1118528K(1118528K)->0K(1118528K) From: 0K(139776K)->1730K(139776K)
[65.431s][info][gc,heap        ] GC(168) Tenured: 39397K(2796224K)->39397K(2796224K)
[65.431s][info][gc,metaspace   ] GC(168) Metaspace: 95862K(96704K)->95862K(96704K) NonClass: 85941K(86400K)->85941K(86400K) Class: 9921K(10304K)->9921K(10304K)
[65.431s][info][gc             ] GC(168) Pause Young (Allocation Failure) 1130M->40M(3959M) 3.553ms
[65.432s][info][gc,cpu         ] GC(168) User=0.00s Sys=0.00s Real=0.00s
[65.462s][info][gc,start       ] GC(169) Pause Full (System.gc())
[65.462s][info][gc,phases,start] GC(169) Phase 1: Mark live objects
[65.499s][info][gc,phases      ] GC(169) Phase 1: Mark live objects 36.811ms
[65.499s][info][gc,phases,start] GC(169) Phase 2: Compute new object addresses
[65.514s][info][gc,phases      ] GC(169) Phase 2: Compute new object addresses 14.421ms
[65.514s][info][gc,phases,start] GC(169) Phase 3: Adjust pointers
[65.535s][info][gc,phases      ] GC(169) Phase 3: Adjust pointers 20.920ms
[65.535s][info][gc,phases,start] GC(169) Phase 4: Move objects
[65.535s][info][gc,phases      ] GC(169) Phase 4: Move objects 0.044ms
[65.535s][info][gc,heap        ] GC(169) DefNew: 109409K(1258304K)->0K(1258304K) Eden: 107679K(1118528K)->0K(1118528K) From: 1730K(139776K)->0K(139776K)
[65.535s][info][gc,heap        ] GC(169) Tenured: 39397K(2796224K)->39573K(2796224K)
[65.535s][info][gc,metaspace   ] GC(169) Metaspace: 95862K(96704K)->95862K(96704K) NonClass: 85941K(86400K)->85941K(86400K) Class: 9921K(10304K)->9921K(10304K)
[65.535s][info][gc             ] GC(169) Pause Full (System.gc()) 145M->38M(3959M) 72.737ms
[65.535s][info][gc,cpu         ] GC(169) User=0.06s Sys=0.00s Real=0.08s
[66.056s][info][gc,start       ] GC(170) Pause Young (Allocation Failure)
[66.059s][info][gc,heap        ] GC(170) DefNew: 1117662K(1258304K)->1651K(1258304K) Eden: 1117662K(1118528K)->0K(1118528K) From: 0K(139776K)->1651K(139776K)
[66.059s][info][gc,heap        ] GC(170) Tenured: 39573K(2796224K)->39573K(2796224K)
[66.059s][info][gc,metaspace   ] GC(170) Metaspace: 95874K(96704K)->95874K(96704K) NonClass: 85952K(86400K)->85952K(86400K) Class: 9921K(10304K)->9921K(10304K)
[66.059s][info][gc             ] GC(170) Pause Young (Allocation Failure) 1130M->40M(3959M) 3.041ms
[66.059s][info][gc,cpu         ] GC(170) User=0.00s Sys=0.00s Real=0.00s
[66.088s][info][gc,start       ] GC(171) Pause Full (System.gc())
[66.088s][info][gc,phases,start] GC(171) Phase 1: Mark live objects
[66.125s][info][gc,phases      ] GC(171) Phase 1: Mark live objects 37.290ms
[66.125s][info][gc,phases,start] GC(171) Phase 2: Compute new object addresses
[66.140s][info][gc,phases      ] GC(171) Phase 2: Compute new object addresses 14.144ms
[66.140s][info][gc,phases,start] GC(171) Phase 3: Adjust pointers
[66.161s][info][gc,phases      ] GC(171) Phase 3: Adjust pointers 21.540ms
[66.161s][info][gc,phases,start] GC(171) Phase 4: Move objects
[66.164s][info][gc,phases      ] GC(171) Phase 4: Move objects 3.020ms
[66.165s][info][gc,heap        ] GC(171) DefNew: 108721K(1258304K)->0K(1258304K) Eden: 107070K(1118528K)->0K(1118528K) From: 1651K(139776K)->0K(139776K)
[66.165s][info][gc,heap        ] GC(171) Tenured: 39573K(2796224K)->38922K(2796224K)
[66.165s][info][gc,metaspace   ] GC(171) Metaspace: 95874K(96704K)->95874K(96704K) NonClass: 85952K(86400K)->85952K(86400K) Class: 9921K(10304K)->9921K(10304K)
[66.165s][info][gc             ] GC(171) Pause Full (System.gc()) 144M->38M(3959M) 76.696ms
[66.165s][info][gc,cpu         ] GC(171) User=0.06s Sys=0.00s Real=0.08s
[66.680s][info][gc,start       ] GC(172) Pause Young (Allocation Failure)
[66.682s][info][gc,heap        ] GC(172) DefNew: 1115365K(1258304K)->1649K(1258304K) Eden: 1115365K(1118528K)->0K(1118528K) From: 0K(139776K)->1649K(139776K)
[66.682s][info][gc,heap        ] GC(172) Tenured: 38922K(2796224K)->38922K(2796224K)
[66.682s][info][gc,metaspace   ] GC(172) Metaspace: 95874K(96704K)->95874K(96704K) NonClass: 85952K(86400K)->85952K(86400K) Class: 9921K(10304K)->9921K(10304K)
[66.682s][info][gc             ] GC(172) Pause Young (Allocation Failure) 1127M->39M(3959M) 2.872ms
[66.682s][info][gc,cpu         ] GC(172) User=0.00s Sys=0.00s Real=0.00s
[66.712s][info][gc,start       ] GC(173) Pause Full (System.gc())
[66.712s][info][gc,phases,start] GC(173) Phase 1: Mark live objects
[66.749s][info][gc,phases      ] GC(173) Phase 1: Mark live objects 36.625ms
[66.749s][info][gc,phases,start] GC(173) Phase 2: Compute new object addresses
[66.763s][info][gc,phases      ] GC(173) Phase 2: Compute new object addresses 14.034ms
[66.763s][info][gc,phases,start] GC(173) Phase 3: Adjust pointers
[66.783s][info][gc,phases      ] GC(173) Phase 3: Adjust pointers 20.797ms
[66.783s][info][gc,phases,start] GC(173) Phase 4: Move objects
[66.784s][info][gc,phases      ] GC(173) Phase 4: Move objects 0.043ms
[66.784s][info][gc,heap        ] GC(173) DefNew: 108625K(1258304K)->0K(1258304K) Eden: 106975K(1118528K)->0K(1118528K) From: 1649K(139776K)->0K(139776K)
[66.784s][info][gc,heap        ] GC(173) Tenured: 38922K(2796224K)->39094K(2796224K)
[66.784s][info][gc,metaspace   ] GC(173) Metaspace: 95874K(96704K)->95874K(96704K) NonClass: 85952K(86400K)->85952K(86400K) Class: 9921K(10304K)->9921K(10304K)
[66.784s][info][gc             ] GC(173) Pause Full (System.gc()) 144M->38M(3959M) 72.030ms
[66.784s][info][gc,cpu         ] GC(173) User=0.06s Sys=0.00s Real=0.06s
[67.305s][info][gc,start       ] GC(174) Pause Young (Allocation Failure)
[67.308s][info][gc,heap        ] GC(174) DefNew: 1118528K(1258304K)->1757K(1258304K) Eden: 1118528K(1118528K)->0K(1118528K) From: 0K(139776K)->1757K(139776K)
[67.308s][info][gc,heap        ] GC(174) Tenured: 39094K(2796224K)->39094K(2796224K)
[67.308s][info][gc,metaspace   ] GC(174) Metaspace: 95883K(96704K)->95883K(96704K) NonClass: 85961K(86400K)->85961K(86400K) Class: 9921K(10304K)->9921K(10304K)
[67.308s][info][gc             ] GC(174) Pause Young (Allocation Failure) 1130M->39M(3959M) 2.921ms
[67.308s][info][gc,cpu         ] GC(174) User=0.00s Sys=0.00s Real=0.00s
[67.332s][info][gc,start       ] GC(175) Pause Full (System.gc())
[67.332s][info][gc,phases,start] GC(175) Phase 1: Mark live objects
[67.369s][info][gc,phases      ] GC(175) Phase 1: Mark live objects 36.924ms
[67.369s][info][gc,phases,start] GC(175) Phase 2: Compute new object addresses
[67.382s][info][gc,phases      ] GC(175) Phase 2: Compute new object addresses 13.431ms
[67.382s][info][gc,phases,start] GC(175) Phase 3: Adjust pointers
[67.403s][info][gc,phases      ] GC(175) Phase 3: Adjust pointers 20.835ms
[67.403s][info][gc,phases,start] GC(175) Phase 4: Move objects
[67.403s][info][gc,phases      ] GC(175) Phase 4: Move objects 0.044ms
[67.404s][info][gc,heap        ] GC(175) DefNew: 96732K(1258304K)->0K(1258304K) Eden: 94974K(1118528K)->0K(1118528K) From: 1757K(139776K)->0K(139776K)
[67.404s][info][gc,heap        ] GC(175) Tenured: 39094K(2796224K)->39269K(2796224K)
[67.404s][info][gc,metaspace   ] GC(175) Metaspace: 95883K(96704K)->95883K(96704K) NonClass: 85961K(86400K)->85961K(86400K) Class: 9921K(10304K)->9921K(10304K)
[67.404s][info][gc             ] GC(175) Pause Full (System.gc()) 132M->38M(3959M) 71.774ms
[67.404s][info][gc,cpu         ] GC(175) User=0.06s Sys=0.00s Real=0.06s
[67.923s][info][gc,start       ] GC(176) Pause Young (Allocation Failure)
[67.926s][info][gc,heap        ] GC(176) DefNew: 1118528K(1258304K)->1758K(1258304K) Eden: 1118528K(1118528K)->0K(1118528K) From: 0K(139776K)->1758K(139776K)
[67.926s][info][gc,heap        ] GC(176) Tenured: 39269K(2796224K)->39269K(2796224K)
[67.926s][info][gc,metaspace   ] GC(176) Metaspace: 95886K(96704K)->95886K(96704K) NonClass: 85965K(86400K)->85965K(86400K) Class: 9921K(10304K)->9921K(10304K)
[67.926s][info][gc             ] GC(176) Pause Young (Allocation Failure) 1130M->40M(3959M) 3.007ms
[67.926s][info][gc,cpu         ] GC(176) User=0.00s Sys=0.00s Real=0.00s
[67.950s][info][gc,start       ] GC(177) Pause Full (System.gc())
[67.950s][info][gc,phases,start] GC(177) Phase 1: Mark live objects
[67.987s][info][gc,phases      ] GC(177) Phase 1: Mark live objects 36.926ms
[67.987s][info][gc,phases,start] GC(177) Phase 2: Compute new object addresses
[68.000s][info][gc,phases      ] GC(177) Phase 2: Compute new object addresses 13.274ms
[68.000s][info][gc,phases,start] GC(177) Phase 3: Adjust pointers
[68.021s][info][gc,phases      ] GC(177) Phase 3: Adjust pointers 20.826ms
[68.021s][info][gc,phases,start] GC(177) Phase 4: Move objects
[68.021s][info][gc,phases      ] GC(177) Phase 4: Move objects 0.042ms
[68.022s][info][gc,heap        ] GC(177) DefNew: 106922K(1258304K)->0K(1258304K) Eden: 105164K(1118528K)->0K(1118528K) From: 1758K(139776K)->0K(139776K)
[68.022s][info][gc,heap        ] GC(177) Tenured: 39269K(2796224K)->39444K(2796224K)
[68.022s][info][gc,metaspace   ] GC(177) Metaspace: 95886K(96704K)->95886K(96704K) NonClass: 85965K(86400K)->85965K(86400K) Class: 9921K(10304K)->9921K(10304K)
[68.022s][info][gc             ] GC(177) Pause Full (System.gc()) 142M->38M(3959M) 71.601ms
[68.022s][info][gc,cpu         ] GC(177) User=0.06s Sys=0.00s Real=0.06s
[68.532s][info][gc,start       ] GC(178) Pause Young (Allocation Failure)
[68.535s][info][gc,heap        ] GC(178) DefNew: 1118528K(1258304K)->1835K(1258304K) Eden: 1118528K(1118528K)->0K(1118528K) From: 0K(139776K)->1835K(139776K)
[68.535s][info][gc,heap        ] GC(178) Tenured: 39444K(2796224K)->39444K(2796224K)
[68.535s][info][gc,metaspace   ] GC(178) Metaspace: 95886K(96704K)->95886K(96704K) NonClass: 85965K(86400K)->85965K(86400K) Class: 9921K(10304K)->9921K(10304K)
[68.535s][info][gc             ] GC(178) Pause Young (Allocation Failure) 1130M->40M(3959M) 3.587ms
[68.536s][info][gc,cpu         ] GC(178) User=0.00s Sys=0.00s Real=0.00s
[68.566s][info][gc,start       ] GC(179) Pause Full (System.gc())
[68.566s][info][gc,phases,start] GC(179) Phase 1: Mark live objects
[68.603s][info][gc,phases      ] GC(179) Phase 1: Mark live objects 36.817ms
[68.603s][info][gc,phases,start] GC(179) Phase 2: Compute new object addresses
[68.618s][info][gc,phases      ] GC(179) Phase 2: Compute new object addresses 14.338ms
[68.618s][info][gc,phases,start] GC(179) Phase 3: Adjust pointers
[68.640s][info][gc,phases      ] GC(179) Phase 3: Adjust pointers 22.053ms
[68.640s][info][gc,phases,start] GC(179) Phase 4: Move objects
[68.643s][info][gc,phases      ] GC(179) Phase 4: Move objects 3.403ms
[68.644s][info][gc,heap        ] GC(179) DefNew: 109222K(1258304K)->0K(1258304K) Eden: 107386K(1118528K)->0K(1118528K) From: 1835K(139776K)->0K(139776K)
[68.644s][info][gc,heap        ] GC(179) Tenured: 39444K(2796224K)->39326K(2796224K)
[68.644s][info][gc,metaspace   ] GC(179) Metaspace: 95886K(96704K)->95886K(96704K) NonClass: 85965K(86400K)->85965K(86400K) Class: 9921K(10304K)->9921K(10304K)
[68.644s][info][gc             ] GC(179) Pause Full (System.gc()) 145M->38M(3959M) 77.300ms
[68.644s][info][gc,cpu         ] GC(179) User=0.06s Sys=0.00s Real=0.08s
[69.163s][info][gc,start       ] GC(180) Pause Young (Allocation Failure)
[69.166s][info][gc,heap        ] GC(180) DefNew: 1118528K(1258304K)->1760K(1258304K) Eden: 1118528K(1118528K)->0K(1118528K) From: 0K(139776K)->1760K(139776K)
[69.166s][info][gc,heap        ] GC(180) Tenured: 39326K(2796224K)->39326K(2796224K)
[69.166s][info][gc,metaspace   ] GC(180) Metaspace: 95887K(96704K)->95887K(96704K) NonClass: 85965K(86400K)->85965K(86400K) Class: 9921K(10304K)->9921K(10304K)
[69.166s][info][gc             ] GC(180) Pause Young (Allocation Failure) 1130M->40M(3959M) 3.155ms
[69.166s][info][gc,cpu         ] GC(180) User=0.00s Sys=0.00s Real=0.00s
[69.191s][info][gc,start       ] GC(181) Pause Full (System.gc())
[69.191s][info][gc,phases,start] GC(181) Phase 1: Mark live objects
[69.229s][info][gc,phases      ] GC(181) Phase 1: Mark live objects 38.628ms
[69.229s][info][gc,phases,start] GC(181) Phase 2: Compute new object addresses
[69.243s][info][gc,phases      ] GC(181) Phase 2: Compute new object addresses 13.740ms
[69.243s][info][gc,phases,start] GC(181) Phase 3: Adjust pointers
[69.264s][info][gc,phases      ] GC(181) Phase 3: Adjust pointers 20.721ms
[69.264s][info][gc,phases,start] GC(181) Phase 4: Move objects
[69.264s][info][gc,phases      ] GC(181) Phase 4: Move objects 0.042ms
[69.264s][info][gc,heap        ] GC(181) DefNew: 89126K(1258304K)->0K(1258304K) Eden: 87365K(1118528K)->0K(1118528K) From: 1760K(139776K)->0K(139776K)
[69.264s][info][gc,heap        ] GC(181) Tenured: 39326K(2796224K)->39502K(2796224K)
[69.264s][info][gc,metaspace   ] GC(181) Metaspace: 95887K(96704K)->95887K(96704K) NonClass: 85965K(86400K)->85965K(86400K) Class: 9921K(10304K)->9921K(10304K)
[69.264s][info][gc             ] GC(181) Pause Full (System.gc()) 125M->38M(3959M) 73.713ms
[69.264s][info][gc,cpu         ] GC(181) User=0.05s Sys=0.00s Real=0.06s
[69.774s][info][gc,start       ] GC(182) Pause Young (Allocation Failure)
[69.777s][info][gc,heap        ] GC(182) DefNew: 1118528K(1258304K)->1794K(1258304K) Eden: 1118528K(1118528K)->0K(1118528K) From: 0K(139776K)->1794K(139776K)
[69.777s][info][gc,heap        ] GC(182) Tenured: 39502K(2796224K)->39502K(2796224K)
[69.777s][info][gc,metaspace   ] GC(182) Metaspace: 95887K(96704K)->95887K(96704K) NonClass: 85965K(86400K)->85965K(86400K) Class: 9921K(10304K)->9921K(10304K)
[69.777s][info][gc             ] GC(182) Pause Young (Allocation Failure) 1130M->40M(3959M) 3.257ms
[69.777s][info][gc,cpu         ] GC(182) User=0.00s Sys=0.00s Real=0.00s
[69.809s][info][gc,start       ] GC(183) Pause Full (System.gc())
[69.809s][info][gc,phases,start] GC(183) Phase 1: Mark live objects
[69.846s][info][gc,phases      ] GC(183) Phase 1: Mark live objects 36.844ms
[69.846s][info][gc,phases,start] GC(183) Phase 2: Compute new object addresses
[69.860s][info][gc,phases      ] GC(183) Phase 2: Compute new object addresses 14.172ms
[69.860s][info][gc,phases,start] GC(183) Phase 3: Adjust pointers
[69.881s][info][gc,phases      ] GC(183) Phase 3: Adjust pointers 20.858ms
[69.881s][info][gc,phases,start] GC(183) Phase 4: Move objects
[69.881s][info][gc,phases      ] GC(183) Phase 4: Move objects 0.042ms
[69.881s][info][gc,heap        ] GC(183) DefNew: 109520K(1258304K)->0K(1258304K) Eden: 107725K(1118528K)->0K(1118528K) From: 1794K(139776K)->0K(139776K)
[69.881s][info][gc,heap        ] GC(183) Tenured: 39502K(2796224K)->39672K(2796224K)
[69.881s][info][gc,metaspace   ] GC(183) Metaspace: 95887K(96704K)->95887K(96704K) NonClass: 85965K(86400K)->85965K(86400K) Class: 9921K(10304K)->9921K(10304K)
[69.881s][info][gc             ] GC(183) Pause Full (System.gc()) 145M->38M(3959M) 72.458ms
[69.881s][info][gc,cpu         ] GC(183) User=0.05s Sys=0.00s Real=0.07s
[70.397s][info][gc,start       ] GC(184) Pause Young (Allocation Failure)
[70.400s][info][gc,heap        ] GC(184) DefNew: 1118528K(1258304K)->1759K(1258304K) Eden: 1118528K(1118528K)->0K(1118528K) From: 0K(139776K)->1759K(139776K)
[70.400s][info][gc,heap        ] GC(184) Tenured: 39672K(2796224K)->39672K(2796224K)
[70.400s][info][gc,metaspace   ] GC(184) Metaspace: 95887K(96704K)->95887K(96704K) NonClass: 85965K(86400K)->85965K(86400K) Class: 9921K(10304K)->9921K(10304K)
[70.400s][info][gc             ] GC(184) Pause Young (Allocation Failure) 1131M->40M(3959M) 2.984ms
[70.400s][info][gc,cpu         ] GC(184) User=0.00s Sys=0.00s Real=0.00s
[70.424s][info][gc,start       ] GC(185) Pause Full (System.gc())
[70.424s][info][gc,phases,start] GC(185) Phase 1: Mark live objects
[70.461s][info][gc,phases      ] GC(185) Phase 1: Mark live objects 36.942ms
[70.461s][info][gc,phases,start] GC(185) Phase 2: Compute new object addresses
[70.475s][info][gc,phases      ] GC(185) Phase 2: Compute new object addresses 13.437ms
[70.475s][info][gc,phases,start] GC(185) Phase 3: Adjust pointers
[70.496s][info][gc,phases      ] GC(185) Phase 3: Adjust pointers 20.862ms
[70.496s][info][gc,phases,start] GC(185) Phase 4: Move objects
[70.496s][info][gc,phases      ] GC(185) Phase 4: Move objects 0.044ms
[70.496s][info][gc,heap        ] GC(185) DefNew: 97064K(1258304K)->0K(1258304K) Eden: 95304K(1118528K)->0K(1118528K) From: 1759K(139776K)->0K(139776K)
[70.496s][info][gc,heap        ] GC(185) Tenured: 39672K(2796224K)->39847K(2796224K)
[70.496s][info][gc,metaspace   ] GC(185) Metaspace: 95888K(96704K)->95888K(96704K) NonClass: 85967K(86400K)->85967K(86400K) Class: 9921K(10304K)->9921K(10304K)
[70.496s][info][gc             ] GC(185) Pause Full (System.gc()) 133M->38M(3959M) 71.822ms
[70.496s][info][gc,cpu         ] GC(185) User=0.08s Sys=0.00s Real=0.08s
[71.012s][info][gc,start       ] GC(186) Pause Young (Allocation Failure)
[71.015s][info][gc,heap        ] GC(186) DefNew: 1118375K(1258304K)->1648K(1258304K) Eden: 1118375K(1118528K)->0K(1118528K) From: 0K(139776K)->1648K(139776K)
[71.015s][info][gc,heap        ] GC(186) Tenured: 39847K(2796224K)->39847K(2796224K)
[71.015s][info][gc,metaspace   ] GC(186) Metaspace: 95888K(96704K)->95888K(96704K) NonClass: 85967K(86400K)->85967K(86400K) Class: 9921K(10304K)->9921K(10304K)
[71.015s][info][gc             ] GC(186) Pause Young (Allocation Failure) 1131M->40M(3959M) 2.807ms
[71.015s][info][gc,cpu         ] GC(186) User=0.00s Sys=0.00s Real=0.02s
[71.044s][info][gc,start       ] GC(187) Pause Full (System.gc())
[71.044s][info][gc,phases,start] GC(187) Phase 1: Mark live objects
[71.082s][info][gc,phases      ] GC(187) Phase 1: Mark live objects 37.882ms
[71.082s][info][gc,phases,start] GC(187) Phase 2: Compute new object addresses
[71.096s][info][gc,phases      ] GC(187) Phase 2: Compute new object addresses 14.080ms
[71.096s][info][gc,phases,start] GC(187) Phase 3: Adjust pointers
[71.117s][info][gc,phases      ] GC(187) Phase 3: Adjust pointers 21.316ms
[71.117s][info][gc,phases,start] GC(187) Phase 4: Move objects
[71.119s][info][gc,phases      ] GC(187) Phase 4: Move objects 1.986ms
[71.120s][info][gc,heap        ] GC(187) DefNew: 108916K(1258304K)->0K(1258304K) Eden: 107267K(1118528K)->0K(1118528K) From: 1648K(139776K)->0K(139776K)
[71.120s][info][gc,heap        ] GC(187) Tenured: 39847K(2796224K)->39197K(2796224K)
[71.120s][info][gc,metaspace   ] GC(187) Metaspace: 95888K(96704K)->95888K(96704K) NonClass: 85967K(86400K)->85967K(86400K) Class: 9921K(10304K)->9921K(10304K)
[71.120s][info][gc             ] GC(187) Pause Full (System.gc()) 145M->38M(3959M) 75.991ms
[71.120s][info][gc,cpu         ] GC(187) User=0.08s Sys=0.00s Real=0.08s
[71.634s][info][gc,start       ] GC(188) Pause Young (Allocation Failure)
[71.637s][info][gc,heap        ] GC(188) DefNew: 1118062K(1258304K)->1710K(1258304K) Eden: 1118062K(1118528K)->0K(1118528K) From: 0K(139776K)->1710K(139776K)
[71.637s][info][gc,heap        ] GC(188) Tenured: 39197K(2796224K)->39197K(2796224K)
[71.637s][info][gc,metaspace   ] GC(188) Metaspace: 95888K(96704K)->95888K(96704K) NonClass: 85967K(86400K)->85967K(86400K) Class: 9921K(10304K)->9921K(10304K)
[71.637s][info][gc             ] GC(188) Pause Young (Allocation Failure) 1130M->39M(3959M) 3.275ms
[71.637s][info][gc,cpu         ] GC(188) User=0.00s Sys=0.00s Real=0.00s
[71.666s][info][gc,start       ] GC(189) Pause Full (System.gc())
[71.666s][info][gc,phases,start] GC(189) Phase 1: Mark live objects
[71.703s][info][gc,phases      ] GC(189) Phase 1: Mark live objects 36.712ms
[71.703s][info][gc,phases,start] GC(189) Phase 2: Compute new object addresses
[71.717s][info][gc,phases      ] GC(189) Phase 2: Compute new object addresses 14.142ms
[71.717s][info][gc,phases,start] GC(189) Phase 3: Adjust pointers
[71.738s][info][gc,phases      ] GC(189) Phase 3: Adjust pointers 20.856ms
[71.738s][info][gc,phases,start] GC(189) Phase 4: Move objects
[71.738s][info][gc,phases      ] GC(189) Phase 4: Move objects 0.042ms
[71.738s][info][gc,heap        ] GC(189) DefNew: 108761K(1258304K)->0K(1258304K) Eden: 107051K(1118528K)->0K(1118528K) From: 1710K(139776K)->0K(139776K)
[71.738s][info][gc,heap        ] GC(189) Tenured: 39197K(2796224K)->39366K(2796224K)
[71.738s][info][gc,metaspace   ] GC(189) Metaspace: 95888K(96704K)->95888K(96704K) NonClass: 85967K(86400K)->85967K(86400K) Class: 9921K(10304K)->9921K(10304K)
[71.738s][info][gc             ] GC(189) Pause Full (System.gc()) 144M->38M(3959M) 72.282ms
[71.738s][info][gc,cpu         ] GC(189) User=0.06s Sys=0.00s Real=0.07s
[72.256s][info][gc,start       ] GC(190) Pause Young (Allocation Failure)
[72.259s][info][gc,heap        ] GC(190) DefNew: 1118528K(1258304K)->1758K(1258304K) Eden: 1118528K(1118528K)->0K(1118528K) From: 0K(139776K)->1758K(139776K)
[72.259s][info][gc,heap        ] GC(190) Tenured: 39366K(2796224K)->39366K(2796224K)
[72.259s][info][gc,metaspace   ] GC(190) Metaspace: 95888K(96704K)->95888K(96704K) NonClass: 85967K(86400K)->85967K(86400K) Class: 9921K(10304K)->9921K(10304K)
[72.259s][info][gc             ] GC(190) Pause Young (Allocation Failure) 1130M->40M(3959M) 2.978ms
[72.259s][info][gc,cpu         ] GC(190) User=0.00s Sys=0.00s Real=0.00s
[72.284s][info][gc,start       ] GC(191) Pause Full (System.gc())
[72.284s][info][gc,phases,start] GC(191) Phase 1: Mark live objects
[72.321s][info][gc,phases      ] GC(191) Phase 1: Mark live objects 37.442ms
[72.321s][info][gc,phases,start] GC(191) Phase 2: Compute new object addresses
[72.334s][info][gc,phases      ] GC(191) Phase 2: Compute new object addresses 13.111ms
[72.334s][info][gc,phases,start] GC(191) Phase 3: Adjust pointers
[72.355s][info][gc,phases      ] GC(191) Phase 3: Adjust pointers 20.873ms
[72.355s][info][gc,phases,start] GC(191) Phase 4: Move objects
[72.355s][info][gc,phases      ] GC(191) Phase 4: Move objects 0.044ms
[72.356s][info][gc,heap        ] GC(191) DefNew: 87832K(1258304K)->0K(1258304K) Eden: 86073K(1118528K)->0K(1118528K) From: 1758K(139776K)->0K(139776K)
[72.356s][info][gc,heap        ] GC(191) Tenured: 39366K(2796224K)->39542K(2796224K)
[72.356s][info][gc,metaspace   ] GC(191) Metaspace: 95888K(96704K)->95888K(96704K) NonClass: 85967K(86400K)->85967K(86400K) Class: 9921K(10304K)->9921K(10304K)
[72.356s][info][gc             ] GC(191) Pause Full (System.gc()) 124M->38M(3959M) 72.000ms
[72.356s][info][gc,cpu         ] GC(191) User=0.08s Sys=0.00s Real=0.07s
[72.871s][info][gc,start       ] GC(192) Pause Young (Allocation Failure)
[72.873s][info][gc,heap        ] GC(192) DefNew: 1115818K(1258304K)->1654K(1258304K) Eden: 1115818K(1118528K)->0K(1118528K) From: 0K(139776K)->1654K(139776K)
[72.873s][info][gc,heap        ] GC(192) Tenured: 39542K(2796224K)->39542K(2796224K)
[72.873s][info][gc,metaspace   ] GC(192) Metaspace: 95892K(96704K)->95892K(96704K) NonClass: 85971K(86400K)->85971K(86400K) Class: 9921K(10304K)->9921K(10304K)
[72.873s][info][gc             ] GC(192) Pause Young (Allocation Failure) 1128M->40M(3959M) 2.919ms
[72.873s][info][gc,cpu         ] GC(192) User=0.00s Sys=0.00s Real=0.00s
[72.902s][info][gc,start       ] GC(193) Pause Full (System.gc())
[72.902s][info][gc,phases,start] GC(193) Phase 1: Mark live objects
[72.939s][info][gc,phases      ] GC(193) Phase 1: Mark live objects 36.814ms
[72.939s][info][gc,phases,start] GC(193) Phase 2: Compute new object addresses
[72.953s][info][gc,phases      ] GC(193) Phase 2: Compute new object addresses 14.173ms
[72.953s][info][gc,phases,start] GC(193) Phase 3: Adjust pointers
[72.974s][info][gc,phases      ] GC(193) Phase 3: Adjust pointers 20.725ms
[72.974s][info][gc,phases,start] GC(193) Phase 4: Move objects
[72.974s][info][gc,phases      ] GC(193) Phase 4: Move objects 0.044ms
[72.975s][info][gc,heap        ] GC(193) DefNew: 108883K(1258304K)->0K(1258304K) Eden: 107229K(1118528K)->0K(1118528K) From: 1654K(139776K)->0K(139776K)
[72.975s][info][gc,heap        ] GC(193) Tenured: 39542K(2796224K)->39716K(2796224K)
[72.975s][info][gc,metaspace   ] GC(193) Metaspace: 95892K(96704K)->95892K(96704K) NonClass: 85971K(86400K)->85971K(86400K) Class: 9921K(10304K)->9921K(10304K)
[72.975s][info][gc             ] GC(193) Pause Full (System.gc()) 144M->38M(3959M) 72.291ms
[72.975s][info][gc,cpu         ] GC(193) User=0.06s Sys=0.00s Real=0.06s
[73.486s][info][gc,start       ] GC(194) Pause Young (Allocation Failure)
[73.489s][info][gc,heap        ] GC(194) DefNew: 1117456K(1258304K)->1652K(1258304K) Eden: 1117456K(1118528K)->0K(1118528K) From: 0K(139776K)->1652K(139776K)
[73.489s][info][gc,heap        ] GC(194) Tenured: 39716K(2796224K)->39716K(2796224K)
[73.489s][info][gc,metaspace   ] GC(194) Metaspace: 95897K(96704K)->95897K(96704K) NonClass: 85976K(86400K)->85976K(86400K) Class: 9921K(10304K)->9921K(10304K)
[73.489s][info][gc             ] GC(194) Pause Young (Allocation Failure) 1130M->40M(3959M) 2.906ms
[73.489s][info][gc,cpu         ] GC(194) User=0.00s Sys=0.00s Real=0.00s
[73.518s][info][gc,start       ] GC(195) Pause Full (System.gc())
[73.518s][info][gc,phases,start] GC(195) Phase 1: Mark live objects
[73.555s][info][gc,phases      ] GC(195) Phase 1: Mark live objects 36.641ms
[73.555s][info][gc,phases,start] GC(195) Phase 2: Compute new object addresses
[73.569s][info][gc,phases      ] GC(195) Phase 2: Compute new object addresses 14.114ms
[73.569s][info][gc,phases,start] GC(195) Phase 3: Adjust pointers
[73.590s][info][gc,phases      ] GC(195) Phase 3: Adjust pointers 21.148ms
[73.590s][info][gc,phases,start] GC(195) Phase 4: Move objects
[73.592s][info][gc,phases      ] GC(195) Phase 4: Move objects 1.521ms
[73.592s][info][gc,heap        ] GC(195) DefNew: 108709K(1258304K)->0K(1258304K) Eden: 107057K(1118528K)->0K(1118528K) From: 1652K(139776K)->0K(139776K)
[73.592s][info][gc,heap        ] GC(195) Tenured: 39716K(2796224K)->38987K(2796224K)
[73.592s][info][gc,metaspace   ] GC(195) Metaspace: 95897K(96704K)->95897K(96704K) NonClass: 85976K(86400K)->85976K(86400K) Class: 9921K(10304K)->9921K(10304K)
[73.592s][info][gc             ] GC(195) Pause Full (System.gc()) 144M->38M(3959M) 74.132ms
[73.592s][info][gc,cpu         ] GC(195) User=0.08s Sys=0.00s Real=0.08s
[74.111s][info][gc,start       ] GC(196) Pause Young (Allocation Failure)
[74.114s][info][gc,heap        ] GC(196) DefNew: 1118528K(1258304K)->1759K(1258304K) Eden: 1118528K(1118528K)->0K(1118528K) From: 0K(139776K)->1759K(139776K)
[74.114s][info][gc,heap        ] GC(196) Tenured: 38987K(2796224K)->38987K(2796224K)
[74.114s][info][gc,metaspace   ] GC(196) Metaspace: 95898K(96704K)->95898K(96704K) NonClass: 85976K(86400K)->85976K(86400K) Class: 9921K(10304K)->9921K(10304K)
[74.114s][info][gc             ] GC(196) Pause Young (Allocation Failure) 1130M->39M(3959M) 2.832ms
[74.114s][info][gc,cpu         ] GC(196) User=0.00s Sys=0.00s Real=0.00s
[74.139s][info][gc,start       ] GC(197) Pause Full (System.gc())
[74.139s][info][gc,phases,start] GC(197) Phase 1: Mark live objects
[74.176s][info][gc,phases      ] GC(197) Phase 1: Mark live objects 36.786ms
[74.176s][info][gc,phases,start] GC(197) Phase 2: Compute new object addresses
[74.189s][info][gc,phases      ] GC(197) Phase 2: Compute new object addresses 13.338ms
[74.189s][info][gc,phases,start] GC(197) Phase 3: Adjust pointers
[74.211s][info][gc,phases      ] GC(197) Phase 3: Adjust pointers 21.396ms
[74.211s][info][gc,phases,start] GC(197) Phase 4: Move objects
[74.211s][info][gc,phases      ] GC(197) Phase 4: Move objects 0.044ms
[74.211s][info][gc,heap        ] GC(197) DefNew: 105762K(1258304K)->0K(1258304K) Eden: 104003K(1118528K)->0K(1118528K) From: 1759K(139776K)->0K(139776K)
[74.211s][info][gc,heap        ] GC(197) Tenured: 38987K(2796224K)->39163K(2796224K)
[74.211s][info][gc,metaspace   ] GC(197) Metaspace: 95898K(96704K)->95898K(96704K) NonClass: 85976K(86400K)->85976K(86400K) Class: 9921K(10304K)->9921K(10304K)
[74.211s][info][gc             ] GC(197) Pause Full (System.gc()) 141M->38M(3959M) 72.096ms
[74.211s][info][gc,cpu         ] GC(197) User=0.06s Sys=0.00s Real=0.06s
[74.726s][info][gc,start       ] GC(198) Pause Young (Allocation Failure)
[74.728s][info][gc,heap        ] GC(198) DefNew: 1115289K(1258304K)->1648K(1258304K) Eden: 1115289K(1118528K)->0K(1118528K) From: 0K(139776K)->1648K(139776K)
[74.728s][info][gc,heap        ] GC(198) Tenured: 39163K(2796224K)->39163K(2796224K)
[74.728s][info][gc,metaspace   ] GC(198) Metaspace: 95898K(96704K)->95898K(96704K) NonClass: 85976K(86400K)->85976K(86400K) Class: 9921K(10304K)->9921K(10304K)
[74.728s][info][gc             ] GC(198) Pause Young (Allocation Failure) 1127M->39M(3959M) 2.775ms
[74.728s][info][gc,cpu         ] GC(198) User=0.00s Sys=0.00s Real=0.02s
[74.757s][info][gc,start       ] GC(199) Pause Full (System.gc())
[74.757s][info][gc,phases,start] GC(199) Phase 1: Mark live objects
[74.794s][info][gc,phases      ] GC(199) Phase 1: Mark live objects 36.706ms
[74.794s][info][gc,phases,start] GC(199) Phase 2: Compute new object addresses
[74.808s][info][gc,phases      ] GC(199) Phase 2: Compute new object addresses 14.070ms
[74.808s][info][gc,phases,start] GC(199) Phase 3: Adjust pointers
[74.829s][info][gc,phases      ] GC(199) Phase 3: Adjust pointers 20.820ms
[74.829s][info][gc,phases,start] GC(199) Phase 4: Move objects
[74.829s][info][gc,phases      ] GC(199) Phase 4: Move objects 0.043ms
[74.829s][info][gc,heap        ] GC(199) DefNew: 108480K(1258304K)->0K(1258304K) Eden: 106831K(1118528K)->0K(1118528K) From: 1648K(139776K)->0K(139776K)
[74.829s][info][gc,heap        ] GC(199) Tenured: 39163K(2796224K)->39334K(2796224K)
[74.829s][info][gc,metaspace   ] GC(199) Metaspace: 95898K(96704K)->95898K(96704K) NonClass: 85976K(86400K)->85976K(86400K) Class: 9921K(10304K)->9921K(10304K)
[74.829s][info][gc             ] GC(199) Pause Full (System.gc()) 144M->38M(3959M) 72.180ms
[74.830s][info][gc,cpu         ] GC(199) User=0.06s Sys=0.00s Real=0.06s
[75.346s][info][gc,start       ] GC(200) Pause Young (Allocation Failure)
[75.349s][info][gc,heap        ] GC(200) DefNew: 1118528K(1258304K)->1757K(1258304K) Eden: 1118528K(1118528K)->0K(1118528K) From: 0K(139776K)->1757K(139776K)
[75.349s][info][gc,heap        ] GC(200) Tenured: 39334K(2796224K)->39334K(2796224K)
[75.349s][info][gc,metaspace   ] GC(200) Metaspace: 95898K(96704K)->95898K(96704K) NonClass: 85976K(86400K)->85976K(86400K) Class: 9921K(10304K)->9921K(10304K)
[75.349s][info][gc             ] GC(200) Pause Young (Allocation Failure) 1130M->40M(3959M) 3.396ms
[75.349s][info][gc,cpu         ] GC(200) User=0.00s Sys=0.00s Real=0.00s
[75.372s][info][gc,start       ] GC(201) Pause Full (System.gc())
[75.373s][info][gc,phases,start] GC(201) Phase 1: Mark live objects
[75.410s][info][gc,phases      ] GC(201) Phase 1: Mark live objects 37.635ms
[75.410s][info][gc,phases,start] GC(201) Phase 2: Compute new object addresses
[75.424s][info][gc,phases      ] GC(201) Phase 2: Compute new object addresses 13.299ms
[75.424s][info][gc,phases,start] GC(201) Phase 3: Adjust pointers
[75.444s][info][gc,phases      ] GC(201) Phase 3: Adjust pointers 20.827ms
[75.444s][info][gc,phases,start] GC(201) Phase 4: Move objects
[75.445s][info][gc,phases      ] GC(201) Phase 4: Move objects 0.043ms
[75.445s][info][gc,heap        ] GC(201) DefNew: 88873K(1258304K)->0K(1258304K) Eden: 87116K(1118528K)->0K(1118528K) From: 1757K(139776K)->0K(139776K)
[75.445s][info][gc,heap        ] GC(201) Tenured: 39334K(2796224K)->39508K(2796224K)
[75.445s][info][gc,metaspace   ] GC(201) Metaspace: 95898K(96704K)->95898K(96704K) NonClass: 85976K(86400K)->85976K(86400K) Class: 9921K(10304K)->9921K(10304K)
[75.445s][info][gc             ] GC(201) Pause Full (System.gc()) 125M->38M(3959M) 72.332ms
[75.445s][info][gc,cpu         ] GC(201) User=0.06s Sys=0.00s Real=0.06s
[75.956s][info][gc,start       ] GC(202) Pause Young (Allocation Failure)
[75.959s][info][gc,heap        ] GC(202) DefNew: 1115322K(1258304K)->1649K(1258304K) Eden: 1115322K(1118528K)->0K(1118528K) From: 0K(139776K)->1649K(139776K)
[75.959s][info][gc,heap        ] GC(202) Tenured: 39508K(2796224K)->39508K(2796224K)
[75.959s][info][gc,metaspace   ] GC(202) Metaspace: 95898K(96704K)->95898K(96704K) NonClass: 85976K(86400K)->85976K(86400K) Class: 9921K(10304K)->9921K(10304K)
[75.959s][info][gc             ] GC(202) Pause Young (Allocation Failure) 1127M->40M(3959M) 2.663ms
[75.959s][info][gc,cpu         ] GC(202) User=0.00s Sys=0.00s Real=0.00s
[76.064s][info][gc,heap,exit   ] Heap
[76.064s][info][gc,heap,exit   ]  def new generation   total 1258304K, used 183507K [0x0000000700000000, 0x0000000755550000, 0x0000000755550000)
[76.064s][info][gc,heap,exit   ]   eden space 1118528K,  16% used [0x0000000700000000, 0x000000070b198540, 0x0000000744450000)
[76.064s][info][gc,heap,exit   ]   from space 139776K,   1% used [0x0000000744450000, 0x00000007445ec788, 0x000000074ccd0000)
[76.064s][info][gc,heap,exit   ]   to   space 139776K,   0% used [0x000000074ccd0000, 0x000000074ccd0000, 0x0000000755550000)
[76.064s][info][gc,heap,exit   ]  tenured generation   total 2796224K, used 39508K [0x0000000755550000, 0x0000000800000000, 0x0000000800000000)
[76.064s][info][gc,heap,exit   ]    the space 2796224K,   1% used [0x0000000755550000, 0x0000000757be5148, 0x0000000757be5200, 0x0000000800000000)
[76.064s][info][gc,heap,exit   ]  Metaspace       used 96349K, committed 97216K, reserved 1179648K
[76.064s][info][gc,heap,exit   ]   class space    used 10014K, committed 10432K, reserved 1048576K
