[0.020s][info][gc] Using Concurrent Mark Sweep
[0.020s][info][gc,heap,coops] Heap address: 0x0000000700000000, size: 4096 MB, Compressed Oops mode: Zero based, Oop shift amount: 3
[2.076s][info][gc,start     ] GC(0) Pause Initial Mark
[2.137s][info][gc           ] GC(0) Pause Initial Mark 351M->351M(4046M) 61.428ms
[2.138s][info][gc,cpu       ] GC(0) User=0.05s Sys=0.02s Real=0.06s
[2.138s][info][gc           ] GC(0) Concurrent Mark
[2.138s][info][gc,task      ] GC(0) Using 2 workers of 2 for marking
[2.139s][info][gc           ] GC(0) Concurrent Mark 1.613ms
[2.140s][info][gc,cpu       ] GC(0) User=0.00s Sys=0.00s Real=0.00s
[2.140s][info][gc           ] GC(0) Concurrent Preclean
[2.146s][info][gc           ] GC(0) Concurrent Preclean 6.312ms
[2.146s][info][gc,cpu       ] GC(0) User=0.00s Sys=0.00s Real=0.00s
[2.146s][info][gc           ] GC(0) Concurrent Abortable Preclean
[2.394s][info][gc,start     ] GC(1) Pause Young (Allocation Failure)
[2.394s][info][gc,task      ] GC(1) Using 6 workers of 6 for evacuation
[2.407s][info][gc,heap      ] GC(1) ParNew: 409024K->11827K(460096K)
[2.407s][info][gc,heap      ] GC(1) CMS: 0K->0K(3683136K)
[2.407s][info][gc,metaspace ] GC(1) Metaspace: 33335K(34500K)->33335K(34500K) NonClass: 29514K(30260K)->29514K(30260K) Class: 3820K(4240K)->3820K(4240K)
[2.407s][info][gc           ] GC(1) Pause Young (Allocation Failure) 399M->11M(4046M) 12.930ms
[2.407s][info][gc,cpu       ] GC(1) User=0.05s Sys=0.05s Real=0.01s
[4.194s][info][gc           ] GC(0) Concurrent Abortable Preclean 2048.169ms
[4.194s][info][gc,cpu       ] GC(0) User=6.09s Sys=0.41s Real=2.04s
[4.194s][info][gc,start     ] GC(0) Pause Remark
[4.215s][info][gc           ] GC(0) Pause Remark 211M->211M(4046M) 20.921ms
[4.215s][info][gc,cpu       ] GC(0) User=0.02s Sys=0.02s Real=0.03s
[4.215s][info][gc           ] GC(0) Concurrent Sweep
[4.215s][info][gc           ] GC(0) Concurrent Sweep 0.095ms
[4.215s][info][gc,cpu       ] GC(0) User=0.00s Sys=0.00s Real=0.00s
[4.215s][info][gc           ] GC(0) Concurrent Reset
[4.228s][info][gc           ] GC(0) Concurrent Reset 12.942ms
[4.228s][info][gc,cpu       ] GC(0) User=0.06s Sys=0.02s Real=0.02s
[4.228s][info][gc,heap      ] GC(0) Old: 0K->0K(3683136K)
[5.323s][info][gc,start     ] GC(2) Pause Young (Allocation Failure)
[5.324s][info][gc,task      ] GC(2) Using 6 workers of 6 for evacuation
[5.346s][info][gc,heap      ] GC(2) ParNew: 420851K->37188K(460096K)
[5.346s][info][gc,heap      ] GC(2) CMS: 0K->0K(3683136K)
[5.346s][info][gc,metaspace ] GC(2) Metaspace: 53585K(55368K)->53585K(55368K) NonClass: 47160K(48160K)->47160K(48160K) Class: 6425K(7208K)->6425K(7208K)
[5.346s][info][gc           ] GC(2) Pause Young (Allocation Failure) 410M->36M(4046M) 22.327ms
[5.346s][info][gc,cpu       ] GC(2) User=0.08s Sys=0.02s Real=0.02s
[6.605s][info][gc,start     ] GC(3) Pause Young (Allocation Failure)
[6.605s][info][gc,task      ] GC(3) Using 6 workers of 6 for evacuation
[6.656s][info][gc,heap      ] GC(3) ParNew: 446212K->29421K(460096K)
[6.656s][info][gc,heap      ] GC(3) CMS: 0K->12054K(3683136K)
[6.656s][info][gc,metaspace ] GC(3) Metaspace: 60583K(62664K)->60583K(62664K) NonClass: 53013K(54304K)->53013K(54304K) Class: 7569K(8360K)->7569K(8360K)
[6.656s][info][gc           ] GC(3) Pause Young (Allocation Failure) 435M->40M(4046M) 50.749ms
[6.656s][info][gc,cpu       ] GC(3) User=0.22s Sys=0.02s Real=0.06s
[8.656s][info][gc,start     ] GC(4) Pause Initial Mark
[8.671s][info][gc           ] GC(4) Pause Initial Mark 332M->332M(4046M) 15.378ms
[8.671s][info][gc,cpu       ] GC(4) User=0.09s Sys=0.00s Real=0.02s
[8.671s][info][gc           ] GC(4) Concurrent Mark
[8.672s][info][gc,task      ] GC(4) Using 2 workers of 2 for marking
[8.721s][info][gc           ] GC(4) Concurrent Mark 49.244ms
[8.721s][info][gc,cpu       ] GC(4) User=0.22s Sys=0.00s Real=0.05s
[8.721s][info][gc           ] GC(4) Concurrent Preclean
[8.726s][info][gc           ] GC(4) Concurrent Preclean 5.543ms
[8.726s][info][gc,cpu       ] GC(4) User=0.06s Sys=0.00s Real=0.01s
[8.726s][info][gc           ] GC(4) Concurrent Abortable Preclean
[8.810s][info][gc,start     ] GC(5) Pause Young (Allocation Failure)
[8.810s][info][gc,task      ] GC(5) Using 6 workers of 6 for evacuation
[8.833s][info][gc,heap      ] GC(5) ParNew: 438445K->49972K(460096K)
[8.833s][info][gc,heap      ] GC(5) CMS: 12054K->12054K(3683136K)
[8.833s][info][gc,metaspace ] GC(5) Metaspace: 76921K(79512K)->76921K(79512K) NonClass: 67184K(68816K)->67184K(68816K) Class: 9736K(10696K)->9736K(10696K)
[8.833s][info][gc           ] GC(5) Pause Young (Allocation Failure) 439M->60M(4046M) 22.980ms
[8.833s][info][gc,cpu       ] GC(5) User=0.09s Sys=0.00s Real=0.03s
[9.255s][info][gc,start     ] GC(6) Pause Full (System.gc())
[9.260s][info][gc           ] GC(4) Concurrent Abortable Preclean 533.499ms
[9.260s][info][gc,cpu       ] GC(4) User=2.27s Sys=0.16s Real=0.53s
[9.260s][info][gc,phases,start] GC(6) Phase 1: Mark live objects
[9.318s][info][gc,phases      ] GC(6) Phase 1: Mark live objects 57.925ms
[9.318s][info][gc,phases,start] GC(6) Phase 2: Compute new object addresses
[9.339s][info][gc,phases      ] GC(6) Phase 2: Compute new object addresses 20.295ms
[9.339s][info][gc,phases,start] GC(6) Phase 3: Adjust pointers
[9.371s][info][gc,phases      ] GC(6) Phase 3: Adjust pointers 32.087ms
[9.371s][info][gc,phases,start] GC(6) Phase 4: Move objects
[9.386s][info][gc,phases      ] GC(6) Phase 4: Move objects 15.262ms
[9.390s][info][gc,heap        ] GC(6) ParNew: 137845K->0K(460096K)
[9.390s][info][gc,heap        ] GC(6) CMS: 12054K->39698K(3683136K)
[9.390s][info][gc,metaspace   ] GC(6) Metaspace: 79182K(81656K)->79182K(81656K) NonClass: 69143K(70576K)->69143K(70576K) Class: 10039K(11080K)->10039K(11080K)
[9.391s][info][gc             ] GC(6) Pause Full (System.gc()) 146M->38M(4046M) 135.296ms
[9.391s][info][gc,cpu         ] GC(6) User=0.20s Sys=0.02s Real=0.14s
[10.786s][info][gc,start       ] GC(7) Pause Young (Allocation Failure)
[10.786s][info][gc,task        ] GC(7) Using 6 workers of 6 for evacuation
[10.796s][info][gc,heap        ] GC(7) ParNew: 409024K->33704K(460096K)
[10.796s][info][gc,heap        ] GC(7) CMS: 39698K->39698K(3683136K)
[10.796s][info][gc,metaspace   ] GC(7) Metaspace: 89934K(92920K)->89934K(92920K) NonClass: 78751K(80560K)->78751K(80560K) Class: 11183K(12360K)->11183K(12360K)
[10.796s][info][gc             ] GC(7) Pause Young (Allocation Failure) 438M->71M(4046M) 9.582ms
[10.796s][info][gc,cpu         ] GC(7) User=0.08s Sys=0.00s Real=0.01s
[11.725s][info][gc,start       ] GC(8) Pause Young (Allocation Failure)
[11.725s][info][gc,task        ] GC(8) Using 6 workers of 6 for evacuation
[11.734s][info][gc,heap        ] GC(8) ParNew: 442728K->11147K(460096K)
[11.734s][info][gc,heap        ] GC(8) CMS: 39698K->39698K(3683136K)
[11.734s][info][gc,metaspace   ] GC(8) Metaspace: 91543K(94712K)->91543K(94712K) NonClass: 80356K(82352K)->80356K(82352K) Class: 11187K(12360K)->11187K(12360K)
[11.734s][info][gc             ] GC(8) Pause Young (Allocation Failure) 471M->49M(4046M) 8.797ms
[11.734s][info][gc,cpu         ] GC(8) User=0.09s Sys=0.00s Real=0.01s
[12.711s][info][gc,start       ] GC(9) Pause Young (Allocation Failure)
[12.711s][info][gc,task        ] GC(9) Using 6 workers of 6 for evacuation
[12.722s][info][gc,heap        ] GC(9) ParNew: 420171K->7754K(460096K)
[12.722s][info][gc,heap        ] GC(9) CMS: 39698K->39698K(3683136K)
[12.722s][info][gc,metaspace   ] GC(9) Metaspace: 92341K(95224K)->92341K(95224K) NonClass: 81152K(82864K)->81152K(82864K) Class: 11189K(12360K)->11189K(12360K)
[12.722s][info][gc             ] GC(9) Pause Young (Allocation Failure) 449M->46M(4046M) 11.178ms
[12.722s][info][gc,cpu         ] GC(9) User=0.02s Sys=0.00s Real=0.01s
[13.767s][info][gc,start       ] GC(10) Pause Young (GCLocker Initiated GC)
[13.767s][info][gc,task        ] GC(10) Using 6 workers of 6 for evacuation
[13.778s][info][gc,heap        ] GC(10) ParNew: 416919K->9688K(460096K)
[13.778s][info][gc,heap        ] GC(10) CMS: 39698K->39698K(3683136K)
[13.778s][info][gc,metaspace   ] GC(10) Metaspace: 92830K(95736K)->92830K(95736K) NonClass: 81636K(83376K)->81636K(83376K) Class: 11194K(12360K)->11194K(12360K)
[13.778s][info][gc             ] GC(10) Pause Young (GCLocker Initiated GC) 445M->48M(4046M) 10.816ms
[13.778s][info][gc,cpu         ] GC(10) User=0.09s Sys=0.00s Real=0.01s
[14.928s][info][gc,start       ] GC(11) Pause Young (Allocation Failure)
[14.928s][info][gc,task        ] GC(11) Using 6 workers of 6 for evacuation
[14.939s][info][gc,heap        ] GC(11) ParNew: 418712K->8658K(460096K)
[14.939s][info][gc,heap        ] GC(11) CMS: 39698K->39698K(3683136K)
[14.939s][info][gc,metaspace   ] GC(11) Metaspace: 92989K(95992K)->92989K(95992K) NonClass: 81793K(83632K)->81793K(83632K) Class: 11195K(12360K)->11195K(12360K)
[14.939s][info][gc             ] GC(11) Pause Young (Allocation Failure) 447M->47M(4046M) 10.877ms
[14.939s][info][gc,cpu         ] GC(11) User=0.09s Sys=0.00s Real=0.01s
[15.870s][info][gc,start       ] GC(12) Pause Young (Allocation Failure)
[15.870s][info][gc,task        ] GC(12) Using 6 workers of 6 for evacuation
[15.879s][info][gc,heap        ] GC(12) ParNew: 417682K->9680K(460096K)
[15.879s][info][gc,heap        ] GC(12) CMS: 39698K->39698K(3683136K)
[15.879s][info][gc,metaspace   ] GC(12) Metaspace: 93143K(96248K)->93143K(96248K) NonClass: 81944K(83888K)->81944K(83888K) Class: 11199K(12360K)->11199K(12360K)
[15.879s][info][gc             ] GC(12) Pause Young (Allocation Failure) 446M->48M(4046M) 9.535ms
[15.879s][info][gc,cpu         ] GC(12) User=0.00s Sys=0.00s Real=0.01s
[16.970s][info][gc,start       ] GC(13) Pause Young (Allocation Failure)
[16.970s][info][gc,task        ] GC(13) Using 6 workers of 6 for evacuation
[16.982s][info][gc,heap        ] GC(13) ParNew: 418704K->6567K(460096K)
[16.982s][info][gc,heap        ] GC(13) CMS: 39698K->45895K(3683136K)
[16.982s][info][gc,metaspace   ] GC(13) Metaspace: 93284K(96248K)->93284K(96248K) NonClass: 82085K(83888K)->82085K(83888K) Class: 11199K(12360K)->11199K(12360K)
[16.982s][info][gc             ] GC(13) Pause Young (Allocation Failure) 447M->51M(4046M) 11.669ms
[16.982s][info][gc,cpu         ] GC(13) User=0.09s Sys=0.00s Real=0.01s
[18.051s][info][gc,start       ] GC(14) Pause Young (Allocation Failure)
[18.051s][info][gc,task        ] GC(14) Using 6 workers of 6 for evacuation
[18.059s][info][gc,heap        ] GC(14) ParNew: 415591K->1836K(460096K)
[18.059s][info][gc,heap        ] GC(14) CMS: 45895K->46083K(3683136K)
[18.059s][info][gc,metaspace   ] GC(14) Metaspace: 93417K(96504K)->93417K(96504K) NonClass: 82217K(84144K)->82217K(84144K) Class: 11199K(12360K)->11199K(12360K)
[18.059s][info][gc             ] GC(14) Pause Young (Allocation Failure) 450M->46M(4046M) 7.846ms
[18.059s][info][gc,cpu         ] GC(14) User=0.09s Sys=0.00s Real=0.01s
[19.156s][info][gc,start       ] GC(15) Pause Young (GCLocker Initiated GC)
[19.157s][info][gc,task        ] GC(15) Using 6 workers of 6 for evacuation
[19.163s][info][gc,heap        ] GC(15) ParNew: 410926K->1279K(460096K)
[19.163s][info][gc,heap        ] GC(15) CMS: 46083K->46200K(3683136K)
[19.163s][info][gc,metaspace   ] GC(15) Metaspace: 93503K(96504K)->93503K(96504K) NonClass: 82302K(84144K)->82302K(84144K) Class: 11200K(12360K)->11200K(12360K)
[19.163s][info][gc             ] GC(15) Pause Young (GCLocker Initiated GC) 446M->46M(4046M) 6.643ms
[19.163s][info][gc,cpu         ] GC(15) User=0.00s Sys=0.00s Real=0.01s
[20.177s][info][gc,start       ] GC(16) Pause Young (Allocation Failure)
[20.177s][info][gc,task        ] GC(16) Using 6 workers of 6 for evacuation
[20.183s][info][gc,heap        ] GC(16) ParNew: 410303K->1479K(460096K)
[20.183s][info][gc,heap        ] GC(16) CMS: 46200K->46290K(3683136K)
[20.183s][info][gc,metaspace   ] GC(16) Metaspace: 93559K(96504K)->93559K(96504K) NonClass: 82358K(84144K)->82358K(84144K) Class: 11200K(12360K)->11200K(12360K)
[20.183s][info][gc             ] GC(16) Pause Young (Allocation Failure) 445M->46M(4046M) 6.383ms
[20.183s][info][gc,cpu         ] GC(16) User=0.09s Sys=0.00s Real=0.01s
[21.126s][info][gc,start       ] GC(17) Pause Young (Allocation Failure)
[21.126s][info][gc,task        ] GC(17) Using 6 workers of 6 for evacuation
[21.132s][info][gc,heap        ] GC(17) ParNew: 410503K->978K(460096K)
[21.132s][info][gc,heap        ] GC(17) CMS: 46290K->46458K(3683136K)
[21.132s][info][gc,metaspace   ] GC(17) Metaspace: 93626K(96504K)->93626K(96504K) NonClass: 82425K(84144K)->82425K(84144K) Class: 11200K(12360K)->11200K(12360K)
[21.132s][info][gc             ] GC(17) Pause Young (Allocation Failure) 446M->46M(4046M) 6.068ms
[21.132s][info][gc,cpu         ] GC(17) User=0.00s Sys=0.00s Real=0.01s
[22.044s][info][gc,start       ] GC(18) Pause Young (Allocation Failure)
[22.044s][info][gc,task        ] GC(18) Using 6 workers of 6 for evacuation
[22.051s][info][gc,heap        ] GC(18) ParNew: 410002K->1004K(460096K)
[22.051s][info][gc,heap        ] GC(18) CMS: 46458K->46626K(3683136K)
[22.051s][info][gc,metaspace   ] GC(18) Metaspace: 93700K(96760K)->93700K(96760K) NonClass: 82499K(84400K)->82499K(84400K) Class: 11200K(12360K)->11200K(12360K)
[22.051s][info][gc             ] GC(18) Pause Young (Allocation Failure) 445M->46M(4046M) 6.429ms
[22.051s][info][gc,cpu         ] GC(18) User=0.00s Sys=0.00s Real=0.01s
[22.879s][info][gc,start       ] GC(19) Pause Young (Allocation Failure)
[22.879s][info][gc,task        ] GC(19) Using 6 workers of 6 for evacuation
[22.886s][info][gc,heap        ] GC(19) ParNew: 410028K->879K(460096K)
[22.886s][info][gc,heap        ] GC(19) CMS: 46626K->46722K(3683136K)
[22.886s][info][gc,metaspace   ] GC(19) Metaspace: 93726K(96760K)->93726K(96760K) NonClass: 82524K(84400K)->82524K(84400K) Class: 11201K(12360K)->11201K(12360K)
[22.886s][info][gc             ] GC(19) Pause Young (Allocation Failure) 445M->46M(4046M) 6.547ms
[22.886s][info][gc,cpu         ] GC(19) User=0.09s Sys=0.00s Real=0.01s
[23.891s][info][gc,start       ] GC(20) Pause Young (Allocation Failure)
[23.891s][info][gc,task        ] GC(20) Using 6 workers of 6 for evacuation
[23.897s][info][gc,heap        ] GC(20) ParNew: 409903K->696K(460096K)
[23.897s][info][gc,heap        ] GC(20) CMS: 46722K->46735K(3683136K)
[23.897s][info][gc,metaspace   ] GC(20) Metaspace: 93776K(96760K)->93776K(96760K) NonClass: 82575K(84400K)->82575K(84400K) Class: 11201K(12360K)->11201K(12360K)
[23.897s][info][gc             ] GC(20) Pause Young (Allocation Failure) 445M->46M(4046M) 6.274ms
[23.897s][info][gc,cpu         ] GC(20) User=0.00s Sys=0.00s Real=0.01s
[24.875s][info][gc,start       ] GC(21) Pause Young (Allocation Failure)
[24.875s][info][gc,task        ] GC(21) Using 6 workers of 6 for evacuation
[24.881s][info][gc,heap        ] GC(21) ParNew: 409720K->744K(460096K)
[24.881s][info][gc,heap        ] GC(21) CMS: 46735K->46782K(3683136K)
[24.881s][info][gc,metaspace   ] GC(21) Metaspace: 93834K(96760K)->93834K(96760K) NonClass: 82633K(84400K)->82633K(84400K) Class: 11201K(12360K)->11201K(12360K)
[24.881s][info][gc             ] GC(21) Pause Young (Allocation Failure) 445M->46M(4046M) 5.851ms
[24.881s][info][gc,cpu         ] GC(21) User=0.00s Sys=0.00s Real=0.00s
[25.912s][info][gc,start       ] GC(22) Pause Young (GCLocker Initiated GC)
[25.912s][info][gc,task        ] GC(22) Using 6 workers of 6 for evacuation
[25.918s][info][gc,heap        ] GC(22) ParNew: 409900K->1104K(460096K)
[25.918s][info][gc,heap        ] GC(22) CMS: 46782K->46827K(3683136K)
[25.918s][info][gc,metaspace   ] GC(22) Metaspace: 93849K(96760K)->93849K(96760K) NonClass: 82647K(84400K)->82647K(84400K) Class: 11201K(12360K)->11201K(12360K)
[25.918s][info][gc             ] GC(22) Pause Young (GCLocker Initiated GC) 445M->46M(4046M) 6.123ms
[25.918s][info][gc,cpu         ] GC(22) User=0.09s Sys=0.00s Real=0.01s
[26.821s][info][gc,start       ] GC(23) Pause Young (Allocation Failure)
[26.821s][info][gc,task        ] GC(23) Using 6 workers of 6 for evacuation
[26.828s][info][gc,heap        ] GC(23) ParNew: 410132K->770K(460096K)
[26.828s][info][gc,heap        ] GC(23) CMS: 46827K->46867K(3683136K)
[26.828s][info][gc,metaspace   ] GC(23) Metaspace: 93856K(96760K)->93856K(96760K) NonClass: 82654K(84400K)->82654K(84400K) Class: 11201K(12360K)->11201K(12360K)
[26.828s][info][gc             ] GC(23) Pause Young (Allocation Failure) 446M->46M(4046M) 6.203ms
[26.828s][info][gc,cpu         ] GC(23) User=0.00s Sys=0.00s Real=0.01s
[27.907s][info][gc,start       ] GC(24) Pause Young (Allocation Failure)
[27.907s][info][gc,task        ] GC(24) Using 6 workers of 6 for evacuation
[27.914s][info][gc,heap        ] GC(24) ParNew: 409794K->645K(460096K)
[27.914s][info][gc,heap        ] GC(24) CMS: 46867K->46943K(3683136K)
[27.914s][info][gc,metaspace   ] GC(24) Metaspace: 93910K(96888K)->93910K(96888K) NonClass: 82708K(84400K)->82708K(84400K) Class: 11202K(12488K)->11202K(12488K)
[27.914s][info][gc             ] GC(24) Pause Young (Allocation Failure) 445M->46M(4046M) 6.255ms
[27.914s][info][gc,cpu         ] GC(24) User=0.00s Sys=0.00s Real=0.00s
[28.945s][info][gc,start       ] GC(25) Pause Young (Allocation Failure)
[28.945s][info][gc,task        ] GC(25) Using 6 workers of 6 for evacuation
[28.951s][info][gc,heap        ] GC(25) ParNew: 409669K->586K(460096K)
[28.952s][info][gc,heap        ] GC(25) CMS: 46943K->47001K(3683136K)
[28.952s][info][gc,metaspace   ] GC(25) Metaspace: 94039K(97144K)->94039K(97144K) NonClass: 82837K(84656K)->82837K(84656K) Class: 11202K(12488K)->11202K(12488K)
[28.952s][info][gc             ] GC(25) Pause Young (Allocation Failure) 445M->46M(4046M) 6.247ms
[28.952s][info][gc,cpu         ] GC(25) User=0.00s Sys=0.00s Real=0.00s
[29.981s][info][gc,start       ] GC(26) Pause Young (Allocation Failure)
[29.981s][info][gc,task        ] GC(26) Using 6 workers of 6 for evacuation
[29.989s][info][gc,heap        ] GC(26) ParNew: 409610K->667K(460096K)
[29.989s][info][gc,heap        ] GC(26) CMS: 47001K->47030K(3683136K)
[29.989s][info][gc,metaspace   ] GC(26) Metaspace: 94049K(97144K)->94049K(97144K) NonClass: 82846K(84656K)->82846K(84656K) Class: 11202K(12488K)->11202K(12488K)
[29.989s][info][gc             ] GC(26) Pause Young (Allocation Failure) 445M->46M(4046M) 7.974ms
[29.989s][info][gc,cpu         ] GC(26) User=0.00s Sys=0.00s Real=0.01s
[31.081s][info][gc,start       ] GC(27) Pause Young (Allocation Failure)
[31.081s][info][gc,task        ] GC(27) Using 6 workers of 6 for evacuation
[31.089s][info][gc,heap        ] GC(27) ParNew: 409691K->664K(460096K)
[31.089s][info][gc,heap        ] GC(27) CMS: 47030K->47123K(3683136K)
[31.089s][info][gc,metaspace   ] GC(27) Metaspace: 94077K(97144K)->94077K(97144K) NonClass: 82874K(84656K)->82874K(84656K) Class: 11202K(12488K)->11202K(12488K)
[31.089s][info][gc             ] GC(27) Pause Young (Allocation Failure) 446M->46M(4046M) 8.654ms
[31.089s][info][gc,cpu         ] GC(27) User=0.09s Sys=0.00s Real=0.01s
[31.973s][info][gc,start       ] GC(28) Pause Full (System.gc())
[31.974s][info][gc,phases,start] GC(28) Phase 1: Mark live objects
[32.069s][info][gc,phases      ] GC(28) Phase 1: Mark live objects 94.917ms
[32.069s][info][gc,phases,start] GC(28) Phase 2: Compute new object addresses
[32.115s][info][gc,phases      ] GC(28) Phase 2: Compute new object addresses 46.345ms
[32.115s][info][gc,phases,start] GC(28) Phase 3: Adjust pointers
[32.158s][info][gc,phases      ] GC(28) Phase 3: Adjust pointers 42.319ms
[32.158s][info][gc,phases,start] GC(28) Phase 4: Move objects
[32.171s][info][gc,phases      ] GC(28) Phase 4: Move objects 12.875ms
[32.174s][info][gc,heap        ] GC(28) ParNew: 314802K->0K(460096K)
[32.174s][info][gc,heap        ] GC(28) CMS: 47123K->46048K(3683136K)
[32.174s][info][gc,metaspace   ] GC(28) Metaspace: 94101K(97144K)->94101K(97144K) NonClass: 82895K(84656K)->82895K(84656K) Class: 11205K(12488K)->11205K(12488K)
[32.175s][info][gc             ] GC(28) Pause Full (System.gc()) 353M->44M(4046M) 201.641ms
[32.175s][info][gc,cpu         ] GC(28) User=0.23s Sys=0.00s Real=0.20s
[33.137s][info][gc,start       ] GC(29) Pause Young (Allocation Failure)
[33.137s][info][gc,task        ] GC(29) Using 6 workers of 6 for evacuation
[33.143s][info][gc,heap        ] GC(29) ParNew: 409024K->432K(460096K)
[33.143s][info][gc,heap        ] GC(29) CMS: 46048K->46048K(3683136K)
[33.143s][info][gc,metaspace   ] GC(29) Metaspace: 93897K(97144K)->93897K(97144K) NonClass: 82747K(84656K)->82747K(84656K) Class: 11149K(12488K)->11149K(12488K)
[33.143s][info][gc             ] GC(29) Pause Young (Allocation Failure) 444M->45M(4046M) 5.873ms
[33.143s][info][gc,cpu         ] GC(29) User=0.00s Sys=0.00s Real=0.01s
[34.094s][info][gc,start       ] GC(30) Pause Young (Allocation Failure)
[34.094s][info][gc,task        ] GC(30) Using 6 workers of 6 for evacuation
[34.100s][info][gc,heap        ] GC(30) ParNew: 409456K->450K(460096K)
[34.100s][info][gc,heap        ] GC(30) CMS: 46048K->46048K(3683136K)
[34.100s][info][gc,metaspace   ] GC(30) Metaspace: 93900K(97144K)->93900K(97144K) NonClass: 82750K(84656K)->82750K(84656K) Class: 11149K(12488K)->11149K(12488K)
[34.100s][info][gc             ] GC(30) Pause Young (Allocation Failure) 444M->45M(4046M) 5.812ms
[34.100s][info][gc,cpu         ] GC(30) User=0.00s Sys=0.00s Real=0.01s
[35.212s][info][gc,start       ] GC(31) Pause Young (Allocation Failure)
[35.212s][info][gc,task        ] GC(31) Using 6 workers of 6 for evacuation
[35.218s][info][gc,heap        ] GC(31) ParNew: 409474K->474K(460096K)
[35.218s][info][gc,heap        ] GC(31) CMS: 46048K->46048K(3683136K)
[35.218s][info][gc,metaspace   ] GC(31) Metaspace: 93902K(97144K)->93902K(97144K) NonClass: 82751K(84656K)->82751K(84656K) Class: 11151K(12488K)->11151K(12488K)
[35.218s][info][gc             ] GC(31) Pause Young (Allocation Failure) 444M->45M(4046M) 6.310ms
[35.218s][info][gc,cpu         ] GC(31) User=0.00s Sys=0.00s Real=0.01s
[36.282s][info][gc,start       ] GC(32) Pause Young (Allocation Failure)
[36.282s][info][gc,task        ] GC(32) Using 6 workers of 6 for evacuation
[36.288s][info][gc,heap        ] GC(32) ParNew: 409498K->658K(460096K)
[36.288s][info][gc,heap        ] GC(32) CMS: 46048K->46048K(3683136K)
[36.288s][info][gc,metaspace   ] GC(32) Metaspace: 93904K(97144K)->93904K(97144K) NonClass: 82752K(84656K)->82752K(84656K) Class: 11152K(12488K)->11152K(12488K)
[36.288s][info][gc             ] GC(32) Pause Young (Allocation Failure) 444M->45M(4046M) 5.779ms
[36.288s][info][gc,cpu         ] GC(32) User=0.00s Sys=0.00s Real=0.01s
[37.354s][info][gc,start       ] GC(33) Pause Young (Allocation Failure)
[37.354s][info][gc,task        ] GC(33) Using 6 workers of 6 for evacuation
[37.360s][info][gc,heap        ] GC(33) ParNew: 409682K->631K(460096K)
[37.360s][info][gc,heap        ] GC(33) CMS: 46048K->46048K(3683136K)
[37.360s][info][gc,metaspace   ] GC(33) Metaspace: 93907K(97144K)->93907K(97144K) NonClass: 82755K(84656K)->82755K(84656K) Class: 11152K(12488K)->11152K(12488K)
[37.360s][info][gc             ] GC(33) Pause Young (Allocation Failure) 445M->45M(4046M) 6.150ms
[37.360s][info][gc,cpu         ] GC(33) User=0.00s Sys=0.00s Real=0.01s
[38.450s][info][gc,start       ] GC(34) Pause Young (Allocation Failure)
[38.450s][info][gc,task        ] GC(34) Using 6 workers of 6 for evacuation
[38.457s][info][gc,heap        ] GC(34) ParNew: 409655K->663K(460096K)
[38.457s][info][gc,heap        ] GC(34) CMS: 46048K->46048K(3683136K)
[38.457s][info][gc,metaspace   ] GC(34) Metaspace: 93912K(97144K)->93912K(97144K) NonClass: 82759K(84656K)->82759K(84656K) Class: 11152K(12488K)->11152K(12488K)
[38.457s][info][gc             ] GC(34) Pause Young (Allocation Failure) 445M->45M(4046M) 6.644ms
[38.457s][info][gc,cpu         ] GC(34) User=0.00s Sys=0.00s Real=0.01s
[39.505s][info][gc,start       ] GC(35) Pause Young (GCLocker Initiated GC)
[39.505s][info][gc,task        ] GC(35) Using 6 workers of 6 for evacuation
[39.512s][info][gc,heap        ] GC(35) ParNew: 410170K->667K(460096K)
[39.512s][info][gc,heap        ] GC(35) CMS: 46048K->46163K(3683136K)
[39.512s][info][gc,metaspace   ] GC(35) Metaspace: 93947K(97144K)->93947K(97144K) NonClass: 82794K(84656K)->82794K(84656K) Class: 11152K(12488K)->11152K(12488K)
[39.512s][info][gc             ] GC(35) Pause Young (GCLocker Initiated GC) 445M->45M(4046M) 6.652ms
[39.512s][info][gc,cpu         ] GC(35) User=0.09s Sys=0.00s Real=0.00s
[40.574s][info][gc,start       ] GC(36) Pause Young (Allocation Failure)
[40.574s][info][gc,task        ] GC(36) Using 6 workers of 6 for evacuation
[40.581s][info][gc,heap        ] GC(36) ParNew: 409691K->715K(460096K)
[40.581s][info][gc,heap        ] GC(36) CMS: 46163K->46186K(3683136K)
[40.581s][info][gc,metaspace   ] GC(36) Metaspace: 93958K(97144K)->93958K(97144K) NonClass: 82805K(84656K)->82805K(84656K) Class: 11152K(12488K)->11152K(12488K)
[40.581s][info][gc             ] GC(36) Pause Young (Allocation Failure) 445M->45M(4046M) 6.895ms
[40.581s][info][gc,cpu         ] GC(36) User=0.00s Sys=0.00s Real=0.00s
[41.628s][info][gc,start       ] GC(37) Pause Young (Allocation Failure)
[41.628s][info][gc,task        ] GC(37) Using 6 workers of 6 for evacuation
[41.634s][info][gc,heap        ] GC(37) ParNew: 409739K->487K(460096K)
[41.634s][info][gc,heap        ] GC(37) CMS: 46186K->46273K(3683136K)
[41.634s][info][gc,metaspace   ] GC(37) Metaspace: 93961K(97144K)->93961K(97144K) NonClass: 82809K(84656K)->82809K(84656K) Class: 11152K(12488K)->11152K(12488K)
[41.634s][info][gc             ] GC(37) Pause Young (Allocation Failure) 445M->45M(4046M) 6.329ms
[41.634s][info][gc,cpu         ] GC(37) User=0.08s Sys=0.02s Real=0.00s
[42.620s][info][gc,start       ] GC(38) Pause Young (GCLocker Initiated GC)
[42.620s][info][gc,task        ] GC(38) Using 6 workers of 6 for evacuation
[42.626s][info][gc,heap        ] GC(38) ParNew: 409786K->843K(460096K)
[42.626s][info][gc,heap        ] GC(38) CMS: 46273K->46283K(3683136K)
[42.626s][info][gc,metaspace   ] GC(38) Metaspace: 93966K(97144K)->93966K(97144K) NonClass: 82814K(84656K)->82814K(84656K) Class: 11152K(12488K)->11152K(12488K)
[42.626s][info][gc             ] GC(38) Pause Young (GCLocker Initiated GC) 445M->46M(4046M) 6.451ms
[42.626s][info][gc,cpu         ] GC(38) User=0.00s Sys=0.00s Real=0.01s
[43.559s][info][gc,start       ] GC(39) Pause Young (Allocation Failure)
[43.559s][info][gc,task        ] GC(39) Using 6 workers of 6 for evacuation
[43.566s][info][gc,heap        ] GC(39) ParNew: 409867K->522K(460096K)
[43.566s][info][gc,heap        ] GC(39) CMS: 46283K->46297K(3683136K)
[43.566s][info][gc,metaspace   ] GC(39) Metaspace: 93977K(97144K)->93977K(97144K) NonClass: 82824K(84656K)->82824K(84656K) Class: 11152K(12488K)->11152K(12488K)
[43.566s][info][gc             ] GC(39) Pause Young (Allocation Failure) 445M->45M(4046M) 6.461ms
[43.566s][info][gc,cpu         ] GC(39) User=0.00s Sys=0.00s Real=0.01s
[44.448s][info][gc,start       ] GC(40) Pause Young (Allocation Failure)
[44.448s][info][gc,task        ] GC(40) Using 6 workers of 6 for evacuation
[44.454s][info][gc,heap        ] GC(40) ParNew: 409546K->513K(460096K)
[44.454s][info][gc,heap        ] GC(40) CMS: 46297K->46315K(3683136K)
[44.454s][info][gc,metaspace   ] GC(40) Metaspace: 93979K(97144K)->93979K(97144K) NonClass: 82826K(84656K)->82826K(84656K) Class: 11152K(12488K)->11152K(12488K)
[44.454s][info][gc             ] GC(40) Pause Young (Allocation Failure) 445M->45M(4046M) 6.673ms
[44.454s][info][gc,cpu         ] GC(40) User=0.00s Sys=0.00s Real=0.01s
[45.354s][info][gc,start       ] GC(41) Pause Young (Allocation Failure)
[45.354s][info][gc,task        ] GC(41) Using 6 workers of 6 for evacuation
[45.360s][info][gc,heap        ] GC(41) ParNew: 409537K->542K(460096K)
[45.360s][info][gc,heap        ] GC(41) CMS: 46315K->46327K(3683136K)
[45.360s][info][gc,metaspace   ] GC(41) Metaspace: 93995K(97144K)->93995K(97144K) NonClass: 82843K(84656K)->82843K(84656K) Class: 11152K(12488K)->11152K(12488K)
[45.360s][info][gc             ] GC(41) Pause Young (Allocation Failure) 445M->45M(4046M) 6.185ms
[45.360s][info][gc,cpu         ] GC(41) User=0.00s Sys=0.00s Real=0.01s
[46.339s][info][gc,start       ] GC(42) Pause Young (GCLocker Initiated GC)
[46.339s][info][gc,task        ] GC(42) Using 6 workers of 6 for evacuation
[46.345s][info][gc,heap        ] GC(42) ParNew: 409769K->1095K(460096K)
[46.345s][info][gc,heap        ] GC(42) CMS: 46327K->46335K(3683136K)
[46.345s][info][gc,metaspace   ] GC(42) Metaspace: 94031K(97400K)->94031K(97400K) NonClass: 82879K(84912K)->82879K(84912K) Class: 11152K(12488K)->11152K(12488K)
[46.345s][info][gc             ] GC(42) Pause Young (GCLocker Initiated GC) 445M->46M(4046M) 6.241ms
[46.345s][info][gc,cpu         ] GC(42) User=0.00s Sys=0.00s Real=0.00s
[47.360s][info][gc,start       ] GC(43) Pause Young (Allocation Failure)
[47.360s][info][gc,task        ] GC(43) Using 6 workers of 6 for evacuation
[47.366s][info][gc,heap        ] GC(43) ParNew: 410119K->632K(460096K)
[47.366s][info][gc,heap        ] GC(43) CMS: 46335K->46371K(3683136K)
[47.367s][info][gc,metaspace   ] GC(43) Metaspace: 94080K(97400K)->94080K(97400K) NonClass: 82928K(84912K)->82928K(84912K) Class: 11152K(12488K)->11152K(12488K)
[47.367s][info][gc             ] GC(43) Pause Young (Allocation Failure) 445M->45M(4046M) 6.727ms
[47.367s][info][gc,cpu         ] GC(43) User=0.00s Sys=0.00s Real=0.00s
[48.348s][info][gc,start       ] GC(44) Pause Young (Allocation Failure)
[48.348s][info][gc,task        ] GC(44) Using 6 workers of 6 for evacuation
[48.354s][info][gc,heap        ] GC(44) ParNew: 409656K->574K(460096K)
[48.354s][info][gc,heap        ] GC(44) CMS: 46371K->46391K(3683136K)
[48.354s][info][gc,metaspace   ] GC(44) Metaspace: 94100K(97400K)->94100K(97400K) NonClass: 82948K(84912K)->82948K(84912K) Class: 11152K(12488K)->11152K(12488K)
[48.354s][info][gc             ] GC(44) Pause Young (Allocation Failure) 445M->45M(4046M) 5.733ms
[48.354s][info][gc,cpu         ] GC(44) User=0.09s Sys=0.00s Real=0.01s
[49.357s][info][gc,start       ] GC(45) Pause Young (Allocation Failure)
[49.357s][info][gc,task        ] GC(45) Using 6 workers of 6 for evacuation
[49.362s][info][gc,heap        ] GC(45) ParNew: 409598K->594K(460096K)
[49.362s][info][gc,heap        ] GC(45) CMS: 46391K->46403K(3683136K)
[49.362s][info][gc,metaspace   ] GC(45) Metaspace: 94108K(97400K)->94108K(97400K) NonClass: 82955K(84912K)->82955K(84912K) Class: 11152K(12488K)->11152K(12488K)
[49.362s][info][gc             ] GC(45) Pause Young (Allocation Failure) 445M->45M(4046M) 5.839ms
[49.362s][info][gc,cpu         ] GC(45) User=0.00s Sys=0.00s Real=0.01s
[50.362s][info][gc,start       ] GC(46) Pause Young (Allocation Failure)
[50.363s][info][gc,task        ] GC(46) Using 6 workers of 6 for evacuation
[50.370s][info][gc,heap        ] GC(46) ParNew: 409618K->425K(460096K)
[50.370s][info][gc,heap        ] GC(46) CMS: 46403K->46481K(3683136K)
[50.370s][info][gc,metaspace   ] GC(46) Metaspace: 94108K(97400K)->94108K(97400K) NonClass: 82956K(84912K)->82956K(84912K) Class: 11152K(12488K)->11152K(12488K)
[50.370s][info][gc             ] GC(46) Pause Young (Allocation Failure) 445M->45M(4046M) 7.859ms
[50.370s][info][gc,cpu         ] GC(46) User=0.09s Sys=0.00s Real=0.01s
[51.437s][info][gc,start       ] GC(47) Pause Young (Allocation Failure)
[51.437s][info][gc,task        ] GC(47) Using 6 workers of 6 for evacuation
[51.445s][info][gc,heap        ] GC(47) ParNew: 409449K->381K(460096K)
[51.445s][info][gc,heap        ] GC(47) CMS: 46481K->46496K(3683136K)
[51.445s][info][gc,metaspace   ] GC(47) Metaspace: 94109K(97400K)->94109K(97400K) NonClass: 82956K(84912K)->82956K(84912K) Class: 11152K(12488K)->11152K(12488K)
[51.445s][info][gc             ] GC(47) Pause Young (Allocation Failure) 445M->45M(4046M) 7.292ms
[51.445s][info][gc,cpu         ] GC(47) User=0.02s Sys=0.00s Real=0.01s
[52.549s][info][gc,start       ] GC(48) Pause Young (Allocation Failure)
[52.549s][info][gc,task        ] GC(48) Using 6 workers of 6 for evacuation
[52.555s][info][gc,heap        ] GC(48) ParNew: 409405K->434K(460096K)
[52.555s][info][gc,heap        ] GC(48) CMS: 46496K->46509K(3683136K)
[52.555s][info][gc,metaspace   ] GC(48) Metaspace: 94109K(97400K)->94109K(97400K) NonClass: 82956K(84912K)->82956K(84912K) Class: 11152K(12488K)->11152K(12488K)
[52.555s][info][gc             ] GC(48) Pause Young (Allocation Failure) 445M->45M(4046M) 5.816ms
[52.555s][info][gc,cpu         ] GC(48) User=0.02s Sys=0.00s Real=0.00s
[53.681s][info][gc,start       ] GC(49) Pause Young (GCLocker Initiated GC)
[53.681s][info][gc,task        ] GC(49) Using 6 workers of 6 for evacuation
[53.689s][info][gc,heap        ] GC(49) ParNew: 409464K->515K(460096K)
[53.689s][info][gc,heap        ] GC(49) CMS: 46509K->46509K(3683136K)
[53.689s][info][gc,metaspace   ] GC(49) Metaspace: 94113K(97400K)->94113K(97400K) NonClass: 82959K(84912K)->82959K(84912K) Class: 11154K(12488K)->11154K(12488K)
[53.689s][info][gc             ] GC(49) Pause Young (GCLocker Initiated GC) 445M->45M(4046M) 7.549ms
[53.689s][info][gc,cpu         ] GC(49) User=0.00s Sys=0.00s Real=0.01s
[53.870s][info][gc,start       ] GC(50) Pause Full (System.gc())
[53.870s][info][gc,phases,start] GC(50) Phase 1: Mark live objects
[53.938s][info][gc,phases      ] GC(50) Phase 1: Mark live objects 67.296ms
[53.938s][info][gc,phases,start] GC(50) Phase 2: Compute new object addresses
[53.960s][info][gc,phases      ] GC(50) Phase 2: Compute new object addresses 22.496ms
[53.960s][info][gc,phases,start] GC(50) Phase 3: Adjust pointers
[54.003s][info][gc,phases      ] GC(50) Phase 3: Adjust pointers 42.422ms
[54.003s][info][gc,phases,start] GC(50) Phase 4: Move objects
[54.015s][info][gc,phases      ] GC(50) Phase 4: Move objects 12.383ms
[54.018s][info][gc,heap        ] GC(50) ParNew: 65350K->0K(460096K)
[54.018s][info][gc,heap        ] GC(50) CMS: 46509K->46084K(3683136K)
[54.018s][info][gc,metaspace   ] GC(50) Metaspace: 94113K(97400K)->94113K(97400K) NonClass: 82959K(84912K)->82959K(84912K) Class: 11154K(12488K)->11154K(12488K)
[54.019s][info][gc             ] GC(50) Pause Full (System.gc()) 109M->45M(4046M) 149.162ms
[54.019s][info][gc,cpu         ] GC(50) User=0.17s Sys=0.00s Real=0.16s
[54.978s][info][gc,start       ] GC(51) Pause Young (Allocation Failure)
[54.978s][info][gc,task        ] GC(51) Using 6 workers of 6 for evacuation
[54.986s][info][gc,heap        ] GC(51) ParNew: 409024K->508K(460096K)
[54.986s][info][gc,heap        ] GC(51) CMS: 46084K->46084K(3683136K)
[54.986s][info][gc,metaspace   ] GC(51) Metaspace: 94119K(97400K)->94119K(97400K) NonClass: 82964K(84912K)->82964K(84912K) Class: 11155K(12488K)->11155K(12488K)
[54.986s][info][gc             ] GC(51) Pause Young (Allocation Failure) 444M->45M(4046M) 7.741ms
[54.986s][info][gc,cpu         ] GC(51) User=0.00s Sys=0.00s Real=0.01s
[55.949s][info][gc,start       ] GC(52) Pause Young (Allocation Failure)
[55.949s][info][gc,task        ] GC(52) Using 6 workers of 6 for evacuation
[55.955s][info][gc,heap        ] GC(52) ParNew: 409532K->412K(460096K)
[55.955s][info][gc,heap        ] GC(52) CMS: 46084K->46084K(3683136K)
[55.955s][info][gc,metaspace   ] GC(52) Metaspace: 94121K(97400K)->94121K(97400K) NonClass: 82966K(84912K)->82966K(84912K) Class: 11155K(12488K)->11155K(12488K)
[55.955s][info][gc             ] GC(52) Pause Young (Allocation Failure) 444M->45M(4046M) 6.374ms
[55.955s][info][gc,cpu         ] GC(52) User=0.00s Sys=0.00s Real=0.00s
[57.055s][info][gc,start       ] GC(53) Pause Young (Allocation Failure)
[57.055s][info][gc,task        ] GC(53) Using 6 workers of 6 for evacuation
[57.061s][info][gc,heap        ] GC(53) ParNew: 409436K->523K(460096K)
[57.061s][info][gc,heap        ] GC(53) CMS: 46084K->46084K(3683136K)
[57.061s][info][gc,metaspace   ] GC(53) Metaspace: 94128K(97400K)->94128K(97400K) NonClass: 82972K(84912K)->82972K(84912K) Class: 11155K(12488K)->11155K(12488K)
[57.061s][info][gc             ] GC(53) Pause Young (Allocation Failure) 444M->45M(4046M) 6.372ms
[57.061s][info][gc,cpu         ] GC(53) User=0.00s Sys=0.00s Real=0.00s
[58.117s][info][gc,start       ] GC(54) Pause Young (Allocation Failure)
[58.118s][info][gc,task        ] GC(54) Using 6 workers of 6 for evacuation
[58.124s][info][gc,heap        ] GC(54) ParNew: 409547K->522K(460096K)
[58.124s][info][gc,heap        ] GC(54) CMS: 46084K->46084K(3683136K)
[58.124s][info][gc,metaspace   ] GC(54) Metaspace: 94128K(97400K)->94128K(97400K) NonClass: 82972K(84912K)->82972K(84912K) Class: 11155K(12488K)->11155K(12488K)
[58.124s][info][gc             ] GC(54) Pause Young (Allocation Failure) 444M->45M(4046M) 6.516ms
[58.124s][info][gc,cpu         ] GC(54) User=0.00s Sys=0.00s Real=0.01s
[59.212s][info][gc,start       ] GC(55) Pause Young (Allocation Failure)
[59.212s][info][gc,task        ] GC(55) Using 6 workers of 6 for evacuation
[59.218s][info][gc,heap        ] GC(55) ParNew: 409546K->728K(460096K)
[59.218s][info][gc,heap        ] GC(55) CMS: 46084K->46084K(3683136K)
[59.218s][info][gc,metaspace   ] GC(55) Metaspace: 94138K(97400K)->94138K(97400K) NonClass: 82981K(84912K)->82981K(84912K) Class: 11156K(12488K)->11156K(12488K)
[59.218s][info][gc             ] GC(55) Pause Young (Allocation Failure) 444M->45M(4046M) 5.813ms
[59.218s][info][gc,cpu         ] GC(55) User=0.00s Sys=0.00s Real=0.00s
[60.314s][info][gc,start       ] GC(56) Pause Young (Allocation Failure)
[60.314s][info][gc,task        ] GC(56) Using 6 workers of 6 for evacuation
[60.322s][info][gc,heap        ] GC(56) ParNew: 409760K->874K(460096K)
[60.322s][info][gc,heap        ] GC(56) CMS: 46084K->46084K(3683136K)
[60.322s][info][gc,metaspace   ] GC(56) Metaspace: 94138K(97400K)->94138K(97400K) NonClass: 82981K(84912K)->82981K(84912K) Class: 11156K(12488K)->11156K(12488K)
[60.322s][info][gc             ] GC(56) Pause Young (Allocation Failure) 445M->45M(4046M) 7.820ms
[60.322s][info][gc,cpu         ] GC(56) User=0.09s Sys=0.00s Real=0.01s
[61.368s][info][gc,start       ] GC(57) Pause Young (Allocation Failure)
[61.368s][info][gc,task        ] GC(57) Using 6 workers of 6 for evacuation
[61.374s][info][gc,heap        ] GC(57) ParNew: 409924K->576K(460096K)
[61.374s][info][gc,heap        ] GC(57) CMS: 46084K->46263K(3683136K)
[61.374s][info][gc,metaspace   ] GC(57) Metaspace: 94147K(97400K)->94147K(97400K) NonClass: 82990K(84912K)->82990K(84912K) Class: 11156K(12488K)->11156K(12488K)
[61.374s][info][gc             ] GC(57) Pause Young (Allocation Failure) 445M->45M(4046M) 5.808ms
[61.374s][info][gc,cpu         ] GC(57) User=0.00s Sys=0.00s Real=0.01s
[62.440s][info][gc,start       ] GC(58) Pause Young (Allocation Failure)
[62.440s][info][gc,task        ] GC(58) Using 6 workers of 6 for evacuation
[62.446s][info][gc,heap        ] GC(58) ParNew: 409600K->509K(460096K)
[62.446s][info][gc,heap        ] GC(58) CMS: 46263K->46282K(3683136K)
[62.446s][info][gc,metaspace   ] GC(58) Metaspace: 94173K(97400K)->94173K(97400K) NonClass: 83016K(84912K)->83016K(84912K) Class: 11156K(12488K)->11156K(12488K)
[62.446s][info][gc             ] GC(58) Pause Young (Allocation Failure) 445M->45M(4046M) 6.508ms
[62.446s][info][gc,cpu         ] GC(58) User=0.09s Sys=0.00s Real=0.01s
[63.511s][info][gc,start       ] GC(59) Pause Young (Allocation Failure)
[63.511s][info][gc,task        ] GC(59) Using 6 workers of 6 for evacuation
[63.517s][info][gc,heap        ] GC(59) ParNew: 409533K->686K(460096K)
[63.517s][info][gc,heap        ] GC(59) CMS: 46282K->46301K(3683136K)
[63.517s][info][gc,metaspace   ] GC(59) Metaspace: 94175K(97400K)->94175K(97400K) NonClass: 83019K(84912K)->83019K(84912K) Class: 11156K(12488K)->11156K(12488K)
[63.517s][info][gc             ] GC(59) Pause Young (Allocation Failure) 445M->45M(4046M) 6.605ms
[63.517s][info][gc,cpu         ] GC(59) User=0.00s Sys=0.00s Real=0.01s
[64.501s][info][gc,start       ] GC(60) Pause Young (Allocation Failure)
[64.501s][info][gc,task        ] GC(60) Using 6 workers of 6 for evacuation
[64.508s][info][gc,heap        ] GC(60) ParNew: 409721K->779K(460096K)
[64.508s][info][gc,heap        ] GC(60) CMS: 46301K->46312K(3683136K)
[64.508s][info][gc,metaspace   ] GC(60) Metaspace: 94190K(97400K)->94190K(97400K) NonClass: 83032K(84912K)->83032K(84912K) Class: 11157K(12488K)->11157K(12488K)
[64.508s][info][gc             ] GC(60) Pause Young (Allocation Failure) 445M->45M(4046M) 6.465ms
[64.508s][info][gc,cpu         ] GC(60) User=0.00s Sys=0.00s Real=0.01s
[65.427s][info][gc,start       ] GC(61) Pause Young (Allocation Failure)
[65.427s][info][gc,task        ] GC(61) Using 6 workers of 6 for evacuation
[65.433s][info][gc,heap        ] GC(61) ParNew: 409817K->650K(460096K)
[65.433s][info][gc,heap        ] GC(61) CMS: 46312K->46324K(3683136K)
[65.433s][info][gc,metaspace   ] GC(61) Metaspace: 94208K(97400K)->94208K(97400K) NonClass: 83051K(84912K)->83051K(84912K) Class: 11157K(12488K)->11157K(12488K)
[65.433s][info][gc             ] GC(61) Pause Young (Allocation Failure) 445M->45M(4046M) 6.104ms
[65.433s][info][gc,cpu         ] GC(61) User=0.09s Sys=0.00s Real=0.01s
[66.308s][info][gc,start       ] GC(62) Pause Young (Allocation Failure)
[66.308s][info][gc,task        ] GC(62) Using 6 workers of 6 for evacuation
[66.314s][info][gc,heap        ] GC(62) ParNew: 409634K->850K(460096K)
[66.314s][info][gc,heap        ] GC(62) CMS: 46324K->46340K(3683136K)
[66.314s][info][gc,metaspace   ] GC(62) Metaspace: 94208K(97400K)->94208K(97400K) NonClass: 83051K(84912K)->83051K(84912K) Class: 11157K(12488K)->11157K(12488K)
[66.314s][info][gc             ] GC(62) Pause Young (Allocation Failure) 445M->46M(4046M) 5.813ms
[66.314s][info][gc,cpu         ] GC(62) User=0.00s Sys=0.00s Real=0.01s
[67.250s][info][gc,start       ] GC(63) Pause Young (GCLocker Initiated GC)
[67.250s][info][gc,task        ] GC(63) Using 6 workers of 6 for evacuation
[67.258s][info][gc,heap        ] GC(63) ParNew: 409950K->611K(460096K)
[67.258s][info][gc,heap        ] GC(63) CMS: 46340K->46377K(3683136K)
[67.258s][info][gc,metaspace   ] GC(63) Metaspace: 94209K(97400K)->94209K(97400K) NonClass: 83051K(84912K)->83051K(84912K) Class: 11157K(12488K)->11157K(12488K)
[67.258s][info][gc             ] GC(63) Pause Young (GCLocker Initiated GC) 445M->45M(4046M) 8.222ms
[67.258s][info][gc,cpu         ] GC(63) User=0.02s Sys=0.00s Real=0.01s
[68.224s][info][gc,start       ] GC(64) Pause Young (Allocation Failure)
[68.224s][info][gc,task        ] GC(64) Using 6 workers of 6 for evacuation
[68.230s][info][gc,heap        ] GC(64) ParNew: 409635K->563K(460096K)
[68.230s][info][gc,heap        ] GC(64) CMS: 46377K->46392K(3683136K)
[68.230s][info][gc,metaspace   ] GC(64) Metaspace: 94209K(97400K)->94209K(97400K) NonClass: 83051K(84912K)->83051K(84912K) Class: 11157K(12488K)->11157K(12488K)
[68.230s][info][gc             ] GC(64) Pause Young (Allocation Failure) 445M->45M(4046M) 6.009ms
[68.230s][info][gc,cpu         ] GC(64) User=0.08s Sys=0.02s Real=0.00s
[69.239s][info][gc,start       ] GC(65) Pause Young (Allocation Failure)
[69.239s][info][gc,task        ] GC(65) Using 6 workers of 6 for evacuation
[69.247s][info][gc,heap        ] GC(65) ParNew: 409587K->526K(460096K)
[69.247s][info][gc,heap        ] GC(65) CMS: 46392K->46407K(3683136K)
[69.247s][info][gc,metaspace   ] GC(65) Metaspace: 94211K(97400K)->94211K(97400K) NonClass: 83053K(84912K)->83053K(84912K) Class: 11157K(12488K)->11157K(12488K)
[69.247s][info][gc             ] GC(65) Pause Young (Allocation Failure) 445M->45M(4046M) 7.591ms
[69.247s][info][gc,cpu         ] GC(65) User=0.09s Sys=0.00s Real=0.02s
[70.215s][info][gc,start       ] GC(66) Pause Young (Allocation Failure)
[70.215s][info][gc,task        ] GC(66) Using 6 workers of 6 for evacuation
[70.222s][info][gc,heap        ] GC(66) ParNew: 409550K->398K(460096K)
[70.222s][info][gc,heap        ] GC(66) CMS: 46407K->46480K(3683136K)
[70.222s][info][gc,metaspace   ] GC(66) Metaspace: 94213K(97400K)->94213K(97400K) NonClass: 83056K(84912K)->83056K(84912K) Class: 11157K(12488K)->11157K(12488K)
[70.222s][info][gc             ] GC(66) Pause Young (Allocation Failure) 445M->45M(4046M) 6.789ms
[70.222s][info][gc,cpu         ] GC(66) User=0.00s Sys=0.00s Real=0.01s
[71.243s][info][gc,start       ] GC(67) Pause Young (Allocation Failure)
[71.243s][info][gc,task        ] GC(67) Using 6 workers of 6 for evacuation
[71.249s][info][gc,heap        ] GC(67) ParNew: 409446K->479K(460096K)
[71.249s][info][gc,heap        ] GC(67) CMS: 46480K->46487K(3683136K)
[71.249s][info][gc,metaspace   ] GC(67) Metaspace: 94215K(97400K)->94215K(97400K) NonClass: 83057K(84912K)->83057K(84912K) Class: 11157K(12488K)->11157K(12488K)
[71.249s][info][gc             ] GC(67) Pause Young (Allocation Failure) 445M->45M(4046M) 5.915ms
[71.249s][info][gc,cpu         ] GC(67) User=0.00s Sys=0.00s Real=0.01s
[72.250s][info][gc,start       ] GC(68) Pause Young (Allocation Failure)
[72.250s][info][gc,task        ] GC(68) Using 6 workers of 6 for evacuation
[72.255s][info][gc,heap        ] GC(68) ParNew: 409503K->444K(460096K)
[72.255s][info][gc,heap        ] GC(68) CMS: 46487K->46498K(3683136K)
[72.255s][info][gc,metaspace   ] GC(68) Metaspace: 94215K(97400K)->94215K(97400K) NonClass: 83058K(84912K)->83058K(84912K) Class: 11157K(12488K)->11157K(12488K)
[72.255s][info][gc             ] GC(68) Pause Young (Allocation Failure) 445M->45M(4046M) 5.554ms
[72.255s][info][gc,cpu         ] GC(68) User=0.00s Sys=0.00s Real=0.00s
[73.320s][info][gc,start       ] GC(69) Pause Young (Allocation Failure)
[73.320s][info][gc,task        ] GC(69) Using 6 workers of 6 for evacuation
[73.327s][info][gc,heap        ] GC(69) ParNew: 409468K->584K(460096K)
[73.327s][info][gc,heap        ] GC(69) CMS: 46498K->46507K(3683136K)
[73.327s][info][gc,metaspace   ] GC(69) Metaspace: 94216K(97400K)->94216K(97400K) NonClass: 83058K(84912K)->83058K(84912K) Class: 11157K(12488K)->11157K(12488K)
[73.327s][info][gc             ] GC(69) Pause Young (Allocation Failure) 445M->45M(4046M) 6.537ms
[73.327s][info][gc,cpu         ] GC(69) User=0.00s Sys=0.00s Real=0.01s
[74.440s][info][gc,start       ] GC(70) Pause Young (Allocation Failure)
[74.440s][info][gc,task        ] GC(70) Using 6 workers of 6 for evacuation
[74.445s][info][gc,heap        ] GC(70) ParNew: 409616K->406K(460096K)
[74.445s][info][gc,heap        ] GC(70) CMS: 46507K->46512K(3683136K)
[74.445s][info][gc,metaspace   ] GC(70) Metaspace: 94221K(97400K)->94221K(97400K) NonClass: 83063K(84912K)->83063K(84912K) Class: 11158K(12488K)->11158K(12488K)
[74.445s][info][gc             ] GC(70) Pause Young (Allocation Failure) 445M->45M(4046M) 5.608ms
[74.445s][info][gc,cpu         ] GC(70) User=0.02s Sys=0.00s Real=0.01s
[75.578s][info][gc,start       ] GC(71) Pause Young (Allocation Failure)
[75.579s][info][gc,task        ] GC(71) Using 6 workers of 6 for evacuation
[75.584s][info][gc,heap        ] GC(71) ParNew: 409430K->498K(460096K)
[75.584s][info][gc,heap        ] GC(71) CMS: 46512K->46513K(3683136K)
[75.584s][info][gc,metaspace   ] GC(71) Metaspace: 94225K(97400K)->94225K(97400K) NonClass: 83067K(84912K)->83067K(84912K) Class: 11158K(12488K)->11158K(12488K)
[75.584s][info][gc             ] GC(71) Pause Young (Allocation Failure) 445M->45M(4046M) 5.843ms
[75.584s][info][gc,cpu         ] GC(71) User=0.00s Sys=0.00s Real=0.01s
[75.719s][info][gc,start       ] GC(72) Pause Full (System.gc())
[75.720s][info][gc,phases,start] GC(72) Phase 1: Mark live objects
[75.786s][info][gc,phases      ] GC(72) Phase 1: Mark live objects 66.353ms
[75.786s][info][gc,phases,start] GC(72) Phase 2: Compute new object addresses
[75.808s][info][gc,phases      ] GC(72) Phase 2: Compute new object addresses 21.515ms
[75.808s][info][gc,phases,start] GC(72) Phase 3: Adjust pointers
[75.851s][info][gc,phases      ] GC(72) Phase 3: Adjust pointers 43.564ms
[75.851s][info][gc,phases,start] GC(72) Phase 4: Move objects
[75.861s][info][gc,phases      ] GC(72) Phase 4: Move objects 9.912ms
[75.864s][info][gc,heap        ] GC(72) ParNew: 52097K->0K(460096K)
[75.865s][info][gc,heap        ] GC(72) CMS: 46513K->46103K(3683136K)
[75.865s][info][gc,metaspace   ] GC(72) Metaspace: 94228K(97400K)->94228K(97400K) NonClass: 83070K(84912K)->83070K(84912K) Class: 11158K(12488K)->11158K(12488K)
[75.865s][info][gc             ] GC(72) Pause Full (System.gc()) 96M->45M(4046M) 146.136ms
[75.865s][info][gc,cpu         ] GC(72) User=0.14s Sys=0.00s Real=0.14s
[76.829s][info][gc,start       ] GC(73) Pause Young (Allocation Failure)
[76.829s][info][gc,task        ] GC(73) Using 6 workers of 6 for evacuation
[76.835s][info][gc,heap        ] GC(73) ParNew: 409024K->448K(460096K)
[76.835s][info][gc,heap        ] GC(73) CMS: 46103K->46103K(3683136K)
[76.835s][info][gc,metaspace   ] GC(73) Metaspace: 94240K(97400K)->94240K(97400K) NonClass: 83081K(84912K)->83081K(84912K) Class: 11158K(12488K)->11158K(12488K)
[76.835s][info][gc             ] GC(73) Pause Young (Allocation Failure) 444M->45M(4046M) 6.372ms
[76.835s][info][gc,cpu         ] GC(73) User=0.00s Sys=0.00s Real=0.01s
[77.787s][info][gc,start       ] GC(74) Pause Young (Allocation Failure)
[77.787s][info][gc,task        ] GC(74) Using 6 workers of 6 for evacuation
[77.793s][info][gc,heap        ] GC(74) ParNew: 409472K->361K(460096K)
[77.793s][info][gc,heap        ] GC(74) CMS: 46103K->46103K(3683136K)
[77.793s][info][gc,metaspace   ] GC(74) Metaspace: 94252K(97400K)->94252K(97400K) NonClass: 83094K(84912K)->83094K(84912K) Class: 11158K(12488K)->11158K(12488K)
[77.793s][info][gc             ] GC(74) Pause Young (Allocation Failure) 444M->45M(4046M) 5.948ms
[77.793s][info][gc,cpu         ] GC(74) User=0.09s Sys=0.00s Real=0.01s
[78.892s][info][gc,start       ] GC(75) Pause Young (Allocation Failure)
[78.892s][info][gc,task        ] GC(75) Using 6 workers of 6 for evacuation
[78.898s][info][gc,heap        ] GC(75) ParNew: 409385K->440K(460096K)
[78.898s][info][gc,heap        ] GC(75) CMS: 46103K->46103K(3683136K)
[78.898s][info][gc,metaspace   ] GC(75) Metaspace: 94255K(97400K)->94255K(97400K) NonClass: 83097K(84912K)->83097K(84912K) Class: 11158K(12488K)->11158K(12488K)
[78.898s][info][gc             ] GC(75) Pause Young (Allocation Failure) 444M->45M(4046M) 6.429ms
[78.898s][info][gc,cpu         ] GC(75) User=0.00s Sys=0.00s Real=0.01s
[79.970s][info][gc,start       ] GC(76) Pause Young (Allocation Failure)
[79.970s][info][gc,task        ] GC(76) Using 6 workers of 6 for evacuation
[79.976s][info][gc,heap        ] GC(76) ParNew: 409464K->433K(460096K)
[79.976s][info][gc,heap        ] GC(76) CMS: 46103K->46103K(3683136K)
[79.976s][info][gc,metaspace   ] GC(76) Metaspace: 94279K(97656K)->94279K(97656K) NonClass: 83120K(85168K)->83120K(85168K) Class: 11158K(12488K)->11158K(12488K)
[79.976s][info][gc             ] GC(76) Pause Young (Allocation Failure) 444M->45M(4046M) 6.372ms
[79.976s][info][gc,cpu         ] GC(76) User=0.02s Sys=0.00s Real=0.01s
[81.055s][info][gc,start       ] GC(77) Pause Young (Allocation Failure)
[81.055s][info][gc,task        ] GC(77) Using 6 workers of 6 for evacuation
[81.061s][info][gc,heap        ] GC(77) ParNew: 409457K->563K(460096K)
[81.061s][info][gc,heap        ] GC(77) CMS: 46103K->46103K(3683136K)
[81.061s][info][gc,metaspace   ] GC(77) Metaspace: 94283K(97656K)->94283K(97656K) NonClass: 83125K(85168K)->83125K(85168K) Class: 11158K(12488K)->11158K(12488K)
[81.061s][info][gc             ] GC(77) Pause Young (Allocation Failure) 444M->45M(4046M) 6.317ms
[81.061s][info][gc,cpu         ] GC(77) User=0.00s Sys=0.00s Real=0.01s
[82.152s][info][gc,start       ] GC(78) Pause Young (Allocation Failure)
[82.152s][info][gc,task        ] GC(78) Using 6 workers of 6 for evacuation
[82.158s][info][gc,heap        ] GC(78) ParNew: 409587K->568K(460096K)
[82.158s][info][gc,heap        ] GC(78) CMS: 46103K->46103K(3683136K)
[82.158s][info][gc,metaspace   ] GC(78) Metaspace: 94301K(97656K)->94301K(97656K) NonClass: 83142K(85168K)->83142K(85168K) Class: 11158K(12488K)->11158K(12488K)
[82.158s][info][gc             ] GC(78) Pause Young (Allocation Failure) 445M->45M(4046M) 5.660ms
[82.158s][info][gc,cpu         ] GC(78) User=0.00s Sys=0.00s Real=0.01s
[83.207s][info][gc,start       ] GC(79) Pause Young (Allocation Failure)
[83.207s][info][gc,task        ] GC(79) Using 6 workers of 6 for evacuation
[83.214s][info][gc,heap        ] GC(79) ParNew: 409592K->472K(460096K)
[83.214s][info][gc,heap        ] GC(79) CMS: 46103K->46213K(3683136K)
[83.214s][info][gc,metaspace   ] GC(79) Metaspace: 94309K(97656K)->94309K(97656K) NonClass: 83150K(85168K)->83150K(85168K) Class: 11158K(12488K)->11158K(12488K)
[83.214s][info][gc             ] GC(79) Pause Young (Allocation Failure) 445M->45M(4046M) 6.462ms
[83.214s][info][gc,cpu         ] GC(79) User=0.08s Sys=0.02s Real=0.00s
[84.276s][info][gc,start       ] GC(80) Pause Young (Allocation Failure)
[84.277s][info][gc,task        ] GC(80) Using 6 workers of 6 for evacuation
[84.283s][info][gc,heap        ] GC(80) ParNew: 409496K->522K(460096K)
[84.283s][info][gc,heap        ] GC(80) CMS: 46213K->46231K(3683136K)
[84.283s][info][gc,metaspace   ] GC(80) Metaspace: 94313K(97656K)->94313K(97656K) NonClass: 83154K(85168K)->83154K(85168K) Class: 11158K(12488K)->11158K(12488K)
[84.283s][info][gc             ] GC(80) Pause Young (Allocation Failure) 445M->45M(4046M) 6.369ms
[84.283s][info][gc,cpu         ] GC(80) User=0.00s Sys=0.00s Real=0.00s
[85.352s][info][gc,start       ] GC(81) Pause Young (Allocation Failure)
[85.352s][info][gc,task        ] GC(81) Using 6 workers of 6 for evacuation
[85.358s][info][gc,heap        ] GC(81) ParNew: 409552K->729K(460096K)
[85.358s][info][gc,heap        ] GC(81) CMS: 46231K->46249K(3683136K)
[85.358s][info][gc,metaspace   ] GC(81) Metaspace: 94313K(97656K)->94313K(97656K) NonClass: 83154K(85168K)->83154K(85168K) Class: 11158K(12488K)->11158K(12488K)
[85.358s][info][gc             ] GC(81) Pause Young (Allocation Failure) 445M->45M(4046M) 6.309ms
[85.358s][info][gc,cpu         ] GC(81) User=0.00s Sys=0.00s Real=0.01s
[86.326s][info][gc,start       ] GC(82) Pause Young (Allocation Failure)
[86.326s][info][gc,task        ] GC(82) Using 6 workers of 6 for evacuation
[86.332s][info][gc,heap        ] GC(82) ParNew: 409753K->844K(460096K)
[86.332s][info][gc,heap        ] GC(82) CMS: 46249K->46259K(3683136K)
[86.332s][info][gc,metaspace   ] GC(82) Metaspace: 94313K(97656K)->94313K(97656K) NonClass: 83154K(85168K)->83154K(85168K) Class: 11158K(12488K)->11158K(12488K)
[86.332s][info][gc             ] GC(82) Pause Young (Allocation Failure) 445M->45M(4046M) 6.108ms
[86.332s][info][gc,cpu         ] GC(82) User=0.00s Sys=0.00s Real=0.00s
[87.272s][info][gc,start       ] GC(83) Pause Young (Allocation Failure)
[87.272s][info][gc,task        ] GC(83) Using 6 workers of 6 for evacuation
[87.278s][info][gc,heap        ] GC(83) ParNew: 409868K->645K(460096K)
[87.278s][info][gc,heap        ] GC(83) CMS: 46259K->46283K(3683136K)
[87.278s][info][gc,metaspace   ] GC(83) Metaspace: 94314K(97656K)->94314K(97656K) NonClass: 83155K(85168K)->83155K(85168K) Class: 11158K(12488K)->11158K(12488K)
[87.278s][info][gc             ] GC(83) Pause Young (Allocation Failure) 445M->45M(4046M) 6.049ms
[87.278s][info][gc,cpu         ] GC(83) User=0.09s Sys=0.00s Real=0.01s
[88.153s][info][gc,start       ] GC(84) Pause Young (Allocation Failure)
[88.153s][info][gc,task        ] GC(84) Using 6 workers of 6 for evacuation
[88.160s][info][gc,heap        ] GC(84) ParNew: 409669K->426K(460096K)
[88.160s][info][gc,heap        ] GC(84) CMS: 46283K->46325K(3683136K)
[88.160s][info][gc,metaspace   ] GC(84) Metaspace: 94314K(97656K)->94314K(97656K) NonClass: 83155K(85168K)->83155K(85168K) Class: 11158K(12488K)->11158K(12488K)
[88.160s][info][gc             ] GC(84) Pause Young (Allocation Failure) 445M->45M(4046M) 6.783ms
[88.160s][info][gc,cpu         ] GC(84) User=0.00s Sys=0.00s Real=0.01s
[89.074s][info][gc,start       ] GC(85) Pause Young (Allocation Failure)
[89.074s][info][gc,task        ] GC(85) Using 6 workers of 6 for evacuation
[89.081s][info][gc,heap        ] GC(85) ParNew: 409329K->666K(460096K)
[89.081s][info][gc,heap        ] GC(85) CMS: 46325K->46342K(3683136K)
[89.081s][info][gc,metaspace   ] GC(85) Metaspace: 94314K(97656K)->94314K(97656K) NonClass: 83155K(85168K)->83155K(85168K) Class: 11158K(12488K)->11158K(12488K)
[89.081s][info][gc             ] GC(85) Pause Young (Allocation Failure) 444M->45M(4046M) 6.522ms
[89.081s][info][gc,cpu         ] GC(85) User=0.00s Sys=0.00s Real=0.01s
[90.052s][info][gc,start       ] GC(86) Pause Young (Allocation Failure)
[90.052s][info][gc,task        ] GC(86) Using 6 workers of 6 for evacuation
[90.058s][info][gc,heap        ] GC(86) ParNew: 409588K->693K(460096K)
[90.058s][info][gc,heap        ] GC(86) CMS: 46342K->46352K(3683136K)
[90.058s][info][gc,metaspace   ] GC(86) Metaspace: 94315K(97656K)->94315K(97656K) NonClass: 83156K(85168K)->83156K(85168K) Class: 11158K(12488K)->11158K(12488K)
[90.058s][info][gc             ] GC(86) Pause Young (Allocation Failure) 445M->45M(4046M) 6.042ms
[90.058s][info][gc,cpu         ] GC(86) User=0.09s Sys=0.00s Real=0.01s
[91.074s][info][gc,start       ] GC(87) Pause Young (Allocation Failure)
[91.074s][info][gc,task        ] GC(87) Using 6 workers of 6 for evacuation
[91.080s][info][gc,heap        ] GC(87) ParNew: 409717K->439K(460096K)
[91.080s][info][gc,heap        ] GC(87) CMS: 46352K->46424K(3683136K)
[91.080s][info][gc,metaspace   ] GC(87) Metaspace: 94320K(97656K)->94320K(97656K) NonClass: 83162K(85168K)->83162K(85168K) Class: 11158K(12488K)->11158K(12488K)
[91.080s][info][gc             ] GC(87) Pause Young (Allocation Failure) 445M->45M(4046M) 6.450ms
[91.080s][info][gc,cpu         ] GC(87) User=0.00s Sys=0.00s Real=0.01s
[92.065s][info][gc,start       ] GC(88) Pause Young (Allocation Failure)
[92.065s][info][gc,task        ] GC(88) Using 6 workers of 6 for evacuation
[92.071s][info][gc,heap        ] GC(88) ParNew: 409463K->351K(460096K)
[92.071s][info][gc,heap        ] GC(88) CMS: 46424K->46430K(3683136K)
[92.071s][info][gc,metaspace   ] GC(88) Metaspace: 94324K(97656K)->94324K(97656K) NonClass: 83166K(85168K)->83166K(85168K) Class: 11158K(12488K)->11158K(12488K)
[92.071s][info][gc             ] GC(88) Pause Young (Allocation Failure) 445M->45M(4046M) 5.915ms
[92.071s][info][gc,cpu         ] GC(88) User=0.00s Sys=0.00s Real=0.00s
[93.058s][info][gc,start       ] GC(89) Pause Young (Allocation Failure)
[93.058s][info][gc,task        ] GC(89) Using 6 workers of 6 for evacuation
[93.064s][info][gc,heap        ] GC(89) ParNew: 409375K->365K(460096K)
[93.064s][info][gc,heap        ] GC(89) CMS: 46430K->46438K(3683136K)
[93.064s][info][gc,metaspace   ] GC(89) Metaspace: 94324K(97656K)->94324K(97656K) NonClass: 83166K(85168K)->83166K(85168K) Class: 11158K(12488K)->11158K(12488K)
[93.064s][info][gc             ] GC(89) Pause Young (Allocation Failure) 445M->45M(4046M) 5.788ms
[93.064s][info][gc,cpu         ] GC(89) User=0.00s Sys=0.00s Real=0.01s
[94.078s][info][gc,start       ] GC(90) Pause Young (Allocation Failure)
[94.078s][info][gc,task        ] GC(90) Using 6 workers of 6 for evacuation
[94.084s][info][gc,heap        ] GC(90) ParNew: 409389K->579K(460096K)
[94.084s][info][gc,heap        ] GC(90) CMS: 46438K->46449K(3683136K)
[94.084s][info][gc,metaspace   ] GC(90) Metaspace: 94329K(97656K)->94329K(97656K) NonClass: 83171K(85168K)->83171K(85168K) Class: 11158K(12488K)->11158K(12488K)
[94.084s][info][gc             ] GC(90) Pause Young (Allocation Failure) 445M->45M(4046M) 5.825ms
[94.084s][info][gc,cpu         ] GC(90) User=0.00s Sys=0.00s Real=0.00s
[95.165s][info][gc,start       ] GC(91) Pause Young (Allocation Failure)
[95.165s][info][gc,task        ] GC(91) Using 6 workers of 6 for evacuation
[95.171s][info][gc,heap        ] GC(91) ParNew: 409562K->651K(460096K)
[95.171s][info][gc,heap        ] GC(91) CMS: 46449K->46457K(3683136K)
[95.171s][info][gc,metaspace   ] GC(91) Metaspace: 94330K(97656K)->94330K(97656K) NonClass: 83172K(85168K)->83172K(85168K) Class: 11158K(12488K)->11158K(12488K)
[95.171s][info][gc             ] GC(91) Pause Young (Allocation Failure) 445M->46M(4046M) 6.643ms
[95.171s][info][gc,cpu         ] GC(91) User=0.00s Sys=0.00s Real=0.01s
[96.258s][info][gc,start       ] GC(92) Pause Young (Allocation Failure)
[96.258s][info][gc,task        ] GC(92) Using 6 workers of 6 for evacuation
[96.264s][info][gc,heap        ] GC(92) ParNew: 409675K->454K(460096K)
[96.264s][info][gc,heap        ] GC(92) CMS: 46457K->46462K(3683136K)
[96.264s][info][gc,metaspace   ] GC(92) Metaspace: 94330K(97656K)->94330K(97656K) NonClass: 83172K(85168K)->83172K(85168K) Class: 11158K(12488K)->11158K(12488K)
[96.264s][info][gc             ] GC(92) Pause Young (Allocation Failure) 445M->45M(4046M) 6.239ms
[96.264s][info][gc,cpu         ] GC(92) User=0.00s Sys=0.00s Real=0.01s
[97.419s][info][gc,start       ] GC(93) Pause Young (GCLocker Initiated GC)
[97.419s][info][gc,task        ] GC(93) Using 6 workers of 6 for evacuation
[97.425s][info][gc,heap        ] GC(93) ParNew: 409480K->648K(460096K)
[97.425s][info][gc,heap        ] GC(93) CMS: 46462K->46462K(3683136K)
[97.425s][info][gc,metaspace   ] GC(93) Metaspace: 94330K(97656K)->94330K(97656K) NonClass: 83172K(85168K)->83172K(85168K) Class: 11158K(12488K)->11158K(12488K)
[97.425s][info][gc             ] GC(93) Pause Young (GCLocker Initiated GC) 445M->46M(4046M) 6.526ms
[97.425s][info][gc,cpu         ] GC(93) User=0.00s Sys=0.00s Real=0.01s
[97.563s][info][gc,start       ] GC(94) Pause Full (System.gc())
[97.564s][info][gc,phases,start] GC(94) Phase 1: Mark live objects
[97.631s][info][gc,phases      ] GC(94) Phase 1: Mark live objects 66.834ms
[97.631s][info][gc,phases,start] GC(94) Phase 2: Compute new object addresses
[97.653s][info][gc,phases      ] GC(94) Phase 2: Compute new object addresses 22.306ms
[97.653s][info][gc,phases,start] GC(94) Phase 3: Adjust pointers
[97.696s][info][gc,phases      ] GC(94) Phase 3: Adjust pointers 43.302ms
[97.696s][info][gc,phases,start] GC(94) Phase 4: Move objects
[97.704s][info][gc,phases      ] GC(94) Phase 4: Move objects 7.588ms
[97.707s][info][gc,heap        ] GC(94) ParNew: 58537K->0K(460096K)
[97.707s][info][gc,heap        ] GC(94) CMS: 46462K->46108K(3683136K)
[97.707s][info][gc,metaspace   ] GC(94) Metaspace: 94340K(97656K)->94340K(97656K) NonClass: 83181K(85168K)->83181K(85168K) Class: 11158K(12488K)->11158K(12488K)
[97.708s][info][gc             ] GC(94) Pause Full (System.gc()) 102M->45M(4046M) 144.984ms
[97.708s][info][gc,cpu         ] GC(94) User=0.17s Sys=0.00s Real=0.14s
[98.669s][info][gc,start       ] GC(95) Pause Young (Allocation Failure)
[98.669s][info][gc,task        ] GC(95) Using 6 workers of 6 for evacuation
[98.675s][info][gc,heap        ] GC(95) ParNew: 409024K->411K(460096K)
[98.675s][info][gc,heap        ] GC(95) CMS: 46108K->46108K(3683136K)
[98.675s][info][gc,metaspace   ] GC(95) Metaspace: 94340K(97656K)->94340K(97656K) NonClass: 83181K(85168K)->83181K(85168K) Class: 11158K(12488K)->11158K(12488K)
[98.675s][info][gc             ] GC(95) Pause Young (Allocation Failure) 444M->45M(4046M) 6.023ms
[98.675s][info][gc,cpu         ] GC(95) User=0.00s Sys=0.00s Real=0.01s
[99.623s][info][gc,start       ] GC(96) Pause Young (Allocation Failure)
[99.623s][info][gc,task        ] GC(96) Using 6 workers of 6 for evacuation
[99.629s][info][gc,heap        ] GC(96) ParNew: 409435K->389K(460096K)
[99.629s][info][gc,heap        ] GC(96) CMS: 46108K->46108K(3683136K)
[99.629s][info][gc,metaspace   ] GC(96) Metaspace: 94340K(97656K)->94340K(97656K) NonClass: 83181K(85168K)->83181K(85168K) Class: 11158K(12488K)->11158K(12488K)
[99.629s][info][gc             ] GC(96) Pause Young (Allocation Failure) 444M->45M(4046M) 5.878ms
[99.629s][info][gc,cpu         ] GC(96) User=0.00s Sys=0.00s Real=0.00s
[100.729s][info][gc,start       ] GC(97) Pause Young (Allocation Failure)
[100.730s][info][gc,task        ] GC(97) Using 6 workers of 6 for evacuation
[100.736s][info][gc,heap        ] GC(97) ParNew: 409413K->453K(460096K)
[100.736s][info][gc,heap        ] GC(97) CMS: 46108K->46108K(3683136K)
[100.736s][info][gc,metaspace   ] GC(97) Metaspace: 94343K(97656K)->94343K(97656K) NonClass: 83184K(85168K)->83184K(85168K) Class: 11158K(12488K)->11158K(12488K)
[100.736s][info][gc             ] GC(97) Pause Young (Allocation Failure) 444M->45M(4046M) 6.356ms
[100.736s][info][gc,cpu         ] GC(97) User=0.00s Sys=0.00s Real=0.01s
[101.806s][info][gc,start       ] GC(98) Pause Young (Allocation Failure)
[101.806s][info][gc,task        ] GC(98) Using 6 workers of 6 for evacuation
[101.812s][info][gc,heap        ] GC(98) ParNew: 409477K->512K(460096K)
[101.812s][info][gc,heap        ] GC(98) CMS: 46108K->46108K(3683136K)
[101.812s][info][gc,metaspace   ] GC(98) Metaspace: 94346K(97656K)->94346K(97656K) NonClass: 83187K(85168K)->83187K(85168K) Class: 11158K(12488K)->11158K(12488K)
[101.812s][info][gc             ] GC(98) Pause Young (Allocation Failure) 444M->45M(4046M) 6.445ms
[101.812s][info][gc,cpu         ] GC(98) User=0.00s Sys=0.00s Real=0.01s
[102.891s][info][gc,start       ] GC(99) Pause Young (Allocation Failure)
[102.891s][info][gc,task        ] GC(99) Using 6 workers of 6 for evacuation
[102.897s][info][gc,heap        ] GC(99) ParNew: 409536K->608K(460096K)
[102.897s][info][gc,heap        ] GC(99) CMS: 46108K->46108K(3683136K)
[102.897s][info][gc,metaspace   ] GC(99) Metaspace: 94357K(97656K)->94357K(97656K) NonClass: 83198K(85168K)->83198K(85168K) Class: 11158K(12488K)->11158K(12488K)
[102.897s][info][gc             ] GC(99) Pause Young (Allocation Failure) 444M->45M(4046M) 6.188ms
[102.897s][info][gc,cpu         ] GC(99) User=0.00s Sys=0.00s Real=0.00s
[103.989s][info][gc,start       ] GC(100) Pause Young (GCLocker Initiated GC)
[103.989s][info][gc,task        ] GC(100) Using 6 workers of 6 for evacuation
[103.995s][info][gc,heap        ] GC(100) ParNew: 409835K->818K(460096K)
[103.995s][info][gc,heap        ] GC(100) CMS: 46108K->46108K(3683136K)
[103.995s][info][gc,metaspace   ] GC(100) Metaspace: 94357K(97656K)->94357K(97656K) NonClass: 83199K(85168K)->83199K(85168K) Class: 11158K(12488K)->11158K(12488K)
[103.995s][info][gc             ] GC(100) Pause Young (GCLocker Initiated GC) 445M->45M(4046M) 6.017ms
[103.995s][info][gc,cpu         ] GC(100) User=0.09s Sys=0.00s Real=0.01s
[105.045s][info][gc,start       ] GC(101) Pause Young (Allocation Failure)
[105.045s][info][gc,task        ] GC(101) Using 6 workers of 6 for evacuation
[105.051s][info][gc,heap        ] GC(101) ParNew: 409842K->827K(460096K)
[105.051s][info][gc,heap        ] GC(101) CMS: 46108K->46215K(3683136K)
[105.051s][info][gc,metaspace   ] GC(101) Metaspace: 94357K(97656K)->94357K(97656K) NonClass: 83199K(85168K)->83199K(85168K) Class: 11158K(12488K)->11158K(12488K)
[105.051s][info][gc             ] GC(101) Pause Young (Allocation Failure) 445M->45M(4046M) 6.231ms
[105.051s][info][gc,cpu         ] GC(101) User=0.00s Sys=0.00s Real=0.01s
[106.116s][info][gc,start       ] GC(102) Pause Young (Allocation Failure)
[106.117s][info][gc,task        ] GC(102) Using 6 workers of 6 for evacuation
[106.123s][info][gc,heap        ] GC(102) ParNew: 409851K->715K(460096K)
[106.123s][info][gc,heap        ] GC(102) CMS: 46215K->46235K(3683136K)
[106.123s][info][gc,metaspace   ] GC(102) Metaspace: 94357K(97656K)->94357K(97656K) NonClass: 83199K(85168K)->83199K(85168K) Class: 11158K(12488K)->11158K(12488K)
[106.123s][info][gc             ] GC(102) Pause Young (Allocation Failure) 445M->45M(4046M) 6.160ms
[106.123s][info][gc,cpu         ] GC(102) User=0.00s Sys=0.00s Real=0.01s
[107.190s][info][gc,start       ] GC(103) Pause Young (Allocation Failure)
[107.190s][info][gc,task        ] GC(103) Using 6 workers of 6 for evacuation
[107.196s][info][gc,heap        ] GC(103) ParNew: 409739K->487K(460096K)
[107.196s][info][gc,heap        ] GC(103) CMS: 46235K->46251K(3683136K)
[107.196s][info][gc,metaspace   ] GC(103) Metaspace: 94357K(97656K)->94357K(97656K) NonClass: 83199K(85168K)->83199K(85168K) Class: 11158K(12488K)->11158K(12488K)
[107.196s][info][gc             ] GC(103) Pause Young (Allocation Failure) 445M->45M(4046M) 6.370ms
[107.196s][info][gc,cpu         ] GC(103) User=0.09s Sys=0.00s Real=0.01s
[108.164s][info][gc,start       ] GC(104) Pause Young (Allocation Failure)
[108.165s][info][gc,task        ] GC(104) Using 6 workers of 6 for evacuation
[108.170s][info][gc,heap        ] GC(104) ParNew: 409529K->822K(460096K)
[108.170s][info][gc,heap        ] GC(104) CMS: 46251K->46276K(3683136K)
[108.170s][info][gc,metaspace   ] GC(104) Metaspace: 94357K(97656K)->94357K(97656K) NonClass: 83199K(85168K)->83199K(85168K) Class: 11158K(12488K)->11158K(12488K)
[108.170s][info][gc             ] GC(104) Pause Young (Allocation Failure) 445M->45M(4046M) 5.759ms
[108.170s][info][gc,cpu         ] GC(104) User=0.00s Sys=0.00s Real=0.01s
[109.108s][info][gc,start       ] GC(105) Pause Young (Allocation Failure)
[109.109s][info][gc,task        ] GC(105) Using 6 workers of 6 for evacuation
[109.114s][info][gc,heap        ] GC(105) ParNew: 409846K->613K(460096K)
[109.114s][info][gc,heap        ] GC(105) CMS: 46276K->46315K(3683136K)
[109.114s][info][gc,metaspace   ] GC(105) Metaspace: 94394K(97656K)->94394K(97656K) NonClass: 83235K(85168K)->83235K(85168K) Class: 11158K(12488K)->11158K(12488K)
[109.114s][info][gc             ] GC(105) Pause Young (Allocation Failure) 445M->45M(4046M) 5.925ms
[109.114s][info][gc,cpu         ] GC(105) User=0.00s Sys=0.00s Real=0.01s
[109.982s][info][gc,start       ] GC(106) Pause Young (Allocation Failure)
[109.982s][info][gc,task        ] GC(106) Using 6 workers of 6 for evacuation
[109.989s][info][gc,heap        ] GC(106) ParNew: 409637K->440K(460096K)
[109.989s][info][gc,heap        ] GC(106) CMS: 46315K->46337K(3683136K)
[109.989s][info][gc,metaspace   ] GC(106) Metaspace: 94394K(97656K)->94394K(97656K) NonClass: 83235K(85168K)->83235K(85168K) Class: 11158K(12488K)->11158K(12488K)
[109.989s][info][gc             ] GC(106) Pause Young (Allocation Failure) 445M->45M(4046M) 6.417ms
[109.989s][info][gc,cpu         ] GC(106) User=0.00s Sys=0.00s Real=0.02s
[110.916s][info][gc,start       ] GC(107) Pause Young (Allocation Failure)
[110.916s][info][gc,task        ] GC(107) Using 6 workers of 6 for evacuation
[110.923s][info][gc,heap        ] GC(107) ParNew: 409464K->710K(460096K)
[110.923s][info][gc,heap        ] GC(107) CMS: 46337K->46412K(3683136K)
[110.923s][info][gc,metaspace   ] GC(107) Metaspace: 94417K(97656K)->94417K(97656K) NonClass: 83258K(85168K)->83258K(85168K) Class: 11158K(12488K)->11158K(12488K)
[110.923s][info][gc             ] GC(107) Pause Young (Allocation Failure) 445M->46M(4046M) 6.387ms
[110.923s][info][gc,cpu         ] GC(107) User=0.00s Sys=0.00s Real=0.01s
[111.894s][info][gc,start       ] GC(108) Pause Young (Allocation Failure)
[111.894s][info][gc,task        ] GC(108) Using 6 workers of 6 for evacuation
[111.900s][info][gc,heap        ] GC(108) ParNew: 409609K->586K(460096K)
[111.900s][info][gc,heap        ] GC(108) CMS: 46412K->46417K(3683136K)
[111.900s][info][gc,metaspace   ] GC(108) Metaspace: 94417K(97656K)->94417K(97656K) NonClass: 83258K(85168K)->83258K(85168K) Class: 11158K(12488K)->11158K(12488K)
[111.900s][info][gc             ] GC(108) Pause Young (Allocation Failure) 445M->45M(4046M) 6.330ms
[111.900s][info][gc,cpu         ] GC(108) User=0.09s Sys=0.00s Real=0.00s
[112.917s][info][gc,start       ] GC(109) Pause Young (Allocation Failure)
[112.917s][info][gc,task        ] GC(109) Using 6 workers of 6 for evacuation
[112.923s][info][gc,heap        ] GC(109) ParNew: 409610K->342K(460096K)
[112.923s][info][gc,heap        ] GC(109) CMS: 46417K->46425K(3683136K)
[112.923s][info][gc,metaspace   ] GC(109) Metaspace: 94426K(97656K)->94426K(97656K) NonClass: 83267K(85168K)->83267K(85168K) Class: 11158K(12488K)->11158K(12488K)
[112.923s][info][gc             ] GC(109) Pause Young (Allocation Failure) 445M->45M(4046M) 6.010ms
[112.923s][info][gc,cpu         ] GC(109) User=0.00s Sys=0.00s Real=0.01s
[113.910s][info][gc,start       ] GC(110) Pause Young (Allocation Failure)
[113.910s][info][gc,task        ] GC(110) Using 6 workers of 6 for evacuation
[113.916s][info][gc,heap        ] GC(110) ParNew: 409366K->446K(460096K)
[113.916s][info][gc,heap        ] GC(110) CMS: 46425K->46432K(3683136K)
[113.916s][info][gc,metaspace   ] GC(110) Metaspace: 94426K(97656K)->94426K(97656K) NonClass: 83267K(85168K)->83267K(85168K) Class: 11158K(12488K)->11158K(12488K)
[113.916s][info][gc             ] GC(110) Pause Young (Allocation Failure) 445M->45M(4046M) 5.780ms
[113.916s][info][gc,cpu         ] GC(110) User=0.09s Sys=0.00s Real=0.01s
[114.924s][info][gc,start       ] GC(111) Pause Young (Allocation Failure)
[114.924s][info][gc,task        ] GC(111) Using 6 workers of 6 for evacuation
[114.930s][info][gc,heap        ] GC(111) ParNew: 409470K->475K(460096K)
[114.930s][info][gc,heap        ] GC(111) CMS: 46432K->46441K(3683136K)
[114.930s][info][gc,metaspace   ] GC(111) Metaspace: 94426K(97656K)->94426K(97656K) NonClass: 83267K(85168K)->83267K(85168K) Class: 11159K(12488K)->11159K(12488K)
[114.930s][info][gc             ] GC(111) Pause Young (Allocation Failure) 445M->45M(4046M) 6.351ms
[114.930s][info][gc,cpu         ] GC(111) User=0.09s Sys=0.00s Real=0.01s
[115.940s][info][gc,start       ] GC(112) Pause Young (Allocation Failure)
[115.940s][info][gc,task        ] GC(112) Using 6 workers of 6 for evacuation
[115.946s][info][gc,heap        ] GC(112) ParNew: 409313K->667K(460096K)
[115.946s][info][gc,heap        ] GC(112) CMS: 46441K->46450K(3683136K)
[115.946s][info][gc,metaspace   ] GC(112) Metaspace: 94426K(97656K)->94426K(97656K) NonClass: 83267K(85168K)->83267K(85168K) Class: 11159K(12488K)->11159K(12488K)
[115.946s][info][gc             ] GC(112) Pause Young (Allocation Failure) 445M->46M(4046M) 6.443ms
[115.946s][info][gc,cpu         ] GC(112) User=0.09s Sys=0.00s Real=0.00s
[117.025s][info][gc,start       ] GC(113) Pause Young (GCLocker Initiated GC)
[117.025s][info][gc,task        ] GC(113) Using 6 workers of 6 for evacuation
[117.031s][info][gc,heap        ] GC(113) ParNew: 409757K->497K(460096K)
[117.031s][info][gc,heap        ] GC(113) CMS: 46450K->46458K(3683136K)
[117.031s][info][gc,metaspace   ] GC(113) Metaspace: 94426K(97656K)->94426K(97656K) NonClass: 83267K(85168K)->83267K(85168K) Class: 11159K(12488K)->11159K(12488K)
[117.031s][info][gc             ] GC(113) Pause Young (GCLocker Initiated GC) 445M->45M(4046M) 6.337ms
[117.031s][info][gc,cpu         ] GC(113) User=0.00s Sys=0.00s Real=0.00s
[118.115s][info][gc,start       ] GC(114) Pause Young (Allocation Failure)
[118.115s][info][gc,task        ] GC(114) Using 6 workers of 6 for evacuation
[118.123s][info][gc,heap        ] GC(114) ParNew: 409521K->489K(460096K)
[118.123s][info][gc,heap        ] GC(114) CMS: 46458K->46464K(3683136K)
[118.123s][info][gc,metaspace   ] GC(114) Metaspace: 94426K(97656K)->94426K(97656K) NonClass: 83267K(85168K)->83267K(85168K) Class: 11159K(12488K)->11159K(12488K)
[118.123s][info][gc             ] GC(114) Pause Young (Allocation Failure) 445M->45M(4046M) 7.535ms
[118.123s][info][gc,cpu         ] GC(114) User=0.08s Sys=0.00s Real=0.01s
[119.268s][info][gc,start       ] GC(115) Pause Young (Allocation Failure)
[119.269s][info][gc,task        ] GC(115) Using 6 workers of 6 for evacuation
[119.275s][info][gc,heap        ] GC(115) ParNew: 409513K->471K(460096K)
[119.275s][info][gc,heap        ] GC(115) CMS: 46464K->46464K(3683136K)
[119.275s][info][gc,metaspace   ] GC(115) Metaspace: 94427K(97656K)->94427K(97656K) NonClass: 83268K(85168K)->83268K(85168K) Class: 11159K(12488K)->11159K(12488K)
[119.275s][info][gc             ] GC(115) Pause Young (Allocation Failure) 445M->45M(4046M) 6.555ms
[119.275s][info][gc,cpu         ] GC(115) User=0.09s Sys=0.00s Real=0.00s
[119.437s][info][gc,start       ] GC(116) Pause Full (System.gc())
[119.438s][info][gc,phases,start] GC(116) Phase 1: Mark live objects
[119.503s][info][gc,phases      ] GC(116) Phase 1: Mark live objects 65.723ms
[119.503s][info][gc,phases,start] GC(116) Phase 2: Compute new object addresses
[119.526s][info][gc,phases      ] GC(116) Phase 2: Compute new object addresses 22.241ms
[119.526s][info][gc,phases,start] GC(116) Phase 3: Adjust pointers
[119.567s][info][gc,phases      ] GC(116) Phase 3: Adjust pointers 41.094ms
[119.567s][info][gc,phases,start] GC(116) Phase 4: Move objects
[119.569s][info][gc,phases      ] GC(116) Phase 4: Move objects 1.801ms
[119.572s][info][gc,heap        ] GC(116) ParNew: 55470K->0K(460096K)
[119.572s][info][gc,heap        ] GC(116) CMS: 46464K->46113K(3683136K)
[119.572s][info][gc,metaspace   ] GC(116) Metaspace: 94427K(97656K)->94427K(97656K) NonClass: 83268K(85168K)->83268K(85168K) Class: 11159K(12488K)->11159K(12488K)
[119.573s][info][gc             ] GC(116) Pause Full (System.gc()) 99M->45M(4046M) 135.307ms
[119.573s][info][gc,cpu         ] GC(116) User=0.14s Sys=0.00s Real=0.14s
[120.533s][info][gc,start       ] GC(117) Pause Young (Allocation Failure)
[120.533s][info][gc,task        ] GC(117) Using 6 workers of 6 for evacuation
[120.539s][info][gc,heap        ] GC(117) ParNew: 409024K->416K(460096K)
[120.539s][info][gc,heap        ] GC(117) CMS: 46113K->46113K(3683136K)
[120.539s][info][gc,metaspace   ] GC(117) Metaspace: 94427K(97656K)->94427K(97656K) NonClass: 83268K(85168K)->83268K(85168K) Class: 11159K(12488K)->11159K(12488K)
[120.539s][info][gc             ] GC(117) Pause Young (Allocation Failure) 444M->45M(4046M) 6.246ms
[120.539s][info][gc,cpu         ] GC(117) User=0.00s Sys=0.00s Real=0.01s
[121.491s][info][gc,start       ] GC(118) Pause Young (Allocation Failure)
[121.491s][info][gc,task        ] GC(118) Using 6 workers of 6 for evacuation
[121.496s][info][gc,heap        ] GC(118) ParNew: 409440K->374K(460096K)
[121.496s][info][gc,heap        ] GC(118) CMS: 46113K->46113K(3683136K)
[121.496s][info][gc,metaspace   ] GC(118) Metaspace: 94427K(97656K)->94427K(97656K) NonClass: 83268K(85168K)->83268K(85168K) Class: 11159K(12488K)->11159K(12488K)
[121.497s][info][gc             ] GC(118) Pause Young (Allocation Failure) 444M->45M(4046M) 5.803ms
[121.497s][info][gc,cpu         ] GC(118) User=0.09s Sys=0.00s Real=0.01s
[122.596s][info][gc,start       ] GC(119) Pause Young (Allocation Failure)
[122.596s][info][gc,task        ] GC(119) Using 6 workers of 6 for evacuation
[122.602s][info][gc,heap        ] GC(119) ParNew: 409398K->454K(460096K)
[122.602s][info][gc,heap        ] GC(119) CMS: 46113K->46113K(3683136K)
[122.602s][info][gc,metaspace   ] GC(119) Metaspace: 94430K(97656K)->94430K(97656K) NonClass: 83271K(85168K)->83271K(85168K) Class: 11159K(12488K)->11159K(12488K)
[122.602s][info][gc             ] GC(119) Pause Young (Allocation Failure) 444M->45M(4046M) 5.832ms
[122.602s][info][gc,cpu         ] GC(119) User=0.09s Sys=0.00s Real=0.01s
[123.674s][info][gc,start       ] GC(120) Pause Young (Allocation Failure)
[123.674s][info][gc,task        ] GC(120) Using 6 workers of 6 for evacuation
[123.682s][info][gc,heap        ] GC(120) ParNew: 409478K->472K(460096K)
[123.682s][info][gc,heap        ] GC(120) CMS: 46113K->46113K(3683136K)
[123.682s][info][gc,metaspace   ] GC(120) Metaspace: 94430K(97656K)->94430K(97656K) NonClass: 83271K(85168K)->83271K(85168K) Class: 11159K(12488K)->11159K(12488K)
[123.682s][info][gc             ] GC(120) Pause Young (Allocation Failure) 444M->45M(4046M) 7.828ms
[123.682s][info][gc,cpu         ] GC(120) User=0.09s Sys=0.00s Real=0.02s
[124.771s][info][gc,start       ] GC(121) Pause Young (GCLocker Initiated GC)
[124.771s][info][gc,task        ] GC(121) Using 6 workers of 6 for evacuation
[124.777s][info][gc,heap        ] GC(121) ParNew: 409859K->1139K(460096K)
[124.777s][info][gc,heap        ] GC(121) CMS: 46113K->46113K(3683136K)
[124.777s][info][gc,metaspace   ] GC(121) Metaspace: 94432K(97656K)->94432K(97656K) NonClass: 83273K(85168K)->83273K(85168K) Class: 11159K(12488K)->11159K(12488K)
[124.777s][info][gc             ] GC(121) Pause Young (GCLocker Initiated GC) 445M->46M(4046M) 5.828ms
[124.777s][info][gc,cpu         ] GC(121) User=0.09s Sys=0.00s Real=0.01s
[125.878s][info][gc,start       ] GC(122) Pause Young (Allocation Failure)
[125.878s][info][gc,task        ] GC(122) Using 6 workers of 6 for evacuation
[125.885s][info][gc,heap        ] GC(122) ParNew: 410169K->753K(460096K)
[125.885s][info][gc,heap        ] GC(122) CMS: 46113K->46113K(3683136K)
[125.885s][info][gc,metaspace   ] GC(122) Metaspace: 94432K(97656K)->94432K(97656K) NonClass: 83273K(85168K)->83273K(85168K) Class: 11159K(12488K)->11159K(12488K)
[125.885s][info][gc             ] GC(122) Pause Young (Allocation Failure) 445M->45M(4046M) 6.612ms
[125.885s][info][gc,cpu         ] GC(122) User=0.09s Sys=0.00s Real=0.01s
[126.934s][info][gc,start       ] GC(123) Pause Young (Allocation Failure)
[126.934s][info][gc,task        ] GC(123) Using 6 workers of 6 for evacuation
[126.941s][info][gc,heap        ] GC(123) ParNew: 409777K->739K(460096K)
[126.941s][info][gc,heap        ] GC(123) CMS: 46113K->46223K(3683136K)
[126.941s][info][gc,metaspace   ] GC(123) Metaspace: 94432K(97656K)->94432K(97656K) NonClass: 83273K(85168K)->83273K(85168K) Class: 11159K(12488K)->11159K(12488K)
[126.941s][info][gc             ] GC(123) Pause Young (Allocation Failure) 445M->45M(4046M) 7.059ms
[126.941s][info][gc,cpu         ] GC(123) User=0.00s Sys=0.00s Real=0.01s
[127.990s][info][gc,start       ] GC(124) Pause Young (Allocation Failure)
[127.990s][info][gc,task        ] GC(124) Using 6 workers of 6 for evacuation
[127.996s][info][gc,heap        ] GC(124) ParNew: 409763K->610K(460096K)
[127.996s][info][gc,heap        ] GC(124) CMS: 46223K->46243K(3683136K)
[127.996s][info][gc,metaspace   ] GC(124) Metaspace: 94432K(97656K)->94432K(97656K) NonClass: 83273K(85168K)->83273K(85168K) Class: 11159K(12488K)->11159K(12488K)
[127.996s][info][gc             ] GC(124) Pause Young (Allocation Failure) 445M->45M(4046M) 6.066ms
[127.996s][info][gc,cpu         ] GC(124) User=0.09s Sys=0.00s Real=0.01s
[129.061s][info][gc,start       ] GC(125) Pause Young (GCLocker Initiated GC)
[129.061s][info][gc,task        ] GC(125) Using 6 workers of 6 for evacuation
[129.067s][info][gc,heap        ] GC(125) ParNew: 409710K->820K(460096K)
[129.067s][info][gc,heap        ] GC(125) CMS: 46243K->46297K(3683136K)
[129.067s][info][gc,metaspace   ] GC(125) Metaspace: 94432K(97656K)->94432K(97656K) NonClass: 83273K(85168K)->83273K(85168K) Class: 11159K(12488K)->11159K(12488K)
[129.067s][info][gc             ] GC(125) Pause Young (GCLocker Initiated GC) 445M->46M(4046M) 6.376ms
[129.067s][info][gc,cpu         ] GC(125) User=0.00s Sys=0.00s Real=0.01s
[130.037s][info][gc,start       ] GC(126) Pause Young (GCLocker Initiated GC)
[130.037s][info][gc,task        ] GC(126) Using 6 workers of 6 for evacuation
[130.043s][info][gc,heap        ] GC(126) ParNew: 410123K->987K(460096K)
[130.043s][info][gc,heap        ] GC(126) CMS: 46297K->46324K(3683136K)
[130.043s][info][gc,metaspace   ] GC(126) Metaspace: 94432K(97656K)->94432K(97656K) NonClass: 83273K(85168K)->83273K(85168K) Class: 11159K(12488K)->11159K(12488K)
[130.043s][info][gc             ] GC(126) Pause Young (GCLocker Initiated GC) 445M->46M(4046M) 6.500ms
[130.043s][info][gc,cpu         ] GC(126) User=0.09s Sys=0.00s Real=0.01s
[130.979s][info][gc,start       ] GC(127) Pause Young (Allocation Failure)
[130.979s][info][gc,task        ] GC(127) Using 6 workers of 6 for evacuation
[130.985s][info][gc,heap        ] GC(127) ParNew: 410011K->439K(460096K)
[130.985s][info][gc,heap        ] GC(127) CMS: 46324K->46404K(3683136K)
[130.985s][info][gc,metaspace   ] GC(127) Metaspace: 94432K(97656K)->94432K(97656K) NonClass: 83273K(85168K)->83273K(85168K) Class: 11159K(12488K)->11159K(12488K)
[130.985s][info][gc             ] GC(127) Pause Young (Allocation Failure) 445M->45M(4046M) 6.143ms
[130.985s][info][gc,cpu         ] GC(127) User=0.00s Sys=0.00s Real=0.00s
[131.867s][info][gc,start       ] GC(128) Pause Young (Allocation Failure)
[131.867s][info][gc,task        ] GC(128) Using 6 workers of 6 for evacuation
[131.873s][info][gc,heap        ] GC(128) ParNew: 409463K->417K(460096K)
[131.873s][info][gc,heap        ] GC(128) CMS: 46404K->46415K(3683136K)
[131.873s][info][gc,metaspace   ] GC(128) Metaspace: 94433K(97656K)->94433K(97656K) NonClass: 83274K(85168K)->83274K(85168K) Class: 11159K(12488K)->11159K(12488K)
[131.873s][info][gc             ] GC(128) Pause Young (Allocation Failure) 445M->45M(4046M) 6.346ms
[131.873s][info][gc,cpu         ] GC(128) User=0.00s Sys=0.00s Real=0.01s
[132.787s][info][gc,start       ] GC(129) Pause Young (Allocation Failure)
[132.787s][info][gc,task        ] GC(129) Using 6 workers of 6 for evacuation
[132.793s][info][gc,heap        ] GC(129) ParNew: 409441K->811K(460096K)
[132.793s][info][gc,heap        ] GC(129) CMS: 46415K->46425K(3683136K)
[132.793s][info][gc,metaspace   ] GC(129) Metaspace: 94437K(97656K)->94437K(97656K) NonClass: 83278K(85168K)->83278K(85168K) Class: 11159K(12488K)->11159K(12488K)
[132.793s][info][gc             ] GC(129) Pause Young (Allocation Failure) 445M->46M(4046M) 6.149ms
[132.793s][info][gc,cpu         ] GC(129) User=0.09s Sys=0.00s Real=0.00s
[133.764s][info][gc,start       ] GC(130) Pause Young (Allocation Failure)
[133.764s][info][gc,task        ] GC(130) Using 6 workers of 6 for evacuation
[133.770s][info][gc,heap        ] GC(130) ParNew: 409835K->403K(460096K)
[133.770s][info][gc,heap        ] GC(130) CMS: 46425K->46430K(3683136K)
[133.770s][info][gc,metaspace   ] GC(130) Metaspace: 94438K(97656K)->94438K(97656K) NonClass: 83278K(85168K)->83278K(85168K) Class: 11159K(12488K)->11159K(12488K)
[133.770s][info][gc             ] GC(130) Pause Young (Allocation Failure) 445M->45M(4046M) 5.831ms
[133.770s][info][gc,cpu         ] GC(130) User=0.00s Sys=0.00s Real=0.00s
[134.836s][info][gc,start       ] GC(131) Pause Young (Allocation Failure)
[134.836s][info][gc,task        ] GC(131) Using 6 workers of 6 for evacuation
[134.842s][info][gc,heap        ] GC(131) ParNew: 409427K->702K(460096K)
[134.842s][info][gc,heap        ] GC(131) CMS: 46430K->46438K(3683136K)
[134.842s][info][gc,metaspace   ] GC(131) Metaspace: 94438K(97656K)->94438K(97656K) NonClass: 83278K(85168K)->83278K(85168K) Class: 11159K(12488K)->11159K(12488K)
[134.842s][info][gc             ] GC(131) Pause Young (Allocation Failure) 445M->46M(4046M) 6.371ms
[134.842s][info][gc,cpu         ] GC(131) User=0.00s Sys=0.00s Real=0.01s
[135.812s][info][gc,start       ] GC(132) Pause Young (Allocation Failure)
[135.812s][info][gc,task        ] GC(132) Using 6 workers of 6 for evacuation
[135.818s][info][gc,heap        ] GC(132) ParNew: 409954K->596K(460096K)
[135.818s][info][gc,heap        ] GC(132) CMS: 46438K->46445K(3683136K)
[135.818s][info][gc,metaspace   ] GC(132) Metaspace: 94438K(97656K)->94438K(97656K) NonClass: 83278K(85168K)->83278K(85168K) Class: 11159K(12488K)->11159K(12488K)
[135.818s][info][gc             ] GC(132) Pause Young (Allocation Failure) 445M->45M(4046M) 5.774ms
[135.818s][info][gc,cpu         ] GC(132) User=0.00s Sys=0.00s Real=0.00s
[136.820s][info][gc,start       ] GC(133) Pause Young (Allocation Failure)
[136.820s][info][gc,task        ] GC(133) Using 6 workers of 6 for evacuation
[136.826s][info][gc,heap        ] GC(133) ParNew: 409620K->743K(460096K)
[136.826s][info][gc,heap        ] GC(133) CMS: 46445K->46451K(3683136K)
[136.826s][info][gc,metaspace   ] GC(133) Metaspace: 94438K(97656K)->94438K(97656K) NonClass: 83278K(85168K)->83278K(85168K) Class: 11159K(12488K)->11159K(12488K)
[136.826s][info][gc             ] GC(133) Pause Young (Allocation Failure) 445M->46M(4046M) 6.023ms
[136.826s][info][gc,cpu         ] GC(133) User=0.00s Sys=0.00s Real=0.00s
[137.843s][info][gc,start       ] GC(134) Pause Young (Allocation Failure)
[137.843s][info][gc,task        ] GC(134) Using 6 workers of 6 for evacuation
[137.849s][info][gc,heap        ] GC(134) ParNew: 409767K->486K(460096K)
[137.849s][info][gc,heap        ] GC(134) CMS: 46451K->46461K(3683136K)
[137.849s][info][gc,metaspace   ] GC(134) Metaspace: 94438K(97656K)->94438K(97656K) NonClass: 83278K(85168K)->83278K(85168K) Class: 11159K(12488K)->11159K(12488K)
[137.849s][info][gc             ] GC(134) Pause Young (Allocation Failure) 445M->45M(4046M) 6.550ms
[137.849s][info][gc,cpu         ] GC(134) User=0.00s Sys=0.00s Real=0.01s
[138.899s][info][gc,start       ] GC(135) Pause Young (Allocation Failure)
[138.899s][info][gc,task        ] GC(135) Using 6 workers of 6 for evacuation
[138.905s][info][gc,heap        ] GC(135) ParNew: 409510K->509K(460096K)
[138.905s][info][gc,heap        ] GC(135) CMS: 46461K->46470K(3683136K)
[138.905s][info][gc,metaspace   ] GC(135) Metaspace: 94438K(97656K)->94438K(97656K) NonClass: 83278K(85168K)->83278K(85168K) Class: 11159K(12488K)->11159K(12488K)
[138.905s][info][gc             ] GC(135) Pause Young (Allocation Failure) 445M->45M(4046M) 5.998ms
[138.905s][info][gc,cpu         ] GC(135) User=0.00s Sys=0.00s Real=0.01s
[140.004s][info][gc,start       ] GC(136) Pause Young (Allocation Failure)
[140.004s][info][gc,task        ] GC(136) Using 6 workers of 6 for evacuation
[140.010s][info][gc,heap        ] GC(136) ParNew: 409533K->477K(460096K)
[140.010s][info][gc,heap        ] GC(136) CMS: 46470K->46475K(3683136K)
[140.010s][info][gc,metaspace   ] GC(136) Metaspace: 94441K(97656K)->94441K(97656K) NonClass: 83282K(85168K)->83282K(85168K) Class: 11159K(12488K)->11159K(12488K)
[140.010s][info][gc             ] GC(136) Pause Young (Allocation Failure) 445M->45M(4046M) 6.313ms
[140.010s][info][gc,cpu         ] GC(136) User=0.09s Sys=0.00s Real=0.00s
[141.154s][info][gc,start       ] GC(137) Pause Young (Allocation Failure)
[141.154s][info][gc,task        ] GC(137) Using 6 workers of 6 for evacuation
[141.160s][info][gc,heap        ] GC(137) ParNew: 409501K->647K(460096K)
[141.160s][info][gc,heap        ] GC(137) CMS: 46475K->46539K(3683136K)
[141.160s][info][gc,metaspace   ] GC(137) Metaspace: 94441K(97656K)->94441K(97656K) NonClass: 83282K(85168K)->83282K(85168K) Class: 11159K(12488K)->11159K(12488K)
[141.160s][info][gc             ] GC(137) Pause Young (Allocation Failure) 445M->46M(4046M) 6.482ms
[141.160s][info][gc,cpu         ] GC(137) User=0.00s Sys=0.00s Real=0.00s
[141.310s][info][gc,start       ] GC(138) Pause Full (System.gc())
[141.311s][info][gc,phases,start] GC(138) Phase 1: Mark live objects
[141.377s][info][gc,phases      ] GC(138) Phase 1: Mark live objects 65.965ms
[141.377s][info][gc,phases,start] GC(138) Phase 2: Compute new object addresses
[141.399s][info][gc,phases      ] GC(138) Phase 2: Compute new object addresses 22.288ms
[141.399s][info][gc,phases,start] GC(138) Phase 3: Adjust pointers
[141.441s][info][gc,phases      ] GC(138) Phase 3: Adjust pointers 41.130ms
[141.441s][info][gc,phases,start] GC(138) Phase 4: Move objects
[141.443s][info][gc,phases      ] GC(138) Phase 4: Move objects 1.933ms
[141.446s][info][gc,heap        ] GC(138) ParNew: 55640K->0K(460096K)
[141.446s][info][gc,heap        ] GC(138) CMS: 46539K->46120K(3683136K)
[141.446s][info][gc,metaspace   ] GC(138) Metaspace: 94441K(97656K)->94441K(97656K) NonClass: 83282K(85168K)->83282K(85168K) Class: 11159K(12488K)->11159K(12488K)
[141.447s][info][gc             ] GC(138) Pause Full (System.gc()) 99M->45M(4046M) 136.382ms
[141.447s][info][gc,cpu         ] GC(138) User=0.14s Sys=0.00s Real=0.13s
[142.420s][info][gc,start       ] GC(139) Pause Young (Allocation Failure)
[142.420s][info][gc,task        ] GC(139) Using 6 workers of 6 for evacuation
[142.426s][info][gc,heap        ] GC(139) ParNew: 409024K->404K(460096K)
[142.427s][info][gc,heap        ] GC(139) CMS: 46120K->46120K(3683136K)
[142.427s][info][gc,metaspace   ] GC(139) Metaspace: 94441K(97656K)->94441K(97656K) NonClass: 83282K(85168K)->83282K(85168K) Class: 11159K(12488K)->11159K(12488K)
[142.427s][info][gc             ] GC(139) Pause Young (Allocation Failure) 444M->45M(4046M) 6.808ms
[142.427s][info][gc,cpu         ] GC(139) User=0.00s Sys=0.00s Real=0.01s
[143.389s][info][gc,start       ] GC(140) Pause Young (GCLocker Initiated GC)
[143.389s][info][gc,task        ] GC(140) Using 6 workers of 6 for evacuation
[143.395s][info][gc,heap        ] GC(140) ParNew: 409430K->500K(460096K)
[143.395s][info][gc,heap        ] GC(140) CMS: 46120K->46120K(3683136K)
[143.395s][info][gc,metaspace   ] GC(140) Metaspace: 94483K(97656K)->94483K(97656K) NonClass: 83324K(85168K)->83324K(85168K) Class: 11159K(12488K)->11159K(12488K)
[143.395s][info][gc             ] GC(140) Pause Young (GCLocker Initiated GC) 444M->45M(4046M) 5.782ms
[143.395s][info][gc,cpu         ] GC(140) User=0.00s Sys=0.00s Real=0.00s
[144.489s][info][gc,start       ] GC(141) Pause Young (Allocation Failure)
[144.489s][info][gc,task        ] GC(141) Using 6 workers of 6 for evacuation
[144.495s][info][gc,heap        ] GC(141) ParNew: 409524K->786K(460096K)
[144.495s][info][gc,heap        ] GC(141) CMS: 46120K->46120K(3683136K)
[144.495s][info][gc,metaspace   ] GC(141) Metaspace: 94503K(97912K)->94503K(97912K) NonClass: 83343K(85424K)->83343K(85424K) Class: 11159K(12488K)->11159K(12488K)
[144.495s][info][gc             ] GC(141) Pause Young (Allocation Failure) 444M->45M(4046M) 5.279ms
[144.495s][info][gc,cpu         ] GC(141) User=0.09s Sys=0.00s Real=0.00s
[145.576s][info][gc,start       ] GC(142) Pause Young (Allocation Failure)
[145.576s][info][gc,task        ] GC(142) Using 6 workers of 6 for evacuation
[145.583s][info][gc,heap        ] GC(142) ParNew: 409810K->799K(460096K)
[145.583s][info][gc,heap        ] GC(142) CMS: 46120K->46120K(3683136K)
[145.583s][info][gc,metaspace   ] GC(142) Metaspace: 94530K(97912K)->94530K(97912K) NonClass: 83371K(85424K)->83371K(85424K) Class: 11159K(12488K)->11159K(12488K)
[145.583s][info][gc             ] GC(142) Pause Young (Allocation Failure) 445M->45M(4046M) 6.708ms
[145.583s][info][gc,cpu         ] GC(142) User=0.00s Sys=0.00s Real=0.01s
[146.647s][info][gc,start       ] GC(143) Pause Young (Allocation Failure)
[146.647s][info][gc,task        ] GC(143) Using 6 workers of 6 for evacuation
[146.653s][info][gc,heap        ] GC(143) ParNew: 409823K->964K(460096K)
[146.653s][info][gc,heap        ] GC(143) CMS: 46120K->46120K(3683136K)
[146.653s][info][gc,metaspace   ] GC(143) Metaspace: 94530K(97912K)->94530K(97912K) NonClass: 83371K(85424K)->83371K(85424K) Class: 11159K(12488K)->11159K(12488K)
[146.653s][info][gc             ] GC(143) Pause Young (Allocation Failure) 445M->45M(4046M) 5.945ms
[146.653s][info][gc,cpu         ] GC(143) User=0.09s Sys=0.00s Real=0.01s
[147.749s][info][gc,start       ] GC(144) Pause Young (Allocation Failure)
[147.749s][info][gc,task        ] GC(144) Using 6 workers of 6 for evacuation
[147.755s][info][gc,heap        ] GC(144) ParNew: 409988K->848K(460096K)
[147.755s][info][gc,heap        ] GC(144) CMS: 46120K->46120K(3683136K)
[147.755s][info][gc,metaspace   ] GC(144) Metaspace: 94530K(97912K)->94530K(97912K) NonClass: 83371K(85424K)->83371K(85424K) Class: 11159K(12488K)->11159K(12488K)
[147.755s][info][gc             ] GC(144) Pause Young (Allocation Failure) 445M->45M(4046M) 6.124ms
[147.755s][info][gc,cpu         ] GC(144) User=0.00s Sys=0.00s Real=0.01s
[148.806s][info][gc,start       ] GC(145) Pause Young (Allocation Failure)
[148.806s][info][gc,task        ] GC(145) Using 6 workers of 6 for evacuation
[148.812s][info][gc,heap        ] GC(145) ParNew: 409872K->703K(460096K)
[148.812s][info][gc,heap        ] GC(145) CMS: 46120K->46227K(3683136K)
[148.812s][info][gc,metaspace   ] GC(145) Metaspace: 94530K(97912K)->94530K(97912K) NonClass: 83371K(85424K)->83371K(85424K) Class: 11159K(12488K)->11159K(12488K)
[148.812s][info][gc             ] GC(145) Pause Young (Allocation Failure) 445M->45M(4046M) 6.047ms
[148.812s][info][gc,cpu         ] GC(145) User=0.00s Sys=0.00s Real=0.01s
[149.876s][info][gc,start       ] GC(146) Pause Young (Allocation Failure)
[149.876s][info][gc,task        ] GC(146) Using 6 workers of 6 for evacuation
[149.882s][info][gc,heap        ] GC(146) ParNew: 409727K->580K(460096K)
[149.882s][info][gc,heap        ] GC(146) CMS: 46227K->46279K(3683136K)
[149.882s][info][gc,metaspace   ] GC(146) Metaspace: 94530K(97912K)->94530K(97912K) NonClass: 83371K(85424K)->83371K(85424K) Class: 11159K(12488K)->11159K(12488K)
[149.882s][info][gc             ] GC(146) Pause Young (Allocation Failure) 445M->45M(4046M) 6.480ms
[149.882s][info][gc,cpu         ] GC(146) User=0.02s Sys=0.00s Real=0.01s
[150.944s][info][gc,start       ] GC(147) Pause Young (Allocation Failure)
[150.944s][info][gc,task        ] GC(147) Using 6 workers of 6 for evacuation
[150.950s][info][gc,heap        ] GC(147) ParNew: 409604K->488K(460096K)
[150.950s][info][gc,heap        ] GC(147) CMS: 46279K->46384K(3683136K)
[150.950s][info][gc,metaspace   ] GC(147) Metaspace: 94530K(97912K)->94530K(97912K) NonClass: 83371K(85424K)->83371K(85424K) Class: 11159K(12488K)->11159K(12488K)
[150.950s][info][gc             ] GC(147) Pause Young (Allocation Failure) 445M->45M(4046M) 5.982ms
[150.950s][info][gc,cpu         ] GC(147) User=0.02s Sys=0.00s Real=0.01s
[151.915s][info][gc,start       ] GC(148) Pause Young (Allocation Failure)
[151.915s][info][gc,task        ] GC(148) Using 6 workers of 6 for evacuation
[151.920s][info][gc,heap        ] GC(148) ParNew: 409512K->402K(460096K)
[151.920s][info][gc,heap        ] GC(148) CMS: 46384K->46400K(3683136K)
[151.920s][info][gc,metaspace   ] GC(148) Metaspace: 94530K(97912K)->94530K(97912K) NonClass: 83371K(85424K)->83371K(85424K) Class: 11159K(12488K)->11159K(12488K)
[151.920s][info][gc             ] GC(148) Pause Young (Allocation Failure) 445M->45M(4046M) 5.659ms
[151.920s][info][gc,cpu         ] GC(148) User=0.00s Sys=0.00s Real=0.01s
[152.849s][info][gc,start       ] GC(149) Pause Young (GCLocker Initiated GC)
[152.849s][info][gc,task        ] GC(149) Using 6 workers of 6 for evacuation
[152.855s][info][gc,heap        ] GC(149) ParNew: 409695K->694K(460096K)
[152.855s][info][gc,heap        ] GC(149) CMS: 46400K->46410K(3683136K)
[152.855s][info][gc,metaspace   ] GC(149) Metaspace: 94532K(97912K)->94532K(97912K) NonClass: 83373K(85424K)->83373K(85424K) Class: 11159K(12488K)->11159K(12488K)
[152.855s][info][gc             ] GC(149) Pause Young (GCLocker Initiated GC) 445M->46M(4046M) 5.485ms
[152.855s][info][gc,cpu         ] GC(149) User=0.09s Sys=0.00s Real=0.01s
[153.724s][info][gc,start       ] GC(150) Pause Young (Allocation Failure)
[153.724s][info][gc,task        ] GC(150) Using 6 workers of 6 for evacuation
[153.729s][info][gc,heap        ] GC(150) ParNew: 409718K->410K(460096K)
[153.729s][info][gc,heap        ] GC(150) CMS: 46410K->46421K(3683136K)
[153.729s][info][gc,metaspace   ] GC(150) Metaspace: 94532K(97912K)->94532K(97912K) NonClass: 83373K(85424K)->83373K(85424K) Class: 11159K(12488K)->11159K(12488K)
[153.729s][info][gc             ] GC(150) Pause Young (Allocation Failure) 445M->45M(4046M) 5.402ms
[153.729s][info][gc,cpu         ] GC(150) User=0.09s Sys=0.00s Real=0.01s
[154.663s][info][gc,start       ] GC(151) Pause Young (Allocation Failure)
[154.663s][info][gc,task        ] GC(151) Using 6 workers of 6 for evacuation
[154.670s][info][gc,heap        ] GC(151) ParNew: 409434K->567K(460096K)
[154.670s][info][gc,heap        ] GC(151) CMS: 46421K->46431K(3683136K)
[154.670s][info][gc,metaspace   ] GC(151) Metaspace: 94533K(97912K)->94533K(97912K) NonClass: 83373K(85424K)->83373K(85424K) Class: 11159K(12488K)->11159K(12488K)
[154.670s][info][gc             ] GC(151) Pause Young (Allocation Failure) 445M->45M(4046M) 6.770ms
[154.670s][info][gc,cpu         ] GC(151) User=0.00s Sys=0.00s Real=0.01s
[155.638s][info][gc,start       ] GC(152) Pause Young (Allocation Failure)
[155.638s][info][gc,task        ] GC(152) Using 6 workers of 6 for evacuation
[155.644s][info][gc,heap        ] GC(152) ParNew: 409591K->488K(460096K)
[155.644s][info][gc,heap        ] GC(152) CMS: 46431K->46436K(3683136K)
[155.644s][info][gc,metaspace   ] GC(152) Metaspace: 94533K(97912K)->94533K(97912K) NonClass: 83373K(85424K)->83373K(85424K) Class: 11159K(12488K)->11159K(12488K)
[155.644s][info][gc             ] GC(152) Pause Young (Allocation Failure) 445M->45M(4046M) 5.923ms
[155.644s][info][gc,cpu         ] GC(152) User=0.00s Sys=0.00s Real=0.00s
[156.646s][info][gc,start       ] GC(153) Pause Young (Allocation Failure)
[156.647s][info][gc,task        ] GC(153) Using 6 workers of 6 for evacuation
[156.653s][info][gc,heap        ] GC(153) ParNew: 409512K->475K(460096K)
[156.653s][info][gc,heap        ] GC(153) CMS: 46436K->46444K(3683136K)
[156.653s][info][gc,metaspace   ] GC(153) Metaspace: 94546K(97912K)->94546K(97912K) NonClass: 83386K(85424K)->83386K(85424K) Class: 11160K(12488K)->11160K(12488K)
[156.653s][info][gc             ] GC(153) Pause Young (Allocation Failure) 445M->45M(4046M) 6.618ms
[156.653s][info][gc,cpu         ] GC(153) User=0.09s Sys=0.00s Real=0.00s
[157.633s][info][gc,start       ] GC(154) Pause Young (Allocation Failure)
[157.633s][info][gc,task        ] GC(154) Using 6 workers of 6 for evacuation
[157.639s][info][gc,heap        ] GC(154) ParNew: 409519K->587K(460096K)
[157.639s][info][gc,heap        ] GC(154) CMS: 46444K->46451K(3683136K)
[157.639s][info][gc,metaspace   ] GC(154) Metaspace: 94547K(97912K)->94547K(97912K) NonClass: 83386K(85424K)->83386K(85424K) Class: 11160K(12488K)->11160K(12488K)
[157.639s][info][gc             ] GC(154) Pause Young (Allocation Failure) 445M->45M(4046M) 5.945ms
[157.639s][info][gc,cpu         ] GC(154) User=0.00s Sys=0.00s Real=0.01s
[158.657s][info][gc,start       ] GC(155) Pause Young (Allocation Failure)
[158.657s][info][gc,task        ] GC(155) Using 6 workers of 6 for evacuation
[158.663s][info][gc,heap        ] GC(155) ParNew: 409606K->616K(460096K)
[158.663s][info][gc,heap        ] GC(155) CMS: 46451K->46457K(3683136K)
[158.663s][info][gc,metaspace   ] GC(155) Metaspace: 94547K(97912K)->94547K(97912K) NonClass: 83386K(85424K)->83386K(85424K) Class: 11160K(12488K)->11160K(12488K)
[158.663s][info][gc             ] GC(155) Pause Young (Allocation Failure) 445M->45M(4046M) 5.803ms
[158.663s][info][gc,cpu         ] GC(155) User=0.00s Sys=0.00s Real=0.01s
[159.664s][info][gc,start       ] GC(156) Pause Young (Allocation Failure)
[159.664s][info][gc,task        ] GC(156) Using 6 workers of 6 for evacuation
[159.670s][info][gc,heap        ] GC(156) ParNew: 409640K->457K(460096K)
[159.670s][info][gc,heap        ] GC(156) CMS: 46457K->46470K(3683136K)
[159.670s][info][gc,metaspace   ] GC(156) Metaspace: 94551K(97912K)->94551K(97912K) NonClass: 83391K(85424K)->83391K(85424K) Class: 11160K(12488K)->11160K(12488K)
[159.670s][info][gc             ] GC(156) Pause Young (Allocation Failure) 445M->45M(4046M) 6.295ms
[159.671s][info][gc,cpu         ] GC(156) User=0.00s Sys=0.00s Real=0.01s
[160.751s][info][gc,start       ] GC(157) Pause Young (GCLocker Initiated GC)
[160.751s][info][gc,task        ] GC(157) Using 6 workers of 6 for evacuation
[160.758s][info][gc,heap        ] GC(157) ParNew: 409684K->846K(460096K)
[160.758s][info][gc,heap        ] GC(157) CMS: 46470K->46541K(3683136K)
[160.758s][info][gc,metaspace   ] GC(157) Metaspace: 94551K(97912K)->94551K(97912K) NonClass: 83391K(85424K)->83391K(85424K) Class: 11160K(12488K)->11160K(12488K)
[160.758s][info][gc             ] GC(157) Pause Young (GCLocker Initiated GC) 445M->46M(4046M) 6.791ms
[160.758s][info][gc,cpu         ] GC(157) User=0.00s Sys=0.00s Real=0.01s
[161.855s][info][gc,start       ] GC(158) Pause Young (Allocation Failure)
[161.855s][info][gc,task        ] GC(158) Using 6 workers of 6 for evacuation
[161.860s][info][gc,heap        ] GC(158) ParNew: 410114K->591K(460096K)
[161.860s][info][gc,heap        ] GC(158) CMS: 46541K->46546K(3683136K)
[161.860s][info][gc,metaspace   ] GC(158) Metaspace: 94551K(97912K)->94551K(97912K) NonClass: 83391K(85424K)->83391K(85424K) Class: 11160K(12488K)->11160K(12488K)
[161.860s][info][gc             ] GC(158) Pause Young (Allocation Failure) 445M->46M(4046M) 5.694ms
[161.860s][info][gc,cpu         ] GC(158) User=0.00s Sys=0.00s Real=0.00s
[163.004s][info][gc,start       ] GC(159) Pause Young (GCLocker Initiated GC)
[163.004s][info][gc,task        ] GC(159) Using 6 workers of 6 for evacuation
[163.010s][info][gc,heap        ] GC(159) ParNew: 409818K->673K(460096K)
[163.010s][info][gc,heap        ] GC(159) CMS: 46546K->46547K(3683136K)
[163.010s][info][gc,metaspace   ] GC(159) Metaspace: 94551K(97912K)->94551K(97912K) NonClass: 83391K(85424K)->83391K(85424K) Class: 11160K(12488K)->11160K(12488K)
[163.010s][info][gc             ] GC(159) Pause Young (GCLocker Initiated GC) 445M->46M(4046M) 6.163ms
[163.010s][info][gc,cpu         ] GC(159) User=0.09s Sys=0.00s Real=0.01s
[163.112s][info][gc,start       ] GC(160) Pause Full (System.gc())
[163.113s][info][gc,phases,start] GC(160) Phase 1: Mark live objects
[163.179s][info][gc,phases      ] GC(160) Phase 1: Mark live objects 66.332ms
[163.179s][info][gc,phases,start] GC(160) Phase 2: Compute new object addresses
[163.200s][info][gc,phases      ] GC(160) Phase 2: Compute new object addresses 21.176ms
[163.200s][info][gc,phases,start] GC(160) Phase 3: Adjust pointers
[163.244s][info][gc,phases      ] GC(160) Phase 3: Adjust pointers 43.493ms
[163.244s][info][gc,phases,start] GC(160) Phase 4: Move objects
[163.252s][info][gc,phases      ] GC(160) Phase 4: Move objects 8.127ms
[163.255s][info][gc,heap        ] GC(160) ParNew: 46602K->0K(460096K)
[163.255s][info][gc,heap        ] GC(160) CMS: 46547K->46125K(3683136K)
[163.255s][info][gc,metaspace   ] GC(160) Metaspace: 94552K(97912K)->94552K(97912K) NonClass: 83392K(85424K)->83392K(85424K) Class: 11160K(12488K)->11160K(12488K)
[163.256s][info][gc             ] GC(160) Pause Full (System.gc()) 90M->45M(4046M) 144.039ms
[163.256s][info][gc,cpu         ] GC(160) User=0.14s Sys=0.00s Real=0.14s
[164.224s][info][gc,start       ] GC(161) Pause Young (Allocation Failure)
[164.224s][info][gc,task        ] GC(161) Using 6 workers of 6 for evacuation
[164.230s][info][gc,heap        ] GC(161) ParNew: 409024K->394K(460096K)
[164.230s][info][gc,heap        ] GC(161) CMS: 46125K->46125K(3683136K)
[164.230s][info][gc,metaspace   ] GC(161) Metaspace: 94552K(97912K)->94552K(97912K) NonClass: 83392K(85424K)->83392K(85424K) Class: 11160K(12488K)->11160K(12488K)
[164.230s][info][gc             ] GC(161) Pause Young (Allocation Failure) 444M->45M(4046M) 5.989ms
[164.230s][info][gc,cpu         ] GC(161) User=0.09s Sys=0.00s Real=0.00s
[165.198s][info][gc,start       ] GC(162) Pause Young (Allocation Failure)
[165.198s][info][gc,task        ] GC(162) Using 6 workers of 6 for evacuation
[165.204s][info][gc,heap        ] GC(162) ParNew: 409418K->506K(460096K)
[165.204s][info][gc,heap        ] GC(162) CMS: 46125K->46125K(3683136K)
[165.204s][info][gc,metaspace   ] GC(162) Metaspace: 94556K(97912K)->94556K(97912K) NonClass: 83395K(85424K)->83395K(85424K) Class: 11160K(12488K)->11160K(12488K)
[165.204s][info][gc             ] GC(162) Pause Young (Allocation Failure) 444M->45M(4046M) 6.315ms
[165.204s][info][gc,cpu         ] GC(162) User=0.00s Sys=0.00s Real=0.01s
[166.313s][info][gc,start       ] GC(163) Pause Young (Allocation Failure)
[166.314s][info][gc,task        ] GC(163) Using 6 workers of 6 for evacuation
[166.319s][info][gc,heap        ] GC(163) ParNew: 409530K->663K(460096K)
[166.319s][info][gc,heap        ] GC(163) CMS: 46125K->46125K(3683136K)
[166.319s][info][gc,metaspace   ] GC(163) Metaspace: 94556K(97912K)->94556K(97912K) NonClass: 83395K(85424K)->83395K(85424K) Class: 11160K(12488K)->11160K(12488K)
[166.319s][info][gc             ] GC(163) Pause Young (Allocation Failure) 444M->45M(4046M) 5.736ms
[166.319s][info][gc,cpu         ] GC(163) User=0.00s Sys=0.00s Real=0.00s
[167.382s][info][gc,start       ] GC(164) Pause Young (Allocation Failure)
[167.382s][info][gc,task        ] GC(164) Using 6 workers of 6 for evacuation
[167.389s][info][gc,heap        ] GC(164) ParNew: 409687K->781K(460096K)
[167.390s][info][gc,heap        ] GC(164) CMS: 46125K->46125K(3683136K)
[167.390s][info][gc,metaspace   ] GC(164) Metaspace: 94556K(97912K)->94556K(97912K) NonClass: 83396K(85424K)->83396K(85424K) Class: 11160K(12488K)->11160K(12488K)
[167.390s][info][gc             ] GC(164) Pause Young (Allocation Failure) 445M->45M(4046M) 7.549ms
[167.390s][info][gc,cpu         ] GC(164) User=0.00s Sys=0.02s Real=0.01s
[168.454s][info][gc,start       ] GC(165) Pause Young (Allocation Failure)
[168.454s][info][gc,task        ] GC(165) Using 6 workers of 6 for evacuation
[168.460s][info][gc,heap        ] GC(165) ParNew: 409805K->733K(460096K)
[168.460s][info][gc,heap        ] GC(165) CMS: 46125K->46125K(3683136K)
[168.460s][info][gc,metaspace   ] GC(165) Metaspace: 94558K(97912K)->94558K(97912K) NonClass: 83397K(85424K)->83397K(85424K) Class: 11160K(12488K)->11160K(12488K)
[168.460s][info][gc             ] GC(165) Pause Young (Allocation Failure) 445M->45M(4046M) 5.764ms
[168.460s][info][gc,cpu         ] GC(165) User=0.02s Sys=0.00s Real=0.01s
[169.567s][info][gc,start       ] GC(166) Pause Young (Allocation Failure)
[169.567s][info][gc,task        ] GC(166) Using 6 workers of 6 for evacuation
[169.573s][info][gc,heap        ] GC(166) ParNew: 409757K->616K(460096K)
[169.573s][info][gc,heap        ] GC(166) CMS: 46125K->46125K(3683136K)
[169.573s][info][gc,metaspace   ] GC(166) Metaspace: 94558K(97912K)->94558K(97912K) NonClass: 83397K(85424K)->83397K(85424K) Class: 11160K(12488K)->11160K(12488K)
[169.573s][info][gc             ] GC(166) Pause Young (Allocation Failure) 445M->45M(4046M) 6.262ms
[169.573s][info][gc,cpu         ] GC(166) User=0.09s Sys=0.00s Real=0.01s
[170.634s][info][gc,start       ] GC(167) Pause Young (Allocation Failure)
[170.634s][info][gc,task        ] GC(167) Using 6 workers of 6 for evacuation
[170.641s][info][gc,heap        ] GC(167) ParNew: 409640K->720K(460096K)
[170.641s][info][gc,heap        ] GC(167) CMS: 46125K->46253K(3683136K)
[170.641s][info][gc,metaspace   ] GC(167) Metaspace: 94558K(97912K)->94558K(97912K) NonClass: 83397K(85424K)->83397K(85424K) Class: 11160K(12488K)->11160K(12488K)
[170.641s][info][gc             ] GC(167) Pause Young (Allocation Failure) 445M->45M(4046M) 6.967ms
[170.641s][info][gc,cpu         ] GC(167) User=0.00s Sys=0.00s Real=0.00s
[171.693s][info][gc,start       ] GC(168) Pause Young (Allocation Failure)
[171.693s][info][gc,task        ] GC(168) Using 6 workers of 6 for evacuation
[171.700s][info][gc,heap        ] GC(168) ParNew: 409744K->522K(460096K)
[171.700s][info][gc,heap        ] GC(168) CMS: 46253K->46370K(3683136K)
[171.700s][info][gc,metaspace   ] GC(168) Metaspace: 94560K(97912K)->94560K(97912K) NonClass: 83400K(85424K)->83400K(85424K) Class: 11160K(12488K)->11160K(12488K)
[171.700s][info][gc             ] GC(168) Pause Young (Allocation Failure) 445M->45M(4046M) 7.826ms
[171.700s][info][gc,cpu         ] GC(168) User=0.08s Sys=0.00s Real=0.01s
[172.776s][info][gc,start       ] GC(169) Pause Young (Allocation Failure)
[172.776s][info][gc,task        ] GC(169) Using 6 workers of 6 for evacuation
[172.782s][info][gc,heap        ] GC(169) ParNew: 409546K->399K(460096K)
[172.782s][info][gc,heap        ] GC(169) CMS: 46370K->46393K(3683136K)
[172.782s][info][gc,metaspace   ] GC(169) Metaspace: 94560K(97912K)->94560K(97912K) NonClass: 83400K(85424K)->83400K(85424K) Class: 11160K(12488K)->11160K(12488K)
[172.782s][info][gc             ] GC(169) Pause Young (Allocation Failure) 445M->45M(4046M) 6.107ms
[172.782s][info][gc,cpu         ] GC(169) User=0.00s Sys=0.00s Real=0.00s
[173.750s][info][gc,start       ] GC(170) Pause Young (Allocation Failure)
[173.750s][info][gc,task        ] GC(170) Using 6 workers of 6 for evacuation
[173.756s][info][gc,heap        ] GC(170) ParNew: 409423K->485K(460096K)
[173.756s][info][gc,heap        ] GC(170) CMS: 46393K->46403K(3683136K)
[173.756s][info][gc,metaspace   ] GC(170) Metaspace: 94560K(97912K)->94560K(97912K) NonClass: 83400K(85424K)->83400K(85424K) Class: 11160K(12488K)->11160K(12488K)
[173.756s][info][gc             ] GC(170) Pause Young (Allocation Failure) 445M->45M(4046M) 5.941ms
[173.756s][info][gc,cpu         ] GC(170) User=0.00s Sys=0.00s Real=0.01s
[174.692s][info][gc,start       ] GC(171) Pause Young (Allocation Failure)
[174.692s][info][gc,task        ] GC(171) Using 6 workers of 6 for evacuation
[174.699s][info][gc,heap        ] GC(171) ParNew: 409509K->541K(460096K)
[174.699s][info][gc,heap        ] GC(171) CMS: 46403K->46413K(3683136K)
[174.699s][info][gc,metaspace   ] GC(171) Metaspace: 94560K(97912K)->94560K(97912K) NonClass: 83400K(85424K)->83400K(85424K) Class: 11160K(12488K)->11160K(12488K)
[174.699s][info][gc             ] GC(171) Pause Young (Allocation Failure) 445M->45M(4046M) 6.813ms
[174.699s][info][gc,cpu         ] GC(171) User=0.08s Sys=0.00s Real=0.00s
[175.586s][info][gc,start       ] GC(172) Pause Young (GCLocker Initiated GC)
[175.586s][info][gc,task        ] GC(172) Using 6 workers of 6 for evacuation
[175.593s][info][gc,heap        ] GC(172) ParNew: 409912K->954K(460096K)
[175.593s][info][gc,heap        ] GC(172) CMS: 46413K->46425K(3683136K)
[175.593s][info][gc,metaspace   ] GC(172) Metaspace: 94560K(97912K)->94560K(97912K) NonClass: 83400K(85424K)->83400K(85424K) Class: 11160K(12488K)->11160K(12488K)
[175.593s][info][gc             ] GC(172) Pause Young (GCLocker Initiated GC) 445M->46M(4046M) 6.445ms
[175.593s][info][gc,cpu         ] GC(172) User=0.00s Sys=0.00s Real=0.01s
[176.511s][info][gc,start       ] GC(173) Pause Young (Allocation Failure)
[176.511s][info][gc,task        ] GC(173) Using 6 workers of 6 for evacuation
[176.517s][info][gc,heap        ] GC(173) ParNew: 409978K->542K(460096K)
[176.517s][info][gc,heap        ] GC(173) CMS: 46425K->46433K(3683136K)
[176.517s][info][gc,metaspace   ] GC(173) Metaspace: 94561K(97912K)->94561K(97912K) NonClass: 83401K(85424K)->83401K(85424K) Class: 11160K(12488K)->11160K(12488K)
[176.517s][info][gc             ] GC(173) Pause Young (Allocation Failure) 445M->45M(4046M) 6.335ms
[176.517s][info][gc,cpu         ] GC(173) User=0.00s Sys=0.00s Real=0.01s
[177.488s][info][gc,start       ] GC(174) Pause Young (GCLocker Initiated GC)
[177.489s][info][gc,task        ] GC(174) Using 6 workers of 6 for evacuation
[177.495s][info][gc,heap        ] GC(174) ParNew: 409643K->798K(460096K)
[177.495s][info][gc,heap        ] GC(174) CMS: 46433K->46438K(3683136K)
[177.495s][info][gc,metaspace   ] GC(174) Metaspace: 94561K(97912K)->94561K(97912K) NonClass: 83401K(85424K)->83401K(85424K) Class: 11160K(12488K)->11160K(12488K)
[177.495s][info][gc             ] GC(174) Pause Young (GCLocker Initiated GC) 445M->46M(4046M) 6.590ms
[177.495s][info][gc,cpu         ] GC(174) User=0.08s Sys=0.02s Real=0.01s
[178.502s][info][gc,start       ] GC(175) Pause Young (Allocation Failure)
[178.503s][info][gc,task        ] GC(175) Using 6 workers of 6 for evacuation
[178.509s][info][gc,heap        ] GC(175) ParNew: 409822K->541K(460096K)
[178.509s][info][gc,heap        ] GC(175) CMS: 46438K->46446K(3683136K)
[178.509s][info][gc,metaspace   ] GC(175) Metaspace: 94563K(97912K)->94563K(97912K) NonClass: 83403K(85424K)->83403K(85424K) Class: 11160K(12488K)->11160K(12488K)
[178.509s][info][gc             ] GC(175) Pause Young (Allocation Failure) 445M->45M(4046M) 6.526ms
[178.509s][info][gc,cpu         ] GC(175) User=0.09s Sys=0.00s Real=0.01s
[179.477s][info][gc,start       ] GC(176) Pause Young (Allocation Failure)
[179.477s][info][gc,task        ] GC(176) Using 6 workers of 6 for evacuation
[179.483s][info][gc,heap        ] GC(176) ParNew: 409565K->433K(460096K)
[179.484s][info][gc,heap        ] GC(176) CMS: 46446K->46453K(3683136K)
[179.484s][info][gc,metaspace   ] GC(176) Metaspace: 94563K(97912K)->94563K(97912K) NonClass: 83403K(85424K)->83403K(85424K) Class: 11160K(12488K)->11160K(12488K)
[179.484s][info][gc             ] GC(176) Pause Young (Allocation Failure) 445M->45M(4046M) 6.348ms
[179.484s][info][gc,cpu         ] GC(176) User=0.00s Sys=0.00s Real=0.01s
[180.511s][info][gc,start       ] GC(177) Pause Young (Allocation Failure)
[180.511s][info][gc,task        ] GC(177) Using 6 workers of 6 for evacuation
[180.517s][info][gc,heap        ] GC(177) ParNew: 409457K->458K(460096K)
[180.517s][info][gc,heap        ] GC(177) CMS: 46453K->46530K(3683136K)
[180.517s][info][gc,metaspace   ] GC(177) Metaspace: 94563K(97912K)->94563K(97912K) NonClass: 83403K(85424K)->83403K(85424K) Class: 11160K(12488K)->11160K(12488K)
[180.517s][info][gc             ] GC(177) Pause Young (Allocation Failure) 445M->45M(4046M) 6.221ms
[180.517s][info][gc,cpu         ] GC(177) User=0.00s Sys=0.00s Real=0.01s
[181.519s][info][gc,start       ] GC(178) Pause Young (Allocation Failure)
[181.519s][info][gc,task        ] GC(178) Using 6 workers of 6 for evacuation
[181.524s][info][gc,heap        ] GC(178) ParNew: 409482K->445K(460096K)
[181.524s][info][gc,heap        ] GC(178) CMS: 46530K->46540K(3683136K)
[181.524s][info][gc,metaspace   ] GC(178) Metaspace: 94564K(97912K)->94564K(97912K) NonClass: 83404K(85424K)->83404K(85424K) Class: 11160K(12488K)->11160K(12488K)
[181.524s][info][gc             ] GC(178) Pause Young (Allocation Failure) 445M->45M(4046M) 5.914ms
[181.524s][info][gc,cpu         ] GC(178) User=0.09s Sys=0.00s Real=0.00s
[182.592s][info][gc,start       ] GC(179) Pause Young (Allocation Failure)
[182.592s][info][gc,task        ] GC(179) Using 6 workers of 6 for evacuation
[182.597s][info][gc,heap        ] GC(179) ParNew: 409469K->425K(460096K)
[182.597s][info][gc,heap        ] GC(179) CMS: 46540K->46548K(3683136K)
[182.597s][info][gc,metaspace   ] GC(179) Metaspace: 94567K(97912K)->94567K(97912K) NonClass: 83407K(85424K)->83407K(85424K) Class: 11160K(12488K)->11160K(12488K)
[182.598s][info][gc             ] GC(179) Pause Young (Allocation Failure) 445M->45M(4046M) 5.700ms
[182.598s][info][gc,cpu         ] GC(179) User=0.00s Sys=0.00s Real=0.01s
[183.693s][info][gc,start       ] GC(180) Pause Young (Allocation Failure)
[183.693s][info][gc,task        ] GC(180) Using 6 workers of 6 for evacuation
[183.701s][info][gc,heap        ] GC(180) ParNew: 409449K->305K(460096K)
[183.701s][info][gc,heap        ] GC(180) CMS: 46548K->46553K(3683136K)
[183.701s][info][gc,metaspace   ] GC(180) Metaspace: 94567K(97912K)->94567K(97912K) NonClass: 83407K(85424K)->83407K(85424K) Class: 11160K(12488K)->11160K(12488K)
[183.701s][info][gc             ] GC(180) Pause Young (Allocation Failure) 445M->45M(4046M) 7.515ms
[183.701s][info][gc,cpu         ] GC(180) User=0.08s Sys=0.00s Real=0.01s
[184.861s][info][gc,start       ] GC(181) Pause Young (Allocation Failure)
[184.861s][info][gc,task        ] GC(181) Using 6 workers of 6 for evacuation
[184.868s][info][gc,heap        ] GC(181) ParNew: 409329K->391K(460096K)
[184.868s][info][gc,heap        ] GC(181) CMS: 46553K->46553K(3683136K)
[184.868s][info][gc,metaspace   ] GC(181) Metaspace: 94567K(97912K)->94567K(97912K) NonClass: 83407K(85424K)->83407K(85424K) Class: 11160K(12488K)->11160K(12488K)
[184.868s][info][gc             ] GC(181) Pause Young (Allocation Failure) 445M->45M(4046M) 7.120ms
[184.868s][info][gc,cpu         ] GC(181) User=0.09s Sys=0.00s Real=0.00s
[184.970s][info][gc,start       ] GC(182) Pause Full (System.gc())
[184.970s][info][gc,phases,start] GC(182) Phase 1: Mark live objects
[185.037s][info][gc,phases      ] GC(182) Phase 1: Mark live objects 66.525ms
[185.037s][info][gc,phases,start] GC(182) Phase 2: Compute new object addresses
[185.059s][info][gc,phases      ] GC(182) Phase 2: Compute new object addresses 21.737ms
[185.059s][info][gc,phases,start] GC(182) Phase 3: Adjust pointers
[185.100s][info][gc,phases      ] GC(182) Phase 3: Adjust pointers 41.008ms
[185.100s][info][gc,phases,start] GC(182) Phase 4: Move objects
[185.100s][info][gc,phases      ] GC(182) Phase 4: Move objects 0.803ms
[185.104s][info][gc,heap        ] GC(182) ParNew: 47366K->0K(460096K)
[185.104s][info][gc,heap        ] GC(182) CMS: 46553K->46126K(3683136K)
[185.104s][info][gc,metaspace   ] GC(182) Metaspace: 94569K(97912K)->94569K(97912K) NonClass: 83409K(85424K)->83409K(85424K) Class: 11160K(12488K)->11160K(12488K)
[185.104s][info][gc             ] GC(182) Pause Full (System.gc()) 91M->45M(4046M) 134.541ms
[185.104s][info][gc,cpu         ] GC(182) User=0.14s Sys=0.00s Real=0.13s
[186.061s][info][gc,start       ] GC(183) Pause Young (Allocation Failure)
[186.061s][info][gc,task        ] GC(183) Using 6 workers of 6 for evacuation
[186.067s][info][gc,heap        ] GC(183) ParNew: 409024K->424K(460096K)
[186.067s][info][gc,heap        ] GC(183) CMS: 46126K->46126K(3683136K)
[186.067s][info][gc,metaspace   ] GC(183) Metaspace: 94571K(97912K)->94571K(97912K) NonClass: 83410K(85424K)->83410K(85424K) Class: 11160K(12488K)->11160K(12488K)
[186.067s][info][gc             ] GC(183) Pause Young (Allocation Failure) 444M->45M(4046M) 6.105ms
[186.067s][info][gc,cpu         ] GC(183) User=0.00s Sys=0.00s Real=0.01s
[187.020s][info][gc,start       ] GC(184) Pause Young (Allocation Failure)
[187.020s][info][gc,task        ] GC(184) Using 6 workers of 6 for evacuation
[187.026s][info][gc,heap        ] GC(184) ParNew: 409448K->482K(460096K)
[187.026s][info][gc,heap        ] GC(184) CMS: 46126K->46126K(3683136K)
[187.026s][info][gc,metaspace   ] GC(184) Metaspace: 94571K(97912K)->94571K(97912K) NonClass: 83410K(85424K)->83410K(85424K) Class: 11160K(12488K)->11160K(12488K)
[187.026s][info][gc             ] GC(184) Pause Young (Allocation Failure) 444M->45M(4046M) 6.259ms
[187.026s][info][gc,cpu         ] GC(184) User=0.09s Sys=0.00s Real=0.01s
[188.113s][info][gc,start       ] GC(185) Pause Young (Allocation Failure)
[188.113s][info][gc,task        ] GC(185) Using 6 workers of 6 for evacuation
[188.119s][info][gc,heap        ] GC(185) ParNew: 409506K->490K(460096K)
[188.119s][info][gc,heap        ] GC(185) CMS: 46126K->46126K(3683136K)
[188.119s][info][gc,metaspace   ] GC(185) Metaspace: 94571K(97912K)->94571K(97912K) NonClass: 83410K(85424K)->83410K(85424K) Class: 11160K(12488K)->11160K(12488K)
[188.119s][info][gc             ] GC(185) Pause Young (Allocation Failure) 444M->45M(4046M) 6.298ms
[188.119s][info][gc,cpu         ] GC(185) User=0.09s Sys=0.00s Real=0.00s
[189.204s][info][gc,start       ] GC(186) Pause Young (Allocation Failure)
[189.204s][info][gc,task        ] GC(186) Using 6 workers of 6 for evacuation
[189.210s][info][gc,heap        ] GC(186) ParNew: 409514K->512K(460096K)
[189.210s][info][gc,heap        ] GC(186) CMS: 46126K->46126K(3683136K)
[189.210s][info][gc,metaspace   ] GC(186) Metaspace: 94571K(97912K)->94571K(97912K) NonClass: 83410K(85424K)->83410K(85424K) Class: 11160K(12488K)->11160K(12488K)
[189.210s][info][gc             ] GC(186) Pause Young (Allocation Failure) 444M->45M(4046M) 6.231ms
[189.210s][info][gc,cpu         ] GC(186) User=0.02s Sys=0.00s Real=0.01s
[190.298s][info][gc,start       ] GC(187) Pause Young (Allocation Failure)
[190.298s][info][gc,task        ] GC(187) Using 6 workers of 6 for evacuation
[190.304s][info][gc,heap        ] GC(187) ParNew: 409536K->597K(460096K)
[190.304s][info][gc,heap        ] GC(187) CMS: 46126K->46126K(3683136K)
[190.304s][info][gc,metaspace   ] GC(187) Metaspace: 94572K(97912K)->94572K(97912K) NonClass: 83411K(85424K)->83411K(85424K) Class: 11160K(12488K)->11160K(12488K)
[190.304s][info][gc             ] GC(187) Pause Young (Allocation Failure) 444M->45M(4046M) 5.747ms
[190.304s][info][gc,cpu         ] GC(187) User=0.00s Sys=0.00s Real=0.01s
[191.404s][info][gc,start       ] GC(188) Pause Young (Allocation Failure)
[191.404s][info][gc,task        ] GC(188) Using 6 workers of 6 for evacuation
[191.410s][info][gc,heap        ] GC(188) ParNew: 409621K->538K(460096K)
[191.410s][info][gc,heap        ] GC(188) CMS: 46126K->46126K(3683136K)
[191.410s][info][gc,metaspace   ] GC(188) Metaspace: 94572K(97912K)->94572K(97912K) NonClass: 83412K(85424K)->83412K(85424K) Class: 11160K(12488K)->11160K(12488K)
[191.410s][info][gc             ] GC(188) Pause Young (Allocation Failure) 445M->45M(4046M) 6.642ms
[191.410s][info][gc,cpu         ] GC(188) User=0.00s Sys=0.00s Real=0.01s
[192.444s][info][gc,start       ] GC(189) Pause Young (Allocation Failure)
[192.444s][info][gc,task        ] GC(189) Using 6 workers of 6 for evacuation
[192.450s][info][gc,heap        ] GC(189) ParNew: 409562K->528K(460096K)
[192.450s][info][gc,heap        ] GC(189) CMS: 46126K->46264K(3683136K)
[192.450s][info][gc,metaspace   ] GC(189) Metaspace: 94572K(97912K)->94572K(97912K) NonClass: 83412K(85424K)->83412K(85424K) Class: 11160K(12488K)->11160K(12488K)
[192.450s][info][gc             ] GC(189) Pause Young (Allocation Failure) 445M->45M(4046M) 5.675ms
[192.450s][info][gc,cpu         ] GC(189) User=0.02s Sys=0.00s Real=0.01s
[193.514s][info][gc,start       ] GC(190) Pause Young (Allocation Failure)
[193.514s][info][gc,task        ] GC(190) Using 6 workers of 6 for evacuation
[193.521s][info][gc,heap        ] GC(190) ParNew: 409552K->464K(460096K)
[193.521s][info][gc,heap        ] GC(190) CMS: 46264K->46292K(3683136K)
[193.521s][info][gc,metaspace   ] GC(190) Metaspace: 94577K(97912K)->94577K(97912K) NonClass: 83417K(85424K)->83417K(85424K) Class: 11160K(12488K)->11160K(12488K)
[193.521s][info][gc             ] GC(190) Pause Young (Allocation Failure) 445M->45M(4046M) 6.354ms
[193.521s][info][gc,cpu         ] GC(190) User=0.00s Sys=0.00s Real=0.01s
[194.582s][info][gc,start       ] GC(191) Pause Young (Allocation Failure)
[194.582s][info][gc,task        ] GC(191) Using 6 workers of 6 for evacuation
[194.588s][info][gc,heap        ] GC(191) ParNew: 409488K->546K(460096K)
[194.588s][info][gc,heap        ] GC(191) CMS: 46292K->46309K(3683136K)
[194.588s][info][gc,metaspace   ] GC(191) Metaspace: 94580K(97912K)->94580K(97912K) NonClass: 83419K(85424K)->83419K(85424K) Class: 11160K(12488K)->11160K(12488K)
[194.588s][info][gc             ] GC(191) Pause Young (Allocation Failure) 445M->45M(4046M) 5.949ms
[194.588s][info][gc,cpu         ] GC(191) User=0.08s Sys=0.02s Real=0.01s
[195.558s][info][gc,start       ] GC(192) Pause Young (Allocation Failure)
[195.558s][info][gc,task        ] GC(192) Using 6 workers of 6 for evacuation
[195.564s][info][gc,heap        ] GC(192) ParNew: 409570K->441K(460096K)
[195.564s][info][gc,heap        ] GC(192) CMS: 46309K->46319K(3683136K)
[195.564s][info][gc,metaspace   ] GC(192) Metaspace: 94581K(97912K)->94581K(97912K) NonClass: 83421K(85424K)->83421K(85424K) Class: 11160K(12488K)->11160K(12488K)
[195.564s][info][gc             ] GC(192) Pause Young (Allocation Failure) 445M->45M(4046M) 6.059ms
[195.564s][info][gc,cpu         ] GC(192) User=0.00s Sys=0.00s Real=0.01s
[196.499s][info][gc,start       ] GC(193) Pause Young (Allocation Failure)
[196.499s][info][gc,task        ] GC(193) Using 6 workers of 6 for evacuation
[196.504s][info][gc,heap        ] GC(193) ParNew: 409465K->547K(460096K)
[196.504s][info][gc,heap        ] GC(193) CMS: 46319K->46329K(3683136K)
[196.504s][info][gc,metaspace   ] GC(193) Metaspace: 94586K(97912K)->94586K(97912K) NonClass: 83425K(85424K)->83425K(85424K) Class: 11160K(12488K)->11160K(12488K)
[196.504s][info][gc             ] GC(193) Pause Young (Allocation Failure) 445M->45M(4046M) 5.779ms
[196.504s][info][gc,cpu         ] GC(193) User=0.00s Sys=0.00s Real=0.01s
[197.393s][info][gc,start       ] GC(194) Pause Young (Allocation Failure)
[197.393s][info][gc,task        ] GC(194) Using 6 workers of 6 for evacuation
[197.399s][info][gc,heap        ] GC(194) ParNew: 409578K->925K(460096K)
[197.399s][info][gc,heap        ] GC(194) CMS: 46329K->46340K(3683136K)
[197.399s][info][gc,metaspace   ] GC(194) Metaspace: 94593K(97912K)->94593K(97912K) NonClass: 83433K(85424K)->83433K(85424K) Class: 11160K(12488K)->11160K(12488K)
[197.399s][info][gc             ] GC(194) Pause Young (Allocation Failure) 445M->46M(4046M) 5.850ms
[197.399s][info][gc,cpu         ] GC(194) User=0.09s Sys=0.00s Real=0.01s
[198.320s][info][gc,start       ] GC(195) Pause Young (Allocation Failure)
[198.320s][info][gc,task        ] GC(195) Using 6 workers of 6 for evacuation
[198.326s][info][gc,heap        ] GC(195) ParNew: 409949K->565K(460096K)
[198.326s][info][gc,heap        ] GC(195) CMS: 46340K->46349K(3683136K)
[198.326s][info][gc,metaspace   ] GC(195) Metaspace: 94593K(97912K)->94593K(97912K) NonClass: 83433K(85424K)->83433K(85424K) Class: 11160K(12488K)->11160K(12488K)
[198.326s][info][gc             ] GC(195) Pause Young (Allocation Failure) 445M->45M(4046M) 6.704ms
[198.326s][info][gc,cpu         ] GC(195) User=0.00s Sys=0.00s Real=0.00s
[199.300s][info][gc,start       ] GC(196) Pause Young (Allocation Failure)
[199.300s][info][gc,task        ] GC(196) Using 6 workers of 6 for evacuation
[199.306s][info][gc,heap        ] GC(196) ParNew: 409589K->546K(460096K)
[199.306s][info][gc,heap        ] GC(196) CMS: 46349K->46354K(3683136K)
[199.306s][info][gc,metaspace   ] GC(196) Metaspace: 94593K(97912K)->94593K(97912K) NonClass: 83433K(85424K)->83433K(85424K) Class: 11160K(12488K)->11160K(12488K)
[199.306s][info][gc             ] GC(196) Pause Young (Allocation Failure) 445M->45M(4046M) 6.202ms
[199.306s][info][gc,cpu         ] GC(196) User=0.09s Sys=0.00s Real=0.00s
[200.313s][info][gc,start       ] GC(197) Pause Young (Allocation Failure)
[200.313s][info][gc,task        ] GC(197) Using 6 workers of 6 for evacuation
[200.320s][info][gc,heap        ] GC(197) ParNew: 409570K->483K(460096K)
[200.320s][info][gc,heap        ] GC(197) CMS: 46354K->46428K(3683136K)
[200.320s][info][gc,metaspace   ] GC(197) Metaspace: 94593K(97912K)->94593K(97912K) NonClass: 83433K(85424K)->83433K(85424K) Class: 11160K(12488K)->11160K(12488K)
[200.320s][info][gc             ] GC(197) Pause Young (Allocation Failure) 445M->45M(4046M) 6.520ms
[200.320s][info][gc,cpu         ] GC(197) User=0.02s Sys=0.00s Real=0.01s
[201.308s][info][gc,start       ] GC(198) Pause Young (Allocation Failure)
[201.308s][info][gc,task        ] GC(198) Using 6 workers of 6 for evacuation
[201.314s][info][gc,heap        ] GC(198) ParNew: 409507K->417K(460096K)
[201.314s][info][gc,heap        ] GC(198) CMS: 46428K->46436K(3683136K)
[201.314s][info][gc,metaspace   ] GC(198) Metaspace: 94593K(97912K)->94593K(97912K) NonClass: 83433K(85424K)->83433K(85424K) Class: 11160K(12488K)->11160K(12488K)
[201.314s][info][gc             ] GC(198) Pause Young (Allocation Failure) 445M->45M(4046M) 6.296ms
[201.314s][info][gc,cpu         ] GC(198) User=0.00s Sys=0.00s Real=0.01s
[202.324s][info][gc,start       ] GC(199) Pause Young (Allocation Failure)
[202.324s][info][gc,task        ] GC(199) Using 6 workers of 6 for evacuation
[202.330s][info][gc,heap        ] GC(199) ParNew: 409441K->542K(460096K)
[202.331s][info][gc,heap        ] GC(199) CMS: 46436K->46444K(3683136K)
[202.331s][info][gc,metaspace   ] GC(199) Metaspace: 94593K(97912K)->94593K(97912K) NonClass: 83433K(85424K)->83433K(85424K) Class: 11160K(12488K)->11160K(12488K)
[202.331s][info][gc             ] GC(199) Pause Young (Allocation Failure) 445M->45M(4046M) 6.761ms
[202.331s][info][gc,cpu         ] GC(199) User=0.00s Sys=0.00s Real=0.01s
[203.333s][info][gc,start       ] GC(200) Pause Young (GCLocker Initiated GC)
[203.333s][info][gc,task        ] GC(200) Using 6 workers of 6 for evacuation
[203.339s][info][gc,heap        ] GC(200) ParNew: 409769K->552K(460096K)
[203.340s][info][gc,heap        ] GC(200) CMS: 46444K->46454K(3683136K)
[203.340s][info][gc,metaspace   ] GC(200) Metaspace: 94593K(97912K)->94593K(97912K) NonClass: 83433K(85424K)->83433K(85424K) Class: 11160K(12488K)->11160K(12488K)
[203.340s][info][gc             ] GC(200) Pause Young (GCLocker Initiated GC) 445M->45M(4046M) 6.257ms
[203.340s][info][gc,cpu         ] GC(200) User=0.09s Sys=0.00s Real=0.01s
[204.404s][info][gc,start       ] GC(201) Pause Young (Allocation Failure)
[204.404s][info][gc,task        ] GC(201) Using 6 workers of 6 for evacuation
[204.410s][info][gc,heap        ] GC(201) ParNew: 409576K->376K(460096K)
[204.410s][info][gc,heap        ] GC(201) CMS: 46454K->46467K(3683136K)
[204.410s][info][gc,metaspace   ] GC(201) Metaspace: 94596K(97912K)->94596K(97912K) NonClass: 83435K(85424K)->83435K(85424K) Class: 11160K(12488K)->11160K(12488K)
[204.410s][info][gc             ] GC(201) Pause Young (Allocation Failure) 445M->45M(4046M) 6.365ms
[204.410s][info][gc,cpu         ] GC(201) User=0.00s Sys=0.00s Real=0.00s
[205.519s][info][gc,start       ] GC(202) Pause Young (GCLocker Initiated GC)
[205.519s][info][gc,task        ] GC(202) Using 6 workers of 6 for evacuation
[205.525s][info][gc,heap        ] GC(202) ParNew: 409817K->749K(460096K)
[205.525s][info][gc,heap        ] GC(202) CMS: 46467K->46482K(3683136K)
[205.525s][info][gc,metaspace   ] GC(202) Metaspace: 94596K(97912K)->94596K(97912K) NonClass: 83436K(85424K)->83436K(85424K) Class: 11160K(12488K)->11160K(12488K)
[205.525s][info][gc             ] GC(202) Pause Young (GCLocker Initiated GC) 445M->46M(4046M) 6.372ms
[205.525s][info][gc,cpu         ] GC(202) User=0.09s Sys=0.00s Real=0.01s
[206.670s][info][gc,start       ] GC(203) Pause Young (Allocation Failure)
[206.670s][info][gc,task        ] GC(203) Using 6 workers of 6 for evacuation
[206.676s][info][gc,heap        ] GC(203) ParNew: 409773K->480K(460096K)
[206.676s][info][gc,heap        ] GC(203) CMS: 46482K->46482K(3683136K)
[206.676s][info][gc,metaspace   ] GC(203) Metaspace: 94604K(97912K)->94604K(97912K) NonClass: 83444K(85424K)->83444K(85424K) Class: 11160K(12488K)->11160K(12488K)
[206.676s][info][gc             ] GC(203) Pause Young (Allocation Failure) 445M->45M(4046M) 5.738ms
[206.676s][info][gc,cpu         ] GC(203) User=0.00s Sys=0.00s Real=0.01s
[206.776s][info][gc,start       ] GC(204) Pause Full (System.gc())
[206.776s][info][gc,phases,start] GC(204) Phase 1: Mark live objects
[206.845s][info][gc,phases      ] GC(204) Phase 1: Mark live objects 68.244ms
[206.845s][info][gc,phases,start] GC(204) Phase 2: Compute new object addresses
[206.867s][info][gc,phases      ] GC(204) Phase 2: Compute new object addresses 21.797ms
[206.867s][info][gc,phases,start] GC(204) Phase 3: Adjust pointers
[206.908s][info][gc,phases      ] GC(204) Phase 3: Adjust pointers 41.213ms
[206.908s][info][gc,phases,start] GC(204) Phase 4: Move objects
[206.909s][info][gc,phases      ] GC(204) Phase 4: Move objects 0.806ms
[206.912s][info][gc,heap        ] GC(204) ParNew: 48333K->0K(460096K)
[206.912s][info][gc,heap        ] GC(204) CMS: 46482K->46131K(3683136K)
[206.912s][info][gc,metaspace   ] GC(204) Metaspace: 94604K(97912K)->94604K(97912K) NonClass: 83444K(85424K)->83444K(85424K) Class: 11160K(12488K)->11160K(12488K)
[206.913s][info][gc             ] GC(204) Pause Full (System.gc()) 92M->45M(4046M) 136.505ms
[206.913s][info][gc,cpu         ] GC(204) User=0.16s Sys=0.00s Real=0.14s
[207.887s][info][gc,start       ] GC(205) Pause Young (Allocation Failure)
[207.887s][info][gc,task        ] GC(205) Using 6 workers of 6 for evacuation
[207.893s][info][gc,heap        ] GC(205) ParNew: 409024K->455K(460096K)
[207.893s][info][gc,heap        ] GC(205) CMS: 46131K->46131K(3683136K)
[207.893s][info][gc,metaspace   ] GC(205) Metaspace: 94606K(97912K)->94606K(97912K) NonClass: 83445K(85424K)->83445K(85424K) Class: 11160K(12488K)->11160K(12488K)
[207.893s][info][gc             ] GC(205) Pause Young (Allocation Failure) 444M->45M(4046M) 5.840ms
[207.893s][info][gc,cpu         ] GC(205) User=0.00s Sys=0.00s Real=0.00s
[208.845s][info][gc,start       ] GC(206) Pause Young (Allocation Failure)
[208.846s][info][gc,task        ] GC(206) Using 6 workers of 6 for evacuation
[208.853s][info][gc,heap        ] GC(206) ParNew: 409479K->497K(460096K)
[208.853s][info][gc,heap        ] GC(206) CMS: 46131K->46131K(3683136K)
[208.853s][info][gc,metaspace   ] GC(206) Metaspace: 94606K(97912K)->94606K(97912K) NonClass: 83445K(85424K)->83445K(85424K) Class: 11160K(12488K)->11160K(12488K)
[208.853s][info][gc             ] GC(206) Pause Young (Allocation Failure) 444M->45M(4046M) 7.330ms
[208.853s][info][gc,cpu         ] GC(206) User=0.09s Sys=0.00s Real=0.01s
[209.948s][info][gc,start       ] GC(207) Pause Young (Allocation Failure)
[209.948s][info][gc,task        ] GC(207) Using 6 workers of 6 for evacuation
[209.955s][info][gc,heap        ] GC(207) ParNew: 409521K->507K(460096K)
[209.955s][info][gc,heap        ] GC(207) CMS: 46131K->46131K(3683136K)
[209.955s][info][gc,metaspace   ] GC(207) Metaspace: 94606K(97912K)->94606K(97912K) NonClass: 83445K(85424K)->83445K(85424K) Class: 11160K(12488K)->11160K(12488K)
[209.955s][info][gc             ] GC(207) Pause Young (Allocation Failure) 444M->45M(4046M) 6.316ms
[209.955s][info][gc,cpu         ] GC(207) User=0.00s Sys=0.00s Real=0.00s
[211.014s][info][gc,start       ] GC(208) Pause Young (Allocation Failure)
[211.014s][info][gc,task        ] GC(208) Using 6 workers of 6 for evacuation
[211.020s][info][gc,heap        ] GC(208) ParNew: 409531K->468K(460096K)
[211.020s][info][gc,heap        ] GC(208) CMS: 46131K->46131K(3683136K)
[211.020s][info][gc,metaspace   ] GC(208) Metaspace: 94607K(97912K)->94607K(97912K) NonClass: 83447K(85424K)->83447K(85424K) Class: 11160K(12488K)->11160K(12488K)
[211.020s][info][gc             ] GC(208) Pause Young (Allocation Failure) 444M->45M(4046M) 6.075ms
[211.020s][info][gc,cpu         ] GC(208) User=0.00s Sys=0.00s Real=0.02s
[212.109s][info][gc,start       ] GC(209) Pause Young (Allocation Failure)
[212.109s][info][gc,task        ] GC(209) Using 6 workers of 6 for evacuation
[212.116s][info][gc,heap        ] GC(209) ParNew: 409492K->553K(460096K)
[212.116s][info][gc,heap        ] GC(209) CMS: 46131K->46131K(3683136K)
[212.116s][info][gc,metaspace   ] GC(209) Metaspace: 94607K(97912K)->94607K(97912K) NonClass: 83447K(85424K)->83447K(85424K) Class: 11160K(12488K)->11160K(12488K)
[212.116s][info][gc             ] GC(209) Pause Young (Allocation Failure) 444M->45M(4046M) 7.002ms
[212.116s][info][gc,cpu         ] GC(209) User=0.00s Sys=0.00s Real=0.01s
[213.200s][info][gc,start       ] GC(210) Pause Young (Allocation Failure)
[213.200s][info][gc,task        ] GC(210) Using 6 workers of 6 for evacuation
[213.206s][info][gc,heap        ] GC(210) ParNew: 409577K->526K(460096K)
[213.206s][info][gc,heap        ] GC(210) CMS: 46131K->46131K(3683136K)
[213.206s][info][gc,metaspace   ] GC(210) Metaspace: 94607K(97912K)->94607K(97912K) NonClass: 83447K(85424K)->83447K(85424K) Class: 11160K(12488K)->11160K(12488K)
[213.206s][info][gc             ] GC(210) Pause Young (Allocation Failure) 445M->45M(4046M) 5.576ms
[213.206s][info][gc,cpu         ] GC(210) User=0.00s Sys=0.00s Real=0.01s
[214.258s][info][gc,start       ] GC(211) Pause Young (Allocation Failure)
[214.258s][info][gc,task        ] GC(211) Using 6 workers of 6 for evacuation
[214.264s][info][gc,heap        ] GC(211) ParNew: 409550K->707K(460096K)
[214.264s][info][gc,heap        ] GC(211) CMS: 46131K->46249K(3683136K)
[214.264s][info][gc,metaspace   ] GC(211) Metaspace: 94607K(97912K)->94607K(97912K) NonClass: 83447K(85424K)->83447K(85424K) Class: 11160K(12488K)->11160K(12488K)
[214.264s][info][gc             ] GC(211) Pause Young (Allocation Failure) 445M->45M(4046M) 6.228ms
[214.264s][info][gc,cpu         ] GC(211) User=0.00s Sys=0.00s Real=0.00s
[215.346s][info][gc,start       ] GC(212) Pause Young (Allocation Failure)
[215.346s][info][gc,task        ] GC(212) Using 6 workers of 6 for evacuation
[215.351s][info][gc,heap        ] GC(212) ParNew: 409731K->605K(460096K)
[215.351s][info][gc,heap        ] GC(212) CMS: 46249K->46270K(3683136K)
[215.351s][info][gc,metaspace   ] GC(212) Metaspace: 94607K(97912K)->94607K(97912K) NonClass: 83447K(85424K)->83447K(85424K) Class: 11160K(12488K)->11160K(12488K)
[215.351s][info][gc             ] GC(212) Pause Young (Allocation Failure) 445M->45M(4046M) 5.438ms
[215.351s][info][gc,cpu         ] GC(212) User=0.00s Sys=0.00s Real=0.01s
[216.420s][info][gc,start       ] GC(213) Pause Young (GCLocker Initiated GC)
[216.420s][info][gc,task        ] GC(213) Using 6 workers of 6 for evacuation
[216.426s][info][gc,heap        ] GC(213) ParNew: 409632K->957K(460096K)
[216.426s][info][gc,heap        ] GC(213) CMS: 46270K->46285K(3683136K)
[216.426s][info][gc,metaspace   ] GC(213) Metaspace: 94607K(97912K)->94607K(97912K) NonClass: 83447K(85424K)->83447K(85424K) Class: 11160K(12488K)->11160K(12488K)
[216.426s][info][gc             ] GC(213) Pause Young (GCLocker Initiated GC) 445M->46M(4046M) 6.498ms
[216.426s][info][gc,cpu         ] GC(213) User=0.00s Sys=0.00s Real=0.01s
[217.393s][info][gc,start       ] GC(214) Pause Young (Allocation Failure)
[217.393s][info][gc,task        ] GC(214) Using 6 workers of 6 for evacuation
[217.399s][info][gc,heap        ] GC(214) ParNew: 410131K->546K(460096K)
[217.399s][info][gc,heap        ] GC(214) CMS: 46285K->46295K(3683136K)
[217.399s][info][gc,metaspace   ] GC(214) Metaspace: 94607K(97912K)->94607K(97912K) NonClass: 83447K(85424K)->83447K(85424K) Class: 11160K(12488K)->11160K(12488K)
[217.399s][info][gc             ] GC(214) Pause Young (Allocation Failure) 445M->45M(4046M) 6.048ms
[217.399s][info][gc,cpu         ] GC(214) User=0.02s Sys=0.00s Real=0.01s
[218.324s][info][gc,start       ] GC(215) Pause Young (Allocation Failure)
[218.324s][info][gc,task        ] GC(215) Using 6 workers of 6 for evacuation
[218.329s][info][gc,heap        ] GC(215) ParNew: 409570K->514K(460096K)
[218.330s][info][gc,heap        ] GC(215) CMS: 46295K->46305K(3683136K)
[218.330s][info][gc,metaspace   ] GC(215) Metaspace: 94607K(97912K)->94607K(97912K) NonClass: 83447K(85424K)->83447K(85424K) Class: 11160K(12488K)->11160K(12488K)
[218.330s][info][gc             ] GC(215) Pause Young (Allocation Failure) 445M->45M(4046M) 6.045ms
[218.330s][info][gc,cpu         ] GC(215) User=0.00s Sys=0.00s Real=0.01s
[219.214s][info][gc,start       ] GC(216) Pause Young (Allocation Failure)
[219.214s][info][gc,task        ] GC(216) Using 6 workers of 6 for evacuation
[219.220s][info][gc,heap        ] GC(216) ParNew: 409538K->494K(460096K)
[219.220s][info][gc,heap        ] GC(216) CMS: 46305K->46316K(3683136K)
[219.220s][info][gc,metaspace   ] GC(216) Metaspace: 94607K(97912K)->94607K(97912K) NonClass: 83447K(85424K)->83447K(85424K) Class: 11160K(12488K)->11160K(12488K)
[219.220s][info][gc             ] GC(216) Pause Young (Allocation Failure) 445M->45M(4046M) 5.838ms
[219.220s][info][gc,cpu         ] GC(216) User=0.00s Sys=0.00s Real=0.01s
[220.143s][info][gc,start       ] GC(217) Pause Young (Allocation Failure)
[220.143s][info][gc,task        ] GC(217) Using 6 workers of 6 for evacuation
[220.149s][info][gc,heap        ] GC(217) ParNew: 409518K->537K(460096K)
[220.149s][info][gc,heap        ] GC(217) CMS: 46316K->46326K(3683136K)
[220.149s][info][gc,metaspace   ] GC(217) Metaspace: 94607K(97912K)->94607K(97912K) NonClass: 83447K(85424K)->83447K(85424K) Class: 11160K(12488K)->11160K(12488K)
[220.149s][info][gc             ] GC(217) Pause Young (Allocation Failure) 445M->45M(4046M) 5.779ms
[220.149s][info][gc,cpu         ] GC(217) User=0.02s Sys=0.00s Real=0.01s
[221.121s][info][gc,start       ] GC(218) Pause Young (Allocation Failure)
[221.121s][info][gc,task        ] GC(218) Using 6 workers of 6 for evacuation
[221.128s][info][gc,heap        ] GC(218) ParNew: 409561K->543K(460096K)
[221.128s][info][gc,heap        ] GC(218) CMS: 46326K->46399K(3683136K)
[221.128s][info][gc,metaspace   ] GC(218) Metaspace: 94609K(97912K)->94609K(97912K) NonClass: 83449K(85424K)->83449K(85424K) Class: 11160K(12488K)->11160K(12488K)
[221.128s][info][gc             ] GC(218) Pause Young (Allocation Failure) 445M->45M(4046M) 6.432ms
[221.128s][info][gc,cpu         ] GC(218) User=0.00s Sys=0.00s Real=0.01s
[222.148s][info][gc,start       ] GC(219) Pause Young (Allocation Failure)
[222.148s][info][gc,task        ] GC(219) Using 6 workers of 6 for evacuation
[222.154s][info][gc,heap        ] GC(219) ParNew: 409567K->478K(460096K)
[222.154s][info][gc,heap        ] GC(219) CMS: 46399K->46407K(3683136K)
[222.154s][info][gc,metaspace   ] GC(219) Metaspace: 94609K(97912K)->94609K(97912K) NonClass: 83449K(85424K)->83449K(85424K) Class: 11160K(12488K)->11160K(12488K)
[222.154s][info][gc             ] GC(219) Pause Young (Allocation Failure) 445M->45M(4046M) 5.586ms
[222.154s][info][gc,cpu         ] GC(219) User=0.00s Sys=0.00s Real=0.01s
[223.131s][info][gc,start       ] GC(220) Pause Young (Allocation Failure)
[223.131s][info][gc,task        ] GC(220) Using 6 workers of 6 for evacuation
[223.137s][info][gc,heap        ] GC(220) ParNew: 409502K->551K(460096K)
[223.137s][info][gc,heap        ] GC(220) CMS: 46407K->46414K(3683136K)
[223.137s][info][gc,metaspace   ] GC(220) Metaspace: 94609K(97912K)->94609K(97912K) NonClass: 83449K(85424K)->83449K(85424K) Class: 11160K(12488K)->11160K(12488K)
[223.137s][info][gc             ] GC(220) Pause Young (Allocation Failure) 445M->45M(4046M) 5.816ms
[223.137s][info][gc,cpu         ] GC(220) User=0.08s Sys=0.02s Real=0.01s
[224.147s][info][gc,start       ] GC(221) Pause Young (Allocation Failure)
[224.147s][info][gc,task        ] GC(221) Using 6 workers of 6 for evacuation
[224.153s][info][gc,heap        ] GC(221) ParNew: 409575K->701K(460096K)
[224.153s][info][gc,heap        ] GC(221) CMS: 46414K->46421K(3683136K)
[224.153s][info][gc,metaspace   ] GC(221) Metaspace: 94609K(97912K)->94609K(97912K) NonClass: 83449K(85424K)->83449K(85424K) Class: 11160K(12488K)->11160K(12488K)
[224.153s][info][gc             ] GC(221) Pause Young (Allocation Failure) 445M->46M(4046M) 6.001ms
[224.153s][info][gc,cpu         ] GC(221) User=0.09s Sys=0.00s Real=0.00s
[225.170s][info][gc,start       ] GC(222) Pause Young (GCLocker Initiated GC)
[225.170s][info][gc,task        ] GC(222) Using 6 workers of 6 for evacuation
[225.176s][info][gc,heap        ] GC(222) ParNew: 409798K->689K(460096K)
[225.177s][info][gc,heap        ] GC(222) CMS: 46421K->46448K(3683136K)
[225.177s][info][gc,metaspace   ] GC(222) Metaspace: 94609K(97912K)->94609K(97912K) NonClass: 83449K(85424K)->83449K(85424K) Class: 11160K(12488K)->11160K(12488K)
[225.177s][info][gc             ] GC(222) Pause Young (GCLocker Initiated GC) 445M->46M(4046M) 6.988ms
[225.177s][info][gc,cpu         ] GC(222) User=0.00s Sys=0.00s Real=0.01s
[226.245s][info][gc,start       ] GC(223) Pause Young (Allocation Failure)
[226.246s][info][gc,task        ] GC(223) Using 6 workers of 6 for evacuation
[226.251s][info][gc,heap        ] GC(223) ParNew: 409713K->488K(460096K)
[226.251s][info][gc,heap        ] GC(223) CMS: 46448K->46468K(3683136K)
[226.251s][info][gc,metaspace   ] GC(223) Metaspace: 94610K(97912K)->94610K(97912K) NonClass: 83450K(85424K)->83450K(85424K) Class: 11160K(12488K)->11160K(12488K)
[226.251s][info][gc             ] GC(223) Pause Young (Allocation Failure) 445M->45M(4046M) 6.047ms
[226.251s][info][gc,cpu         ] GC(223) User=0.00s Sys=0.00s Real=0.01s
[227.345s][info][gc,start       ] GC(224) Pause Young (Allocation Failure)
[227.345s][info][gc,task        ] GC(224) Using 6 workers of 6 for evacuation
[227.352s][info][gc,heap        ] GC(224) ParNew: 409509K->539K(460096K)
[227.352s][info][gc,heap        ] GC(224) CMS: 46468K->46491K(3683136K)
[227.352s][info][gc,metaspace   ] GC(224) Metaspace: 94610K(97912K)->94610K(97912K) NonClass: 83450K(85424K)->83450K(85424K) Class: 11160K(12488K)->11160K(12488K)
[227.352s][info][gc             ] GC(224) Pause Young (Allocation Failure) 445M->45M(4046M) 6.500ms
[227.352s][info][gc,cpu         ] GC(224) User=0.02s Sys=0.00s Real=0.01s
[228.497s][info][gc,start       ] GC(225) Pause Young (GCLocker Initiated GC)
[228.497s][info][gc,task        ] GC(225) Using 6 workers of 6 for evacuation
[228.503s][info][gc,heap        ] GC(225) ParNew: 409739K->780K(460096K)
[228.503s][info][gc,heap        ] GC(225) CMS: 46491K->46491K(3683136K)
[228.503s][info][gc,metaspace   ] GC(225) Metaspace: 94610K(97912K)->94610K(97912K) NonClass: 83450K(85424K)->83450K(85424K) Class: 11160K(12488K)->11160K(12488K)
[228.503s][info][gc             ] GC(225) Pause Young (GCLocker Initiated GC) 445M->46M(4046M) 6.556ms
[228.504s][info][gc,cpu         ] GC(225) User=0.00s Sys=0.00s Real=0.00s
[228.870s][info][gc,heap,exit   ] Heap
[228.870s][info][gc,heap,exit   ]  par new generation   total 460096K, used 58867K [0x0000000700000000, 0x000000071f330000, 0x000000071f330000)
[228.870s][info][gc,heap,exit   ]   eden space 409024K,  14% used [0x0000000700000000, 0x00000007038b9e08, 0x0000000718f70000)
[228.870s][info][gc,heap,exit   ]   from space 51072K,   1% used [0x0000000718f70000, 0x0000000719033158, 0x000000071c150000)
[228.870s][info][gc,heap,exit   ]   to   space 51072K,   0% used [0x000000071c150000, 0x000000071c150000, 0x000000071f330000)
[228.870s][info][gc,heap,exit   ]  concurrent mark-sweep generation total 3683136K, used 46491K [0x000000071f330000, 0x0000000800000000, 0x0000000800000000)
[228.870s][info][gc,heap,exit   ]  Metaspace       used 94794K, capacity 97552K, committed 97912K, reserved 1134592K
[228.870s][info][gc,heap,exit   ]   class space    used 11187K, capacity 12288K, committed 12488K, reserved 1048576K
