[0.010s][info][gc,init] CardTable entry size: 512
[0.010s][info][gc     ] Using Parallel
[0.028s][info][gc,init] Version: 21.0.4+7-adhoc.Administrator.jdk21u (release)
[0.029s][info][gc,init] CPUs: 6 total, 6 available
[0.029s][info][gc,init] Memory: 15591M
[0.029s][info][gc,init] Large Page Support: Disabled
[0.029s][info][gc,init] NUMA Support: Disabled
[0.029s][info][gc,init] Compressed Oops: Enabled (Zero based)
[0.029s][info][gc,init] Alignments: Space 512K, Generation 512K, Heap 2M
[0.029s][info][gc,init] Heap Min Capacity: 8G
[0.029s][info][gc,init] Heap Initial Capacity: 8G
[0.029s][info][gc,init] Heap Max Capacity: 8G
[0.029s][info][gc,init] Pre-touch: Disabled
[0.029s][info][gc,init] Parallel Workers: 6
[0.036s][info][gc,metaspace] CDS archive(s) mapped at: [0x0000026d10000000-0x0000026d10c90000-0x0000026d10c90000), size 13172736, SharedBaseAddress: 0x0000026d10000000, ArchiveRelocationMode: 1.
[0.036s][info][gc,metaspace] Compressed class space mapped at: 0x0000026d11000000-0x0000026d51000000, reserved size: 1073741824
[0.036s][info][gc,metaspace] Narrow klass base: 0x0000026d10000000, Narrow klass shift: 0, Narrow klass range: 0x100000000
[0.283s][info][gc,start    ] GC(0) Pause Young (System.gc())
[0.286s][info][gc,heap     ] GC(0) PSYoungGen: 209766K(2446848K)->3174K(2446848K) Eden: 209766K(2097664K)->0K(2097664K) From: 0K(349184K)->3174K(349184K)
[0.286s][info][gc,heap     ] GC(0) ParOldGen: 0K(5592576K)->8K(5592576K)
[0.286s][info][gc,metaspace] GC(0) Metaspace: 2574K(2752K)->2574K(2752K) NonClass: 2319K(2368K)->2319K(2368K) Class: 255K(384K)->255K(384K)
[0.286s][info][gc          ] GC(0) Pause Young (System.gc()) 204M->3M(7851M) 2.882ms
[0.286s][info][gc,cpu      ] GC(0) User=0.00s Sys=0.00s Real=0.01s
[0.286s][info][gc,start    ] GC(1) Pause Full (System.gc())
[0.286s][info][gc,phases,start] GC(1) Marking Phase
[0.288s][info][gc,phases      ] GC(1) Marking Phase 1.790ms
[0.288s][info][gc,phases,start] GC(1) Summary Phase
[0.288s][info][gc,phases      ] GC(1) Summary Phase 0.009ms
[0.288s][info][gc,phases,start] GC(1) Adjust Roots
[0.288s][info][gc,phases      ] GC(1) Adjust Roots 0.567ms
[0.288s][info][gc,phases,start] GC(1) Compaction Phase
[0.290s][info][gc,phases      ] GC(1) Compaction Phase 1.899ms
[0.290s][info][gc,phases,start] GC(1) Post Compact
[0.291s][info][gc,phases      ] GC(1) Post Compact 0.624ms
[0.291s][info][gc,heap        ] GC(1) PSYoungGen: 3174K(2446848K)->0K(2446848K) Eden: 0K(2097664K)->0K(2097664K) From: 3174K(349184K)->0K(349184K)
[0.291s][info][gc,heap        ] GC(1) ParOldGen: 8K(5592576K)->3086K(5592576K)
[0.291s][info][gc,metaspace   ] GC(1) Metaspace: 2574K(2752K)->2574K(2752K) NonClass: 2319K(2368K)->2319K(2368K) Class: 255K(384K)->255K(384K)
[0.291s][info][gc             ] GC(1) Pause Full (System.gc()) 3M->3M(7851M) 5.077ms
[0.291s][info][gc,cpu         ] GC(1) User=0.00s Sys=0.00s Real=0.00s
[1.513s][info][gc,start       ] GC(2) Pause Young (Metadata GC Threshold)
[1.518s][info][gc,heap        ] GC(2) PSYoungGen: 209766K(2446848K)->6806K(2446848K) Eden: 209766K(2097664K)->0K(2097664K) From: 0K(349184K)->6806K(349184K)
[1.518s][info][gc,heap        ] GC(2) ParOldGen: 3086K(5592576K)->3183K(5592576K)
[1.518s][info][gc,metaspace   ] GC(2) Metaspace: 21289K(21504K)->21289K(21504K) NonClass: 18793K(18880K)->18793K(18880K) Class: 2496K(2624K)->2496K(2624K)
[1.518s][info][gc             ] GC(2) Pause Young (Metadata GC Threshold) 207M->9M(7851M) 5.158ms
[1.518s][info][gc,cpu         ] GC(2) User=0.06s Sys=0.03s Real=0.01s
[1.518s][info][gc,start       ] GC(3) Pause Full (Metadata GC Threshold)
[1.518s][info][gc,phases,start] GC(3) Marking Phase
[1.525s][info][gc,phases      ] GC(3) Marking Phase 7.172ms
[1.525s][info][gc,phases,start] GC(3) Summary Phase
[1.525s][info][gc,phases      ] GC(3) Summary Phase 0.011ms
[1.525s][info][gc,phases,start] GC(3) Adjust Roots
[1.529s][info][gc,phases      ] GC(3) Adjust Roots 3.642ms
[1.529s][info][gc,phases,start] GC(3) Compaction Phase
[1.535s][info][gc,phases      ] GC(3) Compaction Phase 6.811ms
[1.536s][info][gc,phases,start] GC(3) Post Compact
[1.536s][info][gc,phases      ] GC(3) Post Compact 0.542ms
[1.536s][info][gc,heap        ] GC(3) PSYoungGen: 6806K(2446848K)->0K(2446848K) Eden: 0K(2097664K)->0K(2097664K) From: 6806K(349184K)->0K(349184K)
[1.536s][info][gc,heap        ] GC(3) ParOldGen: 3183K(5592576K)->9813K(5592576K)
[1.536s][info][gc,metaspace   ] GC(3) Metaspace: 21289K(21504K)->21289K(21504K) NonClass: 18793K(18880K)->18793K(18880K) Class: 2496K(2624K)->2496K(2624K)
[1.536s][info][gc             ] GC(3) Pause Full (Metadata GC Threshold) 9M->9M(7851M) 18.454ms
[1.536s][info][gc,cpu         ] GC(3) User=0.05s Sys=0.05s Real=0.02s
[3.398s][info][gc,start       ] GC(4) Pause Young (System.gc())
[3.404s][info][gc,heap        ] GC(4) PSYoungGen: 573383K(2446848K)->7488K(2446848K) Eden: 573383K(2097664K)->0K(2097664K) From: 0K(349184K)->7488K(349184K)
[3.404s][info][gc,heap        ] GC(4) ParOldGen: 9813K(5592576K)->9821K(5592576K)
[3.404s][info][gc,metaspace   ] GC(4) Metaspace: 24941K(25152K)->24941K(25152K) NonClass: 22267K(22400K)->22267K(22400K) Class: 2674K(2752K)->2674K(2752K)
[3.404s][info][gc             ] GC(4) Pause Young (System.gc()) 569M->16M(7851M) 5.948ms
[3.404s][info][gc,cpu         ] GC(4) User=0.00s Sys=0.00s Real=0.00s
[3.404s][info][gc,start       ] GC(5) Pause Full (System.gc())
[3.404s][info][gc,phases,start] GC(5) Marking Phase
[3.419s][info][gc,phases      ] GC(5) Marking Phase 14.337ms
[3.419s][info][gc,phases,start] GC(5) Summary Phase
[3.419s][info][gc,phases      ] GC(5) Summary Phase 0.010ms
[3.419s][info][gc,phases,start] GC(5) Adjust Roots
[3.426s][info][gc,phases      ] GC(5) Adjust Roots 6.667ms
[3.426s][info][gc,phases,start] GC(5) Compaction Phase
[3.434s][info][gc,phases      ] GC(5) Compaction Phase 8.415ms
[3.434s][info][gc,phases,start] GC(5) Post Compact
[3.435s][info][gc,phases      ] GC(5) Post Compact 0.721ms
[3.435s][info][gc,heap        ] GC(5) PSYoungGen: 7488K(2446848K)->0K(2446848K) Eden: 0K(2097664K)->0K(2097664K) From: 7488K(349184K)->0K(349184K)
[3.435s][info][gc,heap        ] GC(5) ParOldGen: 9821K(5592576K)->15699K(5592576K)
[3.435s][info][gc,metaspace   ] GC(5) Metaspace: 24941K(25152K)->24941K(25152K) NonClass: 22267K(22400K)->22267K(22400K) Class: 2674K(2752K)->2674K(2752K)
[3.435s][info][gc             ] GC(5) Pause Full (System.gc()) 16M->15M(7851M) 30.403ms
[3.435s][info][gc,cpu         ] GC(5) User=0.08s Sys=0.03s Real=0.04s
[4.683s][info][gc,start       ] GC(6) Pause Young (System.gc())
[4.687s][info][gc,heap        ] GC(6) PSYoungGen: 517440K(2446848K)->8234K(2446848K) Eden: 517440K(2097664K)->0K(2097664K) From: 0K(349184K)->8234K(349184K)
[4.687s][info][gc,heap        ] GC(6) ParOldGen: 15699K(5592576K)->15707K(5592576K)
[4.687s][info][gc,metaspace   ] GC(6) Metaspace: 25642K(25856K)->25642K(25856K) NonClass: 22967K(23104K)->22967K(23104K) Class: 2675K(2752K)->2675K(2752K)
[4.687s][info][gc             ] GC(6) Pause Young (System.gc()) 520M->23M(7851M) 3.550ms
[4.687s][info][gc,cpu         ] GC(6) User=0.00s Sys=0.00s Real=0.02s
[4.687s][info][gc,start       ] GC(7) Pause Full (System.gc())
[4.687s][info][gc,phases,start] GC(7) Marking Phase
[4.707s][info][gc,phases      ] GC(7) Marking Phase 19.663ms
[4.707s][info][gc,phases,start] GC(7) Summary Phase
[4.707s][info][gc,phases      ] GC(7) Summary Phase 0.010ms
[4.707s][info][gc,phases,start] GC(7) Adjust Roots
[4.714s][info][gc,phases      ] GC(7) Adjust Roots 6.900ms
[4.714s][info][gc,phases,start] GC(7) Compaction Phase
[4.722s][info][gc,phases      ] GC(7) Compaction Phase 8.527ms
[4.722s][info][gc,phases,start] GC(7) Post Compact
[4.723s][info][gc,phases      ] GC(7) Post Compact 0.704ms
[4.723s][info][gc,heap        ] GC(7) PSYoungGen: 8234K(2446848K)->0K(2446848K) Eden: 0K(2097664K)->0K(2097664K) From: 8234K(349184K)->0K(349184K)
[4.723s][info][gc,heap        ] GC(7) ParOldGen: 15707K(5592576K)->16988K(5592576K)
[4.723s][info][gc,metaspace   ] GC(7) Metaspace: 25642K(25856K)->25642K(25856K) NonClass: 22967K(23104K)->22967K(23104K) Class: 2675K(2752K)->2675K(2752K)
[4.723s][info][gc             ] GC(7) Pause Full (System.gc()) 23M->16M(7851M) 36.137ms
[4.723s][info][gc,cpu         ] GC(7) User=0.19s Sys=0.02s Real=0.04s
[5.792s][info][gc,start       ] GC(8) Pause Young (System.gc())
[5.794s][info][gc,heap        ] GC(8) PSYoungGen: 475479K(2446848K)->8234K(2446848K) Eden: 475479K(2097664K)->0K(2097664K) From: 0K(349184K)->8234K(349184K)
[5.795s][info][gc,heap        ] GC(8) ParOldGen: 16988K(5592576K)->16996K(5592576K)
[5.795s][info][gc,metaspace   ] GC(8) Metaspace: 26048K(26304K)->26048K(26304K) NonClass: 23363K(23488K)->23363K(23488K) Class: 2685K(2816K)->2685K(2816K)
[5.795s][info][gc             ] GC(8) Pause Young (System.gc()) 480M->24M(7851M) 2.960ms
[5.795s][info][gc,cpu         ] GC(8) User=0.00s Sys=0.00s Real=0.01s
[5.795s][info][gc,start       ] GC(9) Pause Full (System.gc())
[5.795s][info][gc,phases,start] GC(9) Marking Phase
[5.812s][info][gc,phases      ] GC(9) Marking Phase 16.952ms
[5.812s][info][gc,phases,start] GC(9) Summary Phase
[5.812s][info][gc,phases      ] GC(9) Summary Phase 0.010ms
[5.812s][info][gc,phases,start] GC(9) Adjust Roots
[5.819s][info][gc,phases      ] GC(9) Adjust Roots 7.075ms
[5.819s][info][gc,phases,start] GC(9) Compaction Phase
[5.825s][info][gc,phases      ] GC(9) Compaction Phase 5.756ms
[5.825s][info][gc,phases,start] GC(9) Post Compact
[5.825s][info][gc,phases      ] GC(9) Post Compact 0.573ms
[5.825s][info][gc,heap        ] GC(9) PSYoungGen: 8234K(2446848K)->0K(2446848K) Eden: 0K(2097664K)->0K(2097664K) From: 8234K(349184K)->0K(349184K)
[5.825s][info][gc,heap        ] GC(9) ParOldGen: 16996K(5592576K)->17005K(5592576K)
[5.825s][info][gc,metaspace   ] GC(9) Metaspace: 26048K(26304K)->26048K(26304K) NonClass: 23363K(23488K)->23363K(23488K) Class: 2685K(2816K)->2685K(2816K)
[5.825s][info][gc             ] GC(9) Pause Full (System.gc()) 24M->16M(7851M) 30.617ms
[5.825s][info][gc,cpu         ] GC(9) User=0.12s Sys=0.06s Real=0.03s
[6.775s][info][gc,start       ] GC(10) Pause Young (System.gc())
[6.779s][info][gc,heap        ] GC(10) PSYoungGen: 433519K(2446848K)->8282K(2446848K) Eden: 433519K(2097664K)->0K(2097664K) From: 0K(349184K)->8282K(349184K)
[6.779s][info][gc,heap        ] GC(10) ParOldGen: 17005K(5592576K)->17013K(5592576K)
[6.779s][info][gc,metaspace   ] GC(10) Metaspace: 26277K(26496K)->26277K(26496K) NonClass: 23592K(23680K)->23592K(23680K) Class: 2685K(2816K)->2685K(2816K)
[6.779s][info][gc             ] GC(10) Pause Young (System.gc()) 439M->24M(7851M) 3.457ms
[6.779s][info][gc,cpu         ] GC(10) User=0.00s Sys=0.00s Real=0.01s
[6.779s][info][gc,start       ] GC(11) Pause Full (System.gc())
[6.779s][info][gc,phases,start] GC(11) Marking Phase
[6.797s][info][gc,phases      ] GC(11) Marking Phase 18.531ms
[6.797s][info][gc,phases,start] GC(11) Summary Phase
[6.797s][info][gc,phases      ] GC(11) Summary Phase 0.010ms
[6.797s][info][gc,phases,start] GC(11) Adjust Roots
[6.804s][info][gc,phases      ] GC(11) Adjust Roots 6.664ms
[6.804s][info][gc,phases,start] GC(11) Compaction Phase
[6.809s][info][gc,phases      ] GC(11) Compaction Phase 5.220ms
[6.809s][info][gc,phases,start] GC(11) Post Compact
[6.810s][info][gc,phases      ] GC(11) Post Compact 0.518ms
[6.810s][info][gc,heap        ] GC(11) PSYoungGen: 8282K(2446848K)->0K(2446848K) Eden: 0K(2097664K)->0K(2097664K) From: 8282K(349184K)->0K(349184K)
[6.810s][info][gc,heap        ] GC(11) ParOldGen: 17013K(5592576K)->17016K(5592576K)
[6.810s][info][gc,metaspace   ] GC(11) Metaspace: 26277K(26496K)->26277K(26496K) NonClass: 23592K(23680K)->23592K(23680K) Class: 2685K(2816K)->2685K(2816K)
[6.810s][info][gc             ] GC(11) Pause Full (System.gc()) 24M->16M(7851M) 31.183ms
[6.810s][info][gc,cpu         ] GC(11) User=0.08s Sys=0.03s Real=0.03s
[7.687s][info][gc,start       ] GC(12) Pause Young (System.gc())
[7.690s][info][gc,heap        ] GC(12) PSYoungGen: 475503K(2446848K)->8298K(2446848K) Eden: 475503K(2097664K)->0K(2097664K) From: 0K(349184K)->8298K(349184K)
[7.690s][info][gc,heap        ] GC(12) ParOldGen: 17016K(5592576K)->17024K(5592576K)
[7.690s][info][gc,metaspace   ] GC(12) Metaspace: 26477K(26752K)->26477K(26752K) NonClass: 23791K(23936K)->23791K(23936K) Class: 2686K(2816K)->2686K(2816K)
[7.690s][info][gc             ] GC(12) Pause Young (System.gc()) 480M->24M(7851M) 2.992ms
[7.690s][info][gc,cpu         ] GC(12) User=0.00s Sys=0.00s Real=0.00s
[7.690s][info][gc,start       ] GC(13) Pause Full (System.gc())
[7.690s][info][gc,phases,start] GC(13) Marking Phase
[7.708s][info][gc,phases      ] GC(13) Marking Phase 17.375ms
[7.708s][info][gc,phases,start] GC(13) Summary Phase
[7.708s][info][gc,phases      ] GC(13) Summary Phase 0.009ms
[7.708s][info][gc,phases,start] GC(13) Adjust Roots
[7.715s][info][gc,phases      ] GC(13) Adjust Roots 7.161ms
[7.715s][info][gc,phases,start] GC(13) Compaction Phase
[7.721s][info][gc,phases      ] GC(13) Compaction Phase 6.446ms
[7.721s][info][gc,phases,start] GC(13) Post Compact
[7.722s][info][gc,phases      ] GC(13) Post Compact 0.526ms
[7.722s][info][gc,heap        ] GC(13) PSYoungGen: 8298K(2446848K)->0K(2446848K) Eden: 0K(2097664K)->0K(2097664K) From: 8298K(349184K)->0K(349184K)
[7.722s][info][gc,heap        ] GC(13) ParOldGen: 17024K(5592576K)->17025K(5592576K)
[7.722s][info][gc,metaspace   ] GC(13) Metaspace: 26477K(26752K)->26477K(26752K) NonClass: 23791K(23936K)->23791K(23936K) Class: 2686K(2816K)->2686K(2816K)
[7.722s][info][gc             ] GC(13) Pause Full (System.gc()) 24M->16M(7851M) 31.744ms
[7.722s][info][gc,cpu         ] GC(13) User=0.11s Sys=0.00s Real=0.03s
[8.561s][info][gc,start       ] GC(14) Pause Young (System.gc())
[8.564s][info][gc,heap        ] GC(14) PSYoungGen: 433518K(2446848K)->8298K(2446848K) Eden: 433518K(2097664K)->0K(2097664K) From: 0K(349184K)->8298K(349184K)
[8.564s][info][gc,heap        ] GC(14) ParOldGen: 17025K(5592576K)->17033K(5592576K)
[8.564s][info][gc,metaspace   ] GC(14) Metaspace: 26675K(26944K)->26675K(26944K) NonClass: 23988K(24128K)->23988K(24128K) Class: 2686K(2816K)->2686K(2816K)
[8.564s][info][gc             ] GC(14) Pause Young (System.gc()) 439M->24M(7851M) 2.792ms
[8.564s][info][gc,cpu         ] GC(14) User=0.09s Sys=0.00s Real=0.01s
[8.564s][info][gc,start       ] GC(15) Pause Full (System.gc())
[8.564s][info][gc,phases,start] GC(15) Marking Phase
[8.585s][info][gc,phases      ] GC(15) Marking Phase 21.372ms
[8.585s][info][gc,phases,start] GC(15) Summary Phase
[8.585s][info][gc,phases      ] GC(15) Summary Phase 0.010ms
[8.585s][info][gc,phases,start] GC(15) Adjust Roots
[8.592s][info][gc,phases      ] GC(15) Adjust Roots 6.775ms
[8.592s][info][gc,phases,start] GC(15) Compaction Phase
[8.598s][info][gc,phases      ] GC(15) Compaction Phase 5.677ms
[8.598s][info][gc,phases,start] GC(15) Post Compact
[8.598s][info][gc,phases      ] GC(15) Post Compact 0.506ms
[8.598s][info][gc,heap        ] GC(15) PSYoungGen: 8298K(2446848K)->0K(2446848K) Eden: 0K(2097664K)->0K(2097664K) From: 8298K(349184K)->0K(349184K)
[8.598s][info][gc,heap        ] GC(15) ParOldGen: 17033K(5592576K)->17034K(5592576K)
[8.598s][info][gc,metaspace   ] GC(15) Metaspace: 26675K(26944K)->26675K(26944K) NonClass: 23988K(24128K)->23988K(24128K) Class: 2686K(2816K)->2686K(2816K)
[8.598s][info][gc             ] GC(15) Pause Full (System.gc()) 24M->16M(7851M) 34.585ms
[8.598s][info][gc,cpu         ] GC(15) User=0.14s Sys=0.00s Real=0.03s
[9.408s][info][gc,start       ] GC(16) Pause Young (System.gc())
[9.411s][info][gc,heap        ] GC(16) PSYoungGen: 433517K(2446848K)->8250K(2446848K) Eden: 433517K(2097664K)->0K(2097664K) From: 0K(349184K)->8250K(349184K)
[9.411s][info][gc,heap        ] GC(16) ParOldGen: 17034K(5592576K)->17042K(5592576K)
[9.411s][info][gc,metaspace   ] GC(16) Metaspace: 26851K(27072K)->26851K(27072K) NonClass: 24161K(24256K)->24161K(24256K) Class: 2690K(2816K)->2690K(2816K)
[9.411s][info][gc             ] GC(16) Pause Young (System.gc()) 439M->24M(7851M) 3.339ms
[9.411s][info][gc,cpu         ] GC(16) User=0.00s Sys=0.00s Real=0.01s
[9.411s][info][gc,start       ] GC(17) Pause Full (System.gc())
[9.412s][info][gc,phases,start] GC(17) Marking Phase
[9.429s][info][gc,phases      ] GC(17) Marking Phase 17.916ms
[9.429s][info][gc,phases,start] GC(17) Summary Phase
[9.429s][info][gc,phases      ] GC(17) Summary Phase 0.010ms
[9.429s][info][gc,phases,start] GC(17) Adjust Roots
[9.437s][info][gc,phases      ] GC(17) Adjust Roots 7.899ms
[9.437s][info][gc,phases,start] GC(17) Compaction Phase
[9.443s][info][gc,phases      ] GC(17) Compaction Phase 5.582ms
[9.443s][info][gc,phases,start] GC(17) Post Compact
[9.444s][info][gc,phases      ] GC(17) Post Compact 0.517ms
[9.444s][info][gc,heap        ] GC(17) PSYoungGen: 8250K(2446848K)->0K(2446848K) Eden: 0K(2097664K)->0K(2097664K) From: 8250K(349184K)->0K(349184K)
[9.444s][info][gc,heap        ] GC(17) ParOldGen: 17042K(5592576K)->17042K(5592576K)
[9.444s][info][gc,metaspace   ] GC(17) Metaspace: 26851K(27072K)->26851K(27072K) NonClass: 24161K(24256K)->24161K(24256K) Class: 2690K(2816K)->2690K(2816K)
[9.444s][info][gc             ] GC(17) Pause Full (System.gc()) 24M->16M(7851M) 32.252ms
[9.444s][info][gc,cpu         ] GC(17) User=0.03s Sys=0.00s Real=0.03s
[10.217s][info][gc,start       ] GC(18) Pause Young (System.gc())
[10.219s][info][gc,heap        ] GC(18) PSYoungGen: 433518K(2446848K)->8250K(2446848K) Eden: 433518K(2097664K)->0K(2097664K) From: 0K(349184K)->8250K(349184K)
[10.220s][info][gc,heap        ] GC(18) ParOldGen: 17042K(5592576K)->17050K(5592576K)
[10.220s][info][gc,metaspace   ] GC(18) Metaspace: 26929K(27200K)->26929K(27200K) NonClass: 24239K(24384K)->24239K(24384K) Class: 2690K(2816K)->2690K(2816K)
[10.220s][info][gc             ] GC(18) Pause Young (System.gc()) 440M->24M(7851M) 2.794ms
[10.220s][info][gc,cpu         ] GC(18) User=0.09s Sys=0.00s Real=0.01s
[10.220s][info][gc,start       ] GC(19) Pause Full (System.gc())
[10.220s][info][gc,phases,start] GC(19) Marking Phase
[10.239s][info][gc,phases      ] GC(19) Marking Phase 19.445ms
[10.239s][info][gc,phases,start] GC(19) Summary Phase
[10.239s][info][gc,phases      ] GC(19) Summary Phase 0.010ms
[10.239s][info][gc,phases,start] GC(19) Adjust Roots
[10.246s][info][gc,phases      ] GC(19) Adjust Roots 7.108ms
[10.246s][info][gc,phases,start] GC(19) Compaction Phase
[10.252s][info][gc,phases      ] GC(19) Compaction Phase 5.460ms
[10.252s][info][gc,phases,start] GC(19) Post Compact
[10.252s][info][gc,phases      ] GC(19) Post Compact 0.598ms
[10.252s][info][gc,heap        ] GC(19) PSYoungGen: 8250K(2446848K)->0K(2446848K) Eden: 0K(2097664K)->0K(2097664K) From: 8250K(349184K)->0K(349184K)
[10.252s][info][gc,heap        ] GC(19) ParOldGen: 17050K(5592576K)->17046K(5592576K)
[10.252s][info][gc,metaspace   ] GC(19) Metaspace: 26929K(27200K)->26929K(27200K) NonClass: 24239K(24384K)->24239K(24384K) Class: 2690K(2816K)->2690K(2816K)
[10.252s][info][gc             ] GC(19) Pause Full (System.gc()) 24M->16M(7851M) 32.876ms
[10.252s][info][gc,cpu         ] GC(19) User=0.11s Sys=0.02s Real=0.03s
[11.006s][info][gc,start       ] GC(20) Pause Young (System.gc())
[11.009s][info][gc,heap        ] GC(20) PSYoungGen: 433533K(2446848K)->8216K(2446848K) Eden: 433533K(2097664K)->0K(2097664K) From: 0K(349184K)->8216K(349184K)
[11.009s][info][gc,heap        ] GC(20) ParOldGen: 17046K(5592576K)->17054K(5592576K)
[11.009s][info][gc,metaspace   ] GC(20) Metaspace: 26994K(27264K)->26994K(27264K) NonClass: 24302K(24448K)->24302K(24448K) Class: 2691K(2816K)->2691K(2816K)
[11.009s][info][gc             ] GC(20) Pause Young (System.gc()) 440M->24M(7851M) 3.115ms
[11.009s][info][gc,cpu         ] GC(20) User=0.00s Sys=0.00s Real=0.01s
[11.009s][info][gc,start       ] GC(21) Pause Full (System.gc())
[11.009s][info][gc,phases,start] GC(21) Marking Phase
[11.026s][info][gc,phases      ] GC(21) Marking Phase 17.489ms
[11.026s][info][gc,phases,start] GC(21) Summary Phase
[11.026s][info][gc,phases      ] GC(21) Summary Phase 0.010ms
[11.026s][info][gc,phases,start] GC(21) Adjust Roots
[11.035s][info][gc,phases      ] GC(21) Adjust Roots 8.417ms
[11.035s][info][gc,phases,start] GC(21) Compaction Phase
[11.040s][info][gc,phases      ] GC(21) Compaction Phase 5.606ms
[11.041s][info][gc,phases,start] GC(21) Post Compact
[11.041s][info][gc,phases      ] GC(21) Post Compact 0.510ms
[11.041s][info][gc,heap        ] GC(21) PSYoungGen: 8216K(2446848K)->0K(2446848K) Eden: 0K(2097664K)->0K(2097664K) From: 8216K(349184K)->0K(349184K)
[11.041s][info][gc,heap        ] GC(21) ParOldGen: 17054K(5592576K)->17048K(5592576K)
[11.041s][info][gc,metaspace   ] GC(21) Metaspace: 26994K(27264K)->26994K(27264K) NonClass: 24302K(24448K)->24302K(24448K) Class: 2691K(2816K)->2691K(2816K)
[11.041s][info][gc             ] GC(21) Pause Full (System.gc()) 24M->16M(7851M) 32.289ms
[11.041s][info][gc,cpu         ] GC(21) User=0.03s Sys=0.00s Real=0.03s
[11.906s][info][gc,heap,exit   ] Heap
[11.906s][info][gc,heap,exit   ]  PSYoungGen      total 2446848K, used 475476K [0x0000000755580000, 0x0000000800000000, 0x0000000800000000)
[11.906s][info][gc,heap,exit   ]   eden space 2097664K, 22% used [0x0000000755580000,0x00000007725d50b0,0x00000007d5600000)
[11.907s][info][gc,heap,exit   ]   from space 349184K, 0% used [0x00000007d5600000,0x00000007d5600000,0x00000007eab00000)
[11.907s][info][gc,heap,exit   ]   to   space 349184K, 0% used [0x00000007eab00000,0x00000007eab00000,0x0000000800000000)
[11.907s][info][gc,heap,exit   ]  ParOldGen       total 5592576K, used 17048K [0x0000000600000000, 0x0000000755580000, 0x0000000755580000)
[11.907s][info][gc,heap,exit   ]   object space 5592576K, 0% used [0x0000000600000000,0x00000006010a6188,0x0000000755580000)
[11.907s][info][gc,heap,exit   ]  Metaspace       used 27361K, committed 27584K, reserved 1114112K
[11.907s][info][gc,heap,exit   ]   class space    used 2691K, committed 2816K, reserved 1048576K
