[0.006s][info][gc] Min heap equals to max heap, disabling ShenandoahUncommit
[0.010s][info][gc] Heuristics ergonomically sets -XX:+ExplicitGCInvokesConcurrent
[0.010s][info][gc] Heuristics ergonomically sets -XX:+ShenandoahImplicitGCInvokesConcurrent
[0.010s][info][gc] Using Shenandoah
[0.014s][info][gc,ergo] Pacer for Idle. Initial: 41943K, Alloc Tax Rate: 1.0x
[0.014s][info][gc,init] Version: 17.0.12+7-adhoc..jdk17u (release)
[0.014s][info][gc,init] CPUs: 6 total, 6 available
[0.014s][info][gc,init] Memory: 15591M
[0.014s][info][gc,init] Large Page Support: Disabled
[0.014s][info][gc,init] NUMA Support: Disabled
[0.014s][info][gc,init] Compressed Oops: Enabled (32-bit)
[0.017s][info][gc,init] Heap Min Capacity: 2G
[0.017s][info][gc,init] Heap Initial Capacity: 2G
[0.017s][info][gc,init] Heap Max Capacity: 2G
[0.017s][info][gc,init] Pre-touch: Disabled
[0.017s][info][gc,init] Mode: Snapshot-At-The-Beginning (SATB)
[0.017s][info][gc,init] Heuristics: Adaptive
[0.017s][info][gc,init] Heap Region Count: 2048
[0.017s][info][gc,init] Heap Region Size: 1M
[0.017s][info][gc,init] TLAB Size Max: 1M
[0.017s][info][gc,init] Humongous Object Threshold: 1M
[0.017s][info][gc,init] Parallel Workers: 3
[0.017s][info][gc,init] Concurrent Workers: 1
[0.025s][info][gc,metaspace] CDS archive(s) mapped at: [0x0000020980000000-0x0000020980bc0000-0x0000020980bc0000), size 12320768, SharedBaseAddress: 0x0000020980000000, ArchiveRelocationMode: 1.
[0.025s][info][gc,metaspace] Compressed class space mapped at: 0x0000020981000000-0x00000209c1000000, reserved size: 1073741824
[0.025s][info][gc,metaspace] Narrow klass base: 0x0000020980000000, Narrow klass shift: 0, Narrow klass range: 0x100000000
[0.466s][info][gc          ] Trigger: Explicit GC request (System.gc())
[0.466s][info][gc,ergo     ] Free: 1927M, Max: 1024K regular, 1927M humongous, Frag: 0% external, 0% internal; Reserve: 103M, Max: 1024K
[0.466s][info][gc,start    ] GC(0) Concurrent reset
[0.466s][info][gc,task     ] GC(0) Using 1 of 3 workers for concurrent reset
[0.466s][info][gc,ergo     ] GC(0) Pacer for Reset. Non-Taxable: 2048M
[0.466s][info][gc          ] GC(0) Concurrent reset 0.322ms
[0.467s][info][gc,start    ] GC(0) Pause Init Mark (unload classes)
[0.467s][info][gc,task     ] GC(0) Using 3 of 3 workers for init marking
[0.467s][info][gc,ref      ] GC(0) Clearing All SoftReferences
[0.467s][info][gc,ergo     ] GC(0) Pacer for Mark. Expected Live: 204M, Free: 1927M, Non-Taxable: 192M, Alloc Tax Rate: 0.1x
[0.467s][info][gc          ] GC(0) Pause Init Mark (unload classes) 0.533ms
[0.467s][info][gc,start    ] GC(0) Concurrent marking roots
[0.467s][info][gc,task     ] GC(0) Using 1 of 3 workers for concurrent marking roots
[0.468s][info][gc          ] GC(0) Concurrent marking roots 0.432ms
[0.468s][info][gc,start    ] GC(0) Concurrent marking (unload classes)
[0.468s][info][gc,task     ] GC(0) Using 1 of 3 workers for concurrent marking
[0.472s][info][gc          ] GC(0) Concurrent marking (unload classes) 3.825ms
[0.472s][info][gc,start    ] GC(0) Pause Final Mark (unload classes)
[0.472s][info][gc,task     ] GC(0) Using 3 of 3 workers for final marking
[0.472s][info][gc,ergo     ] GC(0) Adaptive CSet Selection. Target Free: 290M, Actual Free: 2030M, Max CSet: 87381K, Min Garbage: 0B
[0.472s][info][gc,ergo     ] GC(0) Collectable Garbage: 15297K (100%), Immediate: 0B (0%), CSet: 15297K (100%)
[0.472s][info][gc,ergo     ] GC(0) Pacer for Evacuation. Used CSet: 18432K, Free: 1927M, Non-Taxable: 192M, Alloc Tax Rate: 1.1x
[0.472s][info][gc          ] GC(0) Pause Final Mark (unload classes) 0.243ms
[0.472s][info][gc,start    ] GC(0) Concurrent thread roots
[0.472s][info][gc,task     ] GC(0) Using 1 of 3 workers for Concurrent thread roots
[0.472s][info][gc          ] GC(0) Concurrent thread roots 0.373ms
[0.472s][info][gc,start    ] GC(0) Concurrent weak references
[0.472s][info][gc,task     ] GC(0) Using 1 of 3 workers for concurrent weak references
[0.473s][info][gc,ref      ] GC(0) Encountered references: Soft: 169, Weak: 381, Final: 3, Phantom: 67
[0.473s][info][gc,ref      ] GC(0) Discovered  references: Soft: 141, Weak: 199, Final: 1, Phantom: 58
[0.473s][info][gc,ref      ] GC(0) Enqueued    references: Soft: 101, Weak: 69, Final: 0, Phantom: 33
[0.473s][info][gc          ] GC(0) Concurrent weak references 0.274ms
[0.473s][info][gc,start    ] GC(0) Concurrent weak roots
[0.473s][info][gc,task     ] GC(0) Using 1 of 3 workers for concurrent weak root
[0.474s][info][gc          ] GC(0) Concurrent weak roots 0.863ms
[0.474s][info][gc,start    ] GC(0) Concurrent cleanup
[0.474s][info][gc          ] GC(0) Concurrent cleanup 18M->18M(2048M) 0.019ms
[0.474s][info][gc,ergo     ] GC(0) Free: 1927M, Max: 1024K regular, 1927M humongous, Frag: 0% external, 0% internal; Reserve: 102M, Max: 1024K
[0.474s][info][gc,start    ] GC(0) Concurrent class unloading
[0.474s][info][gc,task     ] GC(0) Using 1 of 3 workers for concurrent class unloading
[0.476s][info][gc          ] GC(0) Concurrent class unloading 2.500ms
[0.476s][info][gc,start    ] GC(0) Concurrent strong roots
[0.476s][info][gc,task     ] GC(0) Using 1 of 3 workers for concurrent strong root
[0.477s][info][gc          ] GC(0) Concurrent strong roots 0.322ms
[0.477s][info][gc,start    ] GC(0) Concurrent evacuation
[0.477s][info][gc,task     ] GC(0) Using 1 of 3 workers for concurrent evacuation
[0.479s][info][gc          ] GC(0) Concurrent evacuation 2.146ms
[0.479s][info][gc,start    ] GC(0) Pause Init Update Refs
[0.479s][info][gc,ergo     ] GC(0) Pacer for Update Refs. Used: 22528K, Free: 1927M, Non-Taxable: 192M, Alloc Tax Rate: 1.1x
[0.479s][info][gc          ] GC(0) Pause Init Update Refs 0.053ms
[0.479s][info][gc,start    ] GC(0) Concurrent update references
[0.479s][info][gc,task     ] GC(0) Using 1 of 3 workers for concurrent reference update
[0.482s][info][gc          ] GC(0) Concurrent update references 2.785ms
[0.482s][info][gc,start    ] GC(0) Concurrent update thread roots
[0.482s][info][gc          ] GC(0) Concurrent update thread roots 0.661ms
[0.482s][info][gc,start    ] GC(0) Pause Final Update Refs
[0.483s][info][gc,task     ] GC(0) Using 3 of 3 workers for final reference update
[0.483s][info][gc          ] GC(0) Pause Final Update Refs 0.109ms
[0.483s][info][gc,start    ] GC(0) Concurrent cleanup
[0.483s][info][gc          ] GC(0) Concurrent cleanup 22M->4M(2048M) 0.037ms
[0.483s][info][gc,ergo     ] Free: 1941M, Max: 1024K regular, 1941M humongous, Frag: 0% external, 0% internal; Reserve: 103M, Max: 1024K
[0.483s][info][gc,stats    ] 
[0.483s][info][gc,stats    ] All times are wall-clock times, except per-root-class counters, that are sum over
[0.483s][info][gc,stats    ] all workers. Dividing the <total> over the root stage time estimates parallelism.
[0.483s][info][gc,stats    ] 
[0.483s][info][gc,stats    ] Concurrent Reset                    347 us
[0.483s][info][gc,stats    ] Pause Init Mark (G)                1023 us
[0.483s][info][gc,stats    ] Pause Init Mark (N)                 544 us
[0.483s][info][gc,stats    ]   Update Region States               60 us
[0.483s][info][gc,stats    ] Concurrent Mark Roots               450 us, parallelism: 0.76x
[0.483s][info][gc,stats    ]   CMR: <total>                      342 us
[0.483s][info][gc,stats    ]   CMR: Thread Roots                 232 us, workers (us): 232, ---, ---, 
[0.483s][info][gc,stats    ]   CMR: VM Strong Roots               23 us, workers (us):  23, ---, ---, 
[0.483s][info][gc,stats    ]   CMR: CLDG Roots                    86 us, workers (us):  86, ---, ---, 
[0.483s][info][gc,stats    ] Concurrent Marking                 3876 us
[0.483s][info][gc,stats    ] Pause Final Mark (G)                331 us
[0.483s][info][gc,stats    ] Pause Final Mark (N)                251 us
[0.483s][info][gc,stats    ]   Finish Mark                        84 us
[0.483s][info][gc,stats    ]   Update Region States               37 us
[0.483s][info][gc,stats    ]   Choose Collection Set              36 us
[0.483s][info][gc,stats    ]   Rebuild Free Set                    7 us
[0.483s][info][gc,stats    ] Concurrent Thread Roots             391 us, parallelism: 0.63x
[0.483s][info][gc,stats    ]   CTR: <total>                      247 us
[0.483s][info][gc,stats    ]   CTR: Thread Roots                 247 us, workers (us): 247, ---, ---, 
[0.483s][info][gc,stats    ] Concurrent Weak References          281 us, parallelism: 0.32x
[0.483s][info][gc,stats    ]   CWRF: <total>                      90 us
[0.483s][info][gc,stats    ]   CWRF: Weak References              90 us, workers (us):  90, ---, ---, 
[0.483s][info][gc,stats    ] Concurrent Weak Roots               887 us
[0.483s][info][gc,stats    ]   Roots                             812 us, parallelism: 0.90x
[0.483s][info][gc,stats    ]     CWR: <total>                    731 us
[0.483s][info][gc,stats    ]     CWR: Code Cache Roots           286 us, workers (us): 286, ---, ---, 
[0.483s][info][gc,stats    ]     CWR: VM Weak Roots              441 us, workers (us): 441, ---, ---, 
[0.483s][info][gc,stats    ]     CWR: CLDG Roots                   4 us, workers (us):   4, ---, ---, 
[0.483s][info][gc,stats    ]   Rendezvous                         34 us
[0.483s][info][gc,stats    ] Concurrent Cleanup                   28 us
[0.483s][info][gc,stats    ] Concurrent Class Unloading         2548 us
[0.483s][info][gc,stats    ]   Unlink Stale                     2296 us
[0.483s][info][gc,stats    ]     System Dictionary               134 us
[0.483s][info][gc,stats    ]     Weak Class Links                896 us
[0.483s][info][gc,stats    ]     Code Roots                     1265 us
[0.483s][info][gc,stats    ]   Rendezvous                         29 us
[0.483s][info][gc,stats    ]   Purge Unlinked                    157 us
[0.483s][info][gc,stats    ]     Code Roots                       93 us
[0.483s][info][gc,stats    ]     CLDG                             63 us
[0.483s][info][gc,stats    ]     Exception Caches                  0 us
[0.483s][info][gc,stats    ] Concurrent Strong Roots             362 us, parallelism: 0.64x
[0.483s][info][gc,stats    ]   CSR: <total>                      231 us
[0.483s][info][gc,stats    ]   CSR: VM Strong Roots               20 us, workers (us):  20, ---, ---, 
[0.483s][info][gc,stats    ]   CSR: CLDG Roots                   211 us, workers (us): 211, ---, ---, 
[0.483s][info][gc,stats    ] Concurrent Evacuation              2185 us
[0.483s][info][gc,stats    ] Pause Init Update Refs (G)          130 us
[0.483s][info][gc,stats    ] Pause Init Update Refs (N)           61 us
[0.483s][info][gc,stats    ]   Manage GCLABs                       2 us
[0.483s][info][gc,stats    ] Concurrent Update Refs             2819 us
[0.483s][info][gc,stats    ] Concurrent Update Thread Roots      703 us
[0.483s][info][gc,stats    ] Pause Final Update Refs (G)         183 us
[0.483s][info][gc,stats    ] Pause Final Update Refs (N)         129 us
[0.483s][info][gc,stats    ]   Update Region States               44 us
[0.483s][info][gc,stats    ]   Trash Collection Set                3 us
[0.483s][info][gc,stats    ]   Rebuild Free Set                   17 us
[0.483s][info][gc,stats    ] Concurrent Cleanup                   47 us
[0.483s][info][gc,stats    ] 
[0.483s][info][gc,stats    ] Allocation pacing accrued:
[0.483s][info][gc,stats    ]       0 of   469 ms (  0.0%): <total>
[0.483s][info][gc,stats    ]       0 of   469 ms (  0.0%): <average total>
[0.483s][info][gc,stats    ] 
[0.483s][info][gc,metaspace] Metaspace: 6026K(6144K)->5970K(6144K) NonClass: 5208K(5248K)->5162K(5248K) Class: 818K(896K)->807K(896K)
[0.483s][info][gc,ergo     ] Pacer for Idle. Initial: 41943K, Alloc Tax Rate: 1.0x
[1.711s][info][gc          ] Trigger: Learning 2 of 5. Free (1433M) is below initial threshold (1433M)
[1.712s][info][gc,ergo     ] Free: 1433M, Max: 1024K regular, 1433M humongous, Frag: 0% external, 0% internal; Reserve: 103M, Max: 1024K
[1.712s][info][gc,start    ] GC(1) Concurrent reset
[1.712s][info][gc,task     ] GC(1) Using 1 of 3 workers for concurrent reset
[1.712s][info][gc,ergo     ] GC(1) Pacer for Reset. Non-Taxable: 2048M
[1.712s][info][gc          ] GC(1) Concurrent reset 0.227ms
[1.712s][info][gc,start    ] GC(1) Pause Init Mark (unload classes)
[1.712s][info][gc,task     ] GC(1) Using 3 of 3 workers for init marking
[1.712s][info][gc,ergo     ] GC(1) Pacer for Mark. Expected Live: 3134K, Free: 1433M, Non-Taxable: 143M, Alloc Tax Rate: 0.0x
[1.712s][info][gc          ] GC(1) Pause Init Mark (unload classes) 0.118ms
[1.717s][info][gc,start    ] GC(1) Concurrent marking roots
[1.717s][info][gc,task     ] GC(1) Using 1 of 3 workers for concurrent marking roots
[1.718s][info][gc          ] GC(1) Concurrent marking roots 0.539ms
[1.718s][info][gc,start    ] GC(1) Concurrent marking (unload classes)
[1.718s][info][gc,task     ] GC(1) Using 1 of 3 workers for concurrent marking
[1.724s][info][gc          ] GC(1) Concurrent marking (unload classes) 6.731ms
[1.724s][info][gc,start    ] GC(1) Pause Final Mark (unload classes)
[1.724s][info][gc,task     ] GC(1) Using 3 of 3 workers for final marking
[1.725s][info][gc,ergo     ] GC(1) Adaptive CSet Selection. Target Free: 290M, Actual Free: 1919M, Max CSet: 87381K, Min Garbage: 0B
[1.725s][info][gc,ergo     ] GC(1) Collectable Garbage: 507M (99%), Immediate: 391M (77%), CSet: 116M (22%)
[1.725s][info][gc,ergo     ] GC(1) Pacer for Evacuation. Used CSet: 118M, Free: 1816M, Non-Taxable: 181M, Alloc Tax Rate: 1.1x
[1.725s][info][gc          ] GC(1) Pause Final Mark (unload classes) 0.222ms
[1.727s][info][gc,start    ] GC(1) Concurrent thread roots
[1.727s][info][gc,task     ] GC(1) Using 1 of 3 workers for Concurrent thread roots
[1.727s][info][gc          ] GC(1) Concurrent thread roots 0.474ms
[1.728s][info][gc,start    ] GC(1) Concurrent weak references
[1.728s][info][gc,task     ] GC(1) Using 1 of 3 workers for concurrent weak references
[1.728s][info][gc,ref      ] GC(1) Encountered references: Soft: 104, Weak: 388, Final: 3, Phantom: 84
[1.728s][info][gc,ref      ] GC(1) Discovered  references: Soft: 0, Weak: 143, Final: 1, Phantom: 65
[1.728s][info][gc,ref      ] GC(1) Enqueued    references: Soft: 0, Weak: 18, Final: 0, Phantom: 18
[1.728s][info][gc          ] GC(1) Concurrent weak references 0.118ms
[1.728s][info][gc,start    ] GC(1) Concurrent weak roots
[1.728s][info][gc,task     ] GC(1) Using 1 of 3 workers for concurrent weak root
[1.770s][info][gc          ] GC(1) Concurrent weak roots 42.653ms
[1.770s][info][gc,start    ] GC(1) Concurrent cleanup
[1.770s][info][gc          ] GC(1) Concurrent cleanup 545M->154M(2048M) 0.046ms
[1.770s][info][gc,ergo     ] GC(1) Free: 1791M, Max: 1024K regular, 1400M humongous, Frag: 22% external, 0% internal; Reserve: 102M, Max: 1024K
[1.770s][info][gc,start    ] GC(1) Concurrent class unloading
[1.770s][info][gc,task     ] GC(1) Using 1 of 3 workers for concurrent class unloading
[1.784s][info][gc          ] GC(1) Concurrent class unloading 13.846ms
[1.784s][info][gc,start    ] GC(1) Concurrent strong roots
[1.784s][info][gc,task     ] GC(1) Using 1 of 3 workers for concurrent strong root
[1.784s][info][gc          ] GC(1) Concurrent strong roots 0.153ms
[1.784s][info][gc,start    ] GC(1) Concurrent evacuation
[1.784s][info][gc,task     ] GC(1) Using 1 of 3 workers for concurrent evacuation
[1.787s][info][gc          ] GC(1) Concurrent evacuation 2.758ms
[1.787s][info][gc,start    ] GC(1) Pause Init Update Refs
[1.787s][info][gc,ergo     ] GC(1) Pacer for Update Refs. Used: 161M, Free: 1786M, Non-Taxable: 178M, Alloc Tax Rate: 1.1x
[1.787s][info][gc          ] GC(1) Pause Init Update Refs 0.056ms
[1.790s][info][gc,start    ] GC(1) Concurrent update references
[1.791s][info][gc,task     ] GC(1) Using 1 of 3 workers for concurrent reference update
[1.794s][info][gc          ] GC(1) Concurrent update references 3.932ms
[1.794s][info][gc,start    ] GC(1) Concurrent update thread roots
[1.797s][info][gc          ] GC(1) Concurrent update thread roots 2.075ms
[1.797s][info][gc,start    ] GC(1) Pause Final Update Refs
[1.797s][info][gc,task     ] GC(1) Using 3 of 3 workers for final reference update
[1.797s][info][gc          ] GC(1) Pause Final Update Refs 0.171ms
[1.812s][info][gc,start    ] GC(1) Concurrent cleanup
[1.812s][info][gc          ] GC(1) Concurrent cleanup 164M->56M(2048M) 0.069ms
[1.812s][info][gc,ergo     ] Free: 1888M, Max: 1024K regular, 1398M humongous, Frag: 26% external, 0% internal; Reserve: 103M, Max: 1024K
[1.812s][info][gc,stats    ] 
[1.812s][info][gc,stats    ] All times are wall-clock times, except per-root-class counters, that are sum over
[1.812s][info][gc,stats    ] all workers. Dividing the <total> over the root stage time estimates parallelism.
[1.812s][info][gc,stats    ] 
[1.812s][info][gc,stats    ] Concurrent Reset                    254 us
[1.812s][info][gc,stats    ] Pause Init Mark (G)                5179 us
[1.812s][info][gc,stats    ] Pause Init Mark (N)                 127 us
[1.812s][info][gc,stats    ]   Update Region States               39 us
[1.812s][info][gc,stats    ] Concurrent Mark Roots               576 us, parallelism: 0.76x
[1.812s][info][gc,stats    ]   CMR: <total>                      441 us
[1.812s][info][gc,stats    ]   CMR: Thread Roots                 399 us, workers (us): 399, ---, ---, 
[1.812s][info][gc,stats    ]   CMR: VM Strong Roots                4 us, workers (us):   4, ---, ---, 
[1.812s][info][gc,stats    ]   CMR: CLDG Roots                    38 us, workers (us):  38, ---, ---, 
[1.812s][info][gc,stats    ] Concurrent Marking                 6768 us
[1.812s][info][gc,stats    ] Pause Final Mark (G)               2688 us
[1.812s][info][gc,stats    ] Pause Final Mark (N)                231 us
[1.812s][info][gc,stats    ]   Finish Mark                        55 us
[1.812s][info][gc,stats    ]   Update Region States               36 us
[1.812s][info][gc,stats    ]   Choose Collection Set              71 us
[1.812s][info][gc,stats    ]   Rebuild Free Set                    8 us
[1.812s][info][gc,stats    ] Concurrent Thread Roots             502 us, parallelism: 0.80x
[1.812s][info][gc,stats    ]   CTR: <total>                      402 us
[1.812s][info][gc,stats    ]   CTR: Thread Roots                 402 us, workers (us): 402, ---, ---, 
[1.812s][info][gc,stats    ] Concurrent Weak References          126 us, parallelism: 0.24x
[1.812s][info][gc,stats    ]   CWRF: <total>                      30 us
[1.812s][info][gc,stats    ]   CWRF: Weak References              30 us, workers (us):  30, ---, ---, 
[1.812s][info][gc,stats    ] Concurrent Weak Roots             42698 us
[1.812s][info][gc,stats    ]   Roots                             830 us, parallelism: 0.96x
[1.812s][info][gc,stats    ]     CWR: <total>                    794 us
[1.812s][info][gc,stats    ]     CWR: Code Cache Roots           631 us, workers (us): 631, ---, ---, 
[1.812s][info][gc,stats    ]     CWR: VM Weak Roots              158 us, workers (us): 158, ---, ---, 
[1.812s][info][gc,stats    ]     CWR: CLDG Roots                   6 us, workers (us):   6, ---, ---, 
[1.812s][info][gc,stats    ]   Rendezvous                      41802 us
[1.812s][info][gc,stats    ] Concurrent Cleanup                   56 us
[1.812s][info][gc,stats    ] Concurrent Class Unloading        13881 us
[1.812s][info][gc,stats    ]   Unlink Stale                     4871 us
[1.812s][info][gc,stats    ]     System Dictionary                 6 us
[1.812s][info][gc,stats    ]     Weak Class Links                  0 us
[1.812s][info][gc,stats    ]     Code Roots                     4863 us
[1.812s][info][gc,stats    ]   Rendezvous                       8716 us
[1.812s][info][gc,stats    ]   Purge Unlinked                    236 us
[1.812s][info][gc,stats    ]     Code Roots                      225 us
[1.812s][info][gc,stats    ]     CLDG                             10 us
[1.812s][info][gc,stats    ]     Exception Caches                  0 us
[1.812s][info][gc,stats    ] Concurrent Strong Roots             171 us, parallelism: 0.60x
[1.812s][info][gc,stats    ]   CSR: <total>                      103 us
[1.812s][info][gc,stats    ]   CSR: VM Strong Roots                3 us, workers (us):   3, ---, ---, 
[1.812s][info][gc,stats    ]   CSR: CLDG Roots                   101 us, workers (us): 101, ---, ---, 
[1.812s][info][gc,stats    ] Concurrent Evacuation              2803 us
[1.812s][info][gc,stats    ] Pause Init Update Refs (G)         3182 us
[1.812s][info][gc,stats    ] Pause Init Update Refs (N)           66 us
[1.812s][info][gc,stats    ]   Manage GCLABs                       6 us
[1.812s][info][gc,stats    ] Concurrent Update Refs             3970 us
[1.812s][info][gc,stats    ] Concurrent Update Thread Roots     2109 us
[1.812s][info][gc,stats    ] Pause Final Update Refs (G)       15020 us
[1.812s][info][gc,stats    ] Pause Final Update Refs (N)         214 us
[1.812s][info][gc,stats    ]   Update Region States               51 us
[1.812s][info][gc,stats    ]   Trash Collection Set                7 us
[1.812s][info][gc,stats    ]   Rebuild Free Set                   16 us
[1.812s][info][gc,stats    ] Concurrent Cleanup                   80 us
[1.812s][info][gc,stats    ] 
[1.812s][info][gc,stats    ] Allocation pacing accrued:
[1.812s][info][gc,stats    ]       0 of  1329 ms (  0.0%): <total>
[1.812s][info][gc,stats    ]       0 of  1329 ms (  0.0%): <average total>
[1.812s][info][gc,stats    ] 
[1.812s][info][gc,metaspace] Metaspace: 8008K(8128K)->8009K(8128K) NonClass: 7053K(7104K)->7053K(7104K) Class: 955K(1024K)->955K(1024K)
[1.812s][info][gc,ergo     ] Pacer for Idle. Initial: 41943K, Alloc Tax Rate: 1.0x
[2.607s][info][gc          ] Trigger: Learning 3 of 5. Free (1433M) is below initial threshold (1433M)
[2.607s][info][gc,ergo     ] Free: 1433M, Max: 1024K regular, 1398M humongous, Frag: 3% external, 0% internal; Reserve: 103M, Max: 1024K
[2.607s][info][gc,start    ] GC(2) Concurrent reset
[2.607s][info][gc,task     ] GC(2) Using 1 of 3 workers for concurrent reset
[2.607s][info][gc,ergo     ] GC(2) Pacer for Reset. Non-Taxable: 2048M
[2.608s][info][gc          ] GC(2) Concurrent reset 0.644ms
[2.608s][info][gc,start    ] GC(2) Pause Init Mark (unload classes)
[2.608s][info][gc,task     ] GC(2) Using 3 of 3 workers for init marking
[2.608s][info][gc,ergo     ] GC(2) Pacer for Mark. Expected Live: 4038K, Free: 1432M, Non-Taxable: 143M, Alloc Tax Rate: 0.0x
[2.608s][info][gc          ] GC(2) Pause Init Mark (unload classes) 0.086ms
[2.609s][info][gc,start    ] GC(2) Concurrent marking roots
[2.609s][info][gc,task     ] GC(2) Using 1 of 3 workers for concurrent marking roots
[2.610s][info][gc          ] GC(2) Concurrent marking roots 0.571ms
[2.610s][info][gc,start    ] GC(2) Concurrent marking (unload classes)
[2.610s][info][gc,task     ] GC(2) Using 1 of 3 workers for concurrent marking
[2.639s][info][gc          ] GC(2) Concurrent marking (unload classes) 29.208ms
[2.639s][info][gc,start    ] GC(2) Pause Final Mark (unload classes)
[2.639s][info][gc,task     ] GC(2) Using 3 of 3 workers for final marking
[2.639s][info][gc,ergo     ] GC(2) Collectable Garbage: 474M (93%), Immediate: 474M (93%), CSet: 0B (0%)
[2.639s][info][gc          ] GC(2) Pause Final Mark (unload classes) 0.151ms
[2.642s][info][gc,start    ] GC(2) Concurrent weak references
[2.642s][info][gc,task     ] GC(2) Using 1 of 3 workers for concurrent weak references
[2.642s][info][gc,ref      ] GC(2) Encountered references: Soft: 104, Weak: 369, Final: 3, Phantom: 61
[2.642s][info][gc,ref      ] GC(2) Discovered  references: Soft: 0, Weak: 125, Final: 1, Phantom: 41
[2.642s][info][gc,ref      ] GC(2) Enqueued    references: Soft: 0, Weak: 0, Final: 0, Phantom: 0
[2.642s][info][gc          ] GC(2) Concurrent weak references 0.130ms
[2.642s][info][gc,start    ] GC(2) Concurrent weak roots
[2.642s][info][gc,task     ] GC(2) Using 1 of 3 workers for concurrent weak root
[2.643s][info][gc          ] GC(2) Concurrent weak roots 1.021ms
[2.643s][info][gc,start    ] GC(2) Concurrent cleanup
[2.643s][info][gc          ] GC(2) Concurrent cleanup 535M->60M(2048M) 0.045ms
[2.643s][info][gc,ergo     ] GC(2) Free: 1884M, Max: 1024K regular, 1430M humongous, Frag: 25% external, 0% internal; Reserve: 103M, Max: 1024K
[2.644s][info][gc,start    ] GC(2) Concurrent class unloading
[2.644s][info][gc,task     ] GC(2) Using 1 of 3 workers for concurrent class unloading
[2.651s][info][gc          ] GC(2) Concurrent class unloading 7.897ms
[2.652s][info][gc,start    ] GC(2) Pause Final Roots
[2.652s][info][gc          ] GC(2) Pause Final Roots 0.016ms
[2.656s][info][gc,ergo     ] Free: 1876M, Max: 1024K regular, 1430M humongous, Frag: 24% external, 0% internal; Reserve: 103M, Max: 1024K
[2.656s][info][gc,stats    ] 
[2.656s][info][gc,stats    ] All times are wall-clock times, except per-root-class counters, that are sum over
[2.656s][info][gc,stats    ] all workers. Dividing the <total> over the root stage time estimates parallelism.
[2.656s][info][gc,stats    ] 
[2.656s][info][gc,stats    ] Concurrent Reset                    682 us
[2.656s][info][gc,stats    ] Pause Init Mark (G)                1177 us
[2.656s][info][gc,stats    ] Pause Init Mark (N)                  95 us
[2.656s][info][gc,stats    ]   Update Region States               24 us
[2.656s][info][gc,stats    ] Concurrent Mark Roots               611 us, parallelism: 0.74x
[2.656s][info][gc,stats    ]   CMR: <total>                      451 us
[2.656s][info][gc,stats    ]   CMR: Thread Roots                 410 us, workers (us): 410, ---, ---, 
[2.656s][info][gc,stats    ]   CMR: VM Strong Roots                5 us, workers (us):   5, ---, ---, 
[2.656s][info][gc,stats    ]   CMR: CLDG Roots                    36 us, workers (us):  36, ---, ---, 
[2.656s][info][gc,stats    ] Concurrent Marking                29249 us
[2.656s][info][gc,stats    ] Pause Final Mark (G)               3313 us
[2.656s][info][gc,stats    ] Pause Final Mark (N)                160 us
[2.656s][info][gc,stats    ]   Finish Mark                        34 us
[2.656s][info][gc,stats    ]   Update Region States               29 us
[2.656s][info][gc,stats    ]   Choose Collection Set              24 us
[2.656s][info][gc,stats    ]   Rebuild Free Set                    8 us
[2.656s][info][gc,stats    ] Concurrent Weak References          139 us, parallelism: 0.07x
[2.656s][info][gc,stats    ]   CWRF: <total>                       9 us
[2.656s][info][gc,stats    ]   CWRF: Weak References               9 us, workers (us):   9, ---, ---, 
[2.656s][info][gc,stats    ] Concurrent Weak Roots              1054 us
[2.656s][info][gc,stats    ]   Roots                             947 us, parallelism: 0.94x
[2.656s][info][gc,stats    ]     CWR: <total>                    894 us
[2.656s][info][gc,stats    ]     CWR: Code Cache Roots           822 us, workers (us): 822, ---, ---, 
[2.656s][info][gc,stats    ]     CWR: VM Weak Roots               66 us, workers (us):  66, ---, ---, 
[2.656s][info][gc,stats    ]     CWR: CLDG Roots                   5 us, workers (us):   5, ---, ---, 
[2.656s][info][gc,stats    ]   Rendezvous                         56 us
[2.656s][info][gc,stats    ] Concurrent Cleanup                   55 us
[2.656s][info][gc,stats    ] Concurrent Class Unloading         7938 us
[2.656s][info][gc,stats    ]   Unlink Stale                     4240 us
[2.656s][info][gc,stats    ]     System Dictionary                 5 us
[2.656s][info][gc,stats    ]     Weak Class Links                  0 us
[2.656s][info][gc,stats    ]     Code Roots                     4233 us
[2.656s][info][gc,stats    ]   Rendezvous                       3383 us
[2.656s][info][gc,stats    ]   Purge Unlinked                    252 us
[2.656s][info][gc,stats    ]     Code Roots                      246 us
[2.656s][info][gc,stats    ]     CLDG                              5 us
[2.656s][info][gc,stats    ]     Exception Caches                  0 us
[2.656s][info][gc,stats    ] Pause Final Roots (G)              4430 us
[2.656s][info][gc,stats    ] Pause Final Roots (N)                24 us
[2.656s][info][gc,stats    ] 
[2.656s][info][gc,stats    ] Allocation pacing accrued:
[2.656s][info][gc,stats    ]       0 of   844 ms (  0.0%): <total>
[2.656s][info][gc,stats    ]       0 of   844 ms (  0.0%): <average total>
[2.656s][info][gc,stats    ] 
[2.656s][info][gc,metaspace] Metaspace: 8017K(8192K)->8017K(8192K) NonClass: 7062K(7168K)->7062K(7168K) Class: 955K(1024K)->955K(1024K)
[2.656s][info][gc,ergo     ] Pacer for Idle. Initial: 41943K, Alloc Tax Rate: 1.0x
[3.379s][info][gc          ] Trigger: Learning 4 of 5. Free (1432M) is below initial threshold (1433M)
[3.379s][info][gc,ergo     ] Free: 1432M, Max: 1024K regular, 1430M humongous, Frag: 1% external, 0% internal; Reserve: 103M, Max: 1024K
[3.379s][info][gc,start    ] GC(3) Concurrent reset
[3.379s][info][gc,task     ] GC(3) Using 1 of 3 workers for concurrent reset
[3.379s][info][gc,ergo     ] GC(3) Pacer for Reset. Non-Taxable: 2048M
[3.380s][info][gc          ] GC(3) Concurrent reset 0.598ms
[3.380s][info][gc,start    ] GC(3) Pause Init Mark (unload classes)
[3.380s][info][gc,task     ] GC(3) Using 3 of 3 workers for init marking
[3.380s][info][gc,ergo     ] GC(3) Pacer for Mark. Expected Live: 4339K, Free: 1432M, Non-Taxable: 143M, Alloc Tax Rate: 0.0x
[3.380s][info][gc          ] GC(3) Pause Init Mark (unload classes) 0.124ms
[3.387s][info][gc,start    ] GC(3) Concurrent marking roots
[3.387s][info][gc,task     ] GC(3) Using 1 of 3 workers for concurrent marking roots
[3.387s][info][gc          ] GC(3) Concurrent marking roots 0.486ms
[3.387s][info][gc,start    ] GC(3) Concurrent marking (unload classes)
[3.387s][info][gc,task     ] GC(3) Using 1 of 3 workers for concurrent marking
[3.394s][info][gc          ] GC(3) Concurrent marking (unload classes) 6.307ms
[3.394s][info][gc,start    ] GC(3) Pause Final Mark (unload classes)
[3.394s][info][gc,task     ] GC(3) Using 3 of 3 workers for final marking
[3.394s][info][gc,ergo     ] GC(3) Collectable Garbage: 473M (93%), Immediate: 473M (93%), CSet: 0B (0%)
[3.394s][info][gc          ] GC(3) Pause Final Mark (unload classes) 0.285ms
[3.406s][info][gc,start    ] GC(3) Concurrent weak references
[3.406s][info][gc,task     ] GC(3) Using 1 of 3 workers for concurrent weak references
[3.406s][info][gc,ref      ] GC(3) Encountered references: Soft: 104, Weak: 370, Final: 3, Phantom: 61
[3.406s][info][gc,ref      ] GC(3) Discovered  references: Soft: 0, Weak: 125, Final: 1, Phantom: 43
[3.406s][info][gc,ref      ] GC(3) Enqueued    references: Soft: 0, Weak: 0, Final: 0, Phantom: 0
[3.406s][info][gc          ] GC(3) Concurrent weak references 0.111ms
[3.406s][info][gc,start    ] GC(3) Concurrent weak roots
[3.406s][info][gc,task     ] GC(3) Using 1 of 3 workers for concurrent weak root
[3.412s][info][gc          ] GC(3) Concurrent weak roots 5.470ms
[3.412s][info][gc,start    ] GC(3) Concurrent cleanup
[3.412s][info][gc          ] GC(3) Concurrent cleanup 535M->61M(2048M) 0.047ms
[3.412s][info][gc,ergo     ] GC(3) Free: 1883M, Max: 1024K regular, 1409M humongous, Frag: 26% external, 0% internal; Reserve: 103M, Max: 1024K
[3.412s][info][gc,start    ] GC(3) Concurrent class unloading
[3.412s][info][gc,task     ] GC(3) Using 1 of 3 workers for concurrent class unloading
[3.428s][info][gc          ] GC(3) Concurrent class unloading 16.028ms
[3.428s][info][gc,start    ] GC(3) Pause Final Roots
[3.428s][info][gc          ] GC(3) Pause Final Roots 0.022ms
[3.438s][info][gc,ergo     ] Free: 1869M, Max: 1024K regular, 1409M humongous, Frag: 25% external, 0% internal; Reserve: 103M, Max: 1024K
[3.438s][info][gc,stats    ] 
[3.438s][info][gc,stats    ] All times are wall-clock times, except per-root-class counters, that are sum over
[3.438s][info][gc,stats    ] all workers. Dividing the <total> over the root stage time estimates parallelism.
[3.438s][info][gc,stats    ] 
[3.438s][info][gc,stats    ] Concurrent Reset                    634 us
[3.438s][info][gc,stats    ] Pause Init Mark (G)                7375 us
[3.438s][info][gc,stats    ] Pause Init Mark (N)                 134 us
[3.438s][info][gc,stats    ]   Update Region States               26 us
[3.438s][info][gc,stats    ] Concurrent Mark Roots               526 us, parallelism: 0.67x
[3.438s][info][gc,stats    ]   CMR: <total>                      354 us
[3.438s][info][gc,stats    ]   CMR: Thread Roots                 309 us, workers (us): 309, ---, ---, 
[3.438s][info][gc,stats    ]   CMR: VM Strong Roots                4 us, workers (us):   4, ---, ---, 
[3.438s][info][gc,stats    ]   CMR: CLDG Roots                    41 us, workers (us):  41, ---, ---, 
[3.438s][info][gc,stats    ] Concurrent Marking                 6347 us
[3.438s][info][gc,stats    ] Pause Final Mark (G)              12365 us
[3.438s][info][gc,stats    ] Pause Final Mark (N)                295 us
[3.438s][info][gc,stats    ]   Finish Mark                       159 us
[3.438s][info][gc,stats    ]   Update Region States               36 us
[3.438s][info][gc,stats    ]   Choose Collection Set              40 us
[3.438s][info][gc,stats    ]   Rebuild Free Set                    8 us
[3.438s][info][gc,stats    ] Concurrent Weak References          120 us, parallelism: 0.09x
[3.438s][info][gc,stats    ]   CWRF: <total>                      11 us
[3.438s][info][gc,stats    ]   CWRF: Weak References              11 us, workers (us):  11, ---, ---, 
[3.438s][info][gc,stats    ] Concurrent Weak Roots              5513 us
[3.438s][info][gc,stats    ]   Roots                            1195 us, parallelism: 0.95x
[3.438s][info][gc,stats    ]     CWR: <total>                   1136 us
[3.438s][info][gc,stats    ]     CWR: Code Cache Roots          1063 us, workers (us): 1063, ---, ---, 
[3.438s][info][gc,stats    ]     CWR: VM Weak Roots               68 us, workers (us):  68, ---, ---, 
[3.438s][info][gc,stats    ]     CWR: CLDG Roots                   5 us, workers (us):   5, ---, ---, 
[3.438s][info][gc,stats    ]   Rendezvous                       4252 us
[3.438s][info][gc,stats    ] Concurrent Cleanup                   56 us
[3.438s][info][gc,stats    ] Concurrent Class Unloading        16064 us
[3.438s][info][gc,stats    ]   Unlink Stale                     4781 us
[3.438s][info][gc,stats    ]     System Dictionary                 6 us
[3.438s][info][gc,stats    ]     Weak Class Links                  0 us
[3.438s][info][gc,stats    ]     Code Roots                     4773 us
[3.438s][info][gc,stats    ]   Rendezvous                      10969 us
[3.438s][info][gc,stats    ]   Purge Unlinked                    255 us
[3.438s][info][gc,stats    ]     Code Roots                      248 us
[3.438s][info][gc,stats    ]     CLDG                              7 us
[3.438s][info][gc,stats    ]     Exception Caches                  0 us
[3.438s][info][gc,stats    ] Pause Final Roots (G)              9598 us
[3.438s][info][gc,stats    ] Pause Final Roots (N)                31 us
[3.438s][info][gc,stats    ] 
[3.438s][info][gc,stats    ] Allocation pacing accrued:
[3.438s][info][gc,stats    ]       0 of   782 ms (  0.0%): <total>
[3.438s][info][gc,stats    ]       0 of   782 ms (  0.0%): <average total>
[3.438s][info][gc,stats    ] 
[3.438s][info][gc,metaspace] Metaspace: 8017K(8192K)->8017K(8192K) NonClass: 7062K(7168K)->7062K(7168K) Class: 955K(1024K)->955K(1024K)
[3.438s][info][gc,ergo     ] Pacer for Idle. Initial: 41943K, Alloc Tax Rate: 1.0x
[4.073s][info][gc          ] Trigger: Learning 5 of 5. Free (1429M) is below initial threshold (1433M)
[4.073s][info][gc,ergo     ] Free: 1429M, Max: 1024K regular, 1409M humongous, Frag: 2% external, 0% internal; Reserve: 103M, Max: 1024K
[4.073s][info][gc,start    ] GC(4) Concurrent reset
[4.073s][info][gc,task     ] GC(4) Using 1 of 3 workers for concurrent reset
[4.073s][info][gc,ergo     ] GC(4) Pacer for Reset. Non-Taxable: 2048M
[4.073s][info][gc          ] GC(4) Concurrent reset 0.420ms
[4.074s][info][gc,start    ] GC(4) Pause Init Mark (unload classes)
[4.074s][info][gc,task     ] GC(4) Using 3 of 3 workers for init marking
[4.074s][info][gc,ergo     ] GC(4) Pacer for Mark. Expected Live: 4492K, Free: 1429M, Non-Taxable: 142M, Alloc Tax Rate: 0.0x
[4.074s][info][gc          ] GC(4) Pause Init Mark (unload classes) 0.101ms
[4.077s][info][gc,start    ] GC(4) Concurrent marking roots
[4.077s][info][gc,task     ] GC(4) Using 1 of 3 workers for concurrent marking roots
[4.078s][info][gc          ] GC(4) Concurrent marking roots 0.523ms
[4.078s][info][gc,start    ] GC(4) Concurrent marking (unload classes)
[4.078s][info][gc,task     ] GC(4) Using 1 of 3 workers for concurrent marking
[4.093s][info][gc          ] GC(4) Concurrent marking (unload classes) 15.099ms
[4.093s][info][gc,start    ] GC(4) Pause Final Mark (unload classes)
[4.093s][info][gc,task     ] GC(4) Using 3 of 3 workers for final marking
[4.093s][info][gc,ergo     ] GC(4) Adaptive CSet Selection. Target Free: 290M, Actual Free: 1982M, Max CSet: 87381K, Min Garbage: 0B
[4.093s][info][gc,ergo     ] GC(4) Collectable Garbage: 509M (99%), Immediate: 463M (90%), CSet: 47003K (9%)
[4.093s][info][gc,ergo     ] GC(4) Pacer for Evacuation. Used CSet: 49052K, Free: 1881M, Non-Taxable: 188M, Alloc Tax Rate: 1.1x
[4.093s][info][gc          ] GC(4) Pause Final Mark (unload classes) 0.180ms
[4.101s][info][gc,start    ] GC(4) Concurrent thread roots
[4.101s][info][gc,task     ] GC(4) Using 1 of 3 workers for Concurrent thread roots
[4.101s][info][gc          ] GC(4) Concurrent thread roots 0.416ms
[4.101s][info][gc,start    ] GC(4) Concurrent weak references
[4.101s][info][gc,task     ] GC(4) Using 1 of 3 workers for concurrent weak references
[4.102s][info][gc,ref      ] GC(4) Encountered references: Soft: 104, Weak: 371, Final: 3, Phantom: 61
[4.102s][info][gc,ref      ] GC(4) Discovered  references: Soft: 0, Weak: 125, Final: 1, Phantom: 42
[4.102s][info][gc,ref      ] GC(4) Enqueued    references: Soft: 0, Weak: 0, Final: 0, Phantom: 0
[4.102s][info][gc          ] GC(4) Concurrent weak references 0.100ms
[4.102s][info][gc,start    ] GC(4) Concurrent weak roots
[4.102s][info][gc,task     ] GC(4) Using 1 of 3 workers for concurrent weak root
[4.103s][info][gc          ] GC(4) Concurrent weak roots 0.932ms
[4.103s][info][gc,start    ] GC(4) Concurrent cleanup
[4.103s][info][gc          ] GC(4) Concurrent cleanup 537M->73M(2048M) 0.050ms
[4.103s][info][gc,ergo     ] GC(4) Free: 1872M, Max: 1024K regular, 1407M humongous, Frag: 25% external, 0% internal; Reserve: 102M, Max: 1024K
[4.103s][info][gc,start    ] GC(4) Concurrent class unloading
[4.103s][info][gc,task     ] GC(4) Using 1 of 3 workers for concurrent class unloading
[4.108s][info][gc          ] GC(4) Concurrent class unloading 5.432ms
[4.108s][info][gc,start    ] GC(4) Concurrent strong roots
[4.108s][info][gc,task     ] GC(4) Using 1 of 3 workers for concurrent strong root
[4.108s][info][gc          ] GC(4) Concurrent strong roots 0.096ms
[4.108s][info][gc,start    ] GC(4) Concurrent evacuation
[4.108s][info][gc,task     ] GC(4) Using 1 of 3 workers for concurrent evacuation
[4.109s][info][gc          ] GC(4) Concurrent evacuation 1.167ms
[4.110s][info][gc,start    ] GC(4) Pause Init Update Refs
[4.110s][info][gc,ergo     ] GC(4) Pacer for Update Refs. Used: 82781K, Free: 1867M, Non-Taxable: 186M, Alloc Tax Rate: 1.1x
[4.110s][info][gc          ] GC(4) Pause Init Update Refs 0.043ms
[4.124s][info][gc,start    ] GC(4) Concurrent update references
[4.124s][info][gc,task     ] GC(4) Using 1 of 3 workers for concurrent reference update
[4.129s][info][gc          ] GC(4) Concurrent update references 5.232ms
[4.129s][info][gc,start    ] GC(4) Concurrent update thread roots
[4.130s][info][gc          ] GC(4) Concurrent update thread roots 0.677ms
[4.130s][info][gc,start    ] GC(4) Pause Final Update Refs
[4.130s][info][gc,task     ] GC(4) Using 3 of 3 workers for final reference update
[4.130s][info][gc          ] GC(4) Pause Final Update Refs 0.087ms
[4.131s][info][gc,start    ] GC(4) Concurrent cleanup
[4.131s][info][gc          ] GC(4) Concurrent cleanup 87M->39M(2048M) 0.062ms
[4.131s][info][gc,ergo     ] Free: 1905M, Max: 1024K regular, 1406M humongous, Frag: 27% external, 0% internal; Reserve: 103M, Max: 1024K
[4.131s][info][gc,stats    ] 
[4.131s][info][gc,stats    ] All times are wall-clock times, except per-root-class counters, that are sum over
[4.131s][info][gc,stats    ] all workers. Dividing the <total> over the root stage time estimates parallelism.
[4.131s][info][gc,stats    ] 
[4.131s][info][gc,stats    ] Concurrent Reset                    461 us
[4.131s][info][gc,stats    ] Pause Init Mark (G)                3746 us
[4.131s][info][gc,stats    ] Pause Init Mark (N)                 171 us
[4.131s][info][gc,stats    ]   Update Region States               37 us
[4.131s][info][gc,stats    ] Concurrent Mark Roots               560 us, parallelism: 0.73x
[4.131s][info][gc,stats    ]   CMR: <total>                      407 us
[4.131s][info][gc,stats    ]   CMR: Thread Roots                 351 us, workers (us): 351, ---, ---, 
[4.131s][info][gc,stats    ]   CMR: VM Strong Roots                6 us, workers (us):   6, ---, ---, 
[4.131s][info][gc,stats    ]   CMR: CLDG Roots                    50 us, workers (us):  50, ---, ---, 
[4.131s][info][gc,stats    ] Concurrent Marking                15133 us
[4.131s][info][gc,stats    ] Pause Final Mark (G)               8107 us
[4.131s][info][gc,stats    ] Pause Final Mark (N)                188 us
[4.131s][info][gc,stats    ]   Finish Mark                        37 us
[4.131s][info][gc,stats    ]   Update Region States               29 us
[4.131s][info][gc,stats    ]   Choose Collection Set              56 us
[4.131s][info][gc,stats    ]   Rebuild Free Set                    8 us
[4.131s][info][gc,stats    ] Concurrent Thread Roots             447 us, parallelism: 0.77x
[4.131s][info][gc,stats    ]   CTR: <total>                      342 us
[4.131s][info][gc,stats    ]   CTR: Thread Roots                 342 us, workers (us): 342, ---, ---, 
[4.131s][info][gc,stats    ] Concurrent Weak References          108 us, parallelism: 0.24x
[4.131s][info][gc,stats    ]   CWRF: <total>                      26 us
[4.131s][info][gc,stats    ]   CWRF: Weak References              26 us, workers (us):  26, ---, ---, 
[4.131s][info][gc,stats    ] Concurrent Weak Roots               974 us
[4.131s][info][gc,stats    ]   Roots                             739 us, parallelism: 0.93x
[4.131s][info][gc,stats    ]     CWR: <total>                    684 us
[4.131s][info][gc,stats    ]     CWR: Code Cache Roots           563 us, workers (us): 563, ---, ---, 
[4.131s][info][gc,stats    ]     CWR: VM Weak Roots              116 us, workers (us): 116, ---, ---, 
[4.131s][info][gc,stats    ]     CWR: CLDG Roots                   5 us, workers (us):   5, ---, ---, 
[4.131s][info][gc,stats    ]   Rendezvous                        175 us
[4.131s][info][gc,stats    ] Concurrent Cleanup                   59 us
[4.131s][info][gc,stats    ] Concurrent Class Unloading         5464 us
[4.131s][info][gc,stats    ]   Unlink Stale                     3137 us
[4.131s][info][gc,stats    ]     System Dictionary                 6 us
[4.131s][info][gc,stats    ]     Weak Class Links                  0 us
[4.132s][info][gc,stats    ]     Code Roots                     3130 us
[4.132s][info][gc,stats    ]   Rendezvous                       2086 us
[4.132s][info][gc,stats    ]   Purge Unlinked                    188 us
[4.132s][info][gc,stats    ]     Code Roots                      181 us
[4.132s][info][gc,stats    ]     CLDG                              7 us
[4.132s][info][gc,stats    ]     Exception Caches                  0 us
[4.132s][info][gc,stats    ] Concurrent Strong Roots             107 us, parallelism: 0.54x
[4.132s][info][gc,stats    ]   CSR: <total>                       58 us
[4.132s][info][gc,stats    ]   CSR: VM Strong Roots                3 us, workers (us):   3, ---, ---, 
[4.132s][info][gc,stats    ]   CSR: CLDG Roots                    55 us, workers (us):  55, ---, ---, 
[4.132s][info][gc,stats    ] Concurrent Evacuation              1205 us
[4.132s][info][gc,stats    ] Pause Init Update Refs (G)        14775 us
[4.132s][info][gc,stats    ] Pause Init Update Refs (N)           51 us
[4.132s][info][gc,stats    ]   Manage GCLABs                       5 us
[4.132s][info][gc,stats    ] Concurrent Update Refs             5269 us
[4.132s][info][gc,stats    ] Concurrent Update Thread Roots      714 us
[4.132s][info][gc,stats    ] Pause Final Update Refs (G)         887 us
[4.132s][info][gc,stats    ] Pause Final Update Refs (N)          97 us
[4.132s][info][gc,stats    ]   Update Region States               27 us
[4.132s][info][gc,stats    ]   Trash Collection Set                2 us
[4.132s][info][gc,stats    ]   Rebuild Free Set                   12 us
[4.132s][info][gc,stats    ] Concurrent Cleanup                   74 us
[4.132s][info][gc,stats    ] 
[4.132s][info][gc,stats    ] Allocation pacing accrued:
[4.132s][info][gc,stats    ]       0 of   694 ms (  0.0%): <total>
[4.132s][info][gc,stats    ]       0 of   694 ms (  0.0%): <average total>
[4.132s][info][gc,stats    ] 
[4.132s][info][gc,metaspace] Metaspace: 8018K(8192K)->8018K(8192K) NonClass: 7062K(7168K)->7062K(7168K) Class: 955K(1024K)->955K(1024K)
[4.132s][info][gc,ergo     ] Pacer for Idle. Initial: 41943K, Alloc Tax Rate: 1.0x
[6.331s][info][gc          ] Trigger: Free (204M) is below minimum threshold (204M)
[6.331s][info][gc,ergo     ] Free: 204M, Max: 1024K regular, 204M humongous, Frag: 0% external, 0% internal; Reserve: 103M, Max: 1024K
[6.331s][info][gc,start    ] GC(5) Concurrent reset
[6.331s][info][gc,task     ] GC(5) Using 1 of 3 workers for concurrent reset
[6.331s][info][gc,ergo     ] GC(5) Pacer for Reset. Non-Taxable: 2048M
[6.331s][info][gc          ] GC(5) Concurrent reset 0.384ms
[6.331s][info][gc,start    ] GC(5) Pause Init Mark (unload classes)
[6.331s][info][gc,task     ] GC(5) Using 3 of 3 workers for init marking
[6.331s][info][gc,ergo     ] GC(5) Pacer for Mark. Expected Live: 4594K, Free: 203M, Non-Taxable: 20788K, Alloc Tax Rate: 0.0x
[6.331s][info][gc          ] GC(5) Pause Init Mark (unload classes) 0.104ms
[6.333s][info][gc,start    ] GC(5) Concurrent marking roots
[6.333s][info][gc,task     ] GC(5) Using 1 of 3 workers for concurrent marking roots
[6.334s][info][gc          ] GC(5) Concurrent marking roots 0.763ms
[6.334s][info][gc,start    ] GC(5) Concurrent marking (unload classes)
[6.334s][info][gc,task     ] GC(5) Using 1 of 3 workers for concurrent marking
[6.350s][info][gc          ] GC(5) Concurrent marking (unload classes) 16.233ms
[6.350s][info][gc,start    ] GC(5) Pause Final Mark (unload classes)
[6.350s][info][gc,task     ] GC(5) Using 3 of 3 workers for final marking
[6.351s][info][gc,ergo     ] GC(5) Collectable Garbage: 1690M (97%), Immediate: 1690M (97%), CSet: 0B (0%)
[6.351s][info][gc          ] GC(5) Pause Final Mark (unload classes) 0.192ms
[6.351s][info][gc,start    ] GC(5) Concurrent weak references
[6.351s][info][gc,task     ] GC(5) Using 1 of 3 workers for concurrent weak references
[6.351s][info][gc,ref      ] GC(5) Encountered references: Soft: 104, Weak: 370, Final: 3, Phantom: 61
[6.351s][info][gc,ref      ] GC(5) Discovered  references: Soft: 0, Weak: 125, Final: 1, Phantom: 42
[6.351s][info][gc,ref      ] GC(5) Enqueued    references: Soft: 0, Weak: 0, Final: 0, Phantom: 0
[6.351s][info][gc          ] GC(5) Concurrent weak references 0.088ms
[6.351s][info][gc,start    ] GC(5) Concurrent weak roots
[6.351s][info][gc,task     ] GC(5) Using 1 of 3 workers for concurrent weak root
[6.352s][info][gc          ] GC(5) Concurrent weak roots 1.094ms
[6.352s][info][gc,start    ] GC(5) Concurrent cleanup
[6.352s][info][gc          ] GC(5) Concurrent cleanup 1753M->62M(2048M) 0.087ms
[6.352s][info][gc,ergo     ] GC(5) Free: 1882M, Max: 1024K regular, 291M humongous, Frag: 85% external, 0% internal; Reserve: 103M, Max: 1024K
[6.352s][info][gc,start    ] GC(5) Concurrent class unloading
[6.352s][info][gc,task     ] GC(5) Using 1 of 3 workers for concurrent class unloading
[6.380s][info][gc          ] GC(5) Concurrent class unloading 28.002ms
[6.381s][info][gc,start    ] GC(5) Pause Final Roots
[6.381s][info][gc          ] GC(5) Pause Final Roots 0.028ms
[6.382s][info][gc,ergo     ] Free: 1856M, Max: 1024K regular, 291M humongous, Frag: 85% external, 0% internal; Reserve: 103M, Max: 1024K
[6.382s][info][gc,stats    ] 
[6.382s][info][gc,stats    ] All times are wall-clock times, except per-root-class counters, that are sum over
[6.382s][info][gc,stats    ] all workers. Dividing the <total> over the root stage time estimates parallelism.
[6.382s][info][gc,stats    ] 
[6.382s][info][gc,stats    ] Concurrent Reset                    425 us
[6.382s][info][gc,stats    ] Pause Init Mark (G)                2250 us
[6.382s][info][gc,stats    ] Pause Init Mark (N)                 113 us
[6.382s][info][gc,stats    ]   Update Region States               42 us
[6.382s][info][gc,stats    ] Concurrent Mark Roots               795 us, parallelism: 0.83x
[6.382s][info][gc,stats    ]   CMR: <total>                      662 us
[6.382s][info][gc,stats    ]   CMR: Thread Roots                 618 us, workers (us): 618, ---, ---, 
[6.382s][info][gc,stats    ]   CMR: VM Strong Roots                5 us, workers (us):   5, ---, ---, 
[6.382s][info][gc,stats    ]   CMR: CLDG Roots                    39 us, workers (us):  39, ---, ---, 
[6.382s][info][gc,stats    ] Concurrent Marking                16270 us
[6.382s][info][gc,stats    ] Pause Final Mark (G)                642 us
[6.382s][info][gc,stats    ] Pause Final Mark (N)                203 us
[6.382s][info][gc,stats    ]   Finish Mark                        36 us
[6.382s][info][gc,stats    ]   Update Region States               43 us
[6.382s][info][gc,stats    ]   Choose Collection Set              56 us
[6.382s][info][gc,stats    ]   Rebuild Free Set                    8 us
[6.382s][info][gc,stats    ] Concurrent Weak References          106 us, parallelism: 0.09x
[6.382s][info][gc,stats    ]   CWRF: <total>                      10 us
[6.382s][info][gc,stats    ]   CWRF: Weak References              10 us, workers (us):  10, ---, ---, 
[6.382s][info][gc,stats    ] Concurrent Weak Roots              1126 us
[6.382s][info][gc,stats    ]   Roots                            1013 us, parallelism: 0.95x
[6.382s][info][gc,stats    ]     CWR: <total>                    960 us
[6.382s][info][gc,stats    ]     CWR: Code Cache Roots           879 us, workers (us): 879, ---, ---, 
[6.382s][info][gc,stats    ]     CWR: VM Weak Roots               77 us, workers (us):  77, ---, ---, 
[6.382s][info][gc,stats    ]     CWR: CLDG Roots                   4 us, workers (us):   4, ---, ---, 
[6.382s][info][gc,stats    ]   Rendezvous                         62 us
[6.382s][info][gc,stats    ] Concurrent Cleanup                   96 us
[6.382s][info][gc,stats    ] Concurrent Class Unloading        28048 us
[6.382s][info][gc,stats    ]   Unlink Stale                     3952 us
[6.382s][info][gc,stats    ]     System Dictionary                 5 us
[6.382s][info][gc,stats    ]     Weak Class Links                  0 us
[6.382s][info][gc,stats    ]     Code Roots                     3945 us
[6.382s][info][gc,stats    ]   Rendezvous                      23801 us
[6.382s][info][gc,stats    ]   Purge Unlinked                    217 us
[6.382s][info][gc,stats    ]     Code Roots                      212 us
[6.382s][info][gc,stats    ]     CLDG                              5 us
[6.382s][info][gc,stats    ]     Exception Caches                  0 us
[6.382s][info][gc,stats    ] Pause Final Roots (G)              1187 us
[6.382s][info][gc,stats    ] Pause Final Roots (N)                48 us
[6.382s][info][gc,stats    ] 
[6.382s][info][gc,stats    ] Allocation pacing accrued:
[6.382s][info][gc,stats    ]       0 of  2250 ms (  0.0%): <total>
[6.382s][info][gc,stats    ]       0 of  2250 ms (  0.0%): <average total>
[6.382s][info][gc,stats    ] 
[6.382s][info][gc,metaspace] Metaspace: 8018K(8192K)->8018K(8192K) NonClass: 7063K(7168K)->7063K(7168K) Class: 955K(1024K)->955K(1024K)
[6.382s][info][gc,ergo     ] Pacer for Idle. Initial: 41943K, Alloc Tax Rate: 1.0x
[7.869s][info][gc          ] Trigger: Explicit GC request (System.gc())
[7.869s][info][gc,ergo     ] Free: 632M, Max: 1024K regular, 186M humongous, Frag: 71% external, 0% internal; Reserve: 103M, Max: 1024K
[7.870s][info][gc,start    ] GC(6) Concurrent reset
[7.870s][info][gc,task     ] GC(6) Using 1 of 3 workers for concurrent reset
[7.870s][info][gc,ergo     ] GC(6) Pacer for Reset. Non-Taxable: 2048M
[7.870s][info][gc          ] GC(6) Concurrent reset 0.675ms
[7.870s][info][gc,start    ] GC(6) Pause Init Mark (unload classes)
[7.870s][info][gc,task     ] GC(6) Using 3 of 3 workers for init marking
[7.871s][info][gc,ref      ] GC(6) Clearing All SoftReferences
[7.871s][info][gc,ergo     ] GC(6) Pacer for Mark. Expected Live: 4987K, Free: 632M, Non-Taxable: 64718K, Alloc Tax Rate: 0.0x
[7.871s][info][gc          ] GC(6) Pause Init Mark (unload classes) 0.180ms
[7.871s][info][gc,start    ] GC(6) Concurrent marking roots
[7.871s][info][gc,task     ] GC(6) Using 1 of 3 workers for concurrent marking roots
[7.871s][info][gc          ] GC(6) Concurrent marking roots 0.673ms
[7.871s][info][gc,start    ] GC(6) Concurrent marking (unload classes)
[7.871s][info][gc,task     ] GC(6) Using 1 of 3 workers for concurrent marking
[7.875s][info][gc          ] GC(6) Concurrent marking (unload classes) 3.991ms
[7.875s][info][gc,start    ] GC(6) Pause Final Mark (unload classes)
[7.876s][info][gc,task     ] GC(6) Using 3 of 3 workers for final marking
[7.876s][info][gc,ergo     ] GC(6) Collectable Garbage: 1255M (95%), Immediate: 1255M (95%), CSet: 0B (0%)
[7.876s][info][gc          ] GC(6) Pause Final Mark (unload classes) 0.297ms
[7.876s][info][gc,start    ] GC(6) Concurrent weak references
[7.876s][info][gc,task     ] GC(6) Using 1 of 3 workers for concurrent weak references
[7.876s][info][gc,ref      ] GC(6) Encountered references: Soft: 105, Weak: 351, Final: 3, Phantom: 47
[7.876s][info][gc,ref      ] GC(6) Discovered  references: Soft: 72, Weak: 139, Final: 1, Phantom: 33
[7.876s][info][gc,ref      ] GC(6) Enqueued    references: Soft: 30, Weak: 2, Final: 0, Phantom: 6
[7.876s][info][gc          ] GC(6) Concurrent weak references 0.128ms
[7.876s][info][gc,start    ] GC(6) Concurrent weak roots
[7.876s][info][gc,task     ] GC(6) Using 1 of 3 workers for concurrent weak root
[7.877s][info][gc          ] GC(6) Concurrent weak roots 1.355ms
[7.877s][info][gc,start    ] GC(6) Concurrent cleanup
[7.877s][info][gc          ] GC(6) Concurrent cleanup 1312M->57M(2048M) 0.071ms
[7.877s][info][gc,ergo     ] GC(6) Free: 1887M, Max: 1024K regular, 207M humongous, Frag: 90% external, 0% internal; Reserve: 103M, Max: 1024K
[7.877s][info][gc,start    ] GC(6) Concurrent class unloading
[7.877s][info][gc,task     ] GC(6) Using 1 of 3 workers for concurrent class unloading
[7.886s][info][gc          ] GC(6) Concurrent class unloading 8.201ms
[7.886s][info][gc,start    ] GC(6) Pause Final Roots
[7.886s][info][gc          ] GC(6) Pause Final Roots 0.047ms
[7.886s][info][gc,ergo     ] Free: 1887M, Max: 1024K regular, 207M humongous, Frag: 90% external, 0% internal; Reserve: 103M, Max: 1024K
[7.886s][info][gc,stats    ] 
[7.886s][info][gc,stats    ] All times are wall-clock times, except per-root-class counters, that are sum over
[7.886s][info][gc,stats    ] all workers. Dividing the <total> over the root stage time estimates parallelism.
[7.886s][info][gc,stats    ] 
[7.886s][info][gc,stats    ] Concurrent Reset                    728 us
[7.886s][info][gc,stats    ] Pause Init Mark (G)                 405 us
[7.886s][info][gc,stats    ] Pause Init Mark (N)                 188 us
[7.886s][info][gc,stats    ]   Update Region States               85 us
[7.886s][info][gc,stats    ] Concurrent Mark Roots               698 us, parallelism: 0.75x
[7.886s][info][gc,stats    ]   CMR: <total>                      523 us
[7.886s][info][gc,stats    ]   CMR: Thread Roots                 451 us, workers (us): 451, ---, ---, 
[7.886s][info][gc,stats    ]   CMR: VM Strong Roots                5 us, workers (us):   5, ---, ---, 
[7.886s][info][gc,stats    ]   CMR: CLDG Roots                    67 us, workers (us):  67, ---, ---, 
[7.886s][info][gc,stats    ] Concurrent Marking                 4060 us
[7.886s][info][gc,stats    ] Pause Final Mark (G)                374 us
[7.886s][info][gc,stats    ] Pause Final Mark (N)                308 us
[7.886s][info][gc,stats    ]   Finish Mark                        88 us
[7.886s][info][gc,stats    ]   Update Region States               52 us
[7.886s][info][gc,stats    ]   Choose Collection Set              55 us
[7.886s][info][gc,stats    ]   Rebuild Free Set                   17 us
[7.886s][info][gc,stats    ] Concurrent Weak References          136 us, parallelism: 0.08x
[7.886s][info][gc,stats    ]   CWRF: <total>                      11 us
[7.886s][info][gc,stats    ]   CWRF: Weak References              11 us, workers (us):  11, ---, ---, 
[7.886s][info][gc,stats    ] Concurrent Weak Roots              1404 us
[7.886s][info][gc,stats    ]   Roots                            1263 us, parallelism: 0.94x
[7.886s][info][gc,stats    ]     CWR: <total>                   1188 us
[7.886s][info][gc,stats    ]     CWR: Code Cache Roots          1011 us, workers (us): 1011, ---, ---, 
[7.886s][info][gc,stats    ]     CWR: VM Weak Roots              169 us, workers (us): 169, ---, ---, 
[7.886s][info][gc,stats    ]     CWR: CLDG Roots                   8 us, workers (us):   8, ---, ---, 
[7.886s][info][gc,stats    ]   Rendezvous                         73 us
[7.886s][info][gc,stats    ] Concurrent Cleanup                   80 us
[7.886s][info][gc,stats    ] Concurrent Class Unloading         8268 us
[7.886s][info][gc,stats    ]   Unlink Stale                     7852 us
[7.886s][info][gc,stats    ]     System Dictionary                67 us
[7.886s][info][gc,stats    ]     Weak Class Links               2233 us
[7.886s][info][gc,stats    ]     Code Roots                     5549 us
[7.886s][info][gc,stats    ]   Rendezvous                         90 us
[7.886s][info][gc,stats    ]   Purge Unlinked                    240 us
[7.886s][info][gc,stats    ]     Code Roots                      207 us
[7.886s][info][gc,stats    ]     CLDG                             32 us
[7.886s][info][gc,stats    ]     Exception Caches                  0 us
[7.886s][info][gc,stats    ] Pause Final Roots (G)               139 us
[7.886s][info][gc,stats    ] Pause Final Roots (N)                57 us
[7.886s][info][gc,stats    ] 
[7.886s][info][gc,stats    ] Allocation pacing accrued:
[7.886s][info][gc,stats    ]       0 of  1504 ms (  0.0%): <total>
[7.886s][info][gc,stats    ]       0 of  1504 ms (  0.0%): <average total>
[7.886s][info][gc,stats    ] 
[7.886s][info][gc,metaspace] Metaspace: 8127K(8320K)->8125K(8320K) NonClass: 7162K(7296K)->7160K(7296K) Class: 964K(1024K)->964K(1024K)
[7.886s][info][gc,ergo     ] Pacer for Idle. Initial: 41943K, Alloc Tax Rate: 1.0x
[8.325s][info][gc          ] Trigger: Learning 2 of 5. Free (1433M) is below initial threshold (1433M)
[8.325s][info][gc,ergo     ] Free: 1433M, Max: 1024K regular, 207M humongous, Frag: 86% external, 0% internal; Reserve: 103M, Max: 1024K
[8.325s][info][gc,start    ] GC(7) Concurrent reset
[8.325s][info][gc,task     ] GC(7) Using 1 of 3 workers for concurrent reset
[8.325s][info][gc,ergo     ] GC(7) Pacer for Reset. Non-Taxable: 2048M
[8.325s][info][gc          ] GC(7) Concurrent reset 0.627ms
[8.326s][info][gc,start    ] GC(7) Pause Init Mark (unload classes)
[8.326s][info][gc,task     ] GC(7) Using 3 of 3 workers for init marking
[8.326s][info][gc,ergo     ] GC(7) Pacer for Mark. Expected Live: 4707K, Free: 1433M, Non-Taxable: 143M, Alloc Tax Rate: 0.0x
[8.326s][info][gc          ] GC(7) Pause Init Mark (unload classes) 0.136ms
[8.327s][info][gc,start    ] GC(7) Concurrent marking roots
[8.327s][info][gc,task     ] GC(7) Using 1 of 3 workers for concurrent marking roots
[8.327s][info][gc          ] GC(7) Concurrent marking roots 0.508ms
[8.327s][info][gc,start    ] GC(7) Concurrent marking (unload classes)
[8.327s][info][gc,task     ] GC(7) Using 1 of 3 workers for concurrent marking
[8.332s][info][gc          ] GC(7) Concurrent marking (unload classes) 5.276ms
[8.332s][info][gc,start    ] GC(7) Pause Final Mark (unload classes)
[8.332s][info][gc,task     ] GC(7) Using 3 of 3 workers for final marking
[8.333s][info][gc,ergo     ] GC(7) Adaptive CSet Selection. Target Free: 290M, Actual Free: 1912M, Max CSet: 87381K, Min Garbage: 0B
[8.333s][info][gc,ergo     ] GC(7) Collectable Garbage: 507M (99%), Immediate: 386M (76%), CSet: 121M (23%)
[8.333s][info][gc,ergo     ] GC(7) Pacer for Evacuation. Used CSet: 122M, Free: 1809M, Non-Taxable: 180M, Alloc Tax Rate: 1.1x
[8.333s][info][gc          ] GC(7) Pause Final Mark (unload classes) 0.183ms
[8.333s][info][gc,start    ] GC(7) Concurrent thread roots
[8.333s][info][gc,task     ] GC(7) Using 1 of 3 workers for Concurrent thread roots
[8.333s][info][gc          ] GC(7) Concurrent thread roots 0.527ms
[8.333s][info][gc,start    ] GC(7) Concurrent weak references
[8.333s][info][gc,task     ] GC(7) Using 1 of 3 workers for concurrent weak references
[8.333s][info][gc,ref      ] GC(7) Encountered references: Soft: 80, Weak: 361, Final: 3, Phantom: 49
[8.333s][info][gc,ref      ] GC(7) Discovered  references: Soft: 0, Weak: 125, Final: 1, Phantom: 32
[8.333s][info][gc,ref      ] GC(7) Enqueued    references: Soft: 0, Weak: 0, Final: 0, Phantom: 0
[8.333s][info][gc          ] GC(7) Concurrent weak references 0.074ms
[8.333s][info][gc,start    ] GC(7) Concurrent weak roots
[8.333s][info][gc,task     ] GC(7) Using 1 of 3 workers for concurrent weak root
[8.348s][info][gc          ] GC(7) Concurrent weak roots 14.805ms
[8.348s][info][gc,start    ] GC(7) Concurrent cleanup
[8.348s][info][gc          ] GC(7) Concurrent cleanup 537M->151M(2048M) 0.043ms
[8.348s][info][gc,ergo     ] GC(7) Free: 1794M, Max: 1024K regular, 207M humongous, Frag: 89% external, 0% internal; Reserve: 102M, Max: 1024K
[8.348s][info][gc,start    ] GC(7) Concurrent class unloading
[8.348s][info][gc,task     ] GC(7) Using 1 of 3 workers for concurrent class unloading
[8.375s][info][gc          ] GC(7) Concurrent class unloading 26.326ms
[8.375s][info][gc,start    ] GC(7) Concurrent strong roots
[8.375s][info][gc,task     ] GC(7) Using 1 of 3 workers for concurrent strong root
[8.375s][info][gc          ] GC(7) Concurrent strong roots 0.095ms
[8.375s][info][gc,start    ] GC(7) Concurrent evacuation
[8.375s][info][gc,task     ] GC(7) Using 1 of 3 workers for concurrent evacuation
[8.377s][info][gc          ] GC(7) Concurrent evacuation 1.754ms
[8.377s][info][gc,start    ] GC(7) Pause Init Update Refs
[8.377s][info][gc,ergo     ] GC(7) Pacer for Update Refs. Used: 180M, Free: 1767M, Non-Taxable: 176M, Alloc Tax Rate: 1.1x
[8.377s][info][gc          ] GC(7) Pause Init Update Refs 0.050ms
[8.379s][info][gc,start    ] GC(7) Concurrent update references
[8.379s][info][gc,task     ] GC(7) Using 1 of 3 workers for concurrent reference update
[8.383s][info][gc          ] GC(7) Concurrent update references 4.153ms
[8.383s][info][gc,start    ] GC(7) Concurrent update thread roots
[8.384s][info][gc          ] GC(7) Concurrent update thread roots 0.482ms
[8.384s][info][gc,start    ] GC(7) Pause Final Update Refs
[8.384s][info][gc,task     ] GC(7) Using 3 of 3 workers for final reference update
[8.384s][info][gc          ] GC(7) Pause Final Update Refs 0.086ms
[8.386s][info][gc,start    ] GC(7) Concurrent cleanup
[8.386s][info][gc          ] GC(7) Concurrent cleanup 187M->66M(2048M) 0.058ms
[8.386s][info][gc,ergo     ] Free: 1878M, Max: 1024K regular, 1446M humongous, Frag: 24% external, 0% internal; Reserve: 103M, Max: 1024K
[8.386s][info][gc,stats    ] 
[8.386s][info][gc,stats    ] All times are wall-clock times, except per-root-class counters, that are sum over
[8.386s][info][gc,stats    ] all workers. Dividing the <total> over the root stage time estimates parallelism.
[8.386s][info][gc,stats    ] 
[8.386s][info][gc,stats    ] Concurrent Reset                    667 us
[8.386s][info][gc,stats    ] Pause Init Mark (G)                1188 us
[8.386s][info][gc,stats    ] Pause Init Mark (N)                 146 us
[8.386s][info][gc,stats    ]   Update Region States               53 us
[8.386s][info][gc,stats    ] Concurrent Mark Roots               541 us, parallelism: 0.75x
[8.386s][info][gc,stats    ]   CMR: <total>                      406 us
[8.386s][info][gc,stats    ]   CMR: Thread Roots                 366 us, workers (us): 366, ---, ---, 
[8.386s][info][gc,stats    ]   CMR: VM Strong Roots                5 us, workers (us):   5, ---, ---, 
[8.386s][info][gc,stats    ]   CMR: CLDG Roots                    34 us, workers (us):  34, ---, ---, 
[8.386s][info][gc,stats    ] Concurrent Marking                 5313 us
[8.386s][info][gc,stats    ] Pause Final Mark (G)                370 us
[8.386s][info][gc,stats    ] Pause Final Mark (N)                192 us
[8.386s][info][gc,stats    ]   Finish Mark                        41 us
[8.386s][info][gc,stats    ]   Update Region States               27 us
[8.386s][info][gc,stats    ]   Choose Collection Set              54 us
[8.386s][info][gc,stats    ]   Rebuild Free Set                    8 us
[8.386s][info][gc,stats    ] Concurrent Thread Roots             560 us, parallelism: 0.85x
[8.386s][info][gc,stats    ]   CTR: <total>                      474 us
[8.386s][info][gc,stats    ]   CTR: Thread Roots                 474 us, workers (us): 474, ---, ---, 
[8.386s][info][gc,stats    ] Concurrent Weak References           82 us, parallelism: 0.14x
[8.386s][info][gc,stats    ]   CWRF: <total>                      12 us
[8.386s][info][gc,stats    ]   CWRF: Weak References              12 us, workers (us):  12, ---, ---, 
[8.386s][info][gc,stats    ] Concurrent Weak Roots             14841 us
[8.386s][info][gc,stats    ]   Roots                            1055 us, parallelism: 0.96x
[8.386s][info][gc,stats    ]     CWR: <total>                   1016 us
[8.386s][info][gc,stats    ]     CWR: Code Cache Roots           860 us, workers (us): 860, ---, ---, 
[8.386s][info][gc,stats    ]     CWR: VM Weak Roots              150 us, workers (us): 150, ---, ---, 
[8.386s][info][gc,stats    ]     CWR: CLDG Roots                   5 us, workers (us):   5, ---, ---, 
[8.386s][info][gc,stats    ]   Rendezvous                      13729 us
[8.386s][info][gc,stats    ] Concurrent Cleanup                   52 us
[8.386s][info][gc,stats    ] Concurrent Class Unloading        26366 us
[8.386s][info][gc,stats    ]   Unlink Stale                     4121 us
[8.386s][info][gc,stats    ]     System Dictionary                 7 us
[8.386s][info][gc,stats    ]     Weak Class Links                  0 us
[8.386s][info][gc,stats    ]     Code Roots                     4113 us
[8.386s][info][gc,stats    ]   Rendezvous                      21888 us
[8.386s][info][gc,stats    ]   Purge Unlinked                    295 us
[8.386s][info][gc,stats    ]     Code Roots                      289 us
[8.386s][info][gc,stats    ]     CLDG                              6 us
[8.386s][info][gc,stats    ]     Exception Caches                  0 us
[8.386s][info][gc,stats    ] Concurrent Strong Roots             105 us, parallelism: 0.49x
[8.386s][info][gc,stats    ]   CSR: <total>                       51 us
[8.386s][info][gc,stats    ]   CSR: VM Strong Roots                4 us, workers (us):   4, ---, ---, 
[8.386s][info][gc,stats    ]   CSR: CLDG Roots                    47 us, workers (us):  47, ---, ---, 
[8.386s][info][gc,stats    ] Concurrent Evacuation              1787 us
[8.386s][info][gc,stats    ] Pause Init Update Refs (G)         2422 us
[8.386s][info][gc,stats    ] Pause Init Update Refs (N)           58 us
[8.386s][info][gc,stats    ]   Manage GCLABs                       4 us
[8.386s][info][gc,stats    ] Concurrent Update Refs             4186 us
[8.386s][info][gc,stats    ] Concurrent Update Thread Roots      509 us
[8.386s][info][gc,stats    ] Pause Final Update Refs (G)        2044 us
[8.386s][info][gc,stats    ] Pause Final Update Refs (N)         105 us
[8.386s][info][gc,stats    ]   Update Region States               39 us
[8.386s][info][gc,stats    ]   Trash Collection Set                5 us
[8.386s][info][gc,stats    ]   Rebuild Free Set                    9 us
[8.386s][info][gc,stats    ] Concurrent Cleanup                   70 us
[8.386s][info][gc,stats    ] 
[8.386s][info][gc,stats    ] Allocation pacing accrued:
[8.386s][info][gc,stats    ]       0 of   500 ms (  0.0%): <total>
[8.386s][info][gc,stats    ]       0 of   500 ms (  0.0%): <average total>
[8.386s][info][gc,stats    ] 
[8.386s][info][gc,metaspace] Metaspace: 8128K(8320K)->8128K(8320K) NonClass: 7163K(7296K)->7163K(7296K) Class: 964K(1024K)->964K(1024K)
[8.386s][info][gc,ergo     ] Pacer for Idle. Initial: 41943K, Alloc Tax Rate: 1.0x
[8.719s][info][gc          ] Trigger: Learning 3 of 5. Free (1428M) is below initial threshold (1433M)
[8.720s][info][gc,ergo     ] Free: 1428M, Max: 1024K regular, 1428M humongous, Frag: 0% external, 0% internal; Reserve: 103M, Max: 1024K
[8.720s][info][gc,start    ] GC(8) Concurrent reset
[8.720s][info][gc,task     ] GC(8) Using 1 of 3 workers for concurrent reset
[8.720s][info][gc,ergo     ] GC(8) Pacer for Reset. Non-Taxable: 2048M
[8.720s][info][gc          ] GC(8) Concurrent reset 0.674ms
[8.720s][info][gc,start    ] GC(8) Pause Init Mark (unload classes)
[8.720s][info][gc,task     ] GC(8) Using 3 of 3 workers for init marking
[8.720s][info][gc,ergo     ] GC(8) Pacer for Mark. Expected Live: 4705K, Free: 1428M, Non-Taxable: 142M, Alloc Tax Rate: 0.0x
[8.720s][info][gc          ] GC(8) Pause Init Mark (unload classes) 0.097ms
[8.721s][info][gc,start    ] GC(8) Concurrent marking roots
[8.721s][info][gc,task     ] GC(8) Using 1 of 3 workers for concurrent marking roots
[8.722s][info][gc          ] GC(8) Concurrent marking roots 0.564ms
[8.722s][info][gc,start    ] GC(8) Concurrent marking (unload classes)
[8.722s][info][gc,task     ] GC(8) Using 1 of 3 workers for concurrent marking
[8.727s][info][gc          ] GC(8) Concurrent marking (unload classes) 4.822ms
[8.727s][info][gc,start    ] GC(8) Pause Final Mark (unload classes)
[8.727s][info][gc,task     ] GC(8) Using 3 of 3 workers for final marking
[8.727s][info][gc,ergo     ] GC(8) Collectable Garbage: 486M (95%), Immediate: 486M (95%), CSet: 0B (0%)
[8.727s][info][gc          ] GC(8) Pause Final Mark (unload classes) 0.260ms
[8.728s][info][gc,start    ] GC(8) Concurrent weak references
[8.728s][info][gc,task     ] GC(8) Using 1 of 3 workers for concurrent weak references
[8.728s][info][gc,ref      ] GC(8) Encountered references: Soft: 81, Weak: 358, Final: 3, Phantom: 49
[8.728s][info][gc,ref      ] GC(8) Discovered  references: Soft: 0, Weak: 125, Final: 1, Phantom: 33
[8.728s][info][gc,ref      ] GC(8) Enqueued    references: Soft: 0, Weak: 0, Final: 0, Phantom: 0
[8.728s][info][gc          ] GC(8) Concurrent weak references 0.090ms
[8.728s][info][gc,start    ] GC(8) Concurrent weak roots
[8.728s][info][gc,task     ] GC(8) Using 1 of 3 workers for concurrent weak root
[8.731s][info][gc          ] GC(8) Concurrent weak roots 2.923ms
[8.731s][info][gc,start    ] GC(8) Concurrent cleanup
[8.731s][info][gc          ] GC(8) Concurrent cleanup 529M->42M(2048M) 0.050ms
[8.731s][info][gc,ergo     ] GC(8) Free: 1902M, Max: 1024K regular, 1415M humongous, Frag: 26% external, 0% internal; Reserve: 103M, Max: 1024K
[8.731s][info][gc,start    ] GC(8) Concurrent class unloading
[8.731s][info][gc,task     ] GC(8) Using 1 of 3 workers for concurrent class unloading
[8.736s][info][gc          ] GC(8) Concurrent class unloading 5.246ms
[8.736s][info][gc,start    ] GC(8) Pause Final Roots
[8.736s][info][gc          ] GC(8) Pause Final Roots 0.015ms
[8.738s][info][gc,ergo     ] Free: 1896M, Max: 1024K regular, 1415M humongous, Frag: 26% external, 0% internal; Reserve: 103M, Max: 1024K
[8.738s][info][gc,stats    ] 
[8.738s][info][gc,stats    ] All times are wall-clock times, except per-root-class counters, that are sum over
[8.738s][info][gc,stats    ] all workers. Dividing the <total> over the root stage time estimates parallelism.
[8.738s][info][gc,stats    ] 
[8.738s][info][gc,stats    ] Concurrent Reset                    708 us
[8.738s][info][gc,stats    ] Pause Init Mark (G)                1176 us
[8.738s][info][gc,stats    ] Pause Init Mark (N)                 105 us
[8.738s][info][gc,stats    ]   Update Region States               30 us
[8.738s][info][gc,stats    ] Concurrent Mark Roots               598 us, parallelism: 0.79x
[8.738s][info][gc,stats    ]   CMR: <total>                      474 us
[8.738s][info][gc,stats    ]   CMR: Thread Roots                 437 us, workers (us): 437, ---, ---, 
[8.738s][info][gc,stats    ]   CMR: VM Strong Roots                4 us, workers (us):   4, ---, ---, 
[8.738s][info][gc,stats    ]   CMR: CLDG Roots                    32 us, workers (us):  32, ---, ---, 
[8.738s][info][gc,stats    ] Concurrent Marking                 4854 us
[8.738s][info][gc,stats    ] Pause Final Mark (G)                987 us
[8.738s][info][gc,stats    ] Pause Final Mark (N)                271 us
[8.738s][info][gc,stats    ]   Finish Mark                        35 us
[8.738s][info][gc,stats    ]   Update Region States               55 us
[8.738s][info][gc,stats    ]   Choose Collection Set              49 us
[8.738s][info][gc,stats    ]   Rebuild Free Set                    9 us
[8.738s][info][gc,stats    ] Concurrent Weak References          100 us, parallelism: 0.09x
[8.738s][info][gc,stats    ]   CWRF: <total>                       9 us
[8.738s][info][gc,stats    ]   CWRF: Weak References               9 us, workers (us):   9, ---, ---, 
[8.738s][info][gc,stats    ] Concurrent Weak Roots              2960 us
[8.738s][info][gc,stats    ]   Roots                            1141 us, parallelism: 0.96x
[8.738s][info][gc,stats    ]     CWR: <total>                   1090 us
[8.738s][info][gc,stats    ]     CWR: Code Cache Roots          1003 us, workers (us): 1003, ---, ---, 
[8.738s][info][gc,stats    ]     CWR: VM Weak Roots               82 us, workers (us):  82, ---, ---, 
[8.738s][info][gc,stats    ]     CWR: CLDG Roots                   6 us, workers (us):   6, ---, ---, 
[8.738s][info][gc,stats    ]   Rendezvous                       1747 us
[8.738s][info][gc,stats    ] Concurrent Cleanup                   59 us
[8.738s][info][gc,stats    ] Concurrent Class Unloading         5278 us
[8.738s][info][gc,stats    ]   Unlink Stale                     4352 us
[8.738s][info][gc,stats    ]     System Dictionary                 6 us
[8.738s][info][gc,stats    ]     Weak Class Links                  0 us
[8.738s][info][gc,stats    ]     Code Roots                     4344 us
[8.738s][info][gc,stats    ]   Rendezvous                        614 us
[8.738s][info][gc,stats    ]   Purge Unlinked                    259 us
[8.738s][info][gc,stats    ]     Code Roots                      252 us
[8.738s][info][gc,stats    ]     CLDG                              6 us
[8.738s][info][gc,stats    ]     Exception Caches                  0 us
[8.738s][info][gc,stats    ] Pause Final Roots (G)              1591 us
[8.738s][info][gc,stats    ] Pause Final Roots (N)                24 us
[8.738s][info][gc,stats    ] 
[8.738s][info][gc,stats    ] Allocation pacing accrued:
[8.738s][info][gc,stats    ]       0 of   352 ms (  0.0%): <total>
[8.738s][info][gc,stats    ]       0 of   352 ms (  0.0%): <average total>
[8.738s][info][gc,stats    ] 
[8.738s][info][gc,metaspace] Metaspace: 8130K(8320K)->8130K(8320K) NonClass: 7165K(7296K)->7165K(7296K) Class: 965K(1024K)->965K(1024K)
[8.738s][info][gc,ergo     ] Pacer for Idle. Initial: 41943K, Alloc Tax Rate: 1.0x
[9.095s][info][gc          ] Trigger: Learning 4 of 5. Free (1432M) is below initial threshold (1433M)
[9.095s][info][gc,ergo     ] Free: 1432M, Max: 1024K regular, 1415M humongous, Frag: 2% external, 0% internal; Reserve: 103M, Max: 1024K
[9.095s][info][gc,start    ] GC(9) Concurrent reset
[9.095s][info][gc,task     ] GC(9) Using 1 of 3 workers for concurrent reset
[9.095s][info][gc,ergo     ] GC(9) Pacer for Reset. Non-Taxable: 2048M
[9.095s][info][gc          ] GC(9) Concurrent reset 0.293ms
[9.095s][info][gc,start    ] GC(9) Pause Init Mark (unload classes)
[9.095s][info][gc,task     ] GC(9) Using 3 of 3 workers for init marking
[9.095s][info][gc,ergo     ] GC(9) Pacer for Mark. Expected Live: 4665K, Free: 1432M, Non-Taxable: 143M, Alloc Tax Rate: 0.0x
[9.095s][info][gc          ] GC(9) Pause Init Mark (unload classes) 0.126ms
[9.095s][info][gc,start    ] GC(9) Concurrent marking roots
[9.095s][info][gc,task     ] GC(9) Using 1 of 3 workers for concurrent marking roots
[9.096s][info][gc          ] GC(9) Concurrent marking roots 0.575ms
[9.096s][info][gc,start    ] GC(9) Concurrent marking (unload classes)
[9.096s][info][gc,task     ] GC(9) Using 1 of 3 workers for concurrent marking
[9.102s][info][gc          ] GC(9) Concurrent marking (unload classes) 6.490ms
[9.102s][info][gc,start    ] GC(9) Pause Final Mark (unload classes)
[9.102s][info][gc,task     ] GC(9) Using 3 of 3 workers for final marking
[9.103s][info][gc,ergo     ] GC(9) Collectable Garbage: 475M (93%), Immediate: 475M (93%), CSet: 0B (0%)
[9.103s][info][gc          ] GC(9) Pause Final Mark (unload classes) 0.155ms
[9.104s][info][gc,start    ] GC(9) Concurrent weak references
[9.104s][info][gc,task     ] GC(9) Using 1 of 3 workers for concurrent weak references
[9.104s][info][gc,ref      ] GC(9) Encountered references: Soft: 81, Weak: 364, Final: 3, Phantom: 50
[9.104s][info][gc,ref      ] GC(9) Discovered  references: Soft: 0, Weak: 125, Final: 1, Phantom: 39
[9.104s][info][gc,ref      ] GC(9) Enqueued    references: Soft: 0, Weak: 0, Final: 0, Phantom: 0
[9.104s][info][gc          ] GC(9) Concurrent weak references 0.111ms
[9.104s][info][gc,start    ] GC(9) Concurrent weak roots
[9.104s][info][gc,task     ] GC(9) Using 1 of 3 workers for concurrent weak root
[9.105s][info][gc          ] GC(9) Concurrent weak roots 1.016ms
[9.105s][info][gc,start    ] GC(9) Concurrent cleanup
[9.105s][info][gc          ] GC(9) Concurrent cleanup 525M->49M(2048M) 0.046ms
[9.105s][info][gc,ergo     ] GC(9) Free: 1895M, Max: 1024K regular, 1441M humongous, Frag: 24% external, 0% internal; Reserve: 103M, Max: 1024K
[9.105s][info][gc,start    ] GC(9) Concurrent class unloading
[9.105s][info][gc,task     ] GC(9) Using 1 of 3 workers for concurrent class unloading
[9.108s][info][gc          ] GC(9) Concurrent class unloading 3.562ms
[9.109s][info][gc,start    ] GC(9) Pause Final Roots
[9.109s][info][gc          ] GC(9) Pause Final Roots 0.032ms
[9.110s][info][gc,ergo     ] Free: 1889M, Max: 1024K regular, 1441M humongous, Frag: 24% external, 0% internal; Reserve: 103M, Max: 1024K
[9.110s][info][gc,stats    ] 
[9.110s][info][gc,stats    ] All times are wall-clock times, except per-root-class counters, that are sum over
[9.110s][info][gc,stats    ] all workers. Dividing the <total> over the root stage time estimates parallelism.
[9.110s][info][gc,stats    ] 
[9.110s][info][gc,stats    ] Concurrent Reset                    319 us
[9.110s][info][gc,stats    ] Pause Init Mark (G)                 372 us
[9.110s][info][gc,stats    ] Pause Init Mark (N)                 135 us
[9.110s][info][gc,stats    ]   Update Region States               47 us
[9.110s][info][gc,stats    ] Concurrent Mark Roots               609 us, parallelism: 0.84x
[9.110s][info][gc,stats    ]   CMR: <total>                      514 us
[9.110s][info][gc,stats    ]   CMR: Thread Roots                 473 us, workers (us): 473, ---, ---, 
[9.110s][info][gc,stats    ]   CMR: VM Strong Roots                5 us, workers (us):   5, ---, ---, 
[9.110s][info][gc,stats    ]   CMR: CLDG Roots                    37 us, workers (us):  37, ---, ---, 
[9.110s][info][gc,stats    ] Concurrent Marking                 6521 us
[9.110s][info][gc,stats    ] Pause Final Mark (G)               1222 us
[9.110s][info][gc,stats    ] Pause Final Mark (N)                164 us
[9.110s][info][gc,stats    ]   Finish Mark                        39 us
[9.110s][info][gc,stats    ]   Update Region States               41 us
[9.110s][info][gc,stats    ]   Choose Collection Set              33 us
[9.110s][info][gc,stats    ]   Rebuild Free Set                    8 us
[9.110s][info][gc,stats    ] Concurrent Weak References          120 us, parallelism: 0.09x
[9.110s][info][gc,stats    ]   CWRF: <total>                      11 us
[9.110s][info][gc,stats    ]   CWRF: Weak References              11 us, workers (us):  11, ---, ---, 
[9.110s][info][gc,stats    ] Concurrent Weak Roots              1050 us
[9.110s][info][gc,stats    ]   Roots                             920 us, parallelism: 0.95x
[9.110s][info][gc,stats    ]     CWR: <total>                    875 us
[9.110s][info][gc,stats    ]     CWR: Code Cache Roots           800 us, workers (us): 800, ---, ---, 
[9.110s][info][gc,stats    ]     CWR: VM Weak Roots               71 us, workers (us):  71, ---, ---, 
[9.110s][info][gc,stats    ]     CWR: CLDG Roots                   4 us, workers (us):   4, ---, ---, 
[9.110s][info][gc,stats    ]   Rendezvous                         76 us
[9.110s][info][gc,stats    ] Concurrent Cleanup                   56 us
[9.110s][info][gc,stats    ] Concurrent Class Unloading         3595 us
[9.110s][info][gc,stats    ]   Unlink Stale                     3251 us
[9.110s][info][gc,stats    ]     System Dictionary                 6 us
[9.110s][info][gc,stats    ]     Weak Class Links                  0 us
[9.110s][info][gc,stats    ]     Code Roots                     3244 us
[9.110s][info][gc,stats    ]   Rendezvous                         80 us
[9.110s][info][gc,stats    ]   Purge Unlinked                    209 us
[9.110s][info][gc,stats    ]     Code Roots                      204 us
[9.110s][info][gc,stats    ]     CLDG                              5 us
[9.110s][info][gc,stats    ]     Exception Caches                  0 us
[9.110s][info][gc,stats    ] Pause Final Roots (G)              1459 us
[9.110s][info][gc,stats    ] Pause Final Roots (N)                42 us
[9.110s][info][gc,stats    ] 
[9.110s][info][gc,stats    ] Allocation pacing accrued:
[9.110s][info][gc,stats    ]       0 of   372 ms (  0.0%): <total>
[9.110s][info][gc,stats    ]       0 of   372 ms (  0.0%): <average total>
[9.110s][info][gc,stats    ] 
[9.110s][info][gc,metaspace] Metaspace: 8131K(8320K)->8131K(8320K) NonClass: 7165K(7296K)->7165K(7296K) Class: 965K(1024K)->965K(1024K)
[9.110s][info][gc,ergo     ] Pacer for Idle. Initial: 41943K, Alloc Tax Rate: 1.0x
[9.415s][info][gc          ] Trigger: Learning 5 of 5. Free (1433M) is below initial threshold (1433M)
[9.415s][info][gc,ergo     ] Free: 1433M, Max: 1024K regular, 1433M humongous, Frag: 0% external, 0% internal; Reserve: 103M, Max: 1024K
[9.416s][info][gc,start    ] GC(10) Concurrent reset
[9.416s][info][gc,task     ] GC(10) Using 1 of 3 workers for concurrent reset
[9.416s][info][gc,ergo     ] GC(10) Pacer for Reset. Non-Taxable: 2048M
[9.416s][info][gc          ] GC(10) Concurrent reset 0.326ms
[9.416s][info][gc,start    ] GC(10) Pause Init Mark (unload classes)
[9.416s][info][gc,task     ] GC(10) Using 3 of 3 workers for init marking
[9.416s][info][gc,ergo     ] GC(10) Pacer for Mark. Expected Live: 4683K, Free: 1433M, Non-Taxable: 143M, Alloc Tax Rate: 0.0x
[9.416s][info][gc          ] GC(10) Pause Init Mark (unload classes) 0.138ms
[9.417s][info][gc,start    ] GC(10) Concurrent marking roots
[9.417s][info][gc,task     ] GC(10) Using 1 of 3 workers for concurrent marking roots
[9.417s][info][gc          ] GC(10) Concurrent marking roots 0.461ms
[9.417s][info][gc,start    ] GC(10) Concurrent marking (unload classes)
[9.417s][info][gc,task     ] GC(10) Using 1 of 3 workers for concurrent marking
[9.423s][info][gc          ] GC(10) Concurrent marking (unload classes) 5.560ms
[9.423s][info][gc,start    ] GC(10) Pause Final Mark (unload classes)
[9.423s][info][gc,task     ] GC(10) Using 3 of 3 workers for final marking
[9.423s][info][gc,ergo     ] GC(10) Collectable Garbage: 474M (93%), Immediate: 474M (93%), CSet: 0B (0%)
[9.423s][info][gc          ] GC(10) Pause Final Mark (unload classes) 0.247ms
[9.427s][info][gc,start    ] GC(10) Concurrent weak references
[9.427s][info][gc,task     ] GC(10) Using 1 of 3 workers for concurrent weak references
[9.427s][info][gc,ref      ] GC(10) Encountered references: Soft: 81, Weak: 360, Final: 3, Phantom: 50
[9.427s][info][gc,ref      ] GC(10) Discovered  references: Soft: 0, Weak: 125, Final: 1, Phantom: 32
[9.427s][info][gc,ref      ] GC(10) Enqueued    references: Soft: 0, Weak: 0, Final: 0, Phantom: 0
[9.427s][info][gc          ] GC(10) Concurrent weak references 0.122ms
[9.427s][info][gc,start    ] GC(10) Concurrent weak roots
[9.427s][info][gc,task     ] GC(10) Using 1 of 3 workers for concurrent weak root
[9.428s][info][gc          ] GC(10) Concurrent weak roots 1.035ms
[9.428s][info][gc,start    ] GC(10) Concurrent cleanup
[9.428s][info][gc          ] GC(10) Concurrent cleanup 531M->56M(2048M) 0.052ms
[9.428s][info][gc,ergo     ] GC(10) Free: 1888M, Max: 1024K regular, 1413M humongous, Frag: 26% external, 0% internal; Reserve: 103M, Max: 1024K
[9.428s][info][gc,start    ] GC(10) Concurrent class unloading
[9.428s][info][gc,task     ] GC(10) Using 1 of 3 workers for concurrent class unloading
[9.431s][info][gc          ] GC(10) Concurrent class unloading 3.240ms
[9.432s][info][gc,start    ] GC(10) Pause Final Roots
[9.432s][info][gc          ] GC(10) Pause Final Roots 0.017ms
[9.433s][info][gc,ergo     ] Free: 1879M, Max: 1024K regular, 1413M humongous, Frag: 25% external, 0% internal; Reserve: 103M, Max: 1024K
[9.434s][info][gc,stats    ] 
[9.434s][info][gc,stats    ] All times are wall-clock times, except per-root-class counters, that are sum over
[9.434s][info][gc,stats    ] all workers. Dividing the <total> over the root stage time estimates parallelism.
[9.434s][info][gc,stats    ] 
[9.434s][info][gc,stats    ] Concurrent Reset                    362 us
[9.434s][info][gc,stats    ] Pause Init Mark (G)                 851 us
[9.434s][info][gc,stats    ] Pause Init Mark (N)                 150 us
[9.434s][info][gc,stats    ]   Update Region States               51 us
[9.434s][info][gc,stats    ] Concurrent Mark Roots               484 us, parallelism: 0.80x
[9.434s][info][gc,stats    ]   CMR: <total>                      385 us
[9.434s][info][gc,stats    ]   CMR: Thread Roots                 349 us, workers (us): 349, ---, ---, 
[9.434s][info][gc,stats    ]   CMR: VM Strong Roots                4 us, workers (us):   4, ---, ---, 
[9.434s][info][gc,stats    ]   CMR: CLDG Roots                    33 us, workers (us):  33, ---, ---, 
[9.434s][info][gc,stats    ] Concurrent Marking                 5590 us
[9.434s][info][gc,stats    ] Pause Final Mark (G)               4151 us
[9.434s][info][gc,stats    ] Pause Final Mark (N)                273 us
[9.434s][info][gc,stats    ]   Finish Mark                        72 us
[9.434s][info][gc,stats    ]   Update Region States               46 us
[9.434s][info][gc,stats    ]   Choose Collection Set              59 us
[9.434s][info][gc,stats    ]   Rebuild Free Set                   10 us
[9.434s][info][gc,stats    ] Concurrent Weak References          132 us, parallelism: 0.09x
[9.434s][info][gc,stats    ]   CWRF: <total>                      12 us
[9.434s][info][gc,stats    ]   CWRF: Weak References              12 us, workers (us):  12, ---, ---, 
[9.434s][info][gc,stats    ] Concurrent Weak Roots              1076 us
[9.434s][info][gc,stats    ]   Roots                             926 us, parallelism: 0.93x
[9.434s][info][gc,stats    ]     CWR: <total>                    865 us
[9.434s][info][gc,stats    ]     CWR: Code Cache Roots           781 us, workers (us): 781, ---, ---, 
[9.434s][info][gc,stats    ]     CWR: VM Weak Roots               78 us, workers (us):  78, ---, ---, 
[9.434s][info][gc,stats    ]     CWR: CLDG Roots                   6 us, workers (us):   6, ---, ---, 
[9.434s][info][gc,stats    ]   Rendezvous                         88 us
[9.434s][info][gc,stats    ] Concurrent Cleanup                   62 us
[9.434s][info][gc,stats    ] Concurrent Class Unloading         3274 us
[9.434s][info][gc,stats    ]   Unlink Stale                     2919 us
[9.434s][info][gc,stats    ]     System Dictionary                 7 us
[9.434s][info][gc,stats    ]     Weak Class Links                  0 us
[9.434s][info][gc,stats    ]     Code Roots                     2910 us
[9.434s][info][gc,stats    ]   Rendezvous                         74 us
[9.434s][info][gc,stats    ]   Purge Unlinked                    220 us
[9.434s][info][gc,stats    ]     Code Roots                      216 us
[9.434s][info][gc,stats    ]     CLDG                              4 us
[9.434s][info][gc,stats    ]     Exception Caches                  0 us
[9.434s][info][gc,stats    ] Pause Final Roots (G)              1899 us
[9.434s][info][gc,stats    ] Pause Final Roots (N)                26 us
[9.434s][info][gc,stats    ] 
[9.434s][info][gc,stats    ] Allocation pacing accrued:
[9.434s][info][gc,stats    ]       0 of   323 ms (  0.0%): <total>
[9.434s][info][gc,stats    ]       0 of   323 ms (  0.0%): <average total>
[9.434s][info][gc,stats    ] 
[9.434s][info][gc,metaspace] Metaspace: 8131K(8320K)->8131K(8320K) NonClass: 7165K(7296K)->7165K(7296K) Class: 965K(1024K)->965K(1024K)
[9.434s][info][gc,ergo     ] Pacer for Idle. Initial: 41943K, Alloc Tax Rate: 1.0x
[10.476s][info][gc          ] Trigger: Free (201M) is below minimum threshold (204M)
[10.477s][info][gc,ergo     ] Free: 201M, Max: 1024K regular, 201M humongous, Frag: 0% external, 0% internal; Reserve: 103M, Max: 1024K
[10.477s][info][gc,start    ] GC(11) Concurrent reset
[10.477s][info][gc,task     ] GC(11) Using 1 of 3 workers for concurrent reset
[10.477s][info][gc,ergo     ] GC(11) Pacer for Reset. Non-Taxable: 2048M
[10.477s][info][gc          ] GC(11) Concurrent reset 0.237ms
[10.477s][info][gc,start    ] GC(11) Pause Init Mark (unload classes)
[10.477s][info][gc,task     ] GC(11) Using 3 of 3 workers for init marking
[10.477s][info][gc,ergo     ] GC(11) Pacer for Mark. Expected Live: 4676K, Free: 201M, Non-Taxable: 20582K, Alloc Tax Rate: 0.0x
[10.477s][info][gc          ] GC(11) Pause Init Mark (unload classes) 0.099ms
[10.478s][info][gc,start    ] GC(11) Concurrent marking roots
[10.478s][info][gc,task     ] GC(11) Using 1 of 3 workers for concurrent marking roots
[10.478s][info][gc          ] GC(11) Concurrent marking roots 0.484ms
[10.479s][info][gc,start    ] GC(11) Concurrent marking (unload classes)
[10.479s][info][gc,task     ] GC(11) Using 1 of 3 workers for concurrent marking
[10.484s][info][gc          ] GC(11) Concurrent marking (unload classes) 5.217ms
[10.484s][info][gc,start    ] GC(11) Pause Final Mark (unload classes)
[10.484s][info][gc,task     ] GC(11) Using 3 of 3 workers for final marking
[10.484s][info][gc,ergo     ] GC(11) Collectable Garbage: 1699M (97%), Immediate: 1699M (97%), CSet: 0B (0%)
[10.484s][info][gc          ] GC(11) Pause Final Mark (unload classes) 0.164ms
[10.485s][info][gc,start    ] GC(11) Concurrent weak references
[10.485s][info][gc,task     ] GC(11) Using 1 of 3 workers for concurrent weak references
[10.485s][info][gc,ref      ] GC(11) Encountered references: Soft: 81, Weak: 360, Final: 3, Phantom: 49
[10.485s][info][gc,ref      ] GC(11) Discovered  references: Soft: 0, Weak: 125, Final: 1, Phantom: 32
[10.485s][info][gc,ref      ] GC(11) Enqueued    references: Soft: 0, Weak: 0, Final: 0, Phantom: 0
[10.485s][info][gc          ] GC(11) Concurrent weak references 0.092ms
[10.485s][info][gc,start    ] GC(11) Concurrent weak roots
[10.485s][info][gc,task     ] GC(11) Using 1 of 3 workers for concurrent weak root
[10.486s][info][gc          ] GC(11) Concurrent weak roots 1.031ms
[10.486s][info][gc,start    ] GC(11) Concurrent cleanup
[10.486s][info][gc          ] GC(11) Concurrent cleanup 1759M->60M(2048M) 0.093ms
[10.486s][info][gc,ergo     ] GC(11) Free: 1884M, Max: 1024K regular, 414M humongous, Frag: 79% external, 0% internal; Reserve: 103M, Max: 1024K
[10.486s][info][gc,start    ] GC(11) Concurrent class unloading
[10.486s][info][gc,task     ] GC(11) Using 1 of 3 workers for concurrent class unloading
[10.489s][info][gc          ] GC(11) Concurrent class unloading 3.502ms
[10.490s][info][gc,start    ] GC(11) Pause Final Roots
[10.490s][info][gc          ] GC(11) Pause Final Roots 0.020ms
[10.498s][info][gc,ergo     ] Free: 1863M, Max: 1024K regular, 414M humongous, Frag: 78% external, 0% internal; Reserve: 103M, Max: 1024K
[10.498s][info][gc,stats    ] 
[10.498s][info][gc,stats    ] All times are wall-clock times, except per-root-class counters, that are sum over
[10.498s][info][gc,stats    ] all workers. Dividing the <total> over the root stage time estimates parallelism.
[10.499s][info][gc,stats    ] 
[10.499s][info][gc,stats    ] Concurrent Reset                    255 us
[10.499s][info][gc,stats    ] Pause Init Mark (G)                1211 us
[10.499s][info][gc,stats    ] Pause Init Mark (N)                 114 us
[10.499s][info][gc,stats    ]   Update Region States               34 us
[10.499s][info][gc,stats    ] Concurrent Mark Roots               511 us, parallelism: 0.77x
[10.499s][info][gc,stats    ]   CMR: <total>                      396 us
[10.499s][info][gc,stats    ]   CMR: Thread Roots                 360 us, workers (us): 360, ---, ---, 
[10.499s][info][gc,stats    ]   CMR: VM Strong Roots                4 us, workers (us):   4, ---, ---, 
[10.499s][info][gc,stats    ]   CMR: CLDG Roots                    32 us, workers (us):  32, ---, ---, 
[10.499s][info][gc,stats    ] Concurrent Marking                 5250 us
[10.499s][info][gc,stats    ] Pause Final Mark (G)                932 us
[10.499s][info][gc,stats    ] Pause Final Mark (N)                175 us
[10.499s][info][gc,stats    ]   Finish Mark                        32 us
[10.499s][info][gc,stats    ]   Update Region States               42 us
[10.499s][info][gc,stats    ]   Choose Collection Set              50 us
[10.499s][info][gc,stats    ]   Rebuild Free Set                    8 us
[10.499s][info][gc,stats    ] Concurrent Weak References          102 us, parallelism: 0.09x
[10.499s][info][gc,stats    ]   CWRF: <total>                      10 us
[10.499s][info][gc,stats    ]   CWRF: Weak References              10 us, workers (us):  10, ---, ---, 
[10.499s][info][gc,stats    ] Concurrent Weak Roots              1063 us
[10.499s][info][gc,stats    ]   Roots                             858 us, parallelism: 0.96x
[10.499s][info][gc,stats    ]     CWR: <total>                    824 us
[10.499s][info][gc,stats    ]     CWR: Code Cache Roots           745 us, workers (us): 745, ---, ---, 
[10.499s][info][gc,stats    ]     CWR: VM Weak Roots               75 us, workers (us):  75, ---, ---, 
[10.499s][info][gc,stats    ]     CWR: CLDG Roots                   4 us, workers (us):   4, ---, ---, 
[10.499s][info][gc,stats    ]   Rendezvous                        155 us
[10.499s][info][gc,stats    ] Concurrent Cleanup                  104 us
[10.499s][info][gc,stats    ] Concurrent Class Unloading         3534 us
[10.499s][info][gc,stats    ]   Unlink Stale                     3185 us
[10.499s][info][gc,stats    ]     System Dictionary                 6 us
[10.499s][info][gc,stats    ]     Weak Class Links                  0 us
[10.499s][info][gc,stats    ]     Code Roots                     3177 us
[10.499s][info][gc,stats    ]   Rendezvous                        120 us
[10.499s][info][gc,stats    ]   Purge Unlinked                    170 us
[10.499s][info][gc,stats    ]     Code Roots                      166 us
[10.499s][info][gc,stats    ]     CLDG                              4 us
[10.499s][info][gc,stats    ]     Exception Caches                  0 us
[10.499s][info][gc,stats    ] Pause Final Roots (G)              8846 us
[10.499s][info][gc,stats    ] Pause Final Roots (N)                30 us
[10.499s][info][gc,stats    ] 
[10.499s][info][gc,stats    ] Allocation pacing accrued:
[10.499s][info][gc,stats    ]       0 of  1065 ms (  0.0%): <total>
[10.499s][info][gc,stats    ]       0 of  1065 ms (  0.0%): <average total>
[10.499s][info][gc,stats    ] 
[10.499s][info][gc,metaspace] Metaspace: 8131K(8320K)->8131K(8320K) NonClass: 7166K(7296K)->7166K(7296K) Class: 965K(1024K)->965K(1024K)
[10.499s][info][gc,ergo     ] Pacer for Idle. Initial: 41943K, Alloc Tax Rate: 1.0x
[11.277s][info][gc          ] Trigger: Explicit GC request (System.gc())
[11.277s][info][gc,ergo     ] Free: 639M, Max: 1024K regular, 226M humongous, Frag: 65% external, 0% internal; Reserve: 103M, Max: 1024K
[11.277s][info][gc,start    ] GC(12) Concurrent reset
[11.277s][info][gc,task     ] GC(12) Using 1 of 3 workers for concurrent reset
[11.277s][info][gc,ergo     ] GC(12) Pacer for Reset. Non-Taxable: 2048M
[11.278s][info][gc          ] GC(12) Concurrent reset 0.653ms
[11.278s][info][gc,start    ] GC(12) Pause Init Mark (unload classes)
[11.278s][info][gc,task     ] GC(12) Using 3 of 3 workers for init marking
[11.278s][info][gc,ref      ] GC(12) Clearing All SoftReferences
[11.278s][info][gc,ergo     ] GC(12) Pacer for Mark. Expected Live: 4994K, Free: 639M, Non-Taxable: 65526K, Alloc Tax Rate: 0.0x
[11.278s][info][gc          ] GC(12) Pause Init Mark (unload classes) 0.177ms
[11.278s][info][gc,start    ] GC(12) Concurrent marking roots
[11.278s][info][gc,task     ] GC(12) Using 1 of 3 workers for concurrent marking roots
[11.278s][info][gc          ] GC(12) Concurrent marking roots 0.349ms
[11.278s][info][gc,start    ] GC(12) Concurrent marking (unload classes)
[11.278s][info][gc,task     ] GC(12) Using 1 of 3 workers for concurrent marking
[11.283s][info][gc          ] GC(12) Concurrent marking (unload classes) 4.188ms
[11.283s][info][gc,start    ] GC(12) Pause Final Mark (unload classes)
[11.283s][info][gc,task     ] GC(12) Using 3 of 3 workers for final marking
[11.283s][info][gc,ergo     ] GC(12) Collectable Garbage: 1274M (97%), Immediate: 1274M (97%), CSet: 0B (0%)
[11.283s][info][gc          ] GC(12) Pause Final Mark (unload classes) 0.469ms
[11.283s][info][gc,start    ] GC(12) Concurrent weak references
[11.283s][info][gc,task     ] GC(12) Using 1 of 3 workers for concurrent weak references
[11.283s][info][gc,ref      ] GC(12) Encountered references: Soft: 80, Weak: 349, Final: 3, Phantom: 47
[11.283s][info][gc,ref      ] GC(12) Discovered  references: Soft: 47, Weak: 140, Final: 1, Phantom: 38
[11.283s][info][gc,ref      ] GC(12) Enqueued    references: Soft: 5, Weak: 0, Final: 0, Phantom: 6
[11.283s][info][gc          ] GC(12) Concurrent weak references 0.149ms
[11.283s][info][gc,start    ] GC(12) Concurrent weak roots
[11.283s][info][gc,task     ] GC(12) Using 1 of 3 workers for concurrent weak root
[11.284s][info][gc          ] GC(12) Concurrent weak roots 0.894ms
[11.284s][info][gc,start    ] GC(12) Concurrent cleanup
[11.284s][info][gc          ] GC(12) Concurrent cleanup 1305M->31M(2048M) 0.089ms
[11.284s][info][gc,ergo     ] GC(12) Free: 1913M, Max: 1024K regular, 414M humongous, Frag: 79% external, 0% internal; Reserve: 103M, Max: 1024K
[11.284s][info][gc,start    ] GC(12) Concurrent class unloading
[11.284s][info][gc,task     ] GC(12) Using 1 of 3 workers for concurrent class unloading
[11.290s][info][gc          ] GC(12) Concurrent class unloading 5.788ms
[11.290s][info][gc,start    ] GC(12) Pause Final Roots
[11.291s][info][gc          ] GC(12) Pause Final Roots 0.073ms
[11.291s][info][gc,ergo     ] Free: 1913M, Max: 1024K regular, 414M humongous, Frag: 79% external, 0% internal; Reserve: 103M, Max: 1024K
[11.291s][info][gc,stats    ] 
[11.291s][info][gc,stats    ] All times are wall-clock times, except per-root-class counters, that are sum over
[11.291s][info][gc,stats    ] all workers. Dividing the <total> over the root stage time estimates parallelism.
[11.291s][info][gc,stats    ] 
[11.291s][info][gc,stats    ] Concurrent Reset                    694 us
[11.291s][info][gc,stats    ] Pause Init Mark (G)                 298 us
[11.291s][info][gc,stats    ] Pause Init Mark (N)                 193 us
[11.291s][info][gc,stats    ]   Update Region States               73 us
[11.291s][info][gc,stats    ] Concurrent Mark Roots               369 us, parallelism: 0.71x
[11.291s][info][gc,stats    ]   CMR: <total>                      261 us
[11.291s][info][gc,stats    ]   CMR: Thread Roots                 227 us, workers (us): 227, ---, ---, 
[11.291s][info][gc,stats    ]   CMR: VM Strong Roots                4 us, workers (us):   4, ---, ---, 
[11.291s][info][gc,stats    ]   CMR: CLDG Roots                    30 us, workers (us):  30, ---, ---, 
[11.291s][info][gc,stats    ] Concurrent Marking                 4240 us
[11.291s][info][gc,stats    ] Pause Final Mark (G)                616 us
[11.291s][info][gc,stats    ] Pause Final Mark (N)                494 us
[11.291s][info][gc,stats    ]   Finish Mark                       172 us
[11.291s][info][gc,stats    ]   Update Region States               95 us
[11.291s][info][gc,stats    ]   Choose Collection Set              93 us
[11.291s][info][gc,stats    ]   Rebuild Free Set                   21 us
[11.291s][info][gc,stats    ] Concurrent Weak References          158 us, parallelism: 0.04x
[11.291s][info][gc,stats    ]   CWRF: <total>                       6 us
[11.291s][info][gc,stats    ]   CWRF: Weak References               6 us, workers (us):   6, ---, ---, 
[11.291s][info][gc,stats    ] Concurrent Weak Roots               930 us
[11.291s][info][gc,stats    ]   Roots                             806 us, parallelism: 0.94x
[11.291s][info][gc,stats    ]     CWR: <total>                    756 us
[11.291s][info][gc,stats    ]     CWR: Code Cache Roots           686 us, workers (us): 686, ---, ---, 
[11.291s][info][gc,stats    ]     CWR: VM Weak Roots               67 us, workers (us):  67, ---, ---, 
[11.291s][info][gc,stats    ]     CWR: CLDG Roots                   3 us, workers (us):   3, ---, ---, 
[11.291s][info][gc,stats    ]   Rendezvous                         69 us
[11.291s][info][gc,stats    ] Concurrent Cleanup                   98 us
[11.291s][info][gc,stats    ] Concurrent Class Unloading         5893 us
[11.291s][info][gc,stats    ]   Unlink Stale                     5116 us
[11.291s][info][gc,stats    ]     System Dictionary                62 us
[11.291s][info][gc,stats    ]     Weak Class Links               1459 us
[11.291s][info][gc,stats    ]     Code Roots                     3592 us
[11.291s][info][gc,stats    ]   Rendezvous                        162 us
[11.291s][info][gc,stats    ]   Purge Unlinked                    489 us
[11.291s][info][gc,stats    ]     Code Roots                      450 us
[11.291s][info][gc,stats    ]     CLDG                             38 us
[11.291s][info][gc,stats    ]     Exception Caches                  0 us
[11.291s][info][gc,stats    ] Pause Final Roots (G)               207 us
[11.291s][info][gc,stats    ] Pause Final Roots (N)                87 us
[11.291s][info][gc,stats    ] 
[11.291s][info][gc,stats    ] Allocation pacing accrued:
[11.291s][info][gc,stats    ]       0 of   792 ms (  0.0%): <total>
[11.291s][info][gc,stats    ]       0 of   792 ms (  0.0%): <average total>
[11.291s][info][gc,stats    ] 
[11.291s][info][gc,metaspace] Metaspace: 8132K(8320K)->8130K(8320K) NonClass: 7167K(7296K)->7165K(7296K) Class: 965K(1024K)->964K(1024K)
[11.291s][info][gc,ergo     ] Pacer for Idle. Initial: 41943K, Alloc Tax Rate: 1.0x
[11.573s][info][gc          ] Trigger: Learning 2 of 5. Free (1425M) is below initial threshold (1433M)
[11.573s][info][gc,ergo     ] Free: 1424M, Max: 1024K regular, 376M humongous, Frag: 74% external, 0% internal; Reserve: 103M, Max: 1024K
[11.573s][info][gc,start    ] GC(13) Concurrent reset
[11.573s][info][gc,task     ] GC(13) Using 1 of 3 workers for concurrent reset
[11.573s][info][gc,ergo     ] GC(13) Pacer for Reset. Non-Taxable: 2048M
[11.573s][info][gc          ] GC(13) Concurrent reset 0.289ms
[11.573s][info][gc,start    ] GC(13) Pause Init Mark (unload classes)
[11.573s][info][gc,task     ] GC(13) Using 3 of 3 workers for init marking
[11.573s][info][gc,ergo     ] GC(13) Pacer for Mark. Expected Live: 4718K, Free: 1423M, Non-Taxable: 142M, Alloc Tax Rate: 0.0x
[11.573s][info][gc          ] GC(13) Pause Init Mark (unload classes) 0.103ms
[11.576s][info][gc,start    ] GC(13) Concurrent marking roots
[11.576s][info][gc,task     ] GC(13) Using 1 of 3 workers for concurrent marking roots
[11.576s][info][gc          ] GC(13) Concurrent marking roots 0.455ms
[11.576s][info][gc,start    ] GC(13) Concurrent marking (unload classes)
[11.576s][info][gc,task     ] GC(13) Using 1 of 3 workers for concurrent marking
[11.581s][info][gc          ] GC(13) Concurrent marking (unload classes) 4.992ms
[11.581s][info][gc,start    ] GC(13) Pause Final Mark (unload classes)
[11.581s][info][gc,task     ] GC(13) Using 3 of 3 workers for final marking
[11.581s][info][gc,ergo     ] GC(13) Adaptive CSet Selection. Target Free: 290M, Actual Free: 1945M, Max CSet: 87381K, Min Garbage: 0B
[11.581s][info][gc,ergo     ] GC(13) Collectable Garbage: 515M (99%), Immediate: 434M (84%), CSet: 83752K (15%)
[11.581s][info][gc,ergo     ] GC(13) Pacer for Evacuation. Used CSet: 86010K, Free: 1842M, Non-Taxable: 184M, Alloc Tax Rate: 1.1x
[11.581s][info][gc          ] GC(13) Pause Final Mark (unload classes) 0.177ms
[11.582s][info][gc,start    ] GC(13) Concurrent thread roots
[11.582s][info][gc,task     ] GC(13) Using 1 of 3 workers for Concurrent thread roots
[11.582s][info][gc          ] GC(13) Concurrent thread roots 0.498ms
[11.582s][info][gc,start    ] GC(13) Concurrent weak references
[11.582s][info][gc,task     ] GC(13) Using 1 of 3 workers for concurrent weak references
[11.582s][info][gc,ref      ] GC(13) Encountered references: Soft: 83, Weak: 362, Final: 3, Phantom: 49
[11.582s][info][gc,ref      ] GC(13) Discovered  references: Soft: 0, Weak: 125, Final: 1, Phantom: 31
[11.582s][info][gc,ref      ] GC(13) Enqueued    references: Soft: 0, Weak: 0, Final: 0, Phantom: 0
[11.582s][info][gc          ] GC(13) Concurrent weak references 0.072ms
[11.582s][info][gc,start    ] GC(13) Concurrent weak roots
[11.582s][info][gc,task     ] GC(13) Using 1 of 3 workers for concurrent weak root
[11.583s][info][gc          ] GC(13) Concurrent weak roots 0.902ms
[11.583s][info][gc,start    ] GC(13) Concurrent cleanup
[11.583s][info][gc          ] GC(13) Concurrent cleanup 542M->108M(2048M) 0.045ms
[11.583s][info][gc,ergo     ] GC(13) Free: 1836M, Max: 1024K regular, 354M humongous, Frag: 81% external, 0% internal; Reserve: 102M, Max: 1024K
[11.583s][info][gc,start    ] GC(13) Concurrent class unloading
[11.583s][info][gc,task     ] GC(13) Using 1 of 3 workers for concurrent class unloading
[11.589s][info][gc          ] GC(13) Concurrent class unloading 6.103ms
[11.589s][info][gc,start    ] GC(13) Concurrent strong roots
[11.589s][info][gc,task     ] GC(13) Using 1 of 3 workers for concurrent strong root
[11.589s][info][gc          ] GC(13) Concurrent strong roots 0.109ms
[11.589s][info][gc,start    ] GC(13) Concurrent evacuation
[11.589s][info][gc,task     ] GC(13) Using 1 of 3 workers for concurrent evacuation
[11.591s][info][gc          ] GC(13) Concurrent evacuation 1.268ms
[11.591s][info][gc,start    ] GC(13) Pause Init Update Refs
[11.591s][info][gc,ergo     ] GC(13) Pacer for Update Refs. Used: 120M, Free: 1827M, Non-Taxable: 182M, Alloc Tax Rate: 1.1x
[11.591s][info][gc          ] GC(13) Pause Init Update Refs 0.040ms
[11.593s][info][gc,start    ] GC(13) Concurrent update references
[11.593s][info][gc,task     ] GC(13) Using 1 of 3 workers for concurrent reference update
[11.599s][info][gc          ] GC(13) Concurrent update references 5.652ms
[11.599s][info][gc,start    ] GC(13) Concurrent update thread roots
[11.599s][info][gc          ] GC(13) Concurrent update thread roots 0.431ms
[11.599s][info][gc,start    ] GC(13) Pause Final Update Refs
[11.599s][info][gc,task     ] GC(13) Using 3 of 3 workers for final reference update
[11.599s][info][gc          ] GC(13) Pause Final Update Refs 0.099ms
[11.603s][info][gc,start    ] GC(13) Concurrent cleanup
[11.603s][info][gc          ] GC(13) Concurrent cleanup 131M->52M(2048M) 0.068ms
[11.603s][info][gc,ergo     ] Free: 1892M, Max: 1024K regular, 735M humongous, Frag: 62% external, 0% internal; Reserve: 103M, Max: 1024K
[11.603s][info][gc,stats    ] 
[11.603s][info][gc,stats    ] All times are wall-clock times, except per-root-class counters, that are sum over
[11.603s][info][gc,stats    ] all workers. Dividing the <total> over the root stage time estimates parallelism.
[11.603s][info][gc,stats    ] 
[11.603s][info][gc,stats    ] Concurrent Reset                    308 us
[11.603s][info][gc,stats    ] Pause Init Mark (G)                2582 us
[11.603s][info][gc,stats    ] Pause Init Mark (N)                 114 us
[11.603s][info][gc,stats    ]   Update Region States               37 us
[11.603s][info][gc,stats    ] Concurrent Mark Roots               480 us, parallelism: 0.76x
[11.603s][info][gc,stats    ]   CMR: <total>                      364 us
[11.603s][info][gc,stats    ]   CMR: Thread Roots                 327 us, workers (us): 327, ---, ---, 
[11.603s][info][gc,stats    ]   CMR: VM Strong Roots                4 us, workers (us):   4, ---, ---, 
[11.603s][info][gc,stats    ]   CMR: CLDG Roots                    33 us, workers (us):  33, ---, ---, 
[11.603s][info][gc,stats    ] Concurrent Marking                 5028 us
[11.603s][info][gc,stats    ] Pause Final Mark (G)                348 us
[11.603s][info][gc,stats    ] Pause Final Mark (N)                185 us
[11.603s][info][gc,stats    ]   Finish Mark                        45 us
[11.603s][info][gc,stats    ]   Update Region States               31 us
[11.603s][info][gc,stats    ]   Choose Collection Set              44 us
[11.603s][info][gc,stats    ]   Rebuild Free Set                    8 us
[11.603s][info][gc,stats    ] Concurrent Thread Roots             522 us, parallelism: 0.85x
[11.603s][info][gc,stats    ]   CTR: <total>                      446 us
[11.603s][info][gc,stats    ]   CTR: Thread Roots                 446 us, workers (us): 446, ---, ---, 
[11.603s][info][gc,stats    ] Concurrent Weak References           81 us, parallelism: 0.17x
[11.603s][info][gc,stats    ]   CWRF: <total>                      14 us
[11.603s][info][gc,stats    ]   CWRF: Weak References              14 us, workers (us):  14, ---, ---, 
[11.603s][info][gc,stats    ] Concurrent Weak Roots               924 us
[11.603s][info][gc,stats    ]   Roots                             823 us, parallelism: 0.94x
[11.603s][info][gc,stats    ]     CWR: <total>                    773 us
[11.603s][info][gc,stats    ]     CWR: Code Cache Roots           638 us, workers (us): 638, ---, ---, 
[11.603s][info][gc,stats    ]     CWR: VM Weak Roots              130 us, workers (us): 130, ---, ---, 
[11.603s][info][gc,stats    ]     CWR: CLDG Roots                   4 us, workers (us):   4, ---, ---, 
[11.603s][info][gc,stats    ]   Rendezvous                         63 us
[11.603s][info][gc,stats    ] Concurrent Cleanup                   55 us
[11.603s][info][gc,stats    ] Concurrent Class Unloading         6138 us
[11.603s][info][gc,stats    ]   Unlink Stale                     3035 us
[11.603s][info][gc,stats    ]     System Dictionary                 8 us
[11.603s][info][gc,stats    ]     Weak Class Links                  1 us
[11.603s][info][gc,stats    ]     Code Roots                     3026 us
[11.603s][info][gc,stats    ]   Rendezvous                       2810 us
[11.603s][info][gc,stats    ]   Purge Unlinked                    233 us
[11.603s][info][gc,stats    ]     Code Roots                      227 us
[11.603s][info][gc,stats    ]     CLDG                              6 us
[11.603s][info][gc,stats    ]     Exception Caches                  0 us
[11.603s][info][gc,stats    ] Concurrent Strong Roots             128 us, parallelism: 0.43x
[11.603s][info][gc,stats    ]   CSR: <total>                       55 us
[11.603s][info][gc,stats    ]   CSR: VM Strong Roots                3 us, workers (us):   3, ---, ---, 
[11.603s][info][gc,stats    ]   CSR: CLDG Roots                    52 us, workers (us):  52, ---, ---, 
[11.603s][info][gc,stats    ] Concurrent Evacuation              1299 us
[11.603s][info][gc,stats    ] Pause Init Update Refs (G)         2131 us
[11.603s][info][gc,stats    ] Pause Init Update Refs (N)           49 us
[11.603s][info][gc,stats    ]   Manage GCLABs                       6 us
[11.603s][info][gc,stats    ] Concurrent Update Refs             5684 us
[11.603s][info][gc,stats    ] Concurrent Update Thread Roots      452 us
[11.603s][info][gc,stats    ] Pause Final Update Refs (G)        3776 us
[11.603s][info][gc,stats    ] Pause Final Update Refs (N)         117 us
[11.603s][info][gc,stats    ]   Update Region States               34 us
[11.603s][info][gc,stats    ]   Trash Collection Set                7 us
[11.603s][info][gc,stats    ]   Rebuild Free Set                   16 us
[11.603s][info][gc,stats    ] Concurrent Cleanup                   84 us
[11.603s][info][gc,stats    ] 
[11.603s][info][gc,stats    ] Allocation pacing accrued:
[11.603s][info][gc,stats    ]       0 of   312 ms (  0.0%): <total>
[11.603s][info][gc,stats    ]       0 of   312 ms (  0.0%): <average total>
[11.603s][info][gc,stats    ] 
[11.603s][info][gc,metaspace] Metaspace: 8148K(8320K)->8148K(8320K) NonClass: 7181K(7296K)->7181K(7296K) Class: 966K(1024K)->966K(1024K)
[11.603s][info][gc,ergo     ] Pacer for Idle. Initial: 41943K, Alloc Tax Rate: 1.0x
[11.824s][info][gc          ] Trigger: Learning 3 of 5. Free (1428M) is below initial threshold (1433M)
[11.824s][info][gc,ergo     ] Free: 1428M, Max: 1024K regular, 735M humongous, Frag: 49% external, 0% internal; Reserve: 103M, Max: 1024K
[11.824s][info][gc,start    ] GC(14) Concurrent reset
[11.824s][info][gc,task     ] GC(14) Using 1 of 3 workers for concurrent reset
[11.824s][info][gc,ergo     ] GC(14) Pacer for Reset. Non-Taxable: 2048M
[11.824s][info][gc          ] GC(14) Concurrent reset 0.560ms
[11.824s][info][gc,start    ] GC(14) Pause Init Mark (unload classes)
[11.824s][info][gc,task     ] GC(14) Using 3 of 3 workers for init marking
[11.824s][info][gc,ergo     ] GC(14) Pacer for Mark. Expected Live: 4812K, Free: 1426M, Non-Taxable: 142M, Alloc Tax Rate: 0.0x
[11.824s][info][gc          ] GC(14) Pause Init Mark (unload classes) 0.104ms
[11.825s][info][gc,start    ] GC(14) Concurrent marking roots
[11.825s][info][gc,task     ] GC(14) Using 1 of 3 workers for concurrent marking roots
[11.825s][info][gc          ] GC(14) Concurrent marking roots 0.539ms
[11.825s][info][gc,start    ] GC(14) Concurrent marking (unload classes)
[11.825s][info][gc,task     ] GC(14) Using 1 of 3 workers for concurrent marking
[11.830s][info][gc          ] GC(14) Concurrent marking (unload classes) 5.255ms
[11.831s][info][gc,start    ] GC(14) Pause Final Mark (unload classes)
[11.831s][info][gc,task     ] GC(14) Using 3 of 3 workers for final marking
[11.831s][info][gc,ergo     ] GC(14) Collectable Garbage: 489M (95%), Immediate: 489M (95%), CSet: 0B (0%)
[11.831s][info][gc          ] GC(14) Pause Final Mark (unload classes) 0.152ms
[11.837s][info][gc,start    ] GC(14) Concurrent weak references
[11.837s][info][gc,task     ] GC(14) Using 1 of 3 workers for concurrent weak references
[11.837s][info][gc,ref      ] GC(14) Encountered references: Soft: 83, Weak: 363, Final: 3, Phantom: 49
[11.837s][info][gc,ref      ] GC(14) Discovered  references: Soft: 0, Weak: 128, Final: 1, Phantom: 33
[11.837s][info][gc,ref      ] GC(14) Enqueued    references: Soft: 0, Weak: 0, Final: 0, Phantom: 0
[11.837s][info][gc          ] GC(14) Concurrent weak references 0.278ms
[11.837s][info][gc,start    ] GC(14) Concurrent weak roots
[11.837s][info][gc,task     ] GC(14) Using 1 of 3 workers for concurrent weak root
[11.839s][info][gc          ] GC(14) Concurrent weak roots 1.138ms
[11.839s][info][gc,start    ] GC(14) Concurrent cleanup
[11.839s][info][gc          ] GC(14) Concurrent cleanup 545M->56M(2048M) 0.246ms
[11.839s][info][gc,ergo     ] GC(14) Free: 1888M, Max: 1024K regular, 722M humongous, Frag: 62% external, 0% internal; Reserve: 103M, Max: 1024K
[11.839s][info][gc,start    ] GC(14) Concurrent class unloading
[11.839s][info][gc,task     ] GC(14) Using 1 of 3 workers for concurrent class unloading
[11.842s][info][gc          ] GC(14) Concurrent class unloading 3.343ms
[11.842s][info][gc,start    ] GC(14) Pause Final Roots
[11.842s][info][gc          ] GC(14) Pause Final Roots 0.031ms
[11.843s][info][gc,ergo     ] Free: 1882M, Max: 1024K regular, 722M humongous, Frag: 62% external, 0% internal; Reserve: 103M, Max: 1024K
[11.843s][info][gc,stats    ] 
[11.843s][info][gc,stats    ] All times are wall-clock times, except per-root-class counters, that are sum over
[11.843s][info][gc,stats    ] all workers. Dividing the <total> over the root stage time estimates parallelism.
[11.843s][info][gc,stats    ] 
[11.843s][info][gc,stats    ] Concurrent Reset                    597 us
[11.843s][info][gc,stats    ] Pause Init Mark (G)                 348 us
[11.843s][info][gc,stats    ] Pause Init Mark (N)                 113 us
[11.843s][info][gc,stats    ]   Update Region States               37 us
[11.843s][info][gc,stats    ] Concurrent Mark Roots               558 us, parallelism: 0.84x
[11.843s][info][gc,stats    ]   CMR: <total>                      470 us
[11.843s][info][gc,stats    ]   CMR: Thread Roots                 433 us, workers (us): 433, ---, ---, 
[11.843s][info][gc,stats    ]   CMR: VM Strong Roots                4 us, workers (us):   4, ---, ---, 
[11.843s][info][gc,stats    ]   CMR: CLDG Roots                    33 us, workers (us):  33, ---, ---, 
[11.843s][info][gc,stats    ] Concurrent Marking                 5289 us
[11.843s][info][gc,stats    ] Pause Final Mark (G)               6619 us
[11.843s][info][gc,stats    ] Pause Final Mark (N)                162 us
[11.843s][info][gc,stats    ]   Finish Mark                        44 us
[11.843s][info][gc,stats    ]   Update Region States               31 us
[11.843s][info][gc,stats    ]   Choose Collection Set              39 us
[11.843s][info][gc,stats    ]   Rebuild Free Set                    8 us
[11.843s][info][gc,stats    ] Concurrent Weak References          289 us, parallelism: 0.05x
[11.843s][info][gc,stats    ]   CWRF: <total>                      14 us
[11.843s][info][gc,stats    ]   CWRF: Weak References              14 us, workers (us):  14, ---, ---, 
[11.843s][info][gc,stats    ] Concurrent Weak Roots              1180 us
[11.843s][info][gc,stats    ]   Roots                            1015 us, parallelism: 0.96x
[11.843s][info][gc,stats    ]     CWR: <total>                    976 us
[11.843s][info][gc,stats    ]     CWR: Code Cache Roots           883 us, workers (us): 883, ---, ---, 
[11.843s][info][gc,stats    ]     CWR: VM Weak Roots               87 us, workers (us):  87, ---, ---, 
[11.843s][info][gc,stats    ]     CWR: CLDG Roots                   5 us, workers (us):   5, ---, ---, 
[11.843s][info][gc,stats    ]   Rendezvous                        102 us
[11.843s][info][gc,stats    ] Concurrent Cleanup                  261 us
[11.843s][info][gc,stats    ] Concurrent Class Unloading         3376 us
[11.843s][info][gc,stats    ]   Unlink Stale                     3078 us
[11.843s][info][gc,stats    ]     System Dictionary                 6 us
[11.843s][info][gc,stats    ]     Weak Class Links                  1 us
[11.843s][info][gc,stats    ]     Code Roots                     3070 us
[11.843s][info][gc,stats    ]   Rendezvous                         60 us
[11.843s][info][gc,stats    ]   Purge Unlinked                    177 us
[11.843s][info][gc,stats    ]     Code Roots                      173 us
[11.843s][info][gc,stats    ]     CLDG                              4 us
[11.843s][info][gc,stats    ]     Exception Caches                  0 us
[11.843s][info][gc,stats    ] Pause Final Roots (G)               352 us
[11.843s][info][gc,stats    ] Pause Final Roots (N)                40 us
[11.843s][info][gc,stats    ] 
[11.843s][info][gc,stats    ] Allocation pacing accrued:
[11.843s][info][gc,stats    ]       0 of   240 ms (  0.0%): <total>
[11.843s][info][gc,stats    ]       0 of   240 ms (  0.0%): <average total>
[11.843s][info][gc,stats    ] 
[11.843s][info][gc,metaspace] Metaspace: 8148K(8320K)->8148K(8320K) NonClass: 7181K(7296K)->7181K(7296K) Class: 966K(1024K)->966K(1024K)
[11.843s][info][gc,ergo     ] Pacer for Idle. Initial: 41943K, Alloc Tax Rate: 1.0x
[12.060s][info][gc          ] Trigger: Learning 4 of 5. Free (1427M) is below initial threshold (1433M)
[12.060s][info][gc,ergo     ] Free: 1427M, Max: 1024K regular, 722M humongous, Frag: 50% external, 0% internal; Reserve: 103M, Max: 1024K
[12.060s][info][gc,start    ] GC(15) Concurrent reset
[12.060s][info][gc,task     ] GC(15) Using 1 of 3 workers for concurrent reset
[12.060s][info][gc,ergo     ] GC(15) Pacer for Reset. Non-Taxable: 2048M
[12.061s][info][gc          ] GC(15) Concurrent reset 0.229ms
[12.061s][info][gc,start    ] GC(15) Pause Init Mark (unload classes)
[12.061s][info][gc,task     ] GC(15) Using 3 of 3 workers for init marking
[12.061s][info][gc,ergo     ] GC(15) Pacer for Mark. Expected Live: 4806K, Free: 1427M, Non-Taxable: 142M, Alloc Tax Rate: 0.0x
[12.061s][info][gc          ] GC(15) Pause Init Mark (unload classes) 0.107ms
[12.061s][info][gc,start    ] GC(15) Concurrent marking roots
[12.061s][info][gc,task     ] GC(15) Using 1 of 3 workers for concurrent marking roots
[12.062s][info][gc          ] GC(15) Concurrent marking roots 0.491ms
[12.062s][info][gc,start    ] GC(15) Concurrent marking (unload classes)
[12.062s][info][gc,task     ] GC(15) Using 1 of 3 workers for concurrent marking
[12.069s][info][gc          ] GC(15) Concurrent marking (unload classes) 7.930ms
[12.070s][info][gc,start    ] GC(15) Pause Final Mark (unload classes)
[12.070s][info][gc,task     ] GC(15) Using 3 of 3 workers for final marking
[12.070s][info][gc,ergo     ] GC(15) Collectable Garbage: 490M (95%), Immediate: 490M (95%), CSet: 0B (0%)
[12.070s][info][gc          ] GC(15) Pause Final Mark (unload classes) 0.187ms
[12.070s][info][gc,start    ] GC(15) Concurrent weak references
[12.070s][info][gc,task     ] GC(15) Using 1 of 3 workers for concurrent weak references
[12.070s][info][gc,ref      ] GC(15) Encountered references: Soft: 83, Weak: 363, Final: 3, Phantom: 49
[12.070s][info][gc,ref      ] GC(15) Discovered  references: Soft: 0, Weak: 125, Final: 1, Phantom: 31
[12.070s][info][gc,ref      ] GC(15) Enqueued    references: Soft: 0, Weak: 0, Final: 0, Phantom: 0
[12.070s][info][gc          ] GC(15) Concurrent weak references 0.079ms
[12.070s][info][gc,start    ] GC(15) Concurrent weak roots
[12.070s][info][gc,task     ] GC(15) Using 1 of 3 workers for concurrent weak root
[12.071s][info][gc          ] GC(15) Concurrent weak roots 1.084ms
[12.071s][info][gc,start    ] GC(15) Concurrent cleanup
[12.071s][info][gc          ] GC(15) Concurrent cleanup 536M->46M(2048M) 0.047ms
[12.071s][info][gc,ergo     ] GC(15) Free: 1898M, Max: 1024K regular, 743M humongous, Frag: 61% external, 0% internal; Reserve: 103M, Max: 1024K
[12.071s][info][gc,start    ] GC(15) Concurrent class unloading
[12.071s][info][gc,task     ] GC(15) Using 1 of 3 workers for concurrent class unloading
[12.075s][info][gc          ] GC(15) Concurrent class unloading 3.433ms
[12.075s][info][gc,start    ] GC(15) Pause Final Roots
[12.075s][info][gc          ] GC(15) Pause Final Roots 0.019ms
[12.076s][info][gc,ergo     ] Free: 1891M, Max: 1024K regular, 743M humongous, Frag: 61% external, 0% internal; Reserve: 103M, Max: 1024K
[12.076s][info][gc,stats    ] 
[12.076s][info][gc,stats    ] All times are wall-clock times, except per-root-class counters, that are sum over
[12.076s][info][gc,stats    ] all workers. Dividing the <total> over the root stage time estimates parallelism.
[12.076s][info][gc,stats    ] 
[12.076s][info][gc,stats    ] Concurrent Reset                    248 us
[12.076s][info][gc,stats    ] Pause Init Mark (G)                 343 us
[12.076s][info][gc,stats    ] Pause Init Mark (N)                 117 us
[12.076s][info][gc,stats    ]   Update Region States               43 us
[12.076s][info][gc,stats    ] Concurrent Mark Roots               514 us, parallelism: 0.83x
[12.076s][info][gc,stats    ]   CMR: <total>                      426 us
[12.076s][info][gc,stats    ]   CMR: Thread Roots                 388 us, workers (us): 388, ---, ---, 
[12.076s][info][gc,stats    ]   CMR: VM Strong Roots                4 us, workers (us):   4, ---, ---, 
[12.076s][info][gc,stats    ]   CMR: CLDG Roots                    34 us, workers (us):  34, ---, ---, 
[12.076s][info][gc,stats    ] Concurrent Marking                 7970 us
[12.076s][info][gc,stats    ] Pause Final Mark (G)                343 us
[12.076s][info][gc,stats    ] Pause Final Mark (N)                197 us
[12.076s][info][gc,stats    ]   Finish Mark                        46 us
[12.076s][info][gc,stats    ]   Update Region States               35 us
[12.076s][info][gc,stats    ]   Choose Collection Set              39 us
[12.076s][info][gc,stats    ]   Rebuild Free Set                    8 us
[12.076s][info][gc,stats    ] Concurrent Weak References           88 us, parallelism: 0.09x
[12.076s][info][gc,stats    ]   CWRF: <total>                       7 us
[12.076s][info][gc,stats    ]   CWRF: Weak References               7 us, workers (us):   7, ---, ---, 
[12.076s][info][gc,stats    ] Concurrent Weak Roots              1114 us
[12.076s][info][gc,stats    ]   Roots                            1001 us, parallelism: 0.96x
[12.076s][info][gc,stats    ]     CWR: <total>                    961 us
[12.076s][info][gc,stats    ]     CWR: Code Cache Roots           876 us, workers (us): 876, ---, ---, 
[12.076s][info][gc,stats    ]     CWR: VM Weak Roots               79 us, workers (us):  79, ---, ---, 
[12.076s][info][gc,stats    ]     CWR: CLDG Roots                   6 us, workers (us):   6, ---, ---, 
[12.076s][info][gc,stats    ]   Rendezvous                         65 us
[12.076s][info][gc,stats    ] Concurrent Cleanup                   57 us
[12.076s][info][gc,stats    ] Concurrent Class Unloading         3465 us
[12.076s][info][gc,stats    ]   Unlink Stale                     3118 us
[12.076s][info][gc,stats    ]     System Dictionary                 6 us
[12.076s][info][gc,stats    ]     Weak Class Links                  0 us
[12.076s][info][gc,stats    ]     Code Roots                     3110 us
[12.076s][info][gc,stats    ]   Rendezvous                         72 us
[12.076s][info][gc,stats    ]   Purge Unlinked                    223 us
[12.076s][info][gc,stats    ]     Code Roots                      217 us
[12.076s][info][gc,stats    ]     CLDG                              5 us
[12.076s][info][gc,stats    ]     Exception Caches                  0 us
[12.076s][info][gc,stats    ] Pause Final Roots (G)              1128 us
[12.076s][info][gc,stats    ] Pause Final Roots (N)                27 us
[12.076s][info][gc,stats    ] 
[12.076s][info][gc,stats    ] Allocation pacing accrued:
[12.076s][info][gc,stats    ]       0 of   233 ms (  0.0%): <total>
[12.076s][info][gc,stats    ]       0 of   233 ms (  0.0%): <average total>
[12.076s][info][gc,stats    ] 
[12.076s][info][gc,metaspace] Metaspace: 8148K(8320K)->8148K(8320K) NonClass: 7181K(7296K)->7181K(7296K) Class: 966K(1024K)->966K(1024K)
[12.076s][info][gc,ergo     ] Pacer for Idle. Initial: 41943K, Alloc Tax Rate: 1.0x
[12.331s][info][gc          ] Trigger: Learning 5 of 5. Free (1429M) is below initial threshold (1433M)
[12.331s][info][gc,ergo     ] Free: 1429M, Max: 1024K regular, 743M humongous, Frag: 49% external, 0% internal; Reserve: 103M, Max: 1024K
[12.331s][info][gc,start    ] GC(16) Concurrent reset
[12.331s][info][gc,task     ] GC(16) Using 1 of 3 workers for concurrent reset
[12.331s][info][gc,ergo     ] GC(16) Pacer for Reset. Non-Taxable: 2048M
[12.331s][info][gc          ] GC(16) Concurrent reset 0.245ms
[12.331s][info][gc,start    ] GC(16) Pause Init Mark (unload classes)
[12.331s][info][gc,task     ] GC(16) Using 3 of 3 workers for init marking
[12.331s][info][gc,ergo     ] GC(16) Pacer for Mark. Expected Live: 4768K, Free: 1428M, Non-Taxable: 142M, Alloc Tax Rate: 0.0x
[12.331s][info][gc          ] GC(16) Pause Init Mark (unload classes) 0.177ms
[12.332s][info][gc,start    ] GC(16) Concurrent marking roots
[12.332s][info][gc,task     ] GC(16) Using 1 of 3 workers for concurrent marking roots
[12.332s][info][gc          ] GC(16) Concurrent marking roots 0.452ms
[12.332s][info][gc,start    ] GC(16) Concurrent marking (unload classes)
[12.332s][info][gc,task     ] GC(16) Using 1 of 3 workers for concurrent marking
[12.338s][info][gc          ] GC(16) Concurrent marking (unload classes) 6.300ms
[12.338s][info][gc,start    ] GC(16) Pause Final Mark (unload classes)
[12.338s][info][gc,task     ] GC(16) Using 3 of 3 workers for final marking
[12.339s][info][gc,ergo     ] GC(16) Collectable Garbage: 488M (95%), Immediate: 488M (95%), CSet: 0B (0%)
[12.339s][info][gc          ] GC(16) Pause Final Mark (unload classes) 0.171ms
[12.339s][info][gc,start    ] GC(16) Concurrent weak references
[12.339s][info][gc,task     ] GC(16) Using 1 of 3 workers for concurrent weak references
[12.339s][info][gc,ref      ] GC(16) Encountered references: Soft: 83, Weak: 363, Final: 3, Phantom: 49
[12.339s][info][gc,ref      ] GC(16) Discovered  references: Soft: 0, Weak: 125, Final: 1, Phantom: 33
[12.339s][info][gc,ref      ] GC(16) Enqueued    references: Soft: 0, Weak: 0, Final: 0, Phantom: 0
[12.339s][info][gc          ] GC(16) Concurrent weak references 0.104ms
[12.339s][info][gc,start    ] GC(16) Concurrent weak roots
[12.339s][info][gc,task     ] GC(16) Using 1 of 3 workers for concurrent weak root
[12.340s][info][gc          ] GC(16) Concurrent weak roots 1.118ms
[12.340s][info][gc,start    ] GC(16) Concurrent cleanup
[12.340s][info][gc          ] GC(16) Concurrent cleanup 531M->43M(2048M) 0.056ms
[12.340s][info][gc,ergo     ] GC(16) Free: 1901M, Max: 1024K regular, 735M humongous, Frag: 62% external, 0% internal; Reserve: 103M, Max: 1024K
[12.340s][info][gc,start    ] GC(16) Concurrent class unloading
[12.340s][info][gc,task     ] GC(16) Using 1 of 3 workers for concurrent class unloading
[12.345s][info][gc          ] GC(16) Concurrent class unloading 4.349ms
[12.345s][info][gc,start    ] GC(16) Pause Final Roots
[12.345s][info][gc          ] GC(16) Pause Final Roots 0.030ms
[12.351s][info][gc,ergo     ] Free: 1881M, Max: 1024K regular, 735M humongous, Frag: 61% external, 0% internal; Reserve: 103M, Max: 1024K
[12.351s][info][gc,stats    ] 
[12.351s][info][gc,stats    ] All times are wall-clock times, except per-root-class counters, that are sum over
[12.351s][info][gc,stats    ] all workers. Dividing the <total> over the root stage time estimates parallelism.
[12.351s][info][gc,stats    ] 
[12.351s][info][gc,stats    ] Concurrent Reset                    269 us
[12.351s][info][gc,stats    ] Pause Init Mark (G)                 557 us
[12.351s][info][gc,stats    ] Pause Init Mark (N)                 192 us
[12.351s][info][gc,stats    ]   Update Region States               43 us
[12.351s][info][gc,stats    ] Concurrent Mark Roots               471 us, parallelism: 0.80x
[12.351s][info][gc,stats    ]   CMR: <total>                      377 us
[12.351s][info][gc,stats    ]   CMR: Thread Roots                 342 us, workers (us): 342, ---, ---, 
[12.351s][info][gc,stats    ]   CMR: VM Strong Roots                4 us, workers (us):   4, ---, ---, 
[12.351s][info][gc,stats    ]   CMR: CLDG Roots                    32 us, workers (us):  32, ---, ---, 
[12.351s][info][gc,stats    ] Concurrent Marking                 6343 us
[12.351s][info][gc,stats    ] Pause Final Mark (G)                500 us
[12.351s][info][gc,stats    ] Pause Final Mark (N)                181 us
[12.351s][info][gc,stats    ]   Finish Mark                        49 us
[12.351s][info][gc,stats    ]   Update Region States               36 us
[12.351s][info][gc,stats    ]   Choose Collection Set              36 us
[12.351s][info][gc,stats    ]   Rebuild Free Set                    8 us
[12.351s][info][gc,stats    ] Concurrent Weak References          113 us, parallelism: 0.07x
[12.351s][info][gc,stats    ]   CWRF: <total>                       8 us
[12.351s][info][gc,stats    ]   CWRF: Weak References               8 us, workers (us):   8, ---, ---, 
[12.351s][info][gc,stats    ] Concurrent Weak Roots              1145 us
[12.351s][info][gc,stats    ]   Roots                            1034 us, parallelism: 0.96x
[12.352s][info][gc,stats    ]     CWR: <total>                    995 us
[12.352s][info][gc,stats    ]     CWR: Code Cache Roots           919 us, workers (us): 919, ---, ---, 
[12.352s][info][gc,stats    ]     CWR: VM Weak Roots               71 us, workers (us):  71, ---, ---, 
[12.352s][info][gc,stats    ]     CWR: CLDG Roots                   5 us, workers (us):   5, ---, ---, 
[12.352s][info][gc,stats    ]   Rendezvous                         63 us
[12.352s][info][gc,stats    ] Concurrent Cleanup                   66 us
[12.352s][info][gc,stats    ] Concurrent Class Unloading         4383 us
[12.352s][info][gc,stats    ]   Unlink Stale                     3161 us
[12.352s][info][gc,stats    ]     System Dictionary                 6 us
[12.352s][info][gc,stats    ]     Weak Class Links                  0 us
[12.352s][info][gc,stats    ]     Code Roots                     3153 us
[12.352s][info][gc,stats    ]   Rendezvous                        908 us
[12.352s][info][gc,stats    ]   Purge Unlinked                    258 us
[12.352s][info][gc,stats    ]     Code Roots                      252 us
[12.352s][info][gc,stats    ]     CLDG                              6 us
[12.352s][info][gc,stats    ]     Exception Caches                  0 us
[12.352s][info][gc,stats    ] Pause Final Roots (G)              6547 us
[12.352s][info][gc,stats    ] Pause Final Roots (N)                40 us
[12.352s][info][gc,stats    ] 
[12.352s][info][gc,stats    ] Allocation pacing accrued:
[12.352s][info][gc,stats    ]       0 of   275 ms (  0.0%): <total>
[12.352s][info][gc,stats    ]       0 of   275 ms (  0.0%): <average total>
[12.352s][info][gc,stats    ] 
[12.352s][info][gc,metaspace] Metaspace: 8148K(8320K)->8148K(8320K) NonClass: 7181K(7296K)->7181K(7296K) Class: 966K(1024K)->966K(1024K)
[12.352s][info][gc,ergo     ] Pacer for Idle. Initial: 41943K, Alloc Tax Rate: 1.0x
[13.169s][info][gc          ] Trigger: Free (204M) is below minimum threshold (204M)
[13.169s][info][gc,ergo     ] Free: 204M, Max: 1024K regular, 204M humongous, Frag: 0% external, 0% internal; Reserve: 103M, Max: 1024K
[13.169s][info][gc,start    ] GC(17) Concurrent reset
[13.169s][info][gc,task     ] GC(17) Using 1 of 3 workers for concurrent reset
[13.169s][info][gc,ergo     ] GC(17) Pacer for Reset. Non-Taxable: 2048M
[13.169s][info][gc          ] GC(17) Concurrent reset 0.273ms
[13.169s][info][gc,start    ] GC(17) Pause Init Mark (unload classes)
[13.169s][info][gc,task     ] GC(17) Using 3 of 3 workers for init marking
[13.169s][info][gc,ergo     ] GC(17) Pacer for Mark. Expected Live: 4743K, Free: 203M, Non-Taxable: 20787K, Alloc Tax Rate: 0.0x
[13.169s][info][gc          ] GC(17) Pause Init Mark (unload classes) 0.111ms
[13.170s][info][gc,start    ] GC(17) Concurrent marking roots
[13.170s][info][gc,task     ] GC(17) Using 1 of 3 workers for concurrent marking roots
[13.170s][info][gc          ] GC(17) Concurrent marking roots 0.483ms
[13.170s][info][gc,start    ] GC(17) Concurrent marking (unload classes)
[13.170s][info][gc,task     ] GC(17) Using 1 of 3 workers for concurrent marking
[13.177s][info][gc          ] GC(17) Concurrent marking (unload classes) 6.804ms
[13.177s][info][gc,start    ] GC(17) Pause Final Mark (unload classes)
[13.177s][info][gc,task     ] GC(17) Using 3 of 3 workers for final marking
[13.177s][info][gc,ergo     ] GC(17) Collectable Garbage: 1710M (98%), Immediate: 1710M (98%), CSet: 0B (0%)
[13.177s][info][gc          ] GC(17) Pause Final Mark (unload classes) 0.161ms
[13.179s][info][gc,start    ] GC(17) Concurrent weak references
[13.179s][info][gc,task     ] GC(17) Using 1 of 3 workers for concurrent weak references
[13.179s][info][gc,ref      ] GC(17) Encountered references: Soft: 83, Weak: 363, Final: 3, Phantom: 49
[13.179s][info][gc,ref      ] GC(17) Discovered  references: Soft: 0, Weak: 125, Final: 1, Phantom: 30
[13.179s][info][gc,ref      ] GC(17) Enqueued    references: Soft: 0, Weak: 0, Final: 0, Phantom: 0
[13.179s][info][gc          ] GC(17) Concurrent weak references 0.122ms
[13.179s][info][gc,start    ] GC(17) Concurrent weak roots
[13.179s][info][gc,task     ] GC(17) Using 1 of 3 workers for concurrent weak root
[13.181s][info][gc          ] GC(17) Concurrent weak roots 1.148ms
[13.181s][info][gc,start    ] GC(17) Concurrent cleanup
[13.181s][info][gc          ] GC(17) Concurrent cleanup 1760M->51M(2048M) 0.137ms
[13.181s][info][gc,ergo     ] GC(17) Free: 1893M, Max: 1024K regular, 446M humongous, Frag: 77% external, 0% internal; Reserve: 103M, Max: 1024K
[13.181s][info][gc,start    ] GC(17) Concurrent class unloading
[13.181s][info][gc,task     ] GC(17) Using 1 of 3 workers for concurrent class unloading
[13.184s][info][gc          ] GC(17) Concurrent class unloading 3.306ms
[13.184s][info][gc,start    ] GC(17) Pause Final Roots
[13.184s][info][gc          ] GC(17) Pause Final Roots 0.027ms
[13.184s][info][gc,ergo     ] Free: 1886M, Max: 1024K regular, 446M humongous, Frag: 77% external, 0% internal; Reserve: 103M, Max: 1024K
[13.184s][info][gc,stats    ] 
[13.185s][info][gc,stats    ] All times are wall-clock times, except per-root-class counters, that are sum over
[13.185s][info][gc,stats    ] all workers. Dividing the <total> over the root stage time estimates parallelism.
[13.185s][info][gc,stats    ] 
[13.185s][info][gc,stats    ] Concurrent Reset                    291 us
[13.185s][info][gc,stats    ] Pause Init Mark (G)                 775 us
[13.185s][info][gc,stats    ] Pause Init Mark (N)                 120 us
[13.185s][info][gc,stats    ]   Update Region States               41 us
[13.185s][info][gc,stats    ] Concurrent Mark Roots               511 us, parallelism: 0.76x
[13.185s][info][gc,stats    ]   CMR: <total>                      386 us
[13.185s][info][gc,stats    ]   CMR: Thread Roots                 353 us, workers (us): 353, ---, ---, 
[13.185s][info][gc,stats    ]   CMR: VM Strong Roots                4 us, workers (us):   4, ---, ---, 
[13.185s][info][gc,stats    ]   CMR: CLDG Roots                    30 us, workers (us):  30, ---, ---, 
[13.185s][info][gc,stats    ] Concurrent Marking                 6832 us
[13.185s][info][gc,stats    ] Pause Final Mark (G)               2178 us
[13.185s][info][gc,stats    ] Pause Final Mark (N)                172 us
[13.185s][info][gc,stats    ]   Finish Mark                        36 us
[13.185s][info][gc,stats    ]   Update Region States               37 us
[13.185s][info][gc,stats    ]   Choose Collection Set              40 us
[13.185s][info][gc,stats    ]   Rebuild Free Set                    7 us
[13.185s][info][gc,stats    ] Concurrent Weak References          132 us, parallelism: 0.07x
[13.185s][info][gc,stats    ]   CWRF: <total>                      10 us
[13.185s][info][gc,stats    ]   CWRF: Weak References              10 us, workers (us):  10, ---, ---, 
[13.185s][info][gc,stats    ] Concurrent Weak Roots              1182 us
[13.185s][info][gc,stats    ]   Roots                            1058 us, parallelism: 0.96x
[13.185s][info][gc,stats    ]     CWR: <total>                   1016 us
[13.185s][info][gc,stats    ]     CWR: Code Cache Roots           938 us, workers (us): 938, ---, ---, 
[13.185s][info][gc,stats    ]     CWR: VM Weak Roots               73 us, workers (us):  73, ---, ---, 
[13.185s][info][gc,stats    ]     CWR: CLDG Roots                   5 us, workers (us):   5, ---, ---, 
[13.185s][info][gc,stats    ]   Rendezvous                         69 us
[13.185s][info][gc,stats    ] Concurrent Cleanup                  148 us
[13.185s][info][gc,stats    ] Concurrent Class Unloading         3337 us
[13.185s][info][gc,stats    ]   Unlink Stale                     3087 us
[13.185s][info][gc,stats    ]     System Dictionary                10 us
[13.185s][info][gc,stats    ]     Weak Class Links                  0 us
[13.185s][info][gc,stats    ]     Code Roots                     3075 us
[13.185s][info][gc,stats    ]   Rendezvous                         63 us
[13.185s][info][gc,stats    ]   Purge Unlinked                    135 us
[13.185s][info][gc,stats    ]     Code Roots                      130 us
[13.185s][info][gc,stats    ]     CLDG                              4 us
[13.185s][info][gc,stats    ]     Exception Caches                  0 us
[13.185s][info][gc,stats    ] Pause Final Roots (G)               350 us
[13.185s][info][gc,stats    ] Pause Final Roots (N)                37 us
[13.185s][info][gc,stats    ] 
[13.185s][info][gc,stats    ] Allocation pacing accrued:
[13.185s][info][gc,stats    ]       0 of   833 ms (  0.0%): <total>
[13.185s][info][gc,stats    ]       0 of   833 ms (  0.0%): <average total>
[13.185s][info][gc,stats    ] 
[13.185s][info][gc,metaspace] Metaspace: 8148K(8320K)->8148K(8320K) NonClass: 7181K(7296K)->7181K(7296K) Class: 966K(1024K)->966K(1024K)
[13.185s][info][gc,ergo     ] Pacer for Idle. Initial: 41943K, Alloc Tax Rate: 1.0x
[13.837s][info][gc          ] Trigger: Explicit GC request (System.gc())
[13.837s][info][gc,ergo     ] Free: 718M, Max: 1024K regular, 344M humongous, Frag: 53% external, 0% internal; Reserve: 103M, Max: 1024K
[13.837s][info][gc,start    ] GC(18) Concurrent reset
[13.837s][info][gc,task     ] GC(18) Using 1 of 3 workers for concurrent reset
[13.837s][info][gc,ergo     ] GC(18) Pacer for Reset. Non-Taxable: 2048M
[13.837s][info][gc          ] GC(18) Concurrent reset 0.294ms
[13.837s][info][gc,start    ] GC(18) Pause Init Mark (unload classes)
[13.837s][info][gc,task     ] GC(18) Using 3 of 3 workers for init marking
[13.837s][info][gc,ref      ] GC(18) Clearing All SoftReferences
[13.837s][info][gc,ergo     ] GC(18) Pacer for Mark. Expected Live: 5027K, Free: 718M, Non-Taxable: 73618K, Alloc Tax Rate: 0.0x
[13.837s][info][gc          ] GC(18) Pause Init Mark (unload classes) 0.121ms
[13.837s][info][gc,start    ] GC(18) Concurrent marking roots
[13.837s][info][gc,task     ] GC(18) Using 1 of 3 workers for concurrent marking roots
[13.838s][info][gc          ] GC(18) Concurrent marking roots 0.382ms
[13.838s][info][gc,start    ] GC(18) Concurrent marking (unload classes)
[13.838s][info][gc,task     ] GC(18) Using 1 of 3 workers for concurrent marking
[13.841s][info][gc          ] GC(18) Concurrent marking (unload classes) 3.734ms
[13.841s][info][gc,start    ] GC(18) Pause Final Mark (unload classes)
[13.842s][info][gc,task     ] GC(18) Using 3 of 3 workers for final marking
[13.842s][info][gc,ergo     ] GC(18) Collectable Garbage: 1208M (98%), Immediate: 1208M (98%), CSet: 0B (0%)
[13.842s][info][gc          ] GC(18) Pause Final Mark (unload classes) 0.489ms
[13.842s][info][gc,start    ] GC(18) Concurrent weak references
[13.842s][info][gc,task     ] GC(18) Using 1 of 3 workers for concurrent weak references
[13.842s][info][gc,ref      ] GC(18) Encountered references: Soft: 82, Weak: 352, Final: 3, Phantom: 47
[13.842s][info][gc,ref      ] GC(18) Discovered  references: Soft: 49, Weak: 140, Final: 1, Phantom: 38
[13.842s][info][gc,ref      ] GC(18) Enqueued    references: Soft: 7, Weak: 0, Final: 0, Phantom: 6
[13.842s][info][gc          ] GC(18) Concurrent weak references 0.175ms
[13.842s][info][gc,start    ] GC(18) Concurrent weak roots
[13.842s][info][gc,task     ] GC(18) Using 1 of 3 workers for concurrent weak root
[13.843s][info][gc          ] GC(18) Concurrent weak roots 0.932ms
[13.843s][info][gc,start    ] GC(18) Concurrent cleanup
[13.843s][info][gc          ] GC(18) Concurrent cleanup 1226M->17M(2048M) 0.082ms
[13.843s][info][gc,ergo     ] GC(18) Free: 1927M, Max: 1024K regular, 755M humongous, Frag: 61% external, 0% internal; Reserve: 103M, Max: 1024K
[13.843s][info][gc,start    ] GC(18) Concurrent class unloading
[13.843s][info][gc,task     ] GC(18) Using 1 of 3 workers for concurrent class unloading
[13.849s][info][gc          ] GC(18) Concurrent class unloading 5.605ms
[13.849s][info][gc,start    ] GC(18) Pause Final Roots
[13.849s][info][gc          ] GC(18) Pause Final Roots 0.070ms
[13.849s][info][gc,ergo     ] Free: 1927M, Max: 1024K regular, 755M humongous, Frag: 61% external, 0% internal; Reserve: 103M, Max: 1024K
[13.849s][info][gc,stats    ] 
[13.849s][info][gc,stats    ] All times are wall-clock times, except per-root-class counters, that are sum over
[13.849s][info][gc,stats    ] all workers. Dividing the <total> over the root stage time estimates parallelism.
[13.849s][info][gc,stats    ] 
[13.849s][info][gc,stats    ] Concurrent Reset                    333 us
[13.849s][info][gc,stats    ] Pause Init Mark (G)                 203 us
[13.849s][info][gc,stats    ] Pause Init Mark (N)                 129 us
[13.849s][info][gc,stats    ]   Update Region States               56 us
[13.849s][info][gc,stats    ] Concurrent Mark Roots               400 us, parallelism: 0.73x
[13.849s][info][gc,stats    ]   CMR: <total>                      292 us
[13.849s][info][gc,stats    ]   CMR: Thread Roots                 258 us, workers (us): 258, ---, ---, 
[13.849s][info][gc,stats    ]   CMR: VM Strong Roots                4 us, workers (us):   4, ---, ---, 
[13.849s][info][gc,stats    ]   CMR: CLDG Roots                    31 us, workers (us):  31, ---, ---, 
[13.849s][info][gc,stats    ] Concurrent Marking                 3802 us
[13.849s][info][gc,stats    ] Pause Final Mark (G)                637 us
[13.849s][info][gc,stats    ] Pause Final Mark (N)                514 us
[13.849s][info][gc,stats    ]   Finish Mark                       167 us
[13.849s][info][gc,stats    ]   Update Region States              123 us
[13.849s][info][gc,stats    ]   Choose Collection Set              94 us
[13.849s][info][gc,stats    ]   Rebuild Free Set                   21 us
[13.849s][info][gc,stats    ] Concurrent Weak References          191 us, parallelism: 0.04x
[13.849s][info][gc,stats    ]   CWRF: <total>                       7 us
[13.849s][info][gc,stats    ]   CWRF: Weak References               7 us, workers (us):   7, ---, ---, 
[13.849s][info][gc,stats    ] Concurrent Weak Roots               969 us
[13.849s][info][gc,stats    ]   Roots                             832 us, parallelism: 0.94x
[13.850s][info][gc,stats    ]     CWR: <total>                    779 us
[13.850s][info][gc,stats    ]     CWR: Code Cache Roots           708 us, workers (us): 708, ---, ---, 
[13.850s][info][gc,stats    ]     CWR: VM Weak Roots               67 us, workers (us):  67, ---, ---, 
[13.850s][info][gc,stats    ]     CWR: CLDG Roots                   4 us, workers (us):   4, ---, ---, 
[13.850s][info][gc,stats    ]   Rendezvous                         66 us
[13.850s][info][gc,stats    ] Concurrent Cleanup                   91 us
[13.850s][info][gc,stats    ] Concurrent Class Unloading         5702 us
[13.850s][info][gc,stats    ]   Unlink Stale                     5066 us
[13.850s][info][gc,stats    ]     System Dictionary                63 us
[13.850s][info][gc,stats    ]     Weak Class Links               1456 us
[13.850s][info][gc,stats    ]     Code Roots                     3544 us
[13.850s][info][gc,stats    ]   Rendezvous                        157 us
[13.850s][info][gc,stats    ]   Purge Unlinked                    347 us
[13.850s][info][gc,stats    ]     Code Roots                      306 us
[13.850s][info][gc,stats    ]     CLDG                             40 us
[13.850s][info][gc,stats    ]     Exception Caches                  1 us
[13.850s][info][gc,stats    ] Pause Final Roots (G)               214 us
[13.850s][info][gc,stats    ] Pause Final Roots (N)                89 us
[13.850s][info][gc,stats    ] 
[13.850s][info][gc,stats    ] Allocation pacing accrued:
[13.850s][info][gc,stats    ]       0 of   665 ms (  0.0%): <total>
[13.850s][info][gc,stats    ]       0 of   665 ms (  0.0%): <average total>
[13.850s][info][gc,stats    ] 
[13.850s][info][gc,metaspace] Metaspace: 8148K(8320K)->8146K(8320K) NonClass: 7181K(7296K)->7179K(7296K) Class: 966K(1024K)->966K(1024K)
[13.850s][info][gc,ergo     ] Pacer for Idle. Initial: 41943K, Alloc Tax Rate: 1.0x
[14.095s][info][gc          ] Trigger: Learning 2 of 5. Free (1430M) is below initial threshold (1433M)
[14.095s][info][gc,ergo     ] Free: 1430M, Max: 1024K regular, 755M humongous, Frag: 48% external, 0% internal; Reserve: 103M, Max: 1024K
[14.095s][info][gc,start    ] GC(19) Concurrent reset
[14.095s][info][gc,task     ] GC(19) Using 1 of 3 workers for concurrent reset
[14.095s][info][gc,ergo     ] GC(19) Pacer for Reset. Non-Taxable: 2048M
[14.095s][info][gc          ] GC(19) Concurrent reset 0.201ms
[14.096s][info][gc,start    ] GC(19) Pause Init Mark (unload classes)
[14.096s][info][gc,task     ] GC(19) Using 3 of 3 workers for init marking
[14.096s][info][gc,ergo     ] GC(19) Pacer for Mark. Expected Live: 4694K, Free: 1429M, Non-Taxable: 142M, Alloc Tax Rate: 0.0x
[14.096s][info][gc          ] GC(19) Pause Init Mark (unload classes) 0.138ms
[14.098s][info][gc,start    ] GC(19) Concurrent marking roots
[14.098s][info][gc,task     ] GC(19) Using 1 of 3 workers for concurrent marking roots
[14.099s][info][gc          ] GC(19) Concurrent marking roots 0.470ms
[14.099s][info][gc,start    ] GC(19) Concurrent marking (unload classes)
[14.099s][info][gc,task     ] GC(19) Using 1 of 3 workers for concurrent marking
[14.109s][info][gc          ] GC(19) Concurrent marking (unload classes) 10.649ms
[14.109s][info][gc,start    ] GC(19) Pause Final Mark (unload classes)
[14.110s][info][gc,task     ] GC(19) Using 3 of 3 workers for final marking
[14.110s][info][gc,ergo     ] GC(19) Adaptive CSet Selection. Target Free: 290M, Actual Free: 1947M, Max CSet: 87381K, Min Garbage: 0B
[14.110s][info][gc,ergo     ] GC(19) Collectable Garbage: 509M (99%), Immediate: 440M (86%), CSet: 71529K (13%)
[14.110s][info][gc,ergo     ] GC(19) Pacer for Evacuation. Used CSet: 73723K, Free: 1844M, Non-Taxable: 184M, Alloc Tax Rate: 1.1x
[14.110s][info][gc          ] GC(19) Pause Final Mark (unload classes) 0.624ms
[14.110s][info][gc,start    ] GC(19) Concurrent thread roots
[14.110s][info][gc,task     ] GC(19) Using 1 of 3 workers for Concurrent thread roots
[14.111s][info][gc          ] GC(19) Concurrent thread roots 0.477ms
[14.111s][info][gc,start    ] GC(19) Concurrent weak references
[14.111s][info][gc,task     ] GC(19) Using 1 of 3 workers for concurrent weak references
[14.111s][info][gc,ref      ] GC(19) Encountered references: Soft: 80, Weak: 362, Final: 3, Phantom: 49
[14.111s][info][gc,ref      ] GC(19) Discovered  references: Soft: 0, Weak: 125, Final: 1, Phantom: 31
[14.111s][info][gc,ref      ] GC(19) Enqueued    references: Soft: 0, Weak: 0, Final: 0, Phantom: 0
[14.111s][info][gc          ] GC(19) Concurrent weak references 0.531ms
[14.111s][info][gc,start    ] GC(19) Concurrent weak roots
[14.111s][info][gc,task     ] GC(19) Using 1 of 3 workers for concurrent weak root
[14.118s][info][gc          ] GC(19) Concurrent weak roots 6.819ms
[14.118s][info][gc,start    ] GC(19) Concurrent cleanup
[14.118s][info][gc          ] GC(19) Concurrent cleanup 552M->112M(2048M) 0.043ms
[14.118s][info][gc,ergo     ] GC(19) Free: 1832M, Max: 1024K regular, 755M humongous, Frag: 59% external, 0% internal; Reserve: 102M, Max: 1024K
[14.118s][info][gc,start    ] GC(19) Concurrent class unloading
[14.118s][info][gc,task     ] GC(19) Using 1 of 3 workers for concurrent class unloading
[14.124s][info][gc          ] GC(19) Concurrent class unloading 5.412ms
[14.124s][info][gc,start    ] GC(19) Concurrent strong roots
[14.124s][info][gc,task     ] GC(19) Using 1 of 3 workers for concurrent strong root
[14.124s][info][gc          ] GC(19) Concurrent strong roots 0.078ms
[14.124s][info][gc,start    ] GC(19) Concurrent evacuation
[14.124s][info][gc,task     ] GC(19) Using 1 of 3 workers for concurrent evacuation
[14.125s][info][gc          ] GC(19) Concurrent evacuation 1.020ms
[14.125s][info][gc,start    ] GC(19) Pause Init Update Refs
[14.125s][info][gc,ergo     ] GC(19) Pacer for Update Refs. Used: 126M, Free: 1821M, Non-Taxable: 182M, Alloc Tax Rate: 1.1x
[14.125s][info][gc          ] GC(19) Pause Init Update Refs 0.054ms
[14.126s][info][gc,start    ] GC(19) Concurrent update references
[14.126s][info][gc,task     ] GC(19) Using 1 of 3 workers for concurrent reference update
[14.133s][info][gc          ] GC(19) Concurrent update references 7.649ms
[14.133s][info][gc,start    ] GC(19) Concurrent update thread roots
[14.135s][info][gc          ] GC(19) Concurrent update thread roots 1.446ms
[14.135s][info][gc,start    ] GC(19) Pause Final Update Refs
[14.135s][info][gc,task     ] GC(19) Using 3 of 3 workers for final reference update
[14.135s][info][gc          ] GC(19) Pause Final Update Refs 0.115ms
[14.136s][info][gc,start    ] GC(19) Concurrent cleanup
[14.136s][info][gc          ] GC(19) Concurrent cleanup 138M->67M(2048M) 0.052ms
[14.136s][info][gc,ergo     ] Free: 1877M, Max: 1024K regular, 754M humongous, Frag: 60% external, 0% internal; Reserve: 103M, Max: 1024K
[14.136s][info][gc,stats    ] 
[14.136s][info][gc,stats    ] All times are wall-clock times, except per-root-class counters, that are sum over
[14.136s][info][gc,stats    ] all workers. Dividing the <total> over the root stage time estimates parallelism.
[14.136s][info][gc,stats    ] 
[14.136s][info][gc,stats    ] Concurrent Reset                    212 us
[14.136s][info][gc,stats    ] Pause Init Mark (G)                2754 us
[14.136s][info][gc,stats    ] Pause Init Mark (N)                 147 us
[14.136s][info][gc,stats    ]   Update Region States               69 us
[14.136s][info][gc,stats    ] Concurrent Mark Roots               497 us, parallelism: 0.72x
[14.136s][info][gc,stats    ]   CMR: <total>                      358 us
[14.136s][info][gc,stats    ]   CMR: Thread Roots                 316 us, workers (us): 316, ---, ---, 
[14.136s][info][gc,stats    ]   CMR: VM Strong Roots                5 us, workers (us):   5, ---, ---, 
[14.136s][info][gc,stats    ]   CMR: CLDG Roots                    37 us, workers (us):  37, ---, ---, 
[14.136s][info][gc,stats    ] Concurrent Marking                10700 us
[14.136s][info][gc,stats    ] Pause Final Mark (G)                765 us
[14.136s][info][gc,stats    ] Pause Final Mark (N)                633 us
[14.136s][info][gc,stats    ]   Finish Mark                       484 us
[14.136s][info][gc,stats    ]   Update Region States               32 us
[14.136s][info][gc,stats    ]   Choose Collection Set              44 us
[14.136s][info][gc,stats    ]   Rebuild Free Set                    8 us
[14.136s][info][gc,stats    ] Concurrent Thread Roots             500 us, parallelism: 0.82x
[14.136s][info][gc,stats    ]   CTR: <total>                      410 us
[14.136s][info][gc,stats    ]   CTR: Thread Roots                 410 us, workers (us): 410, ---, ---, 
[14.136s][info][gc,stats    ] Concurrent Weak References          538 us, parallelism: 0.04x
[14.136s][info][gc,stats    ]   CWRF: <total>                      23 us
[14.136s][info][gc,stats    ]   CWRF: Weak References              23 us, workers (us):  23, ---, ---, 
[14.136s][info][gc,stats    ] Concurrent Weak Roots              6850 us
[14.136s][info][gc,stats    ]   Roots                             952 us, parallelism: 0.95x
[14.136s][info][gc,stats    ]     CWR: <total>                    904 us
[14.136s][info][gc,stats    ]     CWR: Code Cache Roots           785 us, workers (us): 785, ---, ---, 
[14.136s][info][gc,stats    ]     CWR: VM Weak Roots              114 us, workers (us): 114, ---, ---, 
[14.136s][info][gc,stats    ]     CWR: CLDG Roots                   5 us, workers (us):   5, ---, ---, 
[14.136s][info][gc,stats    ]   Rendezvous                       5848 us
[14.136s][info][gc,stats    ] Concurrent Cleanup                   53 us
[14.136s][info][gc,stats    ] Concurrent Class Unloading         5446 us
[14.136s][info][gc,stats    ]   Unlink Stale                     2963 us
[14.136s][info][gc,stats    ]     System Dictionary                 6 us
[14.136s][info][gc,stats    ]     Weak Class Links                  0 us
[14.136s][info][gc,stats    ]     Code Roots                     2955 us
[14.136s][info][gc,stats    ]   Rendezvous                       2197 us
[14.136s][info][gc,stats    ]   Purge Unlinked                    230 us
[14.136s][info][gc,stats    ]     Code Roots                      224 us
[14.136s][info][gc,stats    ]     CLDG                              5 us
[14.136s][info][gc,stats    ]     Exception Caches                  1 us
[14.136s][info][gc,stats    ] Concurrent Strong Roots              95 us, parallelism: 0.36x
[14.136s][info][gc,stats    ]   CSR: <total>                       35 us
[14.136s][info][gc,stats    ]   CSR: VM Strong Roots                2 us, workers (us):   2, ---, ---, 
[14.136s][info][gc,stats    ]   CSR: CLDG Roots                    33 us, workers (us):  33, ---, ---, 
[14.136s][info][gc,stats    ] Concurrent Evacuation              1070 us
[14.136s][info][gc,stats    ] Pause Init Update Refs (G)          903 us
[14.136s][info][gc,stats    ] Pause Init Update Refs (N)           63 us
[14.136s][info][gc,stats    ]   Manage GCLABs                       4 us
[14.137s][info][gc,stats    ] Concurrent Update Refs             7685 us
[14.137s][info][gc,stats    ] Concurrent Update Thread Roots     1474 us
[14.137s][info][gc,stats    ] Pause Final Update Refs (G)        1174 us
[14.137s][info][gc,stats    ] Pause Final Update Refs (N)         136 us
[14.137s][info][gc,stats    ]   Update Region States               47 us
[14.137s][info][gc,stats    ]   Trash Collection Set                5 us
[14.137s][info][gc,stats    ]   Rebuild Free Set                   19 us
[14.137s][info][gc,stats    ] Concurrent Cleanup                   62 us
[14.137s][info][gc,stats    ] 
[14.137s][info][gc,stats    ] Allocation pacing accrued:
[14.137s][info][gc,stats    ]       0 of   287 ms (  0.0%): <total>
[14.137s][info][gc,stats    ]       0 of   287 ms (  0.0%): <average total>
[14.137s][info][gc,stats    ] 
[14.137s][info][gc,metaspace] Metaspace: 8153K(8320K)->8153K(8320K) NonClass: 7186K(7296K)->7186K(7296K) Class: 966K(1024K)->966K(1024K)
[14.137s][info][gc,ergo     ] Pacer for Idle. Initial: 41943K, Alloc Tax Rate: 1.0x
[14.353s][info][gc          ] Trigger: Learning 3 of 5. Free (1431M) is below initial threshold (1433M)
[14.353s][info][gc,ergo     ] Free: 1431M, Max: 1024K regular, 754M humongous, Frag: 48% external, 0% internal; Reserve: 103M, Max: 1024K
[14.353s][info][gc,start    ] GC(20) Concurrent reset
[14.353s][info][gc,task     ] GC(20) Using 1 of 3 workers for concurrent reset
[14.353s][info][gc,ergo     ] GC(20) Pacer for Reset. Non-Taxable: 2048M
[14.353s][info][gc          ] GC(20) Concurrent reset 0.463ms
[14.354s][info][gc,start    ] GC(20) Pause Init Mark (unload classes)
[14.354s][info][gc,task     ] GC(20) Using 3 of 3 workers for init marking
[14.354s][info][gc,ergo     ] GC(20) Pacer for Mark. Expected Live: 4713K, Free: 1431M, Non-Taxable: 143M, Alloc Tax Rate: 0.0x
[14.354s][info][gc          ] GC(20) Pause Init Mark (unload classes) 0.132ms
[14.354s][info][gc,start    ] GC(20) Concurrent marking roots
[14.354s][info][gc,task     ] GC(20) Using 1 of 3 workers for concurrent marking roots
[14.354s][info][gc          ] GC(20) Concurrent marking roots 0.487ms
[14.354s][info][gc,start    ] GC(20) Concurrent marking (unload classes)
[14.354s][info][gc,task     ] GC(20) Using 1 of 3 workers for concurrent marking
[14.360s][info][gc          ] GC(20) Concurrent marking (unload classes) 5.050ms
[14.360s][info][gc,start    ] GC(20) Pause Final Mark (unload classes)
[14.360s][info][gc,task     ] GC(20) Using 3 of 3 workers for final marking
[14.360s][info][gc,ergo     ] GC(20) Collectable Garbage: 490M (96%), Immediate: 490M (96%), CSet: 0B (0%)
[14.360s][info][gc          ] GC(20) Pause Final Mark (unload classes) 0.171ms
[14.364s][info][gc,start    ] GC(20) Concurrent weak references
[14.364s][info][gc,task     ] GC(20) Using 1 of 3 workers for concurrent weak references
[14.364s][info][gc,ref      ] GC(20) Encountered references: Soft: 80, Weak: 363, Final: 3, Phantom: 49
[14.364s][info][gc,ref      ] GC(20) Discovered  references: Soft: 0, Weak: 125, Final: 1, Phantom: 36
[14.364s][info][gc,ref      ] GC(20) Enqueued    references: Soft: 0, Weak: 0, Final: 0, Phantom: 0
[14.364s][info][gc          ] GC(20) Concurrent weak references 0.126ms
[14.364s][info][gc,start    ] GC(20) Concurrent weak roots
[14.364s][info][gc,task     ] GC(20) Using 1 of 3 workers for concurrent weak root
[14.365s][info][gc          ] GC(20) Concurrent weak roots 1.141ms
[14.365s][info][gc,start    ] GC(20) Concurrent cleanup
[14.365s][info][gc          ] GC(20) Concurrent cleanup 533M->43M(2048M) 0.049ms
[14.365s][info][gc,ergo     ] GC(20) Free: 1901M, Max: 1024K regular, 754M humongous, Frag: 61% external, 0% internal; Reserve: 103M, Max: 1024K
[14.365s][info][gc,start    ] GC(20) Concurrent class unloading
[14.365s][info][gc,task     ] GC(20) Using 1 of 3 workers for concurrent class unloading
[14.370s][info][gc          ] GC(20) Concurrent class unloading 4.761ms
[14.370s][info][gc,start    ] GC(20) Pause Final Roots
[14.370s][info][gc          ] GC(20) Pause Final Roots 0.025ms
[14.370s][info][gc,ergo     ] Free: 1893M, Max: 1024K regular, 754M humongous, Frag: 61% external, 0% internal; Reserve: 103M, Max: 1024K
[14.370s][info][gc,stats    ] 
[14.370s][info][gc,stats    ] All times are wall-clock times, except per-root-class counters, that are sum over
[14.370s][info][gc,stats    ] all workers. Dividing the <total> over the root stage time estimates parallelism.
[14.370s][info][gc,stats    ] 
[14.370s][info][gc,stats    ] Concurrent Reset                    497 us
[14.370s][info][gc,stats    ] Pause Init Mark (G)                 495 us
[14.370s][info][gc,stats    ] Pause Init Mark (N)                 141 us
[14.370s][info][gc,stats    ]   Update Region States               54 us
[14.370s][info][gc,stats    ] Concurrent Mark Roots               502 us, parallelism: 0.85x
[14.370s][info][gc,stats    ]   CMR: <total>                      426 us
[14.370s][info][gc,stats    ]   CMR: Thread Roots                 378 us, workers (us): 378, ---, ---, 
[14.370s][info][gc,stats    ]   CMR: VM Strong Roots                5 us, workers (us):   5, ---, ---, 
[14.370s][info][gc,stats    ]   CMR: CLDG Roots                    43 us, workers (us):  43, ---, ---, 
[14.370s][info][gc,stats    ] Concurrent Marking                 5086 us
[14.370s][info][gc,stats    ] Pause Final Mark (G)               4053 us
[14.370s][info][gc,stats    ] Pause Final Mark (N)                181 us
[14.370s][info][gc,stats    ]   Finish Mark                        42 us
[14.370s][info][gc,stats    ]   Update Region States               39 us
[14.370s][info][gc,stats    ]   Choose Collection Set              42 us
[14.370s][info][gc,stats    ]   Rebuild Free Set                    8 us
[14.370s][info][gc,stats    ] Concurrent Weak References          136 us, parallelism: 0.08x
[14.370s][info][gc,stats    ]   CWRF: <total>                      11 us
[14.370s][info][gc,stats    ]   CWRF: Weak References              11 us, workers (us):  11, ---, ---, 
[14.370s][info][gc,stats    ] Concurrent Weak Roots              1171 us
[14.370s][info][gc,stats    ]   Roots                            1056 us, parallelism: 0.94x
[14.370s][info][gc,stats    ]     CWR: <total>                    994 us
[14.370s][info][gc,stats    ]     CWR: Code Cache Roots           917 us, workers (us): 917, ---, ---, 
[14.370s][info][gc,stats    ]     CWR: VM Weak Roots               72 us, workers (us):  72, ---, ---, 
[14.370s][info][gc,stats    ]     CWR: CLDG Roots                   5 us, workers (us):   5, ---, ---, 
[14.370s][info][gc,stats    ]   Rendezvous                         63 us
[14.370s][info][gc,stats    ] Concurrent Cleanup                   59 us
[14.370s][info][gc,stats    ] Concurrent Class Unloading         4793 us
[14.370s][info][gc,stats    ]   Unlink Stale                     2924 us
[14.370s][info][gc,stats    ]     System Dictionary                 6 us
[14.370s][info][gc,stats    ]     Weak Class Links                  0 us
[14.370s][info][gc,stats    ]     Code Roots                     2917 us
[14.370s][info][gc,stats    ]   Rendezvous                       1581 us
[14.370s][info][gc,stats    ]   Purge Unlinked                    234 us
[14.370s][info][gc,stats    ]     Code Roots                      225 us
[14.370s][info][gc,stats    ]     CLDG                              8 us
[14.370s][info][gc,stats    ]     Exception Caches                  0 us
[14.370s][info][gc,stats    ] Pause Final Roots (G)               332 us
[14.370s][info][gc,stats    ] Pause Final Roots (N)                34 us
[14.371s][info][gc,stats    ] 
[14.371s][info][gc,stats    ] Allocation pacing accrued:
[14.371s][info][gc,stats    ]       0 of   234 ms (  0.0%): <total>
[14.371s][info][gc,stats    ]       0 of   234 ms (  0.0%): <average total>
[14.371s][info][gc,stats    ] 
[14.371s][info][gc,metaspace] Metaspace: 8153K(8320K)->8153K(8320K) NonClass: 7186K(7296K)->7186K(7296K) Class: 966K(1024K)->966K(1024K)
[14.371s][info][gc,ergo     ] Pacer for Idle. Initial: 41943K, Alloc Tax Rate: 1.0x
[14.586s][info][gc          ] Trigger: Learning 4 of 5. Free (1431M) is below initial threshold (1433M)
[14.586s][info][gc,ergo     ] Free: 1431M, Max: 1024K regular, 754M humongous, Frag: 48% external, 0% internal; Reserve: 103M, Max: 1024K
[14.586s][info][gc,start    ] GC(21) Concurrent reset
[14.586s][info][gc,task     ] GC(21) Using 1 of 3 workers for concurrent reset
[14.586s][info][gc,ergo     ] GC(21) Pacer for Reset. Non-Taxable: 2048M
[14.586s][info][gc          ] GC(21) Concurrent reset 0.215ms
[14.586s][info][gc,start    ] GC(21) Pause Init Mark (unload classes)
[14.586s][info][gc,task     ] GC(21) Using 3 of 3 workers for init marking
[14.586s][info][gc,ergo     ] GC(21) Pacer for Mark. Expected Live: 4766K, Free: 1430M, Non-Taxable: 143M, Alloc Tax Rate: 0.0x
[14.586s][info][gc          ] GC(21) Pause Init Mark (unload classes) 0.099ms
[14.587s][info][gc,start    ] GC(21) Concurrent marking roots
[14.587s][info][gc,task     ] GC(21) Using 1 of 3 workers for concurrent marking roots
[14.587s][info][gc          ] GC(21) Concurrent marking roots 0.508ms
[14.587s][info][gc,start    ] GC(21) Concurrent marking (unload classes)
[14.587s][info][gc,task     ] GC(21) Using 1 of 3 workers for concurrent marking
[14.592s][info][gc          ] GC(21) Concurrent marking (unload classes) 4.736ms
[14.592s][info][gc,start    ] GC(21) Pause Final Mark (unload classes)
[14.592s][info][gc,task     ] GC(21) Using 3 of 3 workers for final marking
[14.592s][info][gc,ergo     ] GC(21) Collectable Garbage: 488M (96%), Immediate: 488M (96%), CSet: 0B (0%)
[14.592s][info][gc          ] GC(21) Pause Final Mark (unload classes) 0.178ms
[14.594s][info][gc,start    ] GC(21) Concurrent weak references
[14.594s][info][gc,task     ] GC(21) Using 1 of 3 workers for concurrent weak references
[14.594s][info][gc,ref      ] GC(21) Encountered references: Soft: 80, Weak: 360, Final: 3, Phantom: 49
[14.594s][info][gc,ref      ] GC(21) Discovered  references: Soft: 0, Weak: 125, Final: 1, Phantom: 34
[14.594s][info][gc,ref      ] GC(21) Enqueued    references: Soft: 0, Weak: 0, Final: 0, Phantom: 0
[14.594s][info][gc          ] GC(21) Concurrent weak references 0.122ms
[14.594s][info][gc,start    ] GC(21) Concurrent weak roots
[14.594s][info][gc,task     ] GC(21) Using 1 of 3 workers for concurrent weak root
[14.595s][info][gc          ] GC(21) Concurrent weak roots 1.075ms
[14.595s][info][gc,start    ] GC(21) Concurrent cleanup
[14.595s][info][gc          ] GC(21) Concurrent cleanup 529M->41M(2048M) 0.047ms
[14.595s][info][gc,ergo     ] GC(21) Free: 1903M, Max: 1024K regular, 754M humongous, Frag: 61% external, 0% internal; Reserve: 103M, Max: 1024K
[14.595s][info][gc,start    ] GC(21) Concurrent class unloading
[14.595s][info][gc,task     ] GC(21) Using 1 of 3 workers for concurrent class unloading
[14.598s][info][gc          ] GC(21) Concurrent class unloading 3.315ms
[14.598s][info][gc,start    ] GC(21) Pause Final Roots
[14.598s][info][gc          ] GC(21) Pause Final Roots 0.029ms
[14.598s][info][gc,ergo     ] Free: 1898M, Max: 1024K regular, 754M humongous, Frag: 61% external, 0% internal; Reserve: 103M, Max: 1024K
[14.599s][info][gc,stats    ] 
[14.599s][info][gc,stats    ] All times are wall-clock times, except per-root-class counters, that are sum over
[14.599s][info][gc,stats    ] all workers. Dividing the <total> over the root stage time estimates parallelism.
[14.599s][info][gc,stats    ] 
[14.599s][info][gc,stats    ] Concurrent Reset                    241 us
[14.599s][info][gc,stats    ] Pause Init Mark (G)                 333 us
[14.599s][info][gc,stats    ] Pause Init Mark (N)                 107 us
[14.599s][info][gc,stats    ]   Update Region States               37 us
[14.599s][info][gc,stats    ] Concurrent Mark Roots               533 us, parallelism: 0.83x
[14.599s][info][gc,stats    ]   CMR: <total>                      441 us
[14.599s][info][gc,stats    ]   CMR: Thread Roots                 405 us, workers (us): 405, ---, ---, 
[14.599s][info][gc,stats    ]   CMR: VM Strong Roots                4 us, workers (us):   4, ---, ---, 
[14.599s][info][gc,stats    ]   CMR: CLDG Roots                    33 us, workers (us):  33, ---, ---, 
[14.599s][info][gc,stats    ] Concurrent Marking                 4767 us
[14.599s][info][gc,stats    ] Pause Final Mark (G)               1704 us
[14.599s][info][gc,stats    ] Pause Final Mark (N)                188 us
[14.599s][info][gc,stats    ]   Finish Mark                        36 us
[14.599s][info][gc,stats    ]   Update Region States               47 us
[14.599s][info][gc,stats    ]   Choose Collection Set              40 us
[14.599s][info][gc,stats    ]   Rebuild Free Set                    8 us
[14.599s][info][gc,stats    ] Concurrent Weak References          132 us, parallelism: 0.07x
[14.599s][info][gc,stats    ]   CWRF: <total>                       9 us
[14.599s][info][gc,stats    ]   CWRF: Weak References               9 us, workers (us):   9, ---, ---, 
[14.599s][info][gc,stats    ] Concurrent Weak Roots              1106 us
[14.599s][info][gc,stats    ]   Roots                             937 us, parallelism: 0.95x
[14.599s][info][gc,stats    ]     CWR: <total>                    892 us
[14.599s][info][gc,stats    ]     CWR: Code Cache Roots           801 us, workers (us): 801, ---, ---, 
[14.599s][info][gc,stats    ]     CWR: VM Weak Roots               86 us, workers (us):  86, ---, ---, 
[14.599s][info][gc,stats    ]     CWR: CLDG Roots                   5 us, workers (us):   5, ---, ---, 
[14.599s][info][gc,stats    ]   Rendezvous                        117 us
[14.599s][info][gc,stats    ] Concurrent Cleanup                   58 us
[14.599s][info][gc,stats    ] Concurrent Class Unloading         3360 us
[14.599s][info][gc,stats    ]   Unlink Stale                     2928 us
[14.599s][info][gc,stats    ]     System Dictionary                 9 us
[14.599s][info][gc,stats    ]     Weak Class Links                  0 us
[14.599s][info][gc,stats    ]     Code Roots                     2918 us
[14.599s][info][gc,stats    ]   Rendezvous                        148 us
[14.599s][info][gc,stats    ]   Purge Unlinked                    212 us
[14.599s][info][gc,stats    ]     Code Roots                      208 us
[14.599s][info][gc,stats    ]     CLDG                              4 us
[14.599s][info][gc,stats    ]     Exception Caches                  0 us
[14.599s][info][gc,stats    ] Pause Final Roots (G)               199 us
[14.599s][info][gc,stats    ] Pause Final Roots (N)                39 us
[14.599s][info][gc,stats    ] 
[14.599s][info][gc,stats    ] Allocation pacing accrued:
[14.599s][info][gc,stats    ]       0 of   228 ms (  0.0%): <total>
[14.599s][info][gc,stats    ]       0 of   228 ms (  0.0%): <average total>
[14.599s][info][gc,stats    ] 
[14.599s][info][gc,metaspace] Metaspace: 8153K(8320K)->8153K(8320K) NonClass: 7186K(7296K)->7186K(7296K) Class: 966K(1024K)->966K(1024K)
[14.599s][info][gc,ergo     ] Pacer for Idle. Initial: 41943K, Alloc Tax Rate: 1.0x
[14.829s][info][gc          ] Trigger: Learning 5 of 5. Free (1421M) is below initial threshold (1433M)
[14.829s][info][gc,ergo     ] Free: 1421M, Max: 1024K regular, 754M humongous, Frag: 47% external, 0% internal; Reserve: 103M, Max: 1024K
[14.829s][info][gc,start    ] GC(22) Concurrent reset
[14.829s][info][gc,task     ] GC(22) Using 1 of 3 workers for concurrent reset
[14.829s][info][gc,ergo     ] GC(22) Pacer for Reset. Non-Taxable: 2048M
[14.829s][info][gc          ] GC(22) Concurrent reset 0.205ms
[14.829s][info][gc,start    ] GC(22) Pause Init Mark (unload classes)
[14.829s][info][gc,task     ] GC(22) Using 3 of 3 workers for init marking
[14.830s][info][gc,ergo     ] GC(22) Pacer for Mark. Expected Live: 4685K, Free: 1421M, Non-Taxable: 142M, Alloc Tax Rate: 0.0x
[14.830s][info][gc          ] GC(22) Pause Init Mark (unload classes) 0.118ms
[14.831s][info][gc,start    ] GC(22) Concurrent marking roots
[14.831s][info][gc,task     ] GC(22) Using 1 of 3 workers for concurrent marking roots
[14.831s][info][gc          ] GC(22) Concurrent marking roots 0.401ms
[14.831s][info][gc,start    ] GC(22) Concurrent marking (unload classes)
[14.831s][info][gc,task     ] GC(22) Using 1 of 3 workers for concurrent marking
[14.836s][info][gc          ] GC(22) Concurrent marking (unload classes) 4.851ms
[14.836s][info][gc,start    ] GC(22) Pause Final Mark (unload classes)
[14.836s][info][gc,task     ] GC(22) Using 3 of 3 workers for final marking
[14.836s][info][gc,ergo     ] GC(22) Collectable Garbage: 499M (96%), Immediate: 499M (96%), CSet: 0B (0%)
[14.836s][info][gc          ] GC(22) Pause Final Mark (unload classes) 0.184ms
[14.837s][info][gc,start    ] GC(22) Concurrent weak references
[14.837s][info][gc,task     ] GC(22) Using 1 of 3 workers for concurrent weak references
[14.837s][info][gc,ref      ] GC(22) Encountered references: Soft: 80, Weak: 363, Final: 3, Phantom: 49
[14.837s][info][gc,ref      ] GC(22) Discovered  references: Soft: 0, Weak: 125, Final: 1, Phantom: 34
[14.837s][info][gc,ref      ] GC(22) Enqueued    references: Soft: 0, Weak: 0, Final: 0, Phantom: 0
[14.837s][info][gc          ] GC(22) Concurrent weak references 0.086ms
[14.837s][info][gc,start    ] GC(22) Concurrent weak roots
[14.837s][info][gc,task     ] GC(22) Using 1 of 3 workers for concurrent weak root
[14.838s][info][gc          ] GC(22) Concurrent weak roots 1.084ms
[14.838s][info][gc,start    ] GC(22) Concurrent cleanup
[14.838s][info][gc          ] GC(22) Concurrent cleanup 538M->39M(2048M) 0.050ms
[14.838s][info][gc,ergo     ] GC(22) Free: 1905M, Max: 1024K regular, 754M humongous, Frag: 61% external, 0% internal; Reserve: 103M, Max: 1024K
[14.838s][info][gc,start    ] GC(22) Concurrent class unloading
[14.838s][info][gc,task     ] GC(22) Using 1 of 3 workers for concurrent class unloading
[14.842s][info][gc          ] GC(22) Concurrent class unloading 4.024ms
[14.842s][info][gc,start    ] GC(22) Pause Final Roots
[14.842s][info][gc          ] GC(22) Pause Final Roots 0.029ms
[14.844s][info][gc,ergo     ] Free: 1893M, Max: 1024K regular, 754M humongous, Frag: 61% external, 0% internal; Reserve: 103M, Max: 1024K
[14.844s][info][gc,stats    ] 
[14.844s][info][gc,stats    ] All times are wall-clock times, except per-root-class counters, that are sum over
[14.844s][info][gc,stats    ] all workers. Dividing the <total> over the root stage time estimates parallelism.
[14.844s][info][gc,stats    ] 
[14.844s][info][gc,stats    ] Concurrent Reset                    222 us
[14.844s][info][gc,stats    ] Pause Init Mark (G)                1418 us
[14.844s][info][gc,stats    ] Pause Init Mark (N)                 128 us
[14.844s][info][gc,stats    ]   Update Region States               48 us
[14.844s][info][gc,stats    ] Concurrent Mark Roots               419 us, parallelism: 0.76x
[14.844s][info][gc,stats    ]   CMR: <total>                      320 us
[14.844s][info][gc,stats    ]   CMR: Thread Roots                 288 us, workers (us): 288, ---, ---, 
[14.844s][info][gc,stats    ]   CMR: VM Strong Roots                4 us, workers (us):   4, ---, ---, 
[14.844s][info][gc,stats    ]   CMR: CLDG Roots                    28 us, workers (us):  28, ---, ---, 
[14.844s][info][gc,stats    ] Concurrent Marking                 4881 us
[14.844s][info][gc,stats    ] Pause Final Mark (G)                424 us
[14.844s][info][gc,stats    ] Pause Final Mark (N)                194 us
[14.844s][info][gc,stats    ]   Finish Mark                        46 us
[14.844s][info][gc,stats    ]   Update Region States               44 us
[14.844s][info][gc,stats    ]   Choose Collection Set              45 us
[14.844s][info][gc,stats    ]   Rebuild Free Set                    8 us
[14.844s][info][gc,stats    ] Concurrent Weak References           95 us, parallelism: 0.09x
[14.844s][info][gc,stats    ]   CWRF: <total>                       8 us
[14.844s][info][gc,stats    ]   CWRF: Weak References               8 us, workers (us):   8, ---, ---, 
[14.844s][info][gc,stats    ] Concurrent Weak Roots              1118 us
[14.844s][info][gc,stats    ]   Roots                             999 us, parallelism: 0.95x
[14.844s][info][gc,stats    ]     CWR: <total>                    950 us
[14.844s][info][gc,stats    ]     CWR: Code Cache Roots           877 us, workers (us): 877, ---, ---, 
[14.844s][info][gc,stats    ]     CWR: VM Weak Roots               69 us, workers (us):  69, ---, ---, 
[14.844s][info][gc,stats    ]     CWR: CLDG Roots                   4 us, workers (us):   4, ---, ---, 
[14.844s][info][gc,stats    ]   Rendezvous                         65 us
[14.844s][info][gc,stats    ] Concurrent Cleanup                   60 us
[14.844s][info][gc,stats    ] Concurrent Class Unloading         4060 us
[14.844s][info][gc,stats    ]   Unlink Stale                     3244 us
[14.844s][info][gc,stats    ]     System Dictionary                 5 us
[14.844s][info][gc,stats    ]     Weak Class Links                  0 us
[14.844s][info][gc,stats    ]     Code Roots                     3237 us
[14.844s][info][gc,stats    ]   Rendezvous                        538 us
[14.844s][info][gc,stats    ]   Purge Unlinked                    220 us
[14.844s][info][gc,stats    ]     Code Roots                      215 us
[14.844s][info][gc,stats    ]     CLDG                              4 us
[14.844s][info][gc,stats    ]     Exception Caches                  0 us
[14.844s][info][gc,stats    ] Pause Final Roots (G)              1903 us
[14.844s][info][gc,stats    ] Pause Final Roots (N)                39 us
[14.844s][info][gc,stats    ] 
[14.844s][info][gc,stats    ] Allocation pacing accrued:
[14.844s][info][gc,stats    ]       0 of   245 ms (  0.0%): <total>
[14.844s][info][gc,stats    ]       0 of   245 ms (  0.0%): <average total>
[14.844s][info][gc,stats    ] 
[14.844s][info][gc,metaspace] Metaspace: 8153K(8320K)->8153K(8320K) NonClass: 7186K(7296K)->7186K(7296K) Class: 966K(1024K)->966K(1024K)
[14.844s][info][gc,ergo     ] Pacer for Idle. Initial: 41943K, Alloc Tax Rate: 1.0x
[15.667s][info][gc          ] Trigger: Free (195M) is below minimum threshold (204M)
[15.667s][info][gc,ergo     ] Free: 195M, Max: 1024K regular, 195M humongous, Frag: 0% external, 0% internal; Reserve: 103M, Max: 1024K
[15.667s][info][gc,start    ] GC(23) Concurrent reset
[15.667s][info][gc,task     ] GC(23) Using 1 of 3 workers for concurrent reset
[15.667s][info][gc,ergo     ] GC(23) Pacer for Reset. Non-Taxable: 2048M
[15.667s][info][gc          ] GC(23) Concurrent reset 0.166ms
[15.668s][info][gc,start    ] GC(23) Pause Init Mark (unload classes)
[15.668s][info][gc,task     ] GC(23) Using 3 of 3 workers for init marking
[15.668s][info][gc,ergo     ] GC(23) Pacer for Mark. Expected Live: 4703K, Free: 195M, Non-Taxable: 19968K, Alloc Tax Rate: 0.0x
[15.668s][info][gc          ] GC(23) Pause Init Mark (unload classes) 0.104ms
[15.671s][info][gc,start    ] GC(23) Concurrent marking roots
[15.671s][info][gc,task     ] GC(23) Using 1 of 3 workers for concurrent marking roots
[15.671s][info][gc          ] GC(23) Concurrent marking roots 0.463ms
[15.671s][info][gc,start    ] GC(23) Concurrent marking (unload classes)
[15.671s][info][gc,task     ] GC(23) Using 1 of 3 workers for concurrent marking
[15.677s][info][gc          ] GC(23) Concurrent marking (unload classes) 5.571ms
[15.677s][info][gc,start    ] GC(23) Pause Final Mark (unload classes)
[15.677s][info][gc,task     ] GC(23) Using 3 of 3 workers for final marking
[15.677s][info][gc,ergo     ] GC(23) Collectable Garbage: 1707M (97%), Immediate: 1707M (97%), CSet: 0B (0%)
[15.677s][info][gc          ] GC(23) Pause Final Mark (unload classes) 0.177ms
[15.680s][info][gc,start    ] GC(23) Concurrent weak references
[15.680s][info][gc,task     ] GC(23) Using 1 of 3 workers for concurrent weak references
[15.680s][info][gc,ref      ] GC(23) Encountered references: Soft: 80, Weak: 363, Final: 3, Phantom: 49
[15.680s][info][gc,ref      ] GC(23) Discovered  references: Soft: 0, Weak: 125, Final: 1, Phantom: 31
[15.680s][info][gc,ref      ] GC(23) Enqueued    references: Soft: 0, Weak: 0, Final: 0, Phantom: 0
[15.680s][info][gc          ] GC(23) Concurrent weak references 0.121ms
[15.680s][info][gc,start    ] GC(23) Concurrent weak roots
[15.680s][info][gc,task     ] GC(23) Using 1 of 3 workers for concurrent weak root
[15.692s][info][gc          ] GC(23) Concurrent weak roots 11.140ms
[15.692s][info][gc,start    ] GC(23) Concurrent cleanup
[15.692s][info][gc          ] GC(23) Concurrent cleanup 1791M->83M(2048M) 0.103ms
[15.692s][info][gc,ergo     ] GC(23) Free: 1861M, Max: 1024K regular, 556M humongous, Frag: 71% external, 0% internal; Reserve: 103M, Max: 1024K
[15.692s][info][gc,start    ] GC(23) Concurrent class unloading
[15.692s][info][gc,task     ] GC(23) Using 1 of 3 workers for concurrent class unloading
[15.695s][info][gc          ] GC(23) Concurrent class unloading 3.334ms
[15.695s][info][gc,start    ] GC(23) Pause Final Roots
[15.695s][info][gc          ] GC(23) Pause Final Roots 0.028ms
[15.697s][info][gc,ergo     ] Free: 1851M, Max: 1024K regular, 556M humongous, Frag: 70% external, 0% internal; Reserve: 103M, Max: 1024K
[15.697s][info][gc,stats    ] 
[15.697s][info][gc,stats    ] All times are wall-clock times, except per-root-class counters, that are sum over
[15.697s][info][gc,stats    ] all workers. Dividing the <total> over the root stage time estimates parallelism.
[15.697s][info][gc,stats    ] 
[15.697s][info][gc,stats    ] Concurrent Reset                    185 us
[15.697s][info][gc,stats    ] Pause Init Mark (G)                3091 us
[15.697s][info][gc,stats    ] Pause Init Mark (N)                 120 us
[15.697s][info][gc,stats    ]   Update Region States               39 us
[15.697s][info][gc,stats    ] Concurrent Mark Roots               482 us, parallelism: 0.76x
[15.697s][info][gc,stats    ]   CMR: <total>                      366 us
[15.697s][info][gc,stats    ]   CMR: Thread Roots                 330 us, workers (us): 330, ---, ---, 
[15.697s][info][gc,stats    ]   CMR: VM Strong Roots                4 us, workers (us):   4, ---, ---, 
[15.697s][info][gc,stats    ]   CMR: CLDG Roots                    32 us, workers (us):  32, ---, ---, 
[15.697s][info][gc,stats    ] Concurrent Marking                 5607 us
[15.697s][info][gc,stats    ] Pause Final Mark (G)               3651 us
[15.697s][info][gc,stats    ] Pause Final Mark (N)                189 us
[15.697s][info][gc,stats    ]   Finish Mark                        44 us
[15.697s][info][gc,stats    ]   Update Region States               34 us
[15.697s][info][gc,stats    ]   Choose Collection Set              49 us
[15.697s][info][gc,stats    ]   Rebuild Free Set                    8 us
[15.697s][info][gc,stats    ] Concurrent Weak References          130 us, parallelism: 0.09x
[15.697s][info][gc,stats    ]   CWRF: <total>                      12 us
[15.697s][info][gc,stats    ]   CWRF: Weak References              12 us, workers (us):  12, ---, ---, 
[15.697s][info][gc,stats    ] Concurrent Weak Roots             11180 us
[15.697s][info][gc,stats    ]   Roots                             993 us, parallelism: 0.94x
[15.697s][info][gc,stats    ]     CWR: <total>                    936 us
[15.697s][info][gc,stats    ]     CWR: Code Cache Roots           850 us, workers (us): 850, ---, ---, 
[15.697s][info][gc,stats    ]     CWR: VM Weak Roots               79 us, workers (us):  79, ---, ---, 
[15.697s][info][gc,stats    ]     CWR: CLDG Roots                   7 us, workers (us):   7, ---, ---, 
[15.697s][info][gc,stats    ]   Rendezvous                      10126 us
[15.697s][info][gc,stats    ] Concurrent Cleanup                  114 us
[15.697s][info][gc,stats    ] Concurrent Class Unloading         3370 us
[15.697s][info][gc,stats    ]   Unlink Stale                     3000 us
[15.697s][info][gc,stats    ]     System Dictionary                 7 us
[15.697s][info][gc,stats    ]     Weak Class Links                  0 us
[15.697s][info][gc,stats    ]     Code Roots                     2992 us
[15.697s][info][gc,stats    ]   Rendezvous                         95 us
[15.697s][info][gc,stats    ]   Purge Unlinked                    217 us
[15.697s][info][gc,stats    ]     Code Roots                      210 us
[15.697s][info][gc,stats    ]     CLDG                              7 us
[15.697s][info][gc,stats    ]     Exception Caches                  0 us
[15.697s][info][gc,stats    ] Pause Final Roots (G)              1668 us
[15.697s][info][gc,stats    ] Pause Final Roots (N)                37 us
[15.697s][info][gc,stats    ] 
[15.697s][info][gc,stats    ] Allocation pacing accrued:
[15.697s][info][gc,stats    ]       0 of   853 ms (  0.0%): <total>
[15.697s][info][gc,stats    ]       0 of   853 ms (  0.0%): <average total>
[15.697s][info][gc,stats    ] 
[15.697s][info][gc,metaspace] Metaspace: 8153K(8320K)->8153K(8320K) NonClass: 7186K(7296K)->7186K(7296K) Class: 966K(1024K)->966K(1024K)
[15.697s][info][gc,ergo     ] Pacer for Idle. Initial: 41943K, Alloc Tax Rate: 1.0x
[16.286s][info][gc          ] Trigger: Explicit GC request (System.gc())
[16.286s][info][gc,ergo     ] Free: 729M, Max: 1024K regular, 420M humongous, Frag: 43% external, 0% internal; Reserve: 103M, Max: 1024K
[16.286s][info][gc,start    ] GC(24) Concurrent reset
[16.286s][info][gc,task     ] GC(24) Using 1 of 3 workers for concurrent reset
[16.286s][info][gc,ergo     ] GC(24) Pacer for Reset. Non-Taxable: 2048M
[16.286s][info][gc          ] GC(24) Concurrent reset 0.522ms
[16.286s][info][gc,start    ] GC(24) Pause Init Mark (unload classes)
[16.286s][info][gc,task     ] GC(24) Using 3 of 3 workers for init marking
[16.286s][info][gc,ref      ] GC(24) Clearing All SoftReferences
[16.286s][info][gc,ergo     ] GC(24) Pacer for Mark. Expected Live: 4978K, Free: 729M, Non-Taxable: 74744K, Alloc Tax Rate: 0.0x
[16.286s][info][gc          ] GC(24) Pause Init Mark (unload classes) 0.107ms
[16.286s][info][gc,start    ] GC(24) Concurrent marking roots
[16.286s][info][gc,task     ] GC(24) Using 1 of 3 workers for concurrent marking roots
[16.287s][info][gc          ] GC(24) Concurrent marking roots 0.305ms
[16.287s][info][gc,start    ] GC(24) Concurrent marking (unload classes)
[16.287s][info][gc,task     ] GC(24) Using 1 of 3 workers for concurrent marking
[16.290s][info][gc          ] GC(24) Concurrent marking (unload classes) 3.414ms
[16.290s][info][gc,start    ] GC(24) Pause Final Mark (unload classes)
[16.290s][info][gc,task     ] GC(24) Using 3 of 3 workers for final marking
[16.290s][info][gc,ergo     ] GC(24) Collectable Garbage: 1190M (98%), Immediate: 1190M (98%), CSet: 0B (0%)
[16.290s][info][gc          ] GC(24) Pause Final Mark (unload classes) 0.286ms
[16.291s][info][gc,start    ] GC(24) Concurrent weak references
[16.291s][info][gc,task     ] GC(24) Using 1 of 3 workers for concurrent weak references
[16.291s][info][gc,ref      ] GC(24) Encountered references: Soft: 79, Weak: 352, Final: 3, Phantom: 47
[16.291s][info][gc,ref      ] GC(24) Discovered  references: Soft: 46, Weak: 140, Final: 1, Phantom: 38
[16.291s][info][gc,ref      ] GC(24) Enqueued    references: Soft: 4, Weak: 0, Final: 0, Phantom: 6
[16.291s][info][gc          ] GC(24) Concurrent weak references 0.163ms
[16.291s][info][gc,start    ] GC(24) Concurrent weak roots
[16.291s][info][gc,task     ] GC(24) Using 1 of 3 workers for concurrent weak root
[16.292s][info][gc          ] GC(24) Concurrent weak roots 0.922ms
[16.292s][info][gc,start    ] GC(24) Concurrent cleanup
[16.292s][info][gc          ] GC(24) Concurrent cleanup 1215M->24M(2048M) 0.076ms
[16.292s][info][gc,ergo     ] GC(24) Free: 1920M, Max: 1024K regular, 685M humongous, Frag: 65% external, 0% internal; Reserve: 103M, Max: 1024K
[16.292s][info][gc,start    ] GC(24) Concurrent class unloading
[16.292s][info][gc,task     ] GC(24) Using 1 of 3 workers for concurrent class unloading
[16.297s][info][gc          ] GC(24) Concurrent class unloading 4.747ms
[16.297s][info][gc,start    ] GC(24) Pause Final Roots
[16.297s][info][gc          ] GC(24) Pause Final Roots 0.049ms
[16.297s][info][gc,ergo     ] Free: 1920M, Max: 1024K regular, 685M humongous, Frag: 65% external, 0% internal; Reserve: 103M, Max: 1024K
[16.297s][info][gc,stats    ] 
[16.297s][info][gc,stats    ] All times are wall-clock times, except per-root-class counters, that are sum over
[16.297s][info][gc,stats    ] all workers. Dividing the <total> over the root stage time estimates parallelism.
[16.297s][info][gc,stats    ] 
[16.297s][info][gc,stats    ] Concurrent Reset                    561 us
[16.297s][info][gc,stats    ] Pause Init Mark (G)                 158 us
[16.297s][info][gc,stats    ] Pause Init Mark (N)                 115 us
[16.297s][info][gc,stats    ]   Update Region States               56 us
[16.297s][info][gc,stats    ] Concurrent Mark Roots               314 us, parallelism: 0.82x
[16.297s][info][gc,stats    ]   CMR: <total>                      258 us
[16.297s][info][gc,stats    ]   CMR: Thread Roots                 227 us, workers (us): 227, ---, ---, 
[16.297s][info][gc,stats    ]   CMR: VM Strong Roots                3 us, workers (us):   3, ---, ---, 
[16.297s][info][gc,stats    ]   CMR: CLDG Roots                    28 us, workers (us):  28, ---, ---, 
[16.297s][info][gc,stats    ] Concurrent Marking                 3438 us
[16.297s][info][gc,stats    ] Pause Final Mark (G)                363 us
[16.297s][info][gc,stats    ] Pause Final Mark (N)                305 us
[16.297s][info][gc,stats    ]   Finish Mark                       102 us
[16.297s][info][gc,stats    ]   Update Region States               51 us
[16.297s][info][gc,stats    ]   Choose Collection Set              73 us
[16.297s][info][gc,stats    ]   Rebuild Free Set                   17 us
[16.297s][info][gc,stats    ] Concurrent Weak References          179 us, parallelism: 0.07x
[16.297s][info][gc,stats    ]   CWRF: <total>                      12 us
[16.297s][info][gc,stats    ]   CWRF: Weak References              12 us, workers (us):  12, ---, ---, 
[16.297s][info][gc,stats    ] Concurrent Weak Roots               953 us
[16.297s][info][gc,stats    ]   Roots                             832 us, parallelism: 0.96x
[16.297s][info][gc,stats    ]     CWR: <total>                    800 us
[16.297s][info][gc,stats    ]     CWR: Code Cache Roots           730 us, workers (us): 730, ---, ---, 
[16.297s][info][gc,stats    ]     CWR: VM Weak Roots               66 us, workers (us):  66, ---, ---, 
[16.297s][info][gc,stats    ]     CWR: CLDG Roots                   4 us, workers (us):   4, ---, ---, 
[16.297s][info][gc,stats    ]   Rendezvous                         58 us
[16.297s][info][gc,stats    ] Concurrent Cleanup                   85 us
[16.297s][info][gc,stats    ] Concurrent Class Unloading         4798 us
[16.297s][info][gc,stats    ]   Unlink Stale                     4471 us
[16.297s][info][gc,stats    ]     System Dictionary                61 us
[16.297s][info][gc,stats    ]     Weak Class Links               1478 us
[16.297s][info][gc,stats    ]     Code Roots                     2931 us
[16.297s][info][gc,stats    ]   Rendezvous                         79 us
[16.297s][info][gc,stats    ]   Purge Unlinked                    177 us
[16.297s][info][gc,stats    ]     Code Roots                      155 us
[16.297s][info][gc,stats    ]     CLDG                             21 us
[16.297s][info][gc,stats    ]     Exception Caches                  0 us
[16.297s][info][gc,stats    ] Pause Final Roots (G)               148 us
[16.297s][info][gc,stats    ] Pause Final Roots (N)                67 us
[16.297s][info][gc,stats    ] 
[16.297s][info][gc,stats    ] Allocation pacing accrued:
[16.297s][info][gc,stats    ]       0 of   600 ms (  0.0%): <total>
[16.297s][info][gc,stats    ]       0 of   600 ms (  0.0%): <average total>
[16.297s][info][gc,stats    ] 
[16.297s][info][gc,metaspace] Metaspace: 8153K(8320K)->8150K(8320K) NonClass: 7186K(7296K)->7184K(7296K) Class: 966K(1024K)->966K(1024K)
[16.297s][info][gc,ergo     ] Pacer for Idle. Initial: 41943K, Alloc Tax Rate: 1.0x
[16.543s][info][gc          ] Trigger: Learning 2 of 5. Free (1432M) is below initial threshold (1433M)
[16.543s][info][gc,ergo     ] Free: 1432M, Max: 1024K regular, 685M humongous, Frag: 53% external, 0% internal; Reserve: 103M, Max: 1024K
[16.543s][info][gc,start    ] GC(25) Concurrent reset
[16.543s][info][gc,task     ] GC(25) Using 1 of 3 workers for concurrent reset
[16.543s][info][gc,ergo     ] GC(25) Pacer for Reset. Non-Taxable: 2048M
[16.543s][info][gc          ] GC(25) Concurrent reset 0.223ms
[16.543s][info][gc,start    ] GC(25) Pause Init Mark (unload classes)
[16.543s][info][gc,task     ] GC(25) Using 3 of 3 workers for init marking
[16.543s][info][gc,ergo     ] GC(25) Pacer for Mark. Expected Live: 4658K, Free: 1432M, Non-Taxable: 143M, Alloc Tax Rate: 0.0x
[16.543s][info][gc          ] GC(25) Pause Init Mark (unload classes) 0.102ms
[16.547s][info][gc,start    ] GC(25) Concurrent marking roots
[16.547s][info][gc,task     ] GC(25) Using 1 of 3 workers for concurrent marking roots
[16.548s][info][gc          ] GC(25) Concurrent marking roots 0.397ms
[16.548s][info][gc,start    ] GC(25) Concurrent marking (unload classes)
[16.548s][info][gc,task     ] GC(25) Using 1 of 3 workers for concurrent marking
[16.553s][info][gc          ] GC(25) Concurrent marking (unload classes) 5.592ms
[16.553s][info][gc,start    ] GC(25) Pause Final Mark (unload classes)
[16.553s][info][gc,task     ] GC(25) Using 3 of 3 workers for final marking
[16.553s][info][gc,ergo     ] GC(25) Adaptive CSet Selection. Target Free: 290M, Actual Free: 1938M, Max CSet: 87381K, Min Garbage: 0B
[16.553s][info][gc,ergo     ] GC(25) Collectable Garbage: 506M (99%), Immediate: 423M (83%), CSet: 85864K (16%)
[16.553s][info][gc,ergo     ] GC(25) Pacer for Evacuation. Used CSet: 88064K, Free: 1835M, Non-Taxable: 183M, Alloc Tax Rate: 1.1x
[16.553s][info][gc          ] GC(25) Pause Final Mark (unload classes) 0.198ms
[16.555s][info][gc,start    ] GC(25) Concurrent thread roots
[16.555s][info][gc,task     ] GC(25) Using 1 of 3 workers for Concurrent thread roots
[16.556s][info][gc          ] GC(25) Concurrent thread roots 0.398ms
[16.556s][info][gc,start    ] GC(25) Concurrent weak references
[16.556s][info][gc,task     ] GC(25) Using 1 of 3 workers for concurrent weak references
[16.556s][info][gc,ref      ] GC(25) Encountered references: Soft: 80, Weak: 364, Final: 3, Phantom: 49
[16.556s][info][gc,ref      ] GC(25) Discovered  references: Soft: 0, Weak: 125, Final: 1, Phantom: 30
[16.556s][info][gc,ref      ] GC(25) Enqueued    references: Soft: 0, Weak: 0, Final: 0, Phantom: 0
[16.556s][info][gc          ] GC(25) Concurrent weak references 0.080ms
[16.556s][info][gc,start    ] GC(25) Concurrent weak roots
[16.556s][info][gc,task     ] GC(25) Using 1 of 3 workers for concurrent weak root
[16.557s][info][gc          ] GC(25) Concurrent weak roots 1.288ms
[16.557s][info][gc,start    ] GC(25) Concurrent cleanup
[16.557s][info][gc          ] GC(25) Concurrent cleanup 538M->115M(2048M) 0.060ms
[16.557s][info][gc,ergo     ] GC(25) Free: 1829M, Max: 1024K regular, 685M humongous, Frag: 63% external, 0% internal; Reserve: 102M, Max: 1024K
[16.557s][info][gc,start    ] GC(25) Concurrent class unloading
[16.557s][info][gc,task     ] GC(25) Using 1 of 3 workers for concurrent class unloading
[16.567s][info][gc          ] GC(25) Concurrent class unloading 10.098ms
[16.567s][info][gc,start    ] GC(25) Concurrent strong roots
[16.567s][info][gc,task     ] GC(25) Using 1 of 3 workers for concurrent strong root
[16.567s][info][gc          ] GC(25) Concurrent strong roots 0.098ms
[16.567s][info][gc,start    ] GC(25) Concurrent evacuation
[16.567s][info][gc,task     ] GC(25) Using 1 of 3 workers for concurrent evacuation
[16.569s][info][gc          ] GC(25) Concurrent evacuation 1.251ms
[16.569s][info][gc,start    ] GC(25) Pause Init Update Refs
[16.569s][info][gc,ergo     ] GC(25) Pacer for Update Refs. Used: 133M, Free: 1813M, Non-Taxable: 181M, Alloc Tax Rate: 1.1x
[16.569s][info][gc          ] GC(25) Pause Init Update Refs 0.048ms
[16.571s][info][gc,start    ] GC(25) Concurrent update references
[16.571s][info][gc,task     ] GC(25) Using 1 of 3 workers for concurrent reference update
[16.578s][info][gc          ] GC(25) Concurrent update references 6.589ms
[16.578s][info][gc,start    ] GC(25) Concurrent update thread roots
[16.578s][info][gc          ] GC(25) Concurrent update thread roots 0.483ms
[16.578s][info][gc,start    ] GC(25) Pause Final Update Refs
[16.578s][info][gc,task     ] GC(25) Using 3 of 3 workers for final reference update
[16.578s][info][gc          ] GC(25) Pause Final Update Refs 0.095ms
[16.579s][info][gc,start    ] GC(25) Concurrent cleanup
[16.579s][info][gc          ] GC(25) Concurrent cleanup 146M->61M(2048M) 0.030ms
[16.579s][info][gc,ergo     ] Free: 1883M, Max: 1024K regular, 796M humongous, Frag: 58% external, 0% internal; Reserve: 103M, Max: 1024K
[16.579s][info][gc,stats    ] 
[16.579s][info][gc,stats    ] All times are wall-clock times, except per-root-class counters, that are sum over
[16.579s][info][gc,stats    ] all workers. Dividing the <total> over the root stage time estimates parallelism.
[16.579s][info][gc,stats    ] 
[16.579s][info][gc,stats    ] Concurrent Reset                    245 us
[16.579s][info][gc,stats    ] Pause Init Mark (G)                4025 us
[16.579s][info][gc,stats    ] Pause Init Mark (N)                 111 us
[16.579s][info][gc,stats    ]   Update Region States               39 us
[16.579s][info][gc,stats    ] Concurrent Mark Roots               419 us, parallelism: 0.72x
[16.579s][info][gc,stats    ]   CMR: <total>                      301 us
[16.579s][info][gc,stats    ]   CMR: Thread Roots                 265 us, workers (us): 265, ---, ---, 
[16.579s][info][gc,stats    ]   CMR: VM Strong Roots                4 us, workers (us):   4, ---, ---, 
[16.579s][info][gc,stats    ]   CMR: CLDG Roots                    33 us, workers (us):  33, ---, ---, 
[16.579s][info][gc,stats    ] Concurrent Marking                 5625 us
[16.579s][info][gc,stats    ] Pause Final Mark (G)               2049 us
[16.579s][info][gc,stats    ] Pause Final Mark (N)                207 us
[16.579s][info][gc,stats    ]   Finish Mark                        48 us
[16.579s][info][gc,stats    ]   Update Region States               37 us
[16.579s][info][gc,stats    ]   Choose Collection Set              65 us
[16.579s][info][gc,stats    ]   Rebuild Free Set                    8 us
[16.579s][info][gc,stats    ] Concurrent Thread Roots             422 us, parallelism: 0.75x
[16.579s][info][gc,stats    ]   CTR: <total>                      315 us
[16.579s][info][gc,stats    ]   CTR: Thread Roots                 315 us, workers (us): 315, ---, ---, 
[16.579s][info][gc,stats    ] Concurrent Weak References           89 us, parallelism: 0.16x
[16.579s][info][gc,stats    ]   CWRF: <total>                      14 us
[16.579s][info][gc,stats    ]   CWRF: Weak References              14 us, workers (us):  14, ---, ---, 
[16.579s][info][gc,stats    ] Concurrent Weak Roots              1322 us
[16.579s][info][gc,stats    ]   Roots                            1015 us, parallelism: 0.94x
[16.579s][info][gc,stats    ]     CWR: <total>                    952 us
[16.579s][info][gc,stats    ]     CWR: Code Cache Roots           835 us, workers (us): 835, ---, ---, 
[16.579s][info][gc,stats    ]     CWR: VM Weak Roots              112 us, workers (us): 112, ---, ---, 
[16.579s][info][gc,stats    ]     CWR: CLDG Roots                   6 us, workers (us):   6, ---, ---, 
[16.579s][info][gc,stats    ]   Rendezvous                        250 us
[16.579s][info][gc,stats    ] Concurrent Cleanup                   75 us
[16.579s][info][gc,stats    ] Concurrent Class Unloading        10135 us
[16.579s][info][gc,stats    ]   Unlink Stale                     3174 us
[16.579s][info][gc,stats    ]     System Dictionary                 9 us
[16.579s][info][gc,stats    ]     Weak Class Links                  0 us
[16.579s][info][gc,stats    ]     Code Roots                     3164 us
[16.579s][info][gc,stats    ]   Rendezvous                       6640 us
[16.579s][info][gc,stats    ]   Purge Unlinked                    261 us
[16.579s][info][gc,stats    ]     Code Roots                      244 us
[16.579s][info][gc,stats    ]     CLDG                             17 us
[16.579s][info][gc,stats    ]     Exception Caches                  0 us
[16.579s][info][gc,stats    ] Concurrent Strong Roots             115 us, parallelism: 0.44x
[16.579s][info][gc,stats    ]   CSR: <total>                       50 us
[16.579s][info][gc,stats    ]   CSR: VM Strong Roots                3 us, workers (us):   3, ---, ---, 
[16.579s][info][gc,stats    ]   CSR: CLDG Roots                    47 us, workers (us):  47, ---, ---, 
[16.579s][info][gc,stats    ] Concurrent Evacuation              1284 us
[16.579s][info][gc,stats    ] Pause Init Update Refs (G)         2427 us
[16.579s][info][gc,stats    ] Pause Init Update Refs (N)           57 us
[16.579s][info][gc,stats    ]   Manage GCLABs                       5 us
[16.579s][info][gc,stats    ] Concurrent Update Refs             6628 us
[16.579s][info][gc,stats    ] Concurrent Update Thread Roots      511 us
[16.579s][info][gc,stats    ] Pause Final Update Refs (G)         323 us
[16.579s][info][gc,stats    ] Pause Final Update Refs (N)         120 us
[16.579s][info][gc,stats    ]   Update Region States               45 us
[16.579s][info][gc,stats    ]   Trash Collection Set                6 us
[16.579s][info][gc,stats    ]   Rebuild Free Set                   14 us
[16.579s][info][gc,stats    ] Concurrent Cleanup                   40 us
[16.579s][info][gc,stats    ] 
[16.579s][info][gc,stats    ] Allocation pacing accrued:
[16.579s][info][gc,stats    ]       0 of   282 ms (  0.0%): <total>
[16.579s][info][gc,stats    ]       0 of   282 ms (  0.0%): <average total>
[16.579s][info][gc,stats    ] 
[16.579s][info][gc,metaspace] Metaspace: 8153K(8320K)->8153K(8320K) NonClass: 7186K(7296K)->7186K(7296K) Class: 966K(1024K)->966K(1024K)
[16.579s][info][gc,ergo     ] Pacer for Idle. Initial: 41943K, Alloc Tax Rate: 1.0x
[16.802s][info][gc          ] Trigger: Learning 3 of 5. Free (1421M) is below initial threshold (1433M)
[16.802s][info][gc,ergo     ] Free: 1421M, Max: 1024K regular, 796M humongous, Frag: 44% external, 0% internal; Reserve: 103M, Max: 1024K
[16.802s][info][gc,start    ] GC(26) Concurrent reset
[16.802s][info][gc,task     ] GC(26) Using 1 of 3 workers for concurrent reset
[16.802s][info][gc,ergo     ] GC(26) Pacer for Reset. Non-Taxable: 2048M
[16.802s][info][gc          ] GC(26) Concurrent reset 0.472ms
[16.802s][info][gc,start    ] GC(26) Pause Init Mark (unload classes)
[16.802s][info][gc,task     ] GC(26) Using 3 of 3 workers for init marking
[16.802s][info][gc,ergo     ] GC(26) Pacer for Mark. Expected Live: 4662K, Free: 1420M, Non-Taxable: 142M, Alloc Tax Rate: 0.0x
[16.802s][info][gc          ] GC(26) Pause Init Mark (unload classes) 0.131ms
[16.804s][info][gc,start    ] GC(26) Concurrent marking roots
[16.804s][info][gc,task     ] GC(26) Using 1 of 3 workers for concurrent marking roots
[16.804s][info][gc          ] GC(26) Concurrent marking roots 0.477ms
[16.804s][info][gc,start    ] GC(26) Concurrent marking (unload classes)
[16.804s][info][gc,task     ] GC(26) Using 1 of 3 workers for concurrent marking
[16.809s][info][gc          ] GC(26) Concurrent marking (unload classes) 5.024ms
[16.810s][info][gc,start    ] GC(26) Pause Final Mark (unload classes)
[16.810s][info][gc,task     ] GC(26) Using 3 of 3 workers for final marking
[16.810s][info][gc,ergo     ] GC(26) Collectable Garbage: 498M (96%), Immediate: 498M (96%), CSet: 0B (0%)
[16.810s][info][gc          ] GC(26) Pause Final Mark (unload classes) 0.155ms
[16.810s][info][gc,start    ] GC(26) Concurrent weak references
[16.810s][info][gc,task     ] GC(26) Using 1 of 3 workers for concurrent weak references
[16.810s][info][gc,ref      ] GC(26) Encountered references: Soft: 80, Weak: 363, Final: 3, Phantom: 49
[16.810s][info][gc,ref      ] GC(26) Discovered  references: Soft: 0, Weak: 125, Final: 1, Phantom: 32
[16.810s][info][gc,ref      ] GC(26) Enqueued    references: Soft: 0, Weak: 0, Final: 0, Phantom: 0
[16.810s][info][gc          ] GC(26) Concurrent weak references 0.088ms
[16.810s][info][gc,start    ] GC(26) Concurrent weak roots
[16.810s][info][gc,task     ] GC(26) Using 1 of 3 workers for concurrent weak root
[16.811s][info][gc          ] GC(26) Concurrent weak roots 1.346ms
[16.811s][info][gc,start    ] GC(26) Concurrent cleanup
[16.811s][info][gc          ] GC(26) Concurrent cleanup 540M->41M(2048M) 0.063ms
[16.811s][info][gc,ergo     ] GC(26) Free: 1902M, Max: 1024K regular, 796M humongous, Frag: 59% external, 0% internal; Reserve: 103M, Max: 1024K
[16.811s][info][gc,start    ] GC(26) Concurrent class unloading
[16.811s][info][gc,task     ] GC(26) Using 1 of 3 workers for concurrent class unloading
[16.815s][info][gc          ] GC(26) Concurrent class unloading 3.489ms
[16.815s][info][gc,start    ] GC(26) Pause Final Roots
[16.815s][info][gc          ] GC(26) Pause Final Roots 0.030ms
[16.816s][info][gc,ergo     ] Free: 1895M, Max: 1024K regular, 796M humongous, Frag: 58% external, 0% internal; Reserve: 103M, Max: 1024K
[16.816s][info][gc,stats    ] 
[16.816s][info][gc,stats    ] All times are wall-clock times, except per-root-class counters, that are sum over
[16.816s][info][gc,stats    ] all workers. Dividing the <total> over the root stage time estimates parallelism.
[16.816s][info][gc,stats    ] 
[16.816s][info][gc,stats    ] Concurrent Reset                    504 us
[16.816s][info][gc,stats    ] Pause Init Mark (G)                1776 us
[16.816s][info][gc,stats    ] Pause Init Mark (N)                 142 us
[16.816s][info][gc,stats    ]   Update Region States               53 us
[16.816s][info][gc,stats    ] Concurrent Mark Roots               515 us, parallelism: 0.74x
[16.816s][info][gc,stats    ]   CMR: <total>                      380 us
[16.816s][info][gc,stats    ]   CMR: Thread Roots                 340 us, workers (us): 340, ---, ---, 
[16.816s][info][gc,stats    ]   CMR: VM Strong Roots                5 us, workers (us):   5, ---, ---, 
[16.816s][info][gc,stats    ]   CMR: CLDG Roots                    35 us, workers (us):  35, ---, ---, 
[16.816s][info][gc,stats    ] Concurrent Marking                 5052 us
[16.816s][info][gc,stats    ] Pause Final Mark (G)                436 us
[16.816s][info][gc,stats    ] Pause Final Mark (N)                165 us
[16.816s][info][gc,stats    ]   Finish Mark                        42 us
[16.816s][info][gc,stats    ]   Update Region States               33 us
[16.816s][info][gc,stats    ]   Choose Collection Set              33 us
[16.816s][info][gc,stats    ]   Rebuild Free Set                    8 us
[16.816s][info][gc,stats    ] Concurrent Weak References           97 us, parallelism: 0.09x
[16.816s][info][gc,stats    ]   CWRF: <total>                       9 us
[16.816s][info][gc,stats    ]   CWRF: Weak References               9 us, workers (us):   9, ---, ---, 
[16.816s][info][gc,stats    ] Concurrent Weak Roots              1376 us
[16.816s][info][gc,stats    ]   Roots                            1055 us, parallelism: 0.95x
[16.816s][info][gc,stats    ]     CWR: <total>                    999 us
[16.816s][info][gc,stats    ]     CWR: Code Cache Roots           907 us, workers (us): 907, ---, ---, 
[16.816s][info][gc,stats    ]     CWR: VM Weak Roots               86 us, workers (us):  86, ---, ---, 
[16.816s][info][gc,stats    ]     CWR: CLDG Roots                   6 us, workers (us):   6, ---, ---, 
[16.816s][info][gc,stats    ]   Rendezvous                        272 us
[16.816s][info][gc,stats    ] Concurrent Cleanup                   74 us
[16.816s][info][gc,stats    ] Concurrent Class Unloading         3521 us
[16.816s][info][gc,stats    ]   Unlink Stale                     3063 us
[16.816s][info][gc,stats    ]     System Dictionary                 7 us
[16.816s][info][gc,stats    ]     Weak Class Links                  0 us
[16.816s][info][gc,stats    ]     Code Roots                     3054 us
[16.816s][info][gc,stats    ]   Rendezvous                        161 us
[16.816s][info][gc,stats    ]   Purge Unlinked                    242 us
[16.816s][info][gc,stats    ]     Code Roots                      237 us
[16.816s][info][gc,stats    ]     CLDG                              5 us
[16.816s][info][gc,stats    ]     Exception Caches                  0 us
[16.816s][info][gc,stats    ] Pause Final Roots (G)               455 us
[16.816s][info][gc,stats    ] Pause Final Roots (N)                40 us
[16.816s][info][gc,stats    ] 
[16.816s][info][gc,stats    ] Allocation pacing accrued:
[16.816s][info][gc,stats    ]       0 of   237 ms (  0.0%): <total>
[16.816s][info][gc,stats    ]       0 of   237 ms (  0.0%): <average total>
[16.816s][info][gc,stats    ] 
[16.816s][info][gc,metaspace] Metaspace: 8153K(8320K)->8153K(8320K) NonClass: 7186K(7296K)->7186K(7296K) Class: 966K(1024K)->966K(1024K)
[16.816s][info][gc,ergo     ] Pacer for Idle. Initial: 41943K, Alloc Tax Rate: 1.0x
[17.035s][info][gc          ] Trigger: Learning 4 of 5. Free (1432M) is below initial threshold (1433M)
[17.035s][info][gc,ergo     ] Free: 1432M, Max: 1024K regular, 796M humongous, Frag: 45% external, 0% internal; Reserve: 103M, Max: 1024K
[17.035s][info][gc,start    ] GC(27) Concurrent reset
[17.035s][info][gc,task     ] GC(27) Using 1 of 3 workers for concurrent reset
[17.035s][info][gc,ergo     ] GC(27) Pacer for Reset. Non-Taxable: 2048M
[17.035s][info][gc          ] GC(27) Concurrent reset 0.235ms
[17.036s][info][gc,start    ] GC(27) Pause Init Mark (unload classes)
[17.036s][info][gc,task     ] GC(27) Using 3 of 3 workers for init marking
[17.036s][info][gc,ergo     ] GC(27) Pacer for Mark. Expected Live: 4778K, Free: 1431M, Non-Taxable: 143M, Alloc Tax Rate: 0.0x
[17.036s][info][gc          ] GC(27) Pause Init Mark (unload classes) 0.102ms
[17.037s][info][gc,start    ] GC(27) Concurrent marking roots
[17.037s][info][gc,task     ] GC(27) Using 1 of 3 workers for concurrent marking roots
[17.037s][info][gc          ] GC(27) Concurrent marking roots 0.483ms
[17.037s][info][gc,start    ] GC(27) Concurrent marking (unload classes)
[17.038s][info][gc,task     ] GC(27) Using 1 of 3 workers for concurrent marking
[17.042s][info][gc          ] GC(27) Concurrent marking (unload classes) 4.766ms
[17.042s][info][gc,start    ] GC(27) Pause Final Mark (unload classes)
[17.042s][info][gc,task     ] GC(27) Using 3 of 3 workers for final marking
[17.042s][info][gc,ergo     ] GC(27) Collectable Garbage: 486M (95%), Immediate: 486M (95%), CSet: 0B (0%)
[17.042s][info][gc          ] GC(27) Pause Final Mark (unload classes) 0.151ms
[17.043s][info][gc,start    ] GC(27) Concurrent weak references
[17.043s][info][gc,task     ] GC(27) Using 1 of 3 workers for concurrent weak references
[17.043s][info][gc,ref      ] GC(27) Encountered references: Soft: 80, Weak: 361, Final: 3, Phantom: 49
[17.043s][info][gc,ref      ] GC(27) Discovered  references: Soft: 0, Weak: 125, Final: 1, Phantom: 32
[17.043s][info][gc,ref      ] GC(27) Enqueued    references: Soft: 0, Weak: 0, Final: 0, Phantom: 0
[17.043s][info][gc          ] GC(27) Concurrent weak references 0.085ms
[17.043s][info][gc,start    ] GC(27) Concurrent weak roots
[17.043s][info][gc,task     ] GC(27) Using 1 of 3 workers for concurrent weak root
[17.044s][info][gc          ] GC(27) Concurrent weak roots 1.155ms
[17.044s][info][gc,start    ] GC(27) Concurrent cleanup
[17.044s][info][gc          ] GC(27) Concurrent cleanup 526M->40M(2048M) 0.051ms
[17.044s][info][gc,ergo     ] GC(27) Free: 1904M, Max: 1024K regular, 796M humongous, Frag: 59% external, 0% internal; Reserve: 103M, Max: 1024K
[17.044s][info][gc,start    ] GC(27) Concurrent class unloading
[17.044s][info][gc,task     ] GC(27) Using 1 of 3 workers for concurrent class unloading
[17.049s][info][gc          ] GC(27) Concurrent class unloading 4.969ms
[17.049s][info][gc,start    ] GC(27) Pause Final Roots
[17.049s][info][gc          ] GC(27) Pause Final Roots 0.029ms
[17.049s][info][gc,ergo     ] Free: 1892M, Max: 1024K regular, 796M humongous, Frag: 58% external, 0% internal; Reserve: 103M, Max: 1024K
[17.049s][info][gc,stats    ] 
[17.049s][info][gc,stats    ] All times are wall-clock times, except per-root-class counters, that are sum over
[17.049s][info][gc,stats    ] all workers. Dividing the <total> over the root stage time estimates parallelism.
[17.049s][info][gc,stats    ] 
[17.049s][info][gc,stats    ] Concurrent Reset                    258 us
[17.049s][info][gc,stats    ] Pause Init Mark (G)                1479 us
[17.049s][info][gc,stats    ] Pause Init Mark (N)                 111 us
[17.049s][info][gc,stats    ]   Update Region States               33 us
[17.049s][info][gc,stats    ] Concurrent Mark Roots               499 us, parallelism: 0.74x
[17.049s][info][gc,stats    ]   CMR: <total>                      370 us
[17.049s][info][gc,stats    ]   CMR: Thread Roots                 325 us, workers (us): 325, ---, ---, 
[17.049s][info][gc,stats    ]   CMR: VM Strong Roots                5 us, workers (us):   5, ---, ---, 
[17.050s][info][gc,stats    ]   CMR: CLDG Roots                    39 us, workers (us):  39, ---, ---, 
[17.050s][info][gc,stats    ] Concurrent Marking                 4797 us
[17.050s][info][gc,stats    ] Pause Final Mark (G)                220 us
[17.050s][info][gc,stats    ] Pause Final Mark (N)                161 us
[17.050s][info][gc,stats    ]   Finish Mark                        39 us
[17.050s][info][gc,stats    ]   Update Region States               30 us
[17.050s][info][gc,stats    ]   Choose Collection Set              33 us
[17.050s][info][gc,stats    ]   Rebuild Free Set                    8 us
[17.050s][info][gc,stats    ] Concurrent Weak References           95 us, parallelism: 0.07x
[17.050s][info][gc,stats    ]   CWRF: <total>                       7 us
[17.050s][info][gc,stats    ]   CWRF: Weak References               7 us, workers (us):   7, ---, ---, 
[17.050s][info][gc,stats    ] Concurrent Weak Roots              1189 us
[17.050s][info][gc,stats    ]   Roots                             973 us, parallelism: 0.96x
[17.050s][info][gc,stats    ]     CWR: <total>                    934 us
[17.050s][info][gc,stats    ]     CWR: Code Cache Roots           857 us, workers (us): 857, ---, ---, 
[17.050s][info][gc,stats    ]     CWR: VM Weak Roots               72 us, workers (us):  72, ---, ---, 
[17.050s][info][gc,stats    ]     CWR: CLDG Roots                   5 us, workers (us):   5, ---, ---, 
[17.050s][info][gc,stats    ]   Rendezvous                        164 us
[17.050s][info][gc,stats    ] Concurrent Cleanup                   61 us
[17.050s][info][gc,stats    ] Concurrent Class Unloading         4998 us
[17.050s][info][gc,stats    ]   Unlink Stale                     3043 us
[17.050s][info][gc,stats    ]     System Dictionary                 7 us
[17.050s][info][gc,stats    ]     Weak Class Links                  0 us
[17.050s][info][gc,stats    ]     Code Roots                     3035 us
[17.050s][info][gc,stats    ]   Rendezvous                       1699 us
[17.050s][info][gc,stats    ]   Purge Unlinked                    205 us
[17.050s][info][gc,stats    ]     Code Roots                      197 us
[17.050s][info][gc,stats    ]     CLDG                              7 us
[17.050s][info][gc,stats    ]     Exception Caches                  0 us
[17.050s][info][gc,stats    ] Pause Final Roots (G)               441 us
[17.050s][info][gc,stats    ] Pause Final Roots (N)                38 us
[17.050s][info][gc,stats    ] 
[17.050s][info][gc,stats    ] Allocation pacing accrued:
[17.050s][info][gc,stats    ]       0 of   234 ms (  0.0%): <total>
[17.050s][info][gc,stats    ]       0 of   234 ms (  0.0%): <average total>
[17.050s][info][gc,stats    ] 
[17.050s][info][gc,metaspace] Metaspace: 8153K(8320K)->8153K(8320K) NonClass: 7186K(7296K)->7186K(7296K) Class: 966K(1024K)->966K(1024K)
[17.050s][info][gc,ergo     ] Pacer for Idle. Initial: 41943K, Alloc Tax Rate: 1.0x
[17.279s][info][gc          ] Trigger: Learning 5 of 5. Free (1430M) is below initial threshold (1433M)
[17.279s][info][gc,ergo     ] Free: 1430M, Max: 1024K regular, 796M humongous, Frag: 45% external, 0% internal; Reserve: 103M, Max: 1024K
[17.279s][info][gc,start    ] GC(28) Concurrent reset
[17.279s][info][gc,task     ] GC(28) Using 1 of 3 workers for concurrent reset
[17.279s][info][gc,ergo     ] GC(28) Pacer for Reset. Non-Taxable: 2048M
[17.279s][info][gc          ] GC(28) Concurrent reset 0.235ms
[17.279s][info][gc,start    ] GC(28) Pause Init Mark (unload classes)
[17.280s][info][gc,task     ] GC(28) Using 3 of 3 workers for init marking
[17.280s][info][gc,ergo     ] GC(28) Pacer for Mark. Expected Live: 4721K, Free: 1429M, Non-Taxable: 142M, Alloc Tax Rate: 0.0x
[17.280s][info][gc          ] GC(28) Pause Init Mark (unload classes) 0.100ms
[17.281s][info][gc,start    ] GC(28) Concurrent marking roots
[17.281s][info][gc,task     ] GC(28) Using 1 of 3 workers for concurrent marking roots
[17.282s][info][gc          ] GC(28) Concurrent marking roots 0.488ms
[17.282s][info][gc,start    ] GC(28) Concurrent marking (unload classes)
[17.282s][info][gc,task     ] GC(28) Using 1 of 3 workers for concurrent marking
[17.288s][info][gc          ] GC(28) Concurrent marking (unload classes) 6.105ms
[17.288s][info][gc,start    ] GC(28) Pause Final Mark (unload classes)
[17.288s][info][gc,task     ] GC(28) Using 3 of 3 workers for final marking
[17.288s][info][gc,ergo     ] GC(28) Collectable Garbage: 491M (96%), Immediate: 491M (96%), CSet: 0B (0%)
[17.288s][info][gc          ] GC(28) Pause Final Mark (unload classes) 0.179ms
[17.290s][info][gc,start    ] GC(28) Concurrent weak references
[17.290s][info][gc,task     ] GC(28) Using 1 of 3 workers for concurrent weak references
[17.290s][info][gc,ref      ] GC(28) Encountered references: Soft: 80, Weak: 363, Final: 3, Phantom: 49
[17.290s][info][gc,ref      ] GC(28) Discovered  references: Soft: 0, Weak: 125, Final: 1, Phantom: 31
[17.290s][info][gc,ref      ] GC(28) Enqueued    references: Soft: 0, Weak: 0, Final: 0, Phantom: 0
[17.290s][info][gc          ] GC(28) Concurrent weak references 0.103ms
[17.290s][info][gc,start    ] GC(28) Concurrent weak roots
[17.290s][info][gc,task     ] GC(28) Using 1 of 3 workers for concurrent weak root
[17.291s][info][gc          ] GC(28) Concurrent weak roots 0.995ms
[17.291s][info][gc,start    ] GC(28) Concurrent cleanup
[17.291s][info][gc          ] GC(28) Concurrent cleanup 535M->44M(2048M) 0.048ms
[17.291s][info][gc,ergo     ] GC(28) Free: 1900M, Max: 1024K regular, 796M humongous, Frag: 59% external, 0% internal; Reserve: 103M, Max: 1024K
[17.291s][info][gc,start    ] GC(28) Concurrent class unloading
[17.291s][info][gc,task     ] GC(28) Using 1 of 3 workers for concurrent class unloading
[17.294s][info][gc          ] GC(28) Concurrent class unloading 3.444ms
[17.294s][info][gc,start    ] GC(28) Pause Final Roots
[17.294s][info][gc          ] GC(28) Pause Final Roots 0.031ms
[17.295s][info][gc,ergo     ] Free: 1892M, Max: 1024K regular, 796M humongous, Frag: 58% external, 0% internal; Reserve: 103M, Max: 1024K
[17.295s][info][gc,stats    ] 
[17.295s][info][gc,stats    ] All times are wall-clock times, except per-root-class counters, that are sum over
[17.295s][info][gc,stats    ] all workers. Dividing the <total> over the root stage time estimates parallelism.
[17.295s][info][gc,stats    ] 
[17.295s][info][gc,stats    ] Concurrent Reset                    250 us
[17.295s][info][gc,stats    ] Pause Init Mark (G)                1966 us
[17.295s][info][gc,stats    ] Pause Init Mark (N)                 110 us
[17.295s][info][gc,stats    ]   Update Region States               39 us
[17.295s][info][gc,stats    ] Concurrent Mark Roots               512 us, parallelism: 0.77x
[17.295s][info][gc,stats    ]   CMR: <total>                      392 us
[17.295s][info][gc,stats    ]   CMR: Thread Roots                 354 us, workers (us): 354, ---, ---, 
[17.295s][info][gc,stats    ]   CMR: VM Strong Roots                5 us, workers (us):   5, ---, ---, 
[17.295s][info][gc,stats    ]   CMR: CLDG Roots                    34 us, workers (us):  34, ---, ---, 
[17.295s][info][gc,stats    ] Concurrent Marking                 6140 us
[17.295s][info][gc,stats    ] Pause Final Mark (G)               1626 us
[17.295s][info][gc,stats    ] Pause Final Mark (N)                188 us
[17.295s][info][gc,stats    ]   Finish Mark                        49 us
[17.295s][info][gc,stats    ]   Update Region States               40 us
[17.295s][info][gc,stats    ]   Choose Collection Set              39 us
[17.295s][info][gc,stats    ]   Rebuild Free Set                    8 us
[17.295s][info][gc,stats    ] Concurrent Weak References          112 us, parallelism: 0.07x
[17.295s][info][gc,stats    ]   CWRF: <total>                       8 us
[17.295s][info][gc,stats    ]   CWRF: Weak References               8 us, workers (us):   8, ---, ---, 
[17.295s][info][gc,stats    ] Concurrent Weak Roots              1025 us
[17.295s][info][gc,stats    ]   Roots                             920 us, parallelism: 0.95x
[17.295s][info][gc,stats    ]     CWR: <total>                    875 us
[17.295s][info][gc,stats    ]     CWR: Code Cache Roots           793 us, workers (us): 793, ---, ---, 
[17.295s][info][gc,stats    ]     CWR: VM Weak Roots               76 us, workers (us):  76, ---, ---, 
[17.295s][info][gc,stats    ]     CWR: CLDG Roots                   6 us, workers (us):   6, ---, ---, 
[17.295s][info][gc,stats    ]   Rendezvous                         55 us
[17.295s][info][gc,stats    ] Concurrent Cleanup                   58 us
[17.295s][info][gc,stats    ] Concurrent Class Unloading         3481 us
[17.295s][info][gc,stats    ]   Unlink Stale                     3133 us
[17.295s][info][gc,stats    ]     System Dictionary                 7 us
[17.295s][info][gc,stats    ]     Weak Class Links                  0 us
[17.295s][info][gc,stats    ]     Code Roots                     3125 us
[17.295s][info][gc,stats    ]   Rendezvous                         62 us
[17.295s][info][gc,stats    ]   Purge Unlinked                    228 us
[17.295s][info][gc,stats    ]     Code Roots                      222 us
[17.295s][info][gc,stats    ]     CLDG                              5 us
[17.295s][info][gc,stats    ]     Exception Caches                  0 us
[17.295s][info][gc,stats    ] Pause Final Roots (G)               186 us
[17.295s][info][gc,stats    ] Pause Final Roots (N)                41 us
[17.295s][info][gc,stats    ] 
[17.295s][info][gc,stats    ] Allocation pacing accrued:
[17.295s][info][gc,stats    ]       0 of   245 ms (  0.0%): <total>
[17.295s][info][gc,stats    ]       0 of   245 ms (  0.0%): <average total>
[17.295s][info][gc,stats    ] 
[17.295s][info][gc,metaspace] Metaspace: 8153K(8320K)->8153K(8320K) NonClass: 7186K(7296K)->7186K(7296K) Class: 966K(1024K)->966K(1024K)
[17.295s][info][gc,ergo     ] Pacer for Idle. Initial: 41943K, Alloc Tax Rate: 1.0x
[18.127s][info][gc          ] Trigger: Free (193M) is below minimum threshold (204M)
[18.127s][info][gc,ergo     ] Free: 192M, Max: 1024K regular, 192M humongous, Frag: 0% external, 0% internal; Reserve: 103M, Max: 1024K
[18.127s][info][gc,start    ] GC(29) Concurrent reset
[18.127s][info][gc,task     ] GC(29) Using 1 of 3 workers for concurrent reset
[18.127s][info][gc,ergo     ] GC(29) Pacer for Reset. Non-Taxable: 2048M
[18.128s][info][gc          ] GC(29) Concurrent reset 0.228ms
[18.128s][info][gc,start    ] GC(29) Pause Init Mark (unload classes)
[18.128s][info][gc,task     ] GC(29) Using 3 of 3 workers for init marking
[18.128s][info][gc,ergo     ] GC(29) Pacer for Mark. Expected Live: 4767K, Free: 192M, Non-Taxable: 19660K, Alloc Tax Rate: 0.0x
[18.128s][info][gc          ] GC(29) Pause Init Mark (unload classes) 0.099ms
[18.130s][info][gc,start    ] GC(29) Concurrent marking roots
[18.130s][info][gc,task     ] GC(29) Using 1 of 3 workers for concurrent marking roots
[18.130s][info][gc          ] GC(29) Concurrent marking roots 0.509ms
[18.130s][info][gc,start    ] GC(29) Concurrent marking (unload classes)
[18.130s][info][gc,task     ] GC(29) Using 1 of 3 workers for concurrent marking
[18.135s][info][gc          ] GC(29) Concurrent marking (unload classes) 5.007ms
[18.135s][info][gc,start    ] GC(29) Pause Final Mark (unload classes)
[18.135s][info][gc,task     ] GC(29) Using 3 of 3 workers for final marking
[18.135s][info][gc,ergo     ] GC(29) Collectable Garbage: 1727M (98%), Immediate: 1727M (98%), CSet: 0B (0%)
[18.135s][info][gc          ] GC(29) Pause Final Mark (unload classes) 0.162ms
[18.143s][info][gc,start    ] GC(29) Concurrent weak references
[18.143s][info][gc,task     ] GC(29) Using 1 of 3 workers for concurrent weak references
[18.143s][info][gc,ref      ] GC(29) Encountered references: Soft: 80, Weak: 363, Final: 3, Phantom: 49
[18.143s][info][gc,ref      ] GC(29) Discovered  references: Soft: 0, Weak: 125, Final: 1, Phantom: 33
[18.143s][info][gc,ref      ] GC(29) Enqueued    references: Soft: 0, Weak: 0, Final: 0, Phantom: 0
[18.143s][info][gc          ] GC(29) Concurrent weak references 0.110ms
[18.143s][info][gc,start    ] GC(29) Concurrent weak roots
[18.143s][info][gc,task     ] GC(29) Using 1 of 3 workers for concurrent weak root
[18.146s][info][gc          ] GC(29) Concurrent weak roots 3.113ms
[18.147s][info][gc,start    ] GC(29) Concurrent cleanup
[18.147s][info][gc          ] GC(29) Concurrent cleanup 1783M->56M(2048M) 0.104ms
[18.147s][info][gc,ergo     ] GC(29) Free: 1889M, Max: 1024K regular, 994M humongous, Frag: 48% external, 0% internal; Reserve: 103M, Max: 1024K
[18.147s][info][gc,start    ] GC(29) Concurrent class unloading
[18.147s][info][gc,task     ] GC(29) Using 1 of 3 workers for concurrent class unloading
[18.150s][info][gc          ] GC(29) Concurrent class unloading 3.584ms
[18.150s][info][gc,start    ] GC(29) Pause Final Roots
[18.150s][info][gc          ] GC(29) Pause Final Roots 0.028ms
[18.151s][info][gc,ergo     ] Free: 1884M, Max: 1024K regular, 994M humongous, Frag: 48% external, 0% internal; Reserve: 103M, Max: 1024K
[18.151s][info][gc,stats    ] 
[18.151s][info][gc,stats    ] All times are wall-clock times, except per-root-class counters, that are sum over
[18.151s][info][gc,stats    ] all workers. Dividing the <total> over the root stage time estimates parallelism.
[18.151s][info][gc,stats    ] 
[18.151s][info][gc,stats    ] Concurrent Reset                    250 us
[18.151s][info][gc,stats    ] Pause Init Mark (G)                1945 us
[18.151s][info][gc,stats    ] Pause Init Mark (N)                 109 us
[18.151s][info][gc,stats    ]   Update Region States               37 us
[18.151s][info][gc,stats    ] Concurrent Mark Roots               529 us, parallelism: 0.82x
[18.151s][info][gc,stats    ]   CMR: <total>                      435 us
[18.151s][info][gc,stats    ]   CMR: Thread Roots                 400 us, workers (us): 400, ---, ---, 
[18.151s][info][gc,stats    ]   CMR: VM Strong Roots                4 us, workers (us):   4, ---, ---, 
[18.151s][info][gc,stats    ]   CMR: CLDG Roots                    31 us, workers (us):  31, ---, ---, 
[18.151s][info][gc,stats    ] Concurrent Marking                 5044 us
[18.151s][info][gc,stats    ] Pause Final Mark (G)               8070 us
[18.151s][info][gc,stats    ] Pause Final Mark (N)                172 us
[18.151s][info][gc,stats    ]   Finish Mark                        37 us
[18.151s][info][gc,stats    ]   Update Region States               31 us
[18.151s][info][gc,stats    ]   Choose Collection Set              46 us
[18.151s][info][gc,stats    ]   Rebuild Free Set                    8 us
[18.151s][info][gc,stats    ] Concurrent Weak References          121 us, parallelism: 0.06x
[18.151s][info][gc,stats    ]   CWRF: <total>                       8 us
[18.151s][info][gc,stats    ]   CWRF: Weak References               8 us, workers (us):   8, ---, ---, 
[18.151s][info][gc,stats    ] Concurrent Weak Roots              3147 us
[18.151s][info][gc,stats    ]   Roots                             987 us, parallelism: 0.94x
[18.151s][info][gc,stats    ]     CWR: <total>                    926 us
[18.151s][info][gc,stats    ]     CWR: Code Cache Roots           849 us, workers (us): 849, ---, ---, 
[18.151s][info][gc,stats    ]     CWR: VM Weak Roots               72 us, workers (us):  72, ---, ---, 
[18.151s][info][gc,stats    ]     CWR: CLDG Roots                   4 us, workers (us):   4, ---, ---, 
[18.151s][info][gc,stats    ]   Rendezvous                       2104 us
[18.151s][info][gc,stats    ] Concurrent Cleanup                  114 us
[18.151s][info][gc,stats    ] Concurrent Class Unloading         3615 us
[18.151s][info][gc,stats    ]   Unlink Stale                     3272 us
[18.151s][info][gc,stats    ]     System Dictionary                 8 us
[18.151s][info][gc,stats    ]     Weak Class Links                  0 us
[18.151s][info][gc,stats    ]     Code Roots                     3262 us
[18.151s][info][gc,stats    ]   Rendezvous                        105 us
[18.151s][info][gc,stats    ]   Purge Unlinked                    183 us
[18.151s][info][gc,stats    ]     Code Roots                      178 us
[18.151s][info][gc,stats    ]     CLDG                              5 us
[18.151s][info][gc,stats    ]     Exception Caches                  0 us
[18.151s][info][gc,stats    ] Pause Final Roots (G)               356 us
[18.151s][info][gc,stats    ] Pause Final Roots (N)                37 us
[18.151s][info][gc,stats    ] 
[18.151s][info][gc,stats    ] Allocation pacing accrued:
[18.151s][info][gc,stats    ]       0 of   856 ms (  0.0%): <total>
[18.151s][info][gc,stats    ]       0 of   856 ms (  0.0%): <average total>
[18.151s][info][gc,stats    ] 
[18.151s][info][gc,metaspace] Metaspace: 8153K(8320K)->8153K(8320K) NonClass: 7186K(7296K)->7186K(7296K) Class: 966K(1024K)->966K(1024K)
[18.151s][info][gc,ergo     ] Pacer for Idle. Initial: 41943K, Alloc Tax Rate: 1.0x
[18.758s][info][gc          ] Trigger: Explicit GC request (System.gc())
[18.758s][info][gc,ergo     ] Free: 738M, Max: 1024K regular, 546M humongous, Frag: 27% external, 0% internal; Reserve: 103M, Max: 1024K
[18.758s][info][gc,start    ] GC(30) Concurrent reset
[18.758s][info][gc,task     ] GC(30) Using 1 of 3 workers for concurrent reset
[18.758s][info][gc,ergo     ] GC(30) Pacer for Reset. Non-Taxable: 2048M
[18.758s][info][gc          ] GC(30) Concurrent reset 0.412ms
[18.758s][info][gc,start    ] GC(30) Pause Init Mark (unload classes)
[18.758s][info][gc,task     ] GC(30) Using 3 of 3 workers for init marking
[18.758s][info][gc,ref      ] GC(30) Clearing All SoftReferences
[18.758s][info][gc,ergo     ] GC(30) Pacer for Mark. Expected Live: 5106K, Free: 738M, Non-Taxable: 75666K, Alloc Tax Rate: 0.0x
[18.758s][info][gc          ] GC(30) Pause Init Mark (unload classes) 0.193ms
[18.758s][info][gc,start    ] GC(30) Concurrent marking roots
[18.758s][info][gc,task     ] GC(30) Using 1 of 3 workers for concurrent marking roots
[18.759s][info][gc          ] GC(30) Concurrent marking roots 0.645ms
[18.759s][info][gc,start    ] GC(30) Concurrent marking (unload classes)
[18.759s][info][gc,task     ] GC(30) Using 1 of 3 workers for concurrent marking
[18.763s][info][gc          ] GC(30) Concurrent marking (unload classes) 3.801ms
[18.763s][info][gc,start    ] GC(30) Pause Final Mark (unload classes)
[18.763s][info][gc,task     ] GC(30) Using 3 of 3 workers for final marking
[18.763s][info][gc,ergo     ] GC(30) Collectable Garbage: 1196M (99%), Immediate: 1196M (99%), CSet: 0B (0%)
[18.763s][info][gc          ] GC(30) Pause Final Mark (unload classes) 0.245ms
[18.763s][info][gc,start    ] GC(30) Concurrent weak references
[18.763s][info][gc,task     ] GC(30) Using 1 of 3 workers for concurrent weak references
[18.763s][info][gc,ref      ] GC(30) Encountered references: Soft: 79, Weak: 352, Final: 3, Phantom: 47
[18.763s][info][gc,ref      ] GC(30) Discovered  references: Soft: 46, Weak: 140, Final: 1, Phantom: 38
[18.763s][info][gc,ref      ] GC(30) Enqueued    references: Soft: 4, Weak: 0, Final: 0, Phantom: 6
[18.763s][info][gc          ] GC(30) Concurrent weak references 0.136ms
[18.763s][info][gc,start    ] GC(30) Concurrent weak roots
[18.763s][info][gc,task     ] GC(30) Using 1 of 3 workers for concurrent weak root
[18.764s][info][gc          ] GC(30) Concurrent weak roots 0.937ms
[18.764s][info][gc,start    ] GC(30) Concurrent cleanup
[18.764s][info][gc          ] GC(30) Concurrent cleanup 1206M->10M(2048M) 0.079ms
[18.764s][info][gc,ergo     ] GC(30) Free: 1934M, Max: 1024K regular, 893M humongous, Frag: 54% external, 0% internal; Reserve: 103M, Max: 1024K
[18.764s][info][gc,start    ] GC(30) Concurrent class unloading
[18.764s][info][gc,task     ] GC(30) Using 1 of 3 workers for concurrent class unloading
[18.770s][info][gc          ] GC(30) Concurrent class unloading 5.352ms
[18.770s][info][gc,start    ] GC(30) Pause Final Roots
[18.770s][info][gc          ] GC(30) Pause Final Roots 0.046ms
[18.770s][info][gc,ergo     ] Free: 1934M, Max: 1024K regular, 893M humongous, Frag: 54% external, 0% internal; Reserve: 103M, Max: 1024K
[18.770s][info][gc,stats    ] 
[18.770s][info][gc,stats    ] All times are wall-clock times, except per-root-class counters, that are sum over
[18.770s][info][gc,stats    ] all workers. Dividing the <total> over the root stage time estimates parallelism.
[18.770s][info][gc,stats    ] 
[18.770s][info][gc,stats    ] Concurrent Reset                    436 us
[18.770s][info][gc,stats    ] Pause Init Mark (G)                 275 us
[18.770s][info][gc,stats    ] Pause Init Mark (N)                 204 us
[18.770s][info][gc,stats    ]   Update Region States               69 us
[18.770s][info][gc,stats    ] Concurrent Mark Roots               656 us, parallelism: 0.82x
[18.770s][info][gc,stats    ]   CMR: <total>                      536 us
[18.770s][info][gc,stats    ]   CMR: Thread Roots                 463 us, workers (us): 463, ---, ---, 
[18.770s][info][gc,stats    ]   CMR: VM Strong Roots                8 us, workers (us):   8, ---, ---, 
[18.770s][info][gc,stats    ]   CMR: CLDG Roots                    65 us, workers (us):  65, ---, ---, 
[18.770s][info][gc,stats    ] Concurrent Marking                 3824 us
[18.770s][info][gc,stats    ] Pause Final Mark (G)                316 us
[18.770s][info][gc,stats    ] Pause Final Mark (N)                262 us
[18.770s][info][gc,stats    ]   Finish Mark                        71 us
[18.770s][info][gc,stats    ]   Update Region States               57 us
[18.770s][info][gc,stats    ]   Choose Collection Set              52 us
[18.770s][info][gc,stats    ]   Rebuild Free Set                   16 us
[18.770s][info][gc,stats    ] Concurrent Weak References          151 us, parallelism: 0.04x
[18.770s][info][gc,stats    ]   CWRF: <total>                       6 us
[18.770s][info][gc,stats    ]   CWRF: Weak References               6 us, workers (us):   6, ---, ---, 
[18.770s][info][gc,stats    ] Concurrent Weak Roots               967 us
[18.770s][info][gc,stats    ]   Roots                             830 us, parallelism: 0.95x
[18.770s][info][gc,stats    ]     CWR: <total>                    786 us
[18.770s][info][gc,stats    ]     CWR: Code Cache Roots           718 us, workers (us): 718, ---, ---, 
[18.770s][info][gc,stats    ]     CWR: VM Weak Roots               65 us, workers (us):  65, ---, ---, 
[18.770s][info][gc,stats    ]     CWR: CLDG Roots                   4 us, workers (us):   4, ---, ---, 
[18.770s][info][gc,stats    ]   Rendezvous                         74 us
[18.770s][info][gc,stats    ] Concurrent Cleanup                   88 us
[18.770s][info][gc,stats    ] Concurrent Class Unloading         5417 us
[18.770s][info][gc,stats    ]   Unlink Stale                     4958 us
[18.770s][info][gc,stats    ]     System Dictionary                60 us
[18.770s][info][gc,stats    ]     Weak Class Links               1579 us
[18.770s][info][gc,stats    ]     Code Roots                     3317 us
[18.770s][info][gc,stats    ]   Rendezvous                         87 us
[18.770s][info][gc,stats    ]   Purge Unlinked                    287 us
[18.770s][info][gc,stats    ]     Code Roots                      256 us
[18.770s][info][gc,stats    ]     CLDG                             30 us
[18.770s][info][gc,stats    ]     Exception Caches                  0 us
[18.770s][info][gc,stats    ] Pause Final Roots (G)               106 us
[18.770s][info][gc,stats    ] Pause Final Roots (N)                56 us
[18.770s][info][gc,stats    ] 
[18.770s][info][gc,stats    ] Allocation pacing accrued:
[18.770s][info][gc,stats    ]       0 of   619 ms (  0.0%): <total>
[18.770s][info][gc,stats    ]       0 of   619 ms (  0.0%): <average total>
[18.770s][info][gc,stats    ] 
[18.770s][info][gc,metaspace] Metaspace: 8154K(8320K)->8152K(8320K) NonClass: 7187K(7296K)->7185K(7296K) Class: 966K(1024K)->966K(1024K)
[18.770s][info][gc,ergo     ] Pacer for Idle. Initial: 41943K, Alloc Tax Rate: 1.0x
[19.024s][info][gc          ] Trigger: Learning 2 of 5. Free (1431M) is below initial threshold (1433M)
[19.024s][info][gc,ergo     ] Free: 1430M, Max: 1024K regular, 786M humongous, Frag: 46% external, 0% internal; Reserve: 103M, Max: 1024K
[19.024s][info][gc,start    ] GC(31) Concurrent reset
[19.024s][info][gc,task     ] GC(31) Using 1 of 3 workers for concurrent reset
[19.024s][info][gc,ergo     ] GC(31) Pacer for Reset. Non-Taxable: 2048M
[19.025s][info][gc          ] GC(31) Concurrent reset 0.208ms
[19.025s][info][gc,start    ] GC(31) Pause Init Mark (unload classes)
[19.025s][info][gc,task     ] GC(31) Using 3 of 3 workers for init marking
[19.025s][info][gc,ergo     ] GC(31) Pacer for Mark. Expected Live: 4785K, Free: 1429M, Non-Taxable: 142M, Alloc Tax Rate: 0.0x
[19.025s][info][gc          ] GC(31) Pause Init Mark (unload classes) 0.131ms
[19.026s][info][gc,start    ] GC(31) Concurrent marking roots
[19.026s][info][gc,task     ] GC(31) Using 1 of 3 workers for concurrent marking roots
[19.026s][info][gc          ] GC(31) Concurrent marking roots 0.411ms
[19.026s][info][gc,start    ] GC(31) Concurrent marking (unload classes)
[19.026s][info][gc,task     ] GC(31) Using 1 of 3 workers for concurrent marking
[19.032s][info][gc          ] GC(31) Concurrent marking (unload classes) 6.025ms
[19.032s][info][gc,start    ] GC(31) Pause Final Mark (unload classes)
[19.032s][info][gc,task     ] GC(31) Using 3 of 3 workers for final marking
[19.033s][info][gc,ergo     ] GC(31) Adaptive CSet Selection. Target Free: 290M, Actual Free: 1964M, Max CSet: 87381K, Min Garbage: 0B
[19.033s][info][gc,ergo     ] GC(31) Collectable Garbage: 509M (99%), Immediate: 447M (87%), CSet: 64456K (12%)
[19.033s][info][gc,ergo     ] GC(31) Pacer for Evacuation. Used CSet: 66560K, Free: 1861M, Non-Taxable: 186M, Alloc Tax Rate: 1.1x
[19.033s][info][gc          ] GC(31) Pause Final Mark (unload classes) 0.188ms
[19.034s][info][gc,start    ] GC(31) Concurrent thread roots
[19.034s][info][gc,task     ] GC(31) Using 1 of 3 workers for Concurrent thread roots
[19.034s][info][gc          ] GC(31) Concurrent thread roots 0.462ms
[19.034s][info][gc,start    ] GC(31) Concurrent weak references
[19.034s][info][gc,task     ] GC(31) Using 1 of 3 workers for concurrent weak references
[19.034s][info][gc,ref      ] GC(31) Encountered references: Soft: 80, Weak: 362, Final: 3, Phantom: 49
[19.034s][info][gc,ref      ] GC(31) Discovered  references: Soft: 0, Weak: 125, Final: 1, Phantom: 30
[19.034s][info][gc,ref      ] GC(31) Enqueued    references: Soft: 0, Weak: 0, Final: 0, Phantom: 0
[19.034s][info][gc          ] GC(31) Concurrent weak references 0.064ms
[19.034s][info][gc,start    ] GC(31) Concurrent weak roots
[19.034s][info][gc,task     ] GC(31) Using 1 of 3 workers for concurrent weak root
[19.036s][info][gc          ] GC(31) Concurrent weak roots 2.087ms
[19.036s][info][gc,start    ] GC(31) Concurrent cleanup
[19.036s][info][gc          ] GC(31) Concurrent cleanup 536M->89M(2048M) 0.060ms
[19.036s][info][gc,ergo     ] GC(31) Free: 1855M, Max: 1024K regular, 786M humongous, Frag: 58% external, 0% internal; Reserve: 102M, Max: 1024K
[19.036s][info][gc,start    ] GC(31) Concurrent class unloading
[19.036s][info][gc,task     ] GC(31) Using 1 of 3 workers for concurrent class unloading
[19.040s][info][gc          ] GC(31) Concurrent class unloading 3.296ms
[19.040s][info][gc,start    ] GC(31) Concurrent strong roots
[19.040s][info][gc,task     ] GC(31) Using 1 of 3 workers for concurrent strong root
[19.040s][info][gc          ] GC(31) Concurrent strong roots 0.105ms
[19.040s][info][gc,start    ] GC(31) Concurrent evacuation
[19.040s][info][gc,task     ] GC(31) Using 1 of 3 workers for concurrent evacuation
[19.041s][info][gc          ] GC(31) Concurrent evacuation 0.974ms
[19.041s][info][gc,start    ] GC(31) Pause Init Update Refs
[19.041s][info][gc,ergo     ] GC(31) Pacer for Update Refs. Used: 100350K, Free: 1850M, Non-Taxable: 185M, Alloc Tax Rate: 1.1x
[19.041s][info][gc          ] GC(31) Pause Init Update Refs 0.059ms
[19.041s][info][gc,start    ] GC(31) Concurrent update references
[19.041s][info][gc,task     ] GC(31) Using 1 of 3 workers for concurrent reference update
[19.047s][info][gc          ] GC(31) Concurrent update references 5.513ms
[19.047s][info][gc,start    ] GC(31) Concurrent update thread roots
[19.047s][info][gc          ] GC(31) Concurrent update thread roots 0.450ms
[19.047s][info][gc,start    ] GC(31) Pause Final Update Refs
[19.047s][info][gc,task     ] GC(31) Using 3 of 3 workers for final reference update
[19.047s][info][gc          ] GC(31) Pause Final Update Refs 0.081ms
[19.048s][info][gc,start    ] GC(31) Concurrent cleanup
[19.048s][info][gc          ] GC(31) Concurrent cleanup 107M->42M(2048M) 0.046ms
[19.048s][info][gc,ergo     ] Free: 1902M, Max: 1024K regular, 786M humongous, Frag: 59% external, 0% internal; Reserve: 103M, Max: 1024K
[19.048s][info][gc,stats    ] 
[19.048s][info][gc,stats    ] All times are wall-clock times, except per-root-class counters, that are sum over
[19.048s][info][gc,stats    ] all workers. Dividing the <total> over the root stage time estimates parallelism.
[19.048s][info][gc,stats    ] 
[19.048s][info][gc,stats    ] Concurrent Reset                    223 us
[19.048s][info][gc,stats    ] Pause Init Mark (G)                1175 us
[19.048s][info][gc,stats    ] Pause Init Mark (N)                 142 us
[19.048s][info][gc,stats    ]   Update Region States               50 us
[19.048s][info][gc,stats    ] Concurrent Mark Roots               439 us, parallelism: 0.74x
[19.048s][info][gc,stats    ]   CMR: <total>                      325 us
[19.048s][info][gc,stats    ]   CMR: Thread Roots                 286 us, workers (us): 286, ---, ---, 
[19.048s][info][gc,stats    ]   CMR: VM Strong Roots                4 us, workers (us):   4, ---, ---, 
[19.048s][info][gc,stats    ]   CMR: CLDG Roots                    35 us, workers (us):  35, ---, ---, 
[19.048s][info][gc,stats    ] Concurrent Marking                 6058 us
[19.048s][info][gc,stats    ] Pause Final Mark (G)               1316 us
[19.048s][info][gc,stats    ] Pause Final Mark (N)                197 us
[19.048s][info][gc,stats    ]   Finish Mark                        57 us
[19.048s][info][gc,stats    ]   Update Region States               31 us
[19.048s][info][gc,stats    ]   Choose Collection Set              40 us
[19.048s][info][gc,stats    ]   Rebuild Free Set                    9 us
[19.048s][info][gc,stats    ] Concurrent Thread Roots             476 us, parallelism: 0.80x
[19.048s][info][gc,stats    ]   CTR: <total>                      382 us
[19.048s][info][gc,stats    ]   CTR: Thread Roots                 382 us, workers (us): 382, ---, ---, 
[19.048s][info][gc,stats    ] Concurrent Weak References           72 us, parallelism: 0.14x
[19.048s][info][gc,stats    ]   CWRF: <total>                      10 us
[19.048s][info][gc,stats    ]   CWRF: Weak References              10 us, workers (us):  10, ---, ---, 
[19.048s][info][gc,stats    ] Concurrent Weak Roots              2121 us
[19.048s][info][gc,stats    ]   Roots                             902 us, parallelism: 0.93x
[19.048s][info][gc,stats    ]     CWR: <total>                    838 us
[19.048s][info][gc,stats    ]     CWR: Code Cache Roots           725 us, workers (us): 725, ---, ---, 
[19.048s][info][gc,stats    ]     CWR: VM Weak Roots              108 us, workers (us): 108, ---, ---, 
[19.048s][info][gc,stats    ]     CWR: CLDG Roots                   4 us, workers (us):   4, ---, ---, 
[19.048s][info][gc,stats    ]   Rendezvous                       1165 us
[19.048s][info][gc,stats    ] Concurrent Cleanup                   70 us
[19.048s][info][gc,stats    ] Concurrent Class Unloading         3331 us
[19.048s][info][gc,stats    ]   Unlink Stale                     2998 us
[19.048s][info][gc,stats    ]     System Dictionary                 6 us
[19.048s][info][gc,stats    ]     Weak Class Links                  0 us
[19.048s][info][gc,stats    ]     Code Roots                     2990 us
[19.048s][info][gc,stats    ]   Rendezvous                         71 us
[19.048s][info][gc,stats    ]   Purge Unlinked                    206 us
[19.048s][info][gc,stats    ]     Code Roots                      202 us
[19.048s][info][gc,stats    ]     CLDG                              4 us
[19.048s][info][gc,stats    ]     Exception Caches                  0 us
[19.048s][info][gc,stats    ] Concurrent Strong Roots             124 us, parallelism: 0.45x
[19.048s][info][gc,stats    ]   CSR: <total>                       56 us
[19.048s][info][gc,stats    ]   CSR: VM Strong Roots                2 us, workers (us):   2, ---, ---, 
[19.048s][info][gc,stats    ]   CSR: CLDG Roots                    54 us, workers (us):  54, ---, ---, 
[19.048s][info][gc,stats    ] Concurrent Evacuation              1023 us
[19.048s][info][gc,stats    ] Pause Init Update Refs (G)          219 us
[19.048s][info][gc,stats    ] Pause Init Update Refs (N)           69 us
[19.048s][info][gc,stats    ]   Manage GCLABs                       6 us
[19.048s][info][gc,stats    ] Concurrent Update Refs             5547 us
[19.048s][info][gc,stats    ] Concurrent Update Thread Roots      470 us
[19.048s][info][gc,stats    ] Pause Final Update Refs (G)         609 us
[19.048s][info][gc,stats    ] Pause Final Update Refs (N)         106 us
[19.048s][info][gc,stats    ]   Update Region States               41 us
[19.048s][info][gc,stats    ]   Trash Collection Set                4 us
[19.048s][info][gc,stats    ]   Rebuild Free Set                   12 us
[19.048s][info][gc,stats    ] Concurrent Cleanup                   58 us
[19.048s][info][gc,stats    ] 
[19.048s][info][gc,stats    ] Allocation pacing accrued:
[19.048s][info][gc,stats    ]       0 of   278 ms (  0.0%): <total>
[19.048s][info][gc,stats    ]       0 of   278 ms (  0.0%): <average total>
[19.048s][info][gc,stats    ] 
[19.048s][info][gc,metaspace] Metaspace: 8158K(8320K)->8158K(8320K) NonClass: 7191K(7296K)->7191K(7296K) Class: 966K(1024K)->966K(1024K)
[19.048s][info][gc,ergo     ] Pacer for Idle. Initial: 41943K, Alloc Tax Rate: 1.0x
[19.281s][info][gc          ] Trigger: Learning 3 of 5. Free (1425M) is below initial threshold (1433M)
[19.281s][info][gc,ergo     ] Free: 1425M, Max: 1024K regular, 786M humongous, Frag: 45% external, 0% internal; Reserve: 103M, Max: 1024K
[19.281s][info][gc,start    ] GC(32) Concurrent reset
[19.281s][info][gc,task     ] GC(32) Using 1 of 3 workers for concurrent reset
[19.281s][info][gc,ergo     ] GC(32) Pacer for Reset. Non-Taxable: 2048M
[19.281s][info][gc          ] GC(32) Concurrent reset 0.430ms
[19.281s][info][gc,start    ] GC(32) Pause Init Mark (unload classes)
[19.281s][info][gc,task     ] GC(32) Using 3 of 3 workers for init marking
[19.281s][info][gc,ergo     ] GC(32) Pacer for Mark. Expected Live: 4763K, Free: 1423M, Non-Taxable: 142M, Alloc Tax Rate: 0.0x
[19.281s][info][gc          ] GC(32) Pause Init Mark (unload classes) 0.150ms
[19.283s][info][gc,start    ] GC(32) Concurrent marking roots
[19.283s][info][gc,task     ] GC(32) Using 1 of 3 workers for concurrent marking roots
[19.284s][info][gc          ] GC(32) Concurrent marking roots 0.468ms
[19.284s][info][gc,start    ] GC(32) Concurrent marking (unload classes)
[19.284s][info][gc,task     ] GC(32) Using 1 of 3 workers for concurrent marking
[19.289s][info][gc          ] GC(32) Concurrent marking (unload classes) 4.913ms
[19.289s][info][gc,start    ] GC(32) Pause Final Mark (unload classes)
[19.289s][info][gc,task     ] GC(32) Using 3 of 3 workers for final marking
[19.289s][info][gc,ergo     ] GC(32) Collectable Garbage: 494M (95%), Immediate: 494M (95%), CSet: 0B (0%)
[19.289s][info][gc          ] GC(32) Pause Final Mark (unload classes) 0.164ms
[19.290s][info][gc,start    ] GC(32) Concurrent weak references
[19.290s][info][gc,task     ] GC(32) Using 1 of 3 workers for concurrent weak references
[19.290s][info][gc,ref      ] GC(32) Encountered references: Soft: 80, Weak: 362, Final: 3, Phantom: 49
[19.290s][info][gc,ref      ] GC(32) Discovered  references: Soft: 0, Weak: 125, Final: 1, Phantom: 32
[19.290s][info][gc,ref      ] GC(32) Enqueued    references: Soft: 0, Weak: 0, Final: 0, Phantom: 0
[19.290s][info][gc          ] GC(32) Concurrent weak references 0.122ms
[19.290s][info][gc,start    ] GC(32) Concurrent weak roots
[19.290s][info][gc,task     ] GC(32) Using 1 of 3 workers for concurrent weak root
[19.291s][info][gc          ] GC(32) Concurrent weak roots 1.431ms
[19.291s][info][gc,start    ] GC(32) Concurrent cleanup
[19.291s][info][gc          ] GC(32) Concurrent cleanup 538M->44M(2048M) 0.051ms
[19.291s][info][gc,ergo     ] GC(32) Free: 1900M, Max: 1024K regular, 786M humongous, Frag: 59% external, 0% internal; Reserve: 103M, Max: 1024K
[19.291s][info][gc,start    ] GC(32) Concurrent class unloading
[19.291s][info][gc,task     ] GC(32) Using 1 of 3 workers for concurrent class unloading
[19.295s][info][gc          ] GC(32) Concurrent class unloading 3.482ms
[19.295s][info][gc,start    ] GC(32) Pause Final Roots
[19.295s][info][gc          ] GC(32) Pause Final Roots 0.029ms
[19.295s][info][gc,ergo     ] Free: 1893M, Max: 1024K regular, 786M humongous, Frag: 59% external, 0% internal; Reserve: 103M, Max: 1024K
[19.295s][info][gc,stats    ] 
[19.295s][info][gc,stats    ] All times are wall-clock times, except per-root-class counters, that are sum over
[19.295s][info][gc,stats    ] all workers. Dividing the <total> over the root stage time estimates parallelism.
[19.295s][info][gc,stats    ] 
[19.295s][info][gc,stats    ] Concurrent Reset                    465 us
[19.295s][info][gc,stats    ] Pause Init Mark (G)                2305 us
[19.295s][info][gc,stats    ] Pause Init Mark (N)                 159 us
[19.295s][info][gc,stats    ]   Update Region States               86 us
[19.295s][info][gc,stats    ] Concurrent Mark Roots               489 us, parallelism: 0.73x
[19.295s][info][gc,stats    ]   CMR: <total>                      357 us
[19.295s][info][gc,stats    ]   CMR: Thread Roots                 318 us, workers (us): 318, ---, ---, 
[19.295s][info][gc,stats    ]   CMR: VM Strong Roots                4 us, workers (us):   4, ---, ---, 
[19.295s][info][gc,stats    ]   CMR: CLDG Roots                    35 us, workers (us):  35, ---, ---, 
[19.295s][info][gc,stats    ] Concurrent Marking                 4946 us
[19.295s][info][gc,stats    ] Pause Final Mark (G)                811 us
[19.295s][info][gc,stats    ] Pause Final Mark (N)                175 us
[19.295s][info][gc,stats    ]   Finish Mark                        48 us
[19.295s][info][gc,stats    ]   Update Region States               36 us
[19.295s][info][gc,stats    ]   Choose Collection Set              40 us
[19.295s][info][gc,stats    ]   Rebuild Free Set                    8 us
[19.295s][info][gc,stats    ] Concurrent Weak References          132 us, parallelism: 0.07x
[19.295s][info][gc,stats    ]   CWRF: <total>                      10 us
[19.295s][info][gc,stats    ]   CWRF: Weak References              10 us, workers (us):  10, ---, ---, 
[19.295s][info][gc,stats    ] Concurrent Weak Roots              1460 us
[19.295s][info][gc,stats    ]   Roots                            1053 us, parallelism: 0.96x
[19.295s][info][gc,stats    ]     CWR: <total>                   1014 us
[19.295s][info][gc,stats    ]     CWR: Code Cache Roots           929 us, workers (us): 929, ---, ---, 
[19.295s][info][gc,stats    ]     CWR: VM Weak Roots               79 us, workers (us):  79, ---, ---, 
[19.295s][info][gc,stats    ]     CWR: CLDG Roots                   5 us, workers (us):   5, ---, ---, 
[19.295s][info][gc,stats    ]   Rendezvous                        359 us
[19.295s][info][gc,stats    ] Concurrent Cleanup                   61 us
[19.295s][info][gc,stats    ] Concurrent Class Unloading         3525 us
[19.295s][info][gc,stats    ]   Unlink Stale                     3141 us
[19.295s][info][gc,stats    ]     System Dictionary                 6 us
[19.295s][info][gc,stats    ]     Weak Class Links                  0 us
[19.295s][info][gc,stats    ]     Code Roots                     3132 us
[19.295s][info][gc,stats    ]   Rendezvous                         79 us
[19.295s][info][gc,stats    ]   Purge Unlinked                    239 us
[19.295s][info][gc,stats    ]     Code Roots                      234 us
[19.295s][info][gc,stats    ]     CLDG                              5 us
[19.295s][info][gc,stats    ]     Exception Caches                  0 us
[19.295s][info][gc,stats    ] Pause Final Roots (G)               225 us
[19.296s][info][gc,stats    ] Pause Final Roots (N)                38 us
[19.296s][info][gc,stats    ] 
[19.296s][info][gc,stats    ] Allocation pacing accrued:
[19.296s][info][gc,stats    ]       0 of   247 ms (  0.0%): <total>
[19.296s][info][gc,stats    ]       0 of   247 ms (  0.0%): <average total>
[19.296s][info][gc,stats    ] 
[19.296s][info][gc,metaspace] Metaspace: 8158K(8320K)->8158K(8320K) NonClass: 7191K(7296K)->7191K(7296K) Class: 966K(1024K)->966K(1024K)
[19.296s][info][gc,ergo     ] Pacer for Idle. Initial: 41943K, Alloc Tax Rate: 1.0x
[19.516s][info][gc          ] Trigger: Learning 4 of 5. Free (1428M) is below initial threshold (1433M)
[19.516s][info][gc,ergo     ] Free: 1428M, Max: 1024K regular, 786M humongous, Frag: 45% external, 0% internal; Reserve: 103M, Max: 1024K
[19.516s][info][gc,start    ] GC(33) Concurrent reset
[19.517s][info][gc,task     ] GC(33) Using 1 of 3 workers for concurrent reset
[19.517s][info][gc,ergo     ] GC(33) Pacer for Reset. Non-Taxable: 2048M
[19.517s][info][gc          ] GC(33) Concurrent reset 0.212ms
[19.517s][info][gc,start    ] GC(33) Pause Init Mark (unload classes)
[19.517s][info][gc,task     ] GC(33) Using 3 of 3 workers for init marking
[19.517s][info][gc,ergo     ] GC(33) Pacer for Mark. Expected Live: 4836K, Free: 1427M, Non-Taxable: 142M, Alloc Tax Rate: 0.0x
[19.517s][info][gc          ] GC(33) Pause Init Mark (unload classes) 0.105ms
[19.517s][info][gc,start    ] GC(33) Concurrent marking roots
[19.517s][info][gc,task     ] GC(33) Using 1 of 3 workers for concurrent marking roots
[19.518s][info][gc          ] GC(33) Concurrent marking roots 0.592ms
[19.518s][info][gc,start    ] GC(33) Concurrent marking (unload classes)
[19.518s][info][gc,task     ] GC(33) Using 1 of 3 workers for concurrent marking
[19.525s][info][gc          ] GC(33) Concurrent marking (unload classes) 7.616ms
[19.526s][info][gc,start    ] GC(33) Pause Final Mark (unload classes)
[19.526s][info][gc,task     ] GC(33) Using 3 of 3 workers for final marking
[19.526s][info][gc,ergo     ] GC(33) Collectable Garbage: 493M (96%), Immediate: 493M (96%), CSet: 0B (0%)
[19.526s][info][gc          ] GC(33) Pause Final Mark (unload classes) 0.164ms
[19.531s][info][gc,start    ] GC(33) Concurrent weak references
[19.531s][info][gc,task     ] GC(33) Using 1 of 3 workers for concurrent weak references
[19.531s][info][gc,ref      ] GC(33) Encountered references: Soft: 80, Weak: 362, Final: 3, Phantom: 49
[19.531s][info][gc,ref      ] GC(33) Discovered  references: Soft: 0, Weak: 125, Final: 1, Phantom: 33
[19.531s][info][gc,ref      ] GC(33) Enqueued    references: Soft: 0, Weak: 0, Final: 0, Phantom: 0
[19.531s][info][gc          ] GC(33) Concurrent weak references 0.121ms
[19.531s][info][gc,start    ] GC(33) Concurrent weak roots
[19.531s][info][gc,task     ] GC(33) Using 1 of 3 workers for concurrent weak root
[19.533s][info][gc          ] GC(33) Concurrent weak roots 1.586ms
[19.533s][info][gc,start    ] GC(33) Concurrent cleanup
[19.533s][info][gc          ] GC(33) Concurrent cleanup 548M->54M(2048M) 0.065ms
[19.533s][info][gc,ergo     ] GC(33) Free: 1889M, Max: 1024K regular, 786M humongous, Frag: 59% external, 0% internal; Reserve: 103M, Max: 1024K
[19.533s][info][gc,start    ] GC(33) Concurrent class unloading
[19.533s][info][gc,task     ] GC(33) Using 1 of 3 workers for concurrent class unloading
[19.537s][info][gc          ] GC(33) Concurrent class unloading 3.705ms
[19.537s][info][gc,start    ] GC(33) Pause Final Roots
[19.537s][info][gc          ] GC(33) Pause Final Roots 0.028ms
[19.537s][info][gc,ergo     ] Free: 1882M, Max: 1024K regular, 786M humongous, Frag: 59% external, 0% internal; Reserve: 103M, Max: 1024K
[19.537s][info][gc,stats    ] 
[19.537s][info][gc,stats    ] All times are wall-clock times, except per-root-class counters, that are sum over
[19.537s][info][gc,stats    ] all workers. Dividing the <total> over the root stage time estimates parallelism.
[19.537s][info][gc,stats    ] 
[19.537s][info][gc,stats    ] Concurrent Reset                    225 us
[19.537s][info][gc,stats    ] Pause Init Mark (G)                 468 us
[19.537s][info][gc,stats    ] Pause Init Mark (N)                 115 us
[19.537s][info][gc,stats    ]   Update Region States               39 us
[19.537s][info][gc,stats    ] Concurrent Mark Roots               610 us, parallelism: 0.59x
[19.537s][info][gc,stats    ]   CMR: <total>                      359 us
[19.537s][info][gc,stats    ]   CMR: Thread Roots                 322 us, workers (us): 322, ---, ---, 
[19.537s][info][gc,stats    ]   CMR: VM Strong Roots                4 us, workers (us):   4, ---, ---, 
[19.537s][info][gc,stats    ]   CMR: CLDG Roots                    34 us, workers (us):  34, ---, ---, 
[19.537s][info][gc,stats    ] Concurrent Marking                 7656 us
[19.537s][info][gc,stats    ] Pause Final Mark (G)               5775 us
[19.537s][info][gc,stats    ] Pause Final Mark (N)                174 us
[19.537s][info][gc,stats    ]   Finish Mark                        45 us
[19.537s][info][gc,stats    ]   Update Region States               34 us
[19.537s][info][gc,stats    ]   Choose Collection Set              38 us
[19.537s][info][gc,stats    ]   Rebuild Free Set                    8 us
[19.537s][info][gc,stats    ] Concurrent Weak References          130 us, parallelism: 0.08x
[19.537s][info][gc,stats    ]   CWRF: <total>                      11 us
[19.537s][info][gc,stats    ]   CWRF: Weak References              11 us, workers (us):  11, ---, ---, 
[19.537s][info][gc,stats    ] Concurrent Weak Roots              1617 us
[19.537s][info][gc,stats    ]   Roots                            1060 us, parallelism: 0.96x
[19.537s][info][gc,stats    ]     CWR: <total>                   1019 us
[19.537s][info][gc,stats    ]     CWR: Code Cache Roots           921 us, workers (us): 921, ---, ---, 
[19.537s][info][gc,stats    ]     CWR: VM Weak Roots               92 us, workers (us):  92, ---, ---, 
[19.537s][info][gc,stats    ]     CWR: CLDG Roots                   6 us, workers (us):   6, ---, ---, 
[19.537s][info][gc,stats    ]   Rendezvous                        506 us
[19.537s][info][gc,stats    ] Concurrent Cleanup                   75 us
[19.537s][info][gc,stats    ] Concurrent Class Unloading         3740 us
[19.537s][info][gc,stats    ]   Unlink Stale                     3129 us
[19.537s][info][gc,stats    ]     System Dictionary                 7 us
[19.537s][info][gc,stats    ]     Weak Class Links                  0 us
[19.537s][info][gc,stats    ]     Code Roots                     3121 us
[19.537s][info][gc,stats    ]   Rendezvous                        286 us
[19.537s][info][gc,stats    ]   Purge Unlinked                    271 us
[19.537s][info][gc,stats    ]     Code Roots                      266 us
[19.537s][info][gc,stats    ]     CLDG                              5 us
[19.537s][info][gc,stats    ]     Exception Caches                  0 us
[19.537s][info][gc,stats    ] Pause Final Roots (G)               187 us
[19.537s][info][gc,stats    ] Pause Final Roots (N)                38 us
[19.537s][info][gc,stats    ] 
[19.537s][info][gc,stats    ] Allocation pacing accrued:
[19.537s][info][gc,stats    ]       0 of   242 ms (  0.0%): <total>
[19.537s][info][gc,stats    ]       0 of   242 ms (  0.0%): <average total>
[19.537s][info][gc,stats    ] 
[19.537s][info][gc,metaspace] Metaspace: 8158K(8320K)->8158K(8320K) NonClass: 7191K(7296K)->7191K(7296K) Class: 966K(1024K)->966K(1024K)
[19.537s][info][gc,ergo     ] Pacer for Idle. Initial: 41943K, Alloc Tax Rate: 1.0x
[19.760s][info][gc          ] Trigger: Learning 5 of 5. Free (1413M) is below initial threshold (1433M)
[19.760s][info][gc,ergo     ] Free: 1413M, Max: 1024K regular, 786M humongous, Frag: 45% external, 0% internal; Reserve: 103M, Max: 1024K
[19.760s][info][gc,start    ] GC(34) Concurrent reset
[19.760s][info][gc,task     ] GC(34) Using 1 of 3 workers for concurrent reset
[19.760s][info][gc,ergo     ] GC(34) Pacer for Reset. Non-Taxable: 2048M
[19.760s][info][gc          ] GC(34) Concurrent reset 0.192ms
[19.760s][info][gc,start    ] GC(34) Pause Init Mark (unload classes)
[19.760s][info][gc,task     ] GC(34) Using 3 of 3 workers for init marking
[19.760s][info][gc,ergo     ] GC(34) Pacer for Mark. Expected Live: 4814K, Free: 1412M, Non-Taxable: 141M, Alloc Tax Rate: 0.0x
[19.760s][info][gc          ] GC(34) Pause Init Mark (unload classes) 0.071ms
[19.761s][info][gc,start    ] GC(34) Concurrent marking roots
[19.761s][info][gc,task     ] GC(34) Using 1 of 3 workers for concurrent marking roots
[19.761s][info][gc          ] GC(34) Concurrent marking roots 0.397ms
[19.761s][info][gc,start    ] GC(34) Concurrent marking (unload classes)
[19.761s][info][gc,task     ] GC(34) Using 1 of 3 workers for concurrent marking
[19.766s][info][gc          ] GC(34) Concurrent marking (unload classes) 4.744ms
[19.766s][info][gc,start    ] GC(34) Pause Final Mark (unload classes)
[19.766s][info][gc,task     ] GC(34) Using 3 of 3 workers for final marking
[19.766s][info][gc,ergo     ] GC(34) Collectable Garbage: 506M (96%), Immediate: 506M (96%), CSet: 0B (0%)
[19.766s][info][gc          ] GC(34) Pause Final Mark (unload classes) 0.149ms
[19.767s][info][gc,start    ] GC(34) Concurrent weak references
[19.767s][info][gc,task     ] GC(34) Using 1 of 3 workers for concurrent weak references
[19.767s][info][gc,ref      ] GC(34) Encountered references: Soft: 80, Weak: 362, Final: 3, Phantom: 49
[19.767s][info][gc,ref      ] GC(34) Discovered  references: Soft: 0, Weak: 125, Final: 1, Phantom: 33
[19.767s][info][gc,ref      ] GC(34) Enqueued    references: Soft: 0, Weak: 0, Final: 0, Phantom: 0
[19.767s][info][gc          ] GC(34) Concurrent weak references 0.094ms
[19.767s][info][gc,start    ] GC(34) Concurrent weak roots
[19.767s][info][gc,task     ] GC(34) Using 1 of 3 workers for concurrent weak root
[19.768s][info][gc          ] GC(34) Concurrent weak roots 1.150ms
[19.768s][info][gc,start    ] GC(34) Concurrent cleanup
[19.768s][info][gc          ] GC(34) Concurrent cleanup 545M->39M(2048M) 0.060ms
[19.768s][info][gc,ergo     ] GC(34) Free: 1905M, Max: 1024K regular, 786M humongous, Frag: 59% external, 0% internal; Reserve: 103M, Max: 1024K
[19.768s][info][gc,start    ] GC(34) Concurrent class unloading
[19.768s][info][gc,task     ] GC(34) Using 1 of 3 workers for concurrent class unloading
[19.771s][info][gc          ] GC(34) Concurrent class unloading 3.319ms
[19.771s][info][gc,start    ] GC(34) Pause Final Roots
[19.771s][info][gc          ] GC(34) Pause Final Roots 0.028ms
[19.772s][info][gc,ergo     ] Free: 1900M, Max: 1024K regular, 786M humongous, Frag: 59% external, 0% internal; Reserve: 103M, Max: 1024K
[19.772s][info][gc,stats    ] 
[19.772s][info][gc,stats    ] All times are wall-clock times, except per-root-class counters, that are sum over
[19.772s][info][gc,stats    ] all workers. Dividing the <total> over the root stage time estimates parallelism.
[19.772s][info][gc,stats    ] 
[19.772s][info][gc,stats    ] Concurrent Reset                    212 us
[19.772s][info][gc,stats    ] Pause Init Mark (G)                 770 us
[19.772s][info][gc,stats    ] Pause Init Mark (N)                  80 us
[19.772s][info][gc,stats    ]   Update Region States               16 us
[19.772s][info][gc,stats    ] Concurrent Mark Roots               419 us, parallelism: 0.75x
[19.772s][info][gc,stats    ]   CMR: <total>                      316 us
[19.772s][info][gc,stats    ]   CMR: Thread Roots                 277 us, workers (us): 277, ---, ---, 
[19.772s][info][gc,stats    ]   CMR: VM Strong Roots                4 us, workers (us):   4, ---, ---, 
[19.772s][info][gc,stats    ]   CMR: CLDG Roots                    34 us, workers (us):  34, ---, ---, 
[19.772s][info][gc,stats    ] Concurrent Marking                 4777 us
[19.772s][info][gc,stats    ] Pause Final Mark (G)                340 us
[19.772s][info][gc,stats    ] Pause Final Mark (N)                158 us
[19.772s][info][gc,stats    ]   Finish Mark                        44 us
[19.772s][info][gc,stats    ]   Update Region States               29 us
[19.772s][info][gc,stats    ]   Choose Collection Set              26 us
[19.772s][info][gc,stats    ]   Rebuild Free Set                    8 us
[19.772s][info][gc,stats    ] Concurrent Weak References          103 us, parallelism: 0.09x
[19.772s][info][gc,stats    ]   CWRF: <total>                       9 us
[19.772s][info][gc,stats    ]   CWRF: Weak References               9 us, workers (us):   9, ---, ---, 
[19.772s][info][gc,stats    ] Concurrent Weak Roots              1183 us
[19.772s][info][gc,stats    ]   Roots                             986 us, parallelism: 0.96x
[19.772s][info][gc,stats    ]     CWR: <total>                    944 us
[19.772s][info][gc,stats    ]     CWR: Code Cache Roots           875 us, workers (us): 875, ---, ---, 
[19.772s][info][gc,stats    ]     CWR: VM Weak Roots               66 us, workers (us):  66, ---, ---, 
[19.772s][info][gc,stats    ]     CWR: CLDG Roots                   4 us, workers (us):   4, ---, ---, 
[19.772s][info][gc,stats    ]   Rendezvous                        146 us
[19.772s][info][gc,stats    ] Concurrent Cleanup                   71 us
[19.772s][info][gc,stats    ] Concurrent Class Unloading         3353 us
[19.772s][info][gc,stats    ]   Unlink Stale                     3048 us
[19.772s][info][gc,stats    ]     System Dictionary                 7 us
[19.772s][info][gc,stats    ]     Weak Class Links                  0 us
[19.772s][info][gc,stats    ]     Code Roots                     3039 us
[19.772s][info][gc,stats    ]   Rendezvous                         60 us
[19.772s][info][gc,stats    ]   Purge Unlinked                    190 us
[19.772s][info][gc,stats    ]     Code Roots                      185 us
[19.772s][info][gc,stats    ]     CLDG                              4 us
[19.772s][info][gc,stats    ]     Exception Caches                  0 us
[19.772s][info][gc,stats    ] Pause Final Roots (G)               465 us
[19.772s][info][gc,stats    ] Pause Final Roots (N)                37 us
[19.772s][info][gc,stats    ] 
[19.772s][info][gc,stats    ] Allocation pacing accrued:
[19.772s][info][gc,stats    ]       0 of   235 ms (  0.0%): <total>
[19.772s][info][gc,stats    ]       0 of   235 ms (  0.0%): <average total>
[19.772s][info][gc,stats    ] 
[19.772s][info][gc,metaspace] Metaspace: 8158K(8320K)->8158K(8320K) NonClass: 7191K(7296K)->7191K(7296K) Class: 966K(1024K)->966K(1024K)
[19.772s][info][gc,ergo     ] Pacer for Idle. Initial: 41943K, Alloc Tax Rate: 1.0x
[20.607s][info][gc          ] Trigger: Free (196M) is below minimum threshold (204M)
[20.607s][info][gc,ergo     ] Free: 196M, Max: 1024K regular, 196M humongous, Frag: 0% external, 0% internal; Reserve: 103M, Max: 1024K
[20.607s][info][gc,start    ] GC(35) Concurrent reset
[20.607s][info][gc,task     ] GC(35) Using 1 of 3 workers for concurrent reset
[20.607s][info][gc,ergo     ] GC(35) Pacer for Reset. Non-Taxable: 2048M
[20.608s][info][gc          ] GC(35) Concurrent reset 0.227ms
[20.608s][info][gc,start    ] GC(35) Pause Init Mark (unload classes)
[20.608s][info][gc,task     ] GC(35) Using 3 of 3 workers for init marking
[20.608s][info][gc,ergo     ] GC(35) Pacer for Mark. Expected Live: 4735K, Free: 196M, Non-Taxable: 20070K, Alloc Tax Rate: 0.0x
[20.608s][info][gc          ] GC(35) Pause Init Mark (unload classes) 0.107ms
[20.613s][info][gc,start    ] GC(35) Concurrent marking roots
[20.614s][info][gc,task     ] GC(35) Using 1 of 3 workers for concurrent marking roots
[20.614s][info][gc          ] GC(35) Concurrent marking roots 0.586ms
[20.614s][info][gc,start    ] GC(35) Concurrent marking (unload classes)
[20.614s][info][gc,task     ] GC(35) Using 1 of 3 workers for concurrent marking
[20.621s][info][gc          ] GC(35) Concurrent marking (unload classes) 6.421ms
[20.621s][info][gc,start    ] GC(35) Pause Final Mark (unload classes)
[20.621s][info][gc,task     ] GC(35) Using 3 of 3 workers for final marking
[20.621s][info][gc,ergo     ] GC(35) Collectable Garbage: 1721M (98%), Immediate: 1721M (98%), CSet: 0B (0%)
[20.621s][info][gc          ] GC(35) Pause Final Mark (unload classes) 0.166ms
[20.622s][info][gc,start    ] GC(35) Concurrent weak references
[20.622s][info][gc,task     ] GC(35) Using 1 of 3 workers for concurrent weak references
[20.622s][info][gc,ref      ] GC(35) Encountered references: Soft: 80, Weak: 364, Final: 3, Phantom: 49
[20.622s][info][gc,ref      ] GC(35) Discovered  references: Soft: 0, Weak: 125, Final: 1, Phantom: 35
[20.622s][info][gc,ref      ] GC(35) Enqueued    references: Soft: 0, Weak: 0, Final: 0, Phantom: 0
[20.622s][info][gc          ] GC(35) Concurrent weak references 0.107ms
[20.622s][info][gc,start    ] GC(35) Concurrent weak roots
[20.622s][info][gc,task     ] GC(35) Using 1 of 3 workers for concurrent weak root
[20.624s][info][gc          ] GC(35) Concurrent weak roots 2.098ms
[20.624s][info][gc,start    ] GC(35) Concurrent cleanup
[20.625s][info][gc          ] GC(35) Concurrent cleanup 1777M->55M(2048M) 0.122ms
[20.625s][info][gc,ergo     ] GC(35) Free: 1889M, Max: 1024K regular, 1152M humongous, Frag: 40% external, 0% internal; Reserve: 103M, Max: 1024K
[20.625s][info][gc,start    ] GC(35) Concurrent class unloading
[20.625s][info][gc,task     ] GC(35) Using 1 of 3 workers for concurrent class unloading
[20.629s][info][gc          ] GC(35) Concurrent class unloading 3.894ms
[20.629s][info][gc,start    ] GC(35) Pause Final Roots
[20.629s][info][gc          ] GC(35) Pause Final Roots 0.028ms
[20.630s][info][gc,ergo     ] Free: 1879M, Max: 1024K regular, 1142M humongous, Frag: 40% external, 0% internal; Reserve: 103M, Max: 1024K
[20.630s][info][gc,stats    ] 
[20.630s][info][gc,stats    ] All times are wall-clock times, except per-root-class counters, that are sum over
[20.630s][info][gc,stats    ] all workers. Dividing the <total> over the root stage time estimates parallelism.
[20.630s][info][gc,stats    ] 
[20.630s][info][gc,stats    ] Concurrent Reset                    247 us
[20.630s][info][gc,stats    ] Pause Init Mark (G)                5856 us
[20.630s][info][gc,stats    ] Pause Init Mark (N)                 117 us
[20.630s][info][gc,stats    ]   Update Region States               42 us
[20.630s][info][gc,stats    ] Concurrent Mark Roots               612 us, parallelism: 0.58x
[20.630s][info][gc,stats    ]   CMR: <total>                      356 us
[20.631s][info][gc,stats    ]   CMR: Thread Roots                 306 us, workers (us): 306, ---, ---, 
[20.631s][info][gc,stats    ]   CMR: VM Strong Roots                5 us, workers (us):   5, ---, ---, 
[20.631s][info][gc,stats    ]   CMR: CLDG Roots                    46 us, workers (us):  46, ---, ---, 
[20.631s][info][gc,stats    ] Concurrent Marking                 6455 us
[20.631s][info][gc,stats    ] Pause Final Mark (G)               1664 us
[20.631s][info][gc,stats    ] Pause Final Mark (N)                175 us
[20.631s][info][gc,stats    ]   Finish Mark                        46 us
[20.631s][info][gc,stats    ]   Update Region States               34 us
[20.631s][info][gc,stats    ]   Choose Collection Set              32 us
[20.631s][info][gc,stats    ]   Rebuild Free Set                    8 us
[20.631s][info][gc,stats    ] Concurrent Weak References          117 us, parallelism: 0.10x
[20.631s][info][gc,stats    ]   CWRF: <total>                      12 us
[20.631s][info][gc,stats    ]   CWRF: Weak References              12 us, workers (us):  12, ---, ---, 
[20.631s][info][gc,stats    ] Concurrent Weak Roots              2136 us
[20.631s][info][gc,stats    ]   Roots                            1031 us, parallelism: 0.94x
[20.631s][info][gc,stats    ]     CWR: <total>                    970 us
[20.631s][info][gc,stats    ]     CWR: Code Cache Roots           887 us, workers (us): 887, ---, ---, 
[20.631s][info][gc,stats    ]     CWR: VM Weak Roots               78 us, workers (us):  78, ---, ---, 
[20.631s][info][gc,stats    ]     CWR: CLDG Roots                   5 us, workers (us):   5, ---, ---, 
[20.631s][info][gc,stats    ]   Rendezvous                       1047 us
[20.631s][info][gc,stats    ] Concurrent Cleanup                  134 us
[20.631s][info][gc,stats    ] Concurrent Class Unloading         3930 us
[20.631s][info][gc,stats    ]   Unlink Stale                     3196 us
[20.631s][info][gc,stats    ]     System Dictionary                 6 us
[20.631s][info][gc,stats    ]     Weak Class Links                  0 us
[20.631s][info][gc,stats    ]     Code Roots                     3189 us
[20.631s][info][gc,stats    ]   Rendezvous                        441 us
[20.631s][info][gc,stats    ]   Purge Unlinked                    234 us
[20.631s][info][gc,stats    ]     Code Roots                      229 us
[20.631s][info][gc,stats    ]     CLDG                              4 us
[20.631s][info][gc,stats    ]     Exception Caches                  0 us
[20.631s][info][gc,stats    ] Pause Final Roots (G)              1760 us
[20.631s][info][gc,stats    ] Pause Final Roots (N)                43 us
[20.631s][info][gc,stats    ] 
[20.631s][info][gc,stats    ] Allocation pacing accrued:
[20.631s][info][gc,stats    ]       0 of   859 ms (  0.0%): <total>
[20.631s][info][gc,stats    ]       0 of   859 ms (  0.0%): <average total>
[20.631s][info][gc,stats    ] 
[20.631s][info][gc,metaspace] Metaspace: 8158K(8320K)->8158K(8320K) NonClass: 7191K(7296K)->7191K(7296K) Class: 966K(1024K)->966K(1024K)
[20.631s][info][gc,ergo     ] Pacer for Idle. Initial: 41943K, Alloc Tax Rate: 1.0x
[21.216s][info][gc          ] Trigger: Explicit GC request (System.gc())
[21.216s][info][gc,ergo     ] Free: 768M, Max: 1024K regular, 530M humongous, Frag: 31% external, 0% internal; Reserve: 103M, Max: 1024K
[21.216s][info][gc,start    ] GC(36) Concurrent reset
[21.216s][info][gc,task     ] GC(36) Using 1 of 3 workers for concurrent reset
[21.216s][info][gc,ergo     ] GC(36) Pacer for Reset. Non-Taxable: 2048M
[21.216s][info][gc          ] GC(36) Concurrent reset 0.248ms
[21.217s][info][gc,start    ] GC(36) Pause Init Mark (unload classes)
[21.217s][info][gc,task     ] GC(36) Using 3 of 3 workers for init marking
[21.217s][info][gc,ref      ] GC(36) Clearing All SoftReferences
[21.217s][info][gc,ergo     ] GC(36) Pacer for Mark. Expected Live: 5042K, Free: 768M, Non-Taxable: 78738K, Alloc Tax Rate: 0.0x
[21.217s][info][gc          ] GC(36) Pause Init Mark (unload classes) 0.147ms
[21.217s][info][gc,start    ] GC(36) Concurrent marking roots
[21.217s][info][gc,task     ] GC(36) Using 1 of 3 workers for concurrent marking roots
[21.217s][info][gc          ] GC(36) Concurrent marking roots 0.655ms
[21.217s][info][gc,start    ] GC(36) Concurrent marking (unload classes)
[21.217s][info][gc,task     ] GC(36) Using 1 of 3 workers for concurrent marking
[21.222s][info][gc          ] GC(36) Concurrent marking (unload classes) 4.087ms
[21.222s][info][gc,start    ] GC(36) Pause Final Mark (unload classes)
[21.222s][info][gc,task     ] GC(36) Using 3 of 3 workers for final marking
[21.222s][info][gc,ergo     ] GC(36) Collectable Garbage: 1166M (99%), Immediate: 1166M (99%), CSet: 0B (0%)
[21.222s][info][gc          ] GC(36) Pause Final Mark (unload classes) 0.354ms
[21.222s][info][gc,start    ] GC(36) Concurrent weak references
[21.222s][info][gc,task     ] GC(36) Using 1 of 3 workers for concurrent weak references
[21.222s][info][gc,ref      ] GC(36) Encountered references: Soft: 79, Weak: 352, Final: 3, Phantom: 47
[21.222s][info][gc,ref      ] GC(36) Discovered  references: Soft: 46, Weak: 140, Final: 1, Phantom: 38
[21.222s][info][gc,ref      ] GC(36) Enqueued    references: Soft: 4, Weak: 0, Final: 0, Phantom: 6
[21.222s][info][gc          ] GC(36) Concurrent weak references 0.215ms
[21.222s][info][gc,start    ] GC(36) Concurrent weak roots
[21.222s][info][gc,task     ] GC(36) Using 1 of 3 workers for concurrent weak root
[21.223s][info][gc          ] GC(36) Concurrent weak roots 0.998ms
[21.223s][info][gc,start    ] GC(36) Concurrent cleanup
[21.223s][info][gc          ] GC(36) Concurrent cleanup 1176M->9M(2048M) 0.068ms
[21.223s][info][gc,ergo     ] GC(36) Free: 1935M, Max: 1024K regular, 983M humongous, Frag: 50% external, 0% internal; Reserve: 103M, Max: 1024K
[21.223s][info][gc,start    ] GC(36) Concurrent class unloading
[21.223s][info][gc,task     ] GC(36) Using 1 of 3 workers for concurrent class unloading
[21.228s][info][gc          ] GC(36) Concurrent class unloading 4.758ms
[21.228s][info][gc,start    ] GC(36) Pause Final Roots
[21.228s][info][gc          ] GC(36) Pause Final Roots 0.056ms
[21.228s][info][gc,ergo     ] Free: 1935M, Max: 1024K regular, 983M humongous, Frag: 50% external, 0% internal; Reserve: 103M, Max: 1024K
[21.228s][info][gc,stats    ] 
[21.228s][info][gc,stats    ] All times are wall-clock times, except per-root-class counters, that are sum over
[21.228s][info][gc,stats    ] all workers. Dividing the <total> over the root stage time estimates parallelism.
[21.228s][info][gc,stats    ] 
[21.228s][info][gc,stats    ] Concurrent Reset                    304 us
[21.228s][info][gc,stats    ] Pause Init Mark (G)                 234 us
[21.228s][info][gc,stats    ] Pause Init Mark (N)                 163 us
[21.228s][info][gc,stats    ]   Update Region States               69 us
[21.228s][info][gc,stats    ] Concurrent Mark Roots               664 us, parallelism: 0.84x
[21.228s][info][gc,stats    ]   CMR: <total>                      559 us
[21.229s][info][gc,stats    ]   CMR: Thread Roots                 494 us, workers (us): 494, ---, ---, 
[21.229s][info][gc,stats    ]   CMR: VM Strong Roots                7 us, workers (us):   7, ---, ---, 
[21.229s][info][gc,stats    ]   CMR: CLDG Roots                    58 us, workers (us):  58, ---, ---, 
[21.229s][info][gc,stats    ] Concurrent Marking                 4112 us
[21.229s][info][gc,stats    ] Pause Final Mark (G)                423 us
[21.229s][info][gc,stats    ] Pause Final Mark (N)                364 us
[21.229s][info][gc,stats    ]   Finish Mark                       144 us
[21.229s][info][gc,stats    ]   Update Region States               85 us
[21.229s][info][gc,stats    ]   Choose Collection Set              52 us
[21.229s][info][gc,stats    ]   Rebuild Free Set                    8 us
[21.229s][info][gc,stats    ] Concurrent Weak References          235 us, parallelism: 0.07x
[21.229s][info][gc,stats    ]   CWRF: <total>                      17 us
[21.229s][info][gc,stats    ]   CWRF: Weak References              17 us, workers (us):  17, ---, ---, 
[21.229s][info][gc,stats    ] Concurrent Weak Roots              1015 us
[21.229s][info][gc,stats    ]   Roots                             896 us, parallelism: 0.95x
[21.229s][info][gc,stats    ]     CWR: <total>                    855 us
[21.229s][info][gc,stats    ]     CWR: Code Cache Roots           730 us, workers (us): 730, ---, ---, 
[21.229s][info][gc,stats    ]     CWR: VM Weak Roots              121 us, workers (us): 121, ---, ---, 
[21.229s][info][gc,stats    ]     CWR: CLDG Roots                   5 us, workers (us):   5, ---, ---, 
[21.229s][info][gc,stats    ]   Rendezvous                         63 us
[21.229s][info][gc,stats    ] Concurrent Cleanup                   76 us
[21.229s][info][gc,stats    ] Concurrent Class Unloading         4807 us
[21.229s][info][gc,stats    ]   Unlink Stale                     4518 us
[21.229s][info][gc,stats    ]     System Dictionary                60 us
[21.229s][info][gc,stats    ]     Weak Class Links               1462 us
[21.229s][info][gc,stats    ]     Code Roots                     2994 us
[21.229s][info][gc,stats    ]   Rendezvous                         80 us
[21.229s][info][gc,stats    ]   Purge Unlinked                    141 us
[21.229s][info][gc,stats    ]     Code Roots                      119 us
[21.229s][info][gc,stats    ]     CLDG                             22 us
[21.229s][info][gc,stats    ]     Exception Caches                  0 us
[21.229s][info][gc,stats    ] Pause Final Roots (G)               158 us
[21.229s][info][gc,stats    ] Pause Final Roots (N)                75 us
[21.229s][info][gc,stats    ] 
[21.229s][info][gc,stats    ] Allocation pacing accrued:
[21.229s][info][gc,stats    ]       0 of   598 ms (  0.0%): <total>
[21.229s][info][gc,stats    ]       0 of   598 ms (  0.0%): <average total>
[21.229s][info][gc,stats    ] 
[21.229s][info][gc,metaspace] Metaspace: 8158K(8320K)->8156K(8320K) NonClass: 7191K(7296K)->7190K(7296K) Class: 966K(1024K)->966K(1024K)
[21.229s][info][gc,ergo     ] Pacer for Idle. Initial: 41943K, Alloc Tax Rate: 1.0x
[21.476s][info][gc          ] Trigger: Learning 2 of 5. Free (1432M) is below initial threshold (1433M)
[21.476s][info][gc,ergo     ] Free: 1432M, Max: 1024K regular, 818M humongous, Frag: 43% external, 0% internal; Reserve: 103M, Max: 1024K
[21.476s][info][gc,start    ] GC(37) Concurrent reset
[21.476s][info][gc,task     ] GC(37) Using 1 of 3 workers for concurrent reset
[21.476s][info][gc,ergo     ] GC(37) Pacer for Reset. Non-Taxable: 2048M
[21.476s][info][gc          ] GC(37) Concurrent reset 0.211ms
[21.477s][info][gc,start    ] GC(37) Pause Init Mark (unload classes)
[21.477s][info][gc,task     ] GC(37) Using 3 of 3 workers for init marking
[21.477s][info][gc,ergo     ] GC(37) Pacer for Mark. Expected Live: 4741K, Free: 1432M, Non-Taxable: 143M, Alloc Tax Rate: 0.0x
[21.477s][info][gc          ] GC(37) Pause Init Mark (unload classes) 0.096ms
[21.479s][info][gc,start    ] GC(37) Concurrent marking roots
[21.479s][info][gc,task     ] GC(37) Using 1 of 3 workers for concurrent marking roots
[21.479s][info][gc          ] GC(37) Concurrent marking roots 0.453ms
[21.479s][info][gc,start    ] GC(37) Concurrent marking (unload classes)
[21.479s][info][gc,task     ] GC(37) Using 1 of 3 workers for concurrent marking
[21.485s][info][gc          ] GC(37) Concurrent marking (unload classes) 5.962ms
[21.485s][info][gc,start    ] GC(37) Pause Final Mark (unload classes)
[21.485s][info][gc,task     ] GC(37) Using 3 of 3 workers for final marking
[21.485s][info][gc,ergo     ] GC(37) Adaptive CSet Selection. Target Free: 290M, Actual Free: 1962M, Max CSet: 87381K, Min Garbage: 0B
[21.485s][info][gc,ergo     ] GC(37) Collectable Garbage: 506M (99%), Immediate: 444M (87%), CSet: 64431K (12%)
[21.485s][info][gc,ergo     ] GC(37) Pacer for Evacuation. Used CSet: 66560K, Free: 1860M, Non-Taxable: 186M, Alloc Tax Rate: 1.1x
[21.485s][info][gc          ] GC(37) Pause Final Mark (unload classes) 0.189ms
[21.486s][info][gc,start    ] GC(37) Concurrent thread roots
[21.486s][info][gc,task     ] GC(37) Using 1 of 3 workers for Concurrent thread roots
[21.486s][info][gc          ] GC(37) Concurrent thread roots 0.447ms
[21.486s][info][gc,start    ] GC(37) Concurrent weak references
[21.486s][info][gc,task     ] GC(37) Using 1 of 3 workers for concurrent weak references
[21.486s][info][gc,ref      ] GC(37) Encountered references: Soft: 80, Weak: 362, Final: 3, Phantom: 49
[21.486s][info][gc,ref      ] GC(37) Discovered  references: Soft: 0, Weak: 125, Final: 1, Phantom: 32
[21.486s][info][gc,ref      ] GC(37) Enqueued    references: Soft: 0, Weak: 0, Final: 0, Phantom: 0
[21.486s][info][gc          ] GC(37) Concurrent weak references 0.071ms
[21.486s][info][gc,start    ] GC(37) Concurrent weak roots
[21.486s][info][gc,task     ] GC(37) Using 1 of 3 workers for concurrent weak root
[21.495s][info][gc          ] GC(37) Concurrent weak roots 8.778ms
[21.495s][info][gc,start    ] GC(37) Concurrent cleanup
[21.495s][info][gc          ] GC(37) Concurrent cleanup 545M->101M(2048M) 0.057ms
[21.495s][info][gc,ergo     ] GC(37) Free: 1843M, Max: 1024K regular, 818M humongous, Frag: 56% external, 0% internal; Reserve: 102M, Max: 1024K
[21.495s][info][gc,start    ] GC(37) Concurrent class unloading
[21.495s][info][gc,task     ] GC(37) Using 1 of 3 workers for concurrent class unloading
[21.506s][info][gc          ] GC(37) Concurrent class unloading 10.308ms
[21.506s][info][gc,start    ] GC(37) Concurrent strong roots
[21.506s][info][gc,task     ] GC(37) Using 1 of 3 workers for concurrent strong root
[21.506s][info][gc          ] GC(37) Concurrent strong roots 0.109ms
[21.506s][info][gc,start    ] GC(37) Concurrent evacuation
[21.506s][info][gc,task     ] GC(37) Using 1 of 3 workers for concurrent evacuation
[21.507s][info][gc          ] GC(37) Concurrent evacuation 0.962ms
[21.507s][info][gc,start    ] GC(37) Pause Init Update Refs
[21.507s][info][gc,ergo     ] GC(37) Pacer for Update Refs. Used: 119M, Free: 1827M, Non-Taxable: 182M, Alloc Tax Rate: 1.1x
[21.507s][info][gc          ] GC(37) Pause Init Update Refs 0.051ms
[21.512s][info][gc,start    ] GC(37) Concurrent update references
[21.512s][info][gc,task     ] GC(37) Using 1 of 3 workers for concurrent reference update
[21.518s][info][gc          ] GC(37) Concurrent update references 5.678ms
[21.518s][info][gc,start    ] GC(37) Concurrent update thread roots
[21.519s][info][gc          ] GC(37) Concurrent update thread roots 0.894ms
[21.519s][info][gc,start    ] GC(37) Pause Final Update Refs
[21.519s][info][gc,task     ] GC(37) Using 3 of 3 workers for final reference update
[21.519s][info][gc          ] GC(37) Pause Final Update Refs 0.102ms
[21.523s][info][gc,start    ] GC(37) Concurrent cleanup
[21.523s][info][gc          ] GC(37) Concurrent cleanup 136M->80M(2048M) 0.072ms
[21.523s][info][gc,ergo     ] Free: 1864M, Max: 1024K regular, 818M humongous, Frag: 57% external, 0% internal; Reserve: 103M, Max: 1024K
[21.523s][info][gc,stats    ] 
[21.523s][info][gc,stats    ] All times are wall-clock times, except per-root-class counters, that are sum over
[21.523s][info][gc,stats    ] all workers. Dividing the <total> over the root stage time estimates parallelism.
[21.523s][info][gc,stats    ] 
[21.523s][info][gc,stats    ] Concurrent Reset                    230 us
[21.523s][info][gc,stats    ] Pause Init Mark (G)                2000 us
[21.523s][info][gc,stats    ] Pause Init Mark (N)                 105 us
[21.523s][info][gc,stats    ]   Update Region States               39 us
[21.523s][info][gc,stats    ] Concurrent Mark Roots               470 us, parallelism: 0.77x
[21.523s][info][gc,stats    ]   CMR: <total>                      363 us
[21.523s][info][gc,stats    ]   CMR: Thread Roots                 327 us, workers (us): 327, ---, ---, 
[21.523s][info][gc,stats    ]   CMR: VM Strong Roots                4 us, workers (us):   4, ---, ---, 
[21.523s][info][gc,stats    ]   CMR: CLDG Roots                    32 us, workers (us):  32, ---, ---, 
[21.523s][info][gc,stats    ] Concurrent Marking                 5996 us
[21.523s][info][gc,stats    ] Pause Final Mark (G)                910 us
[21.523s][info][gc,stats    ] Pause Final Mark (N)                198 us
[21.523s][info][gc,stats    ]   Finish Mark                        47 us
[21.523s][info][gc,stats    ]   Update Region States               33 us
[21.523s][info][gc,stats    ]   Choose Collection Set              51 us
[21.523s][info][gc,stats    ]   Rebuild Free Set                    8 us
[21.523s][info][gc,stats    ] Concurrent Thread Roots             462 us, parallelism: 0.84x
[21.523s][info][gc,stats    ]   CTR: <total>                      386 us
[21.523s][info][gc,stats    ]   CTR: Thread Roots                 386 us, workers (us): 386, ---, ---, 
[21.523s][info][gc,stats    ] Concurrent Weak References           79 us, parallelism: 0.14x
[21.523s][info][gc,stats    ]   CWRF: <total>                      11 us
[21.523s][info][gc,stats    ]   CWRF: Weak References              11 us, workers (us):  11, ---, ---, 
[21.523s][info][gc,stats    ] Concurrent Weak Roots              8818 us
[21.523s][info][gc,stats    ]   Roots                             915 us, parallelism: 0.94x
[21.523s][info][gc,stats    ]     CWR: <total>                    863 us
[21.523s][info][gc,stats    ]     CWR: Code Cache Roots           763 us, workers (us): 763, ---, ---, 
[21.523s][info][gc,stats    ]     CWR: VM Weak Roots               96 us, workers (us):  96, ---, ---, 
[21.523s][info][gc,stats    ]     CWR: CLDG Roots                   4 us, workers (us):   4, ---, ---, 
[21.523s][info][gc,stats    ]   Rendezvous                       7841 us
[21.523s][info][gc,stats    ] Concurrent Cleanup                   68 us
[21.523s][info][gc,stats    ] Concurrent Class Unloading        10345 us
[21.523s][info][gc,stats    ]   Unlink Stale                     3332 us
[21.523s][info][gc,stats    ]     System Dictionary                 8 us
[21.523s][info][gc,stats    ]     Weak Class Links                  1 us
[21.523s][info][gc,stats    ]     Code Roots                     3322 us
[21.523s][info][gc,stats    ]   Rendezvous                       6713 us
[21.523s][info][gc,stats    ]   Purge Unlinked                    240 us
[21.523s][info][gc,stats    ]     Code Roots                      233 us
[21.523s][info][gc,stats    ]     CLDG                              6 us
[21.523s][info][gc,stats    ]     Exception Caches                  0 us
[21.523s][info][gc,stats    ] Concurrent Strong Roots             127 us, parallelism: 0.42x
[21.523s][info][gc,stats    ]   CSR: <total>                       53 us
[21.523s][info][gc,stats    ]   CSR: VM Strong Roots                4 us, workers (us):   4, ---, ---, 
[21.524s][info][gc,stats    ]   CSR: CLDG Roots                    49 us, workers (us):  49, ---, ---, 
[21.524s][info][gc,stats    ] Concurrent Evacuation              1006 us
[21.524s][info][gc,stats    ] Pause Init Update Refs (G)         5200 us
[21.524s][info][gc,stats    ] Pause Init Update Refs (N)           59 us
[21.524s][info][gc,stats    ]   Manage GCLABs                       6 us
[21.524s][info][gc,stats    ] Concurrent Update Refs             5720 us
[21.524s][info][gc,stats    ] Concurrent Update Thread Roots      921 us
[21.524s][info][gc,stats    ] Pause Final Update Refs (G)        4328 us
[21.524s][info][gc,stats    ] Pause Final Update Refs (N)         113 us
[21.524s][info][gc,stats    ]   Update Region States               44 us
[21.524s][info][gc,stats    ]   Trash Collection Set                4 us
[21.524s][info][gc,stats    ]   Rebuild Free Set                   15 us
[21.524s][info][gc,stats    ] Concurrent Cleanup                   84 us
[21.524s][info][gc,stats    ] 
[21.524s][info][gc,stats    ] Allocation pacing accrued:
[21.524s][info][gc,stats    ]       0 of   295 ms (  0.0%): <total>
[21.524s][info][gc,stats    ]       0 of   295 ms (  0.0%): <average total>
[21.524s][info][gc,stats    ] 
[21.524s][info][gc,metaspace] Metaspace: 8164K(8320K)->8164K(8320K) NonClass: 7197K(7296K)->7197K(7296K) Class: 966K(1024K)->966K(1024K)
[21.524s][info][gc,ergo     ] Pacer for Idle. Initial: 41943K, Alloc Tax Rate: 1.0x
[21.732s][info][gc          ] Trigger: Learning 3 of 5. Free (1421M) is below initial threshold (1433M)
[21.732s][info][gc,ergo     ] Free: 1420M, Max: 1024K regular, 818M humongous, Frag: 43% external, 0% internal; Reserve: 103M, Max: 1024K
[21.732s][info][gc,start    ] GC(38) Concurrent reset
[21.732s][info][gc,task     ] GC(38) Using 1 of 3 workers for concurrent reset
[21.732s][info][gc,ergo     ] GC(38) Pacer for Reset. Non-Taxable: 2048M
[21.732s][info][gc          ] GC(38) Concurrent reset 0.395ms
[21.732s][info][gc,start    ] GC(38) Pause Init Mark (unload classes)
[21.732s][info][gc,task     ] GC(38) Using 3 of 3 workers for init marking
[21.733s][info][gc,ergo     ] GC(38) Pacer for Mark. Expected Live: 4732K, Free: 1420M, Non-Taxable: 142M, Alloc Tax Rate: 0.0x
[21.733s][info][gc          ] GC(38) Pause Init Mark (unload classes) 0.129ms
[21.737s][info][gc,start    ] GC(38) Concurrent marking roots
[21.737s][info][gc,task     ] GC(38) Using 1 of 3 workers for concurrent marking roots
[21.737s][info][gc          ] GC(38) Concurrent marking roots 0.394ms
[21.737s][info][gc,start    ] GC(38) Concurrent marking (unload classes)
[21.737s][info][gc,task     ] GC(38) Using 1 of 3 workers for concurrent marking
[21.743s][info][gc          ] GC(38) Concurrent marking (unload classes) 5.612ms
[21.743s][info][gc,start    ] GC(38) Pause Final Mark (unload classes)
[21.743s][info][gc,task     ] GC(38) Using 3 of 3 workers for final marking
[21.743s][info][gc,ergo     ] GC(38) Collectable Garbage: 496M (95%), Immediate: 496M (95%), CSet: 0B (0%)
[21.743s][info][gc          ] GC(38) Pause Final Mark (unload classes) 0.177ms
[21.749s][info][gc,start    ] GC(38) Concurrent weak references
[21.749s][info][gc,task     ] GC(38) Using 1 of 3 workers for concurrent weak references
[21.749s][info][gc,ref      ] GC(38) Encountered references: Soft: 80, Weak: 361, Final: 3, Phantom: 49
[21.749s][info][gc,ref      ] GC(38) Discovered  references: Soft: 0, Weak: 125, Final: 1, Phantom: 32
[21.749s][info][gc,ref      ] GC(38) Enqueued    references: Soft: 0, Weak: 0, Final: 0, Phantom: 0
[21.749s][info][gc          ] GC(38) Concurrent weak references 0.122ms
[21.749s][info][gc,start    ] GC(38) Concurrent weak roots
[21.749s][info][gc,task     ] GC(38) Using 1 of 3 workers for concurrent weak root
[21.750s][info][gc          ] GC(38) Concurrent weak roots 1.221ms
[21.750s][info][gc,start    ] GC(38) Concurrent cleanup
[21.750s][info][gc          ] GC(38) Concurrent cleanup 553M->57M(2048M) 0.056ms
[21.750s][info][gc,ergo     ] GC(38) Free: 1887M, Max: 1024K regular, 818M humongous, Frag: 57% external, 0% internal; Reserve: 103M, Max: 1024K
[21.750s][info][gc,start    ] GC(38) Concurrent class unloading
[21.750s][info][gc,task     ] GC(38) Using 1 of 3 workers for concurrent class unloading
[21.754s][info][gc          ] GC(38) Concurrent class unloading 3.384ms
[21.754s][info][gc,start    ] GC(38) Pause Final Roots
[21.754s][info][gc          ] GC(38) Pause Final Roots 0.021ms
[21.757s][info][gc,ergo     ] Free: 1873M, Max: 1024K regular, 818M humongous, Frag: 57% external, 0% internal; Reserve: 103M, Max: 1024K
[21.757s][info][gc,stats    ] 
[21.757s][info][gc,stats    ] All times are wall-clock times, except per-root-class counters, that are sum over
[21.757s][info][gc,stats    ] all workers. Dividing the <total> over the root stage time estimates parallelism.
[21.757s][info][gc,stats    ] 
[21.757s][info][gc,stats    ] Concurrent Reset                    422 us
[21.757s][info][gc,stats    ] Pause Init Mark (G)                4195 us
[21.757s][info][gc,stats    ] Pause Init Mark (N)                 138 us
[21.757s][info][gc,stats    ]   Update Region States               46 us
[21.757s][info][gc,stats    ] Concurrent Mark Roots               408 us, parallelism: 0.76x
[21.757s][info][gc,stats    ]   CMR: <total>                      311 us
[21.757s][info][gc,stats    ]   CMR: Thread Roots                 272 us, workers (us): 272, ---, ---, 
[21.757s][info][gc,stats    ]   CMR: VM Strong Roots                5 us, workers (us):   5, ---, ---, 
[21.757s][info][gc,stats    ]   CMR: CLDG Roots                    33 us, workers (us):  33, ---, ---, 
[21.757s][info][gc,stats    ] Concurrent Marking                 5643 us
[21.757s][info][gc,stats    ] Pause Final Mark (G)               6126 us
[21.757s][info][gc,stats    ] Pause Final Mark (N)                187 us
[21.757s][info][gc,stats    ]   Finish Mark                        39 us
[21.757s][info][gc,stats    ]   Update Region States               40 us
[21.757s][info][gc,stats    ]   Choose Collection Set              45 us
[21.757s][info][gc,stats    ]   Rebuild Free Set                    8 us
[21.757s][info][gc,stats    ] Concurrent Weak References          132 us, parallelism: 0.07x
[21.757s][info][gc,stats    ]   CWRF: <total>                       9 us
[21.757s][info][gc,stats    ]   CWRF: Weak References               9 us, workers (us):   9, ---, ---, 
[21.757s][info][gc,stats    ] Concurrent Weak Roots              1254 us
[21.757s][info][gc,stats    ]   Roots                            1020 us, parallelism: 0.96x
[21.757s][info][gc,stats    ]     CWR: <total>                    982 us
[21.757s][info][gc,stats    ]     CWR: Code Cache Roots           907 us, workers (us): 907, ---, ---, 
[21.757s][info][gc,stats    ]     CWR: VM Weak Roots               71 us, workers (us):  71, ---, ---, 
[21.757s][info][gc,stats    ]     CWR: CLDG Roots                   4 us, workers (us):   4, ---, ---, 
[21.757s][info][gc,stats    ]   Rendezvous                        181 us
[21.757s][info][gc,stats    ] Concurrent Cleanup                   67 us
[21.757s][info][gc,stats    ] Concurrent Class Unloading         3415 us
[21.757s][info][gc,stats    ]   Unlink Stale                     2993 us
[21.757s][info][gc,stats    ]     System Dictionary                 7 us
[21.757s][info][gc,stats    ]     Weak Class Links                  0 us
[21.757s][info][gc,stats    ]     Code Roots                     2985 us
[21.757s][info][gc,stats    ]   Rendezvous                        170 us
[21.757s][info][gc,stats    ]   Purge Unlinked                    201 us
[21.757s][info][gc,stats    ]     Code Roots                      197 us
[21.757s][info][gc,stats    ]     CLDG                              4 us
[21.757s][info][gc,stats    ]     Exception Caches                  0 us
[21.757s][info][gc,stats    ] Pause Final Roots (G)              2887 us
[21.757s][info][gc,stats    ] Pause Final Roots (N)                29 us
[21.757s][info][gc,stats    ] 
[21.757s][info][gc,stats    ] Allocation pacing accrued:
[21.757s][info][gc,stats    ]       0 of   233 ms (  0.0%): <total>
[21.757s][info][gc,stats    ]       0 of   233 ms (  0.0%): <average total>
[21.757s][info][gc,stats    ] 
[21.757s][info][gc,metaspace] Metaspace: 8164K(8320K)->8164K(8320K) NonClass: 7197K(7296K)->7197K(7296K) Class: 966K(1024K)->966K(1024K)
[21.757s][info][gc,ergo     ] Pacer for Idle. Initial: 41943K, Alloc Tax Rate: 1.0x
[21.971s][info][gc          ] Trigger: Learning 4 of 5. Free (1427M) is below initial threshold (1433M)
[21.971s][info][gc,ergo     ] Free: 1427M, Max: 1024K regular, 818M humongous, Frag: 43% external, 0% internal; Reserve: 103M, Max: 1024K
[21.971s][info][gc,start    ] GC(39) Concurrent reset
[21.971s][info][gc,task     ] GC(39) Using 1 of 3 workers for concurrent reset
[21.971s][info][gc,ergo     ] GC(39) Pacer for Reset. Non-Taxable: 2048M
[21.972s][info][gc          ] GC(39) Concurrent reset 0.217ms
[21.972s][info][gc,start    ] GC(39) Pause Init Mark (unload classes)
[21.972s][info][gc,task     ] GC(39) Using 3 of 3 workers for init marking
[21.972s][info][gc,ergo     ] GC(39) Pacer for Mark. Expected Live: 4712K, Free: 1426M, Non-Taxable: 142M, Alloc Tax Rate: 0.0x
[21.972s][info][gc          ] GC(39) Pause Init Mark (unload classes) 0.094ms
[21.976s][info][gc,start    ] GC(39) Concurrent marking roots
[21.976s][info][gc,task     ] GC(39) Using 1 of 3 workers for concurrent marking roots
[21.976s][info][gc          ] GC(39) Concurrent marking roots 0.450ms
[21.976s][info][gc,start    ] GC(39) Concurrent marking (unload classes)
[21.976s][info][gc,task     ] GC(39) Using 1 of 3 workers for concurrent marking
[21.982s][info][gc          ] GC(39) Concurrent marking (unload classes) 5.479ms
[21.982s][info][gc,start    ] GC(39) Pause Final Mark (unload classes)
[21.982s][info][gc,task     ] GC(39) Using 3 of 3 workers for final marking
[21.982s][info][gc,ergo     ] GC(39) Collectable Garbage: 494M (96%), Immediate: 494M (96%), CSet: 0B (0%)
[21.982s][info][gc          ] GC(39) Pause Final Mark (unload classes) 0.153ms
[21.985s][info][gc,start    ] GC(39) Concurrent weak references
[21.985s][info][gc,task     ] GC(39) Using 1 of 3 workers for concurrent weak references
[21.986s][info][gc,ref      ] GC(39) Encountered references: Soft: 80, Weak: 362, Final: 3, Phantom: 49
[21.986s][info][gc,ref      ] GC(39) Discovered  references: Soft: 0, Weak: 125, Final: 1, Phantom: 32
[21.986s][info][gc,ref      ] GC(39) Enqueued    references: Soft: 0, Weak: 0, Final: 0, Phantom: 0
[21.986s][info][gc          ] GC(39) Concurrent weak references 0.120ms
[21.986s][info][gc,start    ] GC(39) Concurrent weak roots
[21.986s][info][gc,task     ] GC(39) Using 1 of 3 workers for concurrent weak root
[21.987s][info][gc          ] GC(39) Concurrent weak roots 1.037ms
[21.987s][info][gc,start    ] GC(39) Concurrent cleanup
[21.987s][info][gc          ] GC(39) Concurrent cleanup 543M->49M(2048M) 0.053ms
[21.987s][info][gc,ergo     ] GC(39) Free: 1895M, Max: 1024K regular, 818M humongous, Frag: 57% external, 0% internal; Reserve: 103M, Max: 1024K
[21.987s][info][gc,start    ] GC(39) Concurrent class unloading
[21.987s][info][gc,task     ] GC(39) Using 1 of 3 workers for concurrent class unloading
[21.990s][info][gc          ] GC(39) Concurrent class unloading 3.549ms
[21.990s][info][gc,start    ] GC(39) Pause Final Roots
[21.990s][info][gc          ] GC(39) Pause Final Roots 0.029ms
[21.991s][info][gc,ergo     ] Free: 1888M, Max: 1024K regular, 818M humongous, Frag: 57% external, 0% internal; Reserve: 103M, Max: 1024K
[21.991s][info][gc,stats    ] 
[21.991s][info][gc,stats    ] All times are wall-clock times, except per-root-class counters, that are sum over
[21.991s][info][gc,stats    ] all workers. Dividing the <total> over the root stage time estimates parallelism.
[21.991s][info][gc,stats    ] 
[21.991s][info][gc,stats    ] Concurrent Reset                    240 us
[21.991s][info][gc,stats    ] Pause Init Mark (G)                4310 us
[21.991s][info][gc,stats    ] Pause Init Mark (N)                 103 us
[21.991s][info][gc,stats    ]   Update Region States               35 us
[21.991s][info][gc,stats    ] Concurrent Mark Roots               472 us, parallelism: 0.75x
[21.991s][info][gc,stats    ]   CMR: <total>                      354 us
[21.991s][info][gc,stats    ]   CMR: Thread Roots                 313 us, workers (us): 313, ---, ---, 
[21.991s][info][gc,stats    ]   CMR: VM Strong Roots                4 us, workers (us):   4, ---, ---, 
[21.991s][info][gc,stats    ]   CMR: CLDG Roots                    37 us, workers (us):  37, ---, ---, 
[21.991s][info][gc,stats    ] Concurrent Marking                 5507 us
[21.991s][info][gc,stats    ] Pause Final Mark (G)               3459 us
[21.991s][info][gc,stats    ] Pause Final Mark (N)                163 us
[21.991s][info][gc,stats    ]   Finish Mark                        45 us
[21.991s][info][gc,stats    ]   Update Region States               34 us
[21.991s][info][gc,stats    ]   Choose Collection Set              41 us
[21.991s][info][gc,stats    ]   Rebuild Free Set                    8 us
[21.991s][info][gc,stats    ] Concurrent Weak References          129 us, parallelism: 0.10x
[21.991s][info][gc,stats    ]   CWRF: <total>                      13 us
[21.991s][info][gc,stats    ]   CWRF: Weak References              13 us, workers (us):  13, ---, ---, 
[21.991s][info][gc,stats    ] Concurrent Weak Roots              1076 us
[21.991s][info][gc,stats    ]   Roots                             946 us, parallelism: 0.95x
[21.991s][info][gc,stats    ]     CWR: <total>                    898 us
[21.991s][info][gc,stats    ]     CWR: Code Cache Roots           818 us, workers (us): 818, ---, ---, 
[21.991s][info][gc,stats    ]     CWR: VM Weak Roots               75 us, workers (us):  75, ---, ---, 
[21.991s][info][gc,stats    ]     CWR: CLDG Roots                   5 us, workers (us):   5, ---, ---, 
[21.991s][info][gc,stats    ]   Rendezvous                         67 us
[21.991s][info][gc,stats    ] Concurrent Cleanup                   63 us
[21.991s][info][gc,stats    ] Concurrent Class Unloading         3588 us
[21.991s][info][gc,stats    ]   Unlink Stale                     3200 us
[21.991s][info][gc,stats    ]     System Dictionary                 6 us
[21.991s][info][gc,stats    ]     Weak Class Links                  0 us
[21.991s][info][gc,stats    ]     Code Roots                     3192 us
[21.991s][info][gc,stats    ]   Rendezvous                         93 us
[21.991s][info][gc,stats    ]   Purge Unlinked                    234 us
[21.991s][info][gc,stats    ]     Code Roots                      226 us
[21.991s][info][gc,stats    ]     CLDG                              7 us
[21.991s][info][gc,stats    ]     Exception Caches                  0 us
[21.991s][info][gc,stats    ] Pause Final Roots (G)               178 us
[21.991s][info][gc,stats    ] Pause Final Roots (N)                39 us
[21.991s][info][gc,stats    ] 
[21.991s][info][gc,stats    ] Allocation pacing accrued:
[21.991s][info][gc,stats    ]       0 of   234 ms (  0.0%): <total>
[21.991s][info][gc,stats    ]       0 of   234 ms (  0.0%): <average total>
[21.991s][info][gc,stats    ] 
[21.991s][info][gc,metaspace] Metaspace: 8164K(8320K)->8164K(8320K) NonClass: 7197K(7296K)->7197K(7296K) Class: 966K(1024K)->966K(1024K)
[21.991s][info][gc,ergo     ] Pacer for Idle. Initial: 41943K, Alloc Tax Rate: 1.0x
[22.222s][info][gc          ] Trigger: Learning 5 of 5. Free (1427M) is below initial threshold (1433M)
[22.222s][info][gc,ergo     ] Free: 1427M, Max: 1024K regular, 818M humongous, Frag: 43% external, 0% internal; Reserve: 103M, Max: 1024K
[22.222s][info][gc,start    ] GC(40) Concurrent reset
[22.223s][info][gc,task     ] GC(40) Using 1 of 3 workers for concurrent reset
[22.223s][info][gc,ergo     ] GC(40) Pacer for Reset. Non-Taxable: 2048M
[22.223s][info][gc          ] GC(40) Concurrent reset 0.270ms
[22.223s][info][gc,start    ] GC(40) Pause Init Mark (unload classes)
[22.223s][info][gc,task     ] GC(40) Using 3 of 3 workers for init marking
[22.223s][info][gc,ergo     ] GC(40) Pacer for Mark. Expected Live: 4702K, Free: 1425M, Non-Taxable: 142M, Alloc Tax Rate: 0.0x
[22.223s][info][gc          ] GC(40) Pause Init Mark (unload classes) 0.095ms
[22.226s][info][gc,start    ] GC(40) Concurrent marking roots
[22.226s][info][gc,task     ] GC(40) Using 1 of 3 workers for concurrent marking roots
[22.227s][info][gc          ] GC(40) Concurrent marking roots 0.448ms
[22.227s][info][gc,start    ] GC(40) Concurrent marking (unload classes)
[22.227s][info][gc,task     ] GC(40) Using 1 of 3 workers for concurrent marking
[22.234s][info][gc          ] GC(40) Concurrent marking (unload classes) 7.140ms
[22.234s][info][gc,start    ] GC(40) Pause Final Mark (unload classes)
[22.234s][info][gc,task     ] GC(40) Using 3 of 3 workers for final marking
[22.234s][info][gc,ergo     ] GC(40) Collectable Garbage: 493M (96%), Immediate: 493M (96%), CSet: 0B (0%)
[22.234s][info][gc          ] GC(40) Pause Final Mark (unload classes) 0.167ms
[22.240s][info][gc,start    ] GC(40) Concurrent weak references
[22.240s][info][gc,task     ] GC(40) Using 1 of 3 workers for concurrent weak references
[22.240s][info][gc,ref      ] GC(40) Encountered references: Soft: 80, Weak: 360, Final: 3, Phantom: 49
[22.240s][info][gc,ref      ] GC(40) Discovered  references: Soft: 0, Weak: 125, Final: 1, Phantom: 32
[22.240s][info][gc,ref      ] GC(40) Enqueued    references: Soft: 0, Weak: 0, Final: 0, Phantom: 0
[22.240s][info][gc          ] GC(40) Concurrent weak references 0.121ms
[22.240s][info][gc,start    ] GC(40) Concurrent weak roots
[22.240s][info][gc,task     ] GC(40) Using 1 of 3 workers for concurrent weak root
[22.242s][info][gc          ] GC(40) Concurrent weak roots 2.190ms
[22.242s][info][gc,start    ] GC(40) Concurrent cleanup
[22.242s][info][gc          ] GC(40) Concurrent cleanup 554M->61M(2048M) 0.059ms
[22.242s][info][gc,ergo     ] GC(40) Free: 1883M, Max: 1024K regular, 818M humongous, Frag: 57% external, 0% internal; Reserve: 103M, Max: 1024K
[22.242s][info][gc,start    ] GC(40) Concurrent class unloading
[22.242s][info][gc,task     ] GC(40) Using 1 of 3 workers for concurrent class unloading
[22.246s][info][gc          ] GC(40) Concurrent class unloading 3.665ms
[22.246s][info][gc,start    ] GC(40) Pause Final Roots
[22.246s][info][gc          ] GC(40) Pause Final Roots 0.031ms
[22.247s][info][gc,ergo     ] Free: 1875M, Max: 1024K regular, 818M humongous, Frag: 57% external, 0% internal; Reserve: 103M, Max: 1024K
[22.247s][info][gc,stats    ] 
[22.247s][info][gc,stats    ] All times are wall-clock times, except per-root-class counters, that are sum over
[22.247s][info][gc,stats    ] all workers. Dividing the <total> over the root stage time estimates parallelism.
[22.247s][info][gc,stats    ] 
[22.247s][info][gc,stats    ] Concurrent Reset                    294 us
[22.247s][info][gc,stats    ] Pause Init Mark (G)                3446 us
[22.247s][info][gc,stats    ] Pause Init Mark (N)                 105 us
[22.247s][info][gc,stats    ]   Update Region States               24 us
[22.247s][info][gc,stats    ] Concurrent Mark Roots               464 us, parallelism: 0.74x
[22.247s][info][gc,stats    ]   CMR: <total>                      345 us
[22.247s][info][gc,stats    ]   CMR: Thread Roots                 304 us, workers (us): 304, ---, ---, 
[22.247s][info][gc,stats    ]   CMR: VM Strong Roots                5 us, workers (us):   5, ---, ---, 
[22.247s][info][gc,stats    ]   CMR: CLDG Roots                    36 us, workers (us):  36, ---, ---, 
[22.247s][info][gc,stats    ] Concurrent Marking                 7186 us
[22.247s][info][gc,stats    ] Pause Final Mark (G)               5737 us
[22.247s][info][gc,stats    ] Pause Final Mark (N)                177 us
[22.247s][info][gc,stats    ]   Finish Mark                        49 us
[22.247s][info][gc,stats    ]   Update Region States               34 us
[22.247s][info][gc,stats    ]   Choose Collection Set              35 us
[22.247s][info][gc,stats    ]   Rebuild Free Set                    8 us
[22.247s][info][gc,stats    ] Concurrent Weak References          131 us, parallelism: 0.09x
[22.247s][info][gc,stats    ]   CWRF: <total>                      12 us
[22.247s][info][gc,stats    ]   CWRF: Weak References              12 us, workers (us):  12, ---, ---, 
[22.247s][info][gc,stats    ] Concurrent Weak Roots              2231 us
[22.247s][info][gc,stats    ]   Roots                            1012 us, parallelism: 0.96x
[22.247s][info][gc,stats    ]     CWR: <total>                    966 us
[22.247s][info][gc,stats    ]     CWR: Code Cache Roots           884 us, workers (us): 884, ---, ---, 
[22.247s][info][gc,stats    ]     CWR: VM Weak Roots               77 us, workers (us):  77, ---, ---, 
[22.247s][info][gc,stats    ]     CWR: CLDG Roots                   5 us, workers (us):   5, ---, ---, 
[22.247s][info][gc,stats    ]   Rendezvous                       1157 us
[22.247s][info][gc,stats    ] Concurrent Cleanup                   69 us
[22.247s][info][gc,stats    ] Concurrent Class Unloading         3699 us
[22.247s][info][gc,stats    ]   Unlink Stale                     3264 us
[22.247s][info][gc,stats    ]     System Dictionary                 9 us
[22.247s][info][gc,stats    ]     Weak Class Links                  0 us
[22.247s][info][gc,stats    ]     Code Roots                     3253 us
[22.247s][info][gc,stats    ]   Rendezvous                         61 us
[22.247s][info][gc,stats    ]   Purge Unlinked                    315 us
[22.247s][info][gc,stats    ]     Code Roots                      311 us
[22.247s][info][gc,stats    ]     CLDG                              4 us
[22.247s][info][gc,stats    ]     Exception Caches                  0 us
[22.247s][info][gc,stats    ] Pause Final Roots (G)               897 us
[22.247s][info][gc,stats    ] Pause Final Roots (N)                42 us
[22.247s][info][gc,stats    ] 
[22.247s][info][gc,stats    ] Allocation pacing accrued:
[22.247s][info][gc,stats    ]       0 of   256 ms (  0.0%): <total>
[22.247s][info][gc,stats    ]       0 of   256 ms (  0.0%): <average total>
[22.247s][info][gc,stats    ] 
[22.247s][info][gc,metaspace] Metaspace: 8165K(8320K)->8165K(8320K) NonClass: 7198K(7296K)->7198K(7296K) Class: 966K(1024K)->966K(1024K)
[22.247s][info][gc,ergo     ] Pacer for Idle. Initial: 41943K, Alloc Tax Rate: 1.0x
[23.060s][info][gc          ] Trigger: Free (201M) is below minimum threshold (204M)
[23.060s][info][gc,ergo     ] Free: 201M, Max: 1024K regular, 201M humongous, Frag: 0% external, 0% internal; Reserve: 103M, Max: 1024K
[23.060s][info][gc,start    ] GC(41) Concurrent reset
[23.060s][info][gc,task     ] GC(41) Using 1 of 3 workers for concurrent reset
[23.060s][info][gc,ergo     ] GC(41) Pacer for Reset. Non-Taxable: 2048M
[23.060s][info][gc          ] GC(41) Concurrent reset 0.230ms
[23.060s][info][gc,start    ] GC(41) Pause Init Mark (unload classes)
[23.060s][info][gc,task     ] GC(41) Using 3 of 3 workers for init marking
[23.060s][info][gc,ergo     ] GC(41) Pacer for Mark. Expected Live: 4707K, Free: 201M, Non-Taxable: 20582K, Alloc Tax Rate: 0.0x
[23.060s][info][gc          ] GC(41) Pause Init Mark (unload classes) 0.115ms
[23.064s][info][gc,start    ] GC(41) Concurrent marking roots
[23.064s][info][gc,task     ] GC(41) Using 1 of 3 workers for concurrent marking roots
[23.064s][info][gc          ] GC(41) Concurrent marking roots 0.419ms
[23.064s][info][gc,start    ] GC(41) Concurrent marking (unload classes)
[23.064s][info][gc,task     ] GC(41) Using 1 of 3 workers for concurrent marking
[23.070s][info][gc          ] GC(41) Concurrent marking (unload classes) 5.301ms
[23.070s][info][gc,start    ] GC(41) Pause Final Mark (unload classes)
[23.070s][info][gc,task     ] GC(41) Using 3 of 3 workers for final marking
[23.070s][info][gc,ergo     ] GC(41) Collectable Garbage: 1715M (98%), Immediate: 1715M (98%), CSet: 0B (0%)
[23.070s][info][gc          ] GC(41) Pause Final Mark (unload classes) 0.163ms
[23.072s][info][gc,start    ] GC(41) Concurrent weak references
[23.072s][info][gc,task     ] GC(41) Using 1 of 3 workers for concurrent weak references
[23.072s][info][gc,ref      ] GC(41) Encountered references: Soft: 80, Weak: 363, Final: 3, Phantom: 49
[23.072s][info][gc,ref      ] GC(41) Discovered  references: Soft: 0, Weak: 125, Final: 1, Phantom: 31
[23.072s][info][gc,ref      ] GC(41) Enqueued    references: Soft: 0, Weak: 0, Final: 0, Phantom: 0
[23.072s][info][gc          ] GC(41) Concurrent weak references 0.143ms
[23.072s][info][gc,start    ] GC(41) Concurrent weak roots
[23.072s][info][gc,task     ] GC(41) Using 1 of 3 workers for concurrent weak root
[23.074s][info][gc          ] GC(41) Concurrent weak roots 1.975ms
[23.074s][info][gc,start    ] GC(41) Concurrent cleanup
[23.074s][info][gc          ] GC(41) Concurrent cleanup 1764M->48M(2048M) 0.099ms
[23.074s][info][gc,ergo     ] GC(41) Free: 1896M, Max: 1024K regular, 1120M humongous, Frag: 41% external, 0% internal; Reserve: 103M, Max: 1024K
[23.074s][info][gc,start    ] GC(41) Concurrent class unloading
[23.074s][info][gc,task     ] GC(41) Using 1 of 3 workers for concurrent class unloading
[23.083s][info][gc          ] GC(41) Concurrent class unloading 8.899ms
[23.083s][info][gc,start    ] GC(41) Pause Final Roots
[23.083s][info][gc          ] GC(41) Pause Final Roots 0.030ms
[23.084s][info][gc,ergo     ] Free: 1877M, Max: 1024K regular, 1101M humongous, Frag: 42% external, 0% internal; Reserve: 103M, Max: 1024K
[23.084s][info][gc,stats    ] 
[23.084s][info][gc,stats    ] All times are wall-clock times, except per-root-class counters, that are sum over
[23.084s][info][gc,stats    ] all workers. Dividing the <total> over the root stage time estimates parallelism.
[23.084s][info][gc,stats    ] 
[23.084s][info][gc,stats    ] Concurrent Reset                    251 us
[23.084s][info][gc,stats    ] Pause Init Mark (G)                3724 us
[23.084s][info][gc,stats    ] Pause Init Mark (N)                 125 us
[23.084s][info][gc,stats    ]   Update Region States               44 us
[23.084s][info][gc,stats    ] Concurrent Mark Roots               436 us, parallelism: 0.74x
[23.084s][info][gc,stats    ]   CMR: <total>                      321 us
[23.084s][info][gc,stats    ]   CMR: Thread Roots                 279 us, workers (us): 279, ---, ---, 
[23.084s][info][gc,stats    ]   CMR: VM Strong Roots                4 us, workers (us):   4, ---, ---, 
[23.084s][info][gc,stats    ]   CMR: CLDG Roots                    38 us, workers (us):  38, ---, ---, 
[23.084s][info][gc,stats    ] Concurrent Marking                 5337 us
[23.084s][info][gc,stats    ] Pause Final Mark (G)               1834 us
[23.084s][info][gc,stats    ] Pause Final Mark (N)                173 us
[23.084s][info][gc,stats    ]   Finish Mark                        47 us
[23.084s][info][gc,stats    ]   Update Region States               34 us
[23.084s][info][gc,stats    ]   Choose Collection Set              34 us
[23.084s][info][gc,stats    ]   Rebuild Free Set                    8 us
[23.084s][info][gc,stats    ] Concurrent Weak References          154 us, parallelism: 0.05x
[23.084s][info][gc,stats    ]   CWRF: <total>                       8 us
[23.084s][info][gc,stats    ]   CWRF: Weak References               8 us, workers (us):   8, ---, ---, 
[23.084s][info][gc,stats    ] Concurrent Weak Roots              2023 us
[23.084s][info][gc,stats    ]   Roots                             984 us, parallelism: 0.94x
[23.084s][info][gc,stats    ]     CWR: <total>                    928 us
[23.084s][info][gc,stats    ]     CWR: Code Cache Roots           849 us, workers (us): 849, ---, ---, 
[23.084s][info][gc,stats    ]     CWR: VM Weak Roots               74 us, workers (us):  74, ---, ---, 
[23.084s][info][gc,stats    ]     CWR: CLDG Roots                   5 us, workers (us):   5, ---, ---, 
[23.084s][info][gc,stats    ]   Rendezvous                        969 us
[23.084s][info][gc,stats    ] Concurrent Cleanup                  109 us
[23.084s][info][gc,stats    ] Concurrent Class Unloading         8935 us
[23.084s][info][gc,stats    ]   Unlink Stale                     3209 us
[23.084s][info][gc,stats    ]     System Dictionary                 6 us
[23.084s][info][gc,stats    ]     Weak Class Links                  0 us
[23.084s][info][gc,stats    ]     Code Roots                     3201 us
[23.084s][info][gc,stats    ]   Rendezvous                       5391 us
[23.084s][info][gc,stats    ]   Purge Unlinked                    275 us
[23.084s][info][gc,stats    ]     Code Roots                      270 us
[23.084s][info][gc,stats    ]     CLDG                              5 us
[23.084s][info][gc,stats    ]     Exception Caches                  0 us
[23.084s][info][gc,stats    ] Pause Final Roots (G)               666 us
[23.084s][info][gc,stats    ] Pause Final Roots (N)                40 us
[23.084s][info][gc,stats    ] 
[23.084s][info][gc,stats    ] Allocation pacing accrued:
[23.084s][info][gc,stats    ]       0 of   837 ms (  0.0%): <total>
[23.084s][info][gc,stats    ]       0 of   837 ms (  0.0%): <average total>
[23.084s][info][gc,stats    ] 
[23.084s][info][gc,metaspace] Metaspace: 8165K(8320K)->8165K(8320K) NonClass: 7198K(7296K)->7198K(7296K) Class: 966K(1024K)->966K(1024K)
[23.084s][info][gc,ergo     ] Pacer for Idle. Initial: 41943K, Alloc Tax Rate: 1.0x
[23.718s][info][gc          ] Trigger: Explicit GC request (System.gc())
[23.718s][info][gc,ergo     ] Free: 749M, Max: 1024K regular, 519M humongous, Frag: 31% external, 0% internal; Reserve: 103M, Max: 1024K
[23.718s][info][gc,start    ] GC(42) Concurrent reset
[23.718s][info][gc,task     ] GC(42) Using 1 of 3 workers for concurrent reset
[23.718s][info][gc,ergo     ] GC(42) Pacer for Reset. Non-Taxable: 2048M
[23.718s][info][gc          ] GC(42) Concurrent reset 0.309ms
[23.718s][info][gc,start    ] GC(42) Pause Init Mark (unload classes)
[23.718s][info][gc,task     ] GC(42) Using 3 of 3 workers for init marking
[23.718s][info][gc,ref      ] GC(42) Clearing All SoftReferences
[23.718s][info][gc,ergo     ] GC(42) Pacer for Mark. Expected Live: 5032K, Free: 749M, Non-Taxable: 76792K, Alloc Tax Rate: 0.0x
[23.718s][info][gc          ] GC(42) Pause Init Mark (unload classes) 0.136ms
[23.718s][info][gc,start    ] GC(42) Concurrent marking roots
[23.718s][info][gc,task     ] GC(42) Using 1 of 3 workers for concurrent marking roots
[23.719s][info][gc          ] GC(42) Concurrent marking roots 0.339ms
[23.719s][info][gc,start    ] GC(42) Concurrent marking (unload classes)
[23.719s][info][gc,task     ] GC(42) Using 1 of 3 workers for concurrent marking
[23.722s][info][gc          ] GC(42) Concurrent marking (unload classes) 3.540ms
[23.722s][info][gc,start    ] GC(42) Pause Final Mark (unload classes)
[23.722s][info][gc,task     ] GC(42) Using 3 of 3 workers for final marking
[23.723s][info][gc,ergo     ] GC(42) Collectable Garbage: 1185M (99%), Immediate: 1185M (99%), CSet: 0B (0%)
[23.723s][info][gc          ] GC(42) Pause Final Mark (unload classes) 0.489ms
[23.723s][info][gc,start    ] GC(42) Concurrent weak references
[23.723s][info][gc,task     ] GC(42) Using 1 of 3 workers for concurrent weak references
[23.723s][info][gc,ref      ] GC(42) Encountered references: Soft: 79, Weak: 352, Final: 3, Phantom: 47
[23.723s][info][gc,ref      ] GC(42) Discovered  references: Soft: 46, Weak: 140, Final: 1, Phantom: 38
[23.723s][info][gc,ref      ] GC(42) Enqueued    references: Soft: 4, Weak: 0, Final: 0, Phantom: 6
[23.723s][info][gc          ] GC(42) Concurrent weak references 0.175ms
[23.723s][info][gc,start    ] GC(42) Concurrent weak roots
[23.723s][info][gc,task     ] GC(42) Using 1 of 3 workers for concurrent weak root
[23.724s][info][gc          ] GC(42) Concurrent weak roots 0.935ms
[23.724s][info][gc,start    ] GC(42) Concurrent cleanup
[23.724s][info][gc          ] GC(42) Concurrent cleanup 1195M->9M(2048M) 0.077ms
[23.724s][info][gc,ergo     ] GC(42) Free: 1935M, Max: 1024K regular, 1012M humongous, Frag: 48% external, 0% internal; Reserve: 103M, Max: 1024K
[23.724s][info][gc,start    ] GC(42) Concurrent class unloading
[23.724s][info][gc,task     ] GC(42) Using 1 of 3 workers for concurrent class unloading
[23.730s][info][gc          ] GC(42) Concurrent class unloading 5.598ms
[23.730s][info][gc,start    ] GC(42) Pause Final Roots
[23.730s][info][gc          ] GC(42) Pause Final Roots 0.061ms
[23.730s][info][gc,ergo     ] Free: 1935M, Max: 1024K regular, 1012M humongous, Frag: 48% external, 0% internal; Reserve: 103M, Max: 1024K
[23.730s][info][gc,stats    ] 
[23.730s][info][gc,stats    ] All times are wall-clock times, except per-root-class counters, that are sum over
[23.730s][info][gc,stats    ] all workers. Dividing the <total> over the root stage time estimates parallelism.
[23.730s][info][gc,stats    ] 
[23.730s][info][gc,stats    ] Concurrent Reset                    345 us
[23.730s][info][gc,stats    ] Pause Init Mark (G)                 209 us
[23.730s][info][gc,stats    ] Pause Init Mark (N)                 144 us
[23.730s][info][gc,stats    ]   Update Region States               68 us
[23.730s][info][gc,stats    ] Concurrent Mark Roots               358 us, parallelism: 0.71x
[23.730s][info][gc,stats    ]   CMR: <total>                      254 us
[23.730s][info][gc,stats    ]   CMR: Thread Roots                 223 us, workers (us): 223, ---, ---, 
[23.730s][info][gc,stats    ]   CMR: VM Strong Roots                3 us, workers (us):   3, ---, ---, 
[23.730s][info][gc,stats    ]   CMR: CLDG Roots                    28 us, workers (us):  28, ---, ---, 
[23.730s][info][gc,stats    ] Concurrent Marking                 3596 us
[23.730s][info][gc,stats    ] Pause Final Mark (G)                639 us
[23.730s][info][gc,stats    ] Pause Final Mark (N)                514 us
[23.730s][info][gc,stats    ]   Finish Mark                       168 us
[23.730s][info][gc,stats    ]   Update Region States              126 us
[23.730s][info][gc,stats    ]   Choose Collection Set              92 us
[23.730s][info][gc,stats    ]   Rebuild Free Set                   21 us
[23.731s][info][gc,stats    ] Concurrent Weak References          191 us, parallelism: 0.03x
[23.731s][info][gc,stats    ]   CWRF: <total>                       6 us
[23.731s][info][gc,stats    ]   CWRF: Weak References               6 us, workers (us):   6, ---, ---, 
[23.731s][info][gc,stats    ] Concurrent Weak Roots               971 us
[23.731s][info][gc,stats    ]   Roots                             841 us, parallelism: 0.94x
[23.731s][info][gc,stats    ]     CWR: <total>                    792 us
[23.731s][info][gc,stats    ]     CWR: Code Cache Roots           724 us, workers (us): 724, ---, ---, 
[23.731s][info][gc,stats    ]     CWR: VM Weak Roots               64 us, workers (us):  64, ---, ---, 
[23.731s][info][gc,stats    ]     CWR: CLDG Roots                   3 us, workers (us):   3, ---, ---, 
[23.731s][info][gc,stats    ]   Rendezvous                         59 us
[23.731s][info][gc,stats    ] Concurrent Cleanup                   87 us
[23.731s][info][gc,stats    ] Concurrent Class Unloading         5667 us
[23.731s][info][gc,stats    ]   Unlink Stale                     4954 us
[23.731s][info][gc,stats    ]     System Dictionary                62 us
[23.731s][info][gc,stats    ]     Weak Class Links               1478 us
[23.731s][info][gc,stats    ]     Code Roots                     3412 us
[23.731s][info][gc,stats    ]   Rendezvous                        155 us
[23.731s][info][gc,stats    ]   Purge Unlinked                    468 us
[23.731s][info][gc,stats    ]     Code Roots                      440 us
[23.731s][info][gc,stats    ]     CLDG                             27 us
[23.731s][info][gc,stats    ]     Exception Caches                  0 us
[23.731s][info][gc,stats    ] Pause Final Roots (G)               182 us
[23.731s][info][gc,stats    ] Pause Final Roots (N)                79 us
[23.731s][info][gc,stats    ] 
[23.731s][info][gc,stats    ] Allocation pacing accrued:
[23.731s][info][gc,stats    ]       0 of   647 ms (  0.0%): <total>
[23.731s][info][gc,stats    ]       0 of   647 ms (  0.0%): <average total>
[23.731s][info][gc,stats    ] 
[23.731s][info][gc,metaspace] Metaspace: 8169K(8320K)->8166K(8320K) NonClass: 7202K(7296K)->7200K(7296K) Class: 966K(1024K)->966K(1024K)
[23.731s][info][gc,ergo     ] Pacer for Idle. Initial: 41943K, Alloc Tax Rate: 1.0x
[23.993s][info][gc          ] Trigger: Learning 2 of 5. Free (1427M) is below initial threshold (1433M)
[23.993s][info][gc,ergo     ] Free: 1427M, Max: 1024K regular, 791M humongous, Frag: 45% external, 0% internal; Reserve: 103M, Max: 1024K
[23.993s][info][gc,start    ] GC(43) Concurrent reset
[23.993s][info][gc,task     ] GC(43) Using 1 of 3 workers for concurrent reset
[23.993s][info][gc,ergo     ] GC(43) Pacer for Reset. Non-Taxable: 2048M
[23.993s][info][gc          ] GC(43) Concurrent reset 0.181ms
[23.993s][info][gc,start    ] GC(43) Pause Init Mark (unload classes)
[23.993s][info][gc,task     ] GC(43) Using 3 of 3 workers for init marking
[23.993s][info][gc,ergo     ] GC(43) Pacer for Mark. Expected Live: 4725K, Free: 1427M, Non-Taxable: 142M, Alloc Tax Rate: 0.0x
[23.993s][info][gc          ] GC(43) Pause Init Mark (unload classes) 0.095ms
[23.995s][info][gc,start    ] GC(43) Concurrent marking roots
[23.995s][info][gc,task     ] GC(43) Using 1 of 3 workers for concurrent marking roots
[23.996s][info][gc          ] GC(43) Concurrent marking roots 0.613ms
[23.996s][info][gc,start    ] GC(43) Concurrent marking (unload classes)
[23.996s][info][gc,task     ] GC(43) Using 1 of 3 workers for concurrent marking
[24.001s][info][gc          ] GC(43) Concurrent marking (unload classes) 4.935ms
[24.001s][info][gc,start    ] GC(43) Pause Final Mark (unload classes)
[24.001s][info][gc,task     ] GC(43) Using 3 of 3 workers for final marking
[24.001s][info][gc,ergo     ] GC(43) Adaptive CSet Selection. Target Free: 290M, Actual Free: 1964M, Max CSet: 87381K, Min Garbage: 0B
[24.001s][info][gc,ergo     ] GC(43) Collectable Garbage: 511M (99%), Immediate: 450M (87%), CSet: 63394K (12%)
[24.001s][info][gc,ergo     ] GC(43) Pacer for Evacuation. Used CSet: 65536K, Free: 1861M, Non-Taxable: 186M, Alloc Tax Rate: 1.1x
[24.001s][info][gc          ] GC(43) Pause Final Mark (unload classes) 0.188ms
[24.005s][info][gc,start    ] GC(43) Concurrent thread roots
[24.005s][info][gc,task     ] GC(43) Using 1 of 3 workers for Concurrent thread roots
[24.005s][info][gc          ] GC(43) Concurrent thread roots 0.400ms
[24.005s][info][gc,start    ] GC(43) Concurrent weak references
[24.005s][info][gc,task     ] GC(43) Using 1 of 3 workers for concurrent weak references
[24.005s][info][gc,ref      ] GC(43) Encountered references: Soft: 80, Weak: 361, Final: 3, Phantom: 49
[24.005s][info][gc,ref      ] GC(43) Discovered  references: Soft: 0, Weak: 125, Final: 1, Phantom: 31
[24.005s][info][gc,ref      ] GC(43) Enqueued    references: Soft: 0, Weak: 0, Final: 0, Phantom: 0
[24.005s][info][gc          ] GC(43) Concurrent weak references 0.080ms
[24.005s][info][gc,start    ] GC(43) Concurrent weak roots
[24.005s][info][gc,task     ] GC(43) Using 1 of 3 workers for concurrent weak root
[24.006s][info][gc          ] GC(43) Concurrent weak roots 1.210ms
[24.006s][info][gc,start    ] GC(43) Concurrent cleanup
[24.006s][info][gc          ] GC(43) Concurrent cleanup 543M->93M(2048M) 0.054ms
[24.006s][info][gc,ergo     ] GC(43) Free: 1851M, Max: 1024K regular, 791M humongous, Frag: 58% external, 0% internal; Reserve: 102M, Max: 1024K
[24.006s][info][gc,start    ] GC(43) Concurrent class unloading
[24.006s][info][gc,task     ] GC(43) Using 1 of 3 workers for concurrent class unloading
[24.010s][info][gc          ] GC(43) Concurrent class unloading 3.367ms
[24.010s][info][gc,start    ] GC(43) Concurrent strong roots
[24.010s][info][gc,task     ] GC(43) Using 1 of 3 workers for concurrent strong root
[24.010s][info][gc          ] GC(43) Concurrent strong roots 0.076ms
[24.010s][info][gc,start    ] GC(43) Concurrent evacuation
[24.010s][info][gc,task     ] GC(43) Using 1 of 3 workers for concurrent evacuation
[24.011s][info][gc          ] GC(43) Concurrent evacuation 0.959ms
[24.011s][info][gc,start    ] GC(43) Pause Init Update Refs
[24.011s][info][gc,ergo     ] GC(43) Pacer for Update Refs. Used: 101M, Free: 1846M, Non-Taxable: 184M, Alloc Tax Rate: 1.1x
[24.011s][info][gc          ] GC(43) Pause Init Update Refs 0.051ms
[24.012s][info][gc,start    ] GC(43) Concurrent update references
[24.012s][info][gc,task     ] GC(43) Using 1 of 3 workers for concurrent reference update
[24.017s][info][gc          ] GC(43) Concurrent update references 5.467ms
[24.017s][info][gc,start    ] GC(43) Concurrent update thread roots
[24.018s][info][gc          ] GC(43) Concurrent update thread roots 0.513ms
[24.018s][info][gc,start    ] GC(43) Pause Final Update Refs
[24.018s][info][gc,task     ] GC(43) Using 3 of 3 workers for final reference update
[24.018s][info][gc          ] GC(43) Pause Final Update Refs 0.103ms
[24.018s][info][gc,start    ] GC(43) Concurrent cleanup
[24.018s][info][gc          ] GC(43) Concurrent cleanup 110M->46M(2048M) 0.030ms
[24.018s][info][gc,ergo     ] Free: 1898M, Max: 1024K regular, 791M humongous, Frag: 59% external, 0% internal; Reserve: 103M, Max: 1024K
[24.018s][info][gc,stats    ] 
[24.018s][info][gc,stats    ] All times are wall-clock times, except per-root-class counters, that are sum over
[24.018s][info][gc,stats    ] all workers. Dividing the <total> over the root stage time estimates parallelism.
[24.018s][info][gc,stats    ] 
[24.018s][info][gc,stats    ] Concurrent Reset                    202 us
[24.018s][info][gc,stats    ] Pause Init Mark (G)                2025 us
[24.018s][info][gc,stats    ] Pause Init Mark (N)                 104 us
[24.018s][info][gc,stats    ]   Update Region States               24 us
[24.018s][info][gc,stats    ] Concurrent Mark Roots               632 us, parallelism: 0.53x
[24.018s][info][gc,stats    ]   CMR: <total>                      336 us
[24.018s][info][gc,stats    ]   CMR: Thread Roots                 300 us, workers (us): 300, ---, ---, 
[24.018s][info][gc,stats    ]   CMR: VM Strong Roots                5 us, workers (us):   5, ---, ---, 
[24.018s][info][gc,stats    ]   CMR: CLDG Roots                    31 us, workers (us):  31, ---, ---, 
[24.018s][info][gc,stats    ] Concurrent Marking                 4968 us
[24.018s][info][gc,stats    ] Pause Final Mark (G)               3920 us
[24.018s][info][gc,stats    ] Pause Final Mark (N)                196 us
[24.018s][info][gc,stats    ]   Finish Mark                        39 us
[24.018s][info][gc,stats    ]   Update Region States               43 us
[24.018s][info][gc,stats    ]   Choose Collection Set              60 us
[24.018s][info][gc,stats    ]   Rebuild Free Set                    8 us
[24.018s][info][gc,stats    ] Concurrent Thread Roots             419 us, parallelism: 0.76x
[24.018s][info][gc,stats    ]   CTR: <total>                      320 us
[24.018s][info][gc,stats    ]   CTR: Thread Roots                 320 us, workers (us): 320, ---, ---, 
[24.018s][info][gc,stats    ] Concurrent Weak References           88 us, parallelism: 0.13x
[24.018s][info][gc,stats    ]   CWRF: <total>                      11 us
[24.018s][info][gc,stats    ]   CWRF: Weak References              11 us, workers (us):  11, ---, ---, 
[24.018s][info][gc,stats    ] Concurrent Weak Roots              1247 us
[24.018s][info][gc,stats    ]   Roots                             782 us, parallelism: 0.94x
[24.018s][info][gc,stats    ]     CWR: <total>                    737 us
[24.018s][info][gc,stats    ]     CWR: Code Cache Roots           637 us, workers (us): 637, ---, ---, 
[24.018s][info][gc,stats    ]     CWR: VM Weak Roots               95 us, workers (us):  95, ---, ---, 
[24.018s][info][gc,stats    ]     CWR: CLDG Roots                   4 us, workers (us):   4, ---, ---, 
[24.018s][info][gc,stats    ]   Rendezvous                        407 us
[24.018s][info][gc,stats    ] Concurrent Cleanup                   65 us
[24.018s][info][gc,stats    ] Concurrent Class Unloading         3401 us
[24.019s][info][gc,stats    ]   Unlink Stale                     3092 us
[24.019s][info][gc,stats    ]     System Dictionary                 8 us
[24.019s][info][gc,stats    ]     Weak Class Links                  0 us
[24.019s][info][gc,stats    ]     Code Roots                     3083 us
[24.019s][info][gc,stats    ]   Rendezvous                         63 us
[24.019s][info][gc,stats    ]   Purge Unlinked                    188 us
[24.019s][info][gc,stats    ]     Code Roots                      183 us
[24.019s][info][gc,stats    ]     CLDG                              5 us
[24.019s][info][gc,stats    ]     Exception Caches                  0 us
[24.019s][info][gc,stats    ] Concurrent Strong Roots              94 us, parallelism: 0.35x
[24.019s][info][gc,stats    ]   CSR: <total>                       33 us
[24.019s][info][gc,stats    ]   CSR: VM Strong Roots                2 us, workers (us):   2, ---, ---, 
[24.019s][info][gc,stats    ]   CSR: CLDG Roots                    31 us, workers (us):  31, ---, ---, 
[24.019s][info][gc,stats    ] Concurrent Evacuation              1002 us
[24.019s][info][gc,stats    ] Pause Init Update Refs (G)          944 us
[24.019s][info][gc,stats    ] Pause Init Update Refs (N)           60 us
[24.019s][info][gc,stats    ]   Manage GCLABs                       4 us
[24.019s][info][gc,stats    ] Concurrent Update Refs             5503 us
[24.019s][info][gc,stats    ] Concurrent Update Thread Roots      542 us
[24.019s][info][gc,stats    ] Pause Final Update Refs (G)         206 us
[24.019s][info][gc,stats    ] Pause Final Update Refs (N)         116 us
[24.019s][info][gc,stats    ]   Update Region States               42 us
[24.019s][info][gc,stats    ]   Trash Collection Set                4 us
[24.019s][info][gc,stats    ]   Rebuild Free Set                   16 us
[24.019s][info][gc,stats    ] Concurrent Cleanup                   41 us
[24.019s][info][gc,stats    ] 
[24.019s][info][gc,stats    ] Allocation pacing accrued:
[24.019s][info][gc,stats    ]       0 of   288 ms (  0.0%): <total>
[24.019s][info][gc,stats    ]       0 of   288 ms (  0.0%): <average total>
[24.019s][info][gc,stats    ] 
[24.019s][info][gc,metaspace] Metaspace: 8169K(8320K)->8169K(8320K) NonClass: 7202K(7296K)->7202K(7296K) Class: 966K(1024K)->966K(1024K)
[24.019s][info][gc,ergo     ] Pacer for Idle. Initial: 41943K, Alloc Tax Rate: 1.0x
[24.254s][info][gc          ] Trigger: Learning 3 of 5. Free (1416M) is below initial threshold (1433M)
[24.254s][info][gc,ergo     ] Free: 1416M, Max: 1024K regular, 791M humongous, Frag: 45% external, 0% internal; Reserve: 103M, Max: 1024K
[24.254s][info][gc,start    ] GC(44) Concurrent reset
[24.254s][info][gc,task     ] GC(44) Using 1 of 3 workers for concurrent reset
[24.254s][info][gc,ergo     ] GC(44) Pacer for Reset. Non-Taxable: 2048M
[24.254s][info][gc          ] GC(44) Concurrent reset 0.351ms
[24.254s][info][gc,start    ] GC(44) Pause Init Mark (unload classes)
[24.254s][info][gc,task     ] GC(44) Using 3 of 3 workers for init marking
[24.254s][info][gc,ergo     ] GC(44) Pacer for Mark. Expected Live: 4756K, Free: 1416M, Non-Taxable: 141M, Alloc Tax Rate: 0.0x
[24.254s][info][gc          ] GC(44) Pause Init Mark (unload classes) 0.101ms
[24.260s][info][gc,start    ] GC(44) Concurrent marking roots
[24.260s][info][gc,task     ] GC(44) Using 1 of 3 workers for concurrent marking roots
[24.261s][info][gc          ] GC(44) Concurrent marking roots 0.442ms
[24.261s][info][gc,start    ] GC(44) Concurrent marking (unload classes)
[24.261s][info][gc,task     ] GC(44) Using 1 of 3 workers for concurrent marking
[24.266s][info][gc          ] GC(44) Concurrent marking (unload classes) 5.127ms
[24.266s][info][gc,start    ] GC(44) Pause Final Mark (unload classes)
[24.266s][info][gc,task     ] GC(44) Using 3 of 3 workers for final marking
[24.266s][info][gc,ergo     ] GC(44) Collectable Garbage: 505M (96%), Immediate: 505M (96%), CSet: 0B (0%)
[24.266s][info][gc          ] GC(44) Pause Final Mark (unload classes) 0.182ms
[24.268s][info][gc,start    ] GC(44) Concurrent weak references
[24.268s][info][gc,task     ] GC(44) Using 1 of 3 workers for concurrent weak references
[24.268s][info][gc,ref      ] GC(44) Encountered references: Soft: 80, Weak: 363, Final: 3, Phantom: 49
[24.268s][info][gc,ref      ] GC(44) Discovered  references: Soft: 0, Weak: 125, Final: 1, Phantom: 33
[24.268s][info][gc,ref      ] GC(44) Enqueued    references: Soft: 0, Weak: 0, Final: 0, Phantom: 0
[24.268s][info][gc          ] GC(44) Concurrent weak references 0.111ms
[24.268s][info][gc,start    ] GC(44) Concurrent weak roots
[24.268s][info][gc,task     ] GC(44) Using 1 of 3 workers for concurrent weak root
[24.272s][info][gc          ] GC(44) Concurrent weak roots 3.765ms
[24.272s][info][gc,start    ] GC(44) Concurrent cleanup
[24.272s][info][gc          ] GC(44) Concurrent cleanup 562M->57M(2048M) 0.057ms
[24.272s][info][gc,ergo     ] GC(44) Free: 1887M, Max: 1024K regular, 791M humongous, Frag: 59% external, 0% internal; Reserve: 103M, Max: 1024K
[24.272s][info][gc,start    ] GC(44) Concurrent class unloading
[24.272s][info][gc,task     ] GC(44) Using 1 of 3 workers for concurrent class unloading
[24.275s][info][gc          ] GC(44) Concurrent class unloading 3.447ms
[24.276s][info][gc,start    ] GC(44) Pause Final Roots
[24.276s][info][gc          ] GC(44) Pause Final Roots 0.021ms
[24.277s][info][gc,ergo     ] Free: 1879M, Max: 1024K regular, 791M humongous, Frag: 58% external, 0% internal; Reserve: 103M, Max: 1024K
[24.277s][info][gc,stats    ] 
[24.277s][info][gc,stats    ] All times are wall-clock times, except per-root-class counters, that are sum over
[24.277s][info][gc,stats    ] all workers. Dividing the <total> over the root stage time estimates parallelism.
[24.277s][info][gc,stats    ] 
[24.277s][info][gc,stats    ] Concurrent Reset                    376 us
[24.277s][info][gc,stats    ] Pause Init Mark (G)                6040 us
[24.277s][info][gc,stats    ] Pause Init Mark (N)                 110 us
[24.277s][info][gc,stats    ]   Update Region States               43 us
[24.277s][info][gc,stats    ] Concurrent Mark Roots               597 us, parallelism: 0.58x
[24.277s][info][gc,stats    ]   CMR: <total>                      347 us
[24.277s][info][gc,stats    ]   CMR: Thread Roots                 311 us, workers (us): 311, ---, ---, 
[24.277s][info][gc,stats    ]   CMR: VM Strong Roots                5 us, workers (us):   5, ---, ---, 
[24.277s][info][gc,stats    ]   CMR: CLDG Roots                    32 us, workers (us):  32, ---, ---, 
[24.277s][info][gc,stats    ] Concurrent Marking                 5162 us
[24.277s][info][gc,stats    ] Pause Final Mark (G)               2120 us
[24.277s][info][gc,stats    ] Pause Final Mark (N)                192 us
[24.277s][info][gc,stats    ]   Finish Mark                        45 us
[24.277s][info][gc,stats    ]   Update Region States               43 us
[24.277s][info][gc,stats    ]   Choose Collection Set              44 us
[24.277s][info][gc,stats    ]   Rebuild Free Set                    8 us
[24.277s][info][gc,stats    ] Concurrent Weak References          120 us, parallelism: 0.08x
[24.277s][info][gc,stats    ]   CWRF: <total>                      10 us
[24.277s][info][gc,stats    ]   CWRF: Weak References              10 us, workers (us):  10, ---, ---, 
[24.277s][info][gc,stats    ] Concurrent Weak Roots              3816 us
[24.277s][info][gc,stats    ]   Roots                            1066 us, parallelism: 0.95x
[24.277s][info][gc,stats    ]     CWR: <total>                   1013 us
[24.277s][info][gc,stats    ]     CWR: Code Cache Roots           936 us, workers (us): 936, ---, ---, 
[24.277s][info][gc,stats    ]     CWR: VM Weak Roots               72 us, workers (us):  72, ---, ---, 
[24.277s][info][gc,stats    ]     CWR: CLDG Roots                   5 us, workers (us):   5, ---, ---, 
[24.277s][info][gc,stats    ]   Rendezvous                       2678 us
[24.277s][info][gc,stats    ] Concurrent Cleanup                   68 us
[24.277s][info][gc,stats    ] Concurrent Class Unloading         3479 us
[24.277s][info][gc,stats    ]   Unlink Stale                     3165 us
[24.277s][info][gc,stats    ]     System Dictionary                 6 us
[24.277s][info][gc,stats    ]     Weak Class Links                  0 us
[24.277s][info][gc,stats    ]     Code Roots                     3157 us
[24.277s][info][gc,stats    ]   Rendezvous                         73 us
[24.277s][info][gc,stats    ]   Purge Unlinked                    188 us
[24.277s][info][gc,stats    ]     Code Roots                      183 us
[24.278s][info][gc,stats    ]     CLDG                              4 us
[24.278s][info][gc,stats    ]     Exception Caches                  0 us
[24.278s][info][gc,stats    ] Pause Final Roots (G)              1492 us
[24.278s][info][gc,stats    ] Pause Final Roots (N)                31 us
[24.278s][info][gc,stats    ] 
[24.278s][info][gc,stats    ] Allocation pacing accrued:
[24.278s][info][gc,stats    ]       0 of   259 ms (  0.0%): <total>
[24.278s][info][gc,stats    ]       0 of   259 ms (  0.0%): <average total>
[24.278s][info][gc,stats    ] 
[24.278s][info][gc,metaspace] Metaspace: 8169K(8320K)->8169K(8320K) NonClass: 7202K(7296K)->7202K(7296K) Class: 966K(1024K)->966K(1024K)
[24.278s][info][gc,ergo     ] Pacer for Idle. Initial: 41943K, Alloc Tax Rate: 1.0x
[24.491s][info][gc          ] Trigger: Learning 4 of 5. Free (1428M) is below initial threshold (1433M)
[24.491s][info][gc,ergo     ] Free: 1428M, Max: 1024K regular, 791M humongous, Frag: 45% external, 0% internal; Reserve: 103M, Max: 1024K
[24.491s][info][gc,start    ] GC(45) Concurrent reset
[24.491s][info][gc,task     ] GC(45) Using 1 of 3 workers for concurrent reset
[24.491s][info][gc,ergo     ] GC(45) Pacer for Reset. Non-Taxable: 2048M
[24.491s][info][gc          ] GC(45) Concurrent reset 0.183ms
[24.491s][info][gc,start    ] GC(45) Pause Init Mark (unload classes)
[24.491s][info][gc,task     ] GC(45) Using 3 of 3 workers for init marking
[24.491s][info][gc,ergo     ] GC(45) Pacer for Mark. Expected Live: 4819K, Free: 1427M, Non-Taxable: 142M, Alloc Tax Rate: 0.0x
[24.491s][info][gc          ] GC(45) Pause Init Mark (unload classes) 0.091ms
[24.492s][info][gc,start    ] GC(45) Concurrent marking roots
[24.492s][info][gc,task     ] GC(45) Using 1 of 3 workers for concurrent marking roots
[24.492s][info][gc          ] GC(45) Concurrent marking roots 0.462ms
[24.492s][info][gc,start    ] GC(45) Concurrent marking (unload classes)
[24.492s][info][gc,task     ] GC(45) Using 1 of 3 workers for concurrent marking
[24.497s][info][gc          ] GC(45) Concurrent marking (unload classes) 5.039ms
[24.498s][info][gc,start    ] GC(45) Pause Final Mark (unload classes)
[24.498s][info][gc,task     ] GC(45) Using 3 of 3 workers for final marking
[24.498s][info][gc,ergo     ] GC(45) Collectable Garbage: 493M (96%), Immediate: 493M (96%), CSet: 0B (0%)
[24.498s][info][gc          ] GC(45) Pause Final Mark (unload classes) 0.163ms
[24.498s][info][gc,start    ] GC(45) Concurrent weak references
[24.498s][info][gc,task     ] GC(45) Using 1 of 3 workers for concurrent weak references
[24.498s][info][gc,ref      ] GC(45) Encountered references: Soft: 80, Weak: 364, Final: 3, Phantom: 49
[24.498s][info][gc,ref      ] GC(45) Discovered  references: Soft: 0, Weak: 125, Final: 1, Phantom: 30
[24.498s][info][gc,ref      ] GC(45) Enqueued    references: Soft: 0, Weak: 0, Final: 0, Phantom: 0
[24.498s][info][gc          ] GC(45) Concurrent weak references 0.081ms
[24.498s][info][gc,start    ] GC(45) Concurrent weak roots
[24.498s][info][gc,task     ] GC(45) Using 1 of 3 workers for concurrent weak root
[24.499s][info][gc          ] GC(45) Concurrent weak roots 1.060ms
[24.499s][info][gc,start    ] GC(45) Concurrent cleanup
[24.500s][info][gc          ] GC(45) Concurrent cleanup 532M->39M(2048M) 0.141ms
[24.500s][info][gc,ergo     ] GC(45) Free: 1904M, Max: 1024K regular, 791M humongous, Frag: 59% external, 0% internal; Reserve: 103M, Max: 1024K
[24.500s][info][gc,start    ] GC(45) Concurrent class unloading
[24.500s][info][gc,task     ] GC(45) Using 1 of 3 workers for concurrent class unloading
[24.503s][info][gc          ] GC(45) Concurrent class unloading 3.768ms
[24.504s][info][gc,start    ] GC(45) Pause Final Roots
[24.504s][info][gc          ] GC(45) Pause Final Roots 0.027ms
[24.504s][info][gc,ergo     ] Free: 1896M, Max: 1024K regular, 791M humongous, Frag: 59% external, 0% internal; Reserve: 103M, Max: 1024K
[24.504s][info][gc,stats    ] 
[24.504s][info][gc,stats    ] All times are wall-clock times, except per-root-class counters, that are sum over
[24.504s][info][gc,stats    ] all workers. Dividing the <total> over the root stage time estimates parallelism.
[24.504s][info][gc,stats    ] 
[24.504s][info][gc,stats    ] Concurrent Reset                    207 us
[24.504s][info][gc,stats    ] Pause Init Mark (G)                 986 us
[24.504s][info][gc,stats    ] Pause Init Mark (N)                 100 us
[24.504s][info][gc,stats    ]   Update Region States               36 us
[24.504s][info][gc,stats    ] Concurrent Mark Roots               491 us, parallelism: 0.75x
[24.504s][info][gc,stats    ]   CMR: <total>                      370 us
[24.504s][info][gc,stats    ]   CMR: Thread Roots                 330 us, workers (us): 330, ---, ---, 
[24.504s][info][gc,stats    ]   CMR: VM Strong Roots                4 us, workers (us):   4, ---, ---, 
[24.504s][info][gc,stats    ]   CMR: CLDG Roots                    35 us, workers (us):  35, ---, ---, 
[24.504s][info][gc,stats    ] Concurrent Marking                 5072 us
[24.504s][info][gc,stats    ] Pause Final Mark (G)                799 us
[24.504s][info][gc,stats    ] Pause Final Mark (N)                173 us
[24.504s][info][gc,stats    ]   Finish Mark                        49 us
[24.504s][info][gc,stats    ]   Update Region States               35 us
[24.504s][info][gc,stats    ]   Choose Collection Set              40 us
[24.504s][info][gc,stats    ]   Rebuild Free Set                    8 us
[24.504s][info][gc,stats    ] Concurrent Weak References           91 us, parallelism: 0.12x
[24.504s][info][gc,stats    ]   CWRF: <total>                      11 us
[24.504s][info][gc,stats    ]   CWRF: Weak References              11 us, workers (us):  11, ---, ---, 
[24.504s][info][gc,stats    ] Concurrent Weak Roots              1097 us
[24.504s][info][gc,stats    ]   Roots                             938 us, parallelism: 0.96x
[24.504s][info][gc,stats    ]     CWR: <total>                    898 us
[24.504s][info][gc,stats    ]     CWR: Code Cache Roots           823 us, workers (us): 823, ---, ---, 
[24.504s][info][gc,stats    ]     CWR: VM Weak Roots               70 us, workers (us):  70, ---, ---, 
[24.504s][info][gc,stats    ]     CWR: CLDG Roots                   4 us, workers (us):   4, ---, ---, 
[24.504s][info][gc,stats    ]   Rendezvous                        102 us
[24.504s][info][gc,stats    ] Concurrent Cleanup                  153 us
[24.504s][info][gc,stats    ] Concurrent Class Unloading         3800 us
[24.504s][info][gc,stats    ]   Unlink Stale                     3400 us
[24.504s][info][gc,stats    ]     System Dictionary                 7 us
[24.504s][info][gc,stats    ]     Weak Class Links                  0 us
[24.504s][info][gc,stats    ]     Code Roots                     3391 us
[24.504s][info][gc,stats    ]   Rendezvous                        169 us
[24.504s][info][gc,stats    ]   Purge Unlinked                    179 us
[24.504s][info][gc,stats    ]     Code Roots                      175 us
[24.504s][info][gc,stats    ]     CLDG                              4 us
[24.504s][info][gc,stats    ]     Exception Caches                  0 us
[24.504s][info][gc,stats    ] Pause Final Roots (G)               638 us
[24.504s][info][gc,stats    ] Pause Final Roots (N)                36 us
[24.504s][info][gc,stats    ] 
[24.505s][info][gc,stats    ] Allocation pacing accrued:
[24.505s][info][gc,stats    ]       0 of   227 ms (  0.0%): <total>
[24.505s][info][gc,stats    ]       0 of   227 ms (  0.0%): <average total>
[24.505s][info][gc,stats    ] 
[24.505s][info][gc,metaspace] Metaspace: 8169K(8320K)->8169K(8320K) NonClass: 7202K(7296K)->7202K(7296K) Class: 966K(1024K)->966K(1024K)
[24.505s][info][gc,ergo     ] Pacer for Idle. Initial: 41943K, Alloc Tax Rate: 1.0x
[24.727s][info][gc          ] Trigger: Learning 5 of 5. Free (1427M) is below initial threshold (1433M)
[24.727s][info][gc,ergo     ] Free: 1427M, Max: 1024K regular, 791M humongous, Frag: 45% external, 0% internal; Reserve: 103M, Max: 1024K
[24.727s][info][gc,start    ] GC(46) Concurrent reset
[24.727s][info][gc,task     ] GC(46) Using 1 of 3 workers for concurrent reset
[24.727s][info][gc,ergo     ] GC(46) Pacer for Reset. Non-Taxable: 2048M
[24.727s][info][gc          ] GC(46) Concurrent reset 0.376ms
[24.727s][info][gc,start    ] GC(46) Pause Init Mark (unload classes)
[24.727s][info][gc,task     ] GC(46) Using 3 of 3 workers for init marking
[24.727s][info][gc,ergo     ] GC(46) Pacer for Mark. Expected Live: 4833K, Free: 1425M, Non-Taxable: 142M, Alloc Tax Rate: 0.0x
[24.727s][info][gc          ] GC(46) Pause Init Mark (unload classes) 0.119ms
[24.728s][info][gc,start    ] GC(46) Concurrent marking roots
[24.728s][info][gc,task     ] GC(46) Using 1 of 3 workers for concurrent marking roots
[24.728s][info][gc          ] GC(46) Concurrent marking roots 0.427ms
[24.728s][info][gc,start    ] GC(46) Concurrent marking (unload classes)
[24.728s][info][gc,task     ] GC(46) Using 1 of 3 workers for concurrent marking
[24.733s][info][gc          ] GC(46) Concurrent marking (unload classes) 5.117ms
[24.734s][info][gc,start    ] GC(46) Pause Final Mark (unload classes)
[24.734s][info][gc,task     ] GC(46) Using 3 of 3 workers for final marking
[24.734s][info][gc,ergo     ] GC(46) Collectable Garbage: 493M (96%), Immediate: 493M (96%), CSet: 0B (0%)
[24.734s][info][gc          ] GC(46) Pause Final Mark (unload classes) 0.160ms
[24.736s][info][gc,start    ] GC(46) Concurrent weak references
[24.736s][info][gc,task     ] GC(46) Using 1 of 3 workers for concurrent weak references
[24.736s][info][gc,ref      ] GC(46) Encountered references: Soft: 80, Weak: 363, Final: 3, Phantom: 49
[24.736s][info][gc,ref      ] GC(46) Discovered  references: Soft: 0, Weak: 125, Final: 1, Phantom: 31
[24.736s][info][gc,ref      ] GC(46) Enqueued    references: Soft: 0, Weak: 0, Final: 0, Phantom: 0
[24.736s][info][gc          ] GC(46) Concurrent weak references 0.110ms
[24.736s][info][gc,start    ] GC(46) Concurrent weak roots
[24.736s][info][gc,task     ] GC(46) Using 1 of 3 workers for concurrent weak root
[24.738s][info][gc          ] GC(46) Concurrent weak roots 1.877ms
[24.738s][info][gc,start    ] GC(46) Concurrent cleanup
[24.738s][info][gc          ] GC(46) Concurrent cleanup 539M->46M(2048M) 0.052ms
[24.738s][info][gc,ergo     ] GC(46) Free: 1898M, Max: 1024K regular, 791M humongous, Frag: 59% external, 0% internal; Reserve: 103M, Max: 1024K
[24.738s][info][gc,start    ] GC(46) Concurrent class unloading
[24.738s][info][gc,task     ] GC(46) Using 1 of 3 workers for concurrent class unloading
[24.748s][info][gc          ] GC(46) Concurrent class unloading 10.120ms
[24.748s][info][gc,start    ] GC(46) Pause Final Roots
[24.748s][info][gc          ] GC(46) Pause Final Roots 0.029ms
[24.748s][info][gc,ergo     ] Free: 1878M, Max: 1024K regular, 791M humongous, Frag: 58% external, 0% internal; Reserve: 103M, Max: 1024K
[24.748s][info][gc,stats    ] 
[24.748s][info][gc,stats    ] All times are wall-clock times, except per-root-class counters, that are sum over
[24.748s][info][gc,stats    ] all workers. Dividing the <total> over the root stage time estimates parallelism.
[24.748s][info][gc,stats    ] 
[24.748s][info][gc,stats    ] Concurrent Reset                    409 us
[24.748s][info][gc,stats    ] Pause Init Mark (G)                 638 us
[24.748s][info][gc,stats    ] Pause Init Mark (N)                 129 us
[24.748s][info][gc,stats    ]   Update Region States               48 us
[24.748s][info][gc,stats    ] Concurrent Mark Roots               445 us, parallelism: 0.76x
[24.748s][info][gc,stats    ]   CMR: <total>                      338 us
[24.748s][info][gc,stats    ]   CMR: Thread Roots                 301 us, workers (us): 301, ---, ---, 
[24.748s][info][gc,stats    ]   CMR: VM Strong Roots                4 us, workers (us):   4, ---, ---, 
[24.748s][info][gc,stats    ]   CMR: CLDG Roots                    33 us, workers (us):  33, ---, ---, 
[24.748s][info][gc,stats    ] Concurrent Marking                 5153 us
[24.748s][info][gc,stats    ] Pause Final Mark (G)               2026 us
[24.748s][info][gc,stats    ] Pause Final Mark (N)                170 us
[24.748s][info][gc,stats    ]   Finish Mark                        36 us
[24.748s][info][gc,stats    ]   Update Region States               38 us
[24.748s][info][gc,stats    ]   Choose Collection Set              38 us
[24.748s][info][gc,stats    ]   Rebuild Free Set                    8 us
[24.748s][info][gc,stats    ] Concurrent Weak References          119 us, parallelism: 0.09x
[24.748s][info][gc,stats    ]   CWRF: <total>                      11 us
[24.748s][info][gc,stats    ]   CWRF: Weak References              11 us, workers (us):  11, ---, ---, 
[24.748s][info][gc,stats    ] Concurrent Weak Roots              1908 us
[24.748s][info][gc,stats    ]   Roots                             958 us, parallelism: 0.95x
[24.748s][info][gc,stats    ]     CWR: <total>                    906 us
[24.748s][info][gc,stats    ]     CWR: Code Cache Roots           827 us, workers (us): 827, ---, ---, 
[24.748s][info][gc,stats    ]     CWR: VM Weak Roots               74 us, workers (us):  74, ---, ---, 
[24.748s][info][gc,stats    ]     CWR: CLDG Roots                   5 us, workers (us):   5, ---, ---, 
[24.748s][info][gc,stats    ]   Rendezvous                        900 us
[24.748s][info][gc,stats    ] Concurrent Cleanup                   62 us
[24.748s][info][gc,stats    ] Concurrent Class Unloading        10154 us
[24.748s][info][gc,stats    ]   Unlink Stale                     3015 us
[24.748s][info][gc,stats    ]     System Dictionary                 6 us
[24.748s][info][gc,stats    ]     Weak Class Links                  0 us
[24.748s][info][gc,stats    ]     Code Roots                     3008 us
[24.748s][info][gc,stats    ]   Rendezvous                       6811 us
[24.748s][info][gc,stats    ]   Purge Unlinked                    271 us
[24.748s][info][gc,stats    ]     Code Roots                      265 us
[24.748s][info][gc,stats    ]     CLDG                              6 us
[24.748s][info][gc,stats    ]     Exception Caches                  0 us
[24.748s][info][gc,stats    ] Pause Final Roots (G)               282 us
[24.748s][info][gc,stats    ] Pause Final Roots (N)                38 us
[24.749s][info][gc,stats    ] 
[24.749s][info][gc,stats    ] Allocation pacing accrued:
[24.749s][info][gc,stats    ]       0 of   244 ms (  0.0%): <total>
[24.749s][info][gc,stats    ]       0 of   244 ms (  0.0%): <average total>
[24.749s][info][gc,stats    ] 
[24.749s][info][gc,metaspace] Metaspace: 8169K(8320K)->8169K(8320K) NonClass: 7202K(7296K)->7202K(7296K) Class: 966K(1024K)->966K(1024K)
[24.749s][info][gc,ergo     ] Pacer for Idle. Initial: 41943K, Alloc Tax Rate: 1.0x
[25.561s][info][gc          ] Trigger: Free (201M) is below minimum threshold (204M)
[25.561s][info][gc,ergo     ] Free: 201M, Max: 1024K regular, 201M humongous, Frag: 0% external, 0% internal; Reserve: 103M, Max: 1024K
[25.561s][info][gc,start    ] GC(47) Concurrent reset
[25.561s][info][gc,task     ] GC(47) Using 1 of 3 workers for concurrent reset
[25.561s][info][gc,ergo     ] GC(47) Pacer for Reset. Non-Taxable: 2048M
[25.561s][info][gc          ] GC(47) Concurrent reset 0.274ms
[25.561s][info][gc,start    ] GC(47) Pause Init Mark (unload classes)
[25.561s][info][gc,task     ] GC(47) Using 3 of 3 workers for init marking
[25.561s][info][gc,ergo     ] GC(47) Pacer for Mark. Expected Live: 4807K, Free: 200M, Non-Taxable: 20480K, Alloc Tax Rate: 0.0x
[25.561s][info][gc          ] GC(47) Pause Init Mark (unload classes) 0.095ms
[25.562s][info][gc,start    ] GC(47) Concurrent marking roots
[25.562s][info][gc,task     ] GC(47) Using 1 of 3 workers for concurrent marking roots
[25.563s][info][gc          ] GC(47) Concurrent marking roots 0.455ms
[25.563s][info][gc,start    ] GC(47) Concurrent marking (unload classes)
[25.563s][info][gc,task     ] GC(47) Using 1 of 3 workers for concurrent marking
[25.568s][info][gc          ] GC(47) Concurrent marking (unload classes) 5.536ms
[25.568s][info][gc,start    ] GC(47) Pause Final Mark (unload classes)
[25.568s][info][gc,task     ] GC(47) Using 3 of 3 workers for final marking
[25.568s][info][gc,ergo     ] GC(47) Collectable Garbage: 1717M (98%), Immediate: 1717M (98%), CSet: 0B (0%)
[25.568s][info][gc          ] GC(47) Pause Final Mark (unload classes) 0.167ms
[25.572s][info][gc,start    ] GC(47) Concurrent weak references
[25.572s][info][gc,task     ] GC(47) Using 1 of 3 workers for concurrent weak references
[25.572s][info][gc,ref      ] GC(47) Encountered references: Soft: 80, Weak: 362, Final: 3, Phantom: 49
[25.572s][info][gc,ref      ] GC(47) Discovered  references: Soft: 0, Weak: 125, Final: 1, Phantom: 32
[25.572s][info][gc,ref      ] GC(47) Enqueued    references: Soft: 0, Weak: 0, Final: 0, Phantom: 0
[25.572s][info][gc          ] GC(47) Concurrent weak references 0.119ms
[25.572s][info][gc,start    ] GC(47) Concurrent weak roots
[25.572s][info][gc,task     ] GC(47) Using 1 of 3 workers for concurrent weak root
[25.573s][info][gc          ] GC(47) Concurrent weak roots 1.221ms
[25.573s][info][gc,start    ] GC(47) Concurrent cleanup
[25.573s][info][gc          ] GC(47) Concurrent cleanup 1762M->45M(2048M) 0.102ms
[25.573s][info][gc,ergo     ] GC(47) Free: 1900M, Max: 1024K regular, 966M humongous, Frag: 50% external, 0% internal; Reserve: 103M, Max: 1024K
[25.573s][info][gc,start    ] GC(47) Concurrent class unloading
[25.573s][info][gc,task     ] GC(47) Using 1 of 3 workers for concurrent class unloading
[25.577s][info][gc          ] GC(47) Concurrent class unloading 3.684ms
[25.577s][info][gc,start    ] GC(47) Pause Final Roots
[25.577s][info][gc          ] GC(47) Pause Final Roots 0.020ms
[25.577s][info][gc,ergo     ] Free: 1891M, Max: 1024K regular, 966M humongous, Frag: 49% external, 0% internal; Reserve: 103M, Max: 1024K
[25.577s][info][gc,stats    ] 
[25.578s][info][gc,stats    ] All times are wall-clock times, except per-root-class counters, that are sum over
[25.578s][info][gc,stats    ] all workers. Dividing the <total> over the root stage time estimates parallelism.
[25.578s][info][gc,stats    ] 
[25.578s][info][gc,stats    ] Concurrent Reset                    303 us
[25.578s][info][gc,stats    ] Pause Init Mark (G)                 924 us
[25.578s][info][gc,stats    ] Pause Init Mark (N)                 104 us
[25.578s][info][gc,stats    ]   Update Region States               39 us
[25.578s][info][gc,stats    ] Concurrent Mark Roots               477 us, parallelism: 0.73x
[25.578s][info][gc,stats    ]   CMR: <total>                      350 us
[25.578s][info][gc,stats    ]   CMR: Thread Roots                 310 us, workers (us): 310, ---, ---, 
[25.578s][info][gc,stats    ]   CMR: VM Strong Roots                5 us, workers (us):   5, ---, ---, 
[25.578s][info][gc,stats    ]   CMR: CLDG Roots                    35 us, workers (us):  35, ---, ---, 
[25.578s][info][gc,stats    ] Concurrent Marking                 5570 us
[25.578s][info][gc,stats    ] Pause Final Mark (G)               3387 us
[25.578s][info][gc,stats    ] Pause Final Mark (N)                178 us
[25.578s][info][gc,stats    ]   Finish Mark                        48 us
[25.578s][info][gc,stats    ]   Update Region States               35 us
[25.578s][info][gc,stats    ]   Choose Collection Set              51 us
[25.578s][info][gc,stats    ]   Rebuild Free Set                    8 us
[25.578s][info][gc,stats    ] Concurrent Weak References          128 us, parallelism: 0.07x
[25.578s][info][gc,stats    ]   CWRF: <total>                       9 us
[25.578s][info][gc,stats    ]   CWRF: Weak References               9 us, workers (us):   9, ---, ---, 
[25.578s][info][gc,stats    ] Concurrent Weak Roots              1256 us
[25.578s][info][gc,stats    ]   Roots                            1069 us, parallelism: 0.97x
[25.578s][info][gc,stats    ]     CWR: <total>                   1033 us
[25.578s][info][gc,stats    ]     CWR: Code Cache Roots           947 us, workers (us): 947, ---, ---, 
[25.578s][info][gc,stats    ]     CWR: VM Weak Roots               79 us, workers (us):  79, ---, ---, 
[25.578s][info][gc,stats    ]     CWR: CLDG Roots                   6 us, workers (us):   6, ---, ---, 
[25.578s][info][gc,stats    ]   Rendezvous                        132 us
[25.578s][info][gc,stats    ] Concurrent Cleanup                  114 us
[25.578s][info][gc,stats    ] Concurrent Class Unloading         3714 us
[25.578s][info][gc,stats    ]   Unlink Stale                     3418 us
[25.578s][info][gc,stats    ]     System Dictionary                 7 us
[25.578s][info][gc,stats    ]     Weak Class Links                  0 us
[25.578s][info][gc,stats    ]     Code Roots                     3410 us
[25.578s][info][gc,stats    ]   Rendezvous                         68 us
[25.578s][info][gc,stats    ]   Purge Unlinked                    175 us
[25.578s][info][gc,stats    ]     Code Roots                      170 us
[25.578s][info][gc,stats    ]     CLDG                              5 us
[25.578s][info][gc,stats    ]     Exception Caches                  0 us
[25.578s][info][gc,stats    ] Pause Final Roots (G)               600 us
[25.578s][info][gc,stats    ] Pause Final Roots (N)                30 us
[25.578s][info][gc,stats    ] 
[25.578s][info][gc,stats    ] Allocation pacing accrued:
[25.578s][info][gc,stats    ]       0 of   829 ms (  0.0%): <total>
[25.578s][info][gc,stats    ]       0 of   829 ms (  0.0%): <average total>
[25.578s][info][gc,stats    ] 
[25.578s][info][gc,metaspace] Metaspace: 8169K(8320K)->8169K(8320K) NonClass: 7202K(7296K)->7202K(7296K) Class: 966K(1024K)->966K(1024K)
[25.578s][info][gc,ergo     ] Pacer for Idle. Initial: 41943K, Alloc Tax Rate: 1.0x
[26.173s][info][gc          ] Trigger: Explicit GC request (System.gc())
[26.173s][info][gc,ergo     ] Free: 763M, Max: 1024K regular, 531M humongous, Frag: 31% external, 0% internal; Reserve: 103M, Max: 1024K
[26.173s][info][gc,start    ] GC(48) Concurrent reset
[26.173s][info][gc,task     ] GC(48) Using 1 of 3 workers for concurrent reset
[26.173s][info][gc,ergo     ] GC(48) Pacer for Reset. Non-Taxable: 2048M
[26.173s][info][gc          ] GC(48) Concurrent reset 0.465ms
[26.174s][info][gc,start    ] GC(48) Pause Init Mark (unload classes)
[26.174s][info][gc,task     ] GC(48) Using 3 of 3 workers for init marking
[26.174s][info][gc,ref      ] GC(48) Clearing All SoftReferences
[26.174s][info][gc,ergo     ] GC(48) Pacer for Mark. Expected Live: 5101K, Free: 763M, Non-Taxable: 78225K, Alloc Tax Rate: 0.0x
[26.174s][info][gc          ] GC(48) Pause Init Mark (unload classes) 0.184ms
[26.174s][info][gc,start    ] GC(48) Concurrent marking roots
[26.174s][info][gc,task     ] GC(48) Using 1 of 3 workers for concurrent marking roots
[26.174s][info][gc          ] GC(48) Concurrent marking roots 0.379ms
[26.174s][info][gc,start    ] GC(48) Concurrent marking (unload classes)
[26.174s][info][gc,task     ] GC(48) Using 1 of 3 workers for concurrent marking
[26.178s][info][gc          ] GC(48) Concurrent marking (unload classes) 4.234ms
[26.178s][info][gc,start    ] GC(48) Pause Final Mark (unload classes)
[26.178s][info][gc,task     ] GC(48) Using 3 of 3 workers for final marking
[26.179s][info][gc,ergo     ] GC(48) Collectable Garbage: 1171M (99%), Immediate: 1171M (99%), CSet: 0B (0%)
[26.179s][info][gc          ] GC(48) Pause Final Mark (unload classes) 0.201ms
[26.179s][info][gc,start    ] GC(48) Concurrent weak references
[26.179s][info][gc,task     ] GC(48) Using 1 of 3 workers for concurrent weak references
[26.179s][info][gc,ref      ] GC(48) Encountered references: Soft: 80, Weak: 353, Final: 3, Phantom: 47
[26.179s][info][gc,ref      ] GC(48) Discovered  references: Soft: 47, Weak: 140, Final: 1, Phantom: 38
[26.179s][info][gc,ref      ] GC(48) Enqueued    references: Soft: 5, Weak: 0, Final: 0, Phantom: 6
[26.179s][info][gc          ] GC(48) Concurrent weak references 0.155ms
[26.179s][info][gc,start    ] GC(48) Concurrent weak roots
[26.179s][info][gc,task     ] GC(48) Using 1 of 3 workers for concurrent weak root
[26.180s][info][gc          ] GC(48) Concurrent weak roots 0.920ms
[26.180s][info][gc,start    ] GC(48) Concurrent cleanup
[26.180s][info][gc          ] GC(48) Concurrent cleanup 1181M->10M(2048M) 0.078ms
[26.180s][info][gc,ergo     ] GC(48) Free: 1934M, Max: 1024K regular, 801M humongous, Frag: 59% external, 0% internal; Reserve: 103M, Max: 1024K
[26.180s][info][gc,start    ] GC(48) Concurrent class unloading
[26.180s][info][gc,task     ] GC(48) Using 1 of 3 workers for concurrent class unloading
[26.185s][info][gc          ] GC(48) Concurrent class unloading 5.146ms
[26.185s][info][gc,start    ] GC(48) Pause Final Roots
[26.185s][info][gc          ] GC(48) Pause Final Roots 0.053ms
[26.185s][info][gc,ergo     ] Free: 1934M, Max: 1024K regular, 801M humongous, Frag: 59% external, 0% internal; Reserve: 103M, Max: 1024K
[26.185s][info][gc,stats    ] 
[26.185s][info][gc,stats    ] All times are wall-clock times, except per-root-class counters, that are sum over
[26.185s][info][gc,stats    ] all workers. Dividing the <total> over the root stage time estimates parallelism.
[26.185s][info][gc,stats    ] 
[26.185s][info][gc,stats    ] Concurrent Reset                    538 us
[26.185s][info][gc,stats    ] Pause Init Mark (G)                 278 us
[26.185s][info][gc,stats    ] Pause Init Mark (N)                 201 us
[26.185s][info][gc,stats    ]   Update Region States               75 us
[26.185s][info][gc,stats    ] Concurrent Mark Roots               389 us, parallelism: 0.78x
[26.185s][info][gc,stats    ]   CMR: <total>                      304 us
[26.185s][info][gc,stats    ]   CMR: Thread Roots                 259 us, workers (us): 259, ---, ---, 
[26.185s][info][gc,stats    ]   CMR: VM Strong Roots                6 us, workers (us):   6, ---, ---, 
[26.185s][info][gc,stats    ]   CMR: CLDG Roots                    39 us, workers (us):  39, ---, ---, 
[26.185s][info][gc,stats    ] Concurrent Marking                 4259 us
[26.185s][info][gc,stats    ] Pause Final Mark (G)                244 us
[26.186s][info][gc,stats    ] Pause Final Mark (N)                210 us
[26.186s][info][gc,stats    ]   Finish Mark                        78 us
[26.186s][info][gc,stats    ]   Update Region States               38 us
[26.186s][info][gc,stats    ]   Choose Collection Set              36 us
[26.186s][info][gc,stats    ]   Rebuild Free Set                    8 us
[26.186s][info][gc,stats    ] Concurrent Weak References          176 us, parallelism: 0.08x
[26.186s][info][gc,stats    ]   CWRF: <total>                      14 us
[26.186s][info][gc,stats    ]   CWRF: Weak References              14 us, workers (us):  14, ---, ---, 
[26.186s][info][gc,stats    ] Concurrent Weak Roots               953 us
[26.186s][info][gc,stats    ]   Roots                             831 us, parallelism: 0.95x
[26.186s][info][gc,stats    ]     CWR: <total>                    786 us
[26.186s][info][gc,stats    ]     CWR: Code Cache Roots           717 us, workers (us): 717, ---, ---, 
[26.186s][info][gc,stats    ]     CWR: VM Weak Roots               66 us, workers (us):  66, ---, ---, 
[26.186s][info][gc,stats    ]     CWR: CLDG Roots                   4 us, workers (us):   4, ---, ---, 
[26.186s][info][gc,stats    ]   Rendezvous                         54 us
[26.186s][info][gc,stats    ] Concurrent Cleanup                   86 us
[26.186s][info][gc,stats    ] Concurrent Class Unloading         5197 us
[26.186s][info][gc,stats    ]   Unlink Stale                     4834 us
[26.186s][info][gc,stats    ]     System Dictionary                69 us
[26.186s][info][gc,stats    ]     Weak Class Links               1641 us
[26.186s][info][gc,stats    ]     Code Roots                     3124 us
[26.186s][info][gc,stats    ]   Rendezvous                         52 us
[26.186s][info][gc,stats    ]   Purge Unlinked                    238 us
[26.186s][info][gc,stats    ]     Code Roots                      217 us
[26.186s][info][gc,stats    ]     CLDG                             21 us
[26.186s][info][gc,stats    ]     Exception Caches                  0 us
[26.186s][info][gc,stats    ] Pause Final Roots (G)               133 us
[26.186s][info][gc,stats    ] Pause Final Roots (N)                76 us
[26.186s][info][gc,stats    ] 
[26.186s][info][gc,stats    ] Allocation pacing accrued:
[26.186s][info][gc,stats    ]       0 of   608 ms (  0.0%): <total>
[26.186s][info][gc,stats    ]       0 of   608 ms (  0.0%): <average total>
[26.186s][info][gc,stats    ] 
[26.186s][info][gc,metaspace] Metaspace: 8173K(8320K)->8171K(8320K) NonClass: 7205K(7296K)->7204K(7296K) Class: 967K(1024K)->966K(1024K)
[26.186s][info][gc,ergo     ] Pacer for Idle. Initial: 41943K, Alloc Tax Rate: 1.0x
[26.433s][info][gc          ] Trigger: Learning 2 of 5. Free (1431M) is below initial threshold (1433M)
[26.433s][info][gc,ergo     ] Free: 1429M, Max: 1024K regular, 801M humongous, Frag: 44% external, 0% internal; Reserve: 103M, Max: 1024K
[26.433s][info][gc,start    ] GC(49) Concurrent reset
[26.433s][info][gc,task     ] GC(49) Using 1 of 3 workers for concurrent reset
[26.433s][info][gc,ergo     ] GC(49) Pacer for Reset. Non-Taxable: 2048M
[26.434s][info][gc          ] GC(49) Concurrent reset 0.137ms
[26.434s][info][gc,start    ] GC(49) Pause Init Mark (unload classes)
[26.434s][info][gc,task     ] GC(49) Using 3 of 3 workers for init marking
[26.434s][info][gc,ergo     ] GC(49) Pacer for Mark. Expected Live: 4792K, Free: 1429M, Non-Taxable: 142M, Alloc Tax Rate: 0.0x
[26.434s][info][gc          ] GC(49) Pause Init Mark (unload classes) 0.094ms
[26.434s][info][gc,start    ] GC(49) Concurrent marking roots
[26.434s][info][gc,task     ] GC(49) Using 1 of 3 workers for concurrent marking roots
[26.435s][info][gc          ] GC(49) Concurrent marking roots 0.388ms
[26.435s][info][gc,start    ] GC(49) Concurrent marking (unload classes)
[26.435s][info][gc,task     ] GC(49) Using 1 of 3 workers for concurrent marking
[26.442s][info][gc          ] GC(49) Concurrent marking (unload classes) 7.301ms
[26.442s][info][gc,start    ] GC(49) Pause Final Mark (unload classes)
[26.442s][info][gc,task     ] GC(49) Using 3 of 3 workers for final marking
[26.442s][info][gc,ergo     ] GC(49) Adaptive CSet Selection. Target Free: 290M, Actual Free: 1959M, Max CSet: 87381K, Min Garbage: 0B
[26.442s][info][gc,ergo     ] GC(49) Collectable Garbage: 509M (99%), Immediate: 445M (87%), CSet: 66372K (12%)
[26.442s][info][gc,ergo     ] GC(49) Pacer for Evacuation. Used CSet: 68608K, Free: 1856M, Non-Taxable: 185M, Alloc Tax Rate: 1.1x
[26.442s][info][gc          ] GC(49) Pause Final Mark (unload classes) 0.255ms
[26.443s][info][gc,start    ] GC(49) Concurrent thread roots
[26.443s][info][gc,task     ] GC(49) Using 1 of 3 workers for Concurrent thread roots
[26.443s][info][gc          ] GC(49) Concurrent thread roots 0.374ms
[26.443s][info][gc,start    ] GC(49) Concurrent weak references
[26.443s][info][gc,task     ] GC(49) Using 1 of 3 workers for concurrent weak references
[26.443s][info][gc,ref      ] GC(49) Encountered references: Soft: 80, Weak: 363, Final: 3, Phantom: 49
[26.443s][info][gc,ref      ] GC(49) Discovered  references: Soft: 0, Weak: 125, Final: 1, Phantom: 31
[26.443s][info][gc,ref      ] GC(49) Enqueued    references: Soft: 0, Weak: 0, Final: 0, Phantom: 0
[26.444s][info][gc          ] GC(49) Concurrent weak references 0.102ms
[26.444s][info][gc,start    ] GC(49) Concurrent weak roots
[26.444s][info][gc,task     ] GC(49) Using 1 of 3 workers for concurrent weak root
[26.445s][info][gc          ] GC(49) Concurrent weak roots 1.335ms
[26.445s][info][gc,start    ] GC(49) Concurrent cleanup
[26.445s][info][gc          ] GC(49) Concurrent cleanup 540M->95M(2048M) 0.048ms
[26.445s][info][gc,ergo     ] GC(49) Free: 1849M, Max: 1024K regular, 801M humongous, Frag: 57% external, 0% internal; Reserve: 102M, Max: 1024K
[26.445s][info][gc,start    ] GC(49) Concurrent class unloading
[26.445s][info][gc,task     ] GC(49) Using 1 of 3 workers for concurrent class unloading
[26.448s][info][gc          ] GC(49) Concurrent class unloading 3.452ms
[26.448s][info][gc,start    ] GC(49) Concurrent strong roots
[26.448s][info][gc,task     ] GC(49) Using 1 of 3 workers for concurrent strong root
[26.449s][info][gc          ] GC(49) Concurrent strong roots 0.083ms
[26.449s][info][gc,start    ] GC(49) Concurrent evacuation
[26.449s][info][gc,task     ] GC(49) Using 1 of 3 workers for concurrent evacuation
[26.450s][info][gc          ] GC(49) Concurrent evacuation 1.066ms
[26.450s][info][gc,start    ] GC(49) Pause Init Update Refs
[26.450s][info][gc,ergo     ] GC(49) Pacer for Update Refs. Used: 102M, Free: 1844M, Non-Taxable: 184M, Alloc Tax Rate: 1.1x
[26.450s][info][gc          ] GC(49) Pause Init Update Refs 0.053ms
[26.452s][info][gc,start    ] GC(49) Concurrent update references
[26.452s][info][gc,task     ] GC(49) Using 1 of 3 workers for concurrent reference update
[26.458s][info][gc          ] GC(49) Concurrent update references 6.158ms
[26.458s][info][gc,start    ] GC(49) Concurrent update thread roots
[26.459s][info][gc          ] GC(49) Concurrent update thread roots 1.259ms
[26.459s][info][gc,start    ] GC(49) Pause Final Update Refs
[26.459s][info][gc,task     ] GC(49) Using 3 of 3 workers for final reference update
[26.459s][info][gc          ] GC(49) Pause Final Update Refs 0.106ms
[26.462s][info][gc,start    ] GC(49) Concurrent cleanup
[26.462s][info][gc          ] GC(49) Concurrent cleanup 113M->54M(2048M) 0.069ms
[26.462s][info][gc,ergo     ] Free: 1890M, Max: 1024K regular, 801M humongous, Frag: 58% external, 0% internal; Reserve: 103M, Max: 1024K
[26.462s][info][gc,stats    ] 
[26.462s][info][gc,stats    ] All times are wall-clock times, except per-root-class counters, that are sum over
[26.462s][info][gc,stats    ] all workers. Dividing the <total> over the root stage time estimates parallelism.
[26.462s][info][gc,stats    ] 
[26.462s][info][gc,stats    ] Concurrent Reset                    150 us
[26.462s][info][gc,stats    ] Pause Init Mark (G)                 771 us
[26.462s][info][gc,stats    ] Pause Init Mark (N)                 103 us
[26.462s][info][gc,stats    ]   Update Region States               38 us
[26.462s][info][gc,stats    ] Concurrent Mark Roots               405 us, parallelism: 0.75x
[26.462s][info][gc,stats    ]   CMR: <total>                      304 us
[26.462s][info][gc,stats    ]   CMR: Thread Roots                 266 us, workers (us): 266, ---, ---, 
[26.462s][info][gc,stats    ]   CMR: VM Strong Roots                5 us, workers (us):   5, ---, ---, 
[26.462s][info][gc,stats    ]   CMR: CLDG Roots                    33 us, workers (us):  33, ---, ---, 
[26.462s][info][gc,stats    ] Concurrent Marking                 7345 us
[26.462s][info][gc,stats    ] Pause Final Mark (G)                944 us
[26.462s][info][gc,stats    ] Pause Final Mark (N)                264 us
[26.462s][info][gc,stats    ]   Finish Mark                        84 us
[26.462s][info][gc,stats    ]   Update Region States               38 us
[26.462s][info][gc,stats    ]   Choose Collection Set              54 us
[26.462s][info][gc,stats    ]   Rebuild Free Set                    8 us
[26.462s][info][gc,stats    ] Concurrent Thread Roots             412 us, parallelism: 0.69x
[26.462s][info][gc,stats    ]   CTR: <total>                      283 us
[26.462s][info][gc,stats    ]   CTR: Thread Roots                 283 us, workers (us): 283, ---, ---, 
[26.462s][info][gc,stats    ] Concurrent Weak References          112 us, parallelism: 0.14x
[26.462s][info][gc,stats    ]   CWRF: <total>                      15 us
[26.462s][info][gc,stats    ]   CWRF: Weak References              15 us, workers (us):  15, ---, ---, 
[26.462s][info][gc,stats    ] Concurrent Weak Roots              1366 us
[26.462s][info][gc,stats    ]   Roots                             902 us, parallelism: 0.95x
[26.463s][info][gc,stats    ]     CWR: <total>                    854 us
[26.463s][info][gc,stats    ]     CWR: Code Cache Roots           734 us, workers (us): 734, ---, ---, 
[26.463s][info][gc,stats    ]     CWR: VM Weak Roots              114 us, workers (us): 114, ---, ---, 
[26.463s][info][gc,stats    ]     CWR: CLDG Roots                   6 us, workers (us):   6, ---, ---, 
[26.463s][info][gc,stats    ]   Rendezvous                        412 us
[26.463s][info][gc,stats    ] Concurrent Cleanup                   58 us
[26.463s][info][gc,stats    ] Concurrent Class Unloading         3482 us
[26.463s][info][gc,stats    ]   Unlink Stale                     3066 us
[26.463s][info][gc,stats    ]     System Dictionary                 7 us
[26.463s][info][gc,stats    ]     Weak Class Links                  0 us
[26.463s][info][gc,stats    ]     Code Roots                     3057 us
[26.463s][info][gc,stats    ]   Rendezvous                        203 us
[26.463s][info][gc,stats    ]   Purge Unlinked                    161 us
[26.463s][info][gc,stats    ]     Code Roots                      157 us
[26.463s][info][gc,stats    ]     CLDG                              3 us
[26.463s][info][gc,stats    ]     Exception Caches                  0 us
[26.463s][info][gc,stats    ] Concurrent Strong Roots              95 us, parallelism: 0.36x
[26.463s][info][gc,stats    ]   CSR: <total>                       34 us
[26.463s][info][gc,stats    ]   CSR: VM Strong Roots                3 us, workers (us):   3, ---, ---, 
[26.463s][info][gc,stats    ]   CSR: CLDG Roots                    32 us, workers (us):  32, ---, ---, 
[26.463s][info][gc,stats    ] Concurrent Evacuation              1110 us
[26.463s][info][gc,stats    ] Pause Init Update Refs (G)         1926 us
[26.463s][info][gc,stats    ] Pause Init Update Refs (N)           64 us
[26.463s][info][gc,stats    ]   Manage GCLABs                       6 us
[26.463s][info][gc,stats    ] Concurrent Update Refs             6194 us
[26.463s][info][gc,stats    ] Concurrent Update Thread Roots     1290 us
[26.463s][info][gc,stats    ] Pause Final Update Refs (G)        3079 us
[26.463s][info][gc,stats    ] Pause Final Update Refs (N)         118 us
[26.463s][info][gc,stats    ]   Update Region States               51 us
[26.463s][info][gc,stats    ]   Trash Collection Set                3 us
[26.463s][info][gc,stats    ]   Rebuild Free Set                   12 us
[26.463s][info][gc,stats    ] Concurrent Cleanup                   81 us
[26.463s][info][gc,stats    ] 
[26.463s][info][gc,stats    ] Allocation pacing accrued:
[26.463s][info][gc,stats    ]       0 of   277 ms (  0.0%): <total>
[26.463s][info][gc,stats    ]       0 of   277 ms (  0.0%): <average total>
[26.463s][info][gc,stats    ] 
[26.463s][info][gc,metaspace] Metaspace: 8177K(8320K)->8177K(8320K) NonClass: 7209K(7296K)->7209K(7296K) Class: 967K(1024K)->967K(1024K)
[26.463s][info][gc,ergo     ] Pacer for Idle. Initial: 41943K, Alloc Tax Rate: 1.0x
[26.675s][info][gc          ] Trigger: Learning 3 of 5. Free (1432M) is below initial threshold (1433M)
[26.676s][info][gc,ergo     ] Free: 1432M, Max: 1024K regular, 801M humongous, Frag: 45% external, 0% internal; Reserve: 103M, Max: 1024K
[26.676s][info][gc,start    ] GC(50) Concurrent reset
[26.676s][info][gc,task     ] GC(50) Using 1 of 3 workers for concurrent reset
[26.676s][info][gc,ergo     ] GC(50) Pacer for Reset. Non-Taxable: 2048M
[26.676s][info][gc          ] GC(50) Concurrent reset 0.355ms
[26.676s][info][gc,start    ] GC(50) Pause Init Mark (unload classes)
[26.676s][info][gc,task     ] GC(50) Using 3 of 3 workers for init marking
[26.676s][info][gc,ergo     ] GC(50) Pacer for Mark. Expected Live: 4808K, Free: 1432M, Non-Taxable: 143M, Alloc Tax Rate: 0.0x
[26.676s][info][gc          ] GC(50) Pause Init Mark (unload classes) 0.115ms
[26.676s][info][gc,start    ] GC(50) Concurrent marking roots
[26.676s][info][gc,task     ] GC(50) Using 1 of 3 workers for concurrent marking roots
[26.677s][info][gc          ] GC(50) Concurrent marking roots 0.405ms
[26.677s][info][gc,start    ] GC(50) Concurrent marking (unload classes)
[26.677s][info][gc,task     ] GC(50) Using 1 of 3 workers for concurrent marking
[26.686s][info][gc          ] GC(50) Concurrent marking (unload classes) 8.857ms
[26.686s][info][gc,start    ] GC(50) Pause Final Mark (unload classes)
[26.686s][info][gc,task     ] GC(50) Using 3 of 3 workers for final marking
[26.686s][info][gc,ergo     ] GC(50) Collectable Garbage: 490M (96%), Immediate: 490M (96%), CSet: 0B (0%)
[26.686s][info][gc          ] GC(50) Pause Final Mark (unload classes) 0.217ms
[26.686s][info][gc,start    ] GC(50) Concurrent weak references
[26.686s][info][gc,task     ] GC(50) Using 1 of 3 workers for concurrent weak references
[26.686s][info][gc,ref      ] GC(50) Encountered references: Soft: 80, Weak: 365, Final: 3, Phantom: 49
[26.686s][info][gc,ref      ] GC(50) Discovered  references: Soft: 0, Weak: 125, Final: 1, Phantom: 23
[26.686s][info][gc,ref      ] GC(50) Enqueued    references: Soft: 0, Weak: 0, Final: 0, Phantom: 0
[26.686s][info][gc          ] GC(50) Concurrent weak references 0.079ms
[26.686s][info][gc,start    ] GC(50) Concurrent weak roots
[26.686s][info][gc,task     ] GC(50) Using 1 of 3 workers for concurrent weak root
[26.690s][info][gc          ] GC(50) Concurrent weak roots 4.191ms
[26.690s][info][gc,start    ] GC(50) Concurrent cleanup
[26.690s][info][gc          ] GC(50) Concurrent cleanup 540M->50M(2048M) 0.059ms
[26.690s][info][gc,ergo     ] GC(50) Free: 1893M, Max: 1024K regular, 801M humongous, Frag: 58% external, 0% internal; Reserve: 103M, Max: 1024K
[26.690s][info][gc,start    ] GC(50) Concurrent class unloading
[26.690s][info][gc,task     ] GC(50) Using 1 of 3 workers for concurrent class unloading
[26.695s][info][gc          ] GC(50) Concurrent class unloading 4.885ms
[26.695s][info][gc,start    ] GC(50) Pause Final Roots
[26.695s][info][gc          ] GC(50) Pause Final Roots 0.028ms
[26.696s][info][gc,ergo     ] Free: 1883M, Max: 1024K regular, 801M humongous, Frag: 58% external, 0% internal; Reserve: 103M, Max: 1024K
[26.696s][info][gc,stats    ] 
[26.696s][info][gc,stats    ] All times are wall-clock times, except per-root-class counters, that are sum over
[26.696s][info][gc,stats    ] all workers. Dividing the <total> over the root stage time estimates parallelism.
[26.696s][info][gc,stats    ] 
[26.696s][info][gc,stats    ] Concurrent Reset                    388 us
[26.696s][info][gc,stats    ] Pause Init Mark (G)                 226 us
[26.696s][info][gc,stats    ] Pause Init Mark (N)                 124 us
[26.696s][info][gc,stats    ]   Update Region States               46 us
[26.696s][info][gc,stats    ] Concurrent Mark Roots               496 us, parallelism: 0.66x
[26.696s][info][gc,stats    ]   CMR: <total>                      329 us
[26.696s][info][gc,stats    ]   CMR: Thread Roots                 281 us, workers (us): 281, ---, ---, 
[26.696s][info][gc,stats    ]   CMR: VM Strong Roots                5 us, workers (us):   5, ---, ---, 
[26.696s][info][gc,stats    ]   CMR: CLDG Roots                    43 us, workers (us):  43, ---, ---, 
[26.696s][info][gc,stats    ] Concurrent Marking                 8900 us
[26.696s][info][gc,stats    ] Pause Final Mark (G)                345 us
[26.696s][info][gc,stats    ] Pause Final Mark (N)                227 us
[26.696s][info][gc,stats    ]   Finish Mark                        76 us
[26.696s][info][gc,stats    ]   Update Region States               49 us
[26.696s][info][gc,stats    ]   Choose Collection Set              42 us
[26.696s][info][gc,stats    ]   Rebuild Free Set                    8 us
[26.696s][info][gc,stats    ] Concurrent Weak References           89 us, parallelism: 0.09x
[26.696s][info][gc,stats    ]   CWRF: <total>                       8 us
[26.696s][info][gc,stats    ]   CWRF: Weak References               8 us, workers (us):   8, ---, ---, 
[26.696s][info][gc,stats    ] Concurrent Weak Roots              4228 us
[26.696s][info][gc,stats    ]   Roots                             983 us, parallelism: 0.95x
[26.696s][info][gc,stats    ]     CWR: <total>                    936 us
[26.696s][info][gc,stats    ]     CWR: Code Cache Roots           854 us, workers (us): 854, ---, ---, 
[26.696s][info][gc,stats    ]     CWR: VM Weak Roots               77 us, workers (us):  77, ---, ---, 
[26.696s][info][gc,stats    ]     CWR: CLDG Roots                   5 us, workers (us):   5, ---, ---, 
[26.696s][info][gc,stats    ]   Rendezvous                       3186 us
[26.696s][info][gc,stats    ] Concurrent Cleanup                   69 us
[26.696s][info][gc,stats    ] Concurrent Class Unloading         4921 us
[26.696s][info][gc,stats    ]   Unlink Stale                     3754 us
[26.696s][info][gc,stats    ]     System Dictionary                 8 us
[26.696s][info][gc,stats    ]     Weak Class Links                  0 us
[26.696s][info][gc,stats    ]     Code Roots                     3744 us
[26.696s][info][gc,stats    ]   Rendezvous                        861 us
[26.696s][info][gc,stats    ]   Purge Unlinked                    245 us
[26.696s][info][gc,stats    ]     Code Roots                      239 us
[26.696s][info][gc,stats    ]     CLDG                              6 us
[26.696s][info][gc,stats    ]     Exception Caches                  0 us
[26.696s][info][gc,stats    ] Pause Final Roots (G)               206 us
[26.696s][info][gc,stats    ] Pause Final Roots (N)                38 us
[26.696s][info][gc,stats    ] 
[26.696s][info][gc,stats    ] Allocation pacing accrued:
[26.696s][info][gc,stats    ]       0 of   233 ms (  0.0%): <total>
[26.696s][info][gc,stats    ]       0 of   233 ms (  0.0%): <average total>
[26.696s][info][gc,stats    ] 
[26.696s][info][gc,metaspace] Metaspace: 8177K(8320K)->8177K(8320K) NonClass: 7209K(7296K)->7209K(7296K) Class: 967K(1024K)->967K(1024K)
[26.696s][info][gc,ergo     ] Pacer for Idle. Initial: 41943K, Alloc Tax Rate: 1.0x
[26.908s][info][gc          ] Trigger: Learning 4 of 5. Free (1432M) is below initial threshold (1433M)
[26.908s][info][gc,ergo     ] Free: 1432M, Max: 1024K regular, 801M humongous, Frag: 45% external, 0% internal; Reserve: 103M, Max: 1024K
[26.909s][info][gc,start    ] GC(51) Concurrent reset
[26.909s][info][gc,task     ] GC(51) Using 1 of 3 workers for concurrent reset
[26.909s][info][gc,ergo     ] GC(51) Pacer for Reset. Non-Taxable: 2048M
[26.909s][info][gc          ] GC(51) Concurrent reset 0.215ms
[26.909s][info][gc,start    ] GC(51) Pause Init Mark (unload classes)
[26.909s][info][gc,task     ] GC(51) Using 3 of 3 workers for init marking
[26.909s][info][gc,ergo     ] GC(51) Pacer for Mark. Expected Live: 4775K, Free: 1431M, Non-Taxable: 143M, Alloc Tax Rate: 0.0x
[26.909s][info][gc          ] GC(51) Pause Init Mark (unload classes) 0.104ms
[26.910s][info][gc,start    ] GC(51) Concurrent marking roots
[26.910s][info][gc,task     ] GC(51) Using 1 of 3 workers for concurrent marking roots
[26.911s][info][gc          ] GC(51) Concurrent marking roots 0.432ms
[26.911s][info][gc,start    ] GC(51) Concurrent marking (unload classes)
[26.911s][info][gc,task     ] GC(51) Using 1 of 3 workers for concurrent marking
[26.916s][info][gc          ] GC(51) Concurrent marking (unload classes) 5.064ms
[26.916s][info][gc,start    ] GC(51) Pause Final Mark (unload classes)
[26.916s][info][gc,task     ] GC(51) Using 3 of 3 workers for final marking
[26.916s][info][gc,ergo     ] GC(51) Collectable Garbage: 490M (96%), Immediate: 490M (96%), CSet: 0B (0%)
[26.916s][info][gc          ] GC(51) Pause Final Mark (unload classes) 0.170ms
[26.918s][info][gc,start    ] GC(51) Concurrent weak references
[26.918s][info][gc,task     ] GC(51) Using 1 of 3 workers for concurrent weak references
[26.918s][info][gc,ref      ] GC(51) Encountered references: Soft: 80, Weak: 363, Final: 3, Phantom: 49
[26.918s][info][gc,ref      ] GC(51) Discovered  references: Soft: 0, Weak: 125, Final: 1, Phantom: 32
[26.918s][info][gc,ref      ] GC(51) Enqueued    references: Soft: 0, Weak: 0, Final: 0, Phantom: 0
[26.918s][info][gc          ] GC(51) Concurrent weak references 0.106ms
[26.918s][info][gc,start    ] GC(51) Concurrent weak roots
[26.918s][info][gc,task     ] GC(51) Using 1 of 3 workers for concurrent weak root
[26.919s][info][gc          ] GC(51) Concurrent weak roots 1.004ms
[26.919s][info][gc,start    ] GC(51) Concurrent cleanup
[26.919s][info][gc          ] GC(51) Concurrent cleanup 530M->40M(2048M) 0.056ms
[26.919s][info][gc,ergo     ] GC(51) Free: 1904M, Max: 1024K regular, 801M humongous, Frag: 58% external, 0% internal; Reserve: 103M, Max: 1024K
[26.919s][info][gc,start    ] GC(51) Concurrent class unloading
[26.919s][info][gc,task     ] GC(51) Using 1 of 3 workers for concurrent class unloading
[26.930s][info][gc          ] GC(51) Concurrent class unloading 11.257ms
[26.930s][info][gc,start    ] GC(51) Pause Final Roots
[26.930s][info][gc          ] GC(51) Pause Final Roots 0.028ms
[26.931s][info][gc,ergo     ] Free: 1879M, Max: 1024K regular, 801M humongous, Frag: 58% external, 0% internal; Reserve: 103M, Max: 1024K
[26.931s][info][gc,stats    ] 
[26.931s][info][gc,stats    ] All times are wall-clock times, except per-root-class counters, that are sum over
[26.931s][info][gc,stats    ] all workers. Dividing the <total> over the root stage time estimates parallelism.
[26.931s][info][gc,stats    ] 
[26.931s][info][gc,stats    ] Concurrent Reset                    236 us
[26.931s][info][gc,stats    ] Pause Init Mark (G)                1556 us
[26.931s][info][gc,stats    ] Pause Init Mark (N)                 113 us
[26.931s][info][gc,stats    ]   Update Region States               41 us
[26.931s][info][gc,stats    ] Concurrent Mark Roots               455 us, parallelism: 0.76x
[26.931s][info][gc,stats    ]   CMR: <total>                      345 us
[26.931s][info][gc,stats    ]   CMR: Thread Roots                 301 us, workers (us): 301, ---, ---, 
[26.931s][info][gc,stats    ]   CMR: VM Strong Roots                6 us, workers (us):   6, ---, ---, 
[26.931s][info][gc,stats    ]   CMR: CLDG Roots                    38 us, workers (us):  38, ---, ---, 
[26.931s][info][gc,stats    ] Concurrent Marking                 5099 us
[26.931s][info][gc,stats    ] Pause Final Mark (G)               1943 us
[26.931s][info][gc,stats    ] Pause Final Mark (N)                180 us
[26.931s][info][gc,stats    ]   Finish Mark                        41 us
[26.931s][info][gc,stats    ]   Update Region States               44 us
[26.931s][info][gc,stats    ]   Choose Collection Set              33 us
[26.931s][info][gc,stats    ]   Rebuild Free Set                    8 us
[26.931s][info][gc,stats    ] Concurrent Weak References          117 us, parallelism: 0.07x
[26.931s][info][gc,stats    ]   CWRF: <total>                       8 us
[26.931s][info][gc,stats    ]   CWRF: Weak References               8 us, workers (us):   8, ---, ---, 
[26.931s][info][gc,stats    ] Concurrent Weak Roots              1045 us
[26.931s][info][gc,stats    ]   Roots                             924 us, parallelism: 0.95x
[26.931s][info][gc,stats    ]     CWR: <total>                    875 us
[26.931s][info][gc,stats    ]     CWR: Code Cache Roots           802 us, workers (us): 802, ---, ---, 
[26.931s][info][gc,stats    ]     CWR: VM Weak Roots               69 us, workers (us):  69, ---, ---, 
[26.931s][info][gc,stats    ]     CWR: CLDG Roots                   4 us, workers (us):   4, ---, ---, 
[26.931s][info][gc,stats    ]   Rendezvous                         59 us
[26.931s][info][gc,stats    ] Concurrent Cleanup                   66 us
[26.931s][info][gc,stats    ] Concurrent Class Unloading        11299 us
[26.931s][info][gc,stats    ]   Unlink Stale                     3256 us
[26.931s][info][gc,stats    ]     System Dictionary                 7 us
[26.931s][info][gc,stats    ]     Weak Class Links                  0 us
[26.931s][info][gc,stats    ]     Code Roots                     3247 us
[26.931s][info][gc,stats    ]   Rendezvous                       7721 us
[26.931s][info][gc,stats    ]   Purge Unlinked                    253 us
[26.931s][info][gc,stats    ]     Code Roots                      246 us
[26.931s][info][gc,stats    ]     CLDG                              7 us
[26.931s][info][gc,stats    ]     Exception Caches                  0 us
[26.931s][info][gc,stats    ] Pause Final Roots (G)               396 us
[26.931s][info][gc,stats    ] Pause Final Roots (N)                38 us
[26.931s][info][gc,stats    ] 
[26.931s][info][gc,stats    ] Allocation pacing accrued:
[26.931s][info][gc,stats    ]       0 of   235 ms (  0.0%): <total>
[26.931s][info][gc,stats    ]       0 of   235 ms (  0.0%): <average total>
[26.931s][info][gc,stats    ] 
[26.931s][info][gc,metaspace] Metaspace: 8177K(8320K)->8177K(8320K) NonClass: 7209K(7296K)->7209K(7296K) Class: 967K(1024K)->967K(1024K)
[26.931s][info][gc,ergo     ] Pacer for Idle. Initial: 41943K, Alloc Tax Rate: 1.0x
[27.146s][info][gc          ] Trigger: Learning 5 of 5. Free (1431M) is below initial threshold (1433M)
[27.147s][info][gc,ergo     ] Free: 1431M, Max: 1024K regular, 801M humongous, Frag: 45% external, 0% internal; Reserve: 103M, Max: 1024K
[27.147s][info][gc,start    ] GC(52) Concurrent reset
[27.147s][info][gc,task     ] GC(52) Using 1 of 3 workers for concurrent reset
[27.147s][info][gc,ergo     ] GC(52) Pacer for Reset. Non-Taxable: 2048M
[27.147s][info][gc          ] GC(52) Concurrent reset 0.208ms
[27.147s][info][gc,start    ] GC(52) Pause Init Mark (unload classes)
[27.147s][info][gc,task     ] GC(52) Using 3 of 3 workers for init marking
[27.147s][info][gc,ergo     ] GC(52) Pacer for Mark. Expected Live: 4782K, Free: 1431M, Non-Taxable: 143M, Alloc Tax Rate: 0.0x
[27.147s][info][gc          ] GC(52) Pause Init Mark (unload classes) 0.093ms
[27.147s][info][gc,start    ] GC(52) Concurrent marking roots
[27.147s][info][gc,task     ] GC(52) Using 1 of 3 workers for concurrent marking roots
[27.148s][info][gc          ] GC(52) Concurrent marking roots 0.391ms
[27.148s][info][gc,start    ] GC(52) Concurrent marking (unload classes)
[27.148s][info][gc,task     ] GC(52) Using 1 of 3 workers for concurrent marking
[27.152s][info][gc          ] GC(52) Concurrent marking (unload classes) 4.582ms
[27.152s][info][gc,start    ] GC(52) Pause Final Mark (unload classes)
[27.152s][info][gc,task     ] GC(52) Using 3 of 3 workers for final marking
[27.152s][info][gc,ergo     ] GC(52) Collectable Garbage: 490M (96%), Immediate: 490M (96%), CSet: 0B (0%)
[27.152s][info][gc          ] GC(52) Pause Final Mark (unload classes) 0.179ms
[27.154s][info][gc,start    ] GC(52) Concurrent weak references
[27.154s][info][gc,task     ] GC(52) Using 1 of 3 workers for concurrent weak references
[27.154s][info][gc,ref      ] GC(52) Encountered references: Soft: 80, Weak: 364, Final: 3, Phantom: 49
[27.154s][info][gc,ref      ] GC(52) Discovered  references: Soft: 0, Weak: 125, Final: 1, Phantom: 34
[27.154s][info][gc,ref      ] GC(52) Enqueued    references: Soft: 0, Weak: 0, Final: 0, Phantom: 0
[27.154s][info][gc          ] GC(52) Concurrent weak references 0.106ms
[27.154s][info][gc,start    ] GC(52) Concurrent weak roots
[27.154s][info][gc,task     ] GC(52) Using 1 of 3 workers for concurrent weak root
[27.155s][info][gc          ] GC(52) Concurrent weak roots 1.104ms
[27.155s][info][gc,start    ] GC(52) Concurrent cleanup
[27.155s][info][gc          ] GC(52) Concurrent cleanup 528M->38M(2048M) 0.056ms
[27.155s][info][gc,ergo     ] GC(52) Free: 1906M, Max: 1024K regular, 801M humongous, Frag: 58% external, 0% internal; Reserve: 103M, Max: 1024K
[27.155s][info][gc,start    ] GC(52) Concurrent class unloading
[27.155s][info][gc,task     ] GC(52) Using 1 of 3 workers for concurrent class unloading
[27.159s][info][gc          ] GC(52) Concurrent class unloading 3.774ms
[27.159s][info][gc,start    ] GC(52) Pause Final Roots
[27.159s][info][gc          ] GC(52) Pause Final Roots 0.032ms
[27.161s][info][gc,ergo     ] Free: 1898M, Max: 1024K regular, 801M humongous, Frag: 58% external, 0% internal; Reserve: 103M, Max: 1024K
[27.162s][info][gc,stats    ] 
[27.162s][info][gc,stats    ] All times are wall-clock times, except per-root-class counters, that are sum over
[27.162s][info][gc,stats    ] all workers. Dividing the <total> over the root stage time estimates parallelism.
[27.162s][info][gc,stats    ] 
[27.162s][info][gc,stats    ] Concurrent Reset                    227 us
[27.162s][info][gc,stats    ] Pause Init Mark (G)                 344 us
[27.162s][info][gc,stats    ] Pause Init Mark (N)                 102 us
[27.162s][info][gc,stats    ]   Update Region States               28 us
[27.162s][info][gc,stats    ] Concurrent Mark Roots               415 us, parallelism: 0.80x
[27.162s][info][gc,stats    ]   CMR: <total>                      331 us
[27.162s][info][gc,stats    ]   CMR: Thread Roots                 291 us, workers (us): 291, ---, ---, 
[27.162s][info][gc,stats    ]   CMR: VM Strong Roots                5 us, workers (us):   5, ---, ---, 
[27.162s][info][gc,stats    ]   CMR: CLDG Roots                    35 us, workers (us):  35, ---, ---, 
[27.162s][info][gc,stats    ] Concurrent Marking                 4619 us
[27.162s][info][gc,stats    ] Pause Final Mark (G)               1483 us
[27.162s][info][gc,stats    ] Pause Final Mark (N)                188 us
[27.162s][info][gc,stats    ]   Finish Mark                        48 us
[27.162s][info][gc,stats    ]   Update Region States               42 us
[27.162s][info][gc,stats    ]   Choose Collection Set              40 us
[27.162s][info][gc,stats    ]   Rebuild Free Set                    8 us
[27.162s][info][gc,stats    ] Concurrent Weak References          116 us, parallelism: 0.09x
[27.162s][info][gc,stats    ]   CWRF: <total>                      10 us
[27.162s][info][gc,stats    ]   CWRF: Weak References              10 us, workers (us):  10, ---, ---, 
[27.162s][info][gc,stats    ] Concurrent Weak Roots              1137 us
[27.162s][info][gc,stats    ]   Roots                            1022 us, parallelism: 0.95x
[27.162s][info][gc,stats    ]     CWR: <total>                    967 us
[27.162s][info][gc,stats    ]     CWR: Code Cache Roots           884 us, workers (us): 884, ---, ---, 
[27.162s][info][gc,stats    ]     CWR: VM Weak Roots               78 us, workers (us):  78, ---, ---, 
[27.162s][info][gc,stats    ]     CWR: CLDG Roots                   5 us, workers (us):   5, ---, ---, 
[27.162s][info][gc,stats    ]   Rendezvous                         63 us
[27.162s][info][gc,stats    ] Concurrent Cleanup                   66 us
[27.162s][info][gc,stats    ] Concurrent Class Unloading         3802 us
[27.162s][info][gc,stats    ]   Unlink Stale                     3358 us
[27.162s][info][gc,stats    ]     System Dictionary                 7 us
[27.162s][info][gc,stats    ]     Weak Class Links                  0 us
[27.162s][info][gc,stats    ]     Code Roots                     3350 us
[27.162s][info][gc,stats    ]   Rendezvous                        236 us
[27.162s][info][gc,stats    ]   Purge Unlinked                    159 us
[27.162s][info][gc,stats    ]     Code Roots                      155 us
[27.162s][info][gc,stats    ]     CLDG                              4 us
[27.162s][info][gc,stats    ]     Exception Caches                  0 us
[27.162s][info][gc,stats    ] Pause Final Roots (G)              2595 us
[27.162s][info][gc,stats    ] Pause Final Roots (N)                42 us
[27.162s][info][gc,stats    ] 
[27.162s][info][gc,stats    ] Allocation pacing accrued:
[27.162s][info][gc,stats    ]       0 of   231 ms (  0.0%): <total>
[27.162s][info][gc,stats    ]       0 of   231 ms (  0.0%): <average total>
[27.162s][info][gc,stats    ] 
[27.162s][info][gc,metaspace] Metaspace: 8177K(8320K)->8177K(8320K) NonClass: 7209K(7296K)->7209K(7296K) Class: 967K(1024K)->967K(1024K)
[27.162s][info][gc,ergo     ] Pacer for Idle. Initial: 41943K, Alloc Tax Rate: 1.0x
[27.979s][info][gc          ] Trigger: Free (201M) is below minimum threshold (204M)
[27.979s][info][gc,ergo     ] Free: 201M, Max: 1024K regular, 201M humongous, Frag: 0% external, 0% internal; Reserve: 103M, Max: 1024K
[27.979s][info][gc,start    ] GC(53) Concurrent reset
[27.979s][info][gc,task     ] GC(53) Using 1 of 3 workers for concurrent reset
[27.979s][info][gc,ergo     ] GC(53) Pacer for Reset. Non-Taxable: 2048M
[27.979s][info][gc          ] GC(53) Concurrent reset 0.179ms
[27.979s][info][gc,start    ] GC(53) Pause Init Mark (unload classes)
[27.979s][info][gc,task     ] GC(53) Using 3 of 3 workers for init marking
[27.979s][info][gc,ergo     ] GC(53) Pacer for Mark. Expected Live: 4771K, Free: 201M, Non-Taxable: 20583K, Alloc Tax Rate: 0.0x
[27.979s][info][gc          ] GC(53) Pause Init Mark (unload classes) 0.108ms
[27.981s][info][gc,start    ] GC(53) Concurrent marking roots
[27.981s][info][gc,task     ] GC(53) Using 1 of 3 workers for concurrent marking roots
[27.981s][info][gc          ] GC(53) Concurrent marking roots 0.418ms
[27.981s][info][gc,start    ] GC(53) Concurrent marking (unload classes)
[27.981s][info][gc,task     ] GC(53) Using 1 of 3 workers for concurrent marking
[27.991s][info][gc          ] GC(53) Concurrent marking (unload classes) 9.674ms
[27.991s][info][gc,start    ] GC(53) Pause Final Mark (unload classes)
[27.991s][info][gc,task     ] GC(53) Using 3 of 3 workers for final marking
[27.991s][info][gc,ergo     ] GC(53) Collectable Garbage: 1713M (98%), Immediate: 1713M (98%), CSet: 0B (0%)
[27.991s][info][gc          ] GC(53) Pause Final Mark (unload classes) 0.160ms
[27.992s][info][gc,start    ] GC(53) Concurrent weak references
[27.992s][info][gc,task     ] GC(53) Using 1 of 3 workers for concurrent weak references
[27.992s][info][gc,ref      ] GC(53) Encountered references: Soft: 80, Weak: 366, Final: 3, Phantom: 49
[27.992s][info][gc,ref      ] GC(53) Discovered  references: Soft: 0, Weak: 125, Final: 1, Phantom: 31
[27.992s][info][gc,ref      ] GC(53) Enqueued    references: Soft: 0, Weak: 0, Final: 0, Phantom: 0
[27.992s][info][gc          ] GC(53) Concurrent weak references 0.095ms
[27.992s][info][gc,start    ] GC(53) Concurrent weak roots
[27.992s][info][gc,task     ] GC(53) Using 1 of 3 workers for concurrent weak root
[27.993s][info][gc          ] GC(53) Concurrent weak roots 1.201ms
[27.993s][info][gc,start    ] GC(53) Concurrent cleanup
[27.993s][info][gc          ] GC(53) Concurrent cleanup 1765M->52M(2048M) 0.148ms
[27.993s][info][gc,ergo     ] GC(53) Free: 1893M, Max: 1024K regular, 1137M humongous, Frag: 40% external, 0% internal; Reserve: 103M, Max: 1024K
[27.993s][info][gc,start    ] GC(53) Concurrent class unloading
[27.993s][info][gc,task     ] GC(53) Using 1 of 3 workers for concurrent class unloading
[27.997s][info][gc          ] GC(53) Concurrent class unloading 3.579ms
[27.997s][info][gc,start    ] GC(53) Pause Final Roots
[27.997s][info][gc          ] GC(53) Pause Final Roots 0.030ms
[27.997s][info][gc,ergo     ] Free: 1885M, Max: 1024K regular, 1129M humongous, Frag: 41% external, 0% internal; Reserve: 103M, Max: 1024K
[27.997s][info][gc,stats    ] 
[27.997s][info][gc,stats    ] All times are wall-clock times, except per-root-class counters, that are sum over
[27.997s][info][gc,stats    ] all workers. Dividing the <total> over the root stage time estimates parallelism.
[27.997s][info][gc,stats    ] 
[27.997s][info][gc,stats    ] Concurrent Reset                    199 us
[27.997s][info][gc,stats    ] Pause Init Mark (G)                1973 us
[27.997s][info][gc,stats    ] Pause Init Mark (N)                 118 us
[27.997s][info][gc,stats    ]   Update Region States               39 us
[27.997s][info][gc,stats    ] Concurrent Mark Roots               437 us, parallelism: 0.73x
[27.997s][info][gc,stats    ]   CMR: <total>                      320 us
[27.997s][info][gc,stats    ]   CMR: Thread Roots                 280 us, workers (us): 280, ---, ---, 
[27.997s][info][gc,stats    ]   CMR: VM Strong Roots                4 us, workers (us):   4, ---, ---, 
[27.997s][info][gc,stats    ]   CMR: CLDG Roots                    35 us, workers (us):  35, ---, ---, 
[27.997s][info][gc,stats    ] Concurrent Marking                 9712 us
[27.997s][info][gc,stats    ] Pause Final Mark (G)                588 us
[27.997s][info][gc,stats    ] Pause Final Mark (N)                170 us
[27.997s][info][gc,stats    ]   Finish Mark                        43 us
[27.997s][info][gc,stats    ]   Update Region States               32 us
[27.997s][info][gc,stats    ]   Choose Collection Set              34 us
[27.997s][info][gc,stats    ]   Rebuild Free Set                    8 us
[27.997s][info][gc,stats    ] Concurrent Weak References          105 us, parallelism: 0.11x
[27.997s][info][gc,stats    ]   CWRF: <total>                      11 us
[27.997s][info][gc,stats    ]   CWRF: Weak References              11 us, workers (us):  11, ---, ---, 
[27.997s][info][gc,stats    ] Concurrent Weak Roots              1237 us
[27.997s][info][gc,stats    ]   Roots                            1052 us, parallelism: 0.95x
[27.997s][info][gc,stats    ]     CWR: <total>                   1003 us
[27.997s][info][gc,stats    ]     CWR: Code Cache Roots           919 us, workers (us): 919, ---, ---, 
[27.997s][info][gc,stats    ]     CWR: VM Weak Roots               79 us, workers (us):  79, ---, ---, 
[27.997s][info][gc,stats    ]     CWR: CLDG Roots                   5 us, workers (us):   5, ---, ---, 
[27.997s][info][gc,stats    ]   Rendezvous                        128 us
[27.997s][info][gc,stats    ] Concurrent Cleanup                  159 us
[27.997s][info][gc,stats    ] Concurrent Class Unloading         3626 us
[27.997s][info][gc,stats    ]   Unlink Stale                     3325 us
[27.997s][info][gc,stats    ]     System Dictionary                 8 us
[27.997s][info][gc,stats    ]     Weak Class Links                  0 us
[27.997s][info][gc,stats    ]     Code Roots                     3316 us
[27.997s][info][gc,stats    ]   Rendezvous                         56 us
[27.997s][info][gc,stats    ]   Purge Unlinked                    174 us
[27.997s][info][gc,stats    ]     Code Roots                      170 us
[27.997s][info][gc,stats    ]     CLDG                              4 us
[27.997s][info][gc,stats    ]     Exception Caches                  0 us
[27.997s][info][gc,stats    ] Pause Final Roots (G)               168 us
[27.997s][info][gc,stats    ] Pause Final Roots (N)                42 us
[27.997s][info][gc,stats    ] 
[27.997s][info][gc,stats    ] Allocation pacing accrued:
[27.997s][info][gc,stats    ]       0 of   836 ms (  0.0%): <total>
[27.997s][info][gc,stats    ]       0 of   836 ms (  0.0%): <average total>
[27.997s][info][gc,stats    ] 
[27.997s][info][gc,metaspace] Metaspace: 8177K(8320K)->8177K(8320K) NonClass: 7209K(7296K)->7209K(7296K) Class: 967K(1024K)->967K(1024K)
[27.997s][info][gc,ergo     ] Pacer for Idle. Initial: 41943K, Alloc Tax Rate: 1.0x
[28.620s][info][gc          ] Trigger: Explicit GC request (System.gc())
[28.620s][info][gc,ergo     ] Free: 736M, Max: 1024K regular, 257M humongous, Frag: 66% external, 0% internal; Reserve: 103M, Max: 1024K
[28.620s][info][gc,start    ] GC(54) Concurrent reset
[28.620s][info][gc,task     ] GC(54) Using 1 of 3 workers for concurrent reset
[28.620s][info][gc,ergo     ] GC(54) Pacer for Reset. Non-Taxable: 2048M
[28.620s][info][gc          ] GC(54) Concurrent reset 0.506ms
[28.620s][info][gc,start    ] GC(54) Pause Init Mark (unload classes)
[28.620s][info][gc,task     ] GC(54) Using 3 of 3 workers for init marking
[28.621s][info][gc,ref      ] GC(54) Clearing All SoftReferences
[28.621s][info][gc,ergo     ] GC(54) Pacer for Mark. Expected Live: 5073K, Free: 736M, Non-Taxable: 75461K, Alloc Tax Rate: 0.0x
[28.621s][info][gc          ] GC(54) Pause Init Mark (unload classes) 0.235ms
[28.621s][info][gc,start    ] GC(54) Concurrent marking roots
[28.621s][info][gc,task     ] GC(54) Using 1 of 3 workers for concurrent marking roots
[28.621s][info][gc          ] GC(54) Concurrent marking roots 0.419ms
[28.621s][info][gc,start    ] GC(54) Concurrent marking (unload classes)
[28.621s][info][gc,task     ] GC(54) Using 1 of 3 workers for concurrent marking
[28.625s][info][gc          ] GC(54) Concurrent marking (unload classes) 4.156ms
[28.625s][info][gc,start    ] GC(54) Pause Final Mark (unload classes)
[28.625s][info][gc,task     ] GC(54) Using 3 of 3 workers for final marking
[28.626s][info][gc,ergo     ] GC(54) Collectable Garbage: 1198M (99%), Immediate: 1198M (99%), CSet: 0B (0%)
[28.626s][info][gc          ] GC(54) Pause Final Mark (unload classes) 0.412ms
[28.626s][info][gc,start    ] GC(54) Concurrent weak references
[28.626s][info][gc,task     ] GC(54) Using 1 of 3 workers for concurrent weak references
[28.626s][info][gc,ref      ] GC(54) Encountered references: Soft: 79, Weak: 353, Final: 3, Phantom: 47
[28.626s][info][gc,ref      ] GC(54) Discovered  references: Soft: 46, Weak: 140, Final: 1, Phantom: 38
[28.626s][info][gc,ref      ] GC(54) Enqueued    references: Soft: 4, Weak: 0, Final: 0, Phantom: 6
[28.626s][info][gc          ] GC(54) Concurrent weak references 0.170ms
[28.626s][info][gc,start    ] GC(54) Concurrent weak roots
[28.626s][info][gc,task     ] GC(54) Using 1 of 3 workers for concurrent weak root
[28.627s][info][gc          ] GC(54) Concurrent weak roots 1.334ms
[28.627s][info][gc,start    ] GC(54) Concurrent cleanup
[28.627s][info][gc          ] GC(54) Concurrent cleanup 1208M->10M(2048M) 0.068ms
[28.627s][info][gc,ergo     ] GC(54) Free: 1934M, Max: 1024K regular, 1065M humongous, Frag: 45% external, 0% internal; Reserve: 103M, Max: 1024K
[28.628s][info][gc,start    ] GC(54) Concurrent class unloading
[28.628s][info][gc,task     ] GC(54) Using 1 of 3 workers for concurrent class unloading
[28.632s][info][gc          ] GC(54) Concurrent class unloading 4.893ms
[28.633s][info][gc,start    ] GC(54) Pause Final Roots
[28.633s][info][gc          ] GC(54) Pause Final Roots 0.053ms
[28.633s][info][gc,ergo     ] Free: 1934M, Max: 1024K regular, 1065M humongous, Frag: 45% external, 0% internal; Reserve: 103M, Max: 1024K
[28.633s][info][gc,stats    ] 
[28.633s][info][gc,stats    ] All times are wall-clock times, except per-root-class counters, that are sum over
[28.633s][info][gc,stats    ] all workers. Dividing the <total> over the root stage time estimates parallelism.
[28.633s][info][gc,stats    ] 
[28.633s][info][gc,stats    ] Concurrent Reset                    531 us
[28.633s][info][gc,stats    ] Pause Init Mark (G)                 394 us
[28.633s][info][gc,stats    ] Pause Init Mark (N)                 254 us
[28.633s][info][gc,stats    ]   Update Region States               71 us
[28.633s][info][gc,stats    ] Concurrent Mark Roots               438 us, parallelism: 0.75x
[28.633s][info][gc,stats    ]   CMR: <total>                      330 us
[28.633s][info][gc,stats    ]   CMR: Thread Roots                 281 us, workers (us): 281, ---, ---, 
[28.633s][info][gc,stats    ]   CMR: VM Strong Roots                6 us, workers (us):   6, ---, ---, 
[28.633s][info][gc,stats    ]   CMR: CLDG Roots                    42 us, workers (us):  42, ---, ---, 
[28.633s][info][gc,stats    ] Concurrent Marking                 4220 us
[28.633s][info][gc,stats    ] Pause Final Mark (G)                543 us
[28.633s][info][gc,stats    ] Pause Final Mark (N)                433 us
[28.633s][info][gc,stats    ]   Finish Mark                       140 us
[28.633s][info][gc,stats    ]   Update Region States               94 us
[28.633s][info][gc,stats    ]   Choose Collection Set              74 us
[28.633s][info][gc,stats    ]   Rebuild Free Set                   17 us
[28.633s][info][gc,stats    ] Concurrent Weak References          178 us, parallelism: 0.04x
[28.633s][info][gc,stats    ]   CWRF: <total>                       7 us
[28.633s][info][gc,stats    ]   CWRF: Weak References               7 us, workers (us):   7, ---, ---, 
[28.633s][info][gc,stats    ] Concurrent Weak Roots              1357 us
[28.633s][info][gc,stats    ]   Roots                            1252 us, parallelism: 0.96x
[28.633s][info][gc,stats    ]     CWR: <total>                   1204 us
[28.633s][info][gc,stats    ]     CWR: Code Cache Roots          1130 us, workers (us): 1130, ---, ---, 
[28.633s][info][gc,stats    ]     CWR: VM Weak Roots               70 us, workers (us):  70, ---, ---, 
[28.633s][info][gc,stats    ]     CWR: CLDG Roots                   4 us, workers (us):   4, ---, ---, 
[28.633s][info][gc,stats    ]   Rendezvous                         64 us
[28.633s][info][gc,stats    ] Concurrent Cleanup                   77 us
[28.633s][info][gc,stats    ] Concurrent Class Unloading         4957 us
[28.633s][info][gc,stats    ]   Unlink Stale                     4619 us
[28.633s][info][gc,stats    ]     System Dictionary                63 us
[28.633s][info][gc,stats    ]     Weak Class Links               1479 us
[28.633s][info][gc,stats    ]     Code Roots                     3075 us
[28.633s][info][gc,stats    ]   Rendezvous                         69 us
[28.633s][info][gc,stats    ]   Purge Unlinked                    184 us
[28.633s][info][gc,stats    ]     Code Roots                      157 us
[28.633s][info][gc,stats    ]     CLDG                             27 us
[28.633s][info][gc,stats    ]     Exception Caches                  0 us
[28.633s][info][gc,stats    ] Pause Final Roots (G)               189 us
[28.633s][info][gc,stats    ] Pause Final Roots (N)                72 us
[28.633s][info][gc,stats    ] 
[28.633s][info][gc,stats    ] Allocation pacing accrued:
[28.633s][info][gc,stats    ]       0 of   636 ms (  0.0%): <total>
[28.633s][info][gc,stats    ]       0 of   636 ms (  0.0%): <average total>
[28.633s][info][gc,stats    ] 
[28.633s][info][gc,metaspace] Metaspace: 8179K(8320K)->8176K(8320K) NonClass: 7211K(7296K)->7209K(7296K) Class: 967K(1024K)->966K(1024K)
[28.633s][info][gc,ergo     ] Pacer for Idle. Initial: 41943K, Alloc Tax Rate: 1.0x
[28.886s][info][gc          ] Trigger: Learning 2 of 5. Free (1426M) is below initial threshold (1433M)
[28.886s][info][gc,ergo     ] Free: 1426M, Max: 1024K regular, 781M humongous, Frag: 46% external, 0% internal; Reserve: 103M, Max: 1024K
[28.886s][info][gc,start    ] GC(55) Concurrent reset
[28.886s][info][gc,task     ] GC(55) Using 1 of 3 workers for concurrent reset
[28.886s][info][gc,ergo     ] GC(55) Pacer for Reset. Non-Taxable: 2048M
[28.887s][info][gc          ] GC(55) Concurrent reset 0.168ms
[28.887s][info][gc,start    ] GC(55) Pause Init Mark (unload classes)
[28.887s][info][gc,task     ] GC(55) Using 3 of 3 workers for init marking
[28.887s][info][gc,ergo     ] GC(55) Pacer for Mark. Expected Live: 4745K, Free: 1426M, Non-Taxable: 142M, Alloc Tax Rate: 0.0x
[28.887s][info][gc          ] GC(55) Pause Init Mark (unload classes) 0.085ms
[28.887s][info][gc,start    ] GC(55) Concurrent marking roots
[28.887s][info][gc,task     ] GC(55) Using 1 of 3 workers for concurrent marking roots
[28.888s][info][gc          ] GC(55) Concurrent marking roots 0.452ms
[28.888s][info][gc,start    ] GC(55) Concurrent marking (unload classes)
[28.888s][info][gc,task     ] GC(55) Using 1 of 3 workers for concurrent marking
[28.893s][info][gc          ] GC(55) Concurrent marking (unload classes) 5.191ms
[28.893s][info][gc,start    ] GC(55) Pause Final Mark (unload classes)
[28.893s][info][gc,task     ] GC(55) Using 3 of 3 workers for final marking
[28.893s][info][gc,ergo     ] GC(55) Adaptive CSet Selection. Target Free: 290M, Actual Free: 1970M, Max CSet: 87381K, Min Garbage: 0B
[28.893s][info][gc,ergo     ] GC(55) Collectable Garbage: 512M (99%), Immediate: 453M (88%), CSet: 61248K (11%)
[28.893s][info][gc,ergo     ] GC(55) Pacer for Evacuation. Used CSet: 63488K, Free: 1867M, Non-Taxable: 186M, Alloc Tax Rate: 1.1x
[28.893s][info][gc          ] GC(55) Pause Final Mark (unload classes) 0.206ms
[28.895s][info][gc,start    ] GC(55) Concurrent thread roots
[28.895s][info][gc,task     ] GC(55) Using 1 of 3 workers for Concurrent thread roots
[28.896s][info][gc          ] GC(55) Concurrent thread roots 0.357ms
[28.896s][info][gc,start    ] GC(55) Concurrent weak references
[28.896s][info][gc,task     ] GC(55) Using 1 of 3 workers for concurrent weak references
[28.896s][info][gc,ref      ] GC(55) Encountered references: Soft: 80, Weak: 363, Final: 3, Phantom: 49
[28.896s][info][gc,ref      ] GC(55) Discovered  references: Soft: 0, Weak: 125, Final: 1, Phantom: 32
[28.896s][info][gc,ref      ] GC(55) Enqueued    references: Soft: 0, Weak: 0, Final: 0, Phantom: 0
[28.896s][info][gc          ] GC(55) Concurrent weak references 0.079ms
[28.896s][info][gc,start    ] GC(55) Concurrent weak roots
[28.896s][info][gc,task     ] GC(55) Using 1 of 3 workers for concurrent weak root
[28.899s][info][gc          ] GC(55) Concurrent weak roots 3.561ms
[28.899s][info][gc,start    ] GC(55) Concurrent cleanup
[28.899s][info][gc          ] GC(55) Concurrent cleanup 542M->89M(2048M) 0.056ms
[28.899s][info][gc,ergo     ] GC(55) Free: 1855M, Max: 1024K regular, 781M humongous, Frag: 58% external, 0% internal; Reserve: 102M, Max: 1024K
[28.899s][info][gc,start    ] GC(55) Concurrent class unloading
[28.899s][info][gc,task     ] GC(55) Using 1 of 3 workers for concurrent class unloading
[28.903s][info][gc          ] GC(55) Concurrent class unloading 3.309ms
[28.903s][info][gc,start    ] GC(55) Concurrent strong roots
[28.903s][info][gc,task     ] GC(55) Using 1 of 3 workers for concurrent strong root
[28.903s][info][gc          ] GC(55) Concurrent strong roots 0.074ms
[28.903s][info][gc,start    ] GC(55) Concurrent evacuation
[28.903s][info][gc,task     ] GC(55) Using 1 of 3 workers for concurrent evacuation
[28.904s][info][gc          ] GC(55) Concurrent evacuation 0.973ms
[28.904s][info][gc,start    ] GC(55) Pause Init Update Refs
[28.904s][info][gc,ergo     ] GC(55) Pacer for Update Refs. Used: 99335K, Free: 1850M, Non-Taxable: 185M, Alloc Tax Rate: 1.1x
[28.904s][info][gc          ] GC(55) Pause Init Update Refs 0.052ms
[28.904s][info][gc,start    ] GC(55) Concurrent update references
[28.904s][info][gc,task     ] GC(55) Using 1 of 3 workers for concurrent reference update
[28.909s][info][gc          ] GC(55) Concurrent update references 4.947ms
[28.909s][info][gc,start    ] GC(55) Concurrent update thread roots
[28.910s][info][gc          ] GC(55) Concurrent update thread roots 0.795ms
[28.910s][info][gc,start    ] GC(55) Pause Final Update Refs
[28.910s][info][gc,task     ] GC(55) Using 3 of 3 workers for final reference update
[28.910s][info][gc          ] GC(55) Pause Final Update Refs 0.097ms
[28.912s][info][gc,start    ] GC(55) Concurrent cleanup
[28.912s][info][gc          ] GC(55) Concurrent cleanup 101M->44M(2048M) 0.063ms
[28.912s][info][gc,ergo     ] Free: 1900M, Max: 1024K regular, 781M humongous, Frag: 59% external, 0% internal; Reserve: 103M, Max: 1024K
[28.912s][info][gc,stats    ] 
[28.912s][info][gc,stats    ] All times are wall-clock times, except per-root-class counters, that are sum over
[28.912s][info][gc,stats    ] all workers. Dividing the <total> over the root stage time estimates parallelism.
[28.912s][info][gc,stats    ] 
[28.912s][info][gc,stats    ] Concurrent Reset                    182 us
[28.912s][info][gc,stats    ] Pause Init Mark (G)                 924 us
[28.912s][info][gc,stats    ] Pause Init Mark (N)                  94 us
[28.912s][info][gc,stats    ]   Update Region States               33 us
[28.912s][info][gc,stats    ] Concurrent Mark Roots               478 us, parallelism: 0.78x
[28.912s][info][gc,stats    ]   CMR: <total>                      372 us
[28.912s][info][gc,stats    ]   CMR: Thread Roots                 329 us, workers (us): 329, ---, ---, 
[28.912s][info][gc,stats    ]   CMR: VM Strong Roots                4 us, workers (us):   4, ---, ---, 
[28.912s][info][gc,stats    ]   CMR: CLDG Roots                    38 us, workers (us):  38, ---, ---, 
[28.912s][info][gc,stats    ] Concurrent Marking                 5224 us
[28.912s][info][gc,stats    ] Pause Final Mark (G)               2059 us
[28.912s][info][gc,stats    ] Pause Final Mark (N)                215 us
[28.912s][info][gc,stats    ]   Finish Mark                        54 us
[28.912s][info][gc,stats    ]   Update Region States               33 us
[28.912s][info][gc,stats    ]   Choose Collection Set              54 us
[28.912s][info][gc,stats    ]   Rebuild Free Set                    8 us
[28.912s][info][gc,stats    ] Concurrent Thread Roots             375 us, parallelism: 0.76x
[28.912s][info][gc,stats    ]   CTR: <total>                      283 us
[28.912s][info][gc,stats    ]   CTR: Thread Roots                 283 us, workers (us): 283, ---, ---, 
[28.912s][info][gc,stats    ] Concurrent Weak References           87 us, parallelism: 0.14x
[28.912s][info][gc,stats    ]   CWRF: <total>                      13 us
[28.912s][info][gc,stats    ]   CWRF: Weak References              13 us, workers (us):  13, ---, ---, 
[28.912s][info][gc,stats    ] Concurrent Weak Roots              3593 us
[28.912s][info][gc,stats    ]   Roots                             936 us, parallelism: 0.96x
[28.912s][info][gc,stats    ]     CWR: <total>                    901 us
[28.912s][info][gc,stats    ]     CWR: Code Cache Roots           788 us, workers (us): 788, ---, ---, 
[28.912s][info][gc,stats    ]     CWR: VM Weak Roots              108 us, workers (us): 108, ---, ---, 
[28.912s][info][gc,stats    ]     CWR: CLDG Roots                   5 us, workers (us):   5, ---, ---, 
[28.912s][info][gc,stats    ]   Rendezvous                       2602 us
[28.912s][info][gc,stats    ] Concurrent Cleanup                   66 us
[28.912s][info][gc,stats    ] Concurrent Class Unloading         3338 us
[28.912s][info][gc,stats    ]   Unlink Stale                     3067 us
[28.912s][info][gc,stats    ]     System Dictionary                 7 us
[28.912s][info][gc,stats    ]     Weak Class Links                  0 us
[28.912s][info][gc,stats    ]     Code Roots                     3059 us
[28.912s][info][gc,stats    ]   Rendezvous                         63 us
[28.912s][info][gc,stats    ]   Purge Unlinked                    159 us
[28.912s][info][gc,stats    ]     Code Roots                      153 us
[28.912s][info][gc,stats    ]     CLDG                              5 us
[28.912s][info][gc,stats    ]     Exception Caches                  0 us
[28.912s][info][gc,stats    ] Concurrent Strong Roots              85 us, parallelism: 0.40x
[28.913s][info][gc,stats    ]   CSR: <total>                       34 us
[28.913s][info][gc,stats    ]   CSR: VM Strong Roots                2 us, workers (us):   2, ---, ---, 
[28.913s][info][gc,stats    ]   CSR: CLDG Roots                    33 us, workers (us):  33, ---, ---, 
[28.913s][info][gc,stats    ] Concurrent Evacuation              1009 us
[28.913s][info][gc,stats    ] Pause Init Update Refs (G)          475 us
[28.913s][info][gc,stats    ] Pause Init Update Refs (N)           61 us
[28.913s][info][gc,stats    ]   Manage GCLABs                       4 us
[28.913s][info][gc,stats    ] Concurrent Update Refs             4978 us
[28.913s][info][gc,stats    ] Concurrent Update Thread Roots      827 us
[28.913s][info][gc,stats    ] Pause Final Update Refs (G)        1968 us
[28.913s][info][gc,stats    ] Pause Final Update Refs (N)         108 us
[28.913s][info][gc,stats    ]   Update Region States               42 us
[28.913s][info][gc,stats    ]   Trash Collection Set                3 us
[28.913s][info][gc,stats    ]   Rebuild Free Set                   12 us
[28.913s][info][gc,stats    ] Concurrent Cleanup                   75 us
[28.913s][info][gc,stats    ] 
[28.913s][info][gc,stats    ] Allocation pacing accrued:
[28.913s][info][gc,stats    ]       0 of   279 ms (  0.0%): <total>
[28.913s][info][gc,stats    ]       0 of   279 ms (  0.0%): <average total>
[28.913s][info][gc,stats    ] 
[28.913s][info][gc,metaspace] Metaspace: 8181K(8320K)->8181K(8320K) NonClass: 7214K(7296K)->7214K(7296K) Class: 967K(1024K)->967K(1024K)
[28.913s][info][gc,ergo     ] Pacer for Idle. Initial: 41943K, Alloc Tax Rate: 1.0x
[29.145s][info][gc          ] Trigger: Learning 3 of 5. Free (1421M) is below initial threshold (1433M)
[29.145s][info][gc,ergo     ] Free: 1421M, Max: 1024K regular, 781M humongous, Frag: 46% external, 0% internal; Reserve: 103M, Max: 1024K
[29.145s][info][gc,start    ] GC(56) Concurrent reset
[29.145s][info][gc,task     ] GC(56) Using 1 of 3 workers for concurrent reset
[29.145s][info][gc,ergo     ] GC(56) Pacer for Reset. Non-Taxable: 2048M
[29.145s][info][gc          ] GC(56) Concurrent reset 0.356ms
[29.145s][info][gc,start    ] GC(56) Pause Init Mark (unload classes)
[29.145s][info][gc,task     ] GC(56) Using 3 of 3 workers for init marking
[29.145s][info][gc,ergo     ] GC(56) Pacer for Mark. Expected Live: 4780K, Free: 1421M, Non-Taxable: 142M, Alloc Tax Rate: 0.0x
[29.145s][info][gc          ] GC(56) Pause Init Mark (unload classes) 0.103ms
[29.146s][info][gc,start    ] GC(56) Concurrent marking roots
[29.147s][info][gc,task     ] GC(56) Using 1 of 3 workers for concurrent marking roots
[29.147s][info][gc          ] GC(56) Concurrent marking roots 0.423ms
[29.147s][info][gc,start    ] GC(56) Concurrent marking (unload classes)
[29.147s][info][gc,task     ] GC(56) Using 1 of 3 workers for concurrent marking
[29.152s][info][gc          ] GC(56) Concurrent marking (unload classes) 5.038ms
[29.152s][info][gc,start    ] GC(56) Pause Final Mark (unload classes)
[29.152s][info][gc,task     ] GC(56) Using 3 of 3 workers for final marking
[29.152s][info][gc,ergo     ] GC(56) Collectable Garbage: 497M (96%), Immediate: 497M (96%), CSet: 0B (0%)
[29.152s][info][gc          ] GC(56) Pause Final Mark (unload classes) 0.169ms
[29.153s][info][gc,start    ] GC(56) Concurrent weak references
[29.153s][info][gc,task     ] GC(56) Using 1 of 3 workers for concurrent weak references
[29.153s][info][gc,ref      ] GC(56) Encountered references: Soft: 80, Weak: 365, Final: 3, Phantom: 49
[29.153s][info][gc,ref      ] GC(56) Discovered  references: Soft: 0, Weak: 125, Final: 1, Phantom: 31
[29.153s][info][gc,ref      ] GC(56) Enqueued    references: Soft: 0, Weak: 0, Final: 0, Phantom: 0
[29.153s][info][gc          ] GC(56) Concurrent weak references 0.141ms
[29.153s][info][gc,start    ] GC(56) Concurrent weak roots
[29.153s][info][gc,task     ] GC(56) Using 1 of 3 workers for concurrent weak root
[29.154s][info][gc          ] GC(56) Concurrent weak roots 1.031ms
[29.154s][info][gc,start    ] GC(56) Concurrent cleanup
[29.154s][info][gc          ] GC(56) Concurrent cleanup 539M->42M(2048M) 0.054ms
[29.154s][info][gc,ergo     ] GC(56) Free: 1902M, Max: 1024K regular, 781M humongous, Frag: 59% external, 0% internal; Reserve: 103M, Max: 1024K
[29.154s][info][gc,start    ] GC(56) Concurrent class unloading
[29.154s][info][gc,task     ] GC(56) Using 1 of 3 workers for concurrent class unloading
[29.158s][info][gc          ] GC(56) Concurrent class unloading 3.584ms
[29.158s][info][gc,start    ] GC(56) Pause Final Roots
[29.158s][info][gc          ] GC(56) Pause Final Roots 0.022ms
[29.159s][info][gc,ergo     ] Free: 1895M, Max: 1024K regular, 781M humongous, Frag: 59% external, 0% internal; Reserve: 103M, Max: 1024K
[29.159s][info][gc,stats    ] 
[29.159s][info][gc,stats    ] All times are wall-clock times, except per-root-class counters, that are sum over
[29.159s][info][gc,stats    ] all workers. Dividing the <total> over the root stage time estimates parallelism.
[29.159s][info][gc,stats    ] 
[29.159s][info][gc,stats    ] Concurrent Reset                    395 us
[29.159s][info][gc,stats    ] Pause Init Mark (G)                1335 us
[29.159s][info][gc,stats    ] Pause Init Mark (N)                 112 us
[29.159s][info][gc,stats    ]   Update Region States               45 us
[29.159s][info][gc,stats    ] Concurrent Mark Roots               446 us, parallelism: 0.72x
[29.159s][info][gc,stats    ]   CMR: <total>                      321 us
[29.159s][info][gc,stats    ]   CMR: Thread Roots                 280 us, workers (us): 280, ---, ---, 
[29.159s][info][gc,stats    ]   CMR: VM Strong Roots                5 us, workers (us):   5, ---, ---, 
[29.159s][info][gc,stats    ]   CMR: CLDG Roots                    35 us, workers (us):  35, ---, ---, 
[29.159s][info][gc,stats    ] Concurrent Marking                 5067 us
[29.159s][info][gc,stats    ] Pause Final Mark (G)               1028 us
[29.159s][info][gc,stats    ] Pause Final Mark (N)                178 us
[29.159s][info][gc,stats    ]   Finish Mark                        47 us
[29.159s][info][gc,stats    ]   Update Region States               34 us
[29.159s][info][gc,stats    ]   Choose Collection Set              39 us
[29.159s][info][gc,stats    ]   Rebuild Free Set                    8 us
[29.159s][info][gc,stats    ] Concurrent Weak References          151 us, parallelism: 0.07x
[29.159s][info][gc,stats    ]   CWRF: <total>                      10 us
[29.159s][info][gc,stats    ]   CWRF: Weak References              10 us, workers (us):  10, ---, ---, 
[29.159s][info][gc,stats    ] Concurrent Weak Roots              1065 us
[29.159s][info][gc,stats    ]   Roots                             959 us, parallelism: 0.96x
[29.159s][info][gc,stats    ]     CWR: <total>                    920 us
[29.159s][info][gc,stats    ]     CWR: Code Cache Roots           844 us, workers (us): 844, ---, ---, 
[29.159s][info][gc,stats    ]     CWR: VM Weak Roots               70 us, workers (us):  70, ---, ---, 
[29.159s][info][gc,stats    ]     CWR: CLDG Roots                   5 us, workers (us):   5, ---, ---, 
[29.159s][info][gc,stats    ]   Rendezvous                         49 us
[29.159s][info][gc,stats    ] Concurrent Cleanup                   64 us
[29.159s][info][gc,stats    ] Concurrent Class Unloading         3616 us
[29.159s][info][gc,stats    ]   Unlink Stale                     3239 us
[29.159s][info][gc,stats    ]     System Dictionary                 7 us
[29.159s][info][gc,stats    ]     Weak Class Links                  0 us
[29.159s][info][gc,stats    ]     Code Roots                     3231 us
[29.159s][info][gc,stats    ]   Rendezvous                        137 us
[29.159s][info][gc,stats    ]   Purge Unlinked                    186 us
[29.159s][info][gc,stats    ]     Code Roots                      183 us
[29.159s][info][gc,stats    ]     CLDG                              3 us
[29.159s][info][gc,stats    ]     Exception Caches                  0 us
[29.159s][info][gc,stats    ] Pause Final Roots (G)               654 us
[29.159s][info][gc,stats    ] Pause Final Roots (N)                31 us
[29.159s][info][gc,stats    ] 
[29.159s][info][gc,stats    ] Allocation pacing accrued:
[29.159s][info][gc,stats    ]       0 of   246 ms (  0.0%): <total>
[29.159s][info][gc,stats    ]       0 of   246 ms (  0.0%): <average total>
[29.159s][info][gc,stats    ] 
[29.159s][info][gc,metaspace] Metaspace: 8181K(8320K)->8181K(8320K) NonClass: 7214K(7296K)->7214K(7296K) Class: 967K(1024K)->967K(1024K)
[29.159s][info][gc,ergo     ] Pacer for Idle. Initial: 41943K, Alloc Tax Rate: 1.0x
[29.379s][info][gc          ] Trigger: Learning 4 of 5. Free (1429M) is below initial threshold (1433M)
[29.379s][info][gc,ergo     ] Free: 1429M, Max: 1024K regular, 781M humongous, Frag: 46% external, 0% internal; Reserve: 103M, Max: 1024K
[29.379s][info][gc,start    ] GC(57) Concurrent reset
[29.379s][info][gc,task     ] GC(57) Using 1 of 3 workers for concurrent reset
[29.379s][info][gc,ergo     ] GC(57) Pacer for Reset. Non-Taxable: 2048M
[29.379s][info][gc          ] GC(57) Concurrent reset 0.184ms
[29.379s][info][gc,start    ] GC(57) Pause Init Mark (unload classes)
[29.379s][info][gc,task     ] GC(57) Using 3 of 3 workers for init marking
[29.379s][info][gc,ergo     ] GC(57) Pacer for Mark. Expected Live: 4795K, Free: 1429M, Non-Taxable: 142M, Alloc Tax Rate: 0.0x
[29.379s][info][gc          ] GC(57) Pause Init Mark (unload classes) 0.103ms
[29.385s][info][gc,start    ] GC(57) Concurrent marking roots
[29.385s][info][gc,task     ] GC(57) Using 1 of 3 workers for concurrent marking roots
[29.386s][info][gc          ] GC(57) Concurrent marking roots 0.412ms
[29.386s][info][gc,start    ] GC(57) Concurrent marking (unload classes)
[29.386s][info][gc,task     ] GC(57) Using 1 of 3 workers for concurrent marking
[29.391s][info][gc          ] GC(57) Concurrent marking (unload classes) 5.032ms
[29.391s][info][gc,start    ] GC(57) Pause Final Mark (unload classes)
[29.391s][info][gc,task     ] GC(57) Using 3 of 3 workers for final marking
[29.391s][info][gc,ergo     ] GC(57) Collectable Garbage: 491M (96%), Immediate: 491M (96%), CSet: 0B (0%)
[29.391s][info][gc          ] GC(57) Pause Final Mark (unload classes) 0.160ms
[29.391s][info][gc,start    ] GC(57) Concurrent weak references
[29.391s][info][gc,task     ] GC(57) Using 1 of 3 workers for concurrent weak references
[29.391s][info][gc,ref      ] GC(57) Encountered references: Soft: 80, Weak: 363, Final: 3, Phantom: 49
[29.391s][info][gc,ref      ] GC(57) Discovered  references: Soft: 0, Weak: 125, Final: 1, Phantom: 30
[29.391s][info][gc,ref      ] GC(57) Enqueued    references: Soft: 0, Weak: 0, Final: 0, Phantom: 0
[29.391s][info][gc          ] GC(57) Concurrent weak references 0.075ms
[29.391s][info][gc,start    ] GC(57) Concurrent weak roots
[29.391s][info][gc,task     ] GC(57) Using 1 of 3 workers for concurrent weak root
[29.392s][info][gc          ] GC(57) Concurrent weak roots 1.161ms
[29.392s][info][gc,start    ] GC(57) Concurrent cleanup
[29.392s][info][gc          ] GC(57) Concurrent cleanup 534M->44M(2048M) 0.044ms
[29.392s][info][gc,ergo     ] GC(57) Free: 1900M, Max: 1024K regular, 781M humongous, Frag: 59% external, 0% internal; Reserve: 103M, Max: 1024K
[29.392s][info][gc,start    ] GC(57) Concurrent class unloading
[29.392s][info][gc,task     ] GC(57) Using 1 of 3 workers for concurrent class unloading
[29.396s][info][gc          ] GC(57) Concurrent class unloading 3.649ms
[29.396s][info][gc,start    ] GC(57) Pause Final Roots
[29.396s][info][gc          ] GC(57) Pause Final Roots 0.026ms
[29.396s][info][gc,ergo     ] Free: 1893M, Max: 1024K regular, 781M humongous, Frag: 59% external, 0% internal; Reserve: 103M, Max: 1024K
[29.396s][info][gc,stats    ] 
[29.396s][info][gc,stats    ] All times are wall-clock times, except per-root-class counters, that are sum over
[29.396s][info][gc,stats    ] all workers. Dividing the <total> over the root stage time estimates parallelism.
[29.396s][info][gc,stats    ] 
[29.396s][info][gc,stats    ] Concurrent Reset                    205 us
[29.396s][info][gc,stats    ] Pause Init Mark (G)                6025 us
[29.396s][info][gc,stats    ] Pause Init Mark (N)                 113 us
[29.396s][info][gc,stats    ]   Update Region States               38 us
[29.396s][info][gc,stats    ] Concurrent Mark Roots               436 us, parallelism: 0.71x
[29.396s][info][gc,stats    ]   CMR: <total>                      311 us
[29.396s][info][gc,stats    ]   CMR: Thread Roots                 279 us, workers (us): 279, ---, ---, 
[29.396s][info][gc,stats    ]   CMR: VM Strong Roots                3 us, workers (us):   3, ---, ---, 
[29.396s][info][gc,stats    ]   CMR: CLDG Roots                    29 us, workers (us):  29, ---, ---, 
[29.396s][info][gc,stats    ] Concurrent Marking                 5066 us
[29.396s][info][gc,stats    ] Pause Final Mark (G)                218 us
[29.396s][info][gc,stats    ] Pause Final Mark (N)                169 us
[29.396s][info][gc,stats    ]   Finish Mark                        43 us
[29.396s][info][gc,stats    ]   Update Region States               34 us
[29.396s][info][gc,stats    ]   Choose Collection Set              32 us
[29.396s][info][gc,stats    ]   Rebuild Free Set                    8 us
[29.397s][info][gc,stats    ] Concurrent Weak References           83 us, parallelism: 0.09x
[29.397s][info][gc,stats    ]   CWRF: <total>                       8 us
[29.397s][info][gc,stats    ]   CWRF: Weak References               8 us, workers (us):   8, ---, ---, 
[29.397s][info][gc,stats    ] Concurrent Weak Roots              1191 us
[29.397s][info][gc,stats    ]   Roots                            1070 us, parallelism: 0.96x
[29.397s][info][gc,stats    ]     CWR: <total>                   1027 us
[29.397s][info][gc,stats    ]     CWR: Code Cache Roots           951 us, workers (us): 951, ---, ---, 
[29.397s][info][gc,stats    ]     CWR: VM Weak Roots               72 us, workers (us):  72, ---, ---, 
[29.397s][info][gc,stats    ]     CWR: CLDG Roots                   4 us, workers (us):   4, ---, ---, 
[29.397s][info][gc,stats    ]   Rendezvous                         71 us
[29.397s][info][gc,stats    ] Concurrent Cleanup                   54 us
[29.397s][info][gc,stats    ] Concurrent Class Unloading         3682 us
[29.397s][info][gc,stats    ]   Unlink Stale                     3346 us
[29.397s][info][gc,stats    ]     System Dictionary                 6 us
[29.397s][info][gc,stats    ]     Weak Class Links                  0 us
[29.397s][info][gc,stats    ]     Code Roots                     3338 us
[29.397s][info][gc,stats    ]   Rendezvous                         61 us
[29.397s][info][gc,stats    ]   Purge Unlinked                    220 us
[29.397s][info][gc,stats    ]     Code Roots                      216 us
[29.397s][info][gc,stats    ]     CLDG                              4 us
[29.397s][info][gc,stats    ]     Exception Caches                  0 us
[29.397s][info][gc,stats    ] Pause Final Roots (G)               322 us
[29.397s][info][gc,stats    ] Pause Final Roots (N)                36 us
[29.397s][info][gc,stats    ] 
[29.397s][info][gc,stats    ] Allocation pacing accrued:
[29.397s][info][gc,stats    ]       0 of   238 ms (  0.0%): <total>
[29.397s][info][gc,stats    ]       0 of   238 ms (  0.0%): <average total>
[29.397s][info][gc,stats    ] 
[29.397s][info][gc,metaspace] Metaspace: 8181K(8320K)->8181K(8320K) NonClass: 7214K(7296K)->7214K(7296K) Class: 967K(1024K)->967K(1024K)
[29.397s][info][gc,ergo     ] Pacer for Idle. Initial: 41943K, Alloc Tax Rate: 1.0x
[29.614s][info][gc          ] Trigger: Learning 5 of 5. Free (1429M) is below initial threshold (1433M)
[29.614s][info][gc,ergo     ] Free: 1429M, Max: 1024K regular, 781M humongous, Frag: 46% external, 0% internal; Reserve: 103M, Max: 1024K
[29.614s][info][gc,start    ] GC(58) Concurrent reset
[29.614s][info][gc,task     ] GC(58) Using 1 of 3 workers for concurrent reset
[29.614s][info][gc,ergo     ] GC(58) Pacer for Reset. Non-Taxable: 2048M
[29.614s][info][gc          ] GC(58) Concurrent reset 0.223ms
[29.614s][info][gc,start    ] GC(58) Pause Init Mark (unload classes)
[29.614s][info][gc,task     ] GC(58) Using 3 of 3 workers for init marking
[29.614s][info][gc,ergo     ] GC(58) Pacer for Mark. Expected Live: 4785K, Free: 1429M, Non-Taxable: 142M, Alloc Tax Rate: 0.0x
[29.614s][info][gc          ] GC(58) Pause Init Mark (unload classes) 0.122ms
[29.615s][info][gc,start    ] GC(58) Concurrent marking roots
[29.615s][info][gc,task     ] GC(58) Using 1 of 3 workers for concurrent marking roots
[29.615s][info][gc          ] GC(58) Concurrent marking roots 0.391ms
[29.615s][info][gc,start    ] GC(58) Concurrent marking (unload classes)
[29.615s][info][gc,task     ] GC(58) Using 1 of 3 workers for concurrent marking
[29.623s][info][gc          ] GC(58) Concurrent marking (unload classes) 7.326ms
[29.623s][info][gc,start    ] GC(58) Pause Final Mark (unload classes)
[29.623s][info][gc,task     ] GC(58) Using 3 of 3 workers for final marking
[29.623s][info][gc,ergo     ] GC(58) Collectable Garbage: 488M (96%), Immediate: 488M (96%), CSet: 0B (0%)
[29.623s][info][gc          ] GC(58) Pause Final Mark (unload classes) 0.170ms
[29.623s][info][gc,start    ] GC(58) Concurrent weak references
[29.623s][info][gc,task     ] GC(58) Using 1 of 3 workers for concurrent weak references
[29.623s][info][gc,ref      ] GC(58) Encountered references: Soft: 80, Weak: 363, Final: 3, Phantom: 49
[29.623s][info][gc,ref      ] GC(58) Discovered  references: Soft: 0, Weak: 125, Final: 1, Phantom: 30
[29.623s][info][gc,ref      ] GC(58) Enqueued    references: Soft: 0, Weak: 0, Final: 0, Phantom: 0
[29.623s][info][gc          ] GC(58) Concurrent weak references 0.091ms
[29.623s][info][gc,start    ] GC(58) Concurrent weak roots
[29.623s][info][gc,task     ] GC(58) Using 1 of 3 workers for concurrent weak root
[29.625s][info][gc          ] GC(58) Concurrent weak roots 1.129ms
[29.625s][info][gc,start    ] GC(58) Concurrent cleanup
[29.625s][info][gc          ] GC(58) Concurrent cleanup 533M->45M(2048M) 0.062ms
[29.625s][info][gc,ergo     ] GC(58) Free: 1898M, Max: 1024K regular, 781M humongous, Frag: 59% external, 0% internal; Reserve: 103M, Max: 1024K
[29.625s][info][gc,start    ] GC(58) Concurrent class unloading
[29.625s][info][gc,task     ] GC(58) Using 1 of 3 workers for concurrent class unloading
[29.628s][info][gc          ] GC(58) Concurrent class unloading 3.444ms
[29.628s][info][gc,start    ] GC(58) Pause Final Roots
[29.628s][info][gc          ] GC(58) Pause Final Roots 0.028ms
[29.630s][info][gc,ergo     ] Free: 1889M, Max: 1024K regular, 781M humongous, Frag: 59% external, 0% internal; Reserve: 103M, Max: 1024K
[29.630s][info][gc,stats    ] 
[29.630s][info][gc,stats    ] All times are wall-clock times, except per-root-class counters, that are sum over
[29.630s][info][gc,stats    ] all workers. Dividing the <total> over the root stage time estimates parallelism.
[29.630s][info][gc,stats    ] 
[29.630s][info][gc,stats    ] Concurrent Reset                    249 us
[29.630s][info][gc,stats    ] Pause Init Mark (G)                 999 us
[29.630s][info][gc,stats    ] Pause Init Mark (N)                 131 us
[29.630s][info][gc,stats    ]   Update Region States               55 us
[29.630s][info][gc,stats    ] Concurrent Mark Roots               410 us, parallelism: 0.75x
[29.630s][info][gc,stats    ]   CMR: <total>                      308 us
[29.630s][info][gc,stats    ]   CMR: Thread Roots                 272 us, workers (us): 272, ---, ---, 
[29.630s][info][gc,stats    ]   CMR: VM Strong Roots                4 us, workers (us):   4, ---, ---, 
[29.630s][info][gc,stats    ]   CMR: CLDG Roots                    33 us, workers (us):  33, ---, ---, 
[29.630s][info][gc,stats    ] Concurrent Marking                 7357 us
[29.630s][info][gc,stats    ] Pause Final Mark (G)                628 us
[29.630s][info][gc,stats    ] Pause Final Mark (N)                181 us
[29.630s][info][gc,stats    ]   Finish Mark                        47 us
[29.630s][info][gc,stats    ]   Update Region States               33 us
[29.630s][info][gc,stats    ]   Choose Collection Set              39 us
[29.630s][info][gc,stats    ]   Rebuild Free Set                    8 us
[29.630s][info][gc,stats    ] Concurrent Weak References          104 us, parallelism: 0.08x
[29.630s][info][gc,stats    ]   CWRF: <total>                       8 us
[29.630s][info][gc,stats    ]   CWRF: Weak References               8 us, workers (us):   8, ---, ---, 
[29.630s][info][gc,stats    ] Concurrent Weak Roots              1160 us
[29.630s][info][gc,stats    ]   Roots                            1038 us, parallelism: 0.95x
[29.630s][info][gc,stats    ]     CWR: <total>                    986 us
[29.630s][info][gc,stats    ]     CWR: Code Cache Roots           913 us, workers (us): 913, ---, ---, 
[29.630s][info][gc,stats    ]     CWR: VM Weak Roots               68 us, workers (us):  68, ---, ---, 
[29.630s][info][gc,stats    ]     CWR: CLDG Roots                   5 us, workers (us):   5, ---, ---, 
[29.631s][info][gc,stats    ]   Rendezvous                         71 us
[29.631s][info][gc,stats    ] Concurrent Cleanup                   72 us
[29.631s][info][gc,stats    ] Concurrent Class Unloading         3474 us
[29.631s][info][gc,stats    ]   Unlink Stale                     3196 us
[29.631s][info][gc,stats    ]     System Dictionary                 5 us
[29.631s][info][gc,stats    ]     Weak Class Links                  0 us
[29.631s][info][gc,stats    ]     Code Roots                     3189 us
[29.631s][info][gc,stats    ]   Rendezvous                         76 us
[29.631s][info][gc,stats    ]   Purge Unlinked                    151 us
[29.631s][info][gc,stats    ]     Code Roots                      146 us
[29.631s][info][gc,stats    ]     CLDG                              4 us
[29.631s][info][gc,stats    ]     Exception Caches                  0 us
[29.631s][info][gc,stats    ] Pause Final Roots (G)              1951 us
[29.631s][info][gc,stats    ] Pause Final Roots (N)                38 us
[29.631s][info][gc,stats    ] 
[29.631s][info][gc,stats    ] Allocation pacing accrued:
[29.631s][info][gc,stats    ]       0 of   234 ms (  0.0%): <total>
[29.631s][info][gc,stats    ]       0 of   234 ms (  0.0%): <average total>
[29.631s][info][gc,stats    ] 
[29.631s][info][gc,metaspace] Metaspace: 8181K(8320K)->8181K(8320K) NonClass: 7214K(7296K)->7214K(7296K) Class: 967K(1024K)->967K(1024K)
[29.631s][info][gc,ergo     ] Pacer for Idle. Initial: 41943K, Alloc Tax Rate: 1.0x
[30.457s][info][gc          ] Trigger: Free (202M) is below minimum threshold (204M)
[30.457s][info][gc,ergo     ] Free: 202M, Max: 1024K regular, 202M humongous, Frag: 0% external, 0% internal; Reserve: 103M, Max: 1024K
[30.457s][info][gc,start    ] GC(59) Concurrent reset
[30.457s][info][gc,task     ] GC(59) Using 1 of 3 workers for concurrent reset
[30.457s][info][gc,ergo     ] GC(59) Pacer for Reset. Non-Taxable: 2048M
[30.457s][info][gc          ] GC(59) Concurrent reset 0.231ms
[30.457s][info][gc,start    ] GC(59) Pause Init Mark (unload classes)
[30.457s][info][gc,task     ] GC(59) Using 3 of 3 workers for init marking
[30.457s][info][gc,ergo     ] GC(59) Pacer for Mark. Expected Live: 4745K, Free: 202M, Non-Taxable: 20686K, Alloc Tax Rate: 0.0x
[30.457s][info][gc          ] GC(59) Pause Init Mark (unload classes) 0.116ms
[30.459s][info][gc,start    ] GC(59) Concurrent marking roots
[30.459s][info][gc,task     ] GC(59) Using 1 of 3 workers for concurrent marking roots
[30.459s][info][gc          ] GC(59) Concurrent marking roots 0.399ms
[30.459s][info][gc,start    ] GC(59) Concurrent marking (unload classes)
[30.459s][info][gc,task     ] GC(59) Using 1 of 3 workers for concurrent marking
[30.468s][info][gc          ] GC(59) Concurrent marking (unload classes) 8.868ms
[30.468s][info][gc,start    ] GC(59) Pause Final Mark (unload classes)
[30.468s][info][gc,task     ] GC(59) Using 3 of 3 workers for final marking
[30.468s][info][gc,ergo     ] GC(59) Collectable Garbage: 1715M (98%), Immediate: 1715M (98%), CSet: 0B (0%)
[30.468s][info][gc          ] GC(59) Pause Final Mark (unload classes) 0.179ms
[30.470s][info][gc,start    ] GC(59) Concurrent weak references
[30.470s][info][gc,task     ] GC(59) Using 1 of 3 workers for concurrent weak references
[30.470s][info][gc,ref      ] GC(59) Encountered references: Soft: 80, Weak: 362, Final: 3, Phantom: 49
[30.470s][info][gc,ref      ] GC(59) Discovered  references: Soft: 0, Weak: 125, Final: 1, Phantom: 32
[30.470s][info][gc,ref      ] GC(59) Enqueued    references: Soft: 0, Weak: 0, Final: 0, Phantom: 0
[30.470s][info][gc          ] GC(59) Concurrent weak references 0.122ms
[30.470s][info][gc,start    ] GC(59) Concurrent weak roots
[30.470s][info][gc,task     ] GC(59) Using 1 of 3 workers for concurrent weak root
[30.471s][info][gc          ] GC(59) Concurrent weak roots 1.375ms
[30.471s][info][gc,start    ] GC(59) Concurrent cleanup
[30.472s][info][gc          ] GC(59) Concurrent cleanup 1766M->50M(2048M) 0.104ms
[30.472s][info][gc,ergo     ] GC(59) Free: 1894M, Max: 1024K regular, 1157M humongous, Frag: 39% external, 0% internal; Reserve: 103M, Max: 1024K
[30.472s][info][gc,start    ] GC(59) Concurrent class unloading
[30.472s][info][gc,task     ] GC(59) Using 1 of 3 workers for concurrent class unloading
[30.475s][info][gc          ] GC(59) Concurrent class unloading 3.643ms
[30.475s][info][gc,start    ] GC(59) Pause Final Roots
[30.475s][info][gc          ] GC(59) Pause Final Roots 0.030ms
[30.477s][info][gc,ergo     ] Free: 1883M, Max: 1024K regular, 1146M humongous, Frag: 40% external, 0% internal; Reserve: 103M, Max: 1024K
[30.478s][info][gc,stats    ] 
[30.478s][info][gc,stats    ] All times are wall-clock times, except per-root-class counters, that are sum over
[30.478s][info][gc,stats    ] all workers. Dividing the <total> over the root stage time estimates parallelism.
[30.478s][info][gc,stats    ] 
[30.478s][info][gc,stats    ] Concurrent Reset                    250 us
[30.478s][info][gc,stats    ] Pause Init Mark (G)                1530 us
[30.478s][info][gc,stats    ] Pause Init Mark (N)                 125 us
[30.478s][info][gc,stats    ]   Update Region States               48 us
[30.478s][info][gc,stats    ] Concurrent Mark Roots               432 us, parallelism: 0.70x
[30.478s][info][gc,stats    ]   CMR: <total>                      304 us
[30.478s][info][gc,stats    ]   CMR: Thread Roots                 265 us, workers (us): 265, ---, ---, 
[30.478s][info][gc,stats    ]   CMR: VM Strong Roots                5 us, workers (us):   5, ---, ---, 
[30.478s][info][gc,stats    ]   CMR: CLDG Roots                    34 us, workers (us):  34, ---, ---, 
[30.478s][info][gc,stats    ] Concurrent Marking                 8907 us
[30.478s][info][gc,stats    ] Pause Final Mark (G)               1948 us
[30.478s][info][gc,stats    ] Pause Final Mark (N)                189 us
[30.478s][info][gc,stats    ]   Finish Mark                        48 us
[30.478s][info][gc,stats    ]   Update Region States               36 us
[30.478s][info][gc,stats    ]   Choose Collection Set              60 us
[30.478s][info][gc,stats    ]   Rebuild Free Set                    8 us
[30.478s][info][gc,stats    ] Concurrent Weak References          133 us, parallelism: 0.09x
[30.478s][info][gc,stats    ]   CWRF: <total>                      12 us
[30.478s][info][gc,stats    ]   CWRF: Weak References              12 us, workers (us):  12, ---, ---, 
[30.478s][info][gc,stats    ] Concurrent Weak Roots              1410 us
[30.478s][info][gc,stats    ]   Roots                             977 us, parallelism: 0.95x
[30.478s][info][gc,stats    ]     CWR: <total>                    924 us
[30.478s][info][gc,stats    ]     CWR: Code Cache Roots           841 us, workers (us): 841, ---, ---, 
[30.478s][info][gc,stats    ]     CWR: VM Weak Roots               77 us, workers (us):  77, ---, ---, 
[30.478s][info][gc,stats    ]     CWR: CLDG Roots                   5 us, workers (us):   5, ---, ---, 
[30.478s][info][gc,stats    ]   Rendezvous                        377 us
[30.478s][info][gc,stats    ] Concurrent Cleanup                  114 us
[30.478s][info][gc,stats    ] Concurrent Class Unloading         3683 us
[30.478s][info][gc,stats    ]   Unlink Stale                     3338 us
[30.478s][info][gc,stats    ]     System Dictionary                 8 us
[30.478s][info][gc,stats    ]     Weak Class Links                  0 us
[30.478s][info][gc,stats    ]     Code Roots                     3328 us
[30.478s][info][gc,stats    ]   Rendezvous                         83 us
[30.478s][info][gc,stats    ]   Purge Unlinked                    200 us
[30.478s][info][gc,stats    ]     Code Roots                      193 us
[30.478s][info][gc,stats    ]     CLDG                              7 us
[30.478s][info][gc,stats    ]     Exception Caches                  0 us
[30.478s][info][gc,stats    ] Pause Final Roots (G)              2115 us
[30.478s][info][gc,stats    ] Pause Final Roots (N)                39 us
[30.478s][info][gc,stats    ] 
[30.478s][info][gc,stats    ] Allocation pacing accrued:
[30.478s][info][gc,stats    ]       0 of   847 ms (  0.0%): <total>
[30.478s][info][gc,stats    ]       0 of   847 ms (  0.0%): <average total>
[30.478s][info][gc,stats    ] 
[30.478s][info][gc,metaspace] Metaspace: 8186K(8320K)->8186K(8320K) NonClass: 7219K(7296K)->7219K(7296K) Class: 967K(1024K)->967K(1024K)
[30.478s][info][gc,ergo     ] Pacer for Idle. Initial: 41943K, Alloc Tax Rate: 1.0x
[31.066s][info][gc          ] Cancelling GC: Stopping VM
[31.074s][info][gc,heap,exit] Heap
[31.074s][info][gc,heap,exit] Shenandoah Heap
[31.074s][info][gc,heap,exit]  2048M max, 2048M soft max, 2048M committed, 1192M used
[31.074s][info][gc,heap,exit]  2048 x 1024K regions
[31.074s][info][gc,heap,exit] Status: cancelled
[31.074s][info][gc,heap,exit] Reserved region:
[31.074s][info][gc,heap,exit]  - [0x0000000080000000, 0x0000000100000000) 
[31.074s][info][gc,heap,exit] Collection set:
[31.074s][info][gc,heap,exit]  - map (vanilla): 0x0000000000010800
[31.074s][info][gc,heap,exit]  - map (biased):  0x0000000000010000
[31.074s][info][gc,heap,exit] 
[31.074s][info][gc,heap,exit]  Metaspace       used 8187K, committed 8320K, reserved 1114112K
[31.074s][info][gc,heap,exit]   class space    used 967K, committed 1024K, reserved 1048576K
[31.074s][info][gc,stats    ] 
[31.074s][info][gc,stats    ] GC STATISTICS:
[31.074s][info][gc,stats    ]   "(G)" (gross) pauses include VM time: time to notify and block threads, do the pre-
[31.074s][info][gc,stats    ]         and post-safepoint housekeeping. Use -Xlog:safepoint+stats to dissect.
[31.074s][info][gc,stats    ]   "(N)" (net) pauses are the times spent in the actual GC code.
[31.074s][info][gc,stats    ]   "a" is average time for each phase, look at levels to see if average makes sense.
[31.074s][info][gc,stats    ]   "lvls" are quantiles: 0% (minimum), 25%, 50% (median), 75%, 100% (maximum).
[31.074s][info][gc,stats    ] 
[31.074s][info][gc,stats    ]   All times are wall-clock times, except per-root-class counters, that are sum over
[31.074s][info][gc,stats    ]   all workers. Dividing the <total> over the root stage time estimates parallelism.
[31.074s][info][gc,stats    ] 
[31.074s][info][gc,stats    ]   Pacing delays are measured from entering the pacing code till exiting it. Therefore,
[31.074s][info][gc,stats    ]   observed pacing delays may be higher than the threshold when paced thread spent more
[31.074s][info][gc,stats    ]   time in the pacing code. It usually happens when thread is de-scheduled while paced,
[31.074s][info][gc,stats    ]   OS takes longer to unblock the thread, or JVM experiences an STW pause.
[31.075s][info][gc,stats    ] 
[31.075s][info][gc,stats    ]   Higher delay would prevent application outpacing the GC, but it will hide the GC latencies
[31.075s][info][gc,stats    ]   from the STW pause times. Pacing affects the individual threads, and so it would also be
[31.075s][info][gc,stats    ]   invisible to the usual profiling tools, but would add up to end-to-end application latency.
[31.075s][info][gc,stats    ]   Raise max pacing delay with care.
[31.075s][info][gc,stats    ] 
[31.075s][info][gc,stats    ] Concurrent Reset               =    0.021 s (a =      349 us) (n =    60) (lvls, us =      148,      234,      289,      424,      728)
[31.075s][info][gc,stats    ] Pause Init Mark (G)            =    0.106 s (a =     1774 us) (n =    60) (lvls, us =      158,      404,     1172,     2246,     7375)
[31.075s][info][gc,stats    ] Pause Init Mark (N)            =    0.008 s (a =      136 us) (n =    60) (lvls, us =       80,      109,      117,      141,      544)
[31.075s][info][gc,stats    ]   Update Region States         =    0.003 s (a =       46 us) (n =    60) (lvls, us =       16,       37,       41,       53,       86)
[31.075s][info][gc,stats    ] Concurrent Mark Roots          =    0.030 s (a =      498 us) (n =    60) (lvls, us =      312,      436,      480,      533,      795)
[31.075s][info][gc,stats    ]   CMR: <total>                 =    0.022 s (a =      373 us) (n =    60) (lvls, us =      254,      320,      355,      395,      662)
[31.075s][info][gc,stats    ]   CMR: Thread Roots            =    0.020 s (a =      331 us) (n =    60) (lvls, us =      221,      279,      312,      354,      618)
[31.075s][info][gc,stats    ]   CMR: VM Strong Roots         =    0.000 s (a =        5 us) (n =    60) (lvls, us =        3,        4,        4,        5,       23)
[31.075s][info][gc,stats    ]   CMR: CLDG Roots              =    0.002 s (a =       37 us) (n =    60) (lvls, us =       28,       32,       34,       38,       86)
[31.075s][info][gc,stats    ] Concurrent Marking             =    0.383 s (a =     6378 us) (n =    60) (lvls, us =     3438,     4844,     5234,     6445,    29249)
[31.075s][info][gc,stats    ] Pause Final Mark (G)           =    0.124 s (a =     2061 us) (n =    60) (lvls, us =      217,      436,      986,     2168,    12365)
[31.075s][info][gc,stats    ] Pause Final Mark (N)           =    0.014 s (a =      227 us) (n =    60) (lvls, us =      156,      174,      188,      227,      633)
[31.075s][info][gc,stats    ]   Finish Mark                  =    0.004 s (a =       68 us) (n =    60) (lvls, us =       32,       41,       46,       57,      484)
[31.075s][info][gc,stats    ]   Update Region States         =    0.003 s (a =       43 us) (n =    60) (lvls, us =       27,       33,       36,       43,      126)
[31.075s][info][gc,stats    ]   Choose Collection Set        =    0.003 s (a =       47 us) (n =    60) (lvls, us =       23,       38,       42,       54,       94)
[31.075s][info][gc,stats    ]   Rebuild Free Set             =    0.001 s (a =        9 us) (n =    60) (lvls, us =        7,        8,        8,        8,       21)
[31.075s][info][gc,stats    ] Concurrent Thread Roots        =    0.005 s (a =      457 us) (n =    12) (lvls, us =      373,      410,      445,      498,      560)
[31.075s][info][gc,stats    ]   CTR: <total>                 =    0.004 s (a =      358 us) (n =    12) (lvls, us =      246,      281,      342,      400,      474)
[31.075s][info][gc,stats    ]   CTR: Thread Roots            =    0.004 s (a =      358 us) (n =    12) (lvls, us =      246,      281,      342,      400,      474)
[31.075s][info][gc,stats    ] Concurrent Weak References     =    0.008 s (a =      135 us) (n =    60) (lvls, us =       72,      100,      119,      135,      538)
[31.075s][info][gc,stats    ]   CWRF: <total>                =    0.001 s (a =       12 us) (n =    60) (lvls, us =        6,        8,       10,       12,       90)
[31.075s][info][gc,stats    ]   CWRF: Weak References        =    0.001 s (a =       12 us) (n =    60) (lvls, us =        6,        8,       10,       12,       90)
[31.075s][info][gc,stats    ] Concurrent Weak Roots          =    0.168 s (a =     2808 us) (n =    60) (lvls, us =      885,     1055,     1172,     1895,    42698)
[31.075s][info][gc,stats    ]   Roots                        =    0.058 s (a =      970 us) (n =    60) (lvls, us =      738,      902,      977,     1016,     1263)
[31.075s][info][gc,stats    ]     CWR: <total>               =    0.055 s (a =      922 us) (n =    60) (lvls, us =      684,      854,      926,      984,     1204)
[31.075s][info][gc,stats    ]     CWR: Code Cache Roots      =    0.050 s (a =      826 us) (n =    60) (lvls, us =      285,      744,      844,      906,     1130)
[31.075s][info][gc,stats    ]     CWR: VM Weak Roots         =    0.005 s (a =       91 us) (n =    60) (lvls, us =       64,       70,       77,       87,      441)
[31.075s][info][gc,stats    ]     CWR: CLDG Roots            =    0.000 s (a =        5 us) (n =    60) (lvls, us =        3,        4,        5,        5,        8)
[31.075s][info][gc,stats    ]   Rendezvous                   =    0.107 s (a =     1781 us) (n =    60) (lvls, us =       34,       64,      117,      898,    41802)
[31.075s][info][gc,stats    ] Concurrent Cleanup             =    0.005 s (a =       80 us) (n =    60) (lvls, us =       28,       59,       67,       87,      261)
[31.075s][info][gc,stats    ] Concurrent Class Unloading     =    0.352 s (a =     5858 us) (n =    60) (lvls, us =     2539,     3477,     3789,     5449,    28048)
[31.075s][info][gc,stats    ]   Unlink Stale                 =    0.214 s (a =     3571 us) (n =    60) (lvls, us =     2285,     3066,     3184,     3750,     7852)
[31.075s][info][gc,stats    ]     System Dictionary          =    0.001 s (a =       17 us) (n =    60) (lvls, us =        5,        6,        7,        8,      134)
[31.075s][info][gc,stats    ]     Weak Class Links           =    0.015 s (a =      253 us) (n =    60) (lvls, us =        0,        0,        0,        0,     2233)
[31.075s][info][gc,stats    ]     Code Roots                 =    0.198 s (a =     3299 us) (n =    60) (lvls, us =     1250,     3047,     3164,     3320,     5549)
[31.075s][info][gc,stats    ]   Rendezvous                   =    0.120 s (a =     1998 us) (n =    60) (lvls, us =       29,       71,      137,      908,    23801)
[31.075s][info][gc,stats    ]   Purge Unlinked               =    0.014 s (a =      227 us) (n =    60) (lvls, us =      133,      184,      219,      244,      489)
[31.075s][info][gc,stats    ]     Code Roots                 =    0.013 s (a =      216 us) (n =    60) (lvls, us =       93,      178,      213,      238,      450)
[31.075s][info][gc,stats    ]     CLDG                       =    0.001 s (a =       10 us) (n =    60) (lvls, us =        3,        4,        5,        7,       63)
[31.075s][info][gc,stats    ]     Exception Caches           =    0.000 s (a =        0 us) (n =    60) (lvls, us =        0,        0,        0,        0,        1)
[31.075s][info][gc,stats    ] Concurrent Strong Roots        =    0.002 s (a =      134 us) (n =    12) (lvls, us =       85,       95,      105,      125,      362)
[31.075s][info][gc,stats    ]   CSR: <total>                 =    0.001 s (a =       66 us) (n =    12) (lvls, us =       33,       34,       51,       56,      231)
[31.075s][info][gc,stats    ]   CSR: VM Strong Roots         =    0.000 s (a =        4 us) (n =    12) (lvls, us =        2,        2,        3,        3,       20)
[31.075s][info][gc,stats    ]   CSR: CLDG Roots              =    0.001 s (a =       62 us) (n =    12) (lvls, us =       30,       33,       47,       54,      211)
[31.075s][info][gc,stats    ] Concurrent Evacuation          =    0.017 s (a =     1399 us) (n =    12) (lvls, us =      996,      996,     1094,     1289,     2803)
[31.075s][info][gc,stats    ] Pause Final Roots (G)          =    0.063 s (a =     1314 us) (n =    48) (lvls, us =      105,      199,      439,     1582,     9598)
[31.075s][info][gc,stats    ] Pause Final Roots (N)          =    0.002 s (a =       43 us) (n =    48) (lvls, us =       24,       36,       38,       42,       89)
[31.075s][info][gc,stats    ] Pause Init Update Refs (G)     =    0.035 s (a =     2894 us) (n =    12) (lvls, us =      129,      475,     1914,     2422,    14775)
[31.075s][info][gc,stats    ] Pause Init Update Refs (N)     =    0.001 s (a =       60 us) (n =    12) (lvls, us =       49,       57,       60,       63,       69)
[31.075s][info][gc,stats    ]   Manage GCLABs                =    0.000 s (a =        5 us) (n =    12) (lvls, us =        2,        4,        5,        6,        6)
[31.075s][info][gc,stats    ] Concurrent Update Refs         =    0.064 s (a =     5349 us) (n =    12) (lvls, us =     2812,     4180,     5488,     5703,     7685)
[31.075s][info][gc,stats    ] Concurrent Update Thread Roots =    0.011 s (a =      877 us) (n =    12) (lvls, us =      451,      508,      701,      920,     2109)
[31.075s][info][gc,stats    ] Pause Final Update Refs (G)    =    0.034 s (a =     2800 us) (n =    12) (lvls, us =      182,      322,     1172,     3066,    15020)
[31.075s][info][gc,stats    ] Pause Final Update Refs (N)    =    0.001 s (a =      123 us) (n =    12) (lvls, us =       97,      105,      115,      119,      214)
[31.075s][info][gc,stats    ]   Update Region States         =    0.001 s (a =       42 us) (n =    12) (lvls, us =       27,       39,       42,       45,       51)
[31.075s][info][gc,stats    ]   Trash Collection Set         =    0.000 s (a =        4 us) (n =    12) (lvls, us =        2,        3,        4,        5,        7)
[31.075s][info][gc,stats    ]   Rebuild Free Set             =    0.000 s (a =       14 us) (n =    12) (lvls, us =        9,       12,       14,       15,       19)
[31.075s][info][gc,stats    ] Concurrent Cleanup             =    0.001 s (a =       66 us) (n =    12) (lvls, us =       40,       47,       70,       80,       84)
[31.075s][info][gc,stats    ] 
[31.075s][info][gc,stats    ] 
[31.075s][info][gc,stats    ] Under allocation pressure, concurrent cycles may cancel, and either continue cycle
[31.075s][info][gc,stats    ] under stop-the-world pause or result in stop-the-world Full GC. Increase heap size,
[31.075s][info][gc,stats    ] tune GC heuristics, set more aggressive pacing delay, or lower allocation rate
[31.075s][info][gc,stats    ] to avoid Degenerated and Full GC cycles.
[31.075s][info][gc,stats    ] 
[31.075s][info][gc,stats    ]    60 successful concurrent GCs
[31.075s][info][gc,stats    ]      10 invoked explicitly
[31.075s][info][gc,stats    ]       0 invoked implicitly
[31.075s][info][gc,stats    ] 
[31.075s][info][gc,stats    ]     0 Degenerated GCs
[31.075s][info][gc,stats    ]       0 caused by allocation failure
[31.075s][info][gc,stats    ]       0 upgraded to Full GC
[31.075s][info][gc,stats    ] 
[31.075s][info][gc,stats    ]     0 Full GCs
[31.075s][info][gc,stats    ]       0 invoked explicitly
[31.075s][info][gc,stats    ]       0 invoked implicitly
[31.075s][info][gc,stats    ]       0 caused by allocation failure
[31.075s][info][gc,stats    ]       0 upgraded from Degenerated GC
[31.075s][info][gc,stats    ] 
[31.075s][info][gc,stats    ] 
