[0.007s][info][gc] Min heap equals to max heap, disabling ShenandoahUncommit
[0.010s][info][gc] Heuristics ergonomically sets -XX:+ExplicitGCInvokesConcurrent
[0.010s][info][gc] Heuristics ergonomically sets -XX:+ShenandoahImplicitGCInvokesConcurrent
[0.010s][info][gc] Using Shenandoah
[0.026s][info][gc,ergo] Pacer for Idle. Initial: 163M, Alloc Tax Rate: 1.0x
[0.026s][info][gc,init] Version: 17.0.12+7-adhoc..jdk17u (release)
[0.026s][info][gc,init] CPUs: 6 total, 6 available
[0.026s][info][gc,init] Memory: 15591M
[0.026s][info][gc,init] Large Page Support: Disabled
[0.026s][info][gc,init] NUMA Support: Disabled
[0.026s][info][gc,init] Compressed Oops: Enabled (Zero based)
[0.026s][info][gc,init] Heap Min Capacity: 8G
[0.026s][info][gc,init] Heap Initial Capacity: 8G
[0.026s][info][gc,init] Heap Max Capacity: 8G
[0.026s][info][gc,init] Pre-touch: Disabled
[0.026s][info][gc,init] Mode: Snapshot-At-The-Beginning (SATB)
[0.026s][info][gc,init] Heuristics: Adaptive
[0.026s][info][gc,init] Heap Region Count: 2048
[0.026s][info][gc,init] Heap Region Size: 4M
[0.026s][info][gc,init] TLAB Size Max: 4M
[0.026s][info][gc,init] Humongous Object Threshold: 4M
[0.026s][info][gc,init] Parallel Workers: 3
[0.026s][info][gc,init] Concurrent Workers: 1
[0.033s][info][gc,metaspace] CDS archive(s) mapped at: [0x000001626c000000-0x000001626cbc0000-0x000001626cbc0000), size 12320768, SharedBaseAddress: 0x000001626c000000, ArchiveRelocationMode: 1.
[0.033s][info][gc,metaspace] Compressed class space mapped at: 0x000001626d000000-0x00000162ad000000, reserved size: 1073741824
[0.033s][info][gc,metaspace] Narrow klass base: 0x000001626c000000, Narrow klass shift: 0, Narrow klass range: 0x100000000
[0.493s][info][gc          ] Trigger: Explicit GC request (System.gc())
[0.493s][info][gc,ergo     ] Free: 7756M, Max: 4096K regular, 7756M humongous, Frag: 0% external, 0% internal; Reserve: 412M, Max: 4096K
[0.493s][info][gc,start    ] GC(0) Concurrent reset
[0.493s][info][gc,task     ] GC(0) Using 1 of 3 workers for concurrent reset
[0.493s][info][gc,ergo     ] GC(0) Pacer for Reset. Non-Taxable: 8192M
[0.493s][info][gc          ] GC(0) Concurrent reset 0.383ms
[0.494s][info][gc,start    ] GC(0) Pause Init Mark (unload classes)
[0.494s][info][gc,task     ] GC(0) Using 3 of 3 workers for init marking
[0.494s][info][gc,ref      ] GC(0) Clearing All SoftReferences
[0.494s][info][gc,ergo     ] GC(0) Pacer for Mark. Expected Live: 819M, Free: 7756M, Non-Taxable: 775M, Alloc Tax Rate: 0.1x
[0.494s][info][gc          ] GC(0) Pause Init Mark (unload classes) 0.385ms
[0.494s][info][gc,start    ] GC(0) Concurrent marking roots
[0.494s][info][gc,task     ] GC(0) Using 1 of 3 workers for concurrent marking roots
[0.495s][info][gc          ] GC(0) Concurrent marking roots 0.489ms
[0.495s][info][gc,start    ] GC(0) Concurrent marking (unload classes)
[0.495s][info][gc,task     ] GC(0) Using 1 of 3 workers for concurrent marking
[0.498s][info][gc          ] GC(0) Concurrent marking (unload classes) 3.645ms
[0.498s][info][gc,start    ] GC(0) Pause Final Mark (unload classes)
[0.498s][info][gc,task     ] GC(0) Using 3 of 3 workers for final marking
[0.499s][info][gc,ergo     ] GC(0) Adaptive CSet Selection. Target Free: 1160M, Actual Free: 8168M, Max CSet: 341M, Min Garbage: 0B
[0.499s][info][gc,ergo     ] GC(0) Collectable Garbage: 21442K (100%), Immediate: 0B (0%), CSet: 21442K (100%)
[0.499s][info][gc,ergo     ] GC(0) Pacer for Evacuation. Used CSet: 24576K, Free: 7756M, Non-Taxable: 775M, Alloc Tax Rate: 1.1x
[0.499s][info][gc          ] GC(0) Pause Final Mark (unload classes) 0.292ms
[0.499s][info][gc,start    ] GC(0) Concurrent thread roots
[0.499s][info][gc,task     ] GC(0) Using 1 of 3 workers for Concurrent thread roots
[0.499s][info][gc          ] GC(0) Concurrent thread roots 0.410ms
[0.499s][info][gc,start    ] GC(0) Concurrent weak references
[0.499s][info][gc,task     ] GC(0) Using 1 of 3 workers for concurrent weak references
[0.499s][info][gc,ref      ] GC(0) Encountered references: Soft: 169, Weak: 381, Final: 3, Phantom: 67
[0.500s][info][gc,ref      ] GC(0) Discovered  references: Soft: 141, Weak: 199, Final: 1, Phantom: 58
[0.500s][info][gc,ref      ] GC(0) Enqueued    references: Soft: 101, Weak: 69, Final: 0, Phantom: 33
[0.500s][info][gc          ] GC(0) Concurrent weak references 0.338ms
[0.500s][info][gc,start    ] GC(0) Concurrent weak roots
[0.500s][info][gc,task     ] GC(0) Using 1 of 3 workers for concurrent weak root
[0.500s][info][gc          ] GC(0) Concurrent weak roots 0.842ms
[0.500s][info][gc,start    ] GC(0) Concurrent cleanup
[0.500s][info][gc          ] GC(0) Concurrent cleanup 24M->24M(8192M) 0.019ms
[0.500s][info][gc,ergo     ] GC(0) Free: 7756M, Max: 4096K regular, 7756M humongous, Frag: 0% external, 0% internal; Reserve: 411M, Max: 4096K
[0.500s][info][gc,start    ] GC(0) Concurrent class unloading
[0.500s][info][gc,task     ] GC(0) Using 1 of 3 workers for concurrent class unloading
[0.503s][info][gc          ] GC(0) Concurrent class unloading 2.527ms
[0.503s][info][gc,start    ] GC(0) Concurrent strong roots
[0.503s][info][gc,task     ] GC(0) Using 1 of 3 workers for concurrent strong root
[0.503s][info][gc          ] GC(0) Concurrent strong roots 0.298ms
[0.503s][info][gc,start    ] GC(0) Concurrent evacuation
[0.503s][info][gc,task     ] GC(0) Using 1 of 3 workers for concurrent evacuation
[0.505s][info][gc          ] GC(0) Concurrent evacuation 1.945ms
[0.505s][info][gc,start    ] GC(0) Pause Init Update Refs
[0.505s][info][gc,ergo     ] GC(0) Pacer for Update Refs. Used: 28672K, Free: 7756M, Non-Taxable: 775M, Alloc Tax Rate: 1.1x
[0.505s][info][gc          ] GC(0) Pause Init Update Refs 0.056ms
[0.505s][info][gc,start    ] GC(0) Concurrent update references
[0.506s][info][gc,task     ] GC(0) Using 1 of 3 workers for concurrent reference update
[0.508s][info][gc          ] GC(0) Concurrent update references 2.253ms
[0.508s][info][gc,start    ] GC(0) Concurrent update thread roots
[0.508s][info][gc          ] GC(0) Concurrent update thread roots 0.303ms
[0.508s][info][gc,start    ] GC(0) Pause Final Update Refs
[0.508s][info][gc,task     ] GC(0) Using 3 of 3 workers for final reference update
[0.508s][info][gc          ] GC(0) Pause Final Update Refs 0.096ms
[0.508s][info][gc,start    ] GC(0) Concurrent cleanup
[0.508s][info][gc          ] GC(0) Concurrent cleanup 28M->4M(8192M) 0.056ms
[0.508s][info][gc,ergo     ] Free: 7776M, Max: 4096K regular, 7776M humongous, Frag: 0% external, 0% internal; Reserve: 412M, Max: 4096K
[0.508s][info][gc,stats    ] 
[0.508s][info][gc,stats    ] All times are wall-clock times, except per-root-class counters, that are sum over
[0.508s][info][gc,stats    ] all workers. Dividing the <total> over the root stage time estimates parallelism.
[0.508s][info][gc,stats    ] 
[0.508s][info][gc,stats    ] Concurrent Reset                    437 us
[0.508s][info][gc,stats    ] Pause Init Mark (G)                 807 us
[0.508s][info][gc,stats    ] Pause Init Mark (N)                 402 us
[0.508s][info][gc,stats    ]   Update Region States               74 us
[0.508s][info][gc,stats    ] Concurrent Mark Roots               509 us, parallelism: 0.76x
[0.508s][info][gc,stats    ]   CMR: <total>                      385 us
[0.509s][info][gc,stats    ]   CMR: Thread Roots                 238 us, workers (us): 238, ---, ---, 
[0.509s][info][gc,stats    ]   CMR: VM Strong Roots               40 us, workers (us):  40, ---, ---, 
[0.509s][info][gc,stats    ]   CMR: CLDG Roots                   107 us, workers (us): 107, ---, ---, 
[0.509s][info][gc,stats    ] Concurrent Marking                 3696 us
[0.509s][info][gc,stats    ] Pause Final Mark (G)                396 us
[0.509s][info][gc,stats    ] Pause Final Mark (N)                308 us
[0.509s][info][gc,stats    ]   Finish Mark                        93 us
[0.509s][info][gc,stats    ]   Update Region States               45 us
[0.509s][info][gc,stats    ]   Choose Collection Set              61 us
[0.509s][info][gc,stats    ]   Rebuild Free Set                   16 us
[0.509s][info][gc,stats    ] Concurrent Thread Roots             461 us, parallelism: 0.54x
[0.509s][info][gc,stats    ]   CTR: <total>                      248 us
[0.509s][info][gc,stats    ]   CTR: Thread Roots                 248 us, workers (us): 248, ---, ---, 
[0.509s][info][gc,stats    ] Concurrent Weak References          345 us, parallelism: 0.30x
[0.509s][info][gc,stats    ]   CWRF: <total>                     105 us
[0.509s][info][gc,stats    ]   CWRF: Weak References             105 us, workers (us): 105, ---, ---, 
[0.509s][info][gc,stats    ] Concurrent Weak Roots               865 us
[0.509s][info][gc,stats    ]   Roots                             792 us, parallelism: 0.89x
[0.509s][info][gc,stats    ]     CWR: <total>                    708 us
[0.509s][info][gc,stats    ]     CWR: Code Cache Roots           287 us, workers (us): 287, ---, ---, 
[0.509s][info][gc,stats    ]     CWR: VM Weak Roots              418 us, workers (us): 418, ---, ---, 
[0.509s][info][gc,stats    ]     CWR: CLDG Roots                   4 us, workers (us):   4, ---, ---, 
[0.509s][info][gc,stats    ]   Rendezvous                         34 us
[0.509s][info][gc,stats    ] Concurrent Cleanup                   27 us
[0.509s][info][gc,stats    ] Concurrent Class Unloading         2572 us
[0.509s][info][gc,stats    ]   Unlink Stale                     2327 us
[0.509s][info][gc,stats    ]     System Dictionary               137 us
[0.509s][info][gc,stats    ]     Weak Class Links                909 us
[0.509s][info][gc,stats    ]     Code Roots                     1279 us
[0.509s][info][gc,stats    ]   Rendezvous                         29 us
[0.509s][info][gc,stats    ]   Purge Unlinked                    153 us
[0.509s][info][gc,stats    ]     Code Roots                       93 us
[0.509s][info][gc,stats    ]     CLDG                             60 us
[0.509s][info][gc,stats    ]     Exception Caches                  0 us
[0.509s][info][gc,stats    ] Concurrent Strong Roots             321 us, parallelism: 0.71x
[0.509s][info][gc,stats    ]   CSR: <total>                      227 us
[0.509s][info][gc,stats    ]   CSR: VM Strong Roots               10 us, workers (us):  10, ---, ---, 
[0.509s][info][gc,stats    ]   CSR: CLDG Roots                   217 us, workers (us): 217, ---, ---, 
[0.509s][info][gc,stats    ] Concurrent Evacuation              1963 us
[0.509s][info][gc,stats    ] Pause Init Update Refs (G)          130 us
[0.509s][info][gc,stats    ] Pause Init Update Refs (N)           65 us
[0.509s][info][gc,stats    ]   Manage GCLABs                       3 us
[0.509s][info][gc,stats    ] Concurrent Update Refs             2317 us
[0.509s][info][gc,stats    ] Concurrent Update Thread Roots      342 us
[0.509s][info][gc,stats    ] Pause Final Update Refs (G)         163 us
[0.509s][info][gc,stats    ] Pause Final Update Refs (N)         106 us
[0.509s][info][gc,stats    ]   Update Region States               60 us
[0.509s][info][gc,stats    ]   Trash Collection Set                1 us
[0.509s][info][gc,stats    ]   Rebuild Free Set                   11 us
[0.509s][info][gc,stats    ] Concurrent Cleanup                   67 us
[0.509s][info][gc,stats    ] 
[0.509s][info][gc,stats    ] Allocation pacing accrued:
[0.509s][info][gc,stats    ]       0 of   483 ms (  0.0%): <total>
[0.509s][info][gc,stats    ]       0 of   483 ms (  0.0%): <average total>
[0.509s][info][gc,stats    ] 
[0.509s][info][gc,metaspace] Metaspace: 6034K(6208K)->5979K(6208K) NonClass: 5215K(5312K)->5169K(5312K) Class: 819K(896K)->809K(896K)
[0.509s][info][gc,ergo     ] Pacer for Idle. Initial: 163M, Alloc Tax Rate: 1.0x
[3.937s][info][gc          ] Trigger: Learning 2 of 5. Free (5724M) is below initial threshold (5734M)
[3.938s][info][gc,ergo     ] Free: 5724M, Max: 4096K regular, 5724M humongous, Frag: 0% external, 0% internal; Reserve: 412M, Max: 4096K
[3.938s][info][gc,start    ] GC(1) Concurrent reset
[3.938s][info][gc,task     ] GC(1) Using 1 of 3 workers for concurrent reset
[3.938s][info][gc,ergo     ] GC(1) Pacer for Reset. Non-Taxable: 8192M
[3.938s][info][gc          ] GC(1) Concurrent reset 0.244ms
[3.938s][info][gc,start    ] GC(1) Pause Init Mark (unload classes)
[3.938s][info][gc,task     ] GC(1) Using 3 of 3 workers for init marking
[3.938s][info][gc,ergo     ] GC(1) Pacer for Mark. Expected Live: 3133K, Free: 5724M, Non-Taxable: 572M, Alloc Tax Rate: 0.0x
[3.938s][info][gc          ] GC(1) Pause Init Mark (unload classes) 0.107ms
[3.942s][info][gc,start    ] GC(1) Concurrent marking roots
[3.942s][info][gc,task     ] GC(1) Using 1 of 3 workers for concurrent marking roots
[3.943s][info][gc          ] GC(1) Concurrent marking roots 0.573ms
[3.943s][info][gc,start    ] GC(1) Concurrent marking (unload classes)
[3.943s][info][gc,task     ] GC(1) Using 1 of 3 workers for concurrent marking
[3.950s][info][gc          ] GC(1) Concurrent marking (unload classes) 7.099ms
[3.950s][info][gc,start    ] GC(1) Pause Final Mark (unload classes)
[3.950s][info][gc,task     ] GC(1) Using 3 of 3 workers for final marking
[3.950s][info][gc,ergo     ] GC(1) Adaptive CSet Selection. Target Free: 1160M, Actual Free: 7784M, Max CSet: 341M, Min Garbage: 0B
[3.950s][info][gc,ergo     ] GC(1) Collectable Garbage: 2050M (99%), Immediate: 1672M (81%), CSet: 378M (18%)
[3.951s][info][gc,ergo     ] GC(1) Pacer for Evacuation. Used CSet: 380M, Free: 7372M, Non-Taxable: 737M, Alloc Tax Rate: 1.1x
[3.951s][info][gc          ] GC(1) Pause Final Mark (unload classes) 0.267ms
[3.981s][info][gc,start    ] GC(1) Concurrent thread roots
[3.981s][info][gc,task     ] GC(1) Using 1 of 3 workers for Concurrent thread roots
[3.982s][info][gc          ] GC(1) Concurrent thread roots 0.951ms
[3.982s][info][gc,start    ] GC(1) Concurrent weak references
[3.982s][info][gc,task     ] GC(1) Using 1 of 3 workers for concurrent weak references
[3.982s][info][gc,ref      ] GC(1) Encountered references: Soft: 104, Weak: 388, Final: 3, Phantom: 83
[3.982s][info][gc,ref      ] GC(1) Discovered  references: Soft: 0, Weak: 142, Final: 1, Phantom: 63
[3.982s][info][gc,ref      ] GC(1) Enqueued    references: Soft: 0, Weak: 17, Final: 0, Phantom: 17
[3.982s][info][gc          ] GC(1) Concurrent weak references 0.093ms
[3.982s][info][gc,start    ] GC(1) Concurrent weak roots
[3.982s][info][gc,task     ] GC(1) Using 1 of 3 workers for concurrent weak root
[3.990s][info][gc          ] GC(1) Concurrent weak roots 8.072ms
[3.990s][info][gc,start    ] GC(1) Concurrent cleanup
[3.990s][info][gc          ] GC(1) Concurrent cleanup 2108M->436M(8192M) 0.050ms
[3.990s][info][gc,ergo     ] GC(1) Free: 7344M, Max: 4096K regular, 5672M humongous, Frag: 23% external, 0% internal; Reserve: 411M, Max: 4096K
[3.990s][info][gc,start    ] GC(1) Concurrent class unloading
[3.990s][info][gc,task     ] GC(1) Using 1 of 3 workers for concurrent class unloading
[3.996s][info][gc          ] GC(1) Concurrent class unloading 5.343ms
[3.996s][info][gc,start    ] GC(1) Concurrent strong roots
[3.996s][info][gc,task     ] GC(1) Using 1 of 3 workers for concurrent strong root
[3.996s][info][gc          ] GC(1) Concurrent strong roots 0.129ms
[3.996s][info][gc,start    ] GC(1) Concurrent evacuation
[3.996s][info][gc,task     ] GC(1) Using 1 of 3 workers for concurrent evacuation
[4.004s][info][gc          ] GC(1) Concurrent evacuation 7.889ms
[4.004s][info][gc,start    ] GC(1) Pause Init Update Refs
[4.004s][info][gc,ergo     ] GC(1) Pacer for Update Refs. Used: 450M, Free: 7332M, Non-Taxable: 733M, Alloc Tax Rate: 1.1x
[4.004s][info][gc          ] GC(1) Pause Init Update Refs 0.040ms
[4.011s][info][gc,start    ] GC(1) Concurrent update references
[4.011s][info][gc,task     ] GC(1) Using 1 of 3 workers for concurrent reference update
[4.016s][info][gc          ] GC(1) Concurrent update references 4.706ms
[4.016s][info][gc,start    ] GC(1) Concurrent update thread roots
[4.018s][info][gc          ] GC(1) Concurrent update thread roots 2.346ms
[4.018s][info][gc,start    ] GC(1) Pause Final Update Refs
[4.018s][info][gc,task     ] GC(1) Using 3 of 3 workers for final reference update
[4.018s][info][gc          ] GC(1) Pause Final Update Refs 0.171ms
[4.021s][info][gc,start    ] GC(1) Concurrent cleanup
[4.022s][info][gc          ] GC(1) Concurrent cleanup 454M->82M(8192M) 0.074ms
[4.022s][info][gc,ergo     ] Free: 7697M, Max: 4096K regular, 5668M humongous, Frag: 27% external, 0% internal; Reserve: 412M, Max: 4096K
[4.022s][info][gc,stats    ] 
[4.022s][info][gc,stats    ] All times are wall-clock times, except per-root-class counters, that are sum over
[4.022s][info][gc,stats    ] all workers. Dividing the <total> over the root stage time estimates parallelism.
[4.022s][info][gc,stats    ] 
[4.022s][info][gc,stats    ] Concurrent Reset                    265 us
[4.022s][info][gc,stats    ] Pause Init Mark (G)                4623 us
[4.022s][info][gc,stats    ] Pause Init Mark (N)                 119 us
[4.022s][info][gc,stats    ]   Update Region States               25 us
[4.022s][info][gc,stats    ] Concurrent Mark Roots               605 us, parallelism: 0.77x
[4.022s][info][gc,stats    ]   CMR: <total>                      469 us
[4.022s][info][gc,stats    ]   CMR: Thread Roots                 427 us, workers (us): 427, ---, ---, 
[4.022s][info][gc,stats    ]   CMR: VM Strong Roots                5 us, workers (us):   5, ---, ---, 
[4.022s][info][gc,stats    ]   CMR: CLDG Roots                    37 us, workers (us):  37, ---, ---, 
[4.022s][info][gc,stats    ] Concurrent Marking                 7140 us
[4.022s][info][gc,stats    ] Pause Final Mark (G)              30988 us
[4.022s][info][gc,stats    ] Pause Final Mark (N)                277 us
[4.022s][info][gc,stats    ]   Finish Mark                        68 us
[4.022s][info][gc,stats    ]   Update Region States               27 us
[4.022s][info][gc,stats    ]   Choose Collection Set             105 us
[4.022s][info][gc,stats    ]   Rebuild Free Set                    9 us
[4.022s][info][gc,stats    ] Concurrent Thread Roots             988 us, parallelism: 0.84x
[4.022s][info][gc,stats    ]   CTR: <total>                      826 us
[4.022s][info][gc,stats    ]   CTR: Thread Roots                 826 us, workers (us): 826, ---, ---, 
[4.022s][info][gc,stats    ] Concurrent Weak References          101 us, parallelism: 0.27x
[4.022s][info][gc,stats    ]   CWRF: <total>                      28 us
[4.022s][info][gc,stats    ]   CWRF: Weak References              28 us, workers (us):  28, ---, ---, 
[4.022s][info][gc,stats    ] Concurrent Weak Roots              8113 us
[4.022s][info][gc,stats    ]   Roots                            1011 us, parallelism: 0.92x
[4.022s][info][gc,stats    ]     CWR: <total>                    929 us
[4.022s][info][gc,stats    ]     CWR: Code Cache Roots           727 us, workers (us): 727, ---, ---, 
[4.022s][info][gc,stats    ]     CWR: VM Weak Roots              195 us, workers (us): 195, ---, ---, 
[4.022s][info][gc,stats    ]     CWR: CLDG Roots                   7 us, workers (us):   7, ---, ---, 
[4.022s][info][gc,stats    ]   Rendezvous                       7039 us
[4.022s][info][gc,stats    ] Concurrent Cleanup                   59 us
[4.022s][info][gc,stats    ] Concurrent Class Unloading         5375 us
[4.022s][info][gc,stats    ]   Unlink Stale                     3690 us
[4.022s][info][gc,stats    ]     System Dictionary                 8 us
[4.022s][info][gc,stats    ]     Weak Class Links                  0 us
[4.022s][info][gc,stats    ]     Code Roots                     3680 us
[4.022s][info][gc,stats    ]   Rendezvous                       1424 us
[4.022s][info][gc,stats    ]   Purge Unlinked                    206 us
[4.022s][info][gc,stats    ]     Code Roots                      201 us
[4.022s][info][gc,stats    ]     CLDG                              4 us
[4.022s][info][gc,stats    ]     Exception Caches                  1 us
[4.022s][info][gc,stats    ] Concurrent Strong Roots             148 us, parallelism: 0.51x
[4.022s][info][gc,stats    ]   CSR: <total>                       76 us
[4.022s][info][gc,stats    ]   CSR: VM Strong Roots                3 us, workers (us):   3, ---, ---, 
[4.022s][info][gc,stats    ]   CSR: CLDG Roots                    72 us, workers (us):  72, ---, ---, 
[4.022s][info][gc,stats    ] Concurrent Evacuation              7927 us
[4.022s][info][gc,stats    ] Pause Init Update Refs (G)         7127 us
[4.022s][info][gc,stats    ] Pause Init Update Refs (N)           50 us
[4.022s][info][gc,stats    ]   Manage GCLABs                       5 us
[4.022s][info][gc,stats    ] Concurrent Update Refs             4748 us
[4.022s][info][gc,stats    ] Concurrent Update Thread Roots     2387 us
[4.022s][info][gc,stats    ] Pause Final Update Refs (G)        3285 us
[4.022s][info][gc,stats    ] Pause Final Update Refs (N)         210 us
[4.022s][info][gc,stats    ]   Update Region States               46 us
[4.022s][info][gc,stats    ]   Trash Collection Set                7 us
[4.022s][info][gc,stats    ]   Rebuild Free Set                   21 us
[4.022s][info][gc,stats    ] Concurrent Cleanup                   91 us
[4.022s][info][gc,stats    ] 
[4.022s][info][gc,stats    ] Allocation pacing accrued:
[4.022s][info][gc,stats    ]       0 of  3513 ms (  0.0%): <total>
[4.022s][info][gc,stats    ]       0 of  3513 ms (  0.0%): <average total>
[4.022s][info][gc,stats    ] 
[4.022s][info][gc,metaspace] Metaspace: 8031K(8256K)->8031K(8256K) NonClass: 7075K(7232K)->7076K(7232K) Class: 955K(1024K)->955K(1024K)
[4.022s][info][gc,ergo     ] Pacer for Idle. Initial: 163M, Alloc Tax Rate: 1.0x
[6.057s][info][gc          ] Trigger: Learning 3 of 5. Free (5733M) is below initial threshold (5734M)
[6.057s][info][gc,ergo     ] Free: 5733M, Max: 4096K regular, 5668M humongous, Frag: 2% external, 0% internal; Reserve: 412M, Max: 4096K
[6.057s][info][gc,start    ] GC(2) Concurrent reset
[6.057s][info][gc,task     ] GC(2) Using 1 of 3 workers for concurrent reset
[6.057s][info][gc,ergo     ] GC(2) Pacer for Reset. Non-Taxable: 8192M
[6.059s][info][gc          ] GC(2) Concurrent reset 1.937ms
[6.059s][info][gc,start    ] GC(2) Pause Init Mark (unload classes)
[6.059s][info][gc,task     ] GC(2) Using 3 of 3 workers for init marking
[6.059s][info][gc,ergo     ] GC(2) Pacer for Mark. Expected Live: 3971K, Free: 5733M, Non-Taxable: 573M, Alloc Tax Rate: 0.0x
[6.059s][info][gc          ] GC(2) Pause Init Mark (unload classes) 0.110ms
[6.061s][info][gc,start    ] GC(2) Concurrent marking roots
[6.061s][info][gc,task     ] GC(2) Using 1 of 3 workers for concurrent marking roots
[6.061s][info][gc          ] GC(2) Concurrent marking roots 0.532ms
[6.061s][info][gc,start    ] GC(2) Concurrent marking (unload classes)
[6.061s][info][gc,task     ] GC(2) Using 1 of 3 workers for concurrent marking
[6.066s][info][gc          ] GC(2) Concurrent marking (unload classes) 4.620ms
[6.066s][info][gc,start    ] GC(2) Pause Final Mark (unload classes)
[6.066s][info][gc,task     ] GC(2) Using 3 of 3 workers for final marking
[6.066s][info][gc,ergo     ] GC(2) Collectable Garbage: 1940M (94%), Immediate: 1940M (94%), CSet: 0B (0%)
[6.066s][info][gc          ] GC(2) Pause Final Mark (unload classes) 0.212ms
[6.067s][info][gc,start    ] GC(2) Concurrent weak references
[6.067s][info][gc,task     ] GC(2) Using 1 of 3 workers for concurrent weak references
[6.067s][info][gc,ref      ] GC(2) Encountered references: Soft: 104, Weak: 359, Final: 3, Phantom: 55
[6.067s][info][gc,ref      ] GC(2) Discovered  references: Soft: 0, Weak: 125, Final: 1, Phantom: 39
[6.067s][info][gc,ref      ] GC(2) Enqueued    references: Soft: 0, Weak: 0, Final: 0, Phantom: 3
[6.067s][info][gc          ] GC(2) Concurrent weak references 0.090ms
[6.068s][info][gc,start    ] GC(2) Concurrent weak roots
[6.068s][info][gc,task     ] GC(2) Using 1 of 3 workers for concurrent weak root
[6.069s][info][gc          ] GC(2) Concurrent weak roots 1.067ms
[6.069s][info][gc,start    ] GC(2) Concurrent cleanup
[6.069s][info][gc          ] GC(2) Concurrent cleanup 2058M->118M(8192M) 0.074ms
[6.069s][info][gc,ergo     ] GC(2) Free: 7661M, Max: 4096K regular, 5772M humongous, Frag: 25% external, 0% internal; Reserve: 412M, Max: 4096K
[6.069s][info][gc,start    ] GC(2) Concurrent class unloading
[6.069s][info][gc,task     ] GC(2) Using 1 of 3 workers for concurrent class unloading
[6.073s][info][gc          ] GC(2) Concurrent class unloading 4.698ms
[6.074s][info][gc,start    ] GC(2) Pause Final Roots
[6.074s][info][gc          ] GC(2) Pause Final Roots 0.028ms
[6.074s][info][gc,ergo     ] Free: 7661M, Max: 4096K regular, 5772M humongous, Frag: 25% external, 0% internal; Reserve: 412M, Max: 4096K
[6.074s][info][gc,stats    ] 
[6.074s][info][gc,stats    ] All times are wall-clock times, except per-root-class counters, that are sum over
[6.074s][info][gc,stats    ] all workers. Dividing the <total> over the root stage time estimates parallelism.
[6.074s][info][gc,stats    ] 
[6.074s][info][gc,stats    ] Concurrent Reset                   1982 us
[6.074s][info][gc,stats    ] Pause Init Mark (G)                1642 us
[6.074s][info][gc,stats    ] Pause Init Mark (N)                 120 us
[6.074s][info][gc,stats    ]   Update Region States               33 us
[6.074s][info][gc,stats    ] Concurrent Mark Roots               573 us, parallelism: 0.76x
[6.074s][info][gc,stats    ]   CMR: <total>                      436 us
[6.074s][info][gc,stats    ]   CMR: Thread Roots                 391 us, workers (us): 391, ---, ---, 
[6.074s][info][gc,stats    ]   CMR: VM Strong Roots                5 us, workers (us):   5, ---, ---, 
[6.074s][info][gc,stats    ]   CMR: CLDG Roots                    40 us, workers (us):  40, ---, ---, 
[6.074s][info][gc,stats    ] Concurrent Marking                 4652 us
[6.074s][info][gc,stats    ] Pause Final Mark (G)               1559 us
[6.074s][info][gc,stats    ] Pause Final Mark (N)                225 us
[6.074s][info][gc,stats    ]   Finish Mark                        44 us
[6.074s][info][gc,stats    ]   Update Region States               35 us
[6.074s][info][gc,stats    ]   Choose Collection Set              73 us
[6.074s][info][gc,stats    ]   Rebuild Free Set                   10 us
[6.074s][info][gc,stats    ] Concurrent Weak References           98 us, parallelism: 0.12x
[6.074s][info][gc,stats    ]   CWRF: <total>                      12 us
[6.074s][info][gc,stats    ]   CWRF: Weak References              12 us, workers (us):  12, ---, ---, 
[6.074s][info][gc,stats    ] Concurrent Weak Roots              1096 us
[6.074s][info][gc,stats    ]   Roots                             988 us, parallelism: 0.95x
[6.074s][info][gc,stats    ]     CWR: <total>                    943 us
[6.074s][info][gc,stats    ]     CWR: Code Cache Roots           854 us, workers (us): 854, ---, ---, 
[6.074s][info][gc,stats    ]     CWR: VM Weak Roots               82 us, workers (us):  82, ---, ---, 
[6.074s][info][gc,stats    ]     CWR: CLDG Roots                   6 us, workers (us):   6, ---, ---, 
[6.074s][info][gc,stats    ]   Rendezvous                         60 us
[6.074s][info][gc,stats    ] Concurrent Cleanup                   85 us
[6.074s][info][gc,stats    ] Concurrent Class Unloading         4732 us
[6.074s][info][gc,stats    ]   Unlink Stale                     4146 us
[6.074s][info][gc,stats    ]     System Dictionary                 6 us
[6.074s][info][gc,stats    ]     Weak Class Links                  0 us
[6.074s][info][gc,stats    ]     Code Roots                     4139 us
[6.074s][info][gc,stats    ]   Rendezvous                        257 us
[6.074s][info][gc,stats    ]   Purge Unlinked                    271 us
[6.074s][info][gc,stats    ]     Code Roots                      265 us
[6.074s][info][gc,stats    ]     CLDG                              5 us
[6.074s][info][gc,stats    ]     Exception Caches                  0 us
[6.074s][info][gc,stats    ] Pause Final Roots (G)               236 us
[6.074s][info][gc,stats    ] Pause Final Roots (N)                37 us
[6.074s][info][gc,stats    ] 
[6.074s][info][gc,stats    ] Allocation pacing accrued:
[6.074s][info][gc,stats    ]       0 of  2052 ms (  0.0%): <total>
[6.074s][info][gc,stats    ]       0 of  2052 ms (  0.0%): <average total>
[6.074s][info][gc,stats    ] 
[6.074s][info][gc,metaspace] Metaspace: 8032K(8256K)->8032K(8256K) NonClass: 7076K(7232K)->7076K(7232K) Class: 955K(1024K)->955K(1024K)
[6.074s][info][gc,ergo     ] Pacer for Idle. Initial: 163M, Alloc Tax Rate: 1.0x
[7.058s][info][gc          ] Trigger: Explicit GC request (System.gc())
[7.059s][info][gc,ergo     ] Free: 6781M, Max: 4096K regular, 5772M humongous, Frag: 15% external, 0% internal; Reserve: 412M, Max: 4096K
[7.059s][info][gc,start    ] GC(3) Concurrent reset
[7.059s][info][gc,task     ] GC(3) Using 1 of 3 workers for concurrent reset
[7.059s][info][gc,ergo     ] GC(3) Pacer for Reset. Non-Taxable: 8192M
[7.060s][info][gc          ] GC(3) Concurrent reset 0.970ms
[7.060s][info][gc,start    ] GC(3) Pause Init Mark (unload classes)
[7.060s][info][gc,task     ] GC(3) Using 3 of 3 workers for init marking
[7.060s][info][gc,ref      ] GC(3) Clearing All SoftReferences
[7.060s][info][gc,ergo     ] GC(3) Pacer for Mark. Expected Live: 4006K, Free: 6781M, Non-Taxable: 678M, Alloc Tax Rate: 0.0x
[7.060s][info][gc          ] GC(3) Pause Init Mark (unload classes) 0.116ms
[7.060s][info][gc,start    ] GC(3) Concurrent marking roots
[7.060s][info][gc,task     ] GC(3) Using 1 of 3 workers for concurrent marking roots
[7.060s][info][gc          ] GC(3) Concurrent marking roots 0.484ms
[7.060s][info][gc,start    ] GC(3) Concurrent marking (unload classes)
[7.060s][info][gc,task     ] GC(3) Using 1 of 3 workers for concurrent marking
[7.064s][info][gc          ] GC(3) Concurrent marking (unload classes) 3.600ms
[7.064s][info][gc,start    ] GC(3) Pause Final Mark (unload classes)
[7.064s][info][gc,task     ] GC(3) Using 3 of 3 workers for final marking
[7.064s][info][gc,ergo     ] GC(3) Adaptive CSet Selection. Target Free: 1160M, Actual Free: 8003M, Max CSet: 341M, Min Garbage: 0B
[7.064s][info][gc,ergo     ] GC(3) Collectable Garbage: 993M (99%), Immediate: 811M (81%), CSet: 182M (18%)
[7.064s][info][gc,ergo     ] GC(3) Pacer for Evacuation. Used CSet: 182M, Free: 7592M, Non-Taxable: 759M, Alloc Tax Rate: 1.1x
[7.064s][info][gc          ] GC(3) Pause Final Mark (unload classes) 0.309ms
[7.064s][info][gc,start    ] GC(3) Concurrent thread roots
[7.064s][info][gc,task     ] GC(3) Using 1 of 3 workers for Concurrent thread roots
[7.065s][info][gc          ] GC(3) Concurrent thread roots 0.256ms
[7.065s][info][gc,start    ] GC(3) Concurrent weak references
[7.065s][info][gc,task     ] GC(3) Using 1 of 3 workers for concurrent weak references
[7.065s][info][gc,ref      ] GC(3) Encountered references: Soft: 105, Weak: 351, Final: 3, Phantom: 44
[7.065s][info][gc,ref      ] GC(3) Discovered  references: Soft: 72, Weak: 139, Final: 1, Phantom: 36
[7.065s][info][gc,ref      ] GC(3) Enqueued    references: Soft: 30, Weak: 2, Final: 0, Phantom: 3
[7.065s][info][gc          ] GC(3) Concurrent weak references 0.075ms
[7.065s][info][gc,start    ] GC(3) Concurrent weak roots
[7.065s][info][gc,task     ] GC(3) Using 1 of 3 workers for concurrent weak root
[7.066s][info][gc          ] GC(3) Concurrent weak roots 1.094ms
[7.066s][info][gc,start    ] GC(3) Concurrent cleanup
[7.066s][info][gc          ] GC(3) Concurrent cleanup 998M->186M(8192M) 0.037ms
[7.066s][info][gc,ergo     ] GC(3) Free: 7592M, Max: 4096K regular, 5796M humongous, Frag: 24% external, 0% internal; Reserve: 411M, Max: 4096K
[7.066s][info][gc,start    ] GC(3) Concurrent class unloading
[7.066s][info][gc,task     ] GC(3) Using 1 of 3 workers for concurrent class unloading
[7.072s][info][gc          ] GC(3) Concurrent class unloading 5.995ms
[7.072s][info][gc,start    ] GC(3) Concurrent strong roots
[7.072s][info][gc,task     ] GC(3) Using 1 of 3 workers for concurrent strong root
[7.072s][info][gc          ] GC(3) Concurrent strong roots 0.122ms
[7.072s][info][gc,start    ] GC(3) Concurrent evacuation
[7.072s][info][gc,task     ] GC(3) Using 1 of 3 workers for concurrent evacuation
[7.074s][info][gc          ] GC(3) Concurrent evacuation 1.849ms
[7.074s][info][gc,start    ] GC(3) Pause Init Update Refs
[7.074s][info][gc,ergo     ] GC(3) Pacer for Update Refs. Used: 187M, Free: 7592M, Non-Taxable: 759M, Alloc Tax Rate: 1.1x
[7.074s][info][gc          ] GC(3) Pause Init Update Refs 0.058ms
[7.074s][info][gc,start    ] GC(3) Concurrent update references
[7.074s][info][gc,task     ] GC(3) Using 1 of 3 workers for concurrent reference update
[7.076s][info][gc          ] GC(3) Concurrent update references 1.684ms
[7.076s][info][gc,start    ] GC(3) Concurrent update thread roots
[7.076s][info][gc          ] GC(3) Concurrent update thread roots 0.275ms
[7.076s][info][gc,start    ] GC(3) Pause Final Update Refs
[7.076s][info][gc,task     ] GC(3) Using 3 of 3 workers for final reference update
[7.076s][info][gc          ] GC(3) Pause Final Update Refs 0.124ms
[7.076s][info][gc,start    ] GC(3) Concurrent cleanup
[7.076s][info][gc          ] GC(3) Concurrent cleanup 187M->4M(8192M) 0.037ms
[7.076s][info][gc,ergo     ] Free: 7775M, Max: 4096K regular, 7772M humongous, Frag: 0% external, 0% internal; Reserve: 412M, Max: 4096K
[7.076s][info][gc,stats    ] 
[7.076s][info][gc,stats    ] All times are wall-clock times, except per-root-class counters, that are sum over
[7.076s][info][gc,stats    ] all workers. Dividing the <total> over the root stage time estimates parallelism.
[7.076s][info][gc,stats    ] 
[7.077s][info][gc,stats    ] Concurrent Reset                    996 us
[7.077s][info][gc,stats    ] Pause Init Mark (G)                 274 us
[7.077s][info][gc,stats    ] Pause Init Mark (N)                 124 us
[7.077s][info][gc,stats    ]   Update Region States               33 us
[7.077s][info][gc,stats    ] Concurrent Mark Roots               494 us, parallelism: 0.88x
[7.077s][info][gc,stats    ]   CMR: <total>                      434 us
[7.077s][info][gc,stats    ]   CMR: Thread Roots                 355 us, workers (us): 355, ---, ---, 
[7.077s][info][gc,stats    ]   CMR: VM Strong Roots                5 us, workers (us):   5, ---, ---, 
[7.077s][info][gc,stats    ]   CMR: CLDG Roots                    74 us, workers (us):  74, ---, ---, 
[7.077s][info][gc,stats    ] Concurrent Marking                 3666 us
[7.077s][info][gc,stats    ] Pause Final Mark (G)                372 us
[7.077s][info][gc,stats    ] Pause Final Mark (N)                317 us
[7.077s][info][gc,stats    ]   Finish Mark                        37 us
[7.077s][info][gc,stats    ]   Update Region States               32 us
[7.077s][info][gc,stats    ]   Choose Collection Set             163 us
[7.077s][info][gc,stats    ]   Rebuild Free Set                    9 us
[7.077s][info][gc,stats    ] Concurrent Thread Roots             264 us, parallelism: 0.82x
[7.077s][info][gc,stats    ]   CTR: <total>                      218 us
[7.077s][info][gc,stats    ]   CTR: Thread Roots                 218 us, workers (us): 218, ---, ---, 
[7.077s][info][gc,stats    ] Concurrent Weak References           83 us, parallelism: 0.22x
[7.077s][info][gc,stats    ]   CWRF: <total>                      18 us
[7.077s][info][gc,stats    ]   CWRF: Weak References              18 us, workers (us):  18, ---, ---, 
[7.077s][info][gc,stats    ] Concurrent Weak Roots              1135 us
[7.077s][info][gc,stats    ]   Roots                            1022 us, parallelism: 0.96x
[7.077s][info][gc,stats    ]     CWR: <total>                    982 us
[7.077s][info][gc,stats    ]     CWR: Code Cache Roots           850 us, workers (us): 850, ---, ---, 
[7.077s][info][gc,stats    ]     CWR: VM Weak Roots              129 us, workers (us): 129, ---, ---, 
[7.077s][info][gc,stats    ]     CWR: CLDG Roots                   4 us, workers (us):   4, ---, ---, 
[7.077s][info][gc,stats    ]   Rendezvous                         54 us
[7.077s][info][gc,stats    ] Concurrent Cleanup                   45 us
[7.077s][info][gc,stats    ] Concurrent Class Unloading         6056 us
[7.077s][info][gc,stats    ]   Unlink Stale                     5763 us
[7.077s][info][gc,stats    ]     System Dictionary                78 us
[7.077s][info][gc,stats    ]     Weak Class Links               1851 us
[7.077s][info][gc,stats    ]     Code Roots                     3832 us
[7.077s][info][gc,stats    ]   Rendezvous                         64 us
[7.077s][info][gc,stats    ]   Purge Unlinked                    146 us
[7.077s][info][gc,stats    ]     Code Roots                      120 us
[7.077s][info][gc,stats    ]     CLDG                             25 us
[7.077s][info][gc,stats    ]     Exception Caches                  0 us
[7.077s][info][gc,stats    ] Concurrent Strong Roots             141 us, parallelism: 0.37x
[7.077s][info][gc,stats    ]   CSR: <total>                       53 us
[7.077s][info][gc,stats    ]   CSR: VM Strong Roots                3 us, workers (us):   3, ---, ---, 
[7.077s][info][gc,stats    ]   CSR: CLDG Roots                    50 us, workers (us):  50, ---, ---, 
[7.077s][info][gc,stats    ] Concurrent Evacuation              1880 us
[7.077s][info][gc,stats    ] Pause Init Update Refs (G)          146 us
[7.077s][info][gc,stats    ] Pause Init Update Refs (N)           67 us
[7.077s][info][gc,stats    ]   Manage GCLABs                       3 us
[7.077s][info][gc,stats    ] Concurrent Update Refs             1710 us
[7.077s][info][gc,stats    ] Concurrent Update Thread Roots      283 us
[7.077s][info][gc,stats    ] Pause Final Update Refs (G)         171 us
[7.077s][info][gc,stats    ] Pause Final Update Refs (N)         136 us
[7.077s][info][gc,stats    ]   Update Region States               45 us
[7.077s][info][gc,stats    ]   Trash Collection Set                4 us
[7.077s][info][gc,stats    ]   Rebuild Free Set                   16 us
[7.077s][info][gc,stats    ] Concurrent Cleanup                   55 us
[7.077s][info][gc,stats    ] 
[7.077s][info][gc,stats    ] Allocation pacing accrued:
[7.077s][info][gc,stats    ]       0 of  1003 ms (  0.0%): <total>
[7.077s][info][gc,stats    ]       0 of  1003 ms (  0.0%): <average total>
[7.077s][info][gc,stats    ] 
[7.077s][info][gc,metaspace] Metaspace: 8135K(8320K)->8133K(8320K) NonClass: 7170K(7296K)->7169K(7296K) Class: 964K(1024K)->964K(1024K)
[7.077s][info][gc,ergo     ] Pacer for Idle. Initial: 163M, Alloc Tax Rate: 1.0x
[8.685s][info][gc          ] Trigger: Learning 2 of 5. Free (5727M) is below initial threshold (5734M)
[8.685s][info][gc,ergo     ] Free: 5727M, Max: 4096K regular, 5724M humongous, Frag: 0% external, 0% internal; Reserve: 412M, Max: 4096K
[8.685s][info][gc,start    ] GC(4) Concurrent reset
[8.685s][info][gc,task     ] GC(4) Using 1 of 3 workers for concurrent reset
[8.685s][info][gc,ergo     ] GC(4) Pacer for Reset. Non-Taxable: 8192M
[8.686s][info][gc          ] GC(4) Concurrent reset 0.897ms
[8.686s][info][gc,start    ] GC(4) Pause Init Mark (unload classes)
[8.686s][info][gc,task     ] GC(4) Using 3 of 3 workers for init marking
[8.686s][info][gc,ergo     ] GC(4) Pacer for Mark. Expected Live: 3889K, Free: 5727M, Non-Taxable: 572M, Alloc Tax Rate: 0.0x
[8.686s][info][gc          ] GC(4) Pause Init Mark (unload classes) 0.107ms
[8.687s][info][gc,start    ] GC(4) Concurrent marking roots
[8.687s][info][gc,task     ] GC(4) Using 1 of 3 workers for concurrent marking roots
[8.687s][info][gc          ] GC(4) Concurrent marking roots 0.574ms
[8.687s][info][gc,start    ] GC(4) Concurrent marking (unload classes)
[8.687s][info][gc,task     ] GC(4) Using 1 of 3 workers for concurrent marking
[8.696s][info][gc          ] GC(4) Concurrent marking (unload classes) 8.141ms
[8.696s][info][gc,start    ] GC(4) Pause Final Mark (unload classes)
[8.696s][info][gc,task     ] GC(4) Using 3 of 3 workers for final marking
[8.696s][info][gc,ergo     ] GC(4) Adaptive CSet Selection. Target Free: 1160M, Actual Free: 7948M, Max CSet: 341M, Min Garbage: 0B
[8.696s][info][gc,ergo     ] GC(4) Collectable Garbage: 2046M (99%), Immediate: 1836M (89%), CSet: 210M (10%)
[8.696s][info][gc,ergo     ] GC(4) Pacer for Evacuation. Used CSet: 212M, Free: 7539M, Non-Taxable: 753M, Alloc Tax Rate: 1.1x
[8.696s][info][gc          ] GC(4) Pause Final Mark (unload classes) 0.274ms
[8.696s][info][gc,start    ] GC(4) Concurrent thread roots
[8.696s][info][gc,task     ] GC(4) Using 1 of 3 workers for Concurrent thread roots
[8.698s][info][gc          ] GC(4) Concurrent thread roots 2.329ms
[8.699s][info][gc,start    ] GC(4) Concurrent weak references
[8.699s][info][gc,task     ] GC(4) Using 1 of 3 workers for concurrent weak references
[8.699s][info][gc,ref      ] GC(4) Encountered references: Soft: 81, Weak: 360, Final: 3, Phantom: 49
[8.699s][info][gc,ref      ] GC(4) Discovered  references: Soft: 0, Weak: 125, Final: 1, Phantom: 34
[8.699s][info][gc,ref      ] GC(4) Enqueued    references: Soft: 0, Weak: 0, Final: 0, Phantom: 0
[8.699s][info][gc          ] GC(4) Concurrent weak references 0.082ms
[8.699s][info][gc,start    ] GC(4) Concurrent weak roots
[8.699s][info][gc,task     ] GC(4) Using 1 of 3 workers for concurrent weak root
[8.700s][info][gc          ] GC(4) Concurrent weak roots 1.030ms
[8.700s][info][gc,start    ] GC(4) Concurrent cleanup
[8.700s][info][gc          ] GC(4) Concurrent cleanup 2100M->264M(8192M) 0.044ms
[8.700s][info][gc,ergo     ] GC(4) Free: 7515M, Max: 4096K regular, 5676M humongous, Frag: 25% external, 0% internal; Reserve: 411M, Max: 4096K
[8.700s][info][gc,start    ] GC(4) Concurrent class unloading
[8.700s][info][gc,task     ] GC(4) Using 1 of 3 workers for concurrent class unloading
[8.714s][info][gc          ] GC(4) Concurrent class unloading 13.912ms
[8.714s][info][gc,start    ] GC(4) Concurrent strong roots
[8.714s][info][gc,task     ] GC(4) Using 1 of 3 workers for concurrent strong root
[8.714s][info][gc          ] GC(4) Concurrent strong roots 0.082ms
[8.714s][info][gc,start    ] GC(4) Concurrent evacuation
[8.714s][info][gc,task     ] GC(4) Using 1 of 3 workers for concurrent evacuation
[8.716s][info][gc          ] GC(4) Concurrent evacuation 1.749ms
[8.716s][info][gc,start    ] GC(4) Pause Init Update Refs
[8.716s][info][gc,ergo     ] GC(4) Pacer for Update Refs. Used: 270M, Free: 7511M, Non-Taxable: 751M, Alloc Tax Rate: 1.1x
[8.716s][info][gc          ] GC(4) Pause Init Update Refs 0.036ms
[8.721s][info][gc,start    ] GC(4) Concurrent update references
[8.722s][info][gc,task     ] GC(4) Using 1 of 3 workers for concurrent reference update
[8.726s][info][gc          ] GC(4) Concurrent update references 4.407ms
[8.726s][info][gc,start    ] GC(4) Concurrent update thread roots
[8.728s][info][gc          ] GC(4) Concurrent update thread roots 2.343ms
[8.728s][info][gc,start    ] GC(4) Pause Final Update Refs
[8.728s][info][gc,task     ] GC(4) Using 3 of 3 workers for final reference update
[8.728s][info][gc          ] GC(4) Pause Final Update Refs 0.107ms
[8.729s][info][gc,start    ] GC(4) Concurrent cleanup
[8.729s][info][gc          ] GC(4) Concurrent cleanup 278M->66M(8192M) 0.071ms
[8.729s][info][gc,ergo     ] Free: 7713M, Max: 4096K regular, 5672M humongous, Frag: 27% external, 0% internal; Reserve: 412M, Max: 4096K
[8.729s][info][gc,stats    ] 
[8.729s][info][gc,stats    ] All times are wall-clock times, except per-root-class counters, that are sum over
[8.729s][info][gc,stats    ] all workers. Dividing the <total> over the root stage time estimates parallelism.
[8.729s][info][gc,stats    ] 
[8.729s][info][gc,stats    ] Concurrent Reset                    928 us
[8.729s][info][gc,stats    ] Pause Init Mark (G)                 717 us
[8.729s][info][gc,stats    ] Pause Init Mark (N)                 119 us
[8.729s][info][gc,stats    ]   Update Region States               30 us
[8.729s][info][gc,stats    ] Concurrent Mark Roots               607 us, parallelism: 0.77x
[8.729s][info][gc,stats    ]   CMR: <total>                      469 us
[8.729s][info][gc,stats    ]   CMR: Thread Roots                 431 us, workers (us): 431, ---, ---, 
[8.729s][info][gc,stats    ]   CMR: VM Strong Roots                4 us, workers (us):   4, ---, ---, 
[8.729s][info][gc,stats    ]   CMR: CLDG Roots                    34 us, workers (us):  34, ---, ---, 
[8.729s][info][gc,stats    ] Concurrent Marking                 8186 us
[8.729s][info][gc,stats    ] Pause Final Mark (G)                488 us
[8.729s][info][gc,stats    ] Pause Final Mark (N)                299 us
[8.729s][info][gc,stats    ]   Finish Mark                        42 us
[8.729s][info][gc,stats    ]   Update Region States               34 us
[8.729s][info][gc,stats    ]   Choose Collection Set              53 us
[8.729s][info][gc,stats    ]   Rebuild Free Set                    8 us
[8.729s][info][gc,stats    ] Concurrent Thread Roots            2366 us, parallelism: 0.95x
[8.729s][info][gc,stats    ]   CTR: <total>                     2260 us
[8.729s][info][gc,stats    ]   CTR: Thread Roots                2260 us, workers (us): 2260, ---, ---, 
[8.729s][info][gc,stats    ] Concurrent Weak References           90 us, parallelism: 0.19x
[8.729s][info][gc,stats    ]   CWRF: <total>                      17 us
[8.729s][info][gc,stats    ]   CWRF: Weak References              17 us, workers (us):  17, ---, ---, 
[8.729s][info][gc,stats    ] Concurrent Weak Roots              1063 us
[8.729s][info][gc,stats    ]   Roots                             949 us, parallelism: 0.96x
[8.729s][info][gc,stats    ]     CWR: <total>                    907 us
[8.730s][info][gc,stats    ]     CWR: Code Cache Roots           792 us, workers (us): 792, ---, ---, 
[8.730s][info][gc,stats    ]     CWR: VM Weak Roots              110 us, workers (us): 110, ---, ---, 
[8.730s][info][gc,stats    ]     CWR: CLDG Roots                   5 us, workers (us):   5, ---, ---, 
[8.730s][info][gc,stats    ]   Rendezvous                         61 us
[8.730s][info][gc,stats    ] Concurrent Cleanup                   54 us
[8.730s][info][gc,stats    ] Concurrent Class Unloading        13947 us
[8.730s][info][gc,stats    ]   Unlink Stale                     3137 us
[8.730s][info][gc,stats    ]     System Dictionary                 6 us
[8.730s][info][gc,stats    ]     Weak Class Links                  0 us
[8.730s][info][gc,stats    ]     Code Roots                     3129 us
[8.730s][info][gc,stats    ]   Rendezvous                      10471 us
[8.730s][info][gc,stats    ]   Purge Unlinked                    282 us
[8.730s][info][gc,stats    ]     Code Roots                      277 us
[8.730s][info][gc,stats    ]     CLDG                              5 us
[8.730s][info][gc,stats    ]     Exception Caches                  0 us
[8.730s][info][gc,stats    ] Concurrent Strong Roots              94 us, parallelism: 0.34x
[8.730s][info][gc,stats    ]   CSR: <total>                       32 us
[8.730s][info][gc,stats    ]   CSR: VM Strong Roots                3 us, workers (us):   3, ---, ---, 
[8.730s][info][gc,stats    ]   CSR: CLDG Roots                    29 us, workers (us):  29, ---, ---, 
[8.730s][info][gc,stats    ] Concurrent Evacuation              1787 us
[8.730s][info][gc,stats    ] Pause Init Update Refs (G)         5914 us
[8.730s][info][gc,stats    ] Pause Init Update Refs (N)           44 us
[8.730s][info][gc,stats    ]   Manage GCLABs                       6 us
[8.730s][info][gc,stats    ] Concurrent Update Refs             4446 us
[8.730s][info][gc,stats    ] Concurrent Update Thread Roots     2379 us
[8.730s][info][gc,stats    ] Pause Final Update Refs (G)         820 us
[8.730s][info][gc,stats    ] Pause Final Update Refs (N)         120 us
[8.730s][info][gc,stats    ]   Update Region States               41 us
[8.730s][info][gc,stats    ]   Trash Collection Set                5 us
[8.730s][info][gc,stats    ]   Rebuild Free Set                   18 us
[8.730s][info][gc,stats    ] Concurrent Cleanup                   83 us
[8.730s][info][gc,stats    ] 
[8.730s][info][gc,stats    ] Allocation pacing accrued:
[8.730s][info][gc,stats    ]       0 of  1652 ms (  0.0%): <total>
[8.730s][info][gc,stats    ]       0 of  1652 ms (  0.0%): <average total>
[8.730s][info][gc,stats    ] 
[8.730s][info][gc,metaspace] Metaspace: 8137K(8320K)->8137K(8320K) NonClass: 7172K(7296K)->7172K(7296K) Class: 965K(1024K)->965K(1024K)
[8.730s][info][gc,ergo     ] Pacer for Idle. Initial: 163M, Alloc Tax Rate: 1.0x
[10.001s][info][gc          ] Trigger: Learning 3 of 5. Free (5725M) is below initial threshold (5734M)
[10.001s][info][gc,ergo     ] Free: 5725M, Max: 4096K regular, 5672M humongous, Frag: 1% external, 0% internal; Reserve: 412M, Max: 4096K
[10.001s][info][gc,start    ] GC(5) Concurrent reset
[10.001s][info][gc,task     ] GC(5) Using 1 of 3 workers for concurrent reset
[10.001s][info][gc,ergo     ] GC(5) Pacer for Reset. Non-Taxable: 8192M
[10.002s][info][gc          ] GC(5) Concurrent reset 1.131ms
[10.002s][info][gc,start    ] GC(5) Pause Init Mark (unload classes)
[10.002s][info][gc,task     ] GC(5) Using 3 of 3 workers for init marking
[10.002s][info][gc,ergo     ] GC(5) Pacer for Mark. Expected Live: 4045K, Free: 5721M, Non-Taxable: 572M, Alloc Tax Rate: 0.0x
[10.002s][info][gc          ] GC(5) Pause Init Mark (unload classes) 0.159ms
[10.007s][info][gc,start    ] GC(5) Concurrent marking roots
[10.007s][info][gc,task     ] GC(5) Using 1 of 3 workers for concurrent marking roots
[10.007s][info][gc          ] GC(5) Concurrent marking roots 0.458ms
[10.007s][info][gc,start    ] GC(5) Concurrent marking (unload classes)
[10.007s][info][gc,task     ] GC(5) Using 1 of 3 workers for concurrent marking
[10.021s][info][gc          ] GC(5) Concurrent marking (unload classes) 13.564ms
[10.021s][info][gc,start    ] GC(5) Pause Final Mark (unload classes)
[10.021s][info][gc,task     ] GC(5) Using 3 of 3 workers for final marking
[10.021s][info][gc,ergo     ] GC(5) Collectable Garbage: 1939M (94%), Immediate: 1939M (94%), CSet: 0B (0%)
[10.021s][info][gc          ] GC(5) Pause Final Mark (unload classes) 0.194ms
[10.023s][info][gc,start    ] GC(5) Concurrent weak references
[10.023s][info][gc,task     ] GC(5) Using 1 of 3 workers for concurrent weak references
[10.024s][info][gc,ref      ] GC(5) Encountered references: Soft: 81, Weak: 360, Final: 3, Phantom: 49
[10.024s][info][gc,ref      ] GC(5) Discovered  references: Soft: 0, Weak: 125, Final: 1, Phantom: 33
[10.024s][info][gc,ref      ] GC(5) Enqueued    references: Soft: 0, Weak: 0, Final: 0, Phantom: 0
[10.024s][info][gc          ] GC(5) Concurrent weak references 0.111ms
[10.024s][info][gc,start    ] GC(5) Concurrent weak roots
[10.024s][info][gc,task     ] GC(5) Using 1 of 3 workers for concurrent weak root
[10.031s][info][gc          ] GC(5) Concurrent weak roots 7.059ms
[10.031s][info][gc,start    ] GC(5) Concurrent cleanup
[10.031s][info][gc          ] GC(5) Concurrent cleanup 2118M->178M(8192M) 0.048ms
[10.031s][info][gc,ergo     ] GC(5) Free: 7601M, Max: 4096K regular, 5656M humongous, Frag: 26% external, 0% internal; Reserve: 412M, Max: 4096K
[10.031s][info][gc,start    ] GC(5) Concurrent class unloading
[10.031s][info][gc,task     ] GC(5) Using 1 of 3 workers for concurrent class unloading
[10.035s][info][gc          ] GC(5) Concurrent class unloading 4.676ms
[10.036s][info][gc,start    ] GC(5) Pause Final Roots
[10.036s][info][gc          ] GC(5) Pause Final Roots 0.023ms
[10.038s][info][gc,ergo     ] Free: 7597M, Max: 4096K regular, 5656M humongous, Frag: 26% external, 0% internal; Reserve: 412M, Max: 4096K
[10.038s][info][gc,stats    ] 
[10.038s][info][gc,stats    ] All times are wall-clock times, except per-root-class counters, that are sum over
[10.038s][info][gc,stats    ] all workers. Dividing the <total> over the root stage time estimates parallelism.
[10.038s][info][gc,stats    ] 
[10.038s][info][gc,stats    ] Concurrent Reset                   1168 us
[10.038s][info][gc,stats    ] Pause Init Mark (G)                4324 us
[10.038s][info][gc,stats    ] Pause Init Mark (N)                 170 us
[10.038s][info][gc,stats    ]   Update Region States               52 us
[10.038s][info][gc,stats    ] Concurrent Mark Roots               472 us, parallelism: 0.73x
[10.038s][info][gc,stats    ]   CMR: <total>                      345 us
[10.038s][info][gc,stats    ]   CMR: Thread Roots                 302 us, workers (us): 302, ---, ---, 
[10.038s][info][gc,stats    ]   CMR: VM Strong Roots                5 us, workers (us):   5, ---, ---, 
[10.038s][info][gc,stats    ]   CMR: CLDG Roots                    38 us, workers (us):  38, ---, ---, 
[10.038s][info][gc,stats    ] Concurrent Marking                13602 us
[10.038s][info][gc,stats    ] Pause Final Mark (G)               2768 us
[10.038s][info][gc,stats    ] Pause Final Mark (N)                204 us
[10.038s][info][gc,stats    ]   Finish Mark                        44 us
[10.038s][info][gc,stats    ]   Update Region States               38 us
[10.038s][info][gc,stats    ]   Choose Collection Set              67 us
[10.038s][info][gc,stats    ]   Rebuild Free Set                    8 us
[10.038s][info][gc,stats    ] Concurrent Weak References          120 us, parallelism: 0.11x
[10.038s][info][gc,stats    ]   CWRF: <total>                      13 us
[10.038s][info][gc,stats    ]   CWRF: Weak References              13 us, workers (us):  13, ---, ---, 
[10.038s][info][gc,stats    ] Concurrent Weak Roots              7092 us
[10.038s][info][gc,stats    ]   Roots                            1031 us, parallelism: 0.94x
[10.038s][info][gc,stats    ]     CWR: <total>                    971 us
[10.038s][info][gc,stats    ]     CWR: Code Cache Roots           871 us, workers (us): 871, ---, ---, 
[10.038s][info][gc,stats    ]     CWR: VM Weak Roots               95 us, workers (us):  95, ---, ---, 
[10.038s][info][gc,stats    ]     CWR: CLDG Roots                   5 us, workers (us):   5, ---, ---, 
[10.038s][info][gc,stats    ]   Rendezvous                       6008 us
[10.038s][info][gc,stats    ] Concurrent Cleanup                   58 us
[10.038s][info][gc,stats    ] Concurrent Class Unloading         4709 us
[10.038s][info][gc,stats    ]   Unlink Stale                     3253 us
[10.038s][info][gc,stats    ]     System Dictionary                 6 us
[10.038s][info][gc,stats    ]     Weak Class Links                  0 us
[10.038s][info][gc,stats    ]     Code Roots                     3245 us
[10.038s][info][gc,stats    ]   Rendezvous                        861 us
[10.038s][info][gc,stats    ]   Purge Unlinked                    540 us
[10.038s][info][gc,stats    ]     Code Roots                      533 us
[10.039s][info][gc,stats    ]     CLDG                              6 us
[10.039s][info][gc,stats    ]     Exception Caches                  0 us
[10.039s][info][gc,stats    ] Pause Final Roots (G)              2647 us
[10.039s][info][gc,stats    ] Pause Final Roots (N)                32 us
[10.039s][info][gc,stats    ] 
[10.039s][info][gc,stats    ] Allocation pacing accrued:
[10.039s][info][gc,stats    ]       0 of  1309 ms (  0.0%): <total>
[10.039s][info][gc,stats    ]       0 of  1309 ms (  0.0%): <average total>
[10.039s][info][gc,stats    ] 
[10.039s][info][gc,metaspace] Metaspace: 8137K(8320K)->8137K(8320K) NonClass: 7172K(7296K)->7172K(7296K) Class: 965K(1024K)->965K(1024K)
[10.039s][info][gc,ergo     ] Pacer for Idle. Initial: 163M, Alloc Tax Rate: 1.0x
[10.686s][info][gc          ] Trigger: Explicit GC request (System.gc())
[10.686s][info][gc,ergo     ] Free: 6833M, Max: 4096K regular, 5656M humongous, Frag: 18% external, 0% internal; Reserve: 412M, Max: 4096K
[10.686s][info][gc,start    ] GC(6) Concurrent reset
[10.686s][info][gc,task     ] GC(6) Using 1 of 3 workers for concurrent reset
[10.686s][info][gc,ergo     ] GC(6) Pacer for Reset. Non-Taxable: 8192M
[10.687s][info][gc          ] GC(6) Concurrent reset 1.457ms
[10.687s][info][gc,start    ] GC(6) Pause Init Mark (unload classes)
[10.688s][info][gc,task     ] GC(6) Using 3 of 3 workers for init marking
[10.688s][info][gc,ref      ] GC(6) Clearing All SoftReferences
[10.688s][info][gc,ergo     ] GC(6) Pacer for Mark. Expected Live: 4377K, Free: 6833M, Non-Taxable: 683M, Alloc Tax Rate: 0.0x
[10.688s][info][gc          ] GC(6) Pause Init Mark (unload classes) 0.182ms
[10.688s][info][gc,start    ] GC(6) Concurrent marking roots
[10.688s][info][gc,task     ] GC(6) Using 1 of 3 workers for concurrent marking roots
[10.688s][info][gc          ] GC(6) Concurrent marking roots 0.405ms
[10.688s][info][gc,start    ] GC(6) Concurrent marking (unload classes)
[10.688s][info][gc,task     ] GC(6) Using 1 of 3 workers for concurrent marking
[10.692s][info][gc          ] GC(6) Concurrent marking (unload classes) 4.038ms
[10.692s][info][gc,start    ] GC(6) Pause Final Mark (unload classes)
[10.692s][info][gc,task     ] GC(6) Using 3 of 3 workers for final marking
[10.693s][info][gc,ergo     ] GC(6) Collectable Garbage: 863M (91%), Immediate: 863M (91%), CSet: 0B (0%)
[10.693s][info][gc          ] GC(6) Pause Final Mark (unload classes) 0.365ms
[10.693s][info][gc,start    ] GC(6) Concurrent weak references
[10.693s][info][gc,task     ] GC(6) Using 1 of 3 workers for concurrent weak references
[10.693s][info][gc,ref      ] GC(6) Encountered references: Soft: 80, Weak: 349, Final: 3, Phantom: 47
[10.693s][info][gc,ref      ] GC(6) Discovered  references: Soft: 47, Weak: 140, Final: 1, Phantom: 39
[10.693s][info][gc,ref      ] GC(6) Enqueued    references: Soft: 5, Weak: 0, Final: 0, Phantom: 6
[10.693s][info][gc          ] GC(6) Concurrent weak references 0.217ms
[10.693s][info][gc,start    ] GC(6) Concurrent weak roots
[10.693s][info][gc,task     ] GC(6) Using 1 of 3 workers for concurrent weak root
[10.694s][info][gc          ] GC(6) Concurrent weak roots 1.364ms
[10.694s][info][gc,start    ] GC(6) Concurrent cleanup
[10.694s][info][gc          ] GC(6) Concurrent cleanup 946M->82M(8192M) 0.035ms
[10.694s][info][gc,ergo     ] GC(6) Free: 7697M, Max: 4096K regular, 6040M humongous, Frag: 22% external, 0% internal; Reserve: 412M, Max: 4096K
[10.694s][info][gc,start    ] GC(6) Concurrent class unloading
[10.694s][info][gc,task     ] GC(6) Using 1 of 3 workers for concurrent class unloading
[10.700s][info][gc          ] GC(6) Concurrent class unloading 5.619ms
[10.700s][info][gc,start    ] GC(6) Pause Final Roots
[10.700s][info][gc          ] GC(6) Pause Final Roots 0.072ms
[10.700s][info][gc,ergo     ] Free: 7697M, Max: 4096K regular, 6040M humongous, Frag: 22% external, 0% internal; Reserve: 412M, Max: 4096K
[10.700s][info][gc,stats    ] 
[10.700s][info][gc,stats    ] All times are wall-clock times, except per-root-class counters, that are sum over
[10.700s][info][gc,stats    ] all workers. Dividing the <total> over the root stage time estimates parallelism.
[10.700s][info][gc,stats    ] 
[10.700s][info][gc,stats    ] Concurrent Reset                   1517 us
[10.700s][info][gc,stats    ] Pause Init Mark (G)                 335 us
[10.700s][info][gc,stats    ] Pause Init Mark (N)                 208 us
[10.700s][info][gc,stats    ]   Update Region States               60 us
[10.700s][info][gc,stats    ] Concurrent Mark Roots               443 us, parallelism: 0.62x
[10.701s][info][gc,stats    ]   CMR: <total>                      274 us
[10.701s][info][gc,stats    ]   CMR: Thread Roots                 240 us, workers (us): 240, ---, ---, 
[10.701s][info][gc,stats    ]   CMR: VM Strong Roots                4 us, workers (us):   4, ---, ---, 
[10.701s][info][gc,stats    ]   CMR: CLDG Roots                    30 us, workers (us):  30, ---, ---, 
[10.701s][info][gc,stats    ] Concurrent Marking                 4089 us
[10.701s][info][gc,stats    ] Pause Final Mark (G)                503 us
[10.701s][info][gc,stats    ] Pause Final Mark (N)                385 us
[10.701s][info][gc,stats    ]   Finish Mark                       142 us
[10.701s][info][gc,stats    ]   Update Region States               58 us
[10.701s][info][gc,stats    ]   Choose Collection Set              65 us
[10.701s][info][gc,stats    ]   Rebuild Free Set                   17 us
[10.701s][info][gc,stats    ] Concurrent Weak References          238 us, parallelism: 0.03x
[10.701s][info][gc,stats    ]   CWRF: <total>                       7 us
[10.701s][info][gc,stats    ]   CWRF: Weak References               7 us, workers (us):   7, ---, ---, 
[10.701s][info][gc,stats    ] Concurrent Weak Roots              1409 us
[10.701s][info][gc,stats    ]   Roots                            1262 us, parallelism: 0.94x
[10.701s][info][gc,stats    ]     CWR: <total>                   1192 us
[10.701s][info][gc,stats    ]     CWR: Code Cache Roots          1026 us, workers (us): 1026, ---, ---, 
[10.701s][info][gc,stats    ]     CWR: VM Weak Roots              162 us, workers (us): 162, ---, ---, 
[10.701s][info][gc,stats    ]     CWR: CLDG Roots                   4 us, workers (us):   4, ---, ---, 
[10.701s][info][gc,stats    ]   Rendezvous                         58 us
[10.701s][info][gc,stats    ] Concurrent Cleanup                   44 us
[10.701s][info][gc,stats    ] Concurrent Class Unloading         5686 us
[10.701s][info][gc,stats    ]   Unlink Stale                     5084 us
[10.701s][info][gc,stats    ]     System Dictionary                67 us
[10.701s][info][gc,stats    ]     Weak Class Links               1966 us
[10.701s][info][gc,stats    ]     Code Roots                     3049 us
[10.701s][info][gc,stats    ]   Rendezvous                        191 us
[10.701s][info][gc,stats    ]   Purge Unlinked                    321 us
[10.701s][info][gc,stats    ]     Code Roots                      290 us
[10.701s][info][gc,stats    ]     CLDG                             31 us
[10.701s][info][gc,stats    ]     Exception Caches                  0 us
[10.701s][info][gc,stats    ] Pause Final Roots (G)               210 us
[10.701s][info][gc,stats    ] Pause Final Roots (N)                96 us
[10.701s][info][gc,stats    ] 
[10.701s][info][gc,stats    ] Allocation pacing accrued:
[10.701s][info][gc,stats    ]       0 of   662 ms (  0.0%): <total>
[10.701s][info][gc,stats    ]       0 of   662 ms (  0.0%): <average total>
[10.701s][info][gc,stats    ] 
[10.701s][info][gc,metaspace] Metaspace: 8138K(8320K)->8136K(8320K) NonClass: 7173K(7296K)->7171K(7296K) Class: 965K(1024K)->964K(1024K)
[10.701s][info][gc,ergo     ] Pacer for Idle. Initial: 163M, Alloc Tax Rate: 1.0x
[11.739s][info][gc          ] Trigger: Learning 2 of 5. Free (5733M) is below initial threshold (5734M)
[11.739s][info][gc,ergo     ] Free: 5733M, Max: 4096K regular, 5728M humongous, Frag: 0% external, 0% internal; Reserve: 412M, Max: 4096K
[11.739s][info][gc,start    ] GC(7) Concurrent reset
[11.739s][info][gc,task     ] GC(7) Using 1 of 3 workers for concurrent reset
[11.739s][info][gc,ergo     ] GC(7) Pacer for Reset. Non-Taxable: 8192M
[11.740s][info][gc          ] GC(7) Concurrent reset 0.563ms
[11.740s][info][gc,start    ] GC(7) Pause Init Mark (unload classes)
[11.740s][info][gc,task     ] GC(7) Using 3 of 3 workers for init marking
[11.740s][info][gc,ergo     ] GC(7) Pacer for Mark. Expected Live: 4125K, Free: 5729M, Non-Taxable: 572M, Alloc Tax Rate: 0.0x
[11.740s][info][gc          ] GC(7) Pause Init Mark (unload classes) 0.096ms
[11.746s][info][gc,start    ] GC(7) Concurrent marking roots
[11.746s][info][gc,task     ] GC(7) Using 1 of 3 workers for concurrent marking roots
[11.746s][info][gc          ] GC(7) Concurrent marking roots 0.419ms
[11.746s][info][gc,start    ] GC(7) Concurrent marking (unload classes)
[11.746s][info][gc,task     ] GC(7) Using 1 of 3 workers for concurrent marking
[11.751s][info][gc          ] GC(7) Concurrent marking (unload classes) 5.199ms
[11.751s][info][gc,start    ] GC(7) Pause Final Mark (unload classes)
[11.752s][info][gc,task     ] GC(7) Using 3 of 3 workers for final marking
[11.752s][info][gc,ergo     ] GC(7) Adaptive CSet Selection. Target Free: 1160M, Actual Free: 7920M, Max CSet: 341M, Min Garbage: 0B
[11.752s][info][gc,ergo     ] GC(7) Collectable Garbage: 2044M (99%), Immediate: 1808M (88%), CSet: 236M (11%)
[11.752s][info][gc,ergo     ] GC(7) Pacer for Evacuation. Used CSet: 238M, Free: 7511M, Non-Taxable: 751M, Alloc Tax Rate: 1.1x
[11.752s][info][gc          ] GC(7) Pause Final Mark (unload classes) 0.182ms
[11.753s][info][gc,start    ] GC(7) Concurrent thread roots
[11.753s][info][gc,task     ] GC(7) Using 1 of 3 workers for Concurrent thread roots
[11.754s][info][gc          ] GC(7) Concurrent thread roots 0.497ms
[11.754s][info][gc,start    ] GC(7) Concurrent weak references
[11.754s][info][gc,task     ] GC(7) Using 1 of 3 workers for concurrent weak references
[11.754s][info][gc,ref      ] GC(7) Encountered references: Soft: 83, Weak: 363, Final: 3, Phantom: 49
[11.754s][info][gc,ref      ] GC(7) Discovered  references: Soft: 0, Weak: 125, Final: 1, Phantom: 34
[11.754s][info][gc,ref      ] GC(7) Enqueued    references: Soft: 0, Weak: 0, Final: 0, Phantom: 0
[11.754s][info][gc          ] GC(7) Concurrent weak references 0.085ms
[11.754s][info][gc,start    ] GC(7) Concurrent weak roots
[11.754s][info][gc,task     ] GC(7) Using 1 of 3 workers for concurrent weak root
[11.755s][info][gc          ] GC(7) Concurrent weak roots 1.380ms
[11.755s][info][gc,start    ] GC(7) Concurrent cleanup
[11.755s][info][gc          ] GC(7) Concurrent cleanup 2098M->290M(8192M) 0.045ms
[11.755s][info][gc,ergo     ] GC(7) Free: 7487M, Max: 4096K regular, 5676M humongous, Frag: 25% external, 0% internal; Reserve: 411M, Max: 4096K
[11.755s][info][gc,start    ] GC(7) Concurrent class unloading
[11.755s][info][gc,task     ] GC(7) Using 1 of 3 workers for concurrent class unloading
[11.759s][info][gc          ] GC(7) Concurrent class unloading 3.328ms
[11.759s][info][gc,start    ] GC(7) Concurrent strong roots
[11.759s][info][gc,task     ] GC(7) Using 1 of 3 workers for concurrent strong root
[11.759s][info][gc          ] GC(7) Concurrent strong roots 0.073ms
[11.759s][info][gc,start    ] GC(7) Concurrent evacuation
[11.759s][info][gc,task     ] GC(7) Using 1 of 3 workers for concurrent evacuation
[11.761s][info][gc          ] GC(7) Concurrent evacuation 1.736ms
[11.761s][info][gc,start    ] GC(7) Pause Init Update Refs
[11.761s][info][gc,ergo     ] GC(7) Pacer for Update Refs. Used: 292M, Free: 7487M, Non-Taxable: 748M, Alloc Tax Rate: 1.1x
[11.761s][info][gc          ] GC(7) Pause Init Update Refs 0.051ms
[11.763s][info][gc,start    ] GC(7) Concurrent update references
[11.763s][info][gc,task     ] GC(7) Using 1 of 3 workers for concurrent reference update
[11.770s][info][gc          ] GC(7) Concurrent update references 6.703ms
[11.770s][info][gc,start    ] GC(7) Concurrent update thread roots
[11.774s][info][gc          ] GC(7) Concurrent update thread roots 4.339ms
[11.774s][info][gc,start    ] GC(7) Pause Final Update Refs
[11.774s][info][gc,task     ] GC(7) Using 3 of 3 workers for final reference update
[11.774s][info][gc          ] GC(7) Pause Final Update Refs 0.113ms
[11.783s][info][gc,start    ] GC(7) Concurrent cleanup
[11.783s][info][gc          ] GC(7) Concurrent cleanup 312M->86M(8192M) 0.068ms
[11.783s][info][gc,ergo     ] Free: 7693M, Max: 4096K regular, 5676M humongous, Frag: 27% external, 0% internal; Reserve: 412M, Max: 4096K
[11.783s][info][gc,stats    ] 
[11.783s][info][gc,stats    ] All times are wall-clock times, except per-root-class counters, that are sum over
[11.783s][info][gc,stats    ] all workers. Dividing the <total> over the root stage time estimates parallelism.
[11.783s][info][gc,stats    ] 
[11.783s][info][gc,stats    ] Concurrent Reset                    601 us
[11.783s][info][gc,stats    ] Pause Init Mark (G)                5968 us
[11.783s][info][gc,stats    ] Pause Init Mark (N)                 106 us
[11.783s][info][gc,stats    ]   Update Region States               28 us
[11.783s][info][gc,stats    ] Concurrent Mark Roots               440 us, parallelism: 0.71x
[11.783s][info][gc,stats    ]   CMR: <total>                      314 us
[11.783s][info][gc,stats    ]   CMR: Thread Roots                 277 us, workers (us): 277, ---, ---, 
[11.783s][info][gc,stats    ]   CMR: VM Strong Roots                4 us, workers (us):   4, ---, ---, 
[11.783s][info][gc,stats    ]   CMR: CLDG Roots                    32 us, workers (us):  32, ---, ---, 
[11.783s][info][gc,stats    ] Concurrent Marking                 5231 us
[11.783s][info][gc,stats    ] Pause Final Mark (G)               1890 us
[11.783s][info][gc,stats    ] Pause Final Mark (N)                191 us
[11.783s][info][gc,stats    ]   Finish Mark                        50 us
[11.783s][info][gc,stats    ]   Update Region States               31 us
[11.783s][info][gc,stats    ]   Choose Collection Set              39 us
[11.783s][info][gc,stats    ]   Rebuild Free Set                    8 us
[11.783s][info][gc,stats    ] Concurrent Thread Roots             525 us, parallelism: 0.80x
[11.783s][info][gc,stats    ]   CTR: <total>                      419 us
[11.783s][info][gc,stats    ]   CTR: Thread Roots                 419 us, workers (us): 419, ---, ---, 
[11.783s][info][gc,stats    ] Concurrent Weak References           94 us, parallelism: 0.17x
[11.783s][info][gc,stats    ]   CWRF: <total>                      16 us
[11.783s][info][gc,stats    ]   CWRF: Weak References              16 us, workers (us):  16, ---, ---, 
[11.783s][info][gc,stats    ] Concurrent Weak Roots              1437 us
[11.783s][info][gc,stats    ]   Roots                             858 us, parallelism: 0.94x
[11.783s][info][gc,stats    ]     CWR: <total>                    808 us
[11.783s][info][gc,stats    ]     CWR: Code Cache Roots           691 us, workers (us): 691, ---, ---, 
[11.783s][info][gc,stats    ]     CWR: VM Weak Roots              111 us, workers (us): 111, ---, ---, 
[11.783s][info][gc,stats    ]     CWR: CLDG Roots                   5 us, workers (us):   5, ---, ---, 
[11.783s][info][gc,stats    ]   Rendezvous                        501 us
[11.783s][info][gc,stats    ] Concurrent Cleanup                   56 us
[11.783s][info][gc,stats    ] Concurrent Class Unloading         3359 us
[11.783s][info][gc,stats    ]   Unlink Stale                     3093 us
[11.783s][info][gc,stats    ]     System Dictionary                 8 us
[11.783s][info][gc,stats    ]     Weak Class Links                  0 us
[11.783s][info][gc,stats    ]     Code Roots                     3083 us
[11.783s][info][gc,stats    ]   Rendezvous                         72 us
[11.783s][info][gc,stats    ]   Purge Unlinked                    143 us
[11.783s][info][gc,stats    ]     Code Roots                      139 us
[11.783s][info][gc,stats    ]     CLDG                              3 us
[11.783s][info][gc,stats    ]     Exception Caches                  0 us
[11.783s][info][gc,stats    ] Concurrent Strong Roots              84 us, parallelism: 0.31x
[11.783s][info][gc,stats    ]   CSR: <total>                       26 us
[11.783s][info][gc,stats    ]   CSR: VM Strong Roots                3 us, workers (us):   3, ---, ---, 
[11.783s][info][gc,stats    ]   CSR: CLDG Roots                    23 us, workers (us):  23, ---, ---, 
[11.783s][info][gc,stats    ] Concurrent Evacuation              1770 us
[11.783s][info][gc,stats    ] Pause Init Update Refs (G)         2174 us
[11.783s][info][gc,stats    ] Pause Init Update Refs (N)           60 us
[11.783s][info][gc,stats    ]   Manage GCLABs                       6 us
[11.783s][info][gc,stats    ] Concurrent Update Refs             6743 us
[11.783s][info][gc,stats    ] Concurrent Update Thread Roots     4373 us
[11.784s][info][gc,stats    ] Pause Final Update Refs (G)        8939 us
[11.784s][info][gc,stats    ] Pause Final Update Refs (N)         132 us
[11.784s][info][gc,stats    ]   Update Region States               48 us
[11.784s][info][gc,stats    ]   Trash Collection Set                5 us
[11.784s][info][gc,stats    ]   Rebuild Free Set                   16 us
[11.784s][info][gc,stats    ] Concurrent Cleanup                   81 us
[11.784s][info][gc,stats    ] 
[11.784s][info][gc,stats    ] Allocation pacing accrued:
[11.784s][info][gc,stats    ]       0 of  1083 ms (  0.0%): <total>
[11.784s][info][gc,stats    ]       0 of  1083 ms (  0.0%): <average total>
[11.784s][info][gc,stats    ] 
[11.784s][info][gc,metaspace] Metaspace: 8153K(8320K)->8153K(8320K) NonClass: 7186K(7296K)->7186K(7296K) Class: 966K(1024K)->966K(1024K)
[11.784s][info][gc,ergo     ] Pacer for Idle. Initial: 163M, Alloc Tax Rate: 1.0x
[12.762s][info][gc          ] Trigger: Learning 3 of 5. Free (5733M) is below initial threshold (5734M)
[12.762s][info][gc,ergo     ] Free: 5733M, Max: 4096K regular, 5676M humongous, Frag: 1% external, 0% internal; Reserve: 412M, Max: 4096K
[12.763s][info][gc,start    ] GC(8) Concurrent reset
[12.763s][info][gc,task     ] GC(8) Using 1 of 3 workers for concurrent reset
[12.763s][info][gc,ergo     ] GC(8) Pacer for Reset. Non-Taxable: 8192M
[12.764s][info][gc          ] GC(8) Concurrent reset 1.213ms
[12.764s][info][gc,start    ] GC(8) Pause Init Mark (unload classes)
[12.764s][info][gc,task     ] GC(8) Using 3 of 3 workers for init marking
[12.764s][info][gc,ergo     ] GC(8) Pacer for Mark. Expected Live: 4335K, Free: 5729M, Non-Taxable: 572M, Alloc Tax Rate: 0.0x
[12.764s][info][gc          ] GC(8) Pause Init Mark (unload classes) 0.107ms
[12.768s][info][gc,start    ] GC(8) Concurrent marking roots
[12.768s][info][gc,task     ] GC(8) Using 1 of 3 workers for concurrent marking roots
[12.768s][info][gc          ] GC(8) Concurrent marking roots 0.399ms
[12.768s][info][gc,start    ] GC(8) Concurrent marking (unload classes)
[12.768s][info][gc,task     ] GC(8) Using 1 of 3 workers for concurrent marking
[12.773s][info][gc          ] GC(8) Concurrent marking (unload classes) 5.205ms
[12.773s][info][gc,start    ] GC(8) Pause Final Mark (unload classes)
[12.773s][info][gc,task     ] GC(8) Using 3 of 3 workers for final marking
[12.774s][info][gc,ergo     ] GC(8) Collectable Garbage: 1991M (97%), Immediate: 1991M (97%), CSet: 0B (0%)
[12.774s][info][gc          ] GC(8) Pause Final Mark (unload classes) 0.154ms
[12.776s][info][gc,start    ] GC(8) Concurrent weak references
[12.776s][info][gc,task     ] GC(8) Using 1 of 3 workers for concurrent weak references
[12.776s][info][gc,ref      ] GC(8) Encountered references: Soft: 83, Weak: 365, Final: 3, Phantom: 49
[12.776s][info][gc,ref      ] GC(8) Discovered  references: Soft: 0, Weak: 125, Final: 1, Phantom: 32
[12.776s][info][gc,ref      ] GC(8) Enqueued    references: Soft: 0, Weak: 0, Final: 0, Phantom: 0
[12.776s][info][gc          ] GC(8) Concurrent weak references 0.114ms
[12.776s][info][gc,start    ] GC(8) Concurrent weak roots
[12.776s][info][gc,task     ] GC(8) Using 1 of 3 workers for concurrent weak root
[12.777s][info][gc          ] GC(8) Concurrent weak roots 1.226ms
[12.777s][info][gc,start    ] GC(8) Concurrent cleanup
[12.778s][info][gc          ] GC(8) Concurrent cleanup 2086M->94M(8192M) 0.051ms
[12.778s][info][gc,ergo     ] GC(8) Free: 7685M, Max: 4096K regular, 5736M humongous, Frag: 26% external, 0% internal; Reserve: 412M, Max: 4096K
[12.778s][info][gc,start    ] GC(8) Concurrent class unloading
[12.778s][info][gc,task     ] GC(8) Using 1 of 3 workers for concurrent class unloading
[12.781s][info][gc          ] GC(8) Concurrent class unloading 3.293ms
[12.781s][info][gc,start    ] GC(8) Pause Final Roots
[12.781s][info][gc          ] GC(8) Pause Final Roots 0.028ms
[12.783s][info][gc,ergo     ] Free: 7673M, Max: 4096K regular, 5736M humongous, Frag: 26% external, 0% internal; Reserve: 412M, Max: 4096K
[12.783s][info][gc,stats    ] 
[12.783s][info][gc,stats    ] All times are wall-clock times, except per-root-class counters, that are sum over
[12.783s][info][gc,stats    ] all workers. Dividing the <total> over the root stage time estimates parallelism.
[12.783s][info][gc,stats    ] 
[12.783s][info][gc,stats    ] Concurrent Reset                   1244 us
[12.783s][info][gc,stats    ] Pause Init Mark (G)                4018 us
[12.783s][info][gc,stats    ] Pause Init Mark (N)                 116 us
[12.783s][info][gc,stats    ]   Update Region States               38 us
[12.783s][info][gc,stats    ] Concurrent Mark Roots               415 us, parallelism: 0.75x
[12.783s][info][gc,stats    ]   CMR: <total>                      311 us
[12.783s][info][gc,stats    ]   CMR: Thread Roots                 272 us, workers (us): 272, ---, ---, 
[12.783s][info][gc,stats    ]   CMR: VM Strong Roots                5 us, workers (us):   5, ---, ---, 
[12.784s][info][gc,stats    ]   CMR: CLDG Roots                    33 us, workers (us):  33, ---, ---, 
[12.784s][info][gc,stats    ] Concurrent Marking                 5239 us
[12.784s][info][gc,stats    ] Pause Final Mark (G)               2656 us
[12.784s][info][gc,stats    ] Pause Final Mark (N)                163 us
[12.784s][info][gc,stats    ]   Finish Mark                        47 us
[12.784s][info][gc,stats    ]   Update Region States               31 us
[12.784s][info][gc,stats    ]   Choose Collection Set              26 us
[12.784s][info][gc,stats    ]   Rebuild Free Set                    8 us
[12.784s][info][gc,stats    ] Concurrent Weak References          124 us, parallelism: 0.09x
[12.784s][info][gc,stats    ]   CWRF: <total>                      12 us
[12.784s][info][gc,stats    ]   CWRF: Weak References              12 us, workers (us):  12, ---, ---, 
[12.784s][info][gc,stats    ] Concurrent Weak Roots              1260 us
[12.784s][info][gc,stats    ]   Roots                             898 us, parallelism: 0.94x
[12.784s][info][gc,stats    ]     CWR: <total>                    847 us
[12.784s][info][gc,stats    ]     CWR: Code Cache Roots           763 us, workers (us): 763, ---, ---, 
[12.784s][info][gc,stats    ]     CWR: VM Weak Roots               79 us, workers (us):  79, ---, ---, 
[12.784s][info][gc,stats    ]     CWR: CLDG Roots                   5 us, workers (us):   5, ---, ---, 
[12.784s][info][gc,stats    ]   Rendezvous                        307 us
[12.784s][info][gc,stats    ] Concurrent Cleanup                   61 us
[12.784s][info][gc,stats    ] Concurrent Class Unloading         3328 us
[12.784s][info][gc,stats    ]   Unlink Stale                     2996 us
[12.784s][info][gc,stats    ]     System Dictionary                 6 us
[12.784s][info][gc,stats    ]     Weak Class Links                  0 us
[12.784s][info][gc,stats    ]     Code Roots                     2988 us
[12.784s][info][gc,stats    ]   Rendezvous                         73 us
[12.784s][info][gc,stats    ]   Purge Unlinked                    201 us
[12.784s][info][gc,stats    ]     Code Roots                      196 us
[12.784s][info][gc,stats    ]     CLDG                              5 us
[12.784s][info][gc,stats    ]     Exception Caches                  0 us
[12.784s][info][gc,stats    ] Pause Final Roots (G)              2413 us
[12.784s][info][gc,stats    ] Pause Final Roots (N)                38 us
[12.784s][info][gc,stats    ] 
[12.784s][info][gc,stats    ] Allocation pacing accrued:
[12.784s][info][gc,stats    ]       0 of  1000 ms (  0.0%): <total>
[12.784s][info][gc,stats    ]       0 of  1000 ms (  0.0%): <average total>
[12.784s][info][gc,stats    ] 
[12.784s][info][gc,metaspace] Metaspace: 8153K(8320K)->8153K(8320K) NonClass: 7186K(7296K)->7186K(7296K) Class: 966K(1024K)->966K(1024K)
[12.784s][info][gc,ergo     ] Pacer for Idle. Initial: 163M, Alloc Tax Rate: 1.0x
[13.243s][info][gc          ] Trigger: Explicit GC request (System.gc())
[13.243s][info][gc,ergo     ] Free: 6813M, Max: 4096K regular, 5736M humongous, Frag: 16% external, 0% internal; Reserve: 412M, Max: 4096K
[13.243s][info][gc,start    ] GC(9) Concurrent reset
[13.243s][info][gc,task     ] GC(9) Using 1 of 3 workers for concurrent reset
[13.243s][info][gc,ergo     ] GC(9) Pacer for Reset. Non-Taxable: 8192M
[13.243s][info][gc          ] GC(9) Concurrent reset 0.494ms
[13.243s][info][gc,start    ] GC(9) Pause Init Mark (unload classes)
[13.243s][info][gc,task     ] GC(9) Using 3 of 3 workers for init marking
[13.244s][info][gc,ref      ] GC(9) Clearing All SoftReferences
[13.244s][info][gc,ergo     ] GC(9) Pacer for Mark. Expected Live: 4681K, Free: 6813M, Non-Taxable: 681M, Alloc Tax Rate: 0.0x
[13.244s][info][gc          ] GC(9) Pause Init Mark (unload classes) 0.107ms
[13.244s][info][gc,start    ] GC(9) Concurrent marking roots
[13.244s][info][gc,task     ] GC(9) Using 1 of 3 workers for concurrent marking roots
[13.244s][info][gc          ] GC(9) Concurrent marking roots 0.312ms
[13.244s][info][gc,start    ] GC(9) Concurrent marking (unload classes)
[13.244s][info][gc,task     ] GC(9) Using 1 of 3 workers for concurrent marking
[13.247s][info][gc          ] GC(9) Concurrent marking (unload classes) 3.406ms
[13.247s][info][gc,start    ] GC(9) Pause Final Mark (unload classes)
[13.247s][info][gc,task     ] GC(9) Using 3 of 3 workers for final marking
[13.248s][info][gc,ergo     ] GC(9) Collectable Garbage: 928M (96%), Immediate: 928M (96%), CSet: 0B (0%)
[13.248s][info][gc          ] GC(9) Pause Final Mark (unload classes) 0.245ms
[13.248s][info][gc,start    ] GC(9) Concurrent weak references
[13.248s][info][gc,task     ] GC(9) Using 1 of 3 workers for concurrent weak references
[13.248s][info][gc,ref      ] GC(9) Encountered references: Soft: 82, Weak: 352, Final: 3, Phantom: 47
[13.248s][info][gc,ref      ] GC(9) Discovered  references: Soft: 49, Weak: 140, Final: 1, Phantom: 39
[13.248s][info][gc,ref      ] GC(9) Enqueued    references: Soft: 7, Weak: 0, Final: 0, Phantom: 6
[13.248s][info][gc          ] GC(9) Concurrent weak references 0.157ms
[13.248s][info][gc,start    ] GC(9) Concurrent weak roots
[13.248s][info][gc,task     ] GC(9) Using 1 of 3 workers for concurrent weak root
[13.249s][info][gc          ] GC(9) Concurrent weak roots 0.922ms
[13.249s][info][gc,start    ] GC(9) Concurrent cleanup
[13.249s][info][gc          ] GC(9) Concurrent cleanup 966M->38M(8192M) 0.032ms
[13.249s][info][gc,ergo     ] GC(9) Free: 7741M, Max: 4096K regular, 6708M humongous, Frag: 14% external, 0% internal; Reserve: 412M, Max: 4096K
[13.249s][info][gc,start    ] GC(9) Concurrent class unloading
[13.249s][info][gc,task     ] GC(9) Using 1 of 3 workers for concurrent class unloading
[13.254s][info][gc          ] GC(9) Concurrent class unloading 4.887ms
[13.254s][info][gc,start    ] GC(9) Pause Final Roots
[13.254s][info][gc          ] GC(9) Pause Final Roots 0.049ms
[13.254s][info][gc,ergo     ] Free: 7741M, Max: 4096K regular, 6708M humongous, Frag: 14% external, 0% internal; Reserve: 412M, Max: 4096K
[13.254s][info][gc,stats    ] 
[13.254s][info][gc,stats    ] All times are wall-clock times, except per-root-class counters, that are sum over
[13.254s][info][gc,stats    ] all workers. Dividing the <total> over the root stage time estimates parallelism.
[13.254s][info][gc,stats    ] 
[13.254s][info][gc,stats    ] Concurrent Reset                    509 us
[13.254s][info][gc,stats    ] Pause Init Mark (G)                 169 us
[13.254s][info][gc,stats    ] Pause Init Mark (N)                 115 us
[13.254s][info][gc,stats    ]   Update Region States               36 us
[13.254s][info][gc,stats    ] Concurrent Mark Roots               323 us, parallelism: 0.80x
[13.254s][info][gc,stats    ]   CMR: <total>                      258 us
[13.254s][info][gc,stats    ]   CMR: Thread Roots                 223 us, workers (us): 223, ---, ---, 
[13.254s][info][gc,stats    ]   CMR: VM Strong Roots                4 us, workers (us):   4, ---, ---, 
[13.254s][info][gc,stats    ]   CMR: CLDG Roots                    31 us, workers (us):  31, ---, ---, 
[13.254s][info][gc,stats    ] Concurrent Marking                 3448 us
[13.254s][info][gc,stats    ] Pause Final Mark (G)                319 us
[13.254s][info][gc,stats    ] Pause Final Mark (N)                268 us
[13.254s][info][gc,stats    ]   Finish Mark                        62 us
[13.254s][info][gc,stats    ]   Update Region States               48 us
[13.254s][info][gc,stats    ]   Choose Collection Set              54 us
[13.254s][info][gc,stats    ]   Rebuild Free Set                   21 us
[13.254s][info][gc,stats    ] Concurrent Weak References          173 us, parallelism: 0.11x
[13.254s][info][gc,stats    ]   CWRF: <total>                      19 us
[13.254s][info][gc,stats    ]   CWRF: Weak References              19 us, workers (us):  19, ---, ---, 
[13.254s][info][gc,stats    ] Concurrent Weak Roots               934 us
[13.254s][info][gc,stats    ]   Roots                             838 us, parallelism: 0.96x
[13.254s][info][gc,stats    ]     CWR: <total>                    805 us
[13.254s][info][gc,stats    ]     CWR: Code Cache Roots           734 us, workers (us): 734, ---, ---, 
[13.254s][info][gc,stats    ]     CWR: VM Weak Roots               66 us, workers (us):  66, ---, ---, 
[13.254s][info][gc,stats    ]     CWR: CLDG Roots                   5 us, workers (us):   5, ---, ---, 
[13.254s][info][gc,stats    ]   Rendezvous                         53 us
[13.254s][info][gc,stats    ] Concurrent Cleanup                   41 us
[13.254s][info][gc,stats    ] Concurrent Class Unloading         4937 us
[13.254s][info][gc,stats    ]   Unlink Stale                     4577 us
[13.254s][info][gc,stats    ]     System Dictionary                66 us
[13.254s][info][gc,stats    ]     Weak Class Links               1513 us
[13.254s][info][gc,stats    ]     Code Roots                     2996 us
[13.254s][info][gc,stats    ]   Rendezvous                         51 us
[13.254s][info][gc,stats    ]   Purge Unlinked                    240 us
[13.254s][info][gc,stats    ]     Code Roots                      217 us
[13.254s][info][gc,stats    ]     CLDG                             23 us
[13.254s][info][gc,stats    ]     Exception Caches                  0 us
[13.254s][info][gc,stats    ] Pause Final Roots (G)               121 us
[13.254s][info][gc,stats    ] Pause Final Roots (N)                71 us
[13.254s][info][gc,stats    ] 
[13.254s][info][gc,stats    ] Allocation pacing accrued:
[13.254s][info][gc,stats    ]       0 of   471 ms (  0.0%): <total>
[13.254s][info][gc,stats    ]       0 of   471 ms (  0.0%): <average total>
[13.254s][info][gc,stats    ] 
[13.254s][info][gc,metaspace] Metaspace: 8153K(8320K)->8151K(8320K) NonClass: 7186K(7296K)->7184K(7296K) Class: 966K(1024K)->966K(1024K)
[13.254s][info][gc,ergo     ] Pacer for Idle. Initial: 163M, Alloc Tax Rate: 1.0x
[14.261s][info][gc          ] Trigger: Learning 2 of 5. Free (5729M) is below initial threshold (5734M)
[14.261s][info][gc,ergo     ] Free: 5729M, Max: 4096K regular, 5724M humongous, Frag: 0% external, 0% internal; Reserve: 412M, Max: 4096K
[14.261s][info][gc,start    ] GC(10) Concurrent reset
[14.261s][info][gc,task     ] GC(10) Using 1 of 3 workers for concurrent reset
[14.261s][info][gc,ergo     ] GC(10) Pacer for Reset. Non-Taxable: 8192M
[14.261s][info][gc          ] GC(10) Concurrent reset 0.363ms
[14.261s][info][gc,start    ] GC(10) Pause Init Mark (unload classes)
[14.261s][info][gc,task     ] GC(10) Using 3 of 3 workers for init marking
[14.261s][info][gc,ergo     ] GC(10) Pacer for Mark. Expected Live: 4459K, Free: 5729M, Non-Taxable: 572M, Alloc Tax Rate: 0.0x
[14.261s][info][gc          ] GC(10) Pause Init Mark (unload classes) 0.111ms
[14.263s][info][gc,start    ] GC(10) Concurrent marking roots
[14.263s][info][gc,task     ] GC(10) Using 1 of 3 workers for concurrent marking roots
[14.264s][info][gc          ] GC(10) Concurrent marking roots 0.457ms
[14.264s][info][gc,start    ] GC(10) Concurrent marking (unload classes)
[14.264s][info][gc,task     ] GC(10) Using 1 of 3 workers for concurrent marking
[14.269s][info][gc          ] GC(10) Concurrent marking (unload classes) 5.026ms
[14.269s][info][gc,start    ] GC(10) Pause Final Mark (unload classes)
[14.269s][info][gc,task     ] GC(10) Using 3 of 3 workers for final marking
[14.269s][info][gc,ergo     ] GC(10) Collectable Garbage: 1892M (92%), Immediate: 1892M (92%), CSet: 0B (0%)
[14.269s][info][gc          ] GC(10) Pause Final Mark (unload classes) 0.173ms
[14.271s][info][gc,start    ] GC(10) Concurrent weak references
[14.271s][info][gc,task     ] GC(10) Using 1 of 3 workers for concurrent weak references
[14.271s][info][gc,ref      ] GC(10) Encountered references: Soft: 80, Weak: 362, Final: 3, Phantom: 49
[14.271s][info][gc,ref      ] GC(10) Discovered  references: Soft: 0, Weak: 125, Final: 1, Phantom: 33
[14.271s][info][gc,ref      ] GC(10) Enqueued    references: Soft: 0, Weak: 0, Final: 0, Phantom: 0
[14.271s][info][gc          ] GC(10) Concurrent weak references 0.143ms
[14.271s][info][gc,start    ] GC(10) Concurrent weak roots
[14.271s][info][gc,task     ] GC(10) Using 1 of 3 workers for concurrent weak root
[14.272s][info][gc          ] GC(10) Concurrent weak roots 1.011ms
[14.272s][info][gc,start    ] GC(10) Concurrent cleanup
[14.272s][info][gc          ] GC(10) Concurrent cleanup 2074M->182M(8192M) 0.048ms
[14.272s][info][gc,ergo     ] GC(10) Free: 7597M, Max: 4096K regular, 5700M humongous, Frag: 25% external, 0% internal; Reserve: 412M, Max: 4096K
[14.272s][info][gc,start    ] GC(10) Concurrent class unloading
[14.272s][info][gc,task     ] GC(10) Using 1 of 3 workers for concurrent class unloading
[14.275s][info][gc          ] GC(10) Concurrent class unloading 3.404ms
[14.275s][info][gc,start    ] GC(10) Pause Final Roots
[14.275s][info][gc          ] GC(10) Pause Final Roots 0.028ms
[14.277s][info][gc,ergo     ] Free: 7581M, Max: 4096K regular, 5700M humongous, Frag: 25% external, 0% internal; Reserve: 412M, Max: 4096K
[14.277s][info][gc,stats    ] 
[14.277s][info][gc,stats    ] All times are wall-clock times, except per-root-class counters, that are sum over
[14.277s][info][gc,stats    ] all workers. Dividing the <total> over the root stage time estimates parallelism.
[14.277s][info][gc,stats    ] 
[14.277s][info][gc,stats    ] Concurrent Reset                    385 us
[14.277s][info][gc,stats    ] Pause Init Mark (G)                1998 us
[14.277s][info][gc,stats    ] Pause Init Mark (N)                 122 us
[14.277s][info][gc,stats    ]   Update Region States               33 us
[14.277s][info][gc,stats    ] Concurrent Mark Roots               480 us, parallelism: 0.74x
[14.277s][info][gc,stats    ]   CMR: <total>                      358 us
[14.277s][info][gc,stats    ]   CMR: Thread Roots                 322 us, workers (us): 322, ---, ---, 
[14.277s][info][gc,stats    ]   CMR: VM Strong Roots                4 us, workers (us):   4, ---, ---, 
[14.277s][info][gc,stats    ]   CMR: CLDG Roots                    32 us, workers (us):  32, ---, ---, 
[14.277s][info][gc,stats    ] Concurrent Marking                 5057 us
[14.277s][info][gc,stats    ] Pause Final Mark (G)               1899 us
[14.277s][info][gc,stats    ] Pause Final Mark (N)                184 us
[14.277s][info][gc,stats    ]   Finish Mark                        35 us
[14.277s][info][gc,stats    ]   Update Region States               35 us
[14.277s][info][gc,stats    ]   Choose Collection Set              64 us
[14.277s][info][gc,stats    ]   Rebuild Free Set                    8 us
[14.277s][info][gc,stats    ] Concurrent Weak References          154 us, parallelism: 0.08x
[14.277s][info][gc,stats    ]   CWRF: <total>                      12 us
[14.277s][info][gc,stats    ]   CWRF: Weak References              12 us, workers (us):  12, ---, ---, 
[14.277s][info][gc,stats    ] Concurrent Weak Roots              1051 us
[14.277s][info][gc,stats    ]   Roots                             919 us, parallelism: 0.95x
[14.277s][info][gc,stats    ]     CWR: <total>                    872 us
[14.277s][info][gc,stats    ]     CWR: Code Cache Roots           785 us, workers (us): 785, ---, ---, 
[14.277s][info][gc,stats    ]     CWR: VM Weak Roots               82 us, workers (us):  82, ---, ---, 
[14.277s][info][gc,stats    ]     CWR: CLDG Roots                   5 us, workers (us):   5, ---, ---, 
[14.277s][info][gc,stats    ]   Rendezvous                         70 us
[14.277s][info][gc,stats    ] Concurrent Cleanup                   58 us
[14.277s][info][gc,stats    ] Concurrent Class Unloading         3435 us
[14.277s][info][gc,stats    ]   Unlink Stale                     3136 us
[14.277s][info][gc,stats    ]     System Dictionary                 7 us
[14.277s][info][gc,stats    ]     Weak Class Links                  0 us
[14.277s][info][gc,stats    ]     Code Roots                     3127 us
[14.278s][info][gc,stats    ]   Rendezvous                         58 us
[14.278s][info][gc,stats    ]   Purge Unlinked                    189 us
[14.278s][info][gc,stats    ]     Code Roots                      184 us
[14.278s][info][gc,stats    ]     CLDG                              4 us
[14.278s][info][gc,stats    ]     Exception Caches                  0 us
[14.278s][info][gc,stats    ] Pause Final Roots (G)              1712 us
[14.278s][info][gc,stats    ] Pause Final Roots (N)                38 us
[14.278s][info][gc,stats    ] 
[14.278s][info][gc,stats    ] Allocation pacing accrued:
[14.278s][info][gc,stats    ]       0 of  1023 ms (  0.0%): <total>
[14.278s][info][gc,stats    ]       0 of  1023 ms (  0.0%): <average total>
[14.278s][info][gc,stats    ] 
[14.278s][info][gc,metaspace] Metaspace: 8158K(8320K)->8158K(8320K) NonClass: 7191K(7296K)->7191K(7296K) Class: 966K(1024K)->966K(1024K)
[14.278s][info][gc,ergo     ] Pacer for Idle. Initial: 163M, Alloc Tax Rate: 1.0x
[15.207s][info][gc          ] Trigger: Learning 3 of 5. Free (5717M) is below initial threshold (5734M)
[15.207s][info][gc,ergo     ] Free: 5717M, Max: 4096K regular, 5700M humongous, Frag: 1% external, 0% internal; Reserve: 412M, Max: 4096K
[15.207s][info][gc,start    ] GC(11) Concurrent reset
[15.207s][info][gc,task     ] GC(11) Using 1 of 3 workers for concurrent reset
[15.207s][info][gc,ergo     ] GC(11) Pacer for Reset. Non-Taxable: 8192M
[15.208s][info][gc          ] GC(11) Concurrent reset 0.903ms
[15.208s][info][gc,start    ] GC(11) Pause Init Mark (unload classes)
[15.208s][info][gc,task     ] GC(11) Using 3 of 3 workers for init marking
[15.208s][info][gc,ergo     ] GC(11) Pacer for Mark. Expected Live: 4520K, Free: 5717M, Non-Taxable: 571M, Alloc Tax Rate: 0.0x
[15.208s][info][gc          ] GC(11) Pause Init Mark (unload classes) 0.299ms
[15.211s][info][gc,start    ] GC(11) Concurrent marking roots
[15.211s][info][gc,task     ] GC(11) Using 1 of 3 workers for concurrent marking roots
[15.212s][info][gc          ] GC(11) Concurrent marking roots 0.405ms
[15.212s][info][gc,start    ] GC(11) Concurrent marking (unload classes)
[15.212s][info][gc,task     ] GC(11) Using 1 of 3 workers for concurrent marking
[15.217s][info][gc          ] GC(11) Concurrent marking (unload classes) 4.967ms
[15.217s][info][gc,start    ] GC(11) Pause Final Mark (unload classes)
[15.217s][info][gc,task     ] GC(11) Using 3 of 3 workers for final marking
[15.217s][info][gc,ergo     ] GC(11) Collectable Garbage: 1904M (92%), Immediate: 1904M (92%), CSet: 0B (0%)
[15.217s][info][gc          ] GC(11) Pause Final Mark (unload classes) 0.178ms
[15.219s][info][gc,start    ] GC(11) Concurrent weak references
[15.219s][info][gc,task     ] GC(11) Using 1 of 3 workers for concurrent weak references
[15.219s][info][gc,ref      ] GC(11) Encountered references: Soft: 80, Weak: 365, Final: 3, Phantom: 49
[15.219s][info][gc,ref      ] GC(11) Discovered  references: Soft: 0, Weak: 125, Final: 1, Phantom: 33
[15.219s][info][gc,ref      ] GC(11) Enqueued    references: Soft: 0, Weak: 0, Final: 0, Phantom: 0
[15.219s][info][gc          ] GC(11) Concurrent weak references 0.112ms
[15.219s][info][gc,start    ] GC(11) Concurrent weak roots
[15.219s][info][gc,task     ] GC(11) Using 1 of 3 workers for concurrent weak root
[15.220s][info][gc          ] GC(11) Concurrent weak roots 1.103ms
[15.220s][info][gc,start    ] GC(11) Concurrent cleanup
[15.220s][info][gc          ] GC(11) Concurrent cleanup 2086M->182M(8192M) 0.089ms
[15.220s][info][gc,ergo     ] GC(11) Free: 7597M, Max: 4096K regular, 5688M humongous, Frag: 26% external, 0% internal; Reserve: 412M, Max: 4096K
[15.220s][info][gc,start    ] GC(11) Concurrent class unloading
[15.220s][info][gc,task     ] GC(11) Using 1 of 3 workers for concurrent class unloading
[15.224s][info][gc          ] GC(11) Concurrent class unloading 3.688ms
[15.224s][info][gc,start    ] GC(11) Pause Final Roots
[15.224s][info][gc          ] GC(11) Pause Final Roots 0.029ms
[15.225s][info][gc,ergo     ] Free: 7585M, Max: 4096K regular, 5688M humongous, Frag: 25% external, 0% internal; Reserve: 412M, Max: 4096K
[15.225s][info][gc,stats    ] 
[15.225s][info][gc,stats    ] All times are wall-clock times, except per-root-class counters, that are sum over
[15.225s][info][gc,stats    ] all workers. Dividing the <total> over the root stage time estimates parallelism.
[15.225s][info][gc,stats    ] 
[15.225s][info][gc,stats    ] Concurrent Reset                    949 us
[15.225s][info][gc,stats    ] Pause Init Mark (G)                3415 us
[15.225s][info][gc,stats    ] Pause Init Mark (N)                 309 us
[15.225s][info][gc,stats    ]   Update Region States               47 us
[15.225s][info][gc,stats    ] Concurrent Mark Roots               427 us, parallelism: 0.72x
[15.225s][info][gc,stats    ]   CMR: <total>                      305 us
[15.225s][info][gc,stats    ]   CMR: Thread Roots                 268 us, workers (us): 268, ---, ---, 
[15.225s][info][gc,stats    ]   CMR: VM Strong Roots                4 us, workers (us):   4, ---, ---, 
[15.225s][info][gc,stats    ]   CMR: CLDG Roots                    33 us, workers (us):  33, ---, ---, 
[15.225s][info][gc,stats    ] Concurrent Marking                 4997 us
[15.225s][info][gc,stats    ] Pause Final Mark (G)               2156 us
[15.225s][info][gc,stats    ] Pause Final Mark (N)                187 us
[15.225s][info][gc,stats    ]   Finish Mark                        50 us
[15.225s][info][gc,stats    ]   Update Region States               37 us
[15.225s][info][gc,stats    ]   Choose Collection Set              43 us
[15.225s][info][gc,stats    ]   Rebuild Free Set                    8 us
[15.225s][info][gc,stats    ] Concurrent Weak References          122 us, parallelism: 0.09x
[15.225s][info][gc,stats    ]   CWRF: <total>                      11 us
[15.225s][info][gc,stats    ]   CWRF: Weak References              11 us, workers (us):  11, ---, ---, 
[15.225s][info][gc,stats    ] Concurrent Weak Roots              1139 us
[15.225s][info][gc,stats    ]   Roots                            1011 us, parallelism: 0.96x
[15.225s][info][gc,stats    ]     CWR: <total>                    969 us
[15.225s][info][gc,stats    ]     CWR: Code Cache Roots           891 us, workers (us): 891, ---, ---, 
[15.225s][info][gc,stats    ]     CWR: VM Weak Roots               73 us, workers (us):  73, ---, ---, 
[15.225s][info][gc,stats    ]     CWR: CLDG Roots                   5 us, workers (us):   5, ---, ---, 
[15.225s][info][gc,stats    ]   Rendezvous                         71 us
[15.225s][info][gc,stats    ] Concurrent Cleanup                  101 us
[15.225s][info][gc,stats    ] Concurrent Class Unloading         3723 us
[15.225s][info][gc,stats    ]   Unlink Stale                     3336 us
[15.225s][info][gc,stats    ]     System Dictionary                 7 us
[15.225s][info][gc,stats    ]     Weak Class Links                  0 us
[15.225s][info][gc,stats    ]     Code Roots                     3327 us
[15.225s][info][gc,stats    ]   Rendezvous                         80 us
[15.225s][info][gc,stats    ]   Purge Unlinked                    249 us
[15.225s][info][gc,stats    ]     Code Roots                      245 us
[15.225s][info][gc,stats    ]     CLDG                              4 us
[15.225s][info][gc,stats    ]     Exception Caches                  0 us
[15.225s][info][gc,stats    ] Pause Final Roots (G)               497 us
[15.225s][info][gc,stats    ] Pause Final Roots (N)                39 us
[15.225s][info][gc,stats    ] 
[15.225s][info][gc,stats    ] Allocation pacing accrued:
[15.225s][info][gc,stats    ]       0 of   947 ms (  0.0%): <total>
[15.225s][info][gc,stats    ]       0 of   947 ms (  0.0%): <average total>
[15.225s][info][gc,stats    ] 
[15.225s][info][gc,metaspace] Metaspace: 8158K(8320K)->8158K(8320K) NonClass: 7191K(7296K)->7191K(7296K) Class: 966K(1024K)->966K(1024K)
[15.225s][info][gc,ergo     ] Pacer for Idle. Initial: 163M, Alloc Tax Rate: 1.0x
[15.730s][info][gc          ] Trigger: Explicit GC request (System.gc())
[15.731s][info][gc,ergo     ] Free: 6641M, Max: 4096K regular, 5688M humongous, Frag: 15% external, 0% internal; Reserve: 412M, Max: 4096K
[15.731s][info][gc,start    ] GC(12) Concurrent reset
[15.731s][info][gc,task     ] GC(12) Using 1 of 3 workers for concurrent reset
[15.731s][info][gc,ergo     ] GC(12) Pacer for Reset. Non-Taxable: 8192M
[15.731s][info][gc          ] GC(12) Concurrent reset 0.729ms
[15.731s][info][gc,start    ] GC(12) Pause Init Mark (unload classes)
[15.731s][info][gc,task     ] GC(12) Using 3 of 3 workers for init marking
[15.732s][info][gc,ref      ] GC(12) Clearing All SoftReferences
[15.732s][info][gc,ergo     ] GC(12) Pacer for Mark. Expected Live: 4873K, Free: 6641M, Non-Taxable: 664M, Alloc Tax Rate: 0.0x
[15.732s][info][gc          ] GC(12) Pause Init Mark (unload classes) 0.191ms
[15.732s][info][gc,start    ] GC(12) Concurrent marking roots
[15.732s][info][gc,task     ] GC(12) Using 1 of 3 workers for concurrent marking roots
[15.732s][info][gc          ] GC(12) Concurrent marking roots 0.518ms
[15.732s][info][gc,start    ] GC(12) Concurrent marking (unload classes)
[15.732s][info][gc,task     ] GC(12) Using 1 of 3 workers for concurrent marking
[15.736s][info][gc          ] GC(12) Concurrent marking (unload classes) 3.408ms
[15.736s][info][gc,start    ] GC(12) Pause Final Mark (unload classes)
[15.736s][info][gc,task     ] GC(12) Using 3 of 3 workers for final marking
[15.736s][info][gc,ergo     ] GC(12) Collectable Garbage: 1063M (93%), Immediate: 1063M (93%), CSet: 0B (0%)
[15.736s][info][gc          ] GC(12) Pause Final Mark (unload classes) 0.271ms
[15.736s][info][gc,start    ] GC(12) Concurrent weak references
[15.736s][info][gc,task     ] GC(12) Using 1 of 3 workers for concurrent weak references
[15.736s][info][gc,ref      ] GC(12) Encountered references: Soft: 79, Weak: 352, Final: 3, Phantom: 47
[15.736s][info][gc,ref      ] GC(12) Discovered  references: Soft: 46, Weak: 140, Final: 1, Phantom: 39
[15.736s][info][gc,ref      ] GC(12) Enqueued    references: Soft: 4, Weak: 0, Final: 0, Phantom: 6
[15.736s][info][gc          ] GC(12) Concurrent weak references 0.339ms
[15.736s][info][gc,start    ] GC(12) Concurrent weak roots
[15.736s][info][gc,task     ] GC(12) Using 1 of 3 workers for concurrent weak root
[15.737s][info][gc          ] GC(12) Concurrent weak roots 1.009ms
[15.737s][info][gc,start    ] GC(12) Concurrent cleanup
[15.737s][info][gc          ] GC(12) Concurrent cleanup 1138M->74M(8192M) 0.028ms
[15.737s][info][gc,ergo     ] GC(12) Free: 7705M, Max: 4096K regular, 6704M humongous, Frag: 13% external, 0% internal; Reserve: 412M, Max: 4096K
[15.737s][info][gc,start    ] GC(12) Concurrent class unloading
[15.738s][info][gc,task     ] GC(12) Using 1 of 3 workers for concurrent class unloading
[15.743s][info][gc          ] GC(12) Concurrent class unloading 5.110ms
[15.743s][info][gc,start    ] GC(12) Pause Final Roots
[15.743s][info][gc          ] GC(12) Pause Final Roots 0.038ms
[15.743s][info][gc,ergo     ] Free: 7705M, Max: 4096K regular, 6704M humongous, Frag: 13% external, 0% internal; Reserve: 412M, Max: 4096K
[15.743s][info][gc,stats    ] 
[15.743s][info][gc,stats    ] All times are wall-clock times, except per-root-class counters, that are sum over
[15.743s][info][gc,stats    ] all workers. Dividing the <total> over the root stage time estimates parallelism.
[15.743s][info][gc,stats    ] 
[15.743s][info][gc,stats    ] Concurrent Reset                    796 us
[15.743s][info][gc,stats    ] Pause Init Mark (G)                 309 us
[15.743s][info][gc,stats    ] Pause Init Mark (N)                 208 us
[15.743s][info][gc,stats    ]   Update Region States               73 us
[15.743s][info][gc,stats    ] Concurrent Mark Roots               538 us, parallelism: 0.69x
[15.743s][info][gc,stats    ]   CMR: <total>                      369 us
[15.743s][info][gc,stats    ]   CMR: Thread Roots                 310 us, workers (us): 310, ---, ---, 
[15.743s][info][gc,stats    ]   CMR: VM Strong Roots                6 us, workers (us):   6, ---, ---, 
[15.743s][info][gc,stats    ]   CMR: CLDG Roots                    53 us, workers (us):  53, ---, ---, 
[15.743s][info][gc,stats    ] Concurrent Marking                 3459 us
[15.743s][info][gc,stats    ] Pause Final Mark (G)                370 us
[15.743s][info][gc,stats    ] Pause Final Mark (N)                288 us
[15.743s][info][gc,stats    ]   Finish Mark                       108 us
[15.743s][info][gc,stats    ]   Update Region States               50 us
[15.743s][info][gc,stats    ]   Choose Collection Set              46 us
[15.743s][info][gc,stats    ]   Rebuild Free Set                   17 us
[15.743s][info][gc,stats    ] Concurrent Weak References          361 us, parallelism: 0.05x
[15.743s][info][gc,stats    ]   CWRF: <total>                      19 us
[15.743s][info][gc,stats    ]   CWRF: Weak References              19 us, workers (us):  19, ---, ---, 
[15.743s][info][gc,stats    ] Concurrent Weak Roots              1028 us
[15.743s][info][gc,stats    ]   Roots                             886 us, parallelism: 0.93x
[15.743s][info][gc,stats    ]     CWR: <total>                    825 us
[15.743s][info][gc,stats    ]     CWR: Code Cache Roots           751 us, workers (us): 751, ---, ---, 
[15.743s][info][gc,stats    ]     CWR: VM Weak Roots               70 us, workers (us):  70, ---, ---, 
[15.743s][info][gc,stats    ]     CWR: CLDG Roots                   5 us, workers (us):   5, ---, ---, 
[15.743s][info][gc,stats    ]   Rendezvous                         82 us
[15.743s][info][gc,stats    ] Concurrent Cleanup                   36 us
[15.743s][info][gc,stats    ] Concurrent Class Unloading         5175 us
[15.743s][info][gc,stats    ]   Unlink Stale                     4843 us
[15.743s][info][gc,stats    ]     System Dictionary                62 us
[15.743s][info][gc,stats    ]     Weak Class Links               1530 us
[15.743s][info][gc,stats    ]     Code Roots                     3249 us
[15.743s][info][gc,stats    ]   Rendezvous                         54 us
[15.743s][info][gc,stats    ]   Purge Unlinked                    193 us
[15.743s][info][gc,stats    ]     Code Roots                      166 us
[15.743s][info][gc,stats    ]     CLDG                             27 us
[15.743s][info][gc,stats    ]     Exception Caches                  0 us
[15.743s][info][gc,stats    ] Pause Final Roots (G)                84 us
[15.743s][info][gc,stats    ] Pause Final Roots (N)                47 us
[15.743s][info][gc,stats    ] 
[15.743s][info][gc,stats    ] Allocation pacing accrued:
[15.743s][info][gc,stats    ]       0 of   518 ms (  0.0%): <total>
[15.743s][info][gc,stats    ]       0 of   518 ms (  0.0%): <average total>
[15.743s][info][gc,stats    ] 
[15.743s][info][gc,metaspace] Metaspace: 8158K(8320K)->8156K(8320K) NonClass: 7191K(7296K)->7189K(7296K) Class: 966K(1024K)->966K(1024K)
[15.743s][info][gc,ergo     ] Pacer for Idle. Initial: 163M, Alloc Tax Rate: 1.0x
[16.751s][info][gc          ] Trigger: Learning 2 of 5. Free (5721M) is below initial threshold (5734M)
[16.751s][info][gc,ergo     ] Free: 5721M, Max: 4096K regular, 5716M humongous, Frag: 0% external, 0% internal; Reserve: 412M, Max: 4096K
[16.751s][info][gc,start    ] GC(13) Concurrent reset
[16.751s][info][gc,task     ] GC(13) Using 1 of 3 workers for concurrent reset
[16.751s][info][gc,ergo     ] GC(13) Pacer for Reset. Non-Taxable: 8192M
[16.751s][info][gc          ] GC(13) Concurrent reset 0.510ms
[16.752s][info][gc,start    ] GC(13) Pause Init Mark (unload classes)
[16.752s][info][gc,task     ] GC(13) Using 3 of 3 workers for init marking
[16.752s][info][gc,ergo     ] GC(13) Pacer for Mark. Expected Live: 4560K, Free: 5717M, Non-Taxable: 571M, Alloc Tax Rate: 0.0x
[16.752s][info][gc          ] GC(13) Pause Init Mark (unload classes) 0.125ms
[16.759s][info][gc,start    ] GC(13) Concurrent marking roots
[16.759s][info][gc,task     ] GC(13) Using 1 of 3 workers for concurrent marking roots
[16.760s][info][gc          ] GC(13) Concurrent marking roots 0.526ms
[16.760s][info][gc,start    ] GC(13) Concurrent marking (unload classes)
[16.760s][info][gc,task     ] GC(13) Using 1 of 3 workers for concurrent marking
[16.765s][info][gc          ] GC(13) Concurrent marking (unload classes) 5.575ms
[16.765s][info][gc,start    ] GC(13) Pause Final Mark (unload classes)
[16.765s][info][gc,task     ] GC(13) Using 3 of 3 workers for final marking
[16.765s][info][gc,ergo     ] GC(13) Collectable Garbage: 1900M (92%), Immediate: 1900M (92%), CSet: 0B (0%)
[16.766s][info][gc          ] GC(13) Pause Final Mark (unload classes) 0.177ms
[16.766s][info][gc,start    ] GC(13) Concurrent weak references
[16.766s][info][gc,task     ] GC(13) Using 1 of 3 workers for concurrent weak references
[16.766s][info][gc,ref      ] GC(13) Encountered references: Soft: 80, Weak: 365, Final: 3, Phantom: 49
[16.766s][info][gc,ref      ] GC(13) Discovered  references: Soft: 0, Weak: 125, Final: 1, Phantom: 33
[16.766s][info][gc,ref      ] GC(13) Enqueued    references: Soft: 0, Weak: 0, Final: 0, Phantom: 0
[16.766s][info][gc          ] GC(13) Concurrent weak references 0.077ms
[16.766s][info][gc,start    ] GC(13) Concurrent weak roots
[16.766s][info][gc,task     ] GC(13) Using 1 of 3 workers for concurrent weak root
[16.767s][info][gc          ] GC(13) Concurrent weak roots 1.185ms
[16.767s][info][gc,start    ] GC(13) Concurrent cleanup
[16.767s][info][gc          ] GC(13) Concurrent cleanup 2106M->206M(8192M) 0.053ms
[16.767s][info][gc,ergo     ] GC(13) Free: 7573M, Max: 4096K regular, 5668M humongous, Frag: 26% external, 0% internal; Reserve: 412M, Max: 4096K
[16.767s][info][gc,start    ] GC(13) Concurrent class unloading
[16.767s][info][gc,task     ] GC(13) Using 1 of 3 workers for concurrent class unloading
[16.771s][info][gc          ] GC(13) Concurrent class unloading 3.620ms
[16.771s][info][gc,start    ] GC(13) Pause Final Roots
[16.771s][info][gc          ] GC(13) Pause Final Roots 0.028ms
[16.779s][info][gc,ergo     ] Free: 7557M, Max: 4096K regular, 5668M humongous, Frag: 25% external, 0% internal; Reserve: 412M, Max: 4096K
[16.779s][info][gc,stats    ] 
[16.779s][info][gc,stats    ] All times are wall-clock times, except per-root-class counters, that are sum over
[16.779s][info][gc,stats    ] all workers. Dividing the <total> over the root stage time estimates parallelism.
[16.779s][info][gc,stats    ] 
[16.779s][info][gc,stats    ] Concurrent Reset                    529 us
[16.779s][info][gc,stats    ] Pause Init Mark (G)                7862 us
[16.779s][info][gc,stats    ] Pause Init Mark (N)                 135 us
[16.779s][info][gc,stats    ]   Update Region States               51 us
[16.779s][info][gc,stats    ] Concurrent Mark Roots               560 us, parallelism: 0.75x
[16.779s][info][gc,stats    ]   CMR: <total>                      422 us
[16.779s][info][gc,stats    ]   CMR: Thread Roots                 381 us, workers (us): 381, ---, ---, 
[16.779s][info][gc,stats    ]   CMR: VM Strong Roots                5 us, workers (us):   5, ---, ---, 
[16.779s][info][gc,stats    ]   CMR: CLDG Roots                    35 us, workers (us):  35, ---, ---, 
[16.779s][info][gc,stats    ] Concurrent Marking                 5614 us
[16.779s][info][gc,stats    ] Pause Final Mark (G)                254 us
[16.779s][info][gc,stats    ] Pause Final Mark (N)                187 us
[16.779s][info][gc,stats    ]   Finish Mark                        51 us
[16.779s][info][gc,stats    ]   Update Region States               35 us
[16.779s][info][gc,stats    ]   Choose Collection Set              42 us
[16.779s][info][gc,stats    ]   Rebuild Free Set                    8 us
[16.779s][info][gc,stats    ] Concurrent Weak References           86 us, parallelism: 0.12x
[16.779s][info][gc,stats    ]   CWRF: <total>                      10 us
[16.779s][info][gc,stats    ]   CWRF: Weak References              10 us, workers (us):  10, ---, ---, 
[16.779s][info][gc,stats    ] Concurrent Weak Roots              1222 us
[16.779s][info][gc,stats    ]   Roots                            1060 us, parallelism: 0.95x
[16.779s][info][gc,stats    ]     CWR: <total>                   1004 us
[16.779s][info][gc,stats    ]     CWR: Code Cache Roots           920 us, workers (us): 920, ---, ---, 
[16.779s][info][gc,stats    ]     CWR: VM Weak Roots               78 us, workers (us):  78, ---, ---, 
[16.779s][info][gc,stats    ]     CWR: CLDG Roots                   6 us, workers (us):   6, ---, ---, 
[16.779s][info][gc,stats    ]   Rendezvous                        106 us
[16.779s][info][gc,stats    ] Concurrent Cleanup                   64 us
[16.779s][info][gc,stats    ] Concurrent Class Unloading         3658 us
[16.779s][info][gc,stats    ]   Unlink Stale                     3243 us
[16.779s][info][gc,stats    ]     System Dictionary                 7 us
[16.779s][info][gc,stats    ]     Weak Class Links                  0 us
[16.779s][info][gc,stats    ]     Code Roots                     3233 us
[16.779s][info][gc,stats    ]   Rendezvous                        108 us
[16.779s][info][gc,stats    ]   Purge Unlinked                    246 us
[16.779s][info][gc,stats    ]     Code Roots                      241 us
[16.779s][info][gc,stats    ]     CLDG                              4 us
[16.779s][info][gc,stats    ]     Exception Caches                  0 us
[16.779s][info][gc,stats    ] Pause Final Roots (G)              7896 us
[16.779s][info][gc,stats    ] Pause Final Roots (N)                37 us
[16.779s][info][gc,stats    ] 
[16.779s][info][gc,stats    ] Allocation pacing accrued:
[16.779s][info][gc,stats    ]       0 of  1036 ms (  0.0%): <total>
[16.779s][info][gc,stats    ]       0 of  1036 ms (  0.0%): <average total>
[16.779s][info][gc,stats    ] 
[16.779s][info][gc,metaspace] Metaspace: 8158K(8320K)->8158K(8320K) NonClass: 7191K(7296K)->7191K(7296K) Class: 966K(1024K)->966K(1024K)
[16.779s][info][gc,ergo     ] Pacer for Idle. Initial: 163M, Alloc Tax Rate: 1.0x
[17.698s][info][gc          ] Trigger: Learning 3 of 5. Free (5733M) is below initial threshold (5734M)
[17.698s][info][gc,ergo     ] Free: 5733M, Max: 4096K regular, 5668M humongous, Frag: 2% external, 0% internal; Reserve: 412M, Max: 4096K
[17.698s][info][gc,start    ] GC(14) Concurrent reset
[17.698s][info][gc,task     ] GC(14) Using 1 of 3 workers for concurrent reset
[17.698s][info][gc,ergo     ] GC(14) Pacer for Reset. Non-Taxable: 8192M
[17.699s][info][gc          ] GC(14) Concurrent reset 0.812ms
[17.699s][info][gc,start    ] GC(14) Pause Init Mark (unload classes)
[17.699s][info][gc,task     ] GC(14) Using 3 of 3 workers for init marking
[17.699s][info][gc,ergo     ] GC(14) Pacer for Mark. Expected Live: 4528K, Free: 5729M, Non-Taxable: 572M, Alloc Tax Rate: 0.0x
[17.699s][info][gc          ] GC(14) Pause Init Mark (unload classes) 0.114ms
[17.700s][info][gc,start    ] GC(14) Concurrent marking roots
[17.700s][info][gc,task     ] GC(14) Using 1 of 3 workers for concurrent marking roots
[17.700s][info][gc          ] GC(14) Concurrent marking roots 0.527ms
[17.700s][info][gc,start    ] GC(14) Concurrent marking (unload classes)
[17.700s][info][gc,task     ] GC(14) Using 1 of 3 workers for concurrent marking
[17.707s][info][gc          ] GC(14) Concurrent marking (unload classes) 6.559ms
[17.707s][info][gc,start    ] GC(14) Pause Final Mark (unload classes)
[17.707s][info][gc,task     ] GC(14) Using 3 of 3 workers for final marking
[17.707s][info][gc,ergo     ] GC(14) Collectable Garbage: 1884M (92%), Immediate: 1884M (92%), CSet: 0B (0%)
[17.707s][info][gc          ] GC(14) Pause Final Mark (unload classes) 0.174ms
[17.709s][info][gc,start    ] GC(14) Concurrent weak references
[17.709s][info][gc,task     ] GC(14) Using 1 of 3 workers for concurrent weak references
[17.709s][info][gc,ref      ] GC(14) Encountered references: Soft: 80, Weak: 363, Final: 3, Phantom: 49
[17.709s][info][gc,ref      ] GC(14) Discovered  references: Soft: 0, Weak: 125, Final: 1, Phantom: 35
[17.709s][info][gc,ref      ] GC(14) Enqueued    references: Soft: 0, Weak: 0, Final: 0, Phantom: 0
[17.709s][info][gc          ] GC(14) Concurrent weak references 0.108ms
[17.709s][info][gc,start    ] GC(14) Concurrent weak roots
[17.709s][info][gc,task     ] GC(14) Using 1 of 3 workers for concurrent weak root
[17.711s][info][gc          ] GC(14) Concurrent weak roots 1.647ms
[17.711s][info][gc,start    ] GC(14) Concurrent cleanup
[17.711s][info][gc          ] GC(14) Concurrent cleanup 2074M->190M(8192M) 0.051ms
[17.711s][info][gc,ergo     ] GC(14) Free: 7589M, Max: 4096K regular, 5792M humongous, Frag: 24% external, 0% internal; Reserve: 412M, Max: 4096K
[17.711s][info][gc,start    ] GC(14) Concurrent class unloading
[17.711s][info][gc,task     ] GC(14) Using 1 of 3 workers for concurrent class unloading
[17.714s][info][gc          ] GC(14) Concurrent class unloading 3.461ms
[17.714s][info][gc,start    ] GC(14) Pause Final Roots
[17.714s][info][gc          ] GC(14) Pause Final Roots 0.019ms
[17.716s][info][gc,ergo     ] Free: 7573M, Max: 4096K regular, 5792M humongous, Frag: 24% external, 0% internal; Reserve: 412M, Max: 4096K
[17.716s][info][gc,stats    ] 
[17.716s][info][gc,stats    ] All times are wall-clock times, except per-root-class counters, that are sum over
[17.716s][info][gc,stats    ] all workers. Dividing the <total> over the root stage time estimates parallelism.
[17.716s][info][gc,stats    ] 
[17.716s][info][gc,stats    ] Concurrent Reset                    849 us
[17.716s][info][gc,stats    ] Pause Init Mark (G)                 510 us
[17.716s][info][gc,stats    ] Pause Init Mark (N)                 124 us
[17.716s][info][gc,stats    ]   Update Region States               46 us
[17.716s][info][gc,stats    ] Concurrent Mark Roots               547 us, parallelism: 0.82x
[17.716s][info][gc,stats    ]   CMR: <total>                      451 us
[17.716s][info][gc,stats    ]   CMR: Thread Roots                 400 us, workers (us): 400, ---, ---, 
[17.716s][info][gc,stats    ]   CMR: VM Strong Roots                4 us, workers (us):   4, ---, ---, 
[17.716s][info][gc,stats    ]   CMR: CLDG Roots                    47 us, workers (us):  47, ---, ---, 
[17.716s][info][gc,stats    ] Concurrent Marking                 6596 us
[17.716s][info][gc,stats    ] Pause Final Mark (G)               2057 us
[17.716s][info][gc,stats    ] Pause Final Mark (N)                185 us
[17.716s][info][gc,stats    ]   Finish Mark                        42 us
[17.716s][info][gc,stats    ]   Update Region States               39 us
[17.716s][info][gc,stats    ]   Choose Collection Set              48 us
[17.716s][info][gc,stats    ]   Rebuild Free Set                    8 us
[17.716s][info][gc,stats    ] Concurrent Weak References          120 us, parallelism: 0.08x
[17.716s][info][gc,stats    ]   CWRF: <total>                       9 us
[17.716s][info][gc,stats    ]   CWRF: Weak References               9 us, workers (us):   9, ---, ---, 
[17.716s][info][gc,stats    ] Concurrent Weak Roots              1682 us
[17.716s][info][gc,stats    ]   Roots                             954 us, parallelism: 0.96x
[17.716s][info][gc,stats    ]     CWR: <total>                    913 us
[17.716s][info][gc,stats    ]     CWR: Code Cache Roots           836 us, workers (us): 836, ---, ---, 
[17.716s][info][gc,stats    ]     CWR: VM Weak Roots               72 us, workers (us):  72, ---, ---, 
[17.716s][info][gc,stats    ]     CWR: CLDG Roots                   5 us, workers (us):   5, ---, ---, 
[17.716s][info][gc,stats    ]   Rendezvous                        671 us
[17.716s][info][gc,stats    ] Concurrent Cleanup                   63 us
[17.716s][info][gc,stats    ] Concurrent Class Unloading         3490 us
[17.716s][info][gc,stats    ]   Unlink Stale                     3218 us
[17.716s][info][gc,stats    ]     System Dictionary                 7 us
[17.716s][info][gc,stats    ]     Weak Class Links                  0 us
[17.716s][info][gc,stats    ]     Code Roots                     3209 us
[17.716s][info][gc,stats    ]   Rendezvous                         52 us
[17.716s][info][gc,stats    ]   Purge Unlinked                    168 us
[17.716s][info][gc,stats    ]     Code Roots                      164 us
[17.716s][info][gc,stats    ]     CLDG                              4 us
[17.716s][info][gc,stats    ]     Exception Caches                  0 us
[17.716s][info][gc,stats    ] Pause Final Roots (G)              1521 us
[17.716s][info][gc,stats    ] Pause Final Roots (N)                28 us
[17.716s][info][gc,stats    ] 
[17.716s][info][gc,stats    ] Allocation pacing accrued:
[17.716s][info][gc,stats    ]       0 of   937 ms (  0.0%): <total>
[17.716s][info][gc,stats    ]       0 of   937 ms (  0.0%): <average total>
[17.716s][info][gc,stats    ] 
[17.716s][info][gc,metaspace] Metaspace: 8158K(8320K)->8158K(8320K) NonClass: 7191K(7296K)->7191K(7296K) Class: 966K(1024K)->966K(1024K)
[17.716s][info][gc,ergo     ] Pacer for Idle. Initial: 163M, Alloc Tax Rate: 1.0x
[18.242s][info][gc          ] Trigger: Explicit GC request (System.gc())
[18.242s][info][gc,ergo     ] Free: 6589M, Max: 4096K regular, 5792M humongous, Frag: 13% external, 0% internal; Reserve: 412M, Max: 4096K
[18.242s][info][gc,start    ] GC(15) Concurrent reset
[18.242s][info][gc,task     ] GC(15) Using 1 of 3 workers for concurrent reset
[18.242s][info][gc,ergo     ] GC(15) Pacer for Reset. Non-Taxable: 8192M
[18.244s][info][gc          ] GC(15) Concurrent reset 1.120ms
[18.244s][info][gc,start    ] GC(15) Pause Init Mark (unload classes)
[18.244s][info][gc,task     ] GC(15) Using 3 of 3 workers for init marking
[18.244s][info][gc,ref      ] GC(15) Clearing All SoftReferences
[18.244s][info][gc,ergo     ] GC(15) Pacer for Mark. Expected Live: 4846K, Free: 6589M, Non-Taxable: 658M, Alloc Tax Rate: 0.0x
[18.244s][info][gc          ] GC(15) Pause Init Mark (unload classes) 0.172ms
[18.244s][info][gc,start    ] GC(15) Concurrent marking roots
[18.244s][info][gc,task     ] GC(15) Using 1 of 3 workers for concurrent marking roots
[18.244s][info][gc          ] GC(15) Concurrent marking roots 0.351ms
[18.244s][info][gc,start    ] GC(15) Concurrent marking (unload classes)
[18.244s][info][gc,task     ] GC(15) Using 1 of 3 workers for concurrent marking
[18.248s][info][gc          ] GC(15) Concurrent marking (unload classes) 3.545ms
[18.248s][info][gc,start    ] GC(15) Pause Final Mark (unload classes)
[18.248s][info][gc,task     ] GC(15) Using 3 of 3 workers for final marking
[18.248s][info][gc,ergo     ] GC(15) Collectable Garbage: 1107M (93%), Immediate: 1107M (93%), CSet: 0B (0%)
[18.248s][info][gc          ] GC(15) Pause Final Mark (unload classes) 0.297ms
[18.248s][info][gc,start    ] GC(15) Concurrent weak references
[18.248s][info][gc,task     ] GC(15) Using 1 of 3 workers for concurrent weak references
[18.248s][info][gc,ref      ] GC(15) Encountered references: Soft: 79, Weak: 352, Final: 3, Phantom: 47
[18.248s][info][gc,ref      ] GC(15) Discovered  references: Soft: 46, Weak: 140, Final: 1, Phantom: 39
[18.248s][info][gc,ref      ] GC(15) Enqueued    references: Soft: 4, Weak: 0, Final: 0, Phantom: 6
[18.248s][info][gc          ] GC(15) Concurrent weak references 0.150ms
[18.248s][info][gc,start    ] GC(15) Concurrent weak roots
[18.248s][info][gc,task     ] GC(15) Using 1 of 3 workers for concurrent weak root
[18.249s][info][gc          ] GC(15) Concurrent weak roots 0.862ms
[18.249s][info][gc,start    ] GC(15) Concurrent cleanup
[18.249s][info][gc          ] GC(15) Concurrent cleanup 1190M->82M(8192M) 0.032ms
[18.249s][info][gc,ergo     ] GC(15) Free: 7697M, Max: 4096K regular, 6412M humongous, Frag: 17% external, 0% internal; Reserve: 412M, Max: 4096K
[18.249s][info][gc,start    ] GC(15) Concurrent class unloading
[18.249s][info][gc,task     ] GC(15) Using 1 of 3 workers for concurrent class unloading
[18.254s][info][gc          ] GC(15) Concurrent class unloading 5.117ms
[18.255s][info][gc,start    ] GC(15) Pause Final Roots
[18.255s][info][gc          ] GC(15) Pause Final Roots 0.065ms
[18.255s][info][gc,ergo     ] Free: 7697M, Max: 4096K regular, 6412M humongous, Frag: 17% external, 0% internal; Reserve: 412M, Max: 4096K
[18.255s][info][gc,stats    ] 
[18.255s][info][gc,stats    ] All times are wall-clock times, except per-root-class counters, that are sum over
[18.255s][info][gc,stats    ] all workers. Dividing the <total> over the root stage time estimates parallelism.
[18.255s][info][gc,stats    ] 
[18.255s][info][gc,stats    ] Concurrent Reset                   1157 us
[18.255s][info][gc,stats    ] Pause Init Mark (G)                 266 us
[18.255s][info][gc,stats    ] Pause Init Mark (N)                 181 us
[18.255s][info][gc,stats    ]   Update Region States               54 us
[18.255s][info][gc,stats    ] Concurrent Mark Roots               370 us, parallelism: 0.75x
[18.255s][info][gc,stats    ]   CMR: <total>                      279 us
[18.255s][info][gc,stats    ]   CMR: Thread Roots                 243 us, workers (us): 243, ---, ---, 
[18.255s][info][gc,stats    ]   CMR: VM Strong Roots                4 us, workers (us):   4, ---, ---, 
[18.255s][info][gc,stats    ]   CMR: CLDG Roots                    32 us, workers (us):  32, ---, ---, 
[18.255s][info][gc,stats    ] Concurrent Marking                 3566 us
[18.255s][info][gc,stats    ] Pause Final Mark (G)                374 us
[18.255s][info][gc,stats    ] Pause Final Mark (N)                320 us
[18.255s][info][gc,stats    ]   Finish Mark                        89 us
[18.255s][info][gc,stats    ]   Update Region States               51 us
[18.255s][info][gc,stats    ]   Choose Collection Set              55 us
[18.255s][info][gc,stats    ]   Rebuild Free Set                   21 us
[18.255s][info][gc,stats    ] Concurrent Weak References          165 us, parallelism: 0.11x
[18.255s][info][gc,stats    ]   CWRF: <total>                      18 us
[18.255s][info][gc,stats    ]   CWRF: Weak References              18 us, workers (us):  18, ---, ---, 
[18.255s][info][gc,stats    ] Concurrent Weak Roots               874 us
[18.255s][info][gc,stats    ]   Roots                             787 us, parallelism: 0.96x
[18.255s][info][gc,stats    ]     CWR: <total>                    757 us
[18.255s][info][gc,stats    ]     CWR: Code Cache Roots           689 us, workers (us): 689, ---, ---, 
[18.255s][info][gc,stats    ]     CWR: VM Weak Roots               65 us, workers (us):  65, ---, ---, 
[18.255s][info][gc,stats    ]     CWR: CLDG Roots                   3 us, workers (us):   3, ---, ---, 
[18.255s][info][gc,stats    ]   Rendezvous                         43 us
[18.255s][info][gc,stats    ] Concurrent Cleanup                   41 us
[18.255s][info][gc,stats    ] Concurrent Class Unloading         5179 us
[18.255s][info][gc,stats    ]   Unlink Stale                     4591 us
[18.255s][info][gc,stats    ]     System Dictionary                61 us
[18.255s][info][gc,stats    ]     Weak Class Links               1485 us
[18.255s][info][gc,stats    ]     Code Roots                     3044 us
[18.255s][info][gc,stats    ]   Rendezvous                        227 us
[18.255s][info][gc,stats    ]   Purge Unlinked                    279 us
[18.255s][info][gc,stats    ]     Code Roots                      252 us
[18.255s][info][gc,stats    ]     CLDG                             26 us
[18.255s][info][gc,stats    ]     Exception Caches                  0 us
[18.255s][info][gc,stats    ] Pause Final Roots (G)               193 us
[18.255s][info][gc,stats    ] Pause Final Roots (N)                89 us
[18.255s][info][gc,stats    ] 
[18.255s][info][gc,stats    ] Allocation pacing accrued:
[18.255s][info][gc,stats    ]       0 of   539 ms (  0.0%): <total>
[18.255s][info][gc,stats    ]       0 of   539 ms (  0.0%): <average total>
[18.255s][info][gc,stats    ] 
[18.255s][info][gc,metaspace] Metaspace: 8159K(8320K)->8157K(8320K) NonClass: 7192K(7296K)->7190K(7296K) Class: 966K(1024K)->966K(1024K)
[18.255s][info][gc,ergo     ] Pacer for Idle. Initial: 163M, Alloc Tax Rate: 1.0x
[19.252s][info][gc          ] Trigger: Learning 2 of 5. Free (5717M) is below initial threshold (5734M)
[19.252s][info][gc,ergo     ] Free: 5717M, Max: 4096K regular, 5712M humongous, Frag: 0% external, 0% internal; Reserve: 412M, Max: 4096K
[19.252s][info][gc,start    ] GC(16) Concurrent reset
[19.252s][info][gc,task     ] GC(16) Using 1 of 3 workers for concurrent reset
[19.252s][info][gc,ergo     ] GC(16) Pacer for Reset. Non-Taxable: 8192M
[19.253s][info][gc          ] GC(16) Concurrent reset 0.503ms
[19.253s][info][gc,start    ] GC(16) Pause Init Mark (unload classes)
[19.253s][info][gc,task     ] GC(16) Using 3 of 3 workers for init marking
[19.253s][info][gc,ergo     ] GC(16) Pacer for Mark. Expected Live: 4538K, Free: 5717M, Non-Taxable: 571M, Alloc Tax Rate: 0.0x
[19.253s][info][gc          ] GC(16) Pause Init Mark (unload classes) 0.195ms
[19.259s][info][gc,start    ] GC(16) Concurrent marking roots
[19.259s][info][gc,task     ] GC(16) Using 1 of 3 workers for concurrent marking roots
[19.259s][info][gc          ] GC(16) Concurrent marking roots 0.446ms
[19.259s][info][gc,start    ] GC(16) Concurrent marking (unload classes)
[19.259s][info][gc,task     ] GC(16) Using 1 of 3 workers for concurrent marking
[19.265s][info][gc          ] GC(16) Concurrent marking (unload classes) 5.395ms
[19.265s][info][gc,start    ] GC(16) Pause Final Mark (unload classes)
[19.265s][info][gc,task     ] GC(16) Using 3 of 3 workers for final marking
[19.265s][info][gc,ergo     ] GC(16) Collectable Garbage: 1884M (91%), Immediate: 1884M (91%), CSet: 0B (0%)
[19.265s][info][gc          ] GC(16) Pause Final Mark (unload classes) 0.171ms
[19.266s][info][gc,start    ] GC(16) Concurrent weak references
[19.267s][info][gc,task     ] GC(16) Using 1 of 3 workers for concurrent weak references
[19.267s][info][gc,ref      ] GC(16) Encountered references: Soft: 80, Weak: 361, Final: 3, Phantom: 49
[19.267s][info][gc,ref      ] GC(16) Discovered  references: Soft: 0, Weak: 125, Final: 1, Phantom: 32
[19.267s][info][gc,ref      ] GC(16) Enqueued    references: Soft: 0, Weak: 0, Final: 0, Phantom: 0
[19.267s][info][gc          ] GC(16) Concurrent weak references 0.119ms
[19.267s][info][gc,start    ] GC(16) Concurrent weak roots
[19.267s][info][gc,task     ] GC(16) Using 1 of 3 workers for concurrent weak root
[19.268s][info][gc          ] GC(16) Concurrent weak roots 1.484ms
[19.268s][info][gc,start    ] GC(16) Concurrent cleanup
[19.268s][info][gc          ] GC(16) Concurrent cleanup 2098M->214M(8192M) 0.051ms
[19.268s][info][gc,ergo     ] GC(16) Free: 7565M, Max: 4096K regular, 5676M humongous, Frag: 25% external, 0% internal; Reserve: 412M, Max: 4096K
[19.268s][info][gc,start    ] GC(16) Concurrent class unloading
[19.268s][info][gc,task     ] GC(16) Using 1 of 3 workers for concurrent class unloading
[19.272s][info][gc          ] GC(16) Concurrent class unloading 3.826ms
[19.272s][info][gc,start    ] GC(16) Pause Final Roots
[19.272s][info][gc          ] GC(16) Pause Final Roots 0.015ms
[19.274s][info][gc,ergo     ] Free: 7553M, Max: 4096K regular, 5676M humongous, Frag: 25% external, 0% internal; Reserve: 412M, Max: 4096K
[19.274s][info][gc,stats    ] 
[19.274s][info][gc,stats    ] All times are wall-clock times, except per-root-class counters, that are sum over
[19.274s][info][gc,stats    ] all workers. Dividing the <total> over the root stage time estimates parallelism.
[19.274s][info][gc,stats    ] 
[19.274s][info][gc,stats    ] Concurrent Reset                    538 us
[19.274s][info][gc,stats    ] Pause Init Mark (G)                6008 us
[19.274s][info][gc,stats    ] Pause Init Mark (N)                 206 us
[19.274s][info][gc,stats    ]   Update Region States               36 us
[19.274s][info][gc,stats    ] Concurrent Mark Roots               469 us, parallelism: 0.70x
[19.274s][info][gc,stats    ]   CMR: <total>                      330 us
[19.274s][info][gc,stats    ]   CMR: Thread Roots                 290 us, workers (us): 290, ---, ---, 
[19.274s][info][gc,stats    ]   CMR: VM Strong Roots                4 us, workers (us):   4, ---, ---, 
[19.274s][info][gc,stats    ]   CMR: CLDG Roots                    36 us, workers (us):  36, ---, ---, 
[19.274s][info][gc,stats    ] Concurrent Marking                 5431 us
[19.274s][info][gc,stats    ] Pause Final Mark (G)               1718 us
[19.274s][info][gc,stats    ] Pause Final Mark (N)                182 us
[19.274s][info][gc,stats    ]   Finish Mark                        58 us
[19.274s][info][gc,stats    ]   Update Region States               35 us
[19.274s][info][gc,stats    ]   Choose Collection Set              42 us
[19.274s][info][gc,stats    ]   Rebuild Free Set                    8 us
[19.274s][info][gc,stats    ] Concurrent Weak References          128 us, parallelism: 0.09x
[19.274s][info][gc,stats    ]   CWRF: <total>                      12 us
[19.274s][info][gc,stats    ]   CWRF: Weak References              12 us, workers (us):  12, ---, ---, 
[19.274s][info][gc,stats    ] Concurrent Weak Roots              1523 us
[19.274s][info][gc,stats    ]   Roots                             998 us, parallelism: 0.97x
[19.274s][info][gc,stats    ]     CWR: <total>                    966 us
[19.274s][info][gc,stats    ]     CWR: Code Cache Roots           883 us, workers (us): 883, ---, ---, 
[19.274s][info][gc,stats    ]     CWR: VM Weak Roots               78 us, workers (us):  78, ---, ---, 
[19.274s][info][gc,stats    ]     CWR: CLDG Roots                   5 us, workers (us):   5, ---, ---, 
[19.274s][info][gc,stats    ]   Rendezvous                        465 us
[19.274s][info][gc,stats    ] Concurrent Cleanup                   62 us
[19.274s][info][gc,stats    ] Concurrent Class Unloading         3861 us
[19.274s][info][gc,stats    ]   Unlink Stale                     3534 us
[19.274s][info][gc,stats    ]     System Dictionary                 6 us
[19.274s][info][gc,stats    ]     Weak Class Links                  0 us
[19.274s][info][gc,stats    ]     Code Roots                     3527 us
[19.274s][info][gc,stats    ]   Rendezvous                         68 us
[19.274s][info][gc,stats    ]   Purge Unlinked                    201 us
[19.274s][info][gc,stats    ]     Code Roots                      197 us
[19.274s][info][gc,stats    ]     CLDG                              4 us
[19.274s][info][gc,stats    ]     Exception Caches                  0 us
[19.274s][info][gc,stats    ] Pause Final Roots (G)              1901 us
[19.274s][info][gc,stats    ] Pause Final Roots (N)                24 us
[19.274s][info][gc,stats    ] 
[19.274s][info][gc,stats    ] Allocation pacing accrued:
[19.274s][info][gc,stats    ]       0 of  1019 ms (  0.0%): <total>
[19.274s][info][gc,stats    ]       0 of  1019 ms (  0.0%): <average total>
[19.274s][info][gc,stats    ] 
[19.275s][info][gc,metaspace] Metaspace: 8166K(8320K)->8166K(8320K) NonClass: 7199K(7296K)->7199K(7296K) Class: 966K(1024K)->966K(1024K)
[19.275s][info][gc,ergo     ] Pacer for Idle. Initial: 163M, Alloc Tax Rate: 1.0x
[20.178s][info][gc          ] Trigger: Learning 3 of 5. Free (5733M) is below initial threshold (5734M)
[20.178s][info][gc,ergo     ] Free: 5733M, Max: 4096K regular, 5676M humongous, Frag: 1% external, 0% internal; Reserve: 412M, Max: 4096K
[20.178s][info][gc,start    ] GC(17) Concurrent reset
[20.178s][info][gc,task     ] GC(17) Using 1 of 3 workers for concurrent reset
[20.178s][info][gc,ergo     ] GC(17) Pacer for Reset. Non-Taxable: 8192M
[20.179s][info][gc          ] GC(17) Concurrent reset 0.956ms
[20.179s][info][gc,start    ] GC(17) Pause Init Mark (unload classes)
[20.179s][info][gc,task     ] GC(17) Using 3 of 3 workers for init marking
[20.179s][info][gc,ergo     ] GC(17) Pacer for Mark. Expected Live: 4511K, Free: 5729M, Non-Taxable: 572M, Alloc Tax Rate: 0.0x
[20.179s][info][gc          ] GC(17) Pause Init Mark (unload classes) 0.108ms
[20.179s][info][gc,start    ] GC(17) Concurrent marking roots
[20.179s][info][gc,task     ] GC(17) Using 1 of 3 workers for concurrent marking roots
[20.180s][info][gc          ] GC(17) Concurrent marking roots 0.487ms
[20.180s][info][gc,start    ] GC(17) Concurrent marking (unload classes)
[20.180s][info][gc,task     ] GC(17) Using 1 of 3 workers for concurrent marking
[20.185s][info][gc          ] GC(17) Concurrent marking (unload classes) 4.773ms
[20.185s][info][gc,start    ] GC(17) Pause Final Mark (unload classes)
[20.185s][info][gc,task     ] GC(17) Using 3 of 3 workers for final marking
[20.185s][info][gc,ergo     ] GC(17) Collectable Garbage: 1868M (91%), Immediate: 1868M (91%), CSet: 0B (0%)
[20.185s][info][gc          ] GC(17) Pause Final Mark (unload classes) 0.159ms
[20.185s][info][gc,start    ] GC(17) Concurrent weak references
[20.185s][info][gc,task     ] GC(17) Using 1 of 3 workers for concurrent weak references
[20.185s][info][gc,ref      ] GC(17) Encountered references: Soft: 80, Weak: 362, Final: 3, Phantom: 49
[20.185s][info][gc,ref      ] GC(17) Discovered  references: Soft: 0, Weak: 125, Final: 1, Phantom: 38
[20.185s][info][gc,ref      ] GC(17) Enqueued    references: Soft: 0, Weak: 0, Final: 0, Phantom: 0
[20.185s][info][gc          ] GC(17) Concurrent weak references 0.074ms
[20.185s][info][gc,start    ] GC(17) Concurrent weak roots
[20.185s][info][gc,task     ] GC(17) Using 1 of 3 workers for concurrent weak root
[20.187s][info][gc          ] GC(17) Concurrent weak roots 1.618ms
[20.187s][info][gc,start    ] GC(17) Concurrent cleanup
[20.187s][info][gc          ] GC(17) Concurrent cleanup 2074M->206M(8192M) 0.055ms
[20.187s][info][gc,ergo     ] GC(17) Free: 7573M, Max: 4096K regular, 5776M humongous, Frag: 24% external, 0% internal; Reserve: 412M, Max: 4096K
[20.187s][info][gc,start    ] GC(17) Concurrent class unloading
[20.187s][info][gc,task     ] GC(17) Using 1 of 3 workers for concurrent class unloading
[20.190s][info][gc          ] GC(17) Concurrent class unloading 3.451ms
[20.190s][info][gc,start    ] GC(17) Pause Final Roots
[20.190s][info][gc          ] GC(17) Pause Final Roots 0.029ms
[20.193s][info][gc,ergo     ] Free: 7569M, Max: 4096K regular, 5776M humongous, Frag: 24% external, 0% internal; Reserve: 412M, Max: 4096K
[20.193s][info][gc,stats    ] 
[20.193s][info][gc,stats    ] All times are wall-clock times, except per-root-class counters, that are sum over
[20.193s][info][gc,stats    ] all workers. Dividing the <total> over the root stage time estimates parallelism.
[20.193s][info][gc,stats    ] 
[20.193s][info][gc,stats    ] Concurrent Reset                   1015 us
[20.193s][info][gc,stats    ] Pause Init Mark (G)                 280 us
[20.193s][info][gc,stats    ] Pause Init Mark (N)                 117 us
[20.193s][info][gc,stats    ]   Update Region States               41 us
[20.193s][info][gc,stats    ] Concurrent Mark Roots               504 us, parallelism: 0.85x
[20.193s][info][gc,stats    ]   CMR: <total>                      428 us
[20.193s][info][gc,stats    ]   CMR: Thread Roots                 375 us, workers (us): 375, ---, ---, 
[20.193s][info][gc,stats    ]   CMR: VM Strong Roots                5 us, workers (us):   5, ---, ---, 
[20.193s][info][gc,stats    ]   CMR: CLDG Roots                    48 us, workers (us):  48, ---, ---, 
[20.193s][info][gc,stats    ] Concurrent Marking                 4807 us
[20.193s][info][gc,stats    ] Pause Final Mark (G)                282 us
[20.193s][info][gc,stats    ] Pause Final Mark (N)                170 us
[20.193s][info][gc,stats    ]   Finish Mark                        44 us
[20.193s][info][gc,stats    ]   Update Region States               30 us
[20.193s][info][gc,stats    ]   Choose Collection Set              43 us
[20.193s][info][gc,stats    ]   Rebuild Free Set                    8 us
[20.193s][info][gc,stats    ] Concurrent Weak References           83 us, parallelism: 0.11x
[20.193s][info][gc,stats    ]   CWRF: <total>                       9 us
[20.193s][info][gc,stats    ]   CWRF: Weak References               9 us, workers (us):   9, ---, ---, 
[20.193s][info][gc,stats    ] Concurrent Weak Roots              1655 us
[20.193s][info][gc,stats    ]   Roots                            1134 us, parallelism: 0.96x
[20.193s][info][gc,stats    ]     CWR: <total>                   1089 us
[20.193s][info][gc,stats    ]     CWR: Code Cache Roots          1006 us, workers (us): 1006, ---, ---, 
[20.193s][info][gc,stats    ]     CWR: VM Weak Roots               78 us, workers (us):  78, ---, ---, 
[20.193s][info][gc,stats    ]     CWR: CLDG Roots                   5 us, workers (us):   5, ---, ---, 
[20.193s][info][gc,stats    ]   Rendezvous                        452 us
[20.193s][info][gc,stats    ] Concurrent Cleanup                   65 us
[20.193s][info][gc,stats    ] Concurrent Class Unloading         3485 us
[20.193s][info][gc,stats    ]   Unlink Stale                     3151 us
[20.193s][info][gc,stats    ]     System Dictionary                 8 us
[20.193s][info][gc,stats    ]     Weak Class Links                  0 us
[20.193s][info][gc,stats    ]     Code Roots                     3141 us
[20.193s][info][gc,stats    ]   Rendezvous                         62 us
[20.193s][info][gc,stats    ]   Purge Unlinked                    216 us
[20.193s][info][gc,stats    ]     Code Roots                      212 us
[20.193s][info][gc,stats    ]     CLDG                              4 us
[20.193s][info][gc,stats    ]     Exception Caches                  0 us
[20.193s][info][gc,stats    ] Pause Final Roots (G)              2868 us
[20.193s][info][gc,stats    ] Pause Final Roots (N)                40 us
[20.193s][info][gc,stats    ] 
[20.193s][info][gc,stats    ] Allocation pacing accrued:
[20.193s][info][gc,stats    ]       0 of   919 ms (  0.0%): <total>
[20.193s][info][gc,stats    ]       0 of   919 ms (  0.0%): <average total>
[20.193s][info][gc,stats    ] 
[20.193s][info][gc,metaspace] Metaspace: 8166K(8320K)->8166K(8320K) NonClass: 7199K(7296K)->7199K(7296K) Class: 966K(1024K)->966K(1024K)
[20.193s][info][gc,ergo     ] Pacer for Idle. Initial: 163M, Alloc Tax Rate: 1.0x
[20.716s][info][gc          ] Trigger: Explicit GC request (System.gc())
[20.716s][info][gc,ergo     ] Free: 6557M, Max: 4096K regular, 5776M humongous, Frag: 12% external, 0% internal; Reserve: 412M, Max: 4096K
[20.716s][info][gc,start    ] GC(18) Concurrent reset
[20.716s][info][gc,task     ] GC(18) Using 1 of 3 workers for concurrent reset
[20.716s][info][gc,ergo     ] GC(18) Pacer for Reset. Non-Taxable: 8192M
[20.718s][info][gc          ] GC(18) Concurrent reset 1.236ms
[20.718s][info][gc,start    ] GC(18) Pause Init Mark (unload classes)
[20.718s][info][gc,task     ] GC(18) Using 3 of 3 workers for init marking
[20.718s][info][gc,ref      ] GC(18) Clearing All SoftReferences
[20.718s][info][gc,ergo     ] GC(18) Pacer for Mark. Expected Live: 4785K, Free: 6557M, Non-Taxable: 655M, Alloc Tax Rate: 0.0x
[20.718s][info][gc          ] GC(18) Pause Init Mark (unload classes) 0.162ms
[20.718s][info][gc,start    ] GC(18) Concurrent marking roots
[20.718s][info][gc,task     ] GC(18) Using 1 of 3 workers for concurrent marking roots
[20.718s][info][gc          ] GC(18) Concurrent marking roots 0.624ms
[20.718s][info][gc,start    ] GC(18) Concurrent marking (unload classes)
[20.718s][info][gc,task     ] GC(18) Using 1 of 3 workers for concurrent marking
[20.722s][info][gc          ] GC(18) Concurrent marking (unload classes) 3.627ms
[20.722s][info][gc,start    ] GC(18) Pause Final Mark (unload classes)
[20.722s][info][gc,task     ] GC(18) Using 3 of 3 workers for final marking
[20.722s][info][gc,ergo     ] GC(18) Collectable Garbage: 1123M (92%), Immediate: 1123M (92%), CSet: 0B (0%)
[20.722s][info][gc          ] GC(18) Pause Final Mark (unload classes) 0.138ms
[20.722s][info][gc,start    ] GC(18) Concurrent weak references
[20.722s][info][gc,task     ] GC(18) Using 1 of 3 workers for concurrent weak references
[20.722s][info][gc,ref      ] GC(18) Encountered references: Soft: 79, Weak: 352, Final: 3, Phantom: 47
[20.722s][info][gc,ref      ] GC(18) Discovered  references: Soft: 46, Weak: 140, Final: 1, Phantom: 39
[20.722s][info][gc,ref      ] GC(18) Enqueued    references: Soft: 4, Weak: 0, Final: 0, Phantom: 6
[20.722s][info][gc          ] GC(18) Concurrent weak references 0.136ms
[20.722s][info][gc,start    ] GC(18) Concurrent weak roots
[20.723s][info][gc,task     ] GC(18) Using 1 of 3 workers for concurrent weak root
[20.724s][info][gc          ] GC(18) Concurrent weak roots 1.057ms
[20.724s][info][gc,start    ] GC(18) Concurrent cleanup
[20.724s][info][gc          ] GC(18) Concurrent cleanup 1222M->98M(8192M) 0.036ms
[20.724s][info][gc,ergo     ] GC(18) Free: 7681M, Max: 4096K regular, 5988M humongous, Frag: 22% external, 0% internal; Reserve: 412M, Max: 4096K
[20.724s][info][gc,start    ] GC(18) Concurrent class unloading
[20.724s][info][gc,task     ] GC(18) Using 1 of 3 workers for concurrent class unloading
[20.729s][info][gc          ] GC(18) Concurrent class unloading 5.470ms
[20.729s][info][gc,start    ] GC(18) Pause Final Roots
[20.729s][info][gc          ] GC(18) Pause Final Roots 0.062ms
[20.729s][info][gc,ergo     ] Free: 7681M, Max: 4096K regular, 5988M humongous, Frag: 22% external, 0% internal; Reserve: 412M, Max: 4096K
[20.729s][info][gc,stats    ] 
[20.729s][info][gc,stats    ] All times are wall-clock times, except per-root-class counters, that are sum over
[20.729s][info][gc,stats    ] all workers. Dividing the <total> over the root stage time estimates parallelism.
[20.729s][info][gc,stats    ] 
[20.729s][info][gc,stats    ] Concurrent Reset                   1284 us
[20.729s][info][gc,stats    ] Pause Init Mark (G)                 260 us
[20.730s][info][gc,stats    ] Pause Init Mark (N)                 171 us
[20.730s][info][gc,stats    ]   Update Region States               48 us
[20.730s][info][gc,stats    ] Concurrent Mark Roots               643 us, parallelism: 0.84x
[20.730s][info][gc,stats    ]   CMR: <total>                      537 us
[20.730s][info][gc,stats    ]   CMR: Thread Roots                 468 us, workers (us): 468, ---, ---, 
[20.730s][info][gc,stats    ]   CMR: VM Strong Roots                5 us, workers (us):   5, ---, ---, 
[20.730s][info][gc,stats    ]   CMR: CLDG Roots                    64 us, workers (us):  64, ---, ---, 
[20.730s][info][gc,stats    ] Concurrent Marking                 3688 us
[20.730s][info][gc,stats    ] Pause Final Mark (G)                179 us
[20.730s][info][gc,stats    ] Pause Final Mark (N)                146 us
[20.730s][info][gc,stats    ]   Finish Mark                        44 us
[20.730s][info][gc,stats    ]   Update Region States               32 us
[20.730s][info][gc,stats    ]   Choose Collection Set              25 us
[20.730s][info][gc,stats    ]   Rebuild Free Set                    8 us
[20.730s][info][gc,stats    ] Concurrent Weak References          163 us, parallelism: 0.05x
[20.730s][info][gc,stats    ]   CWRF: <total>                       8 us
[20.730s][info][gc,stats    ]   CWRF: Weak References               8 us, workers (us):   8, ---, ---, 
[20.730s][info][gc,stats    ] Concurrent Weak Roots              1072 us
[20.730s][info][gc,stats    ]   Roots                             958 us, parallelism: 0.97x
[20.730s][info][gc,stats    ]     CWR: <total>                    927 us
[20.730s][info][gc,stats    ]     CWR: Code Cache Roots           854 us, workers (us): 854, ---, ---, 
[20.730s][info][gc,stats    ]     CWR: VM Weak Roots               67 us, workers (us):  67, ---, ---, 
[20.730s][info][gc,stats    ]     CWR: CLDG Roots                   5 us, workers (us):   5, ---, ---, 
[20.730s][info][gc,stats    ]   Rendezvous                         62 us
[20.730s][info][gc,stats    ] Concurrent Cleanup                   45 us
[20.730s][info][gc,stats    ] Concurrent Class Unloading         5531 us
[20.730s][info][gc,stats    ]   Unlink Stale                     5118 us
[20.730s][info][gc,stats    ]     System Dictionary                67 us
[20.730s][info][gc,stats    ]     Weak Class Links               1520 us
[20.730s][info][gc,stats    ]     Code Roots                     3529 us
[20.730s][info][gc,stats    ]   Rendezvous                         67 us
[20.730s][info][gc,stats    ]   Purge Unlinked                    264 us
[20.730s][info][gc,stats    ]     Code Roots                      235 us
[20.730s][info][gc,stats    ]     CLDG                             28 us
[20.730s][info][gc,stats    ]     Exception Caches                  1 us
[20.730s][info][gc,stats    ] Pause Final Roots (G)               136 us
[20.730s][info][gc,stats    ] Pause Final Roots (N)                80 us
[20.730s][info][gc,stats    ] 
[20.730s][info][gc,stats    ] Allocation pacing accrued:
[20.730s][info][gc,stats    ]       0 of   536 ms (  0.0%): <total>
[20.730s][info][gc,stats    ]       0 of   536 ms (  0.0%): <average total>
[20.730s][info][gc,stats    ] 
[20.730s][info][gc,metaspace] Metaspace: 8166K(8320K)->8163K(8320K) NonClass: 7199K(7296K)->7197K(7296K) Class: 966K(1024K)->966K(1024K)
[20.730s][info][gc,ergo     ] Pacer for Idle. Initial: 163M, Alloc Tax Rate: 1.0x
[21.710s][info][gc          ] Trigger: Learning 2 of 5. Free (5729M) is below initial threshold (5734M)
[21.711s][info][gc,ergo     ] Free: 5725M, Max: 4096K regular, 5720M humongous, Frag: 0% external, 0% internal; Reserve: 412M, Max: 4096K
[21.711s][info][gc,start    ] GC(19) Concurrent reset
[21.711s][info][gc,task     ] GC(19) Using 1 of 3 workers for concurrent reset
[21.711s][info][gc,ergo     ] GC(19) Pacer for Reset. Non-Taxable: 8192M
[21.711s][info][gc          ] GC(19) Concurrent reset 0.577ms
[21.711s][info][gc,start    ] GC(19) Pause Init Mark (unload classes)
[21.711s][info][gc,task     ] GC(19) Using 3 of 3 workers for init marking
[21.711s][info][gc,ergo     ] GC(19) Pacer for Mark. Expected Live: 4474K, Free: 5725M, Non-Taxable: 572M, Alloc Tax Rate: 0.0x
[21.711s][info][gc          ] GC(19) Pause Init Mark (unload classes) 0.107ms
[21.714s][info][gc,start    ] GC(19) Concurrent marking roots
[21.714s][info][gc,task     ] GC(19) Using 1 of 3 workers for concurrent marking roots
[21.715s][info][gc          ] GC(19) Concurrent marking roots 0.439ms
[21.715s][info][gc,start    ] GC(19) Concurrent marking (unload classes)
[21.715s][info][gc,task     ] GC(19) Using 1 of 3 workers for concurrent marking
[21.720s][info][gc          ] GC(19) Concurrent marking (unload classes) 5.093ms
[21.720s][info][gc,start    ] GC(19) Pause Final Mark (unload classes)
[21.720s][info][gc,task     ] GC(19) Using 3 of 3 workers for final marking
[21.720s][info][gc,ergo     ] GC(19) Adaptive CSet Selection. Target Free: 1160M, Actual Free: 7960M, Max CSet: 341M, Min Garbage: 0B
[21.720s][info][gc,ergo     ] GC(19) Collectable Garbage: 2048M (99%), Immediate: 1852M (90%), CSet: 196M (9%)
[21.720s][info][gc,ergo     ] GC(19) Pacer for Evacuation. Used CSet: 198M, Free: 7551M, Non-Taxable: 755M, Alloc Tax Rate: 1.1x
[21.720s][info][gc          ] GC(19) Pause Final Mark (unload classes) 0.171ms
[21.720s][info][gc,start    ] GC(19) Concurrent thread roots
[21.720s][info][gc,task     ] GC(19) Using 1 of 3 workers for Concurrent thread roots
[21.721s][info][gc          ] GC(19) Concurrent thread roots 0.419ms
[21.721s][info][gc,start    ] GC(19) Concurrent weak references
[21.721s][info][gc,task     ] GC(19) Using 1 of 3 workers for concurrent weak references
[21.721s][info][gc,ref      ] GC(19) Encountered references: Soft: 80, Weak: 365, Final: 3, Phantom: 49
[21.721s][info][gc,ref      ] GC(19) Discovered  references: Soft: 0, Weak: 125, Final: 1, Phantom: 31
[21.721s][info][gc,ref      ] GC(19) Enqueued    references: Soft: 0, Weak: 0, Final: 0, Phantom: 0
[21.721s][info][gc          ] GC(19) Concurrent weak references 0.077ms
[21.721s][info][gc,start    ] GC(19) Concurrent weak roots
[21.721s][info][gc,task     ] GC(19) Using 1 of 3 workers for concurrent weak root
[21.722s][info][gc          ] GC(19) Concurrent weak roots 1.040ms
[21.722s][info][gc,start    ] GC(19) Concurrent cleanup
[21.722s][info][gc          ] GC(19) Concurrent cleanup 2102M->250M(8192M) 0.045ms
[21.722s][info][gc,ergo     ] GC(19) Free: 7527M, Max: 4096K regular, 5672M humongous, Frag: 25% external, 0% internal; Reserve: 411M, Max: 4096K
[21.722s][info][gc,start    ] GC(19) Concurrent class unloading
[21.722s][info][gc,task     ] GC(19) Using 1 of 3 workers for concurrent class unloading
[21.728s][info][gc          ] GC(19) Concurrent class unloading 5.523ms
[21.728s][info][gc,start    ] GC(19) Concurrent strong roots
[21.728s][info][gc,task     ] GC(19) Using 1 of 3 workers for concurrent strong root
[21.728s][info][gc          ] GC(19) Concurrent strong roots 0.075ms
[21.728s][info][gc,start    ] GC(19) Concurrent evacuation
[21.728s][info][gc,task     ] GC(19) Using 1 of 3 workers for concurrent evacuation
[21.729s][info][gc          ] GC(19) Concurrent evacuation 1.423ms
[21.729s][info][gc,start    ] GC(19) Pause Init Update Refs
[21.729s][info][gc,ergo     ] GC(19) Pacer for Update Refs. Used: 252M, Free: 7527M, Non-Taxable: 752M, Alloc Tax Rate: 1.1x
[21.729s][info][gc          ] GC(19) Pause Init Update Refs 0.047ms
[21.729s][info][gc,start    ] GC(19) Concurrent update references
[21.729s][info][gc,task     ] GC(19) Using 1 of 3 workers for concurrent reference update
[21.735s][info][gc          ] GC(19) Concurrent update references 6.008ms
[21.735s][info][gc,start    ] GC(19) Concurrent update thread roots
[21.736s][info][gc          ] GC(19) Concurrent update thread roots 0.470ms
[21.736s][info][gc,start    ] GC(19) Pause Final Update Refs
[21.736s][info][gc,task     ] GC(19) Using 3 of 3 workers for final reference update
[21.736s][info][gc          ] GC(19) Pause Final Update Refs 0.095ms
[21.736s][info][gc,start    ] GC(19) Concurrent cleanup
[21.736s][info][gc          ] GC(19) Concurrent cleanup 260M->62M(8192M) 0.041ms
[21.736s][info][gc,ergo     ] Free: 7717M, Max: 4096K regular, 5672M humongous, Frag: 27% external, 0% internal; Reserve: 412M, Max: 4096K
[21.736s][info][gc,stats    ] 
[21.736s][info][gc,stats    ] All times are wall-clock times, except per-root-class counters, that are sum over
[21.736s][info][gc,stats    ] all workers. Dividing the <total> over the root stage time estimates parallelism.
[21.736s][info][gc,stats    ] 
[21.736s][info][gc,stats    ] Concurrent Reset                    602 us
[21.736s][info][gc,stats    ] Pause Init Mark (G)                2992 us
[21.736s][info][gc,stats    ] Pause Init Mark (N)                 117 us
[21.736s][info][gc,stats    ]   Update Region States               35 us
[21.736s][info][gc,stats    ] Concurrent Mark Roots               463 us, parallelism: 0.72x
[21.736s][info][gc,stats    ]   CMR: <total>                      335 us
[21.736s][info][gc,stats    ]   CMR: Thread Roots                 284 us, workers (us): 284, ---, ---, 
[21.736s][info][gc,stats    ]   CMR: VM Strong Roots                5 us, workers (us):   5, ---, ---, 
[21.736s][info][gc,stats    ]   CMR: CLDG Roots                    46 us, workers (us):  46, ---, ---, 
[21.736s][info][gc,stats    ] Concurrent Marking                 5125 us
[21.736s][info][gc,stats    ] Pause Final Mark (G)                580 us
[21.736s][info][gc,stats    ] Pause Final Mark (N)                179 us
[21.736s][info][gc,stats    ]   Finish Mark                        44 us
[21.737s][info][gc,stats    ]   Update Region States               29 us
[21.737s][info][gc,stats    ]   Choose Collection Set              40 us
[21.737s][info][gc,stats    ]   Rebuild Free Set                    8 us
[21.737s][info][gc,stats    ] Concurrent Thread Roots             444 us, parallelism: 0.82x
[21.737s][info][gc,stats    ]   CTR: <total>                      364 us
[21.737s][info][gc,stats    ]   CTR: Thread Roots                 364 us, workers (us): 364, ---, ---, 
[21.737s][info][gc,stats    ] Concurrent Weak References           85 us, parallelism: 0.14x
[21.737s][info][gc,stats    ]   CWRF: <total>                      12 us
[21.737s][info][gc,stats    ]   CWRF: Weak References              12 us, workers (us):  12, ---, ---, 
[21.737s][info][gc,stats    ] Concurrent Weak Roots              1063 us
[21.737s][info][gc,stats    ]   Roots                             955 us, parallelism: 0.94x
[21.737s][info][gc,stats    ]     CWR: <total>                    900 us
[21.737s][info][gc,stats    ]     CWR: Code Cache Roots           805 us, workers (us): 805, ---, ---, 
[21.737s][info][gc,stats    ]     CWR: VM Weak Roots               90 us, workers (us):  90, ---, ---, 
[21.737s][info][gc,stats    ]     CWR: CLDG Roots                   6 us, workers (us):   6, ---, ---, 
[21.737s][info][gc,stats    ]   Rendezvous                         66 us
[21.737s][info][gc,stats    ] Concurrent Cleanup                   56 us
[21.737s][info][gc,stats    ] Concurrent Class Unloading         5557 us
[21.737s][info][gc,stats    ]   Unlink Stale                     3176 us
[21.737s][info][gc,stats    ]     System Dictionary                 7 us
[21.737s][info][gc,stats    ]     Weak Class Links                  0 us
[21.737s][info][gc,stats    ]     Code Roots                     3167 us
[21.737s][info][gc,stats    ]   Rendezvous                       2091 us
[21.737s][info][gc,stats    ]   Purge Unlinked                    227 us
[21.737s][info][gc,stats    ]     Code Roots                      220 us
[21.737s][info][gc,stats    ]     CLDG                              6 us
[21.737s][info][gc,stats    ]     Exception Caches                  0 us
[21.737s][info][gc,stats    ] Concurrent Strong Roots              86 us, parallelism: 0.30x
[21.737s][info][gc,stats    ]   CSR: <total>                       26 us
[21.737s][info][gc,stats    ]   CSR: VM Strong Roots                2 us, workers (us):   2, ---, ---, 
[21.737s][info][gc,stats    ]   CSR: CLDG Roots                    24 us, workers (us):  24, ---, ---, 
[21.737s][info][gc,stats    ] Concurrent Evacuation              1462 us
[21.737s][info][gc,stats    ] Pause Init Update Refs (G)          352 us
[21.737s][info][gc,stats    ] Pause Init Update Refs (N)           57 us
[21.737s][info][gc,stats    ]   Manage GCLABs                       5 us
[21.737s][info][gc,stats    ] Concurrent Update Refs             6039 us
[21.737s][info][gc,stats    ] Concurrent Update Thread Roots      497 us
[21.737s][info][gc,stats    ] Pause Final Update Refs (G)         276 us
[21.737s][info][gc,stats    ] Pause Final Update Refs (N)         112 us
[21.737s][info][gc,stats    ]   Update Region States               41 us
[21.737s][info][gc,stats    ]   Trash Collection Set                3 us
[21.737s][info][gc,stats    ]   Rebuild Free Set                   12 us
[21.737s][info][gc,stats    ] Concurrent Cleanup                   53 us
[21.737s][info][gc,stats    ] 
[21.737s][info][gc,stats    ] Allocation pacing accrued:
[21.737s][info][gc,stats    ]       0 of  1007 ms (  0.0%): <total>
[21.737s][info][gc,stats    ]       0 of  1007 ms (  0.0%): <average total>
[21.737s][info][gc,stats    ] 
[21.737s][info][gc,metaspace] Metaspace: 8169K(8320K)->8169K(8320K) NonClass: 7202K(7296K)->7202K(7296K) Class: 966K(1024K)->966K(1024K)
[21.737s][info][gc,ergo     ] Pacer for Idle. Initial: 163M, Alloc Tax Rate: 1.0x
[22.740s][info][gc          ] Trigger: Learning 3 of 5. Free (5713M) is below initial threshold (5734M)
[22.740s][info][gc,ergo     ] Free: 5713M, Max: 4096K regular, 5672M humongous, Frag: 1% external, 0% internal; Reserve: 412M, Max: 4096K
[22.740s][info][gc,start    ] GC(20) Concurrent reset
[22.740s][info][gc,task     ] GC(20) Using 1 of 3 workers for concurrent reset
[22.740s][info][gc,ergo     ] GC(20) Pacer for Reset. Non-Taxable: 8192M
[22.741s][info][gc          ] GC(20) Concurrent reset 0.964ms
[22.742s][info][gc,start    ] GC(20) Pause Init Mark (unload classes)
[22.742s][info][gc,task     ] GC(20) Using 3 of 3 workers for init marking
[22.742s][info][gc,ergo     ] GC(20) Pacer for Mark. Expected Live: 4490K, Free: 5713M, Non-Taxable: 571M, Alloc Tax Rate: 0.0x
[22.742s][info][gc          ] GC(20) Pause Init Mark (unload classes) 0.127ms
[22.745s][info][gc,start    ] GC(20) Concurrent marking roots
[22.746s][info][gc,task     ] GC(20) Using 1 of 3 workers for concurrent marking roots
[22.746s][info][gc          ] GC(20) Concurrent marking roots 0.452ms
[22.746s][info][gc,start    ] GC(20) Concurrent marking (unload classes)
[22.746s][info][gc,task     ] GC(20) Using 1 of 3 workers for concurrent marking
[22.751s][info][gc          ] GC(20) Concurrent marking (unload classes) 4.865ms
[22.751s][info][gc,start    ] GC(20) Pause Final Mark (unload classes)
[22.751s][info][gc,task     ] GC(20) Using 3 of 3 workers for final marking
[22.751s][info][gc,ergo     ] GC(20) Collectable Garbage: 1987M (96%), Immediate: 1987M (96%), CSet: 0B (0%)
[22.751s][info][gc          ] GC(20) Pause Final Mark (unload classes) 0.161ms
[22.751s][info][gc,start    ] GC(20) Concurrent weak references
[22.751s][info][gc,task     ] GC(20) Using 1 of 3 workers for concurrent weak references
[22.751s][info][gc,ref      ] GC(20) Encountered references: Soft: 80, Weak: 363, Final: 3, Phantom: 49
[22.751s][info][gc,ref      ] GC(20) Discovered  references: Soft: 0, Weak: 125, Final: 1, Phantom: 32
[22.751s][info][gc,ref      ] GC(20) Enqueued    references: Soft: 0, Weak: 0, Final: 0, Phantom: 0
[22.751s][info][gc          ] GC(20) Concurrent weak references 0.076ms
[22.751s][info][gc,start    ] GC(20) Concurrent weak roots
[22.751s][info][gc,task     ] GC(20) Using 1 of 3 workers for concurrent weak root
[22.753s][info][gc          ] GC(20) Concurrent weak roots 1.155ms
[22.753s][info][gc,start    ] GC(20) Concurrent cleanup
[22.753s][info][gc          ] GC(20) Concurrent cleanup 2090M->102M(8192M) 0.047ms
[22.753s][info][gc,ergo     ] GC(20) Free: 7677M, Max: 4096K regular, 5732M humongous, Frag: 26% external, 0% internal; Reserve: 412M, Max: 4096K
[22.753s][info][gc,start    ] GC(20) Concurrent class unloading
[22.753s][info][gc,task     ] GC(20) Using 1 of 3 workers for concurrent class unloading
[22.757s][info][gc          ] GC(20) Concurrent class unloading 4.240ms
[22.757s][info][gc,start    ] GC(20) Pause Final Roots
[22.757s][info][gc          ] GC(20) Pause Final Roots 0.027ms
[22.758s][info][gc,ergo     ] Free: 7661M, Max: 4096K regular, 5732M humongous, Frag: 26% external, 0% internal; Reserve: 412M, Max: 4096K
[22.758s][info][gc,stats    ] 
[22.758s][info][gc,stats    ] All times are wall-clock times, except per-root-class counters, that are sum over
[22.758s][info][gc,stats    ] all workers. Dividing the <total> over the root stage time estimates parallelism.
[22.758s][info][gc,stats    ] 
[22.758s][info][gc,stats    ] Concurrent Reset                   1006 us
[22.758s][info][gc,stats    ] Pause Init Mark (G)                4042 us
[22.758s][info][gc,stats    ] Pause Init Mark (N)                 138 us
[22.758s][info][gc,stats    ]   Update Region States               47 us
[22.758s][info][gc,stats    ] Concurrent Mark Roots               472 us, parallelism: 0.76x
[22.758s][info][gc,stats    ]   CMR: <total>                      360 us
[22.758s][info][gc,stats    ]   CMR: Thread Roots                 316 us, workers (us): 316, ---, ---, 
[22.758s][info][gc,stats    ]   CMR: VM Strong Roots               13 us, workers (us):  13, ---, ---, 
[22.758s][info][gc,stats    ]   CMR: CLDG Roots                    32 us, workers (us):  32, ---, ---, 
[22.758s][info][gc,stats    ] Concurrent Marking                 4897 us
[22.758s][info][gc,stats    ] Pause Final Mark (G)                517 us
[22.758s][info][gc,stats    ] Pause Final Mark (N)                172 us
[22.758s][info][gc,stats    ]   Finish Mark                        43 us
[22.758s][info][gc,stats    ]   Update Region States               34 us
[22.758s][info][gc,stats    ]   Choose Collection Set              45 us
[22.758s][info][gc,stats    ]   Rebuild Free Set                    8 us
[22.758s][info][gc,stats    ] Concurrent Weak References           85 us, parallelism: 0.10x
[22.758s][info][gc,stats    ]   CWRF: <total>                       8 us
[22.758s][info][gc,stats    ]   CWRF: Weak References               8 us, workers (us):   8, ---, ---, 
[22.758s][info][gc,stats    ] Concurrent Weak Roots              1181 us
[22.758s][info][gc,stats    ]   Roots                            1075 us, parallelism: 0.96x
[22.758s][info][gc,stats    ]     CWR: <total>                   1028 us
[22.758s][info][gc,stats    ]     CWR: Code Cache Roots           938 us, workers (us): 938, ---, ---, 
[22.758s][info][gc,stats    ]     CWR: VM Weak Roots               83 us, workers (us):  83, ---, ---, 
[22.758s][info][gc,stats    ]     CWR: CLDG Roots                   7 us, workers (us):   7, ---, ---, 
[22.758s][info][gc,stats    ]   Rendezvous                         60 us
[22.758s][info][gc,stats    ] Concurrent Cleanup                   57 us
[22.758s][info][gc,stats    ] Concurrent Class Unloading         4268 us
[22.758s][info][gc,stats    ]   Unlink Stale                     3340 us
[22.758s][info][gc,stats    ]     System Dictionary                 7 us
[22.758s][info][gc,stats    ]     Weak Class Links                  0 us
[22.758s][info][gc,stats    ]     Code Roots                     3332 us
[22.758s][info][gc,stats    ]   Rendezvous                        637 us
[22.758s][info][gc,stats    ]   Purge Unlinked                    240 us
[22.758s][info][gc,stats    ]     Code Roots                      235 us
[22.758s][info][gc,stats    ]     CLDG                              5 us
[22.758s][info][gc,stats    ]     Exception Caches                  0 us
[22.758s][info][gc,stats    ] Pause Final Roots (G)               940 us
[22.758s][info][gc,stats    ] Pause Final Roots (N)                37 us
[22.758s][info][gc,stats    ] 
[22.758s][info][gc,stats    ] Allocation pacing accrued:
[22.758s][info][gc,stats    ]       0 of  1022 ms (  0.0%): <total>
[22.758s][info][gc,stats    ]       0 of  1022 ms (  0.0%): <average total>
[22.758s][info][gc,stats    ] 
[22.758s][info][gc,metaspace] Metaspace: 8169K(8320K)->8169K(8320K) NonClass: 7202K(7296K)->7202K(7296K) Class: 966K(1024K)->966K(1024K)
[22.758s][info][gc,ergo     ] Pacer for Idle. Initial: 163M, Alloc Tax Rate: 1.0x
[23.217s][info][gc          ] Trigger: Explicit GC request (System.gc())
[23.217s][info][gc,ergo     ] Free: 6805M, Max: 4096K regular, 5732M humongous, Frag: 16% external, 0% internal; Reserve: 412M, Max: 4096K
[23.217s][info][gc,start    ] GC(21) Concurrent reset
[23.217s][info][gc,task     ] GC(21) Using 1 of 3 workers for concurrent reset
[23.217s][info][gc,ergo     ] GC(21) Pacer for Reset. Non-Taxable: 8192M
[23.218s][info][gc          ] GC(21) Concurrent reset 0.620ms
[23.218s][info][gc,start    ] GC(21) Pause Init Mark (unload classes)
[23.218s][info][gc,task     ] GC(21) Using 3 of 3 workers for init marking
[23.218s][info][gc,ref      ] GC(21) Clearing All SoftReferences
[23.218s][info][gc,ergo     ] GC(21) Pacer for Mark. Expected Live: 4762K, Free: 6805M, Non-Taxable: 680M, Alloc Tax Rate: 0.0x
[23.218s][info][gc          ] GC(21) Pause Init Mark (unload classes) 0.282ms
[23.218s][info][gc,start    ] GC(21) Concurrent marking roots
[23.218s][info][gc,task     ] GC(21) Using 1 of 3 workers for concurrent marking roots
[23.218s][info][gc          ] GC(21) Concurrent marking roots 0.313ms
[23.218s][info][gc,start    ] GC(21) Concurrent marking (unload classes)
[23.218s][info][gc,task     ] GC(21) Using 1 of 3 workers for concurrent marking
[23.222s][info][gc          ] GC(21) Concurrent marking (unload classes) 3.538ms
[23.222s][info][gc,start    ] GC(21) Pause Final Mark (unload classes)
[23.222s][info][gc,task     ] GC(21) Using 3 of 3 workers for final marking
[23.222s][info][gc,ergo     ] GC(21) Collectable Garbage: 936M (96%), Immediate: 936M (96%), CSet: 0B (0%)
[23.222s][info][gc          ] GC(21) Pause Final Mark (unload classes) 0.233ms
[23.222s][info][gc,start    ] GC(21) Concurrent weak references
[23.222s][info][gc,task     ] GC(21) Using 1 of 3 workers for concurrent weak references
[23.222s][info][gc,ref      ] GC(21) Encountered references: Soft: 79, Weak: 352, Final: 3, Phantom: 47
[23.222s][info][gc,ref      ] GC(21) Discovered  references: Soft: 46, Weak: 140, Final: 1, Phantom: 39
[23.222s][info][gc,ref      ] GC(21) Enqueued    references: Soft: 4, Weak: 0, Final: 0, Phantom: 6
[23.222s][info][gc          ] GC(21) Concurrent weak references 0.191ms
[23.223s][info][gc,start    ] GC(21) Concurrent weak roots
[23.223s][info][gc,task     ] GC(21) Using 1 of 3 workers for concurrent weak root
[23.224s][info][gc          ] GC(21) Concurrent weak roots 1.146ms
[23.224s][info][gc,start    ] GC(21) Concurrent cleanup
[23.224s][info][gc          ] GC(21) Concurrent cleanup 974M->38M(8192M) 0.031ms
[23.224s][info][gc,ergo     ] GC(21) Free: 7741M, Max: 4096K regular, 5844M humongous, Frag: 25% external, 0% internal; Reserve: 412M, Max: 4096K
[23.224s][info][gc,start    ] GC(21) Concurrent class unloading
[23.224s][info][gc,task     ] GC(21) Using 1 of 3 workers for concurrent class unloading
[23.229s][info][gc          ] GC(21) Concurrent class unloading 4.812ms
[23.229s][info][gc,start    ] GC(21) Pause Final Roots
[23.229s][info][gc          ] GC(21) Pause Final Roots 0.065ms
[23.229s][info][gc,ergo     ] Free: 7741M, Max: 4096K regular, 5844M humongous, Frag: 25% external, 0% internal; Reserve: 412M, Max: 4096K
[23.229s][info][gc,stats    ] 
[23.229s][info][gc,stats    ] All times are wall-clock times, except per-root-class counters, that are sum over
[23.229s][info][gc,stats    ] all workers. Dividing the <total> over the root stage time estimates parallelism.
[23.229s][info][gc,stats    ] 
[23.229s][info][gc,stats    ] Concurrent Reset                    648 us
[23.229s][info][gc,stats    ] Pause Init Mark (G)                 367 us
[23.229s][info][gc,stats    ] Pause Init Mark (N)                 291 us
[23.229s][info][gc,stats    ]   Update Region States               39 us
[23.229s][info][gc,stats    ] Concurrent Mark Roots               322 us, parallelism: 0.81x
[23.229s][info][gc,stats    ]   CMR: <total>                      261 us
[23.229s][info][gc,stats    ]   CMR: Thread Roots                 229 us, workers (us): 229, ---, ---, 
[23.229s][info][gc,stats    ]   CMR: VM Strong Roots                4 us, workers (us):   4, ---, ---, 
[23.229s][info][gc,stats    ]   CMR: CLDG Roots                    29 us, workers (us):  29, ---, ---, 
[23.229s][info][gc,stats    ] Concurrent Marking                 3564 us
[23.229s][info][gc,stats    ] Pause Final Mark (G)                303 us
[23.229s][info][gc,stats    ] Pause Final Mark (N)                251 us
[23.229s][info][gc,stats    ]   Finish Mark                        60 us
[23.229s][info][gc,stats    ]   Update Region States               45 us
[23.229s][info][gc,stats    ]   Choose Collection Set              45 us
[23.229s][info][gc,stats    ]   Rebuild Free Set                   16 us
[23.229s][info][gc,stats    ] Concurrent Weak References          207 us, parallelism: 0.08x
[23.229s][info][gc,stats    ]   CWRF: <total>                      18 us
[23.229s][info][gc,stats    ]   CWRF: Weak References              18 us, workers (us):  18, ---, ---, 
[23.229s][info][gc,stats    ] Concurrent Weak Roots              1170 us
[23.229s][info][gc,stats    ]   Roots                            1064 us, parallelism: 0.96x
[23.229s][info][gc,stats    ]     CWR: <total>                   1026 us
[23.229s][info][gc,stats    ]     CWR: Code Cache Roots           884 us, workers (us): 884, ---, ---, 
[23.229s][info][gc,stats    ]     CWR: VM Weak Roots              139 us, workers (us): 139, ---, ---, 
[23.229s][info][gc,stats    ]     CWR: CLDG Roots                   4 us, workers (us):   4, ---, ---, 
[23.229s][info][gc,stats    ]   Rendezvous                         66 us
[23.229s][info][gc,stats    ] Concurrent Cleanup                   40 us
[23.229s][info][gc,stats    ] Concurrent Class Unloading         4860 us
[23.229s][info][gc,stats    ]   Unlink Stale                     4605 us
[23.229s][info][gc,stats    ]     System Dictionary                62 us
[23.229s][info][gc,stats    ]     Weak Class Links               1493 us
[23.229s][info][gc,stats    ]     Code Roots                     3049 us
[23.229s][info][gc,stats    ]   Rendezvous                         60 us
[23.229s][info][gc,stats    ]   Purge Unlinked                    127 us
[23.229s][info][gc,stats    ]     Code Roots                      105 us
[23.229s][info][gc,stats    ]     CLDG                             21 us
[23.229s][info][gc,stats    ]     Exception Caches                  0 us
[23.229s][info][gc,stats    ] Pause Final Roots (G)               152 us
[23.229s][info][gc,stats    ] Pause Final Roots (N)                89 us
[23.229s][info][gc,stats    ] 
[23.230s][info][gc,stats    ] Allocation pacing accrued:
[23.230s][info][gc,stats    ]       0 of   471 ms (  0.0%): <total>
[23.230s][info][gc,stats    ]       0 of   471 ms (  0.0%): <average total>
[23.230s][info][gc,stats    ] 
[23.230s][info][gc,metaspace] Metaspace: 8173K(8320K)->8170K(8320K) NonClass: 7206K(7296K)->7204K(7296K) Class: 966K(1024K)->966K(1024K)
[23.230s][info][gc,ergo     ] Pacer for Idle. Initial: 163M, Alloc Tax Rate: 1.0x
[24.229s][info][gc          ] Trigger: Learning 2 of 5. Free (5733M) is below initial threshold (5734M)
[24.229s][info][gc,ergo     ] Free: 5733M, Max: 4096K regular, 5728M humongous, Frag: 0% external, 0% internal; Reserve: 412M, Max: 4096K
[24.229s][info][gc,start    ] GC(22) Concurrent reset
[24.229s][info][gc,task     ] GC(22) Using 1 of 3 workers for concurrent reset
[24.229s][info][gc,ergo     ] GC(22) Pacer for Reset. Non-Taxable: 8192M
[24.229s][info][gc          ] GC(22) Concurrent reset 0.216ms
[24.229s][info][gc,start    ] GC(22) Pause Init Mark (unload classes)
[24.229s][info][gc,task     ] GC(22) Using 3 of 3 workers for init marking
[24.229s][info][gc,ergo     ] GC(22) Pacer for Mark. Expected Live: 4438K, Free: 5733M, Non-Taxable: 573M, Alloc Tax Rate: 0.0x
[24.229s][info][gc          ] GC(22) Pause Init Mark (unload classes) 0.110ms
[24.245s][info][gc,start    ] GC(22) Concurrent marking roots
[24.245s][info][gc,task     ] GC(22) Using 1 of 3 workers for concurrent marking roots
[24.245s][info][gc          ] GC(22) Concurrent marking roots 0.410ms
[24.245s][info][gc,start    ] GC(22) Concurrent marking (unload classes)
[24.245s][info][gc,task     ] GC(22) Using 1 of 3 workers for concurrent marking
[24.252s][info][gc          ] GC(22) Concurrent marking (unload classes) 6.393ms
[24.252s][info][gc,start    ] GC(22) Pause Final Mark (unload classes)
[24.252s][info][gc,task     ] GC(22) Using 3 of 3 workers for final marking
[24.252s][info][gc,ergo     ] GC(22) Collectable Garbage: 1896M (92%), Immediate: 1896M (92%), CSet: 0B (0%)
[24.252s][info][gc          ] GC(22) Pause Final Mark (unload classes) 0.176ms
[24.252s][info][gc,start    ] GC(22) Concurrent weak references
[24.253s][info][gc,task     ] GC(22) Using 1 of 3 workers for concurrent weak references
[24.253s][info][gc,ref      ] GC(22) Encountered references: Soft: 80, Weak: 363, Final: 3, Phantom: 49
[24.253s][info][gc,ref      ] GC(22) Discovered  references: Soft: 0, Weak: 125, Final: 1, Phantom: 33
[24.253s][info][gc,ref      ] GC(22) Enqueued    references: Soft: 0, Weak: 0, Final: 0, Phantom: 0
[24.253s][info][gc          ] GC(22) Concurrent weak references 0.092ms
[24.253s][info][gc,start    ] GC(22) Concurrent weak roots
[24.253s][info][gc,task     ] GC(22) Using 1 of 3 workers for concurrent weak root
[24.256s][info][gc          ] GC(22) Concurrent weak roots 3.107ms
[24.256s][info][gc,start    ] GC(22) Concurrent cleanup
[24.256s][info][gc          ] GC(22) Concurrent cleanup 2106M->210M(8192M) 0.054ms
[24.256s][info][gc,ergo     ] GC(22) Free: 7569M, Max: 4096K regular, 5668M humongous, Frag: 26% external, 0% internal; Reserve: 412M, Max: 4096K
[24.256s][info][gc,start    ] GC(22) Concurrent class unloading
[24.256s][info][gc,task     ] GC(22) Using 1 of 3 workers for concurrent class unloading
[24.260s][info][gc          ] GC(22) Concurrent class unloading 3.858ms
[24.260s][info][gc,start    ] GC(22) Pause Final Roots
[24.260s][info][gc          ] GC(22) Pause Final Roots 0.030ms
[24.265s][info][gc,ergo     ] Free: 7565M, Max: 4096K regular, 5668M humongous, Frag: 26% external, 0% internal; Reserve: 412M, Max: 4096K
[24.265s][info][gc,stats    ] 
[24.265s][info][gc,stats    ] All times are wall-clock times, except per-root-class counters, that are sum over
[24.265s][info][gc,stats    ] all workers. Dividing the <total> over the root stage time estimates parallelism.
[24.265s][info][gc,stats    ] 
[24.265s][info][gc,stats    ] Concurrent Reset                    229 us
[24.265s][info][gc,stats    ] Pause Init Mark (G)               16126 us
[24.265s][info][gc,stats    ] Pause Init Mark (N)                 120 us
[24.265s][info][gc,stats    ]   Update Region States               40 us
[24.265s][info][gc,stats    ] Concurrent Mark Roots               436 us, parallelism: 0.72x
[24.265s][info][gc,stats    ]   CMR: <total>                      315 us
[24.265s][info][gc,stats    ]   CMR: Thread Roots                 282 us, workers (us): 282, ---, ---, 
[24.265s][info][gc,stats    ]   CMR: VM Strong Roots                4 us, workers (us):   4, ---, ---, 
[24.265s][info][gc,stats    ]   CMR: CLDG Roots                    30 us, workers (us):  30, ---, ---, 
[24.265s][info][gc,stats    ] Concurrent Marking                 6429 us
[24.265s][info][gc,stats    ] Pause Final Mark (G)                629 us
[24.265s][info][gc,stats    ] Pause Final Mark (N)                187 us
[24.265s][info][gc,stats    ]   Finish Mark                        59 us
[24.265s][info][gc,stats    ]   Update Region States               35 us
[24.265s][info][gc,stats    ]   Choose Collection Set              44 us
[24.265s][info][gc,stats    ]   Rebuild Free Set                    8 us
[24.265s][info][gc,stats    ] Concurrent Weak References          101 us, parallelism: 0.10x
[24.265s][info][gc,stats    ]   CWRF: <total>                      10 us
[24.265s][info][gc,stats    ]   CWRF: Weak References              10 us, workers (us):  10, ---, ---, 
[24.265s][info][gc,stats    ] Concurrent Weak Roots              3147 us
[24.265s][info][gc,stats    ]   Roots                            1021 us, parallelism: 0.96x
[24.265s][info][gc,stats    ]     CWR: <total>                    981 us
[24.265s][info][gc,stats    ]     CWR: Code Cache Roots           897 us, workers (us): 897, ---, ---, 
[24.265s][info][gc,stats    ]     CWR: VM Weak Roots               79 us, workers (us):  79, ---, ---, 
[24.265s][info][gc,stats    ]     CWR: CLDG Roots                   5 us, workers (us):   5, ---, ---, 
[24.265s][info][gc,stats    ]   Rendezvous                       2065 us
[24.265s][info][gc,stats    ] Concurrent Cleanup                   63 us
[24.265s][info][gc,stats    ] Concurrent Class Unloading         3886 us
[24.265s][info][gc,stats    ]   Unlink Stale                     3536 us
[24.265s][info][gc,stats    ]     System Dictionary                 8 us
[24.265s][info][gc,stats    ]     Weak Class Links                  0 us
[24.265s][info][gc,stats    ]     Code Roots                     3526 us
[24.265s][info][gc,stats    ]   Rendezvous                         70 us
[24.265s][info][gc,stats    ]   Purge Unlinked                    231 us
[24.265s][info][gc,stats    ]     Code Roots                      226 us
[24.265s][info][gc,stats    ]     CLDG                              4 us
[24.265s][info][gc,stats    ]     Exception Caches                  0 us
[24.265s][info][gc,stats    ] Pause Final Roots (G)              5350 us
[24.265s][info][gc,stats    ] Pause Final Roots (N)                41 us
[24.265s][info][gc,stats    ] 
[24.265s][info][gc,stats    ] Allocation pacing accrued:
[24.265s][info][gc,stats    ]       0 of  1036 ms (  0.0%): <total>
[24.266s][info][gc,stats    ]       0 of  1036 ms (  0.0%): <average total>
[24.266s][info][gc,stats    ] 
[24.266s][info][gc,metaspace] Metaspace: 8173K(8320K)->8173K(8320K) NonClass: 7206K(7296K)->7206K(7296K) Class: 966K(1024K)->966K(1024K)
[24.266s][info][gc,ergo     ] Pacer for Idle. Initial: 163M, Alloc Tax Rate: 1.0x
[25.173s][info][gc          ] Trigger: Learning 3 of 5. Free (5725M) is below initial threshold (5734M)
[25.173s][info][gc,ergo     ] Free: 5725M, Max: 4096K regular, 5668M humongous, Frag: 1% external, 0% internal; Reserve: 412M, Max: 4096K
[25.173s][info][gc,start    ] GC(23) Concurrent reset
[25.173s][info][gc,task     ] GC(23) Using 1 of 3 workers for concurrent reset
[25.173s][info][gc,ergo     ] GC(23) Pacer for Reset. Non-Taxable: 8192M
[25.174s][info][gc          ] GC(23) Concurrent reset 0.730ms
[25.174s][info][gc,start    ] GC(23) Pause Init Mark (unload classes)
[25.174s][info][gc,task     ] GC(23) Using 3 of 3 workers for init marking
[25.174s][info][gc,ergo     ] GC(23) Pacer for Mark. Expected Live: 4518K, Free: 5725M, Non-Taxable: 572M, Alloc Tax Rate: 0.0x
[25.174s][info][gc          ] GC(23) Pause Init Mark (unload classes) 0.112ms
[25.176s][info][gc,start    ] GC(23) Concurrent marking roots
[25.176s][info][gc,task     ] GC(23) Using 1 of 3 workers for concurrent marking roots
[25.177s][info][gc          ] GC(23) Concurrent marking roots 0.411ms
[25.177s][info][gc,start    ] GC(23) Concurrent marking (unload classes)
[25.177s][info][gc,task     ] GC(23) Using 1 of 3 workers for concurrent marking
[25.182s][info][gc          ] GC(23) Concurrent marking (unload classes) 5.770ms
[25.182s][info][gc,start    ] GC(23) Pause Final Mark (unload classes)
[25.182s][info][gc,task     ] GC(23) Using 3 of 3 workers for final marking
[25.183s][info][gc,ergo     ] GC(23) Collectable Garbage: 1892M (92%), Immediate: 1892M (92%), CSet: 0B (0%)
[25.183s][info][gc          ] GC(23) Pause Final Mark (unload classes) 0.168ms
[25.186s][info][gc,start    ] GC(23) Concurrent weak references
[25.187s][info][gc,task     ] GC(23) Using 1 of 3 workers for concurrent weak references
[25.187s][info][gc,ref      ] GC(23) Encountered references: Soft: 80, Weak: 364, Final: 3, Phantom: 49
[25.187s][info][gc,ref      ] GC(23) Discovered  references: Soft: 0, Weak: 125, Final: 1, Phantom: 31
[25.187s][info][gc,ref      ] GC(23) Enqueued    references: Soft: 0, Weak: 0, Final: 0, Phantom: 0
[25.187s][info][gc          ] GC(23) Concurrent weak references 0.120ms
[25.187s][info][gc,start    ] GC(23) Concurrent weak roots
[25.187s][info][gc,task     ] GC(23) Using 1 of 3 workers for concurrent weak root
[25.188s][info][gc          ] GC(23) Concurrent weak roots 1.117ms
[25.188s][info][gc,start    ] GC(23) Concurrent cleanup
[25.188s][info][gc          ] GC(23) Concurrent cleanup 2086M->194M(8192M) 0.045ms
[25.188s][info][gc,ergo     ] GC(23) Free: 7585M, Max: 4096K regular, 5796M humongous, Frag: 24% external, 0% internal; Reserve: 412M, Max: 4096K
[25.188s][info][gc,start    ] GC(23) Concurrent class unloading
[25.188s][info][gc,task     ] GC(23) Using 1 of 3 workers for concurrent class unloading
[25.191s][info][gc          ] GC(23) Concurrent class unloading 3.545ms
[25.191s][info][gc,start    ] GC(23) Pause Final Roots
[25.191s][info][gc          ] GC(23) Pause Final Roots 0.021ms
[25.192s][info][gc,ergo     ] Free: 7569M, Max: 4096K regular, 5796M humongous, Frag: 24% external, 0% internal; Reserve: 412M, Max: 4096K
[25.192s][info][gc,stats    ] 
[25.192s][info][gc,stats    ] All times are wall-clock times, except per-root-class counters, that are sum over
[25.192s][info][gc,stats    ] all workers. Dividing the <total> over the root stage time estimates parallelism.
[25.192s][info][gc,stats    ] 
[25.192s][info][gc,stats    ] Concurrent Reset                    771 us
[25.192s][info][gc,stats    ] Pause Init Mark (G)                2495 us
[25.192s][info][gc,stats    ] Pause Init Mark (N)                 123 us
[25.192s][info][gc,stats    ]   Update Region States               44 us
[25.192s][info][gc,stats    ] Concurrent Mark Roots               432 us, parallelism: 0.73x
[25.192s][info][gc,stats    ]   CMR: <total>                      313 us
[25.192s][info][gc,stats    ]   CMR: Thread Roots                 277 us, workers (us): 277, ---, ---, 
[25.192s][info][gc,stats    ]   CMR: VM Strong Roots                4 us, workers (us):   4, ---, ---, 
[25.192s][info][gc,stats    ]   CMR: CLDG Roots                    32 us, workers (us):  32, ---, ---, 
[25.192s][info][gc,stats    ] Concurrent Marking                 5809 us
[25.192s][info][gc,stats    ] Pause Final Mark (G)               4062 us
[25.192s][info][gc,stats    ] Pause Final Mark (N)                179 us
[25.192s][info][gc,stats    ]   Finish Mark                        50 us
[25.192s][info][gc,stats    ]   Update Region States               35 us
[25.192s][info][gc,stats    ]   Choose Collection Set              41 us
[25.192s][info][gc,stats    ]   Rebuild Free Set                    8 us
[25.192s][info][gc,stats    ] Concurrent Weak References          130 us, parallelism: 0.09x
[25.192s][info][gc,stats    ]   CWRF: <total>                      12 us
[25.192s][info][gc,stats    ]   CWRF: Weak References              12 us, workers (us):  12, ---, ---, 
[25.192s][info][gc,stats    ] Concurrent Weak Roots              1144 us
[25.192s][info][gc,stats    ]   Roots                            1028 us, parallelism: 0.96x
[25.192s][info][gc,stats    ]     CWR: <total>                    985 us
[25.192s][info][gc,stats    ]     CWR: Code Cache Roots           902 us, workers (us): 902, ---, ---, 
[25.192s][info][gc,stats    ]     CWR: VM Weak Roots               79 us, workers (us):  79, ---, ---, 
[25.192s][info][gc,stats    ]     CWR: CLDG Roots                   5 us, workers (us):   5, ---, ---, 
[25.192s][info][gc,stats    ]   Rendezvous                         68 us
[25.192s][info][gc,stats    ] Concurrent Cleanup                   55 us
[25.192s][info][gc,stats    ] Concurrent Class Unloading         3575 us
[25.192s][info][gc,stats    ]   Unlink Stale                     3284 us
[25.192s][info][gc,stats    ]     System Dictionary                 7 us
[25.192s][info][gc,stats    ]     Weak Class Links                  0 us
[25.192s][info][gc,stats    ]     Code Roots                     3276 us
[25.192s][info][gc,stats    ]   Rendezvous                         58 us
[25.192s][info][gc,stats    ]   Purge Unlinked                    182 us
[25.192s][info][gc,stats    ]     Code Roots                      176 us
[25.192s][info][gc,stats    ]     CLDG                              5 us
[25.192s][info][gc,stats    ]     Exception Caches                  0 us
[25.192s][info][gc,stats    ] Pause Final Roots (G)               402 us
[25.192s][info][gc,stats    ] Pause Final Roots (N)                30 us
[25.192s][info][gc,stats    ] 
[25.192s][info][gc,stats    ] Allocation pacing accrued:
[25.192s][info][gc,stats    ]       0 of   927 ms (  0.0%): <total>
[25.192s][info][gc,stats    ]       0 of   927 ms (  0.0%): <average total>
[25.192s][info][gc,stats    ] 
[25.192s][info][gc,metaspace] Metaspace: 8173K(8320K)->8173K(8320K) NonClass: 7206K(7296K)->7206K(7296K) Class: 966K(1024K)->966K(1024K)
[25.192s][info][gc,ergo     ] Pacer for Idle. Initial: 163M, Alloc Tax Rate: 1.0x
[25.701s][info][gc          ] Trigger: Explicit GC request (System.gc())
[25.701s][info][gc,ergo     ] Free: 6633M, Max: 4096K regular, 5796M humongous, Frag: 13% external, 0% internal; Reserve: 412M, Max: 4096K
[25.701s][info][gc,start    ] GC(24) Concurrent reset
[25.701s][info][gc,task     ] GC(24) Using 1 of 3 workers for concurrent reset
[25.701s][info][gc,ergo     ] GC(24) Pacer for Reset. Non-Taxable: 8192M
[25.702s][info][gc          ] GC(24) Concurrent reset 1.030ms
[25.702s][info][gc,start    ] GC(24) Pause Init Mark (unload classes)
[25.702s][info][gc,task     ] GC(24) Using 3 of 3 workers for init marking
[25.702s][info][gc,ref      ] GC(24) Clearing All SoftReferences
[25.702s][info][gc,ergo     ] GC(24) Pacer for Mark. Expected Live: 4800K, Free: 6633M, Non-Taxable: 663M, Alloc Tax Rate: 0.0x
[25.702s][info][gc          ] GC(24) Pause Init Mark (unload classes) 0.134ms
[25.702s][info][gc,start    ] GC(24) Concurrent marking roots
[25.702s][info][gc,task     ] GC(24) Using 1 of 3 workers for concurrent marking roots
[25.702s][info][gc          ] GC(24) Concurrent marking roots 0.342ms
[25.703s][info][gc,start    ] GC(24) Concurrent marking (unload classes)
[25.703s][info][gc,task     ] GC(24) Using 1 of 3 workers for concurrent marking
[25.706s][info][gc          ] GC(24) Concurrent marking (unload classes) 3.768ms
[25.706s][info][gc,start    ] GC(24) Pause Final Mark (unload classes)
[25.706s][info][gc,task     ] GC(24) Using 3 of 3 workers for final marking
[25.707s][info][gc,ergo     ] GC(24) Collectable Garbage: 1071M (93%), Immediate: 1071M (93%), CSet: 0B (0%)
[25.707s][info][gc          ] GC(24) Pause Final Mark (unload classes) 0.442ms
[25.707s][info][gc,start    ] GC(24) Concurrent weak references
[25.707s][info][gc,task     ] GC(24) Using 1 of 3 workers for concurrent weak references
[25.707s][info][gc,ref      ] GC(24) Encountered references: Soft: 80, Weak: 353, Final: 3, Phantom: 47
[25.707s][info][gc,ref      ] GC(24) Discovered  references: Soft: 47, Weak: 140, Final: 1, Phantom: 39
[25.707s][info][gc,ref      ] GC(24) Enqueued    references: Soft: 5, Weak: 0, Final: 0, Phantom: 6
[25.707s][info][gc          ] GC(24) Concurrent weak references 0.129ms
[25.707s][info][gc,start    ] GC(24) Concurrent weak roots
[25.707s][info][gc,task     ] GC(24) Using 1 of 3 workers for concurrent weak root
[25.708s][info][gc          ] GC(24) Concurrent weak roots 0.871ms
[25.708s][info][gc,start    ] GC(24) Concurrent cleanup
[25.708s][info][gc          ] GC(24) Concurrent cleanup 1146M->74M(8192M) 0.036ms
[25.708s][info][gc,ergo     ] GC(24) Free: 7705M, Max: 4096K regular, 5844M humongous, Frag: 25% external, 0% internal; Reserve: 412M, Max: 4096K
[25.708s][info][gc,start    ] GC(24) Concurrent class unloading
[25.708s][info][gc,task     ] GC(24) Using 1 of 3 workers for concurrent class unloading
[25.713s][info][gc          ] GC(24) Concurrent class unloading 5.359ms
[25.713s][info][gc,start    ] GC(24) Pause Final Roots
[25.714s][info][gc          ] GC(24) Pause Final Roots 0.074ms
[25.714s][info][gc,ergo     ] Free: 7705M, Max: 4096K regular, 5844M humongous, Frag: 25% external, 0% internal; Reserve: 412M, Max: 4096K
[25.714s][info][gc,stats    ] 
[25.714s][info][gc,stats    ] All times are wall-clock times, except per-root-class counters, that are sum over
[25.714s][info][gc,stats    ] all workers. Dividing the <total> over the root stage time estimates parallelism.
[25.714s][info][gc,stats    ] 
[25.714s][info][gc,stats    ] Concurrent Reset                   1065 us
[25.714s][info][gc,stats    ] Pause Init Mark (G)                 205 us
[25.714s][info][gc,stats    ] Pause Init Mark (N)                 142 us
[25.714s][info][gc,stats    ]   Update Region States               52 us
[25.714s][info][gc,stats    ] Concurrent Mark Roots               360 us, parallelism: 0.79x
[25.714s][info][gc,stats    ]   CMR: <total>                      284 us
[25.714s][info][gc,stats    ]   CMR: Thread Roots                 248 us, workers (us): 248, ---, ---, 
[25.714s][info][gc,stats    ]   CMR: VM Strong Roots                4 us, workers (us):   4, ---, ---, 
[25.714s][info][gc,stats    ]   CMR: CLDG Roots                    32 us, workers (us):  32, ---, ---, 
[25.714s][info][gc,stats    ] Concurrent Marking                 3812 us
[25.714s][info][gc,stats    ] Pause Final Mark (G)                569 us
[25.714s][info][gc,stats    ] Pause Final Mark (N)                467 us
[25.714s][info][gc,stats    ]   Finish Mark                       167 us
[25.714s][info][gc,stats    ]   Update Region States               88 us
[25.714s][info][gc,stats    ]   Choose Collection Set              82 us
[25.714s][info][gc,stats    ]   Rebuild Free Set                   21 us
[25.714s][info][gc,stats    ] Concurrent Weak References          145 us, parallelism: 0.05x
[25.714s][info][gc,stats    ]   CWRF: <total>                       7 us
[25.714s][info][gc,stats    ]   CWRF: Weak References               7 us, workers (us):   7, ---, ---, 
[25.714s][info][gc,stats    ] Concurrent Weak Roots               883 us
[25.714s][info][gc,stats    ]   Roots                             792 us, parallelism: 0.96x
[25.714s][info][gc,stats    ]     CWR: <total>                    763 us
[25.714s][info][gc,stats    ]     CWR: Code Cache Roots           695 us, workers (us): 695, ---, ---, 
[25.714s][info][gc,stats    ]     CWR: VM Weak Roots               64 us, workers (us):  64, ---, ---, 
[25.714s][info][gc,stats    ]     CWR: CLDG Roots                   3 us, workers (us):   3, ---, ---, 
[25.714s][info][gc,stats    ]   Rendezvous                         48 us
[25.714s][info][gc,stats    ] Concurrent Cleanup                   44 us
[25.714s][info][gc,stats    ] Concurrent Class Unloading         5420 us
[25.714s][info][gc,stats    ]   Unlink Stale                     4951 us
[25.714s][info][gc,stats    ]     System Dictionary                63 us
[25.714s][info][gc,stats    ]     Weak Class Links               1500 us
[25.714s][info][gc,stats    ]     Code Roots                     3386 us
[25.714s][info][gc,stats    ]   Rendezvous                        131 us
[25.714s][info][gc,stats    ]   Purge Unlinked                    257 us
[25.714s][info][gc,stats    ]     Code Roots                      229 us
[25.714s][info][gc,stats    ]     CLDG                             28 us
[25.714s][info][gc,stats    ]     Exception Caches                  0 us
[25.714s][info][gc,stats    ] Pause Final Roots (G)               188 us
[25.714s][info][gc,stats    ] Pause Final Roots (N)                93 us
[25.715s][info][gc,stats    ] 
[25.715s][info][gc,stats    ] Allocation pacing accrued:
[25.715s][info][gc,stats    ]       0 of   522 ms (  0.0%): <total>
[25.715s][info][gc,stats    ]       0 of   522 ms (  0.0%): <average total>
[25.715s][info][gc,stats    ] 
[25.715s][info][gc,metaspace] Metaspace: 8179K(8320K)->8177K(8320K) NonClass: 7212K(7296K)->7210K(7296K) Class: 967K(1024K)->966K(1024K)
[25.715s][info][gc,ergo     ] Pacer for Idle. Initial: 163M, Alloc Tax Rate: 1.0x
[26.676s][info][gc          ] Trigger: Learning 2 of 5. Free (5733M) is below initial threshold (5734M)
[26.676s][info][gc,ergo     ] Free: 5733M, Max: 4096K regular, 5728M humongous, Frag: 0% external, 0% internal; Reserve: 412M, Max: 4096K
[26.676s][info][gc,start    ] GC(25) Concurrent reset
[26.676s][info][gc,task     ] GC(25) Using 1 of 3 workers for concurrent reset
[26.676s][info][gc,ergo     ] GC(25) Pacer for Reset. Non-Taxable: 8192M
[26.677s][info][gc          ] GC(25) Concurrent reset 0.490ms
[26.677s][info][gc,start    ] GC(25) Pause Init Mark (unload classes)
[26.677s][info][gc,task     ] GC(25) Using 3 of 3 workers for init marking
[26.677s][info][gc,ergo     ] GC(25) Pacer for Mark. Expected Live: 4467K, Free: 5733M, Non-Taxable: 573M, Alloc Tax Rate: 0.0x
[26.677s][info][gc          ] GC(25) Pause Init Mark (unload classes) 0.108ms
[26.677s][info][gc,start    ] GC(25) Concurrent marking roots
[26.677s][info][gc,task     ] GC(25) Using 1 of 3 workers for concurrent marking roots
[26.678s][info][gc          ] GC(25) Concurrent marking roots 0.387ms
[26.678s][info][gc,start    ] GC(25) Concurrent marking (unload classes)
[26.678s][info][gc,task     ] GC(25) Using 1 of 3 workers for concurrent marking
[26.683s][info][gc          ] GC(25) Concurrent marking (unload classes) 4.968ms
[26.683s][info][gc,start    ] GC(25) Pause Final Mark (unload classes)
[26.683s][info][gc,task     ] GC(25) Using 3 of 3 workers for final marking
[26.683s][info][gc,ergo     ] GC(25) Collectable Garbage: 1876M (91%), Immediate: 1876M (91%), CSet: 0B (0%)
[26.683s][info][gc          ] GC(25) Pause Final Mark (unload classes) 0.152ms
[26.683s][info][gc,start    ] GC(25) Concurrent weak references
[26.683s][info][gc,task     ] GC(25) Using 1 of 3 workers for concurrent weak references
[26.683s][info][gc,ref      ] GC(25) Encountered references: Soft: 80, Weak: 364, Final: 3, Phantom: 49
[26.683s][info][gc,ref      ] GC(25) Discovered  references: Soft: 0, Weak: 125, Final: 1, Phantom: 35
[26.683s][info][gc,ref      ] GC(25) Enqueued    references: Soft: 0, Weak: 0, Final: 0, Phantom: 0
[26.683s][info][gc          ] GC(25) Concurrent weak references 0.090ms
[26.683s][info][gc,start    ] GC(25) Concurrent weak roots
[26.683s][info][gc,task     ] GC(25) Using 1 of 3 workers for concurrent weak root
[26.684s][info][gc          ] GC(25) Concurrent weak roots 1.048ms
[26.684s][info][gc,start    ] GC(25) Concurrent cleanup
[26.684s][info][gc          ] GC(25) Concurrent cleanup 2070M->194M(8192M) 0.055ms
[26.684s][info][gc,ergo     ] GC(25) Free: 7585M, Max: 4096K regular, 5704M humongous, Frag: 25% external, 0% internal; Reserve: 412M, Max: 4096K
[26.684s][info][gc,start    ] GC(25) Concurrent class unloading
[26.684s][info][gc,task     ] GC(25) Using 1 of 3 workers for concurrent class unloading
[26.688s][info][gc          ] GC(25) Concurrent class unloading 3.999ms
[26.688s][info][gc,start    ] GC(25) Pause Final Roots
[26.688s][info][gc          ] GC(25) Pause Final Roots 0.020ms
[26.690s][info][gc,ergo     ] Free: 7581M, Max: 4096K regular, 5704M humongous, Frag: 25% external, 0% internal; Reserve: 412M, Max: 4096K
[26.690s][info][gc,stats    ] 
[26.690s][info][gc,stats    ] All times are wall-clock times, except per-root-class counters, that are sum over
[26.690s][info][gc,stats    ] all workers. Dividing the <total> over the root stage time estimates parallelism.
[26.690s][info][gc,stats    ] 
[26.690s][info][gc,stats    ] Concurrent Reset                    527 us
[26.690s][info][gc,stats    ] Pause Init Mark (G)                 415 us
[26.690s][info][gc,stats    ] Pause Init Mark (N)                 120 us
[26.690s][info][gc,stats    ]   Update Region States               35 us
[26.690s][info][gc,stats    ] Concurrent Mark Roots               401 us, parallelism: 0.81x
[26.690s][info][gc,stats    ]   CMR: <total>                      327 us
[26.690s][info][gc,stats    ]   CMR: Thread Roots                 291 us, workers (us): 291, ---, ---, 
[26.691s][info][gc,stats    ]   CMR: VM Strong Roots                4 us, workers (us):   4, ---, ---, 
[26.691s][info][gc,stats    ]   CMR: CLDG Roots                    32 us, workers (us):  32, ---, ---, 
[26.691s][info][gc,stats    ] Concurrent Marking                 4996 us
[26.691s][info][gc,stats    ] Pause Final Mark (G)                493 us
[26.691s][info][gc,stats    ] Pause Final Mark (N)                162 us
[26.691s][info][gc,stats    ]   Finish Mark                        48 us
[26.691s][info][gc,stats    ]   Update Region States               31 us
[26.691s][info][gc,stats    ]   Choose Collection Set              26 us
[26.691s][info][gc,stats    ]   Rebuild Free Set                    8 us
[26.691s][info][gc,stats    ] Concurrent Weak References          104 us, parallelism: 0.09x
[26.691s][info][gc,stats    ]   CWRF: <total>                       9 us
[26.691s][info][gc,stats    ]   CWRF: Weak References               9 us, workers (us):   9, ---, ---, 
[26.691s][info][gc,stats    ] Concurrent Weak Roots              1085 us
[26.691s][info][gc,stats    ]   Roots                             957 us, parallelism: 0.95x
[26.691s][info][gc,stats    ]     CWR: <total>                    913 us
[26.691s][info][gc,stats    ]     CWR: Code Cache Roots           834 us, workers (us): 834, ---, ---, 
[26.691s][info][gc,stats    ]     CWR: VM Weak Roots               74 us, workers (us):  74, ---, ---, 
[26.691s][info][gc,stats    ]     CWR: CLDG Roots                   5 us, workers (us):   5, ---, ---, 
[26.691s][info][gc,stats    ]   Rendezvous                         67 us
[26.691s][info][gc,stats    ] Concurrent Cleanup                   65 us
[26.691s][info][gc,stats    ] Concurrent Class Unloading         4035 us
[26.691s][info][gc,stats    ]   Unlink Stale                     3636 us
[26.691s][info][gc,stats    ]     System Dictionary                 8 us
[26.691s][info][gc,stats    ]     Weak Class Links                  0 us
[26.691s][info][gc,stats    ]     Code Roots                     3626 us
[26.691s][info][gc,stats    ]   Rendezvous                         87 us
[26.691s][info][gc,stats    ]   Purge Unlinked                    252 us
[26.691s][info][gc,stats    ]     Code Roots                      245 us
[26.691s][info][gc,stats    ]     CLDG                              7 us
[26.691s][info][gc,stats    ]     Exception Caches                  0 us
[26.691s][info][gc,stats    ] Pause Final Roots (G)              1916 us
[26.691s][info][gc,stats    ] Pause Final Roots (N)                29 us
[26.691s][info][gc,stats    ] 
[26.691s][info][gc,stats    ] Allocation pacing accrued:
[26.691s][info][gc,stats    ]       0 of   976 ms (  0.0%): <total>
[26.691s][info][gc,stats    ]       0 of   976 ms (  0.0%): <average total>
[26.691s][info][gc,stats    ] 
[26.691s][info][gc,metaspace] Metaspace: 8183K(8320K)->8183K(8320K) NonClass: 7216K(7296K)->7216K(7296K) Class: 967K(1024K)->967K(1024K)
[26.691s][info][gc,ergo     ] Pacer for Idle. Initial: 163M, Alloc Tax Rate: 1.0x
[27.615s][info][gc          ] Trigger: Learning 3 of 5. Free (5725M) is below initial threshold (5734M)
[27.615s][info][gc,ergo     ] Free: 5725M, Max: 4096K regular, 5704M humongous, Frag: 1% external, 0% internal; Reserve: 412M, Max: 4096K
[27.615s][info][gc,start    ] GC(26) Concurrent reset
[27.615s][info][gc,task     ] GC(26) Using 1 of 3 workers for concurrent reset
[27.615s][info][gc,ergo     ] GC(26) Pacer for Reset. Non-Taxable: 8192M
[27.616s][info][gc          ] GC(26) Concurrent reset 0.888ms
[27.616s][info][gc,start    ] GC(26) Pause Init Mark (unload classes)
[27.616s][info][gc,task     ] GC(26) Using 3 of 3 workers for init marking
[27.616s][info][gc,ergo     ] GC(26) Pacer for Mark. Expected Live: 4477K, Free: 5725M, Non-Taxable: 572M, Alloc Tax Rate: 0.0x
[27.616s][info][gc          ] GC(26) Pause Init Mark (unload classes) 0.098ms
[27.618s][info][gc,start    ] GC(26) Concurrent marking roots
[27.618s][info][gc,task     ] GC(26) Using 1 of 3 workers for concurrent marking roots
[27.618s][info][gc          ] GC(26) Concurrent marking roots 0.421ms
[27.618s][info][gc,start    ] GC(26) Concurrent marking (unload classes)
[27.618s][info][gc,task     ] GC(26) Using 1 of 3 workers for concurrent marking
[27.631s][info][gc          ] GC(26) Concurrent marking (unload classes) 12.389ms
[27.631s][info][gc,start    ] GC(26) Pause Final Mark (unload classes)
[27.631s][info][gc,task     ] GC(26) Using 3 of 3 workers for final marking
[27.631s][info][gc,ergo     ] GC(26) Collectable Garbage: 1888M (92%), Immediate: 1888M (92%), CSet: 0B (0%)
[27.631s][info][gc          ] GC(26) Pause Final Mark (unload classes) 0.167ms
[27.634s][info][gc,start    ] GC(26) Concurrent weak references
[27.634s][info][gc,task     ] GC(26) Using 1 of 3 workers for concurrent weak references
[27.634s][info][gc,ref      ] GC(26) Encountered references: Soft: 80, Weak: 363, Final: 3, Phantom: 49
[27.634s][info][gc,ref      ] GC(26) Discovered  references: Soft: 0, Weak: 125, Final: 1, Phantom: 32
[27.634s][info][gc,ref      ] GC(26) Enqueued    references: Soft: 0, Weak: 0, Final: 0, Phantom: 0
[27.634s][info][gc          ] GC(26) Concurrent weak references 0.114ms
[27.634s][info][gc,start    ] GC(26) Concurrent weak roots
[27.634s][info][gc,task     ] GC(26) Using 1 of 3 workers for concurrent weak root
[27.635s][info][gc          ] GC(26) Concurrent weak roots 1.118ms
[27.635s][info][gc,start    ] GC(26) Concurrent cleanup
[27.635s][info][gc          ] GC(26) Concurrent cleanup 2094M->206M(8192M) 0.049ms
[27.635s][info][gc,ergo     ] GC(26) Free: 7573M, Max: 4096K regular, 5680M humongous, Frag: 25% external, 0% internal; Reserve: 412M, Max: 4096K
[27.635s][info][gc,start    ] GC(26) Concurrent class unloading
[27.636s][info][gc,task     ] GC(26) Using 1 of 3 workers for concurrent class unloading
[27.639s][info][gc          ] GC(26) Concurrent class unloading 3.698ms
[27.639s][info][gc,start    ] GC(26) Pause Final Roots
[27.639s][info][gc          ] GC(26) Pause Final Roots 0.020ms
[27.643s][info][gc,ergo     ] Free: 7553M, Max: 4096K regular, 5680M humongous, Frag: 25% external, 0% internal; Reserve: 412M, Max: 4096K
[27.643s][info][gc,stats    ] 
[27.643s][info][gc,stats    ] All times are wall-clock times, except per-root-class counters, that are sum over
[27.643s][info][gc,stats    ] all workers. Dividing the <total> over the root stage time estimates parallelism.
[27.643s][info][gc,stats    ] 
[27.643s][info][gc,stats    ] Concurrent Reset                    938 us
[27.643s][info][gc,stats    ] Pause Init Mark (G)                1995 us
[27.643s][info][gc,stats    ] Pause Init Mark (N)                 108 us
[27.643s][info][gc,stats    ]   Update Region States               33 us
[27.643s][info][gc,stats    ] Concurrent Mark Roots               439 us, parallelism: 0.75x
[27.643s][info][gc,stats    ]   CMR: <total>                      329 us
[27.643s][info][gc,stats    ]   CMR: Thread Roots                 289 us, workers (us): 289, ---, ---, 
[27.643s][info][gc,stats    ]   CMR: VM Strong Roots                5 us, workers (us):   5, ---, ---, 
[27.643s][info][gc,stats    ]   CMR: CLDG Roots                    35 us, workers (us):  35, ---, ---, 
[27.643s][info][gc,stats    ] Concurrent Marking                12423 us
[27.643s][info][gc,stats    ] Pause Final Mark (G)               3588 us
[27.643s][info][gc,stats    ] Pause Final Mark (N)                177 us
[27.643s][info][gc,stats    ]   Finish Mark                        50 us
[27.643s][info][gc,stats    ]   Update Region States               36 us
[27.643s][info][gc,stats    ]   Choose Collection Set              42 us
[27.643s][info][gc,stats    ]   Rebuild Free Set                    8 us
[27.643s][info][gc,stats    ] Concurrent Weak References          124 us, parallelism: 0.07x
[27.643s][info][gc,stats    ]   CWRF: <total>                       9 us
[27.643s][info][gc,stats    ]   CWRF: Weak References               9 us, workers (us):   9, ---, ---, 
[27.643s][info][gc,stats    ] Concurrent Weak Roots              1154 us
[27.643s][info][gc,stats    ]   Roots                            1016 us, parallelism: 0.96x
[27.643s][info][gc,stats    ]     CWR: <total>                    971 us
[27.643s][info][gc,stats    ]     CWR: Code Cache Roots           886 us, workers (us): 886, ---, ---, 
[27.643s][info][gc,stats    ]     CWR: VM Weak Roots               80 us, workers (us):  80, ---, ---, 
[27.643s][info][gc,stats    ]     CWR: CLDG Roots                   5 us, workers (us):   5, ---, ---, 
[27.643s][info][gc,stats    ]   Rendezvous                         80 us
[27.643s][info][gc,stats    ] Concurrent Cleanup                   60 us
[27.643s][info][gc,stats    ] Concurrent Class Unloading         3725 us
[27.643s][info][gc,stats    ]   Unlink Stale                     3378 us
[27.643s][info][gc,stats    ]     System Dictionary                 7 us
[27.643s][info][gc,stats    ]     Weak Class Links                  0 us
[27.643s][info][gc,stats    ]     Code Roots                     3370 us
[27.643s][info][gc,stats    ]   Rendezvous                         91 us
[27.643s][info][gc,stats    ]   Purge Unlinked                    207 us
[27.643s][info][gc,stats    ]     Code Roots                      204 us
[27.643s][info][gc,stats    ]     CLDG                              3 us
[27.643s][info][gc,stats    ]     Exception Caches                  0 us
[27.643s][info][gc,stats    ] Pause Final Roots (G)              3439 us
[27.643s][info][gc,stats    ] Pause Final Roots (N)                30 us
[27.643s][info][gc,stats    ] 
[27.643s][info][gc,stats    ] Allocation pacing accrued:
[27.643s][info][gc,stats    ]       0 of   952 ms (  0.0%): <total>
[27.643s][info][gc,stats    ]       0 of   952 ms (  0.0%): <average total>
[27.643s][info][gc,stats    ] 
[27.643s][info][gc,metaspace] Metaspace: 8183K(8320K)->8183K(8320K) NonClass: 7216K(7296K)->7216K(7296K) Class: 967K(1024K)->967K(1024K)
[27.643s][info][gc,ergo     ] Pacer for Idle. Initial: 163M, Alloc Tax Rate: 1.0x
[28.171s][info][gc          ] Trigger: Explicit GC request (System.gc())
[28.171s][info][gc,ergo     ] Free: 6561M, Max: 4096K regular, 5680M humongous, Frag: 14% external, 0% internal; Reserve: 412M, Max: 4096K
[28.171s][info][gc,start    ] GC(27) Concurrent reset
[28.172s][info][gc,task     ] GC(27) Using 1 of 3 workers for concurrent reset
[28.172s][info][gc,ergo     ] GC(27) Pacer for Reset. Non-Taxable: 8192M
[28.172s][info][gc          ] GC(27) Concurrent reset 0.956ms
[28.173s][info][gc,start    ] GC(27) Pause Init Mark (unload classes)
[28.173s][info][gc,task     ] GC(27) Using 3 of 3 workers for init marking
[28.173s][info][gc,ref      ] GC(27) Clearing All SoftReferences
[28.173s][info][gc,ergo     ] GC(27) Pacer for Mark. Expected Live: 4785K, Free: 6561M, Non-Taxable: 656M, Alloc Tax Rate: 0.0x
[28.173s][info][gc          ] GC(27) Pause Init Mark (unload classes) 0.173ms
[28.173s][info][gc,start    ] GC(27) Concurrent marking roots
[28.173s][info][gc,task     ] GC(27) Using 1 of 3 workers for concurrent marking roots
[28.173s][info][gc          ] GC(27) Concurrent marking roots 0.334ms
[28.173s][info][gc,start    ] GC(27) Concurrent marking (unload classes)
[28.173s][info][gc,task     ] GC(27) Using 1 of 3 workers for concurrent marking
[28.177s][info][gc          ] GC(27) Concurrent marking (unload classes) 3.501ms
[28.177s][info][gc,start    ] GC(27) Pause Final Mark (unload classes)
[28.177s][info][gc,task     ] GC(27) Using 3 of 3 workers for final marking
[28.177s][info][gc,ergo     ] GC(27) Collectable Garbage: 1135M (93%), Immediate: 1135M (93%), CSet: 0B (0%)
[28.177s][info][gc          ] GC(27) Pause Final Mark (unload classes) 0.306ms
[28.177s][info][gc,start    ] GC(27) Concurrent weak references
[28.177s][info][gc,task     ] GC(27) Using 1 of 3 workers for concurrent weak references
[28.177s][info][gc,ref      ] GC(27) Encountered references: Soft: 79, Weak: 353, Final: 3, Phantom: 47
[28.177s][info][gc,ref      ] GC(27) Discovered  references: Soft: 46, Weak: 140, Final: 1, Phantom: 39
[28.177s][info][gc,ref      ] GC(27) Enqueued    references: Soft: 4, Weak: 0, Final: 0, Phantom: 6
[28.177s][info][gc          ] GC(27) Concurrent weak references 0.126ms
[28.177s][info][gc,start    ] GC(27) Concurrent weak roots
[28.177s][info][gc,task     ] GC(27) Using 1 of 3 workers for concurrent weak root
[28.178s][info][gc          ] GC(27) Concurrent weak roots 1.035ms
[28.178s][info][gc,start    ] GC(27) Concurrent cleanup
[28.178s][info][gc          ] GC(27) Concurrent cleanup 1218M->82M(8192M) 0.030ms
[28.178s][info][gc,ergo     ] GC(27) Free: 7697M, Max: 4096K regular, 5844M humongous, Frag: 25% external, 0% internal; Reserve: 412M, Max: 4096K
[28.178s][info][gc,start    ] GC(27) Concurrent class unloading
[28.178s][info][gc,task     ] GC(27) Using 1 of 3 workers for concurrent class unloading
[28.183s][info][gc          ] GC(27) Concurrent class unloading 5.155ms
[28.183s][info][gc,start    ] GC(27) Pause Final Roots
[28.184s][info][gc          ] GC(27) Pause Final Roots 0.055ms
[28.184s][info][gc,ergo     ] Free: 7697M, Max: 4096K regular, 5844M humongous, Frag: 25% external, 0% internal; Reserve: 412M, Max: 4096K
[28.184s][info][gc,stats    ] 
[28.184s][info][gc,stats    ] All times are wall-clock times, except per-root-class counters, that are sum over
[28.184s][info][gc,stats    ] all workers. Dividing the <total> over the root stage time estimates parallelism.
[28.184s][info][gc,stats    ] 
[28.184s][info][gc,stats    ] Concurrent Reset                    977 us
[28.184s][info][gc,stats    ] Pause Init Mark (G)                 276 us
[28.184s][info][gc,stats    ] Pause Init Mark (N)                 190 us
[28.184s][info][gc,stats    ]   Update Region States               49 us
[28.184s][info][gc,stats    ] Concurrent Mark Roots               343 us, parallelism: 0.83x
[28.184s][info][gc,stats    ]   CMR: <total>                      285 us
[28.184s][info][gc,stats    ]   CMR: Thread Roots                 248 us, workers (us): 248, ---, ---, 
[28.184s][info][gc,stats    ]   CMR: VM Strong Roots                3 us, workers (us):   3, ---, ---, 
[28.184s][info][gc,stats    ]   CMR: CLDG Roots                    34 us, workers (us):  34, ---, ---, 
[28.184s][info][gc,stats    ] Concurrent Marking                 3524 us
[28.184s][info][gc,stats    ] Pause Final Mark (G)                375 us
[28.184s][info][gc,stats    ] Pause Final Mark (N)                327 us
[28.184s][info][gc,stats    ]   Finish Mark                       105 us
[28.184s][info][gc,stats    ]   Update Region States               63 us
[28.184s][info][gc,stats    ]   Choose Collection Set              61 us
[28.184s][info][gc,stats    ]   Rebuild Free Set                   21 us
[28.184s][info][gc,stats    ] Concurrent Weak References          141 us, parallelism: 0.05x
[28.184s][info][gc,stats    ]   CWRF: <total>                       7 us
[28.184s][info][gc,stats    ]   CWRF: Weak References               7 us, workers (us):   7, ---, ---, 
[28.184s][info][gc,stats    ] Concurrent Weak Roots              1046 us
[28.184s][info][gc,stats    ]   Roots                             954 us, parallelism: 0.97x
[28.184s][info][gc,stats    ]     CWR: <total>                    924 us
[28.184s][info][gc,stats    ]     CWR: Code Cache Roots           837 us, workers (us): 837, ---, ---, 
[28.184s][info][gc,stats    ]     CWR: VM Weak Roots               85 us, workers (us):  85, ---, ---, 
[28.184s][info][gc,stats    ]     CWR: CLDG Roots                   3 us, workers (us):   3, ---, ---, 
[28.184s][info][gc,stats    ]   Rendezvous                         53 us
[28.184s][info][gc,stats    ] Concurrent Cleanup                   38 us
[28.184s][info][gc,stats    ] Concurrent Class Unloading         5250 us
[28.184s][info][gc,stats    ]   Unlink Stale                     4737 us
[28.184s][info][gc,stats    ]     System Dictionary                64 us
[28.184s][info][gc,stats    ]     Weak Class Links               1506 us
[28.184s][info][gc,stats    ]     Code Roots                     3167 us
[28.184s][info][gc,stats    ]   Rendezvous                         87 us
[28.184s][info][gc,stats    ]   Purge Unlinked                    309 us
[28.184s][info][gc,stats    ]     Code Roots                      267 us
[28.184s][info][gc,stats    ]     CLDG                             41 us
[28.184s][info][gc,stats    ]     Exception Caches                  0 us
[28.184s][info][gc,stats    ] Pause Final Roots (G)               112 us
[28.184s][info][gc,stats    ] Pause Final Roots (N)                65 us
[28.184s][info][gc,stats    ] 
[28.184s][info][gc,stats    ] Allocation pacing accrued:
[28.184s][info][gc,stats    ]       0 of   541 ms (  0.0%): <total>
[28.184s][info][gc,stats    ]       0 of   541 ms (  0.0%): <average total>
[28.184s][info][gc,stats    ] 
[28.184s][info][gc,metaspace] Metaspace: 8185K(8320K)->8182K(8320K) NonClass: 7217K(7296K)->7215K(7296K) Class: 967K(1024K)->966K(1024K)
[28.184s][info][gc,ergo     ] Pacer for Idle. Initial: 163M, Alloc Tax Rate: 1.0x
[29.148s][info][gc          ] Trigger: Learning 2 of 5. Free (5733M) is below initial threshold (5734M)
[29.148s][info][gc,ergo     ] Free: 5733M, Max: 4096K regular, 5728M humongous, Frag: 0% external, 0% internal; Reserve: 412M, Max: 4096K
[29.148s][info][gc,start    ] GC(28) Concurrent reset
[29.148s][info][gc,task     ] GC(28) Using 1 of 3 workers for concurrent reset
[29.148s][info][gc,ergo     ] GC(28) Pacer for Reset. Non-Taxable: 8192M
[29.149s][info][gc          ] GC(28) Concurrent reset 0.468ms
[29.149s][info][gc,start    ] GC(28) Pause Init Mark (unload classes)
[29.149s][info][gc,task     ] GC(28) Using 3 of 3 workers for init marking
[29.149s][info][gc,ergo     ] GC(28) Pacer for Mark. Expected Live: 4433K, Free: 5733M, Non-Taxable: 573M, Alloc Tax Rate: 0.0x
[29.149s][info][gc          ] GC(28) Pause Init Mark (unload classes) 0.119ms
[29.154s][info][gc,start    ] GC(28) Concurrent marking roots
[29.154s][info][gc,task     ] GC(28) Using 1 of 3 workers for concurrent marking roots
[29.155s][info][gc          ] GC(28) Concurrent marking roots 0.443ms
[29.155s][info][gc,start    ] GC(28) Concurrent marking (unload classes)
[29.155s][info][gc,task     ] GC(28) Using 1 of 3 workers for concurrent marking
[29.161s][info][gc          ] GC(28) Concurrent marking (unload classes) 5.979ms
[29.161s][info][gc,start    ] GC(28) Pause Final Mark (unload classes)
[29.161s][info][gc,task     ] GC(28) Using 3 of 3 workers for final marking
[29.161s][info][gc,ergo     ] GC(28) Collectable Garbage: 1860M (91%), Immediate: 1860M (91%), CSet: 0B (0%)
[29.161s][info][gc          ] GC(28) Pause Final Mark (unload classes) 0.169ms
[29.163s][info][gc,start    ] GC(28) Concurrent weak references
[29.163s][info][gc,task     ] GC(28) Using 1 of 3 workers for concurrent weak references
[29.163s][info][gc,ref      ] GC(28) Encountered references: Soft: 80, Weak: 364, Final: 3, Phantom: 49
[29.163s][info][gc,ref      ] GC(28) Discovered  references: Soft: 0, Weak: 125, Final: 1, Phantom: 31
[29.163s][info][gc,ref      ] GC(28) Enqueued    references: Soft: 0, Weak: 0, Final: 0, Phantom: 0
[29.163s][info][gc          ] GC(28) Concurrent weak references 0.113ms
[29.163s][info][gc,start    ] GC(28) Concurrent weak roots
[29.163s][info][gc,task     ] GC(28) Using 1 of 3 workers for concurrent weak root
[29.167s][info][gc          ] GC(28) Concurrent weak roots 4.066ms
[29.167s][info][gc,start    ] GC(28) Concurrent cleanup
[29.167s][info][gc          ] GC(28) Concurrent cleanup 2094M->234M(8192M) 0.075ms
[29.167s][info][gc,ergo     ] GC(28) Free: 7545M, Max: 4096K regular, 5680M humongous, Frag: 25% external, 0% internal; Reserve: 412M, Max: 4096K
[29.167s][info][gc,start    ] GC(28) Concurrent class unloading
[29.167s][info][gc,task     ] GC(28) Using 1 of 3 workers for concurrent class unloading
[29.171s][info][gc          ] GC(28) Concurrent class unloading 3.715ms
[29.171s][info][gc,start    ] GC(28) Pause Final Roots
[29.171s][info][gc          ] GC(28) Pause Final Roots 0.015ms
[29.171s][info][gc,ergo     ] Free: 7545M, Max: 4096K regular, 5680M humongous, Frag: 25% external, 0% internal; Reserve: 412M, Max: 4096K
[29.171s][info][gc,stats    ] 
[29.171s][info][gc,stats    ] All times are wall-clock times, except per-root-class counters, that are sum over
[29.171s][info][gc,stats    ] all workers. Dividing the <total> over the root stage time estimates parallelism.
[29.171s][info][gc,stats    ] 
[29.171s][info][gc,stats    ] Concurrent Reset                    487 us
[29.171s][info][gc,stats    ] Pause Init Mark (G)                5756 us
[29.171s][info][gc,stats    ] Pause Init Mark (N)                 129 us
[29.171s][info][gc,stats    ]   Update Region States               54 us
[29.171s][info][gc,stats    ] Concurrent Mark Roots               467 us, parallelism: 0.71x
[29.171s][info][gc,stats    ]   CMR: <total>                      333 us
[29.171s][info][gc,stats    ]   CMR: Thread Roots                 294 us, workers (us): 294, ---, ---, 
[29.171s][info][gc,stats    ]   CMR: VM Strong Roots                6 us, workers (us):   6, ---, ---, 
[29.171s][info][gc,stats    ]   CMR: CLDG Roots                    33 us, workers (us):  33, ---, ---, 
[29.171s][info][gc,stats    ] Concurrent Marking                 6018 us
[29.171s][info][gc,stats    ] Pause Final Mark (G)               1807 us
[29.171s][info][gc,stats    ] Pause Final Mark (N)                180 us
[29.171s][info][gc,stats    ]   Finish Mark                        50 us
[29.171s][info][gc,stats    ]   Update Region States               34 us
[29.171s][info][gc,stats    ]   Choose Collection Set              46 us
[29.171s][info][gc,stats    ]   Rebuild Free Set                    8 us
[29.171s][info][gc,stats    ] Concurrent Weak References          123 us, parallelism: 0.09x
[29.171s][info][gc,stats    ]   CWRF: <total>                      11 us
[29.171s][info][gc,stats    ]   CWRF: Weak References              11 us, workers (us):  11, ---, ---, 
[29.171s][info][gc,stats    ] Concurrent Weak Roots              4112 us
[29.171s][info][gc,stats    ]   Roots                            1061 us, parallelism: 0.96x
[29.171s][info][gc,stats    ]     CWR: <total>                   1020 us
[29.171s][info][gc,stats    ]     CWR: Code Cache Roots           934 us, workers (us): 934, ---, ---, 
[29.171s][info][gc,stats    ]     CWR: VM Weak Roots               80 us, workers (us):  80, ---, ---, 
[29.171s][info][gc,stats    ]     CWR: CLDG Roots                   7 us, workers (us):   7, ---, ---, 
[29.171s][info][gc,stats    ]   Rendezvous                       2983 us
[29.171s][info][gc,stats    ] Concurrent Cleanup                   86 us
[29.171s][info][gc,stats    ] Concurrent Class Unloading         3750 us
[29.171s][info][gc,stats    ]   Unlink Stale                     3429 us
[29.171s][info][gc,stats    ]     System Dictionary                 6 us
[29.171s][info][gc,stats    ]     Weak Class Links                  0 us
[29.171s][info][gc,stats    ]     Code Roots                     3420 us
[29.171s][info][gc,stats    ]   Rendezvous                         68 us
[29.171s][info][gc,stats    ]   Purge Unlinked                    195 us
[29.171s][info][gc,stats    ]     Code Roots                      191 us
[29.171s][info][gc,stats    ]     CLDG                              4 us
[29.171s][info][gc,stats    ]     Exception Caches                  0 us
[29.171s][info][gc,stats    ] Pause Final Roots (G)               242 us
[29.171s][info][gc,stats    ] Pause Final Roots (N)                25 us
[29.171s][info][gc,stats    ] 
[29.171s][info][gc,stats    ] Allocation pacing accrued:
[29.171s][info][gc,stats    ]       0 of   987 ms (  0.0%): <total>
[29.171s][info][gc,stats    ]       0 of   987 ms (  0.0%): <average total>
[29.171s][info][gc,stats    ] 
[29.172s][info][gc,metaspace] Metaspace: 8186K(8320K)->8186K(8320K) NonClass: 7218K(7296K)->7218K(7296K) Class: 967K(1024K)->967K(1024K)
[29.172s][info][gc,ergo     ] Pacer for Idle. Initial: 163M, Alloc Tax Rate: 1.0x
[30.069s][info][gc          ] Trigger: Learning 3 of 5. Free (5733M) is below initial threshold (5734M)
[30.069s][info][gc,ergo     ] Free: 5733M, Max: 4096K regular, 5680M humongous, Frag: 1% external, 0% internal; Reserve: 412M, Max: 4096K
[30.069s][info][gc,start    ] GC(29) Concurrent reset
[30.069s][info][gc,task     ] GC(29) Using 1 of 3 workers for concurrent reset
[30.069s][info][gc,ergo     ] GC(29) Pacer for Reset. Non-Taxable: 8192M
[30.070s][info][gc          ] GC(29) Concurrent reset 0.974ms
[30.071s][info][gc,start    ] GC(29) Pause Init Mark (unload classes)
[30.071s][info][gc,task     ] GC(29) Using 3 of 3 workers for init marking
[30.071s][info][gc,ergo     ] GC(29) Pacer for Mark. Expected Live: 4502K, Free: 5733M, Non-Taxable: 573M, Alloc Tax Rate: 0.0x
[30.071s][info][gc          ] GC(29) Pause Init Mark (unload classes) 0.136ms
[30.072s][info][gc,start    ] GC(29) Concurrent marking roots
[30.072s][info][gc,task     ] GC(29) Using 1 of 3 workers for concurrent marking roots
[30.072s][info][gc          ] GC(29) Concurrent marking roots 0.425ms
[30.072s][info][gc,start    ] GC(29) Concurrent marking (unload classes)
[30.072s][info][gc,task     ] GC(29) Using 1 of 3 workers for concurrent marking
[30.079s][info][gc          ] GC(29) Concurrent marking (unload classes) 6.765ms
[30.079s][info][gc,start    ] GC(29) Pause Final Mark (unload classes)
[30.079s][info][gc,task     ] GC(29) Using 3 of 3 workers for final marking
[30.079s][info][gc,ergo     ] GC(29) Adaptive CSet Selection. Target Free: 1160M, Actual Free: 7960M, Max CSet: 341M, Min Garbage: 0B
[30.079s][info][gc,ergo     ] GC(29) Collectable Garbage: 2040M (99%), Immediate: 1844M (90%), CSet: 196M (9%)
[30.079s][info][gc,ergo     ] GC(29) Pacer for Evacuation. Used CSet: 198M, Free: 7551M, Non-Taxable: 755M, Alloc Tax Rate: 1.1x
[30.079s][info][gc          ] GC(29) Pause Final Mark (unload classes) 0.220ms
[30.085s][info][gc,start    ] GC(29) Concurrent thread roots
[30.085s][info][gc,task     ] GC(29) Using 1 of 3 workers for Concurrent thread roots
[30.086s][info][gc          ] GC(29) Concurrent thread roots 0.371ms
[30.086s][info][gc,start    ] GC(29) Concurrent weak references
[30.086s][info][gc,task     ] GC(29) Using 1 of 3 workers for concurrent weak references
[30.086s][info][gc,ref      ] GC(29) Encountered references: Soft: 80, Weak: 364, Final: 3, Phantom: 49
[30.086s][info][gc,ref      ] GC(29) Discovered  references: Soft: 0, Weak: 125, Final: 1, Phantom: 29
[30.086s][info][gc,ref      ] GC(29) Enqueued    references: Soft: 0, Weak: 0, Final: 0, Phantom: 0
[30.086s][info][gc          ] GC(29) Concurrent weak references 0.080ms
[30.086s][info][gc,start    ] GC(29) Concurrent weak roots
[30.086s][info][gc,task     ] GC(29) Using 1 of 3 workers for concurrent weak root
[30.087s][info][gc          ] GC(29) Concurrent weak roots 1.078ms
[30.087s][info][gc,start    ] GC(29) Concurrent cleanup
[30.087s][info][gc          ] GC(29) Concurrent cleanup 2094M->250M(8192M) 0.044ms
[30.087s][info][gc,ergo     ] GC(29) Free: 7527M, Max: 4096K regular, 5752M humongous, Frag: 24% external, 0% internal; Reserve: 411M, Max: 4096K
[30.087s][info][gc,start    ] GC(29) Concurrent class unloading
[30.087s][info][gc,task     ] GC(29) Using 1 of 3 workers for concurrent class unloading
[30.091s][info][gc          ] GC(29) Concurrent class unloading 4.122ms
[30.091s][info][gc,start    ] GC(29) Concurrent strong roots
[30.091s][info][gc,task     ] GC(29) Using 1 of 3 workers for concurrent strong root
[30.091s][info][gc          ] GC(29) Concurrent strong roots 0.069ms
[30.091s][info][gc,start    ] GC(29) Concurrent evacuation
[30.091s][info][gc,task     ] GC(29) Using 1 of 3 workers for concurrent evacuation
[30.092s][info][gc          ] GC(29) Concurrent evacuation 1.254ms
[30.092s][info][gc,start    ] GC(29) Pause Init Update Refs
[30.092s][info][gc,ergo     ] GC(29) Pacer for Update Refs. Used: 252M, Free: 7527M, Non-Taxable: 752M, Alloc Tax Rate: 1.1x
[30.092s][info][gc          ] GC(29) Pause Init Update Refs 0.032ms
[30.096s][info][gc,start    ] GC(29) Concurrent update references
[30.096s][info][gc,task     ] GC(29) Using 1 of 3 workers for concurrent reference update
[30.102s][info][gc          ] GC(29) Concurrent update references 6.139ms
[30.102s][info][gc,start    ] GC(29) Concurrent update thread roots
[30.104s][info][gc          ] GC(29) Concurrent update thread roots 1.111ms
[30.104s][info][gc,start    ] GC(29) Pause Final Update Refs
[30.104s][info][gc,task     ] GC(29) Using 3 of 3 workers for final reference update
[30.104s][info][gc          ] GC(29) Pause Final Update Refs 0.101ms
[30.106s][info][gc,start    ] GC(29) Concurrent cleanup
[30.106s][info][gc          ] GC(29) Concurrent cleanup 276M->78M(8192M) 0.062ms
[30.106s][info][gc,ergo     ] Free: 7701M, Max: 4096K regular, 5752M humongous, Frag: 26% external, 0% internal; Reserve: 412M, Max: 4096K
[30.106s][info][gc,stats    ] 
[30.106s][info][gc,stats    ] All times are wall-clock times, except per-root-class counters, that are sum over
[30.106s][info][gc,stats    ] all workers. Dividing the <total> over the root stage time estimates parallelism.
[30.106s][info][gc,stats    ] 
[30.106s][info][gc,stats    ] Concurrent Reset                   1037 us
[30.106s][info][gc,stats    ] Pause Init Mark (G)                1267 us
[30.106s][info][gc,stats    ] Pause Init Mark (N)                 146 us
[30.106s][info][gc,stats    ]   Update Region States               51 us
[30.106s][info][gc,stats    ] Concurrent Mark Roots               441 us, parallelism: 0.73x
[30.106s][info][gc,stats    ]   CMR: <total>                      322 us
[30.106s][info][gc,stats    ]   CMR: Thread Roots                 280 us, workers (us): 280, ---, ---, 
[30.106s][info][gc,stats    ]   CMR: VM Strong Roots                6 us, workers (us):   6, ---, ---, 
[30.106s][info][gc,stats    ]   CMR: CLDG Roots                    37 us, workers (us):  37, ---, ---, 
[30.106s][info][gc,stats    ] Concurrent Marking                 6798 us
[30.106s][info][gc,stats    ] Pause Final Mark (G)               6188 us
[30.106s][info][gc,stats    ] Pause Final Mark (N)                230 us
[30.106s][info][gc,stats    ]   Finish Mark                        52 us
[30.106s][info][gc,stats    ]   Update Region States               44 us
[30.106s][info][gc,stats    ]   Choose Collection Set              70 us
[30.106s][info][gc,stats    ]   Rebuild Free Set                    8 us
[30.106s][info][gc,stats    ] Concurrent Thread Roots             388 us, parallelism: 0.77x
[30.106s][info][gc,stats    ]   CTR: <total>                      299 us
[30.106s][info][gc,stats    ]   CTR: Thread Roots                 299 us, workers (us): 299, ---, ---, 
[30.106s][info][gc,stats    ] Concurrent Weak References           88 us, parallelism: 0.12x
[30.106s][info][gc,stats    ]   CWRF: <total>                      10 us
[30.106s][info][gc,stats    ]   CWRF: Weak References              10 us, workers (us):  10, ---, ---, 
[30.106s][info][gc,stats    ] Concurrent Weak Roots              1107 us
[30.106s][info][gc,stats    ]   Roots                             895 us, parallelism: 0.95x
[30.106s][info][gc,stats    ]     CWR: <total>                    847 us
[30.106s][info][gc,stats    ]     CWR: Code Cache Roots           748 us, workers (us): 748, ---, ---, 
[30.106s][info][gc,stats    ]     CWR: VM Weak Roots               95 us, workers (us):  95, ---, ---, 
[30.106s][info][gc,stats    ]     CWR: CLDG Roots                   4 us, workers (us):   4, ---, ---, 
[30.106s][info][gc,stats    ]   Rendezvous                        163 us
[30.106s][info][gc,stats    ] Concurrent Cleanup                   54 us
[30.106s][info][gc,stats    ] Concurrent Class Unloading         4154 us
[30.106s][info][gc,stats    ]   Unlink Stale                     3194 us
[30.106s][info][gc,stats    ]     System Dictionary                 6 us
[30.106s][info][gc,stats    ]     Weak Class Links                  0 us
[30.106s][info][gc,stats    ]     Code Roots                     3187 us
[30.106s][info][gc,stats    ]   Rendezvous                        644 us
[30.106s][info][gc,stats    ]   Purge Unlinked                    261 us
[30.106s][info][gc,stats    ]     Code Roots                      254 us
[30.106s][info][gc,stats    ]     CLDG                              6 us
[30.106s][info][gc,stats    ]     Exception Caches                  0 us
[30.106s][info][gc,stats    ] Concurrent Strong Roots              80 us, parallelism: 0.34x
[30.106s][info][gc,stats    ]   CSR: <total>                       27 us
[30.106s][info][gc,stats    ]   CSR: VM Strong Roots                2 us, workers (us):   2, ---, ---, 
[30.106s][info][gc,stats    ]   CSR: CLDG Roots                    25 us, workers (us):  25, ---, ---, 
[30.106s][info][gc,stats    ] Concurrent Evacuation              1285 us
[30.106s][info][gc,stats    ] Pause Init Update Refs (G)         3944 us
[30.106s][info][gc,stats    ] Pause Init Update Refs (N)           41 us
[30.106s][info][gc,stats    ]   Manage GCLABs                       4 us
[30.106s][info][gc,stats    ] Concurrent Update Refs             6176 us
[30.106s][info][gc,stats    ] Concurrent Update Thread Roots     1145 us
[30.106s][info][gc,stats    ] Pause Final Update Refs (G)        1978 us
[30.106s][info][gc,stats    ] Pause Final Update Refs (N)         128 us
[30.106s][info][gc,stats    ]   Update Region States               51 us
[30.106s][info][gc,stats    ]   Trash Collection Set                4 us
[30.106s][info][gc,stats    ]   Rebuild Free Set                   15 us
[30.106s][info][gc,stats    ] Concurrent Cleanup                   74 us
[30.106s][info][gc,stats    ] 
[30.106s][info][gc,stats    ] Allocation pacing accrued:
[30.106s][info][gc,stats    ]       0 of   935 ms (  0.0%): <total>
[30.106s][info][gc,stats    ]       0 of   935 ms (  0.0%): <average total>
[30.106s][info][gc,stats    ] 
[30.106s][info][gc,metaspace] Metaspace: 8191K(8320K)->8191K(8320K) NonClass: 7224K(7296K)->7224K(7296K) Class: 967K(1024K)->967K(1024K)
[30.106s][info][gc,ergo     ] Pacer for Idle. Initial: 163M, Alloc Tax Rate: 1.0x
[30.634s][info][gc          ] Cancelling GC: Stopping VM
[30.637s][info][gc,heap,exit] Heap
[30.637s][info][gc,heap,exit] Shenandoah Heap
[30.637s][info][gc,heap,exit]  8192M max, 8192M soft max, 8192M committed, 1086M used
[30.637s][info][gc,heap,exit]  2048 x 4096K regions
[30.637s][info][gc,heap,exit] Status: cancelled
[30.637s][info][gc,heap,exit] Reserved region:
[30.637s][info][gc,heap,exit]  - [0x0000000600000000, 0x0000000800000000) 
[30.637s][info][gc,heap,exit] Collection set:
[30.637s][info][gc,heap,exit]  - map (vanilla): 0x0000000000011800
[30.637s][info][gc,heap,exit]  - map (biased):  0x0000000000010000
[30.637s][info][gc,heap,exit] 
[30.637s][info][gc,heap,exit]  Metaspace       used 8192K, committed 8320K, reserved 1114112K
[30.637s][info][gc,heap,exit]   class space    used 967K, committed 1024K, reserved 1048576K
[30.637s][info][gc,stats    ] 
[30.637s][info][gc,stats    ] GC STATISTICS:
[30.637s][info][gc,stats    ]   "(G)" (gross) pauses include VM time: time to notify and block threads, do the pre-
[30.637s][info][gc,stats    ]         and post-safepoint housekeeping. Use -Xlog:safepoint+stats to dissect.
[30.637s][info][gc,stats    ]   "(N)" (net) pauses are the times spent in the actual GC code.
[30.637s][info][gc,stats    ]   "a" is average time for each phase, look at levels to see if average makes sense.
[30.637s][info][gc,stats    ]   "lvls" are quantiles: 0% (minimum), 25%, 50% (median), 75%, 100% (maximum).
[30.637s][info][gc,stats    ] 
[30.637s][info][gc,stats    ]   All times are wall-clock times, except per-root-class counters, that are sum over
[30.637s][info][gc,stats    ]   all workers. Dividing the <total> over the root stage time estimates parallelism.
[30.637s][info][gc,stats    ] 
[30.637s][info][gc,stats    ]   Pacing delays are measured from entering the pacing code till exiting it. Therefore,
[30.637s][info][gc,stats    ]   observed pacing delays may be higher than the threshold when paced thread spent more
[30.637s][info][gc,stats    ]   time in the pacing code. It usually happens when thread is de-scheduled while paced,
[30.637s][info][gc,stats    ]   OS takes longer to unblock the thread, or JVM experiences an STW pause.
[30.637s][info][gc,stats    ] 
[30.637s][info][gc,stats    ]   Higher delay would prevent application outpacing the GC, but it will hide the GC latencies
[30.637s][info][gc,stats    ]   from the STW pause times. Pacing affects the individual threads, and so it would also be
[30.637s][info][gc,stats    ]   invisible to the usual profiling tools, but would add up to end-to-end application latency.
[30.637s][info][gc,stats    ]   Raise max pacing delay with care.
[30.637s][info][gc,stats    ] 
[30.637s][info][gc,stats    ] Concurrent Reset               =    0.025 s (a =      848 us) (n =    30) (lvls, us =      229,      525,      848,      996,     1982)
[30.637s][info][gc,stats    ] Pause Init Mark (G)            =    0.080 s (a =     2657 us) (n =    30) (lvls, us =      168,      279,     1250,     4004,    16126)
[30.637s][info][gc,stats    ] Pause Init Mark (N)            =    0.005 s (a =      160 us) (n =    30) (lvls, us =      105,      117,      123,      170,      402)
[30.637s][info][gc,stats    ]   Update Region States         =    0.001 s (a =       44 us) (n =    30) (lvls, us =       25,       33,       41,       50,       74)
[30.637s][info][gc,stats    ] Concurrent Mark Roots          =    0.014 s (a =      467 us) (n =    30) (lvls, us =      320,      414,      463,      502,      643)
[30.637s][info][gc,stats    ]   CMR: <total>                 =    0.011 s (a =      355 us) (n =    30) (lvls, us =      256,      305,      328,      385,      537)
[30.637s][info][gc,stats    ]   CMR: Thread Roots            =    0.009 s (a =      308 us) (n =    30) (lvls, us =      223,      246,      289,      320,      468)
[30.637s][info][gc,stats    ]   CMR: VM Strong Roots         =    0.000 s (a =        6 us) (n =    30) (lvls, us =        3,        4,        4,        5,       40)
[30.637s][info][gc,stats    ]   CMR: CLDG Roots              =    0.001 s (a =       40 us) (n =    30) (lvls, us =       29,       32,       33,       38,      107)
[30.637s][info][gc,stats    ] Concurrent Marking             =    0.166 s (a =     5519 us) (n =    30) (lvls, us =     3438,     3672,     4980,     5801,    13602)
[30.638s][info][gc,stats    ] Pause Final Mark (G)           =    0.070 s (a =     2345 us) (n =    30) (lvls, us =      178,      371,      568,     1895,    30988)
[30.638s][info][gc,stats    ] Pause Final Mark (N)           =    0.007 s (a =      233 us) (n =    30) (lvls, us =      145,      178,      186,      275,      467)
[30.638s][info][gc,stats    ]   Finish Mark                  =    0.002 s (a =       63 us) (n =    30) (lvls, us =       35,       44,       50,       60,      167)
[30.638s][info][gc,stats    ]   Update Region States         =    0.001 s (a =       40 us) (n =    30) (lvls, us =       27,       32,       35,       44,       88)
[30.638s][info][gc,stats    ]   Choose Collection Set        =    0.002 s (a =       55 us) (n =    30) (lvls, us =       25,       42,       46,       61,      163)
[30.638s][info][gc,stats    ]   Rebuild Free Set             =    0.000 s (a =       11 us) (n =    30) (lvls, us =        8,        8,        8,       10,       21)
[30.638s][info][gc,stats    ] Concurrent Thread Roots        =    0.005 s (a =      777 us) (n =     7) (lvls, us =      264,      264,      443,      525,     2366)
[30.638s][info][gc,stats    ]   CTR: <total>                 =    0.005 s (a =      662 us) (n =     7) (lvls, us =      217,      217,      299,      418,     2260)
[30.638s][info][gc,stats    ]   CTR: Thread Roots            =    0.005 s (a =      662 us) (n =     7) (lvls, us =      217,      217,      299,      418,     2260)
[30.638s][info][gc,stats    ] Concurrent Weak References     =    0.004 s (a =      139 us) (n =    30) (lvls, us =       83,       89,      121,      145,      361)
[30.638s][info][gc,stats    ]   CWRF: <total>                =    0.000 s (a =       16 us) (n =    30) (lvls, us =        7,        9,       11,       16,      105)
[30.638s][info][gc,stats    ]   CWRF: Weak References        =    0.000 s (a =       16 us) (n =    30) (lvls, us =        7,        9,       11,       16,      105)
[30.638s][info][gc,stats    ] Concurrent Weak Roots          =    0.053 s (a =     1758 us) (n =    30) (lvls, us =      865,     1035,     1133,     1406,     8113)
[30.638s][info][gc,stats    ]   Roots                        =    0.029 s (a =      972 us) (n =    30) (lvls, us =      785,      895,      957,     1016,     1262)
[30.638s][info][gc,stats    ]     CWR: <total>               =    0.028 s (a =      926 us) (n =    30) (lvls, us =      707,      846,      926,      980,     1192)
[30.638s][info][gc,stats    ]     CWR: Code Cache Roots      =    0.025 s (a =      819 us) (n =    30) (lvls, us =      285,      746,      836,      885,     1026)
[30.638s][info][gc,stats    ]     CWR: VM Weak Roots         =    0.003 s (a =      102 us) (n =    30) (lvls, us =       64,       73,       80,       95,      418)
[30.638s][info][gc,stats    ]     CWR: CLDG Roots            =    0.000 s (a =        5 us) (n =    30) (lvls, us =        3,        4,        5,        5,        7)
[30.638s][info][gc,stats    ]   Rendezvous                   =    0.022 s (a =      730 us) (n =    30) (lvls, us =       33,       57,       67,      307,     7039)
[30.638s][info][gc,stats    ] Concurrent Cleanup             =    0.002 s (a =       56 us) (n =    30) (lvls, us =       27,       44,       56,       61,      101)
[30.638s][info][gc,stats    ] Concurrent Class Unloading     =    0.141 s (a =     4691 us) (n =    30) (lvls, us =     2559,     3574,     4141,     5176,    13947)
[30.638s][info][gc,stats    ]   Unlink Stale                 =    0.114 s (a =     3783 us) (n =    30) (lvls, us =     2324,     3164,     3359,     4570,     5763)
[30.638s][info][gc,stats    ]     System Dictionary          =    0.001 s (a =       29 us) (n =    30) (lvls, us =        5,        6,        7,       62,      137)
[30.638s][info][gc,stats    ]     Weak Class Links           =    0.015 s (a =      509 us) (n =    30) (lvls, us =        0,        0,        0,     1484,     1966)
[30.638s][info][gc,stats    ]     Code Roots                 =    0.097 s (a =     3244 us) (n =    30) (lvls, us =     1270,     3066,     3223,     3379,     4139)
[30.638s][info][gc,stats    ]   Rendezvous                   =    0.018 s (a =      610 us) (n =    30) (lvls, us =       29,       60,       73,      191,    10471)
[30.638s][info][gc,stats    ]   Purge Unlinked               =    0.007 s (a =      233 us) (n =    30) (lvls, us =      125,      188,      227,      256,      540)
[30.638s][info][gc,stats    ]     Code Roots                 =    0.007 s (a =      219 us) (n =    30) (lvls, us =       93,      176,      215,      244,      533)
[30.638s][info][gc,stats    ]     CLDG                       =    0.000 s (a =       13 us) (n =    30) (lvls, us =        3,        4,        5,       23,       60)
[30.638s][info][gc,stats    ]     Exception Caches           =    0.000 s (a =        0 us) (n =    30) (lvls, us =        0,        0,        0,        0,        1)
[30.638s][info][gc,stats    ] Concurrent Strong Roots        =    0.001 s (a =      136 us) (n =     7) (lvls, us =       80,       80,       86,      141,      321)
[30.638s][info][gc,stats    ]   CSR: <total>                 =    0.000 s (a =       67 us) (n =     7) (lvls, us =       26,       26,       27,       53,      227)
[30.638s][info][gc,stats    ]   CSR: VM Strong Roots         =    0.000 s (a =        4 us) (n =     7) (lvls, us =        2,        2,        2,        3,       10)
[30.638s][info][gc,stats    ]   CSR: CLDG Roots              =    0.000 s (a =       63 us) (n =     7) (lvls, us =       23,       23,       25,       50,      217)
[30.638s][info][gc,stats    ] Concurrent Evacuation          =    0.018 s (a =     2582 us) (n =     7) (lvls, us =     1270,     1270,     1758,     1875,     7927)
[30.638s][info][gc,stats    ] Pause Final Roots (G)          =    0.035 s (a =     1529 us) (n =    23) (lvls, us =       84,      150,      400,     1914,     7896)
[30.638s][info][gc,stats    ] Pause Final Roots (N)          =    0.001 s (a =       49 us) (n =    23) (lvls, us =       24,       30,       38,       64,       96)
[30.638s][info][gc,stats    ] Pause Init Update Refs (G)     =    0.020 s (a =     2827 us) (n =     7) (lvls, us =      129,      129,      352,     3926,     7127)
[30.638s][info][gc,stats    ] Pause Init Update Refs (N)     =    0.000 s (a =       55 us) (n =     7) (lvls, us =       40,       40,       50,       60,       67)
[30.638s][info][gc,stats    ]   Manage GCLABs                =    0.000 s (a =        5 us) (n =     7) (lvls, us =        2,        2,        4,        5,        6)
[30.638s][info][gc,stats    ] Concurrent Update Refs         =    0.032 s (a =     4597 us) (n =     7) (lvls, us =     1699,     1699,     4434,     6035,     6743)
[30.638s][info][gc,stats    ] Concurrent Update Thread Roots =    0.011 s (a =     1629 us) (n =     7) (lvls, us =      281,      281,      496,     2363,     4373)
[30.638s][info][gc,stats    ] Pause Final Update Refs (G)    =    0.016 s (a =     2233 us) (n =     7) (lvls, us =      162,      162,      275,     1973,     8939)
[30.638s][info][gc,stats    ] Pause Final Update Refs (N)    =    0.001 s (a =      135 us) (n =     7) (lvls, us =      105,      105,      119,      131,      210)
[30.638s][info][gc,stats    ]   Update Region States         =    0.000 s (a =       47 us) (n =     7) (lvls, us =       41,       41,       45,       48,       60)
[30.638s][info][gc,stats    ]   Trash Collection Set         =    0.000 s (a =        4 us) (n =     7) (lvls, us =        1,        1,        4,        5,        7)
[30.638s][info][gc,stats    ]   Rebuild Free Set             =    0.000 s (a =       16 us) (n =     7) (lvls, us =       11,       11,       15,       16,       21)
[30.638s][info][gc,stats    ] Concurrent Cleanup             =    0.001 s (a =       72 us) (n =     7) (lvls, us =       53,       53,       67,       81,       91)
[30.638s][info][gc,stats    ] 
[30.638s][info][gc,stats    ] 
[30.638s][info][gc,stats    ] Under allocation pressure, concurrent cycles may cancel, and either continue cycle
[30.638s][info][gc,stats    ] under stop-the-world pause or result in stop-the-world Full GC. Increase heap size,
[30.638s][info][gc,stats    ] tune GC heuristics, set more aggressive pacing delay, or lower allocation rate
[30.638s][info][gc,stats    ] to avoid Degenerated and Full GC cycles.
[30.638s][info][gc,stats    ] 
[30.638s][info][gc,stats    ]    30 successful concurrent GCs
[30.638s][info][gc,stats    ]      10 invoked explicitly
[30.638s][info][gc,stats    ]       0 invoked implicitly
[30.638s][info][gc,stats    ] 
[30.638s][info][gc,stats    ]     0 Degenerated GCs
[30.638s][info][gc,stats    ]       0 caused by allocation failure
[30.638s][info][gc,stats    ]       0 upgraded to Full GC
[30.638s][info][gc,stats    ] 
[30.638s][info][gc,stats    ]     0 Full GCs
[30.638s][info][gc,stats    ]       0 invoked explicitly
[30.638s][info][gc,stats    ]       0 invoked implicitly
[30.638s][info][gc,stats    ]       0 caused by allocation failure
[30.638s][info][gc,stats    ]       0 upgraded from Degenerated GC
[30.638s][info][gc,stats    ] 
[30.638s][info][gc,stats    ] 
