[0.009s][info][gc] Using G1
[0.023s][info][gc,init] Version: 17.0.12+7-adhoc..jdk17u (release)
[0.023s][info][gc,init] CPUs: 6 total, 6 available
[0.023s][info][gc,init] Memory: 15591M
[0.023s][info][gc,init] Large Page Support: Disabled
[0.023s][info][gc,init] NUMA Support: Disabled
[0.023s][info][gc,init] Compressed Oops: Enabled (Zero based)
[0.023s][info][gc,init] Heap Region Size: 2M
[0.023s][info][gc,init] Heap Min Capacity: 4G
[0.023s][info][gc,init] Heap Initial Capacity: 4G
[0.023s][info][gc,init] Heap Max Capacity: 4G
[0.023s][info][gc,init] Pre-touch: Disabled
[0.023s][info][gc,init] Parallel Workers: 6
[0.023s][info][gc,init] Concurrent Workers: 2
[0.028s][info][gc,init] Concurrent Refinement Workers: 6
[0.028s][info][gc,init] Periodic GC: Disabled
[0.035s][info][gc,metaspace] CDS archive(s) mapped at: [0x0000022900000000-0x0000022900bc0000-0x0000022900bc0000), size 12320768, SharedBaseAddress: 0x0000022900000000, ArchiveRelocationMode: 1.
[0.035s][info][gc,metaspace] Compressed class space mapped at: 0x0000022901000000-0x0000022941000000, reserved size: 1073741824
[0.035s][info][gc,metaspace] Narrow klass base: 0x0000022900000000, Narrow klass shift: 0, Narrow klass range: 0x100000000
[1.420s][info][gc,start    ] GC(0) Pause Young (Normal) (G1 Evacuation Pause)
[1.420s][info][gc,task     ] GC(0) Using 6 workers of 6 for evacuation
[1.426s][info][gc,phases   ] GC(0)   Pre Evacuate Collection Set: 0.2ms
[1.426s][info][gc,phases   ] GC(0)   Merge Heap Roots: 0.1ms
[1.426s][info][gc,phases   ] GC(0)   Evacuate Collection Set: 5.0ms
[1.426s][info][gc,phases   ] GC(0)   Post Evacuate Collection Set: 0.8ms
[1.426s][info][gc,phases   ] GC(0)   Other: 0.3ms
[1.426s][info][gc,heap     ] GC(0) Eden regions: 102->0(98)
[1.426s][info][gc,heap     ] GC(0) Survivor regions: 0->4(13)
[1.426s][info][gc,heap     ] GC(0) Old regions: 0->0
[1.426s][info][gc,heap     ] GC(0) Archive regions: 0->0
[1.426s][info][gc,heap     ] GC(0) Humongous regions: 0->0
[1.426s][info][gc,metaspace] GC(0) Metaspace: 14523K(14848K)->14523K(14848K) NonClass: 12654K(12800K)->12654K(12800K) Class: 1868K(2048K)->1868K(2048K)
[1.426s][info][gc          ] GC(0) Pause Young (Normal) (G1 Evacuation Pause) 204M->7M(4096M) 6.529ms
[1.426s][info][gc,cpu      ] GC(0) User=0.00s Sys=0.00s Real=0.01s
[1.764s][info][gc,start    ] GC(1) Pause Young (Concurrent Start) (Metadata GC Threshold)
[1.764s][info][gc,task     ] GC(1) Using 6 workers of 6 for evacuation
[1.770s][info][gc,phases   ] GC(1)   Pre Evacuate Collection Set: 0.2ms
[1.770s][info][gc,phases   ] GC(1)   Merge Heap Roots: 0.1ms
[1.770s][info][gc,phases   ] GC(1)   Evacuate Collection Set: 4.8ms
[1.770s][info][gc,phases   ] GC(1)   Post Evacuate Collection Set: 0.8ms
[1.770s][info][gc,phases   ] GC(1)   Other: 0.2ms
[1.770s][info][gc,heap     ] GC(1) Eden regions: 71->0(103)
[1.770s][info][gc,heap     ] GC(1) Survivor regions: 4->6(13)
[1.770s][info][gc,heap     ] GC(1) Old regions: 0->0
[1.770s][info][gc,heap     ] GC(1) Archive regions: 0->0
[1.770s][info][gc,heap     ] GC(1) Humongous regions: 0->0
[1.770s][info][gc,metaspace] GC(1) Metaspace: 21267K(21504K)->21267K(21504K) NonClass: 18604K(18752K)->18604K(18752K) Class: 2663K(2752K)->2663K(2752K)
[1.770s][info][gc          ] GC(1) Pause Young (Concurrent Start) (Metadata GC Threshold) 149M->11M(4096M) 6.222ms
[1.770s][info][gc,cpu      ] GC(1) User=0.00s Sys=0.00s Real=0.01s
[1.770s][info][gc          ] GC(2) Concurrent Mark Cycle
[1.770s][info][gc,marking  ] GC(2) Concurrent Clear Claimed Marks
[1.770s][info][gc,marking  ] GC(2) Concurrent Clear Claimed Marks 0.030ms
[1.770s][info][gc,marking  ] GC(2) Concurrent Scan Root Regions
[1.773s][info][gc,marking  ] GC(2) Concurrent Scan Root Regions 3.024ms
[1.773s][info][gc,marking  ] GC(2) Concurrent Mark
[1.773s][info][gc,marking  ] GC(2) Concurrent Mark From Roots
[1.773s][info][gc,task     ] GC(2) Using 2 workers of 2 for marking
[1.774s][info][gc,marking  ] GC(2) Concurrent Mark From Roots 0.442ms
[1.774s][info][gc,marking  ] GC(2) Concurrent Preclean
[1.774s][info][gc,marking  ] GC(2) Concurrent Preclean 0.123ms
[1.774s][info][gc,start    ] GC(2) Pause Remark
[1.776s][info][gc          ] GC(2) Pause Remark 13M->13M(4096M) 1.506ms
[1.776s][info][gc,cpu      ] GC(2) User=0.00s Sys=0.00s Real=0.00s
[1.776s][info][gc,marking  ] GC(2) Concurrent Mark 2.282ms
[1.776s][info][gc,marking  ] GC(2) Concurrent Rebuild Remembered Sets
[1.776s][info][gc,marking  ] GC(2) Concurrent Rebuild Remembered Sets 0.009ms
[1.776s][info][gc,start    ] GC(2) Pause Cleanup
[1.776s][info][gc          ] GC(2) Pause Cleanup 13M->13M(4096M) 0.027ms
[1.776s][info][gc,cpu      ] GC(2) User=0.00s Sys=0.00s Real=0.00s
[1.776s][info][gc,marking  ] GC(2) Concurrent Cleanup for Next Mark
[1.785s][info][gc,marking  ] GC(2) Concurrent Cleanup for Next Mark 9.606ms
[1.786s][info][gc          ] GC(2) Concurrent Mark Cycle 15.330ms
[2.942s][info][gc,start    ] GC(3) Pause Young (Normal) (G1 Evacuation Pause)
[2.942s][info][gc,task     ] GC(3) Using 6 workers of 6 for evacuation
[2.951s][info][gc,phases   ] GC(3)   Pre Evacuate Collection Set: 0.1ms
[2.951s][info][gc,phases   ] GC(3)   Merge Heap Roots: 0.1ms
[2.951s][info][gc,phases   ] GC(3)   Evacuate Collection Set: 7.1ms
[2.951s][info][gc,phases   ] GC(3)   Post Evacuate Collection Set: 1.2ms
[2.951s][info][gc,phases   ] GC(3)   Other: 0.1ms
[2.951s][info][gc,heap     ] GC(3) Eden regions: 103->0(212)
[2.951s][info][gc,heap     ] GC(3) Survivor regions: 6->8(14)
[2.951s][info][gc,heap     ] GC(3) Old regions: 0->0
[2.951s][info][gc,heap     ] GC(3) Archive regions: 0->0
[2.951s][info][gc,heap     ] GC(3) Humongous regions: 0->0
[2.951s][info][gc,metaspace] GC(3) Metaspace: 28683K(29056K)->28683K(29056K) NonClass: 24931K(25152K)->24931K(25152K) Class: 3752K(3904K)->3752K(3904K)
[2.951s][info][gc          ] GC(3) Pause Young (Normal) (G1 Evacuation Pause) 217M->14M(4096M) 8.702ms
[2.951s][info][gc,cpu      ] GC(3) User=0.00s Sys=0.00s Real=0.01s
[3.678s][info][gc,start    ] GC(4) Pause Young (Concurrent Start) (Metadata GC Threshold)
[3.678s][info][gc,task     ] GC(4) Using 6 workers of 6 for evacuation
[3.688s][info][gc,phases   ] GC(4)   Pre Evacuate Collection Set: 0.3ms
[3.688s][info][gc,phases   ] GC(4)   Merge Heap Roots: 0.1ms
[3.688s][info][gc,phases   ] GC(4)   Evacuate Collection Set: 8.1ms
[3.688s][info][gc,phases   ] GC(4)   Post Evacuate Collection Set: 1.4ms
[3.688s][info][gc,phases   ] GC(4)   Other: 0.2ms
[3.688s][info][gc,heap     ] GC(4) Eden regions: 51->0(308)
[3.688s][info][gc,heap     ] GC(4) Survivor regions: 8->10(28)
[3.688s][info][gc,heap     ] GC(4) Old regions: 0->0
[3.688s][info][gc,heap     ] GC(4) Archive regions: 0->0
[3.688s][info][gc,heap     ] GC(4) Humongous regions: 0->0
[3.688s][info][gc,metaspace] GC(4) Metaspace: 35656K(36096K)->35656K(36096K) NonClass: 30970K(31168K)->30970K(31168K) Class: 4685K(4928K)->4685K(4928K)
[3.688s][info][gc          ] GC(4) Pause Young (Concurrent Start) (Metadata GC Threshold) 116M->18M(4096M) 10.263ms
[3.688s][info][gc,cpu      ] GC(4) User=0.00s Sys=0.00s Real=0.01s
[3.688s][info][gc          ] GC(5) Concurrent Mark Cycle
[3.688s][info][gc,marking  ] GC(5) Concurrent Clear Claimed Marks
[3.688s][info][gc,marking  ] GC(5) Concurrent Clear Claimed Marks 0.036ms
[3.688s][info][gc,marking  ] GC(5) Concurrent Scan Root Regions
[3.692s][info][gc,marking  ] GC(5) Concurrent Scan Root Regions 4.454ms
[3.692s][info][gc,marking  ] GC(5) Concurrent Mark
[3.692s][info][gc,marking  ] GC(5) Concurrent Mark From Roots
[3.692s][info][gc,task     ] GC(5) Using 2 workers of 2 for marking
[3.693s][info][gc,marking  ] GC(5) Concurrent Mark From Roots 0.282ms
[3.693s][info][gc,marking  ] GC(5) Concurrent Preclean
[3.693s][info][gc,marking  ] GC(5) Concurrent Preclean 0.029ms
[3.693s][info][gc,start    ] GC(5) Pause Remark
[3.696s][info][gc          ] GC(5) Pause Remark 20M->20M(4096M) 2.711ms
[3.696s][info][gc,cpu      ] GC(5) User=0.02s Sys=0.00s Real=0.00s
[3.696s][info][gc,marking  ] GC(5) Concurrent Mark 3.276ms
[3.696s][info][gc,marking  ] GC(5) Concurrent Rebuild Remembered Sets
[3.696s][info][gc,marking  ] GC(5) Concurrent Rebuild Remembered Sets 0.088ms
[3.696s][info][gc,start    ] GC(5) Pause Cleanup
[3.696s][info][gc          ] GC(5) Pause Cleanup 20M->20M(4096M) 0.018ms
[3.696s][info][gc,cpu      ] GC(5) User=0.00s Sys=0.00s Real=0.00s
[3.696s][info][gc,marking  ] GC(5) Concurrent Cleanup for Next Mark
[3.706s][info][gc,marking  ] GC(5) Concurrent Cleanup for Next Mark 9.919ms
[3.706s][info][gc          ] GC(5) Concurrent Mark Cycle 18.220ms
[6.343s][info][gc,start    ] GC(6) Pause Young (Normal) (G1 Evacuation Pause)
[6.343s][info][gc,task     ] GC(6) Using 6 workers of 6 for evacuation
[6.365s][info][gc,phases   ] GC(6)   Pre Evacuate Collection Set: 0.2ms
[6.365s][info][gc,phases   ] GC(6)   Merge Heap Roots: 0.1ms
[6.365s][info][gc,phases   ] GC(6)   Evacuate Collection Set: 19.5ms
[6.365s][info][gc,phases   ] GC(6)   Post Evacuate Collection Set: 1.8ms
[6.365s][info][gc,phases   ] GC(6)   Other: 0.2ms
[6.365s][info][gc,heap     ] GC(6) Eden regions: 308->0(292)
[6.365s][info][gc,heap     ] GC(6) Survivor regions: 10->17(40)
[6.365s][info][gc,heap     ] GC(6) Old regions: 0->0
[6.365s][info][gc,heap     ] GC(6) Archive regions: 0->0
[6.365s][info][gc,heap     ] GC(6) Humongous regions: 12->0
[6.365s][info][gc,metaspace] GC(6) Metaspace: 52552K(52992K)->52552K(52992K) NonClass: 45516K(45760K)->45516K(45760K) Class: 7036K(7232K)->7036K(7232K)
[6.365s][info][gc          ] GC(6) Pause Young (Normal) (G1 Evacuation Pause) 658M->32M(4096M) 21.975ms
[6.365s][info][gc,cpu      ] GC(6) User=0.12s Sys=0.06s Real=0.02s
[7.114s][info][gc,start    ] GC(7) Pause Young (Concurrent Start) (Metadata GC Threshold)
[7.114s][info][gc,task     ] GC(7) Using 6 workers of 6 for evacuation
[7.131s][info][gc,phases   ] GC(7)   Pre Evacuate Collection Set: 0.3ms
[7.131s][info][gc,phases   ] GC(7)   Merge Heap Roots: 0.1ms
[7.131s][info][gc,phases   ] GC(7)   Evacuate Collection Set: 15.4ms
[7.131s][info][gc,phases   ] GC(7)   Post Evacuate Collection Set: 1.6ms
[7.131s][info][gc,phases   ] GC(7)   Other: 0.2ms
[7.131s][info][gc,heap     ] GC(7) Eden regions: 62->0(295)
[7.131s][info][gc,heap     ] GC(7) Survivor regions: 17->19(39)
[7.131s][info][gc,heap     ] GC(7) Old regions: 0->0
[7.131s][info][gc,heap     ] GC(7) Archive regions: 0->0
[7.131s][info][gc,heap     ] GC(7) Humongous regions: 0->0
[7.131s][info][gc,metaspace] GC(7) Metaspace: 60058K(60416K)->60058K(60416K) NonClass: 51882K(52096K)->51882K(52096K) Class: 8176K(8320K)->8176K(8320K)
[7.131s][info][gc          ] GC(7) Pause Young (Concurrent Start) (Metadata GC Threshold) 155M->36M(4096M) 17.636ms
[7.131s][info][gc,cpu      ] GC(7) User=0.11s Sys=0.00s Real=0.03s
[7.131s][info][gc          ] GC(8) Concurrent Mark Cycle
[7.131s][info][gc,marking  ] GC(8) Concurrent Clear Claimed Marks
[7.131s][info][gc,marking  ] GC(8) Concurrent Clear Claimed Marks 0.043ms
[7.131s][info][gc,marking  ] GC(8) Concurrent Scan Root Regions
[7.140s][info][gc,marking  ] GC(8) Concurrent Scan Root Regions 8.309ms
[7.140s][info][gc,marking  ] GC(8) Concurrent Mark
[7.140s][info][gc,marking  ] GC(8) Concurrent Mark From Roots
[7.140s][info][gc,task     ] GC(8) Using 2 workers of 2 for marking
[7.140s][info][gc,marking  ] GC(8) Concurrent Mark From Roots 0.280ms
[7.140s][info][gc,marking  ] GC(8) Concurrent Preclean
[7.140s][info][gc,marking  ] GC(8) Concurrent Preclean 0.032ms
[7.140s][info][gc,start    ] GC(8) Pause Remark
[7.143s][info][gc          ] GC(8) Pause Remark 39M->39M(4096M) 2.690ms
[7.143s][info][gc,cpu      ] GC(8) User=0.00s Sys=0.00s Real=0.00s
[7.143s][info][gc,marking  ] GC(8) Concurrent Mark 3.215ms
[7.143s][info][gc,marking  ] GC(8) Concurrent Rebuild Remembered Sets
[7.143s][info][gc,marking  ] GC(8) Concurrent Rebuild Remembered Sets 0.008ms
[7.143s][info][gc,start    ] GC(8) Pause Cleanup
[7.143s][info][gc          ] GC(8) Pause Cleanup 39M->39M(4096M) 0.012ms
[7.143s][info][gc,cpu      ] GC(8) User=0.00s Sys=0.00s Real=0.00s
[7.143s][info][gc,marking  ] GC(8) Concurrent Cleanup for Next Mark
[7.150s][info][gc,marking  ] GC(8) Concurrent Cleanup for Next Mark 7.146ms
[7.150s][info][gc          ] GC(8) Concurrent Mark Cycle 19.050ms
[8.564s][info][gc,start    ] GC(9) Pause Full (System.gc())
[8.564s][info][gc,task     ] GC(9) Using 6 workers of 6 for full compaction
[8.564s][info][gc,phases,start] GC(9) Phase 1: Mark live objects
[8.579s][info][gc,phases      ] GC(9) Phase 1: Mark live objects 14.852ms
[8.579s][info][gc,phases,start] GC(9) Phase 2: Prepare for compaction
[8.586s][info][gc,phases      ] GC(9) Phase 2: Prepare for compaction 6.734ms
[8.586s][info][gc,phases,start] GC(9) Phase 3: Adjust pointers
[8.593s][info][gc,phases      ] GC(9) Phase 3: Adjust pointers 6.976ms
[8.593s][info][gc,phases,start] GC(9) Phase 4: Compact heap
[8.598s][info][gc,phases      ] GC(9) Phase 4: Compact heap 4.918ms
[8.609s][info][gc,heap        ] GC(9) Eden regions: 141->0(403)
[8.609s][info][gc,heap        ] GC(9) Survivor regions: 19->0(39)
[8.609s][info][gc,heap        ] GC(9) Old regions: 0->22
[8.609s][info][gc,heap        ] GC(9) Archive regions: 0->0
[8.609s][info][gc,heap        ] GC(9) Humongous regions: 0->0
[8.609s][info][gc,metaspace   ] GC(9) Metaspace: 66967K(67392K)->66967K(67392K) NonClass: 57880K(58112K)->57880K(58112K) Class: 9087K(9280K)->9087K(9280K)
[8.609s][info][gc             ] GC(9) Pause Full (System.gc()) 317M->37M(4096M) 45.303ms
[8.609s][info][gc,cpu         ] GC(9) User=0.27s Sys=0.02s Real=0.04s
[10.821s][info][gc,start       ] GC(10) Pause Young (Normal) (G1 Evacuation Pause)
[10.821s][info][gc,task        ] GC(10) Using 6 workers of 6 for evacuation
[10.827s][info][gc,phases      ] GC(10)   Pre Evacuate Collection Set: 0.2ms
[10.827s][info][gc,phases      ] GC(10)   Merge Heap Roots: 0.1ms
[10.827s][info][gc,phases      ] GC(10)   Evacuate Collection Set: 4.6ms
[10.827s][info][gc,phases      ] GC(10)   Post Evacuate Collection Set: 0.9ms
[10.827s][info][gc,phases      ] GC(10)   Other: 0.2ms
[10.827s][info][gc,heap        ] GC(10) Eden regions: 397->0(679)
[10.827s][info][gc,heap        ] GC(10) Survivor regions: 0->5(50)
[10.827s][info][gc,heap        ] GC(10) Old regions: 22->22
[10.827s][info][gc,heap        ] GC(10) Archive regions: 0->0
[10.827s][info][gc,heap        ] GC(10) Humongous regions: 0->0
[10.827s][info][gc,metaspace   ] GC(10) Metaspace: 78841K(79488K)->78841K(79488K) NonClass: 68604K(68928K)->68604K(68928K) Class: 10236K(10560K)->10236K(10560K)
[10.827s][info][gc             ] GC(10) Pause Young (Normal) (G1 Evacuation Pause) 831M->46M(4096M) 6.080ms
[10.827s][info][gc,cpu         ] GC(10) User=0.00s Sys=0.00s Real=0.00s
[13.958s][info][gc,start       ] GC(11) Pause Young (Normal) (G1 Evacuation Pause)
[13.958s][info][gc,task        ] GC(11) Using 6 workers of 6 for evacuation
[13.963s][info][gc,phases      ] GC(11)   Pre Evacuate Collection Set: 0.2ms
[13.964s][info][gc,phases      ] GC(11)   Merge Heap Roots: 0.1ms
[13.964s][info][gc,phases      ] GC(11)   Evacuate Collection Set: 3.6ms
[13.964s][info][gc,phases      ] GC(11)   Post Evacuate Collection Set: 0.8ms
[13.964s][info][gc,phases      ] GC(11)   Other: 0.4ms
[13.964s][info][gc,heap        ] GC(11) Eden regions: 660->0(1224)
[13.964s][info][gc,heap        ] GC(11) Survivor regions: 5->4(84)
[13.964s][info][gc,heap        ] GC(11) Old regions: 22->22
[13.964s][info][gc,heap        ] GC(11) Archive regions: 0->0
[13.964s][info][gc,heap        ] GC(11) Humongous regions: 0->0
[13.964s][info][gc,metaspace   ] GC(11) Metaspace: 80492K(81152K)->80492K(81152K) NonClass: 70245K(70592K)->70245K(70592K) Class: 10247K(10560K)->10247K(10560K)
[13.964s][info][gc             ] GC(11) Pause Young (Normal) (G1 Evacuation Pause) 1366M->44M(4096M) 5.283ms
[13.964s][info][gc,cpu         ] GC(11) User=0.03s Sys=0.00s Real=0.01s
[19.345s][info][gc,start       ] GC(12) Pause Young (Normal) (G1 Evacuation Pause)
[19.345s][info][gc,task        ] GC(12) Using 6 workers of 6 for evacuation
[19.352s][info][gc,phases      ] GC(12)   Pre Evacuate Collection Set: 0.2ms
[19.352s][info][gc,phases      ] GC(12)   Merge Heap Roots: 0.2ms
[19.352s][info][gc,phases      ] GC(12)   Evacuate Collection Set: 5.5ms
[19.352s][info][gc,phases      ] GC(12)   Post Evacuate Collection Set: 0.9ms
[19.352s][info][gc,phases      ] GC(12)   Other: 0.5ms
[19.352s][info][gc,heap        ] GC(12) Eden regions: 1224->0(1224)
[19.352s][info][gc,heap        ] GC(12) Survivor regions: 4->4(154)
[19.352s][info][gc,heap        ] GC(12) Old regions: 22->22
[19.352s][info][gc,heap        ] GC(12) Archive regions: 0->0
[19.352s][info][gc,heap        ] GC(12) Humongous regions: 0->0
[19.352s][info][gc,metaspace   ] GC(12) Metaspace: 81002K(81664K)->81002K(81664K) NonClass: 70750K(71104K)->70750K(71104K) Class: 10251K(10560K)->10251K(10560K)
[19.353s][info][gc             ] GC(12) Pause Young (Normal) (G1 Evacuation Pause) 2492M->44M(4096M) 7.457ms
[19.353s][info][gc,cpu         ] GC(12) User=0.09s Sys=0.00s Real=0.01s
[24.409s][info][gc,start       ] GC(13) Pause Young (Normal) (G1 Evacuation Pause)
[24.409s][info][gc,task        ] GC(13) Using 6 workers of 6 for evacuation
[24.415s][info][gc,phases      ] GC(13)   Pre Evacuate Collection Set: 0.2ms
[24.416s][info][gc,phases      ] GC(13)   Merge Heap Roots: 0.2ms
[24.416s][info][gc,phases      ] GC(13)   Evacuate Collection Set: 4.6ms
[24.416s][info][gc,phases      ] GC(13)   Post Evacuate Collection Set: 0.9ms
[24.416s][info][gc,phases      ] GC(13)   Other: 0.2ms
[24.416s][info][gc,heap        ] GC(13) Eden regions: 1224->0(1224)
[24.416s][info][gc,heap        ] GC(13) Survivor regions: 4->4(154)
[24.416s][info][gc,heap        ] GC(13) Old regions: 22->22
[24.416s][info][gc,heap        ] GC(13) Archive regions: 0->0
[24.416s][info][gc,heap        ] GC(13) Humongous regions: 0->0
[24.416s][info][gc,metaspace   ] GC(13) Metaspace: 81247K(81856K)->81247K(81856K) NonClass: 70994K(71296K)->70994K(71296K) Class: 10253K(10560K)->10253K(10560K)
[24.416s][info][gc             ] GC(13) Pause Young (Normal) (G1 Evacuation Pause) 2492M->45M(4096M) 6.205ms
[24.416s][info][gc,cpu         ] GC(13) User=0.09s Sys=0.00s Real=0.00s
[30.073s][info][gc,start       ] GC(14) Pause Young (Normal) (G1 Evacuation Pause)
[30.073s][info][gc,task        ] GC(14) Using 6 workers of 6 for evacuation
[30.080s][info][gc,phases      ] GC(14)   Pre Evacuate Collection Set: 0.3ms
[30.080s][info][gc,phases      ] GC(14)   Merge Heap Roots: 0.2ms
[30.080s][info][gc,phases      ] GC(14)   Evacuate Collection Set: 5.2ms
[30.080s][info][gc,phases      ] GC(14)   Post Evacuate Collection Set: 1.0ms
[30.080s][info][gc,phases      ] GC(14)   Other: 0.3ms
[30.080s][info][gc,heap        ] GC(14) Eden regions: 1224->0(1224)
[30.080s][info][gc,heap        ] GC(14) Survivor regions: 4->4(154)
[30.080s][info][gc,heap        ] GC(14) Old regions: 22->22
[30.080s][info][gc,heap        ] GC(14) Archive regions: 0->0
[30.080s][info][gc,heap        ] GC(14) Humongous regions: 0->0
[30.080s][info][gc,metaspace   ] GC(14) Metaspace: 81395K(82048K)->81395K(82048K) NonClass: 71140K(71488K)->71140K(71488K) Class: 10254K(10560K)->10254K(10560K)
[30.080s][info][gc             ] GC(14) Pause Young (Normal) (G1 Evacuation Pause) 2493M->45M(4096M) 7.118ms
[30.080s][info][gc,cpu         ] GC(14) User=0.00s Sys=0.00s Real=0.00s
[31.142s][info][gc,start       ] GC(15) Pause Full (System.gc())
[31.142s][info][gc,task        ] GC(15) Using 6 workers of 6 for full compaction
[31.142s][info][gc,phases,start] GC(15) Phase 1: Mark live objects
[31.169s][info][gc,phases      ] GC(15) Phase 1: Mark live objects 26.359ms
[31.169s][info][gc,phases,start] GC(15) Phase 2: Prepare for compaction
[31.173s][info][gc,phases      ] GC(15) Phase 2: Prepare for compaction 4.217ms
[31.173s][info][gc,phases,start] GC(15) Phase 3: Adjust pointers
[31.185s][info][gc,phases      ] GC(15) Phase 3: Adjust pointers 11.644ms
[31.185s][info][gc,phases,start] GC(15) Phase 4: Compact heap
[31.187s][info][gc,phases      ] GC(15) Phase 4: Compact heap 1.985ms
[31.203s][info][gc,heap        ] GC(15) Eden regions: 205->0(1228)
[31.203s][info][gc,heap        ] GC(15) Survivor regions: 4->0(154)
[31.203s][info][gc,heap        ] GC(15) Old regions: 22->25
[31.203s][info][gc,heap        ] GC(15) Archive regions: 0->0
[31.203s][info][gc,heap        ] GC(15) Humongous regions: 0->0
[31.203s][info][gc,metaspace   ] GC(15) Metaspace: 81450K(82112K)->81388K(82112K) NonClass: 71193K(71552K)->71146K(71552K) Class: 10256K(10560K)->10242K(10560K)
[31.203s][info][gc             ] GC(15) Pause Full (System.gc()) 455M->43M(4096M) 60.650ms
[31.203s][info][gc,cpu         ] GC(15) User=0.28s Sys=0.03s Real=0.06s
[36.830s][info][gc,start       ] GC(16) Pause Young (Normal) (G1 Evacuation Pause)
[36.830s][info][gc,task        ] GC(16) Using 6 workers of 6 for evacuation
[36.832s][info][gc,phases      ] GC(16)   Pre Evacuate Collection Set: 0.1ms
[36.832s][info][gc,phases      ] GC(16)   Merge Heap Roots: 0.2ms
[36.832s][info][gc,phases      ] GC(16)   Evacuate Collection Set: 0.9ms
[36.832s][info][gc,phases      ] GC(16)   Post Evacuate Collection Set: 0.7ms
[36.832s][info][gc,phases      ] GC(16)   Other: 0.2ms
[36.832s][info][gc,heap        ] GC(16) Eden regions: 1228->0(1227)
[36.832s][info][gc,heap        ] GC(16) Survivor regions: 0->1(154)
[36.832s][info][gc,heap        ] GC(16) Old regions: 25->25
[36.832s][info][gc,heap        ] GC(16) Archive regions: 0->0
[36.832s][info][gc,heap        ] GC(16) Humongous regions: 0->0
[36.832s][info][gc,metaspace   ] GC(16) Metaspace: 81411K(82112K)->81411K(82112K) NonClass: 71168K(71552K)->71168K(71552K) Class: 10243K(10560K)->10243K(10560K)
[36.832s][info][gc             ] GC(16) Pause Young (Normal) (G1 Evacuation Pause) 2499M->44M(4096M) 2.218ms
[36.832s][info][gc,cpu         ] GC(16) User=0.00s Sys=0.00s Real=0.00s
[42.606s][info][gc,start       ] GC(17) Pause Young (Normal) (G1 Evacuation Pause)
[42.606s][info][gc,task        ] GC(17) Using 6 workers of 6 for evacuation
[42.608s][info][gc,phases      ] GC(17)   Pre Evacuate Collection Set: 0.1ms
[42.608s][info][gc,phases      ] GC(17)   Merge Heap Roots: 0.1ms
[42.608s][info][gc,phases      ] GC(17)   Evacuate Collection Set: 0.9ms
[42.608s][info][gc,phases      ] GC(17)   Post Evacuate Collection Set: 0.7ms
[42.608s][info][gc,phases      ] GC(17)   Other: 0.2ms
[42.608s][info][gc,heap        ] GC(17) Eden regions: 1227->0(1227)
[42.608s][info][gc,heap        ] GC(17) Survivor regions: 1->1(154)
[42.608s][info][gc,heap        ] GC(17) Old regions: 25->25
[42.608s][info][gc,heap        ] GC(17) Archive regions: 0->0
[42.608s][info][gc,heap        ] GC(17) Humongous regions: 0->0
[42.608s][info][gc,metaspace   ] GC(17) Metaspace: 81480K(82112K)->81480K(82112K) NonClass: 71235K(71552K)->71235K(71552K) Class: 10244K(10560K)->10244K(10560K)
[42.608s][info][gc             ] GC(17) Pause Young (Normal) (G1 Evacuation Pause) 2498M->44M(4096M) 2.114ms
[42.609s][info][gc,cpu         ] GC(17) User=0.00s Sys=0.00s Real=0.00s
[47.836s][info][gc,start       ] GC(18) Pause Young (Normal) (G1 Evacuation Pause)
[47.836s][info][gc,task        ] GC(18) Using 6 workers of 6 for evacuation
[47.838s][info][gc,phases      ] GC(18)   Pre Evacuate Collection Set: 0.2ms
[47.838s][info][gc,phases      ] GC(18)   Merge Heap Roots: 0.2ms
[47.838s][info][gc,phases      ] GC(18)   Evacuate Collection Set: 1.0ms
[47.838s][info][gc,phases      ] GC(18)   Post Evacuate Collection Set: 0.8ms
[47.838s][info][gc,phases      ] GC(18)   Other: 0.3ms
[47.838s][info][gc,heap        ] GC(18) Eden regions: 1227->0(1227)
[47.838s][info][gc,heap        ] GC(18) Survivor regions: 1->1(154)
[47.838s][info][gc,heap        ] GC(18) Old regions: 25->25
[47.838s][info][gc,heap        ] GC(18) Archive regions: 0->0
[47.838s][info][gc,heap        ] GC(18) Humongous regions: 0->0
[47.838s][info][gc,metaspace   ] GC(18) Metaspace: 81607K(82304K)->81607K(82304K) NonClass: 71362K(71744K)->71362K(71744K) Class: 10244K(10560K)->10244K(10560K)
[47.838s][info][gc             ] GC(18) Pause Young (Normal) (G1 Evacuation Pause) 2498M->44M(4096M) 2.640ms
[47.838s][info][gc,cpu         ] GC(18) User=0.00s Sys=0.00s Real=0.00s
[53.227s][info][gc,start       ] GC(19) Pause Full (System.gc())
[53.228s][info][gc,task        ] GC(19) Using 6 workers of 6 for full compaction
[53.228s][info][gc,phases,start] GC(19) Phase 1: Mark live objects
[53.246s][info][gc,phases      ] GC(19) Phase 1: Mark live objects 18.342ms
[53.246s][info][gc,phases,start] GC(19) Phase 2: Prepare for compaction
[53.251s][info][gc,phases      ] GC(19) Phase 2: Prepare for compaction 4.748ms
[53.251s][info][gc,phases,start] GC(19) Phase 3: Adjust pointers
[53.262s][info][gc,phases      ] GC(19) Phase 3: Adjust pointers 11.314ms
[53.262s][info][gc,phases,start] GC(19) Phase 4: Compact heap
[53.265s][info][gc,phases      ] GC(19) Phase 4: Compact heap 2.168ms
[53.281s][info][gc,heap        ] GC(19) Eden regions: 1128->0(1228)
[53.281s][info][gc,heap        ] GC(19) Survivor regions: 1->0(154)
[53.281s][info][gc,heap        ] GC(19) Old regions: 25->25
[53.281s][info][gc,heap        ] GC(19) Archive regions: 0->0
[53.281s][info][gc,heap        ] GC(19) Humongous regions: 0->0
[53.281s][info][gc,metaspace   ] GC(19) Metaspace: 81630K(82304K)->81630K(82304K) NonClass: 71385K(71744K)->71385K(71744K) Class: 10245K(10560K)->10245K(10560K)
[53.281s][info][gc             ] GC(19) Pause Full (System.gc()) 2300M->43M(4096M) 53.606ms
[53.281s][info][gc,cpu         ] GC(19) User=0.28s Sys=0.00s Real=0.06s
[58.903s][info][gc,start       ] GC(20) Pause Young (Normal) (G1 Evacuation Pause)
[58.903s][info][gc,task        ] GC(20) Using 6 workers of 6 for evacuation
[58.906s][info][gc,phases      ] GC(20)   Pre Evacuate Collection Set: 0.1ms
[58.906s][info][gc,phases      ] GC(20)   Merge Heap Roots: 0.2ms
[58.906s][info][gc,phases      ] GC(20)   Evacuate Collection Set: 1.2ms
[58.906s][info][gc,phases      ] GC(20)   Post Evacuate Collection Set: 1.0ms
[58.906s][info][gc,phases      ] GC(20)   Other: 0.2ms
[58.906s][info][gc,heap        ] GC(20) Eden regions: 1228->0(1227)
[58.906s][info][gc,heap        ] GC(20) Survivor regions: 0->1(154)
[58.906s][info][gc,heap        ] GC(20) Old regions: 25->25
[58.906s][info][gc,heap        ] GC(20) Archive regions: 0->0
[58.906s][info][gc,heap        ] GC(20) Humongous regions: 0->0
[58.906s][info][gc,metaspace   ] GC(20) Metaspace: 81646K(82304K)->81646K(82304K) NonClass: 71399K(71744K)->71399K(71744K) Class: 10247K(10560K)->10247K(10560K)
[58.906s][info][gc             ] GC(20) Pause Young (Normal) (G1 Evacuation Pause) 2499M->44M(4096M) 2.954ms
[58.906s][info][gc,cpu         ] GC(20) User=0.00s Sys=0.00s Real=0.00s
[64.506s][info][gc,start       ] GC(21) Pause Young (Normal) (G1 Evacuation Pause)
[64.506s][info][gc,task        ] GC(21) Using 6 workers of 6 for evacuation
[64.509s][info][gc,phases      ] GC(21)   Pre Evacuate Collection Set: 0.2ms
[64.509s][info][gc,phases      ] GC(21)   Merge Heap Roots: 0.2ms
[64.509s][info][gc,phases      ] GC(21)   Evacuate Collection Set: 1.5ms
[64.509s][info][gc,phases      ] GC(21)   Post Evacuate Collection Set: 0.7ms
[64.509s][info][gc,phases      ] GC(21)   Other: 0.2ms
[64.509s][info][gc,heap        ] GC(21) Eden regions: 1227->0(1227)
[64.509s][info][gc,heap        ] GC(21) Survivor regions: 1->1(154)
[64.509s][info][gc,heap        ] GC(21) Old regions: 25->25
[64.509s][info][gc,heap        ] GC(21) Archive regions: 0->0
[64.509s][info][gc,heap        ] GC(21) Humongous regions: 0->0
[64.509s][info][gc,metaspace   ] GC(21) Metaspace: 81702K(82304K)->81702K(82304K) NonClass: 71454K(71744K)->71454K(71744K) Class: 10248K(10560K)->10248K(10560K)
[64.509s][info][gc             ] GC(21) Pause Young (Normal) (G1 Evacuation Pause) 2498M->44M(4096M) 2.844ms
[64.509s][info][gc,cpu         ] GC(21) User=0.00s Sys=0.00s Real=0.00s
[69.892s][info][gc,start       ] GC(22) Pause Young (Normal) (G1 Evacuation Pause)
[69.892s][info][gc,task        ] GC(22) Using 6 workers of 6 for evacuation
[69.895s][info][gc,phases      ] GC(22)   Pre Evacuate Collection Set: 0.4ms
[69.895s][info][gc,phases      ] GC(22)   Merge Heap Roots: 0.3ms
[69.895s][info][gc,phases      ] GC(22)   Evacuate Collection Set: 1.3ms
[69.895s][info][gc,phases      ] GC(22)   Post Evacuate Collection Set: 0.7ms
[69.895s][info][gc,phases      ] GC(22)   Other: 0.3ms
[69.895s][info][gc,heap        ] GC(22) Eden regions: 1227->0(1227)
[69.895s][info][gc,heap        ] GC(22) Survivor regions: 1->1(154)
[69.895s][info][gc,heap        ] GC(22) Old regions: 25->25
[69.895s][info][gc,heap        ] GC(22) Archive regions: 0->0
[69.895s][info][gc,heap        ] GC(22) Humongous regions: 0->0
[69.895s][info][gc,metaspace   ] GC(22) Metaspace: 81713K(82304K)->81713K(82304K) NonClass: 71463K(71744K)->71463K(71744K) Class: 10250K(10560K)->10250K(10560K)
[69.895s][info][gc             ] GC(22) Pause Young (Normal) (G1 Evacuation Pause) 2498M->44M(4096M) 3.098ms
[69.895s][info][gc,cpu         ] GC(22) User=0.00s Sys=0.00s Real=0.00s
[75.482s][info][gc,start       ] GC(23) Pause Full (System.gc())
[75.482s][info][gc,task        ] GC(23) Using 6 workers of 6 for full compaction
[75.482s][info][gc,phases,start] GC(23) Phase 1: Mark live objects
[75.503s][info][gc,phases      ] GC(23) Phase 1: Mark live objects 20.705ms
[75.503s][info][gc,phases,start] GC(23) Phase 2: Prepare for compaction
[75.508s][info][gc,phases      ] GC(23) Phase 2: Prepare for compaction 4.596ms
[75.508s][info][gc,phases,start] GC(23) Phase 3: Adjust pointers
[75.520s][info][gc,phases      ] GC(23) Phase 3: Adjust pointers 12.007ms
[75.520s][info][gc,phases,start] GC(23) Phase 4: Compact heap
[75.522s][info][gc,phases      ] GC(23) Phase 4: Compact heap 2.335ms
[75.538s][info][gc,heap        ] GC(23) Eden regions: 1124->0(1228)
[75.539s][info][gc,heap        ] GC(23) Survivor regions: 1->0(154)
[75.539s][info][gc,heap        ] GC(23) Old regions: 25->25
[75.539s][info][gc,heap        ] GC(23) Archive regions: 0->0
[75.539s][info][gc,heap        ] GC(23) Humongous regions: 0->0
[75.539s][info][gc,metaspace   ] GC(23) Metaspace: 81723K(82304K)->81723K(82304K) NonClass: 71471K(71744K)->71471K(71744K) Class: 10251K(10560K)->10251K(10560K)
[75.539s][info][gc             ] GC(23) Pause Full (System.gc()) 2291M->43M(4096M) 56.898ms
[75.539s][info][gc,cpu         ] GC(23) User=0.30s Sys=0.00s Real=0.05s
[81.350s][info][gc,start       ] GC(24) Pause Young (Normal) (G1 Evacuation Pause)
[81.351s][info][gc,task        ] GC(24) Using 6 workers of 6 for evacuation
[81.353s][info][gc,phases      ] GC(24)   Pre Evacuate Collection Set: 0.1ms
[81.353s][info][gc,phases      ] GC(24)   Merge Heap Roots: 0.2ms
[81.353s][info][gc,phases      ] GC(24)   Evacuate Collection Set: 1.3ms
[81.353s][info][gc,phases      ] GC(24)   Post Evacuate Collection Set: 1.0ms
[81.353s][info][gc,phases      ] GC(24)   Other: 0.2ms
[81.353s][info][gc,heap        ] GC(24) Eden regions: 1228->0(1227)
[81.353s][info][gc,heap        ] GC(24) Survivor regions: 0->1(154)
[81.353s][info][gc,heap        ] GC(24) Old regions: 25->25
[81.353s][info][gc,heap        ] GC(24) Archive regions: 0->0
[81.353s][info][gc,heap        ] GC(24) Humongous regions: 0->0
[81.353s][info][gc,metaspace   ] GC(24) Metaspace: 81797K(82432K)->81797K(82432K) NonClass: 71544K(71872K)->71544K(71872K) Class: 10252K(10560K)->10252K(10560K)
[81.353s][info][gc             ] GC(24) Pause Young (Normal) (G1 Evacuation Pause) 2499M->44M(4096M) 3.026ms
[81.354s][info][gc,cpu         ] GC(24) User=0.00s Sys=0.00s Real=0.00s
[87.355s][info][gc,start       ] GC(25) Pause Young (Normal) (G1 Evacuation Pause)
[87.355s][info][gc,task        ] GC(25) Using 6 workers of 6 for evacuation
[87.357s][info][gc,phases      ] GC(25)   Pre Evacuate Collection Set: 0.2ms
[87.357s][info][gc,phases      ] GC(25)   Merge Heap Roots: 0.2ms
[87.357s][info][gc,phases      ] GC(25)   Evacuate Collection Set: 1.3ms
[87.357s][info][gc,phases      ] GC(25)   Post Evacuate Collection Set: 0.7ms
[87.357s][info][gc,phases      ] GC(25)   Other: 0.3ms
[87.357s][info][gc,heap        ] GC(25) Eden regions: 1227->0(1227)
[87.357s][info][gc,heap        ] GC(25) Survivor regions: 1->1(154)
[87.357s][info][gc,heap        ] GC(25) Old regions: 25->25
[87.357s][info][gc,heap        ] GC(25) Archive regions: 0->0
[87.357s][info][gc,heap        ] GC(25) Humongous regions: 0->0
[87.357s][info][gc,metaspace   ] GC(25) Metaspace: 81810K(82432K)->81810K(82432K) NonClass: 71558K(71872K)->71558K(71872K) Class: 10252K(10560K)->10252K(10560K)
[87.357s][info][gc             ] GC(25) Pause Young (Normal) (G1 Evacuation Pause) 2498M->44M(4096M) 2.903ms
[87.357s][info][gc,cpu         ] GC(25) User=0.00s Sys=0.00s Real=0.00s
[92.730s][info][gc,start       ] GC(26) Pause Young (Normal) (G1 Evacuation Pause)
[92.730s][info][gc,task        ] GC(26) Using 6 workers of 6 for evacuation
[92.733s][info][gc,phases      ] GC(26)   Pre Evacuate Collection Set: 0.2ms
[92.733s][info][gc,phases      ] GC(26)   Merge Heap Roots: 0.2ms
[92.733s][info][gc,phases      ] GC(26)   Evacuate Collection Set: 1.3ms
[92.733s][info][gc,phases      ] GC(26)   Post Evacuate Collection Set: 0.7ms
[92.733s][info][gc,phases      ] GC(26)   Other: 0.2ms
[92.733s][info][gc,heap        ] GC(26) Eden regions: 1227->0(1227)
[92.733s][info][gc,heap        ] GC(26) Survivor regions: 1->1(154)
[92.733s][info][gc,heap        ] GC(26) Old regions: 25->25
[92.733s][info][gc,heap        ] GC(26) Archive regions: 0->0
[92.733s][info][gc,heap        ] GC(26) Humongous regions: 0->0
[92.733s][info][gc,metaspace   ] GC(26) Metaspace: 81816K(82432K)->81816K(82432K) NonClass: 71563K(71872K)->71563K(71872K) Class: 10252K(10560K)->10252K(10560K)
[92.733s][info][gc             ] GC(26) Pause Young (Normal) (G1 Evacuation Pause) 2498M->44M(4096M) 2.710ms
[92.733s][info][gc,cpu         ] GC(26) User=0.00s Sys=0.00s Real=0.00s
[98.348s][info][gc,start       ] GC(27) Pause Full (System.gc())
[98.349s][info][gc,task        ] GC(27) Using 6 workers of 6 for full compaction
[98.349s][info][gc,phases,start] GC(27) Phase 1: Mark live objects
[98.368s][info][gc,phases      ] GC(27) Phase 1: Mark live objects 19.120ms
[98.368s][info][gc,phases,start] GC(27) Phase 2: Prepare for compaction
[98.372s][info][gc,phases      ] GC(27) Phase 2: Prepare for compaction 4.396ms
[98.373s][info][gc,phases,start] GC(27) Phase 3: Adjust pointers
[98.384s][info][gc,phases      ] GC(27) Phase 3: Adjust pointers 11.690ms
[98.384s][info][gc,phases,start] GC(27) Phase 4: Compact heap
[98.386s][info][gc,phases      ] GC(27) Phase 4: Compact heap 2.240ms
[98.403s][info][gc,heap        ] GC(27) Eden regions: 1124->0(1228)
[98.403s][info][gc,heap        ] GC(27) Survivor regions: 1->0(154)
[98.403s][info][gc,heap        ] GC(27) Old regions: 25->25
[98.403s][info][gc,heap        ] GC(27) Archive regions: 0->0
[98.403s][info][gc,heap        ] GC(27) Humongous regions: 0->0
[98.403s][info][gc,metaspace   ] GC(27) Metaspace: 81838K(82432K)->81838K(82432K) NonClass: 71585K(71872K)->71585K(71872K) Class: 10252K(10560K)->10252K(10560K)
[98.403s][info][gc             ] GC(27) Pause Full (System.gc()) 2292M->43M(4096M) 54.361ms
[98.403s][info][gc,cpu         ] GC(27) User=0.09s Sys=0.02s Real=0.07s
[104.045s][info][gc,start       ] GC(28) Pause Young (Normal) (G1 Evacuation Pause)
[104.045s][info][gc,task        ] GC(28) Using 6 workers of 6 for evacuation
[104.047s][info][gc,phases      ] GC(28)   Pre Evacuate Collection Set: 0.2ms
[104.047s][info][gc,phases      ] GC(28)   Merge Heap Roots: 0.2ms
[104.047s][info][gc,phases      ] GC(28)   Evacuate Collection Set: 1.0ms
[104.047s][info][gc,phases      ] GC(28)   Post Evacuate Collection Set: 0.8ms
[104.047s][info][gc,phases      ] GC(28)   Other: 0.3ms
[104.047s][info][gc,heap        ] GC(28) Eden regions: 1228->0(1227)
[104.047s][info][gc,heap        ] GC(28) Survivor regions: 0->1(154)
[104.047s][info][gc,heap        ] GC(28) Old regions: 25->25
[104.047s][info][gc,heap        ] GC(28) Archive regions: 0->0
[104.047s][info][gc,heap        ] GC(28) Humongous regions: 0->0
[104.047s][info][gc,metaspace   ] GC(28) Metaspace: 81852K(82432K)->81852K(82432K) NonClass: 71599K(71872K)->71599K(71872K) Class: 10252K(10560K)->10252K(10560K)
[104.047s][info][gc             ] GC(28) Pause Young (Normal) (G1 Evacuation Pause) 2499M->44M(4096M) 2.526ms
[104.047s][info][gc,cpu         ] GC(28) User=0.00s Sys=0.00s Real=0.00s
[109.671s][info][gc,start       ] GC(29) Pause Young (Normal) (G1 Evacuation Pause)
[109.671s][info][gc,task        ] GC(29) Using 6 workers of 6 for evacuation
[109.674s][info][gc,phases      ] GC(29)   Pre Evacuate Collection Set: 0.1ms
[109.674s][info][gc,phases      ] GC(29)   Merge Heap Roots: 0.2ms
[109.674s][info][gc,phases      ] GC(29)   Evacuate Collection Set: 1.5ms
[109.674s][info][gc,phases      ] GC(29)   Post Evacuate Collection Set: 1.0ms
[109.674s][info][gc,phases      ] GC(29)   Other: 0.2ms
[109.674s][info][gc,heap        ] GC(29) Eden regions: 1227->0(1227)
[109.674s][info][gc,heap        ] GC(29) Survivor regions: 1->1(154)
[109.674s][info][gc,heap        ] GC(29) Old regions: 25->25
[109.674s][info][gc,heap        ] GC(29) Archive regions: 0->0
[109.674s][info][gc,heap        ] GC(29) Humongous regions: 0->0
[109.674s][info][gc,metaspace   ] GC(29) Metaspace: 81865K(82496K)->81865K(82496K) NonClass: 71612K(71936K)->71612K(71936K) Class: 10252K(10560K)->10252K(10560K)
[109.674s][info][gc             ] GC(29) Pause Young (Normal) (G1 Evacuation Pause) 2498M->44M(4096M) 3.229ms
[109.674s][info][gc,cpu         ] GC(29) User=0.00s Sys=0.00s Real=0.00s
[114.842s][info][gc,start       ] GC(30) Pause Young (Normal) (G1 Evacuation Pause)
[114.842s][info][gc,task        ] GC(30) Using 6 workers of 6 for evacuation
[114.844s][info][gc,phases      ] GC(30)   Pre Evacuate Collection Set: 0.3ms
[114.844s][info][gc,phases      ] GC(30)   Merge Heap Roots: 0.2ms
[114.844s][info][gc,phases      ] GC(30)   Evacuate Collection Set: 1.3ms
[114.844s][info][gc,phases      ] GC(30)   Post Evacuate Collection Set: 0.7ms
[114.844s][info][gc,phases      ] GC(30)   Other: 0.3ms
[114.844s][info][gc,heap        ] GC(30) Eden regions: 1227->0(1227)
[114.844s][info][gc,heap        ] GC(30) Survivor regions: 1->1(154)
[114.844s][info][gc,heap        ] GC(30) Old regions: 25->25
[114.844s][info][gc,heap        ] GC(30) Archive regions: 0->0
[114.844s][info][gc,heap        ] GC(30) Humongous regions: 0->0
[114.844s][info][gc,metaspace   ] GC(30) Metaspace: 81946K(82560K)->81946K(82560K) NonClass: 71694K(72000K)->71694K(72000K) Class: 10252K(10560K)->10252K(10560K)
[114.844s][info][gc             ] GC(30) Pause Young (Normal) (G1 Evacuation Pause) 2498M->44M(4096M) 2.897ms
[114.844s][info][gc,cpu         ] GC(30) User=0.00s Sys=0.00s Real=0.00s
[120.271s][info][gc,start       ] GC(31) Pause Full (System.gc())
[120.271s][info][gc,task        ] GC(31) Using 6 workers of 6 for full compaction
[120.271s][info][gc,phases,start] GC(31) Phase 1: Mark live objects
[120.291s][info][gc,phases      ] GC(31) Phase 1: Mark live objects 19.319ms
[120.291s][info][gc,phases,start] GC(31) Phase 2: Prepare for compaction
[120.295s][info][gc,phases      ] GC(31) Phase 2: Prepare for compaction 4.481ms
[120.295s][info][gc,phases,start] GC(31) Phase 3: Adjust pointers
[120.307s][info][gc,phases      ] GC(31) Phase 3: Adjust pointers 11.808ms
[120.307s][info][gc,phases,start] GC(31) Phase 4: Compact heap
[120.309s][info][gc,phases      ] GC(31) Phase 4: Compact heap 1.774ms
[120.326s][info][gc,heap        ] GC(31) Eden regions: 1124->0(1228)
[120.326s][info][gc,heap        ] GC(31) Survivor regions: 1->0(154)
[120.326s][info][gc,heap        ] GC(31) Old regions: 25->25
[120.326s][info][gc,heap        ] GC(31) Archive regions: 0->0
[120.326s][info][gc,heap        ] GC(31) Humongous regions: 0->0
[120.326s][info][gc,metaspace   ] GC(31) Metaspace: 81948K(82560K)->81948K(82560K) NonClass: 71695K(72000K)->71695K(72000K) Class: 10252K(10560K)->10252K(10560K)
[120.326s][info][gc             ] GC(31) Pause Full (System.gc()) 2291M->43M(4096M) 54.680ms
[120.326s][info][gc,cpu         ] GC(31) User=0.06s Sys=0.00s Real=0.07s
[125.877s][info][gc,start       ] GC(32) Pause Young (Normal) (G1 Evacuation Pause)
[125.877s][info][gc,task        ] GC(32) Using 6 workers of 6 for evacuation
[125.880s][info][gc,phases      ] GC(32)   Pre Evacuate Collection Set: 0.1ms
[125.880s][info][gc,phases      ] GC(32)   Merge Heap Roots: 0.2ms
[125.880s][info][gc,phases      ] GC(32)   Evacuate Collection Set: 1.5ms
[125.880s][info][gc,phases      ] GC(32)   Post Evacuate Collection Set: 0.9ms
[125.880s][info][gc,phases      ] GC(32)   Other: 0.3ms
[125.880s][info][gc,heap        ] GC(32) Eden regions: 1228->0(1227)
[125.880s][info][gc,heap        ] GC(32) Survivor regions: 0->1(154)
[125.880s][info][gc,heap        ] GC(32) Old regions: 25->25
[125.880s][info][gc,heap        ] GC(32) Archive regions: 0->0
[125.880s][info][gc,heap        ] GC(32) Humongous regions: 0->0
[125.880s][info][gc,metaspace   ] GC(32) Metaspace: 81965K(82560K)->81965K(82560K) NonClass: 71712K(72000K)->71712K(72000K) Class: 10252K(10560K)->10252K(10560K)
[125.880s][info][gc             ] GC(32) Pause Young (Normal) (G1 Evacuation Pause) 2499M->44M(4096M) 3.074ms
[125.880s][info][gc,cpu         ] GC(32) User=0.08s Sys=0.00s Real=0.00s
[131.646s][info][gc,start       ] GC(33) Pause Young (Normal) (G1 Evacuation Pause)
[131.646s][info][gc,task        ] GC(33) Using 6 workers of 6 for evacuation
[131.648s][info][gc,phases      ] GC(33)   Pre Evacuate Collection Set: 0.1ms
[131.648s][info][gc,phases      ] GC(33)   Merge Heap Roots: 0.1ms
[131.648s][info][gc,phases      ] GC(33)   Evacuate Collection Set: 1.1ms
[131.648s][info][gc,phases      ] GC(33)   Post Evacuate Collection Set: 0.7ms
[131.648s][info][gc,phases      ] GC(33)   Other: 0.2ms
[131.648s][info][gc,heap        ] GC(33) Eden regions: 1227->0(1227)
[131.648s][info][gc,heap        ] GC(33) Survivor regions: 1->1(154)
[131.648s][info][gc,heap        ] GC(33) Old regions: 25->25
[131.648s][info][gc,heap        ] GC(33) Archive regions: 0->0
[131.648s][info][gc,heap        ] GC(33) Humongous regions: 0->0
[131.648s][info][gc,metaspace   ] GC(33) Metaspace: 81966K(82560K)->81966K(82560K) NonClass: 71713K(72000K)->71713K(72000K) Class: 10252K(10560K)->10252K(10560K)
[131.648s][info][gc             ] GC(33) Pause Young (Normal) (G1 Evacuation Pause) 2498M->44M(4096M) 2.339ms
[131.648s][info][gc,cpu         ] GC(33) User=0.00s Sys=0.00s Real=0.00s
[136.742s][info][gc,start       ] GC(34) Pause Young (Normal) (G1 Evacuation Pause)
[136.742s][info][gc,task        ] GC(34) Using 6 workers of 6 for evacuation
[136.745s][info][gc,phases      ] GC(34)   Pre Evacuate Collection Set: 0.4ms
[136.745s][info][gc,phases      ] GC(34)   Merge Heap Roots: 0.3ms
[136.745s][info][gc,phases      ] GC(34)   Evacuate Collection Set: 1.0ms
[136.745s][info][gc,phases      ] GC(34)   Post Evacuate Collection Set: 0.8ms
[136.745s][info][gc,phases      ] GC(34)   Other: 0.3ms
[136.745s][info][gc,heap        ] GC(34) Eden regions: 1227->0(1227)
[136.745s][info][gc,heap        ] GC(34) Survivor regions: 1->1(154)
[136.745s][info][gc,heap        ] GC(34) Old regions: 25->25
[136.745s][info][gc,heap        ] GC(34) Archive regions: 0->0
[136.745s][info][gc,heap        ] GC(34) Humongous regions: 0->0
[136.745s][info][gc,metaspace   ] GC(34) Metaspace: 81967K(82560K)->81967K(82560K) NonClass: 71714K(72000K)->71714K(72000K) Class: 10252K(10560K)->10252K(10560K)
[136.745s][info][gc             ] GC(34) Pause Young (Normal) (G1 Evacuation Pause) 2498M->44M(4096M) 2.831ms
[136.745s][info][gc,cpu         ] GC(34) User=0.00s Sys=0.00s Real=0.00s
[142.212s][info][gc,start       ] GC(35) Pause Full (System.gc())
[142.213s][info][gc,task        ] GC(35) Using 6 workers of 6 for full compaction
[142.213s][info][gc,phases,start] GC(35) Phase 1: Mark live objects
[142.233s][info][gc,phases      ] GC(35) Phase 1: Mark live objects 20.243ms
[142.233s][info][gc,phases,start] GC(35) Phase 2: Prepare for compaction
[142.238s][info][gc,phases      ] GC(35) Phase 2: Prepare for compaction 4.347ms
[142.238s][info][gc,phases,start] GC(35) Phase 3: Adjust pointers
[142.249s][info][gc,phases      ] GC(35) Phase 3: Adjust pointers 11.864ms
[142.249s][info][gc,phases,start] GC(35) Phase 4: Compact heap
[142.251s][info][gc,phases      ] GC(35) Phase 4: Compact heap 1.960ms
[142.268s][info][gc,heap        ] GC(35) Eden regions: 1122->0(1228)
[142.268s][info][gc,heap        ] GC(35) Survivor regions: 1->0(154)
[142.268s][info][gc,heap        ] GC(35) Old regions: 25->25
[142.268s][info][gc,heap        ] GC(35) Archive regions: 0->0
[142.268s][info][gc,heap        ] GC(35) Humongous regions: 0->0
[142.268s][info][gc,metaspace   ] GC(35) Metaspace: 81971K(82560K)->81971K(82560K) NonClass: 71718K(72000K)->71718K(72000K) Class: 10252K(10560K)->10252K(10560K)
[142.268s][info][gc             ] GC(35) Pause Full (System.gc()) 2288M->43M(4096M) 55.578ms
[142.268s][info][gc,cpu         ] GC(35) User=0.28s Sys=0.00s Real=0.06s
[147.896s][info][gc,start       ] GC(36) Pause Young (Normal) (G1 Evacuation Pause)
[147.896s][info][gc,task        ] GC(36) Using 6 workers of 6 for evacuation
[147.899s][info][gc,phases      ] GC(36)   Pre Evacuate Collection Set: 0.3ms
[147.899s][info][gc,phases      ] GC(36)   Merge Heap Roots: 0.2ms
[147.899s][info][gc,phases      ] GC(36)   Evacuate Collection Set: 1.1ms
[147.899s][info][gc,phases      ] GC(36)   Post Evacuate Collection Set: 1.0ms
[147.899s][info][gc,phases      ] GC(36)   Other: 0.4ms
[147.899s][info][gc,heap        ] GC(36) Eden regions: 1228->0(1227)
[147.899s][info][gc,heap        ] GC(36) Survivor regions: 0->1(154)
[147.899s][info][gc,heap        ] GC(36) Old regions: 25->25
[147.899s][info][gc,heap        ] GC(36) Archive regions: 0->0
[147.899s][info][gc,heap        ] GC(36) Humongous regions: 0->0
[147.899s][info][gc,metaspace   ] GC(36) Metaspace: 82029K(82624K)->82029K(82624K) NonClass: 71777K(72064K)->71777K(72064K) Class: 10252K(10560K)->10252K(10560K)
[147.899s][info][gc             ] GC(36) Pause Young (Normal) (G1 Evacuation Pause) 2499M->44M(4096M) 3.232ms
[147.899s][info][gc,cpu         ] GC(36) User=0.00s Sys=0.00s Real=0.00s
[153.764s][info][gc,start       ] GC(37) Pause Young (Normal) (G1 Evacuation Pause)
[153.764s][info][gc,task        ] GC(37) Using 6 workers of 6 for evacuation
[153.766s][info][gc,phases      ] GC(37)   Pre Evacuate Collection Set: 0.1ms
[153.766s][info][gc,phases      ] GC(37)   Merge Heap Roots: 0.1ms
[153.766s][info][gc,phases      ] GC(37)   Evacuate Collection Set: 1.1ms
[153.766s][info][gc,phases      ] GC(37)   Post Evacuate Collection Set: 0.7ms
[153.766s][info][gc,phases      ] GC(37)   Other: 0.2ms
[153.766s][info][gc,heap        ] GC(37) Eden regions: 1227->0(1227)
[153.766s][info][gc,heap        ] GC(37) Survivor regions: 1->1(154)
[153.766s][info][gc,heap        ] GC(37) Old regions: 25->25
[153.766s][info][gc,heap        ] GC(37) Archive regions: 0->0
[153.766s][info][gc,heap        ] GC(37) Humongous regions: 0->0
[153.766s][info][gc,metaspace   ] GC(37) Metaspace: 82044K(82624K)->82044K(82624K) NonClass: 71790K(72064K)->71790K(72064K) Class: 10253K(10560K)->10253K(10560K)
[153.766s][info][gc             ] GC(37) Pause Young (Normal) (G1 Evacuation Pause) 2498M->44M(4096M) 2.450ms
[153.766s][info][gc,cpu         ] GC(37) User=0.00s Sys=0.00s Real=0.00s
[159.113s][info][gc,start       ] GC(38) Pause Young (Normal) (G1 Evacuation Pause)
[159.113s][info][gc,task        ] GC(38) Using 6 workers of 6 for evacuation
[159.116s][info][gc,phases      ] GC(38)   Pre Evacuate Collection Set: 0.2ms
[159.116s][info][gc,phases      ] GC(38)   Merge Heap Roots: 0.2ms
[159.116s][info][gc,phases      ] GC(38)   Evacuate Collection Set: 1.4ms
[159.116s][info][gc,phases      ] GC(38)   Post Evacuate Collection Set: 0.8ms
[159.116s][info][gc,phases      ] GC(38)   Other: 0.2ms
[159.116s][info][gc,heap        ] GC(38) Eden regions: 1227->0(1227)
[159.116s][info][gc,heap        ] GC(38) Survivor regions: 1->1(154)
[159.116s][info][gc,heap        ] GC(38) Old regions: 25->25
[159.116s][info][gc,heap        ] GC(38) Archive regions: 0->0
[159.116s][info][gc,heap        ] GC(38) Humongous regions: 0->0
[159.116s][info][gc,metaspace   ] GC(38) Metaspace: 82046K(82624K)->82046K(82624K) NonClass: 71792K(72064K)->71792K(72064K) Class: 10253K(10560K)->10253K(10560K)
[159.116s][info][gc             ] GC(38) Pause Young (Normal) (G1 Evacuation Pause) 2498M->44M(4096M) 2.979ms
[159.116s][info][gc,cpu         ] GC(38) User=0.08s Sys=0.00s Real=0.00s
[164.671s][info][gc,start       ] GC(39) Pause Full (System.gc())
[164.671s][info][gc,task        ] GC(39) Using 6 workers of 6 for full compaction
[164.672s][info][gc,phases,start] GC(39) Phase 1: Mark live objects
[164.690s][info][gc,phases      ] GC(39) Phase 1: Mark live objects 18.638ms
[164.690s][info][gc,phases,start] GC(39) Phase 2: Prepare for compaction
[164.695s][info][gc,phases      ] GC(39) Phase 2: Prepare for compaction 4.579ms
[164.695s][info][gc,phases,start] GC(39) Phase 3: Adjust pointers
[164.707s][info][gc,phases      ] GC(39) Phase 3: Adjust pointers 11.928ms
[164.707s][info][gc,phases,start] GC(39) Phase 4: Compact heap
[164.709s][info][gc,phases      ] GC(39) Phase 4: Compact heap 2.350ms
[164.726s][info][gc,heap        ] GC(39) Eden regions: 1122->0(1228)
[164.726s][info][gc,heap        ] GC(39) Survivor regions: 1->0(154)
[164.726s][info][gc,heap        ] GC(39) Old regions: 25->25
[164.726s][info][gc,heap        ] GC(39) Archive regions: 0->0
[164.726s][info][gc,heap        ] GC(39) Humongous regions: 0->0
[164.726s][info][gc,metaspace   ] GC(39) Metaspace: 82046K(82624K)->82046K(82624K) NonClass: 71793K(72064K)->71793K(72064K) Class: 10253K(10560K)->10253K(10560K)
[164.726s][info][gc             ] GC(39) Pause Full (System.gc()) 2287M->43M(4096M) 55.222ms
[164.726s][info][gc,cpu         ] GC(39) User=0.27s Sys=0.00s Real=0.06s
[170.307s][info][gc,start       ] GC(40) Pause Young (Normal) (GCLocker Initiated GC)
[170.307s][info][gc,task        ] GC(40) Using 6 workers of 6 for evacuation
[170.309s][info][gc,phases      ] GC(40)   Pre Evacuate Collection Set: 0.2ms
[170.309s][info][gc,phases      ] GC(40)   Merge Heap Roots: 0.1ms
[170.309s][info][gc,phases      ] GC(40)   Evacuate Collection Set: 1.0ms
[170.309s][info][gc,phases      ] GC(40)   Post Evacuate Collection Set: 0.7ms
[170.309s][info][gc,phases      ] GC(40)   Other: 0.2ms
[170.309s][info][gc,heap        ] GC(40) Eden regions: 1228->0(1227)
[170.309s][info][gc,heap        ] GC(40) Survivor regions: 0->1(154)
[170.309s][info][gc,heap        ] GC(40) Old regions: 25->25
[170.309s][info][gc,heap        ] GC(40) Archive regions: 0->0
[170.309s][info][gc,heap        ] GC(40) Humongous regions: 0->0
[170.309s][info][gc,metaspace   ] GC(40) Metaspace: 82050K(82624K)->82050K(82624K) NonClass: 71796K(72064K)->71796K(72064K) Class: 10253K(10560K)->10253K(10560K)
[170.309s][info][gc             ] GC(40) Pause Young (Normal) (GCLocker Initiated GC) 2499M->44M(4096M) 2.346ms
[170.309s][info][gc,cpu         ] GC(40) User=0.00s Sys=0.00s Real=0.00s
[176.020s][info][gc,start       ] GC(41) Pause Young (Normal) (G1 Evacuation Pause)
[176.020s][info][gc,task        ] GC(41) Using 6 workers of 6 for evacuation
[176.023s][info][gc,phases      ] GC(41)   Pre Evacuate Collection Set: 0.4ms
[176.023s][info][gc,phases      ] GC(41)   Merge Heap Roots: 0.2ms
[176.023s][info][gc,phases      ] GC(41)   Evacuate Collection Set: 1.1ms
[176.023s][info][gc,phases      ] GC(41)   Post Evacuate Collection Set: 0.8ms
[176.023s][info][gc,phases      ] GC(41)   Other: 0.3ms
[176.023s][info][gc,heap        ] GC(41) Eden regions: 1227->0(1227)
[176.023s][info][gc,heap        ] GC(41) Survivor regions: 1->1(154)
[176.023s][info][gc,heap        ] GC(41) Old regions: 25->25
[176.023s][info][gc,heap        ] GC(41) Archive regions: 0->0
[176.023s][info][gc,heap        ] GC(41) Humongous regions: 0->0
[176.023s][info][gc,metaspace   ] GC(41) Metaspace: 82057K(82688K)->82057K(82688K) NonClass: 71803K(72128K)->71803K(72128K) Class: 10253K(10560K)->10253K(10560K)
[176.023s][info][gc             ] GC(41) Pause Young (Normal) (G1 Evacuation Pause) 2498M->44M(4096M) 3.010ms
[176.023s][info][gc,cpu         ] GC(41) User=0.02s Sys=0.00s Real=0.00s
[181.143s][info][gc,start       ] GC(42) Pause Young (Normal) (G1 Evacuation Pause)
[181.143s][info][gc,task        ] GC(42) Using 6 workers of 6 for evacuation
[181.145s][info][gc,phases      ] GC(42)   Pre Evacuate Collection Set: 0.1ms
[181.145s][info][gc,phases      ] GC(42)   Merge Heap Roots: 0.2ms
[181.145s][info][gc,phases      ] GC(42)   Evacuate Collection Set: 1.2ms
[181.145s][info][gc,phases      ] GC(42)   Post Evacuate Collection Set: 0.7ms
[181.145s][info][gc,phases      ] GC(42)   Other: 0.3ms
[181.145s][info][gc,heap        ] GC(42) Eden regions: 1227->0(1227)
[181.145s][info][gc,heap        ] GC(42) Survivor regions: 1->1(154)
[181.145s][info][gc,heap        ] GC(42) Old regions: 25->25
[181.145s][info][gc,heap        ] GC(42) Archive regions: 0->0
[181.145s][info][gc,heap        ] GC(42) Humongous regions: 0->0
[181.145s][info][gc,metaspace   ] GC(42) Metaspace: 82060K(82688K)->82060K(82688K) NonClass: 71807K(72128K)->71807K(72128K) Class: 10253K(10560K)->10253K(10560K)
[181.145s][info][gc             ] GC(42) Pause Young (Normal) (G1 Evacuation Pause) 2498M->44M(4096M) 2.650ms
[181.145s][info][gc,cpu         ] GC(42) User=0.00s Sys=0.00s Real=0.00s
[186.550s][info][gc,start       ] GC(43) Pause Full (System.gc())
[186.551s][info][gc,task        ] GC(43) Using 6 workers of 6 for full compaction
[186.551s][info][gc,phases,start] GC(43) Phase 1: Mark live objects
[186.570s][info][gc,phases      ] GC(43) Phase 1: Mark live objects 19.566ms
[186.570s][info][gc,phases,start] GC(43) Phase 2: Prepare for compaction
[186.575s][info][gc,phases      ] GC(43) Phase 2: Prepare for compaction 4.399ms
[186.575s][info][gc,phases,start] GC(43) Phase 3: Adjust pointers
[186.587s][info][gc,phases      ] GC(43) Phase 3: Adjust pointers 12.274ms
[186.587s][info][gc,phases,start] GC(43) Phase 4: Compact heap
[186.589s][info][gc,phases      ] GC(43) Phase 4: Compact heap 1.906ms
[186.607s][info][gc,heap        ] GC(43) Eden regions: 1121->0(1228)
[186.607s][info][gc,heap        ] GC(43) Survivor regions: 1->0(154)
[186.607s][info][gc,heap        ] GC(43) Old regions: 25->25
[186.607s][info][gc,heap        ] GC(43) Archive regions: 0->0
[186.607s][info][gc,heap        ] GC(43) Humongous regions: 0->0
[186.607s][info][gc,metaspace   ] GC(43) Metaspace: 82066K(82688K)->82066K(82688K) NonClass: 71813K(72128K)->71813K(72128K) Class: 10253K(10560K)->10253K(10560K)
[186.607s][info][gc             ] GC(43) Pause Full (System.gc()) 2285M->43M(4096M) 56.169ms
[186.607s][info][gc,cpu         ] GC(43) User=0.20s Sys=0.02s Real=0.07s
[192.182s][info][gc,start       ] GC(44) Pause Young (Normal) (G1 Evacuation Pause)
[192.182s][info][gc,task        ] GC(44) Using 6 workers of 6 for evacuation
[192.185s][info][gc,phases      ] GC(44)   Pre Evacuate Collection Set: 0.1ms
[192.185s][info][gc,phases      ] GC(44)   Merge Heap Roots: 0.2ms
[192.185s][info][gc,phases      ] GC(44)   Evacuate Collection Set: 1.4ms
[192.185s][info][gc,phases      ] GC(44)   Post Evacuate Collection Set: 1.0ms
[192.185s][info][gc,phases      ] GC(44)   Other: 0.3ms
[192.185s][info][gc,heap        ] GC(44) Eden regions: 1228->0(1227)
[192.185s][info][gc,heap        ] GC(44) Survivor regions: 0->1(154)
[192.185s][info][gc,heap        ] GC(44) Old regions: 25->25
[192.185s][info][gc,heap        ] GC(44) Archive regions: 0->0
[192.185s][info][gc,heap        ] GC(44) Humongous regions: 0->0
[192.185s][info][gc,metaspace   ] GC(44) Metaspace: 82069K(82688K)->82069K(82688K) NonClass: 71816K(72128K)->71816K(72128K) Class: 10253K(10560K)->10253K(10560K)
[192.185s][info][gc             ] GC(44) Pause Young (Normal) (G1 Evacuation Pause) 2499M->44M(4096M) 3.103ms
[192.185s][info][gc,cpu         ] GC(44) User=0.00s Sys=0.00s Real=0.00s
[197.915s][info][gc,start       ] GC(45) Pause Young (Normal) (G1 Evacuation Pause)
[197.915s][info][gc,task        ] GC(45) Using 6 workers of 6 for evacuation
[197.918s][info][gc,phases      ] GC(45)   Pre Evacuate Collection Set: 0.4ms
[197.918s][info][gc,phases      ] GC(45)   Merge Heap Roots: 0.3ms
[197.918s][info][gc,phases      ] GC(45)   Evacuate Collection Set: 1.0ms
[197.918s][info][gc,phases      ] GC(45)   Post Evacuate Collection Set: 0.7ms
[197.918s][info][gc,phases      ] GC(45)   Other: 0.3ms
[197.918s][info][gc,heap        ] GC(45) Eden regions: 1227->0(1227)
[197.918s][info][gc,heap        ] GC(45) Survivor regions: 1->1(154)
[197.918s][info][gc,heap        ] GC(45) Old regions: 25->25
[197.918s][info][gc,heap        ] GC(45) Archive regions: 0->0
[197.918s][info][gc,heap        ] GC(45) Humongous regions: 0->0
[197.918s][info][gc,metaspace   ] GC(45) Metaspace: 82072K(82752K)->82072K(82752K) NonClass: 71819K(72192K)->71819K(72192K) Class: 10253K(10560K)->10253K(10560K)
[197.918s][info][gc             ] GC(45) Pause Young (Normal) (G1 Evacuation Pause) 2498M->44M(4096M) 2.795ms
[197.918s][info][gc,cpu         ] GC(45) User=0.00s Sys=0.00s Real=0.01s
[203.020s][info][gc,start       ] GC(46) Pause Young (Normal) (G1 Evacuation Pause)
[203.020s][info][gc,task        ] GC(46) Using 6 workers of 6 for evacuation
[203.023s][info][gc,phases      ] GC(46)   Pre Evacuate Collection Set: 0.4ms
[203.023s][info][gc,phases      ] GC(46)   Merge Heap Roots: 0.3ms
[203.023s][info][gc,phases      ] GC(46)   Evacuate Collection Set: 1.2ms
[203.023s][info][gc,phases      ] GC(46)   Post Evacuate Collection Set: 0.7ms
[203.023s][info][gc,phases      ] GC(46)   Other: 0.3ms
[203.023s][info][gc,heap        ] GC(46) Eden regions: 1227->0(1227)
[203.023s][info][gc,heap        ] GC(46) Survivor regions: 1->1(154)
[203.023s][info][gc,heap        ] GC(46) Old regions: 25->25
[203.023s][info][gc,heap        ] GC(46) Archive regions: 0->0
[203.023s][info][gc,heap        ] GC(46) Humongous regions: 0->0
[203.023s][info][gc,metaspace   ] GC(46) Metaspace: 82073K(82752K)->82073K(82752K) NonClass: 71819K(72192K)->71819K(72192K) Class: 10253K(10560K)->10253K(10560K)
[203.023s][info][gc             ] GC(46) Pause Young (Normal) (G1 Evacuation Pause) 2498M->44M(4096M) 3.001ms
[203.023s][info][gc,cpu         ] GC(46) User=0.02s Sys=0.00s Real=0.00s
[208.563s][info][gc,start       ] GC(47) Pause Full (System.gc())
[208.564s][info][gc,task        ] GC(47) Using 6 workers of 6 for full compaction
[208.564s][info][gc,phases,start] GC(47) Phase 1: Mark live objects
[208.584s][info][gc,phases      ] GC(47) Phase 1: Mark live objects 19.788ms
[208.584s][info][gc,phases,start] GC(47) Phase 2: Prepare for compaction
[208.588s][info][gc,phases      ] GC(47) Phase 2: Prepare for compaction 4.388ms
[208.588s][info][gc,phases,start] GC(47) Phase 3: Adjust pointers
[208.600s][info][gc,phases      ] GC(47) Phase 3: Adjust pointers 12.261ms
[208.600s][info][gc,phases,start] GC(47) Phase 4: Compact heap
[208.603s][info][gc,phases      ] GC(47) Phase 4: Compact heap 2.177ms
[208.621s][info][gc,heap        ] GC(47) Eden regions: 1122->0(1228)
[208.621s][info][gc,heap        ] GC(47) Survivor regions: 1->0(154)
[208.621s][info][gc,heap        ] GC(47) Old regions: 25->25
[208.621s][info][gc,heap        ] GC(47) Archive regions: 0->0
[208.621s][info][gc,heap        ] GC(47) Humongous regions: 0->0
[208.621s][info][gc,metaspace   ] GC(47) Metaspace: 82084K(82752K)->82084K(82752K) NonClass: 71830K(72192K)->71830K(72192K) Class: 10253K(10560K)->10253K(10560K)
[208.621s][info][gc             ] GC(47) Pause Full (System.gc()) 2286M->43M(4096M) 57.315ms
[208.621s][info][gc,cpu         ] GC(47) User=0.20s Sys=0.02s Real=0.06s
[214.406s][info][gc,start       ] GC(48) Pause Young (Normal) (G1 Evacuation Pause)
[214.406s][info][gc,task        ] GC(48) Using 6 workers of 6 for evacuation
[214.408s][info][gc,phases      ] GC(48)   Pre Evacuate Collection Set: 0.1ms
[214.408s][info][gc,phases      ] GC(48)   Merge Heap Roots: 0.1ms
[214.408s][info][gc,phases      ] GC(48)   Evacuate Collection Set: 0.9ms
[214.408s][info][gc,phases      ] GC(48)   Post Evacuate Collection Set: 0.6ms
[214.408s][info][gc,phases      ] GC(48)   Other: 0.2ms
[214.408s][info][gc,heap        ] GC(48) Eden regions: 1228->0(1227)
[214.408s][info][gc,heap        ] GC(48) Survivor regions: 0->1(154)
[214.408s][info][gc,heap        ] GC(48) Old regions: 25->25
[214.408s][info][gc,heap        ] GC(48) Archive regions: 0->0
[214.408s][info][gc,heap        ] GC(48) Humongous regions: 0->0
[214.408s][info][gc,metaspace   ] GC(48) Metaspace: 82084K(82752K)->82084K(82752K) NonClass: 71830K(72192K)->71830K(72192K) Class: 10254K(10560K)->10254K(10560K)
[214.408s][info][gc             ] GC(48) Pause Young (Normal) (G1 Evacuation Pause) 2499M->44M(4096M) 2.113ms
[214.408s][info][gc,cpu         ] GC(48) User=0.00s Sys=0.00s Real=0.00s
[220.381s][info][gc,start       ] GC(49) Pause Young (Normal) (G1 Evacuation Pause)
[220.381s][info][gc,task        ] GC(49) Using 6 workers of 6 for evacuation
[220.383s][info][gc,phases      ] GC(49)   Pre Evacuate Collection Set: 0.1ms
[220.383s][info][gc,phases      ] GC(49)   Merge Heap Roots: 0.1ms
[220.383s][info][gc,phases      ] GC(49)   Evacuate Collection Set: 0.8ms
[220.383s][info][gc,phases      ] GC(49)   Post Evacuate Collection Set: 0.7ms
[220.383s][info][gc,phases      ] GC(49)   Other: 0.2ms
[220.383s][info][gc,heap        ] GC(49) Eden regions: 1227->0(1227)
[220.383s][info][gc,heap        ] GC(49) Survivor regions: 1->1(154)
[220.383s][info][gc,heap        ] GC(49) Old regions: 25->25
[220.383s][info][gc,heap        ] GC(49) Archive regions: 0->0
[220.383s][info][gc,heap        ] GC(49) Humongous regions: 0->0
[220.383s][info][gc,metaspace   ] GC(49) Metaspace: 82085K(82752K)->82085K(82752K) NonClass: 71831K(72192K)->71831K(72192K) Class: 10254K(10560K)->10254K(10560K)
[220.383s][info][gc             ] GC(49) Pause Young (Normal) (G1 Evacuation Pause) 2498M->44M(4096M) 2.101ms
[220.383s][info][gc,cpu         ] GC(49) User=0.00s Sys=0.00s Real=0.00s
[225.806s][info][gc,start       ] GC(50) Pause Young (Normal) (GCLocker Initiated GC)
[225.806s][info][gc,task        ] GC(50) Using 6 workers of 6 for evacuation
[225.808s][info][gc,phases      ] GC(50)   Pre Evacuate Collection Set: 0.1ms
[225.808s][info][gc,phases      ] GC(50)   Merge Heap Roots: 0.1ms
[225.808s][info][gc,phases      ] GC(50)   Evacuate Collection Set: 0.9ms
[225.808s][info][gc,phases      ] GC(50)   Post Evacuate Collection Set: 0.7ms
[225.808s][info][gc,phases      ] GC(50)   Other: 0.2ms
[225.808s][info][gc,heap        ] GC(50) Eden regions: 1227->0(1227)
[225.808s][info][gc,heap        ] GC(50) Survivor regions: 1->1(154)
[225.808s][info][gc,heap        ] GC(50) Old regions: 25->25
[225.808s][info][gc,heap        ] GC(50) Archive regions: 0->0
[225.808s][info][gc,heap        ] GC(50) Humongous regions: 0->0
[225.808s][info][gc,metaspace   ] GC(50) Metaspace: 82086K(82752K)->82086K(82752K) NonClass: 71832K(72192K)->71832K(72192K) Class: 10254K(10560K)->10254K(10560K)
[225.808s][info][gc             ] GC(50) Pause Young (Normal) (GCLocker Initiated GC) 2498M->44M(4096M) 2.079ms
[225.808s][info][gc,cpu         ] GC(50) User=0.00s Sys=0.00s Real=0.00s
[231.469s][info][gc,heap,exit   ] Heap
[231.469s][info][gc,heap,exit   ]  garbage-first heap   total 4194304K, used 2343829K [0x0000000700000000, 0x0000000800000000)
[231.469s][info][gc,heap,exit   ]   region size 2048K, 1123 young (2299904K), 1 survivors (2048K)
[231.469s][info][gc,heap,exit   ]  Metaspace       used 82238K, committed 82944K, reserved 1179648K
[231.469s][info][gc,heap,exit   ]   class space    used 10287K, committed 10624K, reserved 1048576K
