OpenJDK 64-Bit Server VM (25.422-b05) for windows-amd64 JRE (1.8.0_422-422-b05), built on Jul 18 2024 05:34:18 by "Administrator" with MS VC++ 16.10 / 16.11 (VS2019)
Memory: 4k page, physical 15965620k(10974608k free), swap 17014196k(11236128k free)
CommandLine flags: -XX:InitialHeapSize=1073741824 -XX:MaxHeapSize=1073741824 -XX:+PrintGC -XX:+PrintGCApplicationConcurrentTime -XX:+PrintGCApplicationStoppedTime -XX:+PrintGCDateStamps -XX:+PrintGCDetails -XX:+PrintGCTimeStamps -XX:+UnlockExperimentalVMOptions -XX:+UseCompressedClassPointers -XX:+UseCompressedOops -XX:+UseG1GC -XX:-UseLargePagesIndividualAllocation 
2024-10-11T17:29:31.737+0300: 0.077: Application time: 0.0183948 seconds
2024-10-11T17:29:31.737+0300: 0.077: Total time for which application threads were stopped: 0.0001022 seconds, Stopping threads took: 0.0000408 seconds
2024-10-11T17:29:31.753+0300: 0.085: Application time: 0.0080384 seconds
2024-10-11T17:29:31.753+0300: 0.085: Total time for which application threads were stopped: 0.0000740 seconds, Stopping threads took: 0.0000230 seconds
2024-10-11T17:29:31.913+0300: 0.252: Application time: 0.1674696 seconds
2024-10-11T17:29:31.913+0300: 0.253: [Full GC (System.gc())  12288K->3705K(1024M), 0.0165941 secs]
   [Eden: 12288.0K(52224.0K)->0.0B(52224.0K) Survivors: 0.0B->0.0B Heap: 12288.0K(1024.0M)->3705.0K(1024.0M)], [Metaspace: 7073K->7073K(1056768K)]
 [Times: user=0.02 sys=0.00, real=0.01 secs] 
2024-10-11T17:29:31.925+0300: 0.269: Total time for which application threads were stopped: 0.0167952 seconds, Stopping threads took: 0.0000310 seconds
2024-10-11T17:29:31.925+0300: 0.269: Application time: 0.0001285 seconds
2024-10-11T17:29:31.925+0300: 0.270: [Full GC (System.gc())  3705K->3705K(1024M), 0.0120944 secs]
   [Eden: 0.0B(52224.0K)->0.0B(52224.0K) Survivors: 0.0B->0.0B Heap: 3705.0K(1024.0M)->3705.0K(1024.0M)], [Metaspace: 7073K->7073K(1056768K)]
 [Times: user=0.01 sys=0.00, real=0.02 secs] 
2024-10-11T17:29:31.941+0300: 0.282: Total time for which application threads were stopped: 0.0123144 seconds, Stopping threads took: 0.0000495 seconds
2024-10-11T17:29:31.957+0300: 0.300: Application time: 0.0181470 seconds
2024-10-11T17:29:31.957+0300: 0.300: [GC pause (G1 Evacuation Pause) (young), 0.0134435 secs]
   [Parallel Time: 12.6 ms, GC Workers: 6]
      [GC Worker Start (ms): Min: 300.4, Avg: 300.4, Max: 300.5, Diff: 0.1]
      [Ext Root Scanning (ms): Min: 0.3, Avg: 0.4, Max: 0.4, Diff: 0.1, Sum: 2.2]
      [Update RS (ms): Min: 0.0, Avg: 0.1, Max: 0.2, Diff: 0.1, Sum: 0.3]
         [Processed Buffers: Min: 1, Avg: 1.3, Max: 2, Diff: 1, Sum: 8]
      [Scan RS (ms): Min: 0.0, Avg: 0.0, Max: 0.0, Diff: 0.0, Sum: 0.1]
      [Code Root Scanning (ms): Min: 0.0, Avg: 0.0, Max: 0.0, Diff: 0.0, Sum: 0.0]
      [Object Copy (ms): Min: 11.9, Avg: 11.9, Max: 12.0, Diff: 0.1, Sum: 71.7]
      [Termination (ms): Min: 0.0, Avg: 0.0, Max: 0.0, Diff: 0.0, Sum: 0.1]
         [Termination Attempts: Min: 1, Avg: 1.0, Max: 1, Diff: 0, Sum: 6]
      [GC Worker Other (ms): Min: 0.0, Avg: 0.0, Max: 0.1, Diff: 0.0, Sum: 0.2]
      [GC Worker Total (ms): Min: 12.4, Avg: 12.4, Max: 12.5, Diff: 0.1, Sum: 74.5]
      [GC Worker End (ms): Min: 312.9, Avg: 312.9, Max: 312.9, Diff: 0.0]
   [Code Root Fixup: 0.0 ms]
   [Code Root Purge: 0.0 ms]
   [Clear CT: 0.2 ms]
   [Other: 0.6 ms]
      [Choose CSet: 0.0 ms]
      [Ref Proc: 0.2 ms]
      [Ref Enq: 0.0 ms]
      [Redirty Cards: 0.2 ms]
      [Humongous Register: 0.0 ms]
      [Humongous Reclaim: 0.0 ms]
      [Free CSet: 0.0 ms]
   [Eden: 52224.0K(52224.0K)->0.0B(45056.0K) Survivors: 0.0B->7168.0K Heap: 55929.0K(1024.0M)->53277.0K(1024.0M)]
 [Times: user=0.02 sys=0.00, real=0.01 secs] 
2024-10-11T17:29:31.972+0300: 0.314: Total time for which application threads were stopped: 0.0138591 seconds, Stopping threads took: 0.0001668 seconds
2024-10-11T17:29:31.988+0300: 0.319: Application time: 0.0054378 seconds
2024-10-11T17:29:31.988+0300: 0.319: [GC pause (G1 Evacuation Pause) (young), 0.0129356 secs]
   [Parallel Time: 12.3 ms, GC Workers: 6]
      [GC Worker Start (ms): Min: 319.5, Avg: 319.6, Max: 320.2, Diff: 0.7]
      [Ext Root Scanning (ms): Min: 0.0, Avg: 0.3, Max: 0.4, Diff: 0.4, Sum: 1.7]
      [Update RS (ms): Min: 0.0, Avg: 0.0, Max: 0.1, Diff: 0.1, Sum: 0.2]
         [Processed Buffers: Min: 0, Avg: 1.5, Max: 4, Diff: 4, Sum: 9]
      [Scan RS (ms): Min: 0.0, Avg: 0.0, Max: 0.0, Diff: 0.0, Sum: 0.1]
      [Code Root Scanning (ms): Min: 0.0, Avg: 0.0, Max: 0.0, Diff: 0.0, Sum: 0.0]
      [Object Copy (ms): Min: 11.4, Avg: 11.7, Max: 11.8, Diff: 0.3, Sum: 70.1]
      [Termination (ms): Min: 0.0, Avg: 0.0, Max: 0.0, Diff: 0.0, Sum: 0.1]
         [Termination Attempts: Min: 1, Avg: 1.0, Max: 1, Diff: 0, Sum: 6]
      [GC Worker Other (ms): Min: 0.0, Avg: 0.0, Max: 0.0, Diff: 0.0, Sum: 0.2]
      [GC Worker Total (ms): Min: 11.5, Avg: 12.1, Max: 12.2, Diff: 0.7, Sum: 72.3]
      [GC Worker End (ms): Min: 331.7, Avg: 331.7, Max: 331.7, Diff: 0.0]
   [Code Root Fixup: 0.0 ms]
   [Code Root Purge: 0.0 ms]
   [Clear CT: 0.1 ms]
   [Other: 0.5 ms]
      [Choose CSet: 0.0 ms]
      [Ref Proc: 0.1 ms]
      [Ref Enq: 0.0 ms]
      [Redirty Cards: 0.1 ms]
      [Humongous Register: 0.0 ms]
      [Humongous Reclaim: 0.0 ms]
      [Free CSet: 0.0 ms]
   [Eden: 45056.0K(45056.0K)->0.0B(45056.0K) Survivors: 7168.0K->7168.0K Heap: 98333.0K(1024.0M)->98265.5K(1024.0M)]
 [Times: user=0.00 sys=0.00, real=0.00 secs] 
2024-10-11T17:29:31.988+0300: 0.333: Total time for which application threads were stopped: 0.0133068 seconds, Stopping threads took: 0.0000677 seconds
2024-10-11T17:29:32.004+0300: 0.338: Application time: 0.0057542 seconds
2024-10-11T17:29:32.004+0300: 0.338: [GC pause (G1 Evacuation Pause) (young), 0.0127897 secs]
   [Parallel Time: 12.1 ms, GC Workers: 6]
      [GC Worker Start (ms): Min: 338.6, Avg: 338.6, Max: 338.7, Diff: 0.1]
      [Ext Root Scanning (ms): Min: 0.2, Avg: 0.2, Max: 0.3, Diff: 0.1, Sum: 1.5]
      [Update RS (ms): Min: 0.2, Avg: 0.2, Max: 0.2, Diff: 0.0, Sum: 1.3]
         [Processed Buffers: Min: 1, Avg: 2.2, Max: 4, Diff: 3, Sum: 13]
      [Scan RS (ms): Min: 0.0, Avg: 0.0, Max: 0.0, Diff: 0.0, Sum: 0.0]
      [Code Root Scanning (ms): Min: 0.0, Avg: 0.0, Max: 0.0, Diff: 0.0, Sum: 0.0]
      [Object Copy (ms): Min: 11.5, Avg: 11.5, Max: 11.5, Diff: 0.0, Sum: 68.8]
      [Termination (ms): Min: 0.0, Avg: 0.0, Max: 0.0, Diff: 0.0, Sum: 0.1]
         [Termination Attempts: Min: 1, Avg: 1.0, Max: 1, Diff: 0, Sum: 6]
      [GC Worker Other (ms): Min: 0.0, Avg: 0.0, Max: 0.0, Diff: 0.0, Sum: 0.2]
      [GC Worker Total (ms): Min: 11.9, Avg: 12.0, Max: 12.0, Diff: 0.1, Sum: 71.9]
      [GC Worker End (ms): Min: 350.6, Avg: 350.6, Max: 350.6, Diff: 0.0]
   [Code Root Fixup: 0.0 ms]
   [Code Root Purge: 0.0 ms]
   [Clear CT: 0.1 ms]
   [Other: 0.5 ms]
      [Choose CSet: 0.0 ms]
      [Ref Proc: 0.1 ms]
      [Ref Enq: 0.0 ms]
      [Redirty Cards: 0.1 ms]
      [Humongous Register: 0.1 ms]
      [Humongous Reclaim: 0.0 ms]
      [Free CSet: 0.0 ms]
   [Eden: 45056.0K(45056.0K)->0.0B(45056.0K) Survivors: 7168.0K->7168.0K Heap: 140.0M(1024.0M)->139.9M(1024.0M)]
 [Times: user=0.00 sys=0.02, real=0.02 secs] 
2024-10-11T17:29:32.020+0300: 0.351: Total time for which application threads were stopped: 0.0130704 seconds, Stopping threads took: 0.0000354 seconds
2024-10-11T17:29:32.020+0300: 0.356: Application time: 0.0049470 seconds
2024-10-11T17:29:32.020+0300: 0.356: [GC pause (G1 Evacuation Pause) (young), 0.0131034 secs]
   [Parallel Time: 12.7 ms, GC Workers: 6]
      [GC Worker Start (ms): Min: 356.5, Avg: 356.6, Max: 356.9, Diff: 0.3]
      [Ext Root Scanning (ms): Min: 0.0, Avg: 0.2, Max: 0.3, Diff: 0.3, Sum: 1.4]
      [Update RS (ms): Min: 0.1, Avg: 0.2, Max: 0.2, Diff: 0.1, Sum: 1.0]
         [Processed Buffers: Min: 1, Avg: 2.2, Max: 3, Diff: 2, Sum: 13]
      [Scan RS (ms): Min: 0.0, Avg: 0.0, Max: 0.0, Diff: 0.0, Sum: 0.0]
      [Code Root Scanning (ms): Min: 0.0, Avg: 0.0, Max: 0.0, Diff: 0.0, Sum: 0.0]
      [Object Copy (ms): Min: 12.0, Avg: 12.0, Max: 12.0, Diff: 0.0, Sum: 72.1]
      [Termination (ms): Min: 0.0, Avg: 0.0, Max: 0.0, Diff: 0.0, Sum: 0.1]
         [Termination Attempts: Min: 1, Avg: 1.0, Max: 1, Diff: 0, Sum: 6]
      [GC Worker Other (ms): Min: 0.0, Avg: 0.0, Max: 0.1, Diff: 0.1, Sum: 0.3]
      [GC Worker Total (ms): Min: 12.2, Avg: 12.5, Max: 12.6, Diff: 0.4, Sum: 74.9]
      [GC Worker End (ms): Min: 369.1, Avg: 369.1, Max: 369.1, Diff: 0.1]
   [Code Root Fixup: 0.0 ms]
   [Code Root Purge: 0.0 ms]
   [Clear CT: 0.1 ms]
   [Other: 0.4 ms]
      [Choose CSet: 0.0 ms]
      [Ref Proc: 0.1 ms]
      [Ref Enq: 0.0 ms]
      [Redirty Cards: 0.1 ms]
      [Humongous Register: 0.0 ms]
      [Humongous Reclaim: 0.0 ms]
      [Free CSet: 0.0 ms]
   [Eden: 45056.0K(45056.0K)->0.0B(45056.0K) Survivors: 7168.0K->7168.0K Heap: 183.9M(1024.0M)->183.9M(1024.0M)]
 [Times: user=0.00 sys=0.02, real=0.02 secs] 
2024-10-11T17:29:32.035+0300: 0.370: Total time for which application threads were stopped: 0.0133925 seconds, Stopping threads took: 0.0000869 seconds
2024-10-11T17:29:33.041+0300: 1.370: Application time: 1.0001866 seconds
2024-10-11T17:29:33.041+0300: 1.370: Total time for which application threads were stopped: 0.0004463 seconds, Stopping threads took: 0.0003421 seconds
2024-10-11T17:29:35.760+0300: 4.089: Application time: 2.7185755 seconds
2024-10-11T17:29:35.760+0300: 4.089: Total time for which application threads were stopped: 0.0005842 seconds, Stopping threads took: 0.0003656 seconds
2024-10-11T17:29:50.849+0300: 19.178: Application time: 15.0888018 seconds
2024-10-11T17:29:55.298+0300: 23.627: Total time for which application threads were stopped: 4.4488552 seconds, Stopping threads took: 4.4487724 seconds
2024-10-11T17:29:55.298+0300: 23.630: Application time: 0.0030554 seconds
2024-10-11T17:29:55.298+0300: 23.631: Total time for which application threads were stopped: 0.0002803 seconds, Stopping threads took: 0.0002458 seconds
2024-10-11T17:29:55.298+0300: 23.634: Application time: 0.0032885 seconds
2024-10-11T17:29:55.298+0300: 23.634: [GC pause (G1 Evacuation Pause) (young), 0.0121075 secs]
   [Parallel Time: 11.4 ms, GC Workers: 6]
      [GC Worker Start (ms): Min: 23634.0, Avg: 23634.0, Max: 23634.1, Diff: 0.1]
      [Ext Root Scanning (ms): Min: 0.2, Avg: 0.2, Max: 0.3, Diff: 0.1, Sum: 1.5]
      [Update RS (ms): Min: 0.1, Avg: 0.1, Max: 0.2, Diff: 0.0, Sum: 0.9]
         [Processed Buffers: Min: 1, Avg: 2.5, Max: 5, Diff: 4, Sum: 15]
      [Scan RS (ms): Min: 0.0, Avg: 0.0, Max: 0.0, Diff: 0.0, Sum: 0.1]
      [Code Root Scanning (ms): Min: 0.0, Avg: 0.0, Max: 0.0, Diff: 0.0, Sum: 0.0]
      [Object Copy (ms): Min: 10.7, Avg: 10.7, Max: 10.8, Diff: 0.0, Sum: 64.5]
      [Termination (ms): Min: 0.0, Avg: 0.0, Max: 0.0, Diff: 0.0, Sum: 0.0]
         [Termination Attempts: Min: 1, Avg: 1.0, Max: 1, Diff: 0, Sum: 6]
      [GC Worker Other (ms): Min: 0.0, Avg: 0.0, Max: 0.0, Diff: 0.0, Sum: 0.2]
      [GC Worker Total (ms): Min: 11.1, Avg: 11.2, Max: 11.2, Diff: 0.1, Sum: 67.1]
      [GC Worker End (ms): Min: 23645.2, Avg: 23645.2, Max: 23645.2, Diff: 0.0]
   [Code Root Fixup: 0.0 ms]
   [Code Root Purge: 0.0 ms]
   [Clear CT: 0.2 ms]
   [Other: 0.5 ms]
      [Choose CSet: 0.0 ms]
      [Ref Proc: 0.1 ms]
      [Ref Enq: 0.0 ms]
      [Redirty Cards: 0.2 ms]
      [Humongous Register: 0.0 ms]
      [Humongous Reclaim: 0.0 ms]
      [Free CSet: 0.0 ms]
   [Eden: 45056.0K(45056.0K)->0.0B(49152.0K) Survivors: 7168.0K->7168.0K Heap: 227.9M(1024.0M)->225.4M(1024.0M)]
 [Times: user=0.00 sys=0.02, real=0.01 secs] 
2024-10-11T17:29:55.313+0300: 23.646: Total time for which application threads were stopped: 0.0123159 seconds, Stopping threads took: 0.0000371 seconds
2024-10-11T17:29:55.313+0300: 23.652: Application time: 0.0060816 seconds
2024-10-11T17:29:55.313+0300: 23.652: [GC pause (G1 Evacuation Pause) (young), 0.0139459 secs]
   [Parallel Time: 13.1 ms, GC Workers: 6]
      [GC Worker Start (ms): Min: 23652.5, Avg: 23652.6, Max: 23652.7, Diff: 0.2]
      [Ext Root Scanning (ms): Min: 0.1, Avg: 0.2, Max: 0.3, Diff: 0.2, Sum: 1.3]
      [Update RS (ms): Min: 0.0, Avg: 0.1, Max: 0.1, Diff: 0.1, Sum: 0.4]
         [Processed Buffers: Min: 1, Avg: 1.5, Max: 3, Diff: 2, Sum: 9]
      [Scan RS (ms): Min: 0.0, Avg: 0.0, Max: 0.0, Diff: 0.0, Sum: 0.1]
      [Code Root Scanning (ms): Min: 0.0, Avg: 0.0, Max: 0.0, Diff: 0.0, Sum: 0.0]
      [Object Copy (ms): Min: 12.5, Avg: 12.5, Max: 12.5, Diff: 0.0, Sum: 75.0]
      [Termination (ms): Min: 0.0, Avg: 0.0, Max: 0.0, Diff: 0.0, Sum: 0.0]
         [Termination Attempts: Min: 1, Avg: 1.0, Max: 1, Diff: 0, Sum: 6]
      [GC Worker Other (ms): Min: 0.0, Avg: 0.0, Max: 0.0, Diff: 0.0, Sum: 0.1]
      [GC Worker Total (ms): Min: 12.7, Avg: 12.8, Max: 12.9, Diff: 0.2, Sum: 77.0]
      [GC Worker End (ms): Min: 23665.4, Avg: 23665.4, Max: 23665.4, Diff: 0.0]
   [Code Root Fixup: 0.0 ms]
   [Code Root Purge: 0.0 ms]
   [Clear CT: 0.2 ms]
   [Other: 0.6 ms]
      [Choose CSet: 0.0 ms]
      [Ref Proc: 0.2 ms]
      [Ref Enq: 0.0 ms]
      [Redirty Cards: 0.2 ms]
      [Humongous Register: 0.0 ms]
      [Humongous Reclaim: 0.0 ms]
      [Free CSet: 0.0 ms]
   [Eden: 49152.0K(49152.0K)->0.0B(65536.0K) Survivors: 7168.0K->7168.0K Heap: 273.4M(1024.0M)->273.4M(1024.0M)]
 [Times: user=0.00 sys=0.01, real=0.02 secs] 
2024-10-11T17:29:55.329+0300: 23.666: Total time for which application threads were stopped: 0.0142560 seconds, Stopping threads took: 0.0001027 seconds
2024-10-11T17:29:55.345+0300: 23.675: Application time: 0.0081704 seconds
2024-10-11T17:29:55.345+0300: 23.675: [GC pause (G1 Evacuation Pause) (young), 0.0183162 secs]
   [Parallel Time: 17.7 ms, GC Workers: 6]
      [GC Worker Start (ms): Min: 23674.8, Avg: 23674.9, Max: 23674.9, Diff: 0.1]
      [Ext Root Scanning (ms): Min: 0.2, Avg: 0.2, Max: 0.3, Diff: 0.1, Sum: 1.3]
      [Update RS (ms): Min: 0.2, Avg: 0.2, Max: 0.3, Diff: 0.1, Sum: 1.1]
         [Processed Buffers: Min: 2, Avg: 2.2, Max: 3, Diff: 1, Sum: 13]
      [Scan RS (ms): Min: 0.0, Avg: 0.0, Max: 0.0, Diff: 0.0, Sum: 0.1]
      [Code Root Scanning (ms): Min: 0.0, Avg: 0.0, Max: 0.0, Diff: 0.0, Sum: 0.0]
      [Object Copy (ms): Min: 17.1, Avg: 17.1, Max: 17.1, Diff: 0.1, Sum: 102.7]
      [Termination (ms): Min: 0.0, Avg: 0.0, Max: 0.0, Diff: 0.0, Sum: 0.1]
         [Termination Attempts: Min: 1, Avg: 1.0, Max: 1, Diff: 0, Sum: 6]
      [GC Worker Other (ms): Min: 0.0, Avg: 0.0, Max: 0.0, Diff: 0.0, Sum: 0.1]
      [GC Worker Total (ms): Min: 17.5, Avg: 17.6, Max: 17.6, Diff: 0.1, Sum: 105.4]
      [GC Worker End (ms): Min: 23692.5, Avg: 23692.5, Max: 23692.5, Diff: 0.0]
   [Code Root Fixup: 0.0 ms]
   [Code Root Purge: 0.0 ms]
   [Clear CT: 0.1 ms]
   [Other: 0.5 ms]
      [Choose CSet: 0.0 ms]
      [Ref Proc: 0.1 ms]
      [Ref Enq: 0.0 ms]
      [Redirty Cards: 0.1 ms]
      [Humongous Register: 0.0 ms]
      [Humongous Reclaim: 0.0 ms]
      [Free CSet: 0.0 ms]
   [Eden: 65536.0K(65536.0K)->0.0B(79872.0K) Survivors: 7168.0K->9216.0K Heap: 337.4M(1024.0M)->337.0M(1024.0M)]
 [Times: user=0.00 sys=0.02, real=0.01 secs] 
2024-10-11T17:29:55.360+0300: 23.693: Total time for which application threads were stopped: 0.0185037 seconds, Stopping threads took: 0.0000262 seconds
2024-10-11T17:31:02.758+0300: 91.088: Application time: 67.3944453 seconds
2024-10-11T17:31:08.135+0300: 96.465: Total time for which application threads were stopped: 5.3771437 seconds, Stopping threads took: 5.3769454 seconds
2024-10-11T17:31:09.141+0300: 97.470: Application time: 1.0053710 seconds
2024-10-11T17:31:14.218+0300: 102.548: Total time for which application threads were stopped: 5.0775639 seconds, Stopping threads took: 5.0774295 seconds
2024-10-11T17:31:33.324+0300: 121.654: Application time: 19.1058301 seconds
2024-10-11T17:31:38.481+0300: 126.811: Total time for which application threads were stopped: 5.1571859 seconds, Stopping threads took: 5.1571344 seconds
2024-10-11T17:31:44.517+0300: 132.847: Application time: 6.0360071 seconds
2024-10-11T17:31:48.947+0300: 137.277: Total time for which application threads were stopped: 4.4300972 seconds, Stopping threads took: 4.4299571 seconds
2024-10-11T17:32:44.274+0300: 192.604: Application time: 55.3267774 seconds
2024-10-11T17:32:49.574+0300: 197.903: Total time for which application threads were stopped: 5.2995736 seconds, Stopping threads took: 5.2994671 seconds
2024-10-11T17:32:50.579+0300: 198.908: Application time: 1.0048807 seconds
2024-10-11T17:32:55.654+0300: 203.983: Total time for which application threads were stopped: 5.0752848 seconds, Stopping threads took: 5.0751709 seconds
2024-10-11T17:32:56.661+0300: 204.990: Application time: 1.0064835 seconds
2024-10-11T17:33:01.754+0300: 210.083: Total time for which application threads were stopped: 5.0932187 seconds, Stopping threads took: 5.0931005 seconds
2024-10-11T17:33:38.979+0300: 247.308: Application time: 37.2253862 seconds
2024-10-11T17:33:44.244+0300: 252.574: Total time for which application threads were stopped: 5.2654187 seconds, Stopping threads took: 5.2652925 seconds
2024-10-11T17:33:45.249+0300: 253.578: Application time: 1.0044997 seconds
2024-10-11T17:33:50.323+0300: 258.652: Total time for which application threads were stopped: 5.0738499 seconds, Stopping threads took: 5.0737211 seconds
2024-10-11T17:33:51.330+0300: 259.659: Application time: 1.0071427 seconds
2024-10-11T17:33:56.389+0300: 264.719: Total time for which application threads were stopped: 5.0591912 seconds, Stopping threads took: 5.0590777 seconds
2024-10-11T17:33:56.389+0300: 264.724: Application time: 0.0053495 seconds
2024-10-11T17:33:56.389+0300: 264.724: Total time for which application threads were stopped: 0.0003621 seconds, Stopping threads took: 0.0002979 seconds
2024-10-11T17:34:01.230+0300: 269.574: Application time: 4.8497505 seconds
2024-10-11T17:34:01.261+0300: 269.591: Total time for which application threads were stopped: 0.0167529 seconds, Stopping threads took: 0.0166483 seconds
2024-10-11T17:34:01.261+0300: 269.591: Application time: 0.0002007 seconds
2024-10-11T17:34:01.261+0300: 269.591: Total time for which application threads were stopped: 0.0001780 seconds, Stopping threads took: 0.0001507 seconds
2024-10-11T17:34:01.261+0300: 269.591: Application time: 0.0002467 seconds
2024-10-11T17:34:01.261+0300: 269.592: Total time for which application threads were stopped: 0.0000973 seconds, Stopping threads took: 0.0000565 seconds
2024-10-11T17:34:01.263+0300: 269.599: Application time: 0.0073923 seconds
2024-10-11T17:34:01.263+0300: 269.599: Total time for which application threads were stopped: 0.0002506 seconds, Stopping threads took: 0.0002253 seconds
2024-10-11T17:34:01.263+0300: 269.599: Application time: 0.0000946 seconds
2024-10-11T17:34:01.263+0300: 269.599: [GC pause (G1 Evacuation Pause) (young), 0.0182233 secs]
   [Parallel Time: 17.7 ms, GC Workers: 6]
      [GC Worker Start (ms): Min: 269599.5, Avg: 269599.6, Max: 269599.6, Diff: 0.1]
      [Ext Root Scanning (ms): Min: 0.2, Avg: 0.3, Max: 0.3, Diff: 0.1, Sum: 1.6]
      [Update RS (ms): Min: 0.1, Avg: 0.2, Max: 0.2, Diff: 0.0, Sum: 0.9]
         [Processed Buffers: Min: 2, Avg: 2.5, Max: 4, Diff: 2, Sum: 15]
      [Scan RS (ms): Min: 0.0, Avg: 0.0, Max: 0.0, Diff: 0.0, Sum: 0.1]
      [Code Root Scanning (ms): Min: 0.0, Avg: 0.0, Max: 0.0, Diff: 0.0, Sum: 0.0]
      [Object Copy (ms): Min: 17.0, Avg: 17.0, Max: 17.1, Diff: 0.0, Sum: 102.2]
      [Termination (ms): Min: 0.0, Avg: 0.0, Max: 0.0, Diff: 0.0, Sum: 0.1]
         [Termination Attempts: Min: 1, Avg: 1.0, Max: 1, Diff: 0, Sum: 6]
      [GC Worker Other (ms): Min: 0.0, Avg: 0.0, Max: 0.0, Diff: 0.0, Sum: 0.2]
      [GC Worker Total (ms): Min: 17.5, Avg: 17.5, Max: 17.6, Diff: 0.1, Sum: 105.0]
      [GC Worker End (ms): Min: 269617.1, Avg: 269617.1, Max: 269617.1, Diff: 0.0]
   [Code Root Fixup: 0.0 ms]
   [Code Root Purge: 0.0 ms]
   [Clear CT: 0.1 ms]
   [Other: 0.4 ms]
      [Choose CSet: 0.0 ms]
      [Ref Proc: 0.1 ms]
      [Ref Enq: 0.0 ms]
      [Redirty Cards: 0.1 ms]
      [Humongous Register: 0.0 ms]
      [Humongous Reclaim: 0.0 ms]
      [Free CSet: 0.1 ms]
   [Eden: 79872.0K(79872.0K)->0.0B(100352.0K) Survivors: 9216.0K->11264.0K Heap: 415.0M(1024.0M)->394.2M(1024.0M)]
 [Times: user=0.00 sys=0.02, real=0.01 secs] 
2024-10-11T17:34:01.277+0300: 269.618: Total time for which application threads were stopped: 0.0185034 seconds, Stopping threads took: 0.0000581 seconds
2024-10-11T17:34:01.293+0300: 269.631: Application time: 0.0133459 seconds
2024-10-11T17:34:01.293+0300: 269.631: [GC pause (G1 Evacuation Pause) (young), 0.0276036 secs]
   [Parallel Time: 27.1 ms, GC Workers: 6]
      [GC Worker Start (ms): Min: 269631.4, Avg: 269631.5, Max: 269631.5, Diff: 0.1]
      [Ext Root Scanning (ms): Min: 0.2, Avg: 0.2, Max: 0.3, Diff: 0.1, Sum: 1.4]
      [Update RS (ms): Min: 0.1, Avg: 0.1, Max: 0.2, Diff: 0.1, Sum: 0.7]
         [Processed Buffers: Min: 1, Avg: 1.2, Max: 2, Diff: 1, Sum: 7]
      [Scan RS (ms): Min: 0.0, Avg: 0.0, Max: 0.0, Diff: 0.0, Sum: 0.1]
      [Code Root Scanning (ms): Min: 0.0, Avg: 0.0, Max: 0.0, Diff: 0.0, Sum: 0.0]
      [Object Copy (ms): Min: 26.4, Avg: 26.5, Max: 26.5, Diff: 0.1, Sum: 159.1]
      [Termination (ms): Min: 0.0, Avg: 0.0, Max: 0.0, Diff: 0.0, Sum: 0.0]
         [Termination Attempts: Min: 1, Avg: 1.0, Max: 1, Diff: 0, Sum: 6]
      [GC Worker Other (ms): Min: 0.0, Avg: 0.0, Max: 0.1, Diff: 0.1, Sum: 0.3]
      [GC Worker Total (ms): Min: 26.9, Avg: 26.9, Max: 27.0, Diff: 0.1, Sum: 161.7]
      [GC Worker End (ms): Min: 269658.4, Avg: 269658.4, Max: 269658.4, Diff: 0.0]
   [Code Root Fixup: 0.0 ms]
   [Code Root Purge: 0.0 ms]
   [Clear CT: 0.1 ms]
   [Other: 0.4 ms]
      [Choose CSet: 0.0 ms]
      [Ref Proc: 0.1 ms]
      [Ref Enq: 0.0 ms]
      [Redirty Cards: 0.1 ms]
      [Humongous Register: 0.0 ms]
      [Humongous Reclaim: 0.0 ms]
      [Free CSet: 0.1 ms]
   [Eden: 100352.0K(100352.0K)->0.0B(118.0M) Survivors: 11264.0K->14336.0K Heap: 492.2M(1024.0M)->492.1M(1024.0M)]
 [Times: user=0.03 sys=0.00, real=0.03 secs] 
2024-10-11T17:34:01.324+0300: 269.659: Total time for which application threads were stopped: 0.0278302 seconds, Stopping threads took: 0.0000531 seconds
2024-10-11T17:35:57.014+0300: 385.343: Application time: 115.6838121 seconds
2024-10-11T17:36:02.610+0300: 390.940: Total time for which application threads were stopped: 5.5972029 seconds, Stopping threads took: 5.5970431 seconds
2024-10-11T17:37:08.986+0300: 457.316: Application time: 66.3756059 seconds
2024-10-11T17:37:12.994+0300: 461.324: Total time for which application threads were stopped: 4.0083401 seconds, Stopping threads took: 4.0082233 seconds
2024-10-11T17:37:26.072+0300: 474.401: Application time: 13.0772627 seconds
2024-10-11T17:37:31.133+0300: 479.463: Total time for which application threads were stopped: 5.0613154 seconds, Stopping threads took: 5.0612043 seconds
2024-10-11T17:38:07.290+0300: 515.620: Application time: 36.1574963 seconds
2024-10-11T17:38:11.671+0300: 520.001: Total time for which application threads were stopped: 4.3808268 seconds, Stopping threads took: 4.3806871 seconds
2024-10-11T17:38:11.671+0300: 520.002: Application time: 0.0006034 seconds
2024-10-11T17:38:11.671+0300: 520.002: Total time for which application threads were stopped: 0.0002367 seconds, Stopping threads took: 0.0001599 seconds
2024-10-11T17:38:16.130+0300: 524.468: Application time: 4.4666544 seconds
2024-10-11T17:38:16.130+0300: 524.469: Total time for which application threads were stopped: 0.0003126 seconds, Stopping threads took: 0.0002901 seconds
2024-10-11T17:38:16.130+0300: 524.469: Application time: 0.0001001 seconds
2024-10-11T17:38:16.130+0300: 524.469: [GC pause (G1 Evacuation Pause) (young) (initial-mark), 0.0246095 secs]
   [Parallel Time: 23.7 ms, GC Workers: 6]
      [GC Worker Start (ms): Min: 524469.1, Avg: 524469.3, Max: 524469.6, Diff: 0.5]
      [Ext Root Scanning (ms): Min: 0.0, Avg: 0.3, Max: 0.5, Diff: 0.5, Sum: 1.9]
      [Update RS (ms): Min: 0.0, Avg: 0.0, Max: 0.1, Diff: 0.1, Sum: 0.2]
         [Processed Buffers: Min: 0, Avg: 1.5, Max: 4, Diff: 4, Sum: 9]
      [Scan RS (ms): Min: 0.0, Avg: 0.0, Max: 0.0, Diff: 0.0, Sum: 0.1]
      [Code Root Scanning (ms): Min: 0.0, Avg: 0.0, Max: 0.0, Diff: 0.0, Sum: 0.0]
      [Object Copy (ms): Min: 22.8, Avg: 22.9, Max: 22.9, Diff: 0.2, Sum: 137.3]
      [Termination (ms): Min: 0.0, Avg: 0.0, Max: 0.0, Diff: 0.0, Sum: 0.0]
         [Termination Attempts: Min: 1, Avg: 1.0, Max: 1, Diff: 0, Sum: 6]
      [GC Worker Other (ms): Min: 0.0, Avg: 0.0, Max: 0.1, Diff: 0.0, Sum: 0.2]
      [GC Worker Total (ms): Min: 23.0, Avg: 23.3, Max: 23.5, Diff: 0.5, Sum: 139.7]
      [GC Worker End (ms): Min: 524492.6, Avg: 524492.6, Max: 524492.6, Diff: 0.0]
   [Code Root Fixup: 0.0 ms]
   [Code Root Purge: 0.0 ms]
   [Clear CT: 0.3 ms]
   [Other: 0.6 ms]
      [Choose CSet: 0.0 ms]
      [Ref Proc: 0.2 ms]
      [Ref Enq: 0.0 ms]
      [Redirty Cards: 0.2 ms]
      [Humongous Register: 0.0 ms]
      [Humongous Reclaim: 0.0 ms]
      [Free CSet: 0.1 ms]
   [Eden: 118.0M(118.0M)->0.0B(147.0M) Survivors: 14336.0K->17408.0K Heap: 610.1M(1024.0M)->572.0M(1024.0M)]
 [Times: user=0.00 sys=0.03, real=0.03 secs] 
2024-10-11T17:38:16.161+0300: 524.494: Total time for which application threads were stopped: 0.0248737 seconds, Stopping threads took: 0.0001025 seconds
2024-10-11T17:38:16.161+0300: 524.494: [GC concurrent-root-region-scan-start]
2024-10-11T17:38:16.161+0300: 524.495: [GC concurrent-root-region-scan-end, 0.0009610 secs]
2024-10-11T17:38:16.161+0300: 524.495: [GC concurrent-mark-start]
2024-10-11T17:38:16.177+0300: 524.506: [GC concurrent-mark-end, 0.0114859 secs]
2024-10-11T17:38:16.177+0300: 524.507: Application time: 0.0127596 seconds
2024-10-11T17:38:16.177+0300: 524.507: [GC remark 2024-10-11T17:38:16.177+0300: 524.507: [Finalize Marking, 0.0002659 secs] 2024-10-11T17:38:16.177+0300: 524.507: [GC ref-proc, 0.0000654 secs] 2024-10-11T17:38:16.177+0300: 524.507: [Unloading, 0.0011731 secs], 0.0019540 secs]
 [Times: user=0.00 sys=0.00, real=0.00 secs] 
2024-10-11T17:38:16.177+0300: 524.509: Total time for which application threads were stopped: 0.0022574 seconds, Stopping threads took: 0.0001941 seconds
2024-10-11T17:38:16.177+0300: 524.509: Application time: 0.0003544 seconds
2024-10-11T17:38:16.177+0300: 524.509: [GC cleanup 675M->297M(1024M), 0.0015127 secs]
 [Times: user=0.00 sys=0.00, real=0.00 secs] 
2024-10-11T17:38:16.177+0300: 524.511: Total time for which application threads were stopped: 0.0017027 seconds, Stopping threads took: 0.0001291 seconds
2024-10-11T17:38:16.177+0300: 524.511: [GC concurrent-cleanup-start]
2024-10-11T17:38:16.177+0300: 524.512: [GC concurrent-cleanup-end, 0.0011791 secs]
2024-10-11T17:38:16.177+0300: 524.519: Application time: 0.0085831 seconds
2024-10-11T17:38:16.177+0300: 524.520: [GC pause (G1 Evacuation Pause) (young), 0.0335776 secs]
   [Parallel Time: 33.0 ms, GC Workers: 6]
      [GC Worker Start (ms): Min: 524519.6, Avg: 524519.7, Max: 524519.7, Diff: 0.1]
      [Ext Root Scanning (ms): Min: 0.2, Avg: 0.3, Max: 0.3, Diff: 0.1, Sum: 1.5]
      [Update RS (ms): Min: 0.1, Avg: 0.1, Max: 0.2, Diff: 0.1, Sum: 0.8]
         [Processed Buffers: Min: 1, Avg: 1.3, Max: 3, Diff: 2, Sum: 8]
      [Scan RS (ms): Min: 0.0, Avg: 0.0, Max: 0.1, Diff: 0.1, Sum: 0.1]
      [Code Root Scanning (ms): Min: 0.0, Avg: 0.0, Max: 0.0, Diff: 0.0, Sum: 0.0]
      [Object Copy (ms): Min: 32.3, Avg: 32.3, Max: 32.3, Diff: 0.1, Sum: 193.9]
      [Termination (ms): Min: 0.0, Avg: 0.0, Max: 0.1, Diff: 0.1, Sum: 0.2]
         [Termination Attempts: Min: 1, Avg: 1.0, Max: 1, Diff: 0, Sum: 6]
      [GC Worker Other (ms): Min: 0.0, Avg: 0.0, Max: 0.1, Diff: 0.0, Sum: 0.3]
      [GC Worker Total (ms): Min: 32.7, Avg: 32.8, Max: 32.9, Diff: 0.1, Sum: 196.8]
      [GC Worker End (ms): Min: 524552.5, Avg: 524552.5, Max: 524552.5, Diff: 0.0]
   [Code Root Fixup: 0.0 ms]
   [Code Root Purge: 0.0 ms]
   [Clear CT: 0.1 ms]
   [Other: 0.5 ms]
      [Choose CSet: 0.0 ms]
      [Ref Proc: 0.1 ms]
      [Ref Enq: 0.0 ms]
      [Redirty Cards: 0.1 ms]
      [Humongous Register: 0.0 ms]
      [Humongous Reclaim: 0.0 ms]
      [Free CSet: 0.1 ms]
   [Eden: 147.0M(147.0M)->0.0B(173.0M) Survivors: 17408.0K->21504.0K Heap: 341.0M(1024.0M)->340.0M(1024.0M)]
 [Times: user=0.01 sys=0.02, real=0.05 secs] 
2024-10-11T17:38:16.224+0300: 524.553: Total time for which application threads were stopped: 0.0338092 seconds, Stopping threads took: 0.0000381 seconds
2024-10-11T17:42:21.498+0300: 769.831: Application time: 245.2774347 seconds
2024-10-11T17:42:24.624+0300: 772.954: Total time for which application threads were stopped: 3.1235199 seconds, Stopping threads took: 3.1233763 seconds
2024-10-11T17:42:24.624+0300: 772.955: Application time: 0.0004742 seconds
2024-10-11T17:42:24.624+0300: 772.955: Total time for which application threads were stopped: 0.0001199 seconds, Stopping threads took: 0.0000684 seconds
2024-10-11T17:42:24.624+0300: 772.955: Application time: 0.0000886 seconds
2024-10-11T17:42:24.624+0300: 772.955: Total time for which application threads were stopped: 0.0000702 seconds, Stopping threads took: 0.0000445 seconds
2024-10-11T17:42:24.624+0300: 772.960: Application time: 0.0047848 seconds
2024-10-11T17:42:24.640+0300: 772.969: Total time for which application threads were stopped: 0.0096313 seconds, Stopping threads took: 0.0095721 seconds
2024-10-11T17:42:24.645+0300: 772.982: Application time: 0.0129149 seconds
2024-10-11T17:42:24.645+0300: 772.983: [GC pause (G1 Evacuation Pause) (young), 0.0271953 secs]
   [Parallel Time: 26.6 ms, GC Workers: 6]
      [GC Worker Start (ms): Min: 772982.7, Avg: 772982.9, Max: 772983.2, Diff: 0.5]
      [Ext Root Scanning (ms): Min: 0.0, Avg: 0.2, Max: 0.4, Diff: 0.4, Sum: 1.3]
      [Update RS (ms): Min: 0.0, Avg: 0.1, Max: 0.2, Diff: 0.2, Sum: 0.5]
         [Processed Buffers: Min: 0, Avg: 1.7, Max: 4, Diff: 4, Sum: 10]
      [Scan RS (ms): Min: 0.0, Avg: 0.0, Max: 0.1, Diff: 0.1, Sum: 0.2]
      [Code Root Scanning (ms): Min: 0.0, Avg: 0.0, Max: 0.0, Diff: 0.0, Sum: 0.0]
      [Object Copy (ms): Min: 25.8, Avg: 25.9, Max: 25.9, Diff: 0.1, Sum: 155.1]
      [Termination (ms): Min: 0.0, Avg: 0.0, Max: 0.1, Diff: 0.1, Sum: 0.2]
         [Termination Attempts: Min: 1, Avg: 1.0, Max: 1, Diff: 0, Sum: 6]
      [GC Worker Other (ms): Min: 0.0, Avg: 0.0, Max: 0.1, Diff: 0.0, Sum: 0.2]
      [GC Worker Total (ms): Min: 25.9, Avg: 26.3, Max: 26.5, Diff: 0.5, Sum: 157.5]
      [GC Worker End (ms): Min: 773009.1, Avg: 773009.1, Max: 773009.2, Diff: 0.0]
   [Code Root Fixup: 0.0 ms]
   [Code Root Purge: 0.0 ms]
   [Clear CT: 0.1 ms]
   [Other: 0.4 ms]
      [Choose CSet: 0.0 ms]
      [Ref Proc: 0.1 ms]
      [Ref Enq: 0.0 ms]
      [Redirty Cards: 0.1 ms]
      [Humongous Register: 0.0 ms]
      [Humongous Reclaim: 0.0 ms]
      [Free CSet: 0.1 ms]
   [Eden: 173.0M(173.0M)->0.0B(230.0M) Survivors: 21504.0K->25600.0K Heap: 513.0M(1024.0M)->441.4M(1024.0M)]
 [Times: user=0.00 sys=0.05, real=0.03 secs] 
2024-10-11T17:42:24.672+0300: 773.010: Total time for which application threads were stopped: 0.0275389 seconds, Stopping threads took: 0.0001641 seconds
2024-10-11T17:42:43.788+0300: 792.117: Application time: 19.1074955 seconds
2024-10-11T17:42:48.880+0300: 797.209: Total time for which application threads were stopped: 5.0917801 seconds, Stopping threads took: 5.0916583 seconds
2024-10-11T17:46:27.068+0300: 1015.410: Application time: 218.2011880 seconds
2024-10-11T17:46:31.562+0300: 1019.892: Total time for which application threads were stopped: 4.4813646 seconds, Stopping threads took: 4.4811920 seconds
2024-10-11T17:46:31.562+0300: 1019.892: Application time: 0.0005752 seconds
2024-10-11T17:46:31.562+0300: 1019.892: Total time for which application threads were stopped: 0.0000853 seconds, Stopping threads took: 0.0000609 seconds
2024-10-11T17:46:31.562+0300: 1019.897: Application time: 0.0043349 seconds
2024-10-11T17:46:31.562+0300: 1019.897: Total time for which application threads were stopped: 0.0004430 seconds, Stopping threads took: 0.0004115 seconds
2024-10-11T17:46:31.578+0300: 1019.915: Application time: 0.0180687 seconds
2024-10-11T17:46:31.578+0300: 1019.915: [GC pause (G1 Evacuation Pause) (young), 0.0432896 secs]
   [Parallel Time: 42.7 ms, GC Workers: 6]
      [GC Worker Start (ms): Min: 1019915.6, Avg: 1019915.6, Max: 1019915.7, Diff: 0.1]
      [Ext Root Scanning (ms): Min: 0.2, Avg: 0.2, Max: 0.3, Diff: 0.1, Sum: 1.4]
      [Update RS (ms): Min: 0.0, Avg: 0.1, Max: 0.2, Diff: 0.2, Sum: 0.5]
         [Processed Buffers: Min: 1, Avg: 1.8, Max: 4, Diff: 3, Sum: 11]
      [Scan RS (ms): Min: 0.0, Avg: 0.0, Max: 0.1, Diff: 0.0, Sum: 0.3]
      [Code Root Scanning (ms): Min: 0.0, Avg: 0.0, Max: 0.0, Diff: 0.0, Sum: 0.0]
      [Object Copy (ms): Min: 42.0, Avg: 42.1, Max: 42.1, Diff: 0.1, Sum: 252.6]
      [Termination (ms): Min: 0.0, Avg: 0.0, Max: 0.0, Diff: 0.0, Sum: 0.0]
         [Termination Attempts: Min: 1, Avg: 1.0, Max: 1, Diff: 0, Sum: 6]
      [GC Worker Other (ms): Min: 0.0, Avg: 0.1, Max: 0.1, Diff: 0.0, Sum: 0.3]
      [GC Worker Total (ms): Min: 42.4, Avg: 42.5, Max: 42.6, Diff: 0.2, Sum: 255.1]
      [GC Worker End (ms): Min: 1019958.1, Avg: 1019958.2, Max: 1019958.2, Diff: 0.0]
   [Code Root Fixup: 0.0 ms]
   [Code Root Purge: 0.0 ms]
   [Clear CT: 0.1 ms]
   [Other: 0.5 ms]
      [Choose CSet: 0.0 ms]
      [Ref Proc: 0.1 ms]
      [Ref Enq: 0.0 ms]
      [Redirty Cards: 0.1 ms]
      [Humongous Register: 0.0 ms]
      [Humongous Reclaim: 0.0 ms]
      [Free CSet: 0.1 ms]
   [Eden: 230.0M(230.0M)->0.0B(161.0M) Survivors: 25600.0K->32768.0K Heap: 671.4M(1024.0M)->609.4M(1024.0M)]
 [Times: user=0.00 sys=0.05, real=0.05 secs] 
2024-10-11T17:46:31.625+0300: 1019.959: Total time for which application threads were stopped: 0.0436884 seconds, Stopping threads took: 0.0001264 seconds
2024-10-11T17:48:08.186+0300: 1116.515: Application time: 96.5559946 seconds
2024-10-11T17:48:12.001+0300: 1120.331: Total time for which application threads were stopped: 3.8161912 seconds, Stopping threads took: 3.8160951 seconds
2024-10-11T17:50:37.598+0300: 1265.933: Application time: 145.6014206 seconds
2024-10-11T17:50:42.076+0300: 1270.405: Total time for which application threads were stopped: 4.4729267 seconds, Stopping threads took: 4.4728129 seconds
2024-10-11T17:50:42.076+0300: 1270.406: Application time: 0.0003864 seconds
2024-10-11T17:50:42.076+0300: 1270.406: Total time for which application threads were stopped: 0.0001523 seconds, Stopping threads took: 0.0001212 seconds
2024-10-11T17:50:42.076+0300: 1270.406: Application time: 0.0000987 seconds
2024-10-11T17:50:42.076+0300: 1270.406: Total time for which application threads were stopped: 0.0000693 seconds, Stopping threads took: 0.0000282 seconds
2024-10-11T17:50:42.091+0300: 1270.429: Application time: 0.0227503 seconds
2024-10-11T17:50:42.091+0300: 1270.429: Total time for which application threads were stopped: 0.0002111 seconds, Stopping threads took: 0.0000384 seconds
2024-10-11T17:50:42.154+0300: 1270.486: Application time: 0.0573079 seconds
2024-10-11T17:50:42.154+0300: 1270.487: Total time for which application threads were stopped: 0.0002235 seconds, Stopping threads took: 0.0000414 seconds
2024-10-11T17:50:42.203+0300: 1270.532: Application time: 0.0455609 seconds
2024-10-11T17:50:42.203+0300: 1270.532: Total time for which application threads were stopped: 0.0001925 seconds, Stopping threads took: 0.0000227 seconds
2024-10-11T17:50:42.239+0300: 1270.575: Application time: 0.0429964 seconds
2024-10-11T17:50:42.239+0300: 1270.576: Total time for which application threads were stopped: 0.0000858 seconds, Stopping threads took: 0.0000383 seconds
2024-10-11T17:50:42.342+0300: 1270.681: Application time: 0.1054954 seconds
2024-10-11T17:50:42.342+0300: 1270.681: Total time for which application threads were stopped: 0.0002471 seconds, Stopping threads took: 0.0000249 seconds
2024-10-11T17:50:42.357+0300: 1270.687: Application time: 0.0062112 seconds
2024-10-11T17:50:42.357+0300: 1270.688: Total time for which application threads were stopped: 0.0002220 seconds, Stopping threads took: 0.0000235 seconds
2024-10-11T17:50:42.357+0300: 1270.689: Application time: 0.0017193 seconds
2024-10-11T17:50:42.357+0300: 1270.690: Total time for which application threads were stopped: 0.0002113 seconds, Stopping threads took: 0.0000227 seconds
2024-10-11T17:50:42.642+0300: 1270.981: Application time: 0.2913719 seconds
2024-10-11T17:50:42.642+0300: 1270.981: Total time for which application threads were stopped: 0.0000735 seconds, Stopping threads took: 0.0000256 seconds
2024-10-11T17:50:42.673+0300: 1271.004: Application time: 0.0228186 seconds
2024-10-11T17:50:42.673+0300: 1271.004: [GC pause (G1 Humongous Allocation) (young) (initial-mark), 0.0286738 secs]
   [Parallel Time: 26.9 ms, GC Workers: 6]
      [GC Worker Start (ms): Min: 1271004.1, Avg: 1271004.3, Max: 1271004.6, Diff: 0.5]
      [Ext Root Scanning (ms): Min: 0.3, Avg: 0.5, Max: 0.8, Diff: 0.5, Sum: 3.0]
      [Update RS (ms): Min: 0.0, Avg: 0.1, Max: 0.2, Diff: 0.1, Sum: 0.8]
         [Processed Buffers: Min: 1, Avg: 2.2, Max: 5, Diff: 4, Sum: 13]
      [Scan RS (ms): Min: 0.0, Avg: 0.0, Max: 0.0, Diff: 0.0, Sum: 0.1]
      [Code Root Scanning (ms): Min: 0.0, Avg: 0.1, Max: 0.2, Diff: 0.2, Sum: 0.3]
      [Object Copy (ms): Min: 25.8, Avg: 25.9, Max: 26.1, Diff: 0.3, Sum: 155.6]
      [Termination (ms): Min: 0.0, Avg: 0.0, Max: 0.0, Diff: 0.0, Sum: 0.0]
         [Termination Attempts: Min: 1, Avg: 1.0, Max: 1, Diff: 0, Sum: 6]
      [GC Worker Other (ms): Min: 0.0, Avg: 0.0, Max: 0.1, Diff: 0.1, Sum: 0.3]
      [GC Worker Total (ms): Min: 26.4, Avg: 26.7, Max: 26.9, Diff: 0.5, Sum: 160.1]
      [GC Worker End (ms): Min: 1271030.9, Avg: 1271031.0, Max: 1271031.0, Diff: 0.1]
   [Code Root Fixup: 0.0 ms]
   [Code Root Purge: 0.0 ms]
   [Clear CT: 0.2 ms]
   [Other: 1.5 ms]
      [Choose CSet: 0.0 ms]
      [Ref Proc: 1.1 ms]
      [Ref Enq: 0.0 ms]
      [Redirty Cards: 0.2 ms]
      [Humongous Register: 0.0 ms]
      [Humongous Reclaim: 0.0 ms]
      [Free CSet: 0.1 ms]
   [Eden: 119.0M(161.0M)->0.0B(116.0M) Survivors: 32768.0K->25600.0K Heap: 728.4M(1024.0M)->696.5M(1024.0M)]
 [Times: user=0.00 sys=0.01, real=0.02 secs] 
2024-10-11T17:50:42.689+0300: 1271.033: Total time for which application threads were stopped: 0.0288756 seconds, Stopping threads took: 0.0000322 seconds
2024-10-11T17:50:42.689+0300: 1271.033: [GC concurrent-root-region-scan-start]
2024-10-11T17:50:42.689+0300: 1271.033: Application time: 0.0001899 seconds
2024-10-11T17:50:42.689+0300: 1271.034: Total time for which application threads were stopped: 0.0006037 seconds, Stopping threads took: 0.0005673 seconds
2024-10-11T17:50:42.705+0300: 1271.034: Application time: 0.0000917 seconds
2024-10-11T17:50:42.705+0300: 1271.034: Total time for which application threads were stopped: 0.0000799 seconds, Stopping threads took: 0.0000531 seconds
2024-10-11T17:50:42.705+0300: 1271.034: Application time: 0.0003182 seconds
2024-10-11T17:50:42.705+0300: 1271.034: Total time for which application threads were stopped: 0.0000651 seconds, Stopping threads took: 0.0000474 seconds
2024-10-11T17:50:42.705+0300: 1271.034: Application time: 0.0000552 seconds
2024-10-11T17:50:42.705+0300: 1271.034: Total time for which application threads were stopped: 0.0000488 seconds, Stopping threads took: 0.0000348 seconds
2024-10-11T17:50:42.705+0300: 1271.034: [GC concurrent-root-region-scan-end, 0.0015101 secs]
2024-10-11T17:50:42.705+0300: 1271.034: [GC concurrent-mark-start]
2024-10-11T17:50:42.705+0300: 1271.034: Application time: 0.0000813 seconds
2024-10-11T17:50:42.705+0300: 1271.034: Total time for which application threads were stopped: 0.0000333 seconds, Stopping threads took: 0.0000184 seconds
2024-10-11T17:50:42.705+0300: 1271.035: Application time: 0.0001081 seconds
2024-10-11T17:50:42.705+0300: 1271.035: Total time for which application threads were stopped: 0.0000540 seconds, Stopping threads took: 0.0000394 seconds
2024-10-11T17:50:42.705+0300: 1271.035: Application time: 0.0001654 seconds
2024-10-11T17:50:42.705+0300: 1271.035: Total time for which application threads were stopped: 0.0000564 seconds, Stopping threads took: 0.0000339 seconds
2024-10-11T17:50:42.705+0300: 1271.037: [GC concurrent-mark-end, 0.0030777 secs]
2024-10-11T17:50:42.705+0300: 1271.038: Application time: 0.0027753 seconds
2024-10-11T17:50:42.705+0300: 1271.038: [GC remark 2024-10-11T17:50:42.705+0300: 1271.038: [Finalize Marking, 0.0001702 secs] 2024-10-11T17:50:42.705+0300: 1271.038: [GC ref-proc, 0.0001078 secs] 2024-10-11T17:50:42.705+0300: 1271.038: [Unloading, 0.0016843 secs], 0.0023448 secs]
 [Times: user=0.00 sys=0.00, real=0.00 secs] 
2024-10-11T17:50:42.705+0300: 1271.040: Total time for which application threads were stopped: 0.0024521 seconds, Stopping threads took: 0.0000281 seconds
2024-10-11T17:50:42.705+0300: 1271.040: Application time: 0.0001106 seconds
2024-10-11T17:50:42.705+0300: 1271.040: [GC cleanup 699M->249M(1024M), 0.0009671 secs]
 [Times: user=0.00 sys=0.00, real=0.00 secs] 
2024-10-11T17:50:42.705+0300: 1271.041: Total time for which application threads were stopped: 0.0010656 seconds, Stopping threads took: 0.0000472 seconds
2024-10-11T17:50:42.705+0300: 1271.041: [GC concurrent-cleanup-start]
2024-10-11T17:50:42.705+0300: 1271.042: [GC concurrent-cleanup-end, 0.0006570 secs]
2024-10-11T17:50:42.956+0300: 1271.288: Application time: 0.2466721 seconds
2024-10-11T17:50:42.956+0300: 1271.288: Total time for which application threads were stopped: 0.0001670 seconds, Stopping threads took: 0.0000416 seconds
2024-10-11T17:50:42.987+0300: 1271.319: Application time: 0.0307374 seconds
2024-10-11T17:50:42.987+0300: 1271.319: Total time for which application threads were stopped: 0.0000711 seconds, Stopping threads took: 0.0000328 seconds
2024-10-11T17:50:43.035+0300: 1271.367: Application time: 0.0478750 seconds
2024-10-11T17:50:43.035+0300: 1271.367: Total time for which application threads were stopped: 0.0000740 seconds, Stopping threads took: 0.0000272 seconds
2024-10-11T17:50:43.350+0300: 1271.679: Application time: 0.3126164 seconds
2024-10-11T17:50:43.350+0300: 1271.680: Total time for which application threads were stopped: 0.0001671 seconds, Stopping threads took: 0.0000708 seconds
2024-10-11T17:50:43.350+0300: 1271.680: Application time: 0.0006007 seconds
2024-10-11T17:50:43.350+0300: 1271.680: Total time for which application threads were stopped: 0.0000321 seconds, Stopping threads took: 0.0000227 seconds
2024-10-11T17:50:43.350+0300: 1271.680: Application time: 0.0002213 seconds
2024-10-11T17:50:43.350+0300: 1271.680: Total time for which application threads were stopped: 0.0000215 seconds, Stopping threads took: 0.0000132 seconds
2024-10-11T17:50:43.350+0300: 1271.681: Application time: 0.0001344 seconds
2024-10-11T17:50:43.350+0300: 1271.681: Total time for which application threads were stopped: 0.0000324 seconds, Stopping threads took: 0.0000178 seconds
2024-10-11T17:50:43.350+0300: 1271.681: Application time: 0.0005140 seconds
2024-10-11T17:50:43.350+0300: 1271.681: Total time for which application threads were stopped: 0.0001561 seconds, Stopping threads took: 0.0001462 seconds
2024-10-11T17:50:43.350+0300: 1271.691: Application time: 0.0099583 seconds
2024-10-11T17:50:43.350+0300: 1271.691: Total time for which application threads were stopped: 0.0000559 seconds, Stopping threads took: 0.0000275 seconds
Heap
 garbage-first heap   total 1048576K, used 370299K [0x00000000c0000000, 0x00000000c0102000, 0x0000000100000000)
  region size 1024K, 137 young (140288K), 25 survivors (25600K)
 Metaspace       used 15870K, capacity 16052K, committed 16384K, reserved 1064960K
  class space    used 1643K, capacity 1710K, committed 1792K, reserved 1048576K
2024-10-11T17:50:43.460+0300: 1271.790: Application time: 0.0991490 seconds
